[0.004s][info][gc] Min heap equals to max heap, disabling ShenandoahUncommit
[0.007s][info][gc] Heuristics ergonomically sets -XX:+ExplicitGCInvokesConcurrent
[0.007s][info][gc] Heuristics ergonomically sets -XX:+ShenandoahImplicitGCInvokesConcurrent
[0.007s][info][gc] Using Shenandoah
[0.025s][info][gc,ergo] Pacer for Idle. Initial: 163M, Alloc Tax Rate: 1.0x
[0.025s][info][gc,init] Version: 17.0.12+7-adhoc..jdk17u (release)
[0.025s][info][gc,init] CPUs: 6 total, 6 available
[0.025s][info][gc,init] Memory: 15591M
[0.025s][info][gc,init] Large Page Support: Disabled
[0.025s][info][gc,init] NUMA Support: Disabled
[0.027s][info][gc,init] Compressed Oops: Enabled (Zero based)
[0.027s][info][gc,init] Heap Min Capacity: 8G
[0.027s][info][gc,init] Heap Initial Capacity: 8G
[0.027s][info][gc,init] Heap Max Capacity: 8G
[0.027s][info][gc,init] Pre-touch: Disabled
[0.027s][info][gc,init] Mode: Snapshot-At-The-Beginning (SATB)
[0.028s][info][gc,init] Heuristics: Adaptive
[0.028s][info][gc,init] Heap Region Count: 2048
[0.028s][info][gc,init] Heap Region Size: 4M
[0.028s][info][gc,init] TLAB Size Max: 4M
[0.028s][info][gc,init] Humongous Object Threshold: 4M
[0.028s][info][gc,init] Parallel Workers: 3
[0.028s][info][gc,init] Concurrent Workers: 1
[0.035s][info][gc,metaspace] CDS archive(s) mapped at: [0x000001e680000000-0x000001e680bc0000-0x000001e680bc0000), size 12320768, SharedBaseAddress: 0x000001e680000000, ArchiveRelocationMode: 1.
[0.036s][info][gc,metaspace] Compressed class space mapped at: 0x000001e681000000-0x000001e6c1000000, reserved size: 1073741824
[0.036s][info][gc,metaspace] Narrow klass base: 0x000001e680000000, Narrow klass shift: 0, Narrow klass range: 0x100000000
[0.828s][info][gc          ] Trigger: Explicit GC request (System.gc())
[0.828s][info][gc,ergo     ] Free: 7748M, Max: 4096K regular, 7748M humongous, Frag: 0% external, 0% internal; Reserve: 412M, Max: 4096K
[0.828s][info][gc,start    ] GC(0) Concurrent reset
[0.828s][info][gc,task     ] GC(0) Using 1 of 3 workers for concurrent reset
[0.828s][info][gc,ergo     ] GC(0) Pacer for Reset. Non-Taxable: 8192M
[0.828s][info][gc          ] GC(0) Concurrent reset 0.286ms
[0.828s][info][gc,start    ] GC(0) Pause Init Mark (unload classes)
[0.828s][info][gc,task     ] GC(0) Using 3 of 3 workers for init marking
[0.829s][info][gc,ref      ] GC(0) Clearing All SoftReferences
[0.829s][info][gc,ergo     ] GC(0) Pacer for Mark. Expected Live: 819M, Free: 7748M, Non-Taxable: 774M, Alloc Tax Rate: 0.1x
[0.829s][info][gc          ] GC(0) Pause Init Mark (unload classes) 0.201ms
[0.829s][info][gc,start    ] GC(0) Concurrent marking roots
[0.829s][info][gc,task     ] GC(0) Using 1 of 3 workers for concurrent marking roots
[0.829s][info][gc          ] GC(0) Concurrent marking roots 0.552ms
[0.829s][info][gc,start    ] GC(0) Concurrent marking (unload classes)
[0.829s][info][gc,task     ] GC(0) Using 1 of 3 workers for concurrent marking
[0.834s][info][gc          ] GC(0) Concurrent marking (unload classes) 4.640ms
[0.834s][info][gc,start    ] GC(0) Pause Final Mark (unload classes)
[0.834s][info][gc,task     ] GC(0) Using 3 of 3 workers for final marking
[0.834s][info][gc,ergo     ] GC(0) Adaptive CSet Selection. Target Free: 1160M, Actual Free: 8160M, Max CSet: 341M, Min Garbage: 0B
[0.834s][info][gc,ergo     ] GC(0) Collectable Garbage: 29757K (100%), Immediate: 0B (0%), CSet: 29757K (100%)
[0.834s][info][gc,ergo     ] GC(0) Pacer for Evacuation. Used CSet: 32768K, Free: 7748M, Non-Taxable: 774M, Alloc Tax Rate: 1.1x
[0.834s][info][gc          ] GC(0) Pause Final Mark (unload classes) 0.410ms
[0.834s][info][gc,start    ] GC(0) Concurrent thread roots
[0.834s][info][gc,task     ] GC(0) Using 1 of 3 workers for Concurrent thread roots
[0.835s][info][gc          ] GC(0) Concurrent thread roots 0.382ms
[0.835s][info][gc,start    ] GC(0) Concurrent weak references
[0.835s][info][gc,task     ] GC(0) Using 1 of 3 workers for concurrent weak references
[0.835s][info][gc,ref      ] GC(0) Encountered references: Soft: 244, Weak: 759, Final: 0, Phantom: 226
[0.835s][info][gc,ref      ] GC(0) Discovered  references: Soft: 200, Weak: 333, Final: 0, Phantom: 224
[0.835s][info][gc,ref      ] GC(0) Enqueued    references: Soft: 133, Weak: 175, Final: 0, Phantom: 199
[0.835s][info][gc          ] GC(0) Concurrent weak references 0.312ms
[0.835s][info][gc,start    ] GC(0) Concurrent weak roots
[0.835s][info][gc,task     ] GC(0) Using 1 of 3 workers for concurrent weak root
[0.836s][info][gc          ] GC(0) Concurrent weak roots 0.781ms
[0.836s][info][gc,start    ] GC(0) Concurrent cleanup
[0.836s][info][gc          ] GC(0) Concurrent cleanup 32M->32M(8192M) 0.028ms
[0.836s][info][gc,ergo     ] GC(0) Free: 7748M, Max: 4096K regular, 7748M humongous, Frag: 0% external, 0% internal; Reserve: 411M, Max: 4096K
[0.836s][info][gc,start    ] GC(0) Concurrent class unloading
[0.836s][info][gc,task     ] GC(0) Using 1 of 3 workers for concurrent class unloading
[0.839s][info][gc          ] GC(0) Concurrent class unloading 2.772ms
[0.839s][info][gc,start    ] GC(0) Concurrent strong roots
[0.839s][info][gc,task     ] GC(0) Using 1 of 3 workers for concurrent strong root
[0.839s][info][gc          ] GC(0) Concurrent strong roots 0.395ms
[0.839s][info][gc,start    ] GC(0) Concurrent evacuation
[0.839s][info][gc,task     ] GC(0) Using 1 of 3 workers for concurrent evacuation
[0.842s][info][gc          ] GC(0) Concurrent evacuation 2.773ms
[0.842s][info][gc,start    ] GC(0) Pause Init Update Refs
[0.842s][info][gc,ergo     ] GC(0) Pacer for Update Refs. Used: 36864K, Free: 7748M, Non-Taxable: 774M, Alloc Tax Rate: 1.1x
[0.842s][info][gc          ] GC(0) Pause Init Update Refs 0.057ms
[0.842s][info][gc,start    ] GC(0) Concurrent update references
[0.842s][info][gc,task     ] GC(0) Using 1 of 3 workers for concurrent reference update
[0.845s][info][gc          ] GC(0) Concurrent update references 2.715ms
[0.845s][info][gc,start    ] GC(0) Concurrent update thread roots
[0.846s][info][gc          ] GC(0) Concurrent update thread roots 0.675ms
[0.846s][info][gc,start    ] GC(0) Pause Final Update Refs
[0.846s][info][gc,task     ] GC(0) Using 3 of 3 workers for final reference update
[0.846s][info][gc          ] GC(0) Pause Final Update Refs 0.198ms
[0.846s][info][gc,start    ] GC(0) Concurrent cleanup
[0.846s][info][gc          ] GC(0) Concurrent cleanup 36M->4M(8192M) 0.062ms
[0.846s][info][gc,ergo     ] Free: 7776M, Max: 4096K regular, 7776M humongous, Frag: 0% external, 0% internal; Reserve: 412M, Max: 4096K
[0.846s][info][gc,stats    ] 
[0.846s][info][gc,stats    ] All times are wall-clock times, except per-root-class counters, that are sum over
[0.846s][info][gc,stats    ] all workers. Dividing the <total> over the root stage time estimates parallelism.
[0.846s][info][gc,stats    ] 
[0.846s][info][gc,stats    ] Concurrent Reset                    333 us
[0.846s][info][gc,stats    ] Pause Init Mark (G)                 270 us
[0.846s][info][gc,stats    ] Pause Init Mark (N)                 209 us
[0.846s][info][gc,stats    ]   Update Region States               28 us
[0.846s][info][gc,stats    ] Concurrent Mark Roots               577 us, parallelism: 0.75x
[0.846s][info][gc,stats    ]   CMR: <total>                      432 us
[0.846s][info][gc,stats    ]   CMR: Thread Roots                 300 us, workers (us): 300, ---, ---, 
[0.846s][info][gc,stats    ]   CMR: VM Strong Roots               26 us, workers (us):  26, ---, ---, 
[0.846s][info][gc,stats    ]   CMR: CLDG Roots                   105 us, workers (us): 105, ---, ---, 
[0.846s][info][gc,stats    ] Concurrent Marking                 4715 us
[0.846s][info][gc,stats    ] Pause Final Mark (G)                524 us
[0.846s][info][gc,stats    ] Pause Final Mark (N)                427 us
[0.846s][info][gc,stats    ]   Finish Mark                       133 us
[0.846s][info][gc,stats    ]   Update Region States               87 us
[0.846s][info][gc,stats    ]   Choose Collection Set              77 us
[0.846s][info][gc,stats    ]   Rebuild Free Set                   16 us
[0.847s][info][gc,stats    ] Concurrent Thread Roots             401 us, parallelism: 0.75x
[0.847s][info][gc,stats    ]   CTR: <total>                      300 us
[0.847s][info][gc,stats    ]   CTR: Thread Roots                 300 us, workers (us): 300, ---, ---, 
[0.847s][info][gc,stats    ] Concurrent Weak References          319 us, parallelism: 0.41x
[0.847s][info][gc,stats    ]   CWRF: <total>                     131 us
[0.847s][info][gc,stats    ]   CWRF: Weak References             131 us, workers (us): 131, ---, ---, 
[0.847s][info][gc,stats    ] Concurrent Weak Roots               823 us
[0.847s][info][gc,stats    ]   Roots                             677 us, parallelism: 0.89x
[0.847s][info][gc,stats    ]     CWR: <total>                    601 us
[0.847s][info][gc,stats    ]     CWR: Code Cache Roots           267 us, workers (us): 267, ---, ---, 
[0.847s][info][gc,stats    ]     CWR: VM Weak Roots              318 us, workers (us): 318, ---, ---, 
[0.847s][info][gc,stats    ]     CWR: CLDG Roots                  16 us, workers (us):  16, ---, ---, 
[0.847s][info][gc,stats    ]   Rendezvous                         87 us
[0.847s][info][gc,stats    ] Concurrent Cleanup                   37 us
[0.847s][info][gc,stats    ] Concurrent Class Unloading         2828 us
[0.847s][info][gc,stats    ]   Unlink Stale                     2537 us
[0.847s][info][gc,stats    ]     System Dictionary                66 us
[0.847s][info][gc,stats    ]     Weak Class Links               1154 us
[0.847s][info][gc,stats    ]     Code Roots                     1314 us
[0.847s][info][gc,stats    ]   Rendezvous                         93 us
[0.847s][info][gc,stats    ]   Purge Unlinked                    122 us
[0.847s][info][gc,stats    ]     Code Roots                      102 us
[0.847s][info][gc,stats    ]     CLDG                             20 us
[0.847s][info][gc,stats    ]     Exception Caches                  0 us
[0.847s][info][gc,stats    ] Concurrent Strong Roots             420 us, parallelism: 0.78x
[0.847s][info][gc,stats    ]   CSR: <total>                      326 us
[0.847s][info][gc,stats    ]   CSR: VM Strong Roots               14 us, workers (us):  14, ---, ---, 
[0.847s][info][gc,stats    ]   CSR: CLDG Roots                   311 us, workers (us): 311, ---, ---, 
[0.847s][info][gc,stats    ] Concurrent Evacuation              2845 us
[0.847s][info][gc,stats    ] Pause Init Update Refs (G)          153 us
[0.847s][info][gc,stats    ] Pause Init Update Refs (N)           66 us
[0.847s][info][gc,stats    ]   Manage GCLABs                       4 us
[0.847s][info][gc,stats    ] Concurrent Update Refs             2784 us
[0.847s][info][gc,stats    ] Concurrent Update Thread Roots      719 us
[0.847s][info][gc,stats    ] Pause Final Update Refs (G)         337 us
[0.847s][info][gc,stats    ] Pause Final Update Refs (N)         235 us
[0.847s][info][gc,stats    ]   Update Region States              105 us
[0.847s][info][gc,stats    ]   Trash Collection Set                4 us
[0.847s][info][gc,stats    ]   Rebuild Free Set                   22 us
[0.847s][info][gc,stats    ] Concurrent Cleanup                   83 us
[0.847s][info][gc,stats    ] 
[0.847s][info][gc,stats    ] Allocation pacing accrued:
[0.847s][info][gc,stats    ]       0 of   822 ms (  0.0%): <total>
[0.847s][info][gc,stats    ]       0 of   822 ms (  0.0%): <average total>
[0.847s][info][gc,stats    ] 
[0.847s][info][gc,metaspace] Metaspace: 8528K(8768K)->8527K(8768K) NonClass: 7394K(7488K)->7393K(7488K) Class: 1134K(1280K)->1133K(1280K)
[0.847s][info][gc,ergo     ] Pacer for Idle. Initial: 163M, Alloc Tax Rate: 1.0x
[2.405s][info][gc          ] Trigger: Learning 2 of 5. Free (5728M) is below initial threshold (5734M)
[2.405s][info][gc,ergo     ] Free: 5728M, Max: 4096K regular, 5728M humongous, Frag: 0% external, 0% internal; Reserve: 412M, Max: 4096K
[2.405s][info][gc,start    ] GC(1) Concurrent reset
[2.405s][info][gc,task     ] GC(1) Using 1 of 3 workers for concurrent reset
[2.405s][info][gc,ergo     ] GC(1) Pacer for Reset. Non-Taxable: 8192M
[2.406s][info][gc          ] GC(1) Concurrent reset 0.494ms
[2.406s][info][gc,start    ] GC(1) Pause Init Mark (unload classes)
[2.406s][info][gc,task     ] GC(1) Using 3 of 3 workers for init marking
[2.406s][info][gc,ergo     ] GC(1) Pacer for Mark. Expected Live: 3010K, Free: 5728M, Non-Taxable: 572M, Alloc Tax Rate: 0.0x
[2.406s][info][gc          ] GC(1) Pause Init Mark (unload classes) 0.255ms
[2.406s][info][gc,start    ] GC(1) Concurrent marking roots
[2.406s][info][gc,task     ] GC(1) Using 1 of 3 workers for concurrent marking roots
[2.407s][info][gc          ] GC(1) Concurrent marking roots 0.532ms
[2.407s][info][gc,start    ] GC(1) Concurrent marking (unload classes)
[2.407s][info][gc,task     ] GC(1) Using 1 of 3 workers for concurrent marking
[2.420s][info][gc          ] GC(1) Concurrent marking (unload classes) 12.880ms
[2.420s][info][gc,start    ] GC(1) Pause Final Mark (unload classes)
[2.420s][info][gc,task     ] GC(1) Using 3 of 3 workers for final marking
[2.420s][info][gc,ergo     ] GC(1) Collectable Garbage: 1975M (96%), Immediate: 1975M (96%), CSet: 0B (0%)
[2.420s][info][gc          ] GC(1) Pause Final Mark (unload classes) 0.363ms
[2.420s][info][gc,start    ] GC(1) Concurrent weak references
[2.420s][info][gc,task     ] GC(1) Using 1 of 3 workers for concurrent weak references
[2.421s][info][gc,ref      ] GC(1) Encountered references: Soft: 158, Weak: 703, Final: 0, Phantom: 44
[2.421s][info][gc,ref      ] GC(1) Discovered  references: Soft: 0, Weak: 180, Final: 0, Phantom: 29
[2.421s][info][gc,ref      ] GC(1) Enqueued    references: Soft: 0, Weak: 30, Final: 0, Phantom: 17
[2.421s][info][gc          ] GC(1) Concurrent weak references 0.123ms
[2.421s][info][gc,start    ] GC(1) Concurrent weak roots
[2.421s][info][gc,task     ] GC(1) Using 1 of 3 workers for concurrent weak root
[2.421s][info][gc          ] GC(1) Concurrent weak roots 0.656ms
[2.421s][info][gc,start    ] GC(1) Concurrent cleanup
[2.421s][info][gc          ] GC(1) Concurrent cleanup 2071M->95M(8192M) 0.044ms
[2.421s][info][gc,ergo     ] GC(1) Free: 7684M, Max: 4096K regular, 5708M humongous, Frag: 26% external, 0% internal; Reserve: 412M, Max: 4096K
[2.421s][info][gc,start    ] GC(1) Concurrent class unloading
[2.421s][info][gc,task     ] GC(1) Using 1 of 3 workers for concurrent class unloading
[2.423s][info][gc          ] GC(1) Concurrent class unloading 1.662ms
[2.423s][info][gc,start    ] GC(1) Pause Final Roots
[2.423s][info][gc          ] GC(1) Pause Final Roots 0.021ms
[2.423s][info][gc,ergo     ] Free: 7680M, Max: 4096K regular, 5708M humongous, Frag: 26% external, 0% internal; Reserve: 412M, Max: 4096K
[2.423s][info][gc,stats    ] 
[2.423s][info][gc,stats    ] All times are wall-clock times, except per-root-class counters, that are sum over
[2.423s][info][gc,stats    ] all workers. Dividing the <total> over the root stage time estimates parallelism.
[2.423s][info][gc,stats    ] 
[2.423s][info][gc,stats    ] Concurrent Reset                    551 us
[2.423s][info][gc,stats    ] Pause Init Mark (G)                 494 us
[2.423s][info][gc,stats    ] Pause Init Mark (N)                 274 us
[2.423s][info][gc,stats    ]   Update Region States              113 us
[2.423s][info][gc,stats    ] Concurrent Mark Roots               550 us, parallelism: 0.76x
[2.423s][info][gc,stats    ]   CMR: <total>                      417 us
[2.423s][info][gc,stats    ]   CMR: Thread Roots                 369 us, workers (us): 369, ---, ---, 
[2.423s][info][gc,stats    ]   CMR: VM Strong Roots                5 us, workers (us):   5, ---, ---, 
[2.423s][info][gc,stats    ]   CMR: CLDG Roots                    43 us, workers (us):  43, ---, ---, 
[2.423s][info][gc,stats    ] Concurrent Marking                12952 us
[2.423s][info][gc,stats    ] Pause Final Mark (G)                488 us
[2.423s][info][gc,stats    ] Pause Final Mark (N)                383 us
[2.423s][info][gc,stats    ]   Finish Mark                       116 us
[2.423s][info][gc,stats    ]   Update Region States               89 us
[2.423s][info][gc,stats    ]   Choose Collection Set              63 us
[2.423s][info][gc,stats    ]   Rebuild Free Set                   17 us
[2.423s][info][gc,stats    ] Concurrent Weak References          131 us, parallelism: 0.07x
[2.423s][info][gc,stats    ]   CWRF: <total>                       9 us
[2.423s][info][gc,stats    ]   CWRF: Weak References               9 us, workers (us):   9, ---, ---, 
[2.423s][info][gc,stats    ] Concurrent Weak Roots               678 us
[2.423s][info][gc,stats    ]   Roots                             552 us, parallelism: 0.87x
[2.423s][info][gc,stats    ]     CWR: <total>                    481 us
[2.423s][info][gc,stats    ]     CWR: Code Cache Roots           344 us, workers (us): 344, ---, ---, 
[2.423s][info][gc,stats    ]     CWR: VM Weak Roots              128 us, workers (us): 128, ---, ---, 
[2.423s][info][gc,stats    ]     CWR: CLDG Roots                   9 us, workers (us):   9, ---, ---, 
[2.423s][info][gc,stats    ]   Rendezvous                         88 us
[2.423s][info][gc,stats    ] Concurrent Cleanup                   52 us
[2.423s][info][gc,stats    ] Concurrent Class Unloading         1692 us
[2.423s][info][gc,stats    ]   Unlink Stale                     1508 us
[2.423s][info][gc,stats    ]     System Dictionary                 4 us
[2.423s][info][gc,stats    ]     Weak Class Links                  0 us
[2.423s][info][gc,stats    ]     Code Roots                     1502 us
[2.423s][info][gc,stats    ]   Rendezvous                         57 us
[2.424s][info][gc,stats    ]   Purge Unlinked                     81 us
[2.424s][info][gc,stats    ]     Code Roots                       76 us
[2.424s][info][gc,stats    ]     CLDG                              4 us
[2.424s][info][gc,stats    ]     Exception Caches                  0 us
[2.424s][info][gc,stats    ] Pause Final Roots (G)               131 us
[2.424s][info][gc,stats    ] Pause Final Roots (N)                29 us
[2.424s][info][gc,stats    ] 
[2.424s][info][gc,stats    ] Allocation pacing accrued:
[2.424s][info][gc,stats    ]       0 of  1577 ms (  0.0%): <total>
[2.424s][info][gc,stats    ]       0 of  1577 ms (  0.0%): <average total>
[2.424s][info][gc,stats    ] 
[2.424s][info][gc,metaspace] Metaspace: 8728K(9024K)->8728K(9024K) NonClass: 7578K(7744K)->7578K(7744K) Class: 1150K(1280K)->1150K(1280K)
[2.424s][info][gc,ergo     ] Pacer for Idle. Initial: 163M, Alloc Tax Rate: 1.0x
[3.316s][info][gc          ] Trigger: Learning 3 of 5. Free (5728M) is below initial threshold (5734M)
[3.317s][info][gc,ergo     ] Free: 5728M, Max: 4096K regular, 5708M humongous, Frag: 1% external, 0% internal; Reserve: 412M, Max: 4096K
[3.317s][info][gc,start    ] GC(2) Concurrent reset
[3.317s][info][gc,task     ] GC(2) Using 1 of 3 workers for concurrent reset
[3.317s][info][gc,ergo     ] GC(2) Pacer for Reset. Non-Taxable: 8192M
[3.318s][info][gc          ] GC(2) Concurrent reset 0.890ms
[3.318s][info][gc,start    ] GC(2) Pause Init Mark (unload classes)
[3.318s][info][gc,task     ] GC(2) Using 3 of 3 workers for init marking
[3.318s][info][gc,ergo     ] GC(2) Pacer for Mark. Expected Live: 6366K, Free: 5728M, Non-Taxable: 572M, Alloc Tax Rate: 0.0x
[3.318s][info][gc          ] GC(2) Pause Init Mark (unload classes) 0.088ms
[3.318s][info][gc,start    ] GC(2) Concurrent marking roots
[3.318s][info][gc,task     ] GC(2) Using 1 of 3 workers for concurrent marking roots
[3.318s][info][gc          ] GC(2) Concurrent marking roots 0.448ms
[3.318s][info][gc,start    ] GC(2) Concurrent marking (unload classes)
[3.318s][info][gc,task     ] GC(2) Using 1 of 3 workers for concurrent marking
[3.349s][info][gc          ] GC(2) Concurrent marking (unload classes) 31.171ms
[3.350s][info][gc,start    ] GC(2) Pause Final Mark (unload classes)
[3.350s][info][gc,task     ] GC(2) Using 3 of 3 workers for final marking
[3.350s][info][gc,ergo     ] GC(2) Collectable Garbage: 1983M (97%), Immediate: 1983M (97%), CSet: 0B (0%)
[3.350s][info][gc          ] GC(2) Pause Final Mark (unload classes) 0.358ms
[3.350s][info][gc,start    ] GC(2) Concurrent weak references
[3.350s][info][gc,task     ] GC(2) Using 1 of 3 workers for concurrent weak references
[3.350s][info][gc,ref      ] GC(2) Encountered references: Soft: 158, Weak: 673, Final: 0, Phantom: 27
[3.350s][info][gc,ref      ] GC(2) Discovered  references: Soft: 0, Weak: 154, Final: 0, Phantom: 25
[3.350s][info][gc,ref      ] GC(2) Enqueued    references: Soft: 0, Weak: 0, Final: 0, Phantom: 0
[3.350s][info][gc          ] GC(2) Concurrent weak references 0.157ms
[3.350s][info][gc,start    ] GC(2) Concurrent weak roots
[3.350s][info][gc,task     ] GC(2) Using 1 of 3 workers for concurrent weak root
[3.351s][info][gc          ] GC(2) Concurrent weak roots 0.610ms
[3.351s][info][gc,start    ] GC(2) Concurrent cleanup
[3.351s][info][gc          ] GC(2) Concurrent cleanup 2083M->99M(8192M) 0.040ms
[3.351s][info][gc,ergo     ] GC(2) Free: 7680M, Max: 4096K regular, 5696M humongous, Frag: 26% external, 0% internal; Reserve: 412M, Max: 4096K
[3.351s][info][gc,start    ] GC(2) Concurrent class unloading
[3.351s][info][gc,task     ] GC(2) Using 1 of 3 workers for concurrent class unloading
[3.353s][info][gc          ] GC(2) Concurrent class unloading 1.880ms
[3.353s][info][gc,start    ] GC(2) Pause Final Roots
[3.353s][info][gc          ] GC(2) Pause Final Roots 0.023ms
[3.353s][info][gc,ergo     ] Free: 7672M, Max: 4096K regular, 5696M humongous, Frag: 26% external, 0% internal; Reserve: 412M, Max: 4096K
[3.353s][info][gc,stats    ] 
[3.353s][info][gc,stats    ] All times are wall-clock times, except per-root-class counters, that are sum over
[3.353s][info][gc,stats    ] all workers. Dividing the <total> over the root stage time estimates parallelism.
[3.353s][info][gc,stats    ] 
[3.353s][info][gc,stats    ] Concurrent Reset                    934 us
[3.353s][info][gc,stats    ] Pause Init Mark (G)                 221 us
[3.353s][info][gc,stats    ] Pause Init Mark (N)                  96 us
[3.353s][info][gc,stats    ]   Update Region States               41 us
[3.353s][info][gc,stats    ] Concurrent Mark Roots               465 us, parallelism: 0.81x
[3.353s][info][gc,stats    ]   CMR: <total>                      377 us
[3.353s][info][gc,stats    ]   CMR: Thread Roots                 335 us, workers (us): 335, ---, ---, 
[3.353s][info][gc,stats    ]   CMR: VM Strong Roots                5 us, workers (us):   5, ---, ---, 
[3.353s][info][gc,stats    ]   CMR: CLDG Roots                    36 us, workers (us):  36, ---, ---, 
[3.353s][info][gc,stats    ] Concurrent Marking                31240 us
[3.353s][info][gc,stats    ] Pause Final Mark (G)                518 us
[3.353s][info][gc,stats    ] Pause Final Mark (N)                382 us
[3.353s][info][gc,stats    ]   Finish Mark                       125 us
[3.353s][info][gc,stats    ]   Update Region States               67 us
[3.353s][info][gc,stats    ]   Choose Collection Set              68 us
[3.353s][info][gc,stats    ]   Rebuild Free Set                   17 us
[3.353s][info][gc,stats    ] Concurrent Weak References          170 us, parallelism: 0.02x
[3.353s][info][gc,stats    ]   CWRF: <total>                       4 us
[3.353s][info][gc,stats    ]   CWRF: Weak References               4 us, workers (us):   4, ---, ---, 
[3.353s][info][gc,stats    ] Concurrent Weak Roots               628 us
[3.353s][info][gc,stats    ]   Roots                             506 us, parallelism: 0.91x
[3.353s][info][gc,stats    ]     CWR: <total>                    459 us
[3.353s][info][gc,stats    ]     CWR: Code Cache Roots           339 us, workers (us): 339, ---, ---, 
[3.353s][info][gc,stats    ]     CWR: VM Weak Roots              114 us, workers (us): 114, ---, ---, 
[3.353s][info][gc,stats    ]     CWR: CLDG Roots                   6 us, workers (us):   6, ---, ---, 
[3.353s][info][gc,stats    ]   Rendezvous                         88 us
[3.353s][info][gc,stats    ] Concurrent Cleanup                   48 us
[3.353s][info][gc,stats    ] Concurrent Class Unloading         1923 us
[3.353s][info][gc,stats    ]   Unlink Stale                     1661 us
[3.353s][info][gc,stats    ]     System Dictionary                 3 us
[3.353s][info][gc,stats    ]     Weak Class Links                  0 us
[3.353s][info][gc,stats    ]     Code Roots                     1657 us
[3.353s][info][gc,stats    ]   Rendezvous                         68 us
[3.353s][info][gc,stats    ]   Purge Unlinked                    134 us
[3.353s][info][gc,stats    ]     Code Roots                      125 us
[3.353s][info][gc,stats    ]     CLDG                              8 us
[3.353s][info][gc,stats    ]     Exception Caches                  0 us
[3.353s][info][gc,stats    ] Pause Final Roots (G)               131 us
[3.353s][info][gc,stats    ] Pause Final Roots (N)                31 us
[3.353s][info][gc,stats    ] 
[3.353s][info][gc,stats    ] Allocation pacing accrued:
[3.353s][info][gc,stats    ]       0 of   930 ms (  0.0%): <total>
[3.353s][info][gc,stats    ]       0 of   930 ms (  0.0%): <average total>
[3.353s][info][gc,stats    ] 
[3.353s][info][gc,metaspace] Metaspace: 8732K(9024K)->8732K(9024K) NonClass: 7581K(7744K)->7581K(7744K) Class: 1150K(1280K)->1150K(1280K)
[3.353s][info][gc,ergo     ] Pacer for Idle. Initial: 163M, Alloc Tax Rate: 1.0x
[4.228s][info][gc          ] Trigger: Learning 4 of 5. Free (5704M) is below initial threshold (5734M)
[4.228s][info][gc,ergo     ] Free: 5704M, Max: 4096K regular, 5696M humongous, Frag: 1% external, 0% internal; Reserve: 412M, Max: 4096K
[4.228s][info][gc,start    ] GC(3) Concurrent reset
[4.228s][info][gc,task     ] GC(3) Using 1 of 3 workers for concurrent reset
[4.228s][info][gc,ergo     ] GC(3) Pacer for Reset. Non-Taxable: 8192M
[4.228s][info][gc          ] GC(3) Concurrent reset 0.527ms
[4.229s][info][gc,start    ] GC(3) Pause Init Mark (unload classes)
[4.229s][info][gc,task     ] GC(3) Using 3 of 3 workers for init marking
[4.229s][info][gc,ergo     ] GC(3) Pacer for Mark. Expected Live: 11651K, Free: 5700M, Non-Taxable: 570M, Alloc Tax Rate: 0.0x
[4.229s][info][gc          ] GC(3) Pause Init Mark (unload classes) 0.147ms
[4.229s][info][gc,start    ] GC(3) Concurrent marking roots
[4.229s][info][gc,task     ] GC(3) Using 1 of 3 workers for concurrent marking roots
[4.230s][info][gc          ] GC(3) Concurrent marking roots 0.831ms
[4.230s][info][gc,start    ] GC(3) Concurrent marking (unload classes)
[4.230s][info][gc,task     ] GC(3) Using 1 of 3 workers for concurrent marking
[4.261s][info][gc          ] GC(3) Concurrent marking (unload classes) 31.426ms
[4.261s][info][gc,start    ] GC(3) Pause Final Mark (unload classes)
[4.261s][info][gc,task     ] GC(3) Using 3 of 3 workers for final marking
[4.261s][info][gc,ergo     ] GC(3) Collectable Garbage: 1976M (96%), Immediate: 1976M (96%), CSet: 0B (0%)
[4.262s][info][gc          ] GC(3) Pause Final Mark (unload classes) 0.335ms
[4.262s][info][gc,start    ] GC(3) Concurrent weak references
[4.262s][info][gc,task     ] GC(3) Using 1 of 3 workers for concurrent weak references
[4.262s][info][gc,ref      ] GC(3) Encountered references: Soft: 158, Weak: 673, Final: 0, Phantom: 27
[4.262s][info][gc,ref      ] GC(3) Discovered  references: Soft: 0, Weak: 150, Final: 0, Phantom: 12
[4.262s][info][gc,ref      ] GC(3) Enqueued    references: Soft: 0, Weak: 0, Final: 0, Phantom: 0
[4.262s][info][gc          ] GC(3) Concurrent weak references 0.172ms
[4.262s][info][gc,start    ] GC(3) Concurrent weak roots
[4.262s][info][gc,task     ] GC(3) Using 1 of 3 workers for concurrent weak root
[4.262s][info][gc          ] GC(3) Concurrent weak roots 0.539ms
[4.262s][info][gc,start    ] GC(3) Concurrent cleanup
[4.262s][info][gc          ] GC(3) Concurrent cleanup 2131M->155M(8192M) 0.043ms
[4.262s][info][gc,ergo     ] GC(3) Free: 7624M, Max: 4096K regular, 5648M humongous, Frag: 26% external, 0% internal; Reserve: 412M, Max: 4096K
[4.262s][info][gc,start    ] GC(3) Concurrent class unloading
[4.262s][info][gc,task     ] GC(3) Using 1 of 3 workers for concurrent class unloading
[4.264s][info][gc          ] GC(3) Concurrent class unloading 1.934ms
[4.264s][info][gc,start    ] GC(3) Pause Final Roots
[4.265s][info][gc          ] GC(3) Pause Final Roots 0.043ms
[4.265s][info][gc,ergo     ] Free: 7624M, Max: 4096K regular, 5648M humongous, Frag: 26% external, 0% internal; Reserve: 412M, Max: 4096K
[4.265s][info][gc,stats    ] 
[4.265s][info][gc,stats    ] All times are wall-clock times, except per-root-class counters, that are sum over
[4.265s][info][gc,stats    ] all workers. Dividing the <total> over the root stage time estimates parallelism.
[4.265s][info][gc,stats    ] 
[4.265s][info][gc,stats    ] Concurrent Reset                    577 us
[4.265s][info][gc,stats    ] Pause Init Mark (G)                 279 us
[4.265s][info][gc,stats    ] Pause Init Mark (N)                 156 us
[4.265s][info][gc,stats    ]   Update Region States               71 us
[4.265s][info][gc,stats    ] Concurrent Mark Roots               855 us, parallelism: 0.83x
[4.265s][info][gc,stats    ]   CMR: <total>                      713 us
[4.265s][info][gc,stats    ]   CMR: Thread Roots                 672 us, workers (us): 672, ---, ---, 
[4.265s][info][gc,stats    ]   CMR: VM Strong Roots                5 us, workers (us):   5, ---, ---, 
[4.265s][info][gc,stats    ]   CMR: CLDG Roots                    36 us, workers (us):  36, ---, ---, 
[4.265s][info][gc,stats    ] Concurrent Marking                31491 us
[4.265s][info][gc,stats    ] Pause Final Mark (G)                500 us
[4.265s][info][gc,stats    ] Pause Final Mark (N)                354 us
[4.265s][info][gc,stats    ]   Finish Mark                       109 us
[4.265s][info][gc,stats    ]   Update Region States               67 us
[4.265s][info][gc,stats    ]   Choose Collection Set              62 us
[4.265s][info][gc,stats    ]   Rebuild Free Set                   17 us
[4.265s][info][gc,stats    ] Concurrent Weak References          188 us, parallelism: 0.02x
[4.265s][info][gc,stats    ]   CWRF: <total>                       4 us
[4.265s][info][gc,stats    ]   CWRF: Weak References               4 us, workers (us):   4, ---, ---, 
[4.265s][info][gc,stats    ] Concurrent Weak Roots               558 us
[4.265s][info][gc,stats    ]   Roots                             425 us, parallelism: 0.87x
[4.265s][info][gc,stats    ]     CWR: <total>                    368 us
[4.265s][info][gc,stats    ]     CWR: Code Cache Roots           303 us, workers (us): 303, ---, ---, 
[4.265s][info][gc,stats    ]     CWR: VM Weak Roots               61 us, workers (us):  61, ---, ---, 
[4.265s][info][gc,stats    ]     CWR: CLDG Roots                   5 us, workers (us):   5, ---, ---, 
[4.265s][info][gc,stats    ]   Rendezvous                         82 us
[4.265s][info][gc,stats    ] Concurrent Cleanup                   51 us
[4.265s][info][gc,stats    ] Concurrent Class Unloading         1985 us
[4.265s][info][gc,stats    ]   Unlink Stale                     1605 us
[4.265s][info][gc,stats    ]     System Dictionary                 3 us
[4.265s][info][gc,stats    ]     Weak Class Links                  0 us
[4.265s][info][gc,stats    ]     Code Roots                     1601 us
[4.265s][info][gc,stats    ]   Rendezvous                        163 us
[4.265s][info][gc,stats    ]   Purge Unlinked                    143 us
[4.265s][info][gc,stats    ]     Code Roots                      135 us
[4.265s][info][gc,stats    ]     CLDG                              8 us
[4.265s][info][gc,stats    ]     Exception Caches                  0 us
[4.265s][info][gc,stats    ] Pause Final Roots (G)               178 us
[4.265s][info][gc,stats    ] Pause Final Roots (N)                61 us
[4.265s][info][gc,stats    ] 
[4.265s][info][gc,stats    ] Allocation pacing accrued:
[4.265s][info][gc,stats    ]       0 of   912 ms (  0.0%): <total>
[4.265s][info][gc,stats    ]       0 of   912 ms (  0.0%): <average total>
[4.265s][info][gc,stats    ] 
[4.265s][info][gc,metaspace] Metaspace: 8732K(9024K)->8732K(9024K) NonClass: 7581K(7744K)->7581K(7744K) Class: 1150K(1280K)->1150K(1280K)
[4.265s][info][gc,ergo     ] Pacer for Idle. Initial: 163M, Alloc Tax Rate: 1.0x
[4.965s][info][gc          ] Trigger: Explicit GC request (System.gc())
[4.965s][info][gc,ergo     ] Free: 6892M, Max: 4096K regular, 5648M humongous, Frag: 19% external, 0% internal; Reserve: 412M, Max: 4096K
[4.965s][info][gc,start    ] GC(4) Concurrent reset
[4.965s][info][gc,task     ] GC(4) Using 1 of 3 workers for concurrent reset
[4.965s][info][gc,ergo     ] GC(4) Pacer for Reset. Non-Taxable: 8192M
[4.966s][info][gc          ] GC(4) Concurrent reset 0.888ms
[4.966s][info][gc,start    ] GC(4) Pause Init Mark (unload classes)
[4.966s][info][gc,task     ] GC(4) Using 3 of 3 workers for init marking
[4.967s][info][gc,ref      ] GC(4) Clearing All SoftReferences
[4.967s][info][gc,ergo     ] GC(4) Pacer for Mark. Expected Live: 14357K, Free: 6892M, Non-Taxable: 689M, Alloc Tax Rate: 0.0x
[4.967s][info][gc          ] GC(4) Pause Init Mark (unload classes) 0.135ms
[4.967s][info][gc,start    ] GC(4) Concurrent marking roots
[4.967s][info][gc,task     ] GC(4) Using 1 of 3 workers for concurrent marking roots
[4.967s][info][gc          ] GC(4) Concurrent marking roots 0.722ms
[4.967s][info][gc,start    ] GC(4) Concurrent marking (unload classes)
[4.967s][info][gc,task     ] GC(4) Using 1 of 3 workers for concurrent marking
[4.971s][info][gc          ] GC(4) Concurrent marking (unload classes) 3.315ms
[4.971s][info][gc,start    ] GC(4) Pause Final Mark (unload classes)
[4.971s][info][gc,task     ] GC(4) Using 3 of 3 workers for final marking
[4.971s][info][gc,ergo     ] GC(4) Collectable Garbage: 839M (94%), Immediate: 839M (94%), CSet: 0B (0%)
[4.971s][info][gc          ] GC(4) Pause Final Mark (unload classes) 0.381ms
[4.971s][info][gc,start    ] GC(4) Concurrent weak references
[4.971s][info][gc,task     ] GC(4) Using 1 of 3 workers for concurrent weak references
[4.971s][info][gc,ref      ] GC(4) Encountered references: Soft: 162, Weak: 716, Final: 0, Phantom: 37
[4.971s][info][gc,ref      ] GC(4) Discovered  references: Soft: 107, Weak: 182, Final: 0, Phantom: 35
[4.971s][info][gc,ref      ] GC(4) Enqueued    references: Soft: 21, Weak: 14, Final: 0, Phantom: 10
[4.971s][info][gc          ] GC(4) Concurrent weak references 0.138ms
[4.971s][info][gc,start    ] GC(4) Concurrent weak roots
[4.971s][info][gc,task     ] GC(4) Using 1 of 3 workers for concurrent weak root
[4.972s][info][gc          ] GC(4) Concurrent weak roots 0.491ms
[4.972s][info][gc,start    ] GC(4) Concurrent cleanup
[4.972s][info][gc          ] GC(4) Concurrent cleanup 887M->47M(8192M) 0.030ms
[4.972s][info][gc,ergo     ] GC(4) Free: 7732M, Max: 4096K regular, 7020M humongous, Frag: 10% external, 0% internal; Reserve: 412M, Max: 4096K
[4.972s][info][gc,start    ] GC(4) Concurrent class unloading
[4.972s][info][gc,task     ] GC(4) Using 1 of 3 workers for concurrent class unloading
[4.976s][info][gc          ] GC(4) Concurrent class unloading 3.928ms
[4.976s][info][gc,start    ] GC(4) Pause Final Roots
[4.976s][info][gc          ] GC(4) Pause Final Roots 0.051ms
[4.976s][info][gc,ergo     ] Free: 7732M, Max: 4096K regular, 7020M humongous, Frag: 10% external, 0% internal; Reserve: 412M, Max: 4096K
[4.976s][info][gc,stats    ] 
[4.976s][info][gc,stats    ] All times are wall-clock times, except per-root-class counters, that are sum over
[4.976s][info][gc,stats    ] all workers. Dividing the <total> over the root stage time estimates parallelism.
[4.976s][info][gc,stats    ] 
[4.976s][info][gc,stats    ] Concurrent Reset                    938 us
[4.976s][info][gc,stats    ] Pause Init Mark (G)                 214 us
[4.976s][info][gc,stats    ] Pause Init Mark (N)                 143 us
[4.976s][info][gc,stats    ]   Update Region States               75 us
[4.976s][info][gc,stats    ] Concurrent Mark Roots               731 us, parallelism: 0.88x
[4.976s][info][gc,stats    ]   CMR: <total>                      641 us
[4.976s][info][gc,stats    ]   CMR: Thread Roots                 559 us, workers (us): 559, ---, ---, 
[4.976s][info][gc,stats    ]   CMR: VM Strong Roots               17 us, workers (us):  17, ---, ---, 
[4.976s][info][gc,stats    ]   CMR: CLDG Roots                    64 us, workers (us):  64, ---, ---, 
[4.977s][info][gc,stats    ] Concurrent Marking                 3338 us
[4.977s][info][gc,stats    ] Pause Final Mark (G)                452 us
[4.977s][info][gc,stats    ] Pause Final Mark (N)                405 us
[4.977s][info][gc,stats    ]   Finish Mark                       133 us
[4.977s][info][gc,stats    ]   Update Region States               71 us
[4.977s][info][gc,stats    ]   Choose Collection Set              75 us
[4.977s][info][gc,stats    ]   Rebuild Free Set                   22 us
[4.977s][info][gc,stats    ] Concurrent Weak References          153 us, parallelism: 0.06x
[4.977s][info][gc,stats    ]   CWRF: <total>                      10 us
[4.977s][info][gc,stats    ]   CWRF: Weak References              10 us, workers (us):  10, ---, ---, 
[4.977s][info][gc,stats    ] Concurrent Weak Roots               501 us
[4.977s][info][gc,stats    ]   Roots                             380 us, parallelism: 0.91x
[4.977s][info][gc,stats    ]     CWR: <total>                    344 us
[4.977s][info][gc,stats    ]     CWR: Code Cache Roots           279 us, workers (us): 279, ---, ---, 
[4.977s][info][gc,stats    ]     CWR: VM Weak Roots               61 us, workers (us):  61, ---, ---, 
[4.977s][info][gc,stats    ]     CWR: CLDG Roots                   4 us, workers (us):   4, ---, ---, 
[4.977s][info][gc,stats    ]   Rendezvous                         82 us
[4.977s][info][gc,stats    ] Concurrent Cleanup                   38 us
[4.977s][info][gc,stats    ] Concurrent Class Unloading         3995 us
[4.977s][info][gc,stats    ]   Unlink Stale                     3483 us
[4.977s][info][gc,stats    ]     System Dictionary                68 us
[4.977s][info][gc,stats    ]     Weak Class Links               1116 us
[4.977s][info][gc,stats    ]     Code Roots                     2299 us
[4.977s][info][gc,stats    ]   Rendezvous                        219 us
[4.977s][info][gc,stats    ]   Purge Unlinked                    207 us
[4.977s][info][gc,stats    ]     Code Roots                      170 us
[4.977s][info][gc,stats    ]     CLDG                             36 us
[4.977s][info][gc,stats    ]     Exception Caches                  0 us
[4.977s][info][gc,stats    ] Pause Final Roots (G)               278 us
[4.977s][info][gc,stats    ] Pause Final Roots (N)                74 us
[4.977s][info][gc,stats    ] 
[4.977s][info][gc,stats    ] Allocation pacing accrued:
[4.977s][info][gc,stats    ]       0 of   712 ms (  0.0%): <total>
[4.977s][info][gc,stats    ]       0 of   712 ms (  0.0%): <average total>
[4.977s][info][gc,stats    ] 
[4.977s][info][gc,metaspace] Metaspace: 8904K(9152K)->8892K(9152K) NonClass: 7729K(7872K)->7720K(7872K) Class: 1174K(1280K)->1171K(1280K)
[4.977s][info][gc,ergo     ] Pacer for Idle. Initial: 163M, Alloc Tax Rate: 1.0x
[5.893s][info][gc          ] Trigger: Learning 2 of 5. Free (5712M) is below initial threshold (5734M)
[5.893s][info][gc,ergo     ] Free: 5712M, Max: 4096K regular, 5712M humongous, Frag: 0% external, 0% internal; Reserve: 412M, Max: 4096K
[5.893s][info][gc,start    ] GC(5) Concurrent reset
[5.893s][info][gc,task     ] GC(5) Using 1 of 3 workers for concurrent reset
[5.893s][info][gc,ergo     ] GC(5) Pacer for Reset. Non-Taxable: 8192M
[5.894s][info][gc          ] GC(5) Concurrent reset 0.823ms
[5.894s][info][gc,start    ] GC(5) Pause Init Mark (unload classes)
[5.894s][info][gc,task     ] GC(5) Using 3 of 3 workers for init marking
[5.894s][info][gc,ergo     ] GC(5) Pacer for Mark. Expected Live: 12106K, Free: 5712M, Non-Taxable: 571M, Alloc Tax Rate: 0.0x
[5.894s][info][gc          ] GC(5) Pause Init Mark (unload classes) 0.107ms
[5.894s][info][gc,start    ] GC(5) Concurrent marking roots
[5.895s][info][gc,task     ] GC(5) Using 1 of 3 workers for concurrent marking roots
[5.895s][info][gc          ] GC(5) Concurrent marking roots 0.480ms
[5.895s][info][gc,start    ] GC(5) Concurrent marking (unload classes)
[5.895s][info][gc,task     ] GC(5) Using 1 of 3 workers for concurrent marking
[5.908s][info][gc          ] GC(5) Concurrent marking (unload classes) 12.763ms
[5.908s][info][gc,start    ] GC(5) Pause Final Mark (unload classes)
[5.908s][info][gc,task     ] GC(5) Using 3 of 3 workers for final marking
[5.908s][info][gc,ergo     ] GC(5) Collectable Garbage: 1972M (95%), Immediate: 1972M (95%), CSet: 0B (0%)
[5.908s][info][gc          ] GC(5) Pause Final Mark (unload classes) 0.312ms
[5.908s][info][gc,start    ] GC(5) Concurrent weak references
[5.908s][info][gc,task     ] GC(5) Using 1 of 3 workers for concurrent weak references
[5.908s][info][gc,ref      ] GC(5) Encountered references: Soft: 144, Weak: 702, Final: 0, Phantom: 27
[5.908s][info][gc,ref      ] GC(5) Discovered  references: Soft: 0, Weak: 150, Final: 0, Phantom: 12
[5.908s][info][gc,ref      ] GC(5) Enqueued    references: Soft: 0, Weak: 0, Final: 0, Phantom: 0
[5.908s][info][gc          ] GC(5) Concurrent weak references 0.141ms
[5.908s][info][gc,start    ] GC(5) Concurrent weak roots
[5.908s][info][gc,task     ] GC(5) Using 1 of 3 workers for concurrent weak root
[5.909s][info][gc          ] GC(5) Concurrent weak roots 0.593ms
[5.909s][info][gc,start    ] GC(5) Concurrent cleanup
[5.909s][info][gc          ] GC(5) Concurrent cleanup 2099M->127M(8192M) 0.082ms
[5.909s][info][gc,ergo     ] GC(5) Free: 7652M, Max: 4096K regular, 5680M humongous, Frag: 26% external, 0% internal; Reserve: 412M, Max: 4096K
[5.909s][info][gc,start    ] GC(5) Concurrent class unloading
[5.909s][info][gc,task     ] GC(5) Using 1 of 3 workers for concurrent class unloading
[5.911s][info][gc          ] GC(5) Concurrent class unloading 1.760ms
[5.911s][info][gc,start    ] GC(5) Pause Final Roots
[5.911s][info][gc          ] GC(5) Pause Final Roots 0.028ms
[5.911s][info][gc,ergo     ] Free: 7648M, Max: 4096K regular, 5680M humongous, Frag: 26% external, 0% internal; Reserve: 412M, Max: 4096K
[5.911s][info][gc,stats    ] 
[5.911s][info][gc,stats    ] All times are wall-clock times, except per-root-class counters, that are sum over
[5.911s][info][gc,stats    ] all workers. Dividing the <total> over the root stage time estimates parallelism.
[5.911s][info][gc,stats    ] 
[5.911s][info][gc,stats    ] Concurrent Reset                    878 us
[5.911s][info][gc,stats    ] Pause Init Mark (G)                 225 us
[5.911s][info][gc,stats    ] Pause Init Mark (N)                 116 us
[5.911s][info][gc,stats    ]   Update Region States               29 us
[5.911s][info][gc,stats    ] Concurrent Mark Roots               522 us, parallelism: 0.66x
[5.911s][info][gc,stats    ]   CMR: <total>                      346 us
[5.911s][info][gc,stats    ]   CMR: Thread Roots                 306 us, workers (us): 306, ---, ---, 
[5.911s][info][gc,stats    ]   CMR: VM Strong Roots                6 us, workers (us):   6, ---, ---, 
[5.911s][info][gc,stats    ]   CMR: CLDG Roots                    35 us, workers (us):  35, ---, ---, 
[5.911s][info][gc,stats    ] Concurrent Marking                12825 us
[5.911s][info][gc,stats    ] Pause Final Mark (G)                422 us
[5.911s][info][gc,stats    ] Pause Final Mark (N)                331 us
[5.911s][info][gc,stats    ]   Finish Mark                       100 us
[5.911s][info][gc,stats    ]   Update Region States               68 us
[5.911s][info][gc,stats    ]   Choose Collection Set              59 us
[5.911s][info][gc,stats    ]   Rebuild Free Set                   17 us
[5.911s][info][gc,stats    ] Concurrent Weak References          148 us, parallelism: 0.05x
[5.911s][info][gc,stats    ]   CWRF: <total>                       7 us
[5.911s][info][gc,stats    ]   CWRF: Weak References               7 us, workers (us):   7, ---, ---, 
[5.911s][info][gc,stats    ] Concurrent Weak Roots               634 us
[5.911s][info][gc,stats    ]   Roots                             490 us, parallelism: 0.91x
[5.911s][info][gc,stats    ]     CWR: <total>                    446 us
[5.911s][info][gc,stats    ]     CWR: Code Cache Roots           379 us, workers (us): 379, ---, ---, 
[5.911s][info][gc,stats    ]     CWR: VM Weak Roots               62 us, workers (us):  62, ---, ---, 
[5.911s][info][gc,stats    ]     CWR: CLDG Roots                   6 us, workers (us):   6, ---, ---, 
[5.911s][info][gc,stats    ]   Rendezvous                         84 us
[5.911s][info][gc,stats    ] Concurrent Cleanup                  100 us
[5.911s][info][gc,stats    ] Concurrent Class Unloading         1796 us
[5.911s][info][gc,stats    ]   Unlink Stale                     1606 us
[5.911s][info][gc,stats    ]     System Dictionary                 5 us
[5.911s][info][gc,stats    ]     Weak Class Links                  0 us
[5.911s][info][gc,stats    ]     Code Roots                     1600 us
[5.911s][info][gc,stats    ]   Rendezvous                         51 us
[5.911s][info][gc,stats    ]   Purge Unlinked                     85 us
[5.911s][info][gc,stats    ]     Code Roots                       79 us
[5.911s][info][gc,stats    ]     CLDG                              5 us
[5.911s][info][gc,stats    ]     Exception Caches                  0 us
[5.911s][info][gc,stats    ] Pause Final Roots (G)               104 us
[5.911s][info][gc,stats    ] Pause Final Roots (N)                36 us
[5.911s][info][gc,stats    ] 
[5.911s][info][gc,stats    ] Allocation pacing accrued:
[5.911s][info][gc,stats    ]       0 of   934 ms (  0.0%): <total>
[5.911s][info][gc,stats    ]       0 of   934 ms (  0.0%): <average total>
[5.911s][info][gc,stats    ] 
[5.911s][info][gc,metaspace] Metaspace: 8892K(9152K)->8892K(9152K) NonClass: 7720K(7872K)->7720K(7872K) Class: 1171K(1280K)->1171K(1280K)
[5.911s][info][gc,ergo     ] Pacer for Idle. Initial: 163M, Alloc Tax Rate: 1.0x
[6.788s][info][gc          ] Trigger: Learning 3 of 5. Free (5704M) is below initial threshold (5734M)
[6.789s][info][gc,ergo     ] Free: 5704M, Max: 4096K regular, 5680M humongous, Frag: 1% external, 0% internal; Reserve: 412M, Max: 4096K
[6.789s][info][gc,start    ] GC(6) Concurrent reset
[6.789s][info][gc,task     ] GC(6) Using 1 of 3 workers for concurrent reset
[6.789s][info][gc,ergo     ] GC(6) Pacer for Reset. Non-Taxable: 8192M
[6.790s][info][gc          ] GC(6) Concurrent reset 0.935ms
[6.790s][info][gc,start    ] GC(6) Pause Init Mark (unload classes)
[6.790s][info][gc,task     ] GC(6) Using 3 of 3 workers for init marking
[6.790s][info][gc,ergo     ] GC(6) Pacer for Mark. Expected Live: 13436K, Free: 5700M, Non-Taxable: 570M, Alloc Tax Rate: 0.0x
[6.790s][info][gc          ] GC(6) Pause Init Mark (unload classes) 0.180ms
[6.790s][info][gc,start    ] GC(6) Concurrent marking roots
[6.790s][info][gc,task     ] GC(6) Using 1 of 3 workers for concurrent marking roots
[6.790s][info][gc          ] GC(6) Concurrent marking roots 0.432ms
[6.790s][info][gc,start    ] GC(6) Concurrent marking (unload classes)
[6.790s][info][gc,task     ] GC(6) Using 1 of 3 workers for concurrent marking
[6.811s][info][gc          ] GC(6) Concurrent marking (unload classes) 20.187ms
[6.811s][info][gc,start    ] GC(6) Pause Final Mark (unload classes)
[6.811s][info][gc,task     ] GC(6) Using 3 of 3 workers for final marking
[6.811s][info][gc,ergo     ] GC(6) Collectable Garbage: 1947M (94%), Immediate: 1947M (94%), CSet: 0B (0%)
[6.811s][info][gc          ] GC(6) Pause Final Mark (unload classes) 0.362ms
[6.811s][info][gc,start    ] GC(6) Concurrent weak references
[6.811s][info][gc,task     ] GC(6) Using 1 of 3 workers for concurrent weak references
[6.811s][info][gc,ref      ] GC(6) Encountered references: Soft: 144, Weak: 702, Final: 0, Phantom: 27
[6.811s][info][gc,ref      ] GC(6) Discovered  references: Soft: 0, Weak: 150, Final: 0, Phantom: 12
[6.811s][info][gc,ref      ] GC(6) Enqueued    references: Soft: 0, Weak: 0, Final: 0, Phantom: 0
[6.811s][info][gc          ] GC(6) Concurrent weak references 0.140ms
[6.811s][info][gc,start    ] GC(6) Concurrent weak roots
[6.811s][info][gc,task     ] GC(6) Using 1 of 3 workers for concurrent weak root
[6.812s][info][gc          ] GC(6) Concurrent weak roots 0.509ms
[6.812s][info][gc,start    ] GC(6) Concurrent cleanup
[6.812s][info][gc          ] GC(6) Concurrent cleanup 2095M->147M(8192M) 0.042ms
[6.812s][info][gc,ergo     ] GC(6) Free: 7632M, Max: 4096K regular, 5728M humongous, Frag: 25% external, 0% internal; Reserve: 412M, Max: 4096K
[6.812s][info][gc,start    ] GC(6) Concurrent class unloading
[6.812s][info][gc,task     ] GC(6) Using 1 of 3 workers for concurrent class unloading
[6.814s][info][gc          ] GC(6) Concurrent class unloading 1.665ms
[6.814s][info][gc,start    ] GC(6) Pause Final Roots
[6.814s][info][gc          ] GC(6) Pause Final Roots 0.036ms
[6.814s][info][gc,ergo     ] Free: 7632M, Max: 4096K regular, 5728M humongous, Frag: 25% external, 0% internal; Reserve: 412M, Max: 4096K
[6.814s][info][gc,stats    ] 
[6.814s][info][gc,stats    ] All times are wall-clock times, except per-root-class counters, that are sum over
[6.814s][info][gc,stats    ] all workers. Dividing the <total> over the root stage time estimates parallelism.
[6.814s][info][gc,stats    ] 
[6.814s][info][gc,stats    ] Concurrent Reset                    997 us
[6.814s][info][gc,stats    ] Pause Init Mark (G)                 334 us
[6.814s][info][gc,stats    ] Pause Init Mark (N)                 197 us
[6.814s][info][gc,stats    ]   Update Region States               77 us
[6.814s][info][gc,stats    ] Concurrent Mark Roots               453 us, parallelism: 0.76x
[6.814s][info][gc,stats    ]   CMR: <total>                      345 us
[6.814s][info][gc,stats    ]   CMR: Thread Roots                 305 us, workers (us): 305, ---, ---, 
[6.814s][info][gc,stats    ]   CMR: VM Strong Roots                5 us, workers (us):   5, ---, ---, 
[6.814s][info][gc,stats    ]   CMR: CLDG Roots                    35 us, workers (us):  35, ---, ---, 
[6.814s][info][gc,stats    ] Concurrent Marking                20261 us
[6.814s][info][gc,stats    ] Pause Final Mark (G)                505 us
[6.814s][info][gc,stats    ] Pause Final Mark (N)                382 us
[6.814s][info][gc,stats    ]   Finish Mark                       112 us
[6.814s][info][gc,stats    ]   Update Region States               90 us
[6.814s][info][gc,stats    ]   Choose Collection Set              62 us
[6.814s][info][gc,stats    ]   Rebuild Free Set                   17 us
[6.814s][info][gc,stats    ] Concurrent Weak References          152 us, parallelism: 0.05x
[6.814s][info][gc,stats    ]   CWRF: <total>                       8 us
[6.814s][info][gc,stats    ]   CWRF: Weak References               8 us, workers (us):   8, ---, ---, 
[6.814s][info][gc,stats    ] Concurrent Weak Roots               528 us
[6.814s][info][gc,stats    ]   Roots                             404 us, parallelism: 0.88x
[6.814s][info][gc,stats    ]     CWR: <total>                    354 us
[6.814s][info][gc,stats    ]     CWR: Code Cache Roots           288 us, workers (us): 288, ---, ---, 
[6.814s][info][gc,stats    ]     CWR: VM Weak Roots               62 us, workers (us):  62, ---, ---, 
[6.814s][info][gc,stats    ]     CWR: CLDG Roots                   5 us, workers (us):   5, ---, ---, 
[6.814s][info][gc,stats    ]   Rendezvous                         86 us
[6.814s][info][gc,stats    ] Concurrent Cleanup                   50 us
[6.814s][info][gc,stats    ] Concurrent Class Unloading         1698 us
[6.814s][info][gc,stats    ]   Unlink Stale                     1459 us
[6.814s][info][gc,stats    ]     System Dictionary                 3 us
[6.814s][info][gc,stats    ]     Weak Class Links                  0 us
[6.814s][info][gc,stats    ]     Code Roots                     1455 us
[6.814s][info][gc,stats    ]   Rendezvous                         73 us
[6.814s][info][gc,stats    ]   Purge Unlinked                    116 us
[6.814s][info][gc,stats    ]     Code Roots                      111 us
[6.814s][info][gc,stats    ]     CLDG                              4 us
[6.814s][info][gc,stats    ]     Exception Caches                  0 us
[6.814s][info][gc,stats    ] Pause Final Roots (G)               116 us
[6.814s][info][gc,stats    ] Pause Final Roots (N)                45 us
[6.814s][info][gc,stats    ] 
[6.814s][info][gc,stats    ] Allocation pacing accrued:
[6.814s][info][gc,stats    ]       0 of   903 ms (  0.0%): <total>
[6.814s][info][gc,stats    ]       0 of   903 ms (  0.0%): <average total>
[6.814s][info][gc,stats    ] 
[6.814s][info][gc,metaspace] Metaspace: 8892K(9152K)->8892K(9152K) NonClass: 7720K(7872K)->7720K(7872K) Class: 1171K(1280K)->1171K(1280K)
[6.814s][info][gc,ergo     ] Pacer for Idle. Initial: 163M, Alloc Tax Rate: 1.0x
[7.699s][info][gc          ] Trigger: Learning 4 of 5. Free (5720M) is below initial threshold (5734M)
[7.699s][info][gc,ergo     ] Free: 5720M, Max: 4096K regular, 5720M humongous, Frag: 0% external, 0% internal; Reserve: 412M, Max: 4096K
[7.699s][info][gc,start    ] GC(7) Concurrent reset
[7.699s][info][gc,task     ] GC(7) Using 1 of 3 workers for concurrent reset
[7.699s][info][gc,ergo     ] GC(7) Pacer for Reset. Non-Taxable: 8192M
[7.700s][info][gc          ] GC(7) Concurrent reset 1.087ms
[7.700s][info][gc,start    ] GC(7) Pause Init Mark (unload classes)
[7.700s][info][gc,task     ] GC(7) Using 3 of 3 workers for init marking
[7.700s][info][gc,ergo     ] GC(7) Pacer for Mark. Expected Live: 14661K, Free: 5716M, Non-Taxable: 571M, Alloc Tax Rate: 0.0x
[7.701s][info][gc          ] GC(7) Pause Init Mark (unload classes) 0.157ms
[7.701s][info][gc,start    ] GC(7) Concurrent marking roots
[7.701s][info][gc,task     ] GC(7) Using 1 of 3 workers for concurrent marking roots
[7.701s][info][gc          ] GC(7) Concurrent marking roots 0.458ms
[7.701s][info][gc,start    ] GC(7) Concurrent marking (unload classes)
[7.701s][info][gc,task     ] GC(7) Using 1 of 3 workers for concurrent marking
[7.731s][info][gc          ] GC(7) Concurrent marking (unload classes) 30.423ms
[7.732s][info][gc,start    ] GC(7) Pause Final Mark (unload classes)
[7.732s][info][gc,task     ] GC(7) Using 3 of 3 workers for final marking
[7.732s][info][gc,ergo     ] GC(7) Collectable Garbage: 1940M (94%), Immediate: 1940M (94%), CSet: 0B (0%)
[7.732s][info][gc          ] GC(7) Pause Final Mark (unload classes) 0.348ms
[7.732s][info][gc,start    ] GC(7) Concurrent weak references
[7.732s][info][gc,task     ] GC(7) Using 1 of 3 workers for concurrent weak references
[7.732s][info][gc,ref      ] GC(7) Encountered references: Soft: 144, Weak: 702, Final: 0, Phantom: 27
[7.732s][info][gc,ref      ] GC(7) Discovered  references: Soft: 0, Weak: 150, Final: 0, Phantom: 12
[7.732s][info][gc,ref      ] GC(7) Enqueued    references: Soft: 0, Weak: 0, Final: 0, Phantom: 0
[7.732s][info][gc          ] GC(7) Concurrent weak references 0.191ms
[7.732s][info][gc,start    ] GC(7) Concurrent weak roots
[7.732s][info][gc,task     ] GC(7) Using 1 of 3 workers for concurrent weak root
[7.733s][info][gc          ] GC(7) Concurrent weak roots 0.654ms
[7.733s][info][gc,start    ] GC(7) Concurrent cleanup
[7.733s][info][gc          ] GC(7) Concurrent cleanup 2131M->191M(8192M) 0.042ms
[7.733s][info][gc,ergo     ] GC(7) Free: 7588M, Max: 4096K regular, 5648M humongous, Frag: 26% external, 0% internal; Reserve: 412M, Max: 4096K
[7.733s][info][gc,start    ] GC(7) Concurrent class unloading
[7.733s][info][gc,task     ] GC(7) Using 1 of 3 workers for concurrent class unloading
[7.735s][info][gc          ] GC(7) Concurrent class unloading 1.652ms
[7.735s][info][gc,start    ] GC(7) Pause Final Roots
[7.735s][info][gc          ] GC(7) Pause Final Roots 0.041ms
[7.735s][info][gc,ergo     ] Free: 7584M, Max: 4096K regular, 5648M humongous, Frag: 26% external, 0% internal; Reserve: 412M, Max: 4096K
[7.735s][info][gc,stats    ] 
[7.735s][info][gc,stats    ] All times are wall-clock times, except per-root-class counters, that are sum over
[7.735s][info][gc,stats    ] all workers. Dividing the <total> over the root stage time estimates parallelism.
[7.735s][info][gc,stats    ] 
[7.735s][info][gc,stats    ] Concurrent Reset                   1149 us
[7.735s][info][gc,stats    ] Pause Init Mark (G)                 326 us
[7.735s][info][gc,stats    ] Pause Init Mark (N)                 174 us
[7.735s][info][gc,stats    ]   Update Region States               71 us
[7.735s][info][gc,stats    ] Concurrent Mark Roots               475 us, parallelism: 0.74x
[7.735s][info][gc,stats    ]   CMR: <total>                      354 us
[7.735s][info][gc,stats    ]   CMR: Thread Roots                 310 us, workers (us): 310, ---, ---, 
[7.735s][info][gc,stats    ]   CMR: VM Strong Roots                5 us, workers (us):   5, ---, ---, 
[7.735s][info][gc,stats    ]   CMR: CLDG Roots                    39 us, workers (us):  39, ---, ---, 
[7.735s][info][gc,stats    ] Concurrent Marking                30491 us
[7.735s][info][gc,stats    ] Pause Final Mark (G)                505 us
[7.735s][info][gc,stats    ] Pause Final Mark (N)                367 us
[7.735s][info][gc,stats    ]   Finish Mark                       102 us
[7.735s][info][gc,stats    ]   Update Region States               89 us
[7.735s][info][gc,stats    ]   Choose Collection Set              63 us
[7.735s][info][gc,stats    ]   Rebuild Free Set                   16 us
[7.735s][info][gc,stats    ] Concurrent Weak References          207 us, parallelism: 0.03x
[7.735s][info][gc,stats    ]   CWRF: <total>                       7 us
[7.735s][info][gc,stats    ]   CWRF: Weak References               7 us, workers (us):   7, ---, ---, 
[7.735s][info][gc,stats    ] Concurrent Weak Roots               672 us
[7.735s][info][gc,stats    ]   Roots                             538 us, parallelism: 0.86x
[7.735s][info][gc,stats    ]     CWR: <total>                    464 us
[7.735s][info][gc,stats    ]     CWR: Code Cache Roots           342 us, workers (us): 342, ---, ---, 
[7.735s][info][gc,stats    ]     CWR: VM Weak Roots              116 us, workers (us): 116, ---, ---, 
[7.735s][info][gc,stats    ]     CWR: CLDG Roots                   6 us, workers (us):   6, ---, ---, 
[7.735s][info][gc,stats    ]   Rendezvous                         83 us
[7.735s][info][gc,stats    ] Concurrent Cleanup                   50 us
[7.735s][info][gc,stats    ] Concurrent Class Unloading         1688 us
[7.735s][info][gc,stats    ]   Unlink Stale                     1509 us
[7.735s][info][gc,stats    ]     System Dictionary                 3 us
[7.735s][info][gc,stats    ]     Weak Class Links                  0 us
[7.735s][info][gc,stats    ]     Code Roots                     1505 us
[7.736s][info][gc,stats    ]   Rendezvous                         61 us
[7.736s][info][gc,stats    ]   Purge Unlinked                     65 us
[7.736s][info][gc,stats    ]     Code Roots                       60 us
[7.736s][info][gc,stats    ]     CLDG                              4 us
[7.736s][info][gc,stats    ]     Exception Caches                  0 us
[7.736s][info][gc,stats    ] Pause Final Roots (G)               186 us
[7.736s][info][gc,stats    ] Pause Final Roots (N)                59 us
[7.736s][info][gc,stats    ] 
[7.736s][info][gc,stats    ] Allocation pacing accrued:
[7.736s][info][gc,stats    ]       0 of   922 ms (  0.0%): <total>
[7.736s][info][gc,stats    ]       0 of   922 ms (  0.0%): <average total>
[7.736s][info][gc,stats    ] 
[7.736s][info][gc,metaspace] Metaspace: 8892K(9152K)->8892K(9152K) NonClass: 7720K(7872K)->7720K(7872K) Class: 1171K(1280K)->1171K(1280K)
[7.736s][info][gc,ergo     ] Pacer for Idle. Initial: 163M, Alloc Tax Rate: 1.0x
[8.389s][info][gc          ] Trigger: Explicit GC request (System.gc())
[8.389s][info][gc,ergo     ] Free: 6780M, Max: 4096K regular, 5648M humongous, Frag: 17% external, 0% internal; Reserve: 412M, Max: 4096K
[8.389s][info][gc,start    ] GC(8) Concurrent reset
[8.389s][info][gc,task     ] GC(8) Using 1 of 3 workers for concurrent reset
[8.389s][info][gc,ergo     ] GC(8) Pacer for Reset. Non-Taxable: 8192M
[8.390s][info][gc          ] GC(8) Concurrent reset 0.774ms
[8.390s][info][gc,start    ] GC(8) Pause Init Mark (unload classes)
[8.390s][info][gc,task     ] GC(8) Using 3 of 3 workers for init marking
[8.390s][info][gc,ref      ] GC(8) Clearing All SoftReferences
[8.390s][info][gc,ergo     ] GC(8) Pacer for Mark. Expected Live: 14657K, Free: 6780M, Non-Taxable: 678M, Alloc Tax Rate: 0.0x
[8.390s][info][gc          ] GC(8) Pause Init Mark (unload classes) 0.118ms
[8.390s][info][gc,start    ] GC(8) Concurrent marking roots
[8.390s][info][gc,task     ] GC(8) Using 1 of 3 workers for concurrent marking roots
[8.391s][info][gc          ] GC(8) Concurrent marking roots 0.406ms
[8.391s][info][gc,start    ] GC(8) Concurrent marking (unload classes)
[8.391s][info][gc,task     ] GC(8) Using 1 of 3 workers for concurrent marking
[8.394s][info][gc          ] GC(8) Concurrent marking (unload classes) 3.506ms
[8.394s][info][gc,start    ] GC(8) Pause Final Mark (unload classes)
[8.394s][info][gc,task     ] GC(8) Using 3 of 3 workers for final marking
[8.395s][info][gc,ergo     ] GC(8) Collectable Garbage: 943M (94%), Immediate: 943M (94%), CSet: 0B (0%)
[8.395s][info][gc          ] GC(8) Pause Final Mark (unload classes) 0.217ms
[8.395s][info][gc,start    ] GC(8) Concurrent weak references
[8.395s][info][gc,task     ] GC(8) Using 1 of 3 workers for concurrent weak references
[8.395s][info][gc,ref      ] GC(8) Encountered references: Soft: 144, Weak: 702, Final: 0, Phantom: 27
[8.395s][info][gc,ref      ] GC(8) Discovered  references: Soft: 89, Weak: 168, Final: 0, Phantom: 25
[8.395s][info][gc,ref      ] GC(8) Enqueued    references: Soft: 3, Weak: 0, Final: 0, Phantom: 0
[8.395s][info][gc          ] GC(8) Concurrent weak references 0.152ms
[8.395s][info][gc,start    ] GC(8) Concurrent weak roots
[8.395s][info][gc,task     ] GC(8) Using 1 of 3 workers for concurrent weak root
[8.396s][info][gc          ] GC(8) Concurrent weak roots 0.610ms
[8.396s][info][gc,start    ] GC(8) Concurrent cleanup
[8.396s][info][gc          ] GC(8) Concurrent cleanup 999M->55M(8192M) 0.030ms
[8.396s][info][gc,ergo     ] GC(8) Free: 7724M, Max: 4096K regular, 6908M humongous, Frag: 11% external, 0% internal; Reserve: 412M, Max: 4096K
[8.396s][info][gc,start    ] GC(8) Concurrent class unloading
[8.396s][info][gc,task     ] GC(8) Using 1 of 3 workers for concurrent class unloading
[8.397s][info][gc          ] GC(8) Concurrent class unloading 1.889ms
[8.398s][info][gc,start    ] GC(8) Pause Final Roots
[8.398s][info][gc          ] GC(8) Pause Final Roots 0.053ms
[8.398s][info][gc,ergo     ] Free: 7724M, Max: 4096K regular, 6908M humongous, Frag: 11% external, 0% internal; Reserve: 412M, Max: 4096K
[8.398s][info][gc,stats    ] 
[8.398s][info][gc,stats    ] All times are wall-clock times, except per-root-class counters, that are sum over
[8.398s][info][gc,stats    ] all workers. Dividing the <total> over the root stage time estimates parallelism.
[8.398s][info][gc,stats    ] 
[8.398s][info][gc,stats    ] Concurrent Reset                    828 us
[8.398s][info][gc,stats    ] Pause Init Mark (G)                 200 us
[8.398s][info][gc,stats    ] Pause Init Mark (N)                 126 us
[8.398s][info][gc,stats    ]   Update Region States               57 us
[8.398s][info][gc,stats    ] Concurrent Mark Roots               425 us, parallelism: 0.78x
[8.398s][info][gc,stats    ]   CMR: <total>                      333 us
[8.398s][info][gc,stats    ]   CMR: Thread Roots                 287 us, workers (us): 287, ---, ---, 
[8.398s][info][gc,stats    ]   CMR: VM Strong Roots                6 us, workers (us):   6, ---, ---, 
[8.398s][info][gc,stats    ]   CMR: CLDG Roots                    40 us, workers (us):  40, ---, ---, 
[8.398s][info][gc,stats    ] Concurrent Marking                 3571 us
[8.398s][info][gc,stats    ] Pause Final Mark (G)                298 us
[8.398s][info][gc,stats    ] Pause Final Mark (N)                226 us
[8.398s][info][gc,stats    ]   Finish Mark                        89 us
[8.398s][info][gc,stats    ]   Update Region States               54 us
[8.398s][info][gc,stats    ]   Choose Collection Set              33 us
[8.398s][info][gc,stats    ]   Rebuild Free Set                    9 us
[8.398s][info][gc,stats    ] Concurrent Weak References          168 us, parallelism: 0.04x
[8.398s][info][gc,stats    ]   CWRF: <total>                       7 us
[8.398s][info][gc,stats    ]   CWRF: Weak References               7 us, workers (us):   7, ---, ---, 
[8.398s][info][gc,stats    ] Concurrent Weak Roots               629 us
[8.398s][info][gc,stats    ]   Roots                             536 us, parallelism: 0.86x
[8.398s][info][gc,stats    ]     CWR: <total>                    462 us
[8.398s][info][gc,stats    ]     CWR: Code Cache Roots           341 us, workers (us): 341, ---, ---, 
[8.398s][info][gc,stats    ]     CWR: VM Weak Roots              115 us, workers (us): 115, ---, ---, 
[8.398s][info][gc,stats    ]     CWR: CLDG Roots                   6 us, workers (us):   6, ---, ---, 
[8.398s][info][gc,stats    ]   Rendezvous                         42 us
[8.398s][info][gc,stats    ] Concurrent Cleanup                   38 us
[8.398s][info][gc,stats    ] Concurrent Class Unloading         1937 us
[8.398s][info][gc,stats    ]   Unlink Stale                     1527 us
[8.398s][info][gc,stats    ]     System Dictionary                 3 us
[8.398s][info][gc,stats    ]     Weak Class Links                  0 us
[8.398s][info][gc,stats    ]     Code Roots                     1523 us
[8.398s][info][gc,stats    ]   Rendezvous                        249 us
[8.398s][info][gc,stats    ]   Purge Unlinked                     96 us
[8.398s][info][gc,stats    ]     Code Roots                       87 us
[8.398s][info][gc,stats    ]     CLDG                              8 us
[8.398s][info][gc,stats    ]     Exception Caches                  0 us
[8.398s][info][gc,stats    ] Pause Final Roots (G)               191 us
[8.398s][info][gc,stats    ] Pause Final Roots (N)                75 us
[8.398s][info][gc,stats    ] 
[8.398s][info][gc,stats    ] Allocation pacing accrued:
[8.398s][info][gc,stats    ]       0 of   663 ms (  0.0%): <total>
[8.398s][info][gc,stats    ]       0 of   663 ms (  0.0%): <average total>
[8.398s][info][gc,stats    ] 
[8.398s][info][gc,metaspace] Metaspace: 8892K(9152K)->8892K(9152K) NonClass: 7720K(7872K)->7720K(7872K) Class: 1171K(1280K)->1171K(1280K)
[8.398s][info][gc,ergo     ] Pacer for Idle. Initial: 163M, Alloc Tax Rate: 1.0x
[9.316s][info][gc          ] Trigger: Learning 2 of 5. Free (5724M) is below initial threshold (5734M)
[9.316s][info][gc,ergo     ] Free: 5724M, Max: 4096K regular, 5724M humongous, Frag: 0% external, 0% internal; Reserve: 412M, Max: 4096K
[9.316s][info][gc,start    ] GC(9) Concurrent reset
[9.316s][info][gc,task     ] GC(9) Using 1 of 3 workers for concurrent reset
[9.316s][info][gc,ergo     ] GC(9) Pacer for Reset. Non-Taxable: 8192M
[9.317s][info][gc          ] GC(9) Concurrent reset 0.526ms
[9.317s][info][gc,start    ] GC(9) Pause Init Mark (unload classes)
[9.317s][info][gc,task     ] GC(9) Using 3 of 3 workers for init marking
[9.317s][info][gc,ergo     ] GC(9) Pacer for Mark. Expected Live: 10781K, Free: 5720M, Non-Taxable: 572M, Alloc Tax Rate: 0.0x
[9.317s][info][gc          ] GC(9) Pause Init Mark (unload classes) 0.130ms
[9.317s][info][gc,start    ] GC(9) Concurrent marking roots
[9.317s][info][gc,task     ] GC(9) Using 1 of 3 workers for concurrent marking roots
[9.318s][info][gc          ] GC(9) Concurrent marking roots 0.463ms
[9.318s][info][gc,start    ] GC(9) Concurrent marking (unload classes)
[9.318s][info][gc,task     ] GC(9) Using 1 of 3 workers for concurrent marking
[9.331s][info][gc          ] GC(9) Concurrent marking (unload classes) 13.115ms
[9.331s][info][gc,start    ] GC(9) Pause Final Mark (unload classes)
[9.331s][info][gc,task     ] GC(9) Using 3 of 3 workers for final marking
[9.331s][info][gc,ergo     ] GC(9) Collectable Garbage: 1960M (95%), Immediate: 1960M (95%), CSet: 0B (0%)
[9.331s][info][gc          ] GC(9) Pause Final Mark (unload classes) 0.372ms
[9.331s][info][gc,start    ] GC(9) Concurrent weak references
[9.331s][info][gc,task     ] GC(9) Using 1 of 3 workers for concurrent weak references
[9.331s][info][gc,ref      ] GC(9) Encountered references: Soft: 144, Weak: 702, Final: 0, Phantom: 27
[9.332s][info][gc,ref      ] GC(9) Discovered  references: Soft: 0, Weak: 150, Final: 0, Phantom: 25
[9.332s][info][gc,ref      ] GC(9) Enqueued    references: Soft: 0, Weak: 0, Final: 0, Phantom: 0
[9.332s][info][gc          ] GC(9) Concurrent weak references 0.141ms
[9.332s][info][gc,start    ] GC(9) Concurrent weak roots
[9.332s][info][gc,task     ] GC(9) Using 1 of 3 workers for concurrent weak root
[9.332s][info][gc          ] GC(9) Concurrent weak roots 0.488ms
[9.332s][info][gc,start    ] GC(9) Concurrent cleanup
[9.332s][info][gc          ] GC(9) Concurrent cleanup 2091M->131M(8192M) 0.044ms
[9.332s][info][gc,ergo     ] GC(9) Free: 7648M, Max: 4096K regular, 5688M humongous, Frag: 26% external, 0% internal; Reserve: 412M, Max: 4096K
[9.332s][info][gc,start    ] GC(9) Concurrent class unloading
[9.332s][info][gc,task     ] GC(9) Using 1 of 3 workers for concurrent class unloading
[9.334s][info][gc          ] GC(9) Concurrent class unloading 1.897ms
[9.334s][info][gc,start    ] GC(9) Pause Final Roots
[9.334s][info][gc          ] GC(9) Pause Final Roots 0.037ms
[9.334s][info][gc,ergo     ] Free: 7644M, Max: 4096K regular, 5688M humongous, Frag: 26% external, 0% internal; Reserve: 412M, Max: 4096K
[9.334s][info][gc,stats    ] 
[9.334s][info][gc,stats    ] All times are wall-clock times, except per-root-class counters, that are sum over
[9.334s][info][gc,stats    ] all workers. Dividing the <total> over the root stage time estimates parallelism.
[9.334s][info][gc,stats    ] 
[9.334s][info][gc,stats    ] Concurrent Reset                    563 us
[9.334s][info][gc,stats    ] Pause Init Mark (G)                 255 us
[9.334s][info][gc,stats    ] Pause Init Mark (N)                 139 us
[9.334s][info][gc,stats    ]   Update Region States               69 us
[9.334s][info][gc,stats    ] Concurrent Mark Roots               476 us, parallelism: 0.77x
[9.334s][info][gc,stats    ]   CMR: <total>                      368 us
[9.334s][info][gc,stats    ]   CMR: Thread Roots                 330 us, workers (us): 330, ---, ---, 
[9.334s][info][gc,stats    ]   CMR: VM Strong Roots                5 us, workers (us):   5, ---, ---, 
[9.334s][info][gc,stats    ]   CMR: CLDG Roots                    34 us, workers (us):  34, ---, ---, 
[9.334s][info][gc,stats    ] Concurrent Marking                13179 us
[9.334s][info][gc,stats    ] Pause Final Mark (G)                542 us
[9.334s][info][gc,stats    ] Pause Final Mark (N)                395 us
[9.334s][info][gc,stats    ]   Finish Mark                       141 us
[9.335s][info][gc,stats    ]   Update Region States               61 us
[9.335s][info][gc,stats    ]   Choose Collection Set              68 us
[9.335s][info][gc,stats    ]   Rebuild Free Set                   17 us
[9.335s][info][gc,stats    ] Concurrent Weak References          157 us, parallelism: 0.05x
[9.335s][info][gc,stats    ]   CWRF: <total>                       8 us
[9.335s][info][gc,stats    ]   CWRF: Weak References               8 us, workers (us):   8, ---, ---, 
[9.335s][info][gc,stats    ] Concurrent Weak Roots               502 us
[9.335s][info][gc,stats    ]   Roots                             411 us, parallelism: 0.92x
[9.335s][info][gc,stats    ]     CWR: <total>                    380 us
[9.335s][info][gc,stats    ]     CWR: Code Cache Roots           309 us, workers (us): 309, ---, ---, 
[9.335s][info][gc,stats    ]     CWR: VM Weak Roots               65 us, workers (us):  65, ---, ---, 
[9.335s][info][gc,stats    ]     CWR: CLDG Roots                   5 us, workers (us):   5, ---, ---, 
[9.335s][info][gc,stats    ]   Rendezvous                         46 us
[9.335s][info][gc,stats    ] Concurrent Cleanup                   53 us
[9.335s][info][gc,stats    ] Concurrent Class Unloading         1921 us
[9.335s][info][gc,stats    ]   Unlink Stale                     1768 us
[9.335s][info][gc,stats    ]     System Dictionary                 3 us
[9.335s][info][gc,stats    ]     Weak Class Links                  0 us
[9.335s][info][gc,stats    ]     Code Roots                     1764 us
[9.335s][info][gc,stats    ]   Rendezvous                         47 us
[9.335s][info][gc,stats    ]   Purge Unlinked                     66 us
[9.335s][info][gc,stats    ]     Code Roots                       61 us
[9.335s][info][gc,stats    ]     CLDG                              5 us
[9.335s][info][gc,stats    ]     Exception Caches                  0 us
[9.335s][info][gc,stats    ] Pause Final Roots (G)               131 us
[9.335s][info][gc,stats    ] Pause Final Roots (N)                47 us
[9.335s][info][gc,stats    ] 
[9.335s][info][gc,stats    ] Allocation pacing accrued:
[9.335s][info][gc,stats    ]       0 of   937 ms (  0.0%): <total>
[9.335s][info][gc,stats    ]       0 of   937 ms (  0.0%): <average total>
[9.335s][info][gc,stats    ] 
[9.335s][info][gc,metaspace] Metaspace: 8892K(9152K)->8892K(9152K) NonClass: 7720K(7872K)->7720K(7872K) Class: 1171K(1280K)->1171K(1280K)
[9.335s][info][gc,ergo     ] Pacer for Idle. Initial: 163M, Alloc Tax Rate: 1.0x
[10.227s][info][gc          ] Trigger: Learning 3 of 5. Free (5704M) is below initial threshold (5734M)
[10.227s][info][gc,ergo     ] Free: 5704M, Max: 4096K regular, 5688M humongous, Frag: 1% external, 0% internal; Reserve: 412M, Max: 4096K
[10.227s][info][gc,start    ] GC(10) Concurrent reset
[10.227s][info][gc,task     ] GC(10) Using 1 of 3 workers for concurrent reset
[10.227s][info][gc,ergo     ] GC(10) Pacer for Reset. Non-Taxable: 8192M
[10.228s][info][gc          ] GC(10) Concurrent reset 0.817ms
[10.228s][info][gc,start    ] GC(10) Pause Init Mark (unload classes)
[10.228s][info][gc,task     ] GC(10) Using 3 of 3 workers for init marking
[10.228s][info][gc,ergo     ] GC(10) Pacer for Mark. Expected Live: 12084K, Free: 5704M, Non-Taxable: 570M, Alloc Tax Rate: 0.0x
[10.228s][info][gc          ] GC(10) Pause Init Mark (unload classes) 0.130ms
[10.228s][info][gc,start    ] GC(10) Concurrent marking roots
[10.228s][info][gc,task     ] GC(10) Using 1 of 3 workers for concurrent marking roots
[10.228s][info][gc          ] GC(10) Concurrent marking roots 0.490ms
[10.228s][info][gc,start    ] GC(10) Concurrent marking (unload classes)
[10.228s][info][gc,task     ] GC(10) Using 1 of 3 workers for concurrent marking
[10.249s][info][gc          ] GC(10) Concurrent marking (unload classes) 20.580ms
[10.249s][info][gc,start    ] GC(10) Pause Final Mark (unload classes)
[10.249s][info][gc,task     ] GC(10) Using 3 of 3 workers for final marking
[10.249s][info][gc,ergo     ] GC(10) Collectable Garbage: 1951M (94%), Immediate: 1951M (94%), CSet: 0B (0%)
[10.249s][info][gc          ] GC(10) Pause Final Mark (unload classes) 0.302ms
[10.250s][info][gc,start    ] GC(10) Concurrent weak references
[10.250s][info][gc,task     ] GC(10) Using 1 of 3 workers for concurrent weak references
[10.250s][info][gc,ref      ] GC(10) Encountered references: Soft: 144, Weak: 702, Final: 0, Phantom: 27
[10.250s][info][gc,ref      ] GC(10) Discovered  references: Soft: 0, Weak: 150, Final: 0, Phantom: 12
[10.250s][info][gc,ref      ] GC(10) Enqueued    references: Soft: 0, Weak: 0, Final: 0, Phantom: 0
[10.250s][info][gc          ] GC(10) Concurrent weak references 0.143ms
[10.250s][info][gc,start    ] GC(10) Concurrent weak roots
[10.250s][info][gc,task     ] GC(10) Using 1 of 3 workers for concurrent weak root
[10.250s][info][gc          ] GC(10) Concurrent weak roots 0.514ms
[10.250s][info][gc,start    ] GC(10) Concurrent cleanup
[10.250s][info][gc          ] GC(10) Concurrent cleanup 2107M->155M(8192M) 0.041ms
[10.250s][info][gc,ergo     ] GC(10) Free: 7624M, Max: 4096K regular, 5672M humongous, Frag: 26% external, 0% internal; Reserve: 412M, Max: 4096K
[10.250s][info][gc,start    ] GC(10) Concurrent class unloading
[10.250s][info][gc,task     ] GC(10) Using 1 of 3 workers for concurrent class unloading
[10.252s][info][gc          ] GC(10) Concurrent class unloading 1.919ms
[10.252s][info][gc,start    ] GC(10) Pause Final Roots
[10.252s][info][gc          ] GC(10) Pause Final Roots 0.044ms
[10.252s][info][gc,ergo     ] Free: 7620M, Max: 4096K regular, 5672M humongous, Frag: 26% external, 0% internal; Reserve: 412M, Max: 4096K
[10.253s][info][gc,stats    ] 
[10.253s][info][gc,stats    ] All times are wall-clock times, except per-root-class counters, that are sum over
[10.253s][info][gc,stats    ] all workers. Dividing the <total> over the root stage time estimates parallelism.
[10.253s][info][gc,stats    ] 
[10.253s][info][gc,stats    ] Concurrent Reset                    882 us
[10.253s][info][gc,stats    ] Pause Init Mark (G)                 284 us
[10.253s][info][gc,stats    ] Pause Init Mark (N)                 146 us
[10.253s][info][gc,stats    ]   Update Region States               63 us
[10.253s][info][gc,stats    ] Concurrent Mark Roots               526 us, parallelism: 0.67x
[10.253s][info][gc,stats    ]   CMR: <total>                      354 us
[10.253s][info][gc,stats    ]   CMR: Thread Roots                 309 us, workers (us): 309, ---, ---, 
[10.253s][info][gc,stats    ]   CMR: VM Strong Roots                5 us, workers (us):   5, ---, ---, 
[10.253s][info][gc,stats    ]   CMR: CLDG Roots                    40 us, workers (us):  40, ---, ---, 
[10.253s][info][gc,stats    ] Concurrent Marking                20647 us
[10.253s][info][gc,stats    ] Pause Final Mark (G)                457 us
[10.253s][info][gc,stats    ] Pause Final Mark (N)                319 us
[10.253s][info][gc,stats    ]   Finish Mark                       102 us
[10.253s][info][gc,stats    ]   Update Region States               57 us
[10.253s][info][gc,stats    ]   Choose Collection Set              49 us
[10.253s][info][gc,stats    ]   Rebuild Free Set                   17 us
[10.253s][info][gc,stats    ] Concurrent Weak References          150 us, parallelism: 0.05x
[10.253s][info][gc,stats    ]   CWRF: <total>                       8 us
[10.253s][info][gc,stats    ]   CWRF: Weak References               8 us, workers (us):   8, ---, ---, 
[10.253s][info][gc,stats    ] Concurrent Weak Roots               533 us
[10.253s][info][gc,stats    ]   Roots                             412 us, parallelism: 0.88x
[10.253s][info][gc,stats    ]     CWR: <total>                    361 us
[10.253s][info][gc,stats    ]     CWR: Code Cache Roots           294 us, workers (us): 294, ---, ---, 
[10.253s][info][gc,stats    ]     CWR: VM Weak Roots               62 us, workers (us):  62, ---, ---, 
[10.253s][info][gc,stats    ]     CWR: CLDG Roots                   5 us, workers (us):   5, ---, ---, 
[10.253s][info][gc,stats    ]   Rendezvous                         87 us
[10.253s][info][gc,stats    ] Concurrent Cleanup                   49 us
[10.253s][info][gc,stats    ] Concurrent Class Unloading         1968 us
[10.253s][info][gc,stats    ]   Unlink Stale                     1642 us
[10.253s][info][gc,stats    ]     System Dictionary                 3 us
[10.253s][info][gc,stats    ]     Weak Class Links                  0 us
[10.253s][info][gc,stats    ]     Code Roots                     1638 us
[10.253s][info][gc,stats    ]   Rendezvous                        144 us
[10.253s][info][gc,stats    ]   Purge Unlinked                    111 us
[10.253s][info][gc,stats    ]     Code Roots                      102 us
[10.253s][info][gc,stats    ]     CLDG                              8 us
[10.253s][info][gc,stats    ]     Exception Caches                  0 us
[10.253s][info][gc,stats    ] Pause Final Roots (G)               159 us
[10.253s][info][gc,stats    ] Pause Final Roots (N)                53 us
[10.253s][info][gc,stats    ] 
[10.253s][info][gc,stats    ] Allocation pacing accrued:
[10.253s][info][gc,stats    ]       0 of   918 ms (  0.0%): <total>
[10.253s][info][gc,stats    ]       0 of   918 ms (  0.0%): <average total>
[10.253s][info][gc,stats    ] 
[10.253s][info][gc,metaspace] Metaspace: 8892K(9152K)->8892K(9152K) NonClass: 7720K(7872K)->7720K(7872K) Class: 1171K(1280K)->1171K(1280K)
[10.253s][info][gc,ergo     ] Pacer for Idle. Initial: 163M, Alloc Tax Rate: 1.0x
[11.153s][info][gc          ] Trigger: Learning 4 of 5. Free (5732M) is below initial threshold (5734M)
[11.153s][info][gc,ergo     ] Free: 5732M, Max: 4096K regular, 5672M humongous, Frag: 2% external, 0% internal; Reserve: 412M, Max: 4096K
[11.153s][info][gc,start    ] GC(11) Concurrent reset
[11.153s][info][gc,task     ] GC(11) Using 1 of 3 workers for concurrent reset
[11.153s][info][gc,ergo     ] GC(11) Pacer for Reset. Non-Taxable: 8192M
[11.154s][info][gc          ] GC(11) Concurrent reset 1.456ms
[11.155s][info][gc,start    ] GC(11) Pause Init Mark (unload classes)
[11.155s][info][gc,task     ] GC(11) Using 3 of 3 workers for init marking
[11.155s][info][gc,ergo     ] GC(11) Pacer for Mark. Expected Live: 13303K, Free: 5728M, Non-Taxable: 572M, Alloc Tax Rate: 0.0x
[11.155s][info][gc          ] GC(11) Pause Init Mark (unload classes) 0.108ms
[11.155s][info][gc,start    ] GC(11) Concurrent marking roots
[11.155s][info][gc,task     ] GC(11) Using 1 of 3 workers for concurrent marking roots
[11.155s][info][gc          ] GC(11) Concurrent marking roots 0.528ms
[11.155s][info][gc,start    ] GC(11) Concurrent marking (unload classes)
[11.155s][info][gc,task     ] GC(11) Using 1 of 3 workers for concurrent marking
[11.186s][info][gc          ] GC(11) Concurrent marking (unload classes) 30.629ms
[11.186s][info][gc,start    ] GC(11) Pause Final Mark (unload classes)
[11.186s][info][gc,task     ] GC(11) Using 3 of 3 workers for final marking
[11.186s][info][gc,ergo     ] GC(11) Collectable Garbage: 1940M (95%), Immediate: 1940M (95%), CSet: 0B (0%)
[11.186s][info][gc          ] GC(11) Pause Final Mark (unload classes) 0.233ms
[11.186s][info][gc,start    ] GC(11) Concurrent weak references
[11.186s][info][gc,task     ] GC(11) Using 1 of 3 workers for concurrent weak references
[11.186s][info][gc,ref      ] GC(11) Encountered references: Soft: 144, Weak: 702, Final: 0, Phantom: 27
[11.186s][info][gc,ref      ] GC(11) Discovered  references: Soft: 0, Weak: 150, Final: 0, Phantom: 12
[11.186s][info][gc,ref      ] GC(11) Enqueued    references: Soft: 0, Weak: 0, Final: 0, Phantom: 0
[11.186s][info][gc          ] GC(11) Concurrent weak references 0.127ms
[11.186s][info][gc,start    ] GC(11) Concurrent weak roots
[11.187s][info][gc,task     ] GC(11) Using 1 of 3 workers for concurrent weak root
[11.187s][info][gc          ] GC(11) Concurrent weak roots 0.543ms
[11.187s][info][gc,start    ] GC(11) Concurrent cleanup
[11.187s][info][gc          ] GC(11) Concurrent cleanup 2119M->179M(8192M) 0.041ms
[11.187s][info][gc,ergo     ] GC(11) Free: 7600M, Max: 4096K regular, 5660M humongous, Frag: 26% external, 0% internal; Reserve: 412M, Max: 4096K
[11.187s][info][gc,start    ] GC(11) Concurrent class unloading
[11.187s][info][gc,task     ] GC(11) Using 1 of 3 workers for concurrent class unloading
[11.189s][info][gc          ] GC(11) Concurrent class unloading 2.248ms
[11.189s][info][gc,start    ] GC(11) Pause Final Roots
[11.189s][info][gc          ] GC(11) Pause Final Roots 0.023ms
[11.190s][info][gc,ergo     ] Free: 7596M, Max: 4096K regular, 5660M humongous, Frag: 26% external, 0% internal; Reserve: 412M, Max: 4096K
[11.190s][info][gc,stats    ] 
[11.190s][info][gc,stats    ] All times are wall-clock times, except per-root-class counters, that are sum over
[11.190s][info][gc,stats    ] all workers. Dividing the <total> over the root stage time estimates parallelism.
[11.190s][info][gc,stats    ] 
[11.190s][info][gc,stats    ] Concurrent Reset                   1513 us
[11.190s][info][gc,stats    ] Pause Init Mark (G)                 236 us
[11.190s][info][gc,stats    ] Pause Init Mark (N)                 117 us
[11.190s][info][gc,stats    ]   Update Region States               59 us
[11.190s][info][gc,stats    ] Concurrent Mark Roots               564 us, parallelism: 0.70x
[11.190s][info][gc,stats    ]   CMR: <total>                      393 us
[11.190s][info][gc,stats    ]   CMR: Thread Roots                 351 us, workers (us): 351, ---, ---, 
[11.190s][info][gc,stats    ]   CMR: VM Strong Roots                5 us, workers (us):   5, ---, ---, 
[11.190s][info][gc,stats    ]   CMR: CLDG Roots                    38 us, workers (us):  38, ---, ---, 
[11.190s][info][gc,stats    ] Concurrent Marking                30684 us
[11.190s][info][gc,stats    ] Pause Final Mark (G)                344 us
[11.190s][info][gc,stats    ] Pause Final Mark (N)                242 us
[11.190s][info][gc,stats    ]   Finish Mark                        81 us
[11.190s][info][gc,stats    ]   Update Region States               57 us
[11.190s][info][gc,stats    ]   Choose Collection Set              39 us
[11.190s][info][gc,stats    ]   Rebuild Free Set                    8 us
[11.190s][info][gc,stats    ] Concurrent Weak References          134 us, parallelism: 0.03x
[11.190s][info][gc,stats    ]   CWRF: <total>                       4 us
[11.190s][info][gc,stats    ]   CWRF: Weak References               4 us, workers (us):   4, ---, ---, 
[11.190s][info][gc,stats    ] Concurrent Weak Roots               561 us
[11.190s][info][gc,stats    ]   Roots                             471 us, parallelism: 0.89x
[11.190s][info][gc,stats    ]     CWR: <total>                    419 us
[11.190s][info][gc,stats    ]     CWR: Code Cache Roots           346 us, workers (us): 346, ---, ---, 
[11.190s][info][gc,stats    ]     CWR: VM Weak Roots               67 us, workers (us):  67, ---, ---, 
[11.190s][info][gc,stats    ]     CWR: CLDG Roots                   6 us, workers (us):   6, ---, ---, 
[11.190s][info][gc,stats    ]   Rendezvous                         56 us
[11.190s][info][gc,stats    ] Concurrent Cleanup                   49 us
[11.190s][info][gc,stats    ] Concurrent Class Unloading         2295 us
[11.190s][info][gc,stats    ]   Unlink Stale                     1961 us
[11.190s][info][gc,stats    ]     System Dictionary                 3 us
[11.190s][info][gc,stats    ]     Weak Class Links                  0 us
[11.190s][info][gc,stats    ]     Code Roots                     1957 us
[11.190s][info][gc,stats    ]   Rendezvous                        120 us
[11.190s][info][gc,stats    ]   Purge Unlinked                    149 us
[11.190s][info][gc,stats    ]     Code Roots                      140 us
[11.190s][info][gc,stats    ]     CLDG                              8 us
[11.190s][info][gc,stats    ]     Exception Caches                  0 us
[11.190s][info][gc,stats    ] Pause Final Roots (G)               132 us
[11.190s][info][gc,stats    ] Pause Final Roots (N)                31 us
[11.190s][info][gc,stats    ] 
[11.190s][info][gc,stats    ] Allocation pacing accrued:
[11.190s][info][gc,stats    ]       0 of   937 ms (  0.0%): <total>
[11.190s][info][gc,stats    ]       0 of   937 ms (  0.0%): <average total>
[11.190s][info][gc,stats    ] 
[11.190s][info][gc,metaspace] Metaspace: 8892K(9152K)->8892K(9152K) NonClass: 7720K(7872K)->7720K(7872K) Class: 1171K(1280K)->1171K(1280K)
[11.190s][info][gc,ergo     ] Pacer for Idle. Initial: 163M, Alloc Tax Rate: 1.0x
[11.875s][info][gc          ] Trigger: Explicit GC request (System.gc())
[11.875s][info][gc,ergo     ] Free: 6764M, Max: 4096K regular, 5660M humongous, Frag: 17% external, 0% internal; Reserve: 412M, Max: 4096K
[11.875s][info][gc,start    ] GC(12) Concurrent reset
[11.875s][info][gc,task     ] GC(12) Using 1 of 3 workers for concurrent reset
[11.875s][info][gc,ergo     ] GC(12) Pacer for Reset. Non-Taxable: 8192M
[11.876s][info][gc          ] GC(12) Concurrent reset 1.034ms
[11.876s][info][gc,start    ] GC(12) Pause Init Mark (unload classes)
[11.876s][info][gc,task     ] GC(12) Using 3 of 3 workers for init marking
[11.877s][info][gc,ref      ] GC(12) Clearing All SoftReferences
[11.877s][info][gc,ergo     ] GC(12) Pacer for Mark. Expected Live: 14558K, Free: 6764M, Non-Taxable: 676M, Alloc Tax Rate: 0.0x
[11.877s][info][gc          ] GC(12) Pause Init Mark (unload classes) 0.182ms
[11.877s][info][gc,start    ] GC(12) Concurrent marking roots
[11.877s][info][gc,task     ] GC(12) Using 1 of 3 workers for concurrent marking roots
[11.877s][info][gc          ] GC(12) Concurrent marking roots 0.473ms
[11.877s][info][gc,start    ] GC(12) Concurrent marking (unload classes)
[11.877s][info][gc,task     ] GC(12) Using 1 of 3 workers for concurrent marking
[11.881s][info][gc          ] GC(12) Concurrent marking (unload classes) 3.615ms
[11.881s][info][gc,start    ] GC(12) Pause Final Mark (unload classes)
[11.881s][info][gc,task     ] GC(12) Using 3 of 3 workers for final marking
[11.881s][info][gc,ergo     ] GC(12) Collectable Garbage: 959M (94%), Immediate: 959M (94%), CSet: 0B (0%)
[11.881s][info][gc          ] GC(12) Pause Final Mark (unload classes) 0.297ms
[11.881s][info][gc,start    ] GC(12) Concurrent weak references
[11.881s][info][gc,task     ] GC(12) Using 1 of 3 workers for concurrent weak references
[11.881s][info][gc,ref      ] GC(12) Encountered references: Soft: 144, Weak: 702, Final: 0, Phantom: 27
[11.881s][info][gc,ref      ] GC(12) Discovered  references: Soft: 89, Weak: 168, Final: 0, Phantom: 25
[11.881s][info][gc,ref      ] GC(12) Enqueued    references: Soft: 3, Weak: 0, Final: 0, Phantom: 0
[11.881s][info][gc          ] GC(12) Concurrent weak references 0.153ms
[11.881s][info][gc,start    ] GC(12) Concurrent weak roots
[11.881s][info][gc,task     ] GC(12) Using 1 of 3 workers for concurrent weak root
[11.882s][info][gc          ] GC(12) Concurrent weak roots 0.511ms
[11.882s][info][gc,start    ] GC(12) Concurrent cleanup
[11.882s][info][gc          ] GC(12) Concurrent cleanup 1015M->55M(8192M) 0.034ms
[11.882s][info][gc,ergo     ] GC(12) Free: 7724M, Max: 4096K regular, 6876M humongous, Frag: 11% external, 0% internal; Reserve: 412M, Max: 4096K
[11.882s][info][gc,start    ] GC(12) Concurrent class unloading
[11.882s][info][gc,task     ] GC(12) Using 1 of 3 workers for concurrent class unloading
[11.884s][info][gc          ] GC(12) Concurrent class unloading 2.161ms
[11.884s][info][gc,start    ] GC(12) Pause Final Roots
[11.884s][info][gc          ] GC(12) Pause Final Roots 0.052ms
[11.884s][info][gc,ergo     ] Free: 7724M, Max: 4096K regular, 6876M humongous, Frag: 11% external, 0% internal; Reserve: 412M, Max: 4096K
[11.885s][info][gc,stats    ] 
[11.885s][info][gc,stats    ] All times are wall-clock times, except per-root-class counters, that are sum over
[11.885s][info][gc,stats    ] all workers. Dividing the <total> over the root stage time estimates parallelism.
[11.885s][info][gc,stats    ] 
[11.885s][info][gc,stats    ] Concurrent Reset                   1090 us
[11.885s][info][gc,stats    ] Pause Init Mark (G)                 322 us
[11.885s][info][gc,stats    ] Pause Init Mark (N)                 199 us
[11.885s][info][gc,stats    ]   Update Region States               73 us
[11.885s][info][gc,stats    ] Concurrent Mark Roots               491 us, parallelism: 0.75x
[11.885s][info][gc,stats    ]   CMR: <total>                      366 us
[11.885s][info][gc,stats    ]   CMR: Thread Roots                 299 us, workers (us): 299, ---, ---, 
[11.885s][info][gc,stats    ]   CMR: VM Strong Roots                6 us, workers (us):   6, ---, ---, 
[11.885s][info][gc,stats    ]   CMR: CLDG Roots                    61 us, workers (us):  61, ---, ---, 
[11.885s][info][gc,stats    ] Concurrent Marking                 3666 us
[11.885s][info][gc,stats    ] Pause Final Mark (G)                431 us
[11.885s][info][gc,stats    ] Pause Final Mark (N)                319 us
[11.885s][info][gc,stats    ]   Finish Mark                        90 us
[11.885s][info][gc,stats    ]   Update Region States               53 us
[11.885s][info][gc,stats    ]   Choose Collection Set              54 us
[11.885s][info][gc,stats    ]   Rebuild Free Set                   22 us
[11.885s][info][gc,stats    ] Concurrent Weak References          169 us, parallelism: 0.04x
[11.885s][info][gc,stats    ]   CWRF: <total>                       7 us
[11.885s][info][gc,stats    ]   CWRF: Weak References               7 us, workers (us):   7, ---, ---, 
[11.885s][info][gc,stats    ] Concurrent Weak Roots               530 us
[11.885s][info][gc,stats    ]   Roots                             383 us, parallelism: 0.90x
[11.885s][info][gc,stats    ]     CWR: <total>                    345 us
[11.885s][info][gc,stats    ]     CWR: Code Cache Roots           278 us, workers (us): 278, ---, ---, 
[11.885s][info][gc,stats    ]     CWR: VM Weak Roots               63 us, workers (us):  63, ---, ---, 
[11.885s][info][gc,stats    ]     CWR: CLDG Roots                   4 us, workers (us):   4, ---, ---, 
[11.885s][info][gc,stats    ]   Rendezvous                         98 us
[11.885s][info][gc,stats    ] Concurrent Cleanup                   42 us
[11.885s][info][gc,stats    ] Concurrent Class Unloading         2207 us
[11.885s][info][gc,stats    ]   Unlink Stale                     1796 us
[11.885s][info][gc,stats    ]     System Dictionary                 3 us
[11.885s][info][gc,stats    ]     Weak Class Links                  0 us
[11.885s][info][gc,stats    ]     Code Roots                     1792 us
[11.885s][info][gc,stats    ]   Rendezvous                        250 us
[11.885s][info][gc,stats    ]   Purge Unlinked                     98 us
[11.885s][info][gc,stats    ]     Code Roots                       89 us
[11.885s][info][gc,stats    ]     CLDG                              8 us
[11.885s][info][gc,stats    ]     Exception Caches                  0 us
[11.885s][info][gc,stats    ] Pause Final Roots (G)               184 us
[11.885s][info][gc,stats    ] Pause Final Roots (N)                74 us
[11.885s][info][gc,stats    ] 
[11.885s][info][gc,stats    ] Allocation pacing accrued:
[11.885s][info][gc,stats    ]       0 of   695 ms (  0.0%): <total>
[11.885s][info][gc,stats    ]       0 of   695 ms (  0.0%): <average total>
[11.885s][info][gc,stats    ] 
[11.885s][info][gc,metaspace] Metaspace: 8892K(9152K)->8892K(9152K) NonClass: 7720K(7872K)->7720K(7872K) Class: 1171K(1280K)->1171K(1280K)
[11.885s][info][gc,ergo     ] Pacer for Idle. Initial: 163M, Alloc Tax Rate: 1.0x
[12.801s][info][gc          ] Trigger: Learning 2 of 5. Free (5724M) is below initial threshold (5734M)
[12.801s][info][gc,ergo     ] Free: 5724M, Max: 4096K regular, 5724M humongous, Frag: 0% external, 0% internal; Reserve: 412M, Max: 4096K
[12.801s][info][gc,start    ] GC(13) Concurrent reset
[12.801s][info][gc,task     ] GC(13) Using 1 of 3 workers for concurrent reset
[12.801s][info][gc,ergo     ] GC(13) Pacer for Reset. Non-Taxable: 8192M
[12.802s][info][gc          ] GC(13) Concurrent reset 0.590ms
[12.802s][info][gc,start    ] GC(13) Pause Init Mark (unload classes)
[12.802s][info][gc,task     ] GC(13) Using 3 of 3 workers for init marking
[12.802s][info][gc,ergo     ] GC(13) Pacer for Mark. Expected Live: 10738K, Free: 5724M, Non-Taxable: 572M, Alloc Tax Rate: 0.0x
[12.802s][info][gc          ] GC(13) Pause Init Mark (unload classes) 0.179ms
[12.802s][info][gc,start    ] GC(13) Concurrent marking roots
[12.802s][info][gc,task     ] GC(13) Using 1 of 3 workers for concurrent marking roots
[12.803s][info][gc          ] GC(13) Concurrent marking roots 0.471ms
[12.803s][info][gc,start    ] GC(13) Concurrent marking (unload classes)
[12.803s][info][gc,task     ] GC(13) Using 1 of 3 workers for concurrent marking
[12.815s][info][gc          ] GC(13) Concurrent marking (unload classes) 12.683ms
[12.815s][info][gc,start    ] GC(13) Pause Final Mark (unload classes)
[12.815s][info][gc,task     ] GC(13) Using 3 of 3 workers for final marking
[12.816s][info][gc,ergo     ] GC(13) Collectable Garbage: 1956M (95%), Immediate: 1956M (95%), CSet: 0B (0%)
[12.816s][info][gc          ] GC(13) Pause Final Mark (unload classes) 0.353ms
[12.816s][info][gc,start    ] GC(13) Concurrent weak references
[12.816s][info][gc,task     ] GC(13) Using 1 of 3 workers for concurrent weak references
[12.816s][info][gc,ref      ] GC(13) Encountered references: Soft: 144, Weak: 702, Final: 0, Phantom: 27
[12.816s][info][gc,ref      ] GC(13) Discovered  references: Soft: 0, Weak: 150, Final: 0, Phantom: 12
[12.816s][info][gc,ref      ] GC(13) Enqueued    references: Soft: 0, Weak: 0, Final: 0, Phantom: 0
[12.816s][info][gc          ] GC(13) Concurrent weak references 0.149ms
[12.816s][info][gc,start    ] GC(13) Concurrent weak roots
[12.816s][info][gc,task     ] GC(13) Using 1 of 3 workers for concurrent weak root
[12.817s][info][gc          ] GC(13) Concurrent weak roots 0.688ms
[12.817s][info][gc,start    ] GC(13) Concurrent cleanup
[12.817s][info][gc          ] GC(13) Concurrent cleanup 2087M->131M(8192M) 0.044ms
[12.817s][info][gc,ergo     ] GC(13) Free: 7648M, Max: 4096K regular, 5692M humongous, Frag: 26% external, 0% internal; Reserve: 412M, Max: 4096K
[12.817s][info][gc,start    ] GC(13) Concurrent class unloading
[12.817s][info][gc,task     ] GC(13) Using 1 of 3 workers for concurrent class unloading
[12.819s][info][gc          ] GC(13) Concurrent class unloading 1.769ms
[12.819s][info][gc,start    ] GC(13) Pause Final Roots
[12.819s][info][gc          ] GC(13) Pause Final Roots 0.023ms
[12.819s][info][gc,ergo     ] Free: 7644M, Max: 4096K regular, 5692M humongous, Frag: 26% external, 0% internal; Reserve: 412M, Max: 4096K
[12.819s][info][gc,stats    ] 
[12.819s][info][gc,stats    ] All times are wall-clock times, except per-root-class counters, that are sum over
[12.819s][info][gc,stats    ] all workers. Dividing the <total> over the root stage time estimates parallelism.
[12.819s][info][gc,stats    ] 
[12.819s][info][gc,stats    ] Concurrent Reset                    637 us
[12.819s][info][gc,stats    ] Pause Init Mark (G)                 341 us
[12.819s][info][gc,stats    ] Pause Init Mark (N)                 196 us
[12.819s][info][gc,stats    ]   Update Region States               75 us
[12.819s][info][gc,stats    ] Concurrent Mark Roots               493 us, parallelism: 0.68x
[12.819s][info][gc,stats    ]   CMR: <total>                      334 us
[12.819s][info][gc,stats    ]   CMR: Thread Roots                 293 us, workers (us): 293, ---, ---, 
[12.819s][info][gc,stats    ]   CMR: VM Strong Roots                5 us, workers (us):   5, ---, ---, 
[12.819s][info][gc,stats    ]   CMR: CLDG Roots                    36 us, workers (us):  36, ---, ---, 
[12.819s][info][gc,stats    ] Concurrent Marking                12742 us
[12.819s][info][gc,stats    ] Pause Final Mark (G)                491 us
[12.819s][info][gc,stats    ] Pause Final Mark (N)                372 us
[12.819s][info][gc,stats    ]   Finish Mark                       123 us
[12.819s][info][gc,stats    ]   Update Region States               90 us
[12.819s][info][gc,stats    ]   Choose Collection Set              62 us
[12.819s][info][gc,stats    ]   Rebuild Free Set                   16 us
[12.819s][info][gc,stats    ] Concurrent Weak References          157 us, parallelism: 0.05x
[12.819s][info][gc,stats    ]   CWRF: <total>                       8 us
[12.819s][info][gc,stats    ]   CWRF: Weak References               8 us, workers (us):   8, ---, ---, 
[12.819s][info][gc,stats    ] Concurrent Weak Roots               709 us
[12.819s][info][gc,stats    ]   Roots                             614 us, parallelism: 0.89x
[12.819s][info][gc,stats    ]     CWR: <total>                    544 us
[12.819s][info][gc,stats    ]     CWR: Code Cache Roots           424 us, workers (us): 424, ---, ---, 
[12.819s][info][gc,stats    ]     CWR: VM Weak Roots              114 us, workers (us): 114, ---, ---, 
[12.819s][info][gc,stats    ]     CWR: CLDG Roots                   6 us, workers (us):   6, ---, ---, 
[12.819s][info][gc,stats    ]   Rendezvous                         59 us
[12.819s][info][gc,stats    ] Concurrent Cleanup                   52 us
[12.819s][info][gc,stats    ] Concurrent Class Unloading         1805 us
[12.819s][info][gc,stats    ]   Unlink Stale                     1612 us
[12.819s][info][gc,stats    ]     System Dictionary                 4 us
[12.819s][info][gc,stats    ]     Weak Class Links                  0 us
[12.819s][info][gc,stats    ]     Code Roots                     1606 us
[12.819s][info][gc,stats    ]   Rendezvous                         56 us
[12.819s][info][gc,stats    ]   Purge Unlinked                     85 us
[12.819s][info][gc,stats    ]     Code Roots                       79 us
[12.819s][info][gc,stats    ]     CLDG                              5 us
[12.819s][info][gc,stats    ]     Exception Caches                  0 us
[12.819s][info][gc,stats    ] Pause Final Roots (G)               135 us
[12.819s][info][gc,stats    ] Pause Final Roots (N)                32 us
[12.819s][info][gc,stats    ] 
[12.819s][info][gc,stats    ] Allocation pacing accrued:
[12.819s][info][gc,stats    ]       0 of   934 ms (  0.0%): <total>
[12.819s][info][gc,stats    ]       0 of   934 ms (  0.0%): <average total>
[12.819s][info][gc,stats    ] 
[12.819s][info][gc,metaspace] Metaspace: 8892K(9152K)->8892K(9152K) NonClass: 7720K(7872K)->7720K(7872K) Class: 1171K(1280K)->1171K(1280K)
[12.820s][info][gc,ergo     ] Pacer for Idle. Initial: 163M, Alloc Tax Rate: 1.0x
[13.712s][info][gc          ] Trigger: Learning 3 of 5. Free (5708M) is below initial threshold (5734M)
[13.712s][info][gc,ergo     ] Free: 5708M, Max: 4096K regular, 5692M humongous, Frag: 1% external, 0% internal; Reserve: 412M, Max: 4096K
[13.712s][info][gc,start    ] GC(14) Concurrent reset
[13.712s][info][gc,task     ] GC(14) Using 1 of 3 workers for concurrent reset
[13.712s][info][gc,ergo     ] GC(14) Pacer for Reset. Non-Taxable: 8192M
[13.712s][info][gc          ] GC(14) Concurrent reset 0.578ms
[13.713s][info][gc,start    ] GC(14) Pause Init Mark (unload classes)
[13.713s][info][gc,task     ] GC(14) Using 3 of 3 workers for init marking
[13.713s][info][gc,ergo     ] GC(14) Pacer for Mark. Expected Live: 12037K, Free: 5704M, Non-Taxable: 570M, Alloc Tax Rate: 0.0x
[13.713s][info][gc          ] GC(14) Pause Init Mark (unload classes) 0.157ms
[13.713s][info][gc,start    ] GC(14) Concurrent marking roots
[13.713s][info][gc,task     ] GC(14) Using 1 of 3 workers for concurrent marking roots
[13.713s][info][gc          ] GC(14) Concurrent marking roots 0.610ms
[13.713s][info][gc,start    ] GC(14) Concurrent marking (unload classes)
[13.713s][info][gc,task     ] GC(14) Using 1 of 3 workers for concurrent marking
[13.734s][info][gc          ] GC(14) Concurrent marking (unload classes) 20.770ms
[13.734s][info][gc,start    ] GC(14) Pause Final Mark (unload classes)
[13.734s][info][gc,task     ] GC(14) Using 3 of 3 workers for final marking
[13.735s][info][gc,ergo     ] GC(14) Collectable Garbage: 1943M (94%), Immediate: 1943M (94%), CSet: 0B (0%)
[13.735s][info][gc          ] GC(14) Pause Final Mark (unload classes) 0.327ms
[13.735s][info][gc,start    ] GC(14) Concurrent weak references
[13.735s][info][gc,task     ] GC(14) Using 1 of 3 workers for concurrent weak references
[13.735s][info][gc,ref      ] GC(14) Encountered references: Soft: 144, Weak: 702, Final: 0, Phantom: 27
[13.735s][info][gc,ref      ] GC(14) Discovered  references: Soft: 0, Weak: 150, Final: 0, Phantom: 12
[13.735s][info][gc,ref      ] GC(14) Enqueued    references: Soft: 0, Weak: 0, Final: 0, Phantom: 0
[13.735s][info][gc          ] GC(14) Concurrent weak references 0.160ms
[13.735s][info][gc,start    ] GC(14) Concurrent weak roots
[13.735s][info][gc,task     ] GC(14) Using 1 of 3 workers for concurrent weak root
[13.735s][info][gc          ] GC(14) Concurrent weak roots 0.488ms
[13.735s][info][gc,start    ] GC(14) Concurrent cleanup
[13.735s][info][gc          ] GC(14) Concurrent cleanup 2111M->167M(8192M) 0.040ms
[13.736s][info][gc,ergo     ] GC(14) Free: 7612M, Max: 4096K regular, 5668M humongous, Frag: 26% external, 0% internal; Reserve: 412M, Max: 4096K
[13.736s][info][gc,start    ] GC(14) Concurrent class unloading
[13.736s][info][gc,task     ] GC(14) Using 1 of 3 workers for concurrent class unloading
[13.737s][info][gc          ] GC(14) Concurrent class unloading 1.933ms
[13.738s][info][gc,start    ] GC(14) Pause Final Roots
[13.738s][info][gc          ] GC(14) Pause Final Roots 0.067ms
[13.738s][info][gc,ergo     ] Free: 7608M, Max: 4096K regular, 5668M humongous, Frag: 26% external, 0% internal; Reserve: 412M, Max: 4096K
[13.738s][info][gc,stats    ] 
[13.738s][info][gc,stats    ] All times are wall-clock times, except per-root-class counters, that are sum over
[13.738s][info][gc,stats    ] all workers. Dividing the <total> over the root stage time estimates parallelism.
[13.738s][info][gc,stats    ] 
[13.738s][info][gc,stats    ] Concurrent Reset                    638 us
[13.738s][info][gc,stats    ] Pause Init Mark (G)                 293 us
[13.738s][info][gc,stats    ] Pause Init Mark (N)                 173 us
[13.738s][info][gc,stats    ]   Update Region States               70 us
[13.738s][info][gc,stats    ] Concurrent Mark Roots               619 us, parallelism: 0.85x
[13.738s][info][gc,stats    ]   CMR: <total>                      526 us
[13.738s][info][gc,stats    ]   CMR: Thread Roots                 457 us, workers (us): 457, ---, ---, 
[13.738s][info][gc,stats    ]   CMR: VM Strong Roots                7 us, workers (us):   7, ---, ---, 
[13.738s][info][gc,stats    ]   CMR: CLDG Roots                    63 us, workers (us):  63, ---, ---, 
[13.738s][info][gc,stats    ] Concurrent Marking                20830 us
[13.738s][info][gc,stats    ] Pause Final Mark (G)                484 us
[13.738s][info][gc,stats    ] Pause Final Mark (N)                347 us
[13.738s][info][gc,stats    ]   Finish Mark                       101 us
[13.738s][info][gc,stats    ]   Update Region States               60 us
[13.738s][info][gc,stats    ]   Choose Collection Set              63 us
[13.738s][info][gc,stats    ]   Rebuild Free Set                   17 us
[13.738s][info][gc,stats    ] Concurrent Weak References          176 us, parallelism: 0.03x
[13.738s][info][gc,stats    ]   CWRF: <total>                       4 us
[13.738s][info][gc,stats    ]   CWRF: Weak References               4 us, workers (us):   4, ---, ---, 
[13.738s][info][gc,stats    ] Concurrent Weak Roots               503 us
[13.738s][info][gc,stats    ]   Roots                             392 us, parallelism: 0.90x
[13.738s][info][gc,stats    ]     CWR: <total>                    354 us
[13.738s][info][gc,stats    ]     CWR: Code Cache Roots           286 us, workers (us): 286, ---, ---, 
[13.738s][info][gc,stats    ]     CWR: VM Weak Roots               63 us, workers (us):  63, ---, ---, 
[13.738s][info][gc,stats    ]     CWR: CLDG Roots                   5 us, workers (us):   5, ---, ---, 
[13.738s][info][gc,stats    ]   Rendezvous                         67 us
[13.738s][info][gc,stats    ] Concurrent Cleanup                   48 us
[13.738s][info][gc,stats    ] Concurrent Class Unloading         1956 us
[13.738s][info][gc,stats    ]   Unlink Stale                     1761 us
[13.738s][info][gc,stats    ]     System Dictionary                 3 us
[13.738s][info][gc,stats    ]     Weak Class Links                  0 us
[13.738s][info][gc,stats    ]     Code Roots                     1757 us
[13.738s][info][gc,stats    ]   Rendezvous                         80 us
[13.738s][info][gc,stats    ]   Purge Unlinked                     66 us
[13.738s][info][gc,stats    ]     Code Roots                       61 us
[13.738s][info][gc,stats    ]     CLDG                              4 us
[13.738s][info][gc,stats    ]     Exception Caches                  0 us
[13.738s][info][gc,stats    ] Pause Final Roots (G)               187 us
[13.738s][info][gc,stats    ] Pause Final Roots (N)                86 us
[13.738s][info][gc,stats    ] 
[13.738s][info][gc,stats    ] Allocation pacing accrued:
[13.738s][info][gc,stats    ]       0 of   919 ms (  0.0%): <total>
[13.738s][info][gc,stats    ]       0 of   919 ms (  0.0%): <average total>
[13.738s][info][gc,stats    ] 
[13.738s][info][gc,metaspace] Metaspace: 8892K(9152K)->8892K(9152K) NonClass: 7720K(7872K)->7720K(7872K) Class: 1171K(1280K)->1171K(1280K)
[13.738s][info][gc,ergo     ] Pacer for Idle. Initial: 163M, Alloc Tax Rate: 1.0x
[14.637s][info][gc          ] Trigger: Learning 4 of 5. Free (5728M) is below initial threshold (5734M)
[14.637s][info][gc,ergo     ] Free: 5728M, Max: 4096K regular, 5668M humongous, Frag: 2% external, 0% internal; Reserve: 412M, Max: 4096K
[14.637s][info][gc,start    ] GC(15) Concurrent reset
[14.637s][info][gc,task     ] GC(15) Using 1 of 3 workers for concurrent reset
[14.637s][info][gc,ergo     ] GC(15) Pacer for Reset. Non-Taxable: 8192M
[14.638s][info][gc          ] GC(15) Concurrent reset 1.273ms
[14.638s][info][gc,start    ] GC(15) Pause Init Mark (unload classes)
[14.638s][info][gc,task     ] GC(15) Using 3 of 3 workers for init marking
[14.639s][info][gc,ergo     ] GC(15) Pacer for Mark. Expected Live: 13266K, Free: 5724M, Non-Taxable: 572M, Alloc Tax Rate: 0.0x
[14.639s][info][gc          ] GC(15) Pause Init Mark (unload classes) 0.164ms
[14.639s][info][gc,start    ] GC(15) Concurrent marking roots
[14.639s][info][gc,task     ] GC(15) Using 1 of 3 workers for concurrent marking roots
[14.639s][info][gc          ] GC(15) Concurrent marking roots 0.447ms
[14.639s][info][gc,start    ] GC(15) Concurrent marking (unload classes)
[14.639s][info][gc,task     ] GC(15) Using 1 of 3 workers for concurrent marking
[14.670s][info][gc          ] GC(15) Concurrent marking (unload classes) 31.285ms
[14.671s][info][gc,start    ] GC(15) Pause Final Mark (unload classes)
[14.671s][info][gc,task     ] GC(15) Using 3 of 3 workers for final marking
[14.671s][info][gc,ergo     ] GC(15) Collectable Garbage: 1936M (95%), Immediate: 1936M (95%), CSet: 0B (0%)
[14.671s][info][gc          ] GC(15) Pause Final Mark (unload classes) 0.265ms
[14.671s][info][gc,start    ] GC(15) Concurrent weak references
[14.671s][info][gc,task     ] GC(15) Using 1 of 3 workers for concurrent weak references
[14.671s][info][gc,ref      ] GC(15) Encountered references: Soft: 144, Weak: 702, Final: 0, Phantom: 27
[14.671s][info][gc,ref      ] GC(15) Discovered  references: Soft: 0, Weak: 150, Final: 0, Phantom: 12
[14.671s][info][gc,ref      ] GC(15) Enqueued    references: Soft: 0, Weak: 0, Final: 0, Phantom: 0
[14.671s][info][gc          ] GC(15) Concurrent weak references 0.155ms
[14.671s][info][gc,start    ] GC(15) Concurrent weak roots
[14.671s][info][gc,task     ] GC(15) Using 1 of 3 workers for concurrent weak root
[14.672s][info][gc          ] GC(15) Concurrent weak roots 0.639ms
[14.672s][info][gc,start    ] GC(15) Concurrent cleanup
[14.672s][info][gc          ] GC(15) Concurrent cleanup 2123M->191M(8192M) 0.067ms
[14.672s][info][gc,ergo     ] GC(15) Free: 7588M, Max: 4096K regular, 5656M humongous, Frag: 26% external, 0% internal; Reserve: 412M, Max: 4096K
[14.672s][info][gc,start    ] GC(15) Concurrent class unloading
[14.672s][info][gc,task     ] GC(15) Using 1 of 3 workers for concurrent class unloading
[14.674s][info][gc          ] GC(15) Concurrent class unloading 1.982ms
[14.674s][info][gc,start    ] GC(15) Pause Final Roots
[14.674s][info][gc          ] GC(15) Pause Final Roots 0.043ms
[14.674s][info][gc,ergo     ] Free: 7584M, Max: 4096K regular, 5656M humongous, Frag: 26% external, 0% internal; Reserve: 412M, Max: 4096K
[14.674s][info][gc,stats    ] 
[14.674s][info][gc,stats    ] All times are wall-clock times, except per-root-class counters, that are sum over
[14.674s][info][gc,stats    ] all workers. Dividing the <total> over the root stage time estimates parallelism.
[14.674s][info][gc,stats    ] 
[14.674s][info][gc,stats    ] Concurrent Reset                   1325 us
[14.674s][info][gc,stats    ] Pause Init Mark (G)                 338 us
[14.674s][info][gc,stats    ] Pause Init Mark (N)                 181 us
[14.674s][info][gc,stats    ]   Update Region States               57 us
[14.674s][info][gc,stats    ] Concurrent Mark Roots               465 us, parallelism: 0.81x
[14.674s][info][gc,stats    ]   CMR: <total>                      377 us
[14.674s][info][gc,stats    ]   CMR: Thread Roots                 327 us, workers (us): 327, ---, ---, 
[14.674s][info][gc,stats    ]   CMR: VM Strong Roots                7 us, workers (us):   7, ---, ---, 
[14.674s][info][gc,stats    ]   CMR: CLDG Roots                    44 us, workers (us):  44, ---, ---, 
[14.674s][info][gc,stats    ] Concurrent Marking                31358 us
[14.674s][info][gc,stats    ] Pause Final Mark (G)                388 us
[14.674s][info][gc,stats    ] Pause Final Mark (N)                274 us
[14.674s][info][gc,stats    ]   Finish Mark                        96 us
[14.674s][info][gc,stats    ]   Update Region States               67 us
[14.674s][info][gc,stats    ]   Choose Collection Set              41 us
[14.674s][info][gc,stats    ]   Rebuild Free Set                    8 us
[14.674s][info][gc,stats    ] Concurrent Weak References          172 us, parallelism: 0.02x
[14.674s][info][gc,stats    ]   CWRF: <total>                       4 us
[14.674s][info][gc,stats    ]   CWRF: Weak References               4 us, workers (us):   4, ---, ---, 
[14.674s][info][gc,stats    ] Concurrent Weak Roots               658 us
[14.674s][info][gc,stats    ]   Roots                             521 us, parallelism: 0.89x
[14.674s][info][gc,stats    ]     CWR: <total>                    464 us
[14.674s][info][gc,stats    ]     CWR: Code Cache Roots           395 us, workers (us): 395, ---, ---, 
[14.674s][info][gc,stats    ]     CWR: VM Weak Roots               64 us, workers (us):  64, ---, ---, 
[14.674s][info][gc,stats    ]     CWR: CLDG Roots                   5 us, workers (us):   5, ---, ---, 
[14.674s][info][gc,stats    ]   Rendezvous                         87 us
[14.674s][info][gc,stats    ] Concurrent Cleanup                   75 us
[14.674s][info][gc,stats    ] Concurrent Class Unloading         2028 us
[14.674s][info][gc,stats    ]   Unlink Stale                     1754 us
[14.674s][info][gc,stats    ]     System Dictionary                 3 us
[14.674s][info][gc,stats    ]     Weak Class Links                  0 us
[14.674s][info][gc,stats    ]     Code Roots                     1750 us
[14.674s][info][gc,stats    ]   Rendezvous                        102 us
[14.674s][info][gc,stats    ]   Purge Unlinked                    109 us
[14.674s][info][gc,stats    ]     Code Roots                      101 us
[14.674s][info][gc,stats    ]     CLDG                              8 us
[14.674s][info][gc,stats    ]     Exception Caches                  0 us
[14.674s][info][gc,stats    ] Pause Final Roots (G)               199 us
[14.674s][info][gc,stats    ] Pause Final Roots (N)                61 us
[14.674s][info][gc,stats    ] 
[14.674s][info][gc,stats    ] Allocation pacing accrued:
[14.674s][info][gc,stats    ]       0 of   936 ms (  0.0%): <total>
[14.674s][info][gc,stats    ]       0 of   936 ms (  0.0%): <average total>
[14.674s][info][gc,stats    ] 
[14.674s][info][gc,metaspace] Metaspace: 8892K(9152K)->8892K(9152K) NonClass: 7720K(7872K)->7720K(7872K) Class: 1171K(1280K)->1171K(1280K)
[14.675s][info][gc,ergo     ] Pacer for Idle. Initial: 163M, Alloc Tax Rate: 1.0x
[15.359s][info][gc          ] Trigger: Explicit GC request (System.gc())
[15.359s][info][gc,ergo     ] Free: 6748M, Max: 4096K regular, 5656M humongous, Frag: 17% external, 0% internal; Reserve: 412M, Max: 4096K
[15.359s][info][gc,start    ] GC(16) Concurrent reset
[15.359s][info][gc,task     ] GC(16) Using 1 of 3 workers for concurrent reset
[15.359s][info][gc,ergo     ] GC(16) Pacer for Reset. Non-Taxable: 8192M
[15.360s][info][gc          ] GC(16) Concurrent reset 0.867ms
[15.360s][info][gc,start    ] GC(16) Pause Init Mark (unload classes)
[15.360s][info][gc,task     ] GC(16) Using 3 of 3 workers for init marking
[15.360s][info][gc,ref      ] GC(16) Clearing All SoftReferences
[15.360s][info][gc,ergo     ] GC(16) Pacer for Mark. Expected Live: 14529K, Free: 6748M, Non-Taxable: 674M, Alloc Tax Rate: 0.0x
[15.360s][info][gc          ] GC(16) Pause Init Mark (unload classes) 0.171ms
[15.360s][info][gc,start    ] GC(16) Concurrent marking roots
[15.360s][info][gc,task     ] GC(16) Using 1 of 3 workers for concurrent marking roots
[15.361s][info][gc          ] GC(16) Concurrent marking roots 0.477ms
[15.361s][info][gc,start    ] GC(16) Concurrent marking (unload classes)
[15.361s][info][gc,task     ] GC(16) Using 1 of 3 workers for concurrent marking
[15.364s][info][gc          ] GC(16) Concurrent marking (unload classes) 3.457ms
[15.364s][info][gc,start    ] GC(16) Pause Final Mark (unload classes)
[15.364s][info][gc,task     ] GC(16) Using 3 of 3 workers for final marking
[15.365s][info][gc,ergo     ] GC(16) Collectable Garbage: 971M (94%), Immediate: 971M (94%), CSet: 0B (0%)
[15.365s][info][gc          ] GC(16) Pause Final Mark (unload classes) 0.371ms
[15.365s][info][gc,start    ] GC(16) Concurrent weak references
[15.365s][info][gc,task     ] GC(16) Using 1 of 3 workers for concurrent weak references
[15.365s][info][gc,ref      ] GC(16) Encountered references: Soft: 144, Weak: 702, Final: 0, Phantom: 27
[15.365s][info][gc,ref      ] GC(16) Discovered  references: Soft: 89, Weak: 168, Final: 0, Phantom: 25
[15.365s][info][gc,ref      ] GC(16) Enqueued    references: Soft: 3, Weak: 0, Final: 0, Phantom: 0
[15.365s][info][gc          ] GC(16) Concurrent weak references 0.124ms
[15.365s][info][gc,start    ] GC(16) Concurrent weak roots
[15.365s][info][gc,task     ] GC(16) Using 1 of 3 workers for concurrent weak root
[15.365s][info][gc          ] GC(16) Concurrent weak roots 0.553ms
[15.365s][info][gc,start    ] GC(16) Concurrent cleanup
[15.365s][info][gc          ] GC(16) Concurrent cleanup 1031M->59M(8192M) 0.040ms
[15.365s][info][gc,ergo     ] GC(16) Free: 7720M, Max: 4096K regular, 6864M humongous, Frag: 12% external, 0% internal; Reserve: 412M, Max: 4096K
[15.365s][info][gc,start    ] GC(16) Concurrent class unloading
[15.365s][info][gc,task     ] GC(16) Using 1 of 3 workers for concurrent class unloading
[15.368s][info][gc          ] GC(16) Concurrent class unloading 2.638ms
[15.368s][info][gc,start    ] GC(16) Pause Final Roots
[15.368s][info][gc          ] GC(16) Pause Final Roots 0.036ms
[15.368s][info][gc,ergo     ] Free: 7720M, Max: 4096K regular, 6864M humongous, Frag: 12% external, 0% internal; Reserve: 412M, Max: 4096K
[15.368s][info][gc,stats    ] 
[15.368s][info][gc,stats    ] All times are wall-clock times, except per-root-class counters, that are sum over
[15.368s][info][gc,stats    ] all workers. Dividing the <total> over the root stage time estimates parallelism.
[15.368s][info][gc,stats    ] 
[15.368s][info][gc,stats    ] Concurrent Reset                    926 us
[15.368s][info][gc,stats    ] Pause Init Mark (G)                 296 us
[15.369s][info][gc,stats    ] Pause Init Mark (N)                 191 us
[15.369s][info][gc,stats    ]   Update Region States               68 us
[15.369s][info][gc,stats    ] Concurrent Mark Roots               501 us, parallelism: 0.71x
[15.369s][info][gc,stats    ]   CMR: <total>                      356 us
[15.369s][info][gc,stats    ]   CMR: Thread Roots                 316 us, workers (us): 316, ---, ---, 
[15.369s][info][gc,stats    ]   CMR: VM Strong Roots                5 us, workers (us):   5, ---, ---, 
[15.369s][info][gc,stats    ]   CMR: CLDG Roots                    36 us, workers (us):  36, ---, ---, 
[15.369s][info][gc,stats    ] Concurrent Marking                 3510 us
[15.369s][info][gc,stats    ] Pause Final Mark (G)                491 us
[15.369s][info][gc,stats    ] Pause Final Mark (N)                395 us
[15.369s][info][gc,stats    ]   Finish Mark                       124 us
[15.369s][info][gc,stats    ]   Update Region States               74 us
[15.369s][info][gc,stats    ]   Choose Collection Set              72 us
[15.369s][info][gc,stats    ]   Rebuild Free Set                   21 us
[15.369s][info][gc,stats    ] Concurrent Weak References          131 us, parallelism: 0.07x
[15.369s][info][gc,stats    ]   CWRF: <total>                       9 us
[15.369s][info][gc,stats    ]   CWRF: Weak References               9 us, workers (us):   9, ---, ---, 
[15.369s][info][gc,stats    ] Concurrent Weak Roots               577 us
[15.369s][info][gc,stats    ]   Roots                             426 us, parallelism: 0.82x
[15.369s][info][gc,stats    ]     CWR: <total>                    349 us
[15.369s][info][gc,stats    ]     CWR: Code Cache Roots           284 us, workers (us): 284, ---, ---, 
[15.369s][info][gc,stats    ]     CWR: VM Weak Roots               61 us, workers (us):  61, ---, ---, 
[15.369s][info][gc,stats    ]     CWR: CLDG Roots                   4 us, workers (us):   4, ---, ---, 
[15.369s][info][gc,stats    ]   Rendezvous                        111 us
[15.369s][info][gc,stats    ] Concurrent Cleanup                   49 us
[15.369s][info][gc,stats    ] Concurrent Class Unloading         2703 us
[15.369s][info][gc,stats    ]   Unlink Stale                     2392 us
[15.369s][info][gc,stats    ]     System Dictionary                 5 us
[15.369s][info][gc,stats    ]     Weak Class Links                  1 us
[15.369s][info][gc,stats    ]     Code Roots                     2384 us
[15.369s][info][gc,stats    ]   Rendezvous                         69 us
[15.369s][info][gc,stats    ]   Purge Unlinked                    156 us
[15.369s][info][gc,stats    ]     Code Roots                      147 us
[15.369s][info][gc,stats    ]     CLDG                              8 us
[15.369s][info][gc,stats    ]     Exception Caches                  0 us
[15.369s][info][gc,stats    ] Pause Final Roots (G)               117 us
[15.369s][info][gc,stats    ] Pause Final Roots (N)                46 us
[15.369s][info][gc,stats    ] 
[15.369s][info][gc,stats    ] Allocation pacing accrued:
[15.369s][info][gc,stats    ]       0 of   694 ms (  0.0%): <total>
[15.369s][info][gc,stats    ]       0 of   694 ms (  0.0%): <average total>
[15.369s][info][gc,stats    ] 
[15.369s][info][gc,metaspace] Metaspace: 8892K(9152K)->8892K(9152K) NonClass: 7720K(7872K)->7720K(7872K) Class: 1171K(1280K)->1171K(1280K)
[15.369s][info][gc,ergo     ] Pacer for Idle. Initial: 163M, Alloc Tax Rate: 1.0x
[16.286s][info][gc          ] Trigger: Learning 2 of 5. Free (5728M) is below initial threshold (5734M)
[16.286s][info][gc,ergo     ] Free: 5728M, Max: 4096K regular, 5728M humongous, Frag: 0% external, 0% internal; Reserve: 412M, Max: 4096K
[16.286s][info][gc,start    ] GC(17) Concurrent reset
[16.286s][info][gc,task     ] GC(17) Using 1 of 3 workers for concurrent reset
[16.286s][info][gc,ergo     ] GC(17) Pacer for Reset. Non-Taxable: 8192M
[16.286s][info][gc          ] GC(17) Concurrent reset 0.547ms
[16.287s][info][gc,start    ] GC(17) Pause Init Mark (unload classes)
[16.287s][info][gc,task     ] GC(17) Using 3 of 3 workers for init marking
[16.287s][info][gc,ergo     ] GC(17) Pacer for Mark. Expected Live: 10723K, Free: 5728M, Non-Taxable: 572M, Alloc Tax Rate: 0.0x
[16.287s][info][gc          ] GC(17) Pause Init Mark (unload classes) 0.154ms
[16.287s][info][gc,start    ] GC(17) Concurrent marking roots
[16.287s][info][gc,task     ] GC(17) Using 1 of 3 workers for concurrent marking roots
[16.287s][info][gc          ] GC(17) Concurrent marking roots 0.473ms
[16.287s][info][gc,start    ] GC(17) Concurrent marking (unload classes)
[16.287s][info][gc,task     ] GC(17) Using 1 of 3 workers for concurrent marking
[16.300s][info][gc          ] GC(17) Concurrent marking (unload classes) 12.692ms
[16.300s][info][gc,start    ] GC(17) Pause Final Mark (unload classes)
[16.300s][info][gc,task     ] GC(17) Using 3 of 3 workers for final marking
[16.300s][info][gc,ergo     ] GC(17) Collectable Garbage: 1960M (95%), Immediate: 1960M (95%), CSet: 0B (0%)
[16.300s][info][gc          ] GC(17) Pause Final Mark (unload classes) 0.269ms
[16.301s][info][gc,start    ] GC(17) Concurrent weak references
[16.301s][info][gc,task     ] GC(17) Using 1 of 3 workers for concurrent weak references
[16.301s][info][gc,ref      ] GC(17) Encountered references: Soft: 144, Weak: 702, Final: 0, Phantom: 27
[16.301s][info][gc,ref      ] GC(17) Discovered  references: Soft: 0, Weak: 150, Final: 0, Phantom: 25
[16.301s][info][gc,ref      ] GC(17) Enqueued    references: Soft: 0, Weak: 0, Final: 0, Phantom: 0
[16.301s][info][gc          ] GC(17) Concurrent weak references 0.153ms
[16.301s][info][gc,start    ] GC(17) Concurrent weak roots
[16.301s][info][gc,task     ] GC(17) Using 1 of 3 workers for concurrent weak root
[16.301s][info][gc          ] GC(17) Concurrent weak roots 0.577ms
[16.301s][info][gc,start    ] GC(17) Concurrent cleanup
[16.301s][info][gc          ] GC(17) Concurrent cleanup 2083M->123M(8192M) 0.049ms
[16.301s][info][gc,ergo     ] GC(17) Free: 7656M, Max: 4096K regular, 5696M humongous, Frag: 26% external, 0% internal; Reserve: 412M, Max: 4096K
[16.301s][info][gc,start    ] GC(17) Concurrent class unloading
[16.301s][info][gc,task     ] GC(17) Using 1 of 3 workers for concurrent class unloading
[16.303s][info][gc          ] GC(17) Concurrent class unloading 1.876ms
[16.303s][info][gc,start    ] GC(17) Pause Final Roots
[16.303s][info][gc          ] GC(17) Pause Final Roots 0.047ms
[16.303s][info][gc,ergo     ] Free: 7652M, Max: 4096K regular, 5696M humongous, Frag: 26% external, 0% internal; Reserve: 412M, Max: 4096K
[16.303s][info][gc,stats    ] 
[16.303s][info][gc,stats    ] All times are wall-clock times, except per-root-class counters, that are sum over
[16.303s][info][gc,stats    ] all workers. Dividing the <total> over the root stage time estimates parallelism.
[16.303s][info][gc,stats    ] 
[16.303s][info][gc,stats    ] Concurrent Reset                    604 us
[16.304s][info][gc,stats    ] Pause Init Mark (G)                 357 us
[16.304s][info][gc,stats    ] Pause Init Mark (N)                 170 us
[16.304s][info][gc,stats    ]   Update Region States               69 us
[16.304s][info][gc,stats    ] Concurrent Mark Roots               510 us, parallelism: 0.69x
[16.304s][info][gc,stats    ]   CMR: <total>                      353 us
[16.304s][info][gc,stats    ]   CMR: Thread Roots                 313 us, workers (us): 313, ---, ---, 
[16.304s][info][gc,stats    ]   CMR: VM Strong Roots                5 us, workers (us):   5, ---, ---, 
[16.304s][info][gc,stats    ]   CMR: CLDG Roots                    34 us, workers (us):  34, ---, ---, 
[16.304s][info][gc,stats    ] Concurrent Marking                12759 us
[16.304s][info][gc,stats    ] Pause Final Mark (G)                409 us
[16.304s][info][gc,stats    ] Pause Final Mark (N)                288 us
[16.304s][info][gc,stats    ]   Finish Mark                        56 us
[16.304s][info][gc,stats    ]   Update Region States               75 us
[16.304s][info][gc,stats    ]   Choose Collection Set              60 us
[16.304s][info][gc,stats    ]   Rebuild Free Set                   16 us
[16.304s][info][gc,stats    ] Concurrent Weak References          160 us, parallelism: 0.03x
[16.304s][info][gc,stats    ]   CWRF: <total>                       5 us
[16.304s][info][gc,stats    ]   CWRF: Weak References               5 us, workers (us):   5, ---, ---, 
[16.304s][info][gc,stats    ] Concurrent Weak Roots               596 us
[16.304s][info][gc,stats    ]   Roots                             442 us, parallelism: 0.88x
[16.304s][info][gc,stats    ]     CWR: <total>                    389 us
[16.304s][info][gc,stats    ]     CWR: Code Cache Roots           320 us, workers (us): 320, ---, ---, 
[16.304s][info][gc,stats    ]     CWR: VM Weak Roots               63 us, workers (us):  63, ---, ---, 
[16.304s][info][gc,stats    ]     CWR: CLDG Roots                   6 us, workers (us):   6, ---, ---, 
[16.304s][info][gc,stats    ]   Rendezvous                        120 us
[16.304s][info][gc,stats    ] Concurrent Cleanup                   57 us
[16.304s][info][gc,stats    ] Concurrent Class Unloading         1920 us
[16.304s][info][gc,stats    ]   Unlink Stale                     1672 us
[16.304s][info][gc,stats    ]     System Dictionary                 4 us
[16.304s][info][gc,stats    ]     Weak Class Links                  0 us
[16.304s][info][gc,stats    ]     Code Roots                     1667 us
[16.304s][info][gc,stats    ]   Rendezvous                         91 us
[16.304s][info][gc,stats    ]   Purge Unlinked                     98 us
[16.304s][info][gc,stats    ]     Code Roots                       93 us
[16.304s][info][gc,stats    ]     CLDG                              5 us
[16.304s][info][gc,stats    ]     Exception Caches                  0 us
[16.304s][info][gc,stats    ] Pause Final Roots (G)               140 us
[16.304s][info][gc,stats    ] Pause Final Roots (N)                56 us
[16.304s][info][gc,stats    ] 
[16.304s][info][gc,stats    ] Allocation pacing accrued:
[16.304s][info][gc,stats    ]       0 of   935 ms (  0.0%): <total>
[16.304s][info][gc,stats    ]       0 of   935 ms (  0.0%): <average total>
[16.304s][info][gc,stats    ] 
[16.304s][info][gc,metaspace] Metaspace: 8892K(9152K)->8892K(9152K) NonClass: 7720K(7872K)->7720K(7872K) Class: 1171K(1280K)->1171K(1280K)
[16.304s][info][gc,ergo     ] Pacer for Idle. Initial: 163M, Alloc Tax Rate: 1.0x
[17.196s][info][gc          ] Trigger: Learning 3 of 5. Free (5716M) is below initial threshold (5734M)
[17.196s][info][gc,ergo     ] Free: 5716M, Max: 4096K regular, 5696M humongous, Frag: 1% external, 0% internal; Reserve: 412M, Max: 4096K
[17.196s][info][gc,start    ] GC(18) Concurrent reset
[17.196s][info][gc,task     ] GC(18) Using 1 of 3 workers for concurrent reset
[17.196s][info][gc,ergo     ] GC(18) Pacer for Reset. Non-Taxable: 8192M
[17.197s][info][gc          ] GC(18) Concurrent reset 0.777ms
[17.197s][info][gc,start    ] GC(18) Pause Init Mark (unload classes)
[17.197s][info][gc,task     ] GC(18) Using 3 of 3 workers for init marking
[17.197s][info][gc,ergo     ] GC(18) Pacer for Mark. Expected Live: 12018K, Free: 5712M, Non-Taxable: 571M, Alloc Tax Rate: 0.0x
[17.197s][info][gc          ] GC(18) Pause Init Mark (unload classes) 0.194ms
[17.197s][info][gc,start    ] GC(18) Concurrent marking roots
[17.197s][info][gc,task     ] GC(18) Using 1 of 3 workers for concurrent marking roots
[17.198s][info][gc          ] GC(18) Concurrent marking roots 0.420ms
[17.198s][info][gc,start    ] GC(18) Concurrent marking (unload classes)
[17.198s][info][gc,task     ] GC(18) Using 1 of 3 workers for concurrent marking
[17.219s][info][gc          ] GC(18) Concurrent marking (unload classes) 20.945ms
[17.219s][info][gc,start    ] GC(18) Pause Final Mark (unload classes)
[17.219s][info][gc,task     ] GC(18) Using 3 of 3 workers for final marking
[17.219s][info][gc,ergo     ] GC(18) Collectable Garbage: 1947M (94%), Immediate: 1947M (94%), CSet: 0B (0%)
[17.219s][info][gc          ] GC(18) Pause Final Mark (unload classes) 0.370ms
[17.219s][info][gc,start    ] GC(18) Concurrent weak references
[17.219s][info][gc,task     ] GC(18) Using 1 of 3 workers for concurrent weak references
[17.219s][info][gc,ref      ] GC(18) Encountered references: Soft: 144, Weak: 702, Final: 0, Phantom: 27
[17.219s][info][gc,ref      ] GC(18) Discovered  references: Soft: 0, Weak: 150, Final: 0, Phantom: 12
[17.219s][info][gc,ref      ] GC(18) Enqueued    references: Soft: 0, Weak: 0, Final: 0, Phantom: 0
[17.219s][info][gc          ] GC(18) Concurrent weak references 0.141ms
[17.219s][info][gc,start    ] GC(18) Concurrent weak roots
[17.219s][info][gc,task     ] GC(18) Using 1 of 3 workers for concurrent weak root
[17.220s][info][gc          ] GC(18) Concurrent weak roots 0.608ms
[17.220s][info][gc,start    ] GC(18) Concurrent cleanup
[17.220s][info][gc          ] GC(18) Concurrent cleanup 2107M->159M(8192M) 0.041ms
[17.220s][info][gc,ergo     ] GC(18) Free: 7620M, Max: 4096K regular, 5672M humongous, Frag: 26% external, 0% internal; Reserve: 412M, Max: 4096K
[17.220s][info][gc,start    ] GC(18) Concurrent class unloading
[17.220s][info][gc,task     ] GC(18) Using 1 of 3 workers for concurrent class unloading
[17.222s][info][gc          ] GC(18) Concurrent class unloading 2.012ms
[17.222s][info][gc,start    ] GC(18) Pause Final Roots
[17.222s][info][gc          ] GC(18) Pause Final Roots 0.054ms
[17.222s][info][gc,ergo     ] Free: 7616M, Max: 4096K regular, 5672M humongous, Frag: 26% external, 0% internal; Reserve: 412M, Max: 4096K
[17.222s][info][gc,stats    ] 
[17.222s][info][gc,stats    ] All times are wall-clock times, except per-root-class counters, that are sum over
[17.222s][info][gc,stats    ] all workers. Dividing the <total> over the root stage time estimates parallelism.
[17.222s][info][gc,stats    ] 
[17.222s][info][gc,stats    ] Concurrent Reset                    844 us
[17.222s][info][gc,stats    ] Pause Init Mark (G)                 361 us
[17.222s][info][gc,stats    ] Pause Init Mark (N)                 211 us
[17.222s][info][gc,stats    ]   Update Region States               81 us
[17.222s][info][gc,stats    ] Concurrent Mark Roots               437 us, parallelism: 0.80x
[17.222s][info][gc,stats    ]   CMR: <total>                      348 us
[17.222s][info][gc,stats    ]   CMR: Thread Roots                 305 us, workers (us): 305, ---, ---, 
[17.222s][info][gc,stats    ]   CMR: VM Strong Roots                6 us, workers (us):   6, ---, ---, 
[17.222s][info][gc,stats    ]   CMR: CLDG Roots                    37 us, workers (us):  37, ---, ---, 
[17.222s][info][gc,stats    ] Concurrent Marking                21012 us
[17.223s][info][gc,stats    ] Pause Final Mark (G)                541 us
[17.223s][info][gc,stats    ] Pause Final Mark (N)                390 us
[17.223s][info][gc,stats    ]   Finish Mark                       120 us
[17.223s][info][gc,stats    ]   Update Region States               88 us
[17.223s][info][gc,stats    ]   Choose Collection Set              64 us
[17.223s][info][gc,stats    ]   Rebuild Free Set                   17 us
[17.223s][info][gc,stats    ] Concurrent Weak References          148 us, parallelism: 0.03x
[17.223s][info][gc,stats    ]   CWRF: <total>                       4 us
[17.223s][info][gc,stats    ]   CWRF: Weak References               4 us, workers (us):   4, ---, ---, 
[17.223s][info][gc,stats    ] Concurrent Weak Roots               626 us
[17.223s][info][gc,stats    ]   Roots                             507 us, parallelism: 0.92x
[17.223s][info][gc,stats    ]     CWR: <total>                    464 us
[17.223s][info][gc,stats    ]     CWR: Code Cache Roots           350 us, workers (us): 350, ---, ---, 
[17.223s][info][gc,stats    ]     CWR: VM Weak Roots              109 us, workers (us): 109, ---, ---, 
[17.223s][info][gc,stats    ]     CWR: CLDG Roots                   6 us, workers (us):   6, ---, ---, 
[17.223s][info][gc,stats    ]   Rendezvous                         86 us
[17.223s][info][gc,stats    ] Concurrent Cleanup                   49 us
[17.223s][info][gc,stats    ] Concurrent Class Unloading         2045 us
[17.223s][info][gc,stats    ]   Unlink Stale                     1853 us
[17.223s][info][gc,stats    ]     System Dictionary                 3 us
[17.223s][info][gc,stats    ]     Weak Class Links                  0 us
[17.223s][info][gc,stats    ]     Code Roots                     1849 us
[17.223s][info][gc,stats    ]   Rendezvous                         73 us
[17.223s][info][gc,stats    ]   Purge Unlinked                     66 us
[17.223s][info][gc,stats    ]     Code Roots                       61 us
[17.223s][info][gc,stats    ]     CLDG                              4 us
[17.223s][info][gc,stats    ]     Exception Caches                  0 us
[17.223s][info][gc,stats    ] Pause Final Roots (G)               182 us
[17.223s][info][gc,stats    ] Pause Final Roots (N)                73 us
[17.223s][info][gc,stats    ] 
[17.223s][info][gc,stats    ] Allocation pacing accrued:
[17.223s][info][gc,stats    ]       0 of   919 ms (  0.0%): <total>
[17.223s][info][gc,stats    ]       0 of   919 ms (  0.0%): <average total>
[17.223s][info][gc,stats    ] 
[17.223s][info][gc,metaspace] Metaspace: 8892K(9152K)->8892K(9152K) NonClass: 7720K(7872K)->7720K(7872K) Class: 1171K(1280K)->1171K(1280K)
[17.223s][info][gc,ergo     ] Pacer for Idle. Initial: 163M, Alloc Tax Rate: 1.0x
[18.123s][info][gc          ] Trigger: Learning 4 of 5. Free (5724M) is below initial threshold (5734M)
[18.123s][info][gc,ergo     ] Free: 5724M, Max: 4096K regular, 5672M humongous, Frag: 1% external, 0% internal; Reserve: 412M, Max: 4096K
[18.123s][info][gc,start    ] GC(19) Concurrent reset
[18.123s][info][gc,task     ] GC(19) Using 1 of 3 workers for concurrent reset
[18.123s][info][gc,ergo     ] GC(19) Pacer for Reset. Non-Taxable: 8192M
[18.124s][info][gc          ] GC(19) Concurrent reset 0.889ms
[18.124s][info][gc,start    ] GC(19) Pause Init Mark (unload classes)
[18.124s][info][gc,task     ] GC(19) Using 3 of 3 workers for init marking
[18.124s][info][gc,ergo     ] GC(19) Pacer for Mark. Expected Live: 13243K, Free: 5724M, Non-Taxable: 572M, Alloc Tax Rate: 0.0x
[18.124s][info][gc          ] GC(19) Pause Init Mark (unload classes) 0.100ms
[18.124s][info][gc,start    ] GC(19) Concurrent marking roots
[18.124s][info][gc,task     ] GC(19) Using 1 of 3 workers for concurrent marking roots
[18.125s][info][gc          ] GC(19) Concurrent marking roots 0.438ms
[18.125s][info][gc,start    ] GC(19) Concurrent marking (unload classes)
[18.125s][info][gc,task     ] GC(19) Using 1 of 3 workers for concurrent marking
[18.155s][info][gc          ] GC(19) Concurrent marking (unload classes) 30.409ms
[18.155s][info][gc,start    ] GC(19) Pause Final Mark (unload classes)
[18.155s][info][gc,task     ] GC(19) Using 3 of 3 workers for final marking
[18.156s][info][gc,ergo     ] GC(19) Collectable Garbage: 1936M (95%), Immediate: 1936M (95%), CSet: 0B (0%)
[18.156s][info][gc          ] GC(19) Pause Final Mark (unload classes) 0.351ms
[18.156s][info][gc,start    ] GC(19) Concurrent weak references
[18.156s][info][gc,task     ] GC(19) Using 1 of 3 workers for concurrent weak references
[18.156s][info][gc,ref      ] GC(19) Encountered references: Soft: 144, Weak: 702, Final: 0, Phantom: 27
[18.156s][info][gc,ref      ] GC(19) Discovered  references: Soft: 0, Weak: 150, Final: 0, Phantom: 12
[18.156s][info][gc,ref      ] GC(19) Enqueued    references: Soft: 0, Weak: 0, Final: 0, Phantom: 0
[18.156s][info][gc          ] GC(19) Concurrent weak references 0.076ms
[18.156s][info][gc,start    ] GC(19) Concurrent weak roots
[18.156s][info][gc,task     ] GC(19) Using 1 of 3 workers for concurrent weak root
[18.156s][info][gc          ] GC(19) Concurrent weak roots 0.636ms
[18.156s][info][gc,start    ] GC(19) Concurrent cleanup
[18.157s][info][gc          ] GC(19) Concurrent cleanup 2123M->187M(8192M) 0.040ms
[18.157s][info][gc,ergo     ] GC(19) Free: 7592M, Max: 4096K regular, 5656M humongous, Frag: 26% external, 0% internal; Reserve: 412M, Max: 4096K
[18.157s][info][gc,start    ] GC(19) Concurrent class unloading
[18.157s][info][gc,task     ] GC(19) Using 1 of 3 workers for concurrent class unloading
[18.159s][info][gc          ] GC(19) Concurrent class unloading 2.148ms
[18.159s][info][gc,start    ] GC(19) Pause Final Roots
[18.159s][info][gc          ] GC(19) Pause Final Roots 0.023ms
[18.159s][info][gc,ergo     ] Free: 7588M, Max: 4096K regular, 5656M humongous, Frag: 26% external, 0% internal; Reserve: 412M, Max: 4096K
[18.159s][info][gc,stats    ] 
[18.159s][info][gc,stats    ] All times are wall-clock times, except per-root-class counters, that are sum over
[18.159s][info][gc,stats    ] all workers. Dividing the <total> over the root stage time estimates parallelism.
[18.159s][info][gc,stats    ] 
[18.159s][info][gc,stats    ] Concurrent Reset                    927 us
[18.159s][info][gc,stats    ] Pause Init Mark (G)                 202 us
[18.159s][info][gc,stats    ] Pause Init Mark (N)                 108 us
[18.159s][info][gc,stats    ]   Update Region States               56 us
[18.159s][info][gc,stats    ] Concurrent Mark Roots               449 us, parallelism: 0.75x
[18.159s][info][gc,stats    ]   CMR: <total>                      338 us
[18.159s][info][gc,stats    ]   CMR: Thread Roots                 298 us, workers (us): 298, ---, ---, 
[18.159s][info][gc,stats    ]   CMR: VM Strong Roots                5 us, workers (us):   5, ---, ---, 
[18.159s][info][gc,stats    ]   CMR: CLDG Roots                    34 us, workers (us):  34, ---, ---, 
[18.159s][info][gc,stats    ] Concurrent Marking                30447 us
[18.159s][info][gc,stats    ] Pause Final Mark (G)                461 us
[18.159s][info][gc,stats    ] Pause Final Mark (N)                371 us
[18.159s][info][gc,stats    ]   Finish Mark                       110 us
[18.159s][info][gc,stats    ]   Update Region States               87 us
[18.159s][info][gc,stats    ]   Choose Collection Set              62 us
[18.159s][info][gc,stats    ]   Rebuild Free Set                   16 us
[18.159s][info][gc,stats    ] Concurrent Weak References           83 us, parallelism: 0.05x
[18.159s][info][gc,stats    ]   CWRF: <total>                       4 us
[18.159s][info][gc,stats    ]   CWRF: Weak References               4 us, workers (us):   4, ---, ---, 
[18.159s][info][gc,stats    ] Concurrent Weak Roots               645 us
[18.159s][info][gc,stats    ]   Roots                             555 us, parallelism: 0.91x
[18.159s][info][gc,stats    ]     CWR: <total>                    504 us
[18.159s][info][gc,stats    ]     CWR: Code Cache Roots           384 us, workers (us): 384, ---, ---, 
[18.159s][info][gc,stats    ]     CWR: VM Weak Roots              114 us, workers (us): 114, ---, ---, 
[18.159s][info][gc,stats    ]     CWR: CLDG Roots                   6 us, workers (us):   6, ---, ---, 
[18.159s][info][gc,stats    ]   Rendezvous                         67 us
[18.159s][info][gc,stats    ] Concurrent Cleanup                   48 us
[18.159s][info][gc,stats    ] Concurrent Class Unloading         2174 us
[18.159s][info][gc,stats    ]   Unlink Stale                     1984 us
[18.159s][info][gc,stats    ]     System Dictionary                 2 us
[18.159s][info][gc,stats    ]     Weak Class Links                  0 us
[18.159s][info][gc,stats    ]     Code Roots                     1980 us
[18.159s][info][gc,stats    ]   Rendezvous                         43 us
[18.159s][info][gc,stats    ]   Purge Unlinked                    106 us
[18.159s][info][gc,stats    ]     Code Roots                      101 us
[18.159s][info][gc,stats    ]     CLDG                              4 us
[18.159s][info][gc,stats    ]     Exception Caches                  0 us
[18.160s][info][gc,stats    ] Pause Final Roots (G)               123 us
[18.160s][info][gc,stats    ] Pause Final Roots (N)                31 us
[18.160s][info][gc,stats    ] 
[18.160s][info][gc,stats    ] Allocation pacing accrued:
[18.160s][info][gc,stats    ]       0 of   937 ms (  0.0%): <total>
[18.160s][info][gc,stats    ]       0 of   937 ms (  0.0%): <average total>
[18.160s][info][gc,stats    ] 
[18.160s][info][gc,metaspace] Metaspace: 8892K(9152K)->8892K(9152K) NonClass: 7720K(7872K)->7720K(7872K) Class: 1171K(1280K)->1171K(1280K)
[18.160s][info][gc,ergo     ] Pacer for Idle. Initial: 163M, Alloc Tax Rate: 1.0x
[18.846s][info][gc          ] Trigger: Explicit GC request (System.gc())
[18.846s][info][gc,ergo     ] Free: 6756M, Max: 4096K regular, 5656M humongous, Frag: 17% external, 0% internal; Reserve: 412M, Max: 4096K
[18.846s][info][gc,start    ] GC(20) Concurrent reset
[18.846s][info][gc,task     ] GC(20) Using 1 of 3 workers for concurrent reset
[18.846s][info][gc,ergo     ] GC(20) Pacer for Reset. Non-Taxable: 8192M
[18.847s][info][gc          ] GC(20) Concurrent reset 0.832ms
[18.847s][info][gc,start    ] GC(20) Pause Init Mark (unload classes)
[18.847s][info][gc,task     ] GC(20) Using 3 of 3 workers for init marking
[18.847s][info][gc,ref      ] GC(20) Clearing All SoftReferences
[18.847s][info][gc,ergo     ] GC(20) Pacer for Mark. Expected Live: 14514K, Free: 6756M, Non-Taxable: 675M, Alloc Tax Rate: 0.0x
[18.847s][info][gc          ] GC(20) Pause Init Mark (unload classes) 0.210ms
[18.847s][info][gc,start    ] GC(20) Concurrent marking roots
[18.847s][info][gc,task     ] GC(20) Using 1 of 3 workers for concurrent marking roots
[18.848s][info][gc          ] GC(20) Concurrent marking roots 0.492ms
[18.848s][info][gc,start    ] GC(20) Concurrent marking (unload classes)
[18.848s][info][gc,task     ] GC(20) Using 1 of 3 workers for concurrent marking
[18.851s][info][gc          ] GC(20) Concurrent marking (unload classes) 3.740ms
[18.852s][info][gc,start    ] GC(20) Pause Final Mark (unload classes)
[18.852s][info][gc,task     ] GC(20) Using 3 of 3 workers for final marking
[18.852s][info][gc,ergo     ] GC(20) Collectable Garbage: 963M (94%), Immediate: 963M (94%), CSet: 0B (0%)
[18.852s][info][gc          ] GC(20) Pause Final Mark (unload classes) 0.377ms
[18.852s][info][gc,start    ] GC(20) Concurrent weak references
[18.852s][info][gc,task     ] GC(20) Using 1 of 3 workers for concurrent weak references
[18.852s][info][gc,ref      ] GC(20) Encountered references: Soft: 144, Weak: 702, Final: 0, Phantom: 27
[18.852s][info][gc,ref      ] GC(20) Discovered  references: Soft: 89, Weak: 168, Final: 0, Phantom: 25
[18.852s][info][gc,ref      ] GC(20) Enqueued    references: Soft: 3, Weak: 0, Final: 0, Phantom: 0
[18.852s][info][gc          ] GC(20) Concurrent weak references 0.124ms
[18.852s][info][gc,start    ] GC(20) Concurrent weak roots
[18.852s][info][gc,task     ] GC(20) Using 1 of 3 workers for concurrent weak root
[18.853s][info][gc          ] GC(20) Concurrent weak roots 0.604ms
[18.853s][info][gc,start    ] GC(20) Concurrent cleanup
[18.853s][info][gc          ] GC(20) Concurrent cleanup 1023M->59M(8192M) 0.032ms
[18.853s][info][gc,ergo     ] GC(20) Free: 7720M, Max: 4096K regular, 6872M humongous, Frag: 11% external, 0% internal; Reserve: 412M, Max: 4096K
[18.853s][info][gc,start    ] GC(20) Concurrent class unloading
[18.853s][info][gc,task     ] GC(20) Using 1 of 3 workers for concurrent class unloading
[18.855s][info][gc          ] GC(20) Concurrent class unloading 2.089ms
[18.855s][info][gc,start    ] GC(20) Pause Final Roots
[18.855s][info][gc          ] GC(20) Pause Final Roots 0.020ms
[18.855s][info][gc,ergo     ] Free: 7720M, Max: 4096K regular, 6872M humongous, Frag: 11% external, 0% internal; Reserve: 412M, Max: 4096K
[18.855s][info][gc,stats    ] 
[18.855s][info][gc,stats    ] All times are wall-clock times, except per-root-class counters, that are sum over
[18.855s][info][gc,stats    ] all workers. Dividing the <total> over the root stage time estimates parallelism.
[18.855s][info][gc,stats    ] 
[18.855s][info][gc,stats    ] Concurrent Reset                    871 us
[18.855s][info][gc,stats    ] Pause Init Mark (G)                 327 us
[18.855s][info][gc,stats    ] Pause Init Mark (N)                 231 us
[18.855s][info][gc,stats    ]   Update Region States               86 us
[18.855s][info][gc,stats    ] Concurrent Mark Roots               515 us, parallelism: 0.67x
[18.855s][info][gc,stats    ]   CMR: <total>                      347 us
[18.855s][info][gc,stats    ]   CMR: Thread Roots                 300 us, workers (us): 300, ---, ---, 
[18.855s][info][gc,stats    ]   CMR: VM Strong Roots                7 us, workers (us):   7, ---, ---, 
[18.855s][info][gc,stats    ]   CMR: CLDG Roots                    40 us, workers (us):  40, ---, ---, 
[18.855s][info][gc,stats    ] Concurrent Marking                 3853 us
[18.855s][info][gc,stats    ] Pause Final Mark (G)                504 us
[18.855s][info][gc,stats    ] Pause Final Mark (N)                401 us
[18.855s][info][gc,stats    ]   Finish Mark                       128 us
[18.855s][info][gc,stats    ]   Update Region States               75 us
[18.855s][info][gc,stats    ]   Choose Collection Set              74 us
[18.855s][info][gc,stats    ]   Rebuild Free Set                   22 us
[18.855s][info][gc,stats    ] Concurrent Weak References          132 us, parallelism: 0.07x
[18.855s][info][gc,stats    ]   CWRF: <total>                      10 us
[18.855s][info][gc,stats    ]   CWRF: Weak References              10 us, workers (us):  10, ---, ---, 
[18.855s][info][gc,stats    ] Concurrent Weak Roots               623 us
[18.855s][info][gc,stats    ]   Roots                             533 us, parallelism: 0.87x
[18.855s][info][gc,stats    ]     CWR: <total>                    465 us
[18.855s][info][gc,stats    ]     CWR: Code Cache Roots           346 us, workers (us): 346, ---, ---, 
[18.855s][info][gc,stats    ]     CWR: VM Weak Roots              113 us, workers (us): 113, ---, ---, 
[18.855s][info][gc,stats    ]     CWR: CLDG Roots                   6 us, workers (us):   6, ---, ---, 
[18.855s][info][gc,stats    ]   Rendezvous                         56 us
[18.855s][info][gc,stats    ] Concurrent Cleanup                   41 us
[18.855s][info][gc,stats    ] Concurrent Class Unloading         2138 us
[18.856s][info][gc,stats    ]   Unlink Stale                     1723 us
[18.856s][info][gc,stats    ]     System Dictionary                 3 us
[18.856s][info][gc,stats    ]     Weak Class Links                  0 us
[18.856s][info][gc,stats    ]     Code Roots                     1719 us
[18.856s][info][gc,stats    ]   Rendezvous                        195 us
[18.856s][info][gc,stats    ]   Purge Unlinked                    153 us
[18.856s][info][gc,stats    ]     Code Roots                      143 us
[18.856s][info][gc,stats    ]     CLDG                              9 us
[18.856s][info][gc,stats    ]     Exception Caches                  0 us
[18.856s][info][gc,stats    ] Pause Final Roots (G)               100 us
[18.856s][info][gc,stats    ] Pause Final Roots (N)                28 us
[18.856s][info][gc,stats    ] 
[18.856s][info][gc,stats    ] Allocation pacing accrued:
[18.856s][info][gc,stats    ]       0 of   696 ms (  0.0%): <total>
[18.856s][info][gc,stats    ]       0 of   696 ms (  0.0%): <average total>
[18.856s][info][gc,stats    ] 
[18.856s][info][gc,metaspace] Metaspace: 8892K(9152K)->8892K(9152K) NonClass: 7720K(7872K)->7720K(7872K) Class: 1171K(1280K)->1171K(1280K)
[18.856s][info][gc,ergo     ] Pacer for Idle. Initial: 163M, Alloc Tax Rate: 1.0x
[19.786s][info][gc          ] Trigger: Learning 2 of 5. Free (5708M) is below initial threshold (5734M)
[19.786s][info][gc,ergo     ] Free: 5708M, Max: 4096K regular, 5708M humongous, Frag: 0% external, 0% internal; Reserve: 412M, Max: 4096K
[19.786s][info][gc,start    ] GC(21) Concurrent reset
[19.786s][info][gc,task     ] GC(21) Using 1 of 3 workers for concurrent reset
[19.786s][info][gc,ergo     ] GC(21) Pacer for Reset. Non-Taxable: 8192M
[19.787s][info][gc          ] GC(21) Concurrent reset 0.395ms
[19.787s][info][gc,start    ] GC(21) Pause Init Mark (unload classes)
[19.787s][info][gc,task     ] GC(21) Using 3 of 3 workers for init marking
[19.787s][info][gc,ergo     ] GC(21) Pacer for Mark. Expected Live: 10718K, Free: 5708M, Non-Taxable: 570M, Alloc Tax Rate: 0.0x
[19.787s][info][gc          ] GC(21) Pause Init Mark (unload classes) 0.122ms
[19.787s][info][gc,start    ] GC(21) Concurrent marking roots
[19.787s][info][gc,task     ] GC(21) Using 1 of 3 workers for concurrent marking roots
[19.787s][info][gc          ] GC(21) Concurrent marking roots 0.512ms
[19.787s][info][gc,start    ] GC(21) Concurrent marking (unload classes)
[19.787s][info][gc,task     ] GC(21) Using 1 of 3 workers for concurrent marking
[19.800s][info][gc          ] GC(21) Concurrent marking (unload classes) 12.571ms
[19.800s][info][gc,start    ] GC(21) Pause Final Mark (unload classes)
[19.800s][info][gc,task     ] GC(21) Using 3 of 3 workers for final marking
[19.800s][info][gc,ergo     ] GC(21) Collectable Garbage: 1980M (95%), Immediate: 1980M (95%), CSet: 0B (0%)
[19.800s][info][gc          ] GC(21) Pause Final Mark (unload classes) 0.230ms
[19.800s][info][gc,start    ] GC(21) Concurrent weak references
[19.800s][info][gc,task     ] GC(21) Using 1 of 3 workers for concurrent weak references
[19.801s][info][gc,ref      ] GC(21) Encountered references: Soft: 144, Weak: 702, Final: 0, Phantom: 27
[19.801s][info][gc,ref      ] GC(21) Discovered  references: Soft: 0, Weak: 150, Final: 0, Phantom: 12
[19.801s][info][gc,ref      ] GC(21) Enqueued    references: Soft: 0, Weak: 0, Final: 0, Phantom: 0
[19.801s][info][gc          ] GC(21) Concurrent weak references 0.214ms
[19.801s][info][gc,start    ] GC(21) Concurrent weak roots
[19.801s][info][gc,task     ] GC(21) Using 1 of 3 workers for concurrent weak root
[19.801s][info][gc          ] GC(21) Concurrent weak roots 0.694ms
[19.801s][info][gc,start    ] GC(21) Concurrent cleanup
[19.801s][info][gc          ] GC(21) Concurrent cleanup 2103M->123M(8192M) 0.054ms
[19.801s][info][gc,ergo     ] GC(21) Free: 7656M, Max: 4096K regular, 5676M humongous, Frag: 26% external, 0% internal; Reserve: 412M, Max: 4096K
[19.801s][info][gc,start    ] GC(21) Concurrent class unloading
[19.801s][info][gc,task     ] GC(21) Using 1 of 3 workers for concurrent class unloading
[19.804s][info][gc          ] GC(21) Concurrent class unloading 2.130ms
[19.804s][info][gc,start    ] GC(21) Pause Final Roots
[19.804s][info][gc          ] GC(21) Pause Final Roots 0.026ms
[19.804s][info][gc,ergo     ] Free: 7652M, Max: 4096K regular, 5676M humongous, Frag: 26% external, 0% internal; Reserve: 412M, Max: 4096K
[19.804s][info][gc,stats    ] 
[19.804s][info][gc,stats    ] All times are wall-clock times, except per-root-class counters, that are sum over
[19.804s][info][gc,stats    ] all workers. Dividing the <total> over the root stage time estimates parallelism.
[19.804s][info][gc,stats    ] 
[19.804s][info][gc,stats    ] Concurrent Reset                    452 us
[19.804s][info][gc,stats    ] Pause Init Mark (G)                 280 us
[19.804s][info][gc,stats    ] Pause Init Mark (N)                 130 us
[19.804s][info][gc,stats    ]   Update Region States               68 us
[19.804s][info][gc,stats    ] Concurrent Mark Roots               529 us, parallelism: 0.83x
[19.804s][info][gc,stats    ]   CMR: <total>                      440 us
[19.804s][info][gc,stats    ]   CMR: Thread Roots                 402 us, workers (us): 402, ---, ---, 
[19.804s][info][gc,stats    ]   CMR: VM Strong Roots                4 us, workers (us):   4, ---, ---, 
[19.804s][info][gc,stats    ]   CMR: CLDG Roots                    34 us, workers (us):  34, ---, ---, 
[19.804s][info][gc,stats    ] Concurrent Marking                12639 us
[19.804s][info][gc,stats    ] Pause Final Mark (G)                404 us
[19.804s][info][gc,stats    ] Pause Final Mark (N)                247 us
[19.804s][info][gc,stats    ]   Finish Mark                        61 us
[19.804s][info][gc,stats    ]   Update Region States               46 us
[19.804s][info][gc,stats    ]   Choose Collection Set              45 us
[19.804s][info][gc,stats    ]   Rebuild Free Set                   16 us
[19.804s][info][gc,stats    ] Concurrent Weak References          230 us, parallelism: 0.02x
[19.804s][info][gc,stats    ]   CWRF: <total>                       5 us
[19.804s][info][gc,stats    ]   CWRF: Weak References               5 us, workers (us):   5, ---, ---, 
[19.804s][info][gc,stats    ] Concurrent Weak Roots               713 us
[19.804s][info][gc,stats    ]   Roots                             580 us, parallelism: 0.88x
[19.804s][info][gc,stats    ]     CWR: <total>                    507 us
[19.804s][info][gc,stats    ]     CWR: Code Cache Roots           388 us, workers (us): 388, ---, ---, 
[19.804s][info][gc,stats    ]     CWR: VM Weak Roots              112 us, workers (us): 112, ---, ---, 
[19.804s][info][gc,stats    ]     CWR: CLDG Roots                   6 us, workers (us):   6, ---, ---, 
[19.804s][info][gc,stats    ]   Rendezvous                         82 us
[19.804s][info][gc,stats    ] Concurrent Cleanup                   62 us
[19.804s][info][gc,stats    ] Concurrent Class Unloading         2180 us
[19.804s][info][gc,stats    ]   Unlink Stale                     1861 us
[19.804s][info][gc,stats    ]     System Dictionary                 3 us
[19.804s][info][gc,stats    ]     Weak Class Links                  0 us
[19.804s][info][gc,stats    ]     Code Roots                     1857 us
[19.804s][info][gc,stats    ]   Rendezvous                        137 us
[19.804s][info][gc,stats    ]   Purge Unlinked                    113 us
[19.804s][info][gc,stats    ]     Code Roots                      105 us
[19.804s][info][gc,stats    ]     CLDG                              8 us
[19.804s][info][gc,stats    ]     Exception Caches                  0 us
[19.804s][info][gc,stats    ] Pause Final Roots (G)               134 us
[19.804s][info][gc,stats    ] Pause Final Roots (N)                34 us
[19.804s][info][gc,stats    ] 
[19.804s][info][gc,stats    ] Allocation pacing accrued:
[19.804s][info][gc,stats    ]       0 of   949 ms (  0.0%): <total>
[19.804s][info][gc,stats    ]       0 of   949 ms (  0.0%): <average total>
[19.804s][info][gc,stats    ] 
[19.804s][info][gc,metaspace] Metaspace: 8892K(9152K)->8892K(9152K) NonClass: 7720K(7872K)->7720K(7872K) Class: 1171K(1280K)->1171K(1280K)
[19.804s][info][gc,ergo     ] Pacer for Idle. Initial: 163M, Alloc Tax Rate: 1.0x
[20.697s][info][gc          ] Trigger: Learning 3 of 5. Free (5712M) is below initial threshold (5734M)
[20.697s][info][gc,ergo     ] Free: 5712M, Max: 4096K regular, 5676M humongous, Frag: 1% external, 0% internal; Reserve: 412M, Max: 4096K
[20.697s][info][gc,start    ] GC(22) Concurrent reset
[20.697s][info][gc,task     ] GC(22) Using 1 of 3 workers for concurrent reset
[20.697s][info][gc,ergo     ] GC(22) Pacer for Reset. Non-Taxable: 8192M
[20.697s][info][gc          ] GC(22) Concurrent reset 0.736ms
[20.698s][info][gc,start    ] GC(22) Pause Init Mark (unload classes)
[20.698s][info][gc,task     ] GC(22) Using 3 of 3 workers for init marking
[20.698s][info][gc,ergo     ] GC(22) Pacer for Mark. Expected Live: 12023K, Free: 5712M, Non-Taxable: 571M, Alloc Tax Rate: 0.0x
[20.698s][info][gc          ] GC(22) Pause Init Mark (unload classes) 0.248ms
[20.698s][info][gc,start    ] GC(22) Concurrent marking roots
[20.698s][info][gc,task     ] GC(22) Using 1 of 3 workers for concurrent marking roots
[20.698s][info][gc          ] GC(22) Concurrent marking roots 0.447ms
[20.698s][info][gc,start    ] GC(22) Concurrent marking (unload classes)
[20.698s][info][gc,task     ] GC(22) Using 1 of 3 workers for concurrent marking
[20.719s][info][gc          ] GC(22) Concurrent marking (unload classes) 21.025ms
[20.720s][info][gc,start    ] GC(22) Pause Final Mark (unload classes)
[20.720s][info][gc,task     ] GC(22) Using 3 of 3 workers for final marking
[20.720s][info][gc,ergo     ] GC(22) Collectable Garbage: 1947M (94%), Immediate: 1947M (94%), CSet: 0B (0%)
[20.720s][info][gc          ] GC(22) Pause Final Mark (unload classes) 0.351ms
[20.720s][info][gc,start    ] GC(22) Concurrent weak references
[20.720s][info][gc,task     ] GC(22) Using 1 of 3 workers for concurrent weak references
[20.720s][info][gc,ref      ] GC(22) Encountered references: Soft: 144, Weak: 702, Final: 0, Phantom: 27
[20.720s][info][gc,ref      ] GC(22) Discovered  references: Soft: 0, Weak: 150, Final: 0, Phantom: 12
[20.720s][info][gc,ref      ] GC(22) Enqueued    references: Soft: 0, Weak: 0, Final: 0, Phantom: 0
[20.720s][info][gc          ] GC(22) Concurrent weak references 0.140ms
[20.720s][info][gc,start    ] GC(22) Concurrent weak roots
[20.720s][info][gc,task     ] GC(22) Using 1 of 3 workers for concurrent weak root
[20.721s][info][gc          ] GC(22) Concurrent weak roots 0.638ms
[20.721s][info][gc,start    ] GC(22) Concurrent cleanup
[20.721s][info][gc          ] GC(22) Concurrent cleanup 2095M->147M(8192M) 0.043ms
[20.721s][info][gc,ergo     ] GC(22) Free: 7632M, Max: 4096K regular, 5720M humongous, Frag: 26% external, 0% internal; Reserve: 412M, Max: 4096K
[20.721s][info][gc,start    ] GC(22) Concurrent class unloading
[20.721s][info][gc,task     ] GC(22) Using 1 of 3 workers for concurrent class unloading
[20.723s][info][gc          ] GC(22) Concurrent class unloading 1.643ms
[20.723s][info][gc,start    ] GC(22) Pause Final Roots
[20.723s][info][gc          ] GC(22) Pause Final Roots 0.047ms
[20.723s][info][gc,ergo     ] Free: 7632M, Max: 4096K regular, 5720M humongous, Frag: 26% external, 0% internal; Reserve: 412M, Max: 4096K
[20.723s][info][gc,stats    ] 
[20.723s][info][gc,stats    ] All times are wall-clock times, except per-root-class counters, that are sum over
[20.723s][info][gc,stats    ] all workers. Dividing the <total> over the root stage time estimates parallelism.
[20.723s][info][gc,stats    ] 
[20.723s][info][gc,stats    ] Concurrent Reset                    811 us
[20.723s][info][gc,stats    ] Pause Init Mark (G)                 436 us
[20.723s][info][gc,stats    ] Pause Init Mark (N)                 267 us
[20.723s][info][gc,stats    ]   Update Region States              117 us
[20.723s][info][gc,stats    ] Concurrent Mark Roots               467 us, parallelism: 0.73x
[20.723s][info][gc,stats    ]   CMR: <total>                      343 us
[20.723s][info][gc,stats    ]   CMR: Thread Roots                 304 us, workers (us): 304, ---, ---, 
[20.723s][info][gc,stats    ]   CMR: VM Strong Roots                5 us, workers (us):   5, ---, ---, 
[20.723s][info][gc,stats    ]   CMR: CLDG Roots                    34 us, workers (us):  34, ---, ---, 
[20.723s][info][gc,stats    ] Concurrent Marking                21089 us
[20.723s][info][gc,stats    ] Pause Final Mark (G)                501 us
[20.723s][info][gc,stats    ] Pause Final Mark (N)                371 us
[20.723s][info][gc,stats    ]   Finish Mark                       103 us
[20.723s][info][gc,stats    ]   Update Region States               89 us
[20.723s][info][gc,stats    ]   Choose Collection Set              63 us
[20.723s][info][gc,stats    ]   Rebuild Free Set                   16 us
[20.723s][info][gc,stats    ] Concurrent Weak References          147 us, parallelism: 0.05x
[20.723s][info][gc,stats    ]   CWRF: <total>                       7 us
[20.723s][info][gc,stats    ]   CWRF: Weak References               7 us, workers (us):   7, ---, ---, 
[20.723s][info][gc,stats    ] Concurrent Weak Roots               657 us
[20.723s][info][gc,stats    ]   Roots                             537 us, parallelism: 0.87x
[20.723s][info][gc,stats    ]     CWR: <total>                    467 us
[20.723s][info][gc,stats    ]     CWR: Code Cache Roots           350 us, workers (us): 350, ---, ---, 
[20.723s][info][gc,stats    ]     CWR: VM Weak Roots              111 us, workers (us): 111, ---, ---, 
[20.723s][info][gc,stats    ]     CWR: CLDG Roots                   6 us, workers (us):   6, ---, ---, 
[20.723s][info][gc,stats    ]   Rendezvous                         85 us
[20.723s][info][gc,stats    ] Concurrent Cleanup                   51 us
[20.723s][info][gc,stats    ] Concurrent Class Unloading         1677 us
[20.723s][info][gc,stats    ]   Unlink Stale                     1485 us
[20.723s][info][gc,stats    ]     System Dictionary                 3 us
[20.723s][info][gc,stats    ]     Weak Class Links                  0 us
[20.723s][info][gc,stats    ]     Code Roots                     1481 us
[20.723s][info][gc,stats    ]   Rendezvous                         61 us
[20.723s][info][gc,stats    ]   Purge Unlinked                     80 us
[20.723s][info][gc,stats    ]     Code Roots                       75 us
[20.723s][info][gc,stats    ]     CLDG                              4 us
[20.723s][info][gc,stats    ]     Exception Caches                  0 us
[20.723s][info][gc,stats    ] Pause Final Roots (G)               130 us
[20.723s][info][gc,stats    ] Pause Final Roots (N)                57 us
[20.723s][info][gc,stats    ] 
[20.723s][info][gc,stats    ] Allocation pacing accrued:
[20.723s][info][gc,stats    ]       0 of   919 ms (  0.0%): <total>
[20.723s][info][gc,stats    ]       0 of   919 ms (  0.0%): <average total>
[20.723s][info][gc,stats    ] 
[20.723s][info][gc,metaspace] Metaspace: 8892K(9152K)->8892K(9152K) NonClass: 7720K(7872K)->7720K(7872K) Class: 1171K(1280K)->1171K(1280K)
[20.723s][info][gc,ergo     ] Pacer for Idle. Initial: 163M, Alloc Tax Rate: 1.0x
[21.624s][info][gc          ] Trigger: Learning 4 of 5. Free (5728M) is below initial threshold (5734M)
[21.624s][info][gc,ergo     ] Free: 5728M, Max: 4096K regular, 5720M humongous, Frag: 1% external, 0% internal; Reserve: 412M, Max: 4096K
[21.624s][info][gc,start    ] GC(23) Concurrent reset
[21.624s][info][gc,task     ] GC(23) Using 1 of 3 workers for concurrent reset
[21.624s][info][gc,ergo     ] GC(23) Pacer for Reset. Non-Taxable: 8192M
[21.625s][info][gc          ] GC(23) Concurrent reset 1.014ms
[21.625s][info][gc,start    ] GC(23) Pause Init Mark (unload classes)
[21.625s][info][gc,task     ] GC(23) Using 3 of 3 workers for init marking
[21.625s][info][gc,ergo     ] GC(23) Pacer for Mark. Expected Live: 13271K, Free: 5724M, Non-Taxable: 572M, Alloc Tax Rate: 0.0x
[21.625s][info][gc          ] GC(23) Pause Init Mark (unload classes) 0.117ms
[21.625s][info][gc,start    ] GC(23) Concurrent marking roots
[21.625s][info][gc,task     ] GC(23) Using 1 of 3 workers for concurrent marking roots
[21.626s][info][gc          ] GC(23) Concurrent marking roots 0.517ms
[21.626s][info][gc,start    ] GC(23) Concurrent marking (unload classes)
[21.626s][info][gc,task     ] GC(23) Using 1 of 3 workers for concurrent marking
[21.657s][info][gc          ] GC(23) Concurrent marking (unload classes) 31.309ms
[21.657s][info][gc,start    ] GC(23) Pause Final Mark (unload classes)
[21.657s][info][gc,task     ] GC(23) Using 3 of 3 workers for final marking
[21.657s][info][gc,ergo     ] GC(23) Collectable Garbage: 1935M (95%), Immediate: 1935M (95%), CSet: 0B (0%)
[21.657s][info][gc          ] GC(23) Pause Final Mark (unload classes) 0.258ms
[21.657s][info][gc,start    ] GC(23) Concurrent weak references
[21.657s][info][gc,task     ] GC(23) Using 1 of 3 workers for concurrent weak references
[21.657s][info][gc,ref      ] GC(23) Encountered references: Soft: 144, Weak: 702, Final: 0, Phantom: 27
[21.657s][info][gc,ref      ] GC(23) Discovered  references: Soft: 0, Weak: 150, Final: 0, Phantom: 12
[21.658s][info][gc,ref      ] GC(23) Enqueued    references: Soft: 0, Weak: 0, Final: 0, Phantom: 0
[21.658s][info][gc          ] GC(23) Concurrent weak references 0.194ms
[21.658s][info][gc,start    ] GC(23) Concurrent weak roots
[21.658s][info][gc,task     ] GC(23) Using 1 of 3 workers for concurrent weak root
[21.658s][info][gc          ] GC(23) Concurrent weak roots 0.619ms
[21.658s][info][gc,start    ] GC(23) Concurrent cleanup
[21.658s][info][gc          ] GC(23) Concurrent cleanup 2123M->187M(8192M) 0.042ms
[21.658s][info][gc,ergo     ] GC(23) Free: 7592M, Max: 4096K regular, 5656M humongous, Frag: 26% external, 0% internal; Reserve: 412M, Max: 4096K
[21.658s][info][gc,start    ] GC(23) Concurrent class unloading
[21.658s][info][gc,task     ] GC(23) Using 1 of 3 workers for concurrent class unloading
[21.660s][info][gc          ] GC(23) Concurrent class unloading 1.989ms
[21.660s][info][gc,start    ] GC(23) Pause Final Roots
[21.660s][info][gc          ] GC(23) Pause Final Roots 0.041ms
[21.661s][info][gc,ergo     ] Free: 7584M, Max: 4096K regular, 5656M humongous, Frag: 26% external, 0% internal; Reserve: 412M, Max: 4096K
[21.661s][info][gc,stats    ] 
[21.661s][info][gc,stats    ] All times are wall-clock times, except per-root-class counters, that are sum over
[21.661s][info][gc,stats    ] all workers. Dividing the <total> over the root stage time estimates parallelism.
[21.661s][info][gc,stats    ] 
[21.661s][info][gc,stats    ] Concurrent Reset                   1082 us
[21.661s][info][gc,stats    ] Pause Init Mark (G)                 217 us
[21.661s][info][gc,stats    ] Pause Init Mark (N)                 127 us
[21.661s][info][gc,stats    ]   Update Region States               36 us
[21.661s][info][gc,stats    ] Concurrent Mark Roots               527 us, parallelism: 0.85x
[21.661s][info][gc,stats    ]   CMR: <total>                      447 us
[21.661s][info][gc,stats    ]   CMR: Thread Roots                 398 us, workers (us): 398, ---, ---, 
[21.661s][info][gc,stats    ]   CMR: VM Strong Roots                6 us, workers (us):   6, ---, ---, 
[21.661s][info][gc,stats    ]   CMR: CLDG Roots                    43 us, workers (us):  43, ---, ---, 
[21.661s][info][gc,stats    ] Concurrent Marking                31374 us
[21.661s][info][gc,stats    ] Pause Final Mark (G)                373 us
[21.661s][info][gc,stats    ] Pause Final Mark (N)                267 us
[21.661s][info][gc,stats    ]   Finish Mark                        80 us
[21.661s][info][gc,stats    ]   Update Region States               70 us
[21.661s][info][gc,stats    ]   Choose Collection Set              40 us
[21.661s][info][gc,stats    ]   Rebuild Free Set                    7 us
[21.661s][info][gc,stats    ] Concurrent Weak References          210 us, parallelism: 0.05x
[21.661s][info][gc,stats    ]   CWRF: <total>                      10 us
[21.661s][info][gc,stats    ]   CWRF: Weak References              10 us, workers (us):  10, ---, ---, 
[21.661s][info][gc,stats    ] Concurrent Weak Roots               637 us
[21.661s][info][gc,stats    ]   Roots                             532 us, parallelism: 0.86x
[21.661s][info][gc,stats    ]     CWR: <total>                    458 us
[21.661s][info][gc,stats    ]     CWR: Code Cache Roots           337 us, workers (us): 337, ---, ---, 
[21.661s][info][gc,stats    ]     CWR: VM Weak Roots              115 us, workers (us): 115, ---, ---, 
[21.661s][info][gc,stats    ]     CWR: CLDG Roots                   7 us, workers (us):   7, ---, ---, 
[21.661s][info][gc,stats    ]   Rendezvous                         56 us
[21.661s][info][gc,stats    ] Concurrent Cleanup                   50 us
[21.661s][info][gc,stats    ] Concurrent Class Unloading         2035 us
[21.661s][info][gc,stats    ]   Unlink Stale                     1742 us
[21.661s][info][gc,stats    ]     System Dictionary                 3 us
[21.661s][info][gc,stats    ]     Weak Class Links                  0 us
[21.661s][info][gc,stats    ]     Code Roots                     1738 us
[21.661s][info][gc,stats    ]   Rendezvous                        119 us
[21.661s][info][gc,stats    ]   Purge Unlinked                    110 us
[21.661s][info][gc,stats    ]     Code Roots                      101 us
[21.661s][info][gc,stats    ]     CLDG                              8 us
[21.661s][info][gc,stats    ]     Exception Caches                  0 us
[21.661s][info][gc,stats    ] Pause Final Roots (G)               175 us
[21.661s][info][gc,stats    ] Pause Final Roots (N)                59 us
[21.661s][info][gc,stats    ] 
[21.661s][info][gc,stats    ] Allocation pacing accrued:
[21.661s][info][gc,stats    ]       0 of   938 ms (  0.0%): <total>
[21.661s][info][gc,stats    ]       0 of   938 ms (  0.0%): <average total>
[21.661s][info][gc,stats    ] 
[21.661s][info][gc,metaspace] Metaspace: 8892K(9152K)->8892K(9152K) NonClass: 7720K(7872K)->7720K(7872K) Class: 1171K(1280K)->1171K(1280K)
[21.661s][info][gc,ergo     ] Pacer for Idle. Initial: 163M, Alloc Tax Rate: 1.0x
[22.331s][info][gc          ] Trigger: Explicit GC request (System.gc())
[22.331s][info][gc,ergo     ] Free: 6776M, Max: 4096K regular, 5656M humongous, Frag: 17% external, 0% internal; Reserve: 412M, Max: 4096K
[22.331s][info][gc,start    ] GC(24) Concurrent reset
[22.331s][info][gc,task     ] GC(24) Using 1 of 3 workers for concurrent reset
[22.331s][info][gc,ergo     ] GC(24) Pacer for Reset. Non-Taxable: 8192M
[22.331s][info][gc          ] GC(24) Concurrent reset 0.722ms
[22.332s][info][gc,start    ] GC(24) Pause Init Mark (unload classes)
[22.332s][info][gc,task     ] GC(24) Using 3 of 3 workers for init marking
[22.332s][info][gc,ref      ] GC(24) Clearing All SoftReferences
[22.332s][info][gc,ergo     ] GC(24) Pacer for Mark. Expected Live: 14561K, Free: 6776M, Non-Taxable: 677M, Alloc Tax Rate: 0.0x
[22.332s][info][gc          ] GC(24) Pause Init Mark (unload classes) 0.165ms
[22.332s][info][gc,start    ] GC(24) Concurrent marking roots
[22.332s][info][gc,task     ] GC(24) Using 1 of 3 workers for concurrent marking roots
[22.332s][info][gc          ] GC(24) Concurrent marking roots 0.581ms
[22.332s][info][gc,start    ] GC(24) Concurrent marking (unload classes)
[22.332s][info][gc,task     ] GC(24) Using 1 of 3 workers for concurrent marking
[22.336s][info][gc          ] GC(24) Concurrent marking (unload classes) 3.750ms
[22.336s][info][gc,start    ] GC(24) Pause Final Mark (unload classes)
[22.336s][info][gc,task     ] GC(24) Using 3 of 3 workers for final marking
[22.336s][info][gc,ergo     ] GC(24) Collectable Garbage: 943M (94%), Immediate: 943M (94%), CSet: 0B (0%)
[22.336s][info][gc          ] GC(24) Pause Final Mark (unload classes) 0.298ms
[22.337s][info][gc,start    ] GC(24) Concurrent weak references
[22.337s][info][gc,task     ] GC(24) Using 1 of 3 workers for concurrent weak references
[22.337s][info][gc,ref      ] GC(24) Encountered references: Soft: 144, Weak: 702, Final: 0, Phantom: 27
[22.337s][info][gc,ref      ] GC(24) Discovered  references: Soft: 89, Weak: 168, Final: 0, Phantom: 25
[22.337s][info][gc,ref      ] GC(24) Enqueued    references: Soft: 3, Weak: 0, Final: 0, Phantom: 0
[22.337s][info][gc          ] GC(24) Concurrent weak references 0.171ms
[22.337s][info][gc,start    ] GC(24) Concurrent weak roots
[22.337s][info][gc,task     ] GC(24) Using 1 of 3 workers for concurrent weak root
[22.337s][info][gc          ] GC(24) Concurrent weak roots 0.527ms
[22.337s][info][gc,start    ] GC(24) Concurrent cleanup
[22.337s][info][gc          ] GC(24) Concurrent cleanup 1003M->59M(8192M) 0.034ms
[22.337s][info][gc,ergo     ] GC(24) Free: 7720M, Max: 4096K regular, 6896M humongous, Frag: 11% external, 0% internal; Reserve: 412M, Max: 4096K
[22.337s][info][gc,start    ] GC(24) Concurrent class unloading
[22.337s][info][gc,task     ] GC(24) Using 1 of 3 workers for concurrent class unloading
[22.339s][info][gc          ] GC(24) Concurrent class unloading 1.676ms
[22.339s][info][gc,start    ] GC(24) Pause Final Roots
[22.339s][info][gc          ] GC(24) Pause Final Roots 0.024ms
[22.339s][info][gc,ergo     ] Free: 7720M, Max: 4096K regular, 6896M humongous, Frag: 11% external, 0% internal; Reserve: 412M, Max: 4096K
[22.339s][info][gc,stats    ] 
[22.339s][info][gc,stats    ] All times are wall-clock times, except per-root-class counters, that are sum over
[22.339s][info][gc,stats    ] all workers. Dividing the <total> over the root stage time estimates parallelism.
[22.339s][info][gc,stats    ] 
[22.339s][info][gc,stats    ] Concurrent Reset                    771 us
[22.339s][info][gc,stats    ] Pause Init Mark (G)                 279 us
[22.339s][info][gc,stats    ] Pause Init Mark (N)                 187 us
[22.339s][info][gc,stats    ]   Update Region States               66 us
[22.339s][info][gc,stats    ] Concurrent Mark Roots               599 us, parallelism: 0.83x
[22.339s][info][gc,stats    ]   CMR: <total>                      495 us
[22.339s][info][gc,stats    ]   CMR: Thread Roots                 422 us, workers (us): 422, ---, ---, 
[22.339s][info][gc,stats    ]   CMR: VM Strong Roots                8 us, workers (us):   8, ---, ---, 
[22.339s][info][gc,stats    ]   CMR: CLDG Roots                    65 us, workers (us):  65, ---, ---, 
[22.339s][info][gc,stats    ] Concurrent Marking                 3801 us
[22.339s][info][gc,stats    ] Pause Final Mark (G)                432 us
[22.339s][info][gc,stats    ] Pause Final Mark (N)                320 us
[22.339s][info][gc,stats    ]   Finish Mark                        94 us
[22.339s][info][gc,stats    ]   Update Region States               50 us
[22.340s][info][gc,stats    ]   Choose Collection Set              54 us
[22.340s][info][gc,stats    ]   Rebuild Free Set                   21 us
[22.340s][info][gc,stats    ] Concurrent Weak References          187 us, parallelism: 0.04x
[22.340s][info][gc,stats    ]   CWRF: <total>                       8 us
[22.340s][info][gc,stats    ]   CWRF: Weak References               8 us, workers (us):   8, ---, ---, 
[22.340s][info][gc,stats    ] Concurrent Weak Roots               546 us
[22.340s][info][gc,stats    ]   Roots                             399 us, parallelism: 0.87x
[22.340s][info][gc,stats    ]     CWR: <total>                    347 us
[22.340s][info][gc,stats    ]     CWR: Code Cache Roots           282 us, workers (us): 282, ---, ---, 
[22.340s][info][gc,stats    ]     CWR: VM Weak Roots               62 us, workers (us):  62, ---, ---, 
[22.340s][info][gc,stats    ]     CWR: CLDG Roots                   4 us, workers (us):   4, ---, ---, 
[22.340s][info][gc,stats    ]   Rendezvous                         97 us
[22.340s][info][gc,stats    ] Concurrent Cleanup                   42 us
[22.340s][info][gc,stats    ] Concurrent Class Unloading         1703 us
[22.340s][info][gc,stats    ]   Unlink Stale                     1525 us
[22.340s][info][gc,stats    ]     System Dictionary                 3 us
[22.340s][info][gc,stats    ]     Weak Class Links                  0 us
[22.340s][info][gc,stats    ]     Code Roots                     1521 us
[22.340s][info][gc,stats    ]   Rendezvous                         55 us
[22.340s][info][gc,stats    ]   Purge Unlinked                     81 us
[22.340s][info][gc,stats    ]     Code Roots                       76 us
[22.340s][info][gc,stats    ]     CLDG                              4 us
[22.340s][info][gc,stats    ]     Exception Caches                  0 us
[22.340s][info][gc,stats    ] Pause Final Roots (G)                92 us
[22.340s][info][gc,stats    ] Pause Final Roots (N)                39 us
[22.340s][info][gc,stats    ] 
[22.340s][info][gc,stats    ] Allocation pacing accrued:
[22.340s][info][gc,stats    ]       0 of   679 ms (  0.0%): <total>
[22.340s][info][gc,stats    ]       0 of   679 ms (  0.0%): <average total>
[22.340s][info][gc,stats    ] 
[22.340s][info][gc,metaspace] Metaspace: 8892K(9152K)->8892K(9152K) NonClass: 7720K(7872K)->7720K(7872K) Class: 1171K(1280K)->1171K(1280K)
[22.340s][info][gc,ergo     ] Pacer for Idle. Initial: 163M, Alloc Tax Rate: 1.0x
[23.257s][info][gc          ] Trigger: Learning 2 of 5. Free (5724M) is below initial threshold (5734M)
[23.257s][info][gc,ergo     ] Free: 5724M, Max: 4096K regular, 5724M humongous, Frag: 0% external, 0% internal; Reserve: 412M, Max: 4096K
[23.257s][info][gc,start    ] GC(25) Concurrent reset
[23.257s][info][gc,task     ] GC(25) Using 1 of 3 workers for concurrent reset
[23.257s][info][gc,ergo     ] GC(25) Pacer for Reset. Non-Taxable: 8192M
[23.258s][info][gc          ] GC(25) Concurrent reset 0.543ms
[23.258s][info][gc,start    ] GC(25) Pause Init Mark (unload classes)
[23.258s][info][gc,task     ] GC(25) Using 3 of 3 workers for init marking
[23.258s][info][gc,ergo     ] GC(25) Pacer for Mark. Expected Live: 10758K, Free: 5720M, Non-Taxable: 572M, Alloc Tax Rate: 0.0x
[23.258s][info][gc          ] GC(25) Pause Init Mark (unload classes) 0.189ms
[23.258s][info][gc,start    ] GC(25) Concurrent marking roots
[23.258s][info][gc,task     ] GC(25) Using 1 of 3 workers for concurrent marking roots
[23.258s][info][gc          ] GC(25) Concurrent marking roots 0.416ms
[23.258s][info][gc,start    ] GC(25) Concurrent marking (unload classes)
[23.258s][info][gc,task     ] GC(25) Using 1 of 3 workers for concurrent marking
[23.271s][info][gc          ] GC(25) Concurrent marking (unload classes) 12.856ms
[23.271s][info][gc,start    ] GC(25) Pause Final Mark (unload classes)
[23.271s][info][gc,task     ] GC(25) Using 3 of 3 workers for final marking
[23.272s][info][gc,ergo     ] GC(25) Collectable Garbage: 1960M (95%), Immediate: 1960M (95%), CSet: 0B (0%)
[23.272s][info][gc          ] GC(25) Pause Final Mark (unload classes) 0.339ms
[23.272s][info][gc,start    ] GC(25) Concurrent weak references
[23.272s][info][gc,task     ] GC(25) Using 1 of 3 workers for concurrent weak references
[23.272s][info][gc,ref      ] GC(25) Encountered references: Soft: 144, Weak: 702, Final: 0, Phantom: 27
[23.272s][info][gc,ref      ] GC(25) Discovered  references: Soft: 0, Weak: 150, Final: 0, Phantom: 12
[23.272s][info][gc,ref      ] GC(25) Enqueued    references: Soft: 0, Weak: 0, Final: 0, Phantom: 0
[23.272s][info][gc          ] GC(25) Concurrent weak references 0.160ms
[23.272s][info][gc,start    ] GC(25) Concurrent weak roots
[23.272s][info][gc,task     ] GC(25) Using 1 of 3 workers for concurrent weak root
[23.273s][info][gc          ] GC(25) Concurrent weak roots 0.718ms
[23.273s][info][gc,start    ] GC(25) Concurrent cleanup
[23.273s][info][gc          ] GC(25) Concurrent cleanup 2091M->131M(8192M) 0.081ms
[23.273s][info][gc,ergo     ] GC(25) Free: 7648M, Max: 4096K regular, 5688M humongous, Frag: 26% external, 0% internal; Reserve: 412M, Max: 4096K
[23.273s][info][gc,start    ] GC(25) Concurrent class unloading
[23.273s][info][gc,task     ] GC(25) Using 1 of 3 workers for concurrent class unloading
[23.275s][info][gc          ] GC(25) Concurrent class unloading 2.300ms
[23.275s][info][gc,start    ] GC(25) Pause Final Roots
[23.275s][info][gc          ] GC(25) Pause Final Roots 0.025ms
[23.275s][info][gc,ergo     ] Free: 7644M, Max: 4096K regular, 5688M humongous, Frag: 26% external, 0% internal; Reserve: 412M, Max: 4096K
[23.275s][info][gc,stats    ] 
[23.275s][info][gc,stats    ] All times are wall-clock times, except per-root-class counters, that are sum over
[23.275s][info][gc,stats    ] all workers. Dividing the <total> over the root stage time estimates parallelism.
[23.275s][info][gc,stats    ] 
[23.276s][info][gc,stats    ] Concurrent Reset                    609 us
[23.276s][info][gc,stats    ] Pause Init Mark (G)                 362 us
[23.276s][info][gc,stats    ] Pause Init Mark (N)                 205 us
[23.276s][info][gc,stats    ]   Update Region States               76 us
[23.276s][info][gc,stats    ] Concurrent Mark Roots               434 us, parallelism: 0.76x
[23.276s][info][gc,stats    ]   CMR: <total>                      332 us
[23.276s][info][gc,stats    ]   CMR: Thread Roots                 292 us, workers (us): 292, ---, ---, 
[23.276s][info][gc,stats    ]   CMR: VM Strong Roots                5 us, workers (us):   5, ---, ---, 
[23.276s][info][gc,stats    ]   CMR: CLDG Roots                    35 us, workers (us):  35, ---, ---, 
[23.276s][info][gc,stats    ] Concurrent Marking                12924 us
[23.276s][info][gc,stats    ] Pause Final Mark (G)                527 us
[23.276s][info][gc,stats    ] Pause Final Mark (N)                358 us
[23.276s][info][gc,stats    ]   Finish Mark                       109 us
[23.276s][info][gc,stats    ]   Update Region States               89 us
[23.276s][info][gc,stats    ]   Choose Collection Set              60 us
[23.276s][info][gc,stats    ]   Rebuild Free Set                   16 us
[23.276s][info][gc,stats    ] Concurrent Weak References          168 us, parallelism: 0.03x
[23.276s][info][gc,stats    ]   CWRF: <total>                       5 us
[23.276s][info][gc,stats    ]   CWRF: Weak References               5 us, workers (us):   5, ---, ---, 
[23.276s][info][gc,stats    ] Concurrent Weak Roots               757 us
[23.276s][info][gc,stats    ]   Roots                             564 us, parallelism: 0.88x
[23.276s][info][gc,stats    ]     CWR: <total>                    496 us
[23.276s][info][gc,stats    ]     CWR: Code Cache Roots           378 us, workers (us): 378, ---, ---, 
[23.276s][info][gc,stats    ]     CWR: VM Weak Roots              112 us, workers (us): 112, ---, ---, 
[23.276s][info][gc,stats    ]     CWR: CLDG Roots                   6 us, workers (us):   6, ---, ---, 
[23.276s][info][gc,stats    ]   Rendezvous                        137 us
[23.276s][info][gc,stats    ] Concurrent Cleanup                   98 us
[23.276s][info][gc,stats    ] Concurrent Class Unloading         2350 us
[23.276s][info][gc,stats    ]   Unlink Stale                     1974 us
[23.276s][info][gc,stats    ]     System Dictionary                 3 us
[23.276s][info][gc,stats    ]     Weak Class Links                  0 us
[23.276s][info][gc,stats    ]     Code Roots                     1969 us
[23.276s][info][gc,stats    ]   Rendezvous                        155 us
[23.276s][info][gc,stats    ]   Purge Unlinked                    152 us
[23.276s][info][gc,stats    ]     Code Roots                      142 us
[23.276s][info][gc,stats    ]     CLDG                              9 us
[23.276s][info][gc,stats    ]     Exception Caches                  0 us
[23.276s][info][gc,stats    ] Pause Final Roots (G)               128 us
[23.276s][info][gc,stats    ] Pause Final Roots (N)                33 us
[23.276s][info][gc,stats    ] 
[23.276s][info][gc,stats    ] Allocation pacing accrued:
[23.276s][info][gc,stats    ]       0 of   936 ms (  0.0%): <total>
[23.276s][info][gc,stats    ]       0 of   936 ms (  0.0%): <average total>
[23.276s][info][gc,stats    ] 
[23.276s][info][gc,metaspace] Metaspace: 8892K(9152K)->8892K(9152K) NonClass: 7720K(7872K)->7720K(7872K) Class: 1171K(1280K)->1171K(1280K)
[23.276s][info][gc,ergo     ] Pacer for Idle. Initial: 163M, Alloc Tax Rate: 1.0x
[24.168s][info][gc          ] Trigger: Learning 3 of 5. Free (5704M) is below initial threshold (5734M)
[24.168s][info][gc,ergo     ] Free: 5704M, Max: 4096K regular, 5688M humongous, Frag: 1% external, 0% internal; Reserve: 412M, Max: 4096K
[24.168s][info][gc,start    ] GC(26) Concurrent reset
[24.168s][info][gc,task     ] GC(26) Using 1 of 3 workers for concurrent reset
[24.168s][info][gc,ergo     ] GC(26) Pacer for Reset. Non-Taxable: 8192M
[24.169s][info][gc          ] GC(26) Concurrent reset 0.778ms
[24.169s][info][gc,start    ] GC(26) Pause Init Mark (unload classes)
[24.169s][info][gc,task     ] GC(26) Using 3 of 3 workers for init marking
[24.169s][info][gc,ergo     ] GC(26) Pacer for Mark. Expected Live: 12058K, Free: 5704M, Non-Taxable: 570M, Alloc Tax Rate: 0.0x
[24.169s][info][gc          ] GC(26) Pause Init Mark (unload classes) 0.175ms
[24.169s][info][gc,start    ] GC(26) Concurrent marking roots
[24.169s][info][gc,task     ] GC(26) Using 1 of 3 workers for concurrent marking roots
[24.170s][info][gc          ] GC(26) Concurrent marking roots 0.483ms
[24.170s][info][gc,start    ] GC(26) Concurrent marking (unload classes)
[24.170s][info][gc,task     ] GC(26) Using 1 of 3 workers for concurrent marking
[24.190s][info][gc          ] GC(26) Concurrent marking (unload classes) 20.660ms
[24.190s][info][gc,start    ] GC(26) Pause Final Mark (unload classes)
[24.190s][info][gc,task     ] GC(26) Using 3 of 3 workers for final marking
[24.191s][info][gc,ergo     ] GC(26) Collectable Garbage: 1952M (94%), Immediate: 1952M (94%), CSet: 0B (0%)
[24.191s][info][gc          ] GC(26) Pause Final Mark (unload classes) 0.384ms
[24.191s][info][gc,start    ] GC(26) Concurrent weak references
[24.191s][info][gc,task     ] GC(26) Using 1 of 3 workers for concurrent weak references
[24.191s][info][gc,ref      ] GC(26) Encountered references: Soft: 144, Weak: 702, Final: 0, Phantom: 27
[24.191s][info][gc,ref      ] GC(26) Discovered  references: Soft: 0, Weak: 150, Final: 0, Phantom: 12
[24.191s][info][gc,ref      ] GC(26) Enqueued    references: Soft: 0, Weak: 0, Final: 0, Phantom: 0
[24.191s][info][gc          ] GC(26) Concurrent weak references 0.140ms
[24.191s][info][gc,start    ] GC(26) Concurrent weak roots
[24.191s][info][gc,task     ] GC(26) Using 1 of 3 workers for concurrent weak root
[24.191s][info][gc          ] GC(26) Concurrent weak roots 0.495ms
[24.191s][info][gc,start    ] GC(26) Concurrent cleanup
[24.192s][info][gc          ] GC(26) Concurrent cleanup 2111M->159M(8192M) 0.041ms
[24.192s][info][gc,ergo     ] GC(26) Free: 7620M, Max: 4096K regular, 5668M humongous, Frag: 26% external, 0% internal; Reserve: 412M, Max: 4096K
[24.192s][info][gc,start    ] GC(26) Concurrent class unloading
[24.192s][info][gc,task     ] GC(26) Using 1 of 3 workers for concurrent class unloading
[24.193s][info][gc          ] GC(26) Concurrent class unloading 1.721ms
[24.193s][info][gc,start    ] GC(26) Pause Final Roots
[24.193s][info][gc          ] GC(26) Pause Final Roots 0.048ms
[24.193s][info][gc,ergo     ] Free: 7620M, Max: 4096K regular, 5668M humongous, Frag: 26% external, 0% internal; Reserve: 412M, Max: 4096K
[24.194s][info][gc,stats    ] 
[24.194s][info][gc,stats    ] All times are wall-clock times, except per-root-class counters, that are sum over
[24.194s][info][gc,stats    ] all workers. Dividing the <total> over the root stage time estimates parallelism.
[24.194s][info][gc,stats    ] 
[24.194s][info][gc,stats    ] Concurrent Reset                    854 us
[24.194s][info][gc,stats    ] Pause Init Mark (G)                 343 us
[24.194s][info][gc,stats    ] Pause Init Mark (N)                 191 us
[24.194s][info][gc,stats    ]   Update Region States               71 us
[24.194s][info][gc,stats    ] Concurrent Mark Roots               520 us, parallelism: 0.67x
[24.194s][info][gc,stats    ]   CMR: <total>                      346 us
[24.194s][info][gc,stats    ]   CMR: Thread Roots                 304 us, workers (us): 304, ---, ---, 
[24.194s][info][gc,stats    ]   CMR: VM Strong Roots                6 us, workers (us):   6, ---, ---, 
[24.194s][info][gc,stats    ]   CMR: CLDG Roots                    37 us, workers (us):  37, ---, ---, 
[24.194s][info][gc,stats    ] Concurrent Marking                20731 us
[24.194s][info][gc,stats    ] Pause Final Mark (G)                535 us
[24.194s][info][gc,stats    ] Pause Final Mark (N)                404 us
[24.194s][info][gc,stats    ]   Finish Mark                       131 us
[24.194s][info][gc,stats    ]   Update Region States               89 us
[24.194s][info][gc,stats    ]   Choose Collection Set              66 us
[24.194s][info][gc,stats    ]   Rebuild Free Set                   17 us
[24.194s][info][gc,stats    ] Concurrent Weak References          148 us, parallelism: 0.05x
[24.194s][info][gc,stats    ]   CWRF: <total>                       8 us
[24.194s][info][gc,stats    ]   CWRF: Weak References               8 us, workers (us):   8, ---, ---, 
[24.194s][info][gc,stats    ] Concurrent Weak Roots               514 us
[24.194s][info][gc,stats    ]   Roots                             412 us, parallelism: 0.87x
[24.194s][info][gc,stats    ]     CWR: <total>                    361 us
[24.194s][info][gc,stats    ]     CWR: Code Cache Roots           292 us, workers (us): 292, ---, ---, 
[24.194s][info][gc,stats    ]     CWR: VM Weak Roots               63 us, workers (us):  63, ---, ---, 
[24.194s][info][gc,stats    ]     CWR: CLDG Roots                   5 us, workers (us):   5, ---, ---, 
[24.194s][info][gc,stats    ]   Rendezvous                         68 us
[24.194s][info][gc,stats    ] Concurrent Cleanup                   49 us
[24.194s][info][gc,stats    ] Concurrent Class Unloading         1752 us
[24.194s][info][gc,stats    ]   Unlink Stale                     1555 us
[24.194s][info][gc,stats    ]     System Dictionary                 3 us
[24.194s][info][gc,stats    ]     Weak Class Links                  0 us
[24.194s][info][gc,stats    ]     Code Roots                     1551 us
[24.194s][info][gc,stats    ]   Rendezvous                         65 us
[24.194s][info][gc,stats    ]   Purge Unlinked                     86 us
[24.194s][info][gc,stats    ]     Code Roots                       80 us
[24.194s][info][gc,stats    ]     CLDG                              5 us
[24.194s][info][gc,stats    ]     Exception Caches                  0 us
[24.194s][info][gc,stats    ] Pause Final Roots (G)               145 us
[24.194s][info][gc,stats    ] Pause Final Roots (N)                61 us
[24.194s][info][gc,stats    ] 
[24.194s][info][gc,stats    ] Allocation pacing accrued:
[24.194s][info][gc,stats    ]       0 of   918 ms (  0.0%): <total>
[24.194s][info][gc,stats    ]       0 of   918 ms (  0.0%): <average total>
[24.194s][info][gc,stats    ] 
[24.194s][info][gc,metaspace] Metaspace: 8892K(9152K)->8892K(9152K) NonClass: 7720K(7872K)->7720K(7872K) Class: 1171K(1280K)->1171K(1280K)
[24.194s][info][gc,ergo     ] Pacer for Idle. Initial: 163M, Alloc Tax Rate: 1.0x
[25.094s][info][gc          ] Trigger: Learning 4 of 5. Free (5720M) is below initial threshold (5734M)
[25.094s][info][gc,ergo     ] Free: 5720M, Max: 4096K regular, 5668M humongous, Frag: 1% external, 0% internal; Reserve: 412M, Max: 4096K
[25.094s][info][gc,start    ] GC(27) Concurrent reset
[25.094s][info][gc,task     ] GC(27) Using 1 of 3 workers for concurrent reset
[25.094s][info][gc,ergo     ] GC(27) Pacer for Reset. Non-Taxable: 8192M
[25.095s][info][gc          ] GC(27) Concurrent reset 0.884ms
[25.095s][info][gc,start    ] GC(27) Pause Init Mark (unload classes)
[25.095s][info][gc,task     ] GC(27) Using 3 of 3 workers for init marking
[25.095s][info][gc,ergo     ] GC(27) Pacer for Mark. Expected Live: 13287K, Free: 5716M, Non-Taxable: 571M, Alloc Tax Rate: 0.0x
[25.095s][info][gc          ] GC(27) Pause Init Mark (unload classes) 0.179ms
[25.095s][info][gc,start    ] GC(27) Concurrent marking roots
[25.095s][info][gc,task     ] GC(27) Using 1 of 3 workers for concurrent marking roots
[25.096s][info][gc          ] GC(27) Concurrent marking roots 0.824ms
[25.096s][info][gc,start    ] GC(27) Concurrent marking (unload classes)
[25.096s][info][gc,task     ] GC(27) Using 1 of 3 workers for concurrent marking
[25.127s][info][gc          ] GC(27) Concurrent marking (unload classes) 31.163ms
[25.127s][info][gc,start    ] GC(27) Pause Final Mark (unload classes)
[25.128s][info][gc,task     ] GC(27) Using 3 of 3 workers for final marking
[25.128s][info][gc,ergo     ] GC(27) Collectable Garbage: 1944M (95%), Immediate: 1944M (95%), CSet: 0B (0%)
[25.128s][info][gc          ] GC(27) Pause Final Mark (unload classes) 0.353ms
[25.128s][info][gc,start    ] GC(27) Concurrent weak references
[25.128s][info][gc,task     ] GC(27) Using 1 of 3 workers for concurrent weak references
[25.128s][info][gc,ref      ] GC(27) Encountered references: Soft: 144, Weak: 702, Final: 0, Phantom: 27
[25.128s][info][gc,ref      ] GC(27) Discovered  references: Soft: 0, Weak: 150, Final: 0, Phantom: 12
[25.128s][info][gc,ref      ] GC(27) Enqueued    references: Soft: 0, Weak: 0, Final: 0, Phantom: 0
[25.128s][info][gc          ] GC(27) Concurrent weak references 0.140ms
[25.128s][info][gc,start    ] GC(27) Concurrent weak roots
[25.128s][info][gc,task     ] GC(27) Using 1 of 3 workers for concurrent weak root
[25.129s][info][gc          ] GC(27) Concurrent weak roots 0.520ms
[25.129s][info][gc,start    ] GC(27) Concurrent cleanup
[25.129s][info][gc          ] GC(27) Concurrent cleanup 2131M->187M(8192M) 0.042ms
[25.129s][info][gc,ergo     ] GC(27) Free: 7592M, Max: 4096K regular, 5648M humongous, Frag: 26% external, 0% internal; Reserve: 412M, Max: 4096K
[25.129s][info][gc,start    ] GC(27) Concurrent class unloading
[25.129s][info][gc,task     ] GC(27) Using 1 of 3 workers for concurrent class unloading
[25.130s][info][gc          ] GC(27) Concurrent class unloading 1.668ms
[25.130s][info][gc,start    ] GC(27) Pause Final Roots
[25.130s][info][gc          ] GC(27) Pause Final Roots 0.020ms
[25.130s][info][gc,ergo     ] Free: 7588M, Max: 4096K regular, 5648M humongous, Frag: 26% external, 0% internal; Reserve: 412M, Max: 4096K
[25.131s][info][gc,stats    ] 
[25.131s][info][gc,stats    ] All times are wall-clock times, except per-root-class counters, that are sum over
[25.131s][info][gc,stats    ] all workers. Dividing the <total> over the root stage time estimates parallelism.
[25.131s][info][gc,stats    ] 
[25.131s][info][gc,stats    ] Concurrent Reset                    952 us
[25.131s][info][gc,stats    ] Pause Init Mark (G)                 364 us
[25.131s][info][gc,stats    ] Pause Init Mark (N)                 196 us
[25.131s][info][gc,stats    ]   Update Region States               75 us
[25.131s][info][gc,stats    ] Concurrent Mark Roots               848 us, parallelism: 0.83x
[25.131s][info][gc,stats    ]   CMR: <total>                      706 us
[25.131s][info][gc,stats    ]   CMR: Thread Roots                 635 us, workers (us): 635, ---, ---, 
[25.131s][info][gc,stats    ]   CMR: VM Strong Roots                5 us, workers (us):   5, ---, ---, 
[25.131s][info][gc,stats    ]   CMR: CLDG Roots                    66 us, workers (us):  66, ---, ---, 
[25.131s][info][gc,stats    ] Concurrent Marking                31229 us
[25.131s][info][gc,stats    ] Pause Final Mark (G)                501 us
[25.131s][info][gc,stats    ] Pause Final Mark (N)                372 us
[25.131s][info][gc,stats    ]   Finish Mark                       109 us
[25.131s][info][gc,stats    ]   Update Region States               89 us
[25.131s][info][gc,stats    ]   Choose Collection Set              62 us
[25.131s][info][gc,stats    ]   Rebuild Free Set                   17 us
[25.131s][info][gc,stats    ] Concurrent Weak References          148 us, parallelism: 0.05x
[25.131s][info][gc,stats    ]   CWRF: <total>                       7 us
[25.131s][info][gc,stats    ]   CWRF: Weak References               7 us, workers (us):   7, ---, ---, 
[25.131s][info][gc,stats    ] Concurrent Weak Roots               539 us
[25.131s][info][gc,stats    ]   Roots                             423 us, parallelism: 0.88x
[25.131s][info][gc,stats    ]     CWR: <total>                    373 us
[25.131s][info][gc,stats    ]     CWR: Code Cache Roots           306 us, workers (us): 306, ---, ---, 
[25.131s][info][gc,stats    ]     CWR: VM Weak Roots               62 us, workers (us):  62, ---, ---, 
[25.131s][info][gc,stats    ]     CWR: CLDG Roots                   5 us, workers (us):   5, ---, ---, 
[25.131s][info][gc,stats    ]   Rendezvous                         82 us
[25.131s][info][gc,stats    ] Concurrent Cleanup                   50 us
[25.131s][info][gc,stats    ] Concurrent Class Unloading         1696 us
[25.131s][info][gc,stats    ]   Unlink Stale                     1528 us
[25.131s][info][gc,stats    ]     System Dictionary                 3 us
[25.131s][info][gc,stats    ]     Weak Class Links                  0 us
[25.131s][info][gc,stats    ]     Code Roots                     1524 us
[25.131s][info][gc,stats    ]   Rendezvous                         56 us
[25.131s][info][gc,stats    ]   Purge Unlinked                     68 us
[25.131s][info][gc,stats    ]     Code Roots                       63 us
[25.131s][info][gc,stats    ]     CLDG                              5 us
[25.131s][info][gc,stats    ]     Exception Caches                  0 us
[25.131s][info][gc,stats    ] Pause Final Roots (G)                95 us
[25.131s][info][gc,stats    ] Pause Final Roots (N)                28 us
[25.131s][info][gc,stats    ] 
[25.131s][info][gc,stats    ] Allocation pacing accrued:
[25.131s][info][gc,stats    ]       0 of   937 ms (  0.0%): <total>
[25.131s][info][gc,stats    ]       0 of   937 ms (  0.0%): <average total>
[25.131s][info][gc,stats    ] 
[25.131s][info][gc,metaspace] Metaspace: 8892K(9152K)->8892K(9152K) NonClass: 7720K(7872K)->7720K(7872K) Class: 1171K(1280K)->1171K(1280K)
[25.131s][info][gc,ergo     ] Pacer for Idle. Initial: 163M, Alloc Tax Rate: 1.0x
[25.816s][info][gc          ] Trigger: Explicit GC request (System.gc())
[25.816s][info][gc,ergo     ] Free: 6764M, Max: 4096K regular, 5648M humongous, Frag: 17% external, 0% internal; Reserve: 412M, Max: 4096K
[25.816s][info][gc,start    ] GC(28) Concurrent reset
[25.816s][info][gc,task     ] GC(28) Using 1 of 3 workers for concurrent reset
[25.816s][info][gc,ergo     ] GC(28) Pacer for Reset. Non-Taxable: 8192M
[25.817s][info][gc          ] GC(28) Concurrent reset 1.001ms
[25.817s][info][gc,start    ] GC(28) Pause Init Mark (unload classes)
[25.817s][info][gc,task     ] GC(28) Using 3 of 3 workers for init marking
[25.817s][info][gc,ref      ] GC(28) Clearing All SoftReferences
[25.817s][info][gc,ergo     ] GC(28) Pacer for Mark. Expected Live: 14551K, Free: 6764M, Non-Taxable: 676M, Alloc Tax Rate: 0.0x
[25.817s][info][gc          ] GC(28) Pause Init Mark (unload classes) 0.237ms
[25.817s][info][gc,start    ] GC(28) Concurrent marking roots
[25.817s][info][gc,task     ] GC(28) Using 1 of 3 workers for concurrent marking roots
[25.818s][info][gc          ] GC(28) Concurrent marking roots 0.469ms
[25.818s][info][gc,start    ] GC(28) Concurrent marking (unload classes)
[25.818s][info][gc,task     ] GC(28) Using 1 of 3 workers for concurrent marking
[25.822s][info][gc          ] GC(28) Concurrent marking (unload classes) 3.824ms
[25.822s][info][gc,start    ] GC(28) Pause Final Mark (unload classes)
[25.822s][info][gc,task     ] GC(28) Using 3 of 3 workers for final marking
[25.822s][info][gc,ergo     ] GC(28) Collectable Garbage: 955M (94%), Immediate: 955M (94%), CSet: 0B (0%)
[25.822s][info][gc          ] GC(28) Pause Final Mark (unload classes) 0.295ms
[25.822s][info][gc,start    ] GC(28) Concurrent weak references
[25.822s][info][gc,task     ] GC(28) Using 1 of 3 workers for concurrent weak references
[25.822s][info][gc,ref      ] GC(28) Encountered references: Soft: 144, Weak: 702, Final: 0, Phantom: 27
[25.822s][info][gc,ref      ] GC(28) Discovered  references: Soft: 89, Weak: 168, Final: 0, Phantom: 25
[25.822s][info][gc,ref      ] GC(28) Enqueued    references: Soft: 3, Weak: 0, Final: 0, Phantom: 0
[25.822s][info][gc          ] GC(28) Concurrent weak references 0.170ms
[25.822s][info][gc,start    ] GC(28) Concurrent weak roots
[25.822s][info][gc,task     ] GC(28) Using 1 of 3 workers for concurrent weak root
[25.823s][info][gc          ] GC(28) Concurrent weak roots 0.653ms
[25.823s][info][gc,start    ] GC(28) Concurrent cleanup
[25.823s][info][gc          ] GC(28) Concurrent cleanup 1015M->60M(8192M) 0.034ms
[25.823s][info][gc,ergo     ] GC(28) Free: 7720M, Max: 4096K regular, 6880M humongous, Frag: 11% external, 0% internal; Reserve: 412M, Max: 4096K
[25.823s][info][gc,start    ] GC(28) Concurrent class unloading
[25.823s][info][gc,task     ] GC(28) Using 1 of 3 workers for concurrent class unloading
[25.825s][info][gc          ] GC(28) Concurrent class unloading 2.355ms
[25.825s][info][gc,start    ] GC(28) Pause Final Roots
[25.825s][info][gc          ] GC(28) Pause Final Roots 0.020ms
[25.826s][info][gc,ergo     ] Free: 7720M, Max: 4096K regular, 6880M humongous, Frag: 11% external, 0% internal; Reserve: 412M, Max: 4096K
[25.826s][info][gc,stats    ] 
[25.826s][info][gc,stats    ] All times are wall-clock times, except per-root-class counters, that are sum over
[25.826s][info][gc,stats    ] all workers. Dividing the <total> over the root stage time estimates parallelism.
[25.826s][info][gc,stats    ] 
[25.826s][info][gc,stats    ] Concurrent Reset                   1115 us
[25.826s][info][gc,stats    ] Pause Init Mark (G)                 398 us
[25.826s][info][gc,stats    ] Pause Init Mark (N)                 254 us
[25.826s][info][gc,stats    ]   Update Region States              101 us
[25.826s][info][gc,stats    ] Concurrent Mark Roots               505 us, parallelism: 0.66x
[25.826s][info][gc,stats    ]   CMR: <total>                      335 us
[25.826s][info][gc,stats    ]   CMR: Thread Roots                 292 us, workers (us): 292, ---, ---, 
[25.826s][info][gc,stats    ]   CMR: VM Strong Roots                6 us, workers (us):   6, ---, ---, 
[25.826s][info][gc,stats    ]   CMR: CLDG Roots                    37 us, workers (us):  37, ---, ---, 
[25.826s][info][gc,stats    ] Concurrent Marking                 3876 us
[25.826s][info][gc,stats    ] Pause Final Mark (G)                429 us
[25.826s][info][gc,stats    ] Pause Final Mark (N)                317 us
[25.826s][info][gc,stats    ]   Finish Mark                        94 us
[25.826s][info][gc,stats    ]   Update Region States               48 us
[25.826s][info][gc,stats    ]   Choose Collection Set              53 us
[25.826s][info][gc,stats    ]   Rebuild Free Set                   21 us
[25.826s][info][gc,stats    ] Concurrent Weak References          186 us, parallelism: 0.05x
[25.826s][info][gc,stats    ]   CWRF: <total>                       8 us
[25.826s][info][gc,stats    ]   CWRF: Weak References               8 us, workers (us):   8, ---, ---, 
[25.826s][info][gc,stats    ] Concurrent Weak Roots               672 us
[25.826s][info][gc,stats    ]   Roots                             520 us, parallelism: 0.88x
[25.826s][info][gc,stats    ]     CWR: <total>                    456 us
[25.826s][info][gc,stats    ]     CWR: Code Cache Roots           341 us, workers (us): 341, ---, ---, 
[25.826s][info][gc,stats    ]     CWR: VM Weak Roots              111 us, workers (us): 111, ---, ---, 
[25.826s][info][gc,stats    ]     CWR: CLDG Roots                   5 us, workers (us):   5, ---, ---, 
[25.826s][info][gc,stats    ]   Rendezvous                        102 us
[25.826s][info][gc,stats    ] Concurrent Cleanup                   42 us
[25.826s][info][gc,stats    ] Concurrent Class Unloading         2416 us
[25.826s][info][gc,stats    ]   Unlink Stale                     2147 us
[25.826s][info][gc,stats    ]     System Dictionary                 3 us
[25.826s][info][gc,stats    ]     Weak Class Links                  0 us
[25.826s][info][gc,stats    ]     Code Roots                     2142 us
[25.826s][info][gc,stats    ]   Rendezvous                         57 us
[25.826s][info][gc,stats    ]   Purge Unlinked                    131 us
[25.826s][info][gc,stats    ]     Code Roots                      122 us
[25.826s][info][gc,stats    ]     CLDG                              8 us
[25.826s][info][gc,stats    ]     Exception Caches                  0 us
[25.826s][info][gc,stats    ] Pause Final Roots (G)                95 us
[25.826s][info][gc,stats    ] Pause Final Roots (N)                28 us
[25.826s][info][gc,stats    ] 
[25.826s][info][gc,stats    ] Allocation pacing accrued:
[25.826s][info][gc,stats    ]       0 of   695 ms (  0.0%): <total>
[25.826s][info][gc,stats    ]       0 of   695 ms (  0.0%): <average total>
[25.826s][info][gc,stats    ] 
[25.826s][info][gc,metaspace] Metaspace: 8893K(9152K)->8893K(9152K) NonClass: 7721K(7872K)->7721K(7872K) Class: 1171K(1280K)->1171K(1280K)
[25.826s][info][gc,ergo     ] Pacer for Idle. Initial: 163M, Alloc Tax Rate: 1.0x
[26.742s][info][gc          ] Trigger: Learning 2 of 5. Free (5724M) is below initial threshold (5734M)
[26.743s][info][gc,ergo     ] Free: 5724M, Max: 4096K regular, 5724M humongous, Frag: 0% external, 0% internal; Reserve: 412M, Max: 4096K
[26.743s][info][gc,start    ] GC(29) Concurrent reset
[26.743s][info][gc,task     ] GC(29) Using 1 of 3 workers for concurrent reset
[26.743s][info][gc,ergo     ] GC(29) Pacer for Reset. Non-Taxable: 8192M
[26.743s][info][gc          ] GC(29) Concurrent reset 0.667ms
[26.743s][info][gc,start    ] GC(29) Pause Init Mark (unload classes)
[26.744s][info][gc,task     ] GC(29) Using 3 of 3 workers for init marking
[26.744s][info][gc,ergo     ] GC(29) Pacer for Mark. Expected Live: 10737K, Free: 5720M, Non-Taxable: 572M, Alloc Tax Rate: 0.0x
[26.744s][info][gc          ] GC(29) Pause Init Mark (unload classes) 0.157ms
[26.744s][info][gc,start    ] GC(29) Concurrent marking roots
[26.744s][info][gc,task     ] GC(29) Using 1 of 3 workers for concurrent marking roots
[26.744s][info][gc          ] GC(29) Concurrent marking roots 0.455ms
[26.744s][info][gc,start    ] GC(29) Concurrent marking (unload classes)
[26.744s][info][gc,task     ] GC(29) Using 1 of 3 workers for concurrent marking
[26.757s][info][gc          ] GC(29) Concurrent marking (unload classes) 12.791ms
[26.757s][info][gc,start    ] GC(29) Pause Final Mark (unload classes)
[26.757s][info][gc,task     ] GC(29) Using 3 of 3 workers for final marking
[26.757s][info][gc,ergo     ] GC(29) Collectable Garbage: 1956M (95%), Immediate: 1956M (95%), CSet: 0B (0%)
[26.757s][info][gc          ] GC(29) Pause Final Mark (unload classes) 0.348ms
[26.758s][info][gc,start    ] GC(29) Concurrent weak references
[26.758s][info][gc,task     ] GC(29) Using 1 of 3 workers for concurrent weak references
[26.758s][info][gc,ref      ] GC(29) Encountered references: Soft: 144, Weak: 702, Final: 0, Phantom: 27
[26.758s][info][gc,ref      ] GC(29) Discovered  references: Soft: 0, Weak: 150, Final: 0, Phantom: 12
[26.758s][info][gc,ref      ] GC(29) Enqueued    references: Soft: 0, Weak: 0, Final: 0, Phantom: 0
[26.758s][info][gc          ] GC(29) Concurrent weak references 0.164ms
[26.758s][info][gc,start    ] GC(29) Concurrent weak roots
[26.758s][info][gc,task     ] GC(29) Using 1 of 3 workers for concurrent weak root
[26.758s][info][gc          ] GC(29) Concurrent weak roots 0.731ms
[26.758s][info][gc,start    ] GC(29) Concurrent cleanup
[26.759s][info][gc          ] GC(29) Concurrent cleanup 2091M->135M(8192M) 0.046ms
[26.759s][info][gc,ergo     ] GC(29) Free: 7644M, Max: 4096K regular, 5688M humongous, Frag: 26% external, 0% internal; Reserve: 412M, Max: 4096K
[26.759s][info][gc,start    ] GC(29) Concurrent class unloading
[26.759s][info][gc,task     ] GC(29) Using 1 of 3 workers for concurrent class unloading
[26.760s][info][gc          ] GC(29) Concurrent class unloading 1.742ms
[26.760s][info][gc,start    ] GC(29) Pause Final Roots
[26.760s][info][gc          ] GC(29) Pause Final Roots 0.021ms
[26.760s][info][gc,ergo     ] Free: 7640M, Max: 4096K regular, 5688M humongous, Frag: 26% external, 0% internal; Reserve: 412M, Max: 4096K
[26.760s][info][gc,stats    ] 
[26.761s][info][gc,stats    ] All times are wall-clock times, except per-root-class counters, that are sum over
[26.761s][info][gc,stats    ] all workers. Dividing the <total> over the root stage time estimates parallelism.
[26.761s][info][gc,stats    ] 
[26.761s][info][gc,stats    ] Concurrent Reset                    737 us
[26.761s][info][gc,stats    ] Pause Init Mark (G)                 312 us
[26.761s][info][gc,stats    ] Pause Init Mark (N)                 173 us
[26.761s][info][gc,stats    ]   Update Region States               65 us
[26.761s][info][gc,stats    ] Concurrent Mark Roots               479 us, parallelism: 0.76x
[26.761s][info][gc,stats    ]   CMR: <total>                      362 us
[26.761s][info][gc,stats    ]   CMR: Thread Roots                 321 us, workers (us): 321, ---, ---, 
[26.761s][info][gc,stats    ]   CMR: VM Strong Roots                5 us, workers (us):   5, ---, ---, 
[26.761s][info][gc,stats    ]   CMR: CLDG Roots                    36 us, workers (us):  36, ---, ---, 
[26.761s][info][gc,stats    ] Concurrent Marking                12859 us
[26.761s][info][gc,stats    ] Pause Final Mark (G)                544 us
[26.761s][info][gc,stats    ] Pause Final Mark (N)                367 us
[26.761s][info][gc,stats    ]   Finish Mark                       120 us
[26.761s][info][gc,stats    ]   Update Region States               89 us
[26.761s][info][gc,stats    ]   Choose Collection Set              60 us
[26.761s][info][gc,stats    ]   Rebuild Free Set                   16 us
[26.761s][info][gc,stats    ] Concurrent Weak References          172 us, parallelism: 0.03x
[26.761s][info][gc,stats    ]   CWRF: <total>                       5 us
[26.761s][info][gc,stats    ]   CWRF: Weak References               5 us, workers (us):   5, ---, ---, 
[26.761s][info][gc,stats    ] Concurrent Weak Roots               754 us
[26.761s][info][gc,stats    ]   Roots                             659 us, parallelism: 0.90x
[26.761s][info][gc,stats    ]     CWR: <total>                    594 us
[26.761s][info][gc,stats    ]     CWR: Code Cache Roots           395 us, workers (us): 395, ---, ---, 
[26.761s][info][gc,stats    ]     CWR: VM Weak Roots              192 us, workers (us): 192, ---, ---, 
[26.761s][info][gc,stats    ]     CWR: CLDG Roots                   7 us, workers (us):   7, ---, ---, 
[26.761s][info][gc,stats    ]   Rendezvous                         56 us
[26.761s][info][gc,stats    ] Concurrent Cleanup                   54 us
[26.761s][info][gc,stats    ] Concurrent Class Unloading         1773 us
[26.761s][info][gc,stats    ]   Unlink Stale                     1584 us
[26.761s][info][gc,stats    ]     System Dictionary                 3 us
[26.761s][info][gc,stats    ]     Weak Class Links                  0 us
[26.761s][info][gc,stats    ]     Code Roots                     1581 us
[26.761s][info][gc,stats    ]   Rendezvous                         56 us
[26.761s][info][gc,stats    ]   Purge Unlinked                     84 us
[26.761s][info][gc,stats    ]     Code Roots                       79 us
[26.761s][info][gc,stats    ]     CLDG                              5 us
[26.761s][info][gc,stats    ]     Exception Caches                  0 us
[26.761s][info][gc,stats    ] Pause Final Roots (G)                93 us
[26.761s][info][gc,stats    ] Pause Final Roots (N)                29 us
[26.761s][info][gc,stats    ] 
[26.761s][info][gc,stats    ] Allocation pacing accrued:
[26.761s][info][gc,stats    ]       0 of   935 ms (  0.0%): <total>
[26.761s][info][gc,stats    ]       0 of   935 ms (  0.0%): <average total>
[26.761s][info][gc,stats    ] 
[26.761s][info][gc,metaspace] Metaspace: 8896K(9152K)->8896K(9152K) NonClass: 7724K(7872K)->7724K(7872K) Class: 1171K(1280K)->1171K(1280K)
[26.761s][info][gc,ergo     ] Pacer for Idle. Initial: 163M, Alloc Tax Rate: 1.0x
[27.653s][info][gc          ] Trigger: Learning 3 of 5. Free (5700M) is below initial threshold (5734M)
[27.653s][info][gc,ergo     ] Free: 5700M, Max: 4096K regular, 5688M humongous, Frag: 1% external, 0% internal; Reserve: 412M, Max: 4096K
[27.653s][info][gc,start    ] GC(30) Concurrent reset
[27.653s][info][gc,task     ] GC(30) Using 1 of 3 workers for concurrent reset
[27.653s][info][gc,ergo     ] GC(30) Pacer for Reset. Non-Taxable: 8192M
[27.653s][info][gc          ] GC(30) Concurrent reset 0.646ms
[27.654s][info][gc,start    ] GC(30) Pause Init Mark (unload classes)
[27.654s][info][gc,task     ] GC(30) Using 3 of 3 workers for init marking
[27.654s][info][gc,ergo     ] GC(30) Pacer for Mark. Expected Live: 12038K, Free: 5700M, Non-Taxable: 570M, Alloc Tax Rate: 0.0x
[27.654s][info][gc          ] GC(30) Pause Init Mark (unload classes) 0.131ms
[27.654s][info][gc,start    ] GC(30) Concurrent marking roots
[27.654s][info][gc,task     ] GC(30) Using 1 of 3 workers for concurrent marking roots
[27.654s][info][gc          ] GC(30) Concurrent marking roots 0.420ms
[27.654s][info][gc,start    ] GC(30) Concurrent marking (unload classes)
[27.654s][info][gc,task     ] GC(30) Using 1 of 3 workers for concurrent marking
[27.676s][info][gc          ] GC(30) Concurrent marking (unload classes) 21.661ms
[27.676s][info][gc,start    ] GC(30) Pause Final Mark (unload classes)
[27.676s][info][gc,task     ] GC(30) Using 3 of 3 workers for final marking
[27.676s][info][gc,ergo     ] GC(30) Collectable Garbage: 1944M (94%), Immediate: 1944M (94%), CSet: 0B (0%)
[27.676s][info][gc          ] GC(30) Pause Final Mark (unload classes) 0.359ms
[27.676s][info][gc,start    ] GC(30) Concurrent weak references
[27.677s][info][gc,task     ] GC(30) Using 1 of 3 workers for concurrent weak references
[27.677s][info][gc,ref      ] GC(30) Encountered references: Soft: 144, Weak: 702, Final: 0, Phantom: 27
[27.677s][info][gc,ref      ] GC(30) Discovered  references: Soft: 0, Weak: 150, Final: 0, Phantom: 25
[27.677s][info][gc,ref      ] GC(30) Enqueued    references: Soft: 0, Weak: 0, Final: 0, Phantom: 0
[27.677s][info][gc          ] GC(30) Concurrent weak references 0.141ms
[27.677s][info][gc,start    ] GC(30) Concurrent weak roots
[27.677s][info][gc,task     ] GC(30) Using 1 of 3 workers for concurrent weak root
[27.677s][info][gc          ] GC(30) Concurrent weak roots 0.657ms
[27.677s][info][gc,start    ] GC(30) Concurrent cleanup
[27.677s][info][gc          ] GC(30) Concurrent cleanup 2115M->171M(8192M) 0.042ms
[27.677s][info][gc,ergo     ] GC(30) Free: 7608M, Max: 4096K regular, 5664M humongous, Frag: 26% external, 0% internal; Reserve: 412M, Max: 4096K
[27.677s][info][gc,start    ] GC(30) Concurrent class unloading
[27.677s][info][gc,task     ] GC(30) Using 1 of 3 workers for concurrent class unloading
[27.679s][info][gc          ] GC(30) Concurrent class unloading 1.638ms
[27.679s][info][gc,start    ] GC(30) Pause Final Roots
[27.679s][info][gc          ] GC(30) Pause Final Roots 0.045ms
[27.679s][info][gc,ergo     ] Free: 7608M, Max: 4096K regular, 5664M humongous, Frag: 26% external, 0% internal; Reserve: 412M, Max: 4096K
[27.679s][info][gc,stats    ] 
[27.679s][info][gc,stats    ] All times are wall-clock times, except per-root-class counters, that are sum over
[27.679s][info][gc,stats    ] all workers. Dividing the <total> over the root stage time estimates parallelism.
[27.679s][info][gc,stats    ] 
[27.679s][info][gc,stats    ] Concurrent Reset                    686 us
[27.679s][info][gc,stats    ] Pause Init Mark (G)                 277 us
[27.679s][info][gc,stats    ] Pause Init Mark (N)                 140 us
[27.679s][info][gc,stats    ]   Update Region States               57 us
[27.679s][info][gc,stats    ] Concurrent Mark Roots               438 us, parallelism: 0.76x
[27.679s][info][gc,stats    ]   CMR: <total>                      333 us
[27.679s][info][gc,stats    ]   CMR: Thread Roots                 294 us, workers (us): 294, ---, ---, 
[27.679s][info][gc,stats    ]   CMR: VM Strong Roots                5 us, workers (us):   5, ---, ---, 
[27.679s][info][gc,stats    ]   CMR: CLDG Roots                    34 us, workers (us):  34, ---, ---, 
[27.679s][info][gc,stats    ] Concurrent Marking                21732 us
[27.679s][info][gc,stats    ] Pause Final Mark (G)                500 us
[27.679s][info][gc,stats    ] Pause Final Mark (N)                379 us
[27.679s][info][gc,stats    ]   Finish Mark                       108 us
[27.679s][info][gc,stats    ]   Update Region States               89 us
[27.679s][info][gc,stats    ]   Choose Collection Set              63 us
[27.679s][info][gc,stats    ]   Rebuild Free Set                   17 us
[27.679s][info][gc,stats    ] Concurrent Weak References          148 us, parallelism: 0.05x
[27.679s][info][gc,stats    ]   CWRF: <total>                       8 us
[27.679s][info][gc,stats    ]   CWRF: Weak References               8 us, workers (us):   8, ---, ---, 
[27.679s][info][gc,stats    ] Concurrent Weak Roots               675 us
[27.679s][info][gc,stats    ]   Roots                             546 us, parallelism: 0.87x
[27.679s][info][gc,stats    ]     CWR: <total>                    475 us
[27.679s][info][gc,stats    ]     CWR: Code Cache Roots           359 us, workers (us): 359, ---, ---, 
[27.679s][info][gc,stats    ]     CWR: VM Weak Roots              110 us, workers (us): 110, ---, ---, 
[27.679s][info][gc,stats    ]     CWR: CLDG Roots                   6 us, workers (us):   6, ---, ---, 
[27.679s][info][gc,stats    ]   Rendezvous                         96 us
[27.679s][info][gc,stats    ] Concurrent Cleanup                   50 us
[27.679s][info][gc,stats    ] Concurrent Class Unloading         1665 us
[27.679s][info][gc,stats    ]   Unlink Stale                     1486 us
[27.679s][info][gc,stats    ]     System Dictionary                 3 us
[27.679s][info][gc,stats    ]     Weak Class Links                  0 us
[27.679s][info][gc,stats    ]     Code Roots                     1482 us
[27.679s][info][gc,stats    ]   Rendezvous                         71 us
[27.679s][info][gc,stats    ]   Purge Unlinked                     65 us
[27.679s][info][gc,stats    ]     Code Roots                       61 us
[27.680s][info][gc,stats    ]     CLDG                              4 us
[27.680s][info][gc,stats    ]     Exception Caches                  0 us
[27.680s][info][gc,stats    ] Pause Final Roots (G)               145 us
[27.680s][info][gc,stats    ] Pause Final Roots (N)                59 us
[27.680s][info][gc,stats    ] 
[27.680s][info][gc,stats    ] Allocation pacing accrued:
[27.680s][info][gc,stats    ]       0 of   919 ms (  0.0%): <total>
[27.680s][info][gc,stats    ]       0 of   919 ms (  0.0%): <average total>
[27.680s][info][gc,stats    ] 
[27.680s][info][gc,metaspace] Metaspace: 8896K(9152K)->8896K(9152K) NonClass: 7724K(7872K)->7724K(7872K) Class: 1171K(1280K)->1171K(1280K)
[27.680s][info][gc,ergo     ] Pacer for Idle. Initial: 163M, Alloc Tax Rate: 1.0x
[28.579s][info][gc          ] Trigger: Learning 4 of 5. Free (5712M) is below initial threshold (5734M)
[28.579s][info][gc,ergo     ] Free: 5712M, Max: 4096K regular, 5664M humongous, Frag: 1% external, 0% internal; Reserve: 412M, Max: 4096K
[28.579s][info][gc,start    ] GC(31) Concurrent reset
[28.579s][info][gc,task     ] GC(31) Using 1 of 3 workers for concurrent reset
[28.579s][info][gc,ergo     ] GC(31) Pacer for Reset. Non-Taxable: 8192M
[28.580s][info][gc          ] GC(31) Concurrent reset 0.879ms
[28.580s][info][gc,start    ] GC(31) Pause Init Mark (unload classes)
[28.580s][info][gc,task     ] GC(31) Using 3 of 3 workers for init marking
[28.581s][info][gc,ergo     ] GC(31) Pacer for Mark. Expected Live: 13268K, Free: 5712M, Non-Taxable: 571M, Alloc Tax Rate: 0.0x
[28.581s][info][gc          ] GC(31) Pause Init Mark (unload classes) 0.156ms
[28.581s][info][gc,start    ] GC(31) Concurrent marking roots
[28.581s][info][gc,task     ] GC(31) Using 1 of 3 workers for concurrent marking roots
[28.581s][info][gc          ] GC(31) Concurrent marking roots 0.468ms
[28.581s][info][gc,start    ] GC(31) Concurrent marking (unload classes)
[28.581s][info][gc,task     ] GC(31) Using 1 of 3 workers for concurrent marking
[28.612s][info][gc          ] GC(31) Concurrent marking (unload classes) 30.524ms
[28.612s][info][gc,start    ] GC(31) Pause Final Mark (unload classes)
[28.612s][info][gc,task     ] GC(31) Using 3 of 3 workers for final marking
[28.612s][info][gc,ergo     ] GC(31) Collectable Garbage: 1940M (94%), Immediate: 1940M (94%), CSet: 0B (0%)
[28.612s][info][gc          ] GC(31) Pause Final Mark (unload classes) 0.265ms
[28.612s][info][gc,start    ] GC(31) Concurrent weak references
[28.612s][info][gc,task     ] GC(31) Using 1 of 3 workers for concurrent weak references
[28.612s][info][gc,ref      ] GC(31) Encountered references: Soft: 144, Weak: 702, Final: 0, Phantom: 27
[28.612s][info][gc,ref      ] GC(31) Discovered  references: Soft: 0, Weak: 150, Final: 0, Phantom: 12
[28.612s][info][gc,ref      ] GC(31) Enqueued    references: Soft: 0, Weak: 0, Final: 0, Phantom: 0
[28.612s][info][gc          ] GC(31) Concurrent weak references 0.122ms
[28.612s][info][gc,start    ] GC(31) Concurrent weak roots
[28.612s][info][gc,task     ] GC(31) Using 1 of 3 workers for concurrent weak root
[28.613s][info][gc          ] GC(31) Concurrent weak roots 0.556ms
[28.613s][info][gc,start    ] GC(31) Concurrent cleanup
[28.613s][info][gc          ] GC(31) Concurrent cleanup 2135M->195M(8192M) 0.052ms
[28.613s][info][gc,ergo     ] GC(31) Free: 7584M, Max: 4096K regular, 5644M humongous, Frag: 26% external, 0% internal; Reserve: 412M, Max: 4096K
[28.613s][info][gc,start    ] GC(31) Concurrent class unloading
[28.613s][info][gc,task     ] GC(31) Using 1 of 3 workers for concurrent class unloading
[28.615s][info][gc          ] GC(31) Concurrent class unloading 1.914ms
[28.615s][info][gc,start    ] GC(31) Pause Final Roots
[28.615s][info][gc          ] GC(31) Pause Final Roots 0.044ms
[28.615s][info][gc,ergo     ] Free: 7584M, Max: 4096K regular, 5644M humongous, Frag: 26% external, 0% internal; Reserve: 412M, Max: 4096K
[28.615s][info][gc,stats    ] 
[28.615s][info][gc,stats    ] All times are wall-clock times, except per-root-class counters, that are sum over
[28.615s][info][gc,stats    ] all workers. Dividing the <total> over the root stage time estimates parallelism.
[28.615s][info][gc,stats    ] 
[28.615s][info][gc,stats    ] Concurrent Reset                    944 us
[28.615s][info][gc,stats    ] Pause Init Mark (G)                 343 us
[28.615s][info][gc,stats    ] Pause Init Mark (N)                 172 us
[28.615s][info][gc,stats    ]   Update Region States               70 us
[28.615s][info][gc,stats    ] Concurrent Mark Roots               485 us, parallelism: 0.72x
[28.615s][info][gc,stats    ]   CMR: <total>                      348 us
[28.615s][info][gc,stats    ]   CMR: Thread Roots                 304 us, workers (us): 304, ---, ---, 
[28.615s][info][gc,stats    ]   CMR: VM Strong Roots                6 us, workers (us):   6, ---, ---, 
[28.615s][info][gc,stats    ]   CMR: CLDG Roots                    38 us, workers (us):  38, ---, ---, 
[28.615s][info][gc,stats    ] Concurrent Marking                30582 us
[28.615s][info][gc,stats    ] Pause Final Mark (G)                405 us
[28.615s][info][gc,stats    ] Pause Final Mark (N)                283 us
[28.615s][info][gc,stats    ]   Finish Mark                        69 us
[28.615s][info][gc,stats    ]   Update Region States               56 us
[28.615s][info][gc,stats    ]   Choose Collection Set              43 us
[28.615s][info][gc,stats    ]   Rebuild Free Set                   17 us
[28.615s][info][gc,stats    ] Concurrent Weak References          130 us, parallelism: 0.05x
[28.615s][info][gc,stats    ]   CWRF: <total>                       7 us
[28.615s][info][gc,stats    ]   CWRF: Weak References               7 us, workers (us):   7, ---, ---, 
[28.615s][info][gc,stats    ] Concurrent Weak Roots               590 us
[28.615s][info][gc,stats    ]   Roots                             474 us, parallelism: 0.86x
[28.615s][info][gc,stats    ]     CWR: <total>                    410 us
[28.615s][info][gc,stats    ]     CWR: Code Cache Roots           339 us, workers (us): 339, ---, ---, 
[28.615s][info][gc,stats    ]     CWR: VM Weak Roots               65 us, workers (us):  65, ---, ---, 
[28.615s][info][gc,stats    ]     CWR: CLDG Roots                   5 us, workers (us):   5, ---, ---, 
[28.615s][info][gc,stats    ]   Rendezvous                         65 us
[28.615s][info][gc,stats    ] Concurrent Cleanup                   61 us
[28.615s][info][gc,stats    ] Concurrent Class Unloading         1964 us
[28.615s][info][gc,stats    ]   Unlink Stale                     1753 us
[28.615s][info][gc,stats    ]     System Dictionary                 6 us
[28.615s][info][gc,stats    ]     Weak Class Links                  0 us
[28.615s][info][gc,stats    ]     Code Roots                     1744 us
[28.615s][info][gc,stats    ]   Rendezvous                         50 us
[28.615s][info][gc,stats    ]   Purge Unlinked                     83 us
[28.615s][info][gc,stats    ]     Code Roots                       79 us
[28.615s][info][gc,stats    ]     CLDG                              3 us
[28.615s][info][gc,stats    ]     Exception Caches                  0 us
[28.615s][info][gc,stats    ] Pause Final Roots (G)               126 us
[28.615s][info][gc,stats    ] Pause Final Roots (N)                54 us
[28.615s][info][gc,stats    ] 
[28.615s][info][gc,stats    ] Allocation pacing accrued:
[28.615s][info][gc,stats    ]       0 of   936 ms (  0.0%): <total>
[28.615s][info][gc,stats    ]       0 of   936 ms (  0.0%): <average total>
[28.615s][info][gc,stats    ] 
[28.615s][info][gc,metaspace] Metaspace: 8896K(9152K)->8896K(9152K) NonClass: 7724K(7872K)->7724K(7872K) Class: 1171K(1280K)->1171K(1280K)
[28.615s][info][gc,ergo     ] Pacer for Idle. Initial: 163M, Alloc Tax Rate: 1.0x
[29.302s][info][gc          ] Trigger: Explicit GC request (System.gc())
[29.302s][info][gc,ergo     ] Free: 6752M, Max: 4096K regular, 5644M humongous, Frag: 17% external, 0% internal; Reserve: 412M, Max: 4096K
[29.302s][info][gc,start    ] GC(32) Concurrent reset
[29.302s][info][gc,task     ] GC(32) Using 1 of 3 workers for concurrent reset
[29.302s][info][gc,ergo     ] GC(32) Pacer for Reset. Non-Taxable: 8192M
[29.303s][info][gc          ] GC(32) Concurrent reset 0.953ms
[29.303s][info][gc,start    ] GC(32) Pause Init Mark (unload classes)
[29.303s][info][gc,task     ] GC(32) Using 3 of 3 workers for init marking
[29.303s][info][gc,ref      ] GC(32) Clearing All SoftReferences
[29.303s][info][gc,ergo     ] GC(32) Pacer for Mark. Expected Live: 14539K, Free: 6752M, Non-Taxable: 675M, Alloc Tax Rate: 0.0x
[29.303s][info][gc          ] GC(32) Pause Init Mark (unload classes) 0.137ms
[29.303s][info][gc,start    ] GC(32) Concurrent marking roots
[29.303s][info][gc,task     ] GC(32) Using 1 of 3 workers for concurrent marking roots
[29.304s][info][gc          ] GC(32) Concurrent marking roots 0.541ms
[29.304s][info][gc,start    ] GC(32) Concurrent marking (unload classes)
[29.304s][info][gc,task     ] GC(32) Using 1 of 3 workers for concurrent marking
[29.308s][info][gc          ] GC(32) Concurrent marking (unload classes) 4.321ms
[29.309s][info][gc,start    ] GC(32) Pause Final Mark (unload classes)
[29.309s][info][gc,task     ] GC(32) Using 3 of 3 workers for final marking
[29.309s][info][gc,ergo     ] GC(32) Collectable Garbage: 963M (94%), Immediate: 963M (94%), CSet: 0B (0%)
[29.309s][info][gc          ] GC(32) Pause Final Mark (unload classes) 0.643ms
[29.309s][info][gc,start    ] GC(32) Concurrent weak references
[29.309s][info][gc,task     ] GC(32) Using 1 of 3 workers for concurrent weak references
[29.309s][info][gc,ref      ] GC(32) Encountered references: Soft: 144, Weak: 702, Final: 0, Phantom: 27
[29.309s][info][gc,ref      ] GC(32) Discovered  references: Soft: 89, Weak: 168, Final: 0, Phantom: 25
[29.309s][info][gc,ref      ] GC(32) Enqueued    references: Soft: 3, Weak: 0, Final: 0, Phantom: 0
[29.309s][info][gc          ] GC(32) Concurrent weak references 0.091ms
[29.309s][info][gc,start    ] GC(32) Concurrent weak roots
[29.309s][info][gc,task     ] GC(32) Using 1 of 3 workers for concurrent weak root
[29.310s][info][gc          ] GC(32) Concurrent weak roots 0.518ms
[29.310s][info][gc,start    ] GC(32) Concurrent cleanup
[29.310s][info][gc          ] GC(32) Concurrent cleanup 1027M->63M(8192M) 0.033ms
[29.310s][info][gc,ergo     ] GC(32) Free: 7716M, Max: 4096K regular, 6872M humongous, Frag: 11% external, 0% internal; Reserve: 412M, Max: 4096K
[29.310s][info][gc,start    ] GC(32) Concurrent class unloading
[29.310s][info][gc,task     ] GC(32) Using 1 of 3 workers for concurrent class unloading
[29.312s][info][gc          ] GC(32) Concurrent class unloading 2.067ms
[29.312s][info][gc,start    ] GC(32) Pause Final Roots
[29.312s][info][gc          ] GC(32) Pause Final Roots 0.020ms
[29.312s][info][gc,ergo     ] Free: 7716M, Max: 4096K regular, 6872M humongous, Frag: 11% external, 0% internal; Reserve: 412M, Max: 4096K
[29.312s][info][gc,stats    ] 
[29.312s][info][gc,stats    ] All times are wall-clock times, except per-root-class counters, that are sum over
[29.312s][info][gc,stats    ] all workers. Dividing the <total> over the root stage time estimates parallelism.
[29.312s][info][gc,stats    ] 
[29.312s][info][gc,stats    ] Concurrent Reset                   1032 us
[29.312s][info][gc,stats    ] Pause Init Mark (G)                 237 us
[29.312s][info][gc,stats    ] Pause Init Mark (N)                 145 us
[29.312s][info][gc,stats    ]   Update Region States               60 us
[29.312s][info][gc,stats    ] Concurrent Mark Roots               565 us, parallelism: 0.80x
[29.312s][info][gc,stats    ]   CMR: <total>                      453 us
[29.312s][info][gc,stats    ]   CMR: Thread Roots                 366 us, workers (us): 366, ---, ---, 
[29.312s][info][gc,stats    ]   CMR: VM Strong Roots               13 us, workers (us):  13, ---, ---, 
[29.312s][info][gc,stats    ]   CMR: CLDG Roots                    74 us, workers (us):  74, ---, ---, 
[29.312s][info][gc,stats    ] Concurrent Marking                 4441 us
[29.312s][info][gc,stats    ] Pause Final Mark (G)                782 us
[29.312s][info][gc,stats    ] Pause Final Mark (N)                673 us
[29.312s][info][gc,stats    ]   Finish Mark                       132 us
[29.312s][info][gc,stats    ]   Update Region States               75 us
[29.312s][info][gc,stats    ]   Choose Collection Set             312 us
[29.313s][info][gc,stats    ]   Rebuild Free Set                   23 us
[29.313s][info][gc,stats    ] Concurrent Weak References           98 us, parallelism: 0.12x
[29.313s][info][gc,stats    ]   CWRF: <total>                      12 us
[29.313s][info][gc,stats    ]   CWRF: Weak References              12 us, workers (us):  12, ---, ---, 
[29.313s][info][gc,stats    ] Concurrent Weak Roots               537 us
[29.313s][info][gc,stats    ]   Roots                             399 us, parallelism: 0.91x
[29.313s][info][gc,stats    ]     CWR: <total>                    362 us
[29.313s][info][gc,stats    ]     CWR: Code Cache Roots           292 us, workers (us): 292, ---, ---, 
[29.313s][info][gc,stats    ]     CWR: VM Weak Roots               65 us, workers (us):  65, ---, ---, 
[29.313s][info][gc,stats    ]     CWR: CLDG Roots                   5 us, workers (us):   5, ---, ---, 
[29.313s][info][gc,stats    ]   Rendezvous                        104 us
[29.313s][info][gc,stats    ] Concurrent Cleanup                   41 us
[29.313s][info][gc,stats    ] Concurrent Class Unloading         2112 us
[29.313s][info][gc,stats    ]   Unlink Stale                     1801 us
[29.313s][info][gc,stats    ]     System Dictionary                 3 us
[29.313s][info][gc,stats    ]     Weak Class Links                  0 us
[29.313s][info][gc,stats    ]     Code Roots                     1797 us
[29.313s][info][gc,stats    ]   Rendezvous                        153 us
[29.313s][info][gc,stats    ]   Purge Unlinked                     96 us
[29.313s][info][gc,stats    ]     Code Roots                       87 us
[29.313s][info][gc,stats    ]     CLDG                              8 us
[29.313s][info][gc,stats    ]     Exception Caches                  0 us
[29.313s][info][gc,stats    ] Pause Final Roots (G)                97 us
[29.313s][info][gc,stats    ] Pause Final Roots (N)                28 us
[29.313s][info][gc,stats    ] 
[29.313s][info][gc,stats    ] Allocation pacing accrued:
[29.313s][info][gc,stats    ]       0 of   697 ms (  0.0%): <total>
[29.313s][info][gc,stats    ]       0 of   697 ms (  0.0%): <average total>
[29.313s][info][gc,stats    ] 
[29.313s][info][gc,metaspace] Metaspace: 8899K(9152K)->8899K(9152K) NonClass: 7727K(7872K)->7727K(7872K) Class: 1171K(1280K)->1171K(1280K)
[29.313s][info][gc,ergo     ] Pacer for Idle. Initial: 163M, Alloc Tax Rate: 1.0x
[30.228s][info][gc          ] Trigger: Learning 2 of 5. Free (5724M) is below initial threshold (5734M)
[30.228s][info][gc,ergo     ] Free: 5724M, Max: 4096K regular, 5724M humongous, Frag: 0% external, 0% internal; Reserve: 412M, Max: 4096K
[30.228s][info][gc,start    ] GC(33) Concurrent reset
[30.228s][info][gc,task     ] GC(33) Using 1 of 3 workers for concurrent reset
[30.228s][info][gc,ergo     ] GC(33) Pacer for Reset. Non-Taxable: 8192M
[30.228s][info][gc          ] GC(33) Concurrent reset 0.509ms
[30.228s][info][gc,start    ] GC(33) Pause Init Mark (unload classes)
[30.228s][info][gc,task     ] GC(33) Using 3 of 3 workers for init marking
[30.229s][info][gc,ergo     ] GC(33) Pacer for Mark. Expected Live: 10733K, Free: 5724M, Non-Taxable: 572M, Alloc Tax Rate: 0.0x
[30.229s][info][gc          ] GC(33) Pause Init Mark (unload classes) 0.165ms
[30.229s][info][gc,start    ] GC(33) Concurrent marking roots
[30.229s][info][gc,task     ] GC(33) Using 1 of 3 workers for concurrent marking roots
[30.229s][info][gc          ] GC(33) Concurrent marking roots 0.455ms
[30.229s][info][gc,start    ] GC(33) Concurrent marking (unload classes)
[30.229s][info][gc,task     ] GC(33) Using 1 of 3 workers for concurrent marking
[30.242s][info][gc          ] GC(33) Concurrent marking (unload classes) 12.645ms
[30.242s][info][gc,start    ] GC(33) Pause Final Mark (unload classes)
[30.242s][info][gc,task     ] GC(33) Using 3 of 3 workers for final marking
[30.242s][info][gc,ergo     ] GC(33) Collectable Garbage: 1948M (95%), Immediate: 1948M (95%), CSet: 0B (0%)
[30.242s][info][gc          ] GC(33) Pause Final Mark (unload classes) 0.227ms
[30.242s][info][gc,start    ] GC(33) Concurrent weak references
[30.242s][info][gc,task     ] GC(33) Using 1 of 3 workers for concurrent weak references
[30.242s][info][gc,ref      ] GC(33) Encountered references: Soft: 144, Weak: 702, Final: 0, Phantom: 27
[30.242s][info][gc,ref      ] GC(33) Discovered  references: Soft: 0, Weak: 150, Final: 0, Phantom: 25
[30.242s][info][gc,ref      ] GC(33) Enqueued    references: Soft: 0, Weak: 0, Final: 0, Phantom: 0
[30.242s][info][gc          ] GC(33) Concurrent weak references 0.146ms
[30.242s][info][gc,start    ] GC(33) Concurrent weak roots
[30.242s][info][gc,task     ] GC(33) Using 1 of 3 workers for concurrent weak root
[30.243s][info][gc          ] GC(33) Concurrent weak roots 0.549ms
[30.243s][info][gc,start    ] GC(33) Concurrent cleanup
[30.243s][info][gc          ] GC(33) Concurrent cleanup 2087M->139M(8192M) 0.043ms
[30.243s][info][gc,ergo     ] GC(33) Free: 7640M, Max: 4096K regular, 5692M humongous, Frag: 26% external, 0% internal; Reserve: 412M, Max: 4096K
[30.243s][info][gc,start    ] GC(33) Concurrent class unloading
[30.243s][info][gc,task     ] GC(33) Using 1 of 3 workers for concurrent class unloading
[30.245s][info][gc          ] GC(33) Concurrent class unloading 1.918ms
[30.245s][info][gc,start    ] GC(33) Pause Final Roots
[30.245s][info][gc          ] GC(33) Pause Final Roots 0.024ms
[30.245s][info][gc,ergo     ] Free: 7636M, Max: 4096K regular, 5692M humongous, Frag: 26% external, 0% internal; Reserve: 412M, Max: 4096K
[30.245s][info][gc,stats    ] 
[30.245s][info][gc,stats    ] All times are wall-clock times, except per-root-class counters, that are sum over
[30.245s][info][gc,stats    ] all workers. Dividing the <total> over the root stage time estimates parallelism.
[30.245s][info][gc,stats    ] 
[30.245s][info][gc,stats    ] Concurrent Reset                    577 us
[30.245s][info][gc,stats    ] Pause Init Mark (G)                 361 us
[30.245s][info][gc,stats    ] Pause Init Mark (N)                 181 us
[30.245s][info][gc,stats    ]   Update Region States               70 us
[30.245s][info][gc,stats    ] Concurrent Mark Roots               492 us, parallelism: 0.68x
[30.245s][info][gc,stats    ]   CMR: <total>                      334 us
[30.245s][info][gc,stats    ]   CMR: Thread Roots                 296 us, workers (us): 296, ---, ---, 
[30.245s][info][gc,stats    ]   CMR: VM Strong Roots                4 us, workers (us):   4, ---, ---, 
[30.245s][info][gc,stats    ]   CMR: CLDG Roots                    34 us, workers (us):  34, ---, ---, 
[30.245s][info][gc,stats    ] Concurrent Marking                12713 us
[30.245s][info][gc,stats    ] Pause Final Mark (G)                373 us
[30.245s][info][gc,stats    ] Pause Final Mark (N)                244 us
[30.245s][info][gc,stats    ]   Finish Mark                        58 us
[30.245s][info][gc,stats    ]   Update Region States               45 us
[30.245s][info][gc,stats    ]   Choose Collection Set              44 us
[30.245s][info][gc,stats    ]   Rebuild Free Set                   16 us
[30.245s][info][gc,stats    ] Concurrent Weak References          153 us, parallelism: 0.03x
[30.245s][info][gc,stats    ]   CWRF: <total>                       5 us
[30.245s][info][gc,stats    ]   CWRF: Weak References               5 us, workers (us):   5, ---, ---, 
[30.245s][info][gc,stats    ] Concurrent Weak Roots               567 us
[30.245s][info][gc,stats    ]   Roots                             451 us, parallelism: 0.88x
[30.245s][info][gc,stats    ]     CWR: <total>                    398 us
[30.245s][info][gc,stats    ]     CWR: Code Cache Roots           329 us, workers (us): 329, ---, ---, 
[30.245s][info][gc,stats    ]     CWR: VM Weak Roots               63 us, workers (us):  63, ---, ---, 
[30.246s][info][gc,stats    ]     CWR: CLDG Roots                   6 us, workers (us):   6, ---, ---, 
[30.246s][info][gc,stats    ]   Rendezvous                         83 us
[30.246s][info][gc,stats    ] Concurrent Cleanup                   52 us
[30.246s][info][gc,stats    ] Concurrent Class Unloading         1967 us
[30.246s][info][gc,stats    ]   Unlink Stale                     1749 us
[30.246s][info][gc,stats    ]     System Dictionary                 3 us
[30.246s][info][gc,stats    ]     Weak Class Links                  0 us
[30.246s][info][gc,stats    ]     Code Roots                     1745 us
[30.246s][info][gc,stats    ]   Rendezvous                         56 us
[30.246s][info][gc,stats    ]   Purge Unlinked                     95 us
[30.246s][info][gc,stats    ]     Code Roots                       86 us
[30.246s][info][gc,stats    ]     CLDG                              8 us
[30.246s][info][gc,stats    ]     Exception Caches                  0 us
[30.246s][info][gc,stats    ] Pause Final Roots (G)               132 us
[30.246s][info][gc,stats    ] Pause Final Roots (N)                32 us
[30.246s][info][gc,stats    ] 
[30.246s][info][gc,stats    ] Allocation pacing accrued:
[30.246s][info][gc,stats    ]       0 of   933 ms (  0.0%): <total>
[30.246s][info][gc,stats    ]       0 of   933 ms (  0.0%): <average total>
[30.246s][info][gc,stats    ] 
[30.246s][info][gc,metaspace] Metaspace: 8901K(9152K)->8901K(9152K) NonClass: 7729K(7872K)->7729K(7872K) Class: 1171K(1280K)->1171K(1280K)
[30.246s][info][gc,ergo     ] Pacer for Idle. Initial: 163M, Alloc Tax Rate: 1.0x
[31.123s][info][gc          ] Trigger: Learning 3 of 5. Free (5724M) is below initial threshold (5734M)
[31.123s][info][gc,ergo     ] Free: 5724M, Max: 4096K regular, 5692M humongous, Frag: 1% external, 0% internal; Reserve: 412M, Max: 4096K
[31.123s][info][gc,start    ] GC(34) Concurrent reset
[31.123s][info][gc,task     ] GC(34) Using 1 of 3 workers for concurrent reset
[31.123s][info][gc,ergo     ] GC(34) Pacer for Reset. Non-Taxable: 8192M
[31.124s][info][gc          ] GC(34) Concurrent reset 0.847ms
[31.124s][info][gc,start    ] GC(34) Pause Init Mark (unload classes)
[31.124s][info][gc,task     ] GC(34) Using 3 of 3 workers for init marking
[31.124s][info][gc,ergo     ] GC(34) Pacer for Mark. Expected Live: 12023K, Free: 5724M, Non-Taxable: 572M, Alloc Tax Rate: 0.0x
[31.124s][info][gc          ] GC(34) Pause Init Mark (unload classes) 0.161ms
[31.124s][info][gc,start    ] GC(34) Concurrent marking roots
[31.124s][info][gc,task     ] GC(34) Using 1 of 3 workers for concurrent marking roots
[31.125s][info][gc          ] GC(34) Concurrent marking roots 0.733ms
[31.125s][info][gc,start    ] GC(34) Concurrent marking (unload classes)
[31.125s][info][gc,task     ] GC(34) Using 1 of 3 workers for concurrent marking
[31.146s][info][gc          ] GC(34) Concurrent marking (unload classes) 21.620ms
[31.147s][info][gc,start    ] GC(34) Pause Final Mark (unload classes)
[31.147s][info][gc,task     ] GC(34) Using 3 of 3 workers for final marking
[31.147s][info][gc,ergo     ] GC(34) Collectable Garbage: 1924M (94%), Immediate: 1924M (94%), CSet: 0B (0%)
[31.147s][info][gc          ] GC(34) Pause Final Mark (unload classes) 0.312ms
[31.147s][info][gc,start    ] GC(34) Concurrent weak references
[31.147s][info][gc,task     ] GC(34) Using 1 of 3 workers for concurrent weak references
[31.147s][info][gc,ref      ] GC(34) Encountered references: Soft: 144, Weak: 702, Final: 0, Phantom: 27
[31.147s][info][gc,ref      ] GC(34) Discovered  references: Soft: 0, Weak: 150, Final: 0, Phantom: 12
[31.147s][info][gc,ref      ] GC(34) Enqueued    references: Soft: 0, Weak: 0, Final: 0, Phantom: 0
[31.147s][info][gc          ] GC(34) Concurrent weak references 0.083ms
[31.147s][info][gc,start    ] GC(34) Concurrent weak roots
[31.147s][info][gc,task     ] GC(34) Using 1 of 3 workers for concurrent weak root
[31.148s][info][gc          ] GC(34) Concurrent weak roots 0.624ms
[31.148s][info][gc,start    ] GC(34) Concurrent cleanup
[31.148s][info][gc          ] GC(34) Concurrent cleanup 2103M->179M(8192M) 0.047ms
[31.148s][info][gc,ergo     ] GC(34) Free: 7600M, Max: 4096K regular, 5676M humongous, Frag: 26% external, 0% internal; Reserve: 412M, Max: 4096K
[31.148s][info][gc,start    ] GC(34) Concurrent class unloading
[31.148s][info][gc,task     ] GC(34) Using 1 of 3 workers for concurrent class unloading
[31.150s][info][gc          ] GC(34) Concurrent class unloading 1.855ms
[31.150s][info][gc,start    ] GC(34) Pause Final Roots
[31.150s][info][gc          ] GC(34) Pause Final Roots 0.023ms
[31.150s][info][gc,ergo     ] Free: 7596M, Max: 4096K regular, 5676M humongous, Frag: 26% external, 0% internal; Reserve: 412M, Max: 4096K
[31.150s][info][gc,stats    ] 
[31.150s][info][gc,stats    ] All times are wall-clock times, except per-root-class counters, that are sum over
[31.150s][info][gc,stats    ] all workers. Dividing the <total> over the root stage time estimates parallelism.
[31.150s][info][gc,stats    ] 
[31.150s][info][gc,stats    ] Concurrent Reset                    906 us
[31.150s][info][gc,stats    ] Pause Init Mark (G)                 319 us
[31.150s][info][gc,stats    ] Pause Init Mark (N)                 178 us
[31.150s][info][gc,stats    ]   Update Region States               75 us
[31.150s][info][gc,stats    ] Concurrent Mark Roots               743 us, parallelism: 0.87x
[31.150s][info][gc,stats    ]   CMR: <total>                      646 us
[31.150s][info][gc,stats    ]   CMR: Thread Roots                 578 us, workers (us): 578, ---, ---, 
[31.150s][info][gc,stats    ]   CMR: VM Strong Roots                7 us, workers (us):   7, ---, ---, 
[31.150s][info][gc,stats    ]   CMR: CLDG Roots                    61 us, workers (us):  61, ---, ---, 
[31.150s][info][gc,stats    ] Concurrent Marking                21688 us
[31.150s][info][gc,stats    ] Pause Final Mark (G)                499 us
[31.150s][info][gc,stats    ] Pause Final Mark (N)                334 us
[31.150s][info][gc,stats    ]   Finish Mark                        92 us
[31.150s][info][gc,stats    ]   Update Region States               54 us
[31.150s][info][gc,stats    ]   Choose Collection Set              59 us
[31.150s][info][gc,stats    ]   Rebuild Free Set                   21 us
[31.150s][info][gc,stats    ] Concurrent Weak References           90 us, parallelism: 0.05x
[31.150s][info][gc,stats    ]   CWRF: <total>                       4 us
[31.150s][info][gc,stats    ]   CWRF: Weak References               4 us, workers (us):   4, ---, ---, 
[31.150s][info][gc,stats    ] Concurrent Weak Roots               634 us
[31.150s][info][gc,stats    ]   Roots                             522 us, parallelism: 0.90x
[31.150s][info][gc,stats    ]     CWR: <total>                    470 us
[31.150s][info][gc,stats    ]     CWR: Code Cache Roots           350 us, workers (us): 350, ---, ---, 
[31.150s][info][gc,stats    ]     CWR: VM Weak Roots              114 us, workers (us): 114, ---, ---, 
[31.150s][info][gc,stats    ]     CWR: CLDG Roots                   6 us, workers (us):   6, ---, ---, 
[31.150s][info][gc,stats    ]   Rendezvous                         89 us
[31.150s][info][gc,stats    ] Concurrent Cleanup                   54 us
[31.150s][info][gc,stats    ] Concurrent Class Unloading         1881 us
[31.150s][info][gc,stats    ]   Unlink Stale                     1689 us
[31.150s][info][gc,stats    ]     System Dictionary                 3 us
[31.150s][info][gc,stats    ]     Weak Class Links                  0 us
[31.150s][info][gc,stats    ]     Code Roots                     1685 us
[31.150s][info][gc,stats    ]   Rendezvous                         43 us
[31.150s][info][gc,stats    ]   Purge Unlinked                    108 us
[31.150s][info][gc,stats    ]     Code Roots                      103 us
[31.150s][info][gc,stats    ]     CLDG                              5 us
[31.150s][info][gc,stats    ]     Exception Caches                  0 us
[31.150s][info][gc,stats    ] Pause Final Roots (G)               103 us
[31.150s][info][gc,stats    ] Pause Final Roots (N)                31 us
[31.150s][info][gc,stats    ] 
[31.150s][info][gc,stats    ] Allocation pacing accrued:
[31.150s][info][gc,stats    ]       0 of   905 ms (  0.0%): <total>
[31.150s][info][gc,stats    ]       0 of   905 ms (  0.0%): <average total>
[31.150s][info][gc,stats    ] 
[31.150s][info][gc,metaspace] Metaspace: 8901K(9152K)->8901K(9152K) NonClass: 7729K(7872K)->7729K(7872K) Class: 1171K(1280K)->1171K(1280K)
[31.150s][info][gc,ergo     ] Pacer for Idle. Initial: 163M, Alloc Tax Rate: 1.0x
[32.049s][info][gc          ] Trigger: Learning 4 of 5. Free (5724M) is below initial threshold (5734M)
[32.049s][info][gc,ergo     ] Free: 5724M, Max: 4096K regular, 5676M humongous, Frag: 1% external, 0% internal; Reserve: 412M, Max: 4096K
[32.049s][info][gc,start    ] GC(35) Concurrent reset
[32.049s][info][gc,task     ] GC(35) Using 1 of 3 workers for concurrent reset
[32.049s][info][gc,ergo     ] GC(35) Pacer for Reset. Non-Taxable: 8192M
[32.050s][info][gc          ] GC(35) Concurrent reset 1.057ms
[32.050s][info][gc,start    ] GC(35) Pause Init Mark (unload classes)
[32.051s][info][gc,task     ] GC(35) Using 3 of 3 workers for init marking
[32.051s][info][gc,ergo     ] GC(35) Pacer for Mark. Expected Live: 13235K, Free: 5720M, Non-Taxable: 572M, Alloc Tax Rate: 0.0x
[32.051s][info][gc          ] GC(35) Pause Init Mark (unload classes) 0.177ms
[32.051s][info][gc,start    ] GC(35) Concurrent marking roots
[32.051s][info][gc,task     ] GC(35) Using 1 of 3 workers for concurrent marking roots
[32.051s][info][gc          ] GC(35) Concurrent marking roots 0.519ms
[32.051s][info][gc,start    ] GC(35) Concurrent marking (unload classes)
[32.051s][info][gc,task     ] GC(35) Using 1 of 3 workers for concurrent marking
[32.081s][info][gc          ] GC(35) Concurrent marking (unload classes) 29.703ms
[32.081s][info][gc,start    ] GC(35) Pause Final Mark (unload classes)
[32.081s][info][gc,task     ] GC(35) Using 3 of 3 workers for final marking
[32.081s][info][gc,ergo     ] GC(35) Collectable Garbage: 1915M (93%), Immediate: 1915M (93%), CSet: 0B (0%)
[32.081s][info][gc          ] GC(35) Pause Final Mark (unload classes) 0.240ms
[32.081s][info][gc,start    ] GC(35) Concurrent weak references
[32.081s][info][gc,task     ] GC(35) Using 1 of 3 workers for concurrent weak references
[32.081s][info][gc,ref      ] GC(35) Encountered references: Soft: 144, Weak: 702, Final: 0, Phantom: 27
[32.082s][info][gc,ref      ] GC(35) Discovered  references: Soft: 0, Weak: 150, Final: 0, Phantom: 12
[32.082s][info][gc,ref      ] GC(35) Enqueued    references: Soft: 0, Weak: 0, Final: 0, Phantom: 0
[32.082s][info][gc          ] GC(35) Concurrent weak references 0.097ms
[32.082s][info][gc,start    ] GC(35) Concurrent weak roots
[32.082s][info][gc,task     ] GC(35) Using 1 of 3 workers for concurrent weak root
[32.082s][info][gc          ] GC(35) Concurrent weak roots 0.637ms
[32.082s][info][gc,start    ] GC(35) Concurrent cleanup
[32.082s][info][gc          ] GC(35) Concurrent cleanup 2115M->199M(8192M) 0.043ms
[32.082s][info][gc,ergo     ] GC(35) Free: 7580M, Max: 4096K regular, 5664M humongous, Frag: 26% external, 0% internal; Reserve: 412M, Max: 4096K
[32.082s][info][gc,start    ] GC(35) Concurrent class unloading
[32.082s][info][gc,task     ] GC(35) Using 1 of 3 workers for concurrent class unloading
[32.084s][info][gc          ] GC(35) Concurrent class unloading 1.954ms
[32.084s][info][gc,start    ] GC(35) Pause Final Roots
[32.084s][info][gc          ] GC(35) Pause Final Roots 0.039ms
[32.084s][info][gc,ergo     ] Free: 7576M, Max: 4096K regular, 5664M humongous, Frag: 26% external, 0% internal; Reserve: 412M, Max: 4096K
[32.085s][info][gc,stats    ] 
[32.085s][info][gc,stats    ] All times are wall-clock times, except per-root-class counters, that are sum over
[32.085s][info][gc,stats    ] all workers. Dividing the <total> over the root stage time estimates parallelism.
[32.085s][info][gc,stats    ] 
[32.085s][info][gc,stats    ] Concurrent Reset                   1124 us
[32.085s][info][gc,stats    ] Pause Init Mark (G)                 341 us
[32.085s][info][gc,stats    ] Pause Init Mark (N)                 193 us
[32.085s][info][gc,stats    ]   Update Region States               73 us
[32.085s][info][gc,stats    ] Concurrent Mark Roots               538 us, parallelism: 0.71x
[32.085s][info][gc,stats    ]   CMR: <total>                      384 us
[32.085s][info][gc,stats    ]   CMR: Thread Roots                 317 us, workers (us): 317, ---, ---, 
[32.085s][info][gc,stats    ]   CMR: VM Strong Roots                9 us, workers (us):   9, ---, ---, 
[32.085s][info][gc,stats    ]   CMR: CLDG Roots                    59 us, workers (us):  59, ---, ---, 
[32.085s][info][gc,stats    ] Concurrent Marking                29780 us
[32.085s][info][gc,stats    ] Pause Final Mark (G)                381 us
[32.085s][info][gc,stats    ] Pause Final Mark (N)                260 us
[32.085s][info][gc,stats    ]   Finish Mark                        54 us
[32.085s][info][gc,stats    ]   Update Region States               50 us
[32.085s][info][gc,stats    ]   Choose Collection Set              64 us
[32.085s][info][gc,stats    ]   Rebuild Free Set                   17 us
[32.085s][info][gc,stats    ] Concurrent Weak References          105 us, parallelism: 0.07x
[32.085s][info][gc,stats    ]   CWRF: <total>                       7 us
[32.085s][info][gc,stats    ]   CWRF: Weak References               7 us, workers (us):   7, ---, ---, 
[32.085s][info][gc,stats    ] Concurrent Weak Roots               656 us
[32.085s][info][gc,stats    ]   Roots                             549 us, parallelism: 0.89x
[32.085s][info][gc,stats    ]     CWR: <total>                    489 us
[32.085s][info][gc,stats    ]     CWR: Code Cache Roots           368 us, workers (us): 368, ---, ---, 
[32.085s][info][gc,stats    ]     CWR: VM Weak Roots              115 us, workers (us): 115, ---, ---, 
[32.085s][info][gc,stats    ]     CWR: CLDG Roots                   7 us, workers (us):   7, ---, ---, 
[32.085s][info][gc,stats    ]   Rendezvous                         73 us
[32.085s][info][gc,stats    ] Concurrent Cleanup                   51 us
[32.085s][info][gc,stats    ] Concurrent Class Unloading         2000 us
[32.085s][info][gc,stats    ]   Unlink Stale                     1613 us
[32.085s][info][gc,stats    ]     System Dictionary                 3 us
[32.085s][info][gc,stats    ]     Weak Class Links                  0 us
[32.085s][info][gc,stats    ]     Code Roots                     1609 us
[32.085s][info][gc,stats    ]   Rendezvous                        177 us
[32.085s][info][gc,stats    ]   Purge Unlinked                    147 us
[32.085s][info][gc,stats    ]     Code Roots                      138 us
[32.085s][info][gc,stats    ]     CLDG                              8 us
[32.085s][info][gc,stats    ]     Exception Caches                  0 us
[32.085s][info][gc,stats    ] Pause Final Roots (G)               173 us
[32.085s][info][gc,stats    ] Pause Final Roots (N)                57 us
[32.085s][info][gc,stats    ] 
[32.085s][info][gc,stats    ] Allocation pacing accrued:
[32.085s][info][gc,stats    ]       0 of   935 ms (  0.0%): <total>
[32.085s][info][gc,stats    ]       0 of   935 ms (  0.0%): <average total>
[32.085s][info][gc,stats    ] 
[32.085s][info][gc,metaspace] Metaspace: 8901K(9152K)->8901K(9152K) NonClass: 7729K(7872K)->7729K(7872K) Class: 1171K(1280K)->1171K(1280K)
[32.085s][info][gc,ergo     ] Pacer for Idle. Initial: 163M, Alloc Tax Rate: 1.0x
[32.786s][info][gc          ] Trigger: Explicit GC request (System.gc())
[32.786s][info][gc,ergo     ] Free: 6696M, Max: 4096K regular, 5664M humongous, Frag: 16% external, 0% internal; Reserve: 412M, Max: 4096K
[32.786s][info][gc,start    ] GC(36) Concurrent reset
[32.786s][info][gc,task     ] GC(36) Using 1 of 3 workers for concurrent reset
[32.786s][info][gc,ergo     ] GC(36) Pacer for Reset. Non-Taxable: 8192M
[32.788s][info][gc          ] GC(36) Concurrent reset 1.318ms
[32.788s][info][gc,start    ] GC(36) Pause Init Mark (unload classes)
[32.788s][info][gc,task     ] GC(36) Using 3 of 3 workers for init marking
[32.788s][info][gc,ref      ] GC(36) Clearing All SoftReferences
[32.788s][info][gc,ergo     ] GC(36) Pacer for Mark. Expected Live: 14471K, Free: 6696M, Non-Taxable: 669M, Alloc Tax Rate: 0.0x
[32.788s][info][gc          ] GC(36) Pause Init Mark (unload classes) 0.127ms
[32.788s][info][gc,start    ] GC(36) Concurrent marking roots
[32.788s][info][gc,task     ] GC(36) Using 1 of 3 workers for concurrent marking roots
[32.789s][info][gc          ] GC(36) Concurrent marking roots 0.732ms
[32.789s][info][gc,start    ] GC(36) Concurrent marking (unload classes)
[32.789s][info][gc,task     ] GC(36) Using 1 of 3 workers for concurrent marking
[32.793s][info][gc          ] GC(36) Concurrent marking (unload classes) 4.002ms
[32.793s][info][gc,start    ] GC(36) Pause Final Mark (unload classes)
[32.793s][info][gc,task     ] GC(36) Using 3 of 3 workers for final marking
[32.793s][info][gc,ergo     ] GC(36) Collectable Garbage: 1019M (94%), Immediate: 1019M (94%), CSet: 0B (0%)
[32.793s][info][gc          ] GC(36) Pause Final Mark (unload classes) 0.294ms
[32.793s][info][gc,start    ] GC(36) Concurrent weak references
[32.793s][info][gc,task     ] GC(36) Using 1 of 3 workers for concurrent weak references
[32.793s][info][gc,ref      ] GC(36) Encountered references: Soft: 144, Weak: 702, Final: 0, Phantom: 27
[32.793s][info][gc,ref      ] GC(36) Discovered  references: Soft: 89, Weak: 168, Final: 0, Phantom: 25
[32.793s][info][gc,ref      ] GC(36) Enqueued    references: Soft: 3, Weak: 0, Final: 0, Phantom: 0
[32.793s][info][gc          ] GC(36) Concurrent weak references 0.152ms
[32.793s][info][gc,start    ] GC(36) Concurrent weak roots
[32.793s][info][gc,task     ] GC(36) Using 1 of 3 workers for concurrent weak root
[32.794s][info][gc          ] GC(36) Concurrent weak roots 0.514ms
[32.794s][info][gc,start    ] GC(36) Concurrent cleanup
[32.794s][info][gc          ] GC(36) Concurrent cleanup 1083M->63M(8192M) 0.035ms
[32.794s][info][gc,ergo     ] GC(36) Free: 7716M, Max: 4096K regular, 6820M humongous, Frag: 12% external, 0% internal; Reserve: 412M, Max: 4096K
[32.794s][info][gc,start    ] GC(36) Concurrent class unloading
[32.794s][info][gc,task     ] GC(36) Using 1 of 3 workers for concurrent class unloading
[32.796s][info][gc          ] GC(36) Concurrent class unloading 2.304ms
[32.796s][info][gc,start    ] GC(36) Pause Final Roots
[32.796s][info][gc          ] GC(36) Pause Final Roots 0.020ms
[32.797s][info][gc,ergo     ] Free: 7716M, Max: 4096K regular, 6820M humongous, Frag: 12% external, 0% internal; Reserve: 412M, Max: 4096K
[32.797s][info][gc,stats    ] 
[32.797s][info][gc,stats    ] All times are wall-clock times, except per-root-class counters, that are sum over
[32.797s][info][gc,stats    ] all workers. Dividing the <total> over the root stage time estimates parallelism.
[32.797s][info][gc,stats    ] 
[32.797s][info][gc,stats    ] Concurrent Reset                   1362 us
[32.797s][info][gc,stats    ] Pause Init Mark (G)                 203 us
[32.797s][info][gc,stats    ] Pause Init Mark (N)                 135 us
[32.797s][info][gc,stats    ]   Update Region States               67 us
[32.797s][info][gc,stats    ] Concurrent Mark Roots               835 us, parallelism: 0.75x
[32.797s][info][gc,stats    ]   CMR: <total>                      623 us
[32.797s][info][gc,stats    ]   CMR: Thread Roots                 552 us, workers (us): 552, ---, ---, 
[32.797s][info][gc,stats    ]   CMR: VM Strong Roots                7 us, workers (us):   7, ---, ---, 
[32.797s][info][gc,stats    ]   CMR: CLDG Roots                    64 us, workers (us):  64, ---, ---, 
[32.797s][info][gc,stats    ] Concurrent Marking                 4057 us
[32.797s][info][gc,stats    ] Pause Final Mark (G)                429 us
[32.797s][info][gc,stats    ] Pause Final Mark (N)                316 us
[32.797s][info][gc,stats    ]   Finish Mark                        93 us
[32.797s][info][gc,stats    ]   Update Region States               47 us
[32.797s][info][gc,stats    ]   Choose Collection Set              54 us
[32.797s][info][gc,stats    ]   Rebuild Free Set                   21 us
[32.797s][info][gc,stats    ] Concurrent Weak References          160 us, parallelism: 0.10x
[32.797s][info][gc,stats    ]   CWRF: <total>                      16 us
[32.797s][info][gc,stats    ]   CWRF: Weak References              16 us, workers (us):  16, ---, ---, 
[32.797s][info][gc,stats    ] Concurrent Weak Roots               533 us
[32.797s][info][gc,stats    ]   Roots                             400 us, parallelism: 0.87x
[32.797s][info][gc,stats    ]     CWR: <total>                    349 us
[32.797s][info][gc,stats    ]     CWR: Code Cache Roots           282 us, workers (us): 282, ---, ---, 
[32.797s][info][gc,stats    ]     CWR: VM Weak Roots               62 us, workers (us):  62, ---, ---, 
[32.797s][info][gc,stats    ]     CWR: CLDG Roots                   4 us, workers (us):   4, ---, ---, 
[32.797s][info][gc,stats    ]   Rendezvous                         98 us
[32.797s][info][gc,stats    ] Concurrent Cleanup                   43 us
[32.797s][info][gc,stats    ] Concurrent Class Unloading         2351 us
[32.797s][info][gc,stats    ]   Unlink Stale                     2030 us
[32.797s][info][gc,stats    ]     System Dictionary                 3 us
[32.797s][info][gc,stats    ]     Weak Class Links                  0 us
[32.797s][info][gc,stats    ]     Code Roots                     2026 us
[32.797s][info][gc,stats    ]   Rendezvous                        160 us
[32.797s][info][gc,stats    ]   Purge Unlinked                     96 us
[32.797s][info][gc,stats    ]     Code Roots                       87 us
[32.797s][info][gc,stats    ]     CLDG                              8 us
[32.797s][info][gc,stats    ]     Exception Caches                  0 us
[32.797s][info][gc,stats    ] Pause Final Roots (G)                95 us
[32.797s][info][gc,stats    ] Pause Final Roots (N)                28 us
[32.797s][info][gc,stats    ] 
[32.797s][info][gc,stats    ] Allocation pacing accrued:
[32.797s][info][gc,stats    ]       0 of   712 ms (  0.0%): <total>
[32.797s][info][gc,stats    ]       0 of   712 ms (  0.0%): <average total>
[32.797s][info][gc,stats    ] 
[32.797s][info][gc,metaspace] Metaspace: 8907K(9152K)->8907K(9152K) NonClass: 7735K(7872K)->7735K(7872K) Class: 1171K(1280K)->1171K(1280K)
[32.797s][info][gc,ergo     ] Pacer for Idle. Initial: 163M, Alloc Tax Rate: 1.0x
[33.712s][info][gc          ] Trigger: Learning 2 of 5. Free (5720M) is below initial threshold (5734M)
[33.712s][info][gc,ergo     ] Free: 5720M, Max: 4096K regular, 5720M humongous, Frag: 0% external, 0% internal; Reserve: 412M, Max: 4096K
[33.713s][info][gc,start    ] GC(37) Concurrent reset
[33.713s][info][gc,task     ] GC(37) Using 1 of 3 workers for concurrent reset
[33.713s][info][gc,ergo     ] GC(37) Pacer for Reset. Non-Taxable: 8192M
[33.713s][info][gc          ] GC(37) Concurrent reset 0.501ms
[33.713s][info][gc,start    ] GC(37) Pause Init Mark (unload classes)
[33.713s][info][gc,task     ] GC(37) Using 3 of 3 workers for init marking
[33.713s][info][gc,ergo     ] GC(37) Pacer for Mark. Expected Live: 10666K, Free: 5720M, Non-Taxable: 572M, Alloc Tax Rate: 0.0x
[33.713s][info][gc          ] GC(37) Pause Init Mark (unload classes) 0.163ms
[33.713s][info][gc,start    ] GC(37) Concurrent marking roots
[33.713s][info][gc,task     ] GC(37) Using 1 of 3 workers for concurrent marking roots
[33.714s][info][gc          ] GC(37) Concurrent marking roots 0.722ms
[33.714s][info][gc,start    ] GC(37) Concurrent marking (unload classes)
[33.714s][info][gc,task     ] GC(37) Using 1 of 3 workers for concurrent marking
[33.727s][info][gc          ] GC(37) Concurrent marking (unload classes) 12.598ms
[33.727s][info][gc,start    ] GC(37) Pause Final Mark (unload classes)
[33.727s][info][gc,task     ] GC(37) Using 3 of 3 workers for final marking
[33.727s][info][gc,ergo     ] GC(37) Collectable Garbage: 1960M (95%), Immediate: 1960M (95%), CSet: 0B (0%)
[33.727s][info][gc          ] GC(37) Pause Final Mark (unload classes) 0.326ms
[33.727s][info][gc,start    ] GC(37) Concurrent weak references
[33.727s][info][gc,task     ] GC(37) Using 1 of 3 workers for concurrent weak references
[33.727s][info][gc,ref      ] GC(37) Encountered references: Soft: 144, Weak: 702, Final: 0, Phantom: 27
[33.727s][info][gc,ref      ] GC(37) Discovered  references: Soft: 0, Weak: 150, Final: 0, Phantom: 12
[33.727s][info][gc,ref      ] GC(37) Enqueued    references: Soft: 0, Weak: 0, Final: 0, Phantom: 0
[33.727s][info][gc          ] GC(37) Concurrent weak references 0.105ms
[33.727s][info][gc,start    ] GC(37) Concurrent weak roots
[33.727s][info][gc,task     ] GC(37) Using 1 of 3 workers for concurrent weak root
[33.728s][info][gc          ] GC(37) Concurrent weak roots 0.548ms
[33.728s][info][gc,start    ] GC(37) Concurrent cleanup
[33.728s][info][gc          ] GC(37) Concurrent cleanup 2091M->131M(8192M) 0.043ms
[33.728s][info][gc,ergo     ] GC(37) Free: 7648M, Max: 4096K regular, 5688M humongous, Frag: 26% external, 0% internal; Reserve: 412M, Max: 4096K
[33.728s][info][gc,start    ] GC(37) Concurrent class unloading
[33.728s][info][gc,task     ] GC(37) Using 1 of 3 workers for concurrent class unloading
[33.730s][info][gc          ] GC(37) Concurrent class unloading 1.743ms
[33.730s][info][gc,start    ] GC(37) Pause Final Roots
[33.730s][info][gc          ] GC(37) Pause Final Roots 0.025ms
[33.730s][info][gc,ergo     ] Free: 7644M, Max: 4096K regular, 5688M humongous, Frag: 26% external, 0% internal; Reserve: 412M, Max: 4096K
[33.730s][info][gc,stats    ] 
[33.730s][info][gc,stats    ] All times are wall-clock times, except per-root-class counters, that are sum over
[33.730s][info][gc,stats    ] all workers. Dividing the <total> over the root stage time estimates parallelism.
[33.730s][info][gc,stats    ] 
[33.730s][info][gc,stats    ] Concurrent Reset                    565 us
[33.730s][info][gc,stats    ] Pause Init Mark (G)                 313 us
[33.730s][info][gc,stats    ] Pause Init Mark (N)                 179 us
[33.730s][info][gc,stats    ]   Update Region States               76 us
[33.730s][info][gc,stats    ] Concurrent Mark Roots               732 us, parallelism: 0.87x
[33.730s][info][gc,stats    ]   CMR: <total>                      635 us
[33.730s][info][gc,stats    ]   CMR: Thread Roots                 567 us, workers (us): 567, ---, ---, 
[33.730s][info][gc,stats    ]   CMR: VM Strong Roots                7 us, workers (us):   7, ---, ---, 
[33.730s][info][gc,stats    ]   CMR: CLDG Roots                    61 us, workers (us):  61, ---, ---, 
[33.730s][info][gc,stats    ] Concurrent Marking                12626 us
[33.730s][info][gc,stats    ] Pause Final Mark (G)                431 us
[33.730s][info][gc,stats    ] Pause Final Mark (N)                346 us
[33.730s][info][gc,stats    ]   Finish Mark                       100 us
[33.730s][info][gc,stats    ]   Update Region States               87 us
[33.730s][info][gc,stats    ]   Choose Collection Set              60 us
[33.730s][info][gc,stats    ]   Rebuild Free Set                   16 us
[33.730s][info][gc,stats    ] Concurrent Weak References          112 us, parallelism: 0.06x
[33.730s][info][gc,stats    ]   CWRF: <total>                       7 us
[33.730s][info][gc,stats    ]   CWRF: Weak References               7 us, workers (us):   7, ---, ---, 
[33.730s][info][gc,stats    ] Concurrent Weak Roots               559 us
[33.730s][info][gc,stats    ]   Roots                             476 us, parallelism: 0.87x
[33.730s][info][gc,stats    ]     CWR: <total>                    412 us
[33.730s][info][gc,stats    ]     CWR: Code Cache Roots           344 us, workers (us): 344, ---, ---, 
[33.730s][info][gc,stats    ]     CWR: VM Weak Roots               62 us, workers (us):  62, ---, ---, 
[33.730s][info][gc,stats    ]     CWR: CLDG Roots                   5 us, workers (us):   5, ---, ---, 
[33.730s][info][gc,stats    ]   Rendezvous                         57 us
[33.730s][info][gc,stats    ] Concurrent Cleanup                   51 us
[33.730s][info][gc,stats    ] Concurrent Class Unloading         1757 us
[33.730s][info][gc,stats    ]   Unlink Stale                     1628 us
[33.730s][info][gc,stats    ]     System Dictionary                 4 us
[33.730s][info][gc,stats    ]     Weak Class Links                  0 us
[33.730s][info][gc,stats    ]     Code Roots                     1623 us
[33.730s][info][gc,stats    ]   Rendezvous                         40 us
[33.730s][info][gc,stats    ]   Purge Unlinked                     61 us
[33.730s][info][gc,stats    ]     Code Roots                       57 us
[33.730s][info][gc,stats    ]     CLDG                              3 us
[33.730s][info][gc,stats    ]     Exception Caches                  0 us
[33.730s][info][gc,stats    ] Pause Final Roots (G)               100 us
[33.730s][info][gc,stats    ] Pause Final Roots (N)                33 us
[33.730s][info][gc,stats    ] 
[33.730s][info][gc,stats    ] Allocation pacing accrued:
[33.730s][info][gc,stats    ]       0 of   933 ms (  0.0%): <total>
[33.730s][info][gc,stats    ]       0 of   933 ms (  0.0%): <average total>
[33.730s][info][gc,stats    ] 
[33.730s][info][gc,metaspace] Metaspace: 8908K(9152K)->8908K(9152K) NonClass: 7736K(7872K)->7736K(7872K) Class: 1171K(1280K)->1171K(1280K)
[33.730s][info][gc,ergo     ] Pacer for Idle. Initial: 163M, Alloc Tax Rate: 1.0x
[34.609s][info][gc          ] Trigger: Learning 3 of 5. Free (5732M) is below initial threshold (5734M)
[34.609s][info][gc,ergo     ] Free: 5728M, Max: 4096K regular, 5688M humongous, Frag: 1% external, 0% internal; Reserve: 412M, Max: 4096K
[34.609s][info][gc,start    ] GC(38) Concurrent reset
[34.609s][info][gc,task     ] GC(38) Using 1 of 3 workers for concurrent reset
[34.609s][info][gc,ergo     ] GC(38) Pacer for Reset. Non-Taxable: 8192M
[34.610s][info][gc          ] GC(38) Concurrent reset 0.650ms
[34.610s][info][gc,start    ] GC(38) Pause Init Mark (unload classes)
[34.610s][info][gc,task     ] GC(38) Using 3 of 3 workers for init marking
[34.610s][info][gc,ergo     ] GC(38) Pacer for Mark. Expected Live: 11966K, Free: 5728M, Non-Taxable: 572M, Alloc Tax Rate: 0.0x
[34.610s][info][gc          ] GC(38) Pause Init Mark (unload classes) 0.183ms
[34.610s][info][gc,start    ] GC(38) Concurrent marking roots
[34.610s][info][gc,task     ] GC(38) Using 1 of 3 workers for concurrent marking roots
[34.611s][info][gc          ] GC(38) Concurrent marking roots 0.527ms
[34.611s][info][gc,start    ] GC(38) Concurrent marking (unload classes)
[34.611s][info][gc,task     ] GC(38) Using 1 of 3 workers for concurrent marking
[34.633s][info][gc          ] GC(38) Concurrent marking (unload classes) 22.503ms
[34.633s][info][gc,start    ] GC(38) Pause Final Mark (unload classes)
[34.633s][info][gc,task     ] GC(38) Using 3 of 3 workers for final marking
[34.634s][info][gc,ergo     ] GC(38) Collectable Garbage: 1919M (94%), Immediate: 1919M (94%), CSet: 0B (0%)
[34.634s][info][gc          ] GC(38) Pause Final Mark (unload classes) 0.339ms
[34.634s][info][gc,start    ] GC(38) Concurrent weak references
[34.634s][info][gc,task     ] GC(38) Using 1 of 3 workers for concurrent weak references
[34.634s][info][gc,ref      ] GC(38) Encountered references: Soft: 144, Weak: 702, Final: 0, Phantom: 27
[34.634s][info][gc,ref      ] GC(38) Discovered  references: Soft: 0, Weak: 150, Final: 0, Phantom: 12
[34.634s][info][gc,ref      ] GC(38) Enqueued    references: Soft: 0, Weak: 0, Final: 0, Phantom: 0
[34.634s][info][gc          ] GC(38) Concurrent weak references 0.140ms
[34.634s][info][gc,start    ] GC(38) Concurrent weak roots
[34.634s][info][gc,task     ] GC(38) Using 1 of 3 workers for concurrent weak root
[34.634s][info][gc          ] GC(38) Concurrent weak roots 0.540ms
[34.634s][info][gc,start    ] GC(38) Concurrent cleanup
[34.635s][info][gc          ] GC(38) Concurrent cleanup 2103M->183M(8192M) 0.043ms
[34.635s][info][gc,ergo     ] GC(38) Free: 7596M, Max: 4096K regular, 5676M humongous, Frag: 26% external, 0% internal; Reserve: 412M, Max: 4096K
[34.635s][info][gc,start    ] GC(38) Concurrent class unloading
[34.635s][info][gc,task     ] GC(38) Using 1 of 3 workers for concurrent class unloading
[34.637s][info][gc          ] GC(38) Concurrent class unloading 2.049ms
[34.637s][info][gc,start    ] GC(38) Pause Final Roots
[34.637s][info][gc          ] GC(38) Pause Final Roots 0.046ms
[34.637s][info][gc,ergo     ] Free: 7592M, Max: 4096K regular, 5676M humongous, Frag: 26% external, 0% internal; Reserve: 412M, Max: 4096K
[34.637s][info][gc,stats    ] 
[34.637s][info][gc,stats    ] All times are wall-clock times, except per-root-class counters, that are sum over
[34.637s][info][gc,stats    ] all workers. Dividing the <total> over the root stage time estimates parallelism.
[34.637s][info][gc,stats    ] 
[34.637s][info][gc,stats    ] Concurrent Reset                    703 us
[34.637s][info][gc,stats    ] Pause Init Mark (G)                 355 us
[34.637s][info][gc,stats    ] Pause Init Mark (N)                 201 us
[34.637s][info][gc,stats    ]   Update Region States               66 us
[34.637s][info][gc,stats    ] Concurrent Mark Roots               566 us, parallelism: 0.68x
[34.637s][info][gc,stats    ]   CMR: <total>                      386 us
[34.637s][info][gc,stats    ]   CMR: Thread Roots                 334 us, workers (us): 334, ---, ---, 
[34.637s][info][gc,stats    ]   CMR: VM Strong Roots                7 us, workers (us):   7, ---, ---, 
[34.637s][info][gc,stats    ]   CMR: CLDG Roots                    44 us, workers (us):  44, ---, ---, 
[34.637s][info][gc,stats    ] Concurrent Marking                22578 us
[34.637s][info][gc,stats    ] Pause Final Mark (G)                521 us
[34.637s][info][gc,stats    ] Pause Final Mark (N)                362 us
[34.637s][info][gc,stats    ]   Finish Mark                        89 us
[34.637s][info][gc,stats    ]   Update Region States               60 us
[34.637s][info][gc,stats    ]   Choose Collection Set              66 us
[34.637s][info][gc,stats    ]   Rebuild Free Set                   21 us
[34.637s][info][gc,stats    ] Concurrent Weak References          148 us, parallelism: 0.05x
[34.637s][info][gc,stats    ]   CWRF: <total>                       8 us
[34.637s][info][gc,stats    ]   CWRF: Weak References               8 us, workers (us):   8, ---, ---, 
[34.637s][info][gc,stats    ] Concurrent Weak Roots               559 us
[34.637s][info][gc,stats    ]   Roots                             446 us, parallelism: 0.89x
[34.637s][info][gc,stats    ]     CWR: <total>                    396 us
[34.637s][info][gc,stats    ]     CWR: Code Cache Roots           328 us, workers (us): 328, ---, ---, 
[34.637s][info][gc,stats    ]     CWR: VM Weak Roots               62 us, workers (us):  62, ---, ---, 
[34.637s][info][gc,stats    ]     CWR: CLDG Roots                   5 us, workers (us):   5, ---, ---, 
[34.637s][info][gc,stats    ]   Rendezvous                         78 us
[34.637s][info][gc,stats    ] Concurrent Cleanup                   51 us
[34.637s][info][gc,stats    ] Concurrent Class Unloading         2096 us
[34.637s][info][gc,stats    ]   Unlink Stale                     1826 us
[34.637s][info][gc,stats    ]     System Dictionary                 3 us
[34.637s][info][gc,stats    ]     Weak Class Links                  0 us
[34.637s][info][gc,stats    ]     Code Roots                     1822 us
[34.637s][info][gc,stats    ]   Rendezvous                         97 us
[34.637s][info][gc,stats    ]   Purge Unlinked                    108 us
[34.637s][info][gc,stats    ]     Code Roots                       99 us
[34.637s][info][gc,stats    ]     CLDG                              8 us
[34.637s][info][gc,stats    ]     Exception Caches                  0 us
[34.637s][info][gc,stats    ] Pause Final Roots (G)               157 us
[34.637s][info][gc,stats    ] Pause Final Roots (N)                56 us
[34.637s][info][gc,stats    ] 
[34.637s][info][gc,stats    ] Allocation pacing accrued:
[34.637s][info][gc,stats    ]       0 of   907 ms (  0.0%): <total>
[34.637s][info][gc,stats    ]       0 of   907 ms (  0.0%): <average total>
[34.637s][info][gc,stats    ] 
[34.637s][info][gc,metaspace] Metaspace: 8908K(9152K)->8908K(9152K) NonClass: 7736K(7872K)->7736K(7872K) Class: 1171K(1280K)->1171K(1280K)
[34.637s][info][gc,ergo     ] Pacer for Idle. Initial: 163M, Alloc Tax Rate: 1.0x
[35.534s][info][gc          ] Trigger: Learning 4 of 5. Free (5716M) is below initial threshold (5734M)
[35.534s][info][gc,ergo     ] Free: 5716M, Max: 4096K regular, 5676M humongous, Frag: 1% external, 0% internal; Reserve: 412M, Max: 4096K
[35.534s][info][gc,start    ] GC(39) Concurrent reset
[35.534s][info][gc,task     ] GC(39) Using 1 of 3 workers for concurrent reset
[35.534s][info][gc,ergo     ] GC(39) Pacer for Reset. Non-Taxable: 8192M
[35.535s][info][gc          ] GC(39) Concurrent reset 0.840ms
[35.535s][info][gc,start    ] GC(39) Pause Init Mark (unload classes)
[35.535s][info][gc,task     ] GC(39) Using 3 of 3 workers for init marking
[35.535s][info][gc,ergo     ] GC(39) Pacer for Mark. Expected Live: 13194K, Free: 5716M, Non-Taxable: 571M, Alloc Tax Rate: 0.0x
[35.535s][info][gc          ] GC(39) Pause Init Mark (unload classes) 0.181ms
[35.535s][info][gc,start    ] GC(39) Concurrent marking roots
[35.535s][info][gc,task     ] GC(39) Using 1 of 3 workers for concurrent marking roots
[35.536s][info][gc          ] GC(39) Concurrent marking roots 0.438ms
[35.536s][info][gc,start    ] GC(39) Concurrent marking (unload classes)
[35.536s][info][gc,task     ] GC(39) Using 1 of 3 workers for concurrent marking
[35.566s][info][gc          ] GC(39) Concurrent marking (unload classes) 30.632ms
[35.567s][info][gc,start    ] GC(39) Pause Final Mark (unload classes)
[35.567s][info][gc,task     ] GC(39) Using 3 of 3 workers for final marking
[35.567s][info][gc,ergo     ] GC(39) Collectable Garbage: 1948M (95%), Immediate: 1948M (95%), CSet: 0B (0%)
[35.567s][info][gc          ] GC(39) Pause Final Mark (unload classes) 0.345ms
[35.567s][info][gc,start    ] GC(39) Concurrent weak references
[35.567s][info][gc,task     ] GC(39) Using 1 of 3 workers for concurrent weak references
[35.567s][info][gc,ref      ] GC(39) Encountered references: Soft: 144, Weak: 702, Final: 0, Phantom: 27
[35.567s][info][gc,ref      ] GC(39) Discovered  references: Soft: 0, Weak: 150, Final: 0, Phantom: 12
[35.567s][info][gc,ref      ] GC(39) Enqueued    references: Soft: 0, Weak: 0, Final: 0, Phantom: 0
[35.567s][info][gc          ] GC(39) Concurrent weak references 0.114ms
[35.567s][info][gc,start    ] GC(39) Concurrent weak roots
[35.567s][info][gc,task     ] GC(39) Using 1 of 3 workers for concurrent weak root
[35.568s][info][gc          ] GC(39) Concurrent weak roots 0.550ms
[35.568s][info][gc,start    ] GC(39) Concurrent cleanup
[35.568s][info][gc          ] GC(39) Concurrent cleanup 2131M->183M(8192M) 0.042ms
[35.568s][info][gc,ergo     ] GC(39) Free: 7596M, Max: 4096K regular, 5648M humongous, Frag: 26% external, 0% internal; Reserve: 412M, Max: 4096K
[35.568s][info][gc,start    ] GC(39) Concurrent class unloading
[35.568s][info][gc,task     ] GC(39) Using 1 of 3 workers for concurrent class unloading
[35.569s][info][gc          ] GC(39) Concurrent class unloading 1.766ms
[35.570s][info][gc,start    ] GC(39) Pause Final Roots
[35.570s][info][gc          ] GC(39) Pause Final Roots 0.019ms
[35.570s][info][gc,ergo     ] Free: 7592M, Max: 4096K regular, 5648M humongous, Frag: 26% external, 0% internal; Reserve: 412M, Max: 4096K
[35.570s][info][gc,stats    ] 
[35.570s][info][gc,stats    ] All times are wall-clock times, except per-root-class counters, that are sum over
[35.570s][info][gc,stats    ] all workers. Dividing the <total> over the root stage time estimates parallelism.
[35.570s][info][gc,stats    ] 
[35.570s][info][gc,stats    ] Concurrent Reset                    892 us
[35.570s][info][gc,stats    ] Pause Init Mark (G)                 329 us
[35.570s][info][gc,stats    ] Pause Init Mark (N)                 199 us
[35.570s][info][gc,stats    ]   Update Region States               76 us
[35.570s][info][gc,stats    ] Concurrent Mark Roots               463 us, parallelism: 0.75x
[35.570s][info][gc,stats    ]   CMR: <total>                      349 us
[35.570s][info][gc,stats    ]   CMR: Thread Roots                 309 us, workers (us): 309, ---, ---, 
[35.570s][info][gc,stats    ]   CMR: VM Strong Roots                5 us, workers (us):   5, ---, ---, 
[35.570s][info][gc,stats    ]   CMR: CLDG Roots                    35 us, workers (us):  35, ---, ---, 
[35.570s][info][gc,stats    ] Concurrent Marking                30697 us
[35.570s][info][gc,stats    ] Pause Final Mark (G)                495 us
[35.570s][info][gc,stats    ] Pause Final Mark (N)                364 us
[35.570s][info][gc,stats    ]   Finish Mark                       101 us
[35.570s][info][gc,stats    ]   Update Region States               91 us
[35.570s][info][gc,stats    ]   Choose Collection Set              62 us
[35.570s][info][gc,stats    ]   Rebuild Free Set                   16 us
[35.570s][info][gc,stats    ] Concurrent Weak References          121 us, parallelism: 0.03x
[35.570s][info][gc,stats    ]   CWRF: <total>                       4 us
[35.570s][info][gc,stats    ]   CWRF: Weak References               4 us, workers (us):   4, ---, ---, 
[35.570s][info][gc,stats    ] Concurrent Weak Roots               568 us
[35.570s][info][gc,stats    ]   Roots                             452 us, parallelism: 0.89x
[35.570s][info][gc,stats    ]     CWR: <total>                    400 us
[35.570s][info][gc,stats    ]     CWR: Code Cache Roots           330 us, workers (us): 330, ---, ---, 
[35.570s][info][gc,stats    ]     CWR: VM Weak Roots               64 us, workers (us):  64, ---, ---, 
[35.570s][info][gc,stats    ]     CWR: CLDG Roots                   6 us, workers (us):   6, ---, ---, 
[35.570s][info][gc,stats    ]   Rendezvous                         82 us
[35.570s][info][gc,stats    ] Concurrent Cleanup                   50 us
[35.570s][info][gc,stats    ] Concurrent Class Unloading         1793 us
[35.570s][info][gc,stats    ]   Unlink Stale                     1593 us
[35.570s][info][gc,stats    ]     System Dictionary                 3 us
[35.570s][info][gc,stats    ]     Weak Class Links                  0 us
[35.570s][info][gc,stats    ]     Code Roots                     1589 us
[35.570s][info][gc,stats    ]   Rendezvous                         73 us
[35.570s][info][gc,stats    ]   Purge Unlinked                     85 us
[35.570s][info][gc,stats    ]     Code Roots                       80 us
[35.570s][info][gc,stats    ]     CLDG                              4 us
[35.570s][info][gc,stats    ]     Exception Caches                  0 us
[35.570s][info][gc,stats    ] Pause Final Roots (G)                94 us
[35.570s][info][gc,stats    ] Pause Final Roots (N)                28 us
[35.570s][info][gc,stats    ] 
[35.570s][info][gc,stats    ] Allocation pacing accrued:
[35.570s][info][gc,stats    ]       0 of   933 ms (  0.0%): <total>
[35.570s][info][gc,stats    ]       0 of   933 ms (  0.0%): <average total>
[35.570s][info][gc,stats    ] 
[35.570s][info][gc,metaspace] Metaspace: 8908K(9152K)->8908K(9152K) NonClass: 7736K(7872K)->7736K(7872K) Class: 1171K(1280K)->1171K(1280K)
[35.570s][info][gc,ergo     ] Pacer for Idle. Initial: 163M, Alloc Tax Rate: 1.0x
[36.256s][info][gc          ] Trigger: Explicit GC request (System.gc())
[36.256s][info][gc,ergo     ] Free: 6732M, Max: 4096K regular, 5648M humongous, Frag: 17% external, 0% internal; Reserve: 412M, Max: 4096K
[36.256s][info][gc,start    ] GC(40) Concurrent reset
[36.257s][info][gc,task     ] GC(40) Using 1 of 3 workers for concurrent reset
[36.257s][info][gc,ergo     ] GC(40) Pacer for Reset. Non-Taxable: 8192M
[36.257s][info][gc          ] GC(40) Concurrent reset 0.900ms
[36.258s][info][gc,start    ] GC(40) Pause Init Mark (unload classes)
[36.258s][info][gc,task     ] GC(40) Using 3 of 3 workers for init marking
[36.258s][info][gc,ref      ] GC(40) Clearing All SoftReferences
[36.258s][info][gc,ergo     ] GC(40) Pacer for Mark. Expected Live: 14464K, Free: 6732M, Non-Taxable: 673M, Alloc Tax Rate: 0.0x
[36.258s][info][gc          ] GC(40) Pause Init Mark (unload classes) 0.168ms
[36.258s][info][gc,start    ] GC(40) Concurrent marking roots
[36.258s][info][gc,task     ] GC(40) Using 1 of 3 workers for concurrent marking roots
[36.258s][info][gc          ] GC(40) Concurrent marking roots 0.453ms
[36.258s][info][gc,start    ] GC(40) Concurrent marking (unload classes)
[36.258s][info][gc,task     ] GC(40) Using 1 of 3 workers for concurrent marking
[36.262s][info][gc          ] GC(40) Concurrent marking (unload classes) 3.525ms
[36.262s][info][gc,start    ] GC(40) Pause Final Mark (unload classes)
[36.262s][info][gc,task     ] GC(40) Using 3 of 3 workers for final marking
[36.262s][info][gc,ergo     ] GC(40) Collectable Garbage: 983M (94%), Immediate: 983M (94%), CSet: 0B (0%)
[36.262s][info][gc          ] GC(40) Pause Final Mark (unload classes) 0.309ms
[36.262s][info][gc,start    ] GC(40) Concurrent weak references
[36.262s][info][gc,task     ] GC(40) Using 1 of 3 workers for concurrent weak references
[36.262s][info][gc,ref      ] GC(40) Encountered references: Soft: 144, Weak: 702, Final: 0, Phantom: 27
[36.262s][info][gc,ref      ] GC(40) Discovered  references: Soft: 89, Weak: 168, Final: 0, Phantom: 25
[36.263s][info][gc,ref      ] GC(40) Enqueued    references: Soft: 3, Weak: 0, Final: 0, Phantom: 0
[36.263s][info][gc          ] GC(40) Concurrent weak references 0.242ms
[36.263s][info][gc,start    ] GC(40) Concurrent weak roots
[36.263s][info][gc,task     ] GC(40) Using 1 of 3 workers for concurrent weak root
[36.263s][info][gc          ] GC(40) Concurrent weak roots 0.573ms
[36.263s][info][gc,start    ] GC(40) Concurrent cleanup
[36.263s][info][gc          ] GC(40) Concurrent cleanup 1047M->63M(8192M) 0.035ms
[36.263s][info][gc,ergo     ] GC(40) Free: 7716M, Max: 4096K regular, 6840M humongous, Frag: 12% external, 0% internal; Reserve: 412M, Max: 4096K
[36.263s][info][gc,start    ] GC(40) Concurrent class unloading
[36.263s][info][gc,task     ] GC(40) Using 1 of 3 workers for concurrent class unloading
[36.265s][info][gc          ] GC(40) Concurrent class unloading 1.750ms
[36.265s][info][gc,start    ] GC(40) Pause Final Roots
[36.265s][info][gc          ] GC(40) Pause Final Roots 0.020ms
[36.265s][info][gc,ergo     ] Free: 7716M, Max: 4096K regular, 6840M humongous, Frag: 12% external, 0% internal; Reserve: 412M, Max: 4096K
[36.265s][info][gc,stats    ] 
[36.265s][info][gc,stats    ] All times are wall-clock times, except per-root-class counters, that are sum over
[36.265s][info][gc,stats    ] all workers. Dividing the <total> over the root stage time estimates parallelism.
[36.265s][info][gc,stats    ] 
[36.265s][info][gc,stats    ] Concurrent Reset                    961 us
[36.265s][info][gc,stats    ] Pause Init Mark (G)                 305 us
[36.265s][info][gc,stats    ] Pause Init Mark (N)                 185 us
[36.265s][info][gc,stats    ]   Update Region States               68 us
[36.265s][info][gc,stats    ] Concurrent Mark Roots               480 us, parallelism: 0.69x
[36.265s][info][gc,stats    ]   CMR: <total>                      330 us
[36.265s][info][gc,stats    ]   CMR: Thread Roots                 289 us, workers (us): 289, ---, ---, 
[36.265s][info][gc,stats    ]   CMR: VM Strong Roots                5 us, workers (us):   5, ---, ---, 
[36.265s][info][gc,stats    ]   CMR: CLDG Roots                    37 us, workers (us):  37, ---, ---, 
[36.265s][info][gc,stats    ] Concurrent Marking                 3587 us
[36.265s][info][gc,stats    ] Pause Final Mark (G)                450 us
[36.265s][info][gc,stats    ] Pause Final Mark (N)                331 us
[36.265s][info][gc,stats    ]   Finish Mark                        94 us
[36.265s][info][gc,stats    ]   Update Region States               59 us
[36.265s][info][gc,stats    ]   Choose Collection Set              55 us
[36.265s][info][gc,stats    ]   Rebuild Free Set                   21 us
[36.265s][info][gc,stats    ] Concurrent Weak References          259 us, parallelism: 0.06x
[36.265s][info][gc,stats    ]   CWRF: <total>                      14 us
[36.265s][info][gc,stats    ]   CWRF: Weak References              14 us, workers (us):  14, ---, ---, 
[36.265s][info][gc,stats    ] Concurrent Weak Roots               594 us
[36.265s][info][gc,stats    ]   Roots                             420 us, parallelism: 0.83x
[36.265s][info][gc,stats    ]     CWR: <total>                    350 us
[36.265s][info][gc,stats    ]     CWR: Code Cache Roots           282 us, workers (us): 282, ---, ---, 
[36.265s][info][gc,stats    ]     CWR: VM Weak Roots               63 us, workers (us):  63, ---, ---, 
[36.265s][info][gc,stats    ]     CWR: CLDG Roots                   5 us, workers (us):   5, ---, ---, 
[36.266s][info][gc,stats    ]   Rendezvous                        122 us
[36.266s][info][gc,stats    ] Concurrent Cleanup                   44 us
[36.266s][info][gc,stats    ] Concurrent Class Unloading         1786 us
[36.266s][info][gc,stats    ]   Unlink Stale                     1555 us
[36.266s][info][gc,stats    ]     System Dictionary                 3 us
[36.266s][info][gc,stats    ]     Weak Class Links                  0 us
[36.266s][info][gc,stats    ]     Code Roots                     1551 us
[36.266s][info][gc,stats    ]   Rendezvous                         56 us
[36.266s][info][gc,stats    ]   Purge Unlinked                    123 us
[36.266s][info][gc,stats    ]     Code Roots                      118 us
[36.266s][info][gc,stats    ]     CLDG                              5 us
[36.266s][info][gc,stats    ]     Exception Caches                  0 us
[36.266s][info][gc,stats    ] Pause Final Roots (G)                64 us
[36.266s][info][gc,stats    ] Pause Final Roots (N)                28 us
[36.266s][info][gc,stats    ] 
[36.266s][info][gc,stats    ] Allocation pacing accrued:
[36.266s][info][gc,stats    ]       0 of   696 ms (  0.0%): <total>
[36.266s][info][gc,stats    ]       0 of   696 ms (  0.0%): <average total>
[36.266s][info][gc,stats    ] 
[36.266s][info][gc,metaspace] Metaspace: 8908K(9152K)->8908K(9152K) NonClass: 7736K(7872K)->7736K(7872K) Class: 1171K(1280K)->1171K(1280K)
[36.266s][info][gc,ergo     ] Pacer for Idle. Initial: 163M, Alloc Tax Rate: 1.0x
[37.182s][info][gc          ] Trigger: Learning 2 of 5. Free (5728M) is below initial threshold (5734M)
[37.182s][info][gc,ergo     ] Free: 5728M, Max: 4096K regular, 5728M humongous, Frag: 0% external, 0% internal; Reserve: 412M, Max: 4096K
[37.182s][info][gc,start    ] GC(41) Concurrent reset
[37.182s][info][gc,task     ] GC(41) Using 1 of 3 workers for concurrent reset
[37.182s][info][gc,ergo     ] GC(41) Pacer for Reset. Non-Taxable: 8192M
[37.183s][info][gc          ] GC(41) Concurrent reset 0.566ms
[37.183s][info][gc,start    ] GC(41) Pause Init Mark (unload classes)
[37.183s][info][gc,task     ] GC(41) Using 3 of 3 workers for init marking
[37.183s][info][gc,ergo     ] GC(41) Pacer for Mark. Expected Live: 10698K, Free: 5724M, Non-Taxable: 572M, Alloc Tax Rate: 0.0x
[37.183s][info][gc          ] GC(41) Pause Init Mark (unload classes) 0.213ms
[37.183s][info][gc,start    ] GC(41) Concurrent marking roots
[37.183s][info][gc,task     ] GC(41) Using 1 of 3 workers for concurrent marking roots
[37.184s][info][gc          ] GC(41) Concurrent marking roots 0.718ms
[37.184s][info][gc,start    ] GC(41) Concurrent marking (unload classes)
[37.184s][info][gc,task     ] GC(41) Using 1 of 3 workers for concurrent marking
[37.197s][info][gc          ] GC(41) Concurrent marking (unload classes) 12.799ms
[37.197s][info][gc,start    ] GC(41) Pause Final Mark (unload classes)
[37.197s][info][gc,task     ] GC(41) Using 3 of 3 workers for final marking
[37.197s][info][gc,ergo     ] GC(41) Collectable Garbage: 1948M (95%), Immediate: 1948M (95%), CSet: 0B (0%)
[37.197s][info][gc          ] GC(41) Pause Final Mark (unload classes) 0.320ms
[37.197s][info][gc,start    ] GC(41) Concurrent weak references
[37.197s][info][gc,task     ] GC(41) Using 1 of 3 workers for concurrent weak references
[37.198s][info][gc,ref      ] GC(41) Encountered references: Soft: 144, Weak: 702, Final: 0, Phantom: 27
[37.198s][info][gc,ref      ] GC(41) Discovered  references: Soft: 0, Weak: 150, Final: 0, Phantom: 12
[37.198s][info][gc,ref      ] GC(41) Enqueued    references: Soft: 0, Weak: 0, Final: 0, Phantom: 0
[37.198s][info][gc          ] GC(41) Concurrent weak references 0.233ms
[37.198s][info][gc,start    ] GC(41) Concurrent weak roots
[37.198s][info][gc,task     ] GC(41) Using 1 of 3 workers for concurrent weak root
[37.198s][info][gc          ] GC(41) Concurrent weak roots 0.614ms
[37.198s][info][gc,start    ] GC(41) Concurrent cleanup
[37.198s][info][gc          ] GC(41) Concurrent cleanup 2087M->139M(8192M) 0.045ms
[37.198s][info][gc,ergo     ] GC(41) Free: 7640M, Max: 4096K regular, 5692M humongous, Frag: 26% external, 0% internal; Reserve: 412M, Max: 4096K
[37.198s][info][gc,start    ] GC(41) Concurrent class unloading
[37.198s][info][gc,task     ] GC(41) Using 1 of 3 workers for concurrent class unloading
[37.200s][info][gc          ] GC(41) Concurrent class unloading 1.929ms
[37.200s][info][gc,start    ] GC(41) Pause Final Roots
[37.200s][info][gc          ] GC(41) Pause Final Roots 0.024ms
[37.201s][info][gc,ergo     ] Free: 7636M, Max: 4096K regular, 5692M humongous, Frag: 26% external, 0% internal; Reserve: 412M, Max: 4096K
[37.201s][info][gc,stats    ] 
[37.201s][info][gc,stats    ] All times are wall-clock times, except per-root-class counters, that are sum over
[37.201s][info][gc,stats    ] all workers. Dividing the <total> over the root stage time estimates parallelism.
[37.201s][info][gc,stats    ] 
[37.201s][info][gc,stats    ] Concurrent Reset                    637 us
[37.201s][info][gc,stats    ] Pause Init Mark (G)                 414 us
[37.201s][info][gc,stats    ] Pause Init Mark (N)                 231 us
[37.201s][info][gc,stats    ]   Update Region States              108 us
[37.201s][info][gc,stats    ] Concurrent Mark Roots               735 us, parallelism: 0.80x
[37.201s][info][gc,stats    ]   CMR: <total>                      587 us
[37.201s][info][gc,stats    ]   CMR: Thread Roots                 493 us, workers (us): 493, ---, ---, 
[37.201s][info][gc,stats    ]   CMR: VM Strong Roots                9 us, workers (us):   9, ---, ---, 
[37.201s][info][gc,stats    ]   CMR: CLDG Roots                    85 us, workers (us):  85, ---, ---, 
[37.201s][info][gc,stats    ] Concurrent Marking                12868 us
[37.201s][info][gc,stats    ] Pause Final Mark (G)                459 us
[37.201s][info][gc,stats    ] Pause Final Mark (N)                339 us
[37.201s][info][gc,stats    ]   Finish Mark                       113 us
[37.201s][info][gc,stats    ]   Update Region States               68 us
[37.201s][info][gc,stats    ]   Choose Collection Set              59 us
[37.201s][info][gc,stats    ]   Rebuild Free Set                   16 us
[37.201s][info][gc,stats    ] Concurrent Weak References          255 us, parallelism: 0.03x
[37.201s][info][gc,stats    ]   CWRF: <total>                       7 us
[37.201s][info][gc,stats    ]   CWRF: Weak References               7 us, workers (us):   7, ---, ---, 
[37.201s][info][gc,stats    ] Concurrent Weak Roots               633 us
[37.201s][info][gc,stats    ]   Roots                             493 us, parallelism: 0.85x
[37.201s][info][gc,stats    ]     CWR: <total>                    419 us
[37.201s][info][gc,stats    ]     CWR: Code Cache Roots           326 us, workers (us): 326, ---, ---, 
[37.201s][info][gc,stats    ]     CWR: VM Weak Roots               87 us, workers (us):  87, ---, ---, 
[37.201s][info][gc,stats    ]     CWR: CLDG Roots                   6 us, workers (us):   6, ---, ---, 
[37.201s][info][gc,stats    ]   Rendezvous                         83 us
[37.201s][info][gc,stats    ] Concurrent Cleanup                   53 us
[37.201s][info][gc,stats    ] Concurrent Class Unloading         1978 us
[37.201s][info][gc,stats    ]   Unlink Stale                     1767 us
[37.201s][info][gc,stats    ]     System Dictionary                 3 us
[37.201s][info][gc,stats    ]     Weak Class Links                  0 us
[37.201s][info][gc,stats    ]     Code Roots                     1763 us
[37.201s][info][gc,stats    ]   Rendezvous                         53 us
[37.201s][info][gc,stats    ]   Purge Unlinked                     91 us
[37.201s][info][gc,stats    ]     Code Roots                       81 us
[37.201s][info][gc,stats    ]     CLDG                              8 us
[37.201s][info][gc,stats    ]     Exception Caches                  0 us
[37.201s][info][gc,stats    ] Pause Final Roots (G)               128 us
[37.201s][info][gc,stats    ] Pause Final Roots (N)                33 us
[37.201s][info][gc,stats    ] 
[37.201s][info][gc,stats    ] Allocation pacing accrued:
[37.201s][info][gc,stats    ]       0 of   935 ms (  0.0%): <total>
[37.201s][info][gc,stats    ]       0 of   935 ms (  0.0%): <average total>
[37.201s][info][gc,stats    ] 
[37.201s][info][gc,metaspace] Metaspace: 8911K(9152K)->8911K(9152K) NonClass: 7739K(7872K)->7739K(7872K) Class: 1171K(1280K)->1171K(1280K)
[37.201s][info][gc,ergo     ] Pacer for Idle. Initial: 163M, Alloc Tax Rate: 1.0x
[38.077s][info][gc          ] Trigger: Learning 3 of 5. Free (5732M) is below initial threshold (5734M)
[38.077s][info][gc,ergo     ] Free: 5732M, Max: 4096K regular, 5692M humongous, Frag: 1% external, 0% internal; Reserve: 412M, Max: 4096K
[38.077s][info][gc,start    ] GC(42) Concurrent reset
[38.077s][info][gc,task     ] GC(42) Using 1 of 3 workers for concurrent reset
[38.077s][info][gc,ergo     ] GC(42) Pacer for Reset. Non-Taxable: 8192M
[38.078s][info][gc          ] GC(42) Concurrent reset 0.675ms
[38.078s][info][gc,start    ] GC(42) Pause Init Mark (unload classes)
[38.078s][info][gc,task     ] GC(42) Using 3 of 3 workers for init marking
[38.078s][info][gc,ergo     ] GC(42) Pacer for Mark. Expected Live: 11991K, Free: 5728M, Non-Taxable: 572M, Alloc Tax Rate: 0.0x
[38.078s][info][gc          ] GC(42) Pause Init Mark (unload classes) 0.154ms
[38.078s][info][gc,start    ] GC(42) Concurrent marking roots
[38.078s][info][gc,task     ] GC(42) Using 1 of 3 workers for concurrent marking roots
[38.079s][info][gc          ] GC(42) Concurrent marking roots 0.463ms
[38.079s][info][gc,start    ] GC(42) Concurrent marking (unload classes)
[38.079s][info][gc,task     ] GC(42) Using 1 of 3 workers for concurrent marking
[38.099s][info][gc          ] GC(42) Concurrent marking (unload classes) 20.872ms
[38.100s][info][gc,start    ] GC(42) Pause Final Mark (unload classes)
[38.100s][info][gc,task     ] GC(42) Using 3 of 3 workers for final marking
[38.100s][info][gc,ergo     ] GC(42) Collectable Garbage: 1916M (94%), Immediate: 1916M (94%), CSet: 0B (0%)
[38.100s][info][gc          ] GC(42) Pause Final Mark (unload classes) 0.344ms
[38.100s][info][gc,start    ] GC(42) Concurrent weak references
[38.100s][info][gc,task     ] GC(42) Using 1 of 3 workers for concurrent weak references
[38.100s][info][gc,ref      ] GC(42) Encountered references: Soft: 144, Weak: 702, Final: 0, Phantom: 27
[38.100s][info][gc,ref      ] GC(42) Discovered  references: Soft: 0, Weak: 150, Final: 0, Phantom: 12
[38.100s][info][gc,ref      ] GC(42) Enqueued    references: Soft: 0, Weak: 0, Final: 0, Phantom: 0
[38.100s][info][gc          ] GC(42) Concurrent weak references 0.198ms
[38.100s][info][gc,start    ] GC(42) Concurrent weak roots
[38.100s][info][gc,task     ] GC(42) Using 1 of 3 workers for concurrent weak root
[38.101s][info][gc          ] GC(42) Concurrent weak roots 0.578ms
[38.101s][info][gc,start    ] GC(42) Concurrent cleanup
[38.101s][info][gc          ] GC(42) Concurrent cleanup 2099M->183M(8192M) 0.042ms
[38.101s][info][gc,ergo     ] GC(42) Free: 7596M, Max: 4096K regular, 5680M humongous, Frag: 26% external, 0% internal; Reserve: 412M, Max: 4096K
[38.101s][info][gc,start    ] GC(42) Concurrent class unloading
[38.101s][info][gc,task     ] GC(42) Using 1 of 3 workers for concurrent class unloading
[38.103s][info][gc          ] GC(42) Concurrent class unloading 2.220ms
[38.103s][info][gc,start    ] GC(42) Pause Final Roots
[38.103s][info][gc          ] GC(42) Pause Final Roots 0.041ms
[38.103s][info][gc,ergo     ] Free: 7592M, Max: 4096K regular, 5680M humongous, Frag: 26% external, 0% internal; Reserve: 412M, Max: 4096K
[38.103s][info][gc,stats    ] 
[38.103s][info][gc,stats    ] All times are wall-clock times, except per-root-class counters, that are sum over
[38.103s][info][gc,stats    ] all workers. Dividing the <total> over the root stage time estimates parallelism.
[38.104s][info][gc,stats    ] 
[38.104s][info][gc,stats    ] Concurrent Reset                    735 us
[38.104s][info][gc,stats    ] Pause Init Mark (G)                 338 us
[38.104s][info][gc,stats    ] Pause Init Mark (N)                 171 us
[38.104s][info][gc,stats    ]   Update Region States               69 us
[38.104s][info][gc,stats    ] Concurrent Mark Roots               500 us, parallelism: 0.68x
[38.104s][info][gc,stats    ]   CMR: <total>                      341 us
[38.104s][info][gc,stats    ]   CMR: Thread Roots                 298 us, workers (us): 298, ---, ---, 
[38.104s][info][gc,stats    ]   CMR: VM Strong Roots                6 us, workers (us):   6, ---, ---, 
[38.104s][info][gc,stats    ]   CMR: CLDG Roots                    37 us, workers (us):  37, ---, ---, 
[38.104s][info][gc,stats    ] Concurrent Marking                20940 us
[38.104s][info][gc,stats    ] Pause Final Mark (G)                504 us
[38.104s][info][gc,stats    ] Pause Final Mark (N)                364 us
[38.104s][info][gc,stats    ]   Finish Mark                       107 us
[38.104s][info][gc,stats    ]   Update Region States               89 us
[38.104s][info][gc,stats    ]   Choose Collection Set              62 us
[38.104s][info][gc,stats    ]   Rebuild Free Set                   17 us
[38.104s][info][gc,stats    ] Concurrent Weak References          214 us, parallelism: 0.02x
[38.104s][info][gc,stats    ]   CWRF: <total>                       5 us
[38.104s][info][gc,stats    ]   CWRF: Weak References               5 us, workers (us):   5, ---, ---, 
[38.104s][info][gc,stats    ] Concurrent Weak Roots               596 us
[38.104s][info][gc,stats    ]   Roots                             457 us, parallelism: 0.88x
[38.104s][info][gc,stats    ]     CWR: <total>                    401 us
[38.104s][info][gc,stats    ]     CWR: Code Cache Roots           331 us, workers (us): 331, ---, ---, 
[38.104s][info][gc,stats    ]     CWR: VM Weak Roots               65 us, workers (us):  65, ---, ---, 
[38.104s][info][gc,stats    ]     CWR: CLDG Roots                   5 us, workers (us):   5, ---, ---, 
[38.104s][info][gc,stats    ]   Rendezvous                         88 us
[38.104s][info][gc,stats    ] Concurrent Cleanup                   50 us
[38.104s][info][gc,stats    ] Concurrent Class Unloading         2266 us
[38.104s][info][gc,stats    ]   Unlink Stale                     1999 us
[38.104s][info][gc,stats    ]     System Dictionary                 3 us
[38.104s][info][gc,stats    ]     Weak Class Links                  0 us
[38.104s][info][gc,stats    ]     Code Roots                     1994 us
[38.104s][info][gc,stats    ]   Rendezvous                        103 us
[38.104s][info][gc,stats    ]   Purge Unlinked                    100 us
[38.104s][info][gc,stats    ]     Code Roots                       91 us
[38.104s][info][gc,stats    ]     CLDG                              8 us
[38.104s][info][gc,stats    ]     Exception Caches                  0 us
[38.104s][info][gc,stats    ] Pause Final Roots (G)               185 us
[38.104s][info][gc,stats    ] Pause Final Roots (N)                58 us
[38.104s][info][gc,stats    ] 
[38.104s][info][gc,stats    ] Allocation pacing accrued:
[38.104s][info][gc,stats    ]       0 of   903 ms (  0.0%): <total>
[38.104s][info][gc,stats    ]       0 of   903 ms (  0.0%): <average total>
[38.104s][info][gc,stats    ] 
[38.104s][info][gc,metaspace] Metaspace: 8911K(9152K)->8911K(9152K) NonClass: 7739K(7872K)->7739K(7872K) Class: 1171K(1280K)->1171K(1280K)
[38.104s][info][gc,ergo     ] Pacer for Idle. Initial: 163M, Alloc Tax Rate: 1.0x
[39.003s][info][gc          ] Trigger: Learning 4 of 5. Free (5712M) is below initial threshold (5734M)
[39.003s][info][gc,ergo     ] Free: 5712M, Max: 4096K regular, 5680M humongous, Frag: 1% external, 0% internal; Reserve: 412M, Max: 4096K
[39.003s][info][gc,start    ] GC(43) Concurrent reset
[39.003s][info][gc,task     ] GC(43) Using 1 of 3 workers for concurrent reset
[39.003s][info][gc,ergo     ] GC(43) Pacer for Reset. Non-Taxable: 8192M
[39.004s][info][gc          ] GC(43) Concurrent reset 0.793ms
[39.004s][info][gc,start    ] GC(43) Pause Init Mark (unload classes)
[39.004s][info][gc,task     ] GC(43) Using 3 of 3 workers for init marking
[39.004s][info][gc,ergo     ] GC(43) Pacer for Mark. Expected Live: 13201K, Free: 5712M, Non-Taxable: 571M, Alloc Tax Rate: 0.0x
[39.004s][info][gc          ] GC(43) Pause Init Mark (unload classes) 0.136ms
[39.004s][info][gc,start    ] GC(43) Concurrent marking roots
[39.004s][info][gc,task     ] GC(43) Using 1 of 3 workers for concurrent marking roots
[39.004s][info][gc          ] GC(43) Concurrent marking roots 0.433ms
[39.004s][info][gc,start    ] GC(43) Concurrent marking (unload classes)
[39.004s][info][gc,task     ] GC(43) Using 1 of 3 workers for concurrent marking
[39.034s][info][gc          ] GC(43) Concurrent marking (unload classes) 29.983ms
[39.035s][info][gc,start    ] GC(43) Pause Final Mark (unload classes)
[39.035s][info][gc,task     ] GC(43) Using 3 of 3 workers for final marking
[39.035s][info][gc,ergo     ] GC(43) Collectable Garbage: 1927M (94%), Immediate: 1927M (94%), CSet: 0B (0%)
[39.035s][info][gc          ] GC(43) Pause Final Mark (unload classes) 0.358ms
[39.035s][info][gc,start    ] GC(43) Concurrent weak references
[39.035s][info][gc,task     ] GC(43) Using 1 of 3 workers for concurrent weak references
[39.035s][info][gc,ref      ] GC(43) Encountered references: Soft: 144, Weak: 702, Final: 0, Phantom: 27
[39.035s][info][gc,ref      ] GC(43) Discovered  references: Soft: 0, Weak: 150, Final: 0, Phantom: 12
[39.035s][info][gc,ref      ] GC(43) Enqueued    references: Soft: 0, Weak: 0, Final: 0, Phantom: 0
[39.035s][info][gc          ] GC(43) Concurrent weak references 0.198ms
[39.035s][info][gc,start    ] GC(43) Concurrent weak roots
[39.035s][info][gc,task     ] GC(43) Using 1 of 3 workers for concurrent weak root
[39.036s][info][gc          ] GC(43) Concurrent weak roots 0.545ms
[39.036s][info][gc,start    ] GC(43) Concurrent cleanup
[39.036s][info][gc          ] GC(43) Concurrent cleanup 2123M->195M(8192M) 0.042ms
[39.036s][info][gc,ergo     ] GC(43) Free: 7584M, Max: 4096K regular, 5656M humongous, Frag: 26% external, 0% internal; Reserve: 412M, Max: 4096K
[39.036s][info][gc,start    ] GC(43) Concurrent class unloading
[39.036s][info][gc,task     ] GC(43) Using 1 of 3 workers for concurrent class unloading
[39.038s][info][gc          ] GC(43) Concurrent class unloading 2.134ms
[39.038s][info][gc,start    ] GC(43) Pause Final Roots
[39.038s][info][gc          ] GC(43) Pause Final Roots 0.041ms
[39.038s][info][gc,ergo     ] Free: 7580M, Max: 4096K regular, 5656M humongous, Frag: 26% external, 0% internal; Reserve: 412M, Max: 4096K
[39.038s][info][gc,stats    ] 
[39.038s][info][gc,stats    ] All times are wall-clock times, except per-root-class counters, that are sum over
[39.038s][info][gc,stats    ] all workers. Dividing the <total> over the root stage time estimates parallelism.
[39.038s][info][gc,stats    ] 
[39.038s][info][gc,stats    ] Concurrent Reset                    835 us
[39.038s][info][gc,stats    ] Pause Init Mark (G)                 282 us
[39.038s][info][gc,stats    ] Pause Init Mark (N)                 153 us
[39.038s][info][gc,stats    ]   Update Region States               52 us
[39.038s][info][gc,stats    ] Concurrent Mark Roots               450 us, parallelism: 0.80x
[39.038s][info][gc,stats    ]   CMR: <total>                      362 us
[39.038s][info][gc,stats    ]   CMR: Thread Roots                 318 us, workers (us): 318, ---, ---, 
[39.038s][info][gc,stats    ]   CMR: VM Strong Roots                6 us, workers (us):   6, ---, ---, 
[39.038s][info][gc,stats    ]   CMR: CLDG Roots                    38 us, workers (us):  38, ---, ---, 
[39.038s][info][gc,stats    ] Concurrent Marking                30045 us
[39.038s][info][gc,stats    ] Pause Final Mark (G)                517 us
[39.038s][info][gc,stats    ] Pause Final Mark (N)                377 us
[39.038s][info][gc,stats    ]   Finish Mark                       109 us
[39.038s][info][gc,stats    ]   Update Region States               89 us
[39.038s][info][gc,stats    ]   Choose Collection Set              62 us
[39.038s][info][gc,stats    ]   Rebuild Free Set                   17 us
[39.038s][info][gc,stats    ] Concurrent Weak References          214 us, parallelism: 0.02x
[39.038s][info][gc,stats    ]   CWRF: <total>                       5 us
[39.038s][info][gc,stats    ]   CWRF: Weak References               5 us, workers (us):   5, ---, ---, 
[39.038s][info][gc,stats    ] Concurrent Weak Roots               563 us
[39.038s][info][gc,stats    ]   Roots                             457 us, parallelism: 0.88x
[39.038s][info][gc,stats    ]     CWR: <total>                    401 us
[39.038s][info][gc,stats    ]     CWR: Code Cache Roots           330 us, workers (us): 330, ---, ---, 
[39.039s][info][gc,stats    ]     CWR: VM Weak Roots               65 us, workers (us):  65, ---, ---, 
[39.039s][info][gc,stats    ]     CWR: CLDG Roots                   6 us, workers (us):   6, ---, ---, 
[39.039s][info][gc,stats    ]   Rendezvous                         56 us
[39.039s][info][gc,stats    ] Concurrent Cleanup                   50 us
[39.039s][info][gc,stats    ] Concurrent Class Unloading         2179 us
[39.039s][info][gc,stats    ]   Unlink Stale                     1914 us
[39.039s][info][gc,stats    ]     System Dictionary                 3 us
[39.039s][info][gc,stats    ]     Weak Class Links                  0 us
[39.039s][info][gc,stats    ]     Code Roots                     1910 us
[39.039s][info][gc,stats    ]   Rendezvous                        103 us
[39.039s][info][gc,stats    ]   Purge Unlinked                    100 us
[39.039s][info][gc,stats    ]     Code Roots                       91 us
[39.039s][info][gc,stats    ]     CLDG                              8 us
[39.039s][info][gc,stats    ]     Exception Caches                  0 us
[39.039s][info][gc,stats    ] Pause Final Roots (G)               185 us
[39.039s][info][gc,stats    ] Pause Final Roots (N)                59 us
[39.039s][info][gc,stats    ] 
[39.039s][info][gc,stats    ] Allocation pacing accrued:
[39.039s][info][gc,stats    ]       0 of   935 ms (  0.0%): <total>
[39.039s][info][gc,stats    ]       0 of   935 ms (  0.0%): <average total>
[39.039s][info][gc,stats    ] 
[39.039s][info][gc,metaspace] Metaspace: 8911K(9152K)->8911K(9152K) NonClass: 7739K(7872K)->7739K(7872K) Class: 1171K(1280K)->1171K(1280K)
[39.039s][info][gc,ergo     ] Pacer for Idle. Initial: 163M, Alloc Tax Rate: 1.0x
[39.739s][info][gc          ] Trigger: Explicit GC request (System.gc())
[39.739s][info][gc,ergo     ] Free: 6696M, Max: 4096K regular, 5656M humongous, Frag: 16% external, 0% internal; Reserve: 412M, Max: 4096K
[39.739s][info][gc,start    ] GC(44) Concurrent reset
[39.740s][info][gc,task     ] GC(44) Using 1 of 3 workers for concurrent reset
[39.740s][info][gc,ergo     ] GC(44) Pacer for Reset. Non-Taxable: 8192M
[39.741s][info][gc          ] GC(44) Concurrent reset 1.075ms
[39.741s][info][gc,start    ] GC(44) Pause Init Mark (unload classes)
[39.741s][info][gc,task     ] GC(44) Using 3 of 3 workers for init marking
[39.741s][info][gc,ref      ] GC(44) Clearing All SoftReferences
[39.741s][info][gc,ergo     ] GC(44) Pacer for Mark. Expected Live: 14448K, Free: 6696M, Non-Taxable: 669M, Alloc Tax Rate: 0.0x
[39.741s][info][gc          ] GC(44) Pause Init Mark (unload classes) 0.132ms
[39.741s][info][gc,start    ] GC(44) Concurrent marking roots
[39.741s][info][gc,task     ] GC(44) Using 1 of 3 workers for concurrent marking roots
[39.741s][info][gc          ] GC(44) Concurrent marking roots 0.448ms
[39.741s][info][gc,start    ] GC(44) Concurrent marking (unload classes)
[39.741s][info][gc,task     ] GC(44) Using 1 of 3 workers for concurrent marking
[39.745s][info][gc          ] GC(44) Concurrent marking (unload classes) 3.928ms
[39.745s][info][gc,start    ] GC(44) Pause Final Mark (unload classes)
[39.745s][info][gc,task     ] GC(44) Using 3 of 3 workers for final marking
[39.746s][info][gc,ergo     ] GC(44) Collectable Garbage: 1019M (94%), Immediate: 1019M (94%), CSet: 0B (0%)
[39.746s][info][gc          ] GC(44) Pause Final Mark (unload classes) 0.422ms
[39.746s][info][gc,start    ] GC(44) Concurrent weak references
[39.746s][info][gc,task     ] GC(44) Using 1 of 3 workers for concurrent weak references
[39.746s][info][gc,ref      ] GC(44) Encountered references: Soft: 144, Weak: 702, Final: 0, Phantom: 27
[39.746s][info][gc,ref      ] GC(44) Discovered  references: Soft: 89, Weak: 168, Final: 0, Phantom: 25
[39.746s][info][gc,ref      ] GC(44) Enqueued    references: Soft: 3, Weak: 0, Final: 0, Phantom: 0
[39.746s][info][gc          ] GC(44) Concurrent weak references 0.123ms
[39.746s][info][gc,start    ] GC(44) Concurrent weak roots
[39.746s][info][gc,task     ] GC(44) Using 1 of 3 workers for concurrent weak root
[39.747s][info][gc          ] GC(44) Concurrent weak roots 0.540ms
[39.747s][info][gc,start    ] GC(44) Concurrent cleanup
[39.747s][info][gc          ] GC(44) Concurrent cleanup 1083M->63M(8192M) 0.042ms
[39.747s][info][gc,ergo     ] GC(44) Free: 7716M, Max: 4096K regular, 6816M humongous, Frag: 12% external, 0% internal; Reserve: 412M, Max: 4096K
[39.747s][info][gc,start    ] GC(44) Concurrent class unloading
[39.747s][info][gc,task     ] GC(44) Using 1 of 3 workers for concurrent class unloading
[39.749s][info][gc          ] GC(44) Concurrent class unloading 1.955ms
[39.749s][info][gc,start    ] GC(44) Pause Final Roots
[39.749s][info][gc          ] GC(44) Pause Final Roots 0.020ms
[39.749s][info][gc,ergo     ] Free: 7716M, Max: 4096K regular, 6816M humongous, Frag: 12% external, 0% internal; Reserve: 412M, Max: 4096K
[39.749s][info][gc,stats    ] 
[39.749s][info][gc,stats    ] All times are wall-clock times, except per-root-class counters, that are sum over
[39.749s][info][gc,stats    ] all workers. Dividing the <total> over the root stage time estimates parallelism.
[39.749s][info][gc,stats    ] 
[39.749s][info][gc,stats    ] Concurrent Reset                   1137 us
[39.749s][info][gc,stats    ] Pause Init Mark (G)                 236 us
[39.749s][info][gc,stats    ] Pause Init Mark (N)                 140 us
[39.749s][info][gc,stats    ]   Update Region States               70 us
[39.749s][info][gc,stats    ] Concurrent Mark Roots               466 us, parallelism: 0.70x
[39.749s][info][gc,stats    ]   CMR: <total>                      327 us
[39.749s][info][gc,stats    ]   CMR: Thread Roots                 284 us, workers (us): 284, ---, ---, 
[39.749s][info][gc,stats    ]   CMR: VM Strong Roots                5 us, workers (us):   5, ---, ---, 
[39.749s][info][gc,stats    ]   CMR: CLDG Roots                    38 us, workers (us):  38, ---, ---, 
[39.749s][info][gc,stats    ] Concurrent Marking                 3986 us
[39.749s][info][gc,stats    ] Pause Final Mark (G)                551 us
[39.749s][info][gc,stats    ] Pause Final Mark (N)                447 us
[39.749s][info][gc,stats    ]   Finish Mark                       129 us
[39.749s][info][gc,stats    ]   Update Region States              117 us
[39.749s][info][gc,stats    ]   Choose Collection Set              76 us
[39.749s][info][gc,stats    ]   Rebuild Free Set                   21 us
[39.749s][info][gc,stats    ] Concurrent Weak References          130 us, parallelism: 0.07x
[39.749s][info][gc,stats    ]   CWRF: <total>                      10 us
[39.749s][info][gc,stats    ]   CWRF: Weak References              10 us, workers (us):  10, ---, ---, 
[39.749s][info][gc,stats    ] Concurrent Weak Roots               571 us
[39.749s][info][gc,stats    ]   Roots                             419 us, parallelism: 0.86x
[39.749s][info][gc,stats    ]     CWR: <total>                    361 us
[39.749s][info][gc,stats    ]     CWR: Code Cache Roots           294 us, workers (us): 294, ---, ---, 
[39.749s][info][gc,stats    ]     CWR: VM Weak Roots               62 us, workers (us):  62, ---, ---, 
[39.749s][info][gc,stats    ]     CWR: CLDG Roots                   5 us, workers (us):   5, ---, ---, 
[39.749s][info][gc,stats    ]   Rendezvous                        103 us
[39.749s][info][gc,stats    ] Concurrent Cleanup                   50 us
[39.749s][info][gc,stats    ] Concurrent Class Unloading         2004 us
[39.749s][info][gc,stats    ]   Unlink Stale                     1759 us
[39.749s][info][gc,stats    ]     System Dictionary                 6 us
[39.749s][info][gc,stats    ]     Weak Class Links                  0 us
[39.749s][info][gc,stats    ]     Code Roots                     1752 us
[39.749s][info][gc,stats    ]   Rendezvous                         58 us
[39.749s][info][gc,stats    ]   Purge Unlinked                    119 us
[39.749s][info][gc,stats    ]     Code Roots                      114 us
[39.749s][info][gc,stats    ]     CLDG                              5 us
[39.749s][info][gc,stats    ]     Exception Caches                  0 us
[39.749s][info][gc,stats    ] Pause Final Roots (G)                78 us
[39.749s][info][gc,stats    ] Pause Final Roots (N)                28 us
[39.749s][info][gc,stats    ] 
[39.749s][info][gc,stats    ] Allocation pacing accrued:
[39.749s][info][gc,stats    ]       0 of   711 ms (  0.0%): <total>
[39.749s][info][gc,stats    ]       0 of   711 ms (  0.0%): <average total>
[39.749s][info][gc,stats    ] 
[39.749s][info][gc,metaspace] Metaspace: 8912K(9152K)->8913K(9152K) NonClass: 7740K(7872K)->7741K(7872K) Class: 1171K(1280K)->1171K(1280K)
[39.749s][info][gc,ergo     ] Pacer for Idle. Initial: 163M, Alloc Tax Rate: 1.0x
[40.666s][info][gc          ] Trigger: Learning 2 of 5. Free (5720M) is below initial threshold (5734M)
[40.666s][info][gc,ergo     ] Free: 5720M, Max: 4096K regular, 5720M humongous, Frag: 0% external, 0% internal; Reserve: 412M, Max: 4096K
[40.666s][info][gc,start    ] GC(45) Concurrent reset
[40.666s][info][gc,task     ] GC(45) Using 1 of 3 workers for concurrent reset
[40.666s][info][gc,ergo     ] GC(45) Pacer for Reset. Non-Taxable: 8192M
[40.667s][info][gc          ] GC(45) Concurrent reset 0.483ms
[40.667s][info][gc,start    ] GC(45) Pause Init Mark (unload classes)
[40.667s][info][gc,task     ] GC(45) Using 3 of 3 workers for init marking
[40.667s][info][gc,ergo     ] GC(45) Pacer for Mark. Expected Live: 10666K, Free: 5716M, Non-Taxable: 571M, Alloc Tax Rate: 0.0x
[40.667s][info][gc          ] GC(45) Pause Init Mark (unload classes) 0.159ms
[40.667s][info][gc,start    ] GC(45) Concurrent marking roots
[40.667s][info][gc,task     ] GC(45) Using 1 of 3 workers for concurrent marking roots
[40.667s][info][gc          ] GC(45) Concurrent marking roots 0.413ms
[40.667s][info][gc,start    ] GC(45) Concurrent marking (unload classes)
[40.667s][info][gc,task     ] GC(45) Using 1 of 3 workers for concurrent marking
[40.680s][info][gc          ] GC(45) Concurrent marking (unload classes) 12.768ms
[40.680s][info][gc,start    ] GC(45) Pause Final Mark (unload classes)
[40.680s][info][gc,task     ] GC(45) Using 3 of 3 workers for final marking
[40.681s][info][gc,ergo     ] GC(45) Collectable Garbage: 1960M (95%), Immediate: 1960M (95%), CSet: 0B (0%)
[40.681s][info][gc          ] GC(45) Pause Final Mark (unload classes) 0.350ms
[40.681s][info][gc,start    ] GC(45) Concurrent weak references
[40.681s][info][gc,task     ] GC(45) Using 1 of 3 workers for concurrent weak references
[40.681s][info][gc,ref      ] GC(45) Encountered references: Soft: 144, Weak: 702, Final: 0, Phantom: 27
[40.681s][info][gc,ref      ] GC(45) Discovered  references: Soft: 0, Weak: 150, Final: 0, Phantom: 12
[40.681s][info][gc,ref      ] GC(45) Enqueued    references: Soft: 0, Weak: 0, Final: 0, Phantom: 0
[40.681s][info][gc          ] GC(45) Concurrent weak references 0.140ms
[40.681s][info][gc,start    ] GC(45) Concurrent weak roots
[40.681s][info][gc,task     ] GC(45) Using 1 of 3 workers for concurrent weak root
[40.682s][info][gc          ] GC(45) Concurrent weak roots 0.651ms
[40.682s][info][gc,start    ] GC(45) Concurrent cleanup
[40.682s][info][gc          ] GC(45) Concurrent cleanup 2095M->135M(8192M) 0.044ms
[40.682s][info][gc,ergo     ] GC(45) Free: 7644M, Max: 4096K regular, 5684M humongous, Frag: 26% external, 0% internal; Reserve: 412M, Max: 4096K
[40.682s][info][gc,start    ] GC(45) Concurrent class unloading
[40.682s][info][gc,task     ] GC(45) Using 1 of 3 workers for concurrent class unloading
[40.683s][info][gc          ] GC(45) Concurrent class unloading 1.783ms
[40.684s][info][gc,start    ] GC(45) Pause Final Roots
[40.684s][info][gc          ] GC(45) Pause Final Roots 0.025ms
[40.684s][info][gc,ergo     ] Free: 7640M, Max: 4096K regular, 5684M humongous, Frag: 26% external, 0% internal; Reserve: 412M, Max: 4096K
[40.684s][info][gc,stats    ] 
[40.684s][info][gc,stats    ] All times are wall-clock times, except per-root-class counters, that are sum over
[40.684s][info][gc,stats    ] all workers. Dividing the <total> over the root stage time estimates parallelism.
[40.684s][info][gc,stats    ] 
[40.684s][info][gc,stats    ] Concurrent Reset                    513 us
[40.684s][info][gc,stats    ] Pause Init Mark (G)                 321 us
[40.684s][info][gc,stats    ] Pause Init Mark (N)                 176 us
[40.684s][info][gc,stats    ]   Update Region States               57 us
[40.684s][info][gc,stats    ] Concurrent Mark Roots               431 us, parallelism: 0.76x
[40.684s][info][gc,stats    ]   CMR: <total>                      328 us
[40.684s][info][gc,stats    ]   CMR: Thread Roots                 289 us, workers (us): 289, ---, ---, 
[40.684s][info][gc,stats    ]   CMR: VM Strong Roots                4 us, workers (us):   4, ---, ---, 
[40.684s][info][gc,stats    ]   CMR: CLDG Roots                    34 us, workers (us):  34, ---, ---, 
[40.684s][info][gc,stats    ] Concurrent Marking                12828 us
[40.684s][info][gc,stats    ] Pause Final Mark (G)                509 us
[40.684s][info][gc,stats    ] Pause Final Mark (N)                369 us
[40.684s][info][gc,stats    ]   Finish Mark                       120 us
[40.684s][info][gc,stats    ]   Update Region States               89 us
[40.684s][info][gc,stats    ]   Choose Collection Set              62 us
[40.684s][info][gc,stats    ]   Rebuild Free Set                   16 us
[40.684s][info][gc,stats    ] Concurrent Weak References          147 us, parallelism: 0.05x
[40.684s][info][gc,stats    ]   CWRF: <total>                       7 us
[40.684s][info][gc,stats    ]   CWRF: Weak References               7 us, workers (us):   7, ---, ---, 
[40.684s][info][gc,stats    ] Concurrent Weak Roots               671 us
[40.684s][info][gc,stats    ]   Roots                             496 us, parallelism: 0.91x
[40.684s][info][gc,stats    ]     CWR: <total>                    449 us
[40.684s][info][gc,stats    ]     CWR: Code Cache Roots           380 us, workers (us): 380, ---, ---, 
[40.684s][info][gc,stats    ]     CWR: VM Weak Roots               64 us, workers (us):  64, ---, ---, 
[40.684s][info][gc,stats    ]     CWR: CLDG Roots                   5 us, workers (us):   5, ---, ---, 
[40.684s][info][gc,stats    ]   Rendezvous                         79 us
[40.684s][info][gc,stats    ] Concurrent Cleanup                   52 us
[40.684s][info][gc,stats    ] Concurrent Class Unloading         1816 us
[40.684s][info][gc,stats    ]   Unlink Stale                     1618 us
[40.684s][info][gc,stats    ]     System Dictionary                 4 us
[40.684s][info][gc,stats    ]     Weak Class Links                  0 us
[40.684s][info][gc,stats    ]     Code Roots                     1613 us
[40.684s][info][gc,stats    ]   Rendezvous                         58 us
[40.684s][info][gc,stats    ]   Purge Unlinked                     90 us
[40.684s][info][gc,stats    ]     Code Roots                       84 us
[40.684s][info][gc,stats    ]     CLDG                              5 us
[40.684s][info][gc,stats    ]     Exception Caches                  0 us
[40.684s][info][gc,stats    ] Pause Final Roots (G)               112 us
[40.684s][info][gc,stats    ] Pause Final Roots (N)                33 us
[40.684s][info][gc,stats    ] 
[40.684s][info][gc,stats    ] Allocation pacing accrued:
[40.684s][info][gc,stats    ]       0 of   935 ms (  0.0%): <total>
[40.684s][info][gc,stats    ]       0 of   935 ms (  0.0%): <average total>
[40.684s][info][gc,stats    ] 
[40.684s][info][gc,metaspace] Metaspace: 8913K(9152K)->8913K(9152K) NonClass: 7742K(7872K)->7742K(7872K) Class: 1171K(1280K)->1171K(1280K)
[40.684s][info][gc,ergo     ] Pacer for Idle. Initial: 163M, Alloc Tax Rate: 1.0x
[41.559s][info][gc          ] Trigger: Learning 3 of 5. Free (5732M) is below initial threshold (5734M)
[41.559s][info][gc,ergo     ] Free: 5732M, Max: 4096K regular, 5684M humongous, Frag: 1% external, 0% internal; Reserve: 412M, Max: 4096K
[41.559s][info][gc,start    ] GC(46) Concurrent reset
[41.559s][info][gc,task     ] GC(46) Using 1 of 3 workers for concurrent reset
[41.559s][info][gc,ergo     ] GC(46) Pacer for Reset. Non-Taxable: 8192M
[41.559s][info][gc          ] GC(46) Concurrent reset 0.438ms
[41.562s][info][gc,start    ] GC(46) Pause Init Mark (unload classes)
[41.562s][info][gc,task     ] GC(46) Using 3 of 3 workers for init marking
[41.562s][info][gc,ergo     ] GC(46) Pacer for Mark. Expected Live: 11966K, Free: 5732M, Non-Taxable: 573M, Alloc Tax Rate: 0.0x
[41.562s][info][gc          ] GC(46) Pause Init Mark (unload classes) 0.098ms
[41.562s][info][gc,start    ] GC(46) Concurrent marking roots
[41.562s][info][gc,task     ] GC(46) Using 1 of 3 workers for concurrent marking roots
[41.562s][info][gc          ] GC(46) Concurrent marking roots 0.428ms
[41.562s][info][gc,start    ] GC(46) Concurrent marking (unload classes)
[41.562s][info][gc,task     ] GC(46) Using 1 of 3 workers for concurrent marking
[41.584s][info][gc          ] GC(46) Concurrent marking (unload classes) 21.659ms
[41.584s][info][gc,start    ] GC(46) Pause Final Mark (unload classes)
[41.584s][info][gc,task     ] GC(46) Using 3 of 3 workers for final marking
[41.584s][info][gc,ergo     ] GC(46) Collectable Garbage: 1931M (95%), Immediate: 1931M (95%), CSet: 0B (0%)
[41.584s][info][gc          ] GC(46) Pause Final Mark (unload classes) 0.316ms
[41.584s][info][gc,start    ] GC(46) Concurrent weak references
[41.584s][info][gc,task     ] GC(46) Using 1 of 3 workers for concurrent weak references
[41.585s][info][gc,ref      ] GC(46) Encountered references: Soft: 144, Weak: 702, Final: 0, Phantom: 27
[41.585s][info][gc,ref      ] GC(46) Discovered  references: Soft: 0, Weak: 150, Final: 0, Phantom: 25
[41.585s][info][gc,ref      ] GC(46) Enqueued    references: Soft: 0, Weak: 0, Final: 0, Phantom: 0
[41.585s][info][gc          ] GC(46) Concurrent weak references 0.111ms
[41.585s][info][gc,start    ] GC(46) Concurrent weak roots
[41.585s][info][gc,task     ] GC(46) Using 1 of 3 workers for concurrent weak root
[41.585s][info][gc          ] GC(46) Concurrent weak roots 0.533ms
[41.585s][info][gc,start    ] GC(46) Concurrent cleanup
[41.585s][info][gc          ] GC(46) Concurrent cleanup 2095M->163M(8192M) 0.041ms
[41.585s][info][gc,ergo     ] GC(46) Free: 7616M, Max: 4096K regular, 5728M humongous, Frag: 25% external, 0% internal; Reserve: 412M, Max: 4096K
[41.585s][info][gc,start    ] GC(46) Concurrent class unloading
[41.585s][info][gc,task     ] GC(46) Using 1 of 3 workers for concurrent class unloading
[41.587s][info][gc          ] GC(46) Concurrent class unloading 1.725ms
[41.587s][info][gc,start    ] GC(46) Pause Final Roots
[41.587s][info][gc          ] GC(46) Pause Final Roots 0.023ms
[41.587s][info][gc,ergo     ] Free: 7612M, Max: 4096K regular, 5728M humongous, Frag: 25% external, 0% internal; Reserve: 412M, Max: 4096K
[41.587s][info][gc,stats    ] 
[41.587s][info][gc,stats    ] All times are wall-clock times, except per-root-class counters, that are sum over
[41.587s][info][gc,stats    ] all workers. Dividing the <total> over the root stage time estimates parallelism.
[41.587s][info][gc,stats    ] 
[41.587s][info][gc,stats    ] Concurrent Reset                   2559 us
[41.587s][info][gc,stats    ] Pause Init Mark (G)                 227 us
[41.587s][info][gc,stats    ] Pause Init Mark (N)                 107 us
[41.587s][info][gc,stats    ]   Update Region States               39 us
[41.587s][info][gc,stats    ] Concurrent Mark Roots               446 us, parallelism: 0.78x
[41.587s][info][gc,stats    ]   CMR: <total>                      345 us
[41.587s][info][gc,stats    ]   CMR: Thread Roots                 301 us, workers (us): 301, ---, ---, 
[41.587s][info][gc,stats    ]   CMR: VM Strong Roots                6 us, workers (us):   6, ---, ---, 
[41.587s][info][gc,stats    ]   CMR: CLDG Roots                    38 us, workers (us):  38, ---, ---, 
[41.587s][info][gc,stats    ] Concurrent Marking                21726 us
[41.587s][info][gc,stats    ] Pause Final Mark (G)                479 us
[41.587s][info][gc,stats    ] Pause Final Mark (N)                335 us
[41.587s][info][gc,stats    ]   Finish Mark                       102 us
[41.587s][info][gc,stats    ]   Update Region States               67 us
[41.587s][info][gc,stats    ]   Choose Collection Set              62 us
[41.587s][info][gc,stats    ]   Rebuild Free Set                   17 us
[41.587s][info][gc,stats    ] Concurrent Weak References          118 us, parallelism: 0.04x
[41.587s][info][gc,stats    ]   CWRF: <total>                       5 us
[41.587s][info][gc,stats    ]   CWRF: Weak References               5 us, workers (us):   5, ---, ---, 
[41.587s][info][gc,stats    ] Concurrent Weak Roots               551 us
[41.587s][info][gc,stats    ]   Roots                             436 us, parallelism: 0.92x
[41.587s][info][gc,stats    ]     CWR: <total>                    401 us
[41.587s][info][gc,stats    ]     CWR: Code Cache Roots           332 us, workers (us): 332, ---, ---, 
[41.587s][info][gc,stats    ]     CWR: VM Weak Roots               63 us, workers (us):  63, ---, ---, 
[41.587s][info][gc,stats    ]     CWR: CLDG Roots                   5 us, workers (us):   5, ---, ---, 
[41.587s][info][gc,stats    ]   Rendezvous                         81 us
[41.587s][info][gc,stats    ] Concurrent Cleanup                   49 us
[41.587s][info][gc,stats    ] Concurrent Class Unloading         1771 us
[41.587s][info][gc,stats    ]   Unlink Stale                     1560 us
[41.587s][info][gc,stats    ]     System Dictionary                 3 us
[41.588s][info][gc,stats    ]     Weak Class Links                  0 us
[41.588s][info][gc,stats    ]     Code Roots                     1556 us
[41.588s][info][gc,stats    ]   Rendezvous                         52 us
[41.588s][info][gc,stats    ]   Purge Unlinked                     96 us
[41.588s][info][gc,stats    ]     Code Roots                       87 us
[41.588s][info][gc,stats    ]     CLDG                              8 us
[41.588s][info][gc,stats    ]     Exception Caches                  0 us
[41.588s][info][gc,stats    ] Pause Final Roots (G)               130 us
[41.588s][info][gc,stats    ] Pause Final Roots (N)                31 us
[41.588s][info][gc,stats    ] 
[41.588s][info][gc,stats    ] Allocation pacing accrued:
[41.588s][info][gc,stats    ]       0 of   903 ms (  0.0%): <total>
[41.588s][info][gc,stats    ]       0 of   903 ms (  0.0%): <average total>
[41.588s][info][gc,stats    ] 
[41.588s][info][gc,metaspace] Metaspace: 8913K(9152K)->8913K(9152K) NonClass: 7742K(7872K)->7742K(7872K) Class: 1171K(1280K)->1171K(1280K)
[41.588s][info][gc,ergo     ] Pacer for Idle. Initial: 163M, Alloc Tax Rate: 1.0x
[42.485s][info][gc          ] Trigger: Learning 4 of 5. Free (5732M) is below initial threshold (5734M)
[42.485s][info][gc,ergo     ] Free: 5732M, Max: 4096K regular, 5728M humongous, Frag: 1% external, 0% internal; Reserve: 412M, Max: 4096K
[42.486s][info][gc,start    ] GC(47) Concurrent reset
[42.486s][info][gc,task     ] GC(47) Using 1 of 3 workers for concurrent reset
[42.486s][info][gc,ergo     ] GC(47) Pacer for Reset. Non-Taxable: 8192M
[42.486s][info][gc          ] GC(47) Concurrent reset 0.662ms
[42.486s][info][gc,start    ] GC(47) Pause Init Mark (unload classes)
[42.486s][info][gc,task     ] GC(47) Using 3 of 3 workers for init marking
[42.486s][info][gc,ergo     ] GC(47) Pacer for Mark. Expected Live: 13179K, Free: 5732M, Non-Taxable: 573M, Alloc Tax Rate: 0.0x
[42.486s][info][gc          ] GC(47) Pause Init Mark (unload classes) 0.163ms
[42.487s][info][gc,start    ] GC(47) Concurrent marking roots
[42.487s][info][gc,task     ] GC(47) Using 1 of 3 workers for concurrent marking roots
[42.487s][info][gc          ] GC(47) Concurrent marking roots 0.456ms
[42.487s][info][gc,start    ] GC(47) Concurrent marking (unload classes)
[42.487s][info][gc,task     ] GC(47) Using 1 of 3 workers for concurrent marking
[42.517s][info][gc          ] GC(47) Concurrent marking (unload classes) 29.660ms
[42.517s][info][gc,start    ] GC(47) Pause Final Mark (unload classes)
[42.517s][info][gc,task     ] GC(47) Using 3 of 3 workers for final marking
[42.517s][info][gc,ergo     ] GC(47) Collectable Garbage: 1935M (95%), Immediate: 1935M (95%), CSet: 0B (0%)
[42.517s][info][gc          ] GC(47) Pause Final Mark (unload classes) 0.362ms
[42.517s][info][gc,start    ] GC(47) Concurrent weak references
[42.517s][info][gc,task     ] GC(47) Using 1 of 3 workers for concurrent weak references
[42.517s][info][gc,ref      ] GC(47) Encountered references: Soft: 144, Weak: 702, Final: 0, Phantom: 27
[42.517s][info][gc,ref      ] GC(47) Discovered  references: Soft: 0, Weak: 150, Final: 0, Phantom: 12
[42.517s][info][gc,ref      ] GC(47) Enqueued    references: Soft: 0, Weak: 0, Final: 0, Phantom: 0
[42.517s][info][gc          ] GC(47) Concurrent weak references 0.142ms
[42.517s][info][gc,start    ] GC(47) Concurrent weak roots
[42.517s][info][gc,task     ] GC(47) Using 1 of 3 workers for concurrent weak root
[42.518s][info][gc          ] GC(47) Concurrent weak roots 0.653ms
[42.518s][info][gc,start    ] GC(47) Concurrent cleanup
[42.518s][info][gc          ] GC(47) Concurrent cleanup 2111M->175M(8192M) 0.042ms
[42.518s][info][gc,ergo     ] GC(47) Free: 7604M, Max: 4096K regular, 5668M humongous, Frag: 26% external, 0% internal; Reserve: 412M, Max: 4096K
[42.518s][info][gc,start    ] GC(47) Concurrent class unloading
[42.518s][info][gc,task     ] GC(47) Using 1 of 3 workers for concurrent class unloading
[42.520s][info][gc          ] GC(47) Concurrent class unloading 2.056ms
[42.520s][info][gc,start    ] GC(47) Pause Final Roots
[42.520s][info][gc          ] GC(47) Pause Final Roots 0.040ms
[42.521s][info][gc,ergo     ] Free: 7600M, Max: 4096K regular, 5668M humongous, Frag: 26% external, 0% internal; Reserve: 412M, Max: 4096K
[42.521s][info][gc,stats    ] 
[42.521s][info][gc,stats    ] All times are wall-clock times, except per-root-class counters, that are sum over
[42.521s][info][gc,stats    ] all workers. Dividing the <total> over the root stage time estimates parallelism.
[42.521s][info][gc,stats    ] 
[42.521s][info][gc,stats    ] Concurrent Reset                    721 us
[42.521s][info][gc,stats    ] Pause Init Mark (G)                 327 us
[42.521s][info][gc,stats    ] Pause Init Mark (N)                 179 us
[42.521s][info][gc,stats    ]   Update Region States               77 us
[42.521s][info][gc,stats    ] Concurrent Mark Roots               492 us, parallelism: 0.68x
[42.521s][info][gc,stats    ]   CMR: <total>                      333 us
[42.521s][info][gc,stats    ]   CMR: Thread Roots                 289 us, workers (us): 289, ---, ---, 
[42.521s][info][gc,stats    ]   CMR: VM Strong Roots                5 us, workers (us):   5, ---, ---, 
[42.521s][info][gc,stats    ]   CMR: CLDG Roots                    38 us, workers (us):  38, ---, ---, 
[42.521s][info][gc,stats    ] Concurrent Marking                29724 us
[42.521s][info][gc,stats    ] Pause Final Mark (G)                508 us
[42.521s][info][gc,stats    ] Pause Final Mark (N)                381 us
[42.521s][info][gc,stats    ]   Finish Mark                       118 us
[42.521s][info][gc,stats    ]   Update Region States               88 us
[42.521s][info][gc,stats    ]   Choose Collection Set              62 us
[42.521s][info][gc,stats    ]   Rebuild Free Set                   16 us
[42.521s][info][gc,stats    ] Concurrent Weak References          150 us, parallelism: 0.03x
[42.521s][info][gc,stats    ]   CWRF: <total>                       5 us
[42.521s][info][gc,stats    ]   CWRF: Weak References               5 us, workers (us):   5, ---, ---, 
[42.521s][info][gc,stats    ] Concurrent Weak Roots               672 us
[42.521s][info][gc,stats    ]   Roots                             556 us, parallelism: 0.92x
[42.521s][info][gc,stats    ]     CWR: <total>                    512 us
[42.521s][info][gc,stats    ]     CWR: Code Cache Roots           395 us, workers (us): 395, ---, ---, 
[42.521s][info][gc,stats    ]     CWR: VM Weak Roots              111 us, workers (us): 111, ---, ---, 
[42.521s][info][gc,stats    ]     CWR: CLDG Roots                   6 us, workers (us):   6, ---, ---, 
[42.521s][info][gc,stats    ]   Rendezvous                         82 us
[42.521s][info][gc,stats    ] Concurrent Cleanup                   50 us
[42.521s][info][gc,stats    ] Concurrent Class Unloading         2100 us
[42.521s][info][gc,stats    ]   Unlink Stale                     1889 us
[42.521s][info][gc,stats    ]     System Dictionary                 3 us
[42.521s][info][gc,stats    ]     Weak Class Links                  0 us
[42.521s][info][gc,stats    ]     Code Roots                     1885 us
[42.521s][info][gc,stats    ]   Rendezvous                         56 us
[42.521s][info][gc,stats    ]   Purge Unlinked                     92 us
[42.521s][info][gc,stats    ]     Code Roots                       84 us
[42.521s][info][gc,stats    ]     CLDG                              8 us
[42.521s][info][gc,stats    ]     Exception Caches                  0 us
[42.521s][info][gc,stats    ] Pause Final Roots (G)               184 us
[42.521s][info][gc,stats    ] Pause Final Roots (N)                58 us
[42.521s][info][gc,stats    ] 
[42.521s][info][gc,stats    ] Allocation pacing accrued:
[42.521s][info][gc,stats    ]       0 of   934 ms (  0.0%): <total>
[42.521s][info][gc,stats    ]       0 of   934 ms (  0.0%): <average total>
[42.521s][info][gc,stats    ] 
[42.521s][info][gc,metaspace] Metaspace: 8913K(9152K)->8913K(9152K) NonClass: 7742K(7872K)->7742K(7872K) Class: 1171K(1280K)->1171K(1280K)
[42.521s][info][gc,ergo     ] Pacer for Idle. Initial: 163M, Alloc Tax Rate: 1.0x
[43.223s][info][gc          ] Trigger: Explicit GC request (System.gc())
[43.223s][info][gc,ergo     ] Free: 6736M, Max: 4096K regular, 5668M humongous, Frag: 16% external, 0% internal; Reserve: 412M, Max: 4096K
[43.223s][info][gc,start    ] GC(48) Concurrent reset
[43.223s][info][gc,task     ] GC(48) Using 1 of 3 workers for concurrent reset
[43.223s][info][gc,ergo     ] GC(48) Pacer for Reset. Non-Taxable: 8192M
[43.224s][info][gc          ] GC(48) Concurrent reset 0.768ms
[43.224s][info][gc,start    ] GC(48) Pause Init Mark (unload classes)
[43.224s][info][gc,task     ] GC(48) Using 3 of 3 workers for init marking
[43.224s][info][gc,ref      ] GC(48) Clearing All SoftReferences
[43.224s][info][gc,ergo     ] GC(48) Pacer for Mark. Expected Live: 14449K, Free: 6736M, Non-Taxable: 673M, Alloc Tax Rate: 0.0x
[43.224s][info][gc          ] GC(48) Pause Init Mark (unload classes) 0.163ms
[43.224s][info][gc,start    ] GC(48) Concurrent marking roots
[43.224s][info][gc,task     ] GC(48) Using 1 of 3 workers for concurrent marking roots
[43.225s][info][gc          ] GC(48) Concurrent marking roots 0.543ms
[43.225s][info][gc,start    ] GC(48) Concurrent marking (unload classes)
[43.225s][info][gc,task     ] GC(48) Using 1 of 3 workers for concurrent marking
[43.229s][info][gc          ] GC(48) Concurrent marking (unload classes) 3.726ms
[43.229s][info][gc,start    ] GC(48) Pause Final Mark (unload classes)
[43.229s][info][gc,task     ] GC(48) Using 3 of 3 workers for final marking
[43.229s][info][gc,ergo     ] GC(48) Collectable Garbage: 979M (94%), Immediate: 979M (94%), CSet: 0B (0%)
[43.229s][info][gc          ] GC(48) Pause Final Mark (unload classes) 0.212ms
[43.229s][info][gc,start    ] GC(48) Concurrent weak references
[43.229s][info][gc,task     ] GC(48) Using 1 of 3 workers for concurrent weak references
[43.229s][info][gc,ref      ] GC(48) Encountered references: Soft: 144, Weak: 702, Final: 0, Phantom: 27
[43.229s][info][gc,ref      ] GC(48) Discovered  references: Soft: 89, Weak: 168, Final: 0, Phantom: 25
[43.229s][info][gc,ref      ] GC(48) Enqueued    references: Soft: 3, Weak: 0, Final: 0, Phantom: 0
[43.229s][info][gc          ] GC(48) Concurrent weak references 0.090ms
[43.229s][info][gc,start    ] GC(48) Concurrent weak roots
[43.229s][info][gc,task     ] GC(48) Using 1 of 3 workers for concurrent weak root
[43.229s][info][gc          ] GC(48) Concurrent weak roots 0.456ms
[43.229s][info][gc,start    ] GC(48) Concurrent cleanup
[43.230s][info][gc          ] GC(48) Concurrent cleanup 1043M->63M(8192M) 0.036ms
[43.230s][info][gc,ergo     ] GC(48) Free: 7716M, Max: 4096K regular, 6836M humongous, Frag: 12% external, 0% internal; Reserve: 412M, Max: 4096K
[43.230s][info][gc,start    ] GC(48) Concurrent class unloading
[43.230s][info][gc,task     ] GC(48) Using 1 of 3 workers for concurrent class unloading
[43.232s][info][gc          ] GC(48) Concurrent class unloading 2.000ms
[43.232s][info][gc,start    ] GC(48) Pause Final Roots
[43.232s][info][gc          ] GC(48) Pause Final Roots 0.022ms
[43.232s][info][gc,ergo     ] Free: 7716M, Max: 4096K regular, 6836M humongous, Frag: 12% external, 0% internal; Reserve: 412M, Max: 4096K
[43.232s][info][gc,stats    ] 
[43.232s][info][gc,stats    ] All times are wall-clock times, except per-root-class counters, that are sum over
[43.232s][info][gc,stats    ] all workers. Dividing the <total> over the root stage time estimates parallelism.
[43.232s][info][gc,stats    ] 
[43.232s][info][gc,stats    ] Concurrent Reset                    828 us
[43.232s][info][gc,stats    ] Pause Init Mark (G)                 285 us
[43.232s][info][gc,stats    ] Pause Init Mark (N)                 179 us
[43.232s][info][gc,stats    ]   Update Region States               65 us
[43.232s][info][gc,stats    ] Concurrent Mark Roots               561 us, parallelism: 0.78x
[43.232s][info][gc,stats    ]   CMR: <total>                      436 us
[43.232s][info][gc,stats    ]   CMR: Thread Roots                 362 us, workers (us): 362, ---, ---, 
[43.232s][info][gc,stats    ]   CMR: VM Strong Roots                6 us, workers (us):   6, ---, ---, 
[43.232s][info][gc,stats    ]   CMR: CLDG Roots                    67 us, workers (us):  67, ---, ---, 
[43.232s][info][gc,stats    ] Concurrent Marking                 3782 us
[43.232s][info][gc,stats    ] Pause Final Mark (G)                258 us
[43.232s][info][gc,stats    ] Pause Final Mark (N)                221 us
[43.232s][info][gc,stats    ]   Finish Mark                        87 us
[43.232s][info][gc,stats    ]   Update Region States               50 us
[43.232s][info][gc,stats    ]   Choose Collection Set              36 us
[43.232s][info][gc,stats    ]   Rebuild Free Set                    9 us
[43.232s][info][gc,stats    ] Concurrent Weak References           98 us, parallelism: 0.12x
[43.232s][info][gc,stats    ]   CWRF: <total>                      12 us
[43.232s][info][gc,stats    ]   CWRF: Weak References              12 us, workers (us):  12, ---, ---, 
[43.232s][info][gc,stats    ] Concurrent Weak Roots               468 us
[43.232s][info][gc,stats    ]   Roots                             402 us, parallelism: 0.91x
[43.232s][info][gc,stats    ]     CWR: <total>                    365 us
[43.232s][info][gc,stats    ]     CWR: Code Cache Roots           293 us, workers (us): 293, ---, ---, 
[43.232s][info][gc,stats    ]     CWR: VM Weak Roots               67 us, workers (us):  67, ---, ---, 
[43.232s][info][gc,stats    ]     CWR: CLDG Roots                   6 us, workers (us):   6, ---, ---, 
[43.232s][info][gc,stats    ]   Rendezvous                         39 us
[43.232s][info][gc,stats    ] Concurrent Cleanup                   45 us
[43.232s][info][gc,stats    ] Concurrent Class Unloading         2028 us
[43.232s][info][gc,stats    ]   Unlink Stale                     1858 us
[43.232s][info][gc,stats    ]     System Dictionary                 4 us
[43.232s][info][gc,stats    ]     Weak Class Links                  0 us
[43.232s][info][gc,stats    ]     Code Roots                     1852 us
[43.232s][info][gc,stats    ]   Rendezvous                         58 us
[43.232s][info][gc,stats    ]   Purge Unlinked                     67 us
[43.232s][info][gc,stats    ]     Code Roots                       62 us
[43.232s][info][gc,stats    ]     CLDG                              5 us
[43.232s][info][gc,stats    ]     Exception Caches                  0 us
[43.232s][info][gc,stats    ] Pause Final Roots (G)                78 us
[43.232s][info][gc,stats    ] Pause Final Roots (N)                29 us
[43.232s][info][gc,stats    ] 
[43.232s][info][gc,stats    ] Allocation pacing accrued:
[43.232s][info][gc,stats    ]       0 of   711 ms (  0.0%): <total>
[43.232s][info][gc,stats    ]       0 of   711 ms (  0.0%): <average total>
[43.232s][info][gc,stats    ] 
[43.232s][info][gc,metaspace] Metaspace: 8913K(9152K)->8926K(9152K) NonClass: 7742K(7872K)->7754K(7872K) Class: 1171K(1280K)->1171K(1280K)
[43.233s][info][gc,ergo     ] Pacer for Idle. Initial: 163M, Alloc Tax Rate: 1.0x
[44.149s][info][gc          ] Trigger: Learning 2 of 5. Free (5716M) is below initial threshold (5734M)
[44.149s][info][gc,ergo     ] Free: 5716M, Max: 4096K regular, 5716M humongous, Frag: 0% external, 0% internal; Reserve: 412M, Max: 4096K
[44.149s][info][gc,start    ] GC(49) Concurrent reset
[44.149s][info][gc,task     ] GC(49) Using 1 of 3 workers for concurrent reset
[44.149s][info][gc,ergo     ] GC(49) Pacer for Reset. Non-Taxable: 8192M
[44.149s][info][gc          ] GC(49) Concurrent reset 0.562ms
[44.150s][info][gc,start    ] GC(49) Pause Init Mark (unload classes)
[44.150s][info][gc,task     ] GC(49) Using 3 of 3 workers for init marking
[44.150s][info][gc,ergo     ] GC(49) Pacer for Mark. Expected Live: 10684K, Free: 5712M, Non-Taxable: 571M, Alloc Tax Rate: 0.0x
[44.150s][info][gc          ] GC(49) Pause Init Mark (unload classes) 0.154ms
[44.150s][info][gc,start    ] GC(49) Concurrent marking roots
[44.150s][info][gc,task     ] GC(49) Using 1 of 3 workers for concurrent marking roots
[44.150s][info][gc          ] GC(49) Concurrent marking roots 0.454ms
[44.150s][info][gc,start    ] GC(49) Concurrent marking (unload classes)
[44.150s][info][gc,task     ] GC(49) Using 1 of 3 workers for concurrent marking
[44.163s][info][gc          ] GC(49) Concurrent marking (unload classes) 12.779ms
[44.163s][info][gc,start    ] GC(49) Pause Final Mark (unload classes)
[44.163s][info][gc,task     ] GC(49) Using 3 of 3 workers for final marking
[44.163s][info][gc,ergo     ] GC(49) Collectable Garbage: 1960M (95%), Immediate: 1960M (95%), CSet: 0B (0%)
[44.164s][info][gc          ] GC(49) Pause Final Mark (unload classes) 0.319ms
[44.164s][info][gc,start    ] GC(49) Concurrent weak references
[44.164s][info][gc,task     ] GC(49) Using 1 of 3 workers for concurrent weak references
[44.164s][info][gc,ref      ] GC(49) Encountered references: Soft: 144, Weak: 702, Final: 0, Phantom: 27
[44.164s][info][gc,ref      ] GC(49) Discovered  references: Soft: 0, Weak: 150, Final: 0, Phantom: 12
[44.164s][info][gc,ref      ] GC(49) Enqueued    references: Soft: 0, Weak: 0, Final: 0, Phantom: 0
[44.164s][info][gc          ] GC(49) Concurrent weak references 0.143ms
[44.164s][info][gc,start    ] GC(49) Concurrent weak roots
[44.164s][info][gc,task     ] GC(49) Using 1 of 3 workers for concurrent weak root
[44.164s][info][gc          ] GC(49) Concurrent weak roots 0.696ms
[44.164s][info][gc,start    ] GC(49) Concurrent cleanup
[44.164s][info][gc          ] GC(49) Concurrent cleanup 2099M->139M(8192M) 0.044ms
[44.165s][info][gc,ergo     ] GC(49) Free: 7640M, Max: 4096K regular, 5680M humongous, Frag: 26% external, 0% internal; Reserve: 412M, Max: 4096K
[44.165s][info][gc,start    ] GC(49) Concurrent class unloading
[44.165s][info][gc,task     ] GC(49) Using 1 of 3 workers for concurrent class unloading
[44.166s][info][gc          ] GC(49) Concurrent class unloading 1.771ms
[44.166s][info][gc,start    ] GC(49) Pause Final Roots
[44.166s][info][gc          ] GC(49) Pause Final Roots 0.025ms
[44.167s][info][gc,ergo     ] Free: 7636M, Max: 4096K regular, 5680M humongous, Frag: 26% external, 0% internal; Reserve: 412M, Max: 4096K
[44.167s][info][gc,stats    ] 
[44.167s][info][gc,stats    ] All times are wall-clock times, except per-root-class counters, that are sum over
[44.167s][info][gc,stats    ] all workers. Dividing the <total> over the root stage time estimates parallelism.
[44.167s][info][gc,stats    ] 
[44.167s][info][gc,stats    ] Concurrent Reset                    627 us
[44.167s][info][gc,stats    ] Pause Init Mark (G)                 365 us
[44.167s][info][gc,stats    ] Pause Init Mark (N)                 170 us
[44.167s][info][gc,stats    ]   Update Region States               70 us
[44.167s][info][gc,stats    ] Concurrent Mark Roots               491 us, parallelism: 0.68x
[44.167s][info][gc,stats    ]   CMR: <total>                      332 us
[44.167s][info][gc,stats    ]   CMR: Thread Roots                 291 us, workers (us): 291, ---, ---, 
[44.167s][info][gc,stats    ]   CMR: VM Strong Roots                5 us, workers (us):   5, ---, ---, 
[44.167s][info][gc,stats    ]   CMR: CLDG Roots                    35 us, workers (us):  35, ---, ---, 
[44.167s][info][gc,stats    ] Concurrent Marking                12848 us
[44.167s][info][gc,stats    ] Pause Final Mark (G)                460 us
[44.167s][info][gc,stats    ] Pause Final Mark (N)                338 us
[44.167s][info][gc,stats    ]   Finish Mark                       102 us
[44.167s][info][gc,stats    ]   Update Region States               78 us
[44.167s][info][gc,stats    ]   Choose Collection Set              61 us
[44.167s][info][gc,stats    ]   Rebuild Free Set                   16 us
[44.167s][info][gc,stats    ] Concurrent Weak References          150 us, parallelism: 0.03x
[44.167s][info][gc,stats    ]   CWRF: <total>                       5 us
[44.167s][info][gc,stats    ]   CWRF: Weak References               5 us, workers (us):   5, ---, ---, 
[44.167s][info][gc,stats    ] Concurrent Weak Roots               720 us
[44.167s][info][gc,stats    ]   Roots                             618 us, parallelism: 0.94x
[44.167s][info][gc,stats    ]     CWR: <total>                    578 us
[44.167s][info][gc,stats    ]     CWR: Code Cache Roots           459 us, workers (us): 459, ---, ---, 
[44.167s][info][gc,stats    ]     CWR: VM Weak Roots              113 us, workers (us): 113, ---, ---, 
[44.167s][info][gc,stats    ]     CWR: CLDG Roots                   6 us, workers (us):   6, ---, ---, 
[44.167s][info][gc,stats    ]   Rendezvous                         58 us
[44.167s][info][gc,stats    ] Concurrent Cleanup                   52 us
[44.167s][info][gc,stats    ] Concurrent Class Unloading         1806 us
[44.167s][info][gc,stats    ]   Unlink Stale                     1577 us
[44.167s][info][gc,stats    ]     System Dictionary                 3 us
[44.167s][info][gc,stats    ]     Weak Class Links                  0 us
[44.167s][info][gc,stats    ]     Code Roots                     1573 us
[44.167s][info][gc,stats    ]   Rendezvous                         58 us
[44.167s][info][gc,stats    ]   Purge Unlinked                    120 us
[44.167s][info][gc,stats    ]     Code Roots                      115 us
[44.167s][info][gc,stats    ]     CLDG                              5 us
[44.167s][info][gc,stats    ]     Exception Caches                  0 us
[44.167s][info][gc,stats    ] Pause Final Roots (G)               132 us
[44.167s][info][gc,stats    ] Pause Final Roots (N)                34 us
[44.167s][info][gc,stats    ] 
[44.167s][info][gc,stats    ] Allocation pacing accrued:
[44.167s][info][gc,stats    ]       0 of   935 ms (  0.0%): <total>
[44.167s][info][gc,stats    ]       0 of   935 ms (  0.0%): <average total>
[44.167s][info][gc,stats    ] 
[44.167s][info][gc,metaspace] Metaspace: 8928K(9152K)->8928K(9152K) NonClass: 7756K(7872K)->7756K(7872K) Class: 1171K(1280K)->1171K(1280K)
[44.167s][info][gc,ergo     ] Pacer for Idle. Initial: 163M, Alloc Tax Rate: 1.0x
[45.044s][info][gc          ] Trigger: Learning 3 of 5. Free (5728M) is below initial threshold (5734M)
[45.044s][info][gc,ergo     ] Free: 5728M, Max: 4096K regular, 5680M humongous, Frag: 1% external, 0% internal; Reserve: 412M, Max: 4096K
[45.044s][info][gc,start    ] GC(50) Concurrent reset
[45.044s][info][gc,task     ] GC(50) Using 1 of 3 workers for concurrent reset
[45.044s][info][gc,ergo     ] GC(50) Pacer for Reset. Non-Taxable: 8192M
[45.045s][info][gc          ] GC(50) Concurrent reset 0.694ms
[45.045s][info][gc,start    ] GC(50) Pause Init Mark (unload classes)
[45.045s][info][gc,task     ] GC(50) Using 3 of 3 workers for init marking
[45.045s][info][gc,ergo     ] GC(50) Pacer for Mark. Expected Live: 11987K, Free: 5728M, Non-Taxable: 572M, Alloc Tax Rate: 0.0x
[45.045s][info][gc          ] GC(50) Pause Init Mark (unload classes) 0.192ms
[45.045s][info][gc,start    ] GC(50) Concurrent marking roots
[45.045s][info][gc,task     ] GC(50) Using 1 of 3 workers for concurrent marking roots
[45.046s][info][gc          ] GC(50) Concurrent marking roots 0.418ms
[45.046s][info][gc,start    ] GC(50) Concurrent marking (unload classes)
[45.046s][info][gc,task     ] GC(50) Using 1 of 3 workers for concurrent marking
[45.067s][info][gc          ] GC(50) Concurrent marking (unload classes) 21.180ms
[45.067s][info][gc,start    ] GC(50) Pause Final Mark (unload classes)
[45.067s][info][gc,task     ] GC(50) Using 3 of 3 workers for final marking
[45.067s][info][gc,ergo     ] GC(50) Collectable Garbage: 1931M (94%), Immediate: 1931M (94%), CSet: 0B (0%)
[45.067s][info][gc          ] GC(50) Pause Final Mark (unload classes) 0.298ms
[45.067s][info][gc,start    ] GC(50) Concurrent weak references
[45.067s][info][gc,task     ] GC(50) Using 1 of 3 workers for concurrent weak references
[45.067s][info][gc,ref      ] GC(50) Encountered references: Soft: 144, Weak: 702, Final: 0, Phantom: 27
[45.067s][info][gc,ref      ] GC(50) Discovered  references: Soft: 0, Weak: 150, Final: 0, Phantom: 12
[45.067s][info][gc,ref      ] GC(50) Enqueued    references: Soft: 0, Weak: 0, Final: 0, Phantom: 0
[45.067s][info][gc          ] GC(50) Concurrent weak references 0.112ms
[45.067s][info][gc,start    ] GC(50) Concurrent weak roots
[45.067s][info][gc,task     ] GC(50) Using 1 of 3 workers for concurrent weak root
[45.068s][info][gc          ] GC(50) Concurrent weak roots 0.537ms
[45.068s][info][gc,start    ] GC(50) Concurrent cleanup
[45.068s][info][gc          ] GC(50) Concurrent cleanup 2099M->167M(8192M) 0.041ms
[45.068s][info][gc,ergo     ] GC(50) Free: 7612M, Max: 4096K regular, 5728M humongous, Frag: 25% external, 0% internal; Reserve: 412M, Max: 4096K
[45.068s][info][gc,start    ] GC(50) Concurrent class unloading
[45.068s][info][gc,task     ] GC(50) Using 1 of 3 workers for concurrent class unloading
[45.070s][info][gc          ] GC(50) Concurrent class unloading 1.773ms
[45.070s][info][gc,start    ] GC(50) Pause Final Roots
[45.070s][info][gc          ] GC(50) Pause Final Roots 0.023ms
[45.070s][info][gc,ergo     ] Free: 7608M, Max: 4096K regular, 5728M humongous, Frag: 25% external, 0% internal; Reserve: 412M, Max: 4096K
[45.070s][info][gc,stats    ] 
[45.070s][info][gc,stats    ] All times are wall-clock times, except per-root-class counters, that are sum over
[45.070s][info][gc,stats    ] all workers. Dividing the <total> over the root stage time estimates parallelism.
[45.070s][info][gc,stats    ] 
[45.070s][info][gc,stats    ] Concurrent Reset                    763 us
[45.070s][info][gc,stats    ] Pause Init Mark (G)                 408 us
[45.070s][info][gc,stats    ] Pause Init Mark (N)                 214 us
[45.070s][info][gc,stats    ]   Update Region States               80 us
[45.070s][info][gc,stats    ] Concurrent Mark Roots               435 us, parallelism: 0.79x
[45.070s][info][gc,stats    ]   CMR: <total>                      346 us
[45.070s][info][gc,stats    ]   CMR: Thread Roots                 303 us, workers (us): 303, ---, ---, 
[45.070s][info][gc,stats    ]   CMR: VM Strong Roots                5 us, workers (us):   5, ---, ---, 
[45.070s][info][gc,stats    ]   CMR: CLDG Roots                    37 us, workers (us):  37, ---, ---, 
[45.070s][info][gc,stats    ] Concurrent Marking                21247 us
[45.070s][info][gc,stats    ] Pause Final Mark (G)                437 us
[45.070s][info][gc,stats    ] Pause Final Mark (N)                317 us
[45.070s][info][gc,stats    ]   Finish Mark                       100 us
[45.070s][info][gc,stats    ]   Update Region States               51 us
[45.070s][info][gc,stats    ]   Choose Collection Set              61 us
[45.070s][info][gc,stats    ]   Rebuild Free Set                   17 us
[45.070s][info][gc,stats    ] Concurrent Weak References          120 us, parallelism: 0.04x
[45.070s][info][gc,stats    ]   CWRF: <total>                       4 us
[45.070s][info][gc,stats    ]   CWRF: Weak References               4 us, workers (us):   4, ---, ---, 
[45.070s][info][gc,stats    ] Concurrent Weak Roots               556 us
[45.070s][info][gc,stats    ]   Roots                             440 us, parallelism: 0.92x
[45.070s][info][gc,stats    ]     CWR: <total>                    405 us
[45.070s][info][gc,stats    ]     CWR: Code Cache Roots           336 us, workers (us): 336, ---, ---, 
[45.070s][info][gc,stats    ]     CWR: VM Weak Roots               64 us, workers (us):  64, ---, ---, 
[45.070s][info][gc,stats    ]     CWR: CLDG Roots                   5 us, workers (us):   5, ---, ---, 
[45.070s][info][gc,stats    ]   Rendezvous                         82 us
[45.070s][info][gc,stats    ] Concurrent Cleanup                   49 us
[45.070s][info][gc,stats    ] Concurrent Class Unloading         1807 us
[45.070s][info][gc,stats    ]   Unlink Stale                     1578 us
[45.070s][info][gc,stats    ]     System Dictionary                 3 us
[45.070s][info][gc,stats    ]     Weak Class Links                  0 us
[45.070s][info][gc,stats    ]     Code Roots                     1574 us
[45.070s][info][gc,stats    ]   Rendezvous                         58 us
[45.070s][info][gc,stats    ]   Purge Unlinked                    120 us
[45.070s][info][gc,stats    ]     Code Roots                      115 us
[45.070s][info][gc,stats    ]     CLDG                              4 us
[45.070s][info][gc,stats    ]     Exception Caches                  0 us
[45.070s][info][gc,stats    ] Pause Final Roots (G)               111 us
[45.070s][info][gc,stats    ] Pause Final Roots (N)                31 us
[45.070s][info][gc,stats    ] 
[45.070s][info][gc,stats    ] Allocation pacing accrued:
[45.070s][info][gc,stats    ]       0 of   903 ms (  0.0%): <total>
[45.070s][info][gc,stats    ]       0 of   903 ms (  0.0%): <average total>
[45.070s][info][gc,stats    ] 
[45.070s][info][gc,metaspace] Metaspace: 8928K(9152K)->8928K(9152K) NonClass: 7756K(7872K)->7756K(7872K) Class: 1171K(1280K)->1171K(1280K)
[45.070s][info][gc,ergo     ] Pacer for Idle. Initial: 163M, Alloc Tax Rate: 1.0x
[45.970s][info][gc          ] Trigger: Learning 4 of 5. Free (5724M) is below initial threshold (5734M)
[45.970s][info][gc,ergo     ] Free: 5724M, Max: 4096K regular, 5724M humongous, Frag: 0% external, 0% internal; Reserve: 412M, Max: 4096K
[45.970s][info][gc,start    ] GC(51) Concurrent reset
[45.970s][info][gc,task     ] GC(51) Using 1 of 3 workers for concurrent reset
[45.970s][info][gc,ergo     ] GC(51) Pacer for Reset. Non-Taxable: 8192M
[45.971s][info][gc          ] GC(51) Concurrent reset 0.826ms
[45.971s][info][gc,start    ] GC(51) Pause Init Mark (unload classes)
[45.971s][info][gc,task     ] GC(51) Using 3 of 3 workers for init marking
[45.971s][info][gc,ergo     ] GC(51) Pacer for Mark. Expected Live: 13198K, Free: 5724M, Non-Taxable: 572M, Alloc Tax Rate: 0.0x
[45.971s][info][gc          ] GC(51) Pause Init Mark (unload classes) 0.161ms
[45.972s][info][gc,start    ] GC(51) Concurrent marking roots
[45.972s][info][gc,task     ] GC(51) Using 1 of 3 workers for concurrent marking roots
[45.972s][info][gc          ] GC(51) Concurrent marking roots 0.447ms
[45.972s][info][gc,start    ] GC(51) Concurrent marking (unload classes)
[45.972s][info][gc,task     ] GC(51) Using 1 of 3 workers for concurrent marking
[46.002s][info][gc          ] GC(51) Concurrent marking (unload classes) 30.302ms
[46.002s][info][gc,start    ] GC(51) Pause Final Mark (unload classes)
[46.002s][info][gc,task     ] GC(51) Using 3 of 3 workers for final marking
[46.003s][info][gc,ergo     ] GC(51) Collectable Garbage: 1943M (95%), Immediate: 1943M (95%), CSet: 0B (0%)
[46.003s][info][gc          ] GC(51) Pause Final Mark (unload classes) 0.318ms
[46.003s][info][gc,start    ] GC(51) Concurrent weak references
[46.003s][info][gc,task     ] GC(51) Using 1 of 3 workers for concurrent weak references
[46.003s][info][gc,ref      ] GC(51) Encountered references: Soft: 144, Weak: 702, Final: 0, Phantom: 27
[46.003s][info][gc,ref      ] GC(51) Discovered  references: Soft: 0, Weak: 150, Final: 0, Phantom: 12
[46.003s][info][gc,ref      ] GC(51) Enqueued    references: Soft: 0, Weak: 0, Final: 0, Phantom: 0
[46.003s][info][gc          ] GC(51) Concurrent weak references 0.189ms
[46.003s][info][gc,start    ] GC(51) Concurrent weak roots
[46.003s][info][gc,task     ] GC(51) Using 1 of 3 workers for concurrent weak root
[46.004s][info][gc          ] GC(51) Concurrent weak roots 0.545ms
[46.004s][info][gc,start    ] GC(51) Concurrent cleanup
[46.004s][info][gc          ] GC(51) Concurrent cleanup 2123M->179M(8192M) 0.041ms
[46.004s][info][gc,ergo     ] GC(51) Free: 7600M, Max: 4096K regular, 5656M humongous, Frag: 26% external, 0% internal; Reserve: 412M, Max: 4096K
[46.004s][info][gc,start    ] GC(51) Concurrent class unloading
[46.004s][info][gc,task     ] GC(51) Using 1 of 3 workers for concurrent class unloading
[46.006s][info][gc          ] GC(51) Concurrent class unloading 2.168ms
[46.006s][info][gc,start    ] GC(51) Pause Final Roots
[46.006s][info][gc          ] GC(51) Pause Final Roots 0.041ms
[46.006s][info][gc,ergo     ] Free: 7596M, Max: 4096K regular, 5656M humongous, Frag: 26% external, 0% internal; Reserve: 412M, Max: 4096K
[46.006s][info][gc,stats    ] 
[46.006s][info][gc,stats    ] All times are wall-clock times, except per-root-class counters, that are sum over
[46.006s][info][gc,stats    ] all workers. Dividing the <total> over the root stage time estimates parallelism.
[46.006s][info][gc,stats    ] 
[46.006s][info][gc,stats    ] Concurrent Reset                    887 us
[46.006s][info][gc,stats    ] Pause Init Mark (G)                 329 us
[46.006s][info][gc,stats    ] Pause Init Mark (N)                 177 us
[46.006s][info][gc,stats    ]   Update Region States               75 us
[46.006s][info][gc,stats    ] Concurrent Mark Roots               464 us, parallelism: 0.74x
[46.006s][info][gc,stats    ]   CMR: <total>                      344 us
[46.006s][info][gc,stats    ]   CMR: Thread Roots                 298 us, workers (us): 298, ---, ---, 
[46.006s][info][gc,stats    ]   CMR: VM Strong Roots                6 us, workers (us):   6, ---, ---, 
[46.006s][info][gc,stats    ]   CMR: CLDG Roots                    40 us, workers (us):  40, ---, ---, 
[46.006s][info][gc,stats    ] Concurrent Marking                30367 us
[46.006s][info][gc,stats    ] Pause Final Mark (G)                478 us
[46.006s][info][gc,stats    ] Pause Final Mark (N)                337 us
[46.006s][info][gc,stats    ]   Finish Mark                       101 us
[46.006s][info][gc,stats    ]   Update Region States               66 us
[46.006s][info][gc,stats    ]   Choose Collection Set              62 us
[46.006s][info][gc,stats    ]   Rebuild Free Set                   16 us
[46.006s][info][gc,stats    ] Concurrent Weak References          197 us, parallelism: 0.04x
[46.006s][info][gc,stats    ]   CWRF: <total>                       7 us
[46.006s][info][gc,stats    ]   CWRF: Weak References               7 us, workers (us):   7, ---, ---, 
[46.006s][info][gc,stats    ] Concurrent Weak Roots               563 us
[46.007s][info][gc,stats    ]   Roots                             446 us, parallelism: 0.92x
[46.007s][info][gc,stats    ]     CWR: <total>                    411 us
[46.007s][info][gc,stats    ]     CWR: Code Cache Roots           343 us, workers (us): 343, ---, ---, 
[46.007s][info][gc,stats    ]     CWR: VM Weak Roots               63 us, workers (us):  63, ---, ---, 
[46.007s][info][gc,stats    ]     CWR: CLDG Roots                   5 us, workers (us):   5, ---, ---, 
[46.007s][info][gc,stats    ]   Rendezvous                         82 us
[46.007s][info][gc,stats    ] Concurrent Cleanup                   49 us
[46.007s][info][gc,stats    ] Concurrent Class Unloading         2215 us
[46.007s][info][gc,stats    ]   Unlink Stale                     1958 us
[46.007s][info][gc,stats    ]     System Dictionary                 3 us
[46.007s][info][gc,stats    ]     Weak Class Links                  0 us
[46.007s][info][gc,stats    ]     Code Roots                     1954 us
[46.007s][info][gc,stats    ]   Rendezvous                         92 us
[46.007s][info][gc,stats    ]   Purge Unlinked                    101 us
[46.007s][info][gc,stats    ]     Code Roots                       92 us
[46.007s][info][gc,stats    ]     CLDG                              8 us
[46.007s][info][gc,stats    ]     Exception Caches                  0 us
[46.007s][info][gc,stats    ] Pause Final Roots (G)               165 us
[46.007s][info][gc,stats    ] Pause Final Roots (N)                58 us
[46.007s][info][gc,stats    ] 
[46.007s][info][gc,stats    ] Allocation pacing accrued:
[46.007s][info][gc,stats    ]       0 of   936 ms (  0.0%): <total>
[46.007s][info][gc,stats    ]       0 of   936 ms (  0.0%): <average total>
[46.007s][info][gc,stats    ] 
[46.007s][info][gc,metaspace] Metaspace: 8928K(9152K)->8928K(9152K) NonClass: 7756K(7872K)->7756K(7872K) Class: 1171K(1280K)->1171K(1280K)
[46.007s][info][gc,ergo     ] Pacer for Idle. Initial: 163M, Alloc Tax Rate: 1.0x
[46.692s][info][gc          ] Trigger: Explicit GC request (System.gc())
[46.692s][info][gc,ergo     ] Free: 6744M, Max: 4096K regular, 5656M humongous, Frag: 17% external, 0% internal; Reserve: 412M, Max: 4096K
[46.692s][info][gc,start    ] GC(52) Concurrent reset
[46.692s][info][gc,task     ] GC(52) Using 1 of 3 workers for concurrent reset
[46.692s][info][gc,ergo     ] GC(52) Pacer for Reset. Non-Taxable: 8192M
[46.693s][info][gc          ] GC(52) Concurrent reset 0.695ms
[46.693s][info][gc,start    ] GC(52) Pause Init Mark (unload classes)
[46.693s][info][gc,task     ] GC(52) Using 3 of 3 workers for init marking
[46.693s][info][gc,ref      ] GC(52) Clearing All SoftReferences
[46.693s][info][gc,ergo     ] GC(52) Pacer for Mark. Expected Live: 14480K, Free: 6744M, Non-Taxable: 674M, Alloc Tax Rate: 0.0x
[46.693s][info][gc          ] GC(52) Pause Init Mark (unload classes) 0.126ms
[46.693s][info][gc,start    ] GC(52) Concurrent marking roots
[46.693s][info][gc,task     ] GC(52) Using 1 of 3 workers for concurrent marking roots
[46.693s][info][gc          ] GC(52) Concurrent marking roots 0.479ms
[46.693s][info][gc,start    ] GC(52) Concurrent marking (unload classes)
[46.693s][info][gc,task     ] GC(52) Using 1 of 3 workers for concurrent marking
[46.697s][info][gc          ] GC(52) Concurrent marking (unload classes) 3.432ms
[46.697s][info][gc,start    ] GC(52) Pause Final Mark (unload classes)
[46.697s][info][gc,task     ] GC(52) Using 3 of 3 workers for final marking
[46.697s][info][gc,ergo     ] GC(52) Collectable Garbage: 971M (94%), Immediate: 971M (94%), CSet: 0B (0%)
[46.697s][info][gc          ] GC(52) Pause Final Mark (unload classes) 0.214ms
[46.697s][info][gc,start    ] GC(52) Concurrent weak references
[46.697s][info][gc,task     ] GC(52) Using 1 of 3 workers for concurrent weak references
[46.697s][info][gc,ref      ] GC(52) Encountered references: Soft: 144, Weak: 702, Final: 0, Phantom: 27
[46.697s][info][gc,ref      ] GC(52) Discovered  references: Soft: 89, Weak: 168, Final: 0, Phantom: 25
[46.697s][info][gc,ref      ] GC(52) Enqueued    references: Soft: 3, Weak: 0, Final: 0, Phantom: 0
[46.697s][info][gc          ] GC(52) Concurrent weak references 0.176ms
[46.697s][info][gc,start    ] GC(52) Concurrent weak roots
[46.697s][info][gc,task     ] GC(52) Using 1 of 3 workers for concurrent weak root
[46.698s][info][gc          ] GC(52) Concurrent weak roots 0.682ms
[46.698s][info][gc,start    ] GC(52) Concurrent cleanup
[46.698s][info][gc          ] GC(52) Concurrent cleanup 1035M->63M(8192M) 0.035ms
[46.698s][info][gc,ergo     ] GC(52) Free: 7716M, Max: 4096K regular, 6848M humongous, Frag: 12% external, 0% internal; Reserve: 412M, Max: 4096K
[46.698s][info][gc,start    ] GC(52) Concurrent class unloading
[46.698s][info][gc,task     ] GC(52) Using 1 of 3 workers for concurrent class unloading
[46.701s][info][gc          ] GC(52) Concurrent class unloading 2.438ms
[46.701s][info][gc,start    ] GC(52) Pause Final Roots
[46.701s][info][gc          ] GC(52) Pause Final Roots 0.021ms
[46.701s][info][gc,ergo     ] Free: 7716M, Max: 4096K regular, 6848M humongous, Frag: 12% external, 0% internal; Reserve: 412M, Max: 4096K
[46.701s][info][gc,stats    ] 
[46.701s][info][gc,stats    ] All times are wall-clock times, except per-root-class counters, that are sum over
[46.701s][info][gc,stats    ] all workers. Dividing the <total> over the root stage time estimates parallelism.
[46.701s][info][gc,stats    ] 
[46.701s][info][gc,stats    ] Concurrent Reset                    754 us
[46.701s][info][gc,stats    ] Pause Init Mark (G)                 236 us
[46.701s][info][gc,stats    ] Pause Init Mark (N)                 135 us
[46.701s][info][gc,stats    ]   Update Region States               67 us
[46.701s][info][gc,stats    ] Concurrent Mark Roots               505 us, parallelism: 0.67x
[46.701s][info][gc,stats    ]   CMR: <total>                      340 us
[46.701s][info][gc,stats    ]   CMR: Thread Roots                 293 us, workers (us): 293, ---, ---, 
[46.701s][info][gc,stats    ]   CMR: VM Strong Roots                5 us, workers (us):   5, ---, ---, 
[46.701s][info][gc,stats    ]   CMR: CLDG Roots                    41 us, workers (us):  41, ---, ---, 
[46.701s][info][gc,stats    ] Concurrent Marking                 3501 us
[46.701s][info][gc,stats    ] Pause Final Mark (G)                293 us
[46.701s][info][gc,stats    ] Pause Final Mark (N)                223 us
[46.701s][info][gc,stats    ]   Finish Mark                        87 us
[46.701s][info][gc,stats    ]   Update Region States               52 us
[46.701s][info][gc,stats    ]   Choose Collection Set              32 us
[46.701s][info][gc,stats    ]   Rebuild Free Set                    8 us
[46.701s][info][gc,stats    ] Concurrent Weak References          193 us, parallelism: 0.05x
[46.701s][info][gc,stats    ]   CWRF: <total>                      10 us
[46.701s][info][gc,stats    ]   CWRF: Weak References              10 us, workers (us):  10, ---, ---, 
[46.701s][info][gc,stats    ] Concurrent Weak Roots               702 us
[46.701s][info][gc,stats    ]   Roots                             548 us, parallelism: 0.86x
[46.701s][info][gc,stats    ]     CWR: <total>                    472 us
[46.701s][info][gc,stats    ]     CWR: Code Cache Roots           352 us, workers (us): 352, ---, ---, 
[46.701s][info][gc,stats    ]     CWR: VM Weak Roots              114 us, workers (us): 114, ---, ---, 
[46.701s][info][gc,stats    ]     CWR: CLDG Roots                   6 us, workers (us):   6, ---, ---, 
[46.701s][info][gc,stats    ]   Rendezvous                        102 us
[46.701s][info][gc,stats    ] Concurrent Cleanup                   43 us
[46.701s][info][gc,stats    ] Concurrent Class Unloading         2500 us
[46.701s][info][gc,stats    ]   Unlink Stale                     2004 us
[46.701s][info][gc,stats    ]     System Dictionary                 3 us
[46.701s][info][gc,stats    ]     Weak Class Links                  0 us
[46.701s][info][gc,stats    ]     Code Roots                     2000 us
[46.701s][info][gc,stats    ]   Rendezvous                        213 us
[46.701s][info][gc,stats    ]   Purge Unlinked                    201 us
[46.701s][info][gc,stats    ]     Code Roots                      189 us
[46.701s][info][gc,stats    ]     CLDG                             11 us
[46.701s][info][gc,stats    ]     Exception Caches                  0 us
[46.701s][info][gc,stats    ] Pause Final Roots (G)                84 us
[46.701s][info][gc,stats    ] Pause Final Roots (N)                29 us
[46.701s][info][gc,stats    ] 
[46.701s][info][gc,stats    ] Allocation pacing accrued:
[46.701s][info][gc,stats    ]       0 of   695 ms (  0.0%): <total>
[46.701s][info][gc,stats    ]       0 of   695 ms (  0.0%): <average total>
[46.701s][info][gc,stats    ] 
[46.701s][info][gc,metaspace] Metaspace: 8930K(9152K)->8930K(9152K) NonClass: 7758K(7872K)->7758K(7872K) Class: 1171K(1280K)->1171K(1280K)
[46.701s][info][gc,ergo     ] Pacer for Idle. Initial: 163M, Alloc Tax Rate: 1.0x
[47.618s][info][gc          ] Trigger: Learning 2 of 5. Free (5720M) is below initial threshold (5734M)
[47.618s][info][gc,ergo     ] Free: 5720M, Max: 4096K regular, 5720M humongous, Frag: 0% external, 0% internal; Reserve: 412M, Max: 4096K
[47.618s][info][gc,start    ] GC(53) Concurrent reset
[47.618s][info][gc,task     ] GC(53) Using 1 of 3 workers for concurrent reset
[47.618s][info][gc,ergo     ] GC(53) Pacer for Reset. Non-Taxable: 8192M
[47.619s][info][gc          ] GC(53) Concurrent reset 0.702ms
[47.619s][info][gc,start    ] GC(53) Pause Init Mark (unload classes)
[47.619s][info][gc,task     ] GC(53) Using 3 of 3 workers for init marking
[47.619s][info][gc,ergo     ] GC(53) Pacer for Mark. Expected Live: 10700K, Free: 5720M, Non-Taxable: 572M, Alloc Tax Rate: 0.0x
[47.619s][info][gc          ] GC(53) Pause Init Mark (unload classes) 0.183ms
[47.619s][info][gc,start    ] GC(53) Concurrent marking roots
[47.619s][info][gc,task     ] GC(53) Using 1 of 3 workers for concurrent marking roots
[47.620s][info][gc          ] GC(53) Concurrent marking roots 0.496ms
[47.620s][info][gc,start    ] GC(53) Concurrent marking (unload classes)
[47.620s][info][gc,task     ] GC(53) Using 1 of 3 workers for concurrent marking
[47.633s][info][gc          ] GC(53) Concurrent marking (unload classes) 13.179ms
[47.633s][info][gc,start    ] GC(53) Pause Final Mark (unload classes)
[47.633s][info][gc,task     ] GC(53) Using 3 of 3 workers for final marking
[47.633s][info][gc,ergo     ] GC(53) Collectable Garbage: 1960M (95%), Immediate: 1960M (95%), CSet: 0B (0%)
[47.633s][info][gc          ] GC(53) Pause Final Mark (unload classes) 0.229ms
[47.633s][info][gc,start    ] GC(53) Concurrent weak references
[47.633s][info][gc,task     ] GC(53) Using 1 of 3 workers for concurrent weak references
[47.633s][info][gc,ref      ] GC(53) Encountered references: Soft: 144, Weak: 702, Final: 0, Phantom: 27
[47.633s][info][gc,ref      ] GC(53) Discovered  references: Soft: 0, Weak: 150, Final: 0, Phantom: 12
[47.633s][info][gc,ref      ] GC(53) Enqueued    references: Soft: 0, Weak: 0, Final: 0, Phantom: 0
[47.633s][info][gc          ] GC(53) Concurrent weak references 0.113ms
[47.633s][info][gc,start    ] GC(53) Concurrent weak roots
[47.633s][info][gc,task     ] GC(53) Using 1 of 3 workers for concurrent weak root
[47.634s][info][gc          ] GC(53) Concurrent weak roots 0.757ms
[47.634s][info][gc,start    ] GC(53) Concurrent cleanup
[47.634s][info][gc          ] GC(53) Concurrent cleanup 2091M->131M(8192M) 0.067ms
[47.634s][info][gc,ergo     ] GC(53) Free: 7648M, Max: 4096K regular, 5688M humongous, Frag: 26% external, 0% internal; Reserve: 412M, Max: 4096K
[47.634s][info][gc,start    ] GC(53) Concurrent class unloading
[47.634s][info][gc,task     ] GC(53) Using 1 of 3 workers for concurrent class unloading
[47.636s][info][gc          ] GC(53) Concurrent class unloading 1.914ms
[47.636s][info][gc,start    ] GC(53) Pause Final Roots
[47.636s][info][gc          ] GC(53) Pause Final Roots 0.052ms
[47.636s][info][gc,ergo     ] Free: 7644M, Max: 4096K regular, 5688M humongous, Frag: 26% external, 0% internal; Reserve: 412M, Max: 4096K
[47.637s][info][gc,stats    ] 
[47.637s][info][gc,stats    ] All times are wall-clock times, except per-root-class counters, that are sum over
[47.637s][info][gc,stats    ] all workers. Dividing the <total> over the root stage time estimates parallelism.
[47.637s][info][gc,stats    ] 
[47.637s][info][gc,stats    ] Concurrent Reset                    779 us
[47.637s][info][gc,stats    ] Pause Init Mark (G)                 386 us
[47.637s][info][gc,stats    ] Pause Init Mark (N)                 201 us
[47.637s][info][gc,stats    ]   Update Region States               67 us
[47.637s][info][gc,stats    ] Concurrent Mark Roots               535 us, parallelism: 0.67x
[47.637s][info][gc,stats    ]   CMR: <total>                      356 us
[47.637s][info][gc,stats    ]   CMR: Thread Roots                 309 us, workers (us): 309, ---, ---, 
[47.637s][info][gc,stats    ]   CMR: VM Strong Roots                6 us, workers (us):   6, ---, ---, 
[47.637s][info][gc,stats    ]   CMR: CLDG Roots                    42 us, workers (us):  42, ---, ---, 
[47.637s][info][gc,stats    ] Concurrent Marking                13248 us
[47.637s][info][gc,stats    ] Pause Final Mark (G)                362 us
[47.637s][info][gc,stats    ] Pause Final Mark (N)                240 us
[47.637s][info][gc,stats    ]   Finish Mark                        79 us
[47.637s][info][gc,stats    ]   Update Region States               33 us
[47.637s][info][gc,stats    ]   Choose Collection Set              64 us
[47.637s][info][gc,stats    ]   Rebuild Free Set                    8 us
[47.637s][info][gc,stats    ] Concurrent Weak References          120 us, parallelism: 0.10x
[47.637s][info][gc,stats    ]   CWRF: <total>                      12 us
[47.637s][info][gc,stats    ]   CWRF: Weak References              12 us, workers (us):  12, ---, ---, 
[47.637s][info][gc,stats    ] Concurrent Weak Roots               776 us
[47.637s][info][gc,stats    ]   Roots                             649 us, parallelism: 0.92x
[47.637s][info][gc,stats    ]     CWR: <total>                    596 us
[47.637s][info][gc,stats    ]     CWR: Code Cache Roots           469 us, workers (us): 469, ---, ---, 
[47.637s][info][gc,stats    ]     CWR: VM Weak Roots              120 us, workers (us): 120, ---, ---, 
[47.637s][info][gc,stats    ]     CWR: CLDG Roots                   7 us, workers (us):   7, ---, ---, 
[47.637s][info][gc,stats    ]   Rendezvous                         94 us
[47.637s][info][gc,stats    ] Concurrent Cleanup                   75 us
[47.637s][info][gc,stats    ] Concurrent Class Unloading         1938 us
[47.637s][info][gc,stats    ]   Unlink Stale                     1751 us
[47.637s][info][gc,stats    ]     System Dictionary                 4 us
[47.637s][info][gc,stats    ]     Weak Class Links                  0 us
[47.637s][info][gc,stats    ]     Code Roots                     1745 us
[47.637s][info][gc,stats    ]   Rendezvous                         77 us
[47.637s][info][gc,stats    ]   Purge Unlinked                     71 us
[47.637s][info][gc,stats    ]     Code Roots                       66 us
[47.637s][info][gc,stats    ]     CLDG                              5 us
[47.637s][info][gc,stats    ]     Exception Caches                  0 us
[47.637s][info][gc,stats    ] Pause Final Roots (G)               131 us
[47.637s][info][gc,stats    ] Pause Final Roots (N)                62 us
[47.637s][info][gc,stats    ] 
[47.637s][info][gc,stats    ] Allocation pacing accrued:
[47.637s][info][gc,stats    ]       0 of   936 ms (  0.0%): <total>
[47.637s][info][gc,stats    ]       0 of   936 ms (  0.0%): <average total>
[47.637s][info][gc,stats    ] 
[47.637s][info][gc,metaspace] Metaspace: 8932K(9152K)->8932K(9152K) NonClass: 7760K(7872K)->7760K(7872K) Class: 1171K(1280K)->1171K(1280K)
[47.637s][info][gc,ergo     ] Pacer for Idle. Initial: 163M, Alloc Tax Rate: 1.0x
[48.513s][info][gc          ] Trigger: Learning 3 of 5. Free (5732M) is below initial threshold (5734M)
[48.513s][info][gc,ergo     ] Free: 5732M, Max: 4096K regular, 5688M humongous, Frag: 1% external, 0% internal; Reserve: 412M, Max: 4096K
[48.513s][info][gc,start    ] GC(54) Concurrent reset
[48.513s][info][gc,task     ] GC(54) Using 1 of 3 workers for concurrent reset
[48.513s][info][gc,ergo     ] GC(54) Pacer for Reset. Non-Taxable: 8192M
[48.514s][info][gc          ] GC(54) Concurrent reset 0.663ms
[48.514s][info][gc,start    ] GC(54) Pause Init Mark (unload classes)
[48.514s][info][gc,task     ] GC(54) Using 3 of 3 workers for init marking
[48.514s][info][gc,ergo     ] GC(54) Pacer for Mark. Expected Live: 11999K, Free: 5732M, Non-Taxable: 573M, Alloc Tax Rate: 0.0x
[48.514s][info][gc          ] GC(54) Pause Init Mark (unload classes) 0.149ms
[48.514s][info][gc,start    ] GC(54) Concurrent marking roots
[48.514s][info][gc,task     ] GC(54) Using 1 of 3 workers for concurrent marking roots
[48.514s][info][gc          ] GC(54) Concurrent marking roots 0.423ms
[48.514s][info][gc,start    ] GC(54) Concurrent marking (unload classes)
[48.514s][info][gc,task     ] GC(54) Using 1 of 3 workers for concurrent marking
[48.536s][info][gc          ] GC(54) Concurrent marking (unload classes) 21.071ms
[48.536s][info][gc,start    ] GC(54) Pause Final Mark (unload classes)
[48.536s][info][gc,task     ] GC(54) Using 3 of 3 workers for final marking
[48.536s][info][gc,ergo     ] GC(54) Collectable Garbage: 1928M (94%), Immediate: 1928M (94%), CSet: 0B (0%)
[48.536s][info][gc          ] GC(54) Pause Final Mark (unload classes) 0.315ms
[48.536s][info][gc,start    ] GC(54) Concurrent weak references
[48.536s][info][gc,task     ] GC(54) Using 1 of 3 workers for concurrent weak references
[48.536s][info][gc,ref      ] GC(54) Encountered references: Soft: 144, Weak: 702, Final: 0, Phantom: 27
[48.536s][info][gc,ref      ] GC(54) Discovered  references: Soft: 0, Weak: 150, Final: 0, Phantom: 25
[48.536s][info][gc,ref      ] GC(54) Enqueued    references: Soft: 0, Weak: 0, Final: 0, Phantom: 0
[48.536s][info][gc          ] GC(54) Concurrent weak references 0.141ms
[48.536s][info][gc,start    ] GC(54) Concurrent weak roots
[48.536s][info][gc,task     ] GC(54) Using 1 of 3 workers for concurrent weak root
[48.537s][info][gc          ] GC(54) Concurrent weak roots 0.650ms
[48.537s][info][gc,start    ] GC(54) Concurrent cleanup
[48.537s][info][gc          ] GC(54) Concurrent cleanup 2095M->167M(8192M) 0.041ms
[48.537s][info][gc,ergo     ] GC(54) Free: 7612M, Max: 4096K regular, 5684M humongous, Frag: 26% external, 0% internal; Reserve: 412M, Max: 4096K
[48.537s][info][gc,start    ] GC(54) Concurrent class unloading
[48.537s][info][gc,task     ] GC(54) Using 1 of 3 workers for concurrent class unloading
[48.539s][info][gc          ] GC(54) Concurrent class unloading 1.704ms
[48.539s][info][gc,start    ] GC(54) Pause Final Roots
[48.539s][info][gc          ] GC(54) Pause Final Roots 0.023ms
[48.539s][info][gc,ergo     ] Free: 7608M, Max: 4096K regular, 5684M humongous, Frag: 26% external, 0% internal; Reserve: 412M, Max: 4096K
[48.539s][info][gc,stats    ] 
[48.539s][info][gc,stats    ] All times are wall-clock times, except per-root-class counters, that are sum over
[48.539s][info][gc,stats    ] all workers. Dividing the <total> over the root stage time estimates parallelism.
[48.539s][info][gc,stats    ] 
[48.539s][info][gc,stats    ] Concurrent Reset                    731 us
[48.539s][info][gc,stats    ] Pause Init Mark (G)                 316 us
[48.539s][info][gc,stats    ] Pause Init Mark (N)                 166 us
[48.539s][info][gc,stats    ]   Update Region States               51 us
[48.539s][info][gc,stats    ] Concurrent Mark Roots               440 us, parallelism: 0.80x
[48.539s][info][gc,stats    ]   CMR: <total>                      353 us
[48.539s][info][gc,stats    ]   CMR: Thread Roots                 312 us, workers (us): 312, ---, ---, 
[48.539s][info][gc,stats    ]   CMR: VM Strong Roots                5 us, workers (us):   5, ---, ---, 
[48.539s][info][gc,stats    ]   CMR: CLDG Roots                    36 us, workers (us):  36, ---, ---, 
[48.539s][info][gc,stats    ] Concurrent Marking                21138 us
[48.539s][info][gc,stats    ] Pause Final Mark (G)                457 us
[48.539s][info][gc,stats    ] Pause Final Mark (N)                335 us
[48.539s][info][gc,stats    ]   Finish Mark                       108 us
[48.539s][info][gc,stats    ]   Update Region States               59 us
[48.539s][info][gc,stats    ]   Choose Collection Set              61 us
[48.539s][info][gc,stats    ]   Rebuild Free Set                   16 us
[48.539s][info][gc,stats    ] Concurrent Weak References          148 us, parallelism: 0.03x
[48.539s][info][gc,stats    ]   CWRF: <total>                       5 us
[48.539s][info][gc,stats    ]   CWRF: Weak References               5 us, workers (us):   5, ---, ---, 
[48.539s][info][gc,stats    ] Concurrent Weak Roots               668 us
[48.539s][info][gc,stats    ]   Roots                             551 us, parallelism: 0.92x
[48.539s][info][gc,stats    ]     CWR: <total>                    509 us
[48.539s][info][gc,stats    ]     CWR: Code Cache Roots           390 us, workers (us): 390, ---, ---, 
[48.539s][info][gc,stats    ]     CWR: VM Weak Roots              113 us, workers (us): 113, ---, ---, 
[48.539s][info][gc,stats    ]     CWR: CLDG Roots                   6 us, workers (us):   6, ---, ---, 
[48.539s][info][gc,stats    ]   Rendezvous                         84 us
[48.539s][info][gc,stats    ] Concurrent Cleanup                   49 us
[48.539s][info][gc,stats    ] Concurrent Class Unloading         1734 us
[48.539s][info][gc,stats    ]   Unlink Stale                     1563 us
[48.539s][info][gc,stats    ]     System Dictionary                 3 us
[48.539s][info][gc,stats    ]     Weak Class Links                  0 us
[48.539s][info][gc,stats    ]     Code Roots                     1560 us
[48.539s][info][gc,stats    ]   Rendezvous                         56 us
[48.540s][info][gc,stats    ]   Purge Unlinked                     68 us
[48.540s][info][gc,stats    ]     Code Roots                       63 us
[48.540s][info][gc,stats    ]     CLDG                              5 us
[48.540s][info][gc,stats    ]     Exception Caches                  0 us
[48.540s][info][gc,stats    ] Pause Final Roots (G)               112 us
[48.540s][info][gc,stats    ] Pause Final Roots (N)                31 us
[48.540s][info][gc,stats    ] 
[48.540s][info][gc,stats    ] Allocation pacing accrued:
[48.540s][info][gc,stats    ]       0 of   902 ms (  0.0%): <total>
[48.540s][info][gc,stats    ]       0 of   902 ms (  0.0%): <average total>
[48.540s][info][gc,stats    ] 
[48.540s][info][gc,metaspace] Metaspace: 8932K(9152K)->8932K(9152K) NonClass: 7760K(7872K)->7760K(7872K) Class: 1171K(1280K)->1171K(1280K)
[48.540s][info][gc,ergo     ] Pacer for Idle. Initial: 163M, Alloc Tax Rate: 1.0x
[49.440s][info][gc          ] Trigger: Learning 4 of 5. Free (5724M) is below initial threshold (5734M)
[49.440s][info][gc,ergo     ] Free: 5724M, Max: 4096K regular, 5684M humongous, Frag: 1% external, 0% internal; Reserve: 412M, Max: 4096K
[49.440s][info][gc,start    ] GC(55) Concurrent reset
[49.440s][info][gc,task     ] GC(55) Using 1 of 3 workers for concurrent reset
[49.440s][info][gc,ergo     ] GC(55) Pacer for Reset. Non-Taxable: 8192M
[49.441s][info][gc          ] GC(55) Concurrent reset 0.758ms
[49.441s][info][gc,start    ] GC(55) Pause Init Mark (unload classes)
[49.441s][info][gc,task     ] GC(55) Using 3 of 3 workers for init marking
[49.441s][info][gc,ergo     ] GC(55) Pacer for Mark. Expected Live: 13210K, Free: 5720M, Non-Taxable: 572M, Alloc Tax Rate: 0.0x
[49.441s][info][gc          ] GC(55) Pause Init Mark (unload classes) 0.195ms
[49.441s][info][gc,start    ] GC(55) Concurrent marking roots
[49.441s][info][gc,task     ] GC(55) Using 1 of 3 workers for concurrent marking roots
[49.442s][info][gc          ] GC(55) Concurrent marking roots 0.454ms
[49.442s][info][gc,start    ] GC(55) Concurrent marking (unload classes)
[49.442s][info][gc,task     ] GC(55) Using 1 of 3 workers for concurrent marking
[49.472s][info][gc          ] GC(55) Concurrent marking (unload classes) 30.193ms
[49.472s][info][gc,start    ] GC(55) Pause Final Mark (unload classes)
[49.472s][info][gc,task     ] GC(55) Using 3 of 3 workers for final marking
[49.472s][info][gc,ergo     ] GC(55) Collectable Garbage: 1944M (95%), Immediate: 1944M (95%), CSet: 0B (0%)
[49.472s][info][gc          ] GC(55) Pause Final Mark (unload classes) 0.358ms
[49.472s][info][gc,start    ] GC(55) Concurrent weak references
[49.473s][info][gc,task     ] GC(55) Using 1 of 3 workers for concurrent weak references
[49.473s][info][gc,ref      ] GC(55) Encountered references: Soft: 144, Weak: 702, Final: 0, Phantom: 27
[49.473s][info][gc,ref      ] GC(55) Discovered  references: Soft: 0, Weak: 150, Final: 0, Phantom: 25
[49.473s][info][gc,ref      ] GC(55) Enqueued    references: Soft: 0, Weak: 0, Final: 0, Phantom: 0
[49.473s][info][gc          ] GC(55) Concurrent weak references 0.163ms
[49.473s][info][gc,start    ] GC(55) Concurrent weak roots
[49.473s][info][gc,task     ] GC(55) Using 1 of 3 workers for concurrent weak root
[49.473s][info][gc          ] GC(55) Concurrent weak roots 0.527ms
[49.473s][info][gc,start    ] GC(55) Concurrent cleanup
[49.473s][info][gc          ] GC(55) Concurrent cleanup 2127M->183M(8192M) 0.042ms
[49.473s][info][gc,ergo     ] GC(55) Free: 7596M, Max: 4096K regular, 5652M humongous, Frag: 26% external, 0% internal; Reserve: 412M, Max: 4096K
[49.473s][info][gc,start    ] GC(55) Concurrent class unloading
[49.473s][info][gc,task     ] GC(55) Using 1 of 3 workers for concurrent class unloading
[49.475s][info][gc          ] GC(55) Concurrent class unloading 1.806ms
[49.475s][info][gc,start    ] GC(55) Pause Final Roots
[49.475s][info][gc          ] GC(55) Pause Final Roots 0.023ms
[49.475s][info][gc,ergo     ] Free: 7592M, Max: 4096K regular, 5652M humongous, Frag: 26% external, 0% internal; Reserve: 412M, Max: 4096K
[49.475s][info][gc,stats    ] 
[49.475s][info][gc,stats    ] All times are wall-clock times, except per-root-class counters, that are sum over
[49.475s][info][gc,stats    ] all workers. Dividing the <total> over the root stage time estimates parallelism.
[49.475s][info][gc,stats    ] 
[49.475s][info][gc,stats    ] Concurrent Reset                    825 us
[49.475s][info][gc,stats    ] Pause Init Mark (G)                 419 us
[49.475s][info][gc,stats    ] Pause Init Mark (N)                 216 us
[49.475s][info][gc,stats    ]   Update Region States               83 us
[49.475s][info][gc,stats    ] Concurrent Mark Roots               471 us, parallelism: 0.74x
[49.475s][info][gc,stats    ]   CMR: <total>                      348 us
[49.476s][info][gc,stats    ]   CMR: Thread Roots                 303 us, workers (us): 303, ---, ---, 
[49.476s][info][gc,stats    ]   CMR: VM Strong Roots                6 us, workers (us):   6, ---, ---, 
[49.476s][info][gc,stats    ]   CMR: CLDG Roots                    39 us, workers (us):  39, ---, ---, 
[49.476s][info][gc,stats    ] Concurrent Marking                30259 us
[49.476s][info][gc,stats    ] Pause Final Mark (G)                516 us
[49.476s][info][gc,stats    ] Pause Final Mark (N)                377 us
[49.476s][info][gc,stats    ]   Finish Mark                       110 us
[49.476s][info][gc,stats    ]   Update Region States               89 us
[49.476s][info][gc,stats    ]   Choose Collection Set              63 us
[49.476s][info][gc,stats    ]   Rebuild Free Set                   17 us
[49.476s][info][gc,stats    ] Concurrent Weak References          180 us, parallelism: 0.05x
[49.476s][info][gc,stats    ]   CWRF: <total>                       8 us
[49.476s][info][gc,stats    ]   CWRF: Weak References               8 us, workers (us):   8, ---, ---, 
[49.476s][info][gc,stats    ] Concurrent Weak Roots               546 us
[49.476s][info][gc,stats    ]   Roots                             451 us, parallelism: 0.88x
[49.476s][info][gc,stats    ]     CWR: <total>                    398 us
[49.476s][info][gc,stats    ]     CWR: Code Cache Roots           328 us, workers (us): 328, ---, ---, 
[49.476s][info][gc,stats    ]     CWR: VM Weak Roots               65 us, workers (us):  65, ---, ---, 
[49.476s][info][gc,stats    ]     CWR: CLDG Roots                   5 us, workers (us):   5, ---, ---, 
[49.476s][info][gc,stats    ]   Rendezvous                         53 us
[49.476s][info][gc,stats    ] Concurrent Cleanup                   50 us
[49.476s][info][gc,stats    ] Concurrent Class Unloading         1853 us
[49.476s][info][gc,stats    ]   Unlink Stale                     1621 us
[49.476s][info][gc,stats    ]     System Dictionary                 3 us
[49.476s][info][gc,stats    ]     Weak Class Links                  0 us
[49.476s][info][gc,stats    ]     Code Roots                     1617 us
[49.476s][info][gc,stats    ]   Rendezvous                         52 us
[49.476s][info][gc,stats    ]   Purge Unlinked                    116 us
[49.476s][info][gc,stats    ]     Code Roots                      107 us
[49.476s][info][gc,stats    ]     CLDG                              8 us
[49.476s][info][gc,stats    ]     Exception Caches                  0 us
[49.476s][info][gc,stats    ] Pause Final Roots (G)               130 us
[49.476s][info][gc,stats    ] Pause Final Roots (N)                31 us
[49.476s][info][gc,stats    ] 
[49.476s][info][gc,stats    ] Allocation pacing accrued:
[49.476s][info][gc,stats    ]       0 of   936 ms (  0.0%): <total>
[49.476s][info][gc,stats    ]       0 of   936 ms (  0.0%): <average total>
[49.476s][info][gc,stats    ] 
[49.476s][info][gc,metaspace] Metaspace: 8932K(9152K)->8932K(9152K) NonClass: 7760K(7872K)->7760K(7872K) Class: 1171K(1280K)->1171K(1280K)
[49.476s][info][gc,ergo     ] Pacer for Idle. Initial: 163M, Alloc Tax Rate: 1.0x
[50.161s][info][gc          ] Trigger: Explicit GC request (System.gc())
[50.161s][info][gc,ergo     ] Free: 6740M, Max: 4096K regular, 5652M humongous, Frag: 17% external, 0% internal; Reserve: 412M, Max: 4096K
[50.161s][info][gc,start    ] GC(56) Concurrent reset
[50.161s][info][gc,task     ] GC(56) Using 1 of 3 workers for concurrent reset
[50.161s][info][gc,ergo     ] GC(56) Pacer for Reset. Non-Taxable: 8192M
[50.162s][info][gc          ] GC(56) Concurrent reset 0.604ms
[50.162s][info][gc,start    ] GC(56) Pause Init Mark (unload classes)
[50.162s][info][gc,task     ] GC(56) Using 3 of 3 workers for init marking
[50.162s][info][gc,ref      ] GC(56) Clearing All SoftReferences
[50.162s][info][gc,ergo     ] GC(56) Pacer for Mark. Expected Live: 14487K, Free: 6740M, Non-Taxable: 674M, Alloc Tax Rate: 0.0x
[50.162s][info][gc          ] GC(56) Pause Init Mark (unload classes) 0.171ms
[50.163s][info][gc,start    ] GC(56) Concurrent marking roots
[50.163s][info][gc,task     ] GC(56) Using 1 of 3 workers for concurrent marking roots
[50.163s][info][gc          ] GC(56) Concurrent marking roots 0.479ms
[50.163s][info][gc,start    ] GC(56) Concurrent marking (unload classes)
[50.163s][info][gc,task     ] GC(56) Using 1 of 3 workers for concurrent marking
[50.167s][info][gc          ] GC(56) Concurrent marking (unload classes) 3.742ms
[50.167s][info][gc,start    ] GC(56) Pause Final Mark (unload classes)
[50.167s][info][gc,task     ] GC(56) Using 3 of 3 workers for final marking
[50.167s][info][gc,ergo     ] GC(56) Collectable Garbage: 975M (94%), Immediate: 975M (94%), CSet: 0B (0%)
[50.167s][info][gc          ] GC(56) Pause Final Mark (unload classes) 0.310ms
[50.167s][info][gc,start    ] GC(56) Concurrent weak references
[50.167s][info][gc,task     ] GC(56) Using 1 of 3 workers for concurrent weak references
[50.167s][info][gc,ref      ] GC(56) Encountered references: Soft: 144, Weak: 702, Final: 0, Phantom: 27
[50.167s][info][gc,ref      ] GC(56) Discovered  references: Soft: 89, Weak: 168, Final: 0, Phantom: 25
[50.167s][info][gc,ref      ] GC(56) Enqueued    references: Soft: 3, Weak: 0, Final: 0, Phantom: 0
[50.167s][info][gc          ] GC(56) Concurrent weak references 0.153ms
[50.167s][info][gc,start    ] GC(56) Concurrent weak roots
[50.167s][info][gc,task     ] GC(56) Using 1 of 3 workers for concurrent weak root
[50.168s][info][gc          ] GC(56) Concurrent weak roots 0.640ms
[50.168s][info][gc,start    ] GC(56) Concurrent cleanup
[50.168s][info][gc          ] GC(56) Concurrent cleanup 1039M->63M(8192M) 0.030ms
[50.168s][info][gc,ergo     ] GC(56) Free: 7716M, Max: 4096K regular, 6848M humongous, Frag: 12% external, 0% internal; Reserve: 412M, Max: 4096K
[50.168s][info][gc,start    ] GC(56) Concurrent class unloading
[50.168s][info][gc,task     ] GC(56) Using 1 of 3 workers for concurrent class unloading
[50.170s][info][gc          ] GC(56) Concurrent class unloading 1.687ms
[50.170s][info][gc,start    ] GC(56) Pause Final Roots
[50.170s][info][gc          ] GC(56) Pause Final Roots 0.019ms
[50.170s][info][gc,ergo     ] Free: 7716M, Max: 4096K regular, 6848M humongous, Frag: 12% external, 0% internal; Reserve: 412M, Max: 4096K
[50.170s][info][gc,stats    ] 
[50.170s][info][gc,stats    ] All times are wall-clock times, except per-root-class counters, that are sum over
[50.170s][info][gc,stats    ] all workers. Dividing the <total> over the root stage time estimates parallelism.
[50.170s][info][gc,stats    ] 
[50.170s][info][gc,stats    ] Concurrent Reset                    678 us
[50.170s][info][gc,stats    ] Pause Init Mark (G)                 379 us
[50.170s][info][gc,stats    ] Pause Init Mark (N)                 188 us
[50.170s][info][gc,stats    ]   Update Region States               69 us
[50.170s][info][gc,stats    ] Concurrent Mark Roots               516 us, parallelism: 0.69x
[50.170s][info][gc,stats    ]   CMR: <total>                      355 us
[50.170s][info][gc,stats    ]   CMR: Thread Roots                 304 us, workers (us): 304, ---, ---, 
[50.170s][info][gc,stats    ]   CMR: VM Strong Roots                6 us, workers (us):   6, ---, ---, 
[50.170s][info][gc,stats    ]   CMR: CLDG Roots                    45 us, workers (us):  45, ---, ---, 
[50.170s][info][gc,stats    ] Concurrent Marking                 3807 us
[50.170s][info][gc,stats    ] Pause Final Mark (G)                431 us
[50.170s][info][gc,stats    ] Pause Final Mark (N)                319 us
[50.170s][info][gc,stats    ]   Finish Mark                       112 us
[50.170s][info][gc,stats    ]   Update Region States               68 us
[50.170s][info][gc,stats    ]   Choose Collection Set              33 us
[50.170s][info][gc,stats    ]   Rebuild Free Set                    8 us
[50.170s][info][gc,stats    ] Concurrent Weak References          169 us, parallelism: 0.05x
[50.170s][info][gc,stats    ]   CWRF: <total>                       9 us
[50.170s][info][gc,stats    ]   CWRF: Weak References               9 us, workers (us):   9, ---, ---, 
[50.170s][info][gc,stats    ] Concurrent Weak Roots               659 us
[50.170s][info][gc,stats    ]   Roots                             553 us, parallelism: 0.85x
[50.170s][info][gc,stats    ]     CWR: <total>                    473 us
[50.170s][info][gc,stats    ]     CWR: Code Cache Roots           355 us, workers (us): 355, ---, ---, 
[50.170s][info][gc,stats    ]     CWR: VM Weak Roots              111 us, workers (us): 111, ---, ---, 
[50.170s][info][gc,stats    ]     CWR: CLDG Roots                   6 us, workers (us):   6, ---, ---, 
[50.170s][info][gc,stats    ]   Rendezvous                         55 us
[50.170s][info][gc,stats    ] Concurrent Cleanup                   38 us
[50.170s][info][gc,stats    ] Concurrent Class Unloading         1717 us
[50.170s][info][gc,stats    ]   Unlink Stale                     1565 us
[50.170s][info][gc,stats    ]     System Dictionary                 3 us
[50.170s][info][gc,stats    ]     Weak Class Links                  0 us
[50.170s][info][gc,stats    ]     Code Roots                     1561 us
[50.170s][info][gc,stats    ]   Rendezvous                         43 us
[50.170s][info][gc,stats    ]   Purge Unlinked                     63 us
[50.170s][info][gc,stats    ]     Code Roots                       58 us
[50.170s][info][gc,stats    ]     CLDG                              4 us
[50.170s][info][gc,stats    ]     Exception Caches                  0 us
[50.171s][info][gc,stats    ] Pause Final Roots (G)                78 us
[50.171s][info][gc,stats    ] Pause Final Roots (N)                27 us
[50.171s][info][gc,stats    ] 
[50.171s][info][gc,stats    ] Allocation pacing accrued:
[50.171s][info][gc,stats    ]       0 of   695 ms (  0.0%): <total>
[50.171s][info][gc,stats    ]       0 of   695 ms (  0.0%): <average total>
[50.171s][info][gc,stats    ] 
[50.171s][info][gc,metaspace] Metaspace: 8934K(9152K)->8934K(9152K) NonClass: 7762K(7872K)->7762K(7872K) Class: 1171K(1280K)->1171K(1280K)
[50.171s][info][gc,ergo     ] Pacer for Idle. Initial: 163M, Alloc Tax Rate: 1.0x
[51.088s][info][gc          ] Trigger: Learning 2 of 5. Free (5716M) is below initial threshold (5734M)
[51.088s][info][gc,ergo     ] Free: 5716M, Max: 4096K regular, 5716M humongous, Frag: 0% external, 0% internal; Reserve: 412M, Max: 4096K
[51.088s][info][gc,start    ] GC(57) Concurrent reset
[51.088s][info][gc,task     ] GC(57) Using 1 of 3 workers for concurrent reset
[51.088s][info][gc,ergo     ] GC(57) Pacer for Reset. Non-Taxable: 8192M
[51.089s][info][gc          ] GC(57) Concurrent reset 0.382ms
[51.089s][info][gc,start    ] GC(57) Pause Init Mark (unload classes)
[51.089s][info][gc,task     ] GC(57) Using 3 of 3 workers for init marking
[51.089s][info][gc,ergo     ] GC(57) Pacer for Mark. Expected Live: 10698K, Free: 5716M, Non-Taxable: 571M, Alloc Tax Rate: 0.0x
[51.089s][info][gc          ] GC(57) Pause Init Mark (unload classes) 0.091ms
[51.089s][info][gc,start    ] GC(57) Concurrent marking roots
[51.089s][info][gc,task     ] GC(57) Using 1 of 3 workers for concurrent marking roots
[51.089s][info][gc          ] GC(57) Concurrent marking roots 0.383ms
[51.089s][info][gc,start    ] GC(57) Concurrent marking (unload classes)
[51.089s][info][gc,task     ] GC(57) Using 1 of 3 workers for concurrent marking
[51.102s][info][gc          ] GC(57) Concurrent marking (unload classes) 12.598ms
[51.102s][info][gc,start    ] GC(57) Pause Final Mark (unload classes)
[51.102s][info][gc,task     ] GC(57) Using 3 of 3 workers for final marking
[51.102s][info][gc,ergo     ] GC(57) Collectable Garbage: 1960M (95%), Immediate: 1960M (95%), CSet: 0B (0%)
[51.102s][info][gc          ] GC(57) Pause Final Mark (unload classes) 0.319ms
[51.103s][info][gc,start    ] GC(57) Concurrent weak references
[51.103s][info][gc,task     ] GC(57) Using 1 of 3 workers for concurrent weak references
[51.103s][info][gc,ref      ] GC(57) Encountered references: Soft: 144, Weak: 702, Final: 0, Phantom: 27
[51.103s][info][gc,ref      ] GC(57) Discovered  references: Soft: 0, Weak: 150, Final: 0, Phantom: 25
[51.103s][info][gc,ref      ] GC(57) Enqueued    references: Soft: 0, Weak: 0, Final: 0, Phantom: 0
[51.103s][info][gc          ] GC(57) Concurrent weak references 0.193ms
[51.103s][info][gc,start    ] GC(57) Concurrent weak roots
[51.103s][info][gc,task     ] GC(57) Using 1 of 3 workers for concurrent weak root
[51.103s][info][gc          ] GC(57) Concurrent weak roots 0.607ms
[51.103s][info][gc,start    ] GC(57) Concurrent cleanup
[51.103s][info][gc          ] GC(57) Concurrent cleanup 2095M->135M(8192M) 0.048ms
[51.103s][info][gc,ergo     ] GC(57) Free: 7644M, Max: 4096K regular, 5684M humongous, Frag: 26% external, 0% internal; Reserve: 412M, Max: 4096K
[51.103s][info][gc,start    ] GC(57) Concurrent class unloading
[51.103s][info][gc,task     ] GC(57) Using 1 of 3 workers for concurrent class unloading
[51.105s][info][gc          ] GC(57) Concurrent class unloading 1.871ms
[51.105s][info][gc,start    ] GC(57) Pause Final Roots
[51.105s][info][gc          ] GC(57) Pause Final Roots 0.025ms
[51.106s][info][gc,ergo     ] Free: 7640M, Max: 4096K regular, 5684M humongous, Frag: 26% external, 0% internal; Reserve: 412M, Max: 4096K
[51.106s][info][gc,stats    ] 
[51.106s][info][gc,stats    ] All times are wall-clock times, except per-root-class counters, that are sum over
[51.106s][info][gc,stats    ] all workers. Dividing the <total> over the root stage time estimates parallelism.
[51.106s][info][gc,stats    ] 
[51.106s][info][gc,stats    ] Concurrent Reset                    395 us
[51.106s][info][gc,stats    ] Pause Init Mark (G)                 186 us
[51.106s][info][gc,stats    ] Pause Init Mark (N)                  99 us
[51.106s][info][gc,stats    ]   Update Region States               40 us
[51.106s][info][gc,stats    ] Concurrent Mark Roots               392 us, parallelism: 0.87x
[51.106s][info][gc,stats    ]   CMR: <total>                      341 us
[51.106s][info][gc,stats    ]   CMR: Thread Roots                 303 us, workers (us): 303, ---, ---, 
[51.106s][info][gc,stats    ]   CMR: VM Strong Roots                5 us, workers (us):   5, ---, ---, 
[51.106s][info][gc,stats    ]   CMR: CLDG Roots                    33 us, workers (us):  33, ---, ---, 
[51.106s][info][gc,stats    ] Concurrent Marking                12645 us
[51.106s][info][gc,stats    ] Pause Final Mark (G)                470 us
[51.106s][info][gc,stats    ] Pause Final Mark (N)                338 us
[51.106s][info][gc,stats    ]   Finish Mark                       112 us
[51.106s][info][gc,stats    ]   Update Region States               67 us
[51.106s][info][gc,stats    ]   Choose Collection Set              61 us
[51.106s][info][gc,stats    ]   Rebuild Free Set                   16 us
[51.106s][info][gc,stats    ] Concurrent Weak References          209 us, parallelism: 0.04x
[51.106s][info][gc,stats    ]   CWRF: <total>                       8 us
[51.106s][info][gc,stats    ]   CWRF: Weak References               8 us, workers (us):   8, ---, ---, 
[51.106s][info][gc,stats    ] Concurrent Weak Roots               625 us
[51.106s][info][gc,stats    ]   Roots                             481 us, parallelism: 0.87x
[51.106s][info][gc,stats    ]     CWR: <total>                    419 us
[51.106s][info][gc,stats    ]     CWR: Code Cache Roots           346 us, workers (us): 346, ---, ---, 
[51.106s][info][gc,stats    ]     CWR: VM Weak Roots               68 us, workers (us):  68, ---, ---, 
[51.106s][info][gc,stats    ]     CWR: CLDG Roots                   5 us, workers (us):   5, ---, ---, 
[51.106s][info][gc,stats    ]   Rendezvous                         94 us
[51.106s][info][gc,stats    ] Concurrent Cleanup                   59 us
[51.106s][info][gc,stats    ] Concurrent Class Unloading         1921 us
[51.106s][info][gc,stats    ]   Unlink Stale                     1702 us
[51.106s][info][gc,stats    ]     System Dictionary                 3 us
[51.106s][info][gc,stats    ]     Weak Class Links                  0 us
[51.106s][info][gc,stats    ]     Code Roots                     1697 us
[51.106s][info][gc,stats    ]   Rendezvous                         58 us
[51.106s][info][gc,stats    ]   Purge Unlinked                     93 us
[51.106s][info][gc,stats    ]     Code Roots                       83 us
[51.106s][info][gc,stats    ]     CLDG                              9 us
[51.106s][info][gc,stats    ]     Exception Caches                  0 us
[51.106s][info][gc,stats    ] Pause Final Roots (G)               131 us
[51.106s][info][gc,stats    ] Pause Final Roots (N)                33 us
[51.106s][info][gc,stats    ] 
[51.106s][info][gc,stats    ] Allocation pacing accrued:
[51.106s][info][gc,stats    ]       0 of   935 ms (  0.0%): <total>
[51.106s][info][gc,stats    ]       0 of   935 ms (  0.0%): <average total>
[51.106s][info][gc,stats    ] 
[51.106s][info][gc,metaspace] Metaspace: 8937K(9152K)->8937K(9152K) NonClass: 7765K(7872K)->7765K(7872K) Class: 1171K(1280K)->1171K(1280K)
[51.106s][info][gc,ergo     ] Pacer for Idle. Initial: 163M, Alloc Tax Rate: 1.0x
[51.983s][info][gc          ] Trigger: Learning 3 of 5. Free (5732M) is below initial threshold (5734M)
[51.983s][info][gc,ergo     ] Free: 5732M, Max: 4096K regular, 5684M humongous, Frag: 1% external, 0% internal; Reserve: 412M, Max: 4096K
[51.983s][info][gc,start    ] GC(58) Concurrent reset
[51.983s][info][gc,task     ] GC(58) Using 1 of 3 workers for concurrent reset
[51.983s][info][gc,ergo     ] GC(58) Pacer for Reset. Non-Taxable: 8192M
[51.984s][info][gc          ] GC(58) Concurrent reset 0.672ms
[51.984s][info][gc,start    ] GC(58) Pause Init Mark (unload classes)
[51.984s][info][gc,task     ] GC(58) Using 3 of 3 workers for init marking
[51.984s][info][gc,ergo     ] GC(58) Pacer for Mark. Expected Live: 11997K, Free: 5732M, Non-Taxable: 573M, Alloc Tax Rate: 0.0x
[51.984s][info][gc          ] GC(58) Pause Init Mark (unload classes) 0.155ms
[51.984s][info][gc,start    ] GC(58) Concurrent marking roots
[51.984s][info][gc,task     ] GC(58) Using 1 of 3 workers for concurrent marking roots
[51.984s][info][gc          ] GC(58) Concurrent marking roots 0.465ms
[51.984s][info][gc,start    ] GC(58) Concurrent marking (unload classes)
[51.984s][info][gc,task     ] GC(58) Using 1 of 3 workers for concurrent marking
[52.006s][info][gc          ] GC(58) Concurrent marking (unload classes) 21.115ms
[52.006s][info][gc,start    ] GC(58) Pause Final Mark (unload classes)
[52.006s][info][gc,task     ] GC(58) Using 3 of 3 workers for final marking
[52.006s][info][gc,ergo     ] GC(58) Collectable Garbage: 1927M (94%), Immediate: 1927M (94%), CSet: 0B (0%)
[52.006s][info][gc          ] GC(58) Pause Final Mark (unload classes) 0.280ms
[52.006s][info][gc,start    ] GC(58) Concurrent weak references
[52.006s][info][gc,task     ] GC(58) Using 1 of 3 workers for concurrent weak references
[52.006s][info][gc,ref      ] GC(58) Encountered references: Soft: 144, Weak: 702, Final: 0, Phantom: 27
[52.006s][info][gc,ref      ] GC(58) Discovered  references: Soft: 0, Weak: 150, Final: 0, Phantom: 12
[52.006s][info][gc,ref      ] GC(58) Enqueued    references: Soft: 0, Weak: 0, Final: 0, Phantom: 0
[52.006s][info][gc          ] GC(58) Concurrent weak references 0.142ms
[52.006s][info][gc,start    ] GC(58) Concurrent weak roots
[52.006s][info][gc,task     ] GC(58) Using 1 of 3 workers for concurrent weak root
[52.007s][info][gc          ] GC(58) Concurrent weak roots 0.657ms
[52.007s][info][gc,start    ] GC(58) Concurrent cleanup
[52.007s][info][gc          ] GC(58) Concurrent cleanup 2095M->167M(8192M) 0.041ms
[52.007s][info][gc,ergo     ] GC(58) Free: 7612M, Max: 4096K regular, 5728M humongous, Frag: 25% external, 0% internal; Reserve: 412M, Max: 4096K
[52.007s][info][gc,start    ] GC(58) Concurrent class unloading
[52.007s][info][gc,task     ] GC(58) Using 1 of 3 workers for concurrent class unloading
[52.009s][info][gc          ] GC(58) Concurrent class unloading 2.048ms
[52.009s][info][gc,start    ] GC(58) Pause Final Roots
[52.009s][info][gc          ] GC(58) Pause Final Roots 0.040ms
[52.009s][info][gc,ergo     ] Free: 7608M, Max: 4096K regular, 5728M humongous, Frag: 25% external, 0% internal; Reserve: 412M, Max: 4096K
[52.009s][info][gc,stats    ] 
[52.009s][info][gc,stats    ] All times are wall-clock times, except per-root-class counters, that are sum over
[52.009s][info][gc,stats    ] all workers. Dividing the <total> over the root stage time estimates parallelism.
[52.009s][info][gc,stats    ] 
[52.009s][info][gc,stats    ] Concurrent Reset                    740 us
[52.009s][info][gc,stats    ] Pause Init Mark (G)                 345 us
[52.009s][info][gc,stats    ] Pause Init Mark (N)                 171 us
[52.009s][info][gc,stats    ]   Update Region States               70 us
[52.009s][info][gc,stats    ] Concurrent Mark Roots               502 us, parallelism: 0.68x
[52.009s][info][gc,stats    ]   CMR: <total>                      340 us
[52.009s][info][gc,stats    ]   CMR: Thread Roots                 297 us, workers (us): 297, ---, ---, 
[52.009s][info][gc,stats    ]   CMR: VM Strong Roots                6 us, workers (us):   6, ---, ---, 
[52.009s][info][gc,stats    ]   CMR: CLDG Roots                    38 us, workers (us):  38, ---, ---, 
[52.010s][info][gc,stats    ] Concurrent Marking                21183 us
[52.010s][info][gc,stats    ] Pause Final Mark (G)                423 us
[52.010s][info][gc,stats    ] Pause Final Mark (N)                300 us
[52.010s][info][gc,stats    ]   Finish Mark                        57 us
[52.010s][info][gc,stats    ]   Update Region States               74 us
[52.010s][info][gc,stats    ]   Choose Collection Set              62 us
[52.010s][info][gc,stats    ]   Rebuild Free Set                   17 us
[52.010s][info][gc,stats    ] Concurrent Weak References          149 us, parallelism: 0.03x
[52.010s][info][gc,stats    ]   CWRF: <total>                       4 us
[52.010s][info][gc,stats    ]   CWRF: Weak References               4 us, workers (us):   4, ---, ---, 
[52.010s][info][gc,stats    ] Concurrent Weak Roots               675 us
[52.010s][info][gc,stats    ]   Roots                             560 us, parallelism: 0.92x
[52.010s][info][gc,stats    ]     CWR: <total>                    518 us
[52.010s][info][gc,stats    ]     CWR: Code Cache Roots           400 us, workers (us): 400, ---, ---, 
[52.010s][info][gc,stats    ]     CWR: VM Weak Roots              112 us, workers (us): 112, ---, ---, 
[52.010s][info][gc,stats    ]     CWR: CLDG Roots                   6 us, workers (us):   6, ---, ---, 
[52.010s][info][gc,stats    ]   Rendezvous                         81 us
[52.010s][info][gc,stats    ] Concurrent Cleanup                   49 us
[52.010s][info][gc,stats    ] Concurrent Class Unloading         2096 us
[52.010s][info][gc,stats    ]   Unlink Stale                     1820 us
[52.010s][info][gc,stats    ]     System Dictionary                 2 us
[52.010s][info][gc,stats    ]     Weak Class Links                  0 us
[52.010s][info][gc,stats    ]     Code Roots                     1816 us
[52.010s][info][gc,stats    ]   Rendezvous                        109 us
[52.010s][info][gc,stats    ]   Purge Unlinked                    101 us
[52.010s][info][gc,stats    ]     Code Roots                       93 us
[52.010s][info][gc,stats    ]     CLDG                              8 us
[52.010s][info][gc,stats    ]     Exception Caches                  0 us
[52.010s][info][gc,stats    ] Pause Final Roots (G)               184 us
[52.010s][info][gc,stats    ] Pause Final Roots (N)                58 us
[52.010s][info][gc,stats    ] 
[52.010s][info][gc,stats    ] Allocation pacing accrued:
[52.010s][info][gc,stats    ]       0 of   904 ms (  0.0%): <total>
[52.010s][info][gc,stats    ]       0 of   904 ms (  0.0%): <average total>
[52.010s][info][gc,stats    ] 
[52.010s][info][gc,metaspace] Metaspace: 8937K(9152K)->8937K(9152K) NonClass: 7765K(7872K)->7765K(7872K) Class: 1171K(1280K)->1171K(1280K)
[52.010s][info][gc,ergo     ] Pacer for Idle. Initial: 163M, Alloc Tax Rate: 1.0x
[52.909s][info][gc          ] Trigger: Learning 4 of 5. Free (5728M) is below initial threshold (5734M)
[52.909s][info][gc,ergo     ] Free: 5728M, Max: 4096K regular, 5728M humongous, Frag: 0% external, 0% internal; Reserve: 412M, Max: 4096K
[52.909s][info][gc,start    ] GC(59) Concurrent reset
[52.909s][info][gc,task     ] GC(59) Using 1 of 3 workers for concurrent reset
[52.909s][info][gc,ergo     ] GC(59) Pacer for Reset. Non-Taxable: 8192M
[52.910s][info][gc          ] GC(59) Concurrent reset 0.634ms
[52.910s][info][gc,start    ] GC(59) Pause Init Mark (unload classes)
[52.910s][info][gc,task     ] GC(59) Using 3 of 3 workers for init marking
[52.910s][info][gc,ergo     ] GC(59) Pacer for Mark. Expected Live: 13210K, Free: 5728M, Non-Taxable: 572M, Alloc Tax Rate: 0.0x
[52.910s][info][gc          ] GC(59) Pause Init Mark (unload classes) 0.196ms
[52.910s][info][gc,start    ] GC(59) Concurrent marking roots
[52.910s][info][gc,task     ] GC(59) Using 1 of 3 workers for concurrent marking roots
[52.911s][info][gc          ] GC(59) Concurrent marking roots 0.415ms
[52.911s][info][gc,start    ] GC(59) Concurrent marking (unload classes)
[52.911s][info][gc,task     ] GC(59) Using 1 of 3 workers for concurrent marking
[52.942s][info][gc          ] GC(59) Concurrent marking (unload classes) 30.775ms
[52.942s][info][gc,start    ] GC(59) Pause Final Mark (unload classes)
[52.942s][info][gc,task     ] GC(59) Using 3 of 3 workers for final marking
[52.942s][info][gc,ergo     ] GC(59) Collectable Garbage: 1940M (95%), Immediate: 1940M (95%), CSet: 0B (0%)
[52.942s][info][gc          ] GC(59) Pause Final Mark (unload classes) 0.331ms
[52.942s][info][gc,start    ] GC(59) Concurrent weak references
[52.942s][info][gc,task     ] GC(59) Using 1 of 3 workers for concurrent weak references
[52.942s][info][gc,ref      ] GC(59) Encountered references: Soft: 144, Weak: 702, Final: 0, Phantom: 27
[52.942s][info][gc,ref      ] GC(59) Discovered  references: Soft: 0, Weak: 154, Final: 0, Phantom: 12
[52.942s][info][gc,ref      ] GC(59) Enqueued    references: Soft: 0, Weak: 0, Final: 0, Phantom: 0
[52.942s][info][gc          ] GC(59) Concurrent weak references 0.196ms
[52.942s][info][gc,start    ] GC(59) Concurrent weak roots
[52.942s][info][gc,task     ] GC(59) Using 1 of 3 workers for concurrent weak root
[52.943s][info][gc          ] GC(59) Concurrent weak roots 0.586ms
[52.943s][info][gc,start    ] GC(59) Concurrent cleanup
[52.943s][info][gc          ] GC(59) Concurrent cleanup 2119M->179M(8192M) 0.044ms
[52.943s][info][gc,ergo     ] GC(59) Free: 7600M, Max: 4096K regular, 5660M humongous, Frag: 26% external, 0% internal; Reserve: 412M, Max: 4096K
[52.943s][info][gc,start    ] GC(59) Concurrent class unloading
[52.943s][info][gc,task     ] GC(59) Using 1 of 3 workers for concurrent class unloading
[52.945s][info][gc          ] GC(59) Concurrent class unloading 2.075ms
[52.945s][info][gc,start    ] GC(59) Pause Final Roots
[52.945s][info][gc          ] GC(59) Pause Final Roots 0.023ms
[52.945s][info][gc,ergo     ] Free: 7596M, Max: 4096K regular, 5660M humongous, Frag: 26% external, 0% internal; Reserve: 412M, Max: 4096K
[52.945s][info][gc,stats    ] 
[52.945s][info][gc,stats    ] All times are wall-clock times, except per-root-class counters, that are sum over
[52.945s][info][gc,stats    ] all workers. Dividing the <total> over the root stage time estimates parallelism.
[52.945s][info][gc,stats    ] 
[52.945s][info][gc,stats    ] Concurrent Reset                    708 us
[52.945s][info][gc,stats    ] Pause Init Mark (G)                 442 us
[52.945s][info][gc,stats    ] Pause Init Mark (N)                 217 us
[52.945s][info][gc,stats    ]   Update Region States               78 us
[52.945s][info][gc,stats    ] Concurrent Mark Roots               432 us, parallelism: 0.78x
[52.945s][info][gc,stats    ]   CMR: <total>                      337 us
[52.945s][info][gc,stats    ]   CMR: Thread Roots                 296 us, workers (us): 296, ---, ---, 
[52.945s][info][gc,stats    ]   CMR: VM Strong Roots                5 us, workers (us):   5, ---, ---, 
[52.945s][info][gc,stats    ]   CMR: CLDG Roots                    36 us, workers (us):  36, ---, ---, 
[52.945s][info][gc,stats    ] Concurrent Marking                30841 us
[52.946s][info][gc,stats    ] Pause Final Mark (G)                492 us
[52.946s][info][gc,stats    ] Pause Final Mark (N)                351 us
[52.946s][info][gc,stats    ]   Finish Mark                       109 us
[52.946s][info][gc,stats    ]   Update Region States               67 us
[52.946s][info][gc,stats    ]   Choose Collection Set              62 us
[52.946s][info][gc,stats    ]   Rebuild Free Set                   16 us
[52.946s][info][gc,stats    ] Concurrent Weak References          212 us, parallelism: 0.02x
[52.946s][info][gc,stats    ]   CWRF: <total>                       5 us
[52.946s][info][gc,stats    ]   CWRF: Weak References               5 us, workers (us):   5, ---, ---, 
[52.946s][info][gc,stats    ] Concurrent Weak Roots               604 us
[52.946s][info][gc,stats    ]   Roots                             473 us, parallelism: 0.88x
[52.946s][info][gc,stats    ]     CWR: <total>                    415 us
[52.946s][info][gc,stats    ]     CWR: Code Cache Roots           343 us, workers (us): 343, ---, ---, 
[52.946s][info][gc,stats    ]     CWR: VM Weak Roots               67 us, workers (us):  67, ---, ---, 
[52.946s][info][gc,stats    ]     CWR: CLDG Roots                   6 us, workers (us):   6, ---, ---, 
[52.946s][info][gc,stats    ]   Rendezvous                         81 us
[52.946s][info][gc,stats    ] Concurrent Cleanup                   52 us
[52.946s][info][gc,stats    ] Concurrent Class Unloading         2118 us
[52.946s][info][gc,stats    ]   Unlink Stale                     1907 us
[52.946s][info][gc,stats    ]     System Dictionary                 3 us
[52.946s][info][gc,stats    ]     Weak Class Links                  0 us
[52.946s][info][gc,stats    ]     Code Roots                     1903 us
[52.946s][info][gc,stats    ]   Rendezvous                         52 us
[52.946s][info][gc,stats    ]   Purge Unlinked                     97 us
[52.946s][info][gc,stats    ]     Code Roots                       88 us
[52.946s][info][gc,stats    ]     CLDG                              8 us
[52.946s][info][gc,stats    ]     Exception Caches                  0 us
[52.946s][info][gc,stats    ] Pause Final Roots (G)               130 us
[52.946s][info][gc,stats    ] Pause Final Roots (N)                31 us
[52.946s][info][gc,stats    ] 
[52.946s][info][gc,stats    ] Allocation pacing accrued:
[52.946s][info][gc,stats    ]       0 of   936 ms (  0.0%): <total>
[52.946s][info][gc,stats    ]       0 of   936 ms (  0.0%): <average total>
[52.946s][info][gc,stats    ] 
[52.946s][info][gc,metaspace] Metaspace: 8940K(9152K)->8940K(9152K) NonClass: 7768K(7872K)->7768K(7872K) Class: 1171K(1280K)->1171K(1280K)
[52.946s][info][gc,ergo     ] Pacer for Idle. Initial: 163M, Alloc Tax Rate: 1.0x
[53.647s][info][gc          ] Trigger: Explicit GC request (System.gc())
[53.647s][info][gc,ergo     ] Free: 6736M, Max: 4096K regular, 5660M humongous, Frag: 16% external, 0% internal; Reserve: 412M, Max: 4096K
[53.647s][info][gc,start    ] GC(60) Concurrent reset
[53.647s][info][gc,task     ] GC(60) Using 1 of 3 workers for concurrent reset
[53.647s][info][gc,ergo     ] GC(60) Pacer for Reset. Non-Taxable: 8192M
[53.648s][info][gc          ] GC(60) Concurrent reset 0.872ms
[53.648s][info][gc,start    ] GC(60) Pause Init Mark (unload classes)
[53.648s][info][gc,task     ] GC(60) Using 3 of 3 workers for init marking
[53.649s][info][gc,ref      ] GC(60) Clearing All SoftReferences
[53.649s][info][gc,ergo     ] GC(60) Pacer for Mark. Expected Live: 14560K, Free: 6736M, Non-Taxable: 673M, Alloc Tax Rate: 0.0x
[53.649s][info][gc          ] GC(60) Pause Init Mark (unload classes) 0.185ms
[53.649s][info][gc,start    ] GC(60) Concurrent marking roots
[53.649s][info][gc,task     ] GC(60) Using 1 of 3 workers for concurrent marking roots
[53.649s][info][gc          ] GC(60) Concurrent marking roots 0.565ms
[53.649s][info][gc,start    ] GC(60) Concurrent marking (unload classes)
[53.649s][info][gc,task     ] GC(60) Using 1 of 3 workers for concurrent marking
[53.653s][info][gc          ] GC(60) Concurrent marking (unload classes) 3.625ms
[53.653s][info][gc,start    ] GC(60) Pause Final Mark (unload classes)
[53.653s][info][gc,task     ] GC(60) Using 3 of 3 workers for final marking
[53.653s][info][gc,ergo     ] GC(60) Collectable Garbage: 979M (94%), Immediate: 979M (94%), CSet: 0B (0%)
[53.654s][info][gc          ] GC(60) Pause Final Mark (unload classes) 0.559ms
[53.654s][info][gc,start    ] GC(60) Concurrent weak references
[53.654s][info][gc,task     ] GC(60) Using 1 of 3 workers for concurrent weak references
[53.654s][info][gc,ref      ] GC(60) Encountered references: Soft: 144, Weak: 702, Final: 0, Phantom: 27
[53.654s][info][gc,ref      ] GC(60) Discovered  references: Soft: 89, Weak: 168, Final: 0, Phantom: 25
[53.654s][info][gc,ref      ] GC(60) Enqueued    references: Soft: 3, Weak: 0, Final: 0, Phantom: 0
[53.654s][info][gc          ] GC(60) Concurrent weak references 0.142ms
[53.654s][info][gc,start    ] GC(60) Concurrent weak roots
[53.654s][info][gc,task     ] GC(60) Using 1 of 3 workers for concurrent weak root
[53.654s][info][gc          ] GC(60) Concurrent weak roots 0.509ms
[53.654s][info][gc,start    ] GC(60) Concurrent cleanup
[53.654s][info][gc          ] GC(60) Concurrent cleanup 1043M->63M(8192M) 0.040ms
[53.654s][info][gc,ergo     ] GC(60) Free: 7716M, Max: 4096K regular, 6840M humongous, Frag: 12% external, 0% internal; Reserve: 412M, Max: 4096K
[53.654s][info][gc,start    ] GC(60) Concurrent class unloading
[53.654s][info][gc,task     ] GC(60) Using 1 of 3 workers for concurrent class unloading
[53.657s][info][gc          ] GC(60) Concurrent class unloading 2.122ms
[53.657s][info][gc,start    ] GC(60) Pause Final Roots
[53.657s][info][gc          ] GC(60) Pause Final Roots 0.123ms
[53.657s][info][gc,ergo     ] Free: 7716M, Max: 4096K regular, 6840M humongous, Frag: 12% external, 0% internal; Reserve: 412M, Max: 4096K
[53.657s][info][gc,stats    ] 
[53.657s][info][gc,stats    ] All times are wall-clock times, except per-root-class counters, that are sum over
[53.657s][info][gc,stats    ] all workers. Dividing the <total> over the root stage time estimates parallelism.
[53.657s][info][gc,stats    ] 
[53.657s][info][gc,stats    ] Concurrent Reset                    967 us
[53.657s][info][gc,stats    ] Pause Init Mark (G)                 337 us
[53.657s][info][gc,stats    ] Pause Init Mark (N)                 202 us
[53.657s][info][gc,stats    ]   Update Region States               78 us
[53.657s][info][gc,stats    ] Concurrent Mark Roots               583 us, parallelism: 0.76x
[53.657s][info][gc,stats    ]   CMR: <total>                      443 us
[53.657s][info][gc,stats    ]   CMR: Thread Roots                 356 us, workers (us): 356, ---, ---, 
[53.657s][info][gc,stats    ]   CMR: VM Strong Roots                9 us, workers (us):   9, ---, ---, 
[53.657s][info][gc,stats    ]   CMR: CLDG Roots                    78 us, workers (us):  78, ---, ---, 
[53.657s][info][gc,stats    ] Concurrent Marking                 3676 us
[53.657s][info][gc,stats    ] Pause Final Mark (G)                687 us
[53.657s][info][gc,stats    ] Pause Final Mark (N)                587 us
[53.657s][info][gc,stats    ]   Finish Mark                       164 us
[53.657s][info][gc,stats    ]   Update Region States              121 us
[53.657s][info][gc,stats    ]   Choose Collection Set             165 us
[53.657s][info][gc,stats    ]   Rebuild Free Set                   22 us
[53.657s][info][gc,stats    ] Concurrent Weak References          150 us, parallelism: 0.10x
[53.657s][info][gc,stats    ]   CWRF: <total>                      15 us
[53.657s][info][gc,stats    ]   CWRF: Weak References              15 us, workers (us):  15, ---, ---, 
[53.657s][info][gc,stats    ] Concurrent Weak Roots               539 us
[53.657s][info][gc,stats    ]   Roots                             436 us, parallelism: 0.86x
[53.657s][info][gc,stats    ]     CWR: <total>                    375 us
[53.657s][info][gc,stats    ]     CWR: Code Cache Roots           303 us, workers (us): 303, ---, ---, 
[53.657s][info][gc,stats    ]     CWR: VM Weak Roots               66 us, workers (us):  66, ---, ---, 
[53.657s][info][gc,stats    ]     CWR: CLDG Roots                   6 us, workers (us):   6, ---, ---, 
[53.657s][info][gc,stats    ]   Rendezvous                         56 us
[53.657s][info][gc,stats    ] Concurrent Cleanup                   48 us
[53.657s][info][gc,stats    ] Concurrent Class Unloading         2193 us
[53.657s][info][gc,stats    ]   Unlink Stale                     1922 us
[53.657s][info][gc,stats    ]     System Dictionary                 6 us
[53.657s][info][gc,stats    ]     Weak Class Links                  0 us
[53.657s][info][gc,stats    ]     Code Roots                     1914 us
[53.657s][info][gc,stats    ]   Rendezvous                         59 us
[53.657s][info][gc,stats    ]   Purge Unlinked                    121 us
[53.657s][info][gc,stats    ]     Code Roots                      112 us
[53.657s][info][gc,stats    ]     CLDG                              8 us
[53.657s][info][gc,stats    ]     Exception Caches                  0 us
[53.657s][info][gc,stats    ] Pause Final Roots (G)               202 us
[53.657s][info][gc,stats    ] Pause Final Roots (N)               132 us
[53.657s][info][gc,stats    ] 
[53.657s][info][gc,stats    ] Allocation pacing accrued:
[53.657s][info][gc,stats    ]       0 of   711 ms (  0.0%): <total>
[53.657s][info][gc,stats    ]       0 of   711 ms (  0.0%): <average total>
[53.657s][info][gc,stats    ] 
[53.657s][info][gc,metaspace] Metaspace: 8944K(9152K)->8944K(9152K) NonClass: 7772K(7872K)->7772K(7872K) Class: 1171K(1280K)->1171K(1280K)
[53.657s][info][gc,ergo     ] Pacer for Idle. Initial: 163M, Alloc Tax Rate: 1.0x
[54.573s][info][gc          ] Trigger: Learning 2 of 5. Free (5720M) is below initial threshold (5734M)
[54.573s][info][gc,ergo     ] Free: 5720M, Max: 4096K regular, 5720M humongous, Frag: 0% external, 0% internal; Reserve: 412M, Max: 4096K
[54.573s][info][gc,start    ] GC(61) Concurrent reset
[54.573s][info][gc,task     ] GC(61) Using 1 of 3 workers for concurrent reset
[54.573s][info][gc,ergo     ] GC(61) Pacer for Reset. Non-Taxable: 8192M
[54.574s][info][gc          ] GC(61) Concurrent reset 0.513ms
[54.574s][info][gc,start    ] GC(61) Pause Init Mark (unload classes)
[54.574s][info][gc,task     ] GC(61) Using 3 of 3 workers for init marking
[54.574s][info][gc,ergo     ] GC(61) Pacer for Mark. Expected Live: 10772K, Free: 5716M, Non-Taxable: 571M, Alloc Tax Rate: 0.0x
[54.574s][info][gc          ] GC(61) Pause Init Mark (unload classes) 0.155ms
[54.574s][info][gc,start    ] GC(61) Concurrent marking roots
[54.574s][info][gc,task     ] GC(61) Using 1 of 3 workers for concurrent marking roots
[54.575s][info][gc          ] GC(61) Concurrent marking roots 0.453ms
[54.575s][info][gc,start    ] GC(61) Concurrent marking (unload classes)
[54.575s][info][gc,task     ] GC(61) Using 1 of 3 workers for concurrent marking
[54.587s][info][gc          ] GC(61) Concurrent marking (unload classes) 12.716ms
[54.587s][info][gc,start    ] GC(61) Pause Final Mark (unload classes)
[54.588s][info][gc,task     ] GC(61) Using 3 of 3 workers for final marking
[54.588s][info][gc,ergo     ] GC(61) Collectable Garbage: 1960M (95%), Immediate: 1960M (95%), CSet: 0B (0%)
[54.588s][info][gc          ] GC(61) Pause Final Mark (unload classes) 0.287ms
[54.588s][info][gc,start    ] GC(61) Concurrent weak references
[54.588s][info][gc,task     ] GC(61) Using 1 of 3 workers for concurrent weak references
[54.588s][info][gc,ref      ] GC(61) Encountered references: Soft: 144, Weak: 702, Final: 0, Phantom: 27
[54.588s][info][gc,ref      ] GC(61) Discovered  references: Soft: 0, Weak: 150, Final: 0, Phantom: 12
[54.588s][info][gc,ref      ] GC(61) Enqueued    references: Soft: 0, Weak: 0, Final: 0, Phantom: 0
[54.588s][info][gc          ] GC(61) Concurrent weak references 0.142ms
[54.588s][info][gc,start    ] GC(61) Concurrent weak roots
[54.588s][info][gc,task     ] GC(61) Using 1 of 3 workers for concurrent weak root
[54.589s][info][gc          ] GC(61) Concurrent weak roots 0.677ms
[54.589s][info][gc,start    ] GC(61) Concurrent cleanup
[54.589s][info][gc          ] GC(61) Concurrent cleanup 2095M->135M(8192M) 0.044ms
[54.589s][info][gc,ergo     ] GC(61) Free: 7644M, Max: 4096K regular, 5684M humongous, Frag: 26% external, 0% internal; Reserve: 412M, Max: 4096K
[54.589s][info][gc,start    ] GC(61) Concurrent class unloading
[54.589s][info][gc,task     ] GC(61) Using 1 of 3 workers for concurrent class unloading
[54.591s][info][gc          ] GC(61) Concurrent class unloading 1.872ms
[54.591s][info][gc,start    ] GC(61) Pause Final Roots
[54.591s][info][gc          ] GC(61) Pause Final Roots 0.042ms
[54.591s][info][gc,ergo     ] Free: 7640M, Max: 4096K regular, 5684M humongous, Frag: 26% external, 0% internal; Reserve: 412M, Max: 4096K
[54.591s][info][gc,stats    ] 
[54.591s][info][gc,stats    ] All times are wall-clock times, except per-root-class counters, that are sum over
[54.591s][info][gc,stats    ] all workers. Dividing the <total> over the root stage time estimates parallelism.
[54.591s][info][gc,stats    ] 
[54.591s][info][gc,stats    ] Concurrent Reset                    572 us
[54.591s][info][gc,stats    ] Pause Init Mark (G)                 333 us
[54.591s][info][gc,stats    ] Pause Init Mark (N)                 172 us
[54.591s][info][gc,stats    ]   Update Region States               70 us
[54.591s][info][gc,stats    ] Concurrent Mark Roots               482 us, parallelism: 0.69x
[54.591s][info][gc,stats    ]   CMR: <total>                      331 us
[54.591s][info][gc,stats    ]   CMR: Thread Roots                 292 us, workers (us): 292, ---, ---, 
[54.591s][info][gc,stats    ]   CMR: VM Strong Roots                5 us, workers (us):   5, ---, ---, 
[54.591s][info][gc,stats    ]   CMR: CLDG Roots                    34 us, workers (us):  34, ---, ---, 
[54.591s][info][gc,stats    ] Concurrent Marking                12783 us
[54.591s][info][gc,stats    ] Pause Final Mark (G)                446 us
[54.591s][info][gc,stats    ] Pause Final Mark (N)                306 us
[54.591s][info][gc,stats    ]   Finish Mark                        91 us
[54.591s][info][gc,stats    ]   Update Region States               55 us
[54.591s][info][gc,stats    ]   Choose Collection Set              61 us
[54.591s][info][gc,stats    ]   Rebuild Free Set                   16 us
[54.591s][info][gc,stats    ] Concurrent Weak References          150 us, parallelism: 0.03x
[54.591s][info][gc,stats    ]   CWRF: <total>                       5 us
[54.591s][info][gc,stats    ]   CWRF: Weak References               5 us, workers (us):   5, ---, ---, 
[54.591s][info][gc,stats    ] Concurrent Weak Roots               697 us
[54.591s][info][gc,stats    ]   Roots                             608 us, parallelism: 0.93x
[54.591s][info][gc,stats    ]     CWR: <total>                    567 us
[54.591s][info][gc,stats    ]     CWR: Code Cache Roots           450 us, workers (us): 450, ---, ---, 
[54.591s][info][gc,stats    ]     CWR: VM Weak Roots              112 us, workers (us): 112, ---, ---, 
[54.591s][info][gc,stats    ]     CWR: CLDG Roots                   6 us, workers (us):   6, ---, ---, 
[54.591s][info][gc,stats    ]   Rendezvous                         54 us
[54.591s][info][gc,stats    ] Concurrent Cleanup                   58 us
[54.591s][info][gc,stats    ] Concurrent Class Unloading         1921 us
[54.591s][info][gc,stats    ]   Unlink Stale                     1648 us
[54.591s][info][gc,stats    ]     System Dictionary                 4 us
[54.591s][info][gc,stats    ]     Weak Class Links                  0 us
[54.591s][info][gc,stats    ]     Code Roots                     1643 us
[54.591s][info][gc,stats    ]   Rendezvous                         58 us
[54.592s][info][gc,stats    ]   Purge Unlinked                    148 us
[54.592s][info][gc,stats    ]     Code Roots                      138 us
[54.592s][info][gc,stats    ]     CLDG                              9 us
[54.592s][info][gc,stats    ]     Exception Caches                  0 us
[54.592s][info][gc,stats    ] Pause Final Roots (G)               187 us
[54.592s][info][gc,stats    ] Pause Final Roots (N)                59 us
[54.592s][info][gc,stats    ] 
[54.592s][info][gc,stats    ] Allocation pacing accrued:
[54.592s][info][gc,stats    ]       0 of   934 ms (  0.0%): <total>
[54.592s][info][gc,stats    ]       0 of   934 ms (  0.0%): <average total>
[54.592s][info][gc,stats    ] 
[54.592s][info][gc,metaspace] Metaspace: 8945K(9152K)->8945K(9152K) NonClass: 7773K(7872K)->7773K(7872K) Class: 1171K(1280K)->1171K(1280K)
[54.592s][info][gc,ergo     ] Pacer for Idle. Initial: 163M, Alloc Tax Rate: 1.0x
[55.468s][info][gc          ] Trigger: Learning 3 of 5. Free (5728M) is below initial threshold (5734M)
[55.468s][info][gc,ergo     ] Free: 5728M, Max: 4096K regular, 5684M humongous, Frag: 1% external, 0% internal; Reserve: 412M, Max: 4096K
[55.468s][info][gc,start    ] GC(62) Concurrent reset
[55.468s][info][gc,task     ] GC(62) Using 1 of 3 workers for concurrent reset
[55.468s][info][gc,ergo     ] GC(62) Pacer for Reset. Non-Taxable: 8192M
[55.469s][info][gc          ] GC(62) Concurrent reset 0.618ms
[55.469s][info][gc,start    ] GC(62) Pause Init Mark (unload classes)
[55.469s][info][gc,task     ] GC(62) Using 3 of 3 workers for init marking
[55.469s][info][gc,ergo     ] GC(62) Pacer for Mark. Expected Live: 12072K, Free: 5728M, Non-Taxable: 572M, Alloc Tax Rate: 0.0x
[55.469s][info][gc          ] GC(62) Pause Init Mark (unload classes) 0.190ms
[55.469s][info][gc,start    ] GC(62) Concurrent marking roots
[55.469s][info][gc,task     ] GC(62) Using 1 of 3 workers for concurrent marking roots
[55.470s][info][gc          ] GC(62) Concurrent marking roots 0.464ms
[55.470s][info][gc,start    ] GC(62) Concurrent marking (unload classes)
[55.470s][info][gc,task     ] GC(62) Using 1 of 3 workers for concurrent marking
[55.491s][info][gc          ] GC(62) Concurrent marking (unload classes) 21.264ms
[55.491s][info][gc,start    ] GC(62) Pause Final Mark (unload classes)
[55.491s][info][gc,task     ] GC(62) Using 3 of 3 workers for final marking
[55.491s][info][gc,ergo     ] GC(62) Collectable Garbage: 1920M (94%), Immediate: 1920M (94%), CSet: 0B (0%)
[55.492s][info][gc          ] GC(62) Pause Final Mark (unload classes) 0.336ms
[55.492s][info][gc,start    ] GC(62) Concurrent weak references
[55.492s][info][gc,task     ] GC(62) Using 1 of 3 workers for concurrent weak references
[55.492s][info][gc,ref      ] GC(62) Encountered references: Soft: 144, Weak: 702, Final: 0, Phantom: 27
[55.492s][info][gc,ref      ] GC(62) Discovered  references: Soft: 0, Weak: 150, Final: 0, Phantom: 12
[55.492s][info][gc,ref      ] GC(62) Enqueued    references: Soft: 0, Weak: 0, Final: 0, Phantom: 0
[55.492s][info][gc          ] GC(62) Concurrent weak references 0.147ms
[55.492s][info][gc,start    ] GC(62) Concurrent weak roots
[55.492s][info][gc,task     ] GC(62) Using 1 of 3 workers for concurrent weak root
[55.492s][info][gc          ] GC(62) Concurrent weak roots 0.663ms
[55.492s][info][gc,start    ] GC(62) Concurrent cleanup
[55.492s][info][gc          ] GC(62) Concurrent cleanup 2099M->179M(8192M) 0.042ms
[55.493s][info][gc,ergo     ] GC(62) Free: 7600M, Max: 4096K regular, 5680M humongous, Frag: 26% external, 0% internal; Reserve: 412M, Max: 4096K
[55.493s][info][gc,start    ] GC(62) Concurrent class unloading
[55.493s][info][gc,task     ] GC(62) Using 1 of 3 workers for concurrent class unloading
[55.495s][info][gc          ] GC(62) Concurrent class unloading 2.294ms
[55.495s][info][gc,start    ] GC(62) Pause Final Roots
[55.495s][info][gc          ] GC(62) Pause Final Roots 0.041ms
[55.495s][info][gc,ergo     ] Free: 7592M, Max: 4096K regular, 5680M humongous, Frag: 26% external, 0% internal; Reserve: 412M, Max: 4096K
[55.495s][info][gc,stats    ] 
[55.495s][info][gc,stats    ] All times are wall-clock times, except per-root-class counters, that are sum over
[55.495s][info][gc,stats    ] all workers. Dividing the <total> over the root stage time estimates parallelism.
[55.495s][info][gc,stats    ] 
[55.495s][info][gc,stats    ] Concurrent Reset                    685 us
[55.495s][info][gc,stats    ] Pause Init Mark (G)                 411 us
[55.495s][info][gc,stats    ] Pause Init Mark (N)                 211 us
[55.495s][info][gc,stats    ]   Update Region States               78 us
[55.495s][info][gc,stats    ] Concurrent Mark Roots               482 us, parallelism: 0.71x
[55.495s][info][gc,stats    ]   CMR: <total>                      342 us
[55.495s][info][gc,stats    ]   CMR: Thread Roots                 299 us, workers (us): 299, ---, ---, 
[55.495s][info][gc,stats    ]   CMR: VM Strong Roots                6 us, workers (us):   6, ---, ---, 
[55.495s][info][gc,stats    ]   CMR: CLDG Roots                    37 us, workers (us):  37, ---, ---, 
[55.495s][info][gc,stats    ] Concurrent Marking                21330 us
[55.495s][info][gc,stats    ] Pause Final Mark (G)                501 us
[55.495s][info][gc,stats    ] Pause Final Mark (N)                356 us
[55.495s][info][gc,stats    ]   Finish Mark                       100 us
[55.495s][info][gc,stats    ]   Update Region States               91 us
[55.495s][info][gc,stats    ]   Choose Collection Set              61 us
[55.495s][info][gc,stats    ]   Rebuild Free Set                   16 us
[55.495s][info][gc,stats    ] Concurrent Weak References          154 us, parallelism: 0.03x
[55.495s][info][gc,stats    ]   CWRF: <total>                       5 us
[55.495s][info][gc,stats    ]   CWRF: Weak References               5 us, workers (us):   5, ---, ---, 
[55.495s][info][gc,stats    ] Concurrent Weak Roots               682 us
[55.495s][info][gc,stats    ]   Roots                             592 us, parallelism: 0.88x
[55.495s][info][gc,stats    ]     CWR: <total>                    521 us
[55.495s][info][gc,stats    ]     CWR: Code Cache Roots           402 us, workers (us): 402, ---, ---, 
[55.495s][info][gc,stats    ]     CWR: VM Weak Roots              112 us, workers (us): 112, ---, ---, 
[55.495s][info][gc,stats    ]     CWR: CLDG Roots                   6 us, workers (us):   6, ---, ---, 
[55.495s][info][gc,stats    ]   Rendezvous                         56 us
[55.495s][info][gc,stats    ] Concurrent Cleanup                   50 us
[55.495s][info][gc,stats    ] Concurrent Class Unloading         2344 us
[55.495s][info][gc,stats    ]   Unlink Stale                     1973 us
[55.495s][info][gc,stats    ]     System Dictionary                 3 us
[55.495s][info][gc,stats    ]     Weak Class Links                  0 us
[55.496s][info][gc,stats    ]     Code Roots                     1968 us
[55.496s][info][gc,stats    ]   Rendezvous                        149 us
[55.496s][info][gc,stats    ]   Purge Unlinked                    154 us
[55.496s][info][gc,stats    ]     Code Roots                      145 us
[55.496s][info][gc,stats    ]     CLDG                              9 us
[55.496s][info][gc,stats    ]     Exception Caches                  0 us
[55.496s][info][gc,stats    ] Pause Final Roots (G)               185 us
[55.496s][info][gc,stats    ] Pause Final Roots (N)                58 us
[55.496s][info][gc,stats    ] 
[55.496s][info][gc,stats    ] Allocation pacing accrued:
[55.496s][info][gc,stats    ]       0 of   904 ms (  0.0%): <total>
[55.496s][info][gc,stats    ]       0 of   904 ms (  0.0%): <average total>
[55.496s][info][gc,stats    ] 
[55.496s][info][gc,metaspace] Metaspace: 8945K(9152K)->8945K(9152K) NonClass: 7773K(7872K)->7773K(7872K) Class: 1171K(1280K)->1171K(1280K)
[55.496s][info][gc,ergo     ] Pacer for Idle. Initial: 163M, Alloc Tax Rate: 1.0x
[56.394s][info][gc          ] Trigger: Learning 4 of 5. Free (5720M) is below initial threshold (5734M)
[56.394s][info][gc,ergo     ] Free: 5720M, Max: 4096K regular, 5680M humongous, Frag: 1% external, 0% internal; Reserve: 412M, Max: 4096K
[56.394s][info][gc,start    ] GC(63) Concurrent reset
[56.394s][info][gc,task     ] GC(63) Using 1 of 3 workers for concurrent reset
[56.394s][info][gc,ergo     ] GC(63) Pacer for Reset. Non-Taxable: 8192M
[56.395s][info][gc          ] GC(63) Concurrent reset 0.868ms
[56.395s][info][gc,start    ] GC(63) Pause Init Mark (unload classes)
[56.395s][info][gc,task     ] GC(63) Using 3 of 3 workers for init marking
[56.395s][info][gc,ergo     ] GC(63) Pacer for Mark. Expected Live: 13286K, Free: 5716M, Non-Taxable: 571M, Alloc Tax Rate: 0.0x
[56.395s][info][gc          ] GC(63) Pause Init Mark (unload classes) 0.193ms
[56.395s][info][gc,start    ] GC(63) Concurrent marking roots
[56.395s][info][gc,task     ] GC(63) Using 1 of 3 workers for concurrent marking roots
[56.396s][info][gc          ] GC(63) Concurrent marking roots 0.728ms
[56.396s][info][gc,start    ] GC(63) Concurrent marking (unload classes)
[56.396s][info][gc,task     ] GC(63) Using 1 of 3 workers for concurrent marking
[56.427s][info][gc          ] GC(63) Concurrent marking (unload classes) 30.586ms
[56.427s][info][gc,start    ] GC(63) Pause Final Mark (unload classes)
[56.427s][info][gc,task     ] GC(63) Using 3 of 3 workers for final marking
[56.427s][info][gc,ergo     ] GC(63) Collectable Garbage: 1951M (95%), Immediate: 1951M (95%), CSet: 0B (0%)
[56.427s][info][gc          ] GC(63) Pause Final Mark (unload classes) 0.321ms
[56.427s][info][gc,start    ] GC(63) Concurrent weak references
[56.427s][info][gc,task     ] GC(63) Using 1 of 3 workers for concurrent weak references
[56.427s][info][gc,ref      ] GC(63) Encountered references: Soft: 144, Weak: 702, Final: 0, Phantom: 27
[56.427s][info][gc,ref      ] GC(63) Discovered  references: Soft: 0, Weak: 154, Final: 0, Phantom: 12
[56.427s][info][gc,ref      ] GC(63) Enqueued    references: Soft: 0, Weak: 0, Final: 0, Phantom: 0
[56.427s][info][gc          ] GC(63) Concurrent weak references 0.140ms
[56.427s][info][gc,start    ] GC(63) Concurrent weak roots
[56.427s][info][gc,task     ] GC(63) Using 1 of 3 workers for concurrent weak root
[56.428s][info][gc          ] GC(63) Concurrent weak roots 0.700ms
[56.428s][info][gc,start    ] GC(63) Concurrent cleanup
[56.428s][info][gc          ] GC(63) Concurrent cleanup 2127M->175M(8192M) 0.047ms
[56.428s][info][gc,ergo     ] GC(63) Free: 7604M, Max: 4096K regular, 5652M humongous, Frag: 26% external, 0% internal; Reserve: 412M, Max: 4096K
[56.428s][info][gc,start    ] GC(63) Concurrent class unloading
[56.428s][info][gc,task     ] GC(63) Using 1 of 3 workers for concurrent class unloading
[56.430s][info][gc          ] GC(63) Concurrent class unloading 1.776ms
[56.430s][info][gc,start    ] GC(63) Pause Final Roots
[56.430s][info][gc          ] GC(63) Pause Final Roots 0.020ms
[56.430s][info][gc,ergo     ] Free: 7600M, Max: 4096K regular, 5652M humongous, Frag: 26% external, 0% internal; Reserve: 412M, Max: 4096K
[56.430s][info][gc,stats    ] 
[56.430s][info][gc,stats    ] All times are wall-clock times, except per-root-class counters, that are sum over
[56.430s][info][gc,stats    ] all workers. Dividing the <total> over the root stage time estimates parallelism.
[56.430s][info][gc,stats    ] 
[56.430s][info][gc,stats    ] Concurrent Reset                    955 us
[56.430s][info][gc,stats    ] Pause Init Mark (G)                 365 us
[56.430s][info][gc,stats    ] Pause Init Mark (N)                 210 us
[56.430s][info][gc,stats    ]   Update Region States               75 us
[56.430s][info][gc,stats    ] Concurrent Mark Roots               748 us, parallelism: 0.79x
[56.430s][info][gc,stats    ]   CMR: <total>                      593 us
[56.430s][info][gc,stats    ]   CMR: Thread Roots                 522 us, workers (us): 522, ---, ---, 
[56.430s][info][gc,stats    ]   CMR: VM Strong Roots                8 us, workers (us):   8, ---, ---, 
[56.430s][info][gc,stats    ]   CMR: CLDG Roots                    62 us, workers (us):  62, ---, ---, 
[56.430s][info][gc,stats    ] Concurrent Marking                30653 us
[56.430s][info][gc,stats    ] Pause Final Mark (G)                477 us
[56.430s][info][gc,stats    ] Pause Final Mark (N)                342 us
[56.430s][info][gc,stats    ]   Finish Mark                       101 us
[56.430s][info][gc,stats    ]   Update Region States               65 us
[56.430s][info][gc,stats    ]   Choose Collection Set              61 us
[56.431s][info][gc,stats    ]   Rebuild Free Set                   16 us
[56.431s][info][gc,stats    ] Concurrent Weak References          148 us, parallelism: 0.06x
[56.431s][info][gc,stats    ]   CWRF: <total>                       8 us
[56.431s][info][gc,stats    ]   CWRF: Weak References               8 us, workers (us):   8, ---, ---, 
[56.431s][info][gc,stats    ] Concurrent Weak Roots               719 us
[56.431s][info][gc,stats    ]   Roots                             592 us, parallelism: 0.88x
[56.431s][info][gc,stats    ]     CWR: <total>                    520 us
[56.431s][info][gc,stats    ]     CWR: Code Cache Roots           401 us, workers (us): 401, ---, ---, 
[56.431s][info][gc,stats    ]     CWR: VM Weak Roots              112 us, workers (us): 112, ---, ---, 
[56.431s][info][gc,stats    ]     CWR: CLDG Roots                   7 us, workers (us):   7, ---, ---, 
[56.431s][info][gc,stats    ]   Rendezvous                         93 us
[56.431s][info][gc,stats    ] Concurrent Cleanup                   55 us
[56.431s][info][gc,stats    ] Concurrent Class Unloading         1804 us
[56.431s][info][gc,stats    ]   Unlink Stale                     1620 us
[56.431s][info][gc,stats    ]     System Dictionary                 3 us
[56.431s][info][gc,stats    ]     Weak Class Links                  0 us
[56.431s][info][gc,stats    ]     Code Roots                     1616 us
[56.431s][info][gc,stats    ]   Rendezvous                         56 us
[56.431s][info][gc,stats    ]   Purge Unlinked                     84 us
[56.431s][info][gc,stats    ]     Code Roots                       80 us
[56.431s][info][gc,stats    ]     CLDG                              4 us
[56.431s][info][gc,stats    ]     Exception Caches                  0 us
[56.431s][info][gc,stats    ] Pause Final Roots (G)                95 us
[56.431s][info][gc,stats    ] Pause Final Roots (N)                28 us
[56.431s][info][gc,stats    ] 
[56.431s][info][gc,stats    ] Allocation pacing accrued:
[56.431s][info][gc,stats    ]       0 of   935 ms (  0.0%): <total>
[56.431s][info][gc,stats    ]       0 of   935 ms (  0.0%): <average total>
[56.431s][info][gc,stats    ] 
[56.431s][info][gc,metaspace] Metaspace: 8945K(9152K)->8945K(9152K) NonClass: 7773K(7872K)->7773K(7872K) Class: 1171K(1280K)->1171K(1280K)
[56.431s][info][gc,ergo     ] Pacer for Idle. Initial: 163M, Alloc Tax Rate: 1.0x
[57.132s][info][gc          ] Trigger: Explicit GC request (System.gc())
[57.132s][info][gc,ergo     ] Free: 6732M, Max: 4096K regular, 5652M humongous, Frag: 17% external, 0% internal; Reserve: 412M, Max: 4096K
[57.132s][info][gc,start    ] GC(64) Concurrent reset
[57.132s][info][gc,task     ] GC(64) Using 1 of 3 workers for concurrent reset
[57.132s][info][gc,ergo     ] GC(64) Pacer for Reset. Non-Taxable: 8192M
[57.133s][info][gc          ] GC(64) Concurrent reset 0.958ms
[57.133s][info][gc,start    ] GC(64) Pause Init Mark (unload classes)
[57.133s][info][gc,task     ] GC(64) Using 3 of 3 workers for init marking
[57.133s][info][gc,ref      ] GC(64) Clearing All SoftReferences
[57.133s][info][gc,ergo     ] GC(64) Pacer for Mark. Expected Live: 14671K, Free: 6732M, Non-Taxable: 673M, Alloc Tax Rate: 0.0x
[57.133s][info][gc          ] GC(64) Pause Init Mark (unload classes) 0.181ms
[57.133s][info][gc,start    ] GC(64) Concurrent marking roots
[57.133s][info][gc,task     ] GC(64) Using 1 of 3 workers for concurrent marking roots
[57.134s][info][gc          ] GC(64) Concurrent marking roots 0.552ms
[57.134s][info][gc,start    ] GC(64) Concurrent marking (unload classes)
[57.134s][info][gc,task     ] GC(64) Using 1 of 3 workers for concurrent marking
[57.138s][info][gc          ] GC(64) Concurrent marking (unload classes) 3.620ms
[57.138s][info][gc,start    ] GC(64) Pause Final Mark (unload classes)
[57.138s][info][gc,task     ] GC(64) Using 3 of 3 workers for final marking
[57.138s][info][gc,ergo     ] GC(64) Collectable Garbage: 983M (94%), Immediate: 983M (94%), CSet: 0B (0%)
[57.138s][info][gc          ] GC(64) Pause Final Mark (unload classes) 0.350ms
[57.138s][info][gc,start    ] GC(64) Concurrent weak references
[57.138s][info][gc,task     ] GC(64) Using 1 of 3 workers for concurrent weak references
[57.138s][info][gc,ref      ] GC(64) Encountered references: Soft: 144, Weak: 702, Final: 0, Phantom: 27
[57.138s][info][gc,ref      ] GC(64) Discovered  references: Soft: 89, Weak: 168, Final: 0, Phantom: 25
[57.138s][info][gc,ref      ] GC(64) Enqueued    references: Soft: 3, Weak: 0, Final: 0, Phantom: 0
[57.138s][info][gc          ] GC(64) Concurrent weak references 0.159ms
[57.138s][info][gc,start    ] GC(64) Concurrent weak roots
[57.138s][info][gc,task     ] GC(64) Using 1 of 3 workers for concurrent weak root
[57.139s][info][gc          ] GC(64) Concurrent weak roots 0.502ms
[57.139s][info][gc,start    ] GC(64) Concurrent cleanup
[57.139s][info][gc          ] GC(64) Concurrent cleanup 1047M->63M(8192M) 0.029ms
[57.139s][info][gc,ergo     ] GC(64) Free: 7716M, Max: 4096K regular, 6832M humongous, Frag: 12% external, 0% internal; Reserve: 412M, Max: 4096K
[57.139s][info][gc,start    ] GC(64) Concurrent class unloading
[57.139s][info][gc,task     ] GC(64) Using 1 of 3 workers for concurrent class unloading
[57.141s][info][gc          ] GC(64) Concurrent class unloading 1.799ms
[57.141s][info][gc,start    ] GC(64) Pause Final Roots
[57.141s][info][gc          ] GC(64) Pause Final Roots 0.020ms
[57.141s][info][gc,ergo     ] Free: 7716M, Max: 4096K regular, 6832M humongous, Frag: 12% external, 0% internal; Reserve: 412M, Max: 4096K
[57.141s][info][gc,stats    ] 
[57.141s][info][gc,stats    ] All times are wall-clock times, except per-root-class counters, that are sum over
[57.141s][info][gc,stats    ] all workers. Dividing the <total> over the root stage time estimates parallelism.
[57.141s][info][gc,stats    ] 
[57.141s][info][gc,stats    ] Concurrent Reset                   1056 us
[57.141s][info][gc,stats    ] Pause Init Mark (G)                 316 us
[57.141s][info][gc,stats    ] Pause Init Mark (N)                 198 us
[57.141s][info][gc,stats    ]   Update Region States               67 us
[57.141s][info][gc,stats    ] Concurrent Mark Roots               570 us, parallelism: 0.80x
[57.141s][info][gc,stats    ]   CMR: <total>                      456 us
[57.141s][info][gc,stats    ]   CMR: Thread Roots                 369 us, workers (us): 369, ---, ---, 
[57.141s][info][gc,stats    ]   CMR: VM Strong Roots               15 us, workers (us):  15, ---, ---, 
[57.141s][info][gc,stats    ]   CMR: CLDG Roots                    72 us, workers (us):  72, ---, ---, 
[57.141s][info][gc,stats    ] Concurrent Marking                 3679 us
[57.141s][info][gc,stats    ] Pause Final Mark (G)                474 us
[57.141s][info][gc,stats    ] Pause Final Mark (N)                375 us
[57.141s][info][gc,stats    ]   Finish Mark                       120 us
[57.141s][info][gc,stats    ]   Update Region States               65 us
[57.141s][info][gc,stats    ]   Choose Collection Set              66 us
[57.141s][info][gc,stats    ]   Rebuild Free Set                   17 us
[57.141s][info][gc,stats    ] Concurrent Weak References          175 us, parallelism: 0.07x
[57.141s][info][gc,stats    ]   CWRF: <total>                      13 us
[57.141s][info][gc,stats    ]   CWRF: Weak References              13 us, workers (us):  13, ---, ---, 
[57.141s][info][gc,stats    ] Concurrent Weak Roots               520 us
[57.141s][info][gc,stats    ]   Roots                             411 us, parallelism: 0.87x
[57.141s][info][gc,stats    ]     CWR: <total>                    358 us
[57.141s][info][gc,stats    ]     CWR: Code Cache Roots           291 us, workers (us): 291, ---, ---, 
[57.141s][info][gc,stats    ]     CWR: VM Weak Roots               64 us, workers (us):  64, ---, ---, 
[57.141s][info][gc,stats    ]     CWR: CLDG Roots                   3 us, workers (us):   3, ---, ---, 
[57.141s][info][gc,stats    ]   Rendezvous                         59 us
[57.141s][info][gc,stats    ] Concurrent Cleanup                   38 us
[57.141s][info][gc,stats    ] Concurrent Class Unloading         1845 us
[57.141s][info][gc,stats    ]   Unlink Stale                     1592 us
[57.141s][info][gc,stats    ]     System Dictionary                 3 us
[57.141s][info][gc,stats    ]     Weak Class Links                  0 us
[57.141s][info][gc,stats    ]     Code Roots                     1589 us
[57.142s][info][gc,stats    ]   Rendezvous                        118 us
[57.142s][info][gc,stats    ]   Purge Unlinked                     70 us
[57.142s][info][gc,stats    ]     Code Roots                       61 us
[57.142s][info][gc,stats    ]     CLDG                              8 us
[57.142s][info][gc,stats    ]     Exception Caches                  0 us
[57.142s][info][gc,stats    ] Pause Final Roots (G)               183 us
[57.142s][info][gc,stats    ] Pause Final Roots (N)                28 us
[57.142s][info][gc,stats    ] 
[57.142s][info][gc,stats    ] Allocation pacing accrued:
[57.142s][info][gc,stats    ]       0 of   711 ms (  0.0%): <total>
[57.142s][info][gc,stats    ]       0 of   711 ms (  0.0%): <average total>
[57.142s][info][gc,stats    ] 
[57.142s][info][gc,metaspace] Metaspace: 8946K(9152K)->8946K(9152K) NonClass: 7774K(7872K)->7774K(7872K) Class: 1171K(1280K)->1171K(1280K)
[57.142s][info][gc,ergo     ] Pacer for Idle. Initial: 163M, Alloc Tax Rate: 1.0x
[58.058s][info][gc          ] Trigger: Learning 2 of 5. Free (5720M) is below initial threshold (5734M)
[58.058s][info][gc,ergo     ] Free: 5720M, Max: 4096K regular, 5720M humongous, Frag: 0% external, 0% internal; Reserve: 412M, Max: 4096K
[58.058s][info][gc,start    ] GC(65) Concurrent reset
[58.058s][info][gc,task     ] GC(65) Using 1 of 3 workers for concurrent reset
[58.058s][info][gc,ergo     ] GC(65) Pacer for Reset. Non-Taxable: 8192M
[58.059s][info][gc          ] GC(65) Concurrent reset 0.565ms
[58.059s][info][gc,start    ] GC(65) Pause Init Mark (unload classes)
[58.059s][info][gc,task     ] GC(65) Using 3 of 3 workers for init marking
[58.059s][info][gc,ergo     ] GC(65) Pacer for Mark. Expected Live: 10806K, Free: 5720M, Non-Taxable: 572M, Alloc Tax Rate: 0.0x
[58.059s][info][gc          ] GC(65) Pause Init Mark (unload classes) 0.182ms
[58.059s][info][gc,start    ] GC(65) Concurrent marking roots
[58.059s][info][gc,task     ] GC(65) Using 1 of 3 workers for concurrent marking roots
[58.059s][info][gc          ] GC(65) Concurrent marking roots 0.451ms
[58.059s][info][gc,start    ] GC(65) Concurrent marking (unload classes)
[58.059s][info][gc,task     ] GC(65) Using 1 of 3 workers for concurrent marking
[58.073s][info][gc          ] GC(65) Concurrent marking (unload classes) 13.232ms
[58.073s][info][gc,start    ] GC(65) Pause Final Mark (unload classes)
[58.073s][info][gc,task     ] GC(65) Using 3 of 3 workers for final marking
[58.073s][info][gc,ergo     ] GC(65) Collectable Garbage: 1960M (95%), Immediate: 1960M (95%), CSet: 0B (0%)
[58.073s][info][gc          ] GC(65) Pause Final Mark (unload classes) 0.353ms
[58.073s][info][gc,start    ] GC(65) Concurrent weak references
[58.073s][info][gc,task     ] GC(65) Using 1 of 3 workers for concurrent weak references
[58.073s][info][gc,ref      ] GC(65) Encountered references: Soft: 144, Weak: 702, Final: 0, Phantom: 27
[58.073s][info][gc,ref      ] GC(65) Discovered  references: Soft: 0, Weak: 150, Final: 0, Phantom: 12
[58.073s][info][gc,ref      ] GC(65) Enqueued    references: Soft: 0, Weak: 0, Final: 0, Phantom: 0
[58.073s][info][gc          ] GC(65) Concurrent weak references 0.167ms
[58.073s][info][gc,start    ] GC(65) Concurrent weak roots
[58.073s][info][gc,task     ] GC(65) Using 1 of 3 workers for concurrent weak root
[58.074s][info][gc          ] GC(65) Concurrent weak roots 0.716ms
[58.074s][info][gc,start    ] GC(65) Concurrent cleanup
[58.074s][info][gc          ] GC(65) Concurrent cleanup 2091M->131M(8192M) 0.043ms
[58.074s][info][gc,ergo     ] GC(65) Free: 7648M, Max: 4096K regular, 5688M humongous, Frag: 26% external, 0% internal; Reserve: 412M, Max: 4096K
[58.074s][info][gc,start    ] GC(65) Concurrent class unloading
[58.074s][info][gc,task     ] GC(65) Using 1 of 3 workers for concurrent class unloading
[58.076s][info][gc          ] GC(65) Concurrent class unloading 1.801ms
[58.076s][info][gc,start    ] GC(65) Pause Final Roots
[58.076s][info][gc          ] GC(65) Pause Final Roots 0.021ms
[58.076s][info][gc,ergo     ] Free: 7644M, Max: 4096K regular, 5688M humongous, Frag: 26% external, 0% internal; Reserve: 412M, Max: 4096K
[58.076s][info][gc,stats    ] 
[58.076s][info][gc,stats    ] All times are wall-clock times, except per-root-class counters, that are sum over
[58.076s][info][gc,stats    ] all workers. Dividing the <total> over the root stage time estimates parallelism.
[58.076s][info][gc,stats    ] 
[58.076s][info][gc,stats    ] Concurrent Reset                    611 us
[58.076s][info][gc,stats    ] Pause Init Mark (G)                 346 us
[58.076s][info][gc,stats    ] Pause Init Mark (N)                 199 us
[58.076s][info][gc,stats    ]   Update Region States               77 us
[58.076s][info][gc,stats    ] Concurrent Mark Roots               469 us, parallelism: 0.71x
[58.076s][info][gc,stats    ]   CMR: <total>                      334 us
[58.076s][info][gc,stats    ]   CMR: Thread Roots                 293 us, workers (us): 293, ---, ---, 
[58.076s][info][gc,stats    ]   CMR: VM Strong Roots                5 us, workers (us):   5, ---, ---, 
[58.076s][info][gc,stats    ]   CMR: CLDG Roots                    36 us, workers (us):  36, ---, ---, 
[58.076s][info][gc,stats    ] Concurrent Marking                13292 us
[58.076s][info][gc,stats    ] Pause Final Mark (G)                501 us
[58.076s][info][gc,stats    ] Pause Final Mark (N)                372 us
[58.076s][info][gc,stats    ]   Finish Mark                       123 us
[58.076s][info][gc,stats    ]   Update Region States               89 us
[58.076s][info][gc,stats    ]   Choose Collection Set              62 us
[58.076s][info][gc,stats    ]   Rebuild Free Set                   16 us
[58.076s][info][gc,stats    ] Concurrent Weak References          175 us, parallelism: 0.03x
[58.076s][info][gc,stats    ]   CWRF: <total>                       4 us
[58.076s][info][gc,stats    ]   CWRF: Weak References               4 us, workers (us):   4, ---, ---, 
[58.076s][info][gc,stats    ] Concurrent Weak Roots               736 us
[58.076s][info][gc,stats    ]   Roots                             616 us, parallelism: 0.88x
[58.076s][info][gc,stats    ]     CWR: <total>                    544 us
[58.076s][info][gc,stats    ]     CWR: Code Cache Roots           424 us, workers (us): 424, ---, ---, 
[58.076s][info][gc,stats    ]     CWR: VM Weak Roots              114 us, workers (us): 114, ---, ---, 
[58.076s][info][gc,stats    ]     CWR: CLDG Roots                   7 us, workers (us):   7, ---, ---, 
[58.076s][info][gc,stats    ]   Rendezvous                         84 us
[58.076s][info][gc,stats    ] Concurrent Cleanup                   56 us
[58.076s][info][gc,stats    ] Concurrent Class Unloading         1834 us
[58.076s][info][gc,stats    ]   Unlink Stale                     1641 us
[58.077s][info][gc,stats    ]     System Dictionary                 3 us
[58.077s][info][gc,stats    ]     Weak Class Links                  0 us
[58.077s][info][gc,stats    ]     Code Roots                     1637 us
[58.077s][info][gc,stats    ]   Rendezvous                         55 us
[58.077s][info][gc,stats    ]   Purge Unlinked                     86 us
[58.077s][info][gc,stats    ]     Code Roots                       81 us
[58.077s][info][gc,stats    ]     CLDG                              5 us
[58.077s][info][gc,stats    ]     Exception Caches                  0 us
[58.077s][info][gc,stats    ] Pause Final Roots (G)                98 us
[58.077s][info][gc,stats    ] Pause Final Roots (N)                29 us
[58.077s][info][gc,stats    ] 
[58.077s][info][gc,stats    ] Allocation pacing accrued:
[58.077s][info][gc,stats    ]       0 of   935 ms (  0.0%): <total>
[58.077s][info][gc,stats    ]       0 of   935 ms (  0.0%): <average total>
[58.077s][info][gc,stats    ] 
[58.077s][info][gc,metaspace] Metaspace: 8946K(9152K)->8946K(9152K) NonClass: 7774K(7872K)->7774K(7872K) Class: 1171K(1280K)->1171K(1280K)
[58.077s][info][gc,ergo     ] Pacer for Idle. Initial: 163M, Alloc Tax Rate: 1.0x
[58.968s][info][gc          ] Trigger: Learning 3 of 5. Free (5708M) is below initial threshold (5734M)
[58.968s][info][gc,ergo     ] Free: 5708M, Max: 4096K regular, 5688M humongous, Frag: 1% external, 0% internal; Reserve: 412M, Max: 4096K
[58.968s][info][gc,start    ] GC(66) Concurrent reset
[58.968s][info][gc,task     ] GC(66) Using 1 of 3 workers for concurrent reset
[58.969s][info][gc,ergo     ] GC(66) Pacer for Reset. Non-Taxable: 8192M
[58.969s][info][gc          ] GC(66) Concurrent reset 0.689ms
[58.969s][info][gc,start    ] GC(66) Pause Init Mark (unload classes)
[58.969s][info][gc,task     ] GC(66) Using 3 of 3 workers for init marking
[58.969s][info][gc,ergo     ] GC(66) Pacer for Mark. Expected Live: 12103K, Free: 5708M, Non-Taxable: 570M, Alloc Tax Rate: 0.0x
[58.969s][info][gc          ] GC(66) Pause Init Mark (unload classes) 0.126ms
[58.969s][info][gc,start    ] GC(66) Concurrent marking roots
[58.970s][info][gc,task     ] GC(66) Using 1 of 3 workers for concurrent marking roots
[58.970s][info][gc          ] GC(66) Concurrent marking roots 0.427ms
[58.970s][info][gc,start    ] GC(66) Concurrent marking (unload classes)
[58.970s][info][gc,task     ] GC(66) Using 1 of 3 workers for concurrent marking
[58.991s][info][gc          ] GC(66) Concurrent marking (unload classes) 20.876ms
[58.991s][info][gc,start    ] GC(66) Pause Final Mark (unload classes)
[58.991s][info][gc,task     ] GC(66) Using 3 of 3 workers for final marking
[58.991s][info][gc,ergo     ] GC(66) Collectable Garbage: 1948M (94%), Immediate: 1948M (94%), CSet: 0B (0%)
[58.991s][info][gc          ] GC(66) Pause Final Mark (unload classes) 0.381ms
[58.991s][info][gc,start    ] GC(66) Concurrent weak references
[58.991s][info][gc,task     ] GC(66) Using 1 of 3 workers for concurrent weak references
[58.992s][info][gc,ref      ] GC(66) Encountered references: Soft: 144, Weak: 702, Final: 0, Phantom: 27
[58.992s][info][gc,ref      ] GC(66) Discovered  references: Soft: 0, Weak: 150, Final: 0, Phantom: 25
[58.992s][info][gc,ref      ] GC(66) Enqueued    references: Soft: 0, Weak: 0, Final: 0, Phantom: 0
[58.992s][info][gc          ] GC(66) Concurrent weak references 0.141ms
[58.992s][info][gc,start    ] GC(66) Concurrent weak roots
[58.992s][info][gc,task     ] GC(66) Using 1 of 3 workers for concurrent weak root
[58.992s][info][gc          ] GC(66) Concurrent weak roots 0.500ms
[58.992s][info][gc,start    ] GC(66) Concurrent cleanup
[58.992s][info][gc          ] GC(66) Concurrent cleanup 2111M->163M(8192M) 0.043ms
[58.992s][info][gc,ergo     ] GC(66) Free: 7616M, Max: 4096K regular, 5668M humongous, Frag: 26% external, 0% internal; Reserve: 412M, Max: 4096K
[58.992s][info][gc,start    ] GC(66) Concurrent class unloading
[58.992s][info][gc,task     ] GC(66) Using 1 of 3 workers for concurrent class unloading
[58.994s][info][gc          ] GC(66) Concurrent class unloading 1.687ms
[58.994s][info][gc,start    ] GC(66) Pause Final Roots
[58.994s][info][gc          ] GC(66) Pause Final Roots 0.036ms
[58.994s][info][gc,ergo     ] Free: 7612M, Max: 4096K regular, 5668M humongous, Frag: 26% external, 0% internal; Reserve: 412M, Max: 4096K
[58.994s][info][gc,stats    ] 
[58.994s][info][gc,stats    ] All times are wall-clock times, except per-root-class counters, that are sum over
[58.994s][info][gc,stats    ] all workers. Dividing the <total> over the root stage time estimates parallelism.
[58.994s][info][gc,stats    ] 
[58.994s][info][gc,stats    ] Concurrent Reset                    735 us
[58.994s][info][gc,stats    ] Pause Init Mark (G)                 284 us
[58.994s][info][gc,stats    ] Pause Init Mark (N)                 136 us
[58.994s][info][gc,stats    ]   Update Region States               52 us
[58.994s][info][gc,stats    ] Concurrent Mark Roots               445 us, parallelism: 0.77x
[58.994s][info][gc,stats    ]   CMR: <total>                      341 us
[58.994s][info][gc,stats    ]   CMR: Thread Roots                 301 us, workers (us): 301, ---, ---, 
[58.994s][info][gc,stats    ]   CMR: VM Strong Roots                5 us, workers (us):   5, ---, ---, 
[58.994s][info][gc,stats    ]   CMR: CLDG Roots                    35 us, workers (us):  35, ---, ---, 
[58.994s][info][gc,stats    ] Concurrent Marking                20944 us
[58.994s][info][gc,stats    ] Pause Final Mark (G)                525 us
[58.994s][info][gc,stats    ] Pause Final Mark (N)                400 us
[58.994s][info][gc,stats    ]   Finish Mark                       131 us
[58.994s][info][gc,stats    ]   Update Region States               90 us
[58.994s][info][gc,stats    ]   Choose Collection Set              63 us
[58.994s][info][gc,stats    ]   Rebuild Free Set                   17 us
[58.994s][info][gc,stats    ] Concurrent Weak References          149 us, parallelism: 0.05x
[58.994s][info][gc,stats    ]   CWRF: <total>                       8 us
[58.994s][info][gc,stats    ]   CWRF: Weak References               8 us, workers (us):   8, ---, ---, 
[58.994s][info][gc,stats    ] Concurrent Weak Roots               518 us
[58.994s][info][gc,stats    ]   Roots                             399 us, parallelism: 0.91x
[58.994s][info][gc,stats    ]     CWR: <total>                    363 us
[58.994s][info][gc,stats    ]     CWR: Code Cache Roots           299 us, workers (us): 299, ---, ---, 
[58.994s][info][gc,stats    ]     CWR: VM Weak Roots               60 us, workers (us):  60, ---, ---, 
[58.994s][info][gc,stats    ]     CWR: CLDG Roots                   5 us, workers (us):   5, ---, ---, 
[58.994s][info][gc,stats    ]   Rendezvous                         85 us
[58.994s][info][gc,stats    ] Concurrent Cleanup                   51 us
[58.994s][info][gc,stats    ] Concurrent Class Unloading         1716 us
[58.994s][info][gc,stats    ]   Unlink Stale                     1536 us
[58.994s][info][gc,stats    ]     System Dictionary                 2 us
[58.994s][info][gc,stats    ]     Weak Class Links                  0 us
[58.994s][info][gc,stats    ]     Code Roots                     1533 us
[58.994s][info][gc,stats    ]   Rendezvous                         66 us
[58.994s][info][gc,stats    ]   Purge Unlinked                     68 us
[58.995s][info][gc,stats    ]     Code Roots                       63 us
[58.995s][info][gc,stats    ]     CLDG                              4 us
[58.995s][info][gc,stats    ]     Exception Caches                  0 us
[58.995s][info][gc,stats    ] Pause Final Roots (G)               130 us
[58.995s][info][gc,stats    ] Pause Final Roots (N)                45 us
[58.995s][info][gc,stats    ] 
[58.995s][info][gc,stats    ] Allocation pacing accrued:
[58.995s][info][gc,stats    ]       0 of   918 ms (  0.0%): <total>
[58.995s][info][gc,stats    ]       0 of   918 ms (  0.0%): <average total>
[58.995s][info][gc,stats    ] 
[58.995s][info][gc,metaspace] Metaspace: 8946K(9152K)->8946K(9152K) NonClass: 7774K(7872K)->7774K(7872K) Class: 1171K(1280K)->1171K(1280K)
[58.995s][info][gc,ergo     ] Pacer for Idle. Initial: 163M, Alloc Tax Rate: 1.0x
[59.909s][info][gc          ] Trigger: Learning 4 of 5. Free (5700M) is below initial threshold (5734M)
[59.909s][info][gc,ergo     ] Free: 5700M, Max: 4096K regular, 5668M humongous, Frag: 1% external, 0% internal; Reserve: 412M, Max: 4096K
[59.910s][info][gc,start    ] GC(67) Concurrent reset
[59.910s][info][gc,task     ] GC(67) Using 1 of 3 workers for concurrent reset
[59.910s][info][gc,ergo     ] GC(67) Pacer for Reset. Non-Taxable: 8192M
[59.910s][info][gc          ] GC(67) Concurrent reset 0.772ms
[59.910s][info][gc,start    ] GC(67) Pause Init Mark (unload classes)
[59.910s][info][gc,task     ] GC(67) Using 3 of 3 workers for init marking
[59.911s][info][gc,ergo     ] GC(67) Pacer for Mark. Expected Live: 13333K, Free: 5696M, Non-Taxable: 569M, Alloc Tax Rate: 0.0x
[59.911s][info][gc          ] GC(67) Pause Init Mark (unload classes) 0.167ms
[59.911s][info][gc,start    ] GC(67) Concurrent marking roots
[59.911s][info][gc,task     ] GC(67) Using 1 of 3 workers for concurrent marking roots
[59.911s][info][gc          ] GC(67) Concurrent marking roots 0.454ms
[59.911s][info][gc,start    ] GC(67) Concurrent marking (unload classes)
[59.911s][info][gc,task     ] GC(67) Using 1 of 3 workers for concurrent marking
[59.942s][info][gc          ] GC(67) Concurrent marking (unload classes) 30.478ms
[59.942s][info][gc,start    ] GC(67) Pause Final Mark (unload classes)
[59.942s][info][gc,task     ] GC(67) Using 3 of 3 workers for final marking
[59.942s][info][gc,ergo     ] GC(67) Collectable Garbage: 1955M (94%), Immediate: 1955M (94%), CSet: 0B (0%)
[59.942s][info][gc          ] GC(67) Pause Final Mark (unload classes) 0.331ms
[59.942s][info][gc,start    ] GC(67) Concurrent weak references
[59.942s][info][gc,task     ] GC(67) Using 1 of 3 workers for concurrent weak references
[59.942s][info][gc,ref      ] GC(67) Encountered references: Soft: 144, Weak: 702, Final: 0, Phantom: 27
[59.942s][info][gc,ref      ] GC(67) Discovered  references: Soft: 0, Weak: 150, Final: 0, Phantom: 12
[59.942s][info][gc,ref      ] GC(67) Enqueued    references: Soft: 0, Weak: 0, Final: 0, Phantom: 0
[59.942s][info][gc          ] GC(67) Concurrent weak references 0.097ms
[59.942s][info][gc,start    ] GC(67) Concurrent weak roots
[59.942s][info][gc,task     ] GC(67) Using 1 of 3 workers for concurrent weak root
[59.943s][info][gc          ] GC(67) Concurrent weak roots 0.537ms
[59.943s][info][gc,start    ] GC(67) Concurrent cleanup
[59.943s][info][gc          ] GC(67) Concurrent cleanup 2143M->187M(8192M) 0.042ms
[59.943s][info][gc,ergo     ] GC(67) Free: 7592M, Max: 4096K regular, 5636M humongous, Frag: 26% external, 0% internal; Reserve: 412M, Max: 4096K
[59.943s][info][gc,start    ] GC(67) Concurrent class unloading
[59.943s][info][gc,task     ] GC(67) Using 1 of 3 workers for concurrent class unloading
[59.945s][info][gc          ] GC(67) Concurrent class unloading 1.787ms
[59.945s][info][gc,start    ] GC(67) Pause Final Roots
[59.945s][info][gc          ] GC(67) Pause Final Roots 0.020ms
[59.945s][info][gc,ergo     ] Free: 7584M, Max: 4096K regular, 5636M humongous, Frag: 26% external, 0% internal; Reserve: 412M, Max: 4096K
[59.945s][info][gc,stats    ] 
[59.945s][info][gc,stats    ] All times are wall-clock times, except per-root-class counters, that are sum over
[59.945s][info][gc,stats    ] all workers. Dividing the <total> over the root stage time estimates parallelism.
[59.945s][info][gc,stats    ] 
[59.945s][info][gc,stats    ] Concurrent Reset                    833 us
[59.945s][info][gc,stats    ] Pause Init Mark (G)                 351 us
[59.945s][info][gc,stats    ] Pause Init Mark (N)                 183 us
[59.945s][info][gc,stats    ]   Update Region States               71 us
[59.945s][info][gc,stats    ] Concurrent Mark Roots               471 us, parallelism: 0.74x
[59.945s][info][gc,stats    ]   CMR: <total>                      350 us
[59.945s][info][gc,stats    ]   CMR: Thread Roots                 304 us, workers (us): 304, ---, ---, 
[59.945s][info][gc,stats    ]   CMR: VM Strong Roots                6 us, workers (us):   6, ---, ---, 
[59.945s][info][gc,stats    ]   CMR: CLDG Roots                    40 us, workers (us):  40, ---, ---, 
[59.945s][info][gc,stats    ] Concurrent Marking                30545 us
[59.945s][info][gc,stats    ] Pause Final Mark (G)                494 us
[59.945s][info][gc,stats    ] Pause Final Mark (N)                351 us
[59.945s][info][gc,stats    ]   Finish Mark                       113 us
[59.945s][info][gc,stats    ]   Update Region States               60 us
[59.945s][info][gc,stats    ]   Choose Collection Set              63 us
[59.945s][info][gc,stats    ]   Rebuild Free Set                   16 us
[59.945s][info][gc,stats    ] Concurrent Weak References          104 us, parallelism: 0.04x
[59.945s][info][gc,stats    ]   CWRF: <total>                       4 us
[59.945s][info][gc,stats    ]   CWRF: Weak References               4 us, workers (us):   4, ---, ---, 
[59.945s][info][gc,stats    ] Concurrent Weak Roots               555 us
[59.945s][info][gc,stats    ]   Roots                             437 us, parallelism: 0.88x
[59.945s][info][gc,stats    ]     CWR: <total>                    387 us
[59.945s][info][gc,stats    ]     CWR: Code Cache Roots           319 us, workers (us): 319, ---, ---, 
[59.945s][info][gc,stats    ]     CWR: VM Weak Roots               63 us, workers (us):  63, ---, ---, 
[59.945s][info][gc,stats    ]     CWR: CLDG Roots                   5 us, workers (us):   5, ---, ---, 
[59.945s][info][gc,stats    ]   Rendezvous                         84 us
[59.945s][info][gc,stats    ] Concurrent Cleanup                   50 us
[59.945s][info][gc,stats    ] Concurrent Class Unloading         1815 us
[59.945s][info][gc,stats    ]   Unlink Stale                     1625 us
[59.945s][info][gc,stats    ]     System Dictionary                 3 us
[59.945s][info][gc,stats    ]     Weak Class Links                  0 us
[59.945s][info][gc,stats    ]     Code Roots                     1621 us
[59.945s][info][gc,stats    ]   Rendezvous                         56 us
[59.945s][info][gc,stats    ]   Purge Unlinked                     89 us
[59.945s][info][gc,stats    ]     Code Roots                       84 us
[59.945s][info][gc,stats    ]     CLDG                              5 us
[59.945s][info][gc,stats    ]     Exception Caches                  0 us
[59.945s][info][gc,stats    ] Pause Final Roots (G)                95 us
[59.945s][info][gc,stats    ] Pause Final Roots (N)                28 us
[59.945s][info][gc,stats    ] 
[59.945s][info][gc,stats    ] Allocation pacing accrued:
[59.945s][info][gc,stats    ]       0 of   951 ms (  0.0%): <total>
[59.945s][info][gc,stats    ]       0 of   951 ms (  0.0%): <average total>
[59.945s][info][gc,stats    ] 
[59.946s][info][gc,metaspace] Metaspace: 8946K(9152K)->8946K(9152K) NonClass: 7774K(7872K)->7774K(7872K) Class: 1171K(1280K)->1171K(1280K)
[59.946s][info][gc,ergo     ] Pacer for Idle. Initial: 163M, Alloc Tax Rate: 1.0x
[60.616s][info][gc          ] Trigger: Explicit GC request (System.gc())
[60.616s][info][gc,ergo     ] Free: 6768M, Max: 4096K regular, 5636M humongous, Frag: 17% external, 0% internal; Reserve: 412M, Max: 4096K
[60.616s][info][gc,start    ] GC(68) Concurrent reset
[60.616s][info][gc,task     ] GC(68) Using 1 of 3 workers for concurrent reset
[60.616s][info][gc,ergo     ] GC(68) Pacer for Reset. Non-Taxable: 8192M
[60.617s][info][gc          ] GC(68) Concurrent reset 0.678ms
[60.617s][info][gc,start    ] GC(68) Pause Init Mark (unload classes)
[60.617s][info][gc,task     ] GC(68) Using 3 of 3 workers for init marking
[60.617s][info][gc,ref      ] GC(68) Clearing All SoftReferences
[60.617s][info][gc,ergo     ] GC(68) Pacer for Mark. Expected Live: 14635K, Free: 6768M, Non-Taxable: 676M, Alloc Tax Rate: 0.0x
[60.617s][info][gc          ] GC(68) Pause Init Mark (unload classes) 0.132ms
[60.617s][info][gc,start    ] GC(68) Concurrent marking roots
[60.617s][info][gc,task     ] GC(68) Using 1 of 3 workers for concurrent marking roots
[60.618s][info][gc          ] GC(68) Concurrent marking roots 0.571ms
[60.618s][info][gc,start    ] GC(68) Concurrent marking (unload classes)
[60.618s][info][gc,task     ] GC(68) Using 1 of 3 workers for concurrent marking
[60.621s][info][gc          ] GC(68) Concurrent marking (unload classes) 3.618ms
[60.621s][info][gc,start    ] GC(68) Pause Final Mark (unload classes)
[60.621s][info][gc,task     ] GC(68) Using 3 of 3 workers for final marking
[60.622s][info][gc,ergo     ] GC(68) Collectable Garbage: 947M (93%), Immediate: 947M (93%), CSet: 0B (0%)
[60.622s][info][gc          ] GC(68) Pause Final Mark (unload classes) 0.255ms
[60.622s][info][gc,start    ] GC(68) Concurrent weak references
[60.622s][info][gc,task     ] GC(68) Using 1 of 3 workers for concurrent weak references
[60.622s][info][gc,ref      ] GC(68) Encountered references: Soft: 144, Weak: 702, Final: 0, Phantom: 27
[60.622s][info][gc,ref      ] GC(68) Discovered  references: Soft: 89, Weak: 168, Final: 0, Phantom: 25
[60.622s][info][gc,ref      ] GC(68) Enqueued    references: Soft: 3, Weak: 0, Final: 0, Phantom: 0
[60.622s][info][gc          ] GC(68) Concurrent weak references 0.086ms
[60.622s][info][gc,start    ] GC(68) Concurrent weak roots
[60.622s][info][gc,task     ] GC(68) Using 1 of 3 workers for concurrent weak root
[60.622s][info][gc          ] GC(68) Concurrent weak roots 0.499ms
[60.622s][info][gc,start    ] GC(68) Concurrent cleanup
[60.622s][info][gc          ] GC(68) Concurrent cleanup 1011M->63M(8192M) 0.036ms
[60.622s][info][gc,ergo     ] GC(68) Free: 7716M, Max: 4096K regular, 6880M humongous, Frag: 11% external, 0% internal; Reserve: 412M, Max: 4096K
[60.622s][info][gc,start    ] GC(68) Concurrent class unloading
[60.622s][info][gc,task     ] GC(68) Using 1 of 3 workers for concurrent class unloading
[60.624s][info][gc          ] GC(68) Concurrent class unloading 1.823ms
[60.624s][info][gc,start    ] GC(68) Pause Final Roots
[60.624s][info][gc          ] GC(68) Pause Final Roots 0.044ms
[60.624s][info][gc,ergo     ] Free: 7716M, Max: 4096K regular, 6880M humongous, Frag: 11% external, 0% internal; Reserve: 412M, Max: 4096K
[60.624s][info][gc,stats    ] 
[60.624s][info][gc,stats    ] All times are wall-clock times, except per-root-class counters, that are sum over
[60.624s][info][gc,stats    ] all workers. Dividing the <total> over the root stage time estimates parallelism.
[60.624s][info][gc,stats    ] 
[60.624s][info][gc,stats    ] Concurrent Reset                    717 us
[60.624s][info][gc,stats    ] Pause Init Mark (G)                 194 us
[60.624s][info][gc,stats    ] Pause Init Mark (N)                 140 us
[60.624s][info][gc,stats    ]   Update Region States               67 us
[60.624s][info][gc,stats    ] Concurrent Mark Roots               611 us, parallelism: 0.72x
[60.624s][info][gc,stats    ]   CMR: <total>                      443 us
[60.624s][info][gc,stats    ]   CMR: Thread Roots                 370 us, workers (us): 370, ---, ---, 
[60.624s][info][gc,stats    ]   CMR: VM Strong Roots                8 us, workers (us):   8, ---, ---, 
[60.624s][info][gc,stats    ]   CMR: CLDG Roots                    65 us, workers (us):  65, ---, ---, 
[60.624s][info][gc,stats    ] Concurrent Marking                 3666 us
[60.624s][info][gc,stats    ] Pause Final Mark (G)                311 us
[60.624s][info][gc,stats    ] Pause Final Mark (N)                267 us
[60.624s][info][gc,stats    ]   Finish Mark                       100 us
[60.624s][info][gc,stats    ]   Update Region States               42 us
[60.624s][info][gc,stats    ]   Choose Collection Set              43 us
[60.624s][info][gc,stats    ]   Rebuild Free Set                    8 us
[60.624s][info][gc,stats    ] Concurrent Weak References           94 us, parallelism: 0.10x
[60.624s][info][gc,stats    ]   CWRF: <total>                       9 us
[60.624s][info][gc,stats    ]   CWRF: Weak References               9 us, workers (us):   9, ---, ---, 
[60.624s][info][gc,stats    ] Concurrent Weak Roots               523 us
[60.624s][info][gc,stats    ]   Roots                             446 us, parallelism: 0.91x
[60.624s][info][gc,stats    ]     CWR: <total>                    405 us
[60.624s][info][gc,stats    ]     CWR: Code Cache Roots           337 us, workers (us): 337, ---, ---, 
[60.624s][info][gc,stats    ]     CWR: VM Weak Roots               63 us, workers (us):  63, ---, ---, 
[60.624s][info][gc,stats    ]     CWR: CLDG Roots                   5 us, workers (us):   5, ---, ---, 
[60.624s][info][gc,stats    ]   Rendezvous                         38 us
[60.624s][info][gc,stats    ] Concurrent Cleanup                   45 us
[60.625s][info][gc,stats    ] Concurrent Class Unloading         1846 us
[60.625s][info][gc,stats    ]   Unlink Stale                     1680 us
[60.625s][info][gc,stats    ]     System Dictionary                 6 us
[60.625s][info][gc,stats    ]     Weak Class Links                  0 us
[60.625s][info][gc,stats    ]     Code Roots                     1673 us
[60.625s][info][gc,stats    ]   Rendezvous                         47 us
[60.625s][info][gc,stats    ]   Purge Unlinked                     80 us
[60.625s][info][gc,stats    ]     Code Roots                       77 us
[60.625s][info][gc,stats    ]     CLDG                              3 us
[60.625s][info][gc,stats    ]     Exception Caches                  0 us
[60.625s][info][gc,stats    ] Pause Final Roots (G)               100 us
[60.625s][info][gc,stats    ] Pause Final Roots (N)                53 us
[60.625s][info][gc,stats    ] 
[60.625s][info][gc,stats    ] Allocation pacing accrued:
[60.625s][info][gc,stats    ]       0 of   679 ms (  0.0%): <total>
[60.625s][info][gc,stats    ]       0 of   679 ms (  0.0%): <average total>
[60.625s][info][gc,stats    ] 
[60.625s][info][gc,metaspace] Metaspace: 8946K(9152K)->8946K(9152K) NonClass: 7774K(7872K)->7774K(7872K) Class: 1171K(1280K)->1171K(1280K)
[60.625s][info][gc,ergo     ] Pacer for Idle. Initial: 163M, Alloc Tax Rate: 1.0x
[61.542s][info][gc          ] Trigger: Learning 2 of 5. Free (5716M) is below initial threshold (5734M)
[61.542s][info][gc,ergo     ] Free: 5716M, Max: 4096K regular, 5716M humongous, Frag: 0% external, 0% internal; Reserve: 412M, Max: 4096K
[61.542s][info][gc,start    ] GC(69) Concurrent reset
[61.542s][info][gc,task     ] GC(69) Using 1 of 3 workers for concurrent reset
[61.543s][info][gc,ergo     ] GC(69) Pacer for Reset. Non-Taxable: 8192M
[61.543s][info][gc          ] GC(69) Concurrent reset 0.637ms
[61.543s][info][gc,start    ] GC(69) Pause Init Mark (unload classes)
[61.543s][info][gc,task     ] GC(69) Using 3 of 3 workers for init marking
[61.543s][info][gc,ergo     ] GC(69) Pacer for Mark. Expected Live: 10738K, Free: 5716M, Non-Taxable: 571M, Alloc Tax Rate: 0.0x
[61.543s][info][gc          ] GC(69) Pause Init Mark (unload classes) 0.162ms
[61.543s][info][gc,start    ] GC(69) Concurrent marking roots
[61.543s][info][gc,task     ] GC(69) Using 1 of 3 workers for concurrent marking roots
[61.544s][info][gc          ] GC(69) Concurrent marking roots 0.674ms
[61.544s][info][gc,start    ] GC(69) Concurrent marking (unload classes)
[61.544s][info][gc,task     ] GC(69) Using 1 of 3 workers for concurrent marking
[61.557s][info][gc          ] GC(69) Concurrent marking (unload classes) 12.854ms
[61.557s][info][gc,start    ] GC(69) Pause Final Mark (unload classes)
[61.557s][info][gc,task     ] GC(69) Using 3 of 3 workers for final marking
[61.557s][info][gc,ergo     ] GC(69) Collectable Garbage: 1960M (95%), Immediate: 1960M (95%), CSet: 0B (0%)
[61.557s][info][gc          ] GC(69) Pause Final Mark (unload classes) 0.335ms
[61.558s][info][gc,start    ] GC(69) Concurrent weak references
[61.558s][info][gc,task     ] GC(69) Using 1 of 3 workers for concurrent weak references
[61.558s][info][gc,ref      ] GC(69) Encountered references: Soft: 144, Weak: 702, Final: 0, Phantom: 27
[61.558s][info][gc,ref      ] GC(69) Discovered  references: Soft: 0, Weak: 150, Final: 0, Phantom: 12
[61.558s][info][gc,ref      ] GC(69) Enqueued    references: Soft: 0, Weak: 0, Final: 0, Phantom: 0
[61.558s][info][gc          ] GC(69) Concurrent weak references 0.175ms
[61.558s][info][gc,start    ] GC(69) Concurrent weak roots
[61.558s][info][gc,task     ] GC(69) Using 1 of 3 workers for concurrent weak root
[61.558s][info][gc          ] GC(69) Concurrent weak roots 0.564ms
[61.558s][info][gc,start    ] GC(69) Concurrent cleanup
[61.558s][info][gc          ] GC(69) Concurrent cleanup 2095M->135M(8192M) 0.043ms
[61.558s][info][gc,ergo     ] GC(69) Free: 7644M, Max: 4096K regular, 5684M humongous, Frag: 26% external, 0% internal; Reserve: 412M, Max: 4096K
[61.558s][info][gc,start    ] GC(69) Concurrent class unloading
[61.558s][info][gc,task     ] GC(69) Using 1 of 3 workers for concurrent class unloading
[61.560s][info][gc          ] GC(69) Concurrent class unloading 2.013ms
[61.561s][info][gc,start    ] GC(69) Pause Final Roots
[61.561s][info][gc          ] GC(69) Pause Final Roots 0.022ms
[61.561s][info][gc,ergo     ] Free: 7640M, Max: 4096K regular, 5684M humongous, Frag: 26% external, 0% internal; Reserve: 412M, Max: 4096K
[61.561s][info][gc,stats    ] 
[61.561s][info][gc,stats    ] All times are wall-clock times, except per-root-class counters, that are sum over
[61.561s][info][gc,stats    ] all workers. Dividing the <total> over the root stage time estimates parallelism.
[61.561s][info][gc,stats    ] 
[61.561s][info][gc,stats    ] Concurrent Reset                    679 us
[61.561s][info][gc,stats    ] Pause Init Mark (G)                 333 us
[61.561s][info][gc,stats    ] Pause Init Mark (N)                 179 us
[61.561s][info][gc,stats    ]   Update Region States               57 us
[61.561s][info][gc,stats    ] Concurrent Mark Roots               691 us, parallelism: 0.87x
[61.561s][info][gc,stats    ]   CMR: <total>                      600 us
[61.561s][info][gc,stats    ]   CMR: Thread Roots                 531 us, workers (us): 531, ---, ---, 
[61.561s][info][gc,stats    ]   CMR: VM Strong Roots                7 us, workers (us):   7, ---, ---, 
[61.561s][info][gc,stats    ]   CMR: CLDG Roots                    62 us, workers (us):  62, ---, ---, 
[61.561s][info][gc,stats    ] Concurrent Marking                12914 us
[61.561s][info][gc,stats    ] Pause Final Mark (G)                482 us
[61.561s][info][gc,stats    ] Pause Final Mark (N)                354 us
[61.561s][info][gc,stats    ]   Finish Mark                       104 us
[61.561s][info][gc,stats    ]   Update Region States               89 us
[61.561s][info][gc,stats    ]   Choose Collection Set              62 us
[61.561s][info][gc,stats    ]   Rebuild Free Set                   16 us
[61.561s][info][gc,stats    ] Concurrent Weak References          183 us, parallelism: 0.06x
[61.561s][info][gc,stats    ]   CWRF: <total>                      10 us
[61.561s][info][gc,stats    ]   CWRF: Weak References              10 us, workers (us):  10, ---, ---, 
[61.561s][info][gc,stats    ] Concurrent Weak Roots               583 us
[61.561s][info][gc,stats    ]   Roots                             465 us, parallelism: 0.89x
[61.561s][info][gc,stats    ]     CWR: <total>                    413 us
[61.561s][info][gc,stats    ]     CWR: Code Cache Roots           343 us, workers (us): 343, ---, ---, 
[61.561s][info][gc,stats    ]     CWR: VM Weak Roots               65 us, workers (us):  65, ---, ---, 
[61.561s][info][gc,stats    ]     CWR: CLDG Roots                   5 us, workers (us):   5, ---, ---, 
[61.561s][info][gc,stats    ]   Rendezvous                         84 us
[61.561s][info][gc,stats    ] Concurrent Cleanup                   51 us
[61.561s][info][gc,stats    ] Concurrent Class Unloading         2064 us
[61.561s][info][gc,stats    ]   Unlink Stale                     1677 us
[61.561s][info][gc,stats    ]     System Dictionary                 4 us
[61.561s][info][gc,stats    ]     Weak Class Links                  0 us
[61.561s][info][gc,stats    ]     Code Roots                     1672 us
[61.561s][info][gc,stats    ]   Rendezvous                        163 us
[61.561s][info][gc,stats    ]   Purge Unlinked                    150 us
[61.561s][info][gc,stats    ]     Code Roots                      142 us
[61.561s][info][gc,stats    ]     CLDG                              8 us
[61.561s][info][gc,stats    ]     Exception Caches                  0 us
[61.561s][info][gc,stats    ] Pause Final Roots (G)               130 us
[61.561s][info][gc,stats    ] Pause Final Roots (N)                30 us
[61.561s][info][gc,stats    ] 
[61.561s][info][gc,stats    ] Allocation pacing accrued:
[61.561s][info][gc,stats    ]       0 of   937 ms (  0.0%): <total>
[61.561s][info][gc,stats    ]       0 of   937 ms (  0.0%): <average total>
[61.561s][info][gc,stats    ] 
[61.561s][info][gc,metaspace] Metaspace: 8946K(9152K)->8946K(9152K) NonClass: 7774K(7872K)->7774K(7872K) Class: 1171K(1280K)->1171K(1280K)
[61.561s][info][gc,ergo     ] Pacer for Idle. Initial: 163M, Alloc Tax Rate: 1.0x
[62.437s][info][gc          ] Trigger: Learning 3 of 5. Free (5732M) is below initial threshold (5734M)
[62.438s][info][gc,ergo     ] Free: 5732M, Max: 4096K regular, 5684M humongous, Frag: 1% external, 0% internal; Reserve: 412M, Max: 4096K
[62.438s][info][gc,start    ] GC(70) Concurrent reset
[62.438s][info][gc,task     ] GC(70) Using 1 of 3 workers for concurrent reset
[62.438s][info][gc,ergo     ] GC(70) Pacer for Reset. Non-Taxable: 8192M
[62.438s][info][gc          ] GC(70) Concurrent reset 0.677ms
[62.438s][info][gc,start    ] GC(70) Pause Init Mark (unload classes)
[62.438s][info][gc,task     ] GC(70) Using 3 of 3 workers for init marking
[62.439s][info][gc,ergo     ] GC(70) Pacer for Mark. Expected Live: 12040K, Free: 5728M, Non-Taxable: 572M, Alloc Tax Rate: 0.0x
[62.439s][info][gc          ] GC(70) Pause Init Mark (unload classes) 0.195ms
[62.439s][info][gc,start    ] GC(70) Concurrent marking roots
[62.439s][info][gc,task     ] GC(70) Using 1 of 3 workers for concurrent marking roots
[62.439s][info][gc          ] GC(70) Concurrent marking roots 0.445ms
[62.439s][info][gc,start    ] GC(70) Concurrent marking (unload classes)
[62.439s][info][gc,task     ] GC(70) Using 1 of 3 workers for concurrent marking
[62.460s][info][gc          ] GC(70) Concurrent marking (unload classes) 21.087ms
[62.460s][info][gc,start    ] GC(70) Pause Final Mark (unload classes)
[62.460s][info][gc,task     ] GC(70) Using 3 of 3 workers for final marking
[62.461s][info][gc,ergo     ] GC(70) Collectable Garbage: 1927M (94%), Immediate: 1927M (94%), CSet: 0B (0%)
[62.461s][info][gc          ] GC(70) Pause Final Mark (unload classes) 0.403ms
[62.461s][info][gc,start    ] GC(70) Concurrent weak references
[62.461s][info][gc,task     ] GC(70) Using 1 of 3 workers for concurrent weak references
[62.461s][info][gc,ref      ] GC(70) Encountered references: Soft: 144, Weak: 702, Final: 0, Phantom: 27
[62.461s][info][gc,ref      ] GC(70) Discovered  references: Soft: 0, Weak: 150, Final: 0, Phantom: 25
[62.461s][info][gc,ref      ] GC(70) Enqueued    references: Soft: 0, Weak: 0, Final: 0, Phantom: 0
[62.461s][info][gc          ] GC(70) Concurrent weak references 0.146ms
[62.461s][info][gc,start    ] GC(70) Concurrent weak roots
[62.461s][info][gc,task     ] GC(70) Using 1 of 3 workers for concurrent weak root
[62.462s][info][gc          ] GC(70) Concurrent weak roots 0.560ms
[62.462s][info][gc,start    ] GC(70) Concurrent cleanup
[62.462s][info][gc          ] GC(70) Concurrent cleanup 2099M->171M(8192M) 0.042ms
[62.462s][info][gc,ergo     ] GC(70) Free: 7608M, Max: 4096K regular, 5680M humongous, Frag: 26% external, 0% internal; Reserve: 412M, Max: 4096K
[62.462s][info][gc,start    ] GC(70) Concurrent class unloading
[62.462s][info][gc,task     ] GC(70) Using 1 of 3 workers for concurrent class unloading
[62.464s][info][gc          ] GC(70) Concurrent class unloading 1.862ms
[62.464s][info][gc,start    ] GC(70) Pause Final Roots
[62.464s][info][gc          ] GC(70) Pause Final Roots 0.024ms
[62.464s][info][gc,ergo     ] Free: 7604M, Max: 4096K regular, 5680M humongous, Frag: 26% external, 0% internal; Reserve: 412M, Max: 4096K
[62.464s][info][gc,stats    ] 
[62.464s][info][gc,stats    ] All times are wall-clock times, except per-root-class counters, that are sum over
[62.464s][info][gc,stats    ] all workers. Dividing the <total> over the root stage time estimates parallelism.
[62.464s][info][gc,stats    ] 
[62.464s][info][gc,stats    ] Concurrent Reset                    743 us
[62.464s][info][gc,stats    ] Pause Init Mark (G)                 417 us
[62.464s][info][gc,stats    ] Pause Init Mark (N)                 216 us
[62.464s][info][gc,stats    ]   Update Region States               82 us
[62.464s][info][gc,stats    ] Concurrent Mark Roots               463 us, parallelism: 0.73x
[62.464s][info][gc,stats    ]   CMR: <total>                      339 us
[62.464s][info][gc,stats    ]   CMR: Thread Roots                 297 us, workers (us): 297, ---, ---, 
[62.464s][info][gc,stats    ]   CMR: VM Strong Roots                6 us, workers (us):   6, ---, ---, 
[62.464s][info][gc,stats    ]   CMR: CLDG Roots                    37 us, workers (us):  37, ---, ---, 
[62.464s][info][gc,stats    ] Concurrent Marking                21157 us
[62.464s][info][gc,stats    ] Pause Final Mark (G)                561 us
[62.464s][info][gc,stats    ] Pause Final Mark (N)                422 us
[62.464s][info][gc,stats    ]   Finish Mark                       108 us
[62.464s][info][gc,stats    ]   Update Region States              143 us
[62.464s][info][gc,stats    ]   Choose Collection Set              62 us
[62.464s][info][gc,stats    ]   Rebuild Free Set                   17 us
[62.464s][info][gc,stats    ] Concurrent Weak References          154 us, parallelism: 0.04x
[62.464s][info][gc,stats    ]   CWRF: <total>                       6 us
[62.464s][info][gc,stats    ]   CWRF: Weak References               6 us, workers (us):   6, ---, ---, 
[62.464s][info][gc,stats    ] Concurrent Weak Roots               578 us
[62.464s][info][gc,stats    ]   Roots                             462 us, parallelism: 0.89x
[62.464s][info][gc,stats    ]     CWR: <total>                    409 us
[62.464s][info][gc,stats    ]     CWR: Code Cache Roots           339 us, workers (us): 339, ---, ---, 
[62.464s][info][gc,stats    ]     CWR: VM Weak Roots               64 us, workers (us):  64, ---, ---, 
[62.464s][info][gc,stats    ]     CWR: CLDG Roots                   5 us, workers (us):   5, ---, ---, 
[62.464s][info][gc,stats    ]   Rendezvous                         82 us
[62.464s][info][gc,stats    ] Concurrent Cleanup                   50 us
[62.464s][info][gc,stats    ] Concurrent Class Unloading         1908 us
[62.464s][info][gc,stats    ]   Unlink Stale                     1697 us
[62.464s][info][gc,stats    ]     System Dictionary                 3 us
[62.464s][info][gc,stats    ]     Weak Class Links                  0 us
[62.464s][info][gc,stats    ]     Code Roots                     1693 us
[62.464s][info][gc,stats    ]   Rendezvous                         51 us
[62.464s][info][gc,stats    ]   Purge Unlinked                     95 us
[62.464s][info][gc,stats    ]     Code Roots                       87 us
[62.464s][info][gc,stats    ]     CLDG                              8 us
[62.464s][info][gc,stats    ]     Exception Caches                  0 us
[62.464s][info][gc,stats    ] Pause Final Roots (G)               132 us
[62.464s][info][gc,stats    ] Pause Final Roots (N)                32 us
[62.464s][info][gc,stats    ] 
[62.464s][info][gc,stats    ] Allocation pacing accrued:
[62.464s][info][gc,stats    ]       0 of   903 ms (  0.0%): <total>
[62.464s][info][gc,stats    ]       0 of   903 ms (  0.0%): <average total>
[62.464s][info][gc,stats    ] 
[62.464s][info][gc,metaspace] Metaspace: 8946K(9152K)->8946K(9152K) NonClass: 7774K(7872K)->7774K(7872K) Class: 1171K(1280K)->1171K(1280K)
[62.464s][info][gc,ergo     ] Pacer for Idle. Initial: 163M, Alloc Tax Rate: 1.0x
[63.364s][info][gc          ] Trigger: Learning 4 of 5. Free (5724M) is below initial threshold (5734M)
[63.364s][info][gc,ergo     ] Free: 5724M, Max: 4096K regular, 5680M humongous, Frag: 1% external, 0% internal; Reserve: 412M, Max: 4096K
[63.366s][info][gc,start    ] GC(71) Concurrent reset
[63.366s][info][gc,task     ] GC(71) Using 1 of 3 workers for concurrent reset
[63.366s][info][gc,ergo     ] GC(71) Pacer for Reset. Non-Taxable: 8192M
[63.367s][info][gc          ] GC(71) Concurrent reset 0.636ms
[63.395s][info][gc,start    ] GC(71) Pause Init Mark (unload classes)
[63.395s][info][gc,task     ] GC(71) Using 3 of 3 workers for init marking
[63.395s][info][gc,ergo     ] GC(71) Pacer for Mark. Expected Live: 13257K, Free: 5724M, Non-Taxable: 572M, Alloc Tax Rate: 0.0x
[63.395s][info][gc          ] GC(71) Pause Init Mark (unload classes) 0.363ms
[63.395s][info][gc,start    ] GC(71) Concurrent marking roots
[63.396s][info][gc,task     ] GC(71) Using 1 of 3 workers for concurrent marking roots
[63.396s][info][gc          ] GC(71) Concurrent marking roots 0.930ms
[63.396s][info][gc,start    ] GC(71) Concurrent marking (unload classes)
[63.396s][info][gc,task     ] GC(71) Using 1 of 3 workers for concurrent marking
[63.428s][info][gc          ] GC(71) Concurrent marking (unload classes) 31.181ms
[63.428s][info][gc,start    ] GC(71) Pause Final Mark (unload classes)
[63.428s][info][gc,task     ] GC(71) Using 3 of 3 workers for final marking
[63.428s][info][gc,ergo     ] GC(71) Collectable Garbage: 1943M (95%), Immediate: 1943M (95%), CSet: 0B (0%)
[63.428s][info][gc          ] GC(71) Pause Final Mark (unload classes) 0.320ms
[63.428s][info][gc,start    ] GC(71) Concurrent weak references
[63.428s][info][gc,task     ] GC(71) Using 1 of 3 workers for concurrent weak references
[63.428s][info][gc,ref      ] GC(71) Encountered references: Soft: 144, Weak: 702, Final: 0, Phantom: 27
[63.428s][info][gc,ref      ] GC(71) Discovered  references: Soft: 0, Weak: 150, Final: 0, Phantom: 12
[63.428s][info][gc,ref      ] GC(71) Enqueued    references: Soft: 0, Weak: 0, Final: 0, Phantom: 0
[63.428s][info][gc          ] GC(71) Concurrent weak references 0.193ms
[63.428s][info][gc,start    ] GC(71) Concurrent weak roots
[63.428s][info][gc,task     ] GC(71) Using 1 of 3 workers for concurrent weak root
[63.429s][info][gc          ] GC(71) Concurrent weak roots 0.661ms
[63.429s][info][gc,start    ] GC(71) Concurrent cleanup
[63.429s][info][gc          ] GC(71) Concurrent cleanup 2127M->183M(8192M) 0.042ms
[63.429s][info][gc,ergo     ] GC(71) Free: 7596M, Max: 4096K regular, 5652M humongous, Frag: 26% external, 0% internal; Reserve: 412M, Max: 4096K
[63.429s][info][gc,start    ] GC(71) Concurrent class unloading
[63.429s][info][gc,task     ] GC(71) Using 1 of 3 workers for concurrent class unloading
[63.431s][info][gc          ] GC(71) Concurrent class unloading 2.148ms
[63.431s][info][gc,start    ] GC(71) Pause Final Roots
[63.431s][info][gc          ] GC(71) Pause Final Roots 0.040ms
[63.432s][info][gc,ergo     ] Free: 7592M, Max: 4096K regular, 5652M humongous, Frag: 26% external, 0% internal; Reserve: 412M, Max: 4096K
[63.432s][info][gc,stats    ] 
[63.432s][info][gc,stats    ] All times are wall-clock times, except per-root-class counters, that are sum over
[63.432s][info][gc,stats    ] all workers. Dividing the <total> over the root stage time estimates parallelism.
[63.432s][info][gc,stats    ] 
[63.432s][info][gc,stats    ] Concurrent Reset                    674 us
[63.432s][info][gc,stats    ] Pause Init Mark (G)               28549 us
[63.432s][info][gc,stats    ] Pause Init Mark (N)                 388 us
[63.432s][info][gc,stats    ]   Update Region States              139 us
[63.432s][info][gc,stats    ] Concurrent Mark Roots               948 us, parallelism: 0.81x
[63.432s][info][gc,stats    ]   CMR: <total>                      770 us
[63.432s][info][gc,stats    ]   CMR: Thread Roots                 664 us, workers (us): 664, ---, ---, 
[63.432s][info][gc,stats    ]   CMR: VM Strong Roots               12 us, workers (us):  12, ---, ---, 
[63.432s][info][gc,stats    ]   CMR: CLDG Roots                    94 us, workers (us):  94, ---, ---, 
[63.432s][info][gc,stats    ] Concurrent Marking                31247 us
[63.432s][info][gc,stats    ] Pause Final Mark (G)                476 us
[63.432s][info][gc,stats    ] Pause Final Mark (N)                339 us
[63.432s][info][gc,stats    ]   Finish Mark                        99 us
[63.432s][info][gc,stats    ]   Update Region States               68 us
[63.432s][info][gc,stats    ]   Choose Collection Set              62 us
[63.432s][info][gc,stats    ]   Rebuild Free Set                   17 us
[63.432s][info][gc,stats    ] Concurrent Weak References          209 us, parallelism: 0.04x
[63.432s][info][gc,stats    ]   CWRF: <total>                       8 us
[63.432s][info][gc,stats    ]   CWRF: Weak References               8 us, workers (us):   8, ---, ---, 
[63.432s][info][gc,stats    ] Concurrent Weak Roots               679 us
[63.432s][info][gc,stats    ]   Roots                             572 us, parallelism: 0.87x
[63.432s][info][gc,stats    ]     CWR: <total>                    496 us
[63.432s][info][gc,stats    ]     CWR: Code Cache Roots           376 us, workers (us): 376, ---, ---, 
[63.432s][info][gc,stats    ]     CWR: VM Weak Roots              114 us, workers (us): 114, ---, ---, 
[63.432s][info][gc,stats    ]     CWR: CLDG Roots                   7 us, workers (us):   7, ---, ---, 
[63.432s][info][gc,stats    ]   Rendezvous                         56 us
[63.432s][info][gc,stats    ] Concurrent Cleanup                   50 us
[63.432s][info][gc,stats    ] Concurrent Class Unloading         2193 us
[63.432s][info][gc,stats    ]   Unlink Stale                     1927 us
[63.432s][info][gc,stats    ]     System Dictionary                 3 us
[63.432s][info][gc,stats    ]     Weak Class Links                  0 us
[63.432s][info][gc,stats    ]     Code Roots                     1923 us
[63.432s][info][gc,stats    ]   Rendezvous                        102 us
[63.432s][info][gc,stats    ]   Purge Unlinked                    100 us
[63.432s][info][gc,stats    ]     Code Roots                       92 us
[63.432s][info][gc,stats    ]     CLDG                              8 us
[63.432s][info][gc,stats    ]     Exception Caches                  0 us
[63.432s][info][gc,stats    ] Pause Final Roots (G)               185 us
[63.432s][info][gc,stats    ] Pause Final Roots (N)                58 us
[63.432s][info][gc,stats    ] 
[63.432s][info][gc,stats    ] Allocation pacing accrued:
[63.432s][info][gc,stats    ]       0 of   968 ms (  0.0%): <total>
[63.432s][info][gc,stats    ]       0 of   968 ms (  0.0%): <average total>
[63.432s][info][gc,stats    ] 
[63.432s][info][gc,metaspace] Metaspace: 8946K(9152K)->8946K(9152K) NonClass: 7774K(7872K)->7774K(7872K) Class: 1171K(1280K)->1171K(1280K)
[63.432s][info][gc,ergo     ] Pacer for Idle. Initial: 163M, Alloc Tax Rate: 1.0x
[64.117s][info][gc          ] Trigger: Explicit GC request (System.gc())
[64.117s][info][gc,ergo     ] Free: 6740M, Max: 4096K regular, 5652M humongous, Frag: 17% external, 0% internal; Reserve: 412M, Max: 4096K
[64.117s][info][gc,start    ] GC(72) Concurrent reset
[64.117s][info][gc,task     ] GC(72) Using 1 of 3 workers for concurrent reset
[64.117s][info][gc,ergo     ] GC(72) Pacer for Reset. Non-Taxable: 8192M
[64.118s][info][gc          ] GC(72) Concurrent reset 0.692ms
[64.118s][info][gc,start    ] GC(72) Pause Init Mark (unload classes)
[64.118s][info][gc,task     ] GC(72) Using 3 of 3 workers for init marking
[64.118s][info][gc,ref      ] GC(72) Clearing All SoftReferences
[64.118s][info][gc,ergo     ] GC(72) Pacer for Mark. Expected Live: 14514K, Free: 6740M, Non-Taxable: 674M, Alloc Tax Rate: 0.0x
[64.118s][info][gc          ] GC(72) Pause Init Mark (unload classes) 0.224ms
[64.118s][info][gc,start    ] GC(72) Concurrent marking roots
[64.118s][info][gc,task     ] GC(72) Using 1 of 3 workers for concurrent marking roots
[64.119s][info][gc          ] GC(72) Concurrent marking roots 0.454ms
[64.119s][info][gc,start    ] GC(72) Concurrent marking (unload classes)
[64.119s][info][gc,task     ] GC(72) Using 1 of 3 workers for concurrent marking
[64.123s][info][gc          ] GC(72) Concurrent marking (unload classes) 3.887ms
[64.123s][info][gc,start    ] GC(72) Pause Final Mark (unload classes)
[64.123s][info][gc,task     ] GC(72) Using 3 of 3 workers for final marking
[64.123s][info][gc,ergo     ] GC(72) Collectable Garbage: 975M (94%), Immediate: 975M (94%), CSet: 0B (0%)
[64.123s][info][gc          ] GC(72) Pause Final Mark (unload classes) 0.306ms
[64.123s][info][gc,start    ] GC(72) Concurrent weak references
[64.123s][info][gc,task     ] GC(72) Using 1 of 3 workers for concurrent weak references
[64.123s][info][gc,ref      ] GC(72) Encountered references: Soft: 144, Weak: 702, Final: 0, Phantom: 27
[64.123s][info][gc,ref      ] GC(72) Discovered  references: Soft: 89, Weak: 168, Final: 0, Phantom: 25
[64.123s][info][gc,ref      ] GC(72) Enqueued    references: Soft: 3, Weak: 0, Final: 0, Phantom: 0
[64.123s][info][gc          ] GC(72) Concurrent weak references 0.179ms
[64.123s][info][gc,start    ] GC(72) Concurrent weak roots
[64.123s][info][gc,task     ] GC(72) Using 1 of 3 workers for concurrent weak root
[64.124s][info][gc          ] GC(72) Concurrent weak roots 0.525ms
[64.124s][info][gc,start    ] GC(72) Concurrent cleanup
[64.124s][info][gc          ] GC(72) Concurrent cleanup 1039M->63M(8192M) 0.035ms
[64.124s][info][gc,ergo     ] GC(72) Free: 7716M, Max: 4096K regular, 6848M humongous, Frag: 12% external, 0% internal; Reserve: 412M, Max: 4096K
[64.124s][info][gc,start    ] GC(72) Concurrent class unloading
[64.124s][info][gc,task     ] GC(72) Using 1 of 3 workers for concurrent class unloading
[64.126s][info][gc          ] GC(72) Concurrent class unloading 2.523ms
[64.126s][info][gc,start    ] GC(72) Pause Final Roots
[64.126s][info][gc          ] GC(72) Pause Final Roots 0.053ms
[64.127s][info][gc,ergo     ] Free: 7716M, Max: 4096K regular, 6848M humongous, Frag: 12% external, 0% internal; Reserve: 412M, Max: 4096K
[64.127s][info][gc,stats    ] 
[64.127s][info][gc,stats    ] All times are wall-clock times, except per-root-class counters, that are sum over
[64.127s][info][gc,stats    ] all workers. Dividing the <total> over the root stage time estimates parallelism.
[64.127s][info][gc,stats    ] 
[64.127s][info][gc,stats    ] Concurrent Reset                    764 us
[64.127s][info][gc,stats    ] Pause Init Mark (G)                 378 us
[64.127s][info][gc,stats    ] Pause Init Mark (N)                 245 us
[64.127s][info][gc,stats    ]   Update Region States               86 us
[64.127s][info][gc,stats    ] Concurrent Mark Roots               472 us, parallelism: 0.70x
[64.127s][info][gc,stats    ]   CMR: <total>                      329 us
[64.127s][info][gc,stats    ]   CMR: Thread Roots                 289 us, workers (us): 289, ---, ---, 
[64.127s][info][gc,stats    ]   CMR: VM Strong Roots                6 us, workers (us):   6, ---, ---, 
[64.127s][info][gc,stats    ]   CMR: CLDG Roots                    35 us, workers (us):  35, ---, ---, 
[64.127s][info][gc,stats    ] Concurrent Marking                 3939 us
[64.127s][info][gc,stats    ] Pause Final Mark (G)                455 us
[64.127s][info][gc,stats    ] Pause Final Mark (N)                336 us
[64.127s][info][gc,stats    ]   Finish Mark                        94 us
[64.127s][info][gc,stats    ]   Update Region States               59 us
[64.127s][info][gc,stats    ]   Choose Collection Set              54 us
[64.127s][info][gc,stats    ]   Rebuild Free Set                   21 us
[64.127s][info][gc,stats    ] Concurrent Weak References          191 us, parallelism: 0.05x
[64.127s][info][gc,stats    ]   CWRF: <total>                       9 us
[64.127s][info][gc,stats    ]   CWRF: Weak References               9 us, workers (us):   9, ---, ---, 
[64.127s][info][gc,stats    ] Concurrent Weak Roots               544 us
[64.127s][info][gc,stats    ]   Roots                             407 us, parallelism: 0.87x
[64.127s][info][gc,stats    ]     CWR: <total>                    355 us
[64.127s][info][gc,stats    ]     CWR: Code Cache Roots           289 us, workers (us): 289, ---, ---, 
[64.127s][info][gc,stats    ]     CWR: VM Weak Roots               61 us, workers (us):  61, ---, ---, 
[64.127s][info][gc,stats    ]     CWR: CLDG Roots                   4 us, workers (us):   4, ---, ---, 
[64.127s][info][gc,stats    ]   Rendezvous                        103 us
[64.127s][info][gc,stats    ] Concurrent Cleanup                   43 us
[64.127s][info][gc,stats    ] Concurrent Class Unloading         2556 us
[64.127s][info][gc,stats    ]   Unlink Stale                     2333 us
[64.127s][info][gc,stats    ]     System Dictionary                 3 us
[64.127s][info][gc,stats    ]     Weak Class Links                  0 us
[64.127s][info][gc,stats    ]     Code Roots                     2330 us
[64.127s][info][gc,stats    ]   Rendezvous                         63 us
[64.127s][info][gc,stats    ]   Purge Unlinked                    109 us
[64.127s][info][gc,stats    ]     Code Roots                      105 us
[64.127s][info][gc,stats    ]     CLDG                              5 us
[64.127s][info][gc,stats    ]     Exception Caches                  0 us
[64.127s][info][gc,stats    ] Pause Final Roots (G)               189 us
[64.127s][info][gc,stats    ] Pause Final Roots (N)                76 us
[64.127s][info][gc,stats    ] 
[64.127s][info][gc,stats    ] Allocation pacing accrued:
[64.127s][info][gc,stats    ]       0 of   695 ms (  0.0%): <total>
[64.127s][info][gc,stats    ]       0 of   695 ms (  0.0%): <average total>
[64.127s][info][gc,stats    ] 
[64.127s][info][gc,metaspace] Metaspace: 8946K(9152K)->8947K(9152K) NonClass: 7774K(7872K)->7775K(7872K) Class: 1171K(1280K)->1171K(1280K)
[64.128s][info][gc,ergo     ] Pacer for Idle. Initial: 163M, Alloc Tax Rate: 1.0x
[65.043s][info][gc          ] Trigger: Learning 2 of 5. Free (5720M) is below initial threshold (5734M)
[65.044s][info][gc,ergo     ] Free: 5720M, Max: 4096K regular, 5720M humongous, Frag: 0% external, 0% internal; Reserve: 412M, Max: 4096K
[65.044s][info][gc,start    ] GC(73) Concurrent reset
[65.044s][info][gc,task     ] GC(73) Using 1 of 3 workers for concurrent reset
[65.044s][info][gc,ergo     ] GC(73) Pacer for Reset. Non-Taxable: 8192M
[65.044s][info][gc          ] GC(73) Concurrent reset 0.465ms
[65.044s][info][gc,start    ] GC(73) Pause Init Mark (unload classes)
[65.044s][info][gc,task     ] GC(73) Using 3 of 3 workers for init marking
[65.044s][info][gc,ergo     ] GC(73) Pacer for Mark. Expected Live: 10700K, Free: 5716M, Non-Taxable: 571M, Alloc Tax Rate: 0.0x
[65.044s][info][gc          ] GC(73) Pause Init Mark (unload classes) 0.137ms
[65.044s][info][gc,start    ] GC(73) Concurrent marking roots
[65.044s][info][gc,task     ] GC(73) Using 1 of 3 workers for concurrent marking roots
[65.045s][info][gc          ] GC(73) Concurrent marking roots 0.410ms
[65.045s][info][gc,start    ] GC(73) Concurrent marking (unload classes)
[65.045s][info][gc,task     ] GC(73) Using 1 of 3 workers for concurrent marking
[65.058s][info][gc          ] GC(73) Concurrent marking (unload classes) 12.753ms
[65.058s][info][gc,start    ] GC(73) Pause Final Mark (unload classes)
[65.058s][info][gc,task     ] GC(73) Using 3 of 3 workers for final marking
[65.058s][info][gc,ergo     ] GC(73) Collectable Garbage: 1960M (95%), Immediate: 1960M (95%), CSet: 0B (0%)
[65.058s][info][gc          ] GC(73) Pause Final Mark (unload classes) 0.282ms
[65.058s][info][gc,start    ] GC(73) Concurrent weak references
[65.058s][info][gc,task     ] GC(73) Using 1 of 3 workers for concurrent weak references
[65.058s][info][gc,ref      ] GC(73) Encountered references: Soft: 144, Weak: 702, Final: 0, Phantom: 27
[65.058s][info][gc,ref      ] GC(73) Discovered  references: Soft: 0, Weak: 150, Final: 0, Phantom: 12
[65.058s][info][gc,ref      ] GC(73) Enqueued    references: Soft: 0, Weak: 0, Final: 0, Phantom: 0
[65.058s][info][gc          ] GC(73) Concurrent weak references 0.141ms
[65.058s][info][gc,start    ] GC(73) Concurrent weak roots
[65.058s][info][gc,task     ] GC(73) Using 1 of 3 workers for concurrent weak root
[65.059s][info][gc          ] GC(73) Concurrent weak roots 0.706ms
[65.059s][info][gc,start    ] GC(73) Concurrent cleanup
[65.059s][info][gc          ] GC(73) Concurrent cleanup 2095M->135M(8192M) 0.047ms
[65.059s][info][gc,ergo     ] GC(73) Free: 7644M, Max: 4096K regular, 5684M humongous, Frag: 26% external, 0% internal; Reserve: 412M, Max: 4096K
[65.059s][info][gc,start    ] GC(73) Concurrent class unloading
[65.059s][info][gc,task     ] GC(73) Using 1 of 3 workers for concurrent class unloading
[65.061s][info][gc          ] GC(73) Concurrent class unloading 2.148ms
[65.061s][info][gc,start    ] GC(73) Pause Final Roots
[65.061s][info][gc          ] GC(73) Pause Final Roots 0.024ms
[65.061s][info][gc,ergo     ] Free: 7640M, Max: 4096K regular, 5684M humongous, Frag: 26% external, 0% internal; Reserve: 412M, Max: 4096K
[65.061s][info][gc,stats    ] 
[65.061s][info][gc,stats    ] All times are wall-clock times, except per-root-class counters, that are sum over
[65.061s][info][gc,stats    ] all workers. Dividing the <total> over the root stage time estimates parallelism.
[65.061s][info][gc,stats    ] 
[65.061s][info][gc,stats    ] Concurrent Reset                    502 us
[65.061s][info][gc,stats    ] Pause Init Mark (G)                 280 us
[65.061s][info][gc,stats    ] Pause Init Mark (N)                 154 us
[65.061s][info][gc,stats    ]   Update Region States               52 us
[65.062s][info][gc,stats    ] Concurrent Mark Roots               427 us, parallelism: 0.79x
[65.062s][info][gc,stats    ]   CMR: <total>                      339 us
[65.062s][info][gc,stats    ]   CMR: Thread Roots                 299 us, workers (us): 299, ---, ---, 
[65.062s][info][gc,stats    ]   CMR: VM Strong Roots                5 us, workers (us):   5, ---, ---, 
[65.062s][info][gc,stats    ]   CMR: CLDG Roots                    35 us, workers (us):  35, ---, ---, 
[65.062s][info][gc,stats    ] Concurrent Marking                12820 us
[65.062s][info][gc,stats    ] Pause Final Mark (G)                422 us
[65.062s][info][gc,stats    ] Pause Final Mark (N)                301 us
[65.062s][info][gc,stats    ]   Finish Mark                        58 us
[65.062s][info][gc,stats    ]   Update Region States               83 us
[65.062s][info][gc,stats    ]   Choose Collection Set              62 us
[65.062s][info][gc,stats    ]   Rebuild Free Set                   17 us
[65.062s][info][gc,stats    ] Concurrent Weak References          149 us, parallelism: 0.03x
[65.062s][info][gc,stats    ]   CWRF: <total>                       5 us
[65.062s][info][gc,stats    ]   CWRF: Weak References               5 us, workers (us):   5, ---, ---, 
[65.062s][info][gc,stats    ] Concurrent Weak Roots               725 us
[65.062s][info][gc,stats    ]   Roots                             555 us, parallelism: 0.92x
[65.062s][info][gc,stats    ]     CWR: <total>                    512 us
[65.062s][info][gc,stats    ]     CWR: Code Cache Roots           392 us, workers (us): 392, ---, ---, 
[65.062s][info][gc,stats    ]     CWR: VM Weak Roots              115 us, workers (us): 115, ---, ---, 
[65.062s][info][gc,stats    ]     CWR: CLDG Roots                   5 us, workers (us):   5, ---, ---, 
[65.062s][info][gc,stats    ]   Rendezvous                        135 us
[65.062s][info][gc,stats    ] Concurrent Cleanup                   56 us
[65.062s][info][gc,stats    ] Concurrent Class Unloading         2198 us
[65.062s][info][gc,stats    ]   Unlink Stale                     1982 us
[65.062s][info][gc,stats    ]     System Dictionary                 3 us
[65.062s][info][gc,stats    ]     Weak Class Links                  0 us
[65.062s][info][gc,stats    ]     Code Roots                     1978 us
[65.062s][info][gc,stats    ]   Rendezvous                         50 us
[65.062s][info][gc,stats    ]   Purge Unlinked                     98 us
[65.062s][info][gc,stats    ]     Code Roots                       88 us
[65.062s][info][gc,stats    ]     CLDG                              9 us
[65.062s][info][gc,stats    ]     Exception Caches                  0 us
[65.062s][info][gc,stats    ] Pause Final Roots (G)               127 us
[65.062s][info][gc,stats    ] Pause Final Roots (N)                32 us
[65.062s][info][gc,stats    ] 
[65.062s][info][gc,stats    ] Allocation pacing accrued:
[65.062s][info][gc,stats    ]       0 of   935 ms (  0.0%): <total>
[65.062s][info][gc,stats    ]       0 of   935 ms (  0.0%): <average total>
[65.062s][info][gc,stats    ] 
[65.062s][info][gc,metaspace] Metaspace: 8947K(9152K)->8947K(9152K) NonClass: 7775K(7872K)->7775K(7872K) Class: 1171K(1280K)->1171K(1280K)
[65.062s][info][gc,ergo     ] Pacer for Idle. Initial: 163M, Alloc Tax Rate: 1.0x
[65.954s][info][gc          ] Trigger: Learning 3 of 5. Free (5700M) is below initial threshold (5734M)
[65.954s][info][gc,ergo     ] Free: 5700M, Max: 4096K regular, 5684M humongous, Frag: 1% external, 0% internal; Reserve: 412M, Max: 4096K
[65.954s][info][gc,start    ] GC(74) Concurrent reset
[65.954s][info][gc,task     ] GC(74) Using 1 of 3 workers for concurrent reset
[65.954s][info][gc,ergo     ] GC(74) Pacer for Reset. Non-Taxable: 8192M
[65.955s][info][gc          ] GC(74) Concurrent reset 0.803ms
[65.955s][info][gc,start    ] GC(74) Pause Init Mark (unload classes)
[65.955s][info][gc,task     ] GC(74) Using 3 of 3 workers for init marking
[65.955s][info][gc,ergo     ] GC(74) Pacer for Mark. Expected Live: 11999K, Free: 5700M, Non-Taxable: 570M, Alloc Tax Rate: 0.0x
[65.955s][info][gc          ] GC(74) Pause Init Mark (unload classes) 0.144ms
[65.955s][info][gc,start    ] GC(74) Concurrent marking roots
[65.955s][info][gc,task     ] GC(74) Using 1 of 3 workers for concurrent marking roots
[65.955s][info][gc          ] GC(74) Concurrent marking roots 0.442ms
[65.955s][info][gc,start    ] GC(74) Concurrent marking (unload classes)
[65.955s][info][gc,task     ] GC(74) Using 1 of 3 workers for concurrent marking
[65.976s][info][gc          ] GC(74) Concurrent marking (unload classes) 21.069ms
[65.977s][info][gc,start    ] GC(74) Pause Final Mark (unload classes)
[65.977s][info][gc,task     ] GC(74) Using 3 of 3 workers for final marking
[65.977s][info][gc,ergo     ] GC(74) Collectable Garbage: 1940M (93%), Immediate: 1940M (93%), CSet: 0B (0%)
[65.977s][info][gc          ] GC(74) Pause Final Mark (unload classes) 0.352ms
[65.977s][info][gc,start    ] GC(74) Concurrent weak references
[65.977s][info][gc,task     ] GC(74) Using 1 of 3 workers for concurrent weak references
[65.977s][info][gc,ref      ] GC(74) Encountered references: Soft: 144, Weak: 702, Final: 0, Phantom: 27
[65.977s][info][gc,ref      ] GC(74) Discovered  references: Soft: 0, Weak: 150, Final: 0, Phantom: 12
[65.977s][info][gc,ref      ] GC(74) Enqueued    references: Soft: 0, Weak: 0, Final: 0, Phantom: 0
[65.977s][info][gc          ] GC(74) Concurrent weak references 0.147ms
[65.977s][info][gc,start    ] GC(74) Concurrent weak roots
[65.977s][info][gc,task     ] GC(74) Using 1 of 3 workers for concurrent weak root
[65.978s][info][gc          ] GC(74) Concurrent weak roots 0.498ms
[65.978s][info][gc,start    ] GC(74) Concurrent cleanup
[65.978s][info][gc          ] GC(74) Concurrent cleanup 2115M->175M(8192M) 0.045ms
[65.978s][info][gc,ergo     ] GC(74) Free: 7604M, Max: 4096K regular, 5664M humongous, Frag: 26% external, 0% internal; Reserve: 412M, Max: 4096K
[65.978s][info][gc,start    ] GC(74) Concurrent class unloading
[65.978s][info][gc,task     ] GC(74) Using 1 of 3 workers for concurrent class unloading
[65.980s][info][gc          ] GC(74) Concurrent class unloading 2.273ms
[65.980s][info][gc,start    ] GC(74) Pause Final Roots
[65.980s][info][gc          ] GC(74) Pause Final Roots 0.062ms
[65.980s][info][gc,ergo     ] Free: 7600M, Max: 4096K regular, 5664M humongous, Frag: 26% external, 0% internal; Reserve: 412M, Max: 4096K
[65.980s][info][gc,stats    ] 
[65.980s][info][gc,stats    ] All times are wall-clock times, except per-root-class counters, that are sum over
[65.980s][info][gc,stats    ] all workers. Dividing the <total> over the root stage time estimates parallelism.
[65.980s][info][gc,stats    ] 
[65.980s][info][gc,stats    ] Concurrent Reset                    877 us
[65.981s][info][gc,stats    ] Pause Init Mark (G)                 286 us
[65.981s][info][gc,stats    ] Pause Init Mark (N)                 161 us
[65.981s][info][gc,stats    ]   Update Region States               57 us
[65.981s][info][gc,stats    ] Concurrent Mark Roots               468 us, parallelism: 0.75x
[65.981s][info][gc,stats    ]   CMR: <total>                      349 us
[65.981s][info][gc,stats    ]   CMR: Thread Roots                 308 us, workers (us): 308, ---, ---, 
[65.981s][info][gc,stats    ]   CMR: VM Strong Roots                6 us, workers (us):   6, ---, ---, 
[65.981s][info][gc,stats    ]   CMR: CLDG Roots                    35 us, workers (us):  35, ---, ---, 
[65.981s][info][gc,stats    ] Concurrent Marking                21135 us
[65.981s][info][gc,stats    ] Pause Final Mark (G)                508 us
[65.981s][info][gc,stats    ] Pause Final Mark (N)                371 us
[65.981s][info][gc,stats    ]   Finish Mark                       103 us
[65.981s][info][gc,stats    ]   Update Region States               89 us
[65.981s][info][gc,stats    ]   Choose Collection Set              62 us
[65.981s][info][gc,stats    ]   Rebuild Free Set                   17 us
[65.981s][info][gc,stats    ] Concurrent Weak References          155 us, parallelism: 0.03x
[65.981s][info][gc,stats    ]   CWRF: <total>                       4 us
[65.981s][info][gc,stats    ]   CWRF: Weak References               4 us, workers (us):   4, ---, ---, 
[65.981s][info][gc,stats    ] Concurrent Weak Roots               517 us
[65.981s][info][gc,stats    ]   Roots                             416 us, parallelism: 0.87x
[65.981s][info][gc,stats    ]     CWR: <total>                    363 us
[65.981s][info][gc,stats    ]     CWR: Code Cache Roots           295 us, workers (us): 295, ---, ---, 
[65.981s][info][gc,stats    ]     CWR: VM Weak Roots               63 us, workers (us):  63, ---, ---, 
[65.981s][info][gc,stats    ]     CWR: CLDG Roots                   5 us, workers (us):   5, ---, ---, 
[65.981s][info][gc,stats    ]   Rendezvous                         67 us
[65.981s][info][gc,stats    ] Concurrent Cleanup                   53 us
[65.981s][info][gc,stats    ] Concurrent Class Unloading         2322 us
[65.981s][info][gc,stats    ]   Unlink Stale                     1919 us
[65.981s][info][gc,stats    ]     System Dictionary                 3 us
[65.981s][info][gc,stats    ]     Weak Class Links                  0 us
[65.981s][info][gc,stats    ]     Code Roots                     1915 us
[65.981s][info][gc,stats    ]   Rendezvous                        226 us
[65.981s][info][gc,stats    ]   Purge Unlinked                    110 us
[65.981s][info][gc,stats    ]     Code Roots                      101 us
[65.981s][info][gc,stats    ]     CLDG                              8 us
[65.981s][info][gc,stats    ]     Exception Caches                  0 us
[65.981s][info][gc,stats    ] Pause Final Roots (G)               213 us
[65.981s][info][gc,stats    ] Pause Final Roots (N)                90 us
[65.981s][info][gc,stats    ] 
[65.981s][info][gc,stats    ] Allocation pacing accrued:
[65.981s][info][gc,stats    ]       0 of   919 ms (  0.0%): <total>
[65.981s][info][gc,stats    ]       0 of   919 ms (  0.0%): <average total>
[65.981s][info][gc,stats    ] 
[65.981s][info][gc,metaspace] Metaspace: 8947K(9152K)->8947K(9152K) NonClass: 7775K(7872K)->7775K(7872K) Class: 1171K(1280K)->1171K(1280K)
[65.981s][info][gc,ergo     ] Pacer for Idle. Initial: 163M, Alloc Tax Rate: 1.0x
[66.879s][info][gc          ] Trigger: Learning 4 of 5. Free (5724M) is below initial threshold (5734M)
[66.879s][info][gc,ergo     ] Free: 5724M, Max: 4096K regular, 5664M humongous, Frag: 2% external, 0% internal; Reserve: 412M, Max: 4096K
[66.879s][info][gc,start    ] GC(75) Concurrent reset
[66.879s][info][gc,task     ] GC(75) Using 1 of 3 workers for concurrent reset
[66.880s][info][gc,ergo     ] GC(75) Pacer for Reset. Non-Taxable: 8192M
[66.880s][info][gc          ] GC(75) Concurrent reset 0.981ms
[66.881s][info][gc,start    ] GC(75) Pause Init Mark (unload classes)
[66.881s][info][gc,task     ] GC(75) Using 3 of 3 workers for init marking
[66.881s][info][gc,ergo     ] GC(75) Pacer for Mark. Expected Live: 13231K, Free: 5720M, Non-Taxable: 572M, Alloc Tax Rate: 0.0x
[66.881s][info][gc          ] GC(75) Pause Init Mark (unload classes) 0.188ms
[66.881s][info][gc,start    ] GC(75) Concurrent marking roots
[66.881s][info][gc,task     ] GC(75) Using 1 of 3 workers for concurrent marking roots
[66.881s][info][gc          ] GC(75) Concurrent marking roots 0.428ms
[66.881s][info][gc,start    ] GC(75) Concurrent marking (unload classes)
[66.881s][info][gc,task     ] GC(75) Using 1 of 3 workers for concurrent marking
[66.912s][info][gc          ] GC(75) Concurrent marking (unload classes) 30.852ms
[66.912s][info][gc,start    ] GC(75) Pause Final Mark (unload classes)
[66.912s][info][gc,task     ] GC(75) Using 3 of 3 workers for final marking
[66.912s][info][gc,ergo     ] GC(75) Collectable Garbage: 1936M (94%), Immediate: 1936M (94%), CSet: 0B (0%)
[66.913s][info][gc          ] GC(75) Pause Final Mark (unload classes) 0.240ms
[66.913s][info][gc,start    ] GC(75) Concurrent weak references
[66.913s][info][gc,task     ] GC(75) Using 1 of 3 workers for concurrent weak references
[66.913s][info][gc,ref      ] GC(75) Encountered references: Soft: 144, Weak: 702, Final: 0, Phantom: 27
[66.913s][info][gc,ref      ] GC(75) Discovered  references: Soft: 0, Weak: 150, Final: 0, Phantom: 12
[66.913s][info][gc,ref      ] GC(75) Enqueued    references: Soft: 0, Weak: 0, Final: 0, Phantom: 0
[66.913s][info][gc          ] GC(75) Concurrent weak references 0.139ms
[66.913s][info][gc,start    ] GC(75) Concurrent weak roots
[66.913s][info][gc,task     ] GC(75) Using 1 of 3 workers for concurrent weak root
[66.913s][info][gc          ] GC(75) Concurrent weak roots 0.529ms
[66.913s][info][gc,start    ] GC(75) Concurrent cleanup
[66.913s][info][gc          ] GC(75) Concurrent cleanup 2127M->191M(8192M) 0.041ms
[66.913s][info][gc,ergo     ] GC(75) Free: 7588M, Max: 4096K regular, 5652M humongous, Frag: 26% external, 0% internal; Reserve: 412M, Max: 4096K
[66.913s][info][gc,start    ] GC(75) Concurrent class unloading
[66.913s][info][gc,task     ] GC(75) Using 1 of 3 workers for concurrent class unloading
[66.915s][info][gc          ] GC(75) Concurrent class unloading 1.823ms
[66.915s][info][gc,start    ] GC(75) Pause Final Roots
[66.915s][info][gc          ] GC(75) Pause Final Roots 0.019ms
[66.915s][info][gc,ergo     ] Free: 7584M, Max: 4096K regular, 5652M humongous, Frag: 26% external, 0% internal; Reserve: 412M, Max: 4096K
[66.915s][info][gc,stats    ] 
[66.915s][info][gc,stats    ] All times are wall-clock times, except per-root-class counters, that are sum over
[66.915s][info][gc,stats    ] all workers. Dividing the <total> over the root stage time estimates parallelism.
[66.915s][info][gc,stats    ] 
[66.915s][info][gc,stats    ] Concurrent Reset                   1059 us
[66.915s][info][gc,stats    ] Pause Init Mark (G)                 333 us
[66.915s][info][gc,stats    ] Pause Init Mark (N)                 205 us
[66.915s][info][gc,stats    ]   Update Region States               76 us
[66.915s][info][gc,stats    ] Concurrent Mark Roots               450 us, parallelism: 0.76x
[66.915s][info][gc,stats    ]   CMR: <total>                      340 us
[66.915s][info][gc,stats    ]   CMR: Thread Roots                 300 us, workers (us): 300, ---, ---, 
[66.915s][info][gc,stats    ]   CMR: VM Strong Roots                5 us, workers (us):   5, ---, ---, 
[66.915s][info][gc,stats    ]   CMR: CLDG Roots                    35 us, workers (us):  35, ---, ---, 
[66.915s][info][gc,stats    ] Concurrent Marking                30902 us
[66.915s][info][gc,stats    ] Pause Final Mark (G)                370 us
[66.915s][info][gc,stats    ] Pause Final Mark (N)                250 us
[66.915s][info][gc,stats    ]   Finish Mark                        59 us
[66.915s][info][gc,stats    ]   Update Region States               44 us
[66.915s][info][gc,stats    ]   Choose Collection Set              46 us
[66.915s][info][gc,stats    ]   Rebuild Free Set                   16 us
[66.915s][info][gc,stats    ] Concurrent Weak References          146 us, parallelism: 0.05x
[66.915s][info][gc,stats    ]   CWRF: <total>                       7 us
[66.916s][info][gc,stats    ]   CWRF: Weak References               7 us, workers (us):   7, ---, ---, 
[66.916s][info][gc,stats    ] Concurrent Weak Roots               549 us
[66.916s][info][gc,stats    ]   Roots                             460 us, parallelism: 0.89x
[66.916s][info][gc,stats    ]     CWR: <total>                    408 us
[66.916s][info][gc,stats    ]     CWR: Code Cache Roots           338 us, workers (us): 338, ---, ---, 
[66.916s][info][gc,stats    ]     CWR: VM Weak Roots               65 us, workers (us):  65, ---, ---, 
[66.916s][info][gc,stats    ]     CWR: CLDG Roots                   6 us, workers (us):   6, ---, ---, 
[66.916s][info][gc,stats    ]   Rendezvous                         55 us
[66.916s][info][gc,stats    ] Concurrent Cleanup                   50 us
[66.916s][info][gc,stats    ] Concurrent Class Unloading         1856 us
[66.916s][info][gc,stats    ]   Unlink Stale                     1628 us
[66.916s][info][gc,stats    ]     System Dictionary                 4 us
[66.916s][info][gc,stats    ]     Weak Class Links                  0 us
[66.916s][info][gc,stats    ]     Code Roots                     1623 us
[66.916s][info][gc,stats    ]   Rendezvous                         57 us
[66.916s][info][gc,stats    ]   Purge Unlinked                    121 us
[66.916s][info][gc,stats    ]     Code Roots                      117 us
[66.916s][info][gc,stats    ]     CLDG                              4 us
[66.916s][info][gc,stats    ]     Exception Caches                  0 us
[66.916s][info][gc,stats    ] Pause Final Roots (G)                95 us
[66.916s][info][gc,stats    ] Pause Final Roots (N)                28 us
[66.916s][info][gc,stats    ] 
[66.916s][info][gc,stats    ] Allocation pacing accrued:
[66.916s][info][gc,stats    ]       0 of   935 ms (  0.0%): <total>
[66.916s][info][gc,stats    ]       0 of   935 ms (  0.0%): <average total>
[66.916s][info][gc,stats    ] 
[66.916s][info][gc,metaspace] Metaspace: 8947K(9152K)->8947K(9152K) NonClass: 7775K(7872K)->7775K(7872K) Class: 1171K(1280K)->1171K(1280K)
[66.916s][info][gc,ergo     ] Pacer for Idle. Initial: 163M, Alloc Tax Rate: 1.0x
[67.601s][info][gc          ] Trigger: Explicit GC request (System.gc())
[67.601s][info][gc,ergo     ] Free: 6740M, Max: 4096K regular, 5652M humongous, Frag: 17% external, 0% internal; Reserve: 412M, Max: 4096K
[67.601s][info][gc,start    ] GC(76) Concurrent reset
[67.602s][info][gc,task     ] GC(76) Using 1 of 3 workers for concurrent reset
[67.602s][info][gc,ergo     ] GC(76) Pacer for Reset. Non-Taxable: 8192M
[67.602s][info][gc          ] GC(76) Concurrent reset 0.871ms
[67.602s][info][gc,start    ] GC(76) Pause Init Mark (unload classes)
[67.603s][info][gc,task     ] GC(76) Using 3 of 3 workers for init marking
[67.603s][info][gc,ref      ] GC(76) Clearing All SoftReferences
[67.603s][info][gc,ergo     ] GC(76) Pacer for Mark. Expected Live: 14510K, Free: 6740M, Non-Taxable: 674M, Alloc Tax Rate: 0.0x
[67.603s][info][gc          ] GC(76) Pause Init Mark (unload classes) 0.166ms
[67.603s][info][gc,start    ] GC(76) Concurrent marking roots
[67.603s][info][gc,task     ] GC(76) Using 1 of 3 workers for concurrent marking roots
[67.603s][info][gc          ] GC(76) Concurrent marking roots 0.559ms
[67.603s][info][gc,start    ] GC(76) Concurrent marking (unload classes)
[67.603s][info][gc,task     ] GC(76) Using 1 of 3 workers for concurrent marking
[67.607s][info][gc          ] GC(76) Concurrent marking (unload classes) 3.733ms
[67.607s][info][gc,start    ] GC(76) Pause Final Mark (unload classes)
[67.607s][info][gc,task     ] GC(76) Using 3 of 3 workers for final marking
[67.607s][info][gc,ergo     ] GC(76) Collectable Garbage: 975M (94%), Immediate: 975M (94%), CSet: 0B (0%)
[67.608s][info][gc          ] GC(76) Pause Final Mark (unload classes) 0.417ms
[67.608s][info][gc,start    ] GC(76) Concurrent weak references
[67.608s][info][gc,task     ] GC(76) Using 1 of 3 workers for concurrent weak references
[67.608s][info][gc,ref      ] GC(76) Encountered references: Soft: 144, Weak: 702, Final: 0, Phantom: 27
[67.608s][info][gc,ref      ] GC(76) Discovered  references: Soft: 89, Weak: 168, Final: 0, Phantom: 25
[67.608s][info][gc,ref      ] GC(76) Enqueued    references: Soft: 3, Weak: 0, Final: 0, Phantom: 0
[67.608s][info][gc          ] GC(76) Concurrent weak references 0.252ms
[67.608s][info][gc,start    ] GC(76) Concurrent weak roots
[67.608s][info][gc,task     ] GC(76) Using 1 of 3 workers for concurrent weak root
[67.609s][info][gc          ] GC(76) Concurrent weak roots 0.677ms
[67.609s][info][gc,start    ] GC(76) Concurrent cleanup
[67.609s][info][gc          ] GC(76) Concurrent cleanup 1039M->63M(8192M) 0.040ms
[67.609s][info][gc,ergo     ] GC(76) Free: 7716M, Max: 4096K regular, 6856M humongous, Frag: 12% external, 0% internal; Reserve: 412M, Max: 4096K
[67.609s][info][gc,start    ] GC(76) Concurrent class unloading
[67.609s][info][gc,task     ] GC(76) Using 1 of 3 workers for concurrent class unloading
[67.611s][info][gc          ] GC(76) Concurrent class unloading 2.069ms
[67.611s][info][gc,start    ] GC(76) Pause Final Roots
[67.611s][info][gc          ] GC(76) Pause Final Roots 0.055ms
[67.611s][info][gc,ergo     ] Free: 7716M, Max: 4096K regular, 6856M humongous, Frag: 12% external, 0% internal; Reserve: 412M, Max: 4096K
[67.611s][info][gc,stats    ] 
[67.611s][info][gc,stats    ] All times are wall-clock times, except per-root-class counters, that are sum over
[67.611s][info][gc,stats    ] all workers. Dividing the <total> over the root stage time estimates parallelism.
[67.611s][info][gc,stats    ] 
[67.611s][info][gc,stats    ] Concurrent Reset                    929 us
[67.611s][info][gc,stats    ] Pause Init Mark (G)                 299 us
[67.611s][info][gc,stats    ] Pause Init Mark (N)                 182 us
[67.611s][info][gc,stats    ]   Update Region States               67 us
[67.611s][info][gc,stats    ] Concurrent Mark Roots               577 us, parallelism: 0.73x
[67.611s][info][gc,stats    ]   CMR: <total>                      421 us
[67.611s][info][gc,stats    ]   CMR: Thread Roots                 348 us, workers (us): 348, ---, ---, 
[67.611s][info][gc,stats    ]   CMR: VM Strong Roots                7 us, workers (us):   7, ---, ---, 
[67.611s][info][gc,stats    ]   CMR: CLDG Roots                    65 us, workers (us):  65, ---, ---, 
[67.611s][info][gc,stats    ] Concurrent Marking                 3785 us
[67.611s][info][gc,stats    ] Pause Final Mark (G)                565 us
[67.611s][info][gc,stats    ] Pause Final Mark (N)                449 us
[67.611s][info][gc,stats    ]   Finish Mark                       156 us
[67.611s][info][gc,stats    ]   Update Region States               82 us
[67.611s][info][gc,stats    ]   Choose Collection Set              77 us
[67.611s][info][gc,stats    ]   Rebuild Free Set                   21 us
[67.611s][info][gc,stats    ] Concurrent Weak References          269 us, parallelism: 0.07x
[67.611s][info][gc,stats    ]   CWRF: <total>                      19 us
[67.611s][info][gc,stats    ]   CWRF: Weak References              19 us, workers (us):  19, ---, ---, 
[67.611s][info][gc,stats    ] Concurrent Weak Roots               728 us
[67.611s][info][gc,stats    ]   Roots                             568 us, parallelism: 0.85x
[67.612s][info][gc,stats    ]     CWR: <total>                    484 us
[67.612s][info][gc,stats    ]     CWR: Code Cache Roots           410 us, workers (us): 410, ---, ---, 
[67.612s][info][gc,stats    ]     CWR: VM Weak Roots               67 us, workers (us):  67, ---, ---, 
[67.612s][info][gc,stats    ]     CWR: CLDG Roots                   6 us, workers (us):   6, ---, ---, 
[67.612s][info][gc,stats    ]   Rendezvous                         88 us
[67.612s][info][gc,stats    ] Concurrent Cleanup                   48 us
[67.612s][info][gc,stats    ] Concurrent Class Unloading         2119 us
[67.612s][info][gc,stats    ]   Unlink Stale                     1824 us
[67.612s][info][gc,stats    ]     System Dictionary                 6 us
[67.612s][info][gc,stats    ]     Weak Class Links                  0 us
[67.612s][info][gc,stats    ]     Code Roots                     1816 us
[67.612s][info][gc,stats    ]   Rendezvous                        102 us
[67.612s][info][gc,stats    ]   Purge Unlinked                    124 us
[67.612s][info][gc,stats    ]     Code Roots                      118 us
[67.612s][info][gc,stats    ]     CLDG                              5 us
[67.612s][info][gc,stats    ]     Exception Caches                  0 us
[67.612s][info][gc,stats    ] Pause Final Roots (G)               185 us
[67.612s][info][gc,stats    ] Pause Final Roots (N)                72 us
[67.612s][info][gc,stats    ] 
[67.612s][info][gc,stats    ] Allocation pacing accrued:
[67.612s][info][gc,stats    ]       0 of   696 ms (  0.0%): <total>
[67.612s][info][gc,stats    ]       0 of   696 ms (  0.0%): <average total>
[67.612s][info][gc,stats    ] 
[67.612s][info][gc,metaspace] Metaspace: 8947K(9152K)->8949K(9216K) NonClass: 7775K(7872K)->7777K(7936K) Class: 1171K(1280K)->1171K(1280K)
[67.612s][info][gc,ergo     ] Pacer for Idle. Initial: 163M, Alloc Tax Rate: 1.0x
[68.528s][info][gc          ] Trigger: Learning 2 of 5. Free (5716M) is below initial threshold (5734M)
[68.528s][info][gc,ergo     ] Free: 5716M, Max: 4096K regular, 5716M humongous, Frag: 0% external, 0% internal; Reserve: 412M, Max: 4096K
[68.528s][info][gc,start    ] GC(77) Concurrent reset
[68.528s][info][gc,task     ] GC(77) Using 1 of 3 workers for concurrent reset
[68.528s][info][gc,ergo     ] GC(77) Pacer for Reset. Non-Taxable: 8192M
[68.529s][info][gc          ] GC(77) Concurrent reset 0.638ms
[68.529s][info][gc,start    ] GC(77) Pause Init Mark (unload classes)
[68.529s][info][gc,task     ] GC(77) Using 3 of 3 workers for init marking
[68.529s][info][gc,ergo     ] GC(77) Pacer for Mark. Expected Live: 10724K, Free: 5716M, Non-Taxable: 571M, Alloc Tax Rate: 0.0x
[68.529s][info][gc          ] GC(77) Pause Init Mark (unload classes) 0.221ms
[68.529s][info][gc,start    ] GC(77) Concurrent marking roots
[68.529s][info][gc,task     ] GC(77) Using 1 of 3 workers for concurrent marking roots
[68.530s][info][gc          ] GC(77) Concurrent marking roots 0.592ms
[68.530s][info][gc,start    ] GC(77) Concurrent marking (unload classes)
[68.530s][info][gc,task     ] GC(77) Using 1 of 3 workers for concurrent marking
[68.543s][info][gc          ] GC(77) Concurrent marking (unload classes) 12.851ms
[68.543s][info][gc,start    ] GC(77) Pause Final Mark (unload classes)
[68.543s][info][gc,task     ] GC(77) Using 3 of 3 workers for final marking
[68.543s][info][gc,ergo     ] GC(77) Collectable Garbage: 1960M (95%), Immediate: 1960M (95%), CSet: 0B (0%)
[68.543s][info][gc          ] GC(77) Pause Final Mark (unload classes) 0.337ms
[68.543s][info][gc,start    ] GC(77) Concurrent weak references
[68.544s][info][gc,task     ] GC(77) Using 1 of 3 workers for concurrent weak references
[68.544s][info][gc,ref      ] GC(77) Encountered references: Soft: 144, Weak: 702, Final: 0, Phantom: 27
[68.544s][info][gc,ref      ] GC(77) Discovered  references: Soft: 0, Weak: 150, Final: 0, Phantom: 12
[68.544s][info][gc,ref      ] GC(77) Enqueued    references: Soft: 0, Weak: 0, Final: 0, Phantom: 0
[68.544s][info][gc          ] GC(77) Concurrent weak references 0.203ms
[68.544s][info][gc,start    ] GC(77) Concurrent weak roots
[68.544s][info][gc,task     ] GC(77) Using 1 of 3 workers for concurrent weak root
[68.544s][info][gc          ] GC(77) Concurrent weak roots 0.735ms
[68.544s][info][gc,start    ] GC(77) Concurrent cleanup
[68.544s][info][gc          ] GC(77) Concurrent cleanup 2095M->135M(8192M) 0.046ms
[68.545s][info][gc,ergo     ] GC(77) Free: 7644M, Max: 4096K regular, 5684M humongous, Frag: 26% external, 0% internal; Reserve: 412M, Max: 4096K
[68.545s][info][gc,start    ] GC(77) Concurrent class unloading
[68.545s][info][gc,task     ] GC(77) Using 1 of 3 workers for concurrent class unloading
[68.547s][info][gc          ] GC(77) Concurrent class unloading 2.498ms
[68.547s][info][gc,start    ] GC(77) Pause Final Roots
[68.547s][info][gc          ] GC(77) Pause Final Roots 0.040ms
[68.547s][info][gc,ergo     ] Free: 7636M, Max: 4096K regular, 5684M humongous, Frag: 26% external, 0% internal; Reserve: 412M, Max: 4096K
[68.547s][info][gc,stats    ] 
[68.547s][info][gc,stats    ] All times are wall-clock times, except per-root-class counters, that are sum over
[68.547s][info][gc,stats    ] all workers. Dividing the <total> over the root stage time estimates parallelism.
[68.547s][info][gc,stats    ] 
[68.547s][info][gc,stats    ] Concurrent Reset                    709 us
[68.547s][info][gc,stats    ] Pause Init Mark (G)                 405 us
[68.547s][info][gc,stats    ] Pause Init Mark (N)                 239 us
[68.547s][info][gc,stats    ]   Update Region States              115 us
[68.547s][info][gc,stats    ] Concurrent Mark Roots               610 us, parallelism: 0.69x
[68.547s][info][gc,stats    ]   CMR: <total>                      424 us
[68.547s][info][gc,stats    ]   CMR: Thread Roots                 332 us, workers (us): 332, ---, ---, 
[68.548s][info][gc,stats    ]   CMR: VM Strong Roots               11 us, workers (us):  11, ---, ---, 
[68.548s][info][gc,stats    ]   CMR: CLDG Roots                    81 us, workers (us):  81, ---, ---, 
[68.548s][info][gc,stats    ] Concurrent Marking                12921 us
[68.548s][info][gc,stats    ] Pause Final Mark (G)                514 us
[68.548s][info][gc,stats    ] Pause Final Mark (N)                356 us
[68.548s][info][gc,stats    ]   Finish Mark                       111 us
[68.548s][info][gc,stats    ]   Update Region States               89 us
[68.548s][info][gc,stats    ]   Choose Collection Set              60 us
[68.548s][info][gc,stats    ]   Rebuild Free Set                   16 us
[68.548s][info][gc,stats    ] Concurrent Weak References          217 us, parallelism: 0.02x
[68.548s][info][gc,stats    ]   CWRF: <total>                       5 us
[68.548s][info][gc,stats    ]   CWRF: Weak References               5 us, workers (us):   5, ---, ---, 
[68.548s][info][gc,stats    ] Concurrent Weak Roots               756 us
[68.548s][info][gc,stats    ]   Roots                             637 us, parallelism: 0.82x
[68.548s][info][gc,stats    ]     CWR: <total>                    521 us
[68.548s][info][gc,stats    ]     CWR: Code Cache Roots           400 us, workers (us): 400, ---, ---, 
[68.548s][info][gc,stats    ]     CWR: VM Weak Roots              115 us, workers (us): 115, ---, ---, 
[68.548s][info][gc,stats    ]     CWR: CLDG Roots                   6 us, workers (us):   6, ---, ---, 
[68.548s][info][gc,stats    ]   Rendezvous                         82 us
[68.548s][info][gc,stats    ] Concurrent Cleanup                   54 us
[68.548s][info][gc,stats    ] Concurrent Class Unloading         2550 us
[68.548s][info][gc,stats    ]   Unlink Stale                     2104 us
[68.548s][info][gc,stats    ]     System Dictionary                 3 us
[68.548s][info][gc,stats    ]     Weak Class Links                  0 us
[68.548s][info][gc,stats    ]     Code Roots                     2099 us
[68.548s][info][gc,stats    ]   Rendezvous                        175 us
[68.548s][info][gc,stats    ]   Purge Unlinked                    191 us
[68.548s][info][gc,stats    ]     Code Roots                      181 us
[68.548s][info][gc,stats    ]     CLDG                             10 us
[68.548s][info][gc,stats    ]     Exception Caches                  0 us
[68.548s][info][gc,stats    ] Pause Final Roots (G)               188 us
[68.548s][info][gc,stats    ] Pause Final Roots (N)                58 us
[68.548s][info][gc,stats    ] 
[68.548s][info][gc,stats    ] Allocation pacing accrued:
[68.548s][info][gc,stats    ]       0 of   936 ms (  0.0%): <total>
[68.548s][info][gc,stats    ]       0 of   936 ms (  0.0%): <average total>
[68.548s][info][gc,stats    ] 
[68.548s][info][gc,metaspace] Metaspace: 8950K(9216K)->8950K(9216K) NonClass: 7778K(7936K)->7778K(7936K) Class: 1171K(1280K)->1171K(1280K)
[68.548s][info][gc,ergo     ] Pacer for Idle. Initial: 163M, Alloc Tax Rate: 1.0x
[69.440s][info][gc          ] Trigger: Learning 3 of 5. Free (5704M) is below initial threshold (5734M)
[69.440s][info][gc,ergo     ] Free: 5704M, Max: 4096K regular, 5684M humongous, Frag: 1% external, 0% internal; Reserve: 412M, Max: 4096K
[69.440s][info][gc,start    ] GC(78) Concurrent reset
[69.440s][info][gc,task     ] GC(78) Using 1 of 3 workers for concurrent reset
[69.440s][info][gc,ergo     ] GC(78) Pacer for Reset. Non-Taxable: 8192M
[69.441s][info][gc          ] GC(78) Concurrent reset 0.720ms
[69.441s][info][gc,start    ] GC(78) Pause Init Mark (unload classes)
[69.441s][info][gc,task     ] GC(78) Using 3 of 3 workers for init marking
[69.441s][info][gc,ergo     ] GC(78) Pacer for Mark. Expected Live: 12021K, Free: 5700M, Non-Taxable: 570M, Alloc Tax Rate: 0.0x
[69.441s][info][gc          ] GC(78) Pause Init Mark (unload classes) 0.175ms
[69.441s][info][gc,start    ] GC(78) Concurrent marking roots
[69.441s][info][gc,task     ] GC(78) Using 1 of 3 workers for concurrent marking roots
[69.441s][info][gc          ] GC(78) Concurrent marking roots 0.491ms
[69.441s][info][gc,start    ] GC(78) Concurrent marking (unload classes)
[69.441s][info][gc,task     ] GC(78) Using 1 of 3 workers for concurrent marking
[69.462s][info][gc          ] GC(78) Concurrent marking (unload classes) 20.927ms
[69.463s][info][gc,start    ] GC(78) Pause Final Mark (unload classes)
[69.463s][info][gc,task     ] GC(78) Using 3 of 3 workers for final marking
[69.463s][info][gc,ergo     ] GC(78) Collectable Garbage: 1944M (94%), Immediate: 1944M (94%), CSet: 0B (0%)
[69.463s][info][gc          ] GC(78) Pause Final Mark (unload classes) 0.384ms
[69.463s][info][gc,start    ] GC(78) Concurrent weak references
[69.463s][info][gc,task     ] GC(78) Using 1 of 3 workers for concurrent weak references
[69.463s][info][gc,ref      ] GC(78) Encountered references: Soft: 144, Weak: 702, Final: 0, Phantom: 27
[69.463s][info][gc,ref      ] GC(78) Discovered  references: Soft: 0, Weak: 150, Final: 0, Phantom: 12
[69.463s][info][gc,ref      ] GC(78) Enqueued    references: Soft: 0, Weak: 0, Final: 0, Phantom: 0
[69.463s][info][gc          ] GC(78) Concurrent weak references 0.194ms
[69.463s][info][gc,start    ] GC(78) Concurrent weak roots
[69.463s][info][gc,task     ] GC(78) Using 1 of 3 workers for concurrent weak root
[69.464s][info][gc          ] GC(78) Concurrent weak roots 0.538ms
[69.464s][info][gc,start    ] GC(78) Concurrent cleanup
[69.464s][info][gc          ] GC(78) Concurrent cleanup 2115M->171M(8192M) 0.042ms
[69.464s][info][gc,ergo     ] GC(78) Free: 7608M, Max: 4096K regular, 5664M humongous, Frag: 26% external, 0% internal; Reserve: 412M, Max: 4096K
[69.464s][info][gc,start    ] GC(78) Concurrent class unloading
[69.464s][info][gc,task     ] GC(78) Using 1 of 3 workers for concurrent class unloading
[69.466s][info][gc          ] GC(78) Concurrent class unloading 1.958ms
[69.466s][info][gc,start    ] GC(78) Pause Final Roots
[69.466s][info][gc          ] GC(78) Pause Final Roots 0.059ms
[69.466s][info][gc,ergo     ] Free: 7604M, Max: 4096K regular, 5664M humongous, Frag: 26% external, 0% internal; Reserve: 412M, Max: 4096K
[69.466s][info][gc,stats    ] 
[69.466s][info][gc,stats    ] All times are wall-clock times, except per-root-class counters, that are sum over
[69.466s][info][gc,stats    ] all workers. Dividing the <total> over the root stage time estimates parallelism.
[69.466s][info][gc,stats    ] 
[69.466s][info][gc,stats    ] Concurrent Reset                    783 us
[69.466s][info][gc,stats    ] Pause Init Mark (G)                 337 us
[69.466s][info][gc,stats    ] Pause Init Mark (N)                 192 us
[69.466s][info][gc,stats    ]   Update Region States               73 us
[69.466s][info][gc,stats    ] Concurrent Mark Roots               508 us, parallelism: 0.72x
[69.466s][info][gc,stats    ]   CMR: <total>                      366 us
[69.466s][info][gc,stats    ]   CMR: Thread Roots                 323 us, workers (us): 323, ---, ---, 
[69.466s][info][gc,stats    ]   CMR: VM Strong Roots                5 us, workers (us):   5, ---, ---, 
[69.466s][info][gc,stats    ]   CMR: CLDG Roots                    39 us, workers (us):  39, ---, ---, 
[69.466s][info][gc,stats    ] Concurrent Marking                20995 us
[69.466s][info][gc,stats    ] Pause Final Mark (G)                550 us
[69.466s][info][gc,stats    ] Pause Final Mark (N)                403 us
[69.466s][info][gc,stats    ]   Finish Mark                       130 us
[69.466s][info][gc,stats    ]   Update Region States               89 us
[69.466s][info][gc,stats    ]   Choose Collection Set              63 us
[69.466s][info][gc,stats    ]   Rebuild Free Set                   17 us
[69.466s][info][gc,stats    ] Concurrent Weak References          210 us, parallelism: 0.04x
[69.466s][info][gc,stats    ]   CWRF: <total>                       8 us
[69.466s][info][gc,stats    ]   CWRF: Weak References               8 us, workers (us):   8, ---, ---, 
[69.466s][info][gc,stats    ] Concurrent Weak Roots               557 us
[69.466s][info][gc,stats    ]   Roots                             422 us, parallelism: 0.87x
[69.466s][info][gc,stats    ]     CWR: <total>                    368 us
[69.466s][info][gc,stats    ]     CWR: Code Cache Roots           302 us, workers (us): 302, ---, ---, 
[69.467s][info][gc,stats    ]     CWR: VM Weak Roots               62 us, workers (us):  62, ---, ---, 
[69.467s][info][gc,stats    ]     CWR: CLDG Roots                   5 us, workers (us):   5, ---, ---, 
[69.467s][info][gc,stats    ]   Rendezvous                         84 us
[69.467s][info][gc,stats    ] Concurrent Cleanup                   50 us
[69.467s][info][gc,stats    ] Concurrent Class Unloading         2008 us
[69.467s][info][gc,stats    ]   Unlink Stale                     1609 us
[69.467s][info][gc,stats    ]     System Dictionary                 3 us
[69.467s][info][gc,stats    ]     Weak Class Links                  0 us
[69.467s][info][gc,stats    ]     Code Roots                     1605 us
[69.467s][info][gc,stats    ]   Rendezvous                        216 us
[69.467s][info][gc,stats    ]   Purge Unlinked                    114 us
[69.467s][info][gc,stats    ]     Code Roots                      106 us
[69.467s][info][gc,stats    ]     CLDG                              8 us
[69.467s][info][gc,stats    ]     Exception Caches                  0 us
[69.467s][info][gc,stats    ] Pause Final Roots (G)               197 us
[69.467s][info][gc,stats    ] Pause Final Roots (N)                77 us
[69.467s][info][gc,stats    ] 
[69.467s][info][gc,stats    ] Allocation pacing accrued:
[69.467s][info][gc,stats    ]       0 of   919 ms (  0.0%): <total>
[69.467s][info][gc,stats    ]       0 of   919 ms (  0.0%): <average total>
[69.467s][info][gc,stats    ] 
[69.467s][info][gc,metaspace] Metaspace: 8950K(9216K)->8950K(9216K) NonClass: 7778K(7936K)->7778K(7936K) Class: 1171K(1280K)->1171K(1280K)
[69.467s][info][gc,ergo     ] Pacer for Idle. Initial: 163M, Alloc Tax Rate: 1.0x
[70.366s][info][gc          ] Trigger: Learning 4 of 5. Free (5704M) is below initial threshold (5734M)
[70.366s][info][gc,ergo     ] Free: 5704M, Max: 4096K regular, 5664M humongous, Frag: 1% external, 0% internal; Reserve: 412M, Max: 4096K
[70.366s][info][gc,start    ] GC(79) Concurrent reset
[70.367s][info][gc,task     ] GC(79) Using 1 of 3 workers for concurrent reset
[70.367s][info][gc,ergo     ] GC(79) Pacer for Reset. Non-Taxable: 8192M
[70.367s][info][gc          ] GC(79) Concurrent reset 0.896ms
[70.368s][info][gc,start    ] GC(79) Pause Init Mark (unload classes)
[70.368s][info][gc,task     ] GC(79) Using 3 of 3 workers for init marking
[70.368s][info][gc,ergo     ] GC(79) Pacer for Mark. Expected Live: 13254K, Free: 5704M, Non-Taxable: 570M, Alloc Tax Rate: 0.0x
[70.368s][info][gc          ] GC(79) Pause Init Mark (unload classes) 0.186ms
[70.368s][info][gc,start    ] GC(79) Concurrent marking roots
[70.368s][info][gc,task     ] GC(79) Using 1 of 3 workers for concurrent marking roots
[70.368s][info][gc          ] GC(79) Concurrent marking roots 0.550ms
[70.368s][info][gc,start    ] GC(79) Concurrent marking (unload classes)
[70.368s][info][gc,task     ] GC(79) Using 1 of 3 workers for concurrent marking
[70.399s][info][gc          ] GC(79) Concurrent marking (unload classes) 30.454ms
[70.399s][info][gc,start    ] GC(79) Pause Final Mark (unload classes)
[70.399s][info][gc,task     ] GC(79) Using 3 of 3 workers for final marking
[70.399s][info][gc,ergo     ] GC(79) Collectable Garbage: 1952M (95%), Immediate: 1952M (95%), CSet: 0B (0%)
[70.399s][info][gc          ] GC(79) Pause Final Mark (unload classes) 0.274ms
[70.399s][info][gc,start    ] GC(79) Concurrent weak references
[70.399s][info][gc,task     ] GC(79) Using 1 of 3 workers for concurrent weak references
[70.399s][info][gc,ref      ] GC(79) Encountered references: Soft: 144, Weak: 702, Final: 0, Phantom: 27
[70.399s][info][gc,ref      ] GC(79) Discovered  references: Soft: 0, Weak: 150, Final: 0, Phantom: 12
[70.399s][info][gc,ref      ] GC(79) Enqueued    references: Soft: 0, Weak: 0, Final: 0, Phantom: 0
[70.399s][info][gc          ] GC(79) Concurrent weak references 0.144ms
[70.399s][info][gc,start    ] GC(79) Concurrent weak roots
[70.399s][info][gc,task     ] GC(79) Using 1 of 3 workers for concurrent weak root
[70.400s][info][gc          ] GC(79) Concurrent weak roots 0.661ms
[70.400s][info][gc,start    ] GC(79) Concurrent cleanup
[70.400s][info][gc          ] GC(79) Concurrent cleanup 2143M->191M(8192M) 0.045ms
[70.400s][info][gc,ergo     ] GC(79) Free: 7588M, Max: 4096K regular, 5636M humongous, Frag: 26% external, 0% internal; Reserve: 412M, Max: 4096K
[70.400s][info][gc,start    ] GC(79) Concurrent class unloading
[70.400s][info][gc,task     ] GC(79) Using 1 of 3 workers for concurrent class unloading
[70.402s][info][gc          ] GC(79) Concurrent class unloading 1.829ms
[70.402s][info][gc,start    ] GC(79) Pause Final Roots
[70.402s][info][gc          ] GC(79) Pause Final Roots 0.025ms
[70.402s][info][gc,ergo     ] Free: 7584M, Max: 4096K regular, 5636M humongous, Frag: 26% external, 0% internal; Reserve: 412M, Max: 4096K
[70.402s][info][gc,stats    ] 
[70.402s][info][gc,stats    ] All times are wall-clock times, except per-root-class counters, that are sum over
[70.402s][info][gc,stats    ] all workers. Dividing the <total> over the root stage time estimates parallelism.
[70.402s][info][gc,stats    ] 
[70.402s][info][gc,stats    ] Concurrent Reset                    965 us
[70.402s][info][gc,stats    ] Pause Init Mark (G)                 350 us
[70.402s][info][gc,stats    ] Pause Init Mark (N)                 207 us
[70.402s][info][gc,stats    ]   Update Region States               70 us
[70.402s][info][gc,stats    ] Concurrent Mark Roots               575 us, parallelism: 0.75x
[70.402s][info][gc,stats    ]   CMR: <total>                      430 us
[70.402s][info][gc,stats    ]   CMR: Thread Roots                 388 us, workers (us): 388, ---, ---, 
[70.402s][info][gc,stats    ]   CMR: VM Strong Roots                5 us, workers (us):   5, ---, ---, 
[70.402s][info][gc,stats    ]   CMR: CLDG Roots                    37 us, workers (us):  37, ---, ---, 
[70.402s][info][gc,stats    ] Concurrent Marking                30523 us
[70.402s][info][gc,stats    ] Pause Final Mark (G)                418 us
[70.402s][info][gc,stats    ] Pause Final Mark (N)                284 us
[70.402s][info][gc,stats    ]   Finish Mark                        90 us
[70.402s][info][gc,stats    ]   Update Region States               60 us
[70.402s][info][gc,stats    ]   Choose Collection Set              34 us
[70.402s][info][gc,stats    ]   Rebuild Free Set                    8 us
[70.402s][info][gc,stats    ] Concurrent Weak References          151 us, parallelism: 0.03x
[70.402s][info][gc,stats    ]   CWRF: <total>                       4 us
[70.402s][info][gc,stats    ]   CWRF: Weak References               4 us, workers (us):   4, ---, ---, 
[70.402s][info][gc,stats    ] Concurrent Weak Roots               681 us
[70.402s][info][gc,stats    ]   Roots                             587 us, parallelism: 0.88x
[70.402s][info][gc,stats    ]     CWR: <total>                    514 us
[70.402s][info][gc,stats    ]     CWR: Code Cache Roots           393 us, workers (us): 393, ---, ---, 
[70.402s][info][gc,stats    ]     CWR: VM Weak Roots              114 us, workers (us): 114, ---, ---, 
[70.402s][info][gc,stats    ]     CWR: CLDG Roots                   7 us, workers (us):   7, ---, ---, 
[70.402s][info][gc,stats    ]   Rendezvous                         59 us
[70.403s][info][gc,stats    ] Concurrent Cleanup                   53 us
[70.403s][info][gc,stats    ] Concurrent Class Unloading         1859 us
[70.403s][info][gc,stats    ]   Unlink Stale                     1664 us
[70.403s][info][gc,stats    ]     System Dictionary                 3 us
[70.403s][info][gc,stats    ]     Weak Class Links                  1 us
[70.403s][info][gc,stats    ]     Code Roots                     1659 us
[70.403s][info][gc,stats    ]   Rendezvous                         63 us
[70.403s][info][gc,stats    ]   Purge Unlinked                     85 us
[70.403s][info][gc,stats    ]     Code Roots                       80 us
[70.403s][info][gc,stats    ]     CLDG                              5 us
[70.403s][info][gc,stats    ]     Exception Caches                  0 us
[70.403s][info][gc,stats    ] Pause Final Roots (G)               141 us
[70.403s][info][gc,stats    ] Pause Final Roots (N)                36 us
[70.403s][info][gc,stats    ] 
[70.403s][info][gc,stats    ] Allocation pacing accrued:
[70.403s][info][gc,stats    ]       0 of   936 ms (  0.0%): <total>
[70.403s][info][gc,stats    ]       0 of   936 ms (  0.0%): <average total>
[70.403s][info][gc,stats    ] 
[70.403s][info][gc,metaspace] Metaspace: 8950K(9216K)->8950K(9216K) NonClass: 7778K(7936K)->7778K(7936K) Class: 1171K(1280K)->1171K(1280K)
[70.403s][info][gc,ergo     ] Pacer for Idle. Initial: 163M, Alloc Tax Rate: 1.0x
[71.072s][info][gc          ] Trigger: Explicit GC request (System.gc())
[71.072s][info][gc,ergo     ] Free: 6764M, Max: 4096K regular, 5636M humongous, Frag: 17% external, 0% internal; Reserve: 412M, Max: 4096K
[71.073s][info][gc,start    ] GC(80) Concurrent reset
[71.073s][info][gc,task     ] GC(80) Using 1 of 3 workers for concurrent reset
[71.073s][info][gc,ergo     ] GC(80) Pacer for Reset. Non-Taxable: 8192M
[71.073s][info][gc          ] GC(80) Concurrent reset 0.629ms
[71.073s][info][gc,start    ] GC(80) Pause Init Mark (unload classes)
[71.073s][info][gc,task     ] GC(80) Using 3 of 3 workers for init marking
[71.073s][info][gc,ref      ] GC(80) Clearing All SoftReferences
[71.074s][info][gc,ergo     ] GC(80) Pacer for Mark. Expected Live: 14529K, Free: 6764M, Non-Taxable: 676M, Alloc Tax Rate: 0.0x
[71.074s][info][gc          ] GC(80) Pause Init Mark (unload classes) 0.281ms
[71.074s][info][gc,start    ] GC(80) Concurrent marking roots
[71.074s][info][gc,task     ] GC(80) Using 1 of 3 workers for concurrent marking roots
[71.074s][info][gc          ] GC(80) Concurrent marking roots 0.723ms
[71.074s][info][gc,start    ] GC(80) Concurrent marking (unload classes)
[71.074s][info][gc,task     ] GC(80) Using 1 of 3 workers for concurrent marking
[71.078s][info][gc          ] GC(80) Concurrent marking (unload classes) 3.658ms
[71.078s][info][gc,start    ] GC(80) Pause Final Mark (unload classes)
[71.078s][info][gc,task     ] GC(80) Using 3 of 3 workers for final marking
[71.078s][info][gc,ergo     ] GC(80) Collectable Garbage: 951M (93%), Immediate: 951M (93%), CSet: 0B (0%)
[71.078s][info][gc          ] GC(80) Pause Final Mark (unload classes) 0.304ms
[71.079s][info][gc,start    ] GC(80) Concurrent weak references
[71.079s][info][gc,task     ] GC(80) Using 1 of 3 workers for concurrent weak references
[71.079s][info][gc,ref      ] GC(80) Encountered references: Soft: 144, Weak: 702, Final: 0, Phantom: 27
[71.079s][info][gc,ref      ] GC(80) Discovered  references: Soft: 89, Weak: 168, Final: 0, Phantom: 25
[71.079s][info][gc,ref      ] GC(80) Enqueued    references: Soft: 3, Weak: 0, Final: 0, Phantom: 0
[71.079s][info][gc          ] GC(80) Concurrent weak references 0.142ms
[71.079s][info][gc,start    ] GC(80) Concurrent weak roots
[71.079s][info][gc,task     ] GC(80) Using 1 of 3 workers for concurrent weak root
[71.079s][info][gc          ] GC(80) Concurrent weak roots 0.670ms
[71.079s][info][gc,start    ] GC(80) Concurrent cleanup
[71.079s][info][gc          ] GC(80) Concurrent cleanup 1015M->63M(8192M) 0.034ms
[71.079s][info][gc,ergo     ] GC(80) Free: 7716M, Max: 4096K regular, 6880M humongous, Frag: 11% external, 0% internal; Reserve: 412M, Max: 4096K
[71.079s][info][gc,start    ] GC(80) Concurrent class unloading
[71.079s][info][gc,task     ] GC(80) Using 1 of 3 workers for concurrent class unloading
[71.081s][info][gc          ] GC(80) Concurrent class unloading 1.906ms
[71.081s][info][gc,start    ] GC(80) Pause Final Roots
[71.081s][info][gc          ] GC(80) Pause Final Roots 0.020ms
[71.082s][info][gc,ergo     ] Free: 7716M, Max: 4096K regular, 6880M humongous, Frag: 11% external, 0% internal; Reserve: 412M, Max: 4096K
[71.082s][info][gc,stats    ] 
[71.082s][info][gc,stats    ] All times are wall-clock times, except per-root-class counters, that are sum over
[71.082s][info][gc,stats    ] all workers. Dividing the <total> over the root stage time estimates parallelism.
[71.082s][info][gc,stats    ] 
[71.082s][info][gc,stats    ] Concurrent Reset                    689 us
[71.082s][info][gc,stats    ] Pause Init Mark (G)                 430 us
[71.082s][info][gc,stats    ] Pause Init Mark (N)                 303 us
[71.082s][info][gc,stats    ]   Update Region States              127 us
[71.082s][info][gc,stats    ] Concurrent Mark Roots               758 us, parallelism: 0.84x
[71.082s][info][gc,stats    ]   CMR: <total>                      633 us
[71.082s][info][gc,stats    ]   CMR: Thread Roots                 559 us, workers (us): 559, ---, ---, 
[71.082s][info][gc,stats    ]   CMR: VM Strong Roots                9 us, workers (us):   9, ---, ---, 
[71.082s][info][gc,stats    ]   CMR: CLDG Roots                    65 us, workers (us):  65, ---, ---, 
[71.082s][info][gc,stats    ] Concurrent Marking                 3723 us
[71.082s][info][gc,stats    ] Pause Final Mark (G)                444 us
[71.082s][info][gc,stats    ] Pause Final Mark (N)                326 us
[71.082s][info][gc,stats    ]   Finish Mark                        93 us
[71.082s][info][gc,stats    ]   Update Region States               55 us
[71.082s][info][gc,stats    ]   Choose Collection Set              55 us
[71.082s][info][gc,stats    ]   Rebuild Free Set                   21 us
[71.082s][info][gc,stats    ] Concurrent Weak References          151 us, parallelism: 0.05x
[71.082s][info][gc,stats    ]   CWRF: <total>                       8 us
[71.082s][info][gc,stats    ]   CWRF: Weak References               8 us, workers (us):   8, ---, ---, 
[71.082s][info][gc,stats    ] Concurrent Weak Roots               689 us
[71.082s][info][gc,stats    ]   Roots                             552 us, parallelism: 0.87x
[71.082s][info][gc,stats    ]     CWR: <total>                    480 us
[71.082s][info][gc,stats    ]     CWR: Code Cache Roots           360 us, workers (us): 360, ---, ---, 
[71.082s][info][gc,stats    ]     CWR: VM Weak Roots              114 us, workers (us): 114, ---, ---, 
[71.082s][info][gc,stats    ]     CWR: CLDG Roots                   6 us, workers (us):   6, ---, ---, 
[71.082s][info][gc,stats    ]   Rendezvous                        103 us
[71.082s][info][gc,stats    ] Concurrent Cleanup                   42 us
[71.082s][info][gc,stats    ] Concurrent Class Unloading         1954 us
[71.082s][info][gc,stats    ]   Unlink Stale                     1631 us
[71.082s][info][gc,stats    ]     System Dictionary                 3 us
[71.082s][info][gc,stats    ]     Weak Class Links                  0 us
[71.082s][info][gc,stats    ]     Code Roots                     1627 us
[71.082s][info][gc,stats    ]   Rendezvous                        159 us
[71.082s][info][gc,stats    ]   Purge Unlinked                     98 us
[71.082s][info][gc,stats    ]     Code Roots                       89 us
[71.082s][info][gc,stats    ]     CLDG                              8 us
[71.082s][info][gc,stats    ]     Exception Caches                  0 us
[71.082s][info][gc,stats    ] Pause Final Roots (G)                97 us
[71.082s][info][gc,stats    ] Pause Final Roots (N)                28 us
[71.082s][info][gc,stats    ] 
[71.082s][info][gc,stats    ] Allocation pacing accrued:
[71.082s][info][gc,stats    ]       0 of   679 ms (  0.0%): <total>
[71.082s][info][gc,stats    ]       0 of   679 ms (  0.0%): <average total>
[71.082s][info][gc,stats    ] 
[71.082s][info][gc,metaspace] Metaspace: 8950K(9216K)->8950K(9216K) NonClass: 7778K(7936K)->7778K(7936K) Class: 1171K(1280K)->1171K(1280K)
[71.082s][info][gc,ergo     ] Pacer for Idle. Initial: 163M, Alloc Tax Rate: 1.0x
[71.999s][info][gc          ] Trigger: Learning 2 of 5. Free (5728M) is below initial threshold (5734M)
[71.999s][info][gc,ergo     ] Free: 5724M, Max: 4096K regular, 5724M humongous, Frag: 0% external, 0% internal; Reserve: 412M, Max: 4096K
[71.999s][info][gc,start    ] GC(81) Concurrent reset
[71.999s][info][gc,task     ] GC(81) Using 1 of 3 workers for concurrent reset
[71.999s][info][gc,ergo     ] GC(81) Pacer for Reset. Non-Taxable: 8192M
[71.999s][info][gc          ] GC(81) Concurrent reset 0.533ms
[72.000s][info][gc,start    ] GC(81) Pause Init Mark (unload classes)
[72.000s][info][gc,task     ] GC(81) Using 3 of 3 workers for init marking
[72.000s][info][gc,ergo     ] GC(81) Pacer for Mark. Expected Live: 10735K, Free: 5724M, Non-Taxable: 572M, Alloc Tax Rate: 0.0x
[72.000s][info][gc          ] GC(81) Pause Init Mark (unload classes) 0.155ms
[72.000s][info][gc,start    ] GC(81) Concurrent marking roots
[72.000s][info][gc,task     ] GC(81) Using 1 of 3 workers for concurrent marking roots
[72.000s][info][gc          ] GC(81) Concurrent marking roots 0.457ms
[72.000s][info][gc,start    ] GC(81) Concurrent marking (unload classes)
[72.000s][info][gc,task     ] GC(81) Using 1 of 3 workers for concurrent marking
[72.013s][info][gc          ] GC(81) Concurrent marking (unload classes) 12.522ms
[72.013s][info][gc,start    ] GC(81) Pause Final Mark (unload classes)
[72.013s][info][gc,task     ] GC(81) Using 3 of 3 workers for final marking
[72.013s][info][gc,ergo     ] GC(81) Collectable Garbage: 1944M (94%), Immediate: 1944M (94%), CSet: 0B (0%)
[72.013s][info][gc          ] GC(81) Pause Final Mark (unload classes) 0.339ms
[72.013s][info][gc,start    ] GC(81) Concurrent weak references
[72.013s][info][gc,task     ] GC(81) Using 1 of 3 workers for concurrent weak references
[72.014s][info][gc,ref      ] GC(81) Encountered references: Soft: 144, Weak: 702, Final: 0, Phantom: 27
[72.014s][info][gc,ref      ] GC(81) Discovered  references: Soft: 0, Weak: 150, Final: 0, Phantom: 12
[72.014s][info][gc,ref      ] GC(81) Enqueued    references: Soft: 0, Weak: 0, Final: 0, Phantom: 0
[72.014s][info][gc          ] GC(81) Concurrent weak references 0.141ms
[72.014s][info][gc,start    ] GC(81) Concurrent weak roots
[72.014s][info][gc,task     ] GC(81) Using 1 of 3 workers for concurrent weak root
[72.014s][info][gc          ] GC(81) Concurrent weak roots 0.569ms
[72.014s][info][gc,start    ] GC(81) Concurrent cleanup
[72.014s][info][gc          ] GC(81) Concurrent cleanup 2087M->143M(8192M) 0.072ms
[72.014s][info][gc,ergo     ] GC(81) Free: 7636M, Max: 4096K regular, 5692M humongous, Frag: 26% external, 0% internal; Reserve: 412M, Max: 4096K
[72.014s][info][gc,start    ] GC(81) Concurrent class unloading
[72.014s][info][gc,task     ] GC(81) Using 1 of 3 workers for concurrent class unloading
[72.016s][info][gc          ] GC(81) Concurrent class unloading 1.992ms
[72.016s][info][gc,start    ] GC(81) Pause Final Roots
[72.016s][info][gc          ] GC(81) Pause Final Roots 0.025ms
[72.016s][info][gc,ergo     ] Free: 7632M, Max: 4096K regular, 5692M humongous, Frag: 26% external, 0% internal; Reserve: 412M, Max: 4096K
[72.017s][info][gc,stats    ] 
[72.017s][info][gc,stats    ] All times are wall-clock times, except per-root-class counters, that are sum over
[72.017s][info][gc,stats    ] all workers. Dividing the <total> over the root stage time estimates parallelism.
[72.017s][info][gc,stats    ] 
[72.017s][info][gc,stats    ] Concurrent Reset                    597 us
[72.017s][info][gc,stats    ] Pause Init Mark (G)                 322 us
[72.017s][info][gc,stats    ] Pause Init Mark (N)                 171 us
[72.017s][info][gc,stats    ]   Update Region States               70 us
[72.017s][info][gc,stats    ] Concurrent Mark Roots               493 us, parallelism: 0.68x
[72.017s][info][gc,stats    ]   CMR: <total>                      335 us
[72.017s][info][gc,stats    ]   CMR: Thread Roots                 292 us, workers (us): 292, ---, ---, 
[72.017s][info][gc,stats    ]   CMR: VM Strong Roots                5 us, workers (us):   5, ---, ---, 
[72.017s][info][gc,stats    ]   CMR: CLDG Roots                    37 us, workers (us):  37, ---, ---, 
[72.017s][info][gc,stats    ] Concurrent Marking                12590 us
[72.017s][info][gc,stats    ] Pause Final Mark (G)                497 us
[72.017s][info][gc,stats    ] Pause Final Mark (N)                358 us
[72.017s][info][gc,stats    ]   Finish Mark                       109 us
[72.017s][info][gc,stats    ]   Update Region States               89 us
[72.017s][info][gc,stats    ]   Choose Collection Set              61 us
[72.017s][info][gc,stats    ]   Rebuild Free Set                   16 us
[72.017s][info][gc,stats    ] Concurrent Weak References          148 us, parallelism: 0.03x
[72.017s][info][gc,stats    ]   CWRF: <total>                       4 us
[72.017s][info][gc,stats    ]   CWRF: Weak References               4 us, workers (us):   4, ---, ---, 
[72.017s][info][gc,stats    ] Concurrent Weak Roots               587 us
[72.017s][info][gc,stats    ]   Roots                             457 us, parallelism: 0.88x
[72.017s][info][gc,stats    ]     CWR: <total>                    402 us
[72.017s][info][gc,stats    ]     CWR: Code Cache Roots           332 us, workers (us): 332, ---, ---, 
[72.017s][info][gc,stats    ]     CWR: VM Weak Roots               64 us, workers (us):  64, ---, ---, 
[72.017s][info][gc,stats    ]     CWR: CLDG Roots                   6 us, workers (us):   6, ---, ---, 
[72.017s][info][gc,stats    ]   Rendezvous                         97 us
[72.017s][info][gc,stats    ] Concurrent Cleanup                   81 us
[72.017s][info][gc,stats    ] Concurrent Class Unloading         2041 us
[72.017s][info][gc,stats    ]   Unlink Stale                     1831 us
[72.017s][info][gc,stats    ]     System Dictionary                 4 us
[72.017s][info][gc,stats    ]     Weak Class Links                  0 us
[72.017s][info][gc,stats    ]     Code Roots                     1825 us
[72.017s][info][gc,stats    ]   Rendezvous                         59 us
[72.017s][info][gc,stats    ]   Purge Unlinked                     77 us
[72.017s][info][gc,stats    ]     Code Roots                       72 us
[72.017s][info][gc,stats    ]     CLDG                              5 us
[72.017s][info][gc,stats    ]     Exception Caches                  0 us
[72.017s][info][gc,stats    ] Pause Final Roots (G)               127 us
[72.017s][info][gc,stats    ] Pause Final Roots (N)                34 us
[72.017s][info][gc,stats    ] 
[72.017s][info][gc,stats    ] Allocation pacing accrued:
[72.017s][info][gc,stats    ]       0 of   935 ms (  0.0%): <total>
[72.017s][info][gc,stats    ]       0 of   935 ms (  0.0%): <average total>
[72.017s][info][gc,stats    ] 
[72.017s][info][gc,metaspace] Metaspace: 8952K(9216K)->8952K(9216K) NonClass: 7780K(7936K)->7780K(7936K) Class: 1171K(1280K)->1171K(1280K)
[72.017s][info][gc,ergo     ] Pacer for Idle. Initial: 163M, Alloc Tax Rate: 1.0x
[72.894s][info][gc          ] Trigger: Learning 3 of 5. Free (5724M) is below initial threshold (5734M)
[72.894s][info][gc,ergo     ] Free: 5724M, Max: 4096K regular, 5692M humongous, Frag: 1% external, 0% internal; Reserve: 412M, Max: 4096K
[72.894s][info][gc,start    ] GC(82) Concurrent reset
[72.894s][info][gc,task     ] GC(82) Using 1 of 3 workers for concurrent reset
[72.894s][info][gc,ergo     ] GC(82) Pacer for Reset. Non-Taxable: 8192M
[72.894s][info][gc          ] GC(82) Concurrent reset 0.651ms
[72.895s][info][gc,start    ] GC(82) Pause Init Mark (unload classes)
[72.895s][info][gc,task     ] GC(82) Using 3 of 3 workers for init marking
[72.895s][info][gc,ergo     ] GC(82) Pacer for Mark. Expected Live: 12030K, Free: 5720M, Non-Taxable: 572M, Alloc Tax Rate: 0.0x
[72.895s][info][gc          ] GC(82) Pause Init Mark (unload classes) 0.156ms
[72.895s][info][gc,start    ] GC(82) Concurrent marking roots
[72.895s][info][gc,task     ] GC(82) Using 1 of 3 workers for concurrent marking roots
[72.895s][info][gc          ] GC(82) Concurrent marking roots 0.462ms
[72.895s][info][gc,start    ] GC(82) Concurrent marking (unload classes)
[72.895s][info][gc,task     ] GC(82) Using 1 of 3 workers for concurrent marking
[72.917s][info][gc          ] GC(82) Concurrent marking (unload classes) 21.240ms
[72.917s][info][gc,start    ] GC(82) Pause Final Mark (unload classes)
[72.917s][info][gc,task     ] GC(82) Using 3 of 3 workers for final marking
[72.917s][info][gc,ergo     ] GC(82) Collectable Garbage: 1923M (94%), Immediate: 1923M (94%), CSet: 0B (0%)
[72.917s][info][gc          ] GC(82) Pause Final Mark (unload classes) 0.358ms
[72.917s][info][gc,start    ] GC(82) Concurrent weak references
[72.917s][info][gc,task     ] GC(82) Using 1 of 3 workers for concurrent weak references
[72.917s][info][gc,ref      ] GC(82) Encountered references: Soft: 144, Weak: 702, Final: 0, Phantom: 27
[72.917s][info][gc,ref      ] GC(82) Discovered  references: Soft: 0, Weak: 150, Final: 0, Phantom: 12
[72.917s][info][gc,ref      ] GC(82) Enqueued    references: Soft: 0, Weak: 0, Final: 0, Phantom: 0
[72.917s][info][gc          ] GC(82) Concurrent weak references 0.124ms
[72.917s][info][gc,start    ] GC(82) Concurrent weak roots
[72.917s][info][gc,task     ] GC(82) Using 1 of 3 workers for concurrent weak root
[72.918s][info][gc          ] GC(82) Concurrent weak roots 0.534ms
[72.918s][info][gc,start    ] GC(82) Concurrent cleanup
[72.918s][info][gc          ] GC(82) Concurrent cleanup 2107M->183M(8192M) 0.041ms
[72.918s][info][gc,ergo     ] GC(82) Free: 7596M, Max: 4096K regular, 5672M humongous, Frag: 26% external, 0% internal; Reserve: 412M, Max: 4096K
[72.918s][info][gc,start    ] GC(82) Concurrent class unloading
[72.918s][info][gc,task     ] GC(82) Using 1 of 3 workers for concurrent class unloading
[72.920s][info][gc          ] GC(82) Concurrent class unloading 1.846ms
[72.920s][info][gc,start    ] GC(82) Pause Final Roots
[72.920s][info][gc          ] GC(82) Pause Final Roots 0.022ms
[72.920s][info][gc,ergo     ] Free: 7592M, Max: 4096K regular, 5672M humongous, Frag: 26% external, 0% internal; Reserve: 412M, Max: 4096K
[72.920s][info][gc,stats    ] 
[72.920s][info][gc,stats    ] All times are wall-clock times, except per-root-class counters, that are sum over
[72.920s][info][gc,stats    ] all workers. Dividing the <total> over the root stage time estimates parallelism.
[72.920s][info][gc,stats    ] 
[72.920s][info][gc,stats    ] Concurrent Reset                    710 us
[72.920s][info][gc,stats    ] Pause Init Mark (G)                 319 us
[72.920s][info][gc,stats    ] Pause Init Mark (N)                 173 us
[72.920s][info][gc,stats    ]   Update Region States               71 us
[72.920s][info][gc,stats    ] Concurrent Mark Roots               479 us, parallelism: 0.75x
[72.920s][info][gc,stats    ]   CMR: <total>                      359 us
[72.920s][info][gc,stats    ]   CMR: Thread Roots                 314 us, workers (us): 314, ---, ---, 
[72.920s][info][gc,stats    ]   CMR: VM Strong Roots                5 us, workers (us):   5, ---, ---, 
[72.920s][info][gc,stats    ]   CMR: CLDG Roots                    39 us, workers (us):  39, ---, ---, 
[72.920s][info][gc,stats    ] Concurrent Marking                21310 us
[72.920s][info][gc,stats    ] Pause Final Mark (G)                515 us
[72.920s][info][gc,stats    ] Pause Final Mark (N)                378 us
[72.920s][info][gc,stats    ]   Finish Mark                       119 us
[72.920s][info][gc,stats    ]   Update Region States               89 us
[72.920s][info][gc,stats    ]   Choose Collection Set              63 us
[72.920s][info][gc,stats    ]   Rebuild Free Set                   16 us
[72.920s][info][gc,stats    ] Concurrent Weak References          132 us, parallelism: 0.06x
[72.920s][info][gc,stats    ]   CWRF: <total>                       8 us
[72.920s][info][gc,stats    ]   CWRF: Weak References               8 us, workers (us):   8, ---, ---, 
[72.920s][info][gc,stats    ] Concurrent Weak Roots               552 us
[72.920s][info][gc,stats    ]   Roots                             437 us, parallelism: 0.89x
[72.920s][info][gc,stats    ]     CWR: <total>                    386 us
[72.920s][info][gc,stats    ]     CWR: Code Cache Roots           319 us, workers (us): 319, ---, ---, 
[72.920s][info][gc,stats    ]     CWR: VM Weak Roots               62 us, workers (us):  62, ---, ---, 
[72.920s][info][gc,stats    ]     CWR: CLDG Roots                   5 us, workers (us):   5, ---, ---, 
[72.920s][info][gc,stats    ]   Rendezvous                         82 us
[72.920s][info][gc,stats    ] Concurrent Cleanup                   49 us
[72.920s][info][gc,stats    ] Concurrent Class Unloading         1895 us
[72.920s][info][gc,stats    ]   Unlink Stale                     1660 us
[72.920s][info][gc,stats    ]     System Dictionary                 3 us
[72.920s][info][gc,stats    ]     Weak Class Links                  0 us
[72.920s][info][gc,stats    ]     Code Roots                     1656 us
[72.920s][info][gc,stats    ]   Rendezvous                         52 us
[72.920s][info][gc,stats    ]   Purge Unlinked                    116 us
[72.920s][info][gc,stats    ]     Code Roots                      107 us
[72.920s][info][gc,stats    ]     CLDG                              8 us
[72.920s][info][gc,stats    ]     Exception Caches                  0 us
[72.920s][info][gc,stats    ] Pause Final Roots (G)               150 us
[72.920s][info][gc,stats    ] Pause Final Roots (N)                30 us
[72.920s][info][gc,stats    ] 
[72.920s][info][gc,stats    ] Allocation pacing accrued:
[72.920s][info][gc,stats    ]       0 of   903 ms (  0.0%): <total>
[72.920s][info][gc,stats    ]       0 of   903 ms (  0.0%): <average total>
[72.920s][info][gc,stats    ] 
[72.920s][info][gc,metaspace] Metaspace: 8952K(9216K)->8952K(9216K) NonClass: 7780K(7936K)->7780K(7936K) Class: 1171K(1280K)->1171K(1280K)
[72.920s][info][gc,ergo     ] Pacer for Idle. Initial: 163M, Alloc Tax Rate: 1.0x
[73.804s][info][gc          ] Trigger: Learning 4 of 5. Free (5732M) is below initial threshold (5734M)
[73.804s][info][gc,ergo     ] Free: 5732M, Max: 4096K regular, 5672M humongous, Frag: 2% external, 0% internal; Reserve: 412M, Max: 4096K
[73.804s][info][gc,start    ] GC(83) Concurrent reset
[73.804s][info][gc,task     ] GC(83) Using 1 of 3 workers for concurrent reset
[73.804s][info][gc,ergo     ] GC(83) Pacer for Reset. Non-Taxable: 8192M
[73.805s][info][gc          ] GC(83) Concurrent reset 1.048ms
[73.805s][info][gc,start    ] GC(83) Pause Init Mark (unload classes)
[73.806s][info][gc,task     ] GC(83) Using 3 of 3 workers for init marking
[73.806s][info][gc,ergo     ] GC(83) Pacer for Mark. Expected Live: 13246K, Free: 5732M, Non-Taxable: 573M, Alloc Tax Rate: 0.0x
[73.806s][info][gc          ] GC(83) Pause Init Mark (unload classes) 0.177ms
[73.806s][info][gc,start    ] GC(83) Concurrent marking roots
[73.806s][info][gc,task     ] GC(83) Using 1 of 3 workers for concurrent marking roots
[73.806s][info][gc          ] GC(83) Concurrent marking roots 0.523ms
[73.806s][info][gc,start    ] GC(83) Concurrent marking (unload classes)
[73.806s][info][gc,task     ] GC(83) Using 1 of 3 workers for concurrent marking
[73.836s][info][gc          ] GC(83) Concurrent marking (unload classes) 30.063ms
[73.837s][info][gc,start    ] GC(83) Pause Final Mark (unload classes)
[73.837s][info][gc,task     ] GC(83) Using 3 of 3 workers for final marking
[73.837s][info][gc,ergo     ] GC(83) Collectable Garbage: 1907M (94%), Immediate: 1907M (94%), CSet: 0B (0%)
[73.837s][info][gc          ] GC(83) Pause Final Mark (unload classes) 0.355ms
[73.837s][info][gc,start    ] GC(83) Concurrent weak references
[73.837s][info][gc,task     ] GC(83) Using 1 of 3 workers for concurrent weak references
[73.837s][info][gc,ref      ] GC(83) Encountered references: Soft: 144, Weak: 702, Final: 0, Phantom: 27
[73.837s][info][gc,ref      ] GC(83) Discovered  references: Soft: 0, Weak: 150, Final: 0, Phantom: 12
[73.837s][info][gc,ref      ] GC(83) Enqueued    references: Soft: 0, Weak: 0, Final: 0, Phantom: 0
[73.837s][info][gc          ] GC(83) Concurrent weak references 0.139ms
[73.837s][info][gc,start    ] GC(83) Concurrent weak roots
[73.837s][info][gc,task     ] GC(83) Using 1 of 3 workers for concurrent weak root
[73.838s][info][gc          ] GC(83) Concurrent weak roots 0.530ms
[73.838s][info][gc,start    ] GC(83) Concurrent cleanup
[73.838s][info][gc          ] GC(83) Concurrent cleanup 2103M->195M(8192M) 0.042ms
[73.838s][info][gc,ergo     ] GC(83) Free: 7584M, Max: 4096K regular, 5700M humongous, Frag: 25% external, 0% internal; Reserve: 412M, Max: 4096K
[73.838s][info][gc,start    ] GC(83) Concurrent class unloading
[73.838s][info][gc,task     ] GC(83) Using 1 of 3 workers for concurrent class unloading
[73.840s][info][gc          ] GC(83) Concurrent class unloading 2.246ms
[73.840s][info][gc,start    ] GC(83) Pause Final Roots
[73.840s][info][gc          ] GC(83) Pause Final Roots 0.039ms
[73.840s][info][gc,ergo     ] Free: 7580M, Max: 4096K regular, 5700M humongous, Frag: 25% external, 0% internal; Reserve: 412M, Max: 4096K
[73.840s][info][gc,stats    ] 
[73.840s][info][gc,stats    ] All times are wall-clock times, except per-root-class counters, that are sum over
[73.840s][info][gc,stats    ] all workers. Dividing the <total> over the root stage time estimates parallelism.
[73.840s][info][gc,stats    ] 
[73.840s][info][gc,stats    ] Concurrent Reset                   1116 us
[73.840s][info][gc,stats    ] Pause Init Mark (G)                 363 us
[73.840s][info][gc,stats    ] Pause Init Mark (N)                 200 us
[73.840s][info][gc,stats    ]   Update Region States               74 us
[73.840s][info][gc,stats    ] Concurrent Mark Roots               541 us, parallelism: 0.71x
[73.840s][info][gc,stats    ]   CMR: <total>                      386 us
[73.840s][info][gc,stats    ]   CMR: Thread Roots                 336 us, workers (us): 336, ---, ---, 
[73.840s][info][gc,stats    ]   CMR: VM Strong Roots                7 us, workers (us):   7, ---, ---, 
[73.840s][info][gc,stats    ]   CMR: CLDG Roots                    42 us, workers (us):  42, ---, ---, 
[73.840s][info][gc,stats    ] Concurrent Marking                30117 us
[73.840s][info][gc,stats    ] Pause Final Mark (G)                523 us
[73.840s][info][gc,stats    ] Pause Final Mark (N)                375 us
[73.841s][info][gc,stats    ]   Finish Mark                       109 us
[73.841s][info][gc,stats    ]   Update Region States               89 us
[73.841s][info][gc,stats    ]   Choose Collection Set              62 us
[73.841s][info][gc,stats    ]   Rebuild Free Set                   17 us
[73.841s][info][gc,stats    ] Concurrent Weak References          147 us, parallelism: 0.03x
[73.841s][info][gc,stats    ]   CWRF: <total>                       5 us
[73.841s][info][gc,stats    ]   CWRF: Weak References               5 us, workers (us):   5, ---, ---, 
[73.841s][info][gc,stats    ] Concurrent Weak Roots               549 us
[73.841s][info][gc,stats    ]   Roots                             460 us, parallelism: 0.88x
[73.841s][info][gc,stats    ]     CWR: <total>                    406 us
[73.841s][info][gc,stats    ]     CWR: Code Cache Roots           337 us, workers (us): 337, ---, ---, 
[73.841s][info][gc,stats    ]     CWR: VM Weak Roots               64 us, workers (us):  64, ---, ---, 
[73.841s][info][gc,stats    ]     CWR: CLDG Roots                   6 us, workers (us):   6, ---, ---, 
[73.841s][info][gc,stats    ]   Rendezvous                         55 us
[73.841s][info][gc,stats    ] Concurrent Cleanup                   50 us
[73.841s][info][gc,stats    ] Concurrent Class Unloading         2294 us
[73.841s][info][gc,stats    ]   Unlink Stale                     2060 us
[73.841s][info][gc,stats    ]     System Dictionary                 3 us
[73.841s][info][gc,stats    ]     Weak Class Links                  0 us
[73.841s][info][gc,stats    ]     Code Roots                     2056 us
[73.841s][info][gc,stats    ]   Rendezvous                         54 us
[73.841s][info][gc,stats    ]   Purge Unlinked                    114 us
[73.841s][info][gc,stats    ]     Code Roots                      105 us
[73.841s][info][gc,stats    ]     CLDG                              8 us
[73.841s][info][gc,stats    ]     Exception Caches                  0 us
[73.841s][info][gc,stats    ] Pause Final Roots (G)               170 us
[73.841s][info][gc,stats    ] Pause Final Roots (N)                56 us
[73.841s][info][gc,stats    ] 
[73.841s][info][gc,stats    ] Allocation pacing accrued:
[73.841s][info][gc,stats    ]       0 of   921 ms (  0.0%): <total>
[73.841s][info][gc,stats    ]       0 of   921 ms (  0.0%): <average total>
[73.841s][info][gc,stats    ] 
[73.841s][info][gc,metaspace] Metaspace: 8952K(9216K)->8952K(9216K) NonClass: 7780K(7936K)->7780K(7936K) Class: 1171K(1280K)->1171K(1280K)
[73.841s][info][gc,ergo     ] Pacer for Idle. Initial: 163M, Alloc Tax Rate: 1.0x
[74.558s][info][gc          ] Trigger: Explicit GC request (System.gc())
[74.558s][info][gc,ergo     ] Free: 6680M, Max: 4096K regular, 5700M humongous, Frag: 15% external, 0% internal; Reserve: 412M, Max: 4096K
[74.558s][info][gc,start    ] GC(84) Concurrent reset
[74.558s][info][gc,task     ] GC(84) Using 1 of 3 workers for concurrent reset
[74.558s][info][gc,ergo     ] GC(84) Pacer for Reset. Non-Taxable: 8192M
[74.559s][info][gc          ] GC(84) Concurrent reset 1.018ms
[74.559s][info][gc,start    ] GC(84) Pause Init Mark (unload classes)
[74.559s][info][gc,task     ] GC(84) Using 3 of 3 workers for init marking
[74.560s][info][gc,ref      ] GC(84) Clearing All SoftReferences
[74.560s][info][gc,ergo     ] GC(84) Pacer for Mark. Expected Live: 14471K, Free: 6680M, Non-Taxable: 668M, Alloc Tax Rate: 0.0x
[74.560s][info][gc          ] GC(84) Pause Init Mark (unload classes) 0.224ms
[74.560s][info][gc,start    ] GC(84) Concurrent marking roots
[74.560s][info][gc,task     ] GC(84) Using 1 of 3 workers for concurrent marking roots
[74.560s][info][gc          ] GC(84) Concurrent marking roots 0.424ms
[74.560s][info][gc,start    ] GC(84) Concurrent marking (unload classes)
[74.560s][info][gc,task     ] GC(84) Using 1 of 3 workers for concurrent marking
[74.564s][info][gc          ] GC(84) Concurrent marking (unload classes) 3.699ms
[74.564s][info][gc,start    ] GC(84) Pause Final Mark (unload classes)
[74.564s][info][gc,task     ] GC(84) Using 3 of 3 workers for final marking
[74.564s][info][gc,ergo     ] GC(84) Collectable Garbage: 1031M (94%), Immediate: 1031M (94%), CSet: 0B (0%)
[74.564s][info][gc          ] GC(84) Pause Final Mark (unload classes) 0.292ms
[74.564s][info][gc,start    ] GC(84) Concurrent weak references
[74.564s][info][gc,task     ] GC(84) Using 1 of 3 workers for concurrent weak references
[74.564s][info][gc,ref      ] GC(84) Encountered references: Soft: 144, Weak: 702, Final: 0, Phantom: 27
[74.564s][info][gc,ref      ] GC(84) Discovered  references: Soft: 89, Weak: 168, Final: 0, Phantom: 25
[74.564s][info][gc,ref      ] GC(84) Enqueued    references: Soft: 3, Weak: 0, Final: 0, Phantom: 0
[74.564s][info][gc          ] GC(84) Concurrent weak references 0.179ms
[74.564s][info][gc,start    ] GC(84) Concurrent weak roots
[74.564s][info][gc,task     ] GC(84) Using 1 of 3 workers for concurrent weak root
[74.565s][info][gc          ] GC(84) Concurrent weak roots 0.635ms
[74.565s][info][gc,start    ] GC(84) Concurrent cleanup
[74.565s][info][gc          ] GC(84) Concurrent cleanup 1099M->67M(8192M) 0.036ms
[74.565s][info][gc,ergo     ] GC(84) Free: 7712M, Max: 4096K regular, 6796M humongous, Frag: 12% external, 0% internal; Reserve: 412M, Max: 4096K
[74.565s][info][gc,start    ] GC(84) Concurrent class unloading
[74.565s][info][gc,task     ] GC(84) Using 1 of 3 workers for concurrent class unloading
[74.567s][info][gc          ] GC(84) Concurrent class unloading 2.056ms
[74.567s][info][gc,start    ] GC(84) Pause Final Roots
[74.567s][info][gc          ] GC(84) Pause Final Roots 0.020ms
[74.567s][info][gc,ergo     ] Free: 7712M, Max: 4096K regular, 6796M humongous, Frag: 12% external, 0% internal; Reserve: 412M, Max: 4096K
[74.567s][info][gc,stats    ] 
[74.567s][info][gc,stats    ] All times are wall-clock times, except per-root-class counters, that are sum over
[74.567s][info][gc,stats    ] all workers. Dividing the <total> over the root stage time estimates parallelism.
[74.567s][info][gc,stats    ] 
[74.567s][info][gc,stats    ] Concurrent Reset                   1101 us
[74.568s][info][gc,stats    ] Pause Init Mark (G)                 361 us
[74.568s][info][gc,stats    ] Pause Init Mark (N)                 232 us
[74.568s][info][gc,stats    ]   Update Region States              116 us
[74.568s][info][gc,stats    ] Concurrent Mark Roots               441 us, parallelism: 0.80x
[74.568s][info][gc,stats    ]   CMR: <total>                      353 us
[74.568s][info][gc,stats    ]   CMR: Thread Roots                 310 us, workers (us): 310, ---, ---, 
[74.568s][info][gc,stats    ]   CMR: VM Strong Roots                5 us, workers (us):   5, ---, ---, 
[74.568s][info][gc,stats    ]   CMR: CLDG Roots                    38 us, workers (us):  38, ---, ---, 
[74.568s][info][gc,stats    ] Concurrent Marking                 3752 us
[74.568s][info][gc,stats    ] Pause Final Mark (G)                426 us
[74.568s][info][gc,stats    ] Pause Final Mark (N)                314 us
[74.568s][info][gc,stats    ]   Finish Mark                        90 us
[74.568s][info][gc,stats    ]   Update Region States               48 us
[74.568s][info][gc,stats    ]   Choose Collection Set              55 us
[74.568s][info][gc,stats    ]   Rebuild Free Set                   21 us
[74.568s][info][gc,stats    ] Concurrent Weak References          196 us, parallelism: 0.04x
[74.568s][info][gc,stats    ]   CWRF: <total>                       9 us
[74.568s][info][gc,stats    ]   CWRF: Weak References               9 us, workers (us):   9, ---, ---, 
[74.568s][info][gc,stats    ] Concurrent Weak Roots               655 us
[74.568s][info][gc,stats    ]   Roots                             514 us, parallelism: 0.92x
[74.568s][info][gc,stats    ]     CWR: <total>                    471 us
[74.568s][info][gc,stats    ]     CWR: Code Cache Roots           355 us, workers (us): 355, ---, ---, 
[74.568s][info][gc,stats    ]     CWR: VM Weak Roots              111 us, workers (us): 111, ---, ---, 
[74.568s][info][gc,stats    ]     CWR: CLDG Roots                   5 us, workers (us):   5, ---, ---, 
[74.568s][info][gc,stats    ]   Rendezvous                         98 us
[74.568s][info][gc,stats    ] Concurrent Cleanup                   44 us
[74.568s][info][gc,stats    ] Concurrent Class Unloading         2104 us
[74.568s][info][gc,stats    ]   Unlink Stale                     1700 us
[74.568s][info][gc,stats    ]     System Dictionary                 2 us
[74.568s][info][gc,stats    ]     Weak Class Links                  0 us
[74.568s][info][gc,stats    ]     Code Roots                     1696 us
[74.568s][info][gc,stats    ]   Rendezvous                        162 us
[74.568s][info][gc,stats    ]   Purge Unlinked                    177 us
[74.568s][info][gc,stats    ]     Code Roots                      166 us
[74.568s][info][gc,stats    ]     CLDG                             10 us
[74.568s][info][gc,stats    ]     Exception Caches                  0 us
[74.568s][info][gc,stats    ] Pause Final Roots (G)                95 us
[74.568s][info][gc,stats    ] Pause Final Roots (N)                28 us
[74.568s][info][gc,stats    ] 
[74.568s][info][gc,stats    ] Allocation pacing accrued:
[74.568s][info][gc,stats    ]       0 of   727 ms (  0.0%): <total>
[74.568s][info][gc,stats    ]       0 of   727 ms (  0.0%): <average total>
[74.568s][info][gc,stats    ] 
[74.568s][info][gc,metaspace] Metaspace: 8952K(9216K)->8952K(9216K) NonClass: 7780K(7936K)->7780K(7936K) Class: 1171K(1280K)->1171K(1280K)
[74.568s][info][gc,ergo     ] Pacer for Idle. Initial: 163M, Alloc Tax Rate: 1.0x
[75.484s][info][gc          ] Trigger: Learning 2 of 5. Free (5732M) is below initial threshold (5734M)
[75.484s][info][gc,ergo     ] Free: 5732M, Max: 4096K regular, 5732M humongous, Frag: 0% external, 0% internal; Reserve: 412M, Max: 4096K
[75.484s][info][gc,start    ] GC(85) Concurrent reset
[75.484s][info][gc,task     ] GC(85) Using 1 of 3 workers for concurrent reset
[75.484s][info][gc,ergo     ] GC(85) Pacer for Reset. Non-Taxable: 8192M
[75.484s][info][gc          ] GC(85) Concurrent reset 0.504ms
[75.484s][info][gc,start    ] GC(85) Pause Init Mark (unload classes)
[75.484s][info][gc,task     ] GC(85) Using 3 of 3 workers for init marking
[75.485s][info][gc,ergo     ] GC(85) Pacer for Mark. Expected Live: 10663K, Free: 5728M, Non-Taxable: 572M, Alloc Tax Rate: 0.0x
[75.485s][info][gc          ] GC(85) Pause Init Mark (unload classes) 0.155ms
[75.485s][info][gc,start    ] GC(85) Concurrent marking roots
[75.485s][info][gc,task     ] GC(85) Using 1 of 3 workers for concurrent marking roots
[75.485s][info][gc          ] GC(85) Concurrent marking roots 0.406ms
[75.485s][info][gc,start    ] GC(85) Concurrent marking (unload classes)
[75.485s][info][gc,task     ] GC(85) Using 1 of 3 workers for concurrent marking
[75.498s][info][gc          ] GC(85) Concurrent marking (unload classes) 12.665ms
[75.498s][info][gc,start    ] GC(85) Pause Final Mark (unload classes)
[75.498s][info][gc,task     ] GC(85) Using 3 of 3 workers for final marking
[75.498s][info][gc,ergo     ] GC(85) Collectable Garbage: 1944M (95%), Immediate: 1944M (95%), CSet: 0B (0%)
[75.498s][info][gc          ] GC(85) Pause Final Mark (unload classes) 0.279ms
[75.498s][info][gc,start    ] GC(85) Concurrent weak references
[75.498s][info][gc,task     ] GC(85) Using 1 of 3 workers for concurrent weak references
[75.498s][info][gc,ref      ] GC(85) Encountered references: Soft: 144, Weak: 702, Final: 0, Phantom: 27
[75.498s][info][gc,ref      ] GC(85) Discovered  references: Soft: 0, Weak: 150, Final: 0, Phantom: 12
[75.498s][info][gc,ref      ] GC(85) Enqueued    references: Soft: 0, Weak: 0, Final: 0, Phantom: 0
[75.498s][info][gc          ] GC(85) Concurrent weak references 0.142ms
[75.498s][info][gc,start    ] GC(85) Concurrent weak roots
[75.498s][info][gc,task     ] GC(85) Using 1 of 3 workers for concurrent weak root
[75.499s][info][gc          ] GC(85) Concurrent weak roots 0.656ms
[75.499s][info][gc,start    ] GC(85) Concurrent cleanup
[75.499s][info][gc          ] GC(85) Concurrent cleanup 2083M->139M(8192M) 0.042ms
[75.499s][info][gc,ergo     ] GC(85) Free: 7640M, Max: 4096K regular, 5696M humongous, Frag: 26% external, 0% internal; Reserve: 412M, Max: 4096K
[75.499s][info][gc,start    ] GC(85) Concurrent class unloading
[75.499s][info][gc,task     ] GC(85) Using 1 of 3 workers for concurrent class unloading
[75.501s][info][gc          ] GC(85) Concurrent class unloading 2.206ms
[75.501s][info][gc,start    ] GC(85) Pause Final Roots
[75.501s][info][gc          ] GC(85) Pause Final Roots 0.030ms
[75.502s][info][gc,ergo     ] Free: 7636M, Max: 4096K regular, 5696M humongous, Frag: 26% external, 0% internal; Reserve: 412M, Max: 4096K
[75.502s][info][gc,stats    ] 
[75.502s][info][gc,stats    ] All times are wall-clock times, except per-root-class counters, that are sum over
[75.502s][info][gc,stats    ] all workers. Dividing the <total> over the root stage time estimates parallelism.
[75.502s][info][gc,stats    ] 
[75.502s][info][gc,stats    ] Concurrent Reset                    546 us
[75.502s][info][gc,stats    ] Pause Init Mark (G)                 299 us
[75.502s][info][gc,stats    ] Pause Init Mark (N)                 172 us
[75.502s][info][gc,stats    ]   Update Region States               69 us
[75.502s][info][gc,stats    ] Concurrent Mark Roots               423 us, parallelism: 0.79x
[75.502s][info][gc,stats    ]   CMR: <total>                      336 us
[75.502s][info][gc,stats    ]   CMR: Thread Roots                 296 us, workers (us): 296, ---, ---, 
[75.502s][info][gc,stats    ]   CMR: VM Strong Roots                5 us, workers (us):   5, ---, ---, 
[75.502s][info][gc,stats    ]   CMR: CLDG Roots                    35 us, workers (us):  35, ---, ---, 
[75.502s][info][gc,stats    ] Concurrent Marking                12732 us
[75.502s][info][gc,stats    ] Pause Final Mark (G)                421 us
[75.502s][info][gc,stats    ] Pause Final Mark (N)                298 us
[75.502s][info][gc,stats    ]   Finish Mark                        58 us
[75.502s][info][gc,stats    ]   Update Region States               83 us
[75.502s][info][gc,stats    ]   Choose Collection Set              60 us
[75.502s][info][gc,stats    ]   Rebuild Free Set                   16 us
[75.502s][info][gc,stats    ] Concurrent Weak References          150 us, parallelism: 0.03x
[75.502s][info][gc,stats    ]   CWRF: <total>                       4 us
[75.502s][info][gc,stats    ]   CWRF: Weak References               4 us, workers (us):   4, ---, ---, 
[75.502s][info][gc,stats    ] Concurrent Weak Roots               675 us
[75.502s][info][gc,stats    ]   Roots                             558 us, parallelism: 0.92x
[75.502s][info][gc,stats    ]     CWR: <total>                    516 us
[75.502s][info][gc,stats    ]     CWR: Code Cache Roots           395 us, workers (us): 395, ---, ---, 
[75.502s][info][gc,stats    ]     CWR: VM Weak Roots              115 us, workers (us): 115, ---, ---, 
[75.502s][info][gc,stats    ]     CWR: CLDG Roots                   6 us, workers (us):   6, ---, ---, 
[75.502s][info][gc,stats    ]   Rendezvous                         82 us
[75.502s][info][gc,stats    ] Concurrent Cleanup                   50 us
[75.502s][info][gc,stats    ] Concurrent Class Unloading         2267 us
[75.502s][info][gc,stats    ]   Unlink Stale                     2038 us
[75.502s][info][gc,stats    ]     System Dictionary                 3 us
[75.502s][info][gc,stats    ]     Weak Class Links                  0 us
[75.502s][info][gc,stats    ]     Code Roots                     2034 us
[75.502s][info][gc,stats    ]   Rendezvous                         53 us
[75.502s][info][gc,stats    ]   Purge Unlinked                     97 us
[75.502s][info][gc,stats    ]     Code Roots                       87 us
[75.502s][info][gc,stats    ]     CLDG                              9 us
[75.502s][info][gc,stats    ]     Exception Caches                  0 us
[75.502s][info][gc,stats    ] Pause Final Roots (G)               135 us
[75.502s][info][gc,stats    ] Pause Final Roots (N)                39 us
[75.502s][info][gc,stats    ] 
[75.502s][info][gc,stats    ] Allocation pacing accrued:
[75.502s][info][gc,stats    ]       0 of   934 ms (  0.0%): <total>
[75.502s][info][gc,stats    ]       0 of   934 ms (  0.0%): <average total>
[75.502s][info][gc,stats    ] 
[75.502s][info][gc,metaspace] Metaspace: 8961K(9216K)->8961K(9216K) NonClass: 7789K(7936K)->7789K(7936K) Class: 1171K(1280K)->1171K(1280K)
[75.502s][info][gc,ergo     ] Pacer for Idle. Initial: 163M, Alloc Tax Rate: 1.0x
[76.379s][info][gc          ] Trigger: Learning 3 of 5. Free (5732M) is below initial threshold (5734M)
[76.379s][info][gc,ergo     ] Free: 5732M, Max: 4096K regular, 5696M humongous, Frag: 1% external, 0% internal; Reserve: 412M, Max: 4096K
[76.379s][info][gc,start    ] GC(86) Concurrent reset
[76.379s][info][gc,task     ] GC(86) Using 1 of 3 workers for concurrent reset
[76.379s][info][gc,ergo     ] GC(86) Pacer for Reset. Non-Taxable: 8192M
[76.380s][info][gc          ] GC(86) Concurrent reset 0.713ms
[76.380s][info][gc,start    ] GC(86) Pause Init Mark (unload classes)
[76.380s][info][gc,task     ] GC(86) Using 3 of 3 workers for init marking
[76.380s][info][gc,ergo     ] GC(86) Pacer for Mark. Expected Live: 11954K, Free: 5732M, Non-Taxable: 573M, Alloc Tax Rate: 0.0x
[76.380s][info][gc          ] GC(86) Pause Init Mark (unload classes) 0.168ms
[76.380s][info][gc,start    ] GC(86) Concurrent marking roots
[76.380s][info][gc,task     ] GC(86) Using 1 of 3 workers for concurrent marking roots
[76.381s][info][gc          ] GC(86) Concurrent marking roots 0.473ms
[76.381s][info][gc,start    ] GC(86) Concurrent marking (unload classes)
[76.381s][info][gc,task     ] GC(86) Using 1 of 3 workers for concurrent marking
[76.402s][info][gc          ] GC(86) Concurrent marking (unload classes) 20.831ms
[76.402s][info][gc,start    ] GC(86) Pause Final Mark (unload classes)
[76.402s][info][gc,task     ] GC(86) Using 3 of 3 workers for final marking
[76.402s][info][gc,ergo     ] GC(86) Collectable Garbage: 1920M (94%), Immediate: 1920M (94%), CSet: 0B (0%)
[76.402s][info][gc          ] GC(86) Pause Final Mark (unload classes) 0.349ms
[76.402s][info][gc,start    ] GC(86) Concurrent weak references
[76.402s][info][gc,task     ] GC(86) Using 1 of 3 workers for concurrent weak references
[76.402s][info][gc,ref      ] GC(86) Encountered references: Soft: 144, Weak: 702, Final: 0, Phantom: 27
[76.402s][info][gc,ref      ] GC(86) Discovered  references: Soft: 0, Weak: 150, Final: 0, Phantom: 12
[76.402s][info][gc,ref      ] GC(86) Enqueued    references: Soft: 0, Weak: 0, Final: 0, Phantom: 0
[76.402s][info][gc          ] GC(86) Concurrent weak references 0.142ms
[76.402s][info][gc,start    ] GC(86) Concurrent weak roots
[76.402s][info][gc,task     ] GC(86) Using 1 of 3 workers for concurrent weak root
[76.403s][info][gc          ] GC(86) Concurrent weak roots 0.565ms
[76.403s][info][gc,start    ] GC(86) Concurrent cleanup
[76.403s][info][gc          ] GC(86) Concurrent cleanup 2095M->175M(8192M) 0.042ms
[76.403s][info][gc,ergo     ] GC(86) Free: 7604M, Max: 4096K regular, 5684M humongous, Frag: 26% external, 0% internal; Reserve: 412M, Max: 4096K
[76.403s][info][gc,start    ] GC(86) Concurrent class unloading
[76.403s][info][gc,task     ] GC(86) Using 1 of 3 workers for concurrent class unloading
[76.405s][info][gc          ] GC(86) Concurrent class unloading 1.800ms
[76.405s][info][gc,start    ] GC(86) Pause Final Roots
[76.405s][info][gc          ] GC(86) Pause Final Roots 0.023ms
[76.405s][info][gc,ergo     ] Free: 7600M, Max: 4096K regular, 5684M humongous, Frag: 26% external, 0% internal; Reserve: 412M, Max: 4096K
[76.405s][info][gc,stats    ] 
[76.405s][info][gc,stats    ] All times are wall-clock times, except per-root-class counters, that are sum over
[76.405s][info][gc,stats    ] all workers. Dividing the <total> over the root stage time estimates parallelism.
[76.405s][info][gc,stats    ] 
[76.405s][info][gc,stats    ] Concurrent Reset                    781 us
[76.405s][info][gc,stats    ] Pause Init Mark (G)                 366 us
[76.405s][info][gc,stats    ] Pause Init Mark (N)                 184 us
[76.405s][info][gc,stats    ]   Update Region States               71 us
[76.405s][info][gc,stats    ] Concurrent Mark Roots               509 us, parallelism: 0.69x
[76.405s][info][gc,stats    ]   CMR: <total>                      350 us
[76.405s][info][gc,stats    ]   CMR: Thread Roots                 306 us, workers (us): 306, ---, ---, 
[76.405s][info][gc,stats    ]   CMR: VM Strong Roots                6 us, workers (us):   6, ---, ---, 
[76.405s][info][gc,stats    ]   CMR: CLDG Roots                    39 us, workers (us):  39, ---, ---, 
[76.405s][info][gc,stats    ] Concurrent Marking                20898 us
[76.405s][info][gc,stats    ] Pause Final Mark (G)                512 us
[76.405s][info][gc,stats    ] Pause Final Mark (N)                368 us
[76.405s][info][gc,stats    ]   Finish Mark                       108 us
[76.405s][info][gc,stats    ]   Update Region States               89 us
[76.405s][info][gc,stats    ]   Choose Collection Set              62 us
[76.405s][info][gc,stats    ]   Rebuild Free Set                   16 us
[76.405s][info][gc,stats    ] Concurrent Weak References          150 us, parallelism: 0.03x
[76.405s][info][gc,stats    ]   CWRF: <total>                       5 us
[76.405s][info][gc,stats    ]   CWRF: Weak References               5 us, workers (us):   5, ---, ---, 
[76.405s][info][gc,stats    ] Concurrent Weak Roots               584 us
[76.405s][info][gc,stats    ]   Roots                             468 us, parallelism: 0.88x
[76.405s][info][gc,stats    ]     CWR: <total>                    414 us
[76.405s][info][gc,stats    ]     CWR: Code Cache Roots           345 us, workers (us): 345, ---, ---, 
[76.405s][info][gc,stats    ]     CWR: VM Weak Roots               64 us, workers (us):  64, ---, ---, 
[76.405s][info][gc,stats    ]     CWR: CLDG Roots                   5 us, workers (us):   5, ---, ---, 
[76.405s][info][gc,stats    ]   Rendezvous                         82 us
[76.405s][info][gc,stats    ] Concurrent Cleanup                   50 us
[76.405s][info][gc,stats    ] Concurrent Class Unloading         1829 us
[76.405s][info][gc,stats    ]   Unlink Stale                     1651 us
[76.405s][info][gc,stats    ]     System Dictionary                 3 us
[76.405s][info][gc,stats    ]     Weak Class Links                  0 us
[76.405s][info][gc,stats    ]     Code Roots                     1647 us
[76.405s][info][gc,stats    ]   Rendezvous                         62 us
[76.405s][info][gc,stats    ]   Purge Unlinked                     70 us
[76.405s][info][gc,stats    ]     Code Roots                       65 us
[76.405s][info][gc,stats    ]     CLDG                              4 us
[76.405s][info][gc,stats    ]     Exception Caches                  0 us
[76.405s][info][gc,stats    ] Pause Final Roots (G)               111 us
[76.405s][info][gc,stats    ] Pause Final Roots (N)                31 us
[76.405s][info][gc,stats    ] 
[76.405s][info][gc,stats    ] Allocation pacing accrued:
[76.405s][info][gc,stats    ]       0 of   903 ms (  0.0%): <total>
[76.405s][info][gc,stats    ]       0 of   903 ms (  0.0%): <average total>
[76.405s][info][gc,stats    ] 
[76.406s][info][gc,metaspace] Metaspace: 8961K(9216K)->8961K(9216K) NonClass: 7789K(7936K)->7789K(7936K) Class: 1171K(1280K)->1171K(1280K)
[76.406s][info][gc,ergo     ] Pacer for Idle. Initial: 163M, Alloc Tax Rate: 1.0x
[77.305s][info][gc          ] Trigger: Learning 4 of 5. Free (5712M) is below initial threshold (5734M)
[77.305s][info][gc,ergo     ] Free: 5708M, Max: 4096K regular, 5684M humongous, Frag: 1% external, 0% internal; Reserve: 412M, Max: 4096K
[77.305s][info][gc,start    ] GC(87) Concurrent reset
[77.305s][info][gc,task     ] GC(87) Using 1 of 3 workers for concurrent reset
[77.305s][info][gc,ergo     ] GC(87) Pacer for Reset. Non-Taxable: 8192M
[77.306s][info][gc          ] GC(87) Concurrent reset 1.000ms
[77.306s][info][gc,start    ] GC(87) Pause Init Mark (unload classes)
[77.306s][info][gc,task     ] GC(87) Using 3 of 3 workers for init marking
[77.306s][info][gc,ergo     ] GC(87) Pacer for Mark. Expected Live: 13162K, Free: 5708M, Non-Taxable: 570M, Alloc Tax Rate: 0.0x
[77.307s][info][gc          ] GC(87) Pause Init Mark (unload classes) 0.171ms
[77.307s][info][gc,start    ] GC(87) Concurrent marking roots
[77.307s][info][gc,task     ] GC(87) Using 1 of 3 workers for concurrent marking roots
[77.307s][info][gc          ] GC(87) Concurrent marking roots 0.458ms
[77.307s][info][gc,start    ] GC(87) Concurrent marking (unload classes)
[77.307s][info][gc,task     ] GC(87) Using 1 of 3 workers for concurrent marking
[77.337s][info][gc          ] GC(87) Concurrent marking (unload classes) 30.164ms
[77.337s][info][gc,start    ] GC(87) Pause Final Mark (unload classes)
[77.337s][info][gc,task     ] GC(87) Using 3 of 3 workers for final marking
[77.338s][info][gc,ergo     ] GC(87) Collectable Garbage: 1924M (93%), Immediate: 1924M (93%), CSet: 0B (0%)
[77.338s][info][gc          ] GC(87) Pause Final Mark (unload classes) 0.361ms
[77.338s][info][gc,start    ] GC(87) Concurrent weak references
[77.338s][info][gc,task     ] GC(87) Using 1 of 3 workers for concurrent weak references
[77.338s][info][gc,ref      ] GC(87) Encountered references: Soft: 144, Weak: 702, Final: 0, Phantom: 27
[77.338s][info][gc,ref      ] GC(87) Discovered  references: Soft: 0, Weak: 150, Final: 0, Phantom: 12
[77.338s][info][gc,ref      ] GC(87) Enqueued    references: Soft: 0, Weak: 0, Final: 0, Phantom: 0
[77.338s][info][gc          ] GC(87) Concurrent weak references 0.121ms
[77.338s][info][gc,start    ] GC(87) Concurrent weak roots
[77.338s][info][gc,task     ] GC(87) Using 1 of 3 workers for concurrent weak root
[77.338s][info][gc          ] GC(87) Concurrent weak roots 0.512ms
[77.338s][info][gc,start    ] GC(87) Concurrent cleanup
[77.339s][info][gc          ] GC(87) Concurrent cleanup 2127M->203M(8192M) 0.042ms
[77.339s][info][gc,ergo     ] GC(87) Free: 7576M, Max: 4096K regular, 5652M humongous, Frag: 26% external, 0% internal; Reserve: 412M, Max: 4096K
[77.339s][info][gc,start    ] GC(87) Concurrent class unloading
[77.339s][info][gc,task     ] GC(87) Using 1 of 3 workers for concurrent class unloading
[77.341s][info][gc          ] GC(87) Concurrent class unloading 2.117ms
[77.341s][info][gc,start    ] GC(87) Pause Final Roots
[77.341s][info][gc          ] GC(87) Pause Final Roots 0.023ms
[77.341s][info][gc,ergo     ] Free: 7572M, Max: 4096K regular, 5652M humongous, Frag: 26% external, 0% internal; Reserve: 412M, Max: 4096K
[77.341s][info][gc,stats    ] 
[77.341s][info][gc,stats    ] All times are wall-clock times, except per-root-class counters, that are sum over
[77.341s][info][gc,stats    ] all workers. Dividing the <total> over the root stage time estimates parallelism.
[77.341s][info][gc,stats    ] 
[77.341s][info][gc,stats    ] Concurrent Reset                   1065 us
[77.341s][info][gc,stats    ] Pause Init Mark (G)                 354 us
[77.341s][info][gc,stats    ] Pause Init Mark (N)                 188 us
[77.341s][info][gc,stats    ]   Update Region States               74 us
[77.341s][info][gc,stats    ] Concurrent Mark Roots               476 us, parallelism: 0.74x
[77.341s][info][gc,stats    ]   CMR: <total>                      350 us
[77.341s][info][gc,stats    ]   CMR: Thread Roots                 306 us, workers (us): 306, ---, ---, 
[77.341s][info][gc,stats    ]   CMR: VM Strong Roots                6 us, workers (us):   6, ---, ---, 
[77.341s][info][gc,stats    ]   CMR: CLDG Roots                    37 us, workers (us):  37, ---, ---, 
[77.341s][info][gc,stats    ] Concurrent Marking                30228 us
[77.341s][info][gc,stats    ] Pause Final Mark (G)                523 us
[77.341s][info][gc,stats    ] Pause Final Mark (N)                381 us
[77.341s][info][gc,stats    ]   Finish Mark                       119 us
[77.341s][info][gc,stats    ]   Update Region States               88 us
[77.341s][info][gc,stats    ]   Choose Collection Set              63 us
[77.341s][info][gc,stats    ]   Rebuild Free Set                   16 us
[77.341s][info][gc,stats    ] Concurrent Weak References          128 us, parallelism: 0.04x
[77.341s][info][gc,stats    ]   CWRF: <total>                       5 us
[77.341s][info][gc,stats    ]   CWRF: Weak References               5 us, workers (us):   5, ---, ---, 
[77.341s][info][gc,stats    ] Concurrent Weak Roots               530 us
[77.341s][info][gc,stats    ]   Roots                             442 us, parallelism: 0.92x
[77.341s][info][gc,stats    ]     CWR: <total>                    405 us
[77.341s][info][gc,stats    ]     CWR: Code Cache Roots           336 us, workers (us): 336, ---, ---, 
[77.341s][info][gc,stats    ]     CWR: VM Weak Roots               64 us, workers (us):  64, ---, ---, 
[77.341s][info][gc,stats    ]     CWR: CLDG Roots                   5 us, workers (us):   5, ---, ---, 
[77.341s][info][gc,stats    ]   Rendezvous                         54 us
[77.341s][info][gc,stats    ] Concurrent Cleanup                   50 us
[77.341s][info][gc,stats    ] Concurrent Class Unloading         2146 us
[77.341s][info][gc,stats    ]   Unlink Stale                     1973 us
[77.341s][info][gc,stats    ]     System Dictionary                 3 us
[77.341s][info][gc,stats    ]     Weak Class Links                  0 us
[77.341s][info][gc,stats    ]     Code Roots                     1969 us
[77.341s][info][gc,stats    ]   Rendezvous                         56 us
[77.341s][info][gc,stats    ]   Purge Unlinked                     73 us
[77.341s][info][gc,stats    ]     Code Roots                       68 us
[77.341s][info][gc,stats    ]     CLDG                              5 us
[77.342s][info][gc,stats    ]     Exception Caches                  0 us
[77.342s][info][gc,stats    ] Pause Final Roots (G)               114 us
[77.342s][info][gc,stats    ] Pause Final Roots (N)                31 us
[77.342s][info][gc,stats    ] 
[77.342s][info][gc,stats    ] Allocation pacing accrued:
[77.342s][info][gc,stats    ]       0 of   936 ms (  0.0%): <total>
[77.342s][info][gc,stats    ]       0 of   936 ms (  0.0%): <average total>
[77.342s][info][gc,stats    ] 
[77.342s][info][gc,metaspace] Metaspace: 8961K(9216K)->8961K(9216K) NonClass: 7789K(7936K)->7789K(7936K) Class: 1171K(1280K)->1171K(1280K)
[77.342s][info][gc,ergo     ] Pacer for Idle. Initial: 163M, Alloc Tax Rate: 1.0x
[78.042s][info][gc          ] Trigger: Explicit GC request (System.gc())
[78.042s][info][gc,ergo     ] Free: 6692M, Max: 4096K regular, 5652M humongous, Frag: 16% external, 0% internal; Reserve: 412M, Max: 4096K
[78.042s][info][gc,start    ] GC(88) Concurrent reset
[78.042s][info][gc,task     ] GC(88) Using 1 of 3 workers for concurrent reset
[78.042s][info][gc,ergo     ] GC(88) Pacer for Reset. Non-Taxable: 8192M
[78.044s][info][gc          ] GC(88) Concurrent reset 1.215ms
[78.044s][info][gc,start    ] GC(88) Pause Init Mark (unload classes)
[78.044s][info][gc,task     ] GC(88) Using 3 of 3 workers for init marking
[78.044s][info][gc,ref      ] GC(88) Clearing All SoftReferences
[78.044s][info][gc,ergo     ] GC(88) Pacer for Mark. Expected Live: 14417K, Free: 6692M, Non-Taxable: 669M, Alloc Tax Rate: 0.0x
[78.044s][info][gc          ] GC(88) Pause Init Mark (unload classes) 0.167ms
[78.044s][info][gc,start    ] GC(88) Concurrent marking roots
[78.044s][info][gc,task     ] GC(88) Using 1 of 3 workers for concurrent marking roots
[78.044s][info][gc          ] GC(88) Concurrent marking roots 0.449ms
[78.044s][info][gc,start    ] GC(88) Concurrent marking (unload classes)
[78.044s][info][gc,task     ] GC(88) Using 1 of 3 workers for concurrent marking
[78.048s][info][gc          ] GC(88) Concurrent marking (unload classes) 3.595ms
[78.048s][info][gc,start    ] GC(88) Pause Final Mark (unload classes)
[78.048s][info][gc,task     ] GC(88) Using 3 of 3 workers for final marking
[78.048s][info][gc,ergo     ] GC(88) Collectable Garbage: 1019M (94%), Immediate: 1019M (94%), CSet: 0B (0%)
[78.049s][info][gc          ] GC(88) Pause Final Mark (unload classes) 0.461ms
[78.049s][info][gc,start    ] GC(88) Concurrent weak references
[78.049s][info][gc,task     ] GC(88) Using 1 of 3 workers for concurrent weak references
[78.049s][info][gc,ref      ] GC(88) Encountered references: Soft: 144, Weak: 702, Final: 0, Phantom: 27
[78.049s][info][gc,ref      ] GC(88) Discovered  references: Soft: 89, Weak: 168, Final: 0, Phantom: 25
[78.049s][info][gc,ref      ] GC(88) Enqueued    references: Soft: 3, Weak: 0, Final: 0, Phantom: 0
[78.049s][info][gc          ] GC(88) Concurrent weak references 0.282ms
[78.049s][info][gc,start    ] GC(88) Concurrent weak roots
[78.049s][info][gc,task     ] GC(88) Using 1 of 3 workers for concurrent weak root
[78.050s][info][gc          ] GC(88) Concurrent weak roots 0.617ms
[78.050s][info][gc,start    ] GC(88) Concurrent cleanup
[78.050s][info][gc          ] GC(88) Concurrent cleanup 1087M->67M(8192M) 0.046ms
[78.050s][info][gc,ergo     ] GC(88) Free: 7712M, Max: 4096K regular, 6816M humongous, Frag: 12% external, 0% internal; Reserve: 412M, Max: 4096K
[78.050s][info][gc,start    ] GC(88) Concurrent class unloading
[78.050s][info][gc,task     ] GC(88) Using 1 of 3 workers for concurrent class unloading
[78.052s][info][gc          ] GC(88) Concurrent class unloading 2.212ms
[78.052s][info][gc,start    ] GC(88) Pause Final Roots
[78.052s][info][gc          ] GC(88) Pause Final Roots 0.021ms
[78.052s][info][gc,ergo     ] Free: 7712M, Max: 4096K regular, 6816M humongous, Frag: 12% external, 0% internal; Reserve: 412M, Max: 4096K
[78.052s][info][gc,stats    ] 
[78.052s][info][gc,stats    ] All times are wall-clock times, except per-root-class counters, that are sum over
[78.052s][info][gc,stats    ] all workers. Dividing the <total> over the root stage time estimates parallelism.
[78.052s][info][gc,stats    ] 
[78.052s][info][gc,stats    ] Concurrent Reset                   1275 us
[78.052s][info][gc,stats    ] Pause Init Mark (G)                 304 us
[78.052s][info][gc,stats    ] Pause Init Mark (N)                 184 us
[78.052s][info][gc,stats    ]   Update Region States               67 us
[78.052s][info][gc,stats    ] Concurrent Mark Roots               467 us, parallelism: 0.74x
[78.052s][info][gc,stats    ]   CMR: <total>                      346 us
[78.052s][info][gc,stats    ]   CMR: Thread Roots                 300 us, workers (us): 300, ---, ---, 
[78.052s][info][gc,stats    ]   CMR: VM Strong Roots                5 us, workers (us):   5, ---, ---, 
[78.052s][info][gc,stats    ]   CMR: CLDG Roots                    41 us, workers (us):  41, ---, ---, 
[78.052s][info][gc,stats    ] Concurrent Marking                 3646 us
[78.052s][info][gc,stats    ] Pause Final Mark (G)                595 us
[78.052s][info][gc,stats    ] Pause Final Mark (N)                483 us
[78.052s][info][gc,stats    ]   Finish Mark                       207 us
[78.052s][info][gc,stats    ]   Update Region States               91 us
[78.052s][info][gc,stats    ]   Choose Collection Set              63 us
[78.052s][info][gc,stats    ]   Rebuild Free Set                   21 us
[78.052s][info][gc,stats    ] Concurrent Weak References          299 us, parallelism: 0.09x
[78.052s][info][gc,stats    ]   CWRF: <total>                      26 us
[78.052s][info][gc,stats    ]   CWRF: Weak References              26 us, workers (us):  26, ---, ---, 
[78.052s][info][gc,stats    ] Concurrent Weak Roots               659 us
[78.052s][info][gc,stats    ]   Roots                             478 us, parallelism: 0.86x
[78.052s][info][gc,stats    ]     CWR: <total>                    412 us
[78.052s][info][gc,stats    ]     CWR: Code Cache Roots           339 us, workers (us): 339, ---, ---, 
[78.052s][info][gc,stats    ]     CWR: VM Weak Roots               67 us, workers (us):  67, ---, ---, 
[78.052s][info][gc,stats    ]     CWR: CLDG Roots                   6 us, workers (us):   6, ---, ---, 
[78.052s][info][gc,stats    ]   Rendezvous                        106 us
[78.052s][info][gc,stats    ] Concurrent Cleanup                   54 us
[78.052s][info][gc,stats    ] Concurrent Class Unloading         2280 us
[78.052s][info][gc,stats    ]   Unlink Stale                     1996 us
[78.052s][info][gc,stats    ]     System Dictionary                11 us
[78.052s][info][gc,stats    ]     Weak Class Links                  1 us
[78.052s][info][gc,stats    ]     Code Roots                     1983 us
[78.052s][info][gc,stats    ]   Rendezvous                         53 us
[78.052s][info][gc,stats    ]   Purge Unlinked                    141 us
[78.052s][info][gc,stats    ]     Code Roots                      132 us
[78.052s][info][gc,stats    ]     CLDG                              9 us
[78.052s][info][gc,stats    ]     Exception Caches                  0 us
[78.052s][info][gc,stats    ] Pause Final Roots (G)                99 us
[78.052s][info][gc,stats    ] Pause Final Roots (N)                29 us
[78.052s][info][gc,stats    ] 
[78.052s][info][gc,stats    ] Allocation pacing accrued:
[78.052s][info][gc,stats    ]       0 of   711 ms (  0.0%): <total>
[78.052s][info][gc,stats    ]       0 of   711 ms (  0.0%): <average total>
[78.052s][info][gc,stats    ] 
[78.053s][info][gc,metaspace] Metaspace: 8963K(9216K)->8963K(9216K) NonClass: 7791K(7936K)->7791K(7936K) Class: 1171K(1280K)->1171K(1280K)
[78.053s][info][gc,ergo     ] Pacer for Idle. Initial: 163M, Alloc Tax Rate: 1.0x
[78.969s][info][gc          ] Trigger: Learning 2 of 5. Free (5728M) is below initial threshold (5734M)
[78.969s][info][gc,ergo     ] Free: 5728M, Max: 4096K regular, 5728M humongous, Frag: 0% external, 0% internal; Reserve: 412M, Max: 4096K
[78.969s][info][gc,start    ] GC(89) Concurrent reset
[78.969s][info][gc,task     ] GC(89) Using 1 of 3 workers for concurrent reset
[78.969s][info][gc,ergo     ] GC(89) Pacer for Reset. Non-Taxable: 8192M
[78.969s][info][gc          ] GC(89) Concurrent reset 0.543ms
[78.969s][info][gc,start    ] GC(89) Pause Init Mark (unload classes)
[78.969s][info][gc,task     ] GC(89) Using 3 of 3 workers for init marking
[78.969s][info][gc,ergo     ] GC(89) Pacer for Mark. Expected Live: 10658K, Free: 5728M, Non-Taxable: 572M, Alloc Tax Rate: 0.0x
[78.969s][info][gc          ] GC(89) Pause Init Mark (unload classes) 0.094ms
[78.970s][info][gc,start    ] GC(89) Concurrent marking roots
[78.970s][info][gc,task     ] GC(89) Using 1 of 3 workers for concurrent marking roots
[78.970s][info][gc          ] GC(89) Concurrent marking roots 0.436ms
[78.970s][info][gc,start    ] GC(89) Concurrent marking (unload classes)
[78.970s][info][gc,task     ] GC(89) Using 1 of 3 workers for concurrent marking
[78.982s][info][gc          ] GC(89) Concurrent marking (unload classes) 12.368ms
[78.983s][info][gc,start    ] GC(89) Pause Final Mark (unload classes)
[78.983s][info][gc,task     ] GC(89) Using 3 of 3 workers for final marking
[78.983s][info][gc,ergo     ] GC(89) Collectable Garbage: 1944M (95%), Immediate: 1944M (95%), CSet: 0B (0%)
[78.983s][info][gc          ] GC(89) Pause Final Mark (unload classes) 0.231ms
[78.983s][info][gc,start    ] GC(89) Concurrent weak references
[78.983s][info][gc,task     ] GC(89) Using 1 of 3 workers for concurrent weak references
[78.983s][info][gc,ref      ] GC(89) Encountered references: Soft: 144, Weak: 702, Final: 0, Phantom: 27
[78.983s][info][gc,ref      ] GC(89) Discovered  references: Soft: 0, Weak: 150, Final: 0, Phantom: 12
[78.983s][info][gc,ref      ] GC(89) Enqueued    references: Soft: 0, Weak: 0, Final: 0, Phantom: 0
[78.983s][info][gc          ] GC(89) Concurrent weak references 0.166ms
[78.983s][info][gc,start    ] GC(89) Concurrent weak roots
[78.983s][info][gc,task     ] GC(89) Using 1 of 3 workers for concurrent weak root
[78.984s][info][gc          ] GC(89) Concurrent weak roots 0.516ms
[78.984s][info][gc,start    ] GC(89) Concurrent cleanup
[78.984s][info][gc          ] GC(89) Concurrent cleanup 2083M->139M(8192M) 0.042ms
[78.984s][info][gc,ergo     ] GC(89) Free: 7640M, Max: 4096K regular, 5696M humongous, Frag: 26% external, 0% internal; Reserve: 412M, Max: 4096K
[78.984s][info][gc,start    ] GC(89) Concurrent class unloading
[78.984s][info][gc,task     ] GC(89) Using 1 of 3 workers for concurrent class unloading
[78.986s][info][gc          ] GC(89) Concurrent class unloading 2.246ms
[78.986s][info][gc,start    ] GC(89) Pause Final Roots
[78.986s][info][gc          ] GC(89) Pause Final Roots 0.029ms
[78.986s][info][gc,ergo     ] Free: 7636M, Max: 4096K regular, 5696M humongous, Frag: 26% external, 0% internal; Reserve: 412M, Max: 4096K
[78.986s][info][gc,stats    ] 
[78.986s][info][gc,stats    ] All times are wall-clock times, except per-root-class counters, that are sum over
[78.986s][info][gc,stats    ] all workers. Dividing the <total> over the root stage time estimates parallelism.
[78.986s][info][gc,stats    ] 
[78.986s][info][gc,stats    ] Concurrent Reset                    600 us
[78.986s][info][gc,stats    ] Pause Init Mark (G)                 236 us
[78.986s][info][gc,stats    ] Pause Init Mark (N)                 101 us
[78.986s][info][gc,stats    ]   Update Region States               56 us
[78.986s][info][gc,stats    ] Concurrent Mark Roots               453 us, parallelism: 0.74x
[78.986s][info][gc,stats    ]   CMR: <total>                      334 us
[78.986s][info][gc,stats    ]   CMR: Thread Roots                 292 us, workers (us): 292, ---, ---, 
[78.986s][info][gc,stats    ]   CMR: VM Strong Roots                5 us, workers (us):   5, ---, ---, 
[78.986s][info][gc,stats    ]   CMR: CLDG Roots                    36 us, workers (us):  36, ---, ---, 
[78.986s][info][gc,stats    ] Concurrent Marking                12435 us
[78.986s][info][gc,stats    ] Pause Final Mark (G)                382 us
[78.986s][info][gc,stats    ] Pause Final Mark (N)                248 us
[78.986s][info][gc,stats    ]   Finish Mark                        60 us
[78.986s][info][gc,stats    ]   Update Region States               47 us
[78.986s][info][gc,stats    ]   Choose Collection Set              47 us
[78.986s][info][gc,stats    ]   Rebuild Free Set                   16 us
[78.986s][info][gc,stats    ] Concurrent Weak References          174 us, parallelism: 0.03x
[78.986s][info][gc,stats    ]   CWRF: <total>                       5 us
[78.986s][info][gc,stats    ]   CWRF: Weak References               5 us, workers (us):   5, ---, ---, 
[78.986s][info][gc,stats    ] Concurrent Weak Roots               534 us
[78.986s][info][gc,stats    ]   Roots                             433 us, parallelism: 0.92x
[78.986s][info][gc,stats    ]     CWR: <total>                    397 us
[78.987s][info][gc,stats    ]     CWR: Code Cache Roots           328 us, workers (us): 328, ---, ---, 
[78.987s][info][gc,stats    ]     CWR: VM Weak Roots               64 us, workers (us):  64, ---, ---, 
[78.987s][info][gc,stats    ]     CWR: CLDG Roots                   5 us, workers (us):   5, ---, ---, 
[78.987s][info][gc,stats    ]   Rendezvous                         67 us
[78.987s][info][gc,stats    ] Concurrent Cleanup                   50 us
[78.987s][info][gc,stats    ] Concurrent Class Unloading         2289 us
[78.987s][info][gc,stats    ]   Unlink Stale                     2091 us
[78.987s][info][gc,stats    ]     System Dictionary                 2 us
[78.987s][info][gc,stats    ]     Weak Class Links                  0 us
[78.987s][info][gc,stats    ]     Code Roots                     2087 us
[78.987s][info][gc,stats    ]   Rendezvous                         56 us
[78.987s][info][gc,stats    ]   Purge Unlinked                     82 us
[78.987s][info][gc,stats    ]     Code Roots                       77 us
[78.987s][info][gc,stats    ]     CLDG                              5 us
[78.987s][info][gc,stats    ]     Exception Caches                  0 us
[78.987s][info][gc,stats    ] Pause Final Roots (G)               134 us
[78.987s][info][gc,stats    ] Pause Final Roots (N)                40 us
[78.987s][info][gc,stats    ] 
[78.987s][info][gc,stats    ] Allocation pacing accrued:
[78.987s][info][gc,stats    ]       0 of   934 ms (  0.0%): <total>
[78.987s][info][gc,stats    ]       0 of   934 ms (  0.0%): <average total>
[78.987s][info][gc,stats    ] 
[78.987s][info][gc,metaspace] Metaspace: 8967K(9216K)->8967K(9216K) NonClass: 7796K(7936K)->7796K(7936K) Class: 1171K(1280K)->1171K(1280K)
[78.987s][info][gc,ergo     ] Pacer for Idle. Initial: 163M, Alloc Tax Rate: 1.0x
[79.864s][info][gc          ] Trigger: Learning 3 of 5. Free (5728M) is below initial threshold (5734M)
[79.864s][info][gc,ergo     ] Free: 5728M, Max: 4096K regular, 5696M humongous, Frag: 1% external, 0% internal; Reserve: 412M, Max: 4096K
[79.864s][info][gc,start    ] GC(90) Concurrent reset
[79.864s][info][gc,task     ] GC(90) Using 1 of 3 workers for concurrent reset
[79.864s][info][gc,ergo     ] GC(90) Pacer for Reset. Non-Taxable: 8192M
[79.865s][info][gc          ] GC(90) Concurrent reset 0.731ms
[79.865s][info][gc,start    ] GC(90) Pause Init Mark (unload classes)
[79.865s][info][gc,task     ] GC(90) Using 3 of 3 workers for init marking
[79.865s][info][gc,ergo     ] GC(90) Pacer for Mark. Expected Live: 11944K, Free: 5728M, Non-Taxable: 572M, Alloc Tax Rate: 0.0x
[79.865s][info][gc          ] GC(90) Pause Init Mark (unload classes) 0.179ms
[79.865s][info][gc,start    ] GC(90) Concurrent marking roots
[79.865s][info][gc,task     ] GC(90) Using 1 of 3 workers for concurrent marking roots
[79.866s][info][gc          ] GC(90) Concurrent marking roots 0.499ms
[79.866s][info][gc,start    ] GC(90) Concurrent marking (unload classes)
[79.866s][info][gc,task     ] GC(90) Using 1 of 3 workers for concurrent marking
[79.887s][info][gc          ] GC(90) Concurrent marking (unload classes) 20.749ms
[79.887s][info][gc,start    ] GC(90) Pause Final Mark (unload classes)
[79.887s][info][gc,task     ] GC(90) Using 3 of 3 workers for final marking
[79.887s][info][gc,ergo     ] GC(90) Collectable Garbage: 1924M (94%), Immediate: 1924M (94%), CSet: 0B (0%)
[79.887s][info][gc          ] GC(90) Pause Final Mark (unload classes) 0.367ms
[79.887s][info][gc,start    ] GC(90) Concurrent weak references
[79.887s][info][gc,task     ] GC(90) Using 1 of 3 workers for concurrent weak references
[79.887s][info][gc,ref      ] GC(90) Encountered references: Soft: 144, Weak: 702, Final: 0, Phantom: 27
[79.887s][info][gc,ref      ] GC(90) Discovered  references: Soft: 0, Weak: 150, Final: 0, Phantom: 12
[79.887s][info][gc,ref      ] GC(90) Enqueued    references: Soft: 0, Weak: 0, Final: 0, Phantom: 0
[79.887s][info][gc          ] GC(90) Concurrent weak references 0.194ms
[79.887s][info][gc,start    ] GC(90) Concurrent weak roots
[79.887s][info][gc,task     ] GC(90) Using 1 of 3 workers for concurrent weak root
[79.888s][info][gc          ] GC(90) Concurrent weak roots 0.585ms
[79.888s][info][gc,start    ] GC(90) Concurrent cleanup
[79.888s][info][gc          ] GC(90) Concurrent cleanup 2099M->175M(8192M) 0.041ms
[79.888s][info][gc,ergo     ] GC(90) Free: 7604M, Max: 4096K regular, 5680M humongous, Frag: 26% external, 0% internal; Reserve: 412M, Max: 4096K
[79.888s][info][gc,start    ] GC(90) Concurrent class unloading
[79.888s][info][gc,task     ] GC(90) Using 1 of 3 workers for concurrent class unloading
[79.890s][info][gc          ] GC(90) Concurrent class unloading 1.946ms
[79.890s][info][gc,start    ] GC(90) Pause Final Roots
[79.890s][info][gc          ] GC(90) Pause Final Roots 0.040ms
[79.890s][info][gc,ergo     ] Free: 7600M, Max: 4096K regular, 5680M humongous, Frag: 26% external, 0% internal; Reserve: 412M, Max: 4096K
[79.890s][info][gc,stats    ] 
[79.890s][info][gc,stats    ] All times are wall-clock times, except per-root-class counters, that are sum over
[79.890s][info][gc,stats    ] all workers. Dividing the <total> over the root stage time estimates parallelism.
[79.890s][info][gc,stats    ] 
[79.890s][info][gc,stats    ] Concurrent Reset                    794 us
[79.890s][info][gc,stats    ] Pause Init Mark (G)                 356 us
[79.890s][info][gc,stats    ] Pause Init Mark (N)                 196 us
[79.890s][info][gc,stats    ]   Update Region States               76 us
[79.890s][info][gc,stats    ] Concurrent Mark Roots               523 us, parallelism: 0.72x
[79.890s][info][gc,stats    ]   CMR: <total>                      379 us
[79.890s][info][gc,stats    ]   CMR: Thread Roots                 337 us, workers (us): 337, ---, ---, 
[79.890s][info][gc,stats    ]   CMR: VM Strong Roots                5 us, workers (us):   5, ---, ---, 
[79.890s][info][gc,stats    ]   CMR: CLDG Roots                    37 us, workers (us):  37, ---, ---, 
[79.890s][info][gc,stats    ] Concurrent Marking                20814 us
[79.891s][info][gc,stats    ] Pause Final Mark (G)                535 us
[79.891s][info][gc,stats    ] Pause Final Mark (N)                386 us
[79.891s][info][gc,stats    ]   Finish Mark                       130 us
[79.891s][info][gc,stats    ]   Update Region States               89 us
[79.891s][info][gc,stats    ]   Choose Collection Set              61 us
[79.891s][info][gc,stats    ]   Rebuild Free Set                   16 us
[79.891s][info][gc,stats    ] Concurrent Weak References          210 us, parallelism: 0.04x
[79.891s][info][gc,stats    ]   CWRF: <total>                       8 us
[79.891s][info][gc,stats    ]   CWRF: Weak References               8 us, workers (us):   8, ---, ---, 
[79.891s][info][gc,stats    ] Concurrent Weak Roots               604 us
[79.891s][info][gc,stats    ]   Roots                             472 us, parallelism: 0.88x
[79.891s][info][gc,stats    ]     CWR: <total>                    417 us
[79.891s][info][gc,stats    ]     CWR: Code Cache Roots           345 us, workers (us): 345, ---, ---, 
[79.891s][info][gc,stats    ]     CWR: VM Weak Roots               67 us, workers (us):  67, ---, ---, 
[79.891s][info][gc,stats    ]     CWR: CLDG Roots                   5 us, workers (us):   5, ---, ---, 
[79.891s][info][gc,stats    ]   Rendezvous                         81 us
[79.891s][info][gc,stats    ] Concurrent Cleanup                   50 us
[79.891s][info][gc,stats    ] Concurrent Class Unloading         1996 us
[79.891s][info][gc,stats    ]   Unlink Stale                     1707 us
[79.891s][info][gc,stats    ]     System Dictionary                 3 us
[79.891s][info][gc,stats    ]     Weak Class Links                  0 us
[79.891s][info][gc,stats    ]     Code Roots                     1703 us
[79.891s][info][gc,stats    ]   Rendezvous                        104 us
[79.891s][info][gc,stats    ]   Purge Unlinked                    116 us
[79.891s][info][gc,stats    ]     Code Roots                      108 us
[79.891s][info][gc,stats    ]     CLDG                              8 us
[79.891s][info][gc,stats    ]     Exception Caches                  0 us
[79.891s][info][gc,stats    ] Pause Final Roots (G)               185 us
[79.891s][info][gc,stats    ] Pause Final Roots (N)                58 us
[79.891s][info][gc,stats    ] 
[79.891s][info][gc,stats    ] Allocation pacing accrued:
[79.891s][info][gc,stats    ]       0 of   904 ms (  0.0%): <total>
[79.891s][info][gc,stats    ]       0 of   904 ms (  0.0%): <average total>
[79.891s][info][gc,stats    ] 
[79.891s][info][gc,metaspace] Metaspace: 8967K(9216K)->8967K(9216K) NonClass: 7796K(7936K)->7796K(7936K) Class: 1171K(1280K)->1171K(1280K)
[79.891s][info][gc,ergo     ] Pacer for Idle. Initial: 163M, Alloc Tax Rate: 1.0x
[80.791s][info][gc          ] Trigger: Learning 4 of 5. Free (5716M) is below initial threshold (5734M)
[80.791s][info][gc,ergo     ] Free: 5716M, Max: 4096K regular, 5680M humongous, Frag: 1% external, 0% internal; Reserve: 412M, Max: 4096K
[80.791s][info][gc,start    ] GC(91) Concurrent reset
[80.791s][info][gc,task     ] GC(91) Using 1 of 3 workers for concurrent reset
[80.791s][info][gc,ergo     ] GC(91) Pacer for Reset. Non-Taxable: 8192M
[80.791s][info][gc          ] GC(91) Concurrent reset 0.579ms
[80.792s][info][gc,start    ] GC(91) Pause Init Mark (unload classes)
[80.792s][info][gc,task     ] GC(91) Using 3 of 3 workers for init marking
[80.792s][info][gc,ergo     ] GC(91) Pacer for Mark. Expected Live: 13159K, Free: 5716M, Non-Taxable: 571M, Alloc Tax Rate: 0.0x
[80.792s][info][gc          ] GC(91) Pause Init Mark (unload classes) 0.196ms
[80.792s][info][gc,start    ] GC(91) Concurrent marking roots
[80.792s][info][gc,task     ] GC(91) Using 1 of 3 workers for concurrent marking roots
[80.792s][info][gc          ] GC(91) Concurrent marking roots 0.554ms
[80.792s][info][gc,start    ] GC(91) Concurrent marking (unload classes)
[80.792s][info][gc,task     ] GC(91) Using 1 of 3 workers for concurrent marking
[80.822s][info][gc          ] GC(91) Concurrent marking (unload classes) 29.665ms
[80.822s][info][gc,start    ] GC(91) Pause Final Mark (unload classes)
[80.822s][info][gc,task     ] GC(91) Using 3 of 3 workers for final marking
[80.823s][info][gc,ergo     ] GC(91) Collectable Garbage: 1912M (93%), Immediate: 1912M (93%), CSet: 0B (0%)
[80.823s][info][gc          ] GC(91) Pause Final Mark (unload classes) 0.364ms
[80.823s][info][gc,start    ] GC(91) Concurrent weak references
[80.823s][info][gc,task     ] GC(91) Using 1 of 3 workers for concurrent weak references
[80.823s][info][gc,ref      ] GC(91) Encountered references: Soft: 144, Weak: 702, Final: 0, Phantom: 27
[80.823s][info][gc,ref      ] GC(91) Discovered  references: Soft: 0, Weak: 150, Final: 0, Phantom: 12
[80.823s][info][gc,ref      ] GC(91) Enqueued    references: Soft: 0, Weak: 0, Final: 0, Phantom: 0
[80.823s][info][gc          ] GC(91) Concurrent weak references 0.096ms
[80.823s][info][gc,start    ] GC(91) Concurrent weak roots
[80.823s][info][gc,task     ] GC(91) Using 1 of 3 workers for concurrent weak root
[80.823s][info][gc          ] GC(91) Concurrent weak roots 0.557ms
[80.823s][info][gc,start    ] GC(91) Concurrent cleanup
[80.823s][info][gc          ] GC(91) Concurrent cleanup 2119M->207M(8192M) 0.041ms
[80.823s][info][gc,ergo     ] GC(91) Free: 7572M, Max: 4096K regular, 5660M humongous, Frag: 26% external, 0% internal; Reserve: 412M, Max: 4096K
[80.823s][info][gc,start    ] GC(91) Concurrent class unloading
[80.823s][info][gc,task     ] GC(91) Using 1 of 3 workers for concurrent class unloading
[80.825s][info][gc          ] GC(91) Concurrent class unloading 1.826ms
[80.825s][info][gc,start    ] GC(91) Pause Final Roots
[80.825s][info][gc          ] GC(91) Pause Final Roots 0.023ms
[80.825s][info][gc,ergo     ] Free: 7568M, Max: 4096K regular, 5660M humongous, Frag: 26% external, 0% internal; Reserve: 412M, Max: 4096K
[80.825s][info][gc,stats    ] 
[80.825s][info][gc,stats    ] All times are wall-clock times, except per-root-class counters, that are sum over
[80.825s][info][gc,stats    ] all workers. Dividing the <total> over the root stage time estimates parallelism.
[80.825s][info][gc,stats    ] 
[80.826s][info][gc,stats    ] Concurrent Reset                    645 us
[80.826s][info][gc,stats    ] Pause Init Mark (G)                 395 us
[80.826s][info][gc,stats    ] Pause Init Mark (N)                 214 us
[80.826s][info][gc,stats    ]   Update Region States               91 us
[80.826s][info][gc,stats    ] Concurrent Mark Roots               588 us, parallelism: 0.61x
[80.826s][info][gc,stats    ]   CMR: <total>                      358 us
[80.826s][info][gc,stats    ]   CMR: Thread Roots                 308 us, workers (us): 308, ---, ---, 
[80.826s][info][gc,stats    ]   CMR: VM Strong Roots                7 us, workers (us):   7, ---, ---, 
[80.826s][info][gc,stats    ]   CMR: CLDG Roots                    42 us, workers (us):  42, ---, ---, 
[80.826s][info][gc,stats    ] Concurrent Marking                29731 us
[80.826s][info][gc,stats    ] Pause Final Mark (G)                526 us
[80.826s][info][gc,stats    ] Pause Final Mark (N)                383 us
[80.826s][info][gc,stats    ]   Finish Mark                       118 us
[80.826s][info][gc,stats    ]   Update Region States               87 us
[80.826s][info][gc,stats    ]   Choose Collection Set              62 us
[80.826s][info][gc,stats    ]   Rebuild Free Set                   17 us
[80.826s][info][gc,stats    ] Concurrent Weak References          103 us, parallelism: 0.04x
[80.826s][info][gc,stats    ]   CWRF: <total>                       4 us
[80.826s][info][gc,stats    ]   CWRF: Weak References               4 us, workers (us):   4, ---, ---, 
[80.826s][info][gc,stats    ] Concurrent Weak Roots               575 us
[80.826s][info][gc,stats    ]   Roots                             460 us, parallelism: 0.89x
[80.826s][info][gc,stats    ]     CWR: <total>                    408 us
[80.826s][info][gc,stats    ]     CWR: Code Cache Roots           340 us, workers (us): 340, ---, ---, 
[80.826s][info][gc,stats    ]     CWR: VM Weak Roots               63 us, workers (us):  63, ---, ---, 
[80.826s][info][gc,stats    ]     CWR: CLDG Roots                   5 us, workers (us):   5, ---, ---, 
[80.826s][info][gc,stats    ]   Rendezvous                         82 us
[80.826s][info][gc,stats    ] Concurrent Cleanup                   49 us
[80.826s][info][gc,stats    ] Concurrent Class Unloading         1854 us
[80.826s][info][gc,stats    ]   Unlink Stale                     1664 us
[80.826s][info][gc,stats    ]     System Dictionary                 3 us
[80.826s][info][gc,stats    ]     Weak Class Links                  0 us
[80.826s][info][gc,stats    ]     Code Roots                     1661 us
[80.826s][info][gc,stats    ]   Rendezvous                         57 us
[80.826s][info][gc,stats    ]   Purge Unlinked                     88 us
[80.826s][info][gc,stats    ]     Code Roots                       83 us
[80.826s][info][gc,stats    ]     CLDG                              4 us
[80.826s][info][gc,stats    ]     Exception Caches                  0 us
[80.826s][info][gc,stats    ] Pause Final Roots (G)               111 us
[80.826s][info][gc,stats    ] Pause Final Roots (N)                31 us
[80.826s][info][gc,stats    ] 
[80.826s][info][gc,stats    ] Allocation pacing accrued:
[80.826s][info][gc,stats    ]       0 of   935 ms (  0.0%): <total>
[80.826s][info][gc,stats    ]       0 of   935 ms (  0.0%): <average total>
[80.826s][info][gc,stats    ] 
[80.826s][info][gc,metaspace] Metaspace: 8967K(9216K)->8967K(9216K) NonClass: 7796K(7936K)->7796K(7936K) Class: 1171K(1280K)->1171K(1280K)
[80.826s][info][gc,ergo     ] Pacer for Idle. Initial: 163M, Alloc Tax Rate: 1.0x
[81.528s][info][gc          ] Trigger: Explicit GC request (System.gc())
[81.529s][info][gc,ergo     ] Free: 6680M, Max: 4096K regular, 5660M humongous, Frag: 16% external, 0% internal; Reserve: 412M, Max: 4096K
[81.529s][info][gc,start    ] GC(92) Concurrent reset
[81.529s][info][gc,task     ] GC(92) Using 1 of 3 workers for concurrent reset
[81.529s][info][gc,ergo     ] GC(92) Pacer for Reset. Non-Taxable: 8192M
[81.530s][info][gc          ] GC(92) Concurrent reset 0.849ms
[81.530s][info][gc,start    ] GC(92) Pause Init Mark (unload classes)
[81.530s][info][gc,task     ] GC(92) Using 3 of 3 workers for init marking
[81.530s][info][gc,ref      ] GC(92) Clearing All SoftReferences
[81.530s][info][gc,ergo     ] GC(92) Pacer for Mark. Expected Live: 14423K, Free: 6680M, Non-Taxable: 668M, Alloc Tax Rate: 0.0x
[81.530s][info][gc          ] GC(92) Pause Init Mark (unload classes) 0.112ms
[81.530s][info][gc,start    ] GC(92) Concurrent marking roots
[81.530s][info][gc,task     ] GC(92) Using 1 of 3 workers for concurrent marking roots
[81.530s][info][gc          ] GC(92) Concurrent marking roots 0.513ms
[81.530s][info][gc,start    ] GC(92) Concurrent marking (unload classes)
[81.530s][info][gc,task     ] GC(92) Using 1 of 3 workers for concurrent marking
[81.534s][info][gc          ] GC(92) Concurrent marking (unload classes) 3.728ms
[81.534s][info][gc,start    ] GC(92) Pause Final Mark (unload classes)
[81.534s][info][gc,task     ] GC(92) Using 3 of 3 workers for final marking
[81.534s][info][gc,ergo     ] GC(92) Collectable Garbage: 1031M (94%), Immediate: 1031M (94%), CSet: 0B (0%)
[81.534s][info][gc          ] GC(92) Pause Final Mark (unload classes) 0.293ms
[81.535s][info][gc,start    ] GC(92) Concurrent weak references
[81.535s][info][gc,task     ] GC(92) Using 1 of 3 workers for concurrent weak references
[81.535s][info][gc,ref      ] GC(92) Encountered references: Soft: 144, Weak: 702, Final: 0, Phantom: 27
[81.535s][info][gc,ref      ] GC(92) Discovered  references: Soft: 89, Weak: 168, Final: 0, Phantom: 25
[81.535s][info][gc,ref      ] GC(92) Enqueued    references: Soft: 3, Weak: 0, Final: 0, Phantom: 0
[81.535s][info][gc          ] GC(92) Concurrent weak references 0.179ms
[81.535s][info][gc,start    ] GC(92) Concurrent weak roots
[81.535s][info][gc,task     ] GC(92) Using 1 of 3 workers for concurrent weak root
[81.535s][info][gc          ] GC(92) Concurrent weak roots 0.587ms
[81.535s][info][gc,start    ] GC(92) Concurrent cleanup
[81.535s][info][gc          ] GC(92) Concurrent cleanup 1099M->67M(8192M) 0.039ms
[81.535s][info][gc,ergo     ] GC(92) Free: 7712M, Max: 4096K regular, 6808M humongous, Frag: 12% external, 0% internal; Reserve: 412M, Max: 4096K
[81.535s][info][gc,start    ] GC(92) Concurrent class unloading
[81.535s][info][gc,task     ] GC(92) Using 1 of 3 workers for concurrent class unloading
[81.537s][info][gc          ] GC(92) Concurrent class unloading 1.968ms
[81.537s][info][gc,start    ] GC(92) Pause Final Roots
[81.537s][info][gc          ] GC(92) Pause Final Roots 0.021ms
[81.538s][info][gc,ergo     ] Free: 7712M, Max: 4096K regular, 6808M humongous, Frag: 12% external, 0% internal; Reserve: 412M, Max: 4096K
[81.538s][info][gc,stats    ] 
[81.538s][info][gc,stats    ] All times are wall-clock times, except per-root-class counters, that are sum over
[81.538s][info][gc,stats    ] all workers. Dividing the <total> over the root stage time estimates parallelism.
[81.538s][info][gc,stats    ] 
[81.538s][info][gc,stats    ] Concurrent Reset                    887 us
[81.538s][info][gc,stats    ] Pause Init Mark (G)                 189 us
[81.538s][info][gc,stats    ] Pause Init Mark (N)                 120 us
[81.538s][info][gc,stats    ]   Update Region States               50 us
[81.538s][info][gc,stats    ] Concurrent Mark Roots               539 us, parallelism: 0.71x
[81.538s][info][gc,stats    ]   CMR: <total>                      381 us
[81.538s][info][gc,stats    ]   CMR: Thread Roots                 305 us, workers (us): 305, ---, ---, 
[81.538s][info][gc,stats    ]   CMR: VM Strong Roots               10 us, workers (us):  10, ---, ---, 
[81.538s][info][gc,stats    ]   CMR: CLDG Roots                    66 us, workers (us):  66, ---, ---, 
[81.538s][info][gc,stats    ] Concurrent Marking                 3819 us
[81.538s][info][gc,stats    ] Pause Final Mark (G)                419 us
[81.538s][info][gc,stats    ] Pause Final Mark (N)                312 us
[81.538s][info][gc,stats    ]   Finish Mark                        99 us
[81.538s][info][gc,stats    ]   Update Region States               58 us
[81.538s][info][gc,stats    ]   Choose Collection Set              58 us
[81.538s][info][gc,stats    ]   Rebuild Free Set                   17 us
[81.538s][info][gc,stats    ] Concurrent Weak References          195 us, parallelism: 0.05x
[81.538s][info][gc,stats    ]   CWRF: <total>                      10 us
[81.538s][info][gc,stats    ]   CWRF: Weak References              10 us, workers (us):  10, ---, ---, 
[81.538s][info][gc,stats    ] Concurrent Weak Roots               606 us
[81.538s][info][gc,stats    ]   Roots                             458 us, parallelism: 0.88x
[81.538s][info][gc,stats    ]     CWR: <total>                    405 us
[81.538s][info][gc,stats    ]     CWR: Code Cache Roots           337 us, workers (us): 337, ---, ---, 
[81.538s][info][gc,stats    ]     CWR: VM Weak Roots               63 us, workers (us):  63, ---, ---, 
[81.538s][info][gc,stats    ]     CWR: CLDG Roots                   5 us, workers (us):   5, ---, ---, 
[81.538s][info][gc,stats    ]   Rendezvous                         97 us
[81.538s][info][gc,stats    ] Concurrent Cleanup                   47 us
[81.538s][info][gc,stats    ] Concurrent Class Unloading         2018 us
[81.538s][info][gc,stats    ]   Unlink Stale                     1782 us
[81.538s][info][gc,stats    ]     System Dictionary                 3 us
[81.538s][info][gc,stats    ]     Weak Class Links                  0 us
[81.538s][info][gc,stats    ]     Code Roots                     1778 us
[81.538s][info][gc,stats    ]   Rendezvous                         47 us
[81.538s][info][gc,stats    ]   Purge Unlinked                    121 us
[81.538s][info][gc,stats    ]     Code Roots                      111 us
[81.538s][info][gc,stats    ]     CLDG                              9 us
[81.538s][info][gc,stats    ]     Exception Caches                  0 us
[81.538s][info][gc,stats    ] Pause Final Roots (G)                91 us
[81.538s][info][gc,stats    ] Pause Final Roots (N)                29 us
[81.538s][info][gc,stats    ] 
[81.538s][info][gc,stats    ] Allocation pacing accrued:
[81.538s][info][gc,stats    ]       0 of   712 ms (  0.0%): <total>
[81.538s][info][gc,stats    ]       0 of   712 ms (  0.0%): <average total>
[81.538s][info][gc,stats    ] 
[81.538s][info][gc,metaspace] Metaspace: 8967K(9216K)->8969K(9216K) NonClass: 7796K(7936K)->7797K(7936K) Class: 1171K(1280K)->1171K(1280K)
[81.538s][info][gc,ergo     ] Pacer for Idle. Initial: 163M, Alloc Tax Rate: 1.0x
[82.455s][info][gc          ] Trigger: Learning 2 of 5. Free (5716M) is below initial threshold (5734M)
[82.455s][info][gc,ergo     ] Free: 5716M, Max: 4096K regular, 5716M humongous, Frag: 0% external, 0% internal; Reserve: 412M, Max: 4096K
[82.455s][info][gc,start    ] GC(93) Concurrent reset
[82.455s][info][gc,task     ] GC(93) Using 1 of 3 workers for concurrent reset
[82.455s][info][gc,ergo     ] GC(93) Pacer for Reset. Non-Taxable: 8192M
[82.455s][info][gc          ] GC(93) Concurrent reset 0.572ms
[82.455s][info][gc,start    ] GC(93) Pause Init Mark (unload classes)
[82.455s][info][gc,task     ] GC(93) Using 3 of 3 workers for init marking
[82.456s][info][gc,ergo     ] GC(93) Pacer for Mark. Expected Live: 10655K, Free: 5712M, Non-Taxable: 571M, Alloc Tax Rate: 0.0x
[82.456s][info][gc          ] GC(93) Pause Init Mark (unload classes) 0.144ms
[82.456s][info][gc,start    ] GC(93) Concurrent marking roots
[82.456s][info][gc,task     ] GC(93) Using 1 of 3 workers for concurrent marking roots
[82.456s][info][gc          ] GC(93) Concurrent marking roots 0.766ms
[82.456s][info][gc,start    ] GC(93) Concurrent marking (unload classes)
[82.456s][info][gc,task     ] GC(93) Using 1 of 3 workers for concurrent marking
[82.470s][info][gc          ] GC(93) Concurrent marking (unload classes) 13.312ms
[82.470s][info][gc,start    ] GC(93) Pause Final Mark (unload classes)
[82.470s][info][gc,task     ] GC(93) Using 3 of 3 workers for final marking
[82.470s][info][gc,ergo     ] GC(93) Collectable Garbage: 1960M (95%), Immediate: 1960M (95%), CSet: 0B (0%)
[82.470s][info][gc          ] GC(93) Pause Final Mark (unload classes) 0.334ms
[82.470s][info][gc,start    ] GC(93) Concurrent weak references
[82.470s][info][gc,task     ] GC(93) Using 1 of 3 workers for concurrent weak references
[82.470s][info][gc,ref      ] GC(93) Encountered references: Soft: 144, Weak: 702, Final: 0, Phantom: 27
[82.471s][info][gc,ref      ] GC(93) Discovered  references: Soft: 0, Weak: 150, Final: 0, Phantom: 12
[82.471s][info][gc,ref      ] GC(93) Enqueued    references: Soft: 0, Weak: 0, Final: 0, Phantom: 0
[82.471s][info][gc          ] GC(93) Concurrent weak references 0.202ms
[82.471s][info][gc,start    ] GC(93) Concurrent weak roots
[82.471s][info][gc,task     ] GC(93) Using 1 of 3 workers for concurrent weak root
[82.471s][info][gc          ] GC(93) Concurrent weak roots 0.716ms
[82.471s][info][gc,start    ] GC(93) Concurrent cleanup
[82.471s][info][gc          ] GC(93) Concurrent cleanup 2099M->139M(8192M) 0.046ms
[82.471s][info][gc,ergo     ] GC(93) Free: 7640M, Max: 4096K regular, 5680M humongous, Frag: 26% external, 0% internal; Reserve: 412M, Max: 4096K
[82.471s][info][gc,start    ] GC(93) Concurrent class unloading
[82.471s][info][gc,task     ] GC(93) Using 1 of 3 workers for concurrent class unloading
[82.474s][info][gc          ] GC(93) Concurrent class unloading 2.440ms
[82.474s][info][gc,start    ] GC(93) Pause Final Roots
[82.474s][info][gc          ] GC(93) Pause Final Roots 0.039ms
[82.474s][info][gc,ergo     ] Free: 7632M, Max: 4096K regular, 5680M humongous, Frag: 26% external, 0% internal; Reserve: 412M, Max: 4096K
[82.474s][info][gc,stats    ] 
[82.474s][info][gc,stats    ] All times are wall-clock times, except per-root-class counters, that are sum over
[82.474s][info][gc,stats    ] all workers. Dividing the <total> over the root stage time estimates parallelism.
[82.474s][info][gc,stats    ] 
[82.474s][info][gc,stats    ] Concurrent Reset                    621 us
[82.474s][info][gc,stats    ] Pause Init Mark (G)                 279 us
[82.474s][info][gc,stats    ] Pause Init Mark (N)                 152 us
[82.474s][info][gc,stats    ]   Update Region States               71 us
[82.474s][info][gc,stats    ] Concurrent Mark Roots               790 us, parallelism: 0.81x
[82.474s][info][gc,stats    ]   CMR: <total>                      640 us
[82.474s][info][gc,stats    ]   CMR: Thread Roots                 568 us, workers (us): 568, ---, ---, 
[82.474s][info][gc,stats    ]   CMR: VM Strong Roots                7 us, workers (us):   7, ---, ---, 
[82.474s][info][gc,stats    ]   CMR: CLDG Roots                    65 us, workers (us):  65, ---, ---, 
[82.474s][info][gc,stats    ] Concurrent Marking                13372 us
[82.474s][info][gc,stats    ] Pause Final Mark (G)                518 us
[82.474s][info][gc,stats    ] Pause Final Mark (N)                353 us
[82.474s][info][gc,stats    ]   Finish Mark                       146 us
[82.474s][info][gc,stats    ]   Update Region States               47 us
[82.474s][info][gc,stats    ]   Choose Collection Set              63 us
[82.474s][info][gc,stats    ]   Rebuild Free Set                   16 us
[82.474s][info][gc,stats    ] Concurrent Weak References          218 us, parallelism: 0.02x
[82.474s][info][gc,stats    ]   CWRF: <total>                       5 us
[82.474s][info][gc,stats    ]   CWRF: Weak References               5 us, workers (us):   5, ---, ---, 
[82.474s][info][gc,stats    ] Concurrent Weak Roots               735 us
[82.474s][info][gc,stats    ]   Roots                             601 us, parallelism: 0.88x
[82.475s][info][gc,stats    ]     CWR: <total>                    528 us
[82.475s][info][gc,stats    ]     CWR: Code Cache Roots           407 us, workers (us): 407, ---, ---, 
[82.475s][info][gc,stats    ]     CWR: VM Weak Roots              114 us, workers (us): 114, ---, ---, 
[82.475s][info][gc,stats    ]     CWR: CLDG Roots                   7 us, workers (us):   7, ---, ---, 
[82.475s][info][gc,stats    ]   Rendezvous                         83 us
[82.475s][info][gc,stats    ] Concurrent Cleanup                   54 us
[82.475s][info][gc,stats    ] Concurrent Class Unloading         2491 us
[82.475s][info][gc,stats    ]   Unlink Stale                     2118 us
[82.475s][info][gc,stats    ]     System Dictionary                 3 us
[82.475s][info][gc,stats    ]     Weak Class Links                  0 us
[82.475s][info][gc,stats    ]     Code Roots                     2114 us
[82.475s][info][gc,stats    ]   Rendezvous                        186 us
[82.475s][info][gc,stats    ]   Purge Unlinked                    118 us
[82.475s][info][gc,stats    ]     Code Roots                      109 us
[82.475s][info][gc,stats    ]     CLDG                              8 us
[82.475s][info][gc,stats    ]     Exception Caches                  0 us
[82.475s][info][gc,stats    ] Pause Final Roots (G)               179 us
[82.475s][info][gc,stats    ] Pause Final Roots (N)                62 us
[82.475s][info][gc,stats    ] 
[82.475s][info][gc,stats    ] Allocation pacing accrued:
[82.475s][info][gc,stats    ]       0 of   937 ms (  0.0%): <total>
[82.475s][info][gc,stats    ]       0 of   937 ms (  0.0%): <average total>
[82.475s][info][gc,stats    ] 
[82.475s][info][gc,metaspace] Metaspace: 8969K(9216K)->8969K(9216K) NonClass: 7797K(7936K)->7797K(7936K) Class: 1171K(1280K)->1171K(1280K)
[82.475s][info][gc,ergo     ] Pacer for Idle. Initial: 163M, Alloc Tax Rate: 1.0x
[83.349s][info][gc          ] Trigger: Learning 3 of 5. Free (5728M) is below initial threshold (5734M)
[83.349s][info][gc,ergo     ] Free: 5728M, Max: 4096K regular, 5680M humongous, Frag: 1% external, 0% internal; Reserve: 412M, Max: 4096K
[83.349s][info][gc,start    ] GC(94) Concurrent reset
[83.349s][info][gc,task     ] GC(94) Using 1 of 3 workers for concurrent reset
[83.349s][info][gc,ergo     ] GC(94) Pacer for Reset. Non-Taxable: 8192M
[83.350s][info][gc          ] GC(94) Concurrent reset 0.627ms
[83.350s][info][gc,start    ] GC(94) Pause Init Mark (unload classes)
[83.350s][info][gc,task     ] GC(94) Using 3 of 3 workers for init marking
[83.350s][info][gc,ergo     ] GC(94) Pacer for Mark. Expected Live: 11956K, Free: 5724M, Non-Taxable: 572M, Alloc Tax Rate: 0.0x
[83.350s][info][gc          ] GC(94) Pause Init Mark (unload classes) 0.162ms
[83.350s][info][gc,start    ] GC(94) Concurrent marking roots
[83.350s][info][gc,task     ] GC(94) Using 1 of 3 workers for concurrent marking roots
[83.351s][info][gc          ] GC(94) Concurrent marking roots 0.446ms
[83.351s][info][gc,start    ] GC(94) Concurrent marking (unload classes)
[83.351s][info][gc,task     ] GC(94) Using 1 of 3 workers for concurrent marking
[83.372s][info][gc          ] GC(94) Concurrent marking (unload classes) 21.009ms
[83.372s][info][gc,start    ] GC(94) Pause Final Mark (unload classes)
[83.372s][info][gc,task     ] GC(94) Using 3 of 3 workers for final marking
[83.372s][info][gc,ergo     ] GC(94) Collectable Garbage: 1923M (94%), Immediate: 1923M (94%), CSet: 0B (0%)
[83.372s][info][gc          ] GC(94) Pause Final Mark (unload classes) 0.344ms
[83.372s][info][gc,start    ] GC(94) Concurrent weak references
[83.372s][info][gc,task     ] GC(94) Using 1 of 3 workers for concurrent weak references
[83.372s][info][gc,ref      ] GC(94) Encountered references: Soft: 144, Weak: 702, Final: 0, Phantom: 27
[83.372s][info][gc,ref      ] GC(94) Discovered  references: Soft: 0, Weak: 150, Final: 0, Phantom: 25
[83.372s][info][gc,ref      ] GC(94) Enqueued    references: Soft: 0, Weak: 0, Final: 0, Phantom: 0
[83.372s][info][gc          ] GC(94) Concurrent weak references 0.191ms
[83.372s][info][gc,start    ] GC(94) Concurrent weak roots
[83.372s][info][gc,task     ] GC(94) Using 1 of 3 workers for concurrent weak root
[83.373s][info][gc          ] GC(94) Concurrent weak roots 0.569ms
[83.373s][info][gc,start    ] GC(94) Concurrent cleanup
[83.373s][info][gc          ] GC(94) Concurrent cleanup 2103M->179M(8192M) 0.042ms
[83.373s][info][gc,ergo     ] GC(94) Free: 7600M, Max: 4096K regular, 5676M humongous, Frag: 26% external, 0% internal; Reserve: 412M, Max: 4096K
[83.373s][info][gc,start    ] GC(94) Concurrent class unloading
[83.373s][info][gc,task     ] GC(94) Using 1 of 3 workers for concurrent class unloading
[83.375s][info][gc          ] GC(94) Concurrent class unloading 2.135ms
[83.375s][info][gc,start    ] GC(94) Pause Final Roots
[83.375s][info][gc          ] GC(94) Pause Final Roots 0.024ms
[83.375s][info][gc,ergo     ] Free: 7596M, Max: 4096K regular, 5676M humongous, Frag: 26% external, 0% internal; Reserve: 412M, Max: 4096K
[83.375s][info][gc,stats    ] 
[83.376s][info][gc,stats    ] All times are wall-clock times, except per-root-class counters, that are sum over
[83.376s][info][gc,stats    ] all workers. Dividing the <total> over the root stage time estimates parallelism.
[83.376s][info][gc,stats    ] 
[83.376s][info][gc,stats    ] Concurrent Reset                    686 us
[83.376s][info][gc,stats    ] Pause Init Mark (G)                 343 us
[83.376s][info][gc,stats    ] Pause Init Mark (N)                 178 us
[83.376s][info][gc,stats    ]   Update Region States               76 us
[83.376s][info][gc,stats    ] Concurrent Mark Roots               463 us, parallelism: 0.74x
[83.376s][info][gc,stats    ]   CMR: <total>                      342 us
[83.376s][info][gc,stats    ]   CMR: Thread Roots                 298 us, workers (us): 298, ---, ---, 
[83.376s][info][gc,stats    ]   CMR: VM Strong Roots                6 us, workers (us):   6, ---, ---, 
[83.376s][info][gc,stats    ]   CMR: CLDG Roots                    38 us, workers (us):  38, ---, ---, 
[83.376s][info][gc,stats    ] Concurrent Marking                21076 us
[83.376s][info][gc,stats    ] Pause Final Mark (G)                504 us
[83.376s][info][gc,stats    ] Pause Final Mark (N)                362 us
[83.376s][info][gc,stats    ]   Finish Mark                       107 us
[83.376s][info][gc,stats    ]   Update Region States               88 us
[83.376s][info][gc,stats    ]   Choose Collection Set              62 us
[83.376s][info][gc,stats    ]   Rebuild Free Set                   16 us
[83.376s][info][gc,stats    ] Concurrent Weak References          198 us, parallelism: 0.02x
[83.376s][info][gc,stats    ]   CWRF: <total>                       5 us
[83.376s][info][gc,stats    ]   CWRF: Weak References               5 us, workers (us):   5, ---, ---, 
[83.376s][info][gc,stats    ] Concurrent Weak Roots               587 us
[83.376s][info][gc,stats    ]   Roots                             469 us, parallelism: 0.88x
[83.376s][info][gc,stats    ]     CWR: <total>                    415 us
[83.376s][info][gc,stats    ]     CWR: Code Cache Roots           345 us, workers (us): 345, ---, ---, 
[83.376s][info][gc,stats    ]     CWR: VM Weak Roots               64 us, workers (us):  64, ---, ---, 
[83.376s][info][gc,stats    ]     CWR: CLDG Roots                   5 us, workers (us):   5, ---, ---, 
[83.376s][info][gc,stats    ]   Rendezvous                         82 us
[83.376s][info][gc,stats    ] Concurrent Cleanup                   50 us
[83.376s][info][gc,stats    ] Concurrent Class Unloading         2182 us
[83.376s][info][gc,stats    ]   Unlink Stale                     1968 us
[83.376s][info][gc,stats    ]     System Dictionary                 3 us
[83.376s][info][gc,stats    ]     Weak Class Links                  0 us
[83.376s][info][gc,stats    ]     Code Roots                     1964 us
[83.376s][info][gc,stats    ]   Rendezvous                         52 us
[83.376s][info][gc,stats    ]   Purge Unlinked                     98 us
[83.376s][info][gc,stats    ]     Code Roots                       89 us
[83.376s][info][gc,stats    ]     CLDG                              8 us
[83.376s][info][gc,stats    ]     Exception Caches                  0 us
[83.376s][info][gc,stats    ] Pause Final Roots (G)               131 us
[83.376s][info][gc,stats    ] Pause Final Roots (N)                32 us
[83.376s][info][gc,stats    ] 
[83.376s][info][gc,stats    ] Allocation pacing accrued:
[83.376s][info][gc,stats    ]       0 of   901 ms (  0.0%): <total>
[83.376s][info][gc,stats    ]       0 of   901 ms (  0.0%): <average total>
[83.376s][info][gc,stats    ] 
[83.376s][info][gc,metaspace] Metaspace: 8969K(9216K)->8969K(9216K) NonClass: 7797K(7936K)->7797K(7936K) Class: 1171K(1280K)->1171K(1280K)
[83.376s][info][gc,ergo     ] Pacer for Idle. Initial: 163M, Alloc Tax Rate: 1.0x
[84.275s][info][gc          ] Trigger: Learning 4 of 5. Free (5716M) is below initial threshold (5734M)
[84.275s][info][gc,ergo     ] Free: 5716M, Max: 4096K regular, 5676M humongous, Frag: 1% external, 0% internal; Reserve: 412M, Max: 4096K
[84.275s][info][gc,start    ] GC(95) Concurrent reset
[84.275s][info][gc,task     ] GC(95) Using 1 of 3 workers for concurrent reset
[84.275s][info][gc,ergo     ] GC(95) Pacer for Reset. Non-Taxable: 8192M
[84.276s][info][gc          ] GC(95) Concurrent reset 0.895ms
[84.276s][info][gc,start    ] GC(95) Pause Init Mark (unload classes)
[84.276s][info][gc,task     ] GC(95) Using 3 of 3 workers for init marking
[84.276s][info][gc,ergo     ] GC(95) Pacer for Mark. Expected Live: 13181K, Free: 5716M, Non-Taxable: 571M, Alloc Tax Rate: 0.0x
[84.276s][info][gc          ] GC(95) Pause Init Mark (unload classes) 0.217ms
[84.277s][info][gc,start    ] GC(95) Concurrent marking roots
[84.277s][info][gc,task     ] GC(95) Using 1 of 3 workers for concurrent marking roots
[84.277s][info][gc          ] GC(95) Concurrent marking roots 0.451ms
[84.277s][info][gc,start    ] GC(95) Concurrent marking (unload classes)
[84.277s][info][gc,task     ] GC(95) Using 1 of 3 workers for concurrent marking
[84.307s][info][gc          ] GC(95) Concurrent marking (unload classes) 29.759ms
[84.307s][info][gc,start    ] GC(95) Pause Final Mark (unload classes)
[84.307s][info][gc,task     ] GC(95) Using 3 of 3 workers for final marking
[84.307s][info][gc,ergo     ] GC(95) Collectable Garbage: 1948M (95%), Immediate: 1948M (95%), CSet: 0B (0%)
[84.307s][info][gc          ] GC(95) Pause Final Mark (unload classes) 0.346ms
[84.307s][info][gc,start    ] GC(95) Concurrent weak references
[84.307s][info][gc,task     ] GC(95) Using 1 of 3 workers for concurrent weak references
[84.307s][info][gc,ref      ] GC(95) Encountered references: Soft: 144, Weak: 702, Final: 0, Phantom: 27
[84.307s][info][gc,ref      ] GC(95) Discovered  references: Soft: 0, Weak: 150, Final: 0, Phantom: 12
[84.307s][info][gc,ref      ] GC(95) Enqueued    references: Soft: 0, Weak: 0, Final: 0, Phantom: 0
[84.307s][info][gc          ] GC(95) Concurrent weak references 0.120ms
[84.307s][info][gc,start    ] GC(95) Concurrent weak roots
[84.307s][info][gc,task     ] GC(95) Using 1 of 3 workers for concurrent weak root
[84.308s][info][gc          ] GC(95) Concurrent weak roots 0.585ms
[84.308s][info][gc,start    ] GC(95) Concurrent cleanup
[84.308s][info][gc          ] GC(95) Concurrent cleanup 2131M->183M(8192M) 0.047ms
[84.308s][info][gc,ergo     ] GC(95) Free: 7596M, Max: 4096K regular, 5648M humongous, Frag: 26% external, 0% internal; Reserve: 412M, Max: 4096K
[84.308s][info][gc,start    ] GC(95) Concurrent class unloading
[84.308s][info][gc,task     ] GC(95) Using 1 of 3 workers for concurrent class unloading
[84.310s][info][gc          ] GC(95) Concurrent class unloading 2.211ms
[84.310s][info][gc,start    ] GC(95) Pause Final Roots
[84.311s][info][gc          ] GC(95) Pause Final Roots 0.043ms
[84.311s][info][gc,ergo     ] Free: 7592M, Max: 4096K regular, 5648M humongous, Frag: 26% external, 0% internal; Reserve: 412M, Max: 4096K
[84.311s][info][gc,stats    ] 
[84.311s][info][gc,stats    ] All times are wall-clock times, except per-root-class counters, that are sum over
[84.311s][info][gc,stats    ] all workers. Dividing the <total> over the root stage time estimates parallelism.
[84.311s][info][gc,stats    ] 
[84.311s][info][gc,stats    ] Concurrent Reset                    963 us
[84.311s][info][gc,stats    ] Pause Init Mark (G)                 404 us
[84.311s][info][gc,stats    ] Pause Init Mark (N)                 235 us
[84.311s][info][gc,stats    ]   Update Region States               95 us
[84.311s][info][gc,stats    ] Concurrent Mark Roots               494 us, parallelism: 0.67x
[84.311s][info][gc,stats    ]   CMR: <total>                      328 us
[84.311s][info][gc,stats    ]   CMR: Thread Roots                 286 us, workers (us): 286, ---, ---, 
[84.311s][info][gc,stats    ]   CMR: VM Strong Roots                5 us, workers (us):   5, ---, ---, 
[84.311s][info][gc,stats    ]   CMR: CLDG Roots                    37 us, workers (us):  37, ---, ---, 
[84.311s][info][gc,stats    ] Concurrent Marking                29811 us
[84.311s][info][gc,stats    ] Pause Final Mark (G)                502 us
[84.311s][info][gc,stats    ] Pause Final Mark (N)                365 us
[84.311s][info][gc,stats    ]   Finish Mark                       103 us
[84.311s][info][gc,stats    ]   Update Region States               87 us
[84.311s][info][gc,stats    ]   Choose Collection Set              61 us
[84.311s][info][gc,stats    ]   Rebuild Free Set                   16 us
[84.311s][info][gc,stats    ] Concurrent Weak References          127 us, parallelism: 0.05x
[84.311s][info][gc,stats    ]   CWRF: <total>                       6 us
[84.311s][info][gc,stats    ]   CWRF: Weak References               6 us, workers (us):   6, ---, ---, 
[84.311s][info][gc,stats    ] Concurrent Weak Roots               607 us
[84.311s][info][gc,stats    ]   Roots                             486 us, parallelism: 0.88x
[84.311s][info][gc,stats    ]     CWR: <total>                    430 us
[84.311s][info][gc,stats    ]     CWR: Code Cache Roots           357 us, workers (us): 357, ---, ---, 
[84.311s][info][gc,stats    ]     CWR: VM Weak Roots               67 us, workers (us):  67, ---, ---, 
[84.311s][info][gc,stats    ]     CWR: CLDG Roots                   6 us, workers (us):   6, ---, ---, 
[84.311s][info][gc,stats    ]   Rendezvous                         84 us
[84.311s][info][gc,stats    ] Concurrent Cleanup                   55 us
[84.311s][info][gc,stats    ] Concurrent Class Unloading         2263 us
[84.311s][info][gc,stats    ]   Unlink Stale                     1994 us
[84.311s][info][gc,stats    ]     System Dictionary                 5 us
[84.311s][info][gc,stats    ]     Weak Class Links                  0 us
[84.311s][info][gc,stats    ]     Code Roots                     1986 us
[84.311s][info][gc,stats    ]   Rendezvous                         62 us
[84.311s][info][gc,stats    ]   Purge Unlinked                    137 us
[84.311s][info][gc,stats    ]     Code Roots                      131 us
[84.311s][info][gc,stats    ]     CLDG                              6 us
[84.311s][info][gc,stats    ]     Exception Caches                  0 us
[84.311s][info][gc,stats    ] Pause Final Roots (G)               171 us
[84.311s][info][gc,stats    ] Pause Final Roots (N)                61 us
[84.311s][info][gc,stats    ] 
[84.311s][info][gc,stats    ] Allocation pacing accrued:
[84.311s][info][gc,stats    ]       0 of   935 ms (  0.0%): <total>
[84.311s][info][gc,stats    ]       0 of   935 ms (  0.0%): <average total>
[84.311s][info][gc,stats    ] 
[84.311s][info][gc,metaspace] Metaspace: 8969K(9216K)->8969K(9216K) NonClass: 7797K(7936K)->7797K(7936K) Class: 1171K(1280K)->1171K(1280K)
[84.311s][info][gc,ergo     ] Pacer for Idle. Initial: 163M, Alloc Tax Rate: 1.0x
[85.013s][info][gc          ] Trigger: Explicit GC request (System.gc())
[85.013s][info][gc,ergo     ] Free: 6732M, Max: 4096K regular, 5648M humongous, Frag: 17% external, 0% internal; Reserve: 412M, Max: 4096K
[85.013s][info][gc,start    ] GC(96) Concurrent reset
[85.013s][info][gc,task     ] GC(96) Using 1 of 3 workers for concurrent reset
[85.013s][info][gc,ergo     ] GC(96) Pacer for Reset. Non-Taxable: 8192M
[85.013s][info][gc          ] GC(96) Concurrent reset 0.643ms
[85.014s][info][gc,start    ] GC(96) Pause Init Mark (unload classes)
[85.014s][info][gc,task     ] GC(96) Using 3 of 3 workers for init marking
[85.014s][info][gc,ref      ] GC(96) Clearing All SoftReferences
[85.014s][info][gc,ergo     ] GC(96) Pacer for Mark. Expected Live: 14464K, Free: 6732M, Non-Taxable: 673M, Alloc Tax Rate: 0.0x
[85.014s][info][gc          ] GC(96) Pause Init Mark (unload classes) 0.193ms
[85.014s][info][gc,start    ] GC(96) Concurrent marking roots
[85.014s][info][gc,task     ] GC(96) Using 1 of 3 workers for concurrent marking roots
[85.014s][info][gc          ] GC(96) Concurrent marking roots 0.466ms
[85.014s][info][gc,start    ] GC(96) Concurrent marking (unload classes)
[85.014s][info][gc,task     ] GC(96) Using 1 of 3 workers for concurrent marking
[85.018s][info][gc          ] GC(96) Concurrent marking (unload classes) 3.600ms
[85.018s][info][gc,start    ] GC(96) Pause Final Mark (unload classes)
[85.018s][info][gc,task     ] GC(96) Using 3 of 3 workers for final marking
[85.018s][info][gc,ergo     ] GC(96) Collectable Garbage: 979M (93%), Immediate: 979M (93%), CSet: 0B (0%)
[85.018s][info][gc          ] GC(96) Pause Final Mark (unload classes) 0.378ms
[85.019s][info][gc,start    ] GC(96) Concurrent weak references
[85.019s][info][gc,task     ] GC(96) Using 1 of 3 workers for concurrent weak references
[85.019s][info][gc,ref      ] GC(96) Encountered references: Soft: 144, Weak: 702, Final: 0, Phantom: 27
[85.019s][info][gc,ref      ] GC(96) Discovered  references: Soft: 89, Weak: 168, Final: 0, Phantom: 25
[85.019s][info][gc,ref      ] GC(96) Enqueued    references: Soft: 3, Weak: 0, Final: 0, Phantom: 0
[85.019s][info][gc          ] GC(96) Concurrent weak references 0.168ms
[85.019s][info][gc,start    ] GC(96) Concurrent weak roots
[85.019s][info][gc,task     ] GC(96) Using 1 of 3 workers for concurrent weak root
[85.019s][info][gc          ] GC(96) Concurrent weak roots 0.536ms
[85.019s][info][gc,start    ] GC(96) Concurrent cleanup
[85.019s][info][gc          ] GC(96) Concurrent cleanup 1047M->67M(8192M) 0.035ms
[85.019s][info][gc,ergo     ] GC(96) Free: 7712M, Max: 4096K regular, 6836M humongous, Frag: 12% external, 0% internal; Reserve: 412M, Max: 4096K
[85.019s][info][gc,start    ] GC(96) Concurrent class unloading
[85.019s][info][gc,task     ] GC(96) Using 1 of 3 workers for concurrent class unloading
[85.021s][info][gc          ] GC(96) Concurrent class unloading 2.057ms
[85.021s][info][gc,start    ] GC(96) Pause Final Roots
[85.021s][info][gc          ] GC(96) Pause Final Roots 0.021ms
[85.022s][info][gc,ergo     ] Free: 7712M, Max: 4096K regular, 6836M humongous, Frag: 12% external, 0% internal; Reserve: 412M, Max: 4096K
[85.022s][info][gc,stats    ] 
[85.022s][info][gc,stats    ] All times are wall-clock times, except per-root-class counters, that are sum over
[85.022s][info][gc,stats    ] all workers. Dividing the <total> over the root stage time estimates parallelism.
[85.022s][info][gc,stats    ] 
[85.022s][info][gc,stats    ] Concurrent Reset                    715 us
[85.022s][info][gc,stats    ] Pause Init Mark (G)                 312 us
[85.022s][info][gc,stats    ] Pause Init Mark (N)                 210 us
[85.022s][info][gc,stats    ]   Update Region States               76 us
[85.022s][info][gc,stats    ] Concurrent Mark Roots               493 us, parallelism: 0.71x
[85.022s][info][gc,stats    ]   CMR: <total>                      350 us
[85.022s][info][gc,stats    ]   CMR: Thread Roots                 308 us, workers (us): 308, ---, ---, 
[85.022s][info][gc,stats    ]   CMR: VM Strong Roots                6 us, workers (us):   6, ---, ---, 
[85.022s][info][gc,stats    ]   CMR: CLDG Roots                    36 us, workers (us):  36, ---, ---, 
[85.022s][info][gc,stats    ] Concurrent Marking                 3646 us
[85.022s][info][gc,stats    ] Pause Final Mark (G)                578 us
[85.022s][info][gc,stats    ] Pause Final Mark (N)                402 us
[85.022s][info][gc,stats    ]   Finish Mark                       128 us
[85.022s][info][gc,stats    ]   Update Region States               74 us
[85.022s][info][gc,stats    ]   Choose Collection Set              74 us
[85.022s][info][gc,stats    ]   Rebuild Free Set                   21 us
[85.022s][info][gc,stats    ] Concurrent Weak References          187 us, parallelism: 0.07x
[85.022s][info][gc,stats    ]   CWRF: <total>                      12 us
[85.022s][info][gc,stats    ]   CWRF: Weak References              12 us, workers (us):  12, ---, ---, 
[85.022s][info][gc,stats    ] Concurrent Weak Roots               555 us
[85.022s][info][gc,stats    ]   Roots                             416 us, parallelism: 0.87x
[85.022s][info][gc,stats    ]     CWR: <total>                    362 us
[85.022s][info][gc,stats    ]     CWR: Code Cache Roots           296 us, workers (us): 296, ---, ---, 
[85.022s][info][gc,stats    ]     CWR: VM Weak Roots               62 us, workers (us):  62, ---, ---, 
[85.022s][info][gc,stats    ]     CWR: CLDG Roots                   4 us, workers (us):   4, ---, ---, 
[85.022s][info][gc,stats    ]   Rendezvous                        104 us
[85.022s][info][gc,stats    ] Concurrent Cleanup                   43 us
[85.022s][info][gc,stats    ] Concurrent Class Unloading         2105 us
[85.022s][info][gc,stats    ]   Unlink Stale                     1781 us
[85.022s][info][gc,stats    ]     System Dictionary                 3 us
[85.022s][info][gc,stats    ]     Weak Class Links                  0 us
[85.022s][info][gc,stats    ]     Code Roots                     1777 us
[85.022s][info][gc,stats    ]   Rendezvous                        159 us
[85.022s][info][gc,stats    ]   Purge Unlinked                     99 us
[85.022s][info][gc,stats    ]     Code Roots                       90 us
[85.022s][info][gc,stats    ]     CLDG                              8 us
[85.022s][info][gc,stats    ]     Exception Caches                  0 us
[85.022s][info][gc,stats    ] Pause Final Roots (G)                97 us
[85.022s][info][gc,stats    ] Pause Final Roots (N)                29 us
[85.022s][info][gc,stats    ] 
[85.022s][info][gc,stats    ] Allocation pacing accrued:
[85.022s][info][gc,stats    ]       0 of   711 ms (  0.0%): <total>
[85.022s][info][gc,stats    ]       0 of   711 ms (  0.0%): <average total>
[85.022s][info][gc,stats    ] 
[85.022s][info][gc,metaspace] Metaspace: 8970K(9216K)->8970K(9216K) NonClass: 7798K(7936K)->7798K(7936K) Class: 1171K(1280K)->1171K(1280K)
[85.022s][info][gc,ergo     ] Pacer for Idle. Initial: 163M, Alloc Tax Rate: 1.0x
[85.938s][info][gc          ] Trigger: Learning 2 of 5. Free (5716M) is below initial threshold (5734M)
[85.939s][info][gc,ergo     ] Free: 5716M, Max: 4096K regular, 5716M humongous, Frag: 0% external, 0% internal; Reserve: 412M, Max: 4096K
[85.939s][info][gc,start    ] GC(97) Concurrent reset
[85.939s][info][gc,task     ] GC(97) Using 1 of 3 workers for concurrent reset
[85.939s][info][gc,ergo     ] GC(97) Pacer for Reset. Non-Taxable: 8192M
[85.939s][info][gc          ] GC(97) Concurrent reset 0.628ms
[85.939s][info][gc,start    ] GC(97) Pause Init Mark (unload classes)
[85.939s][info][gc,task     ] GC(97) Using 3 of 3 workers for init marking
[85.940s][info][gc,ergo     ] GC(97) Pacer for Mark. Expected Live: 10698K, Free: 5716M, Non-Taxable: 571M, Alloc Tax Rate: 0.0x
[85.940s][info][gc          ] GC(97) Pause Init Mark (unload classes) 0.232ms
[85.940s][info][gc,start    ] GC(97) Concurrent marking roots
[85.940s][info][gc,task     ] GC(97) Using 1 of 3 workers for concurrent marking roots
[85.940s][info][gc          ] GC(97) Concurrent marking roots 0.417ms
[85.940s][info][gc,start    ] GC(97) Concurrent marking (unload classes)
[85.940s][info][gc,task     ] GC(97) Using 1 of 3 workers for concurrent marking
[85.953s][info][gc          ] GC(97) Concurrent marking (unload classes) 13.287ms
[85.954s][info][gc,start    ] GC(97) Pause Final Mark (unload classes)
[85.954s][info][gc,task     ] GC(97) Using 3 of 3 workers for final marking
[85.954s][info][gc,ergo     ] GC(97) Collectable Garbage: 1960M (95%), Immediate: 1960M (95%), CSet: 0B (0%)
[85.954s][info][gc          ] GC(97) Pause Final Mark (unload classes) 0.340ms
[85.954s][info][gc,start    ] GC(97) Concurrent weak references
[85.954s][info][gc,task     ] GC(97) Using 1 of 3 workers for concurrent weak references
[85.954s][info][gc,ref      ] GC(97) Encountered references: Soft: 144, Weak: 702, Final: 0, Phantom: 27
[85.954s][info][gc,ref      ] GC(97) Discovered  references: Soft: 0, Weak: 150, Final: 0, Phantom: 12
[85.954s][info][gc,ref      ] GC(97) Enqueued    references: Soft: 0, Weak: 0, Final: 0, Phantom: 0
[85.954s][info][gc          ] GC(97) Concurrent weak references 0.173ms
[85.954s][info][gc,start    ] GC(97) Concurrent weak roots
[85.954s][info][gc,task     ] GC(97) Using 1 of 3 workers for concurrent weak root
[85.955s][info][gc          ] GC(97) Concurrent weak roots 0.618ms
[85.955s][info][gc,start    ] GC(97) Concurrent cleanup
[85.955s][info][gc          ] GC(97) Concurrent cleanup 2095M->135M(8192M) 0.045ms
[85.955s][info][gc,ergo     ] GC(97) Free: 7644M, Max: 4096K regular, 5684M humongous, Frag: 26% external, 0% internal; Reserve: 412M, Max: 4096K
[85.955s][info][gc,start    ] GC(97) Concurrent class unloading
[85.955s][info][gc,task     ] GC(97) Using 1 of 3 workers for concurrent class unloading
[85.957s][info][gc          ] GC(97) Concurrent class unloading 2.022ms
[85.957s][info][gc,start    ] GC(97) Pause Final Roots
[85.957s][info][gc          ] GC(97) Pause Final Roots 0.039ms
[85.957s][info][gc,ergo     ] Free: 7640M, Max: 4096K regular, 5684M humongous, Frag: 26% external, 0% internal; Reserve: 412M, Max: 4096K
[85.957s][info][gc,stats    ] 
[85.957s][info][gc,stats    ] All times are wall-clock times, except per-root-class counters, that are sum over
[85.957s][info][gc,stats    ] all workers. Dividing the <total> over the root stage time estimates parallelism.
[85.957s][info][gc,stats    ] 
[85.957s][info][gc,stats    ] Concurrent Reset                    692 us
[85.957s][info][gc,stats    ] Pause Init Mark (G)                 425 us
[85.957s][info][gc,stats    ] Pause Init Mark (N)                 251 us
[85.957s][info][gc,stats    ]   Update Region States              101 us
[85.957s][info][gc,stats    ] Concurrent Mark Roots               434 us, parallelism: 0.76x
[85.957s][info][gc,stats    ]   CMR: <total>                      331 us
[85.957s][info][gc,stats    ]   CMR: Thread Roots                 293 us, workers (us): 293, ---, ---, 
[85.957s][info][gc,stats    ]   CMR: VM Strong Roots                5 us, workers (us):   5, ---, ---, 
[85.957s][info][gc,stats    ]   CMR: CLDG Roots                    33 us, workers (us):  33, ---, ---, 
[85.957s][info][gc,stats    ] Concurrent Marking                13347 us
[85.957s][info][gc,stats    ] Pause Final Mark (G)                523 us
[85.957s][info][gc,stats    ] Pause Final Mark (N)                360 us
[85.957s][info][gc,stats    ]   Finish Mark                       120 us
[85.958s][info][gc,stats    ]   Update Region States               82 us
[85.958s][info][gc,stats    ]   Choose Collection Set              59 us
[85.958s][info][gc,stats    ]   Rebuild Free Set                   16 us
[85.958s][info][gc,stats    ] Concurrent Weak References          181 us, parallelism: 0.04x
[85.958s][info][gc,stats    ]   CWRF: <total>                       8 us
[85.958s][info][gc,stats    ]   CWRF: Weak References               8 us, workers (us):   8, ---, ---, 
[85.958s][info][gc,stats    ] Concurrent Weak Roots               637 us
[85.958s][info][gc,stats    ]   Roots                             519 us, parallelism: 0.87x
[85.958s][info][gc,stats    ]     CWR: <total>                    450 us
[85.958s][info][gc,stats    ]     CWR: Code Cache Roots           333 us, workers (us): 333, ---, ---, 
[85.958s][info][gc,stats    ]     CWR: VM Weak Roots              111 us, workers (us): 111, ---, ---, 
[85.958s][info][gc,stats    ]     CWR: CLDG Roots                   6 us, workers (us):   6, ---, ---, 
[85.958s][info][gc,stats    ]   Rendezvous                         84 us
[85.958s][info][gc,stats    ] Concurrent Cleanup                   53 us
[85.958s][info][gc,stats    ] Concurrent Class Unloading         2072 us
[85.958s][info][gc,stats    ]   Unlink Stale                     1701 us
[85.958s][info][gc,stats    ]     System Dictionary                 3 us
[85.958s][info][gc,stats    ]     Weak Class Links                  1 us
[85.958s][info][gc,stats    ]     Code Roots                     1696 us
[85.958s][info][gc,stats    ]   Rendezvous                        150 us
[85.958s][info][gc,stats    ]   Purge Unlinked                    152 us
[85.958s][info][gc,stats    ]     Code Roots                      143 us
[85.958s][info][gc,stats    ]     CLDG                              9 us
[85.958s][info][gc,stats    ]     Exception Caches                  0 us
[85.958s][info][gc,stats    ] Pause Final Roots (G)               201 us
[85.958s][info][gc,stats    ] Pause Final Roots (N)                57 us
[85.958s][info][gc,stats    ] 
[85.958s][info][gc,stats    ] Allocation pacing accrued:
[85.958s][info][gc,stats    ]       0 of   936 ms (  0.0%): <total>
[85.958s][info][gc,stats    ]       0 of   936 ms (  0.0%): <average total>
[85.958s][info][gc,stats    ] 
[85.958s][info][gc,metaspace] Metaspace: 8970K(9216K)->8970K(9216K) NonClass: 7798K(7936K)->7798K(7936K) Class: 1171K(1280K)->1171K(1280K)
[85.958s][info][gc,ergo     ] Pacer for Idle. Initial: 163M, Alloc Tax Rate: 1.0x
[86.849s][info][gc          ] Trigger: Learning 3 of 5. Free (5716M) is below initial threshold (5734M)
[86.849s][info][gc,ergo     ] Free: 5716M, Max: 4096K regular, 5684M humongous, Frag: 1% external, 0% internal; Reserve: 412M, Max: 4096K
[86.849s][info][gc,start    ] GC(98) Concurrent reset
[86.849s][info][gc,task     ] GC(98) Using 1 of 3 workers for concurrent reset
[86.849s][info][gc,ergo     ] GC(98) Pacer for Reset. Non-Taxable: 8192M
[86.850s][info][gc          ] GC(98) Concurrent reset 0.593ms
[86.850s][info][gc,start    ] GC(98) Pause Init Mark (unload classes)
[86.850s][info][gc,task     ] GC(98) Using 3 of 3 workers for init marking
[86.850s][info][gc,ergo     ] GC(98) Pacer for Mark. Expected Live: 11995K, Free: 5712M, Non-Taxable: 571M, Alloc Tax Rate: 0.0x
[86.850s][info][gc          ] GC(98) Pause Init Mark (unload classes) 0.198ms
[86.850s][info][gc,start    ] GC(98) Concurrent marking roots
[86.850s][info][gc,task     ] GC(98) Using 1 of 3 workers for concurrent marking roots
[86.851s][info][gc          ] GC(98) Concurrent marking roots 0.430ms
[86.851s][info][gc,start    ] GC(98) Concurrent marking (unload classes)
[86.851s][info][gc,task     ] GC(98) Using 1 of 3 workers for concurrent marking
[86.872s][info][gc          ] GC(98) Concurrent marking (unload classes) 20.973ms
[86.872s][info][gc,start    ] GC(98) Pause Final Mark (unload classes)
[86.872s][info][gc,task     ] GC(98) Using 3 of 3 workers for final marking
[86.872s][info][gc,ergo     ] GC(98) Collectable Garbage: 1924M (93%), Immediate: 1924M (93%), CSet: 0B (0%)
[86.872s][info][gc          ] GC(98) Pause Final Mark (unload classes) 0.340ms
[86.872s][info][gc,start    ] GC(98) Concurrent weak references
[86.872s][info][gc,task     ] GC(98) Using 1 of 3 workers for concurrent weak references
[86.872s][info][gc,ref      ] GC(98) Encountered references: Soft: 144, Weak: 702, Final: 0, Phantom: 27
[86.872s][info][gc,ref      ] GC(98) Discovered  references: Soft: 0, Weak: 150, Final: 0, Phantom: 12
[86.872s][info][gc,ref      ] GC(98) Enqueued    references: Soft: 0, Weak: 0, Final: 0, Phantom: 0
[86.872s][info][gc          ] GC(98) Concurrent weak references 0.170ms
[86.872s][info][gc,start    ] GC(98) Concurrent weak roots
[86.872s][info][gc,task     ] GC(98) Using 1 of 3 workers for concurrent weak root
[86.873s][info][gc          ] GC(98) Concurrent weak roots 0.531ms
[86.873s][info][gc,start    ] GC(98) Concurrent cleanup
[86.873s][info][gc          ] GC(98) Concurrent cleanup 2115M->191M(8192M) 0.041ms
[86.873s][info][gc,ergo     ] GC(98) Free: 7588M, Max: 4096K regular, 5664M humongous, Frag: 26% external, 0% internal; Reserve: 412M, Max: 4096K
[86.873s][info][gc,start    ] GC(98) Concurrent class unloading
[86.873s][info][gc,task     ] GC(98) Using 1 of 3 workers for concurrent class unloading
[86.875s][info][gc          ] GC(98) Concurrent class unloading 1.916ms
[86.875s][info][gc,start    ] GC(98) Pause Final Roots
[86.875s][info][gc          ] GC(98) Pause Final Roots 0.034ms
[86.875s][info][gc,ergo     ] Free: 7588M, Max: 4096K regular, 5664M humongous, Frag: 26% external, 0% internal; Reserve: 412M, Max: 4096K
[86.875s][info][gc,stats    ] 
[86.875s][info][gc,stats    ] All times are wall-clock times, except per-root-class counters, that are sum over
[86.875s][info][gc,stats    ] all workers. Dividing the <total> over the root stage time estimates parallelism.
[86.875s][info][gc,stats    ] 
[86.875s][info][gc,stats    ] Concurrent Reset                    659 us
[86.875s][info][gc,stats    ] Pause Init Mark (G)                 417 us
[86.875s][info][gc,stats    ] Pause Init Mark (N)                 219 us
[86.875s][info][gc,stats    ]   Update Region States               85 us
[86.875s][info][gc,stats    ] Concurrent Mark Roots               449 us, parallelism: 0.74x
[86.875s][info][gc,stats    ]   CMR: <total>                      334 us
[86.875s][info][gc,stats    ]   CMR: Thread Roots                 294 us, workers (us): 294, ---, ---, 
[86.875s][info][gc,stats    ]   CMR: VM Strong Roots                6 us, workers (us):   6, ---, ---, 
[86.875s][info][gc,stats    ]   CMR: CLDG Roots                    34 us, workers (us):  34, ---, ---, 
[86.875s][info][gc,stats    ] Concurrent Marking                21036 us
[86.875s][info][gc,stats    ] Pause Final Mark (G)                506 us
[86.875s][info][gc,stats    ] Pause Final Mark (N)                360 us
[86.875s][info][gc,stats    ]   Finish Mark                       102 us
[86.875s][info][gc,stats    ]   Update Region States               88 us
[86.875s][info][gc,stats    ]   Choose Collection Set              61 us
[86.875s][info][gc,stats    ]   Rebuild Free Set                   17 us
[86.875s][info][gc,stats    ] Concurrent Weak References          178 us, parallelism: 0.04x
[86.875s][info][gc,stats    ]   CWRF: <total>                       7 us
[86.875s][info][gc,stats    ]   CWRF: Weak References               7 us, workers (us):   7, ---, ---, 
[86.875s][info][gc,stats    ] Concurrent Weak Roots               550 us
[86.875s][info][gc,stats    ]   Roots                             426 us, parallelism: 0.88x
[86.875s][info][gc,stats    ]     CWR: <total>                    377 us
[86.875s][info][gc,stats    ]     CWR: Code Cache Roots           310 us, workers (us): 310, ---, ---, 
[86.875s][info][gc,stats    ]     CWR: VM Weak Roots               62 us, workers (us):  62, ---, ---, 
[86.875s][info][gc,stats    ]     CWR: CLDG Roots                   5 us, workers (us):   5, ---, ---, 
[86.875s][info][gc,stats    ]   Rendezvous                         89 us
[86.875s][info][gc,stats    ] Concurrent Cleanup                   49 us
[86.875s][info][gc,stats    ] Concurrent Class Unloading         1965 us
[86.876s][info][gc,stats    ]   Unlink Stale                     1651 us
[86.876s][info][gc,stats    ]     System Dictionary                 3 us
[86.876s][info][gc,stats    ]     Weak Class Links                  0 us
[86.876s][info][gc,stats    ]     Code Roots                     1648 us
[86.876s][info][gc,stats    ]   Rendezvous                        133 us
[86.876s][info][gc,stats    ]   Purge Unlinked                    113 us
[86.876s][info][gc,stats    ]     Code Roots                      104 us
[86.876s][info][gc,stats    ]     CLDG                              8 us
[86.876s][info][gc,stats    ]     Exception Caches                  0 us
[86.876s][info][gc,stats    ] Pause Final Roots (G)               158 us
[86.876s][info][gc,stats    ] Pause Final Roots (N)                43 us
[86.876s][info][gc,stats    ] 
[86.876s][info][gc,stats    ] Allocation pacing accrued:
[86.876s][info][gc,stats    ]       0 of   918 ms (  0.0%): <total>
[86.876s][info][gc,stats    ]       0 of   918 ms (  0.0%): <average total>
[86.876s][info][gc,stats    ] 
[86.876s][info][gc,metaspace] Metaspace: 8970K(9216K)->8970K(9216K) NonClass: 7798K(7936K)->7798K(7936K) Class: 1171K(1280K)->1171K(1280K)
[86.876s][info][gc,ergo     ] Pacer for Idle. Initial: 163M, Alloc Tax Rate: 1.0x
[87.760s][info][gc          ] Trigger: Learning 4 of 5. Free (5732M) is below initial threshold (5734M)
[87.760s][info][gc,ergo     ] Free: 5732M, Max: 4096K regular, 5664M humongous, Frag: 2% external, 0% internal; Reserve: 412M, Max: 4096K
[87.760s][info][gc,start    ] GC(99) Concurrent reset
[87.760s][info][gc,task     ] GC(99) Using 1 of 3 workers for concurrent reset
[87.760s][info][gc,ergo     ] GC(99) Pacer for Reset. Non-Taxable: 8192M
[87.761s][info][gc          ] GC(99) Concurrent reset 0.878ms
[87.761s][info][gc,start    ] GC(99) Pause Init Mark (unload classes)
[87.761s][info][gc,task     ] GC(99) Using 3 of 3 workers for init marking
[87.761s][info][gc,ergo     ] GC(99) Pacer for Mark. Expected Live: 13218K, Free: 5728M, Non-Taxable: 572M, Alloc Tax Rate: 0.0x
[87.761s][info][gc          ] GC(99) Pause Init Mark (unload classes) 0.181ms
[87.761s][info][gc,start    ] GC(99) Concurrent marking roots
[87.761s][info][gc,task     ] GC(99) Using 1 of 3 workers for concurrent marking roots
[87.761s][info][gc          ] GC(99) Concurrent marking roots 0.441ms
[87.761s][info][gc,start    ] GC(99) Concurrent marking (unload classes)
[87.761s][info][gc,task     ] GC(99) Using 1 of 3 workers for concurrent marking
[87.791s][info][gc          ] GC(99) Concurrent marking (unload classes) 29.852ms
[87.791s][info][gc,start    ] GC(99) Pause Final Mark (unload classes)
[87.791s][info][gc,task     ] GC(99) Using 3 of 3 workers for final marking
[87.792s][info][gc,ergo     ] GC(99) Collectable Garbage: 1907M (93%), Immediate: 1907M (93%), CSet: 0B (0%)
[87.792s][info][gc          ] GC(99) Pause Final Mark (unload classes) 0.320ms
[87.792s][info][gc,start    ] GC(99) Concurrent weak references
[87.792s][info][gc,task     ] GC(99) Using 1 of 3 workers for concurrent weak references
[87.792s][info][gc,ref      ] GC(99) Encountered references: Soft: 144, Weak: 702, Final: 0, Phantom: 27
[87.792s][info][gc,ref      ] GC(99) Discovered  references: Soft: 0, Weak: 150, Final: 0, Phantom: 12
[87.792s][info][gc,ref      ] GC(99) Enqueued    references: Soft: 0, Weak: 0, Final: 0, Phantom: 0
[87.792s][info][gc          ] GC(99) Concurrent weak references 0.195ms
[87.792s][info][gc,start    ] GC(99) Concurrent weak roots
[87.792s][info][gc,task     ] GC(99) Using 1 of 3 workers for concurrent weak root
[87.793s][info][gc          ] GC(99) Concurrent weak roots 0.562ms
[87.793s][info][gc,start    ] GC(99) Concurrent cleanup
[87.793s][info][gc          ] GC(99) Concurrent cleanup 2107M->199M(8192M) 0.042ms
[87.793s][info][gc,ergo     ] GC(99) Free: 7580M, Max: 4096K regular, 5696M humongous, Frag: 25% external, 0% internal; Reserve: 412M, Max: 4096K
[87.793s][info][gc,start    ] GC(99) Concurrent class unloading
[87.793s][info][gc,task     ] GC(99) Using 1 of 3 workers for concurrent class unloading
[87.795s][info][gc          ] GC(99) Concurrent class unloading 2.326ms
[87.795s][info][gc,start    ] GC(99) Pause Final Roots
[87.795s][info][gc          ] GC(99) Pause Final Roots 0.040ms
[87.795s][info][gc,ergo     ] Free: 7576M, Max: 4096K regular, 5696M humongous, Frag: 25% external, 0% internal; Reserve: 412M, Max: 4096K
[87.795s][info][gc,stats    ] 
[87.795s][info][gc,stats    ] All times are wall-clock times, except per-root-class counters, that are sum over
[87.795s][info][gc,stats    ] all workers. Dividing the <total> over the root stage time estimates parallelism.
[87.795s][info][gc,stats    ] 
[87.795s][info][gc,stats    ] Concurrent Reset                    947 us
[87.795s][info][gc,stats    ] Pause Init Mark (G)                 360 us
[87.795s][info][gc,stats    ] Pause Init Mark (N)                 198 us
[87.795s][info][gc,stats    ]   Update Region States               77 us
[87.795s][info][gc,stats    ] Concurrent Mark Roots               467 us, parallelism: 0.74x
[87.796s][info][gc,stats    ]   CMR: <total>                      347 us
[87.796s][info][gc,stats    ]   CMR: Thread Roots                 306 us, workers (us): 306, ---, ---, 
[87.796s][info][gc,stats    ]   CMR: VM Strong Roots                5 us, workers (us):   5, ---, ---, 
[87.796s][info][gc,stats    ]   CMR: CLDG Roots                    35 us, workers (us):  35, ---, ---, 
[87.796s][info][gc,stats    ] Concurrent Marking                29916 us
[87.796s][info][gc,stats    ] Pause Final Mark (G)                487 us
[87.796s][info][gc,stats    ] Pause Final Mark (N)                339 us
[87.796s][info][gc,stats    ]   Finish Mark                       100 us
[87.796s][info][gc,stats    ]   Update Region States               64 us
[87.796s][info][gc,stats    ]   Choose Collection Set              62 us
[87.796s][info][gc,stats    ]   Rebuild Free Set                   17 us
[87.796s][info][gc,stats    ] Concurrent Weak References          205 us, parallelism: 0.04x
[87.796s][info][gc,stats    ]   CWRF: <total>                       8 us
[87.796s][info][gc,stats    ]   CWRF: Weak References               8 us, workers (us):   8, ---, ---, 
[87.796s][info][gc,stats    ] Concurrent Weak Roots               581 us
[87.796s][info][gc,stats    ]   Roots                             464 us, parallelism: 0.89x
[87.796s][info][gc,stats    ]     CWR: <total>                    411 us
[87.796s][info][gc,stats    ]     CWR: Code Cache Roots           342 us, workers (us): 342, ---, ---, 
[87.796s][info][gc,stats    ]     CWR: VM Weak Roots               63 us, workers (us):  63, ---, ---, 
[87.796s][info][gc,stats    ]     CWR: CLDG Roots                   6 us, workers (us):   6, ---, ---, 
[87.796s][info][gc,stats    ]   Rendezvous                         83 us
[87.796s][info][gc,stats    ] Concurrent Cleanup                   50 us
[87.796s][info][gc,stats    ] Concurrent Class Unloading         2387 us
[87.796s][info][gc,stats    ]   Unlink Stale                     2053 us
[87.796s][info][gc,stats    ]     System Dictionary                 3 us
[87.796s][info][gc,stats    ]     Weak Class Links                  0 us
[87.796s][info][gc,stats    ]     Code Roots                     2049 us
[87.796s][info][gc,stats    ]   Rendezvous                         59 us
[87.796s][info][gc,stats    ]   Purge Unlinked                    194 us
[87.796s][info][gc,stats    ]     Code Roots                      183 us
[87.796s][info][gc,stats    ]     CLDG                             11 us
[87.796s][info][gc,stats    ]     Exception Caches                  0 us
[87.796s][info][gc,stats    ] Pause Final Roots (G)               184 us
[87.796s][info][gc,stats    ] Pause Final Roots (N)                58 us
[87.796s][info][gc,stats    ] 
[87.796s][info][gc,stats    ] Allocation pacing accrued:
[87.796s][info][gc,stats    ]       0 of   920 ms (  0.0%): <total>
[87.796s][info][gc,stats    ]       0 of   920 ms (  0.0%): <average total>
[87.796s][info][gc,stats    ] 
[87.796s][info][gc,metaspace] Metaspace: 8970K(9216K)->8970K(9216K) NonClass: 7798K(7936K)->7798K(7936K) Class: 1171K(1280K)->1171K(1280K)
[87.796s][info][gc,ergo     ] Pacer for Idle. Initial: 163M, Alloc Tax Rate: 1.0x
[88.497s][info][gc          ] Trigger: Explicit GC request (System.gc())
[88.497s][info][gc,ergo     ] Free: 6692M, Max: 4096K regular, 5696M humongous, Frag: 15% external, 0% internal; Reserve: 412M, Max: 4096K
[88.497s][info][gc,start    ] GC(100) Concurrent reset
[88.497s][info][gc,task     ] GC(100) Using 1 of 3 workers for concurrent reset
[88.497s][info][gc,ergo     ] GC(100) Pacer for Reset. Non-Taxable: 8192M
[88.498s][info][gc          ] GC(100) Concurrent reset 0.999ms
[88.498s][info][gc,start    ] GC(100) Pause Init Mark (unload classes)
[88.498s][info][gc,task     ] GC(100) Using 3 of 3 workers for init marking
[88.499s][info][gc,ref      ] GC(100) Clearing All SoftReferences
[88.499s][info][gc,ergo     ] GC(100) Pacer for Mark. Expected Live: 14471K, Free: 6692M, Non-Taxable: 669M, Alloc Tax Rate: 0.0x
[88.499s][info][gc          ] GC(100) Pause Init Mark (unload classes) 0.170ms
[88.499s][info][gc,start    ] GC(100) Concurrent marking roots
[88.499s][info][gc,task     ] GC(100) Using 1 of 3 workers for concurrent marking roots
[88.499s][info][gc          ] GC(100) Concurrent marking roots 0.760ms
[88.499s][info][gc,start    ] GC(100) Concurrent marking (unload classes)
[88.499s][info][gc,task     ] GC(100) Using 1 of 3 workers for concurrent marking
[88.503s][info][gc          ] GC(100) Concurrent marking (unload classes) 3.430ms
[88.503s][info][gc,start    ] GC(100) Pause Final Mark (unload classes)
[88.503s][info][gc,task     ] GC(100) Using 3 of 3 workers for final marking
[88.503s][info][gc,ergo     ] GC(100) Collectable Garbage: 1019M (94%), Immediate: 1019M (94%), CSet: 0B (0%)
[88.503s][info][gc          ] GC(100) Pause Final Mark (unload classes) 0.294ms
[88.503s][info][gc,start    ] GC(100) Concurrent weak references
[88.503s][info][gc,task     ] GC(100) Using 1 of 3 workers for concurrent weak references
[88.503s][info][gc,ref      ] GC(100) Encountered references: Soft: 144, Weak: 702, Final: 0, Phantom: 27
[88.503s][info][gc,ref      ] GC(100) Discovered  references: Soft: 89, Weak: 168, Final: 0, Phantom: 25
[88.504s][info][gc,ref      ] GC(100) Enqueued    references: Soft: 3, Weak: 0, Final: 0, Phantom: 0
[88.504s][info][gc          ] GC(100) Concurrent weak references 0.190ms
[88.504s][info][gc,start    ] GC(100) Concurrent weak roots
[88.504s][info][gc,task     ] GC(100) Using 1 of 3 workers for concurrent weak root
[88.504s][info][gc          ] GC(100) Concurrent weak roots 0.635ms
[88.504s][info][gc,start    ] GC(100) Concurrent cleanup
[88.504s][info][gc          ] GC(100) Concurrent cleanup 1087M->67M(8192M) 0.036ms
[88.504s][info][gc,ergo     ] GC(100) Free: 7712M, Max: 4096K regular, 6812M humongous, Frag: 12% external, 0% internal; Reserve: 412M, Max: 4096K
[88.504s][info][gc,start    ] GC(100) Concurrent class unloading
[88.504s][info][gc,task     ] GC(100) Using 1 of 3 workers for concurrent class unloading
[88.506s][info][gc          ] GC(100) Concurrent class unloading 1.944ms
[88.506s][info][gc,start    ] GC(100) Pause Final Roots
[88.506s][info][gc          ] GC(100) Pause Final Roots 0.020ms
[88.506s][info][gc,ergo     ] Free: 7712M, Max: 4096K regular, 6812M humongous, Frag: 12% external, 0% internal; Reserve: 412M, Max: 4096K
[88.506s][info][gc,stats    ] 
[88.506s][info][gc,stats    ] All times are wall-clock times, except per-root-class counters, that are sum over
[88.506s][info][gc,stats    ] all workers. Dividing the <total> over the root stage time estimates parallelism.
[88.506s][info][gc,stats    ] 
[88.506s][info][gc,stats    ] Concurrent Reset                   1071 us
[88.506s][info][gc,stats    ] Pause Init Mark (G)                 275 us
[88.506s][info][gc,stats    ] Pause Init Mark (N)                 187 us
[88.506s][info][gc,stats    ]   Update Region States               68 us
[88.506s][info][gc,stats    ] Concurrent Mark Roots               796 us, parallelism: 0.79x
[88.506s][info][gc,stats    ]   CMR: <total>                      631 us
[88.506s][info][gc,stats    ]   CMR: Thread Roots                 561 us, workers (us): 561, ---, ---, 
[88.506s][info][gc,stats    ]   CMR: VM Strong Roots                7 us, workers (us):   7, ---, ---, 
[88.506s][info][gc,stats    ]   CMR: CLDG Roots                    64 us, workers (us):  64, ---, ---, 
[88.506s][info][gc,stats    ] Concurrent Marking                 3483 us
[88.507s][info][gc,stats    ] Pause Final Mark (G)                429 us
[88.507s][info][gc,stats    ] Pause Final Mark (N)                316 us
[88.507s][info][gc,stats    ]   Finish Mark                        92 us
[88.507s][info][gc,stats    ]   Update Region States               48 us
[88.507s][info][gc,stats    ]   Choose Collection Set              54 us
[88.507s][info][gc,stats    ]   Rebuild Free Set                   22 us
[88.507s][info][gc,stats    ] Concurrent Weak References          201 us, parallelism: 0.04x
[88.507s][info][gc,stats    ]   CWRF: <total>                       9 us
[88.507s][info][gc,stats    ]   CWRF: Weak References               9 us, workers (us):   9, ---, ---, 
[88.507s][info][gc,stats    ] Concurrent Weak Roots               655 us
[88.507s][info][gc,stats    ]   Roots                             522 us, parallelism: 0.92x
[88.507s][info][gc,stats    ]     CWR: <total>                    478 us
[88.507s][info][gc,stats    ]     CWR: Code Cache Roots           363 us, workers (us): 363, ---, ---, 
[88.507s][info][gc,stats    ]     CWR: VM Weak Roots              111 us, workers (us): 111, ---, ---, 
[88.507s][info][gc,stats    ]     CWR: CLDG Roots                   5 us, workers (us):   5, ---, ---, 
[88.507s][info][gc,stats    ]   Rendezvous                         98 us
[88.507s][info][gc,stats    ] Concurrent Cleanup                   44 us
[88.507s][info][gc,stats    ] Concurrent Class Unloading         1978 us
[88.507s][info][gc,stats    ]   Unlink Stale                     1662 us
[88.507s][info][gc,stats    ]     System Dictionary                 3 us
[88.507s][info][gc,stats    ]     Weak Class Links                  0 us
[88.507s][info][gc,stats    ]     Code Roots                     1659 us
[88.507s][info][gc,stats    ]   Rendezvous                        121 us
[88.507s][info][gc,stats    ]   Purge Unlinked                    145 us
[88.507s][info][gc,stats    ]     Code Roots                      140 us
[88.507s][info][gc,stats    ]     CLDG                              4 us
[88.507s][info][gc,stats    ]     Exception Caches                  0 us
[88.507s][info][gc,stats    ] Pause Final Roots (G)                76 us
[88.507s][info][gc,stats    ] Pause Final Roots (N)                28 us
[88.507s][info][gc,stats    ] 
[88.507s][info][gc,stats    ] Allocation pacing accrued:
[88.507s][info][gc,stats    ]       0 of   711 ms (  0.0%): <total>
[88.507s][info][gc,stats    ]       0 of   711 ms (  0.0%): <average total>
[88.507s][info][gc,stats    ] 
[88.507s][info][gc,metaspace] Metaspace: 8970K(9216K)->8970K(9216K) NonClass: 7798K(7936K)->7798K(7936K) Class: 1171K(1280K)->1171K(1280K)
[88.507s][info][gc,ergo     ] Pacer for Idle. Initial: 163M, Alloc Tax Rate: 1.0x
[89.423s][info][gc          ] Trigger: Learning 2 of 5. Free (5720M) is below initial threshold (5734M)
[89.423s][info][gc,ergo     ] Free: 5720M, Max: 4096K regular, 5720M humongous, Frag: 0% external, 0% internal; Reserve: 412M, Max: 4096K
[89.423s][info][gc,start    ] GC(101) Concurrent reset
[89.423s][info][gc,task     ] GC(101) Using 1 of 3 workers for concurrent reset
[89.423s][info][gc,ergo     ] GC(101) Pacer for Reset. Non-Taxable: 8192M
[89.423s][info][gc          ] GC(101) Concurrent reset 0.535ms
[89.423s][info][gc,start    ] GC(101) Pause Init Mark (unload classes)
[89.424s][info][gc,task     ] GC(101) Using 3 of 3 workers for init marking
[89.424s][info][gc,ergo     ] GC(101) Pacer for Mark. Expected Live: 10684K, Free: 5716M, Non-Taxable: 571M, Alloc Tax Rate: 0.0x
[89.424s][info][gc          ] GC(101) Pause Init Mark (unload classes) 0.163ms
[89.424s][info][gc,start    ] GC(101) Concurrent marking roots
[89.424s][info][gc,task     ] GC(101) Using 1 of 3 workers for concurrent marking roots
[89.424s][info][gc          ] GC(101) Concurrent marking roots 0.452ms
[89.424s][info][gc,start    ] GC(101) Concurrent marking (unload classes)
[89.424s][info][gc,task     ] GC(101) Using 1 of 3 workers for concurrent marking
[89.437s][info][gc          ] GC(101) Concurrent marking (unload classes) 12.880ms
[89.437s][info][gc,start    ] GC(101) Pause Final Mark (unload classes)
[89.437s][info][gc,task     ] GC(101) Using 3 of 3 workers for final marking
[89.438s][info][gc,ergo     ] GC(101) Collectable Garbage: 1960M (95%), Immediate: 1960M (95%), CSet: 0B (0%)
[89.438s][info][gc          ] GC(101) Pause Final Mark (unload classes) 0.334ms
[89.438s][info][gc,start    ] GC(101) Concurrent weak references
[89.438s][info][gc,task     ] GC(101) Using 1 of 3 workers for concurrent weak references
[89.438s][info][gc,ref      ] GC(101) Encountered references: Soft: 144, Weak: 702, Final: 0, Phantom: 27
[89.438s][info][gc,ref      ] GC(101) Discovered  references: Soft: 0, Weak: 150, Final: 0, Phantom: 12
[89.438s][info][gc,ref      ] GC(101) Enqueued    references: Soft: 0, Weak: 0, Final: 0, Phantom: 0
[89.438s][info][gc          ] GC(101) Concurrent weak references 0.139ms
[89.438s][info][gc,start    ] GC(101) Concurrent weak roots
[89.438s][info][gc,task     ] GC(101) Using 1 of 3 workers for concurrent weak root
[89.438s][info][gc          ] GC(101) Concurrent weak roots 0.539ms
[89.438s][info][gc,start    ] GC(101) Concurrent cleanup
[89.438s][info][gc          ] GC(101) Concurrent cleanup 2095M->135M(8192M) 0.044ms
[89.438s][info][gc,ergo     ] GC(101) Free: 7644M, Max: 4096K regular, 5684M humongous, Frag: 26% external, 0% internal; Reserve: 412M, Max: 4096K
[89.438s][info][gc,start    ] GC(101) Concurrent class unloading
[89.438s][info][gc,task     ] GC(101) Using 1 of 3 workers for concurrent class unloading
[89.440s][info][gc          ] GC(101) Concurrent class unloading 1.873ms
[89.440s][info][gc,start    ] GC(101) Pause Final Roots
[89.440s][info][gc          ] GC(101) Pause Final Roots 0.026ms
[89.441s][info][gc,ergo     ] Free: 7640M, Max: 4096K regular, 5684M humongous, Frag: 26% external, 0% internal; Reserve: 412M, Max: 4096K
[89.441s][info][gc,stats    ] 
[89.441s][info][gc,stats    ] All times are wall-clock times, except per-root-class counters, that are sum over
[89.441s][info][gc,stats    ] all workers. Dividing the <total> over the root stage time estimates parallelism.
[89.441s][info][gc,stats    ] 
[89.441s][info][gc,stats    ] Concurrent Reset                    593 us
[89.441s][info][gc,stats    ] Pause Init Mark (G)                 347 us
[89.441s][info][gc,stats    ] Pause Init Mark (N)                 179 us
[89.441s][info][gc,stats    ]   Update Region States               77 us
[89.441s][info][gc,stats    ] Concurrent Mark Roots               488 us, parallelism: 0.67x
[89.441s][info][gc,stats    ]   CMR: <total>                      330 us
[89.441s][info][gc,stats    ]   CMR: Thread Roots                 291 us, workers (us): 291, ---, ---, 
[89.441s][info][gc,stats    ]   CMR: VM Strong Roots                5 us, workers (us):   5, ---, ---, 
[89.441s][info][gc,stats    ]   CMR: CLDG Roots                    34 us, workers (us):  34, ---, ---, 
[89.441s][info][gc,stats    ] Concurrent Marking                12950 us
[89.441s][info][gc,stats    ] Pause Final Mark (G)                461 us
[89.441s][info][gc,stats    ] Pause Final Mark (N)                353 us
[89.441s][info][gc,stats    ]   Finish Mark                       106 us
[89.441s][info][gc,stats    ]   Update Region States               88 us
[89.441s][info][gc,stats    ]   Choose Collection Set              60 us
[89.441s][info][gc,stats    ]   Rebuild Free Set                   16 us
[89.441s][info][gc,stats    ] Concurrent Weak References          147 us, parallelism: 0.05x
[89.441s][info][gc,stats    ]   CWRF: <total>                       8 us
[89.441s][info][gc,stats    ]   CWRF: Weak References               8 us, workers (us):   8, ---, ---, 
[89.441s][info][gc,stats    ] Concurrent Weak Roots               558 us
[89.441s][info][gc,stats    ]   Roots                             487 us, parallelism: 0.93x
[89.441s][info][gc,stats    ]     CWR: <total>                    454 us
[89.441s][info][gc,stats    ]     CWR: Code Cache Roots           388 us, workers (us): 388, ---, ---, 
[89.441s][info][gc,stats    ]     CWR: VM Weak Roots               62 us, workers (us):  62, ---, ---, 
[89.441s][info][gc,stats    ]     CWR: CLDG Roots                   5 us, workers (us):   5, ---, ---, 
[89.441s][info][gc,stats    ]   Rendezvous                         36 us
[89.441s][info][gc,stats    ] Concurrent Cleanup                   52 us
[89.441s][info][gc,stats    ] Concurrent Class Unloading         1923 us
[89.441s][info][gc,stats    ]   Unlink Stale                     1681 us
[89.441s][info][gc,stats    ]     System Dictionary                 4 us
[89.441s][info][gc,stats    ]     Weak Class Links                  0 us
[89.441s][info][gc,stats    ]     Code Roots                     1676 us
[89.441s][info][gc,stats    ]   Rendezvous                         74 us
[89.441s][info][gc,stats    ]   Purge Unlinked                    101 us
[89.441s][info][gc,stats    ]     Code Roots                       92 us
[89.441s][info][gc,stats    ]     CLDG                              9 us
[89.441s][info][gc,stats    ]     Exception Caches                  0 us
[89.441s][info][gc,stats    ] Pause Final Roots (G)               132 us
[89.441s][info][gc,stats    ] Pause Final Roots (N)                34 us
[89.441s][info][gc,stats    ] 
[89.441s][info][gc,stats    ] Allocation pacing accrued:
[89.441s][info][gc,stats    ]       0 of   934 ms (  0.0%): <total>
[89.441s][info][gc,stats    ]       0 of   934 ms (  0.0%): <average total>
[89.441s][info][gc,stats    ] 
[89.441s][info][gc,metaspace] Metaspace: 8971K(9216K)->8971K(9216K) NonClass: 7799K(7936K)->7799K(7936K) Class: 1171K(1280K)->1171K(1280K)
[89.441s][info][gc,ergo     ] Pacer for Idle. Initial: 163M, Alloc Tax Rate: 1.0x
[90.333s][info][gc          ] Trigger: Learning 3 of 5. Free (5700M) is below initial threshold (5734M)
[90.333s][info][gc,ergo     ] Free: 5700M, Max: 4096K regular, 5684M humongous, Frag: 1% external, 0% internal; Reserve: 412M, Max: 4096K
[90.333s][info][gc,start    ] GC(102) Concurrent reset
[90.334s][info][gc,task     ] GC(102) Using 1 of 3 workers for concurrent reset
[90.334s][info][gc,ergo     ] GC(102) Pacer for Reset. Non-Taxable: 8192M
[90.334s][info][gc          ] GC(102) Concurrent reset 0.621ms
[90.334s][info][gc,start    ] GC(102) Pause Init Mark (unload classes)
[90.334s][info][gc,task     ] GC(102) Using 3 of 3 workers for init marking
[90.334s][info][gc,ergo     ] GC(102) Pacer for Mark. Expected Live: 11980K, Free: 5696M, Non-Taxable: 569M, Alloc Tax Rate: 0.0x
[90.334s][info][gc          ] GC(102) Pause Init Mark (unload classes) 0.151ms
[90.334s][info][gc,start    ] GC(102) Concurrent marking roots
[90.334s][info][gc,task     ] GC(102) Using 1 of 3 workers for concurrent marking roots
[90.335s][info][gc          ] GC(102) Concurrent marking roots 0.655ms
[90.335s][info][gc,start    ] GC(102) Concurrent marking (unload classes)
[90.335s][info][gc,task     ] GC(102) Using 1 of 3 workers for concurrent marking
[90.356s][info][gc          ] GC(102) Concurrent marking (unload classes) 20.541ms
[90.356s][info][gc,start    ] GC(102) Pause Final Mark (unload classes)
[90.356s][info][gc,task     ] GC(102) Using 3 of 3 workers for final marking
[90.356s][info][gc,ergo     ] GC(102) Collectable Garbage: 1948M (94%), Immediate: 1948M (94%), CSet: 0B (0%)
[90.356s][info][gc          ] GC(102) Pause Final Mark (unload classes) 0.338ms
[90.356s][info][gc,start    ] GC(102) Concurrent weak references
[90.356s][info][gc,task     ] GC(102) Using 1 of 3 workers for concurrent weak references
[90.356s][info][gc,ref      ] GC(102) Encountered references: Soft: 144, Weak: 702, Final: 0, Phantom: 27
[90.356s][info][gc,ref      ] GC(102) Discovered  references: Soft: 0, Weak: 150, Final: 0, Phantom: 12
[90.356s][info][gc,ref      ] GC(102) Enqueued    references: Soft: 0, Weak: 0, Final: 0, Phantom: 0
[90.356s][info][gc          ] GC(102) Concurrent weak references 0.096ms
[90.356s][info][gc,start    ] GC(102) Concurrent weak roots
[90.356s][info][gc,task     ] GC(102) Using 1 of 3 workers for concurrent weak root
[90.357s][info][gc          ] GC(102) Concurrent weak roots 0.491ms
[90.357s][info][gc,start    ] GC(102) Concurrent cleanup
[90.357s][info][gc          ] GC(102) Concurrent cleanup 2119M->171M(8192M) 0.040ms
[90.357s][info][gc,ergo     ] GC(102) Free: 7608M, Max: 4096K regular, 5660M humongous, Frag: 26% external, 0% internal; Reserve: 412M, Max: 4096K
[90.357s][info][gc,start    ] GC(102) Concurrent class unloading
[90.357s][info][gc,task     ] GC(102) Using 1 of 3 workers for concurrent class unloading
[90.359s][info][gc          ] GC(102) Concurrent class unloading 2.141ms
[90.359s][info][gc,start    ] GC(102) Pause Final Roots
[90.359s][info][gc          ] GC(102) Pause Final Roots 0.066ms
[90.359s][info][gc,ergo     ] Free: 7604M, Max: 4096K regular, 5660M humongous, Frag: 26% external, 0% internal; Reserve: 412M, Max: 4096K
[90.359s][info][gc,stats    ] 
[90.359s][info][gc,stats    ] All times are wall-clock times, except per-root-class counters, that are sum over
[90.359s][info][gc,stats    ] all workers. Dividing the <total> over the root stage time estimates parallelism.
[90.359s][info][gc,stats    ] 
[90.359s][info][gc,stats    ] Concurrent Reset                    666 us
[90.359s][info][gc,stats    ] Pause Init Mark (G)                 283 us
[90.359s][info][gc,stats    ] Pause Init Mark (N)                 168 us
[90.359s][info][gc,stats    ]   Update Region States               65 us
[90.359s][info][gc,stats    ] Concurrent Mark Roots               664 us, parallelism: 0.86x
[90.359s][info][gc,stats    ]   CMR: <total>                      571 us
[90.359s][info][gc,stats    ]   CMR: Thread Roots                 501 us, workers (us): 501, ---, ---, 
[90.359s][info][gc,stats    ]   CMR: VM Strong Roots                7 us, workers (us):   7, ---, ---, 
[90.359s][info][gc,stats    ]   CMR: CLDG Roots                    63 us, workers (us):  63, ---, ---, 
[90.359s][info][gc,stats    ] Concurrent Marking                20587 us
[90.359s][info][gc,stats    ] Pause Final Mark (G)                471 us
[90.360s][info][gc,stats    ] Pause Final Mark (N)                357 us
[90.360s][info][gc,stats    ]   Finish Mark                       113 us
[90.360s][info][gc,stats    ]   Update Region States               63 us
[90.360s][info][gc,stats    ]   Choose Collection Set              63 us
[90.360s][info][gc,stats    ]   Rebuild Free Set                   17 us
[90.360s][info][gc,stats    ] Concurrent Weak References          104 us, parallelism: 0.07x
[90.360s][info][gc,stats    ]   CWRF: <total>                       7 us
[90.360s][info][gc,stats    ]   CWRF: Weak References               7 us, workers (us):   7, ---, ---, 
[90.360s][info][gc,stats    ] Concurrent Weak Roots               500 us
[90.360s][info][gc,stats    ]   Roots                             409 us, parallelism: 0.92x
[90.360s][info][gc,stats    ]     CWR: <total>                    375 us
[90.360s][info][gc,stats    ]     CWR: Code Cache Roots           308 us, workers (us): 308, ---, ---, 
[90.360s][info][gc,stats    ]     CWR: VM Weak Roots               62 us, workers (us):  62, ---, ---, 
[90.360s][info][gc,stats    ]     CWR: CLDG Roots                   5 us, workers (us):   5, ---, ---, 
[90.360s][info][gc,stats    ]   Rendezvous                         68 us
[90.360s][info][gc,stats    ] Concurrent Cleanup                   47 us
[90.360s][info][gc,stats    ] Concurrent Class Unloading         2165 us
[90.360s][info][gc,stats    ]   Unlink Stale                     1986 us
[90.360s][info][gc,stats    ]     System Dictionary                 2 us
[90.360s][info][gc,stats    ]     Weak Class Links                  0 us
[90.360s][info][gc,stats    ]     Code Roots                     1983 us
[90.360s][info][gc,stats    ]   Rendezvous                         70 us
[90.360s][info][gc,stats    ]   Purge Unlinked                     69 us
[90.360s][info][gc,stats    ]     Code Roots                       64 us
[90.360s][info][gc,stats    ]     CLDG                              5 us
[90.360s][info][gc,stats    ]     Exception Caches                  0 us
[90.360s][info][gc,stats    ] Pause Final Roots (G)               192 us
[90.360s][info][gc,stats    ] Pause Final Roots (N)                85 us
[90.360s][info][gc,stats    ] 
[90.360s][info][gc,stats    ] Allocation pacing accrued:
[90.360s][info][gc,stats    ]       0 of   919 ms (  0.0%): <total>
[90.360s][info][gc,stats    ]       0 of   919 ms (  0.0%): <average total>
[90.360s][info][gc,stats    ] 
[90.360s][info][gc,metaspace] Metaspace: 8971K(9216K)->8971K(9216K) NonClass: 7799K(7936K)->7799K(7936K) Class: 1171K(1280K)->1171K(1280K)
[90.360s][info][gc,ergo     ] Pacer for Idle. Initial: 163M, Alloc Tax Rate: 1.0x
[91.260s][info][gc          ] Trigger: Learning 4 of 5. Free (5708M) is below initial threshold (5734M)
[91.260s][info][gc,ergo     ] Free: 5708M, Max: 4096K regular, 5660M humongous, Frag: 1% external, 0% internal; Reserve: 412M, Max: 4096K
[91.260s][info][gc,start    ] GC(103) Concurrent reset
[91.260s][info][gc,task     ] GC(103) Using 1 of 3 workers for concurrent reset
[91.260s][info][gc,ergo     ] GC(103) Pacer for Reset. Non-Taxable: 8192M
[91.261s][info][gc          ] GC(103) Concurrent reset 0.799ms
[91.261s][info][gc,start    ] GC(103) Pause Init Mark (unload classes)
[91.261s][info][gc,task     ] GC(103) Using 3 of 3 workers for init marking
[91.261s][info][gc,ergo     ] GC(103) Pacer for Mark. Expected Live: 13215K, Free: 5708M, Non-Taxable: 570M, Alloc Tax Rate: 0.0x
[91.261s][info][gc          ] GC(103) Pause Init Mark (unload classes) 0.155ms
[91.261s][info][gc,start    ] GC(103) Concurrent marking roots
[91.261s][info][gc,task     ] GC(103) Using 1 of 3 workers for concurrent marking roots
[91.262s][info][gc          ] GC(103) Concurrent marking roots 0.415ms
[91.262s][info][gc,start    ] GC(103) Concurrent marking (unload classes)
[91.262s][info][gc,task     ] GC(103) Using 1 of 3 workers for concurrent marking
[91.293s][info][gc          ] GC(103) Concurrent marking (unload classes) 30.675ms
[91.293s][info][gc,start    ] GC(103) Pause Final Mark (unload classes)
[91.293s][info][gc,task     ] GC(103) Using 3 of 3 workers for final marking
[91.293s][info][gc,ergo     ] GC(103) Collectable Garbage: 1948M (95%), Immediate: 1948M (95%), CSet: 0B (0%)
[91.293s][info][gc          ] GC(103) Pause Final Mark (unload classes) 0.320ms
[91.293s][info][gc,start    ] GC(103) Concurrent weak references
[91.293s][info][gc,task     ] GC(103) Using 1 of 3 workers for concurrent weak references
[91.293s][info][gc,ref      ] GC(103) Encountered references: Soft: 144, Weak: 702, Final: 0, Phantom: 27
[91.293s][info][gc,ref      ] GC(103) Discovered  references: Soft: 0, Weak: 150, Final: 0, Phantom: 12
[91.293s][info][gc,ref      ] GC(103) Enqueued    references: Soft: 0, Weak: 0, Final: 0, Phantom: 0
[91.293s][info][gc          ] GC(103) Concurrent weak references 0.097ms
[91.293s][info][gc,start    ] GC(103) Concurrent weak roots
[91.293s][info][gc,task     ] GC(103) Using 1 of 3 workers for concurrent weak root
[91.294s][info][gc          ] GC(103) Concurrent weak roots 0.563ms
[91.294s][info][gc,start    ] GC(103) Concurrent cleanup
[91.294s][info][gc          ] GC(103) Concurrent cleanup 2139M->191M(8192M) 0.044ms
[91.294s][info][gc,ergo     ] GC(103) Free: 7588M, Max: 4096K regular, 5640M humongous, Frag: 26% external, 0% internal; Reserve: 412M, Max: 4096K
[91.294s][info][gc,start    ] GC(103) Concurrent class unloading
[91.294s][info][gc,task     ] GC(103) Using 1 of 3 workers for concurrent class unloading
[91.296s][info][gc          ] GC(103) Concurrent class unloading 1.813ms
[91.296s][info][gc,start    ] GC(103) Pause Final Roots
[91.296s][info][gc          ] GC(103) Pause Final Roots 0.023ms
[91.296s][info][gc,ergo     ] Free: 7584M, Max: 4096K regular, 5640M humongous, Frag: 26% external, 0% internal; Reserve: 412M, Max: 4096K
[91.296s][info][gc,stats    ] 
[91.296s][info][gc,stats    ] All times are wall-clock times, except per-root-class counters, that are sum over
[91.296s][info][gc,stats    ] all workers. Dividing the <total> over the root stage time estimates parallelism.
[91.296s][info][gc,stats    ] 
[91.296s][info][gc,stats    ] Concurrent Reset                    861 us
[91.296s][info][gc,stats    ] Pause Init Mark (G)                 307 us
[91.296s][info][gc,stats    ] Pause Init Mark (N)                 171 us
[91.296s][info][gc,stats    ]   Update Region States               68 us
[91.296s][info][gc,stats    ] Concurrent Mark Roots               438 us, parallelism: 0.79x
[91.296s][info][gc,stats    ]   CMR: <total>                      344 us
[91.296s][info][gc,stats    ]   CMR: Thread Roots                 300 us, workers (us): 300, ---, ---, 
[91.296s][info][gc,stats    ]   CMR: VM Strong Roots                6 us, workers (us):   6, ---, ---, 
[91.296s][info][gc,stats    ]   CMR: CLDG Roots                    38 us, workers (us):  38, ---, ---, 
[91.296s][info][gc,stats    ] Concurrent Marking                30741 us
[91.296s][info][gc,stats    ] Pause Final Mark (G)                471 us
[91.296s][info][gc,stats    ] Pause Final Mark (N)                339 us
[91.296s][info][gc,stats    ]   Finish Mark                       117 us
[91.296s][info][gc,stats    ]   Update Region States               51 us
[91.296s][info][gc,stats    ]   Choose Collection Set              61 us
[91.296s][info][gc,stats    ]   Rebuild Free Set                   17 us
[91.296s][info][gc,stats    ] Concurrent Weak References          104 us, parallelism: 0.05x
[91.296s][info][gc,stats    ]   CWRF: <total>                       5 us
[91.296s][info][gc,stats    ]   CWRF: Weak References               5 us, workers (us):   5, ---, ---, 
[91.296s][info][gc,stats    ] Concurrent Weak Roots               583 us
[91.296s][info][gc,stats    ]   Roots                             465 us, parallelism: 0.89x
[91.296s][info][gc,stats    ]     CWR: <total>                    415 us
[91.296s][info][gc,stats    ]     CWR: Code Cache Roots           347 us, workers (us): 347, ---, ---, 
[91.296s][info][gc,stats    ]     CWR: VM Weak Roots               63 us, workers (us):  63, ---, ---, 
[91.296s][info][gc,stats    ]     CWR: CLDG Roots                   5 us, workers (us):   5, ---, ---, 
[91.296s][info][gc,stats    ]   Rendezvous                         83 us
[91.296s][info][gc,stats    ] Concurrent Cleanup                   53 us
[91.296s][info][gc,stats    ] Concurrent Class Unloading         1842 us
[91.296s][info][gc,stats    ]   Unlink Stale                     1642 us
[91.296s][info][gc,stats    ]     System Dictionary                 3 us
[91.296s][info][gc,stats    ]     Weak Class Links                  0 us
[91.296s][info][gc,stats    ]     Code Roots                     1638 us
[91.296s][info][gc,stats    ]   Rendezvous                         70 us
[91.296s][info][gc,stats    ]   Purge Unlinked                     85 us
[91.296s][info][gc,stats    ]     Code Roots                       80 us
[91.296s][info][gc,stats    ]     CLDG                              4 us
[91.296s][info][gc,stats    ]     Exception Caches                  0 us
[91.296s][info][gc,stats    ] Pause Final Roots (G)               112 us
[91.296s][info][gc,stats    ] Pause Final Roots (N)                30 us
[91.296s][info][gc,stats    ] 
[91.296s][info][gc,stats    ] Allocation pacing accrued:
[91.296s][info][gc,stats    ]       0 of   937 ms (  0.0%): <total>
[91.296s][info][gc,stats    ]       0 of   937 ms (  0.0%): <average total>
[91.297s][info][gc,stats    ] 
[91.297s][info][gc,metaspace] Metaspace: 8971K(9216K)->8971K(9216K) NonClass: 7799K(7936K)->7799K(7936K) Class: 1171K(1280K)->1171K(1280K)
[91.297s][info][gc,ergo     ] Pacer for Idle. Initial: 163M, Alloc Tax Rate: 1.0x
[91.983s][info][gc          ] Trigger: Explicit GC request (System.gc())
[91.985s][info][gc,ergo     ] Free: 6756M, Max: 4096K regular, 5640M humongous, Frag: 17% external, 0% internal; Reserve: 412M, Max: 4096K
[91.985s][info][gc,start    ] GC(104) Concurrent reset
[91.985s][info][gc,task     ] GC(104) Using 1 of 3 workers for concurrent reset
[91.985s][info][gc,ergo     ] GC(104) Pacer for Reset. Non-Taxable: 8192M
[91.986s][info][gc          ] GC(104) Concurrent reset 0.612ms
[91.986s][info][gc,start    ] GC(104) Pause Init Mark (unload classes)
[91.986s][info][gc,task     ] GC(104) Using 3 of 3 workers for init marking
[91.986s][info][gc,ref      ] GC(104) Clearing All SoftReferences
[91.986s][info][gc,ergo     ] GC(104) Pacer for Mark. Expected Live: 14497K, Free: 6756M, Non-Taxable: 675M, Alloc Tax Rate: 0.0x
[91.986s][info][gc          ] GC(104) Pause Init Mark (unload classes) 0.144ms
[91.986s][info][gc,start    ] GC(104) Concurrent marking roots
[91.986s][info][gc,task     ] GC(104) Using 1 of 3 workers for concurrent marking roots
[91.987s][info][gc          ] GC(104) Concurrent marking roots 0.477ms
[91.987s][info][gc,start    ] GC(104) Concurrent marking (unload classes)
[91.987s][info][gc,task     ] GC(104) Using 1 of 3 workers for concurrent marking
[91.990s][info][gc          ] GC(104) Concurrent marking (unload classes) 3.797ms
[91.991s][info][gc,start    ] GC(104) Pause Final Mark (unload classes)
[91.991s][info][gc,task     ] GC(104) Using 3 of 3 workers for final marking
[91.991s][info][gc,ergo     ] GC(104) Collectable Garbage: 955M (93%), Immediate: 955M (93%), CSet: 0B (0%)
[91.991s][info][gc          ] GC(104) Pause Final Mark (unload classes) 0.389ms
[91.991s][info][gc,start    ] GC(104) Concurrent weak references
[91.991s][info][gc,task     ] GC(104) Using 1 of 3 workers for concurrent weak references
[91.991s][info][gc,ref      ] GC(104) Encountered references: Soft: 144, Weak: 702, Final: 0, Phantom: 27
[91.991s][info][gc,ref      ] GC(104) Discovered  references: Soft: 89, Weak: 168, Final: 0, Phantom: 25
[91.991s][info][gc,ref      ] GC(104) Enqueued    references: Soft: 3, Weak: 0, Final: 0, Phantom: 0
[91.991s][info][gc          ] GC(104) Concurrent weak references 0.199ms
[91.991s][info][gc,start    ] GC(104) Concurrent weak roots
[91.991s][info][gc,task     ] GC(104) Using 1 of 3 workers for concurrent weak root
[91.992s][info][gc          ] GC(104) Concurrent weak roots 0.851ms
[91.992s][info][gc,start    ] GC(104) Concurrent cleanup
[91.992s][info][gc          ] GC(104) Concurrent cleanup 1023M->68M(8192M) 0.030ms
[91.992s][info][gc,ergo     ] GC(104) Free: 7712M, Max: 4096K regular, 6868M humongous, Frag: 11% external, 0% internal; Reserve: 412M, Max: 4096K
[91.992s][info][gc,start    ] GC(104) Concurrent class unloading
[91.992s][info][gc,task     ] GC(104) Using 1 of 3 workers for concurrent class unloading
[91.994s][info][gc          ] GC(104) Concurrent class unloading 1.845ms
[91.994s][info][gc,start    ] GC(104) Pause Final Roots
[91.994s][info][gc          ] GC(104) Pause Final Roots 0.020ms
[91.994s][info][gc,ergo     ] Free: 7712M, Max: 4096K regular, 6868M humongous, Frag: 11% external, 0% internal; Reserve: 412M, Max: 4096K
[91.994s][info][gc,stats    ] 
[91.994s][info][gc,stats    ] All times are wall-clock times, except per-root-class counters, that are sum over
[91.994s][info][gc,stats    ] all workers. Dividing the <total> over the root stage time estimates parallelism.
[91.994s][info][gc,stats    ] 
[91.994s][info][gc,stats    ] Concurrent Reset                    674 us
[91.994s][info][gc,stats    ] Pause Init Mark (G)                 254 us
[91.994s][info][gc,stats    ] Pause Init Mark (N)                 153 us
[91.994s][info][gc,stats    ]   Update Region States               69 us
[91.994s][info][gc,stats    ] Concurrent Mark Roots               496 us, parallelism: 0.72x
[91.994s][info][gc,stats    ]   CMR: <total>                      358 us
[91.994s][info][gc,stats    ]   CMR: Thread Roots                 317 us, workers (us): 317, ---, ---, 
[91.994s][info][gc,stats    ]   CMR: VM Strong Roots                5 us, workers (us):   5, ---, ---, 
[91.994s][info][gc,stats    ]   CMR: CLDG Roots                    36 us, workers (us):  36, ---, ---, 
[91.994s][info][gc,stats    ] Concurrent Marking                 3864 us
[91.994s][info][gc,stats    ] Pause Final Mark (G)                537 us
[91.994s][info][gc,stats    ] Pause Final Mark (N)                414 us
[91.994s][info][gc,stats    ]   Finish Mark                       130 us
[91.994s][info][gc,stats    ]   Update Region States               79 us
[91.994s][info][gc,stats    ]   Choose Collection Set              77 us
[91.994s][info][gc,stats    ]   Rebuild Free Set                   22 us
[91.995s][info][gc,stats    ] Concurrent Weak References          208 us, parallelism: 0.09x
[91.995s][info][gc,stats    ]   CWRF: <total>                      19 us
[91.995s][info][gc,stats    ]   CWRF: Weak References              19 us, workers (us):  19, ---, ---, 
[91.995s][info][gc,stats    ] Concurrent Weak Roots               870 us
[91.995s][info][gc,stats    ]   Roots                             607 us, parallelism: 0.91x
[91.995s][info][gc,stats    ]     CWR: <total>                    552 us
[91.995s][info][gc,stats    ]     CWR: Code Cache Roots           461 us, workers (us): 461, ---, ---, 
[91.995s][info][gc,stats    ]     CWR: VM Weak Roots               81 us, workers (us):  81, ---, ---, 
[91.995s][info][gc,stats    ]     CWR: CLDG Roots                  10 us, workers (us):  10, ---, ---, 
[91.995s][info][gc,stats    ]   Rendezvous                        228 us
[91.995s][info][gc,stats    ] Concurrent Cleanup                   38 us
[91.995s][info][gc,stats    ] Concurrent Class Unloading         1882 us
[91.995s][info][gc,stats    ]   Unlink Stale                     1650 us
[91.995s][info][gc,stats    ]     System Dictionary                 2 us
[91.995s][info][gc,stats    ]     Weak Class Links                  0 us
[91.995s][info][gc,stats    ]     Code Roots                     1647 us
[91.995s][info][gc,stats    ]   Rendezvous                         55 us
[91.995s][info][gc,stats    ]   Purge Unlinked                    123 us
[91.995s][info][gc,stats    ]     Code Roots                      118 us
[91.995s][info][gc,stats    ]     CLDG                              5 us
[91.995s][info][gc,stats    ]     Exception Caches                  0 us
[91.995s][info][gc,stats    ] Pause Final Roots (G)                79 us
[91.995s][info][gc,stats    ] Pause Final Roots (N)                28 us
[91.995s][info][gc,stats    ] 
[91.995s][info][gc,stats    ] Allocation pacing accrued:
[91.995s][info][gc,stats    ]       0 of   698 ms (  0.0%): <total>
[91.995s][info][gc,stats    ]       0 of   698 ms (  0.0%): <average total>
[91.995s][info][gc,stats    ] 
[91.995s][info][gc,metaspace] Metaspace: 8977K(9216K)->8977K(9216K) NonClass: 7805K(7936K)->7805K(7936K) Class: 1171K(1280K)->1171K(1280K)
[91.995s][info][gc,ergo     ] Pacer for Idle. Initial: 163M, Alloc Tax Rate: 1.0x
[92.909s][info][gc          ] Trigger: Learning 2 of 5. Free (5716M) is below initial threshold (5734M)
[92.909s][info][gc,ergo     ] Free: 5716M, Max: 4096K regular, 5716M humongous, Frag: 0% external, 0% internal; Reserve: 412M, Max: 4096K
[92.909s][info][gc,start    ] GC(105) Concurrent reset
[92.909s][info][gc,task     ] GC(105) Using 1 of 3 workers for concurrent reset
[92.909s][info][gc,ergo     ] GC(105) Pacer for Reset. Non-Taxable: 8192M
[92.910s][info][gc          ] GC(105) Concurrent reset 0.673ms
[92.910s][info][gc,start    ] GC(105) Pause Init Mark (unload classes)
[92.910s][info][gc,task     ] GC(105) Using 3 of 3 workers for init marking
[92.910s][info][gc,ergo     ] GC(105) Pacer for Mark. Expected Live: 10732K, Free: 5716M, Non-Taxable: 571M, Alloc Tax Rate: 0.0x
[92.910s][info][gc          ] GC(105) Pause Init Mark (unload classes) 0.245ms
[92.910s][info][gc,start    ] GC(105) Concurrent marking roots
[92.910s][info][gc,task     ] GC(105) Using 1 of 3 workers for concurrent marking roots
[92.911s][info][gc          ] GC(105) Concurrent marking roots 0.420ms
[92.911s][info][gc,start    ] GC(105) Concurrent marking (unload classes)
[92.911s][info][gc,task     ] GC(105) Using 1 of 3 workers for concurrent marking
[92.923s][info][gc          ] GC(105) Concurrent marking (unload classes) 12.930ms
[92.924s][info][gc,start    ] GC(105) Pause Final Mark (unload classes)
[92.924s][info][gc,task     ] GC(105) Using 3 of 3 workers for final marking
[92.924s][info][gc,ergo     ] GC(105) Collectable Garbage: 1956M (95%), Immediate: 1956M (95%), CSet: 0B (0%)
[92.924s][info][gc          ] GC(105) Pause Final Mark (unload classes) 0.349ms
[92.924s][info][gc,start    ] GC(105) Concurrent weak references
[92.924s][info][gc,task     ] GC(105) Using 1 of 3 workers for concurrent weak references
[92.924s][info][gc,ref      ] GC(105) Encountered references: Soft: 144, Weak: 702, Final: 0, Phantom: 27
[92.924s][info][gc,ref      ] GC(105) Discovered  references: Soft: 0, Weak: 150, Final: 0, Phantom: 12
[92.924s][info][gc,ref      ] GC(105) Enqueued    references: Soft: 0, Weak: 0, Final: 0, Phantom: 0
[92.924s][info][gc          ] GC(105) Concurrent weak references 0.145ms
[92.924s][info][gc,start    ] GC(105) Concurrent weak roots
[92.924s][info][gc,task     ] GC(105) Using 1 of 3 workers for concurrent weak root
[92.925s][info][gc          ] GC(105) Concurrent weak roots 0.744ms
[92.925s][info][gc,start    ] GC(105) Concurrent cleanup
[92.925s][info][gc          ] GC(105) Concurrent cleanup 2095M->139M(8192M) 0.040ms
[92.925s][info][gc,ergo     ] GC(105) Free: 7640M, Max: 4096K regular, 5684M humongous, Frag: 26% external, 0% internal; Reserve: 412M, Max: 4096K
[92.925s][info][gc,start    ] GC(105) Concurrent class unloading
[92.925s][info][gc,task     ] GC(105) Using 1 of 3 workers for concurrent class unloading
[92.927s][info][gc          ] GC(105) Concurrent class unloading 2.216ms
[92.927s][info][gc,start    ] GC(105) Pause Final Roots
[92.927s][info][gc          ] GC(105) Pause Final Roots 0.044ms
[92.928s][info][gc,ergo     ] Free: 7636M, Max: 4096K regular, 5684M humongous, Frag: 26% external, 0% internal; Reserve: 412M, Max: 4096K
[92.928s][info][gc,stats    ] 
[92.928s][info][gc,stats    ] All times are wall-clock times, except per-root-class counters, that are sum over
[92.928s][info][gc,stats    ] all workers. Dividing the <total> over the root stage time estimates parallelism.
[92.928s][info][gc,stats    ] 
[92.928s][info][gc,stats    ] Concurrent Reset                    740 us
[92.928s][info][gc,stats    ] Pause Init Mark (G)                 400 us
[92.928s][info][gc,stats    ] Pause Init Mark (N)                 264 us
[92.928s][info][gc,stats    ]   Update Region States              116 us
[92.928s][info][gc,stats    ] Concurrent Mark Roots               440 us, parallelism: 0.76x
[92.928s][info][gc,stats    ]   CMR: <total>                      335 us
[92.928s][info][gc,stats    ]   CMR: Thread Roots                 296 us, workers (us): 296, ---, ---, 
[92.928s][info][gc,stats    ]   CMR: VM Strong Roots                5 us, workers (us):   5, ---, ---, 
[92.928s][info][gc,stats    ]   CMR: CLDG Roots                    35 us, workers (us):  35, ---, ---, 
[92.928s][info][gc,stats    ] Concurrent Marking                12989 us
[92.928s][info][gc,stats    ] Pause Final Mark (G)                508 us
[92.928s][info][gc,stats    ] Pause Final Mark (N)                368 us
[92.928s][info][gc,stats    ]   Finish Mark                       119 us
[92.928s][info][gc,stats    ]   Update Region States               89 us
[92.928s][info][gc,stats    ]   Choose Collection Set              62 us
[92.928s][info][gc,stats    ]   Rebuild Free Set                   16 us
[92.928s][info][gc,stats    ] Concurrent Weak References          153 us, parallelism: 0.05x
[92.928s][info][gc,stats    ]   CWRF: <total>                       8 us
[92.928s][info][gc,stats    ]   CWRF: Weak References               8 us, workers (us):   8, ---, ---, 
[92.928s][info][gc,stats    ] Concurrent Weak Roots               761 us
[92.928s][info][gc,stats    ]   Roots                             641 us, parallelism: 0.88x
[92.928s][info][gc,stats    ]     CWR: <total>                    566 us
[92.928s][info][gc,stats    ]     CWR: Code Cache Roots           441 us, workers (us): 441, ---, ---, 
[92.928s][info][gc,stats    ]     CWR: VM Weak Roots              118 us, workers (us): 118, ---, ---, 
[92.928s][info][gc,stats    ]     CWR: CLDG Roots                   7 us, workers (us):   7, ---, ---, 
[92.928s][info][gc,stats    ]   Rendezvous                         88 us
[92.928s][info][gc,stats    ] Concurrent Cleanup                   48 us
[92.928s][info][gc,stats    ] Concurrent Class Unloading         2268 us
[92.928s][info][gc,stats    ]   Unlink Stale                     1838 us
[92.928s][info][gc,stats    ]     System Dictionary                 6 us
[92.928s][info][gc,stats    ]     Weak Class Links                  0 us
[92.928s][info][gc,stats    ]     Code Roots                     1831 us
[92.928s][info][gc,stats    ]   Rendezvous                        141 us
[92.928s][info][gc,stats    ]   Purge Unlinked                    218 us
[92.928s][info][gc,stats    ]     Code Roots                      208 us
[92.928s][info][gc,stats    ]     CLDG                              9 us
[92.928s][info][gc,stats    ]     Exception Caches                  0 us
[92.928s][info][gc,stats    ] Pause Final Roots (G)               200 us
[92.928s][info][gc,stats    ] Pause Final Roots (N)                68 us
[92.928s][info][gc,stats    ] 
[92.928s][info][gc,stats    ] Allocation pacing accrued:
[92.928s][info][gc,stats    ]       0 of   933 ms (  0.0%): <total>
[92.928s][info][gc,stats    ]       0 of   933 ms (  0.0%): <average total>
[92.928s][info][gc,stats    ] 
[92.928s][info][gc,metaspace] Metaspace: 8977K(9216K)->8977K(9216K) NonClass: 7805K(7936K)->7805K(7936K) Class: 1171K(1280K)->1171K(1280K)
[92.928s][info][gc,ergo     ] Pacer for Idle. Initial: 163M, Alloc Tax Rate: 1.0x
[93.819s][info][gc          ] Trigger: Learning 3 of 5. Free (5704M) is below initial threshold (5734M)
[93.820s][info][gc,ergo     ] Free: 5704M, Max: 4096K regular, 5684M humongous, Frag: 1% external, 0% internal; Reserve: 412M, Max: 4096K
[93.820s][info][gc,start    ] GC(106) Concurrent reset
[93.820s][info][gc,task     ] GC(106) Using 1 of 3 workers for concurrent reset
[93.820s][info][gc,ergo     ] GC(106) Pacer for Reset. Non-Taxable: 8192M
[93.820s][info][gc          ] GC(106) Concurrent reset 0.628ms
[93.820s][info][gc,start    ] GC(106) Pause Init Mark (unload classes)
[93.820s][info][gc,task     ] GC(106) Using 3 of 3 workers for init marking
[93.821s][info][gc,ergo     ] GC(106) Pacer for Mark. Expected Live: 12029K, Free: 5700M, Non-Taxable: 570M, Alloc Tax Rate: 0.0x
[93.821s][info][gc          ] GC(106) Pause Init Mark (unload classes) 0.188ms
[93.821s][info][gc,start    ] GC(106) Concurrent marking roots
[93.821s][info][gc,task     ] GC(106) Using 1 of 3 workers for concurrent marking roots
[93.821s][info][gc          ] GC(106) Concurrent marking roots 0.421ms
[93.821s][info][gc,start    ] GC(106) Concurrent marking (unload classes)
[93.821s][info][gc,task     ] GC(106) Using 1 of 3 workers for concurrent marking
[93.842s][info][gc          ] GC(106) Concurrent marking (unload classes) 21.042ms
[93.842s][info][gc,start    ] GC(106) Pause Final Mark (unload classes)
[93.842s][info][gc,task     ] GC(106) Using 3 of 3 workers for final marking
[93.843s][info][gc,ergo     ] GC(106) Collectable Garbage: 1948M (94%), Immediate: 1948M (94%), CSet: 0B (0%)
[93.843s][info][gc          ] GC(106) Pause Final Mark (unload classes) 0.357ms
[93.843s][info][gc,start    ] GC(106) Concurrent weak references
[93.843s][info][gc,task     ] GC(106) Using 1 of 3 workers for concurrent weak references
[93.843s][info][gc,ref      ] GC(106) Encountered references: Soft: 144, Weak: 702, Final: 0, Phantom: 27
[93.843s][info][gc,ref      ] GC(106) Discovered  references: Soft: 0, Weak: 150, Final: 0, Phantom: 25
[93.843s][info][gc,ref      ] GC(106) Enqueued    references: Soft: 0, Weak: 0, Final: 0, Phantom: 0
[93.843s][info][gc          ] GC(106) Concurrent weak references 0.142ms
[93.843s][info][gc,start    ] GC(106) Concurrent weak roots
[93.843s][info][gc,task     ] GC(106) Using 1 of 3 workers for concurrent weak root
[93.844s][info][gc          ] GC(106) Concurrent weak roots 0.666ms
[93.844s][info][gc,start    ] GC(106) Concurrent cleanup
[93.844s][info][gc          ] GC(106) Concurrent cleanup 2119M->171M(8192M) 0.042ms
[93.844s][info][gc,ergo     ] GC(106) Free: 7608M, Max: 4096K regular, 5660M humongous, Frag: 26% external, 0% internal; Reserve: 412M, Max: 4096K
[93.844s][info][gc,start    ] GC(106) Concurrent class unloading
[93.844s][info][gc,task     ] GC(106) Using 1 of 3 workers for concurrent class unloading
[93.845s][info][gc          ] GC(106) Concurrent class unloading 1.744ms
[93.845s][info][gc,start    ] GC(106) Pause Final Roots
[93.845s][info][gc          ] GC(106) Pause Final Roots 0.038ms
[93.846s][info][gc,ergo     ] Free: 7604M, Max: 4096K regular, 5660M humongous, Frag: 26% external, 0% internal; Reserve: 412M, Max: 4096K
[93.846s][info][gc,stats    ] 
[93.846s][info][gc,stats    ] All times are wall-clock times, except per-root-class counters, that are sum over
[93.846s][info][gc,stats    ] all workers. Dividing the <total> over the root stage time estimates parallelism.
[93.846s][info][gc,stats    ] 
[93.846s][info][gc,stats    ] Concurrent Reset                    681 us
[93.846s][info][gc,stats    ] Pause Init Mark (G)                 408 us
[93.846s][info][gc,stats    ] Pause Init Mark (N)                 209 us
[93.846s][info][gc,stats    ]   Update Region States               77 us
[93.846s][info][gc,stats    ] Concurrent Mark Roots               439 us, parallelism: 0.79x
[93.846s][info][gc,stats    ]   CMR: <total>                      349 us
[93.846s][info][gc,stats    ]   CMR: Thread Roots                 305 us, workers (us): 305, ---, ---, 
[93.846s][info][gc,stats    ]   CMR: VM Strong Roots                5 us, workers (us):   5, ---, ---, 
[93.846s][info][gc,stats    ]   CMR: CLDG Roots                    38 us, workers (us):  38, ---, ---, 
[93.846s][info][gc,stats    ] Concurrent Marking                21108 us
[93.846s][info][gc,stats    ] Pause Final Mark (G)                516 us
[93.846s][info][gc,stats    ] Pause Final Mark (N)                377 us
[93.846s][info][gc,stats    ]   Finish Mark                       107 us
[93.846s][info][gc,stats    ]   Update Region States               90 us
[93.846s][info][gc,stats    ]   Choose Collection Set              63 us
[93.846s][info][gc,stats    ]   Rebuild Free Set                   17 us
[93.846s][info][gc,stats    ] Concurrent Weak References          149 us, parallelism: 0.05x
[93.846s][info][gc,stats    ]   CWRF: <total>                       8 us
[93.846s][info][gc,stats    ]   CWRF: Weak References               8 us, workers (us):   8, ---, ---, 
[93.846s][info][gc,stats    ] Concurrent Weak Roots               685 us
[93.846s][info][gc,stats    ]   Roots                             566 us, parallelism: 0.87x
[93.846s][info][gc,stats    ]     CWR: <total>                    495 us
[93.846s][info][gc,stats    ]     CWR: Code Cache Roots           377 us, workers (us): 377, ---, ---, 
[93.846s][info][gc,stats    ]     CWR: VM Weak Roots              112 us, workers (us): 112, ---, ---, 
[93.846s][info][gc,stats    ]     CWR: CLDG Roots                   6 us, workers (us):   6, ---, ---, 
[93.846s][info][gc,stats    ]   Rendezvous                         85 us
[93.846s][info][gc,stats    ] Concurrent Cleanup                   50 us
[93.846s][info][gc,stats    ] Concurrent Class Unloading         1773 us
[93.846s][info][gc,stats    ]   Unlink Stale                     1599 us
[93.846s][info][gc,stats    ]     System Dictionary                 3 us
[93.846s][info][gc,stats    ]     Weak Class Links                  0 us
[93.846s][info][gc,stats    ]     Code Roots                     1595 us
[93.846s][info][gc,stats    ]   Rendezvous                         60 us
[93.846s][info][gc,stats    ]   Purge Unlinked                     69 us
[93.846s][info][gc,stats    ]     Code Roots                       64 us
[93.846s][info][gc,stats    ]     CLDG                              5 us
[93.846s][info][gc,stats    ]     Exception Caches                  0 us
[93.846s][info][gc,stats    ] Pause Final Roots (G)               132 us
[93.846s][info][gc,stats    ] Pause Final Roots (N)                48 us
[93.846s][info][gc,stats    ] 
[93.846s][info][gc,stats    ] Allocation pacing accrued:
[93.846s][info][gc,stats    ]       0 of   918 ms (  0.0%): <total>
[93.846s][info][gc,stats    ]       0 of   918 ms (  0.0%): <average total>
[93.846s][info][gc,stats    ] 
[93.846s][info][gc,metaspace] Metaspace: 8977K(9216K)->8977K(9216K) NonClass: 7805K(7936K)->7805K(7936K) Class: 1171K(1280K)->1171K(1280K)
[93.846s][info][gc,ergo     ] Pacer for Idle. Initial: 163M, Alloc Tax Rate: 1.0x
[94.746s][info][gc          ] Trigger: Learning 4 of 5. Free (5720M) is below initial threshold (5734M)
[94.746s][info][gc,ergo     ] Free: 5720M, Max: 4096K regular, 5660M humongous, Frag: 2% external, 0% internal; Reserve: 412M, Max: 4096K
[94.746s][info][gc,start    ] GC(107) Concurrent reset
[94.746s][info][gc,task     ] GC(107) Using 1 of 3 workers for concurrent reset
[94.746s][info][gc,ergo     ] GC(107) Pacer for Reset. Non-Taxable: 8192M
[94.747s][info][gc          ] GC(107) Concurrent reset 0.798ms
[94.747s][info][gc,start    ] GC(107) Pause Init Mark (unload classes)
[94.747s][info][gc,task     ] GC(107) Using 3 of 3 workers for init marking
[94.747s][info][gc,ergo     ] GC(107) Pacer for Mark. Expected Live: 13256K, Free: 5720M, Non-Taxable: 572M, Alloc Tax Rate: 0.0x
[94.747s][info][gc          ] GC(107) Pause Init Mark (unload classes) 0.174ms
[94.747s][info][gc,start    ] GC(107) Concurrent marking roots
[94.747s][info][gc,task     ] GC(107) Using 1 of 3 workers for concurrent marking roots
[94.748s][info][gc          ] GC(107) Concurrent marking roots 0.605ms
[94.748s][info][gc,start    ] GC(107) Concurrent marking (unload classes)
[94.748s][info][gc,task     ] GC(107) Using 1 of 3 workers for concurrent marking
[94.778s][info][gc          ] GC(107) Concurrent marking (unload classes) 30.426ms
[94.778s][info][gc,start    ] GC(107) Pause Final Mark (unload classes)
[94.778s][info][gc,task     ] GC(107) Using 3 of 3 workers for final marking
[94.779s][info][gc,ergo     ] GC(107) Collectable Garbage: 1924M (94%), Immediate: 1924M (94%), CSet: 0B (0%)
[94.779s][info][gc          ] GC(107) Pause Final Mark (unload classes) 0.345ms
[94.779s][info][gc,start    ] GC(107) Concurrent weak references
[94.779s][info][gc,task     ] GC(107) Using 1 of 3 workers for concurrent weak references
[94.779s][info][gc,ref      ] GC(107) Encountered references: Soft: 144, Weak: 702, Final: 0, Phantom: 27
[94.779s][info][gc,ref      ] GC(107) Discovered  references: Soft: 0, Weak: 150, Final: 0, Phantom: 12
[94.779s][info][gc,ref      ] GC(107) Enqueued    references: Soft: 0, Weak: 0, Final: 0, Phantom: 0
[94.779s][info][gc          ] GC(107) Concurrent weak references 0.140ms
[94.779s][info][gc,start    ] GC(107) Concurrent weak roots
[94.779s][info][gc,task     ] GC(107) Using 1 of 3 workers for concurrent weak root
[94.780s][info][gc          ] GC(107) Concurrent weak roots 0.557ms
[94.780s][info][gc,start    ] GC(107) Concurrent cleanup
[94.780s][info][gc          ] GC(107) Concurrent cleanup 2127M->203M(8192M) 0.042ms
[94.780s][info][gc,ergo     ] GC(107) Free: 7576M, Max: 4096K regular, 5652M humongous, Frag: 26% external, 0% internal; Reserve: 412M, Max: 4096K
[94.780s][info][gc,start    ] GC(107) Concurrent class unloading
[94.780s][info][gc,task     ] GC(107) Using 1 of 3 workers for concurrent class unloading
[94.781s][info][gc          ] GC(107) Concurrent class unloading 1.849ms
[94.782s][info][gc,start    ] GC(107) Pause Final Roots
[94.782s][info][gc          ] GC(107) Pause Final Roots 0.041ms
[94.782s][info][gc,ergo     ] Free: 7572M, Max: 4096K regular, 5652M humongous, Frag: 26% external, 0% internal; Reserve: 412M, Max: 4096K
[94.782s][info][gc,stats    ] 
[94.782s][info][gc,stats    ] All times are wall-clock times, except per-root-class counters, that are sum over
[94.782s][info][gc,stats    ] all workers. Dividing the <total> over the root stage time estimates parallelism.
[94.782s][info][gc,stats    ] 
[94.782s][info][gc,stats    ] Concurrent Reset                    850 us
[94.782s][info][gc,stats    ] Pause Init Mark (G)                 331 us
[94.782s][info][gc,stats    ] Pause Init Mark (N)                 191 us
[94.782s][info][gc,stats    ]   Update Region States               70 us
[94.782s][info][gc,stats    ] Concurrent Mark Roots               634 us, parallelism: 0.81x
[94.782s][info][gc,stats    ]   CMR: <total>                      511 us
[94.782s][info][gc,stats    ]   CMR: Thread Roots                 470 us, workers (us): 470, ---, ---, 
[94.782s][info][gc,stats    ]   CMR: VM Strong Roots                5 us, workers (us):   5, ---, ---, 
[94.782s][info][gc,stats    ]   CMR: CLDG Roots                    35 us, workers (us):  35, ---, ---, 
[94.782s][info][gc,stats    ] Concurrent Marking                30491 us
[94.782s][info][gc,stats    ] Pause Final Mark (G)                498 us
[94.782s][info][gc,stats    ] Pause Final Mark (N)                364 us
[94.782s][info][gc,stats    ]   Finish Mark                       101 us
[94.782s][info][gc,stats    ]   Update Region States               90 us
[94.782s][info][gc,stats    ]   Choose Collection Set              62 us
[94.782s][info][gc,stats    ]   Rebuild Free Set                   16 us
[94.782s][info][gc,stats    ] Concurrent Weak References          147 us, parallelism: 0.05x
[94.782s][info][gc,stats    ]   CWRF: <total>                       8 us
[94.782s][info][gc,stats    ]   CWRF: Weak References               8 us, workers (us):   8, ---, ---, 
[94.782s][info][gc,stats    ] Concurrent Weak Roots               576 us
[94.782s][info][gc,stats    ]   Roots                             461 us, parallelism: 0.89x
[94.782s][info][gc,stats    ]     CWR: <total>                    409 us
[94.782s][info][gc,stats    ]     CWR: Code Cache Roots           340 us, workers (us): 340, ---, ---, 
[94.782s][info][gc,stats    ]     CWR: VM Weak Roots               64 us, workers (us):  64, ---, ---, 
[94.782s][info][gc,stats    ]     CWR: CLDG Roots                   5 us, workers (us):   5, ---, ---, 
[94.782s][info][gc,stats    ]   Rendezvous                         81 us
[94.782s][info][gc,stats    ] Concurrent Cleanup                   51 us
[94.782s][info][gc,stats    ] Concurrent Class Unloading         1880 us
[94.782s][info][gc,stats    ]   Unlink Stale                     1685 us
[94.782s][info][gc,stats    ]     System Dictionary                 3 us
[94.782s][info][gc,stats    ]     Weak Class Links                  0 us
[94.782s][info][gc,stats    ]     Code Roots                     1681 us
[94.782s][info][gc,stats    ]   Rendezvous                         57 us
[94.782s][info][gc,stats    ]   Purge Unlinked                     90 us
[94.782s][info][gc,stats    ]     Code Roots                       85 us
[94.782s][info][gc,stats    ]     CLDG                              4 us
[94.782s][info][gc,stats    ]     Exception Caches                  0 us
[94.782s][info][gc,stats    ] Pause Final Roots (G)               151 us
[94.782s][info][gc,stats    ] Pause Final Roots (N)                59 us
[94.782s][info][gc,stats    ] 
[94.782s][info][gc,stats    ] Allocation pacing accrued:
[94.782s][info][gc,stats    ]       0 of   936 ms (  0.0%): <total>
[94.782s][info][gc,stats    ]       0 of   936 ms (  0.0%): <average total>
[94.782s][info][gc,stats    ] 
[94.782s][info][gc,metaspace] Metaspace: 8977K(9216K)->8977K(9216K) NonClass: 7805K(7936K)->7805K(7936K) Class: 1171K(1280K)->1171K(1280K)
[94.782s][info][gc,ergo     ] Pacer for Idle. Initial: 163M, Alloc Tax Rate: 1.0x
[95.468s][info][gc          ] Trigger: Explicit GC request (System.gc())
[95.468s][info][gc,ergo     ] Free: 6732M, Max: 4096K regular, 5652M humongous, Frag: 17% external, 0% internal; Reserve: 412M, Max: 4096K
[95.468s][info][gc,start    ] GC(108) Concurrent reset
[95.468s][info][gc,task     ] GC(108) Using 1 of 3 workers for concurrent reset
[95.468s][info][gc,ergo     ] GC(108) Pacer for Reset. Non-Taxable: 8192M
[95.469s][info][gc          ] GC(108) Concurrent reset 1.080ms
[95.469s][info][gc,start    ] GC(108) Pause Init Mark (unload classes)
[95.470s][info][gc,task     ] GC(108) Using 3 of 3 workers for init marking
[95.470s][info][gc,ref      ] GC(108) Clearing All SoftReferences
[95.470s][info][gc,ergo     ] GC(108) Pacer for Mark. Expected Live: 14521K, Free: 6732M, Non-Taxable: 673M, Alloc Tax Rate: 0.0x
[95.470s][info][gc          ] GC(108) Pause Init Mark (unload classes) 0.156ms
[95.470s][info][gc,start    ] GC(108) Concurrent marking roots
[95.470s][info][gc,task     ] GC(108) Using 1 of 3 workers for concurrent marking roots
[95.470s][info][gc          ] GC(108) Concurrent marking roots 0.529ms
[95.470s][info][gc,start    ] GC(108) Concurrent marking (unload classes)
[95.470s][info][gc,task     ] GC(108) Using 1 of 3 workers for concurrent marking
[95.474s][info][gc          ] GC(108) Concurrent marking (unload classes) 3.974ms
[95.474s][info][gc,start    ] GC(108) Pause Final Mark (unload classes)
[95.474s][info][gc,task     ] GC(108) Using 3 of 3 workers for final marking
[95.475s][info][gc,ergo     ] GC(108) Collectable Garbage: 975M (93%), Immediate: 975M (93%), CSet: 0B (0%)
[95.475s][info][gc          ] GC(108) Pause Final Mark (unload classes) 0.370ms
[95.475s][info][gc,start    ] GC(108) Concurrent weak references
[95.475s][info][gc,task     ] GC(108) Using 1 of 3 workers for concurrent weak references
[95.475s][info][gc,ref      ] GC(108) Encountered references: Soft: 144, Weak: 702, Final: 0, Phantom: 27
[95.475s][info][gc,ref      ] GC(108) Discovered  references: Soft: 89, Weak: 168, Final: 0, Phantom: 25
[95.475s][info][gc,ref      ] GC(108) Enqueued    references: Soft: 3, Weak: 0, Final: 0, Phantom: 0
[95.475s][info][gc          ] GC(108) Concurrent weak references 0.163ms
[95.475s][info][gc,start    ] GC(108) Concurrent weak roots
[95.475s][info][gc,task     ] GC(108) Using 1 of 3 workers for concurrent weak root
[95.476s][info][gc          ] GC(108) Concurrent weak roots 0.559ms
[95.476s][info][gc,start    ] GC(108) Concurrent cleanup
[95.476s][info][gc          ] GC(108) Concurrent cleanup 1047M->71M(8192M) 0.038ms
[95.476s][info][gc,ergo     ] GC(108) Free: 7708M, Max: 4096K regular, 6852M humongous, Frag: 12% external, 0% internal; Reserve: 412M, Max: 4096K
[95.476s][info][gc,start    ] GC(108) Concurrent class unloading
[95.476s][info][gc,task     ] GC(108) Using 1 of 3 workers for concurrent class unloading
[95.478s][info][gc          ] GC(108) Concurrent class unloading 2.427ms
[95.478s][info][gc,start    ] GC(108) Pause Final Roots
[95.478s][info][gc          ] GC(108) Pause Final Roots 0.020ms
[95.478s][info][gc,ergo     ] Free: 7708M, Max: 4096K regular, 6852M humongous, Frag: 12% external, 0% internal; Reserve: 412M, Max: 4096K
[95.478s][info][gc,stats    ] 
[95.478s][info][gc,stats    ] All times are wall-clock times, except per-root-class counters, that are sum over
[95.478s][info][gc,stats    ] all workers. Dividing the <total> over the root stage time estimates parallelism.
[95.478s][info][gc,stats    ] 
[95.478s][info][gc,stats    ] Concurrent Reset                   1142 us
[95.478s][info][gc,stats    ] Pause Init Mark (G)                 265 us
[95.478s][info][gc,stats    ] Pause Init Mark (N)                 172 us
[95.478s][info][gc,stats    ]   Update Region States               56 us
[95.478s][info][gc,stats    ] Concurrent Mark Roots               547 us, parallelism: 0.82x
[95.478s][info][gc,stats    ]   CMR: <total>                      448 us
[95.478s][info][gc,stats    ]   CMR: Thread Roots                 374 us, workers (us): 374, ---, ---, 
[95.478s][info][gc,stats    ]   CMR: VM Strong Roots               10 us, workers (us):  10, ---, ---, 
[95.479s][info][gc,stats    ]   CMR: CLDG Roots                    64 us, workers (us):  64, ---, ---, 
[95.479s][info][gc,stats    ] Concurrent Marking                 4039 us
[95.479s][info][gc,stats    ] Pause Final Mark (G)                571 us
[95.479s][info][gc,stats    ] Pause Final Mark (N)                394 us
[95.479s][info][gc,stats    ]   Finish Mark                        93 us
[95.479s][info][gc,stats    ]   Update Region States              100 us
[95.479s][info][gc,stats    ]   Choose Collection Set              76 us
[95.479s][info][gc,stats    ]   Rebuild Free Set                   22 us
[95.479s][info][gc,stats    ] Concurrent Weak References          171 us, parallelism: 0.05x
[95.479s][info][gc,stats    ]   CWRF: <total>                       9 us
[95.479s][info][gc,stats    ]   CWRF: Weak References               9 us, workers (us):   9, ---, ---, 
[95.479s][info][gc,stats    ] Concurrent Weak Roots               579 us
[95.479s][info][gc,stats    ]   Roots                             438 us, parallelism: 0.92x
[95.479s][info][gc,stats    ]     CWR: <total>                    401 us
[95.479s][info][gc,stats    ]     CWR: Code Cache Roots           335 us, workers (us): 335, ---, ---, 
[95.479s][info][gc,stats    ]     CWR: VM Weak Roots               62 us, workers (us):  62, ---, ---, 
[95.479s][info][gc,stats    ]     CWR: CLDG Roots                   5 us, workers (us):   5, ---, ---, 
[95.479s][info][gc,stats    ]   Rendezvous                        105 us
[95.479s][info][gc,stats    ] Concurrent Cleanup                   46 us
[95.479s][info][gc,stats    ] Concurrent Class Unloading         2475 us
[95.479s][info][gc,stats    ]   Unlink Stale                     2155 us
[95.479s][info][gc,stats    ]     System Dictionary                 3 us
[95.479s][info][gc,stats    ]     Weak Class Links                  0 us
[95.479s][info][gc,stats    ]     Code Roots                     2151 us
[95.479s][info][gc,stats    ]   Rendezvous                        154 us
[95.479s][info][gc,stats    ]   Purge Unlinked                     99 us
[95.479s][info][gc,stats    ]     Code Roots                       90 us
[95.479s][info][gc,stats    ]     CLDG                              8 us
[95.479s][info][gc,stats    ]     Exception Caches                  0 us
[95.479s][info][gc,stats    ] Pause Final Roots (G)                98 us
[95.479s][info][gc,stats    ] Pause Final Roots (N)                28 us
[95.479s][info][gc,stats    ] 
[95.479s][info][gc,stats    ] Allocation pacing accrued:
[95.479s][info][gc,stats    ]       0 of   697 ms (  0.0%): <total>
[95.479s][info][gc,stats    ]       0 of   697 ms (  0.0%): <average total>
[95.479s][info][gc,stats    ] 
[95.479s][info][gc,metaspace] Metaspace: 8977K(9216K)->8977K(9216K) NonClass: 7805K(7936K)->7805K(7936K) Class: 1171K(1280K)->1171K(1280K)
[95.479s][info][gc,ergo     ] Pacer for Idle. Initial: 163M, Alloc Tax Rate: 1.0x
[96.395s][info][gc          ] Trigger: Learning 2 of 5. Free (5712M) is below initial threshold (5734M)
[96.395s][info][gc,ergo     ] Free: 5712M, Max: 4096K regular, 5712M humongous, Frag: 0% external, 0% internal; Reserve: 412M, Max: 4096K
[96.395s][info][gc,start    ] GC(109) Concurrent reset
[96.396s][info][gc,task     ] GC(109) Using 1 of 3 workers for concurrent reset
[96.396s][info][gc,ergo     ] GC(109) Pacer for Reset. Non-Taxable: 8192M
[96.396s][info][gc          ] GC(109) Concurrent reset 0.581ms
[96.396s][info][gc,start    ] GC(109) Pause Init Mark (unload classes)
[96.396s][info][gc,task     ] GC(109) Using 3 of 3 workers for init marking
[96.396s][info][gc,ergo     ] GC(109) Pacer for Mark. Expected Live: 10715K, Free: 5708M, Non-Taxable: 570M, Alloc Tax Rate: 0.0x
[96.396s][info][gc          ] GC(109) Pause Init Mark (unload classes) 0.160ms
[96.396s][info][gc,start    ] GC(109) Concurrent marking roots
[96.396s][info][gc,task     ] GC(109) Using 1 of 3 workers for concurrent marking roots
[96.397s][info][gc          ] GC(109) Concurrent marking roots 0.732ms
[96.397s][info][gc,start    ] GC(109) Concurrent marking (unload classes)
[96.397s][info][gc,task     ] GC(109) Using 1 of 3 workers for concurrent marking
[96.410s][info][gc          ] GC(109) Concurrent marking (unload classes) 12.605ms
[96.410s][info][gc,start    ] GC(109) Pause Final Mark (unload classes)
[96.410s][info][gc,task     ] GC(109) Using 3 of 3 workers for final marking
[96.410s][info][gc,ergo     ] GC(109) Collectable Garbage: 1960M (95%), Immediate: 1960M (95%), CSet: 0B (0%)
[96.410s][info][gc          ] GC(109) Pause Final Mark (unload classes) 0.303ms
[96.410s][info][gc,start    ] GC(109) Concurrent weak references
[96.410s][info][gc,task     ] GC(109) Using 1 of 3 workers for concurrent weak references
[96.410s][info][gc,ref      ] GC(109) Encountered references: Soft: 144, Weak: 702, Final: 0, Phantom: 27
[96.410s][info][gc,ref      ] GC(109) Discovered  references: Soft: 0, Weak: 150, Final: 0, Phantom: 12
[96.410s][info][gc,ref      ] GC(109) Enqueued    references: Soft: 0, Weak: 0, Final: 0, Phantom: 0
[96.410s][info][gc          ] GC(109) Concurrent weak references 0.161ms
[96.410s][info][gc,start    ] GC(109) Concurrent weak roots
[96.410s][info][gc,task     ] GC(109) Using 1 of 3 workers for concurrent weak root
[96.411s][info][gc          ] GC(109) Concurrent weak roots 0.595ms
[96.411s][info][gc,start    ] GC(109) Concurrent cleanup
[96.411s][info][gc          ] GC(109) Concurrent cleanup 2103M->143M(8192M) 0.046ms
[96.411s][info][gc,ergo     ] GC(109) Free: 7636M, Max: 4096K regular, 5676M humongous, Frag: 26% external, 0% internal; Reserve: 412M, Max: 4096K
[96.411s][info][gc,start    ] GC(109) Concurrent class unloading
[96.411s][info][gc,task     ] GC(109) Using 1 of 3 workers for concurrent class unloading
[96.413s][info][gc          ] GC(109) Concurrent class unloading 2.041ms
[96.413s][info][gc,start    ] GC(109) Pause Final Roots
[96.413s][info][gc          ] GC(109) Pause Final Roots 0.077ms
[96.413s][info][gc,ergo     ] Free: 7632M, Max: 4096K regular, 5676M humongous, Frag: 26% external, 0% internal; Reserve: 412M, Max: 4096K
[96.413s][info][gc,stats    ] 
[96.413s][info][gc,stats    ] All times are wall-clock times, except per-root-class counters, that are sum over
[96.413s][info][gc,stats    ] all workers. Dividing the <total> over the root stage time estimates parallelism.
[96.413s][info][gc,stats    ] 
[96.413s][info][gc,stats    ] Concurrent Reset                    642 us
[96.413s][info][gc,stats    ] Pause Init Mark (G)                 317 us
[96.413s][info][gc,stats    ] Pause Init Mark (N)                 177 us
[96.414s][info][gc,stats    ]   Update Region States               74 us
[96.414s][info][gc,stats    ] Concurrent Mark Roots               742 us, parallelism: 0.87x
[96.414s][info][gc,stats    ]   CMR: <total>                      647 us
[96.414s][info][gc,stats    ]   CMR: Thread Roots                 579 us, workers (us): 579, ---, ---, 
[96.414s][info][gc,stats    ]   CMR: VM Strong Roots                7 us, workers (us):   7, ---, ---, 
[96.414s][info][gc,stats    ]   CMR: CLDG Roots                    61 us, workers (us):  61, ---, ---, 
[96.414s][info][gc,stats    ] Concurrent Marking                12633 us
[96.414s][info][gc,stats    ] Pause Final Mark (G)                438 us
[96.414s][info][gc,stats    ] Pause Final Mark (N)                322 us
[96.414s][info][gc,stats    ]   Finish Mark                       100 us
[96.414s][info][gc,stats    ]   Update Region States               61 us
[96.414s][info][gc,stats    ]   Choose Collection Set              60 us
[96.414s][info][gc,stats    ]   Rebuild Free Set                   16 us
[96.414s][info][gc,stats    ] Concurrent Weak References          176 us, parallelism: 0.03x
[96.414s][info][gc,stats    ]   CWRF: <total>                       5 us
[96.414s][info][gc,stats    ]   CWRF: Weak References               5 us, workers (us):   5, ---, ---, 
[96.414s][info][gc,stats    ] Concurrent Weak Roots               607 us
[96.414s][info][gc,stats    ]   Roots                             493 us, parallelism: 0.92x
[96.414s][info][gc,stats    ]     CWR: <total>                    455 us
[96.414s][info][gc,stats    ]     CWR: Code Cache Roots           387 us, workers (us): 387, ---, ---, 
[96.414s][info][gc,stats    ]     CWR: VM Weak Roots               64 us, workers (us):  64, ---, ---, 
[96.414s][info][gc,stats    ]     CWR: CLDG Roots                   4 us, workers (us):   4, ---, ---, 
[96.414s][info][gc,stats    ]   Rendezvous                         71 us
[96.414s][info][gc,stats    ] Concurrent Cleanup                   53 us
[96.414s][info][gc,stats    ] Concurrent Class Unloading         2065 us
[96.414s][info][gc,stats    ]   Unlink Stale                     1897 us
[96.414s][info][gc,stats    ]     System Dictionary                 3 us
[96.414s][info][gc,stats    ]     Weak Class Links                  0 us
[96.414s][info][gc,stats    ]     Code Roots                     1893 us
[96.414s][info][gc,stats    ]   Rendezvous                         57 us
[96.414s][info][gc,stats    ]   Purge Unlinked                     71 us
[96.414s][info][gc,stats    ]     Code Roots                       66 us
[96.414s][info][gc,stats    ]     CLDG                              5 us
[96.414s][info][gc,stats    ]     Exception Caches                  0 us
[96.414s][info][gc,stats    ] Pause Final Roots (G)               161 us
[96.414s][info][gc,stats    ] Pause Final Roots (N)                89 us
[96.414s][info][gc,stats    ] 
[96.414s][info][gc,stats    ] Allocation pacing accrued:
[96.414s][info][gc,stats    ]       0 of   935 ms (  0.0%): <total>
[96.414s][info][gc,stats    ]       0 of   935 ms (  0.0%): <average total>
[96.414s][info][gc,stats    ] 
[96.414s][info][gc,metaspace] Metaspace: 8977K(9216K)->8977K(9216K) NonClass: 7805K(7936K)->7805K(7936K) Class: 1171K(1280K)->1171K(1280K)
[96.414s][info][gc,ergo     ] Pacer for Idle. Initial: 163M, Alloc Tax Rate: 1.0x
[97.289s][info][gc          ] Trigger: Learning 3 of 5. Free (5720M) is below initial threshold (5734M)
[97.289s][info][gc,ergo     ] Free: 5720M, Max: 4096K regular, 5676M humongous, Frag: 1% external, 0% internal; Reserve: 412M, Max: 4096K
[97.289s][info][gc,start    ] GC(110) Concurrent reset
[97.289s][info][gc,task     ] GC(110) Using 1 of 3 workers for concurrent reset
[97.289s][info][gc,ergo     ] GC(110) Pacer for Reset. Non-Taxable: 8192M
[97.290s][info][gc          ] GC(110) Concurrent reset 0.753ms
[97.290s][info][gc,start    ] GC(110) Pause Init Mark (unload classes)
[97.290s][info][gc,task     ] GC(110) Using 3 of 3 workers for init marking
[97.290s][info][gc,ergo     ] GC(110) Pacer for Mark. Expected Live: 12015K, Free: 5720M, Non-Taxable: 572M, Alloc Tax Rate: 0.0x
[97.290s][info][gc          ] GC(110) Pause Init Mark (unload classes) 0.156ms
[97.290s][info][gc,start    ] GC(110) Concurrent marking roots
[97.290s][info][gc,task     ] GC(110) Using 1 of 3 workers for concurrent marking roots
[97.291s][info][gc          ] GC(110) Concurrent marking roots 0.446ms
[97.291s][info][gc,start    ] GC(110) Concurrent marking (unload classes)
[97.291s][info][gc,task     ] GC(110) Using 1 of 3 workers for concurrent marking
[97.312s][info][gc          ] GC(110) Concurrent marking (unload classes) 21.450ms
[97.312s][info][gc,start    ] GC(110) Pause Final Mark (unload classes)
[97.312s][info][gc,task     ] GC(110) Using 3 of 3 workers for final marking
[97.312s][info][gc,ergo     ] GC(110) Collectable Garbage: 1924M (94%), Immediate: 1924M (94%), CSet: 0B (0%)
[97.313s][info][gc          ] GC(110) Pause Final Mark (unload classes) 0.368ms
[97.313s][info][gc,start    ] GC(110) Concurrent weak references
[97.313s][info][gc,task     ] GC(110) Using 1 of 3 workers for concurrent weak references
[97.313s][info][gc,ref      ] GC(110) Encountered references: Soft: 144, Weak: 702, Final: 0, Phantom: 27
[97.313s][info][gc,ref      ] GC(110) Discovered  references: Soft: 0, Weak: 150, Final: 0, Phantom: 12
[97.313s][info][gc,ref      ] GC(110) Enqueued    references: Soft: 0, Weak: 0, Final: 0, Phantom: 0
[97.313s][info][gc          ] GC(110) Concurrent weak references 0.144ms
[97.313s][info][gc,start    ] GC(110) Concurrent weak roots
[97.313s][info][gc,task     ] GC(110) Using 1 of 3 workers for concurrent weak root
[97.313s][info][gc          ] GC(110) Concurrent weak roots 0.566ms
[97.313s][info][gc,start    ] GC(110) Concurrent cleanup
[97.313s][info][gc          ] GC(110) Concurrent cleanup 2107M->183M(8192M) 0.042ms
[97.313s][info][gc,ergo     ] GC(110) Free: 7596M, Max: 4096K regular, 5672M humongous, Frag: 26% external, 0% internal; Reserve: 412M, Max: 4096K
[97.313s][info][gc,start    ] GC(110) Concurrent class unloading
[97.313s][info][gc,task     ] GC(110) Using 1 of 3 workers for concurrent class unloading
[97.315s][info][gc          ] GC(110) Concurrent class unloading 1.866ms
[97.315s][info][gc,start    ] GC(110) Pause Final Roots
[97.315s][info][gc          ] GC(110) Pause Final Roots 0.023ms
[97.315s][info][gc,ergo     ] Free: 7592M, Max: 4096K regular, 5672M humongous, Frag: 26% external, 0% internal; Reserve: 412M, Max: 4096K
[97.315s][info][gc,stats    ] 
[97.315s][info][gc,stats    ] All times are wall-clock times, except per-root-class counters, that are sum over
[97.315s][info][gc,stats    ] all workers. Dividing the <total> over the root stage time estimates parallelism.
[97.315s][info][gc,stats    ] 
[97.315s][info][gc,stats    ] Concurrent Reset                    811 us
[97.315s][info][gc,stats    ] Pause Init Mark (G)                 321 us
[97.315s][info][gc,stats    ] Pause Init Mark (N)                 172 us
[97.315s][info][gc,stats    ]   Update Region States               70 us
[97.316s][info][gc,stats    ] Concurrent Mark Roots               464 us, parallelism: 0.74x
[97.316s][info][gc,stats    ]   CMR: <total>                      343 us
[97.316s][info][gc,stats    ]   CMR: Thread Roots                 299 us, workers (us): 299, ---, ---, 
[97.316s][info][gc,stats    ]   CMR: VM Strong Roots                6 us, workers (us):   6, ---, ---, 
[97.316s][info][gc,stats    ]   CMR: CLDG Roots                    39 us, workers (us):  39, ---, ---, 
[97.316s][info][gc,stats    ] Concurrent Marking                21516 us
[97.316s][info][gc,stats    ] Pause Final Mark (G)                531 us
[97.316s][info][gc,stats    ] Pause Final Mark (N)                388 us
[97.316s][info][gc,stats    ]   Finish Mark                       122 us
[97.316s][info][gc,stats    ]   Update Region States               88 us
[97.316s][info][gc,stats    ]   Choose Collection Set              63 us
[97.316s][info][gc,stats    ]   Rebuild Free Set                   17 us
[97.316s][info][gc,stats    ] Concurrent Weak References          151 us, parallelism: 0.03x
[97.316s][info][gc,stats    ]   CWRF: <total>                       5 us
[97.316s][info][gc,stats    ]   CWRF: Weak References               5 us, workers (us):   5, ---, ---, 
[97.316s][info][gc,stats    ] Concurrent Weak Roots               584 us
[97.316s][info][gc,stats    ]   Roots                             468 us, parallelism: 0.89x
[97.316s][info][gc,stats    ]     CWR: <total>                    415 us
[97.316s][info][gc,stats    ]     CWR: Code Cache Roots           345 us, workers (us): 345, ---, ---, 
[97.316s][info][gc,stats    ]     CWR: VM Weak Roots               64 us, workers (us):  64, ---, ---, 
[97.316s][info][gc,stats    ]     CWR: CLDG Roots                   6 us, workers (us):   6, ---, ---, 
[97.316s][info][gc,stats    ]   Rendezvous                         82 us
[97.316s][info][gc,stats    ] Concurrent Cleanup                   50 us
[97.316s][info][gc,stats    ] Concurrent Class Unloading         1894 us
[97.316s][info][gc,stats    ]   Unlink Stale                     1723 us
[97.316s][info][gc,stats    ]     System Dictionary                 3 us
[97.316s][info][gc,stats    ]     Weak Class Links                  0 us
[97.316s][info][gc,stats    ]     Code Roots                     1718 us
[97.316s][info][gc,stats    ]   Rendezvous                         57 us
[97.316s][info][gc,stats    ]   Purge Unlinked                     69 us
[97.316s][info][gc,stats    ]     Code Roots                       64 us
[97.316s][info][gc,stats    ]     CLDG                              4 us
[97.316s][info][gc,stats    ]     Exception Caches                  0 us
[97.316s][info][gc,stats    ] Pause Final Roots (G)               111 us
[97.316s][info][gc,stats    ] Pause Final Roots (N)                31 us
[97.316s][info][gc,stats    ] 
[97.316s][info][gc,stats    ] Allocation pacing accrued:
[97.316s][info][gc,stats    ]       0 of   902 ms (  0.0%): <total>
[97.316s][info][gc,stats    ]       0 of   902 ms (  0.0%): <average total>
[97.316s][info][gc,stats    ] 
[97.316s][info][gc,metaspace] Metaspace: 8977K(9216K)->8977K(9216K) NonClass: 7805K(7936K)->7805K(7936K) Class: 1171K(1280K)->1171K(1280K)
[97.316s][info][gc,ergo     ] Pacer for Idle. Initial: 163M, Alloc Tax Rate: 1.0x
[98.215s][info][gc          ] Trigger: Learning 4 of 5. Free (5712M) is below initial threshold (5734M)
[98.215s][info][gc,ergo     ] Free: 5712M, Max: 4096K regular, 5672M humongous, Frag: 1% external, 0% internal; Reserve: 412M, Max: 4096K
[98.215s][info][gc,start    ] GC(111) Concurrent reset
[98.215s][info][gc,task     ] GC(111) Using 1 of 3 workers for concurrent reset
[98.215s][info][gc,ergo     ] GC(111) Pacer for Reset. Non-Taxable: 8192M
[98.216s][info][gc          ] GC(111) Concurrent reset 0.996ms
[98.216s][info][gc,start    ] GC(111) Pause Init Mark (unload classes)
[98.216s][info][gc,task     ] GC(111) Using 3 of 3 workers for init marking
[98.217s][info][gc,ergo     ] GC(111) Pacer for Mark. Expected Live: 13236K, Free: 5712M, Non-Taxable: 571M, Alloc Tax Rate: 0.0x
[98.217s][info][gc          ] GC(111) Pause Init Mark (unload classes) 0.224ms
[98.217s][info][gc,start    ] GC(111) Concurrent marking roots
[98.217s][info][gc,task     ] GC(111) Using 1 of 3 workers for concurrent marking roots
[98.217s][info][gc          ] GC(111) Concurrent marking roots 0.429ms
[98.217s][info][gc,start    ] GC(111) Concurrent marking (unload classes)
[98.217s][info][gc,task     ] GC(111) Using 1 of 3 workers for concurrent marking
[98.247s][info][gc          ] GC(111) Concurrent marking (unload classes) 30.147ms
[98.247s][info][gc,start    ] GC(111) Pause Final Mark (unload classes)
[98.247s][info][gc,task     ] GC(111) Using 3 of 3 workers for final marking
[98.248s][info][gc,ergo     ] GC(111) Collectable Garbage: 1944M (94%), Immediate: 1944M (94%), CSet: 0B (0%)
[98.248s][info][gc          ] GC(111) Pause Final Mark (unload classes) 0.343ms
[98.248s][info][gc,start    ] GC(111) Concurrent weak references
[98.248s][info][gc,task     ] GC(111) Using 1 of 3 workers for concurrent weak references
[98.248s][info][gc,ref      ] GC(111) Encountered references: Soft: 144, Weak: 702, Final: 0, Phantom: 27
[98.248s][info][gc,ref      ] GC(111) Discovered  references: Soft: 0, Weak: 150, Final: 0, Phantom: 12
[98.248s][info][gc,ref      ] GC(111) Enqueued    references: Soft: 0, Weak: 0, Final: 0, Phantom: 0
[98.248s][info][gc          ] GC(111) Concurrent weak references 0.195ms
[98.248s][info][gc,start    ] GC(111) Concurrent weak roots
[98.248s][info][gc,task     ] GC(111) Using 1 of 3 workers for concurrent weak root
[98.249s][info][gc          ] GC(111) Concurrent weak roots 0.586ms
[98.249s][info][gc,start    ] GC(111) Concurrent cleanup
[98.249s][info][gc          ] GC(111) Concurrent cleanup 2135M->191M(8192M) 0.042ms
[98.249s][info][gc,ergo     ] GC(111) Free: 7588M, Max: 4096K regular, 5644M humongous, Frag: 26% external, 0% internal; Reserve: 412M, Max: 4096K
[98.249s][info][gc,start    ] GC(111) Concurrent class unloading
[98.249s][info][gc,task     ] GC(111) Using 1 of 3 workers for concurrent class unloading
[98.251s][info][gc          ] GC(111) Concurrent class unloading 2.030ms
[98.251s][info][gc,start    ] GC(111) Pause Final Roots
[98.251s][info][gc          ] GC(111) Pause Final Roots 0.020ms
[98.251s][info][gc,ergo     ] Free: 7584M, Max: 4096K regular, 5644M humongous, Frag: 26% external, 0% internal; Reserve: 412M, Max: 4096K
[98.251s][info][gc,stats    ] 
[98.251s][info][gc,stats    ] All times are wall-clock times, except per-root-class counters, that are sum over
[98.251s][info][gc,stats    ] all workers. Dividing the <total> over the root stage time estimates parallelism.
[98.251s][info][gc,stats    ] 
[98.251s][info][gc,stats    ] Concurrent Reset                   1057 us
[98.251s][info][gc,stats    ] Pause Init Mark (G)                 385 us
[98.251s][info][gc,stats    ] Pause Init Mark (N)                 242 us
[98.251s][info][gc,stats    ]   Update Region States               95 us
[98.251s][info][gc,stats    ] Concurrent Mark Roots               451 us, parallelism: 0.74x
[98.251s][info][gc,stats    ]   CMR: <total>                      332 us
[98.251s][info][gc,stats    ]   CMR: Thread Roots                 292 us, workers (us): 292, ---, ---, 
[98.251s][info][gc,stats    ]   CMR: VM Strong Roots                5 us, workers (us):   5, ---, ---, 
[98.251s][info][gc,stats    ]   CMR: CLDG Roots                    35 us, workers (us):  35, ---, ---, 
[98.251s][info][gc,stats    ] Concurrent Marking                30210 us
[98.251s][info][gc,stats    ] Pause Final Mark (G)                510 us
[98.251s][info][gc,stats    ] Pause Final Mark (N)                362 us
[98.251s][info][gc,stats    ]   Finish Mark                       102 us
[98.251s][info][gc,stats    ]   Update Region States               89 us
[98.251s][info][gc,stats    ]   Choose Collection Set              62 us
[98.251s][info][gc,stats    ]   Rebuild Free Set                   16 us
[98.251s][info][gc,stats    ] Concurrent Weak References          210 us, parallelism: 0.04x
[98.251s][info][gc,stats    ]   CWRF: <total>                       7 us
[98.251s][info][gc,stats    ]   CWRF: Weak References               7 us, workers (us):   7, ---, ---, 
[98.251s][info][gc,stats    ] Concurrent Weak Roots               605 us
[98.251s][info][gc,stats    ]   Roots                             473 us, parallelism: 0.88x
[98.251s][info][gc,stats    ]     CWR: <total>                    417 us
[98.251s][info][gc,stats    ]     CWR: Code Cache Roots           346 us, workers (us): 346, ---, ---, 
[98.251s][info][gc,stats    ]     CWR: VM Weak Roots               66 us, workers (us):  66, ---, ---, 
[98.251s][info][gc,stats    ]     CWR: CLDG Roots                   6 us, workers (us):   6, ---, ---, 
[98.251s][info][gc,stats    ]   Rendezvous                         82 us
[98.251s][info][gc,stats    ] Concurrent Cleanup                   51 us
[98.251s][info][gc,stats    ] Concurrent Class Unloading         2079 us
[98.251s][info][gc,stats    ]   Unlink Stale                     1760 us
[98.251s][info][gc,stats    ]     System Dictionary                 3 us
[98.251s][info][gc,stats    ]     Weak Class Links                  0 us
[98.251s][info][gc,stats    ]     Code Roots                     1756 us
[98.251s][info][gc,stats    ]   Rendezvous                        135 us
[98.251s][info][gc,stats    ]   Purge Unlinked                    116 us
[98.251s][info][gc,stats    ]     Code Roots                      107 us
[98.251s][info][gc,stats    ]     CLDG                              8 us
[98.251s][info][gc,stats    ]     Exception Caches                  0 us
[98.251s][info][gc,stats    ] Pause Final Roots (G)               114 us
[98.251s][info][gc,stats    ] Pause Final Roots (N)                28 us
[98.251s][info][gc,stats    ] 
[98.251s][info][gc,stats    ] Allocation pacing accrued:
[98.251s][info][gc,stats    ]       0 of   935 ms (  0.0%): <total>
[98.251s][info][gc,stats    ]       0 of   935 ms (  0.0%): <average total>
[98.251s][info][gc,stats    ] 
[98.252s][info][gc,metaspace] Metaspace: 8977K(9216K)->8977K(9216K) NonClass: 7805K(7936K)->7805K(7936K) Class: 1171K(1280K)->1171K(1280K)
[98.252s][info][gc,ergo     ] Pacer for Idle. Initial: 163M, Alloc Tax Rate: 1.0x
[98.952s][info][gc          ] Trigger: Explicit GC request (System.gc())
[98.952s][info][gc,ergo     ] Free: 6724M, Max: 4096K regular, 5644M humongous, Frag: 17% external, 0% internal; Reserve: 412M, Max: 4096K
[98.952s][info][gc,start    ] GC(112) Concurrent reset
[98.952s][info][gc,task     ] GC(112) Using 1 of 3 workers for concurrent reset
[98.952s][info][gc,ergo     ] GC(112) Pacer for Reset. Non-Taxable: 8192M
[98.953s][info][gc          ] GC(112) Concurrent reset 0.698ms
[98.953s][info][gc,start    ] GC(112) Pause Init Mark (unload classes)
[98.953s][info][gc,task     ] GC(112) Using 3 of 3 workers for init marking
[98.953s][info][gc,ref      ] GC(112) Clearing All SoftReferences
[98.953s][info][gc,ergo     ] GC(112) Pacer for Mark. Expected Live: 14496K, Free: 6724M, Non-Taxable: 672M, Alloc Tax Rate: 0.0x
[98.953s][info][gc          ] GC(112) Pause Init Mark (unload classes) 0.165ms
[98.953s][info][gc,start    ] GC(112) Concurrent marking roots
[98.953s][info][gc,task     ] GC(112) Using 1 of 3 workers for concurrent marking roots
[98.954s][info][gc          ] GC(112) Concurrent marking roots 0.544ms
[98.954s][info][gc,start    ] GC(112) Concurrent marking (unload classes)
[98.954s][info][gc,task     ] GC(112) Using 1 of 3 workers for concurrent marking
[98.958s][info][gc          ] GC(112) Concurrent marking (unload classes) 4.163ms
[98.958s][info][gc,start    ] GC(112) Pause Final Mark (unload classes)
[98.958s][info][gc,task     ] GC(112) Using 3 of 3 workers for final marking
[98.958s][info][gc,ergo     ] GC(112) Collectable Garbage: 983M (93%), Immediate: 983M (93%), CSet: 0B (0%)
[98.959s][info][gc          ] GC(112) Pause Final Mark (unload classes) 0.299ms
[98.959s][info][gc,start    ] GC(112) Concurrent weak references
[98.959s][info][gc,task     ] GC(112) Using 1 of 3 workers for concurrent weak references
[98.959s][info][gc,ref      ] GC(112) Encountered references: Soft: 144, Weak: 702, Final: 0, Phantom: 27
[98.959s][info][gc,ref      ] GC(112) Discovered  references: Soft: 89, Weak: 168, Final: 0, Phantom: 25
[98.959s][info][gc,ref      ] GC(112) Enqueued    references: Soft: 3, Weak: 0, Final: 0, Phantom: 0
[98.959s][info][gc          ] GC(112) Concurrent weak references 0.153ms
[98.959s][info][gc,start    ] GC(112) Concurrent weak roots
[98.959s][info][gc,task     ] GC(112) Using 1 of 3 workers for concurrent weak root
[98.959s][info][gc          ] GC(112) Concurrent weak roots 0.655ms
[98.959s][info][gc,start    ] GC(112) Concurrent cleanup
[98.959s][info][gc          ] GC(112) Concurrent cleanup 1055M->71M(8192M) 0.034ms
[98.959s][info][gc,ergo     ] GC(112) Free: 7708M, Max: 4096K regular, 6832M humongous, Frag: 12% external, 0% internal; Reserve: 412M, Max: 4096K
[98.959s][info][gc,start    ] GC(112) Concurrent class unloading
[98.959s][info][gc,task     ] GC(112) Using 1 of 3 workers for concurrent class unloading
[98.962s][info][gc          ] GC(112) Concurrent class unloading 2.060ms
[98.962s][info][gc,start    ] GC(112) Pause Final Roots
[98.962s][info][gc          ] GC(112) Pause Final Roots 0.020ms
[98.962s][info][gc,ergo     ] Free: 7708M, Max: 4096K regular, 6832M humongous, Frag: 12% external, 0% internal; Reserve: 412M, Max: 4096K
[98.962s][info][gc,stats    ] 
[98.962s][info][gc,stats    ] All times are wall-clock times, except per-root-class counters, that are sum over
[98.962s][info][gc,stats    ] all workers. Dividing the <total> over the root stage time estimates parallelism.
[98.962s][info][gc,stats    ] 
[98.962s][info][gc,stats    ] Concurrent Reset                    747 us
[98.962s][info][gc,stats    ] Pause Init Mark (G)                 259 us
[98.962s][info][gc,stats    ] Pause Init Mark (N)                 181 us
[98.962s][info][gc,stats    ]   Update Region States               64 us
[98.962s][info][gc,stats    ] Concurrent Mark Roots               554 us, parallelism: 0.84x
[98.962s][info][gc,stats    ]   CMR: <total>                      463 us
[98.962s][info][gc,stats    ]   CMR: Thread Roots                 396 us, workers (us): 396, ---, ---, 
[98.962s][info][gc,stats    ]   CMR: VM Strong Roots                7 us, workers (us):   7, ---, ---, 
[98.962s][info][gc,stats    ]   CMR: CLDG Roots                    61 us, workers (us):  61, ---, ---, 
[98.962s][info][gc,stats    ] Concurrent Marking                 4206 us
[98.962s][info][gc,stats    ] Pause Final Mark (G)                410 us
[98.962s][info][gc,stats    ] Pause Final Mark (N)                321 us
[98.962s][info][gc,stats    ]   Finish Mark                        92 us
[98.962s][info][gc,stats    ]   Update Region States               51 us
[98.962s][info][gc,stats    ]   Choose Collection Set              54 us
[98.962s][info][gc,stats    ]   Rebuild Free Set                   21 us
[98.962s][info][gc,stats    ] Concurrent Weak References          168 us, parallelism: 0.05x
[98.962s][info][gc,stats    ]   CWRF: <total>                       8 us
[98.962s][info][gc,stats    ]   CWRF: Weak References               8 us, workers (us):   8, ---, ---, 
[98.962s][info][gc,stats    ] Concurrent Weak Roots               666 us
[98.962s][info][gc,stats    ]   Roots                             539 us, parallelism: 0.90x
[98.962s][info][gc,stats    ]     CWR: <total>                    484 us
[98.962s][info][gc,stats    ]     CWR: Code Cache Roots           367 us, workers (us): 367, ---, ---, 
[98.962s][info][gc,stats    ]     CWR: VM Weak Roots              111 us, workers (us): 111, ---, ---, 
[98.962s][info][gc,stats    ]     CWR: CLDG Roots                   5 us, workers (us):   5, ---, ---, 
[98.962s][info][gc,stats    ]   Rendezvous                         87 us
[98.962s][info][gc,stats    ] Concurrent Cleanup                   42 us
[98.962s][info][gc,stats    ] Concurrent Class Unloading         2089 us
[98.962s][info][gc,stats    ]   Unlink Stale                     1697 us
[98.962s][info][gc,stats    ]     System Dictionary                 2 us
[98.962s][info][gc,stats    ]     Weak Class Links                  0 us
[98.962s][info][gc,stats    ]     Code Roots                     1693 us
[98.962s][info][gc,stats    ]   Rendezvous                        236 us
[98.962s][info][gc,stats    ]   Purge Unlinked                    112 us
[98.962s][info][gc,stats    ]     Code Roots                      106 us
[98.962s][info][gc,stats    ]     CLDG                              5 us
[98.962s][info][gc,stats    ]     Exception Caches                  0 us
[98.962s][info][gc,stats    ] Pause Final Roots (G)                69 us
[98.962s][info][gc,stats    ] Pause Final Roots (N)                28 us
[98.962s][info][gc,stats    ] 
[98.962s][info][gc,stats    ] Allocation pacing accrued:
[98.962s][info][gc,stats    ]       0 of   711 ms (  0.0%): <total>
[98.962s][info][gc,stats    ]       0 of   711 ms (  0.0%): <average total>
[98.962s][info][gc,stats    ] 
[98.962s][info][gc,metaspace] Metaspace: 8977K(9216K)->8981K(9216K) NonClass: 7805K(7936K)->7809K(7936K) Class: 1171K(1280K)->1171K(1280K)
[98.962s][info][gc,ergo     ] Pacer for Idle. Initial: 163M, Alloc Tax Rate: 1.0x
[99.878s][info][gc          ] Trigger: Learning 2 of 5. Free (5712M) is below initial threshold (5734M)
[99.878s][info][gc,ergo     ] Free: 5712M, Max: 4096K regular, 5712M humongous, Frag: 0% external, 0% internal; Reserve: 412M, Max: 4096K
[99.878s][info][gc,start    ] GC(113) Concurrent reset
[99.878s][info][gc,task     ] GC(113) Using 1 of 3 workers for concurrent reset
[99.878s][info][gc,ergo     ] GC(113) Pacer for Reset. Non-Taxable: 8192M
[99.878s][info][gc          ] GC(113) Concurrent reset 0.354ms
[99.878s][info][gc,start    ] GC(113) Pause Init Mark (unload classes)
[99.878s][info][gc,task     ] GC(113) Using 3 of 3 workers for init marking
[99.878s][info][gc,ergo     ] GC(113) Pacer for Mark. Expected Live: 10699K, Free: 5712M, Non-Taxable: 571M, Alloc Tax Rate: 0.0x
[99.879s][info][gc          ] GC(113) Pause Init Mark (unload classes) 0.239ms
[99.879s][info][gc,start    ] GC(113) Concurrent marking roots
[99.879s][info][gc,task     ] GC(113) Using 1 of 3 workers for concurrent marking roots
[99.879s][info][gc          ] GC(113) Concurrent marking roots 0.745ms
[99.879s][info][gc,start    ] GC(113) Concurrent marking (unload classes)
[99.879s][info][gc,task     ] GC(113) Using 1 of 3 workers for concurrent marking
[99.892s][info][gc          ] GC(113) Concurrent marking (unload classes) 12.683ms
[99.892s][info][gc,start    ] GC(113) Pause Final Mark (unload classes)
[99.892s][info][gc,task     ] GC(113) Using 3 of 3 workers for final marking
[99.892s][info][gc,ergo     ] GC(113) Collectable Garbage: 1960M (95%), Immediate: 1960M (95%), CSet: 0B (0%)
[99.893s][info][gc          ] GC(113) Pause Final Mark (unload classes) 0.353ms
[99.893s][info][gc,start    ] GC(113) Concurrent weak references
[99.893s][info][gc,task     ] GC(113) Using 1 of 3 workers for concurrent weak references
[99.893s][info][gc,ref      ] GC(113) Encountered references: Soft: 144, Weak: 702, Final: 0, Phantom: 27
[99.893s][info][gc,ref      ] GC(113) Discovered  references: Soft: 0, Weak: 150, Final: 0, Phantom: 12
[99.893s][info][gc,ref      ] GC(113) Enqueued    references: Soft: 0, Weak: 0, Final: 0, Phantom: 0
[99.893s][info][gc          ] GC(113) Concurrent weak references 0.097ms
[99.893s][info][gc,start    ] GC(113) Concurrent weak roots
[99.893s][info][gc,task     ] GC(113) Using 1 of 3 workers for concurrent weak root
[99.893s][info][gc          ] GC(113) Concurrent weak roots 0.571ms
[99.893s][info][gc,start    ] GC(113) Concurrent cleanup
[99.893s][info][gc          ] GC(113) Concurrent cleanup 2099M->139M(8192M) 0.069ms
[99.893s][info][gc,ergo     ] GC(113) Free: 7640M, Max: 4096K regular, 5680M humongous, Frag: 26% external, 0% internal; Reserve: 412M, Max: 4096K
[99.893s][info][gc,start    ] GC(113) Concurrent class unloading
[99.893s][info][gc,task     ] GC(113) Using 1 of 3 workers for concurrent class unloading
[99.895s][info][gc          ] GC(113) Concurrent class unloading 1.904ms
[99.895s][info][gc,start    ] GC(113) Pause Final Roots
[99.895s][info][gc          ] GC(113) Pause Final Roots 0.028ms
[99.895s][info][gc,ergo     ] Free: 7636M, Max: 4096K regular, 5680M humongous, Frag: 26% external, 0% internal; Reserve: 412M, Max: 4096K
[99.896s][info][gc,stats    ] 
[99.896s][info][gc,stats    ] All times are wall-clock times, except per-root-class counters, that are sum over
[99.896s][info][gc,stats    ] all workers. Dividing the <total> over the root stage time estimates parallelism.
[99.896s][info][gc,stats    ] 
[99.896s][info][gc,stats    ] Concurrent Reset                    387 us
[99.896s][info][gc,stats    ] Pause Init Mark (G)                 369 us
[99.896s][info][gc,stats    ] Pause Init Mark (N)                 249 us
[99.896s][info][gc,stats    ]   Update Region States              119 us
[99.896s][info][gc,stats    ] Concurrent Mark Roots               769 us, parallelism: 0.84x
[99.896s][info][gc,stats    ]   CMR: <total>                      647 us
[99.896s][info][gc,stats    ]   CMR: Thread Roots                 578 us, workers (us): 578, ---, ---, 
[99.896s][info][gc,stats    ]   CMR: VM Strong Roots                6 us, workers (us):   6, ---, ---, 
[99.896s][info][gc,stats    ]   CMR: CLDG Roots                    63 us, workers (us):  63, ---, ---, 
[99.896s][info][gc,stats    ] Concurrent Marking                12746 us
[99.896s][info][gc,stats    ] Pause Final Mark (G)                495 us
[99.896s][info][gc,stats    ] Pause Final Mark (N)                373 us
[99.896s][info][gc,stats    ]   Finish Mark                       117 us
[99.896s][info][gc,stats    ]   Update Region States               89 us
[99.896s][info][gc,stats    ]   Choose Collection Set              63 us
[99.896s][info][gc,stats    ]   Rebuild Free Set                   16 us
[99.896s][info][gc,stats    ] Concurrent Weak References          104 us, parallelism: 0.04x
[99.896s][info][gc,stats    ]   CWRF: <total>                       5 us
[99.896s][info][gc,stats    ]   CWRF: Weak References               5 us, workers (us):   5, ---, ---, 
[99.896s][info][gc,stats    ] Concurrent Weak Roots               590 us
[99.896s][info][gc,stats    ]   Roots                             459 us, parallelism: 0.89x
[99.896s][info][gc,stats    ]     CWR: <total>                    409 us
[99.896s][info][gc,stats    ]     CWR: Code Cache Roots           340 us, workers (us): 340, ---, ---, 
[99.896s][info][gc,stats    ]     CWR: VM Weak Roots               63 us, workers (us):  63, ---, ---, 
[99.896s][info][gc,stats    ]     CWR: CLDG Roots                   5 us, workers (us):   5, ---, ---, 
[99.896s][info][gc,stats    ]   Rendezvous                         96 us
[99.896s][info][gc,stats    ] Concurrent Cleanup                   78 us
[99.896s][info][gc,stats    ] Concurrent Class Unloading         1945 us
[99.896s][info][gc,stats    ]   Unlink Stale                     1744 us
[99.896s][info][gc,stats    ]     System Dictionary                 3 us
[99.896s][info][gc,stats    ]     Weak Class Links                  0 us
[99.896s][info][gc,stats    ]     Code Roots                     1740 us
[99.896s][info][gc,stats    ]   Rendezvous                         57 us
[99.896s][info][gc,stats    ]   Purge Unlinked                     87 us
[99.896s][info][gc,stats    ]     Code Roots                       81 us
[99.896s][info][gc,stats    ]     CLDG                              5 us
[99.896s][info][gc,stats    ]     Exception Caches                  0 us
[99.896s][info][gc,stats    ] Pause Final Roots (G)               116 us
[99.896s][info][gc,stats    ] Pause Final Roots (N)                36 us
[99.896s][info][gc,stats    ] 
[99.896s][info][gc,stats    ] Allocation pacing accrued:
[99.896s][info][gc,stats    ]       0 of   934 ms (  0.0%): <total>
[99.896s][info][gc,stats    ]       0 of   934 ms (  0.0%): <average total>
[99.896s][info][gc,stats    ] 
[99.896s][info][gc,metaspace] Metaspace: 8981K(9216K)->8981K(9216K) NonClass: 7809K(7936K)->7809K(7936K) Class: 1171K(1280K)->1171K(1280K)
[99.896s][info][gc,ergo     ] Pacer for Idle. Initial: 163M, Alloc Tax Rate: 1.0x
[100.773s][info][gc          ] Trigger: Learning 3 of 5. Free (5732M) is below initial threshold (5734M)
[100.773s][info][gc,ergo     ] Free: 5732M, Max: 4096K regular, 5680M humongous, Frag: 1% external, 0% internal; Reserve: 412M, Max: 4096K
[100.773s][info][gc,start    ] GC(114) Concurrent reset
[100.773s][info][gc,task     ] GC(114) Using 1 of 3 workers for concurrent reset
[100.773s][info][gc,ergo     ] GC(114) Pacer for Reset. Non-Taxable: 8192M
[100.774s][info][gc          ] GC(114) Concurrent reset 0.703ms
[100.774s][info][gc,start    ] GC(114) Pause Init Mark (unload classes)
[100.774s][info][gc,task     ] GC(114) Using 3 of 3 workers for init marking
[100.774s][info][gc,ergo     ] GC(114) Pacer for Mark. Expected Live: 11998K, Free: 5732M, Non-Taxable: 573M, Alloc Tax Rate: 0.0x
[100.774s][info][gc          ] GC(114) Pause Init Mark (unload classes) 0.175ms
[100.774s][info][gc,start    ] GC(114) Concurrent marking roots
[100.774s][info][gc,task     ] GC(114) Using 1 of 3 workers for concurrent marking roots
[100.775s][info][gc          ] GC(114) Concurrent marking roots 0.480ms
[100.775s][info][gc,start    ] GC(114) Concurrent marking (unload classes)
[100.775s][info][gc,task     ] GC(114) Using 1 of 3 workers for concurrent marking
[100.796s][info][gc          ] GC(114) Concurrent marking (unload classes) 21.065ms
[100.796s][info][gc,start    ] GC(114) Pause Final Mark (unload classes)
[100.796s][info][gc,task     ] GC(114) Using 3 of 3 workers for final marking
[100.796s][info][gc,ergo     ] GC(114) Collectable Garbage: 1919M (94%), Immediate: 1919M (94%), CSet: 0B (0%)
[100.796s][info][gc          ] GC(114) Pause Final Mark (unload classes) 0.385ms
[100.796s][info][gc,start    ] GC(114) Concurrent weak references
[100.796s][info][gc,task     ] GC(114) Using 1 of 3 workers for concurrent weak references
[100.796s][info][gc,ref      ] GC(114) Encountered references: Soft: 144, Weak: 702, Final: 0, Phantom: 27
[100.796s][info][gc,ref      ] GC(114) Discovered  references: Soft: 0, Weak: 150, Final: 0, Phantom: 12
[100.796s][info][gc,ref      ] GC(114) Enqueued    references: Soft: 0, Weak: 0, Final: 0, Phantom: 0
[100.796s][info][gc          ] GC(114) Concurrent weak references 0.143ms
[100.796s][info][gc,start    ] GC(114) Concurrent weak roots
[100.796s][info][gc,task     ] GC(114) Using 1 of 3 workers for concurrent weak root
[100.797s][info][gc          ] GC(114) Concurrent weak roots 0.700ms
[100.797s][info][gc,start    ] GC(114) Concurrent cleanup
[100.797s][info][gc          ] GC(114) Concurrent cleanup 2095M->175M(8192M) 0.042ms
[100.797s][info][gc,ergo     ] GC(114) Free: 7604M, Max: 4096K regular, 5724M humongous, Frag: 25% external, 0% internal; Reserve: 412M, Max: 4096K
[100.797s][info][gc,start    ] GC(114) Concurrent class unloading
[100.797s][info][gc,task     ] GC(114) Using 1 of 3 workers for concurrent class unloading
[100.799s][info][gc          ] GC(114) Concurrent class unloading 1.865ms
[100.799s][info][gc,start    ] GC(114) Pause Final Roots
[100.799s][info][gc          ] GC(114) Pause Final Roots 0.020ms
[100.799s][info][gc,ergo     ] Free: 7600M, Max: 4096K regular, 5724M humongous, Frag: 25% external, 0% internal; Reserve: 412M, Max: 4096K
[100.799s][info][gc,stats    ] 
[100.799s][info][gc,stats    ] All times are wall-clock times, except per-root-class counters, that are sum over
[100.799s][info][gc,stats    ] all workers. Dividing the <total> over the root stage time estimates parallelism.
[100.799s][info][gc,stats    ] 
[100.799s][info][gc,stats    ] Concurrent Reset                    767 us
[100.799s][info][gc,stats    ] Pause Init Mark (G)                 339 us
[100.799s][info][gc,stats    ] Pause Init Mark (N)                 192 us
[100.799s][info][gc,stats    ]   Update Region States               72 us
[100.799s][info][gc,stats    ] Concurrent Mark Roots               500 us, parallelism: 0.72x
[100.799s][info][gc,stats    ]   CMR: <total>                      362 us
[100.799s][info][gc,stats    ]   CMR: Thread Roots                 319 us, workers (us): 319, ---, ---, 
[100.799s][info][gc,stats    ]   CMR: VM Strong Roots                5 us, workers (us):   5, ---, ---, 
[100.799s][info][gc,stats    ]   CMR: CLDG Roots                    38 us, workers (us):  38, ---, ---, 
[100.799s][info][gc,stats    ] Concurrent Marking                21128 us
[100.799s][info][gc,stats    ] Pause Final Mark (G)                551 us
[100.799s][info][gc,stats    ] Pause Final Mark (N)                405 us
[100.799s][info][gc,stats    ]   Finish Mark                       150 us
[100.799s][info][gc,stats    ]   Update Region States               89 us
[100.799s][info][gc,stats    ]   Choose Collection Set              62 us
[100.799s][info][gc,stats    ]   Rebuild Free Set                   16 us
[100.799s][info][gc,stats    ] Concurrent Weak References          151 us, parallelism: 0.05x
[100.800s][info][gc,stats    ]   CWRF: <total>                       7 us
[100.800s][info][gc,stats    ]   CWRF: Weak References               7 us, workers (us):   7, ---, ---, 
[100.800s][info][gc,stats    ] Concurrent Weak Roots               719 us
[100.800s][info][gc,stats    ]   Roots                             604 us, parallelism: 0.88x
[100.800s][info][gc,stats    ]     CWR: <total>                    532 us
[100.800s][info][gc,stats    ]     CWR: Code Cache Roots           414 us, workers (us): 414, ---, ---, 
[100.800s][info][gc,stats    ]     CWR: VM Weak Roots              112 us, workers (us): 112, ---, ---, 
[100.800s][info][gc,stats    ]     CWR: CLDG Roots                   6 us, workers (us):   6, ---, ---, 
[100.800s][info][gc,stats    ]   Rendezvous                         81 us
[100.800s][info][gc,stats    ] Concurrent Cleanup                   50 us
[100.800s][info][gc,stats    ] Concurrent Class Unloading         1897 us
[100.800s][info][gc,stats    ]   Unlink Stale                     1702 us
[100.800s][info][gc,stats    ]     System Dictionary                 3 us
[100.800s][info][gc,stats    ]     Weak Class Links                  0 us
[100.800s][info][gc,stats    ]     Code Roots                     1698 us
[100.800s][info][gc,stats    ]   Rendezvous                         58 us
[100.800s][info][gc,stats    ]   Purge Unlinked                     88 us
[100.800s][info][gc,stats    ]     Code Roots                       82 us
[100.800s][info][gc,stats    ]     CLDG                              5 us
[100.800s][info][gc,stats    ]     Exception Caches                  0 us
[100.800s][info][gc,stats    ] Pause Final Roots (G)               117 us
[100.800s][info][gc,stats    ] Pause Final Roots (N)                28 us
[100.800s][info][gc,stats    ] 
[100.800s][info][gc,stats    ] Allocation pacing accrued:
[100.800s][info][gc,stats    ]       0 of   904 ms (  0.0%): <total>
[100.800s][info][gc,stats    ]       0 of   904 ms (  0.0%): <average total>
[100.800s][info][gc,stats    ] 
[100.800s][info][gc,metaspace] Metaspace: 8981K(9216K)->8981K(9216K) NonClass: 7809K(7936K)->7809K(7936K) Class: 1171K(1280K)->1171K(1280K)
[100.800s][info][gc,ergo     ] Pacer for Idle. Initial: 163M, Alloc Tax Rate: 1.0x
[101.698s][info][gc          ] Trigger: Learning 4 of 5. Free (5716M) is below initial threshold (5734M)
[101.699s][info][gc,ergo     ] Free: 5716M, Max: 4096K regular, 5716M humongous, Frag: 0% external, 0% internal; Reserve: 412M, Max: 4096K
[101.699s][info][gc,start    ] GC(115) Concurrent reset
[101.699s][info][gc,task     ] GC(115) Using 1 of 3 workers for concurrent reset
[101.699s][info][gc,ergo     ] GC(115) Pacer for Reset. Non-Taxable: 8192M
[101.699s][info][gc          ] GC(115) Concurrent reset 0.668ms
[101.699s][info][gc,start    ] GC(115) Pause Init Mark (unload classes)
[101.699s][info][gc,task     ] GC(115) Using 3 of 3 workers for init marking
[101.700s][info][gc,ergo     ] GC(115) Pacer for Mark. Expected Live: 13211K, Free: 5716M, Non-Taxable: 571M, Alloc Tax Rate: 0.0x
[101.700s][info][gc          ] GC(115) Pause Init Mark (unload classes) 0.197ms
[101.700s][info][gc,start    ] GC(115) Concurrent marking roots
[101.700s][info][gc,task     ] GC(115) Using 1 of 3 workers for concurrent marking roots
[101.700s][info][gc          ] GC(115) Concurrent marking roots 0.731ms
[101.700s][info][gc,start    ] GC(115) Concurrent marking (unload classes)
[101.700s][info][gc,task     ] GC(115) Using 1 of 3 workers for concurrent marking
[101.731s][info][gc          ] GC(115) Concurrent marking (unload classes) 30.110ms
[101.731s][info][gc,start    ] GC(115) Pause Final Mark (unload classes)
[101.731s][info][gc,task     ] GC(115) Using 3 of 3 workers for final marking
[101.731s][info][gc,ergo     ] GC(115) Collectable Garbage: 1952M (95%), Immediate: 1952M (95%), CSet: 0B (0%)
[101.731s][info][gc          ] GC(115) Pause Final Mark (unload classes) 0.352ms
[101.731s][info][gc,start    ] GC(115) Concurrent weak references
[101.731s][info][gc,task     ] GC(115) Using 1 of 3 workers for concurrent weak references
[101.731s][info][gc,ref      ] GC(115) Encountered references: Soft: 144, Weak: 702, Final: 0, Phantom: 27
[101.731s][info][gc,ref      ] GC(115) Discovered  references: Soft: 0, Weak: 150, Final: 0, Phantom: 25
[101.731s][info][gc,ref      ] GC(115) Enqueued    references: Soft: 0, Weak: 0, Final: 0, Phantom: 0
[101.731s][info][gc          ] GC(115) Concurrent weak references 0.077ms
[101.731s][info][gc,start    ] GC(115) Concurrent weak roots
[101.731s][info][gc,task     ] GC(115) Using 1 of 3 workers for concurrent weak root
[101.732s][info][gc          ] GC(115) Concurrent weak roots 0.665ms
[101.732s][info][gc,start    ] GC(115) Concurrent cleanup
[101.732s][info][gc          ] GC(115) Concurrent cleanup 2123M->171M(8192M) 0.040ms
[101.732s][info][gc,ergo     ] GC(115) Free: 7608M, Max: 4096K regular, 5656M humongous, Frag: 26% external, 0% internal; Reserve: 412M, Max: 4096K
[101.732s][info][gc,start    ] GC(115) Concurrent class unloading
[101.732s][info][gc,task     ] GC(115) Using 1 of 3 workers for concurrent class unloading
[101.734s][info][gc          ] GC(115) Concurrent class unloading 1.802ms
[101.734s][info][gc,start    ] GC(115) Pause Final Roots
[101.734s][info][gc          ] GC(115) Pause Final Roots 0.023ms
[101.734s][info][gc,ergo     ] Free: 7604M, Max: 4096K regular, 5656M humongous, Frag: 26% external, 0% internal; Reserve: 412M, Max: 4096K
[101.734s][info][gc,stats    ] 
[101.734s][info][gc,stats    ] All times are wall-clock times, except per-root-class counters, that are sum over
[101.734s][info][gc,stats    ] all workers. Dividing the <total> over the root stage time estimates parallelism.
[101.734s][info][gc,stats    ] 
[101.734s][info][gc,stats    ] Concurrent Reset                    736 us
[101.734s][info][gc,stats    ] Pause Init Mark (G)                 395 us
[101.734s][info][gc,stats    ] Pause Init Mark (N)                 223 us
[101.734s][info][gc,stats    ]   Update Region States               77 us
[101.734s][info][gc,stats    ] Concurrent Mark Roots               740 us, parallelism: 0.87x
[101.734s][info][gc,stats    ]   CMR: <total>                      641 us
[101.734s][info][gc,stats    ]   CMR: Thread Roots                 570 us, workers (us): 570, ---, ---, 
[101.734s][info][gc,stats    ]   CMR: VM Strong Roots                8 us, workers (us):   8, ---, ---, 
[101.734s][info][gc,stats    ]   CMR: CLDG Roots                    63 us, workers (us):  63, ---, ---, 
[101.734s][info][gc,stats    ] Concurrent Marking                30178 us
[101.734s][info][gc,stats    ] Pause Final Mark (G)                526 us
[101.734s][info][gc,stats    ] Pause Final Mark (N)                371 us
[101.734s][info][gc,stats    ]   Finish Mark                       106 us
[101.734s][info][gc,stats    ]   Update Region States               86 us
[101.734s][info][gc,stats    ]   Choose Collection Set              62 us
[101.734s][info][gc,stats    ]   Rebuild Free Set                   17 us
[101.734s][info][gc,stats    ] Concurrent Weak References           84 us, parallelism: 0.06x
[101.734s][info][gc,stats    ]   CWRF: <total>                       5 us
[101.734s][info][gc,stats    ]   CWRF: Weak References               5 us, workers (us):   5, ---, ---, 
[101.734s][info][gc,stats    ] Concurrent Weak Roots               675 us
[101.734s][info][gc,stats    ]   Roots                             580 us, parallelism: 0.91x
[101.734s][info][gc,stats    ]     CWR: <total>                    527 us
[101.734s][info][gc,stats    ]     CWR: Code Cache Roots           407 us, workers (us): 407, ---, ---, 
[101.734s][info][gc,stats    ]     CWR: VM Weak Roots              113 us, workers (us): 113, ---, ---, 
[101.734s][info][gc,stats    ]     CWR: CLDG Roots                   6 us, workers (us):   6, ---, ---, 
[101.734s][info][gc,stats    ]   Rendezvous                         71 us
[101.734s][info][gc,stats    ] Concurrent Cleanup                   48 us
[101.734s][info][gc,stats    ] Concurrent Class Unloading         1814 us
[101.734s][info][gc,stats    ]   Unlink Stale                     1645 us
[101.734s][info][gc,stats    ]     System Dictionary                 3 us
[101.734s][info][gc,stats    ]     Weak Class Links                  0 us
[101.734s][info][gc,stats    ]     Code Roots                     1641 us
[101.734s][info][gc,stats    ]   Rendezvous                         38 us
[101.734s][info][gc,stats    ]   Purge Unlinked                    104 us
[101.734s][info][gc,stats    ]     Code Roots                      101 us
[101.734s][info][gc,stats    ]     CLDG                              3 us
[101.734s][info][gc,stats    ]     Exception Caches                  0 us
[101.734s][info][gc,stats    ] Pause Final Roots (G)                97 us
[101.735s][info][gc,stats    ] Pause Final Roots (N)                31 us
[101.735s][info][gc,stats    ] 
[101.735s][info][gc,stats    ] Allocation pacing accrued:
[101.735s][info][gc,stats    ]       0 of   935 ms (  0.0%): <total>
[101.735s][info][gc,stats    ]       0 of   935 ms (  0.0%): <average total>
[101.735s][info][gc,stats    ] 
[101.735s][info][gc,metaspace] Metaspace: 8981K(9216K)->8981K(9216K) NonClass: 7809K(7936K)->7809K(7936K) Class: 1171K(1280K)->1171K(1280K)
[101.735s][info][gc,ergo     ] Pacer for Idle. Initial: 163M, Alloc Tax Rate: 1.0x
[102.421s][info][gc          ] Trigger: Explicit GC request (System.gc())
[102.422s][info][gc,ergo     ] Free: 6732M, Max: 4096K regular, 5656M humongous, Frag: 16% external, 0% internal; Reserve: 412M, Max: 4096K
[102.422s][info][gc,start    ] GC(116) Concurrent reset
[102.422s][info][gc,task     ] GC(116) Using 1 of 3 workers for concurrent reset
[102.422s][info][gc,ergo     ] GC(116) Pacer for Reset. Non-Taxable: 8192M
[102.422s][info][gc          ] GC(116) Concurrent reset 0.615ms
[102.422s][info][gc,start    ] GC(116) Pause Init Mark (unload classes)
[102.422s][info][gc,task     ] GC(116) Using 3 of 3 workers for init marking
[102.422s][info][gc,ref      ] GC(116) Clearing All SoftReferences
[102.423s][info][gc,ergo     ] GC(116) Pacer for Mark. Expected Live: 14515K, Free: 6732M, Non-Taxable: 673M, Alloc Tax Rate: 0.0x
[102.423s][info][gc          ] GC(116) Pause Init Mark (unload classes) 0.147ms
[102.423s][info][gc,start    ] GC(116) Concurrent marking roots
[102.423s][info][gc,task     ] GC(116) Using 1 of 3 workers for concurrent marking roots
[102.423s][info][gc          ] GC(116) Concurrent marking roots 0.423ms
[102.423s][info][gc,start    ] GC(116) Concurrent marking (unload classes)
[102.423s][info][gc,task     ] GC(116) Using 1 of 3 workers for concurrent marking
[102.427s][info][gc          ] GC(116) Concurrent marking (unload classes) 3.753ms
[102.427s][info][gc,start    ] GC(116) Pause Final Mark (unload classes)
[102.427s][info][gc,task     ] GC(116) Using 3 of 3 workers for final marking
[102.427s][info][gc,ergo     ] GC(116) Collectable Garbage: 975M (93%), Immediate: 975M (93%), CSet: 0B (0%)
[102.427s][info][gc          ] GC(116) Pause Final Mark (unload classes) 0.546ms
[102.428s][info][gc,start    ] GC(116) Concurrent weak references
[102.428s][info][gc,task     ] GC(116) Using 1 of 3 workers for concurrent weak references
[102.428s][info][gc,ref      ] GC(116) Encountered references: Soft: 144, Weak: 702, Final: 0, Phantom: 27
[102.428s][info][gc,ref      ] GC(116) Discovered  references: Soft: 89, Weak: 168, Final: 0, Phantom: 25
[102.428s][info][gc,ref      ] GC(116) Enqueued    references: Soft: 3, Weak: 0, Final: 0, Phantom: 0
[102.428s][info][gc          ] GC(116) Concurrent weak references 0.167ms
[102.428s][info][gc,start    ] GC(116) Concurrent weak roots
[102.428s][info][gc,task     ] GC(116) Using 1 of 3 workers for concurrent weak root
[102.428s][info][gc          ] GC(116) Concurrent weak roots 0.512ms
[102.428s][info][gc,start    ] GC(116) Concurrent cleanup
[102.428s][info][gc          ] GC(116) Concurrent cleanup 1047M->71M(8192M) 0.031ms
[102.428s][info][gc,ergo     ] GC(116) Free: 7708M, Max: 4096K regular, 6820M humongous, Frag: 12% external, 0% internal; Reserve: 412M, Max: 4096K
[102.428s][info][gc,start    ] GC(116) Concurrent class unloading
[102.428s][info][gc,task     ] GC(116) Using 1 of 3 workers for concurrent class unloading
[102.430s][info][gc          ] GC(116) Concurrent class unloading 1.922ms
[102.430s][info][gc,start    ] GC(116) Pause Final Roots
[102.430s][info][gc          ] GC(116) Pause Final Roots 0.020ms
[102.430s][info][gc,ergo     ] Free: 7708M, Max: 4096K regular, 6820M humongous, Frag: 12% external, 0% internal; Reserve: 412M, Max: 4096K
[102.430s][info][gc,stats    ] 
[102.430s][info][gc,stats    ] All times are wall-clock times, except per-root-class counters, that are sum over
[102.430s][info][gc,stats    ] all workers. Dividing the <total> over the root stage time estimates parallelism.
[102.430s][info][gc,stats    ] 
[102.430s][info][gc,stats    ] Concurrent Reset                    691 us
[102.430s][info][gc,stats    ] Pause Init Mark (G)                 264 us
[102.430s][info][gc,stats    ] Pause Init Mark (N)                 155 us
[102.430s][info][gc,stats    ]   Update Region States               68 us
[102.430s][info][gc,stats    ] Concurrent Mark Roots               443 us, parallelism: 0.76x
[102.430s][info][gc,stats    ]   CMR: <total>                      335 us
[102.431s][info][gc,stats    ]   CMR: Thread Roots                 287 us, workers (us): 287, ---, ---, 
[102.431s][info][gc,stats    ]   CMR: VM Strong Roots                6 us, workers (us):   6, ---, ---, 
[102.431s][info][gc,stats    ]   CMR: CLDG Roots                    41 us, workers (us):  41, ---, ---, 
[102.431s][info][gc,stats    ] Concurrent Marking                 3819 us
[102.431s][info][gc,stats    ] Pause Final Mark (G)                695 us
[102.431s][info][gc,stats    ] Pause Final Mark (N)                576 us
[102.431s][info][gc,stats    ]   Finish Mark                       304 us
[102.431s][info][gc,stats    ]   Update Region States               75 us
[102.431s][info][gc,stats    ]   Choose Collection Set              65 us
[102.431s][info][gc,stats    ]   Rebuild Free Set                   21 us
[102.431s][info][gc,stats    ] Concurrent Weak References          175 us, parallelism: 0.09x
[102.431s][info][gc,stats    ]   CWRF: <total>                      15 us
[102.431s][info][gc,stats    ]   CWRF: Weak References              15 us, workers (us):  15, ---, ---, 
[102.431s][info][gc,stats    ] Concurrent Weak Roots               531 us
[102.431s][info][gc,stats    ]   Roots                             414 us, parallelism: 0.88x
[102.431s][info][gc,stats    ]     CWR: <total>                    362 us
[102.431s][info][gc,stats    ]     CWR: Code Cache Roots           295 us, workers (us): 295, ---, ---, 
[102.431s][info][gc,stats    ]     CWR: VM Weak Roots               62 us, workers (us):  62, ---, ---, 
[102.431s][info][gc,stats    ]     CWR: CLDG Roots                   5 us, workers (us):   5, ---, ---, 
[102.431s][info][gc,stats    ]   Rendezvous                         82 us
[102.431s][info][gc,stats    ] Concurrent Cleanup                   39 us
[102.431s][info][gc,stats    ] Concurrent Class Unloading         1973 us
[102.431s][info][gc,stats    ]   Unlink Stale                     1727 us
[102.431s][info][gc,stats    ]     System Dictionary                 2 us
[102.431s][info][gc,stats    ]     Weak Class Links                  0 us
[102.431s][info][gc,stats    ]     Code Roots                     1723 us
[102.431s][info][gc,stats    ]   Rendezvous                         57 us
[102.431s][info][gc,stats    ]   Purge Unlinked                    119 us
[102.431s][info][gc,stats    ]     Code Roots                      114 us
[102.431s][info][gc,stats    ]     CLDG                              5 us
[102.431s][info][gc,stats    ]     Exception Caches                  0 us
[102.431s][info][gc,stats    ] Pause Final Roots (G)                79 us
[102.431s][info][gc,stats    ] Pause Final Roots (N)                28 us
[102.431s][info][gc,stats    ] 
[102.431s][info][gc,stats    ] Allocation pacing accrued:
[102.431s][info][gc,stats    ]       0 of   696 ms (  0.0%): <total>
[102.431s][info][gc,stats    ]       0 of   696 ms (  0.0%): <average total>
[102.431s][info][gc,stats    ] 
[102.431s][info][gc,metaspace] Metaspace: 8981K(9216K)->8981K(9216K) NonClass: 7809K(7936K)->7810K(7936K) Class: 1171K(1280K)->1171K(1280K)
[102.431s][info][gc,ergo     ] Pacer for Idle. Initial: 163M, Alloc Tax Rate: 1.0x
[103.347s][info][gc          ] Trigger: Learning 2 of 5. Free (5720M) is below initial threshold (5734M)
[103.347s][info][gc,ergo     ] Free: 5720M, Max: 4096K regular, 5720M humongous, Frag: 0% external, 0% internal; Reserve: 412M, Max: 4096K
[103.347s][info][gc,start    ] GC(117) Concurrent reset
[103.347s][info][gc,task     ] GC(117) Using 1 of 3 workers for concurrent reset
[103.347s][info][gc,ergo     ] GC(117) Pacer for Reset. Non-Taxable: 8192M
[103.347s][info][gc          ] GC(117) Concurrent reset 0.512ms
[103.347s][info][gc,start    ] GC(117) Pause Init Mark (unload classes)
[103.347s][info][gc,task     ] GC(117) Using 3 of 3 workers for init marking
[103.348s][info][gc,ergo     ] GC(117) Pacer for Mark. Expected Live: 10733K, Free: 5716M, Non-Taxable: 571M, Alloc Tax Rate: 0.0x
[103.348s][info][gc          ] GC(117) Pause Init Mark (unload classes) 0.125ms
[103.348s][info][gc,start    ] GC(117) Concurrent marking roots
[103.348s][info][gc,task     ] GC(117) Using 1 of 3 workers for concurrent marking roots
[103.348s][info][gc          ] GC(117) Concurrent marking roots 0.455ms
[103.348s][info][gc,start    ] GC(117) Concurrent marking (unload classes)
[103.348s][info][gc,task     ] GC(117) Using 1 of 3 workers for concurrent marking
[103.361s][info][gc          ] GC(117) Concurrent marking (unload classes) 12.824ms
[103.361s][info][gc,start    ] GC(117) Pause Final Mark (unload classes)
[103.361s][info][gc,task     ] GC(117) Using 3 of 3 workers for final marking
[103.361s][info][gc,ergo     ] GC(117) Collectable Garbage: 1948M (94%), Immediate: 1948M (94%), CSet: 0B (0%)
[103.361s][info][gc          ] GC(117) Pause Final Mark (unload classes) 0.376ms
[103.362s][info][gc,start    ] GC(117) Concurrent weak references
[103.362s][info][gc,task     ] GC(117) Using 1 of 3 workers for concurrent weak references
[103.362s][info][gc,ref      ] GC(117) Encountered references: Soft: 144, Weak: 702, Final: 0, Phantom: 27
[103.362s][info][gc,ref      ] GC(117) Discovered  references: Soft: 0, Weak: 150, Final: 0, Phantom: 12
[103.362s][info][gc,ref      ] GC(117) Enqueued    references: Soft: 0, Weak: 0, Final: 0, Phantom: 0
[103.362s][info][gc          ] GC(117) Concurrent weak references 0.112ms
[103.362s][info][gc,start    ] GC(117) Concurrent weak roots
[103.362s][info][gc,task     ] GC(117) Using 1 of 3 workers for concurrent weak root
[103.362s][info][gc          ] GC(117) Concurrent weak roots 0.582ms
[103.362s][info][gc,start    ] GC(117) Concurrent cleanup
[103.362s][info][gc          ] GC(117) Concurrent cleanup 2095M->147M(8192M) 0.045ms
[103.362s][info][gc,ergo     ] GC(117) Free: 7632M, Max: 4096K regular, 5684M humongous, Frag: 26% external, 0% internal; Reserve: 412M, Max: 4096K
[103.362s][info][gc,start    ] GC(117) Concurrent class unloading
[103.362s][info][gc,task     ] GC(117) Using 1 of 3 workers for concurrent class unloading
[103.364s][info][gc          ] GC(117) Concurrent class unloading 2.139ms
[103.365s][info][gc,start    ] GC(117) Pause Final Roots
[103.365s][info][gc          ] GC(117) Pause Final Roots 0.031ms
[103.365s][info][gc,ergo     ] Free: 7628M, Max: 4096K regular, 5684M humongous, Frag: 26% external, 0% internal; Reserve: 412M, Max: 4096K
[103.365s][info][gc,stats    ] 
[103.365s][info][gc,stats    ] All times are wall-clock times, except per-root-class counters, that are sum over
[103.365s][info][gc,stats    ] all workers. Dividing the <total> over the root stage time estimates parallelism.
[103.365s][info][gc,stats    ] 
[103.365s][info][gc,stats    ] Concurrent Reset                    569 us
[103.365s][info][gc,stats    ] Pause Init Mark (G)                 274 us
[103.365s][info][gc,stats    ] Pause Init Mark (N)                 133 us
[103.365s][info][gc,stats    ]   Update Region States               71 us
[103.365s][info][gc,stats    ] Concurrent Mark Roots               491 us, parallelism: 0.68x
[103.365s][info][gc,stats    ]   CMR: <total>                      334 us
[103.365s][info][gc,stats    ]   CMR: Thread Roots                 295 us, workers (us): 295, ---, ---, 
[103.365s][info][gc,stats    ]   CMR: VM Strong Roots                5 us, workers (us):   5, ---, ---, 
[103.365s][info][gc,stats    ]   CMR: CLDG Roots                    34 us, workers (us):  34, ---, ---, 
[103.365s][info][gc,stats    ] Concurrent Marking                12892 us
[103.365s][info][gc,stats    ] Pause Final Mark (G)                518 us
[103.365s][info][gc,stats    ] Pause Final Mark (N)                395 us
[103.365s][info][gc,stats    ]   Finish Mark                        92 us
[103.365s][info][gc,stats    ]   Update Region States              144 us
[103.365s][info][gc,stats    ]   Choose Collection Set              60 us
[103.365s][info][gc,stats    ]   Rebuild Free Set                   16 us
[103.365s][info][gc,stats    ] Concurrent Weak References          119 us, parallelism: 0.04x
[103.365s][info][gc,stats    ]   CWRF: <total>                       5 us
[103.365s][info][gc,stats    ]   CWRF: Weak References               5 us, workers (us):   5, ---, ---, 
[103.365s][info][gc,stats    ] Concurrent Weak Roots               602 us
[103.365s][info][gc,stats    ]   Roots                             502 us, parallelism: 0.93x
[103.365s][info][gc,stats    ]     CWR: <total>                    469 us
[103.365s][info][gc,stats    ]     CWR: Code Cache Roots           401 us, workers (us): 401, ---, ---, 
[103.365s][info][gc,stats    ]     CWR: VM Weak Roots               63 us, workers (us):  63, ---, ---, 
[103.365s][info][gc,stats    ]     CWR: CLDG Roots                   5 us, workers (us):   5, ---, ---, 
[103.365s][info][gc,stats    ]   Rendezvous                         65 us
[103.365s][info][gc,stats    ] Concurrent Cleanup                   59 us
[103.365s][info][gc,stats    ] Concurrent Class Unloading         2192 us
[103.365s][info][gc,stats    ]   Unlink Stale                     1934 us
[103.365s][info][gc,stats    ]     System Dictionary                 4 us
[103.365s][info][gc,stats    ]     Weak Class Links                  0 us
[103.365s][info][gc,stats    ]     Code Roots                     1929 us
[103.365s][info][gc,stats    ]   Rendezvous                         44 us
[103.365s][info][gc,stats    ]   Purge Unlinked                    142 us
[103.365s][info][gc,stats    ]     Code Roots                      131 us
[103.365s][info][gc,stats    ]     CLDG                             11 us
[103.365s][info][gc,stats    ]     Exception Caches                  0 us
[103.365s][info][gc,stats    ] Pause Final Roots (G)               137 us
[103.365s][info][gc,stats    ] Pause Final Roots (N)                39 us
[103.365s][info][gc,stats    ] 
[103.365s][info][gc,stats    ] Allocation pacing accrued:
[103.365s][info][gc,stats    ]       0 of   934 ms (  0.0%): <total>
[103.365s][info][gc,stats    ]       0 of   934 ms (  0.0%): <average total>
[103.365s][info][gc,stats    ] 
[103.365s][info][gc,metaspace] Metaspace: 8981K(9216K)->8981K(9216K) NonClass: 7810K(7936K)->7810K(7936K) Class: 1171K(1280K)->1171K(1280K)
[103.365s][info][gc,ergo     ] Pacer for Idle. Initial: 163M, Alloc Tax Rate: 1.0x
[104.242s][info][gc          ] Trigger: Learning 3 of 5. Free (5716M) is below initial threshold (5734M)
[104.242s][info][gc,ergo     ] Free: 5716M, Max: 4096K regular, 5684M humongous, Frag: 1% external, 0% internal; Reserve: 412M, Max: 4096K
[104.242s][info][gc,start    ] GC(118) Concurrent reset
[104.242s][info][gc,task     ] GC(118) Using 1 of 3 workers for concurrent reset
[104.242s][info][gc,ergo     ] GC(118) Pacer for Reset. Non-Taxable: 8192M
[104.243s][info][gc          ] GC(118) Concurrent reset 0.772ms
[104.243s][info][gc,start    ] GC(118) Pause Init Mark (unload classes)
[104.243s][info][gc,task     ] GC(118) Using 3 of 3 workers for init marking
[104.243s][info][gc,ergo     ] GC(118) Pacer for Mark. Expected Live: 12027K, Free: 5716M, Non-Taxable: 571M, Alloc Tax Rate: 0.0x
[104.243s][info][gc          ] GC(118) Pause Init Mark (unload classes) 0.165ms
[104.243s][info][gc,start    ] GC(118) Concurrent marking roots
[104.243s][info][gc,task     ] GC(118) Using 1 of 3 workers for concurrent marking roots
[104.243s][info][gc          ] GC(118) Concurrent marking roots 0.433ms
[104.243s][info][gc,start    ] GC(118) Concurrent marking (unload classes)
[104.243s][info][gc,task     ] GC(118) Using 1 of 3 workers for concurrent marking
[104.265s][info][gc          ] GC(118) Concurrent marking (unload classes) 21.254ms
[104.265s][info][gc,start    ] GC(118) Pause Final Mark (unload classes)
[104.265s][info][gc,task     ] GC(118) Using 3 of 3 workers for final marking
[104.265s][info][gc,ergo     ] GC(118) Collectable Garbage: 1920M (93%), Immediate: 1920M (93%), CSet: 0B (0%)
[104.265s][info][gc          ] GC(118) Pause Final Mark (unload classes) 0.313ms
[104.265s][info][gc,start    ] GC(118) Concurrent weak references
[104.265s][info][gc,task     ] GC(118) Using 1 of 3 workers for concurrent weak references
[104.265s][info][gc,ref      ] GC(118) Encountered references: Soft: 144, Weak: 702, Final: 0, Phantom: 27
[104.265s][info][gc,ref      ] GC(118) Discovered  references: Soft: 0, Weak: 150, Final: 0, Phantom: 12
[104.265s][info][gc,ref      ] GC(118) Enqueued    references: Soft: 0, Weak: 0, Final: 0, Phantom: 0
[104.265s][info][gc          ] GC(118) Concurrent weak references 0.139ms
[104.265s][info][gc,start    ] GC(118) Concurrent weak roots
[104.265s][info][gc,task     ] GC(118) Using 1 of 3 workers for concurrent weak root
[104.266s][info][gc          ] GC(118) Concurrent weak roots 0.547ms
[104.266s][info][gc,start    ] GC(118) Concurrent cleanup
[104.266s][info][gc          ] GC(118) Concurrent cleanup 2111M->191M(8192M) 0.043ms
[104.266s][info][gc,ergo     ] GC(118) Free: 7588M, Max: 4096K regular, 5668M humongous, Frag: 26% external, 0% internal; Reserve: 412M, Max: 4096K
[104.266s][info][gc,start    ] GC(118) Concurrent class unloading
[104.266s][info][gc,task     ] GC(118) Using 1 of 3 workers for concurrent class unloading
[104.268s][info][gc          ] GC(118) Concurrent class unloading 1.775ms
[104.268s][info][gc,start    ] GC(118) Pause Final Roots
[104.268s][info][gc          ] GC(118) Pause Final Roots 0.022ms
[104.268s][info][gc,ergo     ] Free: 7584M, Max: 4096K regular, 5668M humongous, Frag: 26% external, 0% internal; Reserve: 412M, Max: 4096K
[104.268s][info][gc,stats    ] 
[104.268s][info][gc,stats    ] All times are wall-clock times, except per-root-class counters, that are sum over
[104.268s][info][gc,stats    ] all workers. Dividing the <total> over the root stage time estimates parallelism.
[104.268s][info][gc,stats    ] 
[104.268s][info][gc,stats    ] Concurrent Reset                    841 us
[104.268s][info][gc,stats    ] Pause Init Mark (G)                 322 us
[104.268s][info][gc,stats    ] Pause Init Mark (N)                 173 us
[104.268s][info][gc,stats    ]   Update Region States               74 us
[104.268s][info][gc,stats    ] Concurrent Mark Roots               450 us, parallelism: 0.80x
[104.268s][info][gc,stats    ]   CMR: <total>                      360 us
[104.268s][info][gc,stats    ]   CMR: Thread Roots                 314 us, workers (us): 314, ---, ---, 
[104.268s][info][gc,stats    ]   CMR: VM Strong Roots                6 us, workers (us):   6, ---, ---, 
[104.268s][info][gc,stats    ]   CMR: CLDG Roots                    39 us, workers (us):  39, ---, ---, 
[104.268s][info][gc,stats    ] Concurrent Marking                21324 us
[104.268s][info][gc,stats    ] Pause Final Mark (G)                439 us
[104.268s][info][gc,stats    ] Pause Final Mark (N)                332 us
[104.268s][info][gc,stats    ]   Finish Mark                        96 us
[104.268s][info][gc,stats    ]   Update Region States               67 us
[104.268s][info][gc,stats    ]   Choose Collection Set              62 us
[104.268s][info][gc,stats    ]   Rebuild Free Set                   17 us
[104.268s][info][gc,stats    ] Concurrent Weak References          146 us, parallelism: 0.05x
[104.268s][info][gc,stats    ]   CWRF: <total>                       8 us
[104.268s][info][gc,stats    ]   CWRF: Weak References               8 us, workers (us):   8, ---, ---, 
[104.268s][info][gc,stats    ] Concurrent Weak Roots               565 us
[104.268s][info][gc,stats    ]   Roots                             450 us, parallelism: 0.92x
[104.269s][info][gc,stats    ]     CWR: <total>                    414 us
[104.269s][info][gc,stats    ]     CWR: Code Cache Roots           347 us, workers (us): 347, ---, ---, 
[104.269s][info][gc,stats    ]     CWR: VM Weak Roots               62 us, workers (us):  62, ---, ---, 
[104.269s][info][gc,stats    ]     CWR: CLDG Roots                   5 us, workers (us):   5, ---, ---, 
[104.269s][info][gc,stats    ]   Rendezvous                         81 us
[104.269s][info][gc,stats    ] Concurrent Cleanup                   52 us
[104.269s][info][gc,stats    ] Concurrent Class Unloading         1806 us
[104.269s][info][gc,stats    ]   Unlink Stale                     1632 us
[104.269s][info][gc,stats    ]     System Dictionary                 3 us
[104.269s][info][gc,stats    ]     Weak Class Links                  0 us
[104.269s][info][gc,stats    ]     Code Roots                     1628 us
[104.269s][info][gc,stats    ]   Rendezvous                         56 us
[104.269s][info][gc,stats    ]   Purge Unlinked                     71 us
[104.269s][info][gc,stats    ]     Code Roots                       66 us
[104.269s][info][gc,stats    ]     CLDG                              4 us
[104.269s][info][gc,stats    ]     Exception Caches                  0 us
[104.269s][info][gc,stats    ] Pause Final Roots (G)               131 us
[104.269s][info][gc,stats    ] Pause Final Roots (N)                30 us
[104.269s][info][gc,stats    ] 
[104.269s][info][gc,stats    ] Allocation pacing accrued:
[104.269s][info][gc,stats    ]       0 of   903 ms (  0.0%): <total>
[104.269s][info][gc,stats    ]       0 of   903 ms (  0.0%): <average total>
[104.269s][info][gc,stats    ] 
[104.269s][info][gc,metaspace] Metaspace: 8981K(9216K)->8981K(9216K) NonClass: 7810K(7936K)->7810K(7936K) Class: 1171K(1280K)->1171K(1280K)
[104.269s][info][gc,ergo     ] Pacer for Idle. Initial: 163M, Alloc Tax Rate: 1.0x
[105.152s][info][gc          ] Trigger: Learning 4 of 5. Free (5732M) is below initial threshold (5734M)
[105.152s][info][gc,ergo     ] Free: 5732M, Max: 4096K regular, 5668M humongous, Frag: 2% external, 0% internal; Reserve: 412M, Max: 4096K
[105.152s][info][gc,start    ] GC(119) Concurrent reset
[105.152s][info][gc,task     ] GC(119) Using 1 of 3 workers for concurrent reset
[105.152s][info][gc,ergo     ] GC(119) Pacer for Reset. Non-Taxable: 8192M
[105.153s][info][gc          ] GC(119) Concurrent reset 0.883ms
[105.153s][info][gc,start    ] GC(119) Pause Init Mark (unload classes)
[105.153s][info][gc,task     ] GC(119) Using 3 of 3 workers for init marking
[105.153s][info][gc,ergo     ] GC(119) Pacer for Mark. Expected Live: 13242K, Free: 5728M, Non-Taxable: 572M, Alloc Tax Rate: 0.0x
[105.153s][info][gc          ] GC(119) Pause Init Mark (unload classes) 0.126ms
[105.153s][info][gc,start    ] GC(119) Concurrent marking roots
[105.153s][info][gc,task     ] GC(119) Using 1 of 3 workers for concurrent marking roots
[105.154s][info][gc          ] GC(119) Concurrent marking roots 0.454ms
[105.154s][info][gc,start    ] GC(119) Concurrent marking (unload classes)
[105.154s][info][gc,task     ] GC(119) Using 1 of 3 workers for concurrent marking
[105.183s][info][gc          ] GC(119) Concurrent marking (unload classes) 29.672ms
[105.183s][info][gc,start    ] GC(119) Pause Final Mark (unload classes)
[105.184s][info][gc,task     ] GC(119) Using 3 of 3 workers for final marking
[105.184s][info][gc,ergo     ] GC(119) Collectable Garbage: 1907M (93%), Immediate: 1907M (93%), CSet: 0B (0%)
[105.184s][info][gc          ] GC(119) Pause Final Mark (unload classes) 0.375ms
[105.184s][info][gc,start    ] GC(119) Concurrent weak references
[105.184s][info][gc,task     ] GC(119) Using 1 of 3 workers for concurrent weak references
[105.184s][info][gc,ref      ] GC(119) Encountered references: Soft: 144, Weak: 702, Final: 0, Phantom: 27
[105.184s][info][gc,ref      ] GC(119) Discovered  references: Soft: 0, Weak: 150, Final: 0, Phantom: 12
[105.184s][info][gc,ref      ] GC(119) Enqueued    references: Soft: 0, Weak: 0, Final: 0, Phantom: 0
[105.184s][info][gc          ] GC(119) Concurrent weak references 0.124ms
[105.184s][info][gc,start    ] GC(119) Concurrent weak roots
[105.184s][info][gc,task     ] GC(119) Using 1 of 3 workers for concurrent weak root
[105.185s][info][gc          ] GC(119) Concurrent weak roots 0.669ms
[105.185s][info][gc,start    ] GC(119) Concurrent cleanup
[105.185s][info][gc          ] GC(119) Concurrent cleanup 2107M->199M(8192M) 0.044ms
[105.185s][info][gc,ergo     ] GC(119) Free: 7580M, Max: 4096K regular, 5692M humongous, Frag: 25% external, 0% internal; Reserve: 412M, Max: 4096K
[105.185s][info][gc,start    ] GC(119) Concurrent class unloading
[105.185s][info][gc,task     ] GC(119) Using 1 of 3 workers for concurrent class unloading
[105.187s][info][gc          ] GC(119) Concurrent class unloading 2.241ms
[105.187s][info][gc,start    ] GC(119) Pause Final Roots
[105.187s][info][gc          ] GC(119) Pause Final Roots 0.041ms
[105.187s][info][gc,ergo     ] Free: 7576M, Max: 4096K regular, 5692M humongous, Frag: 25% external, 0% internal; Reserve: 412M, Max: 4096K
[105.187s][info][gc,stats    ] 
[105.187s][info][gc,stats    ] All times are wall-clock times, except per-root-class counters, that are sum over
[105.187s][info][gc,stats    ] all workers. Dividing the <total> over the root stage time estimates parallelism.
[105.187s][info][gc,stats    ] 
[105.187s][info][gc,stats    ] Concurrent Reset                    948 us
[105.187s][info][gc,stats    ] Pause Init Mark (G)                 239 us
[105.187s][info][gc,stats    ] Pause Init Mark (N)                 136 us
[105.187s][info][gc,stats    ]   Update Region States               64 us
[105.187s][info][gc,stats    ] Concurrent Mark Roots               469 us, parallelism: 0.76x
[105.188s][info][gc,stats    ]   CMR: <total>                      355 us
[105.188s][info][gc,stats    ]   CMR: Thread Roots                 313 us, workers (us): 313, ---, ---, 
[105.188s][info][gc,stats    ]   CMR: VM Strong Roots                5 us, workers (us):   5, ---, ---, 
[105.188s][info][gc,stats    ]   CMR: CLDG Roots                    37 us, workers (us):  37, ---, ---, 
[105.188s][info][gc,stats    ] Concurrent Marking                29743 us
[105.188s][info][gc,stats    ] Pause Final Mark (G)                496 us
[105.188s][info][gc,stats    ] Pause Final Mark (N)                396 us
[105.188s][info][gc,stats    ]   Finish Mark                       113 us
[105.188s][info][gc,stats    ]   Update Region States               90 us
[105.188s][info][gc,stats    ]   Choose Collection Set              63 us
[105.188s][info][gc,stats    ]   Rebuild Free Set                   17 us
[105.188s][info][gc,stats    ] Concurrent Weak References          132 us, parallelism: 0.03x
[105.188s][info][gc,stats    ]   CWRF: <total>                       5 us
[105.188s][info][gc,stats    ]   CWRF: Weak References               5 us, workers (us):   5, ---, ---, 
[105.188s][info][gc,stats    ] Concurrent Weak Roots               687 us
[105.188s][info][gc,stats    ]   Roots                             571 us, parallelism: 0.92x
[105.188s][info][gc,stats    ]     CWR: <total>                    528 us
[105.188s][info][gc,stats    ]     CWR: Code Cache Roots           411 us, workers (us): 411, ---, ---, 
[105.188s][info][gc,stats    ]     CWR: VM Weak Roots              111 us, workers (us): 111, ---, ---, 
[105.188s][info][gc,stats    ]     CWR: CLDG Roots                   6 us, workers (us):   6, ---, ---, 
[105.188s][info][gc,stats    ]   Rendezvous                         82 us
[105.188s][info][gc,stats    ] Concurrent Cleanup                   52 us
[105.188s][info][gc,stats    ] Concurrent Class Unloading         2288 us
[105.188s][info][gc,stats    ]   Unlink Stale                     2015 us
[105.188s][info][gc,stats    ]     System Dictionary                 3 us
[105.188s][info][gc,stats    ]     Weak Class Links                  0 us
[105.188s][info][gc,stats    ]     Code Roots                     2011 us
[105.188s][info][gc,stats    ]   Rendezvous                        102 us
[105.188s][info][gc,stats    ]   Purge Unlinked                    106 us
[105.188s][info][gc,stats    ]     Code Roots                       97 us
[105.188s][info][gc,stats    ]     CLDG                              8 us
[105.188s][info][gc,stats    ]     Exception Caches                  0 us
[105.188s][info][gc,stats    ] Pause Final Roots (G)               186 us
[105.188s][info][gc,stats    ] Pause Final Roots (N)                59 us
[105.188s][info][gc,stats    ] 
[105.188s][info][gc,stats    ] Allocation pacing accrued:
[105.188s][info][gc,stats    ]       0 of   919 ms (  0.0%): <total>
[105.188s][info][gc,stats    ]       0 of   919 ms (  0.0%): <average total>
[105.188s][info][gc,stats    ] 
[105.188s][info][gc,metaspace] Metaspace: 8981K(9216K)->8981K(9216K) NonClass: 7810K(7936K)->7810K(7936K) Class: 1171K(1280K)->1171K(1280K)
[105.188s][info][gc,ergo     ] Pacer for Idle. Initial: 163M, Alloc Tax Rate: 1.0x
[105.906s][info][gc          ] Trigger: Explicit GC request (System.gc())
[105.906s][info][gc,ergo     ] Free: 6672M, Max: 4096K regular, 5692M humongous, Frag: 15% external, 0% internal; Reserve: 412M, Max: 4096K
[105.906s][info][gc,start    ] GC(120) Concurrent reset
[105.906s][info][gc,task     ] GC(120) Using 1 of 3 workers for concurrent reset
[105.906s][info][gc,ergo     ] GC(120) Pacer for Reset. Non-Taxable: 8192M
[105.907s][info][gc          ] GC(120) Concurrent reset 1.109ms
[105.907s][info][gc,start    ] GC(120) Pause Init Mark (unload classes)
[105.907s][info][gc,task     ] GC(120) Using 3 of 3 workers for init marking
[105.907s][info][gc,ref      ] GC(120) Clearing All SoftReferences
[105.907s][info][gc,ergo     ] GC(120) Pacer for Mark. Expected Live: 14483K, Free: 6672M, Non-Taxable: 667M, Alloc Tax Rate: 0.0x
[105.907s][info][gc          ] GC(120) Pause Init Mark (unload classes) 0.182ms
[105.908s][info][gc,start    ] GC(120) Concurrent marking roots
[105.908s][info][gc,task     ] GC(120) Using 1 of 3 workers for concurrent marking roots
[105.908s][info][gc          ] GC(120) Concurrent marking roots 0.476ms
[105.908s][info][gc,start    ] GC(120) Concurrent marking (unload classes)
[105.908s][info][gc,task     ] GC(120) Using 1 of 3 workers for concurrent marking
[105.912s][info][gc          ] GC(120) Concurrent marking (unload classes) 3.864ms
[105.912s][info][gc,start    ] GC(120) Pause Final Mark (unload classes)
[105.912s][info][gc,task     ] GC(120) Using 3 of 3 workers for final marking
[105.912s][info][gc,ergo     ] GC(120) Collectable Garbage: 1035M (93%), Immediate: 1035M (93%), CSet: 0B (0%)
[105.913s][info][gc          ] GC(120) Pause Final Mark (unload classes) 0.461ms
[105.913s][info][gc,start    ] GC(120) Concurrent weak references
[105.913s][info][gc,task     ] GC(120) Using 1 of 3 workers for concurrent weak references
[105.913s][info][gc,ref      ] GC(120) Encountered references: Soft: 144, Weak: 702, Final: 0, Phantom: 27
[105.913s][info][gc,ref      ] GC(120) Discovered  references: Soft: 89, Weak: 168, Final: 0, Phantom: 25
[105.913s][info][gc,ref      ] GC(120) Enqueued    references: Soft: 3, Weak: 0, Final: 0, Phantom: 0
[105.913s][info][gc          ] GC(120) Concurrent weak references 0.229ms
[105.913s][info][gc,start    ] GC(120) Concurrent weak roots
[105.913s][info][gc,task     ] GC(120) Using 1 of 3 workers for concurrent weak root
[105.913s][info][gc          ] GC(120) Concurrent weak roots 0.633ms
[105.914s][info][gc,start    ] GC(120) Concurrent cleanup
[105.914s][info][gc          ] GC(120) Concurrent cleanup 1107M->71M(8192M) 0.048ms
[105.914s][info][gc,ergo     ] GC(120) Free: 7708M, Max: 4096K regular, 6788M humongous, Frag: 12% external, 0% internal; Reserve: 412M, Max: 4096K
[105.914s][info][gc,start    ] GC(120) Concurrent class unloading
[105.914s][info][gc,task     ] GC(120) Using 1 of 3 workers for concurrent class unloading
[105.916s][info][gc          ] GC(120) Concurrent class unloading 2.112ms
[105.916s][info][gc,start    ] GC(120) Pause Final Roots
[105.916s][info][gc          ] GC(120) Pause Final Roots 0.021ms
[105.916s][info][gc,ergo     ] Free: 7708M, Max: 4096K regular, 6788M humongous, Frag: 12% external, 0% internal; Reserve: 412M, Max: 4096K
[105.916s][info][gc,stats    ] 
[105.916s][info][gc,stats    ] All times are wall-clock times, except per-root-class counters, that are sum over
[105.916s][info][gc,stats    ] all workers. Dividing the <total> over the root stage time estimates parallelism.
[105.916s][info][gc,stats    ] 
[105.916s][info][gc,stats    ] Concurrent Reset                   1219 us
[105.916s][info][gc,stats    ] Pause Init Mark (G)                 341 us
[105.916s][info][gc,stats    ] Pause Init Mark (N)                 198 us
[105.916s][info][gc,stats    ]   Update Region States               77 us
[105.916s][info][gc,stats    ] Concurrent Mark Roots               513 us, parallelism: 0.66x
[105.916s][info][gc,stats    ]   CMR: <total>                      336 us
[105.916s][info][gc,stats    ]   CMR: Thread Roots                 297 us, workers (us): 297, ---, ---, 
[105.916s][info][gc,stats    ]   CMR: VM Strong Roots                4 us, workers (us):   4, ---, ---, 
[105.916s][info][gc,stats    ]   CMR: CLDG Roots                    35 us, workers (us):  35, ---, ---, 
[105.916s][info][gc,stats    ] Concurrent Marking                 3916 us
[105.916s][info][gc,stats    ] Pause Final Mark (G)                601 us
[105.916s][info][gc,stats    ] Pause Final Mark (N)                486 us
[105.916s][info][gc,stats    ]   Finish Mark                       162 us
[105.916s][info][gc,stats    ]   Update Region States              122 us
[105.916s][info][gc,stats    ]   Choose Collection Set              76 us
[105.916s][info][gc,stats    ]   Rebuild Free Set                   21 us
[105.916s][info][gc,stats    ] Concurrent Weak References          247 us, parallelism: 0.06x
[105.916s][info][gc,stats    ]   CWRF: <total>                      16 us
[105.916s][info][gc,stats    ]   CWRF: Weak References              16 us, workers (us):  16, ---, ---, 
[105.916s][info][gc,stats    ] Concurrent Weak Roots               676 us
[105.916s][info][gc,stats    ]   Roots                             540 us, parallelism: 0.87x
[105.916s][info][gc,stats    ]     CWR: <total>                    472 us
[105.916s][info][gc,stats    ]     CWR: Code Cache Roots           401 us, workers (us): 401, ---, ---, 
[105.916s][info][gc,stats    ]     CWR: VM Weak Roots               66 us, workers (us):  66, ---, ---, 
[105.916s][info][gc,stats    ]     CWR: CLDG Roots                   6 us, workers (us):   6, ---, ---, 
[105.916s][info][gc,stats    ]   Rendezvous                         58 us
[105.916s][info][gc,stats    ] Concurrent Cleanup                   56 us
[105.916s][info][gc,stats    ] Concurrent Class Unloading         2163 us
[105.916s][info][gc,stats    ]   Unlink Stale                     1929 us
[105.916s][info][gc,stats    ]     System Dictionary                 5 us
[105.916s][info][gc,stats    ]     Weak Class Links                  0 us
[105.916s][info][gc,stats    ]     Code Roots                     1923 us
[105.916s][info][gc,stats    ]   Rendezvous                         51 us
[105.916s][info][gc,stats    ]   Purge Unlinked                    114 us
[105.916s][info][gc,stats    ]     Code Roots                      105 us
[105.916s][info][gc,stats    ]     CLDG                              8 us
[105.916s][info][gc,stats    ]     Exception Caches                  0 us
[105.916s][info][gc,stats    ] Pause Final Roots (G)                99 us
[105.916s][info][gc,stats    ] Pause Final Roots (N)                30 us
[105.916s][info][gc,stats    ] 
[105.916s][info][gc,stats    ] Allocation pacing accrued:
[105.916s][info][gc,stats    ]       0 of   729 ms (  0.0%): <total>
[105.916s][info][gc,stats    ]       0 of   729 ms (  0.0%): <average total>
[105.916s][info][gc,stats    ] 
[105.916s][info][gc,metaspace] Metaspace: 8995K(9216K)->8995K(9216K) NonClass: 7823K(7936K)->7823K(7936K) Class: 1171K(1280K)->1171K(1280K)
[105.916s][info][gc,ergo     ] Pacer for Idle. Initial: 163M, Alloc Tax Rate: 1.0x
[106.833s][info][gc          ] Trigger: Learning 2 of 5. Free (5712M) is below initial threshold (5734M)
[106.833s][info][gc,ergo     ] Free: 5712M, Max: 4096K regular, 5712M humongous, Frag: 0% external, 0% internal; Reserve: 412M, Max: 4096K
[106.833s][info][gc,start    ] GC(121) Concurrent reset
[106.833s][info][gc,task     ] GC(121) Using 1 of 3 workers for concurrent reset
[106.833s][info][gc,ergo     ] GC(121) Pacer for Reset. Non-Taxable: 8192M
[106.834s][info][gc          ] GC(121) Concurrent reset 0.712ms
[106.834s][info][gc,start    ] GC(121) Pause Init Mark (unload classes)
[106.834s][info][gc,task     ] GC(121) Using 3 of 3 workers for init marking
[106.834s][info][gc,ergo     ] GC(121) Pacer for Mark. Expected Live: 10659K, Free: 5712M, Non-Taxable: 571M, Alloc Tax Rate: 0.0x
[106.834s][info][gc          ] GC(121) Pause Init Mark (unload classes) 0.245ms
[106.834s][info][gc,start    ] GC(121) Concurrent marking roots
[106.834s][info][gc,task     ] GC(121) Using 1 of 3 workers for concurrent marking roots
[106.835s][info][gc          ] GC(121) Concurrent marking roots 0.767ms
[106.835s][info][gc,start    ] GC(121) Concurrent marking (unload classes)
[106.835s][info][gc,task     ] GC(121) Using 1 of 3 workers for concurrent marking
[106.848s][info][gc          ] GC(121) Concurrent marking (unload classes) 13.170ms
[106.848s][info][gc,start    ] GC(121) Pause Final Mark (unload classes)
[106.848s][info][gc,task     ] GC(121) Using 3 of 3 workers for final marking
[106.848s][info][gc,ergo     ] GC(121) Collectable Garbage: 1960M (95%), Immediate: 1960M (95%), CSet: 0B (0%)
[106.849s][info][gc          ] GC(121) Pause Final Mark (unload classes) 0.300ms
[106.849s][info][gc,start    ] GC(121) Concurrent weak references
[106.849s][info][gc,task     ] GC(121) Using 1 of 3 workers for concurrent weak references
[106.849s][info][gc,ref      ] GC(121) Encountered references: Soft: 144, Weak: 702, Final: 0, Phantom: 27
[106.849s][info][gc,ref      ] GC(121) Discovered  references: Soft: 0, Weak: 150, Final: 0, Phantom: 12
[106.849s][info][gc,ref      ] GC(121) Enqueued    references: Soft: 0, Weak: 0, Final: 0, Phantom: 0
[106.849s][info][gc          ] GC(121) Concurrent weak references 0.211ms
[106.849s][info][gc,start    ] GC(121) Concurrent weak roots
[106.849s][info][gc,task     ] GC(121) Using 1 of 3 workers for concurrent weak root
[106.850s][info][gc          ] GC(121) Concurrent weak roots 0.702ms
[106.850s][info][gc,start    ] GC(121) Concurrent cleanup
[106.850s][info][gc          ] GC(121) Concurrent cleanup 2099M->139M(8192M) 0.045ms
[106.850s][info][gc,ergo     ] GC(121) Free: 7640M, Max: 4096K regular, 5680M humongous, Frag: 26% external, 0% internal; Reserve: 412M, Max: 4096K
[106.850s][info][gc,start    ] GC(121) Concurrent class unloading
[106.850s][info][gc,task     ] GC(121) Using 1 of 3 workers for concurrent class unloading
[106.852s][info][gc          ] GC(121) Concurrent class unloading 2.254ms
[106.852s][info][gc,start    ] GC(121) Pause Final Roots
[106.852s][info][gc          ] GC(121) Pause Final Roots 0.030ms
[106.852s][info][gc,ergo     ] Free: 7636M, Max: 4096K regular, 5680M humongous, Frag: 26% external, 0% internal; Reserve: 412M, Max: 4096K
[106.852s][info][gc,stats    ] 
[106.852s][info][gc,stats    ] All times are wall-clock times, except per-root-class counters, that are sum over
[106.852s][info][gc,stats    ] all workers. Dividing the <total> over the root stage time estimates parallelism.
[106.852s][info][gc,stats    ] 
[106.852s][info][gc,stats    ] Concurrent Reset                    781 us
[106.852s][info][gc,stats    ] Pause Init Mark (G)                 439 us
[106.852s][info][gc,stats    ] Pause Init Mark (N)                 264 us
[106.852s][info][gc,stats    ]   Update Region States              114 us
[106.852s][info][gc,stats    ] Concurrent Mark Roots               791 us, parallelism: 0.85x
[106.852s][info][gc,stats    ]   CMR: <total>                      671 us
[106.852s][info][gc,stats    ]   CMR: Thread Roots                 601 us, workers (us): 601, ---, ---, 
[106.852s][info][gc,stats    ]   CMR: VM Strong Roots                7 us, workers (us):   7, ---, ---, 
[106.852s][info][gc,stats    ]   CMR: CLDG Roots                    63 us, workers (us):  63, ---, ---, 
[106.852s][info][gc,stats    ] Concurrent Marking                13231 us
[106.852s][info][gc,stats    ] Pause Final Mark (G)                492 us
[106.852s][info][gc,stats    ] Pause Final Mark (N)                318 us
[106.852s][info][gc,stats    ]   Finish Mark                        95 us
[106.852s][info][gc,stats    ]   Update Region States               71 us
[106.852s][info][gc,stats    ]   Choose Collection Set              55 us
[106.852s][info][gc,stats    ]   Rebuild Free Set                   17 us
[106.852s][info][gc,stats    ] Concurrent Weak References          233 us, parallelism: 0.02x
[106.852s][info][gc,stats    ]   CWRF: <total>                       5 us
[106.852s][info][gc,stats    ]   CWRF: Weak References               5 us, workers (us):   5, ---, ---, 
[106.852s][info][gc,stats    ] Concurrent Weak Roots               722 us
[106.853s][info][gc,stats    ]   Roots                             615 us, parallelism: 0.88x
[106.853s][info][gc,stats    ]     CWR: <total>                    541 us
[106.853s][info][gc,stats    ]     CWR: Code Cache Roots           418 us, workers (us): 418, ---, ---, 
[106.853s][info][gc,stats    ]     CWR: VM Weak Roots              116 us, workers (us): 116, ---, ---, 
[106.853s][info][gc,stats    ]     CWR: CLDG Roots                   7 us, workers (us):   7, ---, ---, 
[106.853s][info][gc,stats    ]   Rendezvous                         55 us
[106.853s][info][gc,stats    ] Concurrent Cleanup                   53 us
[106.853s][info][gc,stats    ] Concurrent Class Unloading         2303 us
[106.853s][info][gc,stats    ]   Unlink Stale                     2095 us
[106.853s][info][gc,stats    ]     System Dictionary                 4 us
[106.853s][info][gc,stats    ]     Weak Class Links                  0 us
[106.853s][info][gc,stats    ]     Code Roots                     2090 us
[106.853s][info][gc,stats    ]   Rendezvous                         25 us
[106.853s][info][gc,stats    ]   Purge Unlinked                    115 us
[106.853s][info][gc,stats    ]     Code Roots                      106 us
[106.853s][info][gc,stats    ]     CLDG                              8 us
[106.853s][info][gc,stats    ]     Exception Caches                  0 us
[106.853s][info][gc,stats    ] Pause Final Roots (G)               133 us
[106.853s][info][gc,stats    ] Pause Final Roots (N)                46 us
[106.853s][info][gc,stats    ] 
[106.853s][info][gc,stats    ] Allocation pacing accrued:
[106.853s][info][gc,stats    ]       0 of   936 ms (  0.0%): <total>
[106.853s][info][gc,stats    ]       0 of   936 ms (  0.0%): <average total>
[106.853s][info][gc,stats    ] 
[106.853s][info][gc,metaspace] Metaspace: 8999K(9216K)->8999K(9216K) NonClass: 7827K(7936K)->7827K(7936K) Class: 1171K(1280K)->1171K(1280K)
[106.853s][info][gc,ergo     ] Pacer for Idle. Initial: 163M, Alloc Tax Rate: 1.0x
[107.728s][info][gc          ] Trigger: Learning 3 of 5. Free (5724M) is below initial threshold (5734M)
[107.728s][info][gc,ergo     ] Free: 5724M, Max: 4096K regular, 5680M humongous, Frag: 1% external, 0% internal; Reserve: 412M, Max: 4096K
[107.728s][info][gc,start    ] GC(122) Concurrent reset
[107.728s][info][gc,task     ] GC(122) Using 1 of 3 workers for concurrent reset
[107.728s][info][gc,ergo     ] GC(122) Pacer for Reset. Non-Taxable: 8192M
[107.728s][info][gc          ] GC(122) Concurrent reset 0.486ms
[107.728s][info][gc,start    ] GC(122) Pause Init Mark (unload classes)
[107.728s][info][gc,task     ] GC(122) Using 3 of 3 workers for init marking
[107.728s][info][gc,ergo     ] GC(122) Pacer for Mark. Expected Live: 11958K, Free: 5724M, Non-Taxable: 572M, Alloc Tax Rate: 0.0x
[107.728s][info][gc          ] GC(122) Pause Init Mark (unload classes) 0.156ms
[107.729s][info][gc,start    ] GC(122) Concurrent marking roots
[107.729s][info][gc,task     ] GC(122) Using 1 of 3 workers for concurrent marking roots
[107.729s][info][gc          ] GC(122) Concurrent marking roots 0.488ms
[107.729s][info][gc,start    ] GC(122) Concurrent marking (unload classes)
[107.729s][info][gc,task     ] GC(122) Using 1 of 3 workers for concurrent marking
[107.750s][info][gc          ] GC(122) Concurrent marking (unload classes) 20.852ms
[107.750s][info][gc,start    ] GC(122) Pause Final Mark (unload classes)
[107.750s][info][gc,task     ] GC(122) Using 3 of 3 workers for final marking
[107.750s][info][gc,ergo     ] GC(122) Collectable Garbage: 1931M (94%), Immediate: 1931M (94%), CSet: 0B (0%)
[107.750s][info][gc          ] GC(122) Pause Final Mark (unload classes) 0.231ms
[107.750s][info][gc,start    ] GC(122) Concurrent weak references
[107.750s][info][gc,task     ] GC(122) Using 1 of 3 workers for concurrent weak references
[107.750s][info][gc,ref      ] GC(122) Encountered references: Soft: 144, Weak: 702, Final: 0, Phantom: 27
[107.750s][info][gc,ref      ] GC(122) Discovered  references: Soft: 0, Weak: 150, Final: 0, Phantom: 25
[107.750s][info][gc,ref      ] GC(122) Enqueued    references: Soft: 0, Weak: 0, Final: 0, Phantom: 0
[107.750s][info][gc          ] GC(122) Concurrent weak references 0.154ms
[107.750s][info][gc,start    ] GC(122) Concurrent weak roots
[107.750s][info][gc,task     ] GC(122) Using 1 of 3 workers for concurrent weak root
[107.751s][info][gc          ] GC(122) Concurrent weak roots 0.574ms
[107.751s][info][gc,start    ] GC(122) Concurrent cleanup
[107.751s][info][gc          ] GC(122) Concurrent cleanup 2099M->167M(8192M) 0.042ms
[107.751s][info][gc,ergo     ] GC(122) Free: 7612M, Max: 4096K regular, 5720M humongous, Frag: 25% external, 0% internal; Reserve: 412M, Max: 4096K
[107.751s][info][gc,start    ] GC(122) Concurrent class unloading
[107.751s][info][gc,task     ] GC(122) Using 1 of 3 workers for concurrent class unloading
[107.753s][info][gc          ] GC(122) Concurrent class unloading 2.345ms
[107.754s][info][gc,start    ] GC(122) Pause Final Roots
[107.754s][info][gc          ] GC(122) Pause Final Roots 0.027ms
[107.754s][info][gc,ergo     ] Free: 7604M, Max: 4096K regular, 5720M humongous, Frag: 25% external, 0% internal; Reserve: 412M, Max: 4096K
[107.754s][info][gc,stats    ] 
[107.754s][info][gc,stats    ] All times are wall-clock times, except per-root-class counters, that are sum over
[107.754s][info][gc,stats    ] all workers. Dividing the <total> over the root stage time estimates parallelism.
[107.754s][info][gc,stats    ] 
[107.754s][info][gc,stats    ] Concurrent Reset                    556 us
[107.754s][info][gc,stats    ] Pause Init Mark (G)                 293 us
[107.754s][info][gc,stats    ] Pause Init Mark (N)                 180 us
[107.754s][info][gc,stats    ]   Update Region States               24 us
[107.754s][info][gc,stats    ] Concurrent Mark Roots               507 us, parallelism: 0.79x
[107.754s][info][gc,stats    ]   CMR: <total>                      402 us
[107.754s][info][gc,stats    ]   CMR: Thread Roots                 330 us, workers (us): 330, ---, ---, 
[107.754s][info][gc,stats    ]   CMR: VM Strong Roots                7 us, workers (us):   7, ---, ---, 
[107.754s][info][gc,stats    ]   CMR: CLDG Roots                    64 us, workers (us):  64, ---, ---, 
[107.754s][info][gc,stats    ] Concurrent Marking                20917 us
[107.754s][info][gc,stats    ] Pause Final Mark (G)                325 us
[107.754s][info][gc,stats    ] Pause Final Mark (N)                241 us
[107.754s][info][gc,stats    ]   Finish Mark                        56 us
[107.754s][info][gc,stats    ]   Update Region States               53 us
[107.754s][info][gc,stats    ]   Choose Collection Set              41 us
[107.754s][info][gc,stats    ]   Rebuild Free Set                    8 us
[107.754s][info][gc,stats    ] Concurrent Weak References          170 us, parallelism: 0.03x
[107.754s][info][gc,stats    ]   CWRF: <total>                       5 us
[107.754s][info][gc,stats    ]   CWRF: Weak References               5 us, workers (us):   5, ---, ---, 
[107.754s][info][gc,stats    ] Concurrent Weak Roots               594 us
[107.754s][info][gc,stats    ]   Roots                             460 us, parallelism: 0.88x
[107.754s][info][gc,stats    ]     CWR: <total>                    405 us
[107.754s][info][gc,stats    ]     CWR: Code Cache Roots           337 us, workers (us): 337, ---, ---, 
[107.754s][info][gc,stats    ]     CWR: VM Weak Roots               63 us, workers (us):  63, ---, ---, 
[107.754s][info][gc,stats    ]     CWR: CLDG Roots                   5 us, workers (us):   5, ---, ---, 
[107.754s][info][gc,stats    ]   Rendezvous                         82 us
[107.754s][info][gc,stats    ] Concurrent Cleanup                   50 us
[107.754s][info][gc,stats    ] Concurrent Class Unloading         2395 us
[107.754s][info][gc,stats    ]   Unlink Stale                     2122 us
[107.754s][info][gc,stats    ]     System Dictionary                 4 us
[107.754s][info][gc,stats    ]     Weak Class Links                  0 us
[107.754s][info][gc,stats    ]     Code Roots                     2117 us
[107.754s][info][gc,stats    ]   Rendezvous                         54 us
[107.754s][info][gc,stats    ]   Purge Unlinked                    150 us
[107.754s][info][gc,stats    ]     Code Roots                      138 us
[107.754s][info][gc,stats    ]     CLDG                             11 us
[107.754s][info][gc,stats    ]     Exception Caches                  0 us
[107.754s][info][gc,stats    ] Pause Final Roots (G)               189 us
[107.754s][info][gc,stats    ] Pause Final Roots (N)                39 us
[107.754s][info][gc,stats    ] 
[107.754s][info][gc,stats    ] Allocation pacing accrued:
[107.754s][info][gc,stats    ]       0 of   901 ms (  0.0%): <total>
[107.754s][info][gc,stats    ]       0 of   901 ms (  0.0%): <average total>
[107.754s][info][gc,stats    ] 
[107.754s][info][gc,metaspace] Metaspace: 8999K(9216K)->8999K(9216K) NonClass: 7827K(7936K)->7827K(7936K) Class: 1171K(1280K)->1171K(1280K)
[107.754s][info][gc,ergo     ] Pacer for Idle. Initial: 163M, Alloc Tax Rate: 1.0x
[108.654s][info][gc          ] Trigger: Learning 4 of 5. Free (5720M) is below initial threshold (5734M)
[108.654s][info][gc,ergo     ] Free: 5720M, Max: 4096K regular, 5720M humongous, Frag: 0% external, 0% internal; Reserve: 412M, Max: 4096K
[108.654s][info][gc,start    ] GC(123) Concurrent reset
[108.654s][info][gc,task     ] GC(123) Using 1 of 3 workers for concurrent reset
[108.654s][info][gc,ergo     ] GC(123) Pacer for Reset. Non-Taxable: 8192M
[108.655s][info][gc          ] GC(123) Concurrent reset 0.688ms
[108.655s][info][gc,start    ] GC(123) Pause Init Mark (unload classes)
[108.655s][info][gc,task     ] GC(123) Using 3 of 3 workers for init marking
[108.655s][info][gc,ergo     ] GC(123) Pacer for Mark. Expected Live: 13177K, Free: 5720M, Non-Taxable: 572M, Alloc Tax Rate: 0.0x
[108.655s][info][gc          ] GC(123) Pause Init Mark (unload classes) 0.181ms
[108.655s][info][gc,start    ] GC(123) Concurrent marking roots
[108.655s][info][gc,task     ] GC(123) Using 1 of 3 workers for concurrent marking roots
[108.656s][info][gc          ] GC(123) Concurrent marking roots 0.518ms
[108.656s][info][gc,start    ] GC(123) Concurrent marking (unload classes)
[108.656s][info][gc,task     ] GC(123) Using 1 of 3 workers for concurrent marking
[108.686s][info][gc          ] GC(123) Concurrent marking (unload classes) 30.350ms
[108.686s][info][gc,start    ] GC(123) Pause Final Mark (unload classes)
[108.686s][info][gc,task     ] GC(123) Using 3 of 3 workers for final marking
[108.687s][info][gc,ergo     ] GC(123) Collectable Garbage: 1936M (94%), Immediate: 1936M (94%), CSet: 0B (0%)
[108.687s][info][gc          ] GC(123) Pause Final Mark (unload classes) 0.344ms
[108.687s][info][gc,start    ] GC(123) Concurrent weak references
[108.687s][info][gc,task     ] GC(123) Using 1 of 3 workers for concurrent weak references
[108.687s][info][gc,ref      ] GC(123) Encountered references: Soft: 144, Weak: 702, Final: 0, Phantom: 27
[108.687s][info][gc,ref      ] GC(123) Discovered  references: Soft: 0, Weak: 150, Final: 0, Phantom: 12
[108.687s][info][gc,ref      ] GC(123) Enqueued    references: Soft: 0, Weak: 0, Final: 0, Phantom: 0
[108.687s][info][gc          ] GC(123) Concurrent weak references 0.140ms
[108.687s][info][gc,start    ] GC(123) Concurrent weak roots
[108.687s][info][gc,task     ] GC(123) Using 1 of 3 workers for concurrent weak root
[108.687s][info][gc          ] GC(123) Concurrent weak roots 0.547ms
[108.687s][info][gc,start    ] GC(123) Concurrent cleanup
[108.688s][info][gc          ] GC(123) Concurrent cleanup 2127M->191M(8192M) 0.041ms
[108.688s][info][gc,ergo     ] GC(123) Free: 7588M, Max: 4096K regular, 5652M humongous, Frag: 26% external, 0% internal; Reserve: 412M, Max: 4096K
[108.688s][info][gc,start    ] GC(123) Concurrent class unloading
[108.688s][info][gc,task     ] GC(123) Using 1 of 3 workers for concurrent class unloading
[108.689s][info][gc          ] GC(123) Concurrent class unloading 1.808ms
[108.689s][info][gc,start    ] GC(123) Pause Final Roots
[108.689s][info][gc          ] GC(123) Pause Final Roots 0.023ms
[108.690s][info][gc,ergo     ] Free: 7584M, Max: 4096K regular, 5652M humongous, Frag: 26% external, 0% internal; Reserve: 412M, Max: 4096K
[108.690s][info][gc,stats    ] 
[108.690s][info][gc,stats    ] All times are wall-clock times, except per-root-class counters, that are sum over
[108.690s][info][gc,stats    ] all workers. Dividing the <total> over the root stage time estimates parallelism.
[108.690s][info][gc,stats    ] 
[108.690s][info][gc,stats    ] Concurrent Reset                    754 us
[108.690s][info][gc,stats    ] Pause Init Mark (G)                 383 us
[108.690s][info][gc,stats    ] Pause Init Mark (N)                 199 us
[108.690s][info][gc,stats    ]   Update Region States               76 us
[108.690s][info][gc,stats    ] Concurrent Mark Roots               536 us, parallelism: 0.77x
[108.690s][info][gc,stats    ]   CMR: <total>                      411 us
[108.690s][info][gc,stats    ]   CMR: Thread Roots                 336 us, workers (us): 336, ---, ---, 
[108.690s][info][gc,stats    ]   CMR: VM Strong Roots                8 us, workers (us):   8, ---, ---, 
[108.690s][info][gc,stats    ]   CMR: CLDG Roots                    67 us, workers (us):  67, ---, ---, 
[108.690s][info][gc,stats    ] Concurrent Marking                30414 us
[108.690s][info][gc,stats    ] Pause Final Mark (G)                485 us
[108.690s][info][gc,stats    ] Pause Final Mark (N)                363 us
[108.690s][info][gc,stats    ]   Finish Mark                       101 us
[108.690s][info][gc,stats    ]   Update Region States               89 us
[108.690s][info][gc,stats    ]   Choose Collection Set              63 us
[108.690s][info][gc,stats    ]   Rebuild Free Set                   16 us
[108.690s][info][gc,stats    ] Concurrent Weak References          147 us, parallelism: 0.05x
[108.690s][info][gc,stats    ]   CWRF: <total>                       8 us
[108.690s][info][gc,stats    ]   CWRF: Weak References               8 us, workers (us):   8, ---, ---, 
[108.690s][info][gc,stats    ] Concurrent Weak Roots               565 us
[108.690s][info][gc,stats    ]   Roots                             450 us, parallelism: 0.92x
[108.690s][info][gc,stats    ]     CWR: <total>                    414 us
[108.690s][info][gc,stats    ]     CWR: Code Cache Roots           347 us, workers (us): 347, ---, ---, 
[108.690s][info][gc,stats    ]     CWR: VM Weak Roots               62 us, workers (us):  62, ---, ---, 
[108.690s][info][gc,stats    ]     CWR: CLDG Roots                   5 us, workers (us):   5, ---, ---, 
[108.690s][info][gc,stats    ]   Rendezvous                         81 us
[108.690s][info][gc,stats    ] Concurrent Cleanup                   49 us
[108.690s][info][gc,stats    ] Concurrent Class Unloading         1837 us
[108.690s][info][gc,stats    ]   Unlink Stale                     1663 us
[108.690s][info][gc,stats    ]     System Dictionary                 3 us
[108.690s][info][gc,stats    ]     Weak Class Links                  0 us
[108.690s][info][gc,stats    ]     Code Roots                     1659 us
[108.690s][info][gc,stats    ]   Rendezvous                         57 us
[108.690s][info][gc,stats    ]   Purge Unlinked                     72 us
[108.690s][info][gc,stats    ]     Code Roots                       68 us
[108.690s][info][gc,stats    ]     CLDG                              4 us
[108.690s][info][gc,stats    ]     Exception Caches                  0 us
[108.690s][info][gc,stats    ] Pause Final Roots (G)               112 us
[108.690s][info][gc,stats    ] Pause Final Roots (N)                31 us
[108.690s][info][gc,stats    ] 
[108.690s][info][gc,stats    ] Allocation pacing accrued:
[108.690s][info][gc,stats    ]       0 of   936 ms (  0.0%): <total>
[108.690s][info][gc,stats    ]       0 of   936 ms (  0.0%): <average total>
[108.690s][info][gc,stats    ] 
[108.690s][info][gc,metaspace] Metaspace: 8999K(9216K)->8999K(9216K) NonClass: 7827K(7936K)->7827K(7936K) Class: 1171K(1280K)->1171K(1280K)
[108.690s][info][gc,ergo     ] Pacer for Idle. Initial: 163M, Alloc Tax Rate: 1.0x
[109.376s][info][gc          ] Trigger: Explicit GC request (System.gc())
[109.376s][info][gc,ergo     ] Free: 6724M, Max: 4096K regular, 5652M humongous, Frag: 16% external, 0% internal; Reserve: 412M, Max: 4096K
[109.376s][info][gc,start    ] GC(124) Concurrent reset
[109.376s][info][gc,task     ] GC(124) Using 1 of 3 workers for concurrent reset
[109.376s][info][gc,ergo     ] GC(124) Pacer for Reset. Non-Taxable: 8192M
[109.377s][info][gc          ] GC(124) Concurrent reset 0.530ms
[109.377s][info][gc,start    ] GC(124) Pause Init Mark (unload classes)
[109.377s][info][gc,task     ] GC(124) Using 3 of 3 workers for init marking
[109.377s][info][gc,ref      ] GC(124) Clearing All SoftReferences
[109.377s][info][gc,ergo     ] GC(124) Pacer for Mark. Expected Live: 14448K, Free: 6724M, Non-Taxable: 672M, Alloc Tax Rate: 0.0x
[109.377s][info][gc          ] GC(124) Pause Init Mark (unload classes) 0.177ms
[109.377s][info][gc,start    ] GC(124) Concurrent marking roots
[109.377s][info][gc,task     ] GC(124) Using 1 of 3 workers for concurrent marking roots
[109.378s][info][gc          ] GC(124) Concurrent marking roots 0.769ms
[109.378s][info][gc,start    ] GC(124) Concurrent marking (unload classes)
[109.378s][info][gc,task     ] GC(124) Using 1 of 3 workers for concurrent marking
[109.381s][info][gc          ] GC(124) Concurrent marking (unload classes) 3.522ms
[109.382s][info][gc,start    ] GC(124) Pause Final Mark (unload classes)
[109.382s][info][gc,task     ] GC(124) Using 3 of 3 workers for final marking
[109.382s][info][gc,ergo     ] GC(124) Collectable Garbage: 983M (93%), Immediate: 983M (93%), CSet: 0B (0%)
[109.382s][info][gc          ] GC(124) Pause Final Mark (unload classes) 0.295ms
[109.382s][info][gc,start    ] GC(124) Concurrent weak references
[109.382s][info][gc,task     ] GC(124) Using 1 of 3 workers for concurrent weak references
[109.382s][info][gc,ref      ] GC(124) Encountered references: Soft: 144, Weak: 702, Final: 0, Phantom: 27
[109.382s][info][gc,ref      ] GC(124) Discovered  references: Soft: 89, Weak: 168, Final: 0, Phantom: 25
[109.382s][info][gc,ref      ] GC(124) Enqueued    references: Soft: 3, Weak: 0, Final: 0, Phantom: 0
[109.382s][info][gc          ] GC(124) Concurrent weak references 0.120ms
[109.382s][info][gc,start    ] GC(124) Concurrent weak roots
[109.382s][info][gc,task     ] GC(124) Using 1 of 3 workers for concurrent weak root
[109.383s][info][gc          ] GC(124) Concurrent weak roots 0.674ms
[109.383s][info][gc,start    ] GC(124) Concurrent cleanup
[109.383s][info][gc          ] GC(124) Concurrent cleanup 1055M->71M(8192M) 0.035ms
[109.383s][info][gc,ergo     ] GC(124) Free: 7708M, Max: 4096K regular, 6832M humongous, Frag: 12% external, 0% internal; Reserve: 412M, Max: 4096K
[109.383s][info][gc,start    ] GC(124) Concurrent class unloading
[109.383s][info][gc,task     ] GC(124) Using 1 of 3 workers for concurrent class unloading
[109.385s][info][gc          ] GC(124) Concurrent class unloading 1.883ms
[109.385s][info][gc,start    ] GC(124) Pause Final Roots
[109.385s][info][gc          ] GC(124) Pause Final Roots 0.020ms
[109.385s][info][gc,ergo     ] Free: 7708M, Max: 4096K regular, 6832M humongous, Frag: 12% external, 0% internal; Reserve: 412M, Max: 4096K
[109.385s][info][gc,stats    ] 
[109.385s][info][gc,stats    ] All times are wall-clock times, except per-root-class counters, that are sum over
[109.385s][info][gc,stats    ] all workers. Dividing the <total> over the root stage time estimates parallelism.
[109.385s][info][gc,stats    ] 
[109.385s][info][gc,stats    ] Concurrent Reset                    591 us
[109.385s][info][gc,stats    ] Pause Init Mark (G)                 299 us
[109.385s][info][gc,stats    ] Pause Init Mark (N)                 199 us
[109.385s][info][gc,stats    ]   Update Region States               80 us
[109.385s][info][gc,stats    ] Concurrent Mark Roots               816 us, parallelism: 0.78x
[109.385s][info][gc,stats    ]   CMR: <total>                      636 us
[109.385s][info][gc,stats    ]   CMR: Thread Roots                 561 us, workers (us): 561, ---, ---, 
[109.385s][info][gc,stats    ]   CMR: VM Strong Roots                8 us, workers (us):   8, ---, ---, 
[109.385s][info][gc,stats    ]   CMR: CLDG Roots                    67 us, workers (us):  67, ---, ---, 
[109.385s][info][gc,stats    ] Concurrent Marking                 3576 us
[109.385s][info][gc,stats    ] Pause Final Mark (G)                430 us
[109.385s][info][gc,stats    ] Pause Final Mark (N)                318 us
[109.385s][info][gc,stats    ]   Finish Mark                        91 us
[109.385s][info][gc,stats    ]   Update Region States               48 us
[109.385s][info][gc,stats    ]   Choose Collection Set              56 us
[109.385s][info][gc,stats    ]   Rebuild Free Set                   22 us
[109.385s][info][gc,stats    ] Concurrent Weak References          128 us, parallelism: 0.06x
[109.385s][info][gc,stats    ]   CWRF: <total>                       8 us
[109.385s][info][gc,stats    ]   CWRF: Weak References               8 us, workers (us):   8, ---, ---, 
[109.385s][info][gc,stats    ] Concurrent Weak Roots               693 us
[109.385s][info][gc,stats    ]   Roots                             562 us, parallelism: 0.87x
[109.385s][info][gc,stats    ]     CWR: <total>                    490 us
[109.385s][info][gc,stats    ]     CWR: Code Cache Roots           372 us, workers (us): 372, ---, ---, 
[109.385s][info][gc,stats    ]     CWR: VM Weak Roots              113 us, workers (us): 113, ---, ---, 
[109.385s][info][gc,stats    ]     CWR: CLDG Roots                   5 us, workers (us):   5, ---, ---, 
[109.385s][info][gc,stats    ]   Rendezvous                         97 us
[109.385s][info][gc,stats    ] Concurrent Cleanup                   43 us
[109.385s][info][gc,stats    ] Concurrent Class Unloading         1915 us
[109.385s][info][gc,stats    ]   Unlink Stale                     1676 us
[109.385s][info][gc,stats    ]     System Dictionary                 3 us
[109.385s][info][gc,stats    ]     Weak Class Links                  0 us
[109.385s][info][gc,stats    ]     Code Roots                     1672 us
[109.385s][info][gc,stats    ]   Rendezvous                        120 us
[109.385s][info][gc,stats    ]   Purge Unlinked                     70 us
[109.385s][info][gc,stats    ]     Code Roots                       65 us
[109.385s][info][gc,stats    ]     CLDG                              5 us
[109.385s][info][gc,stats    ]     Exception Caches                  0 us
[109.385s][info][gc,stats    ] Pause Final Roots (G)                76 us
[109.385s][info][gc,stats    ] Pause Final Roots (N)                28 us
[109.385s][info][gc,stats    ] 
[109.385s][info][gc,stats    ] Allocation pacing accrued:
[109.385s][info][gc,stats    ]       0 of   695 ms (  0.0%): <total>
[109.385s][info][gc,stats    ]       0 of   695 ms (  0.0%): <average total>
[109.385s][info][gc,stats    ] 
[109.385s][info][gc,metaspace] Metaspace: 8999K(9216K)->8999K(9216K) NonClass: 7827K(7936K)->7827K(7936K) Class: 1171K(1280K)->1171K(1280K)
[109.385s][info][gc,ergo     ] Pacer for Idle. Initial: 163M, Alloc Tax Rate: 1.0x
[110.302s][info][gc          ] Trigger: Learning 2 of 5. Free (5724M) is below initial threshold (5734M)
[110.302s][info][gc,ergo     ] Free: 5724M, Max: 4096K regular, 5724M humongous, Frag: 0% external, 0% internal; Reserve: 412M, Max: 4096K
[110.302s][info][gc,start    ] GC(125) Concurrent reset
[110.302s][info][gc,task     ] GC(125) Using 1 of 3 workers for concurrent reset
[110.302s][info][gc,ergo     ] GC(125) Pacer for Reset. Non-Taxable: 8192M
[110.303s][info][gc          ] GC(125) Concurrent reset 0.586ms
[110.303s][info][gc,start    ] GC(125) Pause Init Mark (unload classes)
[110.303s][info][gc,task     ] GC(125) Using 3 of 3 workers for init marking
[110.303s][info][gc,ergo     ] GC(125) Pacer for Mark. Expected Live: 10695K, Free: 5724M, Non-Taxable: 572M, Alloc Tax Rate: 0.0x
[110.303s][info][gc          ] GC(125) Pause Init Mark (unload classes) 0.143ms
[110.303s][info][gc,start    ] GC(125) Concurrent marking roots
[110.303s][info][gc,task     ] GC(125) Using 1 of 3 workers for concurrent marking roots
[110.303s][info][gc          ] GC(125) Concurrent marking roots 0.415ms
[110.303s][info][gc,start    ] GC(125) Concurrent marking (unload classes)
[110.303s][info][gc,task     ] GC(125) Using 1 of 3 workers for concurrent marking
[110.317s][info][gc          ] GC(125) Concurrent marking (unload classes) 13.046ms
[110.317s][info][gc,start    ] GC(125) Pause Final Mark (unload classes)
[110.317s][info][gc,task     ] GC(125) Using 3 of 3 workers for final marking
[110.317s][info][gc,ergo     ] GC(125) Collectable Garbage: 1948M (95%), Immediate: 1948M (95%), CSet: 0B (0%)
[110.317s][info][gc          ] GC(125) Pause Final Mark (unload classes) 0.324ms
[110.317s][info][gc,start    ] GC(125) Concurrent weak references
[110.317s][info][gc,task     ] GC(125) Using 1 of 3 workers for concurrent weak references
[110.317s][info][gc,ref      ] GC(125) Encountered references: Soft: 144, Weak: 702, Final: 0, Phantom: 27
[110.317s][info][gc,ref      ] GC(125) Discovered  references: Soft: 0, Weak: 150, Final: 0, Phantom: 12
[110.317s][info][gc,ref      ] GC(125) Enqueued    references: Soft: 0, Weak: 0, Final: 0, Phantom: 0
[110.317s][info][gc          ] GC(125) Concurrent weak references 0.148ms
[110.317s][info][gc,start    ] GC(125) Concurrent weak roots
[110.317s][info][gc,task     ] GC(125) Using 1 of 3 workers for concurrent weak root
[110.318s][info][gc          ] GC(125) Concurrent weak roots 0.725ms
[110.318s][info][gc,start    ] GC(125) Concurrent cleanup
[110.318s][info][gc          ] GC(125) Concurrent cleanup 2087M->139M(8192M) 0.043ms
[110.318s][info][gc,ergo     ] GC(125) Free: 7640M, Max: 4096K regular, 5692M humongous, Frag: 26% external, 0% internal; Reserve: 412M, Max: 4096K
[110.318s][info][gc,start    ] GC(125) Concurrent class unloading
[110.318s][info][gc,task     ] GC(125) Using 1 of 3 workers for concurrent class unloading
[110.320s][info][gc          ] GC(125) Concurrent class unloading 2.300ms
[110.320s][info][gc,start    ] GC(125) Pause Final Roots
[110.320s][info][gc          ] GC(125) Pause Final Roots 0.025ms
[110.321s][info][gc,ergo     ] Free: 7636M, Max: 4096K regular, 5692M humongous, Frag: 26% external, 0% internal; Reserve: 412M, Max: 4096K
[110.321s][info][gc,stats    ] 
[110.321s][info][gc,stats    ] All times are wall-clock times, except per-root-class counters, that are sum over
[110.321s][info][gc,stats    ] all workers. Dividing the <total> over the root stage time estimates parallelism.
[110.321s][info][gc,stats    ] 
[110.321s][info][gc,stats    ] Concurrent Reset                    647 us
[110.321s][info][gc,stats    ] Pause Init Mark (G)                 295 us
[110.321s][info][gc,stats    ] Pause Init Mark (N)                 160 us
[110.321s][info][gc,stats    ]   Update Region States               53 us
[110.321s][info][gc,stats    ] Concurrent Mark Roots               432 us, parallelism: 0.79x
[110.321s][info][gc,stats    ]   CMR: <total>                      343 us
[110.321s][info][gc,stats    ]   CMR: Thread Roots                 299 us, workers (us): 299, ---, ---, 
[110.321s][info][gc,stats    ]   CMR: VM Strong Roots                6 us, workers (us):   6, ---, ---, 
[110.321s][info][gc,stats    ]   CMR: CLDG Roots                    38 us, workers (us):  38, ---, ---, 
[110.321s][info][gc,stats    ] Concurrent Marking                13114 us
[110.321s][info][gc,stats    ] Pause Final Mark (G)                475 us
[110.321s][info][gc,stats    ] Pause Final Mark (N)                349 us
[110.321s][info][gc,stats    ]   Finish Mark                       111 us
[110.321s][info][gc,stats    ]   Update Region States               54 us
[110.321s][info][gc,stats    ]   Choose Collection Set              62 us
[110.321s][info][gc,stats    ]   Rebuild Free Set                   17 us
[110.321s][info][gc,stats    ] Concurrent Weak References          155 us, parallelism: 0.03x
[110.321s][info][gc,stats    ]   CWRF: <total>                       5 us
[110.321s][info][gc,stats    ]   CWRF: Weak References               5 us, workers (us):   5, ---, ---, 
[110.321s][info][gc,stats    ] Concurrent Weak Roots               744 us
[110.321s][info][gc,stats    ]   Roots                             619 us, parallelism: 0.86x
[110.321s][info][gc,stats    ]     CWR: <total>                    533 us
[110.321s][info][gc,stats    ]     CWR: Code Cache Roots           411 us, workers (us): 411, ---, ---, 
[110.321s][info][gc,stats    ]     CWR: VM Weak Roots              115 us, workers (us): 115, ---, ---, 
[110.321s][info][gc,stats    ]     CWR: CLDG Roots                   7 us, workers (us):   7, ---, ---, 
[110.321s][info][gc,stats    ]   Rendezvous                         91 us
[110.321s][info][gc,stats    ] Concurrent Cleanup                   51 us
[110.321s][info][gc,stats    ] Concurrent Class Unloading         2348 us
[110.321s][info][gc,stats    ]   Unlink Stale                     2080 us
[110.321s][info][gc,stats    ]     System Dictionary                 3 us
[110.321s][info][gc,stats    ]     Weak Class Links                  0 us
[110.321s][info][gc,stats    ]     Code Roots                     2076 us
[110.321s][info][gc,stats    ]   Rendezvous                         50 us
[110.321s][info][gc,stats    ]   Purge Unlinked                    152 us
[110.321s][info][gc,stats    ]     Code Roots                      141 us
[110.321s][info][gc,stats    ]     CLDG                             10 us
[110.321s][info][gc,stats    ]     Exception Caches                  0 us
[110.321s][info][gc,stats    ] Pause Final Roots (G)               128 us
[110.321s][info][gc,stats    ] Pause Final Roots (N)                33 us
[110.321s][info][gc,stats    ] 
[110.321s][info][gc,stats    ] Allocation pacing accrued:
[110.321s][info][gc,stats    ]       0 of   936 ms (  0.0%): <total>
[110.321s][info][gc,stats    ]       0 of   936 ms (  0.0%): <average total>
[110.321s][info][gc,stats    ] 
[110.321s][info][gc,metaspace] Metaspace: 8999K(9216K)->8999K(9216K) NonClass: 7827K(7936K)->7827K(7936K) Class: 1171K(1280K)->1171K(1280K)
[110.321s][info][gc,ergo     ] Pacer for Idle. Initial: 163M, Alloc Tax Rate: 1.0x
[111.212s][info][gc          ] Trigger: Learning 3 of 5. Free (5708M) is below initial threshold (5734M)
[111.212s][info][gc,ergo     ] Free: 5708M, Max: 4096K regular, 5692M humongous, Frag: 1% external, 0% internal; Reserve: 412M, Max: 4096K
[111.212s][info][gc,start    ] GC(126) Concurrent reset
[111.212s][info][gc,task     ] GC(126) Using 1 of 3 workers for concurrent reset
[111.212s][info][gc,ergo     ] GC(126) Pacer for Reset. Non-Taxable: 8192M
[111.213s][info][gc          ] GC(126) Concurrent reset 0.717ms
[111.213s][info][gc,start    ] GC(126) Pause Init Mark (unload classes)
[111.213s][info][gc,task     ] GC(126) Using 3 of 3 workers for init marking
[111.213s][info][gc,ergo     ] GC(126) Pacer for Mark. Expected Live: 11986K, Free: 5708M, Non-Taxable: 570M, Alloc Tax Rate: 0.0x
[111.214s][info][gc          ] GC(126) Pause Init Mark (unload classes) 0.187ms
[111.214s][info][gc,start    ] GC(126) Concurrent marking roots
[111.214s][info][gc,task     ] GC(126) Using 1 of 3 workers for concurrent marking roots
[111.214s][info][gc          ] GC(126) Concurrent marking roots 0.431ms
[111.214s][info][gc,start    ] GC(126) Concurrent marking (unload classes)
[111.214s][info][gc,task     ] GC(126) Using 1 of 3 workers for concurrent marking
[111.235s][info][gc          ] GC(126) Concurrent marking (unload classes) 21.111ms
[111.235s][info][gc,start    ] GC(126) Pause Final Mark (unload classes)
[111.235s][info][gc,task     ] GC(126) Using 3 of 3 workers for final marking
[111.236s][info][gc,ergo     ] GC(126) Collectable Garbage: 1939M (94%), Immediate: 1939M (94%), CSet: 0B (0%)
[111.236s][info][gc          ] GC(126) Pause Final Mark (unload classes) 0.299ms
[111.236s][info][gc,start    ] GC(126) Concurrent weak references
[111.236s][info][gc,task     ] GC(126) Using 1 of 3 workers for concurrent weak references
[111.236s][info][gc,ref      ] GC(126) Encountered references: Soft: 144, Weak: 702, Final: 0, Phantom: 27
[111.236s][info][gc,ref      ] GC(126) Discovered  references: Soft: 0, Weak: 150, Final: 0, Phantom: 25
[111.236s][info][gc,ref      ] GC(126) Enqueued    references: Soft: 0, Weak: 0, Final: 0, Phantom: 0
[111.236s][info][gc          ] GC(126) Concurrent weak references 0.112ms
[111.236s][info][gc,start    ] GC(126) Concurrent weak roots
[111.236s][info][gc,task     ] GC(126) Using 1 of 3 workers for concurrent weak root
[111.236s][info][gc          ] GC(126) Concurrent weak roots 0.547ms
[111.236s][info][gc,start    ] GC(126) Concurrent cleanup
[111.236s][info][gc          ] GC(126) Concurrent cleanup 2119M->179M(8192M) 0.042ms
[111.236s][info][gc,ergo     ] GC(126) Free: 7600M, Max: 4096K regular, 5660M humongous, Frag: 26% external, 0% internal; Reserve: 412M, Max: 4096K
[111.236s][info][gc,start    ] GC(126) Concurrent class unloading
[111.236s][info][gc,task     ] GC(126) Using 1 of 3 workers for concurrent class unloading
[111.238s][info][gc          ] GC(126) Concurrent class unloading 1.886ms
[111.238s][info][gc,start    ] GC(126) Pause Final Roots
[111.238s][info][gc          ] GC(126) Pause Final Roots 0.023ms
[111.239s][info][gc,ergo     ] Free: 7596M, Max: 4096K regular, 5660M humongous, Frag: 26% external, 0% internal; Reserve: 412M, Max: 4096K
[111.239s][info][gc,stats    ] 
[111.239s][info][gc,stats    ] All times are wall-clock times, except per-root-class counters, that are sum over
[111.239s][info][gc,stats    ] all workers. Dividing the <total> over the root stage time estimates parallelism.
[111.239s][info][gc,stats    ] 
[111.239s][info][gc,stats    ] Concurrent Reset                    786 us
[111.239s][info][gc,stats    ] Pause Init Mark (G)                 413 us
[111.239s][info][gc,stats    ] Pause Init Mark (N)                 208 us
[111.239s][info][gc,stats    ]   Update Region States               75 us
[111.239s][info][gc,stats    ] Concurrent Mark Roots               449 us, parallelism: 0.76x
[111.239s][info][gc,stats    ]   CMR: <total>                      342 us
[111.239s][info][gc,stats    ]   CMR: Thread Roots                 300 us, workers (us): 300, ---, ---, 
[111.239s][info][gc,stats    ]   CMR: VM Strong Roots                7 us, workers (us):   7, ---, ---, 
[111.239s][info][gc,stats    ]   CMR: CLDG Roots                    35 us, workers (us):  35, ---, ---, 
[111.239s][info][gc,stats    ] Concurrent Marking                21181 us
[111.239s][info][gc,stats    ] Pause Final Mark (G)                426 us
[111.239s][info][gc,stats    ] Pause Final Mark (N)                319 us
[111.239s][info][gc,stats    ]   Finish Mark                       101 us
[111.239s][info][gc,stats    ]   Update Region States               51 us
[111.239s][info][gc,stats    ]   Choose Collection Set              60 us
[111.239s][info][gc,stats    ]   Rebuild Free Set                   17 us
[111.239s][info][gc,stats    ] Concurrent Weak References          120 us, parallelism: 0.04x
[111.239s][info][gc,stats    ]   CWRF: <total>                       5 us
[111.239s][info][gc,stats    ]   CWRF: Weak References               5 us, workers (us):   5, ---, ---, 
[111.239s][info][gc,stats    ] Concurrent Weak Roots               566 us
[111.239s][info][gc,stats    ]   Roots                             451 us, parallelism: 0.92x
[111.239s][info][gc,stats    ]     CWR: <total>                    416 us
[111.239s][info][gc,stats    ]     CWR: Code Cache Roots           347 us, workers (us): 347, ---, ---, 
[111.239s][info][gc,stats    ]     CWR: VM Weak Roots               63 us, workers (us):  63, ---, ---, 
[111.239s][info][gc,stats    ]     CWR: CLDG Roots                   6 us, workers (us):   6, ---, ---, 
[111.239s][info][gc,stats    ]   Rendezvous                         81 us
[111.239s][info][gc,stats    ] Concurrent Cleanup                   50 us
[111.239s][info][gc,stats    ] Concurrent Class Unloading         1924 us
[111.239s][info][gc,stats    ]   Unlink Stale                     1697 us
[111.239s][info][gc,stats    ]     System Dictionary                 3 us
[111.239s][info][gc,stats    ]     Weak Class Links                  0 us
[111.239s][info][gc,stats    ]     Code Roots                     1693 us
[111.239s][info][gc,stats    ]   Rendezvous                         44 us
[111.239s][info][gc,stats    ]   Purge Unlinked                    124 us
[111.239s][info][gc,stats    ]     Code Roots                      119 us
[111.239s][info][gc,stats    ]     CLDG                              5 us
[111.239s][info][gc,stats    ]     Exception Caches                  0 us
[111.239s][info][gc,stats    ] Pause Final Roots (G)               112 us
[111.239s][info][gc,stats    ] Pause Final Roots (N)                31 us
[111.239s][info][gc,stats    ] 
[111.239s][info][gc,stats    ] Allocation pacing accrued:
[111.239s][info][gc,stats    ]       0 of   918 ms (  0.0%): <total>
[111.239s][info][gc,stats    ]       0 of   918 ms (  0.0%): <average total>
[111.239s][info][gc,stats    ] 
[111.239s][info][gc,metaspace] Metaspace: 8999K(9216K)->8999K(9216K) NonClass: 7827K(7936K)->7827K(7936K) Class: 1171K(1280K)->1171K(1280K)
[111.239s][info][gc,ergo     ] Pacer for Idle. Initial: 163M, Alloc Tax Rate: 1.0x
[112.139s][info][gc          ] Trigger: Learning 4 of 5. Free (5716M) is below initial threshold (5734M)
[112.139s][info][gc,ergo     ] Free: 5716M, Max: 4096K regular, 5660M humongous, Frag: 1% external, 0% internal; Reserve: 412M, Max: 4096K
[112.139s][info][gc,start    ] GC(127) Concurrent reset
[112.139s][info][gc,task     ] GC(127) Using 1 of 3 workers for concurrent reset
[112.139s][info][gc,ergo     ] GC(127) Pacer for Reset. Non-Taxable: 8192M
[112.140s][info][gc          ] GC(127) Concurrent reset 0.881ms
[112.140s][info][gc,start    ] GC(127) Pause Init Mark (unload classes)
[112.140s][info][gc,task     ] GC(127) Using 3 of 3 workers for init marking
[112.140s][info][gc,ergo     ] GC(127) Pacer for Mark. Expected Live: 13204K, Free: 5716M, Non-Taxable: 571M, Alloc Tax Rate: 0.0x
[112.140s][info][gc          ] GC(127) Pause Init Mark (unload classes) 0.185ms
[112.140s][info][gc,start    ] GC(127) Concurrent marking roots
[112.140s][info][gc,task     ] GC(127) Using 1 of 3 workers for concurrent marking roots
[112.141s][info][gc          ] GC(127) Concurrent marking roots 0.759ms
[112.141s][info][gc,start    ] GC(127) Concurrent marking (unload classes)
[112.141s][info][gc,task     ] GC(127) Using 1 of 3 workers for concurrent marking
[112.172s][info][gc          ] GC(127) Concurrent marking (unload classes) 30.591ms
[112.172s][info][gc,start    ] GC(127) Pause Final Mark (unload classes)
[112.172s][info][gc,task     ] GC(127) Using 3 of 3 workers for final marking
[112.172s][info][gc,ergo     ] GC(127) Collectable Garbage: 1944M (95%), Immediate: 1944M (95%), CSet: 0B (0%)
[112.172s][info][gc          ] GC(127) Pause Final Mark (unload classes) 0.364ms
[112.172s][info][gc,start    ] GC(127) Concurrent weak references
[112.172s][info][gc,task     ] GC(127) Using 1 of 3 workers for concurrent weak references
[112.172s][info][gc,ref      ] GC(127) Encountered references: Soft: 144, Weak: 702, Final: 0, Phantom: 27
[112.172s][info][gc,ref      ] GC(127) Discovered  references: Soft: 0, Weak: 150, Final: 0, Phantom: 12
[112.172s][info][gc,ref      ] GC(127) Enqueued    references: Soft: 0, Weak: 0, Final: 0, Phantom: 0
[112.172s][info][gc          ] GC(127) Concurrent weak references 0.078ms
[112.172s][info][gc,start    ] GC(127) Concurrent weak roots
[112.172s][info][gc,task     ] GC(127) Using 1 of 3 workers for concurrent weak root
[112.173s][info][gc          ] GC(127) Concurrent weak roots 0.665ms
[112.173s][info][gc,start    ] GC(127) Concurrent cleanup
[112.173s][info][gc          ] GC(127) Concurrent cleanup 2131M->187M(8192M) 0.040ms
[112.173s][info][gc,ergo     ] GC(127) Free: 7592M, Max: 4096K regular, 5648M humongous, Frag: 26% external, 0% internal; Reserve: 412M, Max: 4096K
[112.173s][info][gc,start    ] GC(127) Concurrent class unloading
[112.173s][info][gc,task     ] GC(127) Using 1 of 3 workers for concurrent class unloading
[112.175s][info][gc          ] GC(127) Concurrent class unloading 2.077ms
[112.175s][info][gc,start    ] GC(127) Pause Final Roots
[112.175s][info][gc          ] GC(127) Pause Final Roots 0.031ms
[112.175s][info][gc,ergo     ] Free: 7584M, Max: 4096K regular, 5648M humongous, Frag: 26% external, 0% internal; Reserve: 412M, Max: 4096K
[112.175s][info][gc,stats    ] 
[112.175s][info][gc,stats    ] All times are wall-clock times, except per-root-class counters, that are sum over
[112.175s][info][gc,stats    ] all workers. Dividing the <total> over the root stage time estimates parallelism.
[112.175s][info][gc,stats    ] 
[112.176s][info][gc,stats    ] Concurrent Reset                    950 us
[112.176s][info][gc,stats    ] Pause Init Mark (G)                 330 us
[112.176s][info][gc,stats    ] Pause Init Mark (N)                 201 us
[112.176s][info][gc,stats    ]   Update Region States               81 us
[112.176s][info][gc,stats    ] Concurrent Mark Roots               768 us, parallelism: 0.87x
[112.176s][info][gc,stats    ]   CMR: <total>                      668 us
[112.176s][info][gc,stats    ]   CMR: Thread Roots                 597 us, workers (us): 597, ---, ---, 
[112.176s][info][gc,stats    ]   CMR: VM Strong Roots                7 us, workers (us):   7, ---, ---, 
[112.176s][info][gc,stats    ]   CMR: CLDG Roots                    64 us, workers (us):  64, ---, ---, 
[112.176s][info][gc,stats    ] Concurrent Marking                30619 us
[112.176s][info][gc,stats    ] Pause Final Mark (G)                467 us
[112.176s][info][gc,stats    ] Pause Final Mark (N)                383 us
[112.176s][info][gc,stats    ]   Finish Mark                       121 us
[112.176s][info][gc,stats    ]   Update Region States               88 us
[112.176s][info][gc,stats    ]   Choose Collection Set              62 us
[112.176s][info][gc,stats    ]   Rebuild Free Set                   16 us
[112.176s][info][gc,stats    ] Concurrent Weak References           85 us, parallelism: 0.05x
[112.176s][info][gc,stats    ]   CWRF: <total>                       4 us
[112.176s][info][gc,stats    ]   CWRF: Weak References               4 us, workers (us):   4, ---, ---, 
[112.176s][info][gc,stats    ] Concurrent Weak Roots               675 us
[112.176s][info][gc,stats    ]   Roots                             585 us, parallelism: 0.91x
[112.176s][info][gc,stats    ]     CWR: <total>                    531 us
[112.176s][info][gc,stats    ]     CWR: Code Cache Roots           412 us, workers (us): 412, ---, ---, 
[112.176s][info][gc,stats    ]     CWR: VM Weak Roots              113 us, workers (us): 113, ---, ---, 
[112.176s][info][gc,stats    ]     CWR: CLDG Roots                   6 us, workers (us):   6, ---, ---, 
[112.176s][info][gc,stats    ]   Rendezvous                         66 us
[112.176s][info][gc,stats    ] Concurrent Cleanup                   48 us
[112.176s][info][gc,stats    ] Concurrent Class Unloading         2091 us
[112.176s][info][gc,stats    ]   Unlink Stale                     1930 us
[112.176s][info][gc,stats    ]     System Dictionary                 3 us
[112.176s][info][gc,stats    ]     Weak Class Links                  0 us
[112.176s][info][gc,stats    ]     Code Roots                     1926 us
[112.176s][info][gc,stats    ]   Rendezvous                         38 us
[112.176s][info][gc,stats    ]   Purge Unlinked                     94 us
[112.176s][info][gc,stats    ]     Code Roots                       92 us
[112.176s][info][gc,stats    ]     CLDG                              2 us
[112.176s][info][gc,stats    ]     Exception Caches                  0 us
[112.176s][info][gc,stats    ] Pause Final Roots (G)               127 us
[112.176s][info][gc,stats    ] Pause Final Roots (N)                49 us
[112.176s][info][gc,stats    ] 
[112.176s][info][gc,stats    ] Allocation pacing accrued:
[112.176s][info][gc,stats    ]       0 of   937 ms (  0.0%): <total>
[112.176s][info][gc,stats    ]       0 of   937 ms (  0.0%): <average total>
[112.176s][info][gc,stats    ] 
[112.176s][info][gc,metaspace] Metaspace: 8999K(9216K)->8999K(9216K) NonClass: 7827K(7936K)->7827K(7936K) Class: 1171K(1280K)->1171K(1280K)
[112.176s][info][gc,ergo     ] Pacer for Idle. Initial: 163M, Alloc Tax Rate: 1.0x
[112.860s][info][gc          ] Trigger: Explicit GC request (System.gc())
[112.860s][info][gc,ergo     ] Free: 6732M, Max: 4096K regular, 5648M humongous, Frag: 17% external, 0% internal; Reserve: 412M, Max: 4096K
[112.860s][info][gc,start    ] GC(128) Concurrent reset
[112.860s][info][gc,task     ] GC(128) Using 1 of 3 workers for concurrent reset
[112.860s][info][gc,ergo     ] GC(128) Pacer for Reset. Non-Taxable: 8192M
[112.861s][info][gc          ] GC(128) Concurrent reset 0.658ms
[112.861s][info][gc,start    ] GC(128) Pause Init Mark (unload classes)
[112.861s][info][gc,task     ] GC(128) Using 3 of 3 workers for init marking
[112.861s][info][gc,ref      ] GC(128) Clearing All SoftReferences
[112.861s][info][gc,ergo     ] GC(128) Pacer for Mark. Expected Live: 14480K, Free: 6732M, Non-Taxable: 673M, Alloc Tax Rate: 0.0x
[112.861s][info][gc          ] GC(128) Pause Init Mark (unload classes) 0.114ms
[112.861s][info][gc,start    ] GC(128) Concurrent marking roots
[112.861s][info][gc,task     ] GC(128) Using 1 of 3 workers for concurrent marking roots
[112.861s][info][gc          ] GC(128) Concurrent marking roots 0.427ms
[112.861s][info][gc,start    ] GC(128) Concurrent marking (unload classes)
[112.862s][info][gc,task     ] GC(128) Using 1 of 3 workers for concurrent marking
[112.865s][info][gc          ] GC(128) Concurrent marking (unload classes) 3.940ms
[112.866s][info][gc,start    ] GC(128) Pause Final Mark (unload classes)
[112.866s][info][gc,task     ] GC(128) Using 3 of 3 workers for final marking
[112.866s][info][gc,ergo     ] GC(128) Collectable Garbage: 975M (93%), Immediate: 975M (93%), CSet: 0B (0%)
[112.866s][info][gc          ] GC(128) Pause Final Mark (unload classes) 0.403ms
[112.866s][info][gc,start    ] GC(128) Concurrent weak references
[112.866s][info][gc,task     ] GC(128) Using 1 of 3 workers for concurrent weak references
[112.866s][info][gc,ref      ] GC(128) Encountered references: Soft: 144, Weak: 702, Final: 0, Phantom: 27
[112.866s][info][gc,ref      ] GC(128) Discovered  references: Soft: 89, Weak: 168, Final: 0, Phantom: 25
[112.866s][info][gc,ref      ] GC(128) Enqueued    references: Soft: 3, Weak: 0, Final: 0, Phantom: 0
[112.866s][info][gc          ] GC(128) Concurrent weak references 0.154ms
[112.866s][info][gc,start    ] GC(128) Concurrent weak roots
[112.866s][info][gc,task     ] GC(128) Using 1 of 3 workers for concurrent weak root
[112.867s][info][gc          ] GC(128) Concurrent weak roots 0.644ms
[112.867s][info][gc,start    ] GC(128) Concurrent cleanup
[112.867s][info][gc          ] GC(128) Concurrent cleanup 1047M->71M(8192M) 0.029ms
[112.867s][info][gc,ergo     ] GC(128) Free: 7708M, Max: 4096K regular, 6836M humongous, Frag: 12% external, 0% internal; Reserve: 412M, Max: 4096K
[112.867s][info][gc,start    ] GC(128) Concurrent class unloading
[112.867s][info][gc,task     ] GC(128) Using 1 of 3 workers for concurrent class unloading
[112.869s][info][gc          ] GC(128) Concurrent class unloading 1.899ms
[112.869s][info][gc,start    ] GC(128) Pause Final Roots
[112.869s][info][gc          ] GC(128) Pause Final Roots 0.052ms
[112.869s][info][gc,ergo     ] Free: 7708M, Max: 4096K regular, 6836M humongous, Frag: 12% external, 0% internal; Reserve: 412M, Max: 4096K
[112.869s][info][gc,stats    ] 
[112.869s][info][gc,stats    ] All times are wall-clock times, except per-root-class counters, that are sum over
[112.869s][info][gc,stats    ] all workers. Dividing the <total> over the root stage time estimates parallelism.
[112.869s][info][gc,stats    ] 
[112.869s][info][gc,stats    ] Concurrent Reset                    731 us
[112.869s][info][gc,stats    ] Pause Init Mark (G)                 171 us
[112.869s][info][gc,stats    ] Pause Init Mark (N)                 122 us
[112.869s][info][gc,stats    ]   Update Region States               40 us
[112.869s][info][gc,stats    ] Concurrent Mark Roots               448 us, parallelism: 0.76x
[112.869s][info][gc,stats    ]   CMR: <total>                      340 us
[112.869s][info][gc,stats    ]   CMR: Thread Roots                 290 us, workers (us): 290, ---, ---, 
[112.869s][info][gc,stats    ]   CMR: VM Strong Roots                7 us, workers (us):   7, ---, ---, 
[112.869s][info][gc,stats    ]   CMR: CLDG Roots                    44 us, workers (us):  44, ---, ---, 
[112.869s][info][gc,stats    ] Concurrent Marking                 4008 us
[112.869s][info][gc,stats    ] Pause Final Mark (G)                548 us
[112.869s][info][gc,stats    ] Pause Final Mark (N)                428 us
[112.869s][info][gc,stats    ]   Finish Mark                       144 us
[112.870s][info][gc,stats    ]   Update Region States               77 us
[112.870s][info][gc,stats    ]   Choose Collection Set              77 us
[112.870s][info][gc,stats    ]   Rebuild Free Set                   23 us
[112.870s][info][gc,stats    ] Concurrent Weak References          170 us, parallelism: 0.05x
[112.870s][info][gc,stats    ]   CWRF: <total>                       9 us
[112.870s][info][gc,stats    ]   CWRF: Weak References               9 us, workers (us):   9, ---, ---, 
[112.870s][info][gc,stats    ] Concurrent Weak Roots               663 us
[112.870s][info][gc,stats    ]   Roots                             558 us, parallelism: 0.87x
[112.870s][info][gc,stats    ]     CWR: <total>                    486 us
[112.870s][info][gc,stats    ]     CWR: Code Cache Roots           366 us, workers (us): 366, ---, ---, 
[112.870s][info][gc,stats    ]     CWR: VM Weak Roots              113 us, workers (us): 113, ---, ---, 
[112.870s][info][gc,stats    ]     CWR: CLDG Roots                   6 us, workers (us):   6, ---, ---, 
[112.870s][info][gc,stats    ]   Rendezvous                         54 us
[112.870s][info][gc,stats    ] Concurrent Cleanup                   37 us
[112.870s][info][gc,stats    ] Concurrent Class Unloading         1948 us
[112.870s][info][gc,stats    ]   Unlink Stale                     1669 us
[112.870s][info][gc,stats    ]     System Dictionary                 3 us
[112.870s][info][gc,stats    ]     Weak Class Links                  0 us
[112.870s][info][gc,stats    ]     Code Roots                     1665 us
[112.870s][info][gc,stats    ]   Rendezvous                        119 us
[112.870s][info][gc,stats    ]   Purge Unlinked                     93 us
[112.870s][info][gc,stats    ]     Code Roots                       84 us
[112.870s][info][gc,stats    ]     CLDG                              8 us
[112.870s][info][gc,stats    ]     Exception Caches                  0 us
[112.870s][info][gc,stats    ] Pause Final Roots (G)               246 us
[112.870s][info][gc,stats    ] Pause Final Roots (N)                74 us
[112.870s][info][gc,stats    ] 
[112.870s][info][gc,stats    ] Allocation pacing accrued:
[112.870s][info][gc,stats    ]       0 of   694 ms (  0.0%): <total>
[112.870s][info][gc,stats    ]       0 of   694 ms (  0.0%): <average total>
[112.870s][info][gc,stats    ] 
[112.870s][info][gc,metaspace] Metaspace: 9000K(9216K)->9000K(9216K) NonClass: 7828K(7936K)->7828K(7936K) Class: 1171K(1280K)->1171K(1280K)
[112.870s][info][gc,ergo     ] Pacer for Idle. Initial: 163M, Alloc Tax Rate: 1.0x
[113.786s][info][gc          ] Trigger: Learning 2 of 5. Free (5712M) is below initial threshold (5734M)
[113.787s][info][gc,ergo     ] Free: 5712M, Max: 4096K regular, 5712M humongous, Frag: 0% external, 0% internal; Reserve: 412M, Max: 4096K
[113.787s][info][gc,start    ] GC(129) Concurrent reset
[113.787s][info][gc,task     ] GC(129) Using 1 of 3 workers for concurrent reset
[113.787s][info][gc,ergo     ] GC(129) Pacer for Reset. Non-Taxable: 8192M
[113.787s][info][gc          ] GC(129) Concurrent reset 0.534ms
[113.787s][info][gc,start    ] GC(129) Pause Init Mark (unload classes)
[113.787s][info][gc,task     ] GC(129) Using 3 of 3 workers for init marking
[113.788s][info][gc,ergo     ] GC(129) Pacer for Mark. Expected Live: 10695K, Free: 5712M, Non-Taxable: 571M, Alloc Tax Rate: 0.0x
[113.788s][info][gc          ] GC(129) Pause Init Mark (unload classes) 0.194ms
[113.788s][info][gc,start    ] GC(129) Concurrent marking roots
[113.788s][info][gc,task     ] GC(129) Using 1 of 3 workers for concurrent marking roots
[113.788s][info][gc          ] GC(129) Concurrent marking roots 0.433ms
[113.788s][info][gc,start    ] GC(129) Concurrent marking (unload classes)
[113.788s][info][gc,task     ] GC(129) Using 1 of 3 workers for concurrent marking
[113.801s][info][gc          ] GC(129) Concurrent marking (unload classes) 13.265ms
[113.801s][info][gc,start    ] GC(129) Pause Final Mark (unload classes)
[113.802s][info][gc,task     ] GC(129) Using 3 of 3 workers for final marking
[113.802s][info][gc,ergo     ] GC(129) Collectable Garbage: 1956M (95%), Immediate: 1956M (95%), CSet: 0B (0%)
[113.802s][info][gc          ] GC(129) Pause Final Mark (unload classes) 0.330ms
[113.802s][info][gc,start    ] GC(129) Concurrent weak references
[113.802s][info][gc,task     ] GC(129) Using 1 of 3 workers for concurrent weak references
[113.802s][info][gc,ref      ] GC(129) Encountered references: Soft: 144, Weak: 702, Final: 0, Phantom: 27
[113.804s][info][gc,ref      ] GC(129) Discovered  references: Soft: 0, Weak: 150, Final: 0, Phantom: 25
[113.804s][info][gc,ref      ] GC(129) Enqueued    references: Soft: 0, Weak: 0, Final: 0, Phantom: 0
[113.804s][info][gc          ] GC(129) Concurrent weak references 2.552ms
[113.804s][info][gc,start    ] GC(129) Concurrent weak roots
[113.804s][info][gc,task     ] GC(129) Using 1 of 3 workers for concurrent weak root
[113.805s][info][gc          ] GC(129) Concurrent weak roots 0.699ms
[113.805s][info][gc,start    ] GC(129) Concurrent cleanup
[113.805s][info][gc          ] GC(129) Concurrent cleanup 2103M->147M(8192M) 0.048ms
[113.805s][info][gc,ergo     ] GC(129) Free: 7632M, Max: 4096K regular, 5676M humongous, Frag: 26% external, 0% internal; Reserve: 412M, Max: 4096K
[113.805s][info][gc,start    ] GC(129) Concurrent class unloading
[113.805s][info][gc,task     ] GC(129) Using 1 of 3 workers for concurrent class unloading
[113.808s][info][gc          ] GC(129) Concurrent class unloading 2.273ms
[113.808s][info][gc,start    ] GC(129) Pause Final Roots
[113.808s][info][gc          ] GC(129) Pause Final Roots 0.051ms
[113.808s][info][gc,ergo     ] Free: 7624M, Max: 4096K regular, 5676M humongous, Frag: 26% external, 0% internal; Reserve: 412M, Max: 4096K
[113.808s][info][gc,stats    ] 
[113.808s][info][gc,stats    ] All times are wall-clock times, except per-root-class counters, that are sum over
[113.808s][info][gc,stats    ] all workers. Dividing the <total> over the root stage time estimates parallelism.
[113.808s][info][gc,stats    ] 
[113.808s][info][gc,stats    ] Concurrent Reset                    601 us
[113.808s][info][gc,stats    ] Pause Init Mark (G)                 363 us
[113.808s][info][gc,stats    ] Pause Init Mark (N)                 210 us
[113.808s][info][gc,stats    ]   Update Region States               88 us
[113.808s][info][gc,stats    ] Concurrent Mark Roots               450 us, parallelism: 0.78x
[113.808s][info][gc,stats    ]   CMR: <total>                      350 us
[113.808s][info][gc,stats    ]   CMR: Thread Roots                 311 us, workers (us): 311, ---, ---, 
[113.808s][info][gc,stats    ]   CMR: VM Strong Roots                5 us, workers (us):   5, ---, ---, 
[113.808s][info][gc,stats    ]   CMR: CLDG Roots                    34 us, workers (us):  34, ---, ---, 
[113.808s][info][gc,stats    ] Concurrent Marking                13342 us
[113.808s][info][gc,stats    ] Pause Final Mark (G)                467 us
[113.808s][info][gc,stats    ] Pause Final Mark (N)                349 us
[113.808s][info][gc,stats    ]   Finish Mark                       103 us
[113.808s][info][gc,stats    ]   Update Region States               88 us
[113.808s][info][gc,stats    ]   Choose Collection Set              59 us
[113.808s][info][gc,stats    ]   Rebuild Free Set                   16 us
[113.808s][info][gc,stats    ] Concurrent Weak References         2561 us, parallelism: 0.00x
[113.808s][info][gc,stats    ]   CWRF: <total>                       5 us
[113.808s][info][gc,stats    ]   CWRF: Weak References               5 us, workers (us):   5, ---, ---, 
[113.808s][info][gc,stats    ] Concurrent Weak Roots               720 us
[113.808s][info][gc,stats    ]   Roots                             620 us, parallelism: 0.88x
[113.808s][info][gc,stats    ]     CWR: <total>                    546 us
[113.808s][info][gc,stats    ]     CWR: Code Cache Roots           421 us, workers (us): 421, ---, ---, 
[113.808s][info][gc,stats    ]     CWR: VM Weak Roots              118 us, workers (us): 118, ---, ---, 
[113.808s][info][gc,stats    ]     CWR: CLDG Roots                   7 us, workers (us):   7, ---, ---, 
[113.808s][info][gc,stats    ]   Rendezvous                         63 us
[113.808s][info][gc,stats    ] Concurrent Cleanup                   55 us
[113.808s][info][gc,stats    ] Concurrent Class Unloading         2328 us
[113.808s][info][gc,stats    ]   Unlink Stale                     1960 us
[113.808s][info][gc,stats    ]     System Dictionary                 4 us
[113.808s][info][gc,stats    ]     Weak Class Links                  0 us
[113.808s][info][gc,stats    ]     Code Roots                     1955 us
[113.808s][info][gc,stats    ]   Rendezvous                        171 us
[113.808s][info][gc,stats    ]   Purge Unlinked                    123 us
[113.808s][info][gc,stats    ]     Code Roots                      113 us
[113.808s][info][gc,stats    ]     CLDG                              9 us
[113.808s][info][gc,stats    ]     Exception Caches                  0 us
[113.808s][info][gc,stats    ] Pause Final Roots (G)               251 us
[113.808s][info][gc,stats    ] Pause Final Roots (N)                74 us
[113.809s][info][gc,stats    ] 
[113.809s][info][gc,stats    ] Allocation pacing accrued:
[113.809s][info][gc,stats    ]       0 of   939 ms (  0.0%): <total>
[113.809s][info][gc,stats    ]       0 of   939 ms (  0.0%): <average total>
[113.809s][info][gc,stats    ] 
[113.809s][info][gc,metaspace] Metaspace: 9000K(9216K)->9000K(9216K) NonClass: 7828K(7936K)->7828K(7936K) Class: 1171K(1280K)->1171K(1280K)
[113.809s][info][gc,ergo     ] Pacer for Idle. Initial: 163M, Alloc Tax Rate: 1.0x
[114.681s][info][gc          ] Trigger: Learning 3 of 5. Free (5728M) is below initial threshold (5734M)
[114.681s][info][gc,ergo     ] Free: 5728M, Max: 4096K regular, 5676M humongous, Frag: 1% external, 0% internal; Reserve: 412M, Max: 4096K
[114.681s][info][gc,start    ] GC(130) Concurrent reset
[114.681s][info][gc,task     ] GC(130) Using 1 of 3 workers for concurrent reset
[114.681s][info][gc,ergo     ] GC(130) Pacer for Reset. Non-Taxable: 8192M
[114.682s][info][gc          ] GC(130) Concurrent reset 0.813ms
[114.682s][info][gc,start    ] GC(130) Pause Init Mark (unload classes)
[114.682s][info][gc,task     ] GC(130) Using 3 of 3 workers for init marking
[114.683s][info][gc,ergo     ] GC(130) Pacer for Mark. Expected Live: 11995K, Free: 5724M, Non-Taxable: 572M, Alloc Tax Rate: 0.0x
[114.683s][info][gc          ] GC(130) Pause Init Mark (unload classes) 0.180ms
[114.683s][info][gc,start    ] GC(130) Concurrent marking roots
[114.683s][info][gc,task     ] GC(130) Using 1 of 3 workers for concurrent marking roots
[114.683s][info][gc          ] GC(130) Concurrent marking roots 0.689ms
[114.683s][info][gc,start    ] GC(130) Concurrent marking (unload classes)
[114.683s][info][gc,task     ] GC(130) Using 1 of 3 workers for concurrent marking
[114.704s][info][gc          ] GC(130) Concurrent marking (unload classes) 20.924ms
[114.704s][info][gc,start    ] GC(130) Pause Final Mark (unload classes)
[114.704s][info][gc,task     ] GC(130) Using 3 of 3 workers for final marking
[114.705s][info][gc,ergo     ] GC(130) Collectable Garbage: 1911M (93%), Immediate: 1911M (93%), CSet: 0B (0%)
[114.705s][info][gc          ] GC(130) Pause Final Mark (unload classes) 0.338ms
[114.705s][info][gc,start    ] GC(130) Concurrent weak references
[114.705s][info][gc,task     ] GC(130) Using 1 of 3 workers for concurrent weak references
[114.705s][info][gc,ref      ] GC(130) Encountered references: Soft: 144, Weak: 702, Final: 0, Phantom: 27
[114.705s][info][gc,ref      ] GC(130) Discovered  references: Soft: 0, Weak: 150, Final: 0, Phantom: 12
[114.705s][info][gc,ref      ] GC(130) Enqueued    references: Soft: 0, Weak: 0, Final: 0, Phantom: 0
[114.705s][info][gc          ] GC(130) Concurrent weak references 0.195ms
[114.705s][info][gc,start    ] GC(130) Concurrent weak roots
[114.705s][info][gc,task     ] GC(130) Using 1 of 3 workers for concurrent weak root
[114.706s][info][gc          ] GC(130) Concurrent weak roots 0.601ms
[114.706s][info][gc,start    ] GC(130) Concurrent cleanup
[114.706s][info][gc          ] GC(130) Concurrent cleanup 2103M->191M(8192M) 0.041ms
[114.706s][info][gc,ergo     ] GC(130) Free: 7588M, Max: 4096K regular, 5720M humongous, Frag: 25% external, 0% internal; Reserve: 412M, Max: 4096K
[114.706s][info][gc,start    ] GC(130) Concurrent class unloading
[114.706s][info][gc,task     ] GC(130) Using 1 of 3 workers for concurrent class unloading
[114.708s][info][gc          ] GC(130) Concurrent class unloading 2.091ms
[114.708s][info][gc,start    ] GC(130) Pause Final Roots
[114.708s][info][gc          ] GC(130) Pause Final Roots 0.039ms
[114.708s][info][gc,ergo     ] Free: 7580M, Max: 4096K regular, 5720M humongous, Frag: 25% external, 0% internal; Reserve: 412M, Max: 4096K
[114.708s][info][gc,stats    ] 
[114.708s][info][gc,stats    ] All times are wall-clock times, except per-root-class counters, that are sum over
[114.708s][info][gc,stats    ] all workers. Dividing the <total> over the root stage time estimates parallelism.
[114.708s][info][gc,stats    ] 
[114.708s][info][gc,stats    ] Concurrent Reset                    890 us
[114.708s][info][gc,stats    ] Pause Init Mark (G)                 349 us
[114.708s][info][gc,stats    ] Pause Init Mark (N)                 197 us
[114.708s][info][gc,stats    ]   Update Region States               77 us
[114.708s][info][gc,stats    ] Concurrent Mark Roots               709 us, parallelism: 0.78x
[114.708s][info][gc,stats    ]   CMR: <total>                      556 us
[114.708s][info][gc,stats    ]   CMR: Thread Roots                 483 us, workers (us): 483, ---, ---, 
[114.708s][info][gc,stats    ]   CMR: VM Strong Roots                8 us, workers (us):   8, ---, ---, 
[114.708s][info][gc,stats    ]   CMR: CLDG Roots                    66 us, workers (us):  66, ---, ---, 
[114.708s][info][gc,stats    ] Concurrent Marking                20990 us
[114.708s][info][gc,stats    ] Pause Final Mark (G)                504 us
[114.708s][info][gc,stats    ] Pause Final Mark (N)                357 us
[114.708s][info][gc,stats    ]   Finish Mark                       101 us
[114.708s][info][gc,stats    ]   Update Region States               89 us
[114.708s][info][gc,stats    ]   Choose Collection Set              61 us
[114.708s][info][gc,stats    ]   Rebuild Free Set                   16 us
[114.708s][info][gc,stats    ] Concurrent Weak References          217 us, parallelism: 0.03x
[114.708s][info][gc,stats    ]   CWRF: <total>                       7 us
[114.708s][info][gc,stats    ]   CWRF: Weak References               7 us, workers (us):   7, ---, ---, 
[114.708s][info][gc,stats    ] Concurrent Weak Roots               620 us
[114.708s][info][gc,stats    ]   Roots                             483 us, parallelism: 0.88x
[114.708s][info][gc,stats    ]     CWR: <total>                    426 us
[114.708s][info][gc,stats    ]     CWR: Code Cache Roots           353 us, workers (us): 353, ---, ---, 
[114.708s][info][gc,stats    ]     CWR: VM Weak Roots               67 us, workers (us):  67, ---, ---, 
[114.708s][info][gc,stats    ]     CWR: CLDG Roots                   6 us, workers (us):   6, ---, ---, 
[114.708s][info][gc,stats    ]   Rendezvous                         81 us
[114.708s][info][gc,stats    ] Concurrent Cleanup                   49 us
[114.708s][info][gc,stats    ] Concurrent Class Unloading         2144 us
[114.708s][info][gc,stats    ]   Unlink Stale                     1805 us
[114.708s][info][gc,stats    ]     System Dictionary                 4 us
[114.708s][info][gc,stats    ]     Weak Class Links                  0 us
[114.708s][info][gc,stats    ]     Code Roots                     1800 us
[114.708s][info][gc,stats    ]   Rendezvous                        148 us
[114.708s][info][gc,stats    ]   Purge Unlinked                    120 us
[114.708s][info][gc,stats    ]     Code Roots                      111 us
[114.708s][info][gc,stats    ]     CLDG                              8 us
[114.708s][info][gc,stats    ]     Exception Caches                  0 us
[114.708s][info][gc,stats    ] Pause Final Roots (G)               170 us
[114.708s][info][gc,stats    ] Pause Final Roots (N)                57 us
[114.709s][info][gc,stats    ] 
[114.709s][info][gc,stats    ] Allocation pacing accrued:
[114.709s][info][gc,stats    ]       0 of   900 ms (  0.0%): <total>
[114.709s][info][gc,stats    ]       0 of   900 ms (  0.0%): <average total>
[114.709s][info][gc,stats    ] 
[114.709s][info][gc,metaspace] Metaspace: 9000K(9216K)->9000K(9216K) NonClass: 7828K(7936K)->7828K(7936K) Class: 1171K(1280K)->1171K(1280K)
[114.709s][info][gc,ergo     ] Pacer for Idle. Initial: 163M, Alloc Tax Rate: 1.0x
[115.591s][info][gc          ] Trigger: Learning 4 of 5. Free (5724M) is below initial threshold (5734M)
[115.592s][info][gc,ergo     ] Free: 5724M, Max: 4096K regular, 5720M humongous, Frag: 1% external, 0% internal; Reserve: 412M, Max: 4096K
[115.592s][info][gc,start    ] GC(131) Concurrent reset
[115.592s][info][gc,task     ] GC(131) Using 1 of 3 workers for concurrent reset
[115.592s][info][gc,ergo     ] GC(131) Pacer for Reset. Non-Taxable: 8192M
[115.592s][info][gc          ] GC(131) Concurrent reset 0.764ms
[115.592s][info][gc,start    ] GC(131) Pause Init Mark (unload classes)
[115.593s][info][gc,task     ] GC(131) Using 3 of 3 workers for init marking
[115.593s][info][gc,ergo     ] GC(131) Pacer for Mark. Expected Live: 13215K, Free: 5724M, Non-Taxable: 572M, Alloc Tax Rate: 0.0x
[115.593s][info][gc          ] GC(131) Pause Init Mark (unload classes) 0.155ms
[115.593s][info][gc,start    ] GC(131) Concurrent marking roots
[115.593s][info][gc,task     ] GC(131) Using 1 of 3 workers for concurrent marking roots
[115.593s][info][gc          ] GC(131) Concurrent marking roots 0.420ms
[115.593s][info][gc,start    ] GC(131) Concurrent marking (unload classes)
[115.593s][info][gc,task     ] GC(131) Using 1 of 3 workers for concurrent marking
[115.624s][info][gc          ] GC(131) Concurrent marking (unload classes) 30.685ms
[115.624s][info][gc,start    ] GC(131) Pause Final Mark (unload classes)
[115.624s][info][gc,task     ] GC(131) Using 3 of 3 workers for final marking
[115.624s][info][gc,ergo     ] GC(131) Collectable Garbage: 1912M (93%), Immediate: 1912M (93%), CSet: 0B (0%)
[115.624s][info][gc          ] GC(131) Pause Final Mark (unload classes) 0.237ms
[115.624s][info][gc,start    ] GC(131) Concurrent weak references
[115.624s][info][gc,task     ] GC(131) Using 1 of 3 workers for concurrent weak references
[115.624s][info][gc,ref      ] GC(131) Encountered references: Soft: 144, Weak: 702, Final: 0, Phantom: 27
[115.624s][info][gc,ref      ] GC(131) Discovered  references: Soft: 0, Weak: 150, Final: 0, Phantom: 12
[115.624s][info][gc,ref      ] GC(131) Enqueued    references: Soft: 0, Weak: 0, Final: 0, Phantom: 0
[115.624s][info][gc          ] GC(131) Concurrent weak references 0.182ms
[115.624s][info][gc,start    ] GC(131) Concurrent weak roots
[115.624s][info][gc,task     ] GC(131) Using 1 of 3 workers for concurrent weak root
[115.625s][info][gc          ] GC(131) Concurrent weak roots 0.592ms
[115.625s][info][gc,start    ] GC(131) Concurrent cleanup
[115.625s][info][gc          ] GC(131) Concurrent cleanup 2107M->195M(8192M) 0.051ms
[115.625s][info][gc,ergo     ] GC(131) Free: 7584M, Max: 4096K regular, 5672M humongous, Frag: 26% external, 0% internal; Reserve: 412M, Max: 4096K
[115.625s][info][gc,start    ] GC(131) Concurrent class unloading
[115.625s][info][gc,task     ] GC(131) Using 1 of 3 workers for concurrent class unloading
[115.627s][info][gc          ] GC(131) Concurrent class unloading 1.859ms
[115.627s][info][gc,start    ] GC(131) Pause Final Roots
[115.627s][info][gc          ] GC(131) Pause Final Roots 0.046ms
[115.627s][info][gc,ergo     ] Free: 7580M, Max: 4096K regular, 5672M humongous, Frag: 26% external, 0% internal; Reserve: 412M, Max: 4096K
[115.627s][info][gc,stats    ] 
[115.627s][info][gc,stats    ] All times are wall-clock times, except per-root-class counters, that are sum over
[115.627s][info][gc,stats    ] all workers. Dividing the <total> over the root stage time estimates parallelism.
[115.627s][info][gc,stats    ] 
[115.627s][info][gc,stats    ] Concurrent Reset                    809 us
[115.627s][info][gc,stats    ] Pause Init Mark (G)                 302 us
[115.627s][info][gc,stats    ] Pause Init Mark (N)                 172 us
[115.627s][info][gc,stats    ]   Update Region States               71 us
[115.627s][info][gc,stats    ] Concurrent Mark Roots               437 us, parallelism: 0.80x
[115.627s][info][gc,stats    ]   CMR: <total>                      349 us
[115.627s][info][gc,stats    ]   CMR: Thread Roots                 303 us, workers (us): 303, ---, ---, 
[115.628s][info][gc,stats    ]   CMR: VM Strong Roots                6 us, workers (us):   6, ---, ---, 
[115.628s][info][gc,stats    ]   CMR: CLDG Roots                    40 us, workers (us):  40, ---, ---, 
[115.628s][info][gc,stats    ] Concurrent Marking                30744 us
[115.628s][info][gc,stats    ] Pause Final Mark (G)                343 us
[115.628s][info][gc,stats    ] Pause Final Mark (N)                247 us
[115.628s][info][gc,stats    ]   Finish Mark                        76 us
[115.628s][info][gc,stats    ]   Update Region States               54 us
[115.628s][info][gc,stats    ]   Choose Collection Set              41 us
[115.628s][info][gc,stats    ]   Rebuild Free Set                    8 us
[115.628s][info][gc,stats    ] Concurrent Weak References          198 us, parallelism: 0.04x
[115.628s][info][gc,stats    ]   CWRF: <total>                       7 us
[115.628s][info][gc,stats    ]   CWRF: Weak References               7 us, workers (us):   7, ---, ---, 
[115.628s][info][gc,stats    ] Concurrent Weak Roots               629 us
[115.628s][info][gc,stats    ]   Roots                             497 us, parallelism: 0.89x
[115.628s][info][gc,stats    ]     CWR: <total>                    443 us
[115.628s][info][gc,stats    ]     CWR: Code Cache Roots           370 us, workers (us): 370, ---, ---, 
[115.628s][info][gc,stats    ]     CWR: VM Weak Roots               67 us, workers (us):  67, ---, ---, 
[115.628s][info][gc,stats    ]     CWR: CLDG Roots                   6 us, workers (us):   6, ---, ---, 
[115.628s][info][gc,stats    ]   Rendezvous                         61 us
[115.628s][info][gc,stats    ] Concurrent Cleanup                   59 us
[115.628s][info][gc,stats    ] Concurrent Class Unloading         1893 us
[115.628s][info][gc,stats    ]   Unlink Stale                     1687 us
[115.628s][info][gc,stats    ]     System Dictionary                 3 us
[115.628s][info][gc,stats    ]     Weak Class Links                  1 us
[115.628s][info][gc,stats    ]     Code Roots                     1682 us
[115.628s][info][gc,stats    ]   Rendezvous                         39 us
[115.628s][info][gc,stats    ]   Purge Unlinked                    117 us
[115.628s][info][gc,stats    ]     Code Roots                      112 us
[115.628s][info][gc,stats    ]     CLDG                              5 us
[115.628s][info][gc,stats    ]     Exception Caches                  0 us
[115.628s][info][gc,stats    ] Pause Final Roots (G)               205 us
[115.628s][info][gc,stats    ] Pause Final Roots (N)                69 us
[115.628s][info][gc,stats    ] 
[115.628s][info][gc,stats    ] Allocation pacing accrued:
[115.628s][info][gc,stats    ]       0 of   919 ms (  0.0%): <total>
[115.628s][info][gc,stats    ]       0 of   919 ms (  0.0%): <average total>
[115.628s][info][gc,stats    ] 
[115.628s][info][gc,metaspace] Metaspace: 9000K(9216K)->9000K(9216K) NonClass: 7828K(7936K)->7828K(7936K) Class: 1171K(1280K)->1171K(1280K)
[115.628s][info][gc,ergo     ] Pacer for Idle. Initial: 163M, Alloc Tax Rate: 1.0x
[116.345s][info][gc          ] Trigger: Explicit GC request (System.gc())
[116.345s][info][gc,ergo     ] Free: 6680M, Max: 4096K regular, 5672M humongous, Frag: 16% external, 0% internal; Reserve: 412M, Max: 4096K
[116.345s][info][gc,start    ] GC(132) Concurrent reset
[116.345s][info][gc,task     ] GC(132) Using 1 of 3 workers for concurrent reset
[116.345s][info][gc,ergo     ] GC(132) Pacer for Reset. Non-Taxable: 8192M
[116.346s][info][gc          ] GC(132) Concurrent reset 0.889ms
[116.346s][info][gc,start    ] GC(132) Pause Init Mark (unload classes)
[116.346s][info][gc,task     ] GC(132) Using 3 of 3 workers for init marking
[116.347s][info][gc,ref      ] GC(132) Clearing All SoftReferences
[116.347s][info][gc,ergo     ] GC(132) Pacer for Mark. Expected Live: 14454K, Free: 6680M, Non-Taxable: 668M, Alloc Tax Rate: 0.0x
[116.347s][info][gc          ] GC(132) Pause Init Mark (unload classes) 0.256ms
[116.347s][info][gc,start    ] GC(132) Concurrent marking roots
[116.347s][info][gc,task     ] GC(132) Using 1 of 3 workers for concurrent marking roots
[116.347s][info][gc          ] GC(132) Concurrent marking roots 0.457ms
[116.347s][info][gc,start    ] GC(132) Concurrent marking (unload classes)
[116.347s][info][gc,task     ] GC(132) Using 1 of 3 workers for concurrent marking
[116.351s][info][gc          ] GC(132) Concurrent marking (unload classes) 4.109ms
[116.351s][info][gc,start    ] GC(132) Pause Final Mark (unload classes)
[116.352s][info][gc,task     ] GC(132) Using 3 of 3 workers for final marking
[116.352s][info][gc,ergo     ] GC(132) Collectable Garbage: 1023M (93%), Immediate: 1023M (93%), CSet: 0B (0%)
[116.352s][info][gc          ] GC(132) Pause Final Mark (unload classes) 0.459ms
[116.352s][info][gc,start    ] GC(132) Concurrent weak references
[116.352s][info][gc,task     ] GC(132) Using 1 of 3 workers for concurrent weak references
[116.352s][info][gc,ref      ] GC(132) Encountered references: Soft: 144, Weak: 702, Final: 0, Phantom: 27
[116.352s][info][gc,ref      ] GC(132) Discovered  references: Soft: 89, Weak: 168, Final: 0, Phantom: 25
[116.352s][info][gc,ref      ] GC(132) Enqueued    references: Soft: 3, Weak: 0, Final: 0, Phantom: 0
[116.352s][info][gc          ] GC(132) Concurrent weak references 0.251ms
[116.352s][info][gc,start    ] GC(132) Concurrent weak roots
[116.352s][info][gc,task     ] GC(132) Using 1 of 3 workers for concurrent weak root
[116.353s][info][gc          ] GC(132) Concurrent weak roots 0.778ms
[116.353s][info][gc,start    ] GC(132) Concurrent cleanup
[116.353s][info][gc          ] GC(132) Concurrent cleanup 1099M->75M(8192M) 0.045ms
[116.353s][info][gc,ergo     ] GC(132) Free: 7704M, Max: 4096K regular, 6788M humongous, Frag: 12% external, 0% internal; Reserve: 412M, Max: 4096K
[116.353s][info][gc,start    ] GC(132) Concurrent class unloading
[116.353s][info][gc,task     ] GC(132) Using 1 of 3 workers for concurrent class unloading
[116.356s][info][gc          ] GC(132) Concurrent class unloading 2.387ms
[116.356s][info][gc,start    ] GC(132) Pause Final Roots
[116.356s][info][gc          ] GC(132) Pause Final Roots 0.052ms
[116.356s][info][gc,ergo     ] Free: 7704M, Max: 4096K regular, 6788M humongous, Frag: 12% external, 0% internal; Reserve: 412M, Max: 4096K
[116.356s][info][gc,stats    ] 
[116.356s][info][gc,stats    ] All times are wall-clock times, except per-root-class counters, that are sum over
[116.356s][info][gc,stats    ] all workers. Dividing the <total> over the root stage time estimates parallelism.
[116.356s][info][gc,stats    ] 
[116.356s][info][gc,stats    ] Concurrent Reset                    972 us
[116.356s][info][gc,stats    ] Pause Init Mark (G)                 407 us
[116.356s][info][gc,stats    ] Pause Init Mark (N)                 273 us
[116.356s][info][gc,stats    ]   Update Region States              118 us
[116.356s][info][gc,stats    ] Concurrent Mark Roots               493 us, parallelism: 0.68x
[116.356s][info][gc,stats    ]   CMR: <total>                      334 us
[116.356s][info][gc,stats    ]   CMR: Thread Roots                 292 us, workers (us): 292, ---, ---, 
[116.356s][info][gc,stats    ]   CMR: VM Strong Roots                6 us, workers (us):   6, ---, ---, 
[116.356s][info][gc,stats    ]   CMR: CLDG Roots                    37 us, workers (us):  37, ---, ---, 
[116.356s][info][gc,stats    ] Concurrent Marking                 4161 us
[116.356s][info][gc,stats    ] Pause Final Mark (G)                608 us
[116.356s][info][gc,stats    ] Pause Final Mark (N)                483 us
[116.356s][info][gc,stats    ]   Finish Mark                       147 us
[116.356s][info][gc,stats    ]   Update Region States              133 us
[116.356s][info][gc,stats    ]   Choose Collection Set              77 us
[116.356s][info][gc,stats    ]   Rebuild Free Set                   21 us
[116.356s][info][gc,stats    ] Concurrent Weak References          268 us, parallelism: 0.09x
[116.356s][info][gc,stats    ]   CWRF: <total>                      24 us
[116.356s][info][gc,stats    ]   CWRF: Weak References              24 us, workers (us):  24, ---, ---, 
[116.356s][info][gc,stats    ] Concurrent Weak Roots               856 us
[116.356s][info][gc,stats    ]   Roots                             647 us, parallelism: 0.87x
[116.356s][info][gc,stats    ]     CWR: <total>                    562 us
[116.356s][info][gc,stats    ]     CWR: Code Cache Roots           439 us, workers (us): 439, ---, ---, 
[116.356s][info][gc,stats    ]     CWR: VM Weak Roots              116 us, workers (us): 116, ---, ---, 
[116.356s][info][gc,stats    ]     CWR: CLDG Roots                   7 us, workers (us):   7, ---, ---, 
[116.356s][info][gc,stats    ]   Rendezvous                         94 us
[116.356s][info][gc,stats    ] Concurrent Cleanup                   54 us
[116.356s][info][gc,stats    ] Concurrent Class Unloading         2464 us
[116.356s][info][gc,stats    ]   Unlink Stale                     2035 us
[116.356s][info][gc,stats    ]     System Dictionary                 6 us
[116.356s][info][gc,stats    ]     Weak Class Links                  0 us
[116.356s][info][gc,stats    ]     Code Roots                     2026 us
[116.356s][info][gc,stats    ]   Rendezvous                        137 us
[116.357s][info][gc,stats    ]   Purge Unlinked                    191 us
[116.357s][info][gc,stats    ]     Code Roots                      181 us
[116.357s][info][gc,stats    ]     CLDG                              9 us
[116.357s][info][gc,stats    ]     Exception Caches                  0 us
[116.357s][info][gc,stats    ] Pause Final Roots (G)               191 us
[116.357s][info][gc,stats    ] Pause Final Roots (N)                75 us
[116.357s][info][gc,stats    ] 
[116.357s][info][gc,stats    ] Allocation pacing accrued:
[116.357s][info][gc,stats    ]       0 of   729 ms (  0.0%): <total>
[116.357s][info][gc,stats    ]       0 of   729 ms (  0.0%): <average total>
[116.357s][info][gc,stats    ] 
[116.357s][info][gc,metaspace] Metaspace: 9000K(9216K)->9000K(9216K) NonClass: 7828K(7936K)->7828K(7936K) Class: 1171K(1280K)->1171K(1280K)
[116.357s][info][gc,ergo     ] Pacer for Idle. Initial: 163M, Alloc Tax Rate: 1.0x
[117.271s][info][gc          ] Trigger: Learning 2 of 5. Free (5708M) is below initial threshold (5734M)
[117.271s][info][gc,ergo     ] Free: 5708M, Max: 4096K regular, 5708M humongous, Frag: 0% external, 0% internal; Reserve: 412M, Max: 4096K
[117.271s][info][gc,start    ] GC(133) Concurrent reset
[117.271s][info][gc,task     ] GC(133) Using 1 of 3 workers for concurrent reset
[117.271s][info][gc,ergo     ] GC(133) Pacer for Reset. Non-Taxable: 8192M
[117.272s][info][gc          ] GC(133) Concurrent reset 0.561ms
[117.272s][info][gc,start    ] GC(133) Pause Init Mark (unload classes)
[117.272s][info][gc,task     ] GC(133) Using 3 of 3 workers for init marking
[117.272s][info][gc,ergo     ] GC(133) Pacer for Mark. Expected Live: 10665K, Free: 5704M, Non-Taxable: 570M, Alloc Tax Rate: 0.0x
[117.272s][info][gc          ] GC(133) Pause Init Mark (unload classes) 0.195ms
[117.272s][info][gc,start    ] GC(133) Concurrent marking roots
[117.272s][info][gc,task     ] GC(133) Using 1 of 3 workers for concurrent marking roots
[117.273s][info][gc          ] GC(133) Concurrent marking roots 0.433ms
[117.273s][info][gc,start    ] GC(133) Concurrent marking (unload classes)
[117.273s][info][gc,task     ] GC(133) Using 1 of 3 workers for concurrent marking
[117.286s][info][gc          ] GC(133) Concurrent marking (unload classes) 13.216ms
[117.286s][info][gc,start    ] GC(133) Pause Final Mark (unload classes)
[117.286s][info][gc,task     ] GC(133) Using 3 of 3 workers for final marking
[117.286s][info][gc,ergo     ] GC(133) Collectable Garbage: 1960M (94%), Immediate: 1960M (94%), CSet: 0B (0%)
[117.286s][info][gc          ] GC(133) Pause Final Mark (unload classes) 0.233ms
[117.286s][info][gc,start    ] GC(133) Concurrent weak references
[117.287s][info][gc,task     ] GC(133) Using 1 of 3 workers for concurrent weak references
[117.287s][info][gc,ref      ] GC(133) Encountered references: Soft: 144, Weak: 702, Final: 0, Phantom: 27
[117.287s][info][gc,ref      ] GC(133) Discovered  references: Soft: 0, Weak: 150, Final: 0, Phantom: 25
[117.287s][info][gc,ref      ] GC(133) Enqueued    references: Soft: 0, Weak: 0, Final: 0, Phantom: 0
[117.287s][info][gc          ] GC(133) Concurrent weak references 0.187ms
[117.287s][info][gc,start    ] GC(133) Concurrent weak roots
[117.287s][info][gc,task     ] GC(133) Using 1 of 3 workers for concurrent weak root
[117.287s][info][gc          ] GC(133) Concurrent weak roots 0.594ms
[117.287s][info][gc,start    ] GC(133) Concurrent cleanup
[117.287s][info][gc          ] GC(133) Concurrent cleanup 2107M->147M(8192M) 0.044ms
[117.287s][info][gc,ergo     ] GC(133) Free: 7632M, Max: 4096K regular, 5672M humongous, Frag: 26% external, 0% internal; Reserve: 412M, Max: 4096K
[117.287s][info][gc,start    ] GC(133) Concurrent class unloading
[117.287s][info][gc,task     ] GC(133) Using 1 of 3 workers for concurrent class unloading
[117.289s][info][gc          ] GC(133) Concurrent class unloading 1.883ms
[117.289s][info][gc,start    ] GC(133) Pause Final Roots
[117.289s][info][gc          ] GC(133) Pause Final Roots 0.041ms
[117.290s][info][gc,ergo     ] Free: 7628M, Max: 4096K regular, 5672M humongous, Frag: 26% external, 0% internal; Reserve: 412M, Max: 4096K
[117.290s][info][gc,stats    ] 
[117.290s][info][gc,stats    ] All times are wall-clock times, except per-root-class counters, that are sum over
[117.290s][info][gc,stats    ] all workers. Dividing the <total> over the root stage time estimates parallelism.
[117.290s][info][gc,stats    ] 
[117.290s][info][gc,stats    ] Concurrent Reset                    628 us
[117.290s][info][gc,stats    ] Pause Init Mark (G)                 372 us
[117.290s][info][gc,stats    ] Pause Init Mark (N)                 225 us
[117.290s][info][gc,stats    ]   Update Region States               79 us
[117.290s][info][gc,stats    ] Concurrent Mark Roots               451 us, parallelism: 0.80x
[117.290s][info][gc,stats    ]   CMR: <total>                      359 us
[117.290s][info][gc,stats    ]   CMR: Thread Roots                 320 us, workers (us): 320, ---, ---, 
[117.290s][info][gc,stats    ]   CMR: VM Strong Roots                5 us, workers (us):   5, ---, ---, 
[117.290s][info][gc,stats    ]   CMR: CLDG Roots                    34 us, workers (us):  34, ---, ---, 
[117.290s][info][gc,stats    ] Concurrent Marking                13283 us
[117.290s][info][gc,stats    ] Pause Final Mark (G)                367 us
[117.290s][info][gc,stats    ] Pause Final Mark (N)                249 us
[117.290s][info][gc,stats    ]   Finish Mark                        57 us
[117.290s][info][gc,stats    ]   Update Region States               49 us
[117.290s][info][gc,stats    ]   Choose Collection Set              45 us
[117.290s][info][gc,stats    ]   Rebuild Free Set                   16 us
[117.290s][info][gc,stats    ] Concurrent Weak References          203 us, parallelism: 0.02x
[117.290s][info][gc,stats    ]   CWRF: <total>                       5 us
[117.290s][info][gc,stats    ]   CWRF: Weak References               5 us, workers (us):   5, ---, ---, 
[117.290s][info][gc,stats    ] Concurrent Weak Roots               615 us
[117.290s][info][gc,stats    ]   Roots                             474 us, parallelism: 0.89x
[117.290s][info][gc,stats    ]     CWR: <total>                    421 us
[117.290s][info][gc,stats    ]     CWR: Code Cache Roots           350 us, workers (us): 350, ---, ---, 
[117.290s][info][gc,stats    ]     CWR: VM Weak Roots               65 us, workers (us):  65, ---, ---, 
[117.290s][info][gc,stats    ]     CWR: CLDG Roots                   6 us, workers (us):   6, ---, ---, 
[117.290s][info][gc,stats    ]   Rendezvous                         88 us
[117.290s][info][gc,stats    ] Concurrent Cleanup                   52 us
[117.290s][info][gc,stats    ] Concurrent Class Unloading         1932 us
[117.290s][info][gc,stats    ]   Unlink Stale                     1706 us
[117.290s][info][gc,stats    ]     System Dictionary                 3 us
[117.290s][info][gc,stats    ]     Weak Class Links                  0 us
[117.290s][info][gc,stats    ]     Code Roots                     1702 us
[117.290s][info][gc,stats    ]   Rendezvous                         72 us
[117.290s][info][gc,stats    ]   Purge Unlinked                     88 us
[117.290s][info][gc,stats    ]     Code Roots                       83 us
[117.290s][info][gc,stats    ]     CLDG                              5 us
[117.290s][info][gc,stats    ]     Exception Caches                  0 us
[117.290s][info][gc,stats    ] Pause Final Roots (G)               186 us
[117.290s][info][gc,stats    ] Pause Final Roots (N)                59 us
[117.290s][info][gc,stats    ] 
[117.290s][info][gc,stats    ] Allocation pacing accrued:
[117.290s][info][gc,stats    ]       0 of   934 ms (  0.0%): <total>
[117.290s][info][gc,stats    ]       0 of   934 ms (  0.0%): <average total>
[117.290s][info][gc,stats    ] 
[117.290s][info][gc,metaspace] Metaspace: 9000K(9216K)->9000K(9216K) NonClass: 7828K(7936K)->7828K(7936K) Class: 1171K(1280K)->1171K(1280K)
[117.290s][info][gc,ergo     ] Pacer for Idle. Initial: 163M, Alloc Tax Rate: 1.0x
[118.166s][info][gc          ] Trigger: Learning 3 of 5. Free (5724M) is below initial threshold (5734M)
[118.166s][info][gc,ergo     ] Free: 5724M, Max: 4096K regular, 5672M humongous, Frag: 1% external, 0% internal; Reserve: 412M, Max: 4096K
[118.166s][info][gc,start    ] GC(134) Concurrent reset
[118.166s][info][gc,task     ] GC(134) Using 1 of 3 workers for concurrent reset
[118.166s][info][gc,ergo     ] GC(134) Pacer for Reset. Non-Taxable: 8192M
[118.167s][info][gc          ] GC(134) Concurrent reset 0.856ms
[118.167s][info][gc,start    ] GC(134) Pause Init Mark (unload classes)
[118.167s][info][gc,task     ] GC(134) Using 3 of 3 workers for init marking
[118.167s][info][gc,ergo     ] GC(134) Pacer for Mark. Expected Live: 11965K, Free: 5720M, Non-Taxable: 572M, Alloc Tax Rate: 0.0x
[118.167s][info][gc          ] GC(134) Pause Init Mark (unload classes) 0.156ms
[118.167s][info][gc,start    ] GC(134) Concurrent marking roots
[118.167s][info][gc,task     ] GC(134) Using 1 of 3 workers for concurrent marking roots
[118.168s][info][gc          ] GC(134) Concurrent marking roots 0.467ms
[118.168s][info][gc,start    ] GC(134) Concurrent marking (unload classes)
[118.168s][info][gc,task     ] GC(134) Using 1 of 3 workers for concurrent marking
[118.189s][info][gc          ] GC(134) Concurrent marking (unload classes) 21.160ms
[118.189s][info][gc,start    ] GC(134) Pause Final Mark (unload classes)
[118.189s][info][gc,task     ] GC(134) Using 3 of 3 workers for final marking
[118.189s][info][gc,ergo     ] GC(134) Collectable Garbage: 1919M (93%), Immediate: 1919M (93%), CSet: 0B (0%)
[118.189s][info][gc          ] GC(134) Pause Final Mark (unload classes) 0.342ms
[118.189s][info][gc,start    ] GC(134) Concurrent weak references
[118.189s][info][gc,task     ] GC(134) Using 1 of 3 workers for concurrent weak references
[118.190s][info][gc,ref      ] GC(134) Encountered references: Soft: 144, Weak: 702, Final: 0, Phantom: 27
[118.190s][info][gc,ref      ] GC(134) Discovered  references: Soft: 0, Weak: 150, Final: 0, Phantom: 12
[118.190s][info][gc,ref      ] GC(134) Enqueued    references: Soft: 0, Weak: 0, Final: 0, Phantom: 0
[118.190s][info][gc          ] GC(134) Concurrent weak references 0.147ms
[118.190s][info][gc,start    ] GC(134) Concurrent weak roots
[118.190s][info][gc,task     ] GC(134) Using 1 of 3 workers for concurrent weak root
[118.190s][info][gc          ] GC(134) Concurrent weak roots 0.546ms
[118.190s][info][gc,start    ] GC(134) Concurrent cleanup
[118.190s][info][gc          ] GC(134) Concurrent cleanup 2107M->187M(8192M) 0.041ms
[118.190s][info][gc,ergo     ] GC(134) Free: 7592M, Max: 4096K regular, 5716M humongous, Frag: 25% external, 0% internal; Reserve: 412M, Max: 4096K
[118.190s][info][gc,start    ] GC(134) Concurrent class unloading
[118.190s][info][gc,task     ] GC(134) Using 1 of 3 workers for concurrent class unloading
[118.192s][info][gc          ] GC(134) Concurrent class unloading 1.888ms
[118.192s][info][gc,start    ] GC(134) Pause Final Roots
[118.192s][info][gc          ] GC(134) Pause Final Roots 0.041ms
[118.192s][info][gc,ergo     ] Free: 7588M, Max: 4096K regular, 5716M humongous, Frag: 25% external, 0% internal; Reserve: 412M, Max: 4096K
[118.192s][info][gc,stats    ] 
[118.192s][info][gc,stats    ] All times are wall-clock times, except per-root-class counters, that are sum over
[118.193s][info][gc,stats    ] all workers. Dividing the <total> over the root stage time estimates parallelism.
[118.193s][info][gc,stats    ] 
[118.193s][info][gc,stats    ] Concurrent Reset                    923 us
[118.193s][info][gc,stats    ] Pause Init Mark (G)                 342 us
[118.193s][info][gc,stats    ] Pause Init Mark (N)                 173 us
[118.193s][info][gc,stats    ]   Update Region States               70 us
[118.193s][info][gc,stats    ] Concurrent Mark Roots               503 us, parallelism: 0.68x
[118.193s][info][gc,stats    ]   CMR: <total>                      344 us
[118.193s][info][gc,stats    ]   CMR: Thread Roots                 304 us, workers (us): 304, ---, ---, 
[118.193s][info][gc,stats    ]   CMR: VM Strong Roots                6 us, workers (us):   6, ---, ---, 
[118.193s][info][gc,stats    ]   CMR: CLDG Roots                    35 us, workers (us):  35, ---, ---, 
[118.193s][info][gc,stats    ] Concurrent Marking                21228 us
[118.193s][info][gc,stats    ] Pause Final Mark (G)                481 us
[118.193s][info][gc,stats    ] Pause Final Mark (N)                361 us
[118.193s][info][gc,stats    ]   Finish Mark                       105 us
[118.193s][info][gc,stats    ]   Update Region States               88 us
[118.193s][info][gc,stats    ]   Choose Collection Set              62 us
[118.193s][info][gc,stats    ]   Rebuild Free Set                   16 us
[118.193s][info][gc,stats    ] Concurrent Weak References          154 us, parallelism: 0.05x
[118.193s][info][gc,stats    ]   CWRF: <total>                       7 us
[118.193s][info][gc,stats    ]   CWRF: Weak References               7 us, workers (us):   7, ---, ---, 
[118.193s][info][gc,stats    ] Concurrent Weak Roots               565 us
[118.193s][info][gc,stats    ]   Roots                             450 us, parallelism: 0.92x
[118.193s][info][gc,stats    ]     CWR: <total>                    414 us
[118.193s][info][gc,stats    ]     CWR: Code Cache Roots           348 us, workers (us): 348, ---, ---, 
[118.193s][info][gc,stats    ]     CWR: VM Weak Roots               60 us, workers (us):  60, ---, ---, 
[118.193s][info][gc,stats    ]     CWR: CLDG Roots                   6 us, workers (us):   6, ---, ---, 
[118.193s][info][gc,stats    ]   Rendezvous                         81 us
[118.193s][info][gc,stats    ] Concurrent Cleanup                   49 us
[118.193s][info][gc,stats    ] Concurrent Class Unloading         1936 us
[118.193s][info][gc,stats    ]   Unlink Stale                     1664 us
[118.193s][info][gc,stats    ]     System Dictionary                 3 us
[118.193s][info][gc,stats    ]     Weak Class Links                  0 us
[118.193s][info][gc,stats    ]     Code Roots                     1660 us
[118.193s][info][gc,stats    ]   Rendezvous                        103 us
[118.193s][info][gc,stats    ]   Purge Unlinked                    103 us
[118.193s][info][gc,stats    ]     Code Roots                       94 us
[118.193s][info][gc,stats    ]     CLDG                              8 us
[118.193s][info][gc,stats    ]     Exception Caches                  0 us
[118.193s][info][gc,stats    ] Pause Final Roots (G)               185 us
[118.193s][info][gc,stats    ] Pause Final Roots (N)                58 us
[118.193s][info][gc,stats    ] 
[118.193s][info][gc,stats    ] Allocation pacing accrued:
[118.193s][info][gc,stats    ]       0 of   903 ms (  0.0%): <total>
[118.193s][info][gc,stats    ]       0 of   903 ms (  0.0%): <average total>
[118.193s][info][gc,stats    ] 
[118.193s][info][gc,metaspace] Metaspace: 9000K(9216K)->9000K(9216K) NonClass: 7828K(7936K)->7828K(7936K) Class: 1171K(1280K)->1171K(1280K)
[118.193s][info][gc,ergo     ] Pacer for Idle. Initial: 163M, Alloc Tax Rate: 1.0x
[119.076s][info][gc          ] Trigger: Learning 4 of 5. Free (5732M) is below initial threshold (5734M)
[119.076s][info][gc,ergo     ] Free: 5728M, Max: 4096K regular, 5716M humongous, Frag: 1% external, 0% internal; Reserve: 412M, Max: 4096K
[119.076s][info][gc,start    ] GC(135) Concurrent reset
[119.076s][info][gc,task     ] GC(135) Using 1 of 3 workers for concurrent reset
[119.077s][info][gc,ergo     ] GC(135) Pacer for Reset. Non-Taxable: 8192M
[119.077s][info][gc          ] GC(135) Concurrent reset 0.829ms
[119.077s][info][gc,start    ] GC(135) Pause Init Mark (unload classes)
[119.078s][info][gc,task     ] GC(135) Using 3 of 3 workers for init marking
[119.078s][info][gc,ergo     ] GC(135) Pacer for Mark. Expected Live: 13181K, Free: 5728M, Non-Taxable: 572M, Alloc Tax Rate: 0.0x
[119.078s][info][gc          ] GC(135) Pause Init Mark (unload classes) 0.181ms
[119.078s][info][gc,start    ] GC(135) Concurrent marking roots
[119.078s][info][gc,task     ] GC(135) Using 1 of 3 workers for concurrent marking roots
[119.078s][info][gc          ] GC(135) Concurrent marking roots 0.448ms
[119.078s][info][gc,start    ] GC(135) Concurrent marking (unload classes)
[119.078s][info][gc,task     ] GC(135) Using 1 of 3 workers for concurrent marking
[119.108s][info][gc          ] GC(135) Concurrent marking (unload classes) 29.629ms
[119.108s][info][gc,start    ] GC(135) Pause Final Mark (unload classes)
[119.108s][info][gc,task     ] GC(135) Using 3 of 3 workers for final marking
[119.108s][info][gc,ergo     ] GC(135) Collectable Garbage: 1908M (93%), Immediate: 1908M (93%), CSet: 0B (0%)
[119.108s][info][gc          ] GC(135) Pause Final Mark (unload classes) 0.358ms
[119.108s][info][gc,start    ] GC(135) Concurrent weak references
[119.108s][info][gc,task     ] GC(135) Using 1 of 3 workers for concurrent weak references
[119.109s][info][gc,ref      ] GC(135) Encountered references: Soft: 144, Weak: 702, Final: 0, Phantom: 27
[119.109s][info][gc,ref      ] GC(135) Discovered  references: Soft: 0, Weak: 150, Final: 0, Phantom: 25
[119.109s][info][gc,ref      ] GC(135) Enqueued    references: Soft: 0, Weak: 0, Final: 0, Phantom: 0
[119.109s][info][gc          ] GC(135) Concurrent weak references 0.141ms
[119.109s][info][gc,start    ] GC(135) Concurrent weak roots
[119.109s][info][gc,task     ] GC(135) Using 1 of 3 workers for concurrent weak root
[119.109s][info][gc          ] GC(135) Concurrent weak roots 0.569ms
[119.109s][info][gc,start    ] GC(135) Concurrent cleanup
[119.109s][info][gc          ] GC(135) Concurrent cleanup 2107M->199M(8192M) 0.042ms
[119.109s][info][gc,ergo     ] GC(135) Free: 7580M, Max: 4096K regular, 5672M humongous, Frag: 26% external, 0% internal; Reserve: 412M, Max: 4096K
[119.109s][info][gc,start    ] GC(135) Concurrent class unloading
[119.109s][info][gc,task     ] GC(135) Using 1 of 3 workers for concurrent class unloading
[119.111s][info][gc          ] GC(135) Concurrent class unloading 2.024ms
[119.111s][info][gc,start    ] GC(135) Pause Final Roots
[119.111s][info][gc          ] GC(135) Pause Final Roots 0.041ms
[119.112s][info][gc,ergo     ] Free: 7576M, Max: 4096K regular, 5672M humongous, Frag: 26% external, 0% internal; Reserve: 412M, Max: 4096K
[119.112s][info][gc,stats    ] 
[119.112s][info][gc,stats    ] All times are wall-clock times, except per-root-class counters, that are sum over
[119.112s][info][gc,stats    ] all workers. Dividing the <total> over the root stage time estimates parallelism.
[119.112s][info][gc,stats    ] 
[119.112s][info][gc,stats    ] Concurrent Reset                    898 us
[119.112s][info][gc,stats    ] Pause Init Mark (G)                 376 us
[119.112s][info][gc,stats    ] Pause Init Mark (N)                 198 us
[119.112s][info][gc,stats    ]   Update Region States               77 us
[119.112s][info][gc,stats    ] Concurrent Mark Roots               468 us, parallelism: 0.73x
[119.112s][info][gc,stats    ]   CMR: <total>                      342 us
[119.112s][info][gc,stats    ]   CMR: Thread Roots                 300 us, workers (us): 300, ---, ---, 
[119.112s][info][gc,stats    ]   CMR: VM Strong Roots                6 us, workers (us):   6, ---, ---, 
[119.112s][info][gc,stats    ]   CMR: CLDG Roots                    36 us, workers (us):  36, ---, ---, 
[119.112s][info][gc,stats    ] Concurrent Marking                29684 us
[119.112s][info][gc,stats    ] Pause Final Mark (G)                510 us
[119.112s][info][gc,stats    ] Pause Final Mark (N)                378 us
[119.112s][info][gc,stats    ]   Finish Mark                       111 us
[119.112s][info][gc,stats    ]   Update Region States               89 us
[119.112s][info][gc,stats    ]   Choose Collection Set              62 us
[119.112s][info][gc,stats    ]   Rebuild Free Set                   17 us
[119.112s][info][gc,stats    ] Concurrent Weak References          148 us, parallelism: 0.06x
[119.112s][info][gc,stats    ]   CWRF: <total>                       8 us
[119.112s][info][gc,stats    ]   CWRF: Weak References               8 us, workers (us):   8, ---, ---, 
[119.112s][info][gc,stats    ] Concurrent Weak Roots               588 us
[119.112s][info][gc,stats    ]   Roots                             473 us, parallelism: 0.89x
[119.112s][info][gc,stats    ]     CWR: <total>                    420 us
[119.112s][info][gc,stats    ]     CWR: Code Cache Roots           351 us, workers (us): 351, ---, ---, 
[119.112s][info][gc,stats    ]     CWR: VM Weak Roots               63 us, workers (us):  63, ---, ---, 
[119.112s][info][gc,stats    ]     CWR: CLDG Roots                   6 us, workers (us):   6, ---, ---, 
[119.112s][info][gc,stats    ]   Rendezvous                         81 us
[119.112s][info][gc,stats    ] Concurrent Cleanup                   50 us
[119.112s][info][gc,stats    ] Concurrent Class Unloading         2074 us
[119.112s][info][gc,stats    ]   Unlink Stale                     1778 us
[119.112s][info][gc,stats    ]     System Dictionary                 3 us
[119.112s][info][gc,stats    ]     Weak Class Links                  0 us
[119.112s][info][gc,stats    ]     Code Roots                     1774 us
[119.112s][info][gc,stats    ]   Rendezvous                        104 us
[119.112s][info][gc,stats    ]   Purge Unlinked                    120 us
[119.112s][info][gc,stats    ]     Code Roots                      111 us
[119.112s][info][gc,stats    ]     CLDG                              9 us
[119.112s][info][gc,stats    ]     Exception Caches                  0 us
[119.112s][info][gc,stats    ] Pause Final Roots (G)               196 us
[119.112s][info][gc,stats    ] Pause Final Roots (N)                58 us
[119.112s][info][gc,stats    ] 
[119.112s][info][gc,stats    ] Allocation pacing accrued:
[119.112s][info][gc,stats    ]       0 of   919 ms (  0.0%): <total>
[119.112s][info][gc,stats    ]       0 of   919 ms (  0.0%): <average total>
[119.112s][info][gc,stats    ] 
[119.112s][info][gc,metaspace] Metaspace: 9000K(9216K)->9000K(9216K) NonClass: 7828K(7936K)->7828K(7936K) Class: 1171K(1280K)->1171K(1280K)
[119.112s][info][gc,ergo     ] Pacer for Idle. Initial: 163M, Alloc Tax Rate: 1.0x
[119.830s][info][gc          ] Trigger: Explicit GC request (System.gc())
[119.830s][info][gc,ergo     ] Free: 6680M, Max: 4096K regular, 5672M humongous, Frag: 16% external, 0% internal; Reserve: 412M, Max: 4096K
[119.830s][info][gc,start    ] GC(136) Concurrent reset
[119.830s][info][gc,task     ] GC(136) Using 1 of 3 workers for concurrent reset
[119.830s][info][gc,ergo     ] GC(136) Pacer for Reset. Non-Taxable: 8192M
[119.831s][info][gc          ] GC(136) Concurrent reset 0.995ms
[119.831s][info][gc,start    ] GC(136) Pause Init Mark (unload classes)
[119.831s][info][gc,task     ] GC(136) Using 3 of 3 workers for init marking
[119.831s][info][gc,ref      ] GC(136) Clearing All SoftReferences
[119.831s][info][gc,ergo     ] GC(136) Pacer for Mark. Expected Live: 14426K, Free: 6680M, Non-Taxable: 668M, Alloc Tax Rate: 0.0x
[119.831s][info][gc          ] GC(136) Pause Init Mark (unload classes) 0.112ms
[119.831s][info][gc,start    ] GC(136) Concurrent marking roots
[119.831s][info][gc,task     ] GC(136) Using 1 of 3 workers for concurrent marking roots
[119.832s][info][gc          ] GC(136) Concurrent marking roots 0.490ms
[119.832s][info][gc,start    ] GC(136) Concurrent marking (unload classes)
[119.832s][info][gc,task     ] GC(136) Using 1 of 3 workers for concurrent marking
[119.836s][info][gc          ] GC(136) Concurrent marking (unload classes) 4.088ms
[119.836s][info][gc,start    ] GC(136) Pause Final Mark (unload classes)
[119.836s][info][gc,task     ] GC(136) Using 3 of 3 workers for final marking
[119.836s][info][gc,ergo     ] GC(136) Collectable Garbage: 1023M (93%), Immediate: 1023M (93%), CSet: 0B (0%)
[119.836s][info][gc          ] GC(136) Pause Final Mark (unload classes) 0.381ms
[119.836s][info][gc,start    ] GC(136) Concurrent weak references
[119.836s][info][gc,task     ] GC(136) Using 1 of 3 workers for concurrent weak references
[119.837s][info][gc,ref      ] GC(136) Encountered references: Soft: 144, Weak: 702, Final: 0, Phantom: 27
[119.837s][info][gc,ref      ] GC(136) Discovered  references: Soft: 89, Weak: 168, Final: 0, Phantom: 25
[119.837s][info][gc,ref      ] GC(136) Enqueued    references: Soft: 3, Weak: 0, Final: 0, Phantom: 0
[119.837s][info][gc          ] GC(136) Concurrent weak references 0.132ms
[119.837s][info][gc,start    ] GC(136) Concurrent weak roots
[119.837s][info][gc,task     ] GC(136) Using 1 of 3 workers for concurrent weak root
[119.837s][info][gc          ] GC(136) Concurrent weak roots 0.551ms
[119.837s][info][gc,start    ] GC(136) Concurrent cleanup
[119.837s][info][gc          ] GC(136) Concurrent cleanup 1099M->75M(8192M) 0.032ms
[119.837s][info][gc,ergo     ] GC(136) Free: 7704M, Max: 4096K regular, 6792M humongous, Frag: 12% external, 0% internal; Reserve: 412M, Max: 4096K
[119.837s][info][gc,start    ] GC(136) Concurrent class unloading
[119.837s][info][gc,task     ] GC(136) Using 1 of 3 workers for concurrent class unloading
[119.839s][info][gc          ] GC(136) Concurrent class unloading 1.940ms
[119.839s][info][gc,start    ] GC(136) Pause Final Roots
[119.839s][info][gc          ] GC(136) Pause Final Roots 0.021ms
[119.839s][info][gc,ergo     ] Free: 7704M, Max: 4096K regular, 6792M humongous, Frag: 12% external, 0% internal; Reserve: 412M, Max: 4096K
[119.839s][info][gc,stats    ] 
[119.839s][info][gc,stats    ] All times are wall-clock times, except per-root-class counters, that are sum over
[119.839s][info][gc,stats    ] all workers. Dividing the <total> over the root stage time estimates parallelism.
[119.839s][info][gc,stats    ] 
[119.839s][info][gc,stats    ] Concurrent Reset                   1079 us
[119.839s][info][gc,stats    ] Pause Init Mark (G)                 220 us
[119.839s][info][gc,stats    ] Pause Init Mark (N)                 120 us
[119.839s][info][gc,stats    ]   Update Region States               52 us
[119.839s][info][gc,stats    ] Concurrent Mark Roots               527 us, parallelism: 0.69x
[119.839s][info][gc,stats    ]   CMR: <total>                      365 us
[119.839s][info][gc,stats    ]   CMR: Thread Roots                 311 us, workers (us): 311, ---, ---, 
[119.839s][info][gc,stats    ]   CMR: VM Strong Roots                8 us, workers (us):   8, ---, ---, 
[119.839s][info][gc,stats    ]   CMR: CLDG Roots                    46 us, workers (us):  46, ---, ---, 
[119.839s][info][gc,stats    ] Concurrent Marking                 4160 us
[119.839s][info][gc,stats    ] Pause Final Mark (G)                507 us
[119.839s][info][gc,stats    ] Pause Final Mark (N)                401 us
[119.839s][info][gc,stats    ]   Finish Mark                       130 us
[119.839s][info][gc,stats    ]   Update Region States               77 us
[119.840s][info][gc,stats    ]   Choose Collection Set              71 us
[119.840s][info][gc,stats    ]   Rebuild Free Set                   17 us
[119.840s][info][gc,stats    ] Concurrent Weak References          140 us, parallelism: 0.10x
[119.840s][info][gc,stats    ]   CWRF: <total>                      14 us
[119.840s][info][gc,stats    ]   CWRF: Weak References              14 us, workers (us):  14, ---, ---, 
[119.840s][info][gc,stats    ] Concurrent Weak Roots               570 us
[119.840s][info][gc,stats    ]   Roots                             450 us, parallelism: 0.88x
[119.840s][info][gc,stats    ]     CWR: <total>                    396 us
[119.840s][info][gc,stats    ]     CWR: Code Cache Roots           320 us, workers (us): 320, ---, ---, 
[119.840s][info][gc,stats    ]     CWR: VM Weak Roots               70 us, workers (us):  70, ---, ---, 
[119.840s][info][gc,stats    ]     CWR: CLDG Roots                   6 us, workers (us):   6, ---, ---, 
[119.840s][info][gc,stats    ]   Rendezvous                         85 us
[119.840s][info][gc,stats    ] Concurrent Cleanup                   40 us
[119.840s][info][gc,stats    ] Concurrent Class Unloading         1974 us
[119.840s][info][gc,stats    ]   Unlink Stale                     1745 us
[119.840s][info][gc,stats    ]     System Dictionary                 3 us
[119.840s][info][gc,stats    ]     Weak Class Links                  1 us
[119.840s][info][gc,stats    ]     Code Roots                     1741 us
[119.840s][info][gc,stats    ]   Rendezvous                         90 us
[119.840s][info][gc,stats    ]   Purge Unlinked                     89 us
[119.840s][info][gc,stats    ]     Code Roots                       83 us
[119.840s][info][gc,stats    ]     CLDG                              5 us
[119.840s][info][gc,stats    ]     Exception Caches                  0 us
[119.840s][info][gc,stats    ] Pause Final Roots (G)                90 us
[119.840s][info][gc,stats    ] Pause Final Roots (N)                29 us
[119.840s][info][gc,stats    ] 
[119.840s][info][gc,stats    ] Allocation pacing accrued:
[119.840s][info][gc,stats    ]       0 of   728 ms (  0.0%): <total>
[119.840s][info][gc,stats    ]       0 of   728 ms (  0.0%): <average total>
[119.840s][info][gc,stats    ] 
[119.840s][info][gc,metaspace] Metaspace: 9000K(9216K)->9000K(9216K) NonClass: 7828K(7936K)->7828K(7936K) Class: 1171K(1280K)->1171K(1280K)
[119.840s][info][gc,ergo     ] Pacer for Idle. Initial: 163M, Alloc Tax Rate: 1.0x
[120.756s][info][gc          ] Trigger: Learning 2 of 5. Free (5708M) is below initial threshold (5734M)
[120.756s][info][gc,ergo     ] Free: 5708M, Max: 4096K regular, 5708M humongous, Frag: 0% external, 0% internal; Reserve: 412M, Max: 4096K
[120.756s][info][gc,start    ] GC(137) Concurrent reset
[120.756s][info][gc,task     ] GC(137) Using 1 of 3 workers for concurrent reset
[120.756s][info][gc,ergo     ] GC(137) Pacer for Reset. Non-Taxable: 8192M
[120.757s][info][gc          ] GC(137) Concurrent reset 0.670ms
[120.757s][info][gc,start    ] GC(137) Pause Init Mark (unload classes)
[120.757s][info][gc,task     ] GC(137) Using 3 of 3 workers for init marking
[120.757s][info][gc,ergo     ] GC(137) Pacer for Mark. Expected Live: 10671K, Free: 5704M, Non-Taxable: 570M, Alloc Tax Rate: 0.0x
[120.757s][info][gc          ] GC(137) Pause Init Mark (unload classes) 0.178ms
[120.757s][info][gc,start    ] GC(137) Concurrent marking roots
[120.757s][info][gc,task     ] GC(137) Using 1 of 3 workers for concurrent marking roots
[120.758s][info][gc          ] GC(137) Concurrent marking roots 0.430ms
[120.758s][info][gc,start    ] GC(137) Concurrent marking (unload classes)
[120.758s][info][gc,task     ] GC(137) Using 1 of 3 workers for concurrent marking
[120.771s][info][gc          ] GC(137) Concurrent marking (unload classes) 12.770ms
[120.771s][info][gc,start    ] GC(137) Pause Final Mark (unload classes)
[120.771s][info][gc,task     ] GC(137) Using 3 of 3 workers for final marking
[120.771s][info][gc,ergo     ] GC(137) Collectable Garbage: 1960M (94%), Immediate: 1960M (94%), CSet: 0B (0%)
[120.771s][info][gc          ] GC(137) Pause Final Mark (unload classes) 0.333ms
[120.771s][info][gc,start    ] GC(137) Concurrent weak references
[120.771s][info][gc,task     ] GC(137) Using 1 of 3 workers for concurrent weak references
[120.771s][info][gc,ref      ] GC(137) Encountered references: Soft: 144, Weak: 702, Final: 0, Phantom: 27
[120.771s][info][gc,ref      ] GC(137) Discovered  references: Soft: 0, Weak: 150, Final: 0, Phantom: 12
[120.771s][info][gc,ref      ] GC(137) Enqueued    references: Soft: 0, Weak: 0, Final: 0, Phantom: 0
[120.771s][info][gc          ] GC(137) Concurrent weak references 0.139ms
[120.771s][info][gc,start    ] GC(137) Concurrent weak roots
[120.771s][info][gc,task     ] GC(137) Using 1 of 3 workers for concurrent weak root
[120.772s][info][gc          ] GC(137) Concurrent weak roots 0.608ms
[120.772s][info][gc,start    ] GC(137) Concurrent cleanup
[120.772s][info][gc          ] GC(137) Concurrent cleanup 2107M->147M(8192M) 0.045ms
[120.772s][info][gc,ergo     ] GC(137) Free: 7632M, Max: 4096K regular, 5672M humongous, Frag: 26% external, 0% internal; Reserve: 412M, Max: 4096K
[120.772s][info][gc,start    ] GC(137) Concurrent class unloading
[120.772s][info][gc,task     ] GC(137) Using 1 of 3 workers for concurrent class unloading
[120.774s][info][gc          ] GC(137) Concurrent class unloading 1.938ms
[120.774s][info][gc,start    ] GC(137) Pause Final Roots
[120.774s][info][gc          ] GC(137) Pause Final Roots 0.020ms
[120.774s][info][gc,ergo     ] Free: 7628M, Max: 4096K regular, 5672M humongous, Frag: 26% external, 0% internal; Reserve: 412M, Max: 4096K
[120.774s][info][gc,stats    ] 
[120.774s][info][gc,stats    ] All times are wall-clock times, except per-root-class counters, that are sum over
[120.774s][info][gc,stats    ] all workers. Dividing the <total> over the root stage time estimates parallelism.
[120.774s][info][gc,stats    ] 
[120.774s][info][gc,stats    ] Concurrent Reset                    708 us
[120.774s][info][gc,stats    ] Pause Init Mark (G)                 318 us
[120.774s][info][gc,stats    ] Pause Init Mark (N)                 195 us
[120.774s][info][gc,stats    ]   Update Region States               75 us
[120.774s][info][gc,stats    ] Concurrent Mark Roots               449 us, parallelism: 0.77x
[120.774s][info][gc,stats    ]   CMR: <total>                      346 us
[120.774s][info][gc,stats    ]   CMR: Thread Roots                 307 us, workers (us): 307, ---, ---, 
[120.774s][info][gc,stats    ]   CMR: VM Strong Roots                5 us, workers (us):   5, ---, ---, 
[120.774s][info][gc,stats    ]   CMR: CLDG Roots                    34 us, workers (us):  34, ---, ---, 
[120.774s][info][gc,stats    ] Concurrent Marking                12830 us
[120.774s][info][gc,stats    ] Pause Final Mark (G)                468 us
[120.774s][info][gc,stats    ] Pause Final Mark (N)                352 us
[120.774s][info][gc,stats    ]   Finish Mark                       122 us
[120.775s][info][gc,stats    ]   Update Region States               70 us
[120.775s][info][gc,stats    ]   Choose Collection Set              62 us
[120.775s][info][gc,stats    ]   Rebuild Free Set                   16 us
[120.775s][info][gc,stats    ] Concurrent Weak References          147 us, parallelism: 0.05x
[120.775s][info][gc,stats    ]   CWRF: <total>                       7 us
[120.775s][info][gc,stats    ]   CWRF: Weak References               7 us, workers (us):   7, ---, ---, 
[120.775s][info][gc,stats    ] Concurrent Weak Roots               629 us
[120.775s][info][gc,stats    ]   Roots                             529 us, parallelism: 0.91x
[120.775s][info][gc,stats    ]     CWR: <total>                    478 us
[120.775s][info][gc,stats    ]     CWR: Code Cache Roots           409 us, workers (us): 409, ---, ---, 
[120.775s][info][gc,stats    ]     CWR: VM Weak Roots               64 us, workers (us):  64, ---, ---, 
[120.775s][info][gc,stats    ]     CWR: CLDG Roots                   5 us, workers (us):   5, ---, ---, 
[120.775s][info][gc,stats    ]   Rendezvous                         64 us
[120.775s][info][gc,stats    ] Concurrent Cleanup                   53 us
[120.775s][info][gc,stats    ] Concurrent Class Unloading         1981 us
[120.775s][info][gc,stats    ]   Unlink Stale                     1736 us
[120.775s][info][gc,stats    ]     System Dictionary                 4 us
[120.775s][info][gc,stats    ]     Weak Class Links                  0 us
[120.775s][info][gc,stats    ]     Code Roots                     1731 us
[120.775s][info][gc,stats    ]   Rendezvous                         59 us
[120.775s][info][gc,stats    ]   Purge Unlinked                    127 us
[120.775s][info][gc,stats    ]     Code Roots                      121 us
[120.775s][info][gc,stats    ]     CLDG                              5 us
[120.775s][info][gc,stats    ]     Exception Caches                  0 us
[120.775s][info][gc,stats    ] Pause Final Roots (G)               137 us
[120.775s][info][gc,stats    ] Pause Final Roots (N)                28 us
[120.775s][info][gc,stats    ] 
[120.775s][info][gc,stats    ] Allocation pacing accrued:
[120.775s][info][gc,stats    ]       0 of   935 ms (  0.0%): <total>
[120.775s][info][gc,stats    ]       0 of   935 ms (  0.0%): <average total>
[120.775s][info][gc,stats    ] 
[120.775s][info][gc,metaspace] Metaspace: 9000K(9216K)->9000K(9216K) NonClass: 7828K(7936K)->7828K(7936K) Class: 1171K(1280K)->1171K(1280K)
[120.775s][info][gc,ergo     ] Pacer for Idle. Initial: 163M, Alloc Tax Rate: 1.0x
[121.651s][info][gc          ] Trigger: Learning 3 of 5. Free (5720M) is below initial threshold (5734M)
[121.651s][info][gc,ergo     ] Free: 5720M, Max: 4096K regular, 5672M humongous, Frag: 1% external, 0% internal; Reserve: 412M, Max: 4096K
[121.651s][info][gc,start    ] GC(138) Concurrent reset
[121.651s][info][gc,task     ] GC(138) Using 1 of 3 workers for concurrent reset
[121.651s][info][gc,ergo     ] GC(138) Pacer for Reset. Non-Taxable: 8192M
[121.652s][info][gc          ] GC(138) Concurrent reset 0.526ms
[121.652s][info][gc,start    ] GC(138) Pause Init Mark (unload classes)
[121.652s][info][gc,task     ] GC(138) Using 3 of 3 workers for init marking
[121.652s][info][gc,ergo     ] GC(138) Pacer for Mark. Expected Live: 11972K, Free: 5716M, Non-Taxable: 571M, Alloc Tax Rate: 0.0x
[121.652s][info][gc          ] GC(138) Pause Init Mark (unload classes) 0.153ms
[121.652s][info][gc,start    ] GC(138) Concurrent marking roots
[121.652s][info][gc,task     ] GC(138) Using 1 of 3 workers for concurrent marking roots
[121.653s][info][gc          ] GC(138) Concurrent marking roots 0.747ms
[121.653s][info][gc,start    ] GC(138) Concurrent marking (unload classes)
[121.653s][info][gc,task     ] GC(138) Using 1 of 3 workers for concurrent marking
[121.674s][info][gc          ] GC(138) Concurrent marking (unload classes) 21.353ms
[121.674s][info][gc,start    ] GC(138) Pause Final Mark (unload classes)
[121.674s][info][gc,task     ] GC(138) Using 3 of 3 workers for final marking
[121.675s][info][gc,ergo     ] GC(138) Collectable Garbage: 1932M (94%), Immediate: 1932M (94%), CSet: 0B (0%)
[121.675s][info][gc          ] GC(138) Pause Final Mark (unload classes) 0.344ms
[121.675s][info][gc,start    ] GC(138) Concurrent weak references
[121.675s][info][gc,task     ] GC(138) Using 1 of 3 workers for concurrent weak references
[121.675s][info][gc,ref      ] GC(138) Encountered references: Soft: 144, Weak: 702, Final: 0, Phantom: 27
[121.675s][info][gc,ref      ] GC(138) Discovered  references: Soft: 0, Weak: 150, Final: 0, Phantom: 12
[121.675s][info][gc,ref      ] GC(138) Enqueued    references: Soft: 0, Weak: 0, Final: 0, Phantom: 0
[121.675s][info][gc          ] GC(138) Concurrent weak references 0.146ms
[121.675s][info][gc,start    ] GC(138) Concurrent weak roots
[121.675s][info][gc,task     ] GC(138) Using 1 of 3 workers for concurrent weak root
[121.675s][info][gc          ] GC(138) Concurrent weak roots 0.553ms
[121.675s][info][gc,start    ] GC(138) Concurrent cleanup
[121.675s][info][gc          ] GC(138) Concurrent cleanup 2115M->183M(8192M) 0.043ms
[121.675s][info][gc,ergo     ] GC(138) Free: 7596M, Max: 4096K regular, 5664M humongous, Frag: 26% external, 0% internal; Reserve: 412M, Max: 4096K
[121.675s][info][gc,start    ] GC(138) Concurrent class unloading
[121.675s][info][gc,task     ] GC(138) Using 1 of 3 workers for concurrent class unloading
[121.678s][info][gc          ] GC(138) Concurrent class unloading 2.326ms
[121.678s][info][gc,start    ] GC(138) Pause Final Roots
[121.678s][info][gc          ] GC(138) Pause Final Roots 0.039ms
[121.678s][info][gc,ergo     ] Free: 7592M, Max: 4096K regular, 5664M humongous, Frag: 26% external, 0% internal; Reserve: 412M, Max: 4096K
[121.678s][info][gc,stats    ] 
[121.678s][info][gc,stats    ] All times are wall-clock times, except per-root-class counters, that are sum over
[121.678s][info][gc,stats    ] all workers. Dividing the <total> over the root stage time estimates parallelism.
[121.678s][info][gc,stats    ] 
[121.678s][info][gc,stats    ] Concurrent Reset                    587 us
[121.678s][info][gc,stats    ] Pause Init Mark (G)                 277 us
[121.678s][info][gc,stats    ] Pause Init Mark (N)                 162 us
[121.678s][info][gc,stats    ]   Update Region States               74 us
[121.678s][info][gc,stats    ] Concurrent Mark Roots               771 us, parallelism: 0.83x
[121.678s][info][gc,stats    ]   CMR: <total>                      642 us
[121.678s][info][gc,stats    ]   CMR: Thread Roots                 570 us, workers (us): 570, ---, ---, 
[121.678s][info][gc,stats    ]   CMR: VM Strong Roots                7 us, workers (us):   7, ---, ---, 
[121.678s][info][gc,stats    ]   CMR: CLDG Roots                    65 us, workers (us):  65, ---, ---, 
[121.678s][info][gc,stats    ] Concurrent Marking                21425 us
[121.678s][info][gc,stats    ] Pause Final Mark (G)                507 us
[121.678s][info][gc,stats    ] Pause Final Mark (N)                363 us
[121.678s][info][gc,stats    ]   Finish Mark                       101 us
[121.678s][info][gc,stats    ]   Update Region States               84 us
[121.678s][info][gc,stats    ]   Choose Collection Set              62 us
[121.678s][info][gc,stats    ]   Rebuild Free Set                   17 us
[121.678s][info][gc,stats    ] Concurrent Weak References          153 us, parallelism: 0.05x
[121.678s][info][gc,stats    ]   CWRF: <total>                       7 us
[121.678s][info][gc,stats    ]   CWRF: Weak References               7 us, workers (us):   7, ---, ---, 
[121.678s][info][gc,stats    ] Concurrent Weak Roots               572 us
[121.678s][info][gc,stats    ]   Roots                             461 us, parallelism: 0.92x
[121.678s][info][gc,stats    ]     CWR: <total>                    425 us
[121.679s][info][gc,stats    ]     CWR: Code Cache Roots           358 us, workers (us): 358, ---, ---, 
[121.679s][info][gc,stats    ]     CWR: VM Weak Roots               63 us, workers (us):  63, ---, ---, 
[121.679s][info][gc,stats    ]     CWR: CLDG Roots                   5 us, workers (us):   5, ---, ---, 
[121.679s][info][gc,stats    ]   Rendezvous                         77 us
[121.679s][info][gc,stats    ] Concurrent Cleanup                   51 us
[121.679s][info][gc,stats    ] Concurrent Class Unloading         2374 us
[121.679s][info][gc,stats    ]   Unlink Stale                     2158 us
[121.679s][info][gc,stats    ]     System Dictionary                 3 us
[121.679s][info][gc,stats    ]     Weak Class Links                  0 us
[121.679s][info][gc,stats    ]     Code Roots                     2154 us
[121.679s][info][gc,stats    ]   Rendezvous                         50 us
[121.679s][info][gc,stats    ]   Purge Unlinked                    100 us
[121.679s][info][gc,stats    ]     Code Roots                       90 us
[121.679s][info][gc,stats    ]     CLDG                              9 us
[121.679s][info][gc,stats    ]     Exception Caches                  0 us
[121.679s][info][gc,stats    ] Pause Final Roots (G)               166 us
[121.679s][info][gc,stats    ] Pause Final Roots (N)                57 us
[121.679s][info][gc,stats    ] 
[121.679s][info][gc,stats    ] Allocation pacing accrued:
[121.679s][info][gc,stats    ]       0 of   904 ms (  0.0%): <total>
[121.679s][info][gc,stats    ]       0 of   904 ms (  0.0%): <average total>
[121.679s][info][gc,stats    ] 
[121.679s][info][gc,metaspace] Metaspace: 9000K(9216K)->9000K(9216K) NonClass: 7828K(7936K)->7828K(7936K) Class: 1171K(1280K)->1171K(1280K)
[121.679s][info][gc,ergo     ] Pacer for Idle. Initial: 163M, Alloc Tax Rate: 1.0x
[122.577s][info][gc          ] Trigger: Learning 4 of 5. Free (5712M) is below initial threshold (5734M)
[122.578s][info][gc,ergo     ] Free: 5712M, Max: 4096K regular, 5664M humongous, Frag: 1% external, 0% internal; Reserve: 412M, Max: 4096K
[122.578s][info][gc,start    ] GC(139) Concurrent reset
[122.578s][info][gc,task     ] GC(139) Using 1 of 3 workers for concurrent reset
[122.578s][info][gc,ergo     ] GC(139) Pacer for Reset. Non-Taxable: 8192M
[122.579s][info][gc          ] GC(139) Concurrent reset 0.857ms
[122.579s][info][gc,start    ] GC(139) Pause Init Mark (unload classes)
[122.579s][info][gc,task     ] GC(139) Using 3 of 3 workers for init marking
[122.579s][info][gc,ergo     ] GC(139) Pacer for Mark. Expected Live: 13184K, Free: 5712M, Non-Taxable: 571M, Alloc Tax Rate: 0.0x
[122.579s][info][gc          ] GC(139) Pause Init Mark (unload classes) 0.156ms
[122.579s][info][gc,start    ] GC(139) Concurrent marking roots
[122.579s][info][gc,task     ] GC(139) Using 1 of 3 workers for concurrent marking roots
[122.579s][info][gc          ] GC(139) Concurrent marking roots 0.464ms
[122.579s][info][gc,start    ] GC(139) Concurrent marking (unload classes)
[122.579s][info][gc,task     ] GC(139) Using 1 of 3 workers for concurrent marking
[122.610s][info][gc          ] GC(139) Concurrent marking (unload classes) 30.203ms
[122.610s][info][gc,start    ] GC(139) Pause Final Mark (unload classes)
[122.610s][info][gc,task     ] GC(139) Using 3 of 3 workers for final marking
[122.610s][info][gc,ergo     ] GC(139) Collectable Garbage: 1940M (94%), Immediate: 1940M (94%), CSet: 0B (0%)
[122.610s][info][gc          ] GC(139) Pause Final Mark (unload classes) 0.244ms
[122.610s][info][gc,start    ] GC(139) Concurrent weak references
[122.610s][info][gc,task     ] GC(139) Using 1 of 3 workers for concurrent weak references
[122.610s][info][gc,ref      ] GC(139) Encountered references: Soft: 144, Weak: 702, Final: 0, Phantom: 27
[122.610s][info][gc,ref      ] GC(139) Discovered  references: Soft: 0, Weak: 150, Final: 0, Phantom: 12
[122.610s][info][gc,ref      ] GC(139) Enqueued    references: Soft: 0, Weak: 0, Final: 0, Phantom: 0
[122.610s][info][gc          ] GC(139) Concurrent weak references 0.140ms
[122.610s][info][gc,start    ] GC(139) Concurrent weak roots
[122.610s][info][gc,task     ] GC(139) Using 1 of 3 workers for concurrent weak root
[122.611s][info][gc          ] GC(139) Concurrent weak roots 0.556ms
[122.611s][info][gc,start    ] GC(139) Concurrent cleanup
[122.611s][info][gc          ] GC(139) Concurrent cleanup 2135M->195M(8192M) 0.051ms
[122.611s][info][gc,ergo     ] GC(139) Free: 7584M, Max: 4096K regular, 5644M humongous, Frag: 26% external, 0% internal; Reserve: 412M, Max: 4096K
[122.611s][info][gc,start    ] GC(139) Concurrent class unloading
[122.611s][info][gc,task     ] GC(139) Using 1 of 3 workers for concurrent class unloading
[122.613s][info][gc          ] GC(139) Concurrent class unloading 2.199ms
[122.613s][info][gc,start    ] GC(139) Pause Final Roots
[122.613s][info][gc          ] GC(139) Pause Final Roots 0.044ms
[122.613s][info][gc,ergo     ] Free: 7580M, Max: 4096K regular, 5644M humongous, Frag: 26% external, 0% internal; Reserve: 412M, Max: 4096K
[122.613s][info][gc,stats    ] 
[122.613s][info][gc,stats    ] All times are wall-clock times, except per-root-class counters, that are sum over
[122.613s][info][gc,stats    ] all workers. Dividing the <total> over the root stage time estimates parallelism.
[122.613s][info][gc,stats    ] 
[122.613s][info][gc,stats    ] Concurrent Reset                    927 us
[122.613s][info][gc,stats    ] Pause Init Mark (G)                 324 us
[122.613s][info][gc,stats    ] Pause Init Mark (N)                 172 us
[122.613s][info][gc,stats    ]   Update Region States               70 us
[122.613s][info][gc,stats    ] Concurrent Mark Roots               501 us, parallelism: 0.68x
[122.613s][info][gc,stats    ]   CMR: <total>                      340 us
[122.613s][info][gc,stats    ]   CMR: Thread Roots                 296 us, workers (us): 296, ---, ---, 
[122.613s][info][gc,stats    ]   CMR: VM Strong Roots                6 us, workers (us):   6, ---, ---, 
[122.613s][info][gc,stats    ]   CMR: CLDG Roots                    39 us, workers (us):  39, ---, ---, 
[122.613s][info][gc,stats    ] Concurrent Marking                30276 us
[122.613s][info][gc,stats    ] Pause Final Mark (G)                406 us
[122.613s][info][gc,stats    ] Pause Final Mark (N)                253 us
[122.613s][info][gc,stats    ]   Finish Mark                        72 us
[122.613s][info][gc,stats    ]   Update Region States               41 us
[122.613s][info][gc,stats    ]   Choose Collection Set              44 us
[122.613s][info][gc,stats    ]   Rebuild Free Set                    8 us
[122.613s][info][gc,stats    ] Concurrent Weak References          156 us, parallelism: 0.05x
[122.613s][info][gc,stats    ]   CWRF: <total>                       7 us
[122.613s][info][gc,stats    ]   CWRF: Weak References               7 us, workers (us):   7, ---, ---, 
[122.614s][info][gc,stats    ] Concurrent Weak Roots               568 us
[122.614s][info][gc,stats    ]   Roots                             472 us, parallelism: 0.91x
[122.614s][info][gc,stats    ]     CWR: <total>                    427 us
[122.614s][info][gc,stats    ]     CWR: Code Cache Roots           353 us, workers (us): 353, ---, ---, 
[122.614s][info][gc,stats    ]     CWR: VM Weak Roots               68 us, workers (us):  68, ---, ---, 
[122.614s][info][gc,stats    ]     CWR: CLDG Roots                   6 us, workers (us):   6, ---, ---, 
[122.614s][info][gc,stats    ]   Rendezvous                         43 us
[122.614s][info][gc,stats    ] Concurrent Cleanup                   61 us
[122.614s][info][gc,stats    ] Concurrent Class Unloading         2251 us
[122.614s][info][gc,stats    ]   Unlink Stale                     1979 us
[122.614s][info][gc,stats    ]     System Dictionary                 6 us
[122.614s][info][gc,stats    ]     Weak Class Links                  0 us
[122.614s][info][gc,stats    ]     Code Roots                     1962 us
[122.614s][info][gc,stats    ]   Rendezvous                         73 us
[122.614s][info][gc,stats    ]   Purge Unlinked                    129 us
[122.614s][info][gc,stats    ]     Code Roots                      123 us
[122.614s][info][gc,stats    ]     CLDG                              5 us
[122.614s][info][gc,stats    ]     Exception Caches                  0 us
[122.614s][info][gc,stats    ] Pause Final Roots (G)               135 us
[122.614s][info][gc,stats    ] Pause Final Roots (N)                54 us
[122.614s][info][gc,stats    ] 
[122.614s][info][gc,stats    ] Allocation pacing accrued:
[122.614s][info][gc,stats    ]       0 of   935 ms (  0.0%): <total>
[122.614s][info][gc,stats    ]       0 of   935 ms (  0.0%): <average total>
[122.614s][info][gc,stats    ] 
[122.614s][info][gc,metaspace] Metaspace: 9000K(9216K)->9000K(9216K) NonClass: 7828K(7936K)->7828K(7936K) Class: 1171K(1280K)->1171K(1280K)
[122.614s][info][gc,ergo     ] Pacer for Idle. Initial: 163M, Alloc Tax Rate: 1.0x
[123.299s][info][gc          ] Trigger: Explicit GC request (System.gc())
[123.299s][info][gc,ergo     ] Free: 6724M, Max: 4096K regular, 5644M humongous, Frag: 17% external, 0% internal; Reserve: 412M, Max: 4096K
[123.299s][info][gc,start    ] GC(140) Concurrent reset
[123.299s][info][gc,task     ] GC(140) Using 1 of 3 workers for concurrent reset
[123.299s][info][gc,ergo     ] GC(140) Pacer for Reset. Non-Taxable: 8192M
[123.300s][info][gc          ] GC(140) Concurrent reset 0.735ms
[123.300s][info][gc,start    ] GC(140) Pause Init Mark (unload classes)
[123.300s][info][gc,task     ] GC(140) Using 3 of 3 workers for init marking
[123.300s][info][gc,ref      ] GC(140) Clearing All SoftReferences
[123.300s][info][gc,ergo     ] GC(140) Pacer for Mark. Expected Live: 14454K, Free: 6724M, Non-Taxable: 672M, Alloc Tax Rate: 0.0x
[123.300s][info][gc          ] GC(140) Pause Init Mark (unload classes) 0.129ms
[123.300s][info][gc,start    ] GC(140) Concurrent marking roots
[123.300s][info][gc,task     ] GC(140) Using 1 of 3 workers for concurrent marking roots
[123.301s][info][gc          ] GC(140) Concurrent marking roots 0.683ms
[123.301s][info][gc,start    ] GC(140) Concurrent marking (unload classes)
[123.301s][info][gc,task     ] GC(140) Using 1 of 3 workers for concurrent marking
[123.305s][info][gc          ] GC(140) Concurrent marking (unload classes) 3.529ms
[123.305s][info][gc,start    ] GC(140) Pause Final Mark (unload classes)
[123.305s][info][gc,task     ] GC(140) Using 3 of 3 workers for final marking
[123.305s][info][gc,ergo     ] GC(140) Collectable Garbage: 979M (93%), Immediate: 979M (93%), CSet: 0B (0%)
[123.305s][info][gc          ] GC(140) Pause Final Mark (unload classes) 0.248ms
[123.305s][info][gc,start    ] GC(140) Concurrent weak references
[123.305s][info][gc,task     ] GC(140) Using 1 of 3 workers for concurrent weak references
[123.305s][info][gc,ref      ] GC(140) Encountered references: Soft: 144, Weak: 702, Final: 0, Phantom: 27
[123.305s][info][gc,ref      ] GC(140) Discovered  references: Soft: 89, Weak: 168, Final: 0, Phantom: 25
[123.305s][info][gc,ref      ] GC(140) Enqueued    references: Soft: 3, Weak: 0, Final: 0, Phantom: 0
[123.305s][info][gc          ] GC(140) Concurrent weak references 0.163ms
[123.305s][info][gc,start    ] GC(140) Concurrent weak roots
[123.305s][info][gc,task     ] GC(140) Using 1 of 3 workers for concurrent weak root
[123.306s][info][gc          ] GC(140) Concurrent weak roots 0.682ms
[123.306s][info][gc,start    ] GC(140) Concurrent cleanup
[123.306s][info][gc          ] GC(140) Concurrent cleanup 1055M->75M(8192M) 0.037ms
[123.306s][info][gc,ergo     ] GC(140) Free: 7704M, Max: 4096K regular, 6832M humongous, Frag: 12% external, 0% internal; Reserve: 412M, Max: 4096K
[123.306s][info][gc,start    ] GC(140) Concurrent class unloading
[123.306s][info][gc,task     ] GC(140) Using 1 of 3 workers for concurrent class unloading
[123.308s][info][gc          ] GC(140) Concurrent class unloading 1.832ms
[123.308s][info][gc,start    ] GC(140) Pause Final Roots
[123.308s][info][gc          ] GC(140) Pause Final Roots 0.020ms
[123.308s][info][gc,ergo     ] Free: 7704M, Max: 4096K regular, 6832M humongous, Frag: 12% external, 0% internal; Reserve: 412M, Max: 4096K
[123.308s][info][gc,stats    ] 
[123.308s][info][gc,stats    ] All times are wall-clock times, except per-root-class counters, that are sum over
[123.308s][info][gc,stats    ] all workers. Dividing the <total> over the root stage time estimates parallelism.
[123.308s][info][gc,stats    ] 
[123.308s][info][gc,stats    ] Concurrent Reset                    798 us
[123.308s][info][gc,stats    ] Pause Init Mark (G)                 215 us
[123.308s][info][gc,stats    ] Pause Init Mark (N)                 138 us
[123.308s][info][gc,stats    ]   Update Region States               64 us
[123.308s][info][gc,stats    ] Concurrent Mark Roots               711 us, parallelism: 0.81x
[123.308s][info][gc,stats    ]   CMR: <total>                      574 us
[123.308s][info][gc,stats    ]   CMR: Thread Roots                 505 us, workers (us): 505, ---, ---, 
[123.308s][info][gc,stats    ]   CMR: VM Strong Roots                6 us, workers (us):   6, ---, ---, 
[123.308s][info][gc,stats    ]   CMR: CLDG Roots                    63 us, workers (us):  63, ---, ---, 
[123.308s][info][gc,stats    ] Concurrent Marking                 3591 us
[123.308s][info][gc,stats    ] Pause Final Mark (G)                336 us
[123.308s][info][gc,stats    ] Pause Final Mark (N)                258 us
[123.308s][info][gc,stats    ]   Finish Mark                        87 us
[123.308s][info][gc,stats    ]   Update Region States               53 us
[123.308s][info][gc,stats    ]   Choose Collection Set              37 us
[123.308s][info][gc,stats    ]   Rebuild Free Set                    8 us
[123.308s][info][gc,stats    ] Concurrent Weak References          171 us, parallelism: 0.06x
[123.308s][info][gc,stats    ]   CWRF: <total>                      10 us
[123.308s][info][gc,stats    ]   CWRF: Weak References              10 us, workers (us):  10, ---, ---, 
[123.308s][info][gc,stats    ] Concurrent Weak Roots               701 us
[123.308s][info][gc,stats    ]   Roots                             570 us, parallelism: 0.87x
[123.308s][info][gc,stats    ]     CWR: <total>                    495 us
[123.308s][info][gc,stats    ]     CWR: Code Cache Roots           375 us, workers (us): 375, ---, ---, 
[123.308s][info][gc,stats    ]     CWR: VM Weak Roots              114 us, workers (us): 114, ---, ---, 
[123.308s][info][gc,stats    ]     CWR: CLDG Roots                   6 us, workers (us):   6, ---, ---, 
[123.308s][info][gc,stats    ]   Rendezvous                         97 us
[123.308s][info][gc,stats    ] Concurrent Cleanup                   45 us
[123.308s][info][gc,stats    ] Concurrent Class Unloading         1860 us
[123.308s][info][gc,stats    ]   Unlink Stale                     1687 us
[123.308s][info][gc,stats    ]     System Dictionary                 3 us
[123.308s][info][gc,stats    ]     Weak Class Links                  0 us
[123.308s][info][gc,stats    ]     Code Roots                     1683 us
[123.308s][info][gc,stats    ]   Rendezvous                         55 us
[123.308s][info][gc,stats    ]   Purge Unlinked                     73 us
[123.308s][info][gc,stats    ]     Code Roots                       68 us
[123.308s][info][gc,stats    ]     CLDG                              5 us
[123.308s][info][gc,stats    ]     Exception Caches                  0 us
[123.308s][info][gc,stats    ] Pause Final Roots (G)                76 us
[123.308s][info][gc,stats    ] Pause Final Roots (N)                28 us
[123.308s][info][gc,stats    ] 
[123.308s][info][gc,stats    ] Allocation pacing accrued:
[123.308s][info][gc,stats    ]       0 of   695 ms (  0.0%): <total>
[123.308s][info][gc,stats    ]       0 of   695 ms (  0.0%): <average total>
[123.308s][info][gc,stats    ] 
[123.308s][info][gc,metaspace] Metaspace: 9000K(9216K)->9000K(9216K) NonClass: 7828K(7936K)->7828K(7936K) Class: 1171K(1280K)->1171K(1280K)
[123.308s][info][gc,ergo     ] Pacer for Idle. Initial: 163M, Alloc Tax Rate: 1.0x
[124.226s][info][gc          ] Trigger: Learning 2 of 5. Free (5704M) is below initial threshold (5734M)
[124.226s][info][gc,ergo     ] Free: 5704M, Max: 4096K regular, 5704M humongous, Frag: 0% external, 0% internal; Reserve: 412M, Max: 4096K
[124.226s][info][gc,start    ] GC(141) Concurrent reset
[124.226s][info][gc,task     ] GC(141) Using 1 of 3 workers for concurrent reset
[124.226s][info][gc,ergo     ] GC(141) Pacer for Reset. Non-Taxable: 8192M
[124.226s][info][gc          ] GC(141) Concurrent reset 0.679ms
[124.227s][info][gc,start    ] GC(141) Pause Init Mark (unload classes)
[124.227s][info][gc,task     ] GC(141) Using 3 of 3 workers for init marking
[124.227s][info][gc,ergo     ] GC(141) Pacer for Mark. Expected Live: 10698K, Free: 5700M, Non-Taxable: 570M, Alloc Tax Rate: 0.0x
[124.227s][info][gc          ] GC(141) Pause Init Mark (unload classes) 0.233ms
[124.227s][info][gc,start    ] GC(141) Concurrent marking roots
[124.227s][info][gc,task     ] GC(141) Using 1 of 3 workers for concurrent marking roots
[124.227s][info][gc          ] GC(141) Concurrent marking roots 0.436ms
[124.227s][info][gc,start    ] GC(141) Concurrent marking (unload classes)
[124.227s][info][gc,task     ] GC(141) Using 1 of 3 workers for concurrent marking
[124.241s][info][gc          ] GC(141) Concurrent marking (unload classes) 13.467ms
[124.241s][info][gc,start    ] GC(141) Pause Final Mark (unload classes)
[124.241s][info][gc,task     ] GC(141) Using 3 of 3 workers for final marking
[124.241s][info][gc,ergo     ] GC(141) Collectable Garbage: 1960M (94%), Immediate: 1960M (94%), CSet: 0B (0%)
[124.241s][info][gc          ] GC(141) Pause Final Mark (unload classes) 0.243ms
[124.241s][info][gc,start    ] GC(141) Concurrent weak references
[124.241s][info][gc,task     ] GC(141) Using 1 of 3 workers for concurrent weak references
[124.241s][info][gc,ref      ] GC(141) Encountered references: Soft: 144, Weak: 702, Final: 0, Phantom: 27
[124.241s][info][gc,ref      ] GC(141) Discovered  references: Soft: 0, Weak: 150, Final: 0, Phantom: 12
[124.241s][info][gc,ref      ] GC(141) Enqueued    references: Soft: 0, Weak: 0, Final: 0, Phantom: 0
[124.241s][info][gc          ] GC(141) Concurrent weak references 0.195ms
[124.242s][info][gc,start    ] GC(141) Concurrent weak roots
[124.242s][info][gc,task     ] GC(141) Using 1 of 3 workers for concurrent weak root
[124.242s][info][gc          ] GC(141) Concurrent weak roots 0.550ms
[124.242s][info][gc,start    ] GC(141) Concurrent cleanup
[124.242s][info][gc          ] GC(141) Concurrent cleanup 2111M->151M(8192M) 0.043ms
[124.242s][info][gc,ergo     ] GC(141) Free: 7628M, Max: 4096K regular, 5668M humongous, Frag: 26% external, 0% internal; Reserve: 412M, Max: 4096K
[124.242s][info][gc,start    ] GC(141) Concurrent class unloading
[124.242s][info][gc,task     ] GC(141) Using 1 of 3 workers for concurrent class unloading
[124.244s][info][gc          ] GC(141) Concurrent class unloading 1.953ms
[124.244s][info][gc,start    ] GC(141) Pause Final Roots
[124.244s][info][gc          ] GC(141) Pause Final Roots 0.026ms
[124.244s][info][gc,ergo     ] Free: 7624M, Max: 4096K regular, 5668M humongous, Frag: 26% external, 0% internal; Reserve: 412M, Max: 4096K
[124.244s][info][gc,stats    ] 
[124.244s][info][gc,stats    ] All times are wall-clock times, except per-root-class counters, that are sum over
[124.244s][info][gc,stats    ] all workers. Dividing the <total> over the root stage time estimates parallelism.
[124.244s][info][gc,stats    ] 
[124.244s][info][gc,stats    ] Concurrent Reset                    746 us
[124.244s][info][gc,stats    ] Pause Init Mark (G)                 387 us
[124.244s][info][gc,stats    ] Pause Init Mark (N)                 252 us
[124.244s][info][gc,stats    ]   Update Region States              103 us
[124.244s][info][gc,stats    ] Concurrent Mark Roots               455 us, parallelism: 0.77x
[124.245s][info][gc,stats    ]   CMR: <total>                      350 us
[124.245s][info][gc,stats    ]   CMR: Thread Roots                 311 us, workers (us): 311, ---, ---, 
[124.245s][info][gc,stats    ]   CMR: VM Strong Roots                5 us, workers (us):   5, ---, ---, 
[124.245s][info][gc,stats    ]   CMR: CLDG Roots                    34 us, workers (us):  34, ---, ---, 
[124.245s][info][gc,stats    ] Concurrent Marking                13527 us
[124.245s][info][gc,stats    ] Pause Final Mark (G)                392 us
[124.245s][info][gc,stats    ] Pause Final Mark (N)                255 us
[124.245s][info][gc,stats    ]   Finish Mark                        91 us
[124.245s][info][gc,stats    ]   Update Region States               40 us
[124.245s][info][gc,stats    ]   Choose Collection Set              42 us
[124.245s][info][gc,stats    ]   Rebuild Free Set                    9 us
[124.245s][info][gc,stats    ] Concurrent Weak References          211 us, parallelism: 0.02x
[124.245s][info][gc,stats    ]   CWRF: <total>                       5 us
[124.245s][info][gc,stats    ]   CWRF: Weak References               5 us, workers (us):   5, ---, ---, 
[124.245s][info][gc,stats    ] Concurrent Weak Roots               569 us
[124.245s][info][gc,stats    ]   Roots                             490 us, parallelism: 0.89x
[124.245s][info][gc,stats    ]     CWR: <total>                    437 us
[124.245s][info][gc,stats    ]     CWR: Code Cache Roots           367 us, workers (us): 367, ---, ---, 
[124.245s][info][gc,stats    ]     CWR: VM Weak Roots               65 us, workers (us):  65, ---, ---, 
[124.245s][info][gc,stats    ]     CWR: CLDG Roots                   5 us, workers (us):   5, ---, ---, 
[124.245s][info][gc,stats    ]   Rendezvous                         28 us
[124.245s][info][gc,stats    ] Concurrent Cleanup                   51 us
[124.245s][info][gc,stats    ] Concurrent Class Unloading         2006 us
[124.245s][info][gc,stats    ]   Unlink Stale                     1769 us
[124.245s][info][gc,stats    ]     System Dictionary                 3 us
[124.245s][info][gc,stats    ]     Weak Class Links                  0 us
[124.245s][info][gc,stats    ]     Code Roots                     1764 us
[124.245s][info][gc,stats    ]   Rendezvous                         51 us
[124.245s][info][gc,stats    ]   Purge Unlinked                    115 us
[124.245s][info][gc,stats    ]     Code Roots                      105 us
[124.245s][info][gc,stats    ]     CLDG                              9 us
[124.245s][info][gc,stats    ]     Exception Caches                  0 us
[124.245s][info][gc,stats    ] Pause Final Roots (G)               119 us
[124.245s][info][gc,stats    ] Pause Final Roots (N)                34 us
[124.245s][info][gc,stats    ] 
[124.245s][info][gc,stats    ] Allocation pacing accrued:
[124.245s][info][gc,stats    ]       0 of   936 ms (  0.0%): <total>
[124.245s][info][gc,stats    ]       0 of   936 ms (  0.0%): <average total>
[124.245s][info][gc,stats    ] 
[124.245s][info][gc,metaspace] Metaspace: 9001K(9216K)->9001K(9216K) NonClass: 7829K(7936K)->7829K(7936K) Class: 1171K(1280K)->1171K(1280K)
[124.245s][info][gc,ergo     ] Pacer for Idle. Initial: 163M, Alloc Tax Rate: 1.0x
[125.120s][info][gc          ] Trigger: Learning 3 of 5. Free (5724M) is below initial threshold (5734M)
[125.120s][info][gc,ergo     ] Free: 5724M, Max: 4096K regular, 5668M humongous, Frag: 1% external, 0% internal; Reserve: 412M, Max: 4096K
[125.121s][info][gc,start    ] GC(142) Concurrent reset
[125.121s][info][gc,task     ] GC(142) Using 1 of 3 workers for concurrent reset
[125.121s][info][gc,ergo     ] GC(142) Pacer for Reset. Non-Taxable: 8192M
[125.121s][info][gc          ] GC(142) Concurrent reset 0.902ms
[125.122s][info][gc,start    ] GC(142) Pause Init Mark (unload classes)
[125.122s][info][gc,task     ] GC(142) Using 3 of 3 workers for init marking
[125.122s][info][gc,ergo     ] GC(142) Pacer for Mark. Expected Live: 12002K, Free: 5724M, Non-Taxable: 572M, Alloc Tax Rate: 0.0x
[125.122s][info][gc          ] GC(142) Pause Init Mark (unload classes) 0.182ms
[125.122s][info][gc,start    ] GC(142) Concurrent marking roots
[125.122s][info][gc,task     ] GC(142) Using 1 of 3 workers for concurrent marking roots
[125.122s][info][gc          ] GC(142) Concurrent marking roots 0.446ms
[125.122s][info][gc,start    ] GC(142) Concurrent marking (unload classes)
[125.122s][info][gc,task     ] GC(142) Using 1 of 3 workers for concurrent marking
[125.143s][info][gc          ] GC(142) Concurrent marking (unload classes) 20.741ms
[125.143s][info][gc,start    ] GC(142) Pause Final Mark (unload classes)
[125.143s][info][gc,task     ] GC(142) Using 3 of 3 workers for final marking
[125.144s][info][gc,ergo     ] GC(142) Collectable Garbage: 1915M (93%), Immediate: 1915M (93%), CSet: 0B (0%)
[125.144s][info][gc          ] GC(142) Pause Final Mark (unload classes) 0.368ms
[125.144s][info][gc,start    ] GC(142) Concurrent weak references
[125.144s][info][gc,task     ] GC(142) Using 1 of 3 workers for concurrent weak references
[125.144s][info][gc,ref      ] GC(142) Encountered references: Soft: 144, Weak: 702, Final: 0, Phantom: 27
[125.144s][info][gc,ref      ] GC(142) Discovered  references: Soft: 0, Weak: 150, Final: 0, Phantom: 25
[125.144s][info][gc,ref      ] GC(142) Enqueued    references: Soft: 0, Weak: 0, Final: 0, Phantom: 0
[125.144s][info][gc          ] GC(142) Concurrent weak references 0.140ms
[125.144s][info][gc,start    ] GC(142) Concurrent weak roots
[125.144s][info][gc,task     ] GC(142) Using 1 of 3 workers for concurrent weak root
[125.145s][info][gc          ] GC(142) Concurrent weak roots 0.726ms
[125.145s][info][gc,start    ] GC(142) Concurrent cleanup
[125.145s][info][gc          ] GC(142) Concurrent cleanup 2103M->187M(8192M) 0.042ms
[125.145s][info][gc,ergo     ] GC(142) Free: 7592M, Max: 4096K regular, 5724M humongous, Frag: 25% external, 0% internal; Reserve: 412M, Max: 4096K
[125.145s][info][gc,start    ] GC(142) Concurrent class unloading
[125.145s][info][gc,task     ] GC(142) Using 1 of 3 workers for concurrent class unloading
[125.147s][info][gc          ] GC(142) Concurrent class unloading 1.919ms
[125.147s][info][gc,start    ] GC(142) Pause Final Roots
[125.147s][info][gc          ] GC(142) Pause Final Roots 0.041ms
[125.147s][info][gc,ergo     ] Free: 7588M, Max: 4096K regular, 5724M humongous, Frag: 25% external, 0% internal; Reserve: 412M, Max: 4096K
[125.147s][info][gc,stats    ] 
[125.147s][info][gc,stats    ] All times are wall-clock times, except per-root-class counters, that are sum over
[125.147s][info][gc,stats    ] all workers. Dividing the <total> over the root stage time estimates parallelism.
[125.147s][info][gc,stats    ] 
[125.147s][info][gc,stats    ] Concurrent Reset                    978 us
[125.147s][info][gc,stats    ] Pause Init Mark (G)                 373 us
[125.147s][info][gc,stats    ] Pause Init Mark (N)                 199 us
[125.147s][info][gc,stats    ]   Update Region States               76 us
[125.147s][info][gc,stats    ] Concurrent Mark Roots               465 us, parallelism: 0.76x
[125.147s][info][gc,stats    ]   CMR: <total>                      353 us
[125.147s][info][gc,stats    ]   CMR: Thread Roots                 314 us, workers (us): 314, ---, ---, 
[125.147s][info][gc,stats    ]   CMR: VM Strong Roots                5 us, workers (us):   5, ---, ---, 
[125.147s][info][gc,stats    ]   CMR: CLDG Roots                    34 us, workers (us):  34, ---, ---, 
[125.147s][info][gc,stats    ] Concurrent Marking                20806 us
[125.147s][info][gc,stats    ] Pause Final Mark (G)                520 us
[125.147s][info][gc,stats    ] Pause Final Mark (N)                387 us
[125.147s][info][gc,stats    ]   Finish Mark                       129 us
[125.147s][info][gc,stats    ]   Update Region States               88 us
[125.147s][info][gc,stats    ]   Choose Collection Set              62 us
[125.147s][info][gc,stats    ]   Rebuild Free Set                   18 us
[125.147s][info][gc,stats    ] Concurrent Weak References          147 us, parallelism: 0.05x
[125.147s][info][gc,stats    ]   CWRF: <total>                       8 us
[125.147s][info][gc,stats    ]   CWRF: Weak References               8 us, workers (us):   8, ---, ---, 
[125.147s][info][gc,stats    ] Concurrent Weak Roots               745 us
[125.147s][info][gc,stats    ]   Roots                             620 us, parallelism: 0.88x
[125.147s][info][gc,stats    ]     CWR: <total>                    549 us
[125.147s][info][gc,stats    ]     CWR: Code Cache Roots           424 us, workers (us): 424, ---, ---, 
[125.147s][info][gc,stats    ]     CWR: VM Weak Roots              118 us, workers (us): 118, ---, ---, 
[125.147s][info][gc,stats    ]     CWR: CLDG Roots                   7 us, workers (us):   7, ---, ---, 
[125.147s][info][gc,stats    ]   Rendezvous                         90 us
[125.147s][info][gc,stats    ] Concurrent Cleanup                   50 us
[125.147s][info][gc,stats    ] Concurrent Class Unloading         1970 us
[125.147s][info][gc,stats    ]   Unlink Stale                     1733 us
[125.147s][info][gc,stats    ]     System Dictionary                 3 us
[125.147s][info][gc,stats    ]     Weak Class Links                  0 us
[125.147s][info][gc,stats    ]     Code Roots                     1729 us
[125.147s][info][gc,stats    ]   Rendezvous                         55 us
[125.147s][info][gc,stats    ]   Purge Unlinked                    112 us
[125.147s][info][gc,stats    ]     Code Roots                      104 us
[125.147s][info][gc,stats    ]     CLDG                              8 us
[125.147s][info][gc,stats    ]     Exception Caches                  0 us
[125.147s][info][gc,stats    ] Pause Final Roots (G)               185 us
[125.147s][info][gc,stats    ] Pause Final Roots (N)                58 us
[125.147s][info][gc,stats    ] 
[125.147s][info][gc,stats    ] Allocation pacing accrued:
[125.147s][info][gc,stats    ]       0 of   903 ms (  0.0%): <total>
[125.148s][info][gc,stats    ]       0 of   903 ms (  0.0%): <average total>
[125.148s][info][gc,stats    ] 
[125.148s][info][gc,metaspace] Metaspace: 9001K(9216K)->9001K(9216K) NonClass: 7829K(7936K)->7829K(7936K) Class: 1171K(1280K)->1171K(1280K)
[125.148s][info][gc,ergo     ] Pacer for Idle. Initial: 163M, Alloc Tax Rate: 1.0x
[126.046s][info][gc          ] Trigger: Learning 4 of 5. Free (5704M) is below initial threshold (5734M)
[126.046s][info][gc,ergo     ] Free: 5704M, Max: 4096K regular, 5704M humongous, Frag: 0% external, 0% internal; Reserve: 412M, Max: 4096K
[126.046s][info][gc,start    ] GC(143) Concurrent reset
[126.046s][info][gc,task     ] GC(143) Using 1 of 3 workers for concurrent reset
[126.046s][info][gc,ergo     ] GC(143) Pacer for Reset. Non-Taxable: 8192M
[126.047s][info][gc          ] GC(143) Concurrent reset 0.788ms
[126.047s][info][gc,start    ] GC(143) Pause Init Mark (unload classes)
[126.047s][info][gc,task     ] GC(143) Using 3 of 3 workers for init marking
[126.048s][info][gc,ergo     ] GC(143) Pacer for Mark. Expected Live: 13214K, Free: 5704M, Non-Taxable: 570M, Alloc Tax Rate: 0.0x
[126.048s][info][gc          ] GC(143) Pause Init Mark (unload classes) 0.161ms
[126.048s][info][gc,start    ] GC(143) Concurrent marking roots
[126.048s][info][gc,task     ] GC(143) Using 1 of 3 workers for concurrent marking roots
[126.048s][info][gc          ] GC(143) Concurrent marking roots 0.460ms
[126.048s][info][gc,start    ] GC(143) Concurrent marking (unload classes)
[126.048s][info][gc,task     ] GC(143) Using 1 of 3 workers for concurrent marking
[126.078s][info][gc          ] GC(143) Concurrent marking (unload classes) 30.178ms
[126.078s][info][gc,start    ] GC(143) Pause Final Mark (unload classes)
[126.079s][info][gc,task     ] GC(143) Using 3 of 3 workers for final marking
[126.079s][info][gc,ergo     ] GC(143) Collectable Garbage: 1959M (95%), Immediate: 1959M (95%), CSet: 0B (0%)
[126.079s][info][gc          ] GC(143) Pause Final Mark (unload classes) 0.366ms
[126.079s][info][gc,start    ] GC(143) Concurrent weak references
[126.079s][info][gc,task     ] GC(143) Using 1 of 3 workers for concurrent weak references
[126.079s][info][gc,ref      ] GC(143) Encountered references: Soft: 144, Weak: 702, Final: 0, Phantom: 27
[126.079s][info][gc,ref      ] GC(143) Discovered  references: Soft: 0, Weak: 150, Final: 0, Phantom: 25
[126.079s][info][gc,ref      ] GC(143) Enqueued    references: Soft: 0, Weak: 0, Final: 0, Phantom: 0
[126.079s][info][gc          ] GC(143) Concurrent weak references 0.179ms
[126.079s][info][gc,start    ] GC(143) Concurrent weak roots
[126.079s][info][gc,task     ] GC(143) Using 1 of 3 workers for concurrent weak root
[126.080s][info][gc          ] GC(143) Concurrent weak roots 0.594ms
[126.080s][info][gc,start    ] GC(143) Concurrent cleanup
[126.080s][info][gc          ] GC(143) Concurrent cleanup 2135M->175M(8192M) 0.041ms
[126.080s][info][gc,ergo     ] GC(143) Free: 7604M, Max: 4096K regular, 5644M humongous, Frag: 26% external, 0% internal; Reserve: 412M, Max: 4096K
[126.080s][info][gc,start    ] GC(143) Concurrent class unloading
[126.080s][info][gc,task     ] GC(143) Using 1 of 3 workers for concurrent class unloading
[126.082s][info][gc          ] GC(143) Concurrent class unloading 2.156ms
[126.082s][info][gc,start    ] GC(143) Pause Final Roots
[126.082s][info][gc          ] GC(143) Pause Final Roots 0.039ms
[126.082s][info][gc,ergo     ] Free: 7596M, Max: 4096K regular, 5644M humongous, Frag: 26% external, 0% internal; Reserve: 412M, Max: 4096K
[126.082s][info][gc,stats    ] 
[126.082s][info][gc,stats    ] All times are wall-clock times, except per-root-class counters, that are sum over
[126.082s][info][gc,stats    ] all workers. Dividing the <total> over the root stage time estimates parallelism.
[126.082s][info][gc,stats    ] 
[126.082s][info][gc,stats    ] Concurrent Reset                    851 us
[126.082s][info][gc,stats    ] Pause Init Mark (G)                 338 us
[126.082s][info][gc,stats    ] Pause Init Mark (N)                 178 us
[126.082s][info][gc,stats    ]   Update Region States               75 us
[126.082s][info][gc,stats    ] Concurrent Mark Roots               497 us, parallelism: 0.68x
[126.082s][info][gc,stats    ]   CMR: <total>                      336 us
[126.082s][info][gc,stats    ]   CMR: Thread Roots                 291 us, workers (us): 291, ---, ---, 
[126.082s][info][gc,stats    ]   CMR: VM Strong Roots                6 us, workers (us):   6, ---, ---, 
[126.082s][info][gc,stats    ]   CMR: CLDG Roots                    39 us, workers (us):  39, ---, ---, 
[126.082s][info][gc,stats    ] Concurrent Marking                30245 us
[126.082s][info][gc,stats    ] Pause Final Mark (G)                526 us
[126.082s][info][gc,stats    ] Pause Final Mark (N)                386 us
[126.082s][info][gc,stats    ]   Finish Mark                       121 us
[126.082s][info][gc,stats    ]   Update Region States               89 us
[126.082s][info][gc,stats    ]   Choose Collection Set              63 us
[126.082s][info][gc,stats    ]   Rebuild Free Set                   16 us
[126.082s][info][gc,stats    ] Concurrent Weak References          195 us, parallelism: 0.02x
[126.082s][info][gc,stats    ]   CWRF: <total>                       5 us
[126.082s][info][gc,stats    ]   CWRF: Weak References               5 us, workers (us):   5, ---, ---, 
[126.082s][info][gc,stats    ] Concurrent Weak Roots               612 us
[126.082s][info][gc,stats    ]   Roots                             467 us, parallelism: 0.91x
[126.082s][info][gc,stats    ]     CWR: <total>                    426 us
[126.082s][info][gc,stats    ]     CWR: Code Cache Roots           354 us, workers (us): 354, ---, ---, 
[126.082s][info][gc,stats    ]     CWR: VM Weak Roots               67 us, workers (us):  67, ---, ---, 
[126.082s][info][gc,stats    ]     CWR: CLDG Roots                   5 us, workers (us):   5, ---, ---, 
[126.082s][info][gc,stats    ]   Rendezvous                         94 us
[126.082s][info][gc,stats    ] Concurrent Cleanup                   49 us
[126.082s][info][gc,stats    ] Concurrent Class Unloading         2203 us
[126.083s][info][gc,stats    ]   Unlink Stale                     1882 us
[126.083s][info][gc,stats    ]     System Dictionary                 3 us
[126.083s][info][gc,stats    ]     Weak Class Links                  0 us
[126.083s][info][gc,stats    ]     Code Roots                     1877 us
[126.083s][info][gc,stats    ]   Rendezvous                        102 us
[126.083s][info][gc,stats    ]   Purge Unlinked                    154 us
[126.083s][info][gc,stats    ]     Code Roots                      145 us
[126.083s][info][gc,stats    ]     CLDG                              8 us
[126.083s][info][gc,stats    ]     Exception Caches                  0 us
[126.083s][info][gc,stats    ] Pause Final Roots (G)               171 us
[126.083s][info][gc,stats    ] Pause Final Roots (N)                56 us
[126.083s][info][gc,stats    ] 
[126.083s][info][gc,stats    ] Allocation pacing accrued:
[126.083s][info][gc,stats    ]       0 of   935 ms (  0.0%): <total>
[126.083s][info][gc,stats    ]       0 of   935 ms (  0.0%): <average total>
[126.083s][info][gc,stats    ] 
[126.083s][info][gc,metaspace] Metaspace: 9001K(9216K)->9001K(9216K) NonClass: 7829K(7936K)->7829K(7936K) Class: 1171K(1280K)->1171K(1280K)
[126.083s][info][gc,ergo     ] Pacer for Idle. Initial: 163M, Alloc Tax Rate: 1.0x
[126.784s][info][gc          ] Trigger: Explicit GC request (System.gc())
[126.784s][info][gc,ergo     ] Free: 6728M, Max: 4096K regular, 5644M humongous, Frag: 17% external, 0% internal; Reserve: 412M, Max: 4096K
[126.784s][info][gc,start    ] GC(144) Concurrent reset
[126.784s][info][gc,task     ] GC(144) Using 1 of 3 workers for concurrent reset
[126.784s][info][gc,ergo     ] GC(144) Pacer for Reset. Non-Taxable: 8192M
[126.785s][info][gc          ] GC(144) Concurrent reset 0.965ms
[126.785s][info][gc,start    ] GC(144) Pause Init Mark (unload classes)
[126.785s][info][gc,task     ] GC(144) Using 3 of 3 workers for init marking
[126.786s][info][gc,ref      ] GC(144) Clearing All SoftReferences
[126.786s][info][gc,ergo     ] GC(144) Pacer for Mark. Expected Live: 14529K, Free: 6728M, Non-Taxable: 672M, Alloc Tax Rate: 0.0x
[126.786s][info][gc          ] GC(144) Pause Init Mark (unload classes) 0.185ms
[126.786s][info][gc,start    ] GC(144) Concurrent marking roots
[126.786s][info][gc,task     ] GC(144) Using 1 of 3 workers for concurrent marking roots
[126.786s][info][gc          ] GC(144) Concurrent marking roots 0.506ms
[126.786s][info][gc,start    ] GC(144) Concurrent marking (unload classes)
[126.786s][info][gc,task     ] GC(144) Using 1 of 3 workers for concurrent marking
[126.790s][info][gc          ] GC(144) Concurrent marking (unload classes) 3.882ms
[126.790s][info][gc,start    ] GC(144) Pause Final Mark (unload classes)
[126.790s][info][gc,task     ] GC(144) Using 3 of 3 workers for final marking
[126.790s][info][gc,ergo     ] GC(144) Collectable Garbage: 975M (93%), Immediate: 975M (93%), CSet: 0B (0%)
[126.791s][info][gc          ] GC(144) Pause Final Mark (unload classes) 0.296ms
[126.791s][info][gc,start    ] GC(144) Concurrent weak references
[126.791s][info][gc,task     ] GC(144) Using 1 of 3 workers for concurrent weak references
[126.791s][info][gc,ref      ] GC(144) Encountered references: Soft: 144, Weak: 702, Final: 0, Phantom: 27
[126.791s][info][gc,ref      ] GC(144) Discovered  references: Soft: 89, Weak: 168, Final: 0, Phantom: 25
[126.791s][info][gc,ref      ] GC(144) Enqueued    references: Soft: 3, Weak: 0, Final: 0, Phantom: 0
[126.791s][info][gc          ] GC(144) Concurrent weak references 0.170ms
[126.791s][info][gc,start    ] GC(144) Concurrent weak roots
[126.791s][info][gc,task     ] GC(144) Using 1 of 3 workers for concurrent weak root
[126.791s][info][gc          ] GC(144) Concurrent weak roots 0.518ms
[126.791s][info][gc,start    ] GC(144) Concurrent cleanup
[126.791s][info][gc          ] GC(144) Concurrent cleanup 1051M->75M(8192M) 0.033ms
[126.791s][info][gc,ergo     ] GC(144) Free: 7704M, Max: 4096K regular, 6816M humongous, Frag: 12% external, 0% internal; Reserve: 412M, Max: 4096K
[126.791s][info][gc,start    ] GC(144) Concurrent class unloading
[126.791s][info][gc,task     ] GC(144) Using 1 of 3 workers for concurrent class unloading
[126.793s][info][gc          ] GC(144) Concurrent class unloading 2.077ms
[126.794s][info][gc,start    ] GC(144) Pause Final Roots
[126.794s][info][gc          ] GC(144) Pause Final Roots 0.021ms
[126.794s][info][gc,ergo     ] Free: 7704M, Max: 4096K regular, 6816M humongous, Frag: 12% external, 0% internal; Reserve: 412M, Max: 4096K
[126.794s][info][gc,stats    ] 
[126.794s][info][gc,stats    ] All times are wall-clock times, except per-root-class counters, that are sum over
[126.794s][info][gc,stats    ] all workers. Dividing the <total> over the root stage time estimates parallelism.
[126.794s][info][gc,stats    ] 
[126.794s][info][gc,stats    ] Concurrent Reset                   1057 us
[126.794s][info][gc,stats    ] Pause Init Mark (G)                 342 us
[126.794s][info][gc,stats    ] Pause Init Mark (N)                 202 us
[126.794s][info][gc,stats    ]   Update Region States               80 us
[126.794s][info][gc,stats    ] Concurrent Mark Roots               525 us, parallelism: 0.70x
[126.794s][info][gc,stats    ]   CMR: <total>                      365 us
[126.794s][info][gc,stats    ]   CMR: Thread Roots                 318 us, workers (us): 318, ---, ---, 
[126.794s][info][gc,stats    ]   CMR: VM Strong Roots                9 us, workers (us):   9, ---, ---, 
[126.794s][info][gc,stats    ]   CMR: CLDG Roots                    39 us, workers (us):  39, ---, ---, 
[126.794s][info][gc,stats    ] Concurrent Marking                 3934 us
[126.794s][info][gc,stats    ] Pause Final Mark (G)                431 us
[126.794s][info][gc,stats    ] Pause Final Mark (N)                318 us
[126.794s][info][gc,stats    ]   Finish Mark                        94 us
[126.794s][info][gc,stats    ]   Update Region States               48 us
[126.794s][info][gc,stats    ]   Choose Collection Set              55 us
[126.794s][info][gc,stats    ]   Rebuild Free Set                   21 us
[126.794s][info][gc,stats    ] Concurrent Weak References          178 us, parallelism: 0.04x
[126.794s][info][gc,stats    ]   CWRF: <total>                       8 us
[126.794s][info][gc,stats    ]   CWRF: Weak References               8 us, workers (us):   8, ---, ---, 
[126.794s][info][gc,stats    ] Concurrent Weak Roots               537 us
[126.794s][info][gc,stats    ]   Roots                             405 us, parallelism: 0.91x
[126.794s][info][gc,stats    ]     CWR: <total>                    367 us
[126.794s][info][gc,stats    ]     CWR: Code Cache Roots           301 us, workers (us): 301, ---, ---, 
[126.794s][info][gc,stats    ]     CWR: VM Weak Roots               62 us, workers (us):  62, ---, ---, 
[126.794s][info][gc,stats    ]     CWR: CLDG Roots                   4 us, workers (us):   4, ---, ---, 
[126.794s][info][gc,stats    ]   Rendezvous                         97 us
[126.794s][info][gc,stats    ] Concurrent Cleanup                   41 us
[126.794s][info][gc,stats    ] Concurrent Class Unloading         2136 us
[126.794s][info][gc,stats    ]   Unlink Stale                     1846 us
[126.794s][info][gc,stats    ]     System Dictionary                 2 us
[126.794s][info][gc,stats    ]     Weak Class Links                  1 us
[126.794s][info][gc,stats    ]     Code Roots                     1842 us
[126.794s][info][gc,stats    ]   Rendezvous                         51 us
[126.794s][info][gc,stats    ]   Purge Unlinked                    157 us
[126.794s][info][gc,stats    ]     Code Roots                      148 us
[126.794s][info][gc,stats    ]     CLDG                              8 us
[126.794s][info][gc,stats    ]     Exception Caches                  0 us
[126.794s][info][gc,stats    ] Pause Final Roots (G)                97 us
[126.794s][info][gc,stats    ] Pause Final Roots (N)                28 us
[126.794s][info][gc,stats    ] 
[126.794s][info][gc,stats    ] Allocation pacing accrued:
[126.794s][info][gc,stats    ]       0 of   712 ms (  0.0%): <total>
[126.794s][info][gc,stats    ]       0 of   712 ms (  0.0%): <average total>
[126.794s][info][gc,stats    ] 
[126.794s][info][gc,metaspace] Metaspace: 9001K(9216K)->9001K(9216K) NonClass: 7829K(7936K)->7830K(7936K) Class: 1171K(1280K)->1171K(1280K)
[126.794s][info][gc,ergo     ] Pacer for Idle. Initial: 163M, Alloc Tax Rate: 1.0x
[127.710s][info][gc          ] Trigger: Learning 2 of 5. Free (5708M) is below initial threshold (5734M)
[127.710s][info][gc,ergo     ] Free: 5708M, Max: 4096K regular, 5708M humongous, Frag: 0% external, 0% internal; Reserve: 412M, Max: 4096K
[127.710s][info][gc,start    ] GC(145) Concurrent reset
[127.710s][info][gc,task     ] GC(145) Using 1 of 3 workers for concurrent reset
[127.710s][info][gc,ergo     ] GC(145) Pacer for Reset. Non-Taxable: 8192M
[127.711s][info][gc          ] GC(145) Concurrent reset 0.651ms
[127.711s][info][gc,start    ] GC(145) Pause Init Mark (unload classes)
[127.711s][info][gc,task     ] GC(145) Using 3 of 3 workers for init marking
[127.711s][info][gc,ergo     ] GC(145) Pacer for Mark. Expected Live: 10744K, Free: 5704M, Non-Taxable: 570M, Alloc Tax Rate: 0.0x
[127.711s][info][gc          ] GC(145) Pause Init Mark (unload classes) 0.177ms
[127.711s][info][gc,start    ] GC(145) Concurrent marking roots
[127.711s][info][gc,task     ] GC(145) Using 1 of 3 workers for concurrent marking roots
[127.712s][info][gc          ] GC(145) Concurrent marking roots 0.741ms
[127.712s][info][gc,start    ] GC(145) Concurrent marking (unload classes)
[127.712s][info][gc,task     ] GC(145) Using 1 of 3 workers for concurrent marking
[127.725s][info][gc          ] GC(145) Concurrent marking (unload classes) 12.896ms
[127.725s][info][gc,start    ] GC(145) Pause Final Mark (unload classes)
[127.725s][info][gc,task     ] GC(145) Using 3 of 3 workers for final marking
[127.725s][info][gc,ergo     ] GC(145) Collectable Garbage: 1960M (94%), Immediate: 1960M (94%), CSet: 0B (0%)
[127.725s][info][gc          ] GC(145) Pause Final Mark (unload classes) 0.338ms
[127.725s][info][gc,start    ] GC(145) Concurrent weak references
[127.725s][info][gc,task     ] GC(145) Using 1 of 3 workers for concurrent weak references
[127.725s][info][gc,ref      ] GC(145) Encountered references: Soft: 144, Weak: 702, Final: 0, Phantom: 27
[127.725s][info][gc,ref      ] GC(145) Discovered  references: Soft: 0, Weak: 150, Final: 0, Phantom: 12
[127.725s][info][gc,ref      ] GC(145) Enqueued    references: Soft: 0, Weak: 0, Final: 0, Phantom: 0
[127.725s][info][gc          ] GC(145) Concurrent weak references 0.205ms
[127.725s][info][gc,start    ] GC(145) Concurrent weak roots
[127.725s][info][gc,task     ] GC(145) Using 1 of 3 workers for concurrent weak root
[127.726s][info][gc          ] GC(145) Concurrent weak roots 0.595ms
[127.726s][info][gc,start    ] GC(145) Concurrent cleanup
[127.726s][info][gc          ] GC(145) Concurrent cleanup 2107M->147M(8192M) 0.044ms
[127.726s][info][gc,ergo     ] GC(145) Free: 7632M, Max: 4096K regular, 5672M humongous, Frag: 26% external, 0% internal; Reserve: 412M, Max: 4096K
[127.726s][info][gc,start    ] GC(145) Concurrent class unloading
[127.726s][info][gc,task     ] GC(145) Using 1 of 3 workers for concurrent class unloading
[127.728s][info][gc          ] GC(145) Concurrent class unloading 2.185ms
[127.728s][info][gc,start    ] GC(145) Pause Final Roots
[127.728s][info][gc          ] GC(145) Pause Final Roots 0.022ms
[127.728s][info][gc,ergo     ] Free: 7628M, Max: 4096K regular, 5672M humongous, Frag: 26% external, 0% internal; Reserve: 412M, Max: 4096K
[127.729s][info][gc,stats    ] 
[127.729s][info][gc,stats    ] All times are wall-clock times, except per-root-class counters, that are sum over
[127.729s][info][gc,stats    ] all workers. Dividing the <total> over the root stage time estimates parallelism.
[127.729s][info][gc,stats    ] 
[127.729s][info][gc,stats    ] Concurrent Reset                    707 us
[127.729s][info][gc,stats    ] Pause Init Mark (G)                 337 us
[127.729s][info][gc,stats    ] Pause Init Mark (N)                 194 us
[127.729s][info][gc,stats    ]   Update Region States               75 us
[127.729s][info][gc,stats    ] Concurrent Mark Roots               765 us, parallelism: 0.84x
[127.729s][info][gc,stats    ]   CMR: <total>                      640 us
[127.729s][info][gc,stats    ]   CMR: Thread Roots                 570 us, workers (us): 570, ---, ---, 
[127.729s][info][gc,stats    ]   CMR: VM Strong Roots                6 us, workers (us):   6, ---, ---, 
[127.729s][info][gc,stats    ]   CMR: CLDG Roots                    64 us, workers (us):  64, ---, ---, 
[127.729s][info][gc,stats    ] Concurrent Marking                12956 us
[127.729s][info][gc,stats    ] Pause Final Mark (G)                514 us
[127.729s][info][gc,stats    ] Pause Final Mark (N)                357 us
[127.729s][info][gc,stats    ]   Finish Mark                       110 us
[127.729s][info][gc,stats    ]   Update Region States               67 us
[127.729s][info][gc,stats    ]   Choose Collection Set              81 us
[127.729s][info][gc,stats    ]   Rebuild Free Set                   16 us
[127.729s][info][gc,stats    ] Concurrent Weak References          222 us, parallelism: 0.02x
[127.729s][info][gc,stats    ]   CWRF: <total>                       5 us
[127.729s][info][gc,stats    ]   CWRF: Weak References               5 us, workers (us):   5, ---, ---, 
[127.729s][info][gc,stats    ] Concurrent Weak Roots               614 us
[127.729s][info][gc,stats    ]   Roots                             478 us, parallelism: 0.88x
[127.729s][info][gc,stats    ]     CWR: <total>                    421 us
[127.729s][info][gc,stats    ]     CWR: Code Cache Roots           349 us, workers (us): 349, ---, ---, 
[127.729s][info][gc,stats    ]     CWR: VM Weak Roots               66 us, workers (us):  66, ---, ---, 
[127.729s][info][gc,stats    ]     CWR: CLDG Roots                   5 us, workers (us):   5, ---, ---, 
[127.729s][info][gc,stats    ]   Rendezvous                         85 us
[127.729s][info][gc,stats    ] Concurrent Cleanup                   52 us
[127.729s][info][gc,stats    ] Concurrent Class Unloading         2237 us
[127.729s][info][gc,stats    ]   Unlink Stale                     1927 us
[127.729s][info][gc,stats    ]     System Dictionary                 3 us
[127.729s][info][gc,stats    ]     Weak Class Links                  0 us
[127.729s][info][gc,stats    ]     Code Roots                     1923 us
[127.729s][info][gc,stats    ]   Rendezvous                        123 us
[127.729s][info][gc,stats    ]   Purge Unlinked                    117 us
[127.729s][info][gc,stats    ]     Code Roots                      108 us
[127.729s][info][gc,stats    ]     CLDG                              8 us
[127.729s][info][gc,stats    ]     Exception Caches                  0 us
[127.729s][info][gc,stats    ] Pause Final Roots (G)               120 us
[127.729s][info][gc,stats    ] Pause Final Roots (N)                31 us
[127.729s][info][gc,stats    ] 
[127.729s][info][gc,stats    ] Allocation pacing accrued:
[127.729s][info][gc,stats    ]       0 of   935 ms (  0.0%): <total>
[127.729s][info][gc,stats    ]       0 of   935 ms (  0.0%): <average total>
[127.729s][info][gc,stats    ] 
[127.729s][info][gc,metaspace] Metaspace: 9002K(9216K)->9002K(9216K) NonClass: 7830K(7936K)->7830K(7936K) Class: 1171K(1280K)->1171K(1280K)
[127.729s][info][gc,ergo     ] Pacer for Idle. Initial: 163M, Alloc Tax Rate: 1.0x
[128.605s][info][gc          ] Trigger: Learning 3 of 5. Free (5716M) is below initial threshold (5734M)
[128.605s][info][gc,ergo     ] Free: 5716M, Max: 4096K regular, 5672M humongous, Frag: 1% external, 0% internal; Reserve: 412M, Max: 4096K
[128.605s][info][gc,start    ] GC(146) Concurrent reset
[128.605s][info][gc,task     ] GC(146) Using 1 of 3 workers for concurrent reset
[128.605s][info][gc,ergo     ] GC(146) Pacer for Reset. Non-Taxable: 8192M
[128.606s][info][gc          ] GC(146) Concurrent reset 0.652ms
[128.606s][info][gc,start    ] GC(146) Pause Init Mark (unload classes)
[128.606s][info][gc,task     ] GC(146) Using 3 of 3 workers for init marking
[128.606s][info][gc,ergo     ] GC(146) Pacer for Mark. Expected Live: 12043K, Free: 5716M, Non-Taxable: 571M, Alloc Tax Rate: 0.0x
[128.606s][info][gc          ] GC(146) Pause Init Mark (unload classes) 0.192ms
[128.606s][info][gc,start    ] GC(146) Concurrent marking roots
[128.606s][info][gc,task     ] GC(146) Using 1 of 3 workers for concurrent marking roots
[128.607s][info][gc          ] GC(146) Concurrent marking roots 0.471ms
[128.607s][info][gc,start    ] GC(146) Concurrent marking (unload classes)
[128.607s][info][gc,task     ] GC(146) Using 1 of 3 workers for concurrent marking
[128.628s][info][gc          ] GC(146) Concurrent marking (unload classes) 21.555ms
[128.628s][info][gc,start    ] GC(146) Pause Final Mark (unload classes)
[128.628s][info][gc,task     ] GC(146) Using 3 of 3 workers for final marking
[128.628s][info][gc,ergo     ] GC(146) Collectable Garbage: 1931M (94%), Immediate: 1931M (94%), CSet: 0B (0%)
[128.628s][info][gc          ] GC(146) Pause Final Mark (unload classes) 0.216ms
[128.628s][info][gc,start    ] GC(146) Concurrent weak references
[128.628s][info][gc,task     ] GC(146) Using 1 of 3 workers for concurrent weak references
[128.629s][info][gc,ref      ] GC(146) Encountered references: Soft: 144, Weak: 702, Final: 0, Phantom: 27
[128.629s][info][gc,ref      ] GC(146) Discovered  references: Soft: 0, Weak: 150, Final: 0, Phantom: 25
[128.629s][info][gc,ref      ] GC(146) Enqueued    references: Soft: 0, Weak: 0, Final: 0, Phantom: 0
[128.629s][info][gc          ] GC(146) Concurrent weak references 0.089ms
[128.629s][info][gc,start    ] GC(146) Concurrent weak roots
[128.629s][info][gc,task     ] GC(146) Using 1 of 3 workers for concurrent weak root
[128.629s][info][gc          ] GC(146) Concurrent weak roots 0.561ms
[128.629s][info][gc,start    ] GC(146) Concurrent cleanup
[128.629s][info][gc          ] GC(146) Concurrent cleanup 2111M->179M(8192M) 0.048ms
[128.629s][info][gc,ergo     ] GC(146) Free: 7600M, Max: 4096K regular, 5668M humongous, Frag: 26% external, 0% internal; Reserve: 412M, Max: 4096K
[128.629s][info][gc,start    ] GC(146) Concurrent class unloading
[128.629s][info][gc,task     ] GC(146) Using 1 of 3 workers for concurrent class unloading
[128.631s][info][gc          ] GC(146) Concurrent class unloading 2.089ms
[128.631s][info][gc,start    ] GC(146) Pause Final Roots
[128.632s][info][gc          ] GC(146) Pause Final Roots 0.056ms
[128.632s][info][gc,ergo     ] Free: 7596M, Max: 4096K regular, 5668M humongous, Frag: 26% external, 0% internal; Reserve: 412M, Max: 4096K
[128.632s][info][gc,stats    ] 
[128.632s][info][gc,stats    ] All times are wall-clock times, except per-root-class counters, that are sum over
[128.632s][info][gc,stats    ] all workers. Dividing the <total> over the root stage time estimates parallelism.
[128.632s][info][gc,stats    ] 
[128.632s][info][gc,stats    ] Concurrent Reset                    732 us
[128.632s][info][gc,stats    ] Pause Init Mark (G)                 413 us
[128.632s][info][gc,stats    ] Pause Init Mark (N)                 213 us
[128.632s][info][gc,stats    ]   Update Region States               80 us
[128.632s][info][gc,stats    ] Concurrent Mark Roots               489 us, parallelism: 0.75x
[128.632s][info][gc,stats    ]   CMR: <total>                      365 us
[128.632s][info][gc,stats    ]   CMR: Thread Roots                 320 us, workers (us): 320, ---, ---, 
[128.632s][info][gc,stats    ]   CMR: VM Strong Roots                5 us, workers (us):   5, ---, ---, 
[128.632s][info][gc,stats    ]   CMR: CLDG Roots                    40 us, workers (us):  40, ---, ---, 
[128.632s][info][gc,stats    ] Concurrent Marking                21607 us
[128.632s][info][gc,stats    ] Pause Final Mark (G)                311 us
[128.632s][info][gc,stats    ] Pause Final Mark (N)                226 us
[128.632s][info][gc,stats    ]   Finish Mark                        59 us
[128.632s][info][gc,stats    ]   Update Region States               54 us
[128.632s][info][gc,stats    ]   Choose Collection Set              42 us
[128.632s][info][gc,stats    ]   Rebuild Free Set                    8 us
[128.632s][info][gc,stats    ] Concurrent Weak References           97 us, parallelism: 0.06x
[128.632s][info][gc,stats    ]   CWRF: <total>                       5 us
[128.632s][info][gc,stats    ]   CWRF: Weak References               5 us, workers (us):   5, ---, ---, 
[128.632s][info][gc,stats    ] Concurrent Weak Roots               584 us
[128.632s][info][gc,stats    ]   Roots                             485 us, parallelism: 0.92x
[128.632s][info][gc,stats    ]     CWR: <total>                    448 us
[128.632s][info][gc,stats    ]     CWR: Code Cache Roots           374 us, workers (us): 374, ---, ---, 
[128.632s][info][gc,stats    ]     CWR: VM Weak Roots               68 us, workers (us):  68, ---, ---, 
[128.632s][info][gc,stats    ]     CWR: CLDG Roots                   6 us, workers (us):   6, ---, ---, 
[128.632s][info][gc,stats    ]   Rendezvous                         61 us
[128.632s][info][gc,stats    ] Concurrent Cleanup                   56 us
[128.632s][info][gc,stats    ] Concurrent Class Unloading         2152 us
[128.632s][info][gc,stats    ]   Unlink Stale                     1879 us
[128.632s][info][gc,stats    ]     System Dictionary                 5 us
[128.632s][info][gc,stats    ]     Weak Class Links                  0 us
[128.632s][info][gc,stats    ]     Code Roots                     1872 us
[128.632s][info][gc,stats    ]   Rendezvous                         64 us
[128.632s][info][gc,stats    ]   Purge Unlinked                    124 us
[128.632s][info][gc,stats    ]     Code Roots                      115 us
[128.632s][info][gc,stats    ]     CLDG                              8 us
[128.632s][info][gc,stats    ]     Exception Caches                  0 us
[128.632s][info][gc,stats    ] Pause Final Roots (G)               211 us
[128.632s][info][gc,stats    ] Pause Final Roots (N)                74 us
[128.632s][info][gc,stats    ] 
[128.632s][info][gc,stats    ] Allocation pacing accrued:
[128.632s][info][gc,stats    ]       0 of   903 ms (  0.0%): <total>
[128.632s][info][gc,stats    ]       0 of   903 ms (  0.0%): <average total>
[128.632s][info][gc,stats    ] 
[128.632s][info][gc,metaspace] Metaspace: 9002K(9216K)->9002K(9216K) NonClass: 7830K(7936K)->7830K(7936K) Class: 1171K(1280K)->1171K(1280K)
[128.632s][info][gc,ergo     ] Pacer for Idle. Initial: 163M, Alloc Tax Rate: 1.0x
[129.533s][info][gc          ] Trigger: Learning 4 of 5. Free (5720M) is below initial threshold (5734M)
[129.533s][info][gc,ergo     ] Free: 5720M, Max: 4096K regular, 5668M humongous, Frag: 1% external, 0% internal; Reserve: 412M, Max: 4096K
[129.534s][info][gc,start    ] GC(147) Concurrent reset
[129.534s][info][gc,task     ] GC(147) Using 1 of 3 workers for concurrent reset
[129.534s][info][gc,ergo     ] GC(147) Pacer for Reset. Non-Taxable: 8192M
[129.534s][info][gc          ] GC(147) Concurrent reset 0.785ms
[129.534s][info][gc,start    ] GC(147) Pause Init Mark (unload classes)
[129.535s][info][gc,task     ] GC(147) Using 3 of 3 workers for init marking
[129.535s][info][gc,ergo     ] GC(147) Pacer for Mark. Expected Live: 13255K, Free: 5720M, Non-Taxable: 572M, Alloc Tax Rate: 0.0x
[129.535s][info][gc          ] GC(147) Pause Init Mark (unload classes) 0.180ms
[129.535s][info][gc,start    ] GC(147) Concurrent marking roots
[129.535s][info][gc,task     ] GC(147) Using 1 of 3 workers for concurrent marking roots
[129.535s][info][gc          ] GC(147) Concurrent marking roots 0.528ms
[129.535s][info][gc,start    ] GC(147) Concurrent marking (unload classes)
[129.535s][info][gc,task     ] GC(147) Using 1 of 3 workers for concurrent marking
[129.565s][info][gc          ] GC(147) Concurrent marking (unload classes) 29.835ms
[129.565s][info][gc,start    ] GC(147) Pause Final Mark (unload classes)
[129.565s][info][gc,task     ] GC(147) Using 3 of 3 workers for final marking
[129.566s][info][gc,ergo     ] GC(147) Collectable Garbage: 1939M (95%), Immediate: 1939M (95%), CSet: 0B (0%)
[129.566s][info][gc          ] GC(147) Pause Final Mark (unload classes) 0.342ms
[129.566s][info][gc,start    ] GC(147) Concurrent weak references
[129.566s][info][gc,task     ] GC(147) Using 1 of 3 workers for concurrent weak references
[129.566s][info][gc,ref      ] GC(147) Encountered references: Soft: 144, Weak: 702, Final: 0, Phantom: 27
[129.566s][info][gc,ref      ] GC(147) Discovered  references: Soft: 0, Weak: 150, Final: 0, Phantom: 12
[129.566s][info][gc,ref      ] GC(147) Enqueued    references: Soft: 0, Weak: 0, Final: 0, Phantom: 0
[129.566s][info][gc          ] GC(147) Concurrent weak references 0.220ms
[129.566s][info][gc,start    ] GC(147) Concurrent weak roots
[129.566s][info][gc,task     ] GC(147) Using 1 of 3 workers for concurrent weak root
[129.567s][info][gc          ] GC(147) Concurrent weak roots 0.736ms
[129.567s][info][gc,start    ] GC(147) Concurrent cleanup
[129.567s][info][gc          ] GC(147) Concurrent cleanup 2119M->179M(8192M) 0.042ms
[129.567s][info][gc,ergo     ] GC(147) Free: 7600M, Max: 4096K regular, 5660M humongous, Frag: 26% external, 0% internal; Reserve: 412M, Max: 4096K
[129.567s][info][gc,start    ] GC(147) Concurrent class unloading
[129.567s][info][gc,task     ] GC(147) Using 1 of 3 workers for concurrent class unloading
[129.569s][info][gc          ] GC(147) Concurrent class unloading 2.387ms
[129.569s][info][gc,start    ] GC(147) Pause Final Roots
[129.569s][info][gc          ] GC(147) Pause Final Roots 0.041ms
[129.569s][info][gc,ergo     ] Free: 7592M, Max: 4096K regular, 5660M humongous, Frag: 26% external, 0% internal; Reserve: 412M, Max: 4096K
[129.570s][info][gc,stats    ] 
[129.570s][info][gc,stats    ] All times are wall-clock times, except per-root-class counters, that are sum over
[129.570s][info][gc,stats    ] all workers. Dividing the <total> over the root stage time estimates parallelism.
[129.570s][info][gc,stats    ] 
[129.570s][info][gc,stats    ] Concurrent Reset                    833 us
[129.570s][info][gc,stats    ] Pause Init Mark (G)                 370 us
[129.570s][info][gc,stats    ] Pause Init Mark (N)                 197 us
[129.570s][info][gc,stats    ]   Update Region States               75 us
[129.570s][info][gc,stats    ] Concurrent Mark Roots               546 us, parallelism: 0.78x
[129.570s][info][gc,stats    ]   CMR: <total>                      427 us
[129.570s][info][gc,stats    ]   CMR: Thread Roots                 358 us, workers (us): 358, ---, ---, 
[129.570s][info][gc,stats    ]   CMR: VM Strong Roots                7 us, workers (us):   7, ---, ---, 
[129.570s][info][gc,stats    ]   CMR: CLDG Roots                    62 us, workers (us):  62, ---, ---, 
[129.570s][info][gc,stats    ] Concurrent Marking                29911 us
[129.570s][info][gc,stats    ] Pause Final Mark (G)                541 us
[129.570s][info][gc,stats    ] Pause Final Mark (N)                362 us
[129.570s][info][gc,stats    ]   Finish Mark                       101 us
[129.570s][info][gc,stats    ]   Update Region States               89 us
[129.570s][info][gc,stats    ]   Choose Collection Set              62 us
[129.570s][info][gc,stats    ]   Rebuild Free Set                   16 us
[129.570s][info][gc,stats    ] Concurrent Weak References          237 us, parallelism: 0.02x
[129.570s][info][gc,stats    ]   CWRF: <total>                       4 us
[129.570s][info][gc,stats    ]   CWRF: Weak References               4 us, workers (us):   4, ---, ---, 
[129.570s][info][gc,stats    ] Concurrent Weak Roots               756 us
[129.570s][info][gc,stats    ]   Roots                             621 us, parallelism: 0.88x
[129.570s][info][gc,stats    ]     CWR: <total>                    546 us
[129.570s][info][gc,stats    ]     CWR: Code Cache Roots           424 us, workers (us): 424, ---, ---, 
[129.570s][info][gc,stats    ]     CWR: VM Weak Roots              116 us, workers (us): 116, ---, ---, 
[129.570s][info][gc,stats    ]     CWR: CLDG Roots                   6 us, workers (us):   6, ---, ---, 
[129.570s][info][gc,stats    ]   Rendezvous                         83 us
[129.570s][info][gc,stats    ] Concurrent Cleanup                   50 us
[129.570s][info][gc,stats    ] Concurrent Class Unloading         2436 us
[129.570s][info][gc,stats    ]   Unlink Stale                     2123 us
[129.570s][info][gc,stats    ]     System Dictionary                 3 us
[129.570s][info][gc,stats    ]     Weak Class Links                  0 us
[129.570s][info][gc,stats    ]     Code Roots                     2119 us
[129.570s][info][gc,stats    ]   Rendezvous                        104 us
[129.570s][info][gc,stats    ]   Purge Unlinked                    142 us
[129.570s][info][gc,stats    ]     Code Roots                      133 us
[129.570s][info][gc,stats    ]     CLDG                              8 us
[129.570s][info][gc,stats    ]     Exception Caches                  0 us
[129.570s][info][gc,stats    ] Pause Final Roots (G)               185 us
[129.570s][info][gc,stats    ] Pause Final Roots (N)                58 us
[129.570s][info][gc,stats    ] 
[129.570s][info][gc,stats    ] Allocation pacing accrued:
[129.570s][info][gc,stats    ]       0 of   938 ms (  0.0%): <total>
[129.570s][info][gc,stats    ]       0 of   938 ms (  0.0%): <average total>
[129.570s][info][gc,stats    ] 
[129.570s][info][gc,metaspace] Metaspace: 9002K(9216K)->9002K(9216K) NonClass: 7830K(7936K)->7830K(7936K) Class: 1171K(1280K)->1171K(1280K)
[129.570s][info][gc,ergo     ] Pacer for Idle. Initial: 163M, Alloc Tax Rate: 1.0x
[130.272s][info][gc          ] Trigger: Explicit GC request (System.gc())
[130.272s][info][gc,ergo     ] Free: 6724M, Max: 4096K regular, 5660M humongous, Frag: 16% external, 0% internal; Reserve: 412M, Max: 4096K
[130.272s][info][gc,start    ] GC(148) Concurrent reset
[130.272s][info][gc,task     ] GC(148) Using 1 of 3 workers for concurrent reset
[130.272s][info][gc,ergo     ] GC(148) Pacer for Reset. Non-Taxable: 8192M
[130.273s][info][gc          ] GC(148) Concurrent reset 0.859ms
[130.273s][info][gc,start    ] GC(148) Pause Init Mark (unload classes)
[130.273s][info][gc,task     ] GC(148) Using 3 of 3 workers for init marking
[130.273s][info][gc,ref      ] GC(148) Clearing All SoftReferences
[130.273s][info][gc,ergo     ] GC(148) Pacer for Mark. Expected Live: 14540K, Free: 6724M, Non-Taxable: 672M, Alloc Tax Rate: 0.0x
[130.273s][info][gc          ] GC(148) Pause Init Mark (unload classes) 0.175ms
[130.274s][info][gc,start    ] GC(148) Concurrent marking roots
[130.274s][info][gc,task     ] GC(148) Using 1 of 3 workers for concurrent marking roots
[130.274s][info][gc          ] GC(148) Concurrent marking roots 0.490ms
[130.274s][info][gc,start    ] GC(148) Concurrent marking (unload classes)
[130.274s][info][gc,task     ] GC(148) Using 1 of 3 workers for concurrent marking
[130.278s][info][gc          ] GC(148) Concurrent marking (unload classes) 3.635ms
[130.278s][info][gc,start    ] GC(148) Pause Final Mark (unload classes)
[130.278s][info][gc,task     ] GC(148) Using 3 of 3 workers for final marking
[130.278s][info][gc,ergo     ] GC(148) Collectable Garbage: 979M (93%), Immediate: 979M (93%), CSet: 0B (0%)
[130.278s][info][gc          ] GC(148) Pause Final Mark (unload classes) 0.386ms
[130.278s][info][gc,start    ] GC(148) Concurrent weak references
[130.278s][info][gc,task     ] GC(148) Using 1 of 3 workers for concurrent weak references
[130.278s][info][gc,ref      ] GC(148) Encountered references: Soft: 144, Weak: 702, Final: 0, Phantom: 27
[130.278s][info][gc,ref      ] GC(148) Discovered  references: Soft: 89, Weak: 168, Final: 0, Phantom: 25
[130.278s][info][gc,ref      ] GC(148) Enqueued    references: Soft: 3, Weak: 0, Final: 0, Phantom: 0
[130.278s][info][gc          ] GC(148) Concurrent weak references 0.180ms
[130.278s][info][gc,start    ] GC(148) Concurrent weak roots
[130.279s][info][gc,task     ] GC(148) Using 1 of 3 workers for concurrent weak root
[130.279s][info][gc          ] GC(148) Concurrent weak roots 0.695ms
[130.279s][info][gc,start    ] GC(148) Concurrent cleanup
[130.279s][info][gc          ] GC(148) Concurrent cleanup 1055M->75M(8192M) 0.031ms
[130.279s][info][gc,ergo     ] GC(148) Free: 7704M, Max: 4096K regular, 6816M humongous, Frag: 12% external, 0% internal; Reserve: 412M, Max: 4096K
[130.279s][info][gc,start    ] GC(148) Concurrent class unloading
[130.279s][info][gc,task     ] GC(148) Using 1 of 3 workers for concurrent class unloading
[130.282s][info][gc          ] GC(148) Concurrent class unloading 2.231ms
[130.282s][info][gc,start    ] GC(148) Pause Final Roots
[130.282s][info][gc          ] GC(148) Pause Final Roots 0.021ms
[130.282s][info][gc,ergo     ] Free: 7704M, Max: 4096K regular, 6816M humongous, Frag: 12% external, 0% internal; Reserve: 412M, Max: 4096K
[130.282s][info][gc,stats    ] 
[130.282s][info][gc,stats    ] All times are wall-clock times, except per-root-class counters, that are sum over
[130.282s][info][gc,stats    ] all workers. Dividing the <total> over the root stage time estimates parallelism.
[130.282s][info][gc,stats    ] 
[130.282s][info][gc,stats    ] Concurrent Reset                    954 us
[130.282s][info][gc,stats    ] Pause Init Mark (G)                 429 us
[130.282s][info][gc,stats    ] Pause Init Mark (N)                 185 us
[130.282s][info][gc,stats    ]   Update Region States               76 us
[130.282s][info][gc,stats    ] Concurrent Mark Roots               508 us, parallelism: 0.74x
[130.282s][info][gc,stats    ]   CMR: <total>                      375 us
[130.282s][info][gc,stats    ]   CMR: Thread Roots                 318 us, workers (us): 318, ---, ---, 
[130.282s][info][gc,stats    ]   CMR: VM Strong Roots                9 us, workers (us):   9, ---, ---, 
[130.282s][info][gc,stats    ]   CMR: CLDG Roots                    48 us, workers (us):  48, ---, ---, 
[130.282s][info][gc,stats    ] Concurrent Marking                 3701 us
[130.282s][info][gc,stats    ] Pause Final Mark (G)                536 us
[130.282s][info][gc,stats    ] Pause Final Mark (N)                410 us
[130.282s][info][gc,stats    ]   Finish Mark                       128 us
[130.282s][info][gc,stats    ]   Update Region States               75 us
[130.282s][info][gc,stats    ]   Choose Collection Set              77 us
[130.282s][info][gc,stats    ]   Rebuild Free Set                   22 us
[130.282s][info][gc,stats    ] Concurrent Weak References          196 us, parallelism: 0.08x
[130.282s][info][gc,stats    ]   CWRF: <total>                      15 us
[130.282s][info][gc,stats    ]   CWRF: Weak References              15 us, workers (us):  15, ---, ---, 
[130.282s][info][gc,stats    ] Concurrent Weak Roots               714 us
[130.282s][info][gc,stats    ]   Roots                             574 us, parallelism: 0.91x
[130.282s][info][gc,stats    ]     CWR: <total>                    521 us
[130.282s][info][gc,stats    ]     CWR: Code Cache Roots           441 us, workers (us): 441, ---, ---, 
[130.282s][info][gc,stats    ]     CWR: VM Weak Roots               73 us, workers (us):  73, ---, ---, 
[130.282s][info][gc,stats    ]     CWR: CLDG Roots                   7 us, workers (us):   7, ---, ---, 
[130.282s][info][gc,stats    ]   Rendezvous                         81 us
[130.282s][info][gc,stats    ] Concurrent Cleanup                   39 us
[130.282s][info][gc,stats    ] Concurrent Class Unloading         2281 us
[130.282s][info][gc,stats    ]   Unlink Stale                     2048 us
[130.282s][info][gc,stats    ]     System Dictionary                 2 us
[130.282s][info][gc,stats    ]     Weak Class Links                  0 us
[130.282s][info][gc,stats    ]     Code Roots                     2044 us
[130.282s][info][gc,stats    ]   Rendezvous                         52 us
[130.282s][info][gc,stats    ]   Purge Unlinked                    112 us
[130.282s][info][gc,stats    ]     Code Roots                      103 us
[130.282s][info][gc,stats    ]     CLDG                              8 us
[130.282s][info][gc,stats    ]     Exception Caches                  0 us
[130.282s][info][gc,stats    ] Pause Final Roots (G)               101 us
[130.282s][info][gc,stats    ] Pause Final Roots (N)                30 us
[130.282s][info][gc,stats    ] 
[130.282s][info][gc,stats    ] Allocation pacing accrued:
[130.282s][info][gc,stats    ]       0 of   712 ms (  0.0%): <total>
[130.282s][info][gc,stats    ]       0 of   712 ms (  0.0%): <average total>
[130.282s][info][gc,stats    ] 
[130.282s][info][gc,metaspace] Metaspace: 9002K(9216K)->9002K(9216K) NonClass: 7830K(7936K)->7830K(7936K) Class: 1171K(1280K)->1171K(1280K)
[130.282s][info][gc,ergo     ] Pacer for Idle. Initial: 163M, Alloc Tax Rate: 1.0x
[131.198s][info][gc          ] Trigger: Learning 2 of 5. Free (5708M) is below initial threshold (5734M)
[131.198s][info][gc,ergo     ] Free: 5704M, Max: 4096K regular, 5704M humongous, Frag: 0% external, 0% internal; Reserve: 412M, Max: 4096K
[131.198s][info][gc,start    ] GC(149) Concurrent reset
[131.198s][info][gc,task     ] GC(149) Using 1 of 3 workers for concurrent reset
[131.198s][info][gc,ergo     ] GC(149) Pacer for Reset. Non-Taxable: 8192M
[131.198s][info][gc          ] GC(149) Concurrent reset 0.454ms
[131.199s][info][gc,start    ] GC(149) Pause Init Mark (unload classes)
[131.199s][info][gc,task     ] GC(149) Using 3 of 3 workers for init marking
[131.199s][info][gc,ergo     ] GC(149) Pacer for Mark. Expected Live: 10711K, Free: 5704M, Non-Taxable: 570M, Alloc Tax Rate: 0.0x
[131.199s][info][gc          ] GC(149) Pause Init Mark (unload classes) 0.137ms
[131.199s][info][gc,start    ] GC(149) Concurrent marking roots
[131.199s][info][gc,task     ] GC(149) Using 1 of 3 workers for concurrent marking roots
[131.199s][info][gc          ] GC(149) Concurrent marking roots 0.412ms
[131.199s][info][gc,start    ] GC(149) Concurrent marking (unload classes)
[131.199s][info][gc,task     ] GC(149) Using 1 of 3 workers for concurrent marking
[131.212s][info][gc          ] GC(149) Concurrent marking (unload classes) 12.750ms
[131.212s][info][gc,start    ] GC(149) Pause Final Mark (unload classes)
[131.212s][info][gc,task     ] GC(149) Using 3 of 3 workers for final marking
[131.212s][info][gc,ergo     ] GC(149) Collectable Garbage: 1960M (94%), Immediate: 1960M (94%), CSet: 0B (0%)
[131.212s][info][gc          ] GC(149) Pause Final Mark (unload classes) 0.294ms
[131.212s][info][gc,start    ] GC(149) Concurrent weak references
[131.213s][info][gc,task     ] GC(149) Using 1 of 3 workers for concurrent weak references
[131.213s][info][gc,ref      ] GC(149) Encountered references: Soft: 144, Weak: 702, Final: 0, Phantom: 27
[131.213s][info][gc,ref      ] GC(149) Discovered  references: Soft: 0, Weak: 150, Final: 0, Phantom: 12
[131.213s][info][gc,ref      ] GC(149) Enqueued    references: Soft: 0, Weak: 0, Final: 0, Phantom: 0
[131.213s][info][gc          ] GC(149) Concurrent weak references 0.142ms
[131.213s][info][gc,start    ] GC(149) Concurrent weak roots
[131.213s][info][gc,task     ] GC(149) Using 1 of 3 workers for concurrent weak root
[131.213s][info][gc          ] GC(149) Concurrent weak roots 0.668ms
[131.213s][info][gc,start    ] GC(149) Concurrent cleanup
[131.213s][info][gc          ] GC(149) Concurrent cleanup 2107M->147M(8192M) 0.046ms
[131.213s][info][gc,ergo     ] GC(149) Free: 7632M, Max: 4096K regular, 5672M humongous, Frag: 26% external, 0% internal; Reserve: 412M, Max: 4096K
[131.213s][info][gc,start    ] GC(149) Concurrent class unloading
[131.213s][info][gc,task     ] GC(149) Using 1 of 3 workers for concurrent class unloading
[131.216s][info][gc          ] GC(149) Concurrent class unloading 2.367ms
[131.216s][info][gc,start    ] GC(149) Pause Final Roots
[131.216s][info][gc          ] GC(149) Pause Final Roots 0.025ms
[131.216s][info][gc,ergo     ] Free: 7628M, Max: 4096K regular, 5672M humongous, Frag: 26% external, 0% internal; Reserve: 412M, Max: 4096K
[131.216s][info][gc,stats    ] 
[131.216s][info][gc,stats    ] All times are wall-clock times, except per-root-class counters, that are sum over
[131.216s][info][gc,stats    ] all workers. Dividing the <total> over the root stage time estimates parallelism.
[131.216s][info][gc,stats    ] 
[131.216s][info][gc,stats    ] Concurrent Reset                    496 us
[131.216s][info][gc,stats    ] Pause Init Mark (G)                 290 us
[131.216s][info][gc,stats    ] Pause Init Mark (N)                 153 us
[131.216s][info][gc,stats    ]   Update Region States               52 us
[131.216s][info][gc,stats    ] Concurrent Mark Roots               429 us, parallelism: 0.79x
[131.216s][info][gc,stats    ]   CMR: <total>                      341 us
[131.216s][info][gc,stats    ]   CMR: Thread Roots                 299 us, workers (us): 299, ---, ---, 
[131.216s][info][gc,stats    ]   CMR: VM Strong Roots                6 us, workers (us):   6, ---, ---, 
[131.216s][info][gc,stats    ]   CMR: CLDG Roots                    36 us, workers (us):  36, ---, ---, 
[131.216s][info][gc,stats    ] Concurrent Marking                12819 us
[131.216s][info][gc,stats    ] Pause Final Mark (G)                423 us
[131.216s][info][gc,stats    ] Pause Final Mark (N)                313 us
[131.216s][info][gc,stats    ]   Finish Mark                        96 us
[131.216s][info][gc,stats    ]   Update Region States               55 us
[131.216s][info][gc,stats    ]   Choose Collection Set              61 us
[131.216s][info][gc,stats    ]   Rebuild Free Set                   16 us
[131.216s][info][gc,stats    ] Concurrent Weak References          149 us, parallelism: 0.03x
[131.216s][info][gc,stats    ]   CWRF: <total>                       4 us
[131.216s][info][gc,stats    ]   CWRF: Weak References               4 us, workers (us):   4, ---, ---, 
[131.216s][info][gc,stats    ] Concurrent Weak Roots               692 us
[131.216s][info][gc,stats    ]   Roots                             612 us, parallelism: 0.96x
[131.216s][info][gc,stats    ]     CWR: <total>                    590 us
[131.216s][info][gc,stats    ]     CWR: Code Cache Roots           468 us, workers (us): 468, ---, ---, 
[131.216s][info][gc,stats    ]     CWR: VM Weak Roots              116 us, workers (us): 116, ---, ---, 
[131.216s][info][gc,stats    ]     CWR: CLDG Roots                   6 us, workers (us):   6, ---, ---, 
[131.216s][info][gc,stats    ]   Rendezvous                         39 us
[131.216s][info][gc,stats    ] Concurrent Cleanup                   54 us
[131.216s][info][gc,stats    ] Concurrent Class Unloading         2418 us
[131.216s][info][gc,stats    ]   Unlink Stale                     2142 us
[131.216s][info][gc,stats    ]     System Dictionary                 3 us
[131.216s][info][gc,stats    ]     Weak Class Links                  0 us
[131.216s][info][gc,stats    ]     Code Roots                     2137 us
[131.216s][info][gc,stats    ]   Rendezvous                         55 us
[131.216s][info][gc,stats    ]   Purge Unlinked                    152 us
[131.216s][info][gc,stats    ]     Code Roots                      140 us
[131.216s][info][gc,stats    ]     CLDG                             11 us
[131.216s][info][gc,stats    ]     Exception Caches                  0 us
[131.216s][info][gc,stats    ] Pause Final Roots (G)               129 us
[131.216s][info][gc,stats    ] Pause Final Roots (N)                33 us
[131.216s][info][gc,stats    ] 
[131.216s][info][gc,stats    ] Allocation pacing accrued:
[131.216s][info][gc,stats    ]       0 of   934 ms (  0.0%): <total>
[131.216s][info][gc,stats    ]       0 of   934 ms (  0.0%): <average total>
[131.216s][info][gc,stats    ] 
[131.216s][info][gc,metaspace] Metaspace: 9005K(9216K)->9005K(9216K) NonClass: 7833K(7936K)->7833K(7936K) Class: 1171K(1280K)->1171K(1280K)
[131.216s][info][gc,ergo     ] Pacer for Idle. Initial: 163M, Alloc Tax Rate: 1.0x
[132.093s][info][gc          ] Trigger: Learning 3 of 5. Free (5716M) is below initial threshold (5734M)
[132.093s][info][gc,ergo     ] Free: 5716M, Max: 4096K regular, 5672M humongous, Frag: 1% external, 0% internal; Reserve: 412M, Max: 4096K
[132.093s][info][gc,start    ] GC(150) Concurrent reset
[132.093s][info][gc,task     ] GC(150) Using 1 of 3 workers for concurrent reset
[132.093s][info][gc,ergo     ] GC(150) Pacer for Reset. Non-Taxable: 8192M
[132.094s][info][gc          ] GC(150) Concurrent reset 0.827ms
[132.094s][info][gc,start    ] GC(150) Pause Init Mark (unload classes)
[132.094s][info][gc,task     ] GC(150) Using 3 of 3 workers for init marking
[132.095s][info][gc,ergo     ] GC(150) Pacer for Mark. Expected Live: 12012K, Free: 5716M, Non-Taxable: 571M, Alloc Tax Rate: 0.0x
[132.095s][info][gc          ] GC(150) Pause Init Mark (unload classes) 0.222ms
[132.095s][info][gc,start    ] GC(150) Concurrent marking roots
[132.095s][info][gc,task     ] GC(150) Using 1 of 3 workers for concurrent marking roots
[132.095s][info][gc          ] GC(150) Concurrent marking roots 0.624ms
[132.095s][info][gc,start    ] GC(150) Concurrent marking (unload classes)
[132.095s][info][gc,task     ] GC(150) Using 1 of 3 workers for concurrent marking
[132.117s][info][gc          ] GC(150) Concurrent marking (unload classes) 21.344ms
[132.117s][info][gc,start    ] GC(150) Pause Final Mark (unload classes)
[132.117s][info][gc,task     ] GC(150) Using 3 of 3 workers for final marking
[132.117s][info][gc,ergo     ] GC(150) Collectable Garbage: 1924M (93%), Immediate: 1924M (93%), CSet: 0B (0%)
[132.117s][info][gc          ] GC(150) Pause Final Mark (unload classes) 0.343ms
[132.117s][info][gc,start    ] GC(150) Concurrent weak references
[132.117s][info][gc,task     ] GC(150) Using 1 of 3 workers for concurrent weak references
[132.117s][info][gc,ref      ] GC(150) Encountered references: Soft: 144, Weak: 702, Final: 0, Phantom: 27
[132.117s][info][gc,ref      ] GC(150) Discovered  references: Soft: 0, Weak: 150, Final: 0, Phantom: 12
[132.117s][info][gc,ref      ] GC(150) Enqueued    references: Soft: 0, Weak: 0, Final: 0, Phantom: 0
[132.117s][info][gc          ] GC(150) Concurrent weak references 0.114ms
[132.117s][info][gc,start    ] GC(150) Concurrent weak roots
[132.117s][info][gc,task     ] GC(150) Using 1 of 3 workers for concurrent weak root
[132.118s][info][gc          ] GC(150) Concurrent weak roots 0.564ms
[132.118s][info][gc,start    ] GC(150) Concurrent cleanup
[132.118s][info][gc          ] GC(150) Concurrent cleanup 2111M->187M(8192M) 0.045ms
[132.118s][info][gc,ergo     ] GC(150) Free: 7592M, Max: 4096K regular, 5668M humongous, Frag: 26% external, 0% internal; Reserve: 412M, Max: 4096K
[132.118s][info][gc,start    ] GC(150) Concurrent class unloading
[132.118s][info][gc,task     ] GC(150) Using 1 of 3 workers for concurrent class unloading
[132.120s][info][gc          ] GC(150) Concurrent class unloading 1.956ms
[132.120s][info][gc,start    ] GC(150) Pause Final Roots
[132.120s][info][gc          ] GC(150) Pause Final Roots 0.039ms
[132.120s][info][gc,ergo     ] Free: 7584M, Max: 4096K regular, 5668M humongous, Frag: 26% external, 0% internal; Reserve: 412M, Max: 4096K
[132.120s][info][gc,stats    ] 
[132.120s][info][gc,stats    ] All times are wall-clock times, except per-root-class counters, that are sum over
[132.120s][info][gc,stats    ] all workers. Dividing the <total> over the root stage time estimates parallelism.
[132.120s][info][gc,stats    ] 
[132.120s][info][gc,stats    ] Concurrent Reset                    900 us
[132.120s][info][gc,stats    ] Pause Init Mark (G)                 397 us
[132.120s][info][gc,stats    ] Pause Init Mark (N)                 241 us
[132.120s][info][gc,stats    ]   Update Region States              118 us
[132.120s][info][gc,stats    ] Concurrent Mark Roots               642 us, parallelism: 0.71x
[132.121s][info][gc,stats    ]   CMR: <total>                      454 us
[132.121s][info][gc,stats    ]   CMR: Thread Roots                 361 us, workers (us): 361, ---, ---, 
[132.121s][info][gc,stats    ]   CMR: VM Strong Roots               10 us, workers (us):  10, ---, ---, 
[132.121s][info][gc,stats    ]   CMR: CLDG Roots                    83 us, workers (us):  83, ---, ---, 
[132.121s][info][gc,stats    ] Concurrent Marking                21413 us
[132.121s][info][gc,stats    ] Pause Final Mark (G)                503 us
[132.121s][info][gc,stats    ] Pause Final Mark (N)                362 us
[132.121s][info][gc,stats    ]   Finish Mark                       101 us
[132.121s][info][gc,stats    ]   Update Region States               90 us
[132.121s][info][gc,stats    ]   Choose Collection Set              61 us
[132.121s][info][gc,stats    ]   Rebuild Free Set                   17 us
[132.121s][info][gc,stats    ] Concurrent Weak References          122 us, parallelism: 0.04x
[132.121s][info][gc,stats    ]   CWRF: <total>                       4 us
[132.121s][info][gc,stats    ]   CWRF: Weak References               4 us, workers (us):   4, ---, ---, 
[132.121s][info][gc,stats    ] Concurrent Weak Roots               584 us
[132.121s][info][gc,stats    ]   Roots                             469 us, parallelism: 0.89x
[132.121s][info][gc,stats    ]     CWR: <total>                    419 us
[132.121s][info][gc,stats    ]     CWR: Code Cache Roots           348 us, workers (us): 348, ---, ---, 
[132.121s][info][gc,stats    ]     CWR: VM Weak Roots               65 us, workers (us):  65, ---, ---, 
[132.121s][info][gc,stats    ]     CWR: CLDG Roots                   6 us, workers (us):   6, ---, ---, 
[132.121s][info][gc,stats    ]   Rendezvous                         79 us
[132.121s][info][gc,stats    ] Concurrent Cleanup                   53 us
[132.121s][info][gc,stats    ] Concurrent Class Unloading         2007 us
[132.121s][info][gc,stats    ]   Unlink Stale                     1734 us
[132.121s][info][gc,stats    ]     System Dictionary                 3 us
[132.121s][info][gc,stats    ]     Weak Class Links                  0 us
[132.121s][info][gc,stats    ]     Code Roots                     1729 us
[132.121s][info][gc,stats    ]   Rendezvous                         56 us
[132.121s][info][gc,stats    ]   Purge Unlinked                    148 us
[132.121s][info][gc,stats    ]     Code Roots                      137 us
[132.121s][info][gc,stats    ]     CLDG                             10 us
[132.121s][info][gc,stats    ]     Exception Caches                  0 us
[132.121s][info][gc,stats    ] Pause Final Roots (G)               171 us
[132.121s][info][gc,stats    ] Pause Final Roots (N)                56 us
[132.121s][info][gc,stats    ] 
[132.121s][info][gc,stats    ] Allocation pacing accrued:
[132.121s][info][gc,stats    ]       0 of   905 ms (  0.0%): <total>
[132.121s][info][gc,stats    ]       0 of   905 ms (  0.0%): <average total>
[132.121s][info][gc,stats    ] 
[132.121s][info][gc,metaspace] Metaspace: 9005K(9216K)->9005K(9216K) NonClass: 7833K(7936K)->7833K(7936K) Class: 1171K(1280K)->1171K(1280K)
[132.121s][info][gc,ergo     ] Pacer for Idle. Initial: 163M, Alloc Tax Rate: 1.0x
[133.019s][info][gc          ] Trigger: Learning 4 of 5. Free (5712M) is below initial threshold (5734M)
[133.019s][info][gc,ergo     ] Free: 5712M, Max: 4096K regular, 5668M humongous, Frag: 1% external, 0% internal; Reserve: 412M, Max: 4096K
[133.019s][info][gc,start    ] GC(151) Concurrent reset
[133.019s][info][gc,task     ] GC(151) Using 1 of 3 workers for concurrent reset
[133.019s][info][gc,ergo     ] GC(151) Pacer for Reset. Non-Taxable: 8192M
[133.020s][info][gc          ] GC(151) Concurrent reset 0.828ms
[133.020s][info][gc,start    ] GC(151) Pause Init Mark (unload classes)
[133.020s][info][gc,task     ] GC(151) Using 3 of 3 workers for init marking
[133.020s][info][gc,ergo     ] GC(151) Pacer for Mark. Expected Live: 13229K, Free: 5712M, Non-Taxable: 571M, Alloc Tax Rate: 0.0x
[133.020s][info][gc          ] GC(151) Pause Init Mark (unload classes) 0.180ms
[133.020s][info][gc,start    ] GC(151) Concurrent marking roots
[133.020s][info][gc,task     ] GC(151) Using 1 of 3 workers for concurrent marking roots
[133.020s][info][gc          ] GC(151) Concurrent marking roots 0.415ms
[133.020s][info][gc,start    ] GC(151) Concurrent marking (unload classes)
[133.020s][info][gc,task     ] GC(151) Using 1 of 3 workers for concurrent marking
[133.050s][info][gc          ] GC(151) Concurrent marking (unload classes) 29.695ms
[133.050s][info][gc,start    ] GC(151) Pause Final Mark (unload classes)
[133.050s][info][gc,task     ] GC(151) Using 3 of 3 workers for final marking
[133.051s][info][gc,ergo     ] GC(151) Collectable Garbage: 1944M (95%), Immediate: 1944M (95%), CSet: 0B (0%)
[133.051s][info][gc          ] GC(151) Pause Final Mark (unload classes) 0.348ms
[133.051s][info][gc,start    ] GC(151) Concurrent weak references
[133.051s][info][gc,task     ] GC(151) Using 1 of 3 workers for concurrent weak references
[133.051s][info][gc,ref      ] GC(151) Encountered references: Soft: 144, Weak: 702, Final: 0, Phantom: 27
[133.051s][info][gc,ref      ] GC(151) Discovered  references: Soft: 0, Weak: 150, Final: 0, Phantom: 12
[133.051s][info][gc,ref      ] GC(151) Enqueued    references: Soft: 0, Weak: 0, Final: 0, Phantom: 0
[133.051s][info][gc          ] GC(151) Concurrent weak references 0.192ms
[133.051s][info][gc,start    ] GC(151) Concurrent weak roots
[133.051s][info][gc,task     ] GC(151) Using 1 of 3 workers for concurrent weak root
[133.051s][info][gc          ] GC(151) Concurrent weak roots 0.580ms
[133.051s][info][gc,start    ] GC(151) Concurrent cleanup
[133.052s][info][gc          ] GC(151) Concurrent cleanup 2131M->187M(8192M) 0.043ms
[133.052s][info][gc,ergo     ] GC(151) Free: 7592M, Max: 4096K regular, 5648M humongous, Frag: 26% external, 0% internal; Reserve: 412M, Max: 4096K
[133.052s][info][gc,start    ] GC(151) Concurrent class unloading
[133.052s][info][gc,task     ] GC(151) Using 1 of 3 workers for concurrent class unloading
[133.054s][info][gc          ] GC(151) Concurrent class unloading 2.080ms
[133.054s][info][gc,start    ] GC(151) Pause Final Roots
[133.054s][info][gc          ] GC(151) Pause Final Roots 0.024ms
[133.054s][info][gc,ergo     ] Free: 7588M, Max: 4096K regular, 5648M humongous, Frag: 26% external, 0% internal; Reserve: 412M, Max: 4096K
[133.054s][info][gc,stats    ] 
[133.054s][info][gc,stats    ] All times are wall-clock times, except per-root-class counters, that are sum over
[133.054s][info][gc,stats    ] all workers. Dividing the <total> over the root stage time estimates parallelism.
[133.054s][info][gc,stats    ] 
[133.054s][info][gc,stats    ] Concurrent Reset                    896 us
[133.054s][info][gc,stats    ] Pause Init Mark (G)                 348 us
[133.054s][info][gc,stats    ] Pause Init Mark (N)                 197 us
[133.054s][info][gc,stats    ]   Update Region States               75 us
[133.054s][info][gc,stats    ] Concurrent Mark Roots               436 us, parallelism: 0.77x
[133.054s][info][gc,stats    ]   CMR: <total>                      337 us
[133.054s][info][gc,stats    ]   CMR: Thread Roots                 291 us, workers (us): 291, ---, ---, 
[133.054s][info][gc,stats    ]   CMR: VM Strong Roots                6 us, workers (us):   6, ---, ---, 
[133.054s][info][gc,stats    ]   CMR: CLDG Roots                    39 us, workers (us):  39, ---, ---, 
[133.054s][info][gc,stats    ] Concurrent Marking                29762 us
[133.054s][info][gc,stats    ] Pause Final Mark (G)                508 us
[133.054s][info][gc,stats    ] Pause Final Mark (N)                368 us
[133.054s][info][gc,stats    ]   Finish Mark                       101 us
[133.054s][info][gc,stats    ]   Update Region States               89 us
[133.054s][info][gc,stats    ]   Choose Collection Set              63 us
[133.054s][info][gc,stats    ]   Rebuild Free Set                   16 us
[133.054s][info][gc,stats    ] Concurrent Weak References          208 us, parallelism: 0.03x
[133.054s][info][gc,stats    ]   CWRF: <total>                       7 us
[133.054s][info][gc,stats    ]   CWRF: Weak References               7 us, workers (us):   7, ---, ---, 
[133.054s][info][gc,stats    ] Concurrent Weak Roots               599 us
[133.054s][info][gc,stats    ]   Roots                             481 us, parallelism: 0.88x
[133.054s][info][gc,stats    ]     CWR: <total>                    426 us
[133.054s][info][gc,stats    ]     CWR: Code Cache Roots           356 us, workers (us): 356, ---, ---, 
[133.054s][info][gc,stats    ]     CWR: VM Weak Roots               64 us, workers (us):  64, ---, ---, 
[133.054s][info][gc,stats    ]     CWR: CLDG Roots                   5 us, workers (us):   5, ---, ---, 
[133.054s][info][gc,stats    ]   Rendezvous                         82 us
[133.054s][info][gc,stats    ] Concurrent Cleanup                   51 us
[133.054s][info][gc,stats    ] Concurrent Class Unloading         2125 us
[133.054s][info][gc,stats    ]   Unlink Stale                     1912 us
[133.054s][info][gc,stats    ]     System Dictionary                 3 us
[133.054s][info][gc,stats    ]     Weak Class Links                  0 us
[133.054s][info][gc,stats    ]     Code Roots                     1908 us
[133.054s][info][gc,stats    ]   Rendezvous                         52 us
[133.054s][info][gc,stats    ]   Purge Unlinked                     98 us
[133.054s][info][gc,stats    ]     Code Roots                       89 us
[133.054s][info][gc,stats    ]     CLDG                              9 us
[133.054s][info][gc,stats    ]     Exception Caches                  0 us
[133.054s][info][gc,stats    ] Pause Final Roots (G)               131 us
[133.055s][info][gc,stats    ] Pause Final Roots (N)                32 us
[133.055s][info][gc,stats    ] 
[133.055s][info][gc,stats    ] Allocation pacing accrued:
[133.055s][info][gc,stats    ]       0 of   934 ms (  0.0%): <total>
[133.055s][info][gc,stats    ]       0 of   934 ms (  0.0%): <average total>
[133.055s][info][gc,stats    ] 
[133.055s][info][gc,metaspace] Metaspace: 9005K(9216K)->9005K(9216K) NonClass: 7833K(7936K)->7833K(7936K) Class: 1171K(1280K)->1171K(1280K)
[133.055s][info][gc,ergo     ] Pacer for Idle. Initial: 163M, Alloc Tax Rate: 1.0x
[133.756s][info][gc          ] Trigger: Explicit GC request (System.gc())
[133.756s][info][gc,ergo     ] Free: 6724M, Max: 4096K regular, 5648M humongous, Frag: 17% external, 0% internal; Reserve: 412M, Max: 4096K
[133.756s][info][gc,start    ] GC(152) Concurrent reset
[133.756s][info][gc,task     ] GC(152) Using 1 of 3 workers for concurrent reset
[133.756s][info][gc,ergo     ] GC(152) Pacer for Reset. Non-Taxable: 8192M
[133.757s][info][gc          ] GC(152) Concurrent reset 0.659ms
[133.757s][info][gc,start    ] GC(152) Pause Init Mark (unload classes)
[133.757s][info][gc,task     ] GC(152) Using 3 of 3 workers for init marking
[133.757s][info][gc,ref      ] GC(152) Clearing All SoftReferences
[133.757s][info][gc,ergo     ] GC(152) Pacer for Mark. Expected Live: 14509K, Free: 6724M, Non-Taxable: 672M, Alloc Tax Rate: 0.0x
[133.757s][info][gc          ] GC(152) Pause Init Mark (unload classes) 0.138ms
[133.757s][info][gc,start    ] GC(152) Concurrent marking roots
[133.757s][info][gc,task     ] GC(152) Using 1 of 3 workers for concurrent marking roots
[133.758s][info][gc          ] GC(152) Concurrent marking roots 0.771ms
[133.758s][info][gc,start    ] GC(152) Concurrent marking (unload classes)
[133.758s][info][gc,task     ] GC(152) Using 1 of 3 workers for concurrent marking
[133.762s][info][gc          ] GC(152) Concurrent marking (unload classes) 3.922ms
[133.762s][info][gc,start    ] GC(152) Pause Final Mark (unload classes)
[133.762s][info][gc,task     ] GC(152) Using 3 of 3 workers for final marking
[133.762s][info][gc,ergo     ] GC(152) Collectable Garbage: 979M (93%), Immediate: 979M (93%), CSet: 0B (0%)
[133.762s][info][gc          ] GC(152) Pause Final Mark (unload classes) 0.383ms
[133.763s][info][gc,start    ] GC(152) Concurrent weak references
[133.763s][info][gc,task     ] GC(152) Using 1 of 3 workers for concurrent weak references
[133.763s][info][gc,ref      ] GC(152) Encountered references: Soft: 144, Weak: 702, Final: 0, Phantom: 27
[133.763s][info][gc,ref      ] GC(152) Discovered  references: Soft: 89, Weak: 168, Final: 0, Phantom: 25
[133.763s][info][gc,ref      ] GC(152) Enqueued    references: Soft: 3, Weak: 0, Final: 0, Phantom: 0
[133.763s][info][gc          ] GC(152) Concurrent weak references 0.093ms
[133.763s][info][gc,start    ] GC(152) Concurrent weak roots
[133.763s][info][gc,task     ] GC(152) Using 1 of 3 workers for concurrent weak root
[133.763s][info][gc          ] GC(152) Concurrent weak roots 0.689ms
[133.763s][info][gc,start    ] GC(152) Concurrent cleanup
[133.763s][info][gc          ] GC(152) Concurrent cleanup 1055M->75M(8192M) 0.034ms
[133.763s][info][gc,ergo     ] GC(152) Free: 7704M, Max: 4096K regular, 6824M humongous, Frag: 12% external, 0% internal; Reserve: 412M, Max: 4096K
[133.763s][info][gc,start    ] GC(152) Concurrent class unloading
[133.763s][info][gc,task     ] GC(152) Using 1 of 3 workers for concurrent class unloading
[133.765s][info][gc          ] GC(152) Concurrent class unloading 1.912ms
[133.765s][info][gc,start    ] GC(152) Pause Final Roots
[133.766s][info][gc          ] GC(152) Pause Final Roots 0.052ms
[133.766s][info][gc,ergo     ] Free: 7704M, Max: 4096K regular, 6824M humongous, Frag: 12% external, 0% internal; Reserve: 412M, Max: 4096K
[133.766s][info][gc,stats    ] 
[133.766s][info][gc,stats    ] All times are wall-clock times, except per-root-class counters, that are sum over
[133.766s][info][gc,stats    ] all workers. Dividing the <total> over the root stage time estimates parallelism.
[133.766s][info][gc,stats    ] 
[133.766s][info][gc,stats    ] Concurrent Reset                    717 us
[133.766s][info][gc,stats    ] Pause Init Mark (G)                 237 us
[133.766s][info][gc,stats    ] Pause Init Mark (N)                 146 us
[133.766s][info][gc,stats    ]   Update Region States               73 us
[133.766s][info][gc,stats    ] Concurrent Mark Roots               793 us, parallelism: 0.84x
[133.766s][info][gc,stats    ]   CMR: <total>                      666 us
[133.766s][info][gc,stats    ]   CMR: Thread Roots                 589 us, workers (us): 589, ---, ---, 
[133.766s][info][gc,stats    ]   CMR: VM Strong Roots                8 us, workers (us):   8, ---, ---, 
[133.766s][info][gc,stats    ]   CMR: CLDG Roots                    69 us, workers (us):  69, ---, ---, 
[133.766s][info][gc,stats    ] Concurrent Marking                 3981 us
[133.766s][info][gc,stats    ] Pause Final Mark (G)                510 us
[133.766s][info][gc,stats    ] Pause Final Mark (N)                407 us
[133.766s][info][gc,stats    ]   Finish Mark                       129 us
[133.766s][info][gc,stats    ]   Update Region States               77 us
[133.766s][info][gc,stats    ]   Choose Collection Set              75 us
[133.766s][info][gc,stats    ]   Rebuild Free Set                   21 us
[133.766s][info][gc,stats    ] Concurrent Weak References          101 us, parallelism: 0.07x
[133.766s][info][gc,stats    ]   CWRF: <total>                       7 us
[133.766s][info][gc,stats    ]   CWRF: Weak References               7 us, workers (us):   7, ---, ---, 
[133.766s][info][gc,stats    ] Concurrent Weak Roots               709 us
[133.766s][info][gc,stats    ]   Roots                             571 us, parallelism: 0.87x
[133.766s][info][gc,stats    ]     CWR: <total>                    499 us
[133.766s][info][gc,stats    ]     CWR: Code Cache Roots           379 us, workers (us): 379, ---, ---, 
[133.766s][info][gc,stats    ]     CWR: VM Weak Roots              115 us, workers (us): 115, ---, ---, 
[133.766s][info][gc,stats    ]     CWR: CLDG Roots                   5 us, workers (us):   5, ---, ---, 
[133.766s][info][gc,stats    ]   Rendezvous                        103 us
[133.766s][info][gc,stats    ] Concurrent Cleanup                   42 us
[133.766s][info][gc,stats    ] Concurrent Class Unloading         1945 us
[133.766s][info][gc,stats    ]   Unlink Stale                     1707 us
[133.766s][info][gc,stats    ]     System Dictionary                 3 us
[133.766s][info][gc,stats    ]     Weak Class Links                  0 us
[133.766s][info][gc,stats    ]     Code Roots                     1702 us
[133.766s][info][gc,stats    ]   Rendezvous                        120 us
[133.766s][info][gc,stats    ]   Purge Unlinked                     69 us
[133.766s][info][gc,stats    ]     Code Roots                       63 us
[133.766s][info][gc,stats    ]     CLDG                              5 us
[133.766s][info][gc,stats    ]     Exception Caches                  0 us
[133.766s][info][gc,stats    ] Pause Final Roots (G)               302 us
[133.766s][info][gc,stats    ] Pause Final Roots (N)                75 us
[133.766s][info][gc,stats    ] 
[133.766s][info][gc,stats    ] Allocation pacing accrued:
[133.766s][info][gc,stats    ]       0 of   712 ms (  0.0%): <total>
[133.766s][info][gc,stats    ]       0 of   712 ms (  0.0%): <average total>
[133.766s][info][gc,stats    ] 
[133.766s][info][gc,metaspace] Metaspace: 9005K(9216K)->9005K(9216K) NonClass: 7833K(7936K)->7833K(7936K) Class: 1171K(1280K)->1171K(1280K)
[133.766s][info][gc,ergo     ] Pacer for Idle. Initial: 163M, Alloc Tax Rate: 1.0x
[134.683s][info][gc          ] Trigger: Learning 2 of 5. Free (5712M) is below initial threshold (5734M)
[134.683s][info][gc,ergo     ] Free: 5708M, Max: 4096K regular, 5708M humongous, Frag: 0% external, 0% internal; Reserve: 412M, Max: 4096K
[134.683s][info][gc,start    ] GC(153) Concurrent reset
[134.683s][info][gc,task     ] GC(153) Using 1 of 3 workers for concurrent reset
[134.683s][info][gc,ergo     ] GC(153) Pacer for Reset. Non-Taxable: 8192M
[134.684s][info][gc          ] GC(153) Concurrent reset 0.599ms
[134.684s][info][gc,start    ] GC(153) Pause Init Mark (unload classes)
[134.684s][info][gc,task     ] GC(153) Using 3 of 3 workers for init marking
[134.684s][info][gc,ergo     ] GC(153) Pacer for Mark. Expected Live: 10711K, Free: 5708M, Non-Taxable: 570M, Alloc Tax Rate: 0.0x
[134.684s][info][gc          ] GC(153) Pause Init Mark (unload classes) 0.198ms
[134.684s][info][gc,start    ] GC(153) Concurrent marking roots
[134.684s][info][gc,task     ] GC(153) Using 1 of 3 workers for concurrent marking roots
[134.684s][info][gc          ] GC(153) Concurrent marking roots 0.400ms
[134.684s][info][gc,start    ] GC(153) Concurrent marking (unload classes)
[134.684s][info][gc,task     ] GC(153) Using 1 of 3 workers for concurrent marking
[134.697s][info][gc          ] GC(153) Concurrent marking (unload classes) 12.663ms
[134.697s][info][gc,start    ] GC(153) Pause Final Mark (unload classes)
[134.697s][info][gc,task     ] GC(153) Using 3 of 3 workers for final marking
[134.698s][info][gc,ergo     ] GC(153) Collectable Garbage: 1960M (95%), Immediate: 1960M (95%), CSet: 0B (0%)
[134.698s][info][gc          ] GC(153) Pause Final Mark (unload classes) 0.353ms
[134.698s][info][gc,start    ] GC(153) Concurrent weak references
[134.698s][info][gc,task     ] GC(153) Using 1 of 3 workers for concurrent weak references
[134.698s][info][gc,ref      ] GC(153) Encountered references: Soft: 144, Weak: 702, Final: 0, Phantom: 27
[134.698s][info][gc,ref      ] GC(153) Discovered  references: Soft: 0, Weak: 150, Final: 0, Phantom: 12
[134.698s][info][gc,ref      ] GC(153) Enqueued    references: Soft: 0, Weak: 0, Final: 0, Phantom: 0
[134.698s][info][gc          ] GC(153) Concurrent weak references 0.198ms
[134.698s][info][gc,start    ] GC(153) Concurrent weak roots
[134.698s][info][gc,task     ] GC(153) Using 1 of 3 workers for concurrent weak root
[134.699s][info][gc          ] GC(153) Concurrent weak roots 0.582ms
[134.699s][info][gc,start    ] GC(153) Concurrent cleanup
[134.699s][info][gc          ] GC(153) Concurrent cleanup 2103M->143M(8192M) 0.046ms
[134.699s][info][gc,ergo     ] GC(153) Free: 7636M, Max: 4096K regular, 5676M humongous, Frag: 26% external, 0% internal; Reserve: 412M, Max: 4096K
[134.699s][info][gc,start    ] GC(153) Concurrent class unloading
[134.699s][info][gc,task     ] GC(153) Using 1 of 3 workers for concurrent class unloading
[134.701s][info][gc          ] GC(153) Concurrent class unloading 2.319ms
[134.701s][info][gc,start    ] GC(153) Pause Final Roots
[134.701s][info][gc          ] GC(153) Pause Final Roots 0.025ms
[134.701s][info][gc,ergo     ] Free: 7632M, Max: 4096K regular, 5676M humongous, Frag: 26% external, 0% internal; Reserve: 412M, Max: 4096K
[134.701s][info][gc,stats    ] 
[134.701s][info][gc,stats    ] All times are wall-clock times, except per-root-class counters, that are sum over
[134.701s][info][gc,stats    ] all workers. Dividing the <total> over the root stage time estimates parallelism.
[134.701s][info][gc,stats    ] 
[134.701s][info][gc,stats    ] Concurrent Reset                    666 us
[134.701s][info][gc,stats    ] Pause Init Mark (G)                 398 us
[134.701s][info][gc,stats    ] Pause Init Mark (N)                 219 us
[134.701s][info][gc,stats    ]   Update Region States               86 us
[134.701s][info][gc,stats    ] Concurrent Mark Roots               417 us, parallelism: 0.78x
[134.701s][info][gc,stats    ]   CMR: <total>                      327 us
[134.701s][info][gc,stats    ]   CMR: Thread Roots                 289 us, workers (us): 289, ---, ---, 
[134.701s][info][gc,stats    ]   CMR: VM Strong Roots                5 us, workers (us):   5, ---, ---, 
[134.701s][info][gc,stats    ]   CMR: CLDG Roots                    33 us, workers (us):  33, ---, ---, 
[134.701s][info][gc,stats    ] Concurrent Marking                12730 us
[134.701s][info][gc,stats    ] Pause Final Mark (G)                510 us
[134.701s][info][gc,stats    ] Pause Final Mark (N)                372 us
[134.701s][info][gc,stats    ]   Finish Mark                       122 us
[134.701s][info][gc,stats    ]   Update Region States               88 us
[134.701s][info][gc,stats    ]   Choose Collection Set              62 us
[134.701s][info][gc,stats    ]   Rebuild Free Set                   16 us
[134.702s][info][gc,stats    ] Concurrent Weak References          215 us, parallelism: 0.02x
[134.702s][info][gc,stats    ]   CWRF: <total>                       4 us
[134.702s][info][gc,stats    ]   CWRF: Weak References               4 us, workers (us):   4, ---, ---, 
[134.702s][info][gc,stats    ] Concurrent Weak Roots               601 us
[134.702s][info][gc,stats    ]   Roots                             490 us, parallelism: 0.89x
[134.702s][info][gc,stats    ]     CWR: <total>                    434 us
[134.702s][info][gc,stats    ]     CWR: Code Cache Roots           363 us, workers (us): 363, ---, ---, 
[134.702s][info][gc,stats    ]     CWR: VM Weak Roots               66 us, workers (us):  66, ---, ---, 
[134.702s][info][gc,stats    ]     CWR: CLDG Roots                   5 us, workers (us):   5, ---, ---, 
[134.702s][info][gc,stats    ]   Rendezvous                         60 us
[134.702s][info][gc,stats    ] Concurrent Cleanup                   54 us
[134.702s][info][gc,stats    ] Concurrent Class Unloading         2370 us
[134.702s][info][gc,stats    ]   Unlink Stale                     2130 us
[134.702s][info][gc,stats    ]     System Dictionary                 4 us
[134.702s][info][gc,stats    ]     Weak Class Links                  0 us
[134.702s][info][gc,stats    ]     Code Roots                     2125 us
[134.702s][info][gc,stats    ]   Rendezvous                         63 us
[134.702s][info][gc,stats    ]   Purge Unlinked                     99 us
[134.702s][info][gc,stats    ]     Code Roots                       90 us
[134.702s][info][gc,stats    ]     CLDG                              8 us
[134.702s][info][gc,stats    ]     Exception Caches                  0 us
[134.702s][info][gc,stats    ] Pause Final Roots (G)               133 us
[134.702s][info][gc,stats    ] Pause Final Roots (N)                34 us
[134.702s][info][gc,stats    ] 
[134.702s][info][gc,stats    ] Allocation pacing accrued:
[134.702s][info][gc,stats    ]       0 of   936 ms (  0.0%): <total>
[134.702s][info][gc,stats    ]       0 of   936 ms (  0.0%): <average total>
[134.702s][info][gc,stats    ] 
[134.702s][info][gc,metaspace] Metaspace: 9005K(9216K)->9005K(9216K) NonClass: 7833K(7936K)->7833K(7936K) Class: 1171K(1280K)->1171K(1280K)
[134.702s][info][gc,ergo     ] Pacer for Idle. Initial: 163M, Alloc Tax Rate: 1.0x
[135.578s][info][gc          ] Trigger: Learning 3 of 5. Free (5720M) is below initial threshold (5734M)
[135.578s][info][gc,ergo     ] Free: 5720M, Max: 4096K regular, 5676M humongous, Frag: 1% external, 0% internal; Reserve: 412M, Max: 4096K
[135.578s][info][gc,start    ] GC(154) Concurrent reset
[135.578s][info][gc,task     ] GC(154) Using 1 of 3 workers for concurrent reset
[135.578s][info][gc,ergo     ] GC(154) Pacer for Reset. Non-Taxable: 8192M
[135.579s][info][gc          ] GC(154) Concurrent reset 0.695ms
[135.579s][info][gc,start    ] GC(154) Pause Init Mark (unload classes)
[135.579s][info][gc,task     ] GC(154) Using 3 of 3 workers for init marking
[135.579s][info][gc,ergo     ] GC(154) Pacer for Mark. Expected Live: 12006K, Free: 5720M, Non-Taxable: 572M, Alloc Tax Rate: 0.0x
[135.579s][info][gc          ] GC(154) Pause Init Mark (unload classes) 0.218ms
[135.579s][info][gc,start    ] GC(154) Concurrent marking roots
[135.579s][info][gc,task     ] GC(154) Using 1 of 3 workers for concurrent marking roots
[135.580s][info][gc          ] GC(154) Concurrent marking roots 0.475ms
[135.580s][info][gc,start    ] GC(154) Concurrent marking (unload classes)
[135.580s][info][gc,task     ] GC(154) Using 1 of 3 workers for concurrent marking
[135.601s][info][gc          ] GC(154) Concurrent marking (unload classes) 21.420ms
[135.601s][info][gc,start    ] GC(154) Pause Final Mark (unload classes)
[135.601s][info][gc,task     ] GC(154) Using 3 of 3 workers for final marking
[135.601s][info][gc,ergo     ] GC(154) Collectable Garbage: 1923M (94%), Immediate: 1923M (94%), CSet: 0B (0%)
[135.602s][info][gc          ] GC(154) Pause Final Mark (unload classes) 0.359ms
[135.602s][info][gc,start    ] GC(154) Concurrent weak references
[135.602s][info][gc,task     ] GC(154) Using 1 of 3 workers for concurrent weak references
[135.602s][info][gc,ref      ] GC(154) Encountered references: Soft: 144, Weak: 702, Final: 0, Phantom: 27
[135.602s][info][gc,ref      ] GC(154) Discovered  references: Soft: 0, Weak: 150, Final: 0, Phantom: 25
[135.602s][info][gc,ref      ] GC(154) Enqueued    references: Soft: 0, Weak: 0, Final: 0, Phantom: 0
[135.602s][info][gc          ] GC(154) Concurrent weak references 0.199ms
[135.602s][info][gc,start    ] GC(154) Concurrent weak roots
[135.602s][info][gc,task     ] GC(154) Using 1 of 3 workers for concurrent weak root
[135.602s][info][gc          ] GC(154) Concurrent weak roots 0.579ms
[135.602s][info][gc,start    ] GC(154) Concurrent cleanup
[135.602s][info][gc          ] GC(154) Concurrent cleanup 2107M->183M(8192M) 0.042ms
[135.602s][info][gc,ergo     ] GC(154) Free: 7596M, Max: 4096K regular, 5672M humongous, Frag: 26% external, 0% internal; Reserve: 412M, Max: 4096K
[135.602s][info][gc,start    ] GC(154) Concurrent class unloading
[135.602s][info][gc,task     ] GC(154) Using 1 of 3 workers for concurrent class unloading
[135.605s][info][gc          ] GC(154) Concurrent class unloading 2.209ms
[135.605s][info][gc,start    ] GC(154) Pause Final Roots
[135.605s][info][gc          ] GC(154) Pause Final Roots 0.024ms
[135.605s][info][gc,ergo     ] Free: 7588M, Max: 4096K regular, 5672M humongous, Frag: 26% external, 0% internal; Reserve: 412M, Max: 4096K
[135.605s][info][gc,stats    ] 
[135.605s][info][gc,stats    ] All times are wall-clock times, except per-root-class counters, that are sum over
[135.605s][info][gc,stats    ] all workers. Dividing the <total> over the root stage time estimates parallelism.
[135.605s][info][gc,stats    ] 
[135.605s][info][gc,stats    ] Concurrent Reset                    765 us
[135.605s][info][gc,stats    ] Pause Init Mark (G)                 422 us
[135.605s][info][gc,stats    ] Pause Init Mark (N)                 236 us
[135.605s][info][gc,stats    ]   Update Region States               95 us
[135.605s][info][gc,stats    ] Concurrent Mark Roots               512 us, parallelism: 0.69x
[135.605s][info][gc,stats    ]   CMR: <total>                      353 us
[135.605s][info][gc,stats    ]   CMR: Thread Roots                 309 us, workers (us): 309, ---, ---, 
[135.605s][info][gc,stats    ]   CMR: VM Strong Roots                5 us, workers (us):   5, ---, ---, 
[135.605s][info][gc,stats    ]   CMR: CLDG Roots                    39 us, workers (us):  39, ---, ---, 
[135.605s][info][gc,stats    ] Concurrent Marking                21488 us
[135.605s][info][gc,stats    ] Pause Final Mark (G)                519 us
[135.605s][info][gc,stats    ] Pause Final Mark (N)                378 us
[135.605s][info][gc,stats    ]   Finish Mark                       121 us
[135.605s][info][gc,stats    ]   Update Region States               89 us
[135.605s][info][gc,stats    ]   Choose Collection Set              62 us
[135.605s][info][gc,stats    ]   Rebuild Free Set                   17 us
[135.605s][info][gc,stats    ] Concurrent Weak References          216 us, parallelism: 0.02x
[135.605s][info][gc,stats    ]   CWRF: <total>                       4 us
[135.605s][info][gc,stats    ]   CWRF: Weak References               4 us, workers (us):   4, ---, ---, 
[135.605s][info][gc,stats    ] Concurrent Weak Roots               597 us
[135.605s][info][gc,stats    ]   Roots                             481 us, parallelism: 0.89x
[135.605s][info][gc,stats    ]     CWR: <total>                    427 us
[135.605s][info][gc,stats    ]     CWR: Code Cache Roots           355 us, workers (us): 355, ---, ---, 
[135.605s][info][gc,stats    ]     CWR: VM Weak Roots               67 us, workers (us):  67, ---, ---, 
[135.605s][info][gc,stats    ]     CWR: CLDG Roots                   5 us, workers (us):   5, ---, ---, 
[135.605s][info][gc,stats    ]   Rendezvous                         81 us
[135.605s][info][gc,stats    ] Concurrent Cleanup                   50 us
[135.606s][info][gc,stats    ] Concurrent Class Unloading         2257 us
[135.606s][info][gc,stats    ]   Unlink Stale                     2024 us
[135.606s][info][gc,stats    ]     System Dictionary                 3 us
[135.606s][info][gc,stats    ]     Weak Class Links                  0 us
[135.606s][info][gc,stats    ]     Code Roots                     2020 us
[135.606s][info][gc,stats    ]   Rendezvous                         69 us
[135.606s][info][gc,stats    ]   Purge Unlinked                     98 us
[135.606s][info][gc,stats    ]     Code Roots                       89 us
[135.606s][info][gc,stats    ]     CLDG                              8 us
[135.606s][info][gc,stats    ]     Exception Caches                  0 us
[135.606s][info][gc,stats    ] Pause Final Roots (G)               131 us
[135.606s][info][gc,stats    ] Pause Final Roots (N)                32 us
[135.606s][info][gc,stats    ] 
[135.606s][info][gc,stats    ] Allocation pacing accrued:
[135.606s][info][gc,stats    ]       0 of   904 ms (  0.0%): <total>
[135.606s][info][gc,stats    ]       0 of   904 ms (  0.0%): <average total>
[135.606s][info][gc,stats    ] 
[135.606s][info][gc,metaspace] Metaspace: 9005K(9216K)->9005K(9216K) NonClass: 7833K(7936K)->7833K(7936K) Class: 1171K(1280K)->1171K(1280K)
[135.606s][info][gc,ergo     ] Pacer for Idle. Initial: 163M, Alloc Tax Rate: 1.0x
[136.503s][info][gc          ] Trigger: Learning 4 of 5. Free (5712M) is below initial threshold (5734M)
[136.504s][info][gc,ergo     ] Free: 5712M, Max: 4096K regular, 5672M humongous, Frag: 1% external, 0% internal; Reserve: 412M, Max: 4096K
[136.504s][info][gc,start    ] GC(155) Concurrent reset
[136.504s][info][gc,task     ] GC(155) Using 1 of 3 workers for concurrent reset
[136.504s][info][gc,ergo     ] GC(155) Pacer for Reset. Non-Taxable: 8192M
[136.504s][info][gc          ] GC(155) Concurrent reset 0.706ms
[136.504s][info][gc,start    ] GC(155) Pause Init Mark (unload classes)
[136.505s][info][gc,task     ] GC(155) Using 3 of 3 workers for init marking
[136.505s][info][gc,ergo     ] GC(155) Pacer for Mark. Expected Live: 13219K, Free: 5712M, Non-Taxable: 571M, Alloc Tax Rate: 0.0x
[136.505s][info][gc          ] GC(155) Pause Init Mark (unload classes) 0.164ms
[136.505s][info][gc,start    ] GC(155) Concurrent marking roots
[136.505s][info][gc,task     ] GC(155) Using 1 of 3 workers for concurrent marking roots
[136.505s][info][gc          ] GC(155) Concurrent marking roots 0.451ms
[136.505s][info][gc,start    ] GC(155) Concurrent marking (unload classes)
[136.505s][info][gc,task     ] GC(155) Using 1 of 3 workers for concurrent marking
[136.535s][info][gc          ] GC(155) Concurrent marking (unload classes) 29.960ms
[136.535s][info][gc,start    ] GC(155) Pause Final Mark (unload classes)
[136.535s][info][gc,task     ] GC(155) Using 3 of 3 workers for final marking
[136.536s][info][gc,ergo     ] GC(155) Collectable Garbage: 1940M (94%), Immediate: 1940M (94%), CSet: 0B (0%)
[136.536s][info][gc          ] GC(155) Pause Final Mark (unload classes) 0.354ms
[136.536s][info][gc,start    ] GC(155) Concurrent weak references
[136.536s][info][gc,task     ] GC(155) Using 1 of 3 workers for concurrent weak references
[136.536s][info][gc,ref      ] GC(155) Encountered references: Soft: 144, Weak: 702, Final: 0, Phantom: 27
[136.536s][info][gc,ref      ] GC(155) Discovered  references: Soft: 0, Weak: 150, Final: 0, Phantom: 12
[136.536s][info][gc,ref      ] GC(155) Enqueued    references: Soft: 0, Weak: 0, Final: 0, Phantom: 0
[136.536s][info][gc          ] GC(155) Concurrent weak references 0.108ms
[136.536s][info][gc,start    ] GC(155) Concurrent weak roots
[136.536s][info][gc,task     ] GC(155) Using 1 of 3 workers for concurrent weak root
[136.536s][info][gc          ] GC(155) Concurrent weak roots 0.561ms
[136.536s][info][gc,start    ] GC(155) Concurrent cleanup
[136.536s][info][gc          ] GC(155) Concurrent cleanup 2127M->187M(8192M) 0.041ms
[136.536s][info][gc,ergo     ] GC(155) Free: 7592M, Max: 4096K regular, 5652M humongous, Frag: 26% external, 0% internal; Reserve: 412M, Max: 4096K
[136.536s][info][gc,start    ] GC(155) Concurrent class unloading
[136.537s][info][gc,task     ] GC(155) Using 1 of 3 workers for concurrent class unloading
[136.538s][info][gc          ] GC(155) Concurrent class unloading 1.853ms
[136.538s][info][gc,start    ] GC(155) Pause Final Roots
[136.538s][info][gc          ] GC(155) Pause Final Roots 0.023ms
[136.539s][info][gc,ergo     ] Free: 7588M, Max: 4096K regular, 5652M humongous, Frag: 26% external, 0% internal; Reserve: 412M, Max: 4096K
[136.539s][info][gc,stats    ] 
[136.539s][info][gc,stats    ] All times are wall-clock times, except per-root-class counters, that are sum over
[136.539s][info][gc,stats    ] all workers. Dividing the <total> over the root stage time estimates parallelism.
[136.539s][info][gc,stats    ] 
[136.539s][info][gc,stats    ] Concurrent Reset                    776 us
[136.539s][info][gc,stats    ] Pause Init Mark (G)                 329 us
[136.539s][info][gc,stats    ] Pause Init Mark (N)                 181 us
[136.539s][info][gc,stats    ]   Update Region States               53 us
[136.539s][info][gc,stats    ] Concurrent Mark Roots               470 us, parallelism: 0.77x
[136.539s][info][gc,stats    ]   CMR: <total>                      361 us
[136.539s][info][gc,stats    ]   CMR: Thread Roots                 317 us, workers (us): 317, ---, ---, 
[136.539s][info][gc,stats    ]   CMR: VM Strong Roots                6 us, workers (us):   6, ---, ---, 
[136.539s][info][gc,stats    ]   CMR: CLDG Roots                    38 us, workers (us):  38, ---, ---, 
[136.539s][info][gc,stats    ] Concurrent Marking                30030 us
[136.539s][info][gc,stats    ] Pause Final Mark (G)                505 us
[136.539s][info][gc,stats    ] Pause Final Mark (N)                374 us
[136.539s][info][gc,stats    ]   Finish Mark                       103 us
[136.539s][info][gc,stats    ]   Update Region States               89 us
[136.539s][info][gc,stats    ]   Choose Collection Set              65 us
[136.539s][info][gc,stats    ]   Rebuild Free Set                   16 us
[136.539s][info][gc,stats    ] Concurrent Weak References          116 us, parallelism: 0.04x
[136.539s][info][gc,stats    ]   CWRF: <total>                       5 us
[136.539s][info][gc,stats    ]   CWRF: Weak References               5 us, workers (us):   5, ---, ---, 
[136.539s][info][gc,stats    ] Concurrent Weak Roots               579 us
[136.539s][info][gc,stats    ]   Roots                             460 us, parallelism: 0.92x
[136.539s][info][gc,stats    ]     CWR: <total>                    424 us
[136.539s][info][gc,stats    ]     CWR: Code Cache Roots           356 us, workers (us): 356, ---, ---, 
[136.539s][info][gc,stats    ]     CWR: VM Weak Roots               62 us, workers (us):  62, ---, ---, 
[136.539s][info][gc,stats    ]     CWR: CLDG Roots                   5 us, workers (us):   5, ---, ---, 
[136.539s][info][gc,stats    ]   Rendezvous                         85 us
[136.539s][info][gc,stats    ] Concurrent Cleanup                   49 us
[136.539s][info][gc,stats    ] Concurrent Class Unloading         1881 us
[136.539s][info][gc,stats    ]   Unlink Stale                     1707 us
[136.539s][info][gc,stats    ]     System Dictionary                 3 us
[136.539s][info][gc,stats    ]     Weak Class Links                  0 us
[136.539s][info][gc,stats    ]     Code Roots                     1703 us
[136.539s][info][gc,stats    ]   Rendezvous                         56 us
[136.539s][info][gc,stats    ]   Purge Unlinked                     74 us
[136.539s][info][gc,stats    ]     Code Roots                       69 us
[136.539s][info][gc,stats    ]     CLDG                              4 us
[136.539s][info][gc,stats    ]     Exception Caches                  0 us
[136.539s][info][gc,stats    ] Pause Final Roots (G)               112 us
[136.539s][info][gc,stats    ] Pause Final Roots (N)                31 us
[136.539s][info][gc,stats    ] 
[136.539s][info][gc,stats    ] Allocation pacing accrued:
[136.539s][info][gc,stats    ]       0 of   933 ms (  0.0%): <total>
[136.539s][info][gc,stats    ]       0 of   933 ms (  0.0%): <average total>
[136.539s][info][gc,stats    ] 
[136.539s][info][gc,metaspace] Metaspace: 9005K(9216K)->9005K(9216K) NonClass: 7833K(7936K)->7833K(7936K) Class: 1171K(1280K)->1171K(1280K)
[136.539s][info][gc,ergo     ] Pacer for Idle. Initial: 163M, Alloc Tax Rate: 1.0x
[137.242s][info][gc          ] Trigger: Explicit GC request (System.gc())
[137.242s][info][gc,ergo     ] Free: 6716M, Max: 4096K regular, 5652M humongous, Frag: 16% external, 0% internal; Reserve: 412M, Max: 4096K
[137.242s][info][gc,start    ] GC(156) Concurrent reset
[137.242s][info][gc,task     ] GC(156) Using 1 of 3 workers for concurrent reset
[137.242s][info][gc,ergo     ] GC(156) Pacer for Reset. Non-Taxable: 8192M
[137.243s][info][gc          ] GC(156) Concurrent reset 0.962ms
[137.243s][info][gc,start    ] GC(156) Pause Init Mark (unload classes)
[137.243s][info][gc,task     ] GC(156) Using 3 of 3 workers for init marking
[137.243s][info][gc,ref      ] GC(156) Clearing All SoftReferences
[137.243s][info][gc,ergo     ] GC(156) Pacer for Mark. Expected Live: 14499K, Free: 6716M, Non-Taxable: 671M, Alloc Tax Rate: 0.0x
[137.243s][info][gc          ] GC(156) Pause Init Mark (unload classes) 0.167ms
[137.243s][info][gc,start    ] GC(156) Concurrent marking roots
[137.243s][info][gc,task     ] GC(156) Using 1 of 3 workers for concurrent marking roots
[137.244s][info][gc          ] GC(156) Concurrent marking roots 0.429ms
[137.244s][info][gc,start    ] GC(156) Concurrent marking (unload classes)
[137.244s][info][gc,task     ] GC(156) Using 1 of 3 workers for concurrent marking
[137.247s][info][gc          ] GC(156) Concurrent marking (unload classes) 3.764ms
[137.248s][info][gc,start    ] GC(156) Pause Final Mark (unload classes)
[137.248s][info][gc,task     ] GC(156) Using 3 of 3 workers for final marking
[137.248s][info][gc,ergo     ] GC(156) Collectable Garbage: 987M (93%), Immediate: 987M (93%), CSet: 0B (0%)
[137.248s][info][gc          ] GC(156) Pause Final Mark (unload classes) 0.310ms
[137.248s][info][gc,start    ] GC(156) Concurrent weak references
[137.248s][info][gc,task     ] GC(156) Using 1 of 3 workers for concurrent weak references
[137.248s][info][gc,ref      ] GC(156) Encountered references: Soft: 144, Weak: 702, Final: 0, Phantom: 27
[137.248s][info][gc,ref      ] GC(156) Discovered  references: Soft: 89, Weak: 168, Final: 0, Phantom: 25
[137.248s][info][gc,ref      ] GC(156) Enqueued    references: Soft: 3, Weak: 0, Final: 0, Phantom: 0
[137.248s][info][gc          ] GC(156) Concurrent weak references 0.157ms
[137.248s][info][gc,start    ] GC(156) Concurrent weak roots
[137.248s][info][gc,task     ] GC(156) Using 1 of 3 workers for concurrent weak root
[137.249s][info][gc          ] GC(156) Concurrent weak roots 0.699ms
[137.249s][info][gc,start    ] GC(156) Concurrent cleanup
[137.249s][info][gc          ] GC(156) Concurrent cleanup 1063M->75M(8192M) 0.036ms
[137.249s][info][gc,ergo     ] GC(156) Free: 7704M, Max: 4096K regular, 6816M humongous, Frag: 12% external, 0% internal; Reserve: 412M, Max: 4096K
[137.249s][info][gc,start    ] GC(156) Concurrent class unloading
[137.249s][info][gc,task     ] GC(156) Using 1 of 3 workers for concurrent class unloading
[137.251s][info][gc          ] GC(156) Concurrent class unloading 1.849ms
[137.251s][info][gc,start    ] GC(156) Pause Final Roots
[137.251s][info][gc          ] GC(156) Pause Final Roots 0.019ms
[137.251s][info][gc,ergo     ] Free: 7704M, Max: 4096K regular, 6816M humongous, Frag: 12% external, 0% internal; Reserve: 412M, Max: 4096K
[137.251s][info][gc,stats    ] 
[137.251s][info][gc,stats    ] All times are wall-clock times, except per-root-class counters, that are sum over
[137.251s][info][gc,stats    ] all workers. Dividing the <total> over the root stage time estimates parallelism.
[137.251s][info][gc,stats    ] 
[137.251s][info][gc,stats    ] Concurrent Reset                   1035 us
[137.251s][info][gc,stats    ] Pause Init Mark (G)                 287 us
[137.251s][info][gc,stats    ] Pause Init Mark (N)                 184 us
[137.251s][info][gc,stats    ]   Update Region States               67 us
[137.251s][info][gc,stats    ] Concurrent Mark Roots               448 us, parallelism: 0.75x
[137.251s][info][gc,stats    ]   CMR: <total>                      335 us
[137.251s][info][gc,stats    ]   CMR: Thread Roots                 295 us, workers (us): 295, ---, ---, 
[137.251s][info][gc,stats    ]   CMR: VM Strong Roots                6 us, workers (us):   6, ---, ---, 
[137.251s][info][gc,stats    ]   CMR: CLDG Roots                    34 us, workers (us):  34, ---, ---, 
[137.251s][info][gc,stats    ] Concurrent Marking                 3818 us
[137.251s][info][gc,stats    ] Pause Final Mark (G)                445 us
[137.251s][info][gc,stats    ] Pause Final Mark (N)                332 us
[137.251s][info][gc,stats    ]   Finish Mark                        90 us
[137.251s][info][gc,stats    ]   Update Region States               53 us
[137.251s][info][gc,stats    ]   Choose Collection Set              60 us
[137.251s][info][gc,stats    ]   Rebuild Free Set                   21 us
[137.251s][info][gc,stats    ] Concurrent Weak References          166 us, parallelism: 0.05x
[137.251s][info][gc,stats    ]   CWRF: <total>                       8 us
[137.251s][info][gc,stats    ]   CWRF: Weak References               8 us, workers (us):   8, ---, ---, 
[137.251s][info][gc,stats    ] Concurrent Weak Roots               719 us
[137.251s][info][gc,stats    ]   Roots                             585 us, parallelism: 0.88x
[137.251s][info][gc,stats    ]     CWR: <total>                    514 us
[137.251s][info][gc,stats    ]     CWR: Code Cache Roots           394 us, workers (us): 394, ---, ---, 
[137.251s][info][gc,stats    ]     CWR: VM Weak Roots              115 us, workers (us): 115, ---, ---, 
[137.251s][info][gc,stats    ]     CWR: CLDG Roots                   5 us, workers (us):   5, ---, ---, 
[137.251s][info][gc,stats    ]   Rendezvous                         97 us
[137.251s][info][gc,stats    ] Concurrent Cleanup                   44 us
[137.251s][info][gc,stats    ] Concurrent Class Unloading         1882 us
[137.251s][info][gc,stats    ]   Unlink Stale                     1702 us
[137.251s][info][gc,stats    ]     System Dictionary                 3 us
[137.251s][info][gc,stats    ]     Weak Class Links                  0 us
[137.251s][info][gc,stats    ]     Code Roots                     1697 us
[137.251s][info][gc,stats    ]   Rendezvous                         40 us
[137.251s][info][gc,stats    ]   Purge Unlinked                     91 us
[137.251s][info][gc,stats    ]     Code Roots                       86 us
[137.251s][info][gc,stats    ]     CLDG                              4 us
[137.251s][info][gc,stats    ]     Exception Caches                  0 us
[137.251s][info][gc,stats    ] Pause Final Roots (G)                76 us
[137.251s][info][gc,stats    ] Pause Final Roots (N)                27 us
[137.251s][info][gc,stats    ] 
[137.251s][info][gc,stats    ] Allocation pacing accrued:
[137.251s][info][gc,stats    ]       0 of   712 ms (  0.0%): <total>
[137.251s][info][gc,stats    ]       0 of   712 ms (  0.0%): <average total>
[137.251s][info][gc,stats    ] 
[137.251s][info][gc,metaspace] Metaspace: 9005K(9216K)->9005K(9216K) NonClass: 7833K(7936K)->7833K(7936K) Class: 1171K(1280K)->1171K(1280K)
[137.251s][info][gc,ergo     ] Pacer for Idle. Initial: 163M, Alloc Tax Rate: 1.0x
[138.168s][info][gc          ] Trigger: Learning 2 of 5. Free (5708M) is below initial threshold (5734M)
[138.168s][info][gc,ergo     ] Free: 5708M, Max: 4096K regular, 5708M humongous, Frag: 0% external, 0% internal; Reserve: 412M, Max: 4096K
[138.168s][info][gc,start    ] GC(157) Concurrent reset
[138.168s][info][gc,task     ] GC(157) Using 1 of 3 workers for concurrent reset
[138.168s][info][gc,ergo     ] GC(157) Pacer for Reset. Non-Taxable: 8192M
[138.168s][info][gc          ] GC(157) Concurrent reset 0.657ms
[138.169s][info][gc,start    ] GC(157) Pause Init Mark (unload classes)
[138.169s][info][gc,task     ] GC(157) Using 3 of 3 workers for init marking
[138.169s][info][gc,ergo     ] GC(157) Pacer for Mark. Expected Live: 10704K, Free: 5708M, Non-Taxable: 570M, Alloc Tax Rate: 0.0x
[138.169s][info][gc          ] GC(157) Pause Init Mark (unload classes) 0.248ms
[138.169s][info][gc,start    ] GC(157) Concurrent marking roots
[138.169s][info][gc,task     ] GC(157) Using 1 of 3 workers for concurrent marking roots
[138.169s][info][gc          ] GC(157) Concurrent marking roots 0.419ms
[138.169s][info][gc,start    ] GC(157) Concurrent marking (unload classes)
[138.169s][info][gc,task     ] GC(157) Using 1 of 3 workers for concurrent marking
[138.182s][info][gc          ] GC(157) Concurrent marking (unload classes) 12.737ms
[138.182s][info][gc,start    ] GC(157) Pause Final Mark (unload classes)
[138.182s][info][gc,task     ] GC(157) Using 3 of 3 workers for final marking
[138.182s][info][gc,ergo     ] GC(157) Collectable Garbage: 1960M (95%), Immediate: 1960M (95%), CSet: 0B (0%)
[138.183s][info][gc          ] GC(157) Pause Final Mark (unload classes) 0.353ms
[138.183s][info][gc,start    ] GC(157) Concurrent weak references
[138.183s][info][gc,task     ] GC(157) Using 1 of 3 workers for concurrent weak references
[138.183s][info][gc,ref      ] GC(157) Encountered references: Soft: 144, Weak: 702, Final: 0, Phantom: 27
[138.183s][info][gc,ref      ] GC(157) Discovered  references: Soft: 0, Weak: 150, Final: 0, Phantom: 12
[138.183s][info][gc,ref      ] GC(157) Enqueued    references: Soft: 0, Weak: 0, Final: 0, Phantom: 0
[138.183s][info][gc          ] GC(157) Concurrent weak references 0.190ms
[138.183s][info][gc,start    ] GC(157) Concurrent weak roots
[138.183s][info][gc,task     ] GC(157) Using 1 of 3 workers for concurrent weak root
[138.183s][info][gc          ] GC(157) Concurrent weak roots 0.570ms
[138.183s][info][gc,start    ] GC(157) Concurrent cleanup
[138.183s][info][gc          ] GC(157) Concurrent cleanup 2103M->143M(8192M) 0.046ms
[138.184s][info][gc,ergo     ] GC(157) Free: 7636M, Max: 4096K regular, 5676M humongous, Frag: 26% external, 0% internal; Reserve: 412M, Max: 4096K
[138.184s][info][gc,start    ] GC(157) Concurrent class unloading
[138.184s][info][gc,task     ] GC(157) Using 1 of 3 workers for concurrent class unloading
[138.186s][info][gc          ] GC(157) Concurrent class unloading 2.356ms
[138.186s][info][gc,start    ] GC(157) Pause Final Roots
[138.186s][info][gc          ] GC(157) Pause Final Roots 0.042ms
[138.186s][info][gc,ergo     ] Free: 7632M, Max: 4096K regular, 5676M humongous, Frag: 26% external, 0% internal; Reserve: 412M, Max: 4096K
[138.186s][info][gc,stats    ] 
[138.186s][info][gc,stats    ] All times are wall-clock times, except per-root-class counters, that are sum over
[138.186s][info][gc,stats    ] all workers. Dividing the <total> over the root stage time estimates parallelism.
[138.186s][info][gc,stats    ] 
[138.186s][info][gc,stats    ] Concurrent Reset                    727 us
[138.186s][info][gc,stats    ] Pause Init Mark (G)                 458 us
[138.186s][info][gc,stats    ] Pause Init Mark (N)                 267 us
[138.186s][info][gc,stats    ]   Update Region States              117 us
[138.186s][info][gc,stats    ] Concurrent Mark Roots               437 us, parallelism: 0.76x
[138.186s][info][gc,stats    ]   CMR: <total>                      334 us
[138.186s][info][gc,stats    ]   CMR: Thread Roots                 296 us, workers (us): 296, ---, ---, 
[138.186s][info][gc,stats    ]   CMR: VM Strong Roots                4 us, workers (us):   4, ---, ---, 
[138.186s][info][gc,stats    ]   CMR: CLDG Roots                    33 us, workers (us):  33, ---, ---, 
[138.186s][info][gc,stats    ] Concurrent Marking                12796 us
[138.186s][info][gc,stats    ] Pause Final Mark (G)                506 us
[138.186s][info][gc,stats    ] Pause Final Mark (N)                372 us
[138.186s][info][gc,stats    ]   Finish Mark                       123 us
[138.186s][info][gc,stats    ]   Update Region States               89 us
[138.186s][info][gc,stats    ]   Choose Collection Set              61 us
[138.186s][info][gc,stats    ]   Rebuild Free Set                   16 us
[138.187s][info][gc,stats    ] Concurrent Weak References          226 us, parallelism: 0.03x
[138.187s][info][gc,stats    ]   CWRF: <total>                       7 us
[138.187s][info][gc,stats    ]   CWRF: Weak References               7 us, workers (us):   7, ---, ---, 
[138.187s][info][gc,stats    ] Concurrent Weak Roots               595 us
[138.187s][info][gc,stats    ]   Roots                             463 us, parallelism: 0.91x
[138.187s][info][gc,stats    ]     CWR: <total>                    422 us
[138.187s][info][gc,stats    ]     CWR: Code Cache Roots           350 us, workers (us): 350, ---, ---, 
[138.187s][info][gc,stats    ]     CWR: VM Weak Roots               66 us, workers (us):  66, ---, ---, 
[138.187s][info][gc,stats    ]     CWR: CLDG Roots                   6 us, workers (us):   6, ---, ---, 
[138.187s][info][gc,stats    ]   Rendezvous                         83 us
[138.187s][info][gc,stats    ] Concurrent Cleanup                   54 us
[138.187s][info][gc,stats    ] Concurrent Class Unloading         2410 us
[138.187s][info][gc,stats    ]   Unlink Stale                     2153 us
[138.187s][info][gc,stats    ]     System Dictionary                 4 us
[138.187s][info][gc,stats    ]     Weak Class Links                  0 us
[138.187s][info][gc,stats    ]     Code Roots                     2148 us
[138.187s][info][gc,stats    ]   Rendezvous                         50 us
[138.187s][info][gc,stats    ]   Purge Unlinked                    135 us
[138.187s][info][gc,stats    ]     Code Roots                      125 us
[138.187s][info][gc,stats    ]     CLDG                              9 us
[138.187s][info][gc,stats    ]     Exception Caches                  0 us
[138.187s][info][gc,stats    ] Pause Final Roots (G)               192 us
[138.187s][info][gc,stats    ] Pause Final Roots (N)                59 us
[138.187s][info][gc,stats    ] 
[138.187s][info][gc,stats    ] Allocation pacing accrued:
[138.187s][info][gc,stats    ]       0 of   936 ms (  0.0%): <total>
[138.187s][info][gc,stats    ]       0 of   936 ms (  0.0%): <average total>
[138.187s][info][gc,stats    ] 
[138.187s][info][gc,metaspace] Metaspace: 9005K(9216K)->9005K(9216K) NonClass: 7833K(7936K)->7833K(7936K) Class: 1171K(1280K)->1171K(1280K)
[138.187s][info][gc,ergo     ] Pacer for Idle. Initial: 163M, Alloc Tax Rate: 1.0x
[139.063s][info][gc          ] Trigger: Learning 3 of 5. Free (5728M) is below initial threshold (5734M)
[139.063s][info][gc,ergo     ] Free: 5728M, Max: 4096K regular, 5676M humongous, Frag: 1% external, 0% internal; Reserve: 412M, Max: 4096K
[139.063s][info][gc,start    ] GC(158) Concurrent reset
[139.063s][info][gc,task     ] GC(158) Using 1 of 3 workers for concurrent reset
[139.063s][info][gc,ergo     ] GC(158) Pacer for Reset. Non-Taxable: 8192M
[139.064s][info][gc          ] GC(158) Concurrent reset 0.816ms
[139.064s][info][gc,start    ] GC(158) Pause Init Mark (unload classes)
[139.064s][info][gc,task     ] GC(158) Using 3 of 3 workers for init marking
[139.065s][info][gc,ergo     ] GC(158) Pacer for Mark. Expected Live: 11996K, Free: 5724M, Non-Taxable: 572M, Alloc Tax Rate: 0.0x
[139.065s][info][gc          ] GC(158) Pause Init Mark (unload classes) 0.221ms
[139.065s][info][gc,start    ] GC(158) Concurrent marking roots
[139.065s][info][gc,task     ] GC(158) Using 1 of 3 workers for concurrent marking roots
[139.065s][info][gc          ] GC(158) Concurrent marking roots 0.445ms
[139.065s][info][gc,start    ] GC(158) Concurrent marking (unload classes)
[139.065s][info][gc,task     ] GC(158) Using 1 of 3 workers for concurrent marking
[139.086s][info][gc          ] GC(158) Concurrent marking (unload classes) 20.881ms
[139.086s][info][gc,start    ] GC(158) Pause Final Mark (unload classes)
[139.086s][info][gc,task     ] GC(158) Using 3 of 3 workers for final marking
[139.086s][info][gc,ergo     ] GC(158) Collectable Garbage: 1915M (93%), Immediate: 1915M (93%), CSet: 0B (0%)
[139.086s][info][gc          ] GC(158) Pause Final Mark (unload classes) 0.365ms
[139.087s][info][gc,start    ] GC(158) Concurrent weak references
[139.087s][info][gc,task     ] GC(158) Using 1 of 3 workers for concurrent weak references
[139.087s][info][gc,ref      ] GC(158) Encountered references: Soft: 144, Weak: 702, Final: 0, Phantom: 27
[139.087s][info][gc,ref      ] GC(158) Discovered  references: Soft: 0, Weak: 150, Final: 0, Phantom: 12
[139.087s][info][gc,ref      ] GC(158) Enqueued    references: Soft: 0, Weak: 0, Final: 0, Phantom: 0
[139.087s][info][gc          ] GC(158) Concurrent weak references 0.148ms
[139.087s][info][gc,start    ] GC(158) Concurrent weak roots
[139.087s][info][gc,task     ] GC(158) Using 1 of 3 workers for concurrent weak root
[139.087s][info][gc          ] GC(158) Concurrent weak roots 0.554ms
[139.087s][info][gc,start    ] GC(158) Concurrent cleanup
[139.087s][info][gc          ] GC(158) Concurrent cleanup 2103M->187M(8192M) 0.042ms
[139.087s][info][gc,ergo     ] GC(158) Free: 7592M, Max: 4096K regular, 5716M humongous, Frag: 25% external, 0% internal; Reserve: 412M, Max: 4096K
[139.087s][info][gc,start    ] GC(158) Concurrent class unloading
[139.087s][info][gc,task     ] GC(158) Using 1 of 3 workers for concurrent class unloading
[139.089s][info][gc          ] GC(158) Concurrent class unloading 2.100ms
[139.090s][info][gc,start    ] GC(158) Pause Final Roots
[139.090s][info][gc          ] GC(158) Pause Final Roots 0.020ms
[139.090s][info][gc,ergo     ] Free: 7588M, Max: 4096K regular, 5716M humongous, Frag: 25% external, 0% internal; Reserve: 412M, Max: 4096K
[139.090s][info][gc,stats    ] 
[139.090s][info][gc,stats    ] All times are wall-clock times, except per-root-class counters, that are sum over
[139.090s][info][gc,stats    ] all workers. Dividing the <total> over the root stage time estimates parallelism.
[139.090s][info][gc,stats    ] 
[139.090s][info][gc,stats    ] Concurrent Reset                    890 us
[139.090s][info][gc,stats    ] Pause Init Mark (G)                 369 us
[139.090s][info][gc,stats    ] Pause Init Mark (N)                 240 us
[139.090s][info][gc,stats    ]   Update Region States              116 us
[139.090s][info][gc,stats    ] Concurrent Mark Roots               464 us, parallelism: 0.77x
[139.090s][info][gc,stats    ]   CMR: <total>                      359 us
[139.090s][info][gc,stats    ]   CMR: Thread Roots                 318 us, workers (us): 318, ---, ---, 
[139.090s][info][gc,stats    ]   CMR: VM Strong Roots                5 us, workers (us):   5, ---, ---, 
[139.090s][info][gc,stats    ]   CMR: CLDG Roots                    36 us, workers (us):  36, ---, ---, 
[139.090s][info][gc,stats    ] Concurrent Marking                20949 us
[139.090s][info][gc,stats    ] Pause Final Mark (G)                529 us
[139.090s][info][gc,stats    ] Pause Final Mark (N)                384 us
[139.090s][info][gc,stats    ]   Finish Mark                       129 us
[139.090s][info][gc,stats    ]   Update Region States               89 us
[139.090s][info][gc,stats    ]   Choose Collection Set              61 us
[139.090s][info][gc,stats    ]   Rebuild Free Set                   17 us
[139.090s][info][gc,stats    ] Concurrent Weak References          155 us, parallelism: 0.05x
[139.090s][info][gc,stats    ]   CWRF: <total>                       8 us
[139.090s][info][gc,stats    ]   CWRF: Weak References               8 us, workers (us):   8, ---, ---, 
[139.090s][info][gc,stats    ] Concurrent Weak Roots               572 us
[139.090s][info][gc,stats    ]   Roots                             457 us, parallelism: 0.89x
[139.090s][info][gc,stats    ]     CWR: <total>                    404 us
[139.090s][info][gc,stats    ]     CWR: Code Cache Roots           335 us, workers (us): 335, ---, ---, 
[139.090s][info][gc,stats    ]     CWR: VM Weak Roots               64 us, workers (us):  64, ---, ---, 
[139.090s][info][gc,stats    ]     CWR: CLDG Roots                   6 us, workers (us):   6, ---, ---, 
[139.090s][info][gc,stats    ]   Rendezvous                         82 us
[139.090s][info][gc,stats    ] Concurrent Cleanup                   50 us
[139.090s][info][gc,stats    ] Concurrent Class Unloading         2153 us
[139.090s][info][gc,stats    ]   Unlink Stale                     1787 us
[139.090s][info][gc,stats    ]     System Dictionary                 3 us
[139.090s][info][gc,stats    ]     Weak Class Links                  0 us
[139.090s][info][gc,stats    ]     Code Roots                     1782 us
[139.090s][info][gc,stats    ]   Rendezvous                        139 us
[139.090s][info][gc,stats    ]   Purge Unlinked                    155 us
[139.090s][info][gc,stats    ]     Code Roots                      146 us
[139.090s][info][gc,stats    ]     CLDG                              9 us
[139.090s][info][gc,stats    ]     Exception Caches                  0 us
[139.090s][info][gc,stats    ] Pause Final Roots (G)               114 us
[139.090s][info][gc,stats    ] Pause Final Roots (N)                28 us
[139.090s][info][gc,stats    ] 
[139.090s][info][gc,stats    ] Allocation pacing accrued:
[139.090s][info][gc,stats    ]       0 of   904 ms (  0.0%): <total>
[139.090s][info][gc,stats    ]       0 of   904 ms (  0.0%): <average total>
[139.090s][info][gc,stats    ] 
[139.090s][info][gc,metaspace] Metaspace: 9005K(9216K)->9005K(9216K) NonClass: 7833K(7936K)->7833K(7936K) Class: 1171K(1280K)->1171K(1280K)
[139.090s][info][gc,ergo     ] Pacer for Idle. Initial: 163M, Alloc Tax Rate: 1.0x
[139.974s][info][gc          ] Trigger: Learning 4 of 5. Free (5732M) is below initial threshold (5734M)
[139.974s][info][gc,ergo     ] Free: 5732M, Max: 4096K regular, 5716M humongous, Frag: 1% external, 0% internal; Reserve: 412M, Max: 4096K
[139.974s][info][gc,start    ] GC(159) Concurrent reset
[139.974s][info][gc,task     ] GC(159) Using 1 of 3 workers for concurrent reset
[139.974s][info][gc,ergo     ] GC(159) Pacer for Reset. Non-Taxable: 8192M
[139.975s][info][gc          ] GC(159) Concurrent reset 0.821ms
[139.975s][info][gc,start    ] GC(159) Pause Init Mark (unload classes)
[139.975s][info][gc,task     ] GC(159) Using 3 of 3 workers for init marking
[139.975s][info][gc,ergo     ] GC(159) Pacer for Mark. Expected Live: 13213K, Free: 5728M, Non-Taxable: 572M, Alloc Tax Rate: 0.0x
[139.975s][info][gc          ] GC(159) Pause Init Mark (unload classes) 0.157ms
[139.975s][info][gc,start    ] GC(159) Concurrent marking roots
[139.975s][info][gc,task     ] GC(159) Using 1 of 3 workers for concurrent marking roots
[139.975s][info][gc          ] GC(159) Concurrent marking roots 0.439ms
[139.975s][info][gc,start    ] GC(159) Concurrent marking (unload classes)
[139.975s][info][gc,task     ] GC(159) Using 1 of 3 workers for concurrent marking
[140.005s][info][gc          ] GC(159) Concurrent marking (unload classes) 29.762ms
[140.005s][info][gc,start    ] GC(159) Pause Final Mark (unload classes)
[140.005s][info][gc,task     ] GC(159) Using 3 of 3 workers for final marking
[140.005s][info][gc,ergo     ] GC(159) Collectable Garbage: 1892M (93%), Immediate: 1892M (93%), CSet: 0B (0%)
[140.006s][info][gc          ] GC(159) Pause Final Mark (unload classes) 0.270ms
[140.006s][info][gc,start    ] GC(159) Concurrent weak references
[140.006s][info][gc,task     ] GC(159) Using 1 of 3 workers for concurrent weak references
[140.006s][info][gc,ref      ] GC(159) Encountered references: Soft: 144, Weak: 702, Final: 0, Phantom: 27
[140.006s][info][gc,ref      ] GC(159) Discovered  references: Soft: 0, Weak: 150, Final: 0, Phantom: 25
[140.006s][info][gc,ref      ] GC(159) Enqueued    references: Soft: 0, Weak: 0, Final: 0, Phantom: 0
[140.006s][info][gc          ] GC(159) Concurrent weak references 0.181ms
[140.006s][info][gc,start    ] GC(159) Concurrent weak roots
[140.006s][info][gc,task     ] GC(159) Using 1 of 3 workers for concurrent weak root
[140.006s][info][gc          ] GC(159) Concurrent weak roots 0.620ms
[140.006s][info][gc,start    ] GC(159) Concurrent cleanup
[140.006s][info][gc          ] GC(159) Concurrent cleanup 2107M->215M(8192M) 0.041ms
[140.006s][info][gc,ergo     ] GC(159) Free: 7564M, Max: 4096K regular, 5672M humongous, Frag: 26% external, 0% internal; Reserve: 412M, Max: 4096K
[140.006s][info][gc,start    ] GC(159) Concurrent class unloading
[140.006s][info][gc,task     ] GC(159) Using 1 of 3 workers for concurrent class unloading
[140.009s][info][gc          ] GC(159) Concurrent class unloading 2.375ms
[140.009s][info][gc,start    ] GC(159) Pause Final Roots
[140.009s][info][gc          ] GC(159) Pause Final Roots 0.041ms
[140.009s][info][gc,ergo     ] Free: 7560M, Max: 4096K regular, 5672M humongous, Frag: 25% external, 0% internal; Reserve: 412M, Max: 4096K
[140.009s][info][gc,stats    ] 
[140.009s][info][gc,stats    ] All times are wall-clock times, except per-root-class counters, that are sum over
[140.009s][info][gc,stats    ] all workers. Dividing the <total> over the root stage time estimates parallelism.
[140.009s][info][gc,stats    ] 
[140.009s][info][gc,stats    ] Concurrent Reset                    879 us
[140.009s][info][gc,stats    ] Pause Init Mark (G)                 342 us
[140.009s][info][gc,stats    ] Pause Init Mark (N)                 174 us
[140.009s][info][gc,stats    ]   Update Region States               71 us
[140.009s][info][gc,stats    ] Concurrent Mark Roots               456 us, parallelism: 0.73x
[140.009s][info][gc,stats    ]   CMR: <total>                      335 us
[140.009s][info][gc,stats    ]   CMR: Thread Roots                 292 us, workers (us): 292, ---, ---, 
[140.009s][info][gc,stats    ]   CMR: VM Strong Roots                5 us, workers (us):   5, ---, ---, 
[140.009s][info][gc,stats    ]   CMR: CLDG Roots                    38 us, workers (us):  38, ---, ---, 
[140.009s][info][gc,stats    ] Concurrent Marking                29832 us
[140.009s][info][gc,stats    ] Pause Final Mark (G)                386 us
[140.009s][info][gc,stats    ] Pause Final Mark (N)                290 us
[140.009s][info][gc,stats    ]   Finish Mark                        72 us
[140.009s][info][gc,stats    ]   Update Region States               55 us
[140.009s][info][gc,stats    ]   Choose Collection Set              64 us
[140.009s][info][gc,stats    ]   Rebuild Free Set                   17 us
[140.009s][info][gc,stats    ] Concurrent Weak References          197 us, parallelism: 0.04x
[140.009s][info][gc,stats    ]   CWRF: <total>                       8 us
[140.009s][info][gc,stats    ]   CWRF: Weak References               8 us, workers (us):   8, ---, ---, 
[140.009s][info][gc,stats    ] Concurrent Weak Roots               639 us
[140.009s][info][gc,stats    ]   Roots                             492 us, parallelism: 0.88x
[140.009s][info][gc,stats    ]     CWR: <total>                    433 us
[140.009s][info][gc,stats    ]     CWR: Code Cache Roots           361 us, workers (us): 361, ---, ---, 
[140.009s][info][gc,stats    ]     CWR: VM Weak Roots               66 us, workers (us):  66, ---, ---, 
[140.009s][info][gc,stats    ]     CWR: CLDG Roots                   6 us, workers (us):   6, ---, ---, 
[140.009s][info][gc,stats    ]   Rendezvous                         96 us
[140.009s][info][gc,stats    ] Concurrent Cleanup                   50 us
[140.009s][info][gc,stats    ] Concurrent Class Unloading         2426 us
[140.009s][info][gc,stats    ]   Unlink Stale                     2101 us
[140.010s][info][gc,stats    ]     System Dictionary                 2 us
[140.010s][info][gc,stats    ]     Weak Class Links                  0 us
[140.010s][info][gc,stats    ]     Code Roots                     2097 us
[140.010s][info][gc,stats    ]   Rendezvous                        104 us
[140.010s][info][gc,stats    ]   Purge Unlinked                    153 us
[140.010s][info][gc,stats    ]     Code Roots                      144 us
[140.010s][info][gc,stats    ]     CLDG                              8 us
[140.010s][info][gc,stats    ]     Exception Caches                  0 us
[140.010s][info][gc,stats    ] Pause Final Roots (G)               189 us
[140.010s][info][gc,stats    ] Pause Final Roots (N)                59 us
[140.010s][info][gc,stats    ] 
[140.010s][info][gc,stats    ] Allocation pacing accrued:
[140.010s][info][gc,stats    ]       0 of   919 ms (  0.0%): <total>
[140.010s][info][gc,stats    ]       0 of   919 ms (  0.0%): <average total>
[140.010s][info][gc,stats    ] 
[140.010s][info][gc,metaspace] Metaspace: 9005K(9216K)->9005K(9216K) NonClass: 7833K(7936K)->7833K(7936K) Class: 1171K(1280K)->1171K(1280K)
[140.010s][info][gc,ergo     ] Pacer for Idle. Initial: 163M, Alloc Tax Rate: 1.0x
[140.727s][info][gc          ] Trigger: Explicit GC request (System.gc())
[140.727s][info][gc,ergo     ] Free: 6660M, Max: 4096K regular, 5672M humongous, Frag: 15% external, 0% internal; Reserve: 412M, Max: 4096K
[140.727s][info][gc,start    ] GC(160) Concurrent reset
[140.727s][info][gc,task     ] GC(160) Using 1 of 3 workers for concurrent reset
[140.727s][info][gc,ergo     ] GC(160) Pacer for Reset. Non-Taxable: 8192M
[140.728s][info][gc          ] GC(160) Concurrent reset 1.051ms
[140.728s][info][gc,start    ] GC(160) Pause Init Mark (unload classes)
[140.729s][info][gc,task     ] GC(160) Using 3 of 3 workers for init marking
[140.729s][info][gc,ref      ] GC(160) Clearing All SoftReferences
[140.729s][info][gc,ergo     ] GC(160) Pacer for Mark. Expected Live: 14452K, Free: 6660M, Non-Taxable: 666M, Alloc Tax Rate: 0.0x
[140.729s][info][gc          ] GC(160) Pause Init Mark (unload classes) 0.203ms
[140.729s][info][gc,start    ] GC(160) Concurrent marking roots
[140.729s][info][gc,task     ] GC(160) Using 1 of 3 workers for concurrent marking roots
[140.729s][info][gc          ] GC(160) Concurrent marking roots 0.478ms
[140.729s][info][gc,start    ] GC(160) Concurrent marking (unload classes)
[140.729s][info][gc,task     ] GC(160) Using 1 of 3 workers for concurrent marking
[140.733s][info][gc          ] GC(160) Concurrent marking (unload classes) 3.385ms
[140.733s][info][gc,start    ] GC(160) Pause Final Mark (unload classes)
[140.733s][info][gc,task     ] GC(160) Using 3 of 3 workers for final marking
[140.733s][info][gc,ergo     ] GC(160) Collectable Garbage: 1043M (93%), Immediate: 1043M (93%), CSet: 0B (0%)
[140.733s][info][gc          ] GC(160) Pause Final Mark (unload classes) 0.290ms
[140.733s][info][gc,start    ] GC(160) Concurrent weak references
[140.733s][info][gc,task     ] GC(160) Using 1 of 3 workers for concurrent weak references
[140.733s][info][gc,ref      ] GC(160) Encountered references: Soft: 144, Weak: 702, Final: 0, Phantom: 27
[140.733s][info][gc,ref      ] GC(160) Discovered  references: Soft: 89, Weak: 168, Final: 0, Phantom: 25
[140.733s][info][gc,ref      ] GC(160) Enqueued    references: Soft: 3, Weak: 0, Final: 0, Phantom: 0
[140.733s][info][gc          ] GC(160) Concurrent weak references 0.136ms
[140.733s][info][gc,start    ] GC(160) Concurrent weak roots
[140.733s][info][gc,task     ] GC(160) Using 1 of 3 workers for concurrent weak root
[140.734s][info][gc          ] GC(160) Concurrent weak roots 0.736ms
[140.734s][info][gc,start    ] GC(160) Concurrent cleanup
[140.734s][info][gc          ] GC(160) Concurrent cleanup 1119M->75M(8192M) 0.043ms
[140.734s][info][gc,ergo     ] GC(160) Free: 7704M, Max: 4096K regular, 6788M humongous, Frag: 12% external, 0% internal; Reserve: 412M, Max: 4096K
[140.734s][info][gc,start    ] GC(160) Concurrent class unloading
[140.734s][info][gc,task     ] GC(160) Using 1 of 3 workers for concurrent class unloading
[140.736s][info][gc          ] GC(160) Concurrent class unloading 2.240ms
[140.736s][info][gc,start    ] GC(160) Pause Final Roots
[140.736s][info][gc          ] GC(160) Pause Final Roots 0.021ms
[140.737s][info][gc,ergo     ] Free: 7704M, Max: 4096K regular, 6788M humongous, Frag: 12% external, 0% internal; Reserve: 412M, Max: 4096K
[140.737s][info][gc,stats    ] 
[140.737s][info][gc,stats    ] All times are wall-clock times, except per-root-class counters, that are sum over
[140.737s][info][gc,stats    ] all workers. Dividing the <total> over the root stage time estimates parallelism.
[140.737s][info][gc,stats    ] 
[140.737s][info][gc,stats    ] Concurrent Reset                   1119 us
[140.737s][info][gc,stats    ] Pause Init Mark (G)                 365 us
[140.737s][info][gc,stats    ] Pause Init Mark (N)                 225 us
[140.737s][info][gc,stats    ]   Update Region States               75 us
[140.737s][info][gc,stats    ] Concurrent Mark Roots               501 us, parallelism: 0.66x
[140.737s][info][gc,stats    ]   CMR: <total>                      328 us
[140.737s][info][gc,stats    ]   CMR: Thread Roots                 287 us, workers (us): 287, ---, ---, 
[140.737s][info][gc,stats    ]   CMR: VM Strong Roots                8 us, workers (us):   8, ---, ---, 
[140.737s][info][gc,stats    ]   CMR: CLDG Roots                    33 us, workers (us):  33, ---, ---, 
[140.737s][info][gc,stats    ] Concurrent Marking                 3449 us
[140.737s][info][gc,stats    ] Pause Final Mark (G)                415 us
[140.737s][info][gc,stats    ] Pause Final Mark (N)                312 us
[140.737s][info][gc,stats    ]   Finish Mark                        77 us
[140.737s][info][gc,stats    ]   Update Region States               59 us
[140.737s][info][gc,stats    ]   Choose Collection Set              53 us
[140.737s][info][gc,stats    ]   Rebuild Free Set                   21 us
[140.737s][info][gc,stats    ] Concurrent Weak References          144 us, parallelism: 0.11x
[140.737s][info][gc,stats    ]   CWRF: <total>                      15 us
[140.737s][info][gc,stats    ]   CWRF: Weak References              15 us, workers (us):  15, ---, ---, 
[140.737s][info][gc,stats    ] Concurrent Weak Roots               770 us
[140.737s][info][gc,stats    ]   Roots                             613 us, parallelism: 0.89x
[140.737s][info][gc,stats    ]     CWR: <total>                    547 us
[140.737s][info][gc,stats    ]     CWR: Code Cache Roots           439 us, workers (us): 439, ---, ---, 
[140.737s][info][gc,stats    ]     CWR: VM Weak Roots               98 us, workers (us):  98, ---, ---, 
[140.737s][info][gc,stats    ]     CWR: CLDG Roots                  11 us, workers (us):  11, ---, ---, 
[140.737s][info][gc,stats    ]   Rendezvous                        106 us
[140.737s][info][gc,stats    ] Concurrent Cleanup                   51 us
[140.737s][info][gc,stats    ] Concurrent Class Unloading         2321 us
[140.737s][info][gc,stats    ]   Unlink Stale                     1989 us
[140.737s][info][gc,stats    ]     System Dictionary                 6 us
[140.737s][info][gc,stats    ]     Weak Class Links                  0 us
[140.737s][info][gc,stats    ]     Code Roots                     1981 us
[140.737s][info][gc,stats    ]   Rendezvous                         53 us
[140.737s][info][gc,stats    ]   Purge Unlinked                    179 us
[140.737s][info][gc,stats    ]     Code Roots                      169 us
[140.737s][info][gc,stats    ]     CLDG                              9 us
[140.737s][info][gc,stats    ]     Exception Caches                  0 us
[140.737s][info][gc,stats    ] Pause Final Roots (G)                99 us
[140.737s][info][gc,stats    ] Pause Final Roots (N)                29 us
[140.737s][info][gc,stats    ] 
[140.737s][info][gc,stats    ] Allocation pacing accrued:
[140.737s][info][gc,stats    ]       0 of   727 ms (  0.0%): <total>
[140.737s][info][gc,stats    ]       0 of   727 ms (  0.0%): <average total>
[140.737s][info][gc,stats    ] 
[140.737s][info][gc,metaspace] Metaspace: 9005K(9216K)->9005K(9216K) NonClass: 7833K(7936K)->7833K(7936K) Class: 1171K(1280K)->1171K(1280K)
[140.737s][info][gc,ergo     ] Pacer for Idle. Initial: 163M, Alloc Tax Rate: 1.0x
[141.654s][info][gc          ] Trigger: Learning 2 of 5. Free (5708M) is below initial threshold (5734M)
[141.654s][info][gc,ergo     ] Free: 5708M, Max: 4096K regular, 5708M humongous, Frag: 0% external, 0% internal; Reserve: 412M, Max: 4096K
[141.654s][info][gc,start    ] GC(161) Concurrent reset
[141.654s][info][gc,task     ] GC(161) Using 1 of 3 workers for concurrent reset
[141.654s][info][gc,ergo     ] GC(161) Pacer for Reset. Non-Taxable: 8192M
[141.655s][info][gc          ] GC(161) Concurrent reset 0.480ms
[141.655s][info][gc,start    ] GC(161) Pause Init Mark (unload classes)
[141.655s][info][gc,task     ] GC(161) Using 3 of 3 workers for init marking
[141.655s][info][gc,ergo     ] GC(161) Pacer for Mark. Expected Live: 10655K, Free: 5704M, Non-Taxable: 570M, Alloc Tax Rate: 0.0x
[141.655s][info][gc          ] GC(161) Pause Init Mark (unload classes) 0.156ms
[141.655s][info][gc,start    ] GC(161) Concurrent marking roots
[141.655s][info][gc,task     ] GC(161) Using 1 of 3 workers for concurrent marking roots
[141.656s][info][gc          ] GC(161) Concurrent marking roots 0.699ms
[141.656s][info][gc,start    ] GC(161) Concurrent marking (unload classes)
[141.656s][info][gc,task     ] GC(161) Using 1 of 3 workers for concurrent marking
[141.669s][info][gc          ] GC(161) Concurrent marking (unload classes) 12.816ms
[141.669s][info][gc,start    ] GC(161) Pause Final Mark (unload classes)
[141.669s][info][gc,task     ] GC(161) Using 3 of 3 workers for final marking
[141.669s][info][gc,ergo     ] GC(161) Collectable Garbage: 1960M (94%), Immediate: 1960M (94%), CSet: 0B (0%)
[141.669s][info][gc          ] GC(161) Pause Final Mark (unload classes) 0.340ms
[141.669s][info][gc,start    ] GC(161) Concurrent weak references
[141.669s][info][gc,task     ] GC(161) Using 1 of 3 workers for concurrent weak references
[141.669s][info][gc,ref      ] GC(161) Encountered references: Soft: 144, Weak: 702, Final: 0, Phantom: 27
[141.669s][info][gc,ref      ] GC(161) Discovered  references: Soft: 0, Weak: 150, Final: 0, Phantom: 12
[141.669s][info][gc,ref      ] GC(161) Enqueued    references: Soft: 0, Weak: 0, Final: 0, Phantom: 0
[141.669s][info][gc          ] GC(161) Concurrent weak references 0.123ms
[141.669s][info][gc,start    ] GC(161) Concurrent weak roots
[141.669s][info][gc,task     ] GC(161) Using 1 of 3 workers for concurrent weak root
[141.670s][info][gc          ] GC(161) Concurrent weak roots 0.573ms
[141.670s][info][gc,start    ] GC(161) Concurrent cleanup
[141.670s][info][gc          ] GC(161) Concurrent cleanup 2107M->147M(8192M) 0.044ms
[141.670s][info][gc,ergo     ] GC(161) Free: 7632M, Max: 4096K regular, 5672M humongous, Frag: 26% external, 0% internal; Reserve: 412M, Max: 4096K
[141.670s][info][gc,start    ] GC(161) Concurrent class unloading
[141.670s][info][gc,task     ] GC(161) Using 1 of 3 workers for concurrent class unloading
[141.672s][info][gc          ] GC(161) Concurrent class unloading 2.094ms
[141.672s][info][gc,start    ] GC(161) Pause Final Roots
[141.672s][info][gc          ] GC(161) Pause Final Roots 0.023ms
[141.672s][info][gc,ergo     ] Free: 7628M, Max: 4096K regular, 5672M humongous, Frag: 26% external, 0% internal; Reserve: 412M, Max: 4096K
[141.672s][info][gc,stats    ] 
[141.672s][info][gc,stats    ] All times are wall-clock times, except per-root-class counters, that are sum over
[141.672s][info][gc,stats    ] all workers. Dividing the <total> over the root stage time estimates parallelism.
[141.672s][info][gc,stats    ] 
[141.672s][info][gc,stats    ] Concurrent Reset                    546 us
[141.672s][info][gc,stats    ] Pause Init Mark (G)                 369 us
[141.672s][info][gc,stats    ] Pause Init Mark (N)                 173 us
[141.672s][info][gc,stats    ]   Update Region States               70 us
[141.672s][info][gc,stats    ] Concurrent Mark Roots               717 us, parallelism: 0.83x
[141.672s][info][gc,stats    ]   CMR: <total>                      593 us
[141.672s][info][gc,stats    ]   CMR: Thread Roots                 523 us, workers (us): 523, ---, ---, 
[141.672s][info][gc,stats    ]   CMR: VM Strong Roots                6 us, workers (us):   6, ---, ---, 
[141.672s][info][gc,stats    ]   CMR: CLDG Roots                    63 us, workers (us):  63, ---, ---, 
[141.672s][info][gc,stats    ] Concurrent Marking                12884 us
[141.672s][info][gc,stats    ] Pause Final Mark (G)                531 us
[141.672s][info][gc,stats    ] Pause Final Mark (N)                360 us
[141.672s][info][gc,stats    ]   Finish Mark                       105 us
[141.673s][info][gc,stats    ]   Update Region States               90 us
[141.673s][info][gc,stats    ]   Choose Collection Set              60 us
[141.673s][info][gc,stats    ]   Rebuild Free Set                   16 us
[141.673s][info][gc,stats    ] Concurrent Weak References          130 us, parallelism: 0.04x
[141.673s][info][gc,stats    ]   CWRF: <total>                       5 us
[141.673s][info][gc,stats    ]   CWRF: Weak References               5 us, workers (us):   5, ---, ---, 
[141.673s][info][gc,stats    ] Concurrent Weak Roots               593 us
[141.673s][info][gc,stats    ]   Roots                             471 us, parallelism: 0.89x
[141.673s][info][gc,stats    ]     CWR: <total>                    419 us
[141.673s][info][gc,stats    ]     CWR: Code Cache Roots           349 us, workers (us): 349, ---, ---, 
[141.673s][info][gc,stats    ]     CWR: VM Weak Roots               64 us, workers (us):  64, ---, ---, 
[141.673s][info][gc,stats    ]     CWR: CLDG Roots                   6 us, workers (us):   6, ---, ---, 
[141.673s][info][gc,stats    ]   Rendezvous                         86 us
[141.673s][info][gc,stats    ] Concurrent Cleanup                   52 us
[141.673s][info][gc,stats    ] Concurrent Class Unloading         2144 us
[141.673s][info][gc,stats    ]   Unlink Stale                     1807 us
[141.673s][info][gc,stats    ]     System Dictionary                 3 us
[141.673s][info][gc,stats    ]     Weak Class Links                  0 us
[141.673s][info][gc,stats    ]     Code Roots                     1803 us
[141.673s][info][gc,stats    ]   Rendezvous                        149 us
[141.673s][info][gc,stats    ]   Purge Unlinked                    119 us
[141.673s][info][gc,stats    ]     Code Roots                      110 us
[141.673s][info][gc,stats    ]     CLDG                              9 us
[141.673s][info][gc,stats    ]     Exception Caches                  0 us
[141.673s][info][gc,stats    ] Pause Final Roots (G)               132 us
[141.673s][info][gc,stats    ] Pause Final Roots (N)                31 us
[141.673s][info][gc,stats    ] 
[141.673s][info][gc,stats    ] Allocation pacing accrued:
[141.673s][info][gc,stats    ]       0 of   936 ms (  0.0%): <total>
[141.673s][info][gc,stats    ]       0 of   936 ms (  0.0%): <average total>
[141.673s][info][gc,stats    ] 
[141.673s][info][gc,metaspace] Metaspace: 9005K(9216K)->9005K(9216K) NonClass: 7833K(7936K)->7833K(7936K) Class: 1171K(1280K)->1171K(1280K)
[141.673s][info][gc,ergo     ] Pacer for Idle. Initial: 163M, Alloc Tax Rate: 1.0x
[142.549s][info][gc          ] Trigger: Learning 3 of 5. Free (5720M) is below initial threshold (5734M)
[142.549s][info][gc,ergo     ] Free: 5720M, Max: 4096K regular, 5672M humongous, Frag: 1% external, 0% internal; Reserve: 412M, Max: 4096K
[142.549s][info][gc,start    ] GC(162) Concurrent reset
[142.549s][info][gc,task     ] GC(162) Using 1 of 3 workers for concurrent reset
[142.549s][info][gc,ergo     ] GC(162) Pacer for Reset. Non-Taxable: 8192M
[142.549s][info][gc          ] GC(162) Concurrent reset 0.762ms
[142.550s][info][gc,start    ] GC(162) Pause Init Mark (unload classes)
[142.550s][info][gc,task     ] GC(162) Using 3 of 3 workers for init marking
[142.550s][info][gc,ergo     ] GC(162) Pacer for Mark. Expected Live: 11954K, Free: 5716M, Non-Taxable: 571M, Alloc Tax Rate: 0.0x
[142.550s][info][gc          ] GC(162) Pause Init Mark (unload classes) 0.182ms
[142.550s][info][gc,start    ] GC(162) Concurrent marking roots
[142.550s][info][gc,task     ] GC(162) Using 1 of 3 workers for concurrent marking roots
[142.550s][info][gc          ] GC(162) Concurrent marking roots 0.531ms
[142.550s][info][gc,start    ] GC(162) Concurrent marking (unload classes)
[142.550s][info][gc,task     ] GC(162) Using 1 of 3 workers for concurrent marking
[142.572s][info][gc          ] GC(162) Concurrent marking (unload classes) 21.103ms
[142.572s][info][gc,start    ] GC(162) Pause Final Mark (unload classes)
[142.572s][info][gc,task     ] GC(162) Using 3 of 3 workers for final marking
[142.572s][info][gc,ergo     ] GC(162) Collectable Garbage: 1927M (94%), Immediate: 1927M (94%), CSet: 0B (0%)
[142.572s][info][gc          ] GC(162) Pause Final Mark (unload classes) 0.344ms
[142.572s][info][gc,start    ] GC(162) Concurrent weak references
[142.572s][info][gc,task     ] GC(162) Using 1 of 3 workers for concurrent weak references
[142.572s][info][gc,ref      ] GC(162) Encountered references: Soft: 144, Weak: 702, Final: 0, Phantom: 27
[142.572s][info][gc,ref      ] GC(162) Discovered  references: Soft: 0, Weak: 150, Final: 0, Phantom: 12
[142.572s][info][gc,ref      ] GC(162) Enqueued    references: Soft: 0, Weak: 0, Final: 0, Phantom: 0
[142.572s][info][gc          ] GC(162) Concurrent weak references 0.195ms
[142.572s][info][gc,start    ] GC(162) Concurrent weak roots
[142.572s][info][gc,task     ] GC(162) Using 1 of 3 workers for concurrent weak root
[142.573s][info][gc          ] GC(162) Concurrent weak roots 0.598ms
[142.573s][info][gc,start    ] GC(162) Concurrent cleanup
[142.573s][info][gc          ] GC(162) Concurrent cleanup 2111M->183M(8192M) 0.042ms
[142.573s][info][gc,ergo     ] GC(162) Free: 7596M, Max: 4096K regular, 5668M humongous, Frag: 26% external, 0% internal; Reserve: 412M, Max: 4096K
[142.573s][info][gc,start    ] GC(162) Concurrent class unloading
[142.573s][info][gc,task     ] GC(162) Using 1 of 3 workers for concurrent class unloading
[142.575s][info][gc          ] GC(162) Concurrent class unloading 2.468ms
[142.576s][info][gc,start    ] GC(162) Pause Final Roots
[142.576s][info][gc          ] GC(162) Pause Final Roots 0.024ms
[142.576s][info][gc,ergo     ] Free: 7588M, Max: 4096K regular, 5668M humongous, Frag: 26% external, 0% internal; Reserve: 412M, Max: 4096K
[142.576s][info][gc,stats    ] 
[142.576s][info][gc,stats    ] All times are wall-clock times, except per-root-class counters, that are sum over
[142.576s][info][gc,stats    ] all workers. Dividing the <total> over the root stage time estimates parallelism.
[142.576s][info][gc,stats    ] 
[142.576s][info][gc,stats    ] Concurrent Reset                    825 us
[142.576s][info][gc,stats    ] Pause Init Mark (G)                 351 us
[142.576s][info][gc,stats    ] Pause Init Mark (N)                 199 us
[142.576s][info][gc,stats    ]   Update Region States               77 us
[142.576s][info][gc,stats    ] Concurrent Mark Roots               555 us, parallelism: 0.74x
[142.576s][info][gc,stats    ]   CMR: <total>                      411 us
[142.576s][info][gc,stats    ]   CMR: Thread Roots                 368 us, workers (us): 368, ---, ---, 
[142.576s][info][gc,stats    ]   CMR: VM Strong Roots                5 us, workers (us):   5, ---, ---, 
[142.576s][info][gc,stats    ]   CMR: CLDG Roots                    37 us, workers (us):  37, ---, ---, 
[142.576s][info][gc,stats    ] Concurrent Marking                21167 us
[142.576s][info][gc,stats    ] Pause Final Mark (G)                510 us
[142.576s][info][gc,stats    ] Pause Final Mark (N)                364 us
[142.576s][info][gc,stats    ]   Finish Mark                       105 us
[142.576s][info][gc,stats    ]   Update Region States               89 us
[142.576s][info][gc,stats    ]   Choose Collection Set              62 us
[142.576s][info][gc,stats    ]   Rebuild Free Set                   16 us
[142.576s][info][gc,stats    ] Concurrent Weak References          211 us, parallelism: 0.04x
[142.576s][info][gc,stats    ]   CWRF: <total>                       7 us
[142.576s][info][gc,stats    ]   CWRF: Weak References               7 us, workers (us):   7, ---, ---, 
[142.576s][info][gc,stats    ] Concurrent Weak Roots               617 us
[142.576s][info][gc,stats    ]   Roots                             485 us, parallelism: 0.89x
[142.576s][info][gc,stats    ]     CWR: <total>                    429 us
[142.576s][info][gc,stats    ]     CWR: Code Cache Roots           352 us, workers (us): 352, ---, ---, 
[142.576s][info][gc,stats    ]     CWR: VM Weak Roots               71 us, workers (us):  71, ---, ---, 
[142.576s][info][gc,stats    ]     CWR: CLDG Roots                   6 us, workers (us):   6, ---, ---, 
[142.576s][info][gc,stats    ]   Rendezvous                         81 us
[142.576s][info][gc,stats    ] Concurrent Cleanup                   50 us
[142.576s][info][gc,stats    ] Concurrent Class Unloading         2526 us
[142.576s][info][gc,stats    ]   Unlink Stale                     2163 us
[142.576s][info][gc,stats    ]     System Dictionary                 3 us
[142.576s][info][gc,stats    ]     Weak Class Links                  0 us
[142.576s][info][gc,stats    ]     Code Roots                     2158 us
[142.576s][info][gc,stats    ]   Rendezvous                        153 us
[142.576s][info][gc,stats    ]   Purge Unlinked                    129 us
[142.576s][info][gc,stats    ]     Code Roots                      120 us
[142.576s][info][gc,stats    ]     CLDG                              8 us
[142.576s][info][gc,stats    ]     Exception Caches                  0 us
[142.576s][info][gc,stats    ] Pause Final Roots (G)               153 us
[142.576s][info][gc,stats    ] Pause Final Roots (N)                42 us
[142.576s][info][gc,stats    ] 
[142.576s][info][gc,stats    ] Allocation pacing accrued:
[142.576s][info][gc,stats    ]       0 of   904 ms (  0.0%): <total>
[142.576s][info][gc,stats    ]       0 of   904 ms (  0.0%): <average total>
[142.576s][info][gc,stats    ] 
[142.576s][info][gc,metaspace] Metaspace: 9005K(9216K)->9005K(9216K) NonClass: 7833K(7936K)->7833K(7936K) Class: 1171K(1280K)->1171K(1280K)
[142.576s][info][gc,ergo     ] Pacer for Idle. Initial: 163M, Alloc Tax Rate: 1.0x
[143.459s][info][gc          ] Trigger: Learning 4 of 5. Free (5732M) is below initial threshold (5734M)
[143.459s][info][gc,ergo     ] Free: 5732M, Max: 4096K regular, 5668M humongous, Frag: 2% external, 0% internal; Reserve: 412M, Max: 4096K
[143.460s][info][gc,start    ] GC(163) Concurrent reset
[143.460s][info][gc,task     ] GC(163) Using 1 of 3 workers for concurrent reset
[143.460s][info][gc,ergo     ] GC(163) Pacer for Reset. Non-Taxable: 8192M
[143.460s][info][gc          ] GC(163) Concurrent reset 0.913ms
[143.461s][info][gc,start    ] GC(163) Pause Init Mark (unload classes)
[143.461s][info][gc,task     ] GC(163) Using 3 of 3 workers for init marking
[143.461s][info][gc,ergo     ] GC(163) Pacer for Mark. Expected Live: 13174K, Free: 5732M, Non-Taxable: 573M, Alloc Tax Rate: 0.0x
[143.461s][info][gc          ] GC(163) Pause Init Mark (unload classes) 0.182ms
[143.461s][info][gc,start    ] GC(163) Concurrent marking roots
[143.461s][info][gc,task     ] GC(163) Using 1 of 3 workers for concurrent marking roots
[143.462s][info][gc          ] GC(163) Concurrent marking roots 0.694ms
[143.462s][info][gc,start    ] GC(163) Concurrent marking (unload classes)
[143.462s][info][gc,task     ] GC(163) Using 1 of 3 workers for concurrent marking
[143.491s][info][gc          ] GC(163) Concurrent marking (unload classes) 29.811ms
[143.492s][info][gc,start    ] GC(163) Pause Final Mark (unload classes)
[143.492s][info][gc,task     ] GC(163) Using 3 of 3 workers for final marking
[143.492s][info][gc,ergo     ] GC(163) Collectable Garbage: 1899M (93%), Immediate: 1899M (93%), CSet: 0B (0%)
[143.492s][info][gc          ] GC(163) Pause Final Mark (unload classes) 0.348ms
[143.492s][info][gc,start    ] GC(163) Concurrent weak references
[143.492s][info][gc,task     ] GC(163) Using 1 of 3 workers for concurrent weak references
[143.492s][info][gc,ref      ] GC(163) Encountered references: Soft: 144, Weak: 702, Final: 0, Phantom: 27
[143.492s][info][gc,ref      ] GC(163) Discovered  references: Soft: 0, Weak: 150, Final: 0, Phantom: 12
[143.492s][info][gc,ref      ] GC(163) Enqueued    references: Soft: 0, Weak: 0, Final: 0, Phantom: 0
[143.492s][info][gc          ] GC(163) Concurrent weak references 0.191ms
[143.492s][info][gc,start    ] GC(163) Concurrent weak roots
[143.492s][info][gc,task     ] GC(163) Using 1 of 3 workers for concurrent weak root
[143.493s][info][gc          ] GC(163) Concurrent weak roots 0.576ms
[143.493s][info][gc,start    ] GC(163) Concurrent cleanup
[143.493s][info][gc          ] GC(163) Concurrent cleanup 2103M->203M(8192M) 0.042ms
[143.493s][info][gc,ergo     ] GC(163) Free: 7576M, Max: 4096K regular, 5684M humongous, Frag: 25% external, 0% internal; Reserve: 412M, Max: 4096K
[143.493s][info][gc,start    ] GC(163) Concurrent class unloading
[143.493s][info][gc,task     ] GC(163) Using 1 of 3 workers for concurrent class unloading
[143.495s][info][gc          ] GC(163) Concurrent class unloading 2.308ms
[143.495s][info][gc,start    ] GC(163) Pause Final Roots
[143.495s][info][gc          ] GC(163) Pause Final Roots 0.020ms
[143.495s][info][gc,ergo     ] Free: 7568M, Max: 4096K regular, 5684M humongous, Frag: 25% external, 0% internal; Reserve: 412M, Max: 4096K
[143.495s][info][gc,stats    ] 
[143.495s][info][gc,stats    ] All times are wall-clock times, except per-root-class counters, that are sum over
[143.495s][info][gc,stats    ] all workers. Dividing the <total> over the root stage time estimates parallelism.
[143.495s][info][gc,stats    ] 
[143.495s][info][gc,stats    ] Concurrent Reset                    983 us
[143.495s][info][gc,stats    ] Pause Init Mark (G)                 350 us
[143.495s][info][gc,stats    ] Pause Init Mark (N)                 199 us
[143.495s][info][gc,stats    ]   Update Region States               77 us
[143.496s][info][gc,stats    ] Concurrent Mark Roots               718 us, parallelism: 0.80x
[143.496s][info][gc,stats    ]   CMR: <total>                      573 us
[143.496s][info][gc,stats    ]   CMR: Thread Roots                 530 us, workers (us): 530, ---, ---, 
[143.496s][info][gc,stats    ]   CMR: VM Strong Roots                5 us, workers (us):   5, ---, ---, 
[143.496s][info][gc,stats    ]   CMR: CLDG Roots                    38 us, workers (us):  38, ---, ---, 
[143.496s][info][gc,stats    ] Concurrent Marking                29877 us
[143.496s][info][gc,stats    ] Pause Final Mark (G)                515 us
[143.496s][info][gc,stats    ] Pause Final Mark (N)                368 us
[143.496s][info][gc,stats    ]   Finish Mark                       101 us
[143.496s][info][gc,stats    ]   Update Region States               89 us
[143.496s][info][gc,stats    ]   Choose Collection Set              62 us
[143.496s][info][gc,stats    ]   Rebuild Free Set                   16 us
[143.496s][info][gc,stats    ] Concurrent Weak References          199 us, parallelism: 0.04x
[143.496s][info][gc,stats    ]   CWRF: <total>                       7 us
[143.496s][info][gc,stats    ]   CWRF: Weak References               7 us, workers (us):   7, ---, ---, 
[143.496s][info][gc,stats    ] Concurrent Weak Roots               595 us
[143.496s][info][gc,stats    ]   Roots                             477 us, parallelism: 0.89x
[143.496s][info][gc,stats    ]     CWR: <total>                    424 us
[143.496s][info][gc,stats    ]     CWR: Code Cache Roots           354 us, workers (us): 354, ---, ---, 
[143.496s][info][gc,stats    ]     CWR: VM Weak Roots               64 us, workers (us):  64, ---, ---, 
[143.496s][info][gc,stats    ]     CWR: CLDG Roots                   6 us, workers (us):   6, ---, ---, 
[143.496s][info][gc,stats    ]   Rendezvous                         82 us
[143.496s][info][gc,stats    ] Concurrent Cleanup                   50 us
[143.496s][info][gc,stats    ] Concurrent Class Unloading         2356 us
[143.496s][info][gc,stats    ]   Unlink Stale                     2133 us
[143.496s][info][gc,stats    ]     System Dictionary                 3 us
[143.496s][info][gc,stats    ]     Weak Class Links                  0 us
[143.496s][info][gc,stats    ]     Code Roots                     2129 us
[143.496s][info][gc,stats    ]   Rendezvous                         55 us
[143.496s][info][gc,stats    ]   Purge Unlinked                    103 us
[143.496s][info][gc,stats    ]     Code Roots                       93 us
[143.496s][info][gc,stats    ]     CLDG                              8 us
[143.496s][info][gc,stats    ]     Exception Caches                  0 us
[143.496s][info][gc,stats    ] Pause Final Roots (G)               125 us
[143.496s][info][gc,stats    ] Pause Final Roots (N)                32 us
[143.496s][info][gc,stats    ] 
[143.496s][info][gc,stats    ] Allocation pacing accrued:
[143.496s][info][gc,stats    ]       0 of   920 ms (  0.0%): <total>
[143.496s][info][gc,stats    ]       0 of   920 ms (  0.0%): <average total>
[143.496s][info][gc,stats    ] 
[143.496s][info][gc,metaspace] Metaspace: 9005K(9216K)->9005K(9216K) NonClass: 7833K(7936K)->7833K(7936K) Class: 1171K(1280K)->1171K(1280K)
[143.496s][info][gc,ergo     ] Pacer for Idle. Initial: 163M, Alloc Tax Rate: 1.0x
[144.198s][info][gc          ] Trigger: Explicit GC request (System.gc())
[144.198s][info][gc,ergo     ] Free: 6680M, Max: 4096K regular, 5684M humongous, Frag: 15% external, 0% internal; Reserve: 412M, Max: 4096K
[144.198s][info][gc,start    ] GC(164) Concurrent reset
[144.198s][info][gc,task     ] GC(164) Using 1 of 3 workers for concurrent reset
[144.198s][info][gc,ergo     ] GC(164) Pacer for Reset. Non-Taxable: 8192M
[144.199s][info][gc          ] GC(164) Concurrent reset 0.962ms
[144.199s][info][gc,start    ] GC(164) Pause Init Mark (unload classes)
[144.199s][info][gc,task     ] GC(164) Using 3 of 3 workers for init marking
[144.199s][info][gc,ref      ] GC(164) Clearing All SoftReferences
[144.199s][info][gc,ergo     ] GC(164) Pacer for Mark. Expected Live: 14424K, Free: 6680M, Non-Taxable: 668M, Alloc Tax Rate: 0.0x
[144.199s][info][gc          ] GC(164) Pause Init Mark (unload classes) 0.098ms
[144.199s][info][gc,start    ] GC(164) Concurrent marking roots
[144.199s][info][gc,task     ] GC(164) Using 1 of 3 workers for concurrent marking roots
[144.200s][info][gc          ] GC(164) Concurrent marking roots 0.438ms
[144.200s][info][gc,start    ] GC(164) Concurrent marking (unload classes)
[144.200s][info][gc,task     ] GC(164) Using 1 of 3 workers for concurrent marking
[144.203s][info][gc          ] GC(164) Concurrent marking (unload classes) 3.826ms
[144.203s][info][gc,start    ] GC(164) Pause Final Mark (unload classes)
[144.203s][info][gc,task     ] GC(164) Using 3 of 3 workers for final marking
[144.204s][info][gc,ergo     ] GC(164) Collectable Garbage: 1023M (93%), Immediate: 1023M (93%), CSet: 0B (0%)
[144.204s][info][gc          ] GC(164) Pause Final Mark (unload classes) 0.380ms
[144.204s][info][gc,start    ] GC(164) Concurrent weak references
[144.204s][info][gc,task     ] GC(164) Using 1 of 3 workers for concurrent weak references
[144.204s][info][gc,ref      ] GC(164) Encountered references: Soft: 144, Weak: 702, Final: 0, Phantom: 27
[144.204s][info][gc,ref      ] GC(164) Discovered  references: Soft: 89, Weak: 168, Final: 0, Phantom: 25
[144.204s][info][gc,ref      ] GC(164) Enqueued    references: Soft: 3, Weak: 0, Final: 0, Phantom: 0
[144.204s][info][gc          ] GC(164) Concurrent weak references 0.165ms
[144.204s][info][gc,start    ] GC(164) Concurrent weak roots
[144.204s][info][gc,task     ] GC(164) Using 1 of 3 workers for concurrent weak root
[144.205s][info][gc          ] GC(164) Concurrent weak roots 0.522ms
[144.205s][info][gc,start    ] GC(164) Concurrent cleanup
[144.205s][info][gc          ] GC(164) Concurrent cleanup 1099M->75M(8192M) 0.033ms
[144.205s][info][gc,ergo     ] GC(164) Free: 7704M, Max: 4096K regular, 6796M humongous, Frag: 12% external, 0% internal; Reserve: 412M, Max: 4096K
[144.205s][info][gc,start    ] GC(164) Concurrent class unloading
[144.205s][info][gc,task     ] GC(164) Using 1 of 3 workers for concurrent class unloading
[144.206s][info][gc          ] GC(164) Concurrent class unloading 1.812ms
[144.206s][info][gc,start    ] GC(164) Pause Final Roots
[144.207s][info][gc          ] GC(164) Pause Final Roots 0.034ms
[144.207s][info][gc,ergo     ] Free: 7704M, Max: 4096K regular, 6796M humongous, Frag: 12% external, 0% internal; Reserve: 412M, Max: 4096K
[144.207s][info][gc,stats    ] 
[144.207s][info][gc,stats    ] All times are wall-clock times, except per-root-class counters, that are sum over
[144.207s][info][gc,stats    ] all workers. Dividing the <total> over the root stage time estimates parallelism.
[144.207s][info][gc,stats    ] 
[144.207s][info][gc,stats    ] Concurrent Reset                   1002 us
[144.207s][info][gc,stats    ] Pause Init Mark (G)                 154 us
[144.207s][info][gc,stats    ] Pause Init Mark (N)                 107 us
[144.207s][info][gc,stats    ]   Update Region States               38 us
[144.207s][info][gc,stats    ] Concurrent Mark Roots               447 us, parallelism: 0.83x
[144.207s][info][gc,stats    ]   CMR: <total>                      372 us
[144.207s][info][gc,stats    ]   CMR: Thread Roots                 329 us, workers (us): 329, ---, ---, 
[144.207s][info][gc,stats    ]   CMR: VM Strong Roots                5 us, workers (us):   5, ---, ---, 
[144.207s][info][gc,stats    ]   CMR: CLDG Roots                    38 us, workers (us):  38, ---, ---, 
[144.207s][info][gc,stats    ] Concurrent Marking                 3849 us
[144.207s][info][gc,stats    ] Pause Final Mark (G)                451 us
[144.207s][info][gc,stats    ] Pause Final Mark (N)                404 us
[144.207s][info][gc,stats    ]   Finish Mark                       130 us
[144.207s][info][gc,stats    ]   Update Region States               73 us
[144.207s][info][gc,stats    ]   Choose Collection Set              75 us
[144.207s][info][gc,stats    ]   Rebuild Free Set                   22 us
[144.207s][info][gc,stats    ] Concurrent Weak References          180 us, parallelism: 0.08x
[144.207s][info][gc,stats    ]   CWRF: <total>                      14 us
[144.207s][info][gc,stats    ]   CWRF: Weak References              14 us, workers (us):  14, ---, ---, 
[144.207s][info][gc,stats    ] Concurrent Weak Roots               532 us
[144.207s][info][gc,stats    ]   Roots                             410 us, parallelism: 0.90x
[144.207s][info][gc,stats    ]     CWR: <total>                    369 us
[144.207s][info][gc,stats    ]     CWR: Code Cache Roots           304 us, workers (us): 304, ---, ---, 
[144.207s][info][gc,stats    ]     CWR: VM Weak Roots               62 us, workers (us):  62, ---, ---, 
[144.207s][info][gc,stats    ]     CWR: CLDG Roots                   3 us, workers (us):   3, ---, ---, 
[144.207s][info][gc,stats    ]   Rendezvous                         83 us
[144.207s][info][gc,stats    ] Concurrent Cleanup                   41 us
[144.207s][info][gc,stats    ] Concurrent Class Unloading         1826 us
[144.207s][info][gc,stats    ]   Unlink Stale                     1656 us
[144.207s][info][gc,stats    ]     System Dictionary                 3 us
[144.207s][info][gc,stats    ]     Weak Class Links                  0 us
[144.207s][info][gc,stats    ]     Code Roots                     1653 us
[144.207s][info][gc,stats    ]   Rendezvous                         36 us
[144.207s][info][gc,stats    ]   Purge Unlinked                    104 us
[144.207s][info][gc,stats    ]     Code Roots                      101 us
[144.207s][info][gc,stats    ]     CLDG                              3 us
[144.207s][info][gc,stats    ]     Exception Caches                  0 us
[144.207s][info][gc,stats    ] Pause Final Roots (G)               106 us
[144.207s][info][gc,stats    ] Pause Final Roots (N)                59 us
[144.207s][info][gc,stats    ] 
[144.207s][info][gc,stats    ] Allocation pacing accrued:
[144.207s][info][gc,stats    ]       0 of   711 ms (  0.0%): <total>
[144.207s][info][gc,stats    ]       0 of   711 ms (  0.0%): <average total>
[144.207s][info][gc,stats    ] 
[144.207s][info][gc,metaspace] Metaspace: 9005K(9216K)->9009K(9216K) NonClass: 7833K(7936K)->7837K(7936K) Class: 1171K(1280K)->1171K(1280K)
[144.207s][info][gc,ergo     ] Pacer for Idle. Initial: 163M, Alloc Tax Rate: 1.0x
[145.124s][info][gc          ] Trigger: Learning 2 of 5. Free (5716M) is below initial threshold (5734M)
[145.124s][info][gc,ergo     ] Free: 5712M, Max: 4096K regular, 5712M humongous, Frag: 0% external, 0% internal; Reserve: 412M, Max: 4096K
[145.124s][info][gc,start    ] GC(165) Concurrent reset
[145.124s][info][gc,task     ] GC(165) Using 1 of 3 workers for concurrent reset
[145.124s][info][gc,ergo     ] GC(165) Pacer for Reset. Non-Taxable: 8192M
[145.124s][info][gc          ] GC(165) Concurrent reset 0.488ms
[145.125s][info][gc,start    ] GC(165) Pause Init Mark (unload classes)
[145.125s][info][gc,task     ] GC(165) Using 3 of 3 workers for init marking
[145.125s][info][gc,ergo     ] GC(165) Pacer for Mark. Expected Live: 10672K, Free: 5712M, Non-Taxable: 571M, Alloc Tax Rate: 0.0x
[145.125s][info][gc          ] GC(165) Pause Init Mark (unload classes) 0.160ms
[145.125s][info][gc,start    ] GC(165) Concurrent marking roots
[145.125s][info][gc,task     ] GC(165) Using 1 of 3 workers for concurrent marking roots
[145.126s][info][gc          ] GC(165) Concurrent marking roots 0.808ms
[145.126s][info][gc,start    ] GC(165) Concurrent marking (unload classes)
[145.126s][info][gc,task     ] GC(165) Using 1 of 3 workers for concurrent marking
[145.138s][info][gc          ] GC(165) Concurrent marking (unload classes) 12.757ms
[145.139s][info][gc,start    ] GC(165) Pause Final Mark (unload classes)
[145.139s][info][gc,task     ] GC(165) Using 3 of 3 workers for final marking
[145.139s][info][gc,ergo     ] GC(165) Collectable Garbage: 1948M (94%), Immediate: 1948M (94%), CSet: 0B (0%)
[145.139s][info][gc          ] GC(165) Pause Final Mark (unload classes) 0.338ms
[145.139s][info][gc,start    ] GC(165) Concurrent weak references
[145.139s][info][gc,task     ] GC(165) Using 1 of 3 workers for concurrent weak references
[145.139s][info][gc,ref      ] GC(165) Encountered references: Soft: 144, Weak: 702, Final: 0, Phantom: 27
[145.139s][info][gc,ref      ] GC(165) Discovered  references: Soft: 0, Weak: 150, Final: 0, Phantom: 12
[145.139s][info][gc,ref      ] GC(165) Enqueued    references: Soft: 0, Weak: 0, Final: 0, Phantom: 0
[145.139s][info][gc          ] GC(165) Concurrent weak references 0.196ms
[145.139s][info][gc,start    ] GC(165) Concurrent weak roots
[145.139s][info][gc,task     ] GC(165) Using 1 of 3 workers for concurrent weak root
[145.140s][info][gc          ] GC(165) Concurrent weak roots 0.729ms
[145.140s][info][gc,start    ] GC(165) Concurrent cleanup
[145.140s][info][gc          ] GC(165) Concurrent cleanup 2099M->151M(8192M) 0.045ms
[145.140s][info][gc,ergo     ] GC(165) Free: 7628M, Max: 4096K regular, 5680M humongous, Frag: 26% external, 0% internal; Reserve: 412M, Max: 4096K
[145.140s][info][gc,start    ] GC(165) Concurrent class unloading
[145.140s][info][gc,task     ] GC(165) Using 1 of 3 workers for concurrent class unloading
[145.142s][info][gc          ] GC(165) Concurrent class unloading 2.173ms
[145.142s][info][gc,start    ] GC(165) Pause Final Roots
[145.142s][info][gc          ] GC(165) Pause Final Roots 0.025ms
[145.142s][info][gc,ergo     ] Free: 7624M, Max: 4096K regular, 5680M humongous, Frag: 26% external, 0% internal; Reserve: 412M, Max: 4096K
[145.142s][info][gc,stats    ] 
[145.143s][info][gc,stats    ] All times are wall-clock times, except per-root-class counters, that are sum over
[145.143s][info][gc,stats    ] all workers. Dividing the <total> over the root stage time estimates parallelism.
[145.143s][info][gc,stats    ] 
[145.143s][info][gc,stats    ] Concurrent Reset                    548 us
[145.143s][info][gc,stats    ] Pause Init Mark (G)                 318 us
[145.143s][info][gc,stats    ] Pause Init Mark (N)                 176 us
[145.143s][info][gc,stats    ]   Update Region States               72 us
[145.143s][info][gc,stats    ] Concurrent Mark Roots               832 us, parallelism: 0.82x
[145.143s][info][gc,stats    ]   CMR: <total>                      681 us
[145.143s][info][gc,stats    ]   CMR: Thread Roots                 608 us, workers (us): 608, ---, ---, 
[145.143s][info][gc,stats    ]   CMR: VM Strong Roots                7 us, workers (us):   7, ---, ---, 
[145.143s][info][gc,stats    ]   CMR: CLDG Roots                    66 us, workers (us):  66, ---, ---, 
[145.143s][info][gc,stats    ] Concurrent Marking                12826 us
[145.143s][info][gc,stats    ] Pause Final Mark (G)                518 us
[145.143s][info][gc,stats    ] Pause Final Mark (N)                362 us
[145.143s][info][gc,stats    ]   Finish Mark                       106 us
[145.143s][info][gc,stats    ]   Update Region States               88 us
[145.143s][info][gc,stats    ]   Choose Collection Set              66 us
[145.143s][info][gc,stats    ]   Rebuild Free Set                   16 us
[145.143s][info][gc,stats    ] Concurrent Weak References          250 us, parallelism: 0.02x
[145.143s][info][gc,stats    ]   CWRF: <total>                       4 us
[145.143s][info][gc,stats    ]   CWRF: Weak References               4 us, workers (us):   4, ---, ---, 
[145.143s][info][gc,stats    ] Concurrent Weak Roots               750 us
[145.143s][info][gc,stats    ]   Roots                             599 us, parallelism: 0.91x
[145.143s][info][gc,stats    ]     CWR: <total>                    545 us
[145.143s][info][gc,stats    ]     CWR: Code Cache Roots           424 us, workers (us): 424, ---, ---, 
[145.143s][info][gc,stats    ]     CWR: VM Weak Roots              115 us, workers (us): 115, ---, ---, 
[145.143s][info][gc,stats    ]     CWR: CLDG Roots                   6 us, workers (us):   6, ---, ---, 
[145.143s][info][gc,stats    ]   Rendezvous                         98 us
[145.143s][info][gc,stats    ] Concurrent Cleanup                   53 us
[145.143s][info][gc,stats    ] Concurrent Class Unloading         2226 us
[145.143s][info][gc,stats    ]   Unlink Stale                     1874 us
[145.143s][info][gc,stats    ]     System Dictionary                 3 us
[145.143s][info][gc,stats    ]     Weak Class Links                  0 us
[145.143s][info][gc,stats    ]     Code Roots                     1869 us
[145.143s][info][gc,stats    ]   Rendezvous                        124 us
[145.143s][info][gc,stats    ]   Purge Unlinked                    158 us
[145.143s][info][gc,stats    ]     Code Roots                      147 us
[145.143s][info][gc,stats    ]     CLDG                              9 us
[145.143s][info][gc,stats    ]     Exception Caches                  0 us
[145.143s][info][gc,stats    ] Pause Final Roots (G)               125 us
[145.143s][info][gc,stats    ] Pause Final Roots (N)                33 us
[145.143s][info][gc,stats    ] 
[145.143s][info][gc,stats    ] Allocation pacing accrued:
[145.143s][info][gc,stats    ]       0 of   936 ms (  0.0%): <total>
[145.143s][info][gc,stats    ]       0 of   936 ms (  0.0%): <average total>
[145.143s][info][gc,stats    ] 
[145.143s][info][gc,metaspace] Metaspace: 9014K(9280K)->9014K(9280K) NonClass: 7842K(8000K)->7842K(8000K) Class: 1171K(1280K)->1171K(1280K)
[145.143s][info][gc,ergo     ] Pacer for Idle. Initial: 163M, Alloc Tax Rate: 1.0x
[146.018s][info][gc          ] Trigger: Learning 3 of 5. Free (5720M) is below initial threshold (5734M)
[146.018s][info][gc,ergo     ] Free: 5720M, Max: 4096K regular, 5680M humongous, Frag: 1% external, 0% internal; Reserve: 412M, Max: 4096K
[146.018s][info][gc,start    ] GC(166) Concurrent reset
[146.018s][info][gc,task     ] GC(166) Using 1 of 3 workers for concurrent reset
[146.018s][info][gc,ergo     ] GC(166) Pacer for Reset. Non-Taxable: 8192M
[146.019s][info][gc          ] GC(166) Concurrent reset 0.747ms
[146.019s][info][gc,start    ] GC(166) Pause Init Mark (unload classes)
[146.019s][info][gc,task     ] GC(166) Using 3 of 3 workers for init marking
[146.019s][info][gc,ergo     ] GC(166) Pacer for Mark. Expected Live: 11967K, Free: 5716M, Non-Taxable: 571M, Alloc Tax Rate: 0.0x
[146.019s][info][gc          ] GC(166) Pause Init Mark (unload classes) 0.144ms
[146.019s][info][gc,start    ] GC(166) Concurrent marking roots
[146.019s][info][gc,task     ] GC(166) Using 1 of 3 workers for concurrent marking roots
[146.020s][info][gc          ] GC(166) Concurrent marking roots 0.418ms
[146.020s][info][gc,start    ] GC(166) Concurrent marking (unload classes)
[146.020s][info][gc,task     ] GC(166) Using 1 of 3 workers for concurrent marking
[146.041s][info][gc          ] GC(166) Concurrent marking (unload classes) 21.645ms
[146.042s][info][gc,start    ] GC(166) Pause Final Mark (unload classes)
[146.042s][info][gc,task     ] GC(166) Using 3 of 3 workers for final marking
[146.042s][info][gc,ergo     ] GC(166) Collectable Garbage: 1920M (93%), Immediate: 1920M (93%), CSet: 0B (0%)
[146.042s][info][gc          ] GC(166) Pause Final Mark (unload classes) 0.344ms
[146.042s][info][gc,start    ] GC(166) Concurrent weak references
[146.042s][info][gc,task     ] GC(166) Using 1 of 3 workers for concurrent weak references
[146.042s][info][gc,ref      ] GC(166) Encountered references: Soft: 144, Weak: 702, Final: 0, Phantom: 27
[146.042s][info][gc,ref      ] GC(166) Discovered  references: Soft: 0, Weak: 150, Final: 0, Phantom: 12
[146.042s][info][gc,ref      ] GC(166) Enqueued    references: Soft: 0, Weak: 0, Final: 0, Phantom: 0
[146.042s][info][gc          ] GC(166) Concurrent weak references 0.160ms
[146.042s][info][gc,start    ] GC(166) Concurrent weak roots
[146.042s][info][gc,task     ] GC(166) Using 1 of 3 workers for concurrent weak root
[146.043s][info][gc          ] GC(166) Concurrent weak roots 0.555ms
[146.043s][info][gc,start    ] GC(166) Concurrent cleanup
[146.043s][info][gc          ] GC(166) Concurrent cleanup 2112M->195M(8192M) 0.073ms
[146.043s][info][gc,ergo     ] GC(166) Free: 7584M, Max: 4096K regular, 5668M humongous, Frag: 26% external, 0% internal; Reserve: 412M, Max: 4096K
[146.043s][info][gc,start    ] GC(166) Concurrent class unloading
[146.043s][info][gc,task     ] GC(166) Using 1 of 3 workers for concurrent class unloading
[146.045s][info][gc          ] GC(166) Concurrent class unloading 2.259ms
[146.045s][info][gc,start    ] GC(166) Pause Final Roots
[146.045s][info][gc          ] GC(166) Pause Final Roots 0.042ms
[146.045s][info][gc,ergo     ] Free: 7580M, Max: 4096K regular, 5668M humongous, Frag: 26% external, 0% internal; Reserve: 412M, Max: 4096K
[146.045s][info][gc,stats    ] 
[146.045s][info][gc,stats    ] All times are wall-clock times, except per-root-class counters, that are sum over
[146.045s][info][gc,stats    ] all workers. Dividing the <total> over the root stage time estimates parallelism.
[146.045s][info][gc,stats    ] 
[146.045s][info][gc,stats    ] Concurrent Reset                    815 us
[146.045s][info][gc,stats    ] Pause Init Mark (G)                 304 us
[146.045s][info][gc,stats    ] Pause Init Mark (N)                 161 us
[146.045s][info][gc,stats    ]   Update Region States               57 us
[146.046s][info][gc,stats    ] Concurrent Mark Roots               435 us, parallelism: 0.79x
[146.046s][info][gc,stats    ]   CMR: <total>                      345 us
[146.046s][info][gc,stats    ]   CMR: Thread Roots                 302 us, workers (us): 302, ---, ---, 
[146.046s][info][gc,stats    ]   CMR: VM Strong Roots                6 us, workers (us):   6, ---, ---, 
[146.046s][info][gc,stats    ]   CMR: CLDG Roots                    37 us, workers (us):  37, ---, ---, 
[146.046s][info][gc,stats    ] Concurrent Marking                21713 us
[146.046s][info][gc,stats    ] Pause Final Mark (G)                510 us
[146.046s][info][gc,stats    ] Pause Final Mark (N)                363 us
[146.046s][info][gc,stats    ]   Finish Mark                       100 us
[146.046s][info][gc,stats    ]   Update Region States               89 us
[146.046s][info][gc,stats    ]   Choose Collection Set              63 us
[146.046s][info][gc,stats    ]   Rebuild Free Set                   17 us
[146.046s][info][gc,stats    ] Concurrent Weak References          167 us, parallelism: 0.04x
[146.046s][info][gc,stats    ]   CWRF: <total>                       8 us
[146.046s][info][gc,stats    ]   CWRF: Weak References               8 us, workers (us):   8, ---, ---, 
[146.046s][info][gc,stats    ] Concurrent Weak Roots               580 us
[146.046s][info][gc,stats    ]   Roots                             458 us, parallelism: 0.92x
[146.046s][info][gc,stats    ]     CWR: <total>                    421 us
[146.046s][info][gc,stats    ]     CWR: Code Cache Roots           354 us, workers (us): 354, ---, ---, 
[146.046s][info][gc,stats    ]     CWR: VM Weak Roots               62 us, workers (us):  62, ---, ---, 
[146.046s][info][gc,stats    ]     CWR: CLDG Roots                   5 us, workers (us):   5, ---, ---, 
[146.046s][info][gc,stats    ]   Rendezvous                         81 us
[146.046s][info][gc,stats    ] Concurrent Cleanup                   81 us
[146.046s][info][gc,stats    ] Concurrent Class Unloading         2308 us
[146.046s][info][gc,stats    ]   Unlink Stale                     2086 us
[146.046s][info][gc,stats    ]     System Dictionary                 3 us
[146.046s][info][gc,stats    ]     Weak Class Links                  0 us
[146.046s][info][gc,stats    ]     Code Roots                     2082 us
[146.046s][info][gc,stats    ]   Rendezvous                         52 us
[146.046s][info][gc,stats    ]   Purge Unlinked                    101 us
[146.046s][info][gc,stats    ]     Code Roots                       92 us
[146.046s][info][gc,stats    ]     CLDG                              8 us
[146.046s][info][gc,stats    ]     Exception Caches                  0 us
[146.046s][info][gc,stats    ] Pause Final Roots (G)               187 us
[146.046s][info][gc,stats    ] Pause Final Roots (N)                59 us
[146.046s][info][gc,stats    ] 
[146.046s][info][gc,stats    ] Allocation pacing accrued:
[146.046s][info][gc,stats    ]       0 of   903 ms (  0.0%): <total>
[146.046s][info][gc,stats    ]       0 of   903 ms (  0.0%): <average total>
[146.046s][info][gc,stats    ] 
[146.046s][info][gc,metaspace] Metaspace: 9014K(9280K)->9014K(9280K) NonClass: 7842K(8000K)->7842K(8000K) Class: 1171K(1280K)->1171K(1280K)
[146.046s][info][gc,ergo     ] Pacer for Idle. Initial: 163M, Alloc Tax Rate: 1.0x
[146.929s][info][gc          ] Trigger: Learning 4 of 5. Free (5728M) is below initial threshold (5734M)
[146.929s][info][gc,ergo     ] Free: 5728M, Max: 4096K regular, 5668M humongous, Frag: 2% external, 0% internal; Reserve: 412M, Max: 4096K
[146.929s][info][gc,start    ] GC(167) Concurrent reset
[146.929s][info][gc,task     ] GC(167) Using 1 of 3 workers for concurrent reset
[146.929s][info][gc,ergo     ] GC(167) Pacer for Reset. Non-Taxable: 8192M
[146.930s][info][gc          ] GC(167) Concurrent reset 0.961ms
[146.930s][info][gc,start    ] GC(167) Pause Init Mark (unload classes)
[146.930s][info][gc,task     ] GC(167) Using 3 of 3 workers for init marking
[146.930s][info][gc,ergo     ] GC(167) Pacer for Mark. Expected Live: 13178K, Free: 5724M, Non-Taxable: 572M, Alloc Tax Rate: 0.0x
[146.930s][info][gc          ] GC(167) Pause Init Mark (unload classes) 0.171ms
[146.930s][info][gc,start    ] GC(167) Concurrent marking roots
[146.930s][info][gc,task     ] GC(167) Using 1 of 3 workers for concurrent marking roots
[146.931s][info][gc          ] GC(167) Concurrent marking roots 0.672ms
[146.931s][info][gc,start    ] GC(167) Concurrent marking (unload classes)
[146.931s][info][gc,task     ] GC(167) Using 1 of 3 workers for concurrent marking
[146.960s][info][gc          ] GC(167) Concurrent marking (unload classes) 29.505ms
[146.961s][info][gc,start    ] GC(167) Pause Final Mark (unload classes)
[146.961s][info][gc,task     ] GC(167) Using 3 of 3 workers for final marking
[146.961s][info][gc,ergo     ] GC(167) Collectable Garbage: 1915M (94%), Immediate: 1915M (94%), CSet: 0B (0%)
[146.961s][info][gc          ] GC(167) Pause Final Mark (unload classes) 0.329ms
[146.961s][info][gc,start    ] GC(167) Concurrent weak references
[146.961s][info][gc,task     ] GC(167) Using 1 of 3 workers for concurrent weak references
[146.961s][info][gc,ref      ] GC(167) Encountered references: Soft: 144, Weak: 702, Final: 0, Phantom: 27
[146.961s][info][gc,ref      ] GC(167) Discovered  references: Soft: 0, Weak: 150, Final: 0, Phantom: 12
[146.961s][info][gc,ref      ] GC(167) Enqueued    references: Soft: 0, Weak: 0, Final: 0, Phantom: 0
[146.961s][info][gc          ] GC(167) Concurrent weak references 0.115ms
[146.961s][info][gc,start    ] GC(167) Concurrent weak roots
[146.961s][info][gc,task     ] GC(167) Using 1 of 3 workers for concurrent weak root
[146.962s][info][gc          ] GC(167) Concurrent weak roots 0.567ms
[146.962s][info][gc,start    ] GC(167) Concurrent cleanup
[146.962s][info][gc          ] GC(167) Concurrent cleanup 2111M->195M(8192M) 0.042ms
[146.962s][info][gc,ergo     ] GC(167) Free: 7584M, Max: 4096K regular, 5684M humongous, Frag: 26% external, 0% internal; Reserve: 412M, Max: 4096K
[146.962s][info][gc,start    ] GC(167) Concurrent class unloading
[146.962s][info][gc,task     ] GC(167) Using 1 of 3 workers for concurrent class unloading
[146.964s][info][gc          ] GC(167) Concurrent class unloading 1.948ms
[146.964s][info][gc,start    ] GC(167) Pause Final Roots
[146.964s][info][gc          ] GC(167) Pause Final Roots 0.020ms
[146.964s][info][gc,ergo     ] Free: 7580M, Max: 4096K regular, 5684M humongous, Frag: 26% external, 0% internal; Reserve: 412M, Max: 4096K
[146.964s][info][gc,stats    ] 
[146.964s][info][gc,stats    ] All times are wall-clock times, except per-root-class counters, that are sum over
[146.964s][info][gc,stats    ] all workers. Dividing the <total> over the root stage time estimates parallelism.
[146.964s][info][gc,stats    ] 
[146.964s][info][gc,stats    ] Concurrent Reset                   1020 us
[146.964s][info][gc,stats    ] Pause Init Mark (G)                 314 us
[146.964s][info][gc,stats    ] Pause Init Mark (N)                 188 us
[146.964s][info][gc,stats    ]   Update Region States               66 us
[146.964s][info][gc,stats    ] Concurrent Mark Roots               694 us, parallelism: 0.82x
[146.964s][info][gc,stats    ]   CMR: <total>                      566 us
[146.964s][info][gc,stats    ]   CMR: Thread Roots                 493 us, workers (us): 493, ---, ---, 
[146.964s][info][gc,stats    ]   CMR: VM Strong Roots                8 us, workers (us):   8, ---, ---, 
[146.964s][info][gc,stats    ]   CMR: CLDG Roots                    65 us, workers (us):  65, ---, ---, 
[146.964s][info][gc,stats    ] Concurrent Marking                29579 us
[146.964s][info][gc,stats    ] Pause Final Mark (G)                481 us
[146.964s][info][gc,stats    ] Pause Final Mark (N)                349 us
[146.964s][info][gc,stats    ]   Finish Mark                       103 us
[146.964s][info][gc,stats    ]   Update Region States               65 us
[146.964s][info][gc,stats    ]   Choose Collection Set              64 us
[146.964s][info][gc,stats    ]   Rebuild Free Set                   17 us
[146.964s][info][gc,stats    ] Concurrent Weak References          122 us, parallelism: 0.04x
[146.964s][info][gc,stats    ]   CWRF: <total>                       4 us
[146.964s][info][gc,stats    ]   CWRF: Weak References               4 us, workers (us):   4, ---, ---, 
[146.964s][info][gc,stats    ] Concurrent Weak Roots               586 us
[146.964s][info][gc,stats    ]   Roots                             469 us, parallelism: 0.89x
[146.964s][info][gc,stats    ]     CWR: <total>                    417 us
[146.964s][info][gc,stats    ]     CWR: Code Cache Roots           347 us, workers (us): 347, ---, ---, 
[146.964s][info][gc,stats    ]     CWR: VM Weak Roots               65 us, workers (us):  65, ---, ---, 
[146.964s][info][gc,stats    ]     CWR: CLDG Roots                   5 us, workers (us):   5, ---, ---, 
[146.964s][info][gc,stats    ]   Rendezvous                         83 us
[146.964s][info][gc,stats    ] Concurrent Cleanup                   50 us
[146.964s][info][gc,stats    ] Concurrent Class Unloading         1982 us
[146.964s][info][gc,stats    ]   Unlink Stale                     1746 us
[146.964s][info][gc,stats    ]     System Dictionary                 3 us
[146.964s][info][gc,stats    ]     Weak Class Links                  0 us
[146.965s][info][gc,stats    ]     Code Roots                     1742 us
[146.965s][info][gc,stats    ]   Rendezvous                         57 us
[146.965s][info][gc,stats    ]   Purge Unlinked                    128 us
[146.965s][info][gc,stats    ]     Code Roots                      123 us
[146.965s][info][gc,stats    ]     CLDG                              5 us
[146.965s][info][gc,stats    ]     Exception Caches                  0 us
[146.965s][info][gc,stats    ] Pause Final Roots (G)               116 us
[146.965s][info][gc,stats    ] Pause Final Roots (N)                33 us
[146.965s][info][gc,stats    ] 
[146.965s][info][gc,stats    ] Allocation pacing accrued:
[146.965s][info][gc,stats    ]       0 of   919 ms (  0.0%): <total>
[146.965s][info][gc,stats    ]       0 of   919 ms (  0.0%): <average total>
[146.965s][info][gc,stats    ] 
[146.965s][info][gc,metaspace] Metaspace: 9014K(9280K)->9014K(9280K) NonClass: 7842K(8000K)->7842K(8000K) Class: 1171K(1280K)->1171K(1280K)
[146.965s][info][gc,ergo     ] Pacer for Idle. Initial: 163M, Alloc Tax Rate: 1.0x
[147.682s][info][gc          ] Trigger: Explicit GC request (System.gc())
[147.682s][info][gc,ergo     ] Free: 6676M, Max: 4096K regular, 5684M humongous, Frag: 15% external, 0% internal; Reserve: 412M, Max: 4096K
[147.682s][info][gc,start    ] GC(168) Concurrent reset
[147.682s][info][gc,task     ] GC(168) Using 1 of 3 workers for concurrent reset
[147.682s][info][gc,ergo     ] GC(168) Pacer for Reset. Non-Taxable: 8192M
[147.683s][info][gc          ] GC(168) Concurrent reset 0.945ms
[147.683s][info][gc,start    ] GC(168) Pause Init Mark (unload classes)
[147.683s][info][gc,task     ] GC(168) Using 3 of 3 workers for init marking
[147.683s][info][gc,ref      ] GC(168) Clearing All SoftReferences
[147.684s][info][gc,ergo     ] GC(168) Pacer for Mark. Expected Live: 14418K, Free: 6676M, Non-Taxable: 667M, Alloc Tax Rate: 0.0x
[147.684s][info][gc          ] GC(168) Pause Init Mark (unload classes) 0.130ms
[147.684s][info][gc,start    ] GC(168) Concurrent marking roots
[147.684s][info][gc,task     ] GC(168) Using 1 of 3 workers for concurrent marking roots
[147.684s][info][gc          ] GC(168) Concurrent marking roots 0.737ms
[147.684s][info][gc,start    ] GC(168) Concurrent marking (unload classes)
[147.684s][info][gc,task     ] GC(168) Using 1 of 3 workers for concurrent marking
[147.688s][info][gc          ] GC(168) Concurrent marking (unload classes) 3.492ms
[147.688s][info][gc,start    ] GC(168) Pause Final Mark (unload classes)
[147.688s][info][gc,task     ] GC(168) Using 3 of 3 workers for final marking
[147.688s][info][gc,ergo     ] GC(168) Collectable Garbage: 1027M (93%), Immediate: 1027M (93%), CSet: 0B (0%)
[147.688s][info][gc          ] GC(168) Pause Final Mark (unload classes) 0.370ms
[147.688s][info][gc,start    ] GC(168) Concurrent weak references
[147.688s][info][gc,task     ] GC(168) Using 1 of 3 workers for concurrent weak references
[147.688s][info][gc,ref      ] GC(168) Encountered references: Soft: 144, Weak: 702, Final: 0, Phantom: 27
[147.688s][info][gc,ref      ] GC(168) Discovered  references: Soft: 89, Weak: 168, Final: 0, Phantom: 25
[147.688s][info][gc,ref      ] GC(168) Enqueued    references: Soft: 3, Weak: 0, Final: 0, Phantom: 0
[147.688s][info][gc          ] GC(168) Concurrent weak references 0.124ms
[147.688s][info][gc,start    ] GC(168) Concurrent weak roots
[147.689s][info][gc,task     ] GC(168) Using 1 of 3 workers for concurrent weak root
[147.689s][info][gc          ] GC(168) Concurrent weak roots 0.544ms
[147.689s][info][gc,start    ] GC(168) Concurrent cleanup
[147.689s][info][gc          ] GC(168) Concurrent cleanup 1103M->75M(8192M) 0.036ms
[147.689s][info][gc,ergo     ] GC(168) Free: 7704M, Max: 4096K regular, 6784M humongous, Frag: 12% external, 0% internal; Reserve: 412M, Max: 4096K
[147.689s][info][gc,start    ] GC(168) Concurrent class unloading
[147.689s][info][gc,task     ] GC(168) Using 1 of 3 workers for concurrent class unloading
[147.691s][info][gc          ] GC(168) Concurrent class unloading 1.941ms
[147.691s][info][gc,start    ] GC(168) Pause Final Roots
[147.691s][info][gc          ] GC(168) Pause Final Roots 0.020ms
[147.691s][info][gc,ergo     ] Free: 7704M, Max: 4096K regular, 6784M humongous, Frag: 12% external, 0% internal; Reserve: 412M, Max: 4096K
[147.691s][info][gc,stats    ] 
[147.691s][info][gc,stats    ] All times are wall-clock times, except per-root-class counters, that are sum over
[147.691s][info][gc,stats    ] all workers. Dividing the <total> over the root stage time estimates parallelism.
[147.691s][info][gc,stats    ] 
[147.691s][info][gc,stats    ] Concurrent Reset                   1016 us
[147.691s][info][gc,stats    ] Pause Init Mark (G)                 235 us
[147.691s][info][gc,stats    ] Pause Init Mark (N)                 138 us
[147.691s][info][gc,stats    ]   Update Region States               70 us
[147.691s][info][gc,stats    ] Concurrent Mark Roots               756 us, parallelism: 0.79x
[147.691s][info][gc,stats    ]   CMR: <total>                      598 us
[147.691s][info][gc,stats    ]   CMR: Thread Roots                 527 us, workers (us): 527, ---, ---, 
[147.691s][info][gc,stats    ]   CMR: VM Strong Roots                7 us, workers (us):   7, ---, ---, 
[147.691s][info][gc,stats    ]   CMR: CLDG Roots                    63 us, workers (us):  63, ---, ---, 
[147.691s][info][gc,stats    ] Concurrent Marking                 3545 us
[147.691s][info][gc,stats    ] Pause Final Mark (G)                498 us
[147.691s][info][gc,stats    ] Pause Final Mark (N)                394 us
[147.691s][info][gc,stats    ]   Finish Mark                        94 us
[147.691s][info][gc,stats    ]   Update Region States              100 us
[147.691s][info][gc,stats    ]   Choose Collection Set              75 us
[147.691s][info][gc,stats    ]   Rebuild Free Set                   22 us
[147.691s][info][gc,stats    ] Concurrent Weak References          131 us, parallelism: 0.07x
[147.691s][info][gc,stats    ]   CWRF: <total>                       9 us
[147.691s][info][gc,stats    ]   CWRF: Weak References               9 us, workers (us):   9, ---, ---, 
[147.691s][info][gc,stats    ] Concurrent Weak Roots               564 us
[147.691s][info][gc,stats    ]   Roots                             426 us, parallelism: 0.87x
[147.691s][info][gc,stats    ]     CWR: <total>                    373 us
[147.692s][info][gc,stats    ]     CWR: Code Cache Roots           307 us, workers (us): 307, ---, ---, 
[147.692s][info][gc,stats    ]     CWR: VM Weak Roots               61 us, workers (us):  61, ---, ---, 
[147.692s][info][gc,stats    ]     CWR: CLDG Roots                   4 us, workers (us):   4, ---, ---, 
[147.692s][info][gc,stats    ]   Rendezvous                        103 us
[147.692s][info][gc,stats    ] Concurrent Cleanup                   43 us
[147.692s][info][gc,stats    ] Concurrent Class Unloading         1972 us
[147.692s][info][gc,stats    ]   Unlink Stale                     1792 us
[147.692s][info][gc,stats    ]     System Dictionary                 3 us
[147.692s][info][gc,stats    ]     Weak Class Links                  0 us
[147.692s][info][gc,stats    ]     Code Roots                     1788 us
[147.692s][info][gc,stats    ]   Rendezvous                         56 us
[147.692s][info][gc,stats    ]   Purge Unlinked                     75 us
[147.692s][info][gc,stats    ]     Code Roots                       71 us
[147.692s][info][gc,stats    ]     CLDG                              5 us
[147.692s][info][gc,stats    ]     Exception Caches                  0 us
[147.692s][info][gc,stats    ] Pause Final Roots (G)                78 us
[147.692s][info][gc,stats    ] Pause Final Roots (N)                28 us
[147.692s][info][gc,stats    ] 
[147.692s][info][gc,stats    ] Allocation pacing accrued:
[147.692s][info][gc,stats    ]       0 of   727 ms (  0.0%): <total>
[147.692s][info][gc,stats    ]       0 of   727 ms (  0.0%): <average total>
[147.692s][info][gc,stats    ] 
[147.692s][info][gc,metaspace] Metaspace: 9014K(9280K)->9014K(9280K) NonClass: 7842K(8000K)->7842K(8000K) Class: 1171K(1280K)->1171K(1280K)
[147.692s][info][gc,ergo     ] Pacer for Idle. Initial: 163M, Alloc Tax Rate: 1.0x
[148.609s][info][gc          ] Trigger: Learning 2 of 5. Free (5704M) is below initial threshold (5734M)
[148.609s][info][gc,ergo     ] Free: 5704M, Max: 4096K regular, 5704M humongous, Frag: 0% external, 0% internal; Reserve: 412M, Max: 4096K
[148.609s][info][gc,start    ] GC(169) Concurrent reset
[148.609s][info][gc,task     ] GC(169) Using 1 of 3 workers for concurrent reset
[148.609s][info][gc,ergo     ] GC(169) Pacer for Reset. Non-Taxable: 8192M
[148.610s][info][gc          ] GC(169) Concurrent reset 0.765ms
[148.610s][info][gc,start    ] GC(169) Pause Init Mark (unload classes)
[148.610s][info][gc,task     ] GC(169) Using 3 of 3 workers for init marking
[148.610s][info][gc,ergo     ] GC(169) Pacer for Mark. Expected Live: 10656K, Free: 5700M, Non-Taxable: 570M, Alloc Tax Rate: 0.0x
[148.610s][info][gc          ] GC(169) Pause Init Mark (unload classes) 0.166ms
[148.610s][info][gc,start    ] GC(169) Concurrent marking roots
[148.610s][info][gc,task     ] GC(169) Using 1 of 3 workers for concurrent marking roots
[148.611s][info][gc          ] GC(169) Concurrent marking roots 0.504ms
[148.611s][info][gc,start    ] GC(169) Concurrent marking (unload classes)
[148.611s][info][gc,task     ] GC(169) Using 1 of 3 workers for concurrent marking
[148.624s][info][gc          ] GC(169) Concurrent marking (unload classes) 13.239ms
[148.624s][info][gc,start    ] GC(169) Pause Final Mark (unload classes)
[148.624s][info][gc,task     ] GC(169) Using 3 of 3 workers for final marking
[148.625s][info][gc,ergo     ] GC(169) Collectable Garbage: 1960M (94%), Immediate: 1960M (94%), CSet: 0B (0%)
[148.625s][info][gc          ] GC(169) Pause Final Mark (unload classes) 0.275ms
[148.625s][info][gc,start    ] GC(169) Concurrent weak references
[148.625s][info][gc,task     ] GC(169) Using 1 of 3 workers for concurrent weak references
[148.625s][info][gc,ref      ] GC(169) Encountered references: Soft: 144, Weak: 702, Final: 0, Phantom: 27
[148.625s][info][gc,ref      ] GC(169) Discovered  references: Soft: 0, Weak: 150, Final: 0, Phantom: 12
[148.625s][info][gc,ref      ] GC(169) Enqueued    references: Soft: 0, Weak: 0, Final: 0, Phantom: 0
[148.625s][info][gc          ] GC(169) Concurrent weak references 0.075ms
[148.625s][info][gc,start    ] GC(169) Concurrent weak roots
[148.625s][info][gc,task     ] GC(169) Using 1 of 3 workers for concurrent weak root
[148.625s][info][gc          ] GC(169) Concurrent weak roots 0.623ms
[148.625s][info][gc,start    ] GC(169) Concurrent cleanup
[148.626s][info][gc          ] GC(169) Concurrent cleanup 2111M->151M(8192M) 0.089ms
[148.626s][info][gc,ergo     ] GC(169) Free: 7628M, Max: 4096K regular, 5668M humongous, Frag: 26% external, 0% internal; Reserve: 412M, Max: 4096K
[148.626s][info][gc,start    ] GC(169) Concurrent class unloading
[148.626s][info][gc,task     ] GC(169) Using 1 of 3 workers for concurrent class unloading
[148.628s][info][gc          ] GC(169) Concurrent class unloading 2.276ms
[148.628s][info][gc,start    ] GC(169) Pause Final Roots
[148.628s][info][gc          ] GC(169) Pause Final Roots 0.053ms
[148.628s][info][gc,ergo     ] Free: 7624M, Max: 4096K regular, 5668M humongous, Frag: 26% external, 0% internal; Reserve: 412M, Max: 4096K
[148.628s][info][gc,stats    ] 
[148.628s][info][gc,stats    ] All times are wall-clock times, except per-root-class counters, that are sum over
[148.628s][info][gc,stats    ] all workers. Dividing the <total> over the root stage time estimates parallelism.
[148.628s][info][gc,stats    ] 
[148.628s][info][gc,stats    ] Concurrent Reset                    825 us
[148.628s][info][gc,stats    ] Pause Init Mark (G)                 322 us
[148.628s][info][gc,stats    ] Pause Init Mark (N)                 183 us
[148.628s][info][gc,stats    ]   Update Region States               49 us
[148.628s][info][gc,stats    ] Concurrent Mark Roots               551 us, parallelism: 0.67x
[148.628s][info][gc,stats    ]   CMR: <total>                      368 us
[148.628s][info][gc,stats    ]   CMR: Thread Roots                 324 us, workers (us): 324, ---, ---, 
[148.628s][info][gc,stats    ]   CMR: VM Strong Roots                7 us, workers (us):   7, ---, ---, 
[148.628s][info][gc,stats    ]   CMR: CLDG Roots                    37 us, workers (us):  37, ---, ---, 
[148.628s][info][gc,stats    ] Concurrent Marking                13312 us
[148.628s][info][gc,stats    ] Pause Final Mark (G)                448 us
[148.628s][info][gc,stats    ] Pause Final Mark (N)                285 us
[148.628s][info][gc,stats    ]   Finish Mark                        93 us
[148.628s][info][gc,stats    ]   Update Region States               64 us
[148.628s][info][gc,stats    ]   Choose Collection Set              47 us
[148.628s][info][gc,stats    ]   Rebuild Free Set                    8 us
[148.628s][info][gc,stats    ] Concurrent Weak References           83 us, parallelism: 0.08x
[148.628s][info][gc,stats    ]   CWRF: <total>                       7 us
[148.628s][info][gc,stats    ]   CWRF: Weak References               7 us, workers (us):   7, ---, ---, 
[148.628s][info][gc,stats    ] Concurrent Weak Roots               668 us
[148.628s][info][gc,stats    ]   Roots                             514 us, parallelism: 0.94x
[148.628s][info][gc,stats    ]     CWR: <total>                    483 us
[148.628s][info][gc,stats    ]     CWR: Code Cache Roots           410 us, workers (us): 410, ---, ---, 
[148.628s][info][gc,stats    ]     CWR: VM Weak Roots               67 us, workers (us):  67, ---, ---, 
[148.628s][info][gc,stats    ]     CWR: CLDG Roots                   6 us, workers (us):   6, ---, ---, 
[148.628s][info][gc,stats    ]   Rendezvous                         92 us
[148.628s][info][gc,stats    ] Concurrent Cleanup                  107 us
[148.628s][info][gc,stats    ] Concurrent Class Unloading         2331 us
[148.628s][info][gc,stats    ]   Unlink Stale                     2057 us
[148.628s][info][gc,stats    ]     System Dictionary                 7 us
[148.628s][info][gc,stats    ]     Weak Class Links                  0 us
[148.628s][info][gc,stats    ]     Code Roots                     2049 us
[148.628s][info][gc,stats    ]   Rendezvous                         97 us
[148.628s][info][gc,stats    ]   Purge Unlinked                     88 us
[148.628s][info][gc,stats    ]     Code Roots                       84 us
[148.628s][info][gc,stats    ]     CLDG                              4 us
[148.628s][info][gc,stats    ]     Exception Caches                  0 us
[148.628s][info][gc,stats    ] Pause Final Roots (G)               145 us
[148.628s][info][gc,stats    ] Pause Final Roots (N)                63 us
[148.628s][info][gc,stats    ] 
[148.628s][info][gc,stats    ] Allocation pacing accrued:
[148.628s][info][gc,stats    ]       0 of   937 ms (  0.0%): <total>
[148.628s][info][gc,stats    ]       0 of   937 ms (  0.0%): <average total>
[148.628s][info][gc,stats    ] 
[148.628s][info][gc,metaspace] Metaspace: 9017K(9280K)->9017K(9280K) NonClass: 7845K(8000K)->7845K(8000K) Class: 1171K(1280K)->1171K(1280K)
[148.628s][info][gc,ergo     ] Pacer for Idle. Initial: 163M, Alloc Tax Rate: 1.0x
[149.504s][info][gc          ] Trigger: Learning 3 of 5. Free (5716M) is below initial threshold (5734M)
[149.504s][info][gc,ergo     ] Free: 5716M, Max: 4096K regular, 5668M humongous, Frag: 1% external, 0% internal; Reserve: 412M, Max: 4096K
[149.504s][info][gc,start    ] GC(170) Concurrent reset
[149.504s][info][gc,task     ] GC(170) Using 1 of 3 workers for concurrent reset
[149.504s][info][gc,ergo     ] GC(170) Pacer for Reset. Non-Taxable: 8192M
[149.505s][info][gc          ] GC(170) Concurrent reset 0.836ms
[149.505s][info][gc,start    ] GC(170) Pause Init Mark (unload classes)
[149.505s][info][gc,task     ] GC(170) Using 3 of 3 workers for init marking
[149.505s][info][gc,ergo     ] GC(170) Pacer for Mark. Expected Live: 11958K, Free: 5712M, Non-Taxable: 571M, Alloc Tax Rate: 0.0x
[149.505s][info][gc          ] GC(170) Pause Init Mark (unload classes) 0.175ms
[149.506s][info][gc,start    ] GC(170) Concurrent marking roots
[149.506s][info][gc,task     ] GC(170) Using 1 of 3 workers for concurrent marking roots
[149.506s][info][gc          ] GC(170) Concurrent marking roots 0.546ms
[149.506s][info][gc,start    ] GC(170) Concurrent marking (unload classes)
[149.506s][info][gc,task     ] GC(170) Using 1 of 3 workers for concurrent marking
[149.528s][info][gc          ] GC(170) Concurrent marking (unload classes) 21.532ms
[149.528s][info][gc,start    ] GC(170) Pause Final Mark (unload classes)
[149.528s][info][gc,task     ] GC(170) Using 3 of 3 workers for final marking
[149.528s][info][gc,ergo     ] GC(170) Collectable Garbage: 1923M (93%), Immediate: 1923M (93%), CSet: 0B (0%)
[149.528s][info][gc          ] GC(170) Pause Final Mark (unload classes) 0.291ms
[149.528s][info][gc,start    ] GC(170) Concurrent weak references
[149.528s][info][gc,task     ] GC(170) Using 1 of 3 workers for concurrent weak references
[149.528s][info][gc,ref      ] GC(170) Encountered references: Soft: 144, Weak: 702, Final: 0, Phantom: 27
[149.528s][info][gc,ref      ] GC(170) Discovered  references: Soft: 0, Weak: 150, Final: 0, Phantom: 12
[149.528s][info][gc,ref      ] GC(170) Enqueued    references: Soft: 0, Weak: 0, Final: 0, Phantom: 0
[149.528s][info][gc          ] GC(170) Concurrent weak references 0.124ms
[149.528s][info][gc,start    ] GC(170) Concurrent weak roots
[149.528s][info][gc,task     ] GC(170) Using 1 of 3 workers for concurrent weak root
[149.529s][info][gc          ] GC(170) Concurrent weak roots 0.586ms
[149.529s][info][gc,start    ] GC(170) Concurrent cleanup
[149.529s][info][gc          ] GC(170) Concurrent cleanup 2115M->191M(8192M) 0.043ms
[149.529s][info][gc,ergo     ] GC(170) Free: 7588M, Max: 4096K regular, 5664M humongous, Frag: 26% external, 0% internal; Reserve: 412M, Max: 4096K
[149.529s][info][gc,start    ] GC(170) Concurrent class unloading
[149.529s][info][gc,task     ] GC(170) Using 1 of 3 workers for concurrent class unloading
[149.531s][info][gc          ] GC(170) Concurrent class unloading 2.131ms
[149.531s][info][gc,start    ] GC(170) Pause Final Roots
[149.531s][info][gc          ] GC(170) Pause Final Roots 0.040ms
[149.531s][info][gc,ergo     ] Free: 7580M, Max: 4096K regular, 5664M humongous, Frag: 26% external, 0% internal; Reserve: 412M, Max: 4096K
[149.531s][info][gc,stats    ] 
[149.531s][info][gc,stats    ] All times are wall-clock times, except per-root-class counters, that are sum over
[149.531s][info][gc,stats    ] all workers. Dividing the <total> over the root stage time estimates parallelism.
[149.531s][info][gc,stats    ] 
[149.531s][info][gc,stats    ] Concurrent Reset                    901 us
[149.531s][info][gc,stats    ] Pause Init Mark (G)                 341 us
[149.531s][info][gc,stats    ] Pause Init Mark (N)                 191 us
[149.531s][info][gc,stats    ]   Update Region States               72 us
[149.531s][info][gc,stats    ] Concurrent Mark Roots               565 us, parallelism: 0.73x
[149.531s][info][gc,stats    ]   CMR: <total>                      412 us
[149.532s][info][gc,stats    ]   CMR: Thread Roots                 340 us, workers (us): 340, ---, ---, 
[149.532s][info][gc,stats    ]   CMR: VM Strong Roots                9 us, workers (us):   9, ---, ---, 
[149.532s][info][gc,stats    ]   CMR: CLDG Roots                    63 us, workers (us):  63, ---, ---, 
[149.532s][info][gc,stats    ] Concurrent Marking                21597 us
[149.532s][info][gc,stats    ] Pause Final Mark (G)                411 us
[149.532s][info][gc,stats    ] Pause Final Mark (N)                310 us
[149.532s][info][gc,stats    ]   Finish Mark                       108 us
[149.532s][info][gc,stats    ]   Update Region States               57 us
[149.532s][info][gc,stats    ]   Choose Collection Set              62 us
[149.532s][info][gc,stats    ]   Rebuild Free Set                   17 us
[149.532s][info][gc,stats    ] Concurrent Weak References          132 us, parallelism: 0.04x
[149.532s][info][gc,stats    ]   CWRF: <total>                       5 us
[149.532s][info][gc,stats    ]   CWRF: Weak References               5 us, workers (us):   5, ---, ---, 
[149.532s][info][gc,stats    ] Concurrent Weak Roots               606 us
[149.532s][info][gc,stats    ]   Roots                             481 us, parallelism: 0.89x
[149.532s][info][gc,stats    ]     CWR: <total>                    427 us
[149.532s][info][gc,stats    ]     CWR: Code Cache Roots           357 us, workers (us): 357, ---, ---, 
[149.532s][info][gc,stats    ]     CWR: VM Weak Roots               64 us, workers (us):  64, ---, ---, 
[149.532s][info][gc,stats    ]     CWR: CLDG Roots                   6 us, workers (us):   6, ---, ---, 
[149.532s][info][gc,stats    ]   Rendezvous                         89 us
[149.532s][info][gc,stats    ] Concurrent Cleanup                   51 us
[149.532s][info][gc,stats    ] Concurrent Class Unloading         2182 us
[149.532s][info][gc,stats    ]   Unlink Stale                     1787 us
[149.532s][info][gc,stats    ]     System Dictionary                 3 us
[149.532s][info][gc,stats    ]     Weak Class Links                  0 us
[149.532s][info][gc,stats    ]     Code Roots                     1783 us
[149.532s][info][gc,stats    ]   Rendezvous                        153 us
[149.532s][info][gc,stats    ]   Purge Unlinked                    174 us
[149.532s][info][gc,stats    ]     Code Roots                      165 us
[149.532s][info][gc,stats    ]     CLDG                              8 us
[149.532s][info][gc,stats    ]     Exception Caches                  0 us
[149.532s][info][gc,stats    ] Pause Final Roots (G)               171 us
[149.532s][info][gc,stats    ] Pause Final Roots (N)                57 us
[149.532s][info][gc,stats    ] 
[149.532s][info][gc,stats    ] Allocation pacing accrued:
[149.532s][info][gc,stats    ]       0 of   903 ms (  0.0%): <total>
[149.532s][info][gc,stats    ]       0 of   903 ms (  0.0%): <average total>
[149.532s][info][gc,stats    ] 
[149.532s][info][gc,metaspace] Metaspace: 9017K(9280K)->9017K(9280K) NonClass: 7845K(8000K)->7845K(8000K) Class: 1171K(1280K)->1171K(1280K)
[149.532s][info][gc,ergo     ] Pacer for Idle. Initial: 163M, Alloc Tax Rate: 1.0x
[150.415s][info][gc          ] Trigger: Learning 4 of 5. Free (5732M) is below initial threshold (5734M)
[150.415s][info][gc,ergo     ] Free: 5732M, Max: 4096K regular, 5664M humongous, Frag: 2% external, 0% internal; Reserve: 412M, Max: 4096K
[150.415s][info][gc,start    ] GC(171) Concurrent reset
[150.415s][info][gc,task     ] GC(171) Using 1 of 3 workers for concurrent reset
[150.415s][info][gc,ergo     ] GC(171) Pacer for Reset. Non-Taxable: 8192M
[150.416s][info][gc          ] GC(171) Concurrent reset 0.814ms
[150.416s][info][gc,start    ] GC(171) Pause Init Mark (unload classes)
[150.416s][info][gc,task     ] GC(171) Using 3 of 3 workers for init marking
[150.416s][info][gc,ergo     ] GC(171) Pacer for Mark. Expected Live: 13181K, Free: 5728M, Non-Taxable: 572M, Alloc Tax Rate: 0.0x
[150.416s][info][gc          ] GC(171) Pause Init Mark (unload classes) 0.143ms
[150.416s][info][gc,start    ] GC(171) Concurrent marking roots
[150.416s][info][gc,task     ] GC(171) Using 1 of 3 workers for concurrent marking roots
[150.417s][info][gc          ] GC(171) Concurrent marking roots 0.465ms
[150.417s][info][gc,start    ] GC(171) Concurrent marking (unload classes)
[150.417s][info][gc,task     ] GC(171) Using 1 of 3 workers for concurrent marking
[150.447s][info][gc          ] GC(171) Concurrent marking (unload classes) 29.597ms
[150.447s][info][gc,start    ] GC(171) Pause Final Mark (unload classes)
[150.447s][info][gc,task     ] GC(171) Using 3 of 3 workers for final marking
[150.447s][info][gc,ergo     ] GC(171) Collectable Garbage: 1907M (93%), Immediate: 1907M (93%), CSet: 0B (0%)
[150.447s][info][gc          ] GC(171) Pause Final Mark (unload classes) 0.339ms
[150.447s][info][gc,start    ] GC(171) Concurrent weak references
[150.447s][info][gc,task     ] GC(171) Using 1 of 3 workers for concurrent weak references
[150.447s][info][gc,ref      ] GC(171) Encountered references: Soft: 144, Weak: 702, Final: 0, Phantom: 27
[150.447s][info][gc,ref      ] GC(171) Discovered  references: Soft: 0, Weak: 150, Final: 0, Phantom: 25
[150.447s][info][gc,ref      ] GC(171) Enqueued    references: Soft: 0, Weak: 0, Final: 0, Phantom: 0
[150.447s][info][gc          ] GC(171) Concurrent weak references 0.195ms
[150.447s][info][gc,start    ] GC(171) Concurrent weak roots
[150.447s][info][gc,task     ] GC(171) Using 1 of 3 workers for concurrent weak root
[150.448s][info][gc          ] GC(171) Concurrent weak roots 0.686ms
[150.448s][info][gc,start    ] GC(171) Concurrent cleanup
[150.448s][info][gc          ] GC(171) Concurrent cleanup 2107M->199M(8192M) 0.041ms
[150.448s][info][gc,ergo     ] GC(171) Free: 7580M, Max: 4096K regular, 5680M humongous, Frag: 26% external, 0% internal; Reserve: 412M, Max: 4096K
[150.448s][info][gc,start    ] GC(171) Concurrent class unloading
[150.448s][info][gc,task     ] GC(171) Using 1 of 3 workers for concurrent class unloading
[150.450s][info][gc          ] GC(171) Concurrent class unloading 2.154ms
[150.450s][info][gc,start    ] GC(171) Pause Final Roots
[150.450s][info][gc          ] GC(171) Pause Final Roots 0.046ms
[150.451s][info][gc,ergo     ] Free: 7576M, Max: 4096K regular, 5680M humongous, Frag: 26% external, 0% internal; Reserve: 412M, Max: 4096K
[150.451s][info][gc,stats    ] 
[150.451s][info][gc,stats    ] All times are wall-clock times, except per-root-class counters, that are sum over
[150.451s][info][gc,stats    ] all workers. Dividing the <total> over the root stage time estimates parallelism.
[150.451s][info][gc,stats    ] 
[150.451s][info][gc,stats    ] Concurrent Reset                    855 us
[150.451s][info][gc,stats    ] Pause Init Mark (G)                 306 us
[150.451s][info][gc,stats    ] Pause Init Mark (N)                 160 us
[150.451s][info][gc,stats    ]   Update Region States               70 us
[150.451s][info][gc,stats    ] Concurrent Mark Roots               489 us, parallelism: 0.72x
[150.451s][info][gc,stats    ]   CMR: <total>                      351 us
[150.451s][info][gc,stats    ]   CMR: Thread Roots                 301 us, workers (us): 301, ---, ---, 
[150.451s][info][gc,stats    ]   CMR: VM Strong Roots                7 us, workers (us):   7, ---, ---, 
[150.451s][info][gc,stats    ]   CMR: CLDG Roots                    42 us, workers (us):  42, ---, ---, 
[150.451s][info][gc,stats    ] Concurrent Marking                29671 us
[150.451s][info][gc,stats    ] Pause Final Mark (G)                499 us
[150.451s][info][gc,stats    ] Pause Final Mark (N)                359 us
[150.451s][info][gc,stats    ]   Finish Mark                       102 us
[150.451s][info][gc,stats    ]   Update Region States               73 us
[150.451s][info][gc,stats    ]   Choose Collection Set              63 us
[150.451s][info][gc,stats    ]   Rebuild Free Set                   17 us
[150.451s][info][gc,stats    ] Concurrent Weak References          211 us, parallelism: 0.04x
[150.451s][info][gc,stats    ]   CWRF: <total>                       9 us
[150.451s][info][gc,stats    ]   CWRF: Weak References               9 us, workers (us):   9, ---, ---, 
[150.451s][info][gc,stats    ] Concurrent Weak Roots               704 us
[150.451s][info][gc,stats    ]   Roots                             570 us, parallelism: 0.87x
[150.451s][info][gc,stats    ]     CWR: <total>                    494 us
[150.451s][info][gc,stats    ]     CWR: Code Cache Roots           373 us, workers (us): 373, ---, ---, 
[150.451s][info][gc,stats    ]     CWR: VM Weak Roots              115 us, workers (us): 115, ---, ---, 
[150.451s][info][gc,stats    ]     CWR: CLDG Roots                   6 us, workers (us):   6, ---, ---, 
[150.451s][info][gc,stats    ]   Rendezvous                         84 us
[150.451s][info][gc,stats    ] Concurrent Cleanup                   49 us
[150.451s][info][gc,stats    ] Concurrent Class Unloading         2206 us
[150.451s][info][gc,stats    ]   Unlink Stale                     1928 us
[150.451s][info][gc,stats    ]     System Dictionary                 3 us
[150.451s][info][gc,stats    ]     Weak Class Links                  0 us
[150.451s][info][gc,stats    ]     Code Roots                     1923 us
[150.451s][info][gc,stats    ]   Rendezvous                        104 us
[150.451s][info][gc,stats    ]   Purge Unlinked                    103 us
[150.451s][info][gc,stats    ]     Code Roots                       94 us
[150.451s][info][gc,stats    ]     CLDG                              8 us
[150.451s][info][gc,stats    ]     Exception Caches                  0 us
[150.451s][info][gc,stats    ] Pause Final Roots (G)               190 us
[150.451s][info][gc,stats    ] Pause Final Roots (N)                64 us
[150.451s][info][gc,stats    ] 
[150.451s][info][gc,stats    ] Allocation pacing accrued:
[150.451s][info][gc,stats    ]       0 of   919 ms (  0.0%): <total>
[150.451s][info][gc,stats    ]       0 of   919 ms (  0.0%): <average total>
[150.451s][info][gc,stats    ] 
[150.451s][info][gc,metaspace] Metaspace: 9017K(9280K)->9017K(9280K) NonClass: 7845K(8000K)->7845K(8000K) Class: 1171K(1280K)->1171K(1280K)
[150.451s][info][gc,ergo     ] Pacer for Idle. Initial: 163M, Alloc Tax Rate: 1.0x
[151.152s][info][gc          ] Trigger: Explicit GC request (System.gc())
[151.153s][info][gc,ergo     ] Free: 6684M, Max: 4096K regular, 5680M humongous, Frag: 16% external, 0% internal; Reserve: 412M, Max: 4096K
[151.153s][info][gc,start    ] GC(172) Concurrent reset
[151.153s][info][gc,task     ] GC(172) Using 1 of 3 workers for concurrent reset
[151.153s][info][gc,ergo     ] GC(172) Pacer for Reset. Non-Taxable: 8192M
[151.153s][info][gc          ] GC(172) Concurrent reset 0.692ms
[151.153s][info][gc,start    ] GC(172) Pause Init Mark (unload classes)
[151.153s][info][gc,task     ] GC(172) Using 3 of 3 workers for init marking
[151.154s][info][gc,ref      ] GC(172) Clearing All SoftReferences
[151.154s][info][gc,ergo     ] GC(172) Pacer for Mark. Expected Live: 14430K, Free: 6684M, Non-Taxable: 668M, Alloc Tax Rate: 0.0x
[151.154s][info][gc          ] GC(172) Pause Init Mark (unload classes) 0.164ms
[151.154s][info][gc,start    ] GC(172) Concurrent marking roots
[151.154s][info][gc,task     ] GC(172) Using 1 of 3 workers for concurrent marking roots
[151.154s][info][gc          ] GC(172) Concurrent marking roots 0.619ms
[151.154s][info][gc,start    ] GC(172) Concurrent marking (unload classes)
[151.154s][info][gc,task     ] GC(172) Using 1 of 3 workers for concurrent marking
[151.158s][info][gc          ] GC(172) Concurrent marking (unload classes) 3.427ms
[151.158s][info][gc,start    ] GC(172) Pause Final Mark (unload classes)
[151.158s][info][gc,task     ] GC(172) Using 3 of 3 workers for final marking
[151.158s][info][gc,ergo     ] GC(172) Collectable Garbage: 1019M (93%), Immediate: 1019M (93%), CSet: 0B (0%)
[151.158s][info][gc          ] GC(172) Pause Final Mark (unload classes) 0.440ms
[151.158s][info][gc,start    ] GC(172) Concurrent weak references
[151.158s][info][gc,task     ] GC(172) Using 1 of 3 workers for concurrent weak references
[151.158s][info][gc,ref      ] GC(172) Encountered references: Soft: 144, Weak: 702, Final: 0, Phantom: 27
[151.158s][info][gc,ref      ] GC(172) Discovered  references: Soft: 89, Weak: 168, Final: 0, Phantom: 25
[151.158s][info][gc,ref      ] GC(172) Enqueued    references: Soft: 3, Weak: 0, Final: 0, Phantom: 0
[151.158s][info][gc          ] GC(172) Concurrent weak references 0.172ms
[151.158s][info][gc,start    ] GC(172) Concurrent weak roots
[151.158s][info][gc,task     ] GC(172) Using 1 of 3 workers for concurrent weak root
[151.159s][info][gc          ] GC(172) Concurrent weak roots 0.561ms
[151.159s][info][gc,start    ] GC(172) Concurrent cleanup
[151.159s][info][gc          ] GC(172) Concurrent cleanup 1095M->75M(8192M) 0.042ms
[151.159s][info][gc,ergo     ] GC(172) Free: 7704M, Max: 4096K regular, 6796M humongous, Frag: 12% external, 0% internal; Reserve: 412M, Max: 4096K
[151.159s][info][gc,start    ] GC(172) Concurrent class unloading
[151.159s][info][gc,task     ] GC(172) Using 1 of 3 workers for concurrent class unloading
[151.161s][info][gc          ] GC(172) Concurrent class unloading 2.105ms
[151.161s][info][gc,start    ] GC(172) Pause Final Roots
[151.161s][info][gc          ] GC(172) Pause Final Roots 0.025ms
[151.161s][info][gc,ergo     ] Free: 7704M, Max: 4096K regular, 6796M humongous, Frag: 12% external, 0% internal; Reserve: 412M, Max: 4096K
[151.161s][info][gc,stats    ] 
[151.161s][info][gc,stats    ] All times are wall-clock times, except per-root-class counters, that are sum over
[151.161s][info][gc,stats    ] all workers. Dividing the <total> over the root stage time estimates parallelism.
[151.161s][info][gc,stats    ] 
[151.161s][info][gc,stats    ] Concurrent Reset                    753 us
[151.161s][info][gc,stats    ] Pause Init Mark (G)                 268 us
[151.161s][info][gc,stats    ] Pause Init Mark (N)                 181 us
[151.161s][info][gc,stats    ]   Update Region States               64 us
[151.161s][info][gc,stats    ] Concurrent Mark Roots               643 us, parallelism: 0.82x
[151.162s][info][gc,stats    ]   CMR: <total>                      525 us
[151.162s][info][gc,stats    ]   CMR: Thread Roots                 443 us, workers (us): 443, ---, ---, 
[151.162s][info][gc,stats    ]   CMR: VM Strong Roots                9 us, workers (us):   9, ---, ---, 
[151.162s][info][gc,stats    ]   CMR: CLDG Roots                    73 us, workers (us):  73, ---, ---, 
[151.162s][info][gc,stats    ] Concurrent Marking                 3484 us
[151.162s][info][gc,stats    ] Pause Final Mark (G)                524 us
[151.162s][info][gc,stats    ] Pause Final Mark (N)                465 us
[151.162s][info][gc,stats    ]   Finish Mark                       139 us
[151.162s][info][gc,stats    ]   Update Region States              119 us
[151.162s][info][gc,stats    ]   Choose Collection Set              77 us
[151.162s][info][gc,stats    ]   Rebuild Free Set                   22 us
[151.162s][info][gc,stats    ] Concurrent Weak References          189 us, parallelism: 0.08x
[151.162s][info][gc,stats    ]   CWRF: <total>                      15 us
[151.162s][info][gc,stats    ]   CWRF: Weak References              15 us, workers (us):  15, ---, ---, 
[151.162s][info][gc,stats    ] Concurrent Weak Roots               580 us
[151.162s][info][gc,stats    ]   Roots                             436 us, parallelism: 0.89x
[151.162s][info][gc,stats    ]     CWR: <total>                    390 us
[151.162s][info][gc,stats    ]     CWR: Code Cache Roots           319 us, workers (us): 319, ---, ---, 
[151.162s][info][gc,stats    ]     CWR: VM Weak Roots               65 us, workers (us):  65, ---, ---, 
[151.162s][info][gc,stats    ]     CWR: CLDG Roots                   6 us, workers (us):   6, ---, ---, 
[151.162s][info][gc,stats    ]   Rendezvous                         94 us
[151.162s][info][gc,stats    ] Concurrent Cleanup                   50 us
[151.162s][info][gc,stats    ] Concurrent Class Unloading         2140 us
[151.162s][info][gc,stats    ]   Unlink Stale                     1907 us
[151.162s][info][gc,stats    ]     System Dictionary                 5 us
[151.162s][info][gc,stats    ]     Weak Class Links                  0 us
[151.162s][info][gc,stats    ]     Code Roots                     1900 us
[151.162s][info][gc,stats    ]   Rendezvous                         73 us
[151.162s][info][gc,stats    ]   Purge Unlinked                    109 us
[151.162s][info][gc,stats    ]     Code Roots                      103 us
[151.162s][info][gc,stats    ]     CLDG                              5 us
[151.162s][info][gc,stats    ]     Exception Caches                  0 us
[151.162s][info][gc,stats    ] Pause Final Roots (G)                72 us
[151.162s][info][gc,stats    ] Pause Final Roots (N)                34 us
[151.162s][info][gc,stats    ] 
[151.162s][info][gc,stats    ] Allocation pacing accrued:
[151.162s][info][gc,stats    ]       0 of   711 ms (  0.0%): <total>
[151.162s][info][gc,stats    ]       0 of   711 ms (  0.0%): <average total>
[151.162s][info][gc,stats    ] 
[151.162s][info][gc,metaspace] Metaspace: 9017K(9280K)->9017K(9280K) NonClass: 7845K(8000K)->7845K(8000K) Class: 1171K(1280K)->1171K(1280K)
[151.162s][info][gc,ergo     ] Pacer for Idle. Initial: 163M, Alloc Tax Rate: 1.0x
[152.079s][info][gc          ] Trigger: Learning 2 of 5. Free (5728M) is below initial threshold (5734M)
[152.079s][info][gc,ergo     ] Free: 5728M, Max: 4096K regular, 5728M humongous, Frag: 0% external, 0% internal; Reserve: 412M, Max: 4096K
[152.079s][info][gc,start    ] GC(173) Concurrent reset
[152.079s][info][gc,task     ] GC(173) Using 1 of 3 workers for concurrent reset
[152.079s][info][gc,ergo     ] GC(173) Pacer for Reset. Non-Taxable: 8192M
[152.080s][info][gc          ] GC(173) Concurrent reset 0.547ms
[152.080s][info][gc,start    ] GC(173) Pause Init Mark (unload classes)
[152.080s][info][gc,task     ] GC(173) Using 3 of 3 workers for init marking
[152.080s][info][gc,ergo     ] GC(173) Pacer for Mark. Expected Live: 10678K, Free: 5728M, Non-Taxable: 572M, Alloc Tax Rate: 0.0x
[152.080s][info][gc          ] GC(173) Pause Init Mark (unload classes) 0.172ms
[152.080s][info][gc,start    ] GC(173) Concurrent marking roots
[152.080s][info][gc,task     ] GC(173) Using 1 of 3 workers for concurrent marking roots
[152.081s][info][gc          ] GC(173) Concurrent marking roots 0.634ms
[152.081s][info][gc,start    ] GC(173) Concurrent marking (unload classes)
[152.081s][info][gc,task     ] GC(173) Using 1 of 3 workers for concurrent marking
[152.094s][info][gc          ] GC(173) Concurrent marking (unload classes) 12.679ms
[152.094s][info][gc,start    ] GC(173) Pause Final Mark (unload classes)
[152.094s][info][gc,task     ] GC(173) Using 3 of 3 workers for final marking
[152.094s][info][gc,ergo     ] GC(173) Collectable Garbage: 1944M (95%), Immediate: 1944M (95%), CSet: 0B (0%)
[152.094s][info][gc          ] GC(173) Pause Final Mark (unload classes) 0.350ms
[152.094s][info][gc,start    ] GC(173) Concurrent weak references
[152.094s][info][gc,task     ] GC(173) Using 1 of 3 workers for concurrent weak references
[152.094s][info][gc,ref      ] GC(173) Encountered references: Soft: 144, Weak: 702, Final: 0, Phantom: 27
[152.094s][info][gc,ref      ] GC(173) Discovered  references: Soft: 0, Weak: 150, Final: 0, Phantom: 12
[152.094s][info][gc,ref      ] GC(173) Enqueued    references: Soft: 0, Weak: 0, Final: 0, Phantom: 0
[152.094s][info][gc          ] GC(173) Concurrent weak references 0.140ms
[152.094s][info][gc,start    ] GC(173) Concurrent weak roots
[152.094s][info][gc,task     ] GC(173) Using 1 of 3 workers for concurrent weak root
[152.095s][info][gc          ] GC(173) Concurrent weak roots 0.627ms
[152.095s][info][gc,start    ] GC(173) Concurrent cleanup
[152.095s][info][gc          ] GC(173) Concurrent cleanup 2083M->139M(8192M) 0.044ms
[152.095s][info][gc,ergo     ] GC(173) Free: 7640M, Max: 4096K regular, 5696M humongous, Frag: 26% external, 0% internal; Reserve: 412M, Max: 4096K
[152.095s][info][gc,start    ] GC(173) Concurrent class unloading
[152.095s][info][gc,task     ] GC(173) Using 1 of 3 workers for concurrent class unloading
[152.097s][info][gc          ] GC(173) Concurrent class unloading 2.147ms
[152.097s][info][gc,start    ] GC(173) Pause Final Roots
[152.097s][info][gc          ] GC(173) Pause Final Roots 0.024ms
[152.097s][info][gc,ergo     ] Free: 7636M, Max: 4096K regular, 5696M humongous, Frag: 26% external, 0% internal; Reserve: 412M, Max: 4096K
[152.097s][info][gc,stats    ] 
[152.097s][info][gc,stats    ] All times are wall-clock times, except per-root-class counters, that are sum over
[152.097s][info][gc,stats    ] all workers. Dividing the <total> over the root stage time estimates parallelism.
[152.097s][info][gc,stats    ] 
[152.098s][info][gc,stats    ] Concurrent Reset                    603 us
[152.098s][info][gc,stats    ] Pause Init Mark (G)                 312 us
[152.098s][info][gc,stats    ] Pause Init Mark (N)                 189 us
[152.098s][info][gc,stats    ]   Update Region States               74 us
[152.098s][info][gc,stats    ] Concurrent Mark Roots               652 us, parallelism: 0.82x
[152.098s][info][gc,stats    ]   CMR: <total>                      534 us
[152.098s][info][gc,stats    ]   CMR: Thread Roots                 465 us, workers (us): 465, ---, ---, 
[152.098s][info][gc,stats    ]   CMR: VM Strong Roots                6 us, workers (us):   6, ---, ---, 
[152.098s][info][gc,stats    ]   CMR: CLDG Roots                    63 us, workers (us):  63, ---, ---, 
[152.098s][info][gc,stats    ] Concurrent Marking                12750 us
[152.098s][info][gc,stats    ] Pause Final Mark (G)                498 us
[152.098s][info][gc,stats    ] Pause Final Mark (N)                369 us
[152.098s][info][gc,stats    ]   Finish Mark                       121 us
[152.098s][info][gc,stats    ]   Update Region States               89 us
[152.098s][info][gc,stats    ]   Choose Collection Set              60 us
[152.098s][info][gc,stats    ]   Rebuild Free Set                   16 us
[152.098s][info][gc,stats    ] Concurrent Weak References          147 us, parallelism: 0.05x
[152.098s][info][gc,stats    ]   CWRF: <total>                       8 us
[152.098s][info][gc,stats    ]   CWRF: Weak References               8 us, workers (us):   8, ---, ---, 
[152.098s][info][gc,stats    ] Concurrent Weak Roots               647 us
[152.098s][info][gc,stats    ]   Roots                             526 us, parallelism: 0.90x
[152.098s][info][gc,stats    ]     CWR: <total>                    475 us
[152.098s][info][gc,stats    ]     CWR: Code Cache Roots           407 us, workers (us): 407, ---, ---, 
[152.098s][info][gc,stats    ]     CWR: VM Weak Roots               63 us, workers (us):  63, ---, ---, 
[152.098s][info][gc,stats    ]     CWR: CLDG Roots                   5 us, workers (us):   5, ---, ---, 
[152.098s][info][gc,stats    ]   Rendezvous                         86 us
[152.098s][info][gc,stats    ] Concurrent Cleanup                   52 us
[152.098s][info][gc,stats    ] Concurrent Class Unloading         2198 us
[152.098s][info][gc,stats    ]   Unlink Stale                     1850 us
[152.098s][info][gc,stats    ]     System Dictionary                 3 us
[152.098s][info][gc,stats    ]     Weak Class Links                  0 us
[152.098s][info][gc,stats    ]     Code Roots                     1846 us
[152.098s][info][gc,stats    ]   Rendezvous                        160 us
[152.098s][info][gc,stats    ]   Purge Unlinked                    118 us
[152.098s][info][gc,stats    ]     Code Roots                      110 us
[152.098s][info][gc,stats    ]     CLDG                              8 us
[152.098s][info][gc,stats    ]     Exception Caches                  0 us
[152.098s][info][gc,stats    ] Pause Final Roots (G)               132 us
[152.098s][info][gc,stats    ] Pause Final Roots (N)                32 us
[152.098s][info][gc,stats    ] 
[152.098s][info][gc,stats    ] Allocation pacing accrued:
[152.098s][info][gc,stats    ]       0 of   936 ms (  0.0%): <total>
[152.098s][info][gc,stats    ]       0 of   936 ms (  0.0%): <average total>
[152.098s][info][gc,stats    ] 
[152.098s][info][gc,metaspace] Metaspace: 9018K(9280K)->9018K(9280K) NonClass: 7846K(8000K)->7846K(8000K) Class: 1171K(1280K)->1171K(1280K)
[152.098s][info][gc,ergo     ] Pacer for Idle. Initial: 163M, Alloc Tax Rate: 1.0x
[152.974s][info][gc          ] Trigger: Learning 3 of 5. Free (5732M) is below initial threshold (5734M)
[152.974s][info][gc,ergo     ] Free: 5732M, Max: 4096K regular, 5696M humongous, Frag: 1% external, 0% internal; Reserve: 412M, Max: 4096K
[152.975s][info][gc,start    ] GC(174) Concurrent reset
[152.975s][info][gc,task     ] GC(174) Using 1 of 3 workers for concurrent reset
[152.975s][info][gc,ergo     ] GC(174) Pacer for Reset. Non-Taxable: 8192M
[152.975s][info][gc          ] GC(174) Concurrent reset 0.685ms
[152.975s][info][gc,start    ] GC(174) Pause Init Mark (unload classes)
[152.975s][info][gc,task     ] GC(174) Using 3 of 3 workers for init marking
[152.976s][info][gc,ergo     ] GC(174) Pacer for Mark. Expected Live: 11966K, Free: 5732M, Non-Taxable: 573M, Alloc Tax Rate: 0.0x
[152.976s][info][gc          ] GC(174) Pause Init Mark (unload classes) 0.178ms
[152.976s][info][gc,start    ] GC(174) Concurrent marking roots
[152.976s][info][gc,task     ] GC(174) Using 1 of 3 workers for concurrent marking roots
[152.976s][info][gc          ] GC(174) Concurrent marking roots 0.435ms
[152.976s][info][gc,start    ] GC(174) Concurrent marking (unload classes)
[152.976s][info][gc,task     ] GC(174) Using 1 of 3 workers for concurrent marking
[152.998s][info][gc          ] GC(174) Concurrent marking (unload classes) 21.521ms
[152.998s][info][gc,start    ] GC(174) Pause Final Mark (unload classes)
[152.998s][info][gc,task     ] GC(174) Using 3 of 3 workers for final marking
[152.998s][info][gc,ergo     ] GC(174) Collectable Garbage: 1915M (94%), Immediate: 1915M (94%), CSet: 0B (0%)
[152.998s][info][gc          ] GC(174) Pause Final Mark (unload classes) 0.341ms
[152.998s][info][gc,start    ] GC(174) Concurrent weak references
[152.998s][info][gc,task     ] GC(174) Using 1 of 3 workers for concurrent weak references
[152.998s][info][gc,ref      ] GC(174) Encountered references: Soft: 144, Weak: 702, Final: 0, Phantom: 27
[152.998s][info][gc,ref      ] GC(174) Discovered  references: Soft: 0, Weak: 150, Final: 0, Phantom: 12
[152.998s][info][gc,ref      ] GC(174) Enqueued    references: Soft: 0, Weak: 0, Final: 0, Phantom: 0
[152.998s][info][gc          ] GC(174) Concurrent weak references 0.203ms
[152.998s][info][gc,start    ] GC(174) Concurrent weak roots
[152.998s][info][gc,task     ] GC(174) Using 1 of 3 workers for concurrent weak root
[152.999s][info][gc          ] GC(174) Concurrent weak roots 0.740ms
[152.999s][info][gc,start    ] GC(174) Concurrent cleanup
[152.999s][info][gc          ] GC(174) Concurrent cleanup 2099M->183M(8192M) 0.045ms
[152.999s][info][gc,ergo     ] GC(174) Free: 7596M, Max: 4096K regular, 5680M humongous, Frag: 26% external, 0% internal; Reserve: 412M, Max: 4096K
[152.999s][info][gc,start    ] GC(174) Concurrent class unloading
[152.999s][info][gc,task     ] GC(174) Using 1 of 3 workers for concurrent class unloading
[153.002s][info][gc          ] GC(174) Concurrent class unloading 2.502ms
[153.002s][info][gc,start    ] GC(174) Pause Final Roots
[153.002s][info][gc          ] GC(174) Pause Final Roots 0.041ms
[153.002s][info][gc,ergo     ] Free: 7592M, Max: 4096K regular, 5680M humongous, Frag: 26% external, 0% internal; Reserve: 412M, Max: 4096K
[153.002s][info][gc,stats    ] 
[153.002s][info][gc,stats    ] All times are wall-clock times, except per-root-class counters, that are sum over
[153.002s][info][gc,stats    ] all workers. Dividing the <total> over the root stage time estimates parallelism.
[153.002s][info][gc,stats    ] 
[153.002s][info][gc,stats    ] Concurrent Reset                    752 us
[153.002s][info][gc,stats    ] Pause Init Mark (G)                 344 us
[153.002s][info][gc,stats    ] Pause Init Mark (N)                 195 us
[153.002s][info][gc,stats    ]   Update Region States               73 us
[153.002s][info][gc,stats    ] Concurrent Mark Roots               457 us, parallelism: 0.77x
[153.002s][info][gc,stats    ]   CMR: <total>                      352 us
[153.002s][info][gc,stats    ]   CMR: Thread Roots                 312 us, workers (us): 312, ---, ---, 
[153.002s][info][gc,stats    ]   CMR: VM Strong Roots                5 us, workers (us):   5, ---, ---, 
[153.002s][info][gc,stats    ]   CMR: CLDG Roots                    35 us, workers (us):  35, ---, ---, 
[153.002s][info][gc,stats    ] Concurrent Marking                21589 us
[153.002s][info][gc,stats    ] Pause Final Mark (G)                527 us
[153.002s][info][gc,stats    ] Pause Final Mark (N)                365 us
[153.002s][info][gc,stats    ]   Finish Mark                       100 us
[153.002s][info][gc,stats    ]   Update Region States               89 us
[153.002s][info][gc,stats    ]   Choose Collection Set              67 us
[153.002s][info][gc,stats    ]   Rebuild Free Set                   16 us
[153.002s][info][gc,stats    ] Concurrent Weak References          219 us, parallelism: 0.02x
[153.002s][info][gc,stats    ]   CWRF: <total>                       5 us
[153.002s][info][gc,stats    ]   CWRF: Weak References               5 us, workers (us):   5, ---, ---, 
[153.002s][info][gc,stats    ] Concurrent Weak Roots               760 us
[153.002s][info][gc,stats    ]   Roots                             627 us, parallelism: 0.88x
[153.002s][info][gc,stats    ]     CWR: <total>                    554 us
[153.002s][info][gc,stats    ]     CWR: Code Cache Roots           429 us, workers (us): 429, ---, ---, 
[153.002s][info][gc,stats    ]     CWR: VM Weak Roots              117 us, workers (us): 117, ---, ---, 
[153.002s][info][gc,stats    ]     CWR: CLDG Roots                   7 us, workers (us):   7, ---, ---, 
[153.003s][info][gc,stats    ]   Rendezvous                         82 us
[153.003s][info][gc,stats    ] Concurrent Cleanup                   53 us
[153.003s][info][gc,stats    ] Concurrent Class Unloading         2555 us
[153.003s][info][gc,stats    ]   Unlink Stale                     2227 us
[153.003s][info][gc,stats    ]     System Dictionary                 3 us
[153.003s][info][gc,stats    ]     Weak Class Links                  0 us
[153.003s][info][gc,stats    ]     Code Roots                     2223 us
[153.003s][info][gc,stats    ]   Rendezvous                        103 us
[153.003s][info][gc,stats    ]   Purge Unlinked                    154 us
[153.003s][info][gc,stats    ]     Code Roots                      145 us
[153.003s][info][gc,stats    ]     CLDG                              8 us
[153.003s][info][gc,stats    ]     Exception Caches                  0 us
[153.003s][info][gc,stats    ] Pause Final Roots (G)               185 us
[153.003s][info][gc,stats    ] Pause Final Roots (N)                59 us
[153.003s][info][gc,stats    ] 
[153.003s][info][gc,stats    ] Allocation pacing accrued:
[153.003s][info][gc,stats    ]       0 of   905 ms (  0.0%): <total>
[153.003s][info][gc,stats    ]       0 of   905 ms (  0.0%): <average total>
[153.003s][info][gc,stats    ] 
[153.003s][info][gc,metaspace] Metaspace: 9018K(9280K)->9018K(9280K) NonClass: 7846K(8000K)->7846K(8000K) Class: 1171K(1280K)->1171K(1280K)
[153.003s][info][gc,ergo     ] Pacer for Idle. Initial: 163M, Alloc Tax Rate: 1.0x
[153.901s][info][gc          ] Trigger: Learning 4 of 5. Free (5700M) is below initial threshold (5734M)
[153.901s][info][gc,ergo     ] Free: 5700M, Max: 4096K regular, 5680M humongous, Frag: 1% external, 0% internal; Reserve: 412M, Max: 4096K
[153.901s][info][gc,start    ] GC(175) Concurrent reset
[153.901s][info][gc,task     ] GC(175) Using 1 of 3 workers for concurrent reset
[153.901s][info][gc,ergo     ] GC(175) Pacer for Reset. Non-Taxable: 8192M
[153.902s][info][gc          ] GC(175) Concurrent reset 1.051ms
[153.902s][info][gc,start    ] GC(175) Pause Init Mark (unload classes)
[153.902s][info][gc,task     ] GC(175) Using 3 of 3 workers for init marking
[153.902s][info][gc,ergo     ] GC(175) Pacer for Mark. Expected Live: 13164K, Free: 5696M, Non-Taxable: 569M, Alloc Tax Rate: 0.0x
[153.902s][info][gc          ] GC(175) Pause Init Mark (unload classes) 0.181ms
[153.902s][info][gc,start    ] GC(175) Concurrent marking roots
[153.902s][info][gc,task     ] GC(175) Using 1 of 3 workers for concurrent marking roots
[153.903s][info][gc          ] GC(175) Concurrent marking roots 0.875ms
[153.903s][info][gc,start    ] GC(175) Concurrent marking (unload classes)
[153.903s][info][gc,task     ] GC(175) Using 1 of 3 workers for concurrent marking
[153.934s][info][gc          ] GC(175) Concurrent marking (unload classes) 30.385ms
[153.934s][info][gc,start    ] GC(175) Pause Final Mark (unload classes)
[153.934s][info][gc,task     ] GC(175) Using 3 of 3 workers for final marking
[153.934s][info][gc,ergo     ] GC(175) Collectable Garbage: 1928M (93%), Immediate: 1928M (93%), CSet: 0B (0%)
[153.934s][info][gc          ] GC(175) Pause Final Mark (unload classes) 0.349ms
[153.934s][info][gc,start    ] GC(175) Concurrent weak references
[153.934s][info][gc,task     ] GC(175) Using 1 of 3 workers for concurrent weak references
[153.934s][info][gc,ref      ] GC(175) Encountered references: Soft: 144, Weak: 702, Final: 0, Phantom: 27
[153.934s][info][gc,ref      ] GC(175) Discovered  references: Soft: 0, Weak: 150, Final: 0, Phantom: 12
[153.934s][info][gc,ref      ] GC(175) Enqueued    references: Soft: 0, Weak: 0, Final: 0, Phantom: 0
[153.934s][info][gc          ] GC(175) Concurrent weak references 0.195ms
[153.934s][info][gc,start    ] GC(175) Concurrent weak roots
[153.934s][info][gc,task     ] GC(175) Using 1 of 3 workers for concurrent weak root
[153.935s][info][gc          ] GC(175) Concurrent weak roots 0.579ms
[153.935s][info][gc,start    ] GC(175) Concurrent cleanup
[153.935s][info][gc          ] GC(175) Concurrent cleanup 2139M->211M(8192M) 0.047ms
[153.935s][info][gc,ergo     ] GC(175) Free: 7568M, Max: 4096K regular, 5640M humongous, Frag: 26% external, 0% internal; Reserve: 412M, Max: 4096K
[153.935s][info][gc,start    ] GC(175) Concurrent class unloading
[153.935s][info][gc,task     ] GC(175) Using 1 of 3 workers for concurrent class unloading
[153.937s][info][gc          ] GC(175) Concurrent class unloading 2.114ms
[153.937s][info][gc,start    ] GC(175) Pause Final Roots
[153.937s][info][gc          ] GC(175) Pause Final Roots 0.020ms
[153.937s][info][gc,ergo     ] Free: 7560M, Max: 4096K regular, 5640M humongous, Frag: 26% external, 0% internal; Reserve: 412M, Max: 4096K
[153.937s][info][gc,stats    ] 
[153.937s][info][gc,stats    ] All times are wall-clock times, except per-root-class counters, that are sum over
[153.937s][info][gc,stats    ] all workers. Dividing the <total> over the root stage time estimates parallelism.
[153.937s][info][gc,stats    ] 
[153.937s][info][gc,stats    ] Concurrent Reset                   1118 us
[153.937s][info][gc,stats    ] Pause Init Mark (G)                 349 us
[153.937s][info][gc,stats    ] Pause Init Mark (N)                 198 us
[153.937s][info][gc,stats    ]   Update Region States               78 us
[153.937s][info][gc,stats    ] Concurrent Mark Roots               899 us, parallelism: 0.83x
[153.937s][info][gc,stats    ]   CMR: <total>                      747 us
[153.937s][info][gc,stats    ]   CMR: Thread Roots                 672 us, workers (us): 672, ---, ---, 
[153.937s][info][gc,stats    ]   CMR: VM Strong Roots                9 us, workers (us):   9, ---, ---, 
[153.937s][info][gc,stats    ]   CMR: CLDG Roots                    66 us, workers (us):  66, ---, ---, 
[153.937s][info][gc,stats    ] Concurrent Marking                30454 us
[153.937s][info][gc,stats    ] Pause Final Mark (G)                516 us
[153.937s][info][gc,stats    ] Pause Final Mark (N)                368 us
[153.937s][info][gc,stats    ]   Finish Mark                       102 us
[153.937s][info][gc,stats    ]   Update Region States               89 us
[153.938s][info][gc,stats    ]   Choose Collection Set              62 us
[153.938s][info][gc,stats    ]   Rebuild Free Set                   17 us
[153.938s][info][gc,stats    ] Concurrent Weak References          211 us, parallelism: 0.04x
[153.938s][info][gc,stats    ]   CWRF: <total>                       7 us
[153.938s][info][gc,stats    ]   CWRF: Weak References               7 us, workers (us):   7, ---, ---, 
[153.938s][info][gc,stats    ] Concurrent Weak Roots               598 us
[153.938s][info][gc,stats    ]   Roots                             492 us, parallelism: 0.88x
[153.938s][info][gc,stats    ]     CWR: <total>                    435 us
[153.938s][info][gc,stats    ]     CWR: Code Cache Roots           364 us, workers (us): 364, ---, ---, 
[153.938s][info][gc,stats    ]     CWR: VM Weak Roots               65 us, workers (us):  65, ---, ---, 
[153.938s][info][gc,stats    ]     CWR: CLDG Roots                   6 us, workers (us):   6, ---, ---, 
[153.938s][info][gc,stats    ]   Rendezvous                         55 us
[153.938s][info][gc,stats    ] Concurrent Cleanup                   60 us
[153.938s][info][gc,stats    ] Concurrent Class Unloading         2162 us
[153.938s][info][gc,stats    ]   Unlink Stale                     1814 us
[153.938s][info][gc,stats    ]     System Dictionary                 3 us
[153.938s][info][gc,stats    ]     Weak Class Links                  0 us
[153.938s][info][gc,stats    ]     Code Roots                     1810 us
[153.938s][info][gc,stats    ]   Rendezvous                        121 us
[153.938s][info][gc,stats    ]   Purge Unlinked                    161 us
[153.938s][info][gc,stats    ]     Code Roots                      150 us
[153.938s][info][gc,stats    ]     CLDG                             10 us
[153.938s][info][gc,stats    ]     Exception Caches                  0 us
[153.938s][info][gc,stats    ] Pause Final Roots (G)               114 us
[153.938s][info][gc,stats    ] Pause Final Roots (N)                28 us
[153.938s][info][gc,stats    ] 
[153.938s][info][gc,stats    ] Allocation pacing accrued:
[153.938s][info][gc,stats    ]       0 of   935 ms (  0.0%): <total>
[153.938s][info][gc,stats    ]       0 of   935 ms (  0.0%): <average total>
[153.938s][info][gc,stats    ] 
[153.938s][info][gc,metaspace] Metaspace: 9018K(9280K)->9018K(9280K) NonClass: 7846K(8000K)->7846K(8000K) Class: 1171K(1280K)->1171K(1280K)
[153.938s][info][gc,ergo     ] Pacer for Idle. Initial: 163M, Alloc Tax Rate: 1.0x
[154.638s][info][gc          ] Trigger: Explicit GC request (System.gc())
[154.639s][info][gc,ergo     ] Free: 6684M, Max: 4096K regular, 5640M humongous, Frag: 16% external, 0% internal; Reserve: 412M, Max: 4096K
[154.639s][info][gc,start    ] GC(176) Concurrent reset
[154.639s][info][gc,task     ] GC(176) Using 1 of 3 workers for concurrent reset
[154.639s][info][gc,ergo     ] GC(176) Pacer for Reset. Non-Taxable: 8192M
[154.640s][info][gc          ] GC(176) Concurrent reset 1.195ms
[154.640s][info][gc,start    ] GC(176) Pause Init Mark (unload classes)
[154.640s][info][gc,task     ] GC(176) Using 3 of 3 workers for init marking
[154.640s][info][gc,ref      ] GC(176) Clearing All SoftReferences
[154.640s][info][gc,ergo     ] GC(176) Pacer for Mark. Expected Live: 14412K, Free: 6684M, Non-Taxable: 668M, Alloc Tax Rate: 0.0x
[154.640s][info][gc          ] GC(176) Pause Init Mark (unload classes) 0.113ms
[154.640s][info][gc,start    ] GC(176) Concurrent marking roots
[154.640s][info][gc,task     ] GC(176) Using 1 of 3 workers for concurrent marking roots
[154.640s][info][gc          ] GC(176) Concurrent marking roots 0.416ms
[154.640s][info][gc,start    ] GC(176) Concurrent marking (unload classes)
[154.640s][info][gc,task     ] GC(176) Using 1 of 3 workers for concurrent marking
[154.644s][info][gc          ] GC(176) Concurrent marking (unload classes) 3.497ms
[154.644s][info][gc,start    ] GC(176) Pause Final Mark (unload classes)
[154.644s][info][gc,task     ] GC(176) Using 3 of 3 workers for final marking
[154.645s][info][gc,ergo     ] GC(176) Collectable Garbage: 1019M (93%), Immediate: 1019M (93%), CSet: 0B (0%)
[154.645s][info][gc          ] GC(176) Pause Final Mark (unload classes) 0.530ms
[154.645s][info][gc,start    ] GC(176) Concurrent weak references
[154.645s][info][gc,task     ] GC(176) Using 1 of 3 workers for concurrent weak references
[154.645s][info][gc,ref      ] GC(176) Encountered references: Soft: 144, Weak: 702, Final: 0, Phantom: 27
[154.645s][info][gc,ref      ] GC(176) Discovered  references: Soft: 89, Weak: 168, Final: 0, Phantom: 25
[154.645s][info][gc,ref      ] GC(176) Enqueued    references: Soft: 3, Weak: 0, Final: 0, Phantom: 0
[154.645s][info][gc          ] GC(176) Concurrent weak references 0.124ms
[154.645s][info][gc,start    ] GC(176) Concurrent weak roots
[154.645s][info][gc,task     ] GC(176) Using 1 of 3 workers for concurrent weak root
[154.645s][info][gc          ] GC(176) Concurrent weak roots 0.610ms
[154.645s][info][gc,start    ] GC(176) Concurrent cleanup
[154.645s][info][gc          ] GC(176) Concurrent cleanup 1095M->75M(8192M) 0.031ms
[154.645s][info][gc,ergo     ] GC(176) Free: 7704M, Max: 4096K regular, 6808M humongous, Frag: 12% external, 0% internal; Reserve: 412M, Max: 4096K
[154.645s][info][gc,start    ] GC(176) Concurrent class unloading
[154.645s][info][gc,task     ] GC(176) Using 1 of 3 workers for concurrent class unloading
[154.648s][info][gc          ] GC(176) Concurrent class unloading 2.154ms
[154.648s][info][gc,start    ] GC(176) Pause Final Roots
[154.648s][info][gc          ] GC(176) Pause Final Roots 0.020ms
[154.648s][info][gc,ergo     ] Free: 7704M, Max: 4096K regular, 6808M humongous, Frag: 12% external, 0% internal; Reserve: 412M, Max: 4096K
[154.648s][info][gc,stats    ] 
[154.648s][info][gc,stats    ] All times are wall-clock times, except per-root-class counters, that are sum over
[154.648s][info][gc,stats    ] all workers. Dividing the <total> over the root stage time estimates parallelism.
[154.648s][info][gc,stats    ] 
[154.648s][info][gc,stats    ] Concurrent Reset                   1244 us
[154.648s][info][gc,stats    ] Pause Init Mark (G)                 179 us
[154.648s][info][gc,stats    ] Pause Init Mark (N)                 121 us
[154.648s][info][gc,stats    ]   Update Region States               52 us
[154.648s][info][gc,stats    ] Concurrent Mark Roots               426 us, parallelism: 0.80x
[154.648s][info][gc,stats    ]   CMR: <total>                      341 us
[154.648s][info][gc,stats    ]   CMR: Thread Roots                 299 us, workers (us): 299, ---, ---, 
[154.648s][info][gc,stats    ]   CMR: VM Strong Roots                4 us, workers (us):   4, ---, ---, 
[154.648s][info][gc,stats    ]   CMR: CLDG Roots                    38 us, workers (us):  38, ---, ---, 
[154.648s][info][gc,stats    ] Concurrent Marking                 3530 us
[154.648s][info][gc,stats    ] Pause Final Mark (G)                652 us
[154.648s][info][gc,stats    ] Pause Final Mark (N)                553 us
[154.648s][info][gc,stats    ]   Finish Mark                       301 us
[154.648s][info][gc,stats    ]   Update Region States               64 us
[154.648s][info][gc,stats    ]   Choose Collection Set              64 us
[154.648s][info][gc,stats    ]   Rebuild Free Set                   22 us
[154.648s][info][gc,stats    ] Concurrent Weak References          132 us, parallelism: 0.08x
[154.648s][info][gc,stats    ]   CWRF: <total>                      10 us
[154.648s][info][gc,stats    ]   CWRF: Weak References              10 us, workers (us):  10, ---, ---, 
[154.648s][info][gc,stats    ] Concurrent Weak Roots               628 us
[154.648s][info][gc,stats    ]   Roots                             539 us, parallelism: 0.92x
[154.648s][info][gc,stats    ]     CWR: <total>                    496 us
[154.648s][info][gc,stats    ]     CWR: Code Cache Roots           376 us, workers (us): 376, ---, ---, 
[154.648s][info][gc,stats    ]     CWR: VM Weak Roots              115 us, workers (us): 115, ---, ---, 
[154.648s][info][gc,stats    ]     CWR: CLDG Roots                   5 us, workers (us):   5, ---, ---, 
[154.648s][info][gc,stats    ]   Rendezvous                         56 us
[154.648s][info][gc,stats    ] Concurrent Cleanup                   39 us
[154.648s][info][gc,stats    ] Concurrent Class Unloading         2205 us
[154.648s][info][gc,stats    ]   Unlink Stale                     1809 us
[154.648s][info][gc,stats    ]     System Dictionary                 2 us
[154.648s][info][gc,stats    ]     Weak Class Links                  0 us
[154.648s][info][gc,stats    ]     Code Roots                     1806 us
[154.648s][info][gc,stats    ]   Rendezvous                        159 us
[154.648s][info][gc,stats    ]   Purge Unlinked                    167 us
[154.648s][info][gc,stats    ]     Code Roots                      156 us
[154.648s][info][gc,stats    ]     CLDG                             10 us
[154.648s][info][gc,stats    ]     Exception Caches                  0 us
[154.648s][info][gc,stats    ] Pause Final Roots (G)                97 us
[154.648s][info][gc,stats    ] Pause Final Roots (N)                28 us
[154.648s][info][gc,stats    ] 
[154.648s][info][gc,stats    ] Allocation pacing accrued:
[154.648s][info][gc,stats    ]       0 of   711 ms (  0.0%): <total>
[154.648s][info][gc,stats    ]       0 of   711 ms (  0.0%): <average total>
[154.648s][info][gc,stats    ] 
[154.648s][info][gc,metaspace] Metaspace: 9018K(9280K)->9018K(9280K) NonClass: 7846K(8000K)->7846K(8000K) Class: 1171K(1280K)->1171K(1280K)
[154.648s][info][gc,ergo     ] Pacer for Idle. Initial: 163M, Alloc Tax Rate: 1.0x
[155.565s][info][gc          ] Trigger: Learning 2 of 5. Free (5716M) is below initial threshold (5734M)
[155.565s][info][gc,ergo     ] Free: 5716M, Max: 4096K regular, 5716M humongous, Frag: 0% external, 0% internal; Reserve: 412M, Max: 4096K
[155.565s][info][gc,start    ] GC(177) Concurrent reset
[155.565s][info][gc,task     ] GC(177) Using 1 of 3 workers for concurrent reset
[155.565s][info][gc,ergo     ] GC(177) Pacer for Reset. Non-Taxable: 8192M
[155.565s][info][gc          ] GC(177) Concurrent reset 0.560ms
[155.566s][info][gc,start    ] GC(177) Pause Init Mark (unload classes)
[155.566s][info][gc,task     ] GC(177) Using 3 of 3 workers for init marking
[155.566s][info][gc,ergo     ] GC(177) Pacer for Mark. Expected Live: 10654K, Free: 5712M, Non-Taxable: 571M, Alloc Tax Rate: 0.0x
[155.566s][info][gc          ] GC(177) Pause Init Mark (unload classes) 0.162ms
[155.566s][info][gc,start    ] GC(177) Concurrent marking roots
[155.566s][info][gc,task     ] GC(177) Using 1 of 3 workers for concurrent marking roots
[155.566s][info][gc          ] GC(177) Concurrent marking roots 0.463ms
[155.566s][info][gc,start    ] GC(177) Concurrent marking (unload classes)
[155.566s][info][gc,task     ] GC(177) Using 1 of 3 workers for concurrent marking
[155.579s][info][gc          ] GC(177) Concurrent marking (unload classes) 12.958ms
[155.580s][info][gc,start    ] GC(177) Pause Final Mark (unload classes)
[155.580s][info][gc,task     ] GC(177) Using 3 of 3 workers for final marking
[155.580s][info][gc,ergo     ] GC(177) Collectable Garbage: 1948M (94%), Immediate: 1948M (94%), CSet: 0B (0%)
[155.580s][info][gc          ] GC(177) Pause Final Mark (unload classes) 0.224ms
[155.580s][info][gc,start    ] GC(177) Concurrent weak references
[155.580s][info][gc,task     ] GC(177) Using 1 of 3 workers for concurrent weak references
[155.580s][info][gc,ref      ] GC(177) Encountered references: Soft: 144, Weak: 702, Final: 0, Phantom: 27
[155.580s][info][gc,ref      ] GC(177) Discovered  references: Soft: 0, Weak: 150, Final: 0, Phantom: 12
[155.580s][info][gc,ref      ] GC(177) Enqueued    references: Soft: 0, Weak: 0, Final: 0, Phantom: 0
[155.580s][info][gc          ] GC(177) Concurrent weak references 0.112ms
[155.580s][info][gc,start    ] GC(177) Concurrent weak roots
[155.580s][info][gc,task     ] GC(177) Using 1 of 3 workers for concurrent weak root
[155.581s][info][gc          ] GC(177) Concurrent weak roots 0.611ms
[155.581s][info][gc,start    ] GC(177) Concurrent cleanup
[155.581s][info][gc          ] GC(177) Concurrent cleanup 2099M->151M(8192M) 0.044ms
[155.581s][info][gc,ergo     ] GC(177) Free: 7628M, Max: 4096K regular, 5680M humongous, Frag: 26% external, 0% internal; Reserve: 412M, Max: 4096K
[155.581s][info][gc,start    ] GC(177) Concurrent class unloading
[155.581s][info][gc,task     ] GC(177) Using 1 of 3 workers for concurrent class unloading
[155.583s][info][gc          ] GC(177) Concurrent class unloading 1.929ms
[155.583s][info][gc,start    ] GC(177) Pause Final Roots
[155.583s][info][gc          ] GC(177) Pause Final Roots 0.024ms
[155.583s][info][gc,ergo     ] Free: 7624M, Max: 4096K regular, 5680M humongous, Frag: 26% external, 0% internal; Reserve: 412M, Max: 4096K
[155.583s][info][gc,stats    ] 
[155.583s][info][gc,stats    ] All times are wall-clock times, except per-root-class counters, that are sum over
[155.583s][info][gc,stats    ] all workers. Dividing the <total> over the root stage time estimates parallelism.
[155.583s][info][gc,stats    ] 
[155.583s][info][gc,stats    ] Concurrent Reset                    628 us
[155.583s][info][gc,stats    ] Pause Init Mark (G)                 350 us
[155.583s][info][gc,stats    ] Pause Init Mark (N)                 178 us
[155.583s][info][gc,stats    ]   Update Region States               74 us
[155.583s][info][gc,stats    ] Concurrent Mark Roots               500 us, parallelism: 0.68x
[155.583s][info][gc,stats    ]   CMR: <total>                      341 us
[155.583s][info][gc,stats    ]   CMR: Thread Roots                 299 us, workers (us): 299, ---, ---, 
[155.583s][info][gc,stats    ]   CMR: VM Strong Roots                5 us, workers (us):   5, ---, ---, 
[155.583s][info][gc,stats    ]   CMR: CLDG Roots                    37 us, workers (us):  37, ---, ---, 
[155.583s][info][gc,stats    ] Concurrent Marking                13027 us
[155.583s][info][gc,stats    ] Pause Final Mark (G)                357 us
[155.583s][info][gc,stats    ] Pause Final Mark (N)                241 us
[155.583s][info][gc,stats    ]   Finish Mark                        55 us
[155.583s][info][gc,stats    ]   Update Region States               42 us
[155.583s][info][gc,stats    ]   Choose Collection Set              46 us
[155.583s][info][gc,stats    ]   Rebuild Free Set                   16 us
[155.583s][info][gc,stats    ] Concurrent Weak References          120 us, parallelism: 0.04x
[155.583s][info][gc,stats    ]   CWRF: <total>                       5 us
[155.583s][info][gc,stats    ]   CWRF: Weak References               5 us, workers (us):   5, ---, ---, 
[155.583s][info][gc,stats    ] Concurrent Weak Roots               633 us
[155.583s][info][gc,stats    ]   Roots                             508 us, parallelism: 0.89x
[155.583s][info][gc,stats    ]     CWR: <total>                    454 us
[155.583s][info][gc,stats    ]     CWR: Code Cache Roots           386 us, workers (us): 386, ---, ---, 
[155.583s][info][gc,stats    ]     CWR: VM Weak Roots               63 us, workers (us):  63, ---, ---, 
[155.583s][info][gc,stats    ]     CWR: CLDG Roots                   5 us, workers (us):   5, ---, ---, 
[155.583s][info][gc,stats    ]   Rendezvous                         87 us
[155.583s][info][gc,stats    ] Concurrent Cleanup                   52 us
[155.583s][info][gc,stats    ] Concurrent Class Unloading         1971 us
[155.583s][info][gc,stats    ]   Unlink Stale                     1777 us
[155.583s][info][gc,stats    ]     System Dictionary                 3 us
[155.583s][info][gc,stats    ]     Weak Class Links                  0 us
[155.583s][info][gc,stats    ]     Code Roots                     1773 us
[155.583s][info][gc,stats    ]   Rendezvous                         60 us
[155.583s][info][gc,stats    ]   Purge Unlinked                     75 us
[155.583s][info][gc,stats    ]     Code Roots                       70 us
[155.583s][info][gc,stats    ]     CLDG                              4 us
[155.583s][info][gc,stats    ]     Exception Caches                  0 us
[155.583s][info][gc,stats    ] Pause Final Roots (G)               132 us
[155.583s][info][gc,stats    ] Pause Final Roots (N)                32 us
[155.583s][info][gc,stats    ] 
[155.583s][info][gc,stats    ] Allocation pacing accrued:
[155.583s][info][gc,stats    ]       0 of   935 ms (  0.0%): <total>
[155.583s][info][gc,stats    ]       0 of   935 ms (  0.0%): <average total>
[155.583s][info][gc,stats    ] 
[155.584s][info][gc,metaspace] Metaspace: 9018K(9280K)->9018K(9280K) NonClass: 7846K(8000K)->7846K(8000K) Class: 1171K(1280K)->1171K(1280K)
[155.584s][info][gc,ergo     ] Pacer for Idle. Initial: 163M, Alloc Tax Rate: 1.0x
[156.460s][info][gc          ] Trigger: Learning 3 of 5. Free (5724M) is below initial threshold (5734M)
[156.460s][info][gc,ergo     ] Free: 5724M, Max: 4096K regular, 5680M humongous, Frag: 1% external, 0% internal; Reserve: 412M, Max: 4096K
[156.460s][info][gc,start    ] GC(178) Concurrent reset
[156.460s][info][gc,task     ] GC(178) Using 1 of 3 workers for concurrent reset
[156.460s][info][gc,ergo     ] GC(178) Pacer for Reset. Non-Taxable: 8192M
[156.461s][info][gc          ] GC(178) Concurrent reset 0.788ms
[156.461s][info][gc,start    ] GC(178) Pause Init Mark (unload classes)
[156.461s][info][gc,task     ] GC(178) Using 3 of 3 workers for init marking
[156.461s][info][gc,ergo     ] GC(178) Pacer for Mark. Expected Live: 11951K, Free: 5720M, Non-Taxable: 572M, Alloc Tax Rate: 0.0x
[156.461s][info][gc          ] GC(178) Pause Init Mark (unload classes) 0.178ms
[156.461s][info][gc,start    ] GC(178) Concurrent marking roots
[156.462s][info][gc,task     ] GC(178) Using 1 of 3 workers for concurrent marking roots
[156.462s][info][gc          ] GC(178) Concurrent marking roots 0.488ms
[156.462s][info][gc,start    ] GC(178) Concurrent marking (unload classes)
[156.462s][info][gc,task     ] GC(178) Using 1 of 3 workers for concurrent marking
[156.483s][info][gc          ] GC(178) Concurrent marking (unload classes) 21.313ms
[156.483s][info][gc,start    ] GC(178) Pause Final Mark (unload classes)
[156.484s][info][gc,task     ] GC(178) Using 3 of 3 workers for final marking
[156.484s][info][gc,ergo     ] GC(178) Collectable Garbage: 1916M (93%), Immediate: 1916M (93%), CSet: 0B (0%)
[156.484s][info][gc          ] GC(178) Pause Final Mark (unload classes) 0.348ms
[156.484s][info][gc,start    ] GC(178) Concurrent weak references
[156.484s][info][gc,task     ] GC(178) Using 1 of 3 workers for concurrent weak references
[156.484s][info][gc,ref      ] GC(178) Encountered references: Soft: 144, Weak: 702, Final: 0, Phantom: 27
[156.484s][info][gc,ref      ] GC(178) Discovered  references: Soft: 0, Weak: 150, Final: 0, Phantom: 12
[156.484s][info][gc,ref      ] GC(178) Enqueued    references: Soft: 0, Weak: 0, Final: 0, Phantom: 0
[156.484s][info][gc          ] GC(178) Concurrent weak references 0.202ms
[156.484s][info][gc,start    ] GC(178) Concurrent weak roots
[156.484s][info][gc,task     ] GC(178) Using 1 of 3 workers for concurrent weak root
[156.485s][info][gc          ] GC(178) Concurrent weak roots 0.601ms
[156.485s][info][gc,start    ] GC(178) Concurrent cleanup
[156.485s][info][gc          ] GC(178) Concurrent cleanup 2107M->191M(8192M) 0.042ms
[156.485s][info][gc,ergo     ] GC(178) Free: 7588M, Max: 4096K regular, 5672M humongous, Frag: 26% external, 0% internal; Reserve: 412M, Max: 4096K
[156.485s][info][gc,start    ] GC(178) Concurrent class unloading
[156.485s][info][gc,task     ] GC(178) Using 1 of 3 workers for concurrent class unloading
[156.487s][info][gc          ] GC(178) Concurrent class unloading 2.300ms
[156.487s][info][gc,start    ] GC(178) Pause Final Roots
[156.487s][info][gc          ] GC(178) Pause Final Roots 0.040ms
[156.487s][info][gc,ergo     ] Free: 7580M, Max: 4096K regular, 5672M humongous, Frag: 26% external, 0% internal; Reserve: 412M, Max: 4096K
[156.487s][info][gc,stats    ] 
[156.487s][info][gc,stats    ] All times are wall-clock times, except per-root-class counters, that are sum over
[156.487s][info][gc,stats    ] all workers. Dividing the <total> over the root stage time estimates parallelism.
[156.488s][info][gc,stats    ] 
[156.488s][info][gc,stats    ] Concurrent Reset                    856 us
[156.488s][info][gc,stats    ] Pause Init Mark (G)                 363 us
[156.488s][info][gc,stats    ] Pause Init Mark (N)                 195 us
[156.488s][info][gc,stats    ]   Update Region States               76 us
[156.488s][info][gc,stats    ] Concurrent Mark Roots               525 us, parallelism: 0.70x
[156.488s][info][gc,stats    ]   CMR: <total>                      366 us
[156.488s][info][gc,stats    ]   CMR: Thread Roots                 322 us, workers (us): 322, ---, ---, 
[156.488s][info][gc,stats    ]   CMR: VM Strong Roots                6 us, workers (us):   6, ---, ---, 
[156.488s][info][gc,stats    ]   CMR: CLDG Roots                    38 us, workers (us):  38, ---, ---, 
[156.488s][info][gc,stats    ] Concurrent Marking                21380 us
[156.488s][info][gc,stats    ] Pause Final Mark (G)                509 us
[156.488s][info][gc,stats    ] Pause Final Mark (N)                367 us
[156.488s][info][gc,stats    ]   Finish Mark                       107 us
[156.488s][info][gc,stats    ]   Update Region States               88 us
[156.488s][info][gc,stats    ]   Choose Collection Set              62 us
[156.488s][info][gc,stats    ]   Rebuild Free Set                   16 us
[156.488s][info][gc,stats    ] Concurrent Weak References          218 us, parallelism: 0.02x
[156.488s][info][gc,stats    ]   CWRF: <total>                       5 us
[156.488s][info][gc,stats    ]   CWRF: Weak References               5 us, workers (us):   5, ---, ---, 
[156.488s][info][gc,stats    ] Concurrent Weak Roots               620 us
[156.488s][info][gc,stats    ]   Roots                             487 us, parallelism: 0.88x
[156.488s][info][gc,stats    ]     CWR: <total>                    430 us
[156.488s][info][gc,stats    ]     CWR: Code Cache Roots           360 us, workers (us): 360, ---, ---, 
[156.488s][info][gc,stats    ]     CWR: VM Weak Roots               65 us, workers (us):  65, ---, ---, 
[156.488s][info][gc,stats    ]     CWR: CLDG Roots                   5 us, workers (us):   5, ---, ---, 
[156.488s][info][gc,stats    ]   Rendezvous                         82 us
[156.488s][info][gc,stats    ] Concurrent Cleanup                   50 us
[156.488s][info][gc,stats    ] Concurrent Class Unloading         2347 us
[156.488s][info][gc,stats    ]   Unlink Stale                     2074 us
[156.488s][info][gc,stats    ]     System Dictionary                 3 us
[156.488s][info][gc,stats    ]     Weak Class Links                  0 us
[156.488s][info][gc,stats    ]     Code Roots                     2070 us
[156.488s][info][gc,stats    ]   Rendezvous                        103 us
[156.488s][info][gc,stats    ]   Purge Unlinked                    105 us
[156.488s][info][gc,stats    ]     Code Roots                       96 us
[156.488s][info][gc,stats    ]     CLDG                              8 us
[156.488s][info][gc,stats    ]     Exception Caches                  0 us
[156.488s][info][gc,stats    ] Pause Final Roots (G)               195 us
[156.488s][info][gc,stats    ] Pause Final Roots (N)                58 us
[156.488s][info][gc,stats    ] 
[156.488s][info][gc,stats    ] Allocation pacing accrued:
[156.488s][info][gc,stats    ]       0 of   905 ms (  0.0%): <total>
[156.488s][info][gc,stats    ]       0 of   905 ms (  0.0%): <average total>
[156.488s][info][gc,stats    ] 
[156.488s][info][gc,metaspace] Metaspace: 9018K(9280K)->9018K(9280K) NonClass: 7846K(8000K)->7846K(8000K) Class: 1171K(1280K)->1171K(1280K)
[156.488s][info][gc,ergo     ] Pacer for Idle. Initial: 163M, Alloc Tax Rate: 1.0x
[157.371s][info][gc          ] Trigger: Learning 4 of 5. Free (5728M) is below initial threshold (5734M)
[157.371s][info][gc,ergo     ] Free: 5728M, Max: 4096K regular, 5672M humongous, Frag: 1% external, 0% internal; Reserve: 412M, Max: 4096K
[157.371s][info][gc,start    ] GC(179) Concurrent reset
[157.371s][info][gc,task     ] GC(179) Using 1 of 3 workers for concurrent reset
[157.371s][info][gc,ergo     ] GC(179) Pacer for Reset. Non-Taxable: 8192M
[157.372s][info][gc          ] GC(179) Concurrent reset 1.017ms
[157.372s][info][gc,start    ] GC(179) Pause Init Mark (unload classes)
[157.372s][info][gc,task     ] GC(179) Using 3 of 3 workers for init marking
[157.372s][info][gc,ergo     ] GC(179) Pacer for Mark. Expected Live: 13170K, Free: 5728M, Non-Taxable: 572M, Alloc Tax Rate: 0.0x
[157.372s][info][gc          ] GC(179) Pause Init Mark (unload classes) 0.180ms
[157.372s][info][gc,start    ] GC(179) Concurrent marking roots
[157.372s][info][gc,task     ] GC(179) Using 1 of 3 workers for concurrent marking roots
[157.373s][info][gc          ] GC(179) Concurrent marking roots 0.424ms
[157.373s][info][gc,start    ] GC(179) Concurrent marking (unload classes)
[157.373s][info][gc,task     ] GC(179) Using 1 of 3 workers for concurrent marking
[157.403s][info][gc          ] GC(179) Concurrent marking (unload classes) 30.058ms
[157.403s][info][gc,start    ] GC(179) Pause Final Mark (unload classes)
[157.403s][info][gc,task     ] GC(179) Using 3 of 3 workers for final marking
[157.403s][info][gc,ergo     ] GC(179) Collectable Garbage: 1911M (94%), Immediate: 1911M (94%), CSet: 0B (0%)
[157.403s][info][gc          ] GC(179) Pause Final Mark (unload classes) 0.251ms
[157.403s][info][gc,start    ] GC(179) Concurrent weak references
[157.403s][info][gc,task     ] GC(179) Using 1 of 3 workers for concurrent weak references
[157.403s][info][gc,ref      ] GC(179) Encountered references: Soft: 144, Weak: 702, Final: 0, Phantom: 27
[157.403s][info][gc,ref      ] GC(179) Discovered  references: Soft: 0, Weak: 150, Final: 0, Phantom: 12
[157.403s][info][gc,ref      ] GC(179) Enqueued    references: Soft: 0, Weak: 0, Final: 0, Phantom: 0
[157.403s][info][gc          ] GC(179) Concurrent weak references 0.146ms
[157.403s][info][gc,start    ] GC(179) Concurrent weak roots
[157.403s][info][gc,task     ] GC(179) Using 1 of 3 workers for concurrent weak root
[157.404s][info][gc          ] GC(179) Concurrent weak roots 0.549ms
[157.404s][info][gc,start    ] GC(179) Concurrent cleanup
[157.404s][info][gc          ] GC(179) Concurrent cleanup 2107M->195M(8192M) 0.043ms
[157.404s][info][gc,ergo     ] GC(179) Free: 7584M, Max: 4096K regular, 5684M humongous, Frag: 26% external, 0% internal; Reserve: 412M, Max: 4096K
[157.404s][info][gc,start    ] GC(179) Concurrent class unloading
[157.404s][info][gc,task     ] GC(179) Using 1 of 3 workers for concurrent class unloading
[157.406s][info][gc          ] GC(179) Concurrent class unloading 1.924ms
[157.406s][info][gc,start    ] GC(179) Pause Final Roots
[157.406s][info][gc          ] GC(179) Pause Final Roots 0.041ms
[157.406s][info][gc,ergo     ] Free: 7580M, Max: 4096K regular, 5684M humongous, Frag: 26% external, 0% internal; Reserve: 412M, Max: 4096K
[157.406s][info][gc,stats    ] 
[157.406s][info][gc,stats    ] All times are wall-clock times, except per-root-class counters, that are sum over
[157.406s][info][gc,stats    ] all workers. Dividing the <total> over the root stage time estimates parallelism.
[157.406s][info][gc,stats    ] 
[157.406s][info][gc,stats    ] Concurrent Reset                   1104 us
[157.406s][info][gc,stats    ] Pause Init Mark (G)                 336 us
[157.406s][info][gc,stats    ] Pause Init Mark (N)                 197 us
[157.406s][info][gc,stats    ]   Update Region States               74 us
[157.406s][info][gc,stats    ] Concurrent Mark Roots               445 us, parallelism: 0.75x
[157.406s][info][gc,stats    ]   CMR: <total>                      336 us
[157.406s][info][gc,stats    ]   CMR: Thread Roots                 294 us, workers (us): 294, ---, ---, 
[157.406s][info][gc,stats    ]   CMR: VM Strong Roots                5 us, workers (us):   5, ---, ---, 
[157.406s][info][gc,stats    ]   CMR: CLDG Roots                    37 us, workers (us):  37, ---, ---, 
[157.407s][info][gc,stats    ] Concurrent Marking                30126 us
[157.407s][info][gc,stats    ] Pause Final Mark (G)                384 us
[157.407s][info][gc,stats    ] Pause Final Mark (N)                260 us
[157.407s][info][gc,stats    ]   Finish Mark                        87 us
[157.407s][info][gc,stats    ]   Update Region States               41 us
[157.407s][info][gc,stats    ]   Choose Collection Set              40 us
[157.407s][info][gc,stats    ]   Rebuild Free Set                    8 us
[157.407s][info][gc,stats    ] Concurrent Weak References          159 us, parallelism: 0.05x
[157.407s][info][gc,stats    ]   CWRF: <total>                       8 us
[157.407s][info][gc,stats    ]   CWRF: Weak References               8 us, workers (us):   8, ---, ---, 
[157.407s][info][gc,stats    ] Concurrent Weak Roots               568 us
[157.407s][info][gc,stats    ]   Roots                             480 us, parallelism: 0.89x
[157.407s][info][gc,stats    ]     CWR: <total>                    426 us
[157.407s][info][gc,stats    ]     CWR: Code Cache Roots           355 us, workers (us): 355, ---, ---, 
[157.407s][info][gc,stats    ]     CWR: VM Weak Roots               65 us, workers (us):  65, ---, ---, 
[157.407s][info][gc,stats    ]     CWR: CLDG Roots                   6 us, workers (us):   6, ---, ---, 
[157.407s][info][gc,stats    ]   Rendezvous                         54 us
[157.407s][info][gc,stats    ] Concurrent Cleanup                   51 us
[157.407s][info][gc,stats    ] Concurrent Class Unloading         1956 us
[157.407s][info][gc,stats    ]   Unlink Stale                     1757 us
[157.407s][info][gc,stats    ]     System Dictionary                 4 us
[157.407s][info][gc,stats    ]     Weak Class Links                  0 us
[157.407s][info][gc,stats    ]     Code Roots                     1752 us
[157.407s][info][gc,stats    ]   Rendezvous                         56 us
[157.407s][info][gc,stats    ]   Purge Unlinked                     93 us
[157.407s][info][gc,stats    ]     Code Roots                       88 us
[157.407s][info][gc,stats    ]     CLDG                              4 us
[157.407s][info][gc,stats    ]     Exception Caches                  0 us
[157.407s][info][gc,stats    ] Pause Final Roots (G)               152 us
[157.407s][info][gc,stats    ] Pause Final Roots (N)                59 us
[157.407s][info][gc,stats    ] 
[157.407s][info][gc,stats    ] Allocation pacing accrued:
[157.407s][info][gc,stats    ]       0 of   919 ms (  0.0%): <total>
[157.407s][info][gc,stats    ]       0 of   919 ms (  0.0%): <average total>
[157.407s][info][gc,stats    ] 
[157.407s][info][gc,metaspace] Metaspace: 9018K(9280K)->9018K(9280K) NonClass: 7846K(8000K)->7846K(8000K) Class: 1171K(1280K)->1171K(1280K)
[157.407s][info][gc,ergo     ] Pacer for Idle. Initial: 163M, Alloc Tax Rate: 1.0x
[158.124s][info][gc          ] Trigger: Explicit GC request (System.gc())
[158.124s][info][gc,ergo     ] Free: 6672M, Max: 4096K regular, 5684M humongous, Frag: 15% external, 0% internal; Reserve: 412M, Max: 4096K
[158.124s][info][gc,start    ] GC(180) Concurrent reset
[158.124s][info][gc,task     ] GC(180) Using 1 of 3 workers for concurrent reset
[158.124s][info][gc,ergo     ] GC(180) Pacer for Reset. Non-Taxable: 8192M
[158.125s][info][gc          ] GC(180) Concurrent reset 0.732ms
[158.125s][info][gc,start    ] GC(180) Pause Init Mark (unload classes)
[158.125s][info][gc,task     ] GC(180) Using 3 of 3 workers for init marking
[158.125s][info][gc,ref      ] GC(180) Clearing All SoftReferences
[158.125s][info][gc,ergo     ] GC(180) Pacer for Mark. Expected Live: 14417K, Free: 6672M, Non-Taxable: 667M, Alloc Tax Rate: 0.0x
[158.125s][info][gc          ] GC(180) Pause Init Mark (unload classes) 0.227ms
[158.125s][info][gc,start    ] GC(180) Concurrent marking roots
[158.125s][info][gc,task     ] GC(180) Using 1 of 3 workers for concurrent marking roots
[158.126s][info][gc          ] GC(180) Concurrent marking roots 0.649ms
[158.126s][info][gc,start    ] GC(180) Concurrent marking (unload classes)
[158.126s][info][gc,task     ] GC(180) Using 1 of 3 workers for concurrent marking
[158.130s][info][gc          ] GC(180) Concurrent marking (unload classes) 3.663ms
[158.130s][info][gc,start    ] GC(180) Pause Final Mark (unload classes)
[158.130s][info][gc,task     ] GC(180) Using 3 of 3 workers for final marking
[158.130s][info][gc,ergo     ] GC(180) Collectable Garbage: 1031M (93%), Immediate: 1031M (93%), CSet: 0B (0%)
[158.130s][info][gc          ] GC(180) Pause Final Mark (unload classes) 0.296ms
[158.130s][info][gc,start    ] GC(180) Concurrent weak references
[158.130s][info][gc,task     ] GC(180) Using 1 of 3 workers for concurrent weak references
[158.130s][info][gc,ref      ] GC(180) Encountered references: Soft: 144, Weak: 702, Final: 0, Phantom: 27
[158.130s][info][gc,ref      ] GC(180) Discovered  references: Soft: 89, Weak: 168, Final: 0, Phantom: 25
[158.130s][info][gc,ref      ] GC(180) Enqueued    references: Soft: 3, Weak: 0, Final: 0, Phantom: 0
[158.130s][info][gc          ] GC(180) Concurrent weak references 0.157ms
[158.130s][info][gc,start    ] GC(180) Concurrent weak roots
[158.130s][info][gc,task     ] GC(180) Using 1 of 3 workers for concurrent weak root
[158.131s][info][gc          ] GC(180) Concurrent weak roots 0.554ms
[158.131s][info][gc,start    ] GC(180) Concurrent cleanup
[158.131s][info][gc          ] GC(180) Concurrent cleanup 1107M->75M(8192M) 0.035ms
[158.131s][info][gc,ergo     ] GC(180) Free: 7704M, Max: 4096K regular, 6780M humongous, Frag: 12% external, 0% internal; Reserve: 412M, Max: 4096K
[158.131s][info][gc,start    ] GC(180) Concurrent class unloading
[158.131s][info][gc,task     ] GC(180) Using 1 of 3 workers for concurrent class unloading
[158.133s][info][gc          ] GC(180) Concurrent class unloading 2.263ms
[158.133s][info][gc,start    ] GC(180) Pause Final Roots
[158.133s][info][gc          ] GC(180) Pause Final Roots 0.058ms
[158.133s][info][gc,ergo     ] Free: 7704M, Max: 4096K regular, 6780M humongous, Frag: 12% external, 0% internal; Reserve: 412M, Max: 4096K
[158.133s][info][gc,stats    ] 
[158.133s][info][gc,stats    ] All times are wall-clock times, except per-root-class counters, that are sum over
[158.133s][info][gc,stats    ] all workers. Dividing the <total> over the root stage time estimates parallelism.
[158.133s][info][gc,stats    ] 
[158.134s][info][gc,stats    ] Concurrent Reset                    806 us
[158.134s][info][gc,stats    ] Pause Init Mark (G)                 377 us
[158.134s][info][gc,stats    ] Pause Init Mark (N)                 245 us
[158.134s][info][gc,stats    ]   Update Region States              104 us
[158.134s][info][gc,stats    ] Concurrent Mark Roots               667 us, parallelism: 0.75x
[158.134s][info][gc,stats    ]   CMR: <total>                      503 us
[158.134s][info][gc,stats    ]   CMR: Thread Roots                 406 us, workers (us): 406, ---, ---, 
[158.134s][info][gc,stats    ]   CMR: VM Strong Roots               10 us, workers (us):  10, ---, ---, 
[158.134s][info][gc,stats    ]   CMR: CLDG Roots                    87 us, workers (us):  87, ---, ---, 
[158.134s][info][gc,stats    ] Concurrent Marking                 3715 us
[158.134s][info][gc,stats    ] Pause Final Mark (G)                430 us
[158.134s][info][gc,stats    ] Pause Final Mark (N)                319 us
[158.134s][info][gc,stats    ]   Finish Mark                        92 us
[158.134s][info][gc,stats    ]   Update Region States               50 us
[158.134s][info][gc,stats    ]   Choose Collection Set              55 us
[158.134s][info][gc,stats    ]   Rebuild Free Set                   21 us
[158.134s][info][gc,stats    ] Concurrent Weak References          173 us, parallelism: 0.05x
[158.134s][info][gc,stats    ]   CWRF: <total>                       8 us
[158.134s][info][gc,stats    ]   CWRF: Weak References               8 us, workers (us):   8, ---, ---, 
[158.134s][info][gc,stats    ] Concurrent Weak Roots               574 us
[158.134s][info][gc,stats    ]   Roots                             424 us, parallelism: 0.88x
[158.134s][info][gc,stats    ]     CWR: <total>                    373 us
[158.134s][info][gc,stats    ]     CWR: Code Cache Roots           306 us, workers (us): 306, ---, ---, 
[158.134s][info][gc,stats    ]     CWR: VM Weak Roots               63 us, workers (us):  63, ---, ---, 
[158.134s][info][gc,stats    ]     CWR: CLDG Roots                   4 us, workers (us):   4, ---, ---, 
[158.134s][info][gc,stats    ]   Rendezvous                         98 us
[158.134s][info][gc,stats    ] Concurrent Cleanup                   44 us
[158.134s][info][gc,stats    ] Concurrent Class Unloading         2319 us
[158.134s][info][gc,stats    ]   Unlink Stale                     1720 us
[158.134s][info][gc,stats    ]     System Dictionary                 2 us
[158.134s][info][gc,stats    ]     Weak Class Links                  0 us
[158.134s][info][gc,stats    ]     Code Roots                     1717 us
[158.134s][info][gc,stats    ]   Rendezvous                        419 us
[158.134s][info][gc,stats    ]   Purge Unlinked                    106 us
[158.134s][info][gc,stats    ]     Code Roots                       97 us
[158.134s][info][gc,stats    ]     CLDG                              8 us
[158.134s][info][gc,stats    ]     Exception Caches                  0 us
[158.134s][info][gc,stats    ] Pause Final Roots (G)               192 us
[158.134s][info][gc,stats    ] Pause Final Roots (N)                81 us
[158.134s][info][gc,stats    ] 
[158.134s][info][gc,stats    ] Allocation pacing accrued:
[158.134s][info][gc,stats    ]       0 of   727 ms (  0.0%): <total>
[158.134s][info][gc,stats    ]       0 of   727 ms (  0.0%): <average total>
[158.134s][info][gc,stats    ] 
[158.134s][info][gc,metaspace] Metaspace: 9018K(9280K)->9018K(9280K) NonClass: 7846K(8000K)->7846K(8000K) Class: 1171K(1280K)->1171K(1280K)
[158.134s][info][gc,ergo     ] Pacer for Idle. Initial: 163M, Alloc Tax Rate: 1.0x
[159.050s][info][gc          ] Trigger: Learning 2 of 5. Free (5708M) is below initial threshold (5734M)
[159.050s][info][gc,ergo     ] Free: 5708M, Max: 4096K regular, 5708M humongous, Frag: 0% external, 0% internal; Reserve: 412M, Max: 4096K
[159.050s][info][gc,start    ] GC(181) Concurrent reset
[159.050s][info][gc,task     ] GC(181) Using 1 of 3 workers for concurrent reset
[159.050s][info][gc,ergo     ] GC(181) Pacer for Reset. Non-Taxable: 8192M
[159.051s][info][gc          ] GC(181) Concurrent reset 0.628ms
[159.051s][info][gc,start    ] GC(181) Pause Init Mark (unload classes)
[159.051s][info][gc,task     ] GC(181) Using 3 of 3 workers for init marking
[159.051s][info][gc,ergo     ] GC(181) Pacer for Mark. Expected Live: 10650K, Free: 5704M, Non-Taxable: 570M, Alloc Tax Rate: 0.0x
[159.051s][info][gc          ] GC(181) Pause Init Mark (unload classes) 0.161ms
[159.051s][info][gc,start    ] GC(181) Concurrent marking roots
[159.051s][info][gc,task     ] GC(181) Using 1 of 3 workers for concurrent marking roots
[159.052s][info][gc          ] GC(181) Concurrent marking roots 0.401ms
[159.052s][info][gc,start    ] GC(181) Concurrent marking (unload classes)
[159.052s][info][gc,task     ] GC(181) Using 1 of 3 workers for concurrent marking
[159.065s][info][gc          ] GC(181) Concurrent marking (unload classes) 12.738ms
[159.065s][info][gc,start    ] GC(181) Pause Final Mark (unload classes)
[159.065s][info][gc,task     ] GC(181) Using 3 of 3 workers for final marking
[159.065s][info][gc,ergo     ] GC(181) Collectable Garbage: 1960M (94%), Immediate: 1960M (94%), CSet: 0B (0%)
[159.065s][info][gc          ] GC(181) Pause Final Mark (unload classes) 0.354ms
[159.065s][info][gc,start    ] GC(181) Concurrent weak references
[159.065s][info][gc,task     ] GC(181) Using 1 of 3 workers for concurrent weak references
[159.065s][info][gc,ref      ] GC(181) Encountered references: Soft: 144, Weak: 702, Final: 0, Phantom: 27
[159.065s][info][gc,ref      ] GC(181) Discovered  references: Soft: 0, Weak: 150, Final: 0, Phantom: 12
[159.065s][info][gc,ref      ] GC(181) Enqueued    references: Soft: 0, Weak: 0, Final: 0, Phantom: 0
[159.065s][info][gc          ] GC(181) Concurrent weak references 0.165ms
[159.065s][info][gc,start    ] GC(181) Concurrent weak roots
[159.065s][info][gc,task     ] GC(181) Using 1 of 3 workers for concurrent weak root
[159.066s][info][gc          ] GC(181) Concurrent weak roots 0.573ms
[159.066s][info][gc,start    ] GC(181) Concurrent cleanup
[159.066s][info][gc          ] GC(181) Concurrent cleanup 2107M->147M(8192M) 0.045ms
[159.066s][info][gc,ergo     ] GC(181) Free: 7632M, Max: 4096K regular, 5672M humongous, Frag: 26% external, 0% internal; Reserve: 412M, Max: 4096K
[159.066s][info][gc,start    ] GC(181) Concurrent class unloading
[159.066s][info][gc,task     ] GC(181) Using 1 of 3 workers for concurrent class unloading
[159.068s][info][gc          ] GC(181) Concurrent class unloading 2.085ms
[159.068s][info][gc,start    ] GC(181) Pause Final Roots
[159.068s][info][gc          ] GC(181) Pause Final Roots 0.026ms
[159.068s][info][gc,ergo     ] Free: 7628M, Max: 4096K regular, 5672M humongous, Frag: 26% external, 0% internal; Reserve: 412M, Max: 4096K
[159.068s][info][gc,stats    ] 
[159.068s][info][gc,stats    ] All times are wall-clock times, except per-root-class counters, that are sum over
[159.068s][info][gc,stats    ] all workers. Dividing the <total> over the root stage time estimates parallelism.
[159.068s][info][gc,stats    ] 
[159.068s][info][gc,stats    ] Concurrent Reset                    693 us
[159.068s][info][gc,stats    ] Pause Init Mark (G)                 328 us
[159.068s][info][gc,stats    ] Pause Init Mark (N)                 178 us
[159.069s][info][gc,stats    ]   Update Region States               53 us
[159.069s][info][gc,stats    ] Concurrent Mark Roots               418 us, parallelism: 0.79x
[159.069s][info][gc,stats    ]   CMR: <total>                      331 us
[159.069s][info][gc,stats    ]   CMR: Thread Roots                 292 us, workers (us): 292, ---, ---, 
[159.069s][info][gc,stats    ]   CMR: VM Strong Roots                5 us, workers (us):   5, ---, ---, 
[159.069s][info][gc,stats    ]   CMR: CLDG Roots                    33 us, workers (us):  33, ---, ---, 
[159.069s][info][gc,stats    ] Concurrent Marking                12807 us
[159.069s][info][gc,stats    ] Pause Final Mark (G)                499 us
[159.069s][info][gc,stats    ] Pause Final Mark (N)                373 us
[159.069s][info][gc,stats    ]   Finish Mark                       122 us
[159.069s][info][gc,stats    ]   Update Region States               89 us
[159.069s][info][gc,stats    ]   Choose Collection Set              61 us
[159.069s][info][gc,stats    ]   Rebuild Free Set                   16 us
[159.069s][info][gc,stats    ] Concurrent Weak References          173 us, parallelism: 0.03x
[159.069s][info][gc,stats    ]   CWRF: <total>                       5 us
[159.069s][info][gc,stats    ]   CWRF: Weak References               5 us, workers (us):   5, ---, ---, 
[159.069s][info][gc,stats    ] Concurrent Weak Roots               592 us
[159.069s][info][gc,stats    ]   Roots                             496 us, parallelism: 0.90x
[159.069s][info][gc,stats    ]     CWR: <total>                    446 us
[159.069s][info][gc,stats    ]     CWR: Code Cache Roots           372 us, workers (us): 372, ---, ---, 
[159.069s][info][gc,stats    ]     CWR: VM Weak Roots               68 us, workers (us):  68, ---, ---, 
[159.069s][info][gc,stats    ]     CWR: CLDG Roots                   5 us, workers (us):   5, ---, ---, 
[159.069s][info][gc,stats    ]   Rendezvous                         61 us
[159.069s][info][gc,stats    ] Concurrent Cleanup                   53 us
[159.069s][info][gc,stats    ] Concurrent Class Unloading         2137 us
[159.069s][info][gc,stats    ]   Unlink Stale                     1913 us
[159.069s][info][gc,stats    ]     System Dictionary                 4 us
[159.069s][info][gc,stats    ]     Weak Class Links                  0 us
[159.069s][info][gc,stats    ]     Code Roots                     1907 us
[159.069s][info][gc,stats    ]   Rendezvous                         57 us
[159.069s][info][gc,stats    ]   Purge Unlinked                     97 us
[159.069s][info][gc,stats    ]     Code Roots                       87 us
[159.069s][info][gc,stats    ]     CLDG                              9 us
[159.069s][info][gc,stats    ]     Exception Caches                  0 us
[159.069s][info][gc,stats    ] Pause Final Roots (G)               130 us
[159.069s][info][gc,stats    ] Pause Final Roots (N)                34 us
[159.069s][info][gc,stats    ] 
[159.069s][info][gc,stats    ] Allocation pacing accrued:
[159.069s][info][gc,stats    ]       0 of   935 ms (  0.0%): <total>
[159.069s][info][gc,stats    ]       0 of   935 ms (  0.0%): <average total>
[159.069s][info][gc,stats    ] 
[159.069s][info][gc,metaspace] Metaspace: 9018K(9280K)->9018K(9280K) NonClass: 7846K(8000K)->7846K(8000K) Class: 1171K(1280K)->1171K(1280K)
[159.069s][info][gc,ergo     ] Pacer for Idle. Initial: 163M, Alloc Tax Rate: 1.0x
[159.945s][info][gc          ] Trigger: Learning 3 of 5. Free (5720M) is below initial threshold (5734M)
[159.946s][info][gc,ergo     ] Free: 5720M, Max: 4096K regular, 5672M humongous, Frag: 1% external, 0% internal; Reserve: 412M, Max: 4096K
[159.946s][info][gc,start    ] GC(182) Concurrent reset
[159.946s][info][gc,task     ] GC(182) Using 1 of 3 workers for concurrent reset
[159.946s][info][gc,ergo     ] GC(182) Pacer for Reset. Non-Taxable: 8192M
[159.946s][info][gc          ] GC(182) Concurrent reset 0.699ms
[159.946s][info][gc,start    ] GC(182) Pause Init Mark (unload classes)
[159.947s][info][gc,task     ] GC(182) Using 3 of 3 workers for init marking
[159.947s][info][gc,ergo     ] GC(182) Pacer for Mark. Expected Live: 11950K, Free: 5720M, Non-Taxable: 572M, Alloc Tax Rate: 0.0x
[159.947s][info][gc          ] GC(182) Pause Init Mark (unload classes) 0.170ms
[159.947s][info][gc,start    ] GC(182) Concurrent marking roots
[159.947s][info][gc,task     ] GC(182) Using 1 of 3 workers for concurrent marking roots
[159.947s][info][gc          ] GC(182) Concurrent marking roots 0.461ms
[159.947s][info][gc,start    ] GC(182) Concurrent marking (unload classes)
[159.947s][info][gc,task     ] GC(182) Using 1 of 3 workers for concurrent marking
[159.968s][info][gc          ] GC(182) Concurrent marking (unload classes) 21.199ms
[159.969s][info][gc,start    ] GC(182) Pause Final Mark (unload classes)
[159.969s][info][gc,task     ] GC(182) Using 3 of 3 workers for final marking
[159.969s][info][gc,ergo     ] GC(182) Collectable Garbage: 1919M (93%), Immediate: 1919M (93%), CSet: 0B (0%)
[159.969s][info][gc          ] GC(182) Pause Final Mark (unload classes) 0.348ms
[159.969s][info][gc,start    ] GC(182) Concurrent weak references
[159.969s][info][gc,task     ] GC(182) Using 1 of 3 workers for concurrent weak references
[159.969s][info][gc,ref      ] GC(182) Encountered references: Soft: 144, Weak: 702, Final: 0, Phantom: 27
[159.969s][info][gc,ref      ] GC(182) Discovered  references: Soft: 0, Weak: 150, Final: 0, Phantom: 25
[159.969s][info][gc,ref      ] GC(182) Enqueued    references: Soft: 0, Weak: 0, Final: 0, Phantom: 0
[159.969s][info][gc          ] GC(182) Concurrent weak references 0.110ms
[159.969s][info][gc,start    ] GC(182) Concurrent weak roots
[159.969s][info][gc,task     ] GC(182) Using 1 of 3 workers for concurrent weak root
[159.970s][info][gc          ] GC(182) Concurrent weak roots 0.564ms
[159.970s][info][gc,start    ] GC(182) Concurrent cleanup
[159.970s][info][gc          ] GC(182) Concurrent cleanup 2107M->187M(8192M) 0.042ms
[159.970s][info][gc,ergo     ] GC(182) Free: 7592M, Max: 4096K regular, 5716M humongous, Frag: 25% external, 0% internal; Reserve: 412M, Max: 4096K
[159.970s][info][gc,start    ] GC(182) Concurrent class unloading
[159.970s][info][gc,task     ] GC(182) Using 1 of 3 workers for concurrent class unloading
[159.972s][info][gc          ] GC(182) Concurrent class unloading 1.946ms
[159.972s][info][gc,start    ] GC(182) Pause Final Roots
[159.972s][info][gc          ] GC(182) Pause Final Roots 0.022ms
[159.972s][info][gc,ergo     ] Free: 7588M, Max: 4096K regular, 5716M humongous, Frag: 25% external, 0% internal; Reserve: 412M, Max: 4096K
[159.972s][info][gc,stats    ] 
[159.972s][info][gc,stats    ] All times are wall-clock times, except per-root-class counters, that are sum over
[159.972s][info][gc,stats    ] all workers. Dividing the <total> over the root stage time estimates parallelism.
[159.972s][info][gc,stats    ] 
[159.972s][info][gc,stats    ] Concurrent Reset                    758 us
[159.972s][info][gc,stats    ] Pause Init Mark (G)                 341 us
[159.972s][info][gc,stats    ] Pause Init Mark (N)                 187 us
[159.972s][info][gc,stats    ]   Update Region States               76 us
[159.972s][info][gc,stats    ] Concurrent Mark Roots               478 us, parallelism: 0.75x
[159.972s][info][gc,stats    ]   CMR: <total>                      358 us
[159.972s][info][gc,stats    ]   CMR: Thread Roots                 315 us, workers (us): 315, ---, ---, 
[159.972s][info][gc,stats    ]   CMR: VM Strong Roots                5 us, workers (us):   5, ---, ---, 
[159.972s][info][gc,stats    ]   CMR: CLDG Roots                    38 us, workers (us):  38, ---, ---, 
[159.972s][info][gc,stats    ] Concurrent Marking                21267 us
[159.972s][info][gc,stats    ] Pause Final Mark (G)                515 us
[159.972s][info][gc,stats    ] Pause Final Mark (N)                367 us
[159.972s][info][gc,stats    ]   Finish Mark                       110 us
[159.972s][info][gc,stats    ]   Update Region States               88 us
[159.972s][info][gc,stats    ]   Choose Collection Set              63 us
[159.972s][info][gc,stats    ]   Rebuild Free Set                   16 us
[159.972s][info][gc,stats    ] Concurrent Weak References          118 us, parallelism: 0.08x
[159.972s][info][gc,stats    ]   CWRF: <total>                       9 us
[159.972s][info][gc,stats    ]   CWRF: Weak References               9 us, workers (us):   9, ---, ---, 
[159.972s][info][gc,stats    ] Concurrent Weak Roots               583 us
[159.972s][info][gc,stats    ]   Roots                             467 us, parallelism: 0.89x
[159.972s][info][gc,stats    ]     CWR: <total>                    416 us
[159.972s][info][gc,stats    ]     CWR: Code Cache Roots           347 us, workers (us): 347, ---, ---, 
[159.972s][info][gc,stats    ]     CWR: VM Weak Roots               64 us, workers (us):  64, ---, ---, 
[159.972s][info][gc,stats    ]     CWR: CLDG Roots                   5 us, workers (us):   5, ---, ---, 
[159.972s][info][gc,stats    ]   Rendezvous                         81 us
[159.972s][info][gc,stats    ] Concurrent Cleanup                   50 us
[159.972s][info][gc,stats    ] Concurrent Class Unloading         1998 us
[159.972s][info][gc,stats    ]   Unlink Stale                     1755 us
[159.972s][info][gc,stats    ]     System Dictionary                 3 us
[159.972s][info][gc,stats    ]     Weak Class Links                  0 us
[159.972s][info][gc,stats    ]     Code Roots                     1751 us
[159.972s][info][gc,stats    ]   Rendezvous                         52 us
[159.972s][info][gc,stats    ]   Purge Unlinked                    120 us
[159.972s][info][gc,stats    ]     Code Roots                      111 us
[159.972s][info][gc,stats    ]     CLDG                              8 us
[159.972s][info][gc,stats    ]     Exception Caches                  0 us
[159.972s][info][gc,stats    ] Pause Final Roots (G)               149 us
[159.972s][info][gc,stats    ] Pause Final Roots (N)                30 us
[159.972s][info][gc,stats    ] 
[159.972s][info][gc,stats    ] Allocation pacing accrued:
[159.972s][info][gc,stats    ]       0 of   903 ms (  0.0%): <total>
[159.972s][info][gc,stats    ]       0 of   903 ms (  0.0%): <average total>
[159.972s][info][gc,stats    ] 
[159.972s][info][gc,metaspace] Metaspace: 9018K(9280K)->9018K(9280K) NonClass: 7846K(8000K)->7846K(8000K) Class: 1171K(1280K)->1171K(1280K)
[159.972s][info][gc,ergo     ] Pacer for Idle. Initial: 163M, Alloc Tax Rate: 1.0x
[160.872s][info][gc          ] Trigger: Learning 4 of 5. Free (5708M) is below initial threshold (5734M)
[160.872s][info][gc,ergo     ] Free: 5708M, Max: 4096K regular, 5708M humongous, Frag: 0% external, 0% internal; Reserve: 412M, Max: 4096K
[160.872s][info][gc,start    ] GC(183) Concurrent reset
[160.872s][info][gc,task     ] GC(183) Using 1 of 3 workers for concurrent reset
[160.872s][info][gc,ergo     ] GC(183) Pacer for Reset. Non-Taxable: 8192M
[160.873s][info][gc          ] GC(183) Concurrent reset 0.868ms
[160.873s][info][gc,start    ] GC(183) Pause Init Mark (unload classes)
[160.873s][info][gc,task     ] GC(183) Using 3 of 3 workers for init marking
[160.873s][info][gc,ergo     ] GC(183) Pacer for Mark. Expected Live: 13165K, Free: 5708M, Non-Taxable: 570M, Alloc Tax Rate: 0.0x
[160.873s][info][gc          ] GC(183) Pause Init Mark (unload classes) 0.226ms
[160.873s][info][gc,start    ] GC(183) Concurrent marking roots
[160.873s][info][gc,task     ] GC(183) Using 1 of 3 workers for concurrent marking roots
[160.874s][info][gc          ] GC(183) Concurrent marking roots 0.745ms
[160.874s][info][gc,start    ] GC(183) Concurrent marking (unload classes)
[160.874s][info][gc,task     ] GC(183) Using 1 of 3 workers for concurrent marking
[160.905s][info][gc          ] GC(183) Concurrent marking (unload classes) 31.005ms
[160.905s][info][gc,start    ] GC(183) Pause Final Mark (unload classes)
[160.905s][info][gc,task     ] GC(183) Using 3 of 3 workers for final marking
[160.905s][info][gc,ergo     ] GC(183) Collectable Garbage: 1943M (94%), Immediate: 1943M (94%), CSet: 0B (0%)
[160.905s][info][gc          ] GC(183) Pause Final Mark (unload classes) 0.265ms
[160.905s][info][gc,start    ] GC(183) Concurrent weak references
[160.905s][info][gc,task     ] GC(183) Using 1 of 3 workers for concurrent weak references
[160.905s][info][gc,ref      ] GC(183) Encountered references: Soft: 144, Weak: 702, Final: 0, Phantom: 27
[160.905s][info][gc,ref      ] GC(183) Discovered  references: Soft: 0, Weak: 150, Final: 0, Phantom: 25
[160.905s][info][gc,ref      ] GC(183) Enqueued    references: Soft: 0, Weak: 0, Final: 0, Phantom: 0
[160.905s][info][gc          ] GC(183) Concurrent weak references 0.197ms
[160.905s][info][gc,start    ] GC(183) Concurrent weak roots
[160.905s][info][gc,task     ] GC(183) Using 1 of 3 workers for concurrent weak root
[160.906s][info][gc          ] GC(183) Concurrent weak roots 0.589ms
[160.906s][info][gc,start    ] GC(183) Concurrent cleanup
[160.906s][info][gc          ] GC(183) Concurrent cleanup 2135M->191M(8192M) 0.042ms
[160.906s][info][gc,ergo     ] GC(183) Free: 7588M, Max: 4096K regular, 5644M humongous, Frag: 26% external, 0% internal; Reserve: 412M, Max: 4096K
[160.906s][info][gc,start    ] GC(183) Concurrent class unloading
[160.906s][info][gc,task     ] GC(183) Using 1 of 3 workers for concurrent class unloading
[160.908s][info][gc          ] GC(183) Concurrent class unloading 1.940ms
[160.908s][info][gc,start    ] GC(183) Pause Final Roots
[160.908s][info][gc          ] GC(183) Pause Final Roots 0.039ms
[160.908s][info][gc,ergo     ] Free: 7584M, Max: 4096K regular, 5644M humongous, Frag: 26% external, 0% internal; Reserve: 412M, Max: 4096K
[160.908s][info][gc,stats    ] 
[160.908s][info][gc,stats    ] All times are wall-clock times, except per-root-class counters, that are sum over
[160.908s][info][gc,stats    ] all workers. Dividing the <total> over the root stage time estimates parallelism.
[160.908s][info][gc,stats    ] 
[160.908s][info][gc,stats    ] Concurrent Reset                    942 us
[160.908s][info][gc,stats    ] Pause Init Mark (G)                 372 us
[160.908s][info][gc,stats    ] Pause Init Mark (N)                 244 us
[160.908s][info][gc,stats    ]   Update Region States              119 us
[160.909s][info][gc,stats    ] Concurrent Mark Roots               770 us, parallelism: 0.84x
[160.909s][info][gc,stats    ]   CMR: <total>                      644 us
[160.909s][info][gc,stats    ]   CMR: Thread Roots                 574 us, workers (us): 574, ---, ---, 
[160.909s][info][gc,stats    ]   CMR: VM Strong Roots                7 us, workers (us):   7, ---, ---, 
[160.909s][info][gc,stats    ]   CMR: CLDG Roots                    63 us, workers (us):  63, ---, ---, 
[160.909s][info][gc,stats    ] Concurrent Marking                31072 us
[160.909s][info][gc,stats    ] Pause Final Mark (G)                407 us
[160.909s][info][gc,stats    ] Pause Final Mark (N)                281 us
[160.909s][info][gc,stats    ]   Finish Mark                        99 us
[160.909s][info][gc,stats    ]   Update Region States               68 us
[160.909s][info][gc,stats    ]   Choose Collection Set              39 us
[160.909s][info][gc,stats    ]   Rebuild Free Set                    8 us
[160.909s][info][gc,stats    ] Concurrent Weak References          213 us, parallelism: 0.04x
[160.909s][info][gc,stats    ]   CWRF: <total>                       8 us
[160.909s][info][gc,stats    ]   CWRF: Weak References               8 us, workers (us):   8, ---, ---, 
[160.909s][info][gc,stats    ] Concurrent Weak Roots               608 us
[160.909s][info][gc,stats    ]   Roots                             475 us, parallelism: 0.89x
[160.909s][info][gc,stats    ]     CWR: <total>                    422 us
[160.909s][info][gc,stats    ]     CWR: Code Cache Roots           354 us, workers (us): 354, ---, ---, 
[160.909s][info][gc,stats    ]     CWR: VM Weak Roots               63 us, workers (us):  63, ---, ---, 
[160.909s][info][gc,stats    ]     CWR: CLDG Roots                   5 us, workers (us):   5, ---, ---, 
[160.909s][info][gc,stats    ]   Rendezvous                         82 us
[160.909s][info][gc,stats    ] Concurrent Cleanup                   50 us
[160.909s][info][gc,stats    ] Concurrent Class Unloading         1987 us
[160.909s][info][gc,stats    ]   Unlink Stale                     1713 us
[160.909s][info][gc,stats    ]     System Dictionary                 3 us
[160.909s][info][gc,stats    ]     Weak Class Links                  0 us
[160.909s][info][gc,stats    ]     Code Roots                     1709 us
[160.909s][info][gc,stats    ]   Rendezvous                        104 us
[160.909s][info][gc,stats    ]   Purge Unlinked                    104 us
[160.909s][info][gc,stats    ]     Code Roots                       96 us
[160.909s][info][gc,stats    ]     CLDG                              8 us
[160.909s][info][gc,stats    ]     Exception Caches                  0 us
[160.909s][info][gc,stats    ] Pause Final Roots (G)               170 us
[160.909s][info][gc,stats    ] Pause Final Roots (N)                57 us
[160.909s][info][gc,stats    ] 
[160.909s][info][gc,stats    ] Allocation pacing accrued:
[160.909s][info][gc,stats    ]       0 of   937 ms (  0.0%): <total>
[160.909s][info][gc,stats    ]       0 of   937 ms (  0.0%): <average total>
[160.909s][info][gc,stats    ] 
[160.909s][info][gc,metaspace] Metaspace: 9018K(9280K)->9018K(9280K) NonClass: 7846K(8000K)->7846K(8000K) Class: 1171K(1280K)->1171K(1280K)
[160.909s][info][gc,ergo     ] Pacer for Idle. Initial: 163M, Alloc Tax Rate: 1.0x
[161.609s][info][gc          ] Trigger: Explicit GC request (System.gc())
[161.609s][info][gc,ergo     ] Free: 6716M, Max: 4096K regular, 5644M humongous, Frag: 16% external, 0% internal; Reserve: 412M, Max: 4096K
[161.609s][info][gc,start    ] GC(184) Concurrent reset
[161.609s][info][gc,task     ] GC(184) Using 1 of 3 workers for concurrent reset
[161.609s][info][gc,ergo     ] GC(184) Pacer for Reset. Non-Taxable: 8192M
[161.610s][info][gc          ] GC(184) Concurrent reset 0.933ms
[161.610s][info][gc,start    ] GC(184) Pause Init Mark (unload classes)
[161.610s][info][gc,task     ] GC(184) Using 3 of 3 workers for init marking
[161.610s][info][gc,ref      ] GC(184) Clearing All SoftReferences
[161.610s][info][gc,ergo     ] GC(184) Pacer for Mark. Expected Live: 14608K, Free: 6716M, Non-Taxable: 671M, Alloc Tax Rate: 0.0x
[161.610s][info][gc          ] GC(184) Pause Init Mark (unload classes) 0.165ms
[161.610s][info][gc,start    ] GC(184) Concurrent marking roots
[161.610s][info][gc,task     ] GC(184) Using 1 of 3 workers for concurrent marking roots
[161.611s][info][gc          ] GC(184) Concurrent marking roots 0.497ms
[161.611s][info][gc,start    ] GC(184) Concurrent marking (unload classes)
[161.611s][info][gc,task     ] GC(184) Using 1 of 3 workers for concurrent marking
[161.614s][info][gc          ] GC(184) Concurrent marking (unload classes) 3.365ms
[161.614s][info][gc,start    ] GC(184) Pause Final Mark (unload classes)
[161.614s][info][gc,task     ] GC(184) Using 3 of 3 workers for final marking
[161.614s][info][gc,ergo     ] GC(184) Collectable Garbage: 987M (93%), Immediate: 987M (93%), CSet: 0B (0%)
[161.614s][info][gc          ] GC(184) Pause Final Mark (unload classes) 0.166ms
[161.614s][info][gc,start    ] GC(184) Concurrent weak references
[161.614s][info][gc,task     ] GC(184) Using 1 of 3 workers for concurrent weak references
[161.614s][info][gc,ref      ] GC(184) Encountered references: Soft: 144, Weak: 702, Final: 0, Phantom: 27
[161.614s][info][gc,ref      ] GC(184) Discovered  references: Soft: 89, Weak: 168, Final: 0, Phantom: 25
[161.614s][info][gc,ref      ] GC(184) Enqueued    references: Soft: 3, Weak: 0, Final: 0, Phantom: 0
[161.614s][info][gc          ] GC(184) Concurrent weak references 0.123ms
[161.614s][info][gc,start    ] GC(184) Concurrent weak roots
[161.614s][info][gc,task     ] GC(184) Using 1 of 3 workers for concurrent weak root
[161.615s][info][gc          ] GC(184) Concurrent weak roots 0.626ms
[161.615s][info][gc,start    ] GC(184) Concurrent cleanup
[161.615s][info][gc          ] GC(184) Concurrent cleanup 1063M->75M(8192M) 0.037ms
[161.615s][info][gc,ergo     ] GC(184) Free: 7704M, Max: 4096K regular, 6820M humongous, Frag: 12% external, 0% internal; Reserve: 412M, Max: 4096K
[161.615s][info][gc,start    ] GC(184) Concurrent class unloading
[161.615s][info][gc,task     ] GC(184) Using 1 of 3 workers for concurrent class unloading
[161.617s][info][gc          ] GC(184) Concurrent class unloading 2.336ms
[161.617s][info][gc,start    ] GC(184) Pause Final Roots
[161.617s][info][gc          ] GC(184) Pause Final Roots 0.040ms
[161.618s][info][gc,ergo     ] Free: 7704M, Max: 4096K regular, 6820M humongous, Frag: 12% external, 0% internal; Reserve: 412M, Max: 4096K
[161.618s][info][gc,stats    ] 
[161.618s][info][gc,stats    ] All times are wall-clock times, except per-root-class counters, that are sum over
[161.618s][info][gc,stats    ] all workers. Dividing the <total> over the root stage time estimates parallelism.
[161.618s][info][gc,stats    ] 
[161.618s][info][gc,stats    ] Concurrent Reset                    993 us
[161.618s][info][gc,stats    ] Pause Init Mark (G)                 279 us
[161.618s][info][gc,stats    ] Pause Init Mark (N)                 182 us
[161.618s][info][gc,stats    ]   Update Region States               64 us
[161.618s][info][gc,stats    ] Concurrent Mark Roots               519 us, parallelism: 0.75x
[161.618s][info][gc,stats    ]   CMR: <total>                      388 us
[161.618s][info][gc,stats    ]   CMR: Thread Roots                 315 us, workers (us): 315, ---, ---, 
[161.618s][info][gc,stats    ]   CMR: VM Strong Roots                7 us, workers (us):   7, ---, ---, 
[161.618s][info][gc,stats    ]   CMR: CLDG Roots                    66 us, workers (us):  66, ---, ---, 
[161.618s][info][gc,stats    ] Concurrent Marking                 3410 us
[161.618s][info][gc,stats    ] Pause Final Mark (G)                213 us
[161.618s][info][gc,stats    ] Pause Final Mark (N)                174 us
[161.618s][info][gc,stats    ]   Finish Mark                        46 us
[161.618s][info][gc,stats    ]   Update Region States               28 us
[161.618s][info][gc,stats    ]   Choose Collection Set              32 us
[161.618s][info][gc,stats    ]   Rebuild Free Set                    8 us
[161.618s][info][gc,stats    ] Concurrent Weak References          131 us, parallelism: 0.08x
[161.618s][info][gc,stats    ]   CWRF: <total>                      10 us
[161.618s][info][gc,stats    ]   CWRF: Weak References              10 us, workers (us):  10, ---, ---, 
[161.618s][info][gc,stats    ] Concurrent Weak Roots               655 us
[161.618s][info][gc,stats    ]   Roots                             560 us, parallelism: 0.74x
[161.618s][info][gc,stats    ]     CWR: <total>                    412 us
[161.618s][info][gc,stats    ]     CWR: Code Cache Roots           339 us, workers (us): 339, ---, ---, 
[161.618s][info][gc,stats    ]     CWR: VM Weak Roots               68 us, workers (us):  68, ---, ---, 
[161.618s][info][gc,stats    ]     CWR: CLDG Roots                   6 us, workers (us):   6, ---, ---, 
[161.618s][info][gc,stats    ]   Rendezvous                         49 us
[161.618s][info][gc,stats    ] Concurrent Cleanup                   54 us
[161.618s][info][gc,stats    ] Concurrent Class Unloading         2383 us
[161.618s][info][gc,stats    ]   Unlink Stale                     2126 us
[161.618s][info][gc,stats    ]     System Dictionary                 6 us
[161.618s][info][gc,stats    ]     Weak Class Links                  0 us
[161.618s][info][gc,stats    ]     Code Roots                     2118 us
[161.618s][info][gc,stats    ]   Rendezvous                         77 us
[161.618s][info][gc,stats    ]   Purge Unlinked                    115 us
[161.618s][info][gc,stats    ]     Code Roots                      109 us
[161.618s][info][gc,stats    ]     CLDG                              5 us
[161.618s][info][gc,stats    ]     Exception Caches                  0 us
[161.618s][info][gc,stats    ] Pause Final Roots (G)               102 us
[161.618s][info][gc,stats    ] Pause Final Roots (N)                49 us
[161.618s][info][gc,stats    ] 
[161.618s][info][gc,stats    ] Allocation pacing accrued:
[161.618s][info][gc,stats    ]       0 of   709 ms (  0.0%): <total>
[161.618s][info][gc,stats    ]       0 of   709 ms (  0.0%): <average total>
[161.618s][info][gc,stats    ] 
[161.618s][info][gc,metaspace] Metaspace: 9018K(9280K)->9018K(9280K) NonClass: 7846K(8000K)->7846K(8000K) Class: 1171K(1280K)->1171K(1280K)
[161.618s][info][gc,ergo     ] Pacer for Idle. Initial: 163M, Alloc Tax Rate: 1.0x
[162.533s][info][gc          ] Trigger: Learning 2 of 5. Free (5704M) is below initial threshold (5734M)
[162.533s][info][gc,ergo     ] Free: 5704M, Max: 4096K regular, 5704M humongous, Frag: 0% external, 0% internal; Reserve: 412M, Max: 4096K
[162.533s][info][gc,start    ] GC(185) Concurrent reset
[162.533s][info][gc,task     ] GC(185) Using 1 of 3 workers for concurrent reset
[162.534s][info][gc,ergo     ] GC(185) Pacer for Reset. Non-Taxable: 8192M
[162.534s][info][gc          ] GC(185) Concurrent reset 0.533ms
[162.534s][info][gc,start    ] GC(185) Pause Init Mark (unload classes)
[162.534s][info][gc,task     ] GC(185) Using 3 of 3 workers for init marking
[162.534s][info][gc,ergo     ] GC(185) Pacer for Mark. Expected Live: 10861K, Free: 5700M, Non-Taxable: 570M, Alloc Tax Rate: 0.0x
[162.534s][info][gc          ] GC(185) Pause Init Mark (unload classes) 0.162ms
[162.534s][info][gc,start    ] GC(185) Concurrent marking roots
[162.534s][info][gc,task     ] GC(185) Using 1 of 3 workers for concurrent marking roots
[162.535s][info][gc          ] GC(185) Concurrent marking roots 0.460ms
[162.535s][info][gc,start    ] GC(185) Concurrent marking (unload classes)
[162.535s][info][gc,task     ] GC(185) Using 1 of 3 workers for concurrent marking
[162.548s][info][gc          ] GC(185) Concurrent marking (unload classes) 13.030ms
[162.548s][info][gc,start    ] GC(185) Pause Final Mark (unload classes)
[162.548s][info][gc,task     ] GC(185) Using 3 of 3 workers for final marking
[162.548s][info][gc,ergo     ] GC(185) Collectable Garbage: 1960M (94%), Immediate: 1960M (94%), CSet: 0B (0%)
[162.548s][info][gc          ] GC(185) Pause Final Mark (unload classes) 0.222ms
[162.548s][info][gc,start    ] GC(185) Concurrent weak references
[162.548s][info][gc,task     ] GC(185) Using 1 of 3 workers for concurrent weak references
[162.548s][info][gc,ref      ] GC(185) Encountered references: Soft: 144, Weak: 702, Final: 0, Phantom: 27
[162.548s][info][gc,ref      ] GC(185) Discovered  references: Soft: 0, Weak: 150, Final: 0, Phantom: 12
[162.548s][info][gc,ref      ] GC(185) Enqueued    references: Soft: 0, Weak: 0, Final: 0, Phantom: 0
[162.548s][info][gc          ] GC(185) Concurrent weak references 0.112ms
[162.548s][info][gc,start    ] GC(185) Concurrent weak roots
[162.548s][info][gc,task     ] GC(185) Using 1 of 3 workers for concurrent weak root
[162.549s][info][gc          ] GC(185) Concurrent weak roots 0.563ms
[162.549s][info][gc,start    ] GC(185) Concurrent cleanup
[162.549s][info][gc          ] GC(185) Concurrent cleanup 2111M->151M(8192M) 0.047ms
[162.549s][info][gc,ergo     ] GC(185) Free: 7628M, Max: 4096K regular, 5668M humongous, Frag: 26% external, 0% internal; Reserve: 412M, Max: 4096K
[162.549s][info][gc,start    ] GC(185) Concurrent class unloading
[162.549s][info][gc,task     ] GC(185) Using 1 of 3 workers for concurrent class unloading
[162.551s][info][gc          ] GC(185) Concurrent class unloading 1.930ms
[162.551s][info][gc,start    ] GC(185) Pause Final Roots
[162.551s][info][gc          ] GC(185) Pause Final Roots 0.024ms
[162.551s][info][gc,ergo     ] Free: 7624M, Max: 4096K regular, 5668M humongous, Frag: 26% external, 0% internal; Reserve: 412M, Max: 4096K
[162.551s][info][gc,stats    ] 
[162.551s][info][gc,stats    ] All times are wall-clock times, except per-root-class counters, that are sum over
[162.551s][info][gc,stats    ] all workers. Dividing the <total> over the root stage time estimates parallelism.
[162.551s][info][gc,stats    ] 
[162.551s][info][gc,stats    ] Concurrent Reset                    599 us
[162.551s][info][gc,stats    ] Pause Init Mark (G)                 342 us
[162.551s][info][gc,stats    ] Pause Init Mark (N)                 178 us
[162.551s][info][gc,stats    ]   Update Region States               76 us
[162.551s][info][gc,stats    ] Concurrent Mark Roots               497 us, parallelism: 0.68x
[162.551s][info][gc,stats    ]   CMR: <total>                      338 us
[162.551s][info][gc,stats    ]   CMR: Thread Roots                 297 us, workers (us): 297, ---, ---, 
[162.552s][info][gc,stats    ]   CMR: VM Strong Roots                5 us, workers (us):   5, ---, ---, 
[162.552s][info][gc,stats    ]   CMR: CLDG Roots                    36 us, workers (us):  36, ---, ---, 
[162.552s][info][gc,stats    ] Concurrent Marking                13098 us
[162.552s][info][gc,stats    ] Pause Final Mark (G)                353 us
[162.552s][info][gc,stats    ] Pause Final Mark (N)                239 us
[162.552s][info][gc,stats    ]   Finish Mark                        54 us
[162.552s][info][gc,stats    ]   Update Region States               45 us
[162.552s][info][gc,stats    ]   Choose Collection Set              45 us
[162.552s][info][gc,stats    ]   Rebuild Free Set                   16 us
[162.552s][info][gc,stats    ] Concurrent Weak References          119 us, parallelism: 0.04x
[162.552s][info][gc,stats    ]   CWRF: <total>                       4 us
[162.552s][info][gc,stats    ]   CWRF: Weak References               4 us, workers (us):   4, ---, ---, 
[162.552s][info][gc,stats    ] Concurrent Weak Roots               582 us
[162.552s][info][gc,stats    ]   Roots                             495 us, parallelism: 0.86x
[162.552s][info][gc,stats    ]     CWR: <total>                    424 us
[162.552s][info][gc,stats    ]     CWR: Code Cache Roots           356 us, workers (us): 356, ---, ---, 
[162.552s][info][gc,stats    ]     CWR: VM Weak Roots               62 us, workers (us):  62, ---, ---, 
[162.552s][info][gc,stats    ]     CWR: CLDG Roots                   5 us, workers (us):   5, ---, ---, 
[162.552s][info][gc,stats    ]   Rendezvous                         52 us
[162.552s][info][gc,stats    ] Concurrent Cleanup                   55 us
[162.552s][info][gc,stats    ] Concurrent Class Unloading         1982 us
[162.552s][info][gc,stats    ]   Unlink Stale                     1770 us
[162.552s][info][gc,stats    ]     System Dictionary                 4 us
[162.552s][info][gc,stats    ]     Weak Class Links                  0 us
[162.552s][info][gc,stats    ]     Code Roots                     1766 us
[162.552s][info][gc,stats    ]   Rendezvous                         62 us
[162.552s][info][gc,stats    ]   Purge Unlinked                     79 us
[162.552s][info][gc,stats    ]     Code Roots                       70 us
[162.552s][info][gc,stats    ]     CLDG                              8 us
[162.552s][info][gc,stats    ]     Exception Caches                  0 us
[162.552s][info][gc,stats    ] Pause Final Roots (G)               133 us
[162.552s][info][gc,stats    ] Pause Final Roots (N)                32 us
[162.552s][info][gc,stats    ] 
[162.552s][info][gc,stats    ] Allocation pacing accrued:
[162.552s][info][gc,stats    ]       0 of   934 ms (  0.0%): <total>
[162.552s][info][gc,stats    ]       0 of   934 ms (  0.0%): <average total>
[162.552s][info][gc,stats    ] 
[162.552s][info][gc,metaspace] Metaspace: 9018K(9280K)->9018K(9280K) NonClass: 7846K(8000K)->7846K(8000K) Class: 1171K(1280K)->1171K(1280K)
[162.552s][info][gc,ergo     ] Pacer for Idle. Initial: 163M, Alloc Tax Rate: 1.0x
[163.428s][info][gc          ] Trigger: Learning 3 of 5. Free (5716M) is below initial threshold (5734M)
[163.428s][info][gc,ergo     ] Free: 5712M, Max: 4096K regular, 5668M humongous, Frag: 1% external, 0% internal; Reserve: 412M, Max: 4096K
[163.428s][info][gc,start    ] GC(186) Concurrent reset
[163.428s][info][gc,task     ] GC(186) Using 1 of 3 workers for concurrent reset
[163.428s][info][gc,ergo     ] GC(186) Pacer for Reset. Non-Taxable: 8192M
[163.429s][info][gc          ] GC(186) Concurrent reset 0.717ms
[163.429s][info][gc,start    ] GC(186) Pause Init Mark (unload classes)
[163.429s][info][gc,task     ] GC(186) Using 3 of 3 workers for init marking
[163.429s][info][gc,ergo     ] GC(186) Pacer for Mark. Expected Live: 12163K, Free: 5712M, Non-Taxable: 571M, Alloc Tax Rate: 0.0x
[163.429s][info][gc          ] GC(186) Pause Init Mark (unload classes) 0.190ms
[163.429s][info][gc,start    ] GC(186) Concurrent marking roots
[163.429s][info][gc,task     ] GC(186) Using 1 of 3 workers for concurrent marking roots
[163.430s][info][gc          ] GC(186) Concurrent marking roots 0.440ms
[163.430s][info][gc,start    ] GC(186) Concurrent marking (unload classes)
[163.430s][info][gc,task     ] GC(186) Using 1 of 3 workers for concurrent marking
[163.451s][info][gc          ] GC(186) Concurrent marking (unload classes) 21.320ms
[163.451s][info][gc,start    ] GC(186) Pause Final Mark (unload classes)
[163.451s][info][gc,task     ] GC(186) Using 3 of 3 workers for final marking
[163.452s][info][gc,ergo     ] GC(186) Collectable Garbage: 1927M (93%), Immediate: 1927M (93%), CSet: 0B (0%)
[163.452s][info][gc          ] GC(186) Pause Final Mark (unload classes) 0.349ms
[163.452s][info][gc,start    ] GC(186) Concurrent weak references
[163.452s][info][gc,task     ] GC(186) Using 1 of 3 workers for concurrent weak references
[163.452s][info][gc,ref      ] GC(186) Encountered references: Soft: 144, Weak: 702, Final: 0, Phantom: 27
[163.452s][info][gc,ref      ] GC(186) Discovered  references: Soft: 0, Weak: 150, Final: 0, Phantom: 25
[163.452s][info][gc,ref      ] GC(186) Enqueued    references: Soft: 0, Weak: 0, Final: 0, Phantom: 0
[163.452s][info][gc          ] GC(186) Concurrent weak references 0.144ms
[163.452s][info][gc,start    ] GC(186) Concurrent weak roots
[163.452s][info][gc,task     ] GC(186) Using 1 of 3 workers for concurrent weak root
[163.453s][info][gc          ] GC(186) Concurrent weak roots 0.732ms
[163.453s][info][gc,start    ] GC(186) Concurrent cleanup
[163.453s][info][gc          ] GC(186) Concurrent cleanup 2115M->187M(8192M) 0.043ms
[163.453s][info][gc,ergo     ] GC(186) Free: 7592M, Max: 4096K regular, 5664M humongous, Frag: 26% external, 0% internal; Reserve: 412M, Max: 4096K
[163.453s][info][gc,start    ] GC(186) Concurrent class unloading
[163.453s][info][gc,task     ] GC(186) Using 1 of 3 workers for concurrent class unloading
[163.455s][info][gc          ] GC(186) Concurrent class unloading 1.935ms
[163.455s][info][gc,start    ] GC(186) Pause Final Roots
[163.455s][info][gc          ] GC(186) Pause Final Roots 0.041ms
[163.455s][info][gc,ergo     ] Free: 7588M, Max: 4096K regular, 5664M humongous, Frag: 26% external, 0% internal; Reserve: 412M, Max: 4096K
[163.455s][info][gc,stats    ] 
[163.455s][info][gc,stats    ] All times are wall-clock times, except per-root-class counters, that are sum over
[163.455s][info][gc,stats    ] all workers. Dividing the <total> over the root stage time estimates parallelism.
[163.455s][info][gc,stats    ] 
[163.455s][info][gc,stats    ] Concurrent Reset                    785 us
[163.455s][info][gc,stats    ] Pause Init Mark (G)                 418 us
[163.455s][info][gc,stats    ] Pause Init Mark (N)                 212 us
[163.455s][info][gc,stats    ]   Update Region States               79 us
[163.455s][info][gc,stats    ] Concurrent Mark Roots               459 us, parallelism: 0.76x
[163.455s][info][gc,stats    ]   CMR: <total>                      349 us
[163.455s][info][gc,stats    ]   CMR: Thread Roots                 308 us, workers (us): 308, ---, ---, 
[163.455s][info][gc,stats    ]   CMR: VM Strong Roots                6 us, workers (us):   6, ---, ---, 
[163.455s][info][gc,stats    ]   CMR: CLDG Roots                    35 us, workers (us):  35, ---, ---, 
[163.455s][info][gc,stats    ] Concurrent Marking                21389 us
[163.455s][info][gc,stats    ] Pause Final Mark (G)                517 us
[163.455s][info][gc,stats    ] Pause Final Mark (N)                368 us
[163.455s][info][gc,stats    ]   Finish Mark                       112 us
[163.455s][info][gc,stats    ]   Update Region States               89 us
[163.455s][info][gc,stats    ]   Choose Collection Set              61 us
[163.455s][info][gc,stats    ]   Rebuild Free Set                   17 us
[163.455s][info][gc,stats    ] Concurrent Weak References          152 us, parallelism: 0.05x
[163.455s][info][gc,stats    ]   CWRF: <total>                       8 us
[163.455s][info][gc,stats    ]   CWRF: Weak References               8 us, workers (us):   8, ---, ---, 
[163.455s][info][gc,stats    ] Concurrent Weak Roots               751 us
[163.455s][info][gc,stats    ]   Roots                             634 us, parallelism: 0.89x
[163.455s][info][gc,stats    ]     CWR: <total>                    564 us
[163.455s][info][gc,stats    ]     CWR: Code Cache Roots           444 us, workers (us): 444, ---, ---, 
[163.455s][info][gc,stats    ]     CWR: VM Weak Roots              113 us, workers (us): 113, ---, ---, 
[163.455s][info][gc,stats    ]     CWR: CLDG Roots                   7 us, workers (us):   7, ---, ---, 
[163.455s][info][gc,stats    ]   Rendezvous                         82 us
[163.455s][info][gc,stats    ] Concurrent Cleanup                   51 us
[163.455s][info][gc,stats    ] Concurrent Class Unloading         1968 us
[163.455s][info][gc,stats    ]   Unlink Stale                     1757 us
[163.456s][info][gc,stats    ]     System Dictionary                 3 us
[163.456s][info][gc,stats    ]     Weak Class Links                  0 us
[163.456s][info][gc,stats    ]     Code Roots                     1753 us
[163.456s][info][gc,stats    ]   Rendezvous                         74 us
[163.456s][info][gc,stats    ]   Purge Unlinked                     87 us
[163.456s][info][gc,stats    ]     Code Roots                       82 us
[163.456s][info][gc,stats    ]     CLDG                              4 us
[163.456s][info][gc,stats    ]     Exception Caches                  0 us
[163.456s][info][gc,stats    ] Pause Final Roots (G)               180 us
[163.456s][info][gc,stats    ] Pause Final Roots (N)                59 us
[163.456s][info][gc,stats    ] 
[163.456s][info][gc,stats    ] Allocation pacing accrued:
[163.456s][info][gc,stats    ]       0 of   904 ms (  0.0%): <total>
[163.456s][info][gc,stats    ]       0 of   904 ms (  0.0%): <average total>
[163.456s][info][gc,stats    ] 
[163.456s][info][gc,metaspace] Metaspace: 9018K(9280K)->9018K(9280K) NonClass: 7846K(8000K)->7846K(8000K) Class: 1171K(1280K)->1171K(1280K)
[163.456s][info][gc,ergo     ] Pacer for Idle. Initial: 163M, Alloc Tax Rate: 1.0x
[164.339s][info][gc          ] Trigger: Learning 4 of 5. Free (5732M) is below initial threshold (5734M)
[164.339s][info][gc,ergo     ] Free: 5728M, Max: 4096K regular, 5664M humongous, Frag: 2% external, 0% internal; Reserve: 412M, Max: 4096K
[164.339s][info][gc,start    ] GC(187) Concurrent reset
[164.339s][info][gc,task     ] GC(187) Using 1 of 3 workers for concurrent reset
[164.339s][info][gc,ergo     ] GC(187) Pacer for Reset. Non-Taxable: 8192M
[164.340s][info][gc          ] GC(187) Concurrent reset 0.614ms
[164.340s][info][gc,start    ] GC(187) Pause Init Mark (unload classes)
[164.340s][info][gc,task     ] GC(187) Using 3 of 3 workers for init marking
[164.340s][info][gc,ergo     ] GC(187) Pacer for Mark. Expected Live: 13380K, Free: 5728M, Non-Taxable: 572M, Alloc Tax Rate: 0.0x
[164.340s][info][gc          ] GC(187) Pause Init Mark (unload classes) 0.077ms
[164.340s][info][gc,start    ] GC(187) Concurrent marking roots
[164.340s][info][gc,task     ] GC(187) Using 1 of 3 workers for concurrent marking roots
[164.340s][info][gc          ] GC(187) Concurrent marking roots 0.435ms
[164.340s][info][gc,start    ] GC(187) Concurrent marking (unload classes)
[164.340s][info][gc,task     ] GC(187) Using 1 of 3 workers for concurrent marking
[164.371s][info][gc          ] GC(187) Concurrent marking (unload classes) 30.128ms
[164.371s][info][gc,start    ] GC(187) Pause Final Mark (unload classes)
[164.371s][info][gc,task     ] GC(187) Using 3 of 3 workers for final marking
[164.371s][info][gc,ergo     ] GC(187) Collectable Garbage: 1907M (93%), Immediate: 1907M (93%), CSet: 0B (0%)
[164.371s][info][gc          ] GC(187) Pause Final Mark (unload classes) 0.351ms
[164.371s][info][gc,start    ] GC(187) Concurrent weak references
[164.371s][info][gc,task     ] GC(187) Using 1 of 3 workers for concurrent weak references
[164.371s][info][gc,ref      ] GC(187) Encountered references: Soft: 144, Weak: 702, Final: 0, Phantom: 27
[164.371s][info][gc,ref      ] GC(187) Discovered  references: Soft: 0, Weak: 150, Final: 0, Phantom: 12
[164.371s][info][gc,ref      ] GC(187) Enqueued    references: Soft: 0, Weak: 0, Final: 0, Phantom: 0
[164.371s][info][gc          ] GC(187) Concurrent weak references 0.102ms
[164.371s][info][gc,start    ] GC(187) Concurrent weak roots
[164.371s][info][gc,task     ] GC(187) Using 1 of 3 workers for concurrent weak root
[164.372s][info][gc          ] GC(187) Concurrent weak roots 0.516ms
[164.372s][info][gc,start    ] GC(187) Concurrent cleanup
[164.372s][info][gc          ] GC(187) Concurrent cleanup 2107M->199M(8192M) 0.043ms
[164.372s][info][gc,ergo     ] GC(187) Free: 7580M, Max: 4096K regular, 5676M humongous, Frag: 26% external, 0% internal; Reserve: 412M, Max: 4096K
[164.372s][info][gc,start    ] GC(187) Concurrent class unloading
[164.372s][info][gc,task     ] GC(187) Using 1 of 3 workers for concurrent class unloading
[164.374s][info][gc          ] GC(187) Concurrent class unloading 2.010ms
[164.374s][info][gc,start    ] GC(187) Pause Final Roots
[164.374s][info][gc          ] GC(187) Pause Final Roots 0.041ms
[164.374s][info][gc,ergo     ] Free: 7576M, Max: 4096K regular, 5676M humongous, Frag: 26% external, 0% internal; Reserve: 412M, Max: 4096K
[164.374s][info][gc,stats    ] 
[164.374s][info][gc,stats    ] All times are wall-clock times, except per-root-class counters, that are sum over
[164.374s][info][gc,stats    ] all workers. Dividing the <total> over the root stage time estimates parallelism.
[164.374s][info][gc,stats    ] 
[164.374s][info][gc,stats    ] Concurrent Reset                    668 us
[164.374s][info][gc,stats    ] Pause Init Mark (G)                 193 us
[164.374s][info][gc,stats    ] Pause Init Mark (N)                  86 us
[164.374s][info][gc,stats    ]   Update Region States               25 us
[164.374s][info][gc,stats    ] Concurrent Mark Roots               456 us, parallelism: 0.80x
[164.374s][info][gc,stats    ]   CMR: <total>                      364 us
[164.374s][info][gc,stats    ]   CMR: Thread Roots                 318 us, workers (us): 318, ---, ---, 
[164.374s][info][gc,stats    ]   CMR: VM Strong Roots                6 us, workers (us):   6, ---, ---, 
[164.374s][info][gc,stats    ]   CMR: CLDG Roots                    41 us, workers (us):  41, ---, ---, 
[164.374s][info][gc,stats    ] Concurrent Marking                30188 us
[164.374s][info][gc,stats    ] Pause Final Mark (G)                484 us
[164.374s][info][gc,stats    ] Pause Final Mark (N)                377 us
[164.374s][info][gc,stats    ]   Finish Mark                       122 us
[164.374s][info][gc,stats    ]   Update Region States               68 us
[164.374s][info][gc,stats    ]   Choose Collection Set             100 us
[164.374s][info][gc,stats    ]   Rebuild Free Set                   22 us
[164.374s][info][gc,stats    ] Concurrent Weak References          110 us, parallelism: 0.08x
[164.374s][info][gc,stats    ]   CWRF: <total>                       8 us
[164.374s][info][gc,stats    ]   CWRF: Weak References               8 us, workers (us):   8, ---, ---, 
[164.374s][info][gc,stats    ] Concurrent Weak Roots               539 us
[164.374s][info][gc,stats    ]   Roots                             436 us, parallelism: 0.88x
[164.374s][info][gc,stats    ]     CWR: <total>                    384 us
[164.374s][info][gc,stats    ]     CWR: Code Cache Roots           315 us, workers (us): 315, ---, ---, 
[164.374s][info][gc,stats    ]     CWR: VM Weak Roots               63 us, workers (us):  63, ---, ---, 
[164.374s][info][gc,stats    ]     CWR: CLDG Roots                   6 us, workers (us):   6, ---, ---, 
[164.374s][info][gc,stats    ]   Rendezvous                         64 us
[164.374s][info][gc,stats    ] Concurrent Cleanup                   51 us
[164.374s][info][gc,stats    ] Concurrent Class Unloading         2058 us
[164.374s][info][gc,stats    ]   Unlink Stale                     1755 us
[164.374s][info][gc,stats    ]     System Dictionary                 3 us
[164.374s][info][gc,stats    ]     Weak Class Links                  0 us
[164.374s][info][gc,stats    ]     Code Roots                     1751 us
[164.374s][info][gc,stats    ]   Rendezvous                        101 us
[164.374s][info][gc,stats    ]   Purge Unlinked                    136 us
[164.374s][info][gc,stats    ]     Code Roots                      126 us
[164.374s][info][gc,stats    ]     CLDG                              9 us
[164.374s][info][gc,stats    ]     Exception Caches                  0 us
[164.374s][info][gc,stats    ] Pause Final Roots (G)               170 us
[164.374s][info][gc,stats    ] Pause Final Roots (N)                59 us
[164.374s][info][gc,stats    ] 
[164.374s][info][gc,stats    ] Allocation pacing accrued:
[164.374s][info][gc,stats    ]       0 of   919 ms (  0.0%): <total>
[164.374s][info][gc,stats    ]       0 of   919 ms (  0.0%): <average total>
[164.374s][info][gc,stats    ] 
[164.374s][info][gc,metaspace] Metaspace: 9018K(9280K)->9018K(9280K) NonClass: 7846K(8000K)->7846K(8000K) Class: 1171K(1280K)->1171K(1280K)
[164.374s][info][gc,ergo     ] Pacer for Idle. Initial: 163M, Alloc Tax Rate: 1.0x
[165.077s][info][gc          ] Trigger: Explicit GC request (System.gc())
[165.077s][info][gc,ergo     ] Free: 6684M, Max: 4096K regular, 5676M humongous, Frag: 16% external, 0% internal; Reserve: 412M, Max: 4096K
[165.077s][info][gc,start    ] GC(188) Concurrent reset
[165.078s][info][gc,task     ] GC(188) Using 1 of 3 workers for concurrent reset
[165.078s][info][gc,ergo     ] GC(188) Pacer for Reset. Non-Taxable: 8192M
[165.078s][info][gc          ] GC(188) Concurrent reset 0.936ms
[165.079s][info][gc,start    ] GC(188) Pause Init Mark (unload classes)
[165.079s][info][gc,task     ] GC(188) Using 3 of 3 workers for init marking
[165.079s][info][gc,ref      ] GC(188) Clearing All SoftReferences
[165.079s][info][gc,ergo     ] GC(188) Pacer for Mark. Expected Live: 14633K, Free: 6684M, Non-Taxable: 668M, Alloc Tax Rate: 0.0x
[165.079s][info][gc          ] GC(188) Pause Init Mark (unload classes) 0.261ms
[165.079s][info][gc,start    ] GC(188) Concurrent marking roots
[165.079s][info][gc,task     ] GC(188) Using 1 of 3 workers for concurrent marking roots
[165.079s][info][gc          ] GC(188) Concurrent marking roots 0.487ms
[165.079s][info][gc,start    ] GC(188) Concurrent marking (unload classes)
[165.079s][info][gc,task     ] GC(188) Using 1 of 3 workers for concurrent marking
[165.083s][info][gc          ] GC(188) Concurrent marking (unload classes) 3.530ms
[165.083s][info][gc,start    ] GC(188) Pause Final Mark (unload classes)
[165.083s][info][gc,task     ] GC(188) Using 3 of 3 workers for final marking
[165.083s][info][gc,ergo     ] GC(188) Collectable Garbage: 1019M (93%), Immediate: 1019M (93%), CSet: 0B (0%)
[165.083s][info][gc          ] GC(188) Pause Final Mark (unload classes) 0.252ms
[165.083s][info][gc,start    ] GC(188) Concurrent weak references
[165.083s][info][gc,task     ] GC(188) Using 1 of 3 workers for concurrent weak references
[165.083s][info][gc,ref      ] GC(188) Encountered references: Soft: 144, Weak: 702, Final: 0, Phantom: 27
[165.083s][info][gc,ref      ] GC(188) Discovered  references: Soft: 89, Weak: 168, Final: 0, Phantom: 25
[165.083s][info][gc,ref      ] GC(188) Enqueued    references: Soft: 3, Weak: 0, Final: 0, Phantom: 0
[165.083s][info][gc          ] GC(188) Concurrent weak references 0.183ms
[165.083s][info][gc,start    ] GC(188) Concurrent weak roots
[165.084s][info][gc,task     ] GC(188) Using 1 of 3 workers for concurrent weak root
[165.084s][info][gc          ] GC(188) Concurrent weak roots 0.538ms
[165.084s][info][gc,start    ] GC(188) Concurrent cleanup
[165.084s][info][gc          ] GC(188) Concurrent cleanup 1095M->75M(8192M) 0.032ms
[165.084s][info][gc,ergo     ] GC(188) Free: 7704M, Max: 4096K regular, 6796M humongous, Frag: 12% external, 0% internal; Reserve: 412M, Max: 4096K
[165.084s][info][gc,start    ] GC(188) Concurrent class unloading
[165.084s][info][gc,task     ] GC(188) Using 1 of 3 workers for concurrent class unloading
[165.086s][info][gc          ] GC(188) Concurrent class unloading 1.873ms
[165.086s][info][gc,start    ] GC(188) Pause Final Roots
[165.086s][info][gc          ] GC(188) Pause Final Roots 0.056ms
[165.086s][info][gc,ergo     ] Free: 7704M, Max: 4096K regular, 6796M humongous, Frag: 12% external, 0% internal; Reserve: 412M, Max: 4096K
[165.086s][info][gc,stats    ] 
[165.086s][info][gc,stats    ] All times are wall-clock times, except per-root-class counters, that are sum over
[165.086s][info][gc,stats    ] all workers. Dividing the <total> over the root stage time estimates parallelism.
[165.086s][info][gc,stats    ] 
[165.086s][info][gc,stats    ] Concurrent Reset                    979 us
[165.086s][info][gc,stats    ] Pause Init Mark (G)                 366 us
[165.086s][info][gc,stats    ] Pause Init Mark (N)                 278 us
[165.086s][info][gc,stats    ]   Update Region States              157 us
[165.086s][info][gc,stats    ] Concurrent Mark Roots               509 us, parallelism: 0.75x
[165.086s][info][gc,stats    ]   CMR: <total>                      379 us
[165.086s][info][gc,stats    ]   CMR: Thread Roots                 307 us, workers (us): 307, ---, ---, 
[165.086s][info][gc,stats    ]   CMR: VM Strong Roots                7 us, workers (us):   7, ---, ---, 
[165.086s][info][gc,stats    ]   CMR: CLDG Roots                    66 us, workers (us):  66, ---, ---, 
[165.086s][info][gc,stats    ] Concurrent Marking                 3594 us
[165.087s][info][gc,stats    ] Pause Final Mark (G)                356 us
[165.087s][info][gc,stats    ] Pause Final Mark (N)                260 us
[165.087s][info][gc,stats    ]   Finish Mark                        91 us
[165.087s][info][gc,stats    ]   Update Region States               58 us
[165.087s][info][gc,stats    ]   Choose Collection Set              36 us
[165.087s][info][gc,stats    ]   Rebuild Free Set                   10 us
[165.087s][info][gc,stats    ] Concurrent Weak References          204 us, parallelism: 0.05x
[165.087s][info][gc,stats    ]   CWRF: <total>                      11 us
[165.087s][info][gc,stats    ]   CWRF: Weak References              11 us, workers (us):  11, ---, ---, 
[165.087s][info][gc,stats    ] Concurrent Weak Roots               558 us
[165.087s][info][gc,stats    ]   Roots                             445 us, parallelism: 0.84x
[165.087s][info][gc,stats    ]     CWR: <total>                    373 us
[165.087s][info][gc,stats    ]     CWR: Code Cache Roots           304 us, workers (us): 304, ---, ---, 
[165.087s][info][gc,stats    ]     CWR: VM Weak Roots               64 us, workers (us):  64, ---, ---, 
[165.087s][info][gc,stats    ]     CWR: CLDG Roots                   5 us, workers (us):   5, ---, ---, 
[165.087s][info][gc,stats    ]   Rendezvous                         60 us
[165.087s][info][gc,stats    ] Concurrent Cleanup                   40 us
[165.087s][info][gc,stats    ] Concurrent Class Unloading         1906 us
[165.087s][info][gc,stats    ]   Unlink Stale                     1707 us
[165.087s][info][gc,stats    ]     System Dictionary                 3 us
[165.087s][info][gc,stats    ]     Weak Class Links                  0 us
[165.087s][info][gc,stats    ]     Code Roots                     1704 us
[165.087s][info][gc,stats    ]   Rendezvous                         57 us
[165.087s][info][gc,stats    ]   Purge Unlinked                     92 us
[165.087s][info][gc,stats    ]     Code Roots                       86 us
[165.087s][info][gc,stats    ]     CLDG                              5 us
[165.087s][info][gc,stats    ]     Exception Caches                  0 us
[165.087s][info][gc,stats    ] Pause Final Roots (G)               184 us
[165.087s][info][gc,stats    ] Pause Final Roots (N)                79 us
[165.087s][info][gc,stats    ] 
[165.087s][info][gc,stats    ] Allocation pacing accrued:
[165.087s][info][gc,stats    ]       0 of   713 ms (  0.0%): <total>
[165.087s][info][gc,stats    ]       0 of   713 ms (  0.0%): <average total>
[165.087s][info][gc,stats    ] 
[165.087s][info][gc,metaspace] Metaspace: 9018K(9280K)->9019K(9280K) NonClass: 7846K(8000K)->7847K(8000K) Class: 1171K(1280K)->1171K(1280K)
[165.087s][info][gc,ergo     ] Pacer for Idle. Initial: 163M, Alloc Tax Rate: 1.0x
[166.004s][info][gc          ] Trigger: Learning 2 of 5. Free (5700M) is below initial threshold (5734M)
[166.004s][info][gc,ergo     ] Free: 5700M, Max: 4096K regular, 5700M humongous, Frag: 0% external, 0% internal; Reserve: 412M, Max: 4096K
[166.004s][info][gc,start    ] GC(189) Concurrent reset
[166.004s][info][gc,task     ] GC(189) Using 1 of 3 workers for concurrent reset
[166.004s][info][gc,ergo     ] GC(189) Pacer for Reset. Non-Taxable: 8192M
[166.005s][info][gc          ] GC(189) Concurrent reset 0.446ms
[166.005s][info][gc,start    ] GC(189) Pause Init Mark (unload classes)
[166.005s][info][gc,task     ] GC(189) Using 3 of 3 workers for init marking
[166.005s][info][gc,ergo     ] GC(189) Pacer for Mark. Expected Live: 10682K, Free: 5700M, Non-Taxable: 570M, Alloc Tax Rate: 0.0x
[166.005s][info][gc          ] GC(189) Pause Init Mark (unload classes) 0.195ms
[166.005s][info][gc,start    ] GC(189) Concurrent marking roots
[166.005s][info][gc,task     ] GC(189) Using 1 of 3 workers for concurrent marking roots
[166.006s][info][gc          ] GC(189) Concurrent marking roots 0.463ms
[166.006s][info][gc,start    ] GC(189) Concurrent marking (unload classes)
[166.006s][info][gc,task     ] GC(189) Using 1 of 3 workers for concurrent marking
[166.019s][info][gc          ] GC(189) Concurrent marking (unload classes) 13.175ms
[166.019s][info][gc,start    ] GC(189) Pause Final Mark (unload classes)
[166.019s][info][gc,task     ] GC(189) Using 3 of 3 workers for final marking
[166.019s][info][gc,ergo     ] GC(189) Collectable Garbage: 1960M (94%), Immediate: 1960M (94%), CSet: 0B (0%)
[166.019s][info][gc          ] GC(189) Pause Final Mark (unload classes) 0.229ms
[166.019s][info][gc,start    ] GC(189) Concurrent weak references
[166.019s][info][gc,task     ] GC(189) Using 1 of 3 workers for concurrent weak references
[166.019s][info][gc,ref      ] GC(189) Encountered references: Soft: 144, Weak: 702, Final: 0, Phantom: 27
[166.019s][info][gc,ref      ] GC(189) Discovered  references: Soft: 0, Weak: 150, Final: 0, Phantom: 12
[166.019s][info][gc,ref      ] GC(189) Enqueued    references: Soft: 0, Weak: 0, Final: 0, Phantom: 0
[166.019s][info][gc          ] GC(189) Concurrent weak references 0.143ms
[166.019s][info][gc,start    ] GC(189) Concurrent weak roots
[166.019s][info][gc,task     ] GC(189) Using 1 of 3 workers for concurrent weak root
[166.020s][info][gc          ] GC(189) Concurrent weak roots 0.617ms
[166.020s][info][gc,start    ] GC(189) Concurrent cleanup
[166.020s][info][gc          ] GC(189) Concurrent cleanup 2111M->151M(8192M) 0.047ms
[166.020s][info][gc,ergo     ] GC(189) Free: 7628M, Max: 4096K regular, 5668M humongous, Frag: 26% external, 0% internal; Reserve: 412M, Max: 4096K
[166.020s][info][gc,start    ] GC(189) Concurrent class unloading
[166.020s][info][gc,task     ] GC(189) Using 1 of 3 workers for concurrent class unloading
[166.022s][info][gc          ] GC(189) Concurrent class unloading 2.205ms
[166.022s][info][gc,start    ] GC(189) Pause Final Roots
[166.022s][info][gc          ] GC(189) Pause Final Roots 0.033ms
[166.022s][info][gc,ergo     ] Free: 7624M, Max: 4096K regular, 5668M humongous, Frag: 26% external, 0% internal; Reserve: 412M, Max: 4096K
[166.023s][info][gc,stats    ] 
[166.023s][info][gc,stats    ] All times are wall-clock times, except per-root-class counters, that are sum over
[166.023s][info][gc,stats    ] all workers. Dividing the <total> over the root stage time estimates parallelism.
[166.023s][info][gc,stats    ] 
[166.023s][info][gc,stats    ] Concurrent Reset                    514 us
[166.023s][info][gc,stats    ] Pause Init Mark (G)                 380 us
[166.023s][info][gc,stats    ] Pause Init Mark (N)                 213 us
[166.023s][info][gc,stats    ]   Update Region States               90 us
[166.023s][info][gc,stats    ] Concurrent Mark Roots               500 us, parallelism: 0.68x
[166.023s][info][gc,stats    ]   CMR: <total>                      341 us
[166.023s][info][gc,stats    ]   CMR: Thread Roots                 298 us, workers (us): 298, ---, ---, 
[166.023s][info][gc,stats    ]   CMR: VM Strong Roots                5 us, workers (us):   5, ---, ---, 
[166.023s][info][gc,stats    ]   CMR: CLDG Roots                    38 us, workers (us):  38, ---, ---, 
[166.023s][info][gc,stats    ] Concurrent Marking                13239 us
[166.023s][info][gc,stats    ] Pause Final Mark (G)                360 us
[166.023s][info][gc,stats    ] Pause Final Mark (N)                246 us
[166.023s][info][gc,stats    ]   Finish Mark                        55 us
[166.023s][info][gc,stats    ]   Update Region States               50 us
[166.023s][info][gc,stats    ]   Choose Collection Set              46 us
[166.023s][info][gc,stats    ]   Rebuild Free Set                   16 us
[166.023s][info][gc,stats    ] Concurrent Weak References          150 us, parallelism: 0.03x
[166.023s][info][gc,stats    ]   CWRF: <total>                       5 us
[166.023s][info][gc,stats    ]   CWRF: Weak References               5 us, workers (us):   5, ---, ---, 
[166.023s][info][gc,stats    ] Concurrent Weak Roots               644 us
[166.023s][info][gc,stats    ]   Roots                             514 us, parallelism: 0.89x
[166.023s][info][gc,stats    ]     CWR: <total>                    459 us
[166.023s][info][gc,stats    ]     CWR: Code Cache Roots           385 us, workers (us): 385, ---, ---, 
[166.023s][info][gc,stats    ]     CWR: VM Weak Roots               69 us, workers (us):  69, ---, ---, 
[166.023s][info][gc,stats    ]     CWR: CLDG Roots                   6 us, workers (us):   6, ---, ---, 
[166.023s][info][gc,stats    ]   Rendezvous                         85 us
[166.023s][info][gc,stats    ] Concurrent Cleanup                   55 us
[166.023s][info][gc,stats    ] Concurrent Class Unloading         2257 us
[166.023s][info][gc,stats    ]   Unlink Stale                     1980 us
[166.023s][info][gc,stats    ]     System Dictionary                 5 us
[166.023s][info][gc,stats    ]     Weak Class Links                  0 us
[166.023s][info][gc,stats    ]     Code Roots                     1974 us
[166.023s][info][gc,stats    ]   Rendezvous                         55 us
[166.023s][info][gc,stats    ]   Purge Unlinked                    151 us
[166.023s][info][gc,stats    ]     Code Roots                      140 us
[166.023s][info][gc,stats    ]     CLDG                             11 us
[166.023s][info][gc,stats    ]     Exception Caches                  0 us
[166.023s][info][gc,stats    ] Pause Final Roots (G)               143 us
[166.023s][info][gc,stats    ] Pause Final Roots (N)                45 us
[166.023s][info][gc,stats    ] 
[166.023s][info][gc,stats    ] Allocation pacing accrued:
[166.023s][info][gc,stats    ]       0 of   936 ms (  0.0%): <total>
[166.023s][info][gc,stats    ]       0 of   936 ms (  0.0%): <average total>
[166.023s][info][gc,stats    ] 
[166.023s][info][gc,metaspace] Metaspace: 9019K(9280K)->9019K(9280K) NonClass: 7847K(8000K)->7847K(8000K) Class: 1171K(1280K)->1171K(1280K)
[166.023s][info][gc,ergo     ] Pacer for Idle. Initial: 163M, Alloc Tax Rate: 1.0x
[166.898s][info][gc          ] Trigger: Learning 3 of 5. Free (5716M) is below initial threshold (5734M)
[166.898s][info][gc,ergo     ] Free: 5716M, Max: 4096K regular, 5668M humongous, Frag: 1% external, 0% internal; Reserve: 412M, Max: 4096K
[166.898s][info][gc,start    ] GC(190) Concurrent reset
[166.898s][info][gc,task     ] GC(190) Using 1 of 3 workers for concurrent reset
[166.898s][info][gc,ergo     ] GC(190) Pacer for Reset. Non-Taxable: 8192M
[166.899s][info][gc          ] GC(190) Concurrent reset 0.809ms
[166.899s][info][gc,start    ] GC(190) Pause Init Mark (unload classes)
[166.899s][info][gc,task     ] GC(190) Using 3 of 3 workers for init marking
[166.899s][info][gc,ergo     ] GC(190) Pacer for Mark. Expected Live: 11983K, Free: 5716M, Non-Taxable: 571M, Alloc Tax Rate: 0.0x
[166.899s][info][gc          ] GC(190) Pause Init Mark (unload classes) 0.142ms
[166.899s][info][gc,start    ] GC(190) Concurrent marking roots
[166.899s][info][gc,task     ] GC(190) Using 1 of 3 workers for concurrent marking roots
[166.900s][info][gc          ] GC(190) Concurrent marking roots 0.668ms
[166.900s][info][gc,start    ] GC(190) Concurrent marking (unload classes)
[166.900s][info][gc,task     ] GC(190) Using 1 of 3 workers for concurrent marking
[166.921s][info][gc          ] GC(190) Concurrent marking (unload classes) 21.430ms
[166.921s][info][gc,start    ] GC(190) Pause Final Mark (unload classes)
[166.921s][info][gc,task     ] GC(190) Using 3 of 3 workers for final marking
[166.921s][info][gc,ergo     ] GC(190) Collectable Garbage: 1931M (94%), Immediate: 1931M (94%), CSet: 0B (0%)
[166.921s][info][gc          ] GC(190) Pause Final Mark (unload classes) 0.261ms
[166.922s][info][gc,start    ] GC(190) Concurrent weak references
[166.922s][info][gc,task     ] GC(190) Using 1 of 3 workers for concurrent weak references
[166.922s][info][gc,ref      ] GC(190) Encountered references: Soft: 144, Weak: 702, Final: 0, Phantom: 27
[166.922s][info][gc,ref      ] GC(190) Discovered  references: Soft: 0, Weak: 150, Final: 0, Phantom: 12
[166.922s][info][gc,ref      ] GC(190) Enqueued    references: Soft: 0, Weak: 0, Final: 0, Phantom: 0
[166.922s][info][gc          ] GC(190) Concurrent weak references 0.150ms
[166.922s][info][gc,start    ] GC(190) Concurrent weak roots
[166.922s][info][gc,task     ] GC(190) Using 1 of 3 workers for concurrent weak root
[166.922s][info][gc          ] GC(190) Concurrent weak roots 0.703ms
[166.922s][info][gc,start    ] GC(190) Concurrent cleanup
[166.922s][info][gc          ] GC(190) Concurrent cleanup 2115M->183M(8192M) 0.043ms
[166.922s][info][gc,ergo     ] GC(190) Free: 7596M, Max: 4096K regular, 5664M humongous, Frag: 26% external, 0% internal; Reserve: 412M, Max: 4096K
[166.922s][info][gc,start    ] GC(190) Concurrent class unloading
[166.922s][info][gc,task     ] GC(190) Using 1 of 3 workers for concurrent class unloading
[166.924s][info][gc          ] GC(190) Concurrent class unloading 1.976ms
[166.925s][info][gc,start    ] GC(190) Pause Final Roots
[166.925s][info][gc          ] GC(190) Pause Final Roots 0.043ms
[166.925s][info][gc,ergo     ] Free: 7592M, Max: 4096K regular, 5664M humongous, Frag: 26% external, 0% internal; Reserve: 412M, Max: 4096K
[166.925s][info][gc,stats    ] 
[166.925s][info][gc,stats    ] All times are wall-clock times, except per-root-class counters, that are sum over
[166.925s][info][gc,stats    ] all workers. Dividing the <total> over the root stage time estimates parallelism.
[166.925s][info][gc,stats    ] 
[166.925s][info][gc,stats    ] Concurrent Reset                    860 us
[166.925s][info][gc,stats    ] Pause Init Mark (G)                 265 us
[166.925s][info][gc,stats    ] Pause Init Mark (N)                 151 us
[166.925s][info][gc,stats    ]   Update Region States               69 us
[166.925s][info][gc,stats    ] Concurrent Mark Roots               686 us, parallelism: 0.82x
[166.925s][info][gc,stats    ]   CMR: <total>                      560 us
[166.925s][info][gc,stats    ]   CMR: Thread Roots                 492 us, workers (us): 492, ---, ---, 
[166.925s][info][gc,stats    ]   CMR: VM Strong Roots                7 us, workers (us):   7, ---, ---, 
[166.925s][info][gc,stats    ]   CMR: CLDG Roots                    61 us, workers (us):  61, ---, ---, 
[166.925s][info][gc,stats    ] Concurrent Marking                21499 us
[166.925s][info][gc,stats    ] Pause Final Mark (G)                403 us
[166.925s][info][gc,stats    ] Pause Final Mark (N)                270 us
[166.925s][info][gc,stats    ]   Finish Mark                        90 us
[166.925s][info][gc,stats    ]   Update Region States               68 us
[166.925s][info][gc,stats    ]   Choose Collection Set              44 us
[166.925s][info][gc,stats    ]   Rebuild Free Set                    8 us
[166.925s][info][gc,stats    ] Concurrent Weak References          158 us, parallelism: 0.03x
[166.925s][info][gc,stats    ]   CWRF: <total>                       5 us
[166.925s][info][gc,stats    ]   CWRF: Weak References               5 us, workers (us):   5, ---, ---, 
[166.925s][info][gc,stats    ] Concurrent Weak Roots               723 us
[166.925s][info][gc,stats    ]   Roots                             624 us, parallelism: 0.89x
[166.925s][info][gc,stats    ]     CWR: <total>                    553 us
[166.925s][info][gc,stats    ]     CWR: Code Cache Roots           432 us, workers (us): 432, ---, ---, 
[166.925s][info][gc,stats    ]     CWR: VM Weak Roots              114 us, workers (us): 114, ---, ---, 
[166.925s][info][gc,stats    ]     CWR: CLDG Roots                   7 us, workers (us):   7, ---, ---, 
[166.925s][info][gc,stats    ]   Rendezvous                         63 us
[166.925s][info][gc,stats    ] Concurrent Cleanup                   51 us
[166.925s][info][gc,stats    ] Concurrent Class Unloading         2015 us
[166.925s][info][gc,stats    ]   Unlink Stale                     1778 us
[166.925s][info][gc,stats    ]     System Dictionary                 3 us
[166.925s][info][gc,stats    ]     Weak Class Links                  0 us
[166.925s][info][gc,stats    ]     Code Roots                     1774 us
[166.925s][info][gc,stats    ]   Rendezvous                         53 us
[166.925s][info][gc,stats    ]   Purge Unlinked                    127 us
[166.925s][info][gc,stats    ]     Code Roots                      122 us
[166.925s][info][gc,stats    ]     CLDG                              5 us
[166.925s][info][gc,stats    ]     Exception Caches                  0 us
[166.925s][info][gc,stats    ] Pause Final Roots (G)               132 us
[166.925s][info][gc,stats    ] Pause Final Roots (N)                52 us
[166.925s][info][gc,stats    ] 
[166.925s][info][gc,stats    ] Allocation pacing accrued:
[166.925s][info][gc,stats    ]       0 of   902 ms (  0.0%): <total>
[166.925s][info][gc,stats    ]       0 of   902 ms (  0.0%): <average total>
[166.925s][info][gc,stats    ] 
[166.926s][info][gc,metaspace] Metaspace: 9019K(9280K)->9019K(9280K) NonClass: 7847K(8000K)->7847K(8000K) Class: 1171K(1280K)->1171K(1280K)
[166.926s][info][gc,ergo     ] Pacer for Idle. Initial: 163M, Alloc Tax Rate: 1.0x
[167.824s][info][gc          ] Trigger: Learning 4 of 5. Free (5716M) is below initial threshold (5734M)
[167.824s][info][gc,ergo     ] Free: 5716M, Max: 4096K regular, 5664M humongous, Frag: 1% external, 0% internal; Reserve: 412M, Max: 4096K
[167.824s][info][gc,start    ] GC(191) Concurrent reset
[167.824s][info][gc,task     ] GC(191) Using 1 of 3 workers for concurrent reset
[167.824s][info][gc,ergo     ] GC(191) Pacer for Reset. Non-Taxable: 8192M
[167.825s][info][gc          ] GC(191) Concurrent reset 0.932ms
[167.825s][info][gc,start    ] GC(191) Pause Init Mark (unload classes)
[167.825s][info][gc,task     ] GC(191) Using 3 of 3 workers for init marking
[167.826s][info][gc,ergo     ] GC(191) Pacer for Mark. Expected Live: 13192K, Free: 5716M, Non-Taxable: 571M, Alloc Tax Rate: 0.0x
[167.826s][info][gc          ] GC(191) Pause Init Mark (unload classes) 0.189ms
[167.826s][info][gc,start    ] GC(191) Concurrent marking roots
[167.826s][info][gc,task     ] GC(191) Using 1 of 3 workers for concurrent marking roots
[167.826s][info][gc          ] GC(191) Concurrent marking roots 0.702ms
[167.826s][info][gc,start    ] GC(191) Concurrent marking (unload classes)
[167.826s][info][gc,task     ] GC(191) Using 1 of 3 workers for concurrent marking
[167.856s][info][gc          ] GC(191) Concurrent marking (unload classes) 30.043ms
[167.857s][info][gc,start    ] GC(191) Pause Final Mark (unload classes)
[167.857s][info][gc,task     ] GC(191) Using 3 of 3 workers for final marking
[167.857s][info][gc,ergo     ] GC(191) Collectable Garbage: 1936M (94%), Immediate: 1936M (94%), CSet: 0B (0%)
[167.857s][info][gc          ] GC(191) Pause Final Mark (unload classes) 0.321ms
[167.857s][info][gc,start    ] GC(191) Concurrent weak references
[167.857s][info][gc,task     ] GC(191) Using 1 of 3 workers for concurrent weak references
[167.857s][info][gc,ref      ] GC(191) Encountered references: Soft: 144, Weak: 702, Final: 0, Phantom: 27
[167.857s][info][gc,ref      ] GC(191) Discovered  references: Soft: 0, Weak: 150, Final: 0, Phantom: 12
[167.857s][info][gc,ref      ] GC(191) Enqueued    references: Soft: 0, Weak: 0, Final: 0, Phantom: 0
[167.857s][info][gc          ] GC(191) Concurrent weak references 0.195ms
[167.857s][info][gc,start    ] GC(191) Concurrent weak roots
[167.857s][info][gc,task     ] GC(191) Using 1 of 3 workers for concurrent weak root
[167.858s][info][gc          ] GC(191) Concurrent weak roots 0.721ms
[167.858s][info][gc,start    ] GC(191) Concurrent cleanup
[167.858s][info][gc          ] GC(191) Concurrent cleanup 2131M->195M(8192M) 0.042ms
[167.858s][info][gc,ergo     ] GC(191) Free: 7584M, Max: 4096K regular, 5648M humongous, Frag: 26% external, 0% internal; Reserve: 412M, Max: 4096K
[167.858s][info][gc,start    ] GC(191) Concurrent class unloading
[167.858s][info][gc,task     ] GC(191) Using 1 of 3 workers for concurrent class unloading
[167.861s][info][gc          ] GC(191) Concurrent class unloading 2.638ms
[167.861s][info][gc,start    ] GC(191) Pause Final Roots
[167.861s][info][gc          ] GC(191) Pause Final Roots 0.039ms
[167.861s][info][gc,ergo     ] Free: 7576M, Max: 4096K regular, 5648M humongous, Frag: 26% external, 0% internal; Reserve: 412M, Max: 4096K
[167.861s][info][gc,stats    ] 
[167.861s][info][gc,stats    ] All times are wall-clock times, except per-root-class counters, that are sum over
[167.861s][info][gc,stats    ] all workers. Dividing the <total> over the root stage time estimates parallelism.
[167.861s][info][gc,stats    ] 
[167.861s][info][gc,stats    ] Concurrent Reset                   1016 us
[167.861s][info][gc,stats    ] Pause Init Mark (G)                 369 us
[167.861s][info][gc,stats    ] Pause Init Mark (N)                 211 us
[167.861s][info][gc,stats    ]   Update Region States               77 us
[167.861s][info][gc,stats    ] Concurrent Mark Roots               722 us, parallelism: 0.78x
[167.861s][info][gc,stats    ]   CMR: <total>                      562 us
[167.861s][info][gc,stats    ]   CMR: Thread Roots                 490 us, workers (us): 490, ---, ---, 
[167.861s][info][gc,stats    ]   CMR: VM Strong Roots                8 us, workers (us):   8, ---, ---, 
[167.861s][info][gc,stats    ]   CMR: CLDG Roots                    64 us, workers (us):  64, ---, ---, 
[167.861s][info][gc,stats    ] Concurrent Marking                30109 us
[167.861s][info][gc,stats    ] Pause Final Mark (G)                488 us
[167.861s][info][gc,stats    ] Pause Final Mark (N)                341 us
[167.861s][info][gc,stats    ]   Finish Mark                       102 us
[167.861s][info][gc,stats    ]   Update Region States               65 us
[167.861s][info][gc,stats    ]   Choose Collection Set              61 us
[167.861s][info][gc,stats    ]   Rebuild Free Set                   17 us
[167.861s][info][gc,stats    ] Concurrent Weak References          211 us, parallelism: 0.04x
[167.861s][info][gc,stats    ]   CWRF: <total>                       8 us
[167.861s][info][gc,stats    ]   CWRF: Weak References               8 us, workers (us):   8, ---, ---, 
[167.861s][info][gc,stats    ] Concurrent Weak Roots               741 us
[167.861s][info][gc,stats    ]   Roots                             633 us, parallelism: 0.88x
[167.861s][info][gc,stats    ]     CWR: <total>                    555 us
[167.861s][info][gc,stats    ]     CWR: Code Cache Roots           433 us, workers (us): 433, ---, ---, 
[167.861s][info][gc,stats    ]     CWR: VM Weak Roots              114 us, workers (us): 114, ---, ---, 
[167.861s][info][gc,stats    ]     CWR: CLDG Roots                   7 us, workers (us):   7, ---, ---, 
[167.861s][info][gc,stats    ]   Rendezvous                         56 us
[167.861s][info][gc,stats    ] Concurrent Cleanup                   50 us
[167.861s][info][gc,stats    ] Concurrent Class Unloading         2687 us
[167.861s][info][gc,stats    ]   Unlink Stale                     2287 us
[167.861s][info][gc,stats    ]     System Dictionary                 4 us
[167.861s][info][gc,stats    ]     Weak Class Links                  0 us
[167.861s][info][gc,stats    ]     Code Roots                     2282 us
[167.861s][info][gc,stats    ]   Rendezvous                        214 us
[167.861s][info][gc,stats    ]   Purge Unlinked                    118 us
[167.861s][info][gc,stats    ]     Code Roots                      109 us
[167.861s][info][gc,stats    ]     CLDG                              8 us
[167.861s][info][gc,stats    ]     Exception Caches                  0 us
[167.861s][info][gc,stats    ] Pause Final Roots (G)               171 us
[167.861s][info][gc,stats    ] Pause Final Roots (N)                57 us
[167.861s][info][gc,stats    ] 
[167.861s][info][gc,stats    ] Allocation pacing accrued:
[167.861s][info][gc,stats    ]       0 of   936 ms (  0.0%): <total>
[167.861s][info][gc,stats    ]       0 of   936 ms (  0.0%): <average total>
[167.862s][info][gc,stats    ] 
[167.862s][info][gc,metaspace] Metaspace: 9019K(9280K)->9019K(9280K) NonClass: 7847K(8000K)->7847K(8000K) Class: 1171K(1280K)->1171K(1280K)
[167.862s][info][gc,ergo     ] Pacer for Idle. Initial: 163M, Alloc Tax Rate: 1.0x
[168.546s][info][gc          ] Trigger: Explicit GC request (System.gc())
[168.546s][info][gc,ergo     ] Free: 6724M, Max: 4096K regular, 5648M humongous, Frag: 17% external, 0% internal; Reserve: 412M, Max: 4096K
[168.546s][info][gc,start    ] GC(192) Concurrent reset
[168.546s][info][gc,task     ] GC(192) Using 1 of 3 workers for concurrent reset
[168.546s][info][gc,ergo     ] GC(192) Pacer for Reset. Non-Taxable: 8192M
[168.547s][info][gc          ] GC(192) Concurrent reset 0.628ms
[168.547s][info][gc,start    ] GC(192) Pause Init Mark (unload classes)
[168.547s][info][gc,task     ] GC(192) Using 3 of 3 workers for init marking
[168.547s][info][gc,ref      ] GC(192) Clearing All SoftReferences
[168.547s][info][gc,ergo     ] GC(192) Pacer for Mark. Expected Live: 14459K, Free: 6724M, Non-Taxable: 672M, Alloc Tax Rate: 0.0x
[168.547s][info][gc          ] GC(192) Pause Init Mark (unload classes) 0.160ms
[168.547s][info][gc,start    ] GC(192) Concurrent marking roots
[168.547s][info][gc,task     ] GC(192) Using 1 of 3 workers for concurrent marking roots
[168.547s][info][gc          ] GC(192) Concurrent marking roots 0.425ms
[168.547s][info][gc,start    ] GC(192) Concurrent marking (unload classes)
[168.547s][info][gc,task     ] GC(192) Using 1 of 3 workers for concurrent marking
[168.551s][info][gc          ] GC(192) Concurrent marking (unload classes) 3.564ms
[168.551s][info][gc,start    ] GC(192) Pause Final Mark (unload classes)
[168.551s][info][gc,task     ] GC(192) Using 3 of 3 workers for final marking
[168.551s][info][gc,ergo     ] GC(192) Collectable Garbage: 979M (93%), Immediate: 979M (93%), CSet: 0B (0%)
[168.551s][info][gc          ] GC(192) Pause Final Mark (unload classes) 0.244ms
[168.551s][info][gc,start    ] GC(192) Concurrent weak references
[168.551s][info][gc,task     ] GC(192) Using 1 of 3 workers for concurrent weak references
[168.551s][info][gc,ref      ] GC(192) Encountered references: Soft: 144, Weak: 702, Final: 0, Phantom: 27
[168.552s][info][gc,ref      ] GC(192) Discovered  references: Soft: 89, Weak: 168, Final: 0, Phantom: 25
[168.552s][info][gc,ref      ] GC(192) Enqueued    references: Soft: 3, Weak: 0, Final: 0, Phantom: 0
[168.552s][info][gc          ] GC(192) Concurrent weak references 0.184ms
[168.552s][info][gc,start    ] GC(192) Concurrent weak roots
[168.552s][info][gc,task     ] GC(192) Using 1 of 3 workers for concurrent weak root
[168.552s][info][gc          ] GC(192) Concurrent weak roots 0.543ms
[168.552s][info][gc,start    ] GC(192) Concurrent cleanup
[168.552s][info][gc          ] GC(192) Concurrent cleanup 1055M->75M(8192M) 0.032ms
[168.552s][info][gc,ergo     ] GC(192) Free: 7704M, Max: 4096K regular, 6832M humongous, Frag: 12% external, 0% internal; Reserve: 412M, Max: 4096K
[168.552s][info][gc,start    ] GC(192) Concurrent class unloading
[168.552s][info][gc,task     ] GC(192) Using 1 of 3 workers for concurrent class unloading
[168.554s][info][gc          ] GC(192) Concurrent class unloading 2.056ms
[168.554s][info][gc,start    ] GC(192) Pause Final Roots
[168.554s][info][gc          ] GC(192) Pause Final Roots 0.021ms
[168.554s][info][gc,ergo     ] Free: 7704M, Max: 4096K regular, 6832M humongous, Frag: 12% external, 0% internal; Reserve: 412M, Max: 4096K
[168.554s][info][gc,stats    ] 
[168.555s][info][gc,stats    ] All times are wall-clock times, except per-root-class counters, that are sum over
[168.555s][info][gc,stats    ] all workers. Dividing the <total> over the root stage time estimates parallelism.
[168.555s][info][gc,stats    ] 
[168.555s][info][gc,stats    ] Concurrent Reset                    700 us
[168.555s][info][gc,stats    ] Pause Init Mark (G)                 255 us
[168.555s][info][gc,stats    ] Pause Init Mark (N)                 169 us
[168.555s][info][gc,stats    ]   Update Region States               32 us
[168.555s][info][gc,stats    ] Concurrent Mark Roots               447 us, parallelism: 0.77x
[168.555s][info][gc,stats    ]   CMR: <total>                      345 us
[168.555s][info][gc,stats    ]   CMR: Thread Roots                 292 us, workers (us): 292, ---, ---, 
[168.555s][info][gc,stats    ]   CMR: VM Strong Roots                8 us, workers (us):   8, ---, ---, 
[168.555s][info][gc,stats    ]   CMR: CLDG Roots                    45 us, workers (us):  45, ---, ---, 
[168.555s][info][gc,stats    ] Concurrent Marking                 3638 us
[168.555s][info][gc,stats    ] Pause Final Mark (G)                337 us
[168.555s][info][gc,stats    ] Pause Final Mark (N)                258 us
[168.555s][info][gc,stats    ]   Finish Mark                        89 us
[168.555s][info][gc,stats    ]   Update Region States               58 us
[168.555s][info][gc,stats    ]   Choose Collection Set              39 us
[168.555s][info][gc,stats    ]   Rebuild Free Set                    8 us
[168.555s][info][gc,stats    ] Concurrent Weak References          200 us, parallelism: 0.07x
[168.555s][info][gc,stats    ]   CWRF: <total>                      15 us
[168.555s][info][gc,stats    ]   CWRF: Weak References              15 us, workers (us):  15, ---, ---, 
[168.555s][info][gc,stats    ] Concurrent Weak Roots               563 us
[168.555s][info][gc,stats    ]   Roots                             457 us, parallelism: 0.87x
[168.555s][info][gc,stats    ]     CWR: <total>                    397 us
[168.555s][info][gc,stats    ]     CWR: Code Cache Roots           322 us, workers (us): 322, ---, ---, 
[168.555s][info][gc,stats    ]     CWR: VM Weak Roots               70 us, workers (us):  70, ---, ---, 
[168.555s][info][gc,stats    ]     CWR: CLDG Roots                   5 us, workers (us):   5, ---, ---, 
[168.555s][info][gc,stats    ]   Rendezvous                         56 us
[168.555s][info][gc,stats    ] Concurrent Cleanup                   40 us
[168.555s][info][gc,stats    ] Concurrent Class Unloading         2104 us
[168.555s][info][gc,stats    ]   Unlink Stale                     1764 us
[168.555s][info][gc,stats    ]     System Dictionary                 3 us
[168.555s][info][gc,stats    ]     Weak Class Links                  0 us
[168.555s][info][gc,stats    ]     Code Roots                     1760 us
[168.555s][info][gc,stats    ]   Rendezvous                        152 us
[168.555s][info][gc,stats    ]   Purge Unlinked                    121 us
[168.555s][info][gc,stats    ]     Code Roots                      112 us
[168.555s][info][gc,stats    ]     CLDG                              8 us
[168.555s][info][gc,stats    ]     Exception Caches                  0 us
[168.555s][info][gc,stats    ] Pause Final Roots (G)                98 us
[168.555s][info][gc,stats    ] Pause Final Roots (N)                29 us
[168.555s][info][gc,stats    ] 
[168.555s][info][gc,stats    ] Allocation pacing accrued:
[168.555s][info][gc,stats    ]       0 of   693 ms (  0.0%): <total>
[168.555s][info][gc,stats    ]       0 of   693 ms (  0.0%): <average total>
[168.555s][info][gc,stats    ] 
[168.555s][info][gc,metaspace] Metaspace: 9019K(9280K)->9019K(9280K) NonClass: 7847K(8000K)->7847K(8000K) Class: 1171K(1280K)->1171K(1280K)
[168.555s][info][gc,ergo     ] Pacer for Idle. Initial: 163M, Alloc Tax Rate: 1.0x
[169.473s][info][gc          ] Trigger: Learning 2 of 5. Free (5704M) is below initial threshold (5734M)
[169.473s][info][gc,ergo     ] Free: 5704M, Max: 4096K regular, 5704M humongous, Frag: 0% external, 0% internal; Reserve: 412M, Max: 4096K
[169.473s][info][gc,start    ] GC(193) Concurrent reset
[169.473s][info][gc,task     ] GC(193) Using 1 of 3 workers for concurrent reset
[169.473s][info][gc,ergo     ] GC(193) Pacer for Reset. Non-Taxable: 8192M
[169.474s][info][gc          ] GC(193) Concurrent reset 0.588ms
[169.474s][info][gc,start    ] GC(193) Pause Init Mark (unload classes)
[169.474s][info][gc,task     ] GC(193) Using 3 of 3 workers for init marking
[169.474s][info][gc,ergo     ] GC(193) Pacer for Mark. Expected Live: 10695K, Free: 5704M, Non-Taxable: 570M, Alloc Tax Rate: 0.0x
[169.474s][info][gc          ] GC(193) Pause Init Mark (unload classes) 0.238ms
[169.474s][info][gc,start    ] GC(193) Concurrent marking roots
[169.474s][info][gc,task     ] GC(193) Using 1 of 3 workers for concurrent marking roots
[169.475s][info][gc          ] GC(193) Concurrent marking roots 0.704ms
[169.475s][info][gc,start    ] GC(193) Concurrent marking (unload classes)
[169.475s][info][gc,task     ] GC(193) Using 1 of 3 workers for concurrent marking
[169.487s][info][gc          ] GC(193) Concurrent marking (unload classes) 12.669ms
[169.488s][info][gc,start    ] GC(193) Pause Final Mark (unload classes)
[169.488s][info][gc,task     ] GC(193) Using 3 of 3 workers for final marking
[169.488s][info][gc,ergo     ] GC(193) Collectable Garbage: 1960M (94%), Immediate: 1960M (94%), CSet: 0B (0%)
[169.488s][info][gc          ] GC(193) Pause Final Mark (unload classes) 0.232ms
[169.488s][info][gc,start    ] GC(193) Concurrent weak references
[169.488s][info][gc,task     ] GC(193) Using 1 of 3 workers for concurrent weak references
[169.488s][info][gc,ref      ] GC(193) Encountered references: Soft: 144, Weak: 702, Final: 0, Phantom: 27
[169.488s][info][gc,ref      ] GC(193) Discovered  references: Soft: 0, Weak: 150, Final: 0, Phantom: 12
[169.488s][info][gc,ref      ] GC(193) Enqueued    references: Soft: 0, Weak: 0, Final: 0, Phantom: 0
[169.488s][info][gc          ] GC(193) Concurrent weak references 0.140ms
[169.488s][info][gc,start    ] GC(193) Concurrent weak roots
[169.488s][info][gc,task     ] GC(193) Using 1 of 3 workers for concurrent weak root
[169.489s][info][gc          ] GC(193) Concurrent weak roots 0.601ms
[169.489s][info][gc,start    ] GC(193) Concurrent cleanup
[169.489s][info][gc          ] GC(193) Concurrent cleanup 2107M->147M(8192M) 0.043ms
[169.489s][info][gc,ergo     ] GC(193) Free: 7632M, Max: 4096K regular, 5672M humongous, Frag: 26% external, 0% internal; Reserve: 412M, Max: 4096K
[169.489s][info][gc,start    ] GC(193) Concurrent class unloading
[169.489s][info][gc,task     ] GC(193) Using 1 of 3 workers for concurrent class unloading
[169.491s][info][gc          ] GC(193) Concurrent class unloading 2.369ms
[169.491s][info][gc,start    ] GC(193) Pause Final Roots
[169.491s][info][gc          ] GC(193) Pause Final Roots 0.021ms
[169.491s][info][gc,ergo     ] Free: 7628M, Max: 4096K regular, 5672M humongous, Frag: 26% external, 0% internal; Reserve: 412M, Max: 4096K
[169.491s][info][gc,stats    ] 
[169.491s][info][gc,stats    ] All times are wall-clock times, except per-root-class counters, that are sum over
[169.491s][info][gc,stats    ] all workers. Dividing the <total> over the root stage time estimates parallelism.
[169.491s][info][gc,stats    ] 
[169.491s][info][gc,stats    ] Concurrent Reset                    645 us
[169.491s][info][gc,stats    ] Pause Init Mark (G)                 421 us
[169.491s][info][gc,stats    ] Pause Init Mark (N)                 257 us
[169.491s][info][gc,stats    ]   Update Region States              107 us
[169.491s][info][gc,stats    ] Concurrent Mark Roots               722 us, parallelism: 0.79x
[169.491s][info][gc,stats    ]   CMR: <total>                      574 us
[169.491s][info][gc,stats    ]   CMR: Thread Roots                 480 us, workers (us): 480, ---, ---, 
[169.491s][info][gc,stats    ]   CMR: VM Strong Roots                9 us, workers (us):   9, ---, ---, 
[169.492s][info][gc,stats    ]   CMR: CLDG Roots                    84 us, workers (us):  84, ---, ---, 
[169.492s][info][gc,stats    ] Concurrent Marking                12726 us
[169.492s][info][gc,stats    ] Pause Final Mark (G)                373 us
[169.492s][info][gc,stats    ] Pause Final Mark (N)                249 us
[169.492s][info][gc,stats    ]   Finish Mark                        55 us
[169.492s][info][gc,stats    ]   Update Region States               52 us
[169.492s][info][gc,stats    ]   Choose Collection Set              47 us
[169.492s][info][gc,stats    ]   Rebuild Free Set                   16 us
[169.492s][info][gc,stats    ] Concurrent Weak References          147 us, parallelism: 0.05x
[169.492s][info][gc,stats    ]   CWRF: <total>                       8 us
[169.492s][info][gc,stats    ]   CWRF: Weak References               8 us, workers (us):   8, ---, ---, 
[169.492s][info][gc,stats    ] Concurrent Weak Roots               623 us
[169.492s][info][gc,stats    ]   Roots                             516 us, parallelism: 0.89x
[169.492s][info][gc,stats    ]     CWR: <total>                    460 us
[169.492s][info][gc,stats    ]     CWR: Code Cache Roots           393 us, workers (us): 393, ---, ---, 
[169.492s][info][gc,stats    ]     CWR: VM Weak Roots               63 us, workers (us):  63, ---, ---, 
[169.492s][info][gc,stats    ]     CWR: CLDG Roots                   4 us, workers (us):   4, ---, ---, 
[169.492s][info][gc,stats    ]   Rendezvous                         70 us
[169.492s][info][gc,stats    ] Concurrent Cleanup                   58 us
[169.492s][info][gc,stats    ] Concurrent Class Unloading         2423 us
[169.492s][info][gc,stats    ]   Unlink Stale                     2104 us
[169.492s][info][gc,stats    ]     System Dictionary                 4 us
[169.492s][info][gc,stats    ]     Weak Class Links                  0 us
[169.492s][info][gc,stats    ]     Code Roots                     2099 us
[169.492s][info][gc,stats    ]   Rendezvous                        123 us
[169.492s][info][gc,stats    ]   Purge Unlinked                    123 us
[169.492s][info][gc,stats    ]     Code Roots                      114 us
[169.492s][info][gc,stats    ]     CLDG                              8 us
[169.492s][info][gc,stats    ]     Exception Caches                  0 us
[169.492s][info][gc,stats    ] Pause Final Roots (G)               116 us
[169.492s][info][gc,stats    ] Pause Final Roots (N)                29 us
[169.492s][info][gc,stats    ] 
[169.492s][info][gc,stats    ] Allocation pacing accrued:
[169.492s][info][gc,stats    ]       0 of   937 ms (  0.0%): <total>
[169.492s][info][gc,stats    ]       0 of   937 ms (  0.0%): <average total>
[169.492s][info][gc,stats    ] 
[169.492s][info][gc,metaspace] Metaspace: 9019K(9280K)->9019K(9280K) NonClass: 7847K(8000K)->7847K(8000K) Class: 1171K(1280K)->1171K(1280K)
[169.492s][info][gc,ergo     ] Pacer for Idle. Initial: 163M, Alloc Tax Rate: 1.0x
[170.368s][info][gc          ] Trigger: Learning 3 of 5. Free (5716M) is below initial threshold (5734M)
[170.368s][info][gc,ergo     ] Free: 5716M, Max: 4096K regular, 5672M humongous, Frag: 1% external, 0% internal; Reserve: 412M, Max: 4096K
[170.368s][info][gc,start    ] GC(194) Concurrent reset
[170.368s][info][gc,task     ] GC(194) Using 1 of 3 workers for concurrent reset
[170.368s][info][gc,ergo     ] GC(194) Pacer for Reset. Non-Taxable: 8192M
[170.369s][info][gc          ] GC(194) Concurrent reset 0.674ms
[170.369s][info][gc,start    ] GC(194) Pause Init Mark (unload classes)
[170.369s][info][gc,task     ] GC(194) Using 3 of 3 workers for init marking
[170.369s][info][gc,ergo     ] GC(194) Pacer for Mark. Expected Live: 11995K, Free: 5712M, Non-Taxable: 571M, Alloc Tax Rate: 0.0x
[170.369s][info][gc          ] GC(194) Pause Init Mark (unload classes) 0.154ms
[170.369s][info][gc,start    ] GC(194) Concurrent marking roots
[170.369s][info][gc,task     ] GC(194) Using 1 of 3 workers for concurrent marking roots
[170.369s][info][gc          ] GC(194) Concurrent marking roots 0.444ms
[170.369s][info][gc,start    ] GC(194) Concurrent marking (unload classes)
[170.369s][info][gc,task     ] GC(194) Using 1 of 3 workers for concurrent marking
[170.391s][info][gc          ] GC(194) Concurrent marking (unload classes) 21.369ms
[170.391s][info][gc,start    ] GC(194) Pause Final Mark (unload classes)
[170.391s][info][gc,task     ] GC(194) Using 3 of 3 workers for final marking
[170.391s][info][gc,ergo     ] GC(194) Collectable Garbage: 1928M (93%), Immediate: 1928M (93%), CSet: 0B (0%)
[170.391s][info][gc          ] GC(194) Pause Final Mark (unload classes) 0.434ms
[170.391s][info][gc,start    ] GC(194) Concurrent weak references
[170.391s][info][gc,task     ] GC(194) Using 1 of 3 workers for concurrent weak references
[170.391s][info][gc,ref      ] GC(194) Encountered references: Soft: 144, Weak: 702, Final: 0, Phantom: 27
[170.392s][info][gc,ref      ] GC(194) Discovered  references: Soft: 0, Weak: 150, Final: 0, Phantom: 25
[170.392s][info][gc,ref      ] GC(194) Enqueued    references: Soft: 0, Weak: 0, Final: 0, Phantom: 0
[170.392s][info][gc          ] GC(194) Concurrent weak references 0.105ms
[170.392s][info][gc,start    ] GC(194) Concurrent weak roots
[170.392s][info][gc,task     ] GC(194) Using 1 of 3 workers for concurrent weak root
[170.392s][info][gc          ] GC(194) Concurrent weak roots 0.579ms
[170.392s][info][gc,start    ] GC(194) Concurrent cleanup
[170.392s][info][gc          ] GC(194) Concurrent cleanup 2115M->187M(8192M) 0.042ms
[170.392s][info][gc,ergo     ] GC(194) Free: 7592M, Max: 4096K regular, 5664M humongous, Frag: 26% external, 0% internal; Reserve: 412M, Max: 4096K
[170.392s][info][gc,start    ] GC(194) Concurrent class unloading
[170.392s][info][gc,task     ] GC(194) Using 1 of 3 workers for concurrent class unloading
[170.394s][info][gc          ] GC(194) Concurrent class unloading 1.911ms
[170.394s][info][gc,start    ] GC(194) Pause Final Roots
[170.394s][info][gc          ] GC(194) Pause Final Roots 0.022ms
[170.394s][info][gc,ergo     ] Free: 7588M, Max: 4096K regular, 5664M humongous, Frag: 26% external, 0% internal; Reserve: 412M, Max: 4096K
[170.394s][info][gc,stats    ] 
[170.394s][info][gc,stats    ] All times are wall-clock times, except per-root-class counters, that are sum over
[170.394s][info][gc,stats    ] all workers. Dividing the <total> over the root stage time estimates parallelism.
[170.394s][info][gc,stats    ] 
[170.394s][info][gc,stats    ] Concurrent Reset                    733 us
[170.394s][info][gc,stats    ] Pause Init Mark (G)                 335 us
[170.394s][info][gc,stats    ] Pause Init Mark (N)                 171 us
[170.394s][info][gc,stats    ]   Update Region States               69 us
[170.394s][info][gc,stats    ] Concurrent Mark Roots               461 us, parallelism: 0.74x
[170.394s][info][gc,stats    ]   CMR: <total>                      341 us
[170.394s][info][gc,stats    ]   CMR: Thread Roots                 298 us, workers (us): 298, ---, ---, 
[170.394s][info][gc,stats    ]   CMR: VM Strong Roots                5 us, workers (us):   5, ---, ---, 
[170.395s][info][gc,stats    ]   CMR: CLDG Roots                    38 us, workers (us):  38, ---, ---, 
[170.395s][info][gc,stats    ] Concurrent Marking                21437 us
[170.395s][info][gc,stats    ] Pause Final Mark (G)                590 us
[170.395s][info][gc,stats    ] Pause Final Mark (N)                454 us
[170.395s][info][gc,stats    ]   Finish Mark                       189 us
[170.395s][info][gc,stats    ]   Update Region States               90 us
[170.395s][info][gc,stats    ]   Choose Collection Set              65 us
[170.395s][info][gc,stats    ]   Rebuild Free Set                   17 us
[170.395s][info][gc,stats    ] Concurrent Weak References          113 us, parallelism: 0.07x
[170.395s][info][gc,stats    ]   CWRF: <total>                       8 us
[170.395s][info][gc,stats    ]   CWRF: Weak References               8 us, workers (us):   8, ---, ---, 
[170.395s][info][gc,stats    ] Concurrent Weak Roots               598 us
[170.395s][info][gc,stats    ]   Roots                             481 us, parallelism: 0.89x
[170.395s][info][gc,stats    ]     CWR: <total>                    427 us
[170.395s][info][gc,stats    ]     CWR: Code Cache Roots           360 us, workers (us): 360, ---, ---, 
[170.395s][info][gc,stats    ]     CWR: VM Weak Roots               62 us, workers (us):  62, ---, ---, 
[170.395s][info][gc,stats    ]     CWR: CLDG Roots                   5 us, workers (us):   5, ---, ---, 
[170.395s][info][gc,stats    ]   Rendezvous                         82 us
[170.395s][info][gc,stats    ] Concurrent Cleanup                   50 us
[170.395s][info][gc,stats    ] Concurrent Class Unloading         1944 us
[170.395s][info][gc,stats    ]   Unlink Stale                     1742 us
[170.395s][info][gc,stats    ]     System Dictionary                 3 us
[170.395s][info][gc,stats    ]     Weak Class Links                  0 us
[170.395s][info][gc,stats    ]     Code Roots                     1738 us
[170.395s][info][gc,stats    ]   Rendezvous                         55 us
[170.395s][info][gc,stats    ]   Purge Unlinked                     96 us
[170.395s][info][gc,stats    ]     Code Roots                       91 us
[170.395s][info][gc,stats    ]     CLDG                              4 us
[170.395s][info][gc,stats    ]     Exception Caches                  0 us
[170.395s][info][gc,stats    ] Pause Final Roots (G)               111 us
[170.395s][info][gc,stats    ] Pause Final Roots (N)                30 us
[170.395s][info][gc,stats    ] 
[170.395s][info][gc,stats    ] Allocation pacing accrued:
[170.395s][info][gc,stats    ]       0 of   903 ms (  0.0%): <total>
[170.395s][info][gc,stats    ]       0 of   903 ms (  0.0%): <average total>
[170.395s][info][gc,stats    ] 
[170.395s][info][gc,metaspace] Metaspace: 9019K(9280K)->9019K(9280K) NonClass: 7847K(8000K)->7847K(8000K) Class: 1171K(1280K)->1171K(1280K)
[170.395s][info][gc,ergo     ] Pacer for Idle. Initial: 163M, Alloc Tax Rate: 1.0x
[171.277s][info][gc          ] Trigger: Learning 4 of 5. Free (5728M) is below initial threshold (5734M)
[171.277s][info][gc,ergo     ] Free: 5728M, Max: 4096K regular, 5664M humongous, Frag: 2% external, 0% internal; Reserve: 412M, Max: 4096K
[171.277s][info][gc,start    ] GC(195) Concurrent reset
[171.277s][info][gc,task     ] GC(195) Using 1 of 3 workers for concurrent reset
[171.277s][info][gc,ergo     ] GC(195) Pacer for Reset. Non-Taxable: 8192M
[171.278s][info][gc          ] GC(195) Concurrent reset 0.841ms
[171.278s][info][gc,start    ] GC(195) Pause Init Mark (unload classes)
[171.278s][info][gc,task     ] GC(195) Using 3 of 3 workers for init marking
[171.278s][info][gc,ergo     ] GC(195) Pacer for Mark. Expected Live: 13214K, Free: 5728M, Non-Taxable: 572M, Alloc Tax Rate: 0.0x
[171.278s][info][gc          ] GC(195) Pause Init Mark (unload classes) 0.171ms
[171.278s][info][gc,start    ] GC(195) Concurrent marking roots
[171.278s][info][gc,task     ] GC(195) Using 1 of 3 workers for concurrent marking roots
[171.279s][info][gc          ] GC(195) Concurrent marking roots 0.812ms
[171.279s][info][gc,start    ] GC(195) Concurrent marking (unload classes)
[171.279s][info][gc,task     ] GC(195) Using 1 of 3 workers for concurrent marking
[171.309s][info][gc          ] GC(195) Concurrent marking (unload classes) 30.390ms
[171.309s][info][gc,start    ] GC(195) Pause Final Mark (unload classes)
[171.309s][info][gc,task     ] GC(195) Using 3 of 3 workers for final marking
[171.309s][info][gc,ergo     ] GC(195) Collectable Garbage: 1903M (93%), Immediate: 1903M (93%), CSet: 0B (0%)
[171.310s][info][gc          ] GC(195) Pause Final Mark (unload classes) 0.218ms
[171.310s][info][gc,start    ] GC(195) Concurrent weak references
[171.310s][info][gc,task     ] GC(195) Using 1 of 3 workers for concurrent weak references
[171.310s][info][gc,ref      ] GC(195) Encountered references: Soft: 144, Weak: 702, Final: 0, Phantom: 27
[171.310s][info][gc,ref      ] GC(195) Discovered  references: Soft: 0, Weak: 150, Final: 0, Phantom: 12
[171.310s][info][gc,ref      ] GC(195) Enqueued    references: Soft: 0, Weak: 0, Final: 0, Phantom: 0
[171.310s][info][gc          ] GC(195) Concurrent weak references 0.115ms
[171.310s][info][gc,start    ] GC(195) Concurrent weak roots
[171.310s][info][gc,task     ] GC(195) Using 1 of 3 workers for concurrent weak root
[171.310s][info][gc          ] GC(195) Concurrent weak roots 0.636ms
[171.310s][info][gc,start    ] GC(195) Concurrent cleanup
[171.310s][info][gc          ] GC(195) Concurrent cleanup 2107M->203M(8192M) 0.047ms
[171.310s][info][gc,ergo     ] GC(195) Free: 7572M, Max: 4096K regular, 5684M humongous, Frag: 25% external, 0% internal; Reserve: 412M, Max: 4096K
[171.310s][info][gc,start    ] GC(195) Concurrent class unloading
[171.310s][info][gc,task     ] GC(195) Using 1 of 3 workers for concurrent class unloading
[171.313s][info][gc          ] GC(195) Concurrent class unloading 2.152ms
[171.313s][info][gc,start    ] GC(195) Pause Final Roots
[171.313s][info][gc          ] GC(195) Pause Final Roots 0.052ms
[171.313s][info][gc,ergo     ] Free: 7568M, Max: 4096K regular, 5684M humongous, Frag: 25% external, 0% internal; Reserve: 412M, Max: 4096K
[171.313s][info][gc,stats    ] 
[171.313s][info][gc,stats    ] All times are wall-clock times, except per-root-class counters, that are sum over
[171.313s][info][gc,stats    ] all workers. Dividing the <total> over the root stage time estimates parallelism.
[171.313s][info][gc,stats    ] 
[171.313s][info][gc,stats    ] Concurrent Reset                    901 us
[171.313s][info][gc,stats    ] Pause Init Mark (G)                 313 us
[171.313s][info][gc,stats    ] Pause Init Mark (N)                 188 us
[171.313s][info][gc,stats    ]   Update Region States               68 us
[171.313s][info][gc,stats    ] Concurrent Mark Roots               836 us, parallelism: 0.85x
[171.313s][info][gc,stats    ]   CMR: <total>                      707 us
[171.313s][info][gc,stats    ]   CMR: Thread Roots                 632 us, workers (us): 632, ---, ---, 
[171.313s][info][gc,stats    ]   CMR: VM Strong Roots                7 us, workers (us):   7, ---, ---, 
[171.313s][info][gc,stats    ]   CMR: CLDG Roots                    69 us, workers (us):  69, ---, ---, 
[171.313s][info][gc,stats    ] Concurrent Marking                30443 us
[171.313s][info][gc,stats    ] Pause Final Mark (G)                348 us
[171.313s][info][gc,stats    ] Pause Final Mark (N)                228 us
[171.313s][info][gc,stats    ]   Finish Mark                        57 us
[171.313s][info][gc,stats    ]   Update Region States               58 us
[171.313s][info][gc,stats    ]   Choose Collection Set              40 us
[171.313s][info][gc,stats    ]   Rebuild Free Set                    8 us
[171.313s][info][gc,stats    ] Concurrent Weak References          122 us, parallelism: 0.04x
[171.313s][info][gc,stats    ]   CWRF: <total>                       5 us
[171.313s][info][gc,stats    ]   CWRF: Weak References               5 us, workers (us):   5, ---, ---, 
[171.313s][info][gc,stats    ] Concurrent Weak Roots               657 us
[171.313s][info][gc,stats    ]   Roots                             538 us, parallelism: 0.90x
[171.313s][info][gc,stats    ]     CWR: <total>                    483 us
[171.313s][info][gc,stats    ]     CWR: Code Cache Roots           409 us, workers (us): 409, ---, ---, 
[171.313s][info][gc,stats    ]     CWR: VM Weak Roots               68 us, workers (us):  68, ---, ---, 
[171.313s][info][gc,stats    ]     CWR: CLDG Roots                   6 us, workers (us):   6, ---, ---, 
[171.313s][info][gc,stats    ]   Rendezvous                         83 us
[171.313s][info][gc,stats    ] Concurrent Cleanup                   55 us
[171.313s][info][gc,stats    ] Concurrent Class Unloading         2206 us
[171.313s][info][gc,stats    ]   Unlink Stale                     1904 us
[171.313s][info][gc,stats    ]     System Dictionary                 5 us
[171.313s][info][gc,stats    ]     Weak Class Links                  0 us
[171.313s][info][gc,stats    ]     Code Roots                     1898 us
[171.313s][info][gc,stats    ]   Rendezvous                        105 us
[171.313s][info][gc,stats    ]   Purge Unlinked                    123 us
[171.313s][info][gc,stats    ]     Code Roots                      114 us
[171.313s][info][gc,stats    ]     CLDG                              8 us
[171.313s][info][gc,stats    ]     Exception Caches                  0 us
[171.313s][info][gc,stats    ] Pause Final Roots (G)               160 us
[171.313s][info][gc,stats    ] Pause Final Roots (N)                62 us
[171.313s][info][gc,stats    ] 
[171.313s][info][gc,stats    ] Allocation pacing accrued:
[171.313s][info][gc,stats    ]       0 of   918 ms (  0.0%): <total>
[171.313s][info][gc,stats    ]       0 of   918 ms (  0.0%): <average total>
[171.313s][info][gc,stats    ] 
[171.313s][info][gc,metaspace] Metaspace: 9019K(9280K)->9019K(9280K) NonClass: 7847K(8000K)->7847K(8000K) Class: 1171K(1280K)->1171K(1280K)
[171.313s][info][gc,ergo     ] Pacer for Idle. Initial: 163M, Alloc Tax Rate: 1.0x
[172.015s][info][gc          ] Trigger: Explicit GC request (System.gc())
[172.015s][info][gc,ergo     ] Free: 6688M, Max: 4096K regular, 5684M humongous, Frag: 16% external, 0% internal; Reserve: 412M, Max: 4096K
[172.015s][info][gc,start    ] GC(196) Concurrent reset
[172.015s][info][gc,task     ] GC(196) Using 1 of 3 workers for concurrent reset
[172.015s][info][gc,ergo     ] GC(196) Pacer for Reset. Non-Taxable: 8192M
[172.016s][info][gc          ] GC(196) Concurrent reset 1.100ms
[172.017s][info][gc,start    ] GC(196) Pause Init Mark (unload classes)
[172.017s][info][gc,task     ] GC(196) Using 3 of 3 workers for init marking
[172.017s][info][gc,ref      ] GC(196) Clearing All SoftReferences
[172.017s][info][gc,ergo     ] GC(196) Pacer for Mark. Expected Live: 14469K, Free: 6688M, Non-Taxable: 668M, Alloc Tax Rate: 0.0x
[172.017s][info][gc          ] GC(196) Pause Init Mark (unload classes) 0.252ms
[172.017s][info][gc,start    ] GC(196) Concurrent marking roots
[172.017s][info][gc,task     ] GC(196) Using 1 of 3 workers for concurrent marking roots
[172.018s][info][gc          ] GC(196) Concurrent marking roots 0.726ms
[172.018s][info][gc,start    ] GC(196) Concurrent marking (unload classes)
[172.018s][info][gc,task     ] GC(196) Using 1 of 3 workers for concurrent marking
[172.021s][info][gc          ] GC(196) Concurrent marking (unload classes) 3.602ms
[172.021s][info][gc,start    ] GC(196) Pause Final Mark (unload classes)
[172.021s][info][gc,task     ] GC(196) Using 3 of 3 workers for final marking
[172.022s][info][gc,ergo     ] GC(196) Collectable Garbage: 1015M (93%), Immediate: 1015M (93%), CSet: 0B (0%)
[172.022s][info][gc          ] GC(196) Pause Final Mark (unload classes) 0.305ms
[172.022s][info][gc,start    ] GC(196) Concurrent weak references
[172.022s][info][gc,task     ] GC(196) Using 1 of 3 workers for concurrent weak references
[172.022s][info][gc,ref      ] GC(196) Encountered references: Soft: 144, Weak: 702, Final: 0, Phantom: 27
[172.022s][info][gc,ref      ] GC(196) Discovered  references: Soft: 89, Weak: 168, Final: 0, Phantom: 25
[172.022s][info][gc,ref      ] GC(196) Enqueued    references: Soft: 3, Weak: 0, Final: 0, Phantom: 0
[172.022s][info][gc          ] GC(196) Concurrent weak references 0.170ms
[172.022s][info][gc,start    ] GC(196) Concurrent weak roots
[172.022s][info][gc,task     ] GC(196) Using 1 of 3 workers for concurrent weak root
[172.023s][info][gc          ] GC(196) Concurrent weak roots 0.721ms
[172.023s][info][gc,start    ] GC(196) Concurrent cleanup
[172.023s][info][gc          ] GC(196) Concurrent cleanup 1091M->75M(8192M) 0.036ms
[172.023s][info][gc,ergo     ] GC(196) Free: 7704M, Max: 4096K regular, 6804M humongous, Frag: 12% external, 0% internal; Reserve: 412M, Max: 4096K
[172.023s][info][gc,start    ] GC(196) Concurrent class unloading
[172.023s][info][gc,task     ] GC(196) Using 1 of 3 workers for concurrent class unloading
[172.025s][info][gc          ] GC(196) Concurrent class unloading 2.539ms
[172.025s][info][gc,start    ] GC(196) Pause Final Roots
[172.025s][info][gc          ] GC(196) Pause Final Roots 0.040ms
[172.025s][info][gc,ergo     ] Free: 7704M, Max: 4096K regular, 6804M humongous, Frag: 12% external, 0% internal; Reserve: 412M, Max: 4096K
[172.025s][info][gc,stats    ] 
[172.025s][info][gc,stats    ] All times are wall-clock times, except per-root-class counters, that are sum over
[172.025s][info][gc,stats    ] all workers. Dividing the <total> over the root stage time estimates parallelism.
[172.025s][info][gc,stats    ] 
[172.025s][info][gc,stats    ] Concurrent Reset                   1207 us
[172.025s][info][gc,stats    ] Pause Init Mark (G)                 362 us
[172.025s][info][gc,stats    ] Pause Init Mark (N)                 269 us
[172.025s][info][gc,stats    ]   Update Region States              114 us
[172.025s][info][gc,stats    ] Concurrent Mark Roots               745 us, parallelism: 0.84x
[172.026s][info][gc,stats    ]   CMR: <total>                      623 us
[172.026s][info][gc,stats    ]   CMR: Thread Roots                 554 us, workers (us): 554, ---, ---, 
[172.026s][info][gc,stats    ]   CMR: VM Strong Roots                7 us, workers (us):   7, ---, ---, 
[172.026s][info][gc,stats    ]   CMR: CLDG Roots                    62 us, workers (us):  62, ---, ---, 
[172.026s][info][gc,stats    ] Concurrent Marking                 3658 us
[172.026s][info][gc,stats    ] Pause Final Mark (G)                445 us
[172.026s][info][gc,stats    ] Pause Final Mark (N)                327 us
[172.026s][info][gc,stats    ]   Finish Mark                        91 us
[172.026s][info][gc,stats    ]   Update Region States               59 us
[172.026s][info][gc,stats    ]   Choose Collection Set              54 us
[172.026s][info][gc,stats    ]   Rebuild Free Set                   21 us
[172.026s][info][gc,stats    ] Concurrent Weak References          186 us, parallelism: 0.04x
[172.026s][info][gc,stats    ]   CWRF: <total>                       8 us
[172.026s][info][gc,stats    ]   CWRF: Weak References               8 us, workers (us):   8, ---, ---, 
[172.026s][info][gc,stats    ] Concurrent Weak Roots               742 us
[172.026s][info][gc,stats    ]   Roots                             585 us, parallelism: 0.85x
[172.026s][info][gc,stats    ]     CWR: <total>                    499 us
[172.026s][info][gc,stats    ]     CWR: Code Cache Roots           382 us, workers (us): 382, ---, ---, 
[172.026s][info][gc,stats    ]     CWR: VM Weak Roots              112 us, workers (us): 112, ---, ---, 
[172.026s][info][gc,stats    ]     CWR: CLDG Roots                   5 us, workers (us):   5, ---, ---, 
[172.026s][info][gc,stats    ]   Rendezvous                        105 us
[172.026s][info][gc,stats    ] Concurrent Cleanup                   44 us
[172.026s][info][gc,stats    ] Concurrent Class Unloading         2590 us
[172.026s][info][gc,stats    ]   Unlink Stale                     2255 us
[172.026s][info][gc,stats    ]     System Dictionary                 3 us
[172.026s][info][gc,stats    ]     Weak Class Links                  0 us
[172.026s][info][gc,stats    ]     Code Roots                     2251 us
[172.026s][info][gc,stats    ]   Rendezvous                         96 us
[172.026s][info][gc,stats    ]   Purge Unlinked                    169 us
[172.026s][info][gc,stats    ]     Code Roots                      163 us
[172.026s][info][gc,stats    ]     CLDG                              5 us
[172.026s][info][gc,stats    ]     Exception Caches                  0 us
[172.026s][info][gc,stats    ] Pause Final Roots (G)               116 us
[172.026s][info][gc,stats    ] Pause Final Roots (N)                58 us
[172.026s][info][gc,stats    ] 
[172.026s][info][gc,stats    ] Allocation pacing accrued:
[172.026s][info][gc,stats    ]       0 of   712 ms (  0.0%): <total>
[172.026s][info][gc,stats    ]       0 of   712 ms (  0.0%): <average total>
[172.026s][info][gc,stats    ] 
[172.026s][info][gc,metaspace] Metaspace: 9020K(9280K)->9021K(9280K) NonClass: 7849K(8000K)->7849K(8000K) Class: 1171K(1280K)->1171K(1280K)
[172.026s][info][gc,ergo     ] Pacer for Idle. Initial: 163M, Alloc Tax Rate: 1.0x
[172.956s][info][gc          ] Trigger: Learning 2 of 5. Free (5704M) is below initial threshold (5734M)
[172.956s][info][gc,ergo     ] Free: 5704M, Max: 4096K regular, 5704M humongous, Frag: 0% external, 0% internal; Reserve: 412M, Max: 4096K
[172.956s][info][gc,start    ] GC(197) Concurrent reset
[172.956s][info][gc,task     ] GC(197) Using 1 of 3 workers for concurrent reset
[172.956s][info][gc,ergo     ] GC(197) Pacer for Reset. Non-Taxable: 8192M
[172.957s][info][gc          ] GC(197) Concurrent reset 0.690ms
[172.957s][info][gc,start    ] GC(197) Pause Init Mark (unload classes)
[172.957s][info][gc,task     ] GC(197) Using 3 of 3 workers for init marking
[172.957s][info][gc,ergo     ] GC(197) Pacer for Mark. Expected Live: 10684K, Free: 5704M, Non-Taxable: 570M, Alloc Tax Rate: 0.0x
[172.957s][info][gc          ] GC(197) Pause Init Mark (unload classes) 0.168ms
[172.958s][info][gc,start    ] GC(197) Concurrent marking roots
[172.958s][info][gc,task     ] GC(197) Using 1 of 3 workers for concurrent marking roots
[172.958s][info][gc          ] GC(197) Concurrent marking roots 0.717ms
[172.958s][info][gc,start    ] GC(197) Concurrent marking (unload classes)
[172.958s][info][gc,task     ] GC(197) Using 1 of 3 workers for concurrent marking
[172.971s][info][gc          ] GC(197) Concurrent marking (unload classes) 12.739ms
[172.971s][info][gc,start    ] GC(197) Pause Final Mark (unload classes)
[172.971s][info][gc,task     ] GC(197) Using 3 of 3 workers for final marking
[172.971s][info][gc,ergo     ] GC(197) Collectable Garbage: 1960M (94%), Immediate: 1960M (94%), CSet: 0B (0%)
[172.971s][info][gc          ] GC(197) Pause Final Mark (unload classes) 0.311ms
[172.972s][info][gc,start    ] GC(197) Concurrent weak references
[172.972s][info][gc,task     ] GC(197) Using 1 of 3 workers for concurrent weak references
[172.972s][info][gc,ref      ] GC(197) Encountered references: Soft: 144, Weak: 702, Final: 0, Phantom: 27
[172.972s][info][gc,ref      ] GC(197) Discovered  references: Soft: 0, Weak: 150, Final: 0, Phantom: 12
[172.972s][info][gc,ref      ] GC(197) Enqueued    references: Soft: 0, Weak: 0, Final: 0, Phantom: 0
[172.972s][info][gc          ] GC(197) Concurrent weak references 0.148ms
[172.972s][info][gc,start    ] GC(197) Concurrent weak roots
[172.972s][info][gc,task     ] GC(197) Using 1 of 3 workers for concurrent weak root
[172.973s][info][gc          ] GC(197) Concurrent weak roots 0.833ms
[172.973s][info][gc,start    ] GC(197) Concurrent cleanup
[172.973s][info][gc          ] GC(197) Concurrent cleanup 2107M->147M(8192M) 0.047ms
[172.973s][info][gc,ergo     ] GC(197) Free: 7632M, Max: 4096K regular, 5672M humongous, Frag: 26% external, 0% internal; Reserve: 412M, Max: 4096K
[172.973s][info][gc,start    ] GC(197) Concurrent class unloading
[172.973s][info][gc,task     ] GC(197) Using 1 of 3 workers for concurrent class unloading
[172.975s][info][gc          ] GC(197) Concurrent class unloading 2.182ms
[172.975s][info][gc,start    ] GC(197) Pause Final Roots
[172.975s][info][gc          ] GC(197) Pause Final Roots 0.025ms
[172.975s][info][gc,ergo     ] Free: 7628M, Max: 4096K regular, 5672M humongous, Frag: 26% external, 0% internal; Reserve: 412M, Max: 4096K
[172.975s][info][gc,stats    ] 
[172.975s][info][gc,stats    ] All times are wall-clock times, except per-root-class counters, that are sum over
[172.975s][info][gc,stats    ] all workers. Dividing the <total> over the root stage time estimates parallelism.
[172.975s][info][gc,stats    ] 
[172.975s][info][gc,stats    ] Concurrent Reset                    756 us
[172.975s][info][gc,stats    ] Pause Init Mark (G)                 340 us
[172.975s][info][gc,stats    ] Pause Init Mark (N)                 185 us
[172.975s][info][gc,stats    ]   Update Region States               52 us
[172.975s][info][gc,stats    ] Concurrent Mark Roots               734 us, parallelism: 0.87x
[172.975s][info][gc,stats    ]   CMR: <total>                      639 us
[172.975s][info][gc,stats    ]   CMR: Thread Roots                 570 us, workers (us): 570, ---, ---, 
[172.975s][info][gc,stats    ]   CMR: VM Strong Roots                8 us, workers (us):   8, ---, ---, 
[172.975s][info][gc,stats    ]   CMR: CLDG Roots                    61 us, workers (us):  61, ---, ---, 
[172.975s][info][gc,stats    ] Concurrent Marking                12800 us
[172.975s][info][gc,stats    ] Pause Final Mark (G)                466 us
[172.975s][info][gc,stats    ] Pause Final Mark (N)                330 us
[172.975s][info][gc,stats    ]   Finish Mark                       100 us
[172.975s][info][gc,stats    ]   Update Region States               65 us
[172.975s][info][gc,stats    ]   Choose Collection Set              63 us
[172.975s][info][gc,stats    ]   Rebuild Free Set                   16 us
[172.975s][info][gc,stats    ] Concurrent Weak References          160 us, parallelism: 0.03x
[172.975s][info][gc,stats    ]   CWRF: <total>                       5 us
[172.975s][info][gc,stats    ]   CWRF: Weak References               5 us, workers (us):   5, ---, ---, 
[172.975s][info][gc,stats    ] Concurrent Weak Roots               857 us
[172.975s][info][gc,stats    ]   Roots                             753 us, parallelism: 0.74x
[172.975s][info][gc,stats    ]     CWR: <total>                    560 us
[172.975s][info][gc,stats    ]     CWR: Code Cache Roots           438 us, workers (us): 438, ---, ---, 
[172.975s][info][gc,stats    ]     CWR: VM Weak Roots              115 us, workers (us): 115, ---, ---, 
[172.975s][info][gc,stats    ]     CWR: CLDG Roots                   6 us, workers (us):   6, ---, ---, 
[172.975s][info][gc,stats    ]   Rendezvous                         59 us
[172.975s][info][gc,stats    ] Concurrent Cleanup                   56 us
[172.975s][info][gc,stats    ] Concurrent Class Unloading         2236 us
[172.975s][info][gc,stats    ]   Unlink Stale                     1898 us
[172.975s][info][gc,stats    ]     System Dictionary                 5 us
[172.975s][info][gc,stats    ]     Weak Class Links                  0 us
[172.975s][info][gc,stats    ]     Code Roots                     1892 us
[172.975s][info][gc,stats    ]   Rendezvous                        143 us
[172.975s][info][gc,stats    ]   Purge Unlinked                    122 us
[172.975s][info][gc,stats    ]     Code Roots                      113 us
[172.975s][info][gc,stats    ]     CLDG                              9 us
[172.975s][info][gc,stats    ]     Exception Caches                  0 us
[172.975s][info][gc,stats    ] Pause Final Roots (G)               134 us
[172.976s][info][gc,stats    ] Pause Final Roots (N)                33 us
[172.976s][info][gc,stats    ] 
[172.976s][info][gc,stats    ] Allocation pacing accrued:
[172.976s][info][gc,stats    ]       0 of   950 ms (  0.0%): <total>
[172.976s][info][gc,stats    ]       0 of   950 ms (  0.0%): <average total>
[172.976s][info][gc,stats    ] 
[172.976s][info][gc,metaspace] Metaspace: 9024K(9280K)->9024K(9280K) NonClass: 7852K(8000K)->7852K(8000K) Class: 1171K(1280K)->1171K(1280K)
[172.976s][info][gc,ergo     ] Pacer for Idle. Initial: 163M, Alloc Tax Rate: 1.0x
[173.851s][info][gc          ] Trigger: Learning 3 of 5. Free (5720M) is below initial threshold (5734M)
[173.852s][info][gc,ergo     ] Free: 5720M, Max: 4096K regular, 5672M humongous, Frag: 1% external, 0% internal; Reserve: 412M, Max: 4096K
[173.852s][info][gc,start    ] GC(198) Concurrent reset
[173.852s][info][gc,task     ] GC(198) Using 1 of 3 workers for concurrent reset
[173.852s][info][gc,ergo     ] GC(198) Pacer for Reset. Non-Taxable: 8192M
[173.852s][info][gc          ] GC(198) Concurrent reset 0.731ms
[173.852s][info][gc,start    ] GC(198) Pause Init Mark (unload classes)
[173.852s][info][gc,task     ] GC(198) Using 3 of 3 workers for init marking
[173.853s][info][gc,ergo     ] GC(198) Pacer for Mark. Expected Live: 11983K, Free: 5720M, Non-Taxable: 572M, Alloc Tax Rate: 0.0x
[173.853s][info][gc          ] GC(198) Pause Init Mark (unload classes) 0.198ms
[173.853s][info][gc,start    ] GC(198) Concurrent marking roots
[173.853s][info][gc,task     ] GC(198) Using 1 of 3 workers for concurrent marking roots
[173.854s][info][gc          ] GC(198) Concurrent marking roots 0.776ms
[173.854s][info][gc,start    ] GC(198) Concurrent marking (unload classes)
[173.854s][info][gc,task     ] GC(198) Using 1 of 3 workers for concurrent marking
[173.875s][info][gc          ] GC(198) Concurrent marking (unload classes) 21.150ms
[173.875s][info][gc,start    ] GC(198) Pause Final Mark (unload classes)
[173.875s][info][gc,task     ] GC(198) Using 3 of 3 workers for final marking
[173.875s][info][gc,ergo     ] GC(198) Collectable Garbage: 1931M (94%), Immediate: 1931M (94%), CSet: 0B (0%)
[173.875s][info][gc          ] GC(198) Pause Final Mark (unload classes) 0.321ms
[173.875s][info][gc,start    ] GC(198) Concurrent weak references
[173.875s][info][gc,task     ] GC(198) Using 1 of 3 workers for concurrent weak references
[173.875s][info][gc,ref      ] GC(198) Encountered references: Soft: 144, Weak: 702, Final: 0, Phantom: 27
[173.875s][info][gc,ref      ] GC(198) Discovered  references: Soft: 0, Weak: 150, Final: 0, Phantom: 12
[173.875s][info][gc,ref      ] GC(198) Enqueued    references: Soft: 0, Weak: 0, Final: 0, Phantom: 0
[173.875s][info][gc          ] GC(198) Concurrent weak references 0.105ms
[173.875s][info][gc,start    ] GC(198) Concurrent weak roots
[173.875s][info][gc,task     ] GC(198) Using 1 of 3 workers for concurrent weak root
[173.876s][info][gc          ] GC(198) Concurrent weak roots 0.576ms
[173.876s][info][gc,start    ] GC(198) Concurrent cleanup
[173.876s][info][gc          ] GC(198) Concurrent cleanup 2107M->175M(8192M) 0.042ms
[173.876s][info][gc,ergo     ] GC(198) Free: 7604M, Max: 4096K regular, 5716M humongous, Frag: 25% external, 0% internal; Reserve: 412M, Max: 4096K
[173.876s][info][gc,start    ] GC(198) Concurrent class unloading
[173.876s][info][gc,task     ] GC(198) Using 1 of 3 workers for concurrent class unloading
[173.878s][info][gc          ] GC(198) Concurrent class unloading 1.917ms
[173.878s][info][gc,start    ] GC(198) Pause Final Roots
[173.878s][info][gc          ] GC(198) Pause Final Roots 0.037ms
[173.878s][info][gc,ergo     ] Free: 7600M, Max: 4096K regular, 5716M humongous, Frag: 25% external, 0% internal; Reserve: 412M, Max: 4096K
[173.878s][info][gc,stats    ] 
[173.878s][info][gc,stats    ] All times are wall-clock times, except per-root-class counters, that are sum over
[173.878s][info][gc,stats    ] all workers. Dividing the <total> over the root stage time estimates parallelism.
[173.878s][info][gc,stats    ] 
[173.878s][info][gc,stats    ] Concurrent Reset                    790 us
[173.878s][info][gc,stats    ] Pause Init Mark (G)                 386 us
[173.878s][info][gc,stats    ] Pause Init Mark (N)                 216 us
[173.878s][info][gc,stats    ]   Update Region States               95 us
[173.878s][info][gc,stats    ] Concurrent Mark Roots               800 us, parallelism: 0.80x
[173.878s][info][gc,stats    ]   CMR: <total>                      637 us
[173.878s][info][gc,stats    ]   CMR: Thread Roots                 566 us, workers (us): 566, ---, ---, 
[173.878s][info][gc,stats    ]   CMR: VM Strong Roots                7 us, workers (us):   7, ---, ---, 
[173.878s][info][gc,stats    ]   CMR: CLDG Roots                    64 us, workers (us):  64, ---, ---, 
[173.878s][info][gc,stats    ] Concurrent Marking                21218 us
[173.878s][info][gc,stats    ] Pause Final Mark (G)                473 us
[173.878s][info][gc,stats    ] Pause Final Mark (N)                341 us
[173.878s][info][gc,stats    ]   Finish Mark                       107 us
[173.878s][info][gc,stats    ]   Update Region States               60 us
[173.878s][info][gc,stats    ]   Choose Collection Set              65 us
[173.878s][info][gc,stats    ]   Rebuild Free Set                   17 us
[173.878s][info][gc,stats    ] Concurrent Weak References          113 us, parallelism: 0.07x
[173.879s][info][gc,stats    ]   CWRF: <total>                       7 us
[173.879s][info][gc,stats    ]   CWRF: Weak References               7 us, workers (us):   7, ---, ---, 
[173.879s][info][gc,stats    ] Concurrent Weak Roots               595 us
[173.879s][info][gc,stats    ]   Roots                             473 us, parallelism: 0.89x
[173.879s][info][gc,stats    ]     CWR: <total>                    420 us
[173.879s][info][gc,stats    ]     CWR: Code Cache Roots           351 us, workers (us): 351, ---, ---, 
[173.879s][info][gc,stats    ]     CWR: VM Weak Roots               64 us, workers (us):  64, ---, ---, 
[173.879s][info][gc,stats    ]     CWR: CLDG Roots                   5 us, workers (us):   5, ---, ---, 
[173.879s][info][gc,stats    ]   Rendezvous                         88 us
[173.879s][info][gc,stats    ] Concurrent Cleanup                   50 us
[173.879s][info][gc,stats    ] Concurrent Class Unloading         1949 us
[173.879s][info][gc,stats    ]   Unlink Stale                     1749 us
[173.879s][info][gc,stats    ]     System Dictionary                 3 us
[173.879s][info][gc,stats    ]     Weak Class Links                  0 us
[173.879s][info][gc,stats    ]     Code Roots                     1745 us
[173.879s][info][gc,stats    ]   Rendezvous                         56 us
[173.879s][info][gc,stats    ]   Purge Unlinked                     94 us
[173.879s][info][gc,stats    ]     Code Roots                       89 us
[173.879s][info][gc,stats    ]     CLDG                              5 us
[173.879s][info][gc,stats    ]     Exception Caches                  0 us
[173.879s][info][gc,stats    ] Pause Final Roots (G)               166 us
[173.879s][info][gc,stats    ] Pause Final Roots (N)                63 us
[173.879s][info][gc,stats    ] 
[173.879s][info][gc,stats    ] Allocation pacing accrued:
[173.879s][info][gc,stats    ]       0 of   903 ms (  0.0%): <total>
[173.879s][info][gc,stats    ]       0 of   903 ms (  0.0%): <average total>
[173.879s][info][gc,stats    ] 
[173.879s][info][gc,metaspace] Metaspace: 9024K(9280K)->9024K(9280K) NonClass: 7852K(8000K)->7852K(8000K) Class: 1171K(1280K)->1171K(1280K)
[173.879s][info][gc,ergo     ] Pacer for Idle. Initial: 163M, Alloc Tax Rate: 1.0x
[174.778s][info][gc          ] Trigger: Learning 4 of 5. Free (5720M) is below initial threshold (5734M)
[174.778s][info][gc,ergo     ] Free: 5720M, Max: 4096K regular, 5716M humongous, Frag: 1% external, 0% internal; Reserve: 412M, Max: 4096K
[174.778s][info][gc,start    ] GC(199) Concurrent reset
[174.778s][info][gc,task     ] GC(199) Using 1 of 3 workers for concurrent reset
[174.778s][info][gc,ergo     ] GC(199) Pacer for Reset. Non-Taxable: 8192M
[174.779s][info][gc          ] GC(199) Concurrent reset 0.792ms
[174.779s][info][gc,start    ] GC(199) Pause Init Mark (unload classes)
[174.779s][info][gc,task     ] GC(199) Using 3 of 3 workers for init marking
[174.779s][info][gc,ergo     ] GC(199) Pacer for Mark. Expected Live: 13196K, Free: 5716M, Non-Taxable: 571M, Alloc Tax Rate: 0.0x
[174.779s][info][gc          ] GC(199) Pause Init Mark (unload classes) 0.161ms
[174.779s][info][gc,start    ] GC(199) Concurrent marking roots
[174.779s][info][gc,task     ] GC(199) Using 1 of 3 workers for concurrent marking roots
[174.780s][info][gc          ] GC(199) Concurrent marking roots 0.412ms
[174.780s][info][gc,start    ] GC(199) Concurrent marking (unload classes)
[174.780s][info][gc,task     ] GC(199) Using 1 of 3 workers for concurrent marking
[174.810s][info][gc          ] GC(199) Concurrent marking (unload classes) 30.041ms
[174.810s][info][gc,start    ] GC(199) Pause Final Mark (unload classes)
[174.810s][info][gc,task     ] GC(199) Using 3 of 3 workers for final marking
[174.810s][info][gc,ergo     ] GC(199) Collectable Garbage: 1940M (94%), Immediate: 1940M (94%), CSet: 0B (0%)
[174.810s][info][gc          ] GC(199) Pause Final Mark (unload classes) 0.350ms
[174.810s][info][gc,start    ] GC(199) Concurrent weak references
[174.810s][info][gc,task     ] GC(199) Using 1 of 3 workers for concurrent weak references
[174.810s][info][gc,ref      ] GC(199) Encountered references: Soft: 144, Weak: 702, Final: 0, Phantom: 27
[174.810s][info][gc,ref      ] GC(199) Discovered  references: Soft: 0, Weak: 150, Final: 0, Phantom: 12
[174.810s][info][gc,ref      ] GC(199) Enqueued    references: Soft: 0, Weak: 0, Final: 0, Phantom: 0
[174.810s][info][gc          ] GC(199) Concurrent weak references 0.076ms
[174.810s][info][gc,start    ] GC(199) Concurrent weak roots
[174.810s][info][gc,task     ] GC(199) Using 1 of 3 workers for concurrent weak root
[174.811s][info][gc          ] GC(199) Concurrent weak roots 0.637ms
[174.811s][info][gc,start    ] GC(199) Concurrent cleanup
[174.811s][info][gc          ] GC(199) Concurrent cleanup 2131M->191M(8192M) 0.040ms
[174.811s][info][gc,ergo     ] GC(199) Free: 7588M, Max: 4096K regular, 5648M humongous, Frag: 26% external, 0% internal; Reserve: 412M, Max: 4096K
[174.811s][info][gc,start    ] GC(199) Concurrent class unloading
[174.811s][info][gc,task     ] GC(199) Using 1 of 3 workers for concurrent class unloading
[174.813s][info][gc          ] GC(199) Concurrent class unloading 1.873ms
[174.813s][info][gc,start    ] GC(199) Pause Final Roots
[174.813s][info][gc          ] GC(199) Pause Final Roots 0.041ms
[174.813s][info][gc,ergo     ] Free: 7584M, Max: 4096K regular, 5648M humongous, Frag: 26% external, 0% internal; Reserve: 412M, Max: 4096K
[174.813s][info][gc,stats    ] 
[174.813s][info][gc,stats    ] All times are wall-clock times, except per-root-class counters, that are sum over
[174.813s][info][gc,stats    ] all workers. Dividing the <total> over the root stage time estimates parallelism.
[174.813s][info][gc,stats    ] 
[174.813s][info][gc,stats    ] Concurrent Reset                    837 us
[174.813s][info][gc,stats    ] Pause Init Mark (G)                 293 us
[174.813s][info][gc,stats    ] Pause Init Mark (N)                 177 us
[174.813s][info][gc,stats    ]   Update Region States               74 us
[174.813s][info][gc,stats    ] Concurrent Mark Roots               422 us, parallelism: 0.81x
[174.813s][info][gc,stats    ]   CMR: <total>                      341 us
[174.813s][info][gc,stats    ]   CMR: Thread Roots                 302 us, workers (us): 302, ---, ---, 
[174.813s][info][gc,stats    ]   CMR: VM Strong Roots                5 us, workers (us):   5, ---, ---, 
[174.813s][info][gc,stats    ]   CMR: CLDG Roots                    34 us, workers (us):  34, ---, ---, 
[174.813s][info][gc,stats    ] Concurrent Marking                30080 us
[174.813s][info][gc,stats    ] Pause Final Mark (G)                485 us
[174.814s][info][gc,stats    ] Pause Final Mark (N)                369 us
[174.814s][info][gc,stats    ]   Finish Mark                       105 us
[174.814s][info][gc,stats    ]   Update Region States               89 us
[174.814s][info][gc,stats    ]   Choose Collection Set              62 us
[174.814s][info][gc,stats    ]   Rebuild Free Set                   16 us
[174.814s][info][gc,stats    ] Concurrent Weak References           83 us, parallelism: 0.05x
[174.814s][info][gc,stats    ]   CWRF: <total>                       4 us
[174.814s][info][gc,stats    ]   CWRF: Weak References               4 us, workers (us):   4, ---, ---, 
[174.814s][info][gc,stats    ] Concurrent Weak Roots               647 us
[174.814s][info][gc,stats    ]   Roots                             585 us, parallelism: 0.92x
[174.814s][info][gc,stats    ]     CWR: <total>                    535 us
[174.814s][info][gc,stats    ]     CWR: Code Cache Roots           417 us, workers (us): 417, ---, ---, 
[174.814s][info][gc,stats    ]     CWR: VM Weak Roots              112 us, workers (us): 112, ---, ---, 
[174.814s][info][gc,stats    ]     CWR: CLDG Roots                   6 us, workers (us):   6, ---, ---, 
[174.814s][info][gc,stats    ]   Rendezvous                         38 us
[174.814s][info][gc,stats    ] Concurrent Cleanup                   48 us
[174.814s][info][gc,stats    ] Concurrent Class Unloading         1896 us
[174.814s][info][gc,stats    ]   Unlink Stale                     1708 us
[174.814s][info][gc,stats    ]     System Dictionary                 3 us
[174.814s][info][gc,stats    ]     Weak Class Links                  0 us
[174.814s][info][gc,stats    ]     Code Roots                     1705 us
[174.814s][info][gc,stats    ]   Rendezvous                         72 us
[174.814s][info][gc,stats    ]   Purge Unlinked                     77 us
[174.814s][info][gc,stats    ]     Code Roots                       72 us
[174.814s][info][gc,stats    ]     CLDG                              4 us
[174.814s][info][gc,stats    ]     Exception Caches                  0 us
[174.814s][info][gc,stats    ] Pause Final Roots (G)               159 us
[174.814s][info][gc,stats    ] Pause Final Roots (N)                59 us
[174.814s][info][gc,stats    ] 
[174.814s][info][gc,stats    ] Allocation pacing accrued:
[174.814s][info][gc,stats    ]       0 of   935 ms (  0.0%): <total>
[174.814s][info][gc,stats    ]       0 of   935 ms (  0.0%): <average total>
[174.814s][info][gc,stats    ] 
[174.814s][info][gc,metaspace] Metaspace: 9024K(9280K)->9024K(9280K) NonClass: 7852K(8000K)->7852K(8000K) Class: 1171K(1280K)->1171K(1280K)
[174.814s][info][gc,ergo     ] Pacer for Idle. Initial: 163M, Alloc Tax Rate: 1.0x
[175.499s][info][gc          ] Trigger: Explicit GC request (System.gc())
[175.499s][info][gc,ergo     ] Free: 6728M, Max: 4096K regular, 5648M humongous, Frag: 17% external, 0% internal; Reserve: 412M, Max: 4096K
[175.499s][info][gc,start    ] GC(200) Concurrent reset
[175.499s][info][gc,task     ] GC(200) Using 1 of 3 workers for concurrent reset
[175.499s][info][gc,ergo     ] GC(200) Pacer for Reset. Non-Taxable: 8192M
[175.500s][info][gc          ] GC(200) Concurrent reset 0.653ms
[175.500s][info][gc,start    ] GC(200) Pause Init Mark (unload classes)
[175.500s][info][gc,task     ] GC(200) Using 3 of 3 workers for init marking
[175.500s][info][gc,ref      ] GC(200) Clearing All SoftReferences
[175.500s][info][gc,ergo     ] GC(200) Pacer for Mark. Expected Live: 14462K, Free: 6728M, Non-Taxable: 672M, Alloc Tax Rate: 0.0x
[175.500s][info][gc          ] GC(200) Pause Init Mark (unload classes) 0.196ms
[175.500s][info][gc,start    ] GC(200) Concurrent marking roots
[175.501s][info][gc,task     ] GC(200) Using 1 of 3 workers for concurrent marking roots
[175.501s][info][gc          ] GC(200) Concurrent marking roots 0.426ms
[175.501s][info][gc,start    ] GC(200) Concurrent marking (unload classes)
[175.501s][info][gc,task     ] GC(200) Using 1 of 3 workers for concurrent marking
[175.505s][info][gc          ] GC(200) Concurrent marking (unload classes) 3.967ms
[175.505s][info][gc,start    ] GC(200) Pause Final Mark (unload classes)
[175.505s][info][gc,task     ] GC(200) Using 3 of 3 workers for final marking
[175.505s][info][gc,ergo     ] GC(200) Collectable Garbage: 975M (93%), Immediate: 975M (93%), CSet: 0B (0%)
[175.505s][info][gc          ] GC(200) Pause Final Mark (unload classes) 0.301ms
[175.505s][info][gc,start    ] GC(200) Concurrent weak references
[175.505s][info][gc,task     ] GC(200) Using 1 of 3 workers for concurrent weak references
[175.505s][info][gc,ref      ] GC(200) Encountered references: Soft: 144, Weak: 702, Final: 0, Phantom: 27
[175.505s][info][gc,ref      ] GC(200) Discovered  references: Soft: 89, Weak: 168, Final: 0, Phantom: 25
[175.506s][info][gc,ref      ] GC(200) Enqueued    references: Soft: 3, Weak: 0, Final: 0, Phantom: 0
[175.506s][info][gc          ] GC(200) Concurrent weak references 0.129ms
[175.506s][info][gc,start    ] GC(200) Concurrent weak roots
[175.506s][info][gc,task     ] GC(200) Using 1 of 3 workers for concurrent weak root
[175.506s][info][gc          ] GC(200) Concurrent weak roots 0.577ms
[175.506s][info][gc,start    ] GC(200) Concurrent cleanup
[175.506s][info][gc          ] GC(200) Concurrent cleanup 1051M->75M(8192M) 0.043ms
[175.506s][info][gc,ergo     ] GC(200) Free: 7704M, Max: 4096K regular, 6832M humongous, Frag: 12% external, 0% internal; Reserve: 412M, Max: 4096K
[175.506s][info][gc,start    ] GC(200) Concurrent class unloading
[175.506s][info][gc,task     ] GC(200) Using 1 of 3 workers for concurrent class unloading
[175.508s][info][gc          ] GC(200) Concurrent class unloading 2.149ms
[175.509s][info][gc,start    ] GC(200) Pause Final Roots
[175.509s][info][gc          ] GC(200) Pause Final Roots 0.041ms
[175.509s][info][gc,ergo     ] Free: 7704M, Max: 4096K regular, 6832M humongous, Frag: 12% external, 0% internal; Reserve: 412M, Max: 4096K
[175.509s][info][gc,stats    ] 
[175.509s][info][gc,stats    ] All times are wall-clock times, except per-root-class counters, that are sum over
[175.509s][info][gc,stats    ] all workers. Dividing the <total> over the root stage time estimates parallelism.
[175.509s][info][gc,stats    ] 
[175.509s][info][gc,stats    ] Concurrent Reset                    712 us
[175.509s][info][gc,stats    ] Pause Init Mark (G)                 331 us
[175.509s][info][gc,stats    ] Pause Init Mark (N)                 218 us
[175.509s][info][gc,stats    ]   Update Region States               61 us
[175.509s][info][gc,stats    ] Concurrent Mark Roots               445 us, parallelism: 0.76x
[175.509s][info][gc,stats    ]   CMR: <total>                      338 us
[175.509s][info][gc,stats    ]   CMR: Thread Roots                 297 us, workers (us): 297, ---, ---, 
[175.509s][info][gc,stats    ]   CMR: VM Strong Roots                5 us, workers (us):   5, ---, ---, 
[175.509s][info][gc,stats    ]   CMR: CLDG Roots                    36 us, workers (us):  36, ---, ---, 
[175.509s][info][gc,stats    ] Concurrent Marking                 4035 us
[175.509s][info][gc,stats    ] Pause Final Mark (G)                417 us
[175.509s][info][gc,stats    ] Pause Final Mark (N)                323 us
[175.509s][info][gc,stats    ]   Finish Mark                        88 us
[175.509s][info][gc,stats    ]   Update Region States               60 us
[175.509s][info][gc,stats    ]   Choose Collection Set              53 us
[175.509s][info][gc,stats    ]   Rebuild Free Set                   21 us
[175.509s][info][gc,stats    ] Concurrent Weak References          137 us, parallelism: 0.10x
[175.509s][info][gc,stats    ]   CWRF: <total>                      14 us
[175.509s][info][gc,stats    ]   CWRF: Weak References              14 us, workers (us):  14, ---, ---, 
[175.509s][info][gc,stats    ] Concurrent Weak Roots               615 us
[175.509s][info][gc,stats    ]   Roots                             461 us, parallelism: 0.87x
[175.509s][info][gc,stats    ]     CWR: <total>                    402 us
[175.509s][info][gc,stats    ]     CWR: Code Cache Roots           330 us, workers (us): 330, ---, ---, 
[175.509s][info][gc,stats    ]     CWR: VM Weak Roots               66 us, workers (us):  66, ---, ---, 
[175.509s][info][gc,stats    ]     CWR: CLDG Roots                   6 us, workers (us):   6, ---, ---, 
[175.509s][info][gc,stats    ]   Rendezvous                         99 us
[175.509s][info][gc,stats    ] Concurrent Cleanup                   51 us
[175.509s][info][gc,stats    ] Concurrent Class Unloading         2268 us
[175.509s][info][gc,stats    ]   Unlink Stale                     1931 us
[175.509s][info][gc,stats    ]     System Dictionary                 6 us
[175.509s][info][gc,stats    ]     Weak Class Links                  0 us
[175.509s][info][gc,stats    ]     Code Roots                     1923 us
[175.509s][info][gc,stats    ]   Rendezvous                         42 us
[175.509s][info][gc,stats    ]   Purge Unlinked                    154 us
[175.509s][info][gc,stats    ]     Code Roots                      143 us
[175.509s][info][gc,stats    ]     CLDG                             10 us
[175.509s][info][gc,stats    ]     Exception Caches                  0 us
[175.509s][info][gc,stats    ] Pause Final Roots (G)               148 us
[175.509s][info][gc,stats    ] Pause Final Roots (N)                59 us
[175.509s][info][gc,stats    ] 
[175.509s][info][gc,stats    ] Allocation pacing accrued:
[175.509s][info][gc,stats    ]       0 of   695 ms (  0.0%): <total>
[175.509s][info][gc,stats    ]       0 of   695 ms (  0.0%): <average total>
[175.509s][info][gc,stats    ] 
[175.509s][info][gc,metaspace] Metaspace: 9039K(9280K)->9040K(9280K) NonClass: 7867K(8000K)->7868K(8000K) Class: 1171K(1280K)->1171K(1280K)
[175.509s][info][gc,ergo     ] Pacer for Idle. Initial: 163M, Alloc Tax Rate: 1.0x
[176.425s][info][gc          ] Trigger: Learning 2 of 5. Free (5708M) is below initial threshold (5734M)
[176.425s][info][gc,ergo     ] Free: 5708M, Max: 4096K regular, 5708M humongous, Frag: 0% external, 0% internal; Reserve: 412M, Max: 4096K
[176.425s][info][gc,start    ] GC(201) Concurrent reset
[176.425s][info][gc,task     ] GC(201) Using 1 of 3 workers for concurrent reset
[176.425s][info][gc,ergo     ] GC(201) Pacer for Reset. Non-Taxable: 8192M
[176.426s][info][gc          ] GC(201) Concurrent reset 0.558ms
[176.426s][info][gc,start    ] GC(201) Pause Init Mark (unload classes)
[176.426s][info][gc,task     ] GC(201) Using 3 of 3 workers for init marking
[176.426s][info][gc,ergo     ] GC(201) Pacer for Mark. Expected Live: 10697K, Free: 5704M, Non-Taxable: 570M, Alloc Tax Rate: 0.0x
[176.426s][info][gc          ] GC(201) Pause Init Mark (unload classes) 0.156ms
[176.426s][info][gc,start    ] GC(201) Concurrent marking roots
[176.426s][info][gc,task     ] GC(201) Using 1 of 3 workers for concurrent marking roots
[176.427s][info][gc          ] GC(201) Concurrent marking roots 0.477ms
[176.427s][info][gc,start    ] GC(201) Concurrent marking (unload classes)
[176.427s][info][gc,task     ] GC(201) Using 1 of 3 workers for concurrent marking
[176.440s][info][gc          ] GC(201) Concurrent marking (unload classes) 12.680ms
[176.440s][info][gc,start    ] GC(201) Pause Final Mark (unload classes)
[176.440s][info][gc,task     ] GC(201) Using 3 of 3 workers for final marking
[176.440s][info][gc,ergo     ] GC(201) Collectable Garbage: 1960M (94%), Immediate: 1960M (94%), CSet: 0B (0%)
[176.440s][info][gc          ] GC(201) Pause Final Mark (unload classes) 0.232ms
[176.440s][info][gc,start    ] GC(201) Concurrent weak references
[176.440s][info][gc,task     ] GC(201) Using 1 of 3 workers for concurrent weak references
[176.440s][info][gc,ref      ] GC(201) Encountered references: Soft: 144, Weak: 702, Final: 0, Phantom: 27
[176.440s][info][gc,ref      ] GC(201) Discovered  references: Soft: 0, Weak: 150, Final: 0, Phantom: 25
[176.440s][info][gc,ref      ] GC(201) Enqueued    references: Soft: 0, Weak: 0, Final: 0, Phantom: 0
[176.440s][info][gc          ] GC(201) Concurrent weak references 0.114ms
[176.440s][info][gc,start    ] GC(201) Concurrent weak roots
[176.440s][info][gc,task     ] GC(201) Using 1 of 3 workers for concurrent weak root
[176.441s][info][gc          ] GC(201) Concurrent weak roots 0.755ms
[176.441s][info][gc,start    ] GC(201) Concurrent cleanup
[176.441s][info][gc          ] GC(201) Concurrent cleanup 2107M->147M(8192M) 0.050ms
[176.441s][info][gc,ergo     ] GC(201) Free: 7632M, Max: 4096K regular, 5672M humongous, Frag: 26% external, 0% internal; Reserve: 412M, Max: 4096K
[176.441s][info][gc,start    ] GC(201) Concurrent class unloading
[176.441s][info][gc,task     ] GC(201) Using 1 of 3 workers for concurrent class unloading
[176.443s][info][gc          ] GC(201) Concurrent class unloading 1.947ms
[176.443s][info][gc,start    ] GC(201) Pause Final Roots
[176.443s][info][gc          ] GC(201) Pause Final Roots 0.024ms
[176.443s][info][gc,ergo     ] Free: 7628M, Max: 4096K regular, 5672M humongous, Frag: 26% external, 0% internal; Reserve: 412M, Max: 4096K
[176.443s][info][gc,stats    ] 
[176.443s][info][gc,stats    ] All times are wall-clock times, except per-root-class counters, that are sum over
[176.443s][info][gc,stats    ] all workers. Dividing the <total> over the root stage time estimates parallelism.
[176.443s][info][gc,stats    ] 
[176.443s][info][gc,stats    ] Concurrent Reset                    623 us
[176.443s][info][gc,stats    ] Pause Init Mark (G)                 338 us
[176.443s][info][gc,stats    ] Pause Init Mark (N)                 173 us
[176.443s][info][gc,stats    ]   Update Region States               70 us
[176.443s][info][gc,stats    ] Concurrent Mark Roots               514 us, parallelism: 0.69x
[176.443s][info][gc,stats    ]   CMR: <total>                      357 us
[176.443s][info][gc,stats    ]   CMR: Thread Roots                 317 us, workers (us): 317, ---, ---, 
[176.443s][info][gc,stats    ]   CMR: VM Strong Roots                5 us, workers (us):   5, ---, ---, 
[176.443s][info][gc,stats    ]   CMR: CLDG Roots                    35 us, workers (us):  35, ---, ---, 
[176.443s][info][gc,stats    ] Concurrent Marking                12747 us
[176.443s][info][gc,stats    ] Pause Final Mark (G)                377 us
[176.443s][info][gc,stats    ] Pause Final Mark (N)                249 us
[176.443s][info][gc,stats    ]   Finish Mark                        58 us
[176.443s][info][gc,stats    ]   Update Region States               49 us
[176.444s][info][gc,stats    ]   Choose Collection Set              46 us
[176.444s][info][gc,stats    ]   Rebuild Free Set                   16 us
[176.444s][info][gc,stats    ] Concurrent Weak References          121 us, parallelism: 0.06x
[176.444s][info][gc,stats    ]   CWRF: <total>                       8 us
[176.444s][info][gc,stats    ]   CWRF: Weak References               8 us, workers (us):   8, ---, ---, 
[176.444s][info][gc,stats    ] Concurrent Weak Roots               777 us
[176.444s][info][gc,stats    ]   Roots                             645 us, parallelism: 0.94x
[176.444s][info][gc,stats    ]     CWR: <total>                    605 us
[176.444s][info][gc,stats    ]     CWR: Code Cache Roots           485 us, workers (us): 485, ---, ---, 
[176.444s][info][gc,stats    ]     CWR: VM Weak Roots              113 us, workers (us): 113, ---, ---, 
[176.444s][info][gc,stats    ]     CWR: CLDG Roots                   7 us, workers (us):   7, ---, ---, 
[176.444s][info][gc,stats    ]   Rendezvous                         95 us
[176.444s][info][gc,stats    ] Concurrent Cleanup                   59 us
[176.444s][info][gc,stats    ] Concurrent Class Unloading         1996 us
[176.444s][info][gc,stats    ]   Unlink Stale                     1785 us
[176.444s][info][gc,stats    ]     System Dictionary                 4 us
[176.444s][info][gc,stats    ]     Weak Class Links                  0 us
[176.444s][info][gc,stats    ]     Code Roots                     1779 us
[176.444s][info][gc,stats    ]   Rendezvous                         56 us
[176.444s][info][gc,stats    ]   Purge Unlinked                     90 us
[176.444s][info][gc,stats    ]     Code Roots                       85 us
[176.444s][info][gc,stats    ]     CLDG                              4 us
[176.444s][info][gc,stats    ]     Exception Caches                  0 us
[176.444s][info][gc,stats    ] Pause Final Roots (G)               133 us
[176.444s][info][gc,stats    ] Pause Final Roots (N)                33 us
[176.444s][info][gc,stats    ] 
[176.444s][info][gc,stats    ] Allocation pacing accrued:
[176.444s][info][gc,stats    ]       0 of   935 ms (  0.0%): <total>
[176.444s][info][gc,stats    ]       0 of   935 ms (  0.0%): <average total>
[176.444s][info][gc,stats    ] 
[176.444s][info][gc,metaspace] Metaspace: 9040K(9280K)->9040K(9280K) NonClass: 7868K(8000K)->7868K(8000K) Class: 1171K(1280K)->1171K(1280K)
[176.444s][info][gc,ergo     ] Pacer for Idle. Initial: 163M, Alloc Tax Rate: 1.0x
[177.321s][info][gc          ] Trigger: Learning 3 of 5. Free (5716M) is below initial threshold (5734M)
[177.321s][info][gc,ergo     ] Free: 5716M, Max: 4096K regular, 5672M humongous, Frag: 1% external, 0% internal; Reserve: 412M, Max: 4096K
[177.322s][info][gc,start    ] GC(202) Concurrent reset
[177.322s][info][gc,task     ] GC(202) Using 1 of 3 workers for concurrent reset
[177.322s][info][gc,ergo     ] GC(202) Pacer for Reset. Non-Taxable: 8192M
[177.322s][info][gc          ] GC(202) Concurrent reset 0.607ms
[177.322s][info][gc,start    ] GC(202) Pause Init Mark (unload classes)
[177.322s][info][gc,task     ] GC(202) Using 3 of 3 workers for init marking
[177.322s][info][gc,ergo     ] GC(202) Pacer for Mark. Expected Live: 11997K, Free: 5716M, Non-Taxable: 571M, Alloc Tax Rate: 0.0x
[177.322s][info][gc          ] GC(202) Pause Init Mark (unload classes) 0.178ms
[177.322s][info][gc,start    ] GC(202) Concurrent marking roots
[177.323s][info][gc,task     ] GC(202) Using 1 of 3 workers for concurrent marking roots
[177.323s][info][gc          ] GC(202) Concurrent marking roots 0.446ms
[177.323s][info][gc,start    ] GC(202) Concurrent marking (unload classes)
[177.323s][info][gc,task     ] GC(202) Using 1 of 3 workers for concurrent marking
[177.344s][info][gc          ] GC(202) Concurrent marking (unload classes) 21.351ms
[177.344s][info][gc,start    ] GC(202) Pause Final Mark (unload classes)
[177.344s][info][gc,task     ] GC(202) Using 3 of 3 workers for final marking
[177.345s][info][gc,ergo     ] GC(202) Collectable Garbage: 1927M (94%), Immediate: 1927M (94%), CSet: 0B (0%)
[177.345s][info][gc          ] GC(202) Pause Final Mark (unload classes) 0.333ms
[177.345s][info][gc,start    ] GC(202) Concurrent weak references
[177.345s][info][gc,task     ] GC(202) Using 1 of 3 workers for concurrent weak references
[177.345s][info][gc,ref      ] GC(202) Encountered references: Soft: 144, Weak: 702, Final: 0, Phantom: 27
[177.345s][info][gc,ref      ] GC(202) Discovered  references: Soft: 0, Weak: 150, Final: 0, Phantom: 12
[177.345s][info][gc,ref      ] GC(202) Enqueued    references: Soft: 0, Weak: 0, Final: 0, Phantom: 0
[177.345s][info][gc          ] GC(202) Concurrent weak references 0.144ms
[177.345s][info][gc,start    ] GC(202) Concurrent weak roots
[177.345s][info][gc,task     ] GC(202) Using 1 of 3 workers for concurrent weak root
[177.346s][info][gc          ] GC(202) Concurrent weak roots 0.595ms
[177.346s][info][gc,start    ] GC(202) Concurrent cleanup
[177.346s][info][gc          ] GC(202) Concurrent cleanup 2111M->183M(8192M) 0.042ms
[177.346s][info][gc,ergo     ] GC(202) Free: 7596M, Max: 4096K regular, 5668M humongous, Frag: 26% external, 0% internal; Reserve: 412M, Max: 4096K
[177.346s][info][gc,start    ] GC(202) Concurrent class unloading
[177.346s][info][gc,task     ] GC(202) Using 1 of 3 workers for concurrent class unloading
[177.348s][info][gc          ] GC(202) Concurrent class unloading 1.978ms
[177.348s][info][gc,start    ] GC(202) Pause Final Roots
[177.348s][info][gc          ] GC(202) Pause Final Roots 0.019ms
[177.348s][info][gc,ergo     ] Free: 7588M, Max: 4096K regular, 5668M humongous, Frag: 26% external, 0% internal; Reserve: 412M, Max: 4096K
[177.348s][info][gc,stats    ] 
[177.348s][info][gc,stats    ] All times are wall-clock times, except per-root-class counters, that are sum over
[177.348s][info][gc,stats    ] all workers. Dividing the <total> over the root stage time estimates parallelism.
[177.348s][info][gc,stats    ] 
[177.348s][info][gc,stats    ] Concurrent Reset                    654 us
[177.348s][info][gc,stats    ] Pause Init Mark (G)                 322 us
[177.348s][info][gc,stats    ] Pause Init Mark (N)                 195 us
[177.348s][info][gc,stats    ]   Update Region States               75 us
[177.348s][info][gc,stats    ] Concurrent Mark Roots               467 us, parallelism: 0.77x
[177.348s][info][gc,stats    ]   CMR: <total>                      359 us
[177.348s][info][gc,stats    ]   CMR: Thread Roots                 319 us, workers (us): 319, ---, ---, 
[177.348s][info][gc,stats    ]   CMR: VM Strong Roots                5 us, workers (us):   5, ---, ---, 
[177.348s][info][gc,stats    ]   CMR: CLDG Roots                    35 us, workers (us):  35, ---, ---, 
[177.348s][info][gc,stats    ] Concurrent Marking                21418 us
[177.348s][info][gc,stats    ] Pause Final Mark (G)                498 us
[177.348s][info][gc,stats    ] Pause Final Mark (N)                352 us
[177.348s][info][gc,stats    ]   Finish Mark                       111 us
[177.348s][info][gc,stats    ]   Update Region States               71 us
[177.348s][info][gc,stats    ]   Choose Collection Set              62 us
[177.348s][info][gc,stats    ]   Rebuild Free Set                   17 us
[177.348s][info][gc,stats    ] Concurrent Weak References          152 us, parallelism: 0.05x
[177.348s][info][gc,stats    ]   CWRF: <total>                       7 us
[177.348s][info][gc,stats    ]   CWRF: Weak References               7 us, workers (us):   7, ---, ---, 
[177.348s][info][gc,stats    ] Concurrent Weak Roots               615 us
[177.348s][info][gc,stats    ]   Roots                             485 us, parallelism: 0.89x
[177.348s][info][gc,stats    ]     CWR: <total>                    432 us
[177.348s][info][gc,stats    ]     CWR: Code Cache Roots           362 us, workers (us): 362, ---, ---, 
[177.348s][info][gc,stats    ]     CWR: VM Weak Roots               64 us, workers (us):  64, ---, ---, 
[177.348s][info][gc,stats    ]     CWR: CLDG Roots                   5 us, workers (us):   5, ---, ---, 
[177.348s][info][gc,stats    ]   Rendezvous                         95 us
[177.348s][info][gc,stats    ] Concurrent Cleanup                   50 us
[177.348s][info][gc,stats    ] Concurrent Class Unloading         2016 us
[177.348s][info][gc,stats    ]   Unlink Stale                     1770 us
[177.348s][info][gc,stats    ]     System Dictionary                 3 us
[177.348s][info][gc,stats    ]     Weak Class Links                  0 us
[177.348s][info][gc,stats    ]     Code Roots                     1766 us
[177.348s][info][gc,stats    ]   Rendezvous                         56 us
[177.348s][info][gc,stats    ]   Purge Unlinked                    131 us
[177.348s][info][gc,stats    ]     Code Roots                      126 us
[177.348s][info][gc,stats    ]     CLDG                              5 us
[177.348s][info][gc,stats    ]     Exception Caches                  0 us
[177.348s][info][gc,stats    ] Pause Final Roots (G)                94 us
[177.349s][info][gc,stats    ] Pause Final Roots (N)                27 us
[177.349s][info][gc,stats    ] 
[177.349s][info][gc,stats    ] Allocation pacing accrued:
[177.349s][info][gc,stats    ]       0 of   905 ms (  0.0%): <total>
[177.349s][info][gc,stats    ]       0 of   905 ms (  0.0%): <average total>
[177.349s][info][gc,stats    ] 
[177.349s][info][gc,metaspace] Metaspace: 9040K(9280K)->9040K(9280K) NonClass: 7868K(8000K)->7868K(8000K) Class: 1171K(1280K)->1171K(1280K)
[177.349s][info][gc,ergo     ] Pacer for Idle. Initial: 163M, Alloc Tax Rate: 1.0x
[178.247s][info][gc          ] Trigger: Learning 4 of 5. Free (5712M) is below initial threshold (5734M)
[178.247s][info][gc,ergo     ] Free: 5712M, Max: 4096K regular, 5668M humongous, Frag: 1% external, 0% internal; Reserve: 412M, Max: 4096K
[178.247s][info][gc,start    ] GC(203) Concurrent reset
[178.248s][info][gc,task     ] GC(203) Using 1 of 3 workers for concurrent reset
[178.248s][info][gc,ergo     ] GC(203) Pacer for Reset. Non-Taxable: 8192M
[178.248s][info][gc          ] GC(203) Concurrent reset 0.845ms
[178.248s][info][gc,start    ] GC(203) Pause Init Mark (unload classes)
[178.249s][info][gc,task     ] GC(203) Using 3 of 3 workers for init marking
[178.249s][info][gc,ergo     ] GC(203) Pacer for Mark. Expected Live: 13215K, Free: 5712M, Non-Taxable: 571M, Alloc Tax Rate: 0.0x
[178.249s][info][gc          ] GC(203) Pause Init Mark (unload classes) 0.225ms
[178.249s][info][gc,start    ] GC(203) Concurrent marking roots
[178.249s][info][gc,task     ] GC(203) Using 1 of 3 workers for concurrent marking roots
[178.250s][info][gc          ] GC(203) Concurrent marking roots 0.855ms
[178.250s][info][gc,start    ] GC(203) Concurrent marking (unload classes)
[178.250s][info][gc,task     ] GC(203) Using 1 of 3 workers for concurrent marking
[178.279s][info][gc          ] GC(203) Concurrent marking (unload classes) 29.695ms
[178.280s][info][gc,start    ] GC(203) Pause Final Mark (unload classes)
[178.280s][info][gc,task     ] GC(203) Using 3 of 3 workers for final marking
[178.280s][info][gc,ergo     ] GC(203) Collectable Garbage: 1943M (95%), Immediate: 1943M (95%), CSet: 0B (0%)
[178.280s][info][gc          ] GC(203) Pause Final Mark (unload classes) 0.325ms
[178.280s][info][gc,start    ] GC(203) Concurrent weak references
[178.280s][info][gc,task     ] GC(203) Using 1 of 3 workers for concurrent weak references
[178.280s][info][gc,ref      ] GC(203) Encountered references: Soft: 144, Weak: 702, Final: 0, Phantom: 27
[178.280s][info][gc,ref      ] GC(203) Discovered  references: Soft: 0, Weak: 150, Final: 0, Phantom: 12
[178.280s][info][gc,ref      ] GC(203) Enqueued    references: Soft: 0, Weak: 0, Final: 0, Phantom: 0
[178.280s][info][gc          ] GC(203) Concurrent weak references 0.194ms
[178.280s][info][gc,start    ] GC(203) Concurrent weak roots
[178.280s][info][gc,task     ] GC(203) Using 1 of 3 workers for concurrent weak root
[178.281s][info][gc          ] GC(203) Concurrent weak roots 0.596ms
[178.281s][info][gc,start    ] GC(203) Concurrent cleanup
[178.281s][info][gc          ] GC(203) Concurrent cleanup 2135M->191M(8192M) 0.042ms
[178.281s][info][gc,ergo     ] GC(203) Free: 7588M, Max: 4096K regular, 5644M humongous, Frag: 26% external, 0% internal; Reserve: 412M, Max: 4096K
[178.281s][info][gc,start    ] GC(203) Concurrent class unloading
[178.281s][info][gc,task     ] GC(203) Using 1 of 3 workers for concurrent class unloading
[178.283s][info][gc          ] GC(203) Concurrent class unloading 2.306ms
[178.283s][info][gc,start    ] GC(203) Pause Final Roots
[178.283s][info][gc          ] GC(203) Pause Final Roots 0.039ms
[178.283s][info][gc,ergo     ] Free: 7584M, Max: 4096K regular, 5644M humongous, Frag: 26% external, 0% internal; Reserve: 412M, Max: 4096K
[178.283s][info][gc,stats    ] 
[178.283s][info][gc,stats    ] All times are wall-clock times, except per-root-class counters, that are sum over
[178.284s][info][gc,stats    ] all workers. Dividing the <total> over the root stage time estimates parallelism.
[178.284s][info][gc,stats    ] 
[178.284s][info][gc,stats    ] Concurrent Reset                    919 us
[178.284s][info][gc,stats    ] Pause Init Mark (G)                 399 us
[178.284s][info][gc,stats    ] Pause Init Mark (N)                 243 us
[178.284s][info][gc,stats    ]   Update Region States              118 us
[178.284s][info][gc,stats    ] Concurrent Mark Roots               875 us, parallelism: 0.78x
[178.284s][info][gc,stats    ]   CMR: <total>                      679 us
[178.284s][info][gc,stats    ]   CMR: Thread Roots                 590 us, workers (us): 590, ---, ---, 
[178.284s][info][gc,stats    ]   CMR: VM Strong Roots               10 us, workers (us):  10, ---, ---, 
[178.284s][info][gc,stats    ]   CMR: CLDG Roots                    79 us, workers (us):  79, ---, ---, 
[178.284s][info][gc,stats    ] Concurrent Marking                29763 us
[178.284s][info][gc,stats    ] Pause Final Mark (G)                492 us
[178.284s][info][gc,stats    ] Pause Final Mark (N)                344 us
[178.284s][info][gc,stats    ]   Finish Mark                       102 us
[178.284s][info][gc,stats    ]   Update Region States               65 us
[178.284s][info][gc,stats    ]   Choose Collection Set              63 us
[178.284s][info][gc,stats    ]   Rebuild Free Set                   17 us
[178.284s][info][gc,stats    ] Concurrent Weak References          210 us, parallelism: 0.04x
[178.284s][info][gc,stats    ]   CWRF: <total>                       7 us
[178.284s][info][gc,stats    ]   CWRF: Weak References               7 us, workers (us):   7, ---, ---, 
[178.284s][info][gc,stats    ] Concurrent Weak Roots               615 us
[178.284s][info][gc,stats    ]   Roots                             482 us, parallelism: 0.88x
[178.284s][info][gc,stats    ]     CWR: <total>                    422 us
[178.284s][info][gc,stats    ]     CWR: Code Cache Roots           353 us, workers (us): 353, ---, ---, 
[178.284s][info][gc,stats    ]     CWR: VM Weak Roots               64 us, workers (us):  64, ---, ---, 
[178.284s][info][gc,stats    ]     CWR: CLDG Roots                   5 us, workers (us):   5, ---, ---, 
[178.284s][info][gc,stats    ]   Rendezvous                         82 us
[178.284s][info][gc,stats    ] Concurrent Cleanup                   50 us
[178.284s][info][gc,stats    ] Concurrent Class Unloading         2352 us
[178.284s][info][gc,stats    ]   Unlink Stale                     2028 us
[178.284s][info][gc,stats    ]     System Dictionary                 3 us
[178.284s][info][gc,stats    ]     Weak Class Links                  0 us
[178.284s][info][gc,stats    ]     Code Roots                     2024 us
[178.284s][info][gc,stats    ]   Rendezvous                        103 us
[178.284s][info][gc,stats    ]   Purge Unlinked                    156 us
[178.284s][info][gc,stats    ]     Code Roots                      148 us
[178.284s][info][gc,stats    ]     CLDG                              8 us
[178.284s][info][gc,stats    ]     Exception Caches                  0 us
[178.284s][info][gc,stats    ] Pause Final Roots (G)               192 us
[178.284s][info][gc,stats    ] Pause Final Roots (N)                57 us
[178.284s][info][gc,stats    ] 
[178.284s][info][gc,stats    ] Allocation pacing accrued:
[178.284s][info][gc,stats    ]       0 of   935 ms (  0.0%): <total>
[178.284s][info][gc,stats    ]       0 of   935 ms (  0.0%): <average total>
[178.284s][info][gc,stats    ] 
[178.284s][info][gc,metaspace] Metaspace: 9040K(9280K)->9040K(9280K) NonClass: 7868K(8000K)->7868K(8000K) Class: 1171K(1280K)->1171K(1280K)
[178.284s][info][gc,ergo     ] Pacer for Idle. Initial: 163M, Alloc Tax Rate: 1.0x
[178.985s][info][gc          ] Trigger: Explicit GC request (System.gc())
[178.985s][info][gc,ergo     ] Free: 6724M, Max: 4096K regular, 5644M humongous, Frag: 17% external, 0% internal; Reserve: 412M, Max: 4096K
[178.985s][info][gc,start    ] GC(204) Concurrent reset
[178.985s][info][gc,task     ] GC(204) Using 1 of 3 workers for concurrent reset
[178.985s][info][gc,ergo     ] GC(204) Pacer for Reset. Non-Taxable: 8192M
[178.986s][info][gc          ] GC(204) Concurrent reset 1.010ms
[178.986s][info][gc,start    ] GC(204) Pause Init Mark (unload classes)
[178.986s][info][gc,task     ] GC(204) Using 3 of 3 workers for init marking
[178.987s][info][gc,ref      ] GC(204) Clearing All SoftReferences
[178.987s][info][gc,ergo     ] GC(204) Pacer for Mark. Expected Live: 14488K, Free: 6724M, Non-Taxable: 672M, Alloc Tax Rate: 0.0x
[178.987s][info][gc          ] GC(204) Pause Init Mark (unload classes) 0.132ms
[178.987s][info][gc,start    ] GC(204) Concurrent marking roots
[178.987s][info][gc,task     ] GC(204) Using 1 of 3 workers for concurrent marking roots
[178.987s][info][gc          ] GC(204) Concurrent marking roots 0.582ms
[178.987s][info][gc,start    ] GC(204) Concurrent marking (unload classes)
[178.987s][info][gc,task     ] GC(204) Using 1 of 3 workers for concurrent marking
[178.991s][info][gc          ] GC(204) Concurrent marking (unload classes) 3.849ms
[178.991s][info][gc,start    ] GC(204) Pause Final Mark (unload classes)
[178.991s][info][gc,task     ] GC(204) Using 3 of 3 workers for final marking
[178.991s][info][gc,ergo     ] GC(204) Collectable Garbage: 979M (93%), Immediate: 979M (93%), CSet: 0B (0%)
[178.991s][info][gc          ] GC(204) Pause Final Mark (unload classes) 0.207ms
[178.991s][info][gc,start    ] GC(204) Concurrent weak references
[178.991s][info][gc,task     ] GC(204) Using 1 of 3 workers for concurrent weak references
[178.992s][info][gc,ref      ] GC(204) Encountered references: Soft: 144, Weak: 702, Final: 0, Phantom: 27
[178.992s][info][gc,ref      ] GC(204) Discovered  references: Soft: 89, Weak: 168, Final: 0, Phantom: 25
[178.992s][info][gc,ref      ] GC(204) Enqueued    references: Soft: 3, Weak: 0, Final: 0, Phantom: 0
[178.992s][info][gc          ] GC(204) Concurrent weak references 0.168ms
[178.992s][info][gc,start    ] GC(204) Concurrent weak roots
[178.992s][info][gc,task     ] GC(204) Using 1 of 3 workers for concurrent weak root
[178.992s][info][gc          ] GC(204) Concurrent weak roots 0.569ms
[178.992s][info][gc,start    ] GC(204) Concurrent cleanup
[178.992s][info][gc          ] GC(204) Concurrent cleanup 1055M->75M(8192M) 0.036ms
[178.992s][info][gc,ergo     ] GC(204) Free: 7704M, Max: 4096K regular, 6828M humongous, Frag: 12% external, 0% internal; Reserve: 412M, Max: 4096K
[178.992s][info][gc,start    ] GC(204) Concurrent class unloading
[178.992s][info][gc,task     ] GC(204) Using 1 of 3 workers for concurrent class unloading
[178.995s][info][gc          ] GC(204) Concurrent class unloading 2.354ms
[178.995s][info][gc,start    ] GC(204) Pause Final Roots
[178.995s][info][gc          ] GC(204) Pause Final Roots 0.040ms
[178.995s][info][gc,ergo     ] Free: 7704M, Max: 4096K regular, 6828M humongous, Frag: 12% external, 0% internal; Reserve: 412M, Max: 4096K
[178.995s][info][gc,stats    ] 
[178.995s][info][gc,stats    ] All times are wall-clock times, except per-root-class counters, that are sum over
[178.995s][info][gc,stats    ] all workers. Dividing the <total> over the root stage time estimates parallelism.
[178.995s][info][gc,stats    ] 
[178.995s][info][gc,stats    ] Concurrent Reset                   1062 us
[178.995s][info][gc,stats    ] Pause Init Mark (G)                 211 us
[178.995s][info][gc,stats    ] Pause Init Mark (N)                 140 us
[178.995s][info][gc,stats    ]   Update Region States               66 us
[178.995s][info][gc,stats    ] Concurrent Mark Roots               602 us, parallelism: 0.79x
[178.995s][info][gc,stats    ]   CMR: <total>                      473 us
[178.995s][info][gc,stats    ]   CMR: Thread Roots                 402 us, workers (us): 402, ---, ---, 
[178.995s][info][gc,stats    ]   CMR: VM Strong Roots                7 us, workers (us):   7, ---, ---, 
[178.995s][info][gc,stats    ]   CMR: CLDG Roots                    64 us, workers (us):  64, ---, ---, 
[178.995s][info][gc,stats    ] Concurrent Marking                 3914 us
[178.995s][info][gc,stats    ] Pause Final Mark (G)                288 us
[178.995s][info][gc,stats    ] Pause Final Mark (N)                216 us
[178.995s][info][gc,stats    ]   Finish Mark                        79 us
[178.995s][info][gc,stats    ]   Update Region States               55 us
[178.995s][info][gc,stats    ]   Choose Collection Set              33 us
[178.995s][info][gc,stats    ]   Rebuild Free Set                    9 us
[178.995s][info][gc,stats    ] Concurrent Weak References          185 us, parallelism: 0.05x
[178.995s][info][gc,stats    ]   CWRF: <total>                       9 us
[178.995s][info][gc,stats    ]   CWRF: Weak References               9 us, workers (us):   9, ---, ---, 
[178.995s][info][gc,stats    ] Concurrent Weak Roots               587 us
[178.995s][info][gc,stats    ]   Roots                             439 us, parallelism: 0.86x
[178.995s][info][gc,stats    ]     CWR: <total>                    378 us
[178.995s][info][gc,stats    ]     CWR: Code Cache Roots           309 us, workers (us): 309, ---, ---, 
[178.995s][info][gc,stats    ]     CWR: VM Weak Roots               63 us, workers (us):  63, ---, ---, 
[178.995s][info][gc,stats    ]     CWR: CLDG Roots                   5 us, workers (us):   5, ---, ---, 
[178.995s][info][gc,stats    ]   Rendezvous                         98 us
[178.995s][info][gc,stats    ] Concurrent Cleanup                   44 us
[178.995s][info][gc,stats    ] Concurrent Class Unloading         2404 us
[178.995s][info][gc,stats    ]   Unlink Stale                     2068 us
[178.995s][info][gc,stats    ]     System Dictionary                 3 us
[178.995s][info][gc,stats    ]     Weak Class Links                  0 us
[178.995s][info][gc,stats    ]     Code Roots                     2064 us
[178.995s][info][gc,stats    ]   Rendezvous                        148 us
[178.995s][info][gc,stats    ]   Purge Unlinked                    120 us
[178.995s][info][gc,stats    ]     Code Roots                      111 us
[178.995s][info][gc,stats    ]     CLDG                              8 us
[178.995s][info][gc,stats    ]     Exception Caches                  0 us
[178.995s][info][gc,stats    ] Pause Final Roots (G)               149 us
[178.995s][info][gc,stats    ] Pause Final Roots (N)                57 us
[178.995s][info][gc,stats    ] 
[178.995s][info][gc,stats    ] Allocation pacing accrued:
[178.995s][info][gc,stats    ]       0 of   711 ms (  0.0%): <total>
[178.995s][info][gc,stats    ]       0 of   711 ms (  0.0%): <average total>
[178.995s][info][gc,stats    ] 
[178.995s][info][gc,metaspace] Metaspace: 9040K(9280K)->9041K(9280K) NonClass: 7868K(8000K)->7869K(8000K) Class: 1171K(1280K)->1171K(1280K)
[178.995s][info][gc,ergo     ] Pacer for Idle. Initial: 163M, Alloc Tax Rate: 1.0x
[179.911s][info][gc          ] Trigger: Learning 2 of 5. Free (5704M) is below initial threshold (5734M)
[179.911s][info][gc,ergo     ] Free: 5704M, Max: 4096K regular, 5704M humongous, Frag: 0% external, 0% internal; Reserve: 412M, Max: 4096K
[179.911s][info][gc,start    ] GC(205) Concurrent reset
[179.911s][info][gc,task     ] GC(205) Using 1 of 3 workers for concurrent reset
[179.911s][info][gc,ergo     ] GC(205) Pacer for Reset. Non-Taxable: 8192M
[179.912s][info][gc          ] GC(205) Concurrent reset 0.692ms
[179.912s][info][gc,start    ] GC(205) Pause Init Mark (unload classes)
[179.912s][info][gc,task     ] GC(205) Using 3 of 3 workers for init marking
[179.912s][info][gc,ergo     ] GC(205) Pacer for Mark. Expected Live: 10702K, Free: 5704M, Non-Taxable: 570M, Alloc Tax Rate: 0.0x
[179.912s][info][gc          ] GC(205) Pause Init Mark (unload classes) 0.180ms
[179.912s][info][gc,start    ] GC(205) Concurrent marking roots
[179.912s][info][gc,task     ] GC(205) Using 1 of 3 workers for concurrent marking roots
[179.913s][info][gc          ] GC(205) Concurrent marking roots 0.458ms
[179.913s][info][gc,start    ] GC(205) Concurrent marking (unload classes)
[179.913s][info][gc,task     ] GC(205) Using 1 of 3 workers for concurrent marking
[179.925s][info][gc          ] GC(205) Concurrent marking (unload classes) 12.700ms
[179.926s][info][gc,start    ] GC(205) Pause Final Mark (unload classes)
[179.926s][info][gc,task     ] GC(205) Using 3 of 3 workers for final marking
[179.926s][info][gc,ergo     ] GC(205) Collectable Garbage: 1960M (94%), Immediate: 1960M (94%), CSet: 0B (0%)
[179.926s][info][gc          ] GC(205) Pause Final Mark (unload classes) 0.345ms
[179.926s][info][gc,start    ] GC(205) Concurrent weak references
[179.926s][info][gc,task     ] GC(205) Using 1 of 3 workers for concurrent weak references
[179.926s][info][gc,ref      ] GC(205) Encountered references: Soft: 144, Weak: 702, Final: 0, Phantom: 27
[179.926s][info][gc,ref      ] GC(205) Discovered  references: Soft: 0, Weak: 150, Final: 0, Phantom: 12
[179.926s][info][gc,ref      ] GC(205) Enqueued    references: Soft: 0, Weak: 0, Final: 0, Phantom: 0
[179.926s][info][gc          ] GC(205) Concurrent weak references 0.140ms
[179.926s][info][gc,start    ] GC(205) Concurrent weak roots
[179.926s][info][gc,task     ] GC(205) Using 1 of 3 workers for concurrent weak root
[179.927s][info][gc          ] GC(205) Concurrent weak roots 0.589ms
[179.927s][info][gc,start    ] GC(205) Concurrent cleanup
[179.927s][info][gc          ] GC(205) Concurrent cleanup 2107M->147M(8192M) 0.045ms
[179.927s][info][gc,ergo     ] GC(205) Free: 7632M, Max: 4096K regular, 5672M humongous, Frag: 26% external, 0% internal; Reserve: 412M, Max: 4096K
[179.927s][info][gc,start    ] GC(205) Concurrent class unloading
[179.927s][info][gc,task     ] GC(205) Using 1 of 3 workers for concurrent class unloading
[179.929s][info][gc          ] GC(205) Concurrent class unloading 1.970ms
[179.929s][info][gc,start    ] GC(205) Pause Final Roots
[179.929s][info][gc          ] GC(205) Pause Final Roots 0.024ms
[179.929s][info][gc,ergo     ] Free: 7628M, Max: 4096K regular, 5672M humongous, Frag: 26% external, 0% internal; Reserve: 412M, Max: 4096K
[179.929s][info][gc,stats    ] 
[179.929s][info][gc,stats    ] All times are wall-clock times, except per-root-class counters, that are sum over
[179.929s][info][gc,stats    ] all workers. Dividing the <total> over the root stage time estimates parallelism.
[179.929s][info][gc,stats    ] 
[179.929s][info][gc,stats    ] Concurrent Reset                    746 us
[179.929s][info][gc,stats    ] Pause Init Mark (G)                 371 us
[179.929s][info][gc,stats    ] Pause Init Mark (N)                 196 us
[179.929s][info][gc,stats    ]   Update Region States               76 us
[179.929s][info][gc,stats    ] Concurrent Mark Roots               478 us, parallelism: 0.70x
[179.929s][info][gc,stats    ]   CMR: <total>                      332 us
[179.929s][info][gc,stats    ]   CMR: Thread Roots                 293 us, workers (us): 293, ---, ---, 
[179.929s][info][gc,stats    ]   CMR: VM Strong Roots                5 us, workers (us):   5, ---, ---, 
[179.929s][info][gc,stats    ]   CMR: CLDG Roots                    35 us, workers (us):  35, ---, ---, 
[179.929s][info][gc,stats    ] Concurrent Marking                12767 us
[179.929s][info][gc,stats    ] Pause Final Mark (G)                485 us
[179.929s][info][gc,stats    ] Pause Final Mark (N)                363 us
[179.929s][info][gc,stats    ]   Finish Mark                       106 us
[179.929s][info][gc,stats    ]   Update Region States               90 us
[179.929s][info][gc,stats    ]   Choose Collection Set              62 us
[179.929s][info][gc,stats    ]   Rebuild Free Set                   16 us
[179.929s][info][gc,stats    ] Concurrent Weak References          147 us, parallelism: 0.05x
[179.929s][info][gc,stats    ]   CWRF: <total>                       8 us
[179.929s][info][gc,stats    ]   CWRF: Weak References               8 us, workers (us):   8, ---, ---, 
[179.929s][info][gc,stats    ] Concurrent Weak Roots               611 us
[179.929s][info][gc,stats    ]   Roots                             501 us, parallelism: 0.89x
[179.929s][info][gc,stats    ]     CWR: <total>                    447 us
[179.929s][info][gc,stats    ]     CWR: Code Cache Roots           365 us, workers (us): 365, ---, ---, 
[179.929s][info][gc,stats    ]     CWR: VM Weak Roots               76 us, workers (us):  76, ---, ---, 
[179.930s][info][gc,stats    ]     CWR: CLDG Roots                   6 us, workers (us):   6, ---, ---, 
[179.930s][info][gc,stats    ]   Rendezvous                         73 us
[179.930s][info][gc,stats    ] Concurrent Cleanup                   53 us
[179.930s][info][gc,stats    ] Concurrent Class Unloading         2022 us
[179.930s][info][gc,stats    ]   Unlink Stale                     1776 us
[179.930s][info][gc,stats    ]     System Dictionary                 4 us
[179.930s][info][gc,stats    ]     Weak Class Links                  0 us
[179.930s][info][gc,stats    ]     Code Roots                     1771 us
[179.930s][info][gc,stats    ]   Rendezvous                         58 us
[179.930s][info][gc,stats    ]   Purge Unlinked                    118 us
[179.930s][info][gc,stats    ]     Code Roots                      109 us
[179.930s][info][gc,stats    ]     CLDG                              8 us
[179.930s][info][gc,stats    ]     Exception Caches                  0 us
[179.930s][info][gc,stats    ] Pause Final Roots (G)               132 us
[179.930s][info][gc,stats    ] Pause Final Roots (N)                32 us
[179.930s][info][gc,stats    ] 
[179.930s][info][gc,stats    ] Allocation pacing accrued:
[179.930s][info][gc,stats    ]       0 of   934 ms (  0.0%): <total>
[179.930s][info][gc,stats    ]       0 of   934 ms (  0.0%): <average total>
[179.930s][info][gc,stats    ] 
[179.930s][info][gc,metaspace] Metaspace: 9052K(9280K)->9052K(9280K) NonClass: 7880K(8000K)->7880K(8000K) Class: 1171K(1280K)->1171K(1280K)
[179.930s][info][gc,ergo     ] Pacer for Idle. Initial: 163M, Alloc Tax Rate: 1.0x
[180.806s][info][gc          ] Trigger: Learning 3 of 5. Free (5720M) is below initial threshold (5734M)
[180.806s][info][gc,ergo     ] Free: 5720M, Max: 4096K regular, 5672M humongous, Frag: 1% external, 0% internal; Reserve: 412M, Max: 4096K
[180.806s][info][gc,start    ] GC(206) Concurrent reset
[180.806s][info][gc,task     ] GC(206) Using 1 of 3 workers for concurrent reset
[180.806s][info][gc,ergo     ] GC(206) Pacer for Reset. Non-Taxable: 8192M
[180.807s][info][gc          ] GC(206) Concurrent reset 0.680ms
[180.807s][info][gc,start    ] GC(206) Pause Init Mark (unload classes)
[180.807s][info][gc,task     ] GC(206) Using 3 of 3 workers for init marking
[180.807s][info][gc,ergo     ] GC(206) Pacer for Mark. Expected Live: 12001K, Free: 5716M, Non-Taxable: 571M, Alloc Tax Rate: 0.0x
[180.807s][info][gc          ] GC(206) Pause Init Mark (unload classes) 0.163ms
[180.807s][info][gc,start    ] GC(206) Concurrent marking roots
[180.807s][info][gc,task     ] GC(206) Using 1 of 3 workers for concurrent marking roots
[180.807s][info][gc          ] GC(206) Concurrent marking roots 0.467ms
[180.807s][info][gc,start    ] GC(206) Concurrent marking (unload classes)
[180.807s][info][gc,task     ] GC(206) Using 1 of 3 workers for concurrent marking
[180.829s][info][gc          ] GC(206) Concurrent marking (unload classes) 21.066ms
[180.829s][info][gc,start    ] GC(206) Pause Final Mark (unload classes)
[180.829s][info][gc,task     ] GC(206) Using 3 of 3 workers for final marking
[180.829s][info][gc,ergo     ] GC(206) Collectable Garbage: 1924M (93%), Immediate: 1924M (93%), CSet: 0B (0%)
[180.829s][info][gc          ] GC(206) Pause Final Mark (unload classes) 0.351ms
[180.829s][info][gc,start    ] GC(206) Concurrent weak references
[180.829s][info][gc,task     ] GC(206) Using 1 of 3 workers for concurrent weak references
[180.829s][info][gc,ref      ] GC(206) Encountered references: Soft: 144, Weak: 702, Final: 0, Phantom: 27
[180.829s][info][gc,ref      ] GC(206) Discovered  references: Soft: 0, Weak: 150, Final: 0, Phantom: 12
[180.829s][info][gc,ref      ] GC(206) Enqueued    references: Soft: 0, Weak: 0, Final: 0, Phantom: 0
[180.829s][info][gc          ] GC(206) Concurrent weak references 0.198ms
[180.829s][info][gc,start    ] GC(206) Concurrent weak roots
[180.829s][info][gc,task     ] GC(206) Using 1 of 3 workers for concurrent weak root
[180.830s][info][gc          ] GC(206) Concurrent weak roots 0.679ms
[180.830s][info][gc,start    ] GC(206) Concurrent cleanup
[180.830s][info][gc          ] GC(206) Concurrent cleanup 2111M->187M(8192M) 0.042ms
[180.830s][info][gc,ergo     ] GC(206) Free: 7592M, Max: 4096K regular, 5668M humongous, Frag: 26% external, 0% internal; Reserve: 412M, Max: 4096K
[180.830s][info][gc,start    ] GC(206) Concurrent class unloading
[180.830s][info][gc,task     ] GC(206) Using 1 of 3 workers for concurrent class unloading
[180.832s][info][gc          ] GC(206) Concurrent class unloading 2.167ms
[180.832s][info][gc,start    ] GC(206) Pause Final Roots
[180.832s][info][gc          ] GC(206) Pause Final Roots 0.041ms
[180.833s][info][gc,ergo     ] Free: 7584M, Max: 4096K regular, 5668M humongous, Frag: 26% external, 0% internal; Reserve: 412M, Max: 4096K
[180.833s][info][gc,stats    ] 
[180.833s][info][gc,stats    ] All times are wall-clock times, except per-root-class counters, that are sum over
[180.833s][info][gc,stats    ] all workers. Dividing the <total> over the root stage time estimates parallelism.
[180.833s][info][gc,stats    ] 
[180.833s][info][gc,stats    ] Concurrent Reset                    742 us
[180.833s][info][gc,stats    ] Pause Init Mark (G)                 348 us
[180.833s][info][gc,stats    ] Pause Init Mark (N)                 179 us
[180.833s][info][gc,stats    ]   Update Region States               76 us
[180.833s][info][gc,stats    ] Concurrent Mark Roots               503 us, parallelism: 0.68x
[180.833s][info][gc,stats    ]   CMR: <total>                      344 us
[180.833s][info][gc,stats    ]   CMR: Thread Roots                 300 us, workers (us): 300, ---, ---, 
[180.833s][info][gc,stats    ]   CMR: VM Strong Roots                5 us, workers (us):   5, ---, ---, 
[180.833s][info][gc,stats    ]   CMR: CLDG Roots                    38 us, workers (us):  38, ---, ---, 
[180.833s][info][gc,stats    ] Concurrent Marking                21134 us
[180.833s][info][gc,stats    ] Pause Final Mark (G)                513 us
[180.833s][info][gc,stats    ] Pause Final Mark (N)                371 us
[180.833s][info][gc,stats    ]   Finish Mark                       108 us
[180.833s][info][gc,stats    ]   Update Region States               90 us
[180.833s][info][gc,stats    ]   Choose Collection Set              64 us
[180.833s][info][gc,stats    ]   Rebuild Free Set                   17 us
[180.833s][info][gc,stats    ] Concurrent Weak References          215 us, parallelism: 0.02x
[180.833s][info][gc,stats    ]   CWRF: <total>                       5 us
[180.833s][info][gc,stats    ]   CWRF: Weak References               5 us, workers (us):   5, ---, ---, 
[180.833s][info][gc,stats    ] Concurrent Weak Roots               698 us
[180.833s][info][gc,stats    ]   Roots                             554 us, parallelism: 0.89x
[180.833s][info][gc,stats    ]     CWR: <total>                    495 us
[180.833s][info][gc,stats    ]     CWR: Code Cache Roots           424 us, workers (us): 424, ---, ---, 
[180.833s][info][gc,stats    ]     CWR: VM Weak Roots               66 us, workers (us):  66, ---, ---, 
[180.833s][info][gc,stats    ]     CWR: CLDG Roots                   5 us, workers (us):   5, ---, ---, 
[180.833s][info][gc,stats    ]   Rendezvous                         82 us
[180.833s][info][gc,stats    ] Concurrent Cleanup                   50 us
[180.833s][info][gc,stats    ] Concurrent Class Unloading         2215 us
[180.833s][info][gc,stats    ]   Unlink Stale                     1941 us
[180.833s][info][gc,stats    ]     System Dictionary                 3 us
[180.833s][info][gc,stats    ]     Weak Class Links                  0 us
[180.833s][info][gc,stats    ]     Code Roots                     1936 us
[180.833s][info][gc,stats    ]   Rendezvous                        102 us
[180.833s][info][gc,stats    ]   Purge Unlinked                    105 us
[180.833s][info][gc,stats    ]     Code Roots                       96 us
[180.833s][info][gc,stats    ]     CLDG                              8 us
[180.833s][info][gc,stats    ]     Exception Caches                  0 us
[180.833s][info][gc,stats    ] Pause Final Roots (G)               196 us
[180.833s][info][gc,stats    ] Pause Final Roots (N)                59 us
[180.833s][info][gc,stats    ] 
[180.833s][info][gc,stats    ] Allocation pacing accrued:
[180.833s][info][gc,stats    ]       0 of   903 ms (  0.0%): <total>
[180.833s][info][gc,stats    ]       0 of   903 ms (  0.0%): <average total>
[180.833s][info][gc,stats    ] 
[180.833s][info][gc,metaspace] Metaspace: 9052K(9280K)->9052K(9280K) NonClass: 7880K(8000K)->7880K(8000K) Class: 1171K(1280K)->1171K(1280K)
[180.833s][info][gc,ergo     ] Pacer for Idle. Initial: 163M, Alloc Tax Rate: 1.0x
[181.717s][info][gc          ] Trigger: Learning 4 of 5. Free (5720M) is below initial threshold (5734M)
[181.717s][info][gc,ergo     ] Free: 5720M, Max: 4096K regular, 5668M humongous, Frag: 1% external, 0% internal; Reserve: 412M, Max: 4096K
[181.717s][info][gc,start    ] GC(207) Concurrent reset
[181.717s][info][gc,task     ] GC(207) Using 1 of 3 workers for concurrent reset
[181.717s][info][gc,ergo     ] GC(207) Pacer for Reset. Non-Taxable: 8192M
[181.718s][info][gc          ] GC(207) Concurrent reset 0.864ms
[181.718s][info][gc,start    ] GC(207) Pause Init Mark (unload classes)
[181.718s][info][gc,task     ] GC(207) Using 3 of 3 workers for init marking
[181.718s][info][gc,ergo     ] GC(207) Pacer for Mark. Expected Live: 13216K, Free: 5720M, Non-Taxable: 572M, Alloc Tax Rate: 0.0x
[181.718s][info][gc          ] GC(207) Pause Init Mark (unload classes) 0.180ms
[181.718s][info][gc,start    ] GC(207) Concurrent marking roots
[181.718s][info][gc,task     ] GC(207) Using 1 of 3 workers for concurrent marking roots
[181.719s][info][gc          ] GC(207) Concurrent marking roots 0.465ms
[181.719s][info][gc,start    ] GC(207) Concurrent marking (unload classes)
[181.719s][info][gc,task     ] GC(207) Using 1 of 3 workers for concurrent marking
[181.749s][info][gc          ] GC(207) Concurrent marking (unload classes) 30.477ms
[181.749s][info][gc,start    ] GC(207) Pause Final Mark (unload classes)
[181.749s][info][gc,task     ] GC(207) Using 3 of 3 workers for final marking
[181.750s][info][gc,ergo     ] GC(207) Collectable Garbage: 1907M (93%), Immediate: 1907M (93%), CSet: 0B (0%)
[181.750s][info][gc          ] GC(207) Pause Final Mark (unload classes) 0.261ms
[181.750s][info][gc,start    ] GC(207) Concurrent weak references
[181.750s][info][gc,task     ] GC(207) Using 1 of 3 workers for concurrent weak references
[181.750s][info][gc,ref      ] GC(207) Encountered references: Soft: 144, Weak: 702, Final: 0, Phantom: 27
[181.750s][info][gc,ref      ] GC(207) Discovered  references: Soft: 0, Weak: 150, Final: 0, Phantom: 25
[181.750s][info][gc,ref      ] GC(207) Enqueued    references: Soft: 0, Weak: 0, Final: 0, Phantom: 0
[181.750s][info][gc          ] GC(207) Concurrent weak references 0.195ms
[181.750s][info][gc,start    ] GC(207) Concurrent weak roots
[181.750s][info][gc,task     ] GC(207) Using 1 of 3 workers for concurrent weak root
[181.750s][info][gc          ] GC(207) Concurrent weak roots 0.584ms
[181.750s][info][gc,start    ] GC(207) Concurrent cleanup
[181.751s][info][gc          ] GC(207) Concurrent cleanup 2115M->207M(8192M) 0.042ms
[181.751s][info][gc,ergo     ] GC(207) Free: 7572M, Max: 4096K regular, 5664M humongous, Frag: 26% external, 0% internal; Reserve: 412M, Max: 4096K
[181.751s][info][gc,start    ] GC(207) Concurrent class unloading
[181.751s][info][gc,task     ] GC(207) Using 1 of 3 workers for concurrent class unloading
[181.753s][info][gc          ] GC(207) Concurrent class unloading 2.060ms
[181.753s][info][gc,start    ] GC(207) Pause Final Roots
[181.753s][info][gc          ] GC(207) Pause Final Roots 0.041ms
[181.753s][info][gc,ergo     ] Free: 7568M, Max: 4096K regular, 5664M humongous, Frag: 26% external, 0% internal; Reserve: 412M, Max: 4096K
[181.753s][info][gc,stats    ] 
[181.753s][info][gc,stats    ] All times are wall-clock times, except per-root-class counters, that are sum over
[181.753s][info][gc,stats    ] all workers. Dividing the <total> over the root stage time estimates parallelism.
[181.753s][info][gc,stats    ] 
[181.753s][info][gc,stats    ] Concurrent Reset                    932 us
[181.753s][info][gc,stats    ] Pause Init Mark (G)                 375 us
[181.753s][info][gc,stats    ] Pause Init Mark (N)                 197 us
[181.753s][info][gc,stats    ]   Update Region States               77 us
[181.753s][info][gc,stats    ] Concurrent Mark Roots               485 us, parallelism: 0.74x
[181.753s][info][gc,stats    ]   CMR: <total>                      361 us
[181.753s][info][gc,stats    ]   CMR: Thread Roots                 320 us, workers (us): 320, ---, ---, 
[181.753s][info][gc,stats    ]   CMR: VM Strong Roots                6 us, workers (us):   6, ---, ---, 
[181.753s][info][gc,stats    ]   CMR: CLDG Roots                    36 us, workers (us):  36, ---, ---, 
[181.753s][info][gc,stats    ] Concurrent Marking                30543 us
[181.753s][info][gc,stats    ] Pause Final Mark (G)                398 us
[181.753s][info][gc,stats    ] Pause Final Mark (N)                271 us
[181.753s][info][gc,stats    ]   Finish Mark                        95 us
[181.753s][info][gc,stats    ]   Update Region States               67 us
[181.753s][info][gc,stats    ]   Choose Collection Set              39 us
[181.753s][info][gc,stats    ]   Rebuild Free Set                    8 us
[181.753s][info][gc,stats    ] Concurrent Weak References          211 us, parallelism: 0.04x
[181.753s][info][gc,stats    ]   CWRF: <total>                       8 us
[181.753s][info][gc,stats    ]   CWRF: Weak References               8 us, workers (us):   8, ---, ---, 
[181.753s][info][gc,stats    ] Concurrent Weak Roots               604 us
[181.753s][info][gc,stats    ]   Roots                             496 us, parallelism: 0.89x
[181.753s][info][gc,stats    ]     CWR: <total>                    439 us
[181.753s][info][gc,stats    ]     CWR: Code Cache Roots           369 us, workers (us): 369, ---, ---, 
[181.753s][info][gc,stats    ]     CWR: VM Weak Roots               64 us, workers (us):  64, ---, ---, 
[181.753s][info][gc,stats    ]     CWR: CLDG Roots                   6 us, workers (us):   6, ---, ---, 
[181.753s][info][gc,stats    ]   Rendezvous                         57 us
[181.753s][info][gc,stats    ] Concurrent Cleanup                   50 us
[181.753s][info][gc,stats    ] Concurrent Class Unloading         2111 us
[181.753s][info][gc,stats    ]   Unlink Stale                     1813 us
[181.753s][info][gc,stats    ]     System Dictionary                 3 us
[181.753s][info][gc,stats    ]     Weak Class Links                  0 us
[181.753s][info][gc,stats    ]     Code Roots                     1809 us
[181.753s][info][gc,stats    ]   Rendezvous                        104 us
[181.753s][info][gc,stats    ]   Purge Unlinked                    124 us
[181.753s][info][gc,stats    ]     Code Roots                      115 us
[181.753s][info][gc,stats    ]     CLDG                              8 us
[181.753s][info][gc,stats    ]     Exception Caches                  0 us
[181.753s][info][gc,stats    ] Pause Final Roots (G)               186 us
[181.753s][info][gc,stats    ] Pause Final Roots (N)                59 us
[181.753s][info][gc,stats    ] 
[181.753s][info][gc,stats    ] Allocation pacing accrued:
[181.753s][info][gc,stats    ]       0 of   921 ms (  0.0%): <total>
[181.753s][info][gc,stats    ]       0 of   921 ms (  0.0%): <average total>
[181.753s][info][gc,stats    ] 
[181.753s][info][gc,metaspace] Metaspace: 9053K(9280K)->9053K(9280K) NonClass: 7881K(8000K)->7881K(8000K) Class: 1171K(1280K)->1171K(1280K)
[181.753s][info][gc,ergo     ] Pacer for Idle. Initial: 163M, Alloc Tax Rate: 1.0x
[182.455s][info][gc          ] Trigger: Explicit GC request (System.gc())
[182.455s][info][gc,ergo     ] Free: 6684M, Max: 4096K regular, 5664M humongous, Frag: 16% external, 0% internal; Reserve: 412M, Max: 4096K
[182.455s][info][gc,start    ] GC(208) Concurrent reset
[182.455s][info][gc,task     ] GC(208) Using 1 of 3 workers for concurrent reset
[182.455s][info][gc,ergo     ] GC(208) Pacer for Reset. Non-Taxable: 8192M
[182.456s][info][gc          ] GC(208) Concurrent reset 0.986ms
[182.456s][info][gc,start    ] GC(208) Pause Init Mark (unload classes)
[182.456s][info][gc,task     ] GC(208) Using 3 of 3 workers for init marking
[182.456s][info][gc,ref      ] GC(208) Clearing All SoftReferences
[182.456s][info][gc,ergo     ] GC(208) Pacer for Mark. Expected Live: 14465K, Free: 6684M, Non-Taxable: 668M, Alloc Tax Rate: 0.0x
[182.456s][info][gc          ] GC(208) Pause Init Mark (unload classes) 0.170ms
[182.456s][info][gc,start    ] GC(208) Concurrent marking roots
[182.456s][info][gc,task     ] GC(208) Using 1 of 3 workers for concurrent marking roots
[182.457s][info][gc          ] GC(208) Concurrent marking roots 0.511ms
[182.457s][info][gc,start    ] GC(208) Concurrent marking (unload classes)
[182.457s][info][gc,task     ] GC(208) Using 1 of 3 workers for concurrent marking
[182.461s][info][gc          ] GC(208) Concurrent marking (unload classes) 4.164ms
[182.461s][info][gc,start    ] GC(208) Pause Final Mark (unload classes)
[182.461s][info][gc,task     ] GC(208) Using 3 of 3 workers for final marking
[182.461s][info][gc,ergo     ] GC(208) Collectable Garbage: 1019M (93%), Immediate: 1019M (93%), CSet: 0B (0%)
[182.461s][info][gc          ] GC(208) Pause Final Mark (unload classes) 0.297ms
[182.461s][info][gc,start    ] GC(208) Concurrent weak references
[182.461s][info][gc,task     ] GC(208) Using 1 of 3 workers for concurrent weak references
[182.461s][info][gc,ref      ] GC(208) Encountered references: Soft: 144, Weak: 702, Final: 0, Phantom: 27
[182.461s][info][gc,ref      ] GC(208) Discovered  references: Soft: 89, Weak: 168, Final: 0, Phantom: 25
[182.461s][info][gc,ref      ] GC(208) Enqueued    references: Soft: 3, Weak: 0, Final: 0, Phantom: 0
[182.461s][info][gc          ] GC(208) Concurrent weak references 0.170ms
[182.461s][info][gc,start    ] GC(208) Concurrent weak roots
[182.461s][info][gc,task     ] GC(208) Using 1 of 3 workers for concurrent weak root
[182.462s][info][gc          ] GC(208) Concurrent weak roots 0.565ms
[182.462s][info][gc,start    ] GC(208) Concurrent cleanup
[182.462s][info][gc          ] GC(208) Concurrent cleanup 1095M->75M(8192M) 0.036ms
[182.462s][info][gc,ergo     ] GC(208) Free: 7704M, Max: 4096K regular, 6804M humongous, Frag: 12% external, 0% internal; Reserve: 412M, Max: 4096K
[182.462s][info][gc,start    ] GC(208) Concurrent class unloading
[182.462s][info][gc,task     ] GC(208) Using 1 of 3 workers for concurrent class unloading
[182.464s][info][gc          ] GC(208) Concurrent class unloading 2.329ms
[182.465s][info][gc,start    ] GC(208) Pause Final Roots
[182.465s][info][gc          ] GC(208) Pause Final Roots 0.040ms
[182.465s][info][gc,ergo     ] Free: 7704M, Max: 4096K regular, 6804M humongous, Frag: 12% external, 0% internal; Reserve: 412M, Max: 4096K
[182.465s][info][gc,stats    ] 
[182.465s][info][gc,stats    ] All times are wall-clock times, except per-root-class counters, that are sum over
[182.465s][info][gc,stats    ] all workers. Dividing the <total> over the root stage time estimates parallelism.
[182.465s][info][gc,stats    ] 
[182.465s][info][gc,stats    ] Concurrent Reset                   1060 us
[182.465s][info][gc,stats    ] Pause Init Mark (G)                 303 us
[182.465s][info][gc,stats    ] Pause Init Mark (N)                 186 us
[182.465s][info][gc,stats    ]   Update Region States               67 us
[182.465s][info][gc,stats    ] Concurrent Mark Roots               548 us, parallelism: 0.68x
[182.465s][info][gc,stats    ]   CMR: <total>                      373 us
[182.465s][info][gc,stats    ]   CMR: Thread Roots                 331 us, workers (us): 331, ---, ---, 
[182.465s][info][gc,stats    ]   CMR: VM Strong Roots                5 us, workers (us):   5, ---, ---, 
[182.465s][info][gc,stats    ]   CMR: CLDG Roots                    36 us, workers (us):  36, ---, ---, 
[182.465s][info][gc,stats    ] Concurrent Marking                 4216 us
[182.465s][info][gc,stats    ] Pause Final Mark (G)                431 us
[182.465s][info][gc,stats    ] Pause Final Mark (N)                319 us
[182.465s][info][gc,stats    ]   Finish Mark                        89 us
[182.465s][info][gc,stats    ]   Update Region States               54 us
[182.465s][info][gc,stats    ]   Choose Collection Set              54 us
[182.465s][info][gc,stats    ]   Rebuild Free Set                   22 us
[182.465s][info][gc,stats    ] Concurrent Weak References          187 us, parallelism: 0.04x
[182.465s][info][gc,stats    ]   CWRF: <total>                       8 us
[182.465s][info][gc,stats    ]   CWRF: Weak References               8 us, workers (us):   8, ---, ---, 
[182.465s][info][gc,stats    ] Concurrent Weak Roots               585 us
[182.465s][info][gc,stats    ]   Roots                             435 us, parallelism: 0.87x
[182.465s][info][gc,stats    ]     CWR: <total>                    380 us
[182.465s][info][gc,stats    ]     CWR: Code Cache Roots           313 us, workers (us): 313, ---, ---, 
[182.465s][info][gc,stats    ]     CWR: VM Weak Roots               62 us, workers (us):  62, ---, ---, 
[182.465s][info][gc,stats    ]     CWR: CLDG Roots                   4 us, workers (us):   4, ---, ---, 
[182.465s][info][gc,stats    ]   Rendezvous                         99 us
[182.465s][info][gc,stats    ] Concurrent Cleanup                   44 us
[182.465s][info][gc,stats    ] Concurrent Class Unloading         2378 us
[182.465s][info][gc,stats    ]   Unlink Stale                     2039 us
[182.465s][info][gc,stats    ]     System Dictionary                 3 us
[182.465s][info][gc,stats    ]     Weak Class Links                  0 us
[182.465s][info][gc,stats    ]     Code Roots                     2035 us
[182.465s][info][gc,stats    ]   Rendezvous                        149 us
[182.465s][info][gc,stats    ]   Purge Unlinked                    122 us
[182.465s][info][gc,stats    ]     Code Roots                      112 us
[182.465s][info][gc,stats    ]     CLDG                              9 us
[182.465s][info][gc,stats    ]     Exception Caches                  0 us
[182.465s][info][gc,stats    ] Pause Final Roots (G)               148 us
[182.465s][info][gc,stats    ] Pause Final Roots (N)                57 us
[182.465s][info][gc,stats    ] 
[182.465s][info][gc,stats    ] Allocation pacing accrued:
[182.465s][info][gc,stats    ]       0 of   712 ms (  0.0%): <total>
[182.465s][info][gc,stats    ]       0 of   712 ms (  0.0%): <average total>
[182.465s][info][gc,stats    ] 
[182.465s][info][gc,metaspace] Metaspace: 9053K(9280K)->9053K(9280K) NonClass: 7881K(8000K)->7881K(8000K) Class: 1171K(1280K)->1171K(1280K)
[182.465s][info][gc,ergo     ] Pacer for Idle. Initial: 163M, Alloc Tax Rate: 1.0x
[183.381s][info][gc          ] Trigger: Learning 2 of 5. Free (5708M) is below initial threshold (5734M)
[183.381s][info][gc,ergo     ] Free: 5708M, Max: 4096K regular, 5708M humongous, Frag: 0% external, 0% internal; Reserve: 412M, Max: 4096K
[183.381s][info][gc,start    ] GC(209) Concurrent reset
[183.381s][info][gc,task     ] GC(209) Using 1 of 3 workers for concurrent reset
[183.381s][info][gc,ergo     ] GC(209) Pacer for Reset. Non-Taxable: 8192M
[183.382s][info][gc          ] GC(209) Concurrent reset 0.663ms
[183.382s][info][gc,start    ] GC(209) Pause Init Mark (unload classes)
[183.382s][info][gc,task     ] GC(209) Using 3 of 3 workers for init marking
[183.382s][info][gc,ergo     ] GC(209) Pacer for Mark. Expected Live: 10678K, Free: 5704M, Non-Taxable: 570M, Alloc Tax Rate: 0.0x
[183.382s][info][gc          ] GC(209) Pause Init Mark (unload classes) 0.178ms
[183.382s][info][gc,start    ] GC(209) Concurrent marking roots
[183.382s][info][gc,task     ] GC(209) Using 1 of 3 workers for concurrent marking roots
[183.382s][info][gc          ] GC(209) Concurrent marking roots 0.502ms
[183.382s][info][gc,start    ] GC(209) Concurrent marking (unload classes)
[183.382s][info][gc,task     ] GC(209) Using 1 of 3 workers for concurrent marking
[183.395s][info][gc          ] GC(209) Concurrent marking (unload classes) 12.789ms
[183.395s][info][gc,start    ] GC(209) Pause Final Mark (unload classes)
[183.395s][info][gc,task     ] GC(209) Using 3 of 3 workers for final marking
[183.396s][info][gc,ergo     ] GC(209) Collectable Garbage: 1960M (94%), Immediate: 1960M (94%), CSet: 0B (0%)
[183.396s][info][gc          ] GC(209) Pause Final Mark (unload classes) 0.342ms
[183.396s][info][gc,start    ] GC(209) Concurrent weak references
[183.396s][info][gc,task     ] GC(209) Using 1 of 3 workers for concurrent weak references
[183.396s][info][gc,ref      ] GC(209) Encountered references: Soft: 144, Weak: 702, Final: 0, Phantom: 27
[183.396s][info][gc,ref      ] GC(209) Discovered  references: Soft: 0, Weak: 150, Final: 0, Phantom: 12
[183.396s][info][gc,ref      ] GC(209) Enqueued    references: Soft: 0, Weak: 0, Final: 0, Phantom: 0
[183.396s][info][gc          ] GC(209) Concurrent weak references 0.139ms
[183.396s][info][gc,start    ] GC(209) Concurrent weak roots
[183.396s][info][gc,task     ] GC(209) Using 1 of 3 workers for concurrent weak root
[183.397s][info][gc          ] GC(209) Concurrent weak roots 0.614ms
[183.397s][info][gc,start    ] GC(209) Concurrent cleanup
[183.397s][info][gc          ] GC(209) Concurrent cleanup 2107M->147M(8192M) 0.044ms
[183.397s][info][gc,ergo     ] GC(209) Free: 7632M, Max: 4096K regular, 5672M humongous, Frag: 26% external, 0% internal; Reserve: 412M, Max: 4096K
[183.397s][info][gc,start    ] GC(209) Concurrent class unloading
[183.397s][info][gc,task     ] GC(209) Using 1 of 3 workers for concurrent class unloading
[183.399s][info][gc          ] GC(209) Concurrent class unloading 1.999ms
[183.399s][info][gc,start    ] GC(209) Pause Final Roots
[183.399s][info][gc          ] GC(209) Pause Final Roots 0.021ms
[183.399s][info][gc,ergo     ] Free: 7628M, Max: 4096K regular, 5672M humongous, Frag: 26% external, 0% internal; Reserve: 412M, Max: 4096K
[183.399s][info][gc,stats    ] 
[183.399s][info][gc,stats    ] All times are wall-clock times, except per-root-class counters, that are sum over
[183.399s][info][gc,stats    ] all workers. Dividing the <total> over the root stage time estimates parallelism.
[183.399s][info][gc,stats    ] 
[183.399s][info][gc,stats    ] Concurrent Reset                    718 us
[183.399s][info][gc,stats    ] Pause Init Mark (G)                 342 us
[183.399s][info][gc,stats    ] Pause Init Mark (N)                 195 us
[183.399s][info][gc,stats    ]   Update Region States               75 us
[183.399s][info][gc,stats    ] Concurrent Mark Roots               531 us, parallelism: 0.67x
[183.399s][info][gc,stats    ]   CMR: <total>                      356 us
[183.399s][info][gc,stats    ]   CMR: Thread Roots                 315 us, workers (us): 315, ---, ---, 
[183.399s][info][gc,stats    ]   CMR: VM Strong Roots                5 us, workers (us):   5, ---, ---, 
[183.399s][info][gc,stats    ]   CMR: CLDG Roots                    36 us, workers (us):  36, ---, ---, 
[183.399s][info][gc,stats    ] Concurrent Marking                12850 us
[183.399s][info][gc,stats    ] Pause Final Mark (G)                491 us
[183.399s][info][gc,stats    ] Pause Final Mark (N)                361 us
[183.399s][info][gc,stats    ]   Finish Mark                       109 us
[183.399s][info][gc,stats    ]   Update Region States               91 us
[183.399s][info][gc,stats    ]   Choose Collection Set              62 us
[183.399s][info][gc,stats    ]   Rebuild Free Set                   16 us
[183.399s][info][gc,stats    ] Concurrent Weak References          146 us, parallelism: 0.05x
[183.399s][info][gc,stats    ]   CWRF: <total>                       7 us
[183.399s][info][gc,stats    ]   CWRF: Weak References               7 us, workers (us):   7, ---, ---, 
[183.399s][info][gc,stats    ] Concurrent Weak Roots               641 us
[183.399s][info][gc,stats    ]   Roots                             513 us, parallelism: 0.89x
[183.399s][info][gc,stats    ]     CWR: <total>                    457 us
[183.399s][info][gc,stats    ]     CWR: Code Cache Roots           383 us, workers (us): 383, ---, ---, 
[183.399s][info][gc,stats    ]     CWR: VM Weak Roots               67 us, workers (us):  67, ---, ---, 
[183.399s][info][gc,stats    ]     CWR: CLDG Roots                   6 us, workers (us):   6, ---, ---, 
[183.399s][info][gc,stats    ]   Rendezvous                         86 us
[183.399s][info][gc,stats    ] Concurrent Cleanup                   52 us
[183.399s][info][gc,stats    ] Concurrent Class Unloading         2051 us
[183.399s][info][gc,stats    ]   Unlink Stale                     1804 us
[183.399s][info][gc,stats    ]     System Dictionary                 4 us
[183.399s][info][gc,stats    ]     Weak Class Links                  0 us
[183.399s][info][gc,stats    ]     Code Roots                     1798 us
[183.399s][info][gc,stats    ]   Rendezvous                         55 us
[183.399s][info][gc,stats    ]   Purge Unlinked                    121 us
[183.399s][info][gc,stats    ]     Code Roots                      112 us
[183.399s][info][gc,stats    ]     CLDG                              8 us
[183.400s][info][gc,stats    ]     Exception Caches                  0 us
[183.400s][info][gc,stats    ] Pause Final Roots (G)               115 us
[183.400s][info][gc,stats    ] Pause Final Roots (N)                29 us
[183.400s][info][gc,stats    ] 
[183.400s][info][gc,stats    ] Allocation pacing accrued:
[183.400s][info][gc,stats    ]       0 of   934 ms (  0.0%): <total>
[183.400s][info][gc,stats    ]       0 of   934 ms (  0.0%): <average total>
[183.400s][info][gc,stats    ] 
[183.400s][info][gc,metaspace] Metaspace: 9053K(9280K)->9053K(9280K) NonClass: 7881K(8000K)->7881K(8000K) Class: 1171K(1280K)->1171K(1280K)
[183.400s][info][gc,ergo     ] Pacer for Idle. Initial: 163M, Alloc Tax Rate: 1.0x
[184.275s][info][gc          ] Trigger: Learning 3 of 5. Free (5712M) is below initial threshold (5734M)
[184.275s][info][gc,ergo     ] Free: 5712M, Max: 4096K regular, 5672M humongous, Frag: 1% external, 0% internal; Reserve: 412M, Max: 4096K
[184.275s][info][gc,start    ] GC(210) Concurrent reset
[184.275s][info][gc,task     ] GC(210) Using 1 of 3 workers for concurrent reset
[184.275s][info][gc,ergo     ] GC(210) Pacer for Reset. Non-Taxable: 8192M
[184.276s][info][gc          ] GC(210) Concurrent reset 0.732ms
[184.276s][info][gc,start    ] GC(210) Pause Init Mark (unload classes)
[184.276s][info][gc,task     ] GC(210) Using 3 of 3 workers for init marking
[184.276s][info][gc,ergo     ] GC(210) Pacer for Mark. Expected Live: 11978K, Free: 5712M, Non-Taxable: 571M, Alloc Tax Rate: 0.0x
[184.276s][info][gc          ] GC(210) Pause Init Mark (unload classes) 0.156ms
[184.276s][info][gc,start    ] GC(210) Concurrent marking roots
[184.276s][info][gc,task     ] GC(210) Using 1 of 3 workers for concurrent marking roots
[184.277s][info][gc          ] GC(210) Concurrent marking roots 0.472ms
[184.277s][info][gc,start    ] GC(210) Concurrent marking (unload classes)
[184.277s][info][gc,task     ] GC(210) Using 1 of 3 workers for concurrent marking
[184.298s][info][gc          ] GC(210) Concurrent marking (unload classes) 21.268ms
[184.298s][info][gc,start    ] GC(210) Pause Final Mark (unload classes)
[184.298s][info][gc,task     ] GC(210) Using 3 of 3 workers for final marking
[184.298s][info][gc,ergo     ] GC(210) Collectable Garbage: 1924M (93%), Immediate: 1924M (93%), CSet: 0B (0%)
[184.298s][info][gc          ] GC(210) Pause Final Mark (unload classes) 0.349ms
[184.298s][info][gc,start    ] GC(210) Concurrent weak references
[184.298s][info][gc,task     ] GC(210) Using 1 of 3 workers for concurrent weak references
[184.299s][info][gc,ref      ] GC(210) Encountered references: Soft: 144, Weak: 702, Final: 0, Phantom: 27
[184.299s][info][gc,ref      ] GC(210) Discovered  references: Soft: 0, Weak: 150, Final: 0, Phantom: 25
[184.299s][info][gc,ref      ] GC(210) Enqueued    references: Soft: 0, Weak: 0, Final: 0, Phantom: 0
[184.299s][info][gc          ] GC(210) Concurrent weak references 0.106ms
[184.299s][info][gc,start    ] GC(210) Concurrent weak roots
[184.299s][info][gc,task     ] GC(210) Using 1 of 3 workers for concurrent weak root
[184.299s][info][gc          ] GC(210) Concurrent weak roots 0.581ms
[184.299s][info][gc,start    ] GC(210) Concurrent cleanup
[184.299s][info][gc          ] GC(210) Concurrent cleanup 2115M->191M(8192M) 0.042ms
[184.299s][info][gc,ergo     ] GC(210) Free: 7588M, Max: 4096K regular, 5664M humongous, Frag: 26% external, 0% internal; Reserve: 412M, Max: 4096K
[184.299s][info][gc,start    ] GC(210) Concurrent class unloading
[184.299s][info][gc,task     ] GC(210) Using 1 of 3 workers for concurrent class unloading
[184.301s][info][gc          ] GC(210) Concurrent class unloading 1.921ms
[184.301s][info][gc,start    ] GC(210) Pause Final Roots
[184.301s][info][gc          ] GC(210) Pause Final Roots 0.043ms
[184.301s][info][gc,ergo     ] Free: 7584M, Max: 4096K regular, 5664M humongous, Frag: 26% external, 0% internal; Reserve: 412M, Max: 4096K
[184.301s][info][gc,stats    ] 
[184.301s][info][gc,stats    ] All times are wall-clock times, except per-root-class counters, that are sum over
[184.301s][info][gc,stats    ] all workers. Dividing the <total> over the root stage time estimates parallelism.
[184.301s][info][gc,stats    ] 
[184.302s][info][gc,stats    ] Concurrent Reset                    791 us
[184.302s][info][gc,stats    ] Pause Init Mark (G)                 341 us
[184.302s][info][gc,stats    ] Pause Init Mark (N)                 173 us
[184.302s][info][gc,stats    ]   Update Region States               69 us
[184.302s][info][gc,stats    ] Concurrent Mark Roots               489 us, parallelism: 0.75x
[184.302s][info][gc,stats    ]   CMR: <total>                      369 us
[184.302s][info][gc,stats    ]   CMR: Thread Roots                 326 us, workers (us): 326, ---, ---, 
[184.302s][info][gc,stats    ]   CMR: VM Strong Roots                6 us, workers (us):   6, ---, ---, 
[184.302s][info][gc,stats    ]   CMR: CLDG Roots                    38 us, workers (us):  38, ---, ---, 
[184.302s][info][gc,stats    ] Concurrent Marking                21335 us
[184.302s][info][gc,stats    ] Pause Final Mark (G)                502 us
[184.302s][info][gc,stats    ] Pause Final Mark (N)                368 us
[184.302s][info][gc,stats    ]   Finish Mark                       106 us
[184.302s][info][gc,stats    ]   Update Region States               90 us
[184.302s][info][gc,stats    ]   Choose Collection Set              65 us
[184.302s][info][gc,stats    ]   Rebuild Free Set                   16 us
[184.302s][info][gc,stats    ] Concurrent Weak References          114 us, parallelism: 0.04x
[184.302s][info][gc,stats    ]   CWRF: <total>                       5 us
[184.302s][info][gc,stats    ]   CWRF: Weak References               5 us, workers (us):   5, ---, ---, 
[184.302s][info][gc,stats    ] Concurrent Weak Roots               600 us
[184.302s][info][gc,stats    ]   Roots                             483 us, parallelism: 0.89x
[184.302s][info][gc,stats    ]     CWR: <total>                    430 us
[184.302s][info][gc,stats    ]     CWR: Code Cache Roots           361 us, workers (us): 361, ---, ---, 
[184.302s][info][gc,stats    ]     CWR: VM Weak Roots               63 us, workers (us):  63, ---, ---, 
[184.302s][info][gc,stats    ]     CWR: CLDG Roots                   5 us, workers (us):   5, ---, ---, 
[184.302s][info][gc,stats    ]   Rendezvous                         83 us
[184.302s][info][gc,stats    ] Concurrent Cleanup                   50 us
[184.302s][info][gc,stats    ] Concurrent Class Unloading         1956 us
[184.302s][info][gc,stats    ]   Unlink Stale                     1771 us
[184.302s][info][gc,stats    ]     System Dictionary                 3 us
[184.302s][info][gc,stats    ]     Weak Class Links                  0 us
[184.302s][info][gc,stats    ]     Code Roots                     1767 us
[184.302s][info][gc,stats    ]   Rendezvous                         56 us
[184.302s][info][gc,stats    ]   Purge Unlinked                     75 us
[184.302s][info][gc,stats    ]     Code Roots                       70 us
[184.302s][info][gc,stats    ]     CLDG                              4 us
[184.302s][info][gc,stats    ]     Exception Caches                  0 us
[184.302s][info][gc,stats    ] Pause Final Roots (G)               166 us
[184.302s][info][gc,stats    ] Pause Final Roots (N)                61 us
[184.302s][info][gc,stats    ] 
[184.302s][info][gc,stats    ] Allocation pacing accrued:
[184.302s][info][gc,stats    ]       0 of   903 ms (  0.0%): <total>
[184.302s][info][gc,stats    ]       0 of   903 ms (  0.0%): <average total>
[184.302s][info][gc,stats    ] 
[184.302s][info][gc,metaspace] Metaspace: 9053K(9280K)->9053K(9280K) NonClass: 7881K(8000K)->7881K(8000K) Class: 1171K(1280K)->1171K(1280K)
[184.302s][info][gc,ergo     ] Pacer for Idle. Initial: 163M, Alloc Tax Rate: 1.0x
[185.186s][info][gc          ] Trigger: Learning 4 of 5. Free (5732M) is below initial threshold (5734M)
[185.186s][info][gc,ergo     ] Free: 5732M, Max: 4096K regular, 5664M humongous, Frag: 2% external, 0% internal; Reserve: 412M, Max: 4096K
[185.186s][info][gc,start    ] GC(211) Concurrent reset
[185.186s][info][gc,task     ] GC(211) Using 1 of 3 workers for concurrent reset
[185.186s][info][gc,ergo     ] GC(211) Pacer for Reset. Non-Taxable: 8192M
[185.187s][info][gc          ] GC(211) Concurrent reset 1.035ms
[185.187s][info][gc,start    ] GC(211) Pause Init Mark (unload classes)
[185.187s][info][gc,task     ] GC(211) Using 3 of 3 workers for init marking
[185.187s][info][gc,ergo     ] GC(211) Pacer for Mark. Expected Live: 13198K, Free: 5728M, Non-Taxable: 572M, Alloc Tax Rate: 0.0x
[185.187s][info][gc          ] GC(211) Pause Init Mark (unload classes) 0.177ms
[185.187s][info][gc,start    ] GC(211) Concurrent marking roots
[185.187s][info][gc,task     ] GC(211) Using 1 of 3 workers for concurrent marking roots
[185.188s][info][gc          ] GC(211) Concurrent marking roots 0.676ms
[185.188s][info][gc,start    ] GC(211) Concurrent marking (unload classes)
[185.188s][info][gc,task     ] GC(211) Using 1 of 3 workers for concurrent marking
[185.218s][info][gc          ] GC(211) Concurrent marking (unload classes) 29.719ms
[185.218s][info][gc,start    ] GC(211) Pause Final Mark (unload classes)
[185.218s][info][gc,task     ] GC(211) Using 3 of 3 workers for final marking
[185.218s][info][gc,ergo     ] GC(211) Collectable Garbage: 1903M (93%), Immediate: 1903M (93%), CSet: 0B (0%)
[185.218s][info][gc          ] GC(211) Pause Final Mark (unload classes) 0.297ms
[185.218s][info][gc,start    ] GC(211) Concurrent weak references
[185.218s][info][gc,task     ] GC(211) Using 1 of 3 workers for concurrent weak references
[185.218s][info][gc,ref      ] GC(211) Encountered references: Soft: 144, Weak: 702, Final: 0, Phantom: 27
[185.218s][info][gc,ref      ] GC(211) Discovered  references: Soft: 0, Weak: 150, Final: 0, Phantom: 12
[185.218s][info][gc,ref      ] GC(211) Enqueued    references: Soft: 0, Weak: 0, Final: 0, Phantom: 0
[185.218s][info][gc          ] GC(211) Concurrent weak references 0.114ms
[185.218s][info][gc,start    ] GC(211) Concurrent weak roots
[185.219s][info][gc,task     ] GC(211) Using 1 of 3 workers for concurrent weak root
[185.219s][info][gc          ] GC(211) Concurrent weak roots 0.596ms
[185.219s][info][gc,start    ] GC(211) Concurrent cleanup
[185.219s][info][gc          ] GC(211) Concurrent cleanup 2107M->203M(8192M) 0.041ms
[185.219s][info][gc,ergo     ] GC(211) Free: 7576M, Max: 4096K regular, 5684M humongous, Frag: 25% external, 0% internal; Reserve: 412M, Max: 4096K
[185.219s][info][gc,start    ] GC(211) Concurrent class unloading
[185.219s][info][gc,task     ] GC(211) Using 1 of 3 workers for concurrent class unloading
[185.222s][info][gc          ] GC(211) Concurrent class unloading 2.361ms
[185.222s][info][gc,start    ] GC(211) Pause Final Roots
[185.222s][info][gc          ] GC(211) Pause Final Roots 0.041ms
[185.222s][info][gc,ergo     ] Free: 7568M, Max: 4096K regular, 5684M humongous, Frag: 25% external, 0% internal; Reserve: 412M, Max: 4096K
[185.222s][info][gc,stats    ] 
[185.222s][info][gc,stats    ] All times are wall-clock times, except per-root-class counters, that are sum over
[185.222s][info][gc,stats    ] all workers. Dividing the <total> over the root stage time estimates parallelism.
[185.222s][info][gc,stats    ] 
[185.222s][info][gc,stats    ] Concurrent Reset                   1109 us
[185.222s][info][gc,stats    ] Pause Init Mark (G)                 352 us
[185.222s][info][gc,stats    ] Pause Init Mark (N)                 194 us
[185.222s][info][gc,stats    ]   Update Region States               75 us
[185.222s][info][gc,stats    ] Concurrent Mark Roots               699 us, parallelism: 0.77x
[185.222s][info][gc,stats    ]   CMR: <total>                      540 us
[185.222s][info][gc,stats    ]   CMR: Thread Roots                 468 us, workers (us): 468, ---, ---, 
[185.222s][info][gc,stats    ]   CMR: VM Strong Roots                8 us, workers (us):   8, ---, ---, 
[185.222s][info][gc,stats    ]   CMR: CLDG Roots                    63 us, workers (us):  63, ---, ---, 
[185.222s][info][gc,stats    ] Concurrent Marking                29785 us
[185.222s][info][gc,stats    ] Pause Final Mark (G)                455 us
[185.222s][info][gc,stats    ] Pause Final Mark (N)                317 us
[185.222s][info][gc,stats    ]   Finish Mark                        60 us
[185.222s][info][gc,stats    ]   Update Region States               77 us
[185.222s][info][gc,stats    ]   Choose Collection Set              63 us
[185.222s][info][gc,stats    ]   Rebuild Free Set                   16 us
[185.222s][info][gc,stats    ] Concurrent Weak References          121 us, parallelism: 0.04x
[185.222s][info][gc,stats    ]   CWRF: <total>                       4 us
[185.222s][info][gc,stats    ]   CWRF: Weak References               4 us, workers (us):   4, ---, ---, 
[185.222s][info][gc,stats    ] Concurrent Weak Roots               615 us
[185.222s][info][gc,stats    ]   Roots                             484 us, parallelism: 0.89x
[185.222s][info][gc,stats    ]     CWR: <total>                    429 us
[185.222s][info][gc,stats    ]     CWR: Code Cache Roots           360 us, workers (us): 360, ---, ---, 
[185.222s][info][gc,stats    ]     CWR: VM Weak Roots               63 us, workers (us):  63, ---, ---, 
[185.222s][info][gc,stats    ]     CWR: CLDG Roots                   6 us, workers (us):   6, ---, ---, 
[185.222s][info][gc,stats    ]   Rendezvous                         97 us
[185.222s][info][gc,stats    ] Concurrent Cleanup                   49 us
[185.222s][info][gc,stats    ] Concurrent Class Unloading         2411 us
[185.222s][info][gc,stats    ]   Unlink Stale                     2115 us
[185.222s][info][gc,stats    ]     System Dictionary                 4 us
[185.222s][info][gc,stats    ]     Weak Class Links                  0 us
[185.222s][info][gc,stats    ]     Code Roots                     2110 us
[185.222s][info][gc,stats    ]   Rendezvous                        104 us
[185.222s][info][gc,stats    ]   Purge Unlinked                    121 us
[185.222s][info][gc,stats    ]     Code Roots                      112 us
[185.222s][info][gc,stats    ]     CLDG                              8 us
[185.222s][info][gc,stats    ]     Exception Caches                  0 us
[185.222s][info][gc,stats    ] Pause Final Roots (G)               186 us
[185.222s][info][gc,stats    ] Pause Final Roots (N)                58 us
[185.222s][info][gc,stats    ] 
[185.222s][info][gc,stats    ] Allocation pacing accrued:
[185.222s][info][gc,stats    ]       0 of   920 ms (  0.0%): <total>
[185.222s][info][gc,stats    ]       0 of   920 ms (  0.0%): <average total>
[185.222s][info][gc,stats    ] 
[185.222s][info][gc,metaspace] Metaspace: 9053K(9280K)->9053K(9280K) NonClass: 7881K(8000K)->7881K(8000K) Class: 1171K(1280K)->1171K(1280K)
[185.222s][info][gc,ergo     ] Pacer for Idle. Initial: 163M, Alloc Tax Rate: 1.0x
[185.924s][info][gc          ] Trigger: Explicit GC request (System.gc())
[185.924s][info][gc,ergo     ] Free: 6680M, Max: 4096K regular, 5684M humongous, Frag: 15% external, 0% internal; Reserve: 412M, Max: 4096K
[185.924s][info][gc,start    ] GC(212) Concurrent reset
[185.924s][info][gc,task     ] GC(212) Using 1 of 3 workers for concurrent reset
[185.924s][info][gc,ergo     ] GC(212) Pacer for Reset. Non-Taxable: 8192M
[185.925s][info][gc          ] GC(212) Concurrent reset 0.739ms
[185.925s][info][gc,start    ] GC(212) Pause Init Mark (unload classes)
[185.925s][info][gc,task     ] GC(212) Using 3 of 3 workers for init marking
[185.925s][info][gc,ref      ] GC(212) Clearing All SoftReferences
[185.925s][info][gc,ergo     ] GC(212) Pacer for Mark. Expected Live: 14444K, Free: 6680M, Non-Taxable: 668M, Alloc Tax Rate: 0.0x
[185.925s][info][gc          ] GC(212) Pause Init Mark (unload classes) 0.126ms
[185.925s][info][gc,start    ] GC(212) Concurrent marking roots
[185.925s][info][gc,task     ] GC(212) Using 1 of 3 workers for concurrent marking roots
[185.926s][info][gc          ] GC(212) Concurrent marking roots 0.631ms
[185.926s][info][gc,start    ] GC(212) Concurrent marking (unload classes)
[185.926s][info][gc,task     ] GC(212) Using 1 of 3 workers for concurrent marking
[185.929s][info][gc          ] GC(212) Concurrent marking (unload classes) 3.341ms
[185.929s][info][gc,start    ] GC(212) Pause Final Mark (unload classes)
[185.929s][info][gc,task     ] GC(212) Using 3 of 3 workers for final marking
[185.929s][info][gc,ergo     ] GC(212) Collectable Garbage: 1023M (93%), Immediate: 1023M (93%), CSet: 0B (0%)
[185.929s][info][gc          ] GC(212) Pause Final Mark (unload classes) 0.204ms
[185.929s][info][gc,start    ] GC(212) Concurrent weak references
[185.929s][info][gc,task     ] GC(212) Using 1 of 3 workers for concurrent weak references
[185.930s][info][gc,ref      ] GC(212) Encountered references: Soft: 144, Weak: 702, Final: 0, Phantom: 27
[185.930s][info][gc,ref      ] GC(212) Discovered  references: Soft: 89, Weak: 168, Final: 0, Phantom: 25
[185.930s][info][gc,ref      ] GC(212) Enqueued    references: Soft: 3, Weak: 0, Final: 0, Phantom: 0
[185.930s][info][gc          ] GC(212) Concurrent weak references 0.176ms
[185.930s][info][gc,start    ] GC(212) Concurrent weak roots
[185.930s][info][gc,task     ] GC(212) Using 1 of 3 workers for concurrent weak root
[185.930s][info][gc          ] GC(212) Concurrent weak roots 0.642ms
[185.930s][info][gc,start    ] GC(212) Concurrent cleanup
[185.930s][info][gc          ] GC(212) Concurrent cleanup 1099M->75M(8192M) 0.067ms
[185.930s][info][gc,ergo     ] GC(212) Free: 7704M, Max: 4096K regular, 6796M humongous, Frag: 12% external, 0% internal; Reserve: 412M, Max: 4096K
[185.930s][info][gc,start    ] GC(212) Concurrent class unloading
[185.930s][info][gc,task     ] GC(212) Using 1 of 3 workers for concurrent class unloading
[185.933s][info][gc          ] GC(212) Concurrent class unloading 2.213ms
[185.933s][info][gc,start    ] GC(212) Pause Final Roots
[185.933s][info][gc          ] GC(212) Pause Final Roots 0.056ms
[185.933s][info][gc,ergo     ] Free: 7704M, Max: 4096K regular, 6796M humongous, Frag: 12% external, 0% internal; Reserve: 412M, Max: 4096K
[185.933s][info][gc,stats    ] 
[185.933s][info][gc,stats    ] All times are wall-clock times, except per-root-class counters, that are sum over
[185.933s][info][gc,stats    ] all workers. Dividing the <total> over the root stage time estimates parallelism.
[185.933s][info][gc,stats    ] 
[185.933s][info][gc,stats    ] Concurrent Reset                    804 us
[185.933s][info][gc,stats    ] Pause Init Mark (G)                 220 us
[185.933s][info][gc,stats    ] Pause Init Mark (N)                 134 us
[185.933s][info][gc,stats    ]   Update Region States               65 us
[185.933s][info][gc,stats    ] Concurrent Mark Roots               651 us, parallelism: 0.75x
[185.933s][info][gc,stats    ]   CMR: <total>                      488 us
[185.933s][info][gc,stats    ]   CMR: Thread Roots                 417 us, workers (us): 417, ---, ---, 
[185.933s][info][gc,stats    ]   CMR: VM Strong Roots                7 us, workers (us):   7, ---, ---, 
[185.933s][info][gc,stats    ]   CMR: CLDG Roots                    63 us, workers (us):  63, ---, ---, 
[185.933s][info][gc,stats    ] Concurrent Marking                 3397 us
[185.933s][info][gc,stats    ] Pause Final Mark (G)                281 us
[185.933s][info][gc,stats    ] Pause Final Mark (N)                213 us
[185.933s][info][gc,stats    ]   Finish Mark                        76 us
[185.933s][info][gc,stats    ]   Update Region States               59 us
[185.933s][info][gc,stats    ]   Choose Collection Set              30 us
[185.933s][info][gc,stats    ]   Rebuild Free Set                    8 us
[185.933s][info][gc,stats    ] Concurrent Weak References          193 us, parallelism: 0.06x
[185.933s][info][gc,stats    ]   CWRF: <total>                      11 us
[185.933s][info][gc,stats    ]   CWRF: Weak References              11 us, workers (us):  11, ---, ---, 
[185.933s][info][gc,stats    ] Concurrent Weak Roots               698 us
[185.933s][info][gc,stats    ]   Roots                             487 us, parallelism: 0.83x
[185.933s][info][gc,stats    ]     CWR: <total>                    405 us
[185.933s][info][gc,stats    ]     CWR: Code Cache Roots           334 us, workers (us): 334, ---, ---, 
[185.933s][info][gc,stats    ]     CWR: VM Weak Roots               66 us, workers (us):  66, ---, ---, 
[185.933s][info][gc,stats    ]     CWR: CLDG Roots                   5 us, workers (us):   5, ---, ---, 
[185.933s][info][gc,stats    ]   Rendezvous                        120 us
[185.933s][info][gc,stats    ] Concurrent Cleanup                   85 us
[185.933s][info][gc,stats    ] Concurrent Class Unloading         2261 us
[185.933s][info][gc,stats    ]   Unlink Stale                     1960 us
[185.933s][info][gc,stats    ]     System Dictionary                 8 us
[185.933s][info][gc,stats    ]     Weak Class Links                  0 us
[185.933s][info][gc,stats    ]     Code Roots                     1949 us
[185.933s][info][gc,stats    ]   Rendezvous                         83 us
[185.933s][info][gc,stats    ]   Purge Unlinked                    135 us
[185.933s][info][gc,stats    ]     Code Roots                      128 us
[185.933s][info][gc,stats    ]     CLDG                              6 us
[185.933s][info][gc,stats    ]     Exception Caches                  0 us
[185.933s][info][gc,stats    ] Pause Final Roots (G)               150 us
[185.933s][info][gc,stats    ] Pause Final Roots (N)                79 us
[185.933s][info][gc,stats    ] 
[185.933s][info][gc,stats    ] Allocation pacing accrued:
[185.933s][info][gc,stats    ]       0 of   711 ms (  0.0%): <total>
[185.933s][info][gc,stats    ]       0 of   711 ms (  0.0%): <average total>
[185.933s][info][gc,stats    ] 
[185.933s][info][gc,metaspace] Metaspace: 9053K(9280K)->9053K(9280K) NonClass: 7881K(8000K)->7881K(8000K) Class: 1171K(1280K)->1171K(1280K)
[185.933s][info][gc,ergo     ] Pacer for Idle. Initial: 163M, Alloc Tax Rate: 1.0x
[186.850s][info][gc          ] Trigger: Learning 2 of 5. Free (5708M) is below initial threshold (5734M)
[186.851s][info][gc,ergo     ] Free: 5708M, Max: 4096K regular, 5708M humongous, Frag: 0% external, 0% internal; Reserve: 412M, Max: 4096K
[186.851s][info][gc,start    ] GC(213) Concurrent reset
[186.851s][info][gc,task     ] GC(213) Using 1 of 3 workers for concurrent reset
[186.851s][info][gc,ergo     ] GC(213) Pacer for Reset. Non-Taxable: 8192M
[186.851s][info][gc          ] GC(213) Concurrent reset 0.687ms
[186.851s][info][gc,start    ] GC(213) Pause Init Mark (unload classes)
[186.851s][info][gc,task     ] GC(213) Using 3 of 3 workers for init marking
[186.852s][info][gc,ergo     ] GC(213) Pacer for Mark. Expected Live: 10679K, Free: 5708M, Non-Taxable: 570M, Alloc Tax Rate: 0.0x
[186.852s][info][gc          ] GC(213) Pause Init Mark (unload classes) 0.184ms
[186.852s][info][gc,start    ] GC(213) Concurrent marking roots
[186.852s][info][gc,task     ] GC(213) Using 1 of 3 workers for concurrent marking roots
[186.852s][info][gc          ] GC(213) Concurrent marking roots 0.423ms
[186.852s][info][gc,start    ] GC(213) Concurrent marking (unload classes)
[186.852s][info][gc,task     ] GC(213) Using 1 of 3 workers for concurrent marking
[186.865s][info][gc          ] GC(213) Concurrent marking (unload classes) 13.108ms
[186.865s][info][gc,start    ] GC(213) Pause Final Mark (unload classes)
[186.865s][info][gc,task     ] GC(213) Using 3 of 3 workers for final marking
[186.866s][info][gc,ergo     ] GC(213) Collectable Garbage: 1960M (95%), Immediate: 1960M (95%), CSet: 0B (0%)
[186.866s][info][gc          ] GC(213) Pause Final Mark (unload classes) 0.353ms
[186.866s][info][gc,start    ] GC(213) Concurrent weak references
[186.866s][info][gc,task     ] GC(213) Using 1 of 3 workers for concurrent weak references
[186.866s][info][gc,ref      ] GC(213) Encountered references: Soft: 144, Weak: 702, Final: 0, Phantom: 27
[186.866s][info][gc,ref      ] GC(213) Discovered  references: Soft: 0, Weak: 150, Final: 0, Phantom: 12
[186.866s][info][gc,ref      ] GC(213) Enqueued    references: Soft: 0, Weak: 0, Final: 0, Phantom: 0
[186.866s][info][gc          ] GC(213) Concurrent weak references 0.146ms
[186.866s][info][gc,start    ] GC(213) Concurrent weak roots
[186.866s][info][gc,task     ] GC(213) Using 1 of 3 workers for concurrent weak root
[186.867s][info][gc          ] GC(213) Concurrent weak roots 0.587ms
[186.867s][info][gc,start    ] GC(213) Concurrent cleanup
[186.867s][info][gc          ] GC(213) Concurrent cleanup 2103M->143M(8192M) 0.044ms
[186.867s][info][gc,ergo     ] GC(213) Free: 7636M, Max: 4096K regular, 5676M humongous, Frag: 26% external, 0% internal; Reserve: 412M, Max: 4096K
[186.867s][info][gc,start    ] GC(213) Concurrent class unloading
[186.867s][info][gc,task     ] GC(213) Using 1 of 3 workers for concurrent class unloading
[186.870s][info][gc          ] GC(213) Concurrent class unloading 2.449ms
[186.870s][info][gc,start    ] GC(213) Pause Final Roots
[186.870s][info][gc          ] GC(213) Pause Final Roots 0.041ms
[186.870s][info][gc,ergo     ] Free: 7628M, Max: 4096K regular, 5676M humongous, Frag: 26% external, 0% internal; Reserve: 412M, Max: 4096K
[186.870s][info][gc,stats    ] 
[186.870s][info][gc,stats    ] All times are wall-clock times, except per-root-class counters, that are sum over
[186.870s][info][gc,stats    ] all workers. Dividing the <total> over the root stage time estimates parallelism.
[186.870s][info][gc,stats    ] 
[186.870s][info][gc,stats    ] Concurrent Reset                    742 us
[186.870s][info][gc,stats    ] Pause Init Mark (G)                 339 us
[186.870s][info][gc,stats    ] Pause Init Mark (N)                 201 us
[186.870s][info][gc,stats    ]   Update Region States               75 us
[186.870s][info][gc,stats    ] Concurrent Mark Roots               442 us, parallelism: 0.76x
[186.870s][info][gc,stats    ]   CMR: <total>                      336 us
[186.870s][info][gc,stats    ]   CMR: Thread Roots                 296 us, workers (us): 296, ---, ---, 
[186.870s][info][gc,stats    ]   CMR: VM Strong Roots                5 us, workers (us):   5, ---, ---, 
[186.870s][info][gc,stats    ]   CMR: CLDG Roots                    35 us, workers (us):  35, ---, ---, 
[186.870s][info][gc,stats    ] Concurrent Marking                13168 us
[186.870s][info][gc,stats    ] Pause Final Mark (G)                939 us
[186.870s][info][gc,stats    ] Pause Final Mark (N)                372 us
[186.870s][info][gc,stats    ]   Finish Mark                       121 us
[186.870s][info][gc,stats    ]   Update Region States               89 us
[186.870s][info][gc,stats    ]   Choose Collection Set              62 us
[186.870s][info][gc,stats    ]   Rebuild Free Set                   16 us
[186.870s][info][gc,stats    ] Concurrent Weak References          155 us, parallelism: 0.03x
[186.870s][info][gc,stats    ]   CWRF: <total>                       5 us
[186.870s][info][gc,stats    ]   CWRF: Weak References               5 us, workers (us):   5, ---, ---, 
[186.870s][info][gc,stats    ] Concurrent Weak Roots               607 us
[186.870s][info][gc,stats    ]   Roots                             486 us, parallelism: 0.89x
[186.870s][info][gc,stats    ]     CWR: <total>                    432 us
[186.870s][info][gc,stats    ]     CWR: Code Cache Roots           361 us, workers (us): 361, ---, ---, 
[186.870s][info][gc,stats    ]     CWR: VM Weak Roots               65 us, workers (us):  65, ---, ---, 
[186.870s][info][gc,stats    ]     CWR: CLDG Roots                   6 us, workers (us):   6, ---, ---, 
[186.870s][info][gc,stats    ]   Rendezvous                         83 us
[186.870s][info][gc,stats    ] Concurrent Cleanup                   52 us
[186.870s][info][gc,stats    ] Concurrent Class Unloading         2501 us
[186.870s][info][gc,stats    ]   Unlink Stale                     2159 us
[186.870s][info][gc,stats    ]     System Dictionary                 3 us
[186.870s][info][gc,stats    ]     Weak Class Links                  0 us
[186.870s][info][gc,stats    ]     Code Roots                     2154 us
[186.870s][info][gc,stats    ]   Rendezvous                        116 us
[186.870s][info][gc,stats    ]   Purge Unlinked                    156 us
[186.870s][info][gc,stats    ]     Code Roots                      147 us
[186.870s][info][gc,stats    ]     CLDG                              8 us
[186.870s][info][gc,stats    ]     Exception Caches                  0 us
[186.870s][info][gc,stats    ] Pause Final Roots (G)               186 us
[186.870s][info][gc,stats    ] Pause Final Roots (N)                58 us
[186.870s][info][gc,stats    ] 
[186.870s][info][gc,stats    ] Allocation pacing accrued:
[186.870s][info][gc,stats    ]       0 of   937 ms (  0.0%): <total>
[186.870s][info][gc,stats    ]       0 of   937 ms (  0.0%): <average total>
[186.870s][info][gc,stats    ] 
[186.870s][info][gc,metaspace] Metaspace: 9053K(9280K)->9053K(9280K) NonClass: 7881K(8000K)->7881K(8000K) Class: 1171K(1280K)->1171K(1280K)
[186.870s][info][gc,ergo     ] Pacer for Idle. Initial: 163M, Alloc Tax Rate: 1.0x
[187.745s][info][gc          ] Trigger: Learning 3 of 5. Free (5720M) is below initial threshold (5734M)
[187.745s][info][gc,ergo     ] Free: 5720M, Max: 4096K regular, 5676M humongous, Frag: 1% external, 0% internal; Reserve: 412M, Max: 4096K
[187.745s][info][gc,start    ] GC(214) Concurrent reset
[187.745s][info][gc,task     ] GC(214) Using 1 of 3 workers for concurrent reset
[187.745s][info][gc,ergo     ] GC(214) Pacer for Reset. Non-Taxable: 8192M
[187.746s][info][gc          ] GC(214) Concurrent reset 0.816ms
[187.746s][info][gc,start    ] GC(214) Pause Init Mark (unload classes)
[187.746s][info][gc,task     ] GC(214) Using 3 of 3 workers for init marking
[187.747s][info][gc,ergo     ] GC(214) Pacer for Mark. Expected Live: 11979K, Free: 5716M, Non-Taxable: 571M, Alloc Tax Rate: 0.0x
[187.747s][info][gc          ] GC(214) Pause Init Mark (unload classes) 0.180ms
[187.747s][info][gc,start    ] GC(214) Concurrent marking roots
[187.747s][info][gc,task     ] GC(214) Using 1 of 3 workers for concurrent marking roots
[187.747s][info][gc          ] GC(214) Concurrent marking roots 0.610ms
[187.747s][info][gc,start    ] GC(214) Concurrent marking (unload classes)
[187.747s][info][gc,task     ] GC(214) Using 1 of 3 workers for concurrent marking
[187.768s][info][gc          ] GC(214) Concurrent marking (unload classes) 21.053ms
[187.768s][info][gc,start    ] GC(214) Pause Final Mark (unload classes)
[187.769s][info][gc,task     ] GC(214) Using 3 of 3 workers for final marking
[187.769s][info][gc,ergo     ] GC(214) Collectable Garbage: 1927M (94%), Immediate: 1927M (94%), CSet: 0B (0%)
[187.769s][info][gc          ] GC(214) Pause Final Mark (unload classes) 0.351ms
[187.769s][info][gc,start    ] GC(214) Concurrent weak references
[187.769s][info][gc,task     ] GC(214) Using 1 of 3 workers for concurrent weak references
[187.769s][info][gc,ref      ] GC(214) Encountered references: Soft: 144, Weak: 702, Final: 0, Phantom: 27
[187.769s][info][gc,ref      ] GC(214) Discovered  references: Soft: 0, Weak: 150, Final: 0, Phantom: 12
[187.769s][info][gc,ref      ] GC(214) Enqueued    references: Soft: 0, Weak: 0, Final: 0, Phantom: 0
[187.769s][info][gc          ] GC(214) Concurrent weak references 0.173ms
[187.769s][info][gc,start    ] GC(214) Concurrent weak roots
[187.769s][info][gc,task     ] GC(214) Using 1 of 3 workers for concurrent weak root
[187.770s][info][gc          ] GC(214) Concurrent weak roots 0.725ms
[187.770s][info][gc,start    ] GC(214) Concurrent cleanup
[187.770s][info][gc          ] GC(214) Concurrent cleanup 2111M->183M(8192M) 0.042ms
[187.770s][info][gc,ergo     ] GC(214) Free: 7596M, Max: 4096K regular, 5668M humongous, Frag: 26% external, 0% internal; Reserve: 412M, Max: 4096K
[187.770s][info][gc,start    ] GC(214) Concurrent class unloading
[187.770s][info][gc,task     ] GC(214) Using 1 of 3 workers for concurrent class unloading
[187.772s][info][gc          ] GC(214) Concurrent class unloading 2.495ms
[187.773s][info][gc,start    ] GC(214) Pause Final Roots
[187.773s][info][gc          ] GC(214) Pause Final Roots 0.039ms
[187.773s][info][gc,ergo     ] Free: 7588M, Max: 4096K regular, 5668M humongous, Frag: 26% external, 0% internal; Reserve: 412M, Max: 4096K
[187.773s][info][gc,stats    ] 
[187.773s][info][gc,stats    ] All times are wall-clock times, except per-root-class counters, that are sum over
[187.773s][info][gc,stats    ] all workers. Dividing the <total> over the root stage time estimates parallelism.
[187.773s][info][gc,stats    ] 
[187.773s][info][gc,stats    ] Concurrent Reset                    882 us
[187.773s][info][gc,stats    ] Pause Init Mark (G)                 348 us
[187.773s][info][gc,stats    ] Pause Init Mark (N)                 198 us
[187.773s][info][gc,stats    ]   Update Region States               75 us
[187.773s][info][gc,stats    ] Concurrent Mark Roots               627 us, parallelism: 0.78x
[187.773s][info][gc,stats    ]   CMR: <total>                      488 us
[187.773s][info][gc,stats    ]   CMR: Thread Roots                 445 us, workers (us): 445, ---, ---, 
[187.773s][info][gc,stats    ]   CMR: VM Strong Roots                5 us, workers (us):   5, ---, ---, 
[187.773s][info][gc,stats    ]   CMR: CLDG Roots                    38 us, workers (us):  38, ---, ---, 
[187.773s][info][gc,stats    ] Concurrent Marking                21118 us
[187.773s][info][gc,stats    ] Pause Final Mark (G)                510 us
[187.773s][info][gc,stats    ] Pause Final Mark (N)                371 us
[187.773s][info][gc,stats    ]   Finish Mark                       102 us
[187.773s][info][gc,stats    ]   Update Region States               90 us
[187.773s][info][gc,stats    ]   Choose Collection Set              62 us
[187.773s][info][gc,stats    ]   Rebuild Free Set                   17 us
[187.773s][info][gc,stats    ] Concurrent Weak References          181 us, parallelism: 0.04x
[187.773s][info][gc,stats    ]   CWRF: <total>                       8 us
[187.773s][info][gc,stats    ]   CWRF: Weak References               8 us, workers (us):   8, ---, ---, 
[187.773s][info][gc,stats    ] Concurrent Weak Roots               744 us
[187.773s][info][gc,stats    ]   Roots                             628 us, parallelism: 0.89x
[187.773s][info][gc,stats    ]     CWR: <total>                    556 us
[187.773s][info][gc,stats    ]     CWR: Code Cache Roots           432 us, workers (us): 432, ---, ---, 
[187.773s][info][gc,stats    ]     CWR: VM Weak Roots              117 us, workers (us): 117, ---, ---, 
[187.773s][info][gc,stats    ]     CWR: CLDG Roots                   7 us, workers (us):   7, ---, ---, 
[187.773s][info][gc,stats    ]   Rendezvous                         82 us
[187.773s][info][gc,stats    ] Concurrent Cleanup                   50 us
[187.773s][info][gc,stats    ] Concurrent Class Unloading         2548 us
[187.773s][info][gc,stats    ]   Unlink Stale                     2203 us
[187.773s][info][gc,stats    ]     System Dictionary                 3 us
[187.773s][info][gc,stats    ]     Weak Class Links                  0 us
[187.773s][info][gc,stats    ]     Code Roots                     2198 us
[187.773s][info][gc,stats    ]   Rendezvous                        155 us
[187.773s][info][gc,stats    ]   Purge Unlinked                    119 us
[187.773s][info][gc,stats    ]     Code Roots                      109 us
[187.773s][info][gc,stats    ]     CLDG                              9 us
[187.773s][info][gc,stats    ]     Exception Caches                  0 us
[187.773s][info][gc,stats    ] Pause Final Roots (G)               171 us
[187.773s][info][gc,stats    ] Pause Final Roots (N)                57 us
[187.773s][info][gc,stats    ] 
[187.773s][info][gc,stats    ] Allocation pacing accrued:
[187.773s][info][gc,stats    ]       0 of   903 ms (  0.0%): <total>
[187.773s][info][gc,stats    ]       0 of   903 ms (  0.0%): <average total>
[187.773s][info][gc,stats    ] 
[187.773s][info][gc,metaspace] Metaspace: 9053K(9280K)->9053K(9280K) NonClass: 7881K(8000K)->7881K(8000K) Class: 1171K(1280K)->1171K(1280K)
[187.773s][info][gc,ergo     ] Pacer for Idle. Initial: 163M, Alloc Tax Rate: 1.0x
[188.671s][info][gc          ] Trigger: Learning 4 of 5. Free (5712M) is below initial threshold (5734M)
[188.671s][info][gc,ergo     ] Free: 5712M, Max: 4096K regular, 5668M humongous, Frag: 1% external, 0% internal; Reserve: 412M, Max: 4096K
[188.671s][info][gc,start    ] GC(215) Concurrent reset
[188.671s][info][gc,task     ] GC(215) Using 1 of 3 workers for concurrent reset
[188.671s][info][gc,ergo     ] GC(215) Pacer for Reset. Non-Taxable: 8192M
[188.672s][info][gc          ] GC(215) Concurrent reset 0.915ms
[188.672s][info][gc,start    ] GC(215) Pause Init Mark (unload classes)
[188.672s][info][gc,task     ] GC(215) Using 3 of 3 workers for init marking
[188.672s][info][gc,ergo     ] GC(215) Pacer for Mark. Expected Live: 13195K, Free: 5712M, Non-Taxable: 571M, Alloc Tax Rate: 0.0x
[188.672s][info][gc          ] GC(215) Pause Init Mark (unload classes) 0.140ms
[188.673s][info][gc,start    ] GC(215) Concurrent marking roots
[188.673s][info][gc,task     ] GC(215) Using 1 of 3 workers for concurrent marking roots
[188.673s][info][gc          ] GC(215) Concurrent marking roots 0.587ms
[188.673s][info][gc,start    ] GC(215) Concurrent marking (unload classes)
[188.673s][info][gc,task     ] GC(215) Using 1 of 3 workers for concurrent marking
[188.704s][info][gc          ] GC(215) Concurrent marking (unload classes) 30.774ms
[188.704s][info][gc,start    ] GC(215) Pause Final Mark (unload classes)
[188.704s][info][gc,task     ] GC(215) Using 3 of 3 workers for final marking
[188.704s][info][gc,ergo     ] GC(215) Collectable Garbage: 1940M (94%), Immediate: 1940M (94%), CSet: 0B (0%)
[188.704s][info][gc          ] GC(215) Pause Final Mark (unload classes) 0.227ms
[188.704s][info][gc,start    ] GC(215) Concurrent weak references
[188.704s][info][gc,task     ] GC(215) Using 1 of 3 workers for concurrent weak references
[188.704s][info][gc,ref      ] GC(215) Encountered references: Soft: 144, Weak: 702, Final: 0, Phantom: 27
[188.704s][info][gc,ref      ] GC(215) Discovered  references: Soft: 0, Weak: 150, Final: 0, Phantom: 12
[188.704s][info][gc,ref      ] GC(215) Enqueued    references: Soft: 0, Weak: 0, Final: 0, Phantom: 0
[188.704s][info][gc          ] GC(215) Concurrent weak references 0.114ms
[188.704s][info][gc,start    ] GC(215) Concurrent weak roots
[188.704s][info][gc,task     ] GC(215) Using 1 of 3 workers for concurrent weak root
[188.705s][info][gc          ] GC(215) Concurrent weak roots 0.539ms
[188.705s][info][gc,start    ] GC(215) Concurrent cleanup
[188.705s][info][gc          ] GC(215) Concurrent cleanup 2135M->199M(8192M) 0.070ms
[188.705s][info][gc,ergo     ] GC(215) Free: 7580M, Max: 4096K regular, 5644M humongous, Frag: 26% external, 0% internal; Reserve: 412M, Max: 4096K
[188.705s][info][gc,start    ] GC(215) Concurrent class unloading
[188.705s][info][gc,task     ] GC(215) Using 1 of 3 workers for concurrent class unloading
[188.707s][info][gc          ] GC(215) Concurrent class unloading 2.209ms
[188.707s][info][gc,start    ] GC(215) Pause Final Roots
[188.707s][info][gc          ] GC(215) Pause Final Roots 0.025ms
[188.708s][info][gc,ergo     ] Free: 7576M, Max: 4096K regular, 5644M humongous, Frag: 26% external, 0% internal; Reserve: 412M, Max: 4096K
[188.708s][info][gc,stats    ] 
[188.708s][info][gc,stats    ] All times are wall-clock times, except per-root-class counters, that are sum over
[188.708s][info][gc,stats    ] all workers. Dividing the <total> over the root stage time estimates parallelism.
[188.708s][info][gc,stats    ] 
[188.708s][info][gc,stats    ] Concurrent Reset                    972 us
[188.708s][info][gc,stats    ] Pause Init Mark (G)                 295 us
[188.708s][info][gc,stats    ] Pause Init Mark (N)                 149 us
[188.708s][info][gc,stats    ]   Update Region States               55 us
[188.708s][info][gc,stats    ] Concurrent Mark Roots               614 us, parallelism: 0.72x
[188.708s][info][gc,stats    ]   CMR: <total>                      443 us
[188.708s][info][gc,stats    ]   CMR: Thread Roots                 367 us, workers (us): 367, ---, ---, 
[188.708s][info][gc,stats    ]   CMR: VM Strong Roots                9 us, workers (us):   9, ---, ---, 
[188.708s][info][gc,stats    ]   CMR: CLDG Roots                    67 us, workers (us):  67, ---, ---, 
[188.708s][info][gc,stats    ] Concurrent Marking                30821 us
[188.708s][info][gc,stats    ] Pause Final Mark (G)                352 us
[188.708s][info][gc,stats    ] Pause Final Mark (N)                245 us
[188.708s][info][gc,stats    ]   Finish Mark                        53 us
[188.708s][info][gc,stats    ]   Update Region States               39 us
[188.708s][info][gc,stats    ]   Choose Collection Set              46 us
[188.708s][info][gc,stats    ]   Rebuild Free Set                   16 us
[188.708s][info][gc,stats    ] Concurrent Weak References          122 us, parallelism: 0.04x
[188.708s][info][gc,stats    ]   CWRF: <total>                       5 us
[188.708s][info][gc,stats    ]   CWRF: Weak References               5 us, workers (us):   5, ---, ---, 
[188.708s][info][gc,stats    ] Concurrent Weak Roots               563 us
[188.708s][info][gc,stats    ]   Roots                             493 us, parallelism: 0.89x
[188.708s][info][gc,stats    ]     CWR: <total>                    438 us
[188.708s][info][gc,stats    ]     CWR: Code Cache Roots           367 us, workers (us): 367, ---, ---, 
[188.708s][info][gc,stats    ]     CWR: VM Weak Roots               65 us, workers (us):  65, ---, ---, 
[188.708s][info][gc,stats    ]     CWR: CLDG Roots                   5 us, workers (us):   5, ---, ---, 
[188.708s][info][gc,stats    ]   Rendezvous                         26 us
[188.708s][info][gc,stats    ] Concurrent Cleanup                   78 us
[188.708s][info][gc,stats    ] Concurrent Class Unloading         2259 us
[188.708s][info][gc,stats    ]   Unlink Stale                     2033 us
[188.708s][info][gc,stats    ]     System Dictionary                 3 us
[188.708s][info][gc,stats    ]     Weak Class Links                  0 us
[188.708s][info][gc,stats    ]     Code Roots                     2028 us
[188.708s][info][gc,stats    ]   Rendezvous                         44 us
[188.708s][info][gc,stats    ]   Purge Unlinked                    114 us
[188.708s][info][gc,stats    ]     Code Roots                      105 us
[188.708s][info][gc,stats    ]     CLDG                              8 us
[188.708s][info][gc,stats    ]     Exception Caches                  0 us
[188.708s][info][gc,stats    ] Pause Final Roots (G)               132 us
[188.708s][info][gc,stats    ] Pause Final Roots (N)                41 us
[188.708s][info][gc,stats    ] 
[188.708s][info][gc,stats    ] Allocation pacing accrued:
[188.708s][info][gc,stats    ]       0 of   935 ms (  0.0%): <total>
[188.708s][info][gc,stats    ]       0 of   935 ms (  0.0%): <average total>
[188.708s][info][gc,stats    ] 
[188.708s][info][gc,metaspace] Metaspace: 9053K(9280K)->9053K(9280K) NonClass: 7881K(8000K)->7881K(8000K) Class: 1171K(1280K)->1171K(1280K)
[188.708s][info][gc,ergo     ] Pacer for Idle. Initial: 163M, Alloc Tax Rate: 1.0x
[189.393s][info][gc          ] Trigger: Explicit GC request (System.gc())
[189.393s][info][gc,ergo     ] Free: 6724M, Max: 4096K regular, 5644M humongous, Frag: 17% external, 0% internal; Reserve: 412M, Max: 4096K
[189.393s][info][gc,start    ] GC(216) Concurrent reset
[189.393s][info][gc,task     ] GC(216) Using 1 of 3 workers for concurrent reset
[189.393s][info][gc,ergo     ] GC(216) Pacer for Reset. Non-Taxable: 8192M
[189.394s][info][gc          ] GC(216) Concurrent reset 0.830ms
[189.394s][info][gc,start    ] GC(216) Pause Init Mark (unload classes)
[189.394s][info][gc,task     ] GC(216) Using 3 of 3 workers for init marking
[189.394s][info][gc,ref      ] GC(216) Clearing All SoftReferences
[189.394s][info][gc,ergo     ] GC(216) Pacer for Mark. Expected Live: 14460K, Free: 6724M, Non-Taxable: 672M, Alloc Tax Rate: 0.0x
[189.394s][info][gc          ] GC(216) Pause Init Mark (unload classes) 0.140ms
[189.394s][info][gc,start    ] GC(216) Concurrent marking roots
[189.394s][info][gc,task     ] GC(216) Using 1 of 3 workers for concurrent marking roots
[189.395s][info][gc          ] GC(216) Concurrent marking roots 0.480ms
[189.395s][info][gc,start    ] GC(216) Concurrent marking (unload classes)
[189.395s][info][gc,task     ] GC(216) Using 1 of 3 workers for concurrent marking
[189.399s][info][gc          ] GC(216) Concurrent marking (unload classes) 3.669ms
[189.399s][info][gc,start    ] GC(216) Pause Final Mark (unload classes)
[189.399s][info][gc,task     ] GC(216) Using 3 of 3 workers for final marking
[189.399s][info][gc,ergo     ] GC(216) Collectable Garbage: 979M (93%), Immediate: 979M (93%), CSet: 0B (0%)
[189.399s][info][gc          ] GC(216) Pause Final Mark (unload classes) 0.618ms
[189.399s][info][gc,start    ] GC(216) Concurrent weak references
[189.399s][info][gc,task     ] GC(216) Using 1 of 3 workers for concurrent weak references
[189.399s][info][gc,ref      ] GC(216) Encountered references: Soft: 144, Weak: 702, Final: 0, Phantom: 27
[189.400s][info][gc,ref      ] GC(216) Discovered  references: Soft: 89, Weak: 168, Final: 0, Phantom: 25
[189.400s][info][gc,ref      ] GC(216) Enqueued    references: Soft: 3, Weak: 0, Final: 0, Phantom: 0
[189.400s][info][gc          ] GC(216) Concurrent weak references 0.127ms
[189.400s][info][gc,start    ] GC(216) Concurrent weak roots
[189.400s][info][gc,task     ] GC(216) Using 1 of 3 workers for concurrent weak root
[189.400s][info][gc          ] GC(216) Concurrent weak roots 0.686ms
[189.400s][info][gc,start    ] GC(216) Concurrent cleanup
[189.400s][info][gc          ] GC(216) Concurrent cleanup 1055M->75M(8192M) 0.032ms
[189.400s][info][gc,ergo     ] GC(216) Free: 7704M, Max: 4096K regular, 6832M humongous, Frag: 12% external, 0% internal; Reserve: 412M, Max: 4096K
[189.400s][info][gc,start    ] GC(216) Concurrent class unloading
[189.400s][info][gc,task     ] GC(216) Using 1 of 3 workers for concurrent class unloading
[189.403s][info][gc          ] GC(216) Concurrent class unloading 2.477ms
[189.403s][info][gc,start    ] GC(216) Pause Final Roots
[189.403s][info][gc          ] GC(216) Pause Final Roots 0.055ms
[189.403s][info][gc,ergo     ] Free: 7704M, Max: 4096K regular, 6832M humongous, Frag: 12% external, 0% internal; Reserve: 412M, Max: 4096K
[189.403s][info][gc,stats    ] 
[189.403s][info][gc,stats    ] All times are wall-clock times, except per-root-class counters, that are sum over
[189.403s][info][gc,stats    ] all workers. Dividing the <total> over the root stage time estimates parallelism.
[189.403s][info][gc,stats    ] 
[189.403s][info][gc,stats    ] Concurrent Reset                    929 us
[189.403s][info][gc,stats    ] Pause Init Mark (G)                 274 us
[189.403s][info][gc,stats    ] Pause Init Mark (N)                 148 us
[189.403s][info][gc,stats    ]   Update Region States               63 us
[189.403s][info][gc,stats    ] Concurrent Mark Roots               514 us, parallelism: 0.69x
[189.403s][info][gc,stats    ]   CMR: <total>                      353 us
[189.403s][info][gc,stats    ]   CMR: Thread Roots                 310 us, workers (us): 310, ---, ---, 
[189.403s][info][gc,stats    ]   CMR: VM Strong Roots                6 us, workers (us):   6, ---, ---, 
[189.403s][info][gc,stats    ]   CMR: CLDG Roots                    37 us, workers (us):  37, ---, ---, 
[189.403s][info][gc,stats    ] Concurrent Marking                 3767 us
[189.403s][info][gc,stats    ] Pause Final Mark (G)                745 us
[189.403s][info][gc,stats    ] Pause Final Mark (N)                642 us
[189.403s][info][gc,stats    ]   Finish Mark                       136 us
[189.403s][info][gc,stats    ]   Update Region States               78 us
[189.403s][info][gc,stats    ]   Choose Collection Set              76 us
[189.403s][info][gc,stats    ]   Rebuild Free Set                   22 us
[189.403s][info][gc,stats    ] Concurrent Weak References          135 us, parallelism: 0.08x
[189.403s][info][gc,stats    ]   CWRF: <total>                      10 us
[189.403s][info][gc,stats    ]   CWRF: Weak References              10 us, workers (us):  10, ---, ---, 
[189.403s][info][gc,stats    ] Concurrent Weak Roots               706 us
[189.403s][info][gc,stats    ]   Roots                             578 us, parallelism: 0.87x
[189.403s][info][gc,stats    ]     CWR: <total>                    505 us
[189.403s][info][gc,stats    ]     CWR: Code Cache Roots           385 us, workers (us): 385, ---, ---, 
[189.403s][info][gc,stats    ]     CWR: VM Weak Roots              114 us, workers (us): 114, ---, ---, 
[189.403s][info][gc,stats    ]     CWR: CLDG Roots                   6 us, workers (us):   6, ---, ---, 
[189.403s][info][gc,stats    ]   Rendezvous                         92 us
[189.403s][info][gc,stats    ] Concurrent Cleanup                   40 us
[189.403s][info][gc,stats    ] Concurrent Class Unloading         2529 us
[189.403s][info][gc,stats    ]   Unlink Stale                     2129 us
[189.403s][info][gc,stats    ]     System Dictionary                 3 us
[189.403s][info][gc,stats    ]     Weak Class Links                  0 us
[189.403s][info][gc,stats    ]     Code Roots                     2125 us
[189.403s][info][gc,stats    ]   Rendezvous                        170 us
[189.403s][info][gc,stats    ]   Purge Unlinked                    158 us
[189.403s][info][gc,stats    ]     Code Roots                      148 us
[189.403s][info][gc,stats    ]     CLDG                              9 us
[189.403s][info][gc,stats    ]     Exception Caches                  0 us
[189.403s][info][gc,stats    ] Pause Final Roots (G)               194 us
[189.403s][info][gc,stats    ] Pause Final Roots (N)                78 us
[189.404s][info][gc,stats    ] 
[189.404s][info][gc,stats    ] Allocation pacing accrued:
[189.404s][info][gc,stats    ]       0 of   696 ms (  0.0%): <total>
[189.404s][info][gc,stats    ]       0 of   696 ms (  0.0%): <average total>
[189.404s][info][gc,stats    ] 
[189.404s][info][gc,metaspace] Metaspace: 9053K(9280K)->9053K(9280K) NonClass: 7881K(8000K)->7881K(8000K) Class: 1171K(1280K)->1171K(1280K)
[189.404s][info][gc,ergo     ] Pacer for Idle. Initial: 163M, Alloc Tax Rate: 1.0x
[190.320s][info][gc          ] Trigger: Learning 2 of 5. Free (5708M) is below initial threshold (5734M)
[190.320s][info][gc,ergo     ] Free: 5708M, Max: 4096K regular, 5708M humongous, Frag: 0% external, 0% internal; Reserve: 412M, Max: 4096K
[190.320s][info][gc,start    ] GC(217) Concurrent reset
[190.320s][info][gc,task     ] GC(217) Using 1 of 3 workers for concurrent reset
[190.320s][info][gc,ergo     ] GC(217) Pacer for Reset. Non-Taxable: 8192M
[190.321s][info][gc          ] GC(217) Concurrent reset 0.662ms
[190.321s][info][gc,start    ] GC(217) Pause Init Mark (unload classes)
[190.321s][info][gc,task     ] GC(217) Using 3 of 3 workers for init marking
[190.321s][info][gc,ergo     ] GC(217) Pacer for Mark. Expected Live: 10698K, Free: 5704M, Non-Taxable: 570M, Alloc Tax Rate: 0.0x
[190.321s][info][gc          ] GC(217) Pause Init Mark (unload classes) 0.242ms
[190.321s][info][gc,start    ] GC(217) Concurrent marking roots
[190.321s][info][gc,task     ] GC(217) Using 1 of 3 workers for concurrent marking roots
[190.322s][info][gc          ] GC(217) Concurrent marking roots 0.422ms
[190.322s][info][gc,start    ] GC(217) Concurrent marking (unload classes)
[190.322s][info][gc,task     ] GC(217) Using 1 of 3 workers for concurrent marking
[190.335s][info][gc          ] GC(217) Concurrent marking (unload classes) 12.927ms
[190.335s][info][gc,start    ] GC(217) Pause Final Mark (unload classes)
[190.335s][info][gc,task     ] GC(217) Using 3 of 3 workers for final marking
[190.335s][info][gc,ergo     ] GC(217) Collectable Garbage: 1960M (94%), Immediate: 1960M (94%), CSet: 0B (0%)
[190.335s][info][gc          ] GC(217) Pause Final Mark (unload classes) 0.355ms
[190.335s][info][gc,start    ] GC(217) Concurrent weak references
[190.335s][info][gc,task     ] GC(217) Using 1 of 3 workers for concurrent weak references
[190.335s][info][gc,ref      ] GC(217) Encountered references: Soft: 144, Weak: 702, Final: 0, Phantom: 27
[190.335s][info][gc,ref      ] GC(217) Discovered  references: Soft: 0, Weak: 150, Final: 0, Phantom: 12
[190.335s][info][gc,ref      ] GC(217) Enqueued    references: Soft: 0, Weak: 0, Final: 0, Phantom: 0
[190.335s][info][gc          ] GC(217) Concurrent weak references 0.141ms
[190.335s][info][gc,start    ] GC(217) Concurrent weak roots
[190.335s][info][gc,task     ] GC(217) Using 1 of 3 workers for concurrent weak root
[190.336s][info][gc          ] GC(217) Concurrent weak roots 0.620ms
[190.336s][info][gc,start    ] GC(217) Concurrent cleanup
[190.336s][info][gc          ] GC(217) Concurrent cleanup 2107M->147M(8192M) 0.050ms
[190.336s][info][gc,ergo     ] GC(217) Free: 7632M, Max: 4096K regular, 5672M humongous, Frag: 26% external, 0% internal; Reserve: 412M, Max: 4096K
[190.336s][info][gc,start    ] GC(217) Concurrent class unloading
[190.336s][info][gc,task     ] GC(217) Using 1 of 3 workers for concurrent class unloading
[190.338s][info][gc          ] GC(217) Concurrent class unloading 2.108ms
[190.338s][info][gc,start    ] GC(217) Pause Final Roots
[190.338s][info][gc          ] GC(217) Pause Final Roots 0.029ms
[190.338s][info][gc,ergo     ] Free: 7628M, Max: 4096K regular, 5672M humongous, Frag: 26% external, 0% internal; Reserve: 412M, Max: 4096K
[190.338s][info][gc,stats    ] 
[190.338s][info][gc,stats    ] All times are wall-clock times, except per-root-class counters, that are sum over
[190.338s][info][gc,stats    ] all workers. Dividing the <total> over the root stage time estimates parallelism.
[190.338s][info][gc,stats    ] 
[190.339s][info][gc,stats    ] Concurrent Reset                    727 us
[190.339s][info][gc,stats    ] Pause Init Mark (G)                 415 us
[190.339s][info][gc,stats    ] Pause Init Mark (N)                 261 us
[190.339s][info][gc,stats    ]   Update Region States              113 us
[190.339s][info][gc,stats    ] Concurrent Mark Roots               440 us, parallelism: 0.76x
[190.339s][info][gc,stats    ]   CMR: <total>                      336 us
[190.339s][info][gc,stats    ]   CMR: Thread Roots                 298 us, workers (us): 298, ---, ---, 
[190.339s][info][gc,stats    ]   CMR: VM Strong Roots                5 us, workers (us):   5, ---, ---, 
[190.339s][info][gc,stats    ]   CMR: CLDG Roots                    34 us, workers (us):  34, ---, ---, 
[190.339s][info][gc,stats    ] Concurrent Marking                12988 us
[190.339s][info][gc,stats    ] Pause Final Mark (G)                504 us
[190.339s][info][gc,stats    ] Pause Final Mark (N)                374 us
[190.339s][info][gc,stats    ]   Finish Mark                       120 us
[190.339s][info][gc,stats    ]   Update Region States               92 us
[190.339s][info][gc,stats    ]   Choose Collection Set              62 us
[190.339s][info][gc,stats    ]   Rebuild Free Set                   17 us
[190.339s][info][gc,stats    ] Concurrent Weak References          148 us, parallelism: 0.05x
[190.339s][info][gc,stats    ]   CWRF: <total>                       8 us
[190.339s][info][gc,stats    ]   CWRF: Weak References               8 us, workers (us):   8, ---, ---, 
[190.339s][info][gc,stats    ] Concurrent Weak Roots               649 us
[190.339s][info][gc,stats    ]   Roots                             517 us, parallelism: 0.92x
[190.339s][info][gc,stats    ]     CWR: <total>                    473 us
[190.339s][info][gc,stats    ]     CWR: Code Cache Roots           383 us, workers (us): 383, ---, ---, 
[190.339s][info][gc,stats    ]     CWR: VM Weak Roots               84 us, workers (us):  84, ---, ---, 
[190.339s][info][gc,stats    ]     CWR: CLDG Roots                   6 us, workers (us):   6, ---, ---, 
[190.339s][info][gc,stats    ]   Rendezvous                         87 us
[190.339s][info][gc,stats    ] Concurrent Cleanup                   59 us
[190.339s][info][gc,stats    ] Concurrent Class Unloading         2166 us
[190.339s][info][gc,stats    ]   Unlink Stale                     1903 us
[190.339s][info][gc,stats    ]     System Dictionary                 6 us
[190.339s][info][gc,stats    ]     Weak Class Links                  1 us
[190.339s][info][gc,stats    ]     Code Roots                     1895 us
[190.339s][info][gc,stats    ]   Rendezvous                         61 us
[190.339s][info][gc,stats    ]   Purge Unlinked                    124 us
[190.339s][info][gc,stats    ]     Code Roots                      114 us
[190.339s][info][gc,stats    ]     CLDG                              9 us
[190.339s][info][gc,stats    ]     Exception Caches                  0 us
[190.339s][info][gc,stats    ] Pause Final Roots (G)               132 us
[190.339s][info][gc,stats    ] Pause Final Roots (N)                37 us
[190.339s][info][gc,stats    ] 
[190.339s][info][gc,stats    ] Allocation pacing accrued:
[190.339s][info][gc,stats    ]       0 of   936 ms (  0.0%): <total>
[190.339s][info][gc,stats    ]       0 of   936 ms (  0.0%): <average total>
[190.339s][info][gc,stats    ] 
[190.339s][info][gc,metaspace] Metaspace: 9053K(9280K)->9053K(9280K) NonClass: 7881K(8000K)->7881K(8000K) Class: 1171K(1280K)->1171K(1280K)
[190.339s][info][gc,ergo     ] Pacer for Idle. Initial: 163M, Alloc Tax Rate: 1.0x
[191.214s][info][gc          ] Trigger: Learning 3 of 5. Free (5724M) is below initial threshold (5734M)
[191.215s][info][gc,ergo     ] Free: 5724M, Max: 4096K regular, 5672M humongous, Frag: 1% external, 0% internal; Reserve: 412M, Max: 4096K
[191.215s][info][gc,start    ] GC(218) Concurrent reset
[191.215s][info][gc,task     ] GC(218) Using 1 of 3 workers for concurrent reset
[191.215s][info][gc,ergo     ] GC(218) Pacer for Reset. Non-Taxable: 8192M
[191.215s][info][gc          ] GC(218) Concurrent reset 0.731ms
[191.215s][info][gc,start    ] GC(218) Pause Init Mark (unload classes)
[191.216s][info][gc,task     ] GC(218) Using 3 of 3 workers for init marking
[191.216s][info][gc,ergo     ] GC(218) Pacer for Mark. Expected Live: 11999K, Free: 5720M, Non-Taxable: 572M, Alloc Tax Rate: 0.0x
[191.216s][info][gc          ] GC(218) Pause Init Mark (unload classes) 0.194ms
[191.216s][info][gc,start    ] GC(218) Concurrent marking roots
[191.216s][info][gc,task     ] GC(218) Using 1 of 3 workers for concurrent marking roots
[191.216s][info][gc          ] GC(218) Concurrent marking roots 0.420ms
[191.216s][info][gc,start    ] GC(218) Concurrent marking (unload classes)
[191.216s][info][gc,task     ] GC(218) Using 1 of 3 workers for concurrent marking
[191.238s][info][gc          ] GC(218) Concurrent marking (unload classes) 21.268ms
[191.238s][info][gc,start    ] GC(218) Pause Final Mark (unload classes)
[191.238s][info][gc,task     ] GC(218) Using 3 of 3 workers for final marking
[191.238s][info][gc,ergo     ] GC(218) Collectable Garbage: 1915M (93%), Immediate: 1915M (93%), CSet: 0B (0%)
[191.238s][info][gc          ] GC(218) Pause Final Mark (unload classes) 0.293ms
[191.238s][info][gc,start    ] GC(218) Concurrent weak references
[191.238s][info][gc,task     ] GC(218) Using 1 of 3 workers for concurrent weak references
[191.238s][info][gc,ref      ] GC(218) Encountered references: Soft: 144, Weak: 702, Final: 0, Phantom: 27
[191.238s][info][gc,ref      ] GC(218) Discovered  references: Soft: 0, Weak: 150, Final: 0, Phantom: 25
[191.238s][info][gc,ref      ] GC(218) Enqueued    references: Soft: 0, Weak: 0, Final: 0, Phantom: 0
[191.238s][info][gc          ] GC(218) Concurrent weak references 0.114ms
[191.238s][info][gc,start    ] GC(218) Concurrent weak roots
[191.238s][info][gc,task     ] GC(218) Using 1 of 3 workers for concurrent weak root
[191.239s][info][gc          ] GC(218) Concurrent weak roots 0.575ms
[191.239s][info][gc,start    ] GC(218) Concurrent cleanup
[191.239s][info][gc          ] GC(218) Concurrent cleanup 2107M->191M(8192M) 0.045ms
[191.239s][info][gc,ergo     ] GC(218) Free: 7588M, Max: 4096K regular, 5716M humongous, Frag: 25% external, 0% internal; Reserve: 412M, Max: 4096K
[191.239s][info][gc,start    ] GC(218) Concurrent class unloading
[191.239s][info][gc,task     ] GC(218) Using 1 of 3 workers for concurrent class unloading
[191.241s][info][gc          ] GC(218) Concurrent class unloading 1.900ms
[191.241s][info][gc,start    ] GC(218) Pause Final Roots
[191.241s][info][gc          ] GC(218) Pause Final Roots 0.041ms
[191.241s][info][gc,ergo     ] Free: 7584M, Max: 4096K regular, 5716M humongous, Frag: 25% external, 0% internal; Reserve: 412M, Max: 4096K
[191.241s][info][gc,stats    ] 
[191.241s][info][gc,stats    ] All times are wall-clock times, except per-root-class counters, that are sum over
[191.241s][info][gc,stats    ] all workers. Dividing the <total> over the root stage time estimates parallelism.
[191.241s][info][gc,stats    ] 
[191.241s][info][gc,stats    ] Concurrent Reset                    799 us
[191.241s][info][gc,stats    ] Pause Init Mark (G)                 393 us
[191.241s][info][gc,stats    ] Pause Init Mark (N)                 215 us
[191.241s][info][gc,stats    ]   Update Region States               79 us
[191.241s][info][gc,stats    ] Concurrent Mark Roots               437 us, parallelism: 0.78x
[191.241s][info][gc,stats    ]   CMR: <total>                      341 us
[191.241s][info][gc,stats    ]   CMR: Thread Roots                 299 us, workers (us): 299, ---, ---, 
[191.241s][info][gc,stats    ]   CMR: VM Strong Roots                6 us, workers (us):   6, ---, ---, 
[191.241s][info][gc,stats    ]   CMR: CLDG Roots                    37 us, workers (us):  37, ---, ---, 
[191.241s][info][gc,stats    ] Concurrent Marking                21336 us
[191.241s][info][gc,stats    ] Pause Final Mark (G)                431 us
[191.241s][info][gc,stats    ] Pause Final Mark (N)                312 us
[191.241s][info][gc,stats    ]   Finish Mark                        92 us
[191.241s][info][gc,stats    ]   Update Region States               48 us
[191.241s][info][gc,stats    ]   Choose Collection Set              65 us
[191.241s][info][gc,stats    ]   Rebuild Free Set                   17 us
[191.241s][info][gc,stats    ] Concurrent Weak References          121 us, parallelism: 0.04x
[191.241s][info][gc,stats    ]   CWRF: <total>                       5 us
[191.241s][info][gc,stats    ]   CWRF: Weak References               5 us, workers (us):   5, ---, ---, 
[191.241s][info][gc,stats    ] Concurrent Weak Roots               594 us
[191.241s][info][gc,stats    ]   Roots                             477 us, parallelism: 0.89x
[191.241s][info][gc,stats    ]     CWR: <total>                    424 us
[191.241s][info][gc,stats    ]     CWR: Code Cache Roots           354 us, workers (us): 354, ---, ---, 
[191.241s][info][gc,stats    ]     CWR: VM Weak Roots               65 us, workers (us):  65, ---, ---, 
[191.241s][info][gc,stats    ]     CWR: CLDG Roots                   5 us, workers (us):   5, ---, ---, 
[191.241s][info][gc,stats    ]   Rendezvous                         82 us
[191.241s][info][gc,stats    ] Concurrent Cleanup                   53 us
[191.241s][info][gc,stats    ] Concurrent Class Unloading         1931 us
[191.241s][info][gc,stats    ]   Unlink Stale                     1768 us
[191.241s][info][gc,stats    ]     System Dictionary                 3 us
[191.242s][info][gc,stats    ]     Weak Class Links                  1 us
[191.242s][info][gc,stats    ]     Code Roots                     1764 us
[191.242s][info][gc,stats    ]   Rendezvous                         43 us
[191.242s][info][gc,stats    ]   Purge Unlinked                     71 us
[191.242s][info][gc,stats    ]     Code Roots                       66 us
[191.242s][info][gc,stats    ]     CLDG                              5 us
[191.242s][info][gc,stats    ]     Exception Caches                  0 us
[191.242s][info][gc,stats    ] Pause Final Roots (G)               176 us
[191.242s][info][gc,stats    ] Pause Final Roots (N)                58 us
[191.242s][info][gc,stats    ] 
[191.242s][info][gc,stats    ] Allocation pacing accrued:
[191.242s][info][gc,stats    ]       0 of   903 ms (  0.0%): <total>
[191.242s][info][gc,stats    ]       0 of   903 ms (  0.0%): <average total>
[191.242s][info][gc,stats    ] 
[191.242s][info][gc,metaspace] Metaspace: 9053K(9280K)->9053K(9280K) NonClass: 7881K(8000K)->7881K(8000K) Class: 1171K(1280K)->1171K(1280K)
[191.242s][info][gc,ergo     ] Pacer for Idle. Initial: 163M, Alloc Tax Rate: 1.0x
[192.125s][info][gc          ] Trigger: Learning 4 of 5. Free (5732M) is below initial threshold (5734M)
[192.125s][info][gc,ergo     ] Free: 5732M, Max: 4096K regular, 5716M humongous, Frag: 1% external, 0% internal; Reserve: 412M, Max: 4096K
[192.125s][info][gc,start    ] GC(219) Concurrent reset
[192.125s][info][gc,task     ] GC(219) Using 1 of 3 workers for concurrent reset
[192.125s][info][gc,ergo     ] GC(219) Pacer for Reset. Non-Taxable: 8192M
[192.126s][info][gc          ] GC(219) Concurrent reset 0.876ms
[192.126s][info][gc,start    ] GC(219) Pause Init Mark (unload classes)
[192.126s][info][gc,task     ] GC(219) Using 3 of 3 workers for init marking
[192.126s][info][gc,ergo     ] GC(219) Pacer for Mark. Expected Live: 13214K, Free: 5732M, Non-Taxable: 573M, Alloc Tax Rate: 0.0x
[192.127s][info][gc          ] GC(219) Pause Init Mark (unload classes) 0.128ms
[192.127s][info][gc,start    ] GC(219) Concurrent marking roots
[192.127s][info][gc,task     ] GC(219) Using 1 of 3 workers for concurrent marking roots
[192.127s][info][gc          ] GC(219) Concurrent marking roots 0.471ms
[192.127s][info][gc,start    ] GC(219) Concurrent marking (unload classes)
[192.127s][info][gc,task     ] GC(219) Using 1 of 3 workers for concurrent marking
[192.157s][info][gc          ] GC(219) Concurrent marking (unload classes) 29.721ms
[192.157s][info][gc,start    ] GC(219) Pause Final Mark (unload classes)
[192.157s][info][gc,task     ] GC(219) Using 3 of 3 workers for final marking
[192.157s][info][gc,ergo     ] GC(219) Collectable Garbage: 1900M (93%), Immediate: 1900M (93%), CSet: 0B (0%)
[192.157s][info][gc          ] GC(219) Pause Final Mark (unload classes) 0.332ms
[192.157s][info][gc,start    ] GC(219) Concurrent weak references
[192.157s][info][gc,task     ] GC(219) Using 1 of 3 workers for concurrent weak references
[192.158s][info][gc,ref      ] GC(219) Encountered references: Soft: 144, Weak: 702, Final: 0, Phantom: 27
[192.158s][info][gc,ref      ] GC(219) Discovered  references: Soft: 0, Weak: 150, Final: 0, Phantom: 12
[192.158s][info][gc,ref      ] GC(219) Enqueued    references: Soft: 0, Weak: 0, Final: 0, Phantom: 0
[192.158s][info][gc          ] GC(219) Concurrent weak references 0.186ms
[192.158s][info][gc,start    ] GC(219) Concurrent weak roots
[192.158s][info][gc,task     ] GC(219) Using 1 of 3 workers for concurrent weak root
[192.158s][info][gc          ] GC(219) Concurrent weak roots 0.590ms
[192.158s][info][gc,start    ] GC(219) Concurrent cleanup
[192.158s][info][gc          ] GC(219) Concurrent cleanup 2103M->203M(8192M) 0.041ms
[192.158s][info][gc,ergo     ] GC(219) Free: 7576M, Max: 4096K regular, 5676M humongous, Frag: 26% external, 0% internal; Reserve: 412M, Max: 4096K
[192.158s][info][gc,start    ] GC(219) Concurrent class unloading
[192.158s][info][gc,task     ] GC(219) Using 1 of 3 workers for concurrent class unloading
[192.160s][info][gc          ] GC(219) Concurrent class unloading 2.034ms
[192.160s][info][gc,start    ] GC(219) Pause Final Roots
[192.160s][info][gc          ] GC(219) Pause Final Roots 0.020ms
[192.161s][info][gc,ergo     ] Free: 7572M, Max: 4096K regular, 5676M humongous, Frag: 26% external, 0% internal; Reserve: 412M, Max: 4096K
[192.161s][info][gc,stats    ] 
[192.161s][info][gc,stats    ] All times are wall-clock times, except per-root-class counters, that are sum over
[192.161s][info][gc,stats    ] all workers. Dividing the <total> over the root stage time estimates parallelism.
[192.161s][info][gc,stats    ] 
[192.161s][info][gc,stats    ] Concurrent Reset                    934 us
[192.161s][info][gc,stats    ] Pause Init Mark (G)                 284 us
[192.161s][info][gc,stats    ] Pause Init Mark (N)                 147 us
[192.161s][info][gc,stats    ]   Update Region States               69 us
[192.161s][info][gc,stats    ] Concurrent Mark Roots               507 us, parallelism: 0.69x
[192.161s][info][gc,stats    ]   CMR: <total>                      348 us
[192.161s][info][gc,stats    ]   CMR: Thread Roots                 301 us, workers (us): 301, ---, ---, 
[192.161s][info][gc,stats    ]   CMR: VM Strong Roots                6 us, workers (us):   6, ---, ---, 
[192.161s][info][gc,stats    ]   CMR: CLDG Roots                    40 us, workers (us):  40, ---, ---, 
[192.161s][info][gc,stats    ] Concurrent Marking                29785 us
[192.161s][info][gc,stats    ] Pause Final Mark (G)                492 us
[192.161s][info][gc,stats    ] Pause Final Mark (N)                351 us
[192.161s][info][gc,stats    ]   Finish Mark                       105 us
[192.161s][info][gc,stats    ]   Update Region States               67 us
[192.161s][info][gc,stats    ]   Choose Collection Set              63 us
[192.161s][info][gc,stats    ]   Rebuild Free Set                   17 us
[192.161s][info][gc,stats    ] Concurrent Weak References          195 us, parallelism: 0.02x
[192.161s][info][gc,stats    ]   CWRF: <total>                       5 us
[192.161s][info][gc,stats    ]   CWRF: Weak References               5 us, workers (us):   5, ---, ---, 
[192.161s][info][gc,stats    ] Concurrent Weak Roots               608 us
[192.161s][info][gc,stats    ]   Roots                             491 us, parallelism: 0.89x
[192.161s][info][gc,stats    ]     CWR: <total>                    438 us
[192.161s][info][gc,stats    ]     CWR: Code Cache Roots           366 us, workers (us): 366, ---, ---, 
[192.161s][info][gc,stats    ]     CWR: VM Weak Roots               66 us, workers (us):  66, ---, ---, 
[192.161s][info][gc,stats    ]     CWR: CLDG Roots                   5 us, workers (us):   5, ---, ---, 
[192.161s][info][gc,stats    ]   Rendezvous                         83 us
[192.161s][info][gc,stats    ] Concurrent Cleanup                   49 us
[192.161s][info][gc,stats    ] Concurrent Class Unloading         2080 us
[192.161s][info][gc,stats    ]   Unlink Stale                     1860 us
[192.161s][info][gc,stats    ]     System Dictionary                 3 us
[192.161s][info][gc,stats    ]     Weak Class Links                  0 us
[192.161s][info][gc,stats    ]     Code Roots                     1856 us
[192.161s][info][gc,stats    ]   Rendezvous                         57 us
[192.161s][info][gc,stats    ]   Purge Unlinked                     99 us
[192.161s][info][gc,stats    ]     Code Roots                       91 us
[192.161s][info][gc,stats    ]     CLDG                              8 us
[192.161s][info][gc,stats    ]     Exception Caches                  0 us
[192.161s][info][gc,stats    ] Pause Final Roots (G)               113 us
[192.161s][info][gc,stats    ] Pause Final Roots (N)                28 us
[192.161s][info][gc,stats    ] 
[192.161s][info][gc,stats    ] Allocation pacing accrued:
[192.161s][info][gc,stats    ]       0 of   920 ms (  0.0%): <total>
[192.161s][info][gc,stats    ]       0 of   920 ms (  0.0%): <average total>
[192.161s][info][gc,stats    ] 
[192.161s][info][gc,metaspace] Metaspace: 9053K(9280K)->9053K(9280K) NonClass: 7881K(8000K)->7881K(8000K) Class: 1171K(1280K)->1171K(1280K)
[192.161s][info][gc,ergo     ] Pacer for Idle. Initial: 163M, Alloc Tax Rate: 1.0x
[192.879s][info][gc          ] Trigger: Explicit GC request (System.gc())
[192.879s][info][gc,ergo     ] Free: 6668M, Max: 4096K regular, 5676M humongous, Frag: 15% external, 0% internal; Reserve: 412M, Max: 4096K
[192.879s][info][gc,start    ] GC(220) Concurrent reset
[192.879s][info][gc,task     ] GC(220) Using 1 of 3 workers for concurrent reset
[192.879s][info][gc,ergo     ] GC(220) Pacer for Reset. Non-Taxable: 8192M
[192.880s][info][gc          ] GC(220) Concurrent reset 1.087ms
[192.880s][info][gc,start    ] GC(220) Pause Init Mark (unload classes)
[192.880s][info][gc,task     ] GC(220) Using 3 of 3 workers for init marking
[192.880s][info][gc,ref      ] GC(220) Clearing All SoftReferences
[192.880s][info][gc,ergo     ] GC(220) Pacer for Mark. Expected Live: 14452K, Free: 6668M, Non-Taxable: 666M, Alloc Tax Rate: 0.0x
[192.880s][info][gc          ] GC(220) Pause Init Mark (unload classes) 0.226ms
[192.880s][info][gc,start    ] GC(220) Concurrent marking roots
[192.881s][info][gc,task     ] GC(220) Using 1 of 3 workers for concurrent marking roots
[192.881s][info][gc          ] GC(220) Concurrent marking roots 0.634ms
[192.881s][info][gc,start    ] GC(220) Concurrent marking (unload classes)
[192.881s][info][gc,task     ] GC(220) Using 1 of 3 workers for concurrent marking
[192.885s][info][gc          ] GC(220) Concurrent marking (unload classes) 4.202ms
[192.885s][info][gc,start    ] GC(220) Pause Final Mark (unload classes)
[192.886s][info][gc,task     ] GC(220) Using 3 of 3 workers for final marking
[192.886s][info][gc,ergo     ] GC(220) Collectable Garbage: 1035M (93%), Immediate: 1035M (93%), CSet: 0B (0%)
[192.886s][info][gc          ] GC(220) Pause Final Mark (unload classes) 0.301ms
[192.886s][info][gc,start    ] GC(220) Concurrent weak references
[192.886s][info][gc,task     ] GC(220) Using 1 of 3 workers for concurrent weak references
[192.886s][info][gc,ref      ] GC(220) Encountered references: Soft: 144, Weak: 702, Final: 0, Phantom: 27
[192.886s][info][gc,ref      ] GC(220) Discovered  references: Soft: 89, Weak: 168, Final: 0, Phantom: 25
[192.886s][info][gc,ref      ] GC(220) Enqueued    references: Soft: 3, Weak: 0, Final: 0, Phantom: 0
[192.886s][info][gc          ] GC(220) Concurrent weak references 0.153ms
[192.886s][info][gc,start    ] GC(220) Concurrent weak roots
[192.886s][info][gc,task     ] GC(220) Using 1 of 3 workers for concurrent weak root
[192.887s][info][gc          ] GC(220) Concurrent weak roots 0.684ms
[192.887s][info][gc,start    ] GC(220) Concurrent cleanup
[192.887s][info][gc          ] GC(220) Concurrent cleanup 1111M->75M(8192M) 0.032ms
[192.887s][info][gc,ergo     ] GC(220) Free: 7704M, Max: 4096K regular, 6784M humongous, Frag: 12% external, 0% internal; Reserve: 412M, Max: 4096K
[192.887s][info][gc,start    ] GC(220) Concurrent class unloading
[192.887s][info][gc,task     ] GC(220) Using 1 of 3 workers for concurrent class unloading
[192.889s][info][gc          ] GC(220) Concurrent class unloading 2.041ms
[192.889s][info][gc,start    ] GC(220) Pause Final Roots
[192.889s][info][gc          ] GC(220) Pause Final Roots 0.020ms
[192.889s][info][gc,ergo     ] Free: 7704M, Max: 4096K regular, 6784M humongous, Frag: 12% external, 0% internal; Reserve: 412M, Max: 4096K
[192.889s][info][gc,stats    ] 
[192.889s][info][gc,stats    ] All times are wall-clock times, except per-root-class counters, that are sum over
[192.889s][info][gc,stats    ] all workers. Dividing the <total> over the root stage time estimates parallelism.
[192.889s][info][gc,stats    ] 
[192.889s][info][gc,stats    ] Concurrent Reset                   1208 us
[192.889s][info][gc,stats    ] Pause Init Mark (G)                 367 us
[192.889s][info][gc,stats    ] Pause Init Mark (N)                 242 us
[192.889s][info][gc,stats    ]   Update Region States               66 us
[192.889s][info][gc,stats    ] Concurrent Mark Roots               651 us, parallelism: 0.81x
[192.889s][info][gc,stats    ]   CMR: <total>                      525 us
[192.889s][info][gc,stats    ]   CMR: Thread Roots                 448 us, workers (us): 448, ---, ---, 
[192.889s][info][gc,stats    ]   CMR: VM Strong Roots                7 us, workers (us):   7, ---, ---, 
[192.889s][info][gc,stats    ]   CMR: CLDG Roots                    70 us, workers (us):  70, ---, ---, 
[192.889s][info][gc,stats    ] Concurrent Marking                 4250 us
[192.889s][info][gc,stats    ] Pause Final Mark (G)                435 us
[192.889s][info][gc,stats    ] Pause Final Mark (N)                323 us
[192.889s][info][gc,stats    ]   Finish Mark                        91 us
[192.889s][info][gc,stats    ]   Update Region States               49 us
[192.889s][info][gc,stats    ]   Choose Collection Set              58 us
[192.889s][info][gc,stats    ]   Rebuild Free Set                   21 us
[192.889s][info][gc,stats    ] Concurrent Weak References          170 us, parallelism: 0.05x
[192.889s][info][gc,stats    ]   CWRF: <total>                       8 us
[192.889s][info][gc,stats    ]   CWRF: Weak References               8 us, workers (us):   8, ---, ---, 
[192.889s][info][gc,stats    ] Concurrent Weak Roots               704 us
[192.889s][info][gc,stats    ]   Roots                             577 us, parallelism: 0.87x
[192.889s][info][gc,stats    ]     CWR: <total>                    505 us
[192.889s][info][gc,stats    ]     CWR: Code Cache Roots           383 us, workers (us): 383, ---, ---, 
[192.889s][info][gc,stats    ]     CWR: VM Weak Roots              117 us, workers (us): 117, ---, ---, 
[192.889s][info][gc,stats    ]     CWR: CLDG Roots                   5 us, workers (us):   5, ---, ---, 
[192.889s][info][gc,stats    ]   Rendezvous                         84 us
[192.889s][info][gc,stats    ] Concurrent Cleanup                   40 us
[192.889s][info][gc,stats    ] Concurrent Class Unloading         2073 us
[192.889s][info][gc,stats    ]   Unlink Stale                     1742 us
[192.889s][info][gc,stats    ]     System Dictionary                 2 us
[192.889s][info][gc,stats    ]     Weak Class Links                  0 us
[192.889s][info][gc,stats    ]     Code Roots                     1738 us
[192.889s][info][gc,stats    ]   Rendezvous                        204 us
[192.889s][info][gc,stats    ]   Purge Unlinked                     71 us
[192.889s][info][gc,stats    ]     Code Roots                       65 us
[192.889s][info][gc,stats    ]     CLDG                              5 us
[192.889s][info][gc,stats    ]     Exception Caches                  0 us
[192.889s][info][gc,stats    ] Pause Final Roots (G)                80 us
[192.889s][info][gc,stats    ] Pause Final Roots (N)                28 us
[192.889s][info][gc,stats    ] 
[192.889s][info][gc,stats    ] Allocation pacing accrued:
[192.889s][info][gc,stats    ]       0 of   728 ms (  0.0%): <total>
[192.890s][info][gc,stats    ]       0 of   728 ms (  0.0%): <average total>
[192.890s][info][gc,stats    ] 
[192.890s][info][gc,metaspace] Metaspace: 9053K(9280K)->9053K(9280K) NonClass: 7881K(8000K)->7881K(8000K) Class: 1171K(1280K)->1171K(1280K)
[192.890s][info][gc,ergo     ] Pacer for Idle. Initial: 163M, Alloc Tax Rate: 1.0x
[193.806s][info][gc          ] Trigger: Learning 2 of 5. Free (5700M) is below initial threshold (5734M)
[193.806s][info][gc,ergo     ] Free: 5700M, Max: 4096K regular, 5700M humongous, Frag: 0% external, 0% internal; Reserve: 412M, Max: 4096K
[193.806s][info][gc,start    ] GC(221) Concurrent reset
[193.806s][info][gc,task     ] GC(221) Using 1 of 3 workers for concurrent reset
[193.806s][info][gc,ergo     ] GC(221) Pacer for Reset. Non-Taxable: 8192M
[193.807s][info][gc          ] GC(221) Concurrent reset 0.694ms
[193.807s][info][gc,start    ] GC(221) Pause Init Mark (unload classes)
[193.807s][info][gc,task     ] GC(221) Using 3 of 3 workers for init marking
[193.807s][info][gc,ergo     ] GC(221) Pacer for Mark. Expected Live: 10668K, Free: 5700M, Non-Taxable: 570M, Alloc Tax Rate: 0.0x
[193.807s][info][gc          ] GC(221) Pause Init Mark (unload classes) 0.175ms
[193.807s][info][gc,start    ] GC(221) Concurrent marking roots
[193.807s][info][gc,task     ] GC(221) Using 1 of 3 workers for concurrent marking roots
[193.807s][info][gc          ] GC(221) Concurrent marking roots 0.421ms
[193.807s][info][gc,start    ] GC(221) Concurrent marking (unload classes)
[193.807s][info][gc,task     ] GC(221) Using 1 of 3 workers for concurrent marking
[193.820s][info][gc          ] GC(221) Concurrent marking (unload classes) 12.989ms
[193.821s][info][gc,start    ] GC(221) Pause Final Mark (unload classes)
[193.821s][info][gc,task     ] GC(221) Using 3 of 3 workers for final marking
[193.821s][info][gc,ergo     ] GC(221) Collectable Garbage: 1964M (94%), Immediate: 1964M (94%), CSet: 0B (0%)
[193.821s][info][gc          ] GC(221) Pause Final Mark (unload classes) 0.327ms
[193.821s][info][gc,start    ] GC(221) Concurrent weak references
[193.821s][info][gc,task     ] GC(221) Using 1 of 3 workers for concurrent weak references
[193.821s][info][gc,ref      ] GC(221) Encountered references: Soft: 144, Weak: 702, Final: 0, Phantom: 27
[193.821s][info][gc,ref      ] GC(221) Discovered  references: Soft: 0, Weak: 150, Final: 0, Phantom: 12
[193.821s][info][gc,ref      ] GC(221) Enqueued    references: Soft: 0, Weak: 0, Final: 0, Phantom: 0
[193.821s][info][gc          ] GC(221) Concurrent weak references 0.140ms
[193.821s][info][gc,start    ] GC(221) Concurrent weak roots
[193.821s][info][gc,task     ] GC(221) Using 1 of 3 workers for concurrent weak root
[193.822s][info][gc          ] GC(221) Concurrent weak roots 0.605ms
[193.822s][info][gc,start    ] GC(221) Concurrent cleanup
[193.822s][info][gc          ] GC(221) Concurrent cleanup 2111M->147M(8192M) 0.045ms
[193.822s][info][gc,ergo     ] GC(221) Free: 7632M, Max: 4096K regular, 5668M humongous, Frag: 26% external, 0% internal; Reserve: 412M, Max: 4096K
[193.822s][info][gc,start    ] GC(221) Concurrent class unloading
[193.822s][info][gc,task     ] GC(221) Using 1 of 3 workers for concurrent class unloading
[193.824s][info][gc          ] GC(221) Concurrent class unloading 2.201ms
[193.824s][info][gc,start    ] GC(221) Pause Final Roots
[193.824s][info][gc          ] GC(221) Pause Final Roots 0.022ms
[193.824s][info][gc,ergo     ] Free: 7628M, Max: 4096K regular, 5668M humongous, Frag: 26% external, 0% internal; Reserve: 412M, Max: 4096K
[193.824s][info][gc,stats    ] 
[193.824s][info][gc,stats    ] All times are wall-clock times, except per-root-class counters, that are sum over
[193.824s][info][gc,stats    ] all workers. Dividing the <total> over the root stage time estimates parallelism.
[193.824s][info][gc,stats    ] 
[193.824s][info][gc,stats    ] Concurrent Reset                    763 us
[193.824s][info][gc,stats    ] Pause Init Mark (G)                 325 us
[193.824s][info][gc,stats    ] Pause Init Mark (N)                 192 us
[193.824s][info][gc,stats    ]   Update Region States               71 us
[193.824s][info][gc,stats    ] Concurrent Mark Roots               442 us, parallelism: 0.76x
[193.824s][info][gc,stats    ]   CMR: <total>                      335 us
[193.824s][info][gc,stats    ]   CMR: Thread Roots                 295 us, workers (us): 295, ---, ---, 
[193.824s][info][gc,stats    ]   CMR: VM Strong Roots                5 us, workers (us):   5, ---, ---, 
[193.824s][info][gc,stats    ]   CMR: CLDG Roots                    36 us, workers (us):  36, ---, ---, 
[193.824s][info][gc,stats    ] Concurrent Marking                13048 us
[193.825s][info][gc,stats    ] Pause Final Mark (G)                475 us
[193.825s][info][gc,stats    ] Pause Final Mark (N)                346 us
[193.825s][info][gc,stats    ]   Finish Mark                       120 us
[193.825s][info][gc,stats    ]   Update Region States               67 us
[193.825s][info][gc,stats    ]   Choose Collection Set              62 us
[193.825s][info][gc,stats    ]   Rebuild Free Set                   17 us
[193.825s][info][gc,stats    ] Concurrent Weak References          147 us, parallelism: 0.05x
[193.825s][info][gc,stats    ]   CWRF: <total>                       7 us
[193.825s][info][gc,stats    ]   CWRF: Weak References               7 us, workers (us):   7, ---, ---, 
[193.825s][info][gc,stats    ] Concurrent Weak Roots               626 us
[193.825s][info][gc,stats    ]   Roots                             504 us, parallelism: 0.89x
[193.825s][info][gc,stats    ]     CWR: <total>                    451 us
[193.825s][info][gc,stats    ]     CWR: Code Cache Roots           379 us, workers (us): 379, ---, ---, 
[193.825s][info][gc,stats    ]     CWR: VM Weak Roots               67 us, workers (us):  67, ---, ---, 
[193.825s][info][gc,stats    ]     CWR: CLDG Roots                   6 us, workers (us):   6, ---, ---, 
[193.825s][info][gc,stats    ]   Rendezvous                         85 us
[193.825s][info][gc,stats    ] Concurrent Cleanup                   55 us
[193.825s][info][gc,stats    ] Concurrent Class Unloading         2257 us
[193.825s][info][gc,stats    ]   Unlink Stale                     1870 us
[193.825s][info][gc,stats    ]     System Dictionary                 4 us
[193.825s][info][gc,stats    ]     Weak Class Links                  0 us
[193.825s][info][gc,stats    ]     Code Roots                     1865 us
[193.825s][info][gc,stats    ]   Rendezvous                        153 us
[193.825s][info][gc,stats    ]   Purge Unlinked                    159 us
[193.825s][info][gc,stats    ]     Code Roots                      150 us
[193.825s][info][gc,stats    ]     CLDG                              8 us
[193.825s][info][gc,stats    ]     Exception Caches                  0 us
[193.825s][info][gc,stats    ] Pause Final Roots (G)               118 us
[193.825s][info][gc,stats    ] Pause Final Roots (N)                30 us
[193.825s][info][gc,stats    ] 
[193.825s][info][gc,stats    ] Allocation pacing accrued:
[193.825s][info][gc,stats    ]       0 of   935 ms (  0.0%): <total>
[193.825s][info][gc,stats    ]       0 of   935 ms (  0.0%): <average total>
[193.825s][info][gc,stats    ] 
[193.825s][info][gc,metaspace] Metaspace: 9053K(9280K)->9053K(9280K) NonClass: 7881K(8000K)->7881K(8000K) Class: 1171K(1280K)->1171K(1280K)
[193.825s][info][gc,ergo     ] Pacer for Idle. Initial: 163M, Alloc Tax Rate: 1.0x
[194.701s][info][gc          ] Trigger: Learning 3 of 5. Free (5724M) is below initial threshold (5734M)
[194.701s][info][gc,ergo     ] Free: 5724M, Max: 4096K regular, 5668M humongous, Frag: 1% external, 0% internal; Reserve: 412M, Max: 4096K
[194.701s][info][gc,start    ] GC(222) Concurrent reset
[194.701s][info][gc,task     ] GC(222) Using 1 of 3 workers for concurrent reset
[194.701s][info][gc,ergo     ] GC(222) Pacer for Reset. Non-Taxable: 8192M
[194.702s][info][gc          ] GC(222) Concurrent reset 0.741ms
[194.702s][info][gc,start    ] GC(222) Pause Init Mark (unload classes)
[194.702s][info][gc,task     ] GC(222) Using 3 of 3 workers for init marking
[194.702s][info][gc,ergo     ] GC(222) Pacer for Mark. Expected Live: 11969K, Free: 5720M, Non-Taxable: 572M, Alloc Tax Rate: 0.0x
[194.702s][info][gc          ] GC(222) Pause Init Mark (unload classes) 0.207ms
[194.702s][info][gc,start    ] GC(222) Concurrent marking roots
[194.702s][info][gc,task     ] GC(222) Using 1 of 3 workers for concurrent marking roots
[194.703s][info][gc          ] GC(222) Concurrent marking roots 0.607ms
[194.703s][info][gc,start    ] GC(222) Concurrent marking (unload classes)
[194.703s][info][gc,task     ] GC(222) Using 1 of 3 workers for concurrent marking
[194.724s][info][gc          ] GC(222) Concurrent marking (unload classes) 20.950ms
[194.724s][info][gc,start    ] GC(222) Pause Final Mark (unload classes)
[194.724s][info][gc,task     ] GC(222) Using 3 of 3 workers for final marking
[194.724s][info][gc,ergo     ] GC(222) Collectable Garbage: 1919M (93%), Immediate: 1919M (93%), CSet: 0B (0%)
[194.724s][info][gc          ] GC(222) Pause Final Mark (unload classes) 0.358ms
[194.724s][info][gc,start    ] GC(222) Concurrent weak references
[194.724s][info][gc,task     ] GC(222) Using 1 of 3 workers for concurrent weak references
[194.724s][info][gc,ref      ] GC(222) Encountered references: Soft: 144, Weak: 702, Final: 0, Phantom: 27
[194.724s][info][gc,ref      ] GC(222) Discovered  references: Soft: 0, Weak: 150, Final: 0, Phantom: 12
[194.724s][info][gc,ref      ] GC(222) Enqueued    references: Soft: 0, Weak: 0, Final: 0, Phantom: 0
[194.724s][info][gc          ] GC(222) Concurrent weak references 0.151ms
[194.724s][info][gc,start    ] GC(222) Concurrent weak roots
[194.724s][info][gc,task     ] GC(222) Using 1 of 3 workers for concurrent weak root
[194.725s][info][gc          ] GC(222) Concurrent weak roots 0.566ms
[194.725s][info][gc,start    ] GC(222) Concurrent cleanup
[194.725s][info][gc          ] GC(222) Concurrent cleanup 2107M->187M(8192M) 0.040ms
[194.725s][info][gc,ergo     ] GC(222) Free: 7592M, Max: 4096K regular, 5716M humongous, Frag: 25% external, 0% internal; Reserve: 412M, Max: 4096K
[194.725s][info][gc,start    ] GC(222) Concurrent class unloading
[194.725s][info][gc,task     ] GC(222) Using 1 of 3 workers for concurrent class unloading
[194.727s][info][gc          ] GC(222) Concurrent class unloading 1.913ms
[194.727s][info][gc,start    ] GC(222) Pause Final Roots
[194.727s][info][gc          ] GC(222) Pause Final Roots 0.041ms
[194.727s][info][gc,ergo     ] Free: 7588M, Max: 4096K regular, 5716M humongous, Frag: 25% external, 0% internal; Reserve: 412M, Max: 4096K
[194.727s][info][gc,stats    ] 
[194.727s][info][gc,stats    ] All times are wall-clock times, except per-root-class counters, that are sum over
[194.727s][info][gc,stats    ] all workers. Dividing the <total> over the root stage time estimates parallelism.
[194.727s][info][gc,stats    ] 
[194.727s][info][gc,stats    ] Concurrent Reset                    810 us
[194.727s][info][gc,stats    ] Pause Init Mark (G)                 342 us
[194.727s][info][gc,stats    ] Pause Init Mark (N)                 225 us
[194.727s][info][gc,stats    ]   Update Region States               90 us
[194.727s][info][gc,stats    ] Concurrent Mark Roots               617 us, parallelism: 0.84x
[194.727s][info][gc,stats    ]   CMR: <total>                      518 us
[194.727s][info][gc,stats    ]   CMR: Thread Roots                 450 us, workers (us): 450, ---, ---, 
[194.727s][info][gc,stats    ]   CMR: VM Strong Roots                7 us, workers (us):   7, ---, ---, 
[194.727s][info][gc,stats    ]   CMR: CLDG Roots                    62 us, workers (us):  62, ---, ---, 
[194.727s][info][gc,stats    ] Concurrent Marking                20992 us
[194.727s][info][gc,stats    ] Pause Final Mark (G)                508 us
[194.727s][info][gc,stats    ] Pause Final Mark (N)                378 us
[194.727s][info][gc,stats    ]   Finish Mark                       107 us
[194.727s][info][gc,stats    ]   Update Region States               90 us
[194.727s][info][gc,stats    ]   Choose Collection Set              65 us
[194.727s][info][gc,stats    ]   Rebuild Free Set                   17 us
[194.727s][info][gc,stats    ] Concurrent Weak References          166 us, parallelism: 0.04x
[194.727s][info][gc,stats    ]   CWRF: <total>                       7 us
[194.727s][info][gc,stats    ]   CWRF: Weak References               7 us, workers (us):   7, ---, ---, 
[194.727s][info][gc,stats    ] Concurrent Weak Roots               576 us
[194.727s][info][gc,stats    ]   Roots                             470 us, parallelism: 0.92x
[194.727s][info][gc,stats    ]     CWR: <total>                    432 us
[194.727s][info][gc,stats    ]     CWR: Code Cache Roots           362 us, workers (us): 362, ---, ---, 
[194.727s][info][gc,stats    ]     CWR: VM Weak Roots               65 us, workers (us):  65, ---, ---, 
[194.727s][info][gc,stats    ]     CWR: CLDG Roots                   5 us, workers (us):   5, ---, ---, 
[194.727s][info][gc,stats    ]   Rendezvous                         66 us
[194.727s][info][gc,stats    ] Concurrent Cleanup                   48 us
[194.727s][info][gc,stats    ] Concurrent Class Unloading         1936 us
[194.727s][info][gc,stats    ]   Unlink Stale                     1749 us
[194.728s][info][gc,stats    ]     System Dictionary                 3 us
[194.728s][info][gc,stats    ]     Weak Class Links                  0 us
[194.728s][info][gc,stats    ]     Code Roots                     1745 us
[194.728s][info][gc,stats    ]   Rendezvous                         72 us
[194.728s][info][gc,stats    ]   Purge Unlinked                     78 us
[194.728s][info][gc,stats    ]     Code Roots                       73 us
[194.728s][info][gc,stats    ]     CLDG                              5 us
[194.728s][info][gc,stats    ]     Exception Caches                  0 us
[194.728s][info][gc,stats    ] Pause Final Roots (G)               158 us
[194.728s][info][gc,stats    ] Pause Final Roots (N)                59 us
[194.728s][info][gc,stats    ] 
[194.728s][info][gc,stats    ] Allocation pacing accrued:
[194.728s][info][gc,stats    ]       0 of   903 ms (  0.0%): <total>
[194.728s][info][gc,stats    ]       0 of   903 ms (  0.0%): <average total>
[194.728s][info][gc,stats    ] 
[194.728s][info][gc,metaspace] Metaspace: 9053K(9280K)->9053K(9280K) NonClass: 7881K(8000K)->7881K(8000K) Class: 1171K(1280K)->1171K(1280K)
[194.728s][info][gc,ergo     ] Pacer for Idle. Initial: 163M, Alloc Tax Rate: 1.0x
[195.611s][info][gc          ] Trigger: Learning 4 of 5. Free (5732M) is below initial threshold (5734M)
[195.611s][info][gc,ergo     ] Free: 5732M, Max: 4096K regular, 5716M humongous, Frag: 1% external, 0% internal; Reserve: 412M, Max: 4096K
[195.611s][info][gc,start    ] GC(223) Concurrent reset
[195.611s][info][gc,task     ] GC(223) Using 1 of 3 workers for concurrent reset
[195.611s][info][gc,ergo     ] GC(223) Pacer for Reset. Non-Taxable: 8192M
[195.612s][info][gc          ] GC(223) Concurrent reset 0.790ms
[195.612s][info][gc,start    ] GC(223) Pause Init Mark (unload classes)
[195.612s][info][gc,task     ] GC(223) Using 3 of 3 workers for init marking
[195.612s][info][gc,ergo     ] GC(223) Pacer for Mark. Expected Live: 13186K, Free: 5728M, Non-Taxable: 572M, Alloc Tax Rate: 0.0x
[195.612s][info][gc          ] GC(223) Pause Init Mark (unload classes) 0.198ms
[195.612s][info][gc,start    ] GC(223) Concurrent marking roots
[195.612s][info][gc,task     ] GC(223) Using 1 of 3 workers for concurrent marking roots
[195.613s][info][gc          ] GC(223) Concurrent marking roots 0.504ms
[195.613s][info][gc,start    ] GC(223) Concurrent marking (unload classes)
[195.613s][info][gc,task     ] GC(223) Using 1 of 3 workers for concurrent marking
[195.644s][info][gc          ] GC(223) Concurrent marking (unload classes) 31.133ms
[195.644s][info][gc,start    ] GC(223) Pause Final Mark (unload classes)
[195.644s][info][gc,task     ] GC(223) Using 3 of 3 workers for final marking
[195.644s][info][gc,ergo     ] GC(223) Collectable Garbage: 1900M (93%), Immediate: 1900M (93%), CSet: 0B (0%)
[195.644s][info][gc          ] GC(223) Pause Final Mark (unload classes) 0.340ms
[195.644s][info][gc,start    ] GC(223) Concurrent weak references
[195.644s][info][gc,task     ] GC(223) Using 1 of 3 workers for concurrent weak references
[195.644s][info][gc,ref      ] GC(223) Encountered references: Soft: 144, Weak: 702, Final: 0, Phantom: 27
[195.645s][info][gc,ref      ] GC(223) Discovered  references: Soft: 0, Weak: 150, Final: 0, Phantom: 12
[195.645s][info][gc,ref      ] GC(223) Enqueued    references: Soft: 0, Weak: 0, Final: 0, Phantom: 0
[195.645s][info][gc          ] GC(223) Concurrent weak references 0.149ms
[195.645s][info][gc,start    ] GC(223) Concurrent weak roots
[195.645s][info][gc,task     ] GC(223) Using 1 of 3 workers for concurrent weak root
[195.645s][info][gc          ] GC(223) Concurrent weak roots 0.518ms
[195.645s][info][gc,start    ] GC(223) Concurrent cleanup
[195.645s][info][gc          ] GC(223) Concurrent cleanup 2103M->203M(8192M) 0.042ms
[195.645s][info][gc,ergo     ] GC(223) Free: 7576M, Max: 4096K regular, 5676M humongous, Frag: 26% external, 0% internal; Reserve: 412M, Max: 4096K
[195.645s][info][gc,start    ] GC(223) Concurrent class unloading
[195.645s][info][gc,task     ] GC(223) Using 1 of 3 workers for concurrent class unloading
[195.647s][info][gc          ] GC(223) Concurrent class unloading 2.006ms
[195.647s][info][gc,start    ] GC(223) Pause Final Roots
[195.647s][info][gc          ] GC(223) Pause Final Roots 0.021ms
[195.647s][info][gc,ergo     ] Free: 7568M, Max: 4096K regular, 5676M humongous, Frag: 25% external, 0% internal; Reserve: 412M, Max: 4096K
[195.647s][info][gc,stats    ] 
[195.647s][info][gc,stats    ] All times are wall-clock times, except per-root-class counters, that are sum over
[195.647s][info][gc,stats    ] all workers. Dividing the <total> over the root stage time estimates parallelism.
[195.647s][info][gc,stats    ] 
[195.647s][info][gc,stats    ] Concurrent Reset                    834 us
[195.647s][info][gc,stats    ] Pause Init Mark (G)                 333 us
[195.647s][info][gc,stats    ] Pause Init Mark (N)                 208 us
[195.647s][info][gc,stats    ]   Update Region States               63 us
[195.647s][info][gc,stats    ] Concurrent Mark Roots               543 us, parallelism: 0.71x
[195.647s][info][gc,stats    ]   CMR: <total>                      384 us
[195.647s][info][gc,stats    ]   CMR: Thread Roots                 331 us, workers (us): 331, ---, ---, 
[195.647s][info][gc,stats    ]   CMR: VM Strong Roots                7 us, workers (us):   7, ---, ---, 
[195.647s][info][gc,stats    ]   CMR: CLDG Roots                    46 us, workers (us):  46, ---, ---, 
[195.647s][info][gc,stats    ] Concurrent Marking                31199 us
[195.647s][info][gc,stats    ] Pause Final Mark (G)                510 us
[195.647s][info][gc,stats    ] Pause Final Mark (N)                360 us
[195.647s][info][gc,stats    ]   Finish Mark                       105 us
[195.648s][info][gc,stats    ]   Update Region States               66 us
[195.648s][info][gc,stats    ]   Choose Collection Set              68 us
[195.648s][info][gc,stats    ]   Rebuild Free Set                   17 us
[195.648s][info][gc,stats    ] Concurrent Weak References          156 us, parallelism: 0.03x
[195.648s][info][gc,stats    ]   CWRF: <total>                       4 us
[195.648s][info][gc,stats    ]   CWRF: Weak References               4 us, workers (us):   4, ---, ---, 
[195.648s][info][gc,stats    ] Concurrent Weak Roots               537 us
[195.648s][info][gc,stats    ]   Roots                             442 us, parallelism: 0.88x
[195.648s][info][gc,stats    ]     CWR: <total>                    390 us
[195.648s][info][gc,stats    ]     CWR: Code Cache Roots           322 us, workers (us): 322, ---, ---, 
[195.648s][info][gc,stats    ]     CWR: VM Weak Roots               63 us, workers (us):  63, ---, ---, 
[195.648s][info][gc,stats    ]     CWR: CLDG Roots                   5 us, workers (us):   5, ---, ---, 
[195.648s][info][gc,stats    ]   Rendezvous                         60 us
[195.648s][info][gc,stats    ] Concurrent Cleanup                   50 us
[195.648s][info][gc,stats    ] Concurrent Class Unloading         2037 us
[195.648s][info][gc,stats    ]   Unlink Stale                     1841 us
[195.648s][info][gc,stats    ]     System Dictionary                 3 us
[195.648s][info][gc,stats    ]     Weak Class Links                  0 us
[195.648s][info][gc,stats    ]     Code Roots                     1837 us
[195.648s][info][gc,stats    ]   Rendezvous                         56 us
[195.648s][info][gc,stats    ]   Purge Unlinked                     92 us
[195.648s][info][gc,stats    ]     Code Roots                       87 us
[195.648s][info][gc,stats    ]     CLDG                              4 us
[195.648s][info][gc,stats    ]     Exception Caches                  0 us
[195.648s][info][gc,stats    ] Pause Final Roots (G)               110 us
[195.648s][info][gc,stats    ] Pause Final Roots (N)                30 us
[195.648s][info][gc,stats    ] 
[195.648s][info][gc,stats    ] Allocation pacing accrued:
[195.648s][info][gc,stats    ]       0 of   920 ms (  0.0%): <total>
[195.648s][info][gc,stats    ]       0 of   920 ms (  0.0%): <average total>
[195.648s][info][gc,stats    ] 
[195.648s][info][gc,metaspace] Metaspace: 9053K(9280K)->9053K(9280K) NonClass: 7881K(8000K)->7881K(8000K) Class: 1171K(1280K)->1171K(1280K)
[195.648s][info][gc,ergo     ] Pacer for Idle. Initial: 163M, Alloc Tax Rate: 1.0x
[196.348s][info][gc          ] Trigger: Explicit GC request (System.gc())
[196.349s][info][gc,ergo     ] Free: 6676M, Max: 4096K regular, 5676M humongous, Frag: 15% external, 0% internal; Reserve: 412M, Max: 4096K
[196.349s][info][gc,start    ] GC(224) Concurrent reset
[196.349s][info][gc,task     ] GC(224) Using 1 of 3 workers for concurrent reset
[196.349s][info][gc,ergo     ] GC(224) Pacer for Reset. Non-Taxable: 8192M
[196.350s][info][gc          ] GC(224) Concurrent reset 0.904ms
[196.350s][info][gc,start    ] GC(224) Pause Init Mark (unload classes)
[196.350s][info][gc,task     ] GC(224) Using 3 of 3 workers for init marking
[196.350s][info][gc,ref      ] GC(224) Clearing All SoftReferences
[196.350s][info][gc,ergo     ] GC(224) Pacer for Mark. Expected Live: 14430K, Free: 6676M, Non-Taxable: 667M, Alloc Tax Rate: 0.0x
[196.350s][info][gc          ] GC(224) Pause Init Mark (unload classes) 0.157ms
[196.350s][info][gc,start    ] GC(224) Concurrent marking roots
[196.350s][info][gc,task     ] GC(224) Using 1 of 3 workers for concurrent marking roots
[196.350s][info][gc          ] GC(224) Concurrent marking roots 0.447ms
[196.350s][info][gc,start    ] GC(224) Concurrent marking (unload classes)
[196.350s][info][gc,task     ] GC(224) Using 1 of 3 workers for concurrent marking
[196.355s][info][gc          ] GC(224) Concurrent marking (unload classes) 4.243ms
[196.355s][info][gc,start    ] GC(224) Pause Final Mark (unload classes)
[196.355s][info][gc,task     ] GC(224) Using 3 of 3 workers for final marking
[196.355s][info][gc,ergo     ] GC(224) Collectable Garbage: 1027M (93%), Immediate: 1027M (93%), CSet: 0B (0%)
[196.355s][info][gc          ] GC(224) Pause Final Mark (unload classes) 0.188ms
[196.355s][info][gc,start    ] GC(224) Concurrent weak references
[196.355s][info][gc,task     ] GC(224) Using 1 of 3 workers for concurrent weak references
[196.355s][info][gc,ref      ] GC(224) Encountered references: Soft: 144, Weak: 702, Final: 0, Phantom: 27
[196.355s][info][gc,ref      ] GC(224) Discovered  references: Soft: 89, Weak: 168, Final: 0, Phantom: 25
[196.355s][info][gc,ref      ] GC(224) Enqueued    references: Soft: 3, Weak: 0, Final: 0, Phantom: 0
[196.355s][info][gc          ] GC(224) Concurrent weak references 0.133ms
[196.355s][info][gc,start    ] GC(224) Concurrent weak roots
[196.355s][info][gc,task     ] GC(224) Using 1 of 3 workers for concurrent weak root
[196.356s][info][gc          ] GC(224) Concurrent weak roots 0.533ms
[196.356s][info][gc,start    ] GC(224) Concurrent cleanup
[196.356s][info][gc          ] GC(224) Concurrent cleanup 1103M->75M(8192M) 0.039ms
[196.356s][info][gc,ergo     ] GC(224) Free: 7704M, Max: 4096K regular, 6796M humongous, Frag: 12% external, 0% internal; Reserve: 412M, Max: 4096K
[196.356s][info][gc,start    ] GC(224) Concurrent class unloading
[196.356s][info][gc,task     ] GC(224) Using 1 of 3 workers for concurrent class unloading
[196.358s][info][gc          ] GC(224) Concurrent class unloading 1.949ms
[196.358s][info][gc,start    ] GC(224) Pause Final Roots
[196.358s][info][gc          ] GC(224) Pause Final Roots 0.040ms
[196.358s][info][gc,ergo     ] Free: 7704M, Max: 4096K regular, 6796M humongous, Frag: 12% external, 0% internal; Reserve: 412M, Max: 4096K
[196.358s][info][gc,stats    ] 
[196.358s][info][gc,stats    ] All times are wall-clock times, except per-root-class counters, that are sum over
[196.358s][info][gc,stats    ] all workers. Dividing the <total> over the root stage time estimates parallelism.
[196.358s][info][gc,stats    ] 
[196.358s][info][gc,stats    ] Concurrent Reset                    961 us
[196.358s][info][gc,stats    ] Pause Init Mark (G)                 243 us
[196.358s][info][gc,stats    ] Pause Init Mark (N)                 166 us
[196.358s][info][gc,stats    ]   Update Region States               70 us
[196.358s][info][gc,stats    ] Concurrent Mark Roots               468 us, parallelism: 0.74x
[196.358s][info][gc,stats    ]   CMR: <total>                      347 us
[196.358s][info][gc,stats    ]   CMR: Thread Roots                 296 us, workers (us): 296, ---, ---, 
[196.358s][info][gc,stats    ]   CMR: VM Strong Roots                8 us, workers (us):   8, ---, ---, 
[196.358s][info][gc,stats    ]   CMR: CLDG Roots                    43 us, workers (us):  43, ---, ---, 
[196.358s][info][gc,stats    ] Concurrent Marking                 4310 us
[196.358s][info][gc,stats    ] Pause Final Mark (G)                294 us
[196.358s][info][gc,stats    ] Pause Final Mark (N)                198 us
[196.358s][info][gc,stats    ]   Finish Mark                        61 us
[196.358s][info][gc,stats    ]   Update Region States               36 us
[196.358s][info][gc,stats    ]   Choose Collection Set              28 us
[196.358s][info][gc,stats    ]   Rebuild Free Set                    9 us
[196.358s][info][gc,stats    ] Concurrent Weak References          142 us, parallelism: 0.10x
[196.358s][info][gc,stats    ]   CWRF: <total>                      15 us
[196.358s][info][gc,stats    ]   CWRF: Weak References              15 us, workers (us):  15, ---, ---, 
[196.358s][info][gc,stats    ] Concurrent Weak Roots               565 us
[196.358s][info][gc,stats    ]   Roots                             453 us, parallelism: 0.87x
[196.358s][info][gc,stats    ]     CWR: <total>                    394 us
[196.358s][info][gc,stats    ]     CWR: Code Cache Roots           324 us, workers (us): 324, ---, ---, 
[196.358s][info][gc,stats    ]     CWR: VM Weak Roots               65 us, workers (us):  65, ---, ---, 
[196.358s][info][gc,stats    ]     CWR: CLDG Roots                   6 us, workers (us):   6, ---, ---, 
[196.358s][info][gc,stats    ]   Rendezvous                         57 us
[196.358s][info][gc,stats    ] Concurrent Cleanup                   48 us
[196.358s][info][gc,stats    ] Concurrent Class Unloading         1985 us
[196.358s][info][gc,stats    ]   Unlink Stale                     1743 us
[196.358s][info][gc,stats    ]     System Dictionary                 4 us
[196.358s][info][gc,stats    ]     Weak Class Links                  0 us
[196.358s][info][gc,stats    ]     Code Roots                     1738 us
[196.358s][info][gc,stats    ]   Rendezvous                         56 us
[196.358s][info][gc,stats    ]   Purge Unlinked                    131 us
[196.358s][info][gc,stats    ]     Code Roots                      126 us
[196.358s][info][gc,stats    ]     CLDG                              5 us
[196.358s][info][gc,stats    ]     Exception Caches                  0 us
[196.359s][info][gc,stats    ] Pause Final Roots (G)               136 us
[196.359s][info][gc,stats    ] Pause Final Roots (N)                59 us
[196.359s][info][gc,stats    ] 
[196.359s][info][gc,stats    ] Allocation pacing accrued:
[196.359s][info][gc,stats    ]       0 of   711 ms (  0.0%): <total>
[196.359s][info][gc,stats    ]       0 of   711 ms (  0.0%): <average total>
[196.359s][info][gc,stats    ] 
[196.359s][info][gc,metaspace] Metaspace: 9053K(9280K)->9053K(9280K) NonClass: 7881K(8000K)->7881K(8000K) Class: 1171K(1280K)->1171K(1280K)
[196.359s][info][gc,ergo     ] Pacer for Idle. Initial: 163M, Alloc Tax Rate: 1.0x
[197.274s][info][gc          ] Trigger: Learning 2 of 5. Free (5704M) is below initial threshold (5734M)
[197.274s][info][gc,ergo     ] Free: 5704M, Max: 4096K regular, 5704M humongous, Frag: 0% external, 0% internal; Reserve: 412M, Max: 4096K
[197.275s][info][gc,start    ] GC(225) Concurrent reset
[197.275s][info][gc,task     ] GC(225) Using 1 of 3 workers for concurrent reset
[197.275s][info][gc,ergo     ] GC(225) Pacer for Reset. Non-Taxable: 8192M
[197.275s][info][gc          ] GC(225) Concurrent reset 0.672ms
[197.275s][info][gc,start    ] GC(225) Pause Init Mark (unload classes)
[197.275s][info][gc,task     ] GC(225) Using 3 of 3 workers for init marking
[197.276s][info][gc,ergo     ] GC(225) Pacer for Mark. Expected Live: 10676K, Free: 5700M, Non-Taxable: 570M, Alloc Tax Rate: 0.0x
[197.276s][info][gc          ] GC(225) Pause Init Mark (unload classes) 0.246ms
[197.276s][info][gc,start    ] GC(225) Concurrent marking roots
[197.276s][info][gc,task     ] GC(225) Using 1 of 3 workers for concurrent marking roots
[197.276s][info][gc          ] GC(225) Concurrent marking roots 0.420ms
[197.276s][info][gc,start    ] GC(225) Concurrent marking (unload classes)
[197.276s][info][gc,task     ] GC(225) Using 1 of 3 workers for concurrent marking
[197.290s][info][gc          ] GC(225) Concurrent marking (unload classes) 13.526ms
[197.290s][info][gc,start    ] GC(225) Pause Final Mark (unload classes)
[197.290s][info][gc,task     ] GC(225) Using 3 of 3 workers for final marking
[197.290s][info][gc,ergo     ] GC(225) Collectable Garbage: 1960M (94%), Immediate: 1960M (94%), CSet: 0B (0%)
[197.290s][info][gc          ] GC(225) Pause Final Mark (unload classes) 0.364ms
[197.290s][info][gc,start    ] GC(225) Concurrent weak references
[197.290s][info][gc,task     ] GC(225) Using 1 of 3 workers for concurrent weak references
[197.290s][info][gc,ref      ] GC(225) Encountered references: Soft: 144, Weak: 702, Final: 0, Phantom: 27
[197.290s][info][gc,ref      ] GC(225) Discovered  references: Soft: 0, Weak: 150, Final: 0, Phantom: 12
[197.290s][info][gc,ref      ] GC(225) Enqueued    references: Soft: 0, Weak: 0, Final: 0, Phantom: 0
[197.290s][info][gc          ] GC(225) Concurrent weak references 0.195ms
[197.290s][info][gc,start    ] GC(225) Concurrent weak roots
[197.290s][info][gc,task     ] GC(225) Using 1 of 3 workers for concurrent weak root
[197.291s][info][gc          ] GC(225) Concurrent weak roots 0.603ms
[197.291s][info][gc,start    ] GC(225) Concurrent cleanup
[197.291s][info][gc          ] GC(225) Concurrent cleanup 2111M->151M(8192M) 0.043ms
[197.291s][info][gc,ergo     ] GC(225) Free: 7628M, Max: 4096K regular, 5668M humongous, Frag: 26% external, 0% internal; Reserve: 412M, Max: 4096K
[197.291s][info][gc,start    ] GC(225) Concurrent class unloading
[197.291s][info][gc,task     ] GC(225) Using 1 of 3 workers for concurrent class unloading
[197.293s][info][gc          ] GC(225) Concurrent class unloading 2.136ms
[197.293s][info][gc,start    ] GC(225) Pause Final Roots
[197.293s][info][gc          ] GC(225) Pause Final Roots 0.020ms
[197.293s][info][gc,ergo     ] Free: 7620M, Max: 4096K regular, 5668M humongous, Frag: 26% external, 0% internal; Reserve: 412M, Max: 4096K
[197.294s][info][gc,stats    ] 
[197.294s][info][gc,stats    ] All times are wall-clock times, except per-root-class counters, that are sum over
[197.294s][info][gc,stats    ] all workers. Dividing the <total> over the root stage time estimates parallelism.
[197.294s][info][gc,stats    ] 
[197.294s][info][gc,stats    ] Concurrent Reset                    743 us
[197.294s][info][gc,stats    ] Pause Init Mark (G)                 404 us
[197.294s][info][gc,stats    ] Pause Init Mark (N)                 265 us
[197.294s][info][gc,stats    ]   Update Region States              116 us
[197.294s][info][gc,stats    ] Concurrent Mark Roots               439 us, parallelism: 0.76x
[197.294s][info][gc,stats    ]   CMR: <total>                      334 us
[197.294s][info][gc,stats    ]   CMR: Thread Roots                 294 us, workers (us): 294, ---, ---, 
[197.294s][info][gc,stats    ]   CMR: VM Strong Roots                5 us, workers (us):   5, ---, ---, 
[197.294s][info][gc,stats    ]   CMR: CLDG Roots                    36 us, workers (us):  36, ---, ---, 
[197.294s][info][gc,stats    ] Concurrent Marking                13586 us
[197.294s][info][gc,stats    ] Pause Final Mark (G)                529 us
[197.294s][info][gc,stats    ] Pause Final Mark (N)                383 us
[197.294s][info][gc,stats    ]   Finish Mark                       116 us
[197.294s][info][gc,stats    ]   Update Region States               90 us
[197.294s][info][gc,stats    ]   Choose Collection Set              62 us
[197.294s][info][gc,stats    ]   Rebuild Free Set                   16 us
[197.294s][info][gc,stats    ] Concurrent Weak References          211 us, parallelism: 0.03x
[197.294s][info][gc,stats    ]   CWRF: <total>                       7 us
[197.294s][info][gc,stats    ]   CWRF: Weak References               7 us, workers (us):   7, ---, ---, 
[197.294s][info][gc,stats    ] Concurrent Weak Roots               623 us
[197.294s][info][gc,stats    ]   Roots                             488 us, parallelism: 0.88x
[197.294s][info][gc,stats    ]     CWR: <total>                    431 us
[197.294s][info][gc,stats    ]     CWR: Code Cache Roots           360 us, workers (us): 360, ---, ---, 
[197.294s][info][gc,stats    ]     CWR: VM Weak Roots               65 us, workers (us):  65, ---, ---, 
[197.294s][info][gc,stats    ]     CWR: CLDG Roots                   6 us, workers (us):   6, ---, ---, 
[197.294s][info][gc,stats    ]   Rendezvous                         83 us
[197.294s][info][gc,stats    ] Concurrent Cleanup                   50 us
[197.294s][info][gc,stats    ] Concurrent Class Unloading         2192 us
[197.294s][info][gc,stats    ]   Unlink Stale                     1836 us
[197.294s][info][gc,stats    ]     System Dictionary                 3 us
[197.294s][info][gc,stats    ]     Weak Class Links                  0 us
[197.294s][info][gc,stats    ]     Code Roots                     1831 us
[197.294s][info][gc,stats    ]   Rendezvous                        122 us
[197.294s][info][gc,stats    ]   Purge Unlinked                    160 us
[197.294s][info][gc,stats    ]     Code Roots                      149 us
[197.294s][info][gc,stats    ]     CLDG                             10 us
[197.294s][info][gc,stats    ]     Exception Caches                  0 us
[197.294s][info][gc,stats    ] Pause Final Roots (G)               116 us
[197.294s][info][gc,stats    ] Pause Final Roots (N)                28 us
[197.294s][info][gc,stats    ] 
[197.294s][info][gc,stats    ] Allocation pacing accrued:
[197.294s][info][gc,stats    ]       0 of   935 ms (  0.0%): <total>
[197.294s][info][gc,stats    ]       0 of   935 ms (  0.0%): <average total>
[197.294s][info][gc,stats    ] 
[197.294s][info][gc,metaspace] Metaspace: 9053K(9280K)->9053K(9280K) NonClass: 7881K(8000K)->7881K(8000K) Class: 1171K(1280K)->1171K(1280K)
[197.294s][info][gc,ergo     ] Pacer for Idle. Initial: 163M, Alloc Tax Rate: 1.0x
[198.170s][info][gc          ] Trigger: Learning 3 of 5. Free (5712M) is below initial threshold (5734M)
[198.171s][info][gc,ergo     ] Free: 5712M, Max: 4096K regular, 5668M humongous, Frag: 1% external, 0% internal; Reserve: 412M, Max: 4096K
[198.171s][info][gc,start    ] GC(226) Concurrent reset
[198.171s][info][gc,task     ] GC(226) Using 1 of 3 workers for concurrent reset
[198.171s][info][gc,ergo     ] GC(226) Pacer for Reset. Non-Taxable: 8192M
[198.171s][info][gc          ] GC(226) Concurrent reset 0.733ms
[198.171s][info][gc,start    ] GC(226) Pause Init Mark (unload classes)
[198.172s][info][gc,task     ] GC(226) Using 3 of 3 workers for init marking
[198.172s][info][gc,ergo     ] GC(226) Pacer for Mark. Expected Live: 11978K, Free: 5708M, Non-Taxable: 570M, Alloc Tax Rate: 0.0x
[198.172s][info][gc          ] GC(226) Pause Init Mark (unload classes) 0.155ms
[198.172s][info][gc,start    ] GC(226) Concurrent marking roots
[198.172s][info][gc,task     ] GC(226) Using 1 of 3 workers for concurrent marking roots
[198.172s][info][gc          ] GC(226) Concurrent marking roots 0.478ms
[198.172s][info][gc,start    ] GC(226) Concurrent marking (unload classes)
[198.172s][info][gc,task     ] GC(226) Using 1 of 3 workers for concurrent marking
[198.193s][info][gc          ] GC(226) Concurrent marking (unload classes) 21.254ms
[198.194s][info][gc,start    ] GC(226) Pause Final Mark (unload classes)
[198.194s][info][gc,task     ] GC(226) Using 3 of 3 workers for final marking
[198.194s][info][gc,ergo     ] GC(226) Collectable Garbage: 1924M (93%), Immediate: 1924M (93%), CSet: 0B (0%)
[198.194s][info][gc          ] GC(226) Pause Final Mark (unload classes) 0.340ms
[198.194s][info][gc,start    ] GC(226) Concurrent weak references
[198.194s][info][gc,task     ] GC(226) Using 1 of 3 workers for concurrent weak references
[198.194s][info][gc,ref      ] GC(226) Encountered references: Soft: 144, Weak: 702, Final: 0, Phantom: 27
[198.194s][info][gc,ref      ] GC(226) Discovered  references: Soft: 0, Weak: 150, Final: 0, Phantom: 25
[198.194s][info][gc,ref      ] GC(226) Enqueued    references: Soft: 0, Weak: 0, Final: 0, Phantom: 0
[198.194s][info][gc          ] GC(226) Concurrent weak references 0.169ms
[198.194s][info][gc,start    ] GC(226) Concurrent weak roots
[198.194s][info][gc,task     ] GC(226) Using 1 of 3 workers for concurrent weak root
[198.195s][info][gc          ] GC(226) Concurrent weak roots 0.558ms
[198.195s][info][gc,start    ] GC(226) Concurrent cleanup
[198.195s][info][gc          ] GC(226) Concurrent cleanup 2119M->195M(8192M) 0.042ms
[198.195s][info][gc,ergo     ] GC(226) Free: 7584M, Max: 4096K regular, 5660M humongous, Frag: 26% external, 0% internal; Reserve: 412M, Max: 4096K
[198.195s][info][gc,start    ] GC(226) Concurrent class unloading
[198.195s][info][gc,task     ] GC(226) Using 1 of 3 workers for concurrent class unloading
[198.197s][info][gc          ] GC(226) Concurrent class unloading 2.318ms
[198.197s][info][gc,start    ] GC(226) Pause Final Roots
[198.197s][info][gc          ] GC(226) Pause Final Roots 0.041ms
[198.197s][info][gc,ergo     ] Free: 7580M, Max: 4096K regular, 5660M humongous, Frag: 26% external, 0% internal; Reserve: 412M, Max: 4096K
[198.198s][info][gc,stats    ] 
[198.198s][info][gc,stats    ] All times are wall-clock times, except per-root-class counters, that are sum over
[198.198s][info][gc,stats    ] all workers. Dividing the <total> over the root stage time estimates parallelism.
[198.198s][info][gc,stats    ] 
[198.198s][info][gc,stats    ] Concurrent Reset                    793 us
[198.198s][info][gc,stats    ] Pause Init Mark (G)                 341 us
[198.198s][info][gc,stats    ] Pause Init Mark (N)                 172 us
[198.198s][info][gc,stats    ]   Update Region States               70 us
[198.198s][info][gc,stats    ] Concurrent Mark Roots               496 us, parallelism: 0.74x
[198.198s][info][gc,stats    ]   CMR: <total>                      369 us
[198.198s][info][gc,stats    ]   CMR: Thread Roots                 326 us, workers (us): 326, ---, ---, 
[198.198s][info][gc,stats    ]   CMR: VM Strong Roots                5 us, workers (us):   5, ---, ---, 
[198.198s][info][gc,stats    ]   CMR: CLDG Roots                    38 us, workers (us):  38, ---, ---, 
[198.198s][info][gc,stats    ] Concurrent Marking                21322 us
[198.198s][info][gc,stats    ] Pause Final Mark (G)                496 us
[198.198s][info][gc,stats    ] Pause Final Mark (N)                359 us
[198.198s][info][gc,stats    ]   Finish Mark                        96 us
[198.198s][info][gc,stats    ]   Update Region States               89 us
[198.198s][info][gc,stats    ]   Choose Collection Set              65 us
[198.198s][info][gc,stats    ]   Rebuild Free Set                   17 us
[198.198s][info][gc,stats    ] Concurrent Weak References          177 us, parallelism: 0.05x
[198.198s][info][gc,stats    ]   CWRF: <total>                       8 us
[198.198s][info][gc,stats    ]   CWRF: Weak References               8 us, workers (us):   8, ---, ---, 
[198.198s][info][gc,stats    ] Concurrent Weak Roots               577 us
[198.198s][info][gc,stats    ]   Roots                             460 us, parallelism: 0.92x
[198.198s][info][gc,stats    ]     CWR: <total>                    425 us
[198.198s][info][gc,stats    ]     CWR: Code Cache Roots           356 us, workers (us): 356, ---, ---, 
[198.198s][info][gc,stats    ]     CWR: VM Weak Roots               64 us, workers (us):  64, ---, ---, 
[198.198s][info][gc,stats    ]     CWR: CLDG Roots                   4 us, workers (us):   4, ---, ---, 
[198.198s][info][gc,stats    ]   Rendezvous                         81 us
[198.198s][info][gc,stats    ] Concurrent Cleanup                   49 us
[198.198s][info][gc,stats    ] Concurrent Class Unloading         2368 us
[198.198s][info][gc,stats    ]   Unlink Stale                     2106 us
[198.198s][info][gc,stats    ]     System Dictionary                 3 us
[198.198s][info][gc,stats    ]     Weak Class Links                  0 us
[198.198s][info][gc,stats    ]     Code Roots                     2102 us
[198.198s][info][gc,stats    ]   Rendezvous                         91 us
[198.198s][info][gc,stats    ]   Purge Unlinked                    103 us
[198.198s][info][gc,stats    ]     Code Roots                       95 us
[198.198s][info][gc,stats    ]     CLDG                              8 us
[198.198s][info][gc,stats    ]     Exception Caches                  0 us
[198.198s][info][gc,stats    ] Pause Final Roots (G)               187 us
[198.198s][info][gc,stats    ] Pause Final Roots (N)                59 us
[198.198s][info][gc,stats    ] 
[198.198s][info][gc,stats    ] Allocation pacing accrued:
[198.198s][info][gc,stats    ]       0 of   904 ms (  0.0%): <total>
[198.198s][info][gc,stats    ]       0 of   904 ms (  0.0%): <average total>
[198.198s][info][gc,stats    ] 
[198.198s][info][gc,metaspace] Metaspace: 9053K(9280K)->9053K(9280K) NonClass: 7881K(8000K)->7881K(8000K) Class: 1171K(1280K)->1171K(1280K)
[198.198s][info][gc,ergo     ] Pacer for Idle. Initial: 163M, Alloc Tax Rate: 1.0x
[199.081s][info][gc          ] Trigger: Learning 4 of 5. Free (5728M) is below initial threshold (5734M)
[199.081s][info][gc,ergo     ] Free: 5728M, Max: 4096K regular, 5660M humongous, Frag: 2% external, 0% internal; Reserve: 412M, Max: 4096K
[199.081s][info][gc,start    ] GC(227) Concurrent reset
[199.081s][info][gc,task     ] GC(227) Using 1 of 3 workers for concurrent reset
[199.081s][info][gc,ergo     ] GC(227) Pacer for Reset. Non-Taxable: 8192M
[199.082s][info][gc          ] GC(227) Concurrent reset 0.968ms
[199.082s][info][gc,start    ] GC(227) Pause Init Mark (unload classes)
[199.083s][info][gc,task     ] GC(227) Using 3 of 3 workers for init marking
[199.083s][info][gc,ergo     ] GC(227) Pacer for Mark. Expected Live: 13199K, Free: 5724M, Non-Taxable: 572M, Alloc Tax Rate: 0.0x
[199.083s][info][gc          ] GC(227) Pause Init Mark (unload classes) 0.182ms
[199.083s][info][gc,start    ] GC(227) Concurrent marking roots
[199.083s][info][gc,task     ] GC(227) Using 1 of 3 workers for concurrent marking roots
[199.084s][info][gc          ] GC(227) Concurrent marking roots 0.769ms
[199.084s][info][gc,start    ] GC(227) Concurrent marking (unload classes)
[199.084s][info][gc,task     ] GC(227) Using 1 of 3 workers for concurrent marking
[199.114s][info][gc          ] GC(227) Concurrent marking (unload classes) 30.318ms
[199.114s][info][gc,start    ] GC(227) Pause Final Mark (unload classes)
[199.114s][info][gc,task     ] GC(227) Using 3 of 3 workers for final marking
[199.114s][info][gc,ergo     ] GC(227) Collectable Garbage: 1907M (93%), Immediate: 1907M (93%), CSet: 0B (0%)
[199.114s][info][gc          ] GC(227) Pause Final Mark (unload classes) 0.242ms
[199.114s][info][gc,start    ] GC(227) Concurrent weak references
[199.114s][info][gc,task     ] GC(227) Using 1 of 3 workers for concurrent weak references
[199.114s][info][gc,ref      ] GC(227) Encountered references: Soft: 144, Weak: 702, Final: 0, Phantom: 27
[199.114s][info][gc,ref      ] GC(227) Discovered  references: Soft: 0, Weak: 150, Final: 0, Phantom: 12
[199.114s][info][gc,ref      ] GC(227) Enqueued    references: Soft: 0, Weak: 0, Final: 0, Phantom: 0
[199.115s][info][gc          ] GC(227) Concurrent weak references 0.194ms
[199.115s][info][gc,start    ] GC(227) Concurrent weak roots
[199.115s][info][gc,task     ] GC(227) Using 1 of 3 workers for concurrent weak root
[199.115s][info][gc          ] GC(227) Concurrent weak roots 0.623ms
[199.115s][info][gc,start    ] GC(227) Concurrent cleanup
[199.115s][info][gc          ] GC(227) Concurrent cleanup 2111M->203M(8192M) 0.042ms
[199.115s][info][gc,ergo     ] GC(227) Free: 7576M, Max: 4096K regular, 5680M humongous, Frag: 26% external, 0% internal; Reserve: 412M, Max: 4096K
[199.115s][info][gc,start    ] GC(227) Concurrent class unloading
[199.115s][info][gc,task     ] GC(227) Using 1 of 3 workers for concurrent class unloading
[199.117s][info][gc          ] GC(227) Concurrent class unloading 2.070ms
[199.117s][info][gc,start    ] GC(227) Pause Final Roots
[199.117s][info][gc          ] GC(227) Pause Final Roots 0.041ms
[199.118s][info][gc,ergo     ] Free: 7568M, Max: 4096K regular, 5680M humongous, Frag: 25% external, 0% internal; Reserve: 412M, Max: 4096K
[199.118s][info][gc,stats    ] 
[199.118s][info][gc,stats    ] All times are wall-clock times, except per-root-class counters, that are sum over
[199.118s][info][gc,stats    ] all workers. Dividing the <total> over the root stage time estimates parallelism.
[199.118s][info][gc,stats    ] 
[199.118s][info][gc,stats    ] Concurrent Reset                   1038 us
[199.118s][info][gc,stats    ] Pause Init Mark (G)                 361 us
[199.118s][info][gc,stats    ] Pause Init Mark (N)                 199 us
[199.118s][info][gc,stats    ]   Update Region States               76 us
[199.118s][info][gc,stats    ] Concurrent Mark Roots               797 us, parallelism: 0.81x
[199.118s][info][gc,stats    ]   CMR: <total>                      642 us
[199.118s][info][gc,stats    ]   CMR: Thread Roots                 600 us, workers (us): 600, ---, ---, 
[199.118s][info][gc,stats    ]   CMR: VM Strong Roots                5 us, workers (us):   5, ---, ---, 
[199.118s][info][gc,stats    ]   CMR: CLDG Roots                    37 us, workers (us):  37, ---, ---, 
[199.118s][info][gc,stats    ] Concurrent Marking                30384 us
[199.118s][info][gc,stats    ] Pause Final Mark (G)                369 us
[199.118s][info][gc,stats    ] Pause Final Mark (N)                251 us
[199.118s][info][gc,stats    ]   Finish Mark                        80 us
[199.118s][info][gc,stats    ]   Update Region States               57 us
[199.118s][info][gc,stats    ]   Choose Collection Set              40 us
[199.118s][info][gc,stats    ]   Rebuild Free Set                    8 us
[199.118s][info][gc,stats    ] Concurrent Weak References          210 us, parallelism: 0.04x
[199.118s][info][gc,stats    ]   CWRF: <total>                       8 us
[199.118s][info][gc,stats    ]   CWRF: Weak References               8 us, workers (us):   8, ---, ---, 
[199.118s][info][gc,stats    ] Concurrent Weak Roots               642 us
[199.118s][info][gc,stats    ]   Roots                             495 us, parallelism: 0.89x
[199.118s][info][gc,stats    ]     CWR: <total>                    438 us
[199.118s][info][gc,stats    ]     CWR: Code Cache Roots           366 us, workers (us): 366, ---, ---, 
[199.118s][info][gc,stats    ]     CWR: VM Weak Roots               66 us, workers (us):  66, ---, ---, 
[199.118s][info][gc,stats    ]     CWR: CLDG Roots                   5 us, workers (us):   5, ---, ---, 
[199.118s][info][gc,stats    ]   Rendezvous                         95 us
[199.118s][info][gc,stats    ] Concurrent Cleanup                   50 us
[199.118s][info][gc,stats    ] Concurrent Class Unloading         2120 us
[199.118s][info][gc,stats    ]   Unlink Stale                     1785 us
[199.118s][info][gc,stats    ]     System Dictionary                 3 us
[199.118s][info][gc,stats    ]     Weak Class Links                  0 us
[199.118s][info][gc,stats    ]     Code Roots                     1781 us
[199.118s][info][gc,stats    ]   Rendezvous                        104 us
[199.118s][info][gc,stats    ]   Purge Unlinked                    162 us
[199.118s][info][gc,stats    ]     Code Roots                      151 us
[199.118s][info][gc,stats    ]     CLDG                              9 us
[199.118s][info][gc,stats    ]     Exception Caches                  0 us
[199.118s][info][gc,stats    ] Pause Final Roots (G)               186 us
[199.118s][info][gc,stats    ] Pause Final Roots (N)                58 us
[199.118s][info][gc,stats    ] 
[199.118s][info][gc,stats    ] Allocation pacing accrued:
[199.118s][info][gc,stats    ]       0 of   920 ms (  0.0%): <total>
[199.118s][info][gc,stats    ]       0 of   920 ms (  0.0%): <average total>
[199.118s][info][gc,stats    ] 
[199.118s][info][gc,metaspace] Metaspace: 9053K(9280K)->9053K(9280K) NonClass: 7881K(8000K)->7881K(8000K) Class: 1171K(1280K)->1171K(1280K)
[199.118s][info][gc,ergo     ] Pacer for Idle. Initial: 163M, Alloc Tax Rate: 1.0x
[199.818s][info][gc          ] Trigger: Explicit GC request (System.gc())
[199.818s][info][gc,ergo     ] Free: 6684M, Max: 4096K regular, 5680M humongous, Frag: 16% external, 0% internal; Reserve: 412M, Max: 4096K
[199.818s][info][gc,start    ] GC(228) Concurrent reset
[199.818s][info][gc,task     ] GC(228) Using 1 of 3 workers for concurrent reset
[199.818s][info][gc,ergo     ] GC(228) Pacer for Reset. Non-Taxable: 8192M
[199.819s][info][gc          ] GC(228) Concurrent reset 0.871ms
[199.819s][info][gc,start    ] GC(228) Pause Init Mark (unload classes)
[199.819s][info][gc,task     ] GC(228) Using 3 of 3 workers for init marking
[199.820s][info][gc,ref      ] GC(228) Clearing All SoftReferences
[199.820s][info][gc,ergo     ] GC(228) Pacer for Mark. Expected Live: 14444K, Free: 6684M, Non-Taxable: 668M, Alloc Tax Rate: 0.0x
[199.820s][info][gc          ] GC(228) Pause Init Mark (unload classes) 0.131ms
[199.820s][info][gc,start    ] GC(228) Concurrent marking roots
[199.820s][info][gc,task     ] GC(228) Using 1 of 3 workers for concurrent marking roots
[199.820s][info][gc          ] GC(228) Concurrent marking roots 0.775ms
[199.820s][info][gc,start    ] GC(228) Concurrent marking (unload classes)
[199.820s][info][gc,task     ] GC(228) Using 1 of 3 workers for concurrent marking
[199.824s][info][gc          ] GC(228) Concurrent marking (unload classes) 3.575ms
[199.824s][info][gc,start    ] GC(228) Pause Final Mark (unload classes)
[199.824s][info][gc,task     ] GC(228) Using 3 of 3 workers for final marking
[199.824s][info][gc,ergo     ] GC(228) Collectable Garbage: 1019M (93%), Immediate: 1019M (93%), CSet: 0B (0%)
[199.824s][info][gc          ] GC(228) Pause Final Mark (unload classes) 0.375ms
[199.825s][info][gc,start    ] GC(228) Concurrent weak references
[199.825s][info][gc,task     ] GC(228) Using 1 of 3 workers for concurrent weak references
[199.825s][info][gc,ref      ] GC(228) Encountered references: Soft: 144, Weak: 702, Final: 0, Phantom: 27
[199.825s][info][gc,ref      ] GC(228) Discovered  references: Soft: 89, Weak: 168, Final: 0, Phantom: 25
[199.825s][info][gc,ref      ] GC(228) Enqueued    references: Soft: 3, Weak: 0, Final: 0, Phantom: 0
[199.825s][info][gc          ] GC(228) Concurrent weak references 0.131ms
[199.825s][info][gc,start    ] GC(228) Concurrent weak roots
[199.825s][info][gc,task     ] GC(228) Using 1 of 3 workers for concurrent weak root
[199.825s][info][gc          ] GC(228) Concurrent weak roots 0.669ms
[199.825s][info][gc,start    ] GC(228) Concurrent cleanup
[199.825s][info][gc          ] GC(228) Concurrent cleanup 1095M->75M(8192M) 0.032ms
[199.825s][info][gc,ergo     ] GC(228) Free: 7704M, Max: 4096K regular, 6800M humongous, Frag: 12% external, 0% internal; Reserve: 412M, Max: 4096K
[199.825s][info][gc,start    ] GC(228) Concurrent class unloading
[199.825s][info][gc,task     ] GC(228) Using 1 of 3 workers for concurrent class unloading
[199.827s][info][gc          ] GC(228) Concurrent class unloading 1.893ms
[199.827s][info][gc,start    ] GC(228) Pause Final Roots
[199.827s][info][gc          ] GC(228) Pause Final Roots 0.020ms
[199.827s][info][gc,ergo     ] Free: 7704M, Max: 4096K regular, 6800M humongous, Frag: 12% external, 0% internal; Reserve: 412M, Max: 4096K
[199.827s][info][gc,stats    ] 
[199.827s][info][gc,stats    ] All times are wall-clock times, except per-root-class counters, that are sum over
[199.828s][info][gc,stats    ] all workers. Dividing the <total> over the root stage time estimates parallelism.
[199.828s][info][gc,stats    ] 
[199.828s][info][gc,stats    ] Concurrent Reset                    944 us
[199.828s][info][gc,stats    ] Pause Init Mark (G)                 240 us
[199.828s][info][gc,stats    ] Pause Init Mark (N)                 139 us
[199.828s][info][gc,stats    ]   Update Region States               69 us
[199.828s][info][gc,stats    ] Concurrent Mark Roots               802 us, parallelism: 0.83x
[199.828s][info][gc,stats    ]   CMR: <total>                      665 us
[199.828s][info][gc,stats    ]   CMR: Thread Roots                 596 us, workers (us): 596, ---, ---, 
[199.828s][info][gc,stats    ]   CMR: VM Strong Roots                7 us, workers (us):   7, ---, ---, 
[199.828s][info][gc,stats    ]   CMR: CLDG Roots                    62 us, workers (us):  62, ---, ---, 
[199.828s][info][gc,stats    ] Concurrent Marking                 3635 us
[199.828s][info][gc,stats    ] Pause Final Mark (G)                504 us
[199.828s][info][gc,stats    ] Pause Final Mark (N)                402 us
[199.828s][info][gc,stats    ]   Finish Mark                        94 us
[199.828s][info][gc,stats    ]   Update Region States               98 us
[199.828s][info][gc,stats    ]   Choose Collection Set              78 us
[199.828s][info][gc,stats    ]   Rebuild Free Set                   22 us
[199.828s][info][gc,stats    ] Concurrent Weak References          139 us, parallelism: 0.06x
[199.828s][info][gc,stats    ]   CWRF: <total>                       8 us
[199.828s][info][gc,stats    ]   CWRF: Weak References               8 us, workers (us):   8, ---, ---, 
[199.828s][info][gc,stats    ] Concurrent Weak Roots               689 us
[199.828s][info][gc,stats    ]   Roots                             571 us, parallelism: 0.87x
[199.828s][info][gc,stats    ]     CWR: <total>                    499 us
[199.828s][info][gc,stats    ]     CWR: Code Cache Roots           382 us, workers (us): 382, ---, ---, 
[199.828s][info][gc,stats    ]     CWR: VM Weak Roots              112 us, workers (us): 112, ---, ---, 
[199.828s][info][gc,stats    ]     CWR: CLDG Roots                   6 us, workers (us):   6, ---, ---, 
[199.828s][info][gc,stats    ]   Rendezvous                         83 us
[199.828s][info][gc,stats    ] Concurrent Cleanup                   40 us
[199.828s][info][gc,stats    ] Concurrent Class Unloading         1926 us
[199.828s][info][gc,stats    ]   Unlink Stale                     1730 us
[199.828s][info][gc,stats    ]     System Dictionary                 3 us
[199.828s][info][gc,stats    ]     Weak Class Links                  0 us
[199.828s][info][gc,stats    ]     Code Roots                     1725 us
[199.828s][info][gc,stats    ]   Rendezvous                         58 us
[199.828s][info][gc,stats    ]   Purge Unlinked                     89 us
[199.828s][info][gc,stats    ]     Code Roots                       84 us
[199.828s][info][gc,stats    ]     CLDG                              5 us
[199.828s][info][gc,stats    ]     Exception Caches                  0 us
[199.828s][info][gc,stats    ] Pause Final Roots (G)                82 us
[199.828s][info][gc,stats    ] Pause Final Roots (N)                28 us
[199.828s][info][gc,stats    ] 
[199.828s][info][gc,stats    ] Allocation pacing accrued:
[199.828s][info][gc,stats    ]       0 of   710 ms (  0.0%): <total>
[199.828s][info][gc,stats    ]       0 of   710 ms (  0.0%): <average total>
[199.828s][info][gc,stats    ] 
[199.828s][info][gc,metaspace] Metaspace: 9053K(9280K)->9055K(9280K) NonClass: 7881K(8000K)->7883K(8000K) Class: 1171K(1280K)->1171K(1280K)
[199.828s][info][gc,ergo     ] Pacer for Idle. Initial: 163M, Alloc Tax Rate: 1.0x
[200.744s][info][gc          ] Trigger: Learning 2 of 5. Free (5708M) is below initial threshold (5734M)
[200.745s][info][gc,ergo     ] Free: 5708M, Max: 4096K regular, 5708M humongous, Frag: 0% external, 0% internal; Reserve: 412M, Max: 4096K
[200.745s][info][gc,start    ] GC(229) Concurrent reset
[200.745s][info][gc,task     ] GC(229) Using 1 of 3 workers for concurrent reset
[200.745s][info][gc,ergo     ] GC(229) Pacer for Reset. Non-Taxable: 8192M
[200.745s][info][gc          ] GC(229) Concurrent reset 0.627ms
[200.745s][info][gc,start    ] GC(229) Pause Init Mark (unload classes)
[200.745s][info][gc,task     ] GC(229) Using 3 of 3 workers for init marking
[200.746s][info][gc,ergo     ] GC(229) Pacer for Mark. Expected Live: 10685K, Free: 5708M, Non-Taxable: 570M, Alloc Tax Rate: 0.0x
[200.746s][info][gc          ] GC(229) Pause Init Mark (unload classes) 0.158ms
[200.746s][info][gc,start    ] GC(229) Concurrent marking roots
[200.746s][info][gc,task     ] GC(229) Using 1 of 3 workers for concurrent marking roots
[200.746s][info][gc          ] GC(229) Concurrent marking roots 0.406ms
[200.746s][info][gc,start    ] GC(229) Concurrent marking (unload classes)
[200.746s][info][gc,task     ] GC(229) Using 1 of 3 workers for concurrent marking
[200.759s][info][gc          ] GC(229) Concurrent marking (unload classes) 12.681ms
[200.759s][info][gc,start    ] GC(229) Pause Final Mark (unload classes)
[200.759s][info][gc,task     ] GC(229) Using 3 of 3 workers for final marking
[200.759s][info][gc,ergo     ] GC(229) Collectable Garbage: 1960M (95%), Immediate: 1960M (95%), CSet: 0B (0%)
[200.759s][info][gc          ] GC(229) Pause Final Mark (unload classes) 0.356ms
[200.759s][info][gc,start    ] GC(229) Concurrent weak references
[200.759s][info][gc,task     ] GC(229) Using 1 of 3 workers for concurrent weak references
[200.759s][info][gc,ref      ] GC(229) Encountered references: Soft: 144, Weak: 702, Final: 0, Phantom: 27
[200.759s][info][gc,ref      ] GC(229) Discovered  references: Soft: 0, Weak: 150, Final: 0, Phantom: 12
[200.759s][info][gc,ref      ] GC(229) Enqueued    references: Soft: 0, Weak: 0, Final: 0, Phantom: 0
[200.759s][info][gc          ] GC(229) Concurrent weak references 0.105ms
[200.759s][info][gc,start    ] GC(229) Concurrent weak roots
[200.759s][info][gc,task     ] GC(229) Using 1 of 3 workers for concurrent weak root
[200.760s][info][gc          ] GC(229) Concurrent weak roots 0.561ms
[200.760s][info][gc,start    ] GC(229) Concurrent cleanup
[200.760s][info][gc          ] GC(229) Concurrent cleanup 2103M->143M(8192M) 0.044ms
[200.760s][info][gc,ergo     ] GC(229) Free: 7636M, Max: 4096K regular, 5676M humongous, Frag: 26% external, 0% internal; Reserve: 412M, Max: 4096K
[200.760s][info][gc,start    ] GC(229) Concurrent class unloading
[200.760s][info][gc,task     ] GC(229) Using 1 of 3 workers for concurrent class unloading
[200.762s][info][gc          ] GC(229) Concurrent class unloading 2.018ms
[200.762s][info][gc,start    ] GC(229) Pause Final Roots
[200.762s][info][gc          ] GC(229) Pause Final Roots 0.023ms
[200.762s][info][gc,ergo     ] Free: 7632M, Max: 4096K regular, 5676M humongous, Frag: 26% external, 0% internal; Reserve: 412M, Max: 4096K
[200.762s][info][gc,stats    ] 
[200.762s][info][gc,stats    ] All times are wall-clock times, except per-root-class counters, that are sum over
[200.762s][info][gc,stats    ] all workers. Dividing the <total> over the root stage time estimates parallelism.
[200.762s][info][gc,stats    ] 
[200.762s][info][gc,stats    ] Concurrent Reset                    684 us
[200.762s][info][gc,stats    ] Pause Init Mark (G)                 317 us
[200.762s][info][gc,stats    ] Pause Init Mark (N)                 174 us
[200.763s][info][gc,stats    ]   Update Region States               72 us
[200.763s][info][gc,stats    ] Concurrent Mark Roots               423 us, parallelism: 0.79x
[200.763s][info][gc,stats    ]   CMR: <total>                      334 us
[200.763s][info][gc,stats    ]   CMR: Thread Roots                 292 us, workers (us): 292, ---, ---, 
[200.763s][info][gc,stats    ]   CMR: VM Strong Roots                6 us, workers (us):   6, ---, ---, 
[200.763s][info][gc,stats    ]   CMR: CLDG Roots                    37 us, workers (us):  37, ---, ---, 
[200.763s][info][gc,stats    ] Concurrent Marking                12750 us
[200.763s][info][gc,stats    ] Pause Final Mark (G)                506 us
[200.763s][info][gc,stats    ] Pause Final Mark (N)                375 us
[200.763s][info][gc,stats    ]   Finish Mark                       121 us
[200.763s][info][gc,stats    ]   Update Region States               90 us
[200.763s][info][gc,stats    ]   Choose Collection Set              64 us
[200.763s][info][gc,stats    ]   Rebuild Free Set                   16 us
[200.763s][info][gc,stats    ] Concurrent Weak References          113 us, parallelism: 0.06x
[200.763s][info][gc,stats    ]   CWRF: <total>                       7 us
[200.763s][info][gc,stats    ]   CWRF: Weak References               7 us, workers (us):   7, ---, ---, 
[200.763s][info][gc,stats    ] Concurrent Weak Roots               582 us
[200.763s][info][gc,stats    ]   Roots                             483 us, parallelism: 0.92x
[200.763s][info][gc,stats    ]     CWR: <total>                    443 us
[200.763s][info][gc,stats    ]     CWR: Code Cache Roots           375 us, workers (us): 375, ---, ---, 
[200.763s][info][gc,stats    ]     CWR: VM Weak Roots               63 us, workers (us):  63, ---, ---, 
[200.763s][info][gc,stats    ]     CWR: CLDG Roots                   5 us, workers (us):   5, ---, ---, 
[200.763s][info][gc,stats    ]   Rendezvous                         63 us
[200.763s][info][gc,stats    ] Concurrent Cleanup                   52 us
[200.763s][info][gc,stats    ] Concurrent Class Unloading         2061 us
[200.763s][info][gc,stats    ]   Unlink Stale                     1853 us
[200.763s][info][gc,stats    ]     System Dictionary                 4 us
[200.763s][info][gc,stats    ]     Weak Class Links                  0 us
[200.763s][info][gc,stats    ]     Code Roots                     1848 us
[200.763s][info][gc,stats    ]   Rendezvous                         60 us
[200.763s][info][gc,stats    ]   Purge Unlinked                     81 us
[200.763s][info][gc,stats    ]     Code Roots                       76 us
[200.763s][info][gc,stats    ]     CLDG                              5 us
[200.763s][info][gc,stats    ]     Exception Caches                  0 us
[200.763s][info][gc,stats    ] Pause Final Roots (G)               151 us
[200.763s][info][gc,stats    ] Pause Final Roots (N)                31 us
[200.763s][info][gc,stats    ] 
[200.763s][info][gc,stats    ] Allocation pacing accrued:
[200.763s][info][gc,stats    ]       0 of   935 ms (  0.0%): <total>
[200.763s][info][gc,stats    ]       0 of   935 ms (  0.0%): <average total>
[200.763s][info][gc,stats    ] 
[200.763s][info][gc,metaspace] Metaspace: 9055K(9280K)->9055K(9280K) NonClass: 7883K(8000K)->7883K(8000K) Class: 1171K(1280K)->1171K(1280K)
[200.763s][info][gc,ergo     ] Pacer for Idle. Initial: 163M, Alloc Tax Rate: 1.0x
[201.638s][info][gc          ] Trigger: Learning 3 of 5. Free (5720M) is below initial threshold (5734M)
[201.638s][info][gc,ergo     ] Free: 5720M, Max: 4096K regular, 5676M humongous, Frag: 1% external, 0% internal; Reserve: 412M, Max: 4096K
[201.638s][info][gc,start    ] GC(230) Concurrent reset
[201.638s][info][gc,task     ] GC(230) Using 1 of 3 workers for concurrent reset
[201.638s][info][gc,ergo     ] GC(230) Pacer for Reset. Non-Taxable: 8192M
[201.639s][info][gc          ] GC(230) Concurrent reset 0.626ms
[201.639s][info][gc,start    ] GC(230) Pause Init Mark (unload classes)
[201.639s][info][gc,task     ] GC(230) Using 3 of 3 workers for init marking
[201.639s][info][gc,ergo     ] GC(230) Pacer for Mark. Expected Live: 11984K, Free: 5716M, Non-Taxable: 571M, Alloc Tax Rate: 0.0x
[201.639s][info][gc          ] GC(230) Pause Init Mark (unload classes) 0.186ms
[201.639s][info][gc,start    ] GC(230) Concurrent marking roots
[201.639s][info][gc,task     ] GC(230) Using 1 of 3 workers for concurrent marking roots
[201.640s][info][gc          ] GC(230) Concurrent marking roots 0.776ms
[201.640s][info][gc,start    ] GC(230) Concurrent marking (unload classes)
[201.640s][info][gc,task     ] GC(230) Using 1 of 3 workers for concurrent marking
[201.662s][info][gc          ] GC(230) Concurrent marking (unload classes) 21.840ms
[201.662s][info][gc,start    ] GC(230) Pause Final Mark (unload classes)
[201.662s][info][gc,task     ] GC(230) Using 3 of 3 workers for final marking
[201.662s][info][gc,ergo     ] GC(230) Collectable Garbage: 1924M (93%), Immediate: 1924M (93%), CSet: 0B (0%)
[201.662s][info][gc          ] GC(230) Pause Final Mark (unload classes) 0.327ms
[201.662s][info][gc,start    ] GC(230) Concurrent weak references
[201.662s][info][gc,task     ] GC(230) Using 1 of 3 workers for concurrent weak references
[201.662s][info][gc,ref      ] GC(230) Encountered references: Soft: 144, Weak: 702, Final: 0, Phantom: 27
[201.662s][info][gc,ref      ] GC(230) Discovered  references: Soft: 0, Weak: 150, Final: 0, Phantom: 12
[201.662s][info][gc,ref      ] GC(230) Enqueued    references: Soft: 0, Weak: 0, Final: 0, Phantom: 0
[201.662s][info][gc          ] GC(230) Concurrent weak references 0.147ms
[201.662s][info][gc,start    ] GC(230) Concurrent weak roots
[201.662s][info][gc,task     ] GC(230) Using 1 of 3 workers for concurrent weak root
[201.663s][info][gc          ] GC(230) Concurrent weak roots 0.689ms
[201.663s][info][gc,start    ] GC(230) Concurrent cleanup
[201.663s][info][gc          ] GC(230) Concurrent cleanup 2115M->191M(8192M) 0.042ms
[201.663s][info][gc,ergo     ] GC(230) Free: 7588M, Max: 4096K regular, 5664M humongous, Frag: 26% external, 0% internal; Reserve: 412M, Max: 4096K
[201.663s][info][gc,start    ] GC(230) Concurrent class unloading
[201.663s][info][gc,task     ] GC(230) Using 1 of 3 workers for concurrent class unloading
[201.665s][info][gc          ] GC(230) Concurrent class unloading 2.173ms
[201.665s][info][gc,start    ] GC(230) Pause Final Roots
[201.666s][info][gc          ] GC(230) Pause Final Roots 0.039ms
[201.666s][info][gc,ergo     ] Free: 7584M, Max: 4096K regular, 5664M humongous, Frag: 26% external, 0% internal; Reserve: 412M, Max: 4096K
[201.666s][info][gc,stats    ] 
[201.666s][info][gc,stats    ] All times are wall-clock times, except per-root-class counters, that are sum over
[201.666s][info][gc,stats    ] all workers. Dividing the <total> over the root stage time estimates parallelism.
[201.666s][info][gc,stats    ] 
[201.666s][info][gc,stats    ] Concurrent Reset                    687 us
[201.666s][info][gc,stats    ] Pause Init Mark (G)                 332 us
[201.666s][info][gc,stats    ] Pause Init Mark (N)                 203 us
[201.666s][info][gc,stats    ]   Update Region States               82 us
[201.666s][info][gc,stats    ] Concurrent Mark Roots               801 us, parallelism: 0.84x
[201.666s][info][gc,stats    ]   CMR: <total>                      672 us
[201.666s][info][gc,stats    ]   CMR: Thread Roots                 601 us, workers (us): 601, ---, ---, 
[201.666s][info][gc,stats    ]   CMR: VM Strong Roots                7 us, workers (us):   7, ---, ---, 
[201.666s][info][gc,stats    ]   CMR: CLDG Roots                    63 us, workers (us):  63, ---, ---, 
[201.666s][info][gc,stats    ] Concurrent Marking                21909 us
[201.666s][info][gc,stats    ] Pause Final Mark (G)                496 us
[201.666s][info][gc,stats    ] Pause Final Mark (N)                347 us
[201.666s][info][gc,stats    ]   Finish Mark                       102 us
[201.666s][info][gc,stats    ]   Update Region States               69 us
[201.666s][info][gc,stats    ]   Choose Collection Set              63 us
[201.666s][info][gc,stats    ]   Rebuild Free Set                   17 us
[201.666s][info][gc,stats    ] Concurrent Weak References          155 us, parallelism: 0.03x
[201.666s][info][gc,stats    ]   CWRF: <total>                       4 us
[201.666s][info][gc,stats    ]   CWRF: Weak References               4 us, workers (us):   4, ---, ---, 
[201.666s][info][gc,stats    ] Concurrent Weak Roots               708 us
[201.666s][info][gc,stats    ]   Roots                             619 us, parallelism: 0.88x
[201.666s][info][gc,stats    ]     CWR: <total>                    546 us
[201.666s][info][gc,stats    ]     CWR: Code Cache Roots           424 us, workers (us): 424, ---, ---, 
[201.666s][info][gc,stats    ]     CWR: VM Weak Roots              114 us, workers (us): 114, ---, ---, 
[201.666s][info][gc,stats    ]     CWR: CLDG Roots                   8 us, workers (us):   8, ---, ---, 
[201.666s][info][gc,stats    ]   Rendezvous                         55 us
[201.666s][info][gc,stats    ] Concurrent Cleanup                   50 us
[201.666s][info][gc,stats    ] Concurrent Class Unloading         2224 us
[201.666s][info][gc,stats    ]   Unlink Stale                     1820 us
[201.666s][info][gc,stats    ]     System Dictionary                 3 us
[201.666s][info][gc,stats    ]     Weak Class Links                  0 us
[201.666s][info][gc,stats    ]     Code Roots                     1815 us
[201.666s][info][gc,stats    ]   Rendezvous                        174 us
[201.666s][info][gc,stats    ]   Purge Unlinked                    160 us
[201.666s][info][gc,stats    ]     Code Roots                      152 us
[201.666s][info][gc,stats    ]     CLDG                              8 us
[201.666s][info][gc,stats    ]     Exception Caches                  0 us
[201.666s][info][gc,stats    ] Pause Final Roots (G)               171 us
[201.666s][info][gc,stats    ] Pause Final Roots (N)                57 us
[201.666s][info][gc,stats    ] 
[201.666s][info][gc,stats    ] Allocation pacing accrued:
[201.666s][info][gc,stats    ]       0 of   903 ms (  0.0%): <total>
[201.666s][info][gc,stats    ]       0 of   903 ms (  0.0%): <average total>
[201.666s][info][gc,stats    ] 
[201.666s][info][gc,metaspace] Metaspace: 9055K(9280K)->9055K(9280K) NonClass: 7883K(8000K)->7883K(8000K) Class: 1171K(1280K)->1171K(1280K)
[201.666s][info][gc,ergo     ] Pacer for Idle. Initial: 163M, Alloc Tax Rate: 1.0x
[202.548s][info][gc          ] Trigger: Learning 4 of 5. Free (5732M) is below initial threshold (5734M)
[202.548s][info][gc,ergo     ] Free: 5732M, Max: 4096K regular, 5664M humongous, Frag: 2% external, 0% internal; Reserve: 412M, Max: 4096K
[202.548s][info][gc,start    ] GC(231) Concurrent reset
[202.548s][info][gc,task     ] GC(231) Using 1 of 3 workers for concurrent reset
[202.548s][info][gc,ergo     ] GC(231) Pacer for Reset. Non-Taxable: 8192M
[202.549s][info][gc          ] GC(231) Concurrent reset 1.018ms
[202.550s][info][gc,start    ] GC(231) Pause Init Mark (unload classes)
[202.550s][info][gc,task     ] GC(231) Using 3 of 3 workers for init marking
[202.550s][info][gc,ergo     ] GC(231) Pacer for Mark. Expected Live: 13197K, Free: 5728M, Non-Taxable: 572M, Alloc Tax Rate: 0.0x
[202.550s][info][gc          ] GC(231) Pause Init Mark (unload classes) 0.199ms
[202.550s][info][gc,start    ] GC(231) Concurrent marking roots
[202.550s][info][gc,task     ] GC(231) Using 1 of 3 workers for concurrent marking roots
[202.550s][info][gc          ] GC(231) Concurrent marking roots 0.510ms
[202.550s][info][gc,start    ] GC(231) Concurrent marking (unload classes)
[202.550s][info][gc,task     ] GC(231) Using 1 of 3 workers for concurrent marking
[202.581s][info][gc          ] GC(231) Concurrent marking (unload classes) 30.322ms
[202.581s][info][gc,start    ] GC(231) Pause Final Mark (unload classes)
[202.581s][info][gc,task     ] GC(231) Using 3 of 3 workers for final marking
[202.581s][info][gc,ergo     ] GC(231) Collectable Garbage: 1903M (93%), Immediate: 1903M (93%), CSet: 0B (0%)
[202.581s][info][gc          ] GC(231) Pause Final Mark (unload classes) 0.349ms
[202.581s][info][gc,start    ] GC(231) Concurrent weak references
[202.581s][info][gc,task     ] GC(231) Using 1 of 3 workers for concurrent weak references
[202.582s][info][gc,ref      ] GC(231) Encountered references: Soft: 144, Weak: 702, Final: 0, Phantom: 27
[202.582s][info][gc,ref      ] GC(231) Discovered  references: Soft: 0, Weak: 150, Final: 0, Phantom: 12
[202.582s][info][gc,ref      ] GC(231) Enqueued    references: Soft: 0, Weak: 0, Final: 0, Phantom: 0
[202.582s][info][gc          ] GC(231) Concurrent weak references 0.195ms
[202.582s][info][gc,start    ] GC(231) Concurrent weak roots
[202.582s][info][gc,task     ] GC(231) Using 1 of 3 workers for concurrent weak root
[202.582s][info][gc          ] GC(231) Concurrent weak roots 0.599ms
[202.582s][info][gc,start    ] GC(231) Concurrent cleanup
[202.582s][info][gc          ] GC(231) Concurrent cleanup 2111M->207M(8192M) 0.044ms
[202.582s][info][gc,ergo     ] GC(231) Free: 7572M, Max: 4096K regular, 5684M humongous, Frag: 25% external, 0% internal; Reserve: 412M, Max: 4096K
[202.582s][info][gc,start    ] GC(231) Concurrent class unloading
[202.582s][info][gc,task     ] GC(231) Using 1 of 3 workers for concurrent class unloading
[202.584s][info][gc          ] GC(231) Concurrent class unloading 2.198ms
[202.585s][info][gc,start    ] GC(231) Pause Final Roots
[202.585s][info][gc          ] GC(231) Pause Final Roots 0.023ms
[202.585s][info][gc,ergo     ] Free: 7568M, Max: 4096K regular, 5684M humongous, Frag: 25% external, 0% internal; Reserve: 412M, Max: 4096K
[202.585s][info][gc,stats    ] 
[202.585s][info][gc,stats    ] All times are wall-clock times, except per-root-class counters, that are sum over
[202.585s][info][gc,stats    ] all workers. Dividing the <total> over the root stage time estimates parallelism.
[202.585s][info][gc,stats    ] 
[202.585s][info][gc,stats    ] Concurrent Reset                   1104 us
[202.585s][info][gc,stats    ] Pause Init Mark (G)                 373 us
[202.585s][info][gc,stats    ] Pause Init Mark (N)                 216 us
[202.585s][info][gc,stats    ]   Update Region States               75 us
[202.585s][info][gc,stats    ] Concurrent Mark Roots               547 us, parallelism: 0.68x
[202.585s][info][gc,stats    ]   CMR: <total>                      372 us
[202.585s][info][gc,stats    ]   CMR: Thread Roots                 330 us, workers (us): 330, ---, ---, 
[202.585s][info][gc,stats    ]   CMR: VM Strong Roots                5 us, workers (us):   5, ---, ---, 
[202.585s][info][gc,stats    ]   CMR: CLDG Roots                    37 us, workers (us):  37, ---, ---, 
[202.585s][info][gc,stats    ] Concurrent Marking                30390 us
[202.585s][info][gc,stats    ] Pause Final Mark (G)                519 us
[202.585s][info][gc,stats    ] Pause Final Mark (N)                368 us
[202.585s][info][gc,stats    ]   Finish Mark                       102 us
[202.585s][info][gc,stats    ]   Update Region States               89 us
[202.585s][info][gc,stats    ]   Choose Collection Set              62 us
[202.585s][info][gc,stats    ]   Rebuild Free Set                   17 us
[202.585s][info][gc,stats    ] Concurrent Weak References          211 us, parallelism: 0.04x
[202.585s][info][gc,stats    ]   CWRF: <total>                       8 us
[202.585s][info][gc,stats    ]   CWRF: Weak References               8 us, workers (us):   8, ---, ---, 
[202.585s][info][gc,stats    ] Concurrent Weak Roots               625 us
[202.585s][info][gc,stats    ]   Roots                             506 us, parallelism: 0.89x
[202.585s][info][gc,stats    ]     CWR: <total>                    448 us
[202.585s][info][gc,stats    ]     CWR: Code Cache Roots           378 us, workers (us): 378, ---, ---, 
[202.585s][info][gc,stats    ]     CWR: VM Weak Roots               65 us, workers (us):  65, ---, ---, 
[202.585s][info][gc,stats    ]     CWR: CLDG Roots                   6 us, workers (us):   6, ---, ---, 
[202.585s][info][gc,stats    ]   Rendezvous                         61 us
[202.585s][info][gc,stats    ] Concurrent Cleanup                   52 us
[202.585s][info][gc,stats    ] Concurrent Class Unloading         2248 us
[202.585s][info][gc,stats    ]   Unlink Stale                     2003 us
[202.585s][info][gc,stats    ]     System Dictionary                 3 us
[202.585s][info][gc,stats    ]     Weak Class Links                  0 us
[202.585s][info][gc,stats    ]     Code Roots                     1999 us
[202.585s][info][gc,stats    ]   Rendezvous                         54 us
[202.585s][info][gc,stats    ]   Purge Unlinked                    123 us
[202.585s][info][gc,stats    ]     Code Roots                      114 us
[202.585s][info][gc,stats    ]     CLDG                              8 us
[202.585s][info][gc,stats    ]     Exception Caches                  0 us
[202.585s][info][gc,stats    ] Pause Final Roots (G)               121 us
[202.585s][info][gc,stats    ] Pause Final Roots (N)                32 us
[202.585s][info][gc,stats    ] 
[202.585s][info][gc,stats    ] Allocation pacing accrued:
[202.585s][info][gc,stats    ]       0 of   919 ms (  0.0%): <total>
[202.585s][info][gc,stats    ]       0 of   919 ms (  0.0%): <average total>
[202.585s][info][gc,stats    ] 
[202.585s][info][gc,metaspace] Metaspace: 9055K(9280K)->9055K(9280K) NonClass: 7883K(8000K)->7883K(8000K) Class: 1171K(1280K)->1171K(1280K)
[202.586s][info][gc,ergo     ] Pacer for Idle. Initial: 163M, Alloc Tax Rate: 1.0x
[203.286s][info][gc          ] Trigger: Explicit GC request (System.gc())
[203.286s][info][gc,ergo     ] Free: 6680M, Max: 4096K regular, 5684M humongous, Frag: 15% external, 0% internal; Reserve: 412M, Max: 4096K
[203.286s][info][gc,start    ] GC(232) Concurrent reset
[203.286s][info][gc,task     ] GC(232) Using 1 of 3 workers for concurrent reset
[203.286s][info][gc,ergo     ] GC(232) Pacer for Reset. Non-Taxable: 8192M
[203.287s][info][gc          ] GC(232) Concurrent reset 0.730ms
[203.287s][info][gc,start    ] GC(232) Pause Init Mark (unload classes)
[203.287s][info][gc,task     ] GC(232) Using 3 of 3 workers for init marking
[203.287s][info][gc,ref      ] GC(232) Clearing All SoftReferences
[203.287s][info][gc,ergo     ] GC(232) Pacer for Mark. Expected Live: 14438K, Free: 6680M, Non-Taxable: 668M, Alloc Tax Rate: 0.0x
[203.287s][info][gc          ] GC(232) Pause Init Mark (unload classes) 0.167ms
[203.287s][info][gc,start    ] GC(232) Concurrent marking roots
[203.287s][info][gc,task     ] GC(232) Using 1 of 3 workers for concurrent marking roots
[203.287s][info][gc          ] GC(232) Concurrent marking roots 0.477ms
[203.287s][info][gc,start    ] GC(232) Concurrent marking (unload classes)
[203.288s][info][gc,task     ] GC(232) Using 1 of 3 workers for concurrent marking
[203.291s][info][gc          ] GC(232) Concurrent marking (unload classes) 3.908ms
[203.292s][info][gc,start    ] GC(232) Pause Final Mark (unload classes)
[203.292s][info][gc,task     ] GC(232) Using 3 of 3 workers for final marking
[203.292s][info][gc,ergo     ] GC(232) Collectable Garbage: 1023M (93%), Immediate: 1023M (93%), CSet: 0B (0%)
[203.292s][info][gc          ] GC(232) Pause Final Mark (unload classes) 0.383ms
[203.292s][info][gc,start    ] GC(232) Concurrent weak references
[203.292s][info][gc,task     ] GC(232) Using 1 of 3 workers for concurrent weak references
[203.292s][info][gc,ref      ] GC(232) Encountered references: Soft: 144, Weak: 702, Final: 0, Phantom: 27
[203.292s][info][gc,ref      ] GC(232) Discovered  references: Soft: 89, Weak: 168, Final: 0, Phantom: 25
[203.292s][info][gc,ref      ] GC(232) Enqueued    references: Soft: 3, Weak: 0, Final: 0, Phantom: 0
[203.292s][info][gc          ] GC(232) Concurrent weak references 0.172ms
[203.292s][info][gc,start    ] GC(232) Concurrent weak roots
[203.292s][info][gc,task     ] GC(232) Using 1 of 3 workers for concurrent weak root
[203.293s][info][gc          ] GC(232) Concurrent weak roots 0.545ms
[203.293s][info][gc,start    ] GC(232) Concurrent cleanup
[203.293s][info][gc          ] GC(232) Concurrent cleanup 1099M->75M(8192M) 0.033ms
[203.293s][info][gc,ergo     ] GC(232) Free: 7704M, Max: 4096K regular, 6800M humongous, Frag: 12% external, 0% internal; Reserve: 412M, Max: 4096K
[203.293s][info][gc,start    ] GC(232) Concurrent class unloading
[203.293s][info][gc,task     ] GC(232) Using 1 of 3 workers for concurrent class unloading
[203.296s][info][gc          ] GC(232) Concurrent class unloading 2.752ms
[203.296s][info][gc,start    ] GC(232) Pause Final Roots
[203.296s][info][gc          ] GC(232) Pause Final Roots 0.052ms
[203.296s][info][gc,ergo     ] Free: 7704M, Max: 4096K regular, 6800M humongous, Frag: 12% external, 0% internal; Reserve: 412M, Max: 4096K
[203.296s][info][gc,stats    ] 
[203.296s][info][gc,stats    ] All times are wall-clock times, except per-root-class counters, that are sum over
[203.296s][info][gc,stats    ] all workers. Dividing the <total> over the root stage time estimates parallelism.
[203.296s][info][gc,stats    ] 
[203.296s][info][gc,stats    ] Concurrent Reset                    798 us
[203.296s][info][gc,stats    ] Pause Init Mark (G)                 273 us
[203.296s][info][gc,stats    ] Pause Init Mark (N)                 176 us
[203.296s][info][gc,stats    ]   Update Region States               74 us
[203.296s][info][gc,stats    ] Concurrent Mark Roots               495 us, parallelism: 0.72x
[203.296s][info][gc,stats    ]   CMR: <total>                      356 us
[203.296s][info][gc,stats    ]   CMR: Thread Roots                 312 us, workers (us): 312, ---, ---, 
[203.296s][info][gc,stats    ]   CMR: VM Strong Roots                5 us, workers (us):   5, ---, ---, 
[203.296s][info][gc,stats    ]   CMR: CLDG Roots                    38 us, workers (us):  38, ---, ---, 
[203.296s][info][gc,stats    ] Concurrent Marking                 3961 us
[203.296s][info][gc,stats    ] Pause Final Mark (G)                530 us
[203.296s][info][gc,stats    ] Pause Final Mark (N)                408 us
[203.296s][info][gc,stats    ]   Finish Mark                        92 us
[203.296s][info][gc,stats    ]   Update Region States              102 us
[203.296s][info][gc,stats    ]   Choose Collection Set              80 us
[203.296s][info][gc,stats    ]   Rebuild Free Set                   22 us
[203.296s][info][gc,stats    ] Concurrent Weak References          188 us, parallelism: 0.04x
[203.296s][info][gc,stats    ]   CWRF: <total>                       8 us
[203.296s][info][gc,stats    ]   CWRF: Weak References               8 us, workers (us):   8, ---, ---, 
[203.296s][info][gc,stats    ] Concurrent Weak Roots               564 us
[203.296s][info][gc,stats    ]   Roots                             431 us, parallelism: 0.87x
[203.296s][info][gc,stats    ]     CWR: <total>                    377 us
[203.296s][info][gc,stats    ]     CWR: Code Cache Roots           306 us, workers (us): 306, ---, ---, 
[203.296s][info][gc,stats    ]     CWR: VM Weak Roots               67 us, workers (us):  67, ---, ---, 
[203.296s][info][gc,stats    ]     CWR: CLDG Roots                   4 us, workers (us):   4, ---, ---, 
[203.296s][info][gc,stats    ]   Rendezvous                         83 us
[203.296s][info][gc,stats    ] Concurrent Cleanup                   41 us
[203.296s][info][gc,stats    ] Concurrent Class Unloading         2805 us
[203.296s][info][gc,stats    ]   Unlink Stale                     2281 us
[203.296s][info][gc,stats    ]     System Dictionary                 3 us
[203.296s][info][gc,stats    ]     Weak Class Links                  0 us
[203.296s][info][gc,stats    ]     Code Roots                     2277 us
[203.296s][info][gc,stats    ]   Rendezvous                        243 us
[203.296s][info][gc,stats    ]   Purge Unlinked                    210 us
[203.296s][info][gc,stats    ]     Code Roots                      199 us
[203.296s][info][gc,stats    ]     CLDG                             10 us
[203.296s][info][gc,stats    ]     Exception Caches                  0 us
[203.296s][info][gc,stats    ] Pause Final Roots (G)               190 us
[203.296s][info][gc,stats    ] Pause Final Roots (N)                74 us
[203.296s][info][gc,stats    ] 
[203.296s][info][gc,stats    ] Allocation pacing accrued:
[203.296s][info][gc,stats    ]       0 of   711 ms (  0.0%): <total>
[203.296s][info][gc,stats    ]       0 of   711 ms (  0.0%): <average total>
[203.296s][info][gc,stats    ] 
[203.296s][info][gc,metaspace] Metaspace: 9055K(9280K)->9055K(9280K) NonClass: 7883K(8000K)->7883K(8000K) Class: 1171K(1280K)->1171K(1280K)
[203.296s][info][gc,ergo     ] Pacer for Idle. Initial: 163M, Alloc Tax Rate: 1.0x
[204.212s][info][gc          ] Trigger: Learning 2 of 5. Free (5712M) is below initial threshold (5734M)
[204.212s][info][gc,ergo     ] Free: 5712M, Max: 4096K regular, 5712M humongous, Frag: 0% external, 0% internal; Reserve: 412M, Max: 4096K
[204.213s][info][gc,start    ] GC(233) Concurrent reset
[204.213s][info][gc,task     ] GC(233) Using 1 of 3 workers for concurrent reset
[204.213s][info][gc,ergo     ] GC(233) Pacer for Reset. Non-Taxable: 8192M
[204.213s][info][gc          ] GC(233) Concurrent reset 0.539ms
[204.213s][info][gc,start    ] GC(233) Pause Init Mark (unload classes)
[204.213s][info][gc,task     ] GC(233) Using 3 of 3 workers for init marking
[204.213s][info][gc,ergo     ] GC(233) Pacer for Mark. Expected Live: 10675K, Free: 5712M, Non-Taxable: 571M, Alloc Tax Rate: 0.0x
[204.213s][info][gc          ] GC(233) Pause Init Mark (unload classes) 0.154ms
[204.213s][info][gc,start    ] GC(233) Concurrent marking roots
[204.213s][info][gc,task     ] GC(233) Using 1 of 3 workers for concurrent marking roots
[204.214s][info][gc          ] GC(233) Concurrent marking roots 0.464ms
[204.214s][info][gc,start    ] GC(233) Concurrent marking (unload classes)
[204.214s][info][gc,task     ] GC(233) Using 1 of 3 workers for concurrent marking
[204.227s][info][gc          ] GC(233) Concurrent marking (unload classes) 12.639ms
[204.227s][info][gc,start    ] GC(233) Pause Final Mark (unload classes)
[204.227s][info][gc,task     ] GC(233) Using 3 of 3 workers for final marking
[204.227s][info][gc,ergo     ] GC(233) Collectable Garbage: 1960M (95%), Immediate: 1960M (95%), CSet: 0B (0%)
[204.227s][info][gc          ] GC(233) Pause Final Mark (unload classes) 0.229ms
[204.227s][info][gc,start    ] GC(233) Concurrent weak references
[204.227s][info][gc,task     ] GC(233) Using 1 of 3 workers for concurrent weak references
[204.227s][info][gc,ref      ] GC(233) Encountered references: Soft: 144, Weak: 702, Final: 0, Phantom: 27
[204.227s][info][gc,ref      ] GC(233) Discovered  references: Soft: 0, Weak: 150, Final: 0, Phantom: 12
[204.227s][info][gc,ref      ] GC(233) Enqueued    references: Soft: 0, Weak: 0, Final: 0, Phantom: 0
[204.227s][info][gc          ] GC(233) Concurrent weak references 0.142ms
[204.227s][info][gc,start    ] GC(233) Concurrent weak roots
[204.227s][info][gc,task     ] GC(233) Using 1 of 3 workers for concurrent weak root
[204.228s][info][gc          ] GC(233) Concurrent weak roots 0.572ms
[204.228s][info][gc,start    ] GC(233) Concurrent cleanup
[204.228s][info][gc          ] GC(233) Concurrent cleanup 2099M->139M(8192M) 0.081ms
[204.228s][info][gc,ergo     ] GC(233) Free: 7640M, Max: 4096K regular, 5680M humongous, Frag: 26% external, 0% internal; Reserve: 412M, Max: 4096K
[204.228s][info][gc,start    ] GC(233) Concurrent class unloading
[204.228s][info][gc,task     ] GC(233) Using 1 of 3 workers for concurrent class unloading
[204.230s][info][gc          ] GC(233) Concurrent class unloading 1.960ms
[204.230s][info][gc,start    ] GC(233) Pause Final Roots
[204.230s][info][gc          ] GC(233) Pause Final Roots 0.027ms
[204.230s][info][gc,ergo     ] Free: 7636M, Max: 4096K regular, 5680M humongous, Frag: 26% external, 0% internal; Reserve: 412M, Max: 4096K
[204.230s][info][gc,stats    ] 
[204.230s][info][gc,stats    ] All times are wall-clock times, except per-root-class counters, that are sum over
[204.230s][info][gc,stats    ] all workers. Dividing the <total> over the root stage time estimates parallelism.
[204.230s][info][gc,stats    ] 
[204.230s][info][gc,stats    ] Concurrent Reset                    598 us
[204.230s][info][gc,stats    ] Pause Init Mark (G)                 320 us
[204.230s][info][gc,stats    ] Pause Init Mark (N)                 171 us
[204.230s][info][gc,stats    ]   Update Region States               69 us
[204.230s][info][gc,stats    ] Concurrent Mark Roots               483 us, parallelism: 0.72x
[204.230s][info][gc,stats    ]   CMR: <total>                      347 us
[204.230s][info][gc,stats    ]   CMR: Thread Roots                 308 us, workers (us): 308, ---, ---, 
[204.230s][info][gc,stats    ]   CMR: VM Strong Roots                5 us, workers (us):   5, ---, ---, 
[204.230s][info][gc,stats    ]   CMR: CLDG Roots                    34 us, workers (us):  34, ---, ---, 
[204.230s][info][gc,stats    ] Concurrent Marking                12709 us
[204.230s][info][gc,stats    ] Pause Final Mark (G)                364 us
[204.230s][info][gc,stats    ] Pause Final Mark (N)                246 us
[204.230s][info][gc,stats    ]   Finish Mark                        58 us
[204.230s][info][gc,stats    ]   Update Region States               49 us
[204.230s][info][gc,stats    ]   Choose Collection Set              46 us
[204.230s][info][gc,stats    ]   Rebuild Free Set                   16 us
[204.230s][info][gc,stats    ] Concurrent Weak References          149 us, parallelism: 0.03x
[204.230s][info][gc,stats    ]   CWRF: <total>                       4 us
[204.230s][info][gc,stats    ]   CWRF: Weak References               4 us, workers (us):   4, ---, ---, 
[204.230s][info][gc,stats    ] Concurrent Weak Roots               597 us
[204.230s][info][gc,stats    ]   Roots                             474 us, parallelism: 0.89x
[204.230s][info][gc,stats    ]     CWR: <total>                    421 us
[204.230s][info][gc,stats    ]     CWR: Code Cache Roots           352 us, workers (us): 352, ---, ---, 
[204.230s][info][gc,stats    ]     CWR: VM Weak Roots               63 us, workers (us):  63, ---, ---, 
[204.230s][info][gc,stats    ]     CWR: CLDG Roots                   6 us, workers (us):   6, ---, ---, 
[204.231s][info][gc,stats    ]   Rendezvous                         82 us
[204.231s][info][gc,stats    ] Concurrent Cleanup                   90 us
[204.231s][info][gc,stats    ] Concurrent Class Unloading         1994 us
[204.231s][info][gc,stats    ]   Unlink Stale                     1823 us
[204.231s][info][gc,stats    ]     System Dictionary                 4 us
[204.231s][info][gc,stats    ]     Weak Class Links                  0 us
[204.231s][info][gc,stats    ]     Code Roots                     1818 us
[204.231s][info][gc,stats    ]   Rendezvous                         45 us
[204.231s][info][gc,stats    ]   Purge Unlinked                     75 us
[204.231s][info][gc,stats    ]     Code Roots                       69 us
[204.231s][info][gc,stats    ]     CLDG                              5 us
[204.231s][info][gc,stats    ]     Exception Caches                  0 us
[204.231s][info][gc,stats    ] Pause Final Roots (G)               130 us
[204.231s][info][gc,stats    ] Pause Final Roots (N)                35 us
[204.231s][info][gc,stats    ] 
[204.231s][info][gc,stats    ] Allocation pacing accrued:
[204.231s][info][gc,stats    ]       0 of   934 ms (  0.0%): <total>
[204.231s][info][gc,stats    ]       0 of   934 ms (  0.0%): <average total>
[204.231s][info][gc,stats    ] 
[204.231s][info][gc,metaspace] Metaspace: 9055K(9280K)->9055K(9280K) NonClass: 7883K(8000K)->7883K(8000K) Class: 1171K(1280K)->1171K(1280K)
[204.231s][info][gc,ergo     ] Pacer for Idle. Initial: 163M, Alloc Tax Rate: 1.0x
[205.107s][info][gc          ] Trigger: Learning 3 of 5. Free (5732M) is below initial threshold (5734M)
[205.107s][info][gc,ergo     ] Free: 5728M, Max: 4096K regular, 5680M humongous, Frag: 1% external, 0% internal; Reserve: 412M, Max: 4096K
[205.107s][info][gc,start    ] GC(234) Concurrent reset
[205.107s][info][gc,task     ] GC(234) Using 1 of 3 workers for concurrent reset
[205.107s][info][gc,ergo     ] GC(234) Pacer for Reset. Non-Taxable: 8192M
[205.108s][info][gc          ] GC(234) Concurrent reset 0.758ms
[205.108s][info][gc,start    ] GC(234) Pause Init Mark (unload classes)
[205.108s][info][gc,task     ] GC(234) Using 3 of 3 workers for init marking
[205.108s][info][gc,ergo     ] GC(234) Pacer for Mark. Expected Live: 11969K, Free: 5728M, Non-Taxable: 572M, Alloc Tax Rate: 0.0x
[205.108s][info][gc          ] GC(234) Pause Init Mark (unload classes) 0.177ms
[205.108s][info][gc,start    ] GC(234) Concurrent marking roots
[205.108s][info][gc,task     ] GC(234) Using 1 of 3 workers for concurrent marking roots
[205.109s][info][gc          ] GC(234) Concurrent marking roots 0.803ms
[205.109s][info][gc,start    ] GC(234) Concurrent marking (unload classes)
[205.109s][info][gc,task     ] GC(234) Using 1 of 3 workers for concurrent marking
[205.131s][info][gc          ] GC(234) Concurrent marking (unload classes) 22.164ms
[205.131s][info][gc,start    ] GC(234) Pause Final Mark (unload classes)
[205.131s][info][gc,task     ] GC(234) Using 3 of 3 workers for final marking
[205.132s][info][gc,ergo     ] GC(234) Collectable Garbage: 1915M (94%), Immediate: 1915M (94%), CSet: 0B (0%)
[205.132s][info][gc          ] GC(234) Pause Final Mark (unload classes) 0.324ms
[205.132s][info][gc,start    ] GC(234) Concurrent weak references
[205.132s][info][gc,task     ] GC(234) Using 1 of 3 workers for concurrent weak references
[205.132s][info][gc,ref      ] GC(234) Encountered references: Soft: 144, Weak: 702, Final: 0, Phantom: 27
[205.132s][info][gc,ref      ] GC(234) Discovered  references: Soft: 0, Weak: 150, Final: 0, Phantom: 12
[205.132s][info][gc,ref      ] GC(234) Enqueued    references: Soft: 0, Weak: 0, Final: 0, Phantom: 0
[205.132s][info][gc          ] GC(234) Concurrent weak references 0.173ms
[205.132s][info][gc,start    ] GC(234) Concurrent weak roots
[205.132s][info][gc,task     ] GC(234) Using 1 of 3 workers for concurrent weak root
[205.133s][info][gc          ] GC(234) Concurrent weak roots 0.727ms
[205.133s][info][gc,start    ] GC(234) Concurrent cleanup
[205.133s][info][gc          ] GC(234) Concurrent cleanup 2103M->187M(8192M) 0.042ms
[205.133s][info][gc,ergo     ] GC(234) Free: 7592M, Max: 4096K regular, 5676M humongous, Frag: 26% external, 0% internal; Reserve: 412M, Max: 4096K
[205.133s][info][gc,start    ] GC(234) Concurrent class unloading
[205.133s][info][gc,task     ] GC(234) Using 1 of 3 workers for concurrent class unloading
[205.135s][info][gc          ] GC(234) Concurrent class unloading 2.007ms
[205.135s][info][gc,start    ] GC(234) Pause Final Roots
[205.135s][info][gc          ] GC(234) Pause Final Roots 0.039ms
[205.135s][info][gc,ergo     ] Free: 7588M, Max: 4096K regular, 5676M humongous, Frag: 26% external, 0% internal; Reserve: 412M, Max: 4096K
[205.135s][info][gc,stats    ] 
[205.135s][info][gc,stats    ] All times are wall-clock times, except per-root-class counters, that are sum over
[205.135s][info][gc,stats    ] all workers. Dividing the <total> over the root stage time estimates parallelism.
[205.135s][info][gc,stats    ] 
[205.135s][info][gc,stats    ] Concurrent Reset                    806 us
[205.135s][info][gc,stats    ] Pause Init Mark (G)                 321 us
[205.135s][info][gc,stats    ] Pause Init Mark (N)                 194 us
[205.135s][info][gc,stats    ]   Update Region States               73 us
[205.135s][info][gc,stats    ] Concurrent Mark Roots               827 us, parallelism: 0.84x
[205.135s][info][gc,stats    ]   CMR: <total>                      698 us
[205.135s][info][gc,stats    ]   CMR: Thread Roots                 628 us, workers (us): 628, ---, ---, 
[205.135s][info][gc,stats    ]   CMR: VM Strong Roots                7 us, workers (us):   7, ---, ---, 
[205.135s][info][gc,stats    ]   CMR: CLDG Roots                    64 us, workers (us):  64, ---, ---, 
[205.135s][info][gc,stats    ] Concurrent Marking                22219 us
[205.135s][info][gc,stats    ] Pause Final Mark (G)                480 us
[205.135s][info][gc,stats    ] Pause Final Mark (N)                343 us
[205.135s][info][gc,stats    ]   Finish Mark                       108 us
[205.135s][info][gc,stats    ]   Update Region States               65 us
[205.135s][info][gc,stats    ]   Choose Collection Set              63 us
[205.135s][info][gc,stats    ]   Rebuild Free Set                   17 us
[205.135s][info][gc,stats    ] Concurrent Weak References          180 us, parallelism: 0.05x
[205.135s][info][gc,stats    ]   CWRF: <total>                       9 us
[205.135s][info][gc,stats    ]   CWRF: Weak References               9 us, workers (us):   9, ---, ---, 
[205.135s][info][gc,stats    ] Concurrent Weak Roots               746 us
[205.135s][info][gc,stats    ]   Roots                             629 us, parallelism: 0.89x
[205.135s][info][gc,stats    ]     CWR: <total>                    557 us
[205.135s][info][gc,stats    ]     CWR: Code Cache Roots           437 us, workers (us): 437, ---, ---, 
[205.135s][info][gc,stats    ]     CWR: VM Weak Roots              114 us, workers (us): 114, ---, ---, 
[205.135s][info][gc,stats    ]     CWR: CLDG Roots                   6 us, workers (us):   6, ---, ---, 
[205.135s][info][gc,stats    ]   Rendezvous                         82 us
[205.135s][info][gc,stats    ] Concurrent Cleanup                   51 us
[205.136s][info][gc,stats    ] Concurrent Class Unloading         2059 us
[205.136s][info][gc,stats    ]   Unlink Stale                     1777 us
[205.136s][info][gc,stats    ]     System Dictionary                 3 us
[205.136s][info][gc,stats    ]     Weak Class Links                  0 us
[205.136s][info][gc,stats    ]     Code Roots                     1773 us
[205.136s][info][gc,stats    ]   Rendezvous                         60 us
[205.136s][info][gc,stats    ]   Purge Unlinked                    151 us
[205.136s][info][gc,stats    ]     Code Roots                      139 us
[205.136s][info][gc,stats    ]     CLDG                             11 us
[205.136s][info][gc,stats    ]     Exception Caches                  0 us
[205.136s][info][gc,stats    ] Pause Final Roots (G)               171 us
[205.136s][info][gc,stats    ] Pause Final Roots (N)                57 us
[205.136s][info][gc,stats    ] 
[205.136s][info][gc,stats    ] Allocation pacing accrued:
[205.136s][info][gc,stats    ]       0 of   905 ms (  0.0%): <total>
[205.136s][info][gc,stats    ]       0 of   905 ms (  0.0%): <average total>
[205.136s][info][gc,stats    ] 
[205.136s][info][gc,metaspace] Metaspace: 9055K(9280K)->9055K(9280K) NonClass: 7883K(8000K)->7883K(8000K) Class: 1171K(1280K)->1171K(1280K)
[205.136s][info][gc,ergo     ] Pacer for Idle. Initial: 163M, Alloc Tax Rate: 1.0x
[206.033s][info][gc          ] Trigger: Learning 4 of 5. Free (5704M) is below initial threshold (5734M)
[206.033s][info][gc,ergo     ] Free: 5704M, Max: 4096K regular, 5676M humongous, Frag: 1% external, 0% internal; Reserve: 412M, Max: 4096K
[206.034s][info][gc,start    ] GC(235) Concurrent reset
[206.034s][info][gc,task     ] GC(235) Using 1 of 3 workers for concurrent reset
[206.034s][info][gc,ergo     ] GC(235) Pacer for Reset. Non-Taxable: 8192M
[206.034s][info][gc          ] GC(235) Concurrent reset 0.691ms
[206.034s][info][gc,start    ] GC(235) Pause Init Mark (unload classes)
[206.034s][info][gc,task     ] GC(235) Using 3 of 3 workers for init marking
[206.034s][info][gc,ergo     ] GC(235) Pacer for Mark. Expected Live: 13182K, Free: 5704M, Non-Taxable: 570M, Alloc Tax Rate: 0.0x
[206.035s][info][gc          ] GC(235) Pause Init Mark (unload classes) 0.141ms
[206.035s][info][gc,start    ] GC(235) Concurrent marking roots
[206.035s][info][gc,task     ] GC(235) Using 1 of 3 workers for concurrent marking roots
[206.035s][info][gc          ] GC(235) Concurrent marking roots 0.426ms
[206.035s][info][gc,start    ] GC(235) Concurrent marking (unload classes)
[206.035s][info][gc,task     ] GC(235) Using 1 of 3 workers for concurrent marking
[206.066s][info][gc          ] GC(235) Concurrent marking (unload classes) 31.419ms
[206.067s][info][gc,start    ] GC(235) Pause Final Mark (unload classes)
[206.067s][info][gc,task     ] GC(235) Using 3 of 3 workers for final marking
[206.067s][info][gc,ergo     ] GC(235) Collectable Garbage: 1948M (94%), Immediate: 1948M (94%), CSet: 0B (0%)
[206.067s][info][gc          ] GC(235) Pause Final Mark (unload classes) 0.350ms
[206.067s][info][gc,start    ] GC(235) Concurrent weak references
[206.067s][info][gc,task     ] GC(235) Using 1 of 3 workers for concurrent weak references
[206.067s][info][gc,ref      ] GC(235) Encountered references: Soft: 144, Weak: 702, Final: 0, Phantom: 27
[206.067s][info][gc,ref      ] GC(235) Discovered  references: Soft: 0, Weak: 150, Final: 0, Phantom: 25
[206.067s][info][gc,ref      ] GC(235) Enqueued    references: Soft: 0, Weak: 0, Final: 0, Phantom: 0
[206.067s][info][gc          ] GC(235) Concurrent weak references 0.195ms
[206.067s][info][gc,start    ] GC(235) Concurrent weak roots
[206.067s][info][gc,task     ] GC(235) Using 1 of 3 workers for concurrent weak root
[206.068s][info][gc          ] GC(235) Concurrent weak roots 0.609ms
[206.068s][info][gc,start    ] GC(235) Concurrent cleanup
[206.068s][info][gc          ] GC(235) Concurrent cleanup 2143M->195M(8192M) 0.045ms
[206.068s][info][gc,ergo     ] GC(235) Free: 7584M, Max: 4096K regular, 5636M humongous, Frag: 26% external, 0% internal; Reserve: 412M, Max: 4096K
[206.068s][info][gc,start    ] GC(235) Concurrent class unloading
[206.068s][info][gc,task     ] GC(235) Using 1 of 3 workers for concurrent class unloading
[206.070s][info][gc          ] GC(235) Concurrent class unloading 2.142ms
[206.070s][info][gc,start    ] GC(235) Pause Final Roots
[206.070s][info][gc          ] GC(235) Pause Final Roots 0.039ms
[206.070s][info][gc,ergo     ] Free: 7580M, Max: 4096K regular, 5636M humongous, Frag: 26% external, 0% internal; Reserve: 412M, Max: 4096K
[206.070s][info][gc,stats    ] 
[206.070s][info][gc,stats    ] All times are wall-clock times, except per-root-class counters, that are sum over
[206.070s][info][gc,stats    ] all workers. Dividing the <total> over the root stage time estimates parallelism.
[206.070s][info][gc,stats    ] 
[206.070s][info][gc,stats    ] Concurrent Reset                    754 us
[206.070s][info][gc,stats    ] Pause Init Mark (G)                 263 us
[206.070s][info][gc,stats    ] Pause Init Mark (N)                 158 us
[206.070s][info][gc,stats    ]   Update Region States               60 us
[206.071s][info][gc,stats    ] Concurrent Mark Roots               445 us, parallelism: 0.76x
[206.071s][info][gc,stats    ]   CMR: <total>                      338 us
[206.071s][info][gc,stats    ]   CMR: Thread Roots                 299 us, workers (us): 299, ---, ---, 
[206.071s][info][gc,stats    ]   CMR: VM Strong Roots                5 us, workers (us):   5, ---, ---, 
[206.071s][info][gc,stats    ]   CMR: CLDG Roots                    34 us, workers (us):  34, ---, ---, 
[206.071s][info][gc,stats    ] Concurrent Marking                31486 us
[206.071s][info][gc,stats    ] Pause Final Mark (G)                521 us
[206.071s][info][gc,stats    ] Pause Final Mark (N)                369 us
[206.071s][info][gc,stats    ]   Finish Mark                       103 us
[206.071s][info][gc,stats    ]   Update Region States               92 us
[206.071s][info][gc,stats    ]   Choose Collection Set              63 us
[206.071s][info][gc,stats    ]   Rebuild Free Set                   16 us
[206.071s][info][gc,stats    ] Concurrent Weak References          211 us, parallelism: 0.04x
[206.071s][info][gc,stats    ]   CWRF: <total>                       8 us
[206.071s][info][gc,stats    ]   CWRF: Weak References               8 us, workers (us):   8, ---, ---, 
[206.071s][info][gc,stats    ] Concurrent Weak Roots               628 us
[206.071s][info][gc,stats    ]   Roots                             484 us, parallelism: 0.88x
[206.071s][info][gc,stats    ]     CWR: <total>                    427 us
[206.071s][info][gc,stats    ]     CWR: Code Cache Roots           359 us, workers (us): 359, ---, ---, 
[206.071s][info][gc,stats    ]     CWR: VM Weak Roots               62 us, workers (us):  62, ---, ---, 
[206.071s][info][gc,stats    ]     CWR: CLDG Roots                   6 us, workers (us):   6, ---, ---, 
[206.071s][info][gc,stats    ]   Rendezvous                         93 us
[206.071s][info][gc,stats    ] Concurrent Cleanup                   53 us
[206.071s][info][gc,stats    ] Concurrent Class Unloading         2192 us
[206.071s][info][gc,stats    ]   Unlink Stale                     1851 us
[206.071s][info][gc,stats    ]     System Dictionary                 3 us
[206.071s][info][gc,stats    ]     Weak Class Links                  0 us
[206.071s][info][gc,stats    ]     Code Roots                     1847 us
[206.071s][info][gc,stats    ]   Rendezvous                        150 us
[206.071s][info][gc,stats    ]   Purge Unlinked                    123 us
[206.071s][info][gc,stats    ]     Code Roots                      114 us
[206.071s][info][gc,stats    ]     CLDG                              8 us
[206.071s][info][gc,stats    ]     Exception Caches                  0 us
[206.071s][info][gc,stats    ] Pause Final Roots (G)               170 us
[206.071s][info][gc,stats    ] Pause Final Roots (N)                57 us
[206.071s][info][gc,stats    ] 
[206.071s][info][gc,stats    ] Allocation pacing accrued:
[206.071s][info][gc,stats    ]       0 of   935 ms (  0.0%): <total>
[206.071s][info][gc,stats    ]       0 of   935 ms (  0.0%): <average total>
[206.071s][info][gc,stats    ] 
[206.071s][info][gc,metaspace] Metaspace: 9055K(9280K)->9055K(9280K) NonClass: 7883K(8000K)->7883K(8000K) Class: 1171K(1280K)->1171K(1280K)
[206.071s][info][gc,ergo     ] Pacer for Idle. Initial: 163M, Alloc Tax Rate: 1.0x
[206.771s][info][gc          ] Trigger: Explicit GC request (System.gc())
[206.771s][info][gc,ergo     ] Free: 6716M, Max: 4096K regular, 5636M humongous, Frag: 17% external, 0% internal; Reserve: 412M, Max: 4096K
[206.771s][info][gc,start    ] GC(236) Concurrent reset
[206.771s][info][gc,task     ] GC(236) Using 1 of 3 workers for concurrent reset
[206.771s][info][gc,ergo     ] GC(236) Pacer for Reset. Non-Taxable: 8192M
[206.772s][info][gc          ] GC(236) Concurrent reset 0.964ms
[206.772s][info][gc,start    ] GC(236) Pause Init Mark (unload classes)
[206.772s][info][gc,task     ] GC(236) Using 3 of 3 workers for init marking
[206.773s][info][gc,ref      ] GC(236) Clearing All SoftReferences
[206.773s][info][gc,ergo     ] GC(236) Pacer for Mark. Expected Live: 14599K, Free: 6716M, Non-Taxable: 671M, Alloc Tax Rate: 0.0x
[206.773s][info][gc          ] GC(236) Pause Init Mark (unload classes) 0.212ms
[206.773s][info][gc,start    ] GC(236) Concurrent marking roots
[206.773s][info][gc,task     ] GC(236) Using 1 of 3 workers for concurrent marking roots
[206.773s][info][gc          ] GC(236) Concurrent marking roots 0.483ms
[206.773s][info][gc,start    ] GC(236) Concurrent marking (unload classes)
[206.773s][info][gc,task     ] GC(236) Using 1 of 3 workers for concurrent marking
[206.777s][info][gc          ] GC(236) Concurrent marking (unload classes) 3.620ms
[206.777s][info][gc,start    ] GC(236) Pause Final Mark (unload classes)
[206.777s][info][gc,task     ] GC(236) Using 3 of 3 workers for final marking
[206.777s][info][gc,ergo     ] GC(236) Collectable Garbage: 987M (93%), Immediate: 987M (93%), CSet: 0B (0%)
[206.777s][info][gc          ] GC(236) Pause Final Mark (unload classes) 0.301ms
[206.777s][info][gc,start    ] GC(236) Concurrent weak references
[206.777s][info][gc,task     ] GC(236) Using 1 of 3 workers for concurrent weak references
[206.777s][info][gc,ref      ] GC(236) Encountered references: Soft: 144, Weak: 702, Final: 0, Phantom: 27
[206.777s][info][gc,ref      ] GC(236) Discovered  references: Soft: 89, Weak: 168, Final: 0, Phantom: 25
[206.777s][info][gc,ref      ] GC(236) Enqueued    references: Soft: 3, Weak: 0, Final: 0, Phantom: 0
[206.777s][info][gc          ] GC(236) Concurrent weak references 0.165ms
[206.777s][info][gc,start    ] GC(236) Concurrent weak roots
[206.777s][info][gc,task     ] GC(236) Using 1 of 3 workers for concurrent weak root
[206.778s][info][gc          ] GC(236) Concurrent weak roots 0.665ms
[206.778s][info][gc,start    ] GC(236) Concurrent cleanup
[206.778s][info][gc          ] GC(236) Concurrent cleanup 1063M->75M(8192M) 0.031ms
[206.778s][info][gc,ergo     ] GC(236) Free: 7704M, Max: 4096K regular, 6824M humongous, Frag: 12% external, 0% internal; Reserve: 412M, Max: 4096K
[206.778s][info][gc,start    ] GC(236) Concurrent class unloading
[206.778s][info][gc,task     ] GC(236) Using 1 of 3 workers for concurrent class unloading
[206.780s][info][gc          ] GC(236) Concurrent class unloading 2.121ms
[206.780s][info][gc,start    ] GC(236) Pause Final Roots
[206.780s][info][gc          ] GC(236) Pause Final Roots 0.052ms
[206.781s][info][gc,ergo     ] Free: 7704M, Max: 4096K regular, 6824M humongous, Frag: 12% external, 0% internal; Reserve: 412M, Max: 4096K
[206.781s][info][gc,stats    ] 
[206.781s][info][gc,stats    ] All times are wall-clock times, except per-root-class counters, that are sum over
[206.781s][info][gc,stats    ] all workers. Dividing the <total> over the root stage time estimates parallelism.
[206.781s][info][gc,stats    ] 
[206.781s][info][gc,stats    ] Concurrent Reset                   1067 us
[206.781s][info][gc,stats    ] Pause Init Mark (G)                 316 us
[206.781s][info][gc,stats    ] Pause Init Mark (N)                 230 us
[206.781s][info][gc,stats    ]   Update Region States               91 us
[206.781s][info][gc,stats    ] Concurrent Mark Roots               510 us, parallelism: 0.75x
[206.781s][info][gc,stats    ]   CMR: <total>                      384 us
[206.781s][info][gc,stats    ]   CMR: Thread Roots                 334 us, workers (us): 334, ---, ---, 
[206.781s][info][gc,stats    ]   CMR: VM Strong Roots                9 us, workers (us):   9, ---, ---, 
[206.781s][info][gc,stats    ]   CMR: CLDG Roots                    41 us, workers (us):  41, ---, ---, 
[206.781s][info][gc,stats    ] Concurrent Marking                 3673 us
[206.781s][info][gc,stats    ] Pause Final Mark (G)                420 us
[206.781s][info][gc,stats    ] Pause Final Mark (N)                323 us
[206.781s][info][gc,stats    ]   Finish Mark                        88 us
[206.781s][info][gc,stats    ]   Update Region States               48 us
[206.781s][info][gc,stats    ]   Choose Collection Set              60 us
[206.781s][info][gc,stats    ]   Rebuild Free Set                   23 us
[206.781s][info][gc,stats    ] Concurrent Weak References          181 us, parallelism: 0.05x
[206.781s][info][gc,stats    ]   CWRF: <total>                       9 us
[206.781s][info][gc,stats    ]   CWRF: Weak References               9 us, workers (us):   9, ---, ---, 
[206.781s][info][gc,stats    ] Concurrent Weak Roots               683 us
[206.781s][info][gc,stats    ]   Roots                             556 us, parallelism: 0.88x
[206.781s][info][gc,stats    ]     CWR: <total>                    491 us
[206.781s][info][gc,stats    ]     CWR: Code Cache Roots           373 us, workers (us): 373, ---, ---, 
[206.781s][info][gc,stats    ]     CWR: VM Weak Roots              113 us, workers (us): 113, ---, ---, 
[206.781s][info][gc,stats    ]     CWR: CLDG Roots                   6 us, workers (us):   6, ---, ---, 
[206.781s][info][gc,stats    ]   Rendezvous                         78 us
[206.781s][info][gc,stats    ] Concurrent Cleanup                   39 us
[206.781s][info][gc,stats    ] Concurrent Class Unloading         2183 us
[206.781s][info][gc,stats    ]   Unlink Stale                     1834 us
[206.781s][info][gc,stats    ]     System Dictionary                 3 us
[206.781s][info][gc,stats    ]     Weak Class Links                  0 us
[206.781s][info][gc,stats    ]     Code Roots                     1829 us
[206.781s][info][gc,stats    ]   Rendezvous                        116 us
[206.781s][info][gc,stats    ]   Purge Unlinked                    150 us
[206.781s][info][gc,stats    ]     Code Roots                      140 us
[206.781s][info][gc,stats    ]     CLDG                              9 us
[206.781s][info][gc,stats    ]     Exception Caches                  0 us
[206.781s][info][gc,stats    ] Pause Final Roots (G)               181 us
[206.781s][info][gc,stats    ] Pause Final Roots (N)                74 us
[206.781s][info][gc,stats    ] 
[206.781s][info][gc,stats    ] Allocation pacing accrued:
[206.781s][info][gc,stats    ]       0 of   710 ms (  0.0%): <total>
[206.781s][info][gc,stats    ]       0 of   710 ms (  0.0%): <average total>
[206.781s][info][gc,stats    ] 
[206.781s][info][gc,metaspace] Metaspace: 9055K(9280K)->9055K(9280K) NonClass: 7883K(8000K)->7883K(8000K) Class: 1171K(1280K)->1171K(1280K)
[206.781s][info][gc,ergo     ] Pacer for Idle. Initial: 163M, Alloc Tax Rate: 1.0x
[207.697s][info][gc          ] Trigger: Learning 2 of 5. Free (5708M) is below initial threshold (5734M)
[207.697s][info][gc,ergo     ] Free: 5708M, Max: 4096K regular, 5708M humongous, Frag: 0% external, 0% internal; Reserve: 412M, Max: 4096K
[207.697s][info][gc,start    ] GC(237) Concurrent reset
[207.697s][info][gc,task     ] GC(237) Using 1 of 3 workers for concurrent reset
[207.697s][info][gc,ergo     ] GC(237) Pacer for Reset. Non-Taxable: 8192M
[207.698s][info][gc          ] GC(237) Concurrent reset 0.656ms
[207.698s][info][gc,start    ] GC(237) Pause Init Mark (unload classes)
[207.698s][info][gc,task     ] GC(237) Using 3 of 3 workers for init marking
[207.698s][info][gc,ergo     ] GC(237) Pacer for Mark. Expected Live: 10837K, Free: 5704M, Non-Taxable: 570M, Alloc Tax Rate: 0.0x
[207.698s][info][gc          ] GC(237) Pause Init Mark (unload classes) 0.178ms
[207.698s][info][gc,start    ] GC(237) Concurrent marking roots
[207.698s][info][gc,task     ] GC(237) Using 1 of 3 workers for concurrent marking roots
[207.699s][info][gc          ] GC(237) Concurrent marking roots 0.435ms
[207.699s][info][gc,start    ] GC(237) Concurrent marking (unload classes)
[207.699s][info][gc,task     ] GC(237) Using 1 of 3 workers for concurrent marking
[207.712s][info][gc          ] GC(237) Concurrent marking (unload classes) 13.149ms
[207.712s][info][gc,start    ] GC(237) Pause Final Mark (unload classes)
[207.712s][info][gc,task     ] GC(237) Using 3 of 3 workers for final marking
[207.712s][info][gc,ergo     ] GC(237) Collectable Garbage: 1960M (94%), Immediate: 1960M (94%), CSet: 0B (0%)
[207.712s][info][gc          ] GC(237) Pause Final Mark (unload classes) 0.369ms
[207.712s][info][gc,start    ] GC(237) Concurrent weak references
[207.712s][info][gc,task     ] GC(237) Using 1 of 3 workers for concurrent weak references
[207.712s][info][gc,ref      ] GC(237) Encountered references: Soft: 144, Weak: 702, Final: 0, Phantom: 27
[207.712s][info][gc,ref      ] GC(237) Discovered  references: Soft: 0, Weak: 150, Final: 0, Phantom: 12
[207.712s][info][gc,ref      ] GC(237) Enqueued    references: Soft: 0, Weak: 0, Final: 0, Phantom: 0
[207.712s][info][gc          ] GC(237) Concurrent weak references 0.156ms
[207.712s][info][gc,start    ] GC(237) Concurrent weak roots
[207.712s][info][gc,task     ] GC(237) Using 1 of 3 workers for concurrent weak root
[207.713s][info][gc          ] GC(237) Concurrent weak roots 0.643ms
[207.713s][info][gc,start    ] GC(237) Concurrent cleanup
[207.713s][info][gc          ] GC(237) Concurrent cleanup 2107M->147M(8192M) 0.044ms
[207.713s][info][gc,ergo     ] GC(237) Free: 7632M, Max: 4096K regular, 5672M humongous, Frag: 26% external, 0% internal; Reserve: 412M, Max: 4096K
[207.713s][info][gc,start    ] GC(237) Concurrent class unloading
[207.713s][info][gc,task     ] GC(237) Using 1 of 3 workers for concurrent class unloading
[207.715s][info][gc          ] GC(237) Concurrent class unloading 2.038ms
[207.715s][info][gc,start    ] GC(237) Pause Final Roots
[207.715s][info][gc          ] GC(237) Pause Final Roots 0.041ms
[207.716s][info][gc,ergo     ] Free: 7628M, Max: 4096K regular, 5672M humongous, Frag: 26% external, 0% internal; Reserve: 412M, Max: 4096K
[207.716s][info][gc,stats    ] 
[207.716s][info][gc,stats    ] All times are wall-clock times, except per-root-class counters, that are sum over
[207.716s][info][gc,stats    ] all workers. Dividing the <total> over the root stage time estimates parallelism.
[207.716s][info][gc,stats    ] 
[207.716s][info][gc,stats    ] Concurrent Reset                    708 us
[207.716s][info][gc,stats    ] Pause Init Mark (G)                 330 us
[207.716s][info][gc,stats    ] Pause Init Mark (N)                 195 us
[207.716s][info][gc,stats    ]   Update Region States               74 us
[207.716s][info][gc,stats    ] Concurrent Mark Roots               453 us, parallelism: 0.77x
[207.716s][info][gc,stats    ]   CMR: <total>                      349 us
[207.716s][info][gc,stats    ]   CMR: Thread Roots                 311 us, workers (us): 311, ---, ---, 
[207.716s][info][gc,stats    ]   CMR: VM Strong Roots                5 us, workers (us):   5, ---, ---, 
[207.716s][info][gc,stats    ]   CMR: CLDG Roots                    33 us, workers (us):  33, ---, ---, 
[207.716s][info][gc,stats    ] Concurrent Marking                13210 us
[207.716s][info][gc,stats    ] Pause Final Mark (G)                559 us
[207.716s][info][gc,stats    ] Pause Final Mark (N)                388 us
[207.716s][info][gc,stats    ]   Finish Mark                       121 us
[207.716s][info][gc,stats    ]   Update Region States               89 us
[207.716s][info][gc,stats    ]   Choose Collection Set              78 us
[207.716s][info][gc,stats    ]   Rebuild Free Set                   16 us
[207.716s][info][gc,stats    ] Concurrent Weak References          164 us, parallelism: 0.04x
[207.716s][info][gc,stats    ]   CWRF: <total>                       7 us
[207.716s][info][gc,stats    ]   CWRF: Weak References               7 us, workers (us):   7, ---, ---, 
[207.716s][info][gc,stats    ] Concurrent Weak Roots               664 us
[207.716s][info][gc,stats    ]   Roots                             544 us, parallelism: 0.87x
[207.716s][info][gc,stats    ]     CWR: <total>                    473 us
[207.716s][info][gc,stats    ]     CWR: Code Cache Roots           363 us, workers (us): 363, ---, ---, 
[207.716s][info][gc,stats    ]     CWR: VM Weak Roots              105 us, workers (us): 105, ---, ---, 
[207.716s][info][gc,stats    ]     CWR: CLDG Roots                   6 us, workers (us):   6, ---, ---, 
[207.716s][info][gc,stats    ]   Rendezvous                         83 us
[207.716s][info][gc,stats    ] Concurrent Cleanup                   52 us
[207.716s][info][gc,stats    ] Concurrent Class Unloading         2090 us
[207.716s][info][gc,stats    ]   Unlink Stale                     1797 us
[207.716s][info][gc,stats    ]     System Dictionary                 3 us
[207.716s][info][gc,stats    ]     Weak Class Links                  0 us
[207.716s][info][gc,stats    ]     Code Roots                     1792 us
[207.716s][info][gc,stats    ]   Rendezvous                        104 us
[207.716s][info][gc,stats    ]   Purge Unlinked                    118 us
[207.716s][info][gc,stats    ]     Code Roots                      109 us
[207.716s][info][gc,stats    ]     CLDG                              8 us
[207.716s][info][gc,stats    ]     Exception Caches                  0 us
[207.716s][info][gc,stats    ] Pause Final Roots (G)               186 us
[207.716s][info][gc,stats    ] Pause Final Roots (N)                59 us
[207.716s][info][gc,stats    ] 
[207.716s][info][gc,stats    ] Allocation pacing accrued:
[207.716s][info][gc,stats    ]       0 of   935 ms (  0.0%): <total>
[207.716s][info][gc,stats    ]       0 of   935 ms (  0.0%): <average total>
[207.716s][info][gc,stats    ] 
[207.716s][info][gc,metaspace] Metaspace: 9055K(9280K)->9055K(9280K) NonClass: 7883K(8000K)->7883K(8000K) Class: 1171K(1280K)->1171K(1280K)
[207.716s][info][gc,ergo     ] Pacer for Idle. Initial: 163M, Alloc Tax Rate: 1.0x
[208.592s][info][gc          ] Trigger: Learning 3 of 5. Free (5708M) is below initial threshold (5734M)
[208.592s][info][gc,ergo     ] Free: 5708M, Max: 4096K regular, 5672M humongous, Frag: 1% external, 0% internal; Reserve: 412M, Max: 4096K
[208.592s][info][gc,start    ] GC(238) Concurrent reset
[208.592s][info][gc,task     ] GC(238) Using 1 of 3 workers for concurrent reset
[208.592s][info][gc,ergo     ] GC(238) Pacer for Reset. Non-Taxable: 8192M
[208.593s][info][gc          ] GC(238) Concurrent reset 0.783ms
[208.593s][info][gc,start    ] GC(238) Pause Init Mark (unload classes)
[208.593s][info][gc,task     ] GC(238) Using 3 of 3 workers for init marking
[208.593s][info][gc,ergo     ] GC(238) Pacer for Mark. Expected Live: 12137K, Free: 5708M, Non-Taxable: 570M, Alloc Tax Rate: 0.0x
[208.593s][info][gc          ] GC(238) Pause Init Mark (unload classes) 0.177ms
[208.593s][info][gc,start    ] GC(238) Concurrent marking roots
[208.593s][info][gc,task     ] GC(238) Using 1 of 3 workers for concurrent marking roots
[208.593s][info][gc          ] GC(238) Concurrent marking roots 0.431ms
[208.593s][info][gc,start    ] GC(238) Concurrent marking (unload classes)
[208.593s][info][gc,task     ] GC(238) Using 1 of 3 workers for concurrent marking
[208.616s][info][gc          ] GC(238) Concurrent marking (unload classes) 22.149ms
[208.616s][info][gc,start    ] GC(238) Pause Final Mark (unload classes)
[208.616s][info][gc,task     ] GC(238) Using 3 of 3 workers for final marking
[208.616s][info][gc,ergo     ] GC(238) Collectable Garbage: 1920M (93%), Immediate: 1920M (93%), CSet: 0B (0%)
[208.616s][info][gc          ] GC(238) Pause Final Mark (unload classes) 0.236ms
[208.616s][info][gc,start    ] GC(238) Concurrent weak references
[208.616s][info][gc,task     ] GC(238) Using 1 of 3 workers for concurrent weak references
[208.616s][info][gc,ref      ] GC(238) Encountered references: Soft: 144, Weak: 702, Final: 0, Phantom: 27
[208.616s][info][gc,ref      ] GC(238) Discovered  references: Soft: 0, Weak: 150, Final: 0, Phantom: 12
[208.616s][info][gc,ref      ] GC(238) Enqueued    references: Soft: 0, Weak: 0, Final: 0, Phantom: 0
[208.616s][info][gc          ] GC(238) Concurrent weak references 0.121ms
[208.616s][info][gc,start    ] GC(238) Concurrent weak roots
[208.616s][info][gc,task     ] GC(238) Using 1 of 3 workers for concurrent weak root
[208.617s][info][gc          ] GC(238) Concurrent weak roots 0.580ms
[208.617s][info][gc,start    ] GC(238) Concurrent cleanup
[208.617s][info][gc          ] GC(238) Concurrent cleanup 2123M->203M(8192M) 0.049ms
[208.617s][info][gc,ergo     ] GC(238) Free: 7576M, Max: 4096K regular, 5656M humongous, Frag: 26% external, 0% internal; Reserve: 412M, Max: 4096K
[208.617s][info][gc,start    ] GC(238) Concurrent class unloading
[208.617s][info][gc,task     ] GC(238) Using 1 of 3 workers for concurrent class unloading
[208.619s][info][gc          ] GC(238) Concurrent class unloading 2.133ms
[208.619s][info][gc,start    ] GC(238) Pause Final Roots
[208.619s][info][gc          ] GC(238) Pause Final Roots 0.057ms
[208.619s][info][gc,ergo     ] Free: 7576M, Max: 4096K regular, 5656M humongous, Frag: 26% external, 0% internal; Reserve: 412M, Max: 4096K
[208.619s][info][gc,stats    ] 
[208.619s][info][gc,stats    ] All times are wall-clock times, except per-root-class counters, that are sum over
[208.619s][info][gc,stats    ] all workers. Dividing the <total> over the root stage time estimates parallelism.
[208.619s][info][gc,stats    ] 
[208.619s][info][gc,stats    ] Concurrent Reset                    833 us
[208.619s][info][gc,stats    ] Pause Init Mark (G)                 336 us
[208.619s][info][gc,stats    ] Pause Init Mark (N)                 193 us
[208.619s][info][gc,stats    ]   Update Region States               73 us
[208.619s][info][gc,stats    ] Concurrent Mark Roots               451 us, parallelism: 0.76x
[208.619s][info][gc,stats    ]   CMR: <total>                      343 us
[208.619s][info][gc,stats    ]   CMR: Thread Roots                 305 us, workers (us): 305, ---, ---, 
[208.619s][info][gc,stats    ]   CMR: VM Strong Roots                5 us, workers (us):   5, ---, ---, 
[208.619s][info][gc,stats    ]   CMR: CLDG Roots                    34 us, workers (us):  34, ---, ---, 
[208.619s][info][gc,stats    ] Concurrent Marking                22218 us
[208.619s][info][gc,stats    ] Pause Final Mark (G)                340 us
[208.619s][info][gc,stats    ] Pause Final Mark (N)                246 us
[208.619s][info][gc,stats    ]   Finish Mark                        85 us
[208.619s][info][gc,stats    ]   Update Region States               57 us
[208.619s][info][gc,stats    ]   Choose Collection Set              35 us
[208.619s][info][gc,stats    ]   Rebuild Free Set                    8 us
[208.619s][info][gc,stats    ] Concurrent Weak References          129 us, parallelism: 0.07x
[208.619s][info][gc,stats    ]   CWRF: <total>                       9 us
[208.619s][info][gc,stats    ]   CWRF: Weak References               9 us, workers (us):   9, ---, ---, 
[208.619s][info][gc,stats    ] Concurrent Weak Roots               605 us
[208.619s][info][gc,stats    ]   Roots                             474 us, parallelism: 0.94x
[208.619s][info][gc,stats    ]     CWR: <total>                    445 us
[208.620s][info][gc,stats    ]     CWR: Code Cache Roots           375 us, workers (us): 375, ---, ---, 
[208.620s][info][gc,stats    ]     CWR: VM Weak Roots               65 us, workers (us):  65, ---, ---, 
[208.620s][info][gc,stats    ]     CWR: CLDG Roots                   5 us, workers (us):   5, ---, ---, 
[208.620s][info][gc,stats    ]   Rendezvous                         90 us
[208.620s][info][gc,stats    ] Concurrent Cleanup                   57 us
[208.620s][info][gc,stats    ] Concurrent Class Unloading         2198 us
[208.620s][info][gc,stats    ]   Unlink Stale                     1840 us
[208.620s][info][gc,stats    ]     System Dictionary                 4 us
[208.620s][info][gc,stats    ]     Weak Class Links                  0 us
[208.620s][info][gc,stats    ]     Code Roots                     1834 us
[208.620s][info][gc,stats    ]   Rendezvous                        128 us
[208.620s][info][gc,stats    ]   Purge Unlinked                    140 us
[208.620s][info][gc,stats    ]     Code Roots                      131 us
[208.620s][info][gc,stats    ]     CLDG                              8 us
[208.620s][info][gc,stats    ]     Exception Caches                  0 us
[208.620s][info][gc,stats    ] Pause Final Roots (G)               181 us
[208.620s][info][gc,stats    ] Pause Final Roots (N)                76 us
[208.620s][info][gc,stats    ] 
[208.620s][info][gc,stats    ] Allocation pacing accrued:
[208.620s][info][gc,stats    ]       0 of   904 ms (  0.0%): <total>
[208.620s][info][gc,stats    ]       0 of   904 ms (  0.0%): <average total>
[208.620s][info][gc,stats    ] 
[208.620s][info][gc,metaspace] Metaspace: 9055K(9280K)->9055K(9280K) NonClass: 7883K(8000K)->7883K(8000K) Class: 1171K(1280K)->1171K(1280K)
[208.620s][info][gc,ergo     ] Pacer for Idle. Initial: 163M, Alloc Tax Rate: 1.0x
[209.502s][info][gc          ] Trigger: Learning 4 of 5. Free (5720M) is below initial threshold (5734M)
[209.503s][info][gc,ergo     ] Free: 5720M, Max: 4096K regular, 5656M humongous, Frag: 2% external, 0% internal; Reserve: 412M, Max: 4096K
[209.503s][info][gc,start    ] GC(239) Concurrent reset
[209.503s][info][gc,task     ] GC(239) Using 1 of 3 workers for concurrent reset
[209.503s][info][gc,ergo     ] GC(239) Pacer for Reset. Non-Taxable: 8192M
[209.504s][info][gc          ] GC(239) Concurrent reset 0.918ms
[209.504s][info][gc,start    ] GC(239) Pause Init Mark (unload classes)
[209.504s][info][gc,task     ] GC(239) Using 3 of 3 workers for init marking
[209.504s][info][gc,ergo     ] GC(239) Pacer for Mark. Expected Live: 13359K, Free: 5716M, Non-Taxable: 571M, Alloc Tax Rate: 0.0x
[209.504s][info][gc          ] GC(239) Pause Init Mark (unload classes) 0.178ms
[209.504s][info][gc,start    ] GC(239) Concurrent marking roots
[209.504s][info][gc,task     ] GC(239) Using 1 of 3 workers for concurrent marking roots
[209.504s][info][gc          ] GC(239) Concurrent marking roots 0.577ms
[209.504s][info][gc,start    ] GC(239) Concurrent marking (unload classes)
[209.505s][info][gc,task     ] GC(239) Using 1 of 3 workers for concurrent marking
[209.534s][info][gc          ] GC(239) Concurrent marking (unload classes) 29.866ms
[209.535s][info][gc,start    ] GC(239) Pause Final Mark (unload classes)
[209.535s][info][gc,task     ] GC(239) Using 3 of 3 workers for final marking
[209.535s][info][gc,ergo     ] GC(239) Collectable Garbage: 1907M (93%), Immediate: 1907M (93%), CSet: 0B (0%)
[209.535s][info][gc          ] GC(239) Pause Final Mark (unload classes) 0.347ms
[209.535s][info][gc,start    ] GC(239) Concurrent weak references
[209.535s][info][gc,task     ] GC(239) Using 1 of 3 workers for concurrent weak references
[209.535s][info][gc,ref      ] GC(239) Encountered references: Soft: 144, Weak: 702, Final: 0, Phantom: 27
[209.535s][info][gc,ref      ] GC(239) Discovered  references: Soft: 0, Weak: 150, Final: 0, Phantom: 12
[209.535s][info][gc,ref      ] GC(239) Enqueued    references: Soft: 0, Weak: 0, Final: 0, Phantom: 0
[209.535s][info][gc          ] GC(239) Concurrent weak references 0.196ms
[209.535s][info][gc,start    ] GC(239) Concurrent weak roots
[209.535s][info][gc,task     ] GC(239) Using 1 of 3 workers for concurrent weak root
[209.536s][info][gc          ] GC(239) Concurrent weak roots 0.578ms
[209.536s][info][gc,start    ] GC(239) Concurrent cleanup
[209.536s][info][gc          ] GC(239) Concurrent cleanup 2119M->211M(8192M) 0.042ms
[209.536s][info][gc,ergo     ] GC(239) Free: 7568M, Max: 4096K regular, 5680M humongous, Frag: 25% external, 0% internal; Reserve: 412M, Max: 4096K
[209.536s][info][gc,start    ] GC(239) Concurrent class unloading
[209.536s][info][gc,task     ] GC(239) Using 1 of 3 workers for concurrent class unloading
[209.538s][info][gc          ] GC(239) Concurrent class unloading 2.430ms
[209.538s][info][gc,start    ] GC(239) Pause Final Roots
[209.538s][info][gc          ] GC(239) Pause Final Roots 0.041ms
[209.539s][info][gc,ergo     ] Free: 7564M, Max: 4096K regular, 5680M humongous, Frag: 25% external, 0% internal; Reserve: 412M, Max: 4096K
[209.539s][info][gc,stats    ] 
[209.539s][info][gc,stats    ] All times are wall-clock times, except per-root-class counters, that are sum over
[209.539s][info][gc,stats    ] all workers. Dividing the <total> over the root stage time estimates parallelism.
[209.539s][info][gc,stats    ] 
[209.539s][info][gc,stats    ] Concurrent Reset                    973 us
[209.539s][info][gc,stats    ] Pause Init Mark (G)                 331 us
[209.539s][info][gc,stats    ] Pause Init Mark (N)                 195 us
[209.539s][info][gc,stats    ]   Update Region States               74 us
[209.539s][info][gc,stats    ] Concurrent Mark Roots               601 us, parallelism: 0.81x
[209.539s][info][gc,stats    ]   CMR: <total>                      487 us
[209.539s][info][gc,stats    ]   CMR: Thread Roots                 447 us, workers (us): 447, ---, ---, 
[209.539s][info][gc,stats    ]   CMR: VM Strong Roots                5 us, workers (us):   5, ---, ---, 
[209.539s][info][gc,stats    ]   CMR: CLDG Roots                    35 us, workers (us):  35, ---, ---, 
[209.539s][info][gc,stats    ] Concurrent Marking                29932 us
[209.539s][info][gc,stats    ] Pause Final Mark (G)                519 us
[209.539s][info][gc,stats    ] Pause Final Mark (N)                366 us
[209.539s][info][gc,stats    ]   Finish Mark                       101 us
[209.539s][info][gc,stats    ]   Update Region States               89 us
[209.539s][info][gc,stats    ]   Choose Collection Set              62 us
[209.539s][info][gc,stats    ]   Rebuild Free Set                   17 us
[209.539s][info][gc,stats    ] Concurrent Weak References          212 us, parallelism: 0.04x
[209.539s][info][gc,stats    ]   CWRF: <total>                       8 us
[209.539s][info][gc,stats    ]   CWRF: Weak References               8 us, workers (us):   8, ---, ---, 
[209.539s][info][gc,stats    ] Concurrent Weak Roots               597 us
[209.539s][info][gc,stats    ]   Roots                             490 us, parallelism: 0.88x
[209.539s][info][gc,stats    ]     CWR: <total>                    432 us
[209.539s][info][gc,stats    ]     CWR: Code Cache Roots           360 us, workers (us): 360, ---, ---, 
[209.539s][info][gc,stats    ]     CWR: VM Weak Roots               66 us, workers (us):  66, ---, ---, 
[209.539s][info][gc,stats    ]     CWR: CLDG Roots                   6 us, workers (us):   6, ---, ---, 
[209.539s][info][gc,stats    ]   Rendezvous                         55 us
[209.539s][info][gc,stats    ] Concurrent Cleanup                   50 us
[209.539s][info][gc,stats    ] Concurrent Class Unloading         2478 us
[209.539s][info][gc,stats    ]   Unlink Stale                     2179 us
[209.539s][info][gc,stats    ]     System Dictionary                 3 us
[209.539s][info][gc,stats    ]     Weak Class Links                  0 us
[209.539s][info][gc,stats    ]     Code Roots                     2175 us
[209.539s][info][gc,stats    ]   Rendezvous                        104 us
[209.539s][info][gc,stats    ]   Purge Unlinked                    128 us
[209.539s][info][gc,stats    ]     Code Roots                      119 us
[209.539s][info][gc,stats    ]     CLDG                              8 us
[209.539s][info][gc,stats    ]     Exception Caches                  0 us
[209.539s][info][gc,stats    ] Pause Final Roots (G)               186 us
[209.539s][info][gc,stats    ] Pause Final Roots (N)                59 us
[209.539s][info][gc,stats    ] 
[209.539s][info][gc,stats    ] Allocation pacing accrued:
[209.539s][info][gc,stats    ]       0 of   920 ms (  0.0%): <total>
[209.539s][info][gc,stats    ]       0 of   920 ms (  0.0%): <average total>
[209.539s][info][gc,stats    ] 
[209.539s][info][gc,metaspace] Metaspace: 9055K(9280K)->9055K(9280K) NonClass: 7883K(8000K)->7883K(8000K) Class: 1171K(1280K)->1171K(1280K)
[209.539s][info][gc,ergo     ] Pacer for Idle. Initial: 163M, Alloc Tax Rate: 1.0x
[210.239s][info][gc          ] Trigger: Explicit GC request (System.gc())
[210.240s][info][gc,ergo     ] Free: 6680M, Max: 4096K regular, 5680M humongous, Frag: 15% external, 0% internal; Reserve: 412M, Max: 4096K
[210.240s][info][gc,start    ] GC(240) Concurrent reset
[210.240s][info][gc,task     ] GC(240) Using 1 of 3 workers for concurrent reset
[210.240s][info][gc,ergo     ] GC(240) Pacer for Reset. Non-Taxable: 8192M
[210.241s][info][gc          ] GC(240) Concurrent reset 1.050ms
[210.241s][info][gc,start    ] GC(240) Pause Init Mark (unload classes)
[210.241s][info][gc,task     ] GC(240) Using 3 of 3 workers for init marking
[210.241s][info][gc,ref      ] GC(240) Clearing All SoftReferences
[210.241s][info][gc,ergo     ] GC(240) Pacer for Mark. Expected Live: 14616K, Free: 6680M, Non-Taxable: 668M, Alloc Tax Rate: 0.0x
[210.241s][info][gc          ] GC(240) Pause Init Mark (unload classes) 0.191ms
[210.241s][info][gc,start    ] GC(240) Concurrent marking roots
[210.241s][info][gc,task     ] GC(240) Using 1 of 3 workers for concurrent marking roots
[210.241s][info][gc          ] GC(240) Concurrent marking roots 0.442ms
[210.241s][info][gc,start    ] GC(240) Concurrent marking (unload classes)
[210.241s][info][gc,task     ] GC(240) Using 1 of 3 workers for concurrent marking
[210.245s][info][gc          ] GC(240) Concurrent marking (unload classes) 3.863ms
[210.245s][info][gc,start    ] GC(240) Pause Final Mark (unload classes)
[210.246s][info][gc,task     ] GC(240) Using 3 of 3 workers for final marking
[210.246s][info][gc,ergo     ] GC(240) Collectable Garbage: 1023M (93%), Immediate: 1023M (93%), CSet: 0B (0%)
[210.246s][info][gc          ] GC(240) Pause Final Mark (unload classes) 0.410ms
[210.246s][info][gc,start    ] GC(240) Concurrent weak references
[210.246s][info][gc,task     ] GC(240) Using 1 of 3 workers for concurrent weak references
[210.246s][info][gc,ref      ] GC(240) Encountered references: Soft: 144, Weak: 702, Final: 0, Phantom: 27
[210.246s][info][gc,ref      ] GC(240) Discovered  references: Soft: 89, Weak: 168, Final: 0, Phantom: 25
[210.246s][info][gc,ref      ] GC(240) Enqueued    references: Soft: 3, Weak: 0, Final: 0, Phantom: 0
[210.246s][info][gc          ] GC(240) Concurrent weak references 0.188ms
[210.246s][info][gc,start    ] GC(240) Concurrent weak roots
[210.246s][info][gc,task     ] GC(240) Using 1 of 3 workers for concurrent weak root
[210.247s][info][gc          ] GC(240) Concurrent weak roots 0.812ms
[210.247s][info][gc,start    ] GC(240) Concurrent cleanup
[210.247s][info][gc          ] GC(240) Concurrent cleanup 1099M->75M(8192M) 0.046ms
[210.247s][info][gc,ergo     ] GC(240) Free: 7704M, Max: 4096K regular, 6804M humongous, Frag: 12% external, 0% internal; Reserve: 412M, Max: 4096K
[210.247s][info][gc,start    ] GC(240) Concurrent class unloading
[210.247s][info][gc,task     ] GC(240) Using 1 of 3 workers for concurrent class unloading
[210.249s][info][gc          ] GC(240) Concurrent class unloading 2.327ms
[210.250s][info][gc,start    ] GC(240) Pause Final Roots
[210.250s][info][gc          ] GC(240) Pause Final Roots 0.023ms
[210.250s][info][gc,ergo     ] Free: 7704M, Max: 4096K regular, 6804M humongous, Frag: 12% external, 0% internal; Reserve: 412M, Max: 4096K
[210.250s][info][gc,stats    ] 
[210.250s][info][gc,stats    ] All times are wall-clock times, except per-root-class counters, that are sum over
[210.250s][info][gc,stats    ] all workers. Dividing the <total> over the root stage time estimates parallelism.
[210.250s][info][gc,stats    ] 
[210.250s][info][gc,stats    ] Concurrent Reset                   1133 us
[210.250s][info][gc,stats    ] Pause Init Mark (G)                 303 us
[210.250s][info][gc,stats    ] Pause Init Mark (N)                 207 us
[210.250s][info][gc,stats    ]   Update Region States               70 us
[210.250s][info][gc,stats    ] Concurrent Mark Roots               461 us, parallelism: 0.77x
[210.250s][info][gc,stats    ]   CMR: <total>                      357 us
[210.250s][info][gc,stats    ]   CMR: Thread Roots                 312 us, workers (us): 312, ---, ---, 
[210.250s][info][gc,stats    ]   CMR: VM Strong Roots                4 us, workers (us):   4, ---, ---, 
[210.250s][info][gc,stats    ]   CMR: CLDG Roots                    40 us, workers (us):  40, ---, ---, 
[210.250s][info][gc,stats    ] Concurrent Marking                 3928 us
[210.250s][info][gc,stats    ] Pause Final Mark (G)                549 us
[210.250s][info][gc,stats    ] Pause Final Mark (N)                435 us
[210.250s][info][gc,stats    ]   Finish Mark                       151 us
[210.250s][info][gc,stats    ]   Update Region States               81 us
[210.250s][info][gc,stats    ]   Choose Collection Set              77 us
[210.250s][info][gc,stats    ]   Rebuild Free Set                   22 us
[210.250s][info][gc,stats    ] Concurrent Weak References          205 us, parallelism: 0.07x
[210.250s][info][gc,stats    ]   CWRF: <total>                      15 us
[210.250s][info][gc,stats    ]   CWRF: Weak References              15 us, workers (us):  15, ---, ---, 
[210.250s][info][gc,stats    ] Concurrent Weak Roots               849 us
[210.250s][info][gc,stats    ]   Roots                             736 us, parallelism: 0.91x
[210.250s][info][gc,stats    ]     CWR: <total>                    671 us
[210.250s][info][gc,stats    ]     CWR: Code Cache Roots           599 us, workers (us): 599, ---, ---, 
[210.250s][info][gc,stats    ]     CWR: VM Weak Roots               66 us, workers (us):  66, ---, ---, 
[210.250s][info][gc,stats    ]     CWR: CLDG Roots                   6 us, workers (us):   6, ---, ---, 
[210.250s][info][gc,stats    ]   Rendezvous                         44 us
[210.250s][info][gc,stats    ] Concurrent Cleanup                   55 us
[210.250s][info][gc,stats    ] Concurrent Class Unloading         2380 us
[210.250s][info][gc,stats    ]   Unlink Stale                     2095 us
[210.250s][info][gc,stats    ]     System Dictionary                 5 us
[210.250s][info][gc,stats    ]     Weak Class Links                  0 us
[210.250s][info][gc,stats    ]     Code Roots                     2089 us
[210.250s][info][gc,stats    ]   Rendezvous                         52 us
[210.250s][info][gc,stats    ]   Purge Unlinked                    161 us
[210.250s][info][gc,stats    ]     Code Roots                      150 us
[210.250s][info][gc,stats    ]     CLDG                             10 us
[210.250s][info][gc,stats    ]     Exception Caches                  0 us
[210.250s][info][gc,stats    ] Pause Final Roots (G)               100 us
[210.250s][info][gc,stats    ] Pause Final Roots (N)                31 us
[210.250s][info][gc,stats    ] 
[210.250s][info][gc,stats    ] Allocation pacing accrued:
[210.250s][info][gc,stats    ]       0 of   711 ms (  0.0%): <total>
[210.250s][info][gc,stats    ]       0 of   711 ms (  0.0%): <average total>
[210.250s][info][gc,stats    ] 
[210.250s][info][gc,metaspace] Metaspace: 9055K(9280K)->9055K(9280K) NonClass: 7883K(8000K)->7883K(8000K) Class: 1171K(1280K)->1171K(1280K)
[210.250s][info][gc,ergo     ] Pacer for Idle. Initial: 163M, Alloc Tax Rate: 1.0x
[211.166s][info][gc          ] Trigger: Learning 2 of 5. Free (5708M) is below initial threshold (5734M)
[211.166s][info][gc,ergo     ] Free: 5708M, Max: 4096K regular, 5708M humongous, Frag: 0% external, 0% internal; Reserve: 412M, Max: 4096K
[211.166s][info][gc,start    ] GC(241) Concurrent reset
[211.166s][info][gc,task     ] GC(241) Using 1 of 3 workers for concurrent reset
[211.166s][info][gc,ergo     ] GC(241) Pacer for Reset. Non-Taxable: 8192M
[211.167s][info][gc          ] GC(241) Concurrent reset 0.551ms
[211.167s][info][gc,start    ] GC(241) Pause Init Mark (unload classes)
[211.167s][info][gc,task     ] GC(241) Using 3 of 3 workers for init marking
[211.167s][info][gc,ergo     ] GC(241) Pacer for Mark. Expected Live: 10684K, Free: 5704M, Non-Taxable: 570M, Alloc Tax Rate: 0.0x
[211.167s][info][gc          ] GC(241) Pause Init Mark (unload classes) 0.191ms
[211.167s][info][gc,start    ] GC(241) Concurrent marking roots
[211.167s][info][gc,task     ] GC(241) Using 1 of 3 workers for concurrent marking roots
[211.168s][info][gc          ] GC(241) Concurrent marking roots 0.793ms
[211.168s][info][gc,start    ] GC(241) Concurrent marking (unload classes)
[211.168s][info][gc,task     ] GC(241) Using 1 of 3 workers for concurrent marking
[211.181s][info][gc          ] GC(241) Concurrent marking (unload classes) 12.738ms
[211.181s][info][gc,start    ] GC(241) Pause Final Mark (unload classes)
[211.181s][info][gc,task     ] GC(241) Using 3 of 3 workers for final marking
[211.181s][info][gc,ergo     ] GC(241) Collectable Garbage: 1960M (94%), Immediate: 1960M (94%), CSet: 0B (0%)
[211.181s][info][gc          ] GC(241) Pause Final Mark (unload classes) 0.233ms
[211.181s][info][gc,start    ] GC(241) Concurrent weak references
[211.181s][info][gc,task     ] GC(241) Using 1 of 3 workers for concurrent weak references
[211.181s][info][gc,ref      ] GC(241) Encountered references: Soft: 144, Weak: 702, Final: 0, Phantom: 27
[211.181s][info][gc,ref      ] GC(241) Discovered  references: Soft: 0, Weak: 150, Final: 0, Phantom: 12
[211.181s][info][gc,ref      ] GC(241) Enqueued    references: Soft: 0, Weak: 0, Final: 0, Phantom: 0
[211.181s][info][gc          ] GC(241) Concurrent weak references 0.128ms
[211.181s][info][gc,start    ] GC(241) Concurrent weak roots
[211.181s][info][gc,task     ] GC(241) Using 1 of 3 workers for concurrent weak root
[211.182s][info][gc          ] GC(241) Concurrent weak roots 0.699ms
[211.182s][info][gc,start    ] GC(241) Concurrent cleanup
[211.182s][info][gc          ] GC(241) Concurrent cleanup 2107M->147M(8192M) 0.042ms
[211.182s][info][gc,ergo     ] GC(241) Free: 7632M, Max: 4096K regular, 5672M humongous, Frag: 26% external, 0% internal; Reserve: 412M, Max: 4096K
[211.182s][info][gc,start    ] GC(241) Concurrent class unloading
[211.182s][info][gc,task     ] GC(241) Using 1 of 3 workers for concurrent class unloading
[211.184s][info][gc          ] GC(241) Concurrent class unloading 1.914ms
[211.184s][info][gc,start    ] GC(241) Pause Final Roots
[211.184s][info][gc          ] GC(241) Pause Final Roots 0.024ms
[211.184s][info][gc,ergo     ] Free: 7628M, Max: 4096K regular, 5672M humongous, Frag: 26% external, 0% internal; Reserve: 412M, Max: 4096K
[211.184s][info][gc,stats    ] 
[211.184s][info][gc,stats    ] All times are wall-clock times, except per-root-class counters, that are sum over
[211.184s][info][gc,stats    ] all workers. Dividing the <total> over the root stage time estimates parallelism.
[211.184s][info][gc,stats    ] 
[211.184s][info][gc,stats    ] Concurrent Reset                    617 us
[211.184s][info][gc,stats    ] Pause Init Mark (G)                 413 us
[211.184s][info][gc,stats    ] Pause Init Mark (N)                 213 us
[211.184s][info][gc,stats    ]   Update Region States               79 us
[211.184s][info][gc,stats    ] Concurrent Mark Roots               817 us, parallelism: 0.80x
[211.184s][info][gc,stats    ]   CMR: <total>                      652 us
[211.184s][info][gc,stats    ]   CMR: Thread Roots                 584 us, workers (us): 584, ---, ---, 
[211.184s][info][gc,stats    ]   CMR: VM Strong Roots                7 us, workers (us):   7, ---, ---, 
[211.184s][info][gc,stats    ]   CMR: CLDG Roots                    61 us, workers (us):  61, ---, ---, 
[211.185s][info][gc,stats    ] Concurrent Marking                12808 us
[211.185s][info][gc,stats    ] Pause Final Mark (G)                398 us
[211.185s][info][gc,stats    ] Pause Final Mark (N)                255 us
[211.185s][info][gc,stats    ]   Finish Mark                        59 us
[211.185s][info][gc,stats    ]   Update Region States               45 us
[211.185s][info][gc,stats    ]   Choose Collection Set              52 us
[211.185s][info][gc,stats    ]   Rebuild Free Set                   16 us
[211.185s][info][gc,stats    ] Concurrent Weak References          135 us, parallelism: 0.06x
[211.185s][info][gc,stats    ]   CWRF: <total>                       8 us
[211.185s][info][gc,stats    ]   CWRF: Weak References               8 us, workers (us):   8, ---, ---, 
[211.185s][info][gc,stats    ] Concurrent Weak Roots               721 us
[211.185s][info][gc,stats    ]   Roots                             600 us, parallelism: 0.93x
[211.185s][info][gc,stats    ]     CWR: <total>                    557 us
[211.185s][info][gc,stats    ]     CWR: Code Cache Roots           428 us, workers (us): 428, ---, ---, 
[211.185s][info][gc,stats    ]     CWR: VM Weak Roots              122 us, workers (us): 122, ---, ---, 
[211.185s][info][gc,stats    ]     CWR: CLDG Roots                   8 us, workers (us):   8, ---, ---, 
[211.185s][info][gc,stats    ]   Rendezvous                         84 us
[211.185s][info][gc,stats    ] Concurrent Cleanup                   50 us
[211.185s][info][gc,stats    ] Concurrent Class Unloading         1946 us
[211.185s][info][gc,stats    ]   Unlink Stale                     1735 us
[211.185s][info][gc,stats    ]     System Dictionary                 3 us
[211.185s][info][gc,stats    ]     Weak Class Links                  0 us
[211.185s][info][gc,stats    ]     Code Roots                     1731 us
[211.185s][info][gc,stats    ]   Rendezvous                         74 us
[211.185s][info][gc,stats    ]   Purge Unlinked                     88 us
[211.185s][info][gc,stats    ]     Code Roots                       84 us
[211.185s][info][gc,stats    ]     CLDG                              4 us
[211.185s][info][gc,stats    ]     Exception Caches                  0 us
[211.185s][info][gc,stats    ] Pause Final Roots (G)               113 us
[211.185s][info][gc,stats    ] Pause Final Roots (N)                32 us
[211.185s][info][gc,stats    ] 
[211.185s][info][gc,stats    ] Allocation pacing accrued:
[211.185s][info][gc,stats    ]       0 of   935 ms (  0.0%): <total>
[211.185s][info][gc,stats    ]       0 of   935 ms (  0.0%): <average total>
[211.185s][info][gc,stats    ] 
[211.185s][info][gc,metaspace] Metaspace: 9055K(9280K)->9055K(9280K) NonClass: 7883K(8000K)->7883K(8000K) Class: 1171K(1280K)->1171K(1280K)
[211.185s][info][gc,ergo     ] Pacer for Idle. Initial: 163M, Alloc Tax Rate: 1.0x
[212.060s][info][gc          ] Trigger: Learning 3 of 5. Free (5724M) is below initial threshold (5734M)
[212.060s][info][gc,ergo     ] Free: 5724M, Max: 4096K regular, 5672M humongous, Frag: 1% external, 0% internal; Reserve: 412M, Max: 4096K
[212.060s][info][gc,start    ] GC(242) Concurrent reset
[212.060s][info][gc,task     ] GC(242) Using 1 of 3 workers for concurrent reset
[212.060s][info][gc,ergo     ] GC(242) Pacer for Reset. Non-Taxable: 8192M
[212.061s][info][gc          ] GC(242) Concurrent reset 0.633ms
[212.061s][info][gc,start    ] GC(242) Pause Init Mark (unload classes)
[212.061s][info][gc,task     ] GC(242) Using 3 of 3 workers for init marking
[212.061s][info][gc,ergo     ] GC(242) Pacer for Mark. Expected Live: 11982K, Free: 5720M, Non-Taxable: 572M, Alloc Tax Rate: 0.0x
[212.061s][info][gc          ] GC(242) Pause Init Mark (unload classes) 0.157ms
[212.061s][info][gc,start    ] GC(242) Concurrent marking roots
[212.061s][info][gc,task     ] GC(242) Using 1 of 3 workers for concurrent marking roots
[212.062s][info][gc          ] GC(242) Concurrent marking roots 0.759ms
[212.062s][info][gc,start    ] GC(242) Concurrent marking (unload classes)
[212.062s][info][gc,task     ] GC(242) Using 1 of 3 workers for concurrent marking
[212.084s][info][gc          ] GC(242) Concurrent marking (unload classes) 22.023ms
[212.084s][info][gc,start    ] GC(242) Pause Final Mark (unload classes)
[212.084s][info][gc,task     ] GC(242) Using 3 of 3 workers for final marking
[212.085s][info][gc,ergo     ] GC(242) Collectable Garbage: 1911M (93%), Immediate: 1911M (93%), CSet: 0B (0%)
[212.085s][info][gc          ] GC(242) Pause Final Mark (unload classes) 0.197ms
[212.085s][info][gc,start    ] GC(242) Concurrent weak references
[212.085s][info][gc,task     ] GC(242) Using 1 of 3 workers for concurrent weak references
[212.085s][info][gc,ref      ] GC(242) Encountered references: Soft: 144, Weak: 702, Final: 0, Phantom: 27
[212.085s][info][gc,ref      ] GC(242) Discovered  references: Soft: 0, Weak: 150, Final: 0, Phantom: 12
[212.085s][info][gc,ref      ] GC(242) Enqueued    references: Soft: 0, Weak: 0, Final: 0, Phantom: 0
[212.085s][info][gc          ] GC(242) Concurrent weak references 0.113ms
[212.085s][info][gc,start    ] GC(242) Concurrent weak roots
[212.085s][info][gc,task     ] GC(242) Using 1 of 3 workers for concurrent weak root
[212.085s][info][gc          ] GC(242) Concurrent weak roots 0.572ms
[212.085s][info][gc,start    ] GC(242) Concurrent cleanup
[212.085s][info][gc          ] GC(242) Concurrent cleanup 2107M->195M(8192M) 0.050ms
[212.085s][info][gc,ergo     ] GC(242) Free: 7584M, Max: 4096K regular, 5716M humongous, Frag: 25% external, 0% internal; Reserve: 412M, Max: 4096K
[212.085s][info][gc,start    ] GC(242) Concurrent class unloading
[212.085s][info][gc,task     ] GC(242) Using 1 of 3 workers for concurrent class unloading
[212.088s][info][gc          ] GC(242) Concurrent class unloading 2.231ms
[212.088s][info][gc,start    ] GC(242) Pause Final Roots
[212.088s][info][gc          ] GC(242) Pause Final Roots 0.044ms
[212.088s][info][gc,ergo     ] Free: 7576M, Max: 4096K regular, 5716M humongous, Frag: 25% external, 0% internal; Reserve: 412M, Max: 4096K
[212.088s][info][gc,stats    ] 
[212.088s][info][gc,stats    ] All times are wall-clock times, except per-root-class counters, that are sum over
[212.088s][info][gc,stats    ] all workers. Dividing the <total> over the root stage time estimates parallelism.
[212.088s][info][gc,stats    ] 
[212.088s][info][gc,stats    ] Concurrent Reset                    696 us
[212.088s][info][gc,stats    ] Pause Init Mark (G)                 312 us
[212.088s][info][gc,stats    ] Pause Init Mark (N)                 174 us
[212.088s][info][gc,stats    ]   Update Region States               70 us
[212.088s][info][gc,stats    ] Concurrent Mark Roots               769 us, parallelism: 0.87x
[212.088s][info][gc,stats    ]   CMR: <total>                      670 us
[212.088s][info][gc,stats    ]   CMR: Thread Roots                 601 us, workers (us): 601, ---, ---, 
[212.088s][info][gc,stats    ]   CMR: VM Strong Roots                7 us, workers (us):   7, ---, ---, 
[212.088s][info][gc,stats    ]   CMR: CLDG Roots                    62 us, workers (us):  62, ---, ---, 
[212.088s][info][gc,stats    ] Concurrent Marking                22070 us
[212.088s][info][gc,stats    ] Pause Final Mark (G)                301 us
[212.088s][info][gc,stats    ] Pause Final Mark (N)                207 us
[212.088s][info][gc,stats    ]   Finish Mark                        58 us
[212.088s][info][gc,stats    ]   Update Region States               53 us
[212.088s][info][gc,stats    ]   Choose Collection Set              34 us
[212.088s][info][gc,stats    ]   Rebuild Free Set                    8 us
[212.088s][info][gc,stats    ] Concurrent Weak References          121 us, parallelism: 0.04x
[212.088s][info][gc,stats    ]   CWRF: <total>                       5 us
[212.088s][info][gc,stats    ]   CWRF: Weak References               5 us, workers (us):   5, ---, ---, 
[212.088s][info][gc,stats    ] Concurrent Weak Roots               592 us
[212.088s][info][gc,stats    ]   Roots                             488 us, parallelism: 0.89x
[212.088s][info][gc,stats    ]     CWR: <total>                    433 us
[212.088s][info][gc,stats    ]     CWR: Code Cache Roots           364 us, workers (us): 364, ---, ---, 
[212.088s][info][gc,stats    ]     CWR: VM Weak Roots               64 us, workers (us):  64, ---, ---, 
[212.088s][info][gc,stats    ]     CWR: CLDG Roots                   5 us, workers (us):   5, ---, ---, 
[212.088s][info][gc,stats    ]   Rendezvous                         69 us
[212.088s][info][gc,stats    ] Concurrent Cleanup                   62 us
[212.088s][info][gc,stats    ] Concurrent Class Unloading         2281 us
[212.088s][info][gc,stats    ]   Unlink Stale                     2006 us
[212.088s][info][gc,stats    ]     System Dictionary                 4 us
[212.088s][info][gc,stats    ]     Weak Class Links                  0 us
[212.088s][info][gc,stats    ]     Code Roots                     2000 us
[212.088s][info][gc,stats    ]   Rendezvous                         91 us
[212.088s][info][gc,stats    ]   Purge Unlinked                    115 us
[212.088s][info][gc,stats    ]     Code Roots                      110 us
[212.088s][info][gc,stats    ]     CLDG                              5 us
[212.088s][info][gc,stats    ]     Exception Caches                  0 us
[212.088s][info][gc,stats    ] Pause Final Roots (G)               180 us
[212.088s][info][gc,stats    ] Pause Final Roots (N)                62 us
[212.088s][info][gc,stats    ] 
[212.088s][info][gc,stats    ] Allocation pacing accrued:
[212.088s][info][gc,stats    ]       0 of   903 ms (  0.0%): <total>
[212.088s][info][gc,stats    ]       0 of   903 ms (  0.0%): <average total>
[212.088s][info][gc,stats    ] 
[212.088s][info][gc,metaspace] Metaspace: 9055K(9280K)->9055K(9280K) NonClass: 7883K(8000K)->7883K(8000K) Class: 1171K(1280K)->1171K(1280K)
[212.088s][info][gc,ergo     ] Pacer for Idle. Initial: 163M, Alloc Tax Rate: 1.0x
[212.987s][info][gc          ] Trigger: Learning 4 of 5. Free (5700M) is below initial threshold (5734M)
[212.987s][info][gc,ergo     ] Free: 5700M, Max: 4096K regular, 5700M humongous, Frag: 0% external, 0% internal; Reserve: 412M, Max: 4096K
[212.987s][info][gc,start    ] GC(243) Concurrent reset
[212.987s][info][gc,task     ] GC(243) Using 1 of 3 workers for concurrent reset
[212.987s][info][gc,ergo     ] GC(243) Pacer for Reset. Non-Taxable: 8192M
[212.988s][info][gc          ] GC(243) Concurrent reset 0.986ms
[212.988s][info][gc,start    ] GC(243) Pause Init Mark (unload classes)
[212.988s][info][gc,task     ] GC(243) Using 3 of 3 workers for init marking
[212.988s][info][gc,ergo     ] GC(243) Pacer for Mark. Expected Live: 13196K, Free: 5700M, Non-Taxable: 570M, Alloc Tax Rate: 0.0x
[212.988s][info][gc          ] GC(243) Pause Init Mark (unload classes) 0.179ms
[212.988s][info][gc,start    ] GC(243) Concurrent marking roots
[212.988s][info][gc,task     ] GC(243) Using 1 of 3 workers for concurrent marking roots
[212.989s][info][gc          ] GC(243) Concurrent marking roots 0.472ms
[212.989s][info][gc,start    ] GC(243) Concurrent marking (unload classes)
[212.989s][info][gc,task     ] GC(243) Using 1 of 3 workers for concurrent marking
[213.019s][info][gc          ] GC(243) Concurrent marking (unload classes) 30.344ms
[213.019s][info][gc,start    ] GC(243) Pause Final Mark (unload classes)
[213.019s][info][gc,task     ] GC(243) Using 3 of 3 workers for final marking
[213.019s][info][gc,ergo     ] GC(243) Collectable Garbage: 1944M (94%), Immediate: 1944M (94%), CSet: 0B (0%)
[213.020s][info][gc          ] GC(243) Pause Final Mark (unload classes) 0.245ms
[213.020s][info][gc,start    ] GC(243) Concurrent weak references
[213.020s][info][gc,task     ] GC(243) Using 1 of 3 workers for concurrent weak references
[213.020s][info][gc,ref      ] GC(243) Encountered references: Soft: 144, Weak: 702, Final: 0, Phantom: 27
[213.020s][info][gc,ref      ] GC(243) Discovered  references: Soft: 0, Weak: 150, Final: 0, Phantom: 25
[213.020s][info][gc,ref      ] GC(243) Enqueued    references: Soft: 0, Weak: 0, Final: 0, Phantom: 0
[213.020s][info][gc          ] GC(243) Concurrent weak references 0.114ms
[213.020s][info][gc,start    ] GC(243) Concurrent weak roots
[213.020s][info][gc,task     ] GC(243) Using 1 of 3 workers for concurrent weak root
[213.020s][info][gc          ] GC(243) Concurrent weak roots 0.560ms
[213.020s][info][gc,start    ] GC(243) Concurrent cleanup
[213.020s][info][gc          ] GC(243) Concurrent cleanup 2139M->195M(8192M) 0.043ms
[213.020s][info][gc,ergo     ] GC(243) Free: 7584M, Max: 4096K regular, 5640M humongous, Frag: 26% external, 0% internal; Reserve: 412M, Max: 4096K
[213.020s][info][gc,start    ] GC(243) Concurrent class unloading
[213.020s][info][gc,task     ] GC(243) Using 1 of 3 workers for concurrent class unloading
[213.023s][info][gc          ] GC(243) Concurrent class unloading 2.348ms
[213.023s][info][gc,start    ] GC(243) Pause Final Roots
[213.023s][info][gc          ] GC(243) Pause Final Roots 0.039ms
[213.023s][info][gc,ergo     ] Free: 7580M, Max: 4096K regular, 5640M humongous, Frag: 26% external, 0% internal; Reserve: 412M, Max: 4096K
[213.023s][info][gc,stats    ] 
[213.023s][info][gc,stats    ] All times are wall-clock times, except per-root-class counters, that are sum over
[213.023s][info][gc,stats    ] all workers. Dividing the <total> over the root stage time estimates parallelism.
[213.023s][info][gc,stats    ] 
[213.023s][info][gc,stats    ] Concurrent Reset                   1067 us
[213.023s][info][gc,stats    ] Pause Init Mark (G)                 351 us
[213.023s][info][gc,stats    ] Pause Init Mark (N)                 196 us
[213.023s][info][gc,stats    ]   Update Region States               75 us
[213.023s][info][gc,stats    ] Concurrent Mark Roots               508 us, parallelism: 0.66x
[213.023s][info][gc,stats    ]   CMR: <total>                      333 us
[213.023s][info][gc,stats    ]   CMR: Thread Roots                 291 us, workers (us): 291, ---, ---, 
[213.023s][info][gc,stats    ]   CMR: VM Strong Roots                5 us, workers (us):   5, ---, ---, 
[213.023s][info][gc,stats    ]   CMR: CLDG Roots                    38 us, workers (us):  38, ---, ---, 
[213.023s][info][gc,stats    ] Concurrent Marking                30395 us
[213.023s][info][gc,stats    ] Pause Final Mark (G)                391 us
[213.023s][info][gc,stats    ] Pause Final Mark (N)                264 us
[213.023s][info][gc,stats    ]   Finish Mark                        59 us
[213.023s][info][gc,stats    ]   Update Region States               47 us
[213.023s][info][gc,stats    ]   Choose Collection Set              47 us
[213.023s][info][gc,stats    ]   Rebuild Free Set                   16 us
[213.023s][info][gc,stats    ] Concurrent Weak References          122 us, parallelism: 0.04x
[213.023s][info][gc,stats    ]   CWRF: <total>                       5 us
[213.023s][info][gc,stats    ]   CWRF: Weak References               5 us, workers (us):   5, ---, ---, 
[213.023s][info][gc,stats    ] Concurrent Weak Roots               579 us
[213.023s][info][gc,stats    ]   Roots                             488 us, parallelism: 0.89x
[213.023s][info][gc,stats    ]     CWR: <total>                    433 us
[213.023s][info][gc,stats    ]     CWR: Code Cache Roots           362 us, workers (us): 362, ---, ---, 
[213.023s][info][gc,stats    ]     CWR: VM Weak Roots               66 us, workers (us):  66, ---, ---, 
[213.023s][info][gc,stats    ]     CWR: CLDG Roots                   5 us, workers (us):   5, ---, ---, 
[213.023s][info][gc,stats    ]   Rendezvous                         57 us
[213.023s][info][gc,stats    ] Concurrent Cleanup                   51 us
[213.023s][info][gc,stats    ] Concurrent Class Unloading         2397 us
[213.023s][info][gc,stats    ]   Unlink Stale                     2056 us
[213.023s][info][gc,stats    ]     System Dictionary                 3 us
[213.023s][info][gc,stats    ]     Weak Class Links                  0 us
[213.023s][info][gc,stats    ]     Code Roots                     2052 us
[213.023s][info][gc,stats    ]   Rendezvous                        150 us
[213.023s][info][gc,stats    ]   Purge Unlinked                    123 us
[213.023s][info][gc,stats    ]     Code Roots                      115 us
[213.023s][info][gc,stats    ]     CLDG                              8 us
[213.023s][info][gc,stats    ]     Exception Caches                  0 us
[213.023s][info][gc,stats    ] Pause Final Roots (G)               171 us
[213.023s][info][gc,stats    ] Pause Final Roots (N)                57 us
[213.023s][info][gc,stats    ] 
[213.023s][info][gc,stats    ] Allocation pacing accrued:
[213.023s][info][gc,stats    ]       0 of   935 ms (  0.0%): <total>
[213.023s][info][gc,stats    ]       0 of   935 ms (  0.0%): <average total>
[213.023s][info][gc,stats    ] 
[213.023s][info][gc,metaspace] Metaspace: 9055K(9280K)->9055K(9280K) NonClass: 7883K(8000K)->7883K(8000K) Class: 1171K(1280K)->1171K(1280K)
[213.023s][info][gc,ergo     ] Pacer for Idle. Initial: 163M, Alloc Tax Rate: 1.0x
[213.725s][info][gc          ] Trigger: Explicit GC request (System.gc())
[213.725s][info][gc,ergo     ] Free: 6708M, Max: 4096K regular, 5640M humongous, Frag: 16% external, 0% internal; Reserve: 412M, Max: 4096K
[213.725s][info][gc,start    ] GC(244) Concurrent reset
[213.725s][info][gc,task     ] GC(244) Using 1 of 3 workers for concurrent reset
[213.725s][info][gc,ergo     ] GC(244) Pacer for Reset. Non-Taxable: 8192M
[213.725s][info][gc          ] GC(244) Concurrent reset 0.642ms
[213.725s][info][gc,start    ] GC(244) Pause Init Mark (unload classes)
[213.725s][info][gc,task     ] GC(244) Using 3 of 3 workers for init marking
[213.726s][info][gc,ref      ] GC(244) Clearing All SoftReferences
[213.726s][info][gc,ergo     ] GC(244) Pacer for Mark. Expected Live: 14455K, Free: 6708M, Non-Taxable: 670M, Alloc Tax Rate: 0.0x
[213.726s][info][gc          ] GC(244) Pause Init Mark (unload classes) 0.154ms
[213.726s][info][gc,start    ] GC(244) Concurrent marking roots
[213.726s][info][gc,task     ] GC(244) Using 1 of 3 workers for concurrent marking roots
[213.726s][info][gc          ] GC(244) Concurrent marking roots 0.722ms
[213.726s][info][gc,start    ] GC(244) Concurrent marking (unload classes)
[213.726s][info][gc,task     ] GC(244) Using 1 of 3 workers for concurrent marking
[213.730s][info][gc          ] GC(244) Concurrent marking (unload classes) 3.800ms
[213.730s][info][gc,start    ] GC(244) Pause Final Mark (unload classes)
[213.730s][info][gc,task     ] GC(244) Using 3 of 3 workers for final marking
[213.730s][info][gc,ergo     ] GC(244) Collectable Garbage: 995M (93%), Immediate: 995M (93%), CSet: 0B (0%)
[213.731s][info][gc          ] GC(244) Pause Final Mark (unload classes) 0.269ms
[213.731s][info][gc,start    ] GC(244) Concurrent weak references
[213.731s][info][gc,task     ] GC(244) Using 1 of 3 workers for concurrent weak references
[213.731s][info][gc,ref      ] GC(244) Encountered references: Soft: 144, Weak: 702, Final: 0, Phantom: 27
[213.731s][info][gc,ref      ] GC(244) Discovered  references: Soft: 89, Weak: 168, Final: 0, Phantom: 25
[213.731s][info][gc,ref      ] GC(244) Enqueued    references: Soft: 3, Weak: 0, Final: 0, Phantom: 0
[213.731s][info][gc          ] GC(244) Concurrent weak references 0.170ms
[213.731s][info][gc,start    ] GC(244) Concurrent weak roots
[213.731s][info][gc,task     ] GC(244) Using 1 of 3 workers for concurrent weak root
[213.731s][info][gc          ] GC(244) Concurrent weak roots 0.712ms
[213.732s][info][gc,start    ] GC(244) Concurrent cleanup
[213.732s][info][gc          ] GC(244) Concurrent cleanup 1071M->75M(8192M) 0.032ms
[213.732s][info][gc,ergo     ] GC(244) Free: 7704M, Max: 4096K regular, 6816M humongous, Frag: 12% external, 0% internal; Reserve: 412M, Max: 4096K
[213.732s][info][gc,start    ] GC(244) Concurrent class unloading
[213.732s][info][gc,task     ] GC(244) Using 1 of 3 workers for concurrent class unloading
[213.734s][info][gc          ] GC(244) Concurrent class unloading 2.474ms
[213.734s][info][gc,start    ] GC(244) Pause Final Roots
[213.734s][info][gc          ] GC(244) Pause Final Roots 0.055ms
[213.734s][info][gc,ergo     ] Free: 7704M, Max: 4096K regular, 6816M humongous, Frag: 12% external, 0% internal; Reserve: 412M, Max: 4096K
[213.734s][info][gc,stats    ] 
[213.734s][info][gc,stats    ] All times are wall-clock times, except per-root-class counters, that are sum over
[213.734s][info][gc,stats    ] all workers. Dividing the <total> over the root stage time estimates parallelism.
[213.734s][info][gc,stats    ] 
[213.734s][info][gc,stats    ] Concurrent Reset                    710 us
[213.734s][info][gc,stats    ] Pause Init Mark (G)                 237 us
[213.734s][info][gc,stats    ] Pause Init Mark (N)                 162 us
[213.734s][info][gc,stats    ]   Update Region States               69 us
[213.734s][info][gc,stats    ] Concurrent Mark Roots               749 us, parallelism: 0.82x
[213.735s][info][gc,stats    ]   CMR: <total>                      613 us
[213.735s][info][gc,stats    ]   CMR: Thread Roots                 544 us, workers (us): 544, ---, ---, 
[213.735s][info][gc,stats    ]   CMR: VM Strong Roots                7 us, workers (us):   7, ---, ---, 
[213.735s][info][gc,stats    ]   CMR: CLDG Roots                    62 us, workers (us):  62, ---, ---, 
[213.735s][info][gc,stats    ] Concurrent Marking                 3867 us
[213.735s][info][gc,stats    ] Pause Final Mark (G)                347 us
[213.735s][info][gc,stats    ] Pause Final Mark (N)                278 us
[213.735s][info][gc,stats    ]   Finish Mark                       112 us
[213.735s][info][gc,stats    ]   Update Region States               68 us
[213.735s][info][gc,stats    ]   Choose Collection Set              34 us
[213.735s][info][gc,stats    ]   Rebuild Free Set                   11 us
[213.735s][info][gc,stats    ] Concurrent Weak References          186 us, parallelism: 0.05x
[213.735s][info][gc,stats    ]   CWRF: <total>                       8 us
[213.735s][info][gc,stats    ]   CWRF: Weak References               8 us, workers (us):   8, ---, ---, 
[213.735s][info][gc,stats    ] Concurrent Weak Roots               731 us
[213.735s][info][gc,stats    ]   Roots                             597 us, parallelism: 0.84x
[213.735s][info][gc,stats    ]     CWR: <total>                    501 us
[213.735s][info][gc,stats    ]     CWR: Code Cache Roots           382 us, workers (us): 382, ---, ---, 
[213.735s][info][gc,stats    ]     CWR: VM Weak Roots              114 us, workers (us): 114, ---, ---, 
[213.735s][info][gc,stats    ]     CWR: CLDG Roots                   6 us, workers (us):   6, ---, ---, 
[213.735s][info][gc,stats    ]   Rendezvous                         84 us
[213.735s][info][gc,stats    ] Concurrent Cleanup                   40 us
[213.735s][info][gc,stats    ] Concurrent Class Unloading         2525 us
[213.735s][info][gc,stats    ]   Unlink Stale                     2217 us
[213.735s][info][gc,stats    ]     System Dictionary                 3 us
[213.735s][info][gc,stats    ]     Weak Class Links                  0 us
[213.735s][info][gc,stats    ]     Code Roots                     2212 us
[213.735s][info][gc,stats    ]   Rendezvous                        120 us
[213.735s][info][gc,stats    ]   Purge Unlinked                    119 us
[213.735s][info][gc,stats    ]     Code Roots                      110 us
[213.735s][info][gc,stats    ]     CLDG                              8 us
[213.735s][info][gc,stats    ]     Exception Caches                  0 us
[213.735s][info][gc,stats    ] Pause Final Roots (G)               188 us
[213.735s][info][gc,stats    ] Pause Final Roots (N)                78 us
[213.735s][info][gc,stats    ] 
[213.735s][info][gc,stats    ] Allocation pacing accrued:
[213.735s][info][gc,stats    ]       0 of   711 ms (  0.0%): <total>
[213.735s][info][gc,stats    ]       0 of   711 ms (  0.0%): <average total>
[213.735s][info][gc,stats    ] 
[213.735s][info][gc,metaspace] Metaspace: 9055K(9280K)->9055K(9280K) NonClass: 7883K(8000K)->7883K(8000K) Class: 1171K(1280K)->1171K(1280K)
[213.735s][info][gc,ergo     ] Pacer for Idle. Initial: 163M, Alloc Tax Rate: 1.0x
[214.651s][info][gc          ] Trigger: Learning 2 of 5. Free (5712M) is below initial threshold (5734M)
[214.651s][info][gc,ergo     ] Free: 5712M, Max: 4096K regular, 5712M humongous, Frag: 0% external, 0% internal; Reserve: 412M, Max: 4096K
[214.651s][info][gc,start    ] GC(245) Concurrent reset
[214.651s][info][gc,task     ] GC(245) Using 1 of 3 workers for concurrent reset
[214.651s][info][gc,ergo     ] GC(245) Pacer for Reset. Non-Taxable: 8192M
[214.651s][info][gc          ] GC(245) Concurrent reset 0.543ms
[214.651s][info][gc,start    ] GC(245) Pause Init Mark (unload classes)
[214.652s][info][gc,task     ] GC(245) Using 3 of 3 workers for init marking
[214.652s][info][gc,ergo     ] GC(245) Pacer for Mark. Expected Live: 10686K, Free: 5712M, Non-Taxable: 571M, Alloc Tax Rate: 0.0x
[214.652s][info][gc          ] GC(245) Pause Init Mark (unload classes) 0.204ms
[214.652s][info][gc,start    ] GC(245) Concurrent marking roots
[214.652s][info][gc,task     ] GC(245) Using 1 of 3 workers for concurrent marking roots
[214.652s][info][gc          ] GC(245) Concurrent marking roots 0.465ms
[214.652s][info][gc,start    ] GC(245) Concurrent marking (unload classes)
[214.652s][info][gc,task     ] GC(245) Using 1 of 3 workers for concurrent marking
[214.665s][info][gc          ] GC(245) Concurrent marking (unload classes) 12.984ms
[214.665s][info][gc,start    ] GC(245) Pause Final Mark (unload classes)
[214.665s][info][gc,task     ] GC(245) Using 3 of 3 workers for final marking
[214.666s][info][gc,ergo     ] GC(245) Collectable Garbage: 1960M (95%), Immediate: 1960M (95%), CSet: 0B (0%)
[214.666s][info][gc          ] GC(245) Pause Final Mark (unload classes) 0.285ms
[214.666s][info][gc,start    ] GC(245) Concurrent weak references
[214.666s][info][gc,task     ] GC(245) Using 1 of 3 workers for concurrent weak references
[214.666s][info][gc,ref      ] GC(245) Encountered references: Soft: 144, Weak: 702, Final: 0, Phantom: 27
[214.666s][info][gc,ref      ] GC(245) Discovered  references: Soft: 0, Weak: 150, Final: 0, Phantom: 12
[214.666s][info][gc,ref      ] GC(245) Enqueued    references: Soft: 0, Weak: 0, Final: 0, Phantom: 0
[214.666s][info][gc          ] GC(245) Concurrent weak references 0.201ms
[214.666s][info][gc,start    ] GC(245) Concurrent weak roots
[214.666s][info][gc,task     ] GC(245) Using 1 of 3 workers for concurrent weak root
[214.667s][info][gc          ] GC(245) Concurrent weak roots 0.785ms
[214.669s][info][gc,start    ] GC(245) Concurrent cleanup
[214.669s][info][gc          ] GC(245) Concurrent cleanup 2103M->147M(8192M) 0.229ms
[214.669s][info][gc,ergo     ] GC(245) Free: 7632M, Max: 4096K regular, 5676M humongous, Frag: 26% external, 0% internal; Reserve: 412M, Max: 4096K
[214.669s][info][gc,start    ] GC(245) Concurrent class unloading
[214.669s][info][gc,task     ] GC(245) Using 1 of 3 workers for concurrent class unloading
[214.673s][info][gc          ] GC(245) Concurrent class unloading 3.231ms
[214.673s][info][gc,start    ] GC(245) Pause Final Roots
[214.673s][info][gc          ] GC(245) Pause Final Roots 0.043ms
[214.673s][info][gc,ergo     ] Free: 7628M, Max: 4096K regular, 5676M humongous, Frag: 26% external, 0% internal; Reserve: 412M, Max: 4096K
[214.673s][info][gc,stats    ] 
[214.673s][info][gc,stats    ] All times are wall-clock times, except per-root-class counters, that are sum over
[214.673s][info][gc,stats    ] all workers. Dividing the <total> over the root stage time estimates parallelism.
[214.673s][info][gc,stats    ] 
[214.673s][info][gc,stats    ] Concurrent Reset                    612 us
[214.673s][info][gc,stats    ] Pause Init Mark (G)                 426 us
[214.673s][info][gc,stats    ] Pause Init Mark (N)                 225 us
[214.673s][info][gc,stats    ]   Update Region States               86 us
[214.673s][info][gc,stats    ] Concurrent Mark Roots               485 us, parallelism: 0.70x
[214.673s][info][gc,stats    ]   CMR: <total>                      341 us
[214.673s][info][gc,stats    ]   CMR: Thread Roots                 300 us, workers (us): 300, ---, ---, 
[214.673s][info][gc,stats    ]   CMR: VM Strong Roots                4 us, workers (us):   4, ---, ---, 
[214.673s][info][gc,stats    ]   CMR: CLDG Roots                    37 us, workers (us):  37, ---, ---, 
[214.673s][info][gc,stats    ] Concurrent Marking                13051 us
[214.673s][info][gc,stats    ] Pause Final Mark (G)                472 us
[214.673s][info][gc,stats    ] Pause Final Mark (N)                304 us
[214.673s][info][gc,stats    ]   Finish Mark                        83 us
[214.673s][info][gc,stats    ]   Update Region States               54 us
[214.673s][info][gc,stats    ]   Choose Collection Set              65 us
[214.673s][info][gc,stats    ]   Rebuild Free Set                   16 us
[214.673s][info][gc,stats    ] Concurrent Weak References          217 us, parallelism: 0.02x
[214.673s][info][gc,stats    ]   CWRF: <total>                       5 us
[214.673s][info][gc,stats    ]   CWRF: Weak References               5 us, workers (us):   5, ---, ---, 
[214.673s][info][gc,stats    ] Concurrent Weak Roots              3125 us
[214.673s][info][gc,stats    ]   Roots                             649 us, parallelism: 0.88x
[214.673s][info][gc,stats    ]     CWR: <total>                    574 us
[214.673s][info][gc,stats    ]     CWR: Code Cache Roots           452 us, workers (us): 452, ---, ---, 
[214.673s][info][gc,stats    ]     CWR: VM Weak Roots              115 us, workers (us): 115, ---, ---, 
[214.673s][info][gc,stats    ]     CWR: CLDG Roots                   7 us, workers (us):   7, ---, ---, 
[214.673s][info][gc,stats    ]   Rendezvous                        102 us
[214.673s][info][gc,stats    ] Concurrent Cleanup                  261 us
[214.673s][info][gc,stats    ] Concurrent Class Unloading         3284 us
[214.673s][info][gc,stats    ]   Unlink Stale                     2690 us
[214.673s][info][gc,stats    ]     System Dictionary                 7 us
[214.673s][info][gc,stats    ]     Weak Class Links                  0 us
[214.673s][info][gc,stats    ]     Code Roots                     2681 us
[214.673s][info][gc,stats    ]   Rendezvous                        204 us
[214.673s][info][gc,stats    ]   Purge Unlinked                    301 us
[214.673s][info][gc,stats    ]     Code Roots                      290 us
[214.673s][info][gc,stats    ]     CLDG                             10 us
[214.673s][info][gc,stats    ]     Exception Caches                  0 us
[214.673s][info][gc,stats    ] Pause Final Roots (G)               191 us
[214.673s][info][gc,stats    ] Pause Final Roots (N)                61 us
[214.673s][info][gc,stats    ] 
[214.673s][info][gc,stats    ] Allocation pacing accrued:
[214.673s][info][gc,stats    ]       0 of   939 ms (  0.0%): <total>
[214.673s][info][gc,stats    ]       0 of   939 ms (  0.0%): <average total>
[214.673s][info][gc,stats    ] 
[214.673s][info][gc,metaspace] Metaspace: 9056K(9280K)->9056K(9280K) NonClass: 7884K(8000K)->7884K(8000K) Class: 1171K(1280K)->1171K(1280K)
[214.673s][info][gc,ergo     ] Pacer for Idle. Initial: 163M, Alloc Tax Rate: 1.0x
[215.546s][info][gc          ] Trigger: Learning 3 of 5. Free (5728M) is below initial threshold (5734M)
[215.546s][info][gc,ergo     ] Free: 5728M, Max: 4096K regular, 5676M humongous, Frag: 1% external, 0% internal; Reserve: 412M, Max: 4096K
[215.546s][info][gc,start    ] GC(246) Concurrent reset
[215.546s][info][gc,task     ] GC(246) Using 1 of 3 workers for concurrent reset
[215.546s][info][gc,ergo     ] GC(246) Pacer for Reset. Non-Taxable: 8192M
[215.547s][info][gc          ] GC(246) Concurrent reset 0.749ms
[215.547s][info][gc,start    ] GC(246) Pause Init Mark (unload classes)
[215.547s][info][gc,task     ] GC(246) Using 3 of 3 workers for init marking
[215.547s][info][gc,ergo     ] GC(246) Pacer for Mark. Expected Live: 11973K, Free: 5724M, Non-Taxable: 572M, Alloc Tax Rate: 0.0x
[215.547s][info][gc          ] GC(246) Pause Init Mark (unload classes) 0.200ms
[215.547s][info][gc,start    ] GC(246) Concurrent marking roots
[215.547s][info][gc,task     ] GC(246) Using 1 of 3 workers for concurrent marking roots
[215.547s][info][gc          ] GC(246) Concurrent marking roots 0.427ms
[215.547s][info][gc,start    ] GC(246) Concurrent marking (unload classes)
[215.547s][info][gc,task     ] GC(246) Using 1 of 3 workers for concurrent marking
[215.568s][info][gc          ] GC(246) Concurrent marking (unload classes) 20.993ms
[215.569s][info][gc,start    ] GC(246) Pause Final Mark (unload classes)
[215.569s][info][gc,task     ] GC(246) Using 3 of 3 workers for final marking
[215.569s][info][gc,ergo     ] GC(246) Collectable Garbage: 1915M (93%), Immediate: 1915M (93%), CSet: 0B (0%)
[215.569s][info][gc          ] GC(246) Pause Final Mark (unload classes) 0.347ms
[215.569s][info][gc,start    ] GC(246) Concurrent weak references
[215.569s][info][gc,task     ] GC(246) Using 1 of 3 workers for concurrent weak references
[215.569s][info][gc,ref      ] GC(246) Encountered references: Soft: 144, Weak: 702, Final: 0, Phantom: 27
[215.569s][info][gc,ref      ] GC(246) Discovered  references: Soft: 0, Weak: 150, Final: 0, Phantom: 12
[215.569s][info][gc,ref      ] GC(246) Enqueued    references: Soft: 0, Weak: 0, Final: 0, Phantom: 0
[215.569s][info][gc          ] GC(246) Concurrent weak references 0.149ms
[215.569s][info][gc,start    ] GC(246) Concurrent weak roots
[215.569s][info][gc,task     ] GC(246) Using 1 of 3 workers for concurrent weak root
[215.570s][info][gc          ] GC(246) Concurrent weak roots 0.580ms
[215.570s][info][gc,start    ] GC(246) Concurrent cleanup
[215.570s][info][gc          ] GC(246) Concurrent cleanup 2103M->187M(8192M) 0.042ms
[215.570s][info][gc,ergo     ] GC(246) Free: 7592M, Max: 4096K regular, 5716M humongous, Frag: 25% external, 0% internal; Reserve: 412M, Max: 4096K
[215.570s][info][gc,start    ] GC(246) Concurrent class unloading
[215.570s][info][gc,task     ] GC(246) Using 1 of 3 workers for concurrent class unloading
[215.572s][info][gc          ] GC(246) Concurrent class unloading 2.014ms
[215.572s][info][gc,start    ] GC(246) Pause Final Roots
[215.572s][info][gc          ] GC(246) Pause Final Roots 0.039ms
[215.572s][info][gc,ergo     ] Free: 7584M, Max: 4096K regular, 5716M humongous, Frag: 25% external, 0% internal; Reserve: 412M, Max: 4096K
[215.572s][info][gc,stats    ] 
[215.572s][info][gc,stats    ] All times are wall-clock times, except per-root-class counters, that are sum over
[215.572s][info][gc,stats    ] all workers. Dividing the <total> over the root stage time estimates parallelism.
[215.572s][info][gc,stats    ] 
[215.572s][info][gc,stats    ] Concurrent Reset                    830 us
[215.572s][info][gc,stats    ] Pause Init Mark (G)                 353 us
[215.572s][info][gc,stats    ] Pause Init Mark (N)                 217 us
[215.572s][info][gc,stats    ]   Update Region States               86 us
[215.572s][info][gc,stats    ] Concurrent Mark Roots               448 us, parallelism: 0.76x
[215.572s][info][gc,stats    ]   CMR: <total>                      339 us
[215.572s][info][gc,stats    ]   CMR: Thread Roots                 300 us, workers (us): 300, ---, ---, 
[215.572s][info][gc,stats    ]   CMR: VM Strong Roots                5 us, workers (us):   5, ---, ---, 
[215.572s][info][gc,stats    ]   CMR: CLDG Roots                    34 us, workers (us):  34, ---, ---, 
[215.572s][info][gc,stats    ] Concurrent Marking                21059 us
[215.572s][info][gc,stats    ] Pause Final Mark (G)                496 us
[215.572s][info][gc,stats    ] Pause Final Mark (N)                366 us
[215.572s][info][gc,stats    ]   Finish Mark                       129 us
[215.572s][info][gc,stats    ]   Update Region States               68 us
[215.572s][info][gc,stats    ]   Choose Collection Set              62 us
[215.572s][info][gc,stats    ]   Rebuild Free Set                   17 us
[215.573s][info][gc,stats    ] Concurrent Weak References          157 us, parallelism: 0.05x
[215.573s][info][gc,stats    ]   CWRF: <total>                       7 us
[215.573s][info][gc,stats    ]   CWRF: Weak References               7 us, workers (us):   7, ---, ---, 
[215.573s][info][gc,stats    ] Concurrent Weak Roots               600 us
[215.573s][info][gc,stats    ]   Roots                             481 us, parallelism: 0.89x
[215.573s][info][gc,stats    ]     CWR: <total>                    427 us
[215.573s][info][gc,stats    ]     CWR: Code Cache Roots           359 us, workers (us): 359, ---, ---, 
[215.573s][info][gc,stats    ]     CWR: VM Weak Roots               63 us, workers (us):  63, ---, ---, 
[215.573s][info][gc,stats    ]     CWR: CLDG Roots                   5 us, workers (us):   5, ---, ---, 
[215.573s][info][gc,stats    ]   Rendezvous                         84 us
[215.573s][info][gc,stats    ] Concurrent Cleanup                   50 us
[215.573s][info][gc,stats    ] Concurrent Class Unloading         2071 us
[215.573s][info][gc,stats    ]   Unlink Stale                     1785 us
[215.573s][info][gc,stats    ]     System Dictionary                 3 us
[215.573s][info][gc,stats    ]     Weak Class Links                  0 us
[215.573s][info][gc,stats    ]     Code Roots                     1781 us
[215.573s][info][gc,stats    ]   Rendezvous                         70 us
[215.573s][info][gc,stats    ]   Purge Unlinked                    140 us
[215.573s][info][gc,stats    ]     Code Roots                      135 us
[215.573s][info][gc,stats    ]     CLDG                              5 us
[215.573s][info][gc,stats    ]     Exception Caches                  0 us
[215.573s][info][gc,stats    ] Pause Final Roots (G)               171 us
[215.573s][info][gc,stats    ] Pause Final Roots (N)                57 us
[215.573s][info][gc,stats    ] 
[215.573s][info][gc,stats    ] Allocation pacing accrued:
[215.573s][info][gc,stats    ]       0 of   899 ms (  0.0%): <total>
[215.573s][info][gc,stats    ]       0 of   899 ms (  0.0%): <average total>
[215.573s][info][gc,stats    ] 
[215.573s][info][gc,metaspace] Metaspace: 9056K(9280K)->9056K(9280K) NonClass: 7884K(8000K)->7884K(8000K) Class: 1171K(1280K)->1171K(1280K)
[215.573s][info][gc,ergo     ] Pacer for Idle. Initial: 163M, Alloc Tax Rate: 1.0x
[216.458s][info][gc          ] Trigger: Learning 4 of 5. Free (5732M) is below initial threshold (5734M)
[216.458s][info][gc,ergo     ] Free: 5732M, Max: 4096K regular, 5716M humongous, Frag: 1% external, 0% internal; Reserve: 412M, Max: 4096K
[216.458s][info][gc,start    ] GC(247) Concurrent reset
[216.458s][info][gc,task     ] GC(247) Using 1 of 3 workers for concurrent reset
[216.458s][info][gc,ergo     ] GC(247) Pacer for Reset. Non-Taxable: 8192M
[216.459s][info][gc          ] GC(247) Concurrent reset 0.860ms
[216.459s][info][gc,start    ] GC(247) Pause Init Mark (unload classes)
[216.459s][info][gc,task     ] GC(247) Using 3 of 3 workers for init marking
[216.459s][info][gc,ergo     ] GC(247) Pacer for Mark. Expected Live: 13185K, Free: 5732M, Non-Taxable: 573M, Alloc Tax Rate: 0.0x
[216.459s][info][gc          ] GC(247) Pause Init Mark (unload classes) 0.182ms
[216.459s][info][gc,start    ] GC(247) Concurrent marking roots
[216.459s][info][gc,task     ] GC(247) Using 1 of 3 workers for concurrent marking roots
[216.460s][info][gc          ] GC(247) Concurrent marking roots 0.637ms
[216.460s][info][gc,start    ] GC(247) Concurrent marking (unload classes)
[216.460s][info][gc,task     ] GC(247) Using 1 of 3 workers for concurrent marking
[216.489s][info][gc          ] GC(247) Concurrent marking (unload classes) 29.491ms
[216.489s][info][gc,start    ] GC(247) Pause Final Mark (unload classes)
[216.489s][info][gc,task     ] GC(247) Using 3 of 3 workers for final marking
[216.490s][info][gc,ergo     ] GC(247) Collectable Garbage: 1900M (93%), Immediate: 1900M (93%), CSet: 0B (0%)
[216.490s][info][gc          ] GC(247) Pause Final Mark (unload classes) 0.345ms
[216.490s][info][gc,start    ] GC(247) Concurrent weak references
[216.490s][info][gc,task     ] GC(247) Using 1 of 3 workers for concurrent weak references
[216.490s][info][gc,ref      ] GC(247) Encountered references: Soft: 144, Weak: 702, Final: 0, Phantom: 27
[216.490s][info][gc,ref      ] GC(247) Discovered  references: Soft: 0, Weak: 150, Final: 0, Phantom: 12
[216.490s][info][gc,ref      ] GC(247) Enqueued    references: Soft: 0, Weak: 0, Final: 0, Phantom: 0
[216.490s][info][gc          ] GC(247) Concurrent weak references 0.142ms
[216.490s][info][gc,start    ] GC(247) Concurrent weak roots
[216.490s][info][gc,task     ] GC(247) Using 1 of 3 workers for concurrent weak root
[216.491s][info][gc          ] GC(247) Concurrent weak roots 0.698ms
[216.491s][info][gc,start    ] GC(247) Concurrent cleanup
[216.491s][info][gc          ] GC(247) Concurrent cleanup 2103M->203M(8192M) 0.045ms
[216.491s][info][gc,ergo     ] GC(247) Free: 7576M, Max: 4096K regular, 5676M humongous, Frag: 26% external, 0% internal; Reserve: 412M, Max: 4096K
[216.491s][info][gc,start    ] GC(247) Concurrent class unloading
[216.491s][info][gc,task     ] GC(247) Using 1 of 3 workers for concurrent class unloading
[216.493s][info][gc          ] GC(247) Concurrent class unloading 1.922ms
[216.493s][info][gc,start    ] GC(247) Pause Final Roots
[216.493s][info][gc          ] GC(247) Pause Final Roots 0.046ms
[216.493s][info][gc,ergo     ] Free: 7572M, Max: 4096K regular, 5676M humongous, Frag: 26% external, 0% internal; Reserve: 412M, Max: 4096K
[216.493s][info][gc,stats    ] 
[216.493s][info][gc,stats    ] All times are wall-clock times, except per-root-class counters, that are sum over
[216.493s][info][gc,stats    ] all workers. Dividing the <total> over the root stage time estimates parallelism.
[216.493s][info][gc,stats    ] 
[216.493s][info][gc,stats    ] Concurrent Reset                    930 us
[216.493s][info][gc,stats    ] Pause Init Mark (G)                 359 us
[216.493s][info][gc,stats    ] Pause Init Mark (N)                 199 us
[216.493s][info][gc,stats    ]   Update Region States               74 us
[216.493s][info][gc,stats    ] Concurrent Mark Roots               655 us, parallelism: 0.81x
[216.493s][info][gc,stats    ]   CMR: <total>                      530 us
[216.493s][info][gc,stats    ]   CMR: Thread Roots                 453 us, workers (us): 453, ---, ---, 
[216.493s][info][gc,stats    ]   CMR: VM Strong Roots                9 us, workers (us):   9, ---, ---, 
[216.493s][info][gc,stats    ]   CMR: CLDG Roots                    69 us, workers (us):  69, ---, ---, 
[216.493s][info][gc,stats    ] Concurrent Marking                29561 us
[216.493s][info][gc,stats    ] Pause Final Mark (G)                463 us
[216.493s][info][gc,stats    ] Pause Final Mark (N)                365 us
[216.493s][info][gc,stats    ]   Finish Mark                        99 us
[216.493s][info][gc,stats    ]   Update Region States               73 us
[216.493s][info][gc,stats    ]   Choose Collection Set              66 us
[216.493s][info][gc,stats    ]   Rebuild Free Set                   17 us
[216.493s][info][gc,stats    ] Concurrent Weak References          149 us, parallelism: 0.05x
[216.493s][info][gc,stats    ]   CWRF: <total>                       7 us
[216.493s][info][gc,stats    ]   CWRF: Weak References               7 us, workers (us):   7, ---, ---, 
[216.493s][info][gc,stats    ] Concurrent Weak Roots               717 us
[216.493s][info][gc,stats    ]   Roots                             626 us, parallelism: 0.89x
[216.493s][info][gc,stats    ]     CWR: <total>                    554 us
[216.493s][info][gc,stats    ]     CWR: Code Cache Roots           433 us, workers (us): 433, ---, ---, 
[216.493s][info][gc,stats    ]     CWR: VM Weak Roots              114 us, workers (us): 114, ---, ---, 
[216.493s][info][gc,stats    ]     CWR: CLDG Roots                   7 us, workers (us):   7, ---, ---, 
[216.493s][info][gc,stats    ]   Rendezvous                         57 us
[216.493s][info][gc,stats    ] Concurrent Cleanup                   54 us
[216.493s][info][gc,stats    ] Concurrent Class Unloading         1957 us
[216.493s][info][gc,stats    ]   Unlink Stale                     1773 us
[216.493s][info][gc,stats    ]     System Dictionary                 3 us
[216.493s][info][gc,stats    ]     Weak Class Links                  0 us
[216.494s][info][gc,stats    ]     Code Roots                     1769 us
[216.494s][info][gc,stats    ]   Rendezvous                         57 us
[216.494s][info][gc,stats    ]   Purge Unlinked                     75 us
[216.494s][info][gc,stats    ]     Code Roots                       70 us
[216.494s][info][gc,stats    ]     CLDG                              4 us
[216.494s][info][gc,stats    ]     Exception Caches                  0 us
[216.494s][info][gc,stats    ] Pause Final Roots (G)               190 us
[216.494s][info][gc,stats    ] Pause Final Roots (N)                63 us
[216.494s][info][gc,stats    ] 
[216.494s][info][gc,stats    ] Allocation pacing accrued:
[216.494s][info][gc,stats    ]       0 of   921 ms (  0.0%): <total>
[216.494s][info][gc,stats    ]       0 of   921 ms (  0.0%): <average total>
[216.494s][info][gc,stats    ] 
[216.494s][info][gc,metaspace] Metaspace: 9056K(9280K)->9056K(9280K) NonClass: 7884K(8000K)->7884K(8000K) Class: 1171K(1280K)->1171K(1280K)
[216.494s][info][gc,ergo     ] Pacer for Idle. Initial: 163M, Alloc Tax Rate: 1.0x
[217.210s][info][gc          ] Trigger: Explicit GC request (System.gc())
[217.211s][info][gc,ergo     ] Free: 6668M, Max: 4096K regular, 5676M humongous, Frag: 15% external, 0% internal; Reserve: 412M, Max: 4096K
[217.211s][info][gc,start    ] GC(248) Concurrent reset
[217.211s][info][gc,task     ] GC(248) Using 1 of 3 workers for concurrent reset
[217.211s][info][gc,ergo     ] GC(248) Pacer for Reset. Non-Taxable: 8192M
[217.212s][info][gc          ] GC(248) Concurrent reset 1.008ms
[217.212s][info][gc,start    ] GC(248) Pause Init Mark (unload classes)
[217.212s][info][gc,task     ] GC(248) Using 3 of 3 workers for init marking
[217.212s][info][gc,ref      ] GC(248) Clearing All SoftReferences
[217.212s][info][gc,ergo     ] GC(248) Pacer for Mark. Expected Live: 14426K, Free: 6668M, Non-Taxable: 666M, Alloc Tax Rate: 0.0x
[217.212s][info][gc          ] GC(248) Pause Init Mark (unload classes) 0.211ms
[217.212s][info][gc,start    ] GC(248) Concurrent marking roots
[217.212s][info][gc,task     ] GC(248) Using 1 of 3 workers for concurrent marking roots
[217.212s][info][gc          ] GC(248) Concurrent marking roots 0.440ms
[217.212s][info][gc,start    ] GC(248) Concurrent marking (unload classes)
[217.212s][info][gc,task     ] GC(248) Using 1 of 3 workers for concurrent marking
[217.216s][info][gc          ] GC(248) Concurrent marking (unload classes) 3.810ms
[217.216s][info][gc,start    ] GC(248) Pause Final Mark (unload classes)
[217.216s][info][gc,task     ] GC(248) Using 3 of 3 workers for final marking
[217.217s][info][gc,ergo     ] GC(248) Collectable Garbage: 1035M (93%), Immediate: 1035M (93%), CSet: 0B (0%)
[217.217s][info][gc          ] GC(248) Pause Final Mark (unload classes) 0.365ms
[217.217s][info][gc,start    ] GC(248) Concurrent weak references
[217.217s][info][gc,task     ] GC(248) Using 1 of 3 workers for concurrent weak references
[217.217s][info][gc,ref      ] GC(248) Encountered references: Soft: 144, Weak: 702, Final: 0, Phantom: 27
[217.217s][info][gc,ref      ] GC(248) Discovered  references: Soft: 89, Weak: 168, Final: 0, Phantom: 25
[217.217s][info][gc,ref      ] GC(248) Enqueued    references: Soft: 3, Weak: 0, Final: 0, Phantom: 0
[217.217s][info][gc          ] GC(248) Concurrent weak references 0.171ms
[217.217s][info][gc,start    ] GC(248) Concurrent weak roots
[217.217s][info][gc,task     ] GC(248) Using 1 of 3 workers for concurrent weak root
[217.218s][info][gc          ] GC(248) Concurrent weak roots 0.554ms
[217.218s][info][gc,start    ] GC(248) Concurrent cleanup
[217.218s][info][gc          ] GC(248) Concurrent cleanup 1111M->75M(8192M) 0.036ms
[217.218s][info][gc,ergo     ] GC(248) Free: 7704M, Max: 4096K regular, 6784M humongous, Frag: 12% external, 0% internal; Reserve: 412M, Max: 4096K
[217.218s][info][gc,start    ] GC(248) Concurrent class unloading
[217.218s][info][gc,task     ] GC(248) Using 1 of 3 workers for concurrent class unloading
[217.220s][info][gc          ] GC(248) Concurrent class unloading 2.490ms
[217.220s][info][gc,start    ] GC(248) Pause Final Roots
[217.220s][info][gc          ] GC(248) Pause Final Roots 0.020ms
[217.220s][info][gc,ergo     ] Free: 7704M, Max: 4096K regular, 6784M humongous, Frag: 12% external, 0% internal; Reserve: 412M, Max: 4096K
[217.220s][info][gc,stats    ] 
[217.220s][info][gc,stats    ] All times are wall-clock times, except per-root-class counters, that are sum over
[217.220s][info][gc,stats    ] all workers. Dividing the <total> over the root stage time estimates parallelism.
[217.220s][info][gc,stats    ] 
[217.220s][info][gc,stats    ] Concurrent Reset                   1066 us
[217.221s][info][gc,stats    ] Pause Init Mark (G)                 321 us
[217.221s][info][gc,stats    ] Pause Init Mark (N)                 228 us
[217.221s][info][gc,stats    ]   Update Region States               92 us
[217.221s][info][gc,stats    ] Concurrent Mark Roots               457 us, parallelism: 0.77x
[217.221s][info][gc,stats    ]   CMR: <total>                      351 us
[217.221s][info][gc,stats    ]   CMR: Thread Roots                 312 us, workers (us): 312, ---, ---, 
[217.221s][info][gc,stats    ]   CMR: VM Strong Roots                5 us, workers (us):   5, ---, ---, 
[217.221s][info][gc,stats    ]   CMR: CLDG Roots                    34 us, workers (us):  34, ---, ---, 
[217.221s][info][gc,stats    ] Concurrent Marking                 3863 us
[217.221s][info][gc,stats    ] Pause Final Mark (G)                512 us
[217.221s][info][gc,stats    ] Pause Final Mark (N)                390 us
[217.221s][info][gc,stats    ]   Finish Mark                       118 us
[217.221s][info][gc,stats    ]   Update Region States               70 us
[217.221s][info][gc,stats    ]   Choose Collection Set              76 us
[217.221s][info][gc,stats    ]   Rebuild Free Set                   22 us
[217.221s][info][gc,stats    ] Concurrent Weak References          187 us, parallelism: 0.05x
[217.221s][info][gc,stats    ]   CWRF: <total>                       9 us
[217.221s][info][gc,stats    ]   CWRF: Weak References               9 us, workers (us):   9, ---, ---, 
[217.221s][info][gc,stats    ] Concurrent Weak Roots               574 us
[217.221s][info][gc,stats    ]   Roots                             437 us, parallelism: 0.88x
[217.221s][info][gc,stats    ]     CWR: <total>                    382 us
[217.221s][info][gc,stats    ]     CWR: Code Cache Roots           315 us, workers (us): 315, ---, ---, 
[217.221s][info][gc,stats    ]     CWR: VM Weak Roots               63 us, workers (us):  63, ---, ---, 
[217.221s][info][gc,stats    ]     CWR: CLDG Roots                   4 us, workers (us):   4, ---, ---, 
[217.221s][info][gc,stats    ]   Rendezvous                         86 us
[217.221s][info][gc,stats    ] Concurrent Cleanup                   45 us
[217.221s][info][gc,stats    ] Concurrent Class Unloading         2541 us
[217.221s][info][gc,stats    ]   Unlink Stale                     2301 us
[217.221s][info][gc,stats    ]     System Dictionary                 3 us
[217.221s][info][gc,stats    ]     Weak Class Links                  0 us
[217.221s][info][gc,stats    ]     Code Roots                     2296 us
[217.221s][info][gc,stats    ]   Rendezvous                         50 us
[217.221s][info][gc,stats    ]   Purge Unlinked                    121 us
[217.221s][info][gc,stats    ]     Code Roots                      112 us
[217.221s][info][gc,stats    ]     CLDG                              9 us
[217.221s][info][gc,stats    ]     Exception Caches                  0 us
[217.221s][info][gc,stats    ] Pause Final Roots (G)                95 us
[217.221s][info][gc,stats    ] Pause Final Roots (N)                28 us
[217.221s][info][gc,stats    ] 
[217.221s][info][gc,stats    ] Allocation pacing accrued:
[217.221s][info][gc,stats    ]       0 of   727 ms (  0.0%): <total>
[217.221s][info][gc,stats    ]       0 of   727 ms (  0.0%): <average total>
[217.221s][info][gc,stats    ] 
[217.221s][info][gc,metaspace] Metaspace: 9056K(9280K)->9056K(9280K) NonClass: 7884K(8000K)->7884K(8000K) Class: 1171K(1280K)->1171K(1280K)
[217.221s][info][gc,ergo     ] Pacer for Idle. Initial: 163M, Alloc Tax Rate: 1.0x
[218.137s][info][gc          ] Trigger: Learning 2 of 5. Free (5712M) is below initial threshold (5734M)
[218.137s][info][gc,ergo     ] Free: 5712M, Max: 4096K regular, 5712M humongous, Frag: 0% external, 0% internal; Reserve: 412M, Max: 4096K
[218.137s][info][gc,start    ] GC(249) Concurrent reset
[218.137s][info][gc,task     ] GC(249) Using 1 of 3 workers for concurrent reset
[218.137s][info][gc,ergo     ] GC(249) Pacer for Reset. Non-Taxable: 8192M
[218.138s][info][gc          ] GC(249) Concurrent reset 0.688ms
[218.138s][info][gc,start    ] GC(249) Pause Init Mark (unload classes)
[218.138s][info][gc,task     ] GC(249) Using 3 of 3 workers for init marking
[218.138s][info][gc,ergo     ] GC(249) Pacer for Mark. Expected Live: 10652K, Free: 5708M, Non-Taxable: 570M, Alloc Tax Rate: 0.0x
[218.138s][info][gc          ] GC(249) Pause Init Mark (unload classes) 0.196ms
[218.138s][info][gc,start    ] GC(249) Concurrent marking roots
[218.138s][info][gc,task     ] GC(249) Using 1 of 3 workers for concurrent marking roots
[218.139s][info][gc          ] GC(249) Concurrent marking roots 0.416ms
[218.139s][info][gc,start    ] GC(249) Concurrent marking (unload classes)
[218.139s][info][gc,task     ] GC(249) Using 1 of 3 workers for concurrent marking
[218.152s][info][gc          ] GC(249) Concurrent marking (unload classes) 13.391ms
[218.152s][info][gc,start    ] GC(249) Pause Final Mark (unload classes)
[218.152s][info][gc,task     ] GC(249) Using 3 of 3 workers for final marking
[218.152s][info][gc,ergo     ] GC(249) Collectable Garbage: 1960M (95%), Immediate: 1960M (95%), CSet: 0B (0%)
[218.152s][info][gc          ] GC(249) Pause Final Mark (unload classes) 0.297ms
[218.152s][info][gc,start    ] GC(249) Concurrent weak references
[218.153s][info][gc,task     ] GC(249) Using 1 of 3 workers for concurrent weak references
[218.153s][info][gc,ref      ] GC(249) Encountered references: Soft: 144, Weak: 702, Final: 0, Phantom: 27
[218.153s][info][gc,ref      ] GC(249) Discovered  references: Soft: 0, Weak: 150, Final: 0, Phantom: 12
[218.153s][info][gc,ref      ] GC(249) Enqueued    references: Soft: 0, Weak: 0, Final: 0, Phantom: 0
[218.153s][info][gc          ] GC(249) Concurrent weak references 0.195ms
[218.153s][info][gc,start    ] GC(249) Concurrent weak roots
[218.153s][info][gc,task     ] GC(249) Using 1 of 3 workers for concurrent weak root
[218.153s][info][gc          ] GC(249) Concurrent weak roots 0.624ms
[218.153s][info][gc,start    ] GC(249) Concurrent cleanup
[218.153s][info][gc          ] GC(249) Concurrent cleanup 2103M->143M(8192M) 0.046ms
[218.153s][info][gc,ergo     ] GC(249) Free: 7636M, Max: 4096K regular, 5676M humongous, Frag: 26% external, 0% internal; Reserve: 412M, Max: 4096K
[218.153s][info][gc,start    ] GC(249) Concurrent class unloading
[218.153s][info][gc,task     ] GC(249) Using 1 of 3 workers for concurrent class unloading
[218.156s][info][gc          ] GC(249) Concurrent class unloading 2.169ms
[218.156s][info][gc,start    ] GC(249) Pause Final Roots
[218.156s][info][gc          ] GC(249) Pause Final Roots 0.021ms
[218.156s][info][gc,ergo     ] Free: 7628M, Max: 4096K regular, 5676M humongous, Frag: 26% external, 0% internal; Reserve: 412M, Max: 4096K
[218.156s][info][gc,stats    ] 
[218.156s][info][gc,stats    ] All times are wall-clock times, except per-root-class counters, that are sum over
[218.156s][info][gc,stats    ] all workers. Dividing the <total> over the root stage time estimates parallelism.
[218.156s][info][gc,stats    ] 
[218.156s][info][gc,stats    ] Concurrent Reset                    758 us
[218.156s][info][gc,stats    ] Pause Init Mark (G)                 351 us
[218.156s][info][gc,stats    ] Pause Init Mark (N)                 218 us
[218.156s][info][gc,stats    ]   Update Region States               76 us
[218.156s][info][gc,stats    ] Concurrent Mark Roots               435 us, parallelism: 0.76x
[218.156s][info][gc,stats    ]   CMR: <total>                      330 us
[218.156s][info][gc,stats    ]   CMR: Thread Roots                 291 us, workers (us): 291, ---, ---, 
[218.156s][info][gc,stats    ]   CMR: VM Strong Roots                5 us, workers (us):   5, ---, ---, 
[218.156s][info][gc,stats    ]   CMR: CLDG Roots                    34 us, workers (us):  34, ---, ---, 
[218.156s][info][gc,stats    ] Concurrent Marking                13451 us
[218.156s][info][gc,stats    ] Pause Final Mark (G)                459 us
[218.156s][info][gc,stats    ] Pause Final Mark (N)                316 us
[218.156s][info][gc,stats    ]   Finish Mark                        89 us
[218.156s][info][gc,stats    ]   Update Region States               69 us
[218.156s][info][gc,stats    ]   Choose Collection Set              60 us
[218.156s][info][gc,stats    ]   Rebuild Free Set                   16 us
[218.156s][info][gc,stats    ] Concurrent Weak References          211 us, parallelism: 0.03x
[218.156s][info][gc,stats    ]   CWRF: <total>                       7 us
[218.156s][info][gc,stats    ]   CWRF: Weak References               7 us, workers (us):   7, ---, ---, 
[218.156s][info][gc,stats    ] Concurrent Weak Roots               644 us
[218.156s][info][gc,stats    ]   Roots                             510 us, parallelism: 0.89x
[218.156s][info][gc,stats    ]     CWR: <total>                    454 us
[218.156s][info][gc,stats    ]     CWR: Code Cache Roots           384 us, workers (us): 384, ---, ---, 
[218.156s][info][gc,stats    ]     CWR: VM Weak Roots               64 us, workers (us):  64, ---, ---, 
[218.156s][info][gc,stats    ]     CWR: CLDG Roots                   6 us, workers (us):   6, ---, ---, 
[218.156s][info][gc,stats    ]   Rendezvous                         81 us
[218.156s][info][gc,stats    ] Concurrent Cleanup                   55 us
[218.156s][info][gc,stats    ] Concurrent Class Unloading         2223 us
[218.156s][info][gc,stats    ]   Unlink Stale                     1889 us
[218.156s][info][gc,stats    ]     System Dictionary                 4 us
[218.156s][info][gc,stats    ]     Weak Class Links                  0 us
[218.156s][info][gc,stats    ]     Code Roots                     1884 us
[218.156s][info][gc,stats    ]   Rendezvous                        139 us
[218.156s][info][gc,stats    ]   Purge Unlinked                    122 us
[218.156s][info][gc,stats    ]     Code Roots                      113 us
[218.156s][info][gc,stats    ]     CLDG                              8 us
[218.156s][info][gc,stats    ]     Exception Caches                  0 us
[218.156s][info][gc,stats    ] Pause Final Roots (G)               116 us
[218.156s][info][gc,stats    ] Pause Final Roots (N)                29 us
[218.156s][info][gc,stats    ] 
[218.156s][info][gc,stats    ] Allocation pacing accrued:
[218.156s][info][gc,stats    ]       0 of   935 ms (  0.0%): <total>
[218.156s][info][gc,stats    ]       0 of   935 ms (  0.0%): <average total>
[218.156s][info][gc,stats    ] 
[218.156s][info][gc,metaspace] Metaspace: 9056K(9280K)->9056K(9280K) NonClass: 7884K(8000K)->7884K(8000K) Class: 1171K(1280K)->1171K(1280K)
[218.156s][info][gc,ergo     ] Pacer for Idle. Initial: 163M, Alloc Tax Rate: 1.0x
[219.032s][info][gc          ] Trigger: Learning 3 of 5. Free (5724M) is below initial threshold (5734M)
[219.032s][info][gc,ergo     ] Free: 5724M, Max: 4096K regular, 5676M humongous, Frag: 1% external, 0% internal; Reserve: 412M, Max: 4096K
[219.032s][info][gc,start    ] GC(250) Concurrent reset
[219.032s][info][gc,task     ] GC(250) Using 1 of 3 workers for concurrent reset
[219.032s][info][gc,ergo     ] GC(250) Pacer for Reset. Non-Taxable: 8192M
[219.033s][info][gc          ] GC(250) Concurrent reset 0.710ms
[219.033s][info][gc,start    ] GC(250) Pause Init Mark (unload classes)
[219.033s][info][gc,task     ] GC(250) Using 3 of 3 workers for init marking
[219.033s][info][gc,ergo     ] GC(250) Pacer for Mark. Expected Live: 11946K, Free: 5724M, Non-Taxable: 572M, Alloc Tax Rate: 0.0x
[219.033s][info][gc          ] GC(250) Pause Init Mark (unload classes) 0.166ms
[219.033s][info][gc,start    ] GC(250) Concurrent marking roots
[219.033s][info][gc,task     ] GC(250) Using 1 of 3 workers for concurrent marking roots
[219.033s][info][gc          ] GC(250) Concurrent marking roots 0.468ms
[219.033s][info][gc,start    ] GC(250) Concurrent marking (unload classes)
[219.033s][info][gc,task     ] GC(250) Using 1 of 3 workers for concurrent marking
[219.054s][info][gc          ] GC(250) Concurrent marking (unload classes) 20.961ms
[219.055s][info][gc,start    ] GC(250) Pause Final Mark (unload classes)
[219.055s][info][gc,task     ] GC(250) Using 3 of 3 workers for final marking
[219.055s][info][gc,ergo     ] GC(250) Collectable Garbage: 1915M (93%), Immediate: 1915M (93%), CSet: 0B (0%)
[219.055s][info][gc          ] GC(250) Pause Final Mark (unload classes) 0.305ms
[219.055s][info][gc,start    ] GC(250) Concurrent weak references
[219.055s][info][gc,task     ] GC(250) Using 1 of 3 workers for concurrent weak references
[219.055s][info][gc,ref      ] GC(250) Encountered references: Soft: 144, Weak: 702, Final: 0, Phantom: 27
[219.055s][info][gc,ref      ] GC(250) Discovered  references: Soft: 0, Weak: 150, Final: 0, Phantom: 12
[219.055s][info][gc,ref      ] GC(250) Enqueued    references: Soft: 0, Weak: 0, Final: 0, Phantom: 0
[219.055s][info][gc          ] GC(250) Concurrent weak references 0.148ms
[219.055s][info][gc,start    ] GC(250) Concurrent weak roots
[219.055s][info][gc,task     ] GC(250) Using 1 of 3 workers for concurrent weak root
[219.056s][info][gc          ] GC(250) Concurrent weak roots 0.649ms
[219.056s][info][gc,start    ] GC(250) Concurrent cleanup
[219.056s][info][gc          ] GC(250) Concurrent cleanup 2103M->187M(8192M) 0.041ms
[219.056s][info][gc,ergo     ] GC(250) Free: 7592M, Max: 4096K regular, 5716M humongous, Frag: 25% external, 0% internal; Reserve: 412M, Max: 4096K
[219.056s][info][gc,start    ] GC(250) Concurrent class unloading
[219.056s][info][gc,task     ] GC(250) Using 1 of 3 workers for concurrent class unloading
[219.058s][info][gc          ] GC(250) Concurrent class unloading 2.397ms
[219.058s][info][gc,start    ] GC(250) Pause Final Roots
[219.058s][info][gc          ] GC(250) Pause Final Roots 0.041ms
[219.058s][info][gc,ergo     ] Free: 7584M, Max: 4096K regular, 5716M humongous, Frag: 25% external, 0% internal; Reserve: 412M, Max: 4096K
[219.059s][info][gc,stats    ] 
[219.059s][info][gc,stats    ] All times are wall-clock times, except per-root-class counters, that are sum over
[219.059s][info][gc,stats    ] all workers. Dividing the <total> over the root stage time estimates parallelism.
[219.059s][info][gc,stats    ] 
[219.059s][info][gc,stats    ] Concurrent Reset                    778 us
[219.059s][info][gc,stats    ] Pause Init Mark (G)                 346 us
[219.059s][info][gc,stats    ] Pause Init Mark (N)                 182 us
[219.059s][info][gc,stats    ]   Update Region States               67 us
[219.059s][info][gc,stats    ] Concurrent Mark Roots               505 us, parallelism: 0.68x
[219.059s][info][gc,stats    ]   CMR: <total>                      345 us
[219.059s][info][gc,stats    ]   CMR: Thread Roots                 303 us, workers (us): 303, ---, ---, 
[219.059s][info][gc,stats    ]   CMR: VM Strong Roots                6 us, workers (us):   6, ---, ---, 
[219.059s][info][gc,stats    ]   CMR: CLDG Roots                    36 us, workers (us):  36, ---, ---, 
[219.059s][info][gc,stats    ] Concurrent Marking                21030 us
[219.059s][info][gc,stats    ] Pause Final Mark (G)                450 us
[219.059s][info][gc,stats    ] Pause Final Mark (N)                330 us
[219.059s][info][gc,stats    ]   Finish Mark                       102 us
[219.059s][info][gc,stats    ]   Update Region States               55 us
[219.059s][info][gc,stats    ]   Choose Collection Set              61 us
[219.059s][info][gc,stats    ]   Rebuild Free Set                   16 us
[219.059s][info][gc,stats    ] Concurrent Weak References          155 us, parallelism: 0.03x
[219.059s][info][gc,stats    ]   CWRF: <total>                       5 us
[219.059s][info][gc,stats    ]   CWRF: Weak References               5 us, workers (us):   5, ---, ---, 
[219.059s][info][gc,stats    ] Concurrent Weak Roots               668 us
[219.059s][info][gc,stats    ]   Roots                             592 us, parallelism: 0.93x
[219.059s][info][gc,stats    ]     CWR: <total>                    549 us
[219.059s][info][gc,stats    ]     CWR: Code Cache Roots           429 us, workers (us): 429, ---, ---, 
[219.059s][info][gc,stats    ]     CWR: VM Weak Roots              113 us, workers (us): 113, ---, ---, 
[219.059s][info][gc,stats    ]     CWR: CLDG Roots                   6 us, workers (us):   6, ---, ---, 
[219.059s][info][gc,stats    ]   Rendezvous                         42 us
[219.059s][info][gc,stats    ] Concurrent Cleanup                   49 us
[219.059s][info][gc,stats    ] Concurrent Class Unloading         2447 us
[219.059s][info][gc,stats    ]   Unlink Stale                     2123 us
[219.059s][info][gc,stats    ]     System Dictionary                 3 us
[219.059s][info][gc,stats    ]     Weak Class Links                  0 us
[219.059s][info][gc,stats    ]     Code Roots                     2119 us
[219.059s][info][gc,stats    ]   Rendezvous                        100 us
[219.059s][info][gc,stats    ]   Purge Unlinked                    156 us
[219.059s][info][gc,stats    ]     Code Roots                      147 us
[219.059s][info][gc,stats    ]     CLDG                              8 us
[219.059s][info][gc,stats    ]     Exception Caches                  0 us
[219.059s][info][gc,stats    ] Pause Final Roots (G)               182 us
[219.059s][info][gc,stats    ] Pause Final Roots (N)                59 us
[219.059s][info][gc,stats    ] 
[219.059s][info][gc,stats    ] Allocation pacing accrued:
[219.059s][info][gc,stats    ]       0 of   903 ms (  0.0%): <total>
[219.059s][info][gc,stats    ]       0 of   903 ms (  0.0%): <average total>
[219.059s][info][gc,stats    ] 
[219.059s][info][gc,metaspace] Metaspace: 9056K(9280K)->9056K(9280K) NonClass: 7884K(8000K)->7884K(8000K) Class: 1171K(1280K)->1171K(1280K)
[219.059s][info][gc,ergo     ] Pacer for Idle. Initial: 163M, Alloc Tax Rate: 1.0x
[219.942s][info][gc          ] Trigger: Learning 4 of 5. Free (5732M) is below initial threshold (5734M)
[219.942s][info][gc,ergo     ] Free: 5732M, Max: 4096K regular, 5716M humongous, Frag: 1% external, 0% internal; Reserve: 412M, Max: 4096K
[219.942s][info][gc,start    ] GC(251) Concurrent reset
[219.942s][info][gc,task     ] GC(251) Using 1 of 3 workers for concurrent reset
[219.942s][info][gc,ergo     ] GC(251) Pacer for Reset. Non-Taxable: 8192M
[219.943s][info][gc          ] GC(251) Concurrent reset 0.994ms
[219.944s][info][gc,start    ] GC(251) Pause Init Mark (unload classes)
[219.944s][info][gc,task     ] GC(251) Using 3 of 3 workers for init marking
[219.944s][info][gc,ergo     ] GC(251) Pacer for Mark. Expected Live: 13172K, Free: 5732M, Non-Taxable: 573M, Alloc Tax Rate: 0.0x
[219.944s][info][gc          ] GC(251) Pause Init Mark (unload classes) 0.185ms
[219.944s][info][gc,start    ] GC(251) Concurrent marking roots
[219.944s][info][gc,task     ] GC(251) Using 1 of 3 workers for concurrent marking roots
[219.945s][info][gc          ] GC(251) Concurrent marking roots 0.715ms
[219.945s][info][gc,start    ] GC(251) Concurrent marking (unload classes)
[219.945s][info][gc,task     ] GC(251) Using 1 of 3 workers for concurrent marking
[219.974s][info][gc          ] GC(251) Concurrent marking (unload classes) 29.624ms
[219.974s][info][gc,start    ] GC(251) Pause Final Mark (unload classes)
[219.974s][info][gc,task     ] GC(251) Using 3 of 3 workers for final marking
[219.975s][info][gc,ergo     ] GC(251) Collectable Garbage: 1896M (93%), Immediate: 1896M (93%), CSet: 0B (0%)
[219.975s][info][gc          ] GC(251) Pause Final Mark (unload classes) 0.318ms
[219.975s][info][gc,start    ] GC(251) Concurrent weak references
[219.975s][info][gc,task     ] GC(251) Using 1 of 3 workers for concurrent weak references
[219.975s][info][gc,ref      ] GC(251) Encountered references: Soft: 144, Weak: 702, Final: 0, Phantom: 27
[219.975s][info][gc,ref      ] GC(251) Discovered  references: Soft: 0, Weak: 150, Final: 0, Phantom: 12
[219.975s][info][gc,ref      ] GC(251) Enqueued    references: Soft: 0, Weak: 0, Final: 0, Phantom: 0
[219.975s][info][gc          ] GC(251) Concurrent weak references 0.114ms
[219.975s][info][gc,start    ] GC(251) Concurrent weak roots
[219.975s][info][gc,task     ] GC(251) Using 1 of 3 workers for concurrent weak root
[219.975s][info][gc          ] GC(251) Concurrent weak roots 0.572ms
[219.975s][info][gc,start    ] GC(251) Concurrent cleanup
[219.975s][info][gc          ] GC(251) Concurrent cleanup 2103M->207M(8192M) 0.042ms
[219.975s][info][gc,ergo     ] GC(251) Free: 7572M, Max: 4096K regular, 5676M humongous, Frag: 26% external, 0% internal; Reserve: 412M, Max: 4096K
[219.975s][info][gc,start    ] GC(251) Concurrent class unloading
[219.975s][info][gc,task     ] GC(251) Using 1 of 3 workers for concurrent class unloading
[219.977s][info][gc          ] GC(251) Concurrent class unloading 1.991ms
[219.978s][info][gc,start    ] GC(251) Pause Final Roots
[219.978s][info][gc          ] GC(251) Pause Final Roots 0.041ms
[219.978s][info][gc,ergo     ] Free: 7568M, Max: 4096K regular, 5676M humongous, Frag: 25% external, 0% internal; Reserve: 412M, Max: 4096K
[219.978s][info][gc,stats    ] 
[219.978s][info][gc,stats    ] All times are wall-clock times, except per-root-class counters, that are sum over
[219.978s][info][gc,stats    ] all workers. Dividing the <total> over the root stage time estimates parallelism.
[219.978s][info][gc,stats    ] 
[219.978s][info][gc,stats    ] Concurrent Reset                   1078 us
[219.978s][info][gc,stats    ] Pause Init Mark (G)                 364 us
[219.978s][info][gc,stats    ] Pause Init Mark (N)                 202 us
[219.978s][info][gc,stats    ]   Update Region States               76 us
[219.978s][info][gc,stats    ] Concurrent Mark Roots               739 us, parallelism: 0.78x
[219.978s][info][gc,stats    ]   CMR: <total>                      578 us
[219.978s][info][gc,stats    ]   CMR: Thread Roots                 506 us, workers (us): 506, ---, ---, 
[219.978s][info][gc,stats    ]   CMR: VM Strong Roots                8 us, workers (us):   8, ---, ---, 
[219.978s][info][gc,stats    ]   CMR: CLDG Roots                    64 us, workers (us):  64, ---, ---, 
[219.978s][info][gc,stats    ] Concurrent Marking                29690 us
[219.978s][info][gc,stats    ] Pause Final Mark (G)                471 us
[219.978s][info][gc,stats    ] Pause Final Mark (N)                338 us
[219.978s][info][gc,stats    ]   Finish Mark                       102 us
[219.978s][info][gc,stats    ]   Update Region States               60 us
[219.978s][info][gc,stats    ]   Choose Collection Set              62 us
[219.978s][info][gc,stats    ]   Rebuild Free Set                   16 us
[219.978s][info][gc,stats    ] Concurrent Weak References          121 us, parallelism: 0.04x
[219.978s][info][gc,stats    ]   CWRF: <total>                       4 us
[219.978s][info][gc,stats    ]   CWRF: Weak References               4 us, workers (us):   4, ---, ---, 
[219.978s][info][gc,stats    ] Concurrent Weak Roots               591 us
[219.978s][info][gc,stats    ]   Roots                             478 us, parallelism: 0.89x
[219.978s][info][gc,stats    ]     CWR: <total>                    424 us
[219.978s][info][gc,stats    ]     CWR: Code Cache Roots           356 us, workers (us): 356, ---, ---, 
[219.978s][info][gc,stats    ]     CWR: VM Weak Roots               63 us, workers (us):  63, ---, ---, 
[219.978s][info][gc,stats    ]     CWR: CLDG Roots                   5 us, workers (us):   5, ---, ---, 
[219.978s][info][gc,stats    ]   Rendezvous                         78 us
[219.978s][info][gc,stats    ] Concurrent Cleanup                   56 us
[219.978s][info][gc,stats    ] Concurrent Class Unloading         2024 us
[219.978s][info][gc,stats    ]   Unlink Stale                     1822 us
[219.978s][info][gc,stats    ]     System Dictionary                 4 us
[219.978s][info][gc,stats    ]     Weak Class Links                  0 us
[219.978s][info][gc,stats    ]     Code Roots                     1817 us
[219.978s][info][gc,stats    ]   Rendezvous                         54 us
[219.978s][info][gc,stats    ]   Purge Unlinked                     96 us
[219.978s][info][gc,stats    ]     Code Roots                       91 us
[219.978s][info][gc,stats    ]     CLDG                              4 us
[219.978s][info][gc,stats    ]     Exception Caches                  0 us
[219.978s][info][gc,stats    ] Pause Final Roots (G)               180 us
[219.978s][info][gc,stats    ] Pause Final Roots (N)                58 us
[219.978s][info][gc,stats    ] 
[219.978s][info][gc,stats    ] Allocation pacing accrued:
[219.978s][info][gc,stats    ]       0 of   920 ms (  0.0%): <total>
[219.978s][info][gc,stats    ]       0 of   920 ms (  0.0%): <average total>
[219.978s][info][gc,stats    ] 
[219.978s][info][gc,metaspace] Metaspace: 9056K(9280K)->9056K(9280K) NonClass: 7884K(8000K)->7884K(8000K) Class: 1171K(1280K)->1171K(1280K)
[219.978s][info][gc,ergo     ] Pacer for Idle. Initial: 163M, Alloc Tax Rate: 1.0x
[220.680s][info][gc          ] Trigger: Explicit GC request (System.gc())
[220.680s][info][gc,ergo     ] Free: 6668M, Max: 4096K regular, 5676M humongous, Frag: 15% external, 0% internal; Reserve: 412M, Max: 4096K
[220.680s][info][gc,start    ] GC(252) Concurrent reset
[220.680s][info][gc,task     ] GC(252) Using 1 of 3 workers for concurrent reset
[220.680s][info][gc,ergo     ] GC(252) Pacer for Reset. Non-Taxable: 8192M
[220.681s][info][gc          ] GC(252) Concurrent reset 0.891ms
[220.681s][info][gc,start    ] GC(252) Pause Init Mark (unload classes)
[220.681s][info][gc,task     ] GC(252) Using 3 of 3 workers for init marking
[220.682s][info][gc,ref      ] GC(252) Clearing All SoftReferences
[220.682s][info][gc,ergo     ] GC(252) Pacer for Mark. Expected Live: 14418K, Free: 6668M, Non-Taxable: 666M, Alloc Tax Rate: 0.0x
[220.682s][info][gc          ] GC(252) Pause Init Mark (unload classes) 0.130ms
[220.682s][info][gc,start    ] GC(252) Concurrent marking roots
[220.682s][info][gc,task     ] GC(252) Using 1 of 3 workers for concurrent marking roots
[220.682s][info][gc          ] GC(252) Concurrent marking roots 0.511ms
[220.682s][info][gc,start    ] GC(252) Concurrent marking (unload classes)
[220.682s][info][gc,task     ] GC(252) Using 1 of 3 workers for concurrent marking
[220.686s][info][gc          ] GC(252) Concurrent marking (unload classes) 3.578ms
[220.686s][info][gc,start    ] GC(252) Pause Final Mark (unload classes)
[220.686s][info][gc,task     ] GC(252) Using 3 of 3 workers for final marking
[220.686s][info][gc,ergo     ] GC(252) Collectable Garbage: 1035M (93%), Immediate: 1035M (93%), CSet: 0B (0%)
[220.686s][info][gc          ] GC(252) Pause Final Mark (unload classes) 0.267ms
[220.686s][info][gc,start    ] GC(252) Concurrent weak references
[220.686s][info][gc,task     ] GC(252) Using 1 of 3 workers for concurrent weak references
[220.686s][info][gc,ref      ] GC(252) Encountered references: Soft: 144, Weak: 702, Final: 0, Phantom: 27
[220.686s][info][gc,ref      ] GC(252) Discovered  references: Soft: 89, Weak: 168, Final: 0, Phantom: 25
[220.686s][info][gc,ref      ] GC(252) Enqueued    references: Soft: 3, Weak: 0, Final: 0, Phantom: 0
[220.686s][info][gc          ] GC(252) Concurrent weak references 0.172ms
[220.686s][info][gc,start    ] GC(252) Concurrent weak roots
[220.686s][info][gc,task     ] GC(252) Using 1 of 3 workers for concurrent weak root
[220.687s][info][gc          ] GC(252) Concurrent weak roots 0.537ms
[220.687s][info][gc,start    ] GC(252) Concurrent cleanup
[220.687s][info][gc          ] GC(252) Concurrent cleanup 1111M->75M(8192M) 0.033ms
[220.687s][info][gc,ergo     ] GC(252) Free: 7704M, Max: 4096K regular, 6788M humongous, Frag: 12% external, 0% internal; Reserve: 412M, Max: 4096K
[220.687s][info][gc,start    ] GC(252) Concurrent class unloading
[220.687s][info][gc,task     ] GC(252) Using 1 of 3 workers for concurrent class unloading
[220.689s][info][gc          ] GC(252) Concurrent class unloading 1.924ms
[220.689s][info][gc,start    ] GC(252) Pause Final Roots
[220.689s][info][gc          ] GC(252) Pause Final Roots 0.020ms
[220.689s][info][gc,ergo     ] Free: 7704M, Max: 4096K regular, 6788M humongous, Frag: 12% external, 0% internal; Reserve: 412M, Max: 4096K
[220.689s][info][gc,stats    ] 
[220.689s][info][gc,stats    ] All times are wall-clock times, except per-root-class counters, that are sum over
[220.689s][info][gc,stats    ] all workers. Dividing the <total> over the root stage time estimates parallelism.
[220.689s][info][gc,stats    ] 
[220.689s][info][gc,stats    ] Concurrent Reset                    953 us
[220.689s][info][gc,stats    ] Pause Init Mark (G)                 224 us
[220.689s][info][gc,stats    ] Pause Init Mark (N)                 138 us
[220.689s][info][gc,stats    ]   Update Region States               66 us
[220.689s][info][gc,stats    ] Concurrent Mark Roots               532 us, parallelism: 0.69x
[220.689s][info][gc,stats    ]   CMR: <total>                      368 us
[220.689s][info][gc,stats    ]   CMR: Thread Roots                 299 us, workers (us): 299, ---, ---, 
[220.689s][info][gc,stats    ]   CMR: VM Strong Roots                8 us, workers (us):   8, ---, ---, 
[220.689s][info][gc,stats    ]   CMR: CLDG Roots                    61 us, workers (us):  61, ---, ---, 
[220.689s][info][gc,stats    ] Concurrent Marking                 3646 us
[220.689s][info][gc,stats    ] Pause Final Mark (G)                355 us
[220.689s][info][gc,stats    ] Pause Final Mark (N)                276 us
[220.689s][info][gc,stats    ]   Finish Mark                        91 us
[220.689s][info][gc,stats    ]   Update Region States               58 us
[220.689s][info][gc,stats    ]   Choose Collection Set              32 us
[220.689s][info][gc,stats    ]   Rebuild Free Set                    8 us
[220.689s][info][gc,stats    ] Concurrent Weak References          188 us, parallelism: 0.06x
[220.689s][info][gc,stats    ]   CWRF: <total>                      11 us
[220.689s][info][gc,stats    ]   CWRF: Weak References              11 us, workers (us):  11, ---, ---, 
[220.689s][info][gc,stats    ] Concurrent Weak Roots               557 us
[220.689s][info][gc,stats    ]   Roots                             455 us, parallelism: 0.84x
[220.689s][info][gc,stats    ]     CWR: <total>                    383 us
[220.689s][info][gc,stats    ]     CWR: Code Cache Roots           313 us, workers (us): 313, ---, ---, 
[220.689s][info][gc,stats    ]     CWR: VM Weak Roots               65 us, workers (us):  65, ---, ---, 
[220.689s][info][gc,stats    ]     CWR: CLDG Roots                   5 us, workers (us):   5, ---, ---, 
[220.689s][info][gc,stats    ]   Rendezvous                         50 us
[220.689s][info][gc,stats    ] Concurrent Cleanup                   41 us
[220.689s][info][gc,stats    ] Concurrent Class Unloading         1957 us
[220.689s][info][gc,stats    ]   Unlink Stale                     1739 us
[220.689s][info][gc,stats    ]     System Dictionary                 3 us
[220.689s][info][gc,stats    ]     Weak Class Links                  0 us
[220.690s][info][gc,stats    ]     Code Roots                     1735 us
[220.690s][info][gc,stats    ]   Rendezvous                         59 us
[220.690s][info][gc,stats    ]   Purge Unlinked                    110 us
[220.690s][info][gc,stats    ]     Code Roots                      105 us
[220.690s][info][gc,stats    ]     CLDG                              5 us
[220.690s][info][gc,stats    ]     Exception Caches                  0 us
[220.690s][info][gc,stats    ] Pause Final Roots (G)                79 us
[220.690s][info][gc,stats    ] Pause Final Roots (N)                28 us
[220.690s][info][gc,stats    ] 
[220.690s][info][gc,stats    ] Allocation pacing accrued:
[220.690s][info][gc,stats    ]       0 of   711 ms (  0.0%): <total>
[220.690s][info][gc,stats    ]       0 of   711 ms (  0.0%): <average total>
[220.690s][info][gc,stats    ] 
[220.690s][info][gc,metaspace] Metaspace: 9056K(9280K)->9056K(9280K) NonClass: 7884K(8000K)->7884K(8000K) Class: 1171K(1280K)->1171K(1280K)
[220.690s][info][gc,ergo     ] Pacer for Idle. Initial: 163M, Alloc Tax Rate: 1.0x
[221.606s][info][gc          ] Trigger: Learning 2 of 5. Free (5700M) is below initial threshold (5734M)
[221.606s][info][gc,ergo     ] Free: 5700M, Max: 4096K regular, 5700M humongous, Frag: 0% external, 0% internal; Reserve: 412M, Max: 4096K
[221.606s][info][gc,start    ] GC(253) Concurrent reset
[221.606s][info][gc,task     ] GC(253) Using 1 of 3 workers for concurrent reset
[221.606s][info][gc,ergo     ] GC(253) Pacer for Reset. Non-Taxable: 8192M
[221.607s][info][gc          ] GC(253) Concurrent reset 0.503ms
[221.607s][info][gc,start    ] GC(253) Pause Init Mark (unload classes)
[221.607s][info][gc,task     ] GC(253) Using 3 of 3 workers for init marking
[221.607s][info][gc,ergo     ] GC(253) Pacer for Mark. Expected Live: 10662K, Free: 5700M, Non-Taxable: 570M, Alloc Tax Rate: 0.0x
[221.607s][info][gc          ] GC(253) Pause Init Mark (unload classes) 0.223ms
[221.607s][info][gc,start    ] GC(253) Concurrent marking roots
[221.607s][info][gc,task     ] GC(253) Using 1 of 3 workers for concurrent marking roots
[221.608s][info][gc          ] GC(253) Concurrent marking roots 0.751ms
[221.608s][info][gc,start    ] GC(253) Concurrent marking (unload classes)
[221.608s][info][gc,task     ] GC(253) Using 1 of 3 workers for concurrent marking
[221.622s][info][gc          ] GC(253) Concurrent marking (unload classes) 13.588ms
[221.622s][info][gc,start    ] GC(253) Pause Final Mark (unload classes)
[221.622s][info][gc,task     ] GC(253) Using 3 of 3 workers for final marking
[221.622s][info][gc,ergo     ] GC(253) Collectable Garbage: 1960M (94%), Immediate: 1960M (94%), CSet: 0B (0%)
[221.622s][info][gc          ] GC(253) Pause Final Mark (unload classes) 0.197ms
[221.622s][info][gc,start    ] GC(253) Concurrent weak references
[221.622s][info][gc,task     ] GC(253) Using 1 of 3 workers for concurrent weak references
[221.622s][info][gc,ref      ] GC(253) Encountered references: Soft: 144, Weak: 702, Final: 0, Phantom: 27
[221.622s][info][gc,ref      ] GC(253) Discovered  references: Soft: 0, Weak: 150, Final: 0, Phantom: 12
[221.622s][info][gc,ref      ] GC(253) Enqueued    references: Soft: 0, Weak: 0, Final: 0, Phantom: 0
[221.622s][info][gc          ] GC(253) Concurrent weak references 0.091ms
[221.622s][info][gc,start    ] GC(253) Concurrent weak roots
[221.622s][info][gc,task     ] GC(253) Using 1 of 3 workers for concurrent weak root
[221.623s][info][gc          ] GC(253) Concurrent weak roots 0.612ms
[221.623s][info][gc,start    ] GC(253) Concurrent cleanup
[221.623s][info][gc          ] GC(253) Concurrent cleanup 2111M->151M(8192M) 0.049ms
[221.623s][info][gc,ergo     ] GC(253) Free: 7628M, Max: 4096K regular, 5668M humongous, Frag: 26% external, 0% internal; Reserve: 412M, Max: 4096K
[221.623s][info][gc,start    ] GC(253) Concurrent class unloading
[221.623s][info][gc,task     ] GC(253) Using 1 of 3 workers for concurrent class unloading
[221.625s][info][gc          ] GC(253) Concurrent class unloading 2.225ms
[221.625s][info][gc,start    ] GC(253) Pause Final Roots
[221.625s][info][gc          ] GC(253) Pause Final Roots 0.045ms
[221.625s][info][gc,ergo     ] Free: 7624M, Max: 4096K regular, 5668M humongous, Frag: 26% external, 0% internal; Reserve: 412M, Max: 4096K
[221.625s][info][gc,stats    ] 
[221.625s][info][gc,stats    ] All times are wall-clock times, except per-root-class counters, that are sum over
[221.625s][info][gc,stats    ] all workers. Dividing the <total> over the root stage time estimates parallelism.
[221.625s][info][gc,stats    ] 
[221.625s][info][gc,stats    ] Concurrent Reset                    543 us
[221.625s][info][gc,stats    ] Pause Init Mark (G)                 406 us
[221.625s][info][gc,stats    ] Pause Init Mark (N)                 242 us
[221.625s][info][gc,stats    ]   Update Region States               92 us
[221.625s][info][gc,stats    ] Concurrent Mark Roots               795 us, parallelism: 0.81x
[221.625s][info][gc,stats    ]   CMR: <total>                      646 us
[221.625s][info][gc,stats    ]   CMR: Thread Roots                 570 us, workers (us): 570, ---, ---, 
[221.625s][info][gc,stats    ]   CMR: VM Strong Roots                7 us, workers (us):   7, ---, ---, 
[221.625s][info][gc,stats    ]   CMR: CLDG Roots                    69 us, workers (us):  69, ---, ---, 
[221.625s][info][gc,stats    ] Concurrent Marking                13646 us
[221.626s][info][gc,stats    ] Pause Final Mark (G)                282 us
[221.626s][info][gc,stats    ] Pause Final Mark (N)                207 us
[221.626s][info][gc,stats    ]   Finish Mark                        55 us
[221.626s][info][gc,stats    ]   Update Region States               38 us
[221.626s][info][gc,stats    ]   Choose Collection Set              43 us
[221.626s][info][gc,stats    ]   Rebuild Free Set                    8 us
[221.626s][info][gc,stats    ] Concurrent Weak References           99 us, parallelism: 0.09x
[221.626s][info][gc,stats    ]   CWRF: <total>                       9 us
[221.626s][info][gc,stats    ]   CWRF: Weak References               9 us, workers (us):   9, ---, ---, 
[221.626s][info][gc,stats    ] Concurrent Weak Roots               639 us
[221.626s][info][gc,stats    ]   Roots                             553 us, parallelism: 0.94x
[221.626s][info][gc,stats    ]     CWR: <total>                    520 us
[221.626s][info][gc,stats    ]     CWR: Code Cache Roots           447 us, workers (us): 447, ---, ---, 
[221.626s][info][gc,stats    ]     CWR: VM Weak Roots               67 us, workers (us):  67, ---, ---, 
[221.626s][info][gc,stats    ]     CWR: CLDG Roots                   6 us, workers (us):   6, ---, ---, 
[221.626s][info][gc,stats    ]   Rendezvous                         41 us
[221.626s][info][gc,stats    ] Concurrent Cleanup                   57 us
[221.626s][info][gc,stats    ] Concurrent Class Unloading         2277 us
[221.626s][info][gc,stats    ]   Unlink Stale                     2047 us
[221.626s][info][gc,stats    ]     System Dictionary                 6 us
[221.626s][info][gc,stats    ]     Weak Class Links                  0 us
[221.626s][info][gc,stats    ]     Code Roots                     2039 us
[221.626s][info][gc,stats    ]   Rendezvous                         74 us
[221.626s][info][gc,stats    ]   Purge Unlinked                     85 us
[221.626s][info][gc,stats    ]     Code Roots                       80 us
[221.626s][info][gc,stats    ]     CLDG                              5 us
[221.626s][info][gc,stats    ]     Exception Caches                  0 us
[221.626s][info][gc,stats    ] Pause Final Roots (G)               130 us
[221.626s][info][gc,stats    ] Pause Final Roots (N)                55 us
[221.626s][info][gc,stats    ] 
[221.626s][info][gc,stats    ] Allocation pacing accrued:
[221.626s][info][gc,stats    ]       0 of   936 ms (  0.0%): <total>
[221.626s][info][gc,stats    ]       0 of   936 ms (  0.0%): <average total>
[221.626s][info][gc,stats    ] 
[221.626s][info][gc,metaspace] Metaspace: 9057K(9280K)->9057K(9280K) NonClass: 7885K(8000K)->7885K(8000K) Class: 1171K(1280K)->1171K(1280K)
[221.626s][info][gc,ergo     ] Pacer for Idle. Initial: 163M, Alloc Tax Rate: 1.0x
[222.501s][info][gc          ] Trigger: Learning 3 of 5. Free (5712M) is below initial threshold (5734M)
[222.501s][info][gc,ergo     ] Free: 5712M, Max: 4096K regular, 5668M humongous, Frag: 1% external, 0% internal; Reserve: 412M, Max: 4096K
[222.501s][info][gc,start    ] GC(254) Concurrent reset
[222.501s][info][gc,task     ] GC(254) Using 1 of 3 workers for concurrent reset
[222.501s][info][gc,ergo     ] GC(254) Pacer for Reset. Non-Taxable: 8192M
[222.502s][info][gc          ] GC(254) Concurrent reset 0.754ms
[222.502s][info][gc,start    ] GC(254) Pause Init Mark (unload classes)
[222.502s][info][gc,task     ] GC(254) Using 3 of 3 workers for init marking
[222.502s][info][gc,ergo     ] GC(254) Pacer for Mark. Expected Live: 11966K, Free: 5708M, Non-Taxable: 570M, Alloc Tax Rate: 0.0x
[222.502s][info][gc          ] GC(254) Pause Init Mark (unload classes) 0.160ms
[222.502s][info][gc,start    ] GC(254) Concurrent marking roots
[222.502s][info][gc,task     ] GC(254) Using 1 of 3 workers for concurrent marking roots
[222.503s][info][gc          ] GC(254) Concurrent marking roots 0.461ms
[222.503s][info][gc,start    ] GC(254) Concurrent marking (unload classes)
[222.503s][info][gc,task     ] GC(254) Using 1 of 3 workers for concurrent marking
[222.525s][info][gc          ] GC(254) Concurrent marking (unload classes) 22.059ms
[222.525s][info][gc,start    ] GC(254) Pause Final Mark (unload classes)
[222.525s][info][gc,task     ] GC(254) Using 3 of 3 workers for final marking
[222.525s][info][gc,ergo     ] GC(254) Collectable Garbage: 1920M (93%), Immediate: 1920M (93%), CSet: 0B (0%)
[222.525s][info][gc          ] GC(254) Pause Final Mark (unload classes) 0.230ms
[222.525s][info][gc,start    ] GC(254) Concurrent weak references
[222.525s][info][gc,task     ] GC(254) Using 1 of 3 workers for concurrent weak references
[222.525s][info][gc,ref      ] GC(254) Encountered references: Soft: 144, Weak: 702, Final: 0, Phantom: 27
[222.525s][info][gc,ref      ] GC(254) Discovered  references: Soft: 0, Weak: 150, Final: 0, Phantom: 12
[222.525s][info][gc,ref      ] GC(254) Enqueued    references: Soft: 0, Weak: 0, Final: 0, Phantom: 0
[222.525s][info][gc          ] GC(254) Concurrent weak references 0.195ms
[222.525s][info][gc,start    ] GC(254) Concurrent weak roots
[222.525s][info][gc,task     ] GC(254) Using 1 of 3 workers for concurrent weak root
[222.526s][info][gc          ] GC(254) Concurrent weak roots 0.673ms
[222.526s][info][gc,start    ] GC(254) Concurrent cleanup
[222.526s][info][gc          ] GC(254) Concurrent cleanup 2123M->203M(8192M) 0.042ms
[222.526s][info][gc,ergo     ] GC(254) Free: 7576M, Max: 4096K regular, 5656M humongous, Frag: 26% external, 0% internal; Reserve: 412M, Max: 4096K
[222.526s][info][gc,start    ] GC(254) Concurrent class unloading
[222.526s][info][gc,task     ] GC(254) Using 1 of 3 workers for concurrent class unloading
[222.528s][info][gc          ] GC(254) Concurrent class unloading 2.467ms
[222.529s][info][gc,start    ] GC(254) Pause Final Roots
[222.529s][info][gc          ] GC(254) Pause Final Roots 0.045ms
[222.529s][info][gc,ergo     ] Free: 7576M, Max: 4096K regular, 5656M humongous, Frag: 26% external, 0% internal; Reserve: 412M, Max: 4096K
[222.529s][info][gc,stats    ] 
[222.529s][info][gc,stats    ] All times are wall-clock times, except per-root-class counters, that are sum over
[222.529s][info][gc,stats    ] all workers. Dividing the <total> over the root stage time estimates parallelism.
[222.529s][info][gc,stats    ] 
[222.529s][info][gc,stats    ] Concurrent Reset                    812 us
[222.529s][info][gc,stats    ] Pause Init Mark (G)                 313 us
[222.529s][info][gc,stats    ] Pause Init Mark (N)                 177 us
[222.529s][info][gc,stats    ]   Update Region States               74 us
[222.529s][info][gc,stats    ] Concurrent Mark Roots               482 us, parallelism: 0.71x
[222.529s][info][gc,stats    ]   CMR: <total>                      343 us
[222.529s][info][gc,stats    ]   CMR: Thread Roots                 301 us, workers (us): 301, ---, ---, 
[222.529s][info][gc,stats    ]   CMR: VM Strong Roots                5 us, workers (us):   5, ---, ---, 
[222.529s][info][gc,stats    ]   CMR: CLDG Roots                    37 us, workers (us):  37, ---, ---, 
[222.529s][info][gc,stats    ] Concurrent Marking                22127 us
[222.529s][info][gc,stats    ] Pause Final Mark (G)                353 us
[222.529s][info][gc,stats    ] Pause Final Mark (N)                239 us
[222.529s][info][gc,stats    ]   Finish Mark                        85 us
[222.529s][info][gc,stats    ]   Update Region States               55 us
[222.529s][info][gc,stats    ]   Choose Collection Set              40 us
[222.529s][info][gc,stats    ]   Rebuild Free Set                    8 us
[222.529s][info][gc,stats    ] Concurrent Weak References          211 us, parallelism: 0.04x
[222.529s][info][gc,stats    ]   CWRF: <total>                       8 us
[222.529s][info][gc,stats    ]   CWRF: Weak References               8 us, workers (us):   8, ---, ---, 
[222.529s][info][gc,stats    ] Concurrent Weak Roots               692 us
[222.529s][info][gc,stats    ]   Roots                             563 us, parallelism: 0.87x
[222.529s][info][gc,stats    ]     CWR: <total>                    488 us
[222.529s][info][gc,stats    ]     CWR: Code Cache Roots           367 us, workers (us): 367, ---, ---, 
[222.529s][info][gc,stats    ]     CWR: VM Weak Roots              115 us, workers (us): 115, ---, ---, 
[222.529s][info][gc,stats    ]     CWR: CLDG Roots                   7 us, workers (us):   7, ---, ---, 
[222.529s][info][gc,stats    ]   Rendezvous                         79 us
[222.529s][info][gc,stats    ] Concurrent Cleanup                   50 us
[222.529s][info][gc,stats    ] Concurrent Class Unloading         2530 us
[222.529s][info][gc,stats    ]   Unlink Stale                     2098 us
[222.529s][info][gc,stats    ]     System Dictionary                 3 us
[222.529s][info][gc,stats    ]     Weak Class Links                  0 us
[222.529s][info][gc,stats    ]     Code Roots                     2093 us
[222.529s][info][gc,stats    ]   Rendezvous                        142 us
[222.529s][info][gc,stats    ]   Purge Unlinked                    207 us
[222.529s][info][gc,stats    ]     Code Roots                      194 us
[222.529s][info][gc,stats    ]     CLDG                             11 us
[222.529s][info][gc,stats    ]     Exception Caches                  0 us
[222.529s][info][gc,stats    ] Pause Final Roots (G)               188 us
[222.529s][info][gc,stats    ] Pause Final Roots (N)                63 us
[222.529s][info][gc,stats    ] 
[222.529s][info][gc,stats    ] Allocation pacing accrued:
[222.529s][info][gc,stats    ]       0 of   904 ms (  0.0%): <total>
[222.529s][info][gc,stats    ]       0 of   904 ms (  0.0%): <average total>
[222.529s][info][gc,stats    ] 
[222.529s][info][gc,metaspace] Metaspace: 9057K(9280K)->9057K(9280K) NonClass: 7885K(8000K)->7885K(8000K) Class: 1171K(1280K)->1171K(1280K)
[222.529s][info][gc,ergo     ] Pacer for Idle. Initial: 163M, Alloc Tax Rate: 1.0x
[223.411s][info][gc          ] Trigger: Learning 4 of 5. Free (5724M) is below initial threshold (5734M)
[223.412s][info][gc,ergo     ] Free: 5720M, Max: 4096K regular, 5656M humongous, Frag: 2% external, 0% internal; Reserve: 412M, Max: 4096K
[223.412s][info][gc,start    ] GC(255) Concurrent reset
[223.412s][info][gc,task     ] GC(255) Using 1 of 3 workers for concurrent reset
[223.412s][info][gc,ergo     ] GC(255) Pacer for Reset. Non-Taxable: 8192M
[223.412s][info][gc          ] GC(255) Concurrent reset 0.858ms
[223.413s][info][gc,start    ] GC(255) Pause Init Mark (unload classes)
[223.413s][info][gc,task     ] GC(255) Using 3 of 3 workers for init marking
[223.413s][info][gc,ergo     ] GC(255) Pacer for Mark. Expected Live: 13193K, Free: 5720M, Non-Taxable: 572M, Alloc Tax Rate: 0.0x
[223.413s][info][gc          ] GC(255) Pause Init Mark (unload classes) 0.197ms
[223.413s][info][gc,start    ] GC(255) Concurrent marking roots
[223.413s][info][gc,task     ] GC(255) Using 1 of 3 workers for concurrent marking roots
[223.413s][info][gc          ] GC(255) Concurrent marking roots 0.451ms
[223.413s][info][gc,start    ] GC(255) Concurrent marking (unload classes)
[223.413s][info][gc,task     ] GC(255) Using 1 of 3 workers for concurrent marking
[223.443s][info][gc          ] GC(255) Concurrent marking (unload classes) 29.843ms
[223.443s][info][gc,start    ] GC(255) Pause Final Mark (unload classes)
[223.443s][info][gc,task     ] GC(255) Using 3 of 3 workers for final marking
[223.444s][info][gc,ergo     ] GC(255) Collectable Garbage: 1915M (93%), Immediate: 1915M (93%), CSet: 0B (0%)
[223.444s][info][gc          ] GC(255) Pause Final Mark (unload classes) 0.355ms
[223.444s][info][gc,start    ] GC(255) Concurrent weak references
[223.444s][info][gc,task     ] GC(255) Using 1 of 3 workers for concurrent weak references
[223.444s][info][gc,ref      ] GC(255) Encountered references: Soft: 144, Weak: 702, Final: 0, Phantom: 27
[223.444s][info][gc,ref      ] GC(255) Discovered  references: Soft: 0, Weak: 150, Final: 0, Phantom: 12
[223.444s][info][gc,ref      ] GC(255) Enqueued    references: Soft: 0, Weak: 0, Final: 0, Phantom: 0
[223.444s][info][gc          ] GC(255) Concurrent weak references 0.207ms
[223.444s][info][gc,start    ] GC(255) Concurrent weak roots
[223.444s][info][gc,task     ] GC(255) Using 1 of 3 workers for concurrent weak root
[223.445s][info][gc          ] GC(255) Concurrent weak roots 0.575ms
[223.445s][info][gc,start    ] GC(255) Concurrent cleanup
[223.445s][info][gc          ] GC(255) Concurrent cleanup 2115M->199M(8192M) 0.043ms
[223.445s][info][gc,ergo     ] GC(255) Free: 7580M, Max: 4096K regular, 5680M humongous, Frag: 26% external, 0% internal; Reserve: 412M, Max: 4096K
[223.445s][info][gc,start    ] GC(255) Concurrent class unloading
[223.445s][info][gc,task     ] GC(255) Using 1 of 3 workers for concurrent class unloading
[223.447s][info][gc          ] GC(255) Concurrent class unloading 2.171ms
[223.447s][info][gc,start    ] GC(255) Pause Final Roots
[223.447s][info][gc          ] GC(255) Pause Final Roots 0.042ms
[223.447s][info][gc,ergo     ] Free: 7576M, Max: 4096K regular, 5680M humongous, Frag: 26% external, 0% internal; Reserve: 412M, Max: 4096K
[223.447s][info][gc,stats    ] 
[223.447s][info][gc,stats    ] All times are wall-clock times, except per-root-class counters, that are sum over
[223.447s][info][gc,stats    ] all workers. Dividing the <total> over the root stage time estimates parallelism.
[223.447s][info][gc,stats    ] 
[223.447s][info][gc,stats    ] Concurrent Reset                    919 us
[223.447s][info][gc,stats    ] Pause Init Mark (G)                 384 us
[223.447s][info][gc,stats    ] Pause Init Mark (N)                 215 us
[223.447s][info][gc,stats    ]   Update Region States               93 us
[223.447s][info][gc,stats    ] Concurrent Mark Roots               468 us, parallelism: 0.74x
[223.447s][info][gc,stats    ]   CMR: <total>                      347 us
[223.447s][info][gc,stats    ]   CMR: Thread Roots                 303 us, workers (us): 303, ---, ---, 
[223.447s][info][gc,stats    ]   CMR: VM Strong Roots                6 us, workers (us):   6, ---, ---, 
[223.447s][info][gc,stats    ]   CMR: CLDG Roots                    38 us, workers (us):  38, ---, ---, 
[223.447s][info][gc,stats    ] Concurrent Marking                29911 us
[223.447s][info][gc,stats    ] Pause Final Mark (G)                517 us
[223.447s][info][gc,stats    ] Pause Final Mark (N)                375 us
[223.447s][info][gc,stats    ]   Finish Mark                       109 us
[223.447s][info][gc,stats    ]   Update Region States               89 us
[223.447s][info][gc,stats    ]   Choose Collection Set              64 us
[223.447s][info][gc,stats    ]   Rebuild Free Set                   17 us
[223.447s][info][gc,stats    ] Concurrent Weak References          223 us, parallelism: 0.02x
[223.447s][info][gc,stats    ]   CWRF: <total>                       4 us
[223.447s][info][gc,stats    ]   CWRF: Weak References               4 us, workers (us):   4, ---, ---, 
[223.447s][info][gc,stats    ] Concurrent Weak Roots               593 us
[223.447s][info][gc,stats    ]   Roots                             488 us, parallelism: 0.88x
[223.447s][info][gc,stats    ]     CWR: <total>                    430 us
[223.447s][info][gc,stats    ]     CWR: Code Cache Roots           357 us, workers (us): 357, ---, ---, 
[223.447s][info][gc,stats    ]     CWR: VM Weak Roots               68 us, workers (us):  68, ---, ---, 
[223.447s][info][gc,stats    ]     CWR: CLDG Roots                   6 us, workers (us):   6, ---, ---, 
[223.447s][info][gc,stats    ]   Rendezvous                         54 us
[223.447s][info][gc,stats    ] Concurrent Cleanup                   51 us
[223.447s][info][gc,stats    ] Concurrent Class Unloading         2218 us
[223.447s][info][gc,stats    ]   Unlink Stale                     1948 us
[223.447s][info][gc,stats    ]     System Dictionary                 3 us
[223.447s][info][gc,stats    ]     Weak Class Links                  0 us
[223.447s][info][gc,stats    ]     Code Roots                     1943 us
[223.447s][info][gc,stats    ]   Rendezvous                        100 us
[223.447s][info][gc,stats    ]   Purge Unlinked                    105 us
[223.447s][info][gc,stats    ]     Code Roots                       96 us
[223.447s][info][gc,stats    ]     CLDG                              8 us
[223.447s][info][gc,stats    ]     Exception Caches                  0 us
[223.447s][info][gc,stats    ] Pause Final Roots (G)               183 us
[223.447s][info][gc,stats    ] Pause Final Roots (N)                60 us
[223.447s][info][gc,stats    ] 
[223.447s][info][gc,stats    ] Allocation pacing accrued:
[223.447s][info][gc,stats    ]       0 of   918 ms (  0.0%): <total>
[223.447s][info][gc,stats    ]       0 of   918 ms (  0.0%): <average total>
[223.447s][info][gc,stats    ] 
[223.448s][info][gc,metaspace] Metaspace: 9057K(9280K)->9057K(9280K) NonClass: 7885K(8000K)->7885K(8000K) Class: 1171K(1280K)->1171K(1280K)
[223.448s][info][gc,ergo     ] Pacer for Idle. Initial: 163M, Alloc Tax Rate: 1.0x
[224.148s][info][gc          ] Trigger: Explicit GC request (System.gc())
[224.149s][info][gc,ergo     ] Free: 6688M, Max: 4096K regular, 5680M humongous, Frag: 16% external, 0% internal; Reserve: 412M, Max: 4096K
[224.149s][info][gc,start    ] GC(256) Concurrent reset
[224.149s][info][gc,task     ] GC(256) Using 1 of 3 workers for concurrent reset
[224.149s][info][gc,ergo     ] GC(256) Pacer for Reset. Non-Taxable: 8192M
[224.150s][info][gc          ] GC(256) Concurrent reset 0.981ms
[224.150s][info][gc,start    ] GC(256) Pause Init Mark (unload classes)
[224.150s][info][gc,task     ] GC(256) Using 3 of 3 workers for init marking
[224.150s][info][gc,ref      ] GC(256) Clearing All SoftReferences
[224.150s][info][gc,ergo     ] GC(256) Pacer for Mark. Expected Live: 14442K, Free: 6688M, Non-Taxable: 668M, Alloc Tax Rate: 0.0x
[224.150s][info][gc          ] GC(256) Pause Init Mark (unload classes) 0.113ms
[224.150s][info][gc,start    ] GC(256) Concurrent marking roots
[224.150s][info][gc,task     ] GC(256) Using 1 of 3 workers for concurrent marking roots
[224.150s][info][gc          ] GC(256) Concurrent marking roots 0.422ms
[224.150s][info][gc,start    ] GC(256) Concurrent marking (unload classes)
[224.150s][info][gc,task     ] GC(256) Using 1 of 3 workers for concurrent marking
[224.154s][info][gc          ] GC(256) Concurrent marking (unload classes) 3.967ms
[224.154s][info][gc,start    ] GC(256) Pause Final Mark (unload classes)
[224.154s][info][gc,task     ] GC(256) Using 3 of 3 workers for final marking
[224.155s][info][gc,ergo     ] GC(256) Collectable Garbage: 1015M (93%), Immediate: 1015M (93%), CSet: 0B (0%)
[224.155s][info][gc          ] GC(256) Pause Final Mark (unload classes) 0.220ms
[224.155s][info][gc,start    ] GC(256) Concurrent weak references
[224.155s][info][gc,task     ] GC(256) Using 1 of 3 workers for concurrent weak references
[224.155s][info][gc,ref      ] GC(256) Encountered references: Soft: 144, Weak: 702, Final: 0, Phantom: 27
[224.155s][info][gc,ref      ] GC(256) Discovered  references: Soft: 89, Weak: 168, Final: 0, Phantom: 25
[224.155s][info][gc,ref      ] GC(256) Enqueued    references: Soft: 3, Weak: 0, Final: 0, Phantom: 0
[224.155s][info][gc          ] GC(256) Concurrent weak references 0.139ms
[224.155s][info][gc,start    ] GC(256) Concurrent weak roots
[224.155s][info][gc,task     ] GC(256) Using 1 of 3 workers for concurrent weak root
[224.155s][info][gc          ] GC(256) Concurrent weak roots 0.479ms
[224.155s][info][gc,start    ] GC(256) Concurrent cleanup
[224.155s][info][gc          ] GC(256) Concurrent cleanup 1091M->76M(8192M) 0.032ms
[224.155s][info][gc,ergo     ] GC(256) Free: 7704M, Max: 4096K regular, 6800M humongous, Frag: 12% external, 0% internal; Reserve: 412M, Max: 4096K
[224.155s][info][gc,start    ] GC(256) Concurrent class unloading
[224.155s][info][gc,task     ] GC(256) Using 1 of 3 workers for concurrent class unloading
[224.158s][info][gc          ] GC(256) Concurrent class unloading 2.205ms
[224.158s][info][gc,start    ] GC(256) Pause Final Roots
[224.158s][info][gc          ] GC(256) Pause Final Roots 0.026ms
[224.158s][info][gc,ergo     ] Free: 7704M, Max: 4096K regular, 6800M humongous, Frag: 12% external, 0% internal; Reserve: 412M, Max: 4096K
[224.158s][info][gc,stats    ] 
[224.158s][info][gc,stats    ] All times are wall-clock times, except per-root-class counters, that are sum over
[224.158s][info][gc,stats    ] all workers. Dividing the <total> over the root stage time estimates parallelism.
[224.158s][info][gc,stats    ] 
[224.158s][info][gc,stats    ] Concurrent Reset                   1036 us
[224.158s][info][gc,stats    ] Pause Init Mark (G)                 191 us
[224.158s][info][gc,stats    ] Pause Init Mark (N)                 121 us
[224.158s][info][gc,stats    ]   Update Region States               51 us
[224.158s][info][gc,stats    ] Concurrent Mark Roots               442 us, parallelism: 0.74x
[224.158s][info][gc,stats    ]   CMR: <total>                      329 us
[224.158s][info][gc,stats    ]   CMR: Thread Roots                 289 us, workers (us): 289, ---, ---, 
[224.158s][info][gc,stats    ]   CMR: VM Strong Roots                5 us, workers (us):   5, ---, ---, 
[224.158s][info][gc,stats    ]   CMR: CLDG Roots                    35 us, workers (us):  35, ---, ---, 
[224.158s][info][gc,stats    ] Concurrent Marking                 4030 us
[224.158s][info][gc,stats    ] Pause Final Mark (G)                300 us
[224.158s][info][gc,stats    ] Pause Final Mark (N)                229 us
[224.158s][info][gc,stats    ]   Finish Mark                        89 us
[224.158s][info][gc,stats    ]   Update Region States               57 us
[224.158s][info][gc,stats    ]   Choose Collection Set              34 us
[224.158s][info][gc,stats    ]   Rebuild Free Set                    9 us
[224.158s][info][gc,stats    ] Concurrent Weak References          146 us, parallelism: 0.07x
[224.158s][info][gc,stats    ]   CWRF: <total>                      10 us
[224.158s][info][gc,stats    ]   CWRF: Weak References              10 us, workers (us):  10, ---, ---, 
[224.158s][info][gc,stats    ] Concurrent Weak Roots               498 us
[224.158s][info][gc,stats    ]   Roots                             433 us, parallelism: 0.88x
[224.158s][info][gc,stats    ]     CWR: <total>                    379 us
[224.158s][info][gc,stats    ]     CWR: Code Cache Roots           312 us, workers (us): 312, ---, ---, 
[224.158s][info][gc,stats    ]     CWR: VM Weak Roots               63 us, workers (us):  63, ---, ---, 
[224.158s][info][gc,stats    ]     CWR: CLDG Roots                   5 us, workers (us):   5, ---, ---, 
[224.158s][info][gc,stats    ]   Rendezvous                         31 us
[224.158s][info][gc,stats    ] Concurrent Cleanup                   40 us
[224.158s][info][gc,stats    ] Concurrent Class Unloading         2258 us
[224.158s][info][gc,stats    ]   Unlink Stale                     1980 us
[224.158s][info][gc,stats    ]     System Dictionary                 3 us
[224.158s][info][gc,stats    ]     Weak Class Links                  0 us
[224.158s][info][gc,stats    ]     Code Roots                     1976 us
[224.158s][info][gc,stats    ]   Rendezvous                         50 us
[224.158s][info][gc,stats    ]   Purge Unlinked                    156 us
[224.158s][info][gc,stats    ]     Code Roots                      146 us
[224.158s][info][gc,stats    ]     CLDG                              9 us
[224.158s][info][gc,stats    ]     Exception Caches                  0 us
[224.158s][info][gc,stats    ] Pause Final Roots (G)               105 us
[224.158s][info][gc,stats    ] Pause Final Roots (N)                35 us
[224.158s][info][gc,stats    ] 
[224.158s][info][gc,stats    ] Allocation pacing accrued:
[224.158s][info][gc,stats    ]       0 of   711 ms (  0.0%): <total>
[224.158s][info][gc,stats    ]       0 of   711 ms (  0.0%): <average total>
[224.158s][info][gc,stats    ] 
[224.158s][info][gc,metaspace] Metaspace: 9074K(9280K)->9074K(9280K) NonClass: 7902K(8000K)->7902K(8000K) Class: 1171K(1280K)->1171K(1280K)
[224.158s][info][gc,ergo     ] Pacer for Idle. Initial: 163M, Alloc Tax Rate: 1.0x
[225.075s][info][gc          ] Trigger: Learning 2 of 5. Free (5716M) is below initial threshold (5734M)
[225.076s][info][gc,ergo     ] Free: 5716M, Max: 4096K regular, 5716M humongous, Frag: 0% external, 0% internal; Reserve: 412M, Max: 4096K
[225.076s][info][gc,start    ] GC(257) Concurrent reset
[225.076s][info][gc,task     ] GC(257) Using 1 of 3 workers for concurrent reset
[225.076s][info][gc,ergo     ] GC(257) Pacer for Reset. Non-Taxable: 8192M
[225.076s][info][gc          ] GC(257) Concurrent reset 0.533ms
[225.076s][info][gc,start    ] GC(257) Pause Init Mark (unload classes)
[225.076s][info][gc,task     ] GC(257) Using 3 of 3 workers for init marking
[225.077s][info][gc,ergo     ] GC(257) Pacer for Mark. Expected Live: 10686K, Free: 5712M, Non-Taxable: 571M, Alloc Tax Rate: 0.0x
[225.077s][info][gc          ] GC(257) Pause Init Mark (unload classes) 0.173ms
[225.077s][info][gc,start    ] GC(257) Concurrent marking roots
[225.077s][info][gc,task     ] GC(257) Using 1 of 3 workers for concurrent marking roots
[225.077s][info][gc          ] GC(257) Concurrent marking roots 0.774ms
[225.077s][info][gc,start    ] GC(257) Concurrent marking (unload classes)
[225.077s][info][gc,task     ] GC(257) Using 1 of 3 workers for concurrent marking
[225.090s][info][gc          ] GC(257) Concurrent marking (unload classes) 12.620ms
[225.090s][info][gc,start    ] GC(257) Pause Final Mark (unload classes)
[225.090s][info][gc,task     ] GC(257) Using 3 of 3 workers for final marking
[225.090s][info][gc,ergo     ] GC(257) Collectable Garbage: 1944M (94%), Immediate: 1944M (94%), CSet: 0B (0%)
[225.090s][info][gc          ] GC(257) Pause Final Mark (unload classes) 0.289ms
[225.091s][info][gc,start    ] GC(257) Concurrent weak references
[225.091s][info][gc,task     ] GC(257) Using 1 of 3 workers for concurrent weak references
[225.091s][info][gc,ref      ] GC(257) Encountered references: Soft: 144, Weak: 702, Final: 0, Phantom: 27
[225.091s][info][gc,ref      ] GC(257) Discovered  references: Soft: 0, Weak: 150, Final: 0, Phantom: 12
[225.091s][info][gc,ref      ] GC(257) Enqueued    references: Soft: 0, Weak: 0, Final: 0, Phantom: 0
[225.091s][info][gc          ] GC(257) Concurrent weak references 0.097ms
[225.091s][info][gc,start    ] GC(257) Concurrent weak roots
[225.091s][info][gc,task     ] GC(257) Using 1 of 3 workers for concurrent weak root
[225.091s][info][gc          ] GC(257) Concurrent weak roots 0.578ms
[225.091s][info][gc,start    ] GC(257) Concurrent cleanup
[225.091s][info][gc          ] GC(257) Concurrent cleanup 2099M->155M(8192M) 0.042ms
[225.091s][info][gc,ergo     ] GC(257) Free: 7624M, Max: 4096K regular, 5680M humongous, Frag: 26% external, 0% internal; Reserve: 412M, Max: 4096K
[225.091s][info][gc,start    ] GC(257) Concurrent class unloading
[225.091s][info][gc,task     ] GC(257) Using 1 of 3 workers for concurrent class unloading
[225.093s][info][gc          ] GC(257) Concurrent class unloading 2.052ms
[225.093s][info][gc,start    ] GC(257) Pause Final Roots
[225.093s][info][gc          ] GC(257) Pause Final Roots 0.027ms
[225.094s][info][gc,ergo     ] Free: 7620M, Max: 4096K regular, 5680M humongous, Frag: 26% external, 0% internal; Reserve: 412M, Max: 4096K
[225.094s][info][gc,stats    ] 
[225.094s][info][gc,stats    ] All times are wall-clock times, except per-root-class counters, that are sum over
[225.094s][info][gc,stats    ] all workers. Dividing the <total> over the root stage time estimates parallelism.
[225.094s][info][gc,stats    ] 
[225.094s][info][gc,stats    ] Concurrent Reset                    601 us
[225.094s][info][gc,stats    ] Pause Init Mark (G)                 367 us
[225.094s][info][gc,stats    ] Pause Init Mark (N)                 190 us
[225.094s][info][gc,stats    ]   Update Region States               71 us
[225.094s][info][gc,stats    ] Concurrent Mark Roots               793 us, parallelism: 0.80x
[225.094s][info][gc,stats    ]   CMR: <total>                      636 us
[225.094s][info][gc,stats    ]   CMR: Thread Roots                 569 us, workers (us): 569, ---, ---, 
[225.094s][info][gc,stats    ]   CMR: VM Strong Roots                7 us, workers (us):   7, ---, ---, 
[225.094s][info][gc,stats    ]   CMR: CLDG Roots                    61 us, workers (us):  61, ---, ---, 
[225.094s][info][gc,stats    ] Concurrent Marking                12689 us
[225.094s][info][gc,stats    ] Pause Final Mark (G)                437 us
[225.094s][info][gc,stats    ] Pause Final Mark (N)                308 us
[225.094s][info][gc,stats    ]   Finish Mark                        62 us
[225.094s][info][gc,stats    ]   Update Region States               85 us
[225.094s][info][gc,stats    ]   Choose Collection Set              62 us
[225.094s][info][gc,stats    ]   Rebuild Free Set                   16 us
[225.094s][info][gc,stats    ] Concurrent Weak References          104 us, parallelism: 0.04x
[225.094s][info][gc,stats    ]   CWRF: <total>                       4 us
[225.094s][info][gc,stats    ]   CWRF: Weak References               4 us, workers (us):   4, ---, ---, 
[225.094s][info][gc,stats    ] Concurrent Weak Roots               597 us
[225.094s][info][gc,stats    ]   Roots                             484 us, parallelism: 0.89x
[225.094s][info][gc,stats    ]     CWR: <total>                    431 us
[225.094s][info][gc,stats    ]     CWR: Code Cache Roots           364 us, workers (us): 364, ---, ---, 
[225.094s][info][gc,stats    ]     CWR: VM Weak Roots               62 us, workers (us):  62, ---, ---, 
[225.094s][info][gc,stats    ]     CWR: CLDG Roots                   5 us, workers (us):   5, ---, ---, 
[225.094s][info][gc,stats    ]   Rendezvous                         78 us
[225.094s][info][gc,stats    ] Concurrent Cleanup                   50 us
[225.094s][info][gc,stats    ] Concurrent Class Unloading         2112 us
[225.094s][info][gc,stats    ]   Unlink Stale                     1882 us
[225.094s][info][gc,stats    ]     System Dictionary                 3 us
[225.094s][info][gc,stats    ]     Weak Class Links                  0 us
[225.094s][info][gc,stats    ]     Code Roots                     1877 us
[225.094s][info][gc,stats    ]   Rendezvous                         56 us
[225.094s][info][gc,stats    ]   Purge Unlinked                     94 us
[225.094s][info][gc,stats    ]     Code Roots                       84 us
[225.094s][info][gc,stats    ]     CLDG                              9 us
[225.094s][info][gc,stats    ]     Exception Caches                  0 us
[225.094s][info][gc,stats    ] Pause Final Roots (G)               130 us
[225.094s][info][gc,stats    ] Pause Final Roots (N)                35 us
[225.094s][info][gc,stats    ] 
[225.094s][info][gc,stats    ] Allocation pacing accrued:
[225.094s][info][gc,stats    ]       0 of   936 ms (  0.0%): <total>
[225.094s][info][gc,stats    ]       0 of   936 ms (  0.0%): <average total>
[225.094s][info][gc,stats    ] 
[225.094s][info][gc,metaspace] Metaspace: 9074K(9280K)->9074K(9280K) NonClass: 7902K(8000K)->7902K(8000K) Class: 1171K(1280K)->1171K(1280K)
[225.094s][info][gc,ergo     ] Pacer for Idle. Initial: 163M, Alloc Tax Rate: 1.0x
[225.970s][info][gc          ] Trigger: Learning 3 of 5. Free (5712M) is below initial threshold (5734M)
[225.970s][info][gc,ergo     ] Free: 5712M, Max: 4096K regular, 5680M humongous, Frag: 1% external, 0% internal; Reserve: 412M, Max: 4096K
[225.970s][info][gc,start    ] GC(258) Concurrent reset
[225.970s][info][gc,task     ] GC(258) Using 1 of 3 workers for concurrent reset
[225.970s][info][gc,ergo     ] GC(258) Pacer for Reset. Non-Taxable: 8192M
[225.971s][info][gc          ] GC(258) Concurrent reset 0.865ms
[225.971s][info][gc,start    ] GC(258) Pause Init Mark (unload classes)
[225.971s][info][gc,task     ] GC(258) Using 3 of 3 workers for init marking
[225.972s][info][gc,ergo     ] GC(258) Pacer for Mark. Expected Live: 11979K, Free: 5708M, Non-Taxable: 570M, Alloc Tax Rate: 0.0x
[225.972s][info][gc          ] GC(258) Pause Init Mark (unload classes) 0.204ms
[225.972s][info][gc,start    ] GC(258) Concurrent marking roots
[225.972s][info][gc,task     ] GC(258) Using 1 of 3 workers for concurrent marking roots
[225.973s][info][gc          ] GC(258) Concurrent marking roots 0.851ms
[225.973s][info][gc,start    ] GC(258) Concurrent marking (unload classes)
[225.973s][info][gc,task     ] GC(258) Using 1 of 3 workers for concurrent marking
[225.994s][info][gc          ] GC(258) Concurrent marking (unload classes) 21.700ms
[225.994s][info][gc,start    ] GC(258) Pause Final Mark (unload classes)
[225.995s][info][gc,task     ] GC(258) Using 3 of 3 workers for final marking
[225.995s][info][gc,ergo     ] GC(258) Collectable Garbage: 1920M (93%), Immediate: 1920M (93%), CSet: 0B (0%)
[225.995s][info][gc          ] GC(258) Pause Final Mark (unload classes) 0.366ms
[225.995s][info][gc,start    ] GC(258) Concurrent weak references
[225.995s][info][gc,task     ] GC(258) Using 1 of 3 workers for concurrent weak references
[225.995s][info][gc,ref      ] GC(258) Encountered references: Soft: 144, Weak: 702, Final: 0, Phantom: 27
[225.995s][info][gc,ref      ] GC(258) Discovered  references: Soft: 0, Weak: 150, Final: 0, Phantom: 12
[225.995s][info][gc,ref      ] GC(258) Enqueued    references: Soft: 0, Weak: 0, Final: 0, Phantom: 0
[225.995s][info][gc          ] GC(258) Concurrent weak references 0.197ms
[225.995s][info][gc,start    ] GC(258) Concurrent weak roots
[225.995s][info][gc,task     ] GC(258) Using 1 of 3 workers for concurrent weak root
[225.996s][info][gc          ] GC(258) Concurrent weak roots 0.746ms
[225.996s][info][gc,start    ] GC(258) Concurrent cleanup
[225.996s][info][gc          ] GC(258) Concurrent cleanup 2123M->203M(8192M) 0.043ms
[225.996s][info][gc,ergo     ] GC(258) Free: 7576M, Max: 4096K regular, 5656M humongous, Frag: 26% external, 0% internal; Reserve: 412M, Max: 4096K
[225.996s][info][gc,start    ] GC(258) Concurrent class unloading
[225.996s][info][gc,task     ] GC(258) Using 1 of 3 workers for concurrent class unloading
[225.999s][info][gc          ] GC(258) Concurrent class unloading 2.678ms
[225.999s][info][gc,start    ] GC(258) Pause Final Roots
[225.999s][info][gc          ] GC(258) Pause Final Roots 0.039ms
[225.999s][info][gc,ergo     ] Free: 7568M, Max: 4096K regular, 5656M humongous, Frag: 26% external, 0% internal; Reserve: 412M, Max: 4096K
[225.999s][info][gc,stats    ] 
[225.999s][info][gc,stats    ] All times are wall-clock times, except per-root-class counters, that are sum over
[225.999s][info][gc,stats    ] all workers. Dividing the <total> over the root stage time estimates parallelism.
[225.999s][info][gc,stats    ] 
[225.999s][info][gc,stats    ] Concurrent Reset                    924 us
[225.999s][info][gc,stats    ] Pause Init Mark (G)                 364 us
[225.999s][info][gc,stats    ] Pause Init Mark (N)                 226 us
[225.999s][info][gc,stats    ]   Update Region States               95 us
[225.999s][info][gc,stats    ] Concurrent Mark Roots               875 us, parallelism: 0.81x
[225.999s][info][gc,stats    ]   CMR: <total>                      713 us
[225.999s][info][gc,stats    ]   CMR: Thread Roots                 637 us, workers (us): 637, ---, ---, 
[225.999s][info][gc,stats    ]   CMR: VM Strong Roots                9 us, workers (us):   9, ---, ---, 
[225.999s][info][gc,stats    ]   CMR: CLDG Roots                    67 us, workers (us):  67, ---, ---, 
[225.999s][info][gc,stats    ] Concurrent Marking                21767 us
[225.999s][info][gc,stats    ] Pause Final Mark (G)                529 us
[225.999s][info][gc,stats    ] Pause Final Mark (N)                385 us
[225.999s][info][gc,stats    ]   Finish Mark                       129 us
[225.999s][info][gc,stats    ]   Update Region States               90 us
[225.999s][info][gc,stats    ]   Choose Collection Set              61 us
[225.999s][info][gc,stats    ]   Rebuild Free Set                   17 us
[225.999s][info][gc,stats    ] Concurrent Weak References          213 us, parallelism: 0.04x
[225.999s][info][gc,stats    ]   CWRF: <total>                       8 us
[225.999s][info][gc,stats    ]   CWRF: Weak References               8 us, workers (us):   8, ---, ---, 
[225.999s][info][gc,stats    ] Concurrent Weak Roots               765 us
[225.999s][info][gc,stats    ]   Roots                             636 us, parallelism: 0.88x
[225.999s][info][gc,stats    ]     CWR: <total>                    558 us
[225.999s][info][gc,stats    ]     CWR: Code Cache Roots           436 us, workers (us): 436, ---, ---, 
[225.999s][info][gc,stats    ]     CWR: VM Weak Roots              115 us, workers (us): 115, ---, ---, 
[225.999s][info][gc,stats    ]     CWR: CLDG Roots                   7 us, workers (us):   7, ---, ---, 
[225.999s][info][gc,stats    ]   Rendezvous                         78 us
[225.999s][info][gc,stats    ] Concurrent Cleanup                   51 us
[225.999s][info][gc,stats    ] Concurrent Class Unloading         2732 us
[225.999s][info][gc,stats    ]   Unlink Stale                     2383 us
[225.999s][info][gc,stats    ]     System Dictionary                 3 us
[225.999s][info][gc,stats    ]     Weak Class Links                  0 us
[225.999s][info][gc,stats    ]     Code Roots                     2378 us
[225.999s][info][gc,stats    ]   Rendezvous                        158 us
[225.999s][info][gc,stats    ]   Purge Unlinked                    119 us
[225.999s][info][gc,stats    ]     Code Roots                      110 us
[225.999s][info][gc,stats    ]     CLDG                              8 us
[225.999s][info][gc,stats    ]     Exception Caches                  0 us
[225.999s][info][gc,stats    ] Pause Final Roots (G)               167 us
[225.999s][info][gc,stats    ] Pause Final Roots (N)                57 us
[225.999s][info][gc,stats    ] 
[225.999s][info][gc,stats    ] Allocation pacing accrued:
[225.999s][info][gc,stats    ]       0 of   905 ms (  0.0%): <total>
[225.999s][info][gc,stats    ]       0 of   905 ms (  0.0%): <average total>
[225.999s][info][gc,stats    ] 
[225.999s][info][gc,metaspace] Metaspace: 9074K(9280K)->9074K(9280K) NonClass: 7902K(8000K)->7902K(8000K) Class: 1171K(1280K)->1171K(1280K)
[225.999s][info][gc,ergo     ] Pacer for Idle. Initial: 163M, Alloc Tax Rate: 1.0x
[226.881s][info][gc          ] Trigger: Learning 4 of 5. Free (5720M) is below initial threshold (5734M)
[226.881s][info][gc,ergo     ] Free: 5716M, Max: 4096K regular, 5656M humongous, Frag: 2% external, 0% internal; Reserve: 412M, Max: 4096K
[226.881s][info][gc,start    ] GC(259) Concurrent reset
[226.881s][info][gc,task     ] GC(259) Using 1 of 3 workers for concurrent reset
[226.881s][info][gc,ergo     ] GC(259) Pacer for Reset. Non-Taxable: 8192M
[226.882s][info][gc          ] GC(259) Concurrent reset 0.955ms
[226.883s][info][gc,start    ] GC(259) Pause Init Mark (unload classes)
[226.883s][info][gc,task     ] GC(259) Using 3 of 3 workers for init marking
[226.883s][info][gc,ergo     ] GC(259) Pacer for Mark. Expected Live: 13186K, Free: 5716M, Non-Taxable: 571M, Alloc Tax Rate: 0.0x
[226.883s][info][gc          ] GC(259) Pause Init Mark (unload classes) 0.156ms
[226.883s][info][gc,start    ] GC(259) Concurrent marking roots
[226.883s][info][gc,task     ] GC(259) Using 1 of 3 workers for concurrent marking roots
[226.883s][info][gc          ] GC(259) Concurrent marking roots 0.492ms
[226.883s][info][gc,start    ] GC(259) Concurrent marking (unload classes)
[226.883s][info][gc,task     ] GC(259) Using 1 of 3 workers for concurrent marking
[226.913s][info][gc          ] GC(259) Concurrent marking (unload classes) 29.705ms
[226.913s][info][gc,start    ] GC(259) Pause Final Mark (unload classes)
[226.913s][info][gc,task     ] GC(259) Using 3 of 3 workers for final marking
[226.913s][info][gc,ergo     ] GC(259) Collectable Garbage: 1911M (93%), Immediate: 1911M (93%), CSet: 0B (0%)
[226.914s][info][gc          ] GC(259) Pause Final Mark (unload classes) 0.359ms
[226.914s][info][gc,start    ] GC(259) Concurrent weak references
[226.914s][info][gc,task     ] GC(259) Using 1 of 3 workers for concurrent weak references
[226.914s][info][gc,ref      ] GC(259) Encountered references: Soft: 144, Weak: 702, Final: 0, Phantom: 27
[226.914s][info][gc,ref      ] GC(259) Discovered  references: Soft: 0, Weak: 150, Final: 0, Phantom: 12
[226.914s][info][gc,ref      ] GC(259) Enqueued    references: Soft: 0, Weak: 0, Final: 0, Phantom: 0
[226.914s][info][gc          ] GC(259) Concurrent weak references 0.237ms
[226.914s][info][gc,start    ] GC(259) Concurrent weak roots
[226.914s][info][gc,task     ] GC(259) Using 1 of 3 workers for concurrent weak root
[226.914s][info][gc          ] GC(259) Concurrent weak roots 0.605ms
[226.914s][info][gc,start    ] GC(259) Concurrent cleanup
[226.915s][info][gc          ] GC(259) Concurrent cleanup 2119M->207M(8192M) 0.046ms
[226.915s][info][gc,ergo     ] GC(259) Free: 7572M, Max: 4096K regular, 5688M humongous, Frag: 25% external, 0% internal; Reserve: 412M, Max: 4096K
[226.915s][info][gc,start    ] GC(259) Concurrent class unloading
[226.915s][info][gc,task     ] GC(259) Using 1 of 3 workers for concurrent class unloading
[226.917s][info][gc          ] GC(259) Concurrent class unloading 2.340ms
[226.917s][info][gc,start    ] GC(259) Pause Final Roots
[226.917s][info][gc          ] GC(259) Pause Final Roots 0.039ms
[226.917s][info][gc,ergo     ] Free: 7564M, Max: 4096K regular, 5688M humongous, Frag: 25% external, 0% internal; Reserve: 412M, Max: 4096K
[226.917s][info][gc,stats    ] 
[226.917s][info][gc,stats    ] All times are wall-clock times, except per-root-class counters, that are sum over
[226.917s][info][gc,stats    ] all workers. Dividing the <total> over the root stage time estimates parallelism.
[226.917s][info][gc,stats    ] 
[226.917s][info][gc,stats    ] Concurrent Reset                   1013 us
[226.917s][info][gc,stats    ] Pause Init Mark (G)                 335 us
[226.917s][info][gc,stats    ] Pause Init Mark (N)                 173 us
[226.917s][info][gc,stats    ]   Update Region States               70 us
[226.917s][info][gc,stats    ] Concurrent Mark Roots               516 us, parallelism: 0.71x
[226.917s][info][gc,stats    ]   CMR: <total>                      368 us
[226.917s][info][gc,stats    ]   CMR: Thread Roots                 320 us, workers (us): 320, ---, ---, 
[226.917s][info][gc,stats    ]   CMR: VM Strong Roots                5 us, workers (us):   5, ---, ---, 
[226.917s][info][gc,stats    ]   CMR: CLDG Roots                    42 us, workers (us):  42, ---, ---, 
[226.917s][info][gc,stats    ] Concurrent Marking                29787 us
[226.917s][info][gc,stats    ] Pause Final Mark (G)                549 us
[226.917s][info][gc,stats    ] Pause Final Mark (N)                379 us
[226.917s][info][gc,stats    ]   Finish Mark                       104 us
[226.917s][info][gc,stats    ]   Update Region States               97 us
[226.917s][info][gc,stats    ]   Choose Collection Set              61 us
[226.917s][info][gc,stats    ]   Rebuild Free Set                   17 us
[226.918s][info][gc,stats    ] Concurrent Weak References          253 us, parallelism: 0.04x
[226.918s][info][gc,stats    ]   CWRF: <total>                      10 us
[226.918s][info][gc,stats    ]   CWRF: Weak References              10 us, workers (us):  10, ---, ---, 
[226.918s][info][gc,stats    ] Concurrent Weak Roots               627 us
[226.918s][info][gc,stats    ]   Roots                             492 us, parallelism: 0.90x
[226.918s][info][gc,stats    ]     CWR: <total>                    445 us
[226.918s][info][gc,stats    ]     CWR: Code Cache Roots           372 us, workers (us): 372, ---, ---, 
[226.918s][info][gc,stats    ]     CWR: VM Weak Roots               67 us, workers (us):  67, ---, ---, 
[226.918s][info][gc,stats    ]     CWR: CLDG Roots                   6 us, workers (us):   6, ---, ---, 
[226.918s][info][gc,stats    ]   Rendezvous                         81 us
[226.918s][info][gc,stats    ] Concurrent Cleanup                   54 us
[226.918s][info][gc,stats    ] Concurrent Class Unloading         2391 us
[226.918s][info][gc,stats    ]   Unlink Stale                     2016 us
[226.918s][info][gc,stats    ]     System Dictionary                 4 us
[226.918s][info][gc,stats    ]     Weak Class Links                  0 us
[226.918s][info][gc,stats    ]     Code Roots                     2010 us
[226.918s][info][gc,stats    ]   Rendezvous                        146 us
[226.918s][info][gc,stats    ]   Purge Unlinked                    159 us
[226.918s][info][gc,stats    ]     Code Roots                      150 us
[226.918s][info][gc,stats    ]     CLDG                              8 us
[226.918s][info][gc,stats    ]     Exception Caches                  0 us
[226.918s][info][gc,stats    ] Pause Final Roots (G)               168 us
[226.918s][info][gc,stats    ] Pause Final Roots (N)                57 us
[226.918s][info][gc,stats    ] 
[226.918s][info][gc,stats    ] Allocation pacing accrued:
[226.918s][info][gc,stats    ]       0 of   918 ms (  0.0%): <total>
[226.918s][info][gc,stats    ]       0 of   918 ms (  0.0%): <average total>
[226.918s][info][gc,stats    ] 
[226.918s][info][gc,metaspace] Metaspace: 9074K(9280K)->9074K(9280K) NonClass: 7902K(8000K)->7902K(8000K) Class: 1171K(1280K)->1171K(1280K)
[226.918s][info][gc,ergo     ] Pacer for Idle. Initial: 163M, Alloc Tax Rate: 1.0x
[227.635s][info][gc          ] Trigger: Explicit GC request (System.gc())
[227.635s][info][gc,ergo     ] Free: 6668M, Max: 4096K regular, 5688M humongous, Frag: 15% external, 0% internal; Reserve: 412M, Max: 4096K
[227.635s][info][gc,start    ] GC(260) Concurrent reset
[227.635s][info][gc,task     ] GC(260) Using 1 of 3 workers for concurrent reset
[227.635s][info][gc,ergo     ] GC(260) Pacer for Reset. Non-Taxable: 8192M
[227.635s][info][gc          ] GC(260) Concurrent reset 0.673ms
[227.635s][info][gc,start    ] GC(260) Pause Init Mark (unload classes)
[227.635s][info][gc,task     ] GC(260) Using 3 of 3 workers for init marking
[227.636s][info][gc,ref      ] GC(260) Clearing All SoftReferences
[227.636s][info][gc,ergo     ] GC(260) Pacer for Mark. Expected Live: 14422K, Free: 6668M, Non-Taxable: 666M, Alloc Tax Rate: 0.0x
[227.636s][info][gc          ] GC(260) Pause Init Mark (unload classes) 0.164ms
[227.636s][info][gc,start    ] GC(260) Concurrent marking roots
[227.636s][info][gc,task     ] GC(260) Using 1 of 3 workers for concurrent marking roots
[227.636s][info][gc          ] GC(260) Concurrent marking roots 0.446ms
[227.636s][info][gc,start    ] GC(260) Concurrent marking (unload classes)
[227.636s][info][gc,task     ] GC(260) Using 1 of 3 workers for concurrent marking
[227.640s][info][gc          ] GC(260) Concurrent marking (unload classes) 3.738ms
[227.640s][info][gc,start    ] GC(260) Pause Final Mark (unload classes)
[227.640s][info][gc,task     ] GC(260) Using 3 of 3 workers for final marking
[227.640s][info][gc,ergo     ] GC(260) Collectable Garbage: 1031M (93%), Immediate: 1031M (93%), CSet: 0B (0%)
[227.640s][info][gc          ] GC(260) Pause Final Mark (unload classes) 0.389ms
[227.640s][info][gc,start    ] GC(260) Concurrent weak references
[227.640s][info][gc,task     ] GC(260) Using 1 of 3 workers for concurrent weak references
[227.640s][info][gc,ref      ] GC(260) Encountered references: Soft: 144, Weak: 702, Final: 0, Phantom: 27
[227.640s][info][gc,ref      ] GC(260) Discovered  references: Soft: 89, Weak: 168, Final: 0, Phantom: 25
[227.640s][info][gc,ref      ] GC(260) Enqueued    references: Soft: 3, Weak: 0, Final: 0, Phantom: 0
[227.640s][info][gc          ] GC(260) Concurrent weak references 0.136ms
[227.640s][info][gc,start    ] GC(260) Concurrent weak roots
[227.640s][info][gc,task     ] GC(260) Using 1 of 3 workers for concurrent weak root
[227.641s][info][gc          ] GC(260) Concurrent weak roots 0.520ms
[227.641s][info][gc,start    ] GC(260) Concurrent cleanup
[227.641s][info][gc          ] GC(260) Concurrent cleanup 1111M->79M(8192M) 0.034ms
[227.641s][info][gc,ergo     ] GC(260) Free: 7700M, Max: 4096K regular, 6784M humongous, Frag: 12% external, 0% internal; Reserve: 412M, Max: 4096K
[227.641s][info][gc,start    ] GC(260) Concurrent class unloading
[227.641s][info][gc,task     ] GC(260) Using 1 of 3 workers for concurrent class unloading
[227.643s][info][gc          ] GC(260) Concurrent class unloading 2.421ms
[227.644s][info][gc,start    ] GC(260) Pause Final Roots
[227.644s][info][gc          ] GC(260) Pause Final Roots 0.053ms
[227.644s][info][gc,ergo     ] Free: 7700M, Max: 4096K regular, 6784M humongous, Frag: 12% external, 0% internal; Reserve: 412M, Max: 4096K
[227.644s][info][gc,stats    ] 
[227.644s][info][gc,stats    ] All times are wall-clock times, except per-root-class counters, that are sum over
[227.644s][info][gc,stats    ] all workers. Dividing the <total> over the root stage time estimates parallelism.
[227.644s][info][gc,stats    ] 
[227.644s][info][gc,stats    ] Concurrent Reset                    760 us
[227.644s][info][gc,stats    ] Pause Init Mark (G)                 249 us
[227.644s][info][gc,stats    ] Pause Init Mark (N)                 173 us
[227.644s][info][gc,stats    ]   Update Region States               64 us
[227.644s][info][gc,stats    ] Concurrent Mark Roots               455 us, parallelism: 0.80x
[227.644s][info][gc,stats    ]   CMR: <total>                      365 us
[227.644s][info][gc,stats    ]   CMR: Thread Roots                 324 us, workers (us): 324, ---, ---, 
[227.644s][info][gc,stats    ]   CMR: VM Strong Roots                5 us, workers (us):   5, ---, ---, 
[227.644s][info][gc,stats    ]   CMR: CLDG Roots                    37 us, workers (us):  37, ---, ---, 
[227.644s][info][gc,stats    ] Concurrent Marking                 3762 us
[227.644s][info][gc,stats    ] Pause Final Mark (G)                464 us
[227.644s][info][gc,stats    ] Pause Final Mark (N)                414 us
[227.644s][info][gc,stats    ]   Finish Mark                       127 us
[227.644s][info][gc,stats    ]   Update Region States               79 us
[227.644s][info][gc,stats    ]   Choose Collection Set              78 us
[227.644s][info][gc,stats    ]   Rebuild Free Set                   22 us
[227.644s][info][gc,stats    ] Concurrent Weak References          151 us, parallelism: 0.05x
[227.644s][info][gc,stats    ]   CWRF: <total>                       8 us
[227.644s][info][gc,stats    ]   CWRF: Weak References               8 us, workers (us):   8, ---, ---, 
[227.644s][info][gc,stats    ] Concurrent Weak Roots               530 us
[227.644s][info][gc,stats    ]   Roots                             414 us, parallelism: 0.92x
[227.644s][info][gc,stats    ]     CWR: <total>                    379 us
[227.644s][info][gc,stats    ]     CWR: Code Cache Roots           313 us, workers (us): 313, ---, ---, 
[227.644s][info][gc,stats    ]     CWR: VM Weak Roots               63 us, workers (us):  63, ---, ---, 
[227.644s][info][gc,stats    ]     CWR: CLDG Roots                   4 us, workers (us):   4, ---, ---, 
[227.644s][info][gc,stats    ]   Rendezvous                         90 us
[227.644s][info][gc,stats    ] Concurrent Cleanup                   48 us
[227.644s][info][gc,stats    ] Concurrent Class Unloading         2446 us
[227.644s][info][gc,stats    ]   Unlink Stale                     2240 us
[227.644s][info][gc,stats    ]     System Dictionary                 3 us
[227.644s][info][gc,stats    ]     Weak Class Links                  0 us
[227.644s][info][gc,stats    ]     Code Roots                     2236 us
[227.644s][info][gc,stats    ]   Rendezvous                         61 us
[227.644s][info][gc,stats    ]   Purge Unlinked                    104 us
[227.644s][info][gc,stats    ]     Code Roots                       99 us
[227.644s][info][gc,stats    ]     CLDG                              5 us
[227.644s][info][gc,stats    ]     Exception Caches                  0 us
[227.644s][info][gc,stats    ] Pause Final Roots (G)               208 us
[227.644s][info][gc,stats    ] Pause Final Roots (N)                76 us
[227.644s][info][gc,stats    ] 
[227.644s][info][gc,stats    ] Allocation pacing accrued:
[227.644s][info][gc,stats    ]       0 of   727 ms (  0.0%): <total>
[227.644s][info][gc,stats    ]       0 of   727 ms (  0.0%): <average total>
[227.644s][info][gc,stats    ] 
[227.644s][info][gc,metaspace] Metaspace: 9074K(9280K)->9074K(9280K) NonClass: 7902K(8000K)->7902K(8000K) Class: 1171K(1280K)->1171K(1280K)
[227.644s][info][gc,ergo     ] Pacer for Idle. Initial: 163M, Alloc Tax Rate: 1.0x
[228.561s][info][gc          ] Trigger: Learning 2 of 5. Free (5700M) is below initial threshold (5734M)
[228.561s][info][gc,ergo     ] Free: 5700M, Max: 4096K regular, 5700M humongous, Frag: 0% external, 0% internal; Reserve: 412M, Max: 4096K
[228.561s][info][gc,start    ] GC(261) Concurrent reset
[228.561s][info][gc,task     ] GC(261) Using 1 of 3 workers for concurrent reset
[228.561s][info][gc,ergo     ] GC(261) Pacer for Reset. Non-Taxable: 8192M
[228.562s][info][gc          ] GC(261) Concurrent reset 0.672ms
[228.562s][info][gc,start    ] GC(261) Pause Init Mark (unload classes)
[228.562s][info][gc,task     ] GC(261) Using 3 of 3 workers for init marking
[228.562s][info][gc,ergo     ] GC(261) Pacer for Mark. Expected Live: 10660K, Free: 5700M, Non-Taxable: 570M, Alloc Tax Rate: 0.0x
[228.562s][info][gc          ] GC(261) Pause Init Mark (unload classes) 0.194ms
[228.562s][info][gc,start    ] GC(261) Concurrent marking roots
[228.562s][info][gc,task     ] GC(261) Using 1 of 3 workers for concurrent marking roots
[228.563s][info][gc          ] GC(261) Concurrent marking roots 0.432ms
[228.563s][info][gc,start    ] GC(261) Concurrent marking (unload classes)
[228.563s][info][gc,task     ] GC(261) Using 1 of 3 workers for concurrent marking
[228.576s][info][gc          ] GC(261) Concurrent marking (unload classes) 13.292ms
[228.576s][info][gc,start    ] GC(261) Pause Final Mark (unload classes)
[228.576s][info][gc,task     ] GC(261) Using 3 of 3 workers for final marking
[228.577s][info][gc,ergo     ] GC(261) Collectable Garbage: 1960M (94%), Immediate: 1960M (94%), CSet: 0B (0%)
[228.577s][info][gc          ] GC(261) Pause Final Mark (unload classes) 0.398ms
[228.577s][info][gc,start    ] GC(261) Concurrent weak references
[228.577s][info][gc,task     ] GC(261) Using 1 of 3 workers for concurrent weak references
[228.577s][info][gc,ref      ] GC(261) Encountered references: Soft: 144, Weak: 702, Final: 0, Phantom: 27
[228.577s][info][gc,ref      ] GC(261) Discovered  references: Soft: 0, Weak: 150, Final: 0, Phantom: 12
[228.577s][info][gc,ref      ] GC(261) Enqueued    references: Soft: 0, Weak: 0, Final: 0, Phantom: 0
[228.577s][info][gc          ] GC(261) Concurrent weak references 0.151ms
[228.577s][info][gc,start    ] GC(261) Concurrent weak roots
[228.577s][info][gc,task     ] GC(261) Using 1 of 3 workers for concurrent weak root
[228.578s][info][gc          ] GC(261) Concurrent weak roots 0.669ms
[228.578s][info][gc,start    ] GC(261) Concurrent cleanup
[228.578s][info][gc          ] GC(261) Concurrent cleanup 2111M->151M(8192M) 0.044ms
[228.578s][info][gc,ergo     ] GC(261) Free: 7628M, Max: 4096K regular, 5668M humongous, Frag: 26% external, 0% internal; Reserve: 412M, Max: 4096K
[228.578s][info][gc,start    ] GC(261) Concurrent class unloading
[228.578s][info][gc,task     ] GC(261) Using 1 of 3 workers for concurrent class unloading
[228.580s][info][gc          ] GC(261) Concurrent class unloading 2.113ms
[228.580s][info][gc,start    ] GC(261) Pause Final Roots
[228.580s][info][gc          ] GC(261) Pause Final Roots 0.041ms
[228.580s][info][gc,ergo     ] Free: 7624M, Max: 4096K regular, 5668M humongous, Frag: 26% external, 0% internal; Reserve: 412M, Max: 4096K
[228.580s][info][gc,stats    ] 
[228.580s][info][gc,stats    ] All times are wall-clock times, except per-root-class counters, that are sum over
[228.580s][info][gc,stats    ] all workers. Dividing the <total> over the root stage time estimates parallelism.
[228.580s][info][gc,stats    ] 
[228.580s][info][gc,stats    ] Concurrent Reset                    742 us
[228.580s][info][gc,stats    ] Pause Init Mark (G)                 333 us
[228.580s][info][gc,stats    ] Pause Init Mark (N)                 211 us
[228.580s][info][gc,stats    ]   Update Region States               80 us
[228.580s][info][gc,stats    ] Concurrent Mark Roots               452 us, parallelism: 0.77x
[228.580s][info][gc,stats    ]   CMR: <total>                      347 us
[228.580s][info][gc,stats    ]   CMR: Thread Roots                 307 us, workers (us): 307, ---, ---, 
[228.580s][info][gc,stats    ]   CMR: VM Strong Roots                5 us, workers (us):   5, ---, ---, 
[228.580s][info][gc,stats    ]   CMR: CLDG Roots                    35 us, workers (us):  35, ---, ---, 
[228.580s][info][gc,stats    ] Concurrent Marking                13353 us
[228.580s][info][gc,stats    ] Pause Final Mark (G)                557 us
[228.580s][info][gc,stats    ] Pause Final Mark (N)                417 us
[228.580s][info][gc,stats    ]   Finish Mark                       125 us
[228.580s][info][gc,stats    ]   Update Region States              133 us
[228.580s][info][gc,stats    ]   Choose Collection Set              63 us
[228.580s][info][gc,stats    ]   Rebuild Free Set                   16 us
[228.580s][info][gc,stats    ] Concurrent Weak References          158 us, parallelism: 0.05x
[228.580s][info][gc,stats    ]   CWRF: <total>                       8 us
[228.580s][info][gc,stats    ]   CWRF: Weak References               8 us, workers (us):   8, ---, ---, 
[228.580s][info][gc,stats    ] Concurrent Weak Roots               689 us
[228.580s][info][gc,stats    ]   Roots                             574 us, parallelism: 0.88x
[228.580s][info][gc,stats    ]     CWR: <total>                    503 us
[228.580s][info][gc,stats    ]     CWR: Code Cache Roots           382 us, workers (us): 382, ---, ---, 
[228.580s][info][gc,stats    ]     CWR: VM Weak Roots              114 us, workers (us): 114, ---, ---, 
[228.580s][info][gc,stats    ]     CWR: CLDG Roots                   6 us, workers (us):   6, ---, ---, 
[228.580s][info][gc,stats    ]   Rendezvous                         79 us
[228.580s][info][gc,stats    ] Concurrent Cleanup                   52 us
[228.580s][info][gc,stats    ] Concurrent Class Unloading         2167 us
[228.580s][info][gc,stats    ]   Unlink Stale                     1821 us
[228.580s][info][gc,stats    ]     System Dictionary                 4 us
[228.580s][info][gc,stats    ]     Weak Class Links                  0 us
[228.580s][info][gc,stats    ]     Code Roots                     1816 us
[228.580s][info][gc,stats    ]   Rendezvous                        113 us
[228.580s][info][gc,stats    ]   Purge Unlinked                    160 us
[228.580s][info][gc,stats    ]     Code Roots                      150 us
[228.580s][info][gc,stats    ]     CLDG                             10 us
[228.580s][info][gc,stats    ]     Exception Caches                  0 us
[228.580s][info][gc,stats    ] Pause Final Roots (G)               182 us
[228.580s][info][gc,stats    ] Pause Final Roots (N)                59 us
[228.580s][info][gc,stats    ] 
[228.580s][info][gc,stats    ] Allocation pacing accrued:
[228.580s][info][gc,stats    ]       0 of   936 ms (  0.0%): <total>
[228.580s][info][gc,stats    ]       0 of   936 ms (  0.0%): <average total>
[228.580s][info][gc,stats    ] 
[228.580s][info][gc,metaspace] Metaspace: 9074K(9280K)->9074K(9280K) NonClass: 7902K(8000K)->7902K(8000K) Class: 1171K(1280K)->1171K(1280K)
[228.580s][info][gc,ergo     ] Pacer for Idle. Initial: 163M, Alloc Tax Rate: 1.0x
[229.456s][info][gc          ] Trigger: Learning 3 of 5. Free (5716M) is below initial threshold (5734M)
[229.456s][info][gc,ergo     ] Free: 5716M, Max: 4096K regular, 5668M humongous, Frag: 1% external, 0% internal; Reserve: 412M, Max: 4096K
[229.456s][info][gc,start    ] GC(262) Concurrent reset
[229.456s][info][gc,task     ] GC(262) Using 1 of 3 workers for concurrent reset
[229.456s][info][gc,ergo     ] GC(262) Pacer for Reset. Non-Taxable: 8192M
[229.457s][info][gc          ] GC(262) Concurrent reset 0.919ms
[229.457s][info][gc,start    ] GC(262) Pause Init Mark (unload classes)
[229.457s][info][gc,task     ] GC(262) Using 3 of 3 workers for init marking
[229.457s][info][gc,ergo     ] GC(262) Pacer for Mark. Expected Live: 11960K, Free: 5716M, Non-Taxable: 571M, Alloc Tax Rate: 0.0x
[229.458s][info][gc          ] GC(262) Pause Init Mark (unload classes) 0.180ms
[229.458s][info][gc,start    ] GC(262) Concurrent marking roots
[229.458s][info][gc,task     ] GC(262) Using 1 of 3 workers for concurrent marking roots
[229.458s][info][gc          ] GC(262) Concurrent marking roots 0.625ms
[229.458s][info][gc,start    ] GC(262) Concurrent marking (unload classes)
[229.458s][info][gc,task     ] GC(262) Using 1 of 3 workers for concurrent marking
[229.479s][info][gc          ] GC(262) Concurrent marking (unload classes) 21.220ms
[229.480s][info][gc,start    ] GC(262) Pause Final Mark (unload classes)
[229.480s][info][gc,task     ] GC(262) Using 3 of 3 workers for final marking
[229.480s][info][gc,ergo     ] GC(262) Collectable Garbage: 1931M (94%), Immediate: 1931M (94%), CSet: 0B (0%)
[229.480s][info][gc          ] GC(262) Pause Final Mark (unload classes) 0.344ms
[229.480s][info][gc,start    ] GC(262) Concurrent weak references
[229.480s][info][gc,task     ] GC(262) Using 1 of 3 workers for concurrent weak references
[229.480s][info][gc,ref      ] GC(262) Encountered references: Soft: 144, Weak: 702, Final: 0, Phantom: 27
[229.480s][info][gc,ref      ] GC(262) Discovered  references: Soft: 0, Weak: 150, Final: 0, Phantom: 12
[229.480s][info][gc,ref      ] GC(262) Enqueued    references: Soft: 0, Weak: 0, Final: 0, Phantom: 0
[229.480s][info][gc          ] GC(262) Concurrent weak references 0.140ms
[229.480s][info][gc,start    ] GC(262) Concurrent weak roots
[229.480s][info][gc,task     ] GC(262) Using 1 of 3 workers for concurrent weak root
[229.481s][info][gc          ] GC(262) Concurrent weak roots 0.581ms
[229.481s][info][gc,start    ] GC(262) Concurrent cleanup
[229.481s][info][gc          ] GC(262) Concurrent cleanup 2111M->183M(8192M) 0.050ms
[229.481s][info][gc,ergo     ] GC(262) Free: 7596M, Max: 4096K regular, 5712M humongous, Frag: 25% external, 0% internal; Reserve: 412M, Max: 4096K
[229.481s][info][gc,start    ] GC(262) Concurrent class unloading
[229.481s][info][gc,task     ] GC(262) Using 1 of 3 workers for concurrent class unloading
[229.483s][info][gc          ] GC(262) Concurrent class unloading 2.032ms
[229.483s][info][gc,start    ] GC(262) Pause Final Roots
[229.483s][info][gc          ] GC(262) Pause Final Roots 0.041ms
[229.483s][info][gc,ergo     ] Free: 7592M, Max: 4096K regular, 5712M humongous, Frag: 25% external, 0% internal; Reserve: 412M, Max: 4096K
[229.483s][info][gc,stats    ] 
[229.483s][info][gc,stats    ] All times are wall-clock times, except per-root-class counters, that are sum over
[229.483s][info][gc,stats    ] all workers. Dividing the <total> over the root stage time estimates parallelism.
[229.483s][info][gc,stats    ] 
[229.483s][info][gc,stats    ] Concurrent Reset                    986 us
[229.483s][info][gc,stats    ] Pause Init Mark (G)                 341 us
[229.483s][info][gc,stats    ] Pause Init Mark (N)                 197 us
[229.483s][info][gc,stats    ]   Update Region States               76 us
[229.483s][info][gc,stats    ] Concurrent Mark Roots               649 us, parallelism: 0.78x
[229.483s][info][gc,stats    ]   CMR: <total>                      504 us
[229.483s][info][gc,stats    ]   CMR: Thread Roots                 460 us, workers (us): 460, ---, ---, 
[229.483s][info][gc,stats    ]   CMR: VM Strong Roots                5 us, workers (us):   5, ---, ---, 
[229.483s][info][gc,stats    ]   CMR: CLDG Roots                    40 us, workers (us):  40, ---, ---, 
[229.483s][info][gc,stats    ] Concurrent Marking                21286 us
[229.483s][info][gc,stats    ] Pause Final Mark (G)                494 us
[229.483s][info][gc,stats    ] Pause Final Mark (N)                363 us
[229.483s][info][gc,stats    ]   Finish Mark                       106 us
[229.483s][info][gc,stats    ]   Update Region States               89 us
[229.483s][info][gc,stats    ]   Choose Collection Set              62 us
[229.484s][info][gc,stats    ]   Rebuild Free Set                   16 us
[229.484s][info][gc,stats    ] Concurrent Weak References          147 us, parallelism: 0.05x
[229.484s][info][gc,stats    ]   CWRF: <total>                       7 us
[229.484s][info][gc,stats    ]   CWRF: Weak References               7 us, workers (us):   7, ---, ---, 
[229.484s][info][gc,stats    ] Concurrent Weak Roots               600 us
[229.484s][info][gc,stats    ]   Roots                             487 us, parallelism: 0.89x
[229.484s][info][gc,stats    ]     CWR: <total>                    435 us
[229.484s][info][gc,stats    ]     CWR: Code Cache Roots           365 us, workers (us): 365, ---, ---, 
[229.484s][info][gc,stats    ]     CWR: VM Weak Roots               64 us, workers (us):  64, ---, ---, 
[229.484s][info][gc,stats    ]     CWR: CLDG Roots                   5 us, workers (us):   5, ---, ---, 
[229.484s][info][gc,stats    ]   Rendezvous                         78 us
[229.484s][info][gc,stats    ] Concurrent Cleanup                   58 us
[229.484s][info][gc,stats    ] Concurrent Class Unloading         2065 us
[229.484s][info][gc,stats    ]   Unlink Stale                     1866 us
[229.484s][info][gc,stats    ]     System Dictionary                 3 us
[229.484s][info][gc,stats    ]     Weak Class Links                  0 us
[229.484s][info][gc,stats    ]     Code Roots                     1862 us
[229.484s][info][gc,stats    ]   Rendezvous                         54 us
[229.484s][info][gc,stats    ]   Purge Unlinked                     94 us
[229.484s][info][gc,stats    ]     Code Roots                       90 us
[229.484s][info][gc,stats    ]     CLDG                              4 us
[229.484s][info][gc,stats    ]     Exception Caches                  0 us
[229.484s][info][gc,stats    ] Pause Final Roots (G)               150 us
[229.484s][info][gc,stats    ] Pause Final Roots (N)                59 us
[229.484s][info][gc,stats    ] 
[229.484s][info][gc,stats    ] Allocation pacing accrued:
[229.484s][info][gc,stats    ]       0 of   903 ms (  0.0%): <total>
[229.484s][info][gc,stats    ]       0 of   903 ms (  0.0%): <average total>
[229.484s][info][gc,stats    ] 
[229.484s][info][gc,metaspace] Metaspace: 9074K(9280K)->9074K(9280K) NonClass: 7902K(8000K)->7902K(8000K) Class: 1171K(1280K)->1171K(1280K)
[229.484s][info][gc,ergo     ] Pacer for Idle. Initial: 163M, Alloc Tax Rate: 1.0x
[230.382s][info][gc          ] Trigger: Learning 4 of 5. Free (5712M) is below initial threshold (5734M)
[230.382s][info][gc,ergo     ] Free: 5712M, Max: 4096K regular, 5712M humongous, Frag: 0% external, 0% internal; Reserve: 412M, Max: 4096K
[230.382s][info][gc,start    ] GC(263) Concurrent reset
[230.383s][info][gc,task     ] GC(263) Using 1 of 3 workers for concurrent reset
[230.383s][info][gc,ergo     ] GC(263) Pacer for Reset. Non-Taxable: 8192M
[230.383s][info][gc          ] GC(263) Concurrent reset 0.836ms
[230.383s][info][gc,start    ] GC(263) Pause Init Mark (unload classes)
[230.384s][info][gc,task     ] GC(263) Using 3 of 3 workers for init marking
[230.384s][info][gc,ergo     ] GC(263) Pacer for Mark. Expected Live: 13182K, Free: 5712M, Non-Taxable: 571M, Alloc Tax Rate: 0.0x
[230.384s][info][gc          ] GC(263) Pause Init Mark (unload classes) 0.183ms
[230.384s][info][gc,start    ] GC(263) Concurrent marking roots
[230.384s][info][gc,task     ] GC(263) Using 1 of 3 workers for concurrent marking roots
[230.384s][info][gc          ] GC(263) Concurrent marking roots 0.425ms
[230.384s][info][gc,start    ] GC(263) Concurrent marking (unload classes)
[230.384s][info][gc,task     ] GC(263) Using 1 of 3 workers for concurrent marking
[230.415s][info][gc          ] GC(263) Concurrent marking (unload classes) 30.411ms
[230.415s][info][gc,start    ] GC(263) Pause Final Mark (unload classes)
[230.415s][info][gc,task     ] GC(263) Using 3 of 3 workers for final marking
[230.415s][info][gc,ergo     ] GC(263) Collectable Garbage: 1936M (94%), Immediate: 1936M (94%), CSet: 0B (0%)
[230.415s][info][gc          ] GC(263) Pause Final Mark (unload classes) 0.297ms
[230.415s][info][gc,start    ] GC(263) Concurrent weak references
[230.415s][info][gc,task     ] GC(263) Using 1 of 3 workers for concurrent weak references
[230.415s][info][gc,ref      ] GC(263) Encountered references: Soft: 144, Weak: 702, Final: 0, Phantom: 27
[230.415s][info][gc,ref      ] GC(263) Discovered  references: Soft: 0, Weak: 150, Final: 0, Phantom: 12
[230.415s][info][gc,ref      ] GC(263) Enqueued    references: Soft: 0, Weak: 0, Final: 0, Phantom: 0
[230.415s][info][gc          ] GC(263) Concurrent weak references 0.105ms
[230.415s][info][gc,start    ] GC(263) Concurrent weak roots
[230.415s][info][gc,task     ] GC(263) Using 1 of 3 workers for concurrent weak root
[230.416s][info][gc          ] GC(263) Concurrent weak roots 0.559ms
[230.416s][info][gc,start    ] GC(263) Concurrent cleanup
[230.416s][info][gc          ] GC(263) Concurrent cleanup 2135M->199M(8192M) 0.042ms
[230.416s][info][gc,ergo     ] GC(263) Free: 7580M, Max: 4096K regular, 5644M humongous, Frag: 26% external, 0% internal; Reserve: 412M, Max: 4096K
[230.416s][info][gc,start    ] GC(263) Concurrent class unloading
[230.416s][info][gc,task     ] GC(263) Using 1 of 3 workers for concurrent class unloading
[230.418s][info][gc          ] GC(263) Concurrent class unloading 2.041ms
[230.418s][info][gc,start    ] GC(263) Pause Final Roots
[230.418s][info][gc          ] GC(263) Pause Final Roots 0.039ms
[230.418s][info][gc,ergo     ] Free: 7576M, Max: 4096K regular, 5644M humongous, Frag: 26% external, 0% internal; Reserve: 412M, Max: 4096K
[230.418s][info][gc,stats    ] 
[230.418s][info][gc,stats    ] All times are wall-clock times, except per-root-class counters, that are sum over
[230.418s][info][gc,stats    ] all workers. Dividing the <total> over the root stage time estimates parallelism.
[230.418s][info][gc,stats    ] 
[230.418s][info][gc,stats    ] Concurrent Reset                    905 us
[230.418s][info][gc,stats    ] Pause Init Mark (G)                 366 us
[230.418s][info][gc,stats    ] Pause Init Mark (N)                 204 us
[230.418s][info][gc,stats    ]   Update Region States               71 us
[230.418s][info][gc,stats    ] Concurrent Mark Roots               442 us, parallelism: 0.80x
[230.418s][info][gc,stats    ]   CMR: <total>                      353 us
[230.418s][info][gc,stats    ]   CMR: Thread Roots                 309 us, workers (us): 309, ---, ---, 
[230.418s][info][gc,stats    ]   CMR: VM Strong Roots                6 us, workers (us):   6, ---, ---, 
[230.418s][info][gc,stats    ]   CMR: CLDG Roots                    37 us, workers (us):  37, ---, ---, 
[230.418s][info][gc,stats    ] Concurrent Marking                30485 us
[230.418s][info][gc,stats    ] Pause Final Mark (G)                438 us
[230.418s][info][gc,stats    ] Pause Final Mark (N)                317 us
[230.418s][info][gc,stats    ]   Finish Mark                        61 us
[230.418s][info][gc,stats    ]   Update Region States               73 us
[230.419s][info][gc,stats    ]   Choose Collection Set              63 us
[230.419s][info][gc,stats    ]   Rebuild Free Set                   17 us
[230.419s][info][gc,stats    ] Concurrent Weak References          113 us, parallelism: 0.06x
[230.419s][info][gc,stats    ]   CWRF: <total>                       7 us
[230.419s][info][gc,stats    ]   CWRF: Weak References               7 us, workers (us):   7, ---, ---, 
[230.419s][info][gc,stats    ] Concurrent Weak Roots               578 us
[230.419s][info][gc,stats    ]   Roots                             489 us, parallelism: 0.89x
[230.419s][info][gc,stats    ]     CWR: <total>                    434 us
[230.419s][info][gc,stats    ]     CWR: Code Cache Roots           364 us, workers (us): 364, ---, ---, 
[230.419s][info][gc,stats    ]     CWR: VM Weak Roots               64 us, workers (us):  64, ---, ---, 
[230.419s][info][gc,stats    ]     CWR: CLDG Roots                   6 us, workers (us):   6, ---, ---, 
[230.419s][info][gc,stats    ]   Rendezvous                         54 us
[230.419s][info][gc,stats    ] Concurrent Cleanup                   50 us
[230.419s][info][gc,stats    ] Concurrent Class Unloading         2091 us
[230.419s][info][gc,stats    ]   Unlink Stale                     1802 us
[230.419s][info][gc,stats    ]     System Dictionary                 3 us
[230.419s][info][gc,stats    ]     Weak Class Links                  0 us
[230.419s][info][gc,stats    ]     Code Roots                     1797 us
[230.419s][info][gc,stats    ]   Rendezvous                         98 us
[230.419s][info][gc,stats    ]   Purge Unlinked                    122 us
[230.419s][info][gc,stats    ]     Code Roots                      113 us
[230.419s][info][gc,stats    ]     CLDG                              8 us
[230.419s][info][gc,stats    ]     Exception Caches                  0 us
[230.419s][info][gc,stats    ] Pause Final Roots (G)               167 us
[230.419s][info][gc,stats    ] Pause Final Roots (N)                56 us
[230.419s][info][gc,stats    ] 
[230.419s][info][gc,stats    ] Allocation pacing accrued:
[230.419s][info][gc,stats    ]       0 of   935 ms (  0.0%): <total>
[230.419s][info][gc,stats    ]       0 of   935 ms (  0.0%): <average total>
[230.419s][info][gc,stats    ] 
[230.419s][info][gc,metaspace] Metaspace: 9074K(9280K)->9074K(9280K) NonClass: 7902K(8000K)->7902K(8000K) Class: 1171K(1280K)->1171K(1280K)
[230.419s][info][gc,ergo     ] Pacer for Idle. Initial: 163M, Alloc Tax Rate: 1.0x
[231.105s][info][gc          ] Trigger: Explicit GC request (System.gc())
[231.105s][info][gc,ergo     ] Free: 6720M, Max: 4096K regular, 5644M humongous, Frag: 17% external, 0% internal; Reserve: 412M, Max: 4096K
[231.105s][info][gc,start    ] GC(264) Concurrent reset
[231.105s][info][gc,task     ] GC(264) Using 1 of 3 workers for concurrent reset
[231.105s][info][gc,ergo     ] GC(264) Pacer for Reset. Non-Taxable: 8192M
[231.106s][info][gc          ] GC(264) Concurrent reset 0.689ms
[231.106s][info][gc,start    ] GC(264) Pause Init Mark (unload classes)
[231.106s][info][gc,task     ] GC(264) Using 3 of 3 workers for init marking
[231.106s][info][gc,ref      ] GC(264) Clearing All SoftReferences
[231.106s][info][gc,ergo     ] GC(264) Pacer for Mark. Expected Live: 14461K, Free: 6720M, Non-Taxable: 672M, Alloc Tax Rate: 0.0x
[231.106s][info][gc          ] GC(264) Pause Init Mark (unload classes) 0.130ms
[231.106s][info][gc,start    ] GC(264) Concurrent marking roots
[231.106s][info][gc,task     ] GC(264) Using 1 of 3 workers for concurrent marking roots
[231.106s][info][gc          ] GC(264) Concurrent marking roots 0.428ms
[231.106s][info][gc,start    ] GC(264) Concurrent marking (unload classes)
[231.106s][info][gc,task     ] GC(264) Using 1 of 3 workers for concurrent marking
[231.110s][info][gc          ] GC(264) Concurrent marking (unload classes) 3.473ms
[231.110s][info][gc,start    ] GC(264) Pause Final Mark (unload classes)
[231.110s][info][gc,task     ] GC(264) Using 3 of 3 workers for final marking
[231.110s][info][gc,ergo     ] GC(264) Collectable Garbage: 979M (92%), Immediate: 979M (92%), CSet: 0B (0%)
[231.110s][info][gc          ] GC(264) Pause Final Mark (unload classes) 0.446ms
[231.110s][info][gc,start    ] GC(264) Concurrent weak references
[231.110s][info][gc,task     ] GC(264) Using 1 of 3 workers for concurrent weak references
[231.111s][info][gc,ref      ] GC(264) Encountered references: Soft: 144, Weak: 702, Final: 0, Phantom: 27
[231.111s][info][gc,ref      ] GC(264) Discovered  references: Soft: 89, Weak: 168, Final: 0, Phantom: 25
[231.111s][info][gc,ref      ] GC(264) Enqueued    references: Soft: 3, Weak: 0, Final: 0, Phantom: 0
[231.111s][info][gc          ] GC(264) Concurrent weak references 0.155ms
[231.111s][info][gc,start    ] GC(264) Concurrent weak roots
[231.111s][info][gc,task     ] GC(264) Using 1 of 3 workers for concurrent weak root
[231.111s][info][gc          ] GC(264) Concurrent weak roots 0.565ms
[231.111s][info][gc,start    ] GC(264) Concurrent cleanup
[231.111s][info][gc          ] GC(264) Concurrent cleanup 1059M->79M(8192M) 0.036ms
[231.111s][info][gc,ergo     ] GC(264) Free: 7700M, Max: 4096K regular, 6800M humongous, Frag: 12% external, 0% internal; Reserve: 412M, Max: 4096K
[231.111s][info][gc,start    ] GC(264) Concurrent class unloading
[231.111s][info][gc,task     ] GC(264) Using 1 of 3 workers for concurrent class unloading
[231.113s][info][gc          ] GC(264) Concurrent class unloading 1.932ms
[231.113s][info][gc,start    ] GC(264) Pause Final Roots
[231.113s][info][gc          ] GC(264) Pause Final Roots 0.020ms
[231.114s][info][gc,ergo     ] Free: 7700M, Max: 4096K regular, 6800M humongous, Frag: 12% external, 0% internal; Reserve: 412M, Max: 4096K
[231.114s][info][gc,stats    ] 
[231.114s][info][gc,stats    ] All times are wall-clock times, except per-root-class counters, that are sum over
[231.114s][info][gc,stats    ] all workers. Dividing the <total> over the root stage time estimates parallelism.
[231.114s][info][gc,stats    ] 
[231.114s][info][gc,stats    ] Concurrent Reset                    755 us
[231.114s][info][gc,stats    ] Pause Init Mark (G)                 193 us
[231.114s][info][gc,stats    ] Pause Init Mark (N)                 138 us
[231.114s][info][gc,stats    ]   Update Region States               65 us
[231.114s][info][gc,stats    ] Concurrent Mark Roots               438 us, parallelism: 0.78x
[231.114s][info][gc,stats    ]   CMR: <total>                      343 us
[231.114s][info][gc,stats    ]   CMR: Thread Roots                 299 us, workers (us): 299, ---, ---, 
[231.114s][info][gc,stats    ]   CMR: VM Strong Roots                4 us, workers (us):   4, ---, ---, 
[231.114s][info][gc,stats    ]   CMR: CLDG Roots                    39 us, workers (us):  39, ---, ---, 
[231.114s][info][gc,stats    ] Concurrent Marking                 3500 us
[231.114s][info][gc,stats    ] Pause Final Mark (G)                532 us
[231.114s][info][gc,stats    ] Pause Final Mark (N)                471 us
[231.114s][info][gc,stats    ]   Finish Mark                       149 us
[231.114s][info][gc,stats    ]   Update Region States              118 us
[231.114s][info][gc,stats    ]   Choose Collection Set              77 us
[231.114s][info][gc,stats    ]   Rebuild Free Set                   21 us
[231.114s][info][gc,stats    ] Concurrent Weak References          177 us, parallelism: 0.08x
[231.114s][info][gc,stats    ]   CWRF: <total>                      14 us
[231.114s][info][gc,stats    ]   CWRF: Weak References              14 us, workers (us):  14, ---, ---, 
[231.114s][info][gc,stats    ] Concurrent Weak Roots               581 us
[231.114s][info][gc,stats    ]   Roots                             450 us, parallelism: 0.89x
[231.114s][info][gc,stats    ]     CWR: <total>                    403 us
[231.114s][info][gc,stats    ]     CWR: Code Cache Roots           332 us, workers (us): 332, ---, ---, 
[231.114s][info][gc,stats    ]     CWR: VM Weak Roots               65 us, workers (us):  65, ---, ---, 
[231.114s][info][gc,stats    ]     CWR: CLDG Roots                   6 us, workers (us):   6, ---, ---, 
[231.114s][info][gc,stats    ]   Rendezvous                         83 us
[231.114s][info][gc,stats    ] Concurrent Cleanup                   44 us
[231.114s][info][gc,stats    ] Concurrent Class Unloading         1960 us
[231.114s][info][gc,stats    ]   Unlink Stale                     1721 us
[231.114s][info][gc,stats    ]     System Dictionary                 4 us
[231.114s][info][gc,stats    ]     Weak Class Links                  0 us
[231.114s][info][gc,stats    ]     Code Roots                     1716 us
[231.114s][info][gc,stats    ]   Rendezvous                         58 us
[231.114s][info][gc,stats    ]   Purge Unlinked                    137 us
[231.114s][info][gc,stats    ]     Code Roots                      132 us
[231.114s][info][gc,stats    ]     CLDG                              5 us
[231.114s][info][gc,stats    ]     Exception Caches                  0 us
[231.114s][info][gc,stats    ] Pause Final Roots (G)               326 us
[231.114s][info][gc,stats    ] Pause Final Roots (N)                28 us
[231.114s][info][gc,stats    ] 
[231.114s][info][gc,stats    ] Allocation pacing accrued:
[231.114s][info][gc,stats    ]       0 of   695 ms (  0.0%): <total>
[231.114s][info][gc,stats    ]       0 of   695 ms (  0.0%): <average total>
[231.114s][info][gc,stats    ] 
[231.114s][info][gc,metaspace] Metaspace: 9074K(9280K)->9074K(9280K) NonClass: 7902K(8000K)->7902K(8000K) Class: 1171K(1280K)->1171K(1280K)
[231.114s][info][gc,ergo     ] Pacer for Idle. Initial: 163M, Alloc Tax Rate: 1.0x
[232.016s][info][gc          ] Trigger: Learning 2 of 5. Free (5732M) is below initial threshold (5734M)
[232.016s][info][gc,ergo     ] Free: 5732M, Max: 4096K regular, 5732M humongous, Frag: 0% external, 0% internal; Reserve: 412M, Max: 4096K
[232.016s][info][gc,start    ] GC(265) Concurrent reset
[232.016s][info][gc,task     ] GC(265) Using 1 of 3 workers for concurrent reset
[232.016s][info][gc,ergo     ] GC(265) Pacer for Reset. Non-Taxable: 8192M
[232.016s][info][gc          ] GC(265) Concurrent reset 0.454ms
[232.016s][info][gc,start    ] GC(265) Pause Init Mark (unload classes)
[232.016s][info][gc,task     ] GC(265) Using 3 of 3 workers for init marking
[232.016s][info][gc,ergo     ] GC(265) Pacer for Mark. Expected Live: 10704K, Free: 5732M, Non-Taxable: 573M, Alloc Tax Rate: 0.0x
[232.017s][info][gc          ] GC(265) Pause Init Mark (unload classes) 0.184ms
[232.017s][info][gc,start    ] GC(265) Concurrent marking roots
[232.017s][info][gc,task     ] GC(265) Using 1 of 3 workers for concurrent marking roots
[232.017s][info][gc          ] GC(265) Concurrent marking roots 0.777ms
[232.017s][info][gc,start    ] GC(265) Concurrent marking (unload classes)
[232.017s][info][gc,task     ] GC(265) Using 1 of 3 workers for concurrent marking
[232.030s][info][gc          ] GC(265) Concurrent marking (unload classes) 12.892ms
[232.030s][info][gc,start    ] GC(265) Pause Final Mark (unload classes)
[232.030s][info][gc,task     ] GC(265) Using 3 of 3 workers for final marking
[232.031s][info][gc,ergo     ] GC(265) Collectable Garbage: 1932M (94%), Immediate: 1932M (94%), CSet: 0B (0%)
[232.031s][info][gc          ] GC(265) Pause Final Mark (unload classes) 0.328ms
[232.031s][info][gc,start    ] GC(265) Concurrent weak references
[232.031s][info][gc,task     ] GC(265) Using 1 of 3 workers for concurrent weak references
[232.031s][info][gc,ref      ] GC(265) Encountered references: Soft: 144, Weak: 702, Final: 0, Phantom: 27
[232.031s][info][gc,ref      ] GC(265) Discovered  references: Soft: 0, Weak: 150, Final: 0, Phantom: 12
[232.031s][info][gc,ref      ] GC(265) Enqueued    references: Soft: 0, Weak: 0, Final: 0, Phantom: 0
[232.031s][info][gc          ] GC(265) Concurrent weak references 0.118ms
[232.031s][info][gc,start    ] GC(265) Concurrent weak roots
[232.031s][info][gc,task     ] GC(265) Using 1 of 3 workers for concurrent weak root
[232.032s][info][gc          ] GC(265) Concurrent weak roots 0.627ms
[232.032s][info][gc,start    ] GC(265) Concurrent cleanup
[232.032s][info][gc          ] GC(265) Concurrent cleanup 2079M->147M(8192M) 0.045ms
[232.032s][info][gc,ergo     ] GC(265) Free: 7632M, Max: 4096K regular, 5700M humongous, Frag: 26% external, 0% internal; Reserve: 412M, Max: 4096K
[232.032s][info][gc,start    ] GC(265) Concurrent class unloading
[232.032s][info][gc,task     ] GC(265) Using 1 of 3 workers for concurrent class unloading
[232.034s][info][gc          ] GC(265) Concurrent class unloading 1.974ms
[232.034s][info][gc,start    ] GC(265) Pause Final Roots
[232.034s][info][gc          ] GC(265) Pause Final Roots 0.024ms
[232.034s][info][gc,ergo     ] Free: 7628M, Max: 4096K regular, 5700M humongous, Frag: 26% external, 0% internal; Reserve: 412M, Max: 4096K
[232.034s][info][gc,stats    ] 
[232.034s][info][gc,stats    ] All times are wall-clock times, except per-root-class counters, that are sum over
[232.034s][info][gc,stats    ] all workers. Dividing the <total> over the root stage time estimates parallelism.
[232.034s][info][gc,stats    ] 
[232.034s][info][gc,stats    ] Concurrent Reset                    520 us
[232.034s][info][gc,stats    ] Pause Init Mark (G)                 394 us
[232.034s][info][gc,stats    ] Pause Init Mark (N)                 205 us
[232.034s][info][gc,stats    ]   Update Region States               72 us
[232.034s][info][gc,stats    ] Concurrent Mark Roots               797 us, parallelism: 0.81x
[232.034s][info][gc,stats    ]   CMR: <total>                      644 us
[232.034s][info][gc,stats    ]   CMR: Thread Roots                 571 us, workers (us): 571, ---, ---, 
[232.034s][info][gc,stats    ]   CMR: VM Strong Roots                7 us, workers (us):   7, ---, ---, 
[232.034s][info][gc,stats    ]   CMR: CLDG Roots                    66 us, workers (us):  66, ---, ---, 
[232.034s][info][gc,stats    ] Concurrent Marking                12962 us
[232.034s][info][gc,stats    ] Pause Final Mark (G)                485 us
[232.034s][info][gc,stats    ] Pause Final Mark (N)                347 us
[232.034s][info][gc,stats    ]   Finish Mark                       108 us
[232.034s][info][gc,stats    ]   Update Region States               81 us
[232.034s][info][gc,stats    ]   Choose Collection Set              60 us
[232.034s][info][gc,stats    ]   Rebuild Free Set                   16 us
[232.034s][info][gc,stats    ] Concurrent Weak References          125 us, parallelism: 0.04x
[232.034s][info][gc,stats    ]   CWRF: <total>                       5 us
[232.034s][info][gc,stats    ]   CWRF: Weak References               5 us, workers (us):   5, ---, ---, 
[232.034s][info][gc,stats    ] Concurrent Weak Roots               649 us
[232.034s][info][gc,stats    ]   Roots                             531 us, parallelism: 0.91x
[232.034s][info][gc,stats    ]     CWR: <total>                    482 us
[232.034s][info][gc,stats    ]     CWR: Code Cache Roots           411 us, workers (us): 411, ---, ---, 
[232.034s][info][gc,stats    ]     CWR: VM Weak Roots               65 us, workers (us):  65, ---, ---, 
[232.034s][info][gc,stats    ]     CWR: CLDG Roots                   6 us, workers (us):   6, ---, ---, 
[232.034s][info][gc,stats    ]   Rendezvous                         80 us
[232.034s][info][gc,stats    ] Concurrent Cleanup                   53 us
[232.034s][info][gc,stats    ] Concurrent Class Unloading         2011 us
[232.034s][info][gc,stats    ]   Unlink Stale                     1811 us
[232.034s][info][gc,stats    ]     System Dictionary                 4 us
[232.034s][info][gc,stats    ]     Weak Class Links                  0 us
[232.034s][info][gc,stats    ]     Code Roots                     1806 us
[232.034s][info][gc,stats    ]   Rendezvous                         56 us
[232.034s][info][gc,stats    ]   Purge Unlinked                     90 us
[232.034s][info][gc,stats    ]     Code Roots                       85 us
[232.034s][info][gc,stats    ]     CLDG                              5 us
[232.034s][info][gc,stats    ]     Exception Caches                  0 us
[232.034s][info][gc,stats    ] Pause Final Roots (G)               113 us
[232.035s][info][gc,stats    ] Pause Final Roots (N)                37 us
[232.035s][info][gc,stats    ] 
[232.035s][info][gc,stats    ] Allocation pacing accrued:
[232.035s][info][gc,stats    ]       0 of   921 ms (  0.0%): <total>
[232.035s][info][gc,stats    ]       0 of   921 ms (  0.0%): <average total>
[232.035s][info][gc,stats    ] 
[232.035s][info][gc,metaspace] Metaspace: 9074K(9280K)->9074K(9280K) NonClass: 7902K(8000K)->7902K(8000K) Class: 1171K(1280K)->1171K(1280K)
[232.035s][info][gc,ergo     ] Pacer for Idle. Initial: 163M, Alloc Tax Rate: 1.0x
[232.911s][info][gc          ] Trigger: Learning 3 of 5. Free (5716M) is below initial threshold (5734M)
[232.911s][info][gc,ergo     ] Free: 5716M, Max: 4096K regular, 5700M humongous, Frag: 1% external, 0% internal; Reserve: 412M, Max: 4096K
[232.911s][info][gc,start    ] GC(266) Concurrent reset
[232.911s][info][gc,task     ] GC(266) Using 1 of 3 workers for concurrent reset
[232.911s][info][gc,ergo     ] GC(266) Pacer for Reset. Non-Taxable: 8192M
[232.912s][info][gc          ] GC(266) Concurrent reset 0.863ms
[232.912s][info][gc,start    ] GC(266) Pause Init Mark (unload classes)
[232.912s][info][gc,task     ] GC(266) Using 3 of 3 workers for init marking
[232.912s][info][gc,ergo     ] GC(266) Pacer for Mark. Expected Live: 11985K, Free: 5712M, Non-Taxable: 571M, Alloc Tax Rate: 0.0x
[232.912s][info][gc          ] GC(266) Pause Init Mark (unload classes) 0.175ms
[232.912s][info][gc,start    ] GC(266) Concurrent marking roots
[232.912s][info][gc,task     ] GC(266) Using 1 of 3 workers for concurrent marking roots
[232.913s][info][gc          ] GC(266) Concurrent marking roots 0.528ms
[232.913s][info][gc,start    ] GC(266) Concurrent marking (unload classes)
[232.913s][info][gc,task     ] GC(266) Using 1 of 3 workers for concurrent marking
[232.934s][info][gc          ] GC(266) Concurrent marking (unload classes) 21.220ms
[232.934s][info][gc,start    ] GC(266) Pause Final Mark (unload classes)
[232.934s][info][gc,task     ] GC(266) Using 3 of 3 workers for final marking
[232.935s][info][gc,ergo     ] GC(266) Collectable Garbage: 1920M (93%), Immediate: 1920M (93%), CSet: 0B (0%)
[232.935s][info][gc          ] GC(266) Pause Final Mark (unload classes) 0.342ms
[232.935s][info][gc,start    ] GC(266) Concurrent weak references
[232.935s][info][gc,task     ] GC(266) Using 1 of 3 workers for concurrent weak references
[232.935s][info][gc,ref      ] GC(266) Encountered references: Soft: 144, Weak: 702, Final: 0, Phantom: 27
[232.935s][info][gc,ref      ] GC(266) Discovered  references: Soft: 0, Weak: 150, Final: 0, Phantom: 12
[232.935s][info][gc,ref      ] GC(266) Enqueued    references: Soft: 0, Weak: 0, Final: 0, Phantom: 0
[232.935s][info][gc          ] GC(266) Concurrent weak references 0.147ms
[232.935s][info][gc,start    ] GC(266) Concurrent weak roots
[232.935s][info][gc,task     ] GC(266) Using 1 of 3 workers for concurrent weak root
[232.936s][info][gc          ] GC(266) Concurrent weak roots 0.697ms
[232.936s][info][gc,start    ] GC(266) Concurrent cleanup
[232.936s][info][gc          ] GC(266) Concurrent cleanup 2115M->195M(8192M) 0.045ms
[232.936s][info][gc,ergo     ] GC(266) Free: 7584M, Max: 4096K regular, 5664M humongous, Frag: 26% external, 0% internal; Reserve: 412M, Max: 4096K
[232.936s][info][gc,start    ] GC(266) Concurrent class unloading
[232.936s][info][gc,task     ] GC(266) Using 1 of 3 workers for concurrent class unloading
[232.938s][info][gc          ] GC(266) Concurrent class unloading 2.205ms
[232.938s][info][gc,start    ] GC(266) Pause Final Roots
[232.938s][info][gc          ] GC(266) Pause Final Roots 0.039ms
[232.938s][info][gc,ergo     ] Free: 7576M, Max: 4096K regular, 5664M humongous, Frag: 26% external, 0% internal; Reserve: 412M, Max: 4096K
[232.938s][info][gc,stats    ] 
[232.938s][info][gc,stats    ] All times are wall-clock times, except per-root-class counters, that are sum over
[232.938s][info][gc,stats    ] all workers. Dividing the <total> over the root stage time estimates parallelism.
[232.938s][info][gc,stats    ] 
[232.938s][info][gc,stats    ] Concurrent Reset                    945 us
[232.938s][info][gc,stats    ] Pause Init Mark (G)                 324 us
[232.938s][info][gc,stats    ] Pause Init Mark (N)                 192 us
[232.938s][info][gc,stats    ]   Update Region States               87 us
[232.938s][info][gc,stats    ] Concurrent Mark Roots               556 us, parallelism: 0.66x
[232.938s][info][gc,stats    ]   CMR: <total>                      368 us
[232.938s][info][gc,stats    ]   CMR: Thread Roots                 324 us, workers (us): 324, ---, ---, 
[232.938s][info][gc,stats    ]   CMR: VM Strong Roots                6 us, workers (us):   6, ---, ---, 
[232.938s][info][gc,stats    ]   CMR: CLDG Roots                    38 us, workers (us):  38, ---, ---, 
[232.938s][info][gc,stats    ] Concurrent Marking                21289 us
[232.938s][info][gc,stats    ] Pause Final Mark (G)                508 us
[232.938s][info][gc,stats    ] Pause Final Mark (N)                362 us
[232.939s][info][gc,stats    ]   Finish Mark                       105 us
[232.939s][info][gc,stats    ]   Update Region States               90 us
[232.939s][info][gc,stats    ]   Choose Collection Set              60 us
[232.939s][info][gc,stats    ]   Rebuild Free Set                   17 us
[232.939s][info][gc,stats    ] Concurrent Weak References          154 us, parallelism: 0.03x
[232.939s][info][gc,stats    ]   CWRF: <total>                       5 us
[232.939s][info][gc,stats    ]   CWRF: Weak References               5 us, workers (us):   5, ---, ---, 
[232.939s][info][gc,stats    ] Concurrent Weak Roots               716 us
[232.939s][info][gc,stats    ]   Roots                             626 us, parallelism: 0.88x
[232.939s][info][gc,stats    ]     CWR: <total>                    553 us
[232.939s][info][gc,stats    ]     CWR: Code Cache Roots           434 us, workers (us): 434, ---, ---, 
[232.939s][info][gc,stats    ]     CWR: VM Weak Roots              113 us, workers (us): 113, ---, ---, 
[232.939s][info][gc,stats    ]     CWR: CLDG Roots                   6 us, workers (us):   6, ---, ---, 
[232.939s][info][gc,stats    ]   Rendezvous                         55 us
[232.939s][info][gc,stats    ] Concurrent Cleanup                   53 us
[232.939s][info][gc,stats    ] Concurrent Class Unloading         2260 us
[232.939s][info][gc,stats    ]   Unlink Stale                     1856 us
[232.939s][info][gc,stats    ]     System Dictionary                 3 us
[232.939s][info][gc,stats    ]     Weak Class Links                  0 us
[232.939s][info][gc,stats    ]     Code Roots                     1851 us
[232.939s][info][gc,stats    ]   Rendezvous                        170 us
[232.939s][info][gc,stats    ]   Purge Unlinked                    161 us
[232.939s][info][gc,stats    ]     Code Roots                      152 us
[232.939s][info][gc,stats    ]     CLDG                              8 us
[232.939s][info][gc,stats    ]     Exception Caches                  0 us
[232.939s][info][gc,stats    ] Pause Final Roots (G)               167 us
[232.939s][info][gc,stats    ] Pause Final Roots (N)                57 us
[232.939s][info][gc,stats    ] 
[232.939s][info][gc,stats    ] Allocation pacing accrued:
[232.939s][info][gc,stats    ]       0 of   904 ms (  0.0%): <total>
[232.939s][info][gc,stats    ]       0 of   904 ms (  0.0%): <average total>
[232.939s][info][gc,stats    ] 
[232.939s][info][gc,metaspace] Metaspace: 9074K(9280K)->9074K(9280K) NonClass: 7902K(8000K)->7902K(8000K) Class: 1171K(1280K)->1171K(1280K)
[232.939s][info][gc,ergo     ] Pacer for Idle. Initial: 163M, Alloc Tax Rate: 1.0x
[233.822s][info][gc          ] Trigger: Learning 4 of 5. Free (5728M) is below initial threshold (5734M)
[233.822s][info][gc,ergo     ] Free: 5728M, Max: 4096K regular, 5664M humongous, Frag: 2% external, 0% internal; Reserve: 412M, Max: 4096K
[233.822s][info][gc,start    ] GC(267) Concurrent reset
[233.822s][info][gc,task     ] GC(267) Using 1 of 3 workers for concurrent reset
[233.822s][info][gc,ergo     ] GC(267) Pacer for Reset. Non-Taxable: 8192M
[233.823s][info][gc          ] GC(267) Concurrent reset 1.091ms
[233.823s][info][gc,start    ] GC(267) Pause Init Mark (unload classes)
[233.823s][info][gc,task     ] GC(267) Using 3 of 3 workers for init marking
[233.823s][info][gc,ergo     ] GC(267) Pacer for Mark. Expected Live: 13180K, Free: 5724M, Non-Taxable: 572M, Alloc Tax Rate: 0.0x
[233.823s][info][gc          ] GC(267) Pause Init Mark (unload classes) 0.181ms
[233.823s][info][gc,start    ] GC(267) Concurrent marking roots
[233.823s][info][gc,task     ] GC(267) Using 1 of 3 workers for concurrent marking roots
[233.824s][info][gc          ] GC(267) Concurrent marking roots 0.804ms
[233.824s][info][gc,start    ] GC(267) Concurrent marking (unload classes)
[233.824s][info][gc,task     ] GC(267) Using 1 of 3 workers for concurrent marking
[233.854s][info][gc          ] GC(267) Concurrent marking (unload classes) 30.051ms
[233.854s][info][gc,start    ] GC(267) Pause Final Mark (unload classes)
[233.854s][info][gc,task     ] GC(267) Using 3 of 3 workers for final marking
[233.855s][info][gc,ergo     ] GC(267) Collectable Garbage: 1907M (93%), Immediate: 1907M (93%), CSet: 0B (0%)
[233.855s][info][gc          ] GC(267) Pause Final Mark (unload classes) 0.262ms
[233.855s][info][gc,start    ] GC(267) Concurrent weak references
[233.855s][info][gc,task     ] GC(267) Using 1 of 3 workers for concurrent weak references
[233.855s][info][gc,ref      ] GC(267) Encountered references: Soft: 144, Weak: 702, Final: 0, Phantom: 27
[233.855s][info][gc,ref      ] GC(267) Discovered  references: Soft: 0, Weak: 150, Final: 0, Phantom: 12
[233.855s][info][gc,ref      ] GC(267) Enqueued    references: Soft: 0, Weak: 0, Final: 0, Phantom: 0
[233.855s][info][gc          ] GC(267) Concurrent weak references 0.195ms
[233.855s][info][gc,start    ] GC(267) Concurrent weak roots
[233.855s][info][gc,task     ] GC(267) Using 1 of 3 workers for concurrent weak root
[233.855s][info][gc          ] GC(267) Concurrent weak roots 0.602ms
[233.856s][info][gc,start    ] GC(267) Concurrent cleanup
[233.856s][info][gc          ] GC(267) Concurrent cleanup 2111M->203M(8192M) 0.042ms
[233.856s][info][gc,ergo     ] GC(267) Free: 7576M, Max: 4096K regular, 5708M humongous, Frag: 25% external, 0% internal; Reserve: 412M, Max: 4096K
[233.856s][info][gc,start    ] GC(267) Concurrent class unloading
[233.856s][info][gc,task     ] GC(267) Using 1 of 3 workers for concurrent class unloading
[233.858s][info][gc          ] GC(267) Concurrent class unloading 2.068ms
[233.858s][info][gc,start    ] GC(267) Pause Final Roots
[233.858s][info][gc          ] GC(267) Pause Final Roots 0.041ms
[233.858s][info][gc,ergo     ] Free: 7572M, Max: 4096K regular, 5708M humongous, Frag: 25% external, 0% internal; Reserve: 412M, Max: 4096K
[233.858s][info][gc,stats    ] 
[233.858s][info][gc,stats    ] All times are wall-clock times, except per-root-class counters, that are sum over
[233.858s][info][gc,stats    ] all workers. Dividing the <total> over the root stage time estimates parallelism.
[233.858s][info][gc,stats    ] 
[233.858s][info][gc,stats    ] Concurrent Reset                   1162 us
[233.858s][info][gc,stats    ] Pause Init Mark (G)                 359 us
[233.858s][info][gc,stats    ] Pause Init Mark (N)                 204 us
[233.858s][info][gc,stats    ]   Update Region States               76 us
[233.858s][info][gc,stats    ] Concurrent Mark Roots               829 us, parallelism: 0.83x
[233.858s][info][gc,stats    ]   CMR: <total>                      684 us
[233.858s][info][gc,stats    ]   CMR: Thread Roots                 613 us, workers (us): 613, ---, ---, 
[233.858s][info][gc,stats    ]   CMR: VM Strong Roots                7 us, workers (us):   7, ---, ---, 
[233.858s][info][gc,stats    ]   CMR: CLDG Roots                    64 us, workers (us):  64, ---, ---, 
[233.858s][info][gc,stats    ] Concurrent Marking                30107 us
[233.858s][info][gc,stats    ] Pause Final Mark (G)                430 us
[233.858s][info][gc,stats    ] Pause Final Mark (N)                271 us
[233.858s][info][gc,stats    ]   Finish Mark                        87 us
[233.858s][info][gc,stats    ]   Update Region States               71 us
[233.858s][info][gc,stats    ]   Choose Collection Set              40 us
[233.858s][info][gc,stats    ]   Rebuild Free Set                    8 us
[233.858s][info][gc,stats    ] Concurrent Weak References          211 us, parallelism: 0.04x
[233.858s][info][gc,stats    ]   CWRF: <total>                       8 us
[233.858s][info][gc,stats    ]   CWRF: Weak References               8 us, workers (us):   8, ---, ---, 
[233.858s][info][gc,stats    ] Concurrent Weak Roots               621 us
[233.858s][info][gc,stats    ]   Roots                             491 us, parallelism: 0.88x
[233.858s][info][gc,stats    ]     CWR: <total>                    431 us
[233.858s][info][gc,stats    ]     CWR: Code Cache Roots           362 us, workers (us): 362, ---, ---, 
[233.858s][info][gc,stats    ]     CWR: VM Weak Roots               64 us, workers (us):  64, ---, ---, 
[233.858s][info][gc,stats    ]     CWR: CLDG Roots                   5 us, workers (us):   5, ---, ---, 
[233.858s][info][gc,stats    ]   Rendezvous                         79 us
[233.858s][info][gc,stats    ] Concurrent Cleanup                   50 us
[233.858s][info][gc,stats    ] Concurrent Class Unloading         2119 us
[233.858s][info][gc,stats    ]   Unlink Stale                     1826 us
[233.858s][info][gc,stats    ]     System Dictionary                 3 us
[233.858s][info][gc,stats    ]     Weak Class Links                  0 us
[233.858s][info][gc,stats    ]     Code Roots                     1822 us
[233.858s][info][gc,stats    ]   Rendezvous                        100 us
[233.858s][info][gc,stats    ]   Purge Unlinked                    124 us
[233.858s][info][gc,stats    ]     Code Roots                      115 us
[233.858s][info][gc,stats    ]     CLDG                              8 us
[233.858s][info][gc,stats    ]     Exception Caches                  0 us
[233.858s][info][gc,stats    ] Pause Final Roots (G)               182 us
[233.858s][info][gc,stats    ] Pause Final Roots (N)                58 us
[233.858s][info][gc,stats    ] 
[233.858s][info][gc,stats    ] Allocation pacing accrued:
[233.858s][info][gc,stats    ]       0 of   920 ms (  0.0%): <total>
[233.858s][info][gc,stats    ]       0 of   920 ms (  0.0%): <average total>
[233.858s][info][gc,stats    ] 
[233.859s][info][gc,metaspace] Metaspace: 9074K(9280K)->9074K(9280K) NonClass: 7902K(8000K)->7902K(8000K) Class: 1171K(1280K)->1171K(1280K)
[233.859s][info][gc,ergo     ] Pacer for Idle. Initial: 163M, Alloc Tax Rate: 1.0x
[234.575s][info][gc          ] Trigger: Explicit GC request (System.gc())
[234.575s][info][gc,ergo     ] Free: 6648M, Max: 4096K regular, 5708M humongous, Frag: 15% external, 0% internal; Reserve: 412M, Max: 4096K
[234.575s][info][gc,start    ] GC(268) Concurrent reset
[234.575s][info][gc,task     ] GC(268) Using 1 of 3 workers for concurrent reset
[234.575s][info][gc,ergo     ] GC(268) Pacer for Reset. Non-Taxable: 8192M
[234.576s][info][gc          ] GC(268) Concurrent reset 1.015ms
[234.577s][info][gc,start    ] GC(268) Pause Init Mark (unload classes)
[234.577s][info][gc,task     ] GC(268) Using 3 of 3 workers for init marking
[234.577s][info][gc,ref      ] GC(268) Clearing All SoftReferences
[234.577s][info][gc,ergo     ] GC(268) Pacer for Mark. Expected Live: 14408K, Free: 6648M, Non-Taxable: 664M, Alloc Tax Rate: 0.0x
[234.577s][info][gc          ] GC(268) Pause Init Mark (unload classes) 0.198ms
[234.577s][info][gc,start    ] GC(268) Concurrent marking roots
[234.577s][info][gc,task     ] GC(268) Using 1 of 3 workers for concurrent marking roots
[234.577s][info][gc          ] GC(268) Concurrent marking roots 0.425ms
[234.577s][info][gc,start    ] GC(268) Concurrent marking (unload classes)
[234.577s][info][gc,task     ] GC(268) Using 1 of 3 workers for concurrent marking
[234.581s][info][gc          ] GC(268) Concurrent marking (unload classes) 3.549ms
[234.581s][info][gc,start    ] GC(268) Pause Final Mark (unload classes)
[234.581s][info][gc,task     ] GC(268) Using 3 of 3 workers for final marking
[234.581s][info][gc,ergo     ] GC(268) Collectable Garbage: 1051M (93%), Immediate: 1051M (93%), CSet: 0B (0%)
[234.581s][info][gc          ] GC(268) Pause Final Mark (unload classes) 0.385ms
[234.582s][info][gc,start    ] GC(268) Concurrent weak references
[234.582s][info][gc,task     ] GC(268) Using 1 of 3 workers for concurrent weak references
[234.582s][info][gc,ref      ] GC(268) Encountered references: Soft: 144, Weak: 702, Final: 0, Phantom: 27
[234.582s][info][gc,ref      ] GC(268) Discovered  references: Soft: 89, Weak: 168, Final: 0, Phantom: 25
[234.582s][info][gc,ref      ] GC(268) Enqueued    references: Soft: 3, Weak: 0, Final: 0, Phantom: 0
[234.582s][info][gc          ] GC(268) Concurrent weak references 0.179ms
[234.582s][info][gc,start    ] GC(268) Concurrent weak roots
[234.582s][info][gc,task     ] GC(268) Using 1 of 3 workers for concurrent weak root
[234.582s][info][gc          ] GC(268) Concurrent weak roots 0.629ms
[234.582s][info][gc,start    ] GC(268) Concurrent cleanup
[234.582s][info][gc          ] GC(268) Concurrent cleanup 1131M->79M(8192M) 0.037ms
[234.582s][info][gc,ergo     ] GC(268) Free: 7700M, Max: 4096K regular, 6760M humongous, Frag: 13% external, 0% internal; Reserve: 412M, Max: 4096K
[234.582s][info][gc,start    ] GC(268) Concurrent class unloading
[234.582s][info][gc,task     ] GC(268) Using 1 of 3 workers for concurrent class unloading
[234.585s][info][gc          ] GC(268) Concurrent class unloading 2.591ms
[234.585s][info][gc,start    ] GC(268) Pause Final Roots
[234.585s][info][gc          ] GC(268) Pause Final Roots 0.043ms
[234.585s][info][gc,ergo     ] Free: 7700M, Max: 4096K regular, 6760M humongous, Frag: 13% external, 0% internal; Reserve: 412M, Max: 4096K
[234.585s][info][gc,stats    ] 
[234.585s][info][gc,stats    ] All times are wall-clock times, except per-root-class counters, that are sum over
[234.585s][info][gc,stats    ] all workers. Dividing the <total> over the root stage time estimates parallelism.
[234.585s][info][gc,stats    ] 
[234.585s][info][gc,stats    ] Concurrent Reset                   1091 us
[234.585s][info][gc,stats    ] Pause Init Mark (G)                 494 us
[234.585s][info][gc,stats    ] Pause Init Mark (N)                 209 us
[234.585s][info][gc,stats    ]   Update Region States               89 us
[234.585s][info][gc,stats    ] Concurrent Mark Roots               448 us, parallelism: 0.74x
[234.585s][info][gc,stats    ]   CMR: <total>                      332 us
[234.585s][info][gc,stats    ]   CMR: Thread Roots                 291 us, workers (us): 291, ---, ---, 
[234.585s][info][gc,stats    ]   CMR: VM Strong Roots                5 us, workers (us):   5, ---, ---, 
[234.585s][info][gc,stats    ]   CMR: CLDG Roots                    36 us, workers (us):  36, ---, ---, 
[234.586s][info][gc,stats    ] Concurrent Marking                 3609 us
[234.586s][info][gc,stats    ] Pause Final Mark (G)                530 us
[234.586s][info][gc,stats    ] Pause Final Mark (N)                410 us
[234.586s][info][gc,stats    ]   Finish Mark                       132 us
[234.586s][info][gc,stats    ]   Update Region States               77 us
[234.586s][info][gc,stats    ]   Choose Collection Set              75 us
[234.586s][info][gc,stats    ]   Rebuild Free Set                   22 us
[234.586s][info][gc,stats    ] Concurrent Weak References          195 us, parallelism: 0.04x
[234.586s][info][gc,stats    ]   CWRF: <total>                       8 us
[234.586s][info][gc,stats    ]   CWRF: Weak References               8 us, workers (us):   8, ---, ---, 
[234.586s][info][gc,stats    ] Concurrent Weak Roots               648 us
[234.586s][info][gc,stats    ]   Roots                             510 us, parallelism: 0.86x
[234.586s][info][gc,stats    ]     CWR: <total>                    437 us
[234.586s][info][gc,stats    ]     CWR: Code Cache Roots           320 us, workers (us): 320, ---, ---, 
[234.586s][info][gc,stats    ]     CWR: VM Weak Roots              112 us, workers (us): 112, ---, ---, 
[234.586s][info][gc,stats    ]     CWR: CLDG Roots                   5 us, workers (us):   5, ---, ---, 
[234.586s][info][gc,stats    ]   Rendezvous                         87 us
[234.586s][info][gc,stats    ] Concurrent Cleanup                   45 us
[234.586s][info][gc,stats    ] Concurrent Class Unloading         2655 us
[234.586s][info][gc,stats    ]   Unlink Stale                     2308 us
[234.586s][info][gc,stats    ]     System Dictionary                 3 us
[234.586s][info][gc,stats    ]     Weak Class Links                  0 us
[234.586s][info][gc,stats    ]     Code Roots                     2302 us
[234.586s][info][gc,stats    ]   Rendezvous                         58 us
[234.586s][info][gc,stats    ]   Purge Unlinked                    206 us
[234.586s][info][gc,stats    ]     Code Roots                      192 us
[234.586s][info][gc,stats    ]     CLDG                             13 us
[234.586s][info][gc,stats    ]     Exception Caches                  0 us
[234.586s][info][gc,stats    ] Pause Final Roots (G)               142 us
[234.586s][info][gc,stats    ] Pause Final Roots (N)                61 us
[234.586s][info][gc,stats    ] 
[234.586s][info][gc,stats    ] Allocation pacing accrued:
[234.586s][info][gc,stats    ]       0 of   727 ms (  0.0%): <total>
[234.586s][info][gc,stats    ]       0 of   727 ms (  0.0%): <average total>
[234.586s][info][gc,stats    ] 
[234.586s][info][gc,metaspace] Metaspace: 9074K(9280K)->9074K(9280K) NonClass: 7902K(8000K)->7902K(8000K) Class: 1171K(1280K)->1171K(1280K)
[234.586s][info][gc,ergo     ] Pacer for Idle. Initial: 163M, Alloc Tax Rate: 1.0x
[235.502s][info][gc          ] Trigger: Learning 2 of 5. Free (5704M) is below initial threshold (5734M)
[235.502s][info][gc,ergo     ] Free: 5704M, Max: 4096K regular, 5704M humongous, Frag: 0% external, 0% internal; Reserve: 412M, Max: 4096K
[235.502s][info][gc,start    ] GC(269) Concurrent reset
[235.502s][info][gc,task     ] GC(269) Using 1 of 3 workers for concurrent reset
[235.502s][info][gc,ergo     ] GC(269) Pacer for Reset. Non-Taxable: 8192M
[235.502s][info][gc          ] GC(269) Concurrent reset 0.613ms
[235.502s][info][gc,start    ] GC(269) Pause Init Mark (unload classes)
[235.503s][info][gc,task     ] GC(269) Using 3 of 3 workers for init marking
[235.503s][info][gc,ergo     ] GC(269) Pacer for Mark. Expected Live: 10620K, Free: 5700M, Non-Taxable: 570M, Alloc Tax Rate: 0.0x
[235.503s][info][gc          ] GC(269) Pause Init Mark (unload classes) 0.178ms
[235.503s][info][gc,start    ] GC(269) Concurrent marking roots
[235.503s][info][gc,task     ] GC(269) Using 1 of 3 workers for concurrent marking roots
[235.503s][info][gc          ] GC(269) Concurrent marking roots 0.766ms
[235.503s][info][gc,start    ] GC(269) Concurrent marking (unload classes)
[235.503s][info][gc,task     ] GC(269) Using 1 of 3 workers for concurrent marking
[235.516s][info][gc          ] GC(269) Concurrent marking (unload classes) 12.838ms
[235.516s][info][gc,start    ] GC(269) Pause Final Mark (unload classes)
[235.516s][info][gc,task     ] GC(269) Using 3 of 3 workers for final marking
[235.517s][info][gc,ergo     ] GC(269) Collectable Garbage: 1960M (94%), Immediate: 1960M (94%), CSet: 0B (0%)
[235.517s][info][gc          ] GC(269) Pause Final Mark (unload classes) 0.346ms
[235.517s][info][gc,start    ] GC(269) Concurrent weak references
[235.517s][info][gc,task     ] GC(269) Using 1 of 3 workers for concurrent weak references
[235.517s][info][gc,ref      ] GC(269) Encountered references: Soft: 144, Weak: 702, Final: 0, Phantom: 27
[235.517s][info][gc,ref      ] GC(269) Discovered  references: Soft: 0, Weak: 150, Final: 0, Phantom: 12
[235.517s][info][gc,ref      ] GC(269) Enqueued    references: Soft: 0, Weak: 0, Final: 0, Phantom: 0
[235.517s][info][gc          ] GC(269) Concurrent weak references 0.141ms
[235.517s][info][gc,start    ] GC(269) Concurrent weak roots
[235.517s][info][gc,task     ] GC(269) Using 1 of 3 workers for concurrent weak root
[235.518s][info][gc          ] GC(269) Concurrent weak roots 0.601ms
[235.518s][info][gc,start    ] GC(269) Concurrent cleanup
[235.518s][info][gc          ] GC(269) Concurrent cleanup 2111M->151M(8192M) 0.047ms
[235.518s][info][gc,ergo     ] GC(269) Free: 7628M, Max: 4096K regular, 5668M humongous, Frag: 26% external, 0% internal; Reserve: 412M, Max: 4096K
[235.518s][info][gc,start    ] GC(269) Concurrent class unloading
[235.518s][info][gc,task     ] GC(269) Using 1 of 3 workers for concurrent class unloading
[235.520s][info][gc          ] GC(269) Concurrent class unloading 2.240ms
[235.520s][info][gc,start    ] GC(269) Pause Final Roots
[235.520s][info][gc          ] GC(269) Pause Final Roots 0.040ms
[235.520s][info][gc,ergo     ] Free: 7624M, Max: 4096K regular, 5668M humongous, Frag: 26% external, 0% internal; Reserve: 412M, Max: 4096K
[235.520s][info][gc,stats    ] 
[235.520s][info][gc,stats    ] All times are wall-clock times, except per-root-class counters, that are sum over
[235.520s][info][gc,stats    ] all workers. Dividing the <total> over the root stage time estimates parallelism.
[235.520s][info][gc,stats    ] 
[235.520s][info][gc,stats    ] Concurrent Reset                    671 us
[235.520s][info][gc,stats    ] Pause Init Mark (G)                 324 us
[235.520s][info][gc,stats    ] Pause Init Mark (N)                 195 us
[235.520s][info][gc,stats    ]   Update Region States               75 us
[235.520s][info][gc,stats    ] Concurrent Mark Roots               789 us, parallelism: 0.84x
[235.520s][info][gc,stats    ]   CMR: <total>                      662 us
[235.520s][info][gc,stats    ]   CMR: Thread Roots                 592 us, workers (us): 592, ---, ---, 
[235.520s][info][gc,stats    ]   CMR: VM Strong Roots                7 us, workers (us):   7, ---, ---, 
[235.520s][info][gc,stats    ]   CMR: CLDG Roots                    63 us, workers (us):  63, ---, ---, 
[235.520s][info][gc,stats    ] Concurrent Marking                12898 us
[235.521s][info][gc,stats    ] Pause Final Mark (G)                491 us
[235.521s][info][gc,stats    ] Pause Final Mark (N)                364 us
[235.521s][info][gc,stats    ]   Finish Mark                       113 us
[235.521s][info][gc,stats    ]   Update Region States               91 us
[235.521s][info][gc,stats    ]   Choose Collection Set              61 us
[235.521s][info][gc,stats    ]   Rebuild Free Set                   16 us
[235.521s][info][gc,stats    ] Concurrent Weak References          149 us, parallelism: 0.03x
[235.521s][info][gc,stats    ]   CWRF: <total>                       5 us
[235.521s][info][gc,stats    ]   CWRF: Weak References               5 us, workers (us):   5, ---, ---, 
[235.521s][info][gc,stats    ] Concurrent Weak Roots               626 us
[235.521s][info][gc,stats    ]   Roots                             503 us, parallelism: 0.89x
[235.521s][info][gc,stats    ]     CWR: <total>                    446 us
[235.521s][info][gc,stats    ]     CWR: Code Cache Roots           376 us, workers (us): 376, ---, ---, 
[235.521s][info][gc,stats    ]     CWR: VM Weak Roots               65 us, workers (us):  65, ---, ---, 
[235.521s][info][gc,stats    ]     CWR: CLDG Roots                   5 us, workers (us):   5, ---, ---, 
[235.521s][info][gc,stats    ]   Rendezvous                         81 us
[235.521s][info][gc,stats    ] Concurrent Cleanup                   56 us
[235.521s][info][gc,stats    ] Concurrent Class Unloading         2296 us
[235.521s][info][gc,stats    ]   Unlink Stale                     1849 us
[235.521s][info][gc,stats    ]     System Dictionary                 4 us
[235.521s][info][gc,stats    ]     Weak Class Links                  0 us
[235.521s][info][gc,stats    ]     Code Roots                     1844 us
[235.521s][info][gc,stats    ]   Rendezvous                        169 us
[235.521s][info][gc,stats    ]   Purge Unlinked                    200 us
[235.521s][info][gc,stats    ]     Code Roots                      190 us
[235.521s][info][gc,stats    ]     CLDG                              9 us
[235.521s][info][gc,stats    ]     Exception Caches                  0 us
[235.521s][info][gc,stats    ] Pause Final Roots (G)               169 us
[235.521s][info][gc,stats    ] Pause Final Roots (N)                58 us
[235.521s][info][gc,stats    ] 
[235.521s][info][gc,stats    ] Allocation pacing accrued:
[235.521s][info][gc,stats    ]       0 of   935 ms (  0.0%): <total>
[235.521s][info][gc,stats    ]       0 of   935 ms (  0.0%): <average total>
[235.521s][info][gc,stats    ] 
[235.521s][info][gc,metaspace] Metaspace: 9074K(9280K)->9074K(9280K) NonClass: 7902K(8000K)->7902K(8000K) Class: 1171K(1280K)->1171K(1280K)
[235.521s][info][gc,ergo     ] Pacer for Idle. Initial: 163M, Alloc Tax Rate: 1.0x
[236.396s][info][gc          ] Trigger: Learning 3 of 5. Free (5712M) is below initial threshold (5734M)
[236.396s][info][gc,ergo     ] Free: 5712M, Max: 4096K regular, 5668M humongous, Frag: 1% external, 0% internal; Reserve: 412M, Max: 4096K
[236.396s][info][gc,start    ] GC(270) Concurrent reset
[236.396s][info][gc,task     ] GC(270) Using 1 of 3 workers for concurrent reset
[236.396s][info][gc,ergo     ] GC(270) Pacer for Reset. Non-Taxable: 8192M
[236.397s][info][gc          ] GC(270) Concurrent reset 0.879ms
[236.397s][info][gc,start    ] GC(270) Pause Init Mark (unload classes)
[236.397s][info][gc,task     ] GC(270) Using 3 of 3 workers for init marking
[236.397s][info][gc,ergo     ] GC(270) Pacer for Mark. Expected Live: 11917K, Free: 5712M, Non-Taxable: 571M, Alloc Tax Rate: 0.0x
[236.397s][info][gc          ] GC(270) Pause Init Mark (unload classes) 0.204ms
[236.397s][info][gc,start    ] GC(270) Concurrent marking roots
[236.397s][info][gc,task     ] GC(270) Using 1 of 3 workers for concurrent marking roots
[236.398s][info][gc          ] GC(270) Concurrent marking roots 0.748ms
[236.398s][info][gc,start    ] GC(270) Concurrent marking (unload classes)
[236.398s][info][gc,task     ] GC(270) Using 1 of 3 workers for concurrent marking
[236.420s][info][gc          ] GC(270) Concurrent marking (unload classes) 21.532ms
[236.420s][info][gc,start    ] GC(270) Pause Final Mark (unload classes)
[236.420s][info][gc,task     ] GC(270) Using 3 of 3 workers for final marking
[236.420s][info][gc,ergo     ] GC(270) Collectable Garbage: 1928M (93%), Immediate: 1928M (93%), CSet: 0B (0%)
[236.420s][info][gc          ] GC(270) Pause Final Mark (unload classes) 0.339ms
[236.420s][info][gc,start    ] GC(270) Concurrent weak references
[236.420s][info][gc,task     ] GC(270) Using 1 of 3 workers for concurrent weak references
[236.420s][info][gc,ref      ] GC(270) Encountered references: Soft: 144, Weak: 702, Final: 0, Phantom: 27
[236.420s][info][gc,ref      ] GC(270) Discovered  references: Soft: 0, Weak: 150, Final: 0, Phantom: 12
[236.420s][info][gc,ref      ] GC(270) Enqueued    references: Soft: 0, Weak: 0, Final: 0, Phantom: 0
[236.421s][info][gc          ] GC(270) Concurrent weak references 0.148ms
[236.421s][info][gc,start    ] GC(270) Concurrent weak roots
[236.421s][info][gc,task     ] GC(270) Using 1 of 3 workers for concurrent weak root
[236.421s][info][gc          ] GC(270) Concurrent weak roots 0.727ms
[236.421s][info][gc,start    ] GC(270) Concurrent cleanup
[236.421s][info][gc          ] GC(270) Concurrent cleanup 2119M->191M(8192M) 0.042ms
[236.421s][info][gc,ergo     ] GC(270) Free: 7588M, Max: 4096K regular, 5660M humongous, Frag: 26% external, 0% internal; Reserve: 412M, Max: 4096K
[236.421s][info][gc,start    ] GC(270) Concurrent class unloading
[236.421s][info][gc,task     ] GC(270) Using 1 of 3 workers for concurrent class unloading
[236.423s][info][gc          ] GC(270) Concurrent class unloading 2.055ms
[236.423s][info][gc,start    ] GC(270) Pause Final Roots
[236.423s][info][gc          ] GC(270) Pause Final Roots 0.020ms
[236.424s][info][gc,ergo     ] Free: 7584M, Max: 4096K regular, 5660M humongous, Frag: 26% external, 0% internal; Reserve: 412M, Max: 4096K
[236.424s][info][gc,stats    ] 
[236.424s][info][gc,stats    ] All times are wall-clock times, except per-root-class counters, that are sum over
[236.424s][info][gc,stats    ] all workers. Dividing the <total> over the root stage time estimates parallelism.
[236.424s][info][gc,stats    ] 
[236.424s][info][gc,stats    ] Concurrent Reset                    961 us
[236.424s][info][gc,stats    ] Pause Init Mark (G)                 341 us
[236.424s][info][gc,stats    ] Pause Init Mark (N)                 213 us
[236.424s][info][gc,stats    ]   Update Region States               96 us
[236.424s][info][gc,stats    ] Concurrent Mark Roots               771 us, parallelism: 0.83x
[236.424s][info][gc,stats    ]   CMR: <total>                      643 us
[236.424s][info][gc,stats    ]   CMR: Thread Roots                 571 us, workers (us): 571, ---, ---, 
[236.424s][info][gc,stats    ]   CMR: VM Strong Roots                7 us, workers (us):   7, ---, ---, 
[236.424s][info][gc,stats    ]   CMR: CLDG Roots                    65 us, workers (us):  65, ---, ---, 
[236.424s][info][gc,stats    ] Concurrent Marking                21597 us
[236.424s][info][gc,stats    ] Pause Final Mark (G)                512 us
[236.424s][info][gc,stats    ] Pause Final Mark (N)                359 us
[236.424s][info][gc,stats    ]   Finish Mark                       101 us
[236.424s][info][gc,stats    ]   Update Region States               89 us
[236.424s][info][gc,stats    ]   Choose Collection Set              61 us
[236.424s][info][gc,stats    ]   Rebuild Free Set                   17 us
[236.424s][info][gc,stats    ] Concurrent Weak References          156 us, parallelism: 0.03x
[236.424s][info][gc,stats    ]   CWRF: <total>                       5 us
[236.424s][info][gc,stats    ]   CWRF: Weak References               5 us, workers (us):   5, ---, ---, 
[236.424s][info][gc,stats    ] Concurrent Weak Roots               746 us
[236.424s][info][gc,stats    ]   Roots                             634 us, parallelism: 0.89x
[236.424s][info][gc,stats    ]     CWR: <total>                    564 us
[236.424s][info][gc,stats    ]     CWR: Code Cache Roots           441 us, workers (us): 441, ---, ---, 
[236.424s][info][gc,stats    ]     CWR: VM Weak Roots              116 us, workers (us): 116, ---, ---, 
[236.424s][info][gc,stats    ]     CWR: CLDG Roots                   7 us, workers (us):   7, ---, ---, 
[236.424s][info][gc,stats    ]   Rendezvous                         77 us
[236.424s][info][gc,stats    ] Concurrent Cleanup                   50 us
[236.424s][info][gc,stats    ] Concurrent Class Unloading         2106 us
[236.424s][info][gc,stats    ]   Unlink Stale                     1844 us
[236.424s][info][gc,stats    ]     System Dictionary                 3 us
[236.424s][info][gc,stats    ]     Weak Class Links                  0 us
[236.424s][info][gc,stats    ]     Code Roots                     1840 us
[236.424s][info][gc,stats    ]   Rendezvous                         61 us
[236.424s][info][gc,stats    ]   Purge Unlinked                    133 us
[236.424s][info][gc,stats    ]     Code Roots                      129 us
[236.424s][info][gc,stats    ]     CLDG                              4 us
[236.424s][info][gc,stats    ]     Exception Caches                  0 us
[236.424s][info][gc,stats    ] Pause Final Roots (G)               112 us
[236.424s][info][gc,stats    ] Pause Final Roots (N)                28 us
[236.424s][info][gc,stats    ] 
[236.424s][info][gc,stats    ] Allocation pacing accrued:
[236.424s][info][gc,stats    ]       0 of   904 ms (  0.0%): <total>
[236.424s][info][gc,stats    ]       0 of   904 ms (  0.0%): <average total>
[236.424s][info][gc,stats    ] 
[236.424s][info][gc,metaspace] Metaspace: 9074K(9280K)->9074K(9280K) NonClass: 7902K(8000K)->7902K(8000K) Class: 1171K(1280K)->1171K(1280K)
[236.424s][info][gc,ergo     ] Pacer for Idle. Initial: 163M, Alloc Tax Rate: 1.0x
[237.306s][info][gc          ] Trigger: Learning 4 of 5. Free (5724M) is below initial threshold (5734M)
[237.306s][info][gc,ergo     ] Free: 5724M, Max: 4096K regular, 5660M humongous, Frag: 2% external, 0% internal; Reserve: 412M, Max: 4096K
[237.306s][info][gc,start    ] GC(271) Concurrent reset
[237.307s][info][gc,task     ] GC(271) Using 1 of 3 workers for concurrent reset
[237.307s][info][gc,ergo     ] GC(271) Pacer for Reset. Non-Taxable: 8192M
[237.307s][info][gc          ] GC(271) Concurrent reset 1.004ms
[237.308s][info][gc,start    ] GC(271) Pause Init Mark (unload classes)
[237.308s][info][gc,task     ] GC(271) Using 3 of 3 workers for init marking
[237.308s][info][gc,ergo     ] GC(271) Pacer for Mark. Expected Live: 13146K, Free: 5724M, Non-Taxable: 572M, Alloc Tax Rate: 0.0x
[237.308s][info][gc          ] GC(271) Pause Init Mark (unload classes) 0.172ms
[237.308s][info][gc,start    ] GC(271) Concurrent marking roots
[237.308s][info][gc,task     ] GC(271) Using 1 of 3 workers for concurrent marking roots
[237.308s][info][gc          ] GC(271) Concurrent marking roots 0.538ms
[237.308s][info][gc,start    ] GC(271) Concurrent marking (unload classes)
[237.308s][info][gc,task     ] GC(271) Using 1 of 3 workers for concurrent marking
[237.338s][info][gc          ] GC(271) Concurrent marking (unload classes) 29.973ms
[237.339s][info][gc,start    ] GC(271) Pause Final Mark (unload classes)
[237.339s][info][gc,task     ] GC(271) Using 3 of 3 workers for final marking
[237.339s][info][gc,ergo     ] GC(271) Collectable Garbage: 1899M (93%), Immediate: 1899M (93%), CSet: 0B (0%)
[237.339s][info][gc          ] GC(271) Pause Final Mark (unload classes) 0.242ms
[237.339s][info][gc,start    ] GC(271) Concurrent weak references
[237.339s][info][gc,task     ] GC(271) Using 1 of 3 workers for concurrent weak references
[237.339s][info][gc,ref      ] GC(271) Encountered references: Soft: 144, Weak: 702, Final: 0, Phantom: 27
[237.339s][info][gc,ref      ] GC(271) Discovered  references: Soft: 0, Weak: 150, Final: 0, Phantom: 12
[237.339s][info][gc,ref      ] GC(271) Enqueued    references: Soft: 0, Weak: 0, Final: 0, Phantom: 0
[237.339s][info][gc          ] GC(271) Concurrent weak references 0.171ms
[237.339s][info][gc,start    ] GC(271) Concurrent weak roots
[237.339s][info][gc,task     ] GC(271) Using 1 of 3 workers for concurrent weak root
[237.340s][info][gc          ] GC(271) Concurrent weak roots 0.570ms
[237.340s][info][gc,start    ] GC(271) Concurrent cleanup
[237.340s][info][gc          ] GC(271) Concurrent cleanup 2111M->211M(8192M) 0.041ms
[237.340s][info][gc,ergo     ] GC(271) Free: 7568M, Max: 4096K regular, 5680M humongous, Frag: 25% external, 0% internal; Reserve: 412M, Max: 4096K
[237.340s][info][gc,start    ] GC(271) Concurrent class unloading
[237.340s][info][gc,task     ] GC(271) Using 1 of 3 workers for concurrent class unloading
[237.342s][info][gc          ] GC(271) Concurrent class unloading 2.105ms
[237.342s][info][gc,start    ] GC(271) Pause Final Roots
[237.342s][info][gc          ] GC(271) Pause Final Roots 0.041ms
[237.342s][info][gc,ergo     ] Free: 7564M, Max: 4096K regular, 5680M humongous, Frag: 25% external, 0% internal; Reserve: 412M, Max: 4096K
[237.342s][info][gc,stats    ] 
[237.342s][info][gc,stats    ] All times are wall-clock times, except per-root-class counters, that are sum over
[237.342s][info][gc,stats    ] all workers. Dividing the <total> over the root stage time estimates parallelism.
[237.342s][info][gc,stats    ] 
[237.342s][info][gc,stats    ] Concurrent Reset                   1081 us
[237.342s][info][gc,stats    ] Pause Init Mark (G)                 336 us
[237.342s][info][gc,stats    ] Pause Init Mark (N)                 189 us
[237.342s][info][gc,stats    ]   Update Region States               68 us
[237.342s][info][gc,stats    ] Concurrent Mark Roots               561 us, parallelism: 0.72x
[237.342s][info][gc,stats    ]   CMR: <total>                      401 us
[237.342s][info][gc,stats    ]   CMR: Thread Roots                 329 us, workers (us): 329, ---, ---, 
[237.342s][info][gc,stats    ]   CMR: VM Strong Roots                9 us, workers (us):   9, ---, ---, 
[237.342s][info][gc,stats    ]   CMR: CLDG Roots                    63 us, workers (us):  63, ---, ---, 
[237.342s][info][gc,stats    ] Concurrent Marking                30041 us
[237.342s][info][gc,stats    ] Pause Final Mark (G)                371 us
[237.342s][info][gc,stats    ] Pause Final Mark (N)                251 us
[237.342s][info][gc,stats    ]   Finish Mark                        86 us
[237.342s][info][gc,stats    ]   Update Region States               54 us
[237.342s][info][gc,stats    ]   Choose Collection Set              40 us
[237.342s][info][gc,stats    ]   Rebuild Free Set                    7 us
[237.342s][info][gc,stats    ] Concurrent Weak References          187 us, parallelism: 0.03x
[237.342s][info][gc,stats    ]   CWRF: <total>                       5 us
[237.342s][info][gc,stats    ]   CWRF: Weak References               5 us, workers (us):   5, ---, ---, 
[237.342s][info][gc,stats    ] Concurrent Weak Roots               589 us
[237.342s][info][gc,stats    ]   Roots                             484 us, parallelism: 0.88x
[237.342s][info][gc,stats    ]     CWR: <total>                    427 us
[237.342s][info][gc,stats    ]     CWR: Code Cache Roots           356 us, workers (us): 356, ---, ---, 
[237.342s][info][gc,stats    ]     CWR: VM Weak Roots               65 us, workers (us):  65, ---, ---, 
[237.342s][info][gc,stats    ]     CWR: CLDG Roots                   6 us, workers (us):   6, ---, ---, 
[237.342s][info][gc,stats    ]   Rendezvous                         54 us
[237.342s][info][gc,stats    ] Concurrent Cleanup                   49 us
[237.342s][info][gc,stats    ] Concurrent Class Unloading         2154 us
[237.342s][info][gc,stats    ]   Unlink Stale                     1828 us
[237.342s][info][gc,stats    ]     System Dictionary                 3 us
[237.342s][info][gc,stats    ]     Weak Class Links                  0 us
[237.342s][info][gc,stats    ]     Code Roots                     1824 us
[237.342s][info][gc,stats    ]   Rendezvous                         99 us
[237.342s][info][gc,stats    ]   Purge Unlinked                    160 us
[237.342s][info][gc,stats    ]     Code Roots                      149 us
[237.342s][info][gc,stats    ]     CLDG                             10 us
[237.343s][info][gc,stats    ]     Exception Caches                  0 us
[237.343s][info][gc,stats    ] Pause Final Roots (G)               182 us
[237.343s][info][gc,stats    ] Pause Final Roots (N)                59 us
[237.343s][info][gc,stats    ] 
[237.343s][info][gc,stats    ] Allocation pacing accrued:
[237.343s][info][gc,stats    ]       0 of   918 ms (  0.0%): <total>
[237.343s][info][gc,stats    ]       0 of   918 ms (  0.0%): <average total>
[237.343s][info][gc,stats    ] 
[237.343s][info][gc,metaspace] Metaspace: 9074K(9280K)->9074K(9280K) NonClass: 7902K(8000K)->7902K(8000K) Class: 1171K(1280K)->1171K(1280K)
[237.343s][info][gc,ergo     ] Pacer for Idle. Initial: 163M, Alloc Tax Rate: 1.0x
[238.044s][info][gc          ] Trigger: Explicit GC request (System.gc())
[238.044s][info][gc,ergo     ] Free: 6680M, Max: 4096K regular, 5680M humongous, Frag: 15% external, 0% internal; Reserve: 412M, Max: 4096K
[238.044s][info][gc,start    ] GC(272) Concurrent reset
[238.044s][info][gc,task     ] GC(272) Using 1 of 3 workers for concurrent reset
[238.044s][info][gc,ergo     ] GC(272) Pacer for Reset. Non-Taxable: 8192M
[238.045s][info][gc          ] GC(272) Concurrent reset 0.862ms
[238.045s][info][gc,start    ] GC(272) Pause Init Mark (unload classes)
[238.046s][info][gc,task     ] GC(272) Using 3 of 3 workers for init marking
[238.046s][info][gc,ref      ] GC(272) Clearing All SoftReferences
[238.046s][info][gc,ergo     ] GC(272) Pacer for Mark. Expected Live: 14412K, Free: 6680M, Non-Taxable: 668M, Alloc Tax Rate: 0.0x
[238.046s][info][gc          ] GC(272) Pause Init Mark (unload classes) 0.207ms
[238.046s][info][gc,start    ] GC(272) Concurrent marking roots
[238.046s][info][gc,task     ] GC(272) Using 1 of 3 workers for concurrent marking roots
[238.047s][info][gc          ] GC(272) Concurrent marking roots 0.772ms
[238.047s][info][gc,start    ] GC(272) Concurrent marking (unload classes)
[238.047s][info][gc,task     ] GC(272) Using 1 of 3 workers for concurrent marking
[238.051s][info][gc          ] GC(272) Concurrent marking (unload classes) 3.950ms
[238.051s][info][gc,start    ] GC(272) Pause Final Mark (unload classes)
[238.051s][info][gc,task     ] GC(272) Using 3 of 3 workers for final marking
[238.051s][info][gc,ergo     ] GC(272) Collectable Garbage: 1019M (92%), Immediate: 1019M (92%), CSet: 0B (0%)
[238.051s][info][gc          ] GC(272) Pause Final Mark (unload classes) 0.279ms
[238.051s][info][gc,start    ] GC(272) Concurrent weak references
[238.051s][info][gc,task     ] GC(272) Using 1 of 3 workers for concurrent weak references
[238.051s][info][gc,ref      ] GC(272) Encountered references: Soft: 144, Weak: 702, Final: 0, Phantom: 27
[238.051s][info][gc,ref      ] GC(272) Discovered  references: Soft: 89, Weak: 168, Final: 0, Phantom: 25
[238.051s][info][gc,ref      ] GC(272) Enqueued    references: Soft: 3, Weak: 0, Final: 0, Phantom: 0
[238.051s][info][gc          ] GC(272) Concurrent weak references 0.164ms
[238.051s][info][gc,start    ] GC(272) Concurrent weak roots
[238.051s][info][gc,task     ] GC(272) Using 1 of 3 workers for concurrent weak root
[238.052s][info][gc          ] GC(272) Concurrent weak roots 0.550ms
[238.052s][info][gc,start    ] GC(272) Concurrent cleanup
[238.052s][info][gc          ] GC(272) Concurrent cleanup 1099M->79M(8192M) 0.037ms
[238.052s][info][gc,ergo     ] GC(272) Free: 7700M, Max: 4096K regular, 6800M humongous, Frag: 12% external, 0% internal; Reserve: 412M, Max: 4096K
[238.052s][info][gc,start    ] GC(272) Concurrent class unloading
[238.052s][info][gc,task     ] GC(272) Using 1 of 3 workers for concurrent class unloading
[238.054s][info][gc          ] GC(272) Concurrent class unloading 2.298ms
[238.054s][info][gc,start    ] GC(272) Pause Final Roots
[238.054s][info][gc          ] GC(272) Pause Final Roots 0.020ms
[238.054s][info][gc,ergo     ] Free: 7700M, Max: 4096K regular, 6800M humongous, Frag: 12% external, 0% internal; Reserve: 412M, Max: 4096K
[238.054s][info][gc,stats    ] 
[238.054s][info][gc,stats    ] All times are wall-clock times, except per-root-class counters, that are sum over
[238.054s][info][gc,stats    ] all workers. Dividing the <total> over the root stage time estimates parallelism.
[238.054s][info][gc,stats    ] 
[238.054s][info][gc,stats    ] Concurrent Reset                    950 us
[238.054s][info][gc,stats    ] Pause Init Mark (G)                 334 us
[238.054s][info][gc,stats    ] Pause Init Mark (N)                 217 us
[238.054s][info][gc,stats    ]   Update Region States               96 us
[238.054s][info][gc,stats    ] Concurrent Mark Roots               812 us, parallelism: 0.77x
[238.054s][info][gc,stats    ]   CMR: <total>                      623 us
[238.054s][info][gc,stats    ]   CMR: Thread Roots                 553 us, workers (us): 553, ---, ---, 
[238.054s][info][gc,stats    ]   CMR: VM Strong Roots                7 us, workers (us):   7, ---, ---, 
[238.055s][info][gc,stats    ]   CMR: CLDG Roots                    63 us, workers (us):  63, ---, ---, 
[238.055s][info][gc,stats    ] Concurrent Marking                 4009 us
[238.055s][info][gc,stats    ] Pause Final Mark (G)                395 us
[238.055s][info][gc,stats    ] Pause Final Mark (N)                288 us
[238.055s][info][gc,stats    ]   Finish Mark                        91 us
[238.055s][info][gc,stats    ]   Update Region States               57 us
[238.055s][info][gc,stats    ]   Choose Collection Set              39 us
[238.055s][info][gc,stats    ]   Rebuild Free Set                    8 us
[238.055s][info][gc,stats    ] Concurrent Weak References          180 us, parallelism: 0.05x
[238.055s][info][gc,stats    ]   CWRF: <total>                       8 us
[238.055s][info][gc,stats    ]   CWRF: Weak References               8 us, workers (us):   8, ---, ---, 
[238.055s][info][gc,stats    ] Concurrent Weak Roots               570 us
[238.055s][info][gc,stats    ]   Roots                             442 us, parallelism: 0.85x
[238.055s][info][gc,stats    ]     CWR: <total>                    375 us
[238.055s][info][gc,stats    ]     CWR: Code Cache Roots           309 us, workers (us): 309, ---, ---, 
[238.055s][info][gc,stats    ]     CWR: VM Weak Roots               62 us, workers (us):  62, ---, ---, 
[238.055s][info][gc,stats    ]     CWR: CLDG Roots                   4 us, workers (us):   4, ---, ---, 
[238.055s][info][gc,stats    ]   Rendezvous                         78 us
[238.055s][info][gc,stats    ] Concurrent Cleanup                   45 us
[238.055s][info][gc,stats    ] Concurrent Class Unloading         2349 us
[238.055s][info][gc,stats    ]   Unlink Stale                     2112 us
[238.055s][info][gc,stats    ]     System Dictionary                 3 us
[238.055s][info][gc,stats    ]     Weak Class Links                  0 us
[238.055s][info][gc,stats    ]     Code Roots                     2107 us
[238.055s][info][gc,stats    ]   Rendezvous                         59 us
[238.055s][info][gc,stats    ]   Purge Unlinked                    109 us
[238.055s][info][gc,stats    ]     Code Roots                       99 us
[238.055s][info][gc,stats    ]     CLDG                              9 us
[238.055s][info][gc,stats    ]     Exception Caches                  0 us
[238.055s][info][gc,stats    ] Pause Final Roots (G)                91 us
[238.055s][info][gc,stats    ] Pause Final Roots (N)                28 us
[238.055s][info][gc,stats    ] 
[238.055s][info][gc,stats    ] Allocation pacing accrued:
[238.055s][info][gc,stats    ]       0 of   712 ms (  0.0%): <total>
[238.055s][info][gc,stats    ]       0 of   712 ms (  0.0%): <average total>
[238.055s][info][gc,stats    ] 
[238.055s][info][gc,metaspace] Metaspace: 9074K(9280K)->9074K(9280K) NonClass: 7902K(8000K)->7902K(8000K) Class: 1171K(1280K)->1171K(1280K)
[238.055s][info][gc,ergo     ] Pacer for Idle. Initial: 163M, Alloc Tax Rate: 1.0x
[238.971s][info][gc          ] Trigger: Learning 2 of 5. Free (5700M) is below initial threshold (5734M)
[238.971s][info][gc,ergo     ] Free: 5700M, Max: 4096K regular, 5700M humongous, Frag: 0% external, 0% internal; Reserve: 412M, Max: 4096K
[238.971s][info][gc,start    ] GC(273) Concurrent reset
[238.971s][info][gc,task     ] GC(273) Using 1 of 3 workers for concurrent reset
[238.971s][info][gc,ergo     ] GC(273) Pacer for Reset. Non-Taxable: 8192M
[238.971s][info][gc          ] GC(273) Concurrent reset 0.713ms
[238.972s][info][gc,start    ] GC(273) Pause Init Mark (unload classes)
[238.972s][info][gc,task     ] GC(273) Using 3 of 3 workers for init marking
[238.972s][info][gc,ergo     ] GC(273) Pacer for Mark. Expected Live: 10669K, Free: 5696M, Non-Taxable: 569M, Alloc Tax Rate: 0.0x
[238.972s][info][gc          ] GC(273) Pause Init Mark (unload classes) 0.143ms
[238.972s][info][gc,start    ] GC(273) Concurrent marking roots
[238.972s][info][gc,task     ] GC(273) Using 1 of 3 workers for concurrent marking roots
[238.972s][info][gc          ] GC(273) Concurrent marking roots 0.455ms
[238.972s][info][gc,start    ] GC(273) Concurrent marking (unload classes)
[238.972s][info][gc,task     ] GC(273) Using 1 of 3 workers for concurrent marking
[238.985s][info][gc          ] GC(273) Concurrent marking (unload classes) 13.180ms
[238.986s][info][gc,start    ] GC(273) Pause Final Mark (unload classes)
[238.986s][info][gc,task     ] GC(273) Using 3 of 3 workers for final marking
[238.986s][info][gc,ergo     ] GC(273) Collectable Garbage: 1960M (94%), Immediate: 1960M (94%), CSet: 0B (0%)
[238.986s][info][gc          ] GC(273) Pause Final Mark (unload classes) 0.354ms
[238.986s][info][gc,start    ] GC(273) Concurrent weak references
[238.986s][info][gc,task     ] GC(273) Using 1 of 3 workers for concurrent weak references
[238.986s][info][gc,ref      ] GC(273) Encountered references: Soft: 144, Weak: 702, Final: 0, Phantom: 27
[238.986s][info][gc,ref      ] GC(273) Discovered  references: Soft: 0, Weak: 150, Final: 0, Phantom: 12
[238.986s][info][gc,ref      ] GC(273) Enqueued    references: Soft: 0, Weak: 0, Final: 0, Phantom: 0
[238.986s][info][gc          ] GC(273) Concurrent weak references 0.238ms
[238.986s][info][gc,start    ] GC(273) Concurrent weak roots
[238.986s][info][gc,task     ] GC(273) Using 1 of 3 workers for concurrent weak root
[238.987s][info][gc          ] GC(273) Concurrent weak roots 0.632ms
[238.987s][info][gc,start    ] GC(273) Concurrent cleanup
[238.987s][info][gc          ] GC(273) Concurrent cleanup 2115M->155M(8192M) 0.044ms
[238.987s][info][gc,ergo     ] GC(273) Free: 7624M, Max: 4096K regular, 5664M humongous, Frag: 26% external, 0% internal; Reserve: 412M, Max: 4096K
[238.987s][info][gc,start    ] GC(273) Concurrent class unloading
[238.987s][info][gc,task     ] GC(273) Using 1 of 3 workers for concurrent class unloading
[238.989s][info][gc          ] GC(273) Concurrent class unloading 2.034ms
[238.989s][info][gc,start    ] GC(273) Pause Final Roots
[238.989s][info][gc          ] GC(273) Pause Final Roots 0.032ms
[238.989s][info][gc,ergo     ] Free: 7620M, Max: 4096K regular, 5664M humongous, Frag: 26% external, 0% internal; Reserve: 412M, Max: 4096K
[238.989s][info][gc,stats    ] 
[238.989s][info][gc,stats    ] All times are wall-clock times, except per-root-class counters, that are sum over
[238.989s][info][gc,stats    ] all workers. Dividing the <total> over the root stage time estimates parallelism.
[238.989s][info][gc,stats    ] 
[238.989s][info][gc,stats    ] Concurrent Reset                    765 us
[238.989s][info][gc,stats    ] Pause Init Mark (G)                 261 us
[238.989s][info][gc,stats    ] Pause Init Mark (N)                 152 us
[238.989s][info][gc,stats    ]   Update Region States               70 us
[238.989s][info][gc,stats    ] Concurrent Mark Roots               474 us, parallelism: 0.78x
[238.989s][info][gc,stats    ]   CMR: <total>                      369 us
[238.989s][info][gc,stats    ]   CMR: Thread Roots                 328 us, workers (us): 328, ---, ---, 
[238.989s][info][gc,stats    ]   CMR: VM Strong Roots                5 us, workers (us):   5, ---, ---, 
[238.989s][info][gc,stats    ]   CMR: CLDG Roots                    36 us, workers (us):  36, ---, ---, 
[238.989s][info][gc,stats    ] Concurrent Marking                13239 us
[238.989s][info][gc,stats    ] Pause Final Mark (G)                516 us
[238.989s][info][gc,stats    ] Pause Final Mark (N)                373 us
[238.989s][info][gc,stats    ]   Finish Mark                       125 us
[238.989s][info][gc,stats    ]   Update Region States               90 us
[238.989s][info][gc,stats    ]   Choose Collection Set              61 us
[238.989s][info][gc,stats    ]   Rebuild Free Set                   16 us
[238.989s][info][gc,stats    ] Concurrent Weak References          261 us, parallelism: 0.03x
[238.989s][info][gc,stats    ]   CWRF: <total>                       8 us
[238.989s][info][gc,stats    ]   CWRF: Weak References               8 us, workers (us):   8, ---, ---, 
[238.989s][info][gc,stats    ] Concurrent Weak Roots               653 us
[238.989s][info][gc,stats    ]   Roots                             510 us, parallelism: 0.89x
[238.989s][info][gc,stats    ]     CWR: <total>                    453 us
[238.989s][info][gc,stats    ]     CWR: Code Cache Roots           380 us, workers (us): 380, ---, ---, 
[238.989s][info][gc,stats    ]     CWR: VM Weak Roots               68 us, workers (us):  68, ---, ---, 
[238.989s][info][gc,stats    ]     CWR: CLDG Roots                   6 us, workers (us):   6, ---, ---, 
[238.989s][info][gc,stats    ]   Rendezvous                         84 us
[238.989s][info][gc,stats    ] Concurrent Cleanup                   52 us
[238.990s][info][gc,stats    ] Concurrent Class Unloading         2089 us
[238.990s][info][gc,stats    ]   Unlink Stale                     1847 us
[238.990s][info][gc,stats    ]     System Dictionary                 3 us
[238.990s][info][gc,stats    ]     Weak Class Links                  0 us
[238.990s][info][gc,stats    ]     Code Roots                     1843 us
[238.990s][info][gc,stats    ]   Rendezvous                         51 us
[238.990s][info][gc,stats    ]   Purge Unlinked                    117 us
[238.990s][info][gc,stats    ]     Code Roots                      107 us
[238.990s][info][gc,stats    ]     CLDG                              9 us
[238.990s][info][gc,stats    ]     Exception Caches                  0 us
[238.990s][info][gc,stats    ] Pause Final Roots (G)               138 us
[238.990s][info][gc,stats    ] Pause Final Roots (N)                41 us
[238.990s][info][gc,stats    ] 
[238.990s][info][gc,stats    ] Allocation pacing accrued:
[238.990s][info][gc,stats    ]       0 of   935 ms (  0.0%): <total>
[238.990s][info][gc,stats    ]       0 of   935 ms (  0.0%): <average total>
[238.990s][info][gc,stats    ] 
[238.990s][info][gc,metaspace] Metaspace: 9074K(9280K)->9074K(9280K) NonClass: 7902K(8000K)->7902K(8000K) Class: 1171K(1280K)->1171K(1280K)
[238.990s][info][gc,ergo     ] Pacer for Idle. Initial: 163M, Alloc Tax Rate: 1.0x
[239.865s][info][gc          ] Trigger: Learning 3 of 5. Free (5712M) is below initial threshold (5734M)
[239.865s][info][gc,ergo     ] Free: 5712M, Max: 4096K regular, 5664M humongous, Frag: 1% external, 0% internal; Reserve: 412M, Max: 4096K
[239.865s][info][gc,start    ] GC(274) Concurrent reset
[239.865s][info][gc,task     ] GC(274) Using 1 of 3 workers for concurrent reset
[239.865s][info][gc,ergo     ] GC(274) Pacer for Reset. Non-Taxable: 8192M
[239.866s][info][gc          ] GC(274) Concurrent reset 0.894ms
[239.866s][info][gc,start    ] GC(274) Pause Init Mark (unload classes)
[239.866s][info][gc,task     ] GC(274) Using 3 of 3 workers for init marking
[239.866s][info][gc,ergo     ] GC(274) Pacer for Mark. Expected Live: 11970K, Free: 5708M, Non-Taxable: 570M, Alloc Tax Rate: 0.0x
[239.866s][info][gc          ] GC(274) Pause Init Mark (unload classes) 0.181ms
[239.866s][info][gc,start    ] GC(274) Concurrent marking roots
[239.866s][info][gc,task     ] GC(274) Using 1 of 3 workers for concurrent marking roots
[239.867s][info][gc          ] GC(274) Concurrent marking roots 0.519ms
[239.867s][info][gc,start    ] GC(274) Concurrent marking (unload classes)
[239.867s][info][gc,task     ] GC(274) Using 1 of 3 workers for concurrent marking
[239.889s][info][gc          ] GC(274) Concurrent marking (unload classes) 21.762ms
[239.889s][info][gc,start    ] GC(274) Pause Final Mark (unload classes)
[239.889s][info][gc,task     ] GC(274) Using 3 of 3 workers for final marking
[239.889s][info][gc,ergo     ] GC(274) Collectable Garbage: 1927M (93%), Immediate: 1927M (93%), CSet: 0B (0%)
[239.889s][info][gc          ] GC(274) Pause Final Mark (unload classes) 0.373ms
[239.889s][info][gc,start    ] GC(274) Concurrent weak references
[239.889s][info][gc,task     ] GC(274) Using 1 of 3 workers for concurrent weak references
[239.889s][info][gc,ref      ] GC(274) Encountered references: Soft: 144, Weak: 702, Final: 0, Phantom: 27
[239.889s][info][gc,ref      ] GC(274) Discovered  references: Soft: 0, Weak: 150, Final: 0, Phantom: 12
[239.889s][info][gc,ref      ] GC(274) Enqueued    references: Soft: 0, Weak: 0, Final: 0, Phantom: 0
[239.889s][info][gc          ] GC(274) Concurrent weak references 0.140ms
[239.889s][info][gc,start    ] GC(274) Concurrent weak roots
[239.889s][info][gc,task     ] GC(274) Using 1 of 3 workers for concurrent weak root
[239.890s][info][gc          ] GC(274) Concurrent weak roots 0.698ms
[239.890s][info][gc,start    ] GC(274) Concurrent cleanup
[239.890s][info][gc          ] GC(274) Concurrent cleanup 2123M->195M(8192M) 0.043ms
[239.890s][info][gc,ergo     ] GC(274) Free: 7584M, Max: 4096K regular, 5656M humongous, Frag: 26% external, 0% internal; Reserve: 412M, Max: 4096K
[239.890s][info][gc,start    ] GC(274) Concurrent class unloading
[239.890s][info][gc,task     ] GC(274) Using 1 of 3 workers for concurrent class unloading
[239.892s][info][gc          ] GC(274) Concurrent class unloading 2.218ms
[239.893s][info][gc,start    ] GC(274) Pause Final Roots
[239.893s][info][gc          ] GC(274) Pause Final Roots 0.039ms
[239.893s][info][gc,ergo     ] Free: 7580M, Max: 4096K regular, 5656M humongous, Frag: 26% external, 0% internal; Reserve: 412M, Max: 4096K
[239.893s][info][gc,stats    ] 
[239.893s][info][gc,stats    ] All times are wall-clock times, except per-root-class counters, that are sum over
[239.893s][info][gc,stats    ] all workers. Dividing the <total> over the root stage time estimates parallelism.
[239.893s][info][gc,stats    ] 
[239.893s][info][gc,stats    ] Concurrent Reset                    978 us
[239.893s][info][gc,stats    ] Pause Init Mark (G)                 348 us
[239.893s][info][gc,stats    ] Pause Init Mark (N)                 198 us
[239.893s][info][gc,stats    ]   Update Region States               77 us
[239.893s][info][gc,stats    ] Concurrent Mark Roots               556 us, parallelism: 0.69x
[239.893s][info][gc,stats    ]   CMR: <total>                      382 us
[239.893s][info][gc,stats    ]   CMR: Thread Roots                 335 us, workers (us): 335, ---, ---, 
[239.893s][info][gc,stats    ]   CMR: VM Strong Roots                5 us, workers (us):   5, ---, ---, 
[239.893s][info][gc,stats    ]   CMR: CLDG Roots                    42 us, workers (us):  42, ---, ---, 
[239.893s][info][gc,stats    ] Concurrent Marking                21827 us
[239.893s][info][gc,stats    ] Pause Final Mark (G)                522 us
[239.893s][info][gc,stats    ] Pause Final Mark (N)                392 us
[239.893s][info][gc,stats    ]   Finish Mark                       130 us
[239.893s][info][gc,stats    ]   Update Region States               90 us
[239.893s][info][gc,stats    ]   Choose Collection Set              63 us
[239.893s][info][gc,stats    ]   Rebuild Free Set                   16 us
[239.893s][info][gc,stats    ] Concurrent Weak References          147 us, parallelism: 0.05x
[239.893s][info][gc,stats    ]   CWRF: <total>                       8 us
[239.893s][info][gc,stats    ]   CWRF: Weak References               8 us, workers (us):   8, ---, ---, 
[239.893s][info][gc,stats    ] Concurrent Weak Roots               717 us
[239.893s][info][gc,stats    ]   Roots                             630 us, parallelism: 0.89x
[239.893s][info][gc,stats    ]     CWR: <total>                    558 us
[239.893s][info][gc,stats    ]     CWR: Code Cache Roots           438 us, workers (us): 438, ---, ---, 
[239.893s][info][gc,stats    ]     CWR: VM Weak Roots              113 us, workers (us): 113, ---, ---, 
[239.893s][info][gc,stats    ]     CWR: CLDG Roots                   7 us, workers (us):   7, ---, ---, 
[239.893s][info][gc,stats    ]   Rendezvous                         53 us
[239.893s][info][gc,stats    ] Concurrent Cleanup                   50 us
[239.893s][info][gc,stats    ] Concurrent Class Unloading         2269 us
[239.893s][info][gc,stats    ]   Unlink Stale                     1851 us
[239.893s][info][gc,stats    ]     System Dictionary                 3 us
[239.893s][info][gc,stats    ]     Weak Class Links                  0 us
[239.893s][info][gc,stats    ]     Code Roots                     1847 us
[239.893s][info][gc,stats    ]   Rendezvous                        206 us
[239.893s][info][gc,stats    ]   Purge Unlinked                    142 us
[239.893s][info][gc,stats    ]     Code Roots                      133 us
[239.893s][info][gc,stats    ]     CLDG                              8 us
[239.893s][info][gc,stats    ]     Exception Caches                  0 us
[239.893s][info][gc,stats    ] Pause Final Roots (G)               167 us
[239.893s][info][gc,stats    ] Pause Final Roots (N)                57 us
[239.893s][info][gc,stats    ] 
[239.893s][info][gc,stats    ] Allocation pacing accrued:
[239.893s][info][gc,stats    ]       0 of   904 ms (  0.0%): <total>
[239.893s][info][gc,stats    ]       0 of   904 ms (  0.0%): <average total>
[239.893s][info][gc,stats    ] 
[239.893s][info][gc,metaspace] Metaspace: 9074K(9280K)->9074K(9280K) NonClass: 7902K(8000K)->7902K(8000K) Class: 1171K(1280K)->1171K(1280K)
[239.893s][info][gc,ergo     ] Pacer for Idle. Initial: 163M, Alloc Tax Rate: 1.0x
[240.776s][info][gc          ] Trigger: Learning 4 of 5. Free (5732M) is below initial threshold (5734M)
[240.776s][info][gc,ergo     ] Free: 5732M, Max: 4096K regular, 5656M humongous, Frag: 2% external, 0% internal; Reserve: 412M, Max: 4096K
[240.776s][info][gc,start    ] GC(275) Concurrent reset
[240.776s][info][gc,task     ] GC(275) Using 1 of 3 workers for concurrent reset
[240.776s][info][gc,ergo     ] GC(275) Pacer for Reset. Non-Taxable: 8192M
[240.777s][info][gc          ] GC(275) Concurrent reset 1.026ms
[240.777s][info][gc,start    ] GC(275) Pause Init Mark (unload classes)
[240.777s][info][gc,task     ] GC(275) Using 3 of 3 workers for init marking
[240.777s][info][gc,ergo     ] GC(275) Pacer for Mark. Expected Live: 13192K, Free: 5728M, Non-Taxable: 572M, Alloc Tax Rate: 0.0x
[240.777s][info][gc          ] GC(275) Pause Init Mark (unload classes) 0.169ms
[240.777s][info][gc,start    ] GC(275) Concurrent marking roots
[240.777s][info][gc,task     ] GC(275) Using 1 of 3 workers for concurrent marking roots
[240.778s][info][gc          ] GC(275) Concurrent marking roots 0.426ms
[240.778s][info][gc,start    ] GC(275) Concurrent marking (unload classes)
[240.778s][info][gc,task     ] GC(275) Using 1 of 3 workers for concurrent marking
[240.807s][info][gc          ] GC(275) Concurrent marking (unload classes) 29.565ms
[240.807s][info][gc,start    ] GC(275) Pause Final Mark (unload classes)
[240.807s][info][gc,task     ] GC(275) Using 3 of 3 workers for final marking
[240.808s][info][gc,ergo     ] GC(275) Collectable Garbage: 1903M (93%), Immediate: 1903M (93%), CSet: 0B (0%)
[240.808s][info][gc          ] GC(275) Pause Final Mark (unload classes) 0.349ms
[240.808s][info][gc,start    ] GC(275) Concurrent weak references
[240.808s][info][gc,task     ] GC(275) Using 1 of 3 workers for concurrent weak references
[240.808s][info][gc,ref      ] GC(275) Encountered references: Soft: 144, Weak: 702, Final: 0, Phantom: 27
[240.808s][info][gc,ref      ] GC(275) Discovered  references: Soft: 0, Weak: 150, Final: 0, Phantom: 12
[240.808s][info][gc,ref      ] GC(275) Enqueued    references: Soft: 0, Weak: 0, Final: 0, Phantom: 0
[240.808s][info][gc          ] GC(275) Concurrent weak references 0.195ms
[240.808s][info][gc,start    ] GC(275) Concurrent weak roots
[240.808s][info][gc,task     ] GC(275) Using 1 of 3 workers for concurrent weak root
[240.809s][info][gc          ] GC(275) Concurrent weak roots 0.581ms
[240.809s][info][gc,start    ] GC(275) Concurrent cleanup
[240.809s][info][gc          ] GC(275) Concurrent cleanup 2107M->203M(8192M) 0.042ms
[240.809s][info][gc,ergo     ] GC(275) Free: 7576M, Max: 4096K regular, 5684M humongous, Frag: 25% external, 0% internal; Reserve: 412M, Max: 4096K
[240.809s][info][gc,start    ] GC(275) Concurrent class unloading
[240.809s][info][gc,task     ] GC(275) Using 1 of 3 workers for concurrent class unloading
[240.811s][info][gc          ] GC(275) Concurrent class unloading 2.605ms
[240.811s][info][gc,start    ] GC(275) Pause Final Roots
[240.811s][info][gc          ] GC(275) Pause Final Roots 0.039ms
[240.812s][info][gc,ergo     ] Free: 7568M, Max: 4096K regular, 5684M humongous, Frag: 25% external, 0% internal; Reserve: 412M, Max: 4096K
[240.812s][info][gc,stats    ] 
[240.812s][info][gc,stats    ] All times are wall-clock times, except per-root-class counters, that are sum over
[240.812s][info][gc,stats    ] all workers. Dividing the <total> over the root stage time estimates parallelism.
[240.812s][info][gc,stats    ] 
[240.812s][info][gc,stats    ] Concurrent Reset                   1100 us
[240.812s][info][gc,stats    ] Pause Init Mark (G)                 306 us
[240.812s][info][gc,stats    ] Pause Init Mark (N)                 186 us
[240.812s][info][gc,stats    ]   Update Region States               66 us
[240.812s][info][gc,stats    ] Concurrent Mark Roots               448 us, parallelism: 0.76x
[240.812s][info][gc,stats    ]   CMR: <total>                      339 us
[240.812s][info][gc,stats    ]   CMR: Thread Roots                 298 us, workers (us): 298, ---, ---, 
[240.812s][info][gc,stats    ]   CMR: VM Strong Roots                6 us, workers (us):   6, ---, ---, 
[240.812s][info][gc,stats    ]   CMR: CLDG Roots                    35 us, workers (us):  35, ---, ---, 
[240.812s][info][gc,stats    ] Concurrent Marking                29644 us
[240.812s][info][gc,stats    ] Pause Final Mark (G)                486 us
[240.812s][info][gc,stats    ] Pause Final Mark (N)                369 us
[240.812s][info][gc,stats    ]   Finish Mark                       103 us
[240.812s][info][gc,stats    ]   Update Region States               89 us
[240.812s][info][gc,stats    ]   Choose Collection Set              62 us
[240.812s][info][gc,stats    ]   Rebuild Free Set                   17 us
[240.812s][info][gc,stats    ] Concurrent Weak References          207 us, parallelism: 0.04x
[240.812s][info][gc,stats    ]   CWRF: <total>                       8 us
[240.812s][info][gc,stats    ]   CWRF: Weak References               8 us, workers (us):   8, ---, ---, 
[240.812s][info][gc,stats    ] Concurrent Weak Roots               600 us
[240.812s][info][gc,stats    ]   Roots                             487 us, parallelism: 0.89x
[240.812s][info][gc,stats    ]     CWR: <total>                    434 us
[240.812s][info][gc,stats    ]     CWR: Code Cache Roots           361 us, workers (us): 361, ---, ---, 
[240.812s][info][gc,stats    ]     CWR: VM Weak Roots               67 us, workers (us):  67, ---, ---, 
[240.812s][info][gc,stats    ]     CWR: CLDG Roots                   5 us, workers (us):   5, ---, ---, 
[240.812s][info][gc,stats    ]   Rendezvous                         78 us
[240.812s][info][gc,stats    ] Concurrent Cleanup                   50 us
[240.812s][info][gc,stats    ] Concurrent Class Unloading         2655 us
[240.812s][info][gc,stats    ]   Unlink Stale                     2230 us
[240.812s][info][gc,stats    ]     System Dictionary                 3 us
[240.812s][info][gc,stats    ]     Weak Class Links                  0 us
[240.812s][info][gc,stats    ]     Code Roots                     2226 us
[240.812s][info][gc,stats    ]   Rendezvous                        191 us
[240.812s][info][gc,stats    ]   Purge Unlinked                    165 us
[240.812s][info][gc,stats    ]     Code Roots                      155 us
[240.812s][info][gc,stats    ]     CLDG                              9 us
[240.812s][info][gc,stats    ]     Exception Caches                  0 us
[240.812s][info][gc,stats    ] Pause Final Roots (G)               167 us
[240.812s][info][gc,stats    ] Pause Final Roots (N)                57 us
[240.812s][info][gc,stats    ] 
[240.812s][info][gc,stats    ] Allocation pacing accrued:
[240.812s][info][gc,stats    ]       0 of   919 ms (  0.0%): <total>
[240.812s][info][gc,stats    ]       0 of   919 ms (  0.0%): <average total>
[240.812s][info][gc,stats    ] 
[240.812s][info][gc,metaspace] Metaspace: 9074K(9280K)->9074K(9280K) NonClass: 7902K(8000K)->7902K(8000K) Class: 1171K(1280K)->1171K(1280K)
[240.812s][info][gc,ergo     ] Pacer for Idle. Initial: 163M, Alloc Tax Rate: 1.0x
[241.513s][info][gc          ] Trigger: Explicit GC request (System.gc())
[241.514s][info][gc,ergo     ] Free: 6680M, Max: 4096K regular, 5684M humongous, Frag: 15% external, 0% internal; Reserve: 412M, Max: 4096K
[241.514s][info][gc,start    ] GC(276) Concurrent reset
[241.514s][info][gc,task     ] GC(276) Using 1 of 3 workers for concurrent reset
[241.514s][info][gc,ergo     ] GC(276) Pacer for Reset. Non-Taxable: 8192M
[241.514s][info][gc          ] GC(276) Concurrent reset 0.737ms
[241.514s][info][gc,start    ] GC(276) Pause Init Mark (unload classes)
[241.514s][info][gc,task     ] GC(276) Using 3 of 3 workers for init marking
[241.515s][info][gc,ref      ] GC(276) Clearing All SoftReferences
[241.515s][info][gc,ergo     ] GC(276) Pacer for Mark. Expected Live: 14442K, Free: 6680M, Non-Taxable: 668M, Alloc Tax Rate: 0.0x
[241.515s][info][gc          ] GC(276) Pause Init Mark (unload classes) 0.195ms
[241.515s][info][gc,start    ] GC(276) Concurrent marking roots
[241.515s][info][gc,task     ] GC(276) Using 1 of 3 workers for concurrent marking roots
[241.515s][info][gc          ] GC(276) Concurrent marking roots 0.463ms
[241.515s][info][gc,start    ] GC(276) Concurrent marking (unload classes)
[241.515s][info][gc,task     ] GC(276) Using 1 of 3 workers for concurrent marking
[241.519s][info][gc          ] GC(276) Concurrent marking (unload classes) 3.427ms
[241.519s][info][gc,start    ] GC(276) Pause Final Mark (unload classes)
[241.519s][info][gc,task     ] GC(276) Using 3 of 3 workers for final marking
[241.519s][info][gc,ergo     ] GC(276) Collectable Garbage: 1019M (92%), Immediate: 1019M (92%), CSet: 0B (0%)
[241.519s][info][gc          ] GC(276) Pause Final Mark (unload classes) 0.406ms
[241.519s][info][gc,start    ] GC(276) Concurrent weak references
[241.519s][info][gc,task     ] GC(276) Using 1 of 3 workers for concurrent weak references
[241.520s][info][gc,ref      ] GC(276) Encountered references: Soft: 144, Weak: 702, Final: 0, Phantom: 27
[241.520s][info][gc,ref      ] GC(276) Discovered  references: Soft: 89, Weak: 168, Final: 0, Phantom: 25
[241.520s][info][gc,ref      ] GC(276) Enqueued    references: Soft: 3, Weak: 0, Final: 0, Phantom: 0
[241.520s][info][gc          ] GC(276) Concurrent weak references 0.163ms
[241.520s][info][gc,start    ] GC(276) Concurrent weak roots
[241.520s][info][gc,task     ] GC(276) Using 1 of 3 workers for concurrent weak root
[241.520s][info][gc          ] GC(276) Concurrent weak roots 0.687ms
[241.520s][info][gc,start    ] GC(276) Concurrent cleanup
[241.520s][info][gc          ] GC(276) Concurrent cleanup 1099M->79M(8192M) 0.038ms
[241.520s][info][gc,ergo     ] GC(276) Free: 7700M, Max: 4096K regular, 6792M humongous, Frag: 12% external, 0% internal; Reserve: 412M, Max: 4096K
[241.520s][info][gc,start    ] GC(276) Concurrent class unloading
[241.520s][info][gc,task     ] GC(276) Using 1 of 3 workers for concurrent class unloading
[241.523s][info][gc          ] GC(276) Concurrent class unloading 2.326ms
[241.523s][info][gc,start    ] GC(276) Pause Final Roots
[241.523s][info][gc          ] GC(276) Pause Final Roots 0.052ms
[241.523s][info][gc,ergo     ] Free: 7700M, Max: 4096K regular, 6792M humongous, Frag: 12% external, 0% internal; Reserve: 412M, Max: 4096K
[241.523s][info][gc,stats    ] 
[241.523s][info][gc,stats    ] All times are wall-clock times, except per-root-class counters, that are sum over
[241.523s][info][gc,stats    ] all workers. Dividing the <total> over the root stage time estimates parallelism.
[241.523s][info][gc,stats    ] 
[241.523s][info][gc,stats    ] Concurrent Reset                    806 us
[241.523s][info][gc,stats    ] Pause Init Mark (G)                 537 us
[241.523s][info][gc,stats    ] Pause Init Mark (N)                 221 us
[241.523s][info][gc,stats    ]   Update Region States               79 us
[241.523s][info][gc,stats    ] Concurrent Mark Roots               489 us, parallelism: 0.68x
[241.523s][info][gc,stats    ]   CMR: <total>                      334 us
[241.523s][info][gc,stats    ]   CMR: Thread Roots                 293 us, workers (us): 293, ---, ---, 
[241.523s][info][gc,stats    ]   CMR: VM Strong Roots                5 us, workers (us):   5, ---, ---, 
[241.523s][info][gc,stats    ]   CMR: CLDG Roots                    36 us, workers (us):  36, ---, ---, 
[241.523s][info][gc,stats    ] Concurrent Marking                 3478 us
[241.523s][info][gc,stats    ] Pause Final Mark (G)                502 us
[241.523s][info][gc,stats    ] Pause Final Mark (N)                415 us
[241.523s][info][gc,stats    ]   Finish Mark                       157 us
[241.523s][info][gc,stats    ]   Update Region States              117 us
[241.523s][info][gc,stats    ]   Choose Collection Set              47 us
[241.523s][info][gc,stats    ]   Rebuild Free Set                    8 us
[241.523s][info][gc,stats    ] Concurrent Weak References          171 us, parallelism: 0.11x
[241.523s][info][gc,stats    ]   CWRF: <total>                      18 us
[241.523s][info][gc,stats    ]   CWRF: Weak References              18 us, workers (us):  18, ---, ---, 
[241.523s][info][gc,stats    ] Concurrent Weak Roots               727 us
[241.523s][info][gc,stats    ]   Roots                             611 us, parallelism: 0.86x
[241.523s][info][gc,stats    ]     CWR: <total>                    524 us
[241.523s][info][gc,stats    ]     CWR: Code Cache Roots           402 us, workers (us): 402, ---, ---, 
[241.523s][info][gc,stats    ]     CWR: VM Weak Roots              116 us, workers (us): 116, ---, ---, 
[241.523s][info][gc,stats    ]     CWR: CLDG Roots                   6 us, workers (us):   6, ---, ---, 
[241.523s][info][gc,stats    ]   Rendezvous                         58 us
[241.523s][info][gc,stats    ] Concurrent Cleanup                   47 us
[241.523s][info][gc,stats    ] Concurrent Class Unloading         2383 us
[241.523s][info][gc,stats    ]   Unlink Stale                     2004 us
[241.523s][info][gc,stats    ]     System Dictionary                 6 us
[241.523s][info][gc,stats    ]     Weak Class Links                  0 us
[241.523s][info][gc,stats    ]     Code Roots                     1996 us
[241.523s][info][gc,stats    ]   Rendezvous                         84 us
[241.523s][info][gc,stats    ]   Purge Unlinked                    218 us
[241.523s][info][gc,stats    ]     Code Roots                      212 us
[241.523s][info][gc,stats    ]     CLDG                              5 us
[241.523s][info][gc,stats    ]     Exception Caches                  0 us
[241.523s][info][gc,stats    ] Pause Final Roots (G)               173 us
[241.523s][info][gc,stats    ] Pause Final Roots (N)                75 us
[241.523s][info][gc,stats    ] 
[241.523s][info][gc,stats    ] Allocation pacing accrued:
[241.523s][info][gc,stats    ]       0 of   711 ms (  0.0%): <total>
[241.523s][info][gc,stats    ]       0 of   711 ms (  0.0%): <average total>
[241.523s][info][gc,stats    ] 
[241.523s][info][gc,metaspace] Metaspace: 9074K(9280K)->9074K(9280K) NonClass: 7902K(8000K)->7902K(8000K) Class: 1171K(1280K)->1171K(1280K)
[241.523s][info][gc,ergo     ] Pacer for Idle. Initial: 163M, Alloc Tax Rate: 1.0x
[242.440s][info][gc          ] Trigger: Learning 2 of 5. Free (5700M) is below initial threshold (5734M)
[242.440s][info][gc,ergo     ] Free: 5700M, Max: 4096K regular, 5700M humongous, Frag: 0% external, 0% internal; Reserve: 412M, Max: 4096K
[242.440s][info][gc,start    ] GC(277) Concurrent reset
[242.440s][info][gc,task     ] GC(277) Using 1 of 3 workers for concurrent reset
[242.440s][info][gc,ergo     ] GC(277) Pacer for Reset. Non-Taxable: 8192M
[242.441s][info][gc          ] GC(277) Concurrent reset 0.679ms
[242.441s][info][gc,start    ] GC(277) Pause Init Mark (unload classes)
[242.441s][info][gc,task     ] GC(277) Using 3 of 3 workers for init marking
[242.441s][info][gc,ergo     ] GC(277) Pacer for Mark. Expected Live: 10679K, Free: 5696M, Non-Taxable: 569M, Alloc Tax Rate: 0.0x
[242.441s][info][gc          ] GC(277) Pause Init Mark (unload classes) 0.180ms
[242.441s][info][gc,start    ] GC(277) Concurrent marking roots
[242.441s][info][gc,task     ] GC(277) Using 1 of 3 workers for concurrent marking roots
[242.442s][info][gc          ] GC(277) Concurrent marking roots 0.422ms
[242.442s][info][gc,start    ] GC(277) Concurrent marking (unload classes)
[242.442s][info][gc,task     ] GC(277) Using 1 of 3 workers for concurrent marking
[242.454s][info][gc          ] GC(277) Concurrent marking (unload classes) 12.707ms
[242.455s][info][gc,start    ] GC(277) Pause Final Mark (unload classes)
[242.455s][info][gc,task     ] GC(277) Using 3 of 3 workers for final marking
[242.455s][info][gc,ergo     ] GC(277) Collectable Garbage: 1960M (94%), Immediate: 1960M (94%), CSet: 0B (0%)
[242.455s][info][gc          ] GC(277) Pause Final Mark (unload classes) 0.340ms
[242.455s][info][gc,start    ] GC(277) Concurrent weak references
[242.455s][info][gc,task     ] GC(277) Using 1 of 3 workers for concurrent weak references
[242.455s][info][gc,ref      ] GC(277) Encountered references: Soft: 144, Weak: 702, Final: 0, Phantom: 27
[242.455s][info][gc,ref      ] GC(277) Discovered  references: Soft: 0, Weak: 150, Final: 0, Phantom: 12
[242.455s][info][gc,ref      ] GC(277) Enqueued    references: Soft: 0, Weak: 0, Final: 0, Phantom: 0
[242.455s][info][gc          ] GC(277) Concurrent weak references 0.165ms
[242.455s][info][gc,start    ] GC(277) Concurrent weak roots
[242.455s][info][gc,task     ] GC(277) Using 1 of 3 workers for concurrent weak root
[242.456s][info][gc          ] GC(277) Concurrent weak roots 0.612ms
[242.456s][info][gc,start    ] GC(277) Concurrent cleanup
[242.456s][info][gc          ] GC(277) Concurrent cleanup 2115M->155M(8192M) 0.045ms
[242.456s][info][gc,ergo     ] GC(277) Free: 7624M, Max: 4096K regular, 5664M humongous, Frag: 26% external, 0% internal; Reserve: 412M, Max: 4096K
[242.456s][info][gc,start    ] GC(277) Concurrent class unloading
[242.456s][info][gc,task     ] GC(277) Using 1 of 3 workers for concurrent class unloading
[242.458s][info][gc          ] GC(277) Concurrent class unloading 2.136ms
[242.458s][info][gc,start    ] GC(277) Pause Final Roots
[242.458s][info][gc          ] GC(277) Pause Final Roots 0.042ms
[242.458s][info][gc,ergo     ] Free: 7620M, Max: 4096K regular, 5664M humongous, Frag: 26% external, 0% internal; Reserve: 412M, Max: 4096K
[242.458s][info][gc,stats    ] 
[242.458s][info][gc,stats    ] All times are wall-clock times, except per-root-class counters, that are sum over
[242.458s][info][gc,stats    ] all workers. Dividing the <total> over the root stage time estimates parallelism.
[242.458s][info][gc,stats    ] 
[242.458s][info][gc,stats    ] Concurrent Reset                    750 us
[242.458s][info][gc,stats    ] Pause Init Mark (G)                 323 us
[242.458s][info][gc,stats    ] Pause Init Mark (N)                 197 us
[242.458s][info][gc,stats    ]   Update Region States               70 us
[242.458s][info][gc,stats    ] Concurrent Mark Roots               441 us, parallelism: 0.76x
[242.458s][info][gc,stats    ]   CMR: <total>                      335 us
[242.458s][info][gc,stats    ]   CMR: Thread Roots                 297 us, workers (us): 297, ---, ---, 
[242.458s][info][gc,stats    ]   CMR: VM Strong Roots                5 us, workers (us):   5, ---, ---, 
[242.459s][info][gc,stats    ]   CMR: CLDG Roots                    33 us, workers (us):  33, ---, ---, 
[242.459s][info][gc,stats    ] Concurrent Marking                12770 us
[242.459s][info][gc,stats    ] Pause Final Mark (G)                503 us
[242.459s][info][gc,stats    ] Pause Final Mark (N)                359 us
[242.459s][info][gc,stats    ]   Finish Mark                       105 us
[242.459s][info][gc,stats    ]   Update Region States               90 us
[242.459s][info][gc,stats    ]   Choose Collection Set              62 us
[242.459s][info][gc,stats    ]   Rebuild Free Set                   16 us
[242.459s][info][gc,stats    ] Concurrent Weak References          173 us, parallelism: 0.04x
[242.459s][info][gc,stats    ]   CWRF: <total>                       8 us
[242.459s][info][gc,stats    ]   CWRF: Weak References               8 us, workers (us):   8, ---, ---, 
[242.459s][info][gc,stats    ] Concurrent Weak Roots               633 us
[242.459s][info][gc,stats    ]   Roots                             530 us, parallelism: 0.90x
[242.459s][info][gc,stats    ]     CWR: <total>                    476 us
[242.459s][info][gc,stats    ]     CWR: Code Cache Roots           408 us, workers (us): 408, ---, ---, 
[242.459s][info][gc,stats    ]     CWR: VM Weak Roots               63 us, workers (us):  63, ---, ---, 
[242.459s][info][gc,stats    ]     CWR: CLDG Roots                   6 us, workers (us):   6, ---, ---, 
[242.459s][info][gc,stats    ]   Rendezvous                         65 us
[242.459s][info][gc,stats    ] Concurrent Cleanup                   53 us
[242.459s][info][gc,stats    ] Concurrent Class Unloading         2191 us
[242.459s][info][gc,stats    ]   Unlink Stale                     1943 us
[242.459s][info][gc,stats    ]     System Dictionary                 4 us
[242.459s][info][gc,stats    ]     Weak Class Links                  0 us
[242.459s][info][gc,stats    ]     Code Roots                     1938 us
[242.459s][info][gc,stats    ]   Rendezvous                         51 us
[242.459s][info][gc,stats    ]   Purge Unlinked                    123 us
[242.459s][info][gc,stats    ]     Code Roots                      114 us
[242.459s][info][gc,stats    ]     CLDG                              9 us
[242.459s][info][gc,stats    ]     Exception Caches                  0 us
[242.459s][info][gc,stats    ] Pause Final Roots (G)               153 us
[242.459s][info][gc,stats    ] Pause Final Roots (N)                60 us
[242.459s][info][gc,stats    ] 
[242.459s][info][gc,stats    ] Allocation pacing accrued:
[242.459s][info][gc,stats    ]       0 of   936 ms (  0.0%): <total>
[242.459s][info][gc,stats    ]       0 of   936 ms (  0.0%): <average total>
[242.459s][info][gc,stats    ] 
[242.459s][info][gc,metaspace] Metaspace: 9075K(9280K)->9075K(9280K) NonClass: 7903K(8000K)->7903K(8000K) Class: 1171K(1280K)->1171K(1280K)
[242.459s][info][gc,ergo     ] Pacer for Idle. Initial: 163M, Alloc Tax Rate: 1.0x
[243.334s][info][gc          ] Trigger: Learning 3 of 5. Free (5716M) is below initial threshold (5734M)
[243.334s][info][gc,ergo     ] Free: 5716M, Max: 4096K regular, 5664M humongous, Frag: 1% external, 0% internal; Reserve: 412M, Max: 4096K
[243.334s][info][gc,start    ] GC(278) Concurrent reset
[243.334s][info][gc,task     ] GC(278) Using 1 of 3 workers for concurrent reset
[243.334s][info][gc,ergo     ] GC(278) Pacer for Reset. Non-Taxable: 8192M
[243.334s][info][gc          ] GC(278) Concurrent reset 0.678ms
[243.335s][info][gc,start    ] GC(278) Pause Init Mark (unload classes)
[243.335s][info][gc,task     ] GC(278) Using 3 of 3 workers for init marking
[243.335s][info][gc,ergo     ] GC(278) Pacer for Mark. Expected Live: 11981K, Free: 5712M, Non-Taxable: 571M, Alloc Tax Rate: 0.0x
[243.335s][info][gc          ] GC(278) Pause Init Mark (unload classes) 0.186ms
[243.335s][info][gc,start    ] GC(278) Concurrent marking roots
[243.335s][info][gc,task     ] GC(278) Using 1 of 3 workers for concurrent marking roots
[243.335s][info][gc          ] GC(278) Concurrent marking roots 0.419ms
[243.335s][info][gc,start    ] GC(278) Concurrent marking (unload classes)
[243.335s][info][gc,task     ] GC(278) Using 1 of 3 workers for concurrent marking
[243.356s][info][gc          ] GC(278) Concurrent marking (unload classes) 21.095ms
[243.357s][info][gc,start    ] GC(278) Pause Final Mark (unload classes)
[243.357s][info][gc,task     ] GC(278) Using 3 of 3 workers for final marking
[243.357s][info][gc,ergo     ] GC(278) Collectable Garbage: 1927M (93%), Immediate: 1927M (93%), CSet: 0B (0%)
[243.357s][info][gc          ] GC(278) Pause Final Mark (unload classes) 0.338ms
[243.357s][info][gc,start    ] GC(278) Concurrent weak references
[243.357s][info][gc,task     ] GC(278) Using 1 of 3 workers for concurrent weak references
[243.357s][info][gc,ref      ] GC(278) Encountered references: Soft: 144, Weak: 702, Final: 0, Phantom: 27
[243.357s][info][gc,ref      ] GC(278) Discovered  references: Soft: 0, Weak: 150, Final: 0, Phantom: 25
[243.357s][info][gc,ref      ] GC(278) Enqueued    references: Soft: 0, Weak: 0, Final: 0, Phantom: 0
[243.357s][info][gc          ] GC(278) Concurrent weak references 0.146ms
[243.357s][info][gc,start    ] GC(278) Concurrent weak roots
[243.357s][info][gc,task     ] GC(278) Using 1 of 3 workers for concurrent weak root
[243.358s][info][gc          ] GC(278) Concurrent weak roots 0.602ms
[243.358s][info][gc,start    ] GC(278) Concurrent cleanup
[243.358s][info][gc          ] GC(278) Concurrent cleanup 2115M->187M(8192M) 0.044ms
[243.358s][info][gc,ergo     ] GC(278) Free: 7592M, Max: 4096K regular, 5712M humongous, Frag: 25% external, 0% internal; Reserve: 412M, Max: 4096K
[243.358s][info][gc,start    ] GC(278) Concurrent class unloading
[243.358s][info][gc,task     ] GC(278) Using 1 of 3 workers for concurrent class unloading
[243.360s][info][gc          ] GC(278) Concurrent class unloading 2.000ms
[243.360s][info][gc,start    ] GC(278) Pause Final Roots
[243.360s][info][gc          ] GC(278) Pause Final Roots 0.041ms
[243.360s][info][gc,ergo     ] Free: 7588M, Max: 4096K regular, 5712M humongous, Frag: 25% external, 0% internal; Reserve: 412M, Max: 4096K
[243.360s][info][gc,stats    ] 
[243.360s][info][gc,stats    ] All times are wall-clock times, except per-root-class counters, that are sum over
[243.360s][info][gc,stats    ] all workers. Dividing the <total> over the root stage time estimates parallelism.
[243.360s][info][gc,stats    ] 
[243.360s][info][gc,stats    ] Concurrent Reset                    746 us
[243.360s][info][gc,stats    ] Pause Init Mark (G)                 381 us
[243.360s][info][gc,stats    ] Pause Init Mark (N)                 208 us
[243.360s][info][gc,stats    ]   Update Region States               74 us
[243.360s][info][gc,stats    ] Concurrent Mark Roots               438 us, parallelism: 0.76x
[243.360s][info][gc,stats    ]   CMR: <total>                      332 us
[243.360s][info][gc,stats    ]   CMR: Thread Roots                 293 us, workers (us): 293, ---, ---, 
[243.360s][info][gc,stats    ]   CMR: VM Strong Roots                5 us, workers (us):   5, ---, ---, 
[243.360s][info][gc,stats    ]   CMR: CLDG Roots                    34 us, workers (us):  34, ---, ---, 
[243.360s][info][gc,stats    ] Concurrent Marking                21164 us
[243.360s][info][gc,stats    ] Pause Final Mark (G)                505 us
[243.360s][info][gc,stats    ] Pause Final Mark (N)                358 us
[243.360s][info][gc,stats    ]   Finish Mark                       102 us
[243.360s][info][gc,stats    ]   Update Region States               89 us
[243.360s][info][gc,stats    ]   Choose Collection Set              61 us
[243.360s][info][gc,stats    ]   Rebuild Free Set                   16 us
[243.360s][info][gc,stats    ] Concurrent Weak References          154 us, parallelism: 0.03x
[243.361s][info][gc,stats    ]   CWRF: <total>                       5 us
[243.361s][info][gc,stats    ]   CWRF: Weak References               5 us, workers (us):   5, ---, ---, 
[243.361s][info][gc,stats    ] Concurrent Weak Roots               621 us
[243.361s][info][gc,stats    ]   Roots                             494 us, parallelism: 0.89x
[243.361s][info][gc,stats    ]     CWR: <total>                    440 us
[243.361s][info][gc,stats    ]     CWR: Code Cache Roots           368 us, workers (us): 368, ---, ---, 
[243.361s][info][gc,stats    ]     CWR: VM Weak Roots               67 us, workers (us):  67, ---, ---, 
[243.361s][info][gc,stats    ]     CWR: CLDG Roots                   6 us, workers (us):   6, ---, ---, 
[243.361s][info][gc,stats    ]   Rendezvous                         93 us
[243.361s][info][gc,stats    ] Concurrent Cleanup                   52 us
[243.361s][info][gc,stats    ] Concurrent Class Unloading         2053 us
[243.361s][info][gc,stats    ]   Unlink Stale                     1808 us
[243.361s][info][gc,stats    ]     System Dictionary                 3 us
[243.361s][info][gc,stats    ]     Weak Class Links                  0 us
[243.361s][info][gc,stats    ]     Code Roots                     1802 us
[243.361s][info][gc,stats    ]   Rendezvous                         56 us
[243.361s][info][gc,stats    ]   Purge Unlinked                    114 us
[243.361s][info][gc,stats    ]     Code Roots                      105 us
[243.361s][info][gc,stats    ]     CLDG                              8 us
[243.361s][info][gc,stats    ]     Exception Caches                  0 us
[243.361s][info][gc,stats    ] Pause Final Roots (G)               182 us
[243.361s][info][gc,stats    ] Pause Final Roots (N)                58 us
[243.361s][info][gc,stats    ] 
[243.361s][info][gc,stats    ] Allocation pacing accrued:
[243.361s][info][gc,stats    ]       0 of   902 ms (  0.0%): <total>
[243.361s][info][gc,stats    ]       0 of   902 ms (  0.0%): <average total>
[243.361s][info][gc,stats    ] 
[243.361s][info][gc,metaspace] Metaspace: 9075K(9280K)->9075K(9280K) NonClass: 7903K(8000K)->7903K(8000K) Class: 1171K(1280K)->1171K(1280K)
[243.361s][info][gc,ergo     ] Pacer for Idle. Initial: 163M, Alloc Tax Rate: 1.0x
[244.245s][info][gc          ] Trigger: Learning 4 of 5. Free (5728M) is below initial threshold (5734M)
[244.245s][info][gc,ergo     ] Free: 5728M, Max: 4096K regular, 5712M humongous, Frag: 1% external, 0% internal; Reserve: 412M, Max: 4096K
[244.246s][info][gc,start    ] GC(279) Concurrent reset
[244.246s][info][gc,task     ] GC(279) Using 1 of 3 workers for concurrent reset
[244.246s][info][gc,ergo     ] GC(279) Pacer for Reset. Non-Taxable: 8192M
[244.247s][info][gc          ] GC(279) Concurrent reset 1.024ms
[244.247s][info][gc,start    ] GC(279) Pause Init Mark (unload classes)
[244.247s][info][gc,task     ] GC(279) Using 3 of 3 workers for init marking
[244.247s][info][gc,ergo     ] GC(279) Pacer for Mark. Expected Live: 13195K, Free: 5724M, Non-Taxable: 572M, Alloc Tax Rate: 0.0x
[244.247s][info][gc          ] GC(279) Pause Init Mark (unload classes) 0.181ms
[244.247s][info][gc,start    ] GC(279) Concurrent marking roots
[244.247s][info][gc,task     ] GC(279) Using 1 of 3 workers for concurrent marking roots
[244.247s][info][gc          ] GC(279) Concurrent marking roots 0.459ms
[244.247s][info][gc,start    ] GC(279) Concurrent marking (unload classes)
[244.247s][info][gc,task     ] GC(279) Using 1 of 3 workers for concurrent marking
[244.277s][info][gc          ] GC(279) Concurrent marking (unload classes) 29.718ms
[244.277s][info][gc,start    ] GC(279) Pause Final Mark (unload classes)
[244.277s][info][gc,task     ] GC(279) Using 3 of 3 workers for final marking
[244.278s][info][gc,ergo     ] GC(279) Collectable Garbage: 1896M (93%), Immediate: 1896M (93%), CSet: 0B (0%)
[244.278s][info][gc          ] GC(279) Pause Final Mark (unload classes) 0.348ms
[244.278s][info][gc,start    ] GC(279) Concurrent weak references
[244.278s][info][gc,task     ] GC(279) Using 1 of 3 workers for concurrent weak references
[244.278s][info][gc,ref      ] GC(279) Encountered references: Soft: 144, Weak: 702, Final: 0, Phantom: 27
[244.278s][info][gc,ref      ] GC(279) Discovered  references: Soft: 0, Weak: 150, Final: 0, Phantom: 12
[244.278s][info][gc,ref      ] GC(279) Enqueued    references: Soft: 0, Weak: 0, Final: 0, Phantom: 0
[244.278s][info][gc          ] GC(279) Concurrent weak references 0.113ms
[244.278s][info][gc,start    ] GC(279) Concurrent weak roots
[244.278s][info][gc,task     ] GC(279) Using 1 of 3 workers for concurrent weak root
[244.278s][info][gc          ] GC(279) Concurrent weak roots 0.584ms
[244.278s][info][gc,start    ] GC(279) Concurrent cleanup
[244.278s][info][gc          ] GC(279) Concurrent cleanup 2111M->215M(8192M) 0.042ms
[244.279s][info][gc,ergo     ] GC(279) Free: 7564M, Max: 4096K regular, 5668M humongous, Frag: 26% external, 0% internal; Reserve: 412M, Max: 4096K
[244.279s][info][gc,start    ] GC(279) Concurrent class unloading
[244.279s][info][gc,task     ] GC(279) Using 1 of 3 workers for concurrent class unloading
[244.281s][info][gc          ] GC(279) Concurrent class unloading 1.999ms
[244.281s][info][gc,start    ] GC(279) Pause Final Roots
[244.281s][info][gc          ] GC(279) Pause Final Roots 0.020ms
[244.281s][info][gc,ergo     ] Free: 7560M, Max: 4096K regular, 5668M humongous, Frag: 26% external, 0% internal; Reserve: 412M, Max: 4096K
[244.281s][info][gc,stats    ] 
[244.281s][info][gc,stats    ] All times are wall-clock times, except per-root-class counters, that are sum over
[244.281s][info][gc,stats    ] all workers. Dividing the <total> over the root stage time estimates parallelism.
[244.281s][info][gc,stats    ] 
[244.281s][info][gc,stats    ] Concurrent Reset                   1107 us
[244.281s][info][gc,stats    ] Pause Init Mark (G)                 325 us
[244.281s][info][gc,stats    ] Pause Init Mark (N)                 198 us
[244.281s][info][gc,stats    ]   Update Region States               75 us
[244.281s][info][gc,stats    ] Concurrent Mark Roots               482 us, parallelism: 0.78x
[244.281s][info][gc,stats    ]   CMR: <total>                      374 us
[244.281s][info][gc,stats    ]   CMR: Thread Roots                 331 us, workers (us): 331, ---, ---, 
[244.281s][info][gc,stats    ]   CMR: VM Strong Roots                5 us, workers (us):   5, ---, ---, 
[244.281s][info][gc,stats    ]   CMR: CLDG Roots                    38 us, workers (us):  38, ---, ---, 
[244.281s][info][gc,stats    ] Concurrent Marking                29783 us
[244.281s][info][gc,stats    ] Pause Final Mark (G)                497 us
[244.281s][info][gc,stats    ] Pause Final Mark (N)                368 us
[244.281s][info][gc,stats    ]   Finish Mark                       102 us
[244.281s][info][gc,stats    ]   Update Region States               89 us
[244.281s][info][gc,stats    ]   Choose Collection Set              62 us
[244.281s][info][gc,stats    ]   Rebuild Free Set                   16 us
[244.281s][info][gc,stats    ] Concurrent Weak References          121 us, parallelism: 0.04x
