[0.008s][info][gc,init] CardTable entry size: 512
[0.008s][info][gc     ] Using Parallel
[0.011s][info][gc,init] Version: 21.0.4+7-adhoc.Administrator.jdk21u (release)
[0.011s][info][gc,init] CPUs: 6 total, 6 available
[0.011s][info][gc,init] Memory: 15591M
[0.011s][info][gc,init] Large Page Support: Disabled
[0.011s][info][gc,init] NUMA Support: Disabled
[0.011s][info][gc,init] Compressed Oops: Enabled (32-bit)
[0.011s][info][gc,init] Alignments: Space 512K, Generation 512K, Heap 2M
[0.011s][info][gc,init] Heap Min Capacity: 1G
[0.011s][info][gc,init] Heap Initial Capacity: 1G
[0.011s][info][gc,init] Heap Max Capacity: 1G
[0.011s][info][gc,init] Pre-touch: Disabled
[0.011s][info][gc,init] Parallel Workers: 6
[0.018s][info][gc,metaspace] CDS archive(s) mapped at: [0x0000021d3c000000-0x0000021d3cc90000-0x0000021d3cc90000), size 13172736, SharedBaseAddress: 0x0000021d3c000000, ArchiveRelocationMode: 1.
[0.018s][info][gc,metaspace] Compressed class space mapped at: 0x0000021d3d000000-0x0000021d7d000000, reserved size: 1073741824
[0.018s][info][gc,metaspace] Narrow klass base: 0x0000021d3c000000, Narrow klass shift: 0, Narrow klass range: 0x100000000
[29.617s][info][gc,start    ] GC(0) Pause Young (Allocation Failure)
[29.622s][info][gc,heap     ] GC(0) PSYoungGen: 262144K(305664K)->7611K(305664K) Eden: 262144K(262144K)->0K(262144K) From: 0K(43520K)->7611K(43520K)
[29.623s][info][gc,heap     ] GC(0) ParOldGen: 0K(699392K)->24K(699392K)
[29.623s][info][gc,metaspace] GC(0) Metaspace: 9428K(9664K)->9428K(9664K) NonClass: 7457K(7552K)->7457K(7552K) Class: 1970K(2112K)->1970K(2112K)
[29.623s][info][gc          ] GC(0) Pause Young (Allocation Failure) 256M->7M(981M) 5.872ms
[29.623s][info][gc,cpu      ] GC(0) User=0.00s Sys=0.03s Real=0.01s
[29.932s][info][gc,start    ] GC(1) Pause Young (Allocation Failure)
[29.942s][info][gc,heap     ] GC(1) PSYoungGen: 269755K(305664K)->13690K(305664K) Eden: 262144K(262144K)->0K(262144K) From: 7611K(43520K)->13690K(43520K)
[29.942s][info][gc,heap     ] GC(1) ParOldGen: 24K(699392K)->32K(699392K)
[29.942s][info][gc,metaspace] GC(1) Metaspace: 9589K(9856K)->9589K(9856K) NonClass: 7617K(7744K)->7617K(7744K) Class: 1971K(2112K)->1971K(2112K)
[29.942s][info][gc          ] GC(1) Pause Young (Allocation Failure) 263M->13M(981M) 9.582ms
[29.942s][info][gc,cpu      ] GC(1) User=0.00s Sys=0.00s Real=0.01s
[30.754s][info][gc,start    ] GC(2) Pause Young (Allocation Failure)
[30.765s][info][gc,heap     ] GC(2) PSYoungGen: 275834K(305664K)->21601K(305664K) Eden: 262144K(262144K)->0K(262144K) From: 13690K(43520K)->21601K(43520K)
[30.765s][info][gc,heap     ] GC(2) ParOldGen: 32K(699392K)->56K(699392K)
[30.765s][info][gc,metaspace] GC(2) Metaspace: 16548K(16960K)->16548K(16960K) NonClass: 12913K(13184K)->12913K(13184K) Class: 3634K(3776K)->3634K(3776K)
[30.765s][info][gc          ] GC(2) Pause Young (Allocation Failure) 269M->21M(981M) 11.343ms
[30.765s][info][gc,cpu      ] GC(2) User=0.02s Sys=0.06s Real=0.01s
[30.900s][info][gc,start    ] GC(3) Pause Young (System.gc())
[30.907s][info][gc,heap     ] GC(3) PSYoungGen: 31536K(305664K)->21250K(305664K) Eden: 9935K(262144K)->0K(262144K) From: 21601K(43520K)->21250K(43520K)
[30.907s][info][gc,heap     ] GC(3) ParOldGen: 56K(699392K)->64K(699392K)
[30.907s][info][gc,metaspace] GC(3) Metaspace: 18541K(18944K)->18541K(18944K) NonClass: 14614K(14848K)->14614K(14848K) Class: 3926K(4096K)->3926K(4096K)
[30.908s][info][gc          ] GC(3) Pause Young (System.gc()) 30M->20M(981M) 7.975ms
[30.908s][info][gc,cpu      ] GC(3) User=0.00s Sys=0.00s Real=0.01s
[30.908s][info][gc,start    ] GC(4) Pause Full (System.gc())
[30.908s][info][gc,phases,start] GC(4) Marking Phase
[30.920s][info][gc,phases      ] GC(4) Marking Phase 12.436ms
[30.920s][info][gc,phases,start] GC(4) Summary Phase
[30.920s][info][gc,phases      ] GC(4) Summary Phase 0.011ms
[30.920s][info][gc,phases,start] GC(4) Adjust Roots
[30.924s][info][gc,phases      ] GC(4) Adjust Roots 3.580ms
[30.924s][info][gc,phases,start] GC(4) Compaction Phase
[30.936s][info][gc,phases      ] GC(4) Compaction Phase 11.845ms
[30.936s][info][gc,phases,start] GC(4) Post Compact
[30.936s][info][gc,phases      ] GC(4) Post Compact 0.473ms
[30.936s][info][gc,heap        ] GC(4) PSYoungGen: 21250K(305664K)->0K(305664K) Eden: 0K(262144K)->0K(262144K) From: 21250K(43520K)->0K(43520K)
[30.936s][info][gc,heap        ] GC(4) ParOldGen: 64K(699392K)->21129K(699392K)
[30.936s][info][gc,metaspace   ] GC(4) Metaspace: 18541K(18944K)->18480K(18944K) NonClass: 14614K(14848K)->14556K(14848K) Class: 3926K(4096K)->3923K(4096K)
[30.936s][info][gc             ] GC(4) Pause Full (System.gc()) 20M->20M(981M) 28.695ms
[30.936s][info][gc,cpu         ] GC(4) User=0.08s Sys=0.05s Real=0.03s
[31.861s][info][gc,start       ] GC(5) Pause Young (Allocation Failure)
[31.863s][info][gc,heap        ] GC(5) PSYoungGen: 262144K(305664K)->2176K(305664K) Eden: 262144K(262144K)->0K(262144K) From: 0K(43520K)->2176K(43520K)
[31.863s][info][gc,heap        ] GC(5) ParOldGen: 21129K(699392K)->21137K(699392K)
[31.863s][info][gc,metaspace   ] GC(5) Metaspace: 25165K(25600K)->25165K(25600K) NonClass: 20001K(20288K)->20001K(20288K) Class: 5163K(5312K)->5163K(5312K)
[31.863s][info][gc             ] GC(5) Pause Young (Allocation Failure) 276M->22M(981M) 1.887ms
[31.863s][info][gc,cpu         ] GC(5) User=0.00s Sys=0.00s Real=0.00s
[32.275s][info][gc,start       ] GC(6) Pause Young (Metadata GC Threshold)
[32.279s][info][gc,heap        ] GC(6) PSYoungGen: 39548K(305664K)->4370K(320000K) Eden: 37372K(262144K)->0K(276480K) From: 2176K(43520K)->4370K(43520K)
[32.279s][info][gc,heap        ] GC(6) ParOldGen: 21137K(699392K)->21145K(699392K)
[32.279s][info][gc,metaspace   ] GC(6) Metaspace: 31032K(31616K)->31032K(31616K) NonClass: 24918K(25280K)->24918K(25280K) Class: 6113K(6336K)->6113K(6336K)
[32.279s][info][gc             ] GC(6) Pause Young (Metadata GC Threshold) 59M->24M(995M) 3.518ms
[32.279s][info][gc,cpu         ] GC(6) User=0.00s Sys=0.00s Real=0.00s
[32.279s][info][gc,start       ] GC(7) Pause Full (Metadata GC Threshold)
[32.279s][info][gc,phases,start] GC(7) Marking Phase
[32.296s][info][gc,phases      ] GC(7) Marking Phase 16.813ms
[32.296s][info][gc,phases,start] GC(7) Summary Phase
[32.296s][info][gc,phases      ] GC(7) Summary Phase 0.011ms
[32.296s][info][gc,phases,start] GC(7) Adjust Roots
[32.301s][info][gc,phases      ] GC(7) Adjust Roots 5.090ms
[32.301s][info][gc,phases,start] GC(7) Compaction Phase
[32.309s][info][gc,phases      ] GC(7) Compaction Phase 8.364ms
[32.309s][info][gc,phases,start] GC(7) Post Compact
[32.310s][info][gc,phases      ] GC(7) Post Compact 0.586ms
[32.310s][info][gc,heap        ] GC(7) PSYoungGen: 4370K(320000K)->0K(320000K) Eden: 0K(276480K)->0K(276480K) From: 4370K(43520K)->0K(43520K)
[32.310s][info][gc,heap        ] GC(7) ParOldGen: 21145K(699392K)->25305K(699392K)
[32.310s][info][gc,metaspace   ] GC(7) Metaspace: 31032K(31616K)->31020K(31616K) NonClass: 24918K(25280K)->24908K(25280K) Class: 6113K(6336K)->6112K(6336K)
[32.310s][info][gc             ] GC(7) Pause Full (Metadata GC Threshold) 24M->24M(995M) 31.160ms
[32.310s][info][gc,cpu         ] GC(7) User=0.06s Sys=0.03s Real=0.03s
[33.236s][info][gc,start       ] GC(8) Pause Young (Allocation Failure)
[33.238s][info][gc,heap        ] GC(8) PSYoungGen: 276480K(320000K)->1856K(305664K) Eden: 276480K(276480K)->0K(276480K) From: 0K(43520K)->1856K(29184K)
[33.238s][info][gc,heap        ] GC(8) ParOldGen: 25305K(699392K)->25313K(699392K)
[33.238s][info][gc,metaspace   ] GC(8) Metaspace: 33838K(34496K)->33838K(34496K) NonClass: 27317K(27712K)->27317K(27712K) Class: 6521K(6784K)->6521K(6784K)
[33.238s][info][gc             ] GC(8) Pause Young (Allocation Failure) 294M->26M(981M) 1.689ms
[33.238s][info][gc,cpu         ] GC(8) User=0.00s Sys=0.00s Real=0.00s
[33.551s][info][gc,start       ] GC(9) Pause Young (Allocation Failure)
[33.553s][info][gc,heap        ] GC(9) PSYoungGen: 278336K(305664K)->1856K(321024K) Eden: 276480K(276480K)->0K(292352K) From: 1856K(29184K)->1856K(28672K)
[33.553s][info][gc,heap        ] GC(9) ParOldGen: 25313K(699392K)->25313K(699392K)
[33.553s][info][gc,metaspace   ] GC(9) Metaspace: 33985K(34688K)->33985K(34688K) NonClass: 27463K(27904K)->27463K(27904K) Class: 6521K(6784K)->6521K(6784K)
[33.553s][info][gc             ] GC(9) Pause Young (Allocation Failure) 296M->26M(996M) 1.494ms
[33.553s][info][gc,cpu         ] GC(9) User=0.00s Sys=0.00s Real=0.00s
[33.789s][info][gc,start       ] GC(10) Pause Young (Allocation Failure)
[33.790s][info][gc,heap        ] GC(10) PSYoungGen: 294208K(321024K)->1824K(320512K) Eden: 292352K(292352K)->0K(292352K) From: 1856K(28672K)->1824K(28160K)
[33.790s][info][gc,heap        ] GC(10) ParOldGen: 25313K(699392K)->25321K(699392K)
[33.790s][info][gc,metaspace   ] GC(10) Metaspace: 34039K(34752K)->34039K(34752K) NonClass: 27518K(27968K)->27518K(27968K) Class: 6521K(6784K)->6521K(6784K)
[33.790s][info][gc             ] GC(10) Pause Young (Allocation Failure) 312M->26M(996M) 1.623ms
[33.790s][info][gc,cpu         ] GC(10) User=0.00s Sys=0.00s Real=0.00s
[34.690s][info][gc,start       ] GC(11) Pause Young (Allocation Failure)
[34.692s][info][gc,heap        ] GC(11) PSYoungGen: 294176K(320512K)->160K(322048K) Eden: 292352K(292352K)->0K(294400K) From: 1824K(28160K)->160K(27648K)
[34.692s][info][gc,heap        ] GC(11) ParOldGen: 25321K(699392K)->27117K(699392K)
[34.692s][info][gc,metaspace   ] GC(11) Metaspace: 34102K(34816K)->34102K(34816K) NonClass: 27581K(28032K)->27581K(28032K) Class: 6521K(6784K)->6521K(6784K)
[34.692s][info][gc             ] GC(11) Pause Young (Allocation Failure) 312M->26M(997M) 2.554ms
[34.692s][info][gc,cpu         ] GC(11) User=0.00s Sys=0.00s Real=0.00s
[35.797s][info][gc,start       ] GC(12) Pause Young (Allocation Failure)
[35.797s][info][gc,heap        ] GC(12) PSYoungGen: 294560K(322048K)->192K(321536K) Eden: 294400K(294400K)->0K(294400K) From: 160K(27648K)->192K(27136K)
[35.797s][info][gc,heap        ] GC(12) ParOldGen: 27117K(699392K)->27157K(699392K)
[35.797s][info][gc,metaspace   ] GC(12) Metaspace: 34420K(35200K)->34420K(35200K) NonClass: 27898K(28416K)->27898K(28416K) Class: 6521K(6784K)->6521K(6784K)
[35.797s][info][gc             ] GC(12) Pause Young (Allocation Failure) 314M->26M(997M) 0.529ms
[35.797s][info][gc,cpu         ] GC(12) User=0.00s Sys=0.00s Real=0.00s
[36.490s][info][gc,start       ] GC(13) Pause Young (Allocation Failure)
[36.504s][info][gc,heap        ] GC(13) PSYoungGen: 294592K(321536K)->17489K(318464K) Eden: 294400K(294400K)->0K(291840K) From: 192K(27136K)->17489K(26624K)
[36.504s][info][gc,heap        ] GC(13) ParOldGen: 27157K(699392K)->27221K(699392K)
[36.504s][info][gc,metaspace   ] GC(13) Metaspace: 35215K(35968K)->35215K(35968K) NonClass: 28615K(29120K)->28615K(29120K) Class: 6600K(6848K)->6600K(6848K)
[36.504s][info][gc             ] GC(13) Pause Young (Allocation Failure) 314M->43M(994M) 13.425ms
[36.504s][info][gc,cpu         ] GC(13) User=0.08s Sys=0.00s Real=0.01s
[37.200s][info][gc,start       ] GC(14) Pause Young (Allocation Failure)
[37.201s][info][gc,heap        ] GC(14) PSYoungGen: 309329K(318464K)->320K(320512K) Eden: 291840K(291840K)->0K(291840K) From: 17489K(26624K)->320K(28672K)
[37.201s][info][gc,heap        ] GC(14) ParOldGen: 27221K(699392K)->27629K(699392K)
[37.201s][info][gc,metaspace   ] GC(14) Metaspace: 35254K(35968K)->35254K(35968K) NonClass: 28651K(29120K)->28651K(29120K) Class: 6602K(6848K)->6602K(6848K)
[37.201s][info][gc             ] GC(14) Pause Young (Allocation Failure) 328M->27M(996M) 1.308ms
[37.201s][info][gc,cpu         ] GC(14) User=0.00s Sys=0.00s Real=0.00s
[37.509s][info][gc,start       ] GC(15) Pause Young (Allocation Failure)
[37.509s][info][gc,heap        ] GC(15) PSYoungGen: 292160K(320512K)->160K(322048K) Eden: 291840K(291840K)->0K(294400K) From: 320K(28672K)->160K(27648K)
[37.509s][info][gc,heap        ] GC(15) ParOldGen: 27629K(699392K)->27677K(699392K)
[37.509s][info][gc,metaspace   ] GC(15) Metaspace: 35254K(35968K)->35254K(35968K) NonClass: 28651K(29120K)->28651K(29120K) Class: 6602K(6848K)->6602K(6848K)
[37.509s][info][gc             ] GC(15) Pause Young (Allocation Failure) 312M->27M(997M) 0.800ms
[37.510s][info][gc,cpu         ] GC(15) User=0.00s Sys=0.00s Real=0.00s
[37.670s][info][gc,start       ] GC(16) Pause Young (Allocation Failure)
[37.670s][info][gc,heap        ] GC(16) PSYoungGen: 294560K(322048K)->192K(321536K) Eden: 294400K(294400K)->0K(294400K) From: 160K(27648K)->192K(27136K)
[37.671s][info][gc,heap        ] GC(16) ParOldGen: 27677K(699392K)->27709K(699392K)
[37.671s][info][gc,metaspace   ] GC(16) Metaspace: 35254K(35968K)->35254K(35968K) NonClass: 28651K(29120K)->28651K(29120K) Class: 6602K(6848K)->6602K(6848K)
[37.671s][info][gc             ] GC(16) Pause Young (Allocation Failure) 314M->27M(997M) 0.882ms
[37.671s][info][gc,cpu         ] GC(16) User=0.00s Sys=0.00s Real=0.00s
[38.411s][info][gc,start       ] GC(17) Pause Young (Allocation Failure)
[38.412s][info][gc,heap        ] GC(17) PSYoungGen: 294592K(321536K)->192K(324096K) Eden: 294400K(294400K)->0K(297984K) From: 192K(27136K)->192K(26112K)
[38.412s][info][gc,heap        ] GC(17) ParOldGen: 27709K(699392K)->27749K(699392K)
[38.412s][info][gc,metaspace   ] GC(17) Metaspace: 35254K(35968K)->35254K(35968K) NonClass: 28651K(29120K)->28651K(29120K) Class: 6602K(6848K)->6602K(6848K)
[38.412s][info][gc             ] GC(17) Pause Young (Allocation Failure) 314M->27M(999M) 1.065ms
[38.412s][info][gc,cpu         ] GC(17) User=0.00s Sys=0.00s Real=0.00s
[39.413s][info][gc,start       ] GC(18) Pause Young (Allocation Failure)
[39.414s][info][gc,heap        ] GC(18) PSYoungGen: 298176K(324096K)->192K(323072K) Eden: 297984K(297984K)->0K(297984K) From: 192K(26112K)->192K(25088K)
[39.414s][info][gc,heap        ] GC(18) ParOldGen: 27749K(699392K)->27789K(699392K)
[39.414s][info][gc,metaspace   ] GC(18) Metaspace: 35254K(35968K)->35254K(35968K) NonClass: 28651K(29120K)->28651K(29120K) Class: 6602K(6848K)->6602K(6848K)
[39.414s][info][gc             ] GC(18) Pause Young (Allocation Failure) 318M->27M(998M) 0.753ms
[39.414s][info][gc,cpu         ] GC(18) User=0.00s Sys=0.00s Real=0.00s
[39.826s][info][gc,start       ] GC(19) Pause Young (Allocation Failure)
[39.834s][info][gc,heap        ] GC(19) PSYoungGen: 298176K(323072K)->9376K(325632K) Eden: 297984K(297984K)->0K(301568K) From: 192K(25088K)->9376K(24064K)
[39.834s][info][gc,heap        ] GC(19) ParOldGen: 27789K(699392K)->27829K(699392K)
[39.834s][info][gc,metaspace   ] GC(19) Metaspace: 35264K(36032K)->35264K(36032K) NonClass: 28661K(29184K)->28661K(29184K) Class: 6603K(6848K)->6603K(6848K)
[39.834s][info][gc             ] GC(19) Pause Young (Allocation Failure) 318M->36M(1001M) 7.354ms
[39.834s][info][gc,cpu         ] GC(19) User=0.00s Sys=0.00s Real=0.01s
[40.184s][info][gc,start       ] GC(20) Pause Young (System.gc())
[40.189s][info][gc,heap        ] GC(20) PSYoungGen: 250914K(325632K)->8064K(325120K) Eden: 241538K(301568K)->0K(301568K) From: 9376K(24064K)->8064K(23552K)
[40.189s][info][gc,heap        ] GC(20) ParOldGen: 27829K(699392K)->27869K(699392K)
[40.189s][info][gc,metaspace   ] GC(20) Metaspace: 35351K(36096K)->35351K(36096K) NonClass: 28742K(29248K)->28742K(29248K) Class: 6608K(6848K)->6608K(6848K)
[40.189s][info][gc             ] GC(20) Pause Young (System.gc()) 272M->35M(1000M) 5.822ms
[40.189s][info][gc,cpu         ] GC(20) User=0.00s Sys=0.00s Real=0.01s
[40.189s][info][gc,start       ] GC(21) Pause Full (System.gc())
[40.189s][info][gc,phases,start] GC(21) Marking Phase
[40.212s][info][gc,phases      ] GC(21) Marking Phase 22.781ms
[40.212s][info][gc,phases,start] GC(21) Summary Phase
[40.212s][info][gc,phases      ] GC(21) Summary Phase 0.010ms
[40.212s][info][gc,phases,start] GC(21) Adjust Roots
[40.220s][info][gc,phases      ] GC(21) Adjust Roots 7.366ms
[40.220s][info][gc,phases,start] GC(21) Compaction Phase
[40.238s][info][gc,phases      ] GC(21) Compaction Phase 18.679ms
[40.238s][info][gc,phases,start] GC(21) Post Compact
[40.239s][info][gc,phases      ] GC(21) Post Compact 0.578ms
[40.239s][info][gc,heap        ] GC(21) PSYoungGen: 8064K(325120K)->0K(325120K) Eden: 0K(301568K)->0K(301568K) From: 8064K(23552K)->0K(23552K)
[40.239s][info][gc,heap        ] GC(21) ParOldGen: 27869K(699392K)->35136K(699392K)
[40.239s][info][gc,metaspace   ] GC(21) Metaspace: 35351K(36096K)->35343K(36096K) NonClass: 28742K(29248K)->28735K(29248K) Class: 6608K(6848K)->6608K(6848K)
[40.239s][info][gc             ] GC(21) Pause Full (System.gc()) 35M->34M(1000M) 49.790ms
[40.239s][info][gc,cpu         ] GC(21) User=0.17s Sys=0.03s Real=0.05s
[40.821s][info][gc,start       ] GC(22) Pause Young (Allocation Failure)
[40.822s][info][gc,heap        ] GC(22) PSYoungGen: 301568K(325120K)->224K(327168K) Eden: 301568K(301568K)->0K(304128K) From: 0K(23552K)->224K(23040K)
[40.822s][info][gc,heap        ] GC(22) ParOldGen: 35136K(699392K)->35136K(699392K)
[40.822s][info][gc,metaspace   ] GC(22) Metaspace: 35402K(36096K)->35402K(36096K) NonClass: 28793K(29248K)->28793K(29248K) Class: 6609K(6848K)->6609K(6848K)
[40.822s][info][gc             ] GC(22) Pause Young (Allocation Failure) 328M->34M(1002M) 1.221ms
[40.822s][info][gc,cpu         ] GC(22) User=0.00s Sys=0.00s Real=0.00s
[41.075s][info][gc,start       ] GC(23) Pause Young (Allocation Failure)
[41.076s][info][gc,heap        ] GC(23) PSYoungGen: 304352K(327168K)->160K(326144K) Eden: 304128K(304128K)->0K(304128K) From: 224K(23040K)->160K(22016K)
[41.076s][info][gc,heap        ] GC(23) ParOldGen: 35136K(699392K)->35248K(699392K)
[41.076s][info][gc,metaspace   ] GC(23) Metaspace: 35402K(36096K)->35402K(36096K) NonClass: 28793K(29248K)->28793K(29248K) Class: 6609K(6848K)->6609K(6848K)
[41.076s][info][gc             ] GC(23) Pause Young (Allocation Failure) 331M->34M(1001M) 0.935ms
[41.076s][info][gc,cpu         ] GC(23) User=0.00s Sys=0.00s Real=0.00s
[41.456s][info][gc,start       ] GC(24) Pause Young (Allocation Failure)
[41.457s][info][gc,heap        ] GC(24) PSYoungGen: 304288K(326144K)->192K(328704K) Eden: 304128K(304128K)->0K(307200K) From: 160K(22016K)->192K(21504K)
[41.457s][info][gc,heap        ] GC(24) ParOldGen: 35248K(699392K)->35280K(699392K)
[41.457s][info][gc,metaspace   ] GC(24) Metaspace: 35402K(36096K)->35402K(36096K) NonClass: 28793K(29248K)->28793K(29248K) Class: 6609K(6848K)->6609K(6848K)
[41.457s][info][gc             ] GC(24) Pause Young (Allocation Failure) 331M->34M(1004M) 1.103ms
[41.457s][info][gc,cpu         ] GC(24) User=0.00s Sys=0.00s Real=0.00s
[42.608s][info][gc,start       ] GC(25) Pause Young (Allocation Failure)
[42.609s][info][gc,heap        ] GC(25) PSYoungGen: 307392K(328704K)->192K(327680K) Eden: 307200K(307200K)->0K(307200K) From: 192K(21504K)->192K(20480K)
[42.609s][info][gc,heap        ] GC(25) ParOldGen: 35280K(699392K)->35312K(699392K)
[42.609s][info][gc,metaspace   ] GC(25) Metaspace: 35402K(36096K)->35402K(36096K) NonClass: 28793K(29248K)->28793K(29248K) Class: 6609K(6848K)->6609K(6848K)
[42.609s][info][gc             ] GC(25) Pause Young (Allocation Failure) 334M->34M(1003M) 1.260ms
[42.609s][info][gc,cpu         ] GC(25) User=0.00s Sys=0.00s Real=0.00s
[43.215s][info][gc,start       ] GC(26) Pause Young (Allocation Failure)
[43.216s][info][gc,heap        ] GC(26) PSYoungGen: 307392K(327680K)->736K(330752K) Eden: 307200K(307200K)->0K(311296K) From: 192K(20480K)->736K(19456K)
[43.216s][info][gc,heap        ] GC(26) ParOldGen: 35312K(699392K)->35344K(699392K)
[43.216s][info][gc,metaspace   ] GC(26) Metaspace: 35402K(36096K)->35402K(36096K) NonClass: 28793K(29248K)->28793K(29248K) Class: 6609K(6848K)->6609K(6848K)
[43.216s][info][gc             ] GC(26) Pause Young (Allocation Failure) 334M->35M(1006M) 1.231ms
[43.216s][info][gc,cpu         ] GC(26) User=0.00s Sys=0.00s Real=0.00s
[43.584s][info][gc,start       ] GC(27) Pause Young (Allocation Failure)
[43.596s][info][gc,heap        ] GC(27) PSYoungGen: 312032K(330752K)->16672K(328192K) Eden: 311296K(311296K)->0K(311296K) From: 736K(19456K)->16672K(16896K)
[43.596s][info][gc,heap        ] GC(27) ParOldGen: 35344K(699392K)->35384K(699392K)
[43.596s][info][gc,metaspace   ] GC(27) Metaspace: 35402K(36096K)->35402K(36096K) NonClass: 28793K(29248K)->28793K(29248K) Class: 6609K(6848K)->6609K(6848K)
[43.596s][info][gc             ] GC(27) Pause Young (Allocation Failure) 339M->50M(1003M) 12.614ms
[43.596s][info][gc,cpu         ] GC(27) User=0.09s Sys=0.00s Real=0.01s
[44.235s][info][gc,start       ] GC(28) Pause Young (Allocation Failure)
[44.236s][info][gc,heap        ] GC(28) PSYoungGen: 327968K(328192K)->160K(328192K) Eden: 311296K(311296K)->0K(307200K) From: 16672K(16896K)->160K(20992K)
[44.236s][info][gc,heap        ] GC(28) ParOldGen: 35384K(699392K)->35424K(699392K)
[44.236s][info][gc,metaspace   ] GC(28) Metaspace: 35403K(36096K)->35403K(36096K) NonClass: 28794K(29248K)->28794K(29248K) Class: 6609K(6848K)->6609K(6848K)
[44.236s][info][gc             ] GC(28) Pause Young (Allocation Failure) 354M->34M(1003M) 0.796ms
[44.236s][info][gc,cpu         ] GC(28) User=0.00s Sys=0.00s Real=0.00s
[44.391s][info][gc,start       ] GC(29) Pause Young (Allocation Failure)
[44.392s][info][gc,heap        ] GC(29) PSYoungGen: 307360K(328192K)->192K(328192K) Eden: 307200K(307200K)->0K(307200K) From: 160K(20992K)->192K(20992K)
[44.392s][info][gc,heap        ] GC(29) ParOldGen: 35424K(699392K)->35472K(699392K)
[44.392s][info][gc,metaspace   ] GC(29) Metaspace: 35403K(36096K)->35403K(36096K) NonClass: 28794K(29248K)->28794K(29248K) Class: 6609K(6848K)->6609K(6848K)
[44.392s][info][gc             ] GC(29) Pause Young (Allocation Failure) 334M->34M(1003M) 0.852ms
[44.392s][info][gc,cpu         ] GC(29) User=0.00s Sys=0.00s Real=0.01s
[44.901s][info][gc,start       ] GC(30) Pause Young (Allocation Failure)
[44.901s][info][gc,heap        ] GC(30) PSYoungGen: 307392K(328192K)->179K(330240K) Eden: 307200K(307200K)->0K(310272K) From: 192K(20992K)->179K(19968K)
[44.901s][info][gc,heap        ] GC(30) ParOldGen: 35472K(699392K)->35504K(699392K)
[44.901s][info][gc,metaspace   ] GC(30) Metaspace: 35403K(36096K)->35403K(36096K) NonClass: 28794K(29248K)->28794K(29248K) Class: 6609K(6848K)->6609K(6848K)
[44.902s][info][gc             ] GC(30) Pause Young (Allocation Failure) 334M->34M(1005M) 0.875ms
[44.902s][info][gc,cpu         ] GC(30) User=0.00s Sys=0.00s Real=0.00s
[45.972s][info][gc,start       ] GC(31) Pause Young (Allocation Failure)
[45.973s][info][gc,heap        ] GC(31) PSYoungGen: 310451K(330240K)->160K(329216K) Eden: 310272K(310272K)->0K(310272K) From: 179K(19968K)->160K(18944K)
[45.973s][info][gc,heap        ] GC(31) ParOldGen: 35504K(699392K)->35544K(699392K)
[45.973s][info][gc,metaspace   ] GC(31) Metaspace: 35403K(36096K)->35403K(36096K) NonClass: 28794K(29248K)->28794K(29248K) Class: 6609K(6848K)->6609K(6848K)
[45.973s][info][gc             ] GC(31) Pause Young (Allocation Failure) 337M->34M(1004M) 1.191ms
[45.973s][info][gc,cpu         ] GC(31) User=0.00s Sys=0.00s Real=0.02s
[46.527s][info][gc,start       ] GC(32) Pause Young (Allocation Failure)
[46.531s][info][gc,heap        ] GC(32) PSYoungGen: 310432K(329216K)->3968K(332288K) Eden: 310272K(310272K)->0K(314368K) From: 160K(18944K)->3968K(17920K)
[46.531s][info][gc,heap        ] GC(32) ParOldGen: 35544K(699392K)->35576K(699392K)
[46.531s][info][gc,metaspace   ] GC(32) Metaspace: 35403K(36096K)->35403K(36096K) NonClass: 28794K(29248K)->28794K(29248K) Class: 6609K(6848K)->6609K(6848K)
[46.531s][info][gc             ] GC(32) Pause Young (Allocation Failure) 337M->38M(1007M) 3.335ms
[46.531s][info][gc,cpu         ] GC(32) User=0.00s Sys=0.00s Real=0.00s
[46.911s][info][gc,start       ] GC(33) Pause Young (System.gc())
[46.920s][info][gc,heap        ] GC(33) PSYoungGen: 293169K(332288K)->13376K(328192K) Eden: 289201K(314368K)->0K(314368K) From: 3968K(17920K)->13376K(13824K)
[46.920s][info][gc,heap        ] GC(33) ParOldGen: 35576K(699392K)->35616K(699392K)
[46.920s][info][gc,metaspace   ] GC(33) Metaspace: 35404K(36096K)->35404K(36096K) NonClass: 28795K(29248K)->28795K(29248K) Class: 6609K(6848K)->6609K(6848K)
[46.920s][info][gc             ] GC(33) Pause Young (System.gc()) 321M->47M(1003M) 9.791ms
[46.920s][info][gc,cpu         ] GC(33) User=0.06s Sys=0.00s Real=0.02s
[46.921s][info][gc,start       ] GC(34) Pause Full (System.gc())
[46.921s][info][gc,phases,start] GC(34) Marking Phase
[46.939s][info][gc,phases      ] GC(34) Marking Phase 18.916ms
[46.939s][info][gc,phases,start] GC(34) Summary Phase
[46.940s][info][gc,phases      ] GC(34) Summary Phase 0.010ms
[46.940s][info][gc,phases,start] GC(34) Adjust Roots
[46.944s][info][gc,phases      ] GC(34) Adjust Roots 4.918ms
[46.944s][info][gc,phases,start] GC(34) Compaction Phase
[46.959s][info][gc,phases      ] GC(34) Compaction Phase 14.612ms
[46.959s][info][gc,phases,start] GC(34) Post Compact
[46.960s][info][gc,phases      ] GC(34) Post Compact 0.496ms
[46.960s][info][gc,heap        ] GC(34) PSYoungGen: 13376K(328192K)->0K(328192K) Eden: 0K(314368K)->0K(314368K) From: 13376K(13824K)->0K(13824K)
[46.960s][info][gc,heap        ] GC(34) ParOldGen: 35616K(699392K)->40500K(699392K)
[46.960s][info][gc,metaspace   ] GC(34) Metaspace: 35404K(36096K)->35404K(36096K) NonClass: 28795K(29248K)->28795K(29248K) Class: 6609K(6848K)->6609K(6848K)
[46.960s][info][gc             ] GC(34) Pause Full (System.gc()) 47M->39M(1003M) 39.239ms
[46.960s][info][gc,cpu         ] GC(34) User=0.11s Sys=0.00s Real=0.04s
[47.577s][info][gc,start       ] GC(35) Pause Young (Allocation Failure)
[47.578s][info][gc,heap        ] GC(35) PSYoungGen: 314368K(328192K)->192K(330752K) Eden: 314368K(314368K)->0K(311296K) From: 0K(13824K)->192K(19456K)
[47.578s][info][gc,heap        ] GC(35) ParOldGen: 40500K(699392K)->40508K(699392K)
[47.578s][info][gc,metaspace   ] GC(35) Metaspace: 35475K(36224K)->35475K(36224K) NonClass: 28865K(29376K)->28865K(29376K) Class: 6610K(6848K)->6610K(6848K)
[47.578s][info][gc             ] GC(35) Pause Young (Allocation Failure) 346M->39M(1006M) 1.248ms
[47.578s][info][gc,cpu         ] GC(35) User=0.00s Sys=0.00s Real=0.00s
[47.743s][info][gc,start       ] GC(36) Pause Young (Allocation Failure)
[47.743s][info][gc,heap        ] GC(36) PSYoungGen: 311488K(330752K)->160K(329728K) Eden: 311296K(311296K)->0K(311296K) From: 192K(19456K)->160K(18432K)
[47.743s][info][gc,heap        ] GC(36) ParOldGen: 40508K(699392K)->40620K(699392K)
[47.743s][info][gc,metaspace   ] GC(36) Metaspace: 35475K(36224K)->35475K(36224K) NonClass: 28865K(29376K)->28865K(29376K) Class: 6610K(6848K)->6610K(6848K)
[47.743s][info][gc             ] GC(36) Pause Young (Allocation Failure) 343M->39M(1005M) 0.790ms
[47.743s][info][gc,cpu         ] GC(36) User=0.00s Sys=0.00s Real=0.00s
[48.260s][info][gc,start       ] GC(37) Pause Young (Allocation Failure)
[48.261s][info][gc,heap        ] GC(37) PSYoungGen: 311456K(329728K)->211K(332288K) Eden: 311296K(311296K)->0K(314368K) From: 160K(18432K)->211K(17920K)
[48.261s][info][gc,heap        ] GC(37) ParOldGen: 40620K(699392K)->40660K(699392K)
[48.261s][info][gc,metaspace   ] GC(37) Metaspace: 35477K(36224K)->35477K(36224K) NonClass: 28867K(29376K)->28867K(29376K) Class: 6610K(6848K)->6610K(6848K)
[48.261s][info][gc             ] GC(37) Pause Young (Allocation Failure) 343M->39M(1007M) 0.779ms
[48.261s][info][gc,cpu         ] GC(37) User=0.00s Sys=0.00s Real=0.00s
[49.336s][info][gc,start       ] GC(38) Pause Young (Allocation Failure)
[49.338s][info][gc,heap        ] GC(38) PSYoungGen: 314579K(332288K)->160K(331264K) Eden: 314368K(314368K)->0K(314368K) From: 211K(17920K)->160K(16896K)
[49.338s][info][gc,heap        ] GC(38) ParOldGen: 40660K(699392K)->40700K(699392K)
[49.338s][info][gc,metaspace   ] GC(38) Metaspace: 35477K(36224K)->35477K(36224K) NonClass: 28867K(29376K)->28867K(29376K) Class: 6610K(6848K)->6610K(6848K)
[49.338s][info][gc             ] GC(38) Pause Young (Allocation Failure) 346M->39M(1006M) 1.163ms
[49.338s][info][gc,cpu         ] GC(38) User=0.00s Sys=0.00s Real=0.02s
[49.896s][info][gc,start       ] GC(39) Pause Young (Allocation Failure)
[49.900s][info][gc,heap        ] GC(39) PSYoungGen: 314528K(331264K)->4544K(333824K) Eden: 314368K(314368K)->0K(317952K) From: 160K(16896K)->4544K(15872K)
[49.900s][info][gc,heap        ] GC(39) ParOldGen: 40700K(699392K)->40724K(699392K)
[49.900s][info][gc,metaspace   ] GC(39) Metaspace: 35477K(36224K)->35477K(36224K) NonClass: 28867K(29376K)->28867K(29376K) Class: 6610K(6848K)->6610K(6848K)
[49.900s][info][gc             ] GC(39) Pause Young (Allocation Failure) 346M->44M(1009M) 3.704ms
[49.900s][info][gc,cpu         ] GC(39) User=0.09s Sys=0.00s Real=0.01s
[50.335s][info][gc,start       ] GC(40) Pause Young (Allocation Failure)
[50.344s][info][gc,heap        ] GC(40) PSYoungGen: 322496K(333824K)->12864K(331264K) Eden: 317952K(317952K)->0K(317952K) From: 4544K(15872K)->12864K(13312K)
[50.344s][info][gc,heap        ] GC(40) ParOldGen: 40724K(699392K)->40764K(699392K)
[50.344s][info][gc,metaspace   ] GC(40) Metaspace: 35480K(36224K)->35480K(36224K) NonClass: 28869K(29376K)->28869K(29376K) Class: 6610K(6848K)->6610K(6848K)
[50.344s][info][gc             ] GC(40) Pause Young (Allocation Failure) 354M->52M(1006M) 9.690ms
[50.344s][info][gc,cpu         ] GC(40) User=0.09s Sys=0.00s Real=0.01s
[50.869s][info][gc,start       ] GC(41) Pause Young (Allocation Failure)
[50.869s][info][gc,heap        ] GC(41) PSYoungGen: 330816K(331264K)->160K(332288K) Eden: 317952K(317952K)->0K(314368K) From: 12864K(13312K)->160K(17920K)
[50.869s][info][gc,heap        ] GC(41) ParOldGen: 40764K(699392K)->40812K(699392K)
[50.869s][info][gc,metaspace   ] GC(41) Metaspace: 35480K(36224K)->35480K(36224K) NonClass: 28869K(29376K)->28869K(29376K) Class: 6610K(6848K)->6610K(6848K)
[50.869s][info][gc             ] GC(41) Pause Young (Allocation Failure) 362M->40M(1007M) 0.749ms
[50.869s][info][gc,cpu         ] GC(41) User=0.00s Sys=0.00s Real=0.00s
[51.016s][info][gc,start       ] GC(42) Pause Young (Allocation Failure)
[51.016s][info][gc,heap        ] GC(42) PSYoungGen: 314528K(332288K)->128K(331264K) Eden: 314368K(314368K)->0K(314368K) From: 160K(17920K)->128K(16896K)
[51.017s][info][gc,heap        ] GC(42) ParOldGen: 40812K(699392K)->40852K(699392K)
[51.017s][info][gc,metaspace   ] GC(42) Metaspace: 35480K(36224K)->35480K(36224K) NonClass: 28869K(29376K)->28869K(29376K) Class: 6610K(6848K)->6610K(6848K)
[51.017s][info][gc             ] GC(42) Pause Young (Allocation Failure) 347M->40M(1006M) 0.988ms
[51.017s][info][gc,cpu         ] GC(42) User=0.00s Sys=0.00s Real=0.00s
[51.751s][info][gc,start       ] GC(43) Pause Young (Allocation Failure)
[51.752s][info][gc,heap        ] GC(43) PSYoungGen: 314496K(331264K)->192K(333824K) Eden: 314368K(314368K)->0K(317440K) From: 128K(16896K)->192K(16384K)
[51.752s][info][gc,heap        ] GC(43) ParOldGen: 40852K(699392K)->40884K(699392K)
[51.752s][info][gc,metaspace   ] GC(43) Metaspace: 35480K(36224K)->35480K(36224K) NonClass: 28869K(29376K)->28869K(29376K) Class: 6610K(6848K)->6610K(6848K)
[51.752s][info][gc             ] GC(43) Pause Young (Allocation Failure) 347M->40M(1009M) 1.141ms
[51.752s][info][gc,cpu         ] GC(43) User=0.00s Sys=0.00s Real=0.00s
[52.769s][info][gc,start       ] GC(44) Pause Young (Allocation Failure)
[52.770s][info][gc,heap        ] GC(44) PSYoungGen: 317632K(333824K)->192K(332800K) Eden: 317440K(317440K)->0K(317440K) From: 192K(16384K)->192K(15360K)
[52.770s][info][gc,heap        ] GC(44) ParOldGen: 40884K(699392K)->40916K(699392K)
[52.770s][info][gc,metaspace   ] GC(44) Metaspace: 35481K(36224K)->35481K(36224K) NonClass: 28871K(29376K)->28871K(29376K) Class: 6610K(6848K)->6610K(6848K)
[52.770s][info][gc             ] GC(44) Pause Young (Allocation Failure) 350M->40M(1008M) 0.473ms
[52.770s][info][gc,cpu         ] GC(44) User=0.00s Sys=0.00s Real=0.00s
[53.191s][info][gc,start       ] GC(45) Pause Young (Allocation Failure)
[53.201s][info][gc,heap        ] GC(45) PSYoungGen: 317632K(332800K)->12224K(329216K) Eden: 317440K(317440K)->0K(314368K) From: 192K(15360K)->12224K(14848K)
[53.201s][info][gc,heap        ] GC(45) ParOldGen: 40916K(699392K)->40956K(699392K)
[53.201s][info][gc,metaspace   ] GC(45) Metaspace: 35481K(36224K)->35481K(36224K) NonClass: 28871K(29376K)->28871K(29376K) Class: 6610K(6848K)->6610K(6848K)
[53.201s][info][gc             ] GC(45) Pause Young (Allocation Failure) 350M->51M(1004M) 9.700ms
[53.201s][info][gc,cpu         ] GC(45) User=0.09s Sys=0.00s Real=0.02s
[53.514s][info][gc,start       ] GC(46) Pause Young (System.gc())
[53.518s][info][gc,heap        ] GC(46) PSYoungGen: 225912K(329216K)->5184K(331776K) Eden: 213688K(314368K)->0K(314368K) From: 12224K(14848K)->5184K(17408K)
[53.518s][info][gc,heap        ] GC(46) ParOldGen: 40956K(699392K)->40996K(699392K)
[53.518s][info][gc,metaspace   ] GC(46) Metaspace: 35489K(36224K)->35489K(36224K) NonClass: 28879K(29376K)->28879K(29376K) Class: 6610K(6848K)->6610K(6848K)
[53.518s][info][gc             ] GC(46) Pause Young (System.gc()) 260M->45M(1007M) 4.104ms
[53.518s][info][gc,cpu         ] GC(46) User=0.00s Sys=0.00s Real=0.01s
[53.518s][info][gc,start       ] GC(47) Pause Full (System.gc())
[53.518s][info][gc,phases,start] GC(47) Marking Phase
[53.538s][info][gc,phases      ] GC(47) Marking Phase 19.685ms
[53.538s][info][gc,phases,start] GC(47) Summary Phase
[53.538s][info][gc,phases      ] GC(47) Summary Phase 0.010ms
[53.538s][info][gc,phases,start] GC(47) Adjust Roots
[53.542s][info][gc,phases      ] GC(47) Adjust Roots 4.686ms
[53.542s][info][gc,phases,start] GC(47) Compaction Phase
[53.551s][info][gc,phases      ] GC(47) Compaction Phase 8.409ms
[53.551s][info][gc,phases,start] GC(47) Post Compact
[53.551s][info][gc,phases      ] GC(47) Post Compact 0.538ms
[53.551s][info][gc,heap        ] GC(47) PSYoungGen: 5184K(331776K)->0K(331776K) Eden: 0K(314368K)->0K(314368K) From: 5184K(17408K)->0K(17408K)
[53.551s][info][gc,heap        ] GC(47) ParOldGen: 40996K(699392K)->32279K(699392K)
[53.551s][info][gc,metaspace   ] GC(47) Metaspace: 35489K(36224K)->35447K(36224K) NonClass: 28879K(29376K)->28837K(29376K) Class: 6610K(6848K)->6609K(6848K)
[53.551s][info][gc             ] GC(47) Pause Full (System.gc()) 45M->31M(1007M) 33.584ms
[53.551s][info][gc,cpu         ] GC(47) User=0.19s Sys=0.00s Real=0.03s
[54.133s][info][gc,start       ] GC(48) Pause Young (Allocation Failure)
[54.135s][info][gc,heap        ] GC(48) PSYoungGen: 314368K(331776K)->224K(333312K) Eden: 314368K(314368K)->0K(316928K) From: 0K(17408K)->224K(16384K)
[54.135s][info][gc,heap        ] GC(48) ParOldGen: 32279K(699392K)->32287K(699392K)
[54.135s][info][gc,metaspace   ] GC(48) Metaspace: 35647K(36352K)->35647K(36352K) NonClass: 29036K(29504K)->29036K(29504K) Class: 6610K(6848K)->6610K(6848K)
[54.135s][info][gc             ] GC(48) Pause Young (Allocation Failure) 338M->31M(1008M) 1.674ms
[54.135s][info][gc,cpu         ] GC(48) User=0.00s Sys=0.00s Real=0.00s
[54.299s][info][gc,start       ] GC(49) Pause Young (Allocation Failure)
[54.300s][info][gc,heap        ] GC(49) PSYoungGen: 317152K(333312K)->192K(332800K) Eden: 316928K(316928K)->0K(316928K) From: 224K(16384K)->192K(15872K)
[54.300s][info][gc,heap        ] GC(49) ParOldGen: 32287K(699392K)->32399K(699392K)
[54.300s][info][gc,metaspace   ] GC(49) Metaspace: 35647K(36352K)->35647K(36352K) NonClass: 29036K(29504K)->29036K(29504K) Class: 6610K(6848K)->6610K(6848K)
[54.300s][info][gc             ] GC(49) Pause Young (Allocation Failure) 341M->31M(1008M) 0.732ms
[54.300s][info][gc,cpu         ] GC(49) User=0.00s Sys=0.00s Real=0.00s
[54.705s][info][gc,start       ] GC(50) Pause Young (Allocation Failure)
[54.706s][info][gc,heap        ] GC(50) PSYoungGen: 317120K(332800K)->192K(334848K) Eden: 316928K(316928K)->0K(319488K) From: 192K(15872K)->192K(15360K)
[54.706s][info][gc,heap        ] GC(50) ParOldGen: 32399K(699392K)->32431K(699392K)
[54.706s][info][gc,metaspace   ] GC(50) Metaspace: 35700K(36416K)->35700K(36416K) NonClass: 29089K(29568K)->29089K(29568K) Class: 6610K(6848K)->6610K(6848K)
[54.706s][info][gc             ] GC(50) Pause Young (Allocation Failure) 341M->31M(1010M) 0.656ms
[54.706s][info][gc,cpu         ] GC(50) User=0.00s Sys=0.00s Real=0.00s
[55.912s][info][gc,start       ] GC(51) Pause Young (Allocation Failure)
[55.913s][info][gc,heap        ] GC(51) PSYoungGen: 319680K(334848K)->192K(333824K) Eden: 319488K(319488K)->0K(319488K) From: 192K(15360K)->192K(14336K)
[55.913s][info][gc,heap        ] GC(51) ParOldGen: 32431K(699392K)->32471K(699392K)
[55.913s][info][gc,metaspace   ] GC(51) Metaspace: 35700K(36416K)->35700K(36416K) NonClass: 29089K(29568K)->29089K(29568K) Class: 6610K(6848K)->6610K(6848K)
[55.913s][info][gc             ] GC(51) Pause Young (Allocation Failure) 343M->31M(1009M) 0.867ms
[55.913s][info][gc,cpu         ] GC(51) User=0.00s Sys=0.00s Real=0.00s
[56.357s][info][gc,start       ] GC(52) Pause Young (Allocation Failure)
[56.363s][info][gc,heap        ] GC(52) PSYoungGen: 319680K(333824K)->7456K(334336K) Eden: 319488K(319488K)->0K(320512K) From: 192K(14336K)->7456K(13824K)
[56.363s][info][gc,heap        ] GC(52) ParOldGen: 32471K(699392K)->32495K(699392K)
[56.363s][info][gc,metaspace   ] GC(52) Metaspace: 35700K(36416K)->35700K(36416K) NonClass: 29089K(29568K)->29089K(29568K) Class: 6610K(6848K)->6610K(6848K)
[56.363s][info][gc             ] GC(52) Pause Young (Allocation Failure) 343M->39M(1009M) 5.853ms
[56.363s][info][gc,cpu         ] GC(52) User=0.00s Sys=0.00s Real=0.01s
[56.821s][info][gc,start       ] GC(53) Pause Young (Allocation Failure)
[56.829s][info][gc,heap        ] GC(53) PSYoungGen: 327968K(334336K)->9952K(330752K) Eden: 320512K(320512K)->0K(320512K) From: 7456K(13824K)->9952K(10240K)
[56.829s][info][gc,heap        ] GC(53) ParOldGen: 32495K(699392K)->32519K(699392K)
[56.829s][info][gc,metaspace   ] GC(53) Metaspace: 35700K(36416K)->35700K(36416K) NonClass: 29089K(29568K)->29089K(29568K) Class: 6610K(6848K)->6610K(6848K)
[56.829s][info][gc             ] GC(53) Pause Young (Allocation Failure) 352M->41M(1006M) 7.583ms
[56.829s][info][gc,cpu         ] GC(53) User=0.00s Sys=0.00s Real=0.02s
[57.277s][info][gc,start       ] GC(54) Pause Young (Allocation Failure)
[57.278s][info][gc,heap        ] GC(54) PSYoungGen: 330464K(330752K)->160K(333824K) Eden: 320512K(320512K)->0K(317952K) From: 9952K(10240K)->160K(15872K)
[57.278s][info][gc,heap        ] GC(54) ParOldGen: 32519K(699392K)->32543K(699392K)
[57.278s][info][gc,metaspace   ] GC(54) Metaspace: 35700K(36416K)->35700K(36416K) NonClass: 29089K(29568K)->29089K(29568K) Class: 6610K(6848K)->6610K(6848K)
[57.278s][info][gc             ] GC(54) Pause Young (Allocation Failure) 354M->31M(1009M) 0.773ms
[57.278s][info][gc,cpu         ] GC(54) User=0.00s Sys=0.00s Real=0.00s
[57.422s][info][gc,start       ] GC(55) Pause Young (Allocation Failure)
[57.423s][info][gc,heap        ] GC(55) PSYoungGen: 318112K(333824K)->192K(333312K) Eden: 317952K(317952K)->0K(317952K) From: 160K(15872K)->192K(15360K)
[57.423s][info][gc,heap        ] GC(55) ParOldGen: 32543K(699392K)->32583K(699392K)
[57.423s][info][gc,metaspace   ] GC(55) Metaspace: 35700K(36416K)->35700K(36416K) NonClass: 29089K(29568K)->29089K(29568K) Class: 6610K(6848K)->6610K(6848K)
[57.423s][info][gc             ] GC(55) Pause Young (Allocation Failure) 342M->32M(1008M) 0.637ms
[57.423s][info][gc,cpu         ] GC(55) User=0.00s Sys=0.00s Real=0.00s
[58.063s][info][gc,start       ] GC(56) Pause Young (Allocation Failure)
[58.063s][info][gc,heap        ] GC(56) PSYoungGen: 318144K(333312K)->192K(335360K) Eden: 317952K(317952K)->0K(320512K) From: 192K(15360K)->192K(14848K)
[58.063s][info][gc,heap        ] GC(56) ParOldGen: 32583K(699392K)->32615K(699392K)
[58.063s][info][gc,metaspace   ] GC(56) Metaspace: 35700K(36416K)->35700K(36416K) NonClass: 29089K(29568K)->29089K(29568K) Class: 6610K(6848K)->6610K(6848K)
[58.063s][info][gc             ] GC(56) Pause Young (Allocation Failure) 342M->32M(1010M) 0.655ms
[58.063s][info][gc,cpu         ] GC(56) User=0.00s Sys=0.00s Real=0.00s
[59.050s][info][gc,start       ] GC(57) Pause Young (Allocation Failure)
[59.050s][info][gc,heap        ] GC(57) PSYoungGen: 320704K(335360K)->160K(334336K) Eden: 320512K(320512K)->0K(320512K) From: 192K(14848K)->160K(13824K)
[59.051s][info][gc,heap        ] GC(57) ParOldGen: 32615K(699392K)->32647K(699392K)
[59.051s][info][gc,metaspace   ] GC(57) Metaspace: 35713K(36416K)->35713K(36416K) NonClass: 29102K(29568K)->29102K(29568K) Class: 6610K(6848K)->6610K(6848K)
[59.051s][info][gc             ] GC(57) Pause Young (Allocation Failure) 345M->32M(1009M) 0.702ms
[59.051s][info][gc,cpu         ] GC(57) User=0.00s Sys=0.00s Real=0.00s
[59.487s][info][gc,start       ] GC(58) Pause Young (Allocation Failure)
[59.500s][info][gc,heap        ] GC(58) PSYoungGen: 320672K(334336K)->13312K(326656K) Eden: 320512K(320512K)->0K(313344K) From: 160K(13824K)->13312K(13312K)
[59.500s][info][gc,heap        ] GC(58) ParOldGen: 32647K(699392K)->36375K(699392K)
[59.500s][info][gc,metaspace   ] GC(58) Metaspace: 35713K(36416K)->35713K(36416K) NonClass: 29102K(29568K)->29102K(29568K) Class: 6610K(6848K)->6610K(6848K)
[59.500s][info][gc             ] GC(58) Pause Young (Allocation Failure) 345M->48M(1002M) 13.201ms
[59.500s][info][gc,cpu         ] GC(58) User=0.09s Sys=0.00s Real=0.02s
[59.769s][info][gc,start       ] GC(59) Pause Young (System.gc())
[59.771s][info][gc,heap        ] GC(59) PSYoungGen: 182487K(326656K)->288K(331264K) Eden: 169175K(313344K)->0K(313344K) From: 13312K(13312K)->288K(17920K)
[59.771s][info][gc,heap        ] GC(59) ParOldGen: 36375K(699392K)->36543K(699392K)
[59.771s][info][gc,metaspace   ] GC(59) Metaspace: 35713K(36416K)->35713K(36416K) NonClass: 29102K(29568K)->29102K(29568K) Class: 6610K(6848K)->6610K(6848K)
[59.771s][info][gc             ] GC(59) Pause Young (System.gc()) 213M->35M(1006M) 1.265ms
[59.771s][info][gc,cpu         ] GC(59) User=0.00s Sys=0.00s Real=0.00s
[59.771s][info][gc,start       ] GC(60) Pause Full (System.gc())
[59.771s][info][gc,phases,start] GC(60) Marking Phase
[59.789s][info][gc,phases      ] GC(60) Marking Phase 18.068ms
[59.789s][info][gc,phases,start] GC(60) Summary Phase
[59.789s][info][gc,phases      ] GC(60) Summary Phase 0.010ms
[59.789s][info][gc,phases,start] GC(60) Adjust Roots
[59.794s][info][gc,phases      ] GC(60) Adjust Roots 4.846ms
[59.794s][info][gc,phases,start] GC(60) Compaction Phase
[59.799s][info][gc,phases      ] GC(60) Compaction Phase 5.346ms
[59.799s][info][gc,phases,start] GC(60) Post Compact
[59.800s][info][gc,phases      ] GC(60) Post Compact 0.317ms
[59.800s][info][gc,heap        ] GC(60) PSYoungGen: 288K(331264K)->0K(331264K) Eden: 0K(313344K)->0K(313344K) From: 288K(17920K)->0K(17920K)
[59.800s][info][gc,heap        ] GC(60) ParOldGen: 36543K(699392K)->27405K(699392K)
[59.800s][info][gc,metaspace   ] GC(60) Metaspace: 35713K(36416K)->35671K(36416K) NonClass: 29102K(29568K)->29060K(29568K) Class: 6610K(6848K)->6610K(6848K)
[59.800s][info][gc             ] GC(60) Pause Full (System.gc()) 35M->26M(1006M) 28.885ms
[59.800s][info][gc,cpu         ] GC(60) User=0.11s Sys=0.00s Real=0.03s
[60.346s][info][gc,start       ] GC(61) Pause Young (Allocation Failure)
[60.348s][info][gc,heap        ] GC(61) PSYoungGen: 313344K(331264K)->192K(332800K) Eden: 313344K(313344K)->0K(315904K) From: 0K(17920K)->192K(16896K)
[60.348s][info][gc,heap        ] GC(61) ParOldGen: 27405K(699392K)->27405K(699392K)
[60.348s][info][gc,metaspace   ] GC(61) Metaspace: 35756K(36480K)->35756K(36480K) NonClass: 29145K(29632K)->29145K(29632K) Class: 6610K(6848K)->6610K(6848K)
[60.348s][info][gc             ] GC(61) Pause Young (Allocation Failure) 332M->26M(1008M) 1.250ms
[60.348s][info][gc,cpu         ] GC(61) User=0.00s Sys=0.00s Real=0.00s
[60.514s][info][gc,start       ] GC(62) Pause Young (Allocation Failure)
[60.515s][info][gc,heap        ] GC(62) PSYoungGen: 316096K(332800K)->192K(332288K) Eden: 315904K(315904K)->0K(315904K) From: 192K(16896K)->192K(16384K)
[60.515s][info][gc,heap        ] GC(62) ParOldGen: 27405K(699392K)->27517K(699392K)
[60.515s][info][gc,metaspace   ] GC(62) Metaspace: 35756K(36480K)->35756K(36480K) NonClass: 29145K(29632K)->29145K(29632K) Class: 6610K(6848K)->6610K(6848K)
[60.515s][info][gc             ] GC(62) Pause Young (Allocation Failure) 335M->27M(1007M) 0.695ms
[60.515s][info][gc,cpu         ] GC(62) User=0.00s Sys=0.00s Real=0.00s
[60.870s][info][gc,start       ] GC(63) Pause Young (Allocation Failure)
[60.871s][info][gc,heap        ] GC(63) PSYoungGen: 316096K(332288K)->192K(334336K) Eden: 315904K(315904K)->0K(318976K) From: 192K(16384K)->192K(15360K)
[60.871s][info][gc,heap        ] GC(63) ParOldGen: 27517K(699392K)->27533K(699392K)
[60.871s][info][gc,metaspace   ] GC(63) Metaspace: 35772K(36544K)->35772K(36544K) NonClass: 29161K(29696K)->29161K(29696K) Class: 6610K(6848K)->6610K(6848K)
[60.871s][info][gc             ] GC(63) Pause Young (Allocation Failure) 335M->27M(1009M) 0.993ms
[60.871s][info][gc,cpu         ] GC(63) User=0.00s Sys=0.00s Real=0.00s
[62.075s][info][gc,start       ] GC(64) Pause Young (Allocation Failure)
[62.076s][info][gc,heap        ] GC(64) PSYoungGen: 319168K(334336K)->160K(333824K) Eden: 318976K(318976K)->0K(318976K) From: 192K(15360K)->160K(14848K)
[62.076s][info][gc,heap        ] GC(64) ParOldGen: 27533K(699392K)->27573K(699392K)
[62.076s][info][gc,metaspace   ] GC(64) Metaspace: 35772K(36544K)->35772K(36544K) NonClass: 29161K(29696K)->29161K(29696K) Class: 6610K(6848K)->6610K(6848K)
[62.076s][info][gc             ] GC(64) Pause Young (Allocation Failure) 338M->27M(1009M) 0.851ms
[62.076s][info][gc,cpu         ] GC(64) User=0.00s Sys=0.00s Real=0.00s
[62.501s][info][gc,start       ] GC(65) Pause Young (Allocation Failure)
[62.507s][info][gc,heap        ] GC(65) PSYoungGen: 319136K(333824K)->7040K(334336K) Eden: 318976K(318976K)->0K(320512K) From: 160K(14848K)->7040K(13824K)
[62.507s][info][gc,heap        ] GC(65) ParOldGen: 27573K(699392K)->27597K(699392K)
[62.507s][info][gc,metaspace   ] GC(65) Metaspace: 35799K(36544K)->35799K(36544K) NonClass: 29189K(29696K)->29189K(29696K) Class: 6610K(6848K)->6610K(6848K)
[62.507s][info][gc             ] GC(65) Pause Young (Allocation Failure) 338M->33M(1009M) 5.546ms
[62.507s][info][gc,cpu         ] GC(65) User=0.00s Sys=0.00s Real=0.01s
[62.965s][info][gc,start       ] GC(66) Pause Young (Allocation Failure)
[62.973s][info][gc,heap        ] GC(66) PSYoungGen: 327552K(334336K)->10368K(331264K) Eden: 320512K(320512K)->0K(320512K) From: 7040K(13824K)->10368K(10752K)
[62.973s][info][gc,heap        ] GC(66) ParOldGen: 27597K(699392K)->27621K(699392K)
[62.973s][info][gc,metaspace   ] GC(66) Metaspace: 35810K(36544K)->35810K(36544K) NonClass: 29199K(29696K)->29199K(29696K) Class: 6610K(6848K)->6610K(6848K)
[62.973s][info][gc             ] GC(66) Pause Young (Allocation Failure) 346M->37M(1006M) 8.020ms
[62.973s][info][gc,cpu         ] GC(66) User=0.00s Sys=0.00s Real=0.02s
[63.359s][info][gc,start       ] GC(67) Pause Young (Allocation Failure)
[63.360s][info][gc,heap        ] GC(67) PSYoungGen: 330880K(331264K)->192K(333824K) Eden: 320512K(320512K)->0K(317440K) From: 10368K(10752K)->192K(16384K)
[63.360s][info][gc,heap        ] GC(67) ParOldGen: 27621K(699392K)->27669K(699392K)
[63.360s][info][gc,metaspace   ] GC(67) Metaspace: 35810K(36544K)->35810K(36544K) NonClass: 29199K(29696K)->29199K(29696K) Class: 6610K(6848K)->6610K(6848K)
[63.360s][info][gc             ] GC(67) Pause Young (Allocation Failure) 350M->27M(1009M) 0.724ms
[63.360s][info][gc,cpu         ] GC(67) User=0.00s Sys=0.00s Real=0.00s
[63.503s][info][gc,start       ] GC(68) Pause Young (Allocation Failure)
[63.504s][info][gc,heap        ] GC(68) PSYoungGen: 317632K(333824K)->160K(332800K) Eden: 317440K(317440K)->0K(317440K) From: 192K(16384K)->160K(15360K)
[63.504s][info][gc,heap        ] GC(68) ParOldGen: 27669K(699392K)->27701K(699392K)
[63.504s][info][gc,metaspace   ] GC(68) Metaspace: 35810K(36544K)->35810K(36544K) NonClass: 29199K(29696K)->29199K(29696K) Class: 6610K(6848K)->6610K(6848K)
[63.504s][info][gc             ] GC(68) Pause Young (Allocation Failure) 337M->27M(1008M) 0.992ms
[63.504s][info][gc,cpu         ] GC(68) User=0.00s Sys=0.00s Real=0.00s
[64.106s][info][gc,start       ] GC(69) Pause Young (Allocation Failure)
[64.107s][info][gc,heap        ] GC(69) PSYoungGen: 317600K(332800K)->128K(334848K) Eden: 317440K(317440K)->0K(320000K) From: 160K(15360K)->128K(14848K)
[64.107s][info][gc,heap        ] GC(69) ParOldGen: 27701K(699392K)->27717K(699392K)
[64.107s][info][gc,metaspace   ] GC(69) Metaspace: 35810K(36544K)->35810K(36544K) NonClass: 29199K(29696K)->29199K(29696K) Class: 6610K(6848K)->6610K(6848K)
[64.107s][info][gc             ] GC(69) Pause Young (Allocation Failure) 337M->27M(1010M) 1.187ms
[64.107s][info][gc,cpu         ] GC(69) User=0.00s Sys=0.00s Real=0.00s
[65.078s][info][gc,start       ] GC(70) Pause Young (Allocation Failure)
[65.078s][info][gc,heap        ] GC(70) PSYoungGen: 320128K(334848K)->192K(334336K) Eden: 320000K(320000K)->0K(320000K) From: 128K(14848K)->192K(14336K)
[65.079s][info][gc,heap        ] GC(70) ParOldGen: 27717K(699392K)->27757K(699392K)
[65.079s][info][gc,metaspace   ] GC(70) Metaspace: 35838K(36608K)->35838K(36608K) NonClass: 29228K(29760K)->29228K(29760K) Class: 6610K(6848K)->6610K(6848K)
[65.079s][info][gc             ] GC(70) Pause Young (Allocation Failure) 339M->27M(1009M) 0.904ms
[65.079s][info][gc,cpu         ] GC(70) User=0.00s Sys=0.00s Real=0.00s
[65.494s][info][gc,start       ] GC(71) Pause Young (Allocation Failure)
[65.507s][info][gc,heap        ] GC(71) PSYoungGen: 320192K(334336K)->13312K(327680K) Eden: 320000K(320000K)->0K(314368K) From: 192K(14336K)->13312K(13312K)
[65.507s][info][gc,heap        ] GC(71) ParOldGen: 27757K(699392K)->30845K(699392K)
[65.507s][info][gc,metaspace   ] GC(71) Metaspace: 35838K(36608K)->35838K(36608K) NonClass: 29228K(29760K)->29228K(29760K) Class: 6610K(6848K)->6610K(6848K)
[65.507s][info][gc             ] GC(71) Pause Young (Allocation Failure) 339M->43M(1003M) 12.851ms
[65.507s][info][gc,cpu         ] GC(71) User=0.00s Sys=0.00s Real=0.01s
[65.743s][info][gc,start       ] GC(72) Pause Young (System.gc())
[65.744s][info][gc,heap        ] GC(72) PSYoungGen: 183034K(327680K)->960K(331776K) Eden: 169722K(314368K)->0K(314368K) From: 13312K(13312K)->960K(17408K)
[65.744s][info][gc,heap        ] GC(72) ParOldGen: 30845K(699392K)->30981K(699392K)
[65.744s][info][gc,metaspace   ] GC(72) Metaspace: 35846K(36608K)->35846K(36608K) NonClass: 29235K(29760K)->29235K(29760K) Class: 6610K(6848K)->6610K(6848K)
[65.744s][info][gc             ] GC(72) Pause Young (System.gc()) 208M->31M(1007M) 1.746ms
[65.744s][info][gc,cpu         ] GC(72) User=0.00s Sys=0.00s Real=0.00s
[65.744s][info][gc,start       ] GC(73) Pause Full (System.gc())
[65.744s][info][gc,phases,start] GC(73) Marking Phase
[65.764s][info][gc,phases      ] GC(73) Marking Phase 19.812ms
[65.764s][info][gc,phases,start] GC(73) Summary Phase
[65.764s][info][gc,phases      ] GC(73) Summary Phase 0.010ms
[65.764s][info][gc,phases,start] GC(73) Adjust Roots
[65.770s][info][gc,phases      ] GC(73) Adjust Roots 5.539ms
[65.770s][info][gc,phases,start] GC(73) Compaction Phase
[65.775s][info][gc,phases      ] GC(73) Compaction Phase 4.732ms
[65.775s][info][gc,phases,start] GC(73) Post Compact
[65.775s][info][gc,phases      ] GC(73) Post Compact 0.332ms
[65.775s][info][gc,heap        ] GC(73) PSYoungGen: 960K(331776K)->0K(331776K) Eden: 0K(314368K)->0K(314368K) From: 960K(17408K)->0K(17408K)
[65.775s][info][gc,heap        ] GC(73) ParOldGen: 30981K(699392K)->28060K(699392K)
[65.775s][info][gc,metaspace   ] GC(73) Metaspace: 35846K(36608K)->35803K(36608K) NonClass: 29235K(29760K)->29193K(29760K) Class: 6610K(6848K)->6610K(6848K)
[65.775s][info][gc             ] GC(73) Pause Full (System.gc()) 31M->27M(1007M) 30.693ms
[65.775s][info][gc,cpu         ] GC(73) User=0.11s Sys=0.02s Real=0.04s
[66.286s][info][gc,start       ] GC(74) Pause Young (Allocation Failure)
[66.287s][info][gc,heap        ] GC(74) PSYoungGen: 314368K(331776K)->224K(333312K) Eden: 314368K(314368K)->0K(316416K) From: 0K(17408K)->224K(16896K)
[66.287s][info][gc,heap        ] GC(74) ParOldGen: 28060K(699392K)->28068K(699392K)
[66.287s][info][gc,metaspace   ] GC(74) Metaspace: 36005K(36800K)->36005K(36800K) NonClass: 29392K(29952K)->29392K(29952K) Class: 6612K(6848K)->6612K(6848K)
[66.287s][info][gc             ] GC(74) Pause Young (Allocation Failure) 334M->27M(1008M) 1.162ms
[66.287s][info][gc,cpu         ] GC(74) User=0.00s Sys=0.00s Real=0.00s
[66.429s][info][gc,start       ] GC(75) Pause Young (Allocation Failure)
[66.430s][info][gc,heap        ] GC(75) PSYoungGen: 316640K(333312K)->192K(332288K) Eden: 316416K(316416K)->0K(316416K) From: 224K(16896K)->192K(15872K)
[66.430s][info][gc,heap        ] GC(75) ParOldGen: 28068K(699392K)->28188K(699392K)
[66.430s][info][gc,metaspace   ] GC(75) Metaspace: 36005K(36800K)->36005K(36800K) NonClass: 29392K(29952K)->29392K(29952K) Class: 6612K(6848K)->6612K(6848K)
[66.430s][info][gc             ] GC(75) Pause Young (Allocation Failure) 336M->27M(1007M) 0.709ms
[66.430s][info][gc,cpu         ] GC(75) User=0.02s Sys=0.00s Real=0.00s
[66.765s][info][gc,start       ] GC(76) Pause Young (Allocation Failure)
[66.765s][info][gc,heap        ] GC(76) PSYoungGen: 316608K(332288K)->192K(334848K) Eden: 316416K(316416K)->0K(319488K) From: 192K(15872K)->192K(15360K)
[66.765s][info][gc,heap        ] GC(76) ParOldGen: 28188K(699392K)->28196K(699392K)
[66.765s][info][gc,metaspace   ] GC(76) Metaspace: 36005K(36800K)->36005K(36800K) NonClass: 29392K(29952K)->29392K(29952K) Class: 6612K(6848K)->6612K(6848K)
[66.765s][info][gc             ] GC(76) Pause Young (Allocation Failure) 336M->27M(1010M) 0.720ms
[66.765s][info][gc,cpu         ] GC(76) User=0.00s Sys=0.00s Real=0.00s
[67.920s][info][gc,start       ] GC(77) Pause Young (Allocation Failure)
[67.920s][info][gc,heap        ] GC(77) PSYoungGen: 319680K(334848K)->160K(333824K) Eden: 319488K(319488K)->0K(319488K) From: 192K(15360K)->160K(14336K)
[67.920s][info][gc,heap        ] GC(77) ParOldGen: 28196K(699392K)->28220K(699392K)
[67.920s][info][gc,metaspace   ] GC(77) Metaspace: 36097K(36864K)->36097K(36864K) NonClass: 29485K(30016K)->29485K(30016K) Class: 6612K(6848K)->6612K(6848K)
[67.920s][info][gc             ] GC(77) Pause Young (Allocation Failure) 339M->27M(1009M) 0.800ms
[67.920s][info][gc,cpu         ] GC(77) User=0.00s Sys=0.00s Real=0.00s
[68.315s][info][gc,start       ] GC(78) Pause Young (Allocation Failure)
[68.321s][info][gc,heap        ] GC(78) PSYoungGen: 319648K(333824K)->7360K(334336K) Eden: 319488K(319488K)->0K(320512K) From: 160K(14336K)->7360K(13824K)
[68.321s][info][gc,heap        ] GC(78) ParOldGen: 28220K(699392K)->28244K(699392K)
[68.321s][info][gc,metaspace   ] GC(78) Metaspace: 36117K(36864K)->36117K(36864K) NonClass: 29505K(30016K)->29505K(30016K) Class: 6612K(6848K)->6612K(6848K)
[68.321s][info][gc             ] GC(78) Pause Young (Allocation Failure) 339M->34M(1009M) 5.971ms
[68.321s][info][gc,cpu         ] GC(78) User=0.09s Sys=0.00s Real=0.02s
[68.741s][info][gc,start       ] GC(79) Pause Young (Allocation Failure)
[68.749s][info][gc,heap        ] GC(79) PSYoungGen: 327872K(334336K)->10080K(330752K) Eden: 320512K(320512K)->0K(320512K) From: 7360K(13824K)->10080K(10240K)
[68.749s][info][gc,heap        ] GC(79) ParOldGen: 28244K(699392K)->28268K(699392K)
[68.749s][info][gc,metaspace   ] GC(79) Metaspace: 36117K(36864K)->36117K(36864K) NonClass: 29505K(30016K)->29505K(30016K) Class: 6612K(6848K)->6612K(6848K)
[68.749s][info][gc             ] GC(79) Pause Young (Allocation Failure) 347M->37M(1006M) 7.674ms
[68.749s][info][gc,cpu         ] GC(79) User=0.02s Sys=0.02s Real=0.01s
[69.071s][info][gc,start       ] GC(80) Pause Young (Allocation Failure)
[69.072s][info][gc,heap        ] GC(80) PSYoungGen: 330592K(330752K)->160K(333824K) Eden: 320512K(320512K)->0K(317952K) From: 10080K(10240K)->160K(15872K)
[69.072s][info][gc,heap        ] GC(80) ParOldGen: 28268K(699392K)->28300K(699392K)
[69.072s][info][gc,metaspace   ] GC(80) Metaspace: 36117K(36864K)->36117K(36864K) NonClass: 29505K(30016K)->29505K(30016K) Class: 6612K(6848K)->6612K(6848K)
[69.072s][info][gc             ] GC(80) Pause Young (Allocation Failure) 350M->27M(1009M) 0.955ms
[69.072s][info][gc,cpu         ] GC(80) User=0.00s Sys=0.00s Real=0.00s
[69.216s][info][gc,start       ] GC(81) Pause Young (Allocation Failure)
[69.217s][info][gc,heap        ] GC(81) PSYoungGen: 318112K(333824K)->128K(333312K) Eden: 317952K(317952K)->0K(317952K) From: 160K(15872K)->128K(15360K)
[69.217s][info][gc,heap        ] GC(81) ParOldGen: 28300K(699392K)->28316K(699392K)
[69.217s][info][gc,metaspace   ] GC(81) Metaspace: 36118K(36864K)->36118K(36864K) NonClass: 29506K(30016K)->29506K(30016K) Class: 6612K(6848K)->6612K(6848K)
[69.217s][info][gc             ] GC(81) Pause Young (Allocation Failure) 338M->27M(1008M) 0.986ms
[69.217s][info][gc,cpu         ] GC(81) User=0.00s Sys=0.00s Real=0.00s
[69.843s][info][gc,start       ] GC(82) Pause Young (Allocation Failure)
[69.844s][info][gc,heap        ] GC(82) PSYoungGen: 318080K(333312K)->192K(335360K) Eden: 317952K(317952K)->0K(320512K) From: 128K(15360K)->192K(14848K)
[69.844s][info][gc,heap        ] GC(82) ParOldGen: 28316K(699392K)->28340K(699392K)
[69.844s][info][gc,metaspace   ] GC(82) Metaspace: 36118K(36864K)->36118K(36864K) NonClass: 29506K(30016K)->29506K(30016K) Class: 6612K(6848K)->6612K(6848K)
[69.844s][info][gc             ] GC(82) Pause Young (Allocation Failure) 338M->27M(1010M) 0.571ms
[69.844s][info][gc,cpu         ] GC(82) User=0.00s Sys=0.00s Real=0.00s
[70.619s][info][gc,start       ] GC(83) Pause Young (Allocation Failure)
[70.619s][info][gc,heap        ] GC(83) PSYoungGen: 320704K(335360K)->192K(334336K) Eden: 320512K(320512K)->0K(320512K) From: 192K(14848K)->192K(13824K)
[70.619s][info][gc,heap        ] GC(83) ParOldGen: 28340K(699392K)->28380K(699392K)
[70.619s][info][gc,metaspace   ] GC(83) Metaspace: 36118K(36864K)->36118K(36864K) NonClass: 29506K(30016K)->29506K(30016K) Class: 6612K(6848K)->6612K(6848K)
[70.619s][info][gc             ] GC(83) Pause Young (Allocation Failure) 340M->27M(1009M) 0.822ms
[70.619s][info][gc,cpu         ] GC(83) User=0.00s Sys=0.00s Real=0.00s
[71.004s][info][gc,start       ] GC(84) Pause Young (Allocation Failure)
[71.018s][info][gc,heap        ] GC(84) PSYoungGen: 320704K(334336K)->13312K(326656K) Eden: 320512K(320512K)->0K(313344K) From: 192K(13824K)->13312K(13312K)
[71.018s][info][gc,heap        ] GC(84) ParOldGen: 28380K(699392K)->32044K(699392K)
[71.018s][info][gc,metaspace   ] GC(84) Metaspace: 36118K(36864K)->36118K(36864K) NonClass: 29506K(30016K)->29506K(30016K) Class: 6612K(6848K)->6612K(6848K)
[71.018s][info][gc             ] GC(84) Pause Young (Allocation Failure) 340M->44M(1002M) 13.423ms
[71.018s][info][gc,cpu         ] GC(84) User=0.09s Sys=0.00s Real=0.02s
[71.236s][info][gc,start       ] GC(85) Pause Young (System.gc())
[71.237s][info][gc,heap        ] GC(85) PSYoungGen: 176216K(326656K)->384K(331264K) Eden: 162904K(313344K)->0K(313344K) From: 13312K(13312K)->384K(17920K)
[71.237s][info][gc,heap        ] GC(85) ParOldGen: 32044K(699392K)->32204K(699392K)
[71.237s][info][gc,metaspace   ] GC(85) Metaspace: 36120K(36864K)->36120K(36864K) NonClass: 29508K(30016K)->29508K(30016K) Class: 6612K(6848K)->6612K(6848K)
[71.237s][info][gc             ] GC(85) Pause Young (System.gc()) 203M->31M(1006M) 1.597ms
[71.237s][info][gc,cpu         ] GC(85) User=0.00s Sys=0.00s Real=0.00s
[71.237s][info][gc,start       ] GC(86) Pause Full (System.gc())
[71.237s][info][gc,phases,start] GC(86) Marking Phase
[71.257s][info][gc,phases      ] GC(86) Marking Phase 20.141ms
[71.257s][info][gc,phases,start] GC(86) Summary Phase
[71.257s][info][gc,phases      ] GC(86) Summary Phase 0.010ms
[71.257s][info][gc,phases,start] GC(86) Adjust Roots
[71.264s][info][gc,phases      ] GC(86) Adjust Roots 6.708ms
[71.264s][info][gc,phases,start] GC(86) Compaction Phase
[71.269s][info][gc,phases      ] GC(86) Compaction Phase 4.900ms
[71.269s][info][gc,phases,start] GC(86) Post Compact
[71.270s][info][gc,phases      ] GC(86) Post Compact 0.329ms
[71.270s][info][gc,heap        ] GC(86) PSYoungGen: 384K(331264K)->0K(331264K) Eden: 0K(313344K)->0K(313344K) From: 384K(17920K)->0K(17920K)
[71.270s][info][gc,heap        ] GC(86) ParOldGen: 32204K(699392K)->27479K(699392K)
[71.270s][info][gc,metaspace   ] GC(86) Metaspace: 36120K(36864K)->36077K(36864K) NonClass: 29508K(30016K)->29466K(30016K) Class: 6612K(6848K)->6611K(6848K)
[71.270s][info][gc             ] GC(86) Pause Full (System.gc()) 31M->26M(1006M) 32.326ms
[71.270s][info][gc,cpu         ] GC(86) User=0.11s Sys=0.00s Real=0.04s
[71.734s][info][gc,start       ] GC(87) Pause Young (Allocation Failure)
[71.735s][info][gc,heap        ] GC(87) PSYoungGen: 313344K(331264K)->224K(332800K) Eden: 313344K(313344K)->0K(315904K) From: 0K(17920K)->224K(16896K)
[71.735s][info][gc,heap        ] GC(87) ParOldGen: 27479K(699392K)->27479K(699392K)
[71.735s][info][gc,metaspace   ] GC(87) Metaspace: 36147K(36928K)->36147K(36928K) NonClass: 29535K(30080K)->29535K(30080K) Class: 6612K(6848K)->6612K(6848K)
[71.735s][info][gc             ] GC(87) Pause Young (Allocation Failure) 332M->27M(1008M) 1.159ms
[71.735s][info][gc,cpu         ] GC(87) User=0.00s Sys=0.00s Real=0.00s
[71.867s][info][gc,start       ] GC(88) Pause Young (Allocation Failure)
[71.868s][info][gc,heap        ] GC(88) PSYoungGen: 316128K(332800K)->160K(332288K) Eden: 315904K(315904K)->0K(315904K) From: 224K(16896K)->160K(16384K)
[71.868s][info][gc,heap        ] GC(88) ParOldGen: 27479K(699392K)->27591K(699392K)
[71.868s][info][gc,metaspace   ] GC(88) Metaspace: 36168K(36928K)->36168K(36928K) NonClass: 29556K(30080K)->29556K(30080K) Class: 6612K(6848K)->6612K(6848K)
[71.868s][info][gc             ] GC(88) Pause Young (Allocation Failure) 335M->27M(1007M) 0.602ms
[71.868s][info][gc,cpu         ] GC(88) User=0.00s Sys=0.00s Real=0.00s
[72.198s][info][gc,start       ] GC(89) Pause Young (Allocation Failure)
[72.198s][info][gc,heap        ] GC(89) PSYoungGen: 316064K(332288K)->160K(334336K) Eden: 315904K(315904K)->0K(318976K) From: 160K(16384K)->160K(15360K)
[72.198s][info][gc,heap        ] GC(89) ParOldGen: 27591K(699392K)->27623K(699392K)
[72.198s][info][gc,metaspace   ] GC(89) Metaspace: 36168K(36928K)->36168K(36928K) NonClass: 29556K(30080K)->29556K(30080K) Class: 6612K(6848K)->6612K(6848K)
[72.198s][info][gc             ] GC(89) Pause Young (Allocation Failure) 335M->27M(1009M) 0.633ms
[72.198s][info][gc,cpu         ] GC(89) User=0.00s Sys=0.00s Real=0.00s
[73.192s][info][gc,start       ] GC(90) Pause Young (Allocation Failure)
[73.193s][info][gc,heap        ] GC(90) PSYoungGen: 319136K(334336K)->160K(333824K) Eden: 318976K(318976K)->0K(318976K) From: 160K(15360K)->160K(14848K)
[73.193s][info][gc,heap        ] GC(90) ParOldGen: 27623K(699392K)->27655K(699392K)
[73.193s][info][gc,metaspace   ] GC(90) Metaspace: 36322K(37056K)->36322K(37056K) NonClass: 29710K(30208K)->29710K(30208K) Class: 6612K(6848K)->6612K(6848K)
[73.193s][info][gc             ] GC(90) Pause Young (Allocation Failure) 338M->27M(1009M) 0.821ms
[73.193s][info][gc,cpu         ] GC(90) User=0.00s Sys=0.00s Real=0.00s
[73.558s][info][gc,start       ] GC(91) Pause Young (Allocation Failure)
[73.564s][info][gc,heap        ] GC(91) PSYoungGen: 319136K(333824K)->7008K(334336K) Eden: 318976K(318976K)->0K(320512K) From: 160K(14848K)->7008K(13824K)
[73.564s][info][gc,heap        ] GC(91) ParOldGen: 27655K(699392K)->27687K(699392K)
[73.564s][info][gc,metaspace   ] GC(91) Metaspace: 36447K(37184K)->36447K(37184K) NonClass: 29835K(30336K)->29835K(30336K) Class: 6612K(6848K)->6612K(6848K)
[73.564s][info][gc             ] GC(91) Pause Young (Allocation Failure) 338M->33M(1009M) 5.657ms
[73.564s][info][gc,cpu         ] GC(91) User=0.00s Sys=0.00s Real=0.01s
[73.958s][info][gc,start       ] GC(92) Pause Young (Allocation Failure)
[73.966s][info][gc,heap        ] GC(92) PSYoungGen: 327520K(334336K)->10368K(331264K) Eden: 320512K(320512K)->0K(320512K) From: 7008K(13824K)->10368K(10752K)
[73.966s][info][gc,heap        ] GC(92) ParOldGen: 27687K(699392K)->27719K(699392K)
[73.966s][info][gc,metaspace   ] GC(92) Metaspace: 36447K(37184K)->36447K(37184K) NonClass: 29835K(30336K)->29835K(30336K) Class: 6612K(6848K)->6612K(6848K)
[73.966s][info][gc             ] GC(92) Pause Young (Allocation Failure) 346M->37M(1006M) 7.920ms
[73.966s][info][gc,cpu         ] GC(92) User=0.05s Sys=0.00s Real=0.02s
[74.282s][info][gc,start       ] GC(93) Pause Young (Allocation Failure)
[74.283s][info][gc,heap        ] GC(93) PSYoungGen: 330880K(331264K)->160K(333824K) Eden: 320512K(320512K)->0K(317440K) From: 10368K(10752K)->160K(16384K)
[74.283s][info][gc,heap        ] GC(93) ParOldGen: 27719K(699392K)->27767K(699392K)
[74.283s][info][gc,metaspace   ] GC(93) Metaspace: 36449K(37248K)->36449K(37248K) NonClass: 29837K(30400K)->29837K(30400K) Class: 6612K(6848K)->6612K(6848K)
[74.283s][info][gc             ] GC(93) Pause Young (Allocation Failure) 350M->27M(1009M) 0.952ms
[74.283s][info][gc,cpu         ] GC(93) User=0.00s Sys=0.00s Real=0.00s
[74.416s][info][gc,start       ] GC(94) Pause Young (Allocation Failure)
[74.416s][info][gc,heap        ] GC(94) PSYoungGen: 317600K(333824K)->192K(332800K) Eden: 317440K(317440K)->0K(317440K) From: 160K(16384K)->192K(15360K)
[74.416s][info][gc,heap        ] GC(94) ParOldGen: 27767K(699392K)->27791K(699392K)
[74.416s][info][gc,metaspace   ] GC(94) Metaspace: 36450K(37248K)->36450K(37248K) NonClass: 29838K(30400K)->29838K(30400K) Class: 6612K(6848K)->6612K(6848K)
[74.416s][info][gc             ] GC(94) Pause Young (Allocation Failure) 337M->27M(1008M) 0.833ms
[74.416s][info][gc,cpu         ] GC(94) User=0.00s Sys=0.00s Real=0.00s
[74.951s][info][gc,start       ] GC(95) Pause Young (Allocation Failure)
[74.952s][info][gc,heap        ] GC(95) PSYoungGen: 317632K(332800K)->192K(334848K) Eden: 317440K(317440K)->0K(320000K) From: 192K(15360K)->192K(14848K)
[74.952s][info][gc,heap        ] GC(95) ParOldGen: 27791K(699392K)->27823K(699392K)
[74.952s][info][gc,metaspace   ] GC(95) Metaspace: 36450K(37248K)->36450K(37248K) NonClass: 29838K(30400K)->29838K(30400K) Class: 6612K(6848K)->6612K(6848K)
[74.952s][info][gc             ] GC(95) Pause Young (Allocation Failure) 337M->27M(1010M) 0.736ms
[74.952s][info][gc,cpu         ] GC(95) User=0.00s Sys=0.00s Real=0.00s
[75.575s][info][gc,start       ] GC(96) Pause Young (Allocation Failure)
[75.576s][info][gc,heap        ] GC(96) PSYoungGen: 320192K(334848K)->128K(334336K) Eden: 320000K(320000K)->0K(320000K) From: 192K(14848K)->128K(14336K)
[75.576s][info][gc,heap        ] GC(96) ParOldGen: 27823K(699392K)->27855K(699392K)
[75.576s][info][gc,metaspace   ] GC(96) Metaspace: 36477K(37248K)->36477K(37248K) NonClass: 29865K(30400K)->29865K(30400K) Class: 6612K(6848K)->6612K(6848K)
[75.576s][info][gc             ] GC(96) Pause Young (Allocation Failure) 339M->27M(1009M) 0.810ms
[75.576s][info][gc,cpu         ] GC(96) User=0.00s Sys=0.00s Real=0.00s
[75.939s][info][gc,start       ] GC(97) Pause Young (Allocation Failure)
[75.952s][info][gc,heap        ] GC(97) PSYoungGen: 320128K(334336K)->13312K(327680K) Eden: 320000K(320000K)->0K(314368K) From: 128K(14336K)->13312K(13312K)
[75.952s][info][gc,heap        ] GC(97) ParOldGen: 27855K(699392K)->31071K(699392K)
[75.952s][info][gc,metaspace   ] GC(97) Metaspace: 36477K(37248K)->36477K(37248K) NonClass: 29865K(30400K)->29865K(30400K) Class: 6612K(6848K)->6612K(6848K)
[75.952s][info][gc             ] GC(97) Pause Young (Allocation Failure) 339M->43M(1003M) 12.676ms
[75.952s][info][gc,cpu         ] GC(97) User=0.09s Sys=0.00s Real=0.01s
[76.173s][info][gc,start       ] GC(98) Pause Young (System.gc())
[76.174s][info][gc,heap        ] GC(98) PSYoungGen: 183035K(327680K)->800K(331776K) Eden: 169723K(314368K)->0K(314368K) From: 13312K(13312K)->800K(17408K)
[76.174s][info][gc,heap        ] GC(98) ParOldGen: 31071K(699392K)->31215K(699392K)
[76.174s][info][gc,metaspace   ] GC(98) Metaspace: 36479K(37248K)->36479K(37248K) NonClass: 29866K(30400K)->29866K(30400K) Class: 6612K(6848K)->6612K(6848K)
[76.174s][info][gc             ] GC(98) Pause Young (System.gc()) 209M->31M(1007M) 1.102ms
[76.174s][info][gc,cpu         ] GC(98) User=0.00s Sys=0.00s Real=0.00s
[76.174s][info][gc,start       ] GC(99) Pause Full (System.gc())
[76.174s][info][gc,phases,start] GC(99) Marking Phase
[76.197s][info][gc,phases      ] GC(99) Marking Phase 22.745ms
[76.197s][info][gc,phases,start] GC(99) Summary Phase
[76.197s][info][gc,phases      ] GC(99) Summary Phase 0.010ms
[76.197s][info][gc,phases,start] GC(99) Adjust Roots
[76.204s][info][gc,phases      ] GC(99) Adjust Roots 6.956ms
[76.204s][info][gc,phases,start] GC(99) Compaction Phase
[76.210s][info][gc,phases      ] GC(99) Compaction Phase 5.421ms
[76.210s][info][gc,phases,start] GC(99) Post Compact
[76.210s][info][gc,phases      ] GC(99) Post Compact 0.310ms
[76.210s][info][gc,heap        ] GC(99) PSYoungGen: 800K(331776K)->0K(331776K) Eden: 0K(314368K)->0K(314368K) From: 800K(17408K)->0K(17408K)
[76.210s][info][gc,heap        ] GC(99) ParOldGen: 31215K(699392K)->27943K(699392K)
[76.210s][info][gc,metaspace   ] GC(99) Metaspace: 36479K(37248K)->36436K(37248K) NonClass: 29866K(30400K)->29825K(30400K) Class: 6612K(6848K)->6611K(6848K)
[76.210s][info][gc             ] GC(99) Pause Full (System.gc()) 31M->27M(1007M) 35.681ms
[76.210s][info][gc,cpu         ] GC(99) User=0.11s Sys=0.00s Real=0.04s
[76.679s][info][gc,start       ] GC(100) Pause Young (Allocation Failure)
[76.680s][info][gc,heap        ] GC(100) PSYoungGen: 314368K(331776K)->192K(333312K) Eden: 314368K(314368K)->0K(316416K) From: 0K(17408K)->192K(16896K)
[76.680s][info][gc,heap        ] GC(100) ParOldGen: 27943K(699392K)->27943K(699392K)
[76.680s][info][gc,metaspace   ] GC(100) Metaspace: 36490K(37248K)->36490K(37248K) NonClass: 29878K(30400K)->29878K(30400K) Class: 6612K(6848K)->6612K(6848K)
[76.680s][info][gc             ] GC(100) Pause Young (Allocation Failure) 334M->27M(1008M) 0.893ms
[76.680s][info][gc,cpu         ] GC(100) User=0.02s Sys=0.00s Real=0.00s
[76.808s][info][gc,start       ] GC(101) Pause Young (Allocation Failure)
[76.808s][info][gc,heap        ] GC(101) PSYoungGen: 316608K(333312K)->128K(332288K) Eden: 316416K(316416K)->0K(316416K) From: 192K(16896K)->128K(15872K)
[76.808s][info][gc,heap        ] GC(101) ParOldGen: 27943K(699392K)->28055K(699392K)
[76.808s][info][gc,metaspace   ] GC(101) Metaspace: 36490K(37248K)->36490K(37248K) NonClass: 29878K(30400K)->29878K(30400K) Class: 6612K(6848K)->6612K(6848K)
[76.808s][info][gc             ] GC(101) Pause Young (Allocation Failure) 336M->27M(1007M) 0.618ms
[76.808s][info][gc,cpu         ] GC(101) User=0.00s Sys=0.00s Real=0.00s
[77.138s][info][gc,start       ] GC(102) Pause Young (Allocation Failure)
[77.139s][info][gc,heap        ] GC(102) PSYoungGen: 316544K(332288K)->192K(334848K) Eden: 316416K(316416K)->0K(319488K) From: 128K(15872K)->192K(15360K)
[77.139s][info][gc,heap        ] GC(102) ParOldGen: 28055K(699392K)->28087K(699392K)
[77.139s][info][gc,metaspace   ] GC(102) Metaspace: 36491K(37248K)->36491K(37248K) NonClass: 29878K(30400K)->29878K(30400K) Class: 6612K(6848K)->6612K(6848K)
[77.139s][info][gc             ] GC(102) Pause Young (Allocation Failure) 336M->27M(1010M) 0.767ms
[77.139s][info][gc,cpu         ] GC(102) User=0.00s Sys=0.00s Real=0.00s
[77.877s][info][gc,start       ] GC(103) Pause Young (Allocation Failure)
[77.878s][info][gc,heap        ] GC(103) PSYoungGen: 319680K(334848K)->192K(333824K) Eden: 319488K(319488K)->0K(319488K) From: 192K(15360K)->192K(14336K)
[77.878s][info][gc,heap        ] GC(103) ParOldGen: 28087K(699392K)->28127K(699392K)
[77.878s][info][gc,metaspace   ] GC(103) Metaspace: 36491K(37248K)->36491K(37248K) NonClass: 29878K(30400K)->29878K(30400K) Class: 6612K(6848K)->6612K(6848K)
[77.878s][info][gc             ] GC(103) Pause Young (Allocation Failure) 339M->27M(1009M) 0.774ms
[77.878s][info][gc,cpu         ] GC(103) User=0.00s Sys=0.00s Real=0.00s
[78.218s][info][gc,start       ] GC(104) Pause Young (Allocation Failure)
[78.224s][info][gc,heap        ] GC(104) PSYoungGen: 319680K(333824K)->7328K(334336K) Eden: 319488K(319488K)->0K(320512K) From: 192K(14336K)->7328K(13824K)
[78.224s][info][gc,heap        ] GC(104) ParOldGen: 28127K(699392K)->28159K(699392K)
[78.224s][info][gc,metaspace   ] GC(104) Metaspace: 36491K(37248K)->36491K(37248K) NonClass: 29878K(30400K)->29878K(30400K) Class: 6612K(6848K)->6612K(6848K)
[78.224s][info][gc             ] GC(104) Pause Young (Allocation Failure) 339M->34M(1009M) 5.725ms
[78.224s][info][gc,cpu         ] GC(104) User=0.00s Sys=0.00s Real=0.01s
[78.606s][info][gc,start       ] GC(105) Pause Young (Allocation Failure)
[78.613s][info][gc,heap        ] GC(105) PSYoungGen: 327840K(334336K)->10080K(330752K) Eden: 320512K(320512K)->0K(320512K) From: 7328K(13824K)->10080K(10240K)
[78.614s][info][gc,heap        ] GC(105) ParOldGen: 28159K(699392K)->28175K(699392K)
[78.614s][info][gc,metaspace   ] GC(105) Metaspace: 36523K(37312K)->36523K(37312K) NonClass: 29911K(30464K)->29911K(30464K) Class: 6612K(6848K)->6612K(6848K)
[78.614s][info][gc             ] GC(105) Pause Young (Allocation Failure) 347M->37M(1006M) 7.975ms
[78.614s][info][gc,cpu         ] GC(105) User=0.00s Sys=0.00s Real=0.02s
[78.928s][info][gc,start       ] GC(106) Pause Young (Allocation Failure)
[78.928s][info][gc,heap        ] GC(106) PSYoungGen: 330592K(330752K)->160K(333824K) Eden: 320512K(320512K)->0K(317952K) From: 10080K(10240K)->160K(15872K)
[78.929s][info][gc,heap        ] GC(106) ParOldGen: 28175K(699392K)->28223K(699392K)
[78.929s][info][gc,metaspace   ] GC(106) Metaspace: 36523K(37312K)->36523K(37312K) NonClass: 29911K(30464K)->29911K(30464K) Class: 6612K(6848K)->6612K(6848K)
[78.929s][info][gc             ] GC(106) Pause Young (Allocation Failure) 350M->27M(1009M) 0.633ms
[78.929s][info][gc,cpu         ] GC(106) User=0.00s Sys=0.00s Real=0.00s
[79.054s][info][gc,start       ] GC(107) Pause Young (Allocation Failure)
[79.055s][info][gc,heap        ] GC(107) PSYoungGen: 318112K(333824K)->160K(333312K) Eden: 317952K(317952K)->0K(317952K) From: 160K(15872K)->160K(15360K)
[79.055s][info][gc,heap        ] GC(107) ParOldGen: 28223K(699392K)->28263K(699392K)
[79.055s][info][gc,metaspace   ] GC(107) Metaspace: 36524K(37312K)->36524K(37312K) NonClass: 29911K(30464K)->29911K(30464K) Class: 6612K(6848K)->6612K(6848K)
[79.055s][info][gc             ] GC(107) Pause Young (Allocation Failure) 338M->27M(1008M) 0.660ms
[79.055s][info][gc,cpu         ] GC(107) User=0.00s Sys=0.00s Real=0.00s
[79.554s][info][gc,start       ] GC(108) Pause Young (Allocation Failure)
[79.555s][info][gc,heap        ] GC(108) PSYoungGen: 318112K(333312K)->192K(335360K) Eden: 317952K(317952K)->0K(320512K) From: 160K(15360K)->192K(14848K)
[79.555s][info][gc,heap        ] GC(108) ParOldGen: 28263K(699392K)->28295K(699392K)
[79.555s][info][gc,metaspace   ] GC(108) Metaspace: 36564K(37312K)->36564K(37312K) NonClass: 29952K(30464K)->29952K(30464K) Class: 6612K(6848K)->6612K(6848K)
[79.555s][info][gc             ] GC(108) Pause Young (Allocation Failure) 338M->27M(1010M) 0.632ms
[79.555s][info][gc,cpu         ] GC(108) User=0.00s Sys=0.00s Real=0.00s
[80.108s][info][gc,start       ] GC(109) Pause Young (Allocation Failure)
[80.109s][info][gc,heap        ] GC(109) PSYoungGen: 320704K(335360K)->160K(334336K) Eden: 320512K(320512K)->0K(320512K) From: 192K(14848K)->160K(13824K)
[80.109s][info][gc,heap        ] GC(109) ParOldGen: 28295K(699392K)->28327K(699392K)
[80.109s][info][gc,metaspace   ] GC(109) Metaspace: 36629K(37376K)->36629K(37376K) NonClass: 30017K(30528K)->30017K(30528K) Class: 6612K(6848K)->6612K(6848K)
[80.109s][info][gc             ] GC(109) Pause Young (Allocation Failure) 340M->27M(1009M) 0.641ms
[80.109s][info][gc,cpu         ] GC(109) User=0.00s Sys=0.00s Real=0.00s
[80.463s][info][gc,start       ] GC(110) Pause Young (Allocation Failure)
[80.476s][info][gc,heap        ] GC(110) PSYoungGen: 320672K(334336K)->13312K(326656K) Eden: 320512K(320512K)->0K(313344K) From: 160K(13824K)->13312K(13312K)
[80.478s][info][gc,heap        ] GC(110) ParOldGen: 28327K(699392K)->32071K(699392K)
[80.478s][info][gc,metaspace   ] GC(110) Metaspace: 36632K(37376K)->36632K(37376K) NonClass: 30020K(30528K)->30020K(30528K) Class: 6612K(6848K)->6612K(6848K)
[80.478s][info][gc             ] GC(110) Pause Young (Allocation Failure) 340M->44M(1002M) 15.680ms
[80.478s][info][gc,cpu         ] GC(110) User=0.02s Sys=0.00s Real=0.02s
[80.694s][info][gc,start       ] GC(111) Pause Young (System.gc())
[80.695s][info][gc,heap        ] GC(111) PSYoungGen: 176216K(326656K)->288K(331264K) Eden: 162904K(313344K)->0K(313344K) From: 13312K(13312K)->288K(17920K)
[80.696s][info][gc,heap        ] GC(111) ParOldGen: 32071K(699392K)->32247K(699392K)
[80.696s][info][gc,metaspace   ] GC(111) Metaspace: 36639K(37376K)->36639K(37376K) NonClass: 30027K(30528K)->30027K(30528K) Class: 6612K(6848K)->6612K(6848K)
[80.696s][info][gc             ] GC(111) Pause Young (System.gc()) 203M->31M(1006M) 1.607ms
[80.696s][info][gc,cpu         ] GC(111) User=0.06s Sys=0.00s Real=0.00s
[80.696s][info][gc,start       ] GC(112) Pause Full (System.gc())
[80.696s][info][gc,phases,start] GC(112) Marking Phase
[80.718s][info][gc,phases      ] GC(112) Marking Phase 22.639ms
[80.718s][info][gc,phases,start] GC(112) Summary Phase
[80.718s][info][gc,phases      ] GC(112) Summary Phase 0.010ms
[80.718s][info][gc,phases,start] GC(112) Adjust Roots
[80.725s][info][gc,phases      ] GC(112) Adjust Roots 7.119ms
[80.726s][info][gc,phases,start] GC(112) Compaction Phase
[80.731s][info][gc,phases      ] GC(112) Compaction Phase 5.013ms
[80.731s][info][gc,phases,start] GC(112) Post Compact
[80.731s][info][gc,phases      ] GC(112) Post Compact 0.331ms
[80.731s][info][gc,heap        ] GC(112) PSYoungGen: 288K(331264K)->0K(331264K) Eden: 0K(313344K)->0K(313344K) From: 288K(17920K)->0K(17920K)
[80.731s][info][gc,heap        ] GC(112) ParOldGen: 32247K(699392K)->27401K(699392K)
[80.731s][info][gc,metaspace   ] GC(112) Metaspace: 36639K(37376K)->36597K(37376K) NonClass: 30027K(30528K)->29985K(30528K) Class: 6612K(6848K)->6611K(6848K)
[80.731s][info][gc             ] GC(112) Pause Full (System.gc()) 31M->26M(1006M) 35.385ms
[80.731s][info][gc,cpu         ] GC(112) User=0.05s Sys=0.00s Real=0.05s
[81.146s][info][gc,start       ] GC(113) Pause Young (Allocation Failure)
[81.148s][info][gc,heap        ] GC(113) PSYoungGen: 313344K(331264K)->224K(332800K) Eden: 313344K(313344K)->0K(315904K) From: 0K(17920K)->224K(16896K)
[81.148s][info][gc,heap        ] GC(113) ParOldGen: 27401K(699392K)->27401K(699392K)
[81.148s][info][gc,metaspace   ] GC(113) Metaspace: 36665K(37440K)->36665K(37440K) NonClass: 30052K(30592K)->30052K(30592K) Class: 6612K(6848K)->6612K(6848K)
[81.148s][info][gc             ] GC(113) Pause Young (Allocation Failure) 332M->26M(1008M) 1.450ms
[81.148s][info][gc,cpu         ] GC(113) User=0.02s Sys=0.00s Real=0.00s
[81.276s][info][gc,start       ] GC(114) Pause Young (Allocation Failure)
[81.276s][info][gc,heap        ] GC(114) PSYoungGen: 316128K(332800K)->192K(332288K) Eden: 315904K(315904K)->0K(315904K) From: 224K(16896K)->192K(16384K)
[81.276s][info][gc,heap        ] GC(114) ParOldGen: 27401K(699392K)->27513K(699392K)
[81.276s][info][gc,metaspace   ] GC(114) Metaspace: 36665K(37440K)->36665K(37440K) NonClass: 30052K(30592K)->30052K(30592K) Class: 6612K(6848K)->6612K(6848K)
[81.276s][info][gc             ] GC(114) Pause Young (Allocation Failure) 335M->27M(1007M) 0.690ms
[81.276s][info][gc,cpu         ] GC(114) User=0.00s Sys=0.00s Real=0.00s
[81.547s][info][gc,start       ] GC(115) Pause Young (Allocation Failure)
[81.547s][info][gc,heap        ] GC(115) PSYoungGen: 316096K(332288K)->160K(334336K) Eden: 315904K(315904K)->0K(318976K) From: 192K(16384K)->160K(15360K)
[81.547s][info][gc,heap        ] GC(115) ParOldGen: 27513K(699392K)->27529K(699392K)
[81.547s][info][gc,metaspace   ] GC(115) Metaspace: 36737K(37568K)->36737K(37568K) NonClass: 30124K(30720K)->30124K(30720K) Class: 6612K(6848K)->6612K(6848K)
[81.547s][info][gc             ] GC(115) Pause Young (Allocation Failure) 335M->27M(1009M) 0.553ms
[81.547s][info][gc,cpu         ] GC(115) User=0.00s Sys=0.00s Real=0.00s
[82.207s][info][gc,start       ] GC(116) Pause Young (Allocation Failure)
[82.208s][info][gc,heap        ] GC(116) PSYoungGen: 319136K(334336K)->160K(333824K) Eden: 318976K(318976K)->0K(318976K) From: 160K(15360K)->160K(14848K)
[82.208s][info][gc,heap        ] GC(116) ParOldGen: 27529K(699392K)->27553K(699392K)
[82.208s][info][gc,metaspace   ] GC(116) Metaspace: 36737K(37568K)->36737K(37568K) NonClass: 30124K(30720K)->30124K(30720K) Class: 6612K(6848K)->6612K(6848K)
[82.208s][info][gc             ] GC(116) Pause Young (Allocation Failure) 338M->27M(1009M) 0.771ms
[82.208s][info][gc,cpu         ] GC(116) User=0.00s Sys=0.00s Real=0.00s
[82.532s][info][gc,start       ] GC(117) Pause Young (Allocation Failure)
[82.537s][info][gc,heap        ] GC(117) PSYoungGen: 319136K(333824K)->7008K(334336K) Eden: 318976K(318976K)->0K(320512K) From: 160K(14848K)->7008K(13824K)
[82.537s][info][gc,heap        ] GC(117) ParOldGen: 27553K(699392K)->27577K(699392K)
[82.537s][info][gc,metaspace   ] GC(117) Metaspace: 36737K(37568K)->36737K(37568K) NonClass: 30124K(30720K)->30124K(30720K) Class: 6612K(6848K)->6612K(6848K)
[82.537s][info][gc             ] GC(117) Pause Young (Allocation Failure) 338M->33M(1009M) 5.384ms
[82.537s][info][gc,cpu         ] GC(117) User=0.00s Sys=0.00s Real=0.00s
[82.876s][info][gc,start       ] GC(118) Pause Young (Allocation Failure)
[82.887s][info][gc,heap        ] GC(118) PSYoungGen: 327520K(334336K)->10400K(331264K) Eden: 320512K(320512K)->0K(320512K) From: 7008K(13824K)->10400K(10752K)
[82.887s][info][gc,heap        ] GC(118) ParOldGen: 27577K(699392K)->27601K(699392K)
[82.887s][info][gc,metaspace   ] GC(118) Metaspace: 36770K(37632K)->36770K(37632K) NonClass: 30157K(30784K)->30157K(30784K) Class: 6612K(6848K)->6612K(6848K)
[82.887s][info][gc             ] GC(118) Pause Young (Allocation Failure) 346M->37M(1006M) 10.964ms
[82.887s][info][gc,cpu         ] GC(118) User=0.09s Sys=0.00s Real=0.02s
[83.186s][info][gc,start       ] GC(119) Pause Young (Allocation Failure)
[83.186s][info][gc,heap        ] GC(119) PSYoungGen: 330912K(331264K)->128K(333824K) Eden: 320512K(320512K)->0K(317440K) From: 10400K(10752K)->128K(16384K)
[83.186s][info][gc,heap        ] GC(119) ParOldGen: 27601K(699392K)->27641K(699392K)
[83.186s][info][gc,metaspace   ] GC(119) Metaspace: 36802K(37632K)->36802K(37632K) NonClass: 30189K(30784K)->30189K(30784K) Class: 6612K(6848K)->6612K(6848K)
[83.186s][info][gc             ] GC(119) Pause Young (Allocation Failure) 350M->27M(1009M) 0.655ms
[83.186s][info][gc,cpu         ] GC(119) User=0.00s Sys=0.00s Real=0.00s
[83.309s][info][gc,start       ] GC(120) Pause Young (Allocation Failure)
[83.309s][info][gc,heap        ] GC(120) PSYoungGen: 317568K(333824K)->192K(332800K) Eden: 317440K(317440K)->0K(317440K) From: 128K(16384K)->192K(15360K)
[83.309s][info][gc,heap        ] GC(120) ParOldGen: 27641K(699392K)->27657K(699392K)
[83.309s][info][gc,metaspace   ] GC(120) Metaspace: 36805K(37632K)->36805K(37632K) NonClass: 30193K(30784K)->30193K(30784K) Class: 6612K(6848K)->6612K(6848K)
[83.309s][info][gc             ] GC(120) Pause Young (Allocation Failure) 337M->27M(1008M) 0.876ms
[83.309s][info][gc,cpu         ] GC(120) User=0.00s Sys=0.00s Real=0.00s
[83.754s][info][gc,start       ] GC(121) Pause Young (Allocation Failure)
[83.755s][info][gc,heap        ] GC(121) PSYoungGen: 317632K(332800K)->192K(334848K) Eden: 317440K(317440K)->0K(320000K) From: 192K(15360K)->192K(14848K)
[83.756s][info][gc,heap        ] GC(121) ParOldGen: 27657K(699392K)->27697K(699392K)
[83.756s][info][gc,metaspace   ] GC(121) Metaspace: 36805K(37632K)->36805K(37632K) NonClass: 30193K(30784K)->30193K(30784K) Class: 6612K(6848K)->6612K(6848K)
[83.756s][info][gc             ] GC(121) Pause Young (Allocation Failure) 337M->27M(1010M) 1.069ms
[83.756s][info][gc,cpu         ] GC(121) User=0.00s Sys=0.00s Real=0.00s
[84.242s][info][gc,start       ] GC(122) Pause Young (Allocation Failure)
[84.243s][info][gc,heap        ] GC(122) PSYoungGen: 320192K(334848K)->192K(334336K) Eden: 320000K(320000K)->0K(320000K) From: 192K(14848K)->192K(14336K)
[84.243s][info][gc,heap        ] GC(122) ParOldGen: 27697K(699392K)->27737K(699392K)
[84.243s][info][gc,metaspace   ] GC(122) Metaspace: 36816K(37632K)->36816K(37632K) NonClass: 30204K(30784K)->30204K(30784K) Class: 6612K(6848K)->6612K(6848K)
[84.243s][info][gc             ] GC(122) Pause Young (Allocation Failure) 339M->27M(1009M) 0.815ms
[84.243s][info][gc,cpu         ] GC(122) User=0.00s Sys=0.00s Real=0.00s
[84.591s][info][gc,start       ] GC(123) Pause Young (Allocation Failure)
[84.603s][info][gc,heap        ] GC(123) PSYoungGen: 320192K(334336K)->13312K(327680K) Eden: 320000K(320000K)->0K(314368K) From: 192K(14336K)->13312K(13312K)
[84.603s][info][gc,heap        ] GC(123) ParOldGen: 27737K(699392K)->30945K(699392K)
[84.603s][info][gc,metaspace   ] GC(123) Metaspace: 36816K(37632K)->36816K(37632K) NonClass: 30204K(30784K)->30204K(30784K) Class: 6612K(6848K)->6612K(6848K)
[84.603s][info][gc             ] GC(123) Pause Young (Allocation Failure) 339M->43M(1003M) 12.899ms
[84.603s][info][gc,cpu         ] GC(123) User=0.09s Sys=0.00s Real=0.02s
[84.822s][info][gc,start       ] GC(124) Pause Young (System.gc())
[84.823s][info][gc,heap        ] GC(124) PSYoungGen: 183036K(327680K)->832K(331776K) Eden: 169724K(314368K)->0K(314368K) From: 13312K(13312K)->832K(17408K)
[84.823s][info][gc,heap        ] GC(124) ParOldGen: 30945K(699392K)->31097K(699392K)
[84.823s][info][gc,metaspace   ] GC(124) Metaspace: 36822K(37632K)->36822K(37632K) NonClass: 30210K(30784K)->30210K(30784K) Class: 6612K(6848K)->6612K(6848K)
[84.823s][info][gc             ] GC(124) Pause Young (System.gc()) 208M->31M(1007M) 1.337ms
[84.823s][info][gc,cpu         ] GC(124) User=0.00s Sys=0.00s Real=0.00s
[84.823s][info][gc,start       ] GC(125) Pause Full (System.gc())
[84.823s][info][gc,phases,start] GC(125) Marking Phase
[84.848s][info][gc,phases      ] GC(125) Marking Phase 24.511ms
[84.848s][info][gc,phases,start] GC(125) Summary Phase
[84.848s][info][gc,phases      ] GC(125) Summary Phase 0.010ms
[84.848s][info][gc,phases,start] GC(125) Adjust Roots
[84.856s][info][gc,phases      ] GC(125) Adjust Roots 7.740ms
[84.856s][info][gc,phases,start] GC(125) Compaction Phase
[84.862s][info][gc,phases      ] GC(125) Compaction Phase 5.934ms
[84.862s][info][gc,phases,start] GC(125) Post Compact
[84.862s][info][gc,phases      ] GC(125) Post Compact 0.312ms
[84.862s][info][gc,heap        ] GC(125) PSYoungGen: 832K(331776K)->0K(331776K) Eden: 0K(314368K)->0K(314368K) From: 832K(17408K)->0K(17408K)
[84.862s][info][gc,heap        ] GC(125) ParOldGen: 31097K(699392K)->27954K(699392K)
[84.862s][info][gc,metaspace   ] GC(125) Metaspace: 36822K(37632K)->36780K(37632K) NonClass: 30210K(30784K)->30168K(30784K) Class: 6612K(6848K)->6611K(6848K)
[84.862s][info][gc             ] GC(125) Pause Full (System.gc()) 31M->27M(1007M) 38.776ms
[84.862s][info][gc,cpu         ] GC(125) User=0.03s Sys=0.00s Real=0.05s
[85.211s][info][gc,start       ] GC(126) Pause Young (Allocation Failure)
[85.212s][info][gc,heap        ] GC(126) PSYoungGen: 314368K(331776K)->192K(333312K) Eden: 314368K(314368K)->0K(316416K) From: 0K(17408K)->192K(16896K)
[85.213s][info][gc,heap        ] GC(126) ParOldGen: 27954K(699392K)->27962K(699392K)
[85.213s][info][gc,metaspace   ] GC(126) Metaspace: 36841K(37632K)->36841K(37632K) NonClass: 30229K(30784K)->30229K(30784K) Class: 6612K(6848K)->6612K(6848K)
[85.213s][info][gc             ] GC(126) Pause Young (Allocation Failure) 334M->27M(1008M) 1.304ms
[85.213s][info][gc,cpu         ] GC(126) User=0.00s Sys=0.00s Real=0.00s
[85.340s][info][gc,start       ] GC(127) Pause Young (Allocation Failure)
[85.341s][info][gc,heap        ] GC(127) PSYoungGen: 316608K(333312K)->160K(332288K) Eden: 316416K(316416K)->0K(316416K) From: 192K(16896K)->160K(15872K)
[85.341s][info][gc,heap        ] GC(127) ParOldGen: 27962K(699392K)->28082K(699392K)
[85.341s][info][gc,metaspace   ] GC(127) Metaspace: 36841K(37632K)->36841K(37632K) NonClass: 30229K(30784K)->30229K(30784K) Class: 6612K(6848K)->6612K(6848K)
[85.341s][info][gc             ] GC(127) Pause Young (Allocation Failure) 336M->27M(1007M) 0.737ms
[85.341s][info][gc,cpu         ] GC(127) User=0.00s Sys=0.00s Real=0.00s
[85.609s][info][gc,start       ] GC(128) Pause Young (Allocation Failure)
[85.610s][info][gc,heap        ] GC(128) PSYoungGen: 316576K(332288K)->192K(334848K) Eden: 316416K(316416K)->0K(319488K) From: 160K(15872K)->192K(15360K)
[85.610s][info][gc,heap        ] GC(128) ParOldGen: 28082K(699392K)->28098K(699392K)
[85.610s][info][gc,metaspace   ] GC(128) Metaspace: 36841K(37632K)->36841K(37632K) NonClass: 30229K(30784K)->30229K(30784K) Class: 6612K(6848K)->6612K(6848K)
[85.610s][info][gc             ] GC(128) Pause Young (Allocation Failure) 336M->27M(1010M) 0.759ms
[85.610s][info][gc,cpu         ] GC(128) User=0.00s Sys=0.00s Real=0.00s
[86.248s][info][gc,start       ] GC(129) Pause Young (Allocation Failure)
[86.249s][info][gc,heap        ] GC(129) PSYoungGen: 319680K(334848K)->192K(333824K) Eden: 319488K(319488K)->0K(319488K) From: 192K(15360K)->192K(14336K)
[86.249s][info][gc,heap        ] GC(129) ParOldGen: 28098K(699392K)->28130K(699392K)
[86.249s][info][gc,metaspace   ] GC(129) Metaspace: 36841K(37632K)->36841K(37632K) NonClass: 30229K(30784K)->30229K(30784K) Class: 6612K(6848K)->6612K(6848K)
[86.249s][info][gc             ] GC(129) Pause Young (Allocation Failure) 339M->27M(1009M) 0.731ms
[86.249s][info][gc,cpu         ] GC(129) User=0.00s Sys=0.00s Real=0.00s
[86.569s][info][gc,start       ] GC(130) Pause Young (Allocation Failure)
[86.575s][info][gc,heap        ] GC(130) PSYoungGen: 319680K(333824K)->7392K(334336K) Eden: 319488K(319488K)->0K(320512K) From: 192K(14336K)->7392K(13824K)
[86.575s][info][gc,heap        ] GC(130) ParOldGen: 28130K(699392K)->28154K(699392K)
[86.575s][info][gc,metaspace   ] GC(130) Metaspace: 36841K(37632K)->36841K(37632K) NonClass: 30229K(30784K)->30229K(30784K) Class: 6612K(6848K)->6612K(6848K)
[86.575s][info][gc             ] GC(130) Pause Young (Allocation Failure) 339M->34M(1009M) 5.973ms
[86.575s][info][gc,cpu         ] GC(130) User=0.09s Sys=0.00s Real=0.01s
[86.886s][info][gc,start       ] GC(131) Pause Young (Allocation Failure)
[86.894s][info][gc,heap        ] GC(131) PSYoungGen: 327904K(334336K)->10080K(330752K) Eden: 320512K(320512K)->0K(320512K) From: 7392K(13824K)->10080K(10240K)
[86.894s][info][gc,heap        ] GC(131) ParOldGen: 28154K(699392K)->28194K(699392K)
[86.894s][info][gc,metaspace   ] GC(131) Metaspace: 36842K(37632K)->36842K(37632K) NonClass: 30230K(30784K)->30230K(30784K) Class: 6612K(6848K)->6612K(6848K)
[86.894s][info][gc             ] GC(131) Pause Young (Allocation Failure) 347M->37M(1006M) 7.863ms
[86.894s][info][gc,cpu         ] GC(131) User=0.00s Sys=0.00s Real=0.02s
[87.163s][info][gc,start       ] GC(132) Pause Young (Allocation Failure)
[87.164s][info][gc,heap        ] GC(132) PSYoungGen: 330592K(330752K)->160K(333824K) Eden: 320512K(320512K)->0K(317952K) From: 10080K(10240K)->160K(15872K)
[87.164s][info][gc,heap        ] GC(132) ParOldGen: 28194K(699392K)->28226K(699392K)
[87.164s][info][gc,metaspace   ] GC(132) Metaspace: 36842K(37632K)->36842K(37632K) NonClass: 30230K(30784K)->30230K(30784K) Class: 6612K(6848K)->6612K(6848K)
[87.164s][info][gc             ] GC(132) Pause Young (Allocation Failure) 350M->27M(1009M) 1.003ms
[87.164s][info][gc,cpu         ] GC(132) User=0.03s Sys=0.00s Real=0.00s
[87.288s][info][gc,start       ] GC(133) Pause Young (Allocation Failure)
[87.289s][info][gc,heap        ] GC(133) PSYoungGen: 318112K(333824K)->192K(333312K) Eden: 317952K(317952K)->0K(317952K) From: 160K(15872K)->192K(15360K)
[87.289s][info][gc,heap        ] GC(133) ParOldGen: 28226K(699392K)->28250K(699392K)
[87.289s][info][gc,metaspace   ] GC(133) Metaspace: 36843K(37632K)->36843K(37632K) NonClass: 30230K(30784K)->30230K(30784K) Class: 6612K(6848K)->6612K(6848K)
[87.289s][info][gc             ] GC(133) Pause Young (Allocation Failure) 338M->27M(1008M) 0.664ms
[87.289s][info][gc,cpu         ] GC(133) User=0.02s Sys=0.00s Real=0.00s
[87.738s][info][gc,start       ] GC(134) Pause Young (Allocation Failure)
[87.739s][info][gc,heap        ] GC(134) PSYoungGen: 318144K(333312K)->160K(335360K) Eden: 317952K(317952K)->0K(320512K) From: 192K(15360K)->160K(14848K)
[87.739s][info][gc,heap        ] GC(134) ParOldGen: 28250K(699392K)->28282K(699392K)
[87.739s][info][gc,metaspace   ] GC(134) Metaspace: 36843K(37632K)->36843K(37632K) NonClass: 30230K(30784K)->30230K(30784K) Class: 6612K(6848K)->6612K(6848K)
[87.739s][info][gc             ] GC(134) Pause Young (Allocation Failure) 338M->27M(1010M) 0.905ms
[87.739s][info][gc,cpu         ] GC(134) User=0.00s Sys=0.00s Real=0.00s
[88.213s][info][gc,start       ] GC(135) Pause Young (Allocation Failure)
[88.214s][info][gc,heap        ] GC(135) PSYoungGen: 320672K(335360K)->192K(334336K) Eden: 320512K(320512K)->0K(320512K) From: 160K(14848K)->192K(13824K)
[88.214s][info][gc,heap        ] GC(135) ParOldGen: 28282K(699392K)->28314K(699392K)
[88.214s][info][gc,metaspace   ] GC(135) Metaspace: 36843K(37632K)->36843K(37632K) NonClass: 30230K(30784K)->30230K(30784K) Class: 6612K(6848K)->6612K(6848K)
[88.214s][info][gc             ] GC(135) Pause Young (Allocation Failure) 340M->27M(1009M) 0.985ms
[88.214s][info][gc,cpu         ] GC(135) User=0.00s Sys=0.00s Real=0.00s
[88.563s][info][gc,start       ] GC(136) Pause Young (Allocation Failure)
[88.576s][info][gc,heap        ] GC(136) PSYoungGen: 320704K(334336K)->13312K(326656K) Eden: 320512K(320512K)->0K(313344K) From: 192K(13824K)->13312K(13312K)
[88.576s][info][gc,heap        ] GC(136) ParOldGen: 28314K(699392K)->32042K(699392K)
[88.576s][info][gc,metaspace   ] GC(136) Metaspace: 36843K(37632K)->36843K(37632K) NonClass: 30230K(30784K)->30230K(30784K) Class: 6612K(6848K)->6612K(6848K)
[88.576s][info][gc             ] GC(136) Pause Young (Allocation Failure) 340M->44M(1002M) 13.400ms
[88.576s][info][gc,cpu         ] GC(136) User=0.09s Sys=0.00s Real=0.02s
[88.776s][info][gc,heap,exit   ] Heap
[88.776s][info][gc,heap,exit   ]  PSYoungGen      total 326656K, used 257690K [0x00000000eab00000, 0x0000000100000000, 0x0000000100000000)
[88.776s][info][gc,heap,exit   ]   eden space 313344K, 77% used [0x00000000eab00000,0x00000000f99a6898,0x00000000fdd00000)
[88.776s][info][gc,heap,exit   ]   from space 13312K, 100% used [0x00000000ff300000,0x0000000100000000,0x0000000100000000)
[88.776s][info][gc,heap,exit   ]   to   space 17920K, 0% used [0x00000000fdd00000,0x00000000fdd00000,0x00000000fee80000)
[88.776s][info][gc,heap,exit   ]  ParOldGen       total 699392K, used 32042K [0x00000000c0000000, 0x00000000eab00000, 0x00000000eab00000)
[88.776s][info][gc,heap,exit   ]   object space 699392K, 4% used [0x00000000c0000000,0x00000000c1f4a948,0x00000000eab00000)
[88.776s][info][gc,heap,exit   ]  Metaspace       used 36902K, committed 37760K, reserved 1114112K
[88.776s][info][gc,heap,exit   ]   class space    used 6624K, committed 6848K, reserved 1048576K
