[0.008s][info][gc,init] Initializing The Z Garbage Collector
[0.009s][info][gc,init] Version: 17.0.12+7-adhoc..jdk17u (release)
[0.009s][info][gc,init] NUMA Support: Disabled
[0.009s][info][gc,init] CPUs: 6 total, 6 available
[0.009s][info][gc,init] Memory: 15591M
[0.009s][info][gc,init] Large Page Support: Disabled
[0.009s][info][gc,init] GC Workers: 2 (dynamic)
[0.009s][info][gc,init] Address Space Type: Contiguous/Unrestricted/Complete
[0.009s][info][gc,init] Address Space Size: 131072M x 3 = 393216M
[0.009s][info][gc,init] Min Capacity: 8192M
[0.009s][info][gc,init] Initial Capacity: 8192M
[0.009s][info][gc,init] Max Capacity: 8192M
[0.010s][info][gc,init] Medium Page Size: 32M
[0.010s][info][gc,init] Pre-touch: Disabled
[0.010s][info][gc,init] Uncommit: Implicitly Disabled (-Xms equals -Xmx)
[0.248s][info][gc,init] Runtime Workers: 4
[0.249s][info][gc     ] Using The Z Garbage Collector
[0.257s][info][gc,metaspace] CDS archive(s) mapped at: [0x000001f300000000-0x000001f300bc0000-0x000001f300bc0000), size 12320768, SharedBaseAddress: 0x000001f300000000, ArchiveRelocationMode: 1.
[0.257s][info][gc,metaspace] Compressed class space mapped at: 0x000001f301000000-0x000001f341000000, reserved size: 1073741824
[0.257s][info][gc,metaspace] Narrow klass base: 0x000001f300000000, Narrow klass shift: 0, Narrow klass range: 0x100000000
[0.613s][info][gc,start    ] GC(0) Garbage Collection (System.gc())
[0.613s][info][gc,task     ] GC(0) Using 2 workers
[0.613s][info][gc,phases   ] GC(0) Pause Mark Start 0.007ms
[0.622s][info][gc,phases   ] GC(0) Concurrent Mark 8.928ms
[0.622s][info][gc,phases   ] GC(0) Pause Mark End 0.024ms
[0.622s][info][gc,phases   ] GC(0) Concurrent Mark Free 0.002ms
[0.623s][info][gc,phases   ] GC(0) Concurrent Process Non-Strong References 0.863ms
[0.623s][info][gc,phases   ] GC(0) Concurrent Reset Relocation Set 0.004ms
[0.627s][info][gc,phases   ] GC(0) Concurrent Select Relocation Set 3.470ms
[0.627s][info][gc,phases   ] GC(0) Pause Relocate Start 0.010ms
[0.628s][info][gc,phases   ] GC(0) Concurrent Relocate 1.682ms
[0.628s][info][gc,load     ] GC(0) Load: 0.00/0.00/0.00
[0.628s][info][gc,mmu      ] GC(0) MMU: 2ms/98.8%, 5ms/99.3%, 10ms/99.7%, 20ms/99.8%, 50ms/99.9%, 100ms/100.0%
[0.629s][info][gc,marking  ] GC(0) Mark: 2 stripe(s), 2 proactive flush(es), 1 terminate flush(es), 0 completion(s), 0 continuation(s) 
[0.629s][info][gc,marking  ] GC(0) Mark Stack Usage: 32M
[0.629s][info][gc,nmethod  ] GC(0) NMethods: 718 registered, 0 unregistered
[0.629s][info][gc,metaspace] GC(0) Metaspace: 4M used, 4M committed, 1088M reserved
[0.629s][info][gc,ref      ] GC(0) Soft: 191 encountered, 0 discovered, 0 enqueued
[0.629s][info][gc,ref      ] GC(0) Weak: 509 encountered, 143 discovered, 93 enqueued
[0.629s][info][gc,ref      ] GC(0) Final: 9 encountered, 6 discovered, 0 enqueued
[0.629s][info][gc,ref      ] GC(0) Phantom: 89 encountered, 79 discovered, 66 enqueued
[0.629s][info][gc,reloc    ] GC(0) Small Pages: 19 / 38M, Empty: 20M, Relocated: 2M, In-Place: 0
[0.629s][info][gc,reloc    ] GC(0) Medium Pages: 1 / 32M, Empty: 32M, Relocated: 0M, In-Place: 0
[0.629s][info][gc,reloc    ] GC(0) Large Pages: 2 / 12M, Empty: 0M, Relocated: 0M, In-Place: 0
[0.629s][info][gc,reloc    ] GC(0) Forwarding Usage: 0M
[0.629s][info][gc,heap     ] GC(0) Min Capacity: 8192M(100%)
[0.629s][info][gc,heap     ] GC(0) Max Capacity: 8192M(100%)
[0.629s][info][gc,heap     ] GC(0) Soft Max Capacity: 8192M(100%)
[0.629s][info][gc,heap     ] GC(0)                Mark Start          Mark End        Relocate Start      Relocate End           High               Low         
[0.629s][info][gc,heap     ] GC(0)  Capacity:     8192M (100%)       8192M (100%)       8192M (100%)       8192M (100%)       8192M (100%)       8192M (100%)   
[0.629s][info][gc,heap     ] GC(0)      Free:     8110M (99%)        8110M (99%)        8162M (100%)       8176M (100%)       8176M (100%)       8110M (99%)    
[0.629s][info][gc,heap     ] GC(0)      Used:       82M (1%)           82M (1%)           30M (0%)           16M (0%)           82M (1%)           16M (0%)     
[0.629s][info][gc,heap     ] GC(0)      Live:         -                14M (0%)           14M (0%)           14M (0%)             -                  -          
[0.629s][info][gc,heap     ] GC(0) Allocated:         -                 0M (0%)            0M (0%)            0M (0%)             -                  -          
[0.629s][info][gc,heap     ] GC(0)   Garbage:         -                67M (1%)           15M (0%)            1M (0%)             -                  -          
[0.629s][info][gc,heap     ] GC(0) Reclaimed:         -                  -                52M (1%)           66M (1%)             -                  -          
[0.629s][info][gc          ] GC(0) Garbage Collection (System.gc()) 82M(1%)->16M(0%)
[1.280s][info][gc,start    ] GC(1) Garbage Collection (Warmup)
[1.280s][info][gc,task     ] GC(1) Using 2 workers
[1.280s][info][gc,phases   ] GC(1) Pause Mark Start 0.008ms
[1.328s][info][gc,phases   ] GC(1) Concurrent Mark 47.334ms
[1.328s][info][gc,phases   ] GC(1) Pause Mark End 0.023ms
[1.352s][info][gc,phases   ] GC(1) Concurrent Mark Free 0.002ms
[1.354s][info][gc,phases   ] GC(1) Concurrent Process Non-Strong References 1.960ms
[1.354s][info][gc,phases   ] GC(1) Concurrent Reset Relocation Set 0.002ms
[1.356s][info][gc,phases   ] GC(1) Concurrent Select Relocation Set 2.112ms
[1.364s][info][gc,phases   ] GC(1) Pause Relocate Start 0.009ms
[1.367s][info][gc,phases   ] GC(1) Concurrent Relocate 2.525ms
[1.367s][info][gc,load     ] GC(1) Load: 0.00/0.00/0.00
[1.367s][info][gc,mmu      ] GC(1) MMU: 2ms/98.8%, 5ms/99.3%, 10ms/99.7%, 20ms/99.8%, 50ms/99.9%, 100ms/100.0%
[1.367s][info][gc,marking  ] GC(1) Mark: 2 stripe(s), 3 proactive flush(es), 1 terminate flush(es), 0 completion(s), 0 continuation(s) 
[1.367s][info][gc,marking  ] GC(1) Mark Stack Usage: 32M
[1.367s][info][gc,nmethod  ] GC(1) NMethods: 1271 registered, 0 unregistered
[1.367s][info][gc,metaspace] GC(1) Metaspace: 5M used, 6M committed, 1088M reserved
[1.367s][info][gc,ref      ] GC(1) Soft: 248 encountered, 0 discovered, 0 enqueued
[1.367s][info][gc,ref      ] GC(1) Weak: 449 encountered, 256 discovered, 8 enqueued
[1.367s][info][gc,ref      ] GC(1) Final: 9 encountered, 0 discovered, 0 enqueued
[1.367s][info][gc,ref      ] GC(1) Phantom: 35 encountered, 29 discovered, 14 enqueued
[1.367s][info][gc,reloc    ] GC(1) Small Pages: 431 / 862M, Empty: 750M, Relocated: 4M, In-Place: 0
[1.367s][info][gc,reloc    ] GC(1) Medium Pages: 0 / 0M, Empty: 0M, Relocated: 0M, In-Place: 0
[1.367s][info][gc,reloc    ] GC(1) Large Pages: 2 / 12M, Empty: 0M, Relocated: 0M, In-Place: 0
[1.367s][info][gc,reloc    ] GC(1) Forwarding Usage: 1M
[1.367s][info][gc,heap     ] GC(1) Min Capacity: 8192M(100%)
[1.367s][info][gc,heap     ] GC(1) Max Capacity: 8192M(100%)
[1.367s][info][gc,heap     ] GC(1) Soft Max Capacity: 8192M(100%)
[1.367s][info][gc,heap     ] GC(1)                Mark Start          Mark End        Relocate Start      Relocate End           High               Low         
[1.367s][info][gc,heap     ] GC(1)  Capacity:     8192M (100%)       8192M (100%)       8192M (100%)       8192M (100%)       8192M (100%)       8192M (100%)   
[1.367s][info][gc,heap     ] GC(1)      Free:     7318M (89%)        7204M (88%)        7910M (97%)        8006M (98%)        8006M (98%)        7180M (88%)    
[1.367s][info][gc,heap     ] GC(1)      Used:      874M (11%)         988M (12%)         282M (3%)          186M (2%)         1012M (12%)         186M (2%)     
[1.367s][info][gc,heap     ] GC(1)      Live:         -                19M (0%)           19M (0%)           19M (0%)             -                  -          
[1.367s][info][gc,heap     ] GC(1) Allocated:         -               114M (1%)          158M (2%)          163M (2%)             -                  -          
[1.367s][info][gc,heap     ] GC(1)   Garbage:         -               854M (10%)         104M (1%)            2M (0%)             -                  -          
[1.367s][info][gc,heap     ] GC(1) Reclaimed:         -                  -               750M (9%)          851M (10%)            -                  -          
[1.367s][info][gc          ] GC(1) Garbage Collection (Warmup) 874M(11%)->186M(2%)
[2.386s][info][gc,start    ] GC(2) Garbage Collection (Warmup)
[2.386s][info][gc,task     ] GC(2) Using 2 workers
[2.386s][info][gc,phases   ] GC(2) Pause Mark Start 0.009ms
[2.433s][info][gc,phases   ] GC(2) Concurrent Mark 37.355ms
[2.434s][info][gc,phases   ] GC(2) Pause Mark End 0.013ms
[2.449s][info][gc,phases   ] GC(2) Concurrent Mark Free 0.002ms
[2.454s][info][gc,phases   ] GC(2) Concurrent Process Non-Strong References 4.818ms
[2.454s][info][gc,phases   ] GC(2) Concurrent Reset Relocation Set 0.007ms
[2.457s][info][gc,phases   ] GC(2) Concurrent Select Relocation Set 2.305ms
[2.457s][info][gc,phases   ] GC(2) Pause Relocate Start 0.011ms
[2.463s][info][gc,phases   ] GC(2) Concurrent Relocate 2.373ms
[2.463s][info][gc,load     ] GC(2) Load: 0.00/0.00/0.00
[2.463s][info][gc,mmu      ] GC(2) MMU: 2ms/98.8%, 5ms/99.3%, 10ms/99.7%, 20ms/99.8%, 50ms/99.9%, 100ms/100.0%
[2.463s][info][gc,marking  ] GC(2) Mark: 2 stripe(s), 2 proactive flush(es), 1 terminate flush(es), 0 completion(s), 0 continuation(s) 
[2.463s][info][gc,marking  ] GC(2) Mark Stack Usage: 32M
[2.463s][info][gc,nmethod  ] GC(2) NMethods: 1326 registered, 0 unregistered
[2.463s][info][gc,metaspace] GC(2) Metaspace: 5M used, 6M committed, 1088M reserved
[2.463s][info][gc,ref      ] GC(2) Soft: 248 encountered, 0 discovered, 0 enqueued
[2.463s][info][gc,ref      ] GC(2) Weak: 441 encountered, 255 discovered, 0 enqueued
[2.463s][info][gc,ref      ] GC(2) Final: 9 encountered, 0 discovered, 0 enqueued
[2.463s][info][gc,ref      ] GC(2) Phantom: 21 encountered, 16 discovered, 0 enqueued
[2.463s][info][gc,reloc    ] GC(2) Small Pages: 882 / 1764M, Empty: 1608M, Relocated: 4M, In-Place: 0
[2.463s][info][gc,reloc    ] GC(2) Medium Pages: 0 / 0M, Empty: 0M, Relocated: 0M, In-Place: 0
[2.463s][info][gc,reloc    ] GC(2) Large Pages: 2 / 12M, Empty: 0M, Relocated: 0M, In-Place: 0
[2.463s][info][gc,reloc    ] GC(2) Forwarding Usage: 1M
[2.463s][info][gc,heap     ] GC(2) Min Capacity: 8192M(100%)
[2.463s][info][gc,heap     ] GC(2) Max Capacity: 8192M(100%)
[2.463s][info][gc,heap     ] GC(2) Soft Max Capacity: 8192M(100%)
[2.463s][info][gc,heap     ] GC(2)                Mark Start          Mark End        Relocate Start      Relocate End           High               Low         
[2.463s][info][gc,heap     ] GC(2)  Capacity:     8192M (100%)       8192M (100%)       8192M (100%)       8192M (100%)       8192M (100%)       8192M (100%)   
[2.463s][info][gc,heap     ] GC(2)      Free:     6416M (78%)        6336M (77%)        7908M (97%)        8048M (98%)        8048M (98%)        6302M (77%)    
[2.463s][info][gc,heap     ] GC(2)      Used:     1776M (22%)        1856M (23%)         284M (3%)          144M (2%)         1890M (23%)         144M (2%)     
[2.463s][info][gc,heap     ] GC(2)      Live:         -                19M (0%)           19M (0%)           19M (0%)             -                  -          
[2.463s][info][gc,heap     ] GC(2) Allocated:         -                80M (1%)          116M (1%)          121M (1%)             -                  -          
[2.463s][info][gc,heap     ] GC(2)   Garbage:         -              1756M (21%)         148M (2%)            3M (0%)             -                  -          
[2.463s][info][gc,heap     ] GC(2) Reclaimed:         -                  -              1608M (20%)        1753M (21%)            -                  -          
[2.463s][info][gc          ] GC(2) Garbage Collection (Warmup) 1776M(22%)->144M(2%)
[4.675s][info][gc,start    ] GC(3) Garbage Collection (Warmup)
[4.675s][info][gc,task     ] GC(3) Using 2 workers
[4.676s][info][gc,phases   ] GC(3) Pause Mark Start 0.006ms
[4.738s][info][gc,phases   ] GC(3) Concurrent Mark 40.847ms
[4.738s][info][gc,phases   ] GC(3) Pause Mark End 0.014ms
[4.764s][info][gc,phases   ] GC(3) Concurrent Mark Free 0.001ms
[4.766s][info][gc,phases   ] GC(3) Concurrent Process Non-Strong References 1.715ms
[4.766s][info][gc,phases   ] GC(3) Concurrent Reset Relocation Set 0.005ms
[4.769s][info][gc,phases   ] GC(3) Concurrent Select Relocation Set 2.604ms
[4.769s][info][gc,phases   ] GC(3) Pause Relocate Start 0.011ms
[4.788s][info][gc,phases   ] GC(3) Concurrent Relocate 1.815ms
[4.788s][info][gc,load     ] GC(3) Load: 0.00/0.00/0.00
[4.788s][info][gc,mmu      ] GC(3) MMU: 2ms/98.8%, 5ms/99.3%, 10ms/99.7%, 20ms/99.8%, 50ms/99.9%, 100ms/100.0%
[4.788s][info][gc,marking  ] GC(3) Mark: 2 stripe(s), 2 proactive flush(es), 1 terminate flush(es), 0 completion(s), 0 continuation(s) 
[4.788s][info][gc,marking  ] GC(3) Mark Stack Usage: 32M
[4.788s][info][gc,nmethod  ] GC(3) NMethods: 1363 registered, 0 unregistered
[4.788s][info][gc,metaspace] GC(3) Metaspace: 5M used, 6M committed, 1088M reserved
[4.788s][info][gc,ref      ] GC(3) Soft: 248 encountered, 0 discovered, 0 enqueued
[4.788s][info][gc,ref      ] GC(3) Weak: 441 encountered, 4 discovered, 0 enqueued
[4.788s][info][gc,ref      ] GC(3) Final: 9 encountered, 0 discovered, 0 enqueued
[4.788s][info][gc,ref      ] GC(3) Phantom: 21 encountered, 11 discovered, 0 enqueued
[4.788s][info][gc,reloc    ] GC(3) Small Pages: 1269 / 2538M, Empty: 2382M, Relocated: 3M, In-Place: 0
[4.788s][info][gc,reloc    ] GC(3) Medium Pages: 0 / 0M, Empty: 0M, Relocated: 0M, In-Place: 0
[4.788s][info][gc,reloc    ] GC(3) Large Pages: 2 / 12M, Empty: 0M, Relocated: 0M, In-Place: 0
[4.788s][info][gc,reloc    ] GC(3) Forwarding Usage: 1M
[4.788s][info][gc,heap     ] GC(3) Min Capacity: 8192M(100%)
[4.788s][info][gc,heap     ] GC(3) Max Capacity: 8192M(100%)
[4.788s][info][gc,heap     ] GC(3) Soft Max Capacity: 8192M(100%)
[4.788s][info][gc,heap     ] GC(3)                Mark Start          Mark End        Relocate Start      Relocate End           High               Low         
[4.788s][info][gc,heap     ] GC(3)  Capacity:     8192M (100%)       8192M (100%)       8192M (100%)       8192M (100%)       8192M (100%)       8192M (100%)   
[4.788s][info][gc,heap     ] GC(3)      Free:     5642M (69%)        5570M (68%)        7924M (97%)        8042M (98%)        8042M (98%)        5542M (68%)    
[4.788s][info][gc,heap     ] GC(3)      Used:     2550M (31%)        2622M (32%)         268M (3%)          150M (2%)         2650M (32%)         150M (2%)     
[4.788s][info][gc,heap     ] GC(3)      Live:         -                19M (0%)           19M (0%)           19M (0%)             -                  -          
[4.788s][info][gc,heap     ] GC(3) Allocated:         -                72M (1%)          100M (1%)          127M (2%)             -                  -          
[4.788s][info][gc,heap     ] GC(3)   Garbage:         -              2530M (31%)         148M (2%)            3M (0%)             -                  -          
[4.788s][info][gc,heap     ] GC(3) Reclaimed:         -                  -              2382M (29%)        2527M (31%)            -                  -          
[4.788s][info][gc          ] GC(3) Garbage Collection (Warmup) 2550M(31%)->150M(2%)
[10.278s][info][gc,stats    ] === Garbage Collection Statistics =======================================================================================================================
[10.278s][info][gc,stats    ]                                                              Last 10s              Last 10m              Last 10h                Total
[10.278s][info][gc,stats    ]                                                              Avg / Max             Avg / Max             Avg / Max             Avg / Max
[10.278s][info][gc,stats    ]   Collector: Garbage Collection Cycle                     72.849 / 112.238      72.849 / 112.238      72.849 / 112.238      72.849 / 112.238     ms
[10.278s][info][gc,stats    ]  Contention: Mark Segment Reset Contention                     0 / 1                 0 / 1                 0 / 1                 0 / 1           ops/s
[10.278s][info][gc,stats    ]  Contention: Mark SeqNum Reset Contention                      0 / 1                 0 / 1                 0 / 1                 0 / 1           ops/s
[10.278s][info][gc,stats    ]    Critical: Allocation Stall                                  0 / 0                 0 / 0                 0 / 0                 0 / 0           ops/s
[10.278s][info][gc,stats    ]    Critical: Allocation Stall                              0.000 / 0.000         0.000 / 0.000         0.000 / 0.000         0.000 / 0.000       ms
[10.278s][info][gc,stats    ]    Critical: GC Locker Stall                                   0 / 0                 0 / 0                 0 / 0                 0 / 0           ops/s
[10.278s][info][gc,stats    ]    Critical: GC Locker Stall                               0.000 / 0.000         0.000 / 0.000         0.000 / 0.000         0.000 / 0.000       ms
[10.278s][info][gc,stats    ]    Critical: Relocation Stall                                  0 / 0                 0 / 0                 0 / 0                 0 / 0           ops/s
[10.278s][info][gc,stats    ]    Critical: Relocation Stall                              0.000 / 0.000         0.000 / 0.000         0.000 / 0.000         0.000 / 0.000       ms
[10.278s][info][gc,stats    ]      Memory: Allocation Rate                                1253 / 1656           1253 / 1656           1253 / 1656           1253 / 1656        MB/s
[10.278s][info][gc,stats    ]      Memory: Out Of Memory                                     0 / 0                 0 / 0                 0 / 0                 0 / 0           ops/s
[10.278s][info][gc,stats    ]      Memory: Page Cache Flush                                  0 / 0                 0 / 0                 0 / 0                 0 / 0           MB/s
[10.278s][info][gc,stats    ]      Memory: Page Cache Hit L1                               259 / 828             259 / 828             259 / 828             259 / 828         ops/s
[10.278s][info][gc,stats    ]      Memory: Page Cache Hit L2                                 0 / 0                 0 / 0                 0 / 0                 0 / 0           ops/s
[10.278s][info][gc,stats    ]      Memory: Page Cache Hit L3                               366 / 604             366 / 604             366 / 604             366 / 604         ops/s
[10.278s][info][gc,stats    ]      Memory: Page Cache Miss                                   0 / 1                 0 / 1                 0 / 1                 0 / 1           ops/s
[10.278s][info][gc,stats    ]      Memory: Uncommit                                          0 / 0                 0 / 0                 0 / 0                 0 / 0           MB/s
[10.278s][info][gc,stats    ]      Memory: Undo Object Allocation Failed                     0 / 0                 0 / 0                 0 / 0                 0 / 0           ops/s
[10.278s][info][gc,stats    ]      Memory: Undo Object Allocation Succeeded                 13 / 96               13 / 96               13 / 96               13 / 96          ops/s
[10.278s][info][gc,stats    ]      Memory: Undo Page Allocation                              0 / 1                 0 / 1                 0 / 1                 0 / 1           ops/s
[10.278s][info][gc,stats    ]       Phase: Concurrent Mark                              33.616 / 47.334       33.616 / 47.334       33.616 / 47.334       33.616 / 47.334      ms
[10.278s][info][gc,stats    ]       Phase: Concurrent Mark Continue                      0.000 / 0.000         0.000 / 0.000         0.000 / 0.000         0.000 / 0.000       ms
[10.278s][info][gc,stats    ]       Phase: Concurrent Mark Free                          0.002 / 0.002         0.002 / 0.002         0.002 / 0.002         0.002 / 0.002       ms
[10.278s][info][gc,stats    ]       Phase: Concurrent Process Non-Strong References      2.339 / 4.818         2.339 / 4.818         2.339 / 4.818         2.339 / 4.818       ms
[10.278s][info][gc,stats    ]       Phase: Concurrent Relocate                           2.099 / 2.525         2.099 / 2.525         2.099 / 2.525         2.099 / 2.525       ms
[10.278s][info][gc,stats    ]       Phase: Concurrent Reset Relocation Set               0.005 / 0.007         0.005 / 0.007         0.005 / 0.007         0.005 / 0.007       ms
[10.278s][info][gc,stats    ]       Phase: Concurrent Select Relocation Set              2.623 / 3.470         2.623 / 3.470         2.623 / 3.470         2.623 / 3.470       ms
[10.278s][info][gc,stats    ]       Phase: Pause Mark End                                0.018 / 0.024         0.018 / 0.024         0.018 / 0.024         0.018 / 0.024       ms
[10.278s][info][gc,stats    ]       Phase: Pause Mark Start                              0.008 / 0.009         0.008 / 0.009         0.008 / 0.009         0.008 / 0.009       ms
[10.278s][info][gc,stats    ]       Phase: Pause Relocate Start                          0.010 / 0.011         0.010 / 0.011         0.010 / 0.011         0.010 / 0.011       ms
[10.278s][info][gc,stats    ]    Subphase: Concurrent Classes Purge                      0.061 / 0.087         0.061 / 0.087         0.061 / 0.087         0.061 / 0.087       ms
[10.278s][info][gc,stats    ]    Subphase: Concurrent Classes Unlink                     0.765 / 0.877         0.765 / 0.877         0.765 / 0.877         0.765 / 0.877       ms
[10.278s][info][gc,stats    ]    Subphase: Concurrent Mark                              28.774 / 46.797       28.774 / 46.797       28.774 / 46.797       28.774 / 46.797      ms
[10.278s][info][gc,stats    ]    Subphase: Concurrent Mark Try Flush                     5.474 / 23.931        5.474 / 23.931        5.474 / 23.931        5.474 / 23.931      ms
[10.278s][info][gc,stats    ]    Subphase: Concurrent Mark Try Terminate                 7.069 / 15.780        7.069 / 15.780        7.069 / 15.780        7.069 / 15.780      ms
[10.278s][info][gc,stats    ]    Subphase: Concurrent References Enqueue                 0.002 / 0.006         0.002 / 0.006         0.002 / 0.006         0.002 / 0.006       ms
[10.278s][info][gc,stats    ]    Subphase: Concurrent References Process                 0.073 / 0.108         0.073 / 0.108         0.073 / 0.108         0.073 / 0.108       ms
[10.278s][info][gc,stats    ]    Subphase: Concurrent Roots ClassLoaderDataGraph         0.085 / 0.251         0.085 / 0.251         0.085 / 0.251         0.085 / 0.251       ms
[10.278s][info][gc,stats    ]    Subphase: Concurrent Roots CodeCache                    0.000 / 0.000         0.000 / 0.000         0.000 / 0.000         0.000 / 0.000       ms
[10.278s][info][gc,stats    ]    Subphase: Concurrent Roots JavaThreads                  0.273 / 0.429         0.273 / 0.429         0.273 / 0.429         0.273 / 0.429       ms
[10.278s][info][gc,stats    ]    Subphase: Concurrent Roots OopStorageSet                0.033 / 0.087         0.033 / 0.087         0.033 / 0.087         0.033 / 0.087       ms
[10.278s][info][gc,stats    ]    Subphase: Concurrent Weak Roots OopStorageSet           0.175 / 0.271         0.175 / 0.271         0.175 / 0.271         0.175 / 0.271       ms
[10.278s][info][gc,stats    ]    Subphase: Pause Mark Try Complete                       0.000 / 0.000         0.000 / 0.000         0.000 / 0.000         0.000 / 0.000       ms
[10.278s][info][gc,stats    ]      System: Java Threads                                     17 / 20               17 / 20               17 / 20               17 / 20          threads
[10.278s][info][gc,stats    ] =========================================================================================================================================================
[10.672s][info][gc,start    ] GC(4) Garbage Collection (Allocation Rate)
[10.672s][info][gc,task     ] GC(4) Using 1 workers
[10.672s][info][gc,phases   ] GC(4) Pause Mark Start 0.009ms
[10.700s][info][gc,phases   ] GC(4) Concurrent Mark 27.643ms
[10.700s][info][gc,phases   ] GC(4) Pause Mark End 0.016ms
[10.711s][info][gc,phases   ] GC(4) Concurrent Mark Free 0.002ms
[10.716s][info][gc,phases   ] GC(4) Concurrent Process Non-Strong References 5.332ms
[10.716s][info][gc,phases   ] GC(4) Concurrent Reset Relocation Set 0.011ms
[10.719s][info][gc,phases   ] GC(4) Concurrent Select Relocation Set 3.006ms
[10.719s][info][gc,phases   ] GC(4) Pause Relocate Start 0.010ms
[10.723s][info][gc,phases   ] GC(4) Concurrent Relocate 3.704ms
[10.723s][info][gc,load     ] GC(4) Load: 0.00/0.00/0.00
[10.723s][info][gc,mmu      ] GC(4) MMU: 2ms/98.8%, 5ms/99.3%, 10ms/99.7%, 20ms/99.8%, 50ms/99.9%, 100ms/100.0%
[10.723s][info][gc,marking  ] GC(4) Mark: 1 stripe(s), 2 proactive flush(es), 1 terminate flush(es), 0 completion(s), 0 continuation(s) 
[10.723s][info][gc,marking  ] GC(4) Mark Stack Usage: 32M
[10.723s][info][gc,nmethod  ] GC(4) NMethods: 1387 registered, 0 unregistered
[10.723s][info][gc,metaspace] GC(4) Metaspace: 6M used, 6M committed, 1088M reserved
[10.723s][info][gc,ref      ] GC(4) Soft: 248 encountered, 0 discovered, 0 enqueued
[10.723s][info][gc,ref      ] GC(4) Weak: 441 encountered, 193 discovered, 0 enqueued
[10.723s][info][gc,ref      ] GC(4) Final: 9 encountered, 7 discovered, 0 enqueued
[10.723s][info][gc,ref      ] GC(4) Phantom: 21 encountered, 12 discovered, 0 enqueued
[10.723s][info][gc,reloc    ] GC(4) Small Pages: 3887 / 7774M, Empty: 7542M, Relocated: 3M, In-Place: 0
[10.723s][info][gc,reloc    ] GC(4) Medium Pages: 0 / 0M, Empty: 0M, Relocated: 0M, In-Place: 0
[10.723s][info][gc,reloc    ] GC(4) Large Pages: 2 / 12M, Empty: 0M, Relocated: 0M, In-Place: 0
[10.723s][info][gc,reloc    ] GC(4) Forwarding Usage: 1M
[10.723s][info][gc,heap     ] GC(4) Min Capacity: 8192M(100%)
[10.723s][info][gc,heap     ] GC(4) Max Capacity: 8192M(100%)
[10.723s][info][gc,heap     ] GC(4) Soft Max Capacity: 8192M(100%)
[10.723s][info][gc,heap     ] GC(4)                Mark Start          Mark End        Relocate Start      Relocate End           High               Low         
[10.723s][info][gc,heap     ] GC(4)  Capacity:     8192M (100%)       8192M (100%)       8192M (100%)       8192M (100%)       8192M (100%)       8192M (100%)   
[10.724s][info][gc,heap     ] GC(4)      Free:      406M (5%)          368M (4%)         7886M (96%)        8102M (99%)        8102M (99%)         352M (4%)     
[10.724s][info][gc,heap     ] GC(4)      Used:     7786M (95%)        7824M (96%)         306M (4%)           90M (1%)         7840M (96%)          90M (1%)     
[10.724s][info][gc,heap     ] GC(4)      Live:         -                19M (0%)           19M (0%)           19M (0%)             -                  -          
[10.724s][info][gc,heap     ] GC(4) Allocated:         -                38M (0%)           62M (1%)           67M (1%)             -                  -          
[10.724s][info][gc,heap     ] GC(4)   Garbage:         -              7766M (95%)         224M (3%)            3M (0%)             -                  -          
[10.724s][info][gc,heap     ] GC(4) Reclaimed:         -                  -              7542M (92%)        7763M (95%)            -                  -          
[10.724s][info][gc          ] GC(4) Garbage Collection (Allocation Rate) 7786M(95%)->90M(1%)
[13.846s][info][gc,start    ] GC(5) Garbage Collection (System.gc())
[13.846s][info][gc,task     ] GC(5) Using 2 workers
[13.846s][info][gc,phases   ] GC(5) Pause Mark Start 0.007ms
[13.860s][info][gc,phases   ] GC(5) Concurrent Mark 13.094ms
[13.860s][info][gc,phases   ] GC(5) Pause Mark End 0.016ms
[13.860s][info][gc,phases   ] GC(5) Concurrent Mark Free 0.002ms
[13.862s][info][gc,phases   ] GC(5) Concurrent Process Non-Strong References 1.872ms
[13.862s][info][gc,phases   ] GC(5) Concurrent Reset Relocation Set 0.014ms
[13.864s][info][gc,phases   ] GC(5) Concurrent Select Relocation Set 2.329ms
[13.864s][info][gc,phases   ] GC(5) Pause Relocate Start 0.010ms
[13.865s][info][gc,phases   ] GC(5) Concurrent Relocate 0.540ms
[13.865s][info][gc,load     ] GC(5) Load: 0.00/0.00/0.00
[13.865s][info][gc,mmu      ] GC(5) MMU: 2ms/98.8%, 5ms/99.3%, 10ms/99.7%, 20ms/99.8%, 50ms/99.9%, 100ms/100.0%
[13.865s][info][gc,marking  ] GC(5) Mark: 2 stripe(s), 1 proactive flush(es), 1 terminate flush(es), 0 completion(s), 0 continuation(s) 
[13.865s][info][gc,marking  ] GC(5) Mark Stack Usage: 32M
[13.865s][info][gc,nmethod  ] GC(5) NMethods: 1411 registered, 0 unregistered
[13.865s][info][gc,metaspace] GC(5) Metaspace: 6M used, 6M committed, 1088M reserved
[13.865s][info][gc,ref      ] GC(5) Soft: 248 encountered, 0 discovered, 0 enqueued
[13.865s][info][gc,ref      ] GC(5) Weak: 442 encountered, 22 discovered, 0 enqueued
[13.865s][info][gc,ref      ] GC(5) Final: 9 encountered, 3 discovered, 0 enqueued
[13.865s][info][gc,ref      ] GC(5) Phantom: 20 encountered, 14 discovered, 1 enqueued
[13.865s][info][gc,reloc    ] GC(5) Small Pages: 2773 / 5546M, Empty: 5524M, Relocated: 1M, In-Place: 0
[13.865s][info][gc,reloc    ] GC(5) Medium Pages: 1 / 32M, Empty: 32M, Relocated: 0M, In-Place: 0
[13.865s][info][gc,reloc    ] GC(5) Large Pages: 4 / 24M, Empty: 12M, Relocated: 0M, In-Place: 0
[13.865s][info][gc,reloc    ] GC(5) Forwarding Usage: 0M
[13.865s][info][gc,heap     ] GC(5) Min Capacity: 8192M(100%)
[13.865s][info][gc,heap     ] GC(5) Max Capacity: 8192M(100%)
[13.865s][info][gc,heap     ] GC(5) Soft Max Capacity: 8192M(100%)
[13.865s][info][gc,heap     ] GC(5)                Mark Start          Mark End        Relocate Start      Relocate End           High               Low         
[13.865s][info][gc,heap     ] GC(5)  Capacity:     8192M (100%)       8192M (100%)       8192M (100%)       8192M (100%)       8192M (100%)       8192M (100%)   
[13.865s][info][gc,heap     ] GC(5)      Free:     2590M (32%)        2590M (32%)        8158M (100%)       8172M (100%)       8172M (100%)       2590M (32%)    
[13.865s][info][gc,heap     ] GC(5)      Used:     5602M (68%)        5602M (68%)          34M (0%)           20M (0%)         5602M (68%)          20M (0%)     
[13.865s][info][gc,heap     ] GC(5)      Live:         -                16M (0%)           16M (0%)           16M (0%)             -                  -          
[13.865s][info][gc,heap     ] GC(5) Allocated:         -                 0M (0%)            0M (0%)            0M (0%)             -                  -          
[13.865s][info][gc,heap     ] GC(5)   Garbage:         -              5585M (68%)          17M (0%)            3M (0%)             -                  -          
[13.865s][info][gc,heap     ] GC(5) Reclaimed:         -                  -              5568M (68%)        5582M (68%)            -                  -          
[13.865s][info][gc          ] GC(5) Garbage Collection (System.gc()) 5602M(68%)->20M(0%)
[16.672s][info][gc,start    ] GC(6) Garbage Collection (Allocation Rate)
[16.672s][info][gc,task     ] GC(6) Using 1 workers
[16.672s][info][gc,phases   ] GC(6) Pause Mark Start 0.015ms
[16.709s][info][gc,phases   ] GC(6) Concurrent Mark 34.232ms
[16.709s][info][gc,phases   ] GC(6) Pause Mark End 0.015ms
[16.717s][info][gc,phases   ] GC(6) Concurrent Mark Free 0.002ms
[16.727s][info][gc,phases   ] GC(6) Concurrent Process Non-Strong References 10.051ms
[16.727s][info][gc,phases   ] GC(6) Concurrent Reset Relocation Set 0.002ms
[16.731s][info][gc,phases   ] GC(6) Concurrent Select Relocation Set 3.240ms
[16.731s][info][gc,phases   ] GC(6) Pause Relocate Start 0.012ms
[16.742s][info][gc,phases   ] GC(6) Concurrent Relocate 5.083ms
[16.742s][info][gc,load     ] GC(6) Load: 0.00/0.00/0.00
[16.742s][info][gc,mmu      ] GC(6) MMU: 2ms/98.8%, 5ms/99.3%, 10ms/99.7%, 20ms/99.8%, 50ms/99.9%, 100ms/100.0%
[16.742s][info][gc,marking  ] GC(6) Mark: 1 stripe(s), 2 proactive flush(es), 1 terminate flush(es), 0 completion(s), 0 continuation(s) 
[16.742s][info][gc,marking  ] GC(6) Mark Stack Usage: 32M
[16.742s][info][gc,nmethod  ] GC(6) NMethods: 1464 registered, 0 unregistered
[16.742s][info][gc,metaspace] GC(6) Metaspace: 6M used, 6M committed, 1088M reserved
[16.742s][info][gc,ref      ] GC(6) Soft: 248 encountered, 0 discovered, 0 enqueued
[16.742s][info][gc,ref      ] GC(6) Weak: 442 encountered, 193 discovered, 0 enqueued
[16.742s][info][gc,ref      ] GC(6) Final: 9 encountered, 7 discovered, 0 enqueued
[16.742s][info][gc,ref      ] GC(6) Phantom: 21 encountered, 12 discovered, 0 enqueued
[16.742s][info][gc,reloc    ] GC(6) Small Pages: 3640 / 7280M, Empty: 6986M, Relocated: 4M, In-Place: 0
[16.742s][info][gc,reloc    ] GC(6) Medium Pages: 0 / 0M, Empty: 0M, Relocated: 0M, In-Place: 0
[16.742s][info][gc,reloc    ] GC(6) Large Pages: 2 / 12M, Empty: 0M, Relocated: 0M, In-Place: 0
[16.742s][info][gc,reloc    ] GC(6) Forwarding Usage: 1M
[16.742s][info][gc,heap     ] GC(6) Min Capacity: 8192M(100%)
[16.742s][info][gc,heap     ] GC(6) Max Capacity: 8192M(100%)
[16.742s][info][gc,heap     ] GC(6) Soft Max Capacity: 8192M(100%)
[16.742s][info][gc,heap     ] GC(6)                Mark Start          Mark End        Relocate Start      Relocate End           High               Low         
[16.742s][info][gc,heap     ] GC(6)  Capacity:     8192M (100%)       8192M (100%)       8192M (100%)       8192M (100%)       8192M (100%)       8192M (100%)   
[16.742s][info][gc,heap     ] GC(6)      Free:      900M (11%)         812M (10%)        7744M (95%)        8018M (98%)        8018M (98%)         766M (9%)     
[16.742s][info][gc,heap     ] GC(6)      Used:     7292M (89%)        7380M (90%)         448M (5%)          174M (2%)         7426M (91%)         174M (2%)     
[16.742s][info][gc,heap     ] GC(6)      Live:         -                19M (0%)           19M (0%)           19M (0%)             -                  -          
[16.742s][info][gc,heap     ] GC(6) Allocated:         -                88M (1%)          142M (2%)          153M (2%)             -                  -          
[16.742s][info][gc,heap     ] GC(6)   Garbage:         -              7272M (89%)         286M (3%)            1M (0%)             -                  -          
[16.742s][info][gc,heap     ] GC(6) Reclaimed:         -                  -              6986M (85%)        7271M (89%)            -                  -          
[16.742s][info][gc          ] GC(6) Garbage Collection (Allocation Rate) 7292M(89%)->174M(2%)
[20.285s][info][gc,stats    ] === Garbage Collection Statistics =======================================================================================================================
[20.285s][info][gc,stats    ]                                                              Last 10s              Last 10m              Last 10h                Total
[20.285s][info][gc,stats    ]                                                              Avg / Max             Avg / Max             Avg / Max             Avg / Max
[20.285s][info][gc,stats    ]   Collector: Garbage Collection Cycle                     46.722 / 70.143       61.652 / 112.238      61.652 / 112.238      61.652 / 112.238     ms
[20.285s][info][gc,stats    ]  Contention: Mark Segment Reset Contention                     0 / 0                 0 / 1                 0 / 1                 0 / 1           ops/s
[20.285s][info][gc,stats    ]  Contention: Mark SeqNum Reset Contention                      0 / 0                 0 / 1                 0 / 1                 0 / 1           ops/s
[20.285s][info][gc,stats    ]    Critical: Allocation Stall                                  0 / 0                 0 / 0                 0 / 0                 0 / 0           ops/s
[20.285s][info][gc,stats    ]    Critical: Allocation Stall                              0.000 / 0.000         0.000 / 0.000         0.000 / 0.000         0.000 / 0.000       ms
[20.285s][info][gc,stats    ]    Critical: GC Locker Stall                                   0 / 0                 0 / 0                 0 / 0                 0 / 0           ops/s
[20.285s][info][gc,stats    ]    Critical: GC Locker Stall                               0.000 / 0.000         0.000 / 0.000         0.000 / 0.000         0.000 / 0.000       ms
[20.285s][info][gc,stats    ]    Critical: Relocation Stall                                  0 / 0                 0 / 0                 0 / 0                 0 / 0           ops/s
[20.285s][info][gc,stats    ]    Critical: Relocation Stall                              0.000 / 0.000         0.000 / 0.000         0.000 / 0.000         0.000 / 0.000       ms
[20.285s][info][gc,stats    ]      Memory: Allocation Rate                                1849 / 2586           1551 / 2586           1551 / 2586           1551 / 2586        MB/s
[20.285s][info][gc,stats    ]      Memory: Out Of Memory                                     0 / 0                 0 / 0                 0 / 0                 0 / 0           ops/s
[20.285s][info][gc,stats    ]      Memory: Page Cache Flush                                  0 / 0                 0 / 0                 0 / 0                 0 / 0           MB/s
[20.285s][info][gc,stats    ]      Memory: Page Cache Hit L1                               898 / 1293            578 / 1293            578 / 1293            578 / 1293        ops/s
[20.285s][info][gc,stats    ]      Memory: Page Cache Hit L2                                 0 / 0                 0 / 0                 0 / 0                 0 / 0           ops/s
[20.285s][info][gc,stats    ]      Memory: Page Cache Hit L3                                25 / 251             195 / 604             195 / 604             195 / 604         ops/s
[20.285s][info][gc,stats    ]      Memory: Page Cache Miss                                   0 / 0                 0 / 1                 0 / 1                 0 / 1           ops/s
[20.285s][info][gc,stats    ]      Memory: Uncommit                                          0 / 0                 0 / 0                 0 / 0                 0 / 0           MB/s
[20.285s][info][gc,stats    ]      Memory: Undo Object Allocation Failed                     0 / 0                 0 / 0                 0 / 0                 0 / 0           ops/s
[20.285s][info][gc,stats    ]      Memory: Undo Object Allocation Succeeded                  2 / 16                7 / 96                7 / 96                7 / 96          ops/s
[20.285s][info][gc,stats    ]      Memory: Undo Page Allocation                              0 / 1                 0 / 1                 0 / 1                 0 / 1           ops/s
[20.285s][info][gc,stats    ]       Phase: Concurrent Mark                              24.990 / 34.232       29.919 / 47.334       29.919 / 47.334       29.919 / 47.334      ms
[20.285s][info][gc,stats    ]       Phase: Concurrent Mark Continue                      0.000 / 0.000         0.000 / 0.000         0.000 / 0.000         0.000 / 0.000       ms
[20.285s][info][gc,stats    ]       Phase: Concurrent Mark Free                          0.002 / 0.002         0.002 / 0.002         0.002 / 0.002         0.002 / 0.002       ms
[20.285s][info][gc,stats    ]       Phase: Concurrent Process Non-Strong References      5.752 / 10.051        3.802 / 10.051        3.802 / 10.051        3.802 / 10.051      ms
[20.285s][info][gc,stats    ]       Phase: Concurrent Relocate                           3.109 / 5.083         2.531 / 5.083         2.531 / 5.083         2.531 / 5.083       ms
[20.285s][info][gc,stats    ]       Phase: Concurrent Reset Relocation Set               0.009 / 0.014         0.006 / 0.014         0.006 / 0.014         0.006 / 0.014       ms
[20.285s][info][gc,stats    ]       Phase: Concurrent Select Relocation Set              2.858 / 3.240         2.724 / 3.470         2.724 / 3.470         2.724 / 3.470       ms
[20.285s][info][gc,stats    ]       Phase: Pause Mark End                                0.016 / 0.016         0.017 / 0.024         0.017 / 0.024         0.017 / 0.024       ms
[20.285s][info][gc,stats    ]       Phase: Pause Mark Start                              0.010 / 0.015         0.009 / 0.015         0.009 / 0.015         0.009 / 0.015       ms
[20.285s][info][gc,stats    ]       Phase: Pause Relocate Start                          0.010 / 0.012         0.010 / 0.012         0.010 / 0.012         0.010 / 0.012       ms
[20.285s][info][gc,stats    ]    Subphase: Concurrent Classes Purge                      0.095 / 0.132         0.076 / 0.132         0.076 / 0.132         0.076 / 0.132       ms
[20.285s][info][gc,stats    ]    Subphase: Concurrent Classes Unlink                     1.698 / 1.992         1.165 / 1.992         1.165 / 1.992         1.165 / 1.992       ms
[20.285s][info][gc,stats    ]    Subphase: Concurrent Mark                              19.043 / 33.503       25.530 / 46.797       25.530 / 46.797       25.530 / 46.797      ms
[20.285s][info][gc,stats    ]    Subphase: Concurrent Mark Try Flush                     2.366 / 5.644         4.290 / 23.931        4.290 / 23.931        4.290 / 23.931      ms
[20.285s][info][gc,stats    ]    Subphase: Concurrent Mark Try Terminate                 2.812 / 10.110        5.827 / 15.780        5.827 / 15.780        5.827 / 15.780      ms
[20.285s][info][gc,stats    ]    Subphase: Concurrent References Enqueue                 0.002 / 0.004         0.002 / 0.006         0.002 / 0.006         0.002 / 0.006       ms
[20.285s][info][gc,stats    ]    Subphase: Concurrent References Process                 0.057 / 0.059         0.066 / 0.108         0.066 / 0.108         0.066 / 0.108       ms
[20.285s][info][gc,stats    ]    Subphase: Concurrent Roots ClassLoaderDataGraph         0.080 / 0.142         0.083 / 0.251         0.083 / 0.251         0.083 / 0.251       ms
[20.285s][info][gc,stats    ]    Subphase: Concurrent Roots CodeCache                    0.000 / 0.000         0.000 / 0.000         0.000 / 0.000         0.000 / 0.000       ms
[20.285s][info][gc,stats    ]    Subphase: Concurrent Roots JavaThreads                  0.324 / 0.495         0.290 / 0.495         0.290 / 0.495         0.290 / 0.495       ms
[20.285s][info][gc,stats    ]    Subphase: Concurrent Roots OopStorageSet                0.021 / 0.050         0.029 / 0.087         0.029 / 0.087         0.029 / 0.087       ms
[20.285s][info][gc,stats    ]    Subphase: Concurrent Weak Roots OopStorageSet           0.223 / 0.319         0.191 / 0.319         0.191 / 0.319         0.191 / 0.319       ms
[20.285s][info][gc,stats    ]    Subphase: Pause Mark Try Complete                       0.000 / 0.000         0.000 / 0.000         0.000 / 0.000         0.000 / 0.000       ms
[20.285s][info][gc,stats    ]      System: Java Threads                                     17 / 19               17 / 20               17 / 20               17 / 20          threads
[20.285s][info][gc,stats    ] =========================================================================================================================================================
[21.579s][info][gc,start    ] GC(7) Garbage Collection (Proactive)
[21.579s][info][gc,task     ] GC(7) Using 2 workers
[21.579s][info][gc,phases   ] GC(7) Pause Mark Start 0.008ms
[21.626s][info][gc,phases   ] GC(7) Concurrent Mark 41.611ms
[21.626s][info][gc,phases   ] GC(7) Pause Mark End 0.016ms
[21.638s][info][gc,phases   ] GC(7) Concurrent Mark Free 0.002ms
[21.651s][info][gc,phases   ] GC(7) Concurrent Process Non-Strong References 12.661ms
[21.651s][info][gc,phases   ] GC(7) Concurrent Reset Relocation Set 0.008ms
[21.653s][info][gc,phases   ] GC(7) Concurrent Select Relocation Set 1.853ms
[21.653s][info][gc,phases   ] GC(7) Pause Relocate Start 0.009ms
[21.658s][info][gc,phases   ] GC(7) Concurrent Relocate 1.291ms
[21.658s][info][gc,load     ] GC(7) Load: 0.00/0.00/0.00
[21.658s][info][gc,mmu      ] GC(7) MMU: 2ms/98.8%, 5ms/99.3%, 10ms/99.7%, 20ms/99.8%, 50ms/99.9%, 100ms/100.0%
[21.658s][info][gc,marking  ] GC(7) Mark: 2 stripe(s), 3 proactive flush(es), 1 terminate flush(es), 0 completion(s), 0 continuation(s) 
[21.658s][info][gc,marking  ] GC(7) Mark Stack Usage: 32M
[21.658s][info][gc,nmethod  ] GC(7) NMethods: 1464 registered, 0 unregistered
[21.658s][info][gc,metaspace] GC(7) Metaspace: 6M used, 6M committed, 1088M reserved
[21.658s][info][gc,ref      ] GC(7) Soft: 248 encountered, 0 discovered, 0 enqueued
[21.658s][info][gc,ref      ] GC(7) Weak: 442 encountered, 5 discovered, 0 enqueued
[21.658s][info][gc,ref      ] GC(7) Final: 9 encountered, 0 discovered, 0 enqueued
[21.658s][info][gc,ref      ] GC(7) Phantom: 21 encountered, 13 discovered, 0 enqueued
[21.658s][info][gc,reloc    ] GC(7) Small Pages: 3623 / 7246M, Empty: 7154M, Relocated: 2M, In-Place: 0
[21.658s][info][gc,reloc    ] GC(7) Medium Pages: 0 / 0M, Empty: 0M, Relocated: 0M, In-Place: 0
[21.658s][info][gc,reloc    ] GC(7) Large Pages: 2 / 12M, Empty: 0M, Relocated: 0M, In-Place: 0
[21.658s][info][gc,reloc    ] GC(7) Forwarding Usage: 0M
[21.658s][info][gc,heap     ] GC(7) Min Capacity: 8192M(100%)
[21.658s][info][gc,heap     ] GC(7) Max Capacity: 8192M(100%)
[21.658s][info][gc,heap     ] GC(7) Soft Max Capacity: 8192M(100%)
[21.658s][info][gc,heap     ] GC(7)                Mark Start          Mark End        Relocate Start      Relocate End           High               Low         
[21.658s][info][gc,heap     ] GC(7)  Capacity:     8192M (100%)       8192M (100%)       8192M (100%)       8192M (100%)       8192M (100%)       8192M (100%)   
[21.658s][info][gc,heap     ] GC(7)      Free:      934M (11%)         856M (10%)        7974M (97%)        8048M (98%)        8048M (98%)         822M (10%)    
[21.658s][info][gc,heap     ] GC(7)      Used:     7258M (89%)        7336M (90%)         218M (3%)          144M (2%)         7370M (90%)         144M (2%)     
[21.658s][info][gc,heap     ] GC(7)      Live:         -                19M (0%)           19M (0%)           19M (0%)             -                  -          
[21.658s][info][gc,heap     ] GC(7) Allocated:         -                78M (1%)          114M (1%)          121M (1%)             -                  -          
[21.658s][info][gc,heap     ] GC(7)   Garbage:         -              7238M (88%)          84M (1%)            3M (0%)             -                  -          
[21.658s][info][gc,heap     ] GC(7) Reclaimed:         -                  -              7154M (87%)        7235M (88%)            -                  -          
[21.658s][info][gc          ] GC(7) Garbage Collection (Proactive) 7258M(89%)->144M(2%)
[23.952s][info][gc,start    ] GC(8) Garbage Collection (System.gc())
[23.952s][info][gc,task     ] GC(8) Using 2 workers
[23.952s][info][gc,phases   ] GC(8) Pause Mark Start 0.015ms
[23.962s][info][gc,phases   ] GC(8) Concurrent Mark 9.475ms
[23.962s][info][gc,phases   ] GC(8) Pause Mark End 0.012ms
[23.962s][info][gc,phases   ] GC(8) Concurrent Mark Free 0.001ms
[23.963s][info][gc,phases   ] GC(8) Concurrent Process Non-Strong References 1.119ms
[23.963s][info][gc,phases   ] GC(8) Concurrent Reset Relocation Set 0.004ms
[23.965s][info][gc,phases   ] GC(8) Concurrent Select Relocation Set 1.561ms
[23.965s][info][gc,phases   ] GC(8) Pause Relocate Start 0.009ms
[23.966s][info][gc,phases   ] GC(8) Concurrent Relocate 0.577ms
[23.966s][info][gc,load     ] GC(8) Load: 0.00/0.00/0.00
[23.966s][info][gc,mmu      ] GC(8) MMU: 2ms/98.8%, 5ms/99.3%, 10ms/99.7%, 20ms/99.8%, 50ms/99.9%, 100ms/100.0%
[23.966s][info][gc,marking  ] GC(8) Mark: 2 stripe(s), 1 proactive flush(es), 1 terminate flush(es), 0 completion(s), 0 continuation(s) 
[23.966s][info][gc,marking  ] GC(8) Mark Stack Usage: 32M
[23.966s][info][gc,nmethod  ] GC(8) NMethods: 1472 registered, 0 unregistered
[23.966s][info][gc,metaspace] GC(8) Metaspace: 6M used, 6M committed, 1088M reserved
[23.966s][info][gc,ref      ] GC(8) Soft: 248 encountered, 0 discovered, 0 enqueued
[23.966s][info][gc,ref      ] GC(8) Weak: 442 encountered, 17 discovered, 0 enqueued
[23.966s][info][gc,ref      ] GC(8) Final: 9 encountered, 0 discovered, 0 enqueued
[23.966s][info][gc,ref      ] GC(8) Phantom: 20 encountered, 12 discovered, 1 enqueued
[23.966s][info][gc,reloc    ] GC(8) Small Pages: 1953 / 3906M, Empty: 3890M, Relocated: 1M, In-Place: 0
[23.966s][info][gc,reloc    ] GC(8) Medium Pages: 1 / 32M, Empty: 32M, Relocated: 0M, In-Place: 0
[23.966s][info][gc,reloc    ] GC(8) Large Pages: 4 / 24M, Empty: 12M, Relocated: 0M, In-Place: 0
[23.966s][info][gc,reloc    ] GC(8) Forwarding Usage: 0M
[23.966s][info][gc,heap     ] GC(8) Min Capacity: 8192M(100%)
[23.966s][info][gc,heap     ] GC(8) Max Capacity: 8192M(100%)
[23.966s][info][gc,heap     ] GC(8) Soft Max Capacity: 8192M(100%)
[23.966s][info][gc,heap     ] GC(8)                Mark Start          Mark End        Relocate Start      Relocate End           High               Low         
[23.966s][info][gc,heap     ] GC(8)  Capacity:     8192M (100%)       8192M (100%)       8192M (100%)       8192M (100%)       8192M (100%)       8192M (100%)   
[23.966s][info][gc,heap     ] GC(8)      Free:     4230M (52%)        4230M (52%)        8164M (100%)       8172M (100%)       8172M (100%)       4230M (52%)    
[23.966s][info][gc,heap     ] GC(8)      Used:     3962M (48%)        3962M (48%)          28M (0%)           20M (0%)         3962M (48%)          20M (0%)     
[23.966s][info][gc,heap     ] GC(8)      Live:         -                16M (0%)           16M (0%)           16M (0%)             -                  -          
[23.966s][info][gc,heap     ] GC(8) Allocated:         -                 0M (0%)            0M (0%)            0M (0%)             -                  -          
[23.966s][info][gc,heap     ] GC(8)   Garbage:         -              3945M (48%)          11M (0%)            3M (0%)             -                  -          
[23.966s][info][gc,heap     ] GC(8) Reclaimed:         -                  -              3934M (48%)        3942M (48%)            -                  -          
[23.966s][info][gc          ] GC(8) Garbage Collection (System.gc()) 3962M(48%)->20M(0%)
[26.773s][info][gc,start    ] GC(9) Garbage Collection (Allocation Rate)
[26.773s][info][gc,task     ] GC(9) Using 1 workers
[26.773s][info][gc,phases   ] GC(9) Pause Mark Start 0.015ms
[26.805s][info][gc,phases   ] GC(9) Concurrent Mark 27.735ms
[26.805s][info][gc,phases   ] GC(9) Pause Mark End 0.017ms
[26.811s][info][gc,phases   ] GC(9) Concurrent Mark Free 0.001ms
[26.813s][info][gc,phases   ] GC(9) Concurrent Process Non-Strong References 2.488ms
[26.813s][info][gc,phases   ] GC(9) Concurrent Reset Relocation Set 0.001ms
[26.816s][info][gc,phases   ] GC(9) Concurrent Select Relocation Set 2.356ms
[26.816s][info][gc,phases   ] GC(9) Pause Relocate Start 0.012ms
[26.823s][info][gc,phases   ] GC(9) Concurrent Relocate 3.563ms
[26.823s][info][gc,load     ] GC(9) Load: 0.00/0.00/0.00
[26.823s][info][gc,mmu      ] GC(9) MMU: 2ms/98.8%, 5ms/99.3%, 10ms/99.7%, 20ms/99.8%, 50ms/99.9%, 100ms/100.0%
[26.823s][info][gc,marking  ] GC(9) Mark: 1 stripe(s), 2 proactive flush(es), 1 terminate flush(es), 0 completion(s), 0 continuation(s) 
[26.823s][info][gc,marking  ] GC(9) Mark Stack Usage: 32M
[26.823s][info][gc,nmethod  ] GC(9) NMethods: 1506 registered, 0 unregistered
[26.823s][info][gc,metaspace] GC(9) Metaspace: 6M used, 6M committed, 1088M reserved
[26.823s][info][gc,ref      ] GC(9) Soft: 248 encountered, 0 discovered, 0 enqueued
[26.823s][info][gc,ref      ] GC(9) Weak: 442 encountered, 193 discovered, 0 enqueued
[26.823s][info][gc,ref      ] GC(9) Final: 9 encountered, 7 discovered, 0 enqueued
[26.823s][info][gc,ref      ] GC(9) Phantom: 21 encountered, 12 discovered, 0 enqueued
[26.823s][info][gc,reloc    ] GC(9) Small Pages: 3698 / 7396M, Empty: 7178M, Relocated: 3M, In-Place: 0
[26.823s][info][gc,reloc    ] GC(9) Medium Pages: 0 / 0M, Empty: 0M, Relocated: 0M, In-Place: 0
[26.823s][info][gc,reloc    ] GC(9) Large Pages: 2 / 12M, Empty: 0M, Relocated: 0M, In-Place: 0
[26.823s][info][gc,reloc    ] GC(9) Forwarding Usage: 1M
[26.824s][info][gc,heap     ] GC(9) Min Capacity: 8192M(100%)
[26.824s][info][gc,heap     ] GC(9) Max Capacity: 8192M(100%)
[26.824s][info][gc,heap     ] GC(9) Soft Max Capacity: 8192M(100%)
[26.824s][info][gc,heap     ] GC(9)                Mark Start          Mark End        Relocate Start      Relocate End           High               Low         
[26.824s][info][gc,heap     ] GC(9)  Capacity:     8192M (100%)       8192M (100%)       8192M (100%)       8192M (100%)       8192M (100%)       8192M (100%)   
[26.824s][info][gc,heap     ] GC(9)      Free:      784M (10%)         712M (9%)         7866M (96%)        8064M (98%)        8064M (98%)         692M (8%)     
[26.824s][info][gc,heap     ] GC(9)      Used:     7408M (90%)        7480M (91%)         326M (4%)          128M (2%)         7500M (92%)         128M (2%)     
[26.824s][info][gc,heap     ] GC(9)      Live:         -                19M (0%)           19M (0%)           19M (0%)             -                  -          
[26.824s][info][gc,heap     ] GC(9) Allocated:         -                72M (1%)           96M (1%)          105M (1%)             -                  -          
[26.824s][info][gc,heap     ] GC(9)   Garbage:         -              7388M (90%)         210M (3%)            3M (0%)             -                  -          
[26.824s][info][gc,heap     ] GC(9) Reclaimed:         -                  -              7178M (88%)        7385M (90%)            -                  -          
[26.824s][info][gc          ] GC(9) Garbage Collection (Allocation Rate) 7408M(90%)->128M(2%)
[30.276s][info][gc,stats    ] === Garbage Collection Statistics =======================================================================================================================
[30.276s][info][gc,stats    ]                                                              Last 10s              Last 10m              Last 10h                Total
[30.276s][info][gc,stats    ]                                                              Avg / Max             Avg / Max             Avg / Max             Avg / Max
[30.276s][info][gc,stats    ]   Collector: Garbage Collection Cycle                     47.465 / 78.925       57.396 / 112.238      57.396 / 112.238      57.396 / 112.238     ms
[30.276s][info][gc,stats    ]  Contention: Mark Segment Reset Contention                     0 / 1                 0 / 1                 0 / 1                 0 / 1           ops/s
[30.276s][info][gc,stats    ]  Contention: Mark SeqNum Reset Contention                      0 / 0                 0 / 1                 0 / 1                 0 / 1           ops/s
[30.276s][info][gc,stats    ]    Critical: Allocation Stall                                  0 / 0                 0 / 0                 0 / 0                 0 / 0           ops/s
[30.276s][info][gc,stats    ]    Critical: Allocation Stall                              0.000 / 0.000         0.000 / 0.000         0.000 / 0.000         0.000 / 0.000       ms
[30.276s][info][gc,stats    ]    Critical: GC Locker Stall                                   0 / 0                 0 / 0                 0 / 0                 0 / 0           ops/s
[30.276s][info][gc,stats    ]    Critical: GC Locker Stall                               0.000 / 0.000         0.000 / 0.000         0.000 / 0.000         0.000 / 0.000       ms
[30.276s][info][gc,stats    ]    Critical: Relocation Stall                                  0 / 0                 0 / 0                 0 / 0                 0 / 0           ops/s
[30.276s][info][gc,stats    ]    Critical: Relocation Stall                              0.000 / 0.000         0.000 / 0.000         0.000 / 0.000         0.000 / 0.000       ms
[30.276s][info][gc,stats    ]      Memory: Allocation Rate                                1877 / 2628           1660 / 2628           1660 / 2628           1660 / 2628        MB/s
[30.276s][info][gc,stats    ]      Memory: Out Of Memory                                     0 / 0                 0 / 0                 0 / 0                 0 / 0           ops/s
[30.276s][info][gc,stats    ]      Memory: Page Cache Flush                                  0 / 0                 0 / 0                 0 / 0                 0 / 0           MB/s
[30.276s][info][gc,stats    ]      Memory: Page Cache Hit L1                               937 / 1314            698 / 1314            698 / 1314            698 / 1314        ops/s
[30.276s][info][gc,stats    ]      Memory: Page Cache Hit L2                                 0 / 0                 0 / 0                 0 / 0                 0 / 0           ops/s
[30.276s][info][gc,stats    ]      Memory: Page Cache Hit L3                                 0 / 0               130 / 604             130 / 604             130 / 604         ops/s
[30.276s][info][gc,stats    ]      Memory: Page Cache Miss                                   0 / 0                 0 / 1                 0 / 1                 0 / 1           ops/s
[30.276s][info][gc,stats    ]      Memory: Uncommit                                          0 / 0                 0 / 0                 0 / 0                 0 / 0           MB/s
[30.276s][info][gc,stats    ]      Memory: Undo Object Allocation Failed                     0 / 0                 0 / 0                 0 / 0                 0 / 0           ops/s
[30.276s][info][gc,stats    ]      Memory: Undo Object Allocation Succeeded                 10 / 71                8 / 96                8 / 96                8 / 96          ops/s
[30.276s][info][gc,stats    ]      Memory: Undo Page Allocation                              0 / 0                 0 / 1                 0 / 1                 0 / 1           ops/s
[30.276s][info][gc,stats    ]       Phase: Concurrent Mark                              26.274 / 41.611       28.825 / 47.334       28.825 / 47.334       28.825 / 47.334      ms
[30.276s][info][gc,stats    ]       Phase: Concurrent Mark Continue                      0.000 / 0.000         0.000 / 0.000         0.000 / 0.000         0.000 / 0.000       ms
[30.276s][info][gc,stats    ]       Phase: Concurrent Mark Free                          0.001 / 0.002         0.001 / 0.002         0.001 / 0.002         0.001 / 0.002       ms
[30.276s][info][gc,stats    ]       Phase: Concurrent Process Non-Strong References      5.423 / 12.661        4.288 / 12.661        4.288 / 12.661        4.288 / 12.661      ms
[30.276s][info][gc,stats    ]       Phase: Concurrent Relocate                           1.810 / 3.563         2.315 / 5.083         2.315 / 5.083         2.315 / 5.083       ms
[30.276s][info][gc,stats    ]       Phase: Concurrent Reset Relocation Set               0.004 / 0.008         0.006 / 0.014         0.006 / 0.014         0.006 / 0.014       ms
[30.276s][info][gc,stats    ]       Phase: Concurrent Select Relocation Set              1.923 / 2.356         2.484 / 3.470         2.484 / 3.470         2.484 / 3.470       ms
[30.276s][info][gc,stats    ]       Phase: Pause Mark End                                0.015 / 0.017         0.017 / 0.024         0.017 / 0.024         0.017 / 0.024       ms
[30.276s][info][gc,stats    ]       Phase: Pause Mark Start                              0.012 / 0.015         0.010 / 0.015         0.010 / 0.015         0.010 / 0.015       ms
[30.276s][info][gc,stats    ]       Phase: Pause Relocate Start                          0.010 / 0.012         0.010 / 0.012         0.010 / 0.012         0.010 / 0.012       ms
[30.276s][info][gc,stats    ]    Subphase: Concurrent Classes Purge                      0.067 / 0.094         0.073 / 0.132         0.073 / 0.132         0.073 / 0.132       ms
[30.276s][info][gc,stats    ]    Subphase: Concurrent Classes Unlink                     1.250 / 1.960         1.190 / 1.992         1.190 / 1.992         1.190 / 1.992       ms
[30.276s][info][gc,stats    ]    Subphase: Concurrent Mark                              22.537 / 41.212       24.650 / 46.797       24.650 / 46.797       24.650 / 46.797      ms
[30.276s][info][gc,stats    ]    Subphase: Concurrent Mark Try Flush                     4.277 / 11.927        4.286 / 23.931        4.286 / 23.931        4.286 / 23.931      ms
[30.276s][info][gc,stats    ]    Subphase: Concurrent Mark Try Terminate                 4.945 / 15.772        5.568 / 15.780        5.568 / 15.780        5.568 / 15.780      ms
[30.276s][info][gc,stats    ]    Subphase: Concurrent References Enqueue                 0.002 / 0.004         0.002 / 0.006         0.002 / 0.006         0.002 / 0.006       ms
[30.276s][info][gc,stats    ]    Subphase: Concurrent References Process                 0.040 / 0.057         0.058 / 0.108         0.058 / 0.108         0.058 / 0.108       ms
[30.276s][info][gc,stats    ]    Subphase: Concurrent Roots ClassLoaderDataGraph         0.067 / 0.137         0.079 / 0.251         0.079 / 0.251         0.079 / 0.251       ms
[30.276s][info][gc,stats    ]    Subphase: Concurrent Roots CodeCache                    0.000 / 0.000         0.000 / 0.000         0.000 / 0.000         0.000 / 0.000       ms
[30.276s][info][gc,stats    ]    Subphase: Concurrent Roots JavaThreads                  0.257 / 0.485         0.280 / 0.495         0.280 / 0.495         0.280 / 0.495       ms
[30.276s][info][gc,stats    ]    Subphase: Concurrent Roots OopStorageSet                0.011 / 0.013         0.024 / 0.087         0.024 / 0.087         0.024 / 0.087       ms
[30.276s][info][gc,stats    ]    Subphase: Concurrent Weak Roots OopStorageSet           0.155 / 0.333         0.180 / 0.333         0.180 / 0.333         0.180 / 0.333       ms
[30.276s][info][gc,stats    ]    Subphase: Pause Mark Try Complete                       0.000 / 0.000         0.000 / 0.000         0.000 / 0.000         0.000 / 0.000       ms
[30.276s][info][gc,stats    ]      System: Java Threads                                     17 / 20               17 / 20               17 / 20               17 / 20          threads
[30.276s][info][gc,stats    ] =========================================================================================================================================================
[30.986s][info][gc,start    ] GC(10) Garbage Collection (Proactive)
[30.986s][info][gc,task     ] GC(10) Using 2 workers
[30.986s][info][gc,phases   ] GC(10) Pause Mark Start 0.011ms
[31.017s][info][gc,phases   ] GC(10) Concurrent Mark 29.578ms
[31.017s][info][gc,phases   ] GC(10) Pause Mark End 0.020ms
[31.029s][info][gc,phases   ] GC(10) Concurrent Mark Free 0.002ms
[31.033s][info][gc,phases   ] GC(10) Concurrent Process Non-Strong References 4.068ms
[31.033s][info][gc,phases   ] GC(10) Concurrent Reset Relocation Set 0.006ms
[31.035s][info][gc,phases   ] GC(10) Concurrent Select Relocation Set 1.870ms
[31.035s][info][gc,phases   ] GC(10) Pause Relocate Start 0.013ms
[31.039s][info][gc,phases   ] GC(10) Concurrent Relocate 1.893ms
[31.039s][info][gc,load     ] GC(10) Load: 0.00/0.00/0.00
[31.039s][info][gc,mmu      ] GC(10) MMU: 2ms/98.8%, 5ms/99.3%, 10ms/99.7%, 20ms/99.8%, 50ms/99.9%, 100ms/100.0%
[31.039s][info][gc,marking  ] GC(10) Mark: 2 stripe(s), 3 proactive flush(es), 1 terminate flush(es), 0 completion(s), 0 continuation(s) 
[31.039s][info][gc,marking  ] GC(10) Mark Stack Usage: 32M
[31.039s][info][gc,nmethod  ] GC(10) NMethods: 1506 registered, 0 unregistered
[31.039s][info][gc,metaspace] GC(10) Metaspace: 6M used, 6M committed, 1088M reserved
[31.039s][info][gc,ref      ] GC(10) Soft: 248 encountered, 0 discovered, 0 enqueued
[31.039s][info][gc,ref      ] GC(10) Weak: 442 encountered, 59 discovered, 0 enqueued
[31.039s][info][gc,ref      ] GC(10) Final: 9 encountered, 2 discovered, 0 enqueued
[31.039s][info][gc,ref      ] GC(10) Phantom: 21 encountered, 14 discovered, 0 enqueued
[31.039s][info][gc,reloc    ] GC(10) Small Pages: 3334 / 6668M, Empty: 6510M, Relocated: 3M, In-Place: 0
[31.039s][info][gc,reloc    ] GC(10) Medium Pages: 0 / 0M, Empty: 0M, Relocated: 0M, In-Place: 0
[31.039s][info][gc,reloc    ] GC(10) Large Pages: 2 / 12M, Empty: 0M, Relocated: 0M, In-Place: 0
[31.039s][info][gc,reloc    ] GC(10) Forwarding Usage: 1M
[31.039s][info][gc,heap     ] GC(10) Min Capacity: 8192M(100%)
[31.039s][info][gc,heap     ] GC(10) Max Capacity: 8192M(100%)
[31.039s][info][gc,heap     ] GC(10) Soft Max Capacity: 8192M(100%)
[31.039s][info][gc,heap     ] GC(10)                Mark Start          Mark End        Relocate Start      Relocate End           High               Low         
[31.039s][info][gc,heap     ] GC(10)  Capacity:     8192M (100%)       8192M (100%)       8192M (100%)       8192M (100%)       8192M (100%)       8192M (100%)   
[31.039s][info][gc,heap     ] GC(10)      Free:     1512M (18%)        1452M (18%)        7936M (97%)        8078M (99%)        8078M (99%)        1428M (17%)    
[31.039s][info][gc,heap     ] GC(10)      Used:     6680M (82%)        6740M (82%)         256M (3%)          114M (1%)         6764M (83%)         114M (1%)     
[31.039s][info][gc,heap     ] GC(10)      Live:         -                19M (0%)           19M (0%)           19M (0%)             -                  -          
[31.039s][info][gc,heap     ] GC(10) Allocated:         -                60M (1%)           86M (1%)           91M (1%)             -                  -          
[31.039s][info][gc,heap     ] GC(10)   Garbage:         -              6660M (81%)         150M (2%)            2M (0%)             -                  -          
[31.039s][info][gc,heap     ] GC(10) Reclaimed:         -                  -              6510M (79%)        6657M (81%)            -                  -          
[31.039s][info][gc          ] GC(10) Garbage Collection (Proactive) 6680M(82%)->114M(1%)
[33.444s][info][gc,start    ] GC(11) Garbage Collection (System.gc())
[33.445s][info][gc,task     ] GC(11) Using 2 workers
[33.445s][info][gc,phases   ] GC(11) Pause Mark Start 0.007ms
[33.464s][info][gc,phases   ] GC(11) Concurrent Mark 18.960ms
[33.464s][info][gc,phases   ] GC(11) Pause Mark End 0.011ms
[33.464s][info][gc,phases   ] GC(11) Concurrent Mark Free 0.001ms
[33.466s][info][gc,phases   ] GC(11) Concurrent Process Non-Strong References 2.481ms
[33.466s][info][gc,phases   ] GC(11) Concurrent Reset Relocation Set 0.009ms
[33.468s][info][gc,phases   ] GC(11) Concurrent Select Relocation Set 1.885ms
[33.468s][info][gc,phases   ] GC(11) Pause Relocate Start 0.007ms
[33.469s][info][gc,phases   ] GC(11) Concurrent Relocate 0.800ms
[33.469s][info][gc,load     ] GC(11) Load: 0.00/0.00/0.00
[33.469s][info][gc,mmu      ] GC(11) MMU: 2ms/98.8%, 5ms/99.3%, 10ms/99.7%, 20ms/99.8%, 50ms/99.9%, 100ms/100.0%
[33.469s][info][gc,marking  ] GC(11) Mark: 2 stripe(s), 1 proactive flush(es), 1 terminate flush(es), 0 completion(s), 0 continuation(s) 
[33.469s][info][gc,marking  ] GC(11) Mark Stack Usage: 32M
[33.469s][info][gc,nmethod  ] GC(11) NMethods: 1514 registered, 0 unregistered
[33.469s][info][gc,metaspace] GC(11) Metaspace: 6M used, 6M committed, 1088M reserved
[33.469s][info][gc,ref      ] GC(11) Soft: 248 encountered, 0 discovered, 0 enqueued
[33.469s][info][gc,ref      ] GC(11) Weak: 442 encountered, 47 discovered, 0 enqueued
[33.469s][info][gc,ref      ] GC(11) Final: 9 encountered, 2 discovered, 0 enqueued
[33.469s][info][gc,ref      ] GC(11) Phantom: 20 encountered, 10 discovered, 1 enqueued
[33.469s][info][gc,reloc    ] GC(11) Small Pages: 2184 / 4368M, Empty: 4352M, Relocated: 1M, In-Place: 0
[33.469s][info][gc,reloc    ] GC(11) Medium Pages: 1 / 32M, Empty: 32M, Relocated: 0M, In-Place: 0
[33.469s][info][gc,reloc    ] GC(11) Large Pages: 4 / 24M, Empty: 12M, Relocated: 0M, In-Place: 0
[33.469s][info][gc,reloc    ] GC(11) Forwarding Usage: 0M
[33.469s][info][gc,heap     ] GC(11) Min Capacity: 8192M(100%)
[33.469s][info][gc,heap     ] GC(11) Max Capacity: 8192M(100%)
[33.469s][info][gc,heap     ] GC(11) Soft Max Capacity: 8192M(100%)
[33.469s][info][gc,heap     ] GC(11)                Mark Start          Mark End        Relocate Start      Relocate End           High               Low         
[33.469s][info][gc,heap     ] GC(11)  Capacity:     8192M (100%)       8192M (100%)       8192M (100%)       8192M (100%)       8192M (100%)       8192M (100%)   
[33.469s][info][gc,heap     ] GC(11)      Free:     3768M (46%)        3768M (46%)        8164M (100%)       8172M (100%)       8172M (100%)       3768M (46%)    
[33.469s][info][gc,heap     ] GC(11)      Used:     4424M (54%)        4424M (54%)          28M (0%)           20M (0%)         4424M (54%)          20M (0%)     
[33.469s][info][gc,heap     ] GC(11)      Live:         -                16M (0%)           16M (0%)           16M (0%)             -                  -          
[33.469s][info][gc,heap     ] GC(11) Allocated:         -                 0M (0%)            0M (0%)            0M (0%)             -                  -          
[33.469s][info][gc,heap     ] GC(11)   Garbage:         -              4407M (54%)          11M (0%)            3M (0%)             -                  -          
[33.469s][info][gc,heap     ] GC(11) Reclaimed:         -                  -              4396M (54%)        4404M (54%)            -                  -          
[33.469s][info][gc          ] GC(11) Garbage Collection (System.gc()) 4424M(54%)->20M(0%)
[36.276s][info][gc,start    ] GC(12) Garbage Collection (Allocation Rate)
[36.276s][info][gc,task     ] GC(12) Using 1 workers
[36.276s][info][gc,phases   ] GC(12) Pause Mark Start 0.007ms
[36.309s][info][gc,phases   ] GC(12) Concurrent Mark 23.671ms
[36.310s][info][gc,phases   ] GC(12) Pause Mark End 0.015ms
[36.323s][info][gc,phases   ] GC(12) Concurrent Mark Free 0.001ms
[36.327s][info][gc,phases   ] GC(12) Concurrent Process Non-Strong References 4.022ms
[36.327s][info][gc,phases   ] GC(12) Concurrent Reset Relocation Set 0.001ms
[36.330s][info][gc,phases   ] GC(12) Concurrent Select Relocation Set 2.363ms
[36.330s][info][gc,phases   ] GC(12) Pause Relocate Start 0.019ms
[36.344s][info][gc,phases   ] GC(12) Concurrent Relocate 3.086ms
[36.344s][info][gc,load     ] GC(12) Load: 0.00/0.00/0.00
[36.344s][info][gc,mmu      ] GC(12) MMU: 2ms/98.8%, 5ms/99.3%, 10ms/99.7%, 20ms/99.8%, 50ms/99.9%, 100ms/100.0%
[36.344s][info][gc,marking  ] GC(12) Mark: 1 stripe(s), 2 proactive flush(es), 1 terminate flush(es), 0 completion(s), 0 continuation(s) 
[36.344s][info][gc,marking  ] GC(12) Mark Stack Usage: 32M
[36.344s][info][gc,nmethod  ] GC(12) NMethods: 1540 registered, 0 unregistered
[36.344s][info][gc,metaspace] GC(12) Metaspace: 6M used, 6M committed, 1088M reserved
[36.344s][info][gc,ref      ] GC(12) Soft: 248 encountered, 0 discovered, 0 enqueued
[36.344s][info][gc,ref      ] GC(12) Weak: 442 encountered, 193 discovered, 0 enqueued
[36.344s][info][gc,ref      ] GC(12) Final: 9 encountered, 7 discovered, 0 enqueued
[36.344s][info][gc,ref      ] GC(12) Phantom: 21 encountered, 12 discovered, 0 enqueued
[36.344s][info][gc,reloc    ] GC(12) Small Pages: 3714 / 7428M, Empty: 7252M, Relocated: 3M, In-Place: 0
[36.344s][info][gc,reloc    ] GC(12) Medium Pages: 0 / 0M, Empty: 0M, Relocated: 0M, In-Place: 0
[36.344s][info][gc,reloc    ] GC(12) Large Pages: 2 / 12M, Empty: 0M, Relocated: 0M, In-Place: 0
[36.344s][info][gc,reloc    ] GC(12) Forwarding Usage: 1M
[36.344s][info][gc,heap     ] GC(12) Min Capacity: 8192M(100%)
[36.344s][info][gc,heap     ] GC(12) Max Capacity: 8192M(100%)
[36.344s][info][gc,heap     ] GC(12) Soft Max Capacity: 8192M(100%)
[36.344s][info][gc,heap     ] GC(12)                Mark Start          Mark End        Relocate Start      Relocate End           High               Low         
[36.344s][info][gc,heap     ] GC(12)  Capacity:     8192M (100%)       8192M (100%)       8192M (100%)       8192M (100%)       8192M (100%)       8192M (100%)   
[36.344s][info][gc,heap     ] GC(12)      Free:      752M (9%)          670M (8%)         7876M (96%)        8024M (98%)        8024M (98%)         632M (8%)     
[36.344s][info][gc,heap     ] GC(12)      Used:     7440M (91%)        7522M (92%)         316M (4%)          168M (2%)         7560M (92%)         168M (2%)     
[36.344s][info][gc,heap     ] GC(12)      Live:         -                19M (0%)           19M (0%)           19M (0%)             -                  -          
[36.344s][info][gc,heap     ] GC(12) Allocated:         -                82M (1%)          128M (2%)          145M (2%)             -                  -          
[36.344s][info][gc,heap     ] GC(12)   Garbage:         -              7420M (91%)         168M (2%)            3M (0%)             -                  -          
[36.344s][info][gc,heap     ] GC(12) Reclaimed:         -                  -              7252M (89%)        7417M (91%)            -                  -          
[36.344s][info][gc          ] GC(12) Garbage Collection (Allocation Rate) 7440M(91%)->168M(2%)
[40.285s][info][gc,stats    ] === Garbage Collection Statistics =======================================================================================================================
[40.285s][info][gc,stats    ]                                                              Last 10s              Last 10m              Last 10h                Total
[40.285s][info][gc,stats    ]                                                              Avg / Max             Avg / Max             Avg / Max             Avg / Max
[40.285s][info][gc,stats    ]   Collector: Garbage Collection Cycle                     48.721 / 68.139       55.394 / 112.238      55.394 / 112.238      55.394 / 112.238     ms
[40.285s][info][gc,stats    ]  Contention: Mark Segment Reset Contention                     0 / 1                 0 / 1                 0 / 1                 0 / 1           ops/s
[40.285s][info][gc,stats    ]  Contention: Mark SeqNum Reset Contention                      0 / 1                 0 / 1                 0 / 1                 0 / 1           ops/s
[40.285s][info][gc,stats    ]    Critical: Allocation Stall                                  0 / 0                 0 / 0                 0 / 0                 0 / 0           ops/s
[40.285s][info][gc,stats    ]    Critical: Allocation Stall                              0.000 / 0.000         0.000 / 0.000         0.000 / 0.000         0.000 / 0.000       ms
[40.285s][info][gc,stats    ]    Critical: GC Locker Stall                                   0 / 0                 0 / 0                 0 / 0                 0 / 0           ops/s
[40.285s][info][gc,stats    ]    Critical: GC Locker Stall                               0.000 / 0.000         0.000 / 0.000         0.000 / 0.000         0.000 / 0.000       ms
[40.285s][info][gc,stats    ]    Critical: Relocation Stall                                  0 / 0                 0 / 0                 0 / 0                 0 / 0           ops/s
[40.285s][info][gc,stats    ]    Critical: Relocation Stall                              0.000 / 0.000         0.000 / 0.000         0.000 / 0.000         0.000 / 0.000       ms
[40.285s][info][gc,stats    ]      Memory: Allocation Rate                                1929 / 2814           1727 / 2814           1727 / 2814           1727 / 2814        MB/s
[40.285s][info][gc,stats    ]      Memory: Out Of Memory                                     0 / 0                 0 / 0                 0 / 0                 0 / 0           ops/s
[40.285s][info][gc,stats    ]      Memory: Page Cache Flush                                  0 / 0                 0 / 0                 0 / 0                 0 / 0           MB/s
[40.285s][info][gc,stats    ]      Memory: Page Cache Hit L1                               963 / 1407            764 / 1407            764 / 1407            764 / 1407        ops/s
[40.285s][info][gc,stats    ]      Memory: Page Cache Hit L2                                 0 / 0                 0 / 0                 0 / 0                 0 / 0           ops/s
[40.285s][info][gc,stats    ]      Memory: Page Cache Hit L3                                 0 / 0                97 / 604              97 / 604              97 / 604         ops/s
[40.285s][info][gc,stats    ]      Memory: Page Cache Miss                                   0 / 0                 0 / 1                 0 / 1                 0 / 1           ops/s
[40.285s][info][gc,stats    ]      Memory: Uncommit                                          0 / 0                 0 / 0                 0 / 0                 0 / 0           MB/s
[40.285s][info][gc,stats    ]      Memory: Undo Object Allocation Failed                     0 / 0                 0 / 0                 0 / 0                 0 / 0           ops/s
[40.285s][info][gc,stats    ]      Memory: Undo Object Allocation Succeeded                  2 / 13                7 / 96                7 / 96                7 / 96          ops/s
[40.285s][info][gc,stats    ]      Memory: Undo Page Allocation                              0 / 0                 0 / 1                 0 / 1                 0 / 1           ops/s
[40.285s][info][gc,stats    ]       Phase: Concurrent Mark                              24.070 / 29.578       27.728 / 47.334       27.728 / 47.334       27.728 / 47.334      ms
[40.285s][info][gc,stats    ]       Phase: Concurrent Mark Continue                      0.000 / 0.000         0.000 / 0.000         0.000 / 0.000         0.000 / 0.000       ms
[40.285s][info][gc,stats    ]       Phase: Concurrent Mark Free                          0.001 / 0.002         0.001 / 0.002         0.001 / 0.002         0.001 / 0.002       ms
[40.285s][info][gc,stats    ]       Phase: Concurrent Process Non-Strong References      3.524 / 4.068         4.111 / 12.661        4.111 / 12.661        4.111 / 12.661      ms
[40.285s][info][gc,stats    ]       Phase: Concurrent Relocate                           1.926 / 3.086         2.226 / 5.083         2.226 / 5.083         2.226 / 5.083       ms
[40.285s][info][gc,stats    ]       Phase: Concurrent Reset Relocation Set               0.005 / 0.009         0.005 / 0.014         0.005 / 0.014         0.005 / 0.014       ms
[40.285s][info][gc,stats    ]       Phase: Concurrent Select Relocation Set              2.039 / 2.363         2.381 / 3.470         2.381 / 3.470         2.381 / 3.470       ms
[40.285s][info][gc,stats    ]       Phase: Pause Mark End                                0.015 / 0.020         0.016 / 0.024         0.016 / 0.024         0.016 / 0.024       ms
[40.286s][info][gc,stats    ]       Phase: Pause Mark Start                              0.008 / 0.011         0.009 / 0.015         0.009 / 0.015         0.009 / 0.015       ms
[40.286s][info][gc,stats    ]       Phase: Pause Relocate Start                          0.013 / 0.019         0.011 / 0.019         0.011 / 0.019         0.011 / 0.019       ms
[40.286s][info][gc,stats    ]    Subphase: Concurrent Classes Purge                      0.106 / 0.126         0.081 / 0.132         0.081 / 0.132         0.081 / 0.132       ms
[40.286s][info][gc,stats    ]    Subphase: Concurrent Classes Unlink                     1.627 / 2.010         1.291 / 2.010         1.291 / 2.010         1.291 / 2.010       ms
[40.286s][info][gc,stats    ]    Subphase: Concurrent Mark                              18.110 / 29.116       23.163 / 46.797       23.163 / 46.797       23.163 / 46.797      ms
[40.286s][info][gc,stats    ]    Subphase: Concurrent Mark Try Flush                     2.376 / 6.260         3.845 / 23.931        3.845 / 23.931        3.845 / 23.931      ms
[40.286s][info][gc,stats    ]    Subphase: Concurrent Mark Try Terminate                 4.229 / 15.790        5.288 / 15.790        5.288 / 15.790        5.288 / 15.790      ms
[40.286s][info][gc,stats    ]    Subphase: Concurrent References Enqueue                 0.003 / 0.009         0.002 / 0.009         0.002 / 0.009         0.002 / 0.009       ms
[40.286s][info][gc,stats    ]    Subphase: Concurrent References Process                 0.084 / 0.133         0.064 / 0.133         0.064 / 0.133         0.064 / 0.133       ms
[40.286s][info][gc,stats    ]    Subphase: Concurrent Roots ClassLoaderDataGraph         0.079 / 0.158         0.079 / 0.251         0.079 / 0.251         0.079 / 0.251       ms
[40.286s][info][gc,stats    ]    Subphase: Concurrent Roots CodeCache                    0.000 / 0.000         0.000 / 0.000         0.000 / 0.000         0.000 / 0.000       ms
[40.286s][info][gc,stats    ]    Subphase: Concurrent Roots JavaThreads                  0.362 / 0.488         0.299 / 0.495         0.299 / 0.495         0.299 / 0.495       ms
[40.286s][info][gc,stats    ]    Subphase: Concurrent Roots OopStorageSet                0.014 / 0.019         0.022 / 0.087         0.022 / 0.087         0.022 / 0.087       ms
[40.286s][info][gc,stats    ]    Subphase: Concurrent Weak Roots OopStorageSet           0.170 / 0.352         0.178 / 0.352         0.178 / 0.352         0.178 / 0.352       ms
[40.286s][info][gc,stats    ]    Subphase: Pause Mark Try Complete                       0.000 / 0.000         0.000 / 0.000         0.000 / 0.000         0.000 / 0.000       ms
[40.286s][info][gc,stats    ]      System: Java Threads                                     17 / 19               17 / 20               17 / 20               17 / 20          threads
[40.286s][info][gc,stats    ] =========================================================================================================================================================
[41.278s][info][gc,start    ] GC(13) Garbage Collection (Allocation Rate)
[41.278s][info][gc,task     ] GC(13) Using 1 workers
[41.278s][info][gc,phases   ] GC(13) Pause Mark Start 0.007ms
[41.310s][info][gc,phases   ] GC(13) Concurrent Mark 22.017ms
[41.310s][info][gc,phases   ] GC(13) Pause Mark End 0.027ms
[41.312s][info][gc,phases   ] GC(13) Concurrent Mark Free 0.000ms
[41.319s][info][gc,phases   ] GC(13) Concurrent Process Non-Strong References 6.442ms
[41.319s][info][gc,phases   ] GC(13) Concurrent Reset Relocation Set 0.005ms
[41.321s][info][gc,phases   ] GC(13) Concurrent Select Relocation Set 2.382ms
[41.321s][info][gc,phases   ] GC(13) Pause Relocate Start 0.014ms
[41.326s][info][gc,phases   ] GC(13) Concurrent Relocate 2.581ms
[41.326s][info][gc,load     ] GC(13) Load: 0.00/0.00/0.00
[41.326s][info][gc,mmu      ] GC(13) MMU: 2ms/98.7%, 5ms/99.3%, 10ms/99.7%, 20ms/99.8%, 50ms/99.9%, 100ms/100.0%
[41.326s][info][gc,marking  ] GC(13) Mark: 1 stripe(s), 2 proactive flush(es), 1 terminate flush(es), 0 completion(s), 0 continuation(s) 
[41.326s][info][gc,marking  ] GC(13) Mark Stack Usage: 32M
[41.326s][info][gc,nmethod  ] GC(13) NMethods: 1540 registered, 0 unregistered
[41.326s][info][gc,metaspace] GC(13) Metaspace: 6M used, 6M committed, 1088M reserved
[41.326s][info][gc,ref      ] GC(13) Soft: 248 encountered, 0 discovered, 0 enqueued
[41.326s][info][gc,ref      ] GC(13) Weak: 442 encountered, 193 discovered, 0 enqueued
[41.326s][info][gc,ref      ] GC(13) Final: 9 encountered, 7 discovered, 0 enqueued
[41.326s][info][gc,ref      ] GC(13) Phantom: 21 encountered, 12 discovered, 0 enqueued
[41.326s][info][gc,reloc    ] GC(13) Small Pages: 3907 / 7814M, Empty: 7654M, Relocated: 3M, In-Place: 0
[41.326s][info][gc,reloc    ] GC(13) Medium Pages: 0 / 0M, Empty: 0M, Relocated: 0M, In-Place: 0
[41.326s][info][gc,reloc    ] GC(13) Large Pages: 2 / 12M, Empty: 0M, Relocated: 0M, In-Place: 0
[41.326s][info][gc,reloc    ] GC(13) Forwarding Usage: 1M
[41.326s][info][gc,heap     ] GC(13) Min Capacity: 8192M(100%)
[41.326s][info][gc,heap     ] GC(13) Max Capacity: 8192M(100%)
[41.326s][info][gc,heap     ] GC(13) Soft Max Capacity: 8192M(100%)
[41.326s][info][gc,heap     ] GC(13)                Mark Start          Mark End        Relocate Start      Relocate End           High               Low         
[41.326s][info][gc,heap     ] GC(13)  Capacity:     8192M (100%)       8192M (100%)       8192M (100%)       8192M (100%)       8192M (100%)       8192M (100%)   
[41.326s][info][gc,heap     ] GC(13)      Free:      366M (4%)          320M (4%)         7960M (97%)        8106M (99%)        8106M (99%)         310M (4%)     
[41.326s][info][gc,heap     ] GC(13)      Used:     7826M (96%)        7872M (96%)         232M (3%)           86M (1%)         7882M (96%)          86M (1%)     
[41.326s][info][gc,heap     ] GC(13)      Live:         -                19M (0%)           19M (0%)           19M (0%)             -                  -          
[41.326s][info][gc,heap     ] GC(13) Allocated:         -                46M (1%)           60M (1%)           63M (1%)             -                  -          
[41.326s][info][gc,heap     ] GC(13)   Garbage:         -              7806M (95%)         152M (2%)            3M (0%)             -                  -          
[41.326s][info][gc,heap     ] GC(13) Reclaimed:         -                  -              7654M (93%)        7803M (95%)            -                  -          
[41.326s][info][gc          ] GC(13) Garbage Collection (Allocation Rate) 7826M(96%)->86M(1%)
[43.528s][info][gc,start    ] GC(14) Garbage Collection (System.gc())
[43.528s][info][gc,task     ] GC(14) Using 2 workers
[43.528s][info][gc,phases   ] GC(14) Pause Mark Start 0.008ms
[43.534s][info][gc,phases   ] GC(14) Concurrent Mark 5.995ms
[43.534s][info][gc,phases   ] GC(14) Pause Mark End 0.013ms
[43.534s][info][gc,phases   ] GC(14) Concurrent Mark Free 0.001ms
[43.536s][info][gc,phases   ] GC(14) Concurrent Process Non-Strong References 1.832ms
[43.536s][info][gc,phases   ] GC(14) Concurrent Reset Relocation Set 0.005ms
[43.538s][info][gc,phases   ] GC(14) Concurrent Select Relocation Set 1.686ms
[43.538s][info][gc,phases   ] GC(14) Pause Relocate Start 0.011ms
[43.539s][info][gc,phases   ] GC(14) Concurrent Relocate 1.182ms
[43.539s][info][gc,load     ] GC(14) Load: 0.00/0.00/0.00
[43.539s][info][gc,mmu      ] GC(14) MMU: 2ms/98.7%, 5ms/99.3%, 10ms/99.7%, 20ms/99.8%, 50ms/99.9%, 100ms/100.0%
[43.539s][info][gc,marking  ] GC(14) Mark: 2 stripe(s), 1 proactive flush(es), 1 terminate flush(es), 0 completion(s), 0 continuation(s) 
[43.539s][info][gc,marking  ] GC(14) Mark Stack Usage: 32M
[43.539s][info][gc,nmethod  ] GC(14) NMethods: 1543 registered, 0 unregistered
[43.539s][info][gc,metaspace] GC(14) Metaspace: 6M used, 6M committed, 1088M reserved
[43.539s][info][gc,ref      ] GC(14) Soft: 248 encountered, 0 discovered, 0 enqueued
[43.539s][info][gc,ref      ] GC(14) Weak: 442 encountered, 12 discovered, 0 enqueued
[43.539s][info][gc,ref      ] GC(14) Final: 9 encountered, 1 discovered, 0 enqueued
[43.539s][info][gc,ref      ] GC(14) Phantom: 20 encountered, 11 discovered, 1 enqueued
[43.539s][info][gc,reloc    ] GC(14) Small Pages: 1593 / 3186M, Empty: 3176M, Relocated: 1M, In-Place: 0
[43.539s][info][gc,reloc    ] GC(14) Medium Pages: 1 / 32M, Empty: 32M, Relocated: 0M, In-Place: 0
[43.539s][info][gc,reloc    ] GC(14) Large Pages: 4 / 24M, Empty: 12M, Relocated: 0M, In-Place: 0
[43.539s][info][gc,reloc    ] GC(14) Forwarding Usage: 0M
[43.539s][info][gc,heap     ] GC(14) Min Capacity: 8192M(100%)
[43.539s][info][gc,heap     ] GC(14) Max Capacity: 8192M(100%)
[43.539s][info][gc,heap     ] GC(14) Soft Max Capacity: 8192M(100%)
[43.539s][info][gc,heap     ] GC(14)                Mark Start          Mark End        Relocate Start      Relocate End           High               Low         
[43.539s][info][gc,heap     ] GC(14)  Capacity:     8192M (100%)       8192M (100%)       8192M (100%)       8192M (100%)       8192M (100%)       8192M (100%)   
[43.539s][info][gc,heap     ] GC(14)      Free:     4950M (60%)        4950M (60%)        8170M (100%)       8172M (100%)       8172M (100%)       4950M (60%)    
[43.539s][info][gc,heap     ] GC(14)      Used:     3242M (40%)        3242M (40%)          22M (0%)           20M (0%)         3242M (40%)          20M (0%)     
[43.539s][info][gc,heap     ] GC(14)      Live:         -                16M (0%)           16M (0%)           16M (0%)             -                  -          
[43.539s][info][gc,heap     ] GC(14) Allocated:         -                 0M (0%)            0M (0%)            0M (0%)             -                  -          
[43.539s][info][gc,heap     ] GC(14)   Garbage:         -              3225M (39%)           5M (0%)            3M (0%)             -                  -          
[43.539s][info][gc,heap     ] GC(14) Reclaimed:         -                  -              3220M (39%)        3222M (39%)            -                  -          
[43.539s][info][gc          ] GC(14) Garbage Collection (System.gc()) 3242M(40%)->20M(0%)
[46.384s][info][gc,start    ] GC(15) Garbage Collection (Allocation Rate)
[46.384s][info][gc,task     ] GC(15) Using 1 workers
[46.384s][info][gc,phases   ] GC(15) Pause Mark Start 0.005ms
[46.416s][info][gc,phases   ] GC(15) Concurrent Mark 25.832ms
[46.416s][info][gc,phases   ] GC(15) Pause Mark End 0.023ms
[46.421s][info][gc,phases   ] GC(15) Concurrent Mark Free 0.001ms
[46.432s][info][gc,phases   ] GC(15) Concurrent Process Non-Strong References 10.500ms
[46.432s][info][gc,phases   ] GC(15) Concurrent Reset Relocation Set 0.001ms
[46.434s][info][gc,phases   ] GC(15) Concurrent Select Relocation Set 2.303ms
[46.434s][info][gc,phases   ] GC(15) Pause Relocate Start 0.011ms
[46.441s][info][gc,phases   ] GC(15) Concurrent Relocate 2.801ms
[46.441s][info][gc,load     ] GC(15) Load: 0.00/0.00/0.00
[46.441s][info][gc,mmu      ] GC(15) MMU: 2ms/98.7%, 5ms/99.3%, 10ms/99.7%, 20ms/99.8%, 50ms/99.9%, 100ms/100.0%
[46.441s][info][gc,marking  ] GC(15) Mark: 1 stripe(s), 2 proactive flush(es), 1 terminate flush(es), 0 completion(s), 0 continuation(s) 
[46.441s][info][gc,marking  ] GC(15) Mark Stack Usage: 32M
[46.441s][info][gc,nmethod  ] GC(15) NMethods: 1572 registered, 0 unregistered
[46.441s][info][gc,metaspace] GC(15) Metaspace: 6M used, 6M committed, 1088M reserved
[46.441s][info][gc,ref      ] GC(15) Soft: 248 encountered, 0 discovered, 0 enqueued
[46.441s][info][gc,ref      ] GC(15) Weak: 442 encountered, 193 discovered, 0 enqueued
[46.441s][info][gc,ref      ] GC(15) Final: 9 encountered, 7 discovered, 0 enqueued
[46.441s][info][gc,ref      ] GC(15) Phantom: 21 encountered, 12 discovered, 0 enqueued
[46.441s][info][gc,reloc    ] GC(15) Small Pages: 3816 / 7632M, Empty: 7468M, Relocated: 3M, In-Place: 0
[46.441s][info][gc,reloc    ] GC(15) Medium Pages: 0 / 0M, Empty: 0M, Relocated: 0M, In-Place: 0
[46.441s][info][gc,reloc    ] GC(15) Large Pages: 2 / 12M, Empty: 0M, Relocated: 0M, In-Place: 0
[46.441s][info][gc,reloc    ] GC(15) Forwarding Usage: 1M
[46.441s][info][gc,heap     ] GC(15) Min Capacity: 8192M(100%)
[46.441s][info][gc,heap     ] GC(15) Max Capacity: 8192M(100%)
[46.441s][info][gc,heap     ] GC(15) Soft Max Capacity: 8192M(100%)
[46.441s][info][gc,heap     ] GC(15)                Mark Start          Mark End        Relocate Start      Relocate End           High               Low         
[46.441s][info][gc,heap     ] GC(15)  Capacity:     8192M (100%)       8192M (100%)       8192M (100%)       8192M (100%)       8192M (100%)       8192M (100%)   
[46.441s][info][gc,heap     ] GC(15)      Free:      548M (7%)          480M (6%)         7910M (97%)        8058M (98%)        8058M (98%)         448M (5%)     
[46.441s][info][gc,heap     ] GC(15)      Used:     7644M (93%)        7712M (94%)         282M (3%)          134M (2%)         7744M (95%)         134M (2%)     
[46.441s][info][gc,heap     ] GC(15)      Live:         -                19M (0%)           19M (0%)           19M (0%)             -                  -          
[46.441s][info][gc,heap     ] GC(15) Allocated:         -                68M (1%)          106M (1%)          111M (1%)             -                  -          
[46.441s][info][gc,heap     ] GC(15)   Garbage:         -              7624M (93%)         156M (2%)            3M (0%)             -                  -          
[46.441s][info][gc,heap     ] GC(15) Reclaimed:         -                  -              7468M (91%)        7621M (93%)            -                  -          
[46.441s][info][gc          ] GC(15) Garbage Collection (Allocation Rate) 7644M(93%)->134M(2%)
[50.282s][info][gc,stats    ] === Garbage Collection Statistics =======================================================================================================================
[50.282s][info][gc,start    ] GC(16) Garbage Collection (Proactive)
[50.282s][info][gc,stats    ]                                                              Last 10s              Last 10m              Last 10h                Total
[50.282s][info][gc,task     ] GC(16) Using 2 workers
[50.282s][info][gc,stats    ]                                                              Avg / Max             Avg / Max             Avg / Max             Avg / Max
[50.282s][info][gc,stats    ]   Collector: Garbage Collection Cycle                     38.599 / 57.073       52.245 / 112.238      52.245 / 112.238      52.245 / 112.238     ms
[50.282s][info][gc,stats    ]  Contention: Mark Segment Reset Contention                     0 / 0                 0 / 1                 0 / 1                 0 / 1           ops/s
[50.282s][info][gc,stats    ]  Contention: Mark SeqNum Reset Contention                      0 / 1                 0 / 1                 0 / 1                 0 / 1           ops/s
[50.282s][info][gc,stats    ]    Critical: Allocation Stall                                  0 / 0                 0 / 0                 0 / 0                 0 / 0           ops/s
[50.282s][info][gc,stats    ]    Critical: Allocation Stall                              0.000 / 0.000         0.000 / 0.000         0.000 / 0.000         0.000 / 0.000       ms
[50.282s][info][gc,phases   ] GC(16) Pause Mark Start 0.007ms
[50.282s][info][gc,stats    ]    Critical: GC Locker Stall                                   0 / 0                 0 / 0                 0 / 0                 0 / 0           ops/s
[50.282s][info][gc,stats    ]    Critical: GC Locker Stall                               0.000 / 0.000         0.000 / 0.000         0.000 / 0.000         0.000 / 0.000       ms
[50.282s][info][gc,stats    ]    Critical: Relocation Stall                                  0 / 0                 0 / 0                 0 / 0                 0 / 0           ops/s
[50.282s][info][gc,stats    ]    Critical: Relocation Stall                              0.000 / 0.000         0.000 / 0.000         0.000 / 0.000         0.000 / 0.000       ms
[50.282s][info][gc,stats    ]      Memory: Allocation Rate                                1877 / 2832           1757 / 2832           1757 / 2832           1757 / 2832        MB/s
[50.282s][info][gc,stats    ]      Memory: Out Of Memory                                     0 / 0                 0 / 0                 0 / 0                 0 / 0           ops/s
[50.282s][info][gc,stats    ]      Memory: Page Cache Flush                                  0 / 0                 0 / 0                 0 / 0                 0 / 0           MB/s
[50.282s][info][gc,stats    ]      Memory: Page Cache Hit L1                               935 / 1416            798 / 1416            798 / 1416            798 / 1416        ops/s
[50.282s][info][gc,stats    ]      Memory: Page Cache Hit L2                                 0 / 0                 0 / 0                 0 / 0                 0 / 0           ops/s
[50.282s][info][gc,stats    ]      Memory: Page Cache Hit L3                                 2 / 19               78 / 604              78 / 604              78 / 604         ops/s
[50.282s][info][gc,stats    ]      Memory: Page Cache Miss                                   0 / 0                 0 / 1                 0 / 1                 0 / 1           ops/s
[50.282s][info][gc,stats    ]      Memory: Uncommit                                          0 / 0                 0 / 0                 0 / 0                 0 / 0           MB/s
[50.282s][info][gc,stats    ]      Memory: Undo Object Allocation Failed                     0 / 0                 0 / 0                 0 / 0                 0 / 0           ops/s
[50.282s][info][gc,stats    ]      Memory: Undo Object Allocation Succeeded                  6 / 33                6 / 96                6 / 96                6 / 96          ops/s
[50.282s][info][gc,stats    ]      Memory: Undo Page Allocation                              0 / 0                 0 / 1                 0 / 1                 0 / 1           ops/s
[50.282s][info][gc,stats    ]       Phase: Concurrent Mark                              17.948 / 25.832       25.894 / 47.334       25.894 / 47.334       25.894 / 47.334      ms
[50.282s][info][gc,stats    ]       Phase: Concurrent Mark Continue                      0.000 / 0.000         0.000 / 0.000         0.000 / 0.000         0.000 / 0.000       ms
[50.282s][info][gc,stats    ]       Phase: Concurrent Mark Free                          0.001 / 0.001         0.001 / 0.002         0.001 / 0.002         0.001 / 0.002       ms
[50.282s][info][gc,stats    ]       Phase: Concurrent Process Non-Strong References      6.258 / 10.500        4.514 / 12.661        4.514 / 12.661        4.514 / 12.661      ms
[50.282s][info][gc,stats    ]       Phase: Concurrent Relocate                           2.188 / 2.801         2.218 / 5.083         2.218 / 5.083         2.218 / 5.083       ms
[50.282s][info][gc,stats    ]       Phase: Concurrent Reset Relocation Set               0.004 / 0.005         0.005 / 0.014         0.005 / 0.014         0.005 / 0.014       ms
[50.282s][info][gc,stats    ]       Phase: Concurrent Select Relocation Set              2.124 / 2.382         2.333 / 3.470         2.333 / 3.470         2.333 / 3.470       ms
[50.282s][info][gc,stats    ]       Phase: Pause Mark End                                0.021 / 0.027         0.017 / 0.027         0.017 / 0.027         0.017 / 0.027       ms
[50.282s][info][gc,stats    ]       Phase: Pause Mark Start                              0.007 / 0.008         0.009 / 0.015         0.009 / 0.015         0.009 / 0.015       ms
[50.282s][info][gc,stats    ]       Phase: Pause Relocate Start                          0.012 / 0.014         0.011 / 0.019         0.011 / 0.019         0.011 / 0.019       ms
[50.282s][info][gc,stats    ]    Subphase: Concurrent Classes Purge                      0.086 / 0.106         0.082 / 0.132         0.082 / 0.132         0.082 / 0.132       ms
[50.282s][info][gc,stats    ]    Subphase: Concurrent Classes Unlink                     1.793 / 2.098         1.385 / 2.098         1.385 / 2.098         1.385 / 2.098       ms
[50.282s][info][gc,stats    ]    Subphase: Concurrent Mark                              13.594 / 25.145       21.691 / 46.797       21.691 / 46.797       21.691 / 46.797      ms
[50.282s][info][gc,stats    ]    Subphase: Concurrent Mark Try Flush                     2.557 / 8.270         3.626 / 23.931        3.626 / 23.931        3.626 / 23.931      ms
[50.282s][info][gc,stats    ]    Subphase: Concurrent Mark Try Terminate                 0.964 / 3.182         4.682 / 15.790        4.682 / 15.790        4.682 / 15.790      ms
[50.282s][info][gc,stats    ]    Subphase: Concurrent References Enqueue                 0.001 / 0.003         0.002 / 0.009         0.002 / 0.009         0.002 / 0.009       ms
[50.282s][info][gc,stats    ]    Subphase: Concurrent References Process                 0.068 / 0.098         0.065 / 0.133         0.065 / 0.133         0.065 / 0.133       ms
[50.282s][info][gc,stats    ]    Subphase: Concurrent Roots ClassLoaderDataGraph         0.086 / 0.154         0.080 / 0.251         0.080 / 0.251         0.080 / 0.251       ms
[50.282s][info][gc,stats    ]    Subphase: Concurrent Roots CodeCache                    0.000 / 0.000         0.000 / 0.000         0.000 / 0.000         0.000 / 0.000       ms
[50.282s][info][gc,stats    ]    Subphase: Concurrent Roots JavaThreads                  0.401 / 0.482         0.315 / 0.495         0.315 / 0.495         0.315 / 0.495       ms
[50.283s][info][gc,stats    ]    Subphase: Concurrent Roots OopStorageSet                0.014 / 0.016         0.020 / 0.087         0.020 / 0.087         0.020 / 0.087       ms
[50.283s][info][gc,stats    ]    Subphase: Concurrent Weak Roots OopStorageSet           0.205 / 0.336         0.182 / 0.352         0.182 / 0.352         0.182 / 0.352       ms
[50.283s][info][gc,stats    ]    Subphase: Pause Mark Try Complete                       0.000 / 0.000         0.000 / 0.000         0.000 / 0.000         0.000 / 0.000       ms
[50.283s][info][gc,stats    ]      System: Java Threads                                     17 / 19               17 / 20               17 / 20               17 / 20          threads
[50.283s][info][gc,stats    ] =========================================================================================================================================================
[50.313s][info][gc,phases   ] GC(16) Concurrent Mark 25.351ms
[50.314s][info][gc,phases   ] GC(16) Pause Mark End 0.017ms
[50.321s][info][gc,phases   ] GC(16) Concurrent Mark Free 0.001ms
[50.323s][info][gc,phases   ] GC(16) Concurrent Process Non-Strong References 2.023ms
[50.323s][info][gc,phases   ] GC(16) Concurrent Reset Relocation Set 0.005ms
[50.326s][info][gc,phases   ] GC(16) Concurrent Select Relocation Set 2.185ms
[50.326s][info][gc,phases   ] GC(16) Pause Relocate Start 0.012ms
[50.332s][info][gc,phases   ] GC(16) Concurrent Relocate 2.027ms
[50.332s][info][gc,load     ] GC(16) Load: 0.00/0.00/0.00
[50.332s][info][gc,mmu      ] GC(16) MMU: 2ms/98.7%, 5ms/99.3%, 10ms/99.7%, 20ms/99.8%, 50ms/99.9%, 100ms/100.0%
[50.332s][info][gc,marking  ] GC(16) Mark: 2 stripe(s), 2 proactive flush(es), 1 terminate flush(es), 0 completion(s), 0 continuation(s) 
[50.332s][info][gc,marking  ] GC(16) Mark Stack Usage: 32M
[50.332s][info][gc,nmethod  ] GC(16) NMethods: 1572 registered, 0 unregistered
[50.332s][info][gc,metaspace] GC(16) Metaspace: 6M used, 6M committed, 1088M reserved
[50.332s][info][gc,ref      ] GC(16) Soft: 248 encountered, 0 discovered, 0 enqueued
[50.332s][info][gc,ref      ] GC(16) Weak: 442 encountered, 4 discovered, 0 enqueued
[50.332s][info][gc,ref      ] GC(16) Final: 9 encountered, 0 discovered, 0 enqueued
[50.332s][info][gc,ref      ] GC(16) Phantom: 21 encountered, 11 discovered, 0 enqueued
[50.332s][info][gc,reloc    ] GC(16) Small Pages: 3177 / 6354M, Empty: 6134M, Relocated: 3M, In-Place: 0
[50.332s][info][gc,reloc    ] GC(16) Medium Pages: 0 / 0M, Empty: 0M, Relocated: 0M, In-Place: 0
[50.332s][info][gc,reloc    ] GC(16) Large Pages: 2 / 12M, Empty: 0M, Relocated: 0M, In-Place: 0
[50.332s][info][gc,reloc    ] GC(16) Forwarding Usage: 1M
[50.332s][info][gc,heap     ] GC(16) Min Capacity: 8192M(100%)
[50.332s][info][gc,heap     ] GC(16) Max Capacity: 8192M(100%)
[50.332s][info][gc,heap     ] GC(16) Soft Max Capacity: 8192M(100%)
[50.332s][info][gc,heap     ] GC(16)                Mark Start          Mark End        Relocate Start      Relocate End           High               Low         
[50.332s][info][gc,heap     ] GC(16)  Capacity:     8192M (100%)       8192M (100%)       8192M (100%)       8192M (100%)       8192M (100%)       8192M (100%)   
[50.332s][info][gc,heap     ] GC(16)      Free:     1826M (22%)        1770M (22%)        7882M (96%)        8080M (99%)        8080M (99%)        1752M (21%)    
[50.332s][info][gc,heap     ] GC(16)      Used:     6366M (78%)        6422M (78%)         310M (4%)          112M (1%)         6440M (79%)         112M (1%)     
[50.332s][info][gc,heap     ] GC(16)      Live:         -                19M (0%)           19M (0%)           19M (0%)             -                  -          
[50.332s][info][gc,heap     ] GC(16) Allocated:         -                56M (1%)           78M (1%)           89M (1%)             -                  -          
[50.332s][info][gc,heap     ] GC(16)   Garbage:         -              6346M (77%)         212M (3%)            3M (0%)             -                  -          
[50.332s][info][gc,heap     ] GC(16) Reclaimed:         -                  -              6134M (75%)        6343M (77%)            -                  -          
[50.332s][info][gc          ] GC(16) Garbage Collection (Proactive) 6366M(78%)->112M(1%)
[52.630s][info][gc,start    ] GC(17) Garbage Collection (System.gc())
[52.630s][info][gc,task     ] GC(17) Using 2 workers
[52.630s][info][gc,phases   ] GC(17) Pause Mark Start 0.011ms
[52.635s][info][gc,phases   ] GC(17) Concurrent Mark 4.179ms
[52.635s][info][gc,phases   ] GC(17) Pause Mark End 0.008ms
[52.635s][info][gc,phases   ] GC(17) Concurrent Mark Free 0.001ms
[52.636s][info][gc,phases   ] GC(17) Concurrent Process Non-Strong References 1.358ms
[52.636s][info][gc,phases   ] GC(17) Concurrent Reset Relocation Set 0.006ms
[52.638s][info][gc,phases   ] GC(17) Concurrent Select Relocation Set 1.323ms
[52.638s][info][gc,phases   ] GC(17) Pause Relocate Start 0.006ms
[52.638s][info][gc,phases   ] GC(17) Concurrent Relocate 0.579ms
[52.638s][info][gc,load     ] GC(17) Load: 0.00/0.00/0.00
[52.638s][info][gc,mmu      ] GC(17) MMU: 2ms/98.7%, 5ms/99.3%, 10ms/99.7%, 20ms/99.8%, 50ms/99.9%, 100ms/100.0%
[52.638s][info][gc,marking  ] GC(17) Mark: 2 stripe(s), 1 proactive flush(es), 1 terminate flush(es), 0 completion(s), 0 continuation(s) 
[52.638s][info][gc,marking  ] GC(17) Mark Stack Usage: 32M
[52.638s][info][gc,nmethod  ] GC(17) NMethods: 1586 registered, 0 unregistered
[52.638s][info][gc,metaspace] GC(17) Metaspace: 6M used, 6M committed, 1088M reserved
[52.638s][info][gc,ref      ] GC(17) Soft: 248 encountered, 0 discovered, 0 enqueued
[52.638s][info][gc,ref      ] GC(17) Weak: 442 encountered, 14 discovered, 0 enqueued
[52.638s][info][gc,ref      ] GC(17) Final: 9 encountered, 1 discovered, 0 enqueued
[52.638s][info][gc,ref      ] GC(17) Phantom: 20 encountered, 11 discovered, 1 enqueued
[52.638s][info][gc,reloc    ] GC(17) Small Pages: 2224 / 4448M, Empty: 4432M, Relocated: 1M, In-Place: 0
[52.638s][info][gc,reloc    ] GC(17) Medium Pages: 1 / 32M, Empty: 32M, Relocated: 0M, In-Place: 0
[52.638s][info][gc,reloc    ] GC(17) Large Pages: 4 / 24M, Empty: 12M, Relocated: 0M, In-Place: 0
[52.638s][info][gc,reloc    ] GC(17) Forwarding Usage: 0M
[52.638s][info][gc,heap     ] GC(17) Min Capacity: 8192M(100%)
[52.638s][info][gc,heap     ] GC(17) Max Capacity: 8192M(100%)
[52.638s][info][gc,heap     ] GC(17) Soft Max Capacity: 8192M(100%)
[52.638s][info][gc,heap     ] GC(17)                Mark Start          Mark End        Relocate Start      Relocate End           High               Low         
[52.638s][info][gc,heap     ] GC(17)  Capacity:     8192M (100%)       8192M (100%)       8192M (100%)       8192M (100%)       8192M (100%)       8192M (100%)   
[52.638s][info][gc,heap     ] GC(17)      Free:     3688M (45%)        3688M (45%)        8164M (100%)       8172M (100%)       8172M (100%)       3688M (45%)    
[52.638s][info][gc,heap     ] GC(17)      Used:     4504M (55%)        4504M (55%)          28M (0%)           20M (0%)         4504M (55%)          20M (0%)     
[52.638s][info][gc,heap     ] GC(17)      Live:         -                16M (0%)           16M (0%)           16M (0%)             -                  -          
[52.638s][info][gc,heap     ] GC(17) Allocated:         -                 0M (0%)            0M (0%)            0M (0%)             -                  -          
[52.638s][info][gc,heap     ] GC(17)   Garbage:         -              4487M (55%)          11M (0%)            3M (0%)             -                  -          
[52.638s][info][gc,heap     ] GC(17) Reclaimed:         -                  -              4476M (55%)        4484M (55%)            -                  -          
[52.638s][info][gc          ] GC(17) Garbage Collection (System.gc()) 4504M(55%)->20M(0%)
[55.479s][info][gc,start    ] GC(18) Garbage Collection (Allocation Rate)
[55.479s][info][gc,task     ] GC(18) Using 1 workers
[55.480s][info][gc,phases   ] GC(18) Pause Mark Start 0.010ms
[55.509s][info][gc,phases   ] GC(18) Concurrent Mark 28.102ms
[55.510s][info][gc,phases   ] GC(18) Pause Mark End 0.021ms
[55.510s][info][gc,phases   ] GC(18) Concurrent Mark Free 0.001ms
[55.513s][info][gc,phases   ] GC(18) Concurrent Process Non-Strong References 3.228ms
[55.514s][info][gc,phases   ] GC(18) Concurrent Reset Relocation Set 0.002ms
[55.516s][info][gc,phases   ] GC(18) Concurrent Select Relocation Set 2.231ms
[55.516s][info][gc,phases   ] GC(18) Pause Relocate Start 0.009ms
[55.529s][info][gc,phases   ] GC(18) Concurrent Relocate 3.099ms
[55.529s][info][gc,load     ] GC(18) Load: 0.00/0.00/0.00
[55.529s][info][gc,mmu      ] GC(18) MMU: 2ms/98.7%, 5ms/99.3%, 10ms/99.7%, 20ms/99.8%, 50ms/99.9%, 100ms/100.0%
[55.529s][info][gc,marking  ] GC(18) Mark: 1 stripe(s), 2 proactive flush(es), 1 terminate flush(es), 0 completion(s), 0 continuation(s) 
[55.529s][info][gc,marking  ] GC(18) Mark Stack Usage: 32M
[55.529s][info][gc,nmethod  ] GC(18) NMethods: 1617 registered, 0 unregistered
[55.529s][info][gc,metaspace] GC(18) Metaspace: 6M used, 6M committed, 1088M reserved
[55.529s][info][gc,ref      ] GC(18) Soft: 248 encountered, 0 discovered, 0 enqueued
[55.529s][info][gc,ref      ] GC(18) Weak: 442 encountered, 193 discovered, 0 enqueued
[55.529s][info][gc,ref      ] GC(18) Final: 9 encountered, 7 discovered, 0 enqueued
[55.529s][info][gc,ref      ] GC(18) Phantom: 21 encountered, 12 discovered, 0 enqueued
[55.529s][info][gc,reloc    ] GC(18) Small Pages: 3774 / 7548M, Empty: 7366M, Relocated: 3M, In-Place: 0
[55.529s][info][gc,reloc    ] GC(18) Medium Pages: 0 / 0M, Empty: 0M, Relocated: 0M, In-Place: 0
[55.529s][info][gc,reloc    ] GC(18) Large Pages: 2 / 12M, Empty: 0M, Relocated: 0M, In-Place: 0
[55.529s][info][gc,reloc    ] GC(18) Forwarding Usage: 1M
[55.529s][info][gc,heap     ] GC(18) Min Capacity: 8192M(100%)
[55.529s][info][gc,heap     ] GC(18) Max Capacity: 8192M(100%)
[55.529s][info][gc,heap     ] GC(18) Soft Max Capacity: 8192M(100%)
[55.529s][info][gc,heap     ] GC(18)                Mark Start          Mark End        Relocate Start      Relocate End           High               Low         
[55.529s][info][gc,heap     ] GC(18)  Capacity:     8192M (100%)       8192M (100%)       8192M (100%)       8192M (100%)       8192M (100%)       8192M (100%)   
[55.529s][info][gc,heap     ] GC(18)      Free:      632M (8%)          562M (7%)         7914M (97%)        8068M (98%)        8068M (98%)         554M (7%)     
[55.529s][info][gc,heap     ] GC(18)      Used:     7560M (92%)        7630M (93%)         278M (3%)          124M (2%)         7638M (93%)         124M (2%)     
[55.529s][info][gc,heap     ] GC(18)      Live:         -                19M (0%)           19M (0%)           19M (0%)             -                  -          
[55.529s][info][gc,heap     ] GC(18) Allocated:         -                70M (1%)           84M (1%)          101M (1%)             -                  -          
[55.529s][info][gc,heap     ] GC(18)   Garbage:         -              7540M (92%)         174M (2%)            3M (0%)             -                  -          
[55.529s][info][gc,heap     ] GC(18) Reclaimed:         -                  -              7366M (90%)        7537M (92%)            -                  -          
[55.529s][info][gc          ] GC(18) Garbage Collection (Allocation Rate) 7560M(92%)->124M(2%)
[58.872s][info][gc,start    ] GC(19) Garbage Collection (Proactive)
[58.872s][info][gc,task     ] GC(19) Using 2 workers
[58.872s][info][gc,phases   ] GC(19) Pause Mark Start 0.010ms
[58.903s][info][gc,phases   ] GC(19) Concurrent Mark 19.628ms
[58.903s][info][gc,phases   ] GC(19) Pause Mark End 0.013ms
[58.918s][info][gc,phases   ] GC(19) Concurrent Mark Free 0.001ms
[58.919s][info][gc,phases   ] GC(19) Concurrent Process Non-Strong References 1.719ms
[58.919s][info][gc,phases   ] GC(19) Concurrent Reset Relocation Set 0.005ms
[58.922s][info][gc,phases   ] GC(19) Concurrent Select Relocation Set 2.236ms
[58.922s][info][gc,phases   ] GC(19) Pause Relocate Start 0.012ms
[58.928s][info][gc,phases   ] GC(19) Concurrent Relocate 1.920ms
[58.928s][info][gc,load     ] GC(19) Load: 0.00/0.00/0.00
[58.928s][info][gc,mmu      ] GC(19) MMU: 2ms/98.7%, 5ms/99.3%, 10ms/99.7%, 20ms/99.8%, 50ms/99.9%, 100ms/100.0%
[58.928s][info][gc,marking  ] GC(19) Mark: 2 stripe(s), 2 proactive flush(es), 1 terminate flush(es), 0 completion(s), 0 continuation(s) 
[58.928s][info][gc,marking  ] GC(19) Mark Stack Usage: 32M
[58.928s][info][gc,nmethod  ] GC(19) NMethods: 1617 registered, 0 unregistered
[58.928s][info][gc,metaspace] GC(19) Metaspace: 6M used, 6M committed, 1088M reserved
[58.928s][info][gc,ref      ] GC(19) Soft: 248 encountered, 0 discovered, 0 enqueued
[58.928s][info][gc,ref      ] GC(19) Weak: 442 encountered, 4 discovered, 0 enqueued
[58.928s][info][gc,ref      ] GC(19) Final: 9 encountered, 0 discovered, 0 enqueued
[58.928s][info][gc,ref      ] GC(19) Phantom: 21 encountered, 11 discovered, 0 enqueued
[58.928s][info][gc,reloc    ] GC(19) Small Pages: 3139 / 6278M, Empty: 6034M, Relocated: 3M, In-Place: 0
[58.928s][info][gc,reloc    ] GC(19) Medium Pages: 0 / 0M, Empty: 0M, Relocated: 0M, In-Place: 0
[58.928s][info][gc,reloc    ] GC(19) Large Pages: 2 / 12M, Empty: 0M, Relocated: 0M, In-Place: 0
[58.928s][info][gc,reloc    ] GC(19) Forwarding Usage: 1M
[58.928s][info][gc,heap     ] GC(19) Min Capacity: 8192M(100%)
[58.928s][info][gc,heap     ] GC(19) Max Capacity: 8192M(100%)
[58.928s][info][gc,heap     ] GC(19) Soft Max Capacity: 8192M(100%)
[58.928s][info][gc,heap     ] GC(19)                Mark Start          Mark End        Relocate Start      Relocate End           High               Low         
[58.928s][info][gc,heap     ] GC(19)  Capacity:     8192M (100%)       8192M (100%)       8192M (100%)       8192M (100%)       8192M (100%)       8192M (100%)   
[58.928s][info][gc,heap     ] GC(19)      Free:     1902M (23%)        1842M (22%)        7840M (96%)        8066M (98%)        8066M (98%)        1810M (22%)    
[58.928s][info][gc,heap     ] GC(19)      Used:     6290M (77%)        6350M (78%)         352M (4%)          126M (2%)         6382M (78%)         126M (2%)     
[58.928s][info][gc,heap     ] GC(19)      Live:         -                19M (0%)           19M (0%)           19M (0%)             -                  -          
[58.928s][info][gc,heap     ] GC(19) Allocated:         -                60M (1%)           96M (1%)          103M (1%)             -                  -          
[58.928s][info][gc,heap     ] GC(19)   Garbage:         -              6270M (77%)         236M (3%)            3M (0%)             -                  -          
[58.928s][info][gc,heap     ] GC(19) Reclaimed:         -                  -              6034M (74%)        6267M (77%)            -                  -          
[58.928s][info][gc          ] GC(19) Garbage Collection (Proactive) 6290M(77%)->126M(2%)
[60.277s][info][gc,stats    ] === Garbage Collection Statistics =======================================================================================================================
[60.277s][info][gc,stats    ]                                                              Last 10s              Last 10m              Last 10h                Total
[60.277s][info][gc,stats    ]                                                              Avg / Max             Avg / Max             Avg / Max             Avg / Max
[60.277s][info][gc,stats    ]   Collector: Garbage Collection Cycle                     40.849 / 56.258       49.966 / 112.238      49.966 / 112.238      49.966 / 112.238     ms
[60.277s][info][gc,stats    ]  Contention: Mark Segment Reset Contention                     0 / 3                 0 / 3                 0 / 3                 0 / 3           ops/s
[60.277s][info][gc,stats    ]  Contention: Mark SeqNum Reset Contention                      0 / 1                 0 / 1                 0 / 1                 0 / 1           ops/s
[60.277s][info][gc,stats    ]    Critical: Allocation Stall                                  0 / 0                 0 / 0                 0 / 0                 0 / 0           ops/s
[60.277s][info][gc,stats    ]    Critical: Allocation Stall                              0.000 / 0.000         0.000 / 0.000         0.000 / 0.000         0.000 / 0.000       ms
[60.277s][info][gc,stats    ]    Critical: GC Locker Stall                                   0 / 0                 0 / 0                 0 / 0                 0 / 0           ops/s
[60.277s][info][gc,stats    ]    Critical: GC Locker Stall                               0.000 / 0.000         0.000 / 0.000         0.000 / 0.000         0.000 / 0.000       ms
[60.277s][info][gc,stats    ]    Critical: Relocation Stall                                  0 / 0                 0 / 0                 0 / 0                 0 / 0           ops/s
[60.277s][info][gc,stats    ]    Critical: Relocation Stall                              0.000 / 0.000         0.000 / 0.000         0.000 / 0.000         0.000 / 0.000       ms
[60.277s][info][gc,stats    ]      Memory: Allocation Rate                                2046 / 2742           1805 / 2832           1805 / 2832           1805 / 2832        MB/s
[60.277s][info][gc,stats    ]      Memory: Out Of Memory                                     0 / 0                 0 / 0                 0 / 0                 0 / 0           ops/s
[60.277s][info][gc,stats    ]      Memory: Page Cache Flush                                  0 / 0                 0 / 0                 0 / 0                 0 / 0           MB/s
[60.277s][info][gc,stats    ]      Memory: Page Cache Hit L1                              1022 / 1371            836 / 1416            836 / 1416            836 / 1416        ops/s
[60.277s][info][gc,stats    ]      Memory: Page Cache Hit L2                                 0 / 0                 0 / 0                 0 / 0                 0 / 0           ops/s
[60.277s][info][gc,stats    ]      Memory: Page Cache Hit L3                                 0 / 0                65 / 604              65 / 604              65 / 604         ops/s
[60.277s][info][gc,stats    ]      Memory: Page Cache Miss                                   0 / 0                 0 / 1                 0 / 1                 0 / 1           ops/s
[60.277s][info][gc,stats    ]      Memory: Uncommit                                          0 / 0                 0 / 0                 0 / 0                 0 / 0           MB/s
[60.277s][info][gc,stats    ]      Memory: Undo Object Allocation Failed                     0 / 0                 0 / 0                 0 / 0                 0 / 0           ops/s
[60.277s][info][gc,stats    ]      Memory: Undo Object Allocation Succeeded                 14 / 103               8 / 103               8 / 103               8 / 103         ops/s
[60.277s][info][gc,stats    ]      Memory: Undo Page Allocation                              0 / 0                 0 / 1                 0 / 1                 0 / 1           ops/s
[60.277s][info][gc,stats    ]       Phase: Concurrent Mark                              19.315 / 28.102       24.578 / 47.334       24.578 / 47.334       24.578 / 47.334      ms
[60.277s][info][gc,stats    ]       Phase: Concurrent Mark Continue                      0.000 / 0.000         0.000 / 0.000         0.000 / 0.000         0.000 / 0.000       ms
[60.277s][info][gc,stats    ]       Phase: Concurrent Mark Free                          0.001 / 0.001         0.001 / 0.002         0.001 / 0.002         0.001 / 0.002       ms
[60.277s][info][gc,stats    ]       Phase: Concurrent Process Non-Strong References      2.082 / 3.228         4.028 / 12.661        4.028 / 12.661        4.028 / 12.661      ms
[60.277s][info][gc,stats    ]       Phase: Concurrent Relocate                           1.907 / 3.099         2.156 / 5.083         2.156 / 5.083         2.156 / 5.083       ms
[60.277s][info][gc,stats    ]       Phase: Concurrent Reset Relocation Set               0.004 / 0.006         0.005 / 0.014         0.005 / 0.014         0.005 / 0.014       ms
[60.277s][info][gc,stats    ]       Phase: Concurrent Select Relocation Set              1.994 / 2.236         2.265 / 3.470         2.265 / 3.470         2.265 / 3.470       ms
[60.277s][info][gc,stats    ]       Phase: Pause Mark End                                0.015 / 0.021         0.017 / 0.027         0.017 / 0.027         0.017 / 0.027       ms
[60.277s][info][gc,stats    ]       Phase: Pause Mark Start                              0.009 / 0.011         0.009 / 0.015         0.009 / 0.015         0.009 / 0.015       ms
[60.277s][info][gc,stats    ]       Phase: Pause Relocate Start                          0.010 / 0.012         0.011 / 0.019         0.011 / 0.019         0.011 / 0.019       ms
[60.277s][info][gc,stats    ]    Subphase: Concurrent Classes Purge                      0.074 / 0.080         0.080 / 0.132         0.080 / 0.132         0.080 / 0.132       ms
[60.277s][info][gc,stats    ]    Subphase: Concurrent Classes Unlink                     1.329 / 2.136         1.374 / 2.136         1.374 / 2.136         1.374 / 2.136       ms
[60.277s][info][gc,stats    ]    Subphase: Concurrent Mark                              16.361 / 27.402       20.560 / 46.797       20.560 / 46.797       20.560 / 46.797      ms
[60.277s][info][gc,stats    ]    Subphase: Concurrent Mark Try Flush                     3.011 / 11.506        3.509 / 23.931        3.509 / 23.931        3.509 / 23.931      ms
[60.277s][info][gc,stats    ]    Subphase: Concurrent Mark Try Terminate                 3.530 / 15.714        4.459 / 15.790        4.459 / 15.790        4.459 / 15.790      ms
[60.277s][info][gc,stats    ]    Subphase: Concurrent References Enqueue                 0.001 / 0.004         0.002 / 0.009         0.002 / 0.009         0.002 / 0.009       ms
[60.277s][info][gc,stats    ]    Subphase: Concurrent References Process                 0.043 / 0.050         0.060 / 0.133         0.060 / 0.133         0.060 / 0.133       ms
[60.277s][info][gc,stats    ]    Subphase: Concurrent Roots ClassLoaderDataGraph         0.061 / 0.156         0.076 / 0.251         0.076 / 0.251         0.076 / 0.251       ms
[60.277s][info][gc,stats    ]    Subphase: Concurrent Roots CodeCache                    0.000 / 0.000         0.000 / 0.000         0.000 / 0.000         0.000 / 0.000       ms
[60.277s][info][gc,stats    ]    Subphase: Concurrent Roots JavaThreads                  0.313 / 0.485         0.314 / 0.495         0.314 / 0.495         0.314 / 0.495       ms
[60.277s][info][gc,stats    ]    Subphase: Concurrent Roots OopStorageSet                0.012 / 0.015         0.019 / 0.087         0.019 / 0.087         0.019 / 0.087       ms
[60.277s][info][gc,stats    ]    Subphase: Concurrent Weak Roots OopStorageSet           0.112 / 0.343         0.167 / 0.352         0.167 / 0.352         0.167 / 0.352       ms
[60.277s][info][gc,stats    ]    Subphase: Pause Mark Try Complete                       0.000 / 0.000         0.000 / 0.000         0.000 / 0.000         0.000 / 0.000       ms
[60.277s][info][gc,stats    ]      System: Java Threads                                     17 / 19               17 / 20               17 / 20               17 / 20          threads
[60.277s][info][gc,stats    ] =========================================================================================================================================================
[61.984s][info][gc,start    ] GC(20) Garbage Collection (System.gc())
[61.984s][info][gc,task     ] GC(20) Using 2 workers
[61.984s][info][gc,phases   ] GC(20) Pause Mark Start 0.010ms
[61.996s][info][gc,phases   ] GC(20) Concurrent Mark 11.238ms
[61.996s][info][gc,phases   ] GC(20) Pause Mark End 0.012ms
[61.996s][info][gc,phases   ] GC(20) Concurrent Mark Free 0.001ms
[61.998s][info][gc,phases   ] GC(20) Concurrent Process Non-Strong References 1.649ms
[61.998s][info][gc,phases   ] GC(20) Concurrent Reset Relocation Set 0.007ms
[61.999s][info][gc,phases   ] GC(20) Concurrent Select Relocation Set 1.411ms
[61.999s][info][gc,phases   ] GC(20) Pause Relocate Start 0.006ms
[62.000s][info][gc,phases   ] GC(20) Concurrent Relocate 0.557ms
[62.000s][info][gc,load     ] GC(20) Load: 0.00/0.00/0.00
[62.000s][info][gc,mmu      ] GC(20) MMU: 2ms/98.7%, 5ms/99.3%, 10ms/99.7%, 20ms/99.8%, 50ms/99.9%, 100ms/100.0%
[62.000s][info][gc,marking  ] GC(20) Mark: 2 stripe(s), 1 proactive flush(es), 1 terminate flush(es), 0 completion(s), 0 continuation(s) 
[62.000s][info][gc,marking  ] GC(20) Mark Stack Usage: 32M
[62.000s][info][gc,nmethod  ] GC(20) NMethods: 1622 registered, 0 unregistered
[62.000s][info][gc,metaspace] GC(20) Metaspace: 6M used, 6M committed, 1088M reserved
[62.000s][info][gc,ref      ] GC(20) Soft: 248 encountered, 0 discovered, 0 enqueued
[62.000s][info][gc,ref      ] GC(20) Weak: 442 encountered, 15 discovered, 0 enqueued
[62.000s][info][gc,ref      ] GC(20) Final: 9 encountered, 1 discovered, 0 enqueued
[62.000s][info][gc,ref      ] GC(20) Phantom: 20 encountered, 12 discovered, 1 enqueued
[62.000s][info][gc,reloc    ] GC(20) Small Pages: 2302 / 4604M, Empty: 4594M, Relocated: 1M, In-Place: 0
[62.000s][info][gc,reloc    ] GC(20) Medium Pages: 1 / 32M, Empty: 32M, Relocated: 0M, In-Place: 0
[62.000s][info][gc,reloc    ] GC(20) Large Pages: 4 / 24M, Empty: 12M, Relocated: 0M, In-Place: 0
[62.000s][info][gc,reloc    ] GC(20) Forwarding Usage: 0M
[62.000s][info][gc,heap     ] GC(20) Min Capacity: 8192M(100%)
[62.000s][info][gc,heap     ] GC(20) Max Capacity: 8192M(100%)
[62.000s][info][gc,heap     ] GC(20) Soft Max Capacity: 8192M(100%)
[62.000s][info][gc,heap     ] GC(20)                Mark Start          Mark End        Relocate Start      Relocate End           High               Low         
[62.000s][info][gc,heap     ] GC(20)  Capacity:     8192M (100%)       8192M (100%)       8192M (100%)       8192M (100%)       8192M (100%)       8192M (100%)   
[62.000s][info][gc,heap     ] GC(20)      Free:     3532M (43%)        3532M (43%)        8170M (100%)       8174M (100%)       8174M (100%)       3532M (43%)    
[62.000s][info][gc,heap     ] GC(20)      Used:     4660M (57%)        4660M (57%)          22M (0%)           18M (0%)         4660M (57%)          18M (0%)     
[62.000s][info][gc,heap     ] GC(20)      Live:         -                16M (0%)           16M (0%)           16M (0%)             -                  -          
[62.000s][info][gc,heap     ] GC(20) Allocated:         -                 0M (0%)            0M (0%)            0M (0%)             -                  -          
[62.000s][info][gc,heap     ] GC(20)   Garbage:         -              4643M (57%)           5M (0%)            1M (0%)             -                  -          
[62.000s][info][gc,heap     ] GC(20) Reclaimed:         -                  -              4638M (57%)        4642M (57%)            -                  -          
[62.000s][info][gc          ] GC(20) Garbage Collection (System.gc()) 4660M(57%)->18M(0%)
[64.775s][info][gc,start    ] GC(21) Garbage Collection (Allocation Rate)
[64.775s][info][gc,task     ] GC(21) Using 1 workers
[64.775s][info][gc,phases   ] GC(21) Pause Mark Start 0.007ms
[64.800s][info][gc,phases   ] GC(21) Concurrent Mark 22.560ms
[64.800s][info][gc,phases   ] GC(21) Pause Mark End 0.015ms
[64.806s][info][gc,phases   ] GC(21) Concurrent Mark Free 0.001ms
[64.816s][info][gc,phases   ] GC(21) Concurrent Process Non-Strong References 10.175ms
[64.816s][info][gc,phases   ] GC(21) Concurrent Reset Relocation Set 0.001ms
[64.818s][info][gc,phases   ] GC(21) Concurrent Select Relocation Set 2.369ms
[64.819s][info][gc,phases   ] GC(21) Pause Relocate Start 0.013ms
[64.827s][info][gc,phases   ] GC(21) Concurrent Relocate 3.078ms
[64.827s][info][gc,load     ] GC(21) Load: 0.00/0.00/0.00
[64.827s][info][gc,mmu      ] GC(21) MMU: 2ms/98.7%, 5ms/99.3%, 10ms/99.7%, 20ms/99.8%, 50ms/99.9%, 100ms/100.0%
[64.827s][info][gc,marking  ] GC(21) Mark: 1 stripe(s), 2 proactive flush(es), 1 terminate flush(es), 0 completion(s), 0 continuation(s) 
[64.827s][info][gc,marking  ] GC(21) Mark Stack Usage: 32M
[64.827s][info][gc,nmethod  ] GC(21) NMethods: 1637 registered, 0 unregistered
[64.827s][info][gc,metaspace] GC(21) Metaspace: 6M used, 6M committed, 1088M reserved
[64.827s][info][gc,ref      ] GC(21) Soft: 248 encountered, 0 discovered, 0 enqueued
[64.827s][info][gc,ref      ] GC(21) Weak: 442 encountered, 193 discovered, 0 enqueued
[64.827s][info][gc,ref      ] GC(21) Final: 9 encountered, 7 discovered, 0 enqueued
[64.827s][info][gc,ref      ] GC(21) Phantom: 21 encountered, 12 discovered, 0 enqueued
[64.827s][info][gc,reloc    ] GC(21) Small Pages: 3718 / 7436M, Empty: 7248M, Relocated: 3M, In-Place: 0
[64.827s][info][gc,reloc    ] GC(21) Medium Pages: 0 / 0M, Empty: 0M, Relocated: 0M, In-Place: 0
[64.827s][info][gc,reloc    ] GC(21) Large Pages: 2 / 12M, Empty: 0M, Relocated: 0M, In-Place: 0
[64.827s][info][gc,reloc    ] GC(21) Forwarding Usage: 1M
[64.827s][info][gc,heap     ] GC(21) Min Capacity: 8192M(100%)
[64.827s][info][gc,heap     ] GC(21) Max Capacity: 8192M(100%)
[64.827s][info][gc,heap     ] GC(21) Soft Max Capacity: 8192M(100%)
[64.827s][info][gc,heap     ] GC(21)                Mark Start          Mark End        Relocate Start      Relocate End           High               Low         
[64.827s][info][gc,heap     ] GC(21)  Capacity:     8192M (100%)       8192M (100%)       8192M (100%)       8192M (100%)       8192M (100%)       8192M (100%)   
[64.827s][info][gc,heap     ] GC(21)      Free:      744M (9%)          688M (8%)         7890M (96%)        8052M (98%)        8052M (98%)         646M (8%)     
[64.827s][info][gc,heap     ] GC(21)      Used:     7448M (91%)        7504M (92%)         302M (4%)          140M (2%)         7546M (92%)         140M (2%)     
[64.827s][info][gc,heap     ] GC(21)      Live:         -                19M (0%)           19M (0%)           19M (0%)             -                  -          
[64.827s][info][gc,heap     ] GC(21) Allocated:         -                56M (1%)          102M (1%)          117M (1%)             -                  -          
[64.827s][info][gc,heap     ] GC(21)   Garbage:         -              7428M (91%)         180M (2%)            3M (0%)             -                  -          
[64.827s][info][gc,heap     ] GC(21) Reclaimed:         -                  -              7248M (88%)        7425M (91%)            -                  -          
[64.827s][info][gc          ] GC(21) Garbage Collection (Allocation Rate) 7448M(91%)->140M(2%)
[68.374s][info][gc,start    ] GC(22) Garbage Collection (Proactive)
[68.374s][info][gc,task     ] GC(22) Using 2 workers
[68.375s][info][gc,phases   ] GC(22) Pause Mark Start 0.009ms
[68.406s][info][gc,phases   ] GC(22) Concurrent Mark 21.822ms
[68.406s][info][gc,phases   ] GC(22) Pause Mark End 0.029ms
[68.408s][info][gc,phases   ] GC(22) Concurrent Mark Free 0.001ms
[68.416s][info][gc,phases   ] GC(22) Concurrent Process Non-Strong References 7.747ms
[68.416s][info][gc,phases   ] GC(22) Concurrent Reset Relocation Set 0.006ms
[68.420s][info][gc,phases   ] GC(22) Concurrent Select Relocation Set 3.683ms
[68.420s][info][gc,phases   ] GC(22) Pause Relocate Start 0.013ms
[68.424s][info][gc,phases   ] GC(22) Concurrent Relocate 2.181ms
[68.424s][info][gc,load     ] GC(22) Load: 0.00/0.00/0.00
[68.424s][info][gc,mmu      ] GC(22) MMU: 2ms/98.5%, 5ms/99.3%, 10ms/99.7%, 20ms/99.8%, 50ms/99.9%, 100ms/99.9%
[68.424s][info][gc,marking  ] GC(22) Mark: 2 stripe(s), 2 proactive flush(es), 1 terminate flush(es), 0 completion(s), 0 continuation(s) 
[68.424s][info][gc,marking  ] GC(22) Mark Stack Usage: 32M
[68.424s][info][gc,nmethod  ] GC(22) NMethods: 1637 registered, 0 unregistered
[68.424s][info][gc,metaspace] GC(22) Metaspace: 6M used, 6M committed, 1088M reserved
[68.424s][info][gc,ref      ] GC(22) Soft: 248 encountered, 0 discovered, 0 enqueued
[68.424s][info][gc,ref      ] GC(22) Weak: 442 encountered, 4 discovered, 0 enqueued
[68.424s][info][gc,ref      ] GC(22) Final: 9 encountered, 0 discovered, 0 enqueued
[68.424s][info][gc,ref      ] GC(22) Phantom: 21 encountered, 13 discovered, 0 enqueued
[68.424s][info][gc,reloc    ] GC(22) Small Pages: 3204 / 6408M, Empty: 6150M, Relocated: 3M, In-Place: 0
[68.424s][info][gc,reloc    ] GC(22) Medium Pages: 0 / 0M, Empty: 0M, Relocated: 0M, In-Place: 0
[68.424s][info][gc,reloc    ] GC(22) Large Pages: 2 / 12M, Empty: 0M, Relocated: 0M, In-Place: 0
[68.424s][info][gc,reloc    ] GC(22) Forwarding Usage: 1M
[68.424s][info][gc,heap     ] GC(22) Min Capacity: 8192M(100%)
[68.424s][info][gc,heap     ] GC(22) Max Capacity: 8192M(100%)
[68.424s][info][gc,heap     ] GC(22) Soft Max Capacity: 8192M(100%)
[68.424s][info][gc,heap     ] GC(22)                Mark Start          Mark End        Relocate Start      Relocate End           High               Low         
[68.424s][info][gc,heap     ] GC(22)  Capacity:     8192M (100%)       8192M (100%)       8192M (100%)       8192M (100%)       8192M (100%)       8192M (100%)   
[68.424s][info][gc,heap     ] GC(22)      Free:     1772M (22%)        1704M (21%)        7830M (96%)        8070M (99%)        8070M (99%)        1688M (21%)    
[68.424s][info][gc,heap     ] GC(22)      Used:     6420M (78%)        6488M (79%)         362M (4%)          122M (1%)         6504M (79%)         122M (1%)     
[68.424s][info][gc,heap     ] GC(22)      Live:         -                19M (0%)           19M (0%)           19M (0%)             -                  -          
[68.424s][info][gc,heap     ] GC(22) Allocated:         -                68M (1%)           92M (1%)           99M (1%)             -                  -          
[68.424s][info][gc,heap     ] GC(22)   Garbage:         -              6400M (78%)         250M (3%)            3M (0%)             -                  -          
[68.425s][info][gc,heap     ] GC(22) Reclaimed:         -                  -              6150M (75%)        6397M (78%)            -                  -          
[68.425s][info][gc          ] GC(22) Garbage Collection (Proactive) 6420M(78%)->122M(1%)
[70.284s][info][gc,stats    ] === Garbage Collection Statistics =======================================================================================================================
[70.284s][info][gc,stats    ]                                                              Last 10s              Last 10m              Last 10h                Total
[70.284s][info][gc,stats    ]                                                              Avg / Max             Avg / Max             Avg / Max             Avg / Max
[70.284s][info][gc,stats    ]   Collector: Garbage Collection Cycle                     39.048 / 51.680       48.542 / 112.238      48.542 / 112.238      48.542 / 112.238     ms
[70.284s][info][gc,stats    ]  Contention: Mark Segment Reset Contention                     0 / 2                 0 / 3                 0 / 3                 0 / 3           ops/s
[70.284s][info][gc,stats    ]  Contention: Mark SeqNum Reset Contention                      0 / 1                 0 / 1                 0 / 1                 0 / 1           ops/s
[70.284s][info][gc,stats    ]    Critical: Allocation Stall                                  0 / 0                 0 / 0                 0 / 0                 0 / 0           ops/s
[70.284s][info][gc,stats    ]    Critical: Allocation Stall                              0.000 / 0.000         0.000 / 0.000         0.000 / 0.000         0.000 / 0.000       ms
[70.284s][info][gc,stats    ]    Critical: GC Locker Stall                                   0 / 0                 0 / 0                 0 / 0                 0 / 0           ops/s
[70.284s][info][gc,stats    ]    Critical: GC Locker Stall                               0.000 / 0.000         0.000 / 0.000         0.000 / 0.000         0.000 / 0.000       ms
[70.284s][info][gc,stats    ]    Critical: Relocation Stall                                  0 / 0                 0 / 0                 0 / 0                 0 / 0           ops/s
[70.284s][info][gc,stats    ]    Critical: Relocation Stall                              0.000 / 0.000         0.000 / 0.000         0.000 / 0.000         0.000 / 0.000       ms
[70.284s][info][gc,stats    ]      Memory: Allocation Rate                                1916 / 2628           1821 / 2832           1821 / 2832           1821 / 2832        MB/s
[70.284s][info][gc,stats    ]      Memory: Out Of Memory                                     0 / 0                 0 / 0                 0 / 0                 0 / 0           ops/s
[70.284s][info][gc,stats    ]      Memory: Page Cache Flush                                  0 / 0                 0 / 0                 0 / 0                 0 / 0           MB/s
[70.284s][info][gc,stats    ]      Memory: Page Cache Hit L1                               957 / 1314            853 / 1416            853 / 1416            853 / 1416        ops/s
[70.284s][info][gc,stats    ]      Memory: Page Cache Hit L2                                 0 / 0                 0 / 0                 0 / 0                 0 / 0           ops/s
[70.284s][info][gc,stats    ]      Memory: Page Cache Hit L3                                 0 / 0                56 / 604              56 / 604              56 / 604         ops/s
[70.284s][info][gc,stats    ]      Memory: Page Cache Miss                                   0 / 0                 0 / 1                 0 / 1                 0 / 1           ops/s
[70.284s][info][gc,stats    ]      Memory: Uncommit                                          0 / 0                 0 / 0                 0 / 0                 0 / 0           MB/s
[70.284s][info][gc,stats    ]      Memory: Undo Object Allocation Failed                     0 / 0                 0 / 0                 0 / 0                 0 / 0           ops/s
[70.284s][info][gc,stats    ]      Memory: Undo Object Allocation Succeeded                  3 / 21                7 / 103               7 / 103               7 / 103         ops/s
[70.284s][info][gc,stats    ]      Memory: Undo Page Allocation                              0 / 0                 0 / 1                 0 / 1                 0 / 1           ops/s
[70.284s][info][gc,stats    ]       Phase: Concurrent Mark                              18.540 / 22.560       23.791 / 47.334       23.791 / 47.334       23.791 / 47.334      ms
[70.284s][info][gc,stats    ]       Phase: Concurrent Mark Continue                      0.000 / 0.000         0.000 / 0.000         0.000 / 0.000         0.000 / 0.000       ms
[70.284s][info][gc,stats    ]       Phase: Concurrent Mark Free                          0.001 / 0.001         0.001 / 0.002         0.001 / 0.002         0.001 / 0.002       ms
[70.284s][info][gc,stats    ]       Phase: Concurrent Process Non-Strong References      6.524 / 10.175        4.353 / 12.661        4.353 / 12.661        4.353 / 12.661      ms
[70.284s][info][gc,stats    ]       Phase: Concurrent Relocate                           1.938 / 3.078         2.128 / 5.083         2.128 / 5.083         2.128 / 5.083       ms
[70.284s][info][gc,stats    ]       Phase: Concurrent Reset Relocation Set               0.005 / 0.007         0.005 / 0.014         0.005 / 0.014         0.005 / 0.014       ms
[70.284s][info][gc,stats    ]       Phase: Concurrent Select Relocation Set              2.488 / 3.683         2.294 / 3.683         2.294 / 3.683         2.294 / 3.683       ms
[70.284s][info][gc,stats    ]       Phase: Pause Mark End                                0.018 / 0.029         0.017 / 0.029         0.017 / 0.029         0.017 / 0.029       ms
[70.284s][info][gc,stats    ]       Phase: Pause Mark Start                              0.009 / 0.010         0.009 / 0.015         0.009 / 0.015         0.009 / 0.015       ms
[70.284s][info][gc,stats    ]       Phase: Pause Relocate Start                          0.011 / 0.013         0.011 / 0.019         0.011 / 0.019         0.011 / 0.019       ms
[70.284s][info][gc,stats    ]    Subphase: Concurrent Classes Purge                      0.092 / 0.135         0.082 / 0.135         0.082 / 0.135         0.082 / 0.135       ms
[70.284s][info][gc,stats    ]    Subphase: Concurrent Classes Unlink                     1.513 / 2.225         1.392 / 2.225         1.392 / 2.225         1.392 / 2.225       ms
[70.284s][info][gc,stats    ]    Subphase: Concurrent Mark                              15.150 / 21.871       19.849 / 46.797       19.849 / 46.797       19.849 / 46.797      ms
[70.284s][info][gc,stats    ]    Subphase: Concurrent Mark Try Flush                     2.722 / 8.310         3.414 / 23.931        3.414 / 23.931        3.414 / 23.931      ms
[70.284s][info][gc,stats    ]    Subphase: Concurrent Mark Try Terminate                 3.412 / 15.390        4.340 / 15.790        4.340 / 15.790        4.340 / 15.790      ms
[70.284s][info][gc,stats    ]    Subphase: Concurrent References Enqueue                 0.001 / 0.003         0.002 / 0.009         0.002 / 0.009         0.002 / 0.009       ms
[70.284s][info][gc,stats    ]    Subphase: Concurrent References Process                 0.061 / 0.100         0.060 / 0.133         0.060 / 0.133         0.060 / 0.133       ms
[70.284s][info][gc,stats    ]    Subphase: Concurrent Roots ClassLoaderDataGraph         0.070 / 0.151         0.075 / 0.251         0.075 / 0.251         0.075 / 0.251       ms
[70.284s][info][gc,stats    ]    Subphase: Concurrent Roots CodeCache                    0.000 / 0.000         0.000 / 0.000         0.000 / 0.000         0.000 / 0.000       ms
[70.284s][info][gc,stats    ]    Subphase: Concurrent Roots JavaThreads                  0.270 / 0.479         0.308 / 0.495         0.308 / 0.495         0.308 / 0.495       ms
[70.284s][info][gc,stats    ]    Subphase: Concurrent Roots OopStorageSet                0.012 / 0.016         0.018 / 0.087         0.018 / 0.087         0.018 / 0.087       ms
[70.284s][info][gc,stats    ]    Subphase: Concurrent Weak Roots OopStorageSet           0.160 / 0.336         0.166 / 0.352         0.166 / 0.352         0.166 / 0.352       ms
[70.284s][info][gc,stats    ]    Subphase: Pause Mark Try Complete                       0.000 / 0.000         0.000 / 0.000         0.000 / 0.000         0.000 / 0.000       ms
[70.284s][info][gc,stats    ]      System: Java Threads                                     17 / 19               17 / 20               17 / 20               17 / 20          threads
[70.284s][info][gc,stats    ] =========================================================================================================================================================
[71.480s][info][gc,start    ] GC(23) Garbage Collection (System.gc())
[71.480s][info][gc,task     ] GC(23) Using 2 workers
[71.480s][info][gc,phases   ] GC(23) Pause Mark Start 0.007ms
[71.485s][info][gc,phases   ] GC(23) Concurrent Mark 4.993ms
[71.485s][info][gc,phases   ] GC(23) Pause Mark End 0.011ms
[71.485s][info][gc,phases   ] GC(23) Concurrent Mark Free 0.001ms
[71.487s][info][gc,phases   ] GC(23) Concurrent Process Non-Strong References 2.064ms
[71.487s][info][gc,phases   ] GC(23) Concurrent Reset Relocation Set 0.006ms
[71.489s][info][gc,phases   ] GC(23) Concurrent Select Relocation Set 1.831ms
[71.489s][info][gc,phases   ] GC(23) Pause Relocate Start 0.008ms
[71.491s][info][gc,phases   ] GC(23) Concurrent Relocate 1.614ms
[71.491s][info][gc,load     ] GC(23) Load: 0.00/0.00/0.00
[71.491s][info][gc,mmu      ] GC(23) MMU: 2ms/98.5%, 5ms/99.3%, 10ms/99.7%, 20ms/99.8%, 50ms/99.9%, 100ms/99.9%
[71.491s][info][gc,marking  ] GC(23) Mark: 2 stripe(s), 1 proactive flush(es), 1 terminate flush(es), 0 completion(s), 0 continuation(s) 
[71.491s][info][gc,marking  ] GC(23) Mark Stack Usage: 32M
[71.491s][info][gc,nmethod  ] GC(23) NMethods: 1641 registered, 0 unregistered
[71.491s][info][gc,metaspace] GC(23) Metaspace: 6M used, 6M committed, 1088M reserved
[71.491s][info][gc,ref      ] GC(23) Soft: 249 encountered, 0 discovered, 0 enqueued
[71.491s][info][gc,ref      ] GC(23) Weak: 443 encountered, 160 discovered, 0 enqueued
[71.491s][info][gc,ref      ] GC(23) Final: 9 encountered, 9 discovered, 0 enqueued
[71.491s][info][gc,ref      ] GC(23) Phantom: 20 encountered, 13 discovered, 1 enqueued
[71.491s][info][gc,reloc    ] GC(23) Small Pages: 2292 / 4584M, Empty: 4576M, Relocated: 1M, In-Place: 0
[71.491s][info][gc,reloc    ] GC(23) Medium Pages: 1 / 32M, Empty: 32M, Relocated: 0M, In-Place: 0
[71.491s][info][gc,reloc    ] GC(23) Large Pages: 4 / 24M, Empty: 12M, Relocated: 0M, In-Place: 0
[71.491s][info][gc,reloc    ] GC(23) Forwarding Usage: 0M
[71.491s][info][gc,heap     ] GC(23) Min Capacity: 8192M(100%)
[71.491s][info][gc,heap     ] GC(23) Max Capacity: 8192M(100%)
[71.491s][info][gc,heap     ] GC(23) Soft Max Capacity: 8192M(100%)
[71.491s][info][gc,heap     ] GC(23)                Mark Start          Mark End        Relocate Start      Relocate End           High               Low         
[71.491s][info][gc,heap     ] GC(23)  Capacity:     8192M (100%)       8192M (100%)       8192M (100%)       8192M (100%)       8192M (100%)       8192M (100%)   
[71.491s][info][gc,heap     ] GC(23)      Free:     3552M (43%)        3552M (43%)        8172M (100%)       8172M (100%)       8172M (100%)       3552M (43%)    
[71.492s][info][gc,heap     ] GC(23)      Used:     4640M (57%)        4640M (57%)          20M (0%)           20M (0%)         4640M (57%)          20M (0%)     
[71.492s][info][gc,heap     ] GC(23)      Live:         -                16M (0%)           16M (0%)           16M (0%)             -                  -          
[71.492s][info][gc,heap     ] GC(23) Allocated:         -                 0M (0%)            0M (0%)            0M (0%)             -                  -          
[71.492s][info][gc,heap     ] GC(23)   Garbage:         -              4623M (56%)           3M (0%)            3M (0%)             -                  -          
[71.492s][info][gc,heap     ] GC(23) Reclaimed:         -                  -              4620M (56%)        4620M (56%)            -                  -          
[71.492s][info][gc          ] GC(23) Garbage Collection (System.gc()) 4640M(57%)->20M(0%)
[74.285s][info][gc,start    ] GC(24) Garbage Collection (Allocation Rate)
[74.285s][info][gc,task     ] GC(24) Using 1 workers
[74.285s][info][gc,phases   ] GC(24) Pause Mark Start 0.010ms
[74.317s][info][gc,phases   ] GC(24) Concurrent Mark 19.797ms
[74.317s][info][gc,phases   ] GC(24) Pause Mark End 0.012ms
[74.326s][info][gc,phases   ] GC(24) Concurrent Mark Free 0.002ms
[74.332s][info][gc,phases   ] GC(24) Concurrent Process Non-Strong References 6.367ms
[74.332s][info][gc,phases   ] GC(24) Concurrent Reset Relocation Set 0.001ms
[74.334s][info][gc,phases   ] GC(24) Concurrent Select Relocation Set 2.332ms
[74.335s][info][gc,phases   ] GC(24) Pause Relocate Start 0.014ms
[74.345s][info][gc,phases   ] GC(24) Concurrent Relocate 2.248ms
[74.345s][info][gc,load     ] GC(24) Load: 0.00/0.00/0.00
[74.345s][info][gc,mmu      ] GC(24) MMU: 2ms/98.5%, 5ms/99.3%, 10ms/99.7%, 20ms/99.8%, 50ms/99.9%, 100ms/99.9%
[74.345s][info][gc,marking  ] GC(24) Mark: 1 stripe(s), 2 proactive flush(es), 1 terminate flush(es), 0 completion(s), 0 continuation(s) 
[74.345s][info][gc,marking  ] GC(24) Mark Stack Usage: 32M
[74.345s][info][gc,nmethod  ] GC(24) NMethods: 1658 registered, 0 unregistered
[74.345s][info][gc,metaspace] GC(24) Metaspace: 6M used, 6M committed, 1088M reserved
[74.345s][info][gc,ref      ] GC(24) Soft: 249 encountered, 0 discovered, 0 enqueued
[74.345s][info][gc,ref      ] GC(24) Weak: 443 encountered, 193 discovered, 0 enqueued
[74.345s][info][gc,ref      ] GC(24) Final: 9 encountered, 7 discovered, 0 enqueued
[74.345s][info][gc,ref      ] GC(24) Phantom: 21 encountered, 14 discovered, 0 enqueued
[74.345s][info][gc,reloc    ] GC(24) Small Pages: 3722 / 7444M, Empty: 7342M, Relocated: 3M, In-Place: 0
[74.345s][info][gc,reloc    ] GC(24) Medium Pages: 0 / 0M, Empty: 0M, Relocated: 0M, In-Place: 0
[74.345s][info][gc,reloc    ] GC(24) Large Pages: 2 / 12M, Empty: 0M, Relocated: 0M, In-Place: 0
[74.345s][info][gc,reloc    ] GC(24) Forwarding Usage: 1M
[74.345s][info][gc,heap     ] GC(24) Min Capacity: 8192M(100%)
[74.345s][info][gc,heap     ] GC(24) Max Capacity: 8192M(100%)
[74.345s][info][gc,heap     ] GC(24) Soft Max Capacity: 8192M(100%)
[74.345s][info][gc,heap     ] GC(24)                Mark Start          Mark End        Relocate Start      Relocate End           High               Low         
[74.345s][info][gc,heap     ] GC(24)  Capacity:     8192M (100%)       8192M (100%)       8192M (100%)       8192M (100%)       8192M (100%)       8192M (100%)   
[74.345s][info][gc,heap     ] GC(24)      Free:      736M (9%)          658M (8%)         7964M (97%)        8040M (98%)        8040M (98%)         626M (8%)     
[74.345s][info][gc,heap     ] GC(24)      Used:     7456M (91%)        7534M (92%)         228M (3%)          152M (2%)         7566M (92%)         152M (2%)     
[74.345s][info][gc,heap     ] GC(24)      Live:         -                19M (0%)           19M (0%)           19M (0%)             -                  -          
[74.345s][info][gc,heap     ] GC(24) Allocated:         -                78M (1%)          114M (1%)          129M (2%)             -                  -          
[74.345s][info][gc,heap     ] GC(24)   Garbage:         -              7436M (91%)          94M (1%)            3M (0%)             -                  -          
[74.345s][info][gc,heap     ] GC(24) Reclaimed:         -                  -              7342M (90%)        7433M (91%)            -                  -          
[74.345s][info][gc          ] GC(24) Garbage Collection (Allocation Rate) 7456M(91%)->152M(2%)
[78.972s][info][gc,start    ] GC(25) Garbage Collection (Proactive)
[78.972s][info][gc,task     ] GC(25) Using 2 workers
[78.972s][info][gc,phases   ] GC(25) Pause Mark Start 0.008ms
[79.003s][info][gc,phases   ] GC(25) Concurrent Mark 29.335ms
[79.004s][info][gc,phases   ] GC(25) Pause Mark End 0.014ms
[79.013s][info][gc,phases   ] GC(25) Concurrent Mark Free 0.001ms
[79.019s][info][gc,phases   ] GC(25) Concurrent Process Non-Strong References 5.891ms
[79.019s][info][gc,phases   ] GC(25) Concurrent Reset Relocation Set 0.003ms
[79.022s][info][gc,phases   ] GC(25) Concurrent Select Relocation Set 2.127ms
[79.022s][info][gc,phases   ] GC(25) Pause Relocate Start 0.012ms
[79.032s][info][gc,phases   ] GC(25) Concurrent Relocate 1.567ms
[79.032s][info][gc,load     ] GC(25) Load: 0.00/0.00/0.00
[79.032s][info][gc,mmu      ] GC(25) MMU: 2ms/98.5%, 5ms/99.3%, 10ms/99.7%, 20ms/99.8%, 50ms/99.9%, 100ms/99.9%
[79.032s][info][gc,marking  ] GC(25) Mark: 2 stripe(s), 2 proactive flush(es), 1 terminate flush(es), 0 completion(s), 0 continuation(s) 
[79.032s][info][gc,marking  ] GC(25) Mark Stack Usage: 32M
[79.032s][info][gc,nmethod  ] GC(25) NMethods: 1658 registered, 0 unregistered
[79.032s][info][gc,metaspace] GC(25) Metaspace: 6M used, 6M committed, 1088M reserved
[79.032s][info][gc,ref      ] GC(25) Soft: 249 encountered, 0 discovered, 0 enqueued
[79.032s][info][gc,ref      ] GC(25) Weak: 443 encountered, 4 discovered, 0 enqueued
[79.032s][info][gc,ref      ] GC(25) Final: 9 encountered, 0 discovered, 0 enqueued
[79.032s][info][gc,ref      ] GC(25) Phantom: 21 encountered, 14 discovered, 0 enqueued
[79.032s][info][gc,reloc    ] GC(25) Small Pages: 3611 / 7222M, Empty: 7050M, Relocated: 3M, In-Place: 0
[79.032s][info][gc,reloc    ] GC(25) Medium Pages: 0 / 0M, Empty: 0M, Relocated: 0M, In-Place: 0
[79.032s][info][gc,reloc    ] GC(25) Large Pages: 2 / 12M, Empty: 0M, Relocated: 0M, In-Place: 0
[79.032s][info][gc,reloc    ] GC(25) Forwarding Usage: 1M
[79.032s][info][gc,heap     ] GC(25) Min Capacity: 8192M(100%)
[79.032s][info][gc,heap     ] GC(25) Max Capacity: 8192M(100%)
[79.032s][info][gc,heap     ] GC(25) Soft Max Capacity: 8192M(100%)
[79.032s][info][gc,heap     ] GC(25)                Mark Start          Mark End        Relocate Start      Relocate End           High               Low         
[79.032s][info][gc,heap     ] GC(25)  Capacity:     8192M (100%)       8192M (100%)       8192M (100%)       8192M (100%)       8192M (100%)       8192M (100%)   
[79.032s][info][gc,heap     ] GC(25)      Free:      958M (12%)         910M (11%)        7938M (97%)        8090M (99%)        8090M (99%)         892M (11%)    
[79.032s][info][gc,heap     ] GC(25)      Used:     7234M (88%)        7282M (89%)         254M (3%)          102M (1%)         7300M (89%)         102M (1%)     
[79.032s][info][gc,heap     ] GC(25)      Live:         -                19M (0%)           19M (0%)           19M (0%)             -                  -          
[79.032s][info][gc,heap     ] GC(25) Allocated:         -                48M (1%)           70M (1%)           79M (1%)             -                  -          
[79.032s][info][gc,heap     ] GC(25)   Garbage:         -              7214M (88%)         164M (2%)            3M (0%)             -                  -          
[79.032s][info][gc,heap     ] GC(25) Reclaimed:         -                  -              7050M (86%)        7211M (88%)            -                  -          
[79.032s][info][gc          ] GC(25) Garbage Collection (Proactive) 7234M(88%)->102M(1%)
[80.282s][info][gc,stats    ] === Garbage Collection Statistics =======================================================================================================================
[80.282s][info][gc,stats    ]                                                              Last 10s              Last 10m              Last 10h                Total
[80.282s][info][gc,stats    ]                                                              Avg / Max             Avg / Max             Avg / Max             Avg / Max
[80.282s][info][gc,stats    ]   Collector: Garbage Collection Cycle                     43.625 / 60.124       47.974 / 112.238      47.974 / 112.238      47.974 / 112.238     ms
[80.282s][info][gc,stats    ]  Contention: Mark Segment Reset Contention                     0 / 1                 0 / 3                 0 / 3                 0 / 3           ops/s
[80.282s][info][gc,stats    ]  Contention: Mark SeqNum Reset Contention                      0 / 0                 0 / 1                 0 / 1                 0 / 1           ops/s
[80.282s][info][gc,stats    ]    Critical: Allocation Stall                                  0 / 0                 0 / 0                 0 / 0                 0 / 0           ops/s
[80.282s][info][gc,stats    ]    Critical: Allocation Stall                              0.000 / 0.000         0.000 / 0.000         0.000 / 0.000         0.000 / 0.000       ms
[80.282s][info][gc,stats    ]    Critical: GC Locker Stall                                   0 / 0                 0 / 0                 0 / 0                 0 / 0           ops/s
[80.282s][info][gc,stats    ]    Critical: GC Locker Stall                               0.000 / 0.000         0.000 / 0.000         0.000 / 0.000         0.000 / 0.000       ms
[80.282s][info][gc,stats    ]    Critical: Relocation Stall                                  0 / 0                 0 / 0                 0 / 0                 0 / 0           ops/s
[80.282s][info][gc,stats    ]    Critical: Relocation Stall                              0.000 / 0.000         0.000 / 0.000         0.000 / 0.000         0.000 / 0.000       ms
[80.282s][info][gc,stats    ]      Memory: Allocation Rate                                1852 / 2896           1825 / 2896           1825 / 2896           1825 / 2896        MB/s
[80.282s][info][gc,stats    ]      Memory: Out Of Memory                                     0 / 0                 0 / 0                 0 / 0                 0 / 0           ops/s
[80.282s][info][gc,stats    ]      Memory: Page Cache Flush                                  0 / 0                 0 / 0                 0 / 0                 0 / 0           MB/s
[80.282s][info][gc,stats    ]      Memory: Page Cache Hit L1                               925 / 1448            862 / 1448            862 / 1448            862 / 1448        ops/s
[80.282s][info][gc,stats    ]      Memory: Page Cache Hit L2                                 0 / 0                 0 / 0                 0 / 0                 0 / 0           ops/s
[80.282s][info][gc,stats    ]      Memory: Page Cache Hit L3                                 0 / 0                49 / 604              49 / 604              49 / 604         ops/s
[80.282s][info][gc,stats    ]      Memory: Page Cache Miss                                   0 / 0                 0 / 1                 0 / 1                 0 / 1           ops/s
[80.282s][info][gc,stats    ]      Memory: Uncommit                                          0 / 0                 0 / 0                 0 / 0                 0 / 0           MB/s
[80.282s][info][gc,stats    ]      Memory: Undo Object Allocation Failed                     0 / 0                 0 / 0                 0 / 0                 0 / 0           ops/s
[80.282s][info][gc,stats    ]      Memory: Undo Object Allocation Succeeded                  6 / 57                7 / 103               7 / 103               7 / 103         ops/s
[80.282s][info][gc,stats    ]      Memory: Undo Page Allocation                              0 / 1                 0 / 1                 0 / 1                 0 / 1           ops/s
[80.282s][info][gc,stats    ]       Phase: Concurrent Mark                              18.041 / 29.335       23.127 / 47.334       23.127 / 47.334       23.127 / 47.334      ms
[80.282s][info][gc,stats    ]       Phase: Concurrent Mark Continue                      0.000 / 0.000         0.000 / 0.000         0.000 / 0.000         0.000 / 0.000       ms
[80.282s][info][gc,stats    ]       Phase: Concurrent Mark Free                          0.001 / 0.002         0.001 / 0.002         0.001 / 0.002         0.001 / 0.002       ms
[80.282s][info][gc,stats    ]       Phase: Concurrent Process Non-Strong References      4.774 / 6.367         4.402 / 12.661        4.402 / 12.661        4.402 / 12.661      ms
[80.282s][info][gc,stats    ]       Phase: Concurrent Relocate                           1.810 / 2.248         2.091 / 5.083         2.091 / 5.083         2.091 / 5.083       ms
[80.282s][info][gc,stats    ]       Phase: Concurrent Reset Relocation Set               0.003 / 0.006         0.005 / 0.014         0.005 / 0.014         0.005 / 0.014       ms
[80.282s][info][gc,stats    ]       Phase: Concurrent Select Relocation Set              2.097 / 2.332         2.271 / 3.683         2.271 / 3.683         2.271 / 3.683       ms
[80.282s][info][gc,stats    ]       Phase: Pause Mark End                                0.012 / 0.014         0.016 / 0.029         0.016 / 0.029         0.016 / 0.029       ms
[80.282s][info][gc,stats    ]       Phase: Pause Mark Start                              0.008 / 0.010         0.009 / 0.015         0.009 / 0.015         0.009 / 0.015       ms
[80.282s][info][gc,stats    ]       Phase: Pause Relocate Start                          0.011 / 0.014         0.011 / 0.019         0.011 / 0.019         0.011 / 0.019       ms
[80.282s][info][gc,stats    ]    Subphase: Concurrent Classes Purge                      0.127 / 0.173         0.087 / 0.173         0.087 / 0.173         0.087 / 0.173       ms
[80.282s][info][gc,stats    ]    Subphase: Concurrent Classes Unlink                     1.659 / 2.211         1.423 / 2.225         1.423 / 2.225         1.423 / 2.225       ms
[80.282s][info][gc,stats    ]    Subphase: Concurrent Mark                              14.349 / 28.980       19.209 / 46.797       19.209 / 46.797       19.209 / 46.797      ms
[80.282s][info][gc,stats    ]    Subphase: Concurrent Mark Try Flush                     2.624 / 5.814         3.328 / 23.931        3.328 / 23.931        3.328 / 23.931      ms
[80.282s][info][gc,stats    ]    Subphase: Concurrent Mark Try Terminate                 3.533 / 15.539        4.248 / 15.790        4.248 / 15.790        4.248 / 15.790      ms
[80.282s][info][gc,stats    ]    Subphase: Concurrent References Enqueue                 0.002 / 0.004         0.002 / 0.009         0.002 / 0.009         0.002 / 0.009       ms
[80.282s][info][gc,stats    ]    Subphase: Concurrent References Process                 0.060 / 0.084         0.060 / 0.133         0.060 / 0.133         0.060 / 0.133       ms
[80.282s][info][gc,stats    ]    Subphase: Concurrent Roots ClassLoaderDataGraph         0.073 / 0.172         0.075 / 0.251         0.075 / 0.251         0.075 / 0.251       ms
[80.282s][info][gc,stats    ]    Subphase: Concurrent Roots CodeCache                    0.000 / 0.000         0.000 / 0.000         0.000 / 0.000         0.000 / 0.000       ms
[80.282s][info][gc,stats    ]    Subphase: Concurrent Roots JavaThreads                  0.333 / 0.481         0.311 / 0.495         0.311 / 0.495         0.311 / 0.495       ms
[80.282s][info][gc,stats    ]    Subphase: Concurrent Roots OopStorageSet                0.012 / 0.017         0.017 / 0.087         0.017 / 0.087         0.017 / 0.087       ms
[80.282s][info][gc,stats    ]    Subphase: Concurrent Weak Roots OopStorageSet           0.136 / 0.358         0.163 / 0.358         0.163 / 0.358         0.163 / 0.358       ms
[80.282s][info][gc,stats    ]    Subphase: Pause Mark Try Complete                       0.000 / 0.000         0.000 / 0.000         0.000 / 0.000         0.000 / 0.000       ms
[80.282s][info][gc,stats    ]      System: Java Threads                                     17 / 19               17 / 20               17 / 20               17 / 20          threads
[80.282s][info][gc,stats    ] =========================================================================================================================================================
[81.282s][info][gc,start    ] GC(26) Garbage Collection (System.gc())
[81.282s][info][gc,task     ] GC(26) Using 2 workers
[81.282s][info][gc,phases   ] GC(26) Pause Mark Start 0.009ms
[81.293s][info][gc,phases   ] GC(26) Concurrent Mark 10.497ms
[81.293s][info][gc,phases   ] GC(26) Pause Mark End 0.013ms
[81.293s][info][gc,phases   ] GC(26) Concurrent Mark Free 0.001ms
[81.295s][info][gc,phases   ] GC(26) Concurrent Process Non-Strong References 1.840ms
[81.295s][info][gc,phases   ] GC(26) Concurrent Reset Relocation Set 0.005ms
[81.297s][info][gc,phases   ] GC(26) Concurrent Select Relocation Set 1.720ms
[81.297s][info][gc,phases   ] GC(26) Pause Relocate Start 0.009ms
[81.298s][info][gc,phases   ] GC(26) Concurrent Relocate 0.747ms
[81.298s][info][gc,load     ] GC(26) Load: 0.00/0.00/0.00
[81.298s][info][gc,mmu      ] GC(26) MMU: 2ms/98.5%, 5ms/99.3%, 10ms/99.7%, 20ms/99.8%, 50ms/99.9%, 100ms/99.9%
[81.298s][info][gc,marking  ] GC(26) Mark: 2 stripe(s), 1 proactive flush(es), 1 terminate flush(es), 0 completion(s), 0 continuation(s) 
[81.298s][info][gc,marking  ] GC(26) Mark Stack Usage: 32M
[81.298s][info][gc,nmethod  ] GC(26) NMethods: 1661 registered, 0 unregistered
[81.298s][info][gc,metaspace] GC(26) Metaspace: 6M used, 6M committed, 1088M reserved
[81.298s][info][gc,ref      ] GC(26) Soft: 249 encountered, 0 discovered, 0 enqueued
[81.298s][info][gc,ref      ] GC(26) Weak: 443 encountered, 13 discovered, 0 enqueued
[81.298s][info][gc,ref      ] GC(26) Final: 9 encountered, 1 discovered, 0 enqueued
[81.298s][info][gc,ref      ] GC(26) Phantom: 20 encountered, 12 discovered, 1 enqueued
[81.298s][info][gc,reloc    ] GC(26) Small Pages: 1882 / 3764M, Empty: 3754M, Relocated: 1M, In-Place: 0
[81.298s][info][gc,reloc    ] GC(26) Medium Pages: 1 / 32M, Empty: 32M, Relocated: 0M, In-Place: 0
[81.298s][info][gc,reloc    ] GC(26) Large Pages: 4 / 24M, Empty: 12M, Relocated: 0M, In-Place: 0
[81.298s][info][gc,reloc    ] GC(26) Forwarding Usage: 0M
[81.298s][info][gc,heap     ] GC(26) Min Capacity: 8192M(100%)
[81.298s][info][gc,heap     ] GC(26) Max Capacity: 8192M(100%)
[81.298s][info][gc,heap     ] GC(26) Soft Max Capacity: 8192M(100%)
[81.298s][info][gc,heap     ] GC(26)                Mark Start          Mark End        Relocate Start      Relocate End           High               Low         
[81.298s][info][gc,heap     ] GC(26)  Capacity:     8192M (100%)       8192M (100%)       8192M (100%)       8192M (100%)       8192M (100%)       8192M (100%)   
[81.298s][info][gc,heap     ] GC(26)      Free:     4372M (53%)        4372M (53%)        8170M (100%)       8172M (100%)       8172M (100%)       4372M (53%)    
[81.298s][info][gc,heap     ] GC(26)      Used:     3820M (47%)        3820M (47%)          22M (0%)           20M (0%)         3820M (47%)          20M (0%)     
[81.298s][info][gc,heap     ] GC(26)      Live:         -                16M (0%)           16M (0%)           16M (0%)             -                  -          
[81.298s][info][gc,heap     ] GC(26) Allocated:         -                 0M (0%)            0M (0%)            0M (0%)             -                  -          
[81.298s][info][gc,heap     ] GC(26)   Garbage:         -              3803M (46%)           5M (0%)            3M (0%)             -                  -          
[81.298s][info][gc,heap     ] GC(26) Reclaimed:         -                  -              3798M (46%)        3800M (46%)            -                  -          
[81.298s][info][gc          ] GC(26) Garbage Collection (System.gc()) 3820M(47%)->20M(0%)
[84.074s][info][gc,start    ] GC(27) Garbage Collection (Allocation Rate)
[84.074s][info][gc,task     ] GC(27) Using 1 workers
[84.075s][info][gc,phases   ] GC(27) Pause Mark Start 0.007ms
[84.102s][info][gc,phases   ] GC(27) Concurrent Mark 26.055ms
[84.103s][info][gc,phases   ] GC(27) Pause Mark End 0.023ms
[84.111s][info][gc,phases   ] GC(27) Concurrent Mark Free 0.001ms
[84.114s][info][gc,phases   ] GC(27) Concurrent Process Non-Strong References 3.566ms
[84.114s][info][gc,phases   ] GC(27) Concurrent Reset Relocation Set 0.001ms
[84.117s][info][gc,phases   ] GC(27) Concurrent Select Relocation Set 2.392ms
[84.117s][info][gc,phases   ] GC(27) Pause Relocate Start 0.015ms
[84.126s][info][gc,phases   ] GC(27) Concurrent Relocate 3.566ms
[84.126s][info][gc,load     ] GC(27) Load: 0.00/0.00/0.00
[84.126s][info][gc,mmu      ] GC(27) MMU: 2ms/98.5%, 5ms/99.3%, 10ms/99.7%, 20ms/99.8%, 50ms/99.9%, 100ms/99.9%
[84.126s][info][gc,marking  ] GC(27) Mark: 1 stripe(s), 2 proactive flush(es), 1 terminate flush(es), 0 completion(s), 0 continuation(s) 
[84.126s][info][gc,marking  ] GC(27) Mark Stack Usage: 32M
[84.126s][info][gc,nmethod  ] GC(27) NMethods: 1669 registered, 0 unregistered
[84.126s][info][gc,metaspace] GC(27) Metaspace: 6M used, 6M committed, 1088M reserved
[84.126s][info][gc,ref      ] GC(27) Soft: 249 encountered, 0 discovered, 0 enqueued
[84.126s][info][gc,ref      ] GC(27) Weak: 443 encountered, 193 discovered, 0 enqueued
[84.126s][info][gc,ref      ] GC(27) Final: 9 encountered, 7 discovered, 0 enqueued
[84.126s][info][gc,ref      ] GC(27) Phantom: 21 encountered, 14 discovered, 0 enqueued
[84.126s][info][gc,reloc    ] GC(27) Small Pages: 3699 / 7398M, Empty: 7188M, Relocated: 3M, In-Place: 0
[84.126s][info][gc,reloc    ] GC(27) Medium Pages: 0 / 0M, Empty: 0M, Relocated: 0M, In-Place: 0
[84.126s][info][gc,reloc    ] GC(27) Large Pages: 2 / 12M, Empty: 0M, Relocated: 0M, In-Place: 0
[84.126s][info][gc,reloc    ] GC(27) Forwarding Usage: 1M
[84.126s][info][gc,heap     ] GC(27) Min Capacity: 8192M(100%)
[84.126s][info][gc,heap     ] GC(27) Max Capacity: 8192M(100%)
[84.126s][info][gc,heap     ] GC(27) Soft Max Capacity: 8192M(100%)
[84.126s][info][gc,heap     ] GC(27)                Mark Start          Mark End        Relocate Start      Relocate End           High               Low         
[84.126s][info][gc,heap     ] GC(27)  Capacity:     8192M (100%)       8192M (100%)       8192M (100%)       8192M (100%)       8192M (100%)       8192M (100%)   
[84.126s][info][gc,heap     ] GC(27)      Free:      782M (10%)         714M (9%)         7866M (96%)        8052M (98%)        8052M (98%)         684M (8%)     
[84.126s][info][gc,heap     ] GC(27)      Used:     7410M (90%)        7478M (91%)         326M (4%)          140M (2%)         7508M (92%)         140M (2%)     
[84.126s][info][gc,heap     ] GC(27)      Live:         -                19M (0%)           19M (0%)           19M (0%)             -                  -          
[84.126s][info][gc,heap     ] GC(27) Allocated:         -                68M (1%)          104M (1%)          117M (1%)             -                  -          
[84.126s][info][gc,heap     ] GC(27)   Garbage:         -              7390M (90%)         202M (2%)            3M (0%)             -                  -          
[84.126s][info][gc,heap     ] GC(27) Reclaimed:         -                  -              7188M (88%)        7387M (90%)            -                  -          
[84.126s][info][gc          ] GC(27) Garbage Collection (Allocation Rate) 7410M(90%)->140M(2%)
[87.674s][info][gc,start    ] GC(28) Garbage Collection (Proactive)
[87.675s][info][gc,task     ] GC(28) Using 2 workers
[87.675s][info][gc,phases   ] GC(28) Pause Mark Start 0.009ms
[87.722s][info][gc,phases   ] GC(28) Concurrent Mark 41.094ms
[87.722s][info][gc,phases   ] GC(28) Pause Mark End 0.015ms
[87.732s][info][gc,phases   ] GC(28) Concurrent Mark Free 0.001ms
[87.737s][info][gc,phases   ] GC(28) Concurrent Process Non-Strong References 5.820ms
[87.737s][info][gc,phases   ] GC(28) Concurrent Reset Relocation Set 0.008ms
[87.739s][info][gc,phases   ] GC(28) Concurrent Select Relocation Set 1.899ms
[87.739s][info][gc,phases   ] GC(28) Pause Relocate Start 0.008ms
[87.751s][info][gc,phases   ] GC(28) Concurrent Relocate 1.501ms
[87.751s][info][gc,load     ] GC(28) Load: 0.00/0.00/0.00
[87.751s][info][gc,mmu      ] GC(28) MMU: 2ms/98.5%, 5ms/99.3%, 10ms/99.7%, 20ms/99.8%, 50ms/99.9%, 100ms/99.9%
[87.751s][info][gc,marking  ] GC(28) Mark: 2 stripe(s), 2 proactive flush(es), 1 terminate flush(es), 0 completion(s), 0 continuation(s) 
[87.751s][info][gc,marking  ] GC(28) Mark Stack Usage: 32M
[87.751s][info][gc,nmethod  ] GC(28) NMethods: 1669 registered, 0 unregistered
[87.751s][info][gc,metaspace] GC(28) Metaspace: 6M used, 6M committed, 1088M reserved
[87.751s][info][gc,ref      ] GC(28) Soft: 249 encountered, 0 discovered, 0 enqueued
[87.751s][info][gc,ref      ] GC(28) Weak: 443 encountered, 120 discovered, 0 enqueued
[87.751s][info][gc,ref      ] GC(28) Final: 9 encountered, 3 discovered, 0 enqueued
[87.751s][info][gc,ref      ] GC(28) Phantom: 21 encountered, 12 discovered, 0 enqueued
[87.751s][info][gc,reloc    ] GC(28) Small Pages: 2841 / 5682M, Empty: 5570M, Relocated: 3M, In-Place: 0
[87.751s][info][gc,reloc    ] GC(28) Medium Pages: 0 / 0M, Empty: 0M, Relocated: 0M, In-Place: 0
[87.751s][info][gc,reloc    ] GC(28) Large Pages: 2 / 12M, Empty: 0M, Relocated: 0M, In-Place: 0
[87.751s][info][gc,reloc    ] GC(28) Forwarding Usage: 1M
[87.751s][info][gc,heap     ] GC(28) Min Capacity: 8192M(100%)
[87.751s][info][gc,heap     ] GC(28) Max Capacity: 8192M(100%)
[87.751s][info][gc,heap     ] GC(28) Soft Max Capacity: 8192M(100%)
[87.751s][info][gc,heap     ] GC(28)                Mark Start          Mark End        Relocate Start      Relocate End           High               Low         
[87.751s][info][gc,heap     ] GC(28)  Capacity:     8192M (100%)       8192M (100%)       8192M (100%)       8192M (100%)       8192M (100%)       8192M (100%)   
[87.751s][info][gc,heap     ] GC(28)      Free:     2498M (30%)        2422M (30%)        7968M (97%)        8054M (98%)        8054M (98%)        2398M (29%)    
[87.751s][info][gc,heap     ] GC(28)      Used:     5694M (70%)        5770M (70%)         224M (3%)          138M (2%)         5794M (71%)         138M (2%)     
[87.751s][info][gc,heap     ] GC(28)      Live:         -                19M (0%)           19M (0%)           19M (0%)             -                  -          
[87.751s][info][gc,heap     ] GC(28) Allocated:         -                76M (1%)          100M (1%)          115M (1%)             -                  -          
[87.751s][info][gc,heap     ] GC(28)   Garbage:         -              5674M (69%)         104M (1%)            3M (0%)             -                  -          
[87.751s][info][gc,heap     ] GC(28) Reclaimed:         -                  -              5570M (68%)        5671M (69%)            -                  -          
[87.751s][info][gc          ] GC(28) Garbage Collection (Proactive) 5694M(70%)->138M(2%)
[90.275s][info][gc,stats    ] === Garbage Collection Statistics =======================================================================================================================
[90.276s][info][gc,stats    ]                                                              Last 10s              Last 10m              Last 10h                Total
[90.276s][info][gc,stats    ]                                                              Avg / Max             Avg / Max             Avg / Max             Avg / Max
[90.276s][info][gc,stats    ]   Collector: Garbage Collection Cycle                     47.827 / 76.446       47.959 / 112.238      47.959 / 112.238      47.959 / 112.238     ms
[90.276s][info][gc,stats    ]  Contention: Mark Segment Reset Contention                     0 / 0                 0 / 3                 0 / 3                 0 / 3           ops/s
[90.276s][info][gc,stats    ]  Contention: Mark SeqNum Reset Contention                      0 / 1                 0 / 1                 0 / 1                 0 / 1           ops/s
[90.276s][info][gc,stats    ]    Critical: Allocation Stall                                  0 / 0                 0 / 0                 0 / 0                 0 / 0           ops/s
[90.276s][info][gc,stats    ]    Critical: Allocation Stall                              0.000 / 0.000         0.000 / 0.000         0.000 / 0.000         0.000 / 0.000       ms
[90.276s][info][gc,stats    ]    Critical: GC Locker Stall                                   0 / 0                 0 / 0                 0 / 0                 0 / 0           ops/s
[90.276s][info][gc,stats    ]    Critical: GC Locker Stall                               0.000 / 0.000         0.000 / 0.000         0.000 / 0.000         0.000 / 0.000       ms
[90.276s][info][gc,stats    ]    Critical: Relocation Stall                                  0 / 0                 0 / 0                 0 / 0                 0 / 0           ops/s
[90.276s][info][gc,stats    ]    Critical: Relocation Stall                              0.000 / 0.000         0.000 / 0.000         0.000 / 0.000         0.000 / 0.000       ms
[90.276s][info][gc,stats    ]      Memory: Allocation Rate                                1859 / 2676           1829 / 2896           1829 / 2896           1829 / 2896        MB/s
[90.276s][info][gc,stats    ]      Memory: Out Of Memory                                     0 / 0                 0 / 0                 0 / 0                 0 / 0           ops/s
[90.276s][info][gc,stats    ]      Memory: Page Cache Flush                                  0 / 0                 0 / 0                 0 / 0                 0 / 0           MB/s
[90.276s][info][gc,stats    ]      Memory: Page Cache Hit L1                               928 / 1340            869 / 1448            869 / 1448            869 / 1448        ops/s
[90.276s][info][gc,stats    ]      Memory: Page Cache Hit L2                                 0 / 0                 0 / 0                 0 / 0                 0 / 0           ops/s
[90.276s][info][gc,stats    ]      Memory: Page Cache Hit L3                                 0 / 0                43 / 604              43 / 604              43 / 604         ops/s
[90.276s][info][gc,stats    ]      Memory: Page Cache Miss                                   0 / 0                 0 / 1                 0 / 1                 0 / 1           ops/s
[90.276s][info][gc,stats    ]      Memory: Uncommit                                          0 / 0                 0 / 0                 0 / 0                 0 / 0           MB/s
[90.276s][info][gc,stats    ]      Memory: Undo Object Allocation Failed                     0 / 0                 0 / 0                 0 / 0                 0 / 0           ops/s
[90.276s][info][gc,stats    ]      Memory: Undo Object Allocation Succeeded                  7 / 61                7 / 103               7 / 103               7 / 103         ops/s
[90.276s][info][gc,stats    ]      Memory: Undo Page Allocation                              0 / 1                 0 / 1                 0 / 1                 0 / 1           ops/s
[90.276s][info][gc,stats    ]       Phase: Concurrent Mark                              25.882 / 41.094       23.412 / 47.334       23.412 / 47.334       23.412 / 47.334      ms
[90.276s][info][gc,stats    ]       Phase: Concurrent Mark Continue                      0.000 / 0.000         0.000 / 0.000         0.000 / 0.000         0.000 / 0.000       ms
[90.276s][info][gc,stats    ]       Phase: Concurrent Mark Free                          0.001 / 0.001         0.001 / 0.002         0.001 / 0.002         0.001 / 0.002       ms
[90.276s][info][gc,stats    ]       Phase: Concurrent Process Non-Strong References      3.742 / 5.820         4.333 / 12.661        4.333 / 12.661        4.333 / 12.661      ms
[90.276s][info][gc,stats    ]       Phase: Concurrent Relocate                           1.938 / 3.566         2.075 / 5.083         2.075 / 5.083         2.075 / 5.083       ms
[90.276s][info][gc,stats    ]       Phase: Concurrent Reset Relocation Set               0.005 / 0.008         0.005 / 0.014         0.005 / 0.014         0.005 / 0.014       ms
[90.276s][info][gc,stats    ]       Phase: Concurrent Select Relocation Set              2.004 / 2.392         2.244 / 3.683         2.244 / 3.683         2.244 / 3.683       ms
[90.276s][info][gc,stats    ]       Phase: Pause Mark End                                0.017 / 0.023         0.016 / 0.029         0.016 / 0.029         0.016 / 0.029       ms
[90.276s][info][gc,stats    ]       Phase: Pause Mark Start                              0.009 / 0.009         0.009 / 0.015         0.009 / 0.015         0.009 / 0.015       ms
[90.276s][info][gc,stats    ]       Phase: Pause Relocate Start                          0.010 / 0.015         0.011 / 0.019         0.011 / 0.019         0.011 / 0.019       ms
[90.276s][info][gc,stats    ]    Subphase: Concurrent Classes Purge                      0.084 / 0.092         0.087 / 0.173         0.087 / 0.173         0.087 / 0.173       ms
[90.276s][info][gc,stats    ]    Subphase: Concurrent Classes Unlink                     1.599 / 2.397         1.441 / 2.397         1.441 / 2.397         1.441 / 2.397       ms
[90.276s][info][gc,stats    ]    Subphase: Concurrent Mark                              21.299 / 40.717       19.427 / 46.797       19.427 / 46.797       19.427 / 46.797      ms
[90.276s][info][gc,stats    ]    Subphase: Concurrent Mark Try Flush                     4.143 / 19.139        3.408 / 23.931        3.408 / 23.931        3.408 / 23.931      ms
[90.276s][info][gc,stats    ]    Subphase: Concurrent Mark Try Terminate                 4.938 / 15.733        4.325 / 15.790        4.325 / 15.790        4.325 / 15.790      ms
[90.276s][info][gc,stats    ]    Subphase: Concurrent References Enqueue                 0.001 / 0.003         0.002 / 0.009         0.002 / 0.009         0.002 / 0.009       ms
[90.276s][info][gc,stats    ]    Subphase: Concurrent References Process                 0.080 / 0.141         0.062 / 0.141         0.062 / 0.141         0.062 / 0.141       ms
[90.276s][info][gc,stats    ]    Subphase: Concurrent Roots ClassLoaderDataGraph         0.074 / 0.161         0.075 / 0.251         0.075 / 0.251         0.075 / 0.251       ms
[90.276s][info][gc,stats    ]    Subphase: Concurrent Roots CodeCache                    0.000 / 0.000         0.000 / 0.000         0.000 / 0.000         0.000 / 0.000       ms
[90.276s][info][gc,stats    ]    Subphase: Concurrent Roots JavaThreads                  0.332 / 0.482         0.313 / 0.495         0.313 / 0.495         0.313 / 0.495       ms
[90.276s][info][gc,stats    ]    Subphase: Concurrent Roots OopStorageSet                0.012 / 0.016         0.017 / 0.087         0.017 / 0.087         0.017 / 0.087       ms
[90.276s][info][gc,stats    ]    Subphase: Concurrent Weak Roots OopStorageSet           0.164 / 0.328         0.163 / 0.358         0.163 / 0.358         0.163 / 0.358       ms
[90.276s][info][gc,stats    ]    Subphase: Pause Mark Try Complete                       0.000 / 0.000         0.000 / 0.000         0.000 / 0.000         0.000 / 0.000       ms
[90.276s][info][gc,stats    ]      System: Java Threads                                     17 / 19               17 / 20               17 / 20               17 / 20          threads
[90.276s][info][gc,stats    ] =========================================================================================================================================================
[91.230s][info][gc,start    ] GC(29) Garbage Collection (System.gc())
[91.230s][info][gc,task     ] GC(29) Using 2 workers
[91.230s][info][gc,phases   ] GC(29) Pause Mark Start 0.010ms
[91.240s][info][gc,phases   ] GC(29) Concurrent Mark 10.492ms
[91.241s][info][gc,phases   ] GC(29) Pause Mark End 0.013ms
[91.241s][info][gc,phases   ] GC(29) Concurrent Mark Free 0.002ms
[91.243s][info][gc,phases   ] GC(29) Concurrent Process Non-Strong References 2.046ms
[91.243s][info][gc,phases   ] GC(29) Concurrent Reset Relocation Set 0.004ms
[91.244s][info][gc,phases   ] GC(29) Concurrent Select Relocation Set 1.460ms
[91.244s][info][gc,phases   ] GC(29) Pause Relocate Start 0.006ms
[91.245s][info][gc,phases   ] GC(29) Concurrent Relocate 0.853ms
[91.245s][info][gc,load     ] GC(29) Load: 0.00/0.00/0.00
[91.245s][info][gc,mmu      ] GC(29) MMU: 2ms/98.5%, 5ms/99.3%, 10ms/99.7%, 20ms/99.8%, 50ms/99.9%, 100ms/99.9%
[91.245s][info][gc,marking  ] GC(29) Mark: 2 stripe(s), 1 proactive flush(es), 1 terminate flush(es), 0 completion(s), 0 continuation(s) 
[91.245s][info][gc,marking  ] GC(29) Mark Stack Usage: 32M
[91.245s][info][gc,nmethod  ] GC(29) NMethods: 1670 registered, 0 unregistered
[91.245s][info][gc,metaspace] GC(29) Metaspace: 6M used, 6M committed, 1088M reserved
[91.245s][info][gc,ref      ] GC(29) Soft: 249 encountered, 0 discovered, 0 enqueued
[91.245s][info][gc,ref      ] GC(29) Weak: 443 encountered, 17 discovered, 0 enqueued
[91.245s][info][gc,ref      ] GC(29) Final: 9 encountered, 0 discovered, 0 enqueued
[91.245s][info][gc,ref      ] GC(29) Phantom: 20 encountered, 12 discovered, 1 enqueued
[91.245s][info][gc,reloc    ] GC(29) Small Pages: 2675 / 5350M, Empty: 5340M, Relocated: 1M, In-Place: 0
[91.245s][info][gc,reloc    ] GC(29) Medium Pages: 1 / 32M, Empty: 32M, Relocated: 0M, In-Place: 0
[91.245s][info][gc,reloc    ] GC(29) Large Pages: 4 / 24M, Empty: 12M, Relocated: 0M, In-Place: 0
[91.245s][info][gc,reloc    ] GC(29) Forwarding Usage: 0M
[91.245s][info][gc,heap     ] GC(29) Min Capacity: 8192M(100%)
[91.245s][info][gc,heap     ] GC(29) Max Capacity: 8192M(100%)
[91.245s][info][gc,heap     ] GC(29) Soft Max Capacity: 8192M(100%)
[91.245s][info][gc,heap     ] GC(29)                Mark Start          Mark End        Relocate Start      Relocate End           High               Low         
[91.245s][info][gc,heap     ] GC(29)  Capacity:     8192M (100%)       8192M (100%)       8192M (100%)       8192M (100%)       8192M (100%)       8192M (100%)   
[91.245s][info][gc,heap     ] GC(29)      Free:     2786M (34%)        2786M (34%)        8170M (100%)       8172M (100%)       8172M (100%)       2786M (34%)    
[91.245s][info][gc,heap     ] GC(29)      Used:     5406M (66%)        5406M (66%)          22M (0%)           20M (0%)         5406M (66%)          20M (0%)     
[91.245s][info][gc,heap     ] GC(29)      Live:         -                16M (0%)           16M (0%)           16M (0%)             -                  -          
[91.245s][info][gc,heap     ] GC(29) Allocated:         -                 0M (0%)            0M (0%)            0M (0%)             -                  -          
[91.246s][info][gc,heap     ] GC(29)   Garbage:         -              5389M (66%)           5M (0%)            3M (0%)             -                  -          
[91.246s][info][gc,heap     ] GC(29) Reclaimed:         -                  -              5384M (66%)        5386M (66%)            -                  -          
[91.246s][info][gc          ] GC(29) Garbage Collection (System.gc()) 5406M(66%)->20M(0%)
[93.973s][info][gc,start    ] GC(30) Garbage Collection (Allocation Rate)
[93.973s][info][gc,task     ] GC(30) Using 1 workers
[93.973s][info][gc,phases   ] GC(30) Pause Mark Start 0.008ms
[94.020s][info][gc,phases   ] GC(30) Concurrent Mark 43.196ms
[94.020s][info][gc,phases   ] GC(30) Pause Mark End 0.032ms
[94.023s][info][gc,phases   ] GC(30) Concurrent Mark Free 0.002ms
[94.028s][info][gc,phases   ] GC(30) Concurrent Process Non-Strong References 5.250ms
[94.028s][info][gc,phases   ] GC(30) Concurrent Reset Relocation Set 0.001ms
[94.031s][info][gc,phases   ] GC(30) Concurrent Select Relocation Set 3.037ms
[94.032s][info][gc,phases   ] GC(30) Pause Relocate Start 0.013ms
[94.037s][info][gc,phases   ] GC(30) Concurrent Relocate 3.873ms
[94.037s][info][gc,load     ] GC(30) Load: 0.00/0.00/0.00
[94.037s][info][gc,mmu      ] GC(30) MMU: 2ms/98.4%, 5ms/99.3%, 10ms/99.7%, 20ms/99.8%, 50ms/99.9%, 100ms/99.9%
[94.037s][info][gc,marking  ] GC(30) Mark: 1 stripe(s), 2 proactive flush(es), 1 terminate flush(es), 0 completion(s), 0 continuation(s) 
[94.037s][info][gc,marking  ] GC(30) Mark Stack Usage: 32M
[94.037s][info][gc,nmethod  ] GC(30) NMethods: 1689 registered, 0 unregistered
[94.037s][info][gc,metaspace] GC(30) Metaspace: 6M used, 6M committed, 1088M reserved
[94.037s][info][gc,ref      ] GC(30) Soft: 249 encountered, 0 discovered, 0 enqueued
[94.037s][info][gc,ref      ] GC(30) Weak: 443 encountered, 193 discovered, 0 enqueued
[94.037s][info][gc,ref      ] GC(30) Final: 9 encountered, 7 discovered, 0 enqueued
[94.037s][info][gc,ref      ] GC(30) Phantom: 21 encountered, 14 discovered, 0 enqueued
[94.037s][info][gc,reloc    ] GC(30) Small Pages: 3665 / 7330M, Empty: 7076M, Relocated: 3M, In-Place: 0
[94.037s][info][gc,reloc    ] GC(30) Medium Pages: 0 / 0M, Empty: 0M, Relocated: 0M, In-Place: 0
[94.037s][info][gc,reloc    ] GC(30) Large Pages: 2 / 12M, Empty: 0M, Relocated: 0M, In-Place: 0
[94.037s][info][gc,reloc    ] GC(30) Forwarding Usage: 1M
[94.037s][info][gc,heap     ] GC(30) Min Capacity: 8192M(100%)
[94.037s][info][gc,heap     ] GC(30) Max Capacity: 8192M(100%)
[94.037s][info][gc,heap     ] GC(30) Soft Max Capacity: 8192M(100%)
[94.037s][info][gc,heap     ] GC(30)                Mark Start          Mark End        Relocate Start      Relocate End           High               Low         
[94.037s][info][gc,heap     ] GC(30)  Capacity:     8192M (100%)       8192M (100%)       8192M (100%)       8192M (100%)       8192M (100%)       8192M (100%)   
[94.037s][info][gc,heap     ] GC(30)      Free:      850M (10%)         734M (9%)         7784M (95%)        8020M (98%)        8020M (98%)         716M (9%)     
[94.037s][info][gc,heap     ] GC(30)      Used:     7342M (90%)        7458M (91%)         408M (5%)          172M (2%)         7476M (91%)         172M (2%)     
[94.037s][info][gc,heap     ] GC(30)      Live:         -                19M (0%)           19M (0%)           19M (0%)             -                  -          
[94.037s][info][gc,heap     ] GC(30) Allocated:         -               116M (1%)          142M (2%)          149M (2%)             -                  -          
[94.037s][info][gc,heap     ] GC(30)   Garbage:         -              7322M (89%)         246M (3%)            2M (0%)             -                  -          
[94.037s][info][gc,heap     ] GC(30) Reclaimed:         -                  -              7076M (86%)        7319M (89%)            -                  -          
[94.037s][info][gc          ] GC(30) Garbage Collection (Allocation Rate) 7342M(90%)->172M(2%)
[98.173s][info][gc,start    ] GC(31) Garbage Collection (Allocation Rate)
[98.173s][info][gc,task     ] GC(31) Using 1 workers
[98.173s][info][gc,phases   ] GC(31) Pause Mark Start 0.008ms
[98.191s][info][gc,phases   ] GC(31) Concurrent Mark 15.799ms
[98.191s][info][gc,phases   ] GC(31) Pause Mark End 0.015ms
[98.193s][info][gc,phases   ] GC(31) Concurrent Mark Free 0.001ms
[98.205s][info][gc,phases   ] GC(31) Concurrent Process Non-Strong References 11.857ms
[98.205s][info][gc,phases   ] GC(31) Concurrent Reset Relocation Set 0.007ms
[98.207s][info][gc,phases   ] GC(31) Concurrent Select Relocation Set 2.282ms
[98.207s][info][gc,phases   ] GC(31) Pause Relocate Start 0.009ms
[98.212s][info][gc,phases   ] GC(31) Concurrent Relocate 2.817ms
[98.212s][info][gc,load     ] GC(31) Load: 0.00/0.00/0.00
[98.212s][info][gc,mmu      ] GC(31) MMU: 2ms/98.4%, 5ms/99.3%, 10ms/99.7%, 20ms/99.8%, 50ms/99.9%, 100ms/99.9%
[98.212s][info][gc,marking  ] GC(31) Mark: 1 stripe(s), 2 proactive flush(es), 1 terminate flush(es), 0 completion(s), 0 continuation(s) 
[98.212s][info][gc,marking  ] GC(31) Mark Stack Usage: 32M
[98.212s][info][gc,nmethod  ] GC(31) NMethods: 1689 registered, 0 unregistered
[98.212s][info][gc,metaspace] GC(31) Metaspace: 6M used, 6M committed, 1088M reserved
[98.212s][info][gc,ref      ] GC(31) Soft: 249 encountered, 0 discovered, 0 enqueued
[98.212s][info][gc,ref      ] GC(31) Weak: 443 encountered, 193 discovered, 0 enqueued
[98.212s][info][gc,ref      ] GC(31) Final: 9 encountered, 7 discovered, 0 enqueued
[98.212s][info][gc,ref      ] GC(31) Phantom: 21 encountered, 14 discovered, 0 enqueued
[98.212s][info][gc,reloc    ] GC(31) Small Pages: 3797 / 7594M, Empty: 7396M, Relocated: 3M, In-Place: 0
[98.212s][info][gc,reloc    ] GC(31) Medium Pages: 0 / 0M, Empty: 0M, Relocated: 0M, In-Place: 0
[98.212s][info][gc,reloc    ] GC(31) Large Pages: 2 / 12M, Empty: 0M, Relocated: 0M, In-Place: 0
[98.212s][info][gc,reloc    ] GC(31) Forwarding Usage: 1M
[98.212s][info][gc,heap     ] GC(31) Min Capacity: 8192M(100%)
[98.212s][info][gc,heap     ] GC(31) Max Capacity: 8192M(100%)
[98.212s][info][gc,heap     ] GC(31) Soft Max Capacity: 8192M(100%)
[98.212s][info][gc,heap     ] GC(31)                Mark Start          Mark End        Relocate Start      Relocate End           High               Low         
[98.212s][info][gc,heap     ] GC(31)  Capacity:     8192M (100%)       8192M (100%)       8192M (100%)       8192M (100%)       8192M (100%)       8192M (100%)   
[98.212s][info][gc,heap     ] GC(31)      Free:      586M (7%)          554M (7%)         7918M (97%)        8106M (99%)        8106M (99%)         530M (6%)     
[98.212s][info][gc,heap     ] GC(31)      Used:     7606M (93%)        7638M (93%)         274M (3%)           86M (1%)         7662M (94%)          86M (1%)     
[98.212s][info][gc,heap     ] GC(31)      Live:         -                19M (0%)           19M (0%)           19M (0%)             -                  -          
[98.212s][info][gc,heap     ] GC(31) Allocated:         -                32M (0%)           64M (1%)           63M (1%)             -                  -          
[98.212s][info][gc,heap     ] GC(31)   Garbage:         -              7586M (93%)         190M (2%)            3M (0%)             -                  -          
[98.212s][info][gc,heap     ] GC(31) Reclaimed:         -                  -              7396M (90%)        7583M (93%)            -                  -          
[98.212s][info][gc          ] GC(31) Garbage Collection (Allocation Rate) 7606M(93%)->86M(1%)
[100.286s][info][gc,stats    ] === Garbage Collection Statistics =======================================================================================================================
[100.286s][info][gc,stats    ]                                                              Last 10s              Last 10m              Last 10h                Total
[100.286s][info][gc,stats    ]                                                              Avg / Max             Avg / Max             Avg / Max             Avg / Max
[100.286s][info][gc,stats    ]   Collector: Garbage Collection Cycle                     39.769 / 64.309       47.191 / 112.238      47.191 / 112.238      47.191 / 112.238     ms
[100.286s][info][gc,stats    ]  Contention: Mark Segment Reset Contention                     0 / 0                 0 / 3                 0 / 3                 0 / 3           ops/s
[100.286s][info][gc,stats    ]  Contention: Mark SeqNum Reset Contention                      0 / 0                 0 / 1                 0 / 1                 0 / 1           ops/s
[100.286s][info][gc,stats    ]    Critical: Allocation Stall                                  0 / 0                 0 / 0                 0 / 0                 0 / 0           ops/s
[100.286s][info][gc,stats    ]    Critical: Allocation Stall                              0.000 / 0.000         0.000 / 0.000         0.000 / 0.000         0.000 / 0.000       ms
[100.286s][info][gc,stats    ]    Critical: GC Locker Stall                                   0 / 0                 0 / 0                 0 / 0                 0 / 0           ops/s
[100.286s][info][gc,stats    ]    Critical: GC Locker Stall                               0.000 / 0.000         0.000 / 0.000         0.000 / 0.000         0.000 / 0.000       ms
[100.286s][info][gc,stats    ]    Critical: Relocation Stall                                  0 / 0                 0 / 0                 0 / 0                 0 / 0           ops/s
[100.286s][info][gc,stats    ]    Critical: Relocation Stall                              0.000 / 0.000         0.000 / 0.000         0.000 / 0.000         0.000 / 0.000       ms
[100.286s][info][gc,stats    ]      Memory: Allocation Rate                                1895 / 2734           1835 / 2896           1835 / 2896           1835 / 2896        MB/s
[100.286s][info][gc,stats    ]      Memory: Out Of Memory                                     0 / 0                 0 / 0                 0 / 0                 0 / 0           ops/s
[100.286s][info][gc,stats    ]      Memory: Page Cache Flush                                  0 / 0                 0 / 0                 0 / 0                 0 / 0           MB/s
[100.286s][info][gc,stats    ]      Memory: Page Cache Hit L1                               946 / 1367            877 / 1448            877 / 1448            877 / 1448        ops/s
[100.286s][info][gc,stats    ]      Memory: Page Cache Hit L2                                 0 / 0                 0 / 0                 0 / 0                 0 / 0           ops/s
[100.286s][info][gc,stats    ]      Memory: Page Cache Hit L3                                 0 / 0                39 / 604              39 / 604              39 / 604         ops/s
[100.286s][info][gc,stats    ]      Memory: Page Cache Miss                                   0 / 0                 0 / 1                 0 / 1                 0 / 1           ops/s
[100.286s][info][gc,stats    ]      Memory: Uncommit                                          0 / 0                 0 / 0                 0 / 0                 0 / 0           MB/s
[100.286s][info][gc,stats    ]      Memory: Undo Object Allocation Failed                     0 / 0                 0 / 0                 0 / 0                 0 / 0           ops/s
[100.286s][info][gc,stats    ]      Memory: Undo Object Allocation Succeeded                  3 / 20                7 / 103               7 / 103               7 / 103         ops/s
[100.286s][info][gc,stats    ]      Memory: Undo Page Allocation                              0 / 1                 0 / 1                 0 / 1                 0 / 1           ops/s
[100.286s][info][gc,stats    ]       Phase: Concurrent Mark                              23.162 / 43.196       23.389 / 47.334       23.389 / 47.334       23.389 / 47.334      ms
[100.286s][info][gc,stats    ]       Phase: Concurrent Mark Continue                      0.000 / 0.000         0.000 / 0.000         0.000 / 0.000         0.000 / 0.000       ms
[100.286s][info][gc,stats    ]       Phase: Concurrent Mark Free                          0.001 / 0.002         0.001 / 0.002         0.001 / 0.002         0.001 / 0.002       ms
[100.286s][info][gc,stats    ]       Phase: Concurrent Process Non-Strong References      6.384 / 11.857        4.526 / 12.661        4.526 / 12.661        4.526 / 12.661      ms
[100.286s][info][gc,stats    ]       Phase: Concurrent Relocate                           2.514 / 3.873         2.116 / 5.083         2.116 / 5.083         2.116 / 5.083       ms
[100.286s][info][gc,stats    ]       Phase: Concurrent Reset Relocation Set               0.004 / 0.007         0.005 / 0.014         0.005 / 0.014         0.005 / 0.014       ms
[100.286s][info][gc,stats    ]       Phase: Concurrent Select Relocation Set              2.260 / 3.037         2.245 / 3.683         2.245 / 3.683         2.245 / 3.683       ms
[100.286s][info][gc,stats    ]       Phase: Pause Mark End                                0.020 / 0.032         0.017 / 0.032         0.017 / 0.032         0.017 / 0.032       ms
[100.286s][info][gc,stats    ]       Phase: Pause Mark Start                              0.009 / 0.010         0.009 / 0.015         0.009 / 0.015         0.009 / 0.015       ms
[100.286s][info][gc,stats    ]       Phase: Pause Relocate Start                          0.009 / 0.013         0.011 / 0.019         0.011 / 0.019         0.011 / 0.019       ms
[100.286s][info][gc,stats    ]    Subphase: Concurrent Classes Purge                      0.093 / 0.119         0.087 / 0.173         0.087 / 0.173         0.087 / 0.173       ms
[100.286s][info][gc,stats    ]    Subphase: Concurrent Classes Unlink                     1.968 / 2.287         1.491 / 2.397         1.491 / 2.397         1.491 / 2.397       ms
[100.286s][info][gc,stats    ]    Subphase: Concurrent Mark                              17.542 / 42.508       19.282 / 46.797       19.282 / 46.797       19.282 / 46.797      ms
[100.286s][info][gc,stats    ]    Subphase: Concurrent Mark Try Flush                     3.720 / 12.156        3.436 / 23.931        3.436 / 23.931        3.436 / 23.931      ms
[100.286s][info][gc,stats    ]    Subphase: Concurrent Mark Try Terminate                 2.931 / 12.158        4.224 / 15.790        4.224 / 15.790        4.224 / 15.790      ms
[100.286s][info][gc,stats    ]    Subphase: Concurrent References Enqueue                 0.001 / 0.004         0.002 / 0.009         0.002 / 0.009         0.002 / 0.009       ms
[100.286s][info][gc,stats    ]    Subphase: Concurrent References Process                 0.078 / 0.129         0.064 / 0.141         0.064 / 0.141         0.064 / 0.141       ms
[100.286s][info][gc,stats    ]    Subphase: Concurrent Roots ClassLoaderDataGraph         0.068 / 0.125         0.074 / 0.251         0.074 / 0.251         0.074 / 0.251       ms
[100.286s][info][gc,stats    ]    Subphase: Concurrent Roots CodeCache                    0.000 / 0.000         0.000 / 0.000         0.000 / 0.000         0.000 / 0.000       ms
[100.286s][info][gc,stats    ]    Subphase: Concurrent Roots JavaThreads                  0.390 / 0.476         0.319 / 0.495         0.319 / 0.495         0.319 / 0.495       ms
[100.286s][info][gc,stats    ]    Subphase: Concurrent Roots OopStorageSet                0.009 / 0.015         0.016 / 0.087         0.016 / 0.087         0.016 / 0.087       ms
[100.286s][info][gc,stats    ]    Subphase: Concurrent Weak Roots OopStorageSet           0.213 / 0.360         0.167 / 0.360         0.167 / 0.360         0.167 / 0.360       ms
[100.286s][info][gc,stats    ]    Subphase: Pause Mark Try Complete                       0.000 / 0.000         0.000 / 0.000         0.000 / 0.000         0.000 / 0.000       ms
[100.286s][info][gc,stats    ]      System: Java Threads                                     17 / 19               17 / 20               17 / 20               17 / 20          threads
[100.286s][info][gc,stats    ] =========================================================================================================================================================
[101.077s][info][gc,heap,exit] Heap
[101.077s][info][gc,heap,exit]  ZHeap           used 3496M, capacity 8192M, max capacity 8192M
[101.077s][info][gc,heap,exit]  Metaspace       used 6517K, committed 6784K, reserved 1114112K
[101.077s][info][gc,heap,exit]   class space    used 620K, committed 768K, reserved 1048576K
