[0.007s][info][gc,init] Initializing The Z Garbage Collector
[0.007s][info][gc,init] Version: 21.0.4+7-adhoc.Administrator.jdk21u (release)
[0.007s][info][gc,init] Using legacy single-generation mode
[0.007s][info][gc,init] NUMA Support: Disabled
[0.007s][info][gc,init] CPUs: 6 total, 6 available
[0.007s][info][gc,init] Memory: 15591M
[0.007s][info][gc,init] Large Page Support: Disabled
[0.007s][info][gc,init] GC Workers: 2 (dynamic)
[0.007s][info][gc,init] Address Space Type: Contiguous/Unrestricted/Complete
[0.007s][info][gc,init] Address Space Size: 16384M x 3 = 49152M
[0.007s][info][gc,init] Min Capacity: 1024M
[0.008s][info][gc,init] Initial Capacity: 1024M
[0.008s][info][gc,init] Max Capacity: 1024M
[0.008s][info][gc,init] Medium Page Size: 32M
[0.008s][info][gc,init] Pre-touch: Disabled
[0.008s][info][gc,init] Uncommit: Implicitly Disabled (-Xms equals -Xmx)
[0.043s][info][gc,init] Runtime Workers: 4
[0.044s][info][gc     ] Using The Z Garbage Collector
[0.053s][info][gc,metaspace] CDS archive(s) mapped at: [0x000001bf00000000-0x000001bf00c90000-0x000001bf00c90000), size 13172736, SharedBaseAddress: 0x000001bf00000000, ArchiveRelocationMode: 1.
[0.053s][info][gc,metaspace] Compressed class space mapped at: 0x000001bf01000000-0x000001bf41000000, reserved size: 1073741824
[0.053s][info][gc,metaspace] Narrow klass base: 0x000001bf00000000, Narrow klass shift: 0, Narrow klass range: 0x100000000
[0.966s][info][gc,start    ] GC(0) Garbage Collection (Warmup)
[0.966s][info][gc,task     ] GC(0) Using 2 workers
[0.966s][info][gc,phases   ] GC(0) Pause Mark Start 0.014ms
[1.013s][info][gc,phases   ] GC(0) Concurrent Mark 46.615ms
[1.013s][info][gc,phases   ] GC(0) Pause Mark End 0.038ms
[1.013s][info][gc,phases   ] GC(0) Concurrent Mark Free 0.001ms
[1.016s][info][gc,phases   ] GC(0) Concurrent Process Non-Strong References 2.746ms
[1.016s][info][gc,phases   ] GC(0) Concurrent Reset Relocation Set 0.001ms
[1.027s][info][gc,phases   ] GC(0) Concurrent Select Relocation Set 11.511ms
[1.027s][info][gc,phases   ] GC(0) Pause Relocate Start 0.034ms
[1.046s][info][gc,phases   ] GC(0) Concurrent Relocate 18.126ms
[1.046s][info][gc,load     ] GC(0) Load: 0.00/0.00/0.00
[1.046s][info][gc,mmu      ] GC(0) MMU: 2ms/98.1%, 5ms/99.2%, 10ms/99.6%, 20ms/99.6%, 50ms/99.9%, 100ms/99.9%
[1.046s][info][gc,marking  ] GC(0) Mark: 2 stripe(s), 2 proactive flush(es), 1 terminate flush(es), 0 completion(s), 0 continuation(s) 
[1.046s][info][gc,marking  ] GC(0) Mark Stack Usage: 32M
[1.046s][info][gc,nmethod  ] GC(0) NMethods: 1157 registered, 165 unregistered
[1.046s][info][gc,metaspace] GC(0) Metaspace: 8M used, 8M committed, 1088M reserved
[1.046s][info][gc,ref      ] GC(0) Soft: 181 encountered, 0 discovered, 0 enqueued
[1.046s][info][gc,ref      ] GC(0) Weak: 900 encountered, 428 discovered, 279 enqueued
[1.046s][info][gc,ref      ] GC(0) Final: 0 encountered, 0 discovered, 0 enqueued
[1.046s][info][gc,ref      ] GC(0) Phantom: 236 encountered, 224 discovered, 200 enqueued
[1.046s][info][gc,reloc    ] GC(0) Small Pages: 53 / 106M, Empty: 0M, Relocated: 9M, In-Place: 0
[1.046s][info][gc,reloc    ] GC(0) Medium Pages: 1 / 32M, Empty: 0M, Relocated: 0M, In-Place: 0
[1.046s][info][gc,reloc    ] GC(0) Large Pages: 0 / 0M, Empty: 0M, Relocated: 0M, In-Place: 0
[1.046s][info][gc,reloc    ] GC(0) Forwarding Usage: 5M
[1.046s][info][gc,heap     ] GC(0) Min Capacity: 1024M(100%)
[1.046s][info][gc,heap     ] GC(0) Max Capacity: 1024M(100%)
[1.046s][info][gc,heap     ] GC(0) Soft Max Capacity: 1024M(100%)
[1.046s][info][gc,heap     ] GC(0)                Mark Start          Mark End        Relocate Start      Relocate End           High               Low         
[1.046s][info][gc,heap     ] GC(0)  Capacity:     1024M (100%)       1024M (100%)       1024M (100%)       1024M (100%)       1024M (100%)       1024M (100%)   
[1.046s][info][gc,heap     ] GC(0)      Free:      886M (87%)         852M (83%)         810M (79%)         904M (88%)         904M (88%)         806M (79%)    
[1.046s][info][gc,heap     ] GC(0)      Used:      138M (13%)         172M (17%)         214M (21%)         120M (12%)         218M (21%)         120M (12%)    
[1.046s][info][gc,heap     ] GC(0)      Live:         -                12M (1%)           12M (1%)           12M (1%)             -                  -          
[1.046s][info][gc,heap     ] GC(0) Allocated:         -                34M (3%)           76M (7%)           75M (7%)             -                  -          
[1.046s][info][gc,heap     ] GC(0)   Garbage:         -               125M (12%)         125M (12%)          32M (3%)             -                  -          
[1.046s][info][gc,heap     ] GC(0) Reclaimed:         -                  -                 0M (0%)           93M (9%)             -                  -          
[1.046s][info][gc          ] GC(0) Garbage Collection (Warmup) 138M(13%)->120M(12%)
[1.169s][info][gc,start    ] GC(1) Garbage Collection (Warmup)
[1.170s][info][gc,task     ] GC(1) Using 2 workers
[1.170s][info][gc,phases   ] GC(1) Pause Mark Start 0.018ms
[1.263s][info][gc,phases   ] GC(1) Concurrent Mark 93.387ms
[1.264s][info][gc,phases   ] GC(1) Pause Mark End 0.014ms
[1.266s][info][gc,phases   ] GC(1) Concurrent Mark Free 0.002ms
[1.267s][info][gc,phases   ] GC(1) Concurrent Process Non-Strong References 1.629ms
[1.267s][info][gc,phases   ] GC(1) Concurrent Reset Relocation Set 0.005ms
[1.273s][info][gc,phases   ] GC(1) Concurrent Select Relocation Set 5.321ms
[1.273s][info][gc,phases   ] GC(1) Pause Relocate Start 0.017ms
[1.291s][info][gc,phases   ] GC(1) Concurrent Relocate 18.429ms
[1.292s][info][gc,load     ] GC(1) Load: 0.00/0.00/0.00
[1.292s][info][gc,mmu      ] GC(1) MMU: 2ms/98.1%, 5ms/99.2%, 10ms/99.6%, 20ms/99.6%, 50ms/99.9%, 100ms/99.9%
[1.292s][info][gc,marking  ] GC(1) Mark: 2 stripe(s), 2 proactive flush(es), 1 terminate flush(es), 0 completion(s), 0 continuation(s) 
[1.292s][info][gc,marking  ] GC(1) Mark Stack Usage: 32M
[1.292s][info][gc,nmethod  ] GC(1) NMethods: 1207 registered, 171 unregistered
[1.292s][info][gc,metaspace] GC(1) Metaspace: 8M used, 8M committed, 1088M reserved
[1.292s][info][gc,ref      ] GC(1) Soft: 181 encountered, 0 discovered, 0 enqueued
[1.292s][info][gc,ref      ] GC(1) Weak: 621 encountered, 141 discovered, 0 enqueued
[1.292s][info][gc,ref      ] GC(1) Final: 0 encountered, 0 discovered, 0 enqueued
[1.292s][info][gc,ref      ] GC(1) Phantom: 36 encountered, 23 discovered, 0 enqueued
[1.292s][info][gc,reloc    ] GC(1) Small Pages: 93 / 186M, Empty: 0M, Relocated: 17M, In-Place: 0
[1.292s][info][gc,reloc    ] GC(1) Medium Pages: 2 / 64M, Empty: 64M, Relocated: 0M, In-Place: 0
[1.292s][info][gc,reloc    ] GC(1) Large Pages: 1 / 6M, Empty: 0M, Relocated: 0M, In-Place: 0
[1.292s][info][gc,reloc    ] GC(1) Forwarding Usage: 11M
[1.292s][info][gc,heap     ] GC(1) Min Capacity: 1024M(100%)
[1.292s][info][gc,heap     ] GC(1) Max Capacity: 1024M(100%)
[1.292s][info][gc,heap     ] GC(1) Soft Max Capacity: 1024M(100%)
[1.292s][info][gc,heap     ] GC(1)                Mark Start          Mark End        Relocate Start      Relocate End           High               Low         
[1.292s][info][gc,heap     ] GC(1)  Capacity:     1024M (100%)       1024M (100%)       1024M (100%)       1024M (100%)       1024M (100%)       1024M (100%)   
[1.292s][info][gc,heap     ] GC(1)      Free:      768M (75%)         690M (67%)         750M (73%)         898M (88%)         900M (88%)         688M (67%)    
[1.292s][info][gc,heap     ] GC(1)      Used:      256M (25%)         334M (33%)         274M (27%)         126M (12%)         336M (33%)         124M (12%)    
[1.292s][info][gc,heap     ] GC(1)      Live:         -                31M (3%)           31M (3%)           31M (3%)             -                  -          
[1.292s][info][gc,heap     ] GC(1) Allocated:         -                78M (8%)           82M (8%)           91M (9%)             -                  -          
[1.292s][info][gc,heap     ] GC(1)   Garbage:         -               224M (22%)         160M (16%)           2M (0%)             -                  -          
[1.292s][info][gc,heap     ] GC(1) Reclaimed:         -                  -                64M (6%)          221M (22%)            -                  -          
[1.292s][info][gc          ] GC(1) Garbage Collection (Warmup) 256M(25%)->126M(12%)
[1.467s][info][gc,start    ] GC(2) Garbage Collection (Allocation Rate)
[1.467s][info][gc,task     ] GC(2) Using 2 workers
[1.467s][info][gc,phases   ] GC(2) Pause Mark Start 0.012ms
[1.593s][info][gc,phases   ] GC(2) Concurrent Mark 125.190ms
[1.593s][info][gc,phases   ] GC(2) Pause Mark End 0.020ms
[1.593s][info][gc,phases   ] GC(2) Concurrent Mark Free 0.001ms
[1.594s][info][gc,phases   ] GC(2) Concurrent Process Non-Strong References 1.504ms
[1.595s][info][gc,phases   ] GC(2) Concurrent Reset Relocation Set 0.008ms
[1.597s][info][gc,phases   ] GC(2) Concurrent Select Relocation Set 2.196ms
[1.597s][info][gc,phases   ] GC(2) Pause Relocate Start 0.011ms
[1.619s][info][gc,phases   ] GC(2) Concurrent Relocate 21.984ms
[1.619s][info][gc,load     ] GC(2) Load: 0.00/0.00/0.00
[1.619s][info][gc,mmu      ] GC(2) MMU: 2ms/98.1%, 5ms/99.2%, 10ms/99.6%, 20ms/99.6%, 50ms/99.9%, 100ms/99.9%
[1.619s][info][gc,marking  ] GC(2) Mark: 2 stripe(s), 2 proactive flush(es), 1 terminate flush(es), 0 completion(s), 0 continuation(s) 
[1.619s][info][gc,marking  ] GC(2) Mark Stack Usage: 32M
[1.619s][info][gc,nmethod  ] GC(2) NMethods: 1191 registered, 215 unregistered
[1.619s][info][gc,metaspace] GC(2) Metaspace: 8M used, 8M committed, 1088M reserved
[1.619s][info][gc,ref      ] GC(2) Soft: 181 encountered, 0 discovered, 0 enqueued
[1.619s][info][gc,ref      ] GC(2) Weak: 621 encountered, 346 discovered, 0 enqueued
[1.619s][info][gc,ref      ] GC(2) Final: 0 encountered, 0 discovered, 0 enqueued
[1.619s][info][gc,ref      ] GC(2) Phantom: 36 encountered, 24 discovered, 0 enqueued
[1.619s][info][gc,reloc    ] GC(2) Small Pages: 132 / 264M, Empty: 0M, Relocated: 12M, In-Place: 0
[1.619s][info][gc,reloc    ] GC(2) Medium Pages: 1 / 32M, Empty: 0M, Relocated: 0M, In-Place: 0
[1.619s][info][gc,reloc    ] GC(2) Large Pages: 1 / 6M, Empty: 0M, Relocated: 0M, In-Place: 0
[1.619s][info][gc,reloc    ] GC(2) Forwarding Usage: 8M
[1.619s][info][gc,heap     ] GC(2) Min Capacity: 1024M(100%)
[1.619s][info][gc,heap     ] GC(2) Max Capacity: 1024M(100%)
[1.619s][info][gc,heap     ] GC(2) Soft Max Capacity: 1024M(100%)
[1.619s][info][gc,heap     ] GC(2)                Mark Start          Mark End        Relocate Start      Relocate End           High               Low         
[1.619s][info][gc,heap     ] GC(2)  Capacity:     1024M (100%)       1024M (100%)       1024M (100%)       1024M (100%)       1024M (100%)       1024M (100%)   
[1.619s][info][gc,heap     ] GC(2)      Free:      722M (71%)         620M (61%)         620M (61%)         846M (83%)         846M (83%)         616M (60%)    
[1.619s][info][gc,heap     ] GC(2)      Used:      302M (29%)         404M (39%)         404M (39%)         178M (17%)         408M (40%)         178M (17%)    
[1.619s][info][gc,heap     ] GC(2)      Live:         -                42M (4%)           42M (4%)           42M (4%)             -                  -          
[1.619s][info][gc,heap     ] GC(2) Allocated:         -               102M (10%)         102M (10%)         102M (10%)            -                  -          
[1.619s][info][gc,heap     ] GC(2)   Garbage:         -               259M (25%)         259M (25%)          33M (3%)             -                  -          
[1.619s][info][gc,heap     ] GC(2) Reclaimed:         -                  -                 0M (0%)          226M (22%)            -                  -          
[1.619s][info][gc          ] GC(2) Garbage Collection (Allocation Rate) 302M(29%)->178M(17%)
[1.619s][info][gc,start    ] GC(3) Garbage Collection (System.gc())
[1.619s][info][gc,task     ] GC(3) Using 2 workers
[1.620s][info][gc,phases   ] GC(3) Pause Mark Start 0.008ms
[1.703s][info][gc,phases   ] GC(3) Concurrent Mark 83.126ms
[1.703s][info][gc,phases   ] GC(3) Pause Mark End 0.025ms
[1.703s][info][gc,phases   ] GC(3) Concurrent Mark Free 0.003ms
[1.705s][info][gc,phases   ] GC(3) Concurrent Process Non-Strong References 1.685ms
[1.705s][info][gc,phases   ] GC(3) Concurrent Reset Relocation Set 0.007ms
[1.707s][info][gc,phases   ] GC(3) Concurrent Select Relocation Set 1.693ms
[1.707s][info][gc,phases   ] GC(3) Pause Relocate Start 0.005ms
[1.712s][info][gc,phases   ] GC(3) Concurrent Relocate 5.641ms
[1.712s][info][gc,load     ] GC(3) Load: 0.00/0.00/0.00
[1.712s][info][gc,mmu      ] GC(3) MMU: 2ms/98.1%, 5ms/99.2%, 10ms/99.6%, 20ms/99.6%, 50ms/99.9%, 100ms/99.9%
[1.712s][info][gc,marking  ] GC(3) Mark: 2 stripe(s), 1 proactive flush(es), 1 terminate flush(es), 0 completion(s), 0 continuation(s) 
[1.712s][info][gc,marking  ] GC(3) Mark Stack Usage: 32M
[1.712s][info][gc,nmethod  ] GC(3) NMethods: 1189 registered, 217 unregistered
[1.713s][info][gc,metaspace] GC(3) Metaspace: 8M used, 8M committed, 1088M reserved
[1.713s][info][gc,ref      ] GC(3) Soft: 182 encountered, 0 discovered, 0 enqueued
[1.713s][info][gc,ref      ] GC(3) Weak: 620 encountered, 8 discovered, 0 enqueued
[1.713s][info][gc,ref      ] GC(3) Final: 0 encountered, 0 discovered, 0 enqueued
[1.713s][info][gc,ref      ] GC(3) Phantom: 35 encountered, 22 discovered, 0 enqueued
[1.713s][info][gc,reloc    ] GC(3) Small Pages: 54 / 108M, Empty: 0M, Relocated: 1M, In-Place: 0
[1.713s][info][gc,reloc    ] GC(3) Medium Pages: 2 / 64M, Empty: 32M, Relocated: 0M, In-Place: 0
[1.713s][info][gc,reloc    ] GC(3) Large Pages: 1 / 6M, Empty: 0M, Relocated: 0M, In-Place: 0
[1.713s][info][gc,reloc    ] GC(3) Forwarding Usage: 0M
[1.713s][info][gc,heap     ] GC(3) Min Capacity: 1024M(100%)
[1.713s][info][gc,heap     ] GC(3) Max Capacity: 1024M(100%)
[1.713s][info][gc,heap     ] GC(3) Soft Max Capacity: 1024M(100%)
[1.713s][info][gc,heap     ] GC(3)                Mark Start          Mark End        Relocate Start      Relocate End           High               Low         
[1.713s][info][gc,heap     ] GC(3)  Capacity:     1024M (100%)       1024M (100%)       1024M (100%)       1024M (100%)       1024M (100%)       1024M (100%)   
[1.713s][info][gc,heap     ] GC(3)      Free:      846M (83%)         846M (83%)         878M (86%)         946M (92%)         946M (92%)         846M (83%)    
[1.713s][info][gc,heap     ] GC(3)      Used:      178M (17%)         178M (17%)         146M (14%)          78M (8%)          178M (17%)          78M (8%)     
[1.713s][info][gc,heap     ] GC(3)      Live:         -                44M (4%)           44M (4%)           44M (4%)             -                  -          
[1.713s][info][gc,heap     ] GC(3) Allocated:         -                 0M (0%)            0M (0%)            0M (0%)             -                  -          
[1.713s][info][gc,heap     ] GC(3)   Garbage:         -               133M (13%)         101M (10%)          33M (3%)             -                  -          
[1.713s][info][gc,heap     ] GC(3) Reclaimed:         -                  -                32M (3%)          100M (10%)            -                  -          
[1.713s][info][gc          ] GC(3) Garbage Collection (System.gc()) 178M(17%)->78M(8%)
[2.268s][info][gc,start    ] GC(4) Garbage Collection (Warmup)
[2.268s][info][gc,task     ] GC(4) Using 2 workers
[2.268s][info][gc,phases   ] GC(4) Pause Mark Start 0.006ms
[2.330s][info][gc,phases   ] GC(4) Concurrent Mark 62.348ms
[2.331s][info][gc,phases   ] GC(4) Pause Mark End 0.022ms
[2.331s][info][gc,phases   ] GC(4) Concurrent Mark Free 0.002ms
[2.335s][info][gc,phases   ] GC(4) Concurrent Process Non-Strong References 4.239ms
[2.335s][info][gc,phases   ] GC(4) Concurrent Reset Relocation Set 0.004ms
[2.337s][info][gc,phases   ] GC(4) Concurrent Select Relocation Set 2.200ms
[2.337s][info][gc,phases   ] GC(4) Pause Relocate Start 0.010ms
[2.339s][info][gc,phases   ] GC(4) Concurrent Relocate 1.210ms
[2.339s][info][gc,load     ] GC(4) Load: 0.00/0.00/0.00
[2.339s][info][gc,mmu      ] GC(4) MMU: 2ms/98.1%, 5ms/99.2%, 10ms/99.6%, 20ms/99.6%, 50ms/99.9%, 100ms/99.9%
[2.339s][info][gc,marking  ] GC(4) Mark: 2 stripe(s), 2 proactive flush(es), 1 terminate flush(es), 0 completion(s), 0 continuation(s) 
[2.339s][info][gc,marking  ] GC(4) Mark Stack Usage: 32M
[2.339s][info][gc,nmethod  ] GC(4) NMethods: 1688 registered, 227 unregistered
[2.339s][info][gc,metaspace] GC(4) Metaspace: 11M used, 11M committed, 1088M reserved
[2.339s][info][gc,ref      ] GC(4) Soft: 191 encountered, 0 discovered, 0 enqueued
[2.339s][info][gc,ref      ] GC(4) Weak: 851 encountered, 426 discovered, 111 enqueued
[2.339s][info][gc,ref      ] GC(4) Final: 0 encountered, 0 discovered, 0 enqueued
[2.339s][info][gc,ref      ] GC(4) Phantom: 130 encountered, 111 discovered, 89 enqueued
[2.339s][info][gc,reloc    ] GC(4) Small Pages: 130 / 260M, Empty: 116M, Relocated: 1M, In-Place: 0
[2.339s][info][gc,reloc    ] GC(4) Medium Pages: 2 / 64M, Empty: 32M, Relocated: 0M, In-Place: 0
[2.339s][info][gc,reloc    ] GC(4) Large Pages: 1 / 6M, Empty: 0M, Relocated: 0M, In-Place: 0
[2.339s][info][gc,reloc    ] GC(4) Forwarding Usage: 0M
[2.339s][info][gc,heap     ] GC(4) Min Capacity: 1024M(100%)
[2.339s][info][gc,heap     ] GC(4) Max Capacity: 1024M(100%)
[2.339s][info][gc,heap     ] GC(4) Soft Max Capacity: 1024M(100%)
[2.339s][info][gc,heap     ] GC(4)                Mark Start          Mark End        Relocate Start      Relocate End           High               Low         
[2.339s][info][gc,heap     ] GC(4)  Capacity:     1024M (100%)       1024M (100%)       1024M (100%)       1024M (100%)       1024M (100%)       1024M (100%)   
[2.339s][info][gc,heap     ] GC(4)      Free:      694M (68%)         692M (68%)         838M (82%)         938M (92%)         938M (92%)         690M (67%)    
[2.339s][info][gc,heap     ] GC(4)      Used:      330M (32%)         332M (32%)         186M (18%)          86M (8%)          334M (33%)          86M (8%)     
[2.339s][info][gc,heap     ] GC(4)      Live:         -                45M (4%)           45M (4%)           45M (4%)             -                  -          
[2.339s][info][gc,heap     ] GC(4) Allocated:         -                 2M (0%)            4M (0%)            5M (1%)             -                  -          
[2.339s][info][gc,heap     ] GC(4)   Garbage:         -               284M (28%)         136M (13%)          34M (3%)             -                  -          
[2.339s][info][gc,heap     ] GC(4) Reclaimed:         -                  -               148M (14%)         249M (24%)            -                  -          
[2.339s][info][gc          ] GC(4) Garbage Collection (Warmup) 330M(32%)->86M(8%)
[2.339s][info][gc,start    ] GC(5) Garbage Collection (System.gc())
[2.339s][info][gc,task     ] GC(5) Using 2 workers
[2.339s][info][gc,phases   ] GC(5) Pause Mark Start 0.009ms
[2.393s][info][gc,phases   ] GC(5) Concurrent Mark 54.172ms
[2.393s][info][gc,phases   ] GC(5) Pause Mark End 0.017ms
[2.393s][info][gc,phases   ] GC(5) Concurrent Mark Free 0.002ms
[2.395s][info][gc,phases   ] GC(5) Concurrent Process Non-Strong References 1.820ms
[2.395s][info][gc,phases   ] GC(5) Concurrent Reset Relocation Set 0.003ms
[2.397s][info][gc,phases   ] GC(5) Concurrent Select Relocation Set 1.283ms
[2.397s][info][gc,phases   ] GC(5) Pause Relocate Start 0.007ms
[2.397s][info][gc,phases   ] GC(5) Concurrent Relocate 0.504ms
[2.397s][info][gc,load     ] GC(5) Load: 0.00/0.00/0.00
[2.397s][info][gc,mmu      ] GC(5) MMU: 2ms/98.1%, 5ms/99.2%, 10ms/99.6%, 20ms/99.6%, 50ms/99.9%, 100ms/99.9%
[2.397s][info][gc,marking  ] GC(5) Mark: 2 stripe(s), 2 proactive flush(es), 1 terminate flush(es), 0 completion(s), 0 continuation(s) 
[2.397s][info][gc,marking  ] GC(5) Mark Stack Usage: 32M
[2.397s][info][gc,nmethod  ] GC(5) NMethods: 1659 registered, 283 unregistered
[2.397s][info][gc,metaspace] GC(5) Metaspace: 11M used, 11M committed, 1088M reserved
[2.397s][info][gc,ref      ] GC(5) Soft: 194 encountered, 0 discovered, 0 enqueued
[2.397s][info][gc,ref      ] GC(5) Weak: 778 encountered, 308 discovered, 14 enqueued
[2.397s][info][gc,ref      ] GC(5) Final: 0 encountered, 0 discovered, 0 enqueued
[2.397s][info][gc,ref      ] GC(5) Phantom: 49 encountered, 31 discovered, 8 enqueued
[2.397s][info][gc,reloc    ] GC(5) Small Pages: 24 / 48M, Empty: 0M, Relocated: 1M, In-Place: 0
[2.397s][info][gc,reloc    ] GC(5) Medium Pages: 1 / 32M, Empty: 0M, Relocated: 0M, In-Place: 0
[2.397s][info][gc,reloc    ] GC(5) Large Pages: 1 / 6M, Empty: 0M, Relocated: 0M, In-Place: 0
[2.397s][info][gc,reloc    ] GC(5) Forwarding Usage: 0M
[2.397s][info][gc,heap     ] GC(5) Min Capacity: 1024M(100%)
[2.397s][info][gc,heap     ] GC(5) Max Capacity: 1024M(100%)
[2.397s][info][gc,heap     ] GC(5) Soft Max Capacity: 1024M(100%)
[2.397s][info][gc,heap     ] GC(5)                Mark Start          Mark End        Relocate Start      Relocate End           High               Low         
[2.397s][info][gc,heap     ] GC(5)  Capacity:     1024M (100%)       1024M (100%)       1024M (100%)       1024M (100%)       1024M (100%)       1024M (100%)   
[2.397s][info][gc,heap     ] GC(5)      Free:      938M (92%)         938M (92%)         936M (91%)         942M (92%)         942M (92%)         932M (91%)    
[2.397s][info][gc,heap     ] GC(5)      Used:       86M (8%)           86M (8%)           88M (9%)           82M (8%)           92M (9%)           82M (8%)     
[2.397s][info][gc,heap     ] GC(5)      Live:         -                44M (4%)           44M (4%)           44M (4%)             -                  -          
[2.397s][info][gc,heap     ] GC(5) Allocated:         -                 0M (0%)            2M (0%)            2M (0%)             -                  -          
[2.397s][info][gc,heap     ] GC(5)   Garbage:         -                41M (4%)           41M (4%)           35M (3%)             -                  -          
[2.397s][info][gc,heap     ] GC(5) Reclaimed:         -                  -                 0M (0%)            6M (1%)             -                  -          
[2.397s][info][gc          ] GC(5) Garbage Collection (System.gc()) 86M(8%)->82M(8%)
[2.525s][info][gc,start    ] GC(6) Garbage Collection (System.gc())
[2.525s][info][gc,task     ] GC(6) Using 2 workers
[2.526s][info][gc,phases   ] GC(6) Pause Mark Start 0.005ms
[2.581s][info][gc,phases   ] GC(6) Concurrent Mark 55.298ms
[2.581s][info][gc,phases   ] GC(6) Pause Mark End 0.027ms
[2.581s][info][gc,phases   ] GC(6) Concurrent Mark Free 0.003ms
[2.584s][info][gc,phases   ] GC(6) Concurrent Process Non-Strong References 2.603ms
[2.584s][info][gc,phases   ] GC(6) Concurrent Reset Relocation Set 0.001ms
[2.585s][info][gc,phases   ] GC(6) Concurrent Select Relocation Set 1.327ms
[2.585s][info][gc,phases   ] GC(6) Pause Relocate Start 0.007ms
[2.586s][info][gc,phases   ] GC(6) Concurrent Relocate 0.527ms
[2.586s][info][gc,load     ] GC(6) Load: 0.00/0.00/0.00
[2.586s][info][gc,mmu      ] GC(6) MMU: 2ms/98.1%, 5ms/99.2%, 10ms/99.6%, 20ms/99.6%, 50ms/99.9%, 100ms/99.9%
[2.586s][info][gc,marking  ] GC(6) Mark: 2 stripe(s), 2 proactive flush(es), 1 terminate flush(es), 0 completion(s), 0 continuation(s) 
[2.586s][info][gc,marking  ] GC(6) Mark Stack Usage: 32M
[2.586s][info][gc,nmethod  ] GC(6) NMethods: 1680 registered, 348 unregistered
[2.586s][info][gc,metaspace] GC(6) Metaspace: 11M used, 11M committed, 1088M reserved
[2.586s][info][gc,ref      ] GC(6) Soft: 194 encountered, 0 discovered, 0 enqueued
[2.586s][info][gc,ref      ] GC(6) Weak: 764 encountered, 239 discovered, 0 enqueued
[2.586s][info][gc,ref      ] GC(6) Final: 0 encountered, 0 discovered, 0 enqueued
[2.586s][info][gc,ref      ] GC(6) Phantom: 41 encountered, 29 discovered, 0 enqueued
[2.586s][info][gc,reloc    ] GC(6) Small Pages: 125 / 250M, Empty: 186M, Relocated: 1M, In-Place: 0
[2.586s][info][gc,reloc    ] GC(6) Medium Pages: 1 / 32M, Empty: 0M, Relocated: 0M, In-Place: 0
[2.586s][info][gc,reloc    ] GC(6) Large Pages: 1 / 6M, Empty: 0M, Relocated: 0M, In-Place: 0
[2.586s][info][gc,reloc    ] GC(6) Forwarding Usage: 0M
[2.586s][info][gc,heap     ] GC(6) Min Capacity: 1024M(100%)
[2.586s][info][gc,heap     ] GC(6) Max Capacity: 1024M(100%)
[2.586s][info][gc,heap     ] GC(6) Soft Max Capacity: 1024M(100%)
[2.586s][info][gc,heap     ] GC(6)                Mark Start          Mark End        Relocate Start      Relocate End           High               Low         
[2.586s][info][gc,heap     ] GC(6)  Capacity:     1024M (100%)       1024M (100%)       1024M (100%)       1024M (100%)       1024M (100%)       1024M (100%)   
[2.586s][info][gc,heap     ] GC(6)      Free:      736M (72%)         736M (72%)         922M (90%)         944M (92%)         944M (92%)         736M (72%)    
[2.586s][info][gc,heap     ] GC(6)      Used:      288M (28%)         288M (28%)         102M (10%)          80M (8%)          288M (28%)          80M (8%)     
[2.586s][info][gc,heap     ] GC(6)      Live:         -                44M (4%)           44M (4%)           44M (4%)             -                  -          
[2.586s][info][gc,heap     ] GC(6) Allocated:         -                 0M (0%)            0M (0%)            0M (0%)             -                  -          
[2.586s][info][gc,heap     ] GC(6)   Garbage:         -               243M (24%)          57M (6%)           35M (3%)             -                  -          
[2.586s][info][gc,heap     ] GC(6) Reclaimed:         -                  -               186M (18%)         208M (20%)            -                  -          
[2.586s][info][gc          ] GC(6) Garbage Collection (System.gc()) 288M(28%)->80M(8%)
[2.684s][info][gc,start    ] GC(7) Garbage Collection (System.gc())
[2.684s][info][gc,task     ] GC(7) Using 2 workers
[2.684s][info][gc,phases   ] GC(7) Pause Mark Start 0.010ms
[2.738s][info][gc,phases   ] GC(7) Concurrent Mark 53.854ms
[2.738s][info][gc,phases   ] GC(7) Pause Mark End 0.025ms
[2.738s][info][gc,phases   ] GC(7) Concurrent Mark Free 0.003ms
[2.741s][info][gc,phases   ] GC(7) Concurrent Process Non-Strong References 2.637ms
[2.741s][info][gc,phases   ] GC(7) Concurrent Reset Relocation Set 0.003ms
[2.743s][info][gc,phases   ] GC(7) Concurrent Select Relocation Set 1.501ms
[2.743s][info][gc,phases   ] GC(7) Pause Relocate Start 0.006ms
[2.744s][info][gc,phases   ] GC(7) Concurrent Relocate 0.889ms
[2.744s][info][gc,load     ] GC(7) Load: 0.00/0.00/0.00
[2.744s][info][gc,mmu      ] GC(7) MMU: 2ms/98.1%, 5ms/99.2%, 10ms/99.6%, 20ms/99.6%, 50ms/99.9%, 100ms/99.9%
[2.744s][info][gc,marking  ] GC(7) Mark: 2 stripe(s), 2 proactive flush(es), 1 terminate flush(es), 0 completion(s), 0 continuation(s) 
[2.744s][info][gc,marking  ] GC(7) Mark Stack Usage: 32M
[2.744s][info][gc,nmethod  ] GC(7) NMethods: 1701 registered, 364 unregistered
[2.744s][info][gc,metaspace] GC(7) Metaspace: 11M used, 11M committed, 1088M reserved
[2.744s][info][gc,ref      ] GC(7) Soft: 194 encountered, 0 discovered, 0 enqueued
[2.744s][info][gc,ref      ] GC(7) Weak: 764 encountered, 193 discovered, 0 enqueued
[2.744s][info][gc,ref      ] GC(7) Final: 0 encountered, 0 discovered, 0 enqueued
[2.744s][info][gc,ref      ] GC(7) Phantom: 41 encountered, 24 discovered, 0 enqueued
[2.744s][info][gc,reloc    ] GC(7) Small Pages: 125 / 250M, Empty: 188M, Relocated: 1M, In-Place: 0
[2.744s][info][gc,reloc    ] GC(7) Medium Pages: 1 / 32M, Empty: 0M, Relocated: 0M, In-Place: 0
[2.744s][info][gc,reloc    ] GC(7) Large Pages: 1 / 6M, Empty: 0M, Relocated: 0M, In-Place: 0
[2.744s][info][gc,reloc    ] GC(7) Forwarding Usage: 0M
[2.744s][info][gc,heap     ] GC(7) Min Capacity: 1024M(100%)
[2.744s][info][gc,heap     ] GC(7) Max Capacity: 1024M(100%)
[2.744s][info][gc,heap     ] GC(7) Soft Max Capacity: 1024M(100%)
[2.744s][info][gc,heap     ] GC(7)                Mark Start          Mark End        Relocate Start      Relocate End           High               Low         
[2.744s][info][gc,heap     ] GC(7)  Capacity:     1024M (100%)       1024M (100%)       1024M (100%)       1024M (100%)       1024M (100%)       1024M (100%)   
[2.744s][info][gc,heap     ] GC(7)      Free:      736M (72%)         736M (72%)         924M (90%)         944M (92%)         944M (92%)         736M (72%)    
[2.744s][info][gc,heap     ] GC(7)      Used:      288M (28%)         288M (28%)         100M (10%)          80M (8%)          288M (28%)          80M (8%)     
[2.744s][info][gc,heap     ] GC(7)      Live:         -                44M (4%)           44M (4%)           44M (4%)             -                  -          
[2.744s][info][gc,heap     ] GC(7) Allocated:         -                 0M (0%)            0M (0%)            0M (0%)             -                  -          
[2.744s][info][gc,heap     ] GC(7)   Garbage:         -               243M (24%)          55M (5%)           35M (3%)             -                  -          
[2.744s][info][gc,heap     ] GC(7) Reclaimed:         -                  -               188M (18%)         208M (20%)            -                  -          
[2.744s][info][gc          ] GC(7) Garbage Collection (System.gc()) 288M(28%)->80M(8%)
[2.830s][info][gc,start    ] GC(8) Garbage Collection (System.gc())
[2.830s][info][gc,task     ] GC(8) Using 2 workers
[2.830s][info][gc,phases   ] GC(8) Pause Mark Start 0.008ms
[2.880s][info][gc,phases   ] GC(8) Concurrent Mark 49.494ms
[2.880s][info][gc,phases   ] GC(8) Pause Mark End 0.026ms
[2.880s][info][gc,phases   ] GC(8) Concurrent Mark Free 0.002ms
[2.882s][info][gc,phases   ] GC(8) Concurrent Process Non-Strong References 2.265ms
[2.882s][info][gc,phases   ] GC(8) Concurrent Reset Relocation Set 0.001ms
[2.884s][info][gc,phases   ] GC(8) Concurrent Select Relocation Set 1.371ms
[2.884s][info][gc,phases   ] GC(8) Pause Relocate Start 0.008ms
[2.885s][info][gc,phases   ] GC(8) Concurrent Relocate 0.518ms
[2.885s][info][gc,load     ] GC(8) Load: 0.00/0.00/0.00
[2.885s][info][gc,mmu      ] GC(8) MMU: 2ms/98.1%, 5ms/99.2%, 10ms/99.6%, 20ms/99.6%, 50ms/99.9%, 100ms/99.9%
[2.885s][info][gc,marking  ] GC(8) Mark: 2 stripe(s), 2 proactive flush(es), 1 terminate flush(es), 0 completion(s), 0 continuation(s) 
[2.885s][info][gc,marking  ] GC(8) Mark Stack Usage: 32M
[2.885s][info][gc,nmethod  ] GC(8) NMethods: 1724 registered, 367 unregistered
[2.885s][info][gc,metaspace] GC(8) Metaspace: 11M used, 11M committed, 1088M reserved
[2.885s][info][gc,ref      ] GC(8) Soft: 194 encountered, 0 discovered, 0 enqueued
[2.885s][info][gc,ref      ] GC(8) Weak: 764 encountered, 148 discovered, 0 enqueued
[2.885s][info][gc,ref      ] GC(8) Final: 0 encountered, 0 discovered, 0 enqueued
[2.885s][info][gc,ref      ] GC(8) Phantom: 41 encountered, 26 discovered, 0 enqueued
[2.885s][info][gc,reloc    ] GC(8) Small Pages: 125 / 250M, Empty: 190M, Relocated: 1M, In-Place: 0
[2.885s][info][gc,reloc    ] GC(8) Medium Pages: 1 / 32M, Empty: 0M, Relocated: 0M, In-Place: 0
[2.885s][info][gc,reloc    ] GC(8) Large Pages: 1 / 6M, Empty: 0M, Relocated: 0M, In-Place: 0
[2.885s][info][gc,reloc    ] GC(8) Forwarding Usage: 0M
[2.885s][info][gc,heap     ] GC(8) Min Capacity: 1024M(100%)
[2.885s][info][gc,heap     ] GC(8) Max Capacity: 1024M(100%)
[2.885s][info][gc,heap     ] GC(8) Soft Max Capacity: 1024M(100%)
[2.885s][info][gc,heap     ] GC(8)                Mark Start          Mark End        Relocate Start      Relocate End           High               Low         
[2.885s][info][gc,heap     ] GC(8)  Capacity:     1024M (100%)       1024M (100%)       1024M (100%)       1024M (100%)       1024M (100%)       1024M (100%)   
[2.885s][info][gc,heap     ] GC(8)      Free:      736M (72%)         736M (72%)         926M (90%)         944M (92%)         944M (92%)         736M (72%)    
[2.885s][info][gc,heap     ] GC(8)      Used:      288M (28%)         288M (28%)          98M (10%)          80M (8%)          288M (28%)          80M (8%)     
[2.885s][info][gc,heap     ] GC(8)      Live:         -                44M (4%)           44M (4%)           44M (4%)             -                  -          
[2.885s][info][gc,heap     ] GC(8) Allocated:         -                 0M (0%)            0M (0%)            0M (0%)             -                  -          
[2.885s][info][gc,heap     ] GC(8)   Garbage:         -               243M (24%)          53M (5%)           35M (3%)             -                  -          
[2.885s][info][gc,heap     ] GC(8) Reclaimed:         -                  -               190M (19%)         208M (20%)            -                  -          
[2.885s][info][gc          ] GC(8) Garbage Collection (System.gc()) 288M(28%)->80M(8%)
[2.990s][info][gc,start    ] GC(9) Garbage Collection (System.gc())
[2.990s][info][gc,task     ] GC(9) Using 2 workers
[2.990s][info][gc,phases   ] GC(9) Pause Mark Start 0.010ms
[3.036s][info][gc,phases   ] GC(9) Concurrent Mark 45.596ms
[3.036s][info][gc,phases   ] GC(9) Pause Mark End 0.012ms
[3.036s][info][gc,phases   ] GC(9) Concurrent Mark Free 0.002ms
[3.039s][info][gc,phases   ] GC(9) Concurrent Process Non-Strong References 2.336ms
[3.039s][info][gc,phases   ] GC(9) Concurrent Reset Relocation Set 0.001ms
[3.040s][info][gc,phases   ] GC(9) Concurrent Select Relocation Set 1.681ms
[3.041s][info][gc,phases   ] GC(9) Pause Relocate Start 0.008ms
[3.041s][info][gc,phases   ] GC(9) Concurrent Relocate 0.626ms
[3.041s][info][gc,load     ] GC(9) Load: 0.00/0.00/0.00
[3.041s][info][gc,mmu      ] GC(9) MMU: 2ms/98.1%, 5ms/99.2%, 10ms/99.6%, 20ms/99.6%, 50ms/99.9%, 100ms/99.9%
[3.041s][info][gc,marking  ] GC(9) Mark: 2 stripe(s), 2 proactive flush(es), 1 terminate flush(es), 0 completion(s), 0 continuation(s) 
[3.041s][info][gc,marking  ] GC(9) Mark Stack Usage: 32M
[3.041s][info][gc,nmethod  ] GC(9) NMethods: 1757 registered, 377 unregistered
[3.041s][info][gc,metaspace] GC(9) Metaspace: 11M used, 11M committed, 1088M reserved
[3.041s][info][gc,ref      ] GC(9) Soft: 194 encountered, 0 discovered, 0 enqueued
[3.041s][info][gc,ref      ] GC(9) Weak: 764 encountered, 275 discovered, 0 enqueued
[3.041s][info][gc,ref      ] GC(9) Final: 0 encountered, 0 discovered, 0 enqueued
[3.041s][info][gc,ref      ] GC(9) Phantom: 41 encountered, 24 discovered, 0 enqueued
[3.041s][info][gc,reloc    ] GC(9) Small Pages: 125 / 250M, Empty: 192M, Relocated: 1M, In-Place: 0
[3.041s][info][gc,reloc    ] GC(9) Medium Pages: 1 / 32M, Empty: 0M, Relocated: 0M, In-Place: 0
[3.041s][info][gc,reloc    ] GC(9) Large Pages: 1 / 6M, Empty: 0M, Relocated: 0M, In-Place: 0
[3.041s][info][gc,reloc    ] GC(9) Forwarding Usage: 0M
[3.041s][info][gc,heap     ] GC(9) Min Capacity: 1024M(100%)
[3.041s][info][gc,heap     ] GC(9) Max Capacity: 1024M(100%)
[3.041s][info][gc,heap     ] GC(9) Soft Max Capacity: 1024M(100%)
[3.041s][info][gc,heap     ] GC(9)                Mark Start          Mark End        Relocate Start      Relocate End           High               Low         
[3.041s][info][gc,heap     ] GC(9)  Capacity:     1024M (100%)       1024M (100%)       1024M (100%)       1024M (100%)       1024M (100%)       1024M (100%)   
[3.041s][info][gc,heap     ] GC(9)      Free:      736M (72%)         736M (72%)         928M (91%)         944M (92%)         944M (92%)         736M (72%)    
[3.041s][info][gc,heap     ] GC(9)      Used:      288M (28%)         288M (28%)          96M (9%)           80M (8%)          288M (28%)          80M (8%)     
[3.041s][info][gc,heap     ] GC(9)      Live:         -                44M (4%)           44M (4%)           44M (4%)             -                  -          
[3.041s][info][gc,heap     ] GC(9) Allocated:         -                 0M (0%)            0M (0%)            0M (0%)             -                  -          
[3.041s][info][gc,heap     ] GC(9)   Garbage:         -               243M (24%)          51M (5%)           35M (3%)             -                  -          
[3.041s][info][gc,heap     ] GC(9) Reclaimed:         -                  -               192M (19%)         208M (20%)            -                  -          
[3.041s][info][gc          ] GC(9) Garbage Collection (System.gc()) 288M(28%)->80M(8%)
[3.132s][info][gc,start    ] GC(10) Garbage Collection (System.gc())
[3.132s][info][gc,task     ] GC(10) Using 2 workers
[3.133s][info][gc,phases   ] GC(10) Pause Mark Start 0.008ms
[3.193s][info][gc,phases   ] GC(10) Concurrent Mark 60.856ms
[3.194s][info][gc,phases   ] GC(10) Pause Mark End 0.013ms
[3.194s][info][gc,phases   ] GC(10) Concurrent Mark Free 0.002ms
[3.196s][info][gc,phases   ] GC(10) Concurrent Process Non-Strong References 2.278ms
[3.196s][info][gc,phases   ] GC(10) Concurrent Reset Relocation Set 0.001ms
[3.198s][info][gc,phases   ] GC(10) Concurrent Select Relocation Set 1.698ms
[3.198s][info][gc,phases   ] GC(10) Pause Relocate Start 0.008ms
[3.199s][info][gc,phases   ] GC(10) Concurrent Relocate 0.800ms
[3.199s][info][gc,load     ] GC(10) Load: 0.00/0.00/0.00
[3.199s][info][gc,mmu      ] GC(10) MMU: 2ms/98.1%, 5ms/99.2%, 10ms/99.6%, 20ms/99.6%, 50ms/99.9%, 100ms/99.9%
[3.199s][info][gc,marking  ] GC(10) Mark: 2 stripe(s), 2 proactive flush(es), 1 terminate flush(es), 0 completion(s), 0 continuation(s) 
[3.199s][info][gc,marking  ] GC(10) Mark Stack Usage: 32M
[3.199s][info][gc,nmethod  ] GC(10) NMethods: 1776 registered, 384 unregistered
[3.199s][info][gc,metaspace] GC(10) Metaspace: 11M used, 11M committed, 1088M reserved
[3.199s][info][gc,ref      ] GC(10) Soft: 194 encountered, 0 discovered, 0 enqueued
[3.199s][info][gc,ref      ] GC(10) Weak: 764 encountered, 292 discovered, 0 enqueued
[3.199s][info][gc,ref      ] GC(10) Final: 0 encountered, 0 discovered, 0 enqueued
[3.199s][info][gc,ref      ] GC(10) Phantom: 41 encountered, 25 discovered, 0 enqueued
[3.199s][info][gc,reloc    ] GC(10) Small Pages: 126 / 252M, Empty: 192M, Relocated: 1M, In-Place: 0
[3.199s][info][gc,reloc    ] GC(10) Medium Pages: 1 / 32M, Empty: 0M, Relocated: 0M, In-Place: 0
[3.199s][info][gc,reloc    ] GC(10) Large Pages: 1 / 6M, Empty: 0M, Relocated: 0M, In-Place: 0
[3.199s][info][gc,reloc    ] GC(10) Forwarding Usage: 0M
[3.199s][info][gc,heap     ] GC(10) Min Capacity: 1024M(100%)
[3.199s][info][gc,heap     ] GC(10) Max Capacity: 1024M(100%)
[3.199s][info][gc,heap     ] GC(10) Soft Max Capacity: 1024M(100%)
[3.199s][info][gc,heap     ] GC(10)                Mark Start          Mark End        Relocate Start      Relocate End           High               Low         
[3.199s][info][gc,heap     ] GC(10)  Capacity:     1024M (100%)       1024M (100%)       1024M (100%)       1024M (100%)       1024M (100%)       1024M (100%)   
[3.199s][info][gc,heap     ] GC(10)      Free:      734M (72%)         734M (72%)         926M (90%)         944M (92%)         944M (92%)         734M (72%)    
[3.199s][info][gc,heap     ] GC(10)      Used:      290M (28%)         290M (28%)          98M (10%)          80M (8%)          290M (28%)          80M (8%)     
[3.199s][info][gc,heap     ] GC(10)      Live:         -                44M (4%)           44M (4%)           44M (4%)             -                  -          
[3.199s][info][gc,heap     ] GC(10) Allocated:         -                 0M (0%)            0M (0%)            0M (0%)             -                  -          
[3.199s][info][gc,heap     ] GC(10)   Garbage:         -               245M (24%)          53M (5%)           35M (3%)             -                  -          
[3.199s][info][gc,heap     ] GC(10) Reclaimed:         -                  -               192M (19%)         210M (21%)            -                  -          
[3.199s][info][gc          ] GC(10) Garbage Collection (System.gc()) 290M(28%)->80M(8%)
[3.288s][info][gc,start    ] GC(11) Garbage Collection (System.gc())
[3.288s][info][gc,task     ] GC(11) Using 2 workers
[3.288s][info][gc,phases   ] GC(11) Pause Mark Start 0.010ms
[3.351s][info][gc,phases   ] GC(11) Concurrent Mark 62.657ms
[3.351s][info][gc,phases   ] GC(11) Pause Mark End 0.028ms
[3.351s][info][gc,phases   ] GC(11) Concurrent Mark Free 0.002ms
[3.353s][info][gc,phases   ] GC(11) Concurrent Process Non-Strong References 2.268ms
[3.353s][info][gc,phases   ] GC(11) Concurrent Reset Relocation Set 0.001ms
[3.355s][info][gc,phases   ] GC(11) Concurrent Select Relocation Set 1.332ms
[3.355s][info][gc,phases   ] GC(11) Pause Relocate Start 0.008ms
[3.355s][info][gc,phases   ] GC(11) Concurrent Relocate 0.515ms
[3.355s][info][gc,load     ] GC(11) Load: 0.00/0.00/0.00
[3.355s][info][gc,mmu      ] GC(11) MMU: 2ms/98.1%, 5ms/99.2%, 10ms/99.6%, 20ms/99.6%, 50ms/99.9%, 100ms/99.9%
[3.355s][info][gc,marking  ] GC(11) Mark: 2 stripe(s), 1 proactive flush(es), 1 terminate flush(es), 0 completion(s), 0 continuation(s) 
[3.355s][info][gc,marking  ] GC(11) Mark Stack Usage: 32M
[3.355s][info][gc,nmethod  ] GC(11) NMethods: 1806 registered, 385 unregistered
[3.355s][info][gc,metaspace] GC(11) Metaspace: 11M used, 11M committed, 1088M reserved
[3.355s][info][gc,ref      ] GC(11) Soft: 194 encountered, 0 discovered, 0 enqueued
[3.355s][info][gc,ref      ] GC(11) Weak: 764 encountered, 22 discovered, 0 enqueued
[3.355s][info][gc,ref      ] GC(11) Final: 0 encountered, 0 discovered, 0 enqueued
[3.355s][info][gc,ref      ] GC(11) Phantom: 41 encountered, 24 discovered, 0 enqueued
[3.355s][info][gc,reloc    ] GC(11) Small Pages: 126 / 252M, Empty: 194M, Relocated: 1M, In-Place: 0
[3.355s][info][gc,reloc    ] GC(11) Medium Pages: 1 / 32M, Empty: 0M, Relocated: 0M, In-Place: 0
[3.356s][info][gc,reloc    ] GC(11) Large Pages: 1 / 6M, Empty: 0M, Relocated: 0M, In-Place: 0
[3.356s][info][gc,reloc    ] GC(11) Forwarding Usage: 0M
[3.356s][info][gc,heap     ] GC(11) Min Capacity: 1024M(100%)
[3.356s][info][gc,heap     ] GC(11) Max Capacity: 1024M(100%)
[3.356s][info][gc,heap     ] GC(11) Soft Max Capacity: 1024M(100%)
[3.356s][info][gc,heap     ] GC(11)                Mark Start          Mark End        Relocate Start      Relocate End           High               Low         
[3.356s][info][gc,heap     ] GC(11)  Capacity:     1024M (100%)       1024M (100%)       1024M (100%)       1024M (100%)       1024M (100%)       1024M (100%)   
[3.356s][info][gc,heap     ] GC(11)      Free:      734M (72%)         734M (72%)         928M (91%)         944M (92%)         944M (92%)         734M (72%)    
[3.356s][info][gc,heap     ] GC(11)      Used:      290M (28%)         290M (28%)          96M (9%)           80M (8%)          290M (28%)          80M (8%)     
[3.356s][info][gc,heap     ] GC(11)      Live:         -                44M (4%)           44M (4%)           44M (4%)             -                  -          
[3.356s][info][gc,heap     ] GC(11) Allocated:         -                 0M (0%)            0M (0%)            0M (0%)             -                  -          
[3.356s][info][gc,heap     ] GC(11)   Garbage:         -               245M (24%)          51M (5%)           35M (3%)             -                  -          
[3.356s][info][gc,heap     ] GC(11) Reclaimed:         -                  -               194M (19%)         210M (21%)            -                  -          
[3.356s][info][gc          ] GC(11) Garbage Collection (System.gc()) 290M(28%)->80M(8%)
[3.443s][info][gc,start    ] GC(12) Garbage Collection (System.gc())
[3.443s][info][gc,task     ] GC(12) Using 2 workers
[3.443s][info][gc,phases   ] GC(12) Pause Mark Start 0.011ms
[3.491s][info][gc,phases   ] GC(12) Concurrent Mark 47.910ms
[3.492s][info][gc,phases   ] GC(12) Pause Mark End 0.026ms
[3.492s][info][gc,phases   ] GC(12) Concurrent Mark Free 0.003ms
[3.494s][info][gc,phases   ] GC(12) Concurrent Process Non-Strong References 2.328ms
[3.494s][info][gc,phases   ] GC(12) Concurrent Reset Relocation Set 0.002ms
[3.496s][info][gc,phases   ] GC(12) Concurrent Select Relocation Set 1.589ms
[3.496s][info][gc,phases   ] GC(12) Pause Relocate Start 0.006ms
[3.496s][info][gc,phases   ] GC(12) Concurrent Relocate 0.518ms
[3.496s][info][gc,load     ] GC(12) Load: 0.00/0.00/0.00
[3.496s][info][gc,mmu      ] GC(12) MMU: 2ms/98.1%, 5ms/99.2%, 10ms/99.6%, 20ms/99.6%, 50ms/99.9%, 100ms/99.9%
[3.496s][info][gc,marking  ] GC(12) Mark: 2 stripe(s), 2 proactive flush(es), 1 terminate flush(es), 0 completion(s), 0 continuation(s) 
[3.496s][info][gc,marking  ] GC(12) Mark Stack Usage: 32M
[3.497s][info][gc,nmethod  ] GC(12) NMethods: 1809 registered, 385 unregistered
[3.497s][info][gc,metaspace] GC(12) Metaspace: 11M used, 11M committed, 1088M reserved
[3.497s][info][gc,ref      ] GC(12) Soft: 194 encountered, 0 discovered, 0 enqueued
[3.497s][info][gc,ref      ] GC(12) Weak: 764 encountered, 137 discovered, 0 enqueued
[3.497s][info][gc,ref      ] GC(12) Final: 0 encountered, 0 discovered, 0 enqueued
[3.497s][info][gc,ref      ] GC(12) Phantom: 41 encountered, 25 discovered, 0 enqueued
[3.497s][info][gc,reloc    ] GC(12) Small Pages: 126 / 252M, Empty: 196M, Relocated: 1M, In-Place: 0
[3.497s][info][gc,reloc    ] GC(12) Medium Pages: 1 / 32M, Empty: 0M, Relocated: 0M, In-Place: 0
[3.497s][info][gc,reloc    ] GC(12) Large Pages: 1 / 6M, Empty: 0M, Relocated: 0M, In-Place: 0
[3.497s][info][gc,reloc    ] GC(12) Forwarding Usage: 0M
[3.497s][info][gc,heap     ] GC(12) Min Capacity: 1024M(100%)
[3.497s][info][gc,heap     ] GC(12) Max Capacity: 1024M(100%)
[3.497s][info][gc,heap     ] GC(12) Soft Max Capacity: 1024M(100%)
[3.497s][info][gc,heap     ] GC(12)                Mark Start          Mark End        Relocate Start      Relocate End           High               Low         
[3.497s][info][gc,heap     ] GC(12)  Capacity:     1024M (100%)       1024M (100%)       1024M (100%)       1024M (100%)       1024M (100%)       1024M (100%)   
[3.497s][info][gc,heap     ] GC(12)      Free:      734M (72%)         734M (72%)         930M (91%)         944M (92%)         944M (92%)         734M (72%)    
[3.497s][info][gc,heap     ] GC(12)      Used:      290M (28%)         290M (28%)          94M (9%)           80M (8%)          290M (28%)          80M (8%)     
[3.497s][info][gc,heap     ] GC(12)      Live:         -                44M (4%)           44M (4%)           44M (4%)             -                  -          
[3.497s][info][gc,heap     ] GC(12) Allocated:         -                 0M (0%)            0M (0%)            0M (0%)             -                  -          
[3.497s][info][gc,heap     ] GC(12)   Garbage:         -               245M (24%)          49M (5%)           35M (3%)             -                  -          
[3.497s][info][gc,heap     ] GC(12) Reclaimed:         -                  -               196M (19%)         210M (21%)            -                  -          
[3.497s][info][gc          ] GC(12) Garbage Collection (System.gc()) 290M(28%)->80M(8%)
[3.585s][info][gc,start    ] GC(13) Garbage Collection (System.gc())
[3.585s][info][gc,task     ] GC(13) Using 2 workers
[3.585s][info][gc,phases   ] GC(13) Pause Mark Start 0.008ms
[3.633s][info][gc,phases   ] GC(13) Concurrent Mark 47.239ms
[3.633s][info][gc,phases   ] GC(13) Pause Mark End 0.033ms
[3.633s][info][gc,phases   ] GC(13) Concurrent Mark Free 0.003ms
[3.635s][info][gc,phases   ] GC(13) Concurrent Process Non-Strong References 1.994ms
[3.635s][info][gc,phases   ] GC(13) Concurrent Reset Relocation Set 0.001ms
[3.637s][info][gc,phases   ] GC(13) Concurrent Select Relocation Set 1.667ms
[3.637s][info][gc,phases   ] GC(13) Pause Relocate Start 0.008ms
[3.638s][info][gc,phases   ] GC(13) Concurrent Relocate 0.656ms
[3.638s][info][gc,load     ] GC(13) Load: 0.00/0.00/0.00
[3.638s][info][gc,mmu      ] GC(13) MMU: 2ms/98.1%, 5ms/99.2%, 10ms/99.6%, 20ms/99.6%, 50ms/99.9%, 100ms/99.9%
[3.638s][info][gc,marking  ] GC(13) Mark: 2 stripe(s), 1 proactive flush(es), 1 terminate flush(es), 0 completion(s), 0 continuation(s) 
[3.638s][info][gc,marking  ] GC(13) Mark Stack Usage: 32M
[3.638s][info][gc,nmethod  ] GC(13) NMethods: 1830 registered, 386 unregistered
[3.638s][info][gc,metaspace] GC(13) Metaspace: 11M used, 11M committed, 1088M reserved
[3.638s][info][gc,ref      ] GC(13) Soft: 194 encountered, 0 discovered, 0 enqueued
[3.638s][info][gc,ref      ] GC(13) Weak: 764 encountered, 178 discovered, 0 enqueued
[3.638s][info][gc,ref      ] GC(13) Final: 0 encountered, 0 discovered, 0 enqueued
[3.638s][info][gc,ref      ] GC(13) Phantom: 41 encountered, 26 discovered, 0 enqueued
[3.638s][info][gc,reloc    ] GC(13) Small Pages: 125 / 250M, Empty: 192M, Relocated: 1M, In-Place: 0
[3.638s][info][gc,reloc    ] GC(13) Medium Pages: 1 / 32M, Empty: 0M, Relocated: 0M, In-Place: 0
[3.638s][info][gc,reloc    ] GC(13) Large Pages: 1 / 6M, Empty: 0M, Relocated: 0M, In-Place: 0
[3.638s][info][gc,reloc    ] GC(13) Forwarding Usage: 0M
[3.638s][info][gc,heap     ] GC(13) Min Capacity: 1024M(100%)
[3.638s][info][gc,heap     ] GC(13) Max Capacity: 1024M(100%)
[3.638s][info][gc,heap     ] GC(13) Soft Max Capacity: 1024M(100%)
[3.638s][info][gc,heap     ] GC(13)                Mark Start          Mark End        Relocate Start      Relocate End           High               Low         
[3.638s][info][gc,heap     ] GC(13)  Capacity:     1024M (100%)       1024M (100%)       1024M (100%)       1024M (100%)       1024M (100%)       1024M (100%)   
[3.638s][info][gc,heap     ] GC(13)      Free:      736M (72%)         736M (72%)         928M (91%)         944M (92%)         944M (92%)         736M (72%)    
[3.638s][info][gc,heap     ] GC(13)      Used:      288M (28%)         288M (28%)          96M (9%)           80M (8%)          288M (28%)          80M (8%)     
[3.638s][info][gc,heap     ] GC(13)      Live:         -                44M (4%)           44M (4%)           44M (4%)             -                  -          
[3.638s][info][gc,heap     ] GC(13) Allocated:         -                 0M (0%)            0M (0%)            0M (0%)             -                  -          
[3.638s][info][gc,heap     ] GC(13)   Garbage:         -               243M (24%)          51M (5%)           35M (3%)             -                  -          
[3.638s][info][gc,heap     ] GC(13) Reclaimed:         -                  -               192M (19%)         208M (20%)            -                  -          
[3.638s][info][gc          ] GC(13) Garbage Collection (System.gc()) 288M(28%)->80M(8%)
[3.726s][info][gc,start    ] GC(14) Garbage Collection (System.gc())
[3.726s][info][gc,task     ] GC(14) Using 2 workers
[3.726s][info][gc,phases   ] GC(14) Pause Mark Start 0.011ms
[3.789s][info][gc,phases   ] GC(14) Concurrent Mark 63.344ms
[3.789s][info][gc,phases   ] GC(14) Pause Mark End 0.023ms
[3.790s][info][gc,phases   ] GC(14) Concurrent Mark Free 0.002ms
[3.791s][info][gc,phases   ] GC(14) Concurrent Process Non-Strong References 1.511ms
[3.791s][info][gc,phases   ] GC(14) Concurrent Reset Relocation Set 0.001ms
[3.792s][info][gc,phases   ] GC(14) Concurrent Select Relocation Set 1.209ms
[3.792s][info][gc,phases   ] GC(14) Pause Relocate Start 0.008ms
[3.793s][info][gc,phases   ] GC(14) Concurrent Relocate 0.519ms
[3.793s][info][gc,load     ] GC(14) Load: 0.00/0.00/0.00
[3.793s][info][gc,mmu      ] GC(14) MMU: 2ms/98.1%, 5ms/99.2%, 10ms/99.6%, 20ms/99.6%, 50ms/99.9%, 100ms/99.9%
[3.793s][info][gc,marking  ] GC(14) Mark: 2 stripe(s), 2 proactive flush(es), 1 terminate flush(es), 0 completion(s), 0 continuation(s) 
[3.793s][info][gc,marking  ] GC(14) Mark Stack Usage: 32M
[3.793s][info][gc,nmethod  ] GC(14) NMethods: 1845 registered, 386 unregistered
[3.793s][info][gc,metaspace] GC(14) Metaspace: 11M used, 11M committed, 1088M reserved
[3.793s][info][gc,ref      ] GC(14) Soft: 194 encountered, 0 discovered, 0 enqueued
[3.793s][info][gc,ref      ] GC(14) Weak: 764 encountered, 397 discovered, 0 enqueued
[3.793s][info][gc,ref      ] GC(14) Final: 0 encountered, 0 discovered, 0 enqueued
[3.793s][info][gc,ref      ] GC(14) Phantom: 41 encountered, 22 discovered, 0 enqueued
[3.793s][info][gc,reloc    ] GC(14) Small Pages: 127 / 254M, Empty: 194M, Relocated: 1M, In-Place: 0
[3.793s][info][gc,reloc    ] GC(14) Medium Pages: 1 / 32M, Empty: 0M, Relocated: 0M, In-Place: 0
[3.793s][info][gc,reloc    ] GC(14) Large Pages: 1 / 6M, Empty: 0M, Relocated: 0M, In-Place: 0
[3.793s][info][gc,reloc    ] GC(14) Forwarding Usage: 0M
[3.793s][info][gc,heap     ] GC(14) Min Capacity: 1024M(100%)
[3.793s][info][gc,heap     ] GC(14) Max Capacity: 1024M(100%)
[3.793s][info][gc,heap     ] GC(14) Soft Max Capacity: 1024M(100%)
[3.793s][info][gc,heap     ] GC(14)                Mark Start          Mark End        Relocate Start      Relocate End           High               Low         
[3.793s][info][gc,heap     ] GC(14)  Capacity:     1024M (100%)       1024M (100%)       1024M (100%)       1024M (100%)       1024M (100%)       1024M (100%)   
[3.793s][info][gc,heap     ] GC(14)      Free:      732M (71%)         732M (71%)         926M (90%)         944M (92%)         944M (92%)         732M (71%)    
[3.793s][info][gc,heap     ] GC(14)      Used:      292M (29%)         292M (29%)          98M (10%)          80M (8%)          292M (29%)          80M (8%)     
[3.793s][info][gc,heap     ] GC(14)      Live:         -                44M (4%)           44M (4%)           44M (4%)             -                  -          
[3.793s][info][gc,heap     ] GC(14) Allocated:         -                 0M (0%)            0M (0%)            0M (0%)             -                  -          
[3.793s][info][gc,heap     ] GC(14)   Garbage:         -               247M (24%)          53M (5%)           35M (3%)             -                  -          
[3.793s][info][gc,heap     ] GC(14) Reclaimed:         -                  -               194M (19%)         212M (21%)            -                  -          
[3.793s][info][gc          ] GC(14) Garbage Collection (System.gc()) 292M(29%)->80M(8%)
[3.881s][info][gc,start    ] GC(15) Garbage Collection (System.gc())
[3.881s][info][gc,task     ] GC(15) Using 2 workers
[3.881s][info][gc,phases   ] GC(15) Pause Mark Start 0.009ms
[3.930s][info][gc,phases   ] GC(15) Concurrent Mark 48.622ms
[3.930s][info][gc,phases   ] GC(15) Pause Mark End 0.029ms
[3.931s][info][gc,phases   ] GC(15) Concurrent Mark Free 0.003ms
[3.933s][info][gc,phases   ] GC(15) Concurrent Process Non-Strong References 2.625ms
[3.933s][info][gc,phases   ] GC(15) Concurrent Reset Relocation Set 0.001ms
[3.935s][info][gc,phases   ] GC(15) Concurrent Select Relocation Set 1.532ms
[3.935s][info][gc,phases   ] GC(15) Pause Relocate Start 0.007ms
[3.936s][info][gc,phases   ] GC(15) Concurrent Relocate 0.525ms
[3.936s][info][gc,load     ] GC(15) Load: 0.00/0.00/0.00
[3.936s][info][gc,mmu      ] GC(15) MMU: 2ms/98.1%, 5ms/99.2%, 10ms/99.6%, 20ms/99.6%, 50ms/99.9%, 100ms/99.9%
[3.936s][info][gc,marking  ] GC(15) Mark: 2 stripe(s), 3 proactive flush(es), 1 terminate flush(es), 0 completion(s), 0 continuation(s) 
[3.936s][info][gc,marking  ] GC(15) Mark Stack Usage: 32M
[3.936s][info][gc,nmethod  ] GC(15) NMethods: 1880 registered, 389 unregistered
[3.936s][info][gc,metaspace] GC(15) Metaspace: 11M used, 11M committed, 1088M reserved
[3.936s][info][gc,ref      ] GC(15) Soft: 194 encountered, 0 discovered, 0 enqueued
[3.936s][info][gc,ref      ] GC(15) Weak: 764 encountered, 214 discovered, 0 enqueued
[3.936s][info][gc,ref      ] GC(15) Final: 0 encountered, 0 discovered, 0 enqueued
[3.936s][info][gc,ref      ] GC(15) Phantom: 41 encountered, 26 discovered, 0 enqueued
[3.936s][info][gc,reloc    ] GC(15) Small Pages: 127 / 254M, Empty: 196M, Relocated: 1M, In-Place: 0
[3.936s][info][gc,reloc    ] GC(15) Medium Pages: 1 / 32M, Empty: 0M, Relocated: 0M, In-Place: 0
[3.936s][info][gc,reloc    ] GC(15) Large Pages: 1 / 6M, Empty: 0M, Relocated: 0M, In-Place: 0
[3.936s][info][gc,reloc    ] GC(15) Forwarding Usage: 0M
[3.936s][info][gc,heap     ] GC(15) Min Capacity: 1024M(100%)
[3.936s][info][gc,heap     ] GC(15) Max Capacity: 1024M(100%)
[3.936s][info][gc,heap     ] GC(15) Soft Max Capacity: 1024M(100%)
[3.936s][info][gc,heap     ] GC(15)                Mark Start          Mark End        Relocate Start      Relocate End           High               Low         
[3.936s][info][gc,heap     ] GC(15)  Capacity:     1024M (100%)       1024M (100%)       1024M (100%)       1024M (100%)       1024M (100%)       1024M (100%)   
[3.936s][info][gc,heap     ] GC(15)      Free:      732M (71%)         732M (71%)         928M (91%)         944M (92%)         944M (92%)         732M (71%)    
[3.936s][info][gc,heap     ] GC(15)      Used:      292M (29%)         292M (29%)          96M (9%)           80M (8%)          292M (29%)          80M (8%)     
[3.936s][info][gc,heap     ] GC(15)      Live:         -                44M (4%)           44M (4%)           44M (4%)             -                  -          
[3.936s][info][gc,heap     ] GC(15) Allocated:         -                 0M (0%)            0M (0%)            0M (0%)             -                  -          
[3.936s][info][gc,heap     ] GC(15)   Garbage:         -               247M (24%)          51M (5%)           35M (3%)             -                  -          
[3.936s][info][gc,heap     ] GC(15) Reclaimed:         -                  -               196M (19%)         212M (21%)            -                  -          
[3.936s][info][gc          ] GC(15) Garbage Collection (System.gc()) 292M(29%)->80M(8%)
[4.023s][info][gc,start    ] GC(16) Garbage Collection (System.gc())
[4.024s][info][gc,task     ] GC(16) Using 2 workers
[4.024s][info][gc,phases   ] GC(16) Pause Mark Start 0.011ms
[4.071s][info][gc,phases   ] GC(16) Concurrent Mark 47.643ms
[4.072s][info][gc,phases   ] GC(16) Pause Mark End 0.025ms
[4.072s][info][gc,phases   ] GC(16) Concurrent Mark Free 0.003ms
[4.074s][info][gc,phases   ] GC(16) Concurrent Process Non-Strong References 1.868ms
[4.074s][info][gc,phases   ] GC(16) Concurrent Reset Relocation Set 0.001ms
[4.076s][info][gc,phases   ] GC(16) Concurrent Select Relocation Set 1.878ms
[4.076s][info][gc,phases   ] GC(16) Pause Relocate Start 0.008ms
[4.077s][info][gc,phases   ] GC(16) Concurrent Relocate 1.072ms
[4.077s][info][gc,load     ] GC(16) Load: 0.00/0.00/0.00
[4.077s][info][gc,mmu      ] GC(16) MMU: 2ms/98.1%, 5ms/99.2%, 10ms/99.6%, 20ms/99.6%, 50ms/99.9%, 100ms/99.9%
[4.077s][info][gc,marking  ] GC(16) Mark: 2 stripe(s), 1 proactive flush(es), 1 terminate flush(es), 0 completion(s), 0 continuation(s) 
[4.077s][info][gc,marking  ] GC(16) Mark Stack Usage: 32M
[4.077s][info][gc,nmethod  ] GC(16) NMethods: 1882 registered, 389 unregistered
[4.077s][info][gc,metaspace] GC(16) Metaspace: 11M used, 11M committed, 1088M reserved
[4.077s][info][gc,ref      ] GC(16) Soft: 194 encountered, 0 discovered, 0 enqueued
[4.077s][info][gc,ref      ] GC(16) Weak: 764 encountered, 359 discovered, 0 enqueued
[4.077s][info][gc,ref      ] GC(16) Final: 0 encountered, 0 discovered, 0 enqueued
[4.077s][info][gc,ref      ] GC(16) Phantom: 41 encountered, 26 discovered, 0 enqueued
[4.077s][info][gc,reloc    ] GC(16) Small Pages: 126 / 252M, Empty: 194M, Relocated: 1M, In-Place: 0
[4.077s][info][gc,reloc    ] GC(16) Medium Pages: 1 / 32M, Empty: 0M, Relocated: 0M, In-Place: 0
[4.077s][info][gc,reloc    ] GC(16) Large Pages: 1 / 6M, Empty: 0M, Relocated: 0M, In-Place: 0
[4.077s][info][gc,reloc    ] GC(16) Forwarding Usage: 0M
[4.077s][info][gc,heap     ] GC(16) Min Capacity: 1024M(100%)
[4.077s][info][gc,heap     ] GC(16) Max Capacity: 1024M(100%)
[4.077s][info][gc,heap     ] GC(16) Soft Max Capacity: 1024M(100%)
[4.077s][info][gc,heap     ] GC(16)                Mark Start          Mark End        Relocate Start      Relocate End           High               Low         
[4.077s][info][gc,heap     ] GC(16)  Capacity:     1024M (100%)       1024M (100%)       1024M (100%)       1024M (100%)       1024M (100%)       1024M (100%)   
[4.077s][info][gc,heap     ] GC(16)      Free:      734M (72%)         734M (72%)         928M (91%)         944M (92%)         944M (92%)         734M (72%)    
[4.077s][info][gc,heap     ] GC(16)      Used:      290M (28%)         290M (28%)          96M (9%)           80M (8%)          290M (28%)          80M (8%)     
[4.077s][info][gc,heap     ] GC(16)      Live:         -                44M (4%)           44M (4%)           44M (4%)             -                  -          
[4.077s][info][gc,heap     ] GC(16) Allocated:         -                 0M (0%)            0M (0%)            0M (0%)             -                  -          
[4.077s][info][gc,heap     ] GC(16)   Garbage:         -               245M (24%)          51M (5%)           35M (3%)             -                  -          
[4.077s][info][gc,heap     ] GC(16) Reclaimed:         -                  -               194M (19%)         210M (21%)            -                  -          
[4.077s][info][gc          ] GC(16) Garbage Collection (System.gc()) 290M(28%)->80M(8%)
[4.165s][info][gc,start    ] GC(17) Garbage Collection (System.gc())
[4.165s][info][gc,task     ] GC(17) Using 2 workers
[4.165s][info][gc,phases   ] GC(17) Pause Mark Start 0.008ms
[4.213s][info][gc,phases   ] GC(17) Concurrent Mark 47.947ms
[4.213s][info][gc,phases   ] GC(17) Pause Mark End 0.034ms
[4.213s][info][gc,phases   ] GC(17) Concurrent Mark Free 0.006ms
[4.215s][info][gc,phases   ] GC(17) Concurrent Process Non-Strong References 1.764ms
[4.215s][info][gc,phases   ] GC(17) Concurrent Reset Relocation Set 0.001ms
[4.217s][info][gc,phases   ] GC(17) Concurrent Select Relocation Set 1.763ms
[4.217s][info][gc,phases   ] GC(17) Pause Relocate Start 0.008ms
[4.218s][info][gc,phases   ] GC(17) Concurrent Relocate 1.283ms
[4.218s][info][gc,load     ] GC(17) Load: 0.00/0.00/0.00
[4.218s][info][gc,mmu      ] GC(17) MMU: 2ms/98.1%, 5ms/99.2%, 10ms/99.6%, 20ms/99.6%, 50ms/99.9%, 100ms/99.9%
[4.218s][info][gc,marking  ] GC(17) Mark: 2 stripe(s), 2 proactive flush(es), 1 terminate flush(es), 0 completion(s), 0 continuation(s) 
[4.218s][info][gc,marking  ] GC(17) Mark Stack Usage: 32M
[4.218s][info][gc,nmethod  ] GC(17) NMethods: 1889 registered, 389 unregistered
[4.218s][info][gc,metaspace] GC(17) Metaspace: 11M used, 11M committed, 1088M reserved
[4.218s][info][gc,ref      ] GC(17) Soft: 194 encountered, 0 discovered, 0 enqueued
[4.218s][info][gc,ref      ] GC(17) Weak: 764 encountered, 26 discovered, 0 enqueued
[4.218s][info][gc,ref      ] GC(17) Final: 0 encountered, 0 discovered, 0 enqueued
[4.218s][info][gc,ref      ] GC(17) Phantom: 41 encountered, 24 discovered, 0 enqueued
[4.218s][info][gc,reloc    ] GC(17) Small Pages: 127 / 254M, Empty: 194M, Relocated: 1M, In-Place: 0
[4.218s][info][gc,reloc    ] GC(17) Medium Pages: 1 / 32M, Empty: 0M, Relocated: 0M, In-Place: 0
[4.218s][info][gc,reloc    ] GC(17) Large Pages: 1 / 6M, Empty: 0M, Relocated: 0M, In-Place: 0
[4.218s][info][gc,reloc    ] GC(17) Forwarding Usage: 0M
[4.219s][info][gc,heap     ] GC(17) Min Capacity: 1024M(100%)
[4.219s][info][gc,heap     ] GC(17) Max Capacity: 1024M(100%)
[4.219s][info][gc,heap     ] GC(17) Soft Max Capacity: 1024M(100%)
[4.219s][info][gc,heap     ] GC(17)                Mark Start          Mark End        Relocate Start      Relocate End           High               Low         
[4.219s][info][gc,heap     ] GC(17)  Capacity:     1024M (100%)       1024M (100%)       1024M (100%)       1024M (100%)       1024M (100%)       1024M (100%)   
[4.219s][info][gc,heap     ] GC(17)      Free:      732M (71%)         732M (71%)         926M (90%)         944M (92%)         944M (92%)         732M (71%)    
[4.219s][info][gc,heap     ] GC(17)      Used:      292M (29%)         292M (29%)          98M (10%)          80M (8%)          292M (29%)          80M (8%)     
[4.219s][info][gc,heap     ] GC(17)      Live:         -                44M (4%)           44M (4%)           44M (4%)             -                  -          
[4.219s][info][gc,heap     ] GC(17) Allocated:         -                 0M (0%)            0M (0%)            0M (0%)             -                  -          
[4.219s][info][gc,heap     ] GC(17)   Garbage:         -               247M (24%)          53M (5%)           35M (3%)             -                  -          
[4.219s][info][gc,heap     ] GC(17) Reclaimed:         -                  -               194M (19%)         212M (21%)            -                  -          
[4.219s][info][gc          ] GC(17) Garbage Collection (System.gc()) 292M(29%)->80M(8%)
[4.307s][info][gc,start    ] GC(18) Garbage Collection (System.gc())
[4.307s][info][gc,task     ] GC(18) Using 2 workers
[4.307s][info][gc,phases   ] GC(18) Pause Mark Start 0.010ms
[4.354s][info][gc,phases   ] GC(18) Concurrent Mark 46.476ms
[4.354s][info][gc,phases   ] GC(18) Pause Mark End 0.012ms
[4.354s][info][gc,phases   ] GC(18) Concurrent Mark Free 0.002ms
[4.356s][info][gc,phases   ] GC(18) Concurrent Process Non-Strong References 1.868ms
[4.356s][info][gc,phases   ] GC(18) Concurrent Reset Relocation Set 0.001ms
[4.358s][info][gc,phases   ] GC(18) Concurrent Select Relocation Set 1.700ms
[4.358s][info][gc,phases   ] GC(18) Pause Relocate Start 0.008ms
[4.359s][info][gc,phases   ] GC(18) Concurrent Relocate 0.520ms
[4.359s][info][gc,load     ] GC(18) Load: 0.00/0.00/0.00
[4.359s][info][gc,mmu      ] GC(18) MMU: 2ms/98.1%, 5ms/99.2%, 10ms/99.6%, 20ms/99.6%, 50ms/99.9%, 100ms/99.9%
[4.359s][info][gc,marking  ] GC(18) Mark: 2 stripe(s), 1 proactive flush(es), 1 terminate flush(es), 0 completion(s), 0 continuation(s) 
[4.359s][info][gc,marking  ] GC(18) Mark Stack Usage: 32M
[4.359s][info][gc,nmethod  ] GC(18) NMethods: 1909 registered, 390 unregistered
[4.359s][info][gc,metaspace] GC(18) Metaspace: 11M used, 11M committed, 1088M reserved
[4.359s][info][gc,ref      ] GC(18) Soft: 194 encountered, 0 discovered, 0 enqueued
[4.359s][info][gc,ref      ] GC(18) Weak: 764 encountered, 15 discovered, 0 enqueued
[4.359s][info][gc,ref      ] GC(18) Final: 0 encountered, 0 discovered, 0 enqueued
[4.359s][info][gc,ref      ] GC(18) Phantom: 41 encountered, 26 discovered, 0 enqueued
[4.359s][info][gc,reloc    ] GC(18) Small Pages: 124 / 248M, Empty: 190M, Relocated: 1M, In-Place: 0
[4.359s][info][gc,reloc    ] GC(18) Medium Pages: 1 / 32M, Empty: 0M, Relocated: 0M, In-Place: 0
[4.359s][info][gc,reloc    ] GC(18) Large Pages: 1 / 6M, Empty: 0M, Relocated: 0M, In-Place: 0
[4.359s][info][gc,reloc    ] GC(18) Forwarding Usage: 0M
[4.359s][info][gc,heap     ] GC(18) Min Capacity: 1024M(100%)
[4.359s][info][gc,heap     ] GC(18) Max Capacity: 1024M(100%)
[4.359s][info][gc,heap     ] GC(18) Soft Max Capacity: 1024M(100%)
[4.359s][info][gc,heap     ] GC(18)                Mark Start          Mark End        Relocate Start      Relocate End           High               Low         
[4.359s][info][gc,heap     ] GC(18)  Capacity:     1024M (100%)       1024M (100%)       1024M (100%)       1024M (100%)       1024M (100%)       1024M (100%)   
[4.359s][info][gc,heap     ] GC(18)      Free:      738M (72%)         738M (72%)         928M (91%)         944M (92%)         944M (92%)         738M (72%)    
[4.359s][info][gc,heap     ] GC(18)      Used:      286M (28%)         286M (28%)          96M (9%)           80M (8%)          286M (28%)          80M (8%)     
[4.359s][info][gc,heap     ] GC(18)      Live:         -                44M (4%)           44M (4%)           44M (4%)             -                  -          
[4.359s][info][gc,heap     ] GC(18) Allocated:         -                 0M (0%)            0M (0%)            0M (0%)             -                  -          
[4.359s][info][gc,heap     ] GC(18)   Garbage:         -               241M (24%)          51M (5%)           35M (3%)             -                  -          
[4.359s][info][gc,heap     ] GC(18) Reclaimed:         -                  -               190M (19%)         206M (20%)            -                  -          
[4.359s][info][gc          ] GC(18) Garbage Collection (System.gc()) 286M(28%)->80M(8%)
[4.446s][info][gc,start    ] GC(19) Garbage Collection (System.gc())
[4.446s][info][gc,task     ] GC(19) Using 2 workers
[4.446s][info][gc,phases   ] GC(19) Pause Mark Start 0.010ms
[4.495s][info][gc,phases   ] GC(19) Concurrent Mark 48.624ms
[4.495s][info][gc,phases   ] GC(19) Pause Mark End 0.021ms
[4.495s][info][gc,phases   ] GC(19) Concurrent Mark Free 0.002ms
[4.498s][info][gc,phases   ] GC(19) Concurrent Process Non-Strong References 2.080ms
[4.498s][info][gc,phases   ] GC(19) Concurrent Reset Relocation Set 0.001ms
[4.499s][info][gc,phases   ] GC(19) Concurrent Select Relocation Set 1.214ms
[4.499s][info][gc,phases   ] GC(19) Pause Relocate Start 0.008ms
[4.499s][info][gc,phases   ] GC(19) Concurrent Relocate 0.533ms
[4.499s][info][gc,load     ] GC(19) Load: 0.00/0.00/0.00
[4.499s][info][gc,mmu      ] GC(19) MMU: 2ms/98.1%, 5ms/99.2%, 10ms/99.6%, 20ms/99.6%, 50ms/99.9%, 100ms/99.9%
[4.500s][info][gc,marking  ] GC(19) Mark: 2 stripe(s), 1 proactive flush(es), 1 terminate flush(es), 0 completion(s), 0 continuation(s) 
[4.500s][info][gc,marking  ] GC(19) Mark Stack Usage: 32M
[4.500s][info][gc,nmethod  ] GC(19) NMethods: 1915 registered, 391 unregistered
[4.500s][info][gc,metaspace] GC(19) Metaspace: 11M used, 11M committed, 1088M reserved
[4.500s][info][gc,ref      ] GC(19) Soft: 194 encountered, 0 discovered, 0 enqueued
[4.500s][info][gc,ref      ] GC(19) Weak: 764 encountered, 249 discovered, 0 enqueued
[4.500s][info][gc,ref      ] GC(19) Final: 0 encountered, 0 discovered, 0 enqueued
[4.500s][info][gc,ref      ] GC(19) Phantom: 41 encountered, 25 discovered, 0 enqueued
[4.500s][info][gc,reloc    ] GC(19) Small Pages: 126 / 252M, Empty: 196M, Relocated: 1M, In-Place: 0
[4.500s][info][gc,reloc    ] GC(19) Medium Pages: 1 / 32M, Empty: 0M, Relocated: 0M, In-Place: 0
[4.500s][info][gc,reloc    ] GC(19) Large Pages: 1 / 6M, Empty: 0M, Relocated: 0M, In-Place: 0
[4.500s][info][gc,reloc    ] GC(19) Forwarding Usage: 0M
[4.500s][info][gc,heap     ] GC(19) Min Capacity: 1024M(100%)
[4.500s][info][gc,heap     ] GC(19) Max Capacity: 1024M(100%)
[4.500s][info][gc,heap     ] GC(19) Soft Max Capacity: 1024M(100%)
[4.500s][info][gc,heap     ] GC(19)                Mark Start          Mark End        Relocate Start      Relocate End           High               Low         
[4.500s][info][gc,heap     ] GC(19)  Capacity:     1024M (100%)       1024M (100%)       1024M (100%)       1024M (100%)       1024M (100%)       1024M (100%)   
[4.500s][info][gc,heap     ] GC(19)      Free:      734M (72%)         734M (72%)         930M (91%)         944M (92%)         944M (92%)         734M (72%)    
[4.500s][info][gc,heap     ] GC(19)      Used:      290M (28%)         290M (28%)          94M (9%)           80M (8%)          290M (28%)          80M (8%)     
[4.500s][info][gc,heap     ] GC(19)      Live:         -                44M (4%)           44M (4%)           44M (4%)             -                  -          
[4.500s][info][gc,heap     ] GC(19) Allocated:         -                 0M (0%)            0M (0%)            0M (0%)             -                  -          
[4.500s][info][gc,heap     ] GC(19)   Garbage:         -               245M (24%)          49M (5%)           35M (3%)             -                  -          
[4.500s][info][gc,heap     ] GC(19) Reclaimed:         -                  -               196M (19%)         210M (21%)            -                  -          
[4.500s][info][gc          ] GC(19) Garbage Collection (System.gc()) 290M(28%)->80M(8%)
[4.588s][info][gc,start    ] GC(20) Garbage Collection (System.gc())
[4.588s][info][gc,task     ] GC(20) Using 2 workers
[4.588s][info][gc,phases   ] GC(20) Pause Mark Start 0.013ms
[4.637s][info][gc,phases   ] GC(20) Concurrent Mark 48.983ms
[4.637s][info][gc,phases   ] GC(20) Pause Mark End 0.024ms
[4.637s][info][gc,phases   ] GC(20) Concurrent Mark Free 0.003ms
[4.639s][info][gc,phases   ] GC(20) Concurrent Process Non-Strong References 2.084ms
[4.639s][info][gc,phases   ] GC(20) Concurrent Reset Relocation Set 0.001ms
[4.641s][info][gc,phases   ] GC(20) Concurrent Select Relocation Set 1.595ms
[4.641s][info][gc,phases   ] GC(20) Pause Relocate Start 0.008ms
[4.642s][info][gc,phases   ] GC(20) Concurrent Relocate 0.516ms
[4.642s][info][gc,load     ] GC(20) Load: 0.00/0.00/0.00
[4.642s][info][gc,mmu      ] GC(20) MMU: 2ms/98.1%, 5ms/99.2%, 10ms/99.6%, 20ms/99.6%, 50ms/99.9%, 100ms/99.9%
[4.642s][info][gc,marking  ] GC(20) Mark: 2 stripe(s), 1 proactive flush(es), 1 terminate flush(es), 0 completion(s), 0 continuation(s) 
[4.642s][info][gc,marking  ] GC(20) Mark Stack Usage: 32M
[4.642s][info][gc,nmethod  ] GC(20) NMethods: 1917 registered, 392 unregistered
[4.642s][info][gc,metaspace] GC(20) Metaspace: 11M used, 11M committed, 1088M reserved
[4.642s][info][gc,ref      ] GC(20) Soft: 194 encountered, 0 discovered, 0 enqueued
[4.642s][info][gc,ref      ] GC(20) Weak: 764 encountered, 283 discovered, 0 enqueued
[4.642s][info][gc,ref      ] GC(20) Final: 0 encountered, 0 discovered, 0 enqueued
[4.642s][info][gc,ref      ] GC(20) Phantom: 41 encountered, 25 discovered, 0 enqueued
[4.642s][info][gc,reloc    ] GC(20) Small Pages: 126 / 252M, Empty: 194M, Relocated: 1M, In-Place: 0
[4.642s][info][gc,reloc    ] GC(20) Medium Pages: 1 / 32M, Empty: 0M, Relocated: 0M, In-Place: 0
[4.642s][info][gc,reloc    ] GC(20) Large Pages: 1 / 6M, Empty: 0M, Relocated: 0M, In-Place: 0
[4.642s][info][gc,reloc    ] GC(20) Forwarding Usage: 0M
[4.642s][info][gc,heap     ] GC(20) Min Capacity: 1024M(100%)
[4.642s][info][gc,heap     ] GC(20) Max Capacity: 1024M(100%)
[4.642s][info][gc,heap     ] GC(20) Soft Max Capacity: 1024M(100%)
[4.642s][info][gc,heap     ] GC(20)                Mark Start          Mark End        Relocate Start      Relocate End           High               Low         
[4.642s][info][gc,heap     ] GC(20)  Capacity:     1024M (100%)       1024M (100%)       1024M (100%)       1024M (100%)       1024M (100%)       1024M (100%)   
[4.642s][info][gc,heap     ] GC(20)      Free:      734M (72%)         734M (72%)         928M (91%)         944M (92%)         944M (92%)         734M (72%)    
[4.642s][info][gc,heap     ] GC(20)      Used:      290M (28%)         290M (28%)          96M (9%)           80M (8%)          290M (28%)          80M (8%)     
[4.642s][info][gc,heap     ] GC(20)      Live:         -                44M (4%)           44M (4%)           44M (4%)             -                  -          
[4.642s][info][gc,heap     ] GC(20) Allocated:         -                 0M (0%)            0M (0%)            0M (0%)             -                  -          
[4.642s][info][gc,heap     ] GC(20)   Garbage:         -               245M (24%)          51M (5%)           35M (3%)             -                  -          
[4.642s][info][gc,heap     ] GC(20) Reclaimed:         -                  -               194M (19%)         210M (21%)            -                  -          
[4.642s][info][gc          ] GC(20) Garbage Collection (System.gc()) 290M(28%)->80M(8%)
[4.729s][info][gc,start    ] GC(21) Garbage Collection (System.gc())
[4.729s][info][gc,task     ] GC(21) Using 2 workers
[4.729s][info][gc,phases   ] GC(21) Pause Mark Start 0.010ms
[4.779s][info][gc,phases   ] GC(21) Concurrent Mark 50.120ms
[4.780s][info][gc,phases   ] GC(21) Pause Mark End 0.033ms
[4.780s][info][gc,phases   ] GC(21) Concurrent Mark Free 0.004ms
[4.783s][info][gc,phases   ] GC(21) Concurrent Process Non-Strong References 2.941ms
[4.783s][info][gc,phases   ] GC(21) Concurrent Reset Relocation Set 0.001ms
[4.784s][info][gc,phases   ] GC(21) Concurrent Select Relocation Set 1.482ms
[4.784s][info][gc,phases   ] GC(21) Pause Relocate Start 0.007ms
[4.785s][info][gc,phases   ] GC(21) Concurrent Relocate 0.525ms
[4.785s][info][gc,load     ] GC(21) Load: 0.00/0.00/0.00
[4.785s][info][gc,mmu      ] GC(21) MMU: 2ms/98.1%, 5ms/99.2%, 10ms/99.6%, 20ms/99.6%, 50ms/99.9%, 100ms/99.9%
[4.785s][info][gc,marking  ] GC(21) Mark: 2 stripe(s), 1 proactive flush(es), 1 terminate flush(es), 0 completion(s), 0 continuation(s) 
[4.785s][info][gc,marking  ] GC(21) Mark Stack Usage: 32M
[4.785s][info][gc,nmethod  ] GC(21) NMethods: 1921 registered, 392 unregistered
[4.785s][info][gc,metaspace] GC(21) Metaspace: 11M used, 11M committed, 1088M reserved
[4.785s][info][gc,ref      ] GC(21) Soft: 194 encountered, 0 discovered, 0 enqueued
[4.785s][info][gc,ref      ] GC(21) Weak: 764 encountered, 253 discovered, 0 enqueued
[4.785s][info][gc,ref      ] GC(21) Final: 0 encountered, 0 discovered, 0 enqueued
[4.785s][info][gc,ref      ] GC(21) Phantom: 41 encountered, 25 discovered, 0 enqueued
[4.785s][info][gc,reloc    ] GC(21) Small Pages: 126 / 252M, Empty: 194M, Relocated: 1M, In-Place: 0
[4.785s][info][gc,reloc    ] GC(21) Medium Pages: 1 / 32M, Empty: 0M, Relocated: 0M, In-Place: 0
[4.785s][info][gc,reloc    ] GC(21) Large Pages: 1 / 6M, Empty: 0M, Relocated: 0M, In-Place: 0
[4.785s][info][gc,reloc    ] GC(21) Forwarding Usage: 0M
[4.785s][info][gc,heap     ] GC(21) Min Capacity: 1024M(100%)
[4.785s][info][gc,heap     ] GC(21) Max Capacity: 1024M(100%)
[4.785s][info][gc,heap     ] GC(21) Soft Max Capacity: 1024M(100%)
[4.785s][info][gc,heap     ] GC(21)                Mark Start          Mark End        Relocate Start      Relocate End           High               Low         
[4.785s][info][gc,heap     ] GC(21)  Capacity:     1024M (100%)       1024M (100%)       1024M (100%)       1024M (100%)       1024M (100%)       1024M (100%)   
[4.785s][info][gc,heap     ] GC(21)      Free:      734M (72%)         734M (72%)         928M (91%)         944M (92%)         944M (92%)         734M (72%)    
[4.785s][info][gc,heap     ] GC(21)      Used:      290M (28%)         290M (28%)          96M (9%)           80M (8%)          290M (28%)          80M (8%)     
[4.785s][info][gc,heap     ] GC(21)      Live:         -                44M (4%)           44M (4%)           44M (4%)             -                  -          
[4.785s][info][gc,heap     ] GC(21) Allocated:         -                 0M (0%)            0M (0%)            0M (0%)             -                  -          
[4.785s][info][gc,heap     ] GC(21)   Garbage:         -               245M (24%)          51M (5%)           35M (3%)             -                  -          
[4.785s][info][gc,heap     ] GC(21) Reclaimed:         -                  -               194M (19%)         210M (21%)            -                  -          
[4.785s][info][gc          ] GC(21) Garbage Collection (System.gc()) 290M(28%)->80M(8%)
[4.873s][info][gc,start    ] GC(22) Garbage Collection (System.gc())
[4.874s][info][gc,task     ] GC(22) Using 2 workers
[4.874s][info][gc,phases   ] GC(22) Pause Mark Start 0.009ms
[4.921s][info][gc,phases   ] GC(22) Concurrent Mark 46.869ms
[4.921s][info][gc,phases   ] GC(22) Pause Mark End 0.022ms
[4.921s][info][gc,phases   ] GC(22) Concurrent Mark Free 0.002ms
[4.923s][info][gc,phases   ] GC(22) Concurrent Process Non-Strong References 2.010ms
[4.923s][info][gc,phases   ] GC(22) Concurrent Reset Relocation Set 0.001ms
[4.925s][info][gc,phases   ] GC(22) Concurrent Select Relocation Set 1.531ms
[4.925s][info][gc,phases   ] GC(22) Pause Relocate Start 0.008ms
[4.926s][info][gc,phases   ] GC(22) Concurrent Relocate 1.014ms
[4.926s][info][gc,load     ] GC(22) Load: 0.00/0.00/0.00
[4.926s][info][gc,mmu      ] GC(22) MMU: 2ms/98.1%, 5ms/99.2%, 10ms/99.6%, 20ms/99.6%, 50ms/99.9%, 100ms/99.9%
[4.926s][info][gc,marking  ] GC(22) Mark: 2 stripe(s), 1 proactive flush(es), 1 terminate flush(es), 0 completion(s), 0 continuation(s) 
[4.926s][info][gc,marking  ] GC(22) Mark Stack Usage: 32M
[4.926s][info][gc,nmethod  ] GC(22) NMethods: 1925 registered, 395 unregistered
[4.926s][info][gc,metaspace] GC(22) Metaspace: 11M used, 11M committed, 1088M reserved
[4.926s][info][gc,ref      ] GC(22) Soft: 194 encountered, 0 discovered, 0 enqueued
[4.926s][info][gc,ref      ] GC(22) Weak: 764 encountered, 249 discovered, 0 enqueued
[4.926s][info][gc,ref      ] GC(22) Final: 0 encountered, 0 discovered, 0 enqueued
[4.926s][info][gc,ref      ] GC(22) Phantom: 41 encountered, 26 discovered, 0 enqueued
[4.926s][info][gc,reloc    ] GC(22) Small Pages: 125 / 250M, Empty: 194M, Relocated: 1M, In-Place: 0
[4.926s][info][gc,reloc    ] GC(22) Medium Pages: 1 / 32M, Empty: 0M, Relocated: 0M, In-Place: 0
[4.926s][info][gc,reloc    ] GC(22) Large Pages: 1 / 6M, Empty: 0M, Relocated: 0M, In-Place: 0
[4.926s][info][gc,reloc    ] GC(22) Forwarding Usage: 0M
[4.926s][info][gc,heap     ] GC(22) Min Capacity: 1024M(100%)
[4.926s][info][gc,heap     ] GC(22) Max Capacity: 1024M(100%)
[4.926s][info][gc,heap     ] GC(22) Soft Max Capacity: 1024M(100%)
[4.926s][info][gc,heap     ] GC(22)                Mark Start          Mark End        Relocate Start      Relocate End           High               Low         
[4.926s][info][gc,heap     ] GC(22)  Capacity:     1024M (100%)       1024M (100%)       1024M (100%)       1024M (100%)       1024M (100%)       1024M (100%)   
[4.926s][info][gc,heap     ] GC(22)      Free:      736M (72%)         736M (72%)         930M (91%)         944M (92%)         944M (92%)         736M (72%)    
[4.926s][info][gc,heap     ] GC(22)      Used:      288M (28%)         288M (28%)          94M (9%)           80M (8%)          288M (28%)          80M (8%)     
[4.926s][info][gc,heap     ] GC(22)      Live:         -                44M (4%)           44M (4%)           44M (4%)             -                  -          
[4.926s][info][gc,heap     ] GC(22) Allocated:         -                 0M (0%)            0M (0%)            0M (0%)             -                  -          
[4.926s][info][gc,heap     ] GC(22)   Garbage:         -               243M (24%)          49M (5%)           35M (3%)             -                  -          
[4.926s][info][gc,heap     ] GC(22) Reclaimed:         -                  -               194M (19%)         208M (20%)            -                  -          
[4.926s][info][gc          ] GC(22) Garbage Collection (System.gc()) 288M(28%)->80M(8%)
[5.014s][info][gc,start    ] GC(23) Garbage Collection (System.gc())
[5.014s][info][gc,task     ] GC(23) Using 2 workers
[5.014s][info][gc,phases   ] GC(23) Pause Mark Start 0.013ms
[5.062s][info][gc,phases   ] GC(23) Concurrent Mark 47.949ms
[5.062s][info][gc,phases   ] GC(23) Pause Mark End 0.027ms
[5.062s][info][gc,phases   ] GC(23) Concurrent Mark Free 0.002ms
[5.065s][info][gc,phases   ] GC(23) Concurrent Process Non-Strong References 2.167ms
[5.065s][info][gc,phases   ] GC(23) Concurrent Reset Relocation Set 0.001ms
[5.066s][info][gc,phases   ] GC(23) Concurrent Select Relocation Set 1.314ms
[5.066s][info][gc,phases   ] GC(23) Pause Relocate Start 0.007ms
[5.067s][info][gc,phases   ] GC(23) Concurrent Relocate 0.984ms
[5.067s][info][gc,load     ] GC(23) Load: 0.00/0.00/0.00
[5.067s][info][gc,mmu      ] GC(23) MMU: 2ms/98.1%, 5ms/99.2%, 10ms/99.6%, 20ms/99.6%, 50ms/99.9%, 100ms/99.9%
[5.067s][info][gc,marking  ] GC(23) Mark: 2 stripe(s), 1 proactive flush(es), 1 terminate flush(es), 0 completion(s), 0 continuation(s) 
[5.067s][info][gc,marking  ] GC(23) Mark Stack Usage: 32M
[5.067s][info][gc,nmethod  ] GC(23) NMethods: 1926 registered, 397 unregistered
[5.067s][info][gc,metaspace] GC(23) Metaspace: 11M used, 11M committed, 1088M reserved
[5.067s][info][gc,ref      ] GC(23) Soft: 194 encountered, 0 discovered, 0 enqueued
[5.067s][info][gc,ref      ] GC(23) Weak: 764 encountered, 29 discovered, 0 enqueued
[5.067s][info][gc,ref      ] GC(23) Final: 0 encountered, 0 discovered, 0 enqueued
[5.067s][info][gc,ref      ] GC(23) Phantom: 41 encountered, 26 discovered, 0 enqueued
[5.067s][info][gc,reloc    ] GC(23) Small Pages: 126 / 252M, Empty: 194M, Relocated: 1M, In-Place: 0
[5.067s][info][gc,reloc    ] GC(23) Medium Pages: 1 / 32M, Empty: 0M, Relocated: 0M, In-Place: 0
[5.067s][info][gc,reloc    ] GC(23) Large Pages: 1 / 6M, Empty: 0M, Relocated: 0M, In-Place: 0
[5.067s][info][gc,reloc    ] GC(23) Forwarding Usage: 0M
[5.067s][info][gc,heap     ] GC(23) Min Capacity: 1024M(100%)
[5.067s][info][gc,heap     ] GC(23) Max Capacity: 1024M(100%)
[5.067s][info][gc,heap     ] GC(23) Soft Max Capacity: 1024M(100%)
[5.067s][info][gc,heap     ] GC(23)                Mark Start          Mark End        Relocate Start      Relocate End           High               Low         
[5.067s][info][gc,heap     ] GC(23)  Capacity:     1024M (100%)       1024M (100%)       1024M (100%)       1024M (100%)       1024M (100%)       1024M (100%)   
[5.067s][info][gc,heap     ] GC(23)      Free:      734M (72%)         734M (72%)         928M (91%)         944M (92%)         944M (92%)         734M (72%)    
[5.067s][info][gc,heap     ] GC(23)      Used:      290M (28%)         290M (28%)          96M (9%)           80M (8%)          290M (28%)          80M (8%)     
[5.067s][info][gc,heap     ] GC(23)      Live:         -                44M (4%)           44M (4%)           44M (4%)             -                  -          
[5.067s][info][gc,heap     ] GC(23) Allocated:         -                 0M (0%)            0M (0%)            0M (0%)             -                  -          
[5.067s][info][gc,heap     ] GC(23)   Garbage:         -               245M (24%)          51M (5%)           35M (3%)             -                  -          
[5.067s][info][gc,heap     ] GC(23) Reclaimed:         -                  -               194M (19%)         210M (21%)            -                  -          
[5.067s][info][gc          ] GC(23) Garbage Collection (System.gc()) 290M(28%)->80M(8%)
[5.156s][info][gc,start    ] GC(24) Garbage Collection (System.gc())
[5.156s][info][gc,task     ] GC(24) Using 2 workers
[5.156s][info][gc,phases   ] GC(24) Pause Mark Start 0.011ms
[5.203s][info][gc,phases   ] GC(24) Concurrent Mark 47.460ms
[5.204s][info][gc,phases   ] GC(24) Pause Mark End 0.019ms
[5.204s][info][gc,phases   ] GC(24) Concurrent Mark Free 0.003ms
[5.206s][info][gc,phases   ] GC(24) Concurrent Process Non-Strong References 1.947ms
[5.206s][info][gc,phases   ] GC(24) Concurrent Reset Relocation Set 0.001ms
[5.207s][info][gc,phases   ] GC(24) Concurrent Select Relocation Set 1.266ms
[5.207s][info][gc,phases   ] GC(24) Pause Relocate Start 0.008ms
[5.208s][info][gc,phases   ] GC(24) Concurrent Relocate 0.533ms
[5.208s][info][gc,load     ] GC(24) Load: 0.00/0.00/0.00
[5.208s][info][gc,mmu      ] GC(24) MMU: 2ms/98.1%, 5ms/99.2%, 10ms/99.6%, 20ms/99.6%, 50ms/99.9%, 100ms/99.9%
[5.208s][info][gc,marking  ] GC(24) Mark: 2 stripe(s), 2 proactive flush(es), 1 terminate flush(es), 0 completion(s), 0 continuation(s) 
[5.208s][info][gc,marking  ] GC(24) Mark Stack Usage: 32M
[5.208s][info][gc,nmethod  ] GC(24) NMethods: 1926 registered, 397 unregistered
[5.208s][info][gc,metaspace] GC(24) Metaspace: 11M used, 11M committed, 1088M reserved
[5.208s][info][gc,ref      ] GC(24) Soft: 194 encountered, 0 discovered, 0 enqueued
[5.208s][info][gc,ref      ] GC(24) Weak: 764 encountered, 204 discovered, 0 enqueued
[5.208s][info][gc,ref      ] GC(24) Final: 0 encountered, 0 discovered, 0 enqueued
[5.208s][info][gc,ref      ] GC(24) Phantom: 41 encountered, 25 discovered, 0 enqueued
[5.208s][info][gc,reloc    ] GC(24) Small Pages: 127 / 254M, Empty: 196M, Relocated: 1M, In-Place: 0
[5.208s][info][gc,reloc    ] GC(24) Medium Pages: 1 / 32M, Empty: 0M, Relocated: 0M, In-Place: 0
[5.208s][info][gc,reloc    ] GC(24) Large Pages: 1 / 6M, Empty: 0M, Relocated: 0M, In-Place: 0
[5.208s][info][gc,reloc    ] GC(24) Forwarding Usage: 0M
[5.208s][info][gc,heap     ] GC(24) Min Capacity: 1024M(100%)
[5.208s][info][gc,heap     ] GC(24) Max Capacity: 1024M(100%)
[5.208s][info][gc,heap     ] GC(24) Soft Max Capacity: 1024M(100%)
[5.208s][info][gc,heap     ] GC(24)                Mark Start          Mark End        Relocate Start      Relocate End           High               Low         
[5.208s][info][gc,heap     ] GC(24)  Capacity:     1024M (100%)       1024M (100%)       1024M (100%)       1024M (100%)       1024M (100%)       1024M (100%)   
[5.208s][info][gc,heap     ] GC(24)      Free:      732M (71%)         732M (71%)         928M (91%)         944M (92%)         944M (92%)         732M (71%)    
[5.208s][info][gc,heap     ] GC(24)      Used:      292M (29%)         292M (29%)          96M (9%)           80M (8%)          292M (29%)          80M (8%)     
[5.208s][info][gc,heap     ] GC(24)      Live:         -                44M (4%)           44M (4%)           44M (4%)             -                  -          
[5.208s][info][gc,heap     ] GC(24) Allocated:         -                 0M (0%)            0M (0%)            0M (0%)             -                  -          
[5.208s][info][gc,heap     ] GC(24)   Garbage:         -               247M (24%)          51M (5%)           35M (3%)             -                  -          
[5.208s][info][gc,heap     ] GC(24) Reclaimed:         -                  -               196M (19%)         212M (21%)            -                  -          
[5.208s][info][gc          ] GC(24) Garbage Collection (System.gc()) 292M(29%)->80M(8%)
[5.298s][info][gc,start    ] GC(25) Garbage Collection (System.gc())
[5.298s][info][gc,task     ] GC(25) Using 2 workers
[5.298s][info][gc,phases   ] GC(25) Pause Mark Start 0.013ms
[5.361s][info][gc,phases   ] GC(25) Concurrent Mark 62.169ms
[5.361s][info][gc,phases   ] GC(25) Pause Mark End 0.030ms
[5.361s][info][gc,phases   ] GC(25) Concurrent Mark Free 0.002ms
[5.364s][info][gc,phases   ] GC(25) Concurrent Process Non-Strong References 2.677ms
[5.364s][info][gc,phases   ] GC(25) Concurrent Reset Relocation Set 0.001ms
[5.365s][info][gc,phases   ] GC(25) Concurrent Select Relocation Set 1.434ms
[5.365s][info][gc,phases   ] GC(25) Pause Relocate Start 0.009ms
[5.366s][info][gc,phases   ] GC(25) Concurrent Relocate 0.901ms
[5.366s][info][gc,load     ] GC(25) Load: 0.00/0.00/0.00
[5.366s][info][gc,mmu      ] GC(25) MMU: 2ms/98.1%, 5ms/99.2%, 10ms/99.6%, 20ms/99.6%, 50ms/99.9%, 100ms/99.9%
[5.366s][info][gc,marking  ] GC(25) Mark: 2 stripe(s), 1 proactive flush(es), 1 terminate flush(es), 0 completion(s), 0 continuation(s) 
[5.366s][info][gc,marking  ] GC(25) Mark Stack Usage: 32M
[5.366s][info][gc,nmethod  ] GC(25) NMethods: 1928 registered, 397 unregistered
[5.366s][info][gc,metaspace] GC(25) Metaspace: 11M used, 11M committed, 1088M reserved
[5.366s][info][gc,ref      ] GC(25) Soft: 194 encountered, 0 discovered, 0 enqueued
[5.366s][info][gc,ref      ] GC(25) Weak: 764 encountered, 108 discovered, 0 enqueued
[5.366s][info][gc,ref      ] GC(25) Final: 0 encountered, 0 discovered, 0 enqueued
[5.366s][info][gc,ref      ] GC(25) Phantom: 41 encountered, 27 discovered, 0 enqueued
[5.366s][info][gc,reloc    ] GC(25) Small Pages: 126 / 252M, Empty: 190M, Relocated: 1M, In-Place: 0
[5.366s][info][gc,reloc    ] GC(25) Medium Pages: 1 / 32M, Empty: 0M, Relocated: 0M, In-Place: 0
[5.366s][info][gc,reloc    ] GC(25) Large Pages: 1 / 6M, Empty: 0M, Relocated: 0M, In-Place: 0
[5.366s][info][gc,reloc    ] GC(25) Forwarding Usage: 0M
[5.366s][info][gc,heap     ] GC(25) Min Capacity: 1024M(100%)
[5.366s][info][gc,heap     ] GC(25) Max Capacity: 1024M(100%)
[5.366s][info][gc,heap     ] GC(25) Soft Max Capacity: 1024M(100%)
[5.366s][info][gc,heap     ] GC(25)                Mark Start          Mark End        Relocate Start      Relocate End           High               Low         
[5.366s][info][gc,heap     ] GC(25)  Capacity:     1024M (100%)       1024M (100%)       1024M (100%)       1024M (100%)       1024M (100%)       1024M (100%)   
[5.366s][info][gc,heap     ] GC(25)      Free:      734M (72%)         734M (72%)         924M (90%)         944M (92%)         944M (92%)         734M (72%)    
[5.367s][info][gc,heap     ] GC(25)      Used:      290M (28%)         290M (28%)         100M (10%)          80M (8%)          290M (28%)          80M (8%)     
[5.367s][info][gc,heap     ] GC(25)      Live:         -                44M (4%)           44M (4%)           44M (4%)             -                  -          
[5.367s][info][gc,heap     ] GC(25) Allocated:         -                 0M (0%)            0M (0%)            0M (0%)             -                  -          
[5.367s][info][gc,heap     ] GC(25)   Garbage:         -               245M (24%)          55M (5%)           35M (3%)             -                  -          
[5.367s][info][gc,heap     ] GC(25) Reclaimed:         -                  -               190M (19%)         210M (21%)            -                  -          
[5.367s][info][gc          ] GC(25) Garbage Collection (System.gc()) 290M(28%)->80M(8%)
[5.454s][info][gc,start    ] GC(26) Garbage Collection (System.gc())
[5.455s][info][gc,task     ] GC(26) Using 2 workers
[5.455s][info][gc,phases   ] GC(26) Pause Mark Start 0.010ms
[5.502s][info][gc,phases   ] GC(26) Concurrent Mark 47.014ms
[5.502s][info][gc,phases   ] GC(26) Pause Mark End 0.026ms
[5.502s][info][gc,phases   ] GC(26) Concurrent Mark Free 0.002ms
[5.505s][info][gc,phases   ] GC(26) Concurrent Process Non-Strong References 2.429ms
[5.505s][info][gc,phases   ] GC(26) Concurrent Reset Relocation Set 0.002ms
[5.506s][info][gc,phases   ] GC(26) Concurrent Select Relocation Set 1.792ms
[5.507s][info][gc,phases   ] GC(26) Pause Relocate Start 0.008ms
[5.507s][info][gc,phases   ] GC(26) Concurrent Relocate 0.838ms
[5.507s][info][gc,load     ] GC(26) Load: 0.00/0.00/0.00
[5.507s][info][gc,mmu      ] GC(26) MMU: 2ms/98.1%, 5ms/99.2%, 10ms/99.6%, 20ms/99.6%, 50ms/99.9%, 100ms/99.9%
[5.507s][info][gc,marking  ] GC(26) Mark: 2 stripe(s), 1 proactive flush(es), 1 terminate flush(es), 0 completion(s), 0 continuation(s) 
[5.508s][info][gc,marking  ] GC(26) Mark Stack Usage: 32M
[5.508s][info][gc,nmethod  ] GC(26) NMethods: 1929 registered, 400 unregistered
[5.508s][info][gc,metaspace] GC(26) Metaspace: 11M used, 11M committed, 1088M reserved
[5.508s][info][gc,ref      ] GC(26) Soft: 194 encountered, 0 discovered, 0 enqueued
[5.508s][info][gc,ref      ] GC(26) Weak: 764 encountered, 245 discovered, 0 enqueued
[5.508s][info][gc,ref      ] GC(26) Final: 0 encountered, 0 discovered, 0 enqueued
[5.508s][info][gc,ref      ] GC(26) Phantom: 41 encountered, 26 discovered, 0 enqueued
[5.508s][info][gc,reloc    ] GC(26) Small Pages: 125 / 250M, Empty: 194M, Relocated: 1M, In-Place: 0
[5.508s][info][gc,reloc    ] GC(26) Medium Pages: 1 / 32M, Empty: 0M, Relocated: 0M, In-Place: 0
[5.508s][info][gc,reloc    ] GC(26) Large Pages: 1 / 6M, Empty: 0M, Relocated: 0M, In-Place: 0
[5.508s][info][gc,reloc    ] GC(26) Forwarding Usage: 0M
[5.508s][info][gc,heap     ] GC(26) Min Capacity: 1024M(100%)
[5.508s][info][gc,heap     ] GC(26) Max Capacity: 1024M(100%)
[5.508s][info][gc,heap     ] GC(26) Soft Max Capacity: 1024M(100%)
[5.508s][info][gc,heap     ] GC(26)                Mark Start          Mark End        Relocate Start      Relocate End           High               Low         
[5.508s][info][gc,heap     ] GC(26)  Capacity:     1024M (100%)       1024M (100%)       1024M (100%)       1024M (100%)       1024M (100%)       1024M (100%)   
[5.508s][info][gc,heap     ] GC(26)      Free:      736M (72%)         736M (72%)         930M (91%)         944M (92%)         944M (92%)         736M (72%)    
[5.508s][info][gc,heap     ] GC(26)      Used:      288M (28%)         288M (28%)          94M (9%)           80M (8%)          288M (28%)          80M (8%)     
[5.508s][info][gc,heap     ] GC(26)      Live:         -                44M (4%)           44M (4%)           44M (4%)             -                  -          
[5.508s][info][gc,heap     ] GC(26) Allocated:         -                 0M (0%)            0M (0%)            0M (0%)             -                  -          
[5.508s][info][gc,heap     ] GC(26)   Garbage:         -               243M (24%)          49M (5%)           35M (3%)             -                  -          
[5.508s][info][gc,heap     ] GC(26) Reclaimed:         -                  -               194M (19%)         208M (20%)            -                  -          
[5.508s][info][gc          ] GC(26) Garbage Collection (System.gc()) 288M(28%)->80M(8%)
[5.595s][info][gc,start    ] GC(27) Garbage Collection (System.gc())
[5.595s][info][gc,task     ] GC(27) Using 2 workers
[5.596s][info][gc,phases   ] GC(27) Pause Mark Start 0.089ms
[5.659s][info][gc,phases   ] GC(27) Concurrent Mark 63.264ms
[5.659s][info][gc,phases   ] GC(27) Pause Mark End 0.026ms
[5.659s][info][gc,phases   ] GC(27) Concurrent Mark Free 0.003ms
[5.662s][info][gc,phases   ] GC(27) Concurrent Process Non-Strong References 2.968ms
[5.662s][info][gc,phases   ] GC(27) Concurrent Reset Relocation Set 0.001ms
[5.664s][info][gc,phases   ] GC(27) Concurrent Select Relocation Set 1.526ms
[5.664s][info][gc,phases   ] GC(27) Pause Relocate Start 0.007ms
[5.665s][info][gc,phases   ] GC(27) Concurrent Relocate 0.538ms
[5.665s][info][gc,load     ] GC(27) Load: 0.00/0.00/0.00
[5.665s][info][gc,mmu      ] GC(27) MMU: 2ms/95.6%, 5ms/98.2%, 10ms/99.1%, 20ms/99.6%, 50ms/99.8%, 100ms/99.9%
[5.665s][info][gc,marking  ] GC(27) Mark: 2 stripe(s), 1 proactive flush(es), 1 terminate flush(es), 0 completion(s), 0 continuation(s) 
[5.665s][info][gc,marking  ] GC(27) Mark Stack Usage: 32M
[5.665s][info][gc,nmethod  ] GC(27) NMethods: 1935 registered, 402 unregistered
[5.665s][info][gc,metaspace] GC(27) Metaspace: 11M used, 11M committed, 1088M reserved
[5.665s][info][gc,ref      ] GC(27) Soft: 194 encountered, 0 discovered, 0 enqueued
[5.665s][info][gc,ref      ] GC(27) Weak: 764 encountered, 265 discovered, 0 enqueued
[5.665s][info][gc,ref      ] GC(27) Final: 0 encountered, 0 discovered, 0 enqueued
[5.665s][info][gc,ref      ] GC(27) Phantom: 41 encountered, 28 discovered, 0 enqueued
[5.665s][info][gc,reloc    ] GC(27) Small Pages: 125 / 250M, Empty: 196M, Relocated: 1M, In-Place: 0
[5.665s][info][gc,reloc    ] GC(27) Medium Pages: 1 / 32M, Empty: 0M, Relocated: 0M, In-Place: 0
[5.665s][info][gc,reloc    ] GC(27) Large Pages: 1 / 6M, Empty: 0M, Relocated: 0M, In-Place: 0
[5.665s][info][gc,reloc    ] GC(27) Forwarding Usage: 0M
[5.665s][info][gc,heap     ] GC(27) Min Capacity: 1024M(100%)
[5.665s][info][gc,heap     ] GC(27) Max Capacity: 1024M(100%)
[5.665s][info][gc,heap     ] GC(27) Soft Max Capacity: 1024M(100%)
[5.665s][info][gc,heap     ] GC(27)                Mark Start          Mark End        Relocate Start      Relocate End           High               Low         
[5.665s][info][gc,heap     ] GC(27)  Capacity:     1024M (100%)       1024M (100%)       1024M (100%)       1024M (100%)       1024M (100%)       1024M (100%)   
[5.665s][info][gc,heap     ] GC(27)      Free:      736M (72%)         736M (72%)         932M (91%)         944M (92%)         944M (92%)         736M (72%)    
[5.665s][info][gc,heap     ] GC(27)      Used:      288M (28%)         288M (28%)          92M (9%)           80M (8%)          288M (28%)          80M (8%)     
[5.665s][info][gc,heap     ] GC(27)      Live:         -                44M (4%)           44M (4%)           44M (4%)             -                  -          
[5.665s][info][gc,heap     ] GC(27) Allocated:         -                 0M (0%)            0M (0%)            0M (0%)             -                  -          
[5.665s][info][gc,heap     ] GC(27)   Garbage:         -               243M (24%)          47M (5%)           35M (3%)             -                  -          
[5.665s][info][gc,heap     ] GC(27) Reclaimed:         -                  -               196M (19%)         208M (20%)            -                  -          
[5.665s][info][gc          ] GC(27) Garbage Collection (System.gc()) 288M(28%)->80M(8%)
[5.754s][info][gc,start    ] GC(28) Garbage Collection (System.gc())
[5.754s][info][gc,task     ] GC(28) Using 2 workers
[5.754s][info][gc,phases   ] GC(28) Pause Mark Start 0.013ms
[5.816s][info][gc,phases   ] GC(28) Concurrent Mark 61.523ms
[5.816s][info][gc,phases   ] GC(28) Pause Mark End 0.025ms
[5.816s][info][gc,phases   ] GC(28) Concurrent Mark Free 0.003ms
[5.819s][info][gc,phases   ] GC(28) Concurrent Process Non-Strong References 2.639ms
[5.819s][info][gc,phases   ] GC(28) Concurrent Reset Relocation Set 0.001ms
[5.821s][info][gc,phases   ] GC(28) Concurrent Select Relocation Set 1.486ms
[5.821s][info][gc,phases   ] GC(28) Pause Relocate Start 0.007ms
[5.822s][info][gc,phases   ] GC(28) Concurrent Relocate 0.941ms
[5.822s][info][gc,load     ] GC(28) Load: 0.00/0.00/0.00
[5.822s][info][gc,mmu      ] GC(28) MMU: 2ms/95.6%, 5ms/98.2%, 10ms/99.1%, 20ms/99.6%, 50ms/99.8%, 100ms/99.9%
[5.822s][info][gc,marking  ] GC(28) Mark: 2 stripe(s), 10 proactive flush(es), 1 terminate flush(es), 0 completion(s), 0 continuation(s) 
[5.822s][info][gc,marking  ] GC(28) Mark Stack Usage: 32M
[5.822s][info][gc,nmethod  ] GC(28) NMethods: 1939 registered, 409 unregistered
[5.822s][info][gc,metaspace] GC(28) Metaspace: 11M used, 11M committed, 1088M reserved
[5.822s][info][gc,ref      ] GC(28) Soft: 194 encountered, 0 discovered, 0 enqueued
[5.822s][info][gc,ref      ] GC(28) Weak: 764 encountered, 445 discovered, 0 enqueued
[5.822s][info][gc,ref      ] GC(28) Final: 0 encountered, 0 discovered, 0 enqueued
[5.822s][info][gc,ref      ] GC(28) Phantom: 41 encountered, 28 discovered, 0 enqueued
[5.822s][info][gc,reloc    ] GC(28) Small Pages: 127 / 254M, Empty: 186M, Relocated: 1M, In-Place: 0
[5.822s][info][gc,reloc    ] GC(28) Medium Pages: 1 / 32M, Empty: 0M, Relocated: 0M, In-Place: 0
[5.822s][info][gc,reloc    ] GC(28) Large Pages: 1 / 6M, Empty: 0M, Relocated: 0M, In-Place: 0
[5.822s][info][gc,reloc    ] GC(28) Forwarding Usage: 0M
[5.822s][info][gc,heap     ] GC(28) Min Capacity: 1024M(100%)
[5.822s][info][gc,heap     ] GC(28) Max Capacity: 1024M(100%)
[5.822s][info][gc,heap     ] GC(28) Soft Max Capacity: 1024M(100%)
[5.822s][info][gc,heap     ] GC(28)                Mark Start          Mark End        Relocate Start      Relocate End           High               Low         
[5.822s][info][gc,heap     ] GC(28)  Capacity:     1024M (100%)       1024M (100%)       1024M (100%)       1024M (100%)       1024M (100%)       1024M (100%)   
[5.822s][info][gc,heap     ] GC(28)      Free:      732M (71%)         732M (71%)         918M (90%)         944M (92%)         944M (92%)         732M (71%)    
[5.822s][info][gc,heap     ] GC(28)      Used:      292M (29%)         292M (29%)         106M (10%)          80M (8%)          292M (29%)          80M (8%)     
[5.822s][info][gc,heap     ] GC(28)      Live:         -                44M (4%)           44M (4%)           44M (4%)             -                  -          
[5.822s][info][gc,heap     ] GC(28) Allocated:         -                 0M (0%)            0M (0%)            0M (0%)             -                  -          
[5.822s][info][gc,heap     ] GC(28)   Garbage:         -               247M (24%)          61M (6%)           35M (3%)             -                  -          
[5.822s][info][gc,heap     ] GC(28) Reclaimed:         -                  -               186M (18%)         212M (21%)            -                  -          
[5.822s][info][gc          ] GC(28) Garbage Collection (System.gc()) 292M(29%)->80M(8%)
[5.909s][info][gc,start    ] GC(29) Garbage Collection (System.gc())
[5.909s][info][gc,task     ] GC(29) Using 2 workers
[5.909s][info][gc,phases   ] GC(29) Pause Mark Start 0.008ms
[5.957s][info][gc,phases   ] GC(29) Concurrent Mark 47.755ms
[5.957s][info][gc,phases   ] GC(29) Pause Mark End 0.019ms
[5.958s][info][gc,phases   ] GC(29) Concurrent Mark Free 0.003ms
[5.960s][info][gc,phases   ] GC(29) Concurrent Process Non-Strong References 2.048ms
[5.960s][info][gc,phases   ] GC(29) Concurrent Reset Relocation Set 0.001ms
[5.961s][info][gc,phases   ] GC(29) Concurrent Select Relocation Set 1.625ms
[5.961s][info][gc,phases   ] GC(29) Pause Relocate Start 0.007ms
[5.962s][info][gc,phases   ] GC(29) Concurrent Relocate 0.738ms
[5.962s][info][gc,load     ] GC(29) Load: 0.00/0.00/0.00
[5.962s][info][gc,mmu      ] GC(29) MMU: 2ms/95.6%, 5ms/98.2%, 10ms/99.1%, 20ms/99.6%, 50ms/99.8%, 100ms/99.9%
[5.962s][info][gc,marking  ] GC(29) Mark: 2 stripe(s), 1 proactive flush(es), 1 terminate flush(es), 0 completion(s), 0 continuation(s) 
[5.962s][info][gc,marking  ] GC(29) Mark Stack Usage: 32M
[5.962s][info][gc,nmethod  ] GC(29) NMethods: 1939 registered, 411 unregistered
[5.962s][info][gc,metaspace] GC(29) Metaspace: 11M used, 11M committed, 1088M reserved
[5.962s][info][gc,ref      ] GC(29) Soft: 194 encountered, 0 discovered, 0 enqueued
[5.962s][info][gc,ref      ] GC(29) Weak: 764 encountered, 219 discovered, 0 enqueued
[5.962s][info][gc,ref      ] GC(29) Final: 0 encountered, 0 discovered, 0 enqueued
[5.962s][info][gc,ref      ] GC(29) Phantom: 41 encountered, 26 discovered, 0 enqueued
[5.962s][info][gc,reloc    ] GC(29) Small Pages: 125 / 250M, Empty: 194M, Relocated: 1M, In-Place: 0
[5.962s][info][gc,reloc    ] GC(29) Medium Pages: 1 / 32M, Empty: 0M, Relocated: 0M, In-Place: 0
[5.962s][info][gc,reloc    ] GC(29) Large Pages: 1 / 6M, Empty: 0M, Relocated: 0M, In-Place: 0
[5.962s][info][gc,reloc    ] GC(29) Forwarding Usage: 0M
[5.962s][info][gc,heap     ] GC(29) Min Capacity: 1024M(100%)
[5.962s][info][gc,heap     ] GC(29) Max Capacity: 1024M(100%)
[5.962s][info][gc,heap     ] GC(29) Soft Max Capacity: 1024M(100%)
[5.962s][info][gc,heap     ] GC(29)                Mark Start          Mark End        Relocate Start      Relocate End           High               Low         
[5.962s][info][gc,heap     ] GC(29)  Capacity:     1024M (100%)       1024M (100%)       1024M (100%)       1024M (100%)       1024M (100%)       1024M (100%)   
[5.962s][info][gc,heap     ] GC(29)      Free:      736M (72%)         736M (72%)         930M (91%)         944M (92%)         944M (92%)         736M (72%)    
[5.962s][info][gc,heap     ] GC(29)      Used:      288M (28%)         288M (28%)          94M (9%)           80M (8%)          288M (28%)          80M (8%)     
[5.962s][info][gc,heap     ] GC(29)      Live:         -                44M (4%)           44M (4%)           44M (4%)             -                  -          
[5.962s][info][gc,heap     ] GC(29) Allocated:         -                 0M (0%)            0M (0%)            0M (0%)             -                  -          
[5.962s][info][gc,heap     ] GC(29)   Garbage:         -               243M (24%)          49M (5%)           35M (3%)             -                  -          
[5.962s][info][gc,heap     ] GC(29) Reclaimed:         -                  -               194M (19%)         208M (20%)            -                  -          
[5.962s][info][gc          ] GC(29) Garbage Collection (System.gc()) 288M(28%)->80M(8%)
[6.050s][info][gc,start    ] GC(30) Garbage Collection (System.gc())
[6.050s][info][gc,task     ] GC(30) Using 2 workers
[6.050s][info][gc,phases   ] GC(30) Pause Mark Start 0.009ms
[6.098s][info][gc,phases   ] GC(30) Concurrent Mark 47.878ms
[6.098s][info][gc,phases   ] GC(30) Pause Mark End 0.026ms
[6.098s][info][gc,phases   ] GC(30) Concurrent Mark Free 0.003ms
[6.101s][info][gc,phases   ] GC(30) Concurrent Process Non-Strong References 2.333ms
[6.101s][info][gc,phases   ] GC(30) Concurrent Reset Relocation Set 0.001ms
[6.103s][info][gc,phases   ] GC(30) Concurrent Select Relocation Set 1.783ms
[6.103s][info][gc,phases   ] GC(30) Pause Relocate Start 0.007ms
[6.104s][info][gc,phases   ] GC(30) Concurrent Relocate 0.797ms
[6.104s][info][gc,load     ] GC(30) Load: 0.00/0.00/0.00
[6.104s][info][gc,mmu      ] GC(30) MMU: 2ms/95.6%, 5ms/98.2%, 10ms/99.1%, 20ms/99.6%, 50ms/99.8%, 100ms/99.9%
[6.104s][info][gc,marking  ] GC(30) Mark: 2 stripe(s), 1 proactive flush(es), 1 terminate flush(es), 0 completion(s), 0 continuation(s) 
[6.104s][info][gc,marking  ] GC(30) Mark Stack Usage: 32M
[6.104s][info][gc,nmethod  ] GC(30) NMethods: 1941 registered, 412 unregistered
[6.104s][info][gc,metaspace] GC(30) Metaspace: 11M used, 11M committed, 1088M reserved
[6.104s][info][gc,ref      ] GC(30) Soft: 194 encountered, 0 discovered, 0 enqueued
[6.104s][info][gc,ref      ] GC(30) Weak: 764 encountered, 296 discovered, 0 enqueued
[6.104s][info][gc,ref      ] GC(30) Final: 0 encountered, 0 discovered, 0 enqueued
[6.104s][info][gc,ref      ] GC(30) Phantom: 41 encountered, 25 discovered, 0 enqueued
[6.104s][info][gc,reloc    ] GC(30) Small Pages: 126 / 252M, Empty: 194M, Relocated: 1M, In-Place: 0
[6.104s][info][gc,reloc    ] GC(30) Medium Pages: 1 / 32M, Empty: 0M, Relocated: 0M, In-Place: 0
[6.104s][info][gc,reloc    ] GC(30) Large Pages: 1 / 6M, Empty: 0M, Relocated: 0M, In-Place: 0
[6.104s][info][gc,reloc    ] GC(30) Forwarding Usage: 0M
[6.104s][info][gc,heap     ] GC(30) Min Capacity: 1024M(100%)
[6.104s][info][gc,heap     ] GC(30) Max Capacity: 1024M(100%)
[6.104s][info][gc,heap     ] GC(30) Soft Max Capacity: 1024M(100%)
[6.104s][info][gc,heap     ] GC(30)                Mark Start          Mark End        Relocate Start      Relocate End           High               Low         
[6.104s][info][gc,heap     ] GC(30)  Capacity:     1024M (100%)       1024M (100%)       1024M (100%)       1024M (100%)       1024M (100%)       1024M (100%)   
[6.104s][info][gc,heap     ] GC(30)      Free:      734M (72%)         734M (72%)         928M (91%)         944M (92%)         944M (92%)         734M (72%)    
[6.104s][info][gc,heap     ] GC(30)      Used:      290M (28%)         290M (28%)          96M (9%)           80M (8%)          290M (28%)          80M (8%)     
[6.104s][info][gc,heap     ] GC(30)      Live:         -                44M (4%)           44M (4%)           44M (4%)             -                  -          
[6.104s][info][gc,heap     ] GC(30) Allocated:         -                 0M (0%)            0M (0%)            0M (0%)             -                  -          
[6.104s][info][gc,heap     ] GC(30)   Garbage:         -               245M (24%)          51M (5%)           35M (3%)             -                  -          
[6.104s][info][gc,heap     ] GC(30) Reclaimed:         -                  -               194M (19%)         210M (21%)            -                  -          
[6.104s][info][gc          ] GC(30) Garbage Collection (System.gc()) 290M(28%)->80M(8%)
[6.192s][info][gc,start    ] GC(31) Garbage Collection (System.gc())
[6.192s][info][gc,task     ] GC(31) Using 2 workers
[6.192s][info][gc,phases   ] GC(31) Pause Mark Start 0.009ms
[6.239s][info][gc,phases   ] GC(31) Concurrent Mark 47.506ms
[6.240s][info][gc,phases   ] GC(31) Pause Mark End 0.020ms
[6.240s][info][gc,phases   ] GC(31) Concurrent Mark Free 0.001ms
[6.242s][info][gc,phases   ] GC(31) Concurrent Process Non-Strong References 2.046ms
[6.242s][info][gc,phases   ] GC(31) Concurrent Reset Relocation Set 0.001ms
[6.243s][info][gc,phases   ] GC(31) Concurrent Select Relocation Set 1.520ms
[6.243s][info][gc,phases   ] GC(31) Pause Relocate Start 0.008ms
[6.244s][info][gc,phases   ] GC(31) Concurrent Relocate 0.929ms
[6.245s][info][gc,load     ] GC(31) Load: 0.00/0.00/0.00
[6.245s][info][gc,mmu      ] GC(31) MMU: 2ms/95.6%, 5ms/98.2%, 10ms/99.1%, 20ms/99.6%, 50ms/99.8%, 100ms/99.9%
[6.245s][info][gc,marking  ] GC(31) Mark: 2 stripe(s), 1 proactive flush(es), 1 terminate flush(es), 0 completion(s), 0 continuation(s) 
[6.245s][info][gc,marking  ] GC(31) Mark Stack Usage: 32M
[6.245s][info][gc,nmethod  ] GC(31) NMethods: 1941 registered, 414 unregistered
[6.245s][info][gc,metaspace] GC(31) Metaspace: 11M used, 11M committed, 1088M reserved
[6.245s][info][gc,ref      ] GC(31) Soft: 194 encountered, 0 discovered, 0 enqueued
[6.245s][info][gc,ref      ] GC(31) Weak: 764 encountered, 17 discovered, 0 enqueued
[6.245s][info][gc,ref      ] GC(31) Final: 0 encountered, 0 discovered, 0 enqueued
[6.245s][info][gc,ref      ] GC(31) Phantom: 41 encountered, 20 discovered, 0 enqueued
[6.245s][info][gc,reloc    ] GC(31) Small Pages: 126 / 252M, Empty: 196M, Relocated: 1M, In-Place: 0
[6.245s][info][gc,reloc    ] GC(31) Medium Pages: 1 / 32M, Empty: 0M, Relocated: 0M, In-Place: 0
[6.245s][info][gc,reloc    ] GC(31) Large Pages: 1 / 6M, Empty: 0M, Relocated: 0M, In-Place: 0
[6.245s][info][gc,reloc    ] GC(31) Forwarding Usage: 0M
[6.245s][info][gc,heap     ] GC(31) Min Capacity: 1024M(100%)
[6.245s][info][gc,heap     ] GC(31) Max Capacity: 1024M(100%)
[6.245s][info][gc,heap     ] GC(31) Soft Max Capacity: 1024M(100%)
[6.245s][info][gc,heap     ] GC(31)                Mark Start          Mark End        Relocate Start      Relocate End           High               Low         
[6.245s][info][gc,heap     ] GC(31)  Capacity:     1024M (100%)       1024M (100%)       1024M (100%)       1024M (100%)       1024M (100%)       1024M (100%)   
[6.245s][info][gc,heap     ] GC(31)      Free:      734M (72%)         734M (72%)         930M (91%)         944M (92%)         944M (92%)         734M (72%)    
[6.245s][info][gc,heap     ] GC(31)      Used:      290M (28%)         290M (28%)          94M (9%)           80M (8%)          290M (28%)          80M (8%)     
[6.245s][info][gc,heap     ] GC(31)      Live:         -                44M (4%)           44M (4%)           44M (4%)             -                  -          
[6.245s][info][gc,heap     ] GC(31) Allocated:         -                 0M (0%)            0M (0%)            0M (0%)             -                  -          
[6.245s][info][gc,heap     ] GC(31)   Garbage:         -               245M (24%)          49M (5%)           35M (3%)             -                  -          
[6.245s][info][gc,heap     ] GC(31) Reclaimed:         -                  -               196M (19%)         210M (21%)            -                  -          
[6.245s][info][gc          ] GC(31) Garbage Collection (System.gc()) 290M(28%)->80M(8%)
[6.333s][info][gc,start    ] GC(32) Garbage Collection (System.gc())
[6.333s][info][gc,task     ] GC(32) Using 2 workers
[6.333s][info][gc,phases   ] GC(32) Pause Mark Start 0.008ms
[6.381s][info][gc,phases   ] GC(32) Concurrent Mark 48.026ms
[6.381s][info][gc,phases   ] GC(32) Pause Mark End 0.025ms
[6.382s][info][gc,phases   ] GC(32) Concurrent Mark Free 0.003ms
[6.384s][info][gc,phases   ] GC(32) Concurrent Process Non-Strong References 2.224ms
[6.384s][info][gc,phases   ] GC(32) Concurrent Reset Relocation Set 0.002ms
[6.385s][info][gc,phases   ] GC(32) Concurrent Select Relocation Set 1.536ms
[6.386s][info][gc,phases   ] GC(32) Pause Relocate Start 0.007ms
[6.387s][info][gc,phases   ] GC(32) Concurrent Relocate 1.036ms
[6.387s][info][gc,load     ] GC(32) Load: 0.00/0.00/0.00
[6.387s][info][gc,mmu      ] GC(32) MMU: 2ms/95.6%, 5ms/98.2%, 10ms/99.1%, 20ms/99.6%, 50ms/99.8%, 100ms/99.9%
[6.387s][info][gc,marking  ] GC(32) Mark: 2 stripe(s), 1 proactive flush(es), 1 terminate flush(es), 0 completion(s), 0 continuation(s) 
[6.387s][info][gc,marking  ] GC(32) Mark Stack Usage: 32M
[6.387s][info][gc,nmethod  ] GC(32) NMethods: 1941 registered, 414 unregistered
[6.387s][info][gc,metaspace] GC(32) Metaspace: 11M used, 11M committed, 1088M reserved
[6.387s][info][gc,ref      ] GC(32) Soft: 194 encountered, 0 discovered, 0 enqueued
[6.387s][info][gc,ref      ] GC(32) Weak: 764 encountered, 76 discovered, 0 enqueued
[6.387s][info][gc,ref      ] GC(32) Final: 0 encountered, 0 discovered, 0 enqueued
[6.387s][info][gc,ref      ] GC(32) Phantom: 41 encountered, 25 discovered, 0 enqueued
[6.387s][info][gc,reloc    ] GC(32) Small Pages: 126 / 252M, Empty: 196M, Relocated: 1M, In-Place: 0
[6.387s][info][gc,reloc    ] GC(32) Medium Pages: 1 / 32M, Empty: 0M, Relocated: 0M, In-Place: 0
[6.387s][info][gc,reloc    ] GC(32) Large Pages: 1 / 6M, Empty: 0M, Relocated: 0M, In-Place: 0
[6.387s][info][gc,reloc    ] GC(32) Forwarding Usage: 0M
[6.387s][info][gc,heap     ] GC(32) Min Capacity: 1024M(100%)
[6.387s][info][gc,heap     ] GC(32) Max Capacity: 1024M(100%)
[6.387s][info][gc,heap     ] GC(32) Soft Max Capacity: 1024M(100%)
[6.387s][info][gc,heap     ] GC(32)                Mark Start          Mark End        Relocate Start      Relocate End           High               Low         
[6.387s][info][gc,heap     ] GC(32)  Capacity:     1024M (100%)       1024M (100%)       1024M (100%)       1024M (100%)       1024M (100%)       1024M (100%)   
[6.387s][info][gc,heap     ] GC(32)      Free:      734M (72%)         734M (72%)         930M (91%)         944M (92%)         944M (92%)         734M (72%)    
[6.387s][info][gc,heap     ] GC(32)      Used:      290M (28%)         290M (28%)          94M (9%)           80M (8%)          290M (28%)          80M (8%)     
[6.387s][info][gc,heap     ] GC(32)      Live:         -                44M (4%)           44M (4%)           44M (4%)             -                  -          
[6.387s][info][gc,heap     ] GC(32) Allocated:         -                 0M (0%)            0M (0%)            0M (0%)             -                  -          
[6.387s][info][gc,heap     ] GC(32)   Garbage:         -               245M (24%)          49M (5%)           35M (3%)             -                  -          
[6.387s][info][gc,heap     ] GC(32) Reclaimed:         -                  -               196M (19%)         210M (21%)            -                  -          
[6.387s][info][gc          ] GC(32) Garbage Collection (System.gc()) 290M(28%)->80M(8%)
[6.474s][info][gc,start    ] GC(33) Garbage Collection (System.gc())
[6.475s][info][gc,task     ] GC(33) Using 2 workers
[6.475s][info][gc,phases   ] GC(33) Pause Mark Start 0.010ms
[6.522s][info][gc,phases   ] GC(33) Concurrent Mark 47.564ms
[6.522s][info][gc,phases   ] GC(33) Pause Mark End 0.025ms
[6.523s][info][gc,phases   ] GC(33) Concurrent Mark Free 0.003ms
[6.525s][info][gc,phases   ] GC(33) Concurrent Process Non-Strong References 2.042ms
[6.525s][info][gc,phases   ] GC(33) Concurrent Reset Relocation Set 0.001ms
[6.527s][info][gc,phases   ] GC(33) Concurrent Select Relocation Set 1.711ms
[6.527s][info][gc,phases   ] GC(33) Pause Relocate Start 0.008ms
[6.528s][info][gc,phases   ] GC(33) Concurrent Relocate 0.875ms
[6.528s][info][gc,load     ] GC(33) Load: 0.00/0.00/0.00
[6.528s][info][gc,mmu      ] GC(33) MMU: 2ms/95.6%, 5ms/98.2%, 10ms/99.1%, 20ms/99.6%, 50ms/99.8%, 100ms/99.9%
[6.528s][info][gc,marking  ] GC(33) Mark: 2 stripe(s), 1 proactive flush(es), 1 terminate flush(es), 0 completion(s), 0 continuation(s) 
[6.528s][info][gc,marking  ] GC(33) Mark Stack Usage: 32M
[6.528s][info][gc,nmethod  ] GC(33) NMethods: 1941 registered, 414 unregistered
[6.528s][info][gc,metaspace] GC(33) Metaspace: 11M used, 11M committed, 1088M reserved
[6.528s][info][gc,ref      ] GC(33) Soft: 194 encountered, 0 discovered, 0 enqueued
[6.528s][info][gc,ref      ] GC(33) Weak: 764 encountered, 14 discovered, 0 enqueued
[6.528s][info][gc,ref      ] GC(33) Final: 0 encountered, 0 discovered, 0 enqueued
[6.528s][info][gc,ref      ] GC(33) Phantom: 41 encountered, 25 discovered, 0 enqueued
[6.528s][info][gc,reloc    ] GC(33) Small Pages: 127 / 254M, Empty: 196M, Relocated: 1M, In-Place: 0
[6.528s][info][gc,reloc    ] GC(33) Medium Pages: 1 / 32M, Empty: 0M, Relocated: 0M, In-Place: 0
[6.528s][info][gc,reloc    ] GC(33) Large Pages: 1 / 6M, Empty: 0M, Relocated: 0M, In-Place: 0
[6.528s][info][gc,reloc    ] GC(33) Forwarding Usage: 0M
[6.528s][info][gc,heap     ] GC(33) Min Capacity: 1024M(100%)
[6.528s][info][gc,heap     ] GC(33) Max Capacity: 1024M(100%)
[6.528s][info][gc,heap     ] GC(33) Soft Max Capacity: 1024M(100%)
[6.528s][info][gc,heap     ] GC(33)                Mark Start          Mark End        Relocate Start      Relocate End           High               Low         
[6.528s][info][gc,heap     ] GC(33)  Capacity:     1024M (100%)       1024M (100%)       1024M (100%)       1024M (100%)       1024M (100%)       1024M (100%)   
[6.528s][info][gc,heap     ] GC(33)      Free:      732M (71%)         732M (71%)         928M (91%)         944M (92%)         944M (92%)         732M (71%)    
[6.528s][info][gc,heap     ] GC(33)      Used:      292M (29%)         292M (29%)          96M (9%)           80M (8%)          292M (29%)          80M (8%)     
[6.528s][info][gc,heap     ] GC(33)      Live:         -                44M (4%)           44M (4%)           44M (4%)             -                  -          
[6.528s][info][gc,heap     ] GC(33) Allocated:         -                 0M (0%)            0M (0%)            0M (0%)             -                  -          
[6.528s][info][gc,heap     ] GC(33)   Garbage:         -               247M (24%)          51M (5%)           35M (3%)             -                  -          
[6.528s][info][gc,heap     ] GC(33) Reclaimed:         -                  -               196M (19%)         212M (21%)            -                  -          
[6.528s][info][gc          ] GC(33) Garbage Collection (System.gc()) 292M(29%)->80M(8%)
[6.616s][info][gc,start    ] GC(34) Garbage Collection (System.gc())
[6.616s][info][gc,task     ] GC(34) Using 2 workers
[6.616s][info][gc,phases   ] GC(34) Pause Mark Start 0.012ms
[6.664s][info][gc,phases   ] GC(34) Concurrent Mark 47.457ms
[6.664s][info][gc,phases   ] GC(34) Pause Mark End 0.026ms
[6.664s][info][gc,phases   ] GC(34) Concurrent Mark Free 0.003ms
[6.666s][info][gc,phases   ] GC(34) Concurrent Process Non-Strong References 2.191ms
[6.666s][info][gc,phases   ] GC(34) Concurrent Reset Relocation Set 0.001ms
[6.668s][info][gc,phases   ] GC(34) Concurrent Select Relocation Set 1.437ms
[6.668s][info][gc,phases   ] GC(34) Pause Relocate Start 0.008ms
[6.669s][info][gc,phases   ] GC(34) Concurrent Relocate 0.562ms
[6.669s][info][gc,load     ] GC(34) Load: 0.00/0.00/0.00
[6.669s][info][gc,mmu      ] GC(34) MMU: 2ms/95.6%, 5ms/98.2%, 10ms/99.1%, 20ms/99.6%, 50ms/99.8%, 100ms/99.9%
[6.669s][info][gc,marking  ] GC(34) Mark: 2 stripe(s), 2 proactive flush(es), 1 terminate flush(es), 0 completion(s), 0 continuation(s) 
[6.669s][info][gc,marking  ] GC(34) Mark Stack Usage: 32M
[6.669s][info][gc,nmethod  ] GC(34) NMethods: 1950 registered, 414 unregistered
[6.669s][info][gc,metaspace] GC(34) Metaspace: 11M used, 11M committed, 1088M reserved
[6.669s][info][gc,ref      ] GC(34) Soft: 194 encountered, 0 discovered, 0 enqueued
[6.669s][info][gc,ref      ] GC(34) Weak: 764 encountered, 26 discovered, 0 enqueued
[6.669s][info][gc,ref      ] GC(34) Final: 0 encountered, 0 discovered, 0 enqueued
[6.669s][info][gc,ref      ] GC(34) Phantom: 41 encountered, 26 discovered, 0 enqueued
[6.669s][info][gc,reloc    ] GC(34) Small Pages: 124 / 248M, Empty: 194M, Relocated: 1M, In-Place: 0
[6.669s][info][gc,reloc    ] GC(34) Medium Pages: 1 / 32M, Empty: 0M, Relocated: 0M, In-Place: 0
[6.669s][info][gc,reloc    ] GC(34) Large Pages: 1 / 6M, Empty: 0M, Relocated: 0M, In-Place: 0
[6.669s][info][gc,reloc    ] GC(34) Forwarding Usage: 0M
[6.669s][info][gc,heap     ] GC(34) Min Capacity: 1024M(100%)
[6.669s][info][gc,heap     ] GC(34) Max Capacity: 1024M(100%)
[6.669s][info][gc,heap     ] GC(34) Soft Max Capacity: 1024M(100%)
[6.669s][info][gc,heap     ] GC(34)                Mark Start          Mark End        Relocate Start      Relocate End           High               Low         
[6.669s][info][gc,heap     ] GC(34)  Capacity:     1024M (100%)       1024M (100%)       1024M (100%)       1024M (100%)       1024M (100%)       1024M (100%)   
[6.669s][info][gc,heap     ] GC(34)      Free:      738M (72%)         738M (72%)         932M (91%)         944M (92%)         944M (92%)         738M (72%)    
[6.669s][info][gc,heap     ] GC(34)      Used:      286M (28%)         286M (28%)          92M (9%)           80M (8%)          286M (28%)          80M (8%)     
[6.669s][info][gc,heap     ] GC(34)      Live:         -                44M (4%)           44M (4%)           44M (4%)             -                  -          
[6.669s][info][gc,heap     ] GC(34) Allocated:         -                 0M (0%)            0M (0%)            0M (0%)             -                  -          
[6.669s][info][gc,heap     ] GC(34)   Garbage:         -               241M (24%)          47M (5%)           35M (3%)             -                  -          
[6.669s][info][gc,heap     ] GC(34) Reclaimed:         -                  -               194M (19%)         206M (20%)            -                  -          
[6.669s][info][gc          ] GC(34) Garbage Collection (System.gc()) 286M(28%)->80M(8%)
[6.756s][info][gc,start    ] GC(35) Garbage Collection (System.gc())
[6.757s][info][gc,task     ] GC(35) Using 2 workers
[6.757s][info][gc,phases   ] GC(35) Pause Mark Start 0.008ms
[6.805s][info][gc,phases   ] GC(35) Concurrent Mark 48.286ms
[6.805s][info][gc,phases   ] GC(35) Pause Mark End 0.026ms
[6.805s][info][gc,phases   ] GC(35) Concurrent Mark Free 0.003ms
[6.808s][info][gc,phases   ] GC(35) Concurrent Process Non-Strong References 2.387ms
[6.808s][info][gc,phases   ] GC(35) Concurrent Reset Relocation Set 0.001ms
[6.809s][info][gc,phases   ] GC(35) Concurrent Select Relocation Set 1.506ms
[6.810s][info][gc,phases   ] GC(35) Pause Relocate Start 0.008ms
[6.810s][info][gc,phases   ] GC(35) Concurrent Relocate 0.535ms
[6.810s][info][gc,load     ] GC(35) Load: 0.00/0.00/0.00
[6.810s][info][gc,mmu      ] GC(35) MMU: 2ms/95.6%, 5ms/98.2%, 10ms/99.1%, 20ms/99.6%, 50ms/99.8%, 100ms/99.9%
[6.810s][info][gc,marking  ] GC(35) Mark: 2 stripe(s), 1 proactive flush(es), 1 terminate flush(es), 0 completion(s), 0 continuation(s) 
[6.810s][info][gc,marking  ] GC(35) Mark Stack Usage: 32M
[6.810s][info][gc,nmethod  ] GC(35) NMethods: 1952 registered, 415 unregistered
[6.810s][info][gc,metaspace] GC(35) Metaspace: 11M used, 11M committed, 1088M reserved
[6.810s][info][gc,ref      ] GC(35) Soft: 194 encountered, 0 discovered, 0 enqueued
[6.810s][info][gc,ref      ] GC(35) Weak: 764 encountered, 258 discovered, 0 enqueued
[6.810s][info][gc,ref      ] GC(35) Final: 0 encountered, 0 discovered, 0 enqueued
[6.810s][info][gc,ref      ] GC(35) Phantom: 41 encountered, 27 discovered, 0 enqueued
[6.810s][info][gc,reloc    ] GC(35) Small Pages: 125 / 250M, Empty: 196M, Relocated: 1M, In-Place: 0
[6.810s][info][gc,reloc    ] GC(35) Medium Pages: 1 / 32M, Empty: 0M, Relocated: 0M, In-Place: 0
[6.810s][info][gc,reloc    ] GC(35) Large Pages: 1 / 6M, Empty: 0M, Relocated: 0M, In-Place: 0
[6.810s][info][gc,reloc    ] GC(35) Forwarding Usage: 0M
[6.810s][info][gc,heap     ] GC(35) Min Capacity: 1024M(100%)
[6.810s][info][gc,heap     ] GC(35) Max Capacity: 1024M(100%)
[6.810s][info][gc,heap     ] GC(35) Soft Max Capacity: 1024M(100%)
[6.810s][info][gc,heap     ] GC(35)                Mark Start          Mark End        Relocate Start      Relocate End           High               Low         
[6.810s][info][gc,heap     ] GC(35)  Capacity:     1024M (100%)       1024M (100%)       1024M (100%)       1024M (100%)       1024M (100%)       1024M (100%)   
[6.810s][info][gc,heap     ] GC(35)      Free:      736M (72%)         736M (72%)         932M (91%)         944M (92%)         944M (92%)         736M (72%)    
[6.810s][info][gc,heap     ] GC(35)      Used:      288M (28%)         288M (28%)          92M (9%)           80M (8%)          288M (28%)          80M (8%)     
[6.810s][info][gc,heap     ] GC(35)      Live:         -                44M (4%)           44M (4%)           44M (4%)             -                  -          
[6.810s][info][gc,heap     ] GC(35) Allocated:         -                 0M (0%)            0M (0%)            0M (0%)             -                  -          
[6.810s][info][gc,heap     ] GC(35)   Garbage:         -               243M (24%)          47M (5%)           35M (3%)             -                  -          
[6.810s][info][gc,heap     ] GC(35) Reclaimed:         -                  -               196M (19%)         208M (20%)            -                  -          
[6.810s][info][gc          ] GC(35) Garbage Collection (System.gc()) 288M(28%)->80M(8%)
[6.898s][info][gc,start    ] GC(36) Garbage Collection (System.gc())
[6.898s][info][gc,task     ] GC(36) Using 2 workers
[6.898s][info][gc,phases   ] GC(36) Pause Mark Start 0.010ms
[6.946s][info][gc,phases   ] GC(36) Concurrent Mark 47.001ms
[6.946s][info][gc,phases   ] GC(36) Pause Mark End 0.012ms
[6.946s][info][gc,phases   ] GC(36) Concurrent Mark Free 0.002ms
[6.948s][info][gc,phases   ] GC(36) Concurrent Process Non-Strong References 2.430ms
[6.948s][info][gc,phases   ] GC(36) Concurrent Reset Relocation Set 0.001ms
[6.950s][info][gc,phases   ] GC(36) Concurrent Select Relocation Set 1.419ms
[6.950s][info][gc,phases   ] GC(36) Pause Relocate Start 0.008ms
[6.951s][info][gc,phases   ] GC(36) Concurrent Relocate 0.927ms
[6.951s][info][gc,load     ] GC(36) Load: 0.00/0.00/0.00
[6.951s][info][gc,mmu      ] GC(36) MMU: 2ms/95.6%, 5ms/98.2%, 10ms/99.1%, 20ms/99.6%, 50ms/99.8%, 100ms/99.9%
[6.951s][info][gc,marking  ] GC(36) Mark: 2 stripe(s), 1 proactive flush(es), 1 terminate flush(es), 0 completion(s), 0 continuation(s) 
[6.951s][info][gc,marking  ] GC(36) Mark Stack Usage: 32M
[6.951s][info][gc,nmethod  ] GC(36) NMethods: 1955 registered, 418 unregistered
[6.951s][info][gc,metaspace] GC(36) Metaspace: 11M used, 11M committed, 1088M reserved
[6.951s][info][gc,ref      ] GC(36) Soft: 194 encountered, 0 discovered, 0 enqueued
[6.951s][info][gc,ref      ] GC(36) Weak: 764 encountered, 193 discovered, 0 enqueued
[6.951s][info][gc,ref      ] GC(36) Final: 0 encountered, 0 discovered, 0 enqueued
[6.951s][info][gc,ref      ] GC(36) Phantom: 41 encountered, 25 discovered, 0 enqueued
[6.951s][info][gc,reloc    ] GC(36) Small Pages: 125 / 250M, Empty: 194M, Relocated: 1M, In-Place: 0
[6.951s][info][gc,reloc    ] GC(36) Medium Pages: 1 / 32M, Empty: 0M, Relocated: 0M, In-Place: 0
[6.951s][info][gc,reloc    ] GC(36) Large Pages: 1 / 6M, Empty: 0M, Relocated: 0M, In-Place: 0
[6.951s][info][gc,reloc    ] GC(36) Forwarding Usage: 0M
[6.951s][info][gc,heap     ] GC(36) Min Capacity: 1024M(100%)
[6.951s][info][gc,heap     ] GC(36) Max Capacity: 1024M(100%)
[6.951s][info][gc,heap     ] GC(36) Soft Max Capacity: 1024M(100%)
[6.951s][info][gc,heap     ] GC(36)                Mark Start          Mark End        Relocate Start      Relocate End           High               Low         
[6.951s][info][gc,heap     ] GC(36)  Capacity:     1024M (100%)       1024M (100%)       1024M (100%)       1024M (100%)       1024M (100%)       1024M (100%)   
[6.951s][info][gc,heap     ] GC(36)      Free:      736M (72%)         736M (72%)         930M (91%)         944M (92%)         944M (92%)         736M (72%)    
[6.951s][info][gc,heap     ] GC(36)      Used:      288M (28%)         288M (28%)          94M (9%)           80M (8%)          288M (28%)          80M (8%)     
[6.951s][info][gc,heap     ] GC(36)      Live:         -                44M (4%)           44M (4%)           44M (4%)             -                  -          
[6.951s][info][gc,heap     ] GC(36) Allocated:         -                 0M (0%)            0M (0%)            0M (0%)             -                  -          
[6.951s][info][gc,heap     ] GC(36)   Garbage:         -               243M (24%)          49M (5%)           35M (3%)             -                  -          
[6.951s][info][gc,heap     ] GC(36) Reclaimed:         -                  -               194M (19%)         208M (20%)            -                  -          
[6.951s][info][gc          ] GC(36) Garbage Collection (System.gc()) 288M(28%)->80M(8%)
[7.038s][info][gc,start    ] GC(37) Garbage Collection (System.gc())
[7.038s][info][gc,task     ] GC(37) Using 2 workers
[7.038s][info][gc,phases   ] GC(37) Pause Mark Start 0.009ms
[7.087s][info][gc,phases   ] GC(37) Concurrent Mark 48.841ms
[7.088s][info][gc,phases   ] GC(37) Pause Mark End 0.025ms
[7.088s][info][gc,phases   ] GC(37) Concurrent Mark Free 0.003ms
[7.090s][info][gc,phases   ] GC(37) Concurrent Process Non-Strong References 2.619ms
[7.091s][info][gc,phases   ] GC(37) Concurrent Reset Relocation Set 0.001ms
[7.092s][info][gc,phases   ] GC(37) Concurrent Select Relocation Set 1.393ms
[7.092s][info][gc,phases   ] GC(37) Pause Relocate Start 0.006ms
[7.093s][info][gc,phases   ] GC(37) Concurrent Relocate 0.520ms
[7.093s][info][gc,load     ] GC(37) Load: 0.00/0.00/0.00
[7.093s][info][gc,mmu      ] GC(37) MMU: 2ms/95.6%, 5ms/98.2%, 10ms/99.1%, 20ms/99.6%, 50ms/99.8%, 100ms/99.9%
[7.093s][info][gc,marking  ] GC(37) Mark: 2 stripe(s), 1 proactive flush(es), 1 terminate flush(es), 0 completion(s), 0 continuation(s) 
[7.093s][info][gc,marking  ] GC(37) Mark Stack Usage: 32M
[7.093s][info][gc,nmethod  ] GC(37) NMethods: 1955 registered, 419 unregistered
[7.093s][info][gc,metaspace] GC(37) Metaspace: 11M used, 11M committed, 1088M reserved
[7.093s][info][gc,ref      ] GC(37) Soft: 194 encountered, 0 discovered, 0 enqueued
[7.093s][info][gc,ref      ] GC(37) Weak: 764 encountered, 22 discovered, 0 enqueued
[7.093s][info][gc,ref      ] GC(37) Final: 0 encountered, 0 discovered, 0 enqueued
[7.093s][info][gc,ref      ] GC(37) Phantom: 41 encountered, 25 discovered, 0 enqueued
[7.093s][info][gc,reloc    ] GC(37) Small Pages: 127 / 254M, Empty: 198M, Relocated: 1M, In-Place: 0
[7.093s][info][gc,reloc    ] GC(37) Medium Pages: 1 / 32M, Empty: 0M, Relocated: 0M, In-Place: 0
[7.093s][info][gc,reloc    ] GC(37) Large Pages: 1 / 6M, Empty: 0M, Relocated: 0M, In-Place: 0
[7.093s][info][gc,reloc    ] GC(37) Forwarding Usage: 0M
[7.093s][info][gc,heap     ] GC(37) Min Capacity: 1024M(100%)
[7.093s][info][gc,heap     ] GC(37) Max Capacity: 1024M(100%)
[7.093s][info][gc,heap     ] GC(37) Soft Max Capacity: 1024M(100%)
[7.093s][info][gc,heap     ] GC(37)                Mark Start          Mark End        Relocate Start      Relocate End           High               Low         
[7.093s][info][gc,heap     ] GC(37)  Capacity:     1024M (100%)       1024M (100%)       1024M (100%)       1024M (100%)       1024M (100%)       1024M (100%)   
[7.093s][info][gc,heap     ] GC(37)      Free:      732M (71%)         732M (71%)         930M (91%)         944M (92%)         944M (92%)         732M (71%)    
[7.093s][info][gc,heap     ] GC(37)      Used:      292M (29%)         292M (29%)          94M (9%)           80M (8%)          292M (29%)          80M (8%)     
[7.093s][info][gc,heap     ] GC(37)      Live:         -                44M (4%)           44M (4%)           44M (4%)             -                  -          
[7.093s][info][gc,heap     ] GC(37) Allocated:         -                 0M (0%)            0M (0%)            0M (0%)             -                  -          
[7.093s][info][gc,heap     ] GC(37)   Garbage:         -               247M (24%)          49M (5%)           35M (3%)             -                  -          
[7.093s][info][gc,heap     ] GC(37) Reclaimed:         -                  -               198M (19%)         212M (21%)            -                  -          
[7.093s][info][gc          ] GC(37) Garbage Collection (System.gc()) 292M(29%)->80M(8%)
[7.181s][info][gc,start    ] GC(38) Garbage Collection (System.gc())
[7.181s][info][gc,task     ] GC(38) Using 2 workers
[7.181s][info][gc,phases   ] GC(38) Pause Mark Start 0.129ms
[7.228s][info][gc,phases   ] GC(38) Concurrent Mark 46.953ms
[7.228s][info][gc,phases   ] GC(38) Pause Mark End 0.025ms
[7.229s][info][gc,phases   ] GC(38) Concurrent Mark Free 0.003ms
[7.231s][info][gc,phases   ] GC(38) Concurrent Process Non-Strong References 2.281ms
[7.231s][info][gc,phases   ] GC(38) Concurrent Reset Relocation Set 0.001ms
[7.233s][info][gc,phases   ] GC(38) Concurrent Select Relocation Set 1.510ms
[7.233s][info][gc,phases   ] GC(38) Pause Relocate Start 0.009ms
[7.233s][info][gc,phases   ] GC(38) Concurrent Relocate 0.553ms
[7.233s][info][gc,load     ] GC(38) Load: 0.00/0.00/0.00
[7.233s][info][gc,mmu      ] GC(38) MMU: 2ms/93.6%, 5ms/97.4%, 10ms/98.7%, 20ms/99.4%, 50ms/99.7%, 100ms/99.8%
[7.233s][info][gc,marking  ] GC(38) Mark: 2 stripe(s), 1 proactive flush(es), 1 terminate flush(es), 0 completion(s), 0 continuation(s) 
[7.233s][info][gc,marking  ] GC(38) Mark Stack Usage: 32M
[7.233s][info][gc,nmethod  ] GC(38) NMethods: 1955 registered, 419 unregistered
[7.233s][info][gc,metaspace] GC(38) Metaspace: 11M used, 11M committed, 1088M reserved
[7.233s][info][gc,ref      ] GC(38) Soft: 194 encountered, 0 discovered, 0 enqueued
[7.233s][info][gc,ref      ] GC(38) Weak: 764 encountered, 347 discovered, 0 enqueued
[7.233s][info][gc,ref      ] GC(38) Final: 0 encountered, 0 discovered, 0 enqueued
[7.233s][info][gc,ref      ] GC(38) Phantom: 41 encountered, 24 discovered, 0 enqueued
[7.233s][info][gc,reloc    ] GC(38) Small Pages: 126 / 252M, Empty: 194M, Relocated: 1M, In-Place: 0
[7.233s][info][gc,reloc    ] GC(38) Medium Pages: 1 / 32M, Empty: 0M, Relocated: 0M, In-Place: 0
[7.233s][info][gc,reloc    ] GC(38) Large Pages: 1 / 6M, Empty: 0M, Relocated: 0M, In-Place: 0
[7.233s][info][gc,reloc    ] GC(38) Forwarding Usage: 0M
[7.233s][info][gc,heap     ] GC(38) Min Capacity: 1024M(100%)
[7.233s][info][gc,heap     ] GC(38) Max Capacity: 1024M(100%)
[7.233s][info][gc,heap     ] GC(38) Soft Max Capacity: 1024M(100%)
[7.233s][info][gc,heap     ] GC(38)                Mark Start          Mark End        Relocate Start      Relocate End           High               Low         
[7.233s][info][gc,heap     ] GC(38)  Capacity:     1024M (100%)       1024M (100%)       1024M (100%)       1024M (100%)       1024M (100%)       1024M (100%)   
[7.233s][info][gc,heap     ] GC(38)      Free:      734M (72%)         734M (72%)         928M (91%)         944M (92%)         944M (92%)         734M (72%)    
[7.233s][info][gc,heap     ] GC(38)      Used:      290M (28%)         290M (28%)          96M (9%)           80M (8%)          290M (28%)          80M (8%)     
[7.234s][info][gc,heap     ] GC(38)      Live:         -                44M (4%)           44M (4%)           44M (4%)             -                  -          
[7.234s][info][gc,heap     ] GC(38) Allocated:         -                 0M (0%)            0M (0%)            0M (0%)             -                  -          
[7.234s][info][gc,heap     ] GC(38)   Garbage:         -               245M (24%)          51M (5%)           35M (3%)             -                  -          
[7.234s][info][gc,heap     ] GC(38) Reclaimed:         -                  -               194M (19%)         210M (21%)            -                  -          
[7.234s][info][gc          ] GC(38) Garbage Collection (System.gc()) 290M(28%)->80M(8%)
[7.321s][info][gc,start    ] GC(39) Garbage Collection (System.gc())
[7.321s][info][gc,task     ] GC(39) Using 2 workers
[7.321s][info][gc,phases   ] GC(39) Pause Mark Start 0.010ms
[7.370s][info][gc,phases   ] GC(39) Concurrent Mark 48.857ms
[7.370s][info][gc,phases   ] GC(39) Pause Mark End 0.026ms
[7.370s][info][gc,phases   ] GC(39) Concurrent Mark Free 0.003ms
[7.372s][info][gc,phases   ] GC(39) Concurrent Process Non-Strong References 1.964ms
[7.373s][info][gc,phases   ] GC(39) Concurrent Reset Relocation Set 0.001ms
[7.374s][info][gc,phases   ] GC(39) Concurrent Select Relocation Set 1.697ms
[7.374s][info][gc,phases   ] GC(39) Pause Relocate Start 0.008ms
[7.375s][info][gc,phases   ] GC(39) Concurrent Relocate 1.120ms
[7.376s][info][gc,load     ] GC(39) Load: 0.00/0.00/0.00
[7.376s][info][gc,mmu      ] GC(39) MMU: 2ms/93.6%, 5ms/97.4%, 10ms/98.7%, 20ms/99.4%, 50ms/99.7%, 100ms/99.8%
[7.376s][info][gc,marking  ] GC(39) Mark: 2 stripe(s), 1 proactive flush(es), 1 terminate flush(es), 0 completion(s), 0 continuation(s) 
[7.376s][info][gc,marking  ] GC(39) Mark Stack Usage: 32M
[7.376s][info][gc,nmethod  ] GC(39) NMethods: 1955 registered, 420 unregistered
[7.376s][info][gc,metaspace] GC(39) Metaspace: 11M used, 11M committed, 1088M reserved
[7.376s][info][gc,ref      ] GC(39) Soft: 194 encountered, 0 discovered, 0 enqueued
[7.376s][info][gc,ref      ] GC(39) Weak: 764 encountered, 317 discovered, 0 enqueued
[7.376s][info][gc,ref      ] GC(39) Final: 0 encountered, 0 discovered, 0 enqueued
[7.376s][info][gc,ref      ] GC(39) Phantom: 41 encountered, 24 discovered, 0 enqueued
[7.376s][info][gc,reloc    ] GC(39) Small Pages: 125 / 250M, Empty: 186M, Relocated: 1M, In-Place: 0
[7.376s][info][gc,reloc    ] GC(39) Medium Pages: 1 / 32M, Empty: 0M, Relocated: 0M, In-Place: 0
[7.376s][info][gc,reloc    ] GC(39) Large Pages: 1 / 6M, Empty: 0M, Relocated: 0M, In-Place: 0
[7.376s][info][gc,reloc    ] GC(39) Forwarding Usage: 0M
[7.376s][info][gc,heap     ] GC(39) Min Capacity: 1024M(100%)
[7.376s][info][gc,heap     ] GC(39) Max Capacity: 1024M(100%)
[7.376s][info][gc,heap     ] GC(39) Soft Max Capacity: 1024M(100%)
[7.376s][info][gc,heap     ] GC(39)                Mark Start          Mark End        Relocate Start      Relocate End           High               Low         
[7.376s][info][gc,heap     ] GC(39)  Capacity:     1024M (100%)       1024M (100%)       1024M (100%)       1024M (100%)       1024M (100%)       1024M (100%)   
[7.376s][info][gc,heap     ] GC(39)      Free:      736M (72%)         736M (72%)         922M (90%)         944M (92%)         944M (92%)         736M (72%)    
[7.376s][info][gc,heap     ] GC(39)      Used:      288M (28%)         288M (28%)         102M (10%)          80M (8%)          288M (28%)          80M (8%)     
[7.376s][info][gc,heap     ] GC(39)      Live:         -                44M (4%)           44M (4%)           44M (4%)             -                  -          
[7.376s][info][gc,heap     ] GC(39) Allocated:         -                 0M (0%)            0M (0%)            0M (0%)             -                  -          
[7.376s][info][gc,heap     ] GC(39)   Garbage:         -               243M (24%)          57M (6%)           35M (3%)             -                  -          
[7.376s][info][gc,heap     ] GC(39) Reclaimed:         -                  -               186M (18%)         208M (20%)            -                  -          
[7.376s][info][gc          ] GC(39) Garbage Collection (System.gc()) 288M(28%)->80M(8%)
[7.465s][info][gc,start    ] GC(40) Garbage Collection (System.gc())
[7.465s][info][gc,task     ] GC(40) Using 2 workers
[7.465s][info][gc,phases   ] GC(40) Pause Mark Start 0.009ms
[7.511s][info][gc,phases   ] GC(40) Concurrent Mark 45.813ms
[7.512s][info][gc,phases   ] GC(40) Pause Mark End 0.026ms
[7.512s][info][gc,phases   ] GC(40) Concurrent Mark Free 0.003ms
[7.514s][info][gc,phases   ] GC(40) Concurrent Process Non-Strong References 2.230ms
[7.514s][info][gc,phases   ] GC(40) Concurrent Reset Relocation Set 0.002ms
[7.516s][info][gc,phases   ] GC(40) Concurrent Select Relocation Set 1.529ms
[7.516s][info][gc,phases   ] GC(40) Pause Relocate Start 0.007ms
[7.517s][info][gc,phases   ] GC(40) Concurrent Relocate 1.015ms
[7.517s][info][gc,load     ] GC(40) Load: 0.00/0.00/0.00
[7.517s][info][gc,mmu      ] GC(40) MMU: 2ms/93.6%, 5ms/97.4%, 10ms/98.7%, 20ms/99.4%, 50ms/99.7%, 100ms/99.8%
[7.517s][info][gc,marking  ] GC(40) Mark: 2 stripe(s), 2 proactive flush(es), 1 terminate flush(es), 0 completion(s), 0 continuation(s) 
[7.517s][info][gc,marking  ] GC(40) Mark Stack Usage: 32M
[7.517s][info][gc,nmethod  ] GC(40) NMethods: 1957 registered, 422 unregistered
[7.517s][info][gc,metaspace] GC(40) Metaspace: 11M used, 11M committed, 1088M reserved
[7.517s][info][gc,ref      ] GC(40) Soft: 194 encountered, 0 discovered, 0 enqueued
[7.517s][info][gc,ref      ] GC(40) Weak: 764 encountered, 91 discovered, 0 enqueued
[7.517s][info][gc,ref      ] GC(40) Final: 0 encountered, 0 discovered, 0 enqueued
[7.517s][info][gc,ref      ] GC(40) Phantom: 41 encountered, 28 discovered, 0 enqueued
[7.517s][info][gc,reloc    ] GC(40) Small Pages: 126 / 252M, Empty: 196M, Relocated: 1M, In-Place: 0
[7.517s][info][gc,reloc    ] GC(40) Medium Pages: 1 / 32M, Empty: 0M, Relocated: 0M, In-Place: 0
[7.517s][info][gc,reloc    ] GC(40) Large Pages: 1 / 6M, Empty: 0M, Relocated: 0M, In-Place: 0
[7.517s][info][gc,reloc    ] GC(40) Forwarding Usage: 0M
[7.517s][info][gc,heap     ] GC(40) Min Capacity: 1024M(100%)
[7.517s][info][gc,heap     ] GC(40) Max Capacity: 1024M(100%)
[7.517s][info][gc,heap     ] GC(40) Soft Max Capacity: 1024M(100%)
[7.517s][info][gc,heap     ] GC(40)                Mark Start          Mark End        Relocate Start      Relocate End           High               Low         
[7.517s][info][gc,heap     ] GC(40)  Capacity:     1024M (100%)       1024M (100%)       1024M (100%)       1024M (100%)       1024M (100%)       1024M (100%)   
[7.517s][info][gc,heap     ] GC(40)      Free:      734M (72%)         734M (72%)         930M (91%)         944M (92%)         944M (92%)         734M (72%)    
[7.517s][info][gc,heap     ] GC(40)      Used:      290M (28%)         290M (28%)          94M (9%)           80M (8%)          290M (28%)          80M (8%)     
[7.517s][info][gc,heap     ] GC(40)      Live:         -                44M (4%)           44M (4%)           44M (4%)             -                  -          
[7.517s][info][gc,heap     ] GC(40) Allocated:         -                 0M (0%)            0M (0%)            0M (0%)             -                  -          
[7.517s][info][gc,heap     ] GC(40)   Garbage:         -               245M (24%)          49M (5%)           35M (3%)             -                  -          
[7.517s][info][gc,heap     ] GC(40) Reclaimed:         -                  -               196M (19%)         210M (21%)            -                  -          
[7.517s][info][gc          ] GC(40) Garbage Collection (System.gc()) 290M(28%)->80M(8%)
[7.605s][info][gc,start    ] GC(41) Garbage Collection (System.gc())
[7.605s][info][gc,task     ] GC(41) Using 2 workers
[7.605s][info][gc,phases   ] GC(41) Pause Mark Start 0.011ms
[7.653s][info][gc,phases   ] GC(41) Concurrent Mark 47.770ms
[7.653s][info][gc,phases   ] GC(41) Pause Mark End 0.013ms
[7.653s][info][gc,phases   ] GC(41) Concurrent Mark Free 0.002ms
[7.656s][info][gc,phases   ] GC(41) Concurrent Process Non-Strong References 2.377ms
[7.656s][info][gc,phases   ] GC(41) Concurrent Reset Relocation Set 0.002ms
[7.657s][info][gc,phases   ] GC(41) Concurrent Select Relocation Set 1.490ms
[7.657s][info][gc,phases   ] GC(41) Pause Relocate Start 0.008ms
[7.658s][info][gc,phases   ] GC(41) Concurrent Relocate 0.938ms
[7.658s][info][gc,load     ] GC(41) Load: 0.00/0.00/0.00
[7.658s][info][gc,mmu      ] GC(41) MMU: 2ms/93.6%, 5ms/97.4%, 10ms/98.7%, 20ms/99.4%, 50ms/99.7%, 100ms/99.8%
[7.658s][info][gc,marking  ] GC(41) Mark: 2 stripe(s), 1 proactive flush(es), 1 terminate flush(es), 0 completion(s), 0 continuation(s) 
[7.658s][info][gc,marking  ] GC(41) Mark Stack Usage: 32M
[7.658s][info][gc,nmethod  ] GC(41) NMethods: 1960 registered, 422 unregistered
[7.658s][info][gc,metaspace] GC(41) Metaspace: 11M used, 11M committed, 1088M reserved
[7.658s][info][gc,ref      ] GC(41) Soft: 194 encountered, 0 discovered, 0 enqueued
[7.658s][info][gc,ref      ] GC(41) Weak: 764 encountered, 250 discovered, 0 enqueued
[7.658s][info][gc,ref      ] GC(41) Final: 0 encountered, 0 discovered, 0 enqueued
[7.658s][info][gc,ref      ] GC(41) Phantom: 41 encountered, 25 discovered, 0 enqueued
[7.658s][info][gc,reloc    ] GC(41) Small Pages: 126 / 252M, Empty: 192M, Relocated: 1M, In-Place: 0
[7.658s][info][gc,reloc    ] GC(41) Medium Pages: 1 / 32M, Empty: 0M, Relocated: 0M, In-Place: 0
[7.658s][info][gc,reloc    ] GC(41) Large Pages: 1 / 6M, Empty: 0M, Relocated: 0M, In-Place: 0
[7.658s][info][gc,reloc    ] GC(41) Forwarding Usage: 0M
[7.658s][info][gc,heap     ] GC(41) Min Capacity: 1024M(100%)
[7.658s][info][gc,heap     ] GC(41) Max Capacity: 1024M(100%)
[7.658s][info][gc,heap     ] GC(41) Soft Max Capacity: 1024M(100%)
[7.658s][info][gc,heap     ] GC(41)                Mark Start          Mark End        Relocate Start      Relocate End           High               Low         
[7.658s][info][gc,heap     ] GC(41)  Capacity:     1024M (100%)       1024M (100%)       1024M (100%)       1024M (100%)       1024M (100%)       1024M (100%)   
[7.658s][info][gc,heap     ] GC(41)      Free:      734M (72%)         734M (72%)         926M (90%)         944M (92%)         944M (92%)         734M (72%)    
[7.658s][info][gc,heap     ] GC(41)      Used:      290M (28%)         290M (28%)          98M (10%)          80M (8%)          290M (28%)          80M (8%)     
[7.658s][info][gc,heap     ] GC(41)      Live:         -                44M (4%)           44M (4%)           44M (4%)             -                  -          
[7.658s][info][gc,heap     ] GC(41) Allocated:         -                 0M (0%)            0M (0%)            0M (0%)             -                  -          
[7.658s][info][gc,heap     ] GC(41)   Garbage:         -               245M (24%)          53M (5%)           35M (3%)             -                  -          
[7.658s][info][gc,heap     ] GC(41) Reclaimed:         -                  -               192M (19%)         210M (21%)            -                  -          
[7.658s][info][gc          ] GC(41) Garbage Collection (System.gc()) 290M(28%)->80M(8%)
[7.746s][info][gc,start    ] GC(42) Garbage Collection (System.gc())
[7.746s][info][gc,task     ] GC(42) Using 2 workers
[7.746s][info][gc,phases   ] GC(42) Pause Mark Start 0.010ms
[7.794s][info][gc,phases   ] GC(42) Concurrent Mark 47.750ms
[7.794s][info][gc,phases   ] GC(42) Pause Mark End 0.027ms
[7.794s][info][gc,phases   ] GC(42) Concurrent Mark Free 0.003ms
[7.797s][info][gc,phases   ] GC(42) Concurrent Process Non-Strong References 2.242ms
[7.797s][info][gc,phases   ] GC(42) Concurrent Reset Relocation Set 0.001ms
[7.798s][info][gc,phases   ] GC(42) Concurrent Select Relocation Set 1.535ms
[7.798s][info][gc,phases   ] GC(42) Pause Relocate Start 0.008ms
[7.799s][info][gc,phases   ] GC(42) Concurrent Relocate 1.008ms
[7.800s][info][gc,load     ] GC(42) Load: 0.00/0.00/0.00
[7.800s][info][gc,mmu      ] GC(42) MMU: 2ms/93.6%, 5ms/97.4%, 10ms/98.7%, 20ms/99.4%, 50ms/99.7%, 100ms/99.8%
[7.800s][info][gc,marking  ] GC(42) Mark: 2 stripe(s), 1 proactive flush(es), 1 terminate flush(es), 0 completion(s), 0 continuation(s) 
[7.800s][info][gc,marking  ] GC(42) Mark Stack Usage: 32M
[7.800s][info][gc,nmethod  ] GC(42) NMethods: 1969 registered, 422 unregistered
[7.800s][info][gc,metaspace] GC(42) Metaspace: 11M used, 11M committed, 1088M reserved
[7.800s][info][gc,ref      ] GC(42) Soft: 194 encountered, 0 discovered, 0 enqueued
[7.800s][info][gc,ref      ] GC(42) Weak: 764 encountered, 290 discovered, 0 enqueued
[7.800s][info][gc,ref      ] GC(42) Final: 0 encountered, 0 discovered, 0 enqueued
[7.800s][info][gc,ref      ] GC(42) Phantom: 41 encountered, 25 discovered, 0 enqueued
[7.800s][info][gc,reloc    ] GC(42) Small Pages: 126 / 252M, Empty: 196M, Relocated: 1M, In-Place: 0
[7.800s][info][gc,reloc    ] GC(42) Medium Pages: 1 / 32M, Empty: 0M, Relocated: 0M, In-Place: 0
[7.800s][info][gc,reloc    ] GC(42) Large Pages: 1 / 6M, Empty: 0M, Relocated: 0M, In-Place: 0
[7.800s][info][gc,reloc    ] GC(42) Forwarding Usage: 0M
[7.800s][info][gc,heap     ] GC(42) Min Capacity: 1024M(100%)
[7.800s][info][gc,heap     ] GC(42) Max Capacity: 1024M(100%)
[7.800s][info][gc,heap     ] GC(42) Soft Max Capacity: 1024M(100%)
[7.800s][info][gc,heap     ] GC(42)                Mark Start          Mark End        Relocate Start      Relocate End           High               Low         
[7.800s][info][gc,heap     ] GC(42)  Capacity:     1024M (100%)       1024M (100%)       1024M (100%)       1024M (100%)       1024M (100%)       1024M (100%)   
[7.800s][info][gc,heap     ] GC(42)      Free:      734M (72%)         734M (72%)         930M (91%)         944M (92%)         944M (92%)         734M (72%)    
[7.800s][info][gc,heap     ] GC(42)      Used:      290M (28%)         290M (28%)          94M (9%)           80M (8%)          290M (28%)          80M (8%)     
[7.800s][info][gc,heap     ] GC(42)      Live:         -                44M (4%)           44M (4%)           44M (4%)             -                  -          
[7.800s][info][gc,heap     ] GC(42) Allocated:         -                 0M (0%)            0M (0%)            0M (0%)             -                  -          
[7.800s][info][gc,heap     ] GC(42)   Garbage:         -               245M (24%)          49M (5%)           35M (3%)             -                  -          
[7.800s][info][gc,heap     ] GC(42) Reclaimed:         -                  -               196M (19%)         210M (21%)            -                  -          
[7.800s][info][gc          ] GC(42) Garbage Collection (System.gc()) 290M(28%)->80M(8%)
[7.887s][info][gc,start    ] GC(43) Garbage Collection (System.gc())
[7.888s][info][gc,task     ] GC(43) Using 2 workers
[7.888s][info][gc,phases   ] GC(43) Pause Mark Start 0.010ms
[7.936s][info][gc,phases   ] GC(43) Concurrent Mark 48.442ms
[7.936s][info][gc,phases   ] GC(43) Pause Mark End 0.019ms
[7.936s][info][gc,phases   ] GC(43) Concurrent Mark Free 0.003ms
[7.939s][info][gc,phases   ] GC(43) Concurrent Process Non-Strong References 2.107ms
[7.939s][info][gc,phases   ] GC(43) Concurrent Reset Relocation Set 0.001ms
[7.940s][info][gc,phases   ] GC(43) Concurrent Select Relocation Set 1.680ms
[7.940s][info][gc,phases   ] GC(43) Pause Relocate Start 0.008ms
[7.941s][info][gc,phases   ] GC(43) Concurrent Relocate 0.518ms
[7.941s][info][gc,load     ] GC(43) Load: 0.00/0.00/0.00
[7.941s][info][gc,mmu      ] GC(43) MMU: 2ms/93.6%, 5ms/97.4%, 10ms/98.7%, 20ms/99.4%, 50ms/99.7%, 100ms/99.8%
[7.941s][info][gc,marking  ] GC(43) Mark: 2 stripe(s), 1 proactive flush(es), 1 terminate flush(es), 0 completion(s), 0 continuation(s) 
[7.941s][info][gc,marking  ] GC(43) Mark Stack Usage: 32M
[7.941s][info][gc,nmethod  ] GC(43) NMethods: 1969 registered, 422 unregistered
[7.941s][info][gc,metaspace] GC(43) Metaspace: 11M used, 11M committed, 1088M reserved
[7.941s][info][gc,ref      ] GC(43) Soft: 194 encountered, 0 discovered, 0 enqueued
[7.941s][info][gc,ref      ] GC(43) Weak: 764 encountered, 281 discovered, 0 enqueued
[7.941s][info][gc,ref      ] GC(43) Final: 0 encountered, 0 discovered, 0 enqueued
[7.941s][info][gc,ref      ] GC(43) Phantom: 41 encountered, 25 discovered, 0 enqueued
[7.941s][info][gc,reloc    ] GC(43) Small Pages: 126 / 252M, Empty: 194M, Relocated: 1M, In-Place: 0
[7.941s][info][gc,reloc    ] GC(43) Medium Pages: 1 / 32M, Empty: 0M, Relocated: 0M, In-Place: 0
[7.941s][info][gc,reloc    ] GC(43) Large Pages: 1 / 6M, Empty: 0M, Relocated: 0M, In-Place: 0
[7.941s][info][gc,reloc    ] GC(43) Forwarding Usage: 0M
[7.941s][info][gc,heap     ] GC(43) Min Capacity: 1024M(100%)
[7.941s][info][gc,heap     ] GC(43) Max Capacity: 1024M(100%)
[7.941s][info][gc,heap     ] GC(43) Soft Max Capacity: 1024M(100%)
[7.941s][info][gc,heap     ] GC(43)                Mark Start          Mark End        Relocate Start      Relocate End           High               Low         
[7.941s][info][gc,heap     ] GC(43)  Capacity:     1024M (100%)       1024M (100%)       1024M (100%)       1024M (100%)       1024M (100%)       1024M (100%)   
[7.941s][info][gc,heap     ] GC(43)      Free:      734M (72%)         734M (72%)         928M (91%)         944M (92%)         944M (92%)         734M (72%)    
[7.941s][info][gc,heap     ] GC(43)      Used:      290M (28%)         290M (28%)          96M (9%)           80M (8%)          290M (28%)          80M (8%)     
[7.941s][info][gc,heap     ] GC(43)      Live:         -                44M (4%)           44M (4%)           44M (4%)             -                  -          
[7.941s][info][gc,heap     ] GC(43) Allocated:         -                 0M (0%)            0M (0%)            0M (0%)             -                  -          
[7.941s][info][gc,heap     ] GC(43)   Garbage:         -               245M (24%)          51M (5%)           35M (3%)             -                  -          
[7.941s][info][gc,heap     ] GC(43) Reclaimed:         -                  -               194M (19%)         210M (21%)            -                  -          
[7.941s][info][gc          ] GC(43) Garbage Collection (System.gc()) 290M(28%)->80M(8%)
[8.028s][info][gc,start    ] GC(44) Garbage Collection (System.gc())
[8.029s][info][gc,task     ] GC(44) Using 2 workers
[8.029s][info][gc,phases   ] GC(44) Pause Mark Start 0.010ms
[8.093s][info][gc,phases   ] GC(44) Concurrent Mark 64.691ms
[8.094s][info][gc,phases   ] GC(44) Pause Mark End 0.033ms
[8.094s][info][gc,phases   ] GC(44) Concurrent Mark Free 0.003ms
[8.096s][info][gc,phases   ] GC(44) Concurrent Process Non-Strong References 2.001ms
[8.096s][info][gc,phases   ] GC(44) Concurrent Reset Relocation Set 0.001ms
[8.098s][info][gc,phases   ] GC(44) Concurrent Select Relocation Set 1.497ms
[8.098s][info][gc,phases   ] GC(44) Pause Relocate Start 0.008ms
[8.098s][info][gc,phases   ] GC(44) Concurrent Relocate 0.540ms
[8.098s][info][gc,load     ] GC(44) Load: 0.00/0.00/0.00
[8.098s][info][gc,mmu      ] GC(44) MMU: 2ms/93.6%, 5ms/97.4%, 10ms/98.7%, 20ms/99.4%, 50ms/99.7%, 100ms/99.8%
[8.098s][info][gc,marking  ] GC(44) Mark: 2 stripe(s), 1 proactive flush(es), 1 terminate flush(es), 0 completion(s), 0 continuation(s) 
[8.098s][info][gc,marking  ] GC(44) Mark Stack Usage: 32M
[8.098s][info][gc,nmethod  ] GC(44) NMethods: 1969 registered, 422 unregistered
[8.098s][info][gc,metaspace] GC(44) Metaspace: 11M used, 11M committed, 1088M reserved
[8.098s][info][gc,ref      ] GC(44) Soft: 194 encountered, 0 discovered, 0 enqueued
[8.098s][info][gc,ref      ] GC(44) Weak: 764 encountered, 65 discovered, 0 enqueued
[8.098s][info][gc,ref      ] GC(44) Final: 0 encountered, 0 discovered, 0 enqueued
[8.098s][info][gc,ref      ] GC(44) Phantom: 41 encountered, 25 discovered, 0 enqueued
[8.098s][info][gc,reloc    ] GC(44) Small Pages: 125 / 250M, Empty: 194M, Relocated: 1M, In-Place: 0
[8.098s][info][gc,reloc    ] GC(44) Medium Pages: 1 / 32M, Empty: 0M, Relocated: 0M, In-Place: 0
[8.098s][info][gc,reloc    ] GC(44) Large Pages: 1 / 6M, Empty: 0M, Relocated: 0M, In-Place: 0
[8.098s][info][gc,reloc    ] GC(44) Forwarding Usage: 0M
[8.098s][info][gc,heap     ] GC(44) Min Capacity: 1024M(100%)
[8.098s][info][gc,heap     ] GC(44) Max Capacity: 1024M(100%)
[8.098s][info][gc,heap     ] GC(44) Soft Max Capacity: 1024M(100%)
[8.098s][info][gc,heap     ] GC(44)                Mark Start          Mark End        Relocate Start      Relocate End           High               Low         
[8.098s][info][gc,heap     ] GC(44)  Capacity:     1024M (100%)       1024M (100%)       1024M (100%)       1024M (100%)       1024M (100%)       1024M (100%)   
[8.098s][info][gc,heap     ] GC(44)      Free:      736M (72%)         736M (72%)         930M (91%)         944M (92%)         944M (92%)         736M (72%)    
[8.098s][info][gc,heap     ] GC(44)      Used:      288M (28%)         288M (28%)          94M (9%)           80M (8%)          288M (28%)          80M (8%)     
[8.098s][info][gc,heap     ] GC(44)      Live:         -                44M (4%)           44M (4%)           44M (4%)             -                  -          
[8.098s][info][gc,heap     ] GC(44) Allocated:         -                 0M (0%)            0M (0%)            0M (0%)             -                  -          
[8.098s][info][gc,heap     ] GC(44)   Garbage:         -               243M (24%)          49M (5%)           35M (3%)             -                  -          
[8.099s][info][gc,heap     ] GC(44) Reclaimed:         -                  -               194M (19%)         208M (20%)            -                  -          
[8.099s][info][gc          ] GC(44) Garbage Collection (System.gc()) 288M(28%)->80M(8%)
[8.186s][info][gc,start    ] GC(45) Garbage Collection (System.gc())
[8.186s][info][gc,task     ] GC(45) Using 2 workers
[8.186s][info][gc,phases   ] GC(45) Pause Mark Start 0.007ms
[8.234s][info][gc,phases   ] GC(45) Concurrent Mark 48.218ms
[8.234s][info][gc,phases   ] GC(45) Pause Mark End 0.020ms
[8.234s][info][gc,phases   ] GC(45) Concurrent Mark Free 0.001ms
[8.236s][info][gc,phases   ] GC(45) Concurrent Process Non-Strong References 2.104ms
[8.236s][info][gc,phases   ] GC(45) Concurrent Reset Relocation Set 0.001ms
[8.238s][info][gc,phases   ] GC(45) Concurrent Select Relocation Set 1.302ms
[8.238s][info][gc,phases   ] GC(45) Pause Relocate Start 0.008ms
[8.238s][info][gc,phases   ] GC(45) Concurrent Relocate 0.525ms
[8.238s][info][gc,load     ] GC(45) Load: 0.00/0.00/0.00
[8.239s][info][gc,mmu      ] GC(45) MMU: 2ms/93.6%, 5ms/97.4%, 10ms/98.7%, 20ms/99.4%, 50ms/99.7%, 100ms/99.8%
[8.239s][info][gc,marking  ] GC(45) Mark: 2 stripe(s), 2 proactive flush(es), 1 terminate flush(es), 0 completion(s), 0 continuation(s) 
[8.239s][info][gc,marking  ] GC(45) Mark Stack Usage: 32M
[8.239s][info][gc,nmethod  ] GC(45) NMethods: 1969 registered, 423 unregistered
[8.239s][info][gc,metaspace] GC(45) Metaspace: 11M used, 11M committed, 1088M reserved
[8.239s][info][gc,ref      ] GC(45) Soft: 194 encountered, 0 discovered, 0 enqueued
[8.239s][info][gc,ref      ] GC(45) Weak: 764 encountered, 263 discovered, 0 enqueued
[8.239s][info][gc,ref      ] GC(45) Final: 0 encountered, 0 discovered, 0 enqueued
[8.239s][info][gc,ref      ] GC(45) Phantom: 41 encountered, 28 discovered, 0 enqueued
[8.239s][info][gc,reloc    ] GC(45) Small Pages: 126 / 252M, Empty: 196M, Relocated: 1M, In-Place: 0
[8.239s][info][gc,reloc    ] GC(45) Medium Pages: 1 / 32M, Empty: 0M, Relocated: 0M, In-Place: 0
[8.239s][info][gc,reloc    ] GC(45) Large Pages: 1 / 6M, Empty: 0M, Relocated: 0M, In-Place: 0
[8.239s][info][gc,reloc    ] GC(45) Forwarding Usage: 0M
[8.239s][info][gc,heap     ] GC(45) Min Capacity: 1024M(100%)
[8.239s][info][gc,heap     ] GC(45) Max Capacity: 1024M(100%)
[8.239s][info][gc,heap     ] GC(45) Soft Max Capacity: 1024M(100%)
[8.239s][info][gc,heap     ] GC(45)                Mark Start          Mark End        Relocate Start      Relocate End           High               Low         
[8.239s][info][gc,heap     ] GC(45)  Capacity:     1024M (100%)       1024M (100%)       1024M (100%)       1024M (100%)       1024M (100%)       1024M (100%)   
[8.239s][info][gc,heap     ] GC(45)      Free:      734M (72%)         734M (72%)         930M (91%)         944M (92%)         944M (92%)         734M (72%)    
[8.239s][info][gc,heap     ] GC(45)      Used:      290M (28%)         290M (28%)          94M (9%)           80M (8%)          290M (28%)          80M (8%)     
[8.239s][info][gc,heap     ] GC(45)      Live:         -                44M (4%)           44M (4%)           44M (4%)             -                  -          
[8.239s][info][gc,heap     ] GC(45) Allocated:         -                 0M (0%)            0M (0%)            0M (0%)             -                  -          
[8.239s][info][gc,heap     ] GC(45)   Garbage:         -               245M (24%)          49M (5%)           35M (3%)             -                  -          
[8.239s][info][gc,heap     ] GC(45) Reclaimed:         -                  -               196M (19%)         210M (21%)            -                  -          
[8.239s][info][gc          ] GC(45) Garbage Collection (System.gc()) 290M(28%)->80M(8%)
[8.326s][info][gc,start    ] GC(46) Garbage Collection (System.gc())
[8.326s][info][gc,task     ] GC(46) Using 2 workers
[8.326s][info][gc,phases   ] GC(46) Pause Mark Start 0.009ms
[8.376s][info][gc,phases   ] GC(46) Concurrent Mark 49.227ms
[8.376s][info][gc,phases   ] GC(46) Pause Mark End 0.036ms
[8.376s][info][gc,phases   ] GC(46) Concurrent Mark Free 0.002ms
[8.378s][info][gc,phases   ] GC(46) Concurrent Process Non-Strong References 1.942ms
[8.378s][info][gc,phases   ] GC(46) Concurrent Reset Relocation Set 0.001ms
[8.380s][info][gc,phases   ] GC(46) Concurrent Select Relocation Set 1.687ms
[8.380s][info][gc,phases   ] GC(46) Pause Relocate Start 0.007ms
[8.381s][info][gc,phases   ] GC(46) Concurrent Relocate 0.531ms
[8.381s][info][gc,load     ] GC(46) Load: 0.00/0.00/0.00
[8.381s][info][gc,mmu      ] GC(46) MMU: 2ms/93.6%, 5ms/97.4%, 10ms/98.7%, 20ms/99.4%, 50ms/99.7%, 100ms/99.8%
[8.381s][info][gc,marking  ] GC(46) Mark: 2 stripe(s), 1 proactive flush(es), 1 terminate flush(es), 0 completion(s), 0 continuation(s) 
[8.381s][info][gc,marking  ] GC(46) Mark Stack Usage: 32M
[8.381s][info][gc,nmethod  ] GC(46) NMethods: 1969 registered, 423 unregistered
[8.381s][info][gc,metaspace] GC(46) Metaspace: 11M used, 11M committed, 1088M reserved
[8.381s][info][gc,ref      ] GC(46) Soft: 194 encountered, 0 discovered, 0 enqueued
[8.381s][info][gc,ref      ] GC(46) Weak: 764 encountered, 267 discovered, 0 enqueued
[8.381s][info][gc,ref      ] GC(46) Final: 0 encountered, 0 discovered, 0 enqueued
[8.381s][info][gc,ref      ] GC(46) Phantom: 41 encountered, 25 discovered, 0 enqueued
[8.381s][info][gc,reloc    ] GC(46) Small Pages: 126 / 252M, Empty: 196M, Relocated: 1M, In-Place: 0
[8.381s][info][gc,reloc    ] GC(46) Medium Pages: 1 / 32M, Empty: 0M, Relocated: 0M, In-Place: 0
[8.381s][info][gc,reloc    ] GC(46) Large Pages: 1 / 6M, Empty: 0M, Relocated: 0M, In-Place: 0
[8.381s][info][gc,reloc    ] GC(46) Forwarding Usage: 0M
[8.381s][info][gc,heap     ] GC(46) Min Capacity: 1024M(100%)
[8.381s][info][gc,heap     ] GC(46) Max Capacity: 1024M(100%)
[8.381s][info][gc,heap     ] GC(46) Soft Max Capacity: 1024M(100%)
[8.381s][info][gc,heap     ] GC(46)                Mark Start          Mark End        Relocate Start      Relocate End           High               Low         
[8.381s][info][gc,heap     ] GC(46)  Capacity:     1024M (100%)       1024M (100%)       1024M (100%)       1024M (100%)       1024M (100%)       1024M (100%)   
[8.381s][info][gc,heap     ] GC(46)      Free:      734M (72%)         734M (72%)         930M (91%)         944M (92%)         944M (92%)         734M (72%)    
[8.381s][info][gc,heap     ] GC(46)      Used:      290M (28%)         290M (28%)          94M (9%)           80M (8%)          290M (28%)          80M (8%)     
[8.381s][info][gc,heap     ] GC(46)      Live:         -                44M (4%)           44M (4%)           44M (4%)             -                  -          
[8.381s][info][gc,heap     ] GC(46) Allocated:         -                 0M (0%)            0M (0%)            0M (0%)             -                  -          
[8.381s][info][gc,heap     ] GC(46)   Garbage:         -               245M (24%)          49M (5%)           35M (3%)             -                  -          
[8.381s][info][gc,heap     ] GC(46) Reclaimed:         -                  -               196M (19%)         210M (21%)            -                  -          
[8.381s][info][gc          ] GC(46) Garbage Collection (System.gc()) 290M(28%)->80M(8%)
[8.470s][info][gc,start    ] GC(47) Garbage Collection (System.gc())
[8.470s][info][gc,task     ] GC(47) Using 2 workers
[8.470s][info][gc,phases   ] GC(47) Pause Mark Start 0.008ms
[8.517s][info][gc,phases   ] GC(47) Concurrent Mark 46.226ms
[8.517s][info][gc,phases   ] GC(47) Pause Mark End 0.027ms
[8.517s][info][gc,phases   ] GC(47) Concurrent Mark Free 0.003ms
[8.520s][info][gc,phases   ] GC(47) Concurrent Process Non-Strong References 2.497ms
[8.520s][info][gc,phases   ] GC(47) Concurrent Reset Relocation Set 0.001ms
[8.521s][info][gc,phases   ] GC(47) Concurrent Select Relocation Set 1.718ms
[8.521s][info][gc,phases   ] GC(47) Pause Relocate Start 0.005ms
[8.522s][info][gc,phases   ] GC(47) Concurrent Relocate 0.515ms
[8.522s][info][gc,load     ] GC(47) Load: 0.00/0.00/0.00
[8.522s][info][gc,mmu      ] GC(47) MMU: 2ms/93.6%, 5ms/97.4%, 10ms/98.7%, 20ms/99.4%, 50ms/99.7%, 100ms/99.8%
[8.522s][info][gc,marking  ] GC(47) Mark: 2 stripe(s), 1 proactive flush(es), 1 terminate flush(es), 0 completion(s), 0 continuation(s) 
[8.522s][info][gc,marking  ] GC(47) Mark Stack Usage: 32M
[8.522s][info][gc,nmethod  ] GC(47) NMethods: 1972 registered, 423 unregistered
[8.522s][info][gc,metaspace] GC(47) Metaspace: 11M used, 11M committed, 1088M reserved
[8.522s][info][gc,ref      ] GC(47) Soft: 194 encountered, 0 discovered, 0 enqueued
[8.522s][info][gc,ref      ] GC(47) Weak: 764 encountered, 222 discovered, 0 enqueued
[8.522s][info][gc,ref      ] GC(47) Final: 0 encountered, 0 discovered, 0 enqueued
[8.522s][info][gc,ref      ] GC(47) Phantom: 41 encountered, 24 discovered, 0 enqueued
[8.522s][info][gc,reloc    ] GC(47) Small Pages: 126 / 252M, Empty: 196M, Relocated: 1M, In-Place: 0
[8.522s][info][gc,reloc    ] GC(47) Medium Pages: 1 / 32M, Empty: 0M, Relocated: 0M, In-Place: 0
[8.522s][info][gc,reloc    ] GC(47) Large Pages: 1 / 6M, Empty: 0M, Relocated: 0M, In-Place: 0
[8.522s][info][gc,reloc    ] GC(47) Forwarding Usage: 0M
[8.522s][info][gc,heap     ] GC(47) Min Capacity: 1024M(100%)
[8.522s][info][gc,heap     ] GC(47) Max Capacity: 1024M(100%)
[8.522s][info][gc,heap     ] GC(47) Soft Max Capacity: 1024M(100%)
[8.522s][info][gc,heap     ] GC(47)                Mark Start          Mark End        Relocate Start      Relocate End           High               Low         
[8.522s][info][gc,heap     ] GC(47)  Capacity:     1024M (100%)       1024M (100%)       1024M (100%)       1024M (100%)       1024M (100%)       1024M (100%)   
[8.522s][info][gc,heap     ] GC(47)      Free:      734M (72%)         734M (72%)         930M (91%)         944M (92%)         944M (92%)         734M (72%)    
[8.522s][info][gc,heap     ] GC(47)      Used:      290M (28%)         290M (28%)          94M (9%)           80M (8%)          290M (28%)          80M (8%)     
[8.522s][info][gc,heap     ] GC(47)      Live:         -                44M (4%)           44M (4%)           44M (4%)             -                  -          
[8.522s][info][gc,heap     ] GC(47) Allocated:         -                 0M (0%)            0M (0%)            0M (0%)             -                  -          
[8.522s][info][gc,heap     ] GC(47)   Garbage:         -               245M (24%)          49M (5%)           35M (3%)             -                  -          
[8.522s][info][gc,heap     ] GC(47) Reclaimed:         -                  -               196M (19%)         210M (21%)            -                  -          
[8.522s][info][gc          ] GC(47) Garbage Collection (System.gc()) 290M(28%)->80M(8%)
[8.609s][info][gc,start    ] GC(48) Garbage Collection (System.gc())
[8.610s][info][gc,task     ] GC(48) Using 2 workers
[8.610s][info][gc,phases   ] GC(48) Pause Mark Start 0.011ms
[8.674s][info][gc,phases   ] GC(48) Concurrent Mark 64.364ms
[8.674s][info][gc,phases   ] GC(48) Pause Mark End 0.032ms
[8.675s][info][gc,phases   ] GC(48) Concurrent Mark Free 0.005ms
[8.677s][info][gc,phases   ] GC(48) Concurrent Process Non-Strong References 2.637ms
[8.677s][info][gc,phases   ] GC(48) Concurrent Reset Relocation Set 0.003ms
[8.679s][info][gc,phases   ] GC(48) Concurrent Select Relocation Set 1.724ms
[8.679s][info][gc,phases   ] GC(48) Pause Relocate Start 0.008ms
[8.680s][info][gc,phases   ] GC(48) Concurrent Relocate 0.904ms
[8.680s][info][gc,load     ] GC(48) Load: 0.00/0.00/0.00
[8.680s][info][gc,mmu      ] GC(48) MMU: 2ms/93.6%, 5ms/97.4%, 10ms/98.7%, 20ms/99.4%, 50ms/99.7%, 100ms/99.8%
[8.680s][info][gc,marking  ] GC(48) Mark: 2 stripe(s), 1 proactive flush(es), 1 terminate flush(es), 0 completion(s), 0 continuation(s) 
[8.680s][info][gc,marking  ] GC(48) Mark Stack Usage: 32M
[8.680s][info][gc,nmethod  ] GC(48) NMethods: 1972 registered, 423 unregistered
[8.680s][info][gc,metaspace] GC(48) Metaspace: 11M used, 11M committed, 1088M reserved
[8.680s][info][gc,ref      ] GC(48) Soft: 194 encountered, 0 discovered, 0 enqueued
[8.680s][info][gc,ref      ] GC(48) Weak: 764 encountered, 134 discovered, 0 enqueued
[8.680s][info][gc,ref      ] GC(48) Final: 0 encountered, 0 discovered, 0 enqueued
[8.680s][info][gc,ref      ] GC(48) Phantom: 41 encountered, 24 discovered, 0 enqueued
[8.680s][info][gc,reloc    ] GC(48) Small Pages: 127 / 254M, Empty: 196M, Relocated: 1M, In-Place: 0
[8.680s][info][gc,reloc    ] GC(48) Medium Pages: 1 / 32M, Empty: 0M, Relocated: 0M, In-Place: 0
[8.680s][info][gc,reloc    ] GC(48) Large Pages: 1 / 6M, Empty: 0M, Relocated: 0M, In-Place: 0
[8.680s][info][gc,reloc    ] GC(48) Forwarding Usage: 0M
[8.680s][info][gc,heap     ] GC(48) Min Capacity: 1024M(100%)
[8.680s][info][gc,heap     ] GC(48) Max Capacity: 1024M(100%)
[8.680s][info][gc,heap     ] GC(48) Soft Max Capacity: 1024M(100%)
[8.680s][info][gc,heap     ] GC(48)                Mark Start          Mark End        Relocate Start      Relocate End           High               Low         
[8.680s][info][gc,heap     ] GC(48)  Capacity:     1024M (100%)       1024M (100%)       1024M (100%)       1024M (100%)       1024M (100%)       1024M (100%)   
[8.680s][info][gc,heap     ] GC(48)      Free:      732M (71%)         732M (71%)         928M (91%)         944M (92%)         944M (92%)         732M (71%)    
[8.680s][info][gc,heap     ] GC(48)      Used:      292M (29%)         292M (29%)          96M (9%)           80M (8%)          292M (29%)          80M (8%)     
[8.680s][info][gc,heap     ] GC(48)      Live:         -                44M (4%)           44M (4%)           44M (4%)             -                  -          
[8.680s][info][gc,heap     ] GC(48) Allocated:         -                 0M (0%)            0M (0%)            0M (0%)             -                  -          
[8.680s][info][gc,heap     ] GC(48)   Garbage:         -               247M (24%)          51M (5%)           35M (3%)             -                  -          
[8.680s][info][gc,heap     ] GC(48) Reclaimed:         -                  -               196M (19%)         212M (21%)            -                  -          
[8.680s][info][gc          ] GC(48) Garbage Collection (System.gc()) 292M(29%)->80M(8%)
[8.768s][info][gc,start    ] GC(49) Garbage Collection (System.gc())
[8.768s][info][gc,task     ] GC(49) Using 2 workers
[8.768s][info][gc,phases   ] GC(49) Pause Mark Start 0.009ms
[8.814s][info][gc,phases   ] GC(49) Concurrent Mark 46.385ms
[8.815s][info][gc,phases   ] GC(49) Pause Mark End 0.025ms
[8.815s][info][gc,phases   ] GC(49) Concurrent Mark Free 0.003ms
[8.817s][info][gc,phases   ] GC(49) Concurrent Process Non-Strong References 2.310ms
[8.817s][info][gc,phases   ] GC(49) Concurrent Reset Relocation Set 0.001ms
[8.819s][info][gc,phases   ] GC(49) Concurrent Select Relocation Set 1.689ms
[8.819s][info][gc,phases   ] GC(49) Pause Relocate Start 0.008ms
[8.820s][info][gc,phases   ] GC(49) Concurrent Relocate 0.971ms
[8.820s][info][gc,load     ] GC(49) Load: 0.00/0.00/0.00
[8.820s][info][gc,mmu      ] GC(49) MMU: 2ms/93.6%, 5ms/97.4%, 10ms/98.7%, 20ms/99.4%, 50ms/99.7%, 100ms/99.8%
[8.820s][info][gc,marking  ] GC(49) Mark: 2 stripe(s), 2 proactive flush(es), 1 terminate flush(es), 0 completion(s), 0 continuation(s) 
[8.820s][info][gc,marking  ] GC(49) Mark Stack Usage: 32M
[8.820s][info][gc,nmethod  ] GC(49) NMethods: 1972 registered, 423 unregistered
[8.820s][info][gc,metaspace] GC(49) Metaspace: 11M used, 11M committed, 1088M reserved
[8.820s][info][gc,ref      ] GC(49) Soft: 194 encountered, 0 discovered, 0 enqueued
[8.820s][info][gc,ref      ] GC(49) Weak: 764 encountered, 85 discovered, 0 enqueued
[8.820s][info][gc,ref      ] GC(49) Final: 0 encountered, 0 discovered, 0 enqueued
[8.820s][info][gc,ref      ] GC(49) Phantom: 41 encountered, 23 discovered, 0 enqueued
[8.820s][info][gc,reloc    ] GC(49) Small Pages: 126 / 252M, Empty: 196M, Relocated: 1M, In-Place: 0
[8.820s][info][gc,reloc    ] GC(49) Medium Pages: 1 / 32M, Empty: 0M, Relocated: 0M, In-Place: 0
[8.820s][info][gc,reloc    ] GC(49) Large Pages: 1 / 6M, Empty: 0M, Relocated: 0M, In-Place: 0
[8.820s][info][gc,reloc    ] GC(49) Forwarding Usage: 0M
[8.820s][info][gc,heap     ] GC(49) Min Capacity: 1024M(100%)
[8.820s][info][gc,heap     ] GC(49) Max Capacity: 1024M(100%)
[8.820s][info][gc,heap     ] GC(49) Soft Max Capacity: 1024M(100%)
[8.820s][info][gc,heap     ] GC(49)                Mark Start          Mark End        Relocate Start      Relocate End           High               Low         
[8.820s][info][gc,heap     ] GC(49)  Capacity:     1024M (100%)       1024M (100%)       1024M (100%)       1024M (100%)       1024M (100%)       1024M (100%)   
[8.820s][info][gc,heap     ] GC(49)      Free:      734M (72%)         734M (72%)         930M (91%)         944M (92%)         944M (92%)         734M (72%)    
[8.820s][info][gc,heap     ] GC(49)      Used:      290M (28%)         290M (28%)          94M (9%)           80M (8%)          290M (28%)          80M (8%)     
[8.820s][info][gc,heap     ] GC(49)      Live:         -                44M (4%)           44M (4%)           44M (4%)             -                  -          
[8.820s][info][gc,heap     ] GC(49) Allocated:         -                 0M (0%)            0M (0%)            0M (0%)             -                  -          
[8.820s][info][gc,heap     ] GC(49)   Garbage:         -               245M (24%)          49M (5%)           35M (3%)             -                  -          
[8.820s][info][gc,heap     ] GC(49) Reclaimed:         -                  -               196M (19%)         210M (21%)            -                  -          
[8.820s][info][gc          ] GC(49) Garbage Collection (System.gc()) 290M(28%)->80M(8%)
[8.908s][info][gc,start    ] GC(50) Garbage Collection (System.gc())
[8.908s][info][gc,task     ] GC(50) Using 2 workers
[8.908s][info][gc,phases   ] GC(50) Pause Mark Start 0.015ms
[8.973s][info][gc,phases   ] GC(50) Concurrent Mark 64.528ms
[8.973s][info][gc,phases   ] GC(50) Pause Mark End 0.026ms
[8.973s][info][gc,phases   ] GC(50) Concurrent Mark Free 0.003ms
[8.976s][info][gc,phases   ] GC(50) Concurrent Process Non-Strong References 2.183ms
[8.976s][info][gc,phases   ] GC(50) Concurrent Reset Relocation Set 0.001ms
[8.977s][info][gc,phases   ] GC(50) Concurrent Select Relocation Set 1.363ms
[8.977s][info][gc,phases   ] GC(50) Pause Relocate Start 0.008ms
[8.978s][info][gc,phases   ] GC(50) Concurrent Relocate 0.502ms
[8.978s][info][gc,load     ] GC(50) Load: 0.00/0.00/0.00
[8.978s][info][gc,mmu      ] GC(50) MMU: 2ms/93.6%, 5ms/97.4%, 10ms/98.7%, 20ms/99.4%, 50ms/99.7%, 100ms/99.8%
[8.978s][info][gc,marking  ] GC(50) Mark: 2 stripe(s), 1 proactive flush(es), 1 terminate flush(es), 0 completion(s), 0 continuation(s) 
[8.978s][info][gc,marking  ] GC(50) Mark Stack Usage: 32M
[8.978s][info][gc,nmethod  ] GC(50) NMethods: 1972 registered, 424 unregistered
[8.978s][info][gc,metaspace] GC(50) Metaspace: 11M used, 11M committed, 1088M reserved
[8.978s][info][gc,ref      ] GC(50) Soft: 194 encountered, 0 discovered, 0 enqueued
[8.978s][info][gc,ref      ] GC(50) Weak: 764 encountered, 185 discovered, 0 enqueued
[8.978s][info][gc,ref      ] GC(50) Final: 0 encountered, 0 discovered, 0 enqueued
[8.978s][info][gc,ref      ] GC(50) Phantom: 41 encountered, 25 discovered, 0 enqueued
[8.978s][info][gc,reloc    ] GC(50) Small Pages: 125 / 250M, Empty: 192M, Relocated: 1M, In-Place: 0
[8.978s][info][gc,reloc    ] GC(50) Medium Pages: 1 / 32M, Empty: 0M, Relocated: 0M, In-Place: 0
[8.978s][info][gc,reloc    ] GC(50) Large Pages: 1 / 6M, Empty: 0M, Relocated: 0M, In-Place: 0
[8.978s][info][gc,reloc    ] GC(50) Forwarding Usage: 0M
[8.978s][info][gc,heap     ] GC(50) Min Capacity: 1024M(100%)
[8.978s][info][gc,heap     ] GC(50) Max Capacity: 1024M(100%)
[8.978s][info][gc,heap     ] GC(50) Soft Max Capacity: 1024M(100%)
[8.978s][info][gc,heap     ] GC(50)                Mark Start          Mark End        Relocate Start      Relocate End           High               Low         
[8.978s][info][gc,heap     ] GC(50)  Capacity:     1024M (100%)       1024M (100%)       1024M (100%)       1024M (100%)       1024M (100%)       1024M (100%)   
[8.978s][info][gc,heap     ] GC(50)      Free:      736M (72%)         736M (72%)         928M (91%)         944M (92%)         944M (92%)         736M (72%)    
[8.978s][info][gc,heap     ] GC(50)      Used:      288M (28%)         288M (28%)          96M (9%)           80M (8%)          288M (28%)          80M (8%)     
[8.978s][info][gc,heap     ] GC(50)      Live:         -                44M (4%)           44M (4%)           44M (4%)             -                  -          
[8.978s][info][gc,heap     ] GC(50) Allocated:         -                 0M (0%)            0M (0%)            0M (0%)             -                  -          
[8.978s][info][gc,heap     ] GC(50)   Garbage:         -               243M (24%)          51M (5%)           35M (3%)             -                  -          
[8.978s][info][gc,heap     ] GC(50) Reclaimed:         -                  -               192M (19%)         208M (20%)            -                  -          
[8.978s][info][gc          ] GC(50) Garbage Collection (System.gc()) 288M(28%)->80M(8%)
[9.065s][info][gc,start    ] GC(51) Garbage Collection (System.gc())
[9.065s][info][gc,task     ] GC(51) Using 2 workers
[9.066s][info][gc,phases   ] GC(51) Pause Mark Start 0.010ms
[9.114s][info][gc,phases   ] GC(51) Concurrent Mark 48.258ms
[9.114s][info][gc,phases   ] GC(51) Pause Mark End 0.027ms
[9.114s][info][gc,phases   ] GC(51) Concurrent Mark Free 0.004ms
[9.117s][info][gc,phases   ] GC(51) Concurrent Process Non-Strong References 2.395ms
[9.117s][info][gc,phases   ] GC(51) Concurrent Reset Relocation Set 0.001ms
[9.119s][info][gc,phases   ] GC(51) Concurrent Select Relocation Set 1.756ms
[9.119s][info][gc,phases   ] GC(51) Pause Relocate Start 0.007ms
[9.119s][info][gc,phases   ] GC(51) Concurrent Relocate 0.515ms
[9.119s][info][gc,load     ] GC(51) Load: 0.00/0.00/0.00
[9.119s][info][gc,mmu      ] GC(51) MMU: 2ms/93.6%, 5ms/97.4%, 10ms/98.7%, 20ms/99.4%, 50ms/99.7%, 100ms/99.8%
[9.119s][info][gc,marking  ] GC(51) Mark: 2 stripe(s), 1 proactive flush(es), 1 terminate flush(es), 0 completion(s), 0 continuation(s) 
[9.119s][info][gc,marking  ] GC(51) Mark Stack Usage: 32M
[9.119s][info][gc,nmethod  ] GC(51) NMethods: 1972 registered, 426 unregistered
[9.119s][info][gc,metaspace] GC(51) Metaspace: 11M used, 11M committed, 1088M reserved
[9.119s][info][gc,ref      ] GC(51) Soft: 194 encountered, 0 discovered, 0 enqueued
[9.119s][info][gc,ref      ] GC(51) Weak: 764 encountered, 292 discovered, 0 enqueued
[9.119s][info][gc,ref      ] GC(51) Final: 0 encountered, 0 discovered, 0 enqueued
[9.119s][info][gc,ref      ] GC(51) Phantom: 41 encountered, 26 discovered, 0 enqueued
[9.119s][info][gc,reloc    ] GC(51) Small Pages: 127 / 254M, Empty: 196M, Relocated: 1M, In-Place: 0
[9.119s][info][gc,reloc    ] GC(51) Medium Pages: 1 / 32M, Empty: 0M, Relocated: 0M, In-Place: 0
[9.119s][info][gc,reloc    ] GC(51) Large Pages: 1 / 6M, Empty: 0M, Relocated: 0M, In-Place: 0
[9.119s][info][gc,reloc    ] GC(51) Forwarding Usage: 0M
[9.119s][info][gc,heap     ] GC(51) Min Capacity: 1024M(100%)
[9.119s][info][gc,heap     ] GC(51) Max Capacity: 1024M(100%)
[9.119s][info][gc,heap     ] GC(51) Soft Max Capacity: 1024M(100%)
[9.119s][info][gc,heap     ] GC(51)                Mark Start          Mark End        Relocate Start      Relocate End           High               Low         
[9.119s][info][gc,heap     ] GC(51)  Capacity:     1024M (100%)       1024M (100%)       1024M (100%)       1024M (100%)       1024M (100%)       1024M (100%)   
[9.119s][info][gc,heap     ] GC(51)      Free:      732M (71%)         732M (71%)         928M (91%)         944M (92%)         944M (92%)         732M (71%)    
[9.119s][info][gc,heap     ] GC(51)      Used:      292M (29%)         292M (29%)          96M (9%)           80M (8%)          292M (29%)          80M (8%)     
[9.119s][info][gc,heap     ] GC(51)      Live:         -                44M (4%)           44M (4%)           44M (4%)             -                  -          
[9.119s][info][gc,heap     ] GC(51) Allocated:         -                 0M (0%)            0M (0%)            0M (0%)             -                  -          
[9.119s][info][gc,heap     ] GC(51)   Garbage:         -               247M (24%)          51M (5%)           35M (3%)             -                  -          
[9.119s][info][gc,heap     ] GC(51) Reclaimed:         -                  -               196M (19%)         212M (21%)            -                  -          
[9.119s][info][gc          ] GC(51) Garbage Collection (System.gc()) 292M(29%)->80M(8%)
[9.208s][info][gc,start    ] GC(52) Garbage Collection (System.gc())
[9.208s][info][gc,task     ] GC(52) Using 2 workers
[9.208s][info][gc,phases   ] GC(52) Pause Mark Start 0.017ms
[9.256s][info][gc,phases   ] GC(52) Concurrent Mark 47.808ms
[9.256s][info][gc,phases   ] GC(52) Pause Mark End 0.028ms
[9.256s][info][gc,phases   ] GC(52) Concurrent Mark Free 0.003ms
[9.258s][info][gc,phases   ] GC(52) Concurrent Process Non-Strong References 2.119ms
[9.258s][info][gc,phases   ] GC(52) Concurrent Reset Relocation Set 0.002ms
[9.260s][info][gc,phases   ] GC(52) Concurrent Select Relocation Set 1.672ms
[9.260s][info][gc,phases   ] GC(52) Pause Relocate Start 0.006ms
[9.261s][info][gc,phases   ] GC(52) Concurrent Relocate 0.927ms
[9.261s][info][gc,load     ] GC(52) Load: 0.00/0.00/0.00
[9.261s][info][gc,mmu      ] GC(52) MMU: 2ms/93.6%, 5ms/97.4%, 10ms/98.7%, 20ms/99.4%, 50ms/99.7%, 100ms/99.8%
[9.261s][info][gc,marking  ] GC(52) Mark: 2 stripe(s), 1 proactive flush(es), 1 terminate flush(es), 0 completion(s), 0 continuation(s) 
[9.261s][info][gc,marking  ] GC(52) Mark Stack Usage: 32M
[9.261s][info][gc,nmethod  ] GC(52) NMethods: 1972 registered, 428 unregistered
[9.261s][info][gc,metaspace] GC(52) Metaspace: 11M used, 11M committed, 1088M reserved
[9.261s][info][gc,ref      ] GC(52) Soft: 194 encountered, 0 discovered, 0 enqueued
[9.261s][info][gc,ref      ] GC(52) Weak: 764 encountered, 326 discovered, 0 enqueued
[9.261s][info][gc,ref      ] GC(52) Final: 0 encountered, 0 discovered, 0 enqueued
[9.261s][info][gc,ref      ] GC(52) Phantom: 41 encountered, 25 discovered, 0 enqueued
[9.261s][info][gc,reloc    ] GC(52) Small Pages: 126 / 252M, Empty: 192M, Relocated: 1M, In-Place: 0
[9.261s][info][gc,reloc    ] GC(52) Medium Pages: 1 / 32M, Empty: 0M, Relocated: 0M, In-Place: 0
[9.261s][info][gc,reloc    ] GC(52) Large Pages: 1 / 6M, Empty: 0M, Relocated: 0M, In-Place: 0
[9.261s][info][gc,reloc    ] GC(52) Forwarding Usage: 0M
[9.261s][info][gc,heap     ] GC(52) Min Capacity: 1024M(100%)
[9.261s][info][gc,heap     ] GC(52) Max Capacity: 1024M(100%)
[9.261s][info][gc,heap     ] GC(52) Soft Max Capacity: 1024M(100%)
[9.261s][info][gc,heap     ] GC(52)                Mark Start          Mark End        Relocate Start      Relocate End           High               Low         
[9.261s][info][gc,heap     ] GC(52)  Capacity:     1024M (100%)       1024M (100%)       1024M (100%)       1024M (100%)       1024M (100%)       1024M (100%)   
[9.261s][info][gc,heap     ] GC(52)      Free:      734M (72%)         734M (72%)         926M (90%)         944M (92%)         944M (92%)         734M (72%)    
[9.261s][info][gc,heap     ] GC(52)      Used:      290M (28%)         290M (28%)          98M (10%)          80M (8%)          290M (28%)          80M (8%)     
[9.261s][info][gc,heap     ] GC(52)      Live:         -                44M (4%)           44M (4%)           44M (4%)             -                  -          
[9.261s][info][gc,heap     ] GC(52) Allocated:         -                 0M (0%)            0M (0%)            0M (0%)             -                  -          
[9.261s][info][gc,heap     ] GC(52)   Garbage:         -               245M (24%)          53M (5%)           35M (3%)             -                  -          
[9.261s][info][gc,heap     ] GC(52) Reclaimed:         -                  -               192M (19%)         210M (21%)            -                  -          
[9.261s][info][gc          ] GC(52) Garbage Collection (System.gc()) 290M(28%)->80M(8%)
[9.349s][info][gc,start    ] GC(53) Garbage Collection (System.gc())
[9.349s][info][gc,task     ] GC(53) Using 2 workers
[9.349s][info][gc,phases   ] GC(53) Pause Mark Start 0.013ms
[9.397s][info][gc,phases   ] GC(53) Concurrent Mark 47.064ms
[9.397s][info][gc,phases   ] GC(53) Pause Mark End 0.032ms
[9.397s][info][gc,phases   ] GC(53) Concurrent Mark Free 0.003ms
[9.399s][info][gc,phases   ] GC(53) Concurrent Process Non-Strong References 2.331ms
[9.399s][info][gc,phases   ] GC(53) Concurrent Reset Relocation Set 0.001ms
[9.401s][info][gc,phases   ] GC(53) Concurrent Select Relocation Set 1.826ms
[9.401s][info][gc,phases   ] GC(53) Pause Relocate Start 0.008ms
[9.402s][info][gc,phases   ] GC(53) Concurrent Relocate 1.088ms
[9.402s][info][gc,load     ] GC(53) Load: 0.00/0.00/0.00
[9.402s][info][gc,mmu      ] GC(53) MMU: 2ms/93.6%, 5ms/97.4%, 10ms/98.7%, 20ms/99.4%, 50ms/99.7%, 100ms/99.8%
[9.402s][info][gc,marking  ] GC(53) Mark: 2 stripe(s), 2 proactive flush(es), 1 terminate flush(es), 0 completion(s), 0 continuation(s) 
[9.402s][info][gc,marking  ] GC(53) Mark Stack Usage: 32M
[9.402s][info][gc,nmethod  ] GC(53) NMethods: 1974 registered, 429 unregistered
[9.402s][info][gc,metaspace] GC(53) Metaspace: 11M used, 11M committed, 1088M reserved
[9.402s][info][gc,ref      ] GC(53) Soft: 194 encountered, 0 discovered, 0 enqueued
[9.403s][info][gc,ref      ] GC(53) Weak: 764 encountered, 346 discovered, 0 enqueued
[9.403s][info][gc,ref      ] GC(53) Final: 0 encountered, 0 discovered, 0 enqueued
[9.403s][info][gc,ref      ] GC(53) Phantom: 41 encountered, 26 discovered, 0 enqueued
[9.403s][info][gc,reloc    ] GC(53) Small Pages: 125 / 250M, Empty: 192M, Relocated: 1M, In-Place: 0
[9.403s][info][gc,reloc    ] GC(53) Medium Pages: 1 / 32M, Empty: 0M, Relocated: 0M, In-Place: 0
[9.403s][info][gc,reloc    ] GC(53) Large Pages: 1 / 6M, Empty: 0M, Relocated: 0M, In-Place: 0
[9.403s][info][gc,reloc    ] GC(53) Forwarding Usage: 0M
[9.403s][info][gc,heap     ] GC(53) Min Capacity: 1024M(100%)
[9.403s][info][gc,heap     ] GC(53) Max Capacity: 1024M(100%)
[9.403s][info][gc,heap     ] GC(53) Soft Max Capacity: 1024M(100%)
[9.403s][info][gc,heap     ] GC(53)                Mark Start          Mark End        Relocate Start      Relocate End           High               Low         
[9.403s][info][gc,heap     ] GC(53)  Capacity:     1024M (100%)       1024M (100%)       1024M (100%)       1024M (100%)       1024M (100%)       1024M (100%)   
[9.403s][info][gc,heap     ] GC(53)      Free:      736M (72%)         736M (72%)         928M (91%)         944M (92%)         944M (92%)         736M (72%)    
[9.403s][info][gc,heap     ] GC(53)      Used:      288M (28%)         288M (28%)          96M (9%)           80M (8%)          288M (28%)          80M (8%)     
[9.403s][info][gc,heap     ] GC(53)      Live:         -                44M (4%)           44M (4%)           44M (4%)             -                  -          
[9.403s][info][gc,heap     ] GC(53) Allocated:         -                 0M (0%)            0M (0%)            0M (0%)             -                  -          
[9.403s][info][gc,heap     ] GC(53)   Garbage:         -               243M (24%)          51M (5%)           35M (3%)             -                  -          
[9.403s][info][gc,heap     ] GC(53) Reclaimed:         -                  -               192M (19%)         208M (20%)            -                  -          
[9.403s][info][gc          ] GC(53) Garbage Collection (System.gc()) 288M(28%)->80M(8%)
[9.495s][info][gc,start    ] GC(54) Garbage Collection (System.gc())
[9.495s][info][gc,task     ] GC(54) Using 2 workers
[9.495s][info][gc,phases   ] GC(54) Pause Mark Start 0.011ms
[9.553s][info][gc,phases   ] GC(54) Concurrent Mark 57.861ms
[9.553s][info][gc,phases   ] GC(54) Pause Mark End 0.025ms
[9.553s][info][gc,phases   ] GC(54) Concurrent Mark Free 0.005ms
[9.557s][info][gc,phases   ] GC(54) Concurrent Process Non-Strong References 3.139ms
[9.557s][info][gc,phases   ] GC(54) Concurrent Reset Relocation Set 0.002ms
[9.558s][info][gc,phases   ] GC(54) Concurrent Select Relocation Set 1.728ms
[9.559s][info][gc,phases   ] GC(54) Pause Relocate Start 0.006ms
[9.559s][info][gc,phases   ] GC(54) Concurrent Relocate 0.519ms
[9.559s][info][gc,load     ] GC(54) Load: 0.00/0.00/0.00
[9.559s][info][gc,mmu      ] GC(54) MMU: 2ms/93.6%, 5ms/97.4%, 10ms/98.7%, 20ms/99.4%, 50ms/99.7%, 100ms/99.8%
[9.559s][info][gc,marking  ] GC(54) Mark: 2 stripe(s), 1 proactive flush(es), 1 terminate flush(es), 0 completion(s), 0 continuation(s) 
[9.559s][info][gc,marking  ] GC(54) Mark Stack Usage: 32M
[9.559s][info][gc,nmethod  ] GC(54) NMethods: 1976 registered, 430 unregistered
[9.559s][info][gc,metaspace] GC(54) Metaspace: 11M used, 11M committed, 1088M reserved
[9.559s][info][gc,ref      ] GC(54) Soft: 194 encountered, 0 discovered, 0 enqueued
[9.559s][info][gc,ref      ] GC(54) Weak: 764 encountered, 221 discovered, 0 enqueued
[9.559s][info][gc,ref      ] GC(54) Final: 0 encountered, 0 discovered, 0 enqueued
[9.559s][info][gc,ref      ] GC(54) Phantom: 41 encountered, 24 discovered, 0 enqueued
[9.559s][info][gc,reloc    ] GC(54) Small Pages: 126 / 252M, Empty: 196M, Relocated: 1M, In-Place: 0
[9.559s][info][gc,reloc    ] GC(54) Medium Pages: 1 / 32M, Empty: 0M, Relocated: 0M, In-Place: 0
[9.559s][info][gc,reloc    ] GC(54) Large Pages: 1 / 6M, Empty: 0M, Relocated: 0M, In-Place: 0
[9.559s][info][gc,reloc    ] GC(54) Forwarding Usage: 0M
[9.559s][info][gc,heap     ] GC(54) Min Capacity: 1024M(100%)
[9.559s][info][gc,heap     ] GC(54) Max Capacity: 1024M(100%)
[9.559s][info][gc,heap     ] GC(54) Soft Max Capacity: 1024M(100%)
[9.559s][info][gc,heap     ] GC(54)                Mark Start          Mark End        Relocate Start      Relocate End           High               Low         
[9.559s][info][gc,heap     ] GC(54)  Capacity:     1024M (100%)       1024M (100%)       1024M (100%)       1024M (100%)       1024M (100%)       1024M (100%)   
[9.559s][info][gc,heap     ] GC(54)      Free:      734M (72%)         734M (72%)         930M (91%)         944M (92%)         944M (92%)         734M (72%)    
[9.559s][info][gc,heap     ] GC(54)      Used:      290M (28%)         290M (28%)          94M (9%)           80M (8%)          290M (28%)          80M (8%)     
[9.559s][info][gc,heap     ] GC(54)      Live:         -                44M (4%)           44M (4%)           44M (4%)             -                  -          
[9.559s][info][gc,heap     ] GC(54) Allocated:         -                 0M (0%)            0M (0%)            0M (0%)             -                  -          
[9.559s][info][gc,heap     ] GC(54)   Garbage:         -               245M (24%)          49M (5%)           35M (3%)             -                  -          
[9.559s][info][gc,heap     ] GC(54) Reclaimed:         -                  -               196M (19%)         210M (21%)            -                  -          
[9.559s][info][gc          ] GC(54) Garbage Collection (System.gc()) 290M(28%)->80M(8%)
[9.647s][info][gc,start    ] GC(55) Garbage Collection (System.gc())
[9.647s][info][gc,task     ] GC(55) Using 2 workers
[9.647s][info][gc,phases   ] GC(55) Pause Mark Start 0.013ms
[9.695s][info][gc,phases   ] GC(55) Concurrent Mark 47.924ms
[9.695s][info][gc,phases   ] GC(55) Pause Mark End 0.024ms
[9.695s][info][gc,phases   ] GC(55) Concurrent Mark Free 0.005ms
[9.698s][info][gc,phases   ] GC(55) Concurrent Process Non-Strong References 2.368ms
[9.698s][info][gc,phases   ] GC(55) Concurrent Reset Relocation Set 0.001ms
[9.700s][info][gc,phases   ] GC(55) Concurrent Select Relocation Set 1.814ms
[9.700s][info][gc,phases   ] GC(55) Pause Relocate Start 0.008ms
[9.701s][info][gc,phases   ] GC(55) Concurrent Relocate 1.320ms
[9.701s][info][gc,load     ] GC(55) Load: 0.00/0.00/0.00
[9.701s][info][gc,mmu      ] GC(55) MMU: 2ms/93.6%, 5ms/97.4%, 10ms/98.7%, 20ms/99.4%, 50ms/99.7%, 100ms/99.8%
[9.701s][info][gc,marking  ] GC(55) Mark: 2 stripe(s), 1 proactive flush(es), 1 terminate flush(es), 0 completion(s), 0 continuation(s) 
[9.701s][info][gc,marking  ] GC(55) Mark Stack Usage: 32M
[9.701s][info][gc,nmethod  ] GC(55) NMethods: 1977 registered, 430 unregistered
[9.701s][info][gc,metaspace] GC(55) Metaspace: 11M used, 11M committed, 1088M reserved
[9.701s][info][gc,ref      ] GC(55) Soft: 194 encountered, 0 discovered, 0 enqueued
[9.701s][info][gc,ref      ] GC(55) Weak: 764 encountered, 158 discovered, 0 enqueued
[9.701s][info][gc,ref      ] GC(55) Final: 0 encountered, 0 discovered, 0 enqueued
[9.701s][info][gc,ref      ] GC(55) Phantom: 41 encountered, 24 discovered, 0 enqueued
[9.701s][info][gc,reloc    ] GC(55) Small Pages: 125 / 250M, Empty: 196M, Relocated: 1M, In-Place: 0
[9.701s][info][gc,reloc    ] GC(55) Medium Pages: 1 / 32M, Empty: 0M, Relocated: 0M, In-Place: 0
[9.701s][info][gc,reloc    ] GC(55) Large Pages: 1 / 6M, Empty: 0M, Relocated: 0M, In-Place: 0
[9.701s][info][gc,reloc    ] GC(55) Forwarding Usage: 0M
[9.701s][info][gc,heap     ] GC(55) Min Capacity: 1024M(100%)
[9.701s][info][gc,heap     ] GC(55) Max Capacity: 1024M(100%)
[9.701s][info][gc,heap     ] GC(55) Soft Max Capacity: 1024M(100%)
[9.701s][info][gc,heap     ] GC(55)                Mark Start          Mark End        Relocate Start      Relocate End           High               Low         
[9.701s][info][gc,heap     ] GC(55)  Capacity:     1024M (100%)       1024M (100%)       1024M (100%)       1024M (100%)       1024M (100%)       1024M (100%)   
[9.701s][info][gc,heap     ] GC(55)      Free:      736M (72%)         736M (72%)         932M (91%)         944M (92%)         944M (92%)         736M (72%)    
[9.701s][info][gc,heap     ] GC(55)      Used:      288M (28%)         288M (28%)          92M (9%)           80M (8%)          288M (28%)          80M (8%)     
[9.701s][info][gc,heap     ] GC(55)      Live:         -                44M (4%)           44M (4%)           44M (4%)             -                  -          
[9.701s][info][gc,heap     ] GC(55) Allocated:         -                 0M (0%)            0M (0%)            0M (0%)             -                  -          
[9.701s][info][gc,heap     ] GC(55)   Garbage:         -               243M (24%)          47M (5%)           35M (3%)             -                  -          
[9.701s][info][gc,heap     ] GC(55) Reclaimed:         -                  -               196M (19%)         208M (20%)            -                  -          
[9.701s][info][gc          ] GC(55) Garbage Collection (System.gc()) 288M(28%)->80M(8%)
[9.790s][info][gc,start    ] GC(56) Garbage Collection (System.gc())
[9.790s][info][gc,task     ] GC(56) Using 2 workers
[9.790s][info][gc,phases   ] GC(56) Pause Mark Start 0.013ms
[9.836s][info][gc,phases   ] GC(56) Concurrent Mark 45.709ms
[9.836s][info][gc,phases   ] GC(56) Pause Mark End 0.026ms
[9.836s][info][gc,phases   ] GC(56) Concurrent Mark Free 0.003ms
[9.839s][info][gc,phases   ] GC(56) Concurrent Process Non-Strong References 2.218ms
[9.839s][info][gc,phases   ] GC(56) Concurrent Reset Relocation Set 0.001ms
[9.840s][info][gc,phases   ] GC(56) Concurrent Select Relocation Set 1.514ms
[9.840s][info][gc,phases   ] GC(56) Pause Relocate Start 0.006ms
[9.841s][info][gc,phases   ] GC(56) Concurrent Relocate 1.031ms
[9.841s][info][gc,load     ] GC(56) Load: 0.00/0.00/0.00
[9.841s][info][gc,mmu      ] GC(56) MMU: 2ms/93.6%, 5ms/97.4%, 10ms/98.7%, 20ms/99.4%, 50ms/99.7%, 100ms/99.8%
[9.841s][info][gc,marking  ] GC(56) Mark: 2 stripe(s), 1 proactive flush(es), 1 terminate flush(es), 0 completion(s), 0 continuation(s) 
[9.841s][info][gc,marking  ] GC(56) Mark Stack Usage: 32M
[9.841s][info][gc,nmethod  ] GC(56) NMethods: 1980 registered, 430 unregistered
[9.841s][info][gc,metaspace] GC(56) Metaspace: 11M used, 11M committed, 1088M reserved
[9.841s][info][gc,ref      ] GC(56) Soft: 194 encountered, 0 discovered, 0 enqueued
[9.841s][info][gc,ref      ] GC(56) Weak: 764 encountered, 256 discovered, 0 enqueued
[9.841s][info][gc,ref      ] GC(56) Final: 0 encountered, 0 discovered, 0 enqueued
[9.841s][info][gc,ref      ] GC(56) Phantom: 41 encountered, 23 discovered, 0 enqueued
[9.841s][info][gc,reloc    ] GC(56) Small Pages: 125 / 250M, Empty: 194M, Relocated: 1M, In-Place: 0
[9.841s][info][gc,reloc    ] GC(56) Medium Pages: 1 / 32M, Empty: 0M, Relocated: 0M, In-Place: 0
[9.841s][info][gc,reloc    ] GC(56) Large Pages: 1 / 6M, Empty: 0M, Relocated: 0M, In-Place: 0
[9.841s][info][gc,reloc    ] GC(56) Forwarding Usage: 0M
[9.841s][info][gc,heap     ] GC(56) Min Capacity: 1024M(100%)
[9.841s][info][gc,heap     ] GC(56) Max Capacity: 1024M(100%)
[9.841s][info][gc,heap     ] GC(56) Soft Max Capacity: 1024M(100%)
[9.841s][info][gc,heap     ] GC(56)                Mark Start          Mark End        Relocate Start      Relocate End           High               Low         
[9.841s][info][gc,heap     ] GC(56)  Capacity:     1024M (100%)       1024M (100%)       1024M (100%)       1024M (100%)       1024M (100%)       1024M (100%)   
[9.841s][info][gc,heap     ] GC(56)      Free:      736M (72%)         736M (72%)         930M (91%)         944M (92%)         944M (92%)         736M (72%)    
[9.842s][info][gc,heap     ] GC(56)      Used:      288M (28%)         288M (28%)          94M (9%)           80M (8%)          288M (28%)          80M (8%)     
[9.842s][info][gc,heap     ] GC(56)      Live:         -                44M (4%)           44M (4%)           44M (4%)             -                  -          
[9.842s][info][gc,heap     ] GC(56) Allocated:         -                 0M (0%)            0M (0%)            0M (0%)             -                  -          
[9.842s][info][gc,heap     ] GC(56)   Garbage:         -               243M (24%)          49M (5%)           35M (3%)             -                  -          
[9.842s][info][gc,heap     ] GC(56) Reclaimed:         -                  -               194M (19%)         208M (20%)            -                  -          
[9.842s][info][gc          ] GC(56) Garbage Collection (System.gc()) 288M(28%)->80M(8%)
[9.929s][info][gc,start    ] GC(57) Garbage Collection (System.gc())
[9.929s][info][gc,task     ] GC(57) Using 2 workers
[9.929s][info][gc,phases   ] GC(57) Pause Mark Start 0.014ms
[9.977s][info][gc,phases   ] GC(57) Concurrent Mark 48.291ms
[9.978s][info][gc,phases   ] GC(57) Pause Mark End 0.024ms
[9.978s][info][gc,phases   ] GC(57) Concurrent Mark Free 0.003ms
[9.980s][info][gc,phases   ] GC(57) Concurrent Process Non-Strong References 2.501ms
[9.980s][info][gc,phases   ] GC(57) Concurrent Reset Relocation Set 0.002ms
[9.982s][info][gc,phases   ] GC(57) Concurrent Select Relocation Set 1.964ms
[9.982s][info][gc,phases   ] GC(57) Pause Relocate Start 0.008ms
[9.984s][info][gc,phases   ] GC(57) Concurrent Relocate 1.103ms
[9.984s][info][gc,load     ] GC(57) Load: 0.00/0.00/0.00
[9.984s][info][gc,mmu      ] GC(57) MMU: 2ms/93.6%, 5ms/97.4%, 10ms/98.7%, 20ms/99.4%, 50ms/99.7%, 100ms/99.8%
[9.984s][info][gc,marking  ] GC(57) Mark: 2 stripe(s), 1 proactive flush(es), 1 terminate flush(es), 0 completion(s), 0 continuation(s) 
[9.984s][info][gc,marking  ] GC(57) Mark Stack Usage: 32M
[9.984s][info][gc,nmethod  ] GC(57) NMethods: 1980 registered, 430 unregistered
[9.984s][info][gc,metaspace] GC(57) Metaspace: 11M used, 11M committed, 1088M reserved
[9.984s][info][gc,ref      ] GC(57) Soft: 194 encountered, 0 discovered, 0 enqueued
[9.984s][info][gc,ref      ] GC(57) Weak: 764 encountered, 283 discovered, 0 enqueued
[9.984s][info][gc,ref      ] GC(57) Final: 0 encountered, 0 discovered, 0 enqueued
[9.984s][info][gc,ref      ] GC(57) Phantom: 41 encountered, 25 discovered, 0 enqueued
[9.984s][info][gc,reloc    ] GC(57) Small Pages: 126 / 252M, Empty: 194M, Relocated: 1M, In-Place: 0
[9.984s][info][gc,reloc    ] GC(57) Medium Pages: 1 / 32M, Empty: 0M, Relocated: 0M, In-Place: 0
[9.984s][info][gc,reloc    ] GC(57) Large Pages: 1 / 6M, Empty: 0M, Relocated: 0M, In-Place: 0
[9.984s][info][gc,reloc    ] GC(57) Forwarding Usage: 0M
[9.984s][info][gc,heap     ] GC(57) Min Capacity: 1024M(100%)
[9.984s][info][gc,heap     ] GC(57) Max Capacity: 1024M(100%)
[9.984s][info][gc,heap     ] GC(57) Soft Max Capacity: 1024M(100%)
[9.984s][info][gc,heap     ] GC(57)                Mark Start          Mark End        Relocate Start      Relocate End           High               Low         
[9.984s][info][gc,heap     ] GC(57)  Capacity:     1024M (100%)       1024M (100%)       1024M (100%)       1024M (100%)       1024M (100%)       1024M (100%)   
[9.984s][info][gc,heap     ] GC(57)      Free:      734M (72%)         734M (72%)         928M (91%)         944M (92%)         944M (92%)         734M (72%)    
[9.984s][info][gc,heap     ] GC(57)      Used:      290M (28%)         290M (28%)          96M (9%)           80M (8%)          290M (28%)          80M (8%)     
[9.984s][info][gc,heap     ] GC(57)      Live:         -                44M (4%)           44M (4%)           44M (4%)             -                  -          
[9.984s][info][gc,heap     ] GC(57) Allocated:         -                 0M (0%)            0M (0%)            0M (0%)             -                  -          
[9.984s][info][gc,heap     ] GC(57)   Garbage:         -               245M (24%)          51M (5%)           35M (3%)             -                  -          
[9.984s][info][gc,heap     ] GC(57) Reclaimed:         -                  -               194M (19%)         210M (21%)            -                  -          
[9.984s][info][gc          ] GC(57) Garbage Collection (System.gc()) 290M(28%)->80M(8%)
[10.070s][info][gc,start    ] GC(58) Garbage Collection (System.gc())
[10.071s][info][gc,task     ] GC(58) Using 2 workers
[10.071s][info][gc,phases   ] GC(58) Pause Mark Start 0.014ms
[10.071s][info][gc,stats    ] === Garbage Collection Statistics =======================================================================================================================
[10.071s][info][gc,stats    ]                                                              Last 10s              Last 10m              Last 10h                Total
[10.071s][info][gc,stats    ]                                                              Avg / Max             Avg / Max             Avg / Max             Avg / Max
[10.071s][info][gc,stats    ]   Collector: Garbage Collection Cycle                     60.488 / 151.761      60.488 / 151.761      60.488 / 151.761      60.488 / 151.761     ms
[10.071s][info][gc,stats    ]  Contention: Mark Segment Reset Contention                     2 / 5                 2 / 5                 2 / 5                 2 / 5           ops/s
[10.072s][info][gc,stats    ]  Contention: Mark SeqNum Reset Contention                      0 / 0                 0 / 0                 0 / 0                 0 / 0           ops/s
[10.072s][info][gc,stats    ]    Critical: Allocation Stall                                  0 / 0                 0 / 0                 0 / 0                 0 / 0           ops/s
[10.072s][info][gc,stats    ]    Critical: Allocation Stall                              0.000 / 0.000         0.000 / 0.000         0.000 / 0.000         0.000 / 0.000       ms
[10.072s][info][gc,stats    ]    Critical: GC Locker Stall                                   0 / 0                 0 / 0                 0 / 0                 0 / 0           ops/s
[10.072s][info][gc,stats    ]    Critical: GC Locker Stall                               0.000 / 0.000         0.000 / 0.000         0.000 / 0.000         0.000 / 0.000       ms
[10.072s][info][gc,stats    ]    Critical: Relocation Stall                                  0 / 0                 0 / 0                 0 / 0                 0 / 0           ops/s
[10.072s][info][gc,stats    ]    Critical: Relocation Stall                              0.000 / 0.000         0.000 / 0.000         0.000 / 0.000         0.000 / 0.000       ms
[10.072s][info][gc,stats    ]      Memory: Allocation Rate                                1208 / 1510           1208 / 1510           1208 / 1510           1208 / 1510        MB/s
[10.072s][info][gc,stats    ]      Memory: Defragment                                        0 / 0                 0 / 0                 0 / 0                 0 / 0           ops/s
[10.072s][info][gc,stats    ]      Memory: Out Of Memory                                     0 / 0                 0 / 0                 0 / 0                 0 / 0           ops/s
[10.072s][info][gc,stats    ]      Memory: Page Cache Flush                                  0 / 0                 0 / 0                 0 / 0                 0 / 0           MB/s
[10.072s][info][gc,stats    ]      Memory: Page Cache Hit L1                               592 / 771             592 / 771             592 / 771             592 / 771         ops/s
[10.072s][info][gc,stats    ]      Memory: Page Cache Hit L2                                 0 / 0                 0 / 0                 0 / 0                 0 / 0           ops/s
[10.072s][info][gc,stats    ]      Memory: Page Cache Hit L3                                17 / 93               17 / 93               17 / 93               17 / 93          ops/s
[10.072s][info][gc,stats    ]      Memory: Page Cache Miss                                   0 / 1                 0 / 1                 0 / 1                 0 / 1           ops/s
[10.072s][info][gc,stats    ]      Memory: Uncommit                                          0 / 0                 0 / 0                 0 / 0                 0 / 0           MB/s
[10.072s][info][gc,stats    ]      Memory: Undo Object Allocation Failed                     0 / 0                 0 / 0                 0 / 0                 0 / 0           ops/s
[10.072s][info][gc,stats    ]      Memory: Undo Object Allocation Succeeded                  0 / 0                 0 / 0                 0 / 0                 0 / 0           ops/s
[10.072s][info][gc,stats    ]      Memory: Undo Page Allocation                              0 / 1                 0 / 1                 0 / 1                 0 / 1           ops/s
[10.072s][info][gc,stats    ]       Phase: Concurrent Mark                              53.590 / 125.190      53.590 / 125.190      53.590 / 125.190      53.590 / 125.190     ms
[10.072s][info][gc,stats    ]       Phase: Concurrent Mark Continue                      0.000 / 0.000         0.000 / 0.000         0.000 / 0.000         0.000 / 0.000       ms
[10.072s][info][gc,stats    ]       Phase: Concurrent Mark Free                          0.003 / 0.006         0.003 / 0.006         0.003 / 0.006         0.003 / 0.006       ms
[10.072s][info][gc,stats    ]       Phase: Concurrent Process Non-Strong References      2.279 / 4.239         2.279 / 4.239         2.279 / 4.239         2.279 / 4.239       ms
[10.072s][info][gc,stats    ]       Phase: Concurrent Relocate                           1.815 / 21.984        1.815 / 21.984        1.815 / 21.984        1.815 / 21.984      ms
[10.072s][info][gc,stats    ]       Phase: Concurrent Reset Relocation Set               0.002 / 0.008         0.002 / 0.008         0.002 / 0.008         0.002 / 0.008       ms
[10.072s][info][gc,stats    ]       Phase: Concurrent Select Relocation Set              1.823 / 11.511        1.823 / 11.511        1.823 / 11.511        1.823 / 11.511      ms
[10.072s][info][gc,stats    ]       Phase: Pause Mark End                                0.025 / 0.038         0.025 / 0.038         0.025 / 0.038         0.025 / 0.038       ms
[10.072s][info][gc,stats    ]       Phase: Pause Mark Start                              0.014 / 0.129         0.014 / 0.129         0.014 / 0.129         0.014 / 0.129       ms
[10.072s][info][gc,stats    ]       Phase: Pause Relocate Start                          0.008 / 0.034         0.008 / 0.034         0.008 / 0.034         0.008 / 0.034       ms
[10.072s][info][gc,stats    ]    Subphase: Concurrent Classes Purge                      0.043 / 0.377         0.043 / 0.377         0.043 / 0.377         0.043 / 0.377       ms
[10.072s][info][gc,stats    ]    Subphase: Concurrent Classes Unlink                     1.624 / 3.340         1.624 / 3.340         1.624 / 3.340         1.624 / 3.340       ms
[10.072s][info][gc,stats    ]    Subphase: Concurrent Mark                              49.209 / 124.447      49.209 / 124.447      49.209 / 124.447      49.209 / 124.447     ms
[10.072s][info][gc,stats    ]    Subphase: Concurrent Mark Try Flush                     0.098 / 0.419         0.098 / 0.419         0.098 / 0.419         0.098 / 0.419       ms
[10.072s][info][gc,stats    ]    Subphase: Concurrent Mark Try Terminate                 2.906 / 16.994        2.906 / 16.994        2.906 / 16.994        2.906 / 16.994      ms
[10.072s][info][gc,stats    ]    Subphase: Concurrent References Enqueue                 0.001 / 0.007         0.001 / 0.007         0.001 / 0.007         0.001 / 0.007       ms
[10.072s][info][gc,stats    ]    Subphase: Concurrent References Process                 0.140 / 0.272         0.140 / 0.272         0.140 / 0.272         0.140 / 0.272       ms
[10.072s][info][gc,stats    ]    Subphase: Concurrent Roots ClassLoaderDataGraph         0.077 / 0.373         0.077 / 0.373         0.077 / 0.373         0.077 / 0.373       ms
[10.072s][info][gc,stats    ]    Subphase: Concurrent Roots CodeCache                    0.000 / 0.000         0.000 / 0.000         0.000 / 0.000         0.000 / 0.000       ms
[10.072s][info][gc,stats    ]    Subphase: Concurrent Roots JavaThreads                  0.475 / 1.937         0.475 / 1.937         0.475 / 1.937         0.475 / 1.937       ms
[10.072s][info][gc,stats    ]    Subphase: Concurrent Roots OopStorageSet                0.017 / 0.069         0.017 / 0.069         0.017 / 0.069         0.017 / 0.069       ms
[10.072s][info][gc,stats    ]    Subphase: Concurrent Weak Roots OopStorageSet           0.279 / 0.453         0.279 / 0.453         0.279 / 0.453         0.279 / 0.453       ms
[10.072s][info][gc,stats    ]    Subphase: Pause Mark Try Complete                       0.000 / 0.000         0.000 / 0.000         0.000 / 0.000         0.000 / 0.000       ms
[10.072s][info][gc,stats    ]      System: Java Threads                                     17 / 19               17 / 19               17 / 19               17 / 19          threads
[10.072s][info][gc,stats    ] =========================================================================================================================================================
[10.134s][info][gc,phases   ] GC(58) Concurrent Mark 63.666ms
[10.135s][info][gc,phases   ] GC(58) Pause Mark End 0.019ms
[10.135s][info][gc,phases   ] GC(58) Concurrent Mark Free 0.001ms
[10.137s][info][gc,phases   ] GC(58) Concurrent Process Non-Strong References 2.610ms
[10.137s][info][gc,phases   ] GC(58) Concurrent Reset Relocation Set 0.001ms
[10.139s][info][gc,phases   ] GC(58) Concurrent Select Relocation Set 1.420ms
[10.139s][info][gc,phases   ] GC(58) Pause Relocate Start 0.008ms
[10.139s][info][gc,phases   ] GC(58) Concurrent Relocate 0.535ms
[10.139s][info][gc,load     ] GC(58) Load: 0.00/0.00/0.00
[10.139s][info][gc,mmu      ] GC(58) MMU: 2ms/93.6%, 5ms/97.4%, 10ms/98.7%, 20ms/99.4%, 50ms/99.7%, 100ms/99.8%
[10.139s][info][gc,marking  ] GC(58) Mark: 2 stripe(s), 1 proactive flush(es), 1 terminate flush(es), 0 completion(s), 0 continuation(s) 
[10.139s][info][gc,marking  ] GC(58) Mark Stack Usage: 32M
[10.139s][info][gc,nmethod  ] GC(58) NMethods: 1980 registered, 430 unregistered
[10.140s][info][gc,metaspace] GC(58) Metaspace: 11M used, 11M committed, 1088M reserved
[10.140s][info][gc,ref      ] GC(58) Soft: 194 encountered, 0 discovered, 0 enqueued
[10.140s][info][gc,ref      ] GC(58) Weak: 764 encountered, 216 discovered, 0 enqueued
[10.140s][info][gc,ref      ] GC(58) Final: 0 encountered, 0 discovered, 0 enqueued
[10.140s][info][gc,ref      ] GC(58) Phantom: 41 encountered, 26 discovered, 0 enqueued
[10.140s][info][gc,reloc    ] GC(58) Small Pages: 125 / 250M, Empty: 196M, Relocated: 1M, In-Place: 0
[10.140s][info][gc,reloc    ] GC(58) Medium Pages: 1 / 32M, Empty: 0M, Relocated: 0M, In-Place: 0
[10.140s][info][gc,reloc    ] GC(58) Large Pages: 1 / 6M, Empty: 0M, Relocated: 0M, In-Place: 0
[10.140s][info][gc,reloc    ] GC(58) Forwarding Usage: 0M
[10.140s][info][gc,heap     ] GC(58) Min Capacity: 1024M(100%)
[10.140s][info][gc,heap     ] GC(58) Max Capacity: 1024M(100%)
[10.140s][info][gc,heap     ] GC(58) Soft Max Capacity: 1024M(100%)
[10.140s][info][gc,heap     ] GC(58)                Mark Start          Mark End        Relocate Start      Relocate End           High               Low         
[10.140s][info][gc,heap     ] GC(58)  Capacity:     1024M (100%)       1024M (100%)       1024M (100%)       1024M (100%)       1024M (100%)       1024M (100%)   
[10.140s][info][gc,heap     ] GC(58)      Free:      736M (72%)         736M (72%)         932M (91%)         944M (92%)         944M (92%)         736M (72%)    
[10.140s][info][gc,heap     ] GC(58)      Used:      288M (28%)         288M (28%)          92M (9%)           80M (8%)          288M (28%)          80M (8%)     
[10.140s][info][gc,heap     ] GC(58)      Live:         -                44M (4%)           44M (4%)           44M (4%)             -                  -          
[10.140s][info][gc,heap     ] GC(58) Allocated:         -                 0M (0%)            0M (0%)            0M (0%)             -                  -          
[10.140s][info][gc,heap     ] GC(58)   Garbage:         -               243M (24%)          47M (5%)           35M (3%)             -                  -          
[10.140s][info][gc,heap     ] GC(58) Reclaimed:         -                  -               196M (19%)         208M (20%)            -                  -          
[10.140s][info][gc          ] GC(58) Garbage Collection (System.gc()) 288M(28%)->80M(8%)
[10.227s][info][gc,start    ] GC(59) Garbage Collection (System.gc())
[10.227s][info][gc,task     ] GC(59) Using 2 workers
[10.227s][info][gc,phases   ] GC(59) Pause Mark Start 0.011ms
[10.292s][info][gc,phases   ] GC(59) Concurrent Mark 64.705ms
[10.292s][info][gc,phases   ] GC(59) Pause Mark End 0.025ms
[10.292s][info][gc,phases   ] GC(59) Concurrent Mark Free 0.003ms
[10.294s][info][gc,phases   ] GC(59) Concurrent Process Non-Strong References 2.144ms
[10.294s][info][gc,phases   ] GC(59) Concurrent Reset Relocation Set 0.001ms
[10.296s][info][gc,phases   ] GC(59) Concurrent Select Relocation Set 1.467ms
[10.296s][info][gc,phases   ] GC(59) Pause Relocate Start 0.009ms
[10.297s][info][gc,phases   ] GC(59) Concurrent Relocate 0.803ms
[10.297s][info][gc,load     ] GC(59) Load: 0.00/0.00/0.00
[10.297s][info][gc,mmu      ] GC(59) MMU: 2ms/93.6%, 5ms/97.4%, 10ms/98.7%, 20ms/99.4%, 50ms/99.7%, 100ms/99.8%
[10.297s][info][gc,marking  ] GC(59) Mark: 2 stripe(s), 1 proactive flush(es), 1 terminate flush(es), 0 completion(s), 0 continuation(s) 
[10.297s][info][gc,marking  ] GC(59) Mark Stack Usage: 32M
[10.297s][info][gc,nmethod  ] GC(59) NMethods: 1980 registered, 431 unregistered
[10.297s][info][gc,metaspace] GC(59) Metaspace: 11M used, 11M committed, 1088M reserved
[10.297s][info][gc,ref      ] GC(59) Soft: 194 encountered, 0 discovered, 0 enqueued
[10.297s][info][gc,ref      ] GC(59) Weak: 764 encountered, 362 discovered, 0 enqueued
[10.297s][info][gc,ref      ] GC(59) Final: 0 encountered, 0 discovered, 0 enqueued
[10.297s][info][gc,ref      ] GC(59) Phantom: 41 encountered, 26 discovered, 0 enqueued
[10.297s][info][gc,reloc    ] GC(59) Small Pages: 126 / 252M, Empty: 194M, Relocated: 1M, In-Place: 0
[10.297s][info][gc,reloc    ] GC(59) Medium Pages: 1 / 32M, Empty: 0M, Relocated: 0M, In-Place: 0
[10.297s][info][gc,reloc    ] GC(59) Large Pages: 1 / 6M, Empty: 0M, Relocated: 0M, In-Place: 0
[10.297s][info][gc,reloc    ] GC(59) Forwarding Usage: 0M
[10.297s][info][gc,heap     ] GC(59) Min Capacity: 1024M(100%)
[10.297s][info][gc,heap     ] GC(59) Max Capacity: 1024M(100%)
[10.297s][info][gc,heap     ] GC(59) Soft Max Capacity: 1024M(100%)
[10.297s][info][gc,heap     ] GC(59)                Mark Start          Mark End        Relocate Start      Relocate End           High               Low         
[10.297s][info][gc,heap     ] GC(59)  Capacity:     1024M (100%)       1024M (100%)       1024M (100%)       1024M (100%)       1024M (100%)       1024M (100%)   
[10.297s][info][gc,heap     ] GC(59)      Free:      734M (72%)         734M (72%)         928M (91%)         944M (92%)         944M (92%)         734M (72%)    
[10.297s][info][gc,heap     ] GC(59)      Used:      290M (28%)         290M (28%)          96M (9%)           80M (8%)          290M (28%)          80M (8%)     
[10.297s][info][gc,heap     ] GC(59)      Live:         -                44M (4%)           44M (4%)           44M (4%)             -                  -          
[10.297s][info][gc,heap     ] GC(59) Allocated:         -                 0M (0%)            0M (0%)            0M (0%)             -                  -          
[10.297s][info][gc,heap     ] GC(59)   Garbage:         -               245M (24%)          51M (5%)           35M (3%)             -                  -          
[10.297s][info][gc,heap     ] GC(59) Reclaimed:         -                  -               194M (19%)         210M (21%)            -                  -          
[10.297s][info][gc          ] GC(59) Garbage Collection (System.gc()) 290M(28%)->80M(8%)
[10.384s][info][gc,start    ] GC(60) Garbage Collection (System.gc())
[10.384s][info][gc,task     ] GC(60) Using 2 workers
[10.384s][info][gc,phases   ] GC(60) Pause Mark Start 0.008ms
[10.433s][info][gc,phases   ] GC(60) Concurrent Mark 48.774ms
[10.433s][info][gc,phases   ] GC(60) Pause Mark End 0.021ms
[10.433s][info][gc,phases   ] GC(60) Concurrent Mark Free 0.002ms
[10.435s][info][gc,phases   ] GC(60) Concurrent Process Non-Strong References 1.870ms
[10.435s][info][gc,phases   ] GC(60) Concurrent Reset Relocation Set 0.001ms
[10.437s][info][gc,phases   ] GC(60) Concurrent Select Relocation Set 1.706ms
[10.437s][info][gc,phases   ] GC(60) Pause Relocate Start 0.008ms
[10.438s][info][gc,phases   ] GC(60) Concurrent Relocate 0.702ms
[10.438s][info][gc,load     ] GC(60) Load: 0.00/0.00/0.00
[10.438s][info][gc,mmu      ] GC(60) MMU: 2ms/93.6%, 5ms/97.4%, 10ms/98.7%, 20ms/99.4%, 50ms/99.7%, 100ms/99.8%
[10.438s][info][gc,marking  ] GC(60) Mark: 2 stripe(s), 2 proactive flush(es), 1 terminate flush(es), 0 completion(s), 0 continuation(s) 
[10.438s][info][gc,marking  ] GC(60) Mark Stack Usage: 32M
[10.438s][info][gc,nmethod  ] GC(60) NMethods: 1981 registered, 432 unregistered
[10.438s][info][gc,metaspace] GC(60) Metaspace: 11M used, 11M committed, 1088M reserved
[10.438s][info][gc,ref      ] GC(60) Soft: 194 encountered, 0 discovered, 0 enqueued
[10.438s][info][gc,ref      ] GC(60) Weak: 764 encountered, 160 discovered, 0 enqueued
[10.438s][info][gc,ref      ] GC(60) Final: 0 encountered, 0 discovered, 0 enqueued
[10.438s][info][gc,ref      ] GC(60) Phantom: 41 encountered, 28 discovered, 0 enqueued
[10.438s][info][gc,reloc    ] GC(60) Small Pages: 127 / 254M, Empty: 196M, Relocated: 1M, In-Place: 0
[10.438s][info][gc,reloc    ] GC(60) Medium Pages: 1 / 32M, Empty: 0M, Relocated: 0M, In-Place: 0
[10.438s][info][gc,reloc    ] GC(60) Large Pages: 1 / 6M, Empty: 0M, Relocated: 0M, In-Place: 0
[10.438s][info][gc,reloc    ] GC(60) Forwarding Usage: 0M
[10.438s][info][gc,heap     ] GC(60) Min Capacity: 1024M(100%)
[10.438s][info][gc,heap     ] GC(60) Max Capacity: 1024M(100%)
[10.438s][info][gc,heap     ] GC(60) Soft Max Capacity: 1024M(100%)
[10.438s][info][gc,heap     ] GC(60)                Mark Start          Mark End        Relocate Start      Relocate End           High               Low         
[10.438s][info][gc,heap     ] GC(60)  Capacity:     1024M (100%)       1024M (100%)       1024M (100%)       1024M (100%)       1024M (100%)       1024M (100%)   
[10.438s][info][gc,heap     ] GC(60)      Free:      732M (71%)         732M (71%)         928M (91%)         944M (92%)         944M (92%)         732M (71%)    
[10.438s][info][gc,heap     ] GC(60)      Used:      292M (29%)         292M (29%)          96M (9%)           80M (8%)          292M (29%)          80M (8%)     
[10.438s][info][gc,heap     ] GC(60)      Live:         -                44M (4%)           44M (4%)           44M (4%)             -                  -          
[10.438s][info][gc,heap     ] GC(60) Allocated:         -                 0M (0%)            0M (0%)            0M (0%)             -                  -          
[10.438s][info][gc,heap     ] GC(60)   Garbage:         -               247M (24%)          51M (5%)           35M (3%)             -                  -          
[10.438s][info][gc,heap     ] GC(60) Reclaimed:         -                  -               196M (19%)         212M (21%)            -                  -          
[10.438s][info][gc          ] GC(60) Garbage Collection (System.gc()) 292M(29%)->80M(8%)
[10.528s][info][gc,start    ] GC(61) Garbage Collection (System.gc())
[10.528s][info][gc,task     ] GC(61) Using 2 workers
[10.528s][info][gc,phases   ] GC(61) Pause Mark Start 0.010ms
[10.574s][info][gc,phases   ] GC(61) Concurrent Mark 46.176ms
[10.574s][info][gc,phases   ] GC(61) Pause Mark End 0.028ms
[10.575s][info][gc,phases   ] GC(61) Concurrent Mark Free 0.003ms
[10.577s][info][gc,phases   ] GC(61) Concurrent Process Non-Strong References 2.222ms
[10.577s][info][gc,phases   ] GC(61) Concurrent Reset Relocation Set 0.001ms
[10.579s][info][gc,phases   ] GC(61) Concurrent Select Relocation Set 1.590ms
[10.579s][info][gc,phases   ] GC(61) Pause Relocate Start 0.006ms
[10.580s][info][gc,phases   ] GC(61) Concurrent Relocate 1.020ms
[10.580s][info][gc,load     ] GC(61) Load: 0.00/0.00/0.00
[10.580s][info][gc,mmu      ] GC(61) MMU: 2ms/93.6%, 5ms/97.4%, 10ms/98.7%, 20ms/99.4%, 50ms/99.7%, 100ms/99.8%
[10.580s][info][gc,marking  ] GC(61) Mark: 2 stripe(s), 1 proactive flush(es), 1 terminate flush(es), 0 completion(s), 0 continuation(s) 
[10.580s][info][gc,marking  ] GC(61) Mark Stack Usage: 32M
[10.580s][info][gc,nmethod  ] GC(61) NMethods: 1982 registered, 434 unregistered
[10.580s][info][gc,metaspace] GC(61) Metaspace: 11M used, 11M committed, 1088M reserved
[10.580s][info][gc,ref      ] GC(61) Soft: 194 encountered, 0 discovered, 0 enqueued
[10.580s][info][gc,ref      ] GC(61) Weak: 764 encountered, 291 discovered, 0 enqueued
[10.580s][info][gc,ref      ] GC(61) Final: 0 encountered, 0 discovered, 0 enqueued
[10.580s][info][gc,ref      ] GC(61) Phantom: 41 encountered, 25 discovered, 0 enqueued
[10.580s][info][gc,reloc    ] GC(61) Small Pages: 127 / 254M, Empty: 192M, Relocated: 1M, In-Place: 0
[10.580s][info][gc,reloc    ] GC(61) Medium Pages: 1 / 32M, Empty: 0M, Relocated: 0M, In-Place: 0
[10.580s][info][gc,reloc    ] GC(61) Large Pages: 1 / 6M, Empty: 0M, Relocated: 0M, In-Place: 0
[10.580s][info][gc,reloc    ] GC(61) Forwarding Usage: 0M
[10.580s][info][gc,heap     ] GC(61) Min Capacity: 1024M(100%)
[10.580s][info][gc,heap     ] GC(61) Max Capacity: 1024M(100%)
[10.580s][info][gc,heap     ] GC(61) Soft Max Capacity: 1024M(100%)
[10.580s][info][gc,heap     ] GC(61)                Mark Start          Mark End        Relocate Start      Relocate End           High               Low         
[10.580s][info][gc,heap     ] GC(61)  Capacity:     1024M (100%)       1024M (100%)       1024M (100%)       1024M (100%)       1024M (100%)       1024M (100%)   
[10.580s][info][gc,heap     ] GC(61)      Free:      732M (71%)         732M (71%)         924M (90%)         944M (92%)         944M (92%)         732M (71%)    
[10.580s][info][gc,heap     ] GC(61)      Used:      292M (29%)         292M (29%)         100M (10%)          80M (8%)          292M (29%)          80M (8%)     
[10.580s][info][gc,heap     ] GC(61)      Live:         -                44M (4%)           44M (4%)           44M (4%)             -                  -          
[10.580s][info][gc,heap     ] GC(61) Allocated:         -                 0M (0%)            0M (0%)            0M (0%)             -                  -          
[10.580s][info][gc,heap     ] GC(61)   Garbage:         -               247M (24%)          55M (5%)           35M (3%)             -                  -          
[10.580s][info][gc,heap     ] GC(61) Reclaimed:         -                  -               192M (19%)         212M (21%)            -                  -          
[10.580s][info][gc          ] GC(61) Garbage Collection (System.gc()) 292M(29%)->80M(8%)
[10.667s][info][gc,start    ] GC(62) Garbage Collection (System.gc())
[10.667s][info][gc,task     ] GC(62) Using 2 workers
[10.667s][info][gc,phases   ] GC(62) Pause Mark Start 0.013ms
[10.715s][info][gc,phases   ] GC(62) Concurrent Mark 47.749ms
[10.715s][info][gc,phases   ] GC(62) Pause Mark End 0.015ms
[10.715s][info][gc,phases   ] GC(62) Concurrent Mark Free 0.004ms
[10.717s][info][gc,phases   ] GC(62) Concurrent Process Non-Strong References 1.877ms
[10.717s][info][gc,phases   ] GC(62) Concurrent Reset Relocation Set 0.001ms
[10.719s][info][gc,phases   ] GC(62) Concurrent Select Relocation Set 1.590ms
[10.719s][info][gc,phases   ] GC(62) Pause Relocate Start 0.008ms
[10.720s][info][gc,phases   ] GC(62) Concurrent Relocate 0.521ms
[10.720s][info][gc,load     ] GC(62) Load: 0.00/0.00/0.00
[10.720s][info][gc,mmu      ] GC(62) MMU: 2ms/93.6%, 5ms/97.4%, 10ms/98.7%, 20ms/99.4%, 50ms/99.7%, 100ms/99.8%
[10.720s][info][gc,marking  ] GC(62) Mark: 2 stripe(s), 1 proactive flush(es), 1 terminate flush(es), 0 completion(s), 0 continuation(s) 
[10.720s][info][gc,marking  ] GC(62) Mark Stack Usage: 32M
[10.720s][info][gc,nmethod  ] GC(62) NMethods: 1982 registered, 434 unregistered
[10.720s][info][gc,metaspace] GC(62) Metaspace: 11M used, 11M committed, 1088M reserved
[10.720s][info][gc,ref      ] GC(62) Soft: 194 encountered, 0 discovered, 0 enqueued
[10.720s][info][gc,ref      ] GC(62) Weak: 764 encountered, 146 discovered, 0 enqueued
[10.720s][info][gc,ref      ] GC(62) Final: 0 encountered, 0 discovered, 0 enqueued
[10.720s][info][gc,ref      ] GC(62) Phantom: 41 encountered, 25 discovered, 0 enqueued
[10.720s][info][gc,reloc    ] GC(62) Small Pages: 126 / 252M, Empty: 194M, Relocated: 1M, In-Place: 0
[10.720s][info][gc,reloc    ] GC(62) Medium Pages: 1 / 32M, Empty: 0M, Relocated: 0M, In-Place: 0
[10.720s][info][gc,reloc    ] GC(62) Large Pages: 1 / 6M, Empty: 0M, Relocated: 0M, In-Place: 0
[10.720s][info][gc,reloc    ] GC(62) Forwarding Usage: 0M
[10.720s][info][gc,heap     ] GC(62) Min Capacity: 1024M(100%)
[10.720s][info][gc,heap     ] GC(62) Max Capacity: 1024M(100%)
[10.720s][info][gc,heap     ] GC(62) Soft Max Capacity: 1024M(100%)
[10.720s][info][gc,heap     ] GC(62)                Mark Start          Mark End        Relocate Start      Relocate End           High               Low         
[10.720s][info][gc,heap     ] GC(62)  Capacity:     1024M (100%)       1024M (100%)       1024M (100%)       1024M (100%)       1024M (100%)       1024M (100%)   
[10.720s][info][gc,heap     ] GC(62)      Free:      734M (72%)         734M (72%)         928M (91%)         944M (92%)         944M (92%)         734M (72%)    
[10.720s][info][gc,heap     ] GC(62)      Used:      290M (28%)         290M (28%)          96M (9%)           80M (8%)          290M (28%)          80M (8%)     
[10.720s][info][gc,heap     ] GC(62)      Live:         -                44M (4%)           44M (4%)           44M (4%)             -                  -          
[10.720s][info][gc,heap     ] GC(62) Allocated:         -                 0M (0%)            0M (0%)            0M (0%)             -                  -          
[10.720s][info][gc,heap     ] GC(62)   Garbage:         -               245M (24%)          51M (5%)           35M (3%)             -                  -          
[10.720s][info][gc,heap     ] GC(62) Reclaimed:         -                  -               194M (19%)         210M (21%)            -                  -          
[10.720s][info][gc          ] GC(62) Garbage Collection (System.gc()) 290M(28%)->80M(8%)
[10.807s][info][gc,start    ] GC(63) Garbage Collection (System.gc())
[10.807s][info][gc,task     ] GC(63) Using 2 workers
[10.807s][info][gc,phases   ] GC(63) Pause Mark Start 0.013ms
[10.857s][info][gc,phases   ] GC(63) Concurrent Mark 49.806ms
[10.857s][info][gc,phases   ] GC(63) Pause Mark End 0.020ms
[10.857s][info][gc,phases   ] GC(63) Concurrent Mark Free 0.003ms
[10.860s][info][gc,phases   ] GC(63) Concurrent Process Non-Strong References 2.017ms
[10.860s][info][gc,phases   ] GC(63) Concurrent Reset Relocation Set 0.001ms
[10.861s][info][gc,phases   ] GC(63) Concurrent Select Relocation Set 1.463ms
[10.861s][info][gc,phases   ] GC(63) Pause Relocate Start 0.008ms
[10.862s][info][gc,phases   ] GC(63) Concurrent Relocate 0.532ms
[10.862s][info][gc,load     ] GC(63) Load: 0.00/0.00/0.00
[10.862s][info][gc,mmu      ] GC(63) MMU: 2ms/93.6%, 5ms/97.4%, 10ms/98.7%, 20ms/99.4%, 50ms/99.7%, 100ms/99.8%
[10.862s][info][gc,marking  ] GC(63) Mark: 2 stripe(s), 1 proactive flush(es), 1 terminate flush(es), 0 completion(s), 0 continuation(s) 
[10.862s][info][gc,marking  ] GC(63) Mark Stack Usage: 32M
[10.862s][info][gc,nmethod  ] GC(63) NMethods: 1982 registered, 436 unregistered
[10.862s][info][gc,metaspace] GC(63) Metaspace: 11M used, 11M committed, 1088M reserved
[10.862s][info][gc,ref      ] GC(63) Soft: 194 encountered, 0 discovered, 0 enqueued
[10.862s][info][gc,ref      ] GC(63) Weak: 764 encountered, 103 discovered, 0 enqueued
[10.862s][info][gc,ref      ] GC(63) Final: 0 encountered, 0 discovered, 0 enqueued
[10.862s][info][gc,ref      ] GC(63) Phantom: 41 encountered, 25 discovered, 0 enqueued
[10.862s][info][gc,reloc    ] GC(63) Small Pages: 127 / 254M, Empty: 194M, Relocated: 1M, In-Place: 0
[10.862s][info][gc,reloc    ] GC(63) Medium Pages: 1 / 32M, Empty: 0M, Relocated: 0M, In-Place: 0
[10.862s][info][gc,reloc    ] GC(63) Large Pages: 1 / 6M, Empty: 0M, Relocated: 0M, In-Place: 0
[10.862s][info][gc,reloc    ] GC(63) Forwarding Usage: 0M
[10.862s][info][gc,heap     ] GC(63) Min Capacity: 1024M(100%)
[10.862s][info][gc,heap     ] GC(63) Max Capacity: 1024M(100%)
[10.862s][info][gc,heap     ] GC(63) Soft Max Capacity: 1024M(100%)
[10.862s][info][gc,heap     ] GC(63)                Mark Start          Mark End        Relocate Start      Relocate End           High               Low         
[10.862s][info][gc,heap     ] GC(63)  Capacity:     1024M (100%)       1024M (100%)       1024M (100%)       1024M (100%)       1024M (100%)       1024M (100%)   
[10.862s][info][gc,heap     ] GC(63)      Free:      732M (71%)         732M (71%)         926M (90%)         944M (92%)         944M (92%)         732M (71%)    
[10.862s][info][gc,heap     ] GC(63)      Used:      292M (29%)         292M (29%)          98M (10%)          80M (8%)          292M (29%)          80M (8%)     
[10.862s][info][gc,heap     ] GC(63)      Live:         -                44M (4%)           44M (4%)           44M (4%)             -                  -          
[10.862s][info][gc,heap     ] GC(63) Allocated:         -                 0M (0%)            0M (0%)            0M (0%)             -                  -          
[10.862s][info][gc,heap     ] GC(63)   Garbage:         -               247M (24%)          53M (5%)           35M (3%)             -                  -          
[10.862s][info][gc,heap     ] GC(63) Reclaimed:         -                  -               194M (19%)         212M (21%)            -                  -          
[10.862s][info][gc          ] GC(63) Garbage Collection (System.gc()) 292M(29%)->80M(8%)
[10.948s][info][gc,start    ] GC(64) Garbage Collection (System.gc())
[10.948s][info][gc,task     ] GC(64) Using 2 workers
[10.949s][info][gc,phases   ] GC(64) Pause Mark Start 0.011ms
[11.014s][info][gc,phases   ] GC(64) Concurrent Mark 65.115ms
[11.014s][info][gc,phases   ] GC(64) Pause Mark End 0.034ms
[11.014s][info][gc,phases   ] GC(64) Concurrent Mark Free 0.003ms
[11.017s][info][gc,phases   ] GC(64) Concurrent Process Non-Strong References 2.885ms
[11.017s][info][gc,phases   ] GC(64) Concurrent Reset Relocation Set 0.003ms
[11.019s][info][gc,phases   ] GC(64) Concurrent Select Relocation Set 1.924ms
[11.019s][info][gc,phases   ] GC(64) Pause Relocate Start 0.008ms
[11.020s][info][gc,phases   ] GC(64) Concurrent Relocate 0.953ms
[11.020s][info][gc,load     ] GC(64) Load: 0.00/0.00/0.00
[11.020s][info][gc,mmu      ] GC(64) MMU: 2ms/93.6%, 5ms/97.4%, 10ms/98.7%, 20ms/99.4%, 50ms/99.7%, 100ms/99.8%
[11.020s][info][gc,marking  ] GC(64) Mark: 2 stripe(s), 2 proactive flush(es), 1 terminate flush(es), 0 completion(s), 0 continuation(s) 
[11.020s][info][gc,marking  ] GC(64) Mark Stack Usage: 32M
[11.020s][info][gc,nmethod  ] GC(64) NMethods: 1982 registered, 436 unregistered
[11.020s][info][gc,metaspace] GC(64) Metaspace: 11M used, 11M committed, 1088M reserved
[11.020s][info][gc,ref      ] GC(64) Soft: 194 encountered, 0 discovered, 0 enqueued
[11.020s][info][gc,ref      ] GC(64) Weak: 764 encountered, 28 discovered, 0 enqueued
[11.020s][info][gc,ref      ] GC(64) Final: 0 encountered, 0 discovered, 0 enqueued
[11.020s][info][gc,ref      ] GC(64) Phantom: 41 encountered, 23 discovered, 0 enqueued
[11.020s][info][gc,reloc    ] GC(64) Small Pages: 126 / 252M, Empty: 196M, Relocated: 1M, In-Place: 0
[11.020s][info][gc,reloc    ] GC(64) Medium Pages: 1 / 32M, Empty: 0M, Relocated: 0M, In-Place: 0
[11.020s][info][gc,reloc    ] GC(64) Large Pages: 1 / 6M, Empty: 0M, Relocated: 0M, In-Place: 0
[11.020s][info][gc,reloc    ] GC(64) Forwarding Usage: 0M
[11.020s][info][gc,heap     ] GC(64) Min Capacity: 1024M(100%)
[11.020s][info][gc,heap     ] GC(64) Max Capacity: 1024M(100%)
[11.020s][info][gc,heap     ] GC(64) Soft Max Capacity: 1024M(100%)
[11.020s][info][gc,heap     ] GC(64)                Mark Start          Mark End        Relocate Start      Relocate End           High               Low         
[11.020s][info][gc,heap     ] GC(64)  Capacity:     1024M (100%)       1024M (100%)       1024M (100%)       1024M (100%)       1024M (100%)       1024M (100%)   
[11.020s][info][gc,heap     ] GC(64)      Free:      734M (72%)         734M (72%)         930M (91%)         944M (92%)         944M (92%)         734M (72%)    
[11.020s][info][gc,heap     ] GC(64)      Used:      290M (28%)         290M (28%)          94M (9%)           80M (8%)          290M (28%)          80M (8%)     
[11.020s][info][gc,heap     ] GC(64)      Live:         -                44M (4%)           44M (4%)           44M (4%)             -                  -          
[11.020s][info][gc,heap     ] GC(64) Allocated:         -                 0M (0%)            0M (0%)            0M (0%)             -                  -          
[11.020s][info][gc,heap     ] GC(64)   Garbage:         -               245M (24%)          49M (5%)           35M (3%)             -                  -          
[11.020s][info][gc,heap     ] GC(64) Reclaimed:         -                  -               196M (19%)         210M (21%)            -                  -          
[11.020s][info][gc          ] GC(64) Garbage Collection (System.gc()) 290M(28%)->80M(8%)
[11.108s][info][gc,start    ] GC(65) Garbage Collection (System.gc())
[11.108s][info][gc,task     ] GC(65) Using 2 workers
[11.108s][info][gc,phases   ] GC(65) Pause Mark Start 0.006ms
[11.171s][info][gc,phases   ] GC(65) Concurrent Mark 62.663ms
[11.171s][info][gc,phases   ] GC(65) Pause Mark End 0.025ms
[11.172s][info][gc,phases   ] GC(65) Concurrent Mark Free 0.003ms
[11.175s][info][gc,phases   ] GC(65) Concurrent Process Non-Strong References 2.981ms
[11.175s][info][gc,phases   ] GC(65) Concurrent Reset Relocation Set 0.002ms
[11.176s][info][gc,phases   ] GC(65) Concurrent Select Relocation Set 1.739ms
[11.177s][info][gc,phases   ] GC(65) Pause Relocate Start 0.007ms
[11.178s][info][gc,phases   ] GC(65) Concurrent Relocate 1.300ms
[11.178s][info][gc,load     ] GC(65) Load: 0.00/0.00/0.00
[11.178s][info][gc,mmu      ] GC(65) MMU: 2ms/93.6%, 5ms/97.4%, 10ms/98.7%, 20ms/99.4%, 50ms/99.7%, 100ms/99.8%
[11.178s][info][gc,marking  ] GC(65) Mark: 2 stripe(s), 2 proactive flush(es), 1 terminate flush(es), 0 completion(s), 0 continuation(s) 
[11.178s][info][gc,marking  ] GC(65) Mark Stack Usage: 32M
[11.178s][info][gc,nmethod  ] GC(65) NMethods: 1982 registered, 437 unregistered
[11.178s][info][gc,metaspace] GC(65) Metaspace: 11M used, 11M committed, 1088M reserved
[11.178s][info][gc,ref      ] GC(65) Soft: 194 encountered, 0 discovered, 0 enqueued
[11.178s][info][gc,ref      ] GC(65) Weak: 764 encountered, 24 discovered, 0 enqueued
[11.178s][info][gc,ref      ] GC(65) Final: 0 encountered, 0 discovered, 0 enqueued
[11.178s][info][gc,ref      ] GC(65) Phantom: 41 encountered, 25 discovered, 0 enqueued
[11.178s][info][gc,reloc    ] GC(65) Small Pages: 125 / 250M, Empty: 194M, Relocated: 1M, In-Place: 0
[11.178s][info][gc,reloc    ] GC(65) Medium Pages: 1 / 32M, Empty: 0M, Relocated: 0M, In-Place: 0
[11.178s][info][gc,reloc    ] GC(65) Large Pages: 1 / 6M, Empty: 0M, Relocated: 0M, In-Place: 0
[11.178s][info][gc,reloc    ] GC(65) Forwarding Usage: 0M
[11.178s][info][gc,heap     ] GC(65) Min Capacity: 1024M(100%)
[11.178s][info][gc,heap     ] GC(65) Max Capacity: 1024M(100%)
[11.178s][info][gc,heap     ] GC(65) Soft Max Capacity: 1024M(100%)
[11.178s][info][gc,heap     ] GC(65)                Mark Start          Mark End        Relocate Start      Relocate End           High               Low         
[11.178s][info][gc,heap     ] GC(65)  Capacity:     1024M (100%)       1024M (100%)       1024M (100%)       1024M (100%)       1024M (100%)       1024M (100%)   
[11.178s][info][gc,heap     ] GC(65)      Free:      736M (72%)         736M (72%)         930M (91%)         944M (92%)         944M (92%)         736M (72%)    
[11.178s][info][gc,heap     ] GC(65)      Used:      288M (28%)         288M (28%)          94M (9%)           80M (8%)          288M (28%)          80M (8%)     
[11.178s][info][gc,heap     ] GC(65)      Live:         -                44M (4%)           44M (4%)           44M (4%)             -                  -          
[11.178s][info][gc,heap     ] GC(65) Allocated:         -                 0M (0%)            0M (0%)            0M (0%)             -                  -          
[11.178s][info][gc,heap     ] GC(65)   Garbage:         -               243M (24%)          49M (5%)           35M (3%)             -                  -          
[11.178s][info][gc,heap     ] GC(65) Reclaimed:         -                  -               194M (19%)         208M (20%)            -                  -          
[11.178s][info][gc          ] GC(65) Garbage Collection (System.gc()) 288M(28%)->80M(8%)
[11.266s][info][gc,start    ] GC(66) Garbage Collection (System.gc())
[11.266s][info][gc,task     ] GC(66) Using 2 workers
[11.266s][info][gc,phases   ] GC(66) Pause Mark Start 0.007ms
[11.312s][info][gc,phases   ] GC(66) Concurrent Mark 46.344ms
[11.313s][info][gc,phases   ] GC(66) Pause Mark End 0.025ms
[11.313s][info][gc,phases   ] GC(66) Concurrent Mark Free 0.003ms
[11.315s][info][gc,phases   ] GC(66) Concurrent Process Non-Strong References 2.185ms
[11.315s][info][gc,phases   ] GC(66) Concurrent Reset Relocation Set 0.001ms
[11.317s][info][gc,phases   ] GC(66) Concurrent Select Relocation Set 1.708ms
[11.317s][info][gc,phases   ] GC(66) Pause Relocate Start 0.008ms
[11.318s][info][gc,phases   ] GC(66) Concurrent Relocate 0.976ms
[11.318s][info][gc,load     ] GC(66) Load: 0.00/0.00/0.00
[11.318s][info][gc,mmu      ] GC(66) MMU: 2ms/93.6%, 5ms/97.4%, 10ms/98.7%, 20ms/99.4%, 50ms/99.7%, 100ms/99.8%
[11.318s][info][gc,marking  ] GC(66) Mark: 2 stripe(s), 1 proactive flush(es), 1 terminate flush(es), 0 completion(s), 0 continuation(s) 
[11.318s][info][gc,marking  ] GC(66) Mark Stack Usage: 32M
[11.318s][info][gc,nmethod  ] GC(66) NMethods: 1982 registered, 438 unregistered
[11.318s][info][gc,metaspace] GC(66) Metaspace: 11M used, 11M committed, 1088M reserved
[11.318s][info][gc,ref      ] GC(66) Soft: 194 encountered, 0 discovered, 0 enqueued
[11.318s][info][gc,ref      ] GC(66) Weak: 764 encountered, 197 discovered, 0 enqueued
[11.318s][info][gc,ref      ] GC(66) Final: 0 encountered, 0 discovered, 0 enqueued
[11.318s][info][gc,ref      ] GC(66) Phantom: 41 encountered, 24 discovered, 0 enqueued
[11.318s][info][gc,reloc    ] GC(66) Small Pages: 125 / 250M, Empty: 196M, Relocated: 1M, In-Place: 0
[11.318s][info][gc,reloc    ] GC(66) Medium Pages: 1 / 32M, Empty: 0M, Relocated: 0M, In-Place: 0
[11.318s][info][gc,reloc    ] GC(66) Large Pages: 1 / 6M, Empty: 0M, Relocated: 0M, In-Place: 0
[11.318s][info][gc,reloc    ] GC(66) Forwarding Usage: 0M
[11.318s][info][gc,heap     ] GC(66) Min Capacity: 1024M(100%)
[11.318s][info][gc,heap     ] GC(66) Max Capacity: 1024M(100%)
[11.318s][info][gc,heap     ] GC(66) Soft Max Capacity: 1024M(100%)
[11.318s][info][gc,heap     ] GC(66)                Mark Start          Mark End        Relocate Start      Relocate End           High               Low         
[11.318s][info][gc,heap     ] GC(66)  Capacity:     1024M (100%)       1024M (100%)       1024M (100%)       1024M (100%)       1024M (100%)       1024M (100%)   
[11.318s][info][gc,heap     ] GC(66)      Free:      736M (72%)         736M (72%)         932M (91%)         944M (92%)         944M (92%)         736M (72%)    
[11.318s][info][gc,heap     ] GC(66)      Used:      288M (28%)         288M (28%)          92M (9%)           80M (8%)          288M (28%)          80M (8%)     
[11.318s][info][gc,heap     ] GC(66)      Live:         -                44M (4%)           44M (4%)           44M (4%)             -                  -          
[11.318s][info][gc,heap     ] GC(66) Allocated:         -                 0M (0%)            0M (0%)            0M (0%)             -                  -          
[11.318s][info][gc,heap     ] GC(66)   Garbage:         -               243M (24%)          47M (5%)           35M (3%)             -                  -          
[11.318s][info][gc,heap     ] GC(66) Reclaimed:         -                  -               196M (19%)         208M (20%)            -                  -          
[11.318s][info][gc          ] GC(66) Garbage Collection (System.gc()) 288M(28%)->80M(8%)
[11.407s][info][gc,start    ] GC(67) Garbage Collection (System.gc())
[11.407s][info][gc,task     ] GC(67) Using 2 workers
[11.407s][info][gc,phases   ] GC(67) Pause Mark Start 0.008ms
[11.453s][info][gc,phases   ] GC(67) Concurrent Mark 46.334ms
[11.454s][info][gc,phases   ] GC(67) Pause Mark End 0.027ms
[11.454s][info][gc,phases   ] GC(67) Concurrent Mark Free 0.003ms
[11.456s][info][gc,phases   ] GC(67) Concurrent Process Non-Strong References 2.466ms
[11.456s][info][gc,phases   ] GC(67) Concurrent Reset Relocation Set 0.001ms
[11.458s][info][gc,phases   ] GC(67) Concurrent Select Relocation Set 1.741ms
[11.458s][info][gc,phases   ] GC(67) Pause Relocate Start 0.007ms
[11.460s][info][gc,phases   ] GC(67) Concurrent Relocate 1.294ms
[11.460s][info][gc,load     ] GC(67) Load: 0.00/0.00/0.00
[11.460s][info][gc,mmu      ] GC(67) MMU: 2ms/93.6%, 5ms/97.4%, 10ms/98.7%, 20ms/99.4%, 50ms/99.7%, 100ms/99.8%
[11.460s][info][gc,marking  ] GC(67) Mark: 2 stripe(s), 1 proactive flush(es), 1 terminate flush(es), 0 completion(s), 0 continuation(s) 
[11.460s][info][gc,marking  ] GC(67) Mark Stack Usage: 32M
[11.460s][info][gc,nmethod  ] GC(67) NMethods: 1982 registered, 440 unregistered
[11.460s][info][gc,metaspace] GC(67) Metaspace: 11M used, 11M committed, 1088M reserved
[11.460s][info][gc,ref      ] GC(67) Soft: 194 encountered, 0 discovered, 0 enqueued
[11.460s][info][gc,ref      ] GC(67) Weak: 764 encountered, 280 discovered, 0 enqueued
[11.460s][info][gc,ref      ] GC(67) Final: 0 encountered, 0 discovered, 0 enqueued
[11.460s][info][gc,ref      ] GC(67) Phantom: 41 encountered, 27 discovered, 0 enqueued
[11.460s][info][gc,reloc    ] GC(67) Small Pages: 125 / 250M, Empty: 194M, Relocated: 1M, In-Place: 0
[11.460s][info][gc,reloc    ] GC(67) Medium Pages: 1 / 32M, Empty: 0M, Relocated: 0M, In-Place: 0
[11.460s][info][gc,reloc    ] GC(67) Large Pages: 1 / 6M, Empty: 0M, Relocated: 0M, In-Place: 0
[11.460s][info][gc,reloc    ] GC(67) Forwarding Usage: 0M
[11.460s][info][gc,heap     ] GC(67) Min Capacity: 1024M(100%)
[11.460s][info][gc,heap     ] GC(67) Max Capacity: 1024M(100%)
[11.460s][info][gc,heap     ] GC(67) Soft Max Capacity: 1024M(100%)
[11.460s][info][gc,heap     ] GC(67)                Mark Start          Mark End        Relocate Start      Relocate End           High               Low         
[11.460s][info][gc,heap     ] GC(67)  Capacity:     1024M (100%)       1024M (100%)       1024M (100%)       1024M (100%)       1024M (100%)       1024M (100%)   
[11.460s][info][gc,heap     ] GC(67)      Free:      736M (72%)         736M (72%)         930M (91%)         944M (92%)         944M (92%)         736M (72%)    
[11.460s][info][gc,heap     ] GC(67)      Used:      288M (28%)         288M (28%)          94M (9%)           80M (8%)          288M (28%)          80M (8%)     
[11.460s][info][gc,heap     ] GC(67)      Live:         -                44M (4%)           44M (4%)           44M (4%)             -                  -          
[11.460s][info][gc,heap     ] GC(67) Allocated:         -                 0M (0%)            0M (0%)            0M (0%)             -                  -          
[11.460s][info][gc,heap     ] GC(67)   Garbage:         -               243M (24%)          49M (5%)           35M (3%)             -                  -          
[11.460s][info][gc,heap     ] GC(67) Reclaimed:         -                  -               194M (19%)         208M (20%)            -                  -          
[11.460s][info][gc          ] GC(67) Garbage Collection (System.gc()) 288M(28%)->80M(8%)
[11.549s][info][gc,start    ] GC(68) Garbage Collection (System.gc())
[11.549s][info][gc,task     ] GC(68) Using 2 workers
[11.549s][info][gc,phases   ] GC(68) Pause Mark Start 0.010ms
[11.611s][info][gc,phases   ] GC(68) Concurrent Mark 61.432ms
[11.611s][info][gc,phases   ] GC(68) Pause Mark End 0.033ms
[11.611s][info][gc,phases   ] GC(68) Concurrent Mark Free 0.003ms
[11.613s][info][gc,phases   ] GC(68) Concurrent Process Non-Strong References 2.264ms
[11.613s][info][gc,phases   ] GC(68) Concurrent Reset Relocation Set 0.001ms
[11.615s][info][gc,phases   ] GC(68) Concurrent Select Relocation Set 1.447ms
[11.615s][info][gc,phases   ] GC(68) Pause Relocate Start 0.007ms
[11.616s][info][gc,phases   ] GC(68) Concurrent Relocate 0.947ms
[11.616s][info][gc,load     ] GC(68) Load: 0.00/0.00/0.00
[11.616s][info][gc,mmu      ] GC(68) MMU: 2ms/93.6%, 5ms/97.4%, 10ms/98.7%, 20ms/99.4%, 50ms/99.7%, 100ms/99.8%
[11.616s][info][gc,marking  ] GC(68) Mark: 2 stripe(s), 2 proactive flush(es), 1 terminate flush(es), 0 completion(s), 0 continuation(s) 
[11.616s][info][gc,marking  ] GC(68) Mark Stack Usage: 32M
[11.616s][info][gc,nmethod  ] GC(68) NMethods: 1989 registered, 440 unregistered
[11.616s][info][gc,metaspace] GC(68) Metaspace: 11M used, 11M committed, 1088M reserved
[11.616s][info][gc,ref      ] GC(68) Soft: 194 encountered, 0 discovered, 0 enqueued
[11.616s][info][gc,ref      ] GC(68) Weak: 764 encountered, 383 discovered, 0 enqueued
[11.616s][info][gc,ref      ] GC(68) Final: 0 encountered, 0 discovered, 0 enqueued
[11.616s][info][gc,ref      ] GC(68) Phantom: 41 encountered, 24 discovered, 0 enqueued
[11.616s][info][gc,reloc    ] GC(68) Small Pages: 126 / 252M, Empty: 194M, Relocated: 1M, In-Place: 0
[11.616s][info][gc,reloc    ] GC(68) Medium Pages: 1 / 32M, Empty: 0M, Relocated: 0M, In-Place: 0
[11.616s][info][gc,reloc    ] GC(68) Large Pages: 1 / 6M, Empty: 0M, Relocated: 0M, In-Place: 0
[11.616s][info][gc,reloc    ] GC(68) Forwarding Usage: 0M
[11.616s][info][gc,heap     ] GC(68) Min Capacity: 1024M(100%)
[11.616s][info][gc,heap     ] GC(68) Max Capacity: 1024M(100%)
[11.616s][info][gc,heap     ] GC(68) Soft Max Capacity: 1024M(100%)
[11.616s][info][gc,heap     ] GC(68)                Mark Start          Mark End        Relocate Start      Relocate End           High               Low         
[11.616s][info][gc,heap     ] GC(68)  Capacity:     1024M (100%)       1024M (100%)       1024M (100%)       1024M (100%)       1024M (100%)       1024M (100%)   
[11.616s][info][gc,heap     ] GC(68)      Free:      734M (72%)         734M (72%)         928M (91%)         944M (92%)         944M (92%)         734M (72%)    
[11.616s][info][gc,heap     ] GC(68)      Used:      290M (28%)         290M (28%)          96M (9%)           80M (8%)          290M (28%)          80M (8%)     
[11.616s][info][gc,heap     ] GC(68)      Live:         -                44M (4%)           44M (4%)           44M (4%)             -                  -          
[11.616s][info][gc,heap     ] GC(68) Allocated:         -                 0M (0%)            0M (0%)            0M (0%)             -                  -          
[11.616s][info][gc,heap     ] GC(68)   Garbage:         -               245M (24%)          51M (5%)           35M (3%)             -                  -          
[11.616s][info][gc,heap     ] GC(68) Reclaimed:         -                  -               194M (19%)         210M (21%)            -                  -          
[11.616s][info][gc          ] GC(68) Garbage Collection (System.gc()) 290M(28%)->80M(8%)
[11.703s][info][gc,start    ] GC(69) Garbage Collection (System.gc())
[11.703s][info][gc,task     ] GC(69) Using 2 workers
[11.703s][info][gc,phases   ] GC(69) Pause Mark Start 0.015ms
[11.752s][info][gc,phases   ] GC(69) Concurrent Mark 48.381ms
[11.752s][info][gc,phases   ] GC(69) Pause Mark End 0.026ms
[11.752s][info][gc,phases   ] GC(69) Concurrent Mark Free 0.003ms
[11.755s][info][gc,phases   ] GC(69) Concurrent Process Non-Strong References 2.440ms
[11.755s][info][gc,phases   ] GC(69) Concurrent Reset Relocation Set 0.002ms
[11.756s][info][gc,phases   ] GC(69) Concurrent Select Relocation Set 1.367ms
[11.756s][info][gc,phases   ] GC(69) Pause Relocate Start 0.008ms
[11.757s][info][gc,phases   ] GC(69) Concurrent Relocate 0.520ms
[11.757s][info][gc,load     ] GC(69) Load: 0.00/0.00/0.00
[11.757s][info][gc,mmu      ] GC(69) MMU: 2ms/93.6%, 5ms/97.4%, 10ms/98.7%, 20ms/99.4%, 50ms/99.7%, 100ms/99.8%
[11.757s][info][gc,marking  ] GC(69) Mark: 2 stripe(s), 1 proactive flush(es), 1 terminate flush(es), 0 completion(s), 0 continuation(s) 
[11.757s][info][gc,marking  ] GC(69) Mark Stack Usage: 32M
[11.757s][info][gc,nmethod  ] GC(69) NMethods: 1989 registered, 443 unregistered
[11.757s][info][gc,metaspace] GC(69) Metaspace: 11M used, 11M committed, 1088M reserved
[11.757s][info][gc,ref      ] GC(69) Soft: 194 encountered, 0 discovered, 0 enqueued
[11.757s][info][gc,ref      ] GC(69) Weak: 764 encountered, 281 discovered, 0 enqueued
[11.757s][info][gc,ref      ] GC(69) Final: 0 encountered, 0 discovered, 0 enqueued
[11.757s][info][gc,ref      ] GC(69) Phantom: 41 encountered, 26 discovered, 0 enqueued
[11.757s][info][gc,reloc    ] GC(69) Small Pages: 126 / 252M, Empty: 196M, Relocated: 1M, In-Place: 0
[11.757s][info][gc,reloc    ] GC(69) Medium Pages: 1 / 32M, Empty: 0M, Relocated: 0M, In-Place: 0
[11.757s][info][gc,reloc    ] GC(69) Large Pages: 1 / 6M, Empty: 0M, Relocated: 0M, In-Place: 0
[11.757s][info][gc,reloc    ] GC(69) Forwarding Usage: 0M
[11.757s][info][gc,heap     ] GC(69) Min Capacity: 1024M(100%)
[11.757s][info][gc,heap     ] GC(69) Max Capacity: 1024M(100%)
[11.757s][info][gc,heap     ] GC(69) Soft Max Capacity: 1024M(100%)
[11.757s][info][gc,heap     ] GC(69)                Mark Start          Mark End        Relocate Start      Relocate End           High               Low         
[11.757s][info][gc,heap     ] GC(69)  Capacity:     1024M (100%)       1024M (100%)       1024M (100%)       1024M (100%)       1024M (100%)       1024M (100%)   
[11.757s][info][gc,heap     ] GC(69)      Free:      734M (72%)         734M (72%)         930M (91%)         944M (92%)         944M (92%)         734M (72%)    
[11.757s][info][gc,heap     ] GC(69)      Used:      290M (28%)         290M (28%)          94M (9%)           80M (8%)          290M (28%)          80M (8%)     
[11.757s][info][gc,heap     ] GC(69)      Live:         -                44M (4%)           44M (4%)           44M (4%)             -                  -          
[11.757s][info][gc,heap     ] GC(69) Allocated:         -                 0M (0%)            0M (0%)            0M (0%)             -                  -          
[11.757s][info][gc,heap     ] GC(69)   Garbage:         -               245M (24%)          49M (5%)           35M (3%)             -                  -          
[11.757s][info][gc,heap     ] GC(69) Reclaimed:         -                  -               196M (19%)         210M (21%)            -                  -          
[11.757s][info][gc          ] GC(69) Garbage Collection (System.gc()) 290M(28%)->80M(8%)
[11.846s][info][gc,start    ] GC(70) Garbage Collection (System.gc())
[11.846s][info][gc,task     ] GC(70) Using 2 workers
[11.846s][info][gc,phases   ] GC(70) Pause Mark Start 0.011ms
[11.909s][info][gc,phases   ] GC(70) Concurrent Mark 63.067ms
[11.909s][info][gc,phases   ] GC(70) Pause Mark End 0.026ms
[11.909s][info][gc,phases   ] GC(70) Concurrent Mark Free 0.003ms
[11.912s][info][gc,phases   ] GC(70) Concurrent Process Non-Strong References 3.026ms
[11.912s][info][gc,phases   ] GC(70) Concurrent Reset Relocation Set 0.001ms
[11.914s][info][gc,phases   ] GC(70) Concurrent Select Relocation Set 1.659ms
[11.914s][info][gc,phases   ] GC(70) Pause Relocate Start 0.007ms
[11.915s][info][gc,phases   ] GC(70) Concurrent Relocate 0.522ms
[11.915s][info][gc,load     ] GC(70) Load: 0.00/0.00/0.00
[11.915s][info][gc,mmu      ] GC(70) MMU: 2ms/93.6%, 5ms/97.4%, 10ms/98.7%, 20ms/99.4%, 50ms/99.7%, 100ms/99.8%
[11.915s][info][gc,marking  ] GC(70) Mark: 2 stripe(s), 2 proactive flush(es), 1 terminate flush(es), 0 completion(s), 0 continuation(s) 
[11.915s][info][gc,marking  ] GC(70) Mark Stack Usage: 32M
[11.915s][info][gc,nmethod  ] GC(70) NMethods: 1990 registered, 443 unregistered
[11.915s][info][gc,metaspace] GC(70) Metaspace: 11M used, 11M committed, 1088M reserved
[11.915s][info][gc,ref      ] GC(70) Soft: 194 encountered, 0 discovered, 0 enqueued
[11.915s][info][gc,ref      ] GC(70) Weak: 764 encountered, 398 discovered, 0 enqueued
[11.915s][info][gc,ref      ] GC(70) Final: 0 encountered, 0 discovered, 0 enqueued
[11.915s][info][gc,ref      ] GC(70) Phantom: 41 encountered, 23 discovered, 0 enqueued
[11.915s][info][gc,reloc    ] GC(70) Small Pages: 125 / 250M, Empty: 196M, Relocated: 1M, In-Place: 0
[11.915s][info][gc,reloc    ] GC(70) Medium Pages: 1 / 32M, Empty: 0M, Relocated: 0M, In-Place: 0
[11.915s][info][gc,reloc    ] GC(70) Large Pages: 1 / 6M, Empty: 0M, Relocated: 0M, In-Place: 0
[11.915s][info][gc,reloc    ] GC(70) Forwarding Usage: 0M
[11.915s][info][gc,heap     ] GC(70) Min Capacity: 1024M(100%)
[11.915s][info][gc,heap     ] GC(70) Max Capacity: 1024M(100%)
[11.915s][info][gc,heap     ] GC(70) Soft Max Capacity: 1024M(100%)
[11.915s][info][gc,heap     ] GC(70)                Mark Start          Mark End        Relocate Start      Relocate End           High               Low         
[11.915s][info][gc,heap     ] GC(70)  Capacity:     1024M (100%)       1024M (100%)       1024M (100%)       1024M (100%)       1024M (100%)       1024M (100%)   
[11.915s][info][gc,heap     ] GC(70)      Free:      736M (72%)         736M (72%)         932M (91%)         944M (92%)         944M (92%)         736M (72%)    
[11.915s][info][gc,heap     ] GC(70)      Used:      288M (28%)         288M (28%)          92M (9%)           80M (8%)          288M (28%)          80M (8%)     
[11.915s][info][gc,heap     ] GC(70)      Live:         -                44M (4%)           44M (4%)           44M (4%)             -                  -          
[11.915s][info][gc,heap     ] GC(70) Allocated:         -                 0M (0%)            0M (0%)            0M (0%)             -                  -          
[11.915s][info][gc,heap     ] GC(70)   Garbage:         -               243M (24%)          47M (5%)           35M (3%)             -                  -          
[11.915s][info][gc,heap     ] GC(70) Reclaimed:         -                  -               196M (19%)         208M (20%)            -                  -          
[11.915s][info][gc          ] GC(70) Garbage Collection (System.gc()) 288M(28%)->80M(8%)
[12.002s][info][gc,start    ] GC(71) Garbage Collection (System.gc())
[12.002s][info][gc,task     ] GC(71) Using 2 workers
[12.002s][info][gc,phases   ] GC(71) Pause Mark Start 0.016ms
[12.051s][info][gc,phases   ] GC(71) Concurrent Mark 49.532ms
[12.052s][info][gc,phases   ] GC(71) Pause Mark End 0.019ms
[12.052s][info][gc,phases   ] GC(71) Concurrent Mark Free 0.003ms
[12.054s][info][gc,phases   ] GC(71) Concurrent Process Non-Strong References 1.844ms
[12.054s][info][gc,phases   ] GC(71) Concurrent Reset Relocation Set 0.001ms
[12.055s][info][gc,phases   ] GC(71) Concurrent Select Relocation Set 1.440ms
[12.055s][info][gc,phases   ] GC(71) Pause Relocate Start 0.008ms
[12.056s][info][gc,phases   ] GC(71) Concurrent Relocate 0.522ms
[12.056s][info][gc,load     ] GC(71) Load: 0.00/0.00/0.00
[12.056s][info][gc,mmu      ] GC(71) MMU: 2ms/93.6%, 5ms/97.4%, 10ms/98.7%, 20ms/99.4%, 50ms/99.7%, 100ms/99.8%
[12.056s][info][gc,marking  ] GC(71) Mark: 2 stripe(s), 1 proactive flush(es), 1 terminate flush(es), 0 completion(s), 0 continuation(s) 
[12.056s][info][gc,marking  ] GC(71) Mark Stack Usage: 32M
[12.056s][info][gc,nmethod  ] GC(71) NMethods: 1990 registered, 443 unregistered
[12.056s][info][gc,metaspace] GC(71) Metaspace: 11M used, 11M committed, 1088M reserved
[12.056s][info][gc,ref      ] GC(71) Soft: 194 encountered, 0 discovered, 0 enqueued
[12.056s][info][gc,ref      ] GC(71) Weak: 764 encountered, 164 discovered, 0 enqueued
[12.056s][info][gc,ref      ] GC(71) Final: 0 encountered, 0 discovered, 0 enqueued
[12.056s][info][gc,ref      ] GC(71) Phantom: 41 encountered, 26 discovered, 0 enqueued
[12.056s][info][gc,reloc    ] GC(71) Small Pages: 127 / 254M, Empty: 194M, Relocated: 1M, In-Place: 0
[12.056s][info][gc,reloc    ] GC(71) Medium Pages: 1 / 32M, Empty: 0M, Relocated: 0M, In-Place: 0
[12.056s][info][gc,reloc    ] GC(71) Large Pages: 1 / 6M, Empty: 0M, Relocated: 0M, In-Place: 0
[12.056s][info][gc,reloc    ] GC(71) Forwarding Usage: 0M
[12.056s][info][gc,heap     ] GC(71) Min Capacity: 1024M(100%)
[12.056s][info][gc,heap     ] GC(71) Max Capacity: 1024M(100%)
[12.056s][info][gc,heap     ] GC(71) Soft Max Capacity: 1024M(100%)
[12.056s][info][gc,heap     ] GC(71)                Mark Start          Mark End        Relocate Start      Relocate End           High               Low         
[12.056s][info][gc,heap     ] GC(71)  Capacity:     1024M (100%)       1024M (100%)       1024M (100%)       1024M (100%)       1024M (100%)       1024M (100%)   
[12.056s][info][gc,heap     ] GC(71)      Free:      732M (71%)         732M (71%)         926M (90%)         944M (92%)         944M (92%)         732M (71%)    
[12.056s][info][gc,heap     ] GC(71)      Used:      292M (29%)         292M (29%)          98M (10%)          80M (8%)          292M (29%)          80M (8%)     
[12.056s][info][gc,heap     ] GC(71)      Live:         -                44M (4%)           44M (4%)           44M (4%)             -                  -          
[12.056s][info][gc,heap     ] GC(71) Allocated:         -                 0M (0%)            0M (0%)            0M (0%)             -                  -          
[12.056s][info][gc,heap     ] GC(71)   Garbage:         -               247M (24%)          53M (5%)           35M (3%)             -                  -          
[12.056s][info][gc,heap     ] GC(71) Reclaimed:         -                  -               194M (19%)         212M (21%)            -                  -          
[12.056s][info][gc          ] GC(71) Garbage Collection (System.gc()) 292M(29%)->80M(8%)
[12.144s][info][gc,start    ] GC(72) Garbage Collection (System.gc())
[12.144s][info][gc,task     ] GC(72) Using 2 workers
[12.144s][info][gc,phases   ] GC(72) Pause Mark Start 0.011ms
[12.193s][info][gc,phases   ] GC(72) Concurrent Mark 48.640ms
[12.193s][info][gc,phases   ] GC(72) Pause Mark End 0.030ms
[12.193s][info][gc,phases   ] GC(72) Concurrent Mark Free 0.002ms
[12.196s][info][gc,phases   ] GC(72) Concurrent Process Non-Strong References 2.310ms
[12.196s][info][gc,phases   ] GC(72) Concurrent Reset Relocation Set 0.001ms
[12.197s][info][gc,phases   ] GC(72) Concurrent Select Relocation Set 1.766ms
[12.198s][info][gc,phases   ] GC(72) Pause Relocate Start 0.008ms
[12.199s][info][gc,phases   ] GC(72) Concurrent Relocate 0.900ms
[12.199s][info][gc,load     ] GC(72) Load: 0.00/0.00/0.00
[12.199s][info][gc,mmu      ] GC(72) MMU: 2ms/93.6%, 5ms/97.4%, 10ms/98.7%, 20ms/99.4%, 50ms/99.7%, 100ms/99.8%
[12.199s][info][gc,marking  ] GC(72) Mark: 2 stripe(s), 1 proactive flush(es), 1 terminate flush(es), 0 completion(s), 0 continuation(s) 
[12.199s][info][gc,marking  ] GC(72) Mark Stack Usage: 32M
[12.199s][info][gc,nmethod  ] GC(72) NMethods: 1990 registered, 444 unregistered
[12.199s][info][gc,metaspace] GC(72) Metaspace: 11M used, 11M committed, 1088M reserved
[12.199s][info][gc,ref      ] GC(72) Soft: 194 encountered, 0 discovered, 0 enqueued
[12.199s][info][gc,ref      ] GC(72) Weak: 764 encountered, 155 discovered, 0 enqueued
[12.199s][info][gc,ref      ] GC(72) Final: 0 encountered, 0 discovered, 0 enqueued
[12.199s][info][gc,ref      ] GC(72) Phantom: 41 encountered, 27 discovered, 0 enqueued
[12.199s][info][gc,reloc    ] GC(72) Small Pages: 126 / 252M, Empty: 192M, Relocated: 1M, In-Place: 0
[12.199s][info][gc,reloc    ] GC(72) Medium Pages: 1 / 32M, Empty: 0M, Relocated: 0M, In-Place: 0
[12.199s][info][gc,reloc    ] GC(72) Large Pages: 1 / 6M, Empty: 0M, Relocated: 0M, In-Place: 0
[12.199s][info][gc,reloc    ] GC(72) Forwarding Usage: 0M
[12.199s][info][gc,heap     ] GC(72) Min Capacity: 1024M(100%)
[12.199s][info][gc,heap     ] GC(72) Max Capacity: 1024M(100%)
[12.199s][info][gc,heap     ] GC(72) Soft Max Capacity: 1024M(100%)
[12.199s][info][gc,heap     ] GC(72)                Mark Start          Mark End        Relocate Start      Relocate End           High               Low         
[12.199s][info][gc,heap     ] GC(72)  Capacity:     1024M (100%)       1024M (100%)       1024M (100%)       1024M (100%)       1024M (100%)       1024M (100%)   
[12.199s][info][gc,heap     ] GC(72)      Free:      734M (72%)         734M (72%)         926M (90%)         944M (92%)         944M (92%)         734M (72%)    
[12.199s][info][gc,heap     ] GC(72)      Used:      290M (28%)         290M (28%)          98M (10%)          80M (8%)          290M (28%)          80M (8%)     
[12.199s][info][gc,heap     ] GC(72)      Live:         -                44M (4%)           44M (4%)           44M (4%)             -                  -          
[12.199s][info][gc,heap     ] GC(72) Allocated:         -                 0M (0%)            0M (0%)            0M (0%)             -                  -          
[12.199s][info][gc,heap     ] GC(72)   Garbage:         -               245M (24%)          53M (5%)           35M (3%)             -                  -          
[12.199s][info][gc,heap     ] GC(72) Reclaimed:         -                  -               192M (19%)         210M (21%)            -                  -          
[12.199s][info][gc          ] GC(72) Garbage Collection (System.gc()) 290M(28%)->80M(8%)
[12.286s][info][gc,start    ] GC(73) Garbage Collection (System.gc())
[12.286s][info][gc,task     ] GC(73) Using 2 workers
[12.286s][info][gc,phases   ] GC(73) Pause Mark Start 0.010ms
[12.335s][info][gc,phases   ] GC(73) Concurrent Mark 48.103ms
[12.335s][info][gc,phases   ] GC(73) Pause Mark End 0.019ms
[12.335s][info][gc,phases   ] GC(73) Concurrent Mark Free 0.002ms
[12.337s][info][gc,phases   ] GC(73) Concurrent Process Non-Strong References 1.992ms
[12.337s][info][gc,phases   ] GC(73) Concurrent Reset Relocation Set 0.001ms
[12.339s][info][gc,phases   ] GC(73) Concurrent Select Relocation Set 1.695ms
[12.339s][info][gc,phases   ] GC(73) Pause Relocate Start 0.008ms
[12.340s][info][gc,phases   ] GC(73) Concurrent Relocate 0.855ms
[12.340s][info][gc,load     ] GC(73) Load: 0.00/0.00/0.00
[12.340s][info][gc,mmu      ] GC(73) MMU: 2ms/93.6%, 5ms/97.4%, 10ms/98.7%, 20ms/99.4%, 50ms/99.7%, 100ms/99.8%
[12.340s][info][gc,marking  ] GC(73) Mark: 2 stripe(s), 1 proactive flush(es), 1 terminate flush(es), 0 completion(s), 0 continuation(s) 
[12.340s][info][gc,marking  ] GC(73) Mark Stack Usage: 32M
[12.340s][info][gc,nmethod  ] GC(73) NMethods: 1990 registered, 444 unregistered
[12.340s][info][gc,metaspace] GC(73) Metaspace: 11M used, 11M committed, 1088M reserved
[12.340s][info][gc,ref      ] GC(73) Soft: 194 encountered, 0 discovered, 0 enqueued
[12.340s][info][gc,ref      ] GC(73) Weak: 764 encountered, 18 discovered, 0 enqueued
[12.340s][info][gc,ref      ] GC(73) Final: 0 encountered, 0 discovered, 0 enqueued
[12.340s][info][gc,ref      ] GC(73) Phantom: 41 encountered, 19 discovered, 0 enqueued
[12.340s][info][gc,reloc    ] GC(73) Small Pages: 126 / 252M, Empty: 196M, Relocated: 1M, In-Place: 0
[12.340s][info][gc,reloc    ] GC(73) Medium Pages: 1 / 32M, Empty: 0M, Relocated: 0M, In-Place: 0
[12.340s][info][gc,reloc    ] GC(73) Large Pages: 1 / 6M, Empty: 0M, Relocated: 0M, In-Place: 0
[12.340s][info][gc,reloc    ] GC(73) Forwarding Usage: 0M
[12.340s][info][gc,heap     ] GC(73) Min Capacity: 1024M(100%)
[12.340s][info][gc,heap     ] GC(73) Max Capacity: 1024M(100%)
[12.340s][info][gc,heap     ] GC(73) Soft Max Capacity: 1024M(100%)
[12.340s][info][gc,heap     ] GC(73)                Mark Start          Mark End        Relocate Start      Relocate End           High               Low         
[12.340s][info][gc,heap     ] GC(73)  Capacity:     1024M (100%)       1024M (100%)       1024M (100%)       1024M (100%)       1024M (100%)       1024M (100%)   
[12.340s][info][gc,heap     ] GC(73)      Free:      734M (72%)         734M (72%)         930M (91%)         944M (92%)         944M (92%)         734M (72%)    
[12.340s][info][gc,heap     ] GC(73)      Used:      290M (28%)         290M (28%)          94M (9%)           80M (8%)          290M (28%)          80M (8%)     
[12.340s][info][gc,heap     ] GC(73)      Live:         -                44M (4%)           44M (4%)           44M (4%)             -                  -          
[12.340s][info][gc,heap     ] GC(73) Allocated:         -                 0M (0%)            0M (0%)            0M (0%)             -                  -          
[12.340s][info][gc,heap     ] GC(73)   Garbage:         -               245M (24%)          49M (5%)           35M (3%)             -                  -          
[12.340s][info][gc,heap     ] GC(73) Reclaimed:         -                  -               196M (19%)         210M (21%)            -                  -          
[12.340s][info][gc          ] GC(73) Garbage Collection (System.gc()) 290M(28%)->80M(8%)
[12.428s][info][gc,start    ] GC(74) Garbage Collection (System.gc())
[12.428s][info][gc,task     ] GC(74) Using 2 workers
[12.428s][info][gc,phases   ] GC(74) Pause Mark Start 0.013ms
[12.491s][info][gc,phases   ] GC(74) Concurrent Mark 63.038ms
[12.491s][info][gc,phases   ] GC(74) Pause Mark End 0.025ms
[12.491s][info][gc,phases   ] GC(74) Concurrent Mark Free 0.003ms
[12.494s][info][gc,phases   ] GC(74) Concurrent Process Non-Strong References 2.300ms
[12.494s][info][gc,phases   ] GC(74) Concurrent Reset Relocation Set 0.002ms
[12.495s][info][gc,phases   ] GC(74) Concurrent Select Relocation Set 1.553ms
[12.495s][info][gc,phases   ] GC(74) Pause Relocate Start 0.008ms
[12.497s][info][gc,phases   ] GC(74) Concurrent Relocate 1.048ms
[12.497s][info][gc,load     ] GC(74) Load: 0.00/0.00/0.00
[12.497s][info][gc,mmu      ] GC(74) MMU: 2ms/93.6%, 5ms/97.4%, 10ms/98.7%, 20ms/99.4%, 50ms/99.7%, 100ms/99.8%
[12.497s][info][gc,marking  ] GC(74) Mark: 2 stripe(s), 1 proactive flush(es), 1 terminate flush(es), 0 completion(s), 0 continuation(s) 
[12.497s][info][gc,marking  ] GC(74) Mark Stack Usage: 32M
[12.497s][info][gc,nmethod  ] GC(74) NMethods: 1990 registered, 444 unregistered
[12.497s][info][gc,metaspace] GC(74) Metaspace: 11M used, 11M committed, 1088M reserved
[12.497s][info][gc,ref      ] GC(74) Soft: 194 encountered, 0 discovered, 0 enqueued
[12.497s][info][gc,ref      ] GC(74) Weak: 764 encountered, 85 discovered, 0 enqueued
[12.497s][info][gc,ref      ] GC(74) Final: 0 encountered, 0 discovered, 0 enqueued
[12.497s][info][gc,ref      ] GC(74) Phantom: 41 encountered, 25 discovered, 0 enqueued
[12.497s][info][gc,reloc    ] GC(74) Small Pages: 125 / 250M, Empty: 194M, Relocated: 1M, In-Place: 0
[12.497s][info][gc,reloc    ] GC(74) Medium Pages: 1 / 32M, Empty: 0M, Relocated: 0M, In-Place: 0
[12.497s][info][gc,reloc    ] GC(74) Large Pages: 1 / 6M, Empty: 0M, Relocated: 0M, In-Place: 0
[12.497s][info][gc,reloc    ] GC(74) Forwarding Usage: 0M
[12.497s][info][gc,heap     ] GC(74) Min Capacity: 1024M(100%)
[12.497s][info][gc,heap     ] GC(74) Max Capacity: 1024M(100%)
[12.497s][info][gc,heap     ] GC(74) Soft Max Capacity: 1024M(100%)
[12.497s][info][gc,heap     ] GC(74)                Mark Start          Mark End        Relocate Start      Relocate End           High               Low         
[12.497s][info][gc,heap     ] GC(74)  Capacity:     1024M (100%)       1024M (100%)       1024M (100%)       1024M (100%)       1024M (100%)       1024M (100%)   
[12.497s][info][gc,heap     ] GC(74)      Free:      736M (72%)         736M (72%)         930M (91%)         944M (92%)         944M (92%)         736M (72%)    
[12.497s][info][gc,heap     ] GC(74)      Used:      288M (28%)         288M (28%)          94M (9%)           80M (8%)          288M (28%)          80M (8%)     
[12.497s][info][gc,heap     ] GC(74)      Live:         -                44M (4%)           44M (4%)           44M (4%)             -                  -          
[12.497s][info][gc,heap     ] GC(74) Allocated:         -                 0M (0%)            0M (0%)            0M (0%)             -                  -          
[12.497s][info][gc,heap     ] GC(74)   Garbage:         -               243M (24%)          49M (5%)           35M (3%)             -                  -          
[12.497s][info][gc,heap     ] GC(74) Reclaimed:         -                  -               194M (19%)         208M (20%)            -                  -          
[12.497s][info][gc          ] GC(74) Garbage Collection (System.gc()) 288M(28%)->80M(8%)
[12.584s][info][gc,start    ] GC(75) Garbage Collection (System.gc())
[12.584s][info][gc,task     ] GC(75) Using 2 workers
[12.584s][info][gc,phases   ] GC(75) Pause Mark Start 0.010ms
[12.633s][info][gc,phases   ] GC(75) Concurrent Mark 48.975ms
[12.634s][info][gc,phases   ] GC(75) Pause Mark End 0.033ms
[12.634s][info][gc,phases   ] GC(75) Concurrent Mark Free 0.003ms
[12.636s][info][gc,phases   ] GC(75) Concurrent Process Non-Strong References 1.895ms
[12.636s][info][gc,phases   ] GC(75) Concurrent Reset Relocation Set 0.001ms
[12.637s][info][gc,phases   ] GC(75) Concurrent Select Relocation Set 1.654ms
[12.637s][info][gc,phases   ] GC(75) Pause Relocate Start 0.008ms
[12.638s][info][gc,phases   ] GC(75) Concurrent Relocate 0.532ms
[12.638s][info][gc,load     ] GC(75) Load: 0.00/0.00/0.00
[12.638s][info][gc,mmu      ] GC(75) MMU: 2ms/93.6%, 5ms/97.4%, 10ms/98.7%, 20ms/99.4%, 50ms/99.7%, 100ms/99.8%
[12.638s][info][gc,marking  ] GC(75) Mark: 2 stripe(s), 1 proactive flush(es), 1 terminate flush(es), 0 completion(s), 0 continuation(s) 
[12.638s][info][gc,marking  ] GC(75) Mark Stack Usage: 32M
[12.638s][info][gc,nmethod  ] GC(75) NMethods: 1990 registered, 444 unregistered
[12.638s][info][gc,metaspace] GC(75) Metaspace: 11M used, 11M committed, 1088M reserved
[12.638s][info][gc,ref      ] GC(75) Soft: 194 encountered, 0 discovered, 0 enqueued
[12.638s][info][gc,ref      ] GC(75) Weak: 764 encountered, 252 discovered, 0 enqueued
[12.638s][info][gc,ref      ] GC(75) Final: 0 encountered, 0 discovered, 0 enqueued
[12.638s][info][gc,ref      ] GC(75) Phantom: 41 encountered, 33 discovered, 0 enqueued
[12.638s][info][gc,reloc    ] GC(75) Small Pages: 128 / 256M, Empty: 196M, Relocated: 1M, In-Place: 0
[12.638s][info][gc,reloc    ] GC(75) Medium Pages: 1 / 32M, Empty: 0M, Relocated: 0M, In-Place: 0
[12.638s][info][gc,reloc    ] GC(75) Large Pages: 1 / 6M, Empty: 0M, Relocated: 0M, In-Place: 0
[12.638s][info][gc,reloc    ] GC(75) Forwarding Usage: 0M
[12.638s][info][gc,heap     ] GC(75) Min Capacity: 1024M(100%)
[12.638s][info][gc,heap     ] GC(75) Max Capacity: 1024M(100%)
[12.638s][info][gc,heap     ] GC(75) Soft Max Capacity: 1024M(100%)
[12.638s][info][gc,heap     ] GC(75)                Mark Start          Mark End        Relocate Start      Relocate End           High               Low         
[12.638s][info][gc,heap     ] GC(75)  Capacity:     1024M (100%)       1024M (100%)       1024M (100%)       1024M (100%)       1024M (100%)       1024M (100%)   
[12.638s][info][gc,heap     ] GC(75)      Free:      730M (71%)         730M (71%)         926M (90%)         944M (92%)         944M (92%)         730M (71%)    
[12.638s][info][gc,heap     ] GC(75)      Used:      294M (29%)         294M (29%)          98M (10%)          80M (8%)          294M (29%)          80M (8%)     
[12.638s][info][gc,heap     ] GC(75)      Live:         -                44M (4%)           44M (4%)           44M (4%)             -                  -          
[12.638s][info][gc,heap     ] GC(75) Allocated:         -                 0M (0%)            0M (0%)            0M (0%)             -                  -          
[12.638s][info][gc,heap     ] GC(75)   Garbage:         -               249M (24%)          53M (5%)           35M (3%)             -                  -          
[12.638s][info][gc,heap     ] GC(75) Reclaimed:         -                  -               196M (19%)         214M (21%)            -                  -          
[12.638s][info][gc          ] GC(75) Garbage Collection (System.gc()) 294M(29%)->80M(8%)
[12.727s][info][gc,start    ] GC(76) Garbage Collection (System.gc())
[12.727s][info][gc,task     ] GC(76) Using 2 workers
[12.727s][info][gc,phases   ] GC(76) Pause Mark Start 0.065ms
[12.774s][info][gc,phases   ] GC(76) Concurrent Mark 47.460ms
[12.775s][info][gc,phases   ] GC(76) Pause Mark End 0.026ms
[12.775s][info][gc,phases   ] GC(76) Concurrent Mark Free 0.003ms
[12.777s][info][gc,phases   ] GC(76) Concurrent Process Non-Strong References 2.339ms
[12.777s][info][gc,phases   ] GC(76) Concurrent Reset Relocation Set 0.001ms
[12.779s][info][gc,phases   ] GC(76) Concurrent Select Relocation Set 1.611ms
[12.779s][info][gc,phases   ] GC(76) Pause Relocate Start 0.008ms
[12.780s][info][gc,phases   ] GC(76) Concurrent Relocate 0.534ms
[12.780s][info][gc,load     ] GC(76) Load: 0.00/0.00/0.00
[12.780s][info][gc,mmu      ] GC(76) MMU: 2ms/93.6%, 5ms/97.4%, 10ms/98.7%, 20ms/99.4%, 50ms/99.7%, 100ms/99.8%
[12.780s][info][gc,marking  ] GC(76) Mark: 2 stripe(s), 1 proactive flush(es), 1 terminate flush(es), 0 completion(s), 0 continuation(s) 
[12.780s][info][gc,marking  ] GC(76) Mark Stack Usage: 32M
[12.780s][info][gc,nmethod  ] GC(76) NMethods: 1990 registered, 445 unregistered
[12.780s][info][gc,metaspace] GC(76) Metaspace: 11M used, 11M committed, 1088M reserved
[12.780s][info][gc,ref      ] GC(76) Soft: 194 encountered, 0 discovered, 0 enqueued
[12.780s][info][gc,ref      ] GC(76) Weak: 764 encountered, 192 discovered, 0 enqueued
[12.780s][info][gc,ref      ] GC(76) Final: 0 encountered, 0 discovered, 0 enqueued
[12.780s][info][gc,ref      ] GC(76) Phantom: 41 encountered, 25 discovered, 0 enqueued
[12.780s][info][gc,reloc    ] GC(76) Small Pages: 125 / 250M, Empty: 194M, Relocated: 1M, In-Place: 0
[12.780s][info][gc,reloc    ] GC(76) Medium Pages: 1 / 32M, Empty: 0M, Relocated: 0M, In-Place: 0
[12.780s][info][gc,reloc    ] GC(76) Large Pages: 1 / 6M, Empty: 0M, Relocated: 0M, In-Place: 0
[12.780s][info][gc,reloc    ] GC(76) Forwarding Usage: 0M
[12.780s][info][gc,heap     ] GC(76) Min Capacity: 1024M(100%)
[12.780s][info][gc,heap     ] GC(76) Max Capacity: 1024M(100%)
[12.780s][info][gc,heap     ] GC(76) Soft Max Capacity: 1024M(100%)
[12.780s][info][gc,heap     ] GC(76)                Mark Start          Mark End        Relocate Start      Relocate End           High               Low         
[12.780s][info][gc,heap     ] GC(76)  Capacity:     1024M (100%)       1024M (100%)       1024M (100%)       1024M (100%)       1024M (100%)       1024M (100%)   
[12.780s][info][gc,heap     ] GC(76)      Free:      736M (72%)         736M (72%)         930M (91%)         944M (92%)         944M (92%)         736M (72%)    
[12.780s][info][gc,heap     ] GC(76)      Used:      288M (28%)         288M (28%)          94M (9%)           80M (8%)          288M (28%)          80M (8%)     
[12.780s][info][gc,heap     ] GC(76)      Live:         -                44M (4%)           44M (4%)           44M (4%)             -                  -          
[12.780s][info][gc,heap     ] GC(76) Allocated:         -                 0M (0%)            0M (0%)            0M (0%)             -                  -          
[12.780s][info][gc,heap     ] GC(76)   Garbage:         -               243M (24%)          49M (5%)           35M (3%)             -                  -          
[12.780s][info][gc,heap     ] GC(76) Reclaimed:         -                  -               194M (19%)         208M (20%)            -                  -          
[12.780s][info][gc          ] GC(76) Garbage Collection (System.gc()) 288M(28%)->80M(8%)
[12.866s][info][gc,start    ] GC(77) Garbage Collection (System.gc())
[12.866s][info][gc,task     ] GC(77) Using 2 workers
[12.866s][info][gc,phases   ] GC(77) Pause Mark Start 0.008ms
[12.916s][info][gc,phases   ] GC(77) Concurrent Mark 49.495ms
[12.916s][info][gc,phases   ] GC(77) Pause Mark End 0.021ms
[12.916s][info][gc,phases   ] GC(77) Concurrent Mark Free 0.003ms
[12.918s][info][gc,phases   ] GC(77) Concurrent Process Non-Strong References 2.198ms
[12.919s][info][gc,phases   ] GC(77) Concurrent Reset Relocation Set 0.001ms
[12.920s][info][gc,phases   ] GC(77) Concurrent Select Relocation Set 1.610ms
[12.920s][info][gc,phases   ] GC(77) Pause Relocate Start 0.008ms
[12.921s][info][gc,phases   ] GC(77) Concurrent Relocate 1.048ms
[12.921s][info][gc,load     ] GC(77) Load: 0.00/0.00/0.00
[12.921s][info][gc,mmu      ] GC(77) MMU: 2ms/93.6%, 5ms/97.4%, 10ms/98.7%, 20ms/99.4%, 50ms/99.7%, 100ms/99.8%
[12.921s][info][gc,marking  ] GC(77) Mark: 2 stripe(s), 1 proactive flush(es), 1 terminate flush(es), 0 completion(s), 0 continuation(s) 
[12.921s][info][gc,marking  ] GC(77) Mark Stack Usage: 32M
[12.921s][info][gc,nmethod  ] GC(77) NMethods: 1990 registered, 447 unregistered
[12.921s][info][gc,metaspace] GC(77) Metaspace: 11M used, 11M committed, 1088M reserved
[12.921s][info][gc,ref      ] GC(77) Soft: 194 encountered, 0 discovered, 0 enqueued
[12.921s][info][gc,ref      ] GC(77) Weak: 764 encountered, 227 discovered, 0 enqueued
[12.921s][info][gc,ref      ] GC(77) Final: 0 encountered, 0 discovered, 0 enqueued
[12.921s][info][gc,ref      ] GC(77) Phantom: 41 encountered, 26 discovered, 0 enqueued
[12.921s][info][gc,reloc    ] GC(77) Small Pages: 126 / 252M, Empty: 188M, Relocated: 1M, In-Place: 0
[12.921s][info][gc,reloc    ] GC(77) Medium Pages: 1 / 32M, Empty: 0M, Relocated: 0M, In-Place: 0
[12.921s][info][gc,reloc    ] GC(77) Large Pages: 1 / 6M, Empty: 0M, Relocated: 0M, In-Place: 0
[12.921s][info][gc,reloc    ] GC(77) Forwarding Usage: 0M
[12.921s][info][gc,heap     ] GC(77) Min Capacity: 1024M(100%)
[12.921s][info][gc,heap     ] GC(77) Max Capacity: 1024M(100%)
[12.921s][info][gc,heap     ] GC(77) Soft Max Capacity: 1024M(100%)
[12.922s][info][gc,heap     ] GC(77)                Mark Start          Mark End        Relocate Start      Relocate End           High               Low         
[12.922s][info][gc,heap     ] GC(77)  Capacity:     1024M (100%)       1024M (100%)       1024M (100%)       1024M (100%)       1024M (100%)       1024M (100%)   
[12.922s][info][gc,heap     ] GC(77)      Free:      734M (72%)         734M (72%)         922M (90%)         944M (92%)         944M (92%)         734M (72%)    
[12.922s][info][gc,heap     ] GC(77)      Used:      290M (28%)         290M (28%)         102M (10%)          80M (8%)          290M (28%)          80M (8%)     
[12.922s][info][gc,heap     ] GC(77)      Live:         -                44M (4%)           44M (4%)           44M (4%)             -                  -          
[12.922s][info][gc,heap     ] GC(77) Allocated:         -                 0M (0%)            0M (0%)            0M (0%)             -                  -          
[12.922s][info][gc,heap     ] GC(77)   Garbage:         -               245M (24%)          57M (6%)           35M (3%)             -                  -          
[12.922s][info][gc,heap     ] GC(77) Reclaimed:         -                  -               188M (18%)         210M (21%)            -                  -          
[12.922s][info][gc          ] GC(77) Garbage Collection (System.gc()) 290M(28%)->80M(8%)
[13.008s][info][gc,start    ] GC(78) Garbage Collection (System.gc())
[13.008s][info][gc,task     ] GC(78) Using 2 workers
[13.008s][info][gc,phases   ] GC(78) Pause Mark Start 0.010ms
[13.057s][info][gc,phases   ] GC(78) Concurrent Mark 48.623ms
[13.057s][info][gc,phases   ] GC(78) Pause Mark End 0.025ms
[13.057s][info][gc,phases   ] GC(78) Concurrent Mark Free 0.003ms
[13.060s][info][gc,phases   ] GC(78) Concurrent Process Non-Strong References 2.243ms
[13.060s][info][gc,phases   ] GC(78) Concurrent Reset Relocation Set 0.001ms
[13.061s][info][gc,phases   ] GC(78) Concurrent Select Relocation Set 1.514ms
[13.061s][info][gc,phases   ] GC(78) Pause Relocate Start 0.008ms
[13.062s][info][gc,phases   ] GC(78) Concurrent Relocate 0.814ms
[13.062s][info][gc,load     ] GC(78) Load: 0.00/0.00/0.00
[13.062s][info][gc,mmu      ] GC(78) MMU: 2ms/93.6%, 5ms/97.4%, 10ms/98.7%, 20ms/99.4%, 50ms/99.7%, 100ms/99.8%
[13.062s][info][gc,marking  ] GC(78) Mark: 2 stripe(s), 1 proactive flush(es), 1 terminate flush(es), 0 completion(s), 0 continuation(s) 
[13.062s][info][gc,marking  ] GC(78) Mark Stack Usage: 32M
[13.062s][info][gc,nmethod  ] GC(78) NMethods: 1990 registered, 449 unregistered
[13.062s][info][gc,metaspace] GC(78) Metaspace: 11M used, 11M committed, 1088M reserved
[13.062s][info][gc,ref      ] GC(78) Soft: 194 encountered, 0 discovered, 0 enqueued
[13.062s][info][gc,ref      ] GC(78) Weak: 764 encountered, 140 discovered, 0 enqueued
[13.062s][info][gc,ref      ] GC(78) Final: 0 encountered, 0 discovered, 0 enqueued
[13.062s][info][gc,ref      ] GC(78) Phantom: 41 encountered, 23 discovered, 0 enqueued
[13.062s][info][gc,reloc    ] GC(78) Small Pages: 126 / 252M, Empty: 194M, Relocated: 1M, In-Place: 0
[13.062s][info][gc,reloc    ] GC(78) Medium Pages: 1 / 32M, Empty: 0M, Relocated: 0M, In-Place: 0
[13.062s][info][gc,reloc    ] GC(78) Large Pages: 1 / 6M, Empty: 0M, Relocated: 0M, In-Place: 0
[13.062s][info][gc,reloc    ] GC(78) Forwarding Usage: 0M
[13.062s][info][gc,heap     ] GC(78) Min Capacity: 1024M(100%)
[13.062s][info][gc,heap     ] GC(78) Max Capacity: 1024M(100%)
[13.062s][info][gc,heap     ] GC(78) Soft Max Capacity: 1024M(100%)
[13.062s][info][gc,heap     ] GC(78)                Mark Start          Mark End        Relocate Start      Relocate End           High               Low         
[13.062s][info][gc,heap     ] GC(78)  Capacity:     1024M (100%)       1024M (100%)       1024M (100%)       1024M (100%)       1024M (100%)       1024M (100%)   
[13.062s][info][gc,heap     ] GC(78)      Free:      734M (72%)         734M (72%)         928M (91%)         944M (92%)         944M (92%)         734M (72%)    
[13.062s][info][gc,heap     ] GC(78)      Used:      290M (28%)         290M (28%)          96M (9%)           80M (8%)          290M (28%)          80M (8%)     
[13.062s][info][gc,heap     ] GC(78)      Live:         -                44M (4%)           44M (4%)           44M (4%)             -                  -          
[13.062s][info][gc,heap     ] GC(78) Allocated:         -                 0M (0%)            0M (0%)            0M (0%)             -                  -          
[13.062s][info][gc,heap     ] GC(78)   Garbage:         -               245M (24%)          51M (5%)           35M (3%)             -                  -          
[13.062s][info][gc,heap     ] GC(78) Reclaimed:         -                  -               194M (19%)         210M (21%)            -                  -          
[13.062s][info][gc          ] GC(78) Garbage Collection (System.gc()) 290M(28%)->80M(8%)
[13.149s][info][gc,start    ] GC(79) Garbage Collection (System.gc())
[13.149s][info][gc,task     ] GC(79) Using 2 workers
[13.149s][info][gc,phases   ] GC(79) Pause Mark Start 0.013ms
[13.198s][info][gc,phases   ] GC(79) Concurrent Mark 49.147ms
[13.198s][info][gc,phases   ] GC(79) Pause Mark End 0.012ms
[13.199s][info][gc,phases   ] GC(79) Concurrent Mark Free 0.002ms
[13.201s][info][gc,phases   ] GC(79) Concurrent Process Non-Strong References 2.014ms
[13.201s][info][gc,phases   ] GC(79) Concurrent Reset Relocation Set 0.001ms
[13.202s][info][gc,phases   ] GC(79) Concurrent Select Relocation Set 1.820ms
[13.203s][info][gc,phases   ] GC(79) Pause Relocate Start 0.008ms
[13.204s][info][gc,phases   ] GC(79) Concurrent Relocate 1.092ms
[13.204s][info][gc,load     ] GC(79) Load: 0.00/0.00/0.00
[13.204s][info][gc,mmu      ] GC(79) MMU: 2ms/93.6%, 5ms/97.4%, 10ms/98.7%, 20ms/99.4%, 50ms/99.7%, 100ms/99.8%
[13.204s][info][gc,marking  ] GC(79) Mark: 2 stripe(s), 1 proactive flush(es), 1 terminate flush(es), 0 completion(s), 0 continuation(s) 
[13.204s][info][gc,marking  ] GC(79) Mark Stack Usage: 32M
[13.204s][info][gc,nmethod  ] GC(79) NMethods: 1991 registered, 449 unregistered
[13.204s][info][gc,metaspace] GC(79) Metaspace: 11M used, 11M committed, 1088M reserved
[13.204s][info][gc,ref      ] GC(79) Soft: 194 encountered, 0 discovered, 0 enqueued
[13.204s][info][gc,ref      ] GC(79) Weak: 764 encountered, 263 discovered, 0 enqueued
[13.204s][info][gc,ref      ] GC(79) Final: 0 encountered, 0 discovered, 0 enqueued
[13.204s][info][gc,ref      ] GC(79) Phantom: 41 encountered, 28 discovered, 0 enqueued
[13.204s][info][gc,reloc    ] GC(79) Small Pages: 127 / 254M, Empty: 196M, Relocated: 1M, In-Place: 0
[13.204s][info][gc,reloc    ] GC(79) Medium Pages: 1 / 32M, Empty: 0M, Relocated: 0M, In-Place: 0
[13.204s][info][gc,reloc    ] GC(79) Large Pages: 1 / 6M, Empty: 0M, Relocated: 0M, In-Place: 0
[13.204s][info][gc,reloc    ] GC(79) Forwarding Usage: 0M
[13.204s][info][gc,heap     ] GC(79) Min Capacity: 1024M(100%)
[13.204s][info][gc,heap     ] GC(79) Max Capacity: 1024M(100%)
[13.204s][info][gc,heap     ] GC(79) Soft Max Capacity: 1024M(100%)
[13.204s][info][gc,heap     ] GC(79)                Mark Start          Mark End        Relocate Start      Relocate End           High               Low         
[13.204s][info][gc,heap     ] GC(79)  Capacity:     1024M (100%)       1024M (100%)       1024M (100%)       1024M (100%)       1024M (100%)       1024M (100%)   
[13.204s][info][gc,heap     ] GC(79)      Free:      732M (71%)         732M (71%)         928M (91%)         944M (92%)         944M (92%)         732M (71%)    
[13.204s][info][gc,heap     ] GC(79)      Used:      292M (29%)         292M (29%)          96M (9%)           80M (8%)          292M (29%)          80M (8%)     
[13.204s][info][gc,heap     ] GC(79)      Live:         -                44M (4%)           44M (4%)           44M (4%)             -                  -          
[13.204s][info][gc,heap     ] GC(79) Allocated:         -                 0M (0%)            0M (0%)            0M (0%)             -                  -          
[13.204s][info][gc,heap     ] GC(79)   Garbage:         -               247M (24%)          51M (5%)           35M (3%)             -                  -          
[13.204s][info][gc,heap     ] GC(79) Reclaimed:         -                  -               196M (19%)         212M (21%)            -                  -          
[13.204s][info][gc          ] GC(79) Garbage Collection (System.gc()) 292M(29%)->80M(8%)
[13.293s][info][gc,start    ] GC(80) Garbage Collection (System.gc())
[13.293s][info][gc,task     ] GC(80) Using 2 workers
[13.293s][info][gc,phases   ] GC(80) Pause Mark Start 0.017ms
[13.339s][info][gc,phases   ] GC(80) Concurrent Mark 46.244ms
[13.339s][info][gc,phases   ] GC(80) Pause Mark End 0.017ms
[13.340s][info][gc,phases   ] GC(80) Concurrent Mark Free 0.003ms
[13.342s][info][gc,phases   ] GC(80) Concurrent Process Non-Strong References 1.929ms
[13.342s][info][gc,phases   ] GC(80) Concurrent Reset Relocation Set 0.002ms
[13.343s][info][gc,phases   ] GC(80) Concurrent Select Relocation Set 1.502ms
[13.343s][info][gc,phases   ] GC(80) Pause Relocate Start 0.006ms
[13.344s][info][gc,phases   ] GC(80) Concurrent Relocate 0.523ms
[13.344s][info][gc,load     ] GC(80) Load: 0.00/0.00/0.00
[13.344s][info][gc,mmu      ] GC(80) MMU: 2ms/93.6%, 5ms/97.4%, 10ms/98.7%, 20ms/99.4%, 50ms/99.7%, 100ms/99.8%
[13.344s][info][gc,marking  ] GC(80) Mark: 2 stripe(s), 10 proactive flush(es), 1 terminate flush(es), 0 completion(s), 0 continuation(s) 
[13.344s][info][gc,marking  ] GC(80) Mark Stack Usage: 32M
[13.344s][info][gc,nmethod  ] GC(80) NMethods: 1993 registered, 449 unregistered
[13.344s][info][gc,metaspace] GC(80) Metaspace: 11M used, 11M committed, 1088M reserved
[13.344s][info][gc,ref      ] GC(80) Soft: 194 encountered, 0 discovered, 0 enqueued
[13.344s][info][gc,ref      ] GC(80) Weak: 764 encountered, 27 discovered, 0 enqueued
[13.344s][info][gc,ref      ] GC(80) Final: 0 encountered, 0 discovered, 0 enqueued
[13.344s][info][gc,ref      ] GC(80) Phantom: 41 encountered, 25 discovered, 0 enqueued
[13.344s][info][gc,reloc    ] GC(80) Small Pages: 126 / 252M, Empty: 196M, Relocated: 1M, In-Place: 0
[13.344s][info][gc,reloc    ] GC(80) Medium Pages: 1 / 32M, Empty: 0M, Relocated: 0M, In-Place: 0
[13.344s][info][gc,reloc    ] GC(80) Large Pages: 1 / 6M, Empty: 0M, Relocated: 0M, In-Place: 0
[13.344s][info][gc,reloc    ] GC(80) Forwarding Usage: 0M
[13.344s][info][gc,heap     ] GC(80) Min Capacity: 1024M(100%)
[13.344s][info][gc,heap     ] GC(80) Max Capacity: 1024M(100%)
[13.344s][info][gc,heap     ] GC(80) Soft Max Capacity: 1024M(100%)
[13.344s][info][gc,heap     ] GC(80)                Mark Start          Mark End        Relocate Start      Relocate End           High               Low         
[13.344s][info][gc,heap     ] GC(80)  Capacity:     1024M (100%)       1024M (100%)       1024M (100%)       1024M (100%)       1024M (100%)       1024M (100%)   
[13.344s][info][gc,heap     ] GC(80)      Free:      734M (72%)         734M (72%)         930M (91%)         944M (92%)         944M (92%)         734M (72%)    
[13.344s][info][gc,heap     ] GC(80)      Used:      290M (28%)         290M (28%)          94M (9%)           80M (8%)          290M (28%)          80M (8%)     
[13.344s][info][gc,heap     ] GC(80)      Live:         -                44M (4%)           44M (4%)           44M (4%)             -                  -          
[13.344s][info][gc,heap     ] GC(80) Allocated:         -                 0M (0%)            0M (0%)            0M (0%)             -                  -          
[13.344s][info][gc,heap     ] GC(80)   Garbage:         -               245M (24%)          49M (5%)           35M (3%)             -                  -          
[13.344s][info][gc,heap     ] GC(80) Reclaimed:         -                  -               196M (19%)         210M (21%)            -                  -          
[13.344s][info][gc          ] GC(80) Garbage Collection (System.gc()) 290M(28%)->80M(8%)
[13.431s][info][gc,start    ] GC(81) Garbage Collection (System.gc())
[13.431s][info][gc,task     ] GC(81) Using 2 workers
[13.431s][info][gc,phases   ] GC(81) Pause Mark Start 0.010ms
[13.481s][info][gc,phases   ] GC(81) Concurrent Mark 49.989ms
[13.481s][info][gc,phases   ] GC(81) Pause Mark End 0.020ms
[13.481s][info][gc,phases   ] GC(81) Concurrent Mark Free 0.002ms
[13.484s][info][gc,phases   ] GC(81) Concurrent Process Non-Strong References 2.131ms
[13.484s][info][gc,phases   ] GC(81) Concurrent Reset Relocation Set 0.001ms
[13.485s][info][gc,phases   ] GC(81) Concurrent Select Relocation Set 1.527ms
[13.485s][info][gc,phases   ] GC(81) Pause Relocate Start 0.008ms
[13.486s][info][gc,phases   ] GC(81) Concurrent Relocate 0.518ms
[13.486s][info][gc,load     ] GC(81) Load: 0.00/0.00/0.00
[13.486s][info][gc,mmu      ] GC(81) MMU: 2ms/93.6%, 5ms/97.4%, 10ms/98.7%, 20ms/99.4%, 50ms/99.7%, 100ms/99.8%
[13.486s][info][gc,marking  ] GC(81) Mark: 2 stripe(s), 1 proactive flush(es), 1 terminate flush(es), 0 completion(s), 0 continuation(s) 
[13.486s][info][gc,marking  ] GC(81) Mark Stack Usage: 32M
[13.486s][info][gc,nmethod  ] GC(81) NMethods: 1994 registered, 449 unregistered
[13.486s][info][gc,metaspace] GC(81) Metaspace: 11M used, 11M committed, 1088M reserved
[13.486s][info][gc,ref      ] GC(81) Soft: 194 encountered, 0 discovered, 0 enqueued
[13.486s][info][gc,ref      ] GC(81) Weak: 764 encountered, 27 discovered, 0 enqueued
[13.486s][info][gc,ref      ] GC(81) Final: 0 encountered, 0 discovered, 0 enqueued
[13.486s][info][gc,ref      ] GC(81) Phantom: 41 encountered, 24 discovered, 0 enqueued
[13.486s][info][gc,reloc    ] GC(81) Small Pages: 126 / 252M, Empty: 194M, Relocated: 1M, In-Place: 0
[13.486s][info][gc,reloc    ] GC(81) Medium Pages: 1 / 32M, Empty: 0M, Relocated: 0M, In-Place: 0
[13.486s][info][gc,reloc    ] GC(81) Large Pages: 1 / 6M, Empty: 0M, Relocated: 0M, In-Place: 0
[13.486s][info][gc,reloc    ] GC(81) Forwarding Usage: 0M
[13.486s][info][gc,heap     ] GC(81) Min Capacity: 1024M(100%)
[13.486s][info][gc,heap     ] GC(81) Max Capacity: 1024M(100%)
[13.486s][info][gc,heap     ] GC(81) Soft Max Capacity: 1024M(100%)
[13.486s][info][gc,heap     ] GC(81)                Mark Start          Mark End        Relocate Start      Relocate End           High               Low         
[13.486s][info][gc,heap     ] GC(81)  Capacity:     1024M (100%)       1024M (100%)       1024M (100%)       1024M (100%)       1024M (100%)       1024M (100%)   
[13.486s][info][gc,heap     ] GC(81)      Free:      734M (72%)         734M (72%)         928M (91%)         944M (92%)         944M (92%)         734M (72%)    
[13.486s][info][gc,heap     ] GC(81)      Used:      290M (28%)         290M (28%)          96M (9%)           80M (8%)          290M (28%)          80M (8%)     
[13.486s][info][gc,heap     ] GC(81)      Live:         -                44M (4%)           44M (4%)           44M (4%)             -                  -          
[13.486s][info][gc,heap     ] GC(81) Allocated:         -                 0M (0%)            0M (0%)            0M (0%)             -                  -          
[13.486s][info][gc,heap     ] GC(81)   Garbage:         -               245M (24%)          51M (5%)           35M (3%)             -                  -          
[13.486s][info][gc,heap     ] GC(81) Reclaimed:         -                  -               194M (19%)         210M (21%)            -                  -          
[13.486s][info][gc          ] GC(81) Garbage Collection (System.gc()) 290M(28%)->80M(8%)
[13.574s][info][gc,start    ] GC(82) Garbage Collection (System.gc())
[13.575s][info][gc,task     ] GC(82) Using 2 workers
[13.575s][info][gc,phases   ] GC(82) Pause Mark Start 0.011ms
[13.638s][info][gc,phases   ] GC(82) Concurrent Mark 63.241ms
[13.638s][info][gc,phases   ] GC(82) Pause Mark End 0.028ms
[13.638s][info][gc,phases   ] GC(82) Concurrent Mark Free 0.003ms
[13.642s][info][gc,phases   ] GC(82) Concurrent Process Non-Strong References 3.494ms
[13.642s][info][gc,phases   ] GC(82) Concurrent Reset Relocation Set 0.001ms
[13.643s][info][gc,phases   ] GC(82) Concurrent Select Relocation Set 1.534ms
[13.644s][info][gc,phases   ] GC(82) Pause Relocate Start 0.007ms
[13.644s][info][gc,phases   ] GC(82) Concurrent Relocate 0.520ms
[13.644s][info][gc,load     ] GC(82) Load: 0.00/0.00/0.00
[13.644s][info][gc,mmu      ] GC(82) MMU: 2ms/93.6%, 5ms/97.4%, 10ms/98.7%, 20ms/99.4%, 50ms/99.7%, 100ms/99.8%
[13.644s][info][gc,marking  ] GC(82) Mark: 2 stripe(s), 1 proactive flush(es), 1 terminate flush(es), 0 completion(s), 0 continuation(s) 
[13.644s][info][gc,marking  ] GC(82) Mark Stack Usage: 32M
[13.644s][info][gc,nmethod  ] GC(82) NMethods: 1994 registered, 451 unregistered
[13.644s][info][gc,metaspace] GC(82) Metaspace: 11M used, 11M committed, 1088M reserved
[13.644s][info][gc,ref      ] GC(82) Soft: 194 encountered, 0 discovered, 0 enqueued
[13.644s][info][gc,ref      ] GC(82) Weak: 764 encountered, 286 discovered, 0 enqueued
[13.644s][info][gc,ref      ] GC(82) Final: 0 encountered, 0 discovered, 0 enqueued
[13.644s][info][gc,ref      ] GC(82) Phantom: 41 encountered, 25 discovered, 0 enqueued
[13.644s][info][gc,reloc    ] GC(82) Small Pages: 125 / 250M, Empty: 196M, Relocated: 1M, In-Place: 0
[13.644s][info][gc,reloc    ] GC(82) Medium Pages: 1 / 32M, Empty: 0M, Relocated: 0M, In-Place: 0
[13.644s][info][gc,reloc    ] GC(82) Large Pages: 1 / 6M, Empty: 0M, Relocated: 0M, In-Place: 0
[13.644s][info][gc,reloc    ] GC(82) Forwarding Usage: 0M
[13.644s][info][gc,heap     ] GC(82) Min Capacity: 1024M(100%)
[13.644s][info][gc,heap     ] GC(82) Max Capacity: 1024M(100%)
[13.644s][info][gc,heap     ] GC(82) Soft Max Capacity: 1024M(100%)
[13.644s][info][gc,heap     ] GC(82)                Mark Start          Mark End        Relocate Start      Relocate End           High               Low         
[13.644s][info][gc,heap     ] GC(82)  Capacity:     1024M (100%)       1024M (100%)       1024M (100%)       1024M (100%)       1024M (100%)       1024M (100%)   
[13.644s][info][gc,heap     ] GC(82)      Free:      736M (72%)         736M (72%)         932M (91%)         944M (92%)         944M (92%)         736M (72%)    
[13.644s][info][gc,heap     ] GC(82)      Used:      288M (28%)         288M (28%)          92M (9%)           80M (8%)          288M (28%)          80M (8%)     
[13.644s][info][gc,heap     ] GC(82)      Live:         -                44M (4%)           44M (4%)           44M (4%)             -                  -          
[13.644s][info][gc,heap     ] GC(82) Allocated:         -                 0M (0%)            0M (0%)            0M (0%)             -                  -          
[13.644s][info][gc,heap     ] GC(82)   Garbage:         -               243M (24%)          47M (5%)           35M (3%)             -                  -          
[13.644s][info][gc,heap     ] GC(82) Reclaimed:         -                  -               196M (19%)         208M (20%)            -                  -          
[13.644s][info][gc          ] GC(82) Garbage Collection (System.gc()) 288M(28%)->80M(8%)
[13.731s][info][gc,start    ] GC(83) Garbage Collection (System.gc())
[13.731s][info][gc,task     ] GC(83) Using 2 workers
[13.731s][info][gc,phases   ] GC(83) Pause Mark Start 0.008ms
[13.779s][info][gc,phases   ] GC(83) Concurrent Mark 47.903ms
[13.780s][info][gc,phases   ] GC(83) Pause Mark End 0.025ms
[13.780s][info][gc,phases   ] GC(83) Concurrent Mark Free 0.003ms
[13.782s][info][gc,phases   ] GC(83) Concurrent Process Non-Strong References 2.397ms
[13.782s][info][gc,phases   ] GC(83) Concurrent Reset Relocation Set 0.002ms
[13.784s][info][gc,phases   ] GC(83) Concurrent Select Relocation Set 1.516ms
[13.784s][info][gc,phases   ] GC(83) Pause Relocate Start 0.008ms
[13.785s][info][gc,phases   ] GC(83) Concurrent Relocate 0.515ms
[13.785s][info][gc,load     ] GC(83) Load: 0.00/0.00/0.00
[13.785s][info][gc,mmu      ] GC(83) MMU: 2ms/93.6%, 5ms/97.4%, 10ms/98.7%, 20ms/99.4%, 50ms/99.7%, 100ms/99.8%
[13.785s][info][gc,marking  ] GC(83) Mark: 2 stripe(s), 1 proactive flush(es), 1 terminate flush(es), 0 completion(s), 0 continuation(s) 
[13.785s][info][gc,marking  ] GC(83) Mark Stack Usage: 32M
[13.785s][info][gc,nmethod  ] GC(83) NMethods: 1994 registered, 451 unregistered
[13.785s][info][gc,metaspace] GC(83) Metaspace: 11M used, 11M committed, 1088M reserved
[13.785s][info][gc,ref      ] GC(83) Soft: 194 encountered, 0 discovered, 0 enqueued
[13.785s][info][gc,ref      ] GC(83) Weak: 764 encountered, 147 discovered, 0 enqueued
[13.785s][info][gc,ref      ] GC(83) Final: 0 encountered, 0 discovered, 0 enqueued
[13.785s][info][gc,ref      ] GC(83) Phantom: 41 encountered, 27 discovered, 0 enqueued
[13.785s][info][gc,reloc    ] GC(83) Small Pages: 126 / 252M, Empty: 194M, Relocated: 1M, In-Place: 0
[13.785s][info][gc,reloc    ] GC(83) Medium Pages: 1 / 32M, Empty: 0M, Relocated: 0M, In-Place: 0
[13.785s][info][gc,reloc    ] GC(83) Large Pages: 1 / 6M, Empty: 0M, Relocated: 0M, In-Place: 0
[13.785s][info][gc,reloc    ] GC(83) Forwarding Usage: 0M
[13.785s][info][gc,heap     ] GC(83) Min Capacity: 1024M(100%)
[13.785s][info][gc,heap     ] GC(83) Max Capacity: 1024M(100%)
[13.785s][info][gc,heap     ] GC(83) Soft Max Capacity: 1024M(100%)
[13.785s][info][gc,heap     ] GC(83)                Mark Start          Mark End        Relocate Start      Relocate End           High               Low         
[13.785s][info][gc,heap     ] GC(83)  Capacity:     1024M (100%)       1024M (100%)       1024M (100%)       1024M (100%)       1024M (100%)       1024M (100%)   
[13.785s][info][gc,heap     ] GC(83)      Free:      734M (72%)         734M (72%)         928M (91%)         944M (92%)         944M (92%)         734M (72%)    
[13.785s][info][gc,heap     ] GC(83)      Used:      290M (28%)         290M (28%)          96M (9%)           80M (8%)          290M (28%)          80M (8%)     
[13.785s][info][gc,heap     ] GC(83)      Live:         -                44M (4%)           44M (4%)           44M (4%)             -                  -          
[13.785s][info][gc,heap     ] GC(83) Allocated:         -                 0M (0%)            0M (0%)            0M (0%)             -                  -          
[13.785s][info][gc,heap     ] GC(83)   Garbage:         -               245M (24%)          51M (5%)           35M (3%)             -                  -          
[13.785s][info][gc,heap     ] GC(83) Reclaimed:         -                  -               194M (19%)         210M (21%)            -                  -          
[13.785s][info][gc          ] GC(83) Garbage Collection (System.gc()) 290M(28%)->80M(8%)
[13.872s][info][gc,start    ] GC(84) Garbage Collection (System.gc())
[13.872s][info][gc,task     ] GC(84) Using 2 workers
[13.872s][info][gc,phases   ] GC(84) Pause Mark Start 0.011ms
[13.936s][info][gc,phases   ] GC(84) Concurrent Mark 63.673ms
[13.936s][info][gc,phases   ] GC(84) Pause Mark End 0.025ms
[13.936s][info][gc,phases   ] GC(84) Concurrent Mark Free 0.003ms
[13.939s][info][gc,phases   ] GC(84) Concurrent Process Non-Strong References 2.589ms
[13.939s][info][gc,phases   ] GC(84) Concurrent Reset Relocation Set 0.001ms
[13.941s][info][gc,phases   ] GC(84) Concurrent Select Relocation Set 1.560ms
[13.941s][info][gc,phases   ] GC(84) Pause Relocate Start 0.006ms
[13.941s][info][gc,phases   ] GC(84) Concurrent Relocate 0.501ms
[13.941s][info][gc,load     ] GC(84) Load: 0.00/0.00/0.00
[13.941s][info][gc,mmu      ] GC(84) MMU: 2ms/93.6%, 5ms/97.4%, 10ms/98.7%, 20ms/99.4%, 50ms/99.7%, 100ms/99.8%
[13.941s][info][gc,marking  ] GC(84) Mark: 2 stripe(s), 2 proactive flush(es), 1 terminate flush(es), 0 completion(s), 0 continuation(s) 
[13.941s][info][gc,marking  ] GC(84) Mark Stack Usage: 32M
[13.941s][info][gc,nmethod  ] GC(84) NMethods: 1994 registered, 451 unregistered
[13.941s][info][gc,metaspace] GC(84) Metaspace: 11M used, 11M committed, 1088M reserved
[13.941s][info][gc,ref      ] GC(84) Soft: 194 encountered, 0 discovered, 0 enqueued
[13.941s][info][gc,ref      ] GC(84) Weak: 764 encountered, 85 discovered, 0 enqueued
[13.941s][info][gc,ref      ] GC(84) Final: 0 encountered, 0 discovered, 0 enqueued
[13.941s][info][gc,ref      ] GC(84) Phantom: 41 encountered, 25 discovered, 0 enqueued
[13.941s][info][gc,reloc    ] GC(84) Small Pages: 126 / 252M, Empty: 196M, Relocated: 1M, In-Place: 0
[13.941s][info][gc,reloc    ] GC(84) Medium Pages: 1 / 32M, Empty: 0M, Relocated: 0M, In-Place: 0
[13.941s][info][gc,reloc    ] GC(84) Large Pages: 1 / 6M, Empty: 0M, Relocated: 0M, In-Place: 0
[13.941s][info][gc,reloc    ] GC(84) Forwarding Usage: 0M
[13.941s][info][gc,heap     ] GC(84) Min Capacity: 1024M(100%)
[13.941s][info][gc,heap     ] GC(84) Max Capacity: 1024M(100%)
[13.941s][info][gc,heap     ] GC(84) Soft Max Capacity: 1024M(100%)
[13.941s][info][gc,heap     ] GC(84)                Mark Start          Mark End        Relocate Start      Relocate End           High               Low         
[13.941s][info][gc,heap     ] GC(84)  Capacity:     1024M (100%)       1024M (100%)       1024M (100%)       1024M (100%)       1024M (100%)       1024M (100%)   
[13.941s][info][gc,heap     ] GC(84)      Free:      734M (72%)         734M (72%)         930M (91%)         944M (92%)         944M (92%)         734M (72%)    
[13.941s][info][gc,heap     ] GC(84)      Used:      290M (28%)         290M (28%)          94M (9%)           80M (8%)          290M (28%)          80M (8%)     
[13.941s][info][gc,heap     ] GC(84)      Live:         -                44M (4%)           44M (4%)           44M (4%)             -                  -          
[13.941s][info][gc,heap     ] GC(84) Allocated:         -                 0M (0%)            0M (0%)            0M (0%)             -                  -          
[13.941s][info][gc,heap     ] GC(84)   Garbage:         -               245M (24%)          49M (5%)           35M (3%)             -                  -          
[13.941s][info][gc,heap     ] GC(84) Reclaimed:         -                  -               196M (19%)         210M (21%)            -                  -          
[13.942s][info][gc          ] GC(84) Garbage Collection (System.gc()) 290M(28%)->80M(8%)
[14.028s][info][gc,start    ] GC(85) Garbage Collection (System.gc())
[14.028s][info][gc,task     ] GC(85) Using 2 workers
[14.028s][info][gc,phases   ] GC(85) Pause Mark Start 0.007ms
[14.078s][info][gc,phases   ] GC(85) Concurrent Mark 49.341ms
[14.078s][info][gc,phases   ] GC(85) Pause Mark End 0.023ms
[14.078s][info][gc,phases   ] GC(85) Concurrent Mark Free 0.004ms
[14.080s][info][gc,phases   ] GC(85) Concurrent Process Non-Strong References 2.371ms
[14.080s][info][gc,phases   ] GC(85) Concurrent Reset Relocation Set 0.001ms
[14.082s][info][gc,phases   ] GC(85) Concurrent Select Relocation Set 1.684ms
[14.082s][info][gc,phases   ] GC(85) Pause Relocate Start 0.008ms
[14.083s][info][gc,phases   ] GC(85) Concurrent Relocate 0.520ms
[14.083s][info][gc,load     ] GC(85) Load: 0.00/0.00/0.00
[14.083s][info][gc,mmu      ] GC(85) MMU: 2ms/93.6%, 5ms/97.4%, 10ms/98.7%, 20ms/99.4%, 50ms/99.7%, 100ms/99.8%
[14.083s][info][gc,marking  ] GC(85) Mark: 2 stripe(s), 1 proactive flush(es), 1 terminate flush(es), 0 completion(s), 0 continuation(s) 
[14.083s][info][gc,marking  ] GC(85) Mark Stack Usage: 32M
[14.083s][info][gc,nmethod  ] GC(85) NMethods: 1994 registered, 451 unregistered
[14.083s][info][gc,metaspace] GC(85) Metaspace: 11M used, 11M committed, 1088M reserved
[14.083s][info][gc,ref      ] GC(85) Soft: 194 encountered, 0 discovered, 0 enqueued
[14.083s][info][gc,ref      ] GC(85) Weak: 764 encountered, 278 discovered, 0 enqueued
[14.083s][info][gc,ref      ] GC(85) Final: 0 encountered, 0 discovered, 0 enqueued
[14.083s][info][gc,ref      ] GC(85) Phantom: 41 encountered, 27 discovered, 0 enqueued
[14.083s][info][gc,reloc    ] GC(85) Small Pages: 127 / 254M, Empty: 198M, Relocated: 1M, In-Place: 0
[14.083s][info][gc,reloc    ] GC(85) Medium Pages: 1 / 32M, Empty: 0M, Relocated: 0M, In-Place: 0
[14.083s][info][gc,reloc    ] GC(85) Large Pages: 1 / 6M, Empty: 0M, Relocated: 0M, In-Place: 0
[14.083s][info][gc,reloc    ] GC(85) Forwarding Usage: 0M
[14.083s][info][gc,heap     ] GC(85) Min Capacity: 1024M(100%)
[14.083s][info][gc,heap     ] GC(85) Max Capacity: 1024M(100%)
[14.083s][info][gc,heap     ] GC(85) Soft Max Capacity: 1024M(100%)
[14.083s][info][gc,heap     ] GC(85)                Mark Start          Mark End        Relocate Start      Relocate End           High               Low         
[14.083s][info][gc,heap     ] GC(85)  Capacity:     1024M (100%)       1024M (100%)       1024M (100%)       1024M (100%)       1024M (100%)       1024M (100%)   
[14.083s][info][gc,heap     ] GC(85)      Free:      732M (71%)         732M (71%)         930M (91%)         944M (92%)         944M (92%)         732M (71%)    
[14.083s][info][gc,heap     ] GC(85)      Used:      292M (29%)         292M (29%)          94M (9%)           80M (8%)          292M (29%)          80M (8%)     
[14.083s][info][gc,heap     ] GC(85)      Live:         -                44M (4%)           44M (4%)           44M (4%)             -                  -          
[14.083s][info][gc,heap     ] GC(85) Allocated:         -                 0M (0%)            0M (0%)            0M (0%)             -                  -          
[14.083s][info][gc,heap     ] GC(85)   Garbage:         -               247M (24%)          49M (5%)           35M (3%)             -                  -          
[14.083s][info][gc,heap     ] GC(85) Reclaimed:         -                  -               198M (19%)         212M (21%)            -                  -          
[14.083s][info][gc          ] GC(85) Garbage Collection (System.gc()) 292M(29%)->80M(8%)
[14.170s][info][gc,start    ] GC(86) Garbage Collection (System.gc())
[14.170s][info][gc,task     ] GC(86) Using 2 workers
[14.170s][info][gc,phases   ] GC(86) Pause Mark Start 0.011ms
[14.219s][info][gc,phases   ] GC(86) Concurrent Mark 48.857ms
[14.219s][info][gc,phases   ] GC(86) Pause Mark End 0.027ms
[14.219s][info][gc,phases   ] GC(86) Concurrent Mark Free 0.004ms
[14.222s][info][gc,phases   ] GC(86) Concurrent Process Non-Strong References 2.358ms
[14.222s][info][gc,phases   ] GC(86) Concurrent Reset Relocation Set 0.002ms
[14.224s][info][gc,phases   ] GC(86) Concurrent Select Relocation Set 1.908ms
[14.224s][info][gc,phases   ] GC(86) Pause Relocate Start 0.008ms
[14.224s][info][gc,phases   ] GC(86) Concurrent Relocate 0.623ms
[14.224s][info][gc,load     ] GC(86) Load: 0.00/0.00/0.00
[14.224s][info][gc,mmu      ] GC(86) MMU: 2ms/93.6%, 5ms/97.4%, 10ms/98.7%, 20ms/99.4%, 50ms/99.7%, 100ms/99.8%
[14.224s][info][gc,marking  ] GC(86) Mark: 2 stripe(s), 1 proactive flush(es), 1 terminate flush(es), 0 completion(s), 0 continuation(s) 
[14.224s][info][gc,marking  ] GC(86) Mark Stack Usage: 32M
[14.224s][info][gc,nmethod  ] GC(86) NMethods: 1998 registered, 451 unregistered
[14.224s][info][gc,metaspace] GC(86) Metaspace: 11M used, 11M committed, 1088M reserved
[14.224s][info][gc,ref      ] GC(86) Soft: 194 encountered, 0 discovered, 0 enqueued
[14.224s][info][gc,ref      ] GC(86) Weak: 764 encountered, 49 discovered, 0 enqueued
[14.224s][info][gc,ref      ] GC(86) Final: 0 encountered, 0 discovered, 0 enqueued
[14.224s][info][gc,ref      ] GC(86) Phantom: 41 encountered, 23 discovered, 0 enqueued
[14.224s][info][gc,reloc    ] GC(86) Small Pages: 127 / 254M, Empty: 196M, Relocated: 1M, In-Place: 0
[14.224s][info][gc,reloc    ] GC(86) Medium Pages: 1 / 32M, Empty: 0M, Relocated: 0M, In-Place: 0
[14.224s][info][gc,reloc    ] GC(86) Large Pages: 1 / 6M, Empty: 0M, Relocated: 0M, In-Place: 0
[14.224s][info][gc,reloc    ] GC(86) Forwarding Usage: 0M
[14.224s][info][gc,heap     ] GC(86) Min Capacity: 1024M(100%)
[14.224s][info][gc,heap     ] GC(86) Max Capacity: 1024M(100%)
[14.224s][info][gc,heap     ] GC(86) Soft Max Capacity: 1024M(100%)
[14.224s][info][gc,heap     ] GC(86)                Mark Start          Mark End        Relocate Start      Relocate End           High               Low         
[14.224s][info][gc,heap     ] GC(86)  Capacity:     1024M (100%)       1024M (100%)       1024M (100%)       1024M (100%)       1024M (100%)       1024M (100%)   
[14.224s][info][gc,heap     ] GC(86)      Free:      732M (71%)         732M (71%)         928M (91%)         944M (92%)         944M (92%)         732M (71%)    
[14.224s][info][gc,heap     ] GC(86)      Used:      292M (29%)         292M (29%)          96M (9%)           80M (8%)          292M (29%)          80M (8%)     
[14.224s][info][gc,heap     ] GC(86)      Live:         -                44M (4%)           44M (4%)           44M (4%)             -                  -          
[14.224s][info][gc,heap     ] GC(86) Allocated:         -                 0M (0%)            0M (0%)            0M (0%)             -                  -          
[14.225s][info][gc,heap     ] GC(86)   Garbage:         -               247M (24%)          51M (5%)           35M (3%)             -                  -          
[14.225s][info][gc,heap     ] GC(86) Reclaimed:         -                  -               196M (19%)         212M (21%)            -                  -          
[14.225s][info][gc          ] GC(86) Garbage Collection (System.gc()) 292M(29%)->80M(8%)
[14.311s][info][gc,start    ] GC(87) Garbage Collection (System.gc())
[14.311s][info][gc,task     ] GC(87) Using 2 workers
[14.311s][info][gc,phases   ] GC(87) Pause Mark Start 0.010ms
[14.360s][info][gc,phases   ] GC(87) Concurrent Mark 49.522ms
[14.361s][info][gc,phases   ] GC(87) Pause Mark End 0.026ms
[14.361s][info][gc,phases   ] GC(87) Concurrent Mark Free 0.003ms
[14.363s][info][gc,phases   ] GC(87) Concurrent Process Non-Strong References 2.591ms
[14.364s][info][gc,phases   ] GC(87) Concurrent Reset Relocation Set 0.001ms
[14.365s][info][gc,phases   ] GC(87) Concurrent Select Relocation Set 1.534ms
[14.365s][info][gc,phases   ] GC(87) Pause Relocate Start 0.008ms
[14.366s][info][gc,phases   ] GC(87) Concurrent Relocate 0.522ms
[14.366s][info][gc,load     ] GC(87) Load: 0.00/0.00/0.00
[14.366s][info][gc,mmu      ] GC(87) MMU: 2ms/93.6%, 5ms/97.4%, 10ms/98.7%, 20ms/99.4%, 50ms/99.7%, 100ms/99.8%
[14.366s][info][gc,marking  ] GC(87) Mark: 2 stripe(s), 2 proactive flush(es), 1 terminate flush(es), 0 completion(s), 0 continuation(s) 
[14.366s][info][gc,marking  ] GC(87) Mark Stack Usage: 32M
[14.366s][info][gc,nmethod  ] GC(87) NMethods: 1998 registered, 452 unregistered
[14.366s][info][gc,metaspace] GC(87) Metaspace: 11M used, 11M committed, 1088M reserved
[14.366s][info][gc,ref      ] GC(87) Soft: 194 encountered, 0 discovered, 0 enqueued
[14.366s][info][gc,ref      ] GC(87) Weak: 764 encountered, 28 discovered, 0 enqueued
[14.366s][info][gc,ref      ] GC(87) Final: 0 encountered, 0 discovered, 0 enqueued
[14.366s][info][gc,ref      ] GC(87) Phantom: 41 encountered, 20 discovered, 0 enqueued
[14.366s][info][gc,reloc    ] GC(87) Small Pages: 126 / 252M, Empty: 192M, Relocated: 1M, In-Place: 0
[14.366s][info][gc,reloc    ] GC(87) Medium Pages: 1 / 32M, Empty: 0M, Relocated: 0M, In-Place: 0
[14.366s][info][gc,reloc    ] GC(87) Large Pages: 1 / 6M, Empty: 0M, Relocated: 0M, In-Place: 0
[14.366s][info][gc,reloc    ] GC(87) Forwarding Usage: 0M
[14.366s][info][gc,heap     ] GC(87) Min Capacity: 1024M(100%)
[14.366s][info][gc,heap     ] GC(87) Max Capacity: 1024M(100%)
[14.366s][info][gc,heap     ] GC(87) Soft Max Capacity: 1024M(100%)
[14.366s][info][gc,heap     ] GC(87)                Mark Start          Mark End        Relocate Start      Relocate End           High               Low         
[14.366s][info][gc,heap     ] GC(87)  Capacity:     1024M (100%)       1024M (100%)       1024M (100%)       1024M (100%)       1024M (100%)       1024M (100%)   
[14.366s][info][gc,heap     ] GC(87)      Free:      734M (72%)         734M (72%)         926M (90%)         944M (92%)         944M (92%)         734M (72%)    
[14.366s][info][gc,heap     ] GC(87)      Used:      290M (28%)         290M (28%)          98M (10%)          80M (8%)          290M (28%)          80M (8%)     
[14.366s][info][gc,heap     ] GC(87)      Live:         -                44M (4%)           44M (4%)           44M (4%)             -                  -          
[14.366s][info][gc,heap     ] GC(87) Allocated:         -                 0M (0%)            0M (0%)            0M (0%)             -                  -          
[14.366s][info][gc,heap     ] GC(87)   Garbage:         -               245M (24%)          53M (5%)           35M (3%)             -                  -          
[14.366s][info][gc,heap     ] GC(87) Reclaimed:         -                  -               192M (19%)         210M (21%)            -                  -          
[14.366s][info][gc          ] GC(87) Garbage Collection (System.gc()) 290M(28%)->80M(8%)
[14.454s][info][gc,start    ] GC(88) Garbage Collection (System.gc())
[14.454s][info][gc,task     ] GC(88) Using 2 workers
[14.454s][info][gc,phases   ] GC(88) Pause Mark Start 0.011ms
[14.502s][info][gc,phases   ] GC(88) Concurrent Mark 47.730ms
[14.502s][info][gc,phases   ] GC(88) Pause Mark End 0.026ms
[14.502s][info][gc,phases   ] GC(88) Concurrent Mark Free 0.003ms
[14.505s][info][gc,phases   ] GC(88) Concurrent Process Non-Strong References 2.199ms
[14.505s][info][gc,phases   ] GC(88) Concurrent Reset Relocation Set 0.001ms
[14.506s][info][gc,phases   ] GC(88) Concurrent Select Relocation Set 1.564ms
[14.506s][info][gc,phases   ] GC(88) Pause Relocate Start 0.008ms
[14.507s][info][gc,phases   ] GC(88) Concurrent Relocate 1.039ms
[14.507s][info][gc,load     ] GC(88) Load: 0.00/0.00/0.00
[14.507s][info][gc,mmu      ] GC(88) MMU: 2ms/93.6%, 5ms/97.4%, 10ms/98.7%, 20ms/99.4%, 50ms/99.7%, 100ms/99.8%
[14.507s][info][gc,marking  ] GC(88) Mark: 2 stripe(s), 4 proactive flush(es), 1 terminate flush(es), 0 completion(s), 0 continuation(s) 
[14.507s][info][gc,marking  ] GC(88) Mark Stack Usage: 32M
[14.507s][info][gc,nmethod  ] GC(88) NMethods: 1998 registered, 452 unregistered
[14.507s][info][gc,metaspace] GC(88) Metaspace: 11M used, 11M committed, 1088M reserved
[14.507s][info][gc,ref      ] GC(88) Soft: 194 encountered, 0 discovered, 0 enqueued
[14.507s][info][gc,ref      ] GC(88) Weak: 764 encountered, 76 discovered, 0 enqueued
[14.507s][info][gc,ref      ] GC(88) Final: 0 encountered, 0 discovered, 0 enqueued
[14.507s][info][gc,ref      ] GC(88) Phantom: 41 encountered, 27 discovered, 0 enqueued
[14.507s][info][gc,reloc    ] GC(88) Small Pages: 125 / 250M, Empty: 194M, Relocated: 1M, In-Place: 0
[14.507s][info][gc,reloc    ] GC(88) Medium Pages: 1 / 32M, Empty: 0M, Relocated: 0M, In-Place: 0
[14.507s][info][gc,reloc    ] GC(88) Large Pages: 1 / 6M, Empty: 0M, Relocated: 0M, In-Place: 0
[14.507s][info][gc,reloc    ] GC(88) Forwarding Usage: 0M
[14.508s][info][gc,heap     ] GC(88) Min Capacity: 1024M(100%)
[14.508s][info][gc,heap     ] GC(88) Max Capacity: 1024M(100%)
[14.508s][info][gc,heap     ] GC(88) Soft Max Capacity: 1024M(100%)
[14.508s][info][gc,heap     ] GC(88)                Mark Start          Mark End        Relocate Start      Relocate End           High               Low         
[14.508s][info][gc,heap     ] GC(88)  Capacity:     1024M (100%)       1024M (100%)       1024M (100%)       1024M (100%)       1024M (100%)       1024M (100%)   
[14.508s][info][gc,heap     ] GC(88)      Free:      736M (72%)         736M (72%)         930M (91%)         944M (92%)         944M (92%)         736M (72%)    
[14.508s][info][gc,heap     ] GC(88)      Used:      288M (28%)         288M (28%)          94M (9%)           80M (8%)          288M (28%)          80M (8%)     
[14.508s][info][gc,heap     ] GC(88)      Live:         -                44M (4%)           44M (4%)           44M (4%)             -                  -          
[14.508s][info][gc,heap     ] GC(88) Allocated:         -                 0M (0%)            0M (0%)            0M (0%)             -                  -          
[14.508s][info][gc,heap     ] GC(88)   Garbage:         -               243M (24%)          49M (5%)           35M (3%)             -                  -          
[14.508s][info][gc,heap     ] GC(88) Reclaimed:         -                  -               194M (19%)         208M (20%)            -                  -          
[14.508s][info][gc          ] GC(88) Garbage Collection (System.gc()) 288M(28%)->80M(8%)
[14.595s][info][gc,start    ] GC(89) Garbage Collection (System.gc())
[14.595s][info][gc,task     ] GC(89) Using 2 workers
[14.595s][info][gc,phases   ] GC(89) Pause Mark Start 0.011ms
[14.643s][info][gc,phases   ] GC(89) Concurrent Mark 47.783ms
[14.644s][info][gc,phases   ] GC(89) Pause Mark End 0.035ms
[14.644s][info][gc,phases   ] GC(89) Concurrent Mark Free 0.003ms
[14.646s][info][gc,phases   ] GC(89) Concurrent Process Non-Strong References 1.865ms
[14.646s][info][gc,phases   ] GC(89) Concurrent Reset Relocation Set 0.001ms
[14.647s][info][gc,phases   ] GC(89) Concurrent Select Relocation Set 1.660ms
[14.647s][info][gc,phases   ] GC(89) Pause Relocate Start 0.008ms
[14.648s][info][gc,phases   ] GC(89) Concurrent Relocate 0.902ms
[14.648s][info][gc,load     ] GC(89) Load: 0.00/0.00/0.00
[14.648s][info][gc,mmu      ] GC(89) MMU: 2ms/93.6%, 5ms/97.4%, 10ms/98.7%, 20ms/99.4%, 50ms/99.7%, 100ms/99.8%
[14.648s][info][gc,marking  ] GC(89) Mark: 2 stripe(s), 1 proactive flush(es), 1 terminate flush(es), 0 completion(s), 0 continuation(s) 
[14.648s][info][gc,marking  ] GC(89) Mark Stack Usage: 32M
[14.648s][info][gc,nmethod  ] GC(89) NMethods: 1998 registered, 452 unregistered
[14.648s][info][gc,metaspace] GC(89) Metaspace: 11M used, 11M committed, 1088M reserved
[14.648s][info][gc,ref      ] GC(89) Soft: 194 encountered, 0 discovered, 0 enqueued
[14.648s][info][gc,ref      ] GC(89) Weak: 764 encountered, 166 discovered, 0 enqueued
[14.648s][info][gc,ref      ] GC(89) Final: 0 encountered, 0 discovered, 0 enqueued
[14.648s][info][gc,ref      ] GC(89) Phantom: 41 encountered, 30 discovered, 0 enqueued
[14.648s][info][gc,reloc    ] GC(89) Small Pages: 126 / 252M, Empty: 196M, Relocated: 1M, In-Place: 0
[14.648s][info][gc,reloc    ] GC(89) Medium Pages: 1 / 32M, Empty: 0M, Relocated: 0M, In-Place: 0
[14.648s][info][gc,reloc    ] GC(89) Large Pages: 1 / 6M, Empty: 0M, Relocated: 0M, In-Place: 0
[14.648s][info][gc,reloc    ] GC(89) Forwarding Usage: 0M
[14.648s][info][gc,heap     ] GC(89) Min Capacity: 1024M(100%)
[14.649s][info][gc,heap     ] GC(89) Max Capacity: 1024M(100%)
[14.649s][info][gc,heap     ] GC(89) Soft Max Capacity: 1024M(100%)
[14.649s][info][gc,heap     ] GC(89)                Mark Start          Mark End        Relocate Start      Relocate End           High               Low         
[14.649s][info][gc,heap     ] GC(89)  Capacity:     1024M (100%)       1024M (100%)       1024M (100%)       1024M (100%)       1024M (100%)       1024M (100%)   
[14.649s][info][gc,heap     ] GC(89)      Free:      734M (72%)         734M (72%)         930M (91%)         944M (92%)         944M (92%)         734M (72%)    
[14.649s][info][gc,heap     ] GC(89)      Used:      290M (28%)         290M (28%)          94M (9%)           80M (8%)          290M (28%)          80M (8%)     
[14.649s][info][gc,heap     ] GC(89)      Live:         -                44M (4%)           44M (4%)           44M (4%)             -                  -          
[14.649s][info][gc,heap     ] GC(89) Allocated:         -                 0M (0%)            0M (0%)            0M (0%)             -                  -          
[14.649s][info][gc,heap     ] GC(89)   Garbage:         -               245M (24%)          49M (5%)           35M (3%)             -                  -          
[14.649s][info][gc,heap     ] GC(89) Reclaimed:         -                  -               196M (19%)         210M (21%)            -                  -          
[14.649s][info][gc          ] GC(89) Garbage Collection (System.gc()) 290M(28%)->80M(8%)
[14.736s][info][gc,start    ] GC(90) Garbage Collection (System.gc())
[14.736s][info][gc,task     ] GC(90) Using 2 workers
[14.736s][info][gc,phases   ] GC(90) Pause Mark Start 0.011ms
[14.784s][info][gc,phases   ] GC(90) Concurrent Mark 47.933ms
[14.784s][info][gc,phases   ] GC(90) Pause Mark End 0.025ms
[14.785s][info][gc,phases   ] GC(90) Concurrent Mark Free 0.003ms
[14.787s][info][gc,phases   ] GC(90) Concurrent Process Non-Strong References 2.098ms
[14.787s][info][gc,phases   ] GC(90) Concurrent Reset Relocation Set 0.001ms
[14.789s][info][gc,phases   ] GC(90) Concurrent Select Relocation Set 1.692ms
[14.789s][info][gc,phases   ] GC(90) Pause Relocate Start 0.008ms
[14.790s][info][gc,phases   ] GC(90) Concurrent Relocate 0.844ms
[14.790s][info][gc,load     ] GC(90) Load: 0.00/0.00/0.00
[14.790s][info][gc,mmu      ] GC(90) MMU: 2ms/93.6%, 5ms/97.4%, 10ms/98.7%, 20ms/99.4%, 50ms/99.7%, 100ms/99.8%
[14.790s][info][gc,marking  ] GC(90) Mark: 2 stripe(s), 1 proactive flush(es), 1 terminate flush(es), 0 completion(s), 0 continuation(s) 
[14.790s][info][gc,marking  ] GC(90) Mark Stack Usage: 32M
[14.790s][info][gc,nmethod  ] GC(90) NMethods: 1998 registered, 452 unregistered
[14.790s][info][gc,metaspace] GC(90) Metaspace: 11M used, 11M committed, 1088M reserved
[14.790s][info][gc,ref      ] GC(90) Soft: 194 encountered, 0 discovered, 0 enqueued
[14.790s][info][gc,ref      ] GC(90) Weak: 764 encountered, 128 discovered, 0 enqueued
[14.790s][info][gc,ref      ] GC(90) Final: 0 encountered, 0 discovered, 0 enqueued
[14.790s][info][gc,ref      ] GC(90) Phantom: 41 encountered, 25 discovered, 0 enqueued
[14.790s][info][gc,reloc    ] GC(90) Small Pages: 126 / 252M, Empty: 198M, Relocated: 1M, In-Place: 0
[14.790s][info][gc,reloc    ] GC(90) Medium Pages: 1 / 32M, Empty: 0M, Relocated: 0M, In-Place: 0
[14.790s][info][gc,reloc    ] GC(90) Large Pages: 1 / 6M, Empty: 0M, Relocated: 0M, In-Place: 0
[14.790s][info][gc,reloc    ] GC(90) Forwarding Usage: 0M
[14.790s][info][gc,heap     ] GC(90) Min Capacity: 1024M(100%)
[14.790s][info][gc,heap     ] GC(90) Max Capacity: 1024M(100%)
[14.790s][info][gc,heap     ] GC(90) Soft Max Capacity: 1024M(100%)
[14.790s][info][gc,heap     ] GC(90)                Mark Start          Mark End        Relocate Start      Relocate End           High               Low         
[14.790s][info][gc,heap     ] GC(90)  Capacity:     1024M (100%)       1024M (100%)       1024M (100%)       1024M (100%)       1024M (100%)       1024M (100%)   
[14.790s][info][gc,heap     ] GC(90)      Free:      734M (72%)         734M (72%)         932M (91%)         944M (92%)         944M (92%)         734M (72%)    
[14.790s][info][gc,heap     ] GC(90)      Used:      290M (28%)         290M (28%)          92M (9%)           80M (8%)          290M (28%)          80M (8%)     
[14.790s][info][gc,heap     ] GC(90)      Live:         -                44M (4%)           44M (4%)           44M (4%)             -                  -          
[14.790s][info][gc,heap     ] GC(90) Allocated:         -                 0M (0%)            0M (0%)            0M (0%)             -                  -          
[14.790s][info][gc,heap     ] GC(90)   Garbage:         -               245M (24%)          47M (5%)           35M (3%)             -                  -          
[14.790s][info][gc,heap     ] GC(90) Reclaimed:         -                  -               198M (19%)         210M (21%)            -                  -          
[14.790s][info][gc          ] GC(90) Garbage Collection (System.gc()) 290M(28%)->80M(8%)
[14.877s][info][gc,start    ] GC(91) Garbage Collection (System.gc())
[14.877s][info][gc,task     ] GC(91) Using 2 workers
[14.877s][info][gc,phases   ] GC(91) Pause Mark Start 0.009ms
[14.925s][info][gc,phases   ] GC(91) Concurrent Mark 47.715ms
[14.925s][info][gc,phases   ] GC(91) Pause Mark End 0.027ms
[14.925s][info][gc,phases   ] GC(91) Concurrent Mark Free 0.003ms
[14.928s][info][gc,phases   ] GC(91) Concurrent Process Non-Strong References 2.311ms
[14.928s][info][gc,phases   ] GC(91) Concurrent Reset Relocation Set 0.001ms
[14.930s][info][gc,phases   ] GC(91) Concurrent Select Relocation Set 1.764ms
[14.930s][info][gc,phases   ] GC(91) Pause Relocate Start 0.008ms
[14.931s][info][gc,phases   ] GC(91) Concurrent Relocate 1.083ms
[14.931s][info][gc,load     ] GC(91) Load: 0.00/0.00/0.00
[14.931s][info][gc,mmu      ] GC(91) MMU: 2ms/93.6%, 5ms/97.4%, 10ms/98.7%, 20ms/99.4%, 50ms/99.7%, 100ms/99.8%
[14.931s][info][gc,marking  ] GC(91) Mark: 2 stripe(s), 1 proactive flush(es), 1 terminate flush(es), 0 completion(s), 0 continuation(s) 
[14.931s][info][gc,marking  ] GC(91) Mark Stack Usage: 32M
[14.931s][info][gc,nmethod  ] GC(91) NMethods: 1998 registered, 455 unregistered
[14.931s][info][gc,metaspace] GC(91) Metaspace: 11M used, 11M committed, 1088M reserved
[14.931s][info][gc,ref      ] GC(91) Soft: 194 encountered, 0 discovered, 0 enqueued
[14.931s][info][gc,ref      ] GC(91) Weak: 764 encountered, 114 discovered, 0 enqueued
[14.931s][info][gc,ref      ] GC(91) Final: 0 encountered, 0 discovered, 0 enqueued
[14.931s][info][gc,ref      ] GC(91) Phantom: 41 encountered, 26 discovered, 0 enqueued
[14.931s][info][gc,reloc    ] GC(91) Small Pages: 125 / 250M, Empty: 196M, Relocated: 1M, In-Place: 0
[14.931s][info][gc,reloc    ] GC(91) Medium Pages: 1 / 32M, Empty: 0M, Relocated: 0M, In-Place: 0
[14.931s][info][gc,reloc    ] GC(91) Large Pages: 1 / 6M, Empty: 0M, Relocated: 0M, In-Place: 0
[14.931s][info][gc,reloc    ] GC(91) Forwarding Usage: 0M
[14.931s][info][gc,heap     ] GC(91) Min Capacity: 1024M(100%)
[14.931s][info][gc,heap     ] GC(91) Max Capacity: 1024M(100%)
[14.931s][info][gc,heap     ] GC(91) Soft Max Capacity: 1024M(100%)
[14.931s][info][gc,heap     ] GC(91)                Mark Start          Mark End        Relocate Start      Relocate End           High               Low         
[14.931s][info][gc,heap     ] GC(91)  Capacity:     1024M (100%)       1024M (100%)       1024M (100%)       1024M (100%)       1024M (100%)       1024M (100%)   
[14.931s][info][gc,heap     ] GC(91)      Free:      736M (72%)         736M (72%)         932M (91%)         944M (92%)         944M (92%)         736M (72%)    
[14.931s][info][gc,heap     ] GC(91)      Used:      288M (28%)         288M (28%)          92M (9%)           80M (8%)          288M (28%)          80M (8%)     
[14.931s][info][gc,heap     ] GC(91)      Live:         -                44M (4%)           44M (4%)           44M (4%)             -                  -          
[14.931s][info][gc,heap     ] GC(91) Allocated:         -                 0M (0%)            0M (0%)            0M (0%)             -                  -          
[14.931s][info][gc,heap     ] GC(91)   Garbage:         -               243M (24%)          47M (5%)           35M (3%)             -                  -          
[14.931s][info][gc,heap     ] GC(91) Reclaimed:         -                  -               196M (19%)         208M (20%)            -                  -          
[14.931s][info][gc          ] GC(91) Garbage Collection (System.gc()) 288M(28%)->80M(8%)
[15.018s][info][gc,start    ] GC(92) Garbage Collection (System.gc())
[15.019s][info][gc,task     ] GC(92) Using 2 workers
[15.019s][info][gc,phases   ] GC(92) Pause Mark Start 0.010ms
[15.067s][info][gc,phases   ] GC(92) Concurrent Mark 48.333ms
[15.067s][info][gc,phases   ] GC(92) Pause Mark End 0.019ms
[15.067s][info][gc,phases   ] GC(92) Concurrent Mark Free 0.003ms
[15.069s][info][gc,phases   ] GC(92) Concurrent Process Non-Strong References 1.837ms
[15.069s][info][gc,phases   ] GC(92) Concurrent Reset Relocation Set 0.001ms
[15.071s][info][gc,phases   ] GC(92) Concurrent Select Relocation Set 1.714ms
[15.071s][info][gc,phases   ] GC(92) Pause Relocate Start 0.008ms
[15.072s][info][gc,phases   ] GC(92) Concurrent Relocate 0.727ms
[15.072s][info][gc,load     ] GC(92) Load: 0.00/0.00/0.00
[15.072s][info][gc,mmu      ] GC(92) MMU: 2ms/93.6%, 5ms/97.4%, 10ms/98.7%, 20ms/99.4%, 50ms/99.7%, 100ms/99.8%
[15.072s][info][gc,marking  ] GC(92) Mark: 2 stripe(s), 1 proactive flush(es), 1 terminate flush(es), 0 completion(s), 0 continuation(s) 
[15.072s][info][gc,marking  ] GC(92) Mark Stack Usage: 32M
[15.072s][info][gc,nmethod  ] GC(92) NMethods: 2000 registered, 456 unregistered
[15.072s][info][gc,metaspace] GC(92) Metaspace: 11M used, 11M committed, 1088M reserved
[15.072s][info][gc,ref      ] GC(92) Soft: 194 encountered, 0 discovered, 0 enqueued
[15.072s][info][gc,ref      ] GC(92) Weak: 764 encountered, 208 discovered, 0 enqueued
[15.072s][info][gc,ref      ] GC(92) Final: 0 encountered, 0 discovered, 0 enqueued
[15.072s][info][gc,ref      ] GC(92) Phantom: 41 encountered, 24 discovered, 0 enqueued
[15.072s][info][gc,reloc    ] GC(92) Small Pages: 125 / 250M, Empty: 196M, Relocated: 1M, In-Place: 0
[15.072s][info][gc,reloc    ] GC(92) Medium Pages: 1 / 32M, Empty: 0M, Relocated: 0M, In-Place: 0
[15.072s][info][gc,reloc    ] GC(92) Large Pages: 1 / 6M, Empty: 0M, Relocated: 0M, In-Place: 0
[15.072s][info][gc,reloc    ] GC(92) Forwarding Usage: 0M
[15.072s][info][gc,heap     ] GC(92) Min Capacity: 1024M(100%)
[15.072s][info][gc,heap     ] GC(92) Max Capacity: 1024M(100%)
[15.072s][info][gc,heap     ] GC(92) Soft Max Capacity: 1024M(100%)
[15.072s][info][gc,heap     ] GC(92)                Mark Start          Mark End        Relocate Start      Relocate End           High               Low         
[15.072s][info][gc,heap     ] GC(92)  Capacity:     1024M (100%)       1024M (100%)       1024M (100%)       1024M (100%)       1024M (100%)       1024M (100%)   
[15.072s][info][gc,heap     ] GC(92)      Free:      736M (72%)         736M (72%)         932M (91%)         944M (92%)         944M (92%)         736M (72%)    
[15.072s][info][gc,heap     ] GC(92)      Used:      288M (28%)         288M (28%)          92M (9%)           80M (8%)          288M (28%)          80M (8%)     
[15.072s][info][gc,heap     ] GC(92)      Live:         -                44M (4%)           44M (4%)           44M (4%)             -                  -          
[15.072s][info][gc,heap     ] GC(92) Allocated:         -                 0M (0%)            0M (0%)            0M (0%)             -                  -          
[15.072s][info][gc,heap     ] GC(92)   Garbage:         -               243M (24%)          47M (5%)           35M (3%)             -                  -          
[15.072s][info][gc,heap     ] GC(92) Reclaimed:         -                  -               196M (19%)         208M (20%)            -                  -          
[15.072s][info][gc          ] GC(92) Garbage Collection (System.gc()) 288M(28%)->80M(8%)
[15.159s][info][gc,start    ] GC(93) Garbage Collection (System.gc())
[15.159s][info][gc,task     ] GC(93) Using 2 workers
[15.159s][info][gc,phases   ] GC(93) Pause Mark Start 0.015ms
[15.208s][info][gc,phases   ] GC(93) Concurrent Mark 48.929ms
[15.208s][info][gc,phases   ] GC(93) Pause Mark End 0.026ms
[15.209s][info][gc,phases   ] GC(93) Concurrent Mark Free 0.003ms
[15.211s][info][gc,phases   ] GC(93) Concurrent Process Non-Strong References 2.007ms
[15.211s][info][gc,phases   ] GC(93) Concurrent Reset Relocation Set 0.001ms
[15.212s][info][gc,phases   ] GC(93) Concurrent Select Relocation Set 1.535ms
[15.212s][info][gc,phases   ] GC(93) Pause Relocate Start 0.008ms
[15.213s][info][gc,phases   ] GC(93) Concurrent Relocate 0.524ms
[15.213s][info][gc,load     ] GC(93) Load: 0.00/0.00/0.00
[15.213s][info][gc,mmu      ] GC(93) MMU: 2ms/93.6%, 5ms/97.4%, 10ms/98.7%, 20ms/99.4%, 50ms/99.7%, 100ms/99.8%
[15.213s][info][gc,marking  ] GC(93) Mark: 2 stripe(s), 1 proactive flush(es), 1 terminate flush(es), 0 completion(s), 0 continuation(s) 
[15.213s][info][gc,marking  ] GC(93) Mark Stack Usage: 32M
[15.213s][info][gc,nmethod  ] GC(93) NMethods: 2000 registered, 456 unregistered
[15.213s][info][gc,metaspace] GC(93) Metaspace: 11M used, 11M committed, 1088M reserved
[15.213s][info][gc,ref      ] GC(93) Soft: 194 encountered, 0 discovered, 0 enqueued
[15.213s][info][gc,ref      ] GC(93) Weak: 764 encountered, 201 discovered, 0 enqueued
[15.213s][info][gc,ref      ] GC(93) Final: 0 encountered, 0 discovered, 0 enqueued
[15.213s][info][gc,ref      ] GC(93) Phantom: 41 encountered, 30 discovered, 0 enqueued
[15.213s][info][gc,reloc    ] GC(93) Small Pages: 127 / 254M, Empty: 194M, Relocated: 1M, In-Place: 0
[15.213s][info][gc,reloc    ] GC(93) Medium Pages: 1 / 32M, Empty: 0M, Relocated: 0M, In-Place: 0
[15.213s][info][gc,reloc    ] GC(93) Large Pages: 1 / 6M, Empty: 0M, Relocated: 0M, In-Place: 0
[15.213s][info][gc,reloc    ] GC(93) Forwarding Usage: 0M
[15.213s][info][gc,heap     ] GC(93) Min Capacity: 1024M(100%)
[15.213s][info][gc,heap     ] GC(93) Max Capacity: 1024M(100%)
[15.213s][info][gc,heap     ] GC(93) Soft Max Capacity: 1024M(100%)
[15.213s][info][gc,heap     ] GC(93)                Mark Start          Mark End        Relocate Start      Relocate End           High               Low         
[15.213s][info][gc,heap     ] GC(93)  Capacity:     1024M (100%)       1024M (100%)       1024M (100%)       1024M (100%)       1024M (100%)       1024M (100%)   
[15.213s][info][gc,heap     ] GC(93)      Free:      732M (71%)         732M (71%)         926M (90%)         944M (92%)         944M (92%)         732M (71%)    
[15.213s][info][gc,heap     ] GC(93)      Used:      292M (29%)         292M (29%)          98M (10%)          80M (8%)          292M (29%)          80M (8%)     
[15.213s][info][gc,heap     ] GC(93)      Live:         -                44M (4%)           44M (4%)           44M (4%)             -                  -          
[15.213s][info][gc,heap     ] GC(93) Allocated:         -                 0M (0%)            0M (0%)            0M (0%)             -                  -          
[15.213s][info][gc,heap     ] GC(93)   Garbage:         -               247M (24%)          53M (5%)           35M (3%)             -                  -          
[15.213s][info][gc,heap     ] GC(93) Reclaimed:         -                  -               194M (19%)         212M (21%)            -                  -          
[15.213s][info][gc          ] GC(93) Garbage Collection (System.gc()) 292M(29%)->80M(8%)
[15.301s][info][gc,start    ] GC(94) Garbage Collection (System.gc())
[15.301s][info][gc,task     ] GC(94) Using 2 workers
[15.301s][info][gc,phases   ] GC(94) Pause Mark Start 0.008ms
[15.349s][info][gc,phases   ] GC(94) Concurrent Mark 48.554ms
[15.350s][info][gc,phases   ] GC(94) Pause Mark End 0.022ms
[15.350s][info][gc,phases   ] GC(94) Concurrent Mark Free 0.002ms
[15.352s][info][gc,phases   ] GC(94) Concurrent Process Non-Strong References 1.883ms
[15.352s][info][gc,phases   ] GC(94) Concurrent Reset Relocation Set 0.001ms
[15.353s][info][gc,phases   ] GC(94) Concurrent Select Relocation Set 1.798ms
[15.354s][info][gc,phases   ] GC(94) Pause Relocate Start 0.008ms
[15.355s][info][gc,phases   ] GC(94) Concurrent Relocate 1.296ms
[15.355s][info][gc,load     ] GC(94) Load: 0.00/0.00/0.00
[15.355s][info][gc,mmu      ] GC(94) MMU: 2ms/93.6%, 5ms/97.4%, 10ms/98.7%, 20ms/99.4%, 50ms/99.7%, 100ms/99.8%
[15.355s][info][gc,marking  ] GC(94) Mark: 2 stripe(s), 1 proactive flush(es), 1 terminate flush(es), 0 completion(s), 0 continuation(s) 
[15.355s][info][gc,marking  ] GC(94) Mark Stack Usage: 32M
[15.355s][info][gc,nmethod  ] GC(94) NMethods: 2001 registered, 457 unregistered
[15.355s][info][gc,metaspace] GC(94) Metaspace: 11M used, 11M committed, 1088M reserved
[15.355s][info][gc,ref      ] GC(94) Soft: 194 encountered, 0 discovered, 0 enqueued
[15.355s][info][gc,ref      ] GC(94) Weak: 764 encountered, 101 discovered, 0 enqueued
[15.355s][info][gc,ref      ] GC(94) Final: 0 encountered, 0 discovered, 0 enqueued
[15.355s][info][gc,ref      ] GC(94) Phantom: 41 encountered, 24 discovered, 0 enqueued
[15.355s][info][gc,reloc    ] GC(94) Small Pages: 125 / 250M, Empty: 194M, Relocated: 1M, In-Place: 0
[15.355s][info][gc,reloc    ] GC(94) Medium Pages: 1 / 32M, Empty: 0M, Relocated: 0M, In-Place: 0
[15.355s][info][gc,reloc    ] GC(94) Large Pages: 1 / 6M, Empty: 0M, Relocated: 0M, In-Place: 0
[15.355s][info][gc,reloc    ] GC(94) Forwarding Usage: 0M
[15.355s][info][gc,heap     ] GC(94) Min Capacity: 1024M(100%)
[15.355s][info][gc,heap     ] GC(94) Max Capacity: 1024M(100%)
[15.355s][info][gc,heap     ] GC(94) Soft Max Capacity: 1024M(100%)
[15.355s][info][gc,heap     ] GC(94)                Mark Start          Mark End        Relocate Start      Relocate End           High               Low         
[15.355s][info][gc,heap     ] GC(94)  Capacity:     1024M (100%)       1024M (100%)       1024M (100%)       1024M (100%)       1024M (100%)       1024M (100%)   
[15.355s][info][gc,heap     ] GC(94)      Free:      736M (72%)         736M (72%)         930M (91%)         944M (92%)         944M (92%)         736M (72%)    
[15.355s][info][gc,heap     ] GC(94)      Used:      288M (28%)         288M (28%)          94M (9%)           80M (8%)          288M (28%)          80M (8%)     
[15.355s][info][gc,heap     ] GC(94)      Live:         -                44M (4%)           44M (4%)           44M (4%)             -                  -          
[15.355s][info][gc,heap     ] GC(94) Allocated:         -                 0M (0%)            0M (0%)            0M (0%)             -                  -          
[15.355s][info][gc,heap     ] GC(94)   Garbage:         -               243M (24%)          49M (5%)           35M (3%)             -                  -          
[15.355s][info][gc,heap     ] GC(94) Reclaimed:         -                  -               194M (19%)         208M (20%)            -                  -          
[15.355s][info][gc          ] GC(94) Garbage Collection (System.gc()) 288M(28%)->80M(8%)
[15.445s][info][gc,start    ] GC(95) Garbage Collection (System.gc())
[15.445s][info][gc,task     ] GC(95) Using 2 workers
[15.445s][info][gc,phases   ] GC(95) Pause Mark Start 0.008ms
[15.506s][info][gc,phases   ] GC(95) Concurrent Mark 61.239ms
[15.506s][info][gc,phases   ] GC(95) Pause Mark End 0.025ms
[15.507s][info][gc,phases   ] GC(95) Concurrent Mark Free 0.003ms
[15.509s][info][gc,phases   ] GC(95) Concurrent Process Non-Strong References 2.471ms
[15.509s][info][gc,phases   ] GC(95) Concurrent Reset Relocation Set 0.001ms
[15.511s][info][gc,phases   ] GC(95) Concurrent Select Relocation Set 1.697ms
[15.511s][info][gc,phases   ] GC(95) Pause Relocate Start 0.006ms
[15.512s][info][gc,phases   ] GC(95) Concurrent Relocate 0.538ms
[15.512s][info][gc,load     ] GC(95) Load: 0.00/0.00/0.00
[15.512s][info][gc,mmu      ] GC(95) MMU: 2ms/93.6%, 5ms/97.4%, 10ms/98.7%, 20ms/99.4%, 50ms/99.7%, 100ms/99.8%
[15.512s][info][gc,marking  ] GC(95) Mark: 2 stripe(s), 2 proactive flush(es), 1 terminate flush(es), 0 completion(s), 0 continuation(s) 
[15.512s][info][gc,marking  ] GC(95) Mark Stack Usage: 32M
[15.512s][info][gc,nmethod  ] GC(95) NMethods: 2001 registered, 459 unregistered
[15.512s][info][gc,metaspace] GC(95) Metaspace: 11M used, 11M committed, 1088M reserved
[15.512s][info][gc,ref      ] GC(95) Soft: 194 encountered, 0 discovered, 0 enqueued
[15.512s][info][gc,ref      ] GC(95) Weak: 764 encountered, 27 discovered, 0 enqueued
[15.512s][info][gc,ref      ] GC(95) Final: 0 encountered, 0 discovered, 0 enqueued
[15.512s][info][gc,ref      ] GC(95) Phantom: 41 encountered, 26 discovered, 0 enqueued
[15.512s][info][gc,reloc    ] GC(95) Small Pages: 124 / 248M, Empty: 194M, Relocated: 1M, In-Place: 0
[15.512s][info][gc,reloc    ] GC(95) Medium Pages: 1 / 32M, Empty: 0M, Relocated: 0M, In-Place: 0
[15.512s][info][gc,reloc    ] GC(95) Large Pages: 1 / 6M, Empty: 0M, Relocated: 0M, In-Place: 0
[15.512s][info][gc,reloc    ] GC(95) Forwarding Usage: 0M
[15.512s][info][gc,heap     ] GC(95) Min Capacity: 1024M(100%)
[15.512s][info][gc,heap     ] GC(95) Max Capacity: 1024M(100%)
[15.512s][info][gc,heap     ] GC(95) Soft Max Capacity: 1024M(100%)
[15.512s][info][gc,heap     ] GC(95)                Mark Start          Mark End        Relocate Start      Relocate End           High               Low         
[15.512s][info][gc,heap     ] GC(95)  Capacity:     1024M (100%)       1024M (100%)       1024M (100%)       1024M (100%)       1024M (100%)       1024M (100%)   
[15.512s][info][gc,heap     ] GC(95)      Free:      738M (72%)         738M (72%)         932M (91%)         944M (92%)         944M (92%)         738M (72%)    
[15.512s][info][gc,heap     ] GC(95)      Used:      286M (28%)         286M (28%)          92M (9%)           80M (8%)          286M (28%)          80M (8%)     
[15.512s][info][gc,heap     ] GC(95)      Live:         -                44M (4%)           44M (4%)           44M (4%)             -                  -          
[15.512s][info][gc,heap     ] GC(95) Allocated:         -                 0M (0%)            0M (0%)            0M (0%)             -                  -          
[15.512s][info][gc,heap     ] GC(95)   Garbage:         -               241M (24%)          47M (5%)           35M (3%)             -                  -          
[15.512s][info][gc,heap     ] GC(95) Reclaimed:         -                  -               194M (19%)         206M (20%)            -                  -          
[15.512s][info][gc          ] GC(95) Garbage Collection (System.gc()) 286M(28%)->80M(8%)
[15.601s][info][gc,start    ] GC(96) Garbage Collection (System.gc())
[15.601s][info][gc,task     ] GC(96) Using 2 workers
[15.602s][info][gc,phases   ] GC(96) Pause Mark Start 0.011ms
[15.648s][info][gc,phases   ] GC(96) Concurrent Mark 46.044ms
[15.648s][info][gc,phases   ] GC(96) Pause Mark End 0.025ms
[15.648s][info][gc,phases   ] GC(96) Concurrent Mark Free 0.003ms
[15.650s][info][gc,phases   ] GC(96) Concurrent Process Non-Strong References 2.336ms
[15.650s][info][gc,phases   ] GC(96) Concurrent Reset Relocation Set 0.001ms
[15.652s][info][gc,phases   ] GC(96) Concurrent Select Relocation Set 1.699ms
[15.652s][info][gc,phases   ] GC(96) Pause Relocate Start 0.008ms
[15.653s][info][gc,phases   ] GC(96) Concurrent Relocate 0.519ms
[15.653s][info][gc,load     ] GC(96) Load: 0.00/0.00/0.00
[15.653s][info][gc,mmu      ] GC(96) MMU: 2ms/93.6%, 5ms/97.4%, 10ms/98.7%, 20ms/99.4%, 50ms/99.7%, 100ms/99.8%
[15.653s][info][gc,marking  ] GC(96) Mark: 2 stripe(s), 2 proactive flush(es), 1 terminate flush(es), 0 completion(s), 0 continuation(s) 
[15.653s][info][gc,marking  ] GC(96) Mark Stack Usage: 32M
[15.653s][info][gc,nmethod  ] GC(96) NMethods: 2001 registered, 463 unregistered
[15.653s][info][gc,metaspace] GC(96) Metaspace: 11M used, 11M committed, 1088M reserved
[15.653s][info][gc,ref      ] GC(96) Soft: 194 encountered, 0 discovered, 0 enqueued
[15.653s][info][gc,ref      ] GC(96) Weak: 764 encountered, 90 discovered, 0 enqueued
[15.653s][info][gc,ref      ] GC(96) Final: 0 encountered, 0 discovered, 0 enqueued
[15.653s][info][gc,ref      ] GC(96) Phantom: 41 encountered, 28 discovered, 0 enqueued
[15.653s][info][gc,reloc    ] GC(96) Small Pages: 125 / 250M, Empty: 194M, Relocated: 1M, In-Place: 0
[15.653s][info][gc,reloc    ] GC(96) Medium Pages: 1 / 32M, Empty: 0M, Relocated: 0M, In-Place: 0
[15.653s][info][gc,reloc    ] GC(96) Large Pages: 1 / 6M, Empty: 0M, Relocated: 0M, In-Place: 0
[15.653s][info][gc,reloc    ] GC(96) Forwarding Usage: 0M
[15.653s][info][gc,heap     ] GC(96) Min Capacity: 1024M(100%)
[15.653s][info][gc,heap     ] GC(96) Max Capacity: 1024M(100%)
[15.653s][info][gc,heap     ] GC(96) Soft Max Capacity: 1024M(100%)
[15.653s][info][gc,heap     ] GC(96)                Mark Start          Mark End        Relocate Start      Relocate End           High               Low         
[15.653s][info][gc,heap     ] GC(96)  Capacity:     1024M (100%)       1024M (100%)       1024M (100%)       1024M (100%)       1024M (100%)       1024M (100%)   
[15.653s][info][gc,heap     ] GC(96)      Free:      736M (72%)         736M (72%)         930M (91%)         944M (92%)         944M (92%)         736M (72%)    
[15.653s][info][gc,heap     ] GC(96)      Used:      288M (28%)         288M (28%)          94M (9%)           80M (8%)          288M (28%)          80M (8%)     
[15.653s][info][gc,heap     ] GC(96)      Live:         -                44M (4%)           44M (4%)           44M (4%)             -                  -          
[15.653s][info][gc,heap     ] GC(96) Allocated:         -                 0M (0%)            0M (0%)            0M (0%)             -                  -          
[15.653s][info][gc,heap     ] GC(96)   Garbage:         -               243M (24%)          49M (5%)           35M (3%)             -                  -          
[15.653s][info][gc,heap     ] GC(96) Reclaimed:         -                  -               194M (19%)         208M (20%)            -                  -          
[15.653s][info][gc          ] GC(96) Garbage Collection (System.gc()) 288M(28%)->80M(8%)
[15.740s][info][gc,start    ] GC(97) Garbage Collection (System.gc())
[15.740s][info][gc,task     ] GC(97) Using 2 workers
[15.740s][info][gc,phases   ] GC(97) Pause Mark Start 0.013ms
[15.789s][info][gc,phases   ] GC(97) Concurrent Mark 49.030ms
[15.789s][info][gc,phases   ] GC(97) Pause Mark End 0.025ms
[15.790s][info][gc,phases   ] GC(97) Concurrent Mark Free 0.003ms
[15.792s][info][gc,phases   ] GC(97) Concurrent Process Non-Strong References 2.124ms
[15.792s][info][gc,phases   ] GC(97) Concurrent Reset Relocation Set 0.001ms
[15.793s][info][gc,phases   ] GC(97) Concurrent Select Relocation Set 1.653ms
[15.794s][info][gc,phases   ] GC(97) Pause Relocate Start 0.006ms
[15.794s][info][gc,phases   ] GC(97) Concurrent Relocate 0.615ms
[15.794s][info][gc,load     ] GC(97) Load: 0.00/0.00/0.00
[15.794s][info][gc,mmu      ] GC(97) MMU: 2ms/93.6%, 5ms/97.4%, 10ms/98.7%, 20ms/99.4%, 50ms/99.7%, 100ms/99.8%
[15.794s][info][gc,marking  ] GC(97) Mark: 2 stripe(s), 1 proactive flush(es), 1 terminate flush(es), 0 completion(s), 0 continuation(s) 
[15.794s][info][gc,marking  ] GC(97) Mark Stack Usage: 32M
[15.794s][info][gc,nmethod  ] GC(97) NMethods: 2001 registered, 463 unregistered
[15.794s][info][gc,metaspace] GC(97) Metaspace: 11M used, 11M committed, 1088M reserved
[15.794s][info][gc,ref      ] GC(97) Soft: 194 encountered, 0 discovered, 0 enqueued
[15.794s][info][gc,ref      ] GC(97) Weak: 764 encountered, 26 discovered, 0 enqueued
[15.794s][info][gc,ref      ] GC(97) Final: 0 encountered, 0 discovered, 0 enqueued
[15.794s][info][gc,ref      ] GC(97) Phantom: 41 encountered, 27 discovered, 0 enqueued
[15.794s][info][gc,reloc    ] GC(97) Small Pages: 125 / 250M, Empty: 194M, Relocated: 1M, In-Place: 0
[15.794s][info][gc,reloc    ] GC(97) Medium Pages: 1 / 32M, Empty: 0M, Relocated: 0M, In-Place: 0
[15.794s][info][gc,reloc    ] GC(97) Large Pages: 1 / 6M, Empty: 0M, Relocated: 0M, In-Place: 0
[15.794s][info][gc,reloc    ] GC(97) Forwarding Usage: 0M
[15.794s][info][gc,heap     ] GC(97) Min Capacity: 1024M(100%)
[15.794s][info][gc,heap     ] GC(97) Max Capacity: 1024M(100%)
[15.794s][info][gc,heap     ] GC(97) Soft Max Capacity: 1024M(100%)
[15.794s][info][gc,heap     ] GC(97)                Mark Start          Mark End        Relocate Start      Relocate End           High               Low         
[15.794s][info][gc,heap     ] GC(97)  Capacity:     1024M (100%)       1024M (100%)       1024M (100%)       1024M (100%)       1024M (100%)       1024M (100%)   
[15.794s][info][gc,heap     ] GC(97)      Free:      736M (72%)         736M (72%)         930M (91%)         944M (92%)         944M (92%)         736M (72%)    
[15.794s][info][gc,heap     ] GC(97)      Used:      288M (28%)         288M (28%)          94M (9%)           80M (8%)          288M (28%)          80M (8%)     
[15.794s][info][gc,heap     ] GC(97)      Live:         -                44M (4%)           44M (4%)           44M (4%)             -                  -          
[15.794s][info][gc,heap     ] GC(97) Allocated:         -                 0M (0%)            0M (0%)            0M (0%)             -                  -          
[15.794s][info][gc,heap     ] GC(97)   Garbage:         -               243M (24%)          49M (5%)           35M (3%)             -                  -          
[15.794s][info][gc,heap     ] GC(97) Reclaimed:         -                  -               194M (19%)         208M (20%)            -                  -          
[15.794s][info][gc          ] GC(97) Garbage Collection (System.gc()) 288M(28%)->80M(8%)
[15.881s][info][gc,start    ] GC(98) Garbage Collection (System.gc())
[15.882s][info][gc,task     ] GC(98) Using 2 workers
[15.882s][info][gc,phases   ] GC(98) Pause Mark Start 0.009ms
[15.930s][info][gc,phases   ] GC(98) Concurrent Mark 48.484ms
[15.930s][info][gc,phases   ] GC(98) Pause Mark End 0.012ms
[15.930s][info][gc,phases   ] GC(98) Concurrent Mark Free 0.002ms
[15.933s][info][gc,phases   ] GC(98) Concurrent Process Non-Strong References 2.305ms
[15.933s][info][gc,phases   ] GC(98) Concurrent Reset Relocation Set 0.001ms
[15.935s][info][gc,phases   ] GC(98) Concurrent Select Relocation Set 1.771ms
[15.935s][info][gc,phases   ] GC(98) Pause Relocate Start 0.008ms
[15.935s][info][gc,phases   ] GC(98) Concurrent Relocate 0.599ms
[15.935s][info][gc,load     ] GC(98) Load: 0.00/0.00/0.00
[15.935s][info][gc,mmu      ] GC(98) MMU: 2ms/93.6%, 5ms/97.4%, 10ms/98.7%, 20ms/99.4%, 50ms/99.7%, 100ms/99.8%
[15.935s][info][gc,marking  ] GC(98) Mark: 2 stripe(s), 1 proactive flush(es), 1 terminate flush(es), 0 completion(s), 0 continuation(s) 
[15.935s][info][gc,marking  ] GC(98) Mark Stack Usage: 32M
[15.935s][info][gc,nmethod  ] GC(98) NMethods: 2003 registered, 466 unregistered
[15.935s][info][gc,metaspace] GC(98) Metaspace: 11M used, 11M committed, 1088M reserved
[15.935s][info][gc,ref      ] GC(98) Soft: 194 encountered, 0 discovered, 0 enqueued
[15.935s][info][gc,ref      ] GC(98) Weak: 764 encountered, 150 discovered, 0 enqueued
[15.935s][info][gc,ref      ] GC(98) Final: 0 encountered, 0 discovered, 0 enqueued
[15.935s][info][gc,ref      ] GC(98) Phantom: 41 encountered, 23 discovered, 0 enqueued
[15.935s][info][gc,reloc    ] GC(98) Small Pages: 127 / 254M, Empty: 192M, Relocated: 1M, In-Place: 0
[15.935s][info][gc,reloc    ] GC(98) Medium Pages: 1 / 32M, Empty: 0M, Relocated: 0M, In-Place: 0
[15.935s][info][gc,reloc    ] GC(98) Large Pages: 1 / 6M, Empty: 0M, Relocated: 0M, In-Place: 0
[15.935s][info][gc,reloc    ] GC(98) Forwarding Usage: 0M
[15.935s][info][gc,heap     ] GC(98) Min Capacity: 1024M(100%)
[15.935s][info][gc,heap     ] GC(98) Max Capacity: 1024M(100%)
[15.935s][info][gc,heap     ] GC(98) Soft Max Capacity: 1024M(100%)
[15.935s][info][gc,heap     ] GC(98)                Mark Start          Mark End        Relocate Start      Relocate End           High               Low         
[15.935s][info][gc,heap     ] GC(98)  Capacity:     1024M (100%)       1024M (100%)       1024M (100%)       1024M (100%)       1024M (100%)       1024M (100%)   
[15.935s][info][gc,heap     ] GC(98)      Free:      732M (71%)         732M (71%)         924M (90%)         944M (92%)         944M (92%)         732M (71%)    
[15.935s][info][gc,heap     ] GC(98)      Used:      292M (29%)         292M (29%)         100M (10%)          80M (8%)          292M (29%)          80M (8%)     
[15.935s][info][gc,heap     ] GC(98)      Live:         -                44M (4%)           44M (4%)           44M (4%)             -                  -          
[15.936s][info][gc,heap     ] GC(98) Allocated:         -                 0M (0%)            0M (0%)            0M (0%)             -                  -          
[15.936s][info][gc,heap     ] GC(98)   Garbage:         -               247M (24%)          55M (5%)           35M (3%)             -                  -          
[15.936s][info][gc,heap     ] GC(98) Reclaimed:         -                  -               192M (19%)         212M (21%)            -                  -          
[15.936s][info][gc          ] GC(98) Garbage Collection (System.gc()) 292M(29%)->80M(8%)
[16.023s][info][gc,start    ] GC(99) Garbage Collection (System.gc())
[16.023s][info][gc,task     ] GC(99) Using 2 workers
[16.023s][info][gc,phases   ] GC(99) Pause Mark Start 0.010ms
[16.072s][info][gc,phases   ] GC(99) Concurrent Mark 48.614ms
[16.072s][info][gc,phases   ] GC(99) Pause Mark End 0.024ms
[16.072s][info][gc,phases   ] GC(99) Concurrent Mark Free 0.003ms
[16.074s][info][gc,phases   ] GC(99) Concurrent Process Non-Strong References 2.140ms
[16.074s][info][gc,phases   ] GC(99) Concurrent Reset Relocation Set 0.001ms
[16.076s][info][gc,phases   ] GC(99) Concurrent Select Relocation Set 1.706ms
[16.076s][info][gc,phases   ] GC(99) Pause Relocate Start 0.008ms
[16.077s][info][gc,phases   ] GC(99) Concurrent Relocate 0.888ms
[16.077s][info][gc,load     ] GC(99) Load: 0.00/0.00/0.00
[16.077s][info][gc,mmu      ] GC(99) MMU: 2ms/93.6%, 5ms/97.4%, 10ms/98.7%, 20ms/99.4%, 50ms/99.7%, 100ms/99.8%
[16.077s][info][gc,marking  ] GC(99) Mark: 2 stripe(s), 1 proactive flush(es), 1 terminate flush(es), 0 completion(s), 0 continuation(s) 
[16.077s][info][gc,marking  ] GC(99) Mark Stack Usage: 32M
[16.077s][info][gc,nmethod  ] GC(99) NMethods: 2003 registered, 466 unregistered
[16.077s][info][gc,metaspace] GC(99) Metaspace: 11M used, 11M committed, 1088M reserved
[16.077s][info][gc,ref      ] GC(99) Soft: 194 encountered, 0 discovered, 0 enqueued
[16.077s][info][gc,ref      ] GC(99) Weak: 764 encountered, 128 discovered, 0 enqueued
[16.077s][info][gc,ref      ] GC(99) Final: 0 encountered, 0 discovered, 0 enqueued
[16.077s][info][gc,ref      ] GC(99) Phantom: 41 encountered, 33 discovered, 0 enqueued
[16.077s][info][gc,reloc    ] GC(99) Small Pages: 126 / 252M, Empty: 194M, Relocated: 1M, In-Place: 0
[16.077s][info][gc,reloc    ] GC(99) Medium Pages: 1 / 32M, Empty: 0M, Relocated: 0M, In-Place: 0
[16.077s][info][gc,reloc    ] GC(99) Large Pages: 1 / 6M, Empty: 0M, Relocated: 0M, In-Place: 0
[16.077s][info][gc,reloc    ] GC(99) Forwarding Usage: 0M
[16.077s][info][gc,heap     ] GC(99) Min Capacity: 1024M(100%)
[16.077s][info][gc,heap     ] GC(99) Max Capacity: 1024M(100%)
[16.077s][info][gc,heap     ] GC(99) Soft Max Capacity: 1024M(100%)
[16.077s][info][gc,heap     ] GC(99)                Mark Start          Mark End        Relocate Start      Relocate End           High               Low         
[16.077s][info][gc,heap     ] GC(99)  Capacity:     1024M (100%)       1024M (100%)       1024M (100%)       1024M (100%)       1024M (100%)       1024M (100%)   
[16.077s][info][gc,heap     ] GC(99)      Free:      734M (72%)         734M (72%)         928M (91%)         944M (92%)         944M (92%)         734M (72%)    
[16.077s][info][gc,heap     ] GC(99)      Used:      290M (28%)         290M (28%)          96M (9%)           80M (8%)          290M (28%)          80M (8%)     
[16.077s][info][gc,heap     ] GC(99)      Live:         -                44M (4%)           44M (4%)           44M (4%)             -                  -          
[16.077s][info][gc,heap     ] GC(99) Allocated:         -                 0M (0%)            0M (0%)            0M (0%)             -                  -          
[16.077s][info][gc,heap     ] GC(99)   Garbage:         -               245M (24%)          51M (5%)           35M (3%)             -                  -          
[16.077s][info][gc,heap     ] GC(99) Reclaimed:         -                  -               194M (19%)         210M (21%)            -                  -          
[16.077s][info][gc          ] GC(99) Garbage Collection (System.gc()) 290M(28%)->80M(8%)
[16.164s][info][gc,start    ] GC(100) Garbage Collection (System.gc())
[16.164s][info][gc,task     ] GC(100) Using 2 workers
[16.164s][info][gc,phases   ] GC(100) Pause Mark Start 0.008ms
[16.228s][info][gc,phases   ] GC(100) Concurrent Mark 63.723ms
[16.228s][info][gc,phases   ] GC(100) Pause Mark End 0.028ms
[16.229s][info][gc,phases   ] GC(100) Concurrent Mark Free 0.003ms
[16.231s][info][gc,phases   ] GC(100) Concurrent Process Non-Strong References 2.239ms
[16.231s][info][gc,phases   ] GC(100) Concurrent Reset Relocation Set 0.001ms
[16.232s][info][gc,phases   ] GC(100) Concurrent Select Relocation Set 1.488ms
[16.233s][info][gc,phases   ] GC(100) Pause Relocate Start 0.008ms
[16.233s][info][gc,phases   ] GC(100) Concurrent Relocate 0.719ms
[16.233s][info][gc,load     ] GC(100) Load: 0.00/0.00/0.00
[16.233s][info][gc,mmu      ] GC(100) MMU: 2ms/93.6%, 5ms/97.4%, 10ms/98.7%, 20ms/99.4%, 50ms/99.7%, 100ms/99.8%
[16.233s][info][gc,marking  ] GC(100) Mark: 2 stripe(s), 3 proactive flush(es), 1 terminate flush(es), 0 completion(s), 0 continuation(s) 
[16.233s][info][gc,marking  ] GC(100) Mark Stack Usage: 32M
[16.233s][info][gc,nmethod  ] GC(100) NMethods: 2010 registered, 468 unregistered
[16.233s][info][gc,metaspace] GC(100) Metaspace: 11M used, 11M committed, 1088M reserved
[16.233s][info][gc,ref      ] GC(100) Soft: 194 encountered, 0 discovered, 0 enqueued
[16.233s][info][gc,ref      ] GC(100) Weak: 764 encountered, 26 discovered, 0 enqueued
[16.233s][info][gc,ref      ] GC(100) Final: 0 encountered, 0 discovered, 0 enqueued
[16.233s][info][gc,ref      ] GC(100) Phantom: 41 encountered, 26 discovered, 0 enqueued
[16.233s][info][gc,reloc    ] GC(100) Small Pages: 125 / 250M, Empty: 194M, Relocated: 1M, In-Place: 0
[16.233s][info][gc,reloc    ] GC(100) Medium Pages: 1 / 32M, Empty: 0M, Relocated: 0M, In-Place: 0
[16.233s][info][gc,reloc    ] GC(100) Large Pages: 1 / 6M, Empty: 0M, Relocated: 0M, In-Place: 0
[16.233s][info][gc,reloc    ] GC(100) Forwarding Usage: 0M
[16.233s][info][gc,heap     ] GC(100) Min Capacity: 1024M(100%)
[16.233s][info][gc,heap     ] GC(100) Max Capacity: 1024M(100%)
[16.233s][info][gc,heap     ] GC(100) Soft Max Capacity: 1024M(100%)
[16.233s][info][gc,heap     ] GC(100)                Mark Start          Mark End        Relocate Start      Relocate End           High               Low         
[16.233s][info][gc,heap     ] GC(100)  Capacity:     1024M (100%)       1024M (100%)       1024M (100%)       1024M (100%)       1024M (100%)       1024M (100%)   
[16.233s][info][gc,heap     ] GC(100)      Free:      736M (72%)         734M (72%)         928M (91%)         942M (92%)         942M (92%)         734M (72%)    
[16.233s][info][gc,heap     ] GC(100)      Used:      288M (28%)         290M (28%)          96M (9%)           82M (8%)          290M (28%)          82M (8%)     
[16.233s][info][gc,heap     ] GC(100)      Live:         -                44M (4%)           44M (4%)           44M (4%)             -                  -          
[16.233s][info][gc,heap     ] GC(100) Allocated:         -                 2M (0%)            2M (0%)            2M (0%)             -                  -          
[16.233s][info][gc,heap     ] GC(100)   Garbage:         -               243M (24%)          49M (5%)           35M (3%)             -                  -          
[16.233s][info][gc,heap     ] GC(100) Reclaimed:         -                  -               194M (19%)         208M (20%)            -                  -          
[16.234s][info][gc          ] GC(100) Garbage Collection (System.gc()) 288M(28%)->82M(8%)
[16.320s][info][gc,start    ] GC(101) Garbage Collection (System.gc())
[16.320s][info][gc,task     ] GC(101) Using 2 workers
[16.320s][info][gc,phases   ] GC(101) Pause Mark Start 0.011ms
[16.370s][info][gc,phases   ] GC(101) Concurrent Mark 49.072ms
[16.370s][info][gc,phases   ] GC(101) Pause Mark End 0.019ms
[16.370s][info][gc,phases   ] GC(101) Concurrent Mark Free 0.003ms
[16.373s][info][gc,phases   ] GC(101) Concurrent Process Non-Strong References 2.681ms
[16.373s][info][gc,phases   ] GC(101) Concurrent Reset Relocation Set 0.001ms
[16.374s][info][gc,phases   ] GC(101) Concurrent Select Relocation Set 1.402ms
[16.374s][info][gc,phases   ] GC(101) Pause Relocate Start 0.007ms
[16.375s][info][gc,phases   ] GC(101) Concurrent Relocate 0.896ms
[16.375s][info][gc,load     ] GC(101) Load: 0.00/0.00/0.00
[16.375s][info][gc,mmu      ] GC(101) MMU: 2ms/93.6%, 5ms/97.4%, 10ms/98.7%, 20ms/99.4%, 50ms/99.7%, 100ms/99.8%
[16.375s][info][gc,marking  ] GC(101) Mark: 2 stripe(s), 1 proactive flush(es), 1 terminate flush(es), 0 completion(s), 0 continuation(s) 
[16.375s][info][gc,marking  ] GC(101) Mark Stack Usage: 32M
[16.375s][info][gc,nmethod  ] GC(101) NMethods: 2010 registered, 468 unregistered
[16.375s][info][gc,metaspace] GC(101) Metaspace: 11M used, 11M committed, 1088M reserved
[16.375s][info][gc,ref      ] GC(101) Soft: 194 encountered, 0 discovered, 0 enqueued
[16.375s][info][gc,ref      ] GC(101) Weak: 764 encountered, 308 discovered, 0 enqueued
[16.375s][info][gc,ref      ] GC(101) Final: 0 encountered, 0 discovered, 0 enqueued
[16.375s][info][gc,ref      ] GC(101) Phantom: 41 encountered, 27 discovered, 0 enqueued
[16.375s][info][gc,reloc    ] GC(101) Small Pages: 127 / 254M, Empty: 188M, Relocated: 1M, In-Place: 0
[16.375s][info][gc,reloc    ] GC(101) Medium Pages: 1 / 32M, Empty: 0M, Relocated: 0M, In-Place: 0
[16.375s][info][gc,reloc    ] GC(101) Large Pages: 1 / 6M, Empty: 0M, Relocated: 0M, In-Place: 0
[16.375s][info][gc,reloc    ] GC(101) Forwarding Usage: 0M
[16.375s][info][gc,heap     ] GC(101) Min Capacity: 1024M(100%)
[16.375s][info][gc,heap     ] GC(101) Max Capacity: 1024M(100%)
[16.375s][info][gc,heap     ] GC(101) Soft Max Capacity: 1024M(100%)
[16.375s][info][gc,heap     ] GC(101)                Mark Start          Mark End        Relocate Start      Relocate End           High               Low         
[16.375s][info][gc,heap     ] GC(101)  Capacity:     1024M (100%)       1024M (100%)       1024M (100%)       1024M (100%)       1024M (100%)       1024M (100%)   
[16.375s][info][gc,heap     ] GC(101)      Free:      732M (71%)         732M (71%)         920M (90%)         944M (92%)         944M (92%)         732M (71%)    
[16.375s][info][gc,heap     ] GC(101)      Used:      292M (29%)         292M (29%)         104M (10%)          80M (8%)          292M (29%)          80M (8%)     
[16.375s][info][gc,heap     ] GC(101)      Live:         -                44M (4%)           44M (4%)           44M (4%)             -                  -          
[16.375s][info][gc,heap     ] GC(101) Allocated:         -                 0M (0%)            0M (0%)            0M (0%)             -                  -          
[16.375s][info][gc,heap     ] GC(101)   Garbage:         -               247M (24%)          59M (6%)           35M (3%)             -                  -          
[16.375s][info][gc,heap     ] GC(101) Reclaimed:         -                  -               188M (18%)         212M (21%)            -                  -          
[16.375s][info][gc          ] GC(101) Garbage Collection (System.gc()) 292M(29%)->80M(8%)
[16.462s][info][gc,start    ] GC(102) Garbage Collection (System.gc())
[16.462s][info][gc,task     ] GC(102) Using 2 workers
[16.462s][info][gc,phases   ] GC(102) Pause Mark Start 0.011ms
[16.511s][info][gc,phases   ] GC(102) Concurrent Mark 49.325ms
[16.512s][info][gc,phases   ] GC(102) Pause Mark End 0.025ms
[16.512s][info][gc,phases   ] GC(102) Concurrent Mark Free 0.003ms
[16.514s][info][gc,phases   ] GC(102) Concurrent Process Non-Strong References 2.045ms
[16.514s][info][gc,phases   ] GC(102) Concurrent Reset Relocation Set 0.002ms
[16.515s][info][gc,phases   ] GC(102) Concurrent Select Relocation Set 1.365ms
[16.515s][info][gc,phases   ] GC(102) Pause Relocate Start 0.008ms
[16.516s][info][gc,phases   ] GC(102) Concurrent Relocate 0.515ms
[16.516s][info][gc,load     ] GC(102) Load: 0.00/0.00/0.00
[16.516s][info][gc,mmu      ] GC(102) MMU: 2ms/93.6%, 5ms/97.4%, 10ms/98.7%, 20ms/99.4%, 50ms/99.7%, 100ms/99.8%
[16.516s][info][gc,marking  ] GC(102) Mark: 2 stripe(s), 1 proactive flush(es), 1 terminate flush(es), 0 completion(s), 0 continuation(s) 
[16.516s][info][gc,marking  ] GC(102) Mark Stack Usage: 32M
[16.516s][info][gc,nmethod  ] GC(102) NMethods: 2010 registered, 468 unregistered
[16.516s][info][gc,metaspace] GC(102) Metaspace: 11M used, 11M committed, 1088M reserved
[16.516s][info][gc,ref      ] GC(102) Soft: 194 encountered, 0 discovered, 0 enqueued
[16.516s][info][gc,ref      ] GC(102) Weak: 764 encountered, 343 discovered, 0 enqueued
[16.516s][info][gc,ref      ] GC(102) Final: 0 encountered, 0 discovered, 0 enqueued
[16.516s][info][gc,ref      ] GC(102) Phantom: 41 encountered, 24 discovered, 0 enqueued
[16.516s][info][gc,reloc    ] GC(102) Small Pages: 126 / 252M, Empty: 196M, Relocated: 1M, In-Place: 0
[16.516s][info][gc,reloc    ] GC(102) Medium Pages: 1 / 32M, Empty: 0M, Relocated: 0M, In-Place: 0
[16.516s][info][gc,reloc    ] GC(102) Large Pages: 1 / 6M, Empty: 0M, Relocated: 0M, In-Place: 0
[16.516s][info][gc,reloc    ] GC(102) Forwarding Usage: 0M
[16.516s][info][gc,heap     ] GC(102) Min Capacity: 1024M(100%)
[16.516s][info][gc,heap     ] GC(102) Max Capacity: 1024M(100%)
[16.516s][info][gc,heap     ] GC(102) Soft Max Capacity: 1024M(100%)
[16.516s][info][gc,heap     ] GC(102)                Mark Start          Mark End        Relocate Start      Relocate End           High               Low         
[16.516s][info][gc,heap     ] GC(102)  Capacity:     1024M (100%)       1024M (100%)       1024M (100%)       1024M (100%)       1024M (100%)       1024M (100%)   
[16.516s][info][gc,heap     ] GC(102)      Free:      734M (72%)         734M (72%)         930M (91%)         944M (92%)         944M (92%)         734M (72%)    
[16.516s][info][gc,heap     ] GC(102)      Used:      290M (28%)         290M (28%)          94M (9%)           80M (8%)          290M (28%)          80M (8%)     
[16.516s][info][gc,heap     ] GC(102)      Live:         -                44M (4%)           44M (4%)           44M (4%)             -                  -          
[16.516s][info][gc,heap     ] GC(102) Allocated:         -                 0M (0%)            0M (0%)            0M (0%)             -                  -          
[16.516s][info][gc,heap     ] GC(102)   Garbage:         -               245M (24%)          49M (5%)           35M (3%)             -                  -          
[16.516s][info][gc,heap     ] GC(102) Reclaimed:         -                  -               196M (19%)         210M (21%)            -                  -          
[16.516s][info][gc          ] GC(102) Garbage Collection (System.gc()) 290M(28%)->80M(8%)
[16.604s][info][gc,start    ] GC(103) Garbage Collection (System.gc())
[16.604s][info][gc,task     ] GC(103) Using 2 workers
[16.604s][info][gc,phases   ] GC(103) Pause Mark Start 0.015ms
[16.652s][info][gc,phases   ] GC(103) Concurrent Mark 47.978ms
[16.652s][info][gc,phases   ] GC(103) Pause Mark End 0.017ms
[16.653s][info][gc,phases   ] GC(103) Concurrent Mark Free 0.002ms
[16.655s][info][gc,phases   ] GC(103) Concurrent Process Non-Strong References 2.279ms
[16.655s][info][gc,phases   ] GC(103) Concurrent Reset Relocation Set 0.001ms
[16.656s][info][gc,phases   ] GC(103) Concurrent Select Relocation Set 1.465ms
[16.657s][info][gc,phases   ] GC(103) Pause Relocate Start 0.008ms
[16.657s][info][gc,phases   ] GC(103) Concurrent Relocate 0.521ms
[16.657s][info][gc,load     ] GC(103) Load: 0.00/0.00/0.00
[16.657s][info][gc,mmu      ] GC(103) MMU: 2ms/93.6%, 5ms/97.4%, 10ms/98.7%, 20ms/99.4%, 50ms/99.7%, 100ms/99.8%
[16.657s][info][gc,marking  ] GC(103) Mark: 2 stripe(s), 1 proactive flush(es), 1 terminate flush(es), 0 completion(s), 0 continuation(s) 
[16.657s][info][gc,marking  ] GC(103) Mark Stack Usage: 32M
[16.657s][info][gc,nmethod  ] GC(103) NMethods: 2010 registered, 468 unregistered
[16.657s][info][gc,metaspace] GC(103) Metaspace: 11M used, 11M committed, 1088M reserved
[16.657s][info][gc,ref      ] GC(103) Soft: 194 encountered, 0 discovered, 0 enqueued
[16.657s][info][gc,ref      ] GC(103) Weak: 764 encountered, 198 discovered, 0 enqueued
[16.657s][info][gc,ref      ] GC(103) Final: 0 encountered, 0 discovered, 0 enqueued
[16.657s][info][gc,ref      ] GC(103) Phantom: 41 encountered, 24 discovered, 0 enqueued
[16.657s][info][gc,reloc    ] GC(103) Small Pages: 126 / 252M, Empty: 194M, Relocated: 1M, In-Place: 0
[16.657s][info][gc,reloc    ] GC(103) Medium Pages: 1 / 32M, Empty: 0M, Relocated: 0M, In-Place: 0
[16.657s][info][gc,reloc    ] GC(103) Large Pages: 1 / 6M, Empty: 0M, Relocated: 0M, In-Place: 0
[16.657s][info][gc,reloc    ] GC(103) Forwarding Usage: 0M
[16.657s][info][gc,heap     ] GC(103) Min Capacity: 1024M(100%)
[16.657s][info][gc,heap     ] GC(103) Max Capacity: 1024M(100%)
[16.657s][info][gc,heap     ] GC(103) Soft Max Capacity: 1024M(100%)
[16.657s][info][gc,heap     ] GC(103)                Mark Start          Mark End        Relocate Start      Relocate End           High               Low         
[16.657s][info][gc,heap     ] GC(103)  Capacity:     1024M (100%)       1024M (100%)       1024M (100%)       1024M (100%)       1024M (100%)       1024M (100%)   
[16.657s][info][gc,heap     ] GC(103)      Free:      734M (72%)         734M (72%)         928M (91%)         944M (92%)         944M (92%)         734M (72%)    
[16.657s][info][gc,heap     ] GC(103)      Used:      290M (28%)         290M (28%)          96M (9%)           80M (8%)          290M (28%)          80M (8%)     
[16.657s][info][gc,heap     ] GC(103)      Live:         -                44M (4%)           44M (4%)           44M (4%)             -                  -          
[16.657s][info][gc,heap     ] GC(103) Allocated:         -                 0M (0%)            0M (0%)            0M (0%)             -                  -          
[16.657s][info][gc,heap     ] GC(103)   Garbage:         -               245M (24%)          51M (5%)           35M (3%)             -                  -          
[16.657s][info][gc,heap     ] GC(103) Reclaimed:         -                  -               194M (19%)         210M (21%)            -                  -          
[16.657s][info][gc          ] GC(103) Garbage Collection (System.gc()) 290M(28%)->80M(8%)
[16.748s][info][gc,heap,exit] Heap
[16.748s][info][gc,heap,exit]  ZHeap           used 290M, capacity 1024M, max capacity 1024M
[16.748s][info][gc,heap,exit]  Metaspace       used 11846K, committed 12032K, reserved 1114112K
[16.748s][info][gc,heap,exit]   class space    used 1568K, committed 1664K, reserved 1048576K
