[0.011s][info][gc,heap] Heap region size: 1M
[0.021s][info][gc     ] Using G1
[0.021s][info][gc,heap,coops] Heap address: 0x00000000c0000000, size: 1024 MB, Compressed Oops mode: 32-bit
[0.670s][info][gc,start     ] GC(0) Pause Young (Normal) (G1 Evacuation Pause)
[0.670s][info][gc,task      ] GC(0) Using 6 workers of 6 for evacuation
[0.672s][info][gc,phases    ] GC(0)   Pre Evacuate Collection Set: 0.0ms
[0.673s][info][gc,phases    ] GC(0)   Evacuate Collection Set: 1.9ms
[0.673s][info][gc,phases    ] GC(0)   Post Evacuate Collection Set: 0.4ms
[0.673s][info][gc,phases    ] GC(0)   Other: 0.4ms
[0.673s][info][gc,heap      ] GC(0) Eden regions: 51->0(611)
[0.673s][info][gc,heap      ] GC(0) Survivor regions: 0->3(7)
[0.673s][info][gc,heap      ] GC(0) Old regions: 0->0
[0.673s][info][gc,heap      ] GC(0) Humongous regions: 0->0
[0.673s][info][gc,metaspace ] GC(0) Metaspace: 10200K(10496K)->10200K(10496K) NonClass: 9304K(9472K)->9304K(9472K) Class: 896K(1024K)->896K(1024K)
[0.673s][info][gc           ] GC(0) Pause Young (Normal) (G1 Evacuation Pause) 50M->2M(1024M) 3.039ms
[0.673s][info][gc,cpu       ] GC(0) User=0.06s Sys=0.03s Real=0.01s
[2.045s][info][gc,start     ] GC(1) Pause Young (Concurrent Start) (Metadata GC Threshold)
[2.045s][info][gc,task      ] GC(1) Using 6 workers of 6 for evacuation
[2.053s][info][gc,phases    ] GC(1)   Pre Evacuate Collection Set: 0.0ms
[2.053s][info][gc,phases    ] GC(1)   Evacuate Collection Set: 7.1ms
[2.053s][info][gc,phases    ] GC(1)   Post Evacuate Collection Set: 0.8ms
[2.053s][info][gc,phases    ] GC(1)   Other: 0.2ms
[2.053s][info][gc,heap      ] GC(1) Eden regions: 37->0(89)
[2.053s][info][gc,heap      ] GC(1) Survivor regions: 3->8(77)
[2.053s][info][gc,heap      ] GC(1) Old regions: 0->0
[2.053s][info][gc,heap      ] GC(1) Humongous regions: 0->0
[2.053s][info][gc,metaspace ] GC(1) Metaspace: 20481K(21296K)->20481K(21296K) NonClass: 18457K(18944K)->18457K(18944K) Class: 2023K(2352K)->2023K(2352K)
[2.053s][info][gc           ] GC(1) Pause Young (Concurrent Start) (Metadata GC Threshold) 39M->7M(1024M) 8.177ms
[2.053s][info][gc,cpu       ] GC(1) User=0.03s Sys=0.00s Real=0.01s
[2.053s][info][gc           ] GC(2) Concurrent Cycle
[2.053s][info][gc,marking   ] GC(2) Concurrent Clear Claimed Marks
[2.053s][info][gc,marking   ] GC(2) Concurrent Clear Claimed Marks 0.021ms
[2.053s][info][gc,marking   ] GC(2) Concurrent Scan Root Regions
[2.056s][info][gc,marking   ] GC(2) Concurrent Scan Root Regions 2.130ms
[2.056s][info][gc,marking   ] GC(2) Concurrent Mark (2.056s)
[2.056s][info][gc,marking   ] GC(2) Concurrent Mark From Roots
[2.056s][info][gc,task      ] GC(2) Using 2 workers of 2 for marking
[2.056s][info][gc,marking   ] GC(2) Concurrent Mark From Roots 0.535ms
[2.056s][info][gc,marking   ] GC(2) Concurrent Preclean
[2.056s][info][gc,marking   ] GC(2) Concurrent Preclean 0.090ms
[2.056s][info][gc,marking   ] GC(2) Concurrent Mark (2.056s, 2.056s) 0.687ms
[2.056s][info][gc,start     ] GC(2) Pause Remark
[2.059s][info][gc,stringtable] GC(2) Cleaned string and symbol table, strings: 10796 processed, 0 removed, symbols: 63501 processed, 37 removed
[2.059s][info][gc            ] GC(2) Pause Remark 7M->7M(1024M) 2.516ms
[2.059s][info][gc,cpu        ] GC(2) User=0.00s Sys=0.00s Real=0.00s
[2.059s][info][gc,marking    ] GC(2) Concurrent Rebuild Remembered Sets
[2.059s][info][gc,marking    ] GC(2) Concurrent Rebuild Remembered Sets 0.352ms
[2.059s][info][gc,start      ] GC(2) Pause Cleanup
[2.060s][info][gc            ] GC(2) Pause Cleanup 7M->7M(1024M) 0.103ms
[2.060s][info][gc,cpu        ] GC(2) User=0.00s Sys=0.00s Real=0.00s
[2.060s][info][gc,marking    ] GC(2) Concurrent Cleanup for Next Mark
[2.062s][info][gc,marking    ] GC(2) Concurrent Cleanup for Next Mark 2.734ms
[2.062s][info][gc            ] GC(2) Concurrent Cycle 9.128ms
[3.775s][info][gc,start      ] GC(3) Pause Young (Normal) (G1 Evacuation Pause)
[3.775s][info][gc,task       ] GC(3) Using 6 workers of 6 for evacuation
[3.782s][info][gc,phases     ] GC(3)   Pre Evacuate Collection Set: 0.0ms
[3.782s][info][gc,phases     ] GC(3)   Evacuate Collection Set: 6.4ms
[3.782s][info][gc,phases     ] GC(3)   Post Evacuate Collection Set: 0.9ms
[3.782s][info][gc,phases     ] GC(3)   Other: 0.2ms
[3.782s][info][gc,heap       ] GC(3) Eden regions: 89->0(122)
[3.782s][info][gc,heap       ] GC(3) Survivor regions: 8->9(13)
[3.782s][info][gc,heap       ] GC(3) Old regions: 0->3
[3.782s][info][gc,heap       ] GC(3) Humongous regions: 0->0
[3.782s][info][gc,metaspace  ] GC(3) Metaspace: 23580K(24880K)->23580K(24880K) NonClass: 21210K(22016K)->21210K(22016K) Class: 2369K(2864K)->2369K(2864K)
[3.782s][info][gc            ] GC(3) Pause Young (Normal) (G1 Evacuation Pause) 96M->10M(1024M) 7.684ms
[3.782s][info][gc,cpu        ] GC(3) User=0.00s Sys=0.02s Real=0.01s
[4.050s][info][gc,task       ] GC(4) Using 6 workers of 6 for full compaction
[4.050s][info][gc,start      ] GC(4) Pause Full (System.gc())
[4.050s][info][gc,phases,start] GC(4) Phase 1: Mark live objects
[4.056s][info][gc,stringtable ] GC(4) Cleaned string and symbol table, strings: 19174 processed, 370 removed, symbols: 75462 processed, 29 removed
[4.056s][info][gc,phases      ] GC(4) Phase 1: Mark live objects 6.436ms
[4.056s][info][gc,phases,start] GC(4) Phase 2: Prepare for compaction
[4.058s][info][gc,phases      ] GC(4) Phase 2: Prepare for compaction 1.508ms
[4.058s][info][gc,phases,start] GC(4) Phase 3: Adjust pointers
[4.062s][info][gc,phases      ] GC(4) Phase 3: Adjust pointers 3.748ms
[4.062s][info][gc,phases,start] GC(4) Phase 4: Compact heap
[4.063s][info][gc,phases      ] GC(4) Phase 4: Compact heap 1.619ms
[4.065s][info][gc,heap        ] GC(4) Eden regions: 11->0(134)
[4.066s][info][gc,heap        ] GC(4) Survivor regions: 9->0(13)
[4.066s][info][gc,heap        ] GC(4) Old regions: 3->12
[4.066s][info][gc,heap        ] GC(4) Humongous regions: 0->0
[4.066s][info][gc,metaspace   ] GC(4) Metaspace: 24190K(25520K)->24190K(25520K) NonClass: 21749K(22528K)->21749K(22528K) Class: 2440K(2992K)->2440K(2992K)
[4.066s][info][gc             ] GC(4) Pause Full (System.gc()) 20M->9M(1024M) 15.854ms
[4.066s][info][gc,cpu         ] GC(4) User=0.03s Sys=0.03s Real=0.02s
[4.933s][info][gc,start       ] GC(5) Pause Young (Normal) (G1 Evacuation Pause)
[4.933s][info][gc,task        ] GC(5) Using 6 workers of 6 for evacuation
[4.944s][info][gc,phases      ] GC(5)   Pre Evacuate Collection Set: 0.0ms
[4.944s][info][gc,phases      ] GC(5)   Evacuate Collection Set: 4.3ms
[4.944s][info][gc,phases      ] GC(5)   Post Evacuate Collection Set: 6.1ms
[4.944s][info][gc,phases      ] GC(5)   Other: 0.2ms
[4.944s][info][gc,heap        ] GC(5) Eden regions: 134->0(597)
[4.944s][info][gc,heap        ] GC(5) Survivor regions: 0->17(17)
[4.944s][info][gc,heap        ] GC(5) Old regions: 12->13
[4.944s][info][gc,heap        ] GC(5) Humongous regions: 0->0
[4.944s][info][gc,metaspace   ] GC(5) Metaspace: 35301K(36784K)->35301K(36784K) NonClass: 31827K(32768K)->31827K(32768K) Class: 3473K(4016K)->3473K(4016K)
[4.944s][info][gc             ] GC(5) Pause Young (Normal) (G1 Evacuation Pause) 143M->26M(1024M) 10.748ms
[4.944s][info][gc,cpu         ] GC(5) User=0.00s Sys=0.02s Real=0.01s
[7.596s][info][gc,start       ] GC(6) Pause Young (Concurrent Start) (Metadata GC Threshold)
[7.596s][info][gc,task        ] GC(6) Using 6 workers of 6 for evacuation
[7.602s][info][gc,phases      ] GC(6)   Pre Evacuate Collection Set: 0.1ms
[7.602s][info][gc,phases      ] GC(6)   Evacuate Collection Set: 5.1ms
[7.602s][info][gc,phases      ] GC(6)   Post Evacuate Collection Set: 0.9ms
[7.602s][info][gc,phases      ] GC(6)   Other: 0.3ms
[7.602s][info][gc,heap        ] GC(6) Eden regions: 148->0(606)
[7.602s][info][gc,heap        ] GC(6) Survivor regions: 17->8(77)
[7.602s][info][gc,heap        ] GC(6) Old regions: 13->13
[7.602s][info][gc,heap        ] GC(6) Humongous regions: 0->0
[7.602s][info][gc,metaspace   ] GC(6) Metaspace: 40558K(42416K)->40558K(42416K) NonClass: 36674K(37888K)->36674K(37888K) Class: 3883K(4528K)->3883K(4528K)
[7.602s][info][gc             ] GC(6) Pause Young (Concurrent Start) (Metadata GC Threshold) 174M->17M(1024M) 6.578ms
[7.602s][info][gc,cpu         ] GC(6) User=0.00s Sys=0.00s Real=0.01s
[7.602s][info][gc             ] GC(7) Concurrent Cycle
[7.602s][info][gc,marking     ] GC(7) Concurrent Clear Claimed Marks
[7.602s][info][gc,marking     ] GC(7) Concurrent Clear Claimed Marks 0.084ms
[7.602s][info][gc,marking     ] GC(7) Concurrent Scan Root Regions
[7.604s][info][gc,marking     ] GC(7) Concurrent Scan Root Regions 1.980ms
[7.605s][info][gc,marking     ] GC(7) Concurrent Mark (7.605s)
[7.605s][info][gc,marking     ] GC(7) Concurrent Mark From Roots
[7.605s][info][gc,task        ] GC(7) Using 2 workers of 2 for marking
[7.612s][info][gc,marking     ] GC(7) Concurrent Mark From Roots 7.095ms
[7.612s][info][gc,marking     ] GC(7) Concurrent Preclean
[7.612s][info][gc,marking     ] GC(7) Concurrent Preclean 0.060ms
[7.612s][info][gc,marking     ] GC(7) Concurrent Mark (7.605s, 7.612s) 7.213ms
[7.612s][info][gc,start       ] GC(7) Pause Remark
[7.618s][info][gc,stringtable ] GC(7) Cleaned string and symbol table, strings: 23397 processed, 0 removed, symbols: 110175 processed, 70 removed
[7.619s][info][gc             ] GC(7) Pause Remark 18M->18M(1024M) 6.707ms
[7.619s][info][gc,cpu         ] GC(7) User=0.00s Sys=0.00s Real=0.00s
[7.619s][info][gc,marking     ] GC(7) Concurrent Rebuild Remembered Sets
[7.622s][info][gc,marking     ] GC(7) Concurrent Rebuild Remembered Sets 3.486ms
[7.622s][info][gc,start       ] GC(7) Pause Cleanup
[7.622s][info][gc             ] GC(7) Pause Cleanup 18M->18M(1024M) 0.147ms
[7.622s][info][gc,cpu         ] GC(7) User=0.00s Sys=0.00s Real=0.00s
[7.623s][info][gc,marking     ] GC(7) Concurrent Cleanup for Next Mark
[7.624s][info][gc,marking     ] GC(7) Concurrent Cleanup for Next Mark 1.771ms
[7.624s][info][gc             ] GC(7) Concurrent Cycle 22.036ms
[29.766s][info][gc,start       ] GC(8) Pause Young (Normal) (G1 Evacuation Pause)
[29.766s][info][gc,task        ] GC(8) Using 6 workers of 6 for evacuation
[29.772s][info][gc,phases      ] GC(8)   Pre Evacuate Collection Set: 0.0ms
[29.772s][info][gc,phases      ] GC(8)   Evacuate Collection Set: 4.7ms
[29.772s][info][gc,phases      ] GC(8)   Post Evacuate Collection Set: 1.0ms
[29.772s][info][gc,phases      ] GC(8)   Other: 0.3ms
[29.772s][info][gc,heap        ] GC(8) Eden regions: 606->0(606)
[29.772s][info][gc,heap        ] GC(8) Survivor regions: 8->8(77)
[29.772s][info][gc,heap        ] GC(8) Old regions: 13->13
[29.772s][info][gc,heap        ] GC(8) Humongous regions: 0->0
[29.772s][info][gc,metaspace   ] GC(8) Metaspace: 43908K(46256K)->43908K(46256K) NonClass: 39873K(41472K)->39873K(41472K) Class: 4034K(4784K)->4034K(4784K)
[29.772s][info][gc             ] GC(8) Pause Young (Normal) (G1 Evacuation Pause) 623M->16M(1024M) 6.135ms
[29.772s][info][gc,cpu         ] GC(8) User=0.00s Sys=0.00s Real=0.00s
[55.259s][info][gc,start       ] GC(9) Pause Young (Normal) (G1 Evacuation Pause)
[55.259s][info][gc,task        ] GC(9) Using 6 workers of 6 for evacuation
[55.264s][info][gc,phases      ] GC(9)   Pre Evacuate Collection Set: 0.0ms
[55.264s][info][gc,phases      ] GC(9)   Evacuate Collection Set: 4.2ms
[55.264s][info][gc,phases      ] GC(9)   Post Evacuate Collection Set: 0.8ms
[55.264s][info][gc,phases      ] GC(9)   Other: 0.2ms
[55.264s][info][gc,heap        ] GC(9) Eden regions: 606->0(606)
[55.264s][info][gc,heap        ] GC(9) Survivor regions: 8->8(77)
[55.264s][info][gc,heap        ] GC(9) Old regions: 13->13
[55.264s][info][gc,heap        ] GC(9) Humongous regions: 0->0
[55.264s][info][gc,metaspace   ] GC(9) Metaspace: 44444K(47536K)->44444K(47536K) NonClass: 40409K(42752K)->40409K(42752K) Class: 4034K(4784K)->4034K(4784K)
[55.264s][info][gc             ] GC(9) Pause Young (Normal) (G1 Evacuation Pause) 622M->16M(1024M) 5.404ms
[55.264s][info][gc,cpu         ] GC(9) User=0.00s Sys=0.00s Real=0.00s
[80.739s][info][gc,start       ] GC(10) Pause Young (Normal) (G1 Evacuation Pause)
[80.739s][info][gc,task        ] GC(10) Using 6 workers of 6 for evacuation
[80.745s][info][gc,phases      ] GC(10)   Pre Evacuate Collection Set: 0.0ms
[80.745s][info][gc,phases      ] GC(10)   Evacuate Collection Set: 4.1ms
[80.745s][info][gc,phases      ] GC(10)   Post Evacuate Collection Set: 0.8ms
[80.745s][info][gc,phases      ] GC(10)   Other: 0.2ms
[80.745s][info][gc,heap        ] GC(10) Eden regions: 606->0(607)
[80.745s][info][gc,heap        ] GC(10) Survivor regions: 8->7(77)
[80.745s][info][gc,heap        ] GC(10) Old regions: 13->13
[80.745s][info][gc,heap        ] GC(10) Humongous regions: 0->0
[80.745s][info][gc,metaspace   ] GC(10) Metaspace: 44526K(47792K)->44526K(47792K) NonClass: 40492K(43008K)->40492K(43008K) Class: 4034K(4784K)->4034K(4784K)
[80.745s][info][gc             ] GC(10) Pause Young (Normal) (G1 Evacuation Pause) 622M->16M(1024M) 5.274ms
[80.745s][info][gc,cpu         ] GC(10) User=0.00s Sys=0.00s Real=0.01s
[106.381s][info][gc,start       ] GC(11) Pause Young (Normal) (G1 Evacuation Pause)
[106.381s][info][gc,task        ] GC(11) Using 6 workers of 6 for evacuation
[106.387s][info][gc,phases      ] GC(11)   Pre Evacuate Collection Set: 0.0ms
[106.387s][info][gc,phases      ] GC(11)   Evacuate Collection Set: 5.5ms
[106.387s][info][gc,phases      ] GC(11)   Post Evacuate Collection Set: 0.8ms
[106.387s][info][gc,phases      ] GC(11)   Other: 0.3ms
[106.387s][info][gc,heap        ] GC(11) Eden regions: 607->0(607)
[106.387s][info][gc,heap        ] GC(11) Survivor regions: 7->7(77)
[106.387s][info][gc,heap        ] GC(11) Old regions: 13->13
[106.387s][info][gc,heap        ] GC(11) Humongous regions: 0->0
[106.387s][info][gc,metaspace   ] GC(11) Metaspace: 44573K(47792K)->44573K(47792K) NonClass: 40538K(43008K)->40538K(43008K) Class: 4035K(4784K)->4035K(4784K)
[106.387s][info][gc             ] GC(11) Pause Young (Normal) (G1 Evacuation Pause) 623M->16M(1024M) 6.718ms
[106.387s][info][gc,cpu         ] GC(11) User=0.00s Sys=0.00s Real=0.01s
[131.975s][info][gc,start       ] GC(12) Pause Young (Normal) (G1 Evacuation Pause)
[131.975s][info][gc,task        ] GC(12) Using 6 workers of 6 for evacuation
[131.981s][info][gc,phases      ] GC(12)   Pre Evacuate Collection Set: 0.0ms
[131.981s][info][gc,phases      ] GC(12)   Evacuate Collection Set: 5.0ms
[131.981s][info][gc,phases      ] GC(12)   Post Evacuate Collection Set: 0.8ms
[131.981s][info][gc,phases      ] GC(12)   Other: 0.2ms
[131.981s][info][gc,heap        ] GC(12) Eden regions: 607->0(607)
[131.981s][info][gc,heap        ] GC(12) Survivor regions: 7->7(77)
[131.981s][info][gc,heap        ] GC(12) Old regions: 13->13
[131.981s][info][gc,heap        ] GC(12) Humongous regions: 0->0
[131.981s][info][gc,metaspace   ] GC(12) Metaspace: 44590K(47792K)->44590K(47792K) NonClass: 40554K(43008K)->40554K(43008K) Class: 4035K(4784K)->4035K(4784K)
[131.981s][info][gc             ] GC(12) Pause Young (Normal) (G1 Evacuation Pause) 623M->16M(1024M) 6.219ms
[131.981s][info][gc,cpu         ] GC(12) User=0.00s Sys=0.00s Real=0.01s
[157.633s][info][gc,start       ] GC(13) Pause Young (Normal) (G1 Evacuation Pause)
[157.633s][info][gc,task        ] GC(13) Using 6 workers of 6 for evacuation
[157.639s][info][gc,phases      ] GC(13)   Pre Evacuate Collection Set: 0.0ms
[157.639s][info][gc,phases      ] GC(13)   Evacuate Collection Set: 4.7ms
[157.639s][info][gc,phases      ] GC(13)   Post Evacuate Collection Set: 1.0ms
[157.639s][info][gc,phases      ] GC(13)   Other: 0.2ms
[157.639s][info][gc,heap        ] GC(13) Eden regions: 607->0(607)
[157.639s][info][gc,heap        ] GC(13) Survivor regions: 7->7(77)
[157.639s][info][gc,heap        ] GC(13) Old regions: 13->13
[157.639s][info][gc,heap        ] GC(13) Humongous regions: 0->0
[157.639s][info][gc,metaspace   ] GC(13) Metaspace: 44609K(47792K)->44609K(47792K) NonClass: 40573K(43008K)->40573K(43008K) Class: 4035K(4784K)->4035K(4784K)
[157.639s][info][gc             ] GC(13) Pause Young (Normal) (G1 Evacuation Pause) 623M->16M(1024M) 6.038ms
[157.639s][info][gc,cpu         ] GC(13) User=0.00s Sys=0.00s Real=0.00s
[183.325s][info][gc,start       ] GC(14) Pause Young (Normal) (G1 Evacuation Pause)
[183.325s][info][gc,task        ] GC(14) Using 6 workers of 6 for evacuation
[183.330s][info][gc,phases      ] GC(14)   Pre Evacuate Collection Set: 0.0ms
[183.330s][info][gc,phases      ] GC(14)   Evacuate Collection Set: 4.4ms
[183.330s][info][gc,phases      ] GC(14)   Post Evacuate Collection Set: 0.8ms
[183.330s][info][gc,phases      ] GC(14)   Other: 0.3ms
[183.330s][info][gc,heap        ] GC(14) Eden regions: 607->0(607)
[183.330s][info][gc,heap        ] GC(14) Survivor regions: 7->7(77)
[183.330s][info][gc,heap        ] GC(14) Old regions: 13->13
[183.330s][info][gc,heap        ] GC(14) Humongous regions: 0->0
[183.330s][info][gc,metaspace   ] GC(14) Metaspace: 44617K(47792K)->44617K(47792K) NonClass: 40581K(43008K)->40581K(43008K) Class: 4035K(4784K)->4035K(4784K)
[183.330s][info][gc             ] GC(14) Pause Young (Normal) (G1 Evacuation Pause) 623M->16M(1024M) 5.598ms
[183.330s][info][gc,cpu         ] GC(14) User=0.06s Sys=0.03s Real=0.01s
[208.993s][info][gc,start       ] GC(15) Pause Young (Normal) (G1 Evacuation Pause)
[208.993s][info][gc,task        ] GC(15) Using 6 workers of 6 for evacuation
[208.999s][info][gc,phases      ] GC(15)   Pre Evacuate Collection Set: 0.0ms
[208.999s][info][gc,phases      ] GC(15)   Evacuate Collection Set: 5.4ms
[208.999s][info][gc,phases      ] GC(15)   Post Evacuate Collection Set: 0.8ms
[208.999s][info][gc,phases      ] GC(15)   Other: 0.2ms
[208.999s][info][gc,heap        ] GC(15) Eden regions: 607->0(607)
[208.999s][info][gc,heap        ] GC(15) Survivor regions: 7->7(77)
[208.999s][info][gc,heap        ] GC(15) Old regions: 13->13
[208.999s][info][gc,heap        ] GC(15) Humongous regions: 0->0
[208.999s][info][gc,metaspace   ] GC(15) Metaspace: 44630K(47792K)->44630K(47792K) NonClass: 40594K(43008K)->40594K(43008K) Class: 4035K(4784K)->4035K(4784K)
[208.999s][info][gc             ] GC(15) Pause Young (Normal) (G1 Evacuation Pause) 623M->16M(1024M) 6.560ms
[208.999s][info][gc,cpu         ] GC(15) User=0.00s Sys=0.00s Real=0.00s
[234.683s][info][gc,start       ] GC(16) Pause Young (Normal) (G1 Evacuation Pause)
[234.683s][info][gc,task        ] GC(16) Using 6 workers of 6 for evacuation
[234.689s][info][gc,phases      ] GC(16)   Pre Evacuate Collection Set: 0.0ms
[234.689s][info][gc,phases      ] GC(16)   Evacuate Collection Set: 5.5ms
[234.689s][info][gc,phases      ] GC(16)   Post Evacuate Collection Set: 0.8ms
[234.689s][info][gc,phases      ] GC(16)   Other: 0.2ms
[234.689s][info][gc,heap        ] GC(16) Eden regions: 607->0(607)
[234.689s][info][gc,heap        ] GC(16) Survivor regions: 7->7(77)
[234.689s][info][gc,heap        ] GC(16) Old regions: 13->13
[234.689s][info][gc,heap        ] GC(16) Humongous regions: 0->0
[234.689s][info][gc,metaspace   ] GC(16) Metaspace: 44630K(47792K)->44630K(47792K) NonClass: 40594K(43008K)->40594K(43008K) Class: 4035K(4784K)->4035K(4784K)
[234.689s][info][gc             ] GC(16) Pause Young (Normal) (G1 Evacuation Pause) 623M->16M(1024M) 6.696ms
[234.689s][info][gc,cpu         ] GC(16) User=0.09s Sys=0.00s Real=0.01s
[251.329s][info][gc,task        ] GC(17) Using 6 workers of 6 for full compaction
[251.329s][info][gc,start       ] GC(17) Pause Full (System.gc())
[251.330s][info][gc,phases,start] GC(17) Phase 1: Mark live objects
[251.351s][info][gc,stringtable ] GC(17) Cleaned string and symbol table, strings: 25649 processed, 1424 removed, symbols: 111176 processed, 24 removed
[251.351s][info][gc,phases      ] GC(17) Phase 1: Mark live objects 21.721ms
[251.351s][info][gc,phases,start] GC(17) Phase 2: Prepare for compaction
[251.353s][info][gc,phases      ] GC(17) Phase 2: Prepare for compaction 1.966ms
[251.353s][info][gc,phases,start] GC(17) Phase 3: Adjust pointers
[251.362s][info][gc,phases      ] GC(17) Phase 3: Adjust pointers 9.086ms
[251.362s][info][gc,phases,start] GC(17) Phase 4: Compact heap
[251.365s][info][gc,phases      ] GC(17) Phase 4: Compact heap 2.490ms
[251.372s][info][gc,heap        ] GC(17) Eden regions: 386->0(614)
[251.372s][info][gc,heap        ] GC(17) Survivor regions: 7->0(77)
[251.372s][info][gc,heap        ] GC(17) Old regions: 13->16
[251.372s][info][gc,heap        ] GC(17) Humongous regions: 0->0
[251.372s][info][gc,metaspace   ] GC(17) Metaspace: 44780K(48048K)->43282K(48048K) NonClass: 40731K(43264K)->39395K(43264K) Class: 4049K(4784K)->3887K(4784K)
[251.372s][info][gc             ] GC(17) Pause Full (System.gc()) 401M->13M(1024M) 42.892ms
[251.372s][info][gc,cpu         ] GC(17) User=0.09s Sys=0.00s Real=0.05s
[275.316s][info][gc,start       ] GC(18) Pause Young (Normal) (G1 Evacuation Pause)
[275.316s][info][gc,task        ] GC(18) Using 6 workers of 6 for evacuation
[275.319s][info][gc,phases      ] GC(18)   Pre Evacuate Collection Set: 0.0ms
[275.319s][info][gc,phases      ] GC(18)   Evacuate Collection Set: 1.6ms
[275.319s][info][gc,phases      ] GC(18)   Post Evacuate Collection Set: 1.3ms
[275.319s][info][gc,phases      ] GC(18)   Other: 0.3ms
[275.319s][info][gc,heap        ] GC(18) Eden regions: 614->0(611)
[275.319s][info][gc,heap        ] GC(18) Survivor regions: 0->3(77)
[275.319s][info][gc,heap        ] GC(18) Old regions: 16->16
[275.319s][info][gc,heap        ] GC(18) Humongous regions: 0->0
[275.319s][info][gc,metaspace   ] GC(18) Metaspace: 44295K(48048K)->44295K(48048K) NonClass: 40314K(43264K)->40314K(43264K) Class: 3980K(4784K)->3980K(4784K)
[275.319s][info][gc             ] GC(18) Pause Young (Normal) (G1 Evacuation Pause) 627M->16M(1024M) 3.417ms
[275.319s][info][gc,cpu         ] GC(18) User=0.00s Sys=0.00s Real=0.00s
[301.128s][info][gc,start       ] GC(19) Pause Young (Normal) (G1 Evacuation Pause)
[301.128s][info][gc,task        ] GC(19) Using 6 workers of 6 for evacuation
[301.130s][info][gc,phases      ] GC(19)   Pre Evacuate Collection Set: 0.0ms
[301.130s][info][gc,phases      ] GC(19)   Evacuate Collection Set: 1.5ms
[301.130s][info][gc,phases      ] GC(19)   Post Evacuate Collection Set: 0.9ms
[301.130s][info][gc,phases      ] GC(19)   Other: 0.2ms
[301.130s][info][gc,heap        ] GC(19) Eden regions: 611->0(611)
[301.130s][info][gc,heap        ] GC(19) Survivor regions: 3->3(77)
[301.130s][info][gc,heap        ] GC(19) Old regions: 16->16
[301.130s][info][gc,heap        ] GC(19) Humongous regions: 0->0
[301.130s][info][gc,metaspace   ] GC(19) Metaspace: 44534K(48048K)->44534K(48048K) NonClass: 40554K(43264K)->40554K(43264K) Class: 3980K(4784K)->3980K(4784K)
[301.130s][info][gc             ] GC(19) Pause Young (Normal) (G1 Evacuation Pause) 627M->16M(1024M) 2.868ms
[301.130s][info][gc,cpu         ] GC(19) User=0.00s Sys=0.00s Real=0.00s
[326.913s][info][gc,start       ] GC(20) Pause Young (Normal) (G1 Evacuation Pause)
[326.913s][info][gc,task        ] GC(20) Using 6 workers of 6 for evacuation
[326.916s][info][gc,phases      ] GC(20)   Pre Evacuate Collection Set: 0.0ms
[326.916s][info][gc,phases      ] GC(20)   Evacuate Collection Set: 1.9ms
[326.916s][info][gc,phases      ] GC(20)   Post Evacuate Collection Set: 0.8ms
[326.916s][info][gc,phases      ] GC(20)   Other: 0.2ms
[326.916s][info][gc,heap        ] GC(20) Eden regions: 611->0(611)
[326.916s][info][gc,heap        ] GC(20) Survivor regions: 3->3(77)
[326.916s][info][gc,heap        ] GC(20) Old regions: 16->16
[326.916s][info][gc,heap        ] GC(20) Humongous regions: 0->0
[326.916s][info][gc,metaspace   ] GC(20) Metaspace: 44552K(48048K)->44552K(48048K) NonClass: 40572K(43264K)->40572K(43264K) Class: 3980K(4784K)->3980K(4784K)
[326.916s][info][gc             ] GC(20) Pause Young (Normal) (G1 Evacuation Pause) 627M->16M(1024M) 3.112ms
[326.916s][info][gc,cpu         ] GC(20) User=0.00s Sys=0.00s Real=0.00s
[352.721s][info][gc,start       ] GC(21) Pause Young (Normal) (G1 Evacuation Pause)
[352.721s][info][gc,task        ] GC(21) Using 6 workers of 6 for evacuation
[352.724s][info][gc,phases      ] GC(21)   Pre Evacuate Collection Set: 0.0ms
[352.724s][info][gc,phases      ] GC(21)   Evacuate Collection Set: 1.8ms
[352.724s][info][gc,phases      ] GC(21)   Post Evacuate Collection Set: 0.8ms
[352.724s][info][gc,phases      ] GC(21)   Other: 0.3ms
[352.724s][info][gc,heap        ] GC(21) Eden regions: 611->0(611)
[352.724s][info][gc,heap        ] GC(21) Survivor regions: 3->3(77)
[352.724s][info][gc,heap        ] GC(21) Old regions: 16->16
[352.724s][info][gc,heap        ] GC(21) Humongous regions: 0->0
[352.724s][info][gc,metaspace   ] GC(21) Metaspace: 44552K(48048K)->44552K(48048K) NonClass: 40572K(43264K)->40572K(43264K) Class: 3980K(4784K)->3980K(4784K)
[352.724s][info][gc             ] GC(21) Pause Young (Normal) (G1 Evacuation Pause) 627M->16M(1024M) 3.072ms
[352.724s][info][gc,cpu         ] GC(21) User=0.00s Sys=0.00s Real=0.00s
[378.608s][info][gc,start       ] GC(22) Pause Young (Normal) (G1 Evacuation Pause)
[378.608s][info][gc,task        ] GC(22) Using 6 workers of 6 for evacuation
[378.611s][info][gc,phases      ] GC(22)   Pre Evacuate Collection Set: 0.0ms
[378.611s][info][gc,phases      ] GC(22)   Evacuate Collection Set: 1.9ms
[378.611s][info][gc,phases      ] GC(22)   Post Evacuate Collection Set: 0.9ms
[378.611s][info][gc,phases      ] GC(22)   Other: 0.2ms
[378.611s][info][gc,heap        ] GC(22) Eden regions: 611->0(611)
[378.611s][info][gc,heap        ] GC(22) Survivor regions: 3->3(77)
[378.611s][info][gc,heap        ] GC(22) Old regions: 16->16
[378.611s][info][gc,heap        ] GC(22) Humongous regions: 0->0
[378.611s][info][gc,metaspace   ] GC(22) Metaspace: 44552K(48048K)->44552K(48048K) NonClass: 40572K(43264K)->40572K(43264K) Class: 3980K(4784K)->3980K(4784K)
[378.611s][info][gc             ] GC(22) Pause Young (Normal) (G1 Evacuation Pause) 627M->16M(1024M) 3.186ms
[378.611s][info][gc,cpu         ] GC(22) User=0.09s Sys=0.00s Real=0.00s
[404.451s][info][gc,start       ] GC(23) Pause Young (Normal) (G1 Evacuation Pause)
[404.451s][info][gc,task        ] GC(23) Using 6 workers of 6 for evacuation
[404.453s][info][gc,phases      ] GC(23)   Pre Evacuate Collection Set: 0.0ms
[404.453s][info][gc,phases      ] GC(23)   Evacuate Collection Set: 1.6ms
[404.453s][info][gc,phases      ] GC(23)   Post Evacuate Collection Set: 0.9ms
[404.453s][info][gc,phases      ] GC(23)   Other: 0.2ms
[404.453s][info][gc,heap        ] GC(23) Eden regions: 611->0(611)
[404.453s][info][gc,heap        ] GC(23) Survivor regions: 3->3(77)
[404.453s][info][gc,heap        ] GC(23) Old regions: 16->16
[404.453s][info][gc,heap        ] GC(23) Humongous regions: 0->0
[404.453s][info][gc,metaspace   ] GC(23) Metaspace: 44553K(48048K)->44553K(48048K) NonClass: 40572K(43264K)->40572K(43264K) Class: 3980K(4784K)->3980K(4784K)
[404.453s][info][gc             ] GC(23) Pause Young (Normal) (G1 Evacuation Pause) 627M->16M(1024M) 2.854ms
[404.453s][info][gc,cpu         ] GC(23) User=0.02s Sys=0.00s Real=0.00s
[430.268s][info][gc,start       ] GC(24) Pause Young (Normal) (G1 Evacuation Pause)
[430.268s][info][gc,task        ] GC(24) Using 6 workers of 6 for evacuation
[430.272s][info][gc,phases      ] GC(24)   Pre Evacuate Collection Set: 0.0ms
[430.272s][info][gc,phases      ] GC(24)   Evacuate Collection Set: 2.1ms
[430.272s][info][gc,phases      ] GC(24)   Post Evacuate Collection Set: 0.8ms
[430.272s][info][gc,phases      ] GC(24)   Other: 0.2ms
[430.272s][info][gc,heap        ] GC(24) Eden regions: 611->0(611)
[430.272s][info][gc,heap        ] GC(24) Survivor regions: 3->3(77)
[430.272s][info][gc,heap        ] GC(24) Old regions: 16->16
[430.272s][info][gc,heap        ] GC(24) Humongous regions: 0->0
[430.272s][info][gc,metaspace   ] GC(24) Metaspace: 44557K(48048K)->44557K(48048K) NonClass: 40576K(43264K)->40576K(43264K) Class: 3981K(4784K)->3981K(4784K)
[430.272s][info][gc             ] GC(24) Pause Young (Normal) (G1 Evacuation Pause) 627M->16M(1024M) 3.288ms
[430.272s][info][gc,cpu         ] GC(24) User=0.00s Sys=0.00s Real=0.00s
[456.112s][info][gc,start       ] GC(25) Pause Young (Normal) (G1 Evacuation Pause)
[456.112s][info][gc,task        ] GC(25) Using 6 workers of 6 for evacuation
[456.114s][info][gc,phases      ] GC(25)   Pre Evacuate Collection Set: 0.0ms
[456.115s][info][gc,phases      ] GC(25)   Evacuate Collection Set: 1.8ms
[456.115s][info][gc,phases      ] GC(25)   Post Evacuate Collection Set: 0.8ms
[456.115s][info][gc,phases      ] GC(25)   Other: 0.2ms
[456.115s][info][gc,heap        ] GC(25) Eden regions: 611->0(611)
[456.115s][info][gc,heap        ] GC(25) Survivor regions: 3->3(77)
[456.115s][info][gc,heap        ] GC(25) Old regions: 16->16
[456.115s][info][gc,heap        ] GC(25) Humongous regions: 0->0
[456.115s][info][gc,metaspace   ] GC(25) Metaspace: 44558K(48048K)->44558K(48048K) NonClass: 40577K(43264K)->40577K(43264K) Class: 3981K(4784K)->3981K(4784K)
[456.115s][info][gc             ] GC(25) Pause Young (Normal) (G1 Evacuation Pause) 627M->16M(1024M) 3.055ms
[456.115s][info][gc,cpu         ] GC(25) User=0.00s Sys=0.00s Real=0.00s
[481.990s][info][gc,start       ] GC(26) Pause Young (Normal) (G1 Evacuation Pause)
[481.990s][info][gc,task        ] GC(26) Using 6 workers of 6 for evacuation
[481.993s][info][gc,phases      ] GC(26)   Pre Evacuate Collection Set: 0.0ms
[481.994s][info][gc,phases      ] GC(26)   Evacuate Collection Set: 2.1ms
[481.994s][info][gc,phases      ] GC(26)   Post Evacuate Collection Set: 1.4ms
[481.994s][info][gc,phases      ] GC(26)   Other: 0.2ms
[481.994s][info][gc,heap        ] GC(26) Eden regions: 611->0(611)
[481.994s][info][gc,heap        ] GC(26) Survivor regions: 3->3(77)
[481.994s][info][gc,heap        ] GC(26) Old regions: 16->16
[481.994s][info][gc,heap        ] GC(26) Humongous regions: 0->0
[481.994s][info][gc,metaspace   ] GC(26) Metaspace: 44558K(48048K)->44558K(48048K) NonClass: 40577K(43264K)->40577K(43264K) Class: 3981K(4784K)->3981K(4784K)
[481.994s][info][gc             ] GC(26) Pause Young (Normal) (G1 Evacuation Pause) 627M->16M(1024M) 3.874ms
[481.994s][info][gc,cpu         ] GC(26) User=0.00s Sys=0.00s Real=0.00s
[493.885s][info][gc,task        ] GC(27) Using 6 workers of 6 for full compaction
[493.885s][info][gc,start       ] GC(27) Pause Full (System.gc())
[493.886s][info][gc,phases,start] GC(27) Phase 1: Mark live objects
[493.902s][info][gc,stringtable ] GC(27) Cleaned string and symbol table, strings: 26119 processed, 1624 removed, symbols: 111277 processed, 299 removed
[493.902s][info][gc,phases      ] GC(27) Phase 1: Mark live objects 16.876ms
[493.902s][info][gc,phases,start] GC(27) Phase 2: Prepare for compaction
[493.905s][info][gc,phases      ] GC(27) Phase 2: Prepare for compaction 2.912ms
[493.905s][info][gc,phases,start] GC(27) Phase 3: Adjust pointers
[493.914s][info][gc,phases      ] GC(27) Phase 3: Adjust pointers 8.554ms
[493.914s][info][gc,phases,start] GC(27) Phase 4: Compact heap
[493.918s][info][gc,phases      ] GC(27) Phase 4: Compact heap 3.779ms
[493.925s][info][gc,heap        ] GC(27) Eden regions: 274->0(614)
[493.925s][info][gc,heap        ] GC(27) Survivor regions: 3->0(77)
[493.925s][info][gc,heap        ] GC(27) Old regions: 16->17
[493.925s][info][gc,heap        ] GC(27) Humongous regions: 0->0
[493.925s][info][gc,metaspace   ] GC(27) Metaspace: 44581K(48048K)->43405K(48048K) NonClass: 40599K(43264K)->39514K(43264K) Class: 3982K(4784K)->3891K(4784K)
[493.925s][info][gc             ] GC(27) Pause Full (System.gc()) 289M->13M(1024M) 39.425ms
[493.925s][info][gc,cpu         ] GC(27) User=0.20s Sys=0.00s Real=0.04s
[517.972s][info][gc,start       ] GC(28) Pause Young (Normal) (G1 Evacuation Pause)
[517.972s][info][gc,task        ] GC(28) Using 6 workers of 6 for evacuation
[517.974s][info][gc,phases      ] GC(28)   Pre Evacuate Collection Set: 0.0ms
[517.974s][info][gc,phases      ] GC(28)   Evacuate Collection Set: 1.1ms
[517.974s][info][gc,phases      ] GC(28)   Post Evacuate Collection Set: 0.7ms
[517.974s][info][gc,phases      ] GC(28)   Other: 0.2ms
[517.974s][info][gc,heap        ] GC(28) Eden regions: 614->0(611)
[517.974s][info][gc,heap        ] GC(28) Survivor regions: 0->3(77)
[517.974s][info][gc,heap        ] GC(28) Old regions: 17->17
[517.974s][info][gc,heap        ] GC(28) Humongous regions: 0->0
[517.974s][info][gc,metaspace   ] GC(28) Metaspace: 44404K(48048K)->44404K(48048K) NonClass: 40421K(43264K)->40421K(43264K) Class: 3983K(4784K)->3983K(4784K)
[517.974s][info][gc             ] GC(28) Pause Young (Normal) (G1 Evacuation Pause) 627M->16M(1024M) 2.129ms
[517.974s][info][gc,cpu         ] GC(28) User=0.00s Sys=0.00s Real=0.00s
[543.750s][info][gc,start       ] GC(29) Pause Young (Normal) (G1 Evacuation Pause)
[543.751s][info][gc,task        ] GC(29) Using 6 workers of 6 for evacuation
[543.754s][info][gc,phases      ] GC(29)   Pre Evacuate Collection Set: 0.0ms
[543.754s][info][gc,phases      ] GC(29)   Evacuate Collection Set: 1.9ms
[543.754s][info][gc,phases      ] GC(29)   Post Evacuate Collection Set: 0.8ms
[543.754s][info][gc,phases      ] GC(29)   Other: 0.3ms
[543.754s][info][gc,heap        ] GC(29) Eden regions: 611->0(611)
[543.754s][info][gc,heap        ] GC(29) Survivor regions: 3->3(77)
[543.754s][info][gc,heap        ] GC(29) Old regions: 17->17
[543.754s][info][gc,heap        ] GC(29) Humongous regions: 0->0
[543.754s][info][gc,metaspace   ] GC(29) Metaspace: 44646K(48048K)->44646K(48048K) NonClass: 40663K(43264K)->40663K(43264K) Class: 3983K(4784K)->3983K(4784K)
[543.754s][info][gc             ] GC(29) Pause Young (Normal) (G1 Evacuation Pause) 627M->16M(1024M) 3.240ms
[543.754s][info][gc,cpu         ] GC(29) User=0.00s Sys=0.00s Real=0.00s
[569.597s][info][gc,start       ] GC(30) Pause Young (Normal) (G1 Evacuation Pause)
[569.597s][info][gc,task        ] GC(30) Using 6 workers of 6 for evacuation
[569.599s][info][gc,phases      ] GC(30)   Pre Evacuate Collection Set: 0.0ms
[569.599s][info][gc,phases      ] GC(30)   Evacuate Collection Set: 1.3ms
[569.599s][info][gc,phases      ] GC(30)   Post Evacuate Collection Set: 0.6ms
[569.599s][info][gc,phases      ] GC(30)   Other: 0.2ms
[569.599s][info][gc,heap        ] GC(30) Eden regions: 611->0(611)
[569.599s][info][gc,heap        ] GC(30) Survivor regions: 3->3(77)
[569.599s][info][gc,heap        ] GC(30) Old regions: 17->17
[569.599s][info][gc,heap        ] GC(30) Humongous regions: 0->0
[569.599s][info][gc,metaspace   ] GC(30) Metaspace: 44646K(48048K)->44646K(48048K) NonClass: 40663K(43264K)->40663K(43264K) Class: 3983K(4784K)->3983K(4784K)
[569.599s][info][gc             ] GC(30) Pause Young (Normal) (G1 Evacuation Pause) 627M->16M(1024M) 2.263ms
[569.599s][info][gc,cpu         ] GC(30) User=0.00s Sys=0.00s Real=0.00s
[595.438s][info][gc,start       ] GC(31) Pause Young (Normal) (G1 Evacuation Pause)
[595.438s][info][gc,task        ] GC(31) Using 6 workers of 6 for evacuation
[595.440s][info][gc,phases      ] GC(31)   Pre Evacuate Collection Set: 0.0ms
[595.440s][info][gc,phases      ] GC(31)   Evacuate Collection Set: 1.4ms
[595.440s][info][gc,phases      ] GC(31)   Post Evacuate Collection Set: 0.7ms
[595.440s][info][gc,phases      ] GC(31)   Other: 0.2ms
[595.440s][info][gc,heap        ] GC(31) Eden regions: 611->0(611)
[595.440s][info][gc,heap        ] GC(31) Survivor regions: 3->3(77)
[595.440s][info][gc,heap        ] GC(31) Old regions: 17->17
[595.440s][info][gc,heap        ] GC(31) Humongous regions: 0->0
[595.440s][info][gc,metaspace   ] GC(31) Metaspace: 44646K(48048K)->44646K(48048K) NonClass: 40663K(43264K)->40663K(43264K) Class: 3983K(4784K)->3983K(4784K)
[595.440s][info][gc             ] GC(31) Pause Young (Normal) (G1 Evacuation Pause) 627M->16M(1024M) 2.373ms
[595.440s][info][gc,cpu         ] GC(31) User=0.00s Sys=0.00s Real=0.00s
[621.260s][info][gc,start       ] GC(32) Pause Young (Normal) (G1 Evacuation Pause)
[621.261s][info][gc,task        ] GC(32) Using 6 workers of 6 for evacuation
[621.263s][info][gc,phases      ] GC(32)   Pre Evacuate Collection Set: 0.0ms
[621.263s][info][gc,phases      ] GC(32)   Evacuate Collection Set: 1.6ms
[621.263s][info][gc,phases      ] GC(32)   Post Evacuate Collection Set: 0.9ms
[621.263s][info][gc,phases      ] GC(32)   Other: 0.2ms
[621.263s][info][gc,heap        ] GC(32) Eden regions: 611->0(611)
[621.263s][info][gc,heap        ] GC(32) Survivor regions: 3->3(77)
[621.263s][info][gc,heap        ] GC(32) Old regions: 17->17
[621.263s][info][gc,heap        ] GC(32) Humongous regions: 0->0
[621.263s][info][gc,metaspace   ] GC(32) Metaspace: 44646K(48048K)->44646K(48048K) NonClass: 40663K(43264K)->40663K(43264K) Class: 3983K(4784K)->3983K(4784K)
[621.263s][info][gc             ] GC(32) Pause Young (Normal) (G1 Evacuation Pause) 627M->16M(1024M) 2.938ms
[621.263s][info][gc,cpu         ] GC(32) User=0.00s Sys=0.00s Real=0.00s
[647.060s][info][gc,start       ] GC(33) Pause Young (Normal) (G1 Evacuation Pause)
[647.060s][info][gc,task        ] GC(33) Using 6 workers of 6 for evacuation
[647.062s][info][gc,phases      ] GC(33)   Pre Evacuate Collection Set: 0.0ms
[647.062s][info][gc,phases      ] GC(33)   Evacuate Collection Set: 1.4ms
[647.062s][info][gc,phases      ] GC(33)   Post Evacuate Collection Set: 0.8ms
[647.062s][info][gc,phases      ] GC(33)   Other: 0.2ms
[647.062s][info][gc,heap        ] GC(33) Eden regions: 611->0(611)
[647.062s][info][gc,heap        ] GC(33) Survivor regions: 3->3(77)
[647.062s][info][gc,heap        ] GC(33) Old regions: 17->17
[647.062s][info][gc,heap        ] GC(33) Humongous regions: 0->0
[647.062s][info][gc,metaspace   ] GC(33) Metaspace: 44647K(48048K)->44647K(48048K) NonClass: 40664K(43264K)->40664K(43264K) Class: 3983K(4784K)->3983K(4784K)
[647.062s][info][gc             ] GC(33) Pause Young (Normal) (G1 Evacuation Pause) 627M->16M(1024M) 2.593ms
[647.063s][info][gc,cpu         ] GC(33) User=0.00s Sys=0.00s Real=0.00s
[672.951s][info][gc,start       ] GC(34) Pause Young (Normal) (G1 Evacuation Pause)
[672.951s][info][gc,task        ] GC(34) Using 6 workers of 6 for evacuation
[672.955s][info][gc,phases      ] GC(34)   Pre Evacuate Collection Set: 0.0ms
[672.955s][info][gc,phases      ] GC(34)   Evacuate Collection Set: 2.2ms
[672.955s][info][gc,phases      ] GC(34)   Post Evacuate Collection Set: 0.8ms
[672.955s][info][gc,phases      ] GC(34)   Other: 0.2ms
[672.955s][info][gc,heap        ] GC(34) Eden regions: 611->0(611)
[672.955s][info][gc,heap        ] GC(34) Survivor regions: 3->3(77)
[672.955s][info][gc,heap        ] GC(34) Old regions: 17->17
[672.955s][info][gc,heap        ] GC(34) Humongous regions: 0->0
[672.955s][info][gc,metaspace   ] GC(34) Metaspace: 44652K(48048K)->44652K(48048K) NonClass: 40668K(43264K)->40668K(43264K) Class: 3983K(4784K)->3983K(4784K)
[672.955s][info][gc             ] GC(34) Pause Young (Normal) (G1 Evacuation Pause) 627M->16M(1024M) 3.394ms
[672.955s][info][gc,cpu         ] GC(34) User=0.09s Sys=0.00s Real=0.00s
[698.773s][info][gc,start       ] GC(35) Pause Young (Normal) (G1 Evacuation Pause)
[698.773s][info][gc,task        ] GC(35) Using 6 workers of 6 for evacuation
[698.775s][info][gc,phases      ] GC(35)   Pre Evacuate Collection Set: 0.0ms
[698.775s][info][gc,phases      ] GC(35)   Evacuate Collection Set: 1.6ms
[698.775s][info][gc,phases      ] GC(35)   Post Evacuate Collection Set: 0.8ms
[698.775s][info][gc,phases      ] GC(35)   Other: 0.2ms
[698.775s][info][gc,heap        ] GC(35) Eden regions: 611->0(611)
[698.775s][info][gc,heap        ] GC(35) Survivor regions: 3->3(77)
[698.775s][info][gc,heap        ] GC(35) Old regions: 17->17
[698.775s][info][gc,heap        ] GC(35) Humongous regions: 0->0
[698.775s][info][gc,metaspace   ] GC(35) Metaspace: 44652K(48048K)->44652K(48048K) NonClass: 40668K(43264K)->40668K(43264K) Class: 3983K(4784K)->3983K(4784K)
[698.775s][info][gc             ] GC(35) Pause Young (Normal) (G1 Evacuation Pause) 627M->16M(1024M) 2.792ms
[698.775s][info][gc,cpu         ] GC(35) User=0.00s Sys=0.00s Real=0.00s
[724.614s][info][gc,start       ] GC(36) Pause Young (Normal) (G1 Evacuation Pause)
[724.614s][info][gc,task        ] GC(36) Using 6 workers of 6 for evacuation
[724.616s][info][gc,phases      ] GC(36)   Pre Evacuate Collection Set: 0.0ms
[724.616s][info][gc,phases      ] GC(36)   Evacuate Collection Set: 1.8ms
[724.616s][info][gc,phases      ] GC(36)   Post Evacuate Collection Set: 0.8ms
[724.616s][info][gc,phases      ] GC(36)   Other: 0.2ms
[724.617s][info][gc,heap        ] GC(36) Eden regions: 611->0(611)
[724.617s][info][gc,heap        ] GC(36) Survivor regions: 3->3(77)
[724.617s][info][gc,heap        ] GC(36) Old regions: 17->17
[724.617s][info][gc,heap        ] GC(36) Humongous regions: 0->0
[724.617s][info][gc,metaspace   ] GC(36) Metaspace: 44652K(48048K)->44652K(48048K) NonClass: 40668K(43264K)->40668K(43264K) Class: 3983K(4784K)->3983K(4784K)
[724.617s][info][gc             ] GC(36) Pause Young (Normal) (G1 Evacuation Pause) 627M->16M(1024M) 3.046ms
[724.617s][info][gc,cpu         ] GC(36) User=0.00s Sys=0.00s Real=0.00s
[736.241s][info][gc,task        ] GC(37) Using 6 workers of 6 for full compaction
[736.241s][info][gc,start       ] GC(37) Pause Full (System.gc())
[736.241s][info][gc,phases,start] GC(37) Phase 1: Mark live objects
[736.260s][info][gc,stringtable ] GC(37) Cleaned string and symbol table, strings: 26182 processed, 1621 removed, symbols: 111094 processed, 108 removed
[736.260s][info][gc,phases      ] GC(37) Phase 1: Mark live objects 19.083ms
[736.260s][info][gc,phases,start] GC(37) Phase 2: Prepare for compaction
[736.262s][info][gc,phases      ] GC(37) Phase 2: Prepare for compaction 1.540ms
[736.262s][info][gc,phases,start] GC(37) Phase 3: Adjust pointers
[736.270s][info][gc,phases      ] GC(37) Phase 3: Adjust pointers 7.886ms
[736.270s][info][gc,phases,start] GC(37) Phase 4: Compact heap
[736.272s][info][gc,phases      ] GC(37) Phase 4: Compact heap 2.105ms
[736.279s][info][gc,heap        ] GC(37) Eden regions: 271->0(614)
[736.279s][info][gc,heap        ] GC(37) Survivor regions: 3->0(77)
[736.279s][info][gc,heap        ] GC(37) Old regions: 17->15
[736.279s][info][gc,heap        ] GC(37) Humongous regions: 0->0
[736.279s][info][gc,metaspace   ] GC(37) Metaspace: 44672K(48048K)->43492K(48048K) NonClass: 40688K(43264K)->39597K(43264K) Class: 3984K(4784K)->3894K(4784K)
[736.279s][info][gc             ] GC(37) Pause Full (System.gc()) 286M->13M(1024M) 38.041ms
[736.279s][info][gc,cpu         ] GC(37) User=0.06s Sys=0.00s Real=0.04s
[760.346s][info][gc,start       ] GC(38) Pause Young (Normal) (G1 Evacuation Pause)
[760.346s][info][gc,task        ] GC(38) Using 6 workers of 6 for evacuation
[760.349s][info][gc,phases      ] GC(38)   Pre Evacuate Collection Set: 0.0ms
[760.349s][info][gc,phases      ] GC(38)   Evacuate Collection Set: 1.7ms
[760.349s][info][gc,phases      ] GC(38)   Post Evacuate Collection Set: 0.9ms
[760.349s][info][gc,phases      ] GC(38)   Other: 0.3ms
[760.349s][info][gc,heap        ] GC(38) Eden regions: 614->0(611)
[760.349s][info][gc,heap        ] GC(38) Survivor regions: 0->3(77)
[760.349s][info][gc,heap        ] GC(38) Old regions: 15->15
[760.349s][info][gc,heap        ] GC(38) Humongous regions: 0->0
[760.349s][info][gc,metaspace   ] GC(38) Metaspace: 44536K(48048K)->44536K(48048K) NonClass: 40547K(43264K)->40547K(43264K) Class: 3989K(4784K)->3989K(4784K)
[760.349s][info][gc             ] GC(38) Pause Young (Normal) (G1 Evacuation Pause) 627M->16M(1024M) 3.034ms
[760.349s][info][gc,cpu         ] GC(38) User=0.00s Sys=0.00s Real=0.00s
[786.176s][info][gc,start       ] GC(39) Pause Young (Normal) (G1 Evacuation Pause)
[786.176s][info][gc,task        ] GC(39) Using 6 workers of 6 for evacuation
[786.178s][info][gc,phases      ] GC(39)   Pre Evacuate Collection Set: 0.0ms
[786.178s][info][gc,phases      ] GC(39)   Evacuate Collection Set: 2.0ms
[786.178s][info][gc,phases      ] GC(39)   Post Evacuate Collection Set: 0.6ms
[786.178s][info][gc,phases      ] GC(39)   Other: 0.2ms
[786.178s][info][gc,heap        ] GC(39) Eden regions: 611->0(611)
[786.178s][info][gc,heap        ] GC(39) Survivor regions: 3->3(77)
[786.178s][info][gc,heap        ] GC(39) Old regions: 15->15
[786.178s][info][gc,heap        ] GC(39) Humongous regions: 0->0
[786.178s][info][gc,metaspace   ] GC(39) Metaspace: 44778K(48048K)->44778K(48048K) NonClass: 40789K(43264K)->40789K(43264K) Class: 3989K(4784K)->3989K(4784K)
[786.178s][info][gc             ] GC(39) Pause Young (Normal) (G1 Evacuation Pause) 627M->16M(1024M) 2.883ms
[786.179s][info][gc,cpu         ] GC(39) User=0.00s Sys=0.00s Real=0.00s
[812.042s][info][gc,start       ] GC(40) Pause Young (Normal) (G1 Evacuation Pause)
[812.043s][info][gc,task        ] GC(40) Using 6 workers of 6 for evacuation
[812.045s][info][gc,phases      ] GC(40)   Pre Evacuate Collection Set: 0.0ms
[812.045s][info][gc,phases      ] GC(40)   Evacuate Collection Set: 1.6ms
[812.045s][info][gc,phases      ] GC(40)   Post Evacuate Collection Set: 1.0ms
[812.045s][info][gc,phases      ] GC(40)   Other: 0.2ms
[812.045s][info][gc,heap        ] GC(40) Eden regions: 611->0(611)
[812.045s][info][gc,heap        ] GC(40) Survivor regions: 3->3(77)
[812.045s][info][gc,heap        ] GC(40) Old regions: 15->15
[812.045s][info][gc,heap        ] GC(40) Humongous regions: 0->0
[812.045s][info][gc,metaspace   ] GC(40) Metaspace: 44778K(48048K)->44778K(48048K) NonClass: 40789K(43264K)->40789K(43264K) Class: 3989K(4784K)->3989K(4784K)
[812.045s][info][gc             ] GC(40) Pause Young (Normal) (G1 Evacuation Pause) 627M->16M(1024M) 2.937ms
[812.045s][info][gc,cpu         ] GC(40) User=0.00s Sys=0.00s Real=0.00s
[837.885s][info][gc,start       ] GC(41) Pause Young (Normal) (G1 Evacuation Pause)
[837.885s][info][gc,task        ] GC(41) Using 6 workers of 6 for evacuation
[837.888s][info][gc,phases      ] GC(41)   Pre Evacuate Collection Set: 0.0ms
[837.888s][info][gc,phases      ] GC(41)   Evacuate Collection Set: 1.8ms
[837.888s][info][gc,phases      ] GC(41)   Post Evacuate Collection Set: 0.9ms
[837.888s][info][gc,phases      ] GC(41)   Other: 0.2ms
[837.888s][info][gc,heap        ] GC(41) Eden regions: 611->0(611)
[837.888s][info][gc,heap        ] GC(41) Survivor regions: 3->3(77)
[837.888s][info][gc,heap        ] GC(41) Old regions: 15->15
[837.888s][info][gc,heap        ] GC(41) Humongous regions: 0->0
[837.888s][info][gc,metaspace   ] GC(41) Metaspace: 44778K(48048K)->44778K(48048K) NonClass: 40789K(43264K)->40789K(43264K) Class: 3989K(4784K)->3989K(4784K)
[837.888s][info][gc             ] GC(41) Pause Young (Normal) (G1 Evacuation Pause) 627M->16M(1024M) 3.053ms
[837.888s][info][gc,cpu         ] GC(41) User=0.00s Sys=0.00s Real=0.00s
[863.724s][info][gc,start       ] GC(42) Pause Young (Normal) (G1 Evacuation Pause)
[863.724s][info][gc,task        ] GC(42) Using 6 workers of 6 for evacuation
[863.727s][info][gc,phases      ] GC(42)   Pre Evacuate Collection Set: 0.0ms
[863.727s][info][gc,phases      ] GC(42)   Evacuate Collection Set: 1.7ms
[863.727s][info][gc,phases      ] GC(42)   Post Evacuate Collection Set: 0.9ms
[863.727s][info][gc,phases      ] GC(42)   Other: 0.2ms
[863.727s][info][gc,heap        ] GC(42) Eden regions: 611->0(611)
[863.727s][info][gc,heap        ] GC(42) Survivor regions: 3->3(77)
[863.727s][info][gc,heap        ] GC(42) Old regions: 15->15
[863.727s][info][gc,heap        ] GC(42) Humongous regions: 0->0
[863.727s][info][gc,metaspace   ] GC(42) Metaspace: 44778K(48048K)->44778K(48048K) NonClass: 40789K(43264K)->40789K(43264K) Class: 3989K(4784K)->3989K(4784K)
[863.727s][info][gc             ] GC(42) Pause Young (Normal) (G1 Evacuation Pause) 627M->16M(1024M) 2.938ms
[863.727s][info][gc,cpu         ] GC(42) User=0.00s Sys=0.00s Real=0.00s
[889.512s][info][gc,start       ] GC(43) Pause Young (Normal) (G1 Evacuation Pause)
[889.512s][info][gc,task        ] GC(43) Using 6 workers of 6 for evacuation
[889.515s][info][gc,phases      ] GC(43)   Pre Evacuate Collection Set: 0.0ms
[889.515s][info][gc,phases      ] GC(43)   Evacuate Collection Set: 1.9ms
[889.515s][info][gc,phases      ] GC(43)   Post Evacuate Collection Set: 0.9ms
[889.515s][info][gc,phases      ] GC(43)   Other: 0.2ms
[889.515s][info][gc,heap        ] GC(43) Eden regions: 611->0(611)
[889.515s][info][gc,heap        ] GC(43) Survivor regions: 3->3(77)
[889.515s][info][gc,heap        ] GC(43) Old regions: 15->15
[889.515s][info][gc,heap        ] GC(43) Humongous regions: 0->0
[889.515s][info][gc,metaspace   ] GC(43) Metaspace: 44778K(48048K)->44778K(48048K) NonClass: 40789K(43264K)->40789K(43264K) Class: 3989K(4784K)->3989K(4784K)
[889.515s][info][gc             ] GC(43) Pause Young (Normal) (G1 Evacuation Pause) 627M->16M(1024M) 3.175ms
[889.515s][info][gc,cpu         ] GC(43) User=0.00s Sys=0.00s Real=0.00s
[915.319s][info][gc,start       ] GC(44) Pause Young (Normal) (G1 Evacuation Pause)
[915.319s][info][gc,task        ] GC(44) Using 6 workers of 6 for evacuation
[915.322s][info][gc,phases      ] GC(44)   Pre Evacuate Collection Set: 0.0ms
[915.322s][info][gc,phases      ] GC(44)   Evacuate Collection Set: 1.3ms
[915.322s][info][gc,phases      ] GC(44)   Post Evacuate Collection Set: 0.8ms
[915.322s][info][gc,phases      ] GC(44)   Other: 0.2ms
[915.322s][info][gc,heap        ] GC(44) Eden regions: 611->0(611)
[915.322s][info][gc,heap        ] GC(44) Survivor regions: 3->3(77)
[915.322s][info][gc,heap        ] GC(44) Old regions: 15->15
[915.322s][info][gc,heap        ] GC(44) Humongous regions: 0->0
[915.322s][info][gc,metaspace   ] GC(44) Metaspace: 44782K(48048K)->44782K(48048K) NonClass: 40793K(43264K)->40793K(43264K) Class: 3989K(4784K)->3989K(4784K)
[915.322s][info][gc             ] GC(44) Pause Young (Normal) (G1 Evacuation Pause) 627M->16M(1024M) 2.497ms
[915.322s][info][gc,cpu         ] GC(44) User=0.00s Sys=0.00s Real=0.00s
[941.151s][info][gc,start       ] GC(45) Pause Young (Normal) (G1 Evacuation Pause)
[941.151s][info][gc,task        ] GC(45) Using 6 workers of 6 for evacuation
[941.154s][info][gc,phases      ] GC(45)   Pre Evacuate Collection Set: 0.0ms
[941.154s][info][gc,phases      ] GC(45)   Evacuate Collection Set: 2.0ms
[941.154s][info][gc,phases      ] GC(45)   Post Evacuate Collection Set: 0.8ms
[941.154s][info][gc,phases      ] GC(45)   Other: 0.3ms
[941.154s][info][gc,heap        ] GC(45) Eden regions: 611->0(611)
[941.154s][info][gc,heap        ] GC(45) Survivor regions: 3->3(77)
[941.154s][info][gc,heap        ] GC(45) Old regions: 15->15
[941.154s][info][gc,heap        ] GC(45) Humongous regions: 0->0
[941.154s][info][gc,metaspace   ] GC(45) Metaspace: 44782K(48048K)->44782K(48048K) NonClass: 40793K(43264K)->40793K(43264K) Class: 3989K(4784K)->3989K(4784K)
[941.154s][info][gc             ] GC(45) Pause Young (Normal) (G1 Evacuation Pause) 627M->16M(1024M) 3.306ms
[941.154s][info][gc,cpu         ] GC(45) User=0.00s Sys=0.00s Real=0.00s
[966.945s][info][gc,start       ] GC(46) Pause Young (Normal) (G1 Evacuation Pause)
[966.945s][info][gc,task        ] GC(46) Using 6 workers of 6 for evacuation
[966.948s][info][gc,phases      ] GC(46)   Pre Evacuate Collection Set: 0.0ms
[966.948s][info][gc,phases      ] GC(46)   Evacuate Collection Set: 1.8ms
[966.948s][info][gc,phases      ] GC(46)   Post Evacuate Collection Set: 0.8ms
[966.948s][info][gc,phases      ] GC(46)   Other: 0.2ms
[966.948s][info][gc,heap        ] GC(46) Eden regions: 611->0(611)
[966.948s][info][gc,heap        ] GC(46) Survivor regions: 3->3(77)
[966.948s][info][gc,heap        ] GC(46) Old regions: 15->15
[966.948s][info][gc,heap        ] GC(46) Humongous regions: 0->0
[966.948s][info][gc,metaspace   ] GC(46) Metaspace: 44782K(48048K)->44782K(48048K) NonClass: 40793K(43264K)->40793K(43264K) Class: 3989K(4784K)->3989K(4784K)
[966.948s][info][gc             ] GC(46) Pause Young (Normal) (G1 Evacuation Pause) 627M->16M(1024M) 3.067ms
[966.948s][info][gc,cpu         ] GC(46) User=0.00s Sys=0.00s Real=0.00s
[978.697s][info][gc,task        ] GC(47) Using 6 workers of 6 for full compaction
[978.697s][info][gc,start       ] GC(47) Pause Full (System.gc())
[978.697s][info][gc,phases,start] GC(47) Phase 1: Mark live objects
[978.717s][info][gc,stringtable ] GC(47) Cleaned string and symbol table, strings: 26232 processed, 1619 removed, symbols: 111111 processed, 103 removed
[978.717s][info][gc,phases      ] GC(47) Phase 1: Mark live objects 19.329ms
[978.717s][info][gc,phases,start] GC(47) Phase 2: Prepare for compaction
[978.718s][info][gc,phases      ] GC(47) Phase 2: Prepare for compaction 1.645ms
[978.719s][info][gc,phases,start] GC(47) Phase 3: Adjust pointers
[978.726s][info][gc,phases      ] GC(47) Phase 3: Adjust pointers 7.394ms
[978.726s][info][gc,phases,start] GC(47) Phase 4: Compact heap
[978.728s][info][gc,phases      ] GC(47) Phase 4: Compact heap 1.998ms
[978.734s][info][gc,heap        ] GC(47) Eden regions: 270->0(614)
[978.734s][info][gc,heap        ] GC(47) Survivor regions: 3->0(77)
[978.734s][info][gc,heap        ] GC(47) Old regions: 15->16
[978.734s][info][gc,heap        ] GC(47) Humongous regions: 0->0
[978.734s][info][gc,metaspace   ] GC(47) Metaspace: 44796K(48048K)->43630K(48048K) NonClass: 40806K(43264K)->39729K(43264K) Class: 3990K(4784K)->3901K(4784K)
[978.734s][info][gc             ] GC(47) Pause Full (System.gc()) 286M->13M(1024M) 37.277ms
[978.735s][info][gc,cpu         ] GC(47) User=0.17s Sys=0.00s Real=0.05s
[1002.776s][info][gc,start       ] GC(48) Pause Young (Normal) (G1 Evacuation Pause)
[1002.776s][info][gc,task        ] GC(48) Using 6 workers of 6 for evacuation
[1002.779s][info][gc,phases      ] GC(48)   Pre Evacuate Collection Set: 0.0ms
[1002.779s][info][gc,phases      ] GC(48)   Evacuate Collection Set: 1.7ms
[1002.779s][info][gc,phases      ] GC(48)   Post Evacuate Collection Set: 1.0ms
[1002.779s][info][gc,phases      ] GC(48)   Other: 0.2ms
[1002.779s][info][gc,heap        ] GC(48) Eden regions: 614->0(611)
[1002.779s][info][gc,heap        ] GC(48) Survivor regions: 0->3(77)
[1002.779s][info][gc,heap        ] GC(48) Old regions: 16->16
[1002.779s][info][gc,heap        ] GC(48) Humongous regions: 0->0
[1002.779s][info][gc,metaspace   ] GC(48) Metaspace: 44595K(48048K)->44595K(48048K) NonClass: 40609K(43264K)->40609K(43264K) Class: 3985K(4784K)->3985K(4784K)
[1002.779s][info][gc             ] GC(48) Pause Young (Normal) (G1 Evacuation Pause) 627M->16M(1024M) 3.045ms
[1002.779s][info][gc,cpu         ] GC(48) User=0.00s Sys=0.00s Real=0.00s
[1028.589s][info][gc,start       ] GC(49) Pause Young (Normal) (G1 Evacuation Pause)
[1028.589s][info][gc,task        ] GC(49) Using 6 workers of 6 for evacuation
[1028.592s][info][gc,phases      ] GC(49)   Pre Evacuate Collection Set: 0.0ms
[1028.592s][info][gc,phases      ] GC(49)   Evacuate Collection Set: 1.8ms
[1028.592s][info][gc,phases      ] GC(49)   Post Evacuate Collection Set: 0.8ms
[1028.592s][info][gc,phases      ] GC(49)   Other: 0.3ms
[1028.592s][info][gc,heap        ] GC(49) Eden regions: 611->0(611)
[1028.592s][info][gc,heap        ] GC(49) Survivor regions: 3->3(77)
[1028.592s][info][gc,heap        ] GC(49) Old regions: 16->16
[1028.592s][info][gc,heap        ] GC(49) Humongous regions: 0->0
[1028.592s][info][gc,metaspace   ] GC(49) Metaspace: 44840K(48304K)->44840K(48304K) NonClass: 40854K(43520K)->40854K(43520K) Class: 3985K(4784K)->3985K(4784K)
[1028.592s][info][gc             ] GC(49) Pause Young (Normal) (G1 Evacuation Pause) 627M->16M(1024M) 3.049ms
[1028.592s][info][gc,cpu         ] GC(49) User=0.00s Sys=0.00s Real=0.00s
[1054.406s][info][gc,start       ] GC(50) Pause Young (Normal) (G1 Evacuation Pause)
[1054.407s][info][gc,task        ] GC(50) Using 6 workers of 6 for evacuation
[1054.409s][info][gc,phases      ] GC(50)   Pre Evacuate Collection Set: 0.0ms
[1054.409s][info][gc,phases      ] GC(50)   Evacuate Collection Set: 1.7ms
[1054.409s][info][gc,phases      ] GC(50)   Post Evacuate Collection Set: 0.8ms
[1054.409s][info][gc,phases      ] GC(50)   Other: 0.2ms
[1054.409s][info][gc,heap        ] GC(50) Eden regions: 611->0(611)
[1054.409s][info][gc,heap        ] GC(50) Survivor regions: 3->3(77)
[1054.409s][info][gc,heap        ] GC(50) Old regions: 16->16
[1054.409s][info][gc,heap        ] GC(50) Humongous regions: 0->0
[1054.409s][info][gc,metaspace   ] GC(50) Metaspace: 44840K(48304K)->44840K(48304K) NonClass: 40854K(43520K)->40854K(43520K) Class: 3985K(4784K)->3985K(4784K)
[1054.409s][info][gc             ] GC(50) Pause Young (Normal) (G1 Evacuation Pause) 627M->16M(1024M) 2.879ms
[1054.409s][info][gc,cpu         ] GC(50) User=0.00s Sys=0.00s Real=0.00s
[1080.239s][info][gc,start       ] GC(51) Pause Young (Normal) (G1 Evacuation Pause)
[1080.239s][info][gc,task        ] GC(51) Using 6 workers of 6 for evacuation
[1080.242s][info][gc,phases      ] GC(51)   Pre Evacuate Collection Set: 0.0ms
[1080.242s][info][gc,phases      ] GC(51)   Evacuate Collection Set: 1.8ms
[1080.242s][info][gc,phases      ] GC(51)   Post Evacuate Collection Set: 0.8ms
[1080.242s][info][gc,phases      ] GC(51)   Other: 0.3ms
[1080.242s][info][gc,heap        ] GC(51) Eden regions: 611->0(611)
[1080.242s][info][gc,heap        ] GC(51) Survivor regions: 3->3(77)
[1080.242s][info][gc,heap        ] GC(51) Old regions: 16->16
[1080.242s][info][gc,heap        ] GC(51) Humongous regions: 0->0
[1080.242s][info][gc,metaspace   ] GC(51) Metaspace: 44851K(48304K)->44851K(48304K) NonClass: 40865K(43520K)->40865K(43520K) Class: 3985K(4784K)->3985K(4784K)
[1080.242s][info][gc             ] GC(51) Pause Young (Normal) (G1 Evacuation Pause) 627M->16M(1024M) 2.966ms
[1080.242s][info][gc,cpu         ] GC(51) User=0.00s Sys=0.00s Real=0.00s
[1106.072s][info][gc,start       ] GC(52) Pause Young (Normal) (G1 Evacuation Pause)
[1106.072s][info][gc,task        ] GC(52) Using 6 workers of 6 for evacuation
[1106.075s][info][gc,phases      ] GC(52)   Pre Evacuate Collection Set: 0.0ms
[1106.075s][info][gc,phases      ] GC(52)   Evacuate Collection Set: 1.7ms
[1106.075s][info][gc,phases      ] GC(52)   Post Evacuate Collection Set: 0.8ms
[1106.075s][info][gc,phases      ] GC(52)   Other: 0.2ms
[1106.075s][info][gc,heap        ] GC(52) Eden regions: 611->0(611)
[1106.075s][info][gc,heap        ] GC(52) Survivor regions: 3->3(77)
[1106.075s][info][gc,heap        ] GC(52) Old regions: 16->16
[1106.075s][info][gc,heap        ] GC(52) Humongous regions: 0->0
[1106.075s][info][gc,metaspace   ] GC(52) Metaspace: 44851K(48304K)->44851K(48304K) NonClass: 40865K(43520K)->40865K(43520K) Class: 3985K(4784K)->3985K(4784K)
[1106.075s][info][gc             ] GC(52) Pause Young (Normal) (G1 Evacuation Pause) 627M->16M(1024M) 2.939ms
[1106.075s][info][gc,cpu         ] GC(52) User=0.00s Sys=0.00s Real=0.00s
[1131.886s][info][gc,start       ] GC(53) Pause Young (Normal) (G1 Evacuation Pause)
[1131.886s][info][gc,task        ] GC(53) Using 6 workers of 6 for evacuation
[1131.888s][info][gc,phases      ] GC(53)   Pre Evacuate Collection Set: 0.0ms
[1131.888s][info][gc,phases      ] GC(53)   Evacuate Collection Set: 1.7ms
[1131.888s][info][gc,phases      ] GC(53)   Post Evacuate Collection Set: 0.8ms
[1131.888s][info][gc,phases      ] GC(53)   Other: 0.2ms
[1131.888s][info][gc,heap        ] GC(53) Eden regions: 611->0(611)
[1131.888s][info][gc,heap        ] GC(53) Survivor regions: 3->3(77)
[1131.888s][info][gc,heap        ] GC(53) Old regions: 16->16
[1131.888s][info][gc,heap        ] GC(53) Humongous regions: 0->0
[1131.888s][info][gc,metaspace   ] GC(53) Metaspace: 44852K(48304K)->44852K(48304K) NonClass: 40866K(43520K)->40866K(43520K) Class: 3985K(4784K)->3985K(4784K)
[1131.888s][info][gc             ] GC(53) Pause Young (Normal) (G1 Evacuation Pause) 627M->16M(1024M) 2.903ms
[1131.888s][info][gc,cpu         ] GC(53) User=0.00s Sys=0.00s Real=0.00s
[1157.694s][info][gc,start       ] GC(54) Pause Young (Normal) (G1 Evacuation Pause)
[1157.694s][info][gc,task        ] GC(54) Using 6 workers of 6 for evacuation
[1157.697s][info][gc,phases      ] GC(54)   Pre Evacuate Collection Set: 0.0ms
[1157.697s][info][gc,phases      ] GC(54)   Evacuate Collection Set: 1.8ms
[1157.697s][info][gc,phases      ] GC(54)   Post Evacuate Collection Set: 0.6ms
[1157.697s][info][gc,phases      ] GC(54)   Other: 0.2ms
[1157.697s][info][gc,heap        ] GC(54) Eden regions: 611->0(611)
[1157.697s][info][gc,heap        ] GC(54) Survivor regions: 3->3(77)
[1157.697s][info][gc,heap        ] GC(54) Old regions: 16->16
[1157.697s][info][gc,heap        ] GC(54) Humongous regions: 0->0
[1157.697s][info][gc,metaspace   ] GC(54) Metaspace: 44856K(48304K)->44856K(48304K) NonClass: 40870K(43520K)->40870K(43520K) Class: 3986K(4784K)->3986K(4784K)
[1157.697s][info][gc             ] GC(54) Pause Young (Normal) (G1 Evacuation Pause) 627M->16M(1024M) 2.779ms
[1157.697s][info][gc,cpu         ] GC(54) User=0.00s Sys=0.00s Real=0.00s
[1183.549s][info][gc,start       ] GC(55) Pause Young (Normal) (G1 Evacuation Pause)
[1183.549s][info][gc,task        ] GC(55) Using 6 workers of 6 for evacuation
[1183.552s][info][gc,phases      ] GC(55)   Pre Evacuate Collection Set: 0.0ms
[1183.552s][info][gc,phases      ] GC(55)   Evacuate Collection Set: 1.7ms
[1183.552s][info][gc,phases      ] GC(55)   Post Evacuate Collection Set: 0.9ms
[1183.552s][info][gc,phases      ] GC(55)   Other: 0.2ms
[1183.552s][info][gc,heap        ] GC(55) Eden regions: 611->0(611)
[1183.552s][info][gc,heap        ] GC(55) Survivor regions: 3->3(77)
[1183.552s][info][gc,heap        ] GC(55) Old regions: 16->16
[1183.552s][info][gc,heap        ] GC(55) Humongous regions: 0->0
[1183.552s][info][gc,metaspace   ] GC(55) Metaspace: 44856K(48304K)->44856K(48304K) NonClass: 40870K(43520K)->40870K(43520K) Class: 3986K(4784K)->3986K(4784K)
[1183.552s][info][gc             ] GC(55) Pause Young (Normal) (G1 Evacuation Pause) 627M->16M(1024M) 2.977ms
[1183.552s][info][gc,cpu         ] GC(55) User=0.00s Sys=0.00s Real=0.00s
[1209.394s][info][gc,start       ] GC(56) Pause Young (Normal) (G1 Evacuation Pause)
[1209.394s][info][gc,task        ] GC(56) Using 6 workers of 6 for evacuation
[1209.396s][info][gc,phases      ] GC(56)   Pre Evacuate Collection Set: 0.0ms
[1209.396s][info][gc,phases      ] GC(56)   Evacuate Collection Set: 1.7ms
[1209.396s][info][gc,phases      ] GC(56)   Post Evacuate Collection Set: 0.8ms
[1209.396s][info][gc,phases      ] GC(56)   Other: 0.2ms
[1209.396s][info][gc,heap        ] GC(56) Eden regions: 611->0(611)
[1209.397s][info][gc,heap        ] GC(56) Survivor regions: 3->3(77)
[1209.397s][info][gc,heap        ] GC(56) Old regions: 16->16
[1209.397s][info][gc,heap        ] GC(56) Humongous regions: 0->0
[1209.397s][info][gc,metaspace   ] GC(56) Metaspace: 44861K(48304K)->44861K(48304K) NonClass: 40875K(43520K)->40875K(43520K) Class: 3986K(4784K)->3986K(4784K)
[1209.397s][info][gc             ] GC(56) Pause Young (Normal) (G1 Evacuation Pause) 627M->16M(1024M) 2.912ms
[1209.397s][info][gc,cpu         ] GC(56) User=0.00s Sys=0.00s Real=0.00s
[1221.119s][info][gc,task        ] GC(57) Using 6 workers of 6 for full compaction
[1221.119s][info][gc,start       ] GC(57) Pause Full (System.gc())
[1221.119s][info][gc,phases,start] GC(57) Phase 1: Mark live objects
[1221.138s][info][gc,stringtable ] GC(57) Cleaned string and symbol table, strings: 26253 processed, 2326 removed, symbols: 111096 processed, 100 removed
[1221.138s][info][gc,phases      ] GC(57) Phase 1: Mark live objects 18.756ms
[1221.138s][info][gc,phases,start] GC(57) Phase 2: Prepare for compaction
[1221.140s][info][gc,phases      ] GC(57) Phase 2: Prepare for compaction 1.712ms
[1221.140s][info][gc,phases,start] GC(57) Phase 3: Adjust pointers
[1221.147s][info][gc,phases      ] GC(57) Phase 3: Adjust pointers 7.660ms
[1221.148s][info][gc,phases,start] GC(57) Phase 4: Compact heap
[1221.149s][info][gc,phases      ] GC(57) Phase 4: Compact heap 1.910ms
[1221.157s][info][gc,heap        ] GC(57) Eden regions: 272->0(614)
[1221.157s][info][gc,heap        ] GC(57) Survivor regions: 3->0(77)
[1221.157s][info][gc,heap        ] GC(57) Old regions: 16->15
[1221.157s][info][gc,heap        ] GC(57) Humongous regions: 0->0
[1221.157s][info][gc,metaspace   ] GC(57) Metaspace: 44870K(48304K)->42569K(48304K) NonClass: 40883K(43520K)->38966K(43520K) Class: 3986K(4784K)->3603K(4784K)
[1221.157s][info][gc             ] GC(57) Pause Full (System.gc()) 287M->12M(1024M) 37.948ms
[1221.157s][info][gc,cpu         ] GC(57) User=0.11s Sys=0.00s Real=0.04s
[1245.137s][info][gc,start       ] GC(58) Pause Young (Normal) (G1 Evacuation Pause)
[1245.138s][info][gc,task        ] GC(58) Using 6 workers of 6 for evacuation
[1245.140s][info][gc,phases      ] GC(58)   Pre Evacuate Collection Set: 0.0ms
[1245.140s][info][gc,phases      ] GC(58)   Evacuate Collection Set: 1.5ms
[1245.140s][info][gc,phases      ] GC(58)   Post Evacuate Collection Set: 0.9ms
[1245.140s][info][gc,phases      ] GC(58)   Other: 0.3ms
[1245.140s][info][gc,heap        ] GC(58) Eden regions: 614->0(611)
[1245.140s][info][gc,heap        ] GC(58) Survivor regions: 0->3(77)
[1245.140s][info][gc,heap        ] GC(58) Old regions: 15->15
[1245.140s][info][gc,heap        ] GC(58) Humongous regions: 0->0
[1245.140s][info][gc,metaspace   ] GC(58) Metaspace: 43579K(48304K)->43579K(48304K) NonClass: 39882K(43520K)->39882K(43520K) Class: 3696K(4784K)->3696K(4784K)
[1245.140s][info][gc             ] GC(58) Pause Young (Normal) (G1 Evacuation Pause) 626M->14M(1024M) 2.882ms
[1245.140s][info][gc,cpu         ] GC(58) User=0.00s Sys=0.00s Real=0.00s
[1270.911s][info][gc,start       ] GC(59) Pause Young (Normal) (G1 Evacuation Pause)
[1270.911s][info][gc,task        ] GC(59) Using 6 workers of 6 for evacuation
[1270.914s][info][gc,phases      ] GC(59)   Pre Evacuate Collection Set: 0.0ms
[1270.914s][info][gc,phases      ] GC(59)   Evacuate Collection Set: 1.6ms
[1270.914s][info][gc,phases      ] GC(59)   Post Evacuate Collection Set: 0.9ms
[1270.914s][info][gc,phases      ] GC(59)   Other: 0.2ms
[1270.914s][info][gc,heap        ] GC(59) Eden regions: 611->0(611)
[1270.914s][info][gc,heap        ] GC(59) Survivor regions: 3->3(77)
[1270.914s][info][gc,heap        ] GC(59) Old regions: 15->15
[1270.914s][info][gc,heap        ] GC(59) Humongous regions: 0->0
[1270.914s][info][gc,metaspace   ] GC(59) Metaspace: 43825K(48304K)->43825K(48304K) NonClass: 40128K(43520K)->40128K(43520K) Class: 3696K(4784K)->3696K(4784K)
[1270.914s][info][gc             ] GC(59) Pause Young (Normal) (G1 Evacuation Pause) 625M->14M(1024M) 2.836ms
[1270.914s][info][gc,cpu         ] GC(59) User=0.00s Sys=0.00s Real=0.00s
[1296.726s][info][gc,start       ] GC(60) Pause Young (Normal) (G1 Evacuation Pause)
[1296.726s][info][gc,task        ] GC(60) Using 6 workers of 6 for evacuation
[1296.729s][info][gc,phases      ] GC(60)   Pre Evacuate Collection Set: 0.0ms
[1296.729s][info][gc,phases      ] GC(60)   Evacuate Collection Set: 1.9ms
[1296.729s][info][gc,phases      ] GC(60)   Post Evacuate Collection Set: 0.9ms
[1296.729s][info][gc,phases      ] GC(60)   Other: 0.2ms
[1296.729s][info][gc,heap        ] GC(60) Eden regions: 611->0(611)
[1296.729s][info][gc,heap        ] GC(60) Survivor regions: 3->3(77)
[1296.729s][info][gc,heap        ] GC(60) Old regions: 15->15
[1296.729s][info][gc,heap        ] GC(60) Humongous regions: 0->0
[1296.729s][info][gc,metaspace   ] GC(60) Metaspace: 43836K(48304K)->43836K(48304K) NonClass: 40139K(43520K)->40139K(43520K) Class: 3696K(4784K)->3696K(4784K)
[1296.729s][info][gc             ] GC(60) Pause Young (Normal) (G1 Evacuation Pause) 625M->14M(1024M) 3.119ms
[1296.729s][info][gc,cpu         ] GC(60) User=0.00s Sys=0.00s Real=0.00s
[1322.564s][info][gc,start       ] GC(61) Pause Young (Normal) (G1 Evacuation Pause)
[1322.564s][info][gc,task        ] GC(61) Using 6 workers of 6 for evacuation
[1322.566s][info][gc,phases      ] GC(61)   Pre Evacuate Collection Set: 0.0ms
[1322.566s][info][gc,phases      ] GC(61)   Evacuate Collection Set: 1.4ms
[1322.566s][info][gc,phases      ] GC(61)   Post Evacuate Collection Set: 0.8ms
[1322.566s][info][gc,phases      ] GC(61)   Other: 0.2ms
[1322.566s][info][gc,heap        ] GC(61) Eden regions: 611->0(611)
[1322.566s][info][gc,heap        ] GC(61) Survivor regions: 3->3(77)
[1322.566s][info][gc,heap        ] GC(61) Old regions: 15->15
[1322.566s][info][gc,heap        ] GC(61) Humongous regions: 0->0
[1322.566s][info][gc,metaspace   ] GC(61) Metaspace: 43836K(48304K)->43836K(48304K) NonClass: 40139K(43520K)->40139K(43520K) Class: 3696K(4784K)->3696K(4784K)
[1322.566s][info][gc             ] GC(61) Pause Young (Normal) (G1 Evacuation Pause) 625M->14M(1024M) 2.636ms
[1322.566s][info][gc,cpu         ] GC(61) User=0.00s Sys=0.00s Real=0.00s
[1348.350s][info][gc,start       ] GC(62) Pause Young (Normal) (G1 Evacuation Pause)
[1348.350s][info][gc,task        ] GC(62) Using 6 workers of 6 for evacuation
[1348.353s][info][gc,phases      ] GC(62)   Pre Evacuate Collection Set: 0.0ms
[1348.353s][info][gc,phases      ] GC(62)   Evacuate Collection Set: 2.0ms
[1348.353s][info][gc,phases      ] GC(62)   Post Evacuate Collection Set: 0.8ms
[1348.353s][info][gc,phases      ] GC(62)   Other: 0.2ms
[1348.353s][info][gc,heap        ] GC(62) Eden regions: 611->0(611)
[1348.353s][info][gc,heap        ] GC(62) Survivor regions: 3->3(77)
[1348.353s][info][gc,heap        ] GC(62) Old regions: 15->15
[1348.353s][info][gc,heap        ] GC(62) Humongous regions: 0->0
[1348.353s][info][gc,metaspace   ] GC(62) Metaspace: 43836K(48304K)->43836K(48304K) NonClass: 40139K(43520K)->40139K(43520K) Class: 3696K(4784K)->3696K(4784K)
[1348.353s][info][gc             ] GC(62) Pause Young (Normal) (G1 Evacuation Pause) 625M->14M(1024M) 3.210ms
[1348.353s][info][gc,cpu         ] GC(62) User=0.00s Sys=0.00s Real=0.00s
[1374.188s][info][gc,start       ] GC(63) Pause Young (Normal) (G1 Evacuation Pause)
[1374.188s][info][gc,task        ] GC(63) Using 6 workers of 6 for evacuation
[1374.192s][info][gc,phases      ] GC(63)   Pre Evacuate Collection Set: 0.0ms
[1374.192s][info][gc,phases      ] GC(63)   Evacuate Collection Set: 1.7ms
[1374.192s][info][gc,phases      ] GC(63)   Post Evacuate Collection Set: 2.0ms
[1374.192s][info][gc,phases      ] GC(63)   Other: 0.2ms
[1374.192s][info][gc,heap        ] GC(63) Eden regions: 611->0(611)
[1374.192s][info][gc,heap        ] GC(63) Survivor regions: 3->3(77)
[1374.192s][info][gc,heap        ] GC(63) Old regions: 15->15
[1374.192s][info][gc,heap        ] GC(63) Humongous regions: 0->0
[1374.192s][info][gc,metaspace   ] GC(63) Metaspace: 43836K(48304K)->43836K(48304K) NonClass: 40139K(43520K)->40139K(43520K) Class: 3696K(4784K)->3696K(4784K)
[1374.192s][info][gc             ] GC(63) Pause Young (Normal) (G1 Evacuation Pause) 625M->14M(1024M) 4.079ms
[1374.192s][info][gc,cpu         ] GC(63) User=0.00s Sys=0.00s Real=0.00s
[1400.007s][info][gc,start       ] GC(64) Pause Young (Normal) (G1 Evacuation Pause)
[1400.007s][info][gc,task        ] GC(64) Using 6 workers of 6 for evacuation
[1400.010s][info][gc,phases      ] GC(64)   Pre Evacuate Collection Set: 0.0ms
[1400.010s][info][gc,phases      ] GC(64)   Evacuate Collection Set: 2.2ms
[1400.010s][info][gc,phases      ] GC(64)   Post Evacuate Collection Set: 0.8ms
[1400.010s][info][gc,phases      ] GC(64)   Other: 0.2ms
[1400.010s][info][gc,heap        ] GC(64) Eden regions: 611->0(611)
[1400.010s][info][gc,heap        ] GC(64) Survivor regions: 3->3(77)
[1400.010s][info][gc,heap        ] GC(64) Old regions: 15->15
[1400.010s][info][gc,heap        ] GC(64) Humongous regions: 0->0
[1400.010s][info][gc,metaspace   ] GC(64) Metaspace: 43843K(48304K)->43843K(48304K) NonClass: 40146K(43520K)->40146K(43520K) Class: 3697K(4784K)->3697K(4784K)
[1400.010s][info][gc             ] GC(64) Pause Young (Normal) (G1 Evacuation Pause) 625M->14M(1024M) 3.377ms
[1400.010s][info][gc,cpu         ] GC(64) User=0.00s Sys=0.00s Real=0.00s
[1425.819s][info][gc,start       ] GC(65) Pause Young (Normal) (G1 Evacuation Pause)
[1425.819s][info][gc,task        ] GC(65) Using 6 workers of 6 for evacuation
[1425.823s][info][gc,phases      ] GC(65)   Pre Evacuate Collection Set: 0.0ms
[1425.823s][info][gc,phases      ] GC(65)   Evacuate Collection Set: 2.3ms
[1425.823s][info][gc,phases      ] GC(65)   Post Evacuate Collection Set: 0.9ms
[1425.823s][info][gc,phases      ] GC(65)   Other: 0.2ms
[1425.823s][info][gc,heap        ] GC(65) Eden regions: 611->0(611)
[1425.823s][info][gc,heap        ] GC(65) Survivor regions: 3->3(77)
[1425.823s][info][gc,heap        ] GC(65) Old regions: 15->15
[1425.823s][info][gc,heap        ] GC(65) Humongous regions: 0->0
[1425.823s][info][gc,metaspace   ] GC(65) Metaspace: 43843K(48304K)->43843K(48304K) NonClass: 40146K(43520K)->40146K(43520K) Class: 3697K(4784K)->3697K(4784K)
[1425.823s][info][gc             ] GC(65) Pause Young (Normal) (G1 Evacuation Pause) 625M->14M(1024M) 3.640ms
[1425.823s][info][gc,cpu         ] GC(65) User=0.00s Sys=0.00s Real=0.00s
[1451.616s][info][gc,start       ] GC(66) Pause Young (Normal) (G1 Evacuation Pause)
[1451.616s][info][gc,task        ] GC(66) Using 6 workers of 6 for evacuation
[1451.619s][info][gc,phases      ] GC(66)   Pre Evacuate Collection Set: 0.0ms
[1451.619s][info][gc,phases      ] GC(66)   Evacuate Collection Set: 2.1ms
[1451.619s][info][gc,phases      ] GC(66)   Post Evacuate Collection Set: 0.8ms
[1451.619s][info][gc,phases      ] GC(66)   Other: 0.2ms
[1451.619s][info][gc,heap        ] GC(66) Eden regions: 611->0(611)
[1451.619s][info][gc,heap        ] GC(66) Survivor regions: 3->3(77)
[1451.619s][info][gc,heap        ] GC(66) Old regions: 15->15
[1451.619s][info][gc,heap        ] GC(66) Humongous regions: 0->0
[1451.619s][info][gc,metaspace   ] GC(66) Metaspace: 43843K(48304K)->43843K(48304K) NonClass: 40146K(43520K)->40146K(43520K) Class: 3697K(4784K)->3697K(4784K)
[1451.619s][info][gc             ] GC(66) Pause Young (Normal) (G1 Evacuation Pause) 625M->14M(1024M) 3.322ms
[1451.619s][info][gc,cpu         ] GC(66) User=0.00s Sys=0.00s Real=0.00s
[1463.537s][info][gc,task        ] GC(67) Using 6 workers of 6 for full compaction
[1463.537s][info][gc,start       ] GC(67) Pause Full (System.gc())
[1463.537s][info][gc,phases,start] GC(67) Phase 1: Mark live objects
[1463.556s][info][gc,stringtable ] GC(67) Cleaned string and symbol table, strings: 25577 processed, 1624 removed, symbols: 111117 processed, 181 removed
[1463.556s][info][gc,phases      ] GC(67) Phase 1: Mark live objects 19.184ms
[1463.556s][info][gc,phases,start] GC(67) Phase 2: Prepare for compaction
[1463.559s][info][gc,phases      ] GC(67) Phase 2: Prepare for compaction 2.762ms
[1463.559s][info][gc,phases,start] GC(67) Phase 3: Adjust pointers
[1463.567s][info][gc,phases      ] GC(67) Phase 3: Adjust pointers 7.614ms
[1463.567s][info][gc,phases,start] GC(67) Phase 4: Compact heap
[1463.569s][info][gc,phases      ] GC(67) Phase 4: Compact heap 1.921ms
[1463.575s][info][gc,heap        ] GC(67) Eden regions: 279->0(614)
[1463.575s][info][gc,heap        ] GC(67) Survivor regions: 3->0(77)
[1463.575s][info][gc,heap        ] GC(67) Old regions: 15->14
[1463.575s][info][gc,heap        ] GC(67) Humongous regions: 0->0
[1463.575s][info][gc,metaspace   ] GC(67) Metaspace: 43853K(48304K)->42629K(48304K) NonClass: 40155K(43520K)->39037K(43520K) Class: 3697K(4784K)->3591K(4784K)
[1463.575s][info][gc             ] GC(67) Pause Full (System.gc()) 293M->12M(1024M) 38.130ms
[1463.575s][info][gc,cpu         ] GC(67) User=0.05s Sys=0.00s Real=0.03s
[1487.564s][info][gc,start       ] GC(68) Pause Young (Normal) (G1 Evacuation Pause)
[1487.564s][info][gc,task        ] GC(68) Using 6 workers of 6 for evacuation
[1487.567s][info][gc,phases      ] GC(68)   Pre Evacuate Collection Set: 0.0ms
[1487.567s][info][gc,phases      ] GC(68)   Evacuate Collection Set: 1.5ms
[1487.567s][info][gc,phases      ] GC(68)   Post Evacuate Collection Set: 0.7ms
[1487.567s][info][gc,phases      ] GC(68)   Other: 0.2ms
[1487.567s][info][gc,heap        ] GC(68) Eden regions: 614->0(611)
[1487.567s][info][gc,heap        ] GC(68) Survivor regions: 0->3(77)
[1487.567s][info][gc,heap        ] GC(68) Old regions: 14->14
[1487.567s][info][gc,heap        ] GC(68) Humongous regions: 0->0
[1487.567s][info][gc,metaspace   ] GC(68) Metaspace: 43637K(48304K)->43637K(48304K) NonClass: 39956K(43520K)->39956K(43520K) Class: 3680K(4784K)->3680K(4784K)
[1487.567s][info][gc             ] GC(68) Pause Young (Normal) (G1 Evacuation Pause) 626M->14M(1024M) 2.471ms
[1487.567s][info][gc,cpu         ] GC(68) User=0.00s Sys=0.00s Real=0.00s
[1513.353s][info][gc,start       ] GC(69) Pause Young (Normal) (G1 Evacuation Pause)
[1513.353s][info][gc,task        ] GC(69) Using 6 workers of 6 for evacuation
[1513.355s][info][gc,phases      ] GC(69)   Pre Evacuate Collection Set: 0.0ms
[1513.355s][info][gc,phases      ] GC(69)   Evacuate Collection Set: 1.7ms
[1513.355s][info][gc,phases      ] GC(69)   Post Evacuate Collection Set: 0.8ms
[1513.355s][info][gc,phases      ] GC(69)   Other: 0.2ms
[1513.355s][info][gc,heap        ] GC(69) Eden regions: 611->0(611)
[1513.355s][info][gc,heap        ] GC(69) Survivor regions: 3->3(77)
[1513.355s][info][gc,heap        ] GC(69) Old regions: 14->14
[1513.355s][info][gc,heap        ] GC(69) Humongous regions: 0->0
[1513.355s][info][gc,metaspace   ] GC(69) Metaspace: 43876K(48304K)->43876K(48304K) NonClass: 40196K(43520K)->40196K(43520K) Class: 3680K(4784K)->3680K(4784K)
[1513.355s][info][gc             ] GC(69) Pause Young (Normal) (G1 Evacuation Pause) 625M->14M(1024M) 2.920ms
[1513.355s][info][gc,cpu         ] GC(69) User=0.00s Sys=0.00s Real=0.00s
[1539.174s][info][gc,start       ] GC(70) Pause Young (Normal) (G1 Evacuation Pause)
[1539.175s][info][gc,task        ] GC(70) Using 6 workers of 6 for evacuation
[1539.177s][info][gc,phases      ] GC(70)   Pre Evacuate Collection Set: 0.0ms
[1539.177s][info][gc,phases      ] GC(70)   Evacuate Collection Set: 1.8ms
[1539.177s][info][gc,phases      ] GC(70)   Post Evacuate Collection Set: 0.8ms
[1539.177s][info][gc,phases      ] GC(70)   Other: 0.2ms
[1539.177s][info][gc,heap        ] GC(70) Eden regions: 611->0(611)
[1539.177s][info][gc,heap        ] GC(70) Survivor regions: 3->3(77)
[1539.177s][info][gc,heap        ] GC(70) Old regions: 14->14
[1539.177s][info][gc,heap        ] GC(70) Humongous regions: 0->0
[1539.177s][info][gc,metaspace   ] GC(70) Metaspace: 43877K(48304K)->43877K(48304K) NonClass: 40197K(43520K)->40197K(43520K) Class: 3680K(4784K)->3680K(4784K)
[1539.178s][info][gc             ] GC(70) Pause Young (Normal) (G1 Evacuation Pause) 625M->14M(1024M) 3.049ms
[1539.178s][info][gc,cpu         ] GC(70) User=0.00s Sys=0.00s Real=0.00s
[1565.028s][info][gc,start       ] GC(71) Pause Young (Normal) (G1 Evacuation Pause)
[1565.028s][info][gc,task        ] GC(71) Using 6 workers of 6 for evacuation
[1565.031s][info][gc,phases      ] GC(71)   Pre Evacuate Collection Set: 0.0ms
[1565.031s][info][gc,phases      ] GC(71)   Evacuate Collection Set: 1.9ms
[1565.031s][info][gc,phases      ] GC(71)   Post Evacuate Collection Set: 1.1ms
[1565.031s][info][gc,phases      ] GC(71)   Other: 0.3ms
[1565.031s][info][gc,heap        ] GC(71) Eden regions: 611->0(611)
[1565.031s][info][gc,heap        ] GC(71) Survivor regions: 3->3(77)
[1565.031s][info][gc,heap        ] GC(71) Old regions: 14->14
[1565.031s][info][gc,heap        ] GC(71) Humongous regions: 0->0
[1565.031s][info][gc,metaspace   ] GC(71) Metaspace: 43877K(48304K)->43877K(48304K) NonClass: 40197K(43520K)->40197K(43520K) Class: 3680K(4784K)->3680K(4784K)
[1565.031s][info][gc             ] GC(71) Pause Young (Normal) (G1 Evacuation Pause) 625M->14M(1024M) 3.479ms
[1565.031s][info][gc,cpu         ] GC(71) User=0.00s Sys=0.00s Real=0.00s
[1590.802s][info][gc,start       ] GC(72) Pause Young (Normal) (G1 Evacuation Pause)
[1590.802s][info][gc,task        ] GC(72) Using 6 workers of 6 for evacuation
[1590.804s][info][gc,phases      ] GC(72)   Pre Evacuate Collection Set: 0.0ms
[1590.804s][info][gc,phases      ] GC(72)   Evacuate Collection Set: 1.7ms
[1590.804s][info][gc,phases      ] GC(72)   Post Evacuate Collection Set: 0.8ms
[1590.804s][info][gc,phases      ] GC(72)   Other: 0.2ms
[1590.804s][info][gc,heap        ] GC(72) Eden regions: 611->0(611)
[1590.804s][info][gc,heap        ] GC(72) Survivor regions: 3->3(77)
[1590.804s][info][gc,heap        ] GC(72) Old regions: 14->14
[1590.804s][info][gc,heap        ] GC(72) Humongous regions: 0->0
[1590.804s][info][gc,metaspace   ] GC(72) Metaspace: 43877K(48304K)->43877K(48304K) NonClass: 40197K(43520K)->40197K(43520K) Class: 3680K(4784K)->3680K(4784K)
[1590.804s][info][gc             ] GC(72) Pause Young (Normal) (G1 Evacuation Pause) 625M->14M(1024M) 2.865ms
[1590.804s][info][gc,cpu         ] GC(72) User=0.00s Sys=0.00s Real=0.00s
[1616.597s][info][gc,start       ] GC(73) Pause Young (Normal) (G1 Evacuation Pause)
[1616.597s][info][gc,task        ] GC(73) Using 6 workers of 6 for evacuation
[1616.600s][info][gc,phases      ] GC(73)   Pre Evacuate Collection Set: 0.0ms
[1616.601s][info][gc,phases      ] GC(73)   Evacuate Collection Set: 2.0ms
[1616.601s][info][gc,phases      ] GC(73)   Post Evacuate Collection Set: 0.9ms
[1616.601s][info][gc,phases      ] GC(73)   Other: 0.2ms
[1616.601s][info][gc,heap        ] GC(73) Eden regions: 611->0(611)
[1616.601s][info][gc,heap        ] GC(73) Survivor regions: 3->3(77)
[1616.601s][info][gc,heap        ] GC(73) Old regions: 14->14
[1616.601s][info][gc,heap        ] GC(73) Humongous regions: 0->0
[1616.601s][info][gc,metaspace   ] GC(73) Metaspace: 43877K(48304K)->43877K(48304K) NonClass: 40197K(43520K)->40197K(43520K) Class: 3680K(4784K)->3680K(4784K)
[1616.601s][info][gc             ] GC(73) Pause Young (Normal) (G1 Evacuation Pause) 625M->14M(1024M) 3.231ms
[1616.601s][info][gc,cpu         ] GC(73) User=0.00s Sys=0.00s Real=0.00s
[1642.419s][info][gc,start       ] GC(74) Pause Young (Normal) (G1 Evacuation Pause)
[1642.419s][info][gc,task        ] GC(74) Using 6 workers of 6 for evacuation
[1642.422s][info][gc,phases      ] GC(74)   Pre Evacuate Collection Set: 0.0ms
[1642.422s][info][gc,phases      ] GC(74)   Evacuate Collection Set: 2.0ms
[1642.422s][info][gc,phases      ] GC(74)   Post Evacuate Collection Set: 0.8ms
[1642.422s][info][gc,phases      ] GC(74)   Other: 0.2ms
[1642.422s][info][gc,heap        ] GC(74) Eden regions: 611->0(611)
[1642.422s][info][gc,heap        ] GC(74) Survivor regions: 3->3(77)
[1642.422s][info][gc,heap        ] GC(74) Old regions: 14->14
[1642.422s][info][gc,heap        ] GC(74) Humongous regions: 0->0
[1642.422s][info][gc,metaspace   ] GC(74) Metaspace: 43882K(48304K)->43882K(48304K) NonClass: 40201K(43520K)->40201K(43520K) Class: 3680K(4784K)->3680K(4784K)
[1642.422s][info][gc             ] GC(74) Pause Young (Normal) (G1 Evacuation Pause) 625M->14M(1024M) 3.260ms
[1642.422s][info][gc,cpu         ] GC(74) User=0.00s Sys=0.00s Real=0.00s
[1668.212s][info][gc,start       ] GC(75) Pause Young (Normal) (G1 Evacuation Pause)
[1668.212s][info][gc,task        ] GC(75) Using 6 workers of 6 for evacuation
[1668.215s][info][gc,phases      ] GC(75)   Pre Evacuate Collection Set: 0.0ms
[1668.215s][info][gc,phases      ] GC(75)   Evacuate Collection Set: 1.9ms
[1668.215s][info][gc,phases      ] GC(75)   Post Evacuate Collection Set: 0.8ms
[1668.215s][info][gc,phases      ] GC(75)   Other: 0.2ms
[1668.215s][info][gc,heap        ] GC(75) Eden regions: 611->0(611)
[1668.215s][info][gc,heap        ] GC(75) Survivor regions: 3->3(77)
[1668.215s][info][gc,heap        ] GC(75) Old regions: 14->14
[1668.215s][info][gc,heap        ] GC(75) Humongous regions: 0->0
[1668.215s][info][gc,metaspace   ] GC(75) Metaspace: 43882K(48304K)->43882K(48304K) NonClass: 40201K(43520K)->40201K(43520K) Class: 3680K(4784K)->3680K(4784K)
[1668.215s][info][gc             ] GC(75) Pause Young (Normal) (G1 Evacuation Pause) 625M->14M(1024M) 3.105ms
[1668.215s][info][gc,cpu         ] GC(75) User=0.00s Sys=0.00s Real=0.00s
[1693.983s][info][gc,start       ] GC(76) Pause Young (Normal) (G1 Evacuation Pause)
[1693.983s][info][gc,task        ] GC(76) Using 6 workers of 6 for evacuation
[1693.986s][info][gc,phases      ] GC(76)   Pre Evacuate Collection Set: 0.0ms
[1693.986s][info][gc,phases      ] GC(76)   Evacuate Collection Set: 1.9ms
[1693.986s][info][gc,phases      ] GC(76)   Post Evacuate Collection Set: 0.8ms
[1693.986s][info][gc,phases      ] GC(76)   Other: 0.2ms
[1693.986s][info][gc,heap        ] GC(76) Eden regions: 611->0(611)
[1693.986s][info][gc,heap        ] GC(76) Survivor regions: 3->3(77)
[1693.986s][info][gc,heap        ] GC(76) Old regions: 14->14
[1693.986s][info][gc,heap        ] GC(76) Humongous regions: 0->0
[1693.986s][info][gc,metaspace   ] GC(76) Metaspace: 43882K(48304K)->43882K(48304K) NonClass: 40201K(43520K)->40201K(43520K) Class: 3680K(4784K)->3680K(4784K)
[1693.986s][info][gc             ] GC(76) Pause Young (Normal) (G1 Evacuation Pause) 625M->14M(1024M) 3.057ms
[1693.986s][info][gc,cpu         ] GC(76) User=0.09s Sys=0.00s Real=0.00s
[1705.929s][info][gc,task        ] GC(77) Using 6 workers of 6 for full compaction
[1705.930s][info][gc,start       ] GC(77) Pause Full (System.gc())
[1705.930s][info][gc,phases,start] GC(77) Phase 1: Mark live objects
[1705.950s][info][gc,stringtable ] GC(77) Cleaned string and symbol table, strings: 25634 processed, 1621 removed, symbols: 111034 processed, 101 removed
[1705.950s][info][gc,phases      ] GC(77) Phase 1: Mark live objects 19.647ms
[1705.950s][info][gc,phases,start] GC(77) Phase 2: Prepare for compaction
[1705.951s][info][gc,phases      ] GC(77) Phase 2: Prepare for compaction 1.417ms
[1705.951s][info][gc,phases,start] GC(77) Phase 3: Adjust pointers
[1705.959s][info][gc,phases      ] GC(77) Phase 3: Adjust pointers 7.237ms
[1705.959s][info][gc,phases,start] GC(77) Phase 4: Compact heap
[1705.960s][info][gc,phases      ] GC(77) Phase 4: Compact heap 1.686ms
[1705.966s][info][gc,heap        ] GC(77) Eden regions: 280->0(614)
[1705.966s][info][gc,heap        ] GC(77) Survivor regions: 3->0(77)
[1705.966s][info][gc,heap        ] GC(77) Old regions: 14->14
[1705.967s][info][gc,heap        ] GC(77) Humongous regions: 0->0
[1705.967s][info][gc,metaspace   ] GC(77) Metaspace: 43892K(48304K)->42725K(48304K) NonClass: 40211K(43520K)->39133K(43520K) Class: 3681K(4784K)->3591K(4784K)
[1705.967s][info][gc             ] GC(77) Pause Full (System.gc()) 294M->12M(1024M) 36.810ms
[1705.967s][info][gc,cpu         ] GC(77) User=0.08s Sys=0.00s Real=0.04s
[1729.951s][info][gc,start       ] GC(78) Pause Young (Normal) (G1 Evacuation Pause)
[1729.952s][info][gc,task        ] GC(78) Using 6 workers of 6 for evacuation
[1729.954s][info][gc,phases      ] GC(78)   Pre Evacuate Collection Set: 0.0ms
[1729.954s][info][gc,phases      ] GC(78)   Evacuate Collection Set: 1.7ms
[1729.954s][info][gc,phases      ] GC(78)   Post Evacuate Collection Set: 0.9ms
[1729.954s][info][gc,phases      ] GC(78)   Other: 0.3ms
[1729.954s][info][gc,heap        ] GC(78) Eden regions: 614->0(611)
[1729.954s][info][gc,heap        ] GC(78) Survivor regions: 0->3(77)
[1729.954s][info][gc,heap        ] GC(78) Old regions: 14->14
[1729.954s][info][gc,heap        ] GC(78) Humongous regions: 0->0
[1729.954s][info][gc,metaspace   ] GC(78) Metaspace: 43714K(48304K)->43714K(48304K) NonClass: 40030K(43520K)->40030K(43520K) Class: 3684K(4784K)->3684K(4784K)
[1729.954s][info][gc             ] GC(78) Pause Young (Normal) (G1 Evacuation Pause) 626M->14M(1024M) 3.003ms
[1729.955s][info][gc,cpu         ] GC(78) User=0.09s Sys=0.00s Real=0.00s
[1755.733s][info][gc,start       ] GC(79) Pause Young (Normal) (G1 Evacuation Pause)
[1755.733s][info][gc,task        ] GC(79) Using 6 workers of 6 for evacuation
[1755.736s][info][gc,phases      ] GC(79)   Pre Evacuate Collection Set: 0.0ms
[1755.736s][info][gc,phases      ] GC(79)   Evacuate Collection Set: 1.6ms
[1755.736s][info][gc,phases      ] GC(79)   Post Evacuate Collection Set: 0.9ms
[1755.736s][info][gc,phases      ] GC(79)   Other: 0.2ms
[1755.736s][info][gc,heap        ] GC(79) Eden regions: 611->0(611)
[1755.736s][info][gc,heap        ] GC(79) Survivor regions: 3->3(77)
[1755.736s][info][gc,heap        ] GC(79) Old regions: 14->14
[1755.736s][info][gc,heap        ] GC(79) Humongous regions: 0->0
[1755.736s][info][gc,metaspace   ] GC(79) Metaspace: 43957K(48560K)->43957K(48560K) NonClass: 40273K(43776K)->40273K(43776K) Class: 3684K(4784K)->3684K(4784K)
[1755.736s][info][gc             ] GC(79) Pause Young (Normal) (G1 Evacuation Pause) 625M->14M(1024M) 2.896ms
[1755.736s][info][gc,cpu         ] GC(79) User=0.09s Sys=0.00s Real=0.00s
[1781.527s][info][gc,start       ] GC(80) Pause Young (Normal) (G1 Evacuation Pause)
[1781.527s][info][gc,task        ] GC(80) Using 6 workers of 6 for evacuation
[1781.530s][info][gc,phases      ] GC(80)   Pre Evacuate Collection Set: 0.0ms
[1781.530s][info][gc,phases      ] GC(80)   Evacuate Collection Set: 1.6ms
[1781.530s][info][gc,phases      ] GC(80)   Post Evacuate Collection Set: 0.9ms
[1781.530s][info][gc,phases      ] GC(80)   Other: 0.2ms
[1781.530s][info][gc,heap        ] GC(80) Eden regions: 611->0(611)
[1781.530s][info][gc,heap        ] GC(80) Survivor regions: 3->3(77)
[1781.530s][info][gc,heap        ] GC(80) Old regions: 14->14
[1781.530s][info][gc,heap        ] GC(80) Humongous regions: 0->0
[1781.530s][info][gc,metaspace   ] GC(80) Metaspace: 43957K(48560K)->43957K(48560K) NonClass: 40273K(43776K)->40273K(43776K) Class: 3684K(4784K)->3684K(4784K)
[1781.530s][info][gc             ] GC(80) Pause Young (Normal) (G1 Evacuation Pause) 625M->14M(1024M) 2.899ms
[1781.530s][info][gc,cpu         ] GC(80) User=0.00s Sys=0.00s Real=0.00s
[1807.348s][info][gc,start       ] GC(81) Pause Young (Normal) (G1 Evacuation Pause)
[1807.348s][info][gc,task        ] GC(81) Using 6 workers of 6 for evacuation
[1807.351s][info][gc,phases      ] GC(81)   Pre Evacuate Collection Set: 0.0ms
[1807.351s][info][gc,phases      ] GC(81)   Evacuate Collection Set: 1.6ms
[1807.351s][info][gc,phases      ] GC(81)   Post Evacuate Collection Set: 0.9ms
[1807.351s][info][gc,phases      ] GC(81)   Other: 0.2ms
[1807.351s][info][gc,heap        ] GC(81) Eden regions: 611->0(611)
[1807.351s][info][gc,heap        ] GC(81) Survivor regions: 3->3(77)
[1807.351s][info][gc,heap        ] GC(81) Old regions: 14->14
[1807.351s][info][gc,heap        ] GC(81) Humongous regions: 0->0
[1807.351s][info][gc,metaspace   ] GC(81) Metaspace: 43957K(48560K)->43957K(48560K) NonClass: 40273K(43776K)->40273K(43776K) Class: 3684K(4784K)->3684K(4784K)
[1807.351s][info][gc             ] GC(81) Pause Young (Normal) (G1 Evacuation Pause) 625M->14M(1024M) 2.816ms
[1807.351s][info][gc,cpu         ] GC(81) User=0.00s Sys=0.00s Real=0.00s
[1833.153s][info][gc,start       ] GC(82) Pause Young (Normal) (G1 Evacuation Pause)
[1833.153s][info][gc,task        ] GC(82) Using 6 workers of 6 for evacuation
[1833.157s][info][gc,phases      ] GC(82)   Pre Evacuate Collection Set: 0.0ms
[1833.157s][info][gc,phases      ] GC(82)   Evacuate Collection Set: 2.0ms
[1833.157s][info][gc,phases      ] GC(82)   Post Evacuate Collection Set: 1.1ms
[1833.157s][info][gc,phases      ] GC(82)   Other: 0.3ms
[1833.157s][info][gc,heap        ] GC(82) Eden regions: 611->0(611)
[1833.157s][info][gc,heap        ] GC(82) Survivor regions: 3->3(77)
[1833.157s][info][gc,heap        ] GC(82) Old regions: 14->14
[1833.157s][info][gc,heap        ] GC(82) Humongous regions: 0->0
[1833.157s][info][gc,metaspace   ] GC(82) Metaspace: 43957K(48560K)->43957K(48560K) NonClass: 40273K(43776K)->40273K(43776K) Class: 3684K(4784K)->3684K(4784K)
[1833.157s][info][gc             ] GC(82) Pause Young (Normal) (G1 Evacuation Pause) 625M->14M(1024M) 3.518ms
[1833.157s][info][gc,cpu         ] GC(82) User=0.02s Sys=0.00s Real=0.00s
[1858.983s][info][gc,start       ] GC(83) Pause Young (Normal) (G1 Evacuation Pause)
[1858.983s][info][gc,task        ] GC(83) Using 6 workers of 6 for evacuation
[1858.986s][info][gc,phases      ] GC(83)   Pre Evacuate Collection Set: 0.0ms
[1858.986s][info][gc,phases      ] GC(83)   Evacuate Collection Set: 2.2ms
[1858.986s][info][gc,phases      ] GC(83)   Post Evacuate Collection Set: 0.8ms
[1858.986s][info][gc,phases      ] GC(83)   Other: 0.2ms
[1858.986s][info][gc,heap        ] GC(83) Eden regions: 611->0(611)
[1858.986s][info][gc,heap        ] GC(83) Survivor regions: 3->3(77)
[1858.986s][info][gc,heap        ] GC(83) Old regions: 14->14
[1858.986s][info][gc,heap        ] GC(83) Humongous regions: 0->0
[1858.986s][info][gc,metaspace   ] GC(83) Metaspace: 43957K(48560K)->43957K(48560K) NonClass: 40273K(43776K)->40273K(43776K) Class: 3684K(4784K)->3684K(4784K)
[1858.986s][info][gc             ] GC(83) Pause Young (Normal) (G1 Evacuation Pause) 625M->14M(1024M) 3.380ms
[1858.986s][info][gc,cpu         ] GC(83) User=0.09s Sys=0.00s Real=0.00s
[1884.822s][info][gc,start       ] GC(84) Pause Young (Normal) (G1 Evacuation Pause)
[1884.823s][info][gc,task        ] GC(84) Using 6 workers of 6 for evacuation
[1884.825s][info][gc,phases      ] GC(84)   Pre Evacuate Collection Set: 0.0ms
[1884.825s][info][gc,phases      ] GC(84)   Evacuate Collection Set: 1.6ms
[1884.825s][info][gc,phases      ] GC(84)   Post Evacuate Collection Set: 0.8ms
[1884.825s][info][gc,phases      ] GC(84)   Other: 0.3ms
[1884.825s][info][gc,heap        ] GC(84) Eden regions: 611->0(611)
[1884.825s][info][gc,heap        ] GC(84) Survivor regions: 3->3(77)
[1884.825s][info][gc,heap        ] GC(84) Old regions: 14->14
[1884.825s][info][gc,heap        ] GC(84) Humongous regions: 0->0
[1884.825s][info][gc,metaspace   ] GC(84) Metaspace: 43962K(48560K)->43962K(48560K) NonClass: 40277K(43776K)->40277K(43776K) Class: 3684K(4784K)->3684K(4784K)
[1884.825s][info][gc             ] GC(84) Pause Young (Normal) (G1 Evacuation Pause) 625M->14M(1024M) 2.819ms
[1884.825s][info][gc,cpu         ] GC(84) User=0.00s Sys=0.00s Real=0.00s
[1910.577s][info][gc,start       ] GC(85) Pause Young (Normal) (G1 Evacuation Pause)
[1910.578s][info][gc,task        ] GC(85) Using 6 workers of 6 for evacuation
[1910.580s][info][gc,phases      ] GC(85)   Pre Evacuate Collection Set: 0.0ms
[1910.581s][info][gc,phases      ] GC(85)   Evacuate Collection Set: 1.8ms
[1910.581s][info][gc,phases      ] GC(85)   Post Evacuate Collection Set: 0.9ms
[1910.581s][info][gc,phases      ] GC(85)   Other: 0.2ms
[1910.581s][info][gc,heap        ] GC(85) Eden regions: 611->0(611)
[1910.581s][info][gc,heap        ] GC(85) Survivor regions: 3->3(77)
[1910.581s][info][gc,heap        ] GC(85) Old regions: 14->14
[1910.581s][info][gc,heap        ] GC(85) Humongous regions: 0->0
[1910.581s][info][gc,metaspace   ] GC(85) Metaspace: 43962K(48560K)->43962K(48560K) NonClass: 40277K(43776K)->40277K(43776K) Class: 3684K(4784K)->3684K(4784K)
[1910.581s][info][gc             ] GC(85) Pause Young (Normal) (G1 Evacuation Pause) 625M->14M(1024M) 3.143ms
[1910.581s][info][gc,cpu         ] GC(85) User=0.09s Sys=0.00s Real=0.00s
[1936.414s][info][gc,start       ] GC(86) Pause Young (Normal) (G1 Evacuation Pause)
[1936.414s][info][gc,task        ] GC(86) Using 6 workers of 6 for evacuation
[1936.417s][info][gc,phases      ] GC(86)   Pre Evacuate Collection Set: 0.0ms
[1936.417s][info][gc,phases      ] GC(86)   Evacuate Collection Set: 2.1ms
[1936.417s][info][gc,phases      ] GC(86)   Post Evacuate Collection Set: 0.8ms
[1936.417s][info][gc,phases      ] GC(86)   Other: 0.3ms
[1936.417s][info][gc,heap        ] GC(86) Eden regions: 611->0(611)
[1936.417s][info][gc,heap        ] GC(86) Survivor regions: 3->3(77)
[1936.417s][info][gc,heap        ] GC(86) Old regions: 14->14
[1936.417s][info][gc,heap        ] GC(86) Humongous regions: 0->0
[1936.417s][info][gc,metaspace   ] GC(86) Metaspace: 43976K(48560K)->43976K(48560K) NonClass: 40291K(43776K)->40291K(43776K) Class: 3684K(4784K)->3684K(4784K)
[1936.417s][info][gc             ] GC(86) Pause Young (Normal) (G1 Evacuation Pause) 625M->14M(1024M) 3.251ms
[1936.417s][info][gc,cpu         ] GC(86) User=0.00s Sys=0.00s Real=0.00s
[1948.252s][info][gc,task        ] GC(87) Using 6 workers of 6 for full compaction
[1948.252s][info][gc,start       ] GC(87) Pause Full (System.gc())
[1948.252s][info][gc,phases,start] GC(87) Phase 1: Mark live objects
[1948.272s][info][gc,stringtable ] GC(87) Cleaned string and symbol table, strings: 25660 processed, 1620 removed, symbols: 111045 processed, 98 removed
[1948.272s][info][gc,phases      ] GC(87) Phase 1: Mark live objects 19.904ms
[1948.272s][info][gc,phases,start] GC(87) Phase 2: Prepare for compaction
[1948.274s][info][gc,phases      ] GC(87) Phase 2: Prepare for compaction 1.282ms
[1948.274s][info][gc,phases,start] GC(87) Phase 3: Adjust pointers
[1948.281s][info][gc,phases      ] GC(87) Phase 3: Adjust pointers 7.396ms
[1948.281s][info][gc,phases,start] GC(87) Phase 4: Compact heap
[1948.282s][info][gc,phases      ] GC(87) Phase 4: Compact heap 1.214ms
[1948.289s][info][gc,heap        ] GC(87) Eden regions: 276->0(614)
[1948.289s][info][gc,heap        ] GC(87) Survivor regions: 3->0(77)
[1948.289s][info][gc,heap        ] GC(87) Old regions: 14->15
[1948.289s][info][gc,heap        ] GC(87) Humongous regions: 0->0
[1948.289s][info][gc,metaspace   ] GC(87) Metaspace: 43987K(48560K)->42821K(48560K) NonClass: 40301K(43776K)->39225K(43776K) Class: 3685K(4784K)->3596K(4784K)
[1948.289s][info][gc             ] GC(87) Pause Full (System.gc()) 290M->12M(1024M) 36.797ms
[1948.289s][info][gc,cpu         ] GC(87) User=0.11s Sys=0.02s Real=0.03s
[1972.310s][info][gc,start       ] GC(88) Pause Young (Normal) (G1 Evacuation Pause)
[1972.310s][info][gc,task        ] GC(88) Using 6 workers of 6 for evacuation
[1972.313s][info][gc,phases      ] GC(88)   Pre Evacuate Collection Set: 0.0ms
[1972.313s][info][gc,phases      ] GC(88)   Evacuate Collection Set: 1.4ms
[1972.313s][info][gc,phases      ] GC(88)   Post Evacuate Collection Set: 1.0ms
[1972.313s][info][gc,phases      ] GC(88)   Other: 0.2ms
[1972.313s][info][gc,heap        ] GC(88) Eden regions: 614->0(611)
[1972.313s][info][gc,heap        ] GC(88) Survivor regions: 0->3(77)
[1972.313s][info][gc,heap        ] GC(88) Old regions: 15->15
[1972.313s][info][gc,heap        ] GC(88) Humongous regions: 0->0
[1972.313s][info][gc,metaspace   ] GC(88) Metaspace: 43758K(48560K)->43758K(48560K) NonClass: 40076K(43776K)->40076K(43776K) Class: 3681K(4784K)->3681K(4784K)
[1972.313s][info][gc             ] GC(88) Pause Young (Normal) (G1 Evacuation Pause) 626M->14M(1024M) 2.769ms
[1972.313s][info][gc,cpu         ] GC(88) User=0.02s Sys=0.00s Real=0.00s
[1998.080s][info][gc,start       ] GC(89) Pause Young (Normal) (G1 Evacuation Pause)
[1998.081s][info][gc,task        ] GC(89) Using 6 workers of 6 for evacuation
[1998.083s][info][gc,phases      ] GC(89)   Pre Evacuate Collection Set: 0.0ms
[1998.083s][info][gc,phases      ] GC(89)   Evacuate Collection Set: 1.5ms
[1998.083s][info][gc,phases      ] GC(89)   Post Evacuate Collection Set: 0.9ms
[1998.083s][info][gc,phases      ] GC(89)   Other: 0.2ms
[1998.083s][info][gc,heap        ] GC(89) Eden regions: 611->0(611)
[1998.083s][info][gc,heap        ] GC(89) Survivor regions: 3->3(77)
[1998.083s][info][gc,heap        ] GC(89) Old regions: 15->15
[1998.083s][info][gc,heap        ] GC(89) Humongous regions: 0->0
[1998.083s][info][gc,metaspace   ] GC(89) Metaspace: 43999K(48560K)->43999K(48560K) NonClass: 40317K(43776K)->40317K(43776K) Class: 3681K(4784K)->3681K(4784K)
[1998.083s][info][gc             ] GC(89) Pause Young (Normal) (G1 Evacuation Pause) 625M->14M(1024M) 2.678ms
[1998.083s][info][gc,cpu         ] GC(89) User=0.00s Sys=0.00s Real=0.00s
[2023.876s][info][gc,start       ] GC(90) Pause Young (Normal) (G1 Evacuation Pause)
[2023.876s][info][gc,task        ] GC(90) Using 6 workers of 6 for evacuation
[2023.879s][info][gc,phases      ] GC(90)   Pre Evacuate Collection Set: 0.0ms
[2023.879s][info][gc,phases      ] GC(90)   Evacuate Collection Set: 1.9ms
[2023.879s][info][gc,phases      ] GC(90)   Post Evacuate Collection Set: 0.8ms
[2023.880s][info][gc,phases      ] GC(90)   Other: 0.4ms
[2023.880s][info][gc,heap        ] GC(90) Eden regions: 611->0(611)
[2023.880s][info][gc,heap        ] GC(90) Survivor regions: 3->3(77)
[2023.880s][info][gc,heap        ] GC(90) Old regions: 15->15
[2023.880s][info][gc,heap        ] GC(90) Humongous regions: 0->0
[2023.880s][info][gc,metaspace   ] GC(90) Metaspace: 43999K(48560K)->43999K(48560K) NonClass: 40317K(43776K)->40317K(43776K) Class: 3681K(4784K)->3681K(4784K)
[2023.880s][info][gc             ] GC(90) Pause Young (Normal) (G1 Evacuation Pause) 625M->14M(1024M) 3.198ms
[2023.880s][info][gc,cpu         ] GC(90) User=0.00s Sys=0.00s Real=0.00s
[2049.679s][info][gc,start       ] GC(91) Pause Young (Normal) (G1 Evacuation Pause)
[2049.679s][info][gc,task        ] GC(91) Using 6 workers of 6 for evacuation
[2049.681s][info][gc,phases      ] GC(91)   Pre Evacuate Collection Set: 0.0ms
[2049.681s][info][gc,phases      ] GC(91)   Evacuate Collection Set: 1.5ms
[2049.681s][info][gc,phases      ] GC(91)   Post Evacuate Collection Set: 0.9ms
[2049.682s][info][gc,phases      ] GC(91)   Other: 0.4ms
[2049.682s][info][gc,heap        ] GC(91) Eden regions: 611->0(611)
[2049.682s][info][gc,heap        ] GC(91) Survivor regions: 3->3(77)
[2049.682s][info][gc,heap        ] GC(91) Old regions: 15->15
[2049.682s][info][gc,heap        ] GC(91) Humongous regions: 0->0
[2049.682s][info][gc,metaspace   ] GC(91) Metaspace: 43999K(48560K)->43999K(48560K) NonClass: 40317K(43776K)->40317K(43776K) Class: 3681K(4784K)->3681K(4784K)
[2049.682s][info][gc             ] GC(91) Pause Young (Normal) (G1 Evacuation Pause) 625M->14M(1024M) 2.886ms
[2049.682s][info][gc,cpu         ] GC(91) User=0.00s Sys=0.00s Real=0.00s
[2075.500s][info][gc,start       ] GC(92) Pause Young (Normal) (G1 Evacuation Pause)
[2075.500s][info][gc,task        ] GC(92) Using 6 workers of 6 for evacuation
[2075.503s][info][gc,phases      ] GC(92)   Pre Evacuate Collection Set: 0.0ms
[2075.503s][info][gc,phases      ] GC(92)   Evacuate Collection Set: 1.7ms
[2075.503s][info][gc,phases      ] GC(92)   Post Evacuate Collection Set: 0.9ms
[2075.503s][info][gc,phases      ] GC(92)   Other: 0.2ms
[2075.503s][info][gc,heap        ] GC(92) Eden regions: 611->0(611)
[2075.503s][info][gc,heap        ] GC(92) Survivor regions: 3->3(77)
[2075.503s][info][gc,heap        ] GC(92) Old regions: 15->15
[2075.503s][info][gc,heap        ] GC(92) Humongous regions: 0->0
[2075.503s][info][gc,metaspace   ] GC(92) Metaspace: 43999K(48560K)->43999K(48560K) NonClass: 40317K(43776K)->40317K(43776K) Class: 3681K(4784K)->3681K(4784K)
[2075.503s][info][gc             ] GC(92) Pause Young (Normal) (G1 Evacuation Pause) 625M->14M(1024M) 2.978ms
[2075.503s][info][gc,cpu         ] GC(92) User=0.00s Sys=0.00s Real=0.00s
[2101.336s][info][gc,start       ] GC(93) Pause Young (Normal) (G1 Evacuation Pause)
[2101.336s][info][gc,task        ] GC(93) Using 6 workers of 6 for evacuation
[2101.339s][info][gc,phases      ] GC(93)   Pre Evacuate Collection Set: 0.0ms
[2101.339s][info][gc,phases      ] GC(93)   Evacuate Collection Set: 1.8ms
[2101.339s][info][gc,phases      ] GC(93)   Post Evacuate Collection Set: 0.9ms
[2101.339s][info][gc,phases      ] GC(93)   Other: 0.2ms
[2101.339s][info][gc,heap        ] GC(93) Eden regions: 611->0(611)
[2101.339s][info][gc,heap        ] GC(93) Survivor regions: 3->3(77)
[2101.339s][info][gc,heap        ] GC(93) Old regions: 15->15
[2101.339s][info][gc,heap        ] GC(93) Humongous regions: 0->0
[2101.339s][info][gc,metaspace   ] GC(93) Metaspace: 43999K(48560K)->43999K(48560K) NonClass: 40317K(43776K)->40317K(43776K) Class: 3681K(4784K)->3681K(4784K)
[2101.339s][info][gc             ] GC(93) Pause Young (Normal) (G1 Evacuation Pause) 625M->14M(1024M) 3.056ms
[2101.339s][info][gc,cpu         ] GC(93) User=0.00s Sys=0.00s Real=0.00s
[2127.134s][info][gc,start       ] GC(94) Pause Young (Normal) (G1 Evacuation Pause)
[2127.134s][info][gc,task        ] GC(94) Using 6 workers of 6 for evacuation
[2127.137s][info][gc,phases      ] GC(94)   Pre Evacuate Collection Set: 0.0ms
[2127.137s][info][gc,phases      ] GC(94)   Evacuate Collection Set: 2.1ms
[2127.137s][info][gc,phases      ] GC(94)   Post Evacuate Collection Set: 0.7ms
[2127.137s][info][gc,phases      ] GC(94)   Other: 0.2ms
[2127.137s][info][gc,heap        ] GC(94) Eden regions: 611->0(611)
[2127.137s][info][gc,heap        ] GC(94) Survivor regions: 3->3(77)
[2127.137s][info][gc,heap        ] GC(94) Old regions: 15->15
[2127.137s][info][gc,heap        ] GC(94) Humongous regions: 0->0
[2127.137s][info][gc,metaspace   ] GC(94) Metaspace: 44003K(48560K)->44003K(48560K) NonClass: 40321K(43776K)->40321K(43776K) Class: 3682K(4784K)->3682K(4784K)
[2127.137s][info][gc             ] GC(94) Pause Young (Normal) (G1 Evacuation Pause) 625M->14M(1024M) 3.138ms
[2127.137s][info][gc,cpu         ] GC(94) User=0.00s Sys=0.00s Real=0.00s
[2152.914s][info][gc,start       ] GC(95) Pause Young (Normal) (G1 Evacuation Pause)
[2152.914s][info][gc,task        ] GC(95) Using 6 workers of 6 for evacuation
[2152.917s][info][gc,phases      ] GC(95)   Pre Evacuate Collection Set: 0.0ms
[2152.917s][info][gc,phases      ] GC(95)   Evacuate Collection Set: 1.6ms
[2152.917s][info][gc,phases      ] GC(95)   Post Evacuate Collection Set: 1.0ms
[2152.917s][info][gc,phases      ] GC(95)   Other: 0.3ms
[2152.917s][info][gc,heap        ] GC(95) Eden regions: 611->0(611)
[2152.917s][info][gc,heap        ] GC(95) Survivor regions: 3->3(77)
[2152.917s][info][gc,heap        ] GC(95) Old regions: 15->15
[2152.917s][info][gc,heap        ] GC(95) Humongous regions: 0->0
[2152.917s][info][gc,metaspace   ] GC(95) Metaspace: 44003K(48560K)->44003K(48560K) NonClass: 40321K(43776K)->40321K(43776K) Class: 3682K(4784K)->3682K(4784K)
[2152.917s][info][gc             ] GC(95) Pause Young (Normal) (G1 Evacuation Pause) 625M->14M(1024M) 2.969ms
[2152.917s][info][gc,cpu         ] GC(95) User=0.00s Sys=0.00s Real=0.00s
[2178.742s][info][gc,start       ] GC(96) Pause Young (Normal) (G1 Evacuation Pause)
[2178.742s][info][gc,task        ] GC(96) Using 6 workers of 6 for evacuation
[2178.745s][info][gc,phases      ] GC(96)   Pre Evacuate Collection Set: 0.0ms
[2178.745s][info][gc,phases      ] GC(96)   Evacuate Collection Set: 1.7ms
[2178.745s][info][gc,phases      ] GC(96)   Post Evacuate Collection Set: 0.8ms
[2178.745s][info][gc,phases      ] GC(96)   Other: 0.2ms
[2178.745s][info][gc,heap        ] GC(96) Eden regions: 611->0(611)
[2178.745s][info][gc,heap        ] GC(96) Survivor regions: 3->3(77)
[2178.745s][info][gc,heap        ] GC(96) Old regions: 15->15
[2178.745s][info][gc,heap        ] GC(96) Humongous regions: 0->0
[2178.745s][info][gc,metaspace   ] GC(96) Metaspace: 44003K(48560K)->44003K(48560K) NonClass: 40321K(43776K)->40321K(43776K) Class: 3682K(4784K)->3682K(4784K)
[2178.745s][info][gc             ] GC(96) Pause Young (Normal) (G1 Evacuation Pause) 625M->14M(1024M) 2.891ms
[2178.745s][info][gc,cpu         ] GC(96) User=0.00s Sys=0.00s Real=0.00s
[2190.560s][info][gc,task        ] GC(97) Using 6 workers of 6 for full compaction
[2190.561s][info][gc,start       ] GC(97) Pause Full (System.gc())
[2190.561s][info][gc,phases,start] GC(97) Phase 1: Mark live objects
[2190.580s][info][gc,stringtable ] GC(97) Cleaned string and symbol table, strings: 25662 processed, 1616 removed, symbols: 111037 processed, 96 removed
[2190.581s][info][gc,phases      ] GC(97) Phase 1: Mark live objects 19.483ms
[2190.581s][info][gc,phases,start] GC(97) Phase 2: Prepare for compaction
[2190.582s][info][gc,phases      ] GC(97) Phase 2: Prepare for compaction 1.294ms
[2190.582s][info][gc,phases,start] GC(97) Phase 3: Adjust pointers
[2190.589s][info][gc,phases      ] GC(97) Phase 3: Adjust pointers 7.413ms
[2190.589s][info][gc,phases,start] GC(97) Phase 4: Compact heap
[2190.591s][info][gc,phases      ] GC(97) Phase 4: Compact heap 1.147ms
[2190.597s][info][gc,heap        ] GC(97) Eden regions: 276->0(614)
[2190.597s][info][gc,heap        ] GC(97) Survivor regions: 3->0(77)
[2190.597s][info][gc,heap        ] GC(97) Old regions: 15->15
[2190.597s][info][gc,heap        ] GC(97) Humongous regions: 0->0
[2190.597s][info][gc,metaspace   ] GC(97) Metaspace: 44014K(48560K)->42865K(48560K) NonClass: 40332K(43776K)->39269K(43776K) Class: 3682K(4784K)->3596K(4784K)
[2190.597s][info][gc             ] GC(97) Pause Full (System.gc()) 289M->12M(1024M) 36.575ms
[2190.597s][info][gc,cpu         ] GC(97) User=0.14s Sys=0.00s Real=0.03s
[2214.609s][info][gc,start       ] GC(98) Pause Young (Normal) (G1 Evacuation Pause)
[2214.609s][info][gc,task        ] GC(98) Using 6 workers of 6 for evacuation
[2214.612s][info][gc,phases      ] GC(98)   Pre Evacuate Collection Set: 0.0ms
[2214.612s][info][gc,phases      ] GC(98)   Evacuate Collection Set: 1.6ms
[2214.612s][info][gc,phases      ] GC(98)   Post Evacuate Collection Set: 0.7ms
[2214.612s][info][gc,phases      ] GC(98)   Other: 0.3ms
[2214.612s][info][gc,heap        ] GC(98) Eden regions: 614->0(611)
[2214.612s][info][gc,heap        ] GC(98) Survivor regions: 0->3(77)
[2214.612s][info][gc,heap        ] GC(98) Old regions: 15->15
[2214.612s][info][gc,heap        ] GC(98) Humongous regions: 0->0
[2214.612s][info][gc,metaspace   ] GC(98) Metaspace: 43827K(48560K)->43827K(48560K) NonClass: 40143K(43776K)->40143K(43776K) Class: 3684K(4784K)->3684K(4784K)
[2214.612s][info][gc             ] GC(98) Pause Young (Normal) (G1 Evacuation Pause) 626M->14M(1024M) 2.670ms
[2214.612s][info][gc,cpu         ] GC(98) User=0.09s Sys=0.00s Real=0.00s
[2240.351s][info][gc,start       ] GC(99) Pause Young (Normal) (G1 Evacuation Pause)
[2240.351s][info][gc,task        ] GC(99) Using 6 workers of 6 for evacuation
[2240.353s][info][gc,phases      ] GC(99)   Pre Evacuate Collection Set: 0.0ms
[2240.353s][info][gc,phases      ] GC(99)   Evacuate Collection Set: 1.5ms
[2240.353s][info][gc,phases      ] GC(99)   Post Evacuate Collection Set: 0.8ms
[2240.353s][info][gc,phases      ] GC(99)   Other: 0.3ms
[2240.353s][info][gc,heap        ] GC(99) Eden regions: 611->0(611)
[2240.353s][info][gc,heap        ] GC(99) Survivor regions: 3->3(77)
[2240.353s][info][gc,heap        ] GC(99) Old regions: 15->15
[2240.353s][info][gc,heap        ] GC(99) Humongous regions: 0->0
[2240.354s][info][gc,metaspace   ] GC(99) Metaspace: 44070K(48560K)->44070K(48560K) NonClass: 40386K(43776K)->40386K(43776K) Class: 3684K(4784K)->3684K(4784K)
[2240.354s][info][gc             ] GC(99) Pause Young (Normal) (G1 Evacuation Pause) 625M->14M(1024M) 2.732ms
[2240.354s][info][gc,cpu         ] GC(99) User=0.00s Sys=0.00s Real=0.00s
[2266.125s][info][gc,start       ] GC(100) Pause Young (Normal) (G1 Evacuation Pause)
[2266.125s][info][gc,task        ] GC(100) Using 6 workers of 6 for evacuation
[2266.127s][info][gc,phases      ] GC(100)   Pre Evacuate Collection Set: 0.0ms
[2266.127s][info][gc,phases      ] GC(100)   Evacuate Collection Set: 1.7ms
[2266.127s][info][gc,phases      ] GC(100)   Post Evacuate Collection Set: 0.9ms
[2266.127s][info][gc,phases      ] GC(100)   Other: 0.2ms
[2266.127s][info][gc,heap        ] GC(100) Eden regions: 611->0(611)
[2266.127s][info][gc,heap        ] GC(100) Survivor regions: 3->3(77)
[2266.127s][info][gc,heap        ] GC(100) Old regions: 15->15
[2266.128s][info][gc,heap        ] GC(100) Humongous regions: 0->0
[2266.128s][info][gc,metaspace   ] GC(100) Metaspace: 44070K(48560K)->44070K(48560K) NonClass: 40386K(43776K)->40386K(43776K) Class: 3684K(4784K)->3684K(4784K)
[2266.128s][info][gc             ] GC(100) Pause Young (Normal) (G1 Evacuation Pause) 625M->14M(1024M) 2.943ms
[2266.128s][info][gc,cpu         ] GC(100) User=0.08s Sys=0.02s Real=0.00s
[2291.881s][info][gc,start       ] GC(101) Pause Young (Normal) (G1 Evacuation Pause)
[2291.881s][info][gc,task        ] GC(101) Using 6 workers of 6 for evacuation
[2291.884s][info][gc,phases      ] GC(101)   Pre Evacuate Collection Set: 0.0ms
[2291.884s][info][gc,phases      ] GC(101)   Evacuate Collection Set: 1.7ms
[2291.884s][info][gc,phases      ] GC(101)   Post Evacuate Collection Set: 1.1ms
[2291.884s][info][gc,phases      ] GC(101)   Other: 0.2ms
[2291.884s][info][gc,heap        ] GC(101) Eden regions: 611->0(611)
[2291.884s][info][gc,heap        ] GC(101) Survivor regions: 3->3(77)
[2291.884s][info][gc,heap        ] GC(101) Old regions: 15->15
[2291.884s][info][gc,heap        ] GC(101) Humongous regions: 0->0
[2291.884s][info][gc,metaspace   ] GC(101) Metaspace: 44072K(48560K)->44072K(48560K) NonClass: 40387K(43776K)->40387K(43776K) Class: 3684K(4784K)->3684K(4784K)
[2291.884s][info][gc             ] GC(101) Pause Young (Normal) (G1 Evacuation Pause) 625M->14M(1024M) 3.171ms
[2291.884s][info][gc,cpu         ] GC(101) User=0.00s Sys=0.00s Real=0.00s
[2317.733s][info][gc,start       ] GC(102) Pause Young (Normal) (G1 Evacuation Pause)
[2317.734s][info][gc,task        ] GC(102) Using 6 workers of 6 for evacuation
[2317.736s][info][gc,phases      ] GC(102)   Pre Evacuate Collection Set: 0.0ms
[2317.736s][info][gc,phases      ] GC(102)   Evacuate Collection Set: 1.7ms
[2317.736s][info][gc,phases      ] GC(102)   Post Evacuate Collection Set: 0.8ms
[2317.736s][info][gc,phases      ] GC(102)   Other: 0.2ms
[2317.736s][info][gc,heap        ] GC(102) Eden regions: 611->0(611)
[2317.736s][info][gc,heap        ] GC(102) Survivor regions: 3->3(77)
[2317.736s][info][gc,heap        ] GC(102) Old regions: 15->15
[2317.736s][info][gc,heap        ] GC(102) Humongous regions: 0->0
[2317.736s][info][gc,metaspace   ] GC(102) Metaspace: 44074K(48560K)->44074K(48560K) NonClass: 40390K(43776K)->40390K(43776K) Class: 3684K(4784K)->3684K(4784K)
[2317.736s][info][gc             ] GC(102) Pause Young (Normal) (G1 Evacuation Pause) 625M->14M(1024M) 2.878ms
[2317.736s][info][gc,cpu         ] GC(102) User=0.09s Sys=0.00s Real=0.00s
[2343.567s][info][gc,start       ] GC(103) Pause Young (Normal) (G1 Evacuation Pause)
[2343.567s][info][gc,task        ] GC(103) Using 6 workers of 6 for evacuation
[2343.570s][info][gc,phases      ] GC(103)   Pre Evacuate Collection Set: 0.0ms
[2343.570s][info][gc,phases      ] GC(103)   Evacuate Collection Set: 1.7ms
[2343.570s][info][gc,phases      ] GC(103)   Post Evacuate Collection Set: 0.9ms
[2343.570s][info][gc,phases      ] GC(103)   Other: 0.2ms
[2343.570s][info][gc,heap        ] GC(103) Eden regions: 611->0(611)
[2343.570s][info][gc,heap        ] GC(103) Survivor regions: 3->3(77)
[2343.570s][info][gc,heap        ] GC(103) Old regions: 15->15
[2343.570s][info][gc,heap        ] GC(103) Humongous regions: 0->0
[2343.570s][info][gc,metaspace   ] GC(103) Metaspace: 44074K(48560K)->44074K(48560K) NonClass: 40390K(43776K)->40390K(43776K) Class: 3684K(4784K)->3684K(4784K)
[2343.570s][info][gc             ] GC(103) Pause Young (Normal) (G1 Evacuation Pause) 625M->14M(1024M) 2.925ms
[2343.570s][info][gc,cpu         ] GC(103) User=0.00s Sys=0.00s Real=0.00s
[2369.402s][info][gc,start       ] GC(104) Pause Young (Normal) (G1 Evacuation Pause)
[2369.403s][info][gc,task        ] GC(104) Using 6 workers of 6 for evacuation
[2369.406s][info][gc,phases      ] GC(104)   Pre Evacuate Collection Set: 0.0ms
[2369.406s][info][gc,phases      ] GC(104)   Evacuate Collection Set: 2.0ms
[2369.406s][info][gc,phases      ] GC(104)   Post Evacuate Collection Set: 0.8ms
[2369.406s][info][gc,phases      ] GC(104)   Other: 0.2ms
[2369.406s][info][gc,heap        ] GC(104) Eden regions: 611->0(611)
[2369.406s][info][gc,heap        ] GC(104) Survivor regions: 3->3(77)
[2369.406s][info][gc,heap        ] GC(104) Old regions: 15->15
[2369.406s][info][gc,heap        ] GC(104) Humongous regions: 0->0
[2369.406s][info][gc,metaspace   ] GC(104) Metaspace: 44079K(48560K)->44079K(48560K) NonClass: 40394K(43776K)->40394K(43776K) Class: 3684K(4784K)->3684K(4784K)
[2369.406s][info][gc             ] GC(104) Pause Young (Normal) (G1 Evacuation Pause) 625M->14M(1024M) 3.210ms
[2369.406s][info][gc,cpu         ] GC(104) User=0.00s Sys=0.00s Real=0.00s
[2395.195s][info][gc,start       ] GC(105) Pause Young (Normal) (G1 Evacuation Pause)
[2395.195s][info][gc,task        ] GC(105) Using 6 workers of 6 for evacuation
[2395.198s][info][gc,phases      ] GC(105)   Pre Evacuate Collection Set: 0.0ms
[2395.198s][info][gc,phases      ] GC(105)   Evacuate Collection Set: 2.1ms
[2395.198s][info][gc,phases      ] GC(105)   Post Evacuate Collection Set: 0.9ms
[2395.198s][info][gc,phases      ] GC(105)   Other: 0.2ms
[2395.198s][info][gc,heap        ] GC(105) Eden regions: 611->0(611)
[2395.198s][info][gc,heap        ] GC(105) Survivor regions: 3->3(77)
[2395.198s][info][gc,heap        ] GC(105) Old regions: 15->15
[2395.198s][info][gc,heap        ] GC(105) Humongous regions: 0->0
[2395.198s][info][gc,metaspace   ] GC(105) Metaspace: 44079K(48560K)->44079K(48560K) NonClass: 40394K(43776K)->40394K(43776K) Class: 3684K(4784K)->3684K(4784K)
[2395.198s][info][gc             ] GC(105) Pause Young (Normal) (G1 Evacuation Pause) 625M->14M(1024M) 3.374ms
[2395.198s][info][gc,cpu         ] GC(105) User=0.00s Sys=0.00s Real=0.00s
[2421.027s][info][gc,start       ] GC(106) Pause Young (Normal) (G1 Evacuation Pause)
[2421.027s][info][gc,task        ] GC(106) Using 6 workers of 6 for evacuation
[2421.030s][info][gc,phases      ] GC(106)   Pre Evacuate Collection Set: 0.0ms
[2421.030s][info][gc,phases      ] GC(106)   Evacuate Collection Set: 1.8ms
[2421.030s][info][gc,phases      ] GC(106)   Post Evacuate Collection Set: 0.9ms
[2421.030s][info][gc,phases      ] GC(106)   Other: 0.3ms
[2421.030s][info][gc,heap        ] GC(106) Eden regions: 611->0(611)
[2421.030s][info][gc,heap        ] GC(106) Survivor regions: 3->3(77)
[2421.030s][info][gc,heap        ] GC(106) Old regions: 15->15
[2421.030s][info][gc,heap        ] GC(106) Humongous regions: 0->0
[2421.030s][info][gc,metaspace   ] GC(106) Metaspace: 44080K(48560K)->44080K(48560K) NonClass: 40395K(43776K)->40395K(43776K) Class: 3684K(4784K)->3684K(4784K)
[2421.030s][info][gc             ] GC(106) Pause Young (Normal) (G1 Evacuation Pause) 625M->14M(1024M) 3.129ms
[2421.030s][info][gc,cpu         ] GC(106) User=0.00s Sys=0.00s Real=0.00s
[2433.121s][info][gc,heap,exit   ] Heap
[2433.121s][info][gc,heap,exit   ]  garbage-first heap   total 1048576K, used 297454K [0x00000000c0000000, 0x0000000100000000)
[2433.121s][info][gc,heap,exit   ]   region size 1024K, 280 young (286720K), 3 survivors (3072K)
[2433.121s][info][gc,heap,exit   ]  Metaspace       used 44138K, capacity 46448K, committed 48560K, reserved 1093632K
[2433.121s][info][gc,heap,exit   ]   class space    used 3692K, capacity 4046K, committed 4784K, reserved 1048576K
