[0.007s][info][gc,init] Initializing The Z Garbage Collector
[0.007s][info][gc,init] Version: 17.0.12+7-adhoc..jdk17u (release)
[0.007s][info][gc,init] NUMA Support: Disabled
[0.007s][info][gc,init] CPUs: 6 total, 6 available
[0.007s][info][gc,init] Memory: 15591M
[0.007s][info][gc,init] Large Page Support: Disabled
[0.008s][info][gc,init] GC Workers: 2 (dynamic)
[0.008s][info][gc,init] Address Space Type: Contiguous/Unrestricted/Complete
[0.008s][info][gc,init] Address Space Size: 131072M x 3 = 393216M
[0.008s][info][gc,init] Min Capacity: 8192M
[0.008s][info][gc,init] Initial Capacity: 8192M
[0.008s][info][gc,init] Max Capacity: 8192M
[0.011s][info][gc,init] Medium Page Size: 32M
[0.011s][info][gc,init] Pre-touch: Disabled
[0.011s][info][gc,init] Uncommit: Implicitly Disabled (-Xms equals -Xmx)
[0.291s][info][gc,init] Runtime Workers: 4
[0.291s][info][gc     ] Using The Z Garbage Collector
[0.300s][info][gc,metaspace] CDS archive(s) mapped at: [0x0000023044000000-0x0000023044bc0000-0x0000023044bc0000), size 12320768, SharedBaseAddress: 0x0000023044000000, ArchiveRelocationMode: 1.
[0.300s][info][gc,metaspace] Compressed class space mapped at: 0x0000023045000000-0x0000023085000000, reserved size: 1073741824
[0.300s][info][gc,metaspace] Narrow klass base: 0x0000023044000000, Narrow klass shift: 0, Narrow klass range: 0x100000000
[7.254s][info][gc,start    ] GC(0) Garbage Collection (Metadata GC Threshold)
[7.254s][info][gc,task     ] GC(0) Using 2 workers
[7.254s][info][gc,phases   ] GC(0) Pause Mark Start 0.007ms
[7.286s][info][gc,phases   ] GC(0) Concurrent Mark 31.084ms
[7.286s][info][gc,phases   ] GC(0) Pause Mark End 0.063ms
[7.286s][info][gc,phases   ] GC(0) Concurrent Mark Free 0.000ms
[7.289s][info][gc,phases   ] GC(0) Concurrent Process Non-Strong References 2.661ms
[7.289s][info][gc,phases   ] GC(0) Concurrent Reset Relocation Set 0.010ms
[7.295s][info][gc,phases   ] GC(0) Concurrent Select Relocation Set 6.243ms
[7.295s][info][gc,phases   ] GC(0) Pause Relocate Start 0.009ms
[7.303s][info][gc,phases   ] GC(0) Concurrent Relocate 7.250ms
[7.303s][info][gc,load     ] GC(0) Load: 0.00/0.00/0.00
[7.303s][info][gc,mmu      ] GC(0) MMU: 2ms/96.9%, 5ms/98.7%, 10ms/99.3%, 20ms/99.6%, 50ms/99.8%, 100ms/99.9%
[7.303s][info][gc,marking  ] GC(0) Mark: 2 stripe(s), 3 proactive flush(es), 1 terminate flush(es), 1 completion(s), 0 continuation(s) 
[7.303s][info][gc,marking  ] GC(0) Mark Stack Usage: 32M
[7.303s][info][gc,nmethod  ] GC(0) NMethods: 1977 registered, 0 unregistered
[7.303s][info][gc,metaspace] GC(0) Metaspace: 21M used, 21M committed, 1088M reserved
[7.303s][info][gc,ref      ] GC(0) Soft: 3512 encountered, 0 discovered, 0 enqueued
[7.303s][info][gc,ref      ] GC(0) Weak: 1291 encountered, 571 discovered, 303 enqueued
[7.303s][info][gc,ref      ] GC(0) Final: 0 encountered, 0 discovered, 0 enqueued
[7.303s][info][gc,ref      ] GC(0) Phantom: 872 encountered, 679 discovered, 318 enqueued
[7.303s][info][gc,reloc    ] GC(0) Small Pages: 43 / 86M, Empty: 0M, Relocated: 12M, In-Place: 0
[7.303s][info][gc,reloc    ] GC(0) Medium Pages: 1 / 32M, Empty: 0M, Relocated: 0M, In-Place: 0
[7.303s][info][gc,reloc    ] GC(0) Large Pages: 0 / 0M, Empty: 0M, Relocated: 0M, In-Place: 0
[7.303s][info][gc,reloc    ] GC(0) Forwarding Usage: 3M
[7.303s][info][gc,heap     ] GC(0) Min Capacity: 8192M(100%)
[7.303s][info][gc,heap     ] GC(0) Max Capacity: 8192M(100%)
[7.303s][info][gc,heap     ] GC(0) Soft Max Capacity: 8192M(100%)
[7.303s][info][gc,heap     ] GC(0)                Mark Start          Mark End        Relocate Start      Relocate End           High               Low         
[7.303s][info][gc,heap     ] GC(0)  Capacity:     8192M (100%)       8192M (100%)       8192M (100%)       8192M (100%)       8192M (100%)       8192M (100%)   
[7.303s][info][gc,heap     ] GC(0)      Free:     8074M (99%)        8070M (99%)        8070M (99%)        8138M (99%)        8138M (99%)        8066M (98%)    
[7.303s][info][gc,heap     ] GC(0)      Used:      118M (1%)          122M (1%)          122M (1%)           54M (1%)          126M (2%)           54M (1%)     
[7.303s][info][gc,heap     ] GC(0)      Live:         -                20M (0%)           20M (0%)           20M (0%)             -                  -          
[7.303s][info][gc,heap     ] GC(0) Allocated:         -                 4M (0%)            4M (0%)            3M (0%)             -                  -          
[7.303s][info][gc,heap     ] GC(0)   Garbage:         -                97M (1%)           97M (1%)           29M (0%)             -                  -          
[7.303s][info][gc,heap     ] GC(0) Reclaimed:         -                  -                 0M (0%)           67M (1%)             -                  -          
[7.303s][info][gc          ] GC(0) Garbage Collection (Metadata GC Threshold) 118M(1%)->54M(1%)
[8.142s][info][gc,start    ] GC(1) Garbage Collection (Metadata GC Threshold)
[8.143s][info][gc,task     ] GC(1) Using 2 workers
[8.143s][info][gc,phases   ] GC(1) Pause Mark Start 0.007ms
[8.170s][info][gc,phases   ] GC(1) Concurrent Mark 27.273ms
[8.170s][info][gc,phases   ] GC(1) Pause Mark End 0.009ms
[8.170s][info][gc,phases   ] GC(1) Concurrent Mark Free 0.001ms
[8.173s][info][gc,phases   ] GC(1) Concurrent Process Non-Strong References 2.942ms
[8.173s][info][gc,phases   ] GC(1) Concurrent Reset Relocation Set 0.004ms
[8.175s][info][gc,phases   ] GC(1) Concurrent Select Relocation Set 2.043ms
[8.175s][info][gc,phases   ] GC(1) Pause Relocate Start 0.007ms
[8.180s][info][gc,phases   ] GC(1) Concurrent Relocate 4.346ms
[8.180s][info][gc,load     ] GC(1) Load: 0.00/0.00/0.00
[8.180s][info][gc,mmu      ] GC(1) MMU: 2ms/96.9%, 5ms/98.7%, 10ms/99.3%, 20ms/99.6%, 50ms/99.8%, 100ms/99.9%
[8.180s][info][gc,marking  ] GC(1) Mark: 2 stripe(s), 2 proactive flush(es), 1 terminate flush(es), 0 completion(s), 0 continuation(s) 
[8.180s][info][gc,marking  ] GC(1) Mark Stack Usage: 32M
[8.180s][info][gc,nmethod  ] GC(1) NMethods: 2804 registered, 0 unregistered
[8.180s][info][gc,metaspace] GC(1) Metaspace: 36M used, 36M committed, 1088M reserved
[8.180s][info][gc,ref      ] GC(1) Soft: 3995 encountered, 0 discovered, 0 enqueued
[8.180s][info][gc,ref      ] GC(1) Weak: 2211 encountered, 358 discovered, 256 enqueued
[8.180s][info][gc,ref      ] GC(1) Final: 49 encountered, 0 discovered, 0 enqueued
[8.180s][info][gc,ref      ] GC(1) Phantom: 910 encountered, 583 discovered, 350 enqueued
[8.180s][info][gc,reloc    ] GC(1) Small Pages: 43 / 86M, Empty: 0M, Relocated: 5M, In-Place: 0
[8.180s][info][gc,reloc    ] GC(1) Medium Pages: 1 / 32M, Empty: 0M, Relocated: 0M, In-Place: 0
[8.180s][info][gc,reloc    ] GC(1) Large Pages: 0 / 0M, Empty: 0M, Relocated: 0M, In-Place: 0
[8.180s][info][gc,reloc    ] GC(1) Forwarding Usage: 2M
[8.180s][info][gc,heap     ] GC(1) Min Capacity: 8192M(100%)
[8.180s][info][gc,heap     ] GC(1) Max Capacity: 8192M(100%)
[8.180s][info][gc,heap     ] GC(1) Soft Max Capacity: 8192M(100%)
[8.180s][info][gc,heap     ] GC(1)                Mark Start          Mark End        Relocate Start      Relocate End           High               Low         
[8.180s][info][gc,heap     ] GC(1)  Capacity:     8192M (100%)       8192M (100%)       8192M (100%)       8192M (100%)       8192M (100%)       8192M (100%)   
[8.180s][info][gc,heap     ] GC(1)      Free:     8074M (99%)        8072M (99%)        8070M (99%)        8130M (99%)        8130M (99%)        8066M (98%)    
[8.180s][info][gc,heap     ] GC(1)      Used:      118M (1%)          120M (1%)          122M (1%)           62M (1%)          126M (2%)           62M (1%)     
[8.180s][info][gc,heap     ] GC(1)      Live:         -                25M (0%)           25M (0%)           25M (0%)             -                  -          
[8.180s][info][gc,heap     ] GC(1) Allocated:         -                 2M (0%)            4M (0%)            5M (0%)             -                  -          
[8.180s][info][gc,heap     ] GC(1)   Garbage:         -                92M (1%)           92M (1%)           30M (0%)             -                  -          
[8.180s][info][gc,heap     ] GC(1) Reclaimed:         -                  -                 0M (0%)           61M (1%)             -                  -          
[8.180s][info][gc          ] GC(1) Garbage Collection (Metadata GC Threshold) 118M(1%)->62M(1%)
[9.421s][info][gc,start    ] GC(2) Garbage Collection (Warmup)
[9.421s][info][gc,task     ] GC(2) Using 2 workers
[9.421s][info][gc,phases   ] GC(2) Pause Mark Start 0.011ms
[10.316s][info][gc,stats    ] === Garbage Collection Statistics =======================================================================================================================
[10.316s][info][gc,stats    ]                                                              Last 10s              Last 10m              Last 10h                Total
[10.316s][info][gc,stats    ]                                                              Avg / Max             Avg / Max             Avg / Max             Avg / Max
[10.316s][info][gc,stats    ]   Collector: Garbage Collection Cycle                     42.983 / 48.550       42.983 / 48.550       42.983 / 48.550       42.983 / 48.550      ms
[10.316s][info][gc,stats    ]  Contention: Mark Segment Reset Contention                     0 / 1                 0 / 1                 0 / 1                 0 / 1           ops/s
[10.316s][info][gc,stats    ]  Contention: Mark SeqNum Reset Contention                      0 / 0                 0 / 0                 0 / 0                 0 / 0           ops/s
[10.316s][info][gc,stats    ]    Critical: Allocation Stall                                  0 / 0                 0 / 0                 0 / 0                 0 / 0           ops/s
[10.316s][info][gc,stats    ]    Critical: Allocation Stall                              0.000 / 0.000         0.000 / 0.000         0.000 / 0.000         0.000 / 0.000       ms
[10.316s][info][gc,stats    ]    Critical: GC Locker Stall                                   0 / 0                 0 / 0                 0 / 0                 0 / 0           ops/s
[10.316s][info][gc,stats    ]    Critical: GC Locker Stall                               0.000 / 0.000         0.000 / 0.000         0.000 / 0.000         0.000 / 0.000       ms
[10.316s][info][gc,stats    ]    Critical: Relocation Stall                                  0 / 0                 0 / 0                 0 / 0                 0 / 0           ops/s
[10.316s][info][gc,stats    ]    Critical: Relocation Stall                              0.000 / 0.000         0.000 / 0.000         0.000 / 0.000         0.000 / 0.000       ms
[10.316s][info][gc,stats    ]      Memory: Allocation Rate                                  96 / 654              96 / 654              96 / 654              96 / 654         MB/s
[10.316s][info][gc,stats    ]      Memory: Out Of Memory                                     0 / 0                 0 / 0                 0 / 0                 0 / 0           ops/s
[10.316s][info][gc,stats    ]      Memory: Page Cache Flush                                  0 / 0                 0 / 0                 0 / 0                 0 / 0           MB/s
[10.316s][info][gc,stats    ]      Memory: Page Cache Hit L1                                 7 / 46                7 / 46                7 / 46                7 / 46          ops/s
[10.316s][info][gc,stats    ]      Memory: Page Cache Hit L2                                 0 / 0                 0 / 0                 0 / 0                 0 / 0           ops/s
[10.316s][info][gc,stats    ]      Memory: Page Cache Hit L3                                40 / 304              40 / 304              40 / 304              40 / 304         ops/s
[10.316s][info][gc,stats    ]      Memory: Page Cache Miss                                   0 / 1                 0 / 1                 0 / 1                 0 / 1           ops/s
[10.316s][info][gc,stats    ]      Memory: Uncommit                                          0 / 0                 0 / 0                 0 / 0                 0 / 0           MB/s
[10.316s][info][gc,stats    ]      Memory: Undo Object Allocation Failed                     0 / 0                 0 / 0                 0 / 0                 0 / 0           ops/s
[10.316s][info][gc,stats    ]      Memory: Undo Object Allocation Succeeded                  0 / 0                 0 / 0                 0 / 0                 0 / 0           ops/s
[10.316s][info][gc,stats    ]      Memory: Undo Page Allocation                              0 / 0                 0 / 0                 0 / 0                 0 / 0           ops/s
[10.316s][info][gc,stats    ]       Phase: Concurrent Mark                              29.179 / 31.084       29.179 / 31.084       29.179 / 31.084       29.179 / 31.084      ms
[10.316s][info][gc,stats    ]       Phase: Concurrent Mark Continue                      0.000 / 0.000         0.000 / 0.000         0.000 / 0.000         0.000 / 0.000       ms
[10.316s][info][gc,stats    ]       Phase: Concurrent Mark Free                          0.000 / 0.001         0.000 / 0.001         0.000 / 0.001         0.000 / 0.001       ms
[10.316s][info][gc,stats    ]       Phase: Concurrent Process Non-Strong References      2.801 / 2.942         2.801 / 2.942         2.801 / 2.942         2.801 / 2.942       ms
[10.316s][info][gc,stats    ]       Phase: Concurrent Relocate                           5.798 / 7.250         5.798 / 7.250         5.798 / 7.250         5.798 / 7.250       ms
[10.316s][info][gc,stats    ]       Phase: Concurrent Reset Relocation Set               0.007 / 0.010         0.007 / 0.010         0.007 / 0.010         0.007 / 0.010       ms
[10.316s][info][gc,stats    ]       Phase: Concurrent Select Relocation Set              4.143 / 6.243         4.143 / 6.243         4.143 / 6.243         4.143 / 6.243       ms
[10.316s][info][gc,stats    ]       Phase: Pause Mark End                                0.036 / 0.063         0.036 / 0.063         0.036 / 0.063         0.036 / 0.063       ms
[10.316s][info][gc,stats    ]       Phase: Pause Mark Start                              0.008 / 0.011         0.008 / 0.011         0.008 / 0.011         0.008 / 0.011       ms
[10.316s][info][gc,stats    ]       Phase: Pause Relocate Start                          0.008 / 0.009         0.008 / 0.009         0.008 / 0.009         0.008 / 0.009       ms
[10.316s][info][gc,stats    ]    Subphase: Concurrent Classes Purge                      0.093 / 0.102         0.093 / 0.102         0.093 / 0.102         0.093 / 0.102       ms
[10.317s][info][gc,stats    ]    Subphase: Concurrent Classes Unlink                     1.815 / 2.008         1.815 / 2.008         1.815 / 2.008         1.815 / 2.008       ms
[10.317s][info][gc,stats    ]    Subphase: Concurrent Mark                              22.032 / 29.225       22.032 / 29.225       22.032 / 29.225       22.032 / 29.225      ms
[10.317s][info][gc,stats    ]    Subphase: Concurrent Mark Try Flush                     0.065 / 0.244         0.065 / 0.244         0.065 / 0.244         0.065 / 0.244       ms
[10.317s][info][gc,stats    ]    Subphase: Concurrent Mark Try Terminate                10.190 / 16.369       10.190 / 16.369       10.190 / 16.369       10.190 / 16.369      ms
[10.317s][info][gc,stats    ]    Subphase: Concurrent References Enqueue                 0.004 / 0.004         0.004 / 0.004         0.004 / 0.004         0.004 / 0.004       ms
[10.317s][info][gc,stats    ]    Subphase: Concurrent References Process                 0.154 / 0.199         0.154 / 0.199         0.154 / 0.199         0.154 / 0.199       ms
[10.317s][info][gc,stats    ]    Subphase: Concurrent Roots ClassLoaderDataGraph         0.092 / 0.217         0.092 / 0.217         0.092 / 0.217         0.092 / 0.217       ms
[10.317s][info][gc,stats    ]    Subphase: Concurrent Roots CodeCache                    0.000 / 0.000         0.000 / 0.000         0.000 / 0.000         0.000 / 0.000       ms
[10.317s][info][gc,stats    ]    Subphase: Concurrent Roots JavaThreads                  2.238 / 3.262         2.238 / 3.262         2.238 / 3.262         2.238 / 3.262       ms
[10.317s][info][gc,stats    ]    Subphase: Concurrent Roots OopStorageSet                0.041 / 0.055         0.041 / 0.055         0.041 / 0.055         0.041 / 0.055       ms
[10.317s][info][gc,stats    ]    Subphase: Concurrent Weak Roots OopStorageSet           0.534 / 0.647         0.534 / 0.647         0.534 / 0.647         0.534 / 0.647       ms
[10.317s][info][gc,stats    ]    Subphase: Pause Mark Try Complete                       0.004 / 0.005         0.004 / 0.005         0.004 / 0.005         0.004 / 0.005       ms
[10.317s][info][gc,stats    ]      System: Java Threads                                     26 / 55               26 / 55               26 / 55               26 / 55          threads
[10.317s][info][gc,stats    ] =========================================================================================================================================================
[10.394s][info][gc,phases   ] GC(2) Concurrent Mark 972.666ms
[10.395s][info][gc,phases   ] GC(2) Pause Mark End 0.013ms
[10.395s][info][gc,phases   ] GC(2) Concurrent Mark Free 0.001ms
[10.399s][info][gc,phases   ] GC(2) Concurrent Process Non-Strong References 3.944ms
[10.399s][info][gc,phases   ] GC(2) Concurrent Reset Relocation Set 0.004ms
[10.401s][info][gc,phases   ] GC(2) Concurrent Select Relocation Set 1.632ms
[10.401s][info][gc,phases   ] GC(2) Pause Relocate Start 0.008ms
[10.404s][info][gc,phases   ] GC(2) Concurrent Relocate 3.764ms
[10.404s][info][gc,load     ] GC(2) Load: 0.00/0.00/0.00
[10.404s][info][gc,mmu      ] GC(2) MMU: 2ms/96.9%, 5ms/98.7%, 10ms/99.3%, 20ms/99.6%, 50ms/99.8%, 100ms/99.9%
[10.404s][info][gc,marking  ] GC(2) Mark: 2 stripe(s), 10 proactive flush(es), 2 terminate flush(es), 0 completion(s), 0 continuation(s) 
[10.404s][info][gc,marking  ] GC(2) Mark Stack Usage: 32M
[10.404s][info][gc,nmethod  ] GC(2) NMethods: 3396 registered, 0 unregistered
[10.404s][info][gc,metaspace] GC(2) Metaspace: 46M used, 47M committed, 1088M reserved
[10.405s][info][gc,ref      ] GC(2) Soft: 4317 encountered, 0 discovered, 0 enqueued
[10.405s][info][gc,ref      ] GC(2) Weak: 2676 encountered, 292 discovered, 222 enqueued
[10.405s][info][gc,ref      ] GC(2) Final: 51 encountered, 0 discovered, 0 enqueued
[10.405s][info][gc,ref      ] GC(2) Phantom: 945 encountered, 841 discovered, 375 enqueued
[10.405s][info][gc,reloc    ] GC(2) Small Pages: 396 / 792M, Empty: 0M, Relocated: 6M, In-Place: 0
[10.405s][info][gc,reloc    ] GC(2) Medium Pages: 1 / 32M, Empty: 0M, Relocated: 0M, In-Place: 0
[10.405s][info][gc,reloc    ] GC(2) Large Pages: 0 / 0M, Empty: 0M, Relocated: 0M, In-Place: 0
[10.405s][info][gc,reloc    ] GC(2) Forwarding Usage: 1M
[10.405s][info][gc,heap     ] GC(2) Min Capacity: 8192M(100%)
[10.405s][info][gc,heap     ] GC(2) Max Capacity: 8192M(100%)
[10.405s][info][gc,heap     ] GC(2) Soft Max Capacity: 8192M(100%)
[10.405s][info][gc,heap     ] GC(2)                Mark Start          Mark End        Relocate Start      Relocate End           High               Low         
[10.405s][info][gc,heap     ] GC(2)  Capacity:     8192M (100%)       8192M (100%)       8192M (100%)       8192M (100%)       8192M (100%)       8192M (100%)   
[10.405s][info][gc,heap     ] GC(2)      Free:     7368M (90%)        7356M (90%)        7356M (90%)        7416M (91%)        7416M (91%)        7352M (90%)    
[10.405s][info][gc,heap     ] GC(2)      Used:      824M (10%)         836M (10%)         836M (10%)         776M (9%)          840M (10%)         776M (9%)     
[10.405s][info][gc,heap     ] GC(2)      Live:         -               722M (9%)          722M (9%)          722M (9%)             -                  -          
[10.405s][info][gc,heap     ] GC(2) Allocated:         -                12M (0%)           12M (0%)           11M (0%)             -                  -          
[10.405s][info][gc,heap     ] GC(2)   Garbage:         -               101M (1%)          101M (1%)           41M (1%)             -                  -          
[10.405s][info][gc,heap     ] GC(2) Reclaimed:         -                  -                 0M (0%)           59M (1%)             -                  -          
[10.405s][info][gc          ] GC(2) Garbage Collection (Warmup) 824M(10%)->776M(9%)
[10.896s][info][gc,start    ] GC(3) Garbage Collection (System.gc())
[10.896s][info][gc,task     ] GC(3) Using 2 workers
[10.896s][info][gc,phases   ] GC(3) Pause Mark Start 0.006ms
[10.929s][info][gc,phases   ] GC(3) Concurrent Mark 32.804ms
[10.929s][info][gc,phases   ] GC(3) Pause Mark End 0.022ms
[10.929s][info][gc,phases   ] GC(3) Concurrent Mark Free 0.000ms
[10.934s][info][gc,phases   ] GC(3) Concurrent Process Non-Strong References 4.653ms
[10.934s][info][gc,phases   ] GC(3) Concurrent Reset Relocation Set 0.004ms
[10.937s][info][gc,phases   ] GC(3) Concurrent Select Relocation Set 3.374ms
[10.937s][info][gc,phases   ] GC(3) Pause Relocate Start 0.010ms
[10.940s][info][gc,phases   ] GC(3) Concurrent Relocate 2.991ms
[10.940s][info][gc,load     ] GC(3) Load: 0.00/0.00/0.00
[10.940s][info][gc,mmu      ] GC(3) MMU: 2ms/96.9%, 5ms/98.7%, 10ms/99.3%, 20ms/99.6%, 50ms/99.8%, 100ms/99.9%
[10.940s][info][gc,marking  ] GC(3) Mark: 2 stripe(s), 2 proactive flush(es), 1 terminate flush(es), 0 completion(s), 0 continuation(s) 
[10.940s][info][gc,marking  ] GC(3) Mark Stack Usage: 32M
[10.940s][info][gc,nmethod  ] GC(3) NMethods: 3850 registered, 0 unregistered
[10.940s][info][gc,metaspace] GC(3) Metaspace: 53M used, 54M committed, 1088M reserved
[10.941s][info][gc,ref      ] GC(3) Soft: 4688 encountered, 0 discovered, 0 enqueued
[10.941s][info][gc,ref      ] GC(3) Weak: 3423 encountered, 704 discovered, 218 enqueued
[10.941s][info][gc,ref      ] GC(3) Final: 51 encountered, 0 discovered, 0 enqueued
[10.941s][info][gc,ref      ] GC(3) Phantom: 845 encountered, 755 discovered, 275 enqueued
[10.941s][info][gc,reloc    ] GC(3) Small Pages: 394 / 788M, Empty: 698M, Relocated: 4M, In-Place: 0
[10.941s][info][gc,reloc    ] GC(3) Medium Pages: 2 / 64M, Empty: 32M, Relocated: 0M, In-Place: 0
[10.941s][info][gc,reloc    ] GC(3) Large Pages: 1 / 6M, Empty: 6M, Relocated: 0M, In-Place: 0
[10.941s][info][gc,reloc    ] GC(3) Forwarding Usage: 1M
[10.941s][info][gc,heap     ] GC(3) Min Capacity: 8192M(100%)
[10.941s][info][gc,heap     ] GC(3) Max Capacity: 8192M(100%)
[10.941s][info][gc,heap     ] GC(3) Soft Max Capacity: 8192M(100%)
[10.941s][info][gc,heap     ] GC(3)                Mark Start          Mark End        Relocate Start      Relocate End           High               Low         
[10.941s][info][gc,heap     ] GC(3)  Capacity:     8192M (100%)       8192M (100%)       8192M (100%)       8192M (100%)       8192M (100%)       8192M (100%)   
[10.941s][info][gc,heap     ] GC(3)      Free:     7334M (90%)        7332M (90%)        8068M (98%)        8124M (99%)        8124M (99%)        7332M (90%)    
[10.941s][info][gc,heap     ] GC(3)      Used:      858M (10%)         860M (10%)         124M (2%)           68M (1%)          860M (10%)          68M (1%)     
[10.941s][info][gc,heap     ] GC(3)      Live:         -                31M (0%)           31M (0%)           31M (0%)             -                  -          
[10.941s][info][gc,heap     ] GC(3) Allocated:         -                 2M (0%)            2M (0%)            3M (0%)             -                  -          
[10.941s][info][gc,heap     ] GC(3)   Garbage:         -               826M (10%)          90M (1%)           32M (0%)             -                  -          
[10.941s][info][gc,heap     ] GC(3) Reclaimed:         -                  -               736M (9%)          793M (10%)            -                  -          
[10.941s][info][gc          ] GC(3) Garbage Collection (System.gc()) 858M(10%)->68M(1%)
[12.321s][info][gc,start    ] GC(4) Garbage Collection (Warmup)
[12.321s][info][gc,task     ] GC(4) Using 2 workers
[12.321s][info][gc,phases   ] GC(4) Pause Mark Start 0.008ms
[12.368s][info][gc,phases   ] GC(4) Concurrent Mark 40.255ms
[12.368s][info][gc,phases   ] GC(4) Pause Mark End 0.017ms
[12.369s][info][gc,phases   ] GC(4) Concurrent Mark Free 0.001ms
[12.384s][info][gc,phases   ] GC(4) Concurrent Process Non-Strong References 15.475ms
[12.384s][info][gc,phases   ] GC(4) Concurrent Reset Relocation Set 0.003ms
[12.387s][info][gc,phases   ] GC(4) Concurrent Select Relocation Set 2.655ms
[12.387s][info][gc,phases   ] GC(4) Pause Relocate Start 0.012ms
[12.393s][info][gc,phases   ] GC(4) Concurrent Relocate 5.677ms
[12.393s][info][gc,load     ] GC(4) Load: 0.00/0.00/0.00
[12.393s][info][gc,mmu      ] GC(4) MMU: 2ms/96.9%, 5ms/98.7%, 10ms/99.3%, 20ms/99.6%, 50ms/99.8%, 100ms/99.9%
[12.393s][info][gc,marking  ] GC(4) Mark: 2 stripe(s), 2 proactive flush(es), 1 terminate flush(es), 0 completion(s), 0 continuation(s) 
[12.393s][info][gc,marking  ] GC(4) Mark Stack Usage: 32M
[12.393s][info][gc,nmethod  ] GC(4) NMethods: 4341 registered, 726 unregistered
[12.393s][info][gc,metaspace] GC(4) Metaspace: 62M used, 64M committed, 1088M reserved
[12.393s][info][gc,ref      ] GC(4) Soft: 5417 encountered, 0 discovered, 0 enqueued
[12.393s][info][gc,ref      ] GC(4) Weak: 5183 encountered, 1047 discovered, 493 enqueued
[12.393s][info][gc,ref      ] GC(4) Final: 51 encountered, 0 discovered, 0 enqueued
[12.393s][info][gc,ref      ] GC(4) Phantom: 1191 encountered, 887 discovered, 592 enqueued
[12.393s][info][gc,reloc    ] GC(4) Small Pages: 826 / 1652M, Empty: 1490M, Relocated: 8M, In-Place: 0
[12.393s][info][gc,reloc    ] GC(4) Medium Pages: 2 / 64M, Empty: 32M, Relocated: 0M, In-Place: 0
[12.393s][info][gc,reloc    ] GC(4) Large Pages: 1 / 6M, Empty: 6M, Relocated: 0M, In-Place: 0
[12.393s][info][gc,reloc    ] GC(4) Forwarding Usage: 2M
[12.393s][info][gc,heap     ] GC(4) Min Capacity: 8192M(100%)
[12.393s][info][gc,heap     ] GC(4) Max Capacity: 8192M(100%)
[12.393s][info][gc,heap     ] GC(4) Soft Max Capacity: 8192M(100%)
[12.393s][info][gc,heap     ] GC(4)                Mark Start          Mark End        Relocate Start      Relocate End           High               Low         
[12.393s][info][gc,heap     ] GC(4)  Capacity:     8192M (100%)       8192M (100%)       8192M (100%)       8192M (100%)       8192M (100%)       8192M (100%)   
[12.393s][info][gc,heap     ] GC(4)      Free:     6470M (79%)        6340M (77%)        7820M (95%)        7924M (97%)        7926M (97%)        6296M (77%)    
[12.393s][info][gc,heap     ] GC(4)      Used:     1722M (21%)        1852M (23%)         372M (5%)          268M (3%)         1896M (23%)         266M (3%)     
[12.393s][info][gc,heap     ] GC(4)      Live:         -                39M (0%)           39M (0%)           39M (0%)             -                  -          
[12.393s][info][gc,heap     ] GC(4) Allocated:         -               130M (2%)          178M (2%)          198M (2%)             -                  -          
[12.393s][info][gc,heap     ] GC(4)   Garbage:         -              1682M (21%)         154M (2%)           29M (0%)             -                  -          
[12.393s][info][gc,heap     ] GC(4) Reclaimed:         -                  -              1528M (19%)        1652M (20%)            -                  -          
[12.393s][info][gc          ] GC(4) Garbage Collection (Warmup) 1722M(21%)->268M(3%)
[12.525s][info][gc,start    ] GC(5) Garbage Collection (Allocation Rate)
[12.525s][info][gc,task     ] GC(5) Using 2 workers
[12.525s][info][gc,phases   ] GC(5) Pause Mark Start 0.006ms
[12.556s][info][gc,phases   ] GC(5) Concurrent Mark 31.046ms
[12.556s][info][gc,phases   ] GC(5) Pause Mark End 0.014ms
[12.556s][info][gc,phases   ] GC(5) Concurrent Mark Free 0.001ms
[12.572s][info][gc,phases   ] GC(5) Concurrent Process Non-Strong References 15.785ms
[12.572s][info][gc,phases   ] GC(5) Concurrent Reset Relocation Set 0.009ms
[12.574s][info][gc,phases   ] GC(5) Concurrent Select Relocation Set 1.820ms
[12.574s][info][gc,phases   ] GC(5) Pause Relocate Start 0.011ms
[12.576s][info][gc,phases   ] GC(5) Concurrent Relocate 2.072ms
[12.576s][info][gc,load     ] GC(5) Load: 0.00/0.00/0.00
[12.577s][info][gc,mmu      ] GC(5) MMU: 2ms/96.9%, 5ms/98.7%, 10ms/99.3%, 20ms/99.6%, 50ms/99.8%, 100ms/99.9%
[12.577s][info][gc,marking  ] GC(5) Mark: 2 stripe(s), 3 proactive flush(es), 1 terminate flush(es), 0 completion(s), 0 continuation(s) 
[12.577s][info][gc,marking  ] GC(5) Mark Stack Usage: 32M
[12.577s][info][gc,nmethod  ] GC(5) NMethods: 4423 registered, 726 unregistered
[12.577s][info][gc,metaspace] GC(5) Metaspace: 63M used, 64M committed, 1088M reserved
[12.577s][info][gc,ref      ] GC(5) Soft: 5475 encountered, 0 discovered, 0 enqueued
[12.577s][info][gc,ref      ] GC(5) Weak: 5052 encountered, 805 discovered, 186 enqueued
[12.577s][info][gc,ref      ] GC(5) Final: 51 encountered, 2 discovered, 0 enqueued
[12.577s][info][gc,ref      ] GC(5) Phantom: 695 encountered, 421 discovered, 101 enqueued
[12.577s][info][gc,reloc    ] GC(5) Small Pages: 376 / 752M, Empty: 676M, Relocated: 5M, In-Place: 0
[12.577s][info][gc,reloc    ] GC(5) Medium Pages: 2 / 64M, Empty: 32M, Relocated: 0M, In-Place: 0
[12.577s][info][gc,reloc    ] GC(5) Large Pages: 0 / 0M, Empty: 0M, Relocated: 0M, In-Place: 0
[12.577s][info][gc,reloc    ] GC(5) Forwarding Usage: 0M
[12.577s][info][gc,heap     ] GC(5) Min Capacity: 8192M(100%)
[12.577s][info][gc,heap     ] GC(5) Max Capacity: 8192M(100%)
[12.577s][info][gc,heap     ] GC(5) Soft Max Capacity: 8192M(100%)
[12.577s][info][gc,heap     ] GC(5)                Mark Start          Mark End        Relocate Start      Relocate End           High               Low         
[12.577s][info][gc,heap     ] GC(5)  Capacity:     8192M (100%)       8192M (100%)       8192M (100%)       8192M (100%)       8192M (100%)       8192M (100%)   
[12.577s][info][gc,heap     ] GC(5)      Free:     7376M (90%)        7290M (89%)        7952M (97%)        7984M (97%)        7986M (97%)        7248M (88%)    
[12.577s][info][gc,heap     ] GC(5)      Used:      816M (10%)         902M (11%)         240M (3%)          208M (3%)          944M (12%)         206M (3%)     
[12.577s][info][gc,heap     ] GC(5)      Live:         -                38M (0%)           38M (0%)           38M (0%)             -                  -          
[12.577s][info][gc,heap     ] GC(5) Allocated:         -                86M (1%)          132M (2%)          137M (2%)             -                  -          
[12.577s][info][gc,heap     ] GC(5)   Garbage:         -               777M (9%)           69M (1%)           31M (0%)             -                  -          
[12.577s][info][gc,heap     ] GC(5) Reclaimed:         -                  -               708M (9%)          745M (9%)             -                  -          
[12.577s][info][gc          ] GC(5) Garbage Collection (Allocation Rate) 816M(10%)->208M(3%)
[13.027s][info][gc,start    ] GC(6) Garbage Collection (Allocation Rate)
[13.027s][info][gc,task     ] GC(6) Using 2 workers
[13.028s][info][gc,phases   ] GC(6) Pause Mark Start 0.006ms
[13.059s][info][gc,phases   ] GC(6) Concurrent Mark 31.026ms
[13.059s][info][gc,phases   ] GC(6) Pause Mark End 0.012ms
[13.059s][info][gc,phases   ] GC(6) Concurrent Mark Free 0.002ms
[13.063s][info][gc,phases   ] GC(6) Concurrent Process Non-Strong References 4.035ms
[13.063s][info][gc,phases   ] GC(6) Concurrent Reset Relocation Set 0.003ms
[13.065s][info][gc,phases   ] GC(6) Concurrent Select Relocation Set 2.032ms
[13.065s][info][gc,phases   ] GC(6) Pause Relocate Start 0.017ms
[13.066s][info][gc,phases   ] GC(6) Concurrent Relocate 0.577ms
[13.066s][info][gc,load     ] GC(6) Load: 0.00/0.00/0.00
[13.066s][info][gc,mmu      ] GC(6) MMU: 2ms/96.9%, 5ms/98.7%, 10ms/99.3%, 20ms/99.6%, 50ms/99.8%, 100ms/99.9%
[13.066s][info][gc,marking  ] GC(6) Mark: 2 stripe(s), 2 proactive flush(es), 1 terminate flush(es), 0 completion(s), 0 continuation(s) 
[13.066s][info][gc,marking  ] GC(6) Mark Stack Usage: 32M
[13.066s][info][gc,nmethod  ] GC(6) NMethods: 4444 registered, 726 unregistered
[13.066s][info][gc,metaspace] GC(6) Metaspace: 63M used, 64M committed, 1088M reserved
[13.066s][info][gc,ref      ] GC(6) Soft: 5475 encountered, 0 discovered, 0 enqueued
[13.066s][info][gc,ref      ] GC(6) Weak: 4866 encountered, 607 discovered, 0 enqueued
[13.066s][info][gc,ref      ] GC(6) Final: 51 encountered, 2 discovered, 0 enqueued
[13.066s][info][gc,ref      ] GC(6) Phantom: 594 encountered, 292 discovered, 0 enqueued
[13.066s][info][gc,reloc    ] GC(6) Small Pages: 981 / 1962M, Empty: 1902M, Relocated: 1M, In-Place: 0
[13.066s][info][gc,reloc    ] GC(6) Medium Pages: 1 / 32M, Empty: 0M, Relocated: 0M, In-Place: 0
[13.066s][info][gc,reloc    ] GC(6) Large Pages: 0 / 0M, Empty: 0M, Relocated: 0M, In-Place: 0
[13.066s][info][gc,reloc    ] GC(6) Forwarding Usage: 0M
[13.066s][info][gc,heap     ] GC(6) Min Capacity: 8192M(100%)
[13.066s][info][gc,heap     ] GC(6) Max Capacity: 8192M(100%)
[13.066s][info][gc,heap     ] GC(6) Soft Max Capacity: 8192M(100%)
[13.066s][info][gc,heap     ] GC(6)                Mark Start          Mark End        Relocate Start      Relocate End           High               Low         
[13.066s][info][gc,heap     ] GC(6)  Capacity:     8192M (100%)       8192M (100%)       8192M (100%)       8192M (100%)       8192M (100%)       8192M (100%)   
[13.066s][info][gc,heap     ] GC(6)      Free:     6198M (76%)        6112M (75%)        7996M (98%)        8016M (98%)        8016M (98%)        6098M (74%)    
[13.066s][info][gc,heap     ] GC(6)      Used:     1994M (24%)        2080M (25%)         196M (2%)          176M (2%)         2094M (26%)         176M (2%)     
[13.066s][info][gc,heap     ] GC(6)      Live:         -                38M (0%)           38M (0%)           38M (0%)             -                  -          
[13.066s][info][gc,heap     ] GC(6) Allocated:         -                86M (1%)          104M (1%)          105M (1%)             -                  -          
[13.066s][info][gc,heap     ] GC(6)   Garbage:         -              1955M (24%)          53M (1%)           31M (0%)             -                  -          
[13.066s][info][gc,heap     ] GC(6) Reclaimed:         -                  -              1902M (23%)        1923M (23%)            -                  -          
[13.066s][info][gc          ] GC(6) Garbage Collection (Allocation Rate) 1994M(24%)->176M(2%)
[14.529s][info][gc,start    ] GC(7) Garbage Collection (Warmup)
[14.529s][info][gc,task     ] GC(7) Using 2 workers
[14.529s][info][gc,phases   ] GC(7) Pause Mark Start 0.005ms
[14.880s][info][gc,phases   ] GC(7) Concurrent Mark 350.692ms
[14.880s][info][gc,phases   ] GC(7) Pause Mark End 0.016ms
[14.881s][info][gc,phases   ] GC(7) Concurrent Mark Free 0.001ms
[14.895s][info][gc,phases   ] GC(7) Concurrent Process Non-Strong References 14.096ms
[14.895s][info][gc,phases   ] GC(7) Concurrent Reset Relocation Set 0.002ms
[14.912s][info][gc,phases   ] GC(7) Concurrent Select Relocation Set 17.535ms
[14.913s][info][gc,phases   ] GC(7) Pause Relocate Start 0.009ms
[15.025s][info][gc,phases   ] GC(7) Concurrent Relocate 112.451ms
[15.025s][info][gc,load     ] GC(7) Load: 0.00/0.00/0.00
[15.025s][info][gc,mmu      ] GC(7) MMU: 2ms/96.9%, 5ms/98.7%, 10ms/99.3%, 20ms/99.6%, 50ms/99.8%, 100ms/99.9%
[15.025s][info][gc,marking  ] GC(7) Mark: 2 stripe(s), 2 proactive flush(es), 1 terminate flush(es), 0 completion(s), 0 continuation(s) 
[15.025s][info][gc,marking  ] GC(7) Mark Stack Usage: 32M
[15.025s][info][gc,nmethod  ] GC(7) NMethods: 5528 registered, 6 unregistered
[15.025s][info][gc,metaspace] GC(7) Metaspace: 65M used, 66M committed, 1088M reserved
[15.025s][info][gc,ref      ] GC(7) Soft: 5640 encountered, 0 discovered, 0 enqueued
[15.025s][info][gc,ref      ] GC(7) Weak: 5673 encountered, 1193 discovered, 338 enqueued
[15.025s][info][gc,ref      ] GC(7) Final: 51 encountered, 0 discovered, 0 enqueued
[15.025s][info][gc,ref      ] GC(7) Phantom: 844 encountered, 616 discovered, 261 enqueued
[15.025s][info][gc,reloc    ] GC(7) Small Pages: 1231 / 2462M, Empty: 1662M, Relocated: 109M, In-Place: 0
[15.025s][info][gc,reloc    ] GC(7) Medium Pages: 2 / 64M, Empty: 32M, Relocated: 0M, In-Place: 0
[15.025s][info][gc,reloc    ] GC(7) Large Pages: 5 / 30M, Empty: 6M, Relocated: 0M, In-Place: 0
[15.025s][info][gc,reloc    ] GC(7) Forwarding Usage: 70M
[15.025s][info][gc,heap     ] GC(7) Min Capacity: 8192M(100%)
[15.025s][info][gc,heap     ] GC(7) Max Capacity: 8192M(100%)
[15.025s][info][gc,heap     ] GC(7) Soft Max Capacity: 8192M(100%)
[15.025s][info][gc,heap     ] GC(7)                Mark Start          Mark End        Relocate Start      Relocate End           High               Low         
[15.026s][info][gc,heap     ] GC(7)  Capacity:     8192M (100%)       8192M (100%)       8192M (100%)       8192M (100%)       8192M (100%)       8192M (100%)   
[15.026s][info][gc,heap     ] GC(7)      Free:     5636M (69%)        5096M (62%)        6746M (82%)        7354M (90%)        7354M (90%)        5072M (62%)    
[15.026s][info][gc,heap     ] GC(7)      Used:     2556M (31%)        3096M (38%)        1446M (18%)         838M (10%)        3120M (38%)         838M (10%)    
[15.026s][info][gc,heap     ] GC(7)      Live:         -               167M (2%)          167M (2%)          167M (2%)             -                  -          
[15.026s][info][gc,heap     ] GC(7) Allocated:         -               540M (7%)          590M (7%)          637M (8%)             -                  -          
[15.026s][info][gc,heap     ] GC(7)   Garbage:         -              2388M (29%)         688M (8%)           32M (0%)             -                  -          
[15.026s][info][gc,heap     ] GC(7) Reclaimed:         -                  -              1700M (21%)        2355M (29%)            -                  -          
[15.026s][info][gc          ] GC(7) Garbage Collection (Warmup) 2556M(31%)->838M(10%)
[17.514s][info][gc,start    ] GC(8) Garbage Collection (Allocation Rate)
[17.514s][info][gc,task     ] GC(8) Using 2 workers
[17.514s][info][gc,phases   ] GC(8) Pause Mark Start 0.006ms
[18.063s][info][gc,phases   ] GC(8) Concurrent Mark 549.044ms
[18.063s][info][gc,phases   ] GC(8) Pause Mark End 0.017ms
[18.063s][info][gc,phases   ] GC(8) Concurrent Mark Free 0.001ms
[18.069s][info][gc,phases   ] GC(8) Concurrent Process Non-Strong References 5.568ms
[18.069s][info][gc,phases   ] GC(8) Concurrent Reset Relocation Set 0.037ms
[18.107s][info][gc,phases   ] GC(8) Concurrent Select Relocation Set 37.974ms
[18.107s][info][gc,phases   ] GC(8) Pause Relocate Start 0.019ms
[18.292s][info][gc,phases   ] GC(8) Concurrent Relocate 182.097ms
[18.292s][info][gc,load     ] GC(8) Load: 0.00/0.00/0.00
[18.292s][info][gc,mmu      ] GC(8) MMU: 2ms/96.9%, 5ms/98.7%, 10ms/99.3%, 20ms/99.6%, 50ms/99.8%, 100ms/99.9%
[18.292s][info][gc,marking  ] GC(8) Mark: 2 stripe(s), 2 proactive flush(es), 1 terminate flush(es), 0 completion(s), 0 continuation(s) 
[18.292s][info][gc,marking  ] GC(8) Mark Stack Usage: 32M
[18.292s][info][gc,nmethod  ] GC(8) NMethods: 6074 registered, 0 unregistered
[18.292s][info][gc,metaspace] GC(8) Metaspace: 66M used, 66M committed, 1088M reserved
[18.292s][info][gc,ref      ] GC(8) Soft: 5708 encountered, 0 discovered, 0 enqueued
[18.292s][info][gc,ref      ] GC(8) Weak: 5845 encountered, 1075 discovered, 195 enqueued
[18.292s][info][gc,ref      ] GC(8) Final: 51 encountered, 0 discovered, 0 enqueued
[18.292s][info][gc,ref      ] GC(8) Phantom: 675 encountered, 475 discovered, 92 enqueued
[18.292s][info][gc,reloc    ] GC(8) Small Pages: 1947 / 3894M, Empty: 2046M, Relocated: 199M, In-Place: 0
[18.292s][info][gc,reloc    ] GC(8) Medium Pages: 6 / 192M, Empty: 128M, Relocated: 10M, In-Place: 0
[18.292s][info][gc,reloc    ] GC(8) Large Pages: 33 / 230M, Empty: 166M, Relocated: 0M, In-Place: 0
[18.292s][info][gc,reloc    ] GC(8) Forwarding Usage: 136M
[18.292s][info][gc,heap     ] GC(8) Min Capacity: 8192M(100%)
[18.292s][info][gc,heap     ] GC(8) Max Capacity: 8192M(100%)
[18.292s][info][gc,heap     ] GC(8) Soft Max Capacity: 8192M(100%)
[18.292s][info][gc,heap     ] GC(8)                Mark Start          Mark End        Relocate Start      Relocate End           High               Low         
[18.292s][info][gc,heap     ] GC(8)  Capacity:     8192M (100%)       8192M (100%)       8192M (100%)       8192M (100%)       8192M (100%)       8192M (100%)   
[18.292s][info][gc,heap     ] GC(8)      Free:     3876M (47%)        3128M (38%)        5462M (67%)        7016M (86%)        7016M (86%)        3126M (38%)    
[18.292s][info][gc,heap     ] GC(8)      Used:     4316M (53%)        5064M (62%)        2730M (33%)        1176M (14%)        5066M (62%)        1176M (14%)    
[18.292s][info][gc,heap     ] GC(8)      Live:         -               393M (5%)          393M (5%)          393M (5%)             -                  -          
[18.292s][info][gc,heap     ] GC(8) Allocated:         -               748M (9%)          754M (9%)          755M (9%)             -                  -          
[18.292s][info][gc,heap     ] GC(8)   Garbage:         -              3922M (48%)        1582M (19%)          26M (0%)             -                  -          
[18.292s][info][gc,heap     ] GC(8) Reclaimed:         -                  -              2340M (29%)        3895M (48%)            -                  -          
[18.292s][info][gc          ] GC(8) Garbage Collection (Allocation Rate) 4316M(53%)->1176M(14%)
[20.315s][info][gc,stats    ] === Garbage Collection Statistics =======================================================================================================================
[20.315s][info][gc,stats    ]                                                              Last 10s              Last 10m              Last 10h                Total
[20.315s][info][gc,stats    ]                                                              Avg / Max             Avg / Max             Avg / Max             Avg / Max
[20.315s][info][gc,stats    ]   Collector: Garbage Collection Cycle                    352.085 / 983.217     283.396 / 983.217     283.396 / 983.217     283.396 / 983.217     ms
[20.315s][info][gc,stats    ]  Contention: Mark Segment Reset Contention                     0 / 7                 0 / 7                 0 / 7                 0 / 7           ops/s
[20.315s][info][gc,stats    ]  Contention: Mark SeqNum Reset Contention                      0 / 0                 0 / 0                 0 / 0                 0 / 0           ops/s
[20.315s][info][gc,stats    ]    Critical: Allocation Stall                                  0 / 0                 0 / 0                 0 / 0                 0 / 0           ops/s
[20.315s][info][gc,stats    ]    Critical: Allocation Stall                              0.000 / 0.000         0.000 / 0.000         0.000 / 0.000         0.000 / 0.000       ms
[20.315s][info][gc,stats    ]    Critical: GC Locker Stall                                   0 / 0                 0 / 0                 0 / 0                 0 / 0           ops/s
[20.315s][info][gc,stats    ]    Critical: GC Locker Stall                               0.000 / 0.000         0.000 / 0.000         0.000 / 0.000         0.000 / 0.000       ms
[20.315s][info][gc,stats    ]    Critical: Relocation Stall                                  0 / 0                 0 / 0                 0 / 0                 0 / 0           ops/s
[20.315s][info][gc,stats    ]    Critical: Relocation Stall                              0.000 / 0.000         0.000 / 0.000         0.000 / 0.000         0.000 / 0.000       ms
[20.315s][info][gc,stats    ]      Memory: Allocation Rate                                1307 / 3876            701 / 3876            701 / 3876            701 / 3876        MB/s
[20.315s][info][gc,stats    ]      Memory: Out Of Memory                                     0 / 0                 0 / 0                 0 / 0                 0 / 0           ops/s
[20.315s][info][gc,stats    ]      Memory: Page Cache Flush                                  0 / 0                 0 / 0                 0 / 0                 0 / 0           MB/s
[20.315s][info][gc,stats    ]      Memory: Page Cache Hit L1                               445 / 1729            226 / 1729            226 / 1729            226 / 1729        ops/s
[20.315s][info][gc,stats    ]      Memory: Page Cache Hit L2                                 0 / 0                 0 / 0                 0 / 0                 0 / 0           ops/s
[20.315s][info][gc,stats    ]      Memory: Page Cache Hit L3                               194 / 527             117 / 527             117 / 527             117 / 527         ops/s
[20.315s][info][gc,stats    ]      Memory: Page Cache Miss                                   0 / 0                 0 / 1                 0 / 1                 0 / 1           ops/s
[20.315s][info][gc,stats    ]      Memory: Uncommit                                          0 / 0                 0 / 0                 0 / 0                 0 / 0           MB/s
[20.315s][info][gc,stats    ]      Memory: Undo Object Allocation Failed                     0 / 0                 0 / 0                 0 / 0                 0 / 0           ops/s
[20.315s][info][gc,stats    ]      Memory: Undo Object Allocation Succeeded                  0 / 5                 0 / 5                 0 / 5                 0 / 5           ops/s
[20.315s][info][gc,stats    ]      Memory: Undo Page Allocation                              0 / 0                 0 / 0                 0 / 0                 0 / 0           ops/s
[20.315s][info][gc,stats    ]       Phase: Concurrent Mark                             286.790 / 972.666     229.543 / 972.666     229.543 / 972.666     229.543 / 972.666     ms
[20.315s][info][gc,stats    ]       Phase: Concurrent Mark Continue                      0.000 / 0.000         0.000 / 0.000         0.000 / 0.000         0.000 / 0.000       ms
[20.315s][info][gc,stats    ]       Phase: Concurrent Mark Free                          0.001 / 0.002         0.001 / 0.002         0.001 / 0.002         0.001 / 0.002       ms
[20.315s][info][gc,stats    ]       Phase: Concurrent Process Non-Strong References      9.080 / 15.785        7.684 / 15.785        7.684 / 15.785        7.684 / 15.785      ms
[20.315s][info][gc,stats    ]       Phase: Concurrent Relocate                          44.233 / 182.097      35.692 / 182.097      35.692 / 182.097      35.692 / 182.097     ms
[20.315s][info][gc,stats    ]       Phase: Concurrent Reset Relocation Set               0.009 / 0.037         0.008 / 0.037         0.008 / 0.037         0.008 / 0.037       ms
[20.315s][info][gc,stats    ]       Phase: Concurrent Select Relocation Set              9.574 / 37.974        8.367 / 37.974        8.367 / 37.974        8.367 / 37.974      ms
[20.315s][info][gc,stats    ]       Phase: Pause Mark End                                0.016 / 0.022         0.020 / 0.063         0.020 / 0.063         0.020 / 0.063       ms
[20.315s][info][gc,stats    ]       Phase: Pause Mark Start                              0.006 / 0.008         0.007 / 0.011         0.007 / 0.011         0.007 / 0.011       ms
[20.315s][info][gc,stats    ]       Phase: Pause Relocate Start                          0.012 / 0.019         0.011 / 0.019         0.011 / 0.019         0.011 / 0.019       ms
[20.315s][info][gc,stats    ]    Subphase: Concurrent Classes Purge                      0.283 / 0.622         0.241 / 0.622         0.241 / 0.622         0.241 / 0.622       ms
[20.315s][info][gc,stats    ]    Subphase: Concurrent Classes Unlink                     5.945 / 12.957        5.027 / 12.957        5.027 / 12.957        5.027 / 12.957      ms
[20.315s][info][gc,stats    ]    Subphase: Concurrent Mark                             280.336 / 969.741     222.935 / 969.741     222.935 / 969.741     222.935 / 969.741     ms
[20.315s][info][gc,stats    ]    Subphase: Concurrent Mark Try Flush                     0.131 / 0.360         0.101 / 0.360         0.101 / 0.360         0.101 / 0.360       ms
[20.316s][info][gc,stats    ]    Subphase: Concurrent Mark Try Terminate                 4.007 / 14.263        8.271 / 16.369        8.271 / 16.369        8.271 / 16.369      ms
[20.316s][info][gc,stats    ]    Subphase: Concurrent References Enqueue                 0.005 / 0.008         0.005 / 0.008         0.005 / 0.008         0.005 / 0.008       ms
[20.316s][info][gc,stats    ]    Subphase: Concurrent References Process                 0.202 / 0.292         0.191 / 0.292         0.191 / 0.292         0.191 / 0.292       ms
[20.316s][info][gc,stats    ]    Subphase: Concurrent Roots ClassLoaderDataGraph         0.102 / 0.178         0.099 / 0.217         0.099 / 0.217         0.099 / 0.217       ms
[20.316s][info][gc,stats    ]    Subphase: Concurrent Roots CodeCache                    0.000 / 0.000         0.000 / 0.000         0.000 / 0.000         0.000 / 0.000       ms
[20.316s][info][gc,stats    ]    Subphase: Concurrent Roots JavaThreads                  3.224 / 4.629         2.895 / 4.629         2.895 / 4.629         2.895 / 4.629       ms
[20.316s][info][gc,stats    ]    Subphase: Concurrent Roots OopStorageSet                0.032 / 0.047         0.035 / 0.055         0.035 / 0.055         0.035 / 0.055       ms
[20.316s][info][gc,stats    ]    Subphase: Concurrent Weak Roots OopStorageSet           0.597 / 0.800         0.586 / 0.800         0.586 / 0.800         0.586 / 0.800       ms
[20.316s][info][gc,stats    ]    Subphase: Pause Mark Try Complete                       0.000 / 0.000         0.004 / 0.005         0.004 / 0.005         0.004 / 0.005       ms
[20.316s][info][gc,stats    ]      System: Java Threads                                     62 / 74               53 / 74               53 / 74               53 / 74          threads
[20.316s][info][gc,stats    ] =========================================================================================================================================================
[21.730s][info][gc,start    ] GC(9) Garbage Collection (System.gc())
[21.730s][info][gc,task     ] GC(9) Using 2 workers
[21.730s][info][gc,phases   ] GC(9) Pause Mark Start 0.005ms
[21.909s][info][gc,phases   ] GC(9) Concurrent Mark 179.417ms
[21.909s][info][gc,phases   ] GC(9) Pause Mark End 0.024ms
[21.909s][info][gc,phases   ] GC(9) Concurrent Mark Free 0.001ms
[21.923s][info][gc,phases   ] GC(9) Concurrent Process Non-Strong References 13.025ms
[21.923s][info][gc,phases   ] GC(9) Concurrent Reset Relocation Set 0.092ms
[21.933s][info][gc,phases   ] GC(9) Concurrent Select Relocation Set 10.400ms
[21.933s][info][gc,phases   ] GC(9) Pause Relocate Start 0.014ms
[21.952s][info][gc,phases   ] GC(9) Concurrent Relocate 18.479ms
[21.952s][info][gc,load     ] GC(9) Load: 0.00/0.00/0.00
[21.952s][info][gc,mmu      ] GC(9) MMU: 2ms/96.9%, 5ms/98.7%, 10ms/99.3%, 20ms/99.6%, 50ms/99.8%, 100ms/99.9%
[21.952s][info][gc,marking  ] GC(9) Mark: 2 stripe(s), 2 proactive flush(es), 1 terminate flush(es), 0 completion(s), 0 continuation(s) 
[21.952s][info][gc,marking  ] GC(9) Mark Stack Usage: 32M
[21.952s][info][gc,nmethod  ] GC(9) NMethods: 6704 registered, 848 unregistered
[21.952s][info][gc,metaspace] GC(9) Metaspace: 68M used, 70M committed, 1088M reserved
[21.952s][info][gc,ref      ] GC(9) Soft: 5902 encountered, 0 discovered, 0 enqueued
[21.952s][info][gc,ref      ] GC(9) Weak: 6647 encountered, 5230 discovered, 805 enqueued
[21.952s][info][gc,ref      ] GC(9) Final: 53 encountered, 2 discovered, 0 enqueued
[21.952s][info][gc,ref      ] GC(9) Phantom: 737 encountered, 508 discovered, 148 enqueued
[21.952s][info][gc,reloc    ] GC(9) Small Pages: 1933 / 3866M, Empty: 3480M, Relocated: 20M, In-Place: 0
[21.952s][info][gc,reloc    ] GC(9) Medium Pages: 11 / 352M, Empty: 320M, Relocated: 0M, In-Place: 0
[21.952s][info][gc,reloc    ] GC(9) Large Pages: 50 / 316M, Empty: 316M, Relocated: 0M, In-Place: 0
[21.952s][info][gc,reloc    ] GC(9) Forwarding Usage: 15M
[21.952s][info][gc,heap     ] GC(9) Min Capacity: 8192M(100%)
[21.952s][info][gc,heap     ] GC(9) Max Capacity: 8192M(100%)
[21.952s][info][gc,heap     ] GC(9) Soft Max Capacity: 8192M(100%)
[21.952s][info][gc,heap     ] GC(9)                Mark Start          Mark End        Relocate Start      Relocate End           High               Low         
[21.952s][info][gc,heap     ] GC(9)  Capacity:     8192M (100%)       8192M (100%)       8192M (100%)       8192M (100%)       8192M (100%)       8192M (100%)   
[21.952s][info][gc,heap     ] GC(9)      Free:     3658M (45%)        3656M (45%)        7762M (95%)        7974M (97%)        7976M (97%)        3656M (45%)    
[21.952s][info][gc,heap     ] GC(9)      Used:     4534M (55%)        4536M (55%)         430M (5%)          218M (3%)         4536M (55%)         216M (3%)     
[21.952s][info][gc,heap     ] GC(9)      Live:         -               170M (2%)          170M (2%)          170M (2%)             -                  -          
[21.952s][info][gc,heap     ] GC(9) Allocated:         -                 2M (0%)           12M (0%)           13M (0%)             -                  -          
[21.952s][info][gc,heap     ] GC(9)   Garbage:         -              4363M (53%)         247M (3%)           33M (0%)             -                  -          
[21.952s][info][gc,heap     ] GC(9) Reclaimed:         -                  -              4116M (50%)        4329M (53%)            -                  -          
[21.952s][info][gc          ] GC(9) Garbage Collection (System.gc()) 4534M(55%)->218M(3%)
[24.220s][info][gc,start    ] GC(10) Garbage Collection (Allocation Rate)
[24.221s][info][gc,task     ] GC(10) Using 2 workers
[24.221s][info][gc,phases   ] GC(10) Pause Mark Start 0.009ms
[24.849s][info][gc,phases   ] GC(10) Concurrent Mark 627.829ms
[24.849s][info][gc,phases   ] GC(10) Pause Mark End 0.019ms
[24.849s][info][gc,phases   ] GC(10) Concurrent Mark Free 0.001ms
[24.856s][info][gc,phases   ] GC(10) Concurrent Process Non-Strong References 6.209ms
[24.856s][info][gc,phases   ] GC(10) Concurrent Reset Relocation Set 0.009ms
[24.885s][info][gc,phases   ] GC(10) Concurrent Select Relocation Set 29.282ms
[24.885s][info][gc,phases   ] GC(10) Pause Relocate Start 0.009ms
[25.068s][info][gc,phases   ] GC(10) Concurrent Relocate 181.228ms
[25.068s][info][gc,load     ] GC(10) Load: 0.00/0.00/0.00
[25.068s][info][gc,mmu      ] GC(10) MMU: 2ms/96.9%, 5ms/98.7%, 10ms/99.3%, 20ms/99.6%, 50ms/99.8%, 100ms/99.9%
[25.068s][info][gc,marking  ] GC(10) Mark: 2 stripe(s), 2 proactive flush(es), 1 terminate flush(es), 0 completion(s), 0 continuation(s) 
[25.068s][info][gc,marking  ] GC(10) Mark Stack Usage: 32M
[25.068s][info][gc,nmethod  ] GC(10) NMethods: 6999 registered, 848 unregistered
[25.068s][info][gc,metaspace] GC(10) Metaspace: 69M used, 70M committed, 1088M reserved
[25.068s][info][gc,ref      ] GC(10) Soft: 5917 encountered, 0 discovered, 0 enqueued
[25.068s][info][gc,ref      ] GC(10) Weak: 6283 encountered, 794 discovered, 125 enqueued
[25.068s][info][gc,ref      ] GC(10) Final: 53 encountered, 0 discovered, 0 enqueued
[25.068s][info][gc,ref      ] GC(10) Phantom: 608 encountered, 391 discovered, 19 enqueued
[25.068s][info][gc,reloc    ] GC(10) Small Pages: 2072 / 4144M, Empty: 2134M, Relocated: 178M, In-Place: 0
[25.068s][info][gc,reloc    ] GC(10) Medium Pages: 5 / 160M, Empty: 128M, Relocated: 0M, In-Place: 0
[25.068s][info][gc,reloc    ] GC(10) Large Pages: 30 / 212M, Empty: 148M, Relocated: 0M, In-Place: 0
[25.068s][info][gc,reloc    ] GC(10) Forwarding Usage: 130M
[25.068s][info][gc,heap     ] GC(10) Min Capacity: 8192M(100%)
[25.068s][info][gc,heap     ] GC(10) Max Capacity: 8192M(100%)
[25.068s][info][gc,heap     ] GC(10) Soft Max Capacity: 8192M(100%)
[25.068s][info][gc,heap     ] GC(10)                Mark Start          Mark End        Relocate Start      Relocate End           High               Low         
[25.068s][info][gc,heap     ] GC(10)  Capacity:     8192M (100%)       8192M (100%)       8192M (100%)       8192M (100%)       8192M (100%)       8192M (100%)   
[25.068s][info][gc,heap     ] GC(10)      Free:     3676M (45%)        3348M (41%)        5756M (70%)        7400M (90%)        7400M (90%)        3348M (41%)    
[25.068s][info][gc,heap     ] GC(10)      Used:     4516M (55%)        4844M (59%)        2436M (30%)         792M (10%)        4844M (59%)         792M (10%)    
[25.068s][info][gc,heap     ] GC(10)      Live:         -               415M (5%)          415M (5%)          415M (5%)             -                  -          
[25.068s][info][gc,heap     ] GC(10) Allocated:         -               328M (4%)          330M (4%)          341M (4%)             -                  -          
[25.068s][info][gc,heap     ] GC(10)   Garbage:         -              4100M (50%)        1690M (21%)          34M (0%)             -                  -          
[25.068s][info][gc,heap     ] GC(10) Reclaimed:         -                  -              2410M (29%)        4065M (50%)            -                  -          
[25.068s][info][gc          ] GC(10) Garbage Collection (Allocation Rate) 4516M(55%)->792M(10%)
[25.115s][info][gc,start    ] GC(11) Garbage Collection (Allocation Rate)
[25.115s][info][gc,task     ] GC(11) Using 2 workers
[25.115s][info][gc,phases   ] GC(11) Pause Mark Start 0.009ms
[25.453s][info][gc,phases   ] GC(11) Concurrent Mark 337.658ms
[25.453s][info][gc,phases   ] GC(11) Pause Mark End 0.011ms
[25.454s][info][gc,phases   ] GC(11) Concurrent Mark Free 0.001ms
[25.460s][info][gc,phases   ] GC(11) Concurrent Process Non-Strong References 6.339ms
[25.460s][info][gc,phases   ] GC(11) Concurrent Reset Relocation Set 0.081ms
[25.471s][info][gc,phases   ] GC(11) Concurrent Select Relocation Set 10.581ms
[25.471s][info][gc,phases   ] GC(11) Pause Relocate Start 0.012ms
[25.513s][info][gc,phases   ] GC(11) Concurrent Relocate 41.583ms
[25.513s][info][gc,load     ] GC(11) Load: 0.00/0.00/0.00
[25.513s][info][gc,mmu      ] GC(11) MMU: 2ms/96.9%, 5ms/98.7%, 10ms/99.3%, 20ms/99.6%, 50ms/99.8%, 100ms/99.9%
[25.513s][info][gc,marking  ] GC(11) Mark: 2 stripe(s), 2 proactive flush(es), 1 terminate flush(es), 0 completion(s), 0 continuation(s) 
[25.513s][info][gc,marking  ] GC(11) Mark Stack Usage: 32M
[25.513s][info][gc,nmethod  ] GC(11) NMethods: 7124 registered, 848 unregistered
[25.513s][info][gc,metaspace] GC(11) Metaspace: 69M used, 70M committed, 1088M reserved
[25.513s][info][gc,ref      ] GC(11) Soft: 5912 encountered, 0 discovered, 0 enqueued
[25.513s][info][gc,ref      ] GC(11) Weak: 6119 encountered, 704 discovered, 1 enqueued
[25.513s][info][gc,ref      ] GC(11) Final: 53 encountered, 0 discovered, 0 enqueued
[25.513s][info][gc,ref      ] GC(11) Phantom: 592 encountered, 359 discovered, 0 enqueued
[25.513s][info][gc,reloc    ] GC(11) Small Pages: 345 / 690M, Empty: 190M, Relocated: 34M, In-Place: 0
[25.513s][info][gc,reloc    ] GC(11) Medium Pages: 2 / 64M, Empty: 32M, Relocated: 0M, In-Place: 0
[25.513s][info][gc,reloc    ] GC(11) Large Pages: 8 / 64M, Empty: 34M, Relocated: 0M, In-Place: 0
[25.513s][info][gc,reloc    ] GC(11) Forwarding Usage: 32M
[25.513s][info][gc,heap     ] GC(11) Min Capacity: 8192M(100%)
[25.513s][info][gc,heap     ] GC(11) Max Capacity: 8192M(100%)
[25.513s][info][gc,heap     ] GC(11) Soft Max Capacity: 8192M(100%)
[25.513s][info][gc,heap     ] GC(11)                Mark Start          Mark End        Relocate Start      Relocate End           High               Low         
[25.513s][info][gc,heap     ] GC(11)  Capacity:     8192M (100%)       8192M (100%)       8192M (100%)       8192M (100%)       8192M (100%)       8192M (100%)   
[25.513s][info][gc,heap     ] GC(11)      Free:     7374M (90%)        7048M (86%)        7288M (89%)        7514M (92%)        7518M (92%)        7040M (86%)    
[25.513s][info][gc,heap     ] GC(11)      Used:      818M (10%)        1144M (14%)         904M (11%)         678M (8%)         1152M (14%)         674M (8%)     
[25.513s][info][gc,heap     ] GC(11)      Live:         -               271M (3%)          271M (3%)          271M (3%)             -                  -          
[25.513s][info][gc,heap     ] GC(11) Allocated:         -               326M (4%)          342M (4%)          363M (4%)             -                  -          
[25.513s][info][gc,heap     ] GC(11)   Garbage:         -               546M (7%)          290M (4%)           42M (1%)             -                  -          
[25.513s][info][gc,heap     ] GC(11) Reclaimed:         -                  -               256M (3%)          503M (6%)             -                  -          
[25.513s][info][gc          ] GC(11) Garbage Collection (Allocation Rate) 818M(10%)->678M(8%)
[27.182s][info][gc,start    ] GC(12) Garbage Collection (System.gc())
[27.183s][info][gc,task     ] GC(12) Using 2 workers
[27.183s][info][gc,phases   ] GC(12) Pause Mark Start 0.004ms
[27.316s][info][gc,phases   ] GC(12) Concurrent Mark 132.956ms
[27.316s][info][gc,phases   ] GC(12) Pause Mark End 0.010ms
[27.316s][info][gc,phases   ] GC(12) Concurrent Mark Free 0.001ms
[27.322s][info][gc,phases   ] GC(12) Concurrent Process Non-Strong References 6.632ms
[27.323s][info][gc,phases   ] GC(12) Concurrent Reset Relocation Set 0.018ms
[27.327s][info][gc,phases   ] GC(12) Concurrent Select Relocation Set 4.387ms
[27.327s][info][gc,phases   ] GC(12) Pause Relocate Start 0.017ms
[27.329s][info][gc,phases   ] GC(12) Concurrent Relocate 1.352ms
[27.329s][info][gc,load     ] GC(12) Load: 0.00/0.00/0.00
[27.329s][info][gc,mmu      ] GC(12) MMU: 2ms/96.9%, 5ms/98.7%, 10ms/99.3%, 20ms/99.6%, 50ms/99.8%, 100ms/99.9%
[27.329s][info][gc,marking  ] GC(12) Mark: 2 stripe(s), 2 proactive flush(es), 1 terminate flush(es), 0 completion(s), 0 continuation(s) 
[27.329s][info][gc,marking  ] GC(12) Mark Stack Usage: 32M
[27.329s][info][gc,nmethod  ] GC(12) NMethods: 7550 registered, 848 unregistered
[27.329s][info][gc,metaspace] GC(12) Metaspace: 69M used, 70M committed, 1088M reserved
[27.329s][info][gc,ref      ] GC(12) Soft: 5922 encountered, 0 discovered, 0 enqueued
[27.329s][info][gc,ref      ] GC(12) Weak: 6659 encountered, 1296 discovered, 618 enqueued
[27.329s][info][gc,ref      ] GC(12) Final: 53 encountered, 4 discovered, 0 enqueued
[27.329s][info][gc,ref      ] GC(12) Phantom: 608 encountered, 423 discovered, 20 enqueued
[27.329s][info][gc,reloc    ] GC(12) Small Pages: 1493 / 2986M, Empty: 2690M, Relocated: 1M, In-Place: 0
[27.329s][info][gc,reloc    ] GC(12) Medium Pages: 10 / 320M, Empty: 288M, Relocated: 0M, In-Place: 0
[27.329s][info][gc,reloc    ] GC(12) Large Pages: 43 / 270M, Empty: 270M, Relocated: 0M, In-Place: 0
[27.329s][info][gc,reloc    ] GC(12) Forwarding Usage: 0M
[27.329s][info][gc,heap     ] GC(12) Min Capacity: 8192M(100%)
[27.329s][info][gc,heap     ] GC(12) Max Capacity: 8192M(100%)
[27.329s][info][gc,heap     ] GC(12) Soft Max Capacity: 8192M(100%)
[27.329s][info][gc,heap     ] GC(12)                Mark Start          Mark End        Relocate Start      Relocate End           High               Low         
[27.329s][info][gc,heap     ] GC(12)  Capacity:     8192M (100%)       8192M (100%)       8192M (100%)       8192M (100%)       8192M (100%)       8192M (100%)   
[27.329s][info][gc,heap     ] GC(12)      Free:     4616M (56%)        4612M (56%)        7854M (96%)        7976M (97%)        7976M (97%)        4612M (56%)    
[27.329s][info][gc,heap     ] GC(12)      Used:     3576M (44%)        3580M (44%)         338M (4%)          216M (3%)         3580M (44%)         216M (3%)     
[27.329s][info][gc,heap     ] GC(12)      Live:         -               170M (2%)          170M (2%)          170M (2%)             -                  -          
[27.329s][info][gc,heap     ] GC(12) Allocated:         -                 4M (0%)           10M (0%)           11M (0%)             -                  -          
[27.329s][info][gc,heap     ] GC(12)   Garbage:         -              3405M (42%)         157M (2%)           33M (0%)             -                  -          
[27.329s][info][gc,heap     ] GC(12) Reclaimed:         -                  -              3248M (40%)        3371M (41%)            -                  -          
[27.329s][info][gc          ] GC(12) Garbage Collection (System.gc()) 3576M(44%)->216M(3%)
[29.617s][info][gc,start    ] GC(13) Garbage Collection (Allocation Rate)
[29.617s][info][gc,task     ] GC(13) Using 2 workers
[29.617s][info][gc,phases   ] GC(13) Pause Mark Start 0.007ms
[30.135s][info][gc,phases   ] GC(13) Concurrent Mark 517.436ms
[30.135s][info][gc,phases   ] GC(13) Pause Mark End 0.021ms
[30.135s][info][gc,phases   ] GC(13) Concurrent Mark Free 0.001ms
[30.142s][info][gc,phases   ] GC(13) Concurrent Process Non-Strong References 6.775ms
[30.142s][info][gc,phases   ] GC(13) Concurrent Reset Relocation Set 0.005ms
[30.165s][info][gc,phases   ] GC(13) Concurrent Select Relocation Set 23.454ms
[30.165s][info][gc,phases   ] GC(13) Pause Relocate Start 0.013ms
[30.298s][info][gc,phases   ] GC(13) Concurrent Relocate 132.353ms
[30.298s][info][gc,load     ] GC(13) Load: 0.00/0.00/0.00
[30.298s][info][gc,mmu      ] GC(13) MMU: 2ms/96.9%, 5ms/98.7%, 10ms/99.3%, 20ms/99.6%, 50ms/99.8%, 100ms/99.9%
[30.298s][info][gc,marking  ] GC(13) Mark: 2 stripe(s), 2 proactive flush(es), 1 terminate flush(es), 0 completion(s), 0 continuation(s) 
[30.298s][info][gc,marking  ] GC(13) Mark Stack Usage: 32M
[30.298s][info][gc,nmethod  ] GC(13) NMethods: 7778 registered, 848 unregistered
[30.298s][info][gc,metaspace] GC(13) Metaspace: 69M used, 70M committed, 1088M reserved
[30.298s][info][gc,ref      ] GC(13) Soft: 5931 encountered, 0 discovered, 0 enqueued
[30.298s][info][gc,ref      ] GC(13) Weak: 6435 encountered, 908 discovered, 109 enqueued
[30.298s][info][gc,ref      ] GC(13) Final: 53 encountered, 4 discovered, 0 enqueued
[30.298s][info][gc,ref      ] GC(13) Phantom: 588 encountered, 361 discovered, 0 enqueued
[30.298s][info][gc,reloc    ] GC(13) Small Pages: 2216 / 4432M, Empty: 2618M, Relocated: 96M, In-Place: 0
[30.298s][info][gc,reloc    ] GC(13) Medium Pages: 5 / 160M, Empty: 96M, Relocated: 11M, In-Place: 0
[30.298s][info][gc,reloc    ] GC(13) Large Pages: 30 / 212M, Empty: 172M, Relocated: 0M, In-Place: 0
[30.298s][info][gc,reloc    ] GC(13) Forwarding Usage: 95M
[30.298s][info][gc,heap     ] GC(13) Min Capacity: 8192M(100%)
[30.298s][info][gc,heap     ] GC(13) Max Capacity: 8192M(100%)
[30.298s][info][gc,heap     ] GC(13) Soft Max Capacity: 8192M(100%)
[30.298s][info][gc,heap     ] GC(13)                Mark Start          Mark End        Relocate Start      Relocate End           High               Low         
[30.298s][info][gc,heap     ] GC(13)  Capacity:     8192M (100%)       8192M (100%)       8192M (100%)       8192M (100%)       8192M (100%)       8192M (100%)   
[30.298s][info][gc,heap     ] GC(13)      Free:     3388M (41%)        3350M (41%)        6222M (76%)        7776M (95%)        7776M (95%)        3348M (41%)    
[30.298s][info][gc,heap     ] GC(13)      Used:     4804M (59%)        4842M (59%)        1970M (24%)         416M (5%)         4844M (59%)         416M (5%)     
[30.298s][info][gc,heap     ] GC(13)      Live:         -               306M (4%)          306M (4%)          306M (4%)             -                  -          
[30.298s][info][gc,heap     ] GC(13) Allocated:         -                38M (0%)           52M (1%)           78M (1%)             -                  -          
[30.298s][info][gc,heap     ] GC(13)   Garbage:         -              4497M (55%)        1611M (20%)          31M (0%)             -                  -          
[30.298s][info][gc,heap     ] GC(13) Reclaimed:         -                  -              2886M (35%)        4466M (55%)            -                  -          
[30.298s][info][gc          ] GC(13) Garbage Collection (Allocation Rate) 4804M(59%)->416M(5%)
[30.322s][info][gc,stats    ] === Garbage Collection Statistics =======================================================================================================================
[30.323s][info][gc,stats    ]                                                              Last 10s              Last 10m              Last 10h                Total
[30.323s][info][gc,stats    ]                                                              Avg / Max             Avg / Max             Avg / Max             Avg / Max
[30.323s][info][gc,stats    ]   Collector: Garbage Collection Cycle                    458.950 / 847.280     346.094 / 983.217     346.094 / 983.217     346.094 / 983.217     ms
[30.323s][info][gc,stats    ]  Contention: Mark Segment Reset Contention                     1 / 14                0 / 14                0 / 14                0 / 14          ops/s
[30.323s][info][gc,stats    ]  Contention: Mark SeqNum Reset Contention                      0 / 0                 0 / 0                 0 / 0                 0 / 0           ops/s
[30.323s][info][gc,stats    ]    Critical: Allocation Stall                                  0 / 0                 0 / 0                 0 / 0                 0 / 0           ops/s
[30.323s][info][gc,stats    ]    Critical: Allocation Stall                              0.000 / 0.000         0.000 / 0.000         0.000 / 0.000         0.000 / 0.000       ms
[30.323s][info][gc,stats    ]    Critical: GC Locker Stall                                   0 / 0                 0 / 0                 0 / 0                 0 / 0           ops/s
[30.323s][info][gc,stats    ]    Critical: GC Locker Stall                               0.000 / 0.000         0.000 / 0.000         0.000 / 0.000         0.000 / 0.000       ms
[30.323s][info][gc,stats    ]    Critical: Relocation Stall                                  0 / 0                 0 / 0                 0 / 0                 0 / 0           ops/s
[30.323s][info][gc,stats    ]    Critical: Relocation Stall                              0.000 / 0.000         0.000 / 0.000         0.000 / 0.000         0.000 / 0.000       ms
[30.323s][info][gc,stats    ]      Memory: Allocation Rate                                1475 / 2246            959 / 3876            959 / 3876            959 / 3876        MB/s
[30.323s][info][gc,stats    ]      Memory: Out Of Memory                                     0 / 0                 0 / 0                 0 / 0                 0 / 0           ops/s
[30.323s][info][gc,stats    ]      Memory: Page Cache Flush                                  0 / 0                 0 / 0                 0 / 0                 0 / 0           MB/s
[30.323s][info][gc,stats    ]      Memory: Page Cache Hit L1                               682 / 1061            378 / 1729            378 / 1729            378 / 1729        ops/s
[30.323s][info][gc,stats    ]      Memory: Page Cache Hit L2                                 0 / 0                 0 / 0                 0 / 0                 0 / 0           ops/s
[30.323s][info][gc,stats    ]      Memory: Page Cache Hit L3                                 2 / 13               79 / 527              79 / 527              79 / 527         ops/s
[30.323s][info][gc,stats    ]      Memory: Page Cache Miss                                   0 / 0                 0 / 1                 0 / 1                 0 / 1           ops/s
[30.323s][info][gc,stats    ]      Memory: Uncommit                                          0 / 0                 0 / 0                 0 / 0                 0 / 0           MB/s
[30.323s][info][gc,stats    ]      Memory: Undo Object Allocation Failed                     0 / 0                 0 / 0                 0 / 0                 0 / 0           ops/s
[30.323s][info][gc,stats    ]      Memory: Undo Object Allocation Succeeded                  0 / 3                 0 / 5                 0 / 5                 0 / 5           ops/s
[30.323s][info][gc,stats    ]      Memory: Undo Page Allocation                              0 / 0                 0 / 0                 0 / 0                 0 / 0           ops/s
[30.323s][info][gc,stats    ]       Phase: Concurrent Mark                             359.059 / 627.829     275.799 / 972.666     275.799 / 972.666     275.799 / 972.666     ms
[30.323s][info][gc,stats    ]       Phase: Concurrent Mark Continue                      0.000 / 0.000         0.000 / 0.000         0.000 / 0.000         0.000 / 0.000       ms
[30.323s][info][gc,stats    ]       Phase: Concurrent Mark Free                          0.001 / 0.001         0.001 / 0.002         0.001 / 0.002         0.001 / 0.002       ms
[30.323s][info][gc,stats    ]       Phase: Concurrent Process Non-Strong References      7.796 / 13.025        7.724 / 15.785        7.724 / 15.785        7.724 / 15.785      ms
[30.323s][info][gc,stats    ]       Phase: Concurrent Relocate                          74.999 / 181.228      49.730 / 182.097      49.730 / 182.097      49.730 / 182.097     ms
[30.323s][info][gc,stats    ]       Phase: Concurrent Reset Relocation Set               0.041 / 0.092         0.020 / 0.092         0.020 / 0.092         0.020 / 0.092       ms
[30.323s][info][gc,stats    ]       Phase: Concurrent Select Relocation Set             15.621 / 29.282       10.958 / 37.974       10.958 / 37.974       10.958 / 37.974      ms
[30.323s][info][gc,stats    ]       Phase: Pause Mark End                                0.017 / 0.024         0.019 / 0.063         0.019 / 0.063         0.019 / 0.063       ms
[30.323s][info][gc,stats    ]       Phase: Pause Mark Start                              0.007 / 0.009         0.007 / 0.011         0.007 / 0.011         0.007 / 0.011       ms
[30.323s][info][gc,stats    ]       Phase: Pause Relocate Start                          0.013 / 0.017         0.012 / 0.019         0.012 / 0.019         0.012 / 0.019       ms
[30.323s][info][gc,stats    ]    Subphase: Concurrent Classes Purge                      0.322 / 0.464         0.270 / 0.622         0.270 / 0.622         0.270 / 0.622       ms
[30.323s][info][gc,stats    ]    Subphase: Concurrent Classes Unlink                     6.569 / 11.210        5.578 / 12.957        5.578 / 12.957        5.578 / 12.957      ms
[30.323s][info][gc,stats    ]    Subphase: Concurrent Mark                             351.343 / 621.977     268.795 / 969.741     268.795 / 969.741     268.795 / 969.741     ms
[30.323s][info][gc,stats    ]    Subphase: Concurrent Mark Try Flush                     0.119 / 0.311         0.106 / 0.360         0.106 / 0.360         0.106 / 0.360       ms
[30.323s][info][gc,stats    ]    Subphase: Concurrent Mark Try Terminate                 3.332 / 15.636        7.464 / 16.369        7.464 / 16.369        7.464 / 16.369      ms
[30.323s][info][gc,stats    ]    Subphase: Concurrent References Enqueue                 0.005 / 0.007         0.005 / 0.008         0.005 / 0.008         0.005 / 0.008       ms
[30.323s][info][gc,stats    ]    Subphase: Concurrent References Process                 0.238 / 0.610         0.208 / 0.610         0.208 / 0.610         0.208 / 0.610       ms
[30.323s][info][gc,stats    ]    Subphase: Concurrent Roots ClassLoaderDataGraph         0.120 / 0.274         0.106 / 0.274         0.106 / 0.274         0.106 / 0.274       ms
[30.323s][info][gc,stats    ]    Subphase: Concurrent Roots CodeCache                    0.000 / 0.000         0.000 / 0.000         0.000 / 0.000         0.000 / 0.000       ms
[30.323s][info][gc,stats    ]    Subphase: Concurrent Roots JavaThreads                  5.535 / 7.115         3.838 / 7.115         3.838 / 7.115         3.838 / 7.115       ms
[30.323s][info][gc,stats    ]    Subphase: Concurrent Roots OopStorageSet                0.051 / 0.128         0.041 / 0.128         0.041 / 0.128         0.041 / 0.128       ms
[30.323s][info][gc,stats    ]    Subphase: Concurrent Weak Roots OopStorageSet           0.428 / 0.495         0.527 / 0.800         0.527 / 0.800         0.527 / 0.800       ms
[30.323s][info][gc,stats    ]    Subphase: Pause Mark Try Complete                       0.000 / 0.000         0.004 / 0.005         0.004 / 0.005         0.004 / 0.005       ms
[30.323s][info][gc,stats    ]      System: Java Threads                                    143 / 199              85 / 199              85 / 199              85 / 199         threads
[30.323s][info][gc,stats    ] =========================================================================================================================================================
[31.428s][info][gc,start    ] GC(14) Garbage Collection (Allocation Rate)
[31.428s][info][gc,task     ] GC(14) Using 2 workers
[31.428s][info][gc,phases   ] GC(14) Pause Mark Start 0.007ms
[31.836s][info][gc,phases   ] GC(14) Concurrent Mark 408.185ms
[31.836s][info][gc,phases   ] GC(14) Pause Mark End 0.021ms
[31.837s][info][gc,phases   ] GC(14) Concurrent Mark Free 0.001ms
[31.845s][info][gc,phases   ] GC(14) Concurrent Process Non-Strong References 8.591ms
[31.845s][info][gc,phases   ] GC(14) Concurrent Reset Relocation Set 0.112ms
[31.861s][info][gc,phases   ] GC(14) Concurrent Select Relocation Set 15.694ms
[31.862s][info][gc,phases   ] GC(14) Pause Relocate Start 0.009ms
[32.010s][info][gc,phases   ] GC(14) Concurrent Relocate 147.362ms
[32.010s][info][gc,load     ] GC(14) Load: 0.00/0.00/0.00
[32.010s][info][gc,mmu      ] GC(14) MMU: 2ms/96.9%, 5ms/98.7%, 10ms/99.3%, 20ms/99.6%, 50ms/99.8%, 100ms/99.9%
[32.010s][info][gc,marking  ] GC(14) Mark: 2 stripe(s), 2 proactive flush(es), 1 terminate flush(es), 0 completion(s), 0 continuation(s) 
[32.010s][info][gc,marking  ] GC(14) Mark Stack Usage: 32M
[32.010s][info][gc,nmethod  ] GC(14) NMethods: 8193 registered, 848 unregistered
[32.010s][info][gc,metaspace] GC(14) Metaspace: 69M used, 70M committed, 1088M reserved
[32.010s][info][gc,ref      ] GC(14) Soft: 5929 encountered, 0 discovered, 0 enqueued
[32.010s][info][gc,ref      ] GC(14) Weak: 6708 encountered, 1115 discovered, 360 enqueued
[32.010s][info][gc,ref      ] GC(14) Final: 53 encountered, 0 discovered, 0 enqueued
[32.010s][info][gc,ref      ] GC(14) Phantom: 588 encountered, 359 discovered, 0 enqueued
[32.010s][info][gc,reloc    ] GC(14) Small Pages: 978 / 1956M, Empty: 1022M, Relocated: 74M, In-Place: 0
[32.010s][info][gc,reloc    ] GC(14) Medium Pages: 5 / 160M, Empty: 96M, Relocated: 14M, In-Place: 0
[32.010s][info][gc,reloc    ] GC(14) Large Pages: 24 / 160M, Empty: 136M, Relocated: 0M, In-Place: 0
[32.010s][info][gc,reloc    ] GC(14) Forwarding Usage: 72M
[32.010s][info][gc,heap     ] GC(14) Min Capacity: 8192M(100%)
[32.010s][info][gc,heap     ] GC(14) Max Capacity: 8192M(100%)
[32.010s][info][gc,heap     ] GC(14) Soft Max Capacity: 8192M(100%)
[32.010s][info][gc,heap     ] GC(14)                Mark Start          Mark End        Relocate Start      Relocate End           High               Low         
[32.010s][info][gc,heap     ] GC(14)  Capacity:     8192M (100%)       8192M (100%)       8192M (100%)       8192M (100%)       8192M (100%)       8192M (100%)   
[32.010s][info][gc,heap     ] GC(14)      Free:     5916M (72%)        5602M (68%)        6812M (83%)        7148M (87%)        7148M (87%)        5586M (68%)    
[32.010s][info][gc,heap     ] GC(14)      Used:     2276M (28%)        2590M (32%)        1380M (17%)        1044M (13%)        2606M (32%)        1044M (13%)    
[32.010s][info][gc,heap     ] GC(14)      Live:         -               272M (3%)          272M (3%)          272M (3%)             -                  -          
[32.010s][info][gc,heap     ] GC(14) Allocated:         -               314M (4%)          358M (4%)          743M (9%)             -                  -          
[32.010s][info][gc,heap     ] GC(14)   Garbage:         -              2003M (24%)         749M (9%)           27M (0%)             -                  -          
[32.010s][info][gc,heap     ] GC(14) Reclaimed:         -                  -              1254M (15%)        1975M (24%)            -                  -          
[32.010s][info][gc          ] GC(14) Garbage Collection (Allocation Rate) 2276M(28%)->1044M(13%)
[32.219s][info][gc,start    ] GC(15) Garbage Collection (System.gc())
[32.219s][info][gc,task     ] GC(15) Using 2 workers
[32.219s][info][gc,phases   ] GC(15) Pause Mark Start 0.005ms
[32.358s][info][gc,phases   ] GC(15) Concurrent Mark 138.204ms
[32.358s][info][gc,phases   ] GC(15) Pause Mark End 0.011ms
[32.358s][info][gc,phases   ] GC(15) Concurrent Mark Free 0.001ms
[32.365s][info][gc,phases   ] GC(15) Concurrent Process Non-Strong References 6.874ms
[32.365s][info][gc,phases   ] GC(15) Concurrent Reset Relocation Set 0.034ms
[32.370s][info][gc,phases   ] GC(15) Concurrent Select Relocation Set 5.221ms
[32.370s][info][gc,phases   ] GC(15) Pause Relocate Start 0.010ms
[32.371s][info][gc,phases   ] GC(15) Concurrent Relocate 1.294ms
[32.372s][info][gc,load     ] GC(15) Load: 0.00/0.00/0.00
[32.372s][info][gc,mmu      ] GC(15) MMU: 2ms/96.9%, 5ms/98.7%, 10ms/99.3%, 20ms/99.6%, 50ms/99.8%, 100ms/99.9%
[32.372s][info][gc,marking  ] GC(15) Mark: 2 stripe(s), 1 proactive flush(es), 1 terminate flush(es), 0 completion(s), 0 continuation(s) 
[32.372s][info][gc,marking  ] GC(15) Mark Stack Usage: 32M
[32.372s][info][gc,nmethod  ] GC(15) NMethods: 8201 registered, 848 unregistered
[32.372s][info][gc,metaspace] GC(15) Metaspace: 69M used, 70M committed, 1088M reserved
[32.372s][info][gc,ref      ] GC(15) Soft: 5925 encountered, 0 discovered, 0 enqueued
[32.372s][info][gc,ref      ] GC(15) Weak: 6412 encountered, 889 discovered, 238 enqueued
[32.372s][info][gc,ref      ] GC(15) Final: 53 encountered, 4 discovered, 0 enqueued
[32.372s][info][gc,ref      ] GC(15) Phantom: 589 encountered, 355 discovered, 0 enqueued
[32.372s][info][gc,reloc    ] GC(15) Small Pages: 668 / 1336M, Empty: 1112M, Relocated: 1M, In-Place: 0
[32.372s][info][gc,reloc    ] GC(15) Medium Pages: 7 / 224M, Empty: 192M, Relocated: 0M, In-Place: 0
[32.372s][info][gc,reloc    ] GC(15) Large Pages: 26 / 156M, Empty: 156M, Relocated: 0M, In-Place: 0
[32.372s][info][gc,reloc    ] GC(15) Forwarding Usage: 0M
[32.372s][info][gc,heap     ] GC(15) Min Capacity: 8192M(100%)
[32.372s][info][gc,heap     ] GC(15) Max Capacity: 8192M(100%)
[32.372s][info][gc,heap     ] GC(15) Soft Max Capacity: 8192M(100%)
[32.372s][info][gc,heap     ] GC(15)                Mark Start          Mark End        Relocate Start      Relocate End           High               Low         
[32.372s][info][gc,heap     ] GC(15)  Capacity:     8192M (100%)       8192M (100%)       8192M (100%)       8192M (100%)       8192M (100%)       8192M (100%)   
[32.372s][info][gc,heap     ] GC(15)      Free:     6476M (79%)        6472M (79%)        7926M (97%)        7976M (97%)        7976M (97%)        6472M (79%)    
[32.372s][info][gc,heap     ] GC(15)      Used:     1716M (21%)        1720M (21%)         266M (3%)          216M (3%)         1720M (21%)         216M (3%)     
[32.372s][info][gc,heap     ] GC(15)      Live:         -               170M (2%)          170M (2%)          170M (2%)             -                  -          
[32.372s][info][gc,heap     ] GC(15) Allocated:         -                 4M (0%)           10M (0%)           11M (0%)             -                  -          
[32.372s][info][gc,heap     ] GC(15)   Garbage:         -              1545M (19%)          85M (1%)           33M (0%)             -                  -          
[32.372s][info][gc,heap     ] GC(15) Reclaimed:         -                  -              1460M (18%)        1511M (18%)            -                  -          
[32.372s][info][gc          ] GC(15) Garbage Collection (System.gc()) 1716M(21%)->216M(3%)
[34.616s][info][gc,start    ] GC(16) Garbage Collection (Allocation Rate)
[34.617s][info][gc,task     ] GC(16) Using 2 workers
[34.617s][info][gc,phases   ] GC(16) Pause Mark Start 0.007ms
[35.308s][info][gc,phases   ] GC(16) Concurrent Mark 690.851ms
[35.308s][info][gc,phases   ] GC(16) Pause Mark End 0.024ms
[35.309s][info][gc,phases   ] GC(16) Concurrent Mark Free 0.001ms
[35.316s][info][gc,phases   ] GC(16) Concurrent Process Non-Strong References 7.506ms
[35.316s][info][gc,phases   ] GC(16) Concurrent Reset Relocation Set 0.003ms
[35.358s][info][gc,phases   ] GC(16) Concurrent Select Relocation Set 41.923ms
[35.358s][info][gc,phases   ] GC(16) Pause Relocate Start 0.010ms
[35.585s][info][gc,phases   ] GC(16) Concurrent Relocate 226.884ms
[35.585s][info][gc,load     ] GC(16) Load: 0.00/0.00/0.00
[35.585s][info][gc,mmu      ] GC(16) MMU: 2ms/96.9%, 5ms/98.7%, 10ms/99.3%, 20ms/99.6%, 50ms/99.8%, 100ms/99.9%
[35.585s][info][gc,marking  ] GC(16) Mark: 2 stripe(s), 2 proactive flush(es), 1 terminate flush(es), 0 completion(s), 0 continuation(s) 
[35.585s][info][gc,marking  ] GC(16) Mark Stack Usage: 32M
[35.585s][info][gc,nmethod  ] GC(16) NMethods: 7904 registered, 1404 unregistered
[35.585s][info][gc,metaspace] GC(16) Metaspace: 69M used, 70M committed, 1088M reserved
[35.585s][info][gc,ref      ] GC(16) Soft: 5933 encountered, 0 discovered, 0 enqueued
[35.585s][info][gc,ref      ] GC(16) Weak: 6506 encountered, 859 discovered, 20 enqueued
[35.585s][info][gc,ref      ] GC(16) Final: 53 encountered, 2 discovered, 0 enqueued
[35.585s][info][gc,ref      ] GC(16) Phantom: 589 encountered, 358 discovered, 0 enqueued
[35.585s][info][gc,reloc    ] GC(16) Small Pages: 2190 / 4380M, Empty: 2132M, Relocated: 192M, In-Place: 0
[35.585s][info][gc,reloc    ] GC(16) Medium Pages: 5 / 160M, Empty: 128M, Relocated: 0M, In-Place: 0
[35.585s][info][gc,reloc    ] GC(16) Large Pages: 30 / 212M, Empty: 148M, Relocated: 0M, In-Place: 0
[35.585s][info][gc,reloc    ] GC(16) Forwarding Usage: 146M
[35.585s][info][gc,heap     ] GC(16) Min Capacity: 8192M(100%)
[35.585s][info][gc,heap     ] GC(16) Max Capacity: 8192M(100%)
[35.585s][info][gc,heap     ] GC(16) Soft Max Capacity: 8192M(100%)
[35.585s][info][gc,heap     ] GC(16)                Mark Start          Mark End        Relocate Start      Relocate End           High               Low         
[35.585s][info][gc,heap     ] GC(16)  Capacity:     8192M (100%)       8192M (100%)       8192M (100%)       8192M (100%)       8192M (100%)       8192M (100%)   
[35.586s][info][gc,heap     ] GC(16)      Free:     3440M (42%)        3112M (38%)        5488M (67%)        7052M (86%)        7054M (86%)        3108M (38%)    
[35.586s][info][gc,heap     ] GC(16)      Used:     4752M (58%)        5080M (62%)        2704M (33%)        1140M (14%)        5084M (62%)        1138M (14%)    
[35.586s][info][gc,heap     ] GC(16)      Live:         -               425M (5%)          425M (5%)          425M (5%)             -                  -          
[35.586s][info][gc,heap     ] GC(16) Allocated:         -               328M (4%)          360M (4%)          681M (8%)             -                  -          
[35.586s][info][gc,heap     ] GC(16)   Garbage:         -              4326M (53%)        1918M (23%)          32M (0%)             -                  -          
[35.586s][info][gc,heap     ] GC(16) Reclaimed:         -                  -              2408M (29%)        4293M (52%)            -                  -          
[35.586s][info][gc          ] GC(16) Garbage Collection (Allocation Rate) 4752M(58%)->1140M(14%)
[35.628s][info][gc,start    ] GC(17) Garbage Collection (Allocation Rate)
[35.628s][info][gc,task     ] GC(17) Using 2 workers
[35.628s][info][gc,phases   ] GC(17) Pause Mark Start 0.005ms
[35.887s][info][gc,phases   ] GC(17) Concurrent Mark 259.270ms
[35.888s][info][gc,phases   ] GC(17) Pause Mark End 0.023ms
[35.888s][info][gc,phases   ] GC(17) Concurrent Mark Free 0.000ms
[35.894s][info][gc,phases   ] GC(17) Concurrent Process Non-Strong References 6.477ms
[35.894s][info][gc,phases   ] GC(17) Concurrent Reset Relocation Set 0.080ms
[35.906s][info][gc,phases   ] GC(17) Concurrent Select Relocation Set 11.542ms
[35.906s][info][gc,phases   ] GC(17) Pause Relocate Start 0.010ms
[35.941s][info][gc,phases   ] GC(17) Concurrent Relocate 34.296ms
[35.941s][info][gc,load     ] GC(17) Load: 0.00/0.00/0.00
[35.941s][info][gc,mmu      ] GC(17) MMU: 2ms/96.9%, 5ms/98.7%, 10ms/99.3%, 20ms/99.6%, 50ms/99.8%, 100ms/99.9%
[35.941s][info][gc,marking  ] GC(17) Mark: 2 stripe(s), 2 proactive flush(es), 1 terminate flush(es), 0 completion(s), 0 continuation(s) 
[35.941s][info][gc,marking  ] GC(17) Mark Stack Usage: 32M
[35.941s][info][gc,nmethod  ] GC(17) NMethods: 7989 registered, 1404 unregistered
[35.941s][info][gc,metaspace] GC(17) Metaspace: 70M used, 70M committed, 1088M reserved
[35.941s][info][gc,ref      ] GC(17) Soft: 5929 encountered, 0 discovered, 0 enqueued
[35.941s][info][gc,ref      ] GC(17) Weak: 6584 encountered, 961 discovered, 219 enqueued
[35.941s][info][gc,ref      ] GC(17) Final: 53 encountered, 0 discovered, 0 enqueued
[35.941s][info][gc,ref      ] GC(17) Phantom: 591 encountered, 362 discovered, 0 enqueued
[35.941s][info][gc,reloc    ] GC(17) Small Pages: 466 / 932M, Empty: 500M, Relocated: 27M, In-Place: 0
[35.941s][info][gc,reloc    ] GC(17) Medium Pages: 4 / 128M, Empty: 96M, Relocated: 0M, In-Place: 0
[35.941s][info][gc,reloc    ] GC(17) Large Pages: 18 / 124M, Empty: 100M, Relocated: 0M, In-Place: 0
[35.941s][info][gc,reloc    ] GC(17) Forwarding Usage: 26M
[35.941s][info][gc,heap     ] GC(17) Min Capacity: 8192M(100%)
[35.941s][info][gc,heap     ] GC(17) Max Capacity: 8192M(100%)
[35.941s][info][gc,heap     ] GC(17) Soft Max Capacity: 8192M(100%)
[35.941s][info][gc,heap     ] GC(17)                Mark Start          Mark End        Relocate Start      Relocate End           High               Low         
[35.941s][info][gc,heap     ] GC(17)  Capacity:     8192M (100%)       8192M (100%)       8192M (100%)       8192M (100%)       8192M (100%)       8192M (100%)   
[35.941s][info][gc,heap     ] GC(17)      Free:     7008M (86%)        6622M (81%)        7306M (89%)        7504M (92%)        7510M (92%)        6618M (81%)    
[35.941s][info][gc,heap     ] GC(17)      Used:     1184M (14%)        1570M (19%)         886M (11%)         688M (8%)         1574M (19%)         682M (8%)     
[35.941s][info][gc,heap     ] GC(17)      Live:         -               218M (3%)          218M (3%)          218M (3%)             -                  -          
[35.941s][info][gc,heap     ] GC(17) Allocated:         -               386M (5%)          398M (5%)          437M (5%)             -                  -          
[35.941s][info][gc,heap     ] GC(17)   Garbage:         -               965M (12%)         269M (3%)           31M (0%)             -                  -          
[35.941s][info][gc,heap     ] GC(17) Reclaimed:         -                  -               696M (8%)          933M (11%)            -                  -          
[35.941s][info][gc          ] GC(17) Garbage Collection (Allocation Rate) 1184M(14%)->688M(8%)
[37.076s][info][gc,start    ] GC(18) Garbage Collection (System.gc())
[37.076s][info][gc,task     ] GC(18) Using 2 workers
[37.076s][info][gc,phases   ] GC(18) Pause Mark Start 0.009ms
[37.214s][info][gc,phases   ] GC(18) Concurrent Mark 137.903ms
[37.214s][info][gc,phases   ] GC(18) Pause Mark End 0.026ms
[37.214s][info][gc,phases   ] GC(18) Concurrent Mark Free 0.002ms
[37.221s][info][gc,phases   ] GC(18) Concurrent Process Non-Strong References 7.045ms
[37.221s][info][gc,phases   ] GC(18) Concurrent Reset Relocation Set 0.015ms
[37.225s][info][gc,phases   ] GC(18) Concurrent Select Relocation Set 3.287ms
[37.225s][info][gc,phases   ] GC(18) Pause Relocate Start 0.011ms
[37.230s][info][gc,phases   ] GC(18) Concurrent Relocate 4.909ms
[37.230s][info][gc,load     ] GC(18) Load: 0.00/0.00/0.00
[37.230s][info][gc,mmu      ] GC(18) MMU: 2ms/96.9%, 5ms/98.7%, 10ms/99.3%, 20ms/99.6%, 50ms/99.8%, 100ms/99.9%
[37.230s][info][gc,marking  ] GC(18) Mark: 2 stripe(s), 2 proactive flush(es), 1 terminate flush(es), 0 completion(s), 0 continuation(s) 
[37.230s][info][gc,marking  ] GC(18) Mark Stack Usage: 32M
[37.230s][info][gc,nmethod  ] GC(18) NMethods: 8112 registered, 1404 unregistered
[37.230s][info][gc,metaspace] GC(18) Metaspace: 70M used, 71M committed, 1088M reserved
[37.230s][info][gc,ref      ] GC(18) Soft: 5929 encountered, 0 discovered, 0 enqueued
[37.230s][info][gc,ref      ] GC(18) Weak: 6596 encountered, 1030 discovered, 383 enqueued
[37.230s][info][gc,ref      ] GC(18) Final: 53 encountered, 4 discovered, 0 enqueued
[37.230s][info][gc,ref      ] GC(18) Phantom: 590 encountered, 320 discovered, 1 enqueued
[37.230s][info][gc,reloc    ] GC(18) Small Pages: 1228 / 2456M, Empty: 2194M, Relocated: 5M, In-Place: 0
[37.230s][info][gc,reloc    ] GC(18) Medium Pages: 9 / 288M, Empty: 256M, Relocated: 0M, In-Place: 0
[37.230s][info][gc,reloc    ] GC(18) Large Pages: 38 / 228M, Empty: 228M, Relocated: 0M, In-Place: 0
[37.230s][info][gc,reloc    ] GC(18) Forwarding Usage: 3M
[37.230s][info][gc,heap     ] GC(18) Min Capacity: 8192M(100%)
[37.230s][info][gc,heap     ] GC(18) Max Capacity: 8192M(100%)
[37.230s][info][gc,heap     ] GC(18) Soft Max Capacity: 8192M(100%)
[37.230s][info][gc,heap     ] GC(18)                Mark Start          Mark End        Relocate Start      Relocate End           High               Low         
[37.230s][info][gc,heap     ] GC(18)  Capacity:     8192M (100%)       8192M (100%)       8192M (100%)       8192M (100%)       8192M (100%)       8192M (100%)   
[37.230s][info][gc,heap     ] GC(18)      Free:     5220M (64%)        5218M (64%)        7890M (96%)        7980M (97%)        7980M (97%)        5218M (64%)    
[37.230s][info][gc,heap     ] GC(18)      Used:     2972M (36%)        2974M (36%)         302M (4%)          212M (3%)         2974M (36%)         212M (3%)     
[37.230s][info][gc,heap     ] GC(18)      Live:         -               171M (2%)          171M (2%)          171M (2%)             -                  -          
[37.230s][info][gc,heap     ] GC(18) Allocated:         -                 2M (0%)            8M (0%)            9M (0%)             -                  -          
[37.230s][info][gc,heap     ] GC(18)   Garbage:         -              2800M (34%)         122M (2%)           30M (0%)             -                  -          
[37.230s][info][gc,heap     ] GC(18) Reclaimed:         -                  -              2678M (33%)        2769M (34%)            -                  -          
[37.230s][info][gc          ] GC(18) Garbage Collection (System.gc()) 2972M(36%)->212M(3%)
[39.528s][info][gc,start    ] GC(19) Garbage Collection (Allocation Rate)
[39.529s][info][gc,task     ] GC(19) Using 2 workers
[39.529s][info][gc,phases   ] GC(19) Pause Mark Start 0.005ms
[40.062s][info][gc,phases   ] GC(19) Concurrent Mark 533.574ms
[40.062s][info][gc,phases   ] GC(19) Pause Mark End 0.026ms
[40.063s][info][gc,phases   ] GC(19) Concurrent Mark Free 0.001ms
[40.070s][info][gc,phases   ] GC(19) Concurrent Process Non-Strong References 7.214ms
[40.070s][info][gc,phases   ] GC(19) Concurrent Reset Relocation Set 0.003ms
[40.093s][info][gc,phases   ] GC(19) Concurrent Select Relocation Set 23.686ms
[40.094s][info][gc,phases   ] GC(19) Pause Relocate Start 0.017ms
[40.243s][info][gc,phases   ] GC(19) Concurrent Relocate 149.268ms
[40.243s][info][gc,load     ] GC(19) Load: 0.00/0.00/0.00
[40.243s][info][gc,mmu      ] GC(19) MMU: 2ms/96.9%, 5ms/98.7%, 10ms/99.3%, 20ms/99.6%, 50ms/99.8%, 100ms/99.9%
[40.243s][info][gc,marking  ] GC(19) Mark: 2 stripe(s), 2 proactive flush(es), 1 terminate flush(es), 0 completion(s), 0 continuation(s) 
[40.243s][info][gc,marking  ] GC(19) Mark Stack Usage: 32M
[40.243s][info][gc,nmethod  ] GC(19) NMethods: 8268 registered, 1405 unregistered
[40.243s][info][gc,metaspace] GC(19) Metaspace: 70M used, 71M committed, 1088M reserved
[40.243s][info][gc,ref      ] GC(19) Soft: 5938 encountered, 0 discovered, 0 enqueued
[40.243s][info][gc,ref      ] GC(19) Weak: 6562 encountered, 809 discovered, 92 enqueued
[40.243s][info][gc,ref      ] GC(19) Final: 53 encountered, 0 discovered, 0 enqueued
[40.243s][info][gc,ref      ] GC(19) Phantom: 589 encountered, 289 discovered, 0 enqueued
[40.243s][info][gc,reloc    ] GC(19) Small Pages: 2215 / 4430M, Empty: 2622M, Relocated: 95M, In-Place: 0
[40.243s][info][gc,reloc    ] GC(19) Medium Pages: 5 / 160M, Empty: 96M, Relocated: 12M, In-Place: 0
[40.243s][info][gc,reloc    ] GC(19) Large Pages: 30 / 212M, Empty: 172M, Relocated: 0M, In-Place: 0
[40.243s][info][gc,reloc    ] GC(19) Forwarding Usage: 95M
[40.243s][info][gc,heap     ] GC(19) Min Capacity: 8192M(100%)
[40.243s][info][gc,heap     ] GC(19) Max Capacity: 8192M(100%)
[40.243s][info][gc,heap     ] GC(19) Soft Max Capacity: 8192M(100%)
[40.243s][info][gc,heap     ] GC(19)                Mark Start          Mark End        Relocate Start      Relocate End           High               Low         
[40.243s][info][gc,heap     ] GC(19)  Capacity:     8192M (100%)       8192M (100%)       8192M (100%)       8192M (100%)       8192M (100%)       8192M (100%)   
[40.243s][info][gc,heap     ] GC(19)      Free:     3390M (41%)        3304M (40%)        6178M (75%)        7536M (92%)        7538M (92%)        3300M (40%)    
[40.243s][info][gc,heap     ] GC(19)      Used:     4802M (59%)        4888M (60%)        2014M (25%)         656M (8%)         4892M (60%)         654M (8%)     
[40.243s][info][gc,heap     ] GC(19)      Live:         -               307M (4%)          307M (4%)          307M (4%)             -                  -          
[40.243s][info][gc,heap     ] GC(19) Allocated:         -                86M (1%)          102M (1%)          319M (4%)             -                  -          
[40.243s][info][gc,heap     ] GC(19)   Garbage:         -              4494M (55%)        1604M (20%)          28M (0%)             -                  -          
[40.243s][info][gc,heap     ] GC(19) Reclaimed:         -                  -              2890M (35%)        4465M (55%)            -                  -          
[40.243s][info][gc          ] GC(19) Garbage Collection (Allocation Rate) 4802M(59%)->656M(8%)
[40.315s][info][gc,stats    ] === Garbage Collection Statistics =======================================================================================================================
[40.315s][info][gc,stats    ]                                                              Last 10s              Last 10m              Last 10h                Total
[40.315s][info][gc,stats    ]                                                              Avg / Max             Avg / Max             Avg / Max             Avg / Max
[40.315s][info][gc,stats    ]   Collector: Garbage Collection Cycle                    480.755 / 968.840     386.492 / 983.217     386.492 / 983.217     386.492 / 983.217     ms
[40.315s][info][gc,stats    ]  Contention: Mark Segment Reset Contention                     3 / 23                1 / 23                1 / 23                1 / 23          ops/s
[40.315s][info][gc,stats    ]  Contention: Mark SeqNum Reset Contention                      0 / 1                 0 / 1                 0 / 1                 0 / 1           ops/s
[40.315s][info][gc,stats    ]    Critical: Allocation Stall                                  0 / 0                 0 / 0                 0 / 0                 0 / 0           ops/s
[40.315s][info][gc,stats    ]    Critical: Allocation Stall                              0.000 / 0.000         0.000 / 0.000         0.000 / 0.000         0.000 / 0.000       ms
[40.315s][info][gc,stats    ]    Critical: GC Locker Stall                                   0 / 0                 0 / 0                 0 / 0                 0 / 0           ops/s
[40.315s][info][gc,stats    ]    Critical: GC Locker Stall                               0.000 / 0.000         0.000 / 0.000         0.000 / 0.000         0.000 / 0.000       ms
[40.315s][info][gc,stats    ]    Critical: Relocation Stall                                  0 / 0                 0 / 0                 0 / 0                 0 / 0           ops/s
[40.315s][info][gc,stats    ]    Critical: Relocation Stall                              0.000 / 0.000         0.000 / 0.000         0.000 / 0.000         0.000 / 0.000       ms
[40.315s][info][gc,stats    ]      Memory: Allocation Rate                                1632 / 2244           1127 / 3876           1127 / 3876           1127 / 3876        MB/s
[40.315s][info][gc,stats    ]      Memory: Out Of Memory                                     0 / 0                 0 / 0                 0 / 0                 0 / 0           ops/s
[40.315s][info][gc,stats    ]      Memory: Page Cache Flush                                  0 / 0                 0 / 0                 0 / 0                 0 / 0           MB/s
[40.315s][info][gc,stats    ]      Memory: Page Cache Hit L1                               756 / 1060            473 / 1729            473 / 1729            473 / 1729        ops/s
[40.315s][info][gc,stats    ]      Memory: Page Cache Hit L2                                 0 / 0                 0 / 0                 0 / 0                 0 / 0           ops/s
[40.315s][info][gc,stats    ]      Memory: Page Cache Hit L3                                 0 / 2                59 / 527              59 / 527              59 / 527         ops/s
[40.315s][info][gc,stats    ]      Memory: Page Cache Miss                                   0 / 0                 0 / 1                 0 / 1                 0 / 1           ops/s
[40.315s][info][gc,stats    ]      Memory: Uncommit                                          0 / 0                 0 / 0                 0 / 0                 0 / 0           MB/s
[40.315s][info][gc,stats    ]      Memory: Undo Object Allocation Failed                     0 / 0                 0 / 0                 0 / 0                 0 / 0           ops/s
[40.315s][info][gc,stats    ]      Memory: Undo Object Allocation Succeeded                  7 / 65                2 / 65                2 / 65                2 / 65          ops/s
[40.315s][info][gc,stats    ]      Memory: Undo Page Allocation                              0 / 1                 0 / 1                 0 / 1                 0 / 1           ops/s
[40.315s][info][gc,stats    ]       Phase: Concurrent Mark                             361.331 / 690.851     301.459 / 972.666     301.459 / 972.666     301.459 / 972.666     ms
[40.315s][info][gc,stats    ]       Phase: Concurrent Mark Continue                      0.000 / 0.000         0.000 / 0.000         0.000 / 0.000         0.000 / 0.000       ms
[40.315s][info][gc,stats    ]       Phase: Concurrent Mark Free                          0.001 / 0.002         0.001 / 0.002         0.001 / 0.002         0.001 / 0.002       ms
[40.315s][info][gc,stats    ]       Phase: Concurrent Process Non-Strong References      7.285 / 8.591         7.592 / 15.785        7.592 / 15.785        7.592 / 15.785      ms
[40.315s][info][gc,stats    ]       Phase: Concurrent Relocate                          94.002 / 226.884      63.012 / 226.884      63.012 / 226.884      63.012 / 226.884     ms
[40.315s][info][gc,stats    ]       Phase: Concurrent Reset Relocation Set               0.041 / 0.112         0.026 / 0.112         0.026 / 0.112         0.026 / 0.112       ms
[40.315s][info][gc,stats    ]       Phase: Concurrent Select Relocation Set             16.892 / 41.923       12.738 / 41.923       12.738 / 41.923       12.738 / 41.923      ms
[40.315s][info][gc,stats    ]       Phase: Pause Mark End                                0.022 / 0.026         0.020 / 0.063         0.020 / 0.063         0.020 / 0.063       ms
[40.315s][info][gc,stats    ]       Phase: Pause Mark Start                              0.006 / 0.009         0.007 / 0.011         0.007 / 0.011         0.007 / 0.011       ms
[40.315s][info][gc,stats    ]       Phase: Pause Relocate Start                          0.011 / 0.017         0.012 / 0.019         0.012 / 0.019         0.012 / 0.019       ms
[40.315s][info][gc,stats    ]    Subphase: Concurrent Classes Purge                      0.340 / 0.582         0.291 / 0.622         0.291 / 0.622         0.291 / 0.622       ms
[40.315s][info][gc,stats    ]    Subphase: Concurrent Classes Unlink                     5.846 / 7.308         5.658 / 12.957        5.658 / 12.957        5.658 / 12.957      ms
[40.315s][info][gc,stats    ]    Subphase: Concurrent Mark                             350.611 / 683.367     293.340 / 969.741     293.340 / 969.741     293.340 / 969.741     ms
[40.315s][info][gc,stats    ]    Subphase: Concurrent Mark Try Flush                     0.153 / 0.307         0.118 / 0.360         0.118 / 0.360         0.118 / 0.360       ms
[40.315s][info][gc,stats    ]    Subphase: Concurrent Mark Try Terminate                 3.224 / 15.642        6.752 / 16.369        6.752 / 16.369        6.752 / 16.369      ms
[40.315s][info][gc,stats    ]    Subphase: Concurrent References Enqueue                 0.005 / 0.007         0.005 / 0.008         0.005 / 0.008         0.005 / 0.008       ms
[40.315s][info][gc,stats    ]    Subphase: Concurrent References Process                 0.166 / 0.283         0.195 / 0.610         0.195 / 0.610         0.195 / 0.610       ms
[40.315s][info][gc,stats    ]    Subphase: Concurrent Roots ClassLoaderDataGraph         0.117 / 0.370         0.110 / 0.370         0.110 / 0.370         0.110 / 0.370       ms
[40.315s][info][gc,stats    ]    Subphase: Concurrent Roots CodeCache                    0.000 / 0.000         0.000 / 0.000         0.000 / 0.000         0.000 / 0.000       ms
[40.315s][info][gc,stats    ]    Subphase: Concurrent Roots JavaThreads                  7.498 / 8.610         4.936 / 8.610         4.936 / 8.610         4.936 / 8.610       ms
[40.315s][info][gc,stats    ]    Subphase: Concurrent Roots OopStorageSet                0.053 / 0.095         0.045 / 0.128         0.045 / 0.128         0.045 / 0.128       ms
[40.315s][info][gc,stats    ]    Subphase: Concurrent Weak Roots OopStorageSet           0.535 / 0.843         0.530 / 0.843         0.530 / 0.843         0.530 / 0.843       ms
[40.315s][info][gc,stats    ]    Subphase: Pause Mark Try Complete                       0.000 / 0.000         0.004 / 0.005         0.004 / 0.005         0.004 / 0.005       ms
[40.315s][info][gc,stats    ]      System: Java Threads                                    234 / 259             130 / 259             130 / 259             130 / 259         threads
[40.315s][info][gc,stats    ] =========================================================================================================================================================
[41.215s][info][gc,start    ] GC(20) Garbage Collection (Allocation Rate)
[41.215s][info][gc,task     ] GC(20) Using 2 workers
[41.215s][info][gc,phases   ] GC(20) Pause Mark Start 0.008ms
[41.590s][info][gc,phases   ] GC(20) Concurrent Mark 374.842ms
[41.590s][info][gc,phases   ] GC(20) Pause Mark End 0.029ms
[41.590s][info][gc,phases   ] GC(20) Concurrent Mark Free 0.001ms
[41.597s][info][gc,phases   ] GC(20) Concurrent Process Non-Strong References 6.914ms
[41.597s][info][gc,phases   ] GC(20) Concurrent Reset Relocation Set 0.107ms
[41.611s][info][gc,phases   ] GC(20) Concurrent Select Relocation Set 13.530ms
[41.611s][info][gc,phases   ] GC(20) Pause Relocate Start 0.010ms
[41.711s][info][gc,phases   ] GC(20) Concurrent Relocate 99.324ms
[41.711s][info][gc,load     ] GC(20) Load: 0.00/0.00/0.00
[41.711s][info][gc,mmu      ] GC(20) MMU: 2ms/96.9%, 5ms/98.7%, 10ms/99.3%, 20ms/99.6%, 50ms/99.8%, 100ms/99.9%
[41.711s][info][gc,marking  ] GC(20) Mark: 2 stripe(s), 2 proactive flush(es), 1 terminate flush(es), 0 completion(s), 0 continuation(s) 
[41.711s][info][gc,marking  ] GC(20) Mark Stack Usage: 32M
[41.711s][info][gc,nmethod  ] GC(20) NMethods: 8516 registered, 1405 unregistered
[41.711s][info][gc,metaspace] GC(20) Metaspace: 70M used, 71M committed, 1088M reserved
[41.711s][info][gc,ref      ] GC(20) Soft: 5936 encountered, 0 discovered, 0 enqueued
[41.711s][info][gc,ref      ] GC(20) Weak: 6836 encountered, 1193 discovered, 364 enqueued
[41.711s][info][gc,ref      ] GC(20) Final: 53 encountered, 1 discovered, 0 enqueued
[41.711s][info][gc,ref      ] GC(20) Phantom: 589 encountered, 432 discovered, 0 enqueued
[41.711s][info][gc,reloc    ] GC(20) Small Pages: 996 / 1992M, Empty: 1042M, Relocated: 60M, In-Place: 0
[41.711s][info][gc,reloc    ] GC(20) Medium Pages: 6 / 192M, Empty: 96M, Relocated: 19M, In-Place: 0
[41.711s][info][gc,reloc    ] GC(20) Large Pages: 24 / 160M, Empty: 148M, Relocated: 0M, In-Place: 0
[41.711s][info][gc,reloc    ] GC(20) Forwarding Usage: 56M
[41.711s][info][gc,heap     ] GC(20) Min Capacity: 8192M(100%)
[41.711s][info][gc,heap     ] GC(20) Max Capacity: 8192M(100%)
[41.711s][info][gc,heap     ] GC(20) Soft Max Capacity: 8192M(100%)
[41.711s][info][gc,heap     ] GC(20)                Mark Start          Mark End        Relocate Start      Relocate End           High               Low         
[41.711s][info][gc,heap     ] GC(20)  Capacity:     8192M (100%)       8192M (100%)       8192M (100%)       8192M (100%)       8192M (100%)       8192M (100%)   
[41.711s][info][gc,heap     ] GC(20)      Free:     5848M (71%)        5376M (66%)        6620M (81%)        7208M (88%)        7208M (88%)        5360M (65%)    
[41.711s][info][gc,heap     ] GC(20)      Used:     2344M (29%)        2816M (34%)        1572M (19%)         984M (12%)        2832M (35%)         984M (12%)    
[41.711s][info][gc,heap     ] GC(20)      Live:         -               251M (3%)          251M (3%)          251M (3%)             -                  -          
[41.711s][info][gc,heap     ] GC(20) Allocated:         -               472M (6%)          514M (6%)          709M (9%)             -                  -          
[41.711s][info][gc,heap     ] GC(20)   Garbage:         -              2092M (26%)         806M (10%)          22M (0%)             -                  -          
[41.711s][info][gc,heap     ] GC(20) Reclaimed:         -                  -              1286M (16%)        2069M (25%)            -                  -          
[41.711s][info][gc          ] GC(20) Garbage Collection (Allocation Rate) 2344M(29%)->984M(12%)
[41.919s][info][gc,start    ] GC(21) Garbage Collection (System.gc())
[41.919s][info][gc,task     ] GC(21) Using 2 workers
[41.920s][info][gc,phases   ] GC(21) Pause Mark Start 0.005ms
[42.062s][info][gc,phases   ] GC(21) Concurrent Mark 141.977ms
[42.062s][info][gc,phases   ] GC(21) Pause Mark End 0.026ms
[42.062s][info][gc,phases   ] GC(21) Concurrent Mark Free 0.002ms
[42.070s][info][gc,phases   ] GC(21) Concurrent Process Non-Strong References 7.724ms
[42.070s][info][gc,phases   ] GC(21) Concurrent Reset Relocation Set 0.045ms
[42.076s][info][gc,phases   ] GC(21) Concurrent Select Relocation Set 6.144ms
[42.076s][info][gc,phases   ] GC(21) Pause Relocate Start 0.009ms
[42.077s][info][gc,phases   ] GC(21) Concurrent Relocate 0.769ms
[42.077s][info][gc,load     ] GC(21) Load: 0.00/0.00/0.00
[42.077s][info][gc,mmu      ] GC(21) MMU: 2ms/96.9%, 5ms/98.7%, 10ms/99.3%, 20ms/99.6%, 50ms/99.8%, 100ms/99.9%
[42.077s][info][gc,marking  ] GC(21) Mark: 2 stripe(s), 2 proactive flush(es), 1 terminate flush(es), 0 completion(s), 0 continuation(s) 
[42.077s][info][gc,marking  ] GC(21) Mark Stack Usage: 32M
[42.077s][info][gc,nmethod  ] GC(21) NMethods: 8522 registered, 1405 unregistered
[42.077s][info][gc,metaspace] GC(21) Metaspace: 70M used, 71M committed, 1088M reserved
[42.077s][info][gc,ref      ] GC(21) Soft: 5932 encountered, 0 discovered, 0 enqueued
[42.077s][info][gc,ref      ] GC(21) Weak: 6504 encountered, 860 discovered, 238 enqueued
[42.077s][info][gc,ref      ] GC(21) Final: 53 encountered, 2 discovered, 0 enqueued
[42.077s][info][gc,ref      ] GC(21) Phantom: 589 encountered, 548 discovered, 0 enqueued
[42.077s][info][gc,reloc    ] GC(21) Small Pages: 644 / 1288M, Empty: 1058M, Relocated: 1M, In-Place: 0
[42.077s][info][gc,reloc    ] GC(21) Medium Pages: 7 / 224M, Empty: 192M, Relocated: 0M, In-Place: 0
[42.077s][info][gc,reloc    ] GC(21) Large Pages: 24 / 144M, Empty: 144M, Relocated: 0M, In-Place: 0
[42.077s][info][gc,reloc    ] GC(21) Forwarding Usage: 0M
[42.077s][info][gc,heap     ] GC(21) Min Capacity: 8192M(100%)
[42.077s][info][gc,heap     ] GC(21) Max Capacity: 8192M(100%)
[42.077s][info][gc,heap     ] GC(21) Soft Max Capacity: 8192M(100%)
[42.077s][info][gc,heap     ] GC(21)                Mark Start          Mark End        Relocate Start      Relocate End           High               Low         
[42.077s][info][gc,heap     ] GC(21)  Capacity:     8192M (100%)       8192M (100%)       8192M (100%)       8192M (100%)       8192M (100%)       8192M (100%)   
[42.077s][info][gc,heap     ] GC(21)      Free:     6536M (80%)        6534M (80%)        7920M (97%)        7980M (97%)        7980M (97%)        6534M (80%)    
[42.077s][info][gc,heap     ] GC(21)      Used:     1656M (20%)        1658M (20%)         272M (3%)          212M (3%)         1658M (20%)         212M (3%)     
[42.077s][info][gc,heap     ] GC(21)      Live:         -               171M (2%)          171M (2%)          171M (2%)             -                  -          
[42.077s][info][gc,heap     ] GC(21) Allocated:         -                 2M (0%)           10M (0%)            9M (0%)             -                  -          
[42.077s][info][gc,heap     ] GC(21)   Garbage:         -              1484M (18%)          90M (1%)           30M (0%)             -                  -          
[42.077s][info][gc,heap     ] GC(21) Reclaimed:         -                  -              1394M (17%)        1453M (18%)            -                  -          
[42.077s][info][gc          ] GC(21) Garbage Collection (System.gc()) 1656M(20%)->212M(3%)
[44.323s][info][gc,start    ] GC(22) Garbage Collection (Allocation Rate)
[44.323s][info][gc,task     ] GC(22) Using 2 workers
[44.323s][info][gc,phases   ] GC(22) Pause Mark Start 0.006ms
[44.972s][info][gc,phases   ] GC(22) Concurrent Mark 648.027ms
[44.972s][info][gc,phases   ] GC(22) Pause Mark End 0.026ms
[44.973s][info][gc,phases   ] GC(22) Concurrent Mark Free 0.001ms
[44.981s][info][gc,phases   ] GC(22) Concurrent Process Non-Strong References 8.313ms
[44.981s][info][gc,phases   ] GC(22) Concurrent Reset Relocation Set 0.003ms
[45.013s][info][gc,phases   ] GC(22) Concurrent Select Relocation Set 32.051ms
[45.013s][info][gc,phases   ] GC(22) Pause Relocate Start 0.011ms
[45.227s][info][gc,phases   ] GC(22) Concurrent Relocate 213.897ms
[45.227s][info][gc,load     ] GC(22) Load: 0.00/0.00/0.00
[45.227s][info][gc,mmu      ] GC(22) MMU: 2ms/96.9%, 5ms/98.7%, 10ms/99.3%, 20ms/99.6%, 50ms/99.8%, 100ms/99.9%
[45.227s][info][gc,marking  ] GC(22) Mark: 2 stripe(s), 2 proactive flush(es), 1 terminate flush(es), 0 completion(s), 0 continuation(s) 
[45.227s][info][gc,marking  ] GC(22) Mark Stack Usage: 32M
[45.227s][info][gc,nmethod  ] GC(22) NMethods: 8839 registered, 1405 unregistered
[45.227s][info][gc,metaspace] GC(22) Metaspace: 70M used, 71M committed, 1088M reserved
[45.227s][info][gc,ref      ] GC(22) Soft: 5940 encountered, 0 discovered, 0 enqueued
[45.227s][info][gc,ref      ] GC(22) Weak: 6595 encountered, 982 discovered, 20 enqueued
[45.227s][info][gc,ref      ] GC(22) Final: 53 encountered, 0 discovered, 0 enqueued
[45.227s][info][gc,ref      ] GC(22) Phantom: 589 encountered, 441 discovered, 0 enqueued
[45.227s][info][gc,reloc    ] GC(22) Small Pages: 2174 / 4348M, Empty: 2136M, Relocated: 178M, In-Place: 0
[45.227s][info][gc,reloc    ] GC(22) Medium Pages: 5 / 160M, Empty: 128M, Relocated: 0M, In-Place: 0
[45.227s][info][gc,reloc    ] GC(22) Large Pages: 30 / 212M, Empty: 148M, Relocated: 0M, In-Place: 0
[45.227s][info][gc,reloc    ] GC(22) Forwarding Usage: 139M
[45.227s][info][gc,heap     ] GC(22) Min Capacity: 8192M(100%)
[45.227s][info][gc,heap     ] GC(22) Max Capacity: 8192M(100%)
[45.227s][info][gc,heap     ] GC(22) Soft Max Capacity: 8192M(100%)
[45.227s][info][gc,heap     ] GC(22)                Mark Start          Mark End        Relocate Start      Relocate End           High               Low         
[45.227s][info][gc,heap     ] GC(22)  Capacity:     8192M (100%)       8192M (100%)       8192M (100%)       8192M (100%)       8192M (100%)       8192M (100%)   
[45.227s][info][gc,heap     ] GC(22)      Free:     3472M (42%)        3192M (39%)        5562M (68%)        7142M (87%)        7170M (88%)        3186M (39%)    
[45.227s][info][gc,heap     ] GC(22)      Used:     4720M (58%)        5000M (61%)        2630M (32%)        1050M (13%)        5006M (61%)        1022M (12%)    
[45.227s][info][gc,heap     ] GC(22)      Live:         -               424M (5%)          424M (5%)          424M (5%)             -                  -          
[45.227s][info][gc,heap     ] GC(22) Allocated:         -               280M (3%)          322M (4%)          585M (7%)             -                  -          
[45.227s][info][gc,heap     ] GC(22)   Garbage:         -              4295M (52%)        1883M (23%)          39M (0%)             -                  -          
[45.227s][info][gc,heap     ] GC(22) Reclaimed:         -                  -              2412M (29%)        4255M (52%)            -                  -          
[45.228s][info][gc          ] GC(22) Garbage Collection (Allocation Rate) 4720M(58%)->1050M(13%)
[45.314s][info][gc,start    ] GC(23) Garbage Collection (Allocation Rate)
[45.314s][info][gc,task     ] GC(23) Using 2 workers
[45.314s][info][gc,phases   ] GC(23) Pause Mark Start 0.007ms
[45.545s][info][gc,phases   ] GC(23) Concurrent Mark 229.815ms
[45.545s][info][gc,phases   ] GC(23) Pause Mark End 0.025ms
[45.545s][info][gc,phases   ] GC(23) Concurrent Mark Free 0.001ms
[45.553s][info][gc,phases   ] GC(23) Concurrent Process Non-Strong References 7.492ms
[45.553s][info][gc,phases   ] GC(23) Concurrent Reset Relocation Set 0.094ms
[45.564s][info][gc,phases   ] GC(23) Concurrent Select Relocation Set 11.441ms
[45.564s][info][gc,phases   ] GC(23) Pause Relocate Start 0.032ms
[45.597s][info][gc,phases   ] GC(23) Concurrent Relocate 31.334ms
[45.597s][info][gc,load     ] GC(23) Load: 0.00/0.00/0.00
[45.597s][info][gc,mmu      ] GC(23) MMU: 2ms/96.9%, 5ms/98.7%, 10ms/99.3%, 20ms/99.6%, 50ms/99.8%, 100ms/99.9%
[45.597s][info][gc,marking  ] GC(23) Mark: 2 stripe(s), 2 proactive flush(es), 1 terminate flush(es), 0 completion(s), 0 continuation(s) 
[45.597s][info][gc,marking  ] GC(23) Mark Stack Usage: 32M
[45.597s][info][gc,nmethod  ] GC(23) NMethods: 8889 registered, 1405 unregistered
[45.597s][info][gc,metaspace] GC(23) Metaspace: 70M used, 71M committed, 1088M reserved
[45.597s][info][gc,ref      ] GC(23) Soft: 5936 encountered, 0 discovered, 0 enqueued
[45.597s][info][gc,ref      ] GC(23) Weak: 6671 encountered, 995 discovered, 219 enqueued
[45.597s][info][gc,ref      ] GC(23) Final: 53 encountered, 0 discovered, 0 enqueued
[45.597s][info][gc,ref      ] GC(23) Phantom: 593 encountered, 371 discovered, 0 enqueued
[45.597s][info][gc,reloc    ] GC(23) Small Pages: 472 / 944M, Empty: 548M, Relocated: 22M, In-Place: 0
[45.597s][info][gc,reloc    ] GC(23) Medium Pages: 4 / 128M, Empty: 96M, Relocated: 0M, In-Place: 0
[45.597s][info][gc,reloc    ] GC(23) Large Pages: 18 / 124M, Empty: 100M, Relocated: 0M, In-Place: 0
[45.597s][info][gc,reloc    ] GC(23) Forwarding Usage: 23M
[45.597s][info][gc,heap     ] GC(23) Min Capacity: 8192M(100%)
[45.597s][info][gc,heap     ] GC(23) Max Capacity: 8192M(100%)
[45.597s][info][gc,heap     ] GC(23) Soft Max Capacity: 8192M(100%)
[45.597s][info][gc,heap     ] GC(23)                Mark Start          Mark End        Relocate Start      Relocate End           High               Low         
[45.597s][info][gc,heap     ] GC(23)  Capacity:     8192M (100%)       8192M (100%)       8192M (100%)       8192M (100%)       8192M (100%)       8192M (100%)   
[45.597s][info][gc,heap     ] GC(23)      Free:     6996M (85%)        6670M (81%)        7402M (90%)        7582M (93%)        7584M (93%)        6662M (81%)    
[45.597s][info][gc,heap     ] GC(23)      Used:     1196M (15%)        1522M (19%)         790M (10%)         610M (7%)         1530M (19%)         608M (7%)     
[45.597s][info][gc,heap     ] GC(23)      Live:         -               217M (3%)          217M (3%)          217M (3%)             -                  -          
[45.597s][info][gc,heap     ] GC(23) Allocated:         -               326M (4%)          338M (4%)          361M (4%)             -                  -          
[45.597s][info][gc,heap     ] GC(23)   Garbage:         -               978M (12%)         234M (3%)           30M (0%)             -                  -          
[45.597s][info][gc,heap     ] GC(23) Reclaimed:         -                  -               744M (9%)          947M (12%)            -                  -          
[45.597s][info][gc          ] GC(23) Garbage Collection (Allocation Rate) 1196M(15%)->610M(7%)
[46.869s][info][gc,start    ] GC(24) Garbage Collection (System.gc())
[46.869s][info][gc,task     ] GC(24) Using 2 workers
[46.869s][info][gc,phases   ] GC(24) Pause Mark Start 0.005ms
[47.013s][info][gc,phases   ] GC(24) Concurrent Mark 143.707ms
[47.013s][info][gc,phases   ] GC(24) Pause Mark End 0.025ms
[47.013s][info][gc,phases   ] GC(24) Concurrent Mark Free 0.001ms
[47.021s][info][gc,phases   ] GC(24) Concurrent Process Non-Strong References 7.557ms
[47.021s][info][gc,phases   ] GC(24) Concurrent Reset Relocation Set 0.011ms
[47.025s][info][gc,phases   ] GC(24) Concurrent Select Relocation Set 3.776ms
[47.025s][info][gc,phases   ] GC(24) Pause Relocate Start 0.008ms
[47.027s][info][gc,phases   ] GC(24) Concurrent Relocate 2.424ms
[47.028s][info][gc,load     ] GC(24) Load: 0.00/0.00/0.00
[47.028s][info][gc,mmu      ] GC(24) MMU: 2ms/96.9%, 5ms/98.7%, 10ms/99.3%, 20ms/99.6%, 50ms/99.8%, 100ms/99.9%
[47.028s][info][gc,marking  ] GC(24) Mark: 2 stripe(s), 2 proactive flush(es), 1 terminate flush(es), 0 completion(s), 0 continuation(s) 
[47.028s][info][gc,marking  ] GC(24) Mark Stack Usage: 32M
[47.028s][info][gc,nmethod  ] GC(24) NMethods: 8987 registered, 1405 unregistered
[47.028s][info][gc,metaspace] GC(24) Metaspace: 70M used, 71M committed, 1088M reserved
[47.028s][info][gc,ref      ] GC(24) Soft: 5932 encountered, 0 discovered, 0 enqueued
[47.028s][info][gc,ref      ] GC(24) Weak: 6661 encountered, 1083 discovered, 382 enqueued
[47.028s][info][gc,ref      ] GC(24) Final: 53 encountered, 4 discovered, 0 enqueued
[47.028s][info][gc,ref      ] GC(24) Phantom: 588 encountered, 551 discovered, 0 enqueued
[47.028s][info][gc,reloc    ] GC(24) Small Pages: 1236 / 2472M, Empty: 2210M, Relocated: 1M, In-Place: 0
[47.028s][info][gc,reloc    ] GC(24) Medium Pages: 9 / 288M, Empty: 256M, Relocated: 0M, In-Place: 0
[47.028s][info][gc,reloc    ] GC(24) Large Pages: 33 / 198M, Empty: 198M, Relocated: 0M, In-Place: 0
[47.028s][info][gc,reloc    ] GC(24) Forwarding Usage: 1M
[47.028s][info][gc,heap     ] GC(24) Min Capacity: 8192M(100%)
[47.028s][info][gc,heap     ] GC(24) Max Capacity: 8192M(100%)
[47.028s][info][gc,heap     ] GC(24) Soft Max Capacity: 8192M(100%)
[47.028s][info][gc,heap     ] GC(24)                Mark Start          Mark End        Relocate Start      Relocate End           High               Low         
[47.028s][info][gc,heap     ] GC(24)  Capacity:     8192M (100%)       8192M (100%)       8192M (100%)       8192M (100%)       8192M (100%)       8192M (100%)   
[47.028s][info][gc,heap     ] GC(24)      Free:     5234M (64%)        5232M (64%)        7888M (96%)        7980M (97%)        7980M (97%)        5232M (64%)    
[47.028s][info][gc,heap     ] GC(24)      Used:     2958M (36%)        2960M (36%)         304M (4%)          212M (3%)         2960M (36%)         212M (3%)     
[47.028s][info][gc,heap     ] GC(24)      Live:         -               171M (2%)          171M (2%)          171M (2%)             -                  -          
[47.028s][info][gc,heap     ] GC(24) Allocated:         -                 2M (0%)           10M (0%)            9M (0%)             -                  -          
[47.028s][info][gc,heap     ] GC(24)   Garbage:         -              2786M (34%)         122M (1%)           30M (0%)             -                  -          
[47.028s][info][gc,heap     ] GC(24) Reclaimed:         -                  -              2664M (33%)        2755M (34%)            -                  -          
[47.028s][info][gc          ] GC(24) Garbage Collection (System.gc()) 2958M(36%)->212M(3%)
[49.314s][info][gc,start    ] GC(25) Garbage Collection (Allocation Rate)
[49.314s][info][gc,task     ] GC(25) Using 2 workers
[49.314s][info][gc,phases   ] GC(25) Pause Mark Start 0.005ms
[49.832s][info][gc,phases   ] GC(25) Concurrent Mark 516.203ms
[49.832s][info][gc,phases   ] GC(25) Pause Mark End 0.024ms
[49.832s][info][gc,phases   ] GC(25) Concurrent Mark Free 0.001ms
[49.839s][info][gc,phases   ] GC(25) Concurrent Process Non-Strong References 7.277ms
[49.839s][info][gc,phases   ] GC(25) Concurrent Reset Relocation Set 0.003ms
[49.862s][info][gc,phases   ] GC(25) Concurrent Select Relocation Set 22.526ms
[49.862s][info][gc,phases   ] GC(25) Pause Relocate Start 0.011ms
[50.009s][info][gc,phases   ] GC(25) Concurrent Relocate 146.611ms
[50.009s][info][gc,load     ] GC(25) Load: 0.00/0.00/0.00
[50.009s][info][gc,mmu      ] GC(25) MMU: 2ms/96.9%, 5ms/98.7%, 10ms/99.3%, 20ms/99.6%, 50ms/99.8%, 100ms/99.9%
[50.009s][info][gc,marking  ] GC(25) Mark: 2 stripe(s), 2 proactive flush(es), 1 terminate flush(es), 0 completion(s), 0 continuation(s) 
[50.009s][info][gc,marking  ] GC(25) Mark Stack Usage: 32M
[50.009s][info][gc,nmethod  ] GC(25) NMethods: 9105 registered, 1405 unregistered
[50.009s][info][gc,metaspace] GC(25) Metaspace: 70M used, 71M committed, 1088M reserved
[50.009s][info][gc,ref      ] GC(25) Soft: 5942 encountered, 0 discovered, 0 enqueued
[50.009s][info][gc,ref      ] GC(25) Weak: 6615 encountered, 850 discovered, 90 enqueued
[50.009s][info][gc,ref      ] GC(25) Final: 53 encountered, 0 discovered, 0 enqueued
[50.009s][info][gc,ref      ] GC(25) Phantom: 588 encountered, 402 discovered, 0 enqueued
[50.009s][info][gc,reloc    ] GC(25) Small Pages: 2214 / 4428M, Empty: 2614M, Relocated: 96M, In-Place: 0
[50.009s][info][gc,reloc    ] GC(25) Medium Pages: 5 / 160M, Empty: 96M, Relocated: 11M, In-Place: 0
[50.009s][info][gc,reloc    ] GC(25) Large Pages: 30 / 212M, Empty: 172M, Relocated: 0M, In-Place: 0
[50.009s][info][gc,reloc    ] GC(25) Forwarding Usage: 95M
[50.009s][info][gc,heap     ] GC(25) Min Capacity: 8192M(100%)
[50.009s][info][gc,heap     ] GC(25) Max Capacity: 8192M(100%)
[50.009s][info][gc,heap     ] GC(25) Soft Max Capacity: 8192M(100%)
[50.009s][info][gc,heap     ] GC(25)                Mark Start          Mark End        Relocate Start      Relocate End           High               Low         
[50.009s][info][gc,heap     ] GC(25)  Capacity:     8192M (100%)       8192M (100%)       8192M (100%)       8192M (100%)       8192M (100%)       8192M (100%)   
[50.009s][info][gc,heap     ] GC(25)      Free:     3392M (41%)        3308M (40%)        6182M (75%)        7564M (92%)        7566M (92%)        3304M (40%)    
[50.009s][info][gc,heap     ] GC(25)      Used:     4800M (59%)        4884M (60%)        2010M (25%)         628M (8%)         4888M (60%)         626M (8%)     
[50.009s][info][gc,heap     ] GC(25)      Live:         -               307M (4%)          307M (4%)          307M (4%)             -                  -          
[50.009s][info][gc,heap     ] GC(25) Allocated:         -                84M (1%)           92M (1%)          291M (4%)             -                  -          
[50.009s][info][gc,heap     ] GC(25)   Garbage:         -              4492M (55%)        1610M (20%)          29M (0%)             -                  -          
[50.009s][info][gc,heap     ] GC(25) Reclaimed:         -                  -              2882M (35%)        4463M (54%)            -                  -          
[50.009s][info][gc          ] GC(25) Garbage Collection (Allocation Rate) 4800M(59%)->628M(8%)
[50.321s][info][gc,stats    ] === Garbage Collection Statistics =======================================================================================================================
[50.321s][info][gc,stats    ]                                                              Last 10s              Last 10m              Last 10h                Total
[50.321s][info][gc,stats    ]                                                              Avg / Max             Avg / Max             Avg / Max             Avg / Max
[50.321s][info][gc,stats    ]   Collector: Garbage Collection Cycle                    448.929 / 904.447     400.901 / 983.217     400.901 / 983.217     400.901 / 983.217     ms
[50.321s][info][gc,stats    ]  Contention: Mark Segment Reset Contention                     2 / 16                1 / 23                1 / 23                1 / 23          ops/s
[50.321s][info][gc,stats    ]  Contention: Mark SeqNum Reset Contention                      0 / 0                 0 / 1                 0 / 1                 0 / 1           ops/s
[50.321s][info][gc,stats    ]    Critical: Allocation Stall                                  0 / 0                 0 / 0                 0 / 0                 0 / 0           ops/s
[50.321s][info][gc,stats    ]    Critical: Allocation Stall                              0.000 / 0.000         0.000 / 0.000         0.000 / 0.000         0.000 / 0.000       ms
[50.322s][info][gc,stats    ]    Critical: GC Locker Stall                                   0 / 0                 0 / 0                 0 / 0                 0 / 0           ops/s
[50.322s][info][gc,stats    ]    Critical: GC Locker Stall                               0.000 / 0.000         0.000 / 0.000         0.000 / 0.000         0.000 / 0.000       ms
[50.322s][info][gc,stats    ]    Critical: Relocation Stall                                  0 / 0                 0 / 0                 0 / 0                 0 / 0           ops/s
[50.322s][info][gc,stats    ]    Critical: Relocation Stall                              0.000 / 0.000         0.000 / 0.000         0.000 / 0.000         0.000 / 0.000       ms
[50.322s][info][gc,stats    ]      Memory: Allocation Rate                                1636 / 2306           1229 / 3876           1229 / 3876           1229 / 3876        MB/s
[50.322s][info][gc,stats    ]      Memory: Out Of Memory                                     0 / 0                 0 / 0                 0 / 0                 0 / 0           ops/s
[50.322s][info][gc,stats    ]      Memory: Page Cache Flush                                  0 / 0                 0 / 0                 0 / 0                 0 / 0           MB/s
[50.322s][info][gc,stats    ]      Memory: Page Cache Hit L1                               758 / 1081            530 / 1729            530 / 1729            530 / 1729        ops/s
[50.322s][info][gc,stats    ]      Memory: Page Cache Hit L2                                 0 / 0                 0 / 0                 0 / 0                 0 / 0           ops/s
[50.322s][info][gc,stats    ]      Memory: Page Cache Hit L3                                 0 / 0                47 / 527              47 / 527              47 / 527         ops/s
[50.322s][info][gc,stats    ]      Memory: Page Cache Miss                                   0 / 0                 0 / 1                 0 / 1                 0 / 1           ops/s
[50.322s][info][gc,stats    ]      Memory: Uncommit                                          0 / 0                 0 / 0                 0 / 0                 0 / 0           MB/s
[50.322s][info][gc,stats    ]      Memory: Undo Object Allocation Failed                     0 / 0                 0 / 0                 0 / 0                 0 / 0           ops/s
[50.322s][info][gc,stats    ]      Memory: Undo Object Allocation Succeeded                  7 / 57                3 / 65                3 / 65                3 / 65          ops/s
[50.322s][info][gc,stats    ]      Memory: Undo Page Allocation                              0 / 0                 0 / 1                 0 / 1                 0 / 1           ops/s
[50.322s][info][gc,stats    ]       Phase: Concurrent Mark                             342.429 / 648.027     310.913 / 972.666     310.913 / 972.666     310.913 / 972.666     ms
[50.322s][info][gc,stats    ]       Phase: Concurrent Mark Continue                      0.000 / 0.000         0.000 / 0.000         0.000 / 0.000         0.000 / 0.000       ms
[50.322s][info][gc,stats    ]       Phase: Concurrent Mark Free                          0.001 / 0.002         0.001 / 0.002         0.001 / 0.002         0.001 / 0.002       ms
[50.322s][info][gc,stats    ]       Phase: Concurrent Process Non-Strong References      7.546 / 8.313         7.582 / 15.785        7.582 / 15.785        7.582 / 15.785      ms
[50.322s][info][gc,stats    ]       Phase: Concurrent Relocate                          82.393 / 213.897      67.484 / 226.884      67.484 / 226.884      67.484 / 226.884     ms
[50.322s][info][gc,stats    ]       Phase: Concurrent Reset Relocation Set               0.044 / 0.107         0.030 / 0.112         0.030 / 0.112         0.030 / 0.112       ms
[50.322s][info][gc,stats    ]       Phase: Concurrent Select Relocation Set             14.911 / 32.051       13.240 / 41.923       13.240 / 41.923       13.240 / 41.923      ms
[50.322s][info][gc,stats    ]       Phase: Pause Mark End                                0.026 / 0.029         0.021 / 0.063         0.021 / 0.063         0.021 / 0.063       ms
[50.322s][info][gc,stats    ]       Phase: Pause Mark Start                              0.006 / 0.008         0.006 / 0.011         0.006 / 0.011         0.006 / 0.011       ms
[50.322s][info][gc,stats    ]       Phase: Pause Relocate Start                          0.014 / 0.032         0.012 / 0.032         0.012 / 0.032         0.012 / 0.032       ms
[50.322s][info][gc,stats    ]    Subphase: Concurrent Classes Purge                      0.301 / 0.347         0.293 / 0.622         0.293 / 0.622         0.293 / 0.622       ms
[50.322s][info][gc,stats    ]    Subphase: Concurrent Classes Unlink                     6.240 / 7.033         5.793 / 12.957        5.793 / 12.957        5.793 / 12.957      ms
[50.322s][info][gc,stats    ]    Subphase: Concurrent Mark                             331.425 / 640.674     302.129 / 969.741     302.129 / 969.741     302.129 / 969.741     ms
[50.322s][info][gc,stats    ]    Subphase: Concurrent Mark Try Flush                     0.153 / 0.469         0.125 / 0.469         0.125 / 0.469         0.125 / 0.469       ms
[50.322s][info][gc,stats    ]    Subphase: Concurrent Mark Try Terminate                 4.662 / 16.017        6.463 / 16.369        6.463 / 16.369        6.463 / 16.369      ms
[50.322s][info][gc,stats    ]    Subphase: Concurrent References Enqueue                 0.005 / 0.007         0.005 / 0.008         0.005 / 0.008         0.005 / 0.008       ms
[50.322s][info][gc,stats    ]    Subphase: Concurrent References Process                 0.188 / 0.312         0.194 / 0.610         0.194 / 0.610         0.194 / 0.610       ms
[50.322s][info][gc,stats    ]    Subphase: Concurrent Roots ClassLoaderDataGraph         0.108 / 0.234         0.109 / 0.370         0.109 / 0.370         0.109 / 0.370       ms
[50.322s][info][gc,stats    ]    Subphase: Concurrent Roots CodeCache                    0.000 / 0.000         0.000 / 0.000         0.000 / 0.000         0.000 / 0.000       ms
[50.322s][info][gc,stats    ]    Subphase: Concurrent Roots JavaThreads                  6.925 / 7.703         5.395 / 8.610         5.395 / 8.610         5.395 / 8.610       ms
[50.322s][info][gc,stats    ]    Subphase: Concurrent Roots OopStorageSet                0.041 / 0.049         0.044 / 0.128         0.044 / 0.128         0.044 / 0.128       ms
[50.322s][info][gc,stats    ]    Subphase: Concurrent Weak Roots OopStorageSet           0.563 / 0.938         0.537 / 0.938         0.537 / 0.938         0.537 / 0.938       ms
[50.322s][info][gc,stats    ]    Subphase: Pause Mark Try Complete                       0.000 / 0.000         0.004 / 0.005         0.004 / 0.005         0.004 / 0.005       ms
[50.322s][info][gc,stats    ]      System: Java Threads                                    266 / 267             161 / 267             161 / 267             161 / 267         threads
[50.322s][info][gc,stats    ] =========================================================================================================================================================
[51.024s][info][gc,start    ] GC(26) Garbage Collection (Allocation Rate)
[51.024s][info][gc,task     ] GC(26) Using 2 workers
[51.024s][info][gc,phases   ] GC(26) Pause Mark Start 0.006ms
[51.363s][info][gc,phases   ] GC(26) Concurrent Mark 338.532ms
[51.363s][info][gc,phases   ] GC(26) Pause Mark End 0.018ms
[51.363s][info][gc,phases   ] GC(26) Concurrent Mark Free 0.001ms
[51.371s][info][gc,phases   ] GC(26) Concurrent Process Non-Strong References 7.973ms
[51.371s][info][gc,phases   ] GC(26) Concurrent Reset Relocation Set 0.075ms
[51.383s][info][gc,phases   ] GC(26) Concurrent Select Relocation Set 11.912ms
[51.383s][info][gc,phases   ] GC(26) Pause Relocate Start 0.011ms
[51.461s][info][gc,phases   ] GC(26) Concurrent Relocate 77.444ms
[51.461s][info][gc,load     ] GC(26) Load: 0.00/0.00/0.00
[51.461s][info][gc,mmu      ] GC(26) MMU: 2ms/96.9%, 5ms/98.7%, 10ms/99.3%, 20ms/99.6%, 50ms/99.8%, 100ms/99.9%
[51.461s][info][gc,marking  ] GC(26) Mark: 2 stripe(s), 2 proactive flush(es), 1 terminate flush(es), 0 completion(s), 0 continuation(s) 
[51.461s][info][gc,marking  ] GC(26) Mark Stack Usage: 32M
[51.461s][info][gc,nmethod  ] GC(26) NMethods: 9278 registered, 1405 unregistered
[51.461s][info][gc,metaspace] GC(26) Metaspace: 70M used, 71M committed, 1088M reserved
[51.461s][info][gc,ref      ] GC(26) Soft: 5938 encountered, 0 discovered, 0 enqueued
[51.461s][info][gc,ref      ] GC(26) Weak: 6881 encountered, 1126 discovered, 364 enqueued
[51.461s][info][gc,ref      ] GC(26) Final: 53 encountered, 0 discovered, 0 enqueued
[51.461s][info][gc,ref      ] GC(26) Phantom: 588 encountered, 374 discovered, 0 enqueued
[51.461s][info][gc,reloc    ] GC(26) Small Pages: 992 / 1984M, Empty: 1030M, Relocated: 54M, In-Place: 0
[51.461s][info][gc,reloc    ] GC(26) Medium Pages: 6 / 192M, Empty: 96M, Relocated: 16M, In-Place: 0
[51.461s][info][gc,reloc    ] GC(26) Large Pages: 23 / 154M, Empty: 148M, Relocated: 0M, In-Place: 0
[51.461s][info][gc,reloc    ] GC(26) Forwarding Usage: 49M
[51.461s][info][gc,heap     ] GC(26) Min Capacity: 8192M(100%)
[51.461s][info][gc,heap     ] GC(26) Max Capacity: 8192M(100%)
[51.461s][info][gc,heap     ] GC(26) Soft Max Capacity: 8192M(100%)
[51.461s][info][gc,heap     ] GC(26)                Mark Start          Mark End        Relocate Start      Relocate End           High               Low         
[51.461s][info][gc,heap     ] GC(26)  Capacity:     8192M (100%)       8192M (100%)       8192M (100%)       8192M (100%)       8192M (100%)       8192M (100%)   
[51.461s][info][gc,heap     ] GC(26)      Free:     5862M (72%)        5446M (66%)        6688M (82%)        7432M (91%)        7432M (91%)        5438M (66%)    
[51.461s][info][gc,heap     ] GC(26)      Used:     2330M (28%)        2746M (34%)        1504M (18%)         760M (9%)         2754M (34%)         760M (9%)     
[51.461s][info][gc,heap     ] GC(26)      Live:         -               248M (3%)          248M (3%)          248M (3%)             -                  -          
[51.461s][info][gc,heap     ] GC(26) Allocated:         -               416M (5%)          448M (5%)          468M (6%)             -                  -          
[51.461s][info][gc,heap     ] GC(26)   Garbage:         -              2081M (25%)         807M (10%)          43M (1%)             -                  -          
[51.461s][info][gc,heap     ] GC(26) Reclaimed:         -                  -              1274M (16%)        2038M (25%)            -                  -          
[51.461s][info][gc          ] GC(26) Garbage Collection (Allocation Rate) 2330M(28%)->760M(9%)
[51.920s][info][gc,start    ] GC(27) Garbage Collection (System.gc())
[51.920s][info][gc,task     ] GC(27) Using 2 workers
[51.920s][info][gc,phases   ] GC(27) Pause Mark Start 0.007ms
[52.057s][info][gc,phases   ] GC(27) Concurrent Mark 136.806ms
[52.057s][info][gc,phases   ] GC(27) Pause Mark End 0.021ms
[52.058s][info][gc,phases   ] GC(27) Concurrent Mark Free 0.001ms
[52.065s][info][gc,phases   ] GC(27) Concurrent Process Non-Strong References 7.768ms
[52.065s][info][gc,phases   ] GC(27) Concurrent Reset Relocation Set 0.040ms
[52.072s][info][gc,phases   ] GC(27) Concurrent Select Relocation Set 6.100ms
[52.072s][info][gc,phases   ] GC(27) Pause Relocate Start 0.009ms
[52.074s][info][gc,phases   ] GC(27) Concurrent Relocate 2.195ms
[52.074s][info][gc,load     ] GC(27) Load: 0.00/0.00/0.00
[52.074s][info][gc,mmu      ] GC(27) MMU: 2ms/96.9%, 5ms/98.7%, 10ms/99.3%, 20ms/99.6%, 50ms/99.8%, 100ms/99.9%
[52.074s][info][gc,marking  ] GC(27) Mark: 2 stripe(s), 2 proactive flush(es), 1 terminate flush(es), 0 completion(s), 0 continuation(s) 
[52.074s][info][gc,marking  ] GC(27) Mark Stack Usage: 32M
[52.074s][info][gc,nmethod  ] GC(27) NMethods: 9307 registered, 1405 unregistered
[52.074s][info][gc,metaspace] GC(27) Metaspace: 70M used, 71M committed, 1088M reserved
[52.074s][info][gc,ref      ] GC(27) Soft: 5934 encountered, 0 discovered, 0 enqueued
[52.074s][info][gc,ref      ] GC(27) Weak: 6540 encountered, 914 discovered, 238 enqueued
[52.074s][info][gc,ref      ] GC(27) Final: 53 encountered, 53 discovered, 0 enqueued
[52.074s][info][gc,ref      ] GC(27) Phantom: 588 encountered, 288 discovered, 0 enqueued
[52.074s][info][gc,reloc    ] GC(27) Small Pages: 641 / 1282M, Empty: 1052M, Relocated: 1M, In-Place: 0
[52.074s][info][gc,reloc    ] GC(27) Medium Pages: 7 / 224M, Empty: 192M, Relocated: 0M, In-Place: 0
[52.074s][info][gc,reloc    ] GC(27) Large Pages: 20 / 120M, Empty: 120M, Relocated: 0M, In-Place: 0
[52.074s][info][gc,reloc    ] GC(27) Forwarding Usage: 1M
[52.074s][info][gc,heap     ] GC(27) Min Capacity: 8192M(100%)
[52.074s][info][gc,heap     ] GC(27) Max Capacity: 8192M(100%)
[52.074s][info][gc,heap     ] GC(27) Soft Max Capacity: 8192M(100%)
[52.074s][info][gc,heap     ] GC(27)                Mark Start          Mark End        Relocate Start      Relocate End           High               Low         
[52.074s][info][gc,heap     ] GC(27)  Capacity:     8192M (100%)       8192M (100%)       8192M (100%)       8192M (100%)       8192M (100%)       8192M (100%)   
[52.074s][info][gc,heap     ] GC(27)      Free:     6566M (80%)        6564M (80%)        7920M (97%)        7980M (97%)        7980M (97%)        6564M (80%)    
[52.074s][info][gc,heap     ] GC(27)      Used:     1626M (20%)        1628M (20%)         272M (3%)          212M (3%)         1628M (20%)         212M (3%)     
[52.074s][info][gc,heap     ] GC(27)      Live:         -               171M (2%)          171M (2%)          171M (2%)             -                  -          
[52.074s][info][gc,heap     ] GC(27) Allocated:         -                 2M (0%)           10M (0%)           10M (0%)             -                  -          
[52.074s][info][gc,heap     ] GC(27)   Garbage:         -              1454M (18%)          90M (1%)           30M (0%)             -                  -          
[52.074s][info][gc,heap     ] GC(27) Reclaimed:         -                  -              1364M (17%)        1424M (17%)            -                  -          
[52.074s][info][gc          ] GC(27) Garbage Collection (System.gc()) 1626M(20%)->212M(3%)
[54.329s][info][gc,start    ] GC(28) Garbage Collection (Allocation Rate)
[54.329s][info][gc,task     ] GC(28) Using 2 workers
[54.329s][info][gc,phases   ] GC(28) Pause Mark Start 0.007ms
[54.925s][info][gc,phases   ] GC(28) Concurrent Mark 595.941ms
[54.926s][info][gc,phases   ] GC(28) Pause Mark End 0.013ms
[54.926s][info][gc,phases   ] GC(28) Concurrent Mark Free 0.001ms
[54.934s][info][gc,phases   ] GC(28) Concurrent Process Non-Strong References 8.736ms
[54.934s][info][gc,phases   ] GC(28) Concurrent Reset Relocation Set 0.003ms
[54.965s][info][gc,phases   ] GC(28) Concurrent Select Relocation Set 30.390ms
[54.965s][info][gc,phases   ] GC(28) Pause Relocate Start 0.011ms
[55.163s][info][gc,phases   ] GC(28) Concurrent Relocate 198.267ms
[55.164s][info][gc,load     ] GC(28) Load: 0.00/0.00/0.00
[55.164s][info][gc,mmu      ] GC(28) MMU: 2ms/96.9%, 5ms/98.7%, 10ms/99.3%, 20ms/99.6%, 50ms/99.8%, 100ms/99.9%
[55.164s][info][gc,marking  ] GC(28) Mark: 2 stripe(s), 2 proactive flush(es), 1 terminate flush(es), 0 completion(s), 0 continuation(s) 
[55.164s][info][gc,marking  ] GC(28) Mark Stack Usage: 32M
[55.164s][info][gc,nmethod  ] GC(28) NMethods: 9428 registered, 1405 unregistered
[55.164s][info][gc,metaspace] GC(28) Metaspace: 70M used, 71M committed, 1088M reserved
[55.164s][info][gc,ref      ] GC(28) Soft: 5942 encountered, 0 discovered, 0 enqueued
[55.164s][info][gc,ref      ] GC(28) Weak: 6630 encountered, 1007 discovered, 20 enqueued
[55.164s][info][gc,ref      ] GC(28) Final: 53 encountered, 4 discovered, 0 enqueued
[55.164s][info][gc,ref      ] GC(28) Phantom: 588 encountered, 286 discovered, 0 enqueued
[55.164s][info][gc,reloc    ] GC(28) Small Pages: 2200 / 4400M, Empty: 2252M, Relocated: 162M, In-Place: 0
[55.164s][info][gc,reloc    ] GC(28) Medium Pages: 5 / 160M, Empty: 128M, Relocated: 0M, In-Place: 0
[55.164s][info][gc,reloc    ] GC(28) Large Pages: 30 / 212M, Empty: 154M, Relocated: 0M, In-Place: 0
[55.164s][info][gc,reloc    ] GC(28) Forwarding Usage: 131M
[55.164s][info][gc,heap     ] GC(28) Min Capacity: 8192M(100%)
[55.164s][info][gc,heap     ] GC(28) Max Capacity: 8192M(100%)
[55.164s][info][gc,heap     ] GC(28) Soft Max Capacity: 8192M(100%)
[55.164s][info][gc,heap     ] GC(28)                Mark Start          Mark End        Relocate Start      Relocate End           High               Low         
[55.164s][info][gc,heap     ] GC(28)  Capacity:     8192M (100%)       8192M (100%)       8192M (100%)       8192M (100%)       8192M (100%)       8192M (100%)   
[55.164s][info][gc,heap     ] GC(28)      Free:     3420M (42%)        3266M (40%)        5708M (70%)        7296M (89%)        7296M (89%)        3208M (39%)    
[55.164s][info][gc,heap     ] GC(28)      Used:     4772M (58%)        4926M (60%)        2484M (30%)         896M (11%)        4984M (61%)         896M (11%)    
[55.164s][info][gc,heap     ] GC(28)      Live:         -               396M (5%)          396M (5%)          396M (5%)             -                  -          
[55.164s][info][gc,heap     ] GC(28) Allocated:         -               154M (2%)          246M (3%)          466M (6%)             -                  -          
[55.164s][info][gc,heap     ] GC(28)   Garbage:         -              4375M (53%)        1841M (22%)          33M (0%)             -                  -          
[55.164s][info][gc,heap     ] GC(28) Reclaimed:         -                  -              2534M (31%)        4342M (53%)            -                  -          
[55.164s][info][gc          ] GC(28) Garbage Collection (Allocation Rate) 4772M(58%)->896M(11%)
[55.224s][info][gc,start    ] GC(29) Garbage Collection (Allocation Rate)
[55.224s][info][gc,task     ] GC(29) Using 2 workers
[55.224s][info][gc,phases   ] GC(29) Pause Mark Start 0.008ms
[55.410s][info][gc,phases   ] GC(29) Concurrent Mark 185.699ms
[55.410s][info][gc,phases   ] GC(29) Pause Mark End 0.020ms
[55.410s][info][gc,phases   ] GC(29) Concurrent Mark Free 0.001ms
[55.419s][info][gc,phases   ] GC(29) Concurrent Process Non-Strong References 8.767ms
[55.419s][info][gc,phases   ] GC(29) Concurrent Reset Relocation Set 0.110ms
[55.431s][info][gc,phases   ] GC(29) Concurrent Select Relocation Set 11.441ms
[55.431s][info][gc,phases   ] GC(29) Pause Relocate Start 0.022ms
[55.453s][info][gc,phases   ] GC(29) Concurrent Relocate 21.744ms
[55.454s][info][gc,load     ] GC(29) Load: 0.00/0.00/0.00
[55.454s][info][gc,mmu      ] GC(29) MMU: 2ms/96.9%, 5ms/98.7%, 10ms/99.3%, 20ms/99.6%, 50ms/99.8%, 100ms/99.9%
[55.454s][info][gc,marking  ] GC(29) Mark: 2 stripe(s), 2 proactive flush(es), 1 terminate flush(es), 0 completion(s), 0 continuation(s) 
[55.454s][info][gc,marking  ] GC(29) Mark Stack Usage: 32M
[55.454s][info][gc,nmethod  ] GC(29) NMethods: 9482 registered, 1405 unregistered
[55.454s][info][gc,metaspace] GC(29) Metaspace: 70M used, 71M committed, 1088M reserved
[55.454s][info][gc,ref      ] GC(29) Soft: 5938 encountered, 0 discovered, 0 enqueued
[55.454s][info][gc,ref      ] GC(29) Weak: 6752 encountered, 1447 discovered, 219 enqueued
[55.454s][info][gc,ref      ] GC(29) Final: 53 encountered, 4 discovered, 0 enqueued
[55.454s][info][gc,ref      ] GC(29) Phantom: 592 encountered, 479 discovered, 0 enqueued
[55.454s][info][gc,reloc    ] GC(29) Small Pages: 406 / 812M, Empty: 472M, Relocated: 15M, In-Place: 0
[55.454s][info][gc,reloc    ] GC(29) Medium Pages: 4 / 128M, Empty: 96M, Relocated: 0M, In-Place: 0
[55.454s][info][gc,reloc    ] GC(29) Large Pages: 17 / 118M, Empty: 94M, Relocated: 0M, In-Place: 0
[55.454s][info][gc,reloc    ] GC(29) Forwarding Usage: 17M
[55.454s][info][gc,heap     ] GC(29) Min Capacity: 8192M(100%)
[55.454s][info][gc,heap     ] GC(29) Max Capacity: 8192M(100%)
[55.454s][info][gc,heap     ] GC(29) Soft Max Capacity: 8192M(100%)
[55.454s][info][gc,heap     ] GC(29)                Mark Start          Mark End        Relocate Start      Relocate End           High               Low         
[55.454s][info][gc,heap     ] GC(29)  Capacity:     8192M (100%)       8192M (100%)       8192M (100%)       8192M (100%)       8192M (100%)       8192M (100%)   
[55.454s][info][gc,heap     ] GC(29)      Free:     7134M (87%)        6856M (84%)        7490M (91%)        7624M (93%)        7628M (93%)        6838M (83%)    
[55.454s][info][gc,heap     ] GC(29)      Used:     1058M (13%)        1336M (16%)         702M (9%)          568M (7%)         1354M (17%)         564M (7%)     
[55.454s][info][gc,heap     ] GC(29)      Live:         -               211M (3%)          211M (3%)          211M (3%)             -                  -          
[55.454s][info][gc,heap     ] GC(29) Allocated:         -               278M (3%)          306M (4%)          324M (4%)             -                  -          
[55.454s][info][gc,heap     ] GC(29)   Garbage:         -               846M (10%)         184M (2%)           32M (0%)             -                  -          
[55.454s][info][gc,heap     ] GC(29) Reclaimed:         -                  -               662M (8%)          814M (10%)            -                  -          
[55.454s][info][gc          ] GC(29) Garbage Collection (Allocation Rate) 1058M(13%)->568M(7%)
[56.690s][info][gc,start    ] GC(30) Garbage Collection (System.gc())
[56.690s][info][gc,task     ] GC(30) Using 2 workers
[56.690s][info][gc,phases   ] GC(30) Pause Mark Start 0.004ms
[56.824s][info][gc,phases   ] GC(30) Concurrent Mark 134.186ms
[56.824s][info][gc,phases   ] GC(30) Pause Mark End 0.029ms
[56.824s][info][gc,phases   ] GC(30) Concurrent Mark Free 0.002ms
[56.833s][info][gc,phases   ] GC(30) Concurrent Process Non-Strong References 8.317ms
[56.833s][info][gc,phases   ] GC(30) Concurrent Reset Relocation Set 0.008ms
[56.836s][info][gc,phases   ] GC(30) Concurrent Select Relocation Set 3.494ms
[56.837s][info][gc,phases   ] GC(30) Pause Relocate Start 0.008ms
[56.840s][info][gc,phases   ] GC(30) Concurrent Relocate 3.421ms
[56.840s][info][gc,load     ] GC(30) Load: 0.00/0.00/0.00
[56.840s][info][gc,mmu      ] GC(30) MMU: 2ms/96.9%, 5ms/98.7%, 10ms/99.3%, 20ms/99.6%, 50ms/99.8%, 100ms/99.9%
[56.840s][info][gc,marking  ] GC(30) Mark: 2 stripe(s), 2 proactive flush(es), 1 terminate flush(es), 0 completion(s), 0 continuation(s) 
[56.840s][info][gc,marking  ] GC(30) Mark Stack Usage: 32M
[56.840s][info][gc,nmethod  ] GC(30) NMethods: 9598 registered, 1405 unregistered
[56.840s][info][gc,metaspace] GC(30) Metaspace: 70M used, 71M committed, 1088M reserved
[56.840s][info][gc,ref      ] GC(30) Soft: 5935 encountered, 0 discovered, 0 enqueued
[56.840s][info][gc,ref      ] GC(30) Weak: 6699 encountered, 1078 discovered, 382 enqueued
[56.840s][info][gc,ref      ] GC(30) Final: 53 encountered, 4 discovered, 0 enqueued
[56.840s][info][gc,ref      ] GC(30) Phantom: 589 encountered, 288 discovered, 0 enqueued
[56.840s][info][gc,reloc    ] GC(30) Small Pages: 1263 / 2526M, Empty: 2278M, Relocated: 3M, In-Place: 0
[56.840s][info][gc,reloc    ] GC(30) Medium Pages: 9 / 288M, Empty: 256M, Relocated: 0M, In-Place: 0
[56.840s][info][gc,reloc    ] GC(30) Large Pages: 36 / 216M, Empty: 216M, Relocated: 0M, In-Place: 0
[56.840s][info][gc,reloc    ] GC(30) Forwarding Usage: 2M
[56.840s][info][gc,heap     ] GC(30) Min Capacity: 8192M(100%)
[56.840s][info][gc,heap     ] GC(30) Max Capacity: 8192M(100%)
[56.840s][info][gc,heap     ] GC(30) Soft Max Capacity: 8192M(100%)
[56.840s][info][gc,heap     ] GC(30)                Mark Start          Mark End        Relocate Start      Relocate End           High               Low         
[56.840s][info][gc,heap     ] GC(30)  Capacity:     8192M (100%)       8192M (100%)       8192M (100%)       8192M (100%)       8192M (100%)       8192M (100%)   
[56.840s][info][gc,heap     ] GC(30)      Free:     5162M (63%)        5160M (63%)        7900M (96%)        7978M (97%)        7978M (97%)        5160M (63%)    
[56.840s][info][gc,heap     ] GC(30)      Used:     3030M (37%)        3032M (37%)         292M (4%)          214M (3%)         3032M (37%)         214M (3%)     
[56.840s][info][gc,heap     ] GC(30)      Live:         -               171M (2%)          171M (2%)          171M (2%)             -                  -          
[56.840s][info][gc,heap     ] GC(30) Allocated:         -                 2M (0%)           12M (0%)           13M (0%)             -                  -          
[56.840s][info][gc,heap     ] GC(30)   Garbage:         -              2858M (35%)         108M (1%)           28M (0%)             -                  -          
[56.840s][info][gc,heap     ] GC(30) Reclaimed:         -                  -              2750M (34%)        2829M (35%)            -                  -          
[56.840s][info][gc          ] GC(30) Garbage Collection (System.gc()) 3030M(37%)->214M(3%)
[59.114s][info][gc,start    ] GC(31) Garbage Collection (Allocation Rate)
[59.114s][info][gc,task     ] GC(31) Using 2 workers
[59.114s][info][gc,phases   ] GC(31) Pause Mark Start 0.006ms
[59.601s][info][gc,phases   ] GC(31) Concurrent Mark 486.754ms
[59.601s][info][gc,phases   ] GC(31) Pause Mark End 0.025ms
[59.602s][info][gc,phases   ] GC(31) Concurrent Mark Free 0.001ms
[59.609s][info][gc,phases   ] GC(31) Concurrent Process Non-Strong References 7.777ms
[59.609s][info][gc,phases   ] GC(31) Concurrent Reset Relocation Set 0.003ms
[59.633s][info][gc,phases   ] GC(31) Concurrent Select Relocation Set 23.254ms
[59.633s][info][gc,phases   ] GC(31) Pause Relocate Start 0.016ms
[59.771s][info][gc,phases   ] GC(31) Concurrent Relocate 138.447ms
[59.771s][info][gc,load     ] GC(31) Load: 0.00/0.00/0.00
[59.771s][info][gc,mmu      ] GC(31) MMU: 2ms/96.9%, 5ms/98.7%, 10ms/99.3%, 20ms/99.6%, 50ms/99.8%, 100ms/99.9%
[59.771s][info][gc,marking  ] GC(31) Mark: 2 stripe(s), 2 proactive flush(es), 1 terminate flush(es), 0 completion(s), 0 continuation(s) 
[59.771s][info][gc,marking  ] GC(31) Mark Stack Usage: 32M
[59.771s][info][gc,nmethod  ] GC(31) NMethods: 9692 registered, 1405 unregistered
[59.771s][info][gc,metaspace] GC(31) Metaspace: 70M used, 71M committed, 1088M reserved
[59.772s][info][gc,ref      ] GC(31) Soft: 5943 encountered, 0 discovered, 0 enqueued
[59.772s][info][gc,ref      ] GC(31) Weak: 6648 encountered, 886 discovered, 108 enqueued
[59.772s][info][gc,ref      ] GC(31) Final: 53 encountered, 4 discovered, 0 enqueued
[59.772s][info][gc,ref      ] GC(31) Phantom: 589 encountered, 288 discovered, 0 enqueued
[59.772s][info][gc,reloc    ] GC(31) Small Pages: 2212 / 4424M, Empty: 2612M, Relocated: 96M, In-Place: 0
[59.772s][info][gc,reloc    ] GC(31) Medium Pages: 5 / 160M, Empty: 96M, Relocated: 11M, In-Place: 0
[59.772s][info][gc,reloc    ] GC(31) Large Pages: 30 / 212M, Empty: 172M, Relocated: 0M, In-Place: 0
[59.772s][info][gc,reloc    ] GC(31) Forwarding Usage: 96M
[59.772s][info][gc,heap     ] GC(31) Min Capacity: 8192M(100%)
[59.772s][info][gc,heap     ] GC(31) Max Capacity: 8192M(100%)
[59.772s][info][gc,heap     ] GC(31) Soft Max Capacity: 8192M(100%)
[59.772s][info][gc,heap     ] GC(31)                Mark Start          Mark End        Relocate Start      Relocate End           High               Low         
[59.772s][info][gc,heap     ] GC(31)  Capacity:     8192M (100%)       8192M (100%)       8192M (100%)       8192M (100%)       8192M (100%)       8192M (100%)   
[59.772s][info][gc,heap     ] GC(31)      Free:     3396M (41%)        3320M (41%)        6188M (76%)        7614M (93%)        7626M (93%)        3320M (41%)    
[59.772s][info][gc,heap     ] GC(31)      Used:     4796M (59%)        4872M (59%)        2004M (24%)         578M (7%)         4872M (59%)         566M (7%)     
[59.772s][info][gc,heap     ] GC(31)      Live:         -               307M (4%)          307M (4%)          307M (4%)             -                  -          
[59.772s][info][gc,heap     ] GC(31) Allocated:         -                76M (1%)           88M (1%)          241M (3%)             -                  -          
[59.772s][info][gc,heap     ] GC(31)   Garbage:         -              4488M (55%)        1608M (20%)          28M (0%)             -                  -          
[59.772s][info][gc,heap     ] GC(31) Reclaimed:         -                  -              2880M (35%)        4459M (54%)            -                  -          
[59.772s][info][gc          ] GC(31) Garbage Collection (Allocation Rate) 4796M(59%)->578M(7%)
[60.315s][info][gc,stats    ] === Garbage Collection Statistics =======================================================================================================================
[60.315s][info][gc,stats    ]                                                              Last 10s              Last 10m              Last 10h                Total
[60.315s][info][gc,stats    ]                                                              Avg / Max             Avg / Max             Avg / Max             Avg / Max
[60.315s][info][gc,stats    ]   Collector: Garbage Collection Cycle                    410.407 / 834.235     402.683 / 983.217     402.683 / 983.217     402.683 / 983.217     ms
[60.315s][info][gc,stats    ]  Contention: Mark Segment Reset Contention                     2 / 13                1 / 23                1 / 23                1 / 23          ops/s
[60.315s][info][gc,stats    ]  Contention: Mark SeqNum Reset Contention                      0 / 1                 0 / 1                 0 / 1                 0 / 1           ops/s
[60.315s][info][gc,stats    ]    Critical: Allocation Stall                                  0 / 0                 0 / 0                 0 / 0                 0 / 0           ops/s
[60.315s][info][gc,stats    ]    Critical: Allocation Stall                              0.000 / 0.000         0.000 / 0.000         0.000 / 0.000         0.000 / 0.000       ms
[60.315s][info][gc,stats    ]    Critical: GC Locker Stall                                   0 / 0                 0 / 0                 0 / 0                 0 / 0           ops/s
[60.315s][info][gc,stats    ]    Critical: GC Locker Stall                               0.000 / 0.000         0.000 / 0.000         0.000 / 0.000         0.000 / 0.000       ms
[60.315s][info][gc,stats    ]    Critical: Relocation Stall                                  0 / 0                 0 / 0                 0 / 0                 0 / 0           ops/s
[60.315s][info][gc,stats    ]    Critical: Relocation Stall                              0.000 / 0.000         0.000 / 0.000         0.000 / 0.000         0.000 / 0.000       ms
[60.315s][info][gc,stats    ]      Memory: Allocation Rate                                1616 / 2480           1294 / 3876           1294 / 3876           1294 / 3876        MB/s
[60.315s][info][gc,stats    ]      Memory: Out Of Memory                                     0 / 0                 0 / 0                 0 / 0                 0 / 0           ops/s
[60.315s][info][gc,stats    ]      Memory: Page Cache Flush                                  0 / 0                 0 / 0                 0 / 0                 0 / 0           MB/s
[60.315s][info][gc,stats    ]      Memory: Page Cache Hit L1                               749 / 1127            566 / 1729            566 / 1729            566 / 1729        ops/s
[60.315s][info][gc,stats    ]      Memory: Page Cache Hit L2                                 0 / 0                 0 / 0                 0 / 0                 0 / 0           ops/s
[60.315s][info][gc,stats    ]      Memory: Page Cache Hit L3                                 0 / 0                39 / 527              39 / 527              39 / 527         ops/s
[60.315s][info][gc,stats    ]      Memory: Page Cache Miss                                   0 / 0                 0 / 1                 0 / 1                 0 / 1           ops/s
[60.315s][info][gc,stats    ]      Memory: Uncommit                                          0 / 0                 0 / 0                 0 / 0                 0 / 0           MB/s
[60.315s][info][gc,stats    ]      Memory: Undo Object Allocation Failed                     0 / 0                 0 / 0                 0 / 0                 0 / 0           ops/s
[60.315s][info][gc,stats    ]      Memory: Undo Object Allocation Succeeded                  1 / 9                 2 / 65                2 / 65                2 / 65          ops/s
[60.315s][info][gc,stats    ]      Memory: Undo Page Allocation                              0 / 0                 0 / 1                 0 / 1                 0 / 1           ops/s
[60.315s][info][gc,stats    ]       Phase: Concurrent Mark                             312.986 / 595.941     311.302 / 972.666     311.302 / 972.666     311.302 / 972.666     ms
[60.315s][info][gc,stats    ]       Phase: Concurrent Mark Continue                      0.000 / 0.000         0.000 / 0.000         0.000 / 0.000         0.000 / 0.000       ms
[60.315s][info][gc,stats    ]       Phase: Concurrent Mark Free                          0.001 / 0.002         0.001 / 0.002         0.001 / 0.002         0.001 / 0.002       ms
[60.315s][info][gc,stats    ]       Phase: Concurrent Process Non-Strong References      8.223 / 8.767         7.702 / 15.785        7.702 / 15.785        7.702 / 15.785      ms
[60.315s][info][gc,stats    ]       Phase: Concurrent Relocate                          73.586 / 198.267      68.628 / 226.884      68.628 / 226.884      68.628 / 226.884     ms
[60.315s][info][gc,stats    ]       Phase: Concurrent Reset Relocation Set               0.040 / 0.110         0.032 / 0.112         0.032 / 0.112         0.032 / 0.112       ms
[60.315s][info][gc,stats    ]       Phase: Concurrent Select Relocation Set             14.432 / 30.390       13.463 / 41.923       13.463 / 41.923       13.463 / 41.923      ms
[60.315s][info][gc,stats    ]       Phase: Pause Mark End                                0.021 / 0.029         0.021 / 0.063         0.021 / 0.063         0.021 / 0.063       ms
[60.315s][info][gc,stats    ]       Phase: Pause Mark Start                              0.006 / 0.008         0.006 / 0.011         0.006 / 0.011         0.006 / 0.011       ms
[60.315s][info][gc,stats    ]       Phase: Pause Relocate Start                          0.013 / 0.022         0.012 / 0.032         0.012 / 0.032         0.012 / 0.032       ms
[60.315s][info][gc,stats    ]    Subphase: Concurrent Classes Purge                      0.313 / 0.377         0.297 / 0.622         0.297 / 0.622         0.297 / 0.622       ms
[60.315s][info][gc,stats    ]    Subphase: Concurrent Classes Unlink                     6.865 / 7.550         5.994 / 12.957        5.994 / 12.957        5.994 / 12.957      ms
[60.315s][info][gc,stats    ]    Subphase: Concurrent Mark                             304.845 / 589.581     302.638 / 969.741     302.638 / 969.741     302.638 / 969.741     ms
[60.315s][info][gc,stats    ]    Subphase: Concurrent Mark Try Flush                     0.189 / 0.354         0.136 / 0.469         0.136 / 0.469         0.136 / 0.469       ms
[60.315s][info][gc,stats    ]    Subphase: Concurrent Mark Try Terminate                 2.317 / 9.036         5.983 / 16.369        5.983 / 16.369        5.983 / 16.369      ms
[60.315s][info][gc,stats    ]    Subphase: Concurrent References Enqueue                 0.005 / 0.007         0.005 / 0.008         0.005 / 0.008         0.005 / 0.008       ms
[60.315s][info][gc,stats    ]    Subphase: Concurrent References Process                 0.179 / 0.260         0.191 / 0.610         0.191 / 0.610         0.191 / 0.610       ms
[60.315s][info][gc,stats    ]    Subphase: Concurrent Roots ClassLoaderDataGraph         0.107 / 0.245         0.109 / 0.370         0.109 / 0.370         0.109 / 0.370       ms
[60.315s][info][gc,stats    ]    Subphase: Concurrent Roots CodeCache                    0.000 / 0.000         0.000 / 0.000         0.000 / 0.000         0.000 / 0.000       ms
[60.315s][info][gc,stats    ]    Subphase: Concurrent Roots JavaThreads                  6.058 / 6.572         5.519 / 8.610         5.519 / 8.610         5.519 / 8.610       ms
[60.315s][info][gc,stats    ]    Subphase: Concurrent Roots OopStorageSet                0.038 / 0.062         0.043 / 0.128         0.043 / 0.128         0.043 / 0.128       ms
[60.315s][info][gc,stats    ]    Subphase: Concurrent Weak Roots OopStorageSet           0.613 / 0.844         0.552 / 0.938         0.552 / 0.938         0.552 / 0.938       ms
[60.315s][info][gc,stats    ]    Subphase: Pause Mark Try Complete                       0.000 / 0.000         0.004 / 0.005         0.004 / 0.005         0.004 / 0.005       ms
[60.315s][info][gc,stats    ]      System: Java Threads                                    267 / 267             181 / 267             181 / 267             181 / 267         threads
[60.315s][info][gc,stats    ] =========================================================================================================================================================
[61.398s][info][gc,start    ] GC(32) Garbage Collection (System.gc())
[61.398s][info][gc,task     ] GC(32) Using 2 workers
[61.398s][info][gc,phases   ] GC(32) Pause Mark Start 0.007ms
[61.530s][info][gc,phases   ] GC(32) Concurrent Mark 131.495ms
[61.530s][info][gc,phases   ] GC(32) Pause Mark End 0.025ms
[61.530s][info][gc,phases   ] GC(32) Concurrent Mark Free 0.002ms
[61.538s][info][gc,phases   ] GC(32) Concurrent Process Non-Strong References 7.991ms
[61.538s][info][gc,phases   ] GC(32) Concurrent Reset Relocation Set 0.099ms
[61.547s][info][gc,phases   ] GC(32) Concurrent Select Relocation Set 9.229ms
[61.547s][info][gc,phases   ] GC(32) Pause Relocate Start 0.008ms
[61.549s][info][gc,phases   ] GC(32) Concurrent Relocate 1.486ms
[61.549s][info][gc,load     ] GC(32) Load: 0.00/0.00/0.00
[61.549s][info][gc,mmu      ] GC(32) MMU: 2ms/96.9%, 5ms/98.7%, 10ms/99.3%, 20ms/99.6%, 50ms/99.8%, 100ms/99.9%
[61.549s][info][gc,marking  ] GC(32) Mark: 2 stripe(s), 2 proactive flush(es), 1 terminate flush(es), 0 completion(s), 0 continuation(s) 
[61.549s][info][gc,marking  ] GC(32) Mark Stack Usage: 32M
[61.549s][info][gc,nmethod  ] GC(32) NMethods: 9784 registered, 1405 unregistered
[61.549s][info][gc,metaspace] GC(32) Metaspace: 70M used, 71M committed, 1088M reserved
[61.549s][info][gc,ref      ] GC(32) Soft: 5935 encountered, 0 discovered, 0 enqueued
[61.549s][info][gc,ref      ] GC(32) Weak: 6921 encountered, 1100 discovered, 594 enqueued
[61.549s][info][gc,ref      ] GC(32) Final: 53 encountered, 4 discovered, 0 enqueued
[61.549s][info][gc,ref      ] GC(32) Phantom: 589 encountered, 339 discovered, 0 enqueued
[61.549s][info][gc,reloc    ] GC(32) Small Pages: 1515 / 3030M, Empty: 2764M, Relocated: 1M, In-Place: 0
[61.549s][info][gc,reloc    ] GC(32) Medium Pages: 11 / 352M, Empty: 320M, Relocated: 0M, In-Place: 0
[61.549s][info][gc,reloc    ] GC(32) Large Pages: 45 / 286M, Empty: 286M, Relocated: 0M, In-Place: 0
[61.549s][info][gc,reloc    ] GC(32) Forwarding Usage: 1M
[61.549s][info][gc,heap     ] GC(32) Min Capacity: 8192M(100%)
[61.549s][info][gc,heap     ] GC(32) Max Capacity: 8192M(100%)
[61.549s][info][gc,heap     ] GC(32) Soft Max Capacity: 8192M(100%)
[61.549s][info][gc,heap     ] GC(32)                Mark Start          Mark End        Relocate Start      Relocate End           High               Low         
[61.549s][info][gc,heap     ] GC(32)  Capacity:     8192M (100%)       8192M (100%)       8192M (100%)       8192M (100%)       8192M (100%)       8192M (100%)   
[61.549s][info][gc,heap     ] GC(32)      Free:     4524M (55%)        4522M (55%)        7874M (96%)        7970M (97%)        7970M (97%)        4522M (55%)    
[61.549s][info][gc,heap     ] GC(32)      Used:     3668M (45%)        3670M (45%)         318M (4%)          222M (3%)         3670M (45%)         222M (3%)     
[61.549s][info][gc,heap     ] GC(32)      Live:         -               171M (2%)          171M (2%)          171M (2%)             -                  -          
[61.549s][info][gc,heap     ] GC(32) Allocated:         -                 2M (0%)           20M (0%)           19M (0%)             -                  -          
[61.549s][info][gc,heap     ] GC(32)   Garbage:         -              3496M (43%)         126M (2%)           30M (0%)             -                  -          
[61.549s][info][gc,heap     ] GC(32) Reclaimed:         -                  -              3370M (41%)        3465M (42%)            -                  -          
[61.549s][info][gc          ] GC(32) Garbage Collection (System.gc()) 3668M(45%)->222M(3%)
[63.726s][info][gc,start    ] GC(33) Garbage Collection (Allocation Rate)
[63.726s][info][gc,task     ] GC(33) Using 2 workers
[63.726s][info][gc,phases   ] GC(33) Pause Mark Start 0.006ms
[64.385s][info][gc,phases   ] GC(33) Concurrent Mark 659.343ms
[64.385s][info][gc,phases   ] GC(33) Pause Mark End 0.020ms
[64.385s][info][gc,phases   ] GC(33) Concurrent Mark Free 0.001ms
[64.394s][info][gc,phases   ] GC(33) Concurrent Process Non-Strong References 8.270ms
[64.394s][info][gc,phases   ] GC(33) Concurrent Reset Relocation Set 0.003ms
[64.423s][info][gc,phases   ] GC(33) Concurrent Select Relocation Set 29.191ms
[64.423s][info][gc,phases   ] GC(33) Pause Relocate Start 0.011ms
[64.618s][info][gc,phases   ] GC(33) Concurrent Relocate 194.276ms
[64.618s][info][gc,load     ] GC(33) Load: 0.00/0.00/0.00
[64.618s][info][gc,mmu      ] GC(33) MMU: 2ms/96.9%, 5ms/98.7%, 10ms/99.3%, 20ms/99.6%, 50ms/99.8%, 100ms/99.9%
[64.618s][info][gc,marking  ] GC(33) Mark: 2 stripe(s), 4 proactive flush(es), 1 terminate flush(es), 0 completion(s), 0 continuation(s) 
[64.618s][info][gc,marking  ] GC(33) Mark Stack Usage: 32M
[64.618s][info][gc,nmethod  ] GC(33) NMethods: 9838 registered, 1405 unregistered
[64.618s][info][gc,metaspace] GC(33) Metaspace: 71M used, 71M committed, 1088M reserved
[64.618s][info][gc,ref      ] GC(33) Soft: 5943 encountered, 0 discovered, 0 enqueued
[64.618s][info][gc,ref      ] GC(33) Weak: 6662 encountered, 926 discovered, 108 enqueued
[64.618s][info][gc,ref      ] GC(33) Final: 53 encountered, 0 discovered, 0 enqueued
[64.618s][info][gc,ref      ] GC(33) Phantom: 589 encountered, 323 discovered, 0 enqueued
[64.618s][info][gc,reloc    ] GC(33) Small Pages: 2119 / 4238M, Empty: 2136M, Relocated: 181M, In-Place: 0
[64.618s][info][gc,reloc    ] GC(33) Medium Pages: 5 / 160M, Empty: 128M, Relocated: 0M, In-Place: 0
[64.618s][info][gc,reloc    ] GC(33) Large Pages: 30 / 212M, Empty: 148M, Relocated: 0M, In-Place: 0
[64.618s][info][gc,reloc    ] GC(33) Forwarding Usage: 135M
[64.618s][info][gc,heap     ] GC(33) Min Capacity: 8192M(100%)
[64.618s][info][gc,heap     ] GC(33) Max Capacity: 8192M(100%)
[64.618s][info][gc,heap     ] GC(33) Soft Max Capacity: 8192M(100%)
[64.618s][info][gc,heap     ] GC(33)                Mark Start          Mark End        Relocate Start      Relocate End           High               Low         
[64.618s][info][gc,heap     ] GC(33)  Capacity:     8192M (100%)       8192M (100%)       8192M (100%)       8192M (100%)       8192M (100%)       8192M (100%)   
[64.618s][info][gc,heap     ] GC(33)      Free:     3582M (44%)        3320M (41%)        5716M (70%)        7254M (89%)        7258M (89%)        3316M (40%)    
[64.618s][info][gc,heap     ] GC(33)      Used:     4610M (56%)        4872M (59%)        2476M (30%)         938M (11%)        4876M (60%)         934M (11%)    
[64.618s][info][gc,heap     ] GC(33)      Live:         -               421M (5%)          421M (5%)          421M (5%)             -                  -          
[64.618s][info][gc,heap     ] GC(33) Allocated:         -               262M (3%)          278M (3%)          483M (6%)             -                  -          
[64.618s][info][gc,heap     ] GC(33)   Garbage:         -              4188M (51%)        1776M (22%)          33M (0%)             -                  -          
[64.618s][info][gc,heap     ] GC(33) Reclaimed:         -                  -              2412M (29%)        4155M (51%)            -                  -          
[64.618s][info][gc          ] GC(33) Garbage Collection (Allocation Rate) 4610M(56%)->938M(11%)
[64.626s][info][gc,start    ] GC(34) Garbage Collection (Allocation Rate)
[64.626s][info][gc,task     ] GC(34) Using 2 workers
[64.627s][info][gc,phases   ] GC(34) Pause Mark Start 0.009ms
[64.837s][info][gc,phases   ] GC(34) Concurrent Mark 209.990ms
[64.837s][info][gc,phases   ] GC(34) Pause Mark End 0.020ms
[64.837s][info][gc,phases   ] GC(34) Concurrent Mark Free 0.001ms
[64.845s][info][gc,phases   ] GC(34) Concurrent Process Non-Strong References 7.984ms
[64.845s][info][gc,phases   ] GC(34) Concurrent Reset Relocation Set 0.094ms
[64.855s][info][gc,phases   ] GC(34) Concurrent Select Relocation Set 10.040ms
[64.856s][info][gc,phases   ] GC(34) Pause Relocate Start 0.019ms
[64.884s][info][gc,phases   ] GC(34) Concurrent Relocate 28.736ms
[64.885s][info][gc,load     ] GC(34) Load: 0.00/0.00/0.00
[64.885s][info][gc,mmu      ] GC(34) MMU: 2ms/96.9%, 5ms/98.7%, 10ms/99.3%, 20ms/99.6%, 50ms/99.8%, 100ms/99.9%
[64.885s][info][gc,marking  ] GC(34) Mark: 2 stripe(s), 2 proactive flush(es), 1 terminate flush(es), 0 completion(s), 0 continuation(s) 
[64.885s][info][gc,marking  ] GC(34) Mark Stack Usage: 32M
[64.885s][info][gc,nmethod  ] GC(34) NMethods: 9857 registered, 1405 unregistered
[64.885s][info][gc,metaspace] GC(34) Metaspace: 71M used, 71M committed, 1088M reserved
[64.885s][info][gc,ref      ] GC(34) Soft: 5939 encountered, 0 discovered, 0 enqueued
[64.885s][info][gc,ref      ] GC(34) Weak: 6687 encountered, 902 discovered, 4 enqueued
[64.885s][info][gc,ref      ] GC(34) Final: 53 encountered, 4 discovered, 0 enqueued
[64.885s][info][gc,ref      ] GC(34) Phantom: 593 encountered, 288 discovered, 0 enqueued
[64.885s][info][gc,reloc    ] GC(34) Small Pages: 378 / 756M, Empty: 408M, Relocated: 21M, In-Place: 0
[64.885s][info][gc,reloc    ] GC(34) Medium Pages: 3 / 96M, Empty: 64M, Relocated: 0M, In-Place: 0
[64.885s][info][gc,reloc    ] GC(34) Large Pages: 13 / 94M, Empty: 70M, Relocated: 0M, In-Place: 0
[64.885s][info][gc,reloc    ] GC(34) Forwarding Usage: 22M
[64.885s][info][gc,heap     ] GC(34) Min Capacity: 8192M(100%)
[64.885s][info][gc,heap     ] GC(34) Max Capacity: 8192M(100%)
[64.885s][info][gc,heap     ] GC(34) Soft Max Capacity: 8192M(100%)
[64.885s][info][gc,heap     ] GC(34)                Mark Start          Mark End        Relocate Start      Relocate End           High               Low         
[64.885s][info][gc,heap     ] GC(34)  Capacity:     8192M (100%)       8192M (100%)       8192M (100%)       8192M (100%)       8192M (100%)       8192M (100%)   
[64.885s][info][gc,heap     ] GC(34)      Free:     7246M (88%)        6910M (84%)        7440M (91%)        7574M (92%)        7576M (92%)        6904M (84%)    
[64.885s][info][gc,heap     ] GC(34)      Used:      946M (12%)        1282M (16%)         752M (9%)          618M (8%)         1288M (16%)         616M (8%)     
[64.885s][info][gc,heap     ] GC(34)      Live:         -               216M (3%)          216M (3%)          216M (3%)             -                  -          
[64.885s][info][gc,heap     ] GC(34) Allocated:         -               336M (4%)          348M (4%)          371M (5%)             -                  -          
[64.885s][info][gc,heap     ] GC(34)   Garbage:         -               729M (9%)          187M (2%)           29M (0%)             -                  -          
[64.885s][info][gc,heap     ] GC(34) Reclaimed:         -                  -               542M (7%)          699M (9%)             -                  -          
[64.885s][info][gc          ] GC(34) Garbage Collection (Allocation Rate) 946M(12%)->618M(8%)
[66.307s][info][gc,start    ] GC(35) Garbage Collection (System.gc())
[66.307s][info][gc,task     ] GC(35) Using 2 workers
[66.307s][info][gc,phases   ] GC(35) Pause Mark Start 0.007ms
[66.466s][info][gc,phases   ] GC(35) Concurrent Mark 159.098ms
[66.467s][info][gc,phases   ] GC(35) Pause Mark End 0.027ms
[66.467s][info][gc,phases   ] GC(35) Concurrent Mark Free 0.002ms
[66.476s][info][gc,phases   ] GC(35) Concurrent Process Non-Strong References 9.056ms
[66.476s][info][gc,phases   ] GC(35) Concurrent Reset Relocation Set 0.010ms
[66.479s][info][gc,phases   ] GC(35) Concurrent Select Relocation Set 3.526ms
[66.480s][info][gc,phases   ] GC(35) Pause Relocate Start 0.015ms
[66.481s][info][gc,phases   ] GC(35) Concurrent Relocate 0.830ms
[66.481s][info][gc,load     ] GC(35) Load: 0.00/0.00/0.00
[66.481s][info][gc,mmu      ] GC(35) MMU: 2ms/96.9%, 5ms/98.7%, 10ms/99.3%, 20ms/99.6%, 50ms/99.8%, 100ms/99.9%
[66.481s][info][gc,marking  ] GC(35) Mark: 2 stripe(s), 2 proactive flush(es), 1 terminate flush(es), 0 completion(s), 0 continuation(s) 
[66.481s][info][gc,marking  ] GC(35) Mark Stack Usage: 32M
[66.481s][info][gc,nmethod  ] GC(35) NMethods: 9989 registered, 1405 unregistered
[66.481s][info][gc,metaspace] GC(35) Metaspace: 71M used, 72M committed, 1088M reserved
[66.481s][info][gc,ref      ] GC(35) Soft: 5935 encountered, 0 discovered, 0 enqueued
[66.481s][info][gc,ref      ] GC(35) Weak: 6933 encountered, 1286 discovered, 600 enqueued
[66.481s][info][gc,ref      ] GC(35) Final: 53 encountered, 4 discovered, 0 enqueued
[66.481s][info][gc,ref      ] GC(35) Phantom: 588 encountered, 287 discovered, 0 enqueued
[66.481s][info][gc,reloc    ] GC(35) Small Pages: 1384 / 2768M, Empty: 2506M, Relocated: 1M, In-Place: 0
[66.481s][info][gc,reloc    ] GC(35) Medium Pages: 9 / 288M, Empty: 256M, Relocated: 0M, In-Place: 0
[66.481s][info][gc,reloc    ] GC(35) Large Pages: 41 / 246M, Empty: 246M, Relocated: 0M, In-Place: 0
[66.481s][info][gc,reloc    ] GC(35) Forwarding Usage: 0M
[66.481s][info][gc,heap     ] GC(35) Min Capacity: 8192M(100%)
[66.481s][info][gc,heap     ] GC(35) Max Capacity: 8192M(100%)
[66.481s][info][gc,heap     ] GC(35) Soft Max Capacity: 8192M(100%)
[66.481s][info][gc,heap     ] GC(35)                Mark Start          Mark End        Relocate Start      Relocate End           High               Low         
[66.481s][info][gc,heap     ] GC(35)  Capacity:     8192M (100%)       8192M (100%)       8192M (100%)       8192M (100%)       8192M (100%)       8192M (100%)   
[66.481s][info][gc,heap     ] GC(35)      Free:     4890M (60%)        4888M (60%)        7888M (96%)        7976M (97%)        7976M (97%)        4888M (60%)    
[66.481s][info][gc,heap     ] GC(35)      Used:     3302M (40%)        3304M (40%)         304M (4%)          216M (3%)         3304M (40%)         216M (3%)     
[66.481s][info][gc,heap     ] GC(35)      Live:         -               171M (2%)          171M (2%)          171M (2%)             -                  -          
[66.481s][info][gc,heap     ] GC(35) Allocated:         -                 2M (0%)           10M (0%)           11M (0%)             -                  -          
[66.481s][info][gc,heap     ] GC(35)   Garbage:         -              3130M (38%)         122M (1%)           32M (0%)             -                  -          
[66.481s][info][gc,heap     ] GC(35) Reclaimed:         -                  -              3008M (37%)        3097M (38%)            -                  -          
[66.481s][info][gc          ] GC(35) Garbage Collection (System.gc()) 3302M(40%)->216M(3%)
[68.729s][info][gc,start    ] GC(36) Garbage Collection (Allocation Rate)
[68.729s][info][gc,task     ] GC(36) Using 2 workers
[68.729s][info][gc,phases   ] GC(36) Pause Mark Start 0.008ms
[69.358s][info][gc,phases   ] GC(36) Concurrent Mark 628.507ms
[69.358s][info][gc,phases   ] GC(36) Pause Mark End 0.020ms
[69.358s][info][gc,phases   ] GC(36) Concurrent Mark Free 0.001ms
[69.367s][info][gc,phases   ] GC(36) Concurrent Process Non-Strong References 8.296ms
[69.367s][info][gc,phases   ] GC(36) Concurrent Reset Relocation Set 0.005ms
[69.400s][info][gc,phases   ] GC(36) Concurrent Select Relocation Set 32.907ms
[69.400s][info][gc,phases   ] GC(36) Pause Relocate Start 0.016ms
[69.616s][info][gc,phases   ] GC(36) Concurrent Relocate 215.892ms
[69.616s][info][gc,load     ] GC(36) Load: 0.00/0.00/0.00
[69.616s][info][gc,mmu      ] GC(36) MMU: 2ms/96.9%, 5ms/98.7%, 10ms/99.3%, 20ms/99.6%, 50ms/99.8%, 100ms/99.9%
[69.616s][info][gc,marking  ] GC(36) Mark: 2 stripe(s), 2 proactive flush(es), 1 terminate flush(es), 0 completion(s), 0 continuation(s) 
[69.616s][info][gc,marking  ] GC(36) Mark Stack Usage: 32M
[69.616s][info][gc,nmethod  ] GC(36) NMethods: 10132 registered, 0 unregistered
[69.616s][info][gc,metaspace] GC(36) Metaspace: 71M used, 72M committed, 1088M reserved
[69.616s][info][gc,ref      ] GC(36) Soft: 5943 encountered, 0 discovered, 0 enqueued
[69.616s][info][gc,ref      ] GC(36) Weak: 6672 encountered, 959 discovered, 91 enqueued
[69.616s][info][gc,ref      ] GC(36) Final: 53 encountered, 28 discovered, 0 enqueued
[69.616s][info][gc,ref      ] GC(36) Phantom: 588 encountered, 356 discovered, 0 enqueued
[69.616s][info][gc,reloc    ] GC(36) Small Pages: 2176 / 4352M, Empty: 2128M, Relocated: 183M, In-Place: 0
[69.616s][info][gc,reloc    ] GC(36) Medium Pages: 5 / 160M, Empty: 128M, Relocated: 0M, In-Place: 0
[69.616s][info][gc,reloc    ] GC(36) Large Pages: 30 / 212M, Empty: 148M, Relocated: 0M, In-Place: 0
[69.616s][info][gc,reloc    ] GC(36) Forwarding Usage: 141M
[69.616s][info][gc,heap     ] GC(36) Min Capacity: 8192M(100%)
[69.616s][info][gc,heap     ] GC(36) Max Capacity: 8192M(100%)
[69.616s][info][gc,heap     ] GC(36) Soft Max Capacity: 8192M(100%)
[69.616s][info][gc,heap     ] GC(36)                Mark Start          Mark End        Relocate Start      Relocate End           High               Low         
[69.616s][info][gc,heap     ] GC(36)  Capacity:     8192M (100%)       8192M (100%)       8192M (100%)       8192M (100%)       8192M (100%)       8192M (100%)   
[69.616s][info][gc,heap     ] GC(36)      Free:     3468M (42%)        3294M (40%)        5598M (68%)        7216M (88%)        7216M (88%)        3286M (40%)    
[69.616s][info][gc,heap     ] GC(36)      Used:     4724M (58%)        4898M (60%)        2594M (32%)         976M (12%)        4906M (60%)         976M (12%)    
[69.616s][info][gc,heap     ] GC(36)      Live:         -               425M (5%)          425M (5%)          425M (5%)             -                  -          
[69.616s][info][gc,heap     ] GC(36) Allocated:         -               174M (2%)          274M (3%)          515M (6%)             -                  -          
[69.616s][info][gc,heap     ] GC(36)   Garbage:         -              4298M (52%)        1894M (23%)          34M (0%)             -                  -          
[69.616s][info][gc,heap     ] GC(36) Reclaimed:         -                  -              2404M (29%)        4263M (52%)            -                  -          
[69.616s][info][gc          ] GC(36) Garbage Collection (Allocation Rate) 4724M(58%)->976M(12%)
[69.627s][info][gc,start    ] GC(37) Garbage Collection (Allocation Rate)
[69.627s][info][gc,task     ] GC(37) Using 2 workers
[69.627s][info][gc,phases   ] GC(37) Pause Mark Start 0.010ms
[69.783s][info][gc,phases   ] GC(37) Concurrent Mark 155.527ms
[69.783s][info][gc,phases   ] GC(37) Pause Mark End 0.017ms
[69.783s][info][gc,phases   ] GC(37) Concurrent Mark Free 0.001ms
[69.793s][info][gc,phases   ] GC(37) Concurrent Process Non-Strong References 9.528ms
[69.793s][info][gc,phases   ] GC(37) Concurrent Reset Relocation Set 0.098ms
[69.804s][info][gc,phases   ] GC(37) Concurrent Select Relocation Set 11.144ms
[69.804s][info][gc,phases   ] GC(37) Pause Relocate Start 0.019ms
[69.811s][info][gc,phases   ] GC(37) Concurrent Relocate 6.660ms
[69.811s][info][gc,load     ] GC(37) Load: 0.00/0.00/0.00
[69.811s][info][gc,mmu      ] GC(37) MMU: 2ms/96.9%, 5ms/98.7%, 10ms/99.3%, 20ms/99.6%, 50ms/99.8%, 100ms/99.9%
[69.811s][info][gc,marking  ] GC(37) Mark: 2 stripe(s), 2 proactive flush(es), 1 terminate flush(es), 0 completion(s), 0 continuation(s) 
[69.811s][info][gc,marking  ] GC(37) Mark Stack Usage: 32M
[69.811s][info][gc,nmethod  ] GC(37) NMethods: 10143 registered, 0 unregistered
[69.811s][info][gc,metaspace] GC(37) Metaspace: 71M used, 72M committed, 1088M reserved
[69.811s][info][gc,ref      ] GC(37) Soft: 5939 encountered, 0 discovered, 0 enqueued
[69.811s][info][gc,ref      ] GC(37) Weak: 6797 encountered, 1026 discovered, 296 enqueued
[69.811s][info][gc,ref      ] GC(37) Final: 53 encountered, 4 discovered, 0 enqueued
[69.811s][info][gc,ref      ] GC(37) Phantom: 591 encountered, 289 discovered, 0 enqueued
[69.811s][info][gc,reloc    ] GC(37) Small Pages: 412 / 824M, Empty: 548M, Relocated: 4M, In-Place: 0
[69.811s][info][gc,reloc    ] GC(37) Medium Pages: 3 / 96M, Empty: 32M, Relocated: 11M, In-Place: 0
[69.811s][info][gc,reloc    ] GC(37) Large Pages: 14 / 100M, Empty: 100M, Relocated: 0M, In-Place: 0
[69.811s][info][gc,reloc    ] GC(37) Forwarding Usage: 2M
[69.811s][info][gc,heap     ] GC(37) Min Capacity: 8192M(100%)
[69.811s][info][gc,heap     ] GC(37) Max Capacity: 8192M(100%)
[69.811s][info][gc,heap     ] GC(37) Soft Max Capacity: 8192M(100%)
[69.811s][info][gc,heap     ] GC(37)                Mark Start          Mark End        Relocate Start      Relocate End           High               Low         
[69.811s][info][gc,heap     ] GC(37)  Capacity:     8192M (100%)       8192M (100%)       8192M (100%)       8192M (100%)       8192M (100%)       8192M (100%)   
[69.811s][info][gc,heap     ] GC(37)      Free:     7172M (88%)        6942M (85%)        7564M (92%)        7688M (94%)        7690M (94%)        6918M (84%)    
[69.811s][info][gc,heap     ] GC(37)      Used:     1020M (12%)        1250M (15%)         628M (8%)          504M (6%)         1274M (16%)         502M (6%)     
[69.811s][info][gc,heap     ] GC(37)      Live:         -               175M (2%)          175M (2%)          175M (2%)             -                  -          
[69.811s][info][gc,heap     ] GC(37) Allocated:         -               230M (3%)          288M (4%)          299M (4%)             -                  -          
[69.811s][info][gc,heap     ] GC(37)   Garbage:         -               844M (10%)         164M (2%)           28M (0%)             -                  -          
[69.811s][info][gc,heap     ] GC(37) Reclaimed:         -                  -               680M (8%)          815M (10%)            -                  -          
[69.811s][info][gc          ] GC(37) Garbage Collection (Allocation Rate) 1020M(12%)->504M(6%)
[70.325s][info][gc,stats    ] === Garbage Collection Statistics =======================================================================================================================
[70.325s][info][gc,stats    ]                                                              Last 10s              Last 10m              Last 10h                Total
[70.325s][info][gc,stats    ]                                                              Avg / Max             Avg / Max             Avg / Max             Avg / Max
[70.325s][info][gc,stats    ]   Collector: Garbage Collection Cycle                    424.337 / 891.924     406.102 / 983.217     406.102 / 983.217     406.102 / 983.217     ms
[70.325s][info][gc,stats    ]  Contention: Mark Segment Reset Contention                     5 / 23                2 / 23                2 / 23                2 / 23          ops/s
[70.325s][info][gc,stats    ]  Contention: Mark SeqNum Reset Contention                      0 / 0                 0 / 1                 0 / 1                 0 / 1           ops/s
[70.325s][info][gc,stats    ]    Critical: Allocation Stall                                  0 / 0                 0 / 0                 0 / 0                 0 / 0           ops/s
[70.325s][info][gc,stats    ]    Critical: Allocation Stall                              0.000 / 0.000         0.000 / 0.000         0.000 / 0.000         0.000 / 0.000       ms
[70.325s][info][gc,stats    ]    Critical: GC Locker Stall                                   0 / 0                 0 / 0                 0 / 0                 0 / 0           ops/s
[70.325s][info][gc,stats    ]    Critical: GC Locker Stall                               0.000 / 0.000         0.000 / 0.000         0.000 / 0.000         0.000 / 0.000       ms
[70.325s][info][gc,stats    ]    Critical: Relocation Stall                                  0 / 0                 0 / 0                 0 / 0                 0 / 0           ops/s
[70.325s][info][gc,stats    ]    Critical: Relocation Stall                              0.000 / 0.000         0.000 / 0.000         0.000 / 0.000         0.000 / 0.000       ms
[70.325s][info][gc,stats    ]      Memory: Allocation Rate                                1652 / 2244           1345 / 3876           1345 / 3876           1345 / 3876        MB/s
[70.325s][info][gc,stats    ]      Memory: Out Of Memory                                     0 / 0                 0 / 0                 0 / 0                 0 / 0           ops/s
[70.325s][info][gc,stats    ]      Memory: Page Cache Flush                                  0 / 0                 0 / 0                 0 / 0                 0 / 0           MB/s
[70.325s][info][gc,stats    ]      Memory: Page Cache Hit L1                               770 / 1075            595 / 1729            595 / 1729            595 / 1729        ops/s
[70.325s][info][gc,stats    ]      Memory: Page Cache Hit L2                                 0 / 0                 0 / 0                 0 / 0                 0 / 0           ops/s
[70.325s][info][gc,stats    ]      Memory: Page Cache Hit L3                                 0 / 0                33 / 527              33 / 527              33 / 527         ops/s
[70.325s][info][gc,stats    ]      Memory: Page Cache Miss                                   0 / 0                 0 / 1                 0 / 1                 0 / 1           ops/s
[70.325s][info][gc,stats    ]      Memory: Uncommit                                          0 / 0                 0 / 0                 0 / 0                 0 / 0           MB/s
[70.325s][info][gc,stats    ]      Memory: Undo Object Allocation Failed                     0 / 0                 0 / 0                 0 / 0                 0 / 0           ops/s
[70.325s][info][gc,stats    ]      Memory: Undo Object Allocation Succeeded                  2 / 20                2 / 65                2 / 65                2 / 65          ops/s
[70.325s][info][gc,stats    ]      Memory: Undo Page Allocation                              0 / 0                 0 / 1                 0 / 1                 0 / 1           ops/s
[70.325s][info][gc,stats    ]       Phase: Concurrent Mark                             323.993 / 659.343     313.306 / 972.666     313.306 / 972.666     313.306 / 972.666     ms
[70.325s][info][gc,stats    ]       Phase: Concurrent Mark Continue                      0.000 / 0.000         0.000 / 0.000         0.000 / 0.000         0.000 / 0.000       ms
[70.325s][info][gc,stats    ]       Phase: Concurrent Mark Free                          0.001 / 0.002         0.001 / 0.002         0.001 / 0.002         0.001 / 0.002       ms
[70.326s][info][gc,stats    ]       Phase: Concurrent Process Non-Strong References      8.521 / 9.528         7.831 / 15.785        7.831 / 15.785        7.831 / 15.785      ms
[70.326s][info][gc,stats    ]       Phase: Concurrent Relocate                          74.647 / 215.892      69.579 / 226.884      69.579 / 226.884      69.579 / 226.884     ms
[70.326s][info][gc,stats    ]       Phase: Concurrent Reset Relocation Set               0.051 / 0.099         0.035 / 0.112         0.035 / 0.112         0.035 / 0.112       ms
[70.326s][info][gc,stats    ]       Phase: Concurrent Select Relocation Set             16.006 / 32.907       13.865 / 41.923       13.865 / 41.923       13.865 / 41.923      ms
[70.326s][info][gc,stats    ]       Phase: Pause Mark End                                0.022 / 0.027         0.021 / 0.063         0.021 / 0.063         0.021 / 0.063       ms
[70.326s][info][gc,stats    ]       Phase: Pause Mark Start                              0.008 / 0.010         0.007 / 0.011         0.007 / 0.011         0.007 / 0.011       ms
[70.326s][info][gc,stats    ]       Phase: Pause Relocate Start                          0.015 / 0.019         0.013 / 0.032         0.013 / 0.032         0.013 / 0.032       ms
[70.326s][info][gc,stats    ]    Subphase: Concurrent Classes Purge                      0.334 / 0.379         0.303 / 0.622         0.303 / 0.622         0.303 / 0.622       ms
[70.326s][info][gc,stats    ]    Subphase: Concurrent Classes Unlink                     7.236 / 8.222         6.190 / 12.957        6.190 / 12.957        6.190 / 12.957      ms
[70.326s][info][gc,stats    ]    Subphase: Concurrent Mark                             314.907 / 652.856     304.575 / 969.741     304.575 / 969.741     304.575 / 969.741     ms
[70.326s][info][gc,stats    ]    Subphase: Concurrent Mark Try Flush                     0.210 / 0.524         0.148 / 0.524         0.148 / 0.524         0.148 / 0.524       ms
[70.326s][info][gc,stats    ]    Subphase: Concurrent Mark Try Terminate                 3.928 / 15.329        5.760 / 16.369        5.760 / 16.369        5.760 / 16.369      ms
[70.326s][info][gc,stats    ]    Subphase: Concurrent References Enqueue                 0.005 / 0.007         0.005 / 0.008         0.005 / 0.008         0.005 / 0.008       ms
[70.326s][info][gc,stats    ]    Subphase: Concurrent References Process                 0.182 / 0.355         0.190 / 0.610         0.190 / 0.610         0.190 / 0.610       ms
[70.326s][info][gc,stats    ]    Subphase: Concurrent Roots ClassLoaderDataGraph         0.124 / 0.263         0.111 / 0.370         0.111 / 0.370         0.111 / 0.370       ms
[70.326s][info][gc,stats    ]    Subphase: Concurrent Roots CodeCache                    0.000 / 0.000         0.000 / 0.000         0.000 / 0.000         0.000 / 0.000       ms
[70.326s][info][gc,stats    ]    Subphase: Concurrent Roots JavaThreads                  5.711 / 6.197         5.550 / 8.610         5.550 / 8.610         5.550 / 8.610       ms
[70.326s][info][gc,stats    ]    Subphase: Concurrent Roots OopStorageSet                0.044 / 0.080         0.043 / 0.128         0.043 / 0.128         0.043 / 0.128       ms
[70.326s][info][gc,stats    ]    Subphase: Concurrent Weak Roots OopStorageSet           0.506 / 0.901         0.544 / 0.938         0.544 / 0.938         0.544 / 0.938       ms
[70.326s][info][gc,stats    ]    Subphase: Pause Mark Try Complete                       0.000 / 0.000         0.004 / 0.005         0.004 / 0.005         0.004 / 0.005       ms
[70.326s][info][gc,stats    ]      System: Java Threads                                    267 / 267             194 / 267             194 / 267             194 / 267         threads
[70.326s][info][gc,stats    ] =========================================================================================================================================================
[71.092s][info][gc,start    ] GC(38) Garbage Collection (System.gc())
[71.092s][info][gc,task     ] GC(38) Using 2 workers
[71.092s][info][gc,phases   ] GC(38) Pause Mark Start 0.008ms
[71.223s][info][gc,phases   ] GC(38) Concurrent Mark 130.859ms
[71.224s][info][gc,phases   ] GC(38) Pause Mark End 0.026ms
[71.224s][info][gc,phases   ] GC(38) Concurrent Mark Free 0.001ms
[71.232s][info][gc,phases   ] GC(38) Concurrent Process Non-Strong References 8.540ms
[71.232s][info][gc,phases   ] GC(38) Concurrent Reset Relocation Set 0.006ms
[71.235s][info][gc,phases   ] GC(38) Concurrent Select Relocation Set 2.426ms
[71.235s][info][gc,phases   ] GC(38) Pause Relocate Start 0.009ms
[71.236s][info][gc,phases   ] GC(38) Concurrent Relocate 1.104ms
[71.236s][info][gc,load     ] GC(38) Load: 0.00/0.00/0.00
[71.236s][info][gc,mmu      ] GC(38) MMU: 2ms/96.9%, 5ms/98.7%, 10ms/99.3%, 20ms/99.6%, 50ms/99.8%, 100ms/99.9%
[71.236s][info][gc,marking  ] GC(38) Mark: 2 stripe(s), 2 proactive flush(es), 1 terminate flush(es), 0 completion(s), 0 continuation(s) 
[71.236s][info][gc,marking  ] GC(38) Mark Stack Usage: 32M
[71.236s][info][gc,nmethod  ] GC(38) NMethods: 10225 registered, 0 unregistered
[71.236s][info][gc,metaspace] GC(38) Metaspace: 71M used, 72M committed, 1088M reserved
[71.236s][info][gc,ref      ] GC(38) Soft: 5935 encountered, 0 discovered, 0 enqueued
[71.236s][info][gc,ref      ] GC(38) Weak: 6730 encountered, 1000 discovered, 378 enqueued
[71.236s][info][gc,ref      ] GC(38) Final: 53 encountered, 4 discovered, 0 enqueued
[71.236s][info][gc,ref      ] GC(38) Phantom: 589 encountered, 379 discovered, 0 enqueued
[71.236s][info][gc,reloc    ] GC(38) Small Pages: 1289 / 2578M, Empty: 2336M, Relocated: 1M, In-Place: 0
[71.236s][info][gc,reloc    ] GC(38) Medium Pages: 9 / 288M, Empty: 256M, Relocated: 0M, In-Place: 0
[71.236s][info][gc,reloc    ] GC(38) Large Pages: 38 / 228M, Empty: 228M, Relocated: 0M, In-Place: 0
[71.236s][info][gc,reloc    ] GC(38) Forwarding Usage: 0M
[71.236s][info][gc,heap     ] GC(38) Min Capacity: 8192M(100%)
[71.236s][info][gc,heap     ] GC(38) Max Capacity: 8192M(100%)
[71.236s][info][gc,heap     ] GC(38) Soft Max Capacity: 8192M(100%)
[71.236s][info][gc,heap     ] GC(38)                Mark Start          Mark End        Relocate Start      Relocate End           High               Low         
[71.236s][info][gc,heap     ] GC(38)  Capacity:     8192M (100%)       8192M (100%)       8192M (100%)       8192M (100%)       8192M (100%)       8192M (100%)   
[71.236s][info][gc,heap     ] GC(38)      Free:     5098M (62%)        5096M (62%)        7906M (97%)        7976M (97%)        7976M (97%)        5096M (62%)    
[71.236s][info][gc,heap     ] GC(38)      Used:     3094M (38%)        3096M (38%)         286M (3%)          216M (3%)         3096M (38%)         216M (3%)     
[71.236s][info][gc,heap     ] GC(38)      Live:         -               172M (2%)          172M (2%)          172M (2%)             -                  -          
[71.236s][info][gc,heap     ] GC(38) Allocated:         -                 2M (0%)           12M (0%)           11M (0%)             -                  -          
[71.236s][info][gc,heap     ] GC(38)   Garbage:         -              2921M (36%)         101M (1%)           31M (0%)             -                  -          
[71.236s][info][gc,heap     ] GC(38) Reclaimed:         -                  -              2820M (34%)        2889M (35%)            -                  -          
[71.236s][info][gc          ] GC(38) Garbage Collection (System.gc()) 3094M(38%)->216M(3%)
[73.517s][info][gc,start    ] GC(39) Garbage Collection (Allocation Rate)
[73.517s][info][gc,task     ] GC(39) Using 2 workers
[73.517s][info][gc,phases   ] GC(39) Pause Mark Start 0.010ms
[74.066s][info][gc,phases   ] GC(39) Concurrent Mark 548.821ms
[74.066s][info][gc,phases   ] GC(39) Pause Mark End 0.020ms
[74.066s][info][gc,phases   ] GC(39) Concurrent Mark Free 0.000ms
[74.074s][info][gc,phases   ] GC(39) Concurrent Process Non-Strong References 8.026ms
[74.074s][info][gc,phases   ] GC(39) Concurrent Reset Relocation Set 0.002ms
[74.106s][info][gc,phases   ] GC(39) Concurrent Select Relocation Set 32.470ms
[74.107s][info][gc,phases   ] GC(39) Pause Relocate Start 0.007ms
[74.273s][info][gc,phases   ] GC(39) Concurrent Relocate 166.685ms
[74.274s][info][gc,load     ] GC(39) Load: 0.00/0.00/0.00
[74.274s][info][gc,mmu      ] GC(39) MMU: 2ms/96.9%, 5ms/98.7%, 10ms/99.3%, 20ms/99.6%, 50ms/99.8%, 100ms/99.9%
[74.274s][info][gc,marking  ] GC(39) Mark: 2 stripe(s), 2 proactive flush(es), 1 terminate flush(es), 0 completion(s), 0 continuation(s) 
[74.274s][info][gc,marking  ] GC(39) Mark Stack Usage: 32M
[74.274s][info][gc,nmethod  ] GC(39) NMethods: 10306 registered, 0 unregistered
[74.274s][info][gc,metaspace] GC(39) Metaspace: 71M used, 72M committed, 1088M reserved
[74.274s][info][gc,ref      ] GC(39) Soft: 5943 encountered, 0 discovered, 0 enqueued
[74.274s][info][gc,ref      ] GC(39) Weak: 6680 encountered, 808 discovered, 91 enqueued
[74.274s][info][gc,ref      ] GC(39) Final: 53 encountered, 0 discovered, 0 enqueued
[74.274s][info][gc,ref      ] GC(39) Phantom: 589 encountered, 490 discovered, 0 enqueued
[74.274s][info][gc,reloc    ] GC(39) Small Pages: 2212 / 4424M, Empty: 2490M, Relocated: 118M, In-Place: 0
[74.274s][info][gc,reloc    ] GC(39) Medium Pages: 5 / 160M, Empty: 128M, Relocated: 0M, In-Place: 0
[74.274s][info][gc,reloc    ] GC(39) Large Pages: 30 / 212M, Empty: 166M, Relocated: 0M, In-Place: 0
[74.274s][info][gc,reloc    ] GC(39) Forwarding Usage: 108M
[74.274s][info][gc,heap     ] GC(39) Min Capacity: 8192M(100%)
[74.274s][info][gc,heap     ] GC(39) Max Capacity: 8192M(100%)
[74.274s][info][gc,heap     ] GC(39) Soft Max Capacity: 8192M(100%)
[74.274s][info][gc,heap     ] GC(39)                Mark Start          Mark End        Relocate Start      Relocate End           High               Low         
[74.274s][info][gc,heap     ] GC(39)  Capacity:     8192M (100%)       8192M (100%)       8192M (100%)       8192M (100%)       8192M (100%)       8192M (100%)   
[74.274s][info][gc,heap     ] GC(39)      Free:     3396M (41%)        3304M (40%)        6070M (74%)        7482M (91%)        7482M (91%)        3304M (40%)    
[74.274s][info][gc,heap     ] GC(39)      Used:     4796M (59%)        4888M (60%)        2122M (26%)         710M (9%)         4888M (60%)         710M (9%)     
[74.274s][info][gc,heap     ] GC(39)      Live:         -               337M (4%)          337M (4%)          337M (4%)             -                  -          
[74.274s][info][gc,heap     ] GC(39) Allocated:         -                92M (1%)          110M (1%)          341M (4%)             -                  -          
[74.274s][info][gc,heap     ] GC(39)   Garbage:         -              4458M (54%)        1674M (20%)          30M (0%)             -                  -          
[74.274s][info][gc,heap     ] GC(39) Reclaimed:         -                  -              2784M (34%)        4427M (54%)            -                  -          
[74.274s][info][gc          ] GC(39) Garbage Collection (Allocation Rate) 4796M(59%)->710M(9%)
[75.128s][info][gc,start    ] GC(40) Garbage Collection (Allocation Rate)
[75.128s][info][gc,task     ] GC(40) Using 2 workers
[75.128s][info][gc,phases   ] GC(40) Pause Mark Start 0.006ms
[75.500s][info][gc,phases   ] GC(40) Concurrent Mark 371.339ms
[75.500s][info][gc,phases   ] GC(40) Pause Mark End 0.019ms
[75.501s][info][gc,phases   ] GC(40) Concurrent Mark Free 0.001ms
[75.511s][info][gc,phases   ] GC(40) Concurrent Process Non-Strong References 10.156ms
[75.511s][info][gc,phases   ] GC(40) Concurrent Reset Relocation Set 0.082ms
[75.525s][info][gc,phases   ] GC(40) Concurrent Select Relocation Set 13.727ms
[75.526s][info][gc,phases   ] GC(40) Pause Relocate Start 0.024ms
[75.644s][info][gc,phases   ] GC(40) Concurrent Relocate 118.025ms
[75.644s][info][gc,load     ] GC(40) Load: 0.00/0.00/0.00
[75.644s][info][gc,mmu      ] GC(40) MMU: 2ms/96.9%, 5ms/98.7%, 10ms/99.3%, 20ms/99.6%, 50ms/99.8%, 100ms/99.9%
[75.644s][info][gc,marking  ] GC(40) Mark: 2 stripe(s), 2 proactive flush(es), 1 terminate flush(es), 0 completion(s), 0 continuation(s) 
[75.644s][info][gc,marking  ] GC(40) Mark Stack Usage: 32M
[75.644s][info][gc,nmethod  ] GC(40) NMethods: 10389 registered, 0 unregistered
[75.644s][info][gc,metaspace] GC(40) Metaspace: 71M used, 72M committed, 1088M reserved
[75.644s][info][gc,ref      ] GC(40) Soft: 5939 encountered, 0 discovered, 0 enqueued
[75.644s][info][gc,ref      ] GC(40) Weak: 6950 encountered, 1009 discovered, 365 enqueued
[75.644s][info][gc,ref      ] GC(40) Final: 53 encountered, 1 discovered, 0 enqueued
[75.644s][info][gc,ref      ] GC(40) Phantom: 589 encountered, 386 discovered, 0 enqueued
[75.644s][info][gc,reloc    ] GC(40) Small Pages: 992 / 1984M, Empty: 1034M, Relocated: 74M, In-Place: 0
[75.644s][info][gc,reloc    ] GC(40) Medium Pages: 5 / 160M, Empty: 96M, Relocated: 14M, In-Place: 0
[75.644s][info][gc,reloc    ] GC(40) Large Pages: 25 / 166M, Empty: 142M, Relocated: 0M, In-Place: 0
[75.644s][info][gc,reloc    ] GC(40) Forwarding Usage: 71M
[75.644s][info][gc,heap     ] GC(40) Min Capacity: 8192M(100%)
[75.644s][info][gc,heap     ] GC(40) Max Capacity: 8192M(100%)
[75.644s][info][gc,heap     ] GC(40) Soft Max Capacity: 8192M(100%)
[75.644s][info][gc,heap     ] GC(40)                Mark Start          Mark End        Relocate Start      Relocate End           High               Low         
[75.644s][info][gc,heap     ] GC(40)  Capacity:     8192M (100%)       8192M (100%)       8192M (100%)       8192M (100%)       8192M (100%)       8192M (100%)   
[75.644s][info][gc,heap     ] GC(40)      Free:     5882M (72%)        5544M (68%)        6780M (83%)        7452M (91%)        7452M (91%)        5526M (67%)    
[75.644s][info][gc,heap     ] GC(40)      Used:     2310M (28%)        2648M (32%)        1412M (17%)         740M (9%)         2666M (33%)         740M (9%)     
[75.644s][info][gc,heap     ] GC(40)      Live:         -               273M (3%)          273M (3%)          273M (3%)             -                  -          
[75.644s][info][gc,heap     ] GC(40) Allocated:         -               338M (4%)          374M (5%)          438M (5%)             -                  -          
[75.644s][info][gc,heap     ] GC(40)   Garbage:         -              2036M (25%)         764M (9%)           28M (0%)             -                  -          
[75.644s][info][gc,heap     ] GC(40) Reclaimed:         -                  -              1272M (16%)        2008M (25%)            -                  -          
[75.644s][info][gc          ] GC(40) Garbage Collection (Allocation Rate) 2310M(28%)->740M(9%)
[75.999s][info][gc,start    ] GC(41) Garbage Collection (System.gc())
[75.999s][info][gc,task     ] GC(41) Using 2 workers
[75.999s][info][gc,phases   ] GC(41) Pause Mark Start 0.005ms
[76.138s][info][gc,phases   ] GC(41) Concurrent Mark 139.567ms
[76.139s][info][gc,phases   ] GC(41) Pause Mark End 0.025ms
[76.139s][info][gc,phases   ] GC(41) Concurrent Mark Free 0.002ms
[76.148s][info][gc,phases   ] GC(41) Concurrent Process Non-Strong References 9.051ms
[76.148s][info][gc,phases   ] GC(41) Concurrent Reset Relocation Set 0.042ms
[76.155s][info][gc,phases   ] GC(41) Concurrent Select Relocation Set 6.588ms
[76.155s][info][gc,phases   ] GC(41) Pause Relocate Start 0.009ms
[76.156s][info][gc,phases   ] GC(41) Concurrent Relocate 0.869ms
[76.156s][info][gc,load     ] GC(41) Load: 0.00/0.00/0.00
[76.156s][info][gc,mmu      ] GC(41) MMU: 2ms/96.9%, 5ms/98.7%, 10ms/99.3%, 20ms/99.6%, 50ms/99.8%, 100ms/99.9%
[76.156s][info][gc,marking  ] GC(41) Mark: 2 stripe(s), 2 proactive flush(es), 1 terminate flush(es), 0 completion(s), 0 continuation(s) 
[76.156s][info][gc,marking  ] GC(41) Mark Stack Usage: 32M
[76.156s][info][gc,nmethod  ] GC(41) NMethods: 10412 registered, 0 unregistered
[76.156s][info][gc,metaspace] GC(41) Metaspace: 71M used, 72M committed, 1088M reserved
[76.156s][info][gc,ref      ] GC(41) Soft: 5935 encountered, 0 discovered, 0 enqueued
[76.156s][info][gc,ref      ] GC(41) Weak: 6599 encountered, 928 discovered, 237 enqueued
[76.156s][info][gc,ref      ] GC(41) Final: 53 encountered, 28 discovered, 0 enqueued
[76.156s][info][gc,ref      ] GC(41) Phantom: 588 encountered, 393 discovered, 0 enqueued
[76.156s][info][gc,reloc    ] GC(41) Small Pages: 668 / 1336M, Empty: 1116M, Relocated: 1M, In-Place: 0
[76.156s][info][gc,reloc    ] GC(41) Medium Pages: 8 / 256M, Empty: 224M, Relocated: 0M, In-Place: 0
[76.156s][info][gc,reloc    ] GC(41) Large Pages: 24 / 144M, Empty: 144M, Relocated: 0M, In-Place: 0
[76.156s][info][gc,reloc    ] GC(41) Forwarding Usage: 0M
[76.156s][info][gc,heap     ] GC(41) Min Capacity: 8192M(100%)
[76.156s][info][gc,heap     ] GC(41) Max Capacity: 8192M(100%)
[76.156s][info][gc,heap     ] GC(41) Soft Max Capacity: 8192M(100%)
[76.156s][info][gc,heap     ] GC(41)                Mark Start          Mark End        Relocate Start      Relocate End           High               Low         
[76.156s][info][gc,heap     ] GC(41)  Capacity:     8192M (100%)       8192M (100%)       8192M (100%)       8192M (100%)       8192M (100%)       8192M (100%)   
[76.156s][info][gc,heap     ] GC(41)      Free:     6456M (79%)        6448M (79%)        7924M (97%)        7972M (97%)        7972M (97%)        6448M (79%)    
[76.156s][info][gc,heap     ] GC(41)      Used:     1736M (21%)        1744M (21%)         268M (3%)          220M (3%)         1744M (21%)         220M (3%)     
[76.156s][info][gc,heap     ] GC(41)      Live:         -               172M (2%)          172M (2%)          172M (2%)             -                  -          
[76.156s][info][gc,heap     ] GC(41) Allocated:         -                 8M (0%)           16M (0%)           16M (0%)             -                  -          
[76.156s][info][gc,heap     ] GC(41)   Garbage:         -              1563M (19%)          79M (1%)           31M (0%)             -                  -          
[76.156s][info][gc,heap     ] GC(41) Reclaimed:         -                  -              1484M (18%)        1532M (19%)            -                  -          
[76.156s][info][gc          ] GC(41) Garbage Collection (System.gc()) 1736M(21%)->220M(3%)
[78.416s][info][gc,start    ] GC(42) Garbage Collection (Allocation Rate)
[78.416s][info][gc,task     ] GC(42) Using 2 workers
[78.417s][info][gc,phases   ] GC(42) Pause Mark Start 0.009ms
[79.054s][info][gc,phases   ] GC(42) Concurrent Mark 637.647ms
[79.054s][info][gc,phases   ] GC(42) Pause Mark End 0.024ms
[79.055s][info][gc,phases   ] GC(42) Concurrent Mark Free 0.001ms
[79.063s][info][gc,phases   ] GC(42) Concurrent Process Non-Strong References 8.900ms
[79.063s][info][gc,phases   ] GC(42) Concurrent Reset Relocation Set 0.002ms
[79.093s][info][gc,phases   ] GC(42) Concurrent Select Relocation Set 29.773ms
[79.093s][info][gc,phases   ] GC(42) Pause Relocate Start 0.017ms
[79.305s][info][gc,phases   ] GC(42) Concurrent Relocate 211.077ms
[79.305s][info][gc,load     ] GC(42) Load: 0.00/0.00/0.00
[79.305s][info][gc,mmu      ] GC(42) MMU: 2ms/96.9%, 5ms/98.7%, 10ms/99.3%, 20ms/99.6%, 50ms/99.8%, 100ms/99.9%
[79.305s][info][gc,marking  ] GC(42) Mark: 2 stripe(s), 4 proactive flush(es), 1 terminate flush(es), 0 completion(s), 0 continuation(s) 
[79.305s][info][gc,marking  ] GC(42) Mark Stack Usage: 32M
[79.305s][info][gc,nmethod  ] GC(42) NMethods: 10576 registered, 0 unregistered
[79.305s][info][gc,metaspace] GC(42) Metaspace: 71M used, 72M committed, 1088M reserved
[79.305s][info][gc,ref      ] GC(42) Soft: 5943 encountered, 0 discovered, 0 enqueued
[79.305s][info][gc,ref      ] GC(42) Weak: 6687 encountered, 727 discovered, 23 enqueued
[79.305s][info][gc,ref      ] GC(42) Final: 53 encountered, 4 discovered, 0 enqueued
[79.305s][info][gc,ref      ] GC(42) Phantom: 588 encountered, 288 discovered, 0 enqueued
[79.305s][info][gc,reloc    ] GC(42) Small Pages: 2211 / 4422M, Empty: 2258M, Relocated: 166M, In-Place: 0
[79.305s][info][gc,reloc    ] GC(42) Medium Pages: 5 / 160M, Empty: 96M, Relocated: 10M, In-Place: 0
[79.305s][info][gc,reloc    ] GC(42) Large Pages: 30 / 212M, Empty: 154M, Relocated: 0M, In-Place: 0
[79.305s][info][gc,reloc    ] GC(42) Forwarding Usage: 133M
[79.305s][info][gc,heap     ] GC(42) Min Capacity: 8192M(100%)
[79.305s][info][gc,heap     ] GC(42) Max Capacity: 8192M(100%)
[79.305s][info][gc,heap     ] GC(42) Soft Max Capacity: 8192M(100%)
[79.305s][info][gc,heap     ] GC(42)                Mark Start          Mark End        Relocate Start      Relocate End           High               Low         
[79.305s][info][gc,heap     ] GC(42)  Capacity:     8192M (100%)       8192M (100%)       8192M (100%)       8192M (100%)       8192M (100%)       8192M (100%)   
[79.305s][info][gc,heap     ] GC(42)      Free:     3398M (41%)        3124M (38%)        5598M (68%)        7174M (88%)        7184M (88%)        3114M (38%)    
[79.305s][info][gc,heap     ] GC(42)      Used:     4794M (59%)        5068M (62%)        2594M (32%)        1018M (12%)        5078M (62%)        1008M (12%)    
[79.305s][info][gc,heap     ] GC(42)      Live:         -               398M (5%)          398M (5%)          398M (5%)             -                  -          
[79.305s][info][gc,heap     ] GC(42) Allocated:         -               274M (3%)          308M (4%)          587M (7%)             -                  -          
[79.305s][info][gc,heap     ] GC(42)   Garbage:         -              4395M (54%)        1887M (23%)          31M (0%)             -                  -          
[79.305s][info][gc,heap     ] GC(42) Reclaimed:         -                  -              2508M (31%)        4363M (53%)            -                  -          
[79.305s][info][gc          ] GC(42) Garbage Collection (Allocation Rate) 4794M(59%)->1018M(12%)
[79.322s][info][gc,start    ] GC(43) Garbage Collection (Allocation Rate)
[79.322s][info][gc,task     ] GC(43) Using 2 workers
[79.322s][info][gc,phases   ] GC(43) Pause Mark Start 0.005ms
[79.546s][info][gc,phases   ] GC(43) Concurrent Mark 223.448ms
[79.546s][info][gc,phases   ] GC(43) Pause Mark End 0.020ms
[79.546s][info][gc,phases   ] GC(43) Concurrent Mark Free 0.001ms
[79.556s][info][gc,phases   ] GC(43) Concurrent Process Non-Strong References 9.295ms
[79.556s][info][gc,phases   ] GC(43) Concurrent Reset Relocation Set 0.092ms
[79.567s][info][gc,phases   ] GC(43) Concurrent Select Relocation Set 10.783ms
[79.567s][info][gc,phases   ] GC(43) Pause Relocate Start 0.012ms
[79.596s][info][gc,phases   ] GC(43) Concurrent Relocate 28.508ms
[79.596s][info][gc,load     ] GC(43) Load: 0.00/0.00/0.00
[79.596s][info][gc,mmu      ] GC(43) MMU: 2ms/96.9%, 5ms/98.7%, 10ms/99.3%, 20ms/99.6%, 50ms/99.8%, 100ms/99.9%
[79.596s][info][gc,marking  ] GC(43) Mark: 2 stripe(s), 2 proactive flush(es), 1 terminate flush(es), 0 completion(s), 0 continuation(s) 
[79.596s][info][gc,marking  ] GC(43) Mark Stack Usage: 32M
[79.596s][info][gc,nmethod  ] GC(43) NMethods: 10633 registered, 0 unregistered
[79.596s][info][gc,metaspace] GC(43) Metaspace: 71M used, 72M committed, 1088M reserved
[79.596s][info][gc,ref      ] GC(43) Soft: 5939 encountered, 0 discovered, 0 enqueued
[79.596s][info][gc,ref      ] GC(43) Weak: 6776 encountered, 1009 discovered, 220 enqueued
[79.596s][info][gc,ref      ] GC(43) Final: 53 encountered, 4 discovered, 0 enqueued
[79.596s][info][gc,ref      ] GC(43) Phantom: 591 encountered, 360 discovered, 0 enqueued
[79.596s][info][gc,reloc    ] GC(43) Small Pages: 410 / 820M, Empty: 456M, Relocated: 22M, In-Place: 0
[79.596s][info][gc,reloc    ] GC(43) Medium Pages: 3 / 96M, Empty: 64M, Relocated: 0M, In-Place: 0
[79.596s][info][gc,reloc    ] GC(43) Large Pages: 17 / 118M, Empty: 94M, Relocated: 0M, In-Place: 0
[79.596s][info][gc,reloc    ] GC(43) Forwarding Usage: 21M
[79.596s][info][gc,heap     ] GC(43) Min Capacity: 8192M(100%)
[79.596s][info][gc,heap     ] GC(43) Max Capacity: 8192M(100%)
[79.596s][info][gc,heap     ] GC(43) Soft Max Capacity: 8192M(100%)
[79.596s][info][gc,heap     ] GC(43)                Mark Start          Mark End        Relocate Start      Relocate End           High               Low         
[79.596s][info][gc,heap     ] GC(43)  Capacity:     8192M (100%)       8192M (100%)       8192M (100%)       8192M (100%)       8192M (100%)       8192M (100%)   
[79.596s][info][gc,heap     ] GC(43)      Free:     7158M (87%)        6792M (83%)        7392M (90%)        7540M (92%)        7540M (92%)        6782M (83%)    
[79.596s][info][gc,heap     ] GC(43)      Used:     1034M (13%)        1400M (17%)         800M (10%)         652M (8%)         1410M (17%)         652M (8%)     
[79.596s][info][gc,heap     ] GC(43)      Live:         -               216M (3%)          216M (3%)          216M (3%)             -                  -          
[79.596s][info][gc,heap     ] GC(43) Allocated:         -               366M (4%)          380M (5%)          405M (5%)             -                  -          
[79.596s][info][gc,heap     ] GC(43)   Garbage:         -               817M (10%)         203M (2%)           29M (0%)             -                  -          
[79.596s][info][gc,heap     ] GC(43) Reclaimed:         -                  -               614M (7%)          787M (10%)            -                  -          
[79.596s][info][gc          ] GC(43) Garbage Collection (Allocation Rate) 1034M(13%)->652M(8%)
[80.327s][info][gc,stats    ] === Garbage Collection Statistics =======================================================================================================================
[80.327s][info][gc,stats    ]                                                              Last 10s              Last 10m              Last 10h                Total
[80.327s][info][gc,stats    ]                                                              Avg / Max             Avg / Max             Avg / Max             Avg / Max
[80.327s][info][gc,stats    ]   Collector: Garbage Collection Cycle                    456.044 / 888.399     412.913 / 983.217     412.913 / 983.217     412.913 / 983.217     ms
[80.327s][info][gc,stats    ]  Contention: Mark Segment Reset Contention                     3 / 23                2 / 23                2 / 23                2 / 23          ops/s
[80.327s][info][gc,stats    ]  Contention: Mark SeqNum Reset Contention                      0 / 0                 0 / 1                 0 / 1                 0 / 1           ops/s
[80.327s][info][gc,stats    ]    Critical: Allocation Stall                                  0 / 0                 0 / 0                 0 / 0                 0 / 0           ops/s
[80.327s][info][gc,stats    ]    Critical: Allocation Stall                              0.000 / 0.000         0.000 / 0.000         0.000 / 0.000         0.000 / 0.000       ms
[80.327s][info][gc,stats    ]    Critical: GC Locker Stall                                   0 / 0                 0 / 0                 0 / 0                 0 / 0           ops/s
[80.327s][info][gc,stats    ]    Critical: GC Locker Stall                               0.000 / 0.000         0.000 / 0.000         0.000 / 0.000         0.000 / 0.000       ms
[80.327s][info][gc,stats    ]    Critical: Relocation Stall                                  0 / 0                 0 / 0                 0 / 0                 0 / 0           ops/s
[80.327s][info][gc,stats    ]    Critical: Relocation Stall                              0.000 / 0.000         0.000 / 0.000         0.000 / 0.000         0.000 / 0.000       ms
[80.327s][info][gc,stats    ]      Memory: Allocation Rate                                1640 / 2140           1382 / 3876           1382 / 3876           1382 / 3876        MB/s
[80.327s][info][gc,stats    ]      Memory: Out Of Memory                                     0 / 0                 0 / 0                 0 / 0                 0 / 0           ops/s
[80.327s][info][gc,stats    ]      Memory: Page Cache Flush                                  0 / 0                 0 / 0                 0 / 0                 0 / 0           MB/s
[80.327s][info][gc,stats    ]      Memory: Page Cache Hit L1                               759 / 998             616 / 1729            616 / 1729            616 / 1729        ops/s
[80.327s][info][gc,stats    ]      Memory: Page Cache Hit L2                                 0 / 0                 0 / 0                 0 / 0                 0 / 0           ops/s
[80.327s][info][gc,stats    ]      Memory: Page Cache Hit L3                                 0 / 0                29 / 527              29 / 527              29 / 527         ops/s
[80.327s][info][gc,stats    ]      Memory: Page Cache Miss                                   0 / 0                 0 / 1                 0 / 1                 0 / 1           ops/s
[80.327s][info][gc,stats    ]      Memory: Uncommit                                          0 / 0                 0 / 0                 0 / 0                 0 / 0           MB/s
[80.327s][info][gc,stats    ]      Memory: Undo Object Allocation Failed                     0 / 0                 0 / 0                 0 / 0                 0 / 0           ops/s
[80.327s][info][gc,stats    ]      Memory: Undo Object Allocation Succeeded                 10 / 65                3 / 65                3 / 65                3 / 65          ops/s
[80.327s][info][gc,stats    ]      Memory: Undo Page Allocation                              0 / 0                 0 / 1                 0 / 1                 0 / 1           ops/s
[80.327s][info][gc,stats    ]       Phase: Concurrent Mark                             341.947 / 637.647     317.211 / 972.666     317.211 / 972.666     317.211 / 972.666     ms
[80.327s][info][gc,stats    ]       Phase: Concurrent Mark Continue                      0.000 / 0.000         0.000 / 0.000         0.000 / 0.000         0.000 / 0.000       ms
[80.327s][info][gc,stats    ]       Phase: Concurrent Mark Free                          0.001 / 0.002         0.001 / 0.002         0.001 / 0.002         0.001 / 0.002       ms
[80.327s][info][gc,stats    ]       Phase: Concurrent Process Non-Strong References      8.995 / 10.156        7.990 / 15.785        7.990 / 15.785        7.990 / 15.785      ms
[80.327s][info][gc,stats    ]       Phase: Concurrent Relocate                          87.711 / 211.077      72.051 / 226.884      72.051 / 226.884      72.051 / 226.884     ms
[80.327s][info][gc,stats    ]       Phase: Concurrent Reset Relocation Set               0.038 / 0.092         0.036 / 0.112         0.036 / 0.112         0.036 / 0.112       ms
[80.327s][info][gc,stats    ]       Phase: Concurrent Select Relocation Set             15.961 / 32.470       14.151 / 41.923       14.151 / 41.923       14.151 / 41.923      ms
[80.327s][info][gc,stats    ]       Phase: Pause Mark End                                0.022 / 0.026         0.021 / 0.063         0.021 / 0.063         0.021 / 0.063       ms
[80.327s][info][gc,stats    ]       Phase: Pause Mark Start                              0.007 / 0.010         0.007 / 0.011         0.007 / 0.011         0.007 / 0.011       ms
[80.327s][info][gc,stats    ]       Phase: Pause Relocate Start                          0.013 / 0.024         0.013 / 0.032         0.013 / 0.032         0.013 / 0.032       ms
[80.327s][info][gc,stats    ]    Subphase: Concurrent Classes Purge                      0.344 / 0.395         0.308 / 0.622         0.308 / 0.622         0.308 / 0.622       ms
[80.327s][info][gc,stats    ]    Subphase: Concurrent Classes Unlink                     7.614 / 8.922         6.384 / 12.957        6.384 / 12.957        6.384 / 12.957      ms
[80.327s][info][gc,stats    ]    Subphase: Concurrent Mark                             333.566 / 632.313     308.529 / 969.741     308.529 / 969.741     308.529 / 969.741     ms
[80.327s][info][gc,stats    ]    Subphase: Concurrent Mark Try Flush                     0.233 / 0.670         0.159 / 0.670         0.159 / 0.670         0.159 / 0.670       ms
[80.327s][info][gc,stats    ]    Subphase: Concurrent Mark Try Terminate                 4.833 / 16.052        5.665 / 16.369        5.665 / 16.369        5.665 / 16.369      ms
[80.327s][info][gc,stats    ]    Subphase: Concurrent References Enqueue                 0.006 / 0.007         0.005 / 0.008         0.005 / 0.008         0.005 / 0.008       ms
[80.327s][info][gc,stats    ]    Subphase: Concurrent References Process                 0.189 / 0.277         0.190 / 0.610         0.190 / 0.610         0.190 / 0.610       ms
[80.327s][info][gc,stats    ]    Subphase: Concurrent Roots ClassLoaderDataGraph         0.110 / 0.238         0.111 / 0.370         0.111 / 0.370         0.111 / 0.370       ms
[80.327s][info][gc,stats    ]    Subphase: Concurrent Roots CodeCache                    0.000 / 0.000         0.000 / 0.000         0.000 / 0.000         0.000 / 0.000       ms
[80.327s][info][gc,stats    ]    Subphase: Concurrent Roots JavaThreads                  4.927 / 5.204         5.465 / 8.610         5.465 / 8.610         5.465 / 8.610       ms
[80.327s][info][gc,stats    ]    Subphase: Concurrent Roots OopStorageSet                0.037 / 0.044         0.042 / 0.128         0.042 / 0.128         0.042 / 0.128       ms
[80.327s][info][gc,stats    ]    Subphase: Concurrent Weak Roots OopStorageSet           0.576 / 0.842         0.549 / 0.938         0.549 / 0.938         0.549 / 0.938       ms
[80.327s][info][gc,stats    ]    Subphase: Pause Mark Try Complete                       0.000 / 0.000         0.004 / 0.005         0.004 / 0.005         0.004 / 0.005       ms
[80.327s][info][gc,stats    ]      System: Java Threads                                    266 / 267             204 / 267             204 / 267             204 / 267         threads
[80.327s][info][gc,stats    ] =========================================================================================================================================================
[80.856s][info][gc,start    ] GC(44) Garbage Collection (System.gc())
[80.856s][info][gc,task     ] GC(44) Using 2 workers
[80.856s][info][gc,phases   ] GC(44) Pause Mark Start 0.009ms
[80.998s][info][gc,phases   ] GC(44) Concurrent Mark 142.324ms
[80.998s][info][gc,phases   ] GC(44) Pause Mark End 0.027ms
[80.999s][info][gc,phases   ] GC(44) Concurrent Mark Free 0.002ms
[81.009s][info][gc,phases   ] GC(44) Concurrent Process Non-Strong References 10.643ms
[81.009s][info][gc,phases   ] GC(44) Concurrent Reset Relocation Set 0.011ms
[81.013s][info][gc,phases   ] GC(44) Concurrent Select Relocation Set 3.842ms
[81.013s][info][gc,phases   ] GC(44) Pause Relocate Start 0.010ms
[81.014s][info][gc,phases   ] GC(44) Concurrent Relocate 0.842ms
[81.014s][info][gc,load     ] GC(44) Load: 0.00/0.00/0.00
[81.014s][info][gc,mmu      ] GC(44) MMU: 2ms/96.9%, 5ms/98.7%, 10ms/99.3%, 20ms/99.6%, 50ms/99.8%, 100ms/99.9%
[81.014s][info][gc,marking  ] GC(44) Mark: 2 stripe(s), 2 proactive flush(es), 1 terminate flush(es), 0 completion(s), 0 continuation(s) 
[81.014s][info][gc,marking  ] GC(44) Mark Stack Usage: 32M
[81.014s][info][gc,nmethod  ] GC(44) NMethods: 10679 registered, 0 unregistered
[81.014s][info][gc,metaspace] GC(44) Metaspace: 71M used, 72M committed, 1088M reserved
[81.014s][info][gc,ref      ] GC(44) Soft: 5935 encountered, 0 discovered, 0 enqueued
[81.014s][info][gc,ref      ] GC(44) Weak: 6749 encountered, 1044 discovered, 381 enqueued
[81.014s][info][gc,ref      ] GC(44) Final: 53 encountered, 53 discovered, 0 enqueued
[81.014s][info][gc,ref      ] GC(44) Phantom: 588 encountered, 375 discovered, 0 enqueued
[81.014s][info][gc,reloc    ] GC(44) Small Pages: 1247 / 2494M, Empty: 2234M, Relocated: 1M, In-Place: 0
[81.014s][info][gc,reloc    ] GC(44) Medium Pages: 9 / 288M, Empty: 256M, Relocated: 0M, In-Place: 0
[81.014s][info][gc,reloc    ] GC(44) Large Pages: 32 / 192M, Empty: 192M, Relocated: 0M, In-Place: 0
[81.014s][info][gc,reloc    ] GC(44) Forwarding Usage: 0M
[81.014s][info][gc,heap     ] GC(44) Min Capacity: 8192M(100%)
[81.014s][info][gc,heap     ] GC(44) Max Capacity: 8192M(100%)
[81.014s][info][gc,heap     ] GC(44) Soft Max Capacity: 8192M(100%)
[81.014s][info][gc,heap     ] GC(44)                Mark Start          Mark End        Relocate Start      Relocate End           High               Low         
[81.014s][info][gc,heap     ] GC(44)  Capacity:     8192M (100%)       8192M (100%)       8192M (100%)       8192M (100%)       8192M (100%)       8192M (100%)   
[81.014s][info][gc,heap     ] GC(44)      Free:     5218M (64%)        5216M (64%)        7888M (96%)        7974M (97%)        7974M (97%)        5216M (64%)    
[81.014s][info][gc,heap     ] GC(44)      Used:     2974M (36%)        2976M (36%)         304M (4%)          218M (3%)         2976M (36%)         218M (3%)     
[81.014s][info][gc,heap     ] GC(44)      Live:         -               172M (2%)          172M (2%)          172M (2%)             -                  -          
[81.014s][info][gc,heap     ] GC(44) Allocated:         -                 2M (0%)           12M (0%)           13M (0%)             -                  -          
[81.014s][info][gc,heap     ] GC(44)   Garbage:         -              2801M (34%)         119M (1%)           31M (0%)             -                  -          
[81.014s][info][gc,heap     ] GC(44) Reclaimed:         -                  -              2682M (33%)        2769M (34%)            -                  -          
[81.014s][info][gc          ] GC(44) Garbage Collection (System.gc()) 2974M(36%)->218M(3%)
[83.222s][info][gc,start    ] GC(45) Garbage Collection (Allocation Rate)
[83.222s][info][gc,task     ] GC(45) Using 2 workers
[83.222s][info][gc,phases   ] GC(45) Pause Mark Start 0.006ms
[83.874s][info][gc,phases   ] GC(45) Concurrent Mark 651.771ms
[83.874s][info][gc,phases   ] GC(45) Pause Mark End 0.025ms
[83.875s][info][gc,phases   ] GC(45) Concurrent Mark Free 0.001ms
[83.885s][info][gc,phases   ] GC(45) Concurrent Process Non-Strong References 10.007ms
[83.885s][info][gc,phases   ] GC(45) Concurrent Reset Relocation Set 0.006ms
[83.917s][info][gc,phases   ] GC(45) Concurrent Select Relocation Set 32.607ms
[83.918s][info][gc,phases   ] GC(45) Pause Relocate Start 0.012ms
[84.128s][info][gc,phases   ] GC(45) Concurrent Relocate 210.042ms
[84.128s][info][gc,load     ] GC(45) Load: 0.00/0.00/0.00
[84.128s][info][gc,mmu      ] GC(45) MMU: 2ms/96.9%, 5ms/98.7%, 10ms/99.3%, 20ms/99.6%, 50ms/99.8%, 100ms/99.9%
[84.128s][info][gc,marking  ] GC(45) Mark: 2 stripe(s), 2 proactive flush(es), 1 terminate flush(es), 0 completion(s), 0 continuation(s) 
[84.128s][info][gc,marking  ] GC(45) Mark Stack Usage: 32M
[84.128s][info][gc,nmethod  ] GC(45) NMethods: 10780 registered, 0 unregistered
[84.128s][info][gc,metaspace] GC(45) Metaspace: 71M used, 72M committed, 1088M reserved
[84.128s][info][gc,ref      ] GC(45) Soft: 5943 encountered, 0 discovered, 0 enqueued
[84.128s][info][gc,ref      ] GC(45) Weak: 6679 encountered, 1103 discovered, 22 enqueued
[84.128s][info][gc,ref      ] GC(45) Final: 53 encountered, 4 discovered, 0 enqueued
[84.128s][info][gc,ref      ] GC(45) Phantom: 588 encountered, 287 discovered, 0 enqueued
[84.128s][info][gc,reloc    ] GC(45) Small Pages: 2151 / 4302M, Empty: 2132M, Relocated: 183M, In-Place: 0
[84.128s][info][gc,reloc    ] GC(45) Medium Pages: 5 / 160M, Empty: 128M, Relocated: 0M, In-Place: 0
[84.128s][info][gc,reloc    ] GC(45) Large Pages: 30 / 212M, Empty: 148M, Relocated: 0M, In-Place: 0
[84.128s][info][gc,reloc    ] GC(45) Forwarding Usage: 139M
[84.128s][info][gc,heap     ] GC(45) Min Capacity: 8192M(100%)
[84.128s][info][gc,heap     ] GC(45) Max Capacity: 8192M(100%)
[84.128s][info][gc,heap     ] GC(45) Soft Max Capacity: 8192M(100%)
[84.128s][info][gc,heap     ] GC(45)                Mark Start          Mark End        Relocate Start      Relocate End           High               Low         
[84.128s][info][gc,heap     ] GC(45)  Capacity:     8192M (100%)       8192M (100%)       8192M (100%)       8192M (100%)       8192M (100%)       8192M (100%)   
[84.128s][info][gc,heap     ] GC(45)      Free:     3518M (43%)        3258M (40%)        5572M (68%)        7112M (87%)        7154M (87%)        3198M (39%)    
[84.128s][info][gc,heap     ] GC(45)      Used:     4674M (57%)        4934M (60%)        2620M (32%)        1080M (13%)        4994M (61%)        1038M (13%)    
[84.128s][info][gc,heap     ] GC(45)      Live:         -               423M (5%)          423M (5%)          423M (5%)             -                  -          
[84.128s][info][gc,heap     ] GC(45) Allocated:         -               260M (3%)          354M (4%)          621M (8%)             -                  -          
[84.128s][info][gc,heap     ] GC(45)   Garbage:         -              4250M (52%)        1842M (22%)          34M (0%)             -                  -          
[84.128s][info][gc,heap     ] GC(45) Reclaimed:         -                  -              2408M (29%)        4215M (51%)            -                  -          
[84.128s][info][gc          ] GC(45) Garbage Collection (Allocation Rate) 4674M(57%)->1080M(13%)
[84.217s][info][gc,start    ] GC(46) Garbage Collection (Allocation Rate)
[84.217s][info][gc,task     ] GC(46) Using 2 workers
[84.217s][info][gc,phases   ] GC(46) Pause Mark Start 0.008ms
[84.443s][info][gc,phases   ] GC(46) Concurrent Mark 225.530ms
[84.443s][info][gc,phases   ] GC(46) Pause Mark End 0.017ms
[84.443s][info][gc,phases   ] GC(46) Concurrent Mark Free 0.001ms
[84.452s][info][gc,phases   ] GC(46) Concurrent Process Non-Strong References 8.977ms
[84.452s][info][gc,phases   ] GC(46) Concurrent Reset Relocation Set 0.102ms
[84.463s][info][gc,phases   ] GC(46) Concurrent Select Relocation Set 11.109ms
[84.463s][info][gc,phases   ] GC(46) Pause Relocate Start 0.010ms
[84.495s][info][gc,phases   ] GC(46) Concurrent Relocate 31.375ms
[84.495s][info][gc,load     ] GC(46) Load: 0.00/0.00/0.00
[84.495s][info][gc,mmu      ] GC(46) MMU: 2ms/96.9%, 5ms/98.7%, 10ms/99.3%, 20ms/99.6%, 50ms/99.8%, 100ms/99.9%
[84.495s][info][gc,marking  ] GC(46) Mark: 2 stripe(s), 2 proactive flush(es), 1 terminate flush(es), 0 completion(s), 0 continuation(s) 
[84.495s][info][gc,marking  ] GC(46) Mark Stack Usage: 32M
[84.495s][info][gc,nmethod  ] GC(46) NMethods: 10801 registered, 0 unregistered
[84.495s][info][gc,metaspace] GC(46) Metaspace: 71M used, 72M committed, 1088M reserved
[84.495s][info][gc,ref      ] GC(46) Soft: 5939 encountered, 0 discovered, 0 enqueued
[84.495s][info][gc,ref      ] GC(46) Weak: 6774 encountered, 891 discovered, 219 enqueued
[84.495s][info][gc,ref      ] GC(46) Final: 53 encountered, 28 discovered, 0 enqueued
[84.495s][info][gc,ref      ] GC(46) Phantom: 589 encountered, 313 discovered, 0 enqueued
[84.495s][info][gc,reloc    ] GC(46) Small Pages: 492 / 984M, Empty: 600M, Relocated: 24M, In-Place: 0
[84.495s][info][gc,reloc    ] GC(46) Medium Pages: 4 / 128M, Empty: 96M, Relocated: 0M, In-Place: 0
[84.495s][info][gc,reloc    ] GC(46) Large Pages: 18 / 124M, Empty: 100M, Relocated: 0M, In-Place: 0
[84.495s][info][gc,reloc    ] GC(46) Forwarding Usage: 24M
[84.495s][info][gc,heap     ] GC(46) Min Capacity: 8192M(100%)
[84.495s][info][gc,heap     ] GC(46) Max Capacity: 8192M(100%)
[84.495s][info][gc,heap     ] GC(46) Soft Max Capacity: 8192M(100%)
[84.495s][info][gc,heap     ] GC(46)                Mark Start          Mark End        Relocate Start      Relocate End           High               Low         
[84.495s][info][gc,heap     ] GC(46)  Capacity:     8192M (100%)       8192M (100%)       8192M (100%)       8192M (100%)       8192M (100%)       8192M (100%)   
[84.495s][info][gc,heap     ] GC(46)      Free:     6956M (85%)        6584M (80%)        7368M (90%)        7530M (92%)        7534M (92%)        6576M (80%)    
[84.495s][info][gc,heap     ] GC(46)      Used:     1236M (15%)        1608M (20%)         824M (10%)         662M (8%)         1616M (20%)         658M (8%)     
[84.495s][info][gc,heap     ] GC(46)      Live:         -               218M (3%)          218M (3%)          218M (3%)             -                  -          
[84.495s][info][gc,heap     ] GC(46) Allocated:         -               372M (5%)          384M (5%)          411M (5%)             -                  -          
[84.495s][info][gc,heap     ] GC(46)   Garbage:         -              1017M (12%)         221M (3%)           31M (0%)             -                  -          
[84.495s][info][gc,heap     ] GC(46) Reclaimed:         -                  -               796M (10%)         985M (12%)            -                  -          
[84.495s][info][gc          ] GC(46) Garbage Collection (Allocation Rate) 1236M(15%)->662M(8%)
[85.723s][info][gc,start    ] GC(47) Garbage Collection (System.gc())
[85.723s][info][gc,task     ] GC(47) Using 2 workers
[85.723s][info][gc,phases   ] GC(47) Pause Mark Start 0.007ms
[85.866s][info][gc,phases   ] GC(47) Concurrent Mark 142.928ms
[85.867s][info][gc,phases   ] GC(47) Pause Mark End 0.034ms
[85.867s][info][gc,phases   ] GC(47) Concurrent Mark Free 0.002ms
[85.877s][info][gc,phases   ] GC(47) Concurrent Process Non-Strong References 10.130ms
[85.877s][info][gc,phases   ] GC(47) Concurrent Reset Relocation Set 0.010ms
[85.881s][info][gc,phases   ] GC(47) Concurrent Select Relocation Set 3.545ms
[85.881s][info][gc,phases   ] GC(47) Pause Relocate Start 0.012ms
[85.882s][info][gc,phases   ] GC(47) Concurrent Relocate 0.848ms
[85.882s][info][gc,load     ] GC(47) Load: 0.00/0.00/0.00
[85.882s][info][gc,mmu      ] GC(47) MMU: 2ms/96.9%, 5ms/98.7%, 10ms/99.3%, 20ms/99.6%, 50ms/99.8%, 100ms/99.9%
[85.882s][info][gc,marking  ] GC(47) Mark: 2 stripe(s), 2 proactive flush(es), 1 terminate flush(es), 0 completion(s), 0 continuation(s) 
[85.882s][info][gc,marking  ] GC(47) Mark Stack Usage: 32M
[85.882s][info][gc,nmethod  ] GC(47) NMethods: 10835 registered, 0 unregistered
[85.882s][info][gc,metaspace] GC(47) Metaspace: 71M used, 72M committed, 1088M reserved
[85.882s][info][gc,ref      ] GC(47) Soft: 5935 encountered, 0 discovered, 0 enqueued
[85.882s][info][gc,ref      ] GC(47) Weak: 6749 encountered, 889 discovered, 379 enqueued
[85.882s][info][gc,ref      ] GC(47) Final: 53 encountered, 4 discovered, 0 enqueued
[85.882s][info][gc,ref      ] GC(47) Phantom: 588 encountered, 314 discovered, 0 enqueued
[85.882s][info][gc,reloc    ] GC(47) Small Pages: 1240 / 2480M, Empty: 2222M, Relocated: 1M, In-Place: 0
[85.882s][info][gc,reloc    ] GC(47) Medium Pages: 9 / 288M, Empty: 256M, Relocated: 0M, In-Place: 0
[85.882s][info][gc,reloc    ] GC(47) Large Pages: 32 / 192M, Empty: 192M, Relocated: 0M, In-Place: 0
[85.882s][info][gc,reloc    ] GC(47) Forwarding Usage: 0M
[85.882s][info][gc,heap     ] GC(47) Min Capacity: 8192M(100%)
[85.882s][info][gc,heap     ] GC(47) Max Capacity: 8192M(100%)
[85.882s][info][gc,heap     ] GC(47) Soft Max Capacity: 8192M(100%)
[85.882s][info][gc,heap     ] GC(47)                Mark Start          Mark End        Relocate Start      Relocate End           High               Low         
[85.882s][info][gc,heap     ] GC(47)  Capacity:     8192M (100%)       8192M (100%)       8192M (100%)       8192M (100%)       8192M (100%)       8192M (100%)   
[85.882s][info][gc,heap     ] GC(47)      Free:     5232M (64%)        5228M (64%)        7888M (96%)        7974M (97%)        7974M (97%)        5228M (64%)    
[85.882s][info][gc,heap     ] GC(47)      Used:     2960M (36%)        2964M (36%)         304M (4%)          218M (3%)         2964M (36%)         218M (3%)     
[85.882s][info][gc,heap     ] GC(47)      Live:         -               172M (2%)          172M (2%)          172M (2%)             -                  -          
[85.882s][info][gc,heap     ] GC(47) Allocated:         -                 4M (0%)           14M (0%)           14M (0%)             -                  -          
[85.882s][info][gc,heap     ] GC(47)   Garbage:         -              2787M (34%)         117M (1%)           31M (0%)             -                  -          
[85.882s][info][gc,heap     ] GC(47) Reclaimed:         -                  -              2670M (33%)        2756M (34%)            -                  -          
[85.882s][info][gc          ] GC(47) Garbage Collection (System.gc()) 2960M(36%)->218M(3%)
[88.121s][info][gc,start    ] GC(48) Garbage Collection (Allocation Rate)
[88.121s][info][gc,task     ] GC(48) Using 2 workers
[88.121s][info][gc,phases   ] GC(48) Pause Mark Start 0.006ms
[88.743s][info][gc,phases   ] GC(48) Concurrent Mark 621.909ms
[88.743s][info][gc,phases   ] GC(48) Pause Mark End 0.022ms
[88.743s][info][gc,phases   ] GC(48) Concurrent Mark Free 0.001ms
[88.753s][info][gc,phases   ] GC(48) Concurrent Process Non-Strong References 9.711ms
[88.753s][info][gc,phases   ] GC(48) Concurrent Reset Relocation Set 0.006ms
[88.784s][info][gc,phases   ] GC(48) Concurrent Select Relocation Set 31.429ms
[88.784s][info][gc,phases   ] GC(48) Pause Relocate Start 0.015ms
[88.990s][info][gc,phases   ] GC(48) Concurrent Relocate 205.886ms
[88.990s][info][gc,load     ] GC(48) Load: 0.00/0.00/0.00
[88.990s][info][gc,mmu      ] GC(48) MMU: 2ms/96.9%, 5ms/98.7%, 10ms/99.3%, 20ms/99.6%, 50ms/99.8%, 100ms/99.9%
[88.990s][info][gc,marking  ] GC(48) Mark: 2 stripe(s), 2 proactive flush(es), 1 terminate flush(es), 0 completion(s), 0 continuation(s) 
[88.990s][info][gc,marking  ] GC(48) Mark Stack Usage: 32M
[88.990s][info][gc,nmethod  ] GC(48) NMethods: 10891 registered, 0 unregistered
[88.990s][info][gc,metaspace] GC(48) Metaspace: 71M used, 72M committed, 1088M reserved
[88.990s][info][gc,ref      ] GC(48) Soft: 5943 encountered, 0 discovered, 0 enqueued
[88.990s][info][gc,ref      ] GC(48) Weak: 6684 encountered, 820 discovered, 25 enqueued
[88.990s][info][gc,ref      ] GC(48) Final: 53 encountered, 0 discovered, 0 enqueued
[88.990s][info][gc,ref      ] GC(48) Phantom: 588 encountered, 339 discovered, 0 enqueued
[88.990s][info][gc,reloc    ] GC(48) Small Pages: 2198 / 4396M, Empty: 2250M, Relocated: 167M, In-Place: 0
[88.990s][info][gc,reloc    ] GC(48) Medium Pages: 5 / 160M, Empty: 128M, Relocated: 0M, In-Place: 0
[88.991s][info][gc,reloc    ] GC(48) Large Pages: 30 / 212M, Empty: 154M, Relocated: 0M, In-Place: 0
[88.991s][info][gc,reloc    ] GC(48) Forwarding Usage: 134M
[88.991s][info][gc,heap     ] GC(48) Min Capacity: 8192M(100%)
[88.991s][info][gc,heap     ] GC(48) Max Capacity: 8192M(100%)
[88.991s][info][gc,heap     ] GC(48) Soft Max Capacity: 8192M(100%)
[88.991s][info][gc,heap     ] GC(48)                Mark Start          Mark End        Relocate Start      Relocate End           High               Low         
[88.991s][info][gc,heap     ] GC(48)  Capacity:     8192M (100%)       8192M (100%)       8192M (100%)       8192M (100%)       8192M (100%)       8192M (100%)   
[88.991s][info][gc,heap     ] GC(48)      Free:     3424M (42%)        3196M (39%)        5680M (69%)        7246M (88%)        7274M (89%)        3180M (39%)    
[88.991s][info][gc,heap     ] GC(48)      Used:     4768M (58%)        4996M (61%)        2512M (31%)         946M (12%)        5012M (61%)         918M (11%)    
[88.991s][info][gc,heap     ] GC(48)      Live:         -               397M (5%)          397M (5%)          397M (5%)             -                  -          
[88.991s][info][gc,heap     ] GC(48) Allocated:         -               228M (3%)          276M (3%)          517M (6%)             -                  -          
[88.991s][info][gc,heap     ] GC(48)   Garbage:         -              4370M (53%)        1838M (22%)          30M (0%)             -                  -          
[88.991s][info][gc,heap     ] GC(48) Reclaimed:         -                  -              2532M (31%)        4339M (53%)            -                  -          
[88.991s][info][gc          ] GC(48) Garbage Collection (Allocation Rate) 4768M(58%)->946M(12%)
[89.026s][info][gc,start    ] GC(49) Garbage Collection (Allocation Rate)
[89.026s][info][gc,task     ] GC(49) Using 2 workers
[89.026s][info][gc,phases   ] GC(49) Pause Mark Start 0.007ms
[89.243s][info][gc,phases   ] GC(49) Concurrent Mark 217.108ms
[89.243s][info][gc,phases   ] GC(49) Pause Mark End 0.018ms
[89.243s][info][gc,phases   ] GC(49) Concurrent Mark Free 0.001ms
[89.253s][info][gc,phases   ] GC(49) Concurrent Process Non-Strong References 10.050ms
[89.254s][info][gc,phases   ] GC(49) Concurrent Reset Relocation Set 0.132ms
[89.264s][info][gc,phases   ] GC(49) Concurrent Select Relocation Set 10.584ms
[89.265s][info][gc,phases   ] GC(49) Pause Relocate Start 0.015ms
[89.284s][info][gc,phases   ] GC(49) Concurrent Relocate 19.472ms
[89.284s][info][gc,load     ] GC(49) Load: 0.00/0.00/0.00
[89.284s][info][gc,mmu      ] GC(49) MMU: 2ms/96.9%, 5ms/98.7%, 10ms/99.3%, 20ms/99.6%, 50ms/99.8%, 100ms/99.9%
[89.284s][info][gc,marking  ] GC(49) Mark: 2 stripe(s), 2 proactive flush(es), 1 terminate flush(es), 0 completion(s), 0 continuation(s) 
[89.284s][info][gc,marking  ] GC(49) Mark Stack Usage: 32M
[89.284s][info][gc,nmethod  ] GC(49) NMethods: 10906 registered, 0 unregistered
[89.284s][info][gc,metaspace] GC(49) Metaspace: 71M used, 72M committed, 1088M reserved
[89.284s][info][gc,ref      ] GC(49) Soft: 5939 encountered, 0 discovered, 0 enqueued
[89.284s][info][gc,ref      ] GC(49) Weak: 6776 encountered, 820 discovered, 220 enqueued
[89.284s][info][gc,ref      ] GC(49) Final: 53 encountered, 4 discovered, 0 enqueued
[89.284s][info][gc,ref      ] GC(49) Phantom: 588 encountered, 339 discovered, 0 enqueued
[89.284s][info][gc,reloc    ] GC(49) Small Pages: 402 / 804M, Empty: 466M, Relocated: 15M, In-Place: 0
[89.284s][info][gc,reloc    ] GC(49) Medium Pages: 4 / 128M, Empty: 32M, Relocated: 16M, In-Place: 0
[89.284s][info][gc,reloc    ] GC(49) Large Pages: 16 / 112M, Empty: 94M, Relocated: 0M, In-Place: 0
[89.284s][info][gc,reloc    ] GC(49) Forwarding Usage: 16M
[89.284s][info][gc,heap     ] GC(49) Min Capacity: 8192M(100%)
[89.284s][info][gc,heap     ] GC(49) Max Capacity: 8192M(100%)
[89.284s][info][gc,heap     ] GC(49) Soft Max Capacity: 8192M(100%)
[89.284s][info][gc,heap     ] GC(49)                Mark Start          Mark End        Relocate Start      Relocate End           High               Low         
[89.284s][info][gc,heap     ] GC(49)  Capacity:     8192M (100%)       8192M (100%)       8192M (100%)       8192M (100%)       8192M (100%)       8192M (100%)   
[89.284s][info][gc,heap     ] GC(49)      Free:     7148M (87%)        6796M (83%)        7350M (90%)        7548M (92%)        7548M (92%)        6768M (83%)    
[89.284s][info][gc,heap     ] GC(49)      Used:     1044M (13%)        1396M (17%)         842M (10%)         644M (8%)         1424M (17%)         644M (8%)     
[89.284s][info][gc,heap     ] GC(49)      Live:         -               210M (3%)          210M (3%)          210M (3%)             -                  -          
[89.284s][info][gc,heap     ] GC(49) Allocated:         -               352M (4%)          390M (5%)          409M (5%)             -                  -          
[89.285s][info][gc,heap     ] GC(49)   Garbage:         -               833M (10%)         241M (3%)           23M (0%)             -                  -          
[89.285s][info][gc,heap     ] GC(49) Reclaimed:         -                  -               592M (7%)          809M (10%)            -                  -          
[89.285s][info][gc          ] GC(49) Garbage Collection (Allocation Rate) 1044M(13%)->644M(8%)
[90.318s][info][gc,stats    ] === Garbage Collection Statistics =======================================================================================================================
[90.318s][info][gc,stats    ]                                                              Last 10s              Last 10m              Last 10h                Total
[90.318s][info][gc,stats    ]                                                              Avg / Max             Avg / Max             Avg / Max             Avg / Max
[90.318s][info][gc,stats    ]   Collector: Garbage Collection Cycle                    438.222 / 905.545     415.950 / 983.217     415.950 / 983.217     415.950 / 983.217     ms
[90.318s][info][gc,stats    ]  Contention: Mark Segment Reset Contention                     2 / 14                2 / 23                2 / 23                2 / 23          ops/s
[90.318s][info][gc,stats    ]  Contention: Mark SeqNum Reset Contention                      0 / 1                 0 / 1                 0 / 1                 0 / 1           ops/s
[90.318s][info][gc,stats    ]    Critical: Allocation Stall                                  0 / 0                 0 / 0                 0 / 0                 0 / 0           ops/s
[90.318s][info][gc,stats    ]    Critical: Allocation Stall                              0.000 / 0.000         0.000 / 0.000         0.000 / 0.000         0.000 / 0.000       ms
[90.318s][info][gc,stats    ]    Critical: GC Locker Stall                                   0 / 0                 0 / 0                 0 / 0                 0 / 0           ops/s
[90.318s][info][gc,stats    ]    Critical: GC Locker Stall                               0.000 / 0.000         0.000 / 0.000         0.000 / 0.000         0.000 / 0.000       ms
[90.318s][info][gc,stats    ]    Critical: Relocation Stall                                  0 / 0                 0 / 0                 0 / 0                 0 / 0           ops/s
[90.318s][info][gc,stats    ]    Critical: Relocation Stall                              0.000 / 0.000         0.000 / 0.000         0.000 / 0.000         0.000 / 0.000       ms
[90.318s][info][gc,stats    ]      Memory: Allocation Rate                                1645 / 2334           1411 / 3876           1411 / 3876           1411 / 3876        MB/s
[90.318s][info][gc,stats    ]      Memory: Out Of Memory                                     0 / 0                 0 / 0                 0 / 0                 0 / 0           ops/s
[90.318s][info][gc,stats    ]      Memory: Page Cache Flush                                  0 / 0                 0 / 0                 0 / 0                 0 / 0           MB/s
[90.318s][info][gc,stats    ]      Memory: Page Cache Hit L1                               758 / 1080            631 / 1729            631 / 1729            631 / 1729        ops/s
[90.318s][info][gc,stats    ]      Memory: Page Cache Hit L2                                 0 / 0                 0 / 0                 0 / 0                 0 / 0           ops/s
[90.318s][info][gc,stats    ]      Memory: Page Cache Hit L3                                 0 / 0                26 / 527              26 / 527              26 / 527         ops/s
[90.318s][info][gc,stats    ]      Memory: Page Cache Miss                                   0 / 0                 0 / 1                 0 / 1                 0 / 1           ops/s
[90.318s][info][gc,stats    ]      Memory: Uncommit                                          0 / 0                 0 / 0                 0 / 0                 0 / 0           MB/s
[90.318s][info][gc,stats    ]      Memory: Undo Object Allocation Failed                     0 / 0                 0 / 0                 0 / 0                 0 / 0           ops/s
[90.318s][info][gc,stats    ]      Memory: Undo Object Allocation Succeeded                  0 / 2                 3 / 65                3 / 65                3 / 65          ops/s
[90.318s][info][gc,stats    ]      Memory: Undo Page Allocation                              0 / 1                 0 / 1                 0 / 1                 0 / 1           ops/s
[90.318s][info][gc,stats    ]       Phase: Concurrent Mark                             333.595 / 651.771     319.177 / 972.666     319.177 / 972.666     319.177 / 972.666     ms
[90.318s][info][gc,stats    ]       Phase: Concurrent Mark Continue                      0.000 / 0.000         0.000 / 0.000         0.000 / 0.000         0.000 / 0.000       ms
[90.318s][info][gc,stats    ]       Phase: Concurrent Mark Free                          0.001 / 0.002         0.001 / 0.002         0.001 / 0.002         0.001 / 0.002       ms
[90.318s][info][gc,stats    ]       Phase: Concurrent Process Non-Strong References      9.919 / 10.643        8.221 / 15.785        8.221 / 15.785        8.221 / 15.785      ms
[90.318s][info][gc,stats    ]       Phase: Concurrent Relocate                          78.077 / 210.042      72.774 / 226.884      72.774 / 226.884      72.774 / 226.884     ms
[90.318s][info][gc,stats    ]       Phase: Concurrent Reset Relocation Set               0.045 / 0.132         0.037 / 0.132         0.037 / 0.132         0.037 / 0.132       ms
[90.318s][info][gc,stats    ]       Phase: Concurrent Select Relocation Set             15.520 / 32.607       14.315 / 41.923       14.315 / 41.923       14.315 / 41.923      ms
[90.318s][info][gc,stats    ]       Phase: Pause Mark End                                0.024 / 0.034         0.022 / 0.063         0.022 / 0.063         0.022 / 0.063       ms
[90.318s][info][gc,stats    ]       Phase: Pause Mark Start                              0.007 / 0.009         0.007 / 0.011         0.007 / 0.011         0.007 / 0.011       ms
[90.318s][info][gc,stats    ]       Phase: Pause Relocate Start                          0.012 / 0.015         0.013 / 0.032         0.013 / 0.032         0.013 / 0.032       ms
[90.318s][info][gc,stats    ]    Subphase: Concurrent Classes Purge                      0.386 / 0.465         0.318 / 0.622         0.318 / 0.622         0.318 / 0.622       ms
[90.319s][info][gc,stats    ]    Subphase: Concurrent Classes Unlink                     8.415 / 8.700         6.628 / 12.957        6.628 / 12.957        6.628 / 12.957      ms
[90.319s][info][gc,stats    ]    Subphase: Concurrent Mark                             324.704 / 646.798     310.470 / 969.741     310.470 / 969.741     310.470 / 969.741     ms
[90.319s][info][gc,stats    ]    Subphase: Concurrent Mark Try Flush                     0.146 / 0.304         0.158 / 0.670         0.158 / 0.670         0.158 / 0.670       ms
[90.319s][info][gc,stats    ]    Subphase: Concurrent Mark Try Terminate                 3.452 / 15.669        5.477 / 16.369        5.477 / 16.369        5.477 / 16.369      ms
[90.319s][info][gc,stats    ]    Subphase: Concurrent References Enqueue                 0.006 / 0.007         0.005 / 0.008         0.005 / 0.008         0.005 / 0.008       ms
[90.319s][info][gc,stats    ]    Subphase: Concurrent References Process                 0.180 / 0.279         0.188 / 0.610         0.188 / 0.610         0.188 / 0.610       ms
[90.319s][info][gc,stats    ]    Subphase: Concurrent Roots ClassLoaderDataGraph         0.103 / 0.178         0.110 / 0.370         0.110 / 0.370         0.110 / 0.370       ms
[90.319s][info][gc,stats    ]    Subphase: Concurrent Roots CodeCache                    0.000 / 0.000         0.000 / 0.000         0.000 / 0.000         0.000 / 0.000       ms
[90.319s][info][gc,stats    ]    Subphase: Concurrent Roots JavaThreads                  4.576 / 5.338         5.358 / 8.610         5.358 / 8.610         5.358 / 8.610       ms
[90.319s][info][gc,stats    ]    Subphase: Concurrent Roots OopStorageSet                0.037 / 0.051         0.041 / 0.128         0.041 / 0.128         0.041 / 0.128       ms
[90.319s][info][gc,stats    ]    Subphase: Concurrent Weak Roots OopStorageSet           0.647 / 1.025         0.561 / 1.025         0.561 / 1.025         0.561 / 1.025       ms
[90.319s][info][gc,stats    ]    Subphase: Pause Mark Try Complete                       0.000 / 0.000         0.004 / 0.005         0.004 / 0.005         0.004 / 0.005       ms
[90.319s][info][gc,stats    ]      System: Java Threads                                    262 / 266             211 / 267             211 / 267             211 / 267         threads
[90.319s][info][gc,stats    ] =========================================================================================================================================================
[90.525s][info][gc,start    ] GC(50) Garbage Collection (System.gc())
[90.525s][info][gc,task     ] GC(50) Using 2 workers
[90.525s][info][gc,phases   ] GC(50) Pause Mark Start 0.007ms
[90.664s][info][gc,phases   ] GC(50) Concurrent Mark 138.158ms
[90.664s][info][gc,phases   ] GC(50) Pause Mark End 0.027ms
[90.664s][info][gc,phases   ] GC(50) Concurrent Mark Free 0.001ms
[90.673s][info][gc,phases   ] GC(50) Concurrent Process Non-Strong References 9.342ms
[90.673s][info][gc,phases   ] GC(50) Concurrent Reset Relocation Set 0.008ms
[90.676s][info][gc,phases   ] GC(50) Concurrent Select Relocation Set 3.213ms
[90.677s][info][gc,phases   ] GC(50) Pause Relocate Start 0.010ms
[90.678s][info][gc,phases   ] GC(50) Concurrent Relocate 1.120ms
[90.678s][info][gc,load     ] GC(50) Load: 0.00/0.00/0.00
[90.678s][info][gc,mmu      ] GC(50) MMU: 2ms/96.9%, 5ms/98.7%, 10ms/99.3%, 20ms/99.6%, 50ms/99.8%, 100ms/99.9%
[90.678s][info][gc,marking  ] GC(50) Mark: 2 stripe(s), 2 proactive flush(es), 1 terminate flush(es), 0 completion(s), 0 continuation(s) 
[90.678s][info][gc,marking  ] GC(50) Mark Stack Usage: 32M
[90.678s][info][gc,nmethod  ] GC(50) NMethods: 10941 registered, 0 unregistered
[90.678s][info][gc,metaspace] GC(50) Metaspace: 71M used, 72M committed, 1088M reserved
[90.678s][info][gc,ref      ] GC(50) Soft: 5935 encountered, 0 discovered, 0 enqueued
[90.678s][info][gc,ref      ] GC(50) Weak: 6755 encountered, 1103 discovered, 381 enqueued
[90.678s][info][gc,ref      ] GC(50) Final: 53 encountered, 4 discovered, 0 enqueued
[90.678s][info][gc,ref      ] GC(50) Phantom: 588 encountered, 337 discovered, 0 enqueued
[90.678s][info][gc,reloc    ] GC(50) Small Pages: 1266 / 2532M, Empty: 2280M, Relocated: 1M, In-Place: 0
[90.678s][info][gc,reloc    ] GC(50) Medium Pages: 9 / 288M, Empty: 256M, Relocated: 0M, In-Place: 0
[90.678s][info][gc,reloc    ] GC(50) Large Pages: 35 / 210M, Empty: 210M, Relocated: 0M, In-Place: 0
[90.678s][info][gc,reloc    ] GC(50) Forwarding Usage: 0M
[90.678s][info][gc,heap     ] GC(50) Min Capacity: 8192M(100%)
[90.678s][info][gc,heap     ] GC(50) Max Capacity: 8192M(100%)
[90.678s][info][gc,heap     ] GC(50) Soft Max Capacity: 8192M(100%)
[90.678s][info][gc,heap     ] GC(50)                Mark Start          Mark End        Relocate Start      Relocate End           High               Low         
[90.678s][info][gc,heap     ] GC(50)  Capacity:     8192M (100%)       8192M (100%)       8192M (100%)       8192M (100%)       8192M (100%)       8192M (100%)   
[90.678s][info][gc,heap     ] GC(50)      Free:     5162M (63%)        5160M (63%)        7896M (96%)        7976M (97%)        7976M (97%)        5160M (63%)    
[90.678s][info][gc,heap     ] GC(50)      Used:     3030M (37%)        3032M (37%)         296M (4%)          216M (3%)         3032M (37%)         216M (3%)     
[90.678s][info][gc,heap     ] GC(50)      Live:         -               172M (2%)          172M (2%)          172M (2%)             -                  -          
[90.678s][info][gc,heap     ] GC(50) Allocated:         -                 2M (0%)           12M (0%)           11M (0%)             -                  -          
[90.678s][info][gc,heap     ] GC(50)   Garbage:         -              2857M (35%)         111M (1%)           31M (0%)             -                  -          
[90.678s][info][gc,heap     ] GC(50) Reclaimed:         -                  -              2746M (34%)        2825M (34%)            -                  -          
[90.678s][info][gc          ] GC(50) Garbage Collection (System.gc()) 3030M(37%)->216M(3%)
[92.923s][info][gc,start    ] GC(51) Garbage Collection (Allocation Rate)
[92.923s][info][gc,task     ] GC(51) Using 2 workers
[92.923s][info][gc,phases   ] GC(51) Pause Mark Start 0.011ms
[93.538s][info][gc,phases   ] GC(51) Concurrent Mark 615.037ms
[93.538s][info][gc,phases   ] GC(51) Pause Mark End 0.023ms
[93.538s][info][gc,phases   ] GC(51) Concurrent Mark Free 0.001ms
[93.547s][info][gc,phases   ] GC(51) Concurrent Process Non-Strong References 9.133ms
[93.547s][info][gc,phases   ] GC(51) Concurrent Reset Relocation Set 0.004ms
[93.579s][info][gc,phases   ] GC(51) Concurrent Select Relocation Set 31.937ms
[93.579s][info][gc,phases   ] GC(51) Pause Relocate Start 0.016ms
[93.786s][info][gc,phases   ] GC(51) Concurrent Relocate 206.000ms
[93.786s][info][gc,load     ] GC(51) Load: 0.00/0.00/0.00
[93.786s][info][gc,mmu      ] GC(51) MMU: 2ms/96.9%, 5ms/98.7%, 10ms/99.3%, 20ms/99.6%, 50ms/99.8%, 100ms/99.9%
[93.786s][info][gc,marking  ] GC(51) Mark: 2 stripe(s), 2 proactive flush(es), 1 terminate flush(es), 0 completion(s), 0 continuation(s) 
[93.786s][info][gc,marking  ] GC(51) Mark Stack Usage: 32M
[93.786s][info][gc,nmethod  ] GC(51) NMethods: 11015 registered, 0 unregistered
[93.786s][info][gc,metaspace] GC(51) Metaspace: 71M used, 72M committed, 1088M reserved
[93.786s][info][gc,ref      ] GC(51) Soft: 5943 encountered, 0 discovered, 0 enqueued
[93.786s][info][gc,ref      ] GC(51) Weak: 6688 encountered, 773 discovered, 22 enqueued
[93.786s][info][gc,ref      ] GC(51) Final: 53 encountered, 29 discovered, 0 enqueued
[93.786s][info][gc,ref      ] GC(51) Phantom: 588 encountered, 288 discovered, 0 enqueued
[93.786s][info][gc,reloc    ] GC(51) Small Pages: 2202 / 4404M, Empty: 2248M, Relocated: 169M, In-Place: 0
[93.786s][info][gc,reloc    ] GC(51) Medium Pages: 5 / 160M, Empty: 96M, Relocated: 10M, In-Place: 0
[93.786s][info][gc,reloc    ] GC(51) Large Pages: 30 / 212M, Empty: 154M, Relocated: 0M, In-Place: 0
[93.786s][info][gc,reloc    ] GC(51) Forwarding Usage: 135M
[93.786s][info][gc,heap     ] GC(51) Min Capacity: 8192M(100%)
[93.786s][info][gc,heap     ] GC(51) Max Capacity: 8192M(100%)
[93.786s][info][gc,heap     ] GC(51) Soft Max Capacity: 8192M(100%)
[93.786s][info][gc,heap     ] GC(51)                Mark Start          Mark End        Relocate Start      Relocate End           High               Low         
[93.786s][info][gc,heap     ] GC(51)  Capacity:     8192M (100%)       8192M (100%)       8192M (100%)       8192M (100%)       8192M (100%)       8192M (100%)   
[93.786s][info][gc,heap     ] GC(51)      Free:     3416M (42%)        3170M (39%)        5618M (69%)        7178M (88%)        7214M (88%)        3166M (39%)    
[93.786s][info][gc,heap     ] GC(51)      Used:     4776M (58%)        5022M (61%)        2574M (31%)        1014M (12%)        5026M (61%)         978M (12%)    
[93.786s][info][gc,heap     ] GC(51)      Live:         -               397M (5%)          397M (5%)          397M (5%)             -                  -          
[93.786s][info][gc,heap     ] GC(51) Allocated:         -               246M (3%)          296M (4%)          585M (7%)             -                  -          
[93.786s][info][gc,heap     ] GC(51)   Garbage:         -              4378M (53%)        1880M (23%)          30M (0%)             -                  -          
[93.786s][info][gc,heap     ] GC(51) Reclaimed:         -                  -              2498M (30%)        4347M (53%)            -                  -          
[93.786s][info][gc          ] GC(51) Garbage Collection (Allocation Rate) 4776M(58%)->1014M(12%)
[93.828s][info][gc,start    ] GC(52) Garbage Collection (Allocation Rate)
[93.828s][info][gc,task     ] GC(52) Using 2 workers
[93.828s][info][gc,phases   ] GC(52) Pause Mark Start 0.006ms
[94.029s][info][gc,phases   ] GC(52) Concurrent Mark 200.371ms
[94.029s][info][gc,phases   ] GC(52) Pause Mark End 0.019ms
[94.029s][info][gc,phases   ] GC(52) Concurrent Mark Free 0.001ms
[94.038s][info][gc,phases   ] GC(52) Concurrent Process Non-Strong References 9.001ms
[94.038s][info][gc,phases   ] GC(52) Concurrent Reset Relocation Set 0.102ms
[94.049s][info][gc,phases   ] GC(52) Concurrent Select Relocation Set 10.443ms
[94.049s][info][gc,phases   ] GC(52) Pause Relocate Start 0.013ms
[94.077s][info][gc,phases   ] GC(52) Concurrent Relocate 27.912ms
[94.077s][info][gc,load     ] GC(52) Load: 0.00/0.00/0.00
[94.077s][info][gc,mmu      ] GC(52) MMU: 2ms/96.9%, 5ms/98.7%, 10ms/99.3%, 20ms/99.6%, 50ms/99.8%, 100ms/99.9%
[94.077s][info][gc,marking  ] GC(52) Mark: 2 stripe(s), 2 proactive flush(es), 1 terminate flush(es), 0 completion(s), 0 continuation(s) 
[94.077s][info][gc,marking  ] GC(52) Mark Stack Usage: 32M
[94.077s][info][gc,nmethod  ] GC(52) NMethods: 11039 registered, 0 unregistered
[94.077s][info][gc,metaspace] GC(52) Metaspace: 71M used, 72M committed, 1088M reserved
[94.077s][info][gc,ref      ] GC(52) Soft: 5939 encountered, 0 discovered, 0 enqueued
[94.077s][info][gc,ref      ] GC(52) Weak: 6750 encountered, 1019 discovered, 219 enqueued
[94.077s][info][gc,ref      ] GC(52) Final: 53 encountered, 0 discovered, 0 enqueued
[94.077s][info][gc,ref      ] GC(52) Phantom: 589 encountered, 501 discovered, 0 enqueued
[94.077s][info][gc,reloc    ] GC(52) Small Pages: 417 / 834M, Empty: 458M, Relocated: 22M, In-Place: 0
[94.077s][info][gc,reloc    ] GC(52) Medium Pages: 4 / 128M, Empty: 96M, Relocated: 0M, In-Place: 0
[94.077s][info][gc,reloc    ] GC(52) Large Pages: 17 / 118M, Empty: 94M, Relocated: 0M, In-Place: 0
[94.077s][info][gc,reloc    ] GC(52) Forwarding Usage: 23M
[94.077s][info][gc,heap     ] GC(52) Min Capacity: 8192M(100%)
[94.077s][info][gc,heap     ] GC(52) Max Capacity: 8192M(100%)
[94.077s][info][gc,heap     ] GC(52) Soft Max Capacity: 8192M(100%)
[94.077s][info][gc,heap     ] GC(52)                Mark Start          Mark End        Relocate Start      Relocate End           High               Low         
[94.077s][info][gc,heap     ] GC(52)  Capacity:     8192M (100%)       8192M (100%)       8192M (100%)       8192M (100%)       8192M (100%)       8192M (100%)   
[94.077s][info][gc,heap     ] GC(52)      Free:     7112M (87%)        6760M (83%)        7392M (90%)        7550M (92%)        7552M (92%)        6750M (82%)    
[94.077s][info][gc,heap     ] GC(52)      Used:     1080M (13%)        1432M (17%)         800M (10%)         642M (8%)         1442M (18%)         640M (8%)     
[94.077s][info][gc,heap     ] GC(52)      Live:         -               216M (3%)          216M (3%)          216M (3%)             -                  -          
[94.077s][info][gc,heap     ] GC(52) Allocated:         -               352M (4%)          368M (4%)          395M (5%)             -                  -          
[94.077s][info][gc,heap     ] GC(52)   Garbage:         -               863M (11%)         215M (3%)           29M (0%)             -                  -          
[94.077s][info][gc,heap     ] GC(52) Reclaimed:         -                  -               648M (8%)          833M (10%)            -                  -          
[94.077s][info][gc          ] GC(52) Garbage Collection (Allocation Rate) 1080M(13%)->642M(8%)
[95.284s][info][gc,start    ] GC(53) Garbage Collection (System.gc())
[95.284s][info][gc,task     ] GC(53) Using 2 workers
[95.284s][info][gc,phases   ] GC(53) Pause Mark Start 0.005ms
[95.428s][info][gc,phases   ] GC(53) Concurrent Mark 143.798ms
[95.428s][info][gc,phases   ] GC(53) Pause Mark End 0.026ms
[95.428s][info][gc,phases   ] GC(53) Concurrent Mark Free 0.002ms
[95.438s][info][gc,phases   ] GC(53) Concurrent Process Non-Strong References 10.053ms
[95.438s][info][gc,phases   ] GC(53) Concurrent Reset Relocation Set 0.010ms
[95.442s][info][gc,phases   ] GC(53) Concurrent Select Relocation Set 3.446ms
[95.442s][info][gc,phases   ] GC(53) Pause Relocate Start 0.011ms
[95.443s][info][gc,phases   ] GC(53) Concurrent Relocate 1.254ms
[95.443s][info][gc,load     ] GC(53) Load: 0.00/0.00/0.00
[95.443s][info][gc,mmu      ] GC(53) MMU: 2ms/96.9%, 5ms/98.7%, 10ms/99.3%, 20ms/99.6%, 50ms/99.8%, 100ms/99.9%
[95.443s][info][gc,marking  ] GC(53) Mark: 2 stripe(s), 2 proactive flush(es), 1 terminate flush(es), 0 completion(s), 0 continuation(s) 
[95.443s][info][gc,marking  ] GC(53) Mark Stack Usage: 32M
[95.443s][info][gc,nmethod  ] GC(53) NMethods: 11145 registered, 0 unregistered
[95.443s][info][gc,metaspace] GC(53) Metaspace: 71M used, 72M committed, 1088M reserved
[95.443s][info][gc,ref      ] GC(53) Soft: 5935 encountered, 0 discovered, 0 enqueued
[95.443s][info][gc,ref      ] GC(53) Weak: 6751 encountered, 1094 discovered, 379 enqueued
[95.443s][info][gc,ref      ] GC(53) Final: 53 encountered, 4 discovered, 0 enqueued
[95.443s][info][gc,ref      ] GC(53) Phantom: 588 encountered, 338 discovered, 0 enqueued
[95.443s][info][gc,reloc    ] GC(53) Small Pages: 1249 / 2498M, Empty: 2242M, Relocated: 1M, In-Place: 0
[95.443s][info][gc,reloc    ] GC(53) Medium Pages: 9 / 288M, Empty: 256M, Relocated: 0M, In-Place: 0
[95.443s][info][gc,reloc    ] GC(53) Large Pages: 32 / 192M, Empty: 192M, Relocated: 0M, In-Place: 0
[95.443s][info][gc,reloc    ] GC(53) Forwarding Usage: 1M
[95.443s][info][gc,heap     ] GC(53) Min Capacity: 8192M(100%)
[95.443s][info][gc,heap     ] GC(53) Max Capacity: 8192M(100%)
[95.443s][info][gc,heap     ] GC(53) Soft Max Capacity: 8192M(100%)
[95.443s][info][gc,heap     ] GC(53)                Mark Start          Mark End        Relocate Start      Relocate End           High               Low         
[95.443s][info][gc,heap     ] GC(53)  Capacity:     8192M (100%)       8192M (100%)       8192M (100%)       8192M (100%)       8192M (100%)       8192M (100%)   
[95.443s][info][gc,heap     ] GC(53)      Free:     5214M (64%)        5212M (64%)        7894M (96%)        7978M (97%)        7978M (97%)        5212M (64%)    
[95.443s][info][gc,heap     ] GC(53)      Used:     2978M (36%)        2980M (36%)         298M (4%)          214M (3%)         2980M (36%)         214M (3%)     
[95.443s][info][gc,heap     ] GC(53)      Live:         -               172M (2%)          172M (2%)          172M (2%)             -                  -          
[95.443s][info][gc,heap     ] GC(53) Allocated:         -                 2M (0%)           10M (0%)            9M (0%)             -                  -          
[95.443s][info][gc,heap     ] GC(53)   Garbage:         -              2805M (34%)         115M (1%)           31M (0%)             -                  -          
[95.443s][info][gc,heap     ] GC(53) Reclaimed:         -                  -              2690M (33%)        2773M (34%)            -                  -          
[95.443s][info][gc          ] GC(53) Garbage Collection (System.gc()) 2978M(36%)->214M(3%)
[97.715s][info][gc,start    ] GC(54) Garbage Collection (Allocation Rate)
[97.715s][info][gc,task     ] GC(54) Using 2 workers
[97.715s][info][gc,phases   ] GC(54) Pause Mark Start 0.009ms
[98.217s][info][gc,phases   ] GC(54) Concurrent Mark 501.976ms
[98.217s][info][gc,phases   ] GC(54) Pause Mark End 0.025ms
[98.218s][info][gc,phases   ] GC(54) Concurrent Mark Free 0.001ms
[98.227s][info][gc,phases   ] GC(54) Concurrent Process Non-Strong References 9.762ms
[98.227s][info][gc,phases   ] GC(54) Concurrent Reset Relocation Set 0.003ms
[98.251s][info][gc,phases   ] GC(54) Concurrent Select Relocation Set 23.145ms
[98.251s][info][gc,phases   ] GC(54) Pause Relocate Start 0.010ms
[98.402s][info][gc,phases   ] GC(54) Concurrent Relocate 151.505ms
[98.402s][info][gc,load     ] GC(54) Load: 0.00/0.00/0.00
[98.402s][info][gc,mmu      ] GC(54) MMU: 2ms/96.9%, 5ms/98.7%, 10ms/99.3%, 20ms/99.6%, 50ms/99.8%, 100ms/99.9%
[98.402s][info][gc,marking  ] GC(54) Mark: 2 stripe(s), 3 proactive flush(es), 1 terminate flush(es), 0 completion(s), 0 continuation(s) 
[98.402s][info][gc,marking  ] GC(54) Mark Stack Usage: 32M
[98.402s][info][gc,nmethod  ] GC(54) NMethods: 11188 registered, 0 unregistered
[98.402s][info][gc,metaspace] GC(54) Metaspace: 72M used, 72M committed, 1088M reserved
[98.402s][info][gc,ref      ] GC(54) Soft: 5943 encountered, 0 discovered, 0 enqueued
[98.402s][info][gc,ref      ] GC(54) Weak: 6694 encountered, 1148 discovered, 110 enqueued
[98.402s][info][gc,ref      ] GC(54) Final: 53 encountered, 4 discovered, 0 enqueued
[98.402s][info][gc,ref      ] GC(54) Phantom: 588 encountered, 322 discovered, 0 enqueued
[98.402s][info][gc,reloc    ] GC(54) Small Pages: 2214 / 4428M, Empty: 2608M, Relocated: 97M, In-Place: 0
[98.402s][info][gc,reloc    ] GC(54) Medium Pages: 5 / 160M, Empty: 96M, Relocated: 11M, In-Place: 0
[98.402s][info][gc,reloc    ] GC(54) Large Pages: 30 / 212M, Empty: 172M, Relocated: 0M, In-Place: 0
[98.402s][info][gc,reloc    ] GC(54) Forwarding Usage: 96M
[98.402s][info][gc,heap     ] GC(54) Min Capacity: 8192M(100%)
[98.402s][info][gc,heap     ] GC(54) Max Capacity: 8192M(100%)
[98.402s][info][gc,heap     ] GC(54) Soft Max Capacity: 8192M(100%)
[98.402s][info][gc,heap     ] GC(54)                Mark Start          Mark End        Relocate Start      Relocate End           High               Low         
[98.402s][info][gc,heap     ] GC(54)  Capacity:     8192M (100%)       8192M (100%)       8192M (100%)       8192M (100%)       8192M (100%)       8192M (100%)   
[98.402s][info][gc,heap     ] GC(54)      Free:     3392M (41%)        3308M (40%)        6168M (75%)        7544M (92%)        7546M (92%)        3302M (40%)    
[98.402s][info][gc,heap     ] GC(54)      Used:     4800M (59%)        4884M (60%)        2024M (25%)         648M (8%)         4890M (60%)         646M (8%)     
[98.402s][info][gc,heap     ] GC(54)      Live:         -               308M (4%)          308M (4%)          308M (4%)             -                  -          
[98.402s][info][gc,heap     ] GC(54) Allocated:         -                84M (1%)          100M (1%)          309M (4%)             -                  -          
[98.402s][info][gc,heap     ] GC(54)   Garbage:         -              4491M (55%)        1615M (20%)          29M (0%)             -                  -          
[98.402s][info][gc,heap     ] GC(54) Reclaimed:         -                  -              2876M (35%)        4461M (54%)            -                  -          
[98.403s][info][gc          ] GC(54) Garbage Collection (Allocation Rate) 4800M(59%)->648M(8%)
[99.514s][info][gc,start    ] GC(55) Garbage Collection (Allocation Rate)
[99.514s][info][gc,task     ] GC(55) Using 2 workers
[99.514s][info][gc,phases   ] GC(55) Pause Mark Start 0.007ms
[99.852s][info][gc,phases   ] GC(55) Concurrent Mark 338.281ms
[99.853s][info][gc,phases   ] GC(55) Pause Mark End 0.022ms
[99.853s][info][gc,phases   ] GC(55) Concurrent Mark Free 0.001ms
[99.862s][info][gc,phases   ] GC(55) Concurrent Process Non-Strong References 9.584ms
[99.863s][info][gc,phases   ] GC(55) Concurrent Reset Relocation Set 0.115ms
[99.874s][info][gc,phases   ] GC(55) Concurrent Select Relocation Set 11.225ms
[99.874s][info][gc,phases   ] GC(55) Pause Relocate Start 0.010ms
[99.961s][info][gc,phases   ] GC(55) Concurrent Relocate 87.076ms
[99.961s][info][gc,load     ] GC(55) Load: 0.00/0.00/0.00
[99.961s][info][gc,mmu      ] GC(55) MMU: 2ms/96.9%, 5ms/98.7%, 10ms/99.3%, 20ms/99.6%, 50ms/99.8%, 100ms/99.9%
[99.961s][info][gc,marking  ] GC(55) Mark: 2 stripe(s), 2 proactive flush(es), 1 terminate flush(es), 0 completion(s), 0 continuation(s) 
[99.961s][info][gc,marking  ] GC(55) Mark Stack Usage: 32M
[99.961s][info][gc,nmethod  ] GC(55) NMethods: 11249 registered, 0 unregistered
[99.961s][info][gc,metaspace] GC(55) Metaspace: 72M used, 73M committed, 1088M reserved
[99.961s][info][gc,ref      ] GC(55) Soft: 5938 encountered, 0 discovered, 0 enqueued
[99.961s][info][gc,ref      ] GC(55) Weak: 6964 encountered, 1210 discovered, 361 enqueued
[99.961s][info][gc,ref      ] GC(55) Final: 53 encountered, 0 discovered, 0 enqueued
[99.961s][info][gc,ref      ] GC(55) Phantom: 588 encountered, 359 discovered, 0 enqueued
[99.961s][info][gc,reloc    ] GC(55) Small Pages: 1036 / 2072M, Empty: 1206M, Relocated: 43M, In-Place: 0
[99.961s][info][gc,reloc    ] GC(55) Medium Pages: 8 / 256M, Empty: 128M, Relocated: 55M, In-Place: 0
[99.961s][info][gc,reloc    ] GC(55) Large Pages: 23 / 154M, Empty: 154M, Relocated: 0M, In-Place: 0
[99.962s][info][gc,reloc    ] GC(55) Forwarding Usage: 38M
[99.962s][info][gc,heap     ] GC(55) Min Capacity: 8192M(100%)
[99.962s][info][gc,heap     ] GC(55) Max Capacity: 8192M(100%)
[99.962s][info][gc,heap     ] GC(55) Soft Max Capacity: 8192M(100%)
[99.962s][info][gc,heap     ] GC(55)                Mark Start          Mark End        Relocate Start      Relocate End           High               Low         
[99.962s][info][gc,heap     ] GC(55)  Capacity:     8192M (100%)       8192M (100%)       8192M (100%)       8192M (100%)       8192M (100%)       8192M (100%)   
[99.962s][info][gc,heap     ] GC(55)      Free:     5710M (70%)        5194M (63%)        6634M (81%)        7114M (87%)        7116M (87%)        5180M (63%)    
[99.962s][info][gc,heap     ] GC(55)      Used:     2482M (30%)        2998M (37%)        1558M (19%)        1078M (13%)        3012M (37%)        1076M (13%)    
[99.962s][info][gc,heap     ] GC(55)      Live:         -               257M (3%)          257M (3%)          257M (3%)             -                  -          
[99.962s][info][gc,heap     ] GC(55) Allocated:         -               516M (6%)          564M (7%)          802M (10%)            -                  -          
[99.962s][info][gc,heap     ] GC(55)   Garbage:         -              2224M (27%)         736M (9%)           18M (0%)             -                  -          
[99.962s][info][gc,heap     ] GC(55) Reclaimed:         -                  -              1488M (18%)        2206M (27%)            -                  -          
[99.962s][info][gc          ] GC(55) Garbage Collection (Allocation Rate) 2482M(30%)->1078M(13%)
[100.085s][info][gc,start    ] GC(56) Garbage Collection (System.gc())
[100.085s][info][gc,task     ] GC(56) Using 2 workers
[100.085s][info][gc,phases   ] GC(56) Pause Mark Start 0.006ms
[100.234s][info][gc,phases   ] GC(56) Concurrent Mark 148.395ms
[100.234s][info][gc,phases   ] GC(56) Pause Mark End 0.028ms
[100.234s][info][gc,phases   ] GC(56) Concurrent Mark Free 0.002ms
[100.244s][info][gc,phases   ] GC(56) Concurrent Process Non-Strong References 9.861ms
[100.244s][info][gc,phases   ] GC(56) Concurrent Reset Relocation Set 0.029ms
[100.248s][info][gc,phases   ] GC(56) Concurrent Select Relocation Set 4.210ms
[100.248s][info][gc,phases   ] GC(56) Pause Relocate Start 0.010ms
[100.250s][info][gc,phases   ] GC(56) Concurrent Relocate 1.310ms
[100.250s][info][gc,load     ] GC(56) Load: 0.00/0.00/0.00
[100.250s][info][gc,mmu      ] GC(56) MMU: 2ms/96.9%, 5ms/98.7%, 10ms/99.3%, 20ms/99.6%, 50ms/99.8%, 100ms/99.9%
[100.250s][info][gc,marking  ] GC(56) Mark: 2 stripe(s), 2 proactive flush(es), 1 terminate flush(es), 0 completion(s), 0 continuation(s) 
[100.250s][info][gc,marking  ] GC(56) Mark Stack Usage: 32M
[100.250s][info][gc,nmethod  ] GC(56) NMethods: 11250 registered, 0 unregistered
[100.250s][info][gc,metaspace] GC(56) Metaspace: 72M used, 73M committed, 1088M reserved
[100.250s][info][gc,ref      ] GC(56) Soft: 5935 encountered, 0 discovered, 0 enqueued
[100.250s][info][gc,ref      ] GC(56) Weak: 6615 encountered, 939 discovered, 238 enqueued
[100.250s][info][gc,ref      ] GC(56) Final: 53 encountered, 4 discovered, 0 enqueued
[100.250s][info][gc,ref      ] GC(56) Phantom: 588 encountered, 321 discovered, 0 enqueued
[100.250s][info][gc,reloc    ] GC(56) Small Pages: 595 / 1190M, Empty: 976M, Relocated: 1M, In-Place: 0
[100.250s][info][gc,reloc    ] GC(56) Medium Pages: 5 / 160M, Empty: 128M, Relocated: 0M, In-Place: 0
[100.250s][info][gc,reloc    ] GC(56) Large Pages: 19 / 114M, Empty: 114M, Relocated: 0M, In-Place: 0
[100.250s][info][gc,reloc    ] GC(56) Forwarding Usage: 0M
[100.250s][info][gc,heap     ] GC(56) Min Capacity: 8192M(100%)
[100.250s][info][gc,heap     ] GC(56) Max Capacity: 8192M(100%)
[100.250s][info][gc,heap     ] GC(56) Soft Max Capacity: 8192M(100%)
[100.250s][info][gc,heap     ] GC(56)                Mark Start          Mark End        Relocate Start      Relocate End           High               Low         
[100.250s][info][gc,heap     ] GC(56)  Capacity:     8192M (100%)       8192M (100%)       8192M (100%)       8192M (100%)       8192M (100%)       8192M (100%)   
[100.250s][info][gc,heap     ] GC(56)      Free:     6728M (82%)        6726M (82%)        7936M (97%)        7978M (97%)        7978M (97%)        6726M (82%)    
[100.250s][info][gc,heap     ] GC(56)      Used:     1464M (18%)        1466M (18%)         256M (3%)          214M (3%)         1466M (18%)         214M (3%)     
[100.250s][info][gc,heap     ] GC(56)      Live:         -               172M (2%)          172M (2%)          172M (2%)             -                  -          
[100.250s][info][gc,heap     ] GC(56) Allocated:         -                 2M (0%)           10M (0%)            9M (0%)             -                  -          
[100.250s][info][gc,heap     ] GC(56)   Garbage:         -              1291M (16%)          73M (1%)           31M (0%)             -                  -          
[100.250s][info][gc,heap     ] GC(56) Reclaimed:         -                  -              1218M (15%)        1259M (15%)            -                  -          
[100.250s][info][gc          ] GC(56) Garbage Collection (System.gc()) 1464M(18%)->214M(3%)
[100.324s][info][gc,stats    ] === Garbage Collection Statistics =======================================================================================================================
[100.324s][info][gc,stats    ]                                                              Last 10s              Last 10m              Last 10h                Total
[100.324s][info][gc,stats    ]                                                              Avg / Max             Avg / Max             Avg / Max             Avg / Max
[100.324s][info][gc,stats    ]   Collector: Garbage Collection Cycle                    389.065 / 863.115     412.648 / 983.217     412.648 / 983.217     412.648 / 983.217     ms
[100.324s][info][gc,stats    ]  Contention: Mark Segment Reset Contention                     4 / 22                2 / 23                2 / 23                2 / 23          ops/s
[100.324s][info][gc,stats    ]  Contention: Mark SeqNum Reset Contention                      0 / 0                 0 / 1                 0 / 1                 0 / 1           ops/s
[100.324s][info][gc,stats    ]    Critical: Allocation Stall                                  0 / 0                 0 / 0                 0 / 0                 0 / 0           ops/s
[100.325s][info][gc,stats    ]    Critical: Allocation Stall                              0.000 / 0.000         0.000 / 0.000         0.000 / 0.000         0.000 / 0.000       ms
[100.325s][info][gc,stats    ]    Critical: GC Locker Stall                                   0 / 0                 0 / 0                 0 / 0                 0 / 0           ops/s
[100.325s][info][gc,stats    ]    Critical: GC Locker Stall                               0.000 / 0.000         0.000 / 0.000         0.000 / 0.000         0.000 / 0.000       ms
[100.325s][info][gc,stats    ]    Critical: Relocation Stall                                  0 / 0                 0 / 0                 0 / 0                 0 / 0           ops/s
[100.325s][info][gc,stats    ]    Critical: Relocation Stall                              0.000 / 0.000         0.000 / 0.000         0.000 / 0.000         0.000 / 0.000       ms
[100.325s][info][gc,stats    ]      Memory: Allocation Rate                                1676 / 2416           1437 / 3876           1437 / 3876           1437 / 3876        MB/s
[100.325s][info][gc,stats    ]      Memory: Out Of Memory                                     0 / 0                 0 / 0                 0 / 0                 0 / 0           ops/s
[100.325s][info][gc,stats    ]      Memory: Page Cache Flush                                  0 / 0                 0 / 0                 0 / 0                 0 / 0           MB/s
[100.325s][info][gc,stats    ]      Memory: Page Cache Hit L1                               780 / 1157            646 / 1729            646 / 1729            646 / 1729        ops/s
[100.325s][info][gc,stats    ]      Memory: Page Cache Hit L2                                 0 / 0                 0 / 0                 0 / 0                 0 / 0           ops/s
[100.325s][info][gc,stats    ]      Memory: Page Cache Hit L3                                 0 / 0                23 / 527              23 / 527              23 / 527         ops/s
[100.325s][info][gc,stats    ]      Memory: Page Cache Miss                                   0 / 0                 0 / 1                 0 / 1                 0 / 1           ops/s
[100.325s][info][gc,stats    ]      Memory: Uncommit                                          0 / 0                 0 / 0                 0 / 0                 0 / 0           MB/s
[100.325s][info][gc,stats    ]      Memory: Undo Object Allocation Failed                     0 / 0                 0 / 0                 0 / 0                 0 / 0           ops/s
[100.325s][info][gc,stats    ]      Memory: Undo Object Allocation Succeeded                 12 / 101               4 / 101               4 / 101               4 / 101         ops/s
[100.325s][info][gc,stats    ]      Memory: Undo Page Allocation                              0 / 0                 0 / 1                 0 / 1                 0 / 1           ops/s
[100.325s][info][gc,stats    ]       Phase: Concurrent Mark                             298.002 / 615.037     316.577 / 972.666     316.577 / 972.666     316.577 / 972.666     ms
[100.325s][info][gc,stats    ]       Phase: Concurrent Mark Continue                      0.000 / 0.000         0.000 / 0.000         0.000 / 0.000         0.000 / 0.000       ms
[100.325s][info][gc,stats    ]       Phase: Concurrent Mark Free                          0.001 / 0.002         0.001 / 0.002         0.001 / 0.002         0.001 / 0.002       ms
[100.325s][info][gc,stats    ]       Phase: Concurrent Process Non-Strong References      9.534 / 10.053        8.382 / 15.785        8.382 / 15.785        8.382 / 15.785      ms
[100.325s][info][gc,stats    ]       Phase: Concurrent Relocate                          68.025 / 206.000      72.191 / 226.884      72.191 / 226.884      72.191 / 226.884     ms
[100.325s][info][gc,stats    ]       Phase: Concurrent Reset Relocation Set               0.039 / 0.115         0.037 / 0.132         0.037 / 0.132         0.037 / 0.132       ms
[100.325s][info][gc,stats    ]       Phase: Concurrent Select Relocation Set             12.517 / 31.937       14.094 / 41.923       14.094 / 41.923       14.094 / 41.923      ms
[100.325s][info][gc,stats    ]       Phase: Pause Mark End                                0.024 / 0.028         0.022 / 0.063         0.022 / 0.063         0.022 / 0.063       ms
[100.325s][info][gc,stats    ]       Phase: Pause Mark Start                              0.007 / 0.011         0.007 / 0.011         0.007 / 0.011         0.007 / 0.011       ms
[100.325s][info][gc,stats    ]       Phase: Pause Relocate Start                          0.011 / 0.016         0.012 / 0.032         0.012 / 0.032         0.012 / 0.032       ms
[100.325s][info][gc,stats    ]    Subphase: Concurrent Classes Purge                      0.345 / 0.410         0.321 / 0.622         0.321 / 0.622         0.321 / 0.622       ms
[100.325s][info][gc,stats    ]    Subphase: Concurrent Classes Unlink                     8.064 / 8.580         6.804 / 12.957        6.804 / 12.957        6.804 / 12.957      ms
[100.325s][info][gc,stats    ]    Subphase: Concurrent Mark                             290.239 / 610.825     307.985 / 969.741     307.985 / 969.741     307.985 / 969.741     ms
[100.325s][info][gc,stats    ]    Subphase: Concurrent Mark Try Flush                     0.177 / 0.478         0.160 / 0.670         0.160 / 0.670         0.160 / 0.670       ms
[100.325s][info][gc,stats    ]    Subphase: Concurrent Mark Try Terminate                 3.500 / 15.561        5.300 / 16.369        5.300 / 16.369        5.300 / 16.369      ms
[100.325s][info][gc,stats    ]    Subphase: Concurrent References Enqueue                 0.006 / 0.007         0.005 / 0.008         0.005 / 0.008         0.005 / 0.008       ms
[100.325s][info][gc,stats    ]    Subphase: Concurrent References Process                 0.208 / 0.343         0.191 / 0.610         0.191 / 0.610         0.191 / 0.610       ms
[100.325s][info][gc,stats    ]    Subphase: Concurrent Roots ClassLoaderDataGraph         0.127 / 0.308         0.112 / 0.370         0.112 / 0.370         0.112 / 0.370       ms
[100.325s][info][gc,stats    ]    Subphase: Concurrent Roots CodeCache                    0.000 / 0.000         0.000 / 0.000         0.000 / 0.000         0.000 / 0.000       ms
[100.325s][info][gc,stats    ]    Subphase: Concurrent Roots JavaThreads                  4.291 / 4.828         5.227 / 8.610         5.227 / 8.610         5.227 / 8.610       ms
[100.325s][info][gc,stats    ]    Subphase: Concurrent Roots OopStorageSet                0.048 / 0.078         0.042 / 0.128         0.042 / 0.128         0.042 / 0.128       ms
[100.325s][info][gc,stats    ]    Subphase: Concurrent Weak Roots OopStorageSet           0.657 / 0.931         0.573 / 1.025         0.573 / 1.025         0.573 / 1.025       ms
[100.325s][info][gc,stats    ]    Subphase: Pause Mark Try Complete                       0.000 / 0.000         0.004 / 0.005         0.004 / 0.005         0.004 / 0.005       ms
[100.325s][info][gc,stats    ]      System: Java Threads                                    264 / 266             217 / 267             217 / 267             217 / 267         threads
[100.325s][info][gc,stats    ] =========================================================================================================================================================
[102.524s][info][gc,start    ] GC(57) Garbage Collection (Allocation Rate)
[102.524s][info][gc,task     ] GC(57) Using 2 workers
[102.524s][info][gc,phases   ] GC(57) Pause Mark Start 0.006ms
[103.058s][info][gc,phases   ] GC(57) Concurrent Mark 533.663ms
[103.058s][info][gc,phases   ] GC(57) Pause Mark End 0.024ms
[103.058s][info][gc,phases   ] GC(57) Concurrent Mark Free 0.002ms
[103.068s][info][gc,phases   ] GC(57) Concurrent Process Non-Strong References 9.551ms
[103.068s][info][gc,phases   ] GC(57) Concurrent Reset Relocation Set 0.002ms
[103.091s][info][gc,phases   ] GC(57) Concurrent Select Relocation Set 23.533ms
[103.092s][info][gc,phases   ] GC(57) Pause Relocate Start 0.008ms
[103.259s][info][gc,phases   ] GC(57) Concurrent Relocate 166.960ms
[103.259s][info][gc,load     ] GC(57) Load: 0.00/0.00/0.00
[103.259s][info][gc,mmu      ] GC(57) MMU: 2ms/96.9%, 5ms/98.7%, 10ms/99.3%, 20ms/99.6%, 50ms/99.8%, 100ms/99.9%
[103.259s][info][gc,marking  ] GC(57) Mark: 2 stripe(s), 2 proactive flush(es), 1 terminate flush(es), 0 completion(s), 0 continuation(s) 
[103.259s][info][gc,marking  ] GC(57) Mark Stack Usage: 32M
[103.259s][info][gc,nmethod  ] GC(57) NMethods: 11286 registered, 0 unregistered
[103.259s][info][gc,metaspace] GC(57) Metaspace: 72M used, 73M committed, 1088M reserved
[103.259s][info][gc,ref      ] GC(57) Soft: 5943 encountered, 0 discovered, 0 enqueued
[103.259s][info][gc,ref      ] GC(57) Weak: 6688 encountered, 1041 discovered, 88 enqueued
[103.259s][info][gc,ref      ] GC(57) Final: 53 encountered, 0 discovered, 0 enqueued
[103.259s][info][gc,ref      ] GC(57) Phantom: 588 encountered, 563 discovered, 0 enqueued
[103.259s][info][gc,reloc    ] GC(57) Small Pages: 2213 / 4426M, Empty: 2492M, Relocated: 120M, In-Place: 0
[103.259s][info][gc,reloc    ] GC(57) Medium Pages: 5 / 160M, Empty: 96M, Relocated: 10M, In-Place: 0
[103.259s][info][gc,reloc    ] GC(57) Large Pages: 30 / 212M, Empty: 166M, Relocated: 0M, In-Place: 0
[103.259s][info][gc,reloc    ] GC(57) Forwarding Usage: 108M
[103.259s][info][gc,heap     ] GC(57) Min Capacity: 8192M(100%)
[103.259s][info][gc,heap     ] GC(57) Max Capacity: 8192M(100%)
[103.259s][info][gc,heap     ] GC(57) Soft Max Capacity: 8192M(100%)
[103.259s][info][gc,heap     ] GC(57)                Mark Start          Mark End        Relocate Start      Relocate End           High               Low         
[103.259s][info][gc,heap     ] GC(57)  Capacity:     8192M (100%)       8192M (100%)       8192M (100%)       8192M (100%)       8192M (100%)       8192M (100%)   
[103.259s][info][gc,heap     ] GC(57)      Free:     3394M (41%)        3302M (40%)        6048M (74%)        7490M (91%)        7490M (91%)        3300M (40%)    
[103.259s][info][gc,heap     ] GC(57)      Used:     4798M (59%)        4890M (60%)        2144M (26%)         702M (9%)         4892M (60%)         702M (9%)     
[103.259s][info][gc,heap     ] GC(57)      Live:         -               338M (4%)          338M (4%)          338M (4%)             -                  -          
[103.259s][info][gc,heap     ] GC(57) Allocated:         -                92M (1%)          100M (1%)          333M (4%)             -                  -          
[103.259s][info][gc,heap     ] GC(57)   Garbage:         -              4459M (54%)        1705M (21%)          29M (0%)             -                  -          
[103.259s][info][gc,heap     ] GC(57) Reclaimed:         -                  -              2754M (34%)        4429M (54%)            -                  -          
[103.259s][info][gc          ] GC(57) Garbage Collection (Allocation Rate) 4798M(59%)->702M(9%)
[104.223s][info][gc,start    ] GC(58) Garbage Collection (Allocation Rate)
[104.223s][info][gc,task     ] GC(58) Using 2 workers
[104.223s][info][gc,phases   ] GC(58) Pause Mark Start 0.006ms
[104.563s][info][gc,phases   ] GC(58) Concurrent Mark 339.945ms
[104.563s][info][gc,phases   ] GC(58) Pause Mark End 0.022ms
[104.563s][info][gc,phases   ] GC(58) Concurrent Mark Free 0.001ms
[104.574s][info][gc,phases   ] GC(58) Concurrent Process Non-Strong References 10.530ms
[104.574s][info][gc,phases   ] GC(58) Concurrent Reset Relocation Set 0.092ms
[104.584s][info][gc,phases   ] GC(58) Concurrent Select Relocation Set 10.674ms
[104.585s][info][gc,phases   ] GC(58) Pause Relocate Start 0.016ms
[104.662s][info][gc,phases   ] GC(58) Concurrent Relocate 77.720ms
[104.663s][info][gc,load     ] GC(58) Load: 0.00/0.00/0.00
[104.663s][info][gc,mmu      ] GC(58) MMU: 2ms/96.9%, 5ms/98.7%, 10ms/99.3%, 20ms/99.6%, 50ms/99.8%, 100ms/99.9%
[104.663s][info][gc,marking  ] GC(58) Mark: 2 stripe(s), 2 proactive flush(es), 1 terminate flush(es), 0 completion(s), 0 continuation(s) 
[104.663s][info][gc,marking  ] GC(58) Mark Stack Usage: 32M
[104.663s][info][gc,nmethod  ] GC(58) NMethods: 11237 registered, 86 unregistered
[104.663s][info][gc,metaspace] GC(58) Metaspace: 72M used, 73M committed, 1088M reserved
[104.663s][info][gc,ref      ] GC(58) Soft: 5939 encountered, 0 discovered, 0 enqueued
[104.663s][info][gc,ref      ] GC(58) Weak: 6959 encountered, 1272 discovered, 362 enqueued
[104.663s][info][gc,ref      ] GC(58) Final: 53 encountered, 0 discovered, 0 enqueued
[104.663s][info][gc,ref      ] GC(58) Phantom: 588 encountered, 511 discovered, 0 enqueued
[104.663s][info][gc,reloc    ] GC(58) Small Pages: 1010 / 2020M, Empty: 1064M, Relocated: 54M, In-Place: 0
[104.663s][info][gc,reloc    ] GC(58) Medium Pages: 6 / 192M, Empty: 96M, Relocated: 14M, In-Place: 0
[104.663s][info][gc,reloc    ] GC(58) Large Pages: 24 / 160M, Empty: 154M, Relocated: 0M, In-Place: 0
[104.663s][info][gc,reloc    ] GC(58) Forwarding Usage: 49M
[104.663s][info][gc,heap     ] GC(58) Min Capacity: 8192M(100%)
[104.663s][info][gc,heap     ] GC(58) Max Capacity: 8192M(100%)
[104.663s][info][gc,heap     ] GC(58) Soft Max Capacity: 8192M(100%)
[104.663s][info][gc,heap     ] GC(58)                Mark Start          Mark End        Relocate Start      Relocate End           High               Low         
[104.663s][info][gc,heap     ] GC(58)  Capacity:     8192M (100%)       8192M (100%)       8192M (100%)       8192M (100%)       8192M (100%)       8192M (100%)   
[104.663s][info][gc,heap     ] GC(58)      Free:     5820M (71%)        5382M (66%)        6668M (81%)        7428M (91%)        7428M (91%)        5368M (66%)    
[104.663s][info][gc,heap     ] GC(58)      Used:     2372M (29%)        2810M (34%)        1524M (19%)         764M (9%)         2824M (34%)         764M (9%)     
[104.663s][info][gc,heap     ] GC(58)      Live:         -               248M (3%)          248M (3%)          248M (3%)             -                  -          
[104.663s][info][gc,heap     ] GC(58) Allocated:         -               438M (5%)          466M (6%)          472M (6%)             -                  -          
[104.663s][info][gc,heap     ] GC(58)   Garbage:         -              2123M (26%)         809M (10%)          42M (1%)             -                  -          
[104.663s][info][gc,heap     ] GC(58) Reclaimed:         -                  -              1314M (16%)        2080M (25%)            -                  -          
[104.663s][info][gc          ] GC(58) Garbage Collection (Allocation Rate) 2372M(29%)->764M(9%)
[105.072s][info][gc,start    ] GC(59) Garbage Collection (System.gc())
[105.072s][info][gc,task     ] GC(59) Using 2 workers
[105.072s][info][gc,phases   ] GC(59) Pause Mark Start 0.008ms
[105.227s][info][gc,phases   ] GC(59) Concurrent Mark 154.686ms
[105.227s][info][gc,phases   ] GC(59) Pause Mark End 0.028ms
[105.227s][info][gc,phases   ] GC(59) Concurrent Mark Free 0.001ms
[105.238s][info][gc,phases   ] GC(59) Concurrent Process Non-Strong References 10.260ms
[105.238s][info][gc,phases   ] GC(59) Concurrent Reset Relocation Set 0.044ms
[105.244s][info][gc,phases   ] GC(59) Concurrent Select Relocation Set 6.073ms
[105.244s][info][gc,phases   ] GC(59) Pause Relocate Start 0.008ms
[105.245s][info][gc,phases   ] GC(59) Concurrent Relocate 1.032ms
[105.245s][info][gc,load     ] GC(59) Load: 0.00/0.00/0.00
[105.245s][info][gc,mmu      ] GC(59) MMU: 2ms/96.9%, 5ms/98.7%, 10ms/99.3%, 20ms/99.6%, 50ms/99.8%, 100ms/99.9%
[105.245s][info][gc,marking  ] GC(59) Mark: 2 stripe(s), 2 proactive flush(es), 1 terminate flush(es), 0 completion(s), 0 continuation(s) 
[105.245s][info][gc,marking  ] GC(59) Mark Stack Usage: 32M
[105.245s][info][gc,nmethod  ] GC(59) NMethods: 11244 registered, 86 unregistered
[105.245s][info][gc,metaspace] GC(59) Metaspace: 72M used, 73M committed, 1088M reserved
[105.245s][info][gc,ref      ] GC(59) Soft: 5935 encountered, 0 discovered, 0 enqueued
[105.245s][info][gc,ref      ] GC(59) Weak: 6616 encountered, 792 discovered, 237 enqueued
[105.245s][info][gc,ref      ] GC(59) Final: 53 encountered, 4 discovered, 0 enqueued
[105.245s][info][gc,ref      ] GC(59) Phantom: 588 encountered, 355 discovered, 0 enqueued
[105.245s][info][gc,reloc    ] GC(59) Small Pages: 639 / 1278M, Empty: 1056M, Relocated: 1M, In-Place: 0
[105.245s][info][gc,reloc    ] GC(59) Medium Pages: 7 / 224M, Empty: 192M, Relocated: 0M, In-Place: 0
[105.245s][info][gc,reloc    ] GC(59) Large Pages: 20 / 120M, Empty: 120M, Relocated: 0M, In-Place: 0
[105.245s][info][gc,reloc    ] GC(59) Forwarding Usage: 0M
[105.245s][info][gc,heap     ] GC(59) Min Capacity: 8192M(100%)
[105.245s][info][gc,heap     ] GC(59) Max Capacity: 8192M(100%)
[105.245s][info][gc,heap     ] GC(59) Soft Max Capacity: 8192M(100%)
[105.245s][info][gc,heap     ] GC(59)                Mark Start          Mark End        Relocate Start      Relocate End           High               Low         
[105.245s][info][gc,heap     ] GC(59)  Capacity:     8192M (100%)       8192M (100%)       8192M (100%)       8192M (100%)       8192M (100%)       8192M (100%)   
[105.245s][info][gc,heap     ] GC(59)      Free:     6570M (80%)        6566M (80%)        7926M (97%)        7976M (97%)        7976M (97%)        6566M (80%)    
[105.245s][info][gc,heap     ] GC(59)      Used:     1622M (20%)        1626M (20%)         266M (3%)          216M (3%)         1626M (20%)         216M (3%)     
[105.245s][info][gc,heap     ] GC(59)      Live:         -               172M (2%)          172M (2%)          172M (2%)             -                  -          
[105.245s][info][gc,heap     ] GC(59) Allocated:         -                 4M (0%)           12M (0%)           12M (0%)             -                  -          
[105.245s][info][gc,heap     ] GC(59)   Garbage:         -              1449M (18%)          81M (1%)           31M (0%)             -                  -          
[105.245s][info][gc,heap     ] GC(59) Reclaimed:         -                  -              1368M (17%)        1418M (17%)            -                  -          
[105.245s][info][gc          ] GC(59) Garbage Collection (System.gc()) 1622M(20%)->216M(3%)
[107.526s][info][gc,start    ] GC(60) Garbage Collection (Allocation Rate)
[107.526s][info][gc,task     ] GC(60) Using 2 workers
[107.526s][info][gc,phases   ] GC(60) Pause Mark Start 0.006ms
[108.049s][info][gc,phases   ] GC(60) Concurrent Mark 522.236ms
[108.049s][info][gc,phases   ] GC(60) Pause Mark End 0.024ms
[108.049s][info][gc,phases   ] GC(60) Concurrent Mark Free 0.001ms
[108.058s][info][gc,phases   ] GC(60) Concurrent Process Non-Strong References 9.371ms
[108.058s][info][gc,phases   ] GC(60) Concurrent Reset Relocation Set 0.002ms
[108.082s][info][gc,phases   ] GC(60) Concurrent Select Relocation Set 24.074ms
[108.083s][info][gc,phases   ] GC(60) Pause Relocate Start 0.021ms
[108.231s][info][gc,phases   ] GC(60) Concurrent Relocate 148.700ms
[108.231s][info][gc,load     ] GC(60) Load: 0.00/0.00/0.00
[108.231s][info][gc,mmu      ] GC(60) MMU: 2ms/96.9%, 5ms/98.7%, 10ms/99.3%, 20ms/99.6%, 50ms/99.8%, 100ms/99.9%
[108.232s][info][gc,marking  ] GC(60) Mark: 2 stripe(s), 2 proactive flush(es), 1 terminate flush(es), 0 completion(s), 0 continuation(s) 
[108.232s][info][gc,marking  ] GC(60) Mark Stack Usage: 32M
[108.232s][info][gc,nmethod  ] GC(60) NMethods: 11271 registered, 86 unregistered
[108.232s][info][gc,metaspace] GC(60) Metaspace: 72M used, 73M committed, 1088M reserved
[108.232s][info][gc,ref      ] GC(60) Soft: 5943 encountered, 0 discovered, 0 enqueued
[108.232s][info][gc,ref      ] GC(60) Weak: 6699 encountered, 939 discovered, 91 enqueued
[108.232s][info][gc,ref      ] GC(60) Final: 53 encountered, 4 discovered, 0 enqueued
[108.232s][info][gc,ref      ] GC(60) Phantom: 588 encountered, 312 discovered, 0 enqueued
[108.232s][info][gc,reloc    ] GC(60) Small Pages: 2214 / 4428M, Empty: 2612M, Relocated: 96M, In-Place: 0
[108.232s][info][gc,reloc    ] GC(60) Medium Pages: 5 / 160M, Empty: 96M, Relocated: 11M, In-Place: 0
[108.232s][info][gc,reloc    ] GC(60) Large Pages: 30 / 212M, Empty: 172M, Relocated: 0M, In-Place: 0
[108.232s][info][gc,reloc    ] GC(60) Forwarding Usage: 96M
[108.232s][info][gc,heap     ] GC(60) Min Capacity: 8192M(100%)
[108.232s][info][gc,heap     ] GC(60) Max Capacity: 8192M(100%)
[108.232s][info][gc,heap     ] GC(60) Soft Max Capacity: 8192M(100%)
[108.232s][info][gc,heap     ] GC(60)                Mark Start          Mark End        Relocate Start      Relocate End           High               Low         
[108.232s][info][gc,heap     ] GC(60)  Capacity:     8192M (100%)       8192M (100%)       8192M (100%)       8192M (100%)       8192M (100%)       8192M (100%)   
[108.232s][info][gc,heap     ] GC(60)      Free:     3392M (41%)        3300M (40%)        6140M (75%)        7514M (92%)        7518M (92%)        3300M (40%)    
[108.232s][info][gc,heap     ] GC(60)      Used:     4800M (59%)        4892M (60%)        2052M (25%)         678M (8%)         4892M (60%)         674M (8%)     
[108.232s][info][gc,heap     ] GC(60)      Live:         -               308M (4%)          308M (4%)          308M (4%)             -                  -          
[108.232s][info][gc,heap     ] GC(60) Allocated:         -                92M (1%)          132M (2%)          339M (4%)             -                  -          
[108.232s][info][gc,heap     ] GC(60)   Garbage:         -              4491M (55%)        1611M (20%)          29M (0%)             -                  -          
[108.232s][info][gc,heap     ] GC(60) Reclaimed:         -                  -              2880M (35%)        4461M (54%)            -                  -          
[108.232s][info][gc          ] GC(60) Garbage Collection (Allocation Rate) 4800M(59%)->678M(8%)
[109.775s][info][gc,start    ] GC(61) Garbage Collection (System.gc())
[109.775s][info][gc,task     ] GC(61) Using 2 workers
[109.775s][info][gc,phases   ] GC(61) Pause Mark Start 0.005ms
[109.922s][info][gc,phases   ] GC(61) Concurrent Mark 146.647ms
[109.922s][info][gc,phases   ] GC(61) Pause Mark End 0.027ms
[109.923s][info][gc,phases   ] GC(61) Concurrent Mark Free 0.003ms
[109.934s][info][gc,phases   ] GC(61) Concurrent Process Non-Strong References 10.883ms
[109.934s][info][gc,phases   ] GC(61) Concurrent Reset Relocation Set 0.058ms
[109.943s][info][gc,phases   ] GC(61) Concurrent Select Relocation Set 9.100ms
[109.943s][info][gc,phases   ] GC(61) Pause Relocate Start 0.008ms
[109.944s][info][gc,phases   ] GC(61) Concurrent Relocate 1.182ms
[109.944s][info][gc,load     ] GC(61) Load: 0.00/0.00/0.00
[109.944s][info][gc,mmu      ] GC(61) MMU: 2ms/96.9%, 5ms/98.7%, 10ms/99.3%, 20ms/99.6%, 50ms/99.8%, 100ms/99.9%
[109.944s][info][gc,marking  ] GC(61) Mark: 2 stripe(s), 2 proactive flush(es), 1 terminate flush(es), 0 completion(s), 0 continuation(s) 
[109.944s][info][gc,marking  ] GC(61) Mark Stack Usage: 32M
[109.944s][info][gc,nmethod  ] GC(61) NMethods: 11341 registered, 86 unregistered
[109.944s][info][gc,metaspace] GC(61) Metaspace: 72M used, 73M committed, 1088M reserved
[109.944s][info][gc,ref      ] GC(61) Soft: 5935 encountered, 0 discovered, 0 enqueued
[109.944s][info][gc,ref      ] GC(61) Weak: 6982 encountered, 1200 discovered, 597 enqueued
[109.944s][info][gc,ref      ] GC(61) Final: 53 encountered, 4 discovered, 0 enqueued
[109.944s][info][gc,ref      ] GC(61) Phantom: 588 encountered, 297 discovered, 0 enqueued
[109.944s][info][gc,reloc    ] GC(61) Small Pages: 1517 / 3034M, Empty: 2756M, Relocated: 1M, In-Place: 0
[109.944s][info][gc,reloc    ] GC(61) Medium Pages: 11 / 352M, Empty: 320M, Relocated: 0M, In-Place: 0
[109.944s][info][gc,reloc    ] GC(61) Large Pages: 42 / 268M, Empty: 268M, Relocated: 0M, In-Place: 0
[109.944s][info][gc,reloc    ] GC(61) Forwarding Usage: 0M
[109.944s][info][gc,heap     ] GC(61) Min Capacity: 8192M(100%)
[109.944s][info][gc,heap     ] GC(61) Max Capacity: 8192M(100%)
[109.944s][info][gc,heap     ] GC(61) Soft Max Capacity: 8192M(100%)
[109.944s][info][gc,heap     ] GC(61)                Mark Start          Mark End        Relocate Start      Relocate End           High               Low         
[109.944s][info][gc,heap     ] GC(61)  Capacity:     8192M (100%)       8192M (100%)       8192M (100%)       8192M (100%)       8192M (100%)       8192M (100%)   
[109.944s][info][gc,heap     ] GC(61)      Free:     4538M (55%)        4536M (55%)        7866M (96%)        7972M (97%)        7972M (97%)        4536M (55%)    
[109.944s][info][gc,heap     ] GC(61)      Used:     3654M (45%)        3656M (45%)         326M (4%)          220M (3%)         3656M (45%)         220M (3%)     
[109.944s][info][gc,heap     ] GC(61)      Live:         -               172M (2%)          172M (2%)          172M (2%)             -                  -          
[109.944s][info][gc,heap     ] GC(61) Allocated:         -                 2M (0%)           16M (0%)           16M (0%)             -                  -          
[109.944s][info][gc,heap     ] GC(61)   Garbage:         -              3481M (42%)         137M (2%)           31M (0%)             -                  -          
[109.944s][info][gc,heap     ] GC(61) Reclaimed:         -                  -              3344M (41%)        3450M (42%)            -                  -          
[109.944s][info][gc          ] GC(61) Garbage Collection (System.gc()) 3654M(45%)->220M(3%)
[110.318s][info][gc,stats    ] === Garbage Collection Statistics =======================================================================================================================
[110.318s][info][gc,stats    ]                                                              Last 10s              Last 10m              Last 10h                Total
[110.318s][info][gc,stats    ]                                                              Avg / Max             Avg / Max             Avg / Max             Avg / Max
[110.318s][info][gc,stats    ]   Collector: Garbage Collection Cycle                    444.348 / 734.601     415.204 / 983.217     415.204 / 983.217     415.204 / 983.217     ms
[110.318s][info][gc,stats    ]  Contention: Mark Segment Reset Contention                     3 / 23                2 / 23                2 / 23                2 / 23          ops/s
[110.318s][info][gc,stats    ]  Contention: Mark SeqNum Reset Contention                      0 / 0                 0 / 1                 0 / 1                 0 / 1           ops/s
[110.318s][info][gc,stats    ]    Critical: Allocation Stall                                  0 / 0                 0 / 0                 0 / 0                 0 / 0           ops/s
[110.318s][info][gc,stats    ]    Critical: Allocation Stall                              0.000 / 0.000         0.000 / 0.000         0.000 / 0.000         0.000 / 0.000       ms
[110.318s][info][gc,stats    ]    Critical: GC Locker Stall                                   0 / 0                 0 / 0                 0 / 0                 0 / 0           ops/s
[110.318s][info][gc,stats    ]    Critical: GC Locker Stall                               0.000 / 0.000         0.000 / 0.000         0.000 / 0.000         0.000 / 0.000       ms
[110.318s][info][gc,stats    ]    Critical: Relocation Stall                                  0 / 0                 0 / 0                 0 / 0                 0 / 0           ops/s
[110.318s][info][gc,stats    ]    Critical: Relocation Stall                              0.000 / 0.000         0.000 / 0.000         0.000 / 0.000         0.000 / 0.000       ms
[110.318s][info][gc,stats    ]      Memory: Allocation Rate                                1674 / 2246           1459 / 3876           1459 / 3876           1459 / 3876        MB/s
[110.318s][info][gc,stats    ]      Memory: Out Of Memory                                     0 / 0                 0 / 0                 0 / 0                 0 / 0           ops/s
[110.318s][info][gc,stats    ]      Memory: Page Cache Flush                                  0 / 0                 0 / 0                 0 / 0                 0 / 0           MB/s
[110.318s][info][gc,stats    ]      Memory: Page Cache Hit L1                               775 / 1009            658 / 1729            658 / 1729            658 / 1729        ops/s
[110.318s][info][gc,stats    ]      Memory: Page Cache Hit L2                                 0 / 0                 0 / 0                 0 / 0                 0 / 0           ops/s
[110.318s][info][gc,stats    ]      Memory: Page Cache Hit L3                                 0 / 0                21 / 527              21 / 527              21 / 527         ops/s
[110.318s][info][gc,stats    ]      Memory: Page Cache Miss                                   0 / 0                 0 / 1                 0 / 1                 0 / 1           ops/s
[110.318s][info][gc,stats    ]      Memory: Uncommit                                          0 / 0                 0 / 0                 0 / 0                 0 / 0           MB/s
[110.318s][info][gc,stats    ]      Memory: Undo Object Allocation Failed                     0 / 1                 0 / 1                 0 / 1                 0 / 1           ops/s
[110.318s][info][gc,stats    ]      Memory: Undo Object Allocation Succeeded                  8 / 80                4 / 101               4 / 101               4 / 101         ops/s
[110.318s][info][gc,stats    ]      Memory: Undo Page Allocation                              0 / 1                 0 / 1                 0 / 1                 0 / 1           ops/s
[110.318s][info][gc,stats    ]       Phase: Concurrent Mark                             339.435 / 533.663     318.420 / 972.666     318.420 / 972.666     318.420 / 972.666     ms
[110.318s][info][gc,stats    ]       Phase: Concurrent Mark Continue                      0.000 / 0.000         0.000 / 0.000         0.000 / 0.000         0.000 / 0.000       ms
[110.318s][info][gc,stats    ]       Phase: Concurrent Mark Free                          0.002 / 0.003         0.001 / 0.003         0.001 / 0.003         0.001 / 0.003       ms
[110.318s][info][gc,stats    ]       Phase: Concurrent Process Non-Strong References     10.119 / 10.883        8.523 / 15.785        8.523 / 15.785        8.523 / 15.785      ms
[110.318s][info][gc,stats    ]       Phase: Concurrent Relocate                          79.119 / 166.960      72.750 / 226.884      72.750 / 226.884      72.750 / 226.884     ms
[110.318s][info][gc,stats    ]       Phase: Concurrent Reset Relocation Set               0.039 / 0.092         0.037 / 0.132         0.037 / 0.132         0.037 / 0.132       ms
[110.318s][info][gc,stats    ]       Phase: Concurrent Select Relocation Set             14.691 / 24.074       14.142 / 41.923       14.142 / 41.923       14.142 / 41.923      ms
[110.318s][info][gc,stats    ]       Phase: Pause Mark End                                0.025 / 0.028         0.022 / 0.063         0.022 / 0.063         0.022 / 0.063       ms
[110.318s][info][gc,stats    ]       Phase: Pause Mark Start                              0.006 / 0.008         0.007 / 0.011         0.007 / 0.011         0.007 / 0.011       ms
[110.318s][info][gc,stats    ]       Phase: Pause Relocate Start                          0.012 / 0.021         0.012 / 0.032         0.012 / 0.032         0.012 / 0.032       ms
[110.318s][info][gc,stats    ]    Subphase: Concurrent Classes Purge                      0.331 / 0.381         0.322 / 0.622         0.322 / 0.622         0.322 / 0.622       ms
[110.318s][info][gc,stats    ]    Subphase: Concurrent Classes Unlink                     8.595 / 9.080         6.949 / 12.957        6.949 / 12.957        6.949 / 12.957      ms
[110.318s][info][gc,stats    ]    Subphase: Concurrent Mark                             328.626 / 529.242     309.650 / 969.741     309.650 / 969.741     309.650 / 969.741     ms
[110.318s][info][gc,stats    ]    Subphase: Concurrent Mark Try Flush                     0.164 / 0.430         0.160 / 0.670         0.160 / 0.670         0.160 / 0.670       ms
[110.318s][info][gc,stats    ]    Subphase: Concurrent Mark Try Terminate                 5.242 / 15.612        5.297 / 16.369        5.297 / 16.369        5.297 / 16.369      ms
[110.318s][info][gc,stats    ]    Subphase: Concurrent References Enqueue                 0.005 / 0.007         0.005 / 0.008         0.005 / 0.008         0.005 / 0.008       ms
[110.318s][info][gc,stats    ]    Subphase: Concurrent References Process                 0.206 / 0.305         0.192 / 0.610         0.192 / 0.610         0.192 / 0.610       ms
[110.318s][info][gc,stats    ]    Subphase: Concurrent Roots ClassLoaderDataGraph         0.129 / 0.272         0.114 / 0.370         0.114 / 0.370         0.114 / 0.370       ms
[110.318s][info][gc,stats    ]    Subphase: Concurrent Roots CodeCache                    0.000 / 0.000         0.000 / 0.000         0.000 / 0.000         0.000 / 0.000       ms
[110.318s][info][gc,stats    ]    Subphase: Concurrent Roots JavaThreads                  4.214 / 4.835         5.145 / 8.610         5.145 / 8.610         5.145 / 8.610       ms
[110.318s][info][gc,stats    ]    Subphase: Concurrent Roots OopStorageSet                0.043 / 0.052         0.042 / 0.128         0.042 / 0.128         0.042 / 0.128       ms
[110.318s][info][gc,stats    ]    Subphase: Concurrent Weak Roots OopStorageSet           0.710 / 1.005         0.584 / 1.025         0.584 / 1.025         0.584 / 1.025       ms
[110.318s][info][gc,stats    ]    Subphase: Pause Mark Try Complete                       0.000 / 0.000         0.004 / 0.005         0.004 / 0.005         0.004 / 0.005       ms
[110.318s][info][gc,stats    ]      System: Java Threads                                    264 / 266             221 / 267             221 / 267             221 / 267         threads
[110.318s][info][gc,stats    ] =========================================================================================================================================================
[112.121s][info][gc,start    ] GC(62) Garbage Collection (Allocation Rate)
[112.121s][info][gc,task     ] GC(62) Using 2 workers
[112.122s][info][gc,phases   ] GC(62) Pause Mark Start 0.009ms
[112.733s][info][gc,phases   ] GC(62) Concurrent Mark 611.784ms
[112.734s][info][gc,phases   ] GC(62) Pause Mark End 0.024ms
[112.734s][info][gc,phases   ] GC(62) Concurrent Mark Free 0.001ms
[112.743s][info][gc,phases   ] GC(62) Concurrent Process Non-Strong References 9.690ms
[112.743s][info][gc,phases   ] GC(62) Concurrent Reset Relocation Set 0.003ms
[112.772s][info][gc,phases   ] GC(62) Concurrent Select Relocation Set 28.490ms
[112.772s][info][gc,phases   ] GC(62) Pause Relocate Start 0.010ms
[112.984s][info][gc,phases   ] GC(62) Concurrent Relocate 211.651ms
[112.984s][info][gc,load     ] GC(62) Load: 0.00/0.00/0.00
[112.984s][info][gc,mmu      ] GC(62) MMU: 2ms/96.9%, 5ms/98.7%, 10ms/99.3%, 20ms/99.6%, 50ms/99.8%, 100ms/99.9%
[112.984s][info][gc,marking  ] GC(62) Mark: 2 stripe(s), 2 proactive flush(es), 1 terminate flush(es), 0 completion(s), 0 continuation(s) 
[112.984s][info][gc,marking  ] GC(62) Mark Stack Usage: 32M
[112.984s][info][gc,nmethod  ] GC(62) NMethods: 11396 registered, 0 unregistered
[112.984s][info][gc,metaspace] GC(62) Metaspace: 72M used, 73M committed, 1088M reserved
[112.984s][info][gc,ref      ] GC(62) Soft: 5943 encountered, 0 discovered, 0 enqueued
[112.984s][info][gc,ref      ] GC(62) Weak: 6703 encountered, 665 discovered, 108 enqueued
[112.984s][info][gc,ref      ] GC(62) Final: 53 encountered, 0 discovered, 0 enqueued
[112.984s][info][gc,ref      ] GC(62) Phantom: 588 encountered, 288 discovered, 0 enqueued
[112.984s][info][gc,reloc    ] GC(62) Small Pages: 2127 / 4254M, Empty: 2138M, Relocated: 187M, In-Place: 0
[112.984s][info][gc,reloc    ] GC(62) Medium Pages: 5 / 160M, Empty: 128M, Relocated: 0M, In-Place: 0
[112.984s][info][gc,reloc    ] GC(62) Large Pages: 30 / 212M, Empty: 148M, Relocated: 0M, In-Place: 0
[112.984s][info][gc,reloc    ] GC(62) Forwarding Usage: 139M
[112.984s][info][gc,heap     ] GC(62) Min Capacity: 8192M(100%)
[112.984s][info][gc,heap     ] GC(62) Max Capacity: 8192M(100%)
[112.984s][info][gc,heap     ] GC(62) Soft Max Capacity: 8192M(100%)
[112.984s][info][gc,heap     ] GC(62)                Mark Start          Mark End        Relocate Start      Relocate End           High               Low         
[112.984s][info][gc,heap     ] GC(62)  Capacity:     8192M (100%)       8192M (100%)       8192M (100%)       8192M (100%)       8192M (100%)       8192M (100%)   
[112.984s][info][gc,heap     ] GC(62)      Free:     3566M (44%)        3304M (40%)        5698M (70%)        7172M (88%)        7192M (88%)        3302M (40%)    
[112.984s][info][gc,heap     ] GC(62)      Used:     4626M (56%)        4888M (60%)        2494M (30%)        1020M (12%)        4890M (60%)        1000M (12%)    
[112.984s][info][gc,heap     ] GC(62)      Live:         -               422M (5%)          422M (5%)          422M (5%)             -                  -          
[112.984s][info][gc,heap     ] GC(62) Allocated:         -               262M (3%)          282M (3%)          567M (7%)             -                  -          
[112.984s][info][gc,heap     ] GC(62)   Garbage:         -              4203M (51%)        1789M (22%)          29M (0%)             -                  -          
[112.984s][info][gc,heap     ] GC(62) Reclaimed:         -                  -              2414M (29%)        4173M (51%)            -                  -          
[112.984s][info][gc          ] GC(62) Garbage Collection (Allocation Rate) 4626M(56%)->1020M(12%)
[113.026s][info][gc,start    ] GC(63) Garbage Collection (Allocation Rate)
[113.026s][info][gc,task     ] GC(63) Using 2 workers
[113.026s][info][gc,phases   ] GC(63) Pause Mark Start 0.008ms
[113.183s][info][gc,phases   ] GC(63) Concurrent Mark 156.837ms
[113.183s][info][gc,phases   ] GC(63) Pause Mark End 0.022ms
[113.184s][info][gc,phases   ] GC(63) Concurrent Mark Free 0.001ms
[113.195s][info][gc,phases   ] GC(63) Concurrent Process Non-Strong References 11.243ms
[113.195s][info][gc,phases   ] GC(63) Concurrent Reset Relocation Set 0.120ms
[113.206s][info][gc,phases   ] GC(63) Concurrent Select Relocation Set 10.929ms
[113.206s][info][gc,phases   ] GC(63) Pause Relocate Start 0.009ms
[113.214s][info][gc,phases   ] GC(63) Concurrent Relocate 7.655ms
[113.214s][info][gc,load     ] GC(63) Load: 0.00/0.00/0.00
[113.214s][info][gc,mmu      ] GC(63) MMU: 2ms/96.9%, 5ms/98.7%, 10ms/99.3%, 20ms/99.6%, 50ms/99.8%, 100ms/99.9%
[113.214s][info][gc,marking  ] GC(63) Mark: 2 stripe(s), 2 proactive flush(es), 1 terminate flush(es), 0 completion(s), 0 continuation(s) 
[113.214s][info][gc,marking  ] GC(63) Mark Stack Usage: 32M
[113.214s][info][gc,nmethod  ] GC(63) NMethods: 11421 registered, 0 unregistered
[113.214s][info][gc,metaspace] GC(63) Metaspace: 72M used, 73M committed, 1088M reserved
[113.214s][info][gc,ref      ] GC(63) Soft: 5939 encountered, 0 discovered, 0 enqueued
[113.214s][info][gc,ref      ] GC(63) Weak: 6834 encountered, 1021 discovered, 294 enqueued
[113.214s][info][gc,ref      ] GC(63) Final: 53 encountered, 4 discovered, 0 enqueued
[113.214s][info][gc,ref      ] GC(63) Phantom: 592 encountered, 374 discovered, 0 enqueued
[113.214s][info][gc,reloc    ] GC(63) Small Pages: 462 / 924M, Empty: 658M, Relocated: 5M, In-Place: 0
[113.214s][info][gc,reloc    ] GC(63) Medium Pages: 3 / 96M, Empty: 32M, Relocated: 12M, In-Place: 0
[113.214s][info][gc,reloc    ] GC(63) Large Pages: 14 / 100M, Empty: 100M, Relocated: 0M, In-Place: 0
[113.214s][info][gc,reloc    ] GC(63) Forwarding Usage: 3M
[113.214s][info][gc,heap     ] GC(63) Min Capacity: 8192M(100%)
[113.214s][info][gc,heap     ] GC(63) Max Capacity: 8192M(100%)
[113.214s][info][gc,heap     ] GC(63) Soft Max Capacity: 8192M(100%)
[113.214s][info][gc,heap     ] GC(63)                Mark Start          Mark End        Relocate Start      Relocate End           High               Low         
[113.214s][info][gc,heap     ] GC(63)  Capacity:     8192M (100%)       8192M (100%)       8192M (100%)       8192M (100%)       8192M (100%)       8192M (100%)   
[113.214s][info][gc,heap     ] GC(63)      Free:     7072M (86%)        6828M (83%)        7558M (92%)        7672M (94%)        7672M (94%)        6798M (83%)    
[113.214s][info][gc,heap     ] GC(63)      Used:     1120M (14%)        1364M (17%)         634M (8%)          520M (6%)         1394M (17%)         520M (6%)     
[113.214s][info][gc,heap     ] GC(63)      Live:         -               178M (2%)          178M (2%)          178M (2%)             -                  -          
[113.214s][info][gc,heap     ] GC(63) Allocated:         -               244M (3%)          304M (4%)          311M (4%)             -                  -          
[113.214s][info][gc,heap     ] GC(63)   Garbage:         -               941M (11%)         151M (2%)           29M (0%)             -                  -          
[113.214s][info][gc,heap     ] GC(63) Reclaimed:         -                  -               790M (10%)         911M (11%)            -                  -          
[113.214s][info][gc          ] GC(63) Garbage Collection (Allocation Rate) 1120M(14%)->520M(6%)
[114.637s][info][gc,start    ] GC(64) Garbage Collection (System.gc())
[114.637s][info][gc,task     ] GC(64) Using 2 workers
[114.637s][info][gc,phases   ] GC(64) Pause Mark Start 0.007ms
[114.774s][info][gc,phases   ] GC(64) Concurrent Mark 137.616ms
[114.775s][info][gc,phases   ] GC(64) Pause Mark End 0.026ms
[114.775s][info][gc,phases   ] GC(64) Concurrent Mark Free 0.001ms
[114.786s][info][gc,phases   ] GC(64) Concurrent Process Non-Strong References 10.960ms
[114.786s][info][gc,phases   ] GC(64) Concurrent Reset Relocation Set 0.007ms
[114.788s][info][gc,phases   ] GC(64) Concurrent Select Relocation Set 2.320ms
[114.788s][info][gc,phases   ] GC(64) Pause Relocate Start 0.009ms
[114.790s][info][gc,phases   ] GC(64) Concurrent Relocate 1.392ms
[114.790s][info][gc,load     ] GC(64) Load: 0.00/0.00/0.00
[114.790s][info][gc,mmu      ] GC(64) MMU: 2ms/96.9%, 5ms/98.7%, 10ms/99.3%, 20ms/99.6%, 50ms/99.8%, 100ms/99.9%
[114.790s][info][gc,marking  ] GC(64) Mark: 2 stripe(s), 2 proactive flush(es), 1 terminate flush(es), 0 completion(s), 0 continuation(s) 
[114.790s][info][gc,marking  ] GC(64) Mark Stack Usage: 32M
[114.790s][info][gc,nmethod  ] GC(64) NMethods: 11478 registered, 0 unregistered
[114.790s][info][gc,metaspace] GC(64) Metaspace: 72M used, 73M committed, 1088M reserved
[114.790s][info][gc,ref      ] GC(64) Soft: 5936 encountered, 0 discovered, 0 enqueued
[114.790s][info][gc,ref      ] GC(64) Weak: 6763 encountered, 1081 discovered, 378 enqueued
[114.790s][info][gc,ref      ] GC(64) Final: 53 encountered, 4 discovered, 0 enqueued
[114.790s][info][gc,ref      ] GC(64) Phantom: 588 encountered, 299 discovered, 0 enqueued
[114.790s][info][gc,reloc    ] GC(64) Small Pages: 1283 / 2566M, Empty: 2316M, Relocated: 1M, In-Place: 0
[114.790s][info][gc,reloc    ] GC(64) Medium Pages: 10 / 320M, Empty: 288M, Relocated: 0M, In-Place: 0
[114.790s][info][gc,reloc    ] GC(64) Large Pages: 30 / 180M, Empty: 180M, Relocated: 0M, In-Place: 0
[114.790s][info][gc,reloc    ] GC(64) Forwarding Usage: 0M
[114.790s][info][gc,heap     ] GC(64) Min Capacity: 8192M(100%)
[114.790s][info][gc,heap     ] GC(64) Max Capacity: 8192M(100%)
[114.790s][info][gc,heap     ] GC(64) Soft Max Capacity: 8192M(100%)
[114.790s][info][gc,heap     ] GC(64)                Mark Start          Mark End        Relocate Start      Relocate End           High               Low         
[114.790s][info][gc,heap     ] GC(64)  Capacity:     8192M (100%)       8192M (100%)       8192M (100%)       8192M (100%)       8192M (100%)       8192M (100%)   
[114.790s][info][gc,heap     ] GC(64)      Free:     5126M (63%)        5124M (63%)        7900M (96%)        7974M (97%)        7974M (97%)        5124M (63%)    
[114.790s][info][gc,heap     ] GC(64)      Used:     3066M (37%)        3068M (37%)         292M (4%)          218M (3%)         3068M (37%)         218M (3%)     
[114.790s][info][gc,heap     ] GC(64)      Live:         -               172M (2%)          172M (2%)          172M (2%)             -                  -          
[114.790s][info][gc,heap     ] GC(64) Allocated:         -                 2M (0%)           10M (0%)           13M (0%)             -                  -          
[114.790s][info][gc,heap     ] GC(64)   Garbage:         -              2893M (35%)         109M (1%)           31M (0%)             -                  -          
[114.790s][info][gc,heap     ] GC(64) Reclaimed:         -                  -              2784M (34%)        2861M (35%)            -                  -          
[114.790s][info][gc          ] GC(64) Garbage Collection (System.gc()) 3066M(37%)->218M(3%)
[117.017s][info][gc,start    ] GC(65) Garbage Collection (Allocation Rate)
[117.017s][info][gc,task     ] GC(65) Using 2 workers
[117.017s][info][gc,phases   ] GC(65) Pause Mark Start 0.010ms
[117.609s][info][gc,phases   ] GC(65) Concurrent Mark 592.330ms
[117.609s][info][gc,phases   ] GC(65) Pause Mark End 0.064ms
[117.609s][info][gc,phases   ] GC(65) Concurrent Mark Free 0.001ms
[117.621s][info][gc,phases   ] GC(65) Concurrent Process Non-Strong References 11.790ms
[117.621s][info][gc,phases   ] GC(65) Concurrent Reset Relocation Set 0.004ms
[117.653s][info][gc,phases   ] GC(65) Concurrent Select Relocation Set 31.977ms
[117.654s][info][gc,phases   ] GC(65) Pause Relocate Start 0.015ms
[117.854s][info][gc,phases   ] GC(65) Concurrent Relocate 200.256ms
[117.854s][info][gc,load     ] GC(65) Load: 0.00/0.00/0.00
[117.854s][info][gc,mmu      ] GC(65) MMU: 2ms/96.8%, 5ms/98.7%, 10ms/99.3%, 20ms/99.6%, 50ms/99.8%, 100ms/99.9%
[117.854s][info][gc,marking  ] GC(65) Mark: 2 stripe(s), 2 proactive flush(es), 1 terminate flush(es), 1 completion(s), 0 continuation(s) 
[117.854s][info][gc,marking  ] GC(65) Mark Stack Usage: 32M
[117.854s][info][gc,nmethod  ] GC(65) NMethods: 11555 registered, 0 unregistered
[117.854s][info][gc,metaspace] GC(65) Metaspace: 72M used, 73M committed, 1088M reserved
[117.854s][info][gc,ref      ] GC(65) Soft: 5944 encountered, 0 discovered, 0 enqueued
[117.854s][info][gc,ref      ] GC(65) Weak: 6707 encountered, 641 discovered, 54 enqueued
[117.854s][info][gc,ref      ] GC(65) Final: 53 encountered, 4 discovered, 0 enqueued
[117.854s][info][gc,ref      ] GC(65) Phantom: 588 encountered, 286 discovered, 0 enqueued
[117.854s][info][gc,reloc    ] GC(65) Small Pages: 2199 / 4398M, Empty: 2256M, Relocated: 160M, In-Place: 0
[117.854s][info][gc,reloc    ] GC(65) Medium Pages: 5 / 160M, Empty: 96M, Relocated: 10M, In-Place: 0
[117.854s][info][gc,reloc    ] GC(65) Large Pages: 30 / 212M, Empty: 154M, Relocated: 0M, In-Place: 0
[117.854s][info][gc,reloc    ] GC(65) Forwarding Usage: 131M
[117.854s][info][gc,heap     ] GC(65) Min Capacity: 8192M(100%)
[117.854s][info][gc,heap     ] GC(65) Max Capacity: 8192M(100%)
[117.854s][info][gc,heap     ] GC(65) Soft Max Capacity: 8192M(100%)
[117.854s][info][gc,heap     ] GC(65)                Mark Start          Mark End        Relocate Start      Relocate End           High               Low         
[117.854s][info][gc,heap     ] GC(65)  Capacity:     8192M (100%)       8192M (100%)       8192M (100%)       8192M (100%)       8192M (100%)       8192M (100%)   
[117.854s][info][gc,heap     ] GC(65)      Free:     3422M (42%)        3288M (40%)        5680M (69%)        7266M (89%)        7284M (89%)        3250M (40%)    
[117.854s][info][gc,heap     ] GC(65)      Used:     4770M (58%)        4904M (60%)        2512M (31%)         926M (11%)        4942M (60%)         908M (11%)    
[117.854s][info][gc,heap     ] GC(65)      Live:         -               397M (5%)          397M (5%)          397M (5%)             -                  -          
[117.854s][info][gc,heap     ] GC(65) Allocated:         -               134M (2%)          248M (3%)          493M (6%)             -                  -          
[117.854s][info][gc,heap     ] GC(65)   Garbage:         -              4372M (53%)        1866M (23%)          34M (0%)             -                  -          
[117.854s][info][gc,heap     ] GC(65) Reclaimed:         -                  -              2506M (31%)        4337M (53%)            -                  -          
[117.854s][info][gc          ] GC(65) Garbage Collection (Allocation Rate) 4770M(58%)->926M(11%)
[117.920s][info][gc,start    ] GC(66) Garbage Collection (Allocation Rate)
[117.920s][info][gc,task     ] GC(66) Using 2 workers
[117.920s][info][gc,phases   ] GC(66) Pause Mark Start 0.006ms
[118.133s][info][gc,phases   ] GC(66) Concurrent Mark 212.885ms
[118.133s][info][gc,phases   ] GC(66) Pause Mark End 0.021ms
[118.133s][info][gc,phases   ] GC(66) Concurrent Mark Free 0.001ms
[118.143s][info][gc,phases   ] GC(66) Concurrent Process Non-Strong References 9.931ms
[118.143s][info][gc,phases   ] GC(66) Concurrent Reset Relocation Set 0.090ms
[118.154s][info][gc,phases   ] GC(66) Concurrent Select Relocation Set 10.649ms
[118.154s][info][gc,phases   ] GC(66) Pause Relocate Start 0.015ms
[118.179s][info][gc,phases   ] GC(66) Concurrent Relocate 24.918ms
[118.179s][info][gc,load     ] GC(66) Load: 0.00/0.00/0.00
[118.179s][info][gc,mmu      ] GC(66) MMU: 2ms/96.8%, 5ms/98.7%, 10ms/99.3%, 20ms/99.6%, 50ms/99.8%, 100ms/99.9%
[118.179s][info][gc,marking  ] GC(66) Mark: 2 stripe(s), 2 proactive flush(es), 1 terminate flush(es), 0 completion(s), 0 continuation(s) 
[118.179s][info][gc,marking  ] GC(66) Mark Stack Usage: 32M
[118.179s][info][gc,nmethod  ] GC(66) NMethods: 11581 registered, 0 unregistered
[118.179s][info][gc,metaspace] GC(66) Metaspace: 72M used, 73M committed, 1088M reserved
[118.179s][info][gc,ref      ] GC(66) Soft: 5940 encountered, 0 discovered, 0 enqueued
[118.179s][info][gc,ref      ] GC(66) Weak: 6768 encountered, 1010 discovered, 221 enqueued
[118.179s][info][gc,ref      ] GC(66) Final: 53 encountered, 28 discovered, 0 enqueued
[118.179s][info][gc,ref      ] GC(66) Phantom: 592 encountered, 299 discovered, 0 enqueued
[118.179s][info][gc,reloc    ] GC(66) Small Pages: 415 / 830M, Empty: 474M, Relocated: 20M, In-Place: 0
[118.179s][info][gc,reloc    ] GC(66) Medium Pages: 4 / 128M, Empty: 96M, Relocated: 0M, In-Place: 0
[118.179s][info][gc,reloc    ] GC(66) Large Pages: 17 / 118M, Empty: 94M, Relocated: 0M, In-Place: 0
[118.179s][info][gc,reloc    ] GC(66) Forwarding Usage: 21M
[118.179s][info][gc,heap     ] GC(66) Min Capacity: 8192M(100%)
[118.179s][info][gc,heap     ] GC(66) Max Capacity: 8192M(100%)
[118.179s][info][gc,heap     ] GC(66) Soft Max Capacity: 8192M(100%)
[118.179s][info][gc,heap     ] GC(66)                Mark Start          Mark End        Relocate Start      Relocate End           High               Low         
[118.179s][info][gc,heap     ] GC(66)  Capacity:     8192M (100%)       8192M (100%)       8192M (100%)       8192M (100%)       8192M (100%)       8192M (100%)   
[118.179s][info][gc,heap     ] GC(66)      Free:     7116M (87%)        6740M (82%)        7392M (90%)        7538M (92%)        7540M (92%)        6732M (82%)    
[118.179s][info][gc,heap     ] GC(66)      Used:     1076M (13%)        1452M (18%)         800M (10%)         654M (8%)         1460M (18%)         652M (8%)     
[118.179s][info][gc,heap     ] GC(66)      Live:         -               214M (3%)          214M (3%)          214M (3%)             -                  -          
[118.180s][info][gc,heap     ] GC(66) Allocated:         -               376M (5%)          388M (5%)          409M (5%)             -                  -          
[118.180s][info][gc,heap     ] GC(66)   Garbage:         -               861M (11%)         197M (2%)           29M (0%)             -                  -          
[118.180s][info][gc,heap     ] GC(66) Reclaimed:         -                  -               664M (8%)          831M (10%)            -                  -          
[118.180s][info][gc          ] GC(66) Garbage Collection (Allocation Rate) 1076M(13%)->654M(8%)
[119.380s][info][gc,start    ] GC(67) Garbage Collection (System.gc())
[119.380s][info][gc,task     ] GC(67) Using 2 workers
[119.380s][info][gc,phases   ] GC(67) Pause Mark Start 0.005ms
[119.528s][info][gc,phases   ] GC(67) Concurrent Mark 147.721ms
[119.528s][info][gc,phases   ] GC(67) Pause Mark End 0.021ms
[119.528s][info][gc,phases   ] GC(67) Concurrent Mark Free 0.002ms
[119.538s][info][gc,phases   ] GC(67) Concurrent Process Non-Strong References 9.910ms
[119.538s][info][gc,phases   ] GC(67) Concurrent Reset Relocation Set 0.009ms
[119.542s][info][gc,phases   ] GC(67) Concurrent Select Relocation Set 3.710ms
[119.542s][info][gc,phases   ] GC(67) Pause Relocate Start 0.011ms
[119.544s][info][gc,phases   ] GC(67) Concurrent Relocate 2.352ms
[119.544s][info][gc,load     ] GC(67) Load: 0.00/0.00/0.00
[119.544s][info][gc,mmu      ] GC(67) MMU: 2ms/96.8%, 5ms/98.7%, 10ms/99.3%, 20ms/99.6%, 50ms/99.8%, 100ms/99.9%
[119.544s][info][gc,marking  ] GC(67) Mark: 2 stripe(s), 2 proactive flush(es), 1 terminate flush(es), 0 completion(s), 0 continuation(s) 
[119.544s][info][gc,marking  ] GC(67) Mark Stack Usage: 32M
[119.544s][info][gc,nmethod  ] GC(67) NMethods: 11628 registered, 0 unregistered
[119.544s][info][gc,metaspace] GC(67) Metaspace: 72M used, 73M committed, 1088M reserved
[119.544s][info][gc,ref      ] GC(67) Soft: 5936 encountered, 0 discovered, 0 enqueued
[119.544s][info][gc,ref      ] GC(67) Weak: 6766 encountered, 1039 discovered, 380 enqueued
[119.544s][info][gc,ref      ] GC(67) Final: 53 encountered, 53 discovered, 0 enqueued
[119.544s][info][gc,ref      ] GC(67) Phantom: 588 encountered, 379 discovered, 0 enqueued
[119.544s][info][gc,reloc    ] GC(67) Small Pages: 1256 / 2512M, Empty: 2260M, Relocated: 2M, In-Place: 0
[119.544s][info][gc,reloc    ] GC(67) Medium Pages: 9 / 288M, Empty: 256M, Relocated: 0M, In-Place: 0
[119.544s][info][gc,reloc    ] GC(67) Large Pages: 35 / 210M, Empty: 210M, Relocated: 0M, In-Place: 0
[119.544s][info][gc,reloc    ] GC(67) Forwarding Usage: 1M
[119.544s][info][gc,heap     ] GC(67) Min Capacity: 8192M(100%)
[119.544s][info][gc,heap     ] GC(67) Max Capacity: 8192M(100%)
[119.544s][info][gc,heap     ] GC(67) Soft Max Capacity: 8192M(100%)
[119.544s][info][gc,heap     ] GC(67)                Mark Start          Mark End        Relocate Start      Relocate End           High               Low         
[119.544s][info][gc,heap     ] GC(67)  Capacity:     8192M (100%)       8192M (100%)       8192M (100%)       8192M (100%)       8192M (100%)       8192M (100%)   
[119.544s][info][gc,heap     ] GC(67)      Free:     5182M (63%)        5174M (63%)        7894M (96%)        7976M (97%)        7976M (97%)        5174M (63%)    
[119.544s][info][gc,heap     ] GC(67)      Used:     3010M (37%)        3018M (37%)         298M (4%)          216M (3%)         3018M (37%)         216M (3%)     
[119.544s][info][gc,heap     ] GC(67)      Live:         -               172M (2%)          172M (2%)          172M (2%)             -                  -          
[119.544s][info][gc,heap     ] GC(67) Allocated:         -                 8M (0%)           14M (0%)           13M (0%)             -                  -          
[119.544s][info][gc,heap     ] GC(67)   Garbage:         -              2837M (35%)         111M (1%)           29M (0%)             -                  -          
[119.544s][info][gc,heap     ] GC(67) Reclaimed:         -                  -              2726M (33%)        2807M (34%)            -                  -          
[119.544s][info][gc          ] GC(67) Garbage Collection (System.gc()) 3010M(37%)->216M(3%)
[120.318s][info][gc,stats    ] === Garbage Collection Statistics =======================================================================================================================
[120.318s][info][gc,stats    ]                                                              Last 10s              Last 10m              Last 10h                Total
[120.318s][info][gc,stats    ]                                                              Avg / Max             Avg / Max             Avg / Max             Avg / Max
[120.318s][info][gc,stats    ]   Collector: Garbage Collection Cycle                    410.862 / 862.482     414.821 / 983.217     414.821 / 983.217     414.821 / 983.217     ms
[120.318s][info][gc,stats    ]  Contention: Mark Segment Reset Contention                     3 / 14                2 / 23                2 / 23                2 / 23          ops/s
[120.318s][info][gc,stats    ]  Contention: Mark SeqNum Reset Contention                      0 / 0                 0 / 1                 0 / 1                 0 / 1           ops/s
[120.318s][info][gc,stats    ]    Critical: Allocation Stall                                  0 / 0                 0 / 0                 0 / 0                 0 / 0           ops/s
[120.318s][info][gc,stats    ]    Critical: Allocation Stall                              0.000 / 0.000         0.000 / 0.000         0.000 / 0.000         0.000 / 0.000       ms
[120.318s][info][gc,stats    ]    Critical: GC Locker Stall                                   0 / 0                 0 / 0                 0 / 0                 0 / 0           ops/s
[120.318s][info][gc,stats    ]    Critical: GC Locker Stall                               0.000 / 0.000         0.000 / 0.000         0.000 / 0.000         0.000 / 0.000       ms
[120.318s][info][gc,stats    ]    Critical: Relocation Stall                                  0 / 0                 0 / 0                 0 / 0                 0 / 0           ops/s
[120.318s][info][gc,stats    ]    Critical: Relocation Stall                              0.000 / 0.000         0.000 / 0.000         0.000 / 0.000         0.000 / 0.000       ms
[120.318s][info][gc,stats    ]      Memory: Allocation Rate                                1693 / 2300           1478 / 3876           1478 / 3876           1478 / 3876        MB/s
[120.318s][info][gc,stats    ]      Memory: Out Of Memory                                     0 / 0                 0 / 0                 0 / 0                 0 / 0           ops/s
[120.318s][info][gc,stats    ]      Memory: Page Cache Flush                                  0 / 0                 0 / 0                 0 / 0                 0 / 0           MB/s
[120.318s][info][gc,stats    ]      Memory: Page Cache Hit L1                               787 / 1076            669 / 1729            669 / 1729            669 / 1729        ops/s
[120.318s][info][gc,stats    ]      Memory: Page Cache Hit L2                                 0 / 0                 0 / 0                 0 / 0                 0 / 0           ops/s
[120.318s][info][gc,stats    ]      Memory: Page Cache Hit L3                                 0 / 0                19 / 527              19 / 527              19 / 527         ops/s
[120.318s][info][gc,stats    ]      Memory: Page Cache Miss                                   0 / 0                 0 / 1                 0 / 1                 0 / 1           ops/s
[120.318s][info][gc,stats    ]      Memory: Uncommit                                          0 / 0                 0 / 0                 0 / 0                 0 / 0           MB/s
[120.318s][info][gc,stats    ]      Memory: Undo Object Allocation Failed                     0 / 0                 0 / 1                 0 / 1                 0 / 1           ops/s
[120.318s][info][gc,stats    ]      Memory: Undo Object Allocation Succeeded                  8 / 82                4 / 101               4 / 101               4 / 101         ops/s
[120.318s][info][gc,stats    ]      Memory: Undo Page Allocation                              0 / 1                 0 / 1                 0 / 1                 0 / 1           ops/s
[120.318s][info][gc,stats    ]       Phase: Concurrent Mark                             309.862 / 611.784     317.665 / 972.666     317.665 / 972.666     317.665 / 972.666     ms
[120.318s][info][gc,stats    ]       Phase: Concurrent Mark Continue                      0.000 / 0.000         0.000 / 0.000         0.000 / 0.000         0.000 / 0.000       ms
[120.318s][info][gc,stats    ]       Phase: Concurrent Mark Free                          0.001 / 0.002         0.001 / 0.003         0.001 / 0.003         0.001 / 0.003       ms
[120.318s][info][gc,stats    ]       Phase: Concurrent Process Non-Strong References     10.587 / 11.790        8.705 / 15.785        8.705 / 15.785        8.705 / 15.785      ms
[120.318s][info][gc,stats    ]       Phase: Concurrent Relocate                          74.704 / 211.651      72.922 / 226.884      72.922 / 226.884      72.922 / 226.884     ms
[120.318s][info][gc,stats    ]       Phase: Concurrent Reset Relocation Set               0.039 / 0.120         0.037 / 0.132         0.037 / 0.132         0.037 / 0.132       ms
[120.318s][info][gc,stats    ]       Phase: Concurrent Select Relocation Set             14.679 / 31.977       14.190 / 41.923       14.190 / 41.923       14.190 / 41.923      ms
[120.318s][info][gc,stats    ]       Phase: Pause Mark End                                0.029 / 0.064         0.023 / 0.064         0.023 / 0.064         0.023 / 0.064       ms
[120.318s][info][gc,stats    ]       Phase: Pause Mark Start                              0.008 / 0.010         0.007 / 0.011         0.007 / 0.011         0.007 / 0.011       ms
[120.318s][info][gc,stats    ]       Phase: Pause Relocate Start                          0.011 / 0.015         0.012 / 0.032         0.012 / 0.032         0.012 / 0.032       ms
[120.318s][info][gc,stats    ]    Subphase: Concurrent Classes Purge                      0.455 / 0.523         0.334 / 0.622         0.334 / 0.622         0.334 / 0.622       ms
[120.318s][info][gc,stats    ]    Subphase: Concurrent Classes Unlink                     9.108 / 10.509        7.139 / 12.957        7.139 / 12.957        7.139 / 12.957      ms
[120.318s][info][gc,stats    ]    Subphase: Concurrent Mark                             301.874 / 607.443     308.964 / 969.741     308.964 / 969.741     308.964 / 969.741     ms
[120.318s][info][gc,stats    ]    Subphase: Concurrent Mark Try Flush                     0.157 / 0.298         0.160 / 0.670         0.160 / 0.670         0.160 / 0.670       ms
[120.318s][info][gc,stats    ]    Subphase: Concurrent Mark Try Terminate                 3.122 / 14.514        5.142 / 16.369        5.142 / 16.369        5.142 / 16.369      ms
[120.318s][info][gc,stats    ]    Subphase: Concurrent References Enqueue                 0.006 / 0.007         0.005 / 0.008         0.005 / 0.008         0.005 / 0.008       ms
[120.318s][info][gc,stats    ]    Subphase: Concurrent References Process                 0.164 / 0.255         0.190 / 0.610         0.190 / 0.610         0.190 / 0.610       ms
[120.318s][info][gc,stats    ]    Subphase: Concurrent Roots ClassLoaderDataGraph         0.124 / 0.243         0.115 / 0.370         0.115 / 0.370         0.115 / 0.370       ms
[120.318s][info][gc,stats    ]    Subphase: Concurrent Roots CodeCache                    0.000 / 0.000         0.000 / 0.000         0.000 / 0.000         0.000 / 0.000       ms
[120.318s][info][gc,stats    ]    Subphase: Concurrent Roots JavaThreads                  3.938 / 4.467         5.039 / 8.610         5.039 / 8.610         5.039 / 8.610       ms
[120.318s][info][gc,stats    ]    Subphase: Concurrent Roots OopStorageSet                0.045 / 0.060         0.043 / 0.128         0.043 / 0.128         0.043 / 0.128       ms
[120.318s][info][gc,stats    ]    Subphase: Concurrent Weak Roots OopStorageSet           0.588 / 0.954         0.584 / 1.025         0.584 / 1.025         0.584 / 1.025       ms
[120.318s][info][gc,stats    ]    Subphase: Pause Mark Try Complete                       0.006 / 0.008         0.005 / 0.008         0.005 / 0.008         0.005 / 0.008       ms
[120.318s][info][gc,stats    ]      System: Java Threads                                    264 / 266             225 / 267             225 / 267             225 / 267         threads
[120.318s][info][gc,stats    ] =========================================================================================================================================================
[121.825s][info][gc,start    ] GC(68) Garbage Collection (Allocation Rate)
[121.825s][info][gc,task     ] GC(68) Using 2 workers
[121.826s][info][gc,phases   ] GC(68) Pause Mark Start 0.006ms
[122.328s][info][gc,phases   ] GC(68) Concurrent Mark 501.959ms
[122.328s][info][gc,phases   ] GC(68) Pause Mark End 0.021ms
[122.328s][info][gc,phases   ] GC(68) Concurrent Mark Free 0.001ms
[122.338s][info][gc,phases   ] GC(68) Concurrent Process Non-Strong References 10.200ms
[122.338s][info][gc,phases   ] GC(68) Concurrent Reset Relocation Set 0.003ms
[122.368s][info][gc,phases   ] GC(68) Concurrent Select Relocation Set 29.424ms
[122.368s][info][gc,phases   ] GC(68) Pause Relocate Start 0.013ms
[122.518s][info][gc,phases   ] GC(68) Concurrent Relocate 150.157ms
[122.518s][info][gc,load     ] GC(68) Load: 0.00/0.00/0.00
[122.518s][info][gc,mmu      ] GC(68) MMU: 2ms/96.8%, 5ms/98.7%, 10ms/99.3%, 20ms/99.6%, 50ms/99.8%, 100ms/99.9%
[122.518s][info][gc,marking  ] GC(68) Mark: 2 stripe(s), 2 proactive flush(es), 1 terminate flush(es), 0 completion(s), 0 continuation(s) 
[122.518s][info][gc,marking  ] GC(68) Mark Stack Usage: 32M
[122.518s][info][gc,nmethod  ] GC(68) NMethods: 11736 registered, 0 unregistered
[122.518s][info][gc,metaspace] GC(68) Metaspace: 72M used, 73M committed, 1088M reserved
[122.518s][info][gc,ref      ] GC(68) Soft: 5944 encountered, 0 discovered, 0 enqueued
[122.518s][info][gc,ref      ] GC(68) Weak: 6713 encountered, 727 discovered, 91 enqueued
[122.518s][info][gc,ref      ] GC(68) Final: 53 encountered, 0 discovered, 0 enqueued
[122.518s][info][gc,ref      ] GC(68) Phantom: 588 encountered, 288 discovered, 0 enqueued
[122.518s][info][gc,reloc    ] GC(68) Small Pages: 2213 / 4426M, Empty: 2614M, Relocated: 95M, In-Place: 0
[122.518s][info][gc,reloc    ] GC(68) Medium Pages: 5 / 160M, Empty: 96M, Relocated: 12M, In-Place: 0
[122.518s][info][gc,reloc    ] GC(68) Large Pages: 30 / 212M, Empty: 172M, Relocated: 0M, In-Place: 0
[122.518s][info][gc,reloc    ] GC(68) Forwarding Usage: 95M
[122.518s][info][gc,heap     ] GC(68) Min Capacity: 8192M(100%)
[122.518s][info][gc,heap     ] GC(68) Max Capacity: 8192M(100%)
[122.518s][info][gc,heap     ] GC(68) Soft Max Capacity: 8192M(100%)
[122.518s][info][gc,heap     ] GC(68)                Mark Start          Mark End        Relocate Start      Relocate End           High               Low         
[122.518s][info][gc,heap     ] GC(68)  Capacity:     8192M (100%)       8192M (100%)       8192M (100%)       8192M (100%)       8192M (100%)       8192M (100%)   
[122.518s][info][gc,heap     ] GC(68)      Free:     3394M (41%)        3304M (40%)        6146M (75%)        7510M (92%)        7512M (92%)        3304M (40%)    
[122.518s][info][gc,heap     ] GC(68)      Used:     4798M (59%)        4888M (60%)        2046M (25%)         682M (8%)         4888M (60%)         680M (8%)     
[122.518s][info][gc,heap     ] GC(68)      Live:         -               309M (4%)          309M (4%)          309M (4%)             -                  -          
[122.518s][info][gc,heap     ] GC(68) Allocated:         -                90M (1%)          130M (2%)          343M (4%)             -                  -          
[122.518s][info][gc,heap     ] GC(68)   Garbage:         -              4488M (55%)        1606M (20%)          28M (0%)             -                  -          
[122.518s][info][gc,heap     ] GC(68) Reclaimed:         -                  -              2882M (35%)        4459M (54%)            -                  -          
[122.518s][info][gc          ] GC(68) Garbage Collection (Allocation Rate) 4798M(59%)->682M(8%)
[124.047s][info][gc,start    ] GC(69) Garbage Collection (System.gc())
[124.047s][info][gc,task     ] GC(69) Using 2 workers
[124.047s][info][gc,phases   ] GC(69) Pause Mark Start 0.005ms
[124.182s][info][gc,phases   ] GC(69) Concurrent Mark 135.158ms
[124.182s][info][gc,phases   ] GC(69) Pause Mark End 0.026ms
[124.182s][info][gc,phases   ] GC(69) Concurrent Mark Free 0.002ms
[124.193s][info][gc,phases   ] GC(69) Concurrent Process Non-Strong References 10.582ms
[124.193s][info][gc,phases   ] GC(69) Concurrent Reset Relocation Set 0.093ms
[124.202s][info][gc,phases   ] GC(69) Concurrent Select Relocation Set 8.882ms
[124.202s][info][gc,phases   ] GC(69) Pause Relocate Start 0.010ms
[124.203s][info][gc,phases   ] GC(69) Concurrent Relocate 0.999ms
[124.203s][info][gc,load     ] GC(69) Load: 0.00/0.00/0.00
[124.203s][info][gc,mmu      ] GC(69) MMU: 2ms/96.8%, 5ms/98.7%, 10ms/99.3%, 20ms/99.6%, 50ms/99.8%, 100ms/99.9%
[124.203s][info][gc,marking  ] GC(69) Mark: 2 stripe(s), 2 proactive flush(es), 1 terminate flush(es), 0 completion(s), 0 continuation(s) 
[124.203s][info][gc,marking  ] GC(69) Mark Stack Usage: 32M
[124.203s][info][gc,nmethod  ] GC(69) NMethods: 11780 registered, 0 unregistered
[124.203s][info][gc,metaspace] GC(69) Metaspace: 72M used, 73M committed, 1152M reserved
[124.203s][info][gc,ref      ] GC(69) Soft: 5936 encountered, 0 discovered, 0 enqueued
[124.203s][info][gc,ref      ] GC(69) Weak: 6984 encountered, 1190 discovered, 594 enqueued
[124.203s][info][gc,ref      ] GC(69) Final: 53 encountered, 4 discovered, 0 enqueued
[124.203s][info][gc,ref      ] GC(69) Phantom: 588 encountered, 563 discovered, 0 enqueued
[124.203s][info][gc,reloc    ] GC(69) Small Pages: 1518 / 3036M, Empty: 2762M, Relocated: 1M, In-Place: 0
[124.203s][info][gc,reloc    ] GC(69) Medium Pages: 11 / 352M, Empty: 320M, Relocated: 0M, In-Place: 0
[124.203s][info][gc,reloc    ] GC(69) Large Pages: 46 / 292M, Empty: 292M, Relocated: 0M, In-Place: 0
[124.203s][info][gc,reloc    ] GC(69) Forwarding Usage: 0M
[124.203s][info][gc,heap     ] GC(69) Min Capacity: 8192M(100%)
[124.203s][info][gc,heap     ] GC(69) Max Capacity: 8192M(100%)
[124.203s][info][gc,heap     ] GC(69) Soft Max Capacity: 8192M(100%)
[124.203s][info][gc,heap     ] GC(69)                Mark Start          Mark End        Relocate Start      Relocate End           High               Low         
[124.203s][info][gc,heap     ] GC(69)  Capacity:     8192M (100%)       8192M (100%)       8192M (100%)       8192M (100%)       8192M (100%)       8192M (100%)   
[124.204s][info][gc,heap     ] GC(69)      Free:     4512M (55%)        4510M (55%)        7872M (96%)        7974M (97%)        7974M (97%)        4510M (55%)    
[124.204s][info][gc,heap     ] GC(69)      Used:     3680M (45%)        3682M (45%)         320M (4%)          218M (3%)         3682M (45%)         218M (3%)     
[124.204s][info][gc,heap     ] GC(69)      Live:         -               172M (2%)          172M (2%)          172M (2%)             -                  -          
[124.204s][info][gc,heap     ] GC(69) Allocated:         -                 2M (0%)           14M (0%)           14M (0%)             -                  -          
[124.204s][info][gc,heap     ] GC(69)   Garbage:         -              3507M (43%)         133M (2%)           31M (0%)             -                  -          
[124.204s][info][gc,heap     ] GC(69) Reclaimed:         -                  -              3374M (41%)        3476M (42%)            -                  -          
[124.204s][info][gc          ] GC(69) Garbage Collection (System.gc()) 3680M(45%)->218M(3%)
[126.417s][info][gc,start    ] GC(70) Garbage Collection (Allocation Rate)
[126.417s][info][gc,task     ] GC(70) Using 2 workers
[126.417s][info][gc,phases   ] GC(70) Pause Mark Start 0.008ms
[127.029s][info][gc,phases   ] GC(70) Concurrent Mark 611.849ms
[127.029s][info][gc,phases   ] GC(70) Pause Mark End 0.022ms
[127.029s][info][gc,phases   ] GC(70) Concurrent Mark Free 0.002ms
[127.040s][info][gc,phases   ] GC(70) Concurrent Process Non-Strong References 10.694ms
[127.040s][info][gc,phases   ] GC(70) Concurrent Reset Relocation Set 0.003ms
[127.073s][info][gc,phases   ] GC(70) Concurrent Select Relocation Set 32.790ms
[127.073s][info][gc,phases   ] GC(70) Pause Relocate Start 0.013ms
[127.288s][info][gc,phases   ] GC(70) Concurrent Relocate 214.905ms
[127.288s][info][gc,load     ] GC(70) Load: 0.00/0.00/0.00
[127.288s][info][gc,mmu      ] GC(70) MMU: 2ms/96.8%, 5ms/98.7%, 10ms/99.3%, 20ms/99.6%, 50ms/99.8%, 100ms/99.9%
[127.288s][info][gc,marking  ] GC(70) Mark: 2 stripe(s), 2 proactive flush(es), 1 terminate flush(es), 0 completion(s), 0 continuation(s) 
[127.288s][info][gc,marking  ] GC(70) Mark Stack Usage: 32M
[127.288s][info][gc,nmethod  ] GC(70) NMethods: 11825 registered, 0 unregistered
[127.288s][info][gc,metaspace] GC(70) Metaspace: 72M used, 73M committed, 1152M reserved
[127.288s][info][gc,ref      ] GC(70) Soft: 5944 encountered, 0 discovered, 0 enqueued
[127.288s][info][gc,ref      ] GC(70) Weak: 6713 encountered, 1183 discovered, 94 enqueued
[127.288s][info][gc,ref      ] GC(70) Final: 53 encountered, 29 discovered, 0 enqueued
[127.288s][info][gc,ref      ] GC(70) Phantom: 588 encountered, 288 discovered, 0 enqueued
[127.288s][info][gc,reloc    ] GC(70) Small Pages: 2166 / 4332M, Empty: 2134M, Relocated: 185M, In-Place: 0
[127.288s][info][gc,reloc    ] GC(70) Medium Pages: 5 / 160M, Empty: 128M, Relocated: 0M, In-Place: 0
[127.288s][info][gc,reloc    ] GC(70) Large Pages: 30 / 212M, Empty: 148M, Relocated: 0M, In-Place: 0
[127.288s][info][gc,reloc    ] GC(70) Forwarding Usage: 141M
[127.288s][info][gc,heap     ] GC(70) Min Capacity: 8192M(100%)
[127.288s][info][gc,heap     ] GC(70) Max Capacity: 8192M(100%)
[127.288s][info][gc,heap     ] GC(70) Soft Max Capacity: 8192M(100%)
[127.288s][info][gc,heap     ] GC(70)                Mark Start          Mark End        Relocate Start      Relocate End           High               Low         
[127.288s][info][gc,heap     ] GC(70)  Capacity:     8192M (100%)       8192M (100%)       8192M (100%)       8192M (100%)       8192M (100%)       8192M (100%)   
[127.288s][info][gc,heap     ] GC(70)      Free:     3488M (43%)        3296M (40%)        5596M (68%)        7152M (87%)        7190M (88%)        3288M (40%)    
[127.288s][info][gc,heap     ] GC(70)      Used:     4704M (57%)        4896M (60%)        2596M (32%)        1040M (13%)        4904M (60%)        1002M (12%)    
[127.288s][info][gc,heap     ] GC(70)      Live:         -               425M (5%)          425M (5%)          425M (5%)             -                  -          
[127.288s][info][gc,heap     ] GC(70) Allocated:         -               192M (2%)          302M (4%)          579M (7%)             -                  -          
[127.288s][info][gc,heap     ] GC(70)   Garbage:         -              4278M (52%)        1868M (23%)          34M (0%)             -                  -          
[127.288s][info][gc,heap     ] GC(70) Reclaimed:         -                  -              2410M (29%)        4243M (52%)            -                  -          
[127.288s][info][gc          ] GC(70) Garbage Collection (Allocation Rate) 4704M(57%)->1040M(13%)
[127.324s][info][gc,start    ] GC(71) Garbage Collection (Allocation Rate)
[127.324s][info][gc,task     ] GC(71) Using 2 workers
[127.324s][info][gc,phases   ] GC(71) Pause Mark Start 0.006ms
[127.523s][info][gc,phases   ] GC(71) Concurrent Mark 199.070ms
[127.523s][info][gc,phases   ] GC(71) Pause Mark End 0.023ms
[127.523s][info][gc,phases   ] GC(71) Concurrent Mark Free 0.001ms
[127.534s][info][gc,phases   ] GC(71) Concurrent Process Non-Strong References 10.549ms
[127.534s][info][gc,phases   ] GC(71) Concurrent Reset Relocation Set 0.100ms
[127.544s][info][gc,phases   ] GC(71) Concurrent Select Relocation Set 10.367ms
[127.544s][info][gc,phases   ] GC(71) Pause Relocate Start 0.014ms
[127.567s][info][gc,phases   ] GC(71) Concurrent Relocate 22.191ms
[127.567s][info][gc,load     ] GC(71) Load: 0.00/0.00/0.00
[127.567s][info][gc,mmu      ] GC(71) MMU: 2ms/96.8%, 5ms/98.7%, 10ms/99.3%, 20ms/99.6%, 50ms/99.8%, 100ms/99.9%
[127.567s][info][gc,marking  ] GC(71) Mark: 2 stripe(s), 2 proactive flush(es), 1 terminate flush(es), 0 completion(s), 0 continuation(s) 
[127.567s][info][gc,marking  ] GC(71) Mark Stack Usage: 32M
[127.567s][info][gc,nmethod  ] GC(71) NMethods: 11833 registered, 0 unregistered
[127.567s][info][gc,metaspace] GC(71) Metaspace: 72M used, 73M committed, 1152M reserved
[127.567s][info][gc,ref      ] GC(71) Soft: 5940 encountered, 0 discovered, 0 enqueued
[127.567s][info][gc,ref      ] GC(71) Weak: 6830 encountered, 935 discovered, 221 enqueued
[127.567s][info][gc,ref      ] GC(71) Final: 53 encountered, 2 discovered, 0 enqueued
[127.567s][info][gc,ref      ] GC(71) Phantom: 592 encountered, 290 discovered, 0 enqueued
[127.567s][info][gc,reloc    ] GC(71) Small Pages: 446 / 892M, Empty: 570M, Relocated: 15M, In-Place: 0
[127.567s][info][gc,reloc    ] GC(71) Medium Pages: 4 / 128M, Empty: 32M, Relocated: 18M, In-Place: 0
[127.567s][info][gc,reloc    ] GC(71) Large Pages: 14 / 100M, Empty: 100M, Relocated: 0M, In-Place: 0
[127.567s][info][gc,reloc    ] GC(71) Forwarding Usage: 15M
[127.567s][info][gc,heap     ] GC(71) Min Capacity: 8192M(100%)
[127.567s][info][gc,heap     ] GC(71) Max Capacity: 8192M(100%)
[127.567s][info][gc,heap     ] GC(71) Soft Max Capacity: 8192M(100%)
[127.567s][info][gc,heap     ] GC(71)                Mark Start          Mark End        Relocate Start      Relocate End           High               Low         
[127.567s][info][gc,heap     ] GC(71)  Capacity:     8192M (100%)       8192M (100%)       8192M (100%)       8192M (100%)       8192M (100%)       8192M (100%)   
[127.567s][info][gc,heap     ] GC(71)      Free:     7072M (86%)        6720M (82%)        7404M (90%)        7576M (92%)        7578M (93%)        6706M (82%)    
[127.567s][info][gc,heap     ] GC(71)      Used:     1120M (14%)        1472M (18%)         788M (10%)         616M (8%)         1486M (18%)         614M (7%)     
[127.567s][info][gc,heap     ] GC(71)      Live:         -               194M (2%)          194M (2%)          194M (2%)             -                  -          
[127.567s][info][gc,heap     ] GC(71) Allocated:         -               352M (4%)          370M (5%)          399M (5%)             -                  -          
[127.567s][info][gc,heap     ] GC(71)   Garbage:         -               925M (11%)         223M (3%)           21M (0%)             -                  -          
[127.567s][info][gc,heap     ] GC(71) Reclaimed:         -                  -               702M (9%)          903M (11%)            -                  -          
[127.567s][info][gc          ] GC(71) Garbage Collection (Allocation Rate) 1120M(14%)->616M(8%)
[128.802s][info][gc,start    ] GC(72) Garbage Collection (System.gc())
[128.802s][info][gc,task     ] GC(72) Using 2 workers
[128.802s][info][gc,phases   ] GC(72) Pause Mark Start 0.007ms
[128.944s][info][gc,phases   ] GC(72) Concurrent Mark 141.025ms
[128.944s][info][gc,phases   ] GC(72) Pause Mark End 0.026ms
[128.944s][info][gc,phases   ] GC(72) Concurrent Mark Free 0.001ms
[128.955s][info][gc,phases   ] GC(72) Concurrent Process Non-Strong References 10.607ms
[128.955s][info][gc,phases   ] GC(72) Concurrent Reset Relocation Set 0.006ms
[128.958s][info][gc,phases   ] GC(72) Concurrent Select Relocation Set 3.088ms
[128.958s][info][gc,phases   ] GC(72) Pause Relocate Start 0.008ms
[128.959s][info][gc,phases   ] GC(72) Concurrent Relocate 1.008ms
[128.959s][info][gc,load     ] GC(72) Load: 0.00/0.00/0.00
[128.959s][info][gc,mmu      ] GC(72) MMU: 2ms/96.8%, 5ms/98.7%, 10ms/99.3%, 20ms/99.6%, 50ms/99.8%, 100ms/99.9%
[128.959s][info][gc,marking  ] GC(72) Mark: 2 stripe(s), 2 proactive flush(es), 1 terminate flush(es), 0 completion(s), 0 continuation(s) 
[128.959s][info][gc,marking  ] GC(72) Mark Stack Usage: 32M
[128.959s][info][gc,nmethod  ] GC(72) NMethods: 11851 registered, 0 unregistered
[128.959s][info][gc,metaspace] GC(72) Metaspace: 72M used, 73M committed, 1152M reserved
[128.959s][info][gc,ref      ] GC(72) Soft: 5936 encountered, 0 discovered, 0 enqueued
[128.959s][info][gc,ref      ] GC(72) Weak: 6769 encountered, 1106 discovered, 380 enqueued
[128.959s][info][gc,ref      ] GC(72) Final: 53 encountered, 4 discovered, 0 enqueued
[128.959s][info][gc,ref      ] GC(72) Phantom: 588 encountered, 555 discovered, 0 enqueued
[128.959s][info][gc,reloc    ] GC(72) Small Pages: 1269 / 2538M, Empty: 2284M, Relocated: 1M, In-Place: 0
[128.959s][info][gc,reloc    ] GC(72) Medium Pages: 9 / 288M, Empty: 256M, Relocated: 0M, In-Place: 0
[128.959s][info][gc,reloc    ] GC(72) Large Pages: 36 / 216M, Empty: 216M, Relocated: 0M, In-Place: 0
[128.959s][info][gc,reloc    ] GC(72) Forwarding Usage: 0M
[128.959s][info][gc,heap     ] GC(72) Min Capacity: 8192M(100%)
[128.959s][info][gc,heap     ] GC(72) Max Capacity: 8192M(100%)
[128.959s][info][gc,heap     ] GC(72) Soft Max Capacity: 8192M(100%)
[128.959s][info][gc,heap     ] GC(72)                Mark Start          Mark End        Relocate Start      Relocate End           High               Low         
[128.959s][info][gc,heap     ] GC(72)  Capacity:     8192M (100%)       8192M (100%)       8192M (100%)       8192M (100%)       8192M (100%)       8192M (100%)   
[128.959s][info][gc,heap     ] GC(72)      Free:     5150M (63%)        5148M (63%)        7896M (96%)        7978M (97%)        7978M (97%)        5148M (63%)    
[128.959s][info][gc,heap     ] GC(72)      Used:     3042M (37%)        3044M (37%)         296M (4%)          214M (3%)         3044M (37%)         214M (3%)     
[128.959s][info][gc,heap     ] GC(72)      Live:         -               172M (2%)          172M (2%)          172M (2%)             -                  -          
[128.959s][info][gc,heap     ] GC(72) Allocated:         -                 2M (0%)           10M (0%)            9M (0%)             -                  -          
[128.959s][info][gc,heap     ] GC(72)   Garbage:         -              2869M (35%)         113M (1%)           31M (0%)             -                  -          
[128.959s][info][gc,heap     ] GC(72) Reclaimed:         -                  -              2756M (34%)        2837M (35%)            -                  -          
[128.959s][info][gc          ] GC(72) Garbage Collection (System.gc()) 3042M(37%)->214M(3%)
[130.327s][info][gc,stats    ] === Garbage Collection Statistics =======================================================================================================================
[130.327s][info][gc,stats    ]                                                              Last 10s              Last 10m              Last 10h                Total
[130.327s][info][gc,stats    ]                                                              Avg / Max             Avg / Max             Avg / Max             Avg / Max
[130.327s][info][gc,stats    ]   Collector: Garbage Collection Cycle                    424.068 / 871.211     415.455 / 983.217     415.455 / 983.217     415.455 / 983.217     ms
[130.327s][info][gc,stats    ]  Contention: Mark Segment Reset Contention                     3 / 11                2 / 23                2 / 23                2 / 23          ops/s
[130.327s][info][gc,stats    ]  Contention: Mark SeqNum Reset Contention                      0 / 0                 0 / 1                 0 / 1                 0 / 1           ops/s
[130.327s][info][gc,stats    ]    Critical: Allocation Stall                                  0 / 0                 0 / 0                 0 / 0                 0 / 0           ops/s
[130.327s][info][gc,stats    ]    Critical: Allocation Stall                              0.000 / 0.000         0.000 / 0.000         0.000 / 0.000         0.000 / 0.000       ms
[130.327s][info][gc,stats    ]    Critical: GC Locker Stall                                   0 / 0                 0 / 0                 0 / 0                 0 / 0           ops/s
[130.327s][info][gc,stats    ]    Critical: GC Locker Stall                               0.000 / 0.000         0.000 / 0.000         0.000 / 0.000         0.000 / 0.000       ms
[130.327s][info][gc,stats    ]    Critical: Relocation Stall                                  0 / 0                 0 / 0                 0 / 0                 0 / 0           ops/s
[130.327s][info][gc,stats    ]    Critical: Relocation Stall                              0.000 / 0.000         0.000 / 0.000         0.000 / 0.000         0.000 / 0.000       ms
[130.327s][info][gc,stats    ]      Memory: Allocation Rate                                1631 / 2326           1490 / 3876           1490 / 3876           1490 / 3876        MB/s
[130.327s][info][gc,stats    ]      Memory: Out Of Memory                                     0 / 0                 0 / 0                 0 / 0                 0 / 0           ops/s
[130.327s][info][gc,stats    ]      Memory: Page Cache Flush                                  0 / 0                 0 / 0                 0 / 0                 0 / 0           MB/s
[130.327s][info][gc,stats    ]      Memory: Page Cache Hit L1                               752 / 1030            675 / 1729            675 / 1729            675 / 1729        ops/s
[130.327s][info][gc,stats    ]      Memory: Page Cache Hit L2                                 0 / 0                 0 / 0                 0 / 0                 0 / 0           ops/s
[130.327s][info][gc,stats    ]      Memory: Page Cache Hit L3                                 0 / 0                18 / 527              18 / 527              18 / 527         ops/s
[130.327s][info][gc,stats    ]      Memory: Page Cache Miss                                   0 / 0                 0 / 1                 0 / 1                 0 / 1           ops/s
[130.327s][info][gc,stats    ]      Memory: Uncommit                                          0 / 0                 0 / 0                 0 / 0                 0 / 0           MB/s
[130.327s][info][gc,stats    ]      Memory: Undo Object Allocation Failed                     0 / 0                 0 / 1                 0 / 1                 0 / 1           ops/s
[130.327s][info][gc,stats    ]      Memory: Undo Object Allocation Succeeded                  0 / 0                 4 / 101               4 / 101               4 / 101         ops/s
[130.327s][info][gc,stats    ]      Memory: Undo Page Allocation                              0 / 1                 0 / 1                 0 / 1                 0 / 1           ops/s
[130.327s][info][gc,stats    ]       Phase: Concurrent Mark                             317.812 / 611.849     317.675 / 972.666     317.675 / 972.666     317.675 / 972.666     ms
[130.327s][info][gc,stats    ]       Phase: Concurrent Mark Continue                      0.000 / 0.000         0.000 / 0.000         0.000 / 0.000         0.000 / 0.000       ms
[130.327s][info][gc,stats    ]       Phase: Concurrent Mark Free                          0.001 / 0.002         0.001 / 0.003         0.001 / 0.003         0.001 / 0.003       ms
[130.327s][info][gc,stats    ]       Phase: Concurrent Process Non-Strong References     10.526 / 10.694        8.830 / 15.785        8.830 / 15.785        8.830 / 15.785      ms
[130.327s][info][gc,stats    ]       Phase: Concurrent Relocate                          77.852 / 214.905      73.260 / 226.884      73.260 / 226.884      73.260 / 226.884     ms
[130.327s][info][gc,stats    ]       Phase: Concurrent Reset Relocation Set               0.041 / 0.100         0.037 / 0.132         0.037 / 0.132         0.037 / 0.132       ms
[130.327s][info][gc,stats    ]       Phase: Concurrent Select Relocation Set             16.910 / 32.790       14.376 / 41.923       14.376 / 41.923       14.376 / 41.923      ms
[130.327s][info][gc,stats    ]       Phase: Pause Mark End                                0.024 / 0.026         0.023 / 0.064         0.023 / 0.064         0.023 / 0.064       ms
[130.327s][info][gc,stats    ]       Phase: Pause Mark Start                              0.007 / 0.008         0.007 / 0.011         0.007 / 0.011         0.007 / 0.011       ms
[130.327s][info][gc,stats    ]       Phase: Pause Relocate Start                          0.012 / 0.014         0.012 / 0.032         0.012 / 0.032         0.012 / 0.032       ms
[130.327s][info][gc,stats    ]    Subphase: Concurrent Classes Purge                      0.416 / 0.498         0.339 / 0.622         0.339 / 0.622         0.339 / 0.622       ms
[130.327s][info][gc,stats    ]    Subphase: Concurrent Classes Unlink                     9.018 / 9.421         7.268 / 12.957        7.268 / 12.957        7.268 / 12.957      ms
[130.327s][info][gc,stats    ]    Subphase: Concurrent Mark                             308.156 / 607.455     308.908 / 969.741     308.908 / 969.741     308.908 / 969.741     ms
[130.327s][info][gc,stats    ]    Subphase: Concurrent Mark Try Flush                     0.196 / 0.503         0.162 / 0.670         0.162 / 0.670         0.162 / 0.670       ms
[130.327s][info][gc,stats    ]    Subphase: Concurrent Mark Try Terminate                 5.122 / 16.029        5.141 / 16.369        5.141 / 16.369        5.141 / 16.369      ms
[130.327s][info][gc,stats    ]    Subphase: Concurrent References Enqueue                 0.005 / 0.007         0.005 / 0.008         0.005 / 0.008         0.005 / 0.008       ms
[130.327s][info][gc,stats    ]    Subphase: Concurrent References Process                 0.206 / 0.329         0.191 / 0.610         0.191 / 0.610         0.191 / 0.610       ms
[130.327s][info][gc,stats    ]    Subphase: Concurrent Roots ClassLoaderDataGraph         0.147 / 0.372         0.117 / 0.372         0.117 / 0.372         0.117 / 0.372       ms
[130.327s][info][gc,stats    ]    Subphase: Concurrent Roots CodeCache                    0.000 / 0.000         0.000 / 0.000         0.000 / 0.000         0.000 / 0.000       ms
[130.327s][info][gc,stats    ]    Subphase: Concurrent Roots JavaThreads                  4.000 / 4.393         4.968 / 8.610         4.968 / 8.610         4.968 / 8.610       ms
[130.327s][info][gc,stats    ]    Subphase: Concurrent Roots OopStorageSet                0.060 / 0.142         0.044 / 0.142         0.044 / 0.142         0.044 / 0.142       ms
[130.327s][info][gc,stats    ]    Subphase: Concurrent Weak Roots OopStorageSet           0.632 / 0.876         0.588 / 1.025         0.588 / 1.025         0.588 / 1.025       ms
[130.327s][info][gc,stats    ]    Subphase: Pause Mark Try Complete                       0.000 / 0.000         0.005 / 0.008         0.005 / 0.008         0.005 / 0.008       ms
[130.327s][info][gc,stats    ]      System: Java Threads                                    265 / 266             228 / 267             228 / 267             228 / 267         threads
[130.327s][info][gc,stats    ] =========================================================================================================================================================
[131.222s][info][gc,start    ] GC(73) Garbage Collection (Allocation Rate)
[131.222s][info][gc,task     ] GC(73) Using 2 workers
[131.222s][info][gc,phases   ] GC(73) Pause Mark Start 0.006ms
[131.724s][info][gc,phases   ] GC(73) Concurrent Mark 502.107ms
[131.724s][info][gc,phases   ] GC(73) Pause Mark End 0.021ms
[131.724s][info][gc,phases   ] GC(73) Concurrent Mark Free 0.001ms
[131.734s][info][gc,phases   ] GC(73) Concurrent Process Non-Strong References 9.780ms
[131.734s][info][gc,phases   ] GC(73) Concurrent Reset Relocation Set 0.004ms
[131.756s][info][gc,phases   ] GC(73) Concurrent Select Relocation Set 22.011ms
[131.756s][info][gc,phases   ] GC(73) Pause Relocate Start 0.012ms
[131.897s][info][gc,phases   ] GC(73) Concurrent Relocate 140.675ms
[131.897s][info][gc,load     ] GC(73) Load: 0.00/0.00/0.00
[131.897s][info][gc,mmu      ] GC(73) MMU: 2ms/96.8%, 5ms/98.7%, 10ms/99.3%, 20ms/99.6%, 50ms/99.8%, 100ms/99.9%
[131.897s][info][gc,marking  ] GC(73) Mark: 2 stripe(s), 2 proactive flush(es), 1 terminate flush(es), 0 completion(s), 0 continuation(s) 
[131.897s][info][gc,marking  ] GC(73) Mark Stack Usage: 32M
[131.897s][info][gc,nmethod  ] GC(73) NMethods: 11874 registered, 0 unregistered
[131.897s][info][gc,metaspace] GC(73) Metaspace: 72M used, 73M committed, 1152M reserved
[131.897s][info][gc,ref      ] GC(73) Soft: 5944 encountered, 0 discovered, 0 enqueued
[131.897s][info][gc,ref      ] GC(73) Weak: 6713 encountered, 894 discovered, 109 enqueued
[131.897s][info][gc,ref      ] GC(73) Final: 53 encountered, 0 discovered, 0 enqueued
[131.897s][info][gc,ref      ] GC(73) Phantom: 588 encountered, 288 discovered, 0 enqueued
[131.897s][info][gc,reloc    ] GC(73) Small Pages: 2215 / 4430M, Empty: 2618M, Relocated: 95M, In-Place: 0
[131.897s][info][gc,reloc    ] GC(73) Medium Pages: 5 / 160M, Empty: 96M, Relocated: 11M, In-Place: 0
[131.897s][info][gc,reloc    ] GC(73) Large Pages: 30 / 212M, Empty: 172M, Relocated: 0M, In-Place: 0
[131.897s][info][gc,reloc    ] GC(73) Forwarding Usage: 95M
[131.897s][info][gc,heap     ] GC(73) Min Capacity: 8192M(100%)
[131.897s][info][gc,heap     ] GC(73) Max Capacity: 8192M(100%)
[131.897s][info][gc,heap     ] GC(73) Soft Max Capacity: 8192M(100%)
[131.897s][info][gc,heap     ] GC(73)                Mark Start          Mark End        Relocate Start      Relocate End           High               Low         
[131.897s][info][gc,heap     ] GC(73)  Capacity:     8192M (100%)       8192M (100%)       8192M (100%)       8192M (100%)       8192M (100%)       8192M (100%)   
[131.897s][info][gc,heap     ] GC(73)      Free:     3390M (41%)        3308M (40%)        6184M (75%)        7566M (92%)        7566M (92%)        3302M (40%)    
[131.897s][info][gc,heap     ] GC(73)      Used:     4802M (59%)        4884M (60%)        2008M (25%)         626M (8%)         4890M (60%)         626M (8%)     
[131.897s][info][gc,heap     ] GC(73)      Live:         -               308M (4%)          308M (4%)          308M (4%)             -                  -          
[131.897s][info][gc,heap     ] GC(73) Allocated:         -                82M (1%)           92M (1%)          285M (3%)             -                  -          
[131.897s][info][gc,heap     ] GC(73)   Garbage:         -              4493M (55%)        1607M (20%)          32M (0%)             -                  -          
[131.897s][info][gc,heap     ] GC(73) Reclaimed:         -                  -              2886M (35%)        4461M (54%)            -                  -          
[131.898s][info][gc          ] GC(73) Garbage Collection (Allocation Rate) 4802M(59%)->626M(8%)
[133.623s][info][gc,start    ] GC(74) Garbage Collection (System.gc())
[133.623s][info][gc,task     ] GC(74) Using 2 workers
[133.623s][info][gc,phases   ] GC(74) Pause Mark Start 0.005ms
[133.752s][info][gc,phases   ] GC(74) Concurrent Mark 128.057ms
[133.752s][info][gc,phases   ] GC(74) Pause Mark End 0.011ms
[133.752s][info][gc,phases   ] GC(74) Concurrent Mark Free 0.001ms
[133.762s][info][gc,phases   ] GC(74) Concurrent Process Non-Strong References 10.022ms
[133.762s][info][gc,phases   ] GC(74) Concurrent Reset Relocation Set 0.064ms
[133.770s][info][gc,phases   ] GC(74) Concurrent Select Relocation Set 8.437ms
[133.770s][info][gc,phases   ] GC(74) Pause Relocate Start 0.008ms
[133.771s][info][gc,phases   ] GC(74) Concurrent Relocate 0.948ms
[133.772s][info][gc,load     ] GC(74) Load: 0.00/0.00/0.00
[133.772s][info][gc,mmu      ] GC(74) MMU: 2ms/96.8%, 5ms/98.7%, 10ms/99.3%, 20ms/99.6%, 50ms/99.8%, 100ms/99.9%
[133.772s][info][gc,marking  ] GC(74) Mark: 2 stripe(s), 2 proactive flush(es), 1 terminate flush(es), 0 completion(s), 0 continuation(s) 
[133.772s][info][gc,marking  ] GC(74) Mark Stack Usage: 32M
[133.772s][info][gc,nmethod  ] GC(74) NMethods: 11945 registered, 0 unregistered
[133.772s][info][gc,metaspace] GC(74) Metaspace: 72M used, 73M committed, 1152M reserved
[133.772s][info][gc,ref      ] GC(74) Soft: 5936 encountered, 0 discovered, 0 enqueued
[133.772s][info][gc,ref      ] GC(74) Weak: 6980 encountered, 1185 discovered, 591 enqueued
[133.772s][info][gc,ref      ] GC(74) Final: 53 encountered, 4 discovered, 0 enqueued
[133.772s][info][gc,ref      ] GC(74) Phantom: 588 encountered, 370 discovered, 0 enqueued
[133.772s][info][gc,reloc    ] GC(74) Small Pages: 1514 / 3028M, Empty: 2760M, Relocated: 1M, In-Place: 0
[133.772s][info][gc,reloc    ] GC(74) Medium Pages: 11 / 352M, Empty: 320M, Relocated: 0M, In-Place: 0
[133.772s][info][gc,reloc    ] GC(74) Large Pages: 42 / 268M, Empty: 268M, Relocated: 0M, In-Place: 0
[133.772s][info][gc,reloc    ] GC(74) Forwarding Usage: 0M
[133.772s][info][gc,heap     ] GC(74) Min Capacity: 8192M(100%)
[133.772s][info][gc,heap     ] GC(74) Max Capacity: 8192M(100%)
[133.772s][info][gc,heap     ] GC(74) Soft Max Capacity: 8192M(100%)
[133.772s][info][gc,heap     ] GC(74)                Mark Start          Mark End        Relocate Start      Relocate End           High               Low         
[133.772s][info][gc,heap     ] GC(74)  Capacity:     8192M (100%)       8192M (100%)       8192M (100%)       8192M (100%)       8192M (100%)       8192M (100%)   
[133.772s][info][gc,heap     ] GC(74)      Free:     4544M (55%)        4542M (55%)        7874M (96%)        7970M (97%)        7970M (97%)        4542M (55%)    
[133.772s][info][gc,heap     ] GC(74)      Used:     3648M (45%)        3650M (45%)         318M (4%)          222M (3%)         3650M (45%)         222M (3%)     
[133.772s][info][gc,heap     ] GC(74)      Live:         -               172M (2%)          172M (2%)          172M (2%)             -                  -          
[133.772s][info][gc,heap     ] GC(74) Allocated:         -                 2M (0%)           18M (0%)           17M (0%)             -                  -          
[133.772s][info][gc,heap     ] GC(74)   Garbage:         -              3475M (42%)         127M (2%)           31M (0%)             -                  -          
[133.772s][info][gc,heap     ] GC(74) Reclaimed:         -                  -              3348M (41%)        3443M (42%)            -                  -          
[133.772s][info][gc          ] GC(74) Garbage Collection (System.gc()) 3648M(45%)->222M(3%)
[136.027s][info][gc,start    ] GC(75) Garbage Collection (Allocation Rate)
[136.027s][info][gc,task     ] GC(75) Using 2 workers
[136.027s][info][gc,phases   ] GC(75) Pause Mark Start 0.007ms
[136.609s][info][gc,phases   ] GC(75) Concurrent Mark 581.803ms
[136.609s][info][gc,phases   ] GC(75) Pause Mark End 0.029ms
[136.609s][info][gc,phases   ] GC(75) Concurrent Mark Free 0.001ms
[136.621s][info][gc,phases   ] GC(75) Concurrent Process Non-Strong References 11.702ms
[136.621s][info][gc,phases   ] GC(75) Concurrent Reset Relocation Set 0.004ms
[136.651s][info][gc,phases   ] GC(75) Concurrent Select Relocation Set 29.757ms
[136.651s][info][gc,phases   ] GC(75) Pause Relocate Start 0.018ms
[136.833s][info][gc,phases   ] GC(75) Concurrent Relocate 181.804ms
[136.833s][info][gc,load     ] GC(75) Load: 0.00/0.00/0.00
[136.833s][info][gc,mmu      ] GC(75) MMU: 2ms/96.8%, 5ms/98.7%, 10ms/99.3%, 20ms/99.6%, 50ms/99.8%, 100ms/99.9%
[136.833s][info][gc,marking  ] GC(75) Mark: 2 stripe(s), 2 proactive flush(es), 1 terminate flush(es), 0 completion(s), 0 continuation(s) 
[136.833s][info][gc,marking  ] GC(75) Mark Stack Usage: 32M
[136.833s][info][gc,nmethod  ] GC(75) NMethods: 11974 registered, 0 unregistered
[136.833s][info][gc,metaspace] GC(75) Metaspace: 72M used, 73M committed, 1152M reserved
[136.833s][info][gc,ref      ] GC(75) Soft: 5944 encountered, 0 discovered, 0 enqueued
[136.833s][info][gc,ref      ] GC(75) Weak: 6705 encountered, 771 discovered, 24 enqueued
[136.833s][info][gc,ref      ] GC(75) Final: 53 encountered, 29 discovered, 0 enqueued
[136.833s][info][gc,ref      ] GC(75) Phantom: 588 encountered, 299 discovered, 0 enqueued
[136.833s][info][gc,reloc    ] GC(75) Small Pages: 2215 / 4430M, Empty: 2376M, Relocated: 141M, In-Place: 0
[136.833s][info][gc,reloc    ] GC(75) Medium Pages: 5 / 160M, Empty: 96M, Relocated: 10M, In-Place: 0
[136.833s][info][gc,reloc    ] GC(75) Large Pages: 30 / 212M, Empty: 160M, Relocated: 0M, In-Place: 0
[136.833s][info][gc,reloc    ] GC(75) Forwarding Usage: 121M
[136.833s][info][gc,heap     ] GC(75) Min Capacity: 8192M(100%)
[136.833s][info][gc,heap     ] GC(75) Max Capacity: 8192M(100%)
[136.833s][info][gc,heap     ] GC(75) Soft Max Capacity: 8192M(100%)
[136.833s][info][gc,heap     ] GC(75)                Mark Start          Mark End        Relocate Start      Relocate End           High               Low         
[136.833s][info][gc,heap     ] GC(75)  Capacity:     8192M (100%)       8192M (100%)       8192M (100%)       8192M (100%)       8192M (100%)       8192M (100%)   
[136.833s][info][gc,heap     ] GC(75)      Free:     3390M (41%)        3250M (40%)        5794M (71%)        7352M (90%)        7354M (90%)        3192M (39%)    
[136.833s][info][gc,heap     ] GC(75)      Used:     4802M (59%)        4942M (60%)        2398M (29%)         840M (10%)        5000M (61%)         838M (10%)    
[136.833s][info][gc,heap     ] GC(75)      Live:         -               368M (5%)          368M (5%)          368M (5%)             -                  -          
[136.833s][info][gc,heap     ] GC(75) Allocated:         -               140M (2%)          228M (3%)          439M (5%)             -                  -          
[136.833s][info][gc,heap     ] GC(75)   Garbage:         -              4433M (54%)        1801M (22%)          31M (0%)             -                  -          
[136.833s][info][gc,heap     ] GC(75) Reclaimed:         -                  -              2632M (32%)        4401M (54%)            -                  -          
[136.833s][info][gc          ] GC(75) Garbage Collection (Allocation Rate) 4802M(59%)->840M(10%)
[136.915s][info][gc,start    ] GC(76) Garbage Collection (Allocation Rate)
[136.915s][info][gc,task     ] GC(76) Using 2 workers
[136.915s][info][gc,phases   ] GC(76) Pause Mark Start 0.006ms
[137.120s][info][gc,phases   ] GC(76) Concurrent Mark 204.740ms
[137.120s][info][gc,phases   ] GC(76) Pause Mark End 0.021ms
[137.120s][info][gc,phases   ] GC(76) Concurrent Mark Free 0.001ms
[137.131s][info][gc,phases   ] GC(76) Concurrent Process Non-Strong References 10.206ms
[137.131s][info][gc,phases   ] GC(76) Concurrent Reset Relocation Set 0.083ms
[137.141s][info][gc,phases   ] GC(76) Concurrent Select Relocation Set 10.552ms
[137.141s][info][gc,phases   ] GC(76) Pause Relocate Start 0.030ms
[137.167s][info][gc,phases   ] GC(76) Concurrent Relocate 25.818ms
[137.167s][info][gc,load     ] GC(76) Load: 0.00/0.00/0.00
[137.167s][info][gc,mmu      ] GC(76) MMU: 2ms/96.8%, 5ms/98.7%, 10ms/99.3%, 20ms/99.6%, 50ms/99.8%, 100ms/99.9%
[137.167s][info][gc,marking  ] GC(76) Mark: 2 stripe(s), 2 proactive flush(es), 1 terminate flush(es), 0 completion(s), 0 continuation(s) 
[137.167s][info][gc,marking  ] GC(76) Mark Stack Usage: 32M
[137.167s][info][gc,nmethod  ] GC(76) NMethods: 11984 registered, 0 unregistered
[137.168s][info][gc,metaspace] GC(76) Metaspace: 72M used, 73M committed, 1152M reserved
[137.168s][info][gc,ref      ] GC(76) Soft: 5941 encountered, 0 discovered, 0 enqueued
[137.168s][info][gc,ref      ] GC(76) Weak: 6789 encountered, 1235 discovered, 223 enqueued
[137.168s][info][gc,ref      ] GC(76) Final: 53 encountered, 4 discovered, 0 enqueued
[137.168s][info][gc,ref      ] GC(76) Phantom: 588 encountered, 384 discovered, 0 enqueued
[137.168s][info][gc,reloc    ] GC(76) Small Pages: 392 / 784M, Empty: 414M, Relocated: 20M, In-Place: 0
[137.168s][info][gc,reloc    ] GC(76) Medium Pages: 4 / 128M, Empty: 96M, Relocated: 0M, In-Place: 0
[137.168s][info][gc,reloc    ] GC(76) Large Pages: 16 / 112M, Empty: 88M, Relocated: 0M, In-Place: 0
[137.168s][info][gc,reloc    ] GC(76) Forwarding Usage: 21M
[137.168s][info][gc,heap     ] GC(76) Min Capacity: 8192M(100%)
[137.168s][info][gc,heap     ] GC(76) Max Capacity: 8192M(100%)
[137.168s][info][gc,heap     ] GC(76) Soft Max Capacity: 8192M(100%)
[137.168s][info][gc,heap     ] GC(76)                Mark Start          Mark End        Relocate Start      Relocate End           High               Low         
[137.168s][info][gc,heap     ] GC(76)  Capacity:     8192M (100%)       8192M (100%)       8192M (100%)       8192M (100%)       8192M (100%)       8192M (100%)   
[137.168s][info][gc,heap     ] GC(76)      Free:     7168M (88%)        6800M (83%)        7384M (90%)        7546M (92%)        7546M (92%)        6790M (83%)    
[137.168s][info][gc,heap     ] GC(76)      Used:     1024M (12%)        1392M (17%)         808M (10%)         646M (8%)         1402M (17%)         646M (8%)     
[137.168s][info][gc,heap     ] GC(76)      Live:         -               215M (3%)          215M (3%)          215M (3%)             -                  -          
[137.168s][info][gc,heap     ] GC(76) Allocated:         -               368M (4%)          382M (5%)          399M (5%)             -                  -          
[137.168s][info][gc,heap     ] GC(76)   Garbage:         -               808M (10%)         210M (3%)           30M (0%)             -                  -          
[137.168s][info][gc,heap     ] GC(76) Reclaimed:         -                  -               598M (7%)          777M (9%)             -                  -          
[137.168s][info][gc          ] GC(76) Garbage Collection (Allocation Rate) 1024M(12%)->646M(8%)
[138.509s][info][gc,start    ] GC(77) Garbage Collection (System.gc())
[138.509s][info][gc,task     ] GC(77) Using 2 workers
[138.509s][info][gc,phases   ] GC(77) Pause Mark Start 0.005ms
[138.640s][info][gc,phases   ] GC(77) Concurrent Mark 131.323ms
[138.640s][info][gc,phases   ] GC(77) Pause Mark End 0.024ms
[138.640s][info][gc,phases   ] GC(77) Concurrent Mark Free 0.002ms
[138.651s][info][gc,phases   ] GC(77) Concurrent Process Non-Strong References 10.714ms
[138.651s][info][gc,phases   ] GC(77) Concurrent Reset Relocation Set 0.010ms
[138.654s][info][gc,phases   ] GC(77) Concurrent Select Relocation Set 3.047ms
[138.654s][info][gc,phases   ] GC(77) Pause Relocate Start 0.010ms
[138.656s][info][gc,phases   ] GC(77) Concurrent Relocate 1.189ms
[138.656s][info][gc,load     ] GC(77) Load: 0.00/0.00/0.00
[138.656s][info][gc,mmu      ] GC(77) MMU: 2ms/96.8%, 5ms/98.7%, 10ms/99.3%, 20ms/99.6%, 50ms/99.8%, 100ms/99.9%
[138.656s][info][gc,marking  ] GC(77) Mark: 2 stripe(s), 2 proactive flush(es), 1 terminate flush(es), 0 completion(s), 0 continuation(s) 
[138.656s][info][gc,marking  ] GC(77) Mark Stack Usage: 32M
[138.656s][info][gc,nmethod  ] GC(77) NMethods: 12006 registered, 0 unregistered
[138.656s][info][gc,metaspace] GC(77) Metaspace: 72M used, 73M committed, 1152M reserved
[138.656s][info][gc,ref      ] GC(77) Soft: 5936 encountered, 0 discovered, 0 enqueued
[138.656s][info][gc,ref      ] GC(77) Weak: 6772 encountered, 1167 discovered, 380 enqueued
[138.656s][info][gc,ref      ] GC(77) Final: 53 encountered, 4 discovered, 0 enqueued
[138.656s][info][gc,ref      ] GC(77) Phantom: 588 encountered, 289 discovered, 0 enqueued
[138.656s][info][gc,reloc    ] GC(77) Small Pages: 1251 / 2502M, Empty: 2248M, Relocated: 1M, In-Place: 0
[138.656s][info][gc,reloc    ] GC(77) Medium Pages: 9 / 288M, Empty: 256M, Relocated: 0M, In-Place: 0
[138.656s][info][gc,reloc    ] GC(77) Large Pages: 33 / 198M, Empty: 198M, Relocated: 0M, In-Place: 0
[138.656s][info][gc,reloc    ] GC(77) Forwarding Usage: 0M
[138.656s][info][gc,heap     ] GC(77) Min Capacity: 8192M(100%)
[138.656s][info][gc,heap     ] GC(77) Max Capacity: 8192M(100%)
[138.656s][info][gc,heap     ] GC(77) Soft Max Capacity: 8192M(100%)
[138.656s][info][gc,heap     ] GC(77)                Mark Start          Mark End        Relocate Start      Relocate End           High               Low         
[138.656s][info][gc,heap     ] GC(77)  Capacity:     8192M (100%)       8192M (100%)       8192M (100%)       8192M (100%)       8192M (100%)       8192M (100%)   
[138.656s][info][gc,heap     ] GC(77)      Free:     5204M (64%)        5202M (64%)        7896M (96%)        7976M (97%)        7976M (97%)        5202M (64%)    
[138.656s][info][gc,heap     ] GC(77)      Used:     2988M (36%)        2990M (36%)         296M (4%)          216M (3%)         2990M (36%)         216M (3%)     
[138.656s][info][gc,heap     ] GC(77)      Live:         -               172M (2%)          172M (2%)          172M (2%)             -                  -          
[138.656s][info][gc,heap     ] GC(77) Allocated:         -                 2M (0%)           10M (0%)           11M (0%)             -                  -          
[138.656s][info][gc,heap     ] GC(77)   Garbage:         -              2815M (34%)         113M (1%)           31M (0%)             -                  -          
[138.656s][info][gc,heap     ] GC(77) Reclaimed:         -                  -              2702M (33%)        2783M (34%)            -                  -          
[138.656s][info][gc          ] GC(77) Garbage Collection (System.gc()) 2988M(36%)->216M(3%)
[140.321s][info][gc,stats    ] === Garbage Collection Statistics =======================================================================================================================
[140.321s][info][gc,stats    ]                                                              Last 10s              Last 10m              Last 10h                Total
[140.321s][info][gc,stats    ]                                                              Avg / Max             Avg / Max             Avg / Max             Avg / Max
[140.322s][info][gc,stats    ]   Collector: Garbage Collection Cycle                    405.840 / 806.103     414.838 / 983.217     414.838 / 983.217     414.838 / 983.217     ms
[140.322s][info][gc,stats    ]  Contention: Mark Segment Reset Contention                     2 / 10                2 / 23                2 / 23                2 / 23          ops/s
[140.322s][info][gc,stats    ]  Contention: Mark SeqNum Reset Contention                      0 / 0                 0 / 1                 0 / 1                 0 / 1           ops/s
[140.322s][info][gc,stats    ]    Critical: Allocation Stall                                  0 / 0                 0 / 0                 0 / 0                 0 / 0           ops/s
[140.322s][info][gc,stats    ]    Critical: Allocation Stall                              0.000 / 0.000         0.000 / 0.000         0.000 / 0.000         0.000 / 0.000       ms
[140.322s][info][gc,stats    ]    Critical: GC Locker Stall                                   0 / 0                 0 / 0                 0 / 0                 0 / 0           ops/s
[140.322s][info][gc,stats    ]    Critical: GC Locker Stall                               0.000 / 0.000         0.000 / 0.000         0.000 / 0.000         0.000 / 0.000       ms
[140.322s][info][gc,stats    ]    Critical: Relocation Stall                                  0 / 0                 0 / 0                 0 / 0                 0 / 0           ops/s
[140.322s][info][gc,stats    ]    Critical: Relocation Stall                              0.000 / 0.000         0.000 / 0.000         0.000 / 0.000         0.000 / 0.000       ms
[140.322s][info][gc,stats    ]      Memory: Allocation Rate                                1658 / 2406           1502 / 3876           1502 / 3876           1502 / 3876        MB/s
[140.322s][info][gc,stats    ]      Memory: Out Of Memory                                     0 / 0                 0 / 0                 0 / 0                 0 / 0           ops/s
[140.322s][info][gc,stats    ]      Memory: Page Cache Flush                                  0 / 0                 0 / 0                 0 / 0                 0 / 0           MB/s
[140.322s][info][gc,stats    ]      Memory: Page Cache Hit L1                               765 / 1154            682 / 1729            682 / 1729            682 / 1729        ops/s
[140.322s][info][gc,stats    ]      Memory: Page Cache Hit L2                                 0 / 0                 0 / 0                 0 / 0                 0 / 0           ops/s
[140.322s][info][gc,stats    ]      Memory: Page Cache Hit L3                                 0 / 0                16 / 527              16 / 527              16 / 527         ops/s
[140.322s][info][gc,stats    ]      Memory: Page Cache Miss                                   0 / 0                 0 / 1                 0 / 1                 0 / 1           ops/s
[140.322s][info][gc,stats    ]      Memory: Uncommit                                          0 / 0                 0 / 0                 0 / 0                 0 / 0           MB/s
[140.322s][info][gc,stats    ]      Memory: Undo Object Allocation Failed                     0 / 0                 0 / 1                 0 / 1                 0 / 1           ops/s
[140.322s][info][gc,stats    ]      Memory: Undo Object Allocation Succeeded                  0 / 6                 4 / 101               4 / 101               4 / 101         ops/s
[140.322s][info][gc,stats    ]      Memory: Undo Page Allocation                              0 / 0                 0 / 1                 0 / 1                 0 / 1           ops/s
[140.322s][info][gc,stats    ]       Phase: Concurrent Mark                             309.606 / 581.803     317.158 / 972.666     317.158 / 972.666     317.158 / 972.666     ms
[140.322s][info][gc,stats    ]       Phase: Concurrent Mark Continue                      0.000 / 0.000         0.000 / 0.000         0.000 / 0.000         0.000 / 0.000       ms
[140.322s][info][gc,stats    ]       Phase: Concurrent Mark Free                          0.001 / 0.002         0.001 / 0.003         0.001 / 0.003         0.001 / 0.003       ms
[140.322s][info][gc,stats    ]       Phase: Concurrent Process Non-Strong References     10.485 / 11.702        8.936 / 15.785        8.936 / 15.785        8.936 / 15.785      ms
[140.322s][info][gc,stats    ]       Phase: Concurrent Relocate                          70.087 / 181.804      73.056 / 226.884      73.056 / 226.884      73.056 / 226.884     ms
[140.322s][info][gc,stats    ]       Phase: Concurrent Reset Relocation Set               0.033 / 0.083         0.037 / 0.132         0.037 / 0.132         0.037 / 0.132       ms
[140.322s][info][gc,stats    ]       Phase: Concurrent Select Relocation Set             14.761 / 29.757       14.401 / 41.923       14.401 / 41.923       14.401 / 41.923      ms
[140.322s][info][gc,stats    ]       Phase: Pause Mark End                                0.021 / 0.029         0.023 / 0.064         0.023 / 0.064         0.023 / 0.064       ms
[140.322s][info][gc,stats    ]       Phase: Pause Mark Start                              0.006 / 0.007         0.007 / 0.011         0.007 / 0.011         0.007 / 0.011       ms
[140.322s][info][gc,stats    ]       Phase: Pause Relocate Start                          0.015 / 0.030         0.013 / 0.032         0.013 / 0.032         0.013 / 0.032       ms
[140.322s][info][gc,stats    ]    Subphase: Concurrent Classes Purge                      0.466 / 0.571         0.347 / 0.622         0.347 / 0.622         0.347 / 0.622       ms
[140.322s][info][gc,stats    ]    Subphase: Concurrent Classes Unlink                     9.176 / 10.222        7.390 / 12.957        7.390 / 12.957        7.390 / 12.957      ms
[140.322s][info][gc,stats    ]    Subphase: Concurrent Mark                             304.006 / 577.727     308.594 / 969.741     308.594 / 969.741     308.594 / 969.741     ms
[140.322s][info][gc,stats    ]    Subphase: Concurrent Mark Try Flush                     0.183 / 0.552         0.164 / 0.670         0.164 / 0.670         0.164 / 0.670       ms
[140.322s][info][gc,stats    ]    Subphase: Concurrent Mark Try Terminate                 2.413 / 16.498        5.003 / 16.498        5.003 / 16.498        5.003 / 16.498      ms
[140.322s][info][gc,stats    ]    Subphase: Concurrent References Enqueue                 0.006 / 0.007         0.005 / 0.008         0.005 / 0.008         0.005 / 0.008       ms
[140.322s][info][gc,stats    ]    Subphase: Concurrent References Process                 0.148 / 0.163         0.188 / 0.610         0.188 / 0.610         0.188 / 0.610       ms
[140.322s][info][gc,stats    ]    Subphase: Concurrent Roots ClassLoaderDataGraph         0.137 / 0.376         0.118 / 0.376         0.118 / 0.376         0.118 / 0.376       ms
[140.322s][info][gc,stats    ]    Subphase: Concurrent Roots CodeCache                    0.000 / 0.000         0.000 / 0.000         0.000 / 0.000         0.000 / 0.000       ms
[140.322s][info][gc,stats    ]    Subphase: Concurrent Roots JavaThreads                  3.962 / 4.424         4.903 / 8.610         4.903 / 8.610         4.903 / 8.610       ms
[140.322s][info][gc,stats    ]    Subphase: Concurrent Roots OopStorageSet                0.045 / 0.066         0.044 / 0.142         0.044 / 0.142         0.044 / 0.142       ms
[140.322s][info][gc,stats    ]    Subphase: Concurrent Weak Roots OopStorageSet           0.395 / 0.439         0.575 / 1.025         0.575 / 1.025         0.575 / 1.025       ms
[140.322s][info][gc,stats    ]    Subphase: Pause Mark Try Complete                       0.000 / 0.000         0.005 / 0.008         0.005 / 0.008         0.005 / 0.008       ms
[140.322s][info][gc,stats    ]      System: Java Threads                                    264 / 266             230 / 267             230 / 267             230 / 267         threads
[140.322s][info][gc,stats    ] =========================================================================================================================================================
[140.918s][info][gc,start    ] GC(78) Garbage Collection (Allocation Rate)
[140.918s][info][gc,task     ] GC(78) Using 2 workers
[140.918s][info][gc,phases   ] GC(78) Pause Mark Start 0.007ms
[141.436s][info][gc,phases   ] GC(78) Concurrent Mark 517.400ms
[141.436s][info][gc,phases   ] GC(78) Pause Mark End 0.019ms
[141.436s][info][gc,phases   ] GC(78) Concurrent Mark Free 0.001ms
[141.446s][info][gc,phases   ] GC(78) Concurrent Process Non-Strong References 9.706ms
[141.446s][info][gc,phases   ] GC(78) Concurrent Reset Relocation Set 0.003ms
[141.468s][info][gc,phases   ] GC(78) Concurrent Select Relocation Set 22.657ms
[141.468s][info][gc,phases   ] GC(78) Pause Relocate Start 0.007ms
[141.618s][info][gc,phases   ] GC(78) Concurrent Relocate 149.208ms
[141.618s][info][gc,load     ] GC(78) Load: 0.00/0.00/0.00
[141.618s][info][gc,mmu      ] GC(78) MMU: 2ms/96.8%, 5ms/98.7%, 10ms/99.3%, 20ms/99.6%, 50ms/99.8%, 100ms/99.9%
[141.618s][info][gc,marking  ] GC(78) Mark: 2 stripe(s), 2 proactive flush(es), 1 terminate flush(es), 0 completion(s), 0 continuation(s) 
[141.618s][info][gc,marking  ] GC(78) Mark Stack Usage: 32M
[141.618s][info][gc,nmethod  ] GC(78) NMethods: 12041 registered, 0 unregistered
[141.618s][info][gc,metaspace] GC(78) Metaspace: 72M used, 73M committed, 1152M reserved
[141.618s][info][gc,ref      ] GC(78) Soft: 5944 encountered, 0 discovered, 0 enqueued
[141.618s][info][gc,ref      ] GC(78) Weak: 6719 encountered, 854 discovered, 92 enqueued
[141.618s][info][gc,ref      ] GC(78) Final: 53 encountered, 4 discovered, 0 enqueued
[141.618s][info][gc,ref      ] GC(78) Phantom: 588 encountered, 398 discovered, 0 enqueued
[141.618s][info][gc,reloc    ] GC(78) Small Pages: 2215 / 4430M, Empty: 2614M, Relocated: 95M, In-Place: 0
[141.618s][info][gc,reloc    ] GC(78) Medium Pages: 5 / 160M, Empty: 96M, Relocated: 12M, In-Place: 0
[141.618s][info][gc,reloc    ] GC(78) Large Pages: 30 / 212M, Empty: 172M, Relocated: 0M, In-Place: 0
[141.618s][info][gc,reloc    ] GC(78) Forwarding Usage: 95M
[141.618s][info][gc,heap     ] GC(78) Min Capacity: 8192M(100%)
[141.618s][info][gc,heap     ] GC(78) Max Capacity: 8192M(100%)
[141.618s][info][gc,heap     ] GC(78) Soft Max Capacity: 8192M(100%)
[141.618s][info][gc,heap     ] GC(78)                Mark Start          Mark End        Relocate Start      Relocate End           High               Low         
[141.618s][info][gc,heap     ] GC(78)  Capacity:     8192M (100%)       8192M (100%)       8192M (100%)       8192M (100%)       8192M (100%)       8192M (100%)   
[141.618s][info][gc,heap     ] GC(78)      Free:     3390M (41%)        3302M (40%)        6176M (75%)        7534M (92%)        7534M (92%)        3300M (40%)    
[141.618s][info][gc,heap     ] GC(78)      Used:     4802M (59%)        4890M (60%)        2016M (25%)         658M (8%)         4892M (60%)         658M (8%)     
[141.618s][info][gc,heap     ] GC(78)      Live:         -               309M (4%)          309M (4%)          309M (4%)             -                  -          
[141.618s][info][gc,heap     ] GC(78) Allocated:         -                88M (1%)           96M (1%)          319M (4%)             -                  -          
[141.618s][info][gc,heap     ] GC(78)   Garbage:         -              4492M (55%)        1610M (20%)          28M (0%)             -                  -          
[141.618s][info][gc,heap     ] GC(78) Reclaimed:         -                  -              2882M (35%)        4463M (54%)            -                  -          
[141.618s][info][gc          ] GC(78) Garbage Collection (Allocation Rate) 4802M(59%)->658M(8%)
[142.622s][info][gc,start    ] GC(79) Garbage Collection (Allocation Rate)
[142.622s][info][gc,task     ] GC(79) Using 2 workers
[142.622s][info][gc,phases   ] GC(79) Pause Mark Start 0.008ms
[142.953s][info][gc,phases   ] GC(79) Concurrent Mark 331.440ms
[142.953s][info][gc,phases   ] GC(79) Pause Mark End 0.016ms
[142.954s][info][gc,phases   ] GC(79) Concurrent Mark Free 0.001ms
[142.965s][info][gc,phases   ] GC(79) Concurrent Process Non-Strong References 11.001ms
[142.965s][info][gc,phases   ] GC(79) Concurrent Reset Relocation Set 0.078ms
[142.976s][info][gc,phases   ] GC(79) Concurrent Select Relocation Set 11.186ms
[142.976s][info][gc,phases   ] GC(79) Pause Relocate Start 0.010ms
[143.052s][info][gc,phases   ] GC(79) Concurrent Relocate 76.127ms
[143.052s][info][gc,load     ] GC(79) Load: 0.00/0.00/0.00
[143.052s][info][gc,mmu      ] GC(79) MMU: 2ms/96.8%, 5ms/98.7%, 10ms/99.3%, 20ms/99.6%, 50ms/99.8%, 100ms/99.9%
[143.052s][info][gc,marking  ] GC(79) Mark: 2 stripe(s), 2 proactive flush(es), 1 terminate flush(es), 0 completion(s), 0 continuation(s) 
[143.052s][info][gc,marking  ] GC(79) Mark Stack Usage: 32M
[143.052s][info][gc,nmethod  ] GC(79) NMethods: 12099 registered, 0 unregistered
[143.052s][info][gc,metaspace] GC(79) Metaspace: 72M used, 73M committed, 1152M reserved
[143.052s][info][gc,ref      ] GC(79) Soft: 5940 encountered, 0 discovered, 0 enqueued
[143.052s][info][gc,ref      ] GC(79) Weak: 6977 encountered, 1249 discovered, 362 enqueued
[143.052s][info][gc,ref      ] GC(79) Final: 53 encountered, 28 discovered, 0 enqueued
[143.052s][info][gc,ref      ] GC(79) Phantom: 588 encountered, 250 discovered, 0 enqueued
[143.053s][info][gc,reloc    ] GC(79) Small Pages: 1004 / 2008M, Empty: 1038M, Relocated: 43M, In-Place: 0
[143.053s][info][gc,reloc    ] GC(79) Medium Pages: 6 / 192M, Empty: 96M, Relocated: 12M, In-Place: 0
[143.053s][info][gc,reloc    ] GC(79) Large Pages: 24 / 160M, Empty: 160M, Relocated: 0M, In-Place: 0
[143.053s][info][gc,reloc    ] GC(79) Forwarding Usage: 37M
[143.053s][info][gc,heap     ] GC(79) Min Capacity: 8192M(100%)
[143.053s][info][gc,heap     ] GC(79) Max Capacity: 8192M(100%)
[143.053s][info][gc,heap     ] GC(79) Soft Max Capacity: 8192M(100%)
[143.053s][info][gc,heap     ] GC(79)                Mark Start          Mark End        Relocate Start      Relocate End           High               Low         
[143.053s][info][gc,heap     ] GC(79)  Capacity:     8192M (100%)       8192M (100%)       8192M (100%)       8192M (100%)       8192M (100%)       8192M (100%)   
[143.053s][info][gc,heap     ] GC(79)      Free:     5832M (71%)        5234M (64%)        6492M (79%)        7230M (88%)        7230M (88%)        5222M (64%)    
[143.053s][info][gc,heap     ] GC(79)      Used:     2360M (29%)        2958M (36%)        1700M (21%)         962M (12%)        2970M (36%)         962M (12%)    
[143.053s][info][gc,heap     ] GC(79)      Live:         -               236M (3%)          236M (3%)          236M (3%)             -                  -          
[143.053s][info][gc,heap     ] GC(79) Allocated:         -               598M (7%)          634M (8%)          685M (8%)             -                  -          
[143.053s][info][gc,heap     ] GC(79)   Garbage:         -              2123M (26%)         829M (10%)          39M (0%)             -                  -          
[143.053s][info][gc,heap     ] GC(79) Reclaimed:         -                  -              1294M (16%)        2083M (25%)            -                  -          
[143.053s][info][gc          ] GC(79) Garbage Collection (Allocation Rate) 2360M(29%)->962M(12%)
[143.252s][info][gc,start    ] GC(80) Garbage Collection (System.gc())
[143.252s][info][gc,task     ] GC(80) Using 2 workers
[143.252s][info][gc,phases   ] GC(80) Pause Mark Start 0.011ms
[143.394s][info][gc,phases   ] GC(80) Concurrent Mark 141.316ms
[143.394s][info][gc,phases   ] GC(80) Pause Mark End 0.017ms
[143.394s][info][gc,phases   ] GC(80) Concurrent Mark Free 0.001ms
[143.405s][info][gc,phases   ] GC(80) Concurrent Process Non-Strong References 10.719ms
[143.405s][info][gc,phases   ] GC(80) Concurrent Reset Relocation Set 0.042ms
[143.410s][info][gc,phases   ] GC(80) Concurrent Select Relocation Set 4.827ms
[143.410s][info][gc,phases   ] GC(80) Pause Relocate Start 0.008ms
[143.411s][info][gc,phases   ] GC(80) Concurrent Relocate 0.591ms
[143.411s][info][gc,load     ] GC(80) Load: 0.00/0.00/0.00
[143.411s][info][gc,mmu      ] GC(80) MMU: 2ms/96.8%, 5ms/98.7%, 10ms/99.3%, 20ms/99.6%, 50ms/99.8%, 100ms/99.9%
[143.411s][info][gc,marking  ] GC(80) Mark: 2 stripe(s), 2 proactive flush(es), 1 terminate flush(es), 0 completion(s), 0 continuation(s) 
[143.411s][info][gc,marking  ] GC(80) Mark Stack Usage: 32M
[143.411s][info][gc,nmethod  ] GC(80) NMethods: 12102 registered, 0 unregistered
[143.411s][info][gc,metaspace] GC(80) Metaspace: 72M used, 73M committed, 1152M reserved
[143.411s][info][gc,ref      ] GC(80) Soft: 5936 encountered, 0 discovered, 0 enqueued
[143.411s][info][gc,ref      ] GC(80) Weak: 6630 encountered, 833 discovered, 237 enqueued
[143.411s][info][gc,ref      ] GC(80) Final: 53 encountered, 4 discovered, 0 enqueued
[143.411s][info][gc,ref      ] GC(80) Phantom: 589 encountered, 288 discovered, 0 enqueued
[143.411s][info][gc,reloc    ] GC(80) Small Pages: 628 / 1256M, Empty: 1040M, Relocated: 0M, In-Place: 0
[143.411s][info][gc,reloc    ] GC(80) Medium Pages: 7 / 224M, Empty: 192M, Relocated: 0M, In-Place: 0
[143.411s][info][gc,reloc    ] GC(80) Large Pages: 24 / 144M, Empty: 144M, Relocated: 0M, In-Place: 0
[143.411s][info][gc,reloc    ] GC(80) Forwarding Usage: 0M
[143.411s][info][gc,heap     ] GC(80) Min Capacity: 8192M(100%)
[143.411s][info][gc,heap     ] GC(80) Max Capacity: 8192M(100%)
[143.411s][info][gc,heap     ] GC(80) Soft Max Capacity: 8192M(100%)
[143.411s][info][gc,heap     ] GC(80)                Mark Start          Mark End        Relocate Start      Relocate End           High               Low         
[143.411s][info][gc,heap     ] GC(80)  Capacity:     8192M (100%)       8192M (100%)       8192M (100%)       8192M (100%)       8192M (100%)       8192M (100%)   
[143.411s][info][gc,heap     ] GC(80)      Free:     6568M (80%)        6566M (80%)        7934M (97%)        7976M (97%)        7976M (97%)        6566M (80%)    
[143.411s][info][gc,heap     ] GC(80)      Used:     1624M (20%)        1626M (20%)         258M (3%)          216M (3%)         1626M (20%)         216M (3%)     
[143.411s][info][gc,heap     ] GC(80)      Live:         -               173M (2%)          173M (2%)          173M (2%)             -                  -          
[143.411s][info][gc,heap     ] GC(80) Allocated:         -                 2M (0%)           10M (0%)           10M (0%)             -                  -          
[143.411s][info][gc,heap     ] GC(80)   Garbage:         -              1450M (18%)          74M (1%)           32M (0%)             -                  -          
[143.411s][info][gc,heap     ] GC(80) Reclaimed:         -                  -              1376M (17%)        1418M (17%)            -                  -          
[143.411s][info][gc          ] GC(80) Garbage Collection (System.gc()) 1624M(20%)->216M(3%)
[145.627s][info][gc,start    ] GC(81) Garbage Collection (Allocation Rate)
[145.627s][info][gc,task     ] GC(81) Using 2 workers
[145.627s][info][gc,phases   ] GC(81) Pause Mark Start 0.009ms
[146.276s][info][gc,phases   ] GC(81) Concurrent Mark 649.371ms
[146.277s][info][gc,phases   ] GC(81) Pause Mark End 0.024ms
[146.277s][info][gc,phases   ] GC(81) Concurrent Mark Free 0.001ms
[146.288s][info][gc,phases   ] GC(81) Concurrent Process Non-Strong References 11.460ms
[146.288s][info][gc,phases   ] GC(81) Concurrent Reset Relocation Set 0.003ms
[146.320s][info][gc,phases   ] GC(81) Concurrent Select Relocation Set 31.467ms
[146.320s][info][gc,phases   ] GC(81) Pause Relocate Start 0.019ms
[146.541s][info][gc,phases   ] GC(81) Concurrent Relocate 220.108ms
[146.541s][info][gc,load     ] GC(81) Load: 0.00/0.00/0.00
[146.541s][info][gc,mmu      ] GC(81) MMU: 2ms/96.8%, 5ms/98.7%, 10ms/99.3%, 20ms/99.6%, 50ms/99.8%, 100ms/99.9%
[146.541s][info][gc,marking  ] GC(81) Mark: 2 stripe(s), 2 proactive flush(es), 1 terminate flush(es), 0 completion(s), 0 continuation(s) 
[146.541s][info][gc,marking  ] GC(81) Mark Stack Usage: 32M
[146.541s][info][gc,nmethod  ] GC(81) NMethods: 12166 registered, 0 unregistered
[146.541s][info][gc,metaspace] GC(81) Metaspace: 72M used, 73M committed, 1152M reserved
[146.541s][info][gc,ref      ] GC(81) Soft: 5944 encountered, 0 discovered, 0 enqueued
[146.541s][info][gc,ref      ] GC(81) Weak: 6708 encountered, 1118 discovered, 20 enqueued
[146.541s][info][gc,ref      ] GC(81) Final: 53 encountered, 0 discovered, 0 enqueued
[146.541s][info][gc,ref      ] GC(81) Phantom: 589 encountered, 321 discovered, 0 enqueued
[146.541s][info][gc,reloc    ] GC(81) Small Pages: 2184 / 4368M, Empty: 2138M, Relocated: 187M, In-Place: 0
[146.541s][info][gc,reloc    ] GC(81) Medium Pages: 5 / 160M, Empty: 128M, Relocated: 0M, In-Place: 0
[146.541s][info][gc,reloc    ] GC(81) Large Pages: 30 / 212M, Empty: 148M, Relocated: 0M, In-Place: 0
[146.541s][info][gc,reloc    ] GC(81) Forwarding Usage: 143M
[146.541s][info][gc,heap     ] GC(81) Min Capacity: 8192M(100%)
[146.541s][info][gc,heap     ] GC(81) Max Capacity: 8192M(100%)
[146.541s][info][gc,heap     ] GC(81) Soft Max Capacity: 8192M(100%)
[146.541s][info][gc,heap     ] GC(81)                Mark Start          Mark End        Relocate Start      Relocate End           High               Low         
[146.541s][info][gc,heap     ] GC(81)  Capacity:     8192M (100%)       8192M (100%)       8192M (100%)       8192M (100%)       8192M (100%)       8192M (100%)   
[146.541s][info][gc,heap     ] GC(81)      Free:     3452M (42%)        3150M (38%)        5518M (67%)        7070M (86%)        7106M (87%)        3132M (38%)    
[146.541s][info][gc,heap     ] GC(81)      Used:     4740M (58%)        5042M (62%)        2674M (33%)        1122M (14%)        5060M (62%)        1086M (13%)    
[146.541s][info][gc,heap     ] GC(81)      Live:         -               427M (5%)          427M (5%)          427M (5%)             -                  -          
[146.541s][info][gc,heap     ] GC(81) Allocated:         -               302M (4%)          348M (4%)          661M (8%)             -                  -          
[146.541s][info][gc,heap     ] GC(81)   Garbage:         -              4312M (53%)        1898M (23%)          32M (0%)             -                  -          
[146.541s][info][gc,heap     ] GC(81) Reclaimed:         -                  -              2414M (29%)        4279M (52%)            -                  -          
[146.541s][info][gc          ] GC(81) Garbage Collection (Allocation Rate) 4740M(58%)->1122M(14%)
[146.617s][info][gc,start    ] GC(82) Garbage Collection (Allocation Rate)
[146.617s][info][gc,task     ] GC(82) Using 2 workers
[146.617s][info][gc,phases   ] GC(82) Pause Mark Start 0.007ms
[146.880s][info][gc,phases   ] GC(82) Concurrent Mark 263.082ms
[146.881s][info][gc,phases   ] GC(82) Pause Mark End 0.024ms
[146.881s][info][gc,phases   ] GC(82) Concurrent Mark Free 0.001ms
[146.891s][info][gc,phases   ] GC(82) Concurrent Process Non-Strong References 10.018ms
[146.891s][info][gc,phases   ] GC(82) Concurrent Reset Relocation Set 0.106ms
[146.903s][info][gc,phases   ] GC(82) Concurrent Select Relocation Set 11.567ms
[146.903s][info][gc,phases   ] GC(82) Pause Relocate Start 0.011ms
[146.935s][info][gc,phases   ] GC(82) Concurrent Relocate 32.041ms
[146.935s][info][gc,load     ] GC(82) Load: 0.00/0.00/0.00
[146.935s][info][gc,mmu      ] GC(82) MMU: 2ms/96.8%, 5ms/98.7%, 10ms/99.3%, 20ms/99.6%, 50ms/99.8%, 100ms/99.9%
[146.935s][info][gc,marking  ] GC(82) Mark: 2 stripe(s), 2 proactive flush(es), 1 terminate flush(es), 0 completion(s), 0 continuation(s) 
[146.935s][info][gc,marking  ] GC(82) Mark Stack Usage: 32M
[146.935s][info][gc,nmethod  ] GC(82) NMethods: 12177 registered, 0 unregistered
[146.935s][info][gc,metaspace] GC(82) Metaspace: 72M used, 73M committed, 1152M reserved
[146.935s][info][gc,ref      ] GC(82) Soft: 5941 encountered, 0 discovered, 0 enqueued
[146.935s][info][gc,ref      ] GC(82) Weak: 6793 encountered, 875 discovered, 223 enqueued
[146.935s][info][gc,ref      ] GC(82) Final: 53 encountered, 4 discovered, 0 enqueued
[146.935s][info][gc,ref      ] GC(82) Phantom: 590 encountered, 287 discovered, 0 enqueued
[146.935s][info][gc,reloc    ] GC(82) Small Pages: 476 / 952M, Empty: 512M, Relocated: 25M, In-Place: 0
[146.935s][info][gc,reloc    ] GC(82) Medium Pages: 4 / 128M, Empty: 96M, Relocated: 0M, In-Place: 0
[146.935s][info][gc,reloc    ] GC(82) Large Pages: 18 / 124M, Empty: 100M, Relocated: 0M, In-Place: 0
[146.935s][info][gc,reloc    ] GC(82) Forwarding Usage: 25M
[146.935s][info][gc,heap     ] GC(82) Min Capacity: 8192M(100%)
[146.935s][info][gc,heap     ] GC(82) Max Capacity: 8192M(100%)
[146.935s][info][gc,heap     ] GC(82) Soft Max Capacity: 8192M(100%)
[146.935s][info][gc,heap     ] GC(82)                Mark Start          Mark End        Relocate Start      Relocate End           High               Low         
[146.935s][info][gc,heap     ] GC(82)  Capacity:     8192M (100%)       8192M (100%)       8192M (100%)       8192M (100%)       8192M (100%)       8192M (100%)   
[146.935s][info][gc,heap     ] GC(82)      Free:     6988M (85%)        6572M (80%)        7260M (89%)        7472M (91%)        7472M (91%)        6562M (80%)    
[146.935s][info][gc,heap     ] GC(82)      Used:     1204M (15%)        1620M (20%)         932M (11%)         720M (9%)         1630M (20%)         720M (9%)     
[146.935s][info][gc,heap     ] GC(82)      Live:         -               220M (3%)          220M (3%)          220M (3%)             -                  -          
[146.935s][info][gc,heap     ] GC(82) Allocated:         -               416M (5%)          436M (5%)          467M (6%)             -                  -          
[146.935s][info][gc,heap     ] GC(82)   Garbage:         -               983M (12%)         275M (3%)           31M (0%)             -                  -          
[146.935s][info][gc,heap     ] GC(82) Reclaimed:         -                  -               708M (9%)          951M (12%)            -                  -          
[146.935s][info][gc          ] GC(82) Garbage Collection (Allocation Rate) 1204M(15%)->720M(9%)
[147.984s][info][gc,start    ] GC(83) Garbage Collection (System.gc())
[147.984s][info][gc,task     ] GC(83) Using 2 workers
[147.984s][info][gc,phases   ] GC(83) Pause Mark Start 0.006ms
[148.120s][info][gc,phases   ] GC(83) Concurrent Mark 136.208ms
[148.121s][info][gc,phases   ] GC(83) Pause Mark End 0.027ms
[148.121s][info][gc,phases   ] GC(83) Concurrent Mark Free 0.001ms
[148.132s][info][gc,phases   ] GC(83) Concurrent Process Non-Strong References 10.837ms
[148.132s][info][gc,phases   ] GC(83) Concurrent Reset Relocation Set 0.010ms
[148.135s][info][gc,phases   ] GC(83) Concurrent Select Relocation Set 3.195ms
[148.135s][info][gc,phases   ] GC(83) Pause Relocate Start 0.010ms
[148.136s][info][gc,phases   ] GC(83) Concurrent Relocate 0.648ms
[148.136s][info][gc,load     ] GC(83) Load: 0.00/0.00/0.00
[148.136s][info][gc,mmu      ] GC(83) MMU: 2ms/96.8%, 5ms/98.7%, 10ms/99.3%, 20ms/99.6%, 50ms/99.8%, 100ms/99.9%
[148.136s][info][gc,marking  ] GC(83) Mark: 2 stripe(s), 2 proactive flush(es), 1 terminate flush(es), 0 completion(s), 0 continuation(s) 
[148.136s][info][gc,marking  ] GC(83) Mark Stack Usage: 32M
[148.136s][info][gc,nmethod  ] GC(83) NMethods: 12188 registered, 0 unregistered
[148.136s][info][gc,metaspace] GC(83) Metaspace: 72M used, 73M committed, 1152M reserved
[148.136s][info][gc,ref      ] GC(83) Soft: 5936 encountered, 0 discovered, 0 enqueued
[148.136s][info][gc,ref      ] GC(83) Weak: 6773 encountered, 994 discovered, 380 enqueued
[148.136s][info][gc,ref      ] GC(83) Final: 53 encountered, 4 discovered, 0 enqueued
[148.136s][info][gc,ref      ] GC(83) Phantom: 589 encountered, 339 discovered, 0 enqueued
[148.136s][info][gc,reloc    ] GC(83) Small Pages: 1224 / 2448M, Empty: 2204M, Relocated: 0M, In-Place: 0
[148.136s][info][gc,reloc    ] GC(83) Medium Pages: 9 / 288M, Empty: 256M, Relocated: 0M, In-Place: 0
[148.136s][info][gc,reloc    ] GC(83) Large Pages: 36 / 216M, Empty: 216M, Relocated: 0M, In-Place: 0
[148.136s][info][gc,reloc    ] GC(83) Forwarding Usage: 0M
[148.136s][info][gc,heap     ] GC(83) Min Capacity: 8192M(100%)
[148.136s][info][gc,heap     ] GC(83) Max Capacity: 8192M(100%)
[148.136s][info][gc,heap     ] GC(83) Soft Max Capacity: 8192M(100%)
[148.136s][info][gc,heap     ] GC(83)                Mark Start          Mark End        Relocate Start      Relocate End           High               Low         
[148.136s][info][gc,heap     ] GC(83)  Capacity:     8192M (100%)       8192M (100%)       8192M (100%)       8192M (100%)       8192M (100%)       8192M (100%)   
[148.136s][info][gc,heap     ] GC(83)      Free:     5240M (64%)        5238M (64%)        7906M (97%)        7974M (97%)        7974M (97%)        5238M (64%)    
[148.136s][info][gc,heap     ] GC(83)      Used:     2952M (36%)        2954M (36%)         286M (3%)          218M (3%)         2954M (36%)         218M (3%)     
[148.136s][info][gc,heap     ] GC(83)      Live:         -               173M (2%)          173M (2%)          173M (2%)             -                  -          
[148.136s][info][gc,heap     ] GC(83) Allocated:         -                 2M (0%)           10M (0%)           11M (0%)             -                  -          
[148.136s][info][gc,heap     ] GC(83)   Garbage:         -              2778M (34%)         102M (1%)           32M (0%)             -                  -          
[148.136s][info][gc,heap     ] GC(83) Reclaimed:         -                  -              2676M (33%)        2745M (34%)            -                  -          
[148.136s][info][gc          ] GC(83) Garbage Collection (System.gc()) 2952M(36%)->218M(3%)
[150.326s][info][gc,stats    ] === Garbage Collection Statistics =======================================================================================================================
[150.326s][info][gc,stats    ]                                                              Last 10s              Last 10m              Last 10h                Total
[150.326s][info][gc,stats    ]                                                              Avg / Max             Avg / Max             Avg / Max             Avg / Max
[150.326s][info][gc,stats    ]   Collector: Garbage Collection Cycle                    445.417 / 913.923     417.023 / 983.217     417.023 / 983.217     417.023 / 983.217     ms
[150.326s][info][gc,stats    ]  Contention: Mark Segment Reset Contention                     3 / 17                2 / 23                2 / 23                2 / 23          ops/s
[150.326s][info][gc,stats    ]  Contention: Mark SeqNum Reset Contention                      0 / 1                 0 / 1                 0 / 1                 0 / 1           ops/s
[150.326s][info][gc,stats    ]    Critical: Allocation Stall                                  0 / 0                 0 / 0                 0 / 0                 0 / 0           ops/s
[150.326s][info][gc,stats    ]    Critical: Allocation Stall                              0.000 / 0.000         0.000 / 0.000         0.000 / 0.000         0.000 / 0.000       ms
[150.326s][info][gc,stats    ]    Critical: GC Locker Stall                                   0 / 0                 0 / 0                 0 / 0                 0 / 0           ops/s
[150.326s][info][gc,stats    ]    Critical: GC Locker Stall                               0.000 / 0.000         0.000 / 0.000         0.000 / 0.000         0.000 / 0.000       ms
[150.326s][info][gc,stats    ]    Critical: Relocation Stall                                  0 / 0                 0 / 0                 0 / 0                 0 / 0           ops/s
[150.326s][info][gc,stats    ]    Critical: Relocation Stall                              0.000 / 0.000         0.000 / 0.000         0.000 / 0.000         0.000 / 0.000       ms
[150.326s][info][gc,stats    ]      Memory: Allocation Rate                                1721 / 2244           1517 / 3876           1517 / 3876           1517 / 3876        MB/s
[150.326s][info][gc,stats    ]      Memory: Out Of Memory                                     0 / 0                 0 / 0                 0 / 0                 0 / 0           ops/s
[150.326s][info][gc,stats    ]      Memory: Page Cache Flush                                  0 / 0                 0 / 0                 0 / 0                 0 / 0           MB/s
[150.326s][info][gc,stats    ]      Memory: Page Cache Hit L1                               801 / 1060            690 / 1729            690 / 1729            690 / 1729        ops/s
[150.326s][info][gc,stats    ]      Memory: Page Cache Hit L2                                 0 / 0                 0 / 0                 0 / 0                 0 / 0           ops/s
[150.326s][info][gc,stats    ]      Memory: Page Cache Hit L3                                 0 / 0                15 / 527              15 / 527              15 / 527         ops/s
[150.326s][info][gc,stats    ]      Memory: Page Cache Miss                                   0 / 0                 0 / 1                 0 / 1                 0 / 1           ops/s
[150.326s][info][gc,stats    ]      Memory: Uncommit                                          0 / 0                 0 / 0                 0 / 0                 0 / 0           MB/s
[150.326s][info][gc,stats    ]      Memory: Undo Object Allocation Failed                     0 / 0                 0 / 1                 0 / 1                 0 / 1           ops/s
[150.326s][info][gc,stats    ]      Memory: Undo Object Allocation Succeeded                  4 / 36                4 / 101               4 / 101               4 / 101         ops/s
[150.326s][info][gc,stats    ]      Memory: Undo Page Allocation                              0 / 0                 0 / 1                 0 / 1                 0 / 1           ops/s
[150.326s][info][gc,stats    ]       Phase: Concurrent Mark                             339.803 / 649.371     318.775 / 972.666     318.775 / 972.666     318.775 / 972.666     ms
[150.326s][info][gc,stats    ]       Phase: Concurrent Mark Continue                      0.000 / 0.000         0.000 / 0.000         0.000 / 0.000         0.000 / 0.000       ms
[150.326s][info][gc,stats    ]       Phase: Concurrent Mark Free                          0.001 / 0.001         0.001 / 0.003         0.001 / 0.003         0.001 / 0.003       ms
[150.326s][info][gc,stats    ]       Phase: Concurrent Process Non-Strong References     10.624 / 11.460        9.056 / 15.785        9.056 / 15.785        9.056 / 15.785      ms
[150.326s][info][gc,stats    ]       Phase: Concurrent Relocate                          79.787 / 220.108      73.537 / 226.884      73.537 / 226.884      73.537 / 226.884     ms
[150.326s][info][gc,stats    ]       Phase: Concurrent Reset Relocation Set               0.040 / 0.106         0.037 / 0.132         0.037 / 0.132         0.037 / 0.132       ms
[150.326s][info][gc,stats    ]       Phase: Concurrent Select Relocation Set             14.150 / 31.467       14.383 / 41.923       14.383 / 41.923       14.383 / 41.923      ms
[150.326s][info][gc,stats    ]       Phase: Pause Mark End                                0.021 / 0.027         0.023 / 0.064         0.023 / 0.064         0.023 / 0.064       ms
[150.326s][info][gc,stats    ]       Phase: Pause Mark Start                              0.008 / 0.011         0.007 / 0.011         0.007 / 0.011         0.007 / 0.011       ms
[150.326s][info][gc,stats    ]       Phase: Pause Relocate Start                          0.011 / 0.019         0.012 / 0.032         0.012 / 0.032         0.012 / 0.032       ms
[150.326s][info][gc,stats    ]    Subphase: Concurrent Classes Purge                      0.446 / 0.543         0.354 / 0.622         0.354 / 0.622         0.354 / 0.622       ms
[150.326s][info][gc,stats    ]    Subphase: Concurrent Classes Unlink                     9.111 / 10.070        7.513 / 12.957        7.513 / 12.957        7.513 / 12.957      ms
[150.326s][info][gc,stats    ]    Subphase: Concurrent Mark                             331.310 / 644.898     310.217 / 969.741     310.217 / 969.741     310.217 / 969.741     ms
[150.326s][info][gc,stats    ]    Subphase: Concurrent Mark Try Flush                     0.288 / 1.725         0.172 / 1.725         0.172 / 1.725         0.172 / 1.725       ms
[150.326s][info][gc,stats    ]    Subphase: Concurrent Mark Try Terminate                 4.579 / 15.627        4.978 / 16.498        4.978 / 16.498        4.978 / 16.498      ms
[150.326s][info][gc,stats    ]    Subphase: Concurrent References Enqueue                 0.006 / 0.007         0.005 / 0.008         0.005 / 0.008         0.005 / 0.008       ms
[150.326s][info][gc,stats    ]    Subphase: Concurrent References Process                 0.169 / 0.216         0.187 / 0.610         0.187 / 0.610         0.187 / 0.610       ms
[150.326s][info][gc,stats    ]    Subphase: Concurrent Roots ClassLoaderDataGraph         0.129 / 0.262         0.119 / 0.376         0.119 / 0.376         0.119 / 0.376       ms
[150.326s][info][gc,stats    ]    Subphase: Concurrent Roots CodeCache                    0.000 / 0.000         0.000 / 0.000         0.000 / 0.000         0.000 / 0.000       ms
[150.326s][info][gc,stats    ]    Subphase: Concurrent Roots JavaThreads                  3.703 / 4.173         4.817 / 8.610         4.817 / 8.610         4.817 / 8.610       ms
[150.326s][info][gc,stats    ]    Subphase: Concurrent Roots OopStorageSet                0.043 / 0.055         0.044 / 0.142         0.044 / 0.142         0.044 / 0.142       ms
[150.326s][info][gc,stats    ]    Subphase: Concurrent Weak Roots OopStorageSet           0.630 / 0.854         0.579 / 1.025         0.579 / 1.025         0.579 / 1.025       ms
[150.326s][info][gc,stats    ]    Subphase: Pause Mark Try Complete                       0.000 / 0.000         0.005 / 0.008         0.005 / 0.008         0.005 / 0.008       ms
[150.326s][info][gc,stats    ]      System: Java Threads                                    264 / 265             232 / 267             232 / 267             232 / 267         threads
[150.326s][info][gc,stats    ] =========================================================================================================================================================
[150.420s][info][gc,start    ] GC(84) Garbage Collection (Allocation Rate)
[150.420s][info][gc,task     ] GC(84) Using 2 workers
[150.420s][info][gc,phases   ] GC(84) Pause Mark Start 0.008ms
[150.923s][info][gc,phases   ] GC(84) Concurrent Mark 502.412ms
[150.923s][info][gc,phases   ] GC(84) Pause Mark End 0.023ms
[150.923s][info][gc,phases   ] GC(84) Concurrent Mark Free 0.001ms
[150.934s][info][gc,phases   ] GC(84) Concurrent Process Non-Strong References 10.786ms
[150.934s][info][gc,phases   ] GC(84) Concurrent Reset Relocation Set 0.003ms
[150.963s][info][gc,phases   ] GC(84) Concurrent Select Relocation Set 29.538ms
[150.964s][info][gc,phases   ] GC(84) Pause Relocate Start 0.015ms
[151.113s][info][gc,phases   ] GC(84) Concurrent Relocate 148.866ms
[151.113s][info][gc,load     ] GC(84) Load: 0.00/0.00/0.00
[151.113s][info][gc,mmu      ] GC(84) MMU: 2ms/96.8%, 5ms/98.7%, 10ms/99.3%, 20ms/99.6%, 50ms/99.8%, 100ms/99.9%
[151.113s][info][gc,marking  ] GC(84) Mark: 2 stripe(s), 2 proactive flush(es), 1 terminate flush(es), 0 completion(s), 0 continuation(s) 
[151.113s][info][gc,marking  ] GC(84) Mark Stack Usage: 32M
[151.113s][info][gc,nmethod  ] GC(84) NMethods: 12202 registered, 0 unregistered
[151.113s][info][gc,metaspace] GC(84) Metaspace: 72M used, 73M committed, 1152M reserved
[151.113s][info][gc,ref      ] GC(84) Soft: 5944 encountered, 0 discovered, 0 enqueued
[151.113s][info][gc,ref      ] GC(84) Weak: 6712 encountered, 956 discovered, 92 enqueued
[151.113s][info][gc,ref      ] GC(84) Final: 53 encountered, 53 discovered, 0 enqueued
[151.113s][info][gc,ref      ] GC(84) Phantom: 589 encountered, 297 discovered, 0 enqueued
[151.113s][info][gc,reloc    ] GC(84) Small Pages: 2216 / 4432M, Empty: 2610M, Relocated: 95M, In-Place: 0
[151.113s][info][gc,reloc    ] GC(84) Medium Pages: 5 / 160M, Empty: 96M, Relocated: 11M, In-Place: 0
[151.113s][info][gc,reloc    ] GC(84) Large Pages: 30 / 212M, Empty: 172M, Relocated: 0M, In-Place: 0
[151.113s][info][gc,reloc    ] GC(84) Forwarding Usage: 96M
[151.113s][info][gc,heap     ] GC(84) Min Capacity: 8192M(100%)
[151.113s][info][gc,heap     ] GC(84) Max Capacity: 8192M(100%)
[151.113s][info][gc,heap     ] GC(84) Soft Max Capacity: 8192M(100%)
[151.113s][info][gc,heap     ] GC(84)                Mark Start          Mark End        Relocate Start      Relocate End           High               Low         
[151.113s][info][gc,heap     ] GC(84)  Capacity:     8192M (100%)       8192M (100%)       8192M (100%)       8192M (100%)       8192M (100%)       8192M (100%)   
[151.113s][info][gc,heap     ] GC(84)      Free:     3388M (41%)        3306M (40%)        6162M (75%)        7528M (92%)        7528M (92%)        3300M (40%)    
[151.113s][info][gc,heap     ] GC(84)      Used:     4804M (59%)        4886M (60%)        2030M (25%)         664M (8%)         4892M (60%)         664M (8%)     
[151.113s][info][gc,heap     ] GC(84)      Live:         -               308M (4%)          308M (4%)          308M (4%)             -                  -          
[151.113s][info][gc,heap     ] GC(84) Allocated:         -                82M (1%)          104M (1%)          323M (4%)             -                  -          
[151.113s][info][gc,heap     ] GC(84)   Garbage:         -              4495M (55%)        1617M (20%)          31M (0%)             -                  -          
[151.113s][info][gc,heap     ] GC(84) Reclaimed:         -                  -              2878M (35%)        4463M (54%)            -                  -          
[151.113s][info][gc          ] GC(84) Garbage Collection (Allocation Rate) 4804M(59%)->664M(8%)
[152.702s][info][gc,start    ] GC(85) Garbage Collection (System.gc())
[152.702s][info][gc,task     ] GC(85) Using 2 workers
[152.702s][info][gc,phases   ] GC(85) Pause Mark Start 0.008ms
[152.864s][info][gc,phases   ] GC(85) Concurrent Mark 161.279ms
[152.864s][info][gc,phases   ] GC(85) Pause Mark End 0.026ms
[152.864s][info][gc,phases   ] GC(85) Concurrent Mark Free 0.001ms
[152.876s][info][gc,phases   ] GC(85) Concurrent Process Non-Strong References 11.827ms
[152.876s][info][gc,phases   ] GC(85) Concurrent Reset Relocation Set 0.066ms
[152.885s][info][gc,phases   ] GC(85) Concurrent Select Relocation Set 8.727ms
[152.885s][info][gc,phases   ] GC(85) Pause Relocate Start 0.011ms
[152.886s][info][gc,phases   ] GC(85) Concurrent Relocate 1.067ms
[152.886s][info][gc,load     ] GC(85) Load: 0.00/0.00/0.00
[152.886s][info][gc,mmu      ] GC(85) MMU: 2ms/96.8%, 5ms/98.7%, 10ms/99.3%, 20ms/99.6%, 50ms/99.8%, 100ms/99.9%
[152.886s][info][gc,marking  ] GC(85) Mark: 2 stripe(s), 2 proactive flush(es), 1 terminate flush(es), 0 completion(s), 0 continuation(s) 
[152.886s][info][gc,marking  ] GC(85) Mark Stack Usage: 32M
[152.886s][info][gc,nmethod  ] GC(85) NMethods: 12233 registered, 0 unregistered
[152.886s][info][gc,metaspace] GC(85) Metaspace: 72M used, 73M committed, 1152M reserved
[152.886s][info][gc,ref      ] GC(85) Soft: 5936 encountered, 0 discovered, 0 enqueued
[152.886s][info][gc,ref      ] GC(85) Weak: 6985 encountered, 1222 discovered, 594 enqueued
[152.886s][info][gc,ref      ] GC(85) Final: 53 encountered, 4 discovered, 0 enqueued
[152.886s][info][gc,ref      ] GC(85) Phantom: 588 encountered, 298 discovered, 0 enqueued
[152.886s][info][gc,reloc    ] GC(85) Small Pages: 1516 / 3032M, Empty: 2754M, Relocated: 1M, In-Place: 0
[152.886s][info][gc,reloc    ] GC(85) Medium Pages: 11 / 352M, Empty: 320M, Relocated: 0M, In-Place: 0
[152.886s][info][gc,reloc    ] GC(85) Large Pages: 43 / 274M, Empty: 274M, Relocated: 0M, In-Place: 0
[152.886s][info][gc,reloc    ] GC(85) Forwarding Usage: 0M
[152.886s][info][gc,heap     ] GC(85) Min Capacity: 8192M(100%)
[152.886s][info][gc,heap     ] GC(85) Max Capacity: 8192M(100%)
[152.886s][info][gc,heap     ] GC(85) Soft Max Capacity: 8192M(100%)
[152.886s][info][gc,heap     ] GC(85)                Mark Start          Mark End        Relocate Start      Relocate End           High               Low         
[152.886s][info][gc,heap     ] GC(85)  Capacity:     8192M (100%)       8192M (100%)       8192M (100%)       8192M (100%)       8192M (100%)       8192M (100%)   
[152.886s][info][gc,heap     ] GC(85)      Free:     4534M (55%)        4532M (55%)        7866M (96%)        7970M (97%)        7970M (97%)        4532M (55%)    
[152.886s][info][gc,heap     ] GC(85)      Used:     3658M (45%)        3660M (45%)         326M (4%)          222M (3%)         3660M (45%)         222M (3%)     
[152.886s][info][gc,heap     ] GC(85)      Live:         -               173M (2%)          173M (2%)          173M (2%)             -                  -          
[152.886s][info][gc,heap     ] GC(85) Allocated:         -                 2M (0%)           16M (0%)           16M (0%)             -                  -          
[152.886s][info][gc,heap     ] GC(85)   Garbage:         -              3484M (43%)         136M (2%)           32M (0%)             -                  -          
[152.886s][info][gc,heap     ] GC(85) Reclaimed:         -                  -              3348M (41%)        3452M (42%)            -                  -          
[152.886s][info][gc          ] GC(85) Garbage Collection (System.gc()) 3658M(45%)->222M(3%)
[155.114s][info][gc,start    ] GC(86) Garbage Collection (Allocation Rate)
[155.114s][info][gc,task     ] GC(86) Using 2 workers
[155.115s][info][gc,phases   ] GC(86) Pause Mark Start 0.008ms
[155.800s][info][gc,phases   ] GC(86) Concurrent Mark 685.700ms
[155.800s][info][gc,phases   ] GC(86) Pause Mark End 0.027ms
[155.801s][info][gc,phases   ] GC(86) Concurrent Mark Free 0.001ms
[155.811s][info][gc,phases   ] GC(86) Concurrent Process Non-Strong References 10.897ms
[155.811s][info][gc,phases   ] GC(86) Concurrent Reset Relocation Set 0.004ms
[155.843s][info][gc,phases   ] GC(86) Concurrent Select Relocation Set 31.049ms
[155.843s][info][gc,phases   ] GC(86) Pause Relocate Start 0.013ms
[156.062s][info][gc,phases   ] GC(86) Concurrent Relocate 218.911ms
[156.062s][info][gc,load     ] GC(86) Load: 0.00/0.00/0.00
[156.062s][info][gc,mmu      ] GC(86) MMU: 2ms/96.8%, 5ms/98.7%, 10ms/99.3%, 20ms/99.6%, 50ms/99.8%, 100ms/99.9%
[156.062s][info][gc,marking  ] GC(86) Mark: 2 stripe(s), 2 proactive flush(es), 1 terminate flush(es), 0 completion(s), 0 continuation(s) 
[156.062s][info][gc,marking  ] GC(86) Mark Stack Usage: 64M
[156.062s][info][gc,nmethod  ] GC(86) NMethods: 12257 registered, 0 unregistered
[156.062s][info][gc,metaspace] GC(86) Metaspace: 72M used, 73M committed, 1152M reserved
[156.062s][info][gc,ref      ] GC(86) Soft: 5944 encountered, 0 discovered, 0 enqueued
[156.062s][info][gc,ref      ] GC(86) Weak: 6705 encountered, 858 discovered, 24 enqueued
[156.062s][info][gc,ref      ] GC(86) Final: 53 encountered, 22 discovered, 0 enqueued
[156.062s][info][gc,ref      ] GC(86) Phantom: 588 encountered, 287 discovered, 0 enqueued
[156.062s][info][gc,reloc    ] GC(86) Small Pages: 2188 / 4376M, Empty: 2138M, Relocated: 187M, In-Place: 0
[156.062s][info][gc,reloc    ] GC(86) Medium Pages: 5 / 160M, Empty: 128M, Relocated: 0M, In-Place: 0
[156.062s][info][gc,reloc    ] GC(86) Large Pages: 30 / 212M, Empty: 148M, Relocated: 0M, In-Place: 0
[156.062s][info][gc,reloc    ] GC(86) Forwarding Usage: 143M
[156.062s][info][gc,heap     ] GC(86) Min Capacity: 8192M(100%)
[156.062s][info][gc,heap     ] GC(86) Max Capacity: 8192M(100%)
[156.062s][info][gc,heap     ] GC(86) Soft Max Capacity: 8192M(100%)
[156.062s][info][gc,heap     ] GC(86)                Mark Start          Mark End        Relocate Start      Relocate End           High               Low         
[156.062s][info][gc,heap     ] GC(86)  Capacity:     8192M (100%)       8192M (100%)       8192M (100%)       8192M (100%)       8192M (100%)       8192M (100%)   
[156.062s][info][gc,heap     ] GC(86)      Free:     3444M (42%)        3116M (38%)        5492M (67%)        7052M (86%)        7058M (86%)        3104M (38%)    
[156.062s][info][gc,heap     ] GC(86)      Used:     4748M (58%)        5076M (62%)        2700M (33%)        1140M (14%)        5088M (62%)        1134M (14%)    
[156.062s][info][gc,heap     ] GC(86)      Live:         -               427M (5%)          427M (5%)          427M (5%)             -                  -          
[156.062s][info][gc,heap     ] GC(86) Allocated:         -               328M (4%)          366M (4%)          679M (8%)             -                  -          
[156.062s][info][gc,heap     ] GC(86)   Garbage:         -              4320M (53%)        1906M (23%)          32M (0%)             -                  -          
[156.062s][info][gc,heap     ] GC(86) Reclaimed:         -                  -              2414M (29%)        4287M (52%)            -                  -          
[156.062s][info][gc          ] GC(86) Garbage Collection (Allocation Rate) 4748M(58%)->1140M(14%)
[156.128s][info][gc,start    ] GC(87) Garbage Collection (Allocation Rate)
[156.128s][info][gc,task     ] GC(87) Using 2 workers
[156.128s][info][gc,phases   ] GC(87) Pause Mark Start 0.007ms
[156.372s][info][gc,phases   ] GC(87) Concurrent Mark 243.255ms
[156.372s][info][gc,phases   ] GC(87) Pause Mark End 0.024ms
[156.372s][info][gc,phases   ] GC(87) Concurrent Mark Free 0.317ms
[156.383s][info][gc,phases   ] GC(87) Concurrent Process Non-Strong References 10.298ms
[156.383s][info][gc,phases   ] GC(87) Concurrent Reset Relocation Set 0.108ms
[156.394s][info][gc,phases   ] GC(87) Concurrent Select Relocation Set 11.239ms
[156.394s][info][gc,phases   ] GC(87) Pause Relocate Start 0.015ms
[156.427s][info][gc,phases   ] GC(87) Concurrent Relocate 33.064ms
[156.427s][info][gc,load     ] GC(87) Load: 0.00/0.00/0.00
[156.427s][info][gc,mmu      ] GC(87) MMU: 2ms/96.8%, 5ms/98.7%, 10ms/99.3%, 20ms/99.6%, 50ms/99.8%, 100ms/99.9%
[156.427s][info][gc,marking  ] GC(87) Mark: 2 stripe(s), 2 proactive flush(es), 1 terminate flush(es), 0 completion(s), 0 continuation(s) 
[156.427s][info][gc,marking  ] GC(87) Mark Stack Usage: 32M
[156.427s][info][gc,nmethod  ] GC(87) NMethods: 12270 registered, 0 unregistered
[156.427s][info][gc,metaspace] GC(87) Metaspace: 72M used, 73M committed, 1152M reserved
[156.427s][info][gc,ref      ] GC(87) Soft: 5943 encountered, 0 discovered, 0 enqueued
[156.427s][info][gc,ref      ] GC(87) Weak: 6767 encountered, 1015 discovered, 222 enqueued
[156.427s][info][gc,ref      ] GC(87) Final: 53 encountered, 4 discovered, 0 enqueued
[156.427s][info][gc,ref      ] GC(87) Phantom: 588 encountered, 312 discovered, 0 enqueued
[156.427s][info][gc,reloc    ] GC(87) Small Pages: 484 / 968M, Empty: 532M, Relocated: 25M, In-Place: 0
[156.427s][info][gc,reloc    ] GC(87) Medium Pages: 4 / 128M, Empty: 96M, Relocated: 0M, In-Place: 0
[156.427s][info][gc,reloc    ] GC(87) Large Pages: 18 / 124M, Empty: 100M, Relocated: 0M, In-Place: 0
[156.427s][info][gc,reloc    ] GC(87) Forwarding Usage: 26M
[156.427s][info][gc,heap     ] GC(87) Min Capacity: 8192M(100%)
[156.427s][info][gc,heap     ] GC(87) Max Capacity: 8192M(100%)
[156.427s][info][gc,heap     ] GC(87) Soft Max Capacity: 8192M(100%)
[156.427s][info][gc,heap     ] GC(87)                Mark Start          Mark End        Relocate Start      Relocate End           High               Low         
[156.427s][info][gc,heap     ] GC(87)  Capacity:     8192M (100%)       8192M (100%)       8192M (100%)       8192M (100%)       8192M (100%)       8192M (100%)   
[156.427s][info][gc,heap     ] GC(87)      Free:     6972M (85%)        6590M (80%)        7300M (89%)        7506M (92%)        7506M (92%)        6578M (80%)    
[156.428s][info][gc,heap     ] GC(87)      Used:     1220M (15%)        1602M (20%)         892M (11%)         686M (8%)         1614M (20%)         686M (8%)     
[156.428s][info][gc,heap     ] GC(87)      Live:         -               221M (3%)          221M (3%)          221M (3%)             -                  -          
[156.428s][info][gc,heap     ] GC(87) Allocated:         -               382M (5%)          400M (5%)          433M (5%)             -                  -          
[156.428s][info][gc,heap     ] GC(87)   Garbage:         -               998M (12%)         270M (3%)           30M (0%)             -                  -          
[156.428s][info][gc,heap     ] GC(87) Reclaimed:         -                  -               728M (9%)          967M (12%)            -                  -          
[156.428s][info][gc          ] GC(87) Garbage Collection (Allocation Rate) 1220M(15%)->686M(8%)
[157.599s][info][gc,start    ] GC(88) Garbage Collection (System.gc())
[157.599s][info][gc,task     ] GC(88) Using 2 workers
[157.599s][info][gc,phases   ] GC(88) Pause Mark Start 0.005ms
[157.746s][info][gc,phases   ] GC(88) Concurrent Mark 146.562ms
[157.746s][info][gc,phases   ] GC(88) Pause Mark End 0.027ms
[157.746s][info][gc,phases   ] GC(88) Concurrent Mark Free 0.002ms
[157.758s][info][gc,phases   ] GC(88) Concurrent Process Non-Strong References 12.086ms
[157.758s][info][gc,phases   ] GC(88) Concurrent Reset Relocation Set 0.014ms
[157.762s][info][gc,phases   ] GC(88) Concurrent Select Relocation Set 3.721ms
[157.762s][info][gc,phases   ] GC(88) Pause Relocate Start 0.008ms
[157.763s][info][gc,phases   ] GC(88) Concurrent Relocate 0.880ms
[157.763s][info][gc,load     ] GC(88) Load: 0.00/0.00/0.00
[157.763s][info][gc,mmu      ] GC(88) MMU: 2ms/96.8%, 5ms/98.7%, 10ms/99.3%, 20ms/99.6%, 50ms/99.8%, 100ms/99.9%
[157.763s][info][gc,marking  ] GC(88) Mark: 2 stripe(s), 2 proactive flush(es), 1 terminate flush(es), 0 completion(s), 0 continuation(s) 
[157.763s][info][gc,marking  ] GC(88) Mark Stack Usage: 32M
[157.763s][info][gc,nmethod  ] GC(88) NMethods: 12276 registered, 0 unregistered
[157.763s][info][gc,metaspace] GC(88) Metaspace: 72M used, 73M committed, 1152M reserved
[157.763s][info][gc,ref      ] GC(88) Soft: 5936 encountered, 0 discovered, 0 enqueued
[157.763s][info][gc,ref      ] GC(88) Weak: 6774 encountered, 1199 discovered, 381 enqueued
[157.763s][info][gc,ref      ] GC(88) Final: 53 encountered, 4 discovered, 0 enqueued
[157.763s][info][gc,ref      ] GC(88) Phantom: 588 encountered, 513 discovered, 0 enqueued
[157.763s][info][gc,reloc    ] GC(88) Small Pages: 1216 / 2432M, Empty: 2172M, Relocated: 1M, In-Place: 0
[157.763s][info][gc,reloc    ] GC(88) Medium Pages: 9 / 288M, Empty: 256M, Relocated: 0M, In-Place: 0
[157.763s][info][gc,reloc    ] GC(88) Large Pages: 33 / 198M, Empty: 198M, Relocated: 0M, In-Place: 0
[157.763s][info][gc,reloc    ] GC(88) Forwarding Usage: 0M
[157.763s][info][gc,heap     ] GC(88) Min Capacity: 8192M(100%)
[157.763s][info][gc,heap     ] GC(88) Max Capacity: 8192M(100%)
[157.763s][info][gc,heap     ] GC(88) Soft Max Capacity: 8192M(100%)
[157.763s][info][gc,heap     ] GC(88)                Mark Start          Mark End        Relocate Start      Relocate End           High               Low         
[157.763s][info][gc,heap     ] GC(88)  Capacity:     8192M (100%)       8192M (100%)       8192M (100%)       8192M (100%)       8192M (100%)       8192M (100%)   
[157.763s][info][gc,heap     ] GC(88)      Free:     5274M (64%)        5272M (64%)        7888M (96%)        7974M (97%)        7974M (97%)        5272M (64%)    
[157.763s][info][gc,heap     ] GC(88)      Used:     2918M (36%)        2920M (36%)         304M (4%)          218M (3%)         2920M (36%)         218M (3%)     
[157.763s][info][gc,heap     ] GC(88)      Live:         -               173M (2%)          173M (2%)          173M (2%)             -                  -          
[157.763s][info][gc,heap     ] GC(88) Allocated:         -                 2M (0%)           12M (0%)           11M (0%)             -                  -          
[157.763s][info][gc,heap     ] GC(88)   Garbage:         -              2744M (34%)         118M (1%)           32M (0%)             -                  -          
[157.763s][info][gc,heap     ] GC(88) Reclaimed:         -                  -              2626M (32%)        2711M (33%)            -                  -          
[157.763s][info][gc          ] GC(88) Garbage Collection (System.gc()) 2918M(36%)->218M(3%)
[160.026s][info][gc,start    ] GC(89) Garbage Collection (Allocation Rate)
[160.026s][info][gc,task     ] GC(89) Using 2 workers
[160.026s][info][gc,phases   ] GC(89) Pause Mark Start 0.011ms
[160.324s][info][gc,stats    ] === Garbage Collection Statistics =======================================================================================================================
[160.324s][info][gc,stats    ]                                                              Last 10s              Last 10m              Last 10h                Total
[160.324s][info][gc,stats    ]                                                              Avg / Max             Avg / Max             Avg / Max             Avg / Max
[160.324s][info][gc,stats    ]   Collector: Garbage Collection Cycle                    457.451 / 947.462     419.294 / 983.217     419.294 / 983.217     419.294 / 983.217     ms
[160.324s][info][gc,stats    ]  Contention: Mark Segment Reset Contention                     5 / 24                2 / 24                2 / 24                2 / 24          ops/s
[160.324s][info][gc,stats    ]  Contention: Mark SeqNum Reset Contention                      0 / 0                 0 / 1                 0 / 1                 0 / 1           ops/s
[160.324s][info][gc,stats    ]    Critical: Allocation Stall                                  0 / 0                 0 / 0                 0 / 0                 0 / 0           ops/s
[160.324s][info][gc,stats    ]    Critical: Allocation Stall                              0.000 / 0.000         0.000 / 0.000         0.000 / 0.000         0.000 / 0.000       ms
[160.324s][info][gc,stats    ]    Critical: GC Locker Stall                                   0 / 0                 0 / 0                 0 / 0                 0 / 0           ops/s
[160.324s][info][gc,stats    ]    Critical: GC Locker Stall                               0.000 / 0.000         0.000 / 0.000         0.000 / 0.000         0.000 / 0.000       ms
[160.324s][info][gc,stats    ]    Critical: Relocation Stall                                  0 / 0                 0 / 0                 0 / 0                 0 / 0           ops/s
[160.324s][info][gc,stats    ]    Critical: Relocation Stall                              0.000 / 0.000         0.000 / 0.000         0.000 / 0.000         0.000 / 0.000       ms
[160.324s][info][gc,stats    ]      Memory: Allocation Rate                                1610 / 2278           1522 / 3876           1522 / 3876           1522 / 3876        MB/s
[160.325s][info][gc,stats    ]      Memory: Out Of Memory                                     0 / 0                 0 / 0                 0 / 0                 0 / 0           ops/s
[160.325s][info][gc,stats    ]      Memory: Page Cache Flush                                  0 / 0                 0 / 0                 0 / 0                 0 / 0           MB/s
[160.325s][info][gc,stats    ]      Memory: Page Cache Hit L1                               745 / 1080            693 / 1729            693 / 1729            693 / 1729        ops/s
[160.325s][info][gc,stats    ]      Memory: Page Cache Hit L2                                 0 / 0                 0 / 0                 0 / 0                 0 / 0           ops/s
[160.325s][info][gc,stats    ]      Memory: Page Cache Hit L3                                 0 / 2                14 / 527              14 / 527              14 / 527         ops/s
[160.325s][info][gc,stats    ]      Memory: Page Cache Miss                                   0 / 0                 0 / 1                 0 / 1                 0 / 1           ops/s
[160.325s][info][gc,stats    ]      Memory: Uncommit                                          0 / 0                 0 / 0                 0 / 0                 0 / 0           MB/s
[160.325s][info][gc,stats    ]      Memory: Undo Object Allocation Failed                     0 / 0                 0 / 1                 0 / 1                 0 / 1           ops/s
[160.325s][info][gc,stats    ]      Memory: Undo Object Allocation Succeeded                  9 / 66                4 / 101               4 / 101               4 / 101         ops/s
[160.325s][info][gc,stats    ]      Memory: Undo Page Allocation                              0 / 0                 0 / 1                 0 / 1                 0 / 1           ops/s
[160.325s][info][gc,stats    ]       Phase: Concurrent Mark                             347.842 / 685.700     320.408 / 972.666     320.408 / 972.666     320.408 / 972.666     ms
[160.325s][info][gc,stats    ]       Phase: Concurrent Mark Continue                      0.000 / 0.000         0.000 / 0.000         0.000 / 0.000         0.000 / 0.000       ms
[160.325s][info][gc,stats    ]       Phase: Concurrent Mark Free                          0.064 / 0.317         0.005 / 0.317         0.005 / 0.317         0.005 / 0.317       ms
[160.325s][info][gc,stats    ]       Phase: Concurrent Process Non-Strong References     11.179 / 12.086        9.175 / 15.785        9.175 / 15.785        9.175 / 15.785      ms
[160.325s][info][gc,stats    ]       Phase: Concurrent Relocate                          80.558 / 218.911      73.932 / 226.884      73.932 / 226.884      73.932 / 226.884     ms
[160.325s][info][gc,stats    ]       Phase: Concurrent Reset Relocation Set               0.039 / 0.108         0.037 / 0.132         0.037 / 0.132         0.037 / 0.132       ms
[160.325s][info][gc,stats    ]       Phase: Concurrent Select Relocation Set             16.855 / 31.049       14.521 / 41.923       14.521 / 41.923       14.521 / 41.923      ms
[160.325s][info][gc,stats    ]       Phase: Pause Mark End                                0.026 / 0.027         0.023 / 0.064         0.023 / 0.064         0.023 / 0.064       ms
[160.325s][info][gc,stats    ]       Phase: Pause Mark Start                              0.008 / 0.011         0.007 / 0.011         0.007 / 0.011         0.007 / 0.011       ms
[160.325s][info][gc,stats    ]       Phase: Pause Relocate Start                          0.012 / 0.015         0.012 / 0.032         0.012 / 0.032         0.012 / 0.032       ms
[160.325s][info][gc,stats    ]    Subphase: Concurrent Classes Purge                      0.454 / 0.507         0.360 / 0.622         0.360 / 0.622         0.360 / 0.622       ms
[160.325s][info][gc,stats    ]    Subphase: Concurrent Classes Unlink                     9.499 / 10.080        7.625 / 12.957        7.625 / 12.957        7.625 / 12.957      ms
[160.325s][info][gc,stats    ]    Subphase: Concurrent Mark                             336.918 / 681.856     311.717 / 969.741     311.717 / 969.741     311.717 / 969.741     ms
[160.325s][info][gc,stats    ]    Subphase: Concurrent Mark Try Flush                     0.164 / 0.323         0.172 / 1.725         0.172 / 1.725         0.172 / 1.725       ms
[160.325s][info][gc,stats    ]    Subphase: Concurrent Mark Try Terminate                 4.953 / 16.632        4.977 / 16.632        4.977 / 16.632        4.977 / 16.632      ms
[160.325s][info][gc,stats    ]    Subphase: Concurrent References Enqueue                 0.005 / 0.007         0.005 / 0.008         0.005 / 0.008         0.005 / 0.008       ms
[160.325s][info][gc,stats    ]    Subphase: Concurrent References Process                 0.229 / 0.331         0.189 / 0.610         0.189 / 0.610         0.189 / 0.610       ms
[160.325s][info][gc,stats    ]    Subphase: Concurrent Roots ClassLoaderDataGraph         0.132 / 0.286         0.120 / 0.376         0.120 / 0.376         0.120 / 0.376       ms
[160.325s][info][gc,stats    ]    Subphase: Concurrent Roots CodeCache                    0.000 / 0.000         0.000 / 0.000         0.000 / 0.000         0.000 / 0.000       ms
[160.325s][info][gc,stats    ]    Subphase: Concurrent Roots JavaThreads                  3.684 / 4.154         4.742 / 8.610         4.742 / 8.610         4.742 / 8.610       ms
[160.325s][info][gc,stats    ]    Subphase: Concurrent Roots OopStorageSet                0.050 / 0.095         0.044 / 0.142         0.044 / 0.142         0.044 / 0.142       ms
[160.325s][info][gc,stats    ]    Subphase: Concurrent Weak Roots OopStorageSet           0.700 / 0.865         0.586 / 1.025         0.586 / 1.025         0.586 / 1.025       ms
[160.325s][info][gc,stats    ]    Subphase: Pause Mark Try Complete                       0.000 / 0.000         0.005 / 0.008         0.005 / 0.008         0.005 / 0.008       ms
[160.325s][info][gc,stats    ]      System: Java Threads                                    263 / 265             234 / 267             234 / 267             234 / 267         threads
[160.325s][info][gc,stats    ] =========================================================================================================================================================
[160.607s][info][gc,phases   ] GC(89) Concurrent Mark 580.745ms
[160.607s][info][gc,phases   ] GC(89) Pause Mark End 0.027ms
[160.607s][info][gc,phases   ] GC(89) Concurrent Mark Free 0.001ms
[160.619s][info][gc,phases   ] GC(89) Concurrent Process Non-Strong References 11.951ms
[160.619s][info][gc,phases   ] GC(89) Concurrent Reset Relocation Set 0.004ms
[160.648s][info][gc,phases   ] GC(89) Concurrent Select Relocation Set 28.896ms
[160.648s][info][gc,phases   ] GC(89) Pause Relocate Start 0.013ms
[160.827s][info][gc,phases   ] GC(89) Concurrent Relocate 178.370ms
[160.827s][info][gc,load     ] GC(89) Load: 0.00/0.00/0.00
[160.827s][info][gc,mmu      ] GC(89) MMU: 2ms/96.8%, 5ms/98.7%, 10ms/99.3%, 20ms/99.6%, 50ms/99.8%, 100ms/99.9%
[160.827s][info][gc,marking  ] GC(89) Mark: 2 stripe(s), 6 proactive flush(es), 1 terminate flush(es), 0 completion(s), 0 continuation(s) 
[160.827s][info][gc,marking  ] GC(89) Mark Stack Usage: 32M
[160.827s][info][gc,nmethod  ] GC(89) NMethods: 12295 registered, 0 unregistered
[160.827s][info][gc,metaspace] GC(89) Metaspace: 72M used, 73M committed, 1152M reserved
[160.827s][info][gc,ref      ] GC(89) Soft: 5944 encountered, 0 discovered, 0 enqueued
[160.827s][info][gc,ref      ] GC(89) Weak: 6707 encountered, 984 discovered, 23 enqueued
[160.827s][info][gc,ref      ] GC(89) Final: 53 encountered, 0 discovered, 0 enqueued
[160.827s][info][gc,ref      ] GC(89) Phantom: 588 encountered, 303 discovered, 0 enqueued
[160.827s][info][gc,reloc    ] GC(89) Small Pages: 2215 / 4430M, Empty: 2372M, Relocated: 138M, In-Place: 0
[160.827s][info][gc,reloc    ] GC(89) Medium Pages: 5 / 160M, Empty: 96M, Relocated: 10M, In-Place: 0
[160.827s][info][gc,reloc    ] GC(89) Large Pages: 30 / 212M, Empty: 160M, Relocated: 0M, In-Place: 0
[160.827s][info][gc,reloc    ] GC(89) Forwarding Usage: 118M
[160.827s][info][gc,heap     ] GC(89) Min Capacity: 8192M(100%)
[160.827s][info][gc,heap     ] GC(89) Max Capacity: 8192M(100%)
[160.827s][info][gc,heap     ] GC(89) Soft Max Capacity: 8192M(100%)
[160.827s][info][gc,heap     ] GC(89)                Mark Start          Mark End        Relocate Start      Relocate End           High               Low         
[160.827s][info][gc,heap     ] GC(89)  Capacity:     8192M (100%)       8192M (100%)       8192M (100%)       8192M (100%)       8192M (100%)       8192M (100%)   
[160.827s][info][gc,heap     ] GC(89)      Free:     3390M (41%)        3186M (39%)        5770M (70%)        7322M (89%)        7344M (90%)        3172M (39%)    
[160.827s][info][gc,heap     ] GC(89)      Used:     4802M (59%)        5006M (61%)        2422M (30%)         870M (11%)        5020M (61%)         848M (10%)    
[160.827s][info][gc,heap     ] GC(89)      Live:         -               369M (5%)          369M (5%)          369M (5%)             -                  -          
[160.827s][info][gc,heap     ] GC(89) Allocated:         -               204M (2%)          248M (3%)          465M (6%)             -                  -          
[160.827s][info][gc,heap     ] GC(89)   Garbage:         -              4432M (54%)        1804M (22%)          35M (0%)             -                  -          
[160.827s][info][gc,heap     ] GC(89) Reclaimed:         -                  -              2628M (32%)        4397M (54%)            -                  -          
[160.827s][info][gc          ] GC(89) Garbage Collection (Allocation Rate) 4802M(59%)->870M(11%)
[160.927s][info][gc,start    ] GC(90) Garbage Collection (Allocation Rate)
[160.927s][info][gc,task     ] GC(90) Using 2 workers
[160.927s][info][gc,phases   ] GC(90) Pause Mark Start 0.008ms
[161.135s][info][gc,phases   ] GC(90) Concurrent Mark 208.412ms
[161.135s][info][gc,phases   ] GC(90) Pause Mark End 0.019ms
[161.135s][info][gc,phases   ] GC(90) Concurrent Mark Free 0.001ms
[161.146s][info][gc,phases   ] GC(90) Concurrent Process Non-Strong References 10.908ms
[161.146s][info][gc,phases   ] GC(90) Concurrent Reset Relocation Set 0.097ms
[161.157s][info][gc,phases   ] GC(90) Concurrent Select Relocation Set 10.209ms
[161.157s][info][gc,phases   ] GC(90) Pause Relocate Start 0.014ms
[161.187s][info][gc,phases   ] GC(90) Concurrent Relocate 30.219ms
[161.187s][info][gc,load     ] GC(90) Load: 0.00/0.00/0.00
[161.187s][info][gc,mmu      ] GC(90) MMU: 2ms/96.8%, 5ms/98.7%, 10ms/99.3%, 20ms/99.6%, 50ms/99.8%, 100ms/99.9%
[161.187s][info][gc,marking  ] GC(90) Mark: 2 stripe(s), 2 proactive flush(es), 1 terminate flush(es), 0 completion(s), 0 continuation(s) 
[161.187s][info][gc,marking  ] GC(90) Mark Stack Usage: 32M
[161.187s][info][gc,nmethod  ] GC(90) NMethods: 12303 registered, 0 unregistered
[161.187s][info][gc,metaspace] GC(90) Metaspace: 72M used, 73M committed, 1152M reserved
[161.187s][info][gc,ref      ] GC(90) Soft: 5940 encountered, 0 discovered, 0 enqueued
[161.187s][info][gc,ref      ] GC(90) Weak: 6796 encountered, 906 discovered, 219 enqueued
[161.187s][info][gc,ref      ] GC(90) Final: 53 encountered, 0 discovered, 0 enqueued
[161.187s][info][gc,ref      ] GC(90) Phantom: 588 encountered, 337 discovered, 0 enqueued
[161.187s][info][gc,reloc    ] GC(90) Small Pages: 408 / 816M, Empty: 422M, Relocated: 23M, In-Place: 0
[161.187s][info][gc,reloc    ] GC(90) Medium Pages: 4 / 128M, Empty: 96M, Relocated: 0M, In-Place: 0
[161.187s][info][gc,reloc    ] GC(90) Large Pages: 16 / 112M, Empty: 88M, Relocated: 0M, In-Place: 0
[161.187s][info][gc,reloc    ] GC(90) Forwarding Usage: 23M
[161.187s][info][gc,heap     ] GC(90) Min Capacity: 8192M(100%)
[161.187s][info][gc,heap     ] GC(90) Max Capacity: 8192M(100%)
[161.187s][info][gc,heap     ] GC(90) Soft Max Capacity: 8192M(100%)
[161.187s][info][gc,heap     ] GC(90)                Mark Start          Mark End        Relocate Start      Relocate End           High               Low         
[161.187s][info][gc,heap     ] GC(90)  Capacity:     8192M (100%)       8192M (100%)       8192M (100%)       8192M (100%)       8192M (100%)       8192M (100%)   
[161.187s][info][gc,heap     ] GC(90)      Free:     7136M (87%)        6766M (83%)        7352M (90%)        7526M (92%)        7528M (92%)        6754M (82%)    
[161.187s][info][gc,heap     ] GC(90)      Used:     1056M (13%)        1426M (17%)         840M (10%)         666M (8%)         1438M (18%)         664M (8%)     
[161.187s][info][gc,heap     ] GC(90)      Live:         -               218M (3%)          218M (3%)          218M (3%)             -                  -          
[161.187s][info][gc,heap     ] GC(90) Allocated:         -               370M (5%)          390M (5%)          415M (5%)             -                  -          
[161.187s][info][gc,heap     ] GC(90)   Garbage:         -               837M (10%)         231M (3%)           31M (0%)             -                  -          
[161.187s][info][gc,heap     ] GC(90) Reclaimed:         -                  -               606M (7%)          805M (10%)            -                  -          
[161.187s][info][gc          ] GC(90) Garbage Collection (Allocation Rate) 1056M(13%)->666M(8%)
[162.311s][info][gc,start    ] GC(91) Garbage Collection (System.gc())
[162.311s][info][gc,task     ] GC(91) Using 2 workers
[162.311s][info][gc,phases   ] GC(91) Pause Mark Start 0.008ms
[162.455s][info][gc,phases   ] GC(91) Concurrent Mark 143.717ms
[162.455s][info][gc,phases   ] GC(91) Pause Mark End 0.031ms
[162.455s][info][gc,phases   ] GC(91) Concurrent Mark Free 0.002ms
[162.468s][info][gc,phases   ] GC(91) Concurrent Process Non-Strong References 12.259ms
[162.468s][info][gc,phases   ] GC(91) Concurrent Reset Relocation Set 0.009ms
[162.471s][info][gc,phases   ] GC(91) Concurrent Select Relocation Set 3.800ms
[162.471s][info][gc,phases   ] GC(91) Pause Relocate Start 0.009ms
[162.473s][info][gc,phases   ] GC(91) Concurrent Relocate 0.999ms
[162.473s][info][gc,load     ] GC(91) Load: 0.00/0.00/0.00
[162.473s][info][gc,mmu      ] GC(91) MMU: 2ms/96.8%, 5ms/98.7%, 10ms/99.3%, 20ms/99.6%, 50ms/99.8%, 100ms/99.9%
[162.473s][info][gc,marking  ] GC(91) Mark: 2 stripe(s), 1 proactive flush(es), 1 terminate flush(es), 0 completion(s), 0 continuation(s) 
[162.473s][info][gc,marking  ] GC(91) Mark Stack Usage: 32M
[162.473s][info][gc,nmethod  ] GC(91) NMethods: 12323 registered, 0 unregistered
[162.473s][info][gc,metaspace] GC(91) Metaspace: 72M used, 73M committed, 1152M reserved
[162.473s][info][gc,ref      ] GC(91) Soft: 5936 encountered, 0 discovered, 0 enqueued
[162.473s][info][gc,ref      ] GC(91) Weak: 6768 encountered, 1137 discovered, 379 enqueued
[162.473s][info][gc,ref      ] GC(91) Final: 53 encountered, 4 discovered, 0 enqueued
[162.473s][info][gc,ref      ] GC(91) Phantom: 588 encountered, 286 discovered, 0 enqueued
[162.473s][info][gc,reloc    ] GC(91) Small Pages: 1242 / 2484M, Empty: 2224M, Relocated: 1M, In-Place: 0
[162.473s][info][gc,reloc    ] GC(91) Medium Pages: 9 / 288M, Empty: 256M, Relocated: 0M, In-Place: 0
[162.473s][info][gc,reloc    ] GC(91) Large Pages: 34 / 204M, Empty: 204M, Relocated: 0M, In-Place: 0
[162.473s][info][gc,reloc    ] GC(91) Forwarding Usage: 0M
[162.473s][info][gc,heap     ] GC(91) Min Capacity: 8192M(100%)
[162.473s][info][gc,heap     ] GC(91) Max Capacity: 8192M(100%)
[162.473s][info][gc,heap     ] GC(91) Soft Max Capacity: 8192M(100%)
[162.473s][info][gc,heap     ] GC(91)                Mark Start          Mark End        Relocate Start      Relocate End           High               Low         
[162.473s][info][gc,heap     ] GC(91)  Capacity:     8192M (100%)       8192M (100%)       8192M (100%)       8192M (100%)       8192M (100%)       8192M (100%)   
[162.473s][info][gc,heap     ] GC(91)      Free:     5216M (64%)        5214M (64%)        7888M (96%)        7974M (97%)        7974M (97%)        5214M (64%)    
[162.473s][info][gc,heap     ] GC(91)      Used:     2976M (36%)        2978M (36%)         304M (4%)          218M (3%)         2978M (36%)         218M (3%)     
[162.473s][info][gc,heap     ] GC(91)      Live:         -               173M (2%)          173M (2%)          173M (2%)             -                  -          
[162.473s][info][gc,heap     ] GC(91) Allocated:         -                 2M (0%)           12M (0%)           11M (0%)             -                  -          
[162.473s][info][gc,heap     ] GC(91)   Garbage:         -              2802M (34%)         118M (1%)           32M (0%)             -                  -          
[162.473s][info][gc,heap     ] GC(91) Reclaimed:         -                  -              2684M (33%)        2769M (34%)            -                  -          
[162.473s][info][gc          ] GC(91) Garbage Collection (System.gc()) 2976M(36%)->218M(3%)
[164.729s][info][gc,start    ] GC(92) Garbage Collection (Allocation Rate)
[164.729s][info][gc,task     ] GC(92) Using 2 workers
[164.729s][info][gc,phases   ] GC(92) Pause Mark Start 0.007ms
[165.265s][info][gc,phases   ] GC(92) Concurrent Mark 535.957ms
[165.265s][info][gc,phases   ] GC(92) Pause Mark End 0.027ms
[165.265s][info][gc,phases   ] GC(92) Concurrent Mark Free 0.001ms
[165.276s][info][gc,phases   ] GC(92) Concurrent Process Non-Strong References 11.030ms
[165.276s][info][gc,phases   ] GC(92) Concurrent Reset Relocation Set 0.004ms
[165.305s][info][gc,phases   ] GC(92) Concurrent Select Relocation Set 28.336ms
[165.305s][info][gc,phases   ] GC(92) Pause Relocate Start 0.010ms
[165.473s][info][gc,phases   ] GC(92) Concurrent Relocate 167.231ms
[165.473s][info][gc,load     ] GC(92) Load: 0.00/0.00/0.00
[165.473s][info][gc,mmu      ] GC(92) MMU: 2ms/96.8%, 5ms/98.7%, 10ms/99.3%, 20ms/99.6%, 50ms/99.8%, 100ms/99.9%
[165.473s][info][gc,marking  ] GC(92) Mark: 2 stripe(s), 2 proactive flush(es), 1 terminate flush(es), 0 completion(s), 0 continuation(s) 
[165.473s][info][gc,marking  ] GC(92) Mark Stack Usage: 32M
[165.473s][info][gc,nmethod  ] GC(92) NMethods: 12328 registered, 0 unregistered
[165.473s][info][gc,metaspace] GC(92) Metaspace: 72M used, 73M committed, 1152M reserved
[165.473s][info][gc,ref      ] GC(92) Soft: 5944 encountered, 0 discovered, 0 enqueued
[165.473s][info][gc,ref      ] GC(92) Weak: 6712 encountered, 946 discovered, 90 enqueued
[165.473s][info][gc,ref      ] GC(92) Final: 53 encountered, 0 discovered, 0 enqueued
[165.473s][info][gc,ref      ] GC(92) Phantom: 588 encountered, 339 discovered, 0 enqueued
[165.473s][info][gc,reloc    ] GC(92) Small Pages: 2214 / 4428M, Empty: 2492M, Relocated: 118M, In-Place: 0
[165.473s][info][gc,reloc    ] GC(92) Medium Pages: 5 / 160M, Empty: 128M, Relocated: 0M, In-Place: 0
[165.473s][info][gc,reloc    ] GC(92) Large Pages: 30 / 212M, Empty: 166M, Relocated: 0M, In-Place: 0
[165.473s][info][gc,reloc    ] GC(92) Forwarding Usage: 108M
[165.473s][info][gc,heap     ] GC(92) Min Capacity: 8192M(100%)
[165.473s][info][gc,heap     ] GC(92) Max Capacity: 8192M(100%)
[165.473s][info][gc,heap     ] GC(92) Soft Max Capacity: 8192M(100%)
[165.473s][info][gc,heap     ] GC(92)                Mark Start          Mark End        Relocate Start      Relocate End           High               Low         
[165.473s][info][gc,heap     ] GC(92)  Capacity:     8192M (100%)       8192M (100%)       8192M (100%)       8192M (100%)       8192M (100%)       8192M (100%)   
[165.473s][info][gc,heap     ] GC(92)      Free:     3392M (41%)        3294M (40%)        5978M (73%)        7452M (91%)        7458M (91%)        3286M (40%)    
[165.473s][info][gc,heap     ] GC(92)      Used:     4800M (59%)        4898M (60%)        2214M (27%)         740M (9%)         4906M (60%)         734M (9%)     
[165.473s][info][gc,heap     ] GC(92)      Live:         -               338M (4%)          338M (4%)          338M (4%)             -                  -          
[165.473s][info][gc,heap     ] GC(92) Allocated:         -                98M (1%)          200M (2%)          367M (4%)             -                  -          
[165.473s][info][gc,heap     ] GC(92)   Garbage:         -              4461M (54%)        1675M (20%)          33M (0%)             -                  -          
[165.473s][info][gc,heap     ] GC(92) Reclaimed:         -                  -              2786M (34%)        4427M (54%)            -                  -          
[165.473s][info][gc          ] GC(92) Garbage Collection (Allocation Rate) 4800M(59%)->740M(9%)
[166.415s][info][gc,start    ] GC(93) Garbage Collection (Allocation Rate)
[166.415s][info][gc,task     ] GC(93) Using 2 workers
[166.416s][info][gc,phases   ] GC(93) Pause Mark Start 0.008ms
[166.778s][info][gc,phases   ] GC(93) Concurrent Mark 362.621ms
[166.778s][info][gc,phases   ] GC(93) Pause Mark End 0.022ms
[166.779s][info][gc,phases   ] GC(93) Concurrent Mark Free 0.002ms
[166.791s][info][gc,phases   ] GC(93) Concurrent Process Non-Strong References 12.100ms
[166.791s][info][gc,phases   ] GC(93) Concurrent Reset Relocation Set 0.092ms
[166.803s][info][gc,phases   ] GC(93) Concurrent Select Relocation Set 11.704ms
[166.803s][info][gc,phases   ] GC(93) Pause Relocate Start 0.018ms
[166.895s][info][gc,phases   ] GC(93) Concurrent Relocate 91.790ms
[166.895s][info][gc,load     ] GC(93) Load: 0.00/0.00/0.00
[166.895s][info][gc,mmu      ] GC(93) MMU: 2ms/96.8%, 5ms/98.7%, 10ms/99.3%, 20ms/99.6%, 50ms/99.8%, 100ms/99.9%
[166.895s][info][gc,marking  ] GC(93) Mark: 2 stripe(s), 2 proactive flush(es), 1 terminate flush(es), 0 completion(s), 0 continuation(s) 
[166.895s][info][gc,marking  ] GC(93) Mark Stack Usage: 32M
[166.895s][info][gc,nmethod  ] GC(93) NMethods: 12358 registered, 0 unregistered
[166.895s][info][gc,metaspace] GC(93) Metaspace: 72M used, 73M committed, 1152M reserved
[166.895s][info][gc,ref      ] GC(93) Soft: 5940 encountered, 0 discovered, 0 enqueued
[166.895s][info][gc,ref      ] GC(93) Weak: 6981 encountered, 1378 discovered, 365 enqueued
[166.895s][info][gc,ref      ] GC(93) Final: 53 encountered, 5 discovered, 0 enqueued
[166.895s][info][gc,ref      ] GC(93) Phantom: 588 encountered, 240 discovered, 0 enqueued
[166.895s][info][gc,reloc    ] GC(93) Small Pages: 1011 / 2022M, Empty: 1068M, Relocated: 53M, In-Place: 0
[166.895s][info][gc,reloc    ] GC(93) Medium Pages: 6 / 192M, Empty: 96M, Relocated: 15M, In-Place: 0
[166.895s][info][gc,reloc    ] GC(93) Large Pages: 23 / 154M, Empty: 148M, Relocated: 0M, In-Place: 0
[166.895s][info][gc,reloc    ] GC(93) Forwarding Usage: 48M
[166.895s][info][gc,heap     ] GC(93) Min Capacity: 8192M(100%)
[166.895s][info][gc,heap     ] GC(93) Max Capacity: 8192M(100%)
[166.895s][info][gc,heap     ] GC(93) Soft Max Capacity: 8192M(100%)
[166.895s][info][gc,heap     ] GC(93)                Mark Start          Mark End        Relocate Start      Relocate End           High               Low         
[166.895s][info][gc,heap     ] GC(93)  Capacity:     8192M (100%)       8192M (100%)       8192M (100%)       8192M (100%)       8192M (100%)       8192M (100%)   
[166.895s][info][gc,heap     ] GC(93)      Free:     5824M (71%)        5372M (66%)        6628M (81%)        7242M (88%)        7242M (88%)        5346M (65%)    
[166.895s][info][gc,heap     ] GC(93)      Used:     2368M (29%)        2820M (34%)        1564M (19%)         950M (12%)        2846M (35%)         950M (12%)    
[166.895s][info][gc,heap     ] GC(93)      Live:         -               250M (3%)          250M (3%)          250M (3%)             -                  -          
[166.895s][info][gc,heap     ] GC(93) Allocated:         -               452M (6%)          508M (6%)          655M (8%)             -                  -          
[166.895s][info][gc,heap     ] GC(93)   Garbage:         -              2117M (26%)         805M (10%)          43M (1%)             -                  -          
[166.895s][info][gc,heap     ] GC(93) Reclaimed:         -                  -              1312M (16%)        2073M (25%)            -                  -          
[166.895s][info][gc          ] GC(93) Garbage Collection (Allocation Rate) 2368M(29%)->950M(12%)
[167.121s][info][gc,start    ] GC(94) Garbage Collection (System.gc())
[167.121s][info][gc,task     ] GC(94) Using 2 workers
[167.121s][info][gc,phases   ] GC(94) Pause Mark Start 0.005ms
[167.271s][info][gc,phases   ] GC(94) Concurrent Mark 149.720ms
[167.271s][info][gc,phases   ] GC(94) Pause Mark End 0.026ms
[167.271s][info][gc,phases   ] GC(94) Concurrent Mark Free 0.002ms
[167.282s][info][gc,phases   ] GC(94) Concurrent Process Non-Strong References 10.740ms
[167.282s][info][gc,phases   ] GC(94) Concurrent Reset Relocation Set 0.045ms
[167.288s][info][gc,phases   ] GC(94) Concurrent Select Relocation Set 5.372ms
[167.288s][info][gc,phases   ] GC(94) Pause Relocate Start 0.007ms
[167.289s][info][gc,phases   ] GC(94) Concurrent Relocate 0.643ms
[167.289s][info][gc,load     ] GC(94) Load: 0.00/0.00/0.00
[167.289s][info][gc,mmu      ] GC(94) MMU: 2ms/96.8%, 5ms/98.7%, 10ms/99.3%, 20ms/99.6%, 50ms/99.8%, 100ms/99.9%
[167.289s][info][gc,marking  ] GC(94) Mark: 2 stripe(s), 2 proactive flush(es), 1 terminate flush(es), 0 completion(s), 0 continuation(s) 
[167.289s][info][gc,marking  ] GC(94) Mark Stack Usage: 32M
[167.289s][info][gc,nmethod  ] GC(94) NMethods: 12359 registered, 0 unregistered
[167.289s][info][gc,metaspace] GC(94) Metaspace: 72M used, 73M committed, 1152M reserved
[167.289s][info][gc,ref      ] GC(94) Soft: 5936 encountered, 0 discovered, 0 enqueued
[167.289s][info][gc,ref      ] GC(94) Weak: 6631 encountered, 1025 discovered, 239 enqueued
[167.289s][info][gc,ref      ] GC(94) Final: 53 encountered, 4 discovered, 0 enqueued
[167.289s][info][gc,ref      ] GC(94) Phantom: 588 encountered, 324 discovered, 0 enqueued
[167.289s][info][gc,reloc    ] GC(94) Small Pages: 638 / 1276M, Empty: 1042M, Relocated: 1M, In-Place: 0
[167.289s][info][gc,reloc    ] GC(94) Medium Pages: 7 / 224M, Empty: 192M, Relocated: 0M, In-Place: 0
[167.289s][info][gc,reloc    ] GC(94) Large Pages: 21 / 126M, Empty: 126M, Relocated: 0M, In-Place: 0
[167.289s][info][gc,reloc    ] GC(94) Forwarding Usage: 0M
[167.289s][info][gc,heap     ] GC(94) Min Capacity: 8192M(100%)
[167.289s][info][gc,heap     ] GC(94) Max Capacity: 8192M(100%)
[167.289s][info][gc,heap     ] GC(94) Soft Max Capacity: 8192M(100%)
[167.289s][info][gc,heap     ] GC(94)                Mark Start          Mark End        Relocate Start      Relocate End           High               Low         
[167.289s][info][gc,heap     ] GC(94)  Capacity:     8192M (100%)       8192M (100%)       8192M (100%)       8192M (100%)       8192M (100%)       8192M (100%)   
[167.289s][info][gc,heap     ] GC(94)      Free:     6566M (80%)        6564M (80%)        7914M (97%)        7974M (97%)        7974M (97%)        6564M (80%)    
[167.289s][info][gc,heap     ] GC(94)      Used:     1626M (20%)        1628M (20%)         278M (3%)          218M (3%)         1628M (20%)         218M (3%)     
[167.289s][info][gc,heap     ] GC(94)      Live:         -               173M (2%)          173M (2%)          173M (2%)             -                  -          
[167.289s][info][gc,heap     ] GC(94) Allocated:         -                 2M (0%)           12M (0%)           12M (0%)             -                  -          
[167.289s][info][gc,heap     ] GC(94)   Garbage:         -              1452M (18%)          92M (1%)           32M (0%)             -                  -          
[167.289s][info][gc,heap     ] GC(94) Reclaimed:         -                  -              1360M (17%)        1420M (17%)            -                  -          
[167.289s][info][gc          ] GC(94) Garbage Collection (System.gc()) 1626M(20%)->218M(3%)
[169.526s][info][gc,start    ] GC(95) Garbage Collection (Allocation Rate)
[169.526s][info][gc,task     ] GC(95) Using 2 workers
[169.526s][info][gc,phases   ] GC(95) Pause Mark Start 0.009ms
[170.180s][info][gc,phases   ] GC(95) Concurrent Mark 654.240ms
[170.180s][info][gc,phases   ] GC(95) Pause Mark End 0.019ms
[170.180s][info][gc,phases   ] GC(95) Concurrent Mark Free 0.001ms
[170.191s][info][gc,phases   ] GC(95) Concurrent Process Non-Strong References 11.034ms
[170.191s][info][gc,phases   ] GC(95) Concurrent Reset Relocation Set 0.004ms
[170.224s][info][gc,phases   ] GC(95) Concurrent Select Relocation Set 32.289ms
[170.224s][info][gc,phases   ] GC(95) Pause Relocate Start 0.009ms
[170.321s][info][gc,stats    ] === Garbage Collection Statistics =======================================================================================================================
[170.321s][info][gc,stats    ]                                                              Last 10s              Last 10m              Last 10h                Total
[170.321s][info][gc,stats    ]                                                              Avg / Max             Avg / Max             Avg / Max             Avg / Max
[170.321s][info][gc,stats    ]   Collector: Garbage Collection Cycle                    435.697 / 800.934     420.330 / 983.217     420.330 / 983.217     420.330 / 983.217     ms
[170.321s][info][gc,stats    ]  Contention: Mark Segment Reset Contention                     3 / 24                3 / 24                3 / 24                3 / 24          ops/s
[170.321s][info][gc,stats    ]  Contention: Mark SeqNum Reset Contention                      0 / 0                 0 / 1                 0 / 1                 0 / 1           ops/s
[170.321s][info][gc,stats    ]    Critical: Allocation Stall                                  0 / 0                 0 / 0                 0 / 0                 0 / 0           ops/s
[170.321s][info][gc,stats    ]    Critical: Allocation Stall                              0.000 / 0.000         0.000 / 0.000         0.000 / 0.000         0.000 / 0.000       ms
[170.321s][info][gc,stats    ]    Critical: GC Locker Stall                                   0 / 0                 0 / 0                 0 / 0                 0 / 0           ops/s
[170.321s][info][gc,stats    ]    Critical: GC Locker Stall                               0.000 / 0.000         0.000 / 0.000         0.000 / 0.000         0.000 / 0.000       ms
[170.321s][info][gc,stats    ]    Critical: Relocation Stall                                  0 / 0                 0 / 0                 0 / 0                 0 / 0           ops/s
[170.321s][info][gc,stats    ]    Critical: Relocation Stall                              0.000 / 0.000         0.000 / 0.000         0.000 / 0.000         0.000 / 0.000       ms
[170.321s][info][gc,stats    ]      Memory: Allocation Rate                                1629 / 2212           1529 / 3876           1529 / 3876           1529 / 3876        MB/s
[170.321s][info][gc,stats    ]      Memory: Out Of Memory                                     0 / 0                 0 / 0                 0 / 0                 0 / 0           ops/s
[170.321s][info][gc,stats    ]      Memory: Page Cache Flush                                  0 / 0                 0 / 0                 0 / 0                 0 / 0           MB/s
[170.321s][info][gc,stats    ]      Memory: Page Cache Hit L1                               758 / 1059            697 / 1729            697 / 1729            697 / 1729        ops/s
[170.321s][info][gc,stats    ]      Memory: Page Cache Hit L2                                 0 / 0                 0 / 0                 0 / 0                 0 / 0           ops/s
[170.321s][info][gc,stats    ]      Memory: Page Cache Hit L3                                 0 / 2                13 / 527              13 / 527              13 / 527         ops/s
[170.321s][info][gc,stats    ]      Memory: Page Cache Miss                                   0 / 0                 0 / 1                 0 / 1                 0 / 1           ops/s
[170.321s][info][gc,stats    ]      Memory: Uncommit                                          0 / 0                 0 / 0                 0 / 0                 0 / 0           MB/s
[170.321s][info][gc,stats    ]      Memory: Undo Object Allocation Failed                     0 / 0                 0 / 1                 0 / 1                 0 / 1           ops/s
[170.321s][info][gc,stats    ]      Memory: Undo Object Allocation Succeeded                  0 / 0                 4 / 101               4 / 101               4 / 101         ops/s
[170.321s][info][gc,stats    ]      Memory: Undo Page Allocation                              0 / 0                 0 / 1                 0 / 1                 0 / 1           ops/s
[170.321s][info][gc,stats    ]       Phase: Concurrent Mark                             376.487 / 654.240     324.498 / 972.666     324.498 / 972.666     324.498 / 972.666     ms
[170.321s][info][gc,stats    ]       Phase: Concurrent Mark Continue                      0.000 / 0.000         0.000 / 0.000         0.000 / 0.000         0.000 / 0.000       ms
[170.322s][info][gc,stats    ]       Phase: Concurrent Mark Free                          0.001 / 0.002         0.004 / 0.317         0.004 / 0.317         0.004 / 0.317       ms
[170.322s][info][gc,stats    ]       Phase: Concurrent Process Non-Strong References     11.432 / 12.259        9.340 / 15.785        9.340 / 15.785        9.340 / 15.785      ms
[170.322s][info][gc,stats    ]       Phase: Concurrent Relocate                          78.209 / 178.370      74.202 / 226.884      74.202 / 226.884      74.202 / 226.884     ms
[170.322s][info][gc,stats    ]       Phase: Concurrent Reset Relocation Set               0.036 / 0.097         0.037 / 0.132         0.037 / 0.132         0.037 / 0.132       ms
[170.322s][info][gc,stats    ]       Phase: Concurrent Select Relocation Set             17.229 / 32.289       14.719 / 41.923       14.719 / 41.923       14.719 / 41.923      ms
[170.322s][info][gc,stats    ]       Phase: Pause Mark End                                0.024 / 0.031         0.023 / 0.064         0.023 / 0.064         0.023 / 0.064       ms
[170.322s][info][gc,stats    ]       Phase: Pause Mark Start                              0.008 / 0.009         0.007 / 0.011         0.007 / 0.011         0.007 / 0.011       ms
[170.322s][info][gc,stats    ]       Phase: Pause Relocate Start                          0.011 / 0.018         0.012 / 0.032         0.012 / 0.032         0.012 / 0.032       ms
[170.322s][info][gc,stats    ]    Subphase: Concurrent Classes Purge                      0.506 / 0.607         0.371 / 0.622         0.371 / 0.622         0.371 / 0.622       ms
[170.322s][info][gc,stats    ]    Subphase: Concurrent Classes Unlink                     9.846 / 10.565        7.787 / 12.957        7.787 / 12.957        7.787 / 12.957      ms
[170.322s][info][gc,stats    ]    Subphase: Concurrent Mark                             368.508 / 650.534     315.858 / 969.741     315.858 / 969.741     315.858 / 969.741     ms
[170.322s][info][gc,stats    ]    Subphase: Concurrent Mark Try Flush                     0.172 / 0.485         0.172 / 1.725         0.172 / 1.725         0.172 / 1.725       ms
[170.322s][info][gc,stats    ]    Subphase: Concurrent Mark Try Terminate                 3.375 / 15.249        4.878 / 16.632        4.878 / 16.632        4.878 / 16.632      ms
[170.322s][info][gc,stats    ]    Subphase: Concurrent References Enqueue                 0.006 / 0.007         0.005 / 0.008         0.005 / 0.008         0.005 / 0.008       ms
[170.322s][info][gc,stats    ]    Subphase: Concurrent References Process                 0.199 / 0.293         0.190 / 0.610         0.190 / 0.610         0.190 / 0.610       ms
[170.322s][info][gc,stats    ]    Subphase: Concurrent Roots ClassLoaderDataGraph         0.123 / 0.365         0.120 / 0.376         0.120 / 0.376         0.120 / 0.376       ms
[170.322s][info][gc,stats    ]    Subphase: Concurrent Roots CodeCache                    0.000 / 0.000         0.000 / 0.000         0.000 / 0.000         0.000 / 0.000       ms
[170.322s][info][gc,stats    ]    Subphase: Concurrent Roots JavaThreads                  3.786 / 4.849         4.682 / 8.610         4.682 / 8.610         4.682 / 8.610       ms
[170.322s][info][gc,stats    ]    Subphase: Concurrent Roots OopStorageSet                0.051 / 0.071         0.045 / 0.142         0.045 / 0.142         0.045 / 0.142       ms
[170.322s][info][gc,stats    ]    Subphase: Concurrent Weak Roots OopStorageSet           0.605 / 0.863         0.587 / 1.025         0.587 / 1.025         0.587 / 1.025       ms
[170.322s][info][gc,stats    ]    Subphase: Pause Mark Try Complete                       0.000 / 0.000         0.005 / 0.008         0.005 / 0.008         0.005 / 0.008       ms
[170.322s][info][gc,stats    ]      System: Java Threads                                    263 / 265             236 / 267             236 / 267             236 / 267         threads
[170.322s][info][gc,stats    ] =========================================================================================================================================================
[170.450s][info][gc,phases   ] GC(95) Concurrent Relocate 226.130ms
[170.450s][info][gc,load     ] GC(95) Load: 0.00/0.00/0.00
[170.450s][info][gc,mmu      ] GC(95) MMU: 2ms/96.8%, 5ms/98.7%, 10ms/99.3%, 20ms/99.6%, 50ms/99.8%, 100ms/99.9%
[170.450s][info][gc,marking  ] GC(95) Mark: 2 stripe(s), 2 proactive flush(es), 1 terminate flush(es), 0 completion(s), 0 continuation(s) 
[170.450s][info][gc,marking  ] GC(95) Mark Stack Usage: 32M
[170.450s][info][gc,nmethod  ] GC(95) NMethods: 12395 registered, 0 unregistered
[170.450s][info][gc,metaspace] GC(95) Metaspace: 72M used, 73M committed, 1152M reserved
[170.450s][info][gc,ref      ] GC(95) Soft: 5944 encountered, 0 discovered, 0 enqueued
[170.450s][info][gc,ref      ] GC(95) Weak: 6705 encountered, 1135 discovered, 21 enqueued
[170.450s][info][gc,ref      ] GC(95) Final: 53 encountered, 28 discovered, 0 enqueued
[170.450s][info][gc,ref      ] GC(95) Phantom: 588 encountered, 322 discovered, 0 enqueued
[170.450s][info][gc,reloc    ] GC(95) Small Pages: 2205 / 4410M, Empty: 2132M, Relocated: 188M, In-Place: 0
[170.450s][info][gc,reloc    ] GC(95) Medium Pages: 5 / 160M, Empty: 128M, Relocated: 0M, In-Place: 0
[170.450s][info][gc,reloc    ] GC(95) Large Pages: 30 / 212M, Empty: 148M, Relocated: 0M, In-Place: 0
[170.450s][info][gc,reloc    ] GC(95) Forwarding Usage: 146M
[170.450s][info][gc,heap     ] GC(95) Min Capacity: 8192M(100%)
[170.450s][info][gc,heap     ] GC(95) Max Capacity: 8192M(100%)
[170.450s][info][gc,heap     ] GC(95) Soft Max Capacity: 8192M(100%)
[170.450s][info][gc,heap     ] GC(95)                Mark Start          Mark End        Relocate Start      Relocate End           High               Low         
[170.450s][info][gc,heap     ] GC(95)  Capacity:     8192M (100%)       8192M (100%)       8192M (100%)       8192M (100%)       8192M (100%)       8192M (100%)   
[170.450s][info][gc,heap     ] GC(95)      Free:     3410M (42%)        3104M (38%)        5476M (67%)        7066M (86%)        7066M (86%)        3096M (38%)    
[170.450s][info][gc,heap     ] GC(95)      Used:     4782M (58%)        5088M (62%)        2716M (33%)        1126M (14%)        5096M (62%)        1126M (14%)    
[170.450s][info][gc,heap     ] GC(95)      Live:         -               429M (5%)          429M (5%)          429M (5%)             -                  -          
[170.450s][info][gc,heap     ] GC(95) Allocated:         -               306M (4%)          342M (4%)          663M (8%)             -                  -          
[170.450s][info][gc,heap     ] GC(95)   Garbage:         -              4352M (53%)        1944M (24%)          32M (0%)             -                  -          
[170.450s][info][gc,heap     ] GC(95) Reclaimed:         -                  -              2408M (29%)        4319M (53%)            -                  -          
[170.450s][info][gc          ] GC(95) Garbage Collection (Allocation Rate) 4782M(58%)->1126M(14%)
[170.522s][info][gc,start    ] GC(96) Garbage Collection (Allocation Rate)
[170.522s][info][gc,task     ] GC(96) Using 2 workers
[170.522s][info][gc,phases   ] GC(96) Pause Mark Start 0.006ms
[170.716s][info][gc,phases   ] GC(96) Concurrent Mark 193.938ms
[170.716s][info][gc,phases   ] GC(96) Pause Mark End 0.021ms
[170.716s][info][gc,phases   ] GC(96) Concurrent Mark Free 0.001ms
[170.727s][info][gc,phases   ] GC(96) Concurrent Process Non-Strong References 10.491ms
[170.727s][info][gc,phases   ] GC(96) Concurrent Reset Relocation Set 0.100ms
[170.737s][info][gc,phases   ] GC(96) Concurrent Select Relocation Set 10.173ms
[170.737s][info][gc,phases   ] GC(96) Pause Relocate Start 0.021ms
[170.747s][info][gc,phases   ] GC(96) Concurrent Relocate 9.284ms
[170.747s][info][gc,load     ] GC(96) Load: 0.00/0.00/0.00
[170.747s][info][gc,mmu      ] GC(96) MMU: 2ms/96.8%, 5ms/98.7%, 10ms/99.3%, 20ms/99.6%, 50ms/99.8%, 100ms/99.9%
[170.747s][info][gc,marking  ] GC(96) Mark: 2 stripe(s), 2 proactive flush(es), 1 terminate flush(es), 0 completion(s), 0 continuation(s) 
[170.747s][info][gc,marking  ] GC(96) Mark Stack Usage: 32M
[170.747s][info][gc,nmethod  ] GC(96) NMethods: 12432 registered, 0 unregistered
[170.747s][info][gc,metaspace] GC(96) Metaspace: 72M used, 73M committed, 1152M reserved
[170.747s][info][gc,ref      ] GC(96) Soft: 5938 encountered, 0 discovered, 0 enqueued
[170.747s][info][gc,ref      ] GC(96) Weak: 6787 encountered, 949 discovered, 220 enqueued
[170.747s][info][gc,ref      ] GC(96) Final: 53 encountered, 4 discovered, 0 enqueued
[170.747s][info][gc,ref      ] GC(96) Phantom: 588 encountered, 312 discovered, 0 enqueued
[170.747s][info][gc,reloc    ] GC(96) Small Pages: 505 / 1010M, Empty: 712M, Relocated: 8M, In-Place: 0
[170.747s][info][gc,reloc    ] GC(96) Medium Pages: 4 / 128M, Empty: 96M, Relocated: 0M, In-Place: 0
[170.747s][info][gc,reloc    ] GC(96) Large Pages: 18 / 124M, Empty: 118M, Relocated: 0M, In-Place: 0
[170.747s][info][gc,reloc    ] GC(96) Forwarding Usage: 7M
[170.747s][info][gc,heap     ] GC(96) Min Capacity: 8192M(100%)
[170.747s][info][gc,heap     ] GC(96) Max Capacity: 8192M(100%)
[170.747s][info][gc,heap     ] GC(96) Soft Max Capacity: 8192M(100%)
[170.747s][info][gc,heap     ] GC(96)                Mark Start          Mark End        Relocate Start      Relocate End           High               Low         
[170.747s][info][gc,heap     ] GC(96)  Capacity:     8192M (100%)       8192M (100%)       8192M (100%)       8192M (100%)       8192M (100%)       8192M (100%)   
[170.747s][info][gc,heap     ] GC(96)      Free:     6930M (85%)        6632M (81%)        7542M (92%)        7652M (93%)        7652M (93%)        6622M (81%)    
[170.747s][info][gc,heap     ] GC(96)      Used:     1262M (15%)        1560M (19%)         650M (8%)          540M (7%)         1570M (19%)         540M (7%)     
[170.747s][info][gc,heap     ] GC(96)      Live:         -               185M (2%)          185M (2%)          185M (2%)             -                  -          
[170.747s][info][gc,heap     ] GC(96) Allocated:         -               298M (4%)          314M (4%)          323M (4%)             -                  -          
[170.747s][info][gc,heap     ] GC(96)   Garbage:         -              1076M (13%)         150M (2%)           30M (0%)             -                  -          
[170.747s][info][gc,heap     ] GC(96) Reclaimed:         -                  -               926M (11%)        1045M (13%)            -                  -          
[170.747s][info][gc          ] GC(96) Garbage Collection (Allocation Rate) 1262M(15%)->540M(7%)
[171.829s][info][gc,start    ] GC(97) Garbage Collection (System.gc())
[171.829s][info][gc,task     ] GC(97) Using 2 workers
[171.829s][info][gc,phases   ] GC(97) Pause Mark Start 0.009ms
[171.964s][info][gc,phases   ] GC(97) Concurrent Mark 135.247ms
[171.964s][info][gc,phases   ] GC(97) Pause Mark End 0.026ms
[171.965s][info][gc,phases   ] GC(97) Concurrent Mark Free 0.002ms
[171.976s][info][gc,phases   ] GC(97) Concurrent Process Non-Strong References 11.189ms
[171.976s][info][gc,phases   ] GC(97) Concurrent Reset Relocation Set 0.005ms
[171.978s][info][gc,phases   ] GC(97) Concurrent Select Relocation Set 2.058ms
[171.978s][info][gc,phases   ] GC(97) Pause Relocate Start 0.009ms
[171.979s][info][gc,phases   ] GC(97) Concurrent Relocate 1.022ms
[171.979s][info][gc,load     ] GC(97) Load: 0.00/0.00/0.00
[171.979s][info][gc,mmu      ] GC(97) MMU: 2ms/96.8%, 5ms/98.7%, 10ms/99.3%, 20ms/99.6%, 50ms/99.8%, 100ms/99.9%
[171.979s][info][gc,marking  ] GC(97) Mark: 2 stripe(s), 2 proactive flush(es), 1 terminate flush(es), 0 completion(s), 0 continuation(s) 
[171.979s][info][gc,marking  ] GC(97) Mark Stack Usage: 32M
[171.979s][info][gc,nmethod  ] GC(97) NMethods: 12512 registered, 0 unregistered
[171.979s][info][gc,metaspace] GC(97) Metaspace: 72M used, 73M committed, 1152M reserved
[171.979s][info][gc,ref      ] GC(97) Soft: 5936 encountered, 0 discovered, 0 enqueued
[171.979s][info][gc,ref      ] GC(97) Weak: 6767 encountered, 1126 discovered, 378 enqueued
[171.979s][info][gc,ref      ] GC(97) Final: 53 encountered, 4 discovered, 0 enqueued
[171.979s][info][gc,ref      ] GC(97) Phantom: 589 encountered, 406 discovered, 0 enqueued
[171.979s][info][gc,reloc    ] GC(97) Small Pages: 1167 / 2334M, Empty: 2092M, Relocated: 1M, In-Place: 0
[171.980s][info][gc,reloc    ] GC(97) Medium Pages: 9 / 288M, Empty: 256M, Relocated: 0M, In-Place: 0
[171.980s][info][gc,reloc    ] GC(97) Large Pages: 35 / 210M, Empty: 210M, Relocated: 0M, In-Place: 0
[171.980s][info][gc,reloc    ] GC(97) Forwarding Usage: 0M
[171.980s][info][gc,heap     ] GC(97) Min Capacity: 8192M(100%)
[171.980s][info][gc,heap     ] GC(97) Max Capacity: 8192M(100%)
[171.980s][info][gc,heap     ] GC(97) Soft Max Capacity: 8192M(100%)
[171.980s][info][gc,heap     ] GC(97)                Mark Start          Mark End        Relocate Start      Relocate End           High               Low         
[171.980s][info][gc,heap     ] GC(97)  Capacity:     8192M (100%)       8192M (100%)       8192M (100%)       8192M (100%)       8192M (100%)       8192M (100%)   
[171.980s][info][gc,heap     ] GC(97)      Free:     5360M (65%)        5358M (65%)        7908M (97%)        7974M (97%)        7974M (97%)        5358M (65%)    
[171.980s][info][gc,heap     ] GC(97)      Used:     2832M (35%)        2834M (35%)         284M (3%)          218M (3%)         2834M (35%)         218M (3%)     
[171.980s][info][gc,heap     ] GC(97)      Live:         -               173M (2%)          173M (2%)          173M (2%)             -                  -          
[171.980s][info][gc,heap     ] GC(97) Allocated:         -                 2M (0%)           10M (0%)           11M (0%)             -                  -          
[171.980s][info][gc,heap     ] GC(97)   Garbage:         -              2658M (32%)         100M (1%)           32M (0%)             -                  -          
[171.980s][info][gc,heap     ] GC(97) Reclaimed:         -                  -              2558M (31%)        2625M (32%)            -                  -          
[171.980s][info][gc          ] GC(97) Garbage Collection (System.gc()) 2832M(35%)->218M(3%)
[174.223s][info][gc,start    ] GC(98) Garbage Collection (Allocation Rate)
[174.224s][info][gc,task     ] GC(98) Using 2 workers
[174.224s][info][gc,phases   ] GC(98) Pause Mark Start 0.007ms
[174.844s][info][gc,phases   ] GC(98) Concurrent Mark 619.882ms
[174.844s][info][gc,phases   ] GC(98) Pause Mark End 0.022ms
[174.844s][info][gc,phases   ] GC(98) Concurrent Mark Free 0.000ms
[174.856s][info][gc,phases   ] GC(98) Concurrent Process Non-Strong References 12.109ms
[174.856s][info][gc,phases   ] GC(98) Concurrent Reset Relocation Set 0.004ms
[174.886s][info][gc,phases   ] GC(98) Concurrent Select Relocation Set 30.228ms
[174.887s][info][gc,phases   ] GC(98) Pause Relocate Start 0.015ms
[175.090s][info][gc,phases   ] GC(98) Concurrent Relocate 203.748ms
[175.090s][info][gc,load     ] GC(98) Load: 0.00/0.00/0.00
[175.090s][info][gc,mmu      ] GC(98) MMU: 2ms/96.8%, 5ms/98.7%, 10ms/99.3%, 20ms/99.6%, 50ms/99.8%, 100ms/99.9%
[175.090s][info][gc,marking  ] GC(98) Mark: 2 stripe(s), 2 proactive flush(es), 1 terminate flush(es), 0 completion(s), 0 continuation(s) 
[175.090s][info][gc,marking  ] GC(98) Mark Stack Usage: 32M
[175.090s][info][gc,nmethod  ] GC(98) NMethods: 12527 registered, 0 unregistered
[175.090s][info][gc,metaspace] GC(98) Metaspace: 72M used, 73M committed, 1152M reserved
[175.090s][info][gc,ref      ] GC(98) Soft: 5944 encountered, 0 discovered, 0 enqueued
[175.090s][info][gc,ref      ] GC(98) Weak: 6715 encountered, 964 discovered, 22 enqueued
[175.090s][info][gc,ref      ] GC(98) Final: 53 encountered, 4 discovered, 0 enqueued
[175.090s][info][gc,ref      ] GC(98) Phantom: 589 encountered, 294 discovered, 0 enqueued
[175.090s][info][gc,reloc    ] GC(98) Small Pages: 2209 / 4418M, Empty: 2252M, Relocated: 166M, In-Place: 0
[175.090s][info][gc,reloc    ] GC(98) Medium Pages: 5 / 160M, Empty: 128M, Relocated: 0M, In-Place: 0
[175.090s][info][gc,reloc    ] GC(98) Large Pages: 30 / 212M, Empty: 154M, Relocated: 0M, In-Place: 0
[175.090s][info][gc,reloc    ] GC(98) Forwarding Usage: 134M
[175.091s][info][gc,heap     ] GC(98) Min Capacity: 8192M(100%)
[175.091s][info][gc,heap     ] GC(98) Max Capacity: 8192M(100%)
[175.091s][info][gc,heap     ] GC(98) Soft Max Capacity: 8192M(100%)
[175.091s][info][gc,heap     ] GC(98)                Mark Start          Mark End        Relocate Start      Relocate End           High               Low         
[175.091s][info][gc,heap     ] GC(98)  Capacity:     8192M (100%)       8192M (100%)       8192M (100%)       8192M (100%)       8192M (100%)       8192M (100%)   
[175.091s][info][gc,heap     ] GC(98)      Free:     3402M (42%)        3146M (38%)        5634M (69%)        7156M (87%)        7196M (88%)        3122M (38%)    
[175.091s][info][gc,heap     ] GC(98)      Used:     4790M (58%)        5046M (62%)        2558M (31%)        1036M (13%)        5070M (62%)         996M (12%)    
[175.091s][info][gc,heap     ] GC(98)      Live:         -               399M (5%)          399M (5%)          399M (5%)             -                  -          
[175.091s][info][gc,heap     ] GC(98) Allocated:         -               256M (3%)          302M (4%)          603M (7%)             -                  -          
[175.091s][info][gc,heap     ] GC(98)   Garbage:         -              4390M (54%)        1856M (23%)          33M (0%)             -                  -          
[175.091s][info][gc,heap     ] GC(98) Reclaimed:         -                  -              2534M (31%)        4357M (53%)            -                  -          
[175.091s][info][gc          ] GC(98) Garbage Collection (Allocation Rate) 4790M(58%)->1036M(13%)
[175.129s][info][gc,start    ] GC(99) Garbage Collection (Allocation Rate)
[175.129s][info][gc,task     ] GC(99) Using 2 workers
[175.129s][info][gc,phases   ] GC(99) Pause Mark Start 0.006ms
[175.361s][info][gc,phases   ] GC(99) Concurrent Mark 232.240ms
[175.361s][info][gc,phases   ] GC(99) Pause Mark End 0.018ms
[175.361s][info][gc,phases   ] GC(99) Concurrent Mark Free 0.001ms
[175.373s][info][gc,phases   ] GC(99) Concurrent Process Non-Strong References 11.513ms
[175.373s][info][gc,phases   ] GC(99) Concurrent Reset Relocation Set 0.095ms
[175.384s][info][gc,phases   ] GC(99) Concurrent Select Relocation Set 10.720ms
[175.384s][info][gc,phases   ] GC(99) Pause Relocate Start 0.019ms
[175.413s][info][gc,phases   ] GC(99) Concurrent Relocate 28.911ms
[175.413s][info][gc,load     ] GC(99) Load: 0.00/0.00/0.00
[175.413s][info][gc,mmu      ] GC(99) MMU: 2ms/96.8%, 5ms/98.7%, 10ms/99.3%, 20ms/99.6%, 50ms/99.8%, 100ms/99.9%
[175.413s][info][gc,marking  ] GC(99) Mark: 2 stripe(s), 2 proactive flush(es), 1 terminate flush(es), 0 completion(s), 0 continuation(s) 
[175.413s][info][gc,marking  ] GC(99) Mark Stack Usage: 32M
[175.413s][info][gc,nmethod  ] GC(99) NMethods: 12530 registered, 0 unregistered
[175.413s][info][gc,metaspace] GC(99) Metaspace: 72M used, 73M committed, 1152M reserved
[175.413s][info][gc,ref      ] GC(99) Soft: 5940 encountered, 0 discovered, 0 enqueued
[175.413s][info][gc,ref      ] GC(99) Weak: 6770 encountered, 1005 discovered, 220 enqueued
[175.413s][info][gc,ref      ] GC(99) Final: 53 encountered, 4 discovered, 0 enqueued
[175.413s][info][gc,ref      ] GC(99) Phantom: 592 encountered, 326 discovered, 0 enqueued
[175.413s][info][gc,reloc    ] GC(99) Small Pages: 419 / 838M, Empty: 456M, Relocated: 22M, In-Place: 0
[175.413s][info][gc,reloc    ] GC(99) Medium Pages: 4 / 128M, Empty: 96M, Relocated: 0M, In-Place: 0
[175.413s][info][gc,reloc    ] GC(99) Large Pages: 17 / 118M, Empty: 94M, Relocated: 0M, In-Place: 0
[175.413s][info][gc,reloc    ] GC(99) Forwarding Usage: 22M
[175.413s][info][gc,heap     ] GC(99) Min Capacity: 8192M(100%)
[175.413s][info][gc,heap     ] GC(99) Max Capacity: 8192M(100%)
[175.413s][info][gc,heap     ] GC(99) Soft Max Capacity: 8192M(100%)
[175.413s][info][gc,heap     ] GC(99)                Mark Start          Mark End        Relocate Start      Relocate End           High               Low         
[175.413s][info][gc,heap     ] GC(99)  Capacity:     8192M (100%)       8192M (100%)       8192M (100%)       8192M (100%)       8192M (100%)       8192M (100%)   
[175.413s][info][gc,heap     ] GC(99)      Free:     7108M (87%)        6736M (82%)        7364M (90%)        7530M (92%)        7530M (92%)        6724M (82%)    
[175.413s][info][gc,heap     ] GC(99)      Used:     1084M (13%)        1456M (18%)         828M (10%)         662M (8%)         1468M (18%)         662M (8%)     
[175.413s][info][gc,heap     ] GC(99)      Live:         -               218M (3%)          218M (3%)          218M (3%)             -                  -          
[175.413s][info][gc,heap     ] GC(99) Allocated:         -               372M (5%)          390M (5%)          411M (5%)             -                  -          
[175.413s][info][gc,heap     ] GC(99)   Garbage:         -               865M (11%)         219M (3%)           31M (0%)             -                  -          
[175.413s][info][gc,heap     ] GC(99) Reclaimed:         -                  -               646M (8%)          833M (10%)            -                  -          
[175.413s][info][gc          ] GC(99) Garbage Collection (Allocation Rate) 1084M(13%)->662M(8%)
[176.694s][info][gc,start    ] GC(100) Garbage Collection (System.gc())
[176.694s][info][gc,task     ] GC(100) Using 2 workers
[176.694s][info][gc,phases   ] GC(100) Pause Mark Start 0.005ms
[176.837s][info][gc,phases   ] GC(100) Concurrent Mark 142.743ms
[176.837s][info][gc,phases   ] GC(100) Pause Mark End 0.025ms
[176.837s][info][gc,phases   ] GC(100) Concurrent Mark Free 0.002ms
[176.848s][info][gc,phases   ] GC(100) Concurrent Process Non-Strong References 11.237ms
[176.848s][info][gc,phases   ] GC(100) Concurrent Reset Relocation Set 0.008ms
[176.852s][info][gc,phases   ] GC(100) Concurrent Select Relocation Set 3.348ms
[176.852s][info][gc,phases   ] GC(100) Pause Relocate Start 0.008ms
[176.853s][info][gc,phases   ] GC(100) Concurrent Relocate 0.937ms
[176.853s][info][gc,load     ] GC(100) Load: 0.00/0.00/0.00
[176.853s][info][gc,mmu      ] GC(100) MMU: 2ms/96.8%, 5ms/98.7%, 10ms/99.3%, 20ms/99.6%, 50ms/99.8%, 100ms/99.9%
[176.853s][info][gc,marking  ] GC(100) Mark: 2 stripe(s), 2 proactive flush(es), 1 terminate flush(es), 0 completion(s), 0 continuation(s) 
[176.853s][info][gc,marking  ] GC(100) Mark Stack Usage: 32M
[176.853s][info][gc,nmethod  ] GC(100) NMethods: 12545 registered, 0 unregistered
[176.853s][info][gc,metaspace] GC(100) Metaspace: 72M used, 73M committed, 1152M reserved
[176.853s][info][gc,ref      ] GC(100) Soft: 5936 encountered, 0 discovered, 0 enqueued
[176.853s][info][gc,ref      ] GC(100) Weak: 6775 encountered, 1120 discovered, 382 enqueued
[176.853s][info][gc,ref      ] GC(100) Final: 53 encountered, 4 discovered, 0 enqueued
[176.853s][info][gc,ref      ] GC(100) Phantom: 588 encountered, 291 discovered, 0 enqueued
[176.853s][info][gc,reloc    ] GC(100) Small Pages: 1243 / 2486M, Empty: 2236M, Relocated: 1M, In-Place: 0
[176.853s][info][gc,reloc    ] GC(100) Medium Pages: 9 / 288M, Empty: 256M, Relocated: 0M, In-Place: 0
[176.853s][info][gc,reloc    ] GC(100) Large Pages: 32 / 192M, Empty: 192M, Relocated: 0M, In-Place: 0
[176.853s][info][gc,reloc    ] GC(100) Forwarding Usage: 0M
[176.853s][info][gc,heap     ] GC(100) Min Capacity: 8192M(100%)
[176.853s][info][gc,heap     ] GC(100) Max Capacity: 8192M(100%)
[176.853s][info][gc,heap     ] GC(100) Soft Max Capacity: 8192M(100%)
[176.853s][info][gc,heap     ] GC(100)                Mark Start          Mark End        Relocate Start      Relocate End           High               Low         
[176.853s][info][gc,heap     ] GC(100)  Capacity:     8192M (100%)       8192M (100%)       8192M (100%)       8192M (100%)       8192M (100%)       8192M (100%)   
[176.853s][info][gc,heap     ] GC(100)      Free:     5226M (64%)        5222M (64%)        7900M (96%)        7976M (97%)        7976M (97%)        5222M (64%)    
[176.853s][info][gc,heap     ] GC(100)      Used:     2966M (36%)        2970M (36%)         292M (4%)          216M (3%)         2970M (36%)         216M (3%)     
[176.853s][info][gc,heap     ] GC(100)      Live:         -               173M (2%)          173M (2%)          173M (2%)             -                  -          
[176.853s][info][gc,heap     ] GC(100) Allocated:         -                 4M (0%)           10M (0%)            9M (0%)             -                  -          
[176.853s][info][gc,heap     ] GC(100)   Garbage:         -              2792M (34%)         108M (1%)           32M (0%)             -                  -          
[176.853s][info][gc,heap     ] GC(100) Reclaimed:         -                  -              2684M (33%)        2759M (34%)            -                  -          
[176.853s][info][gc          ] GC(100) Garbage Collection (System.gc()) 2966M(36%)->216M(3%)
[179.125s][info][gc,start    ] GC(101) Garbage Collection (Allocation Rate)
[179.125s][info][gc,task     ] GC(101) Using 2 workers
[179.126s][info][gc,phases   ] GC(101) Pause Mark Start 0.006ms
[179.644s][info][gc,phases   ] GC(101) Concurrent Mark 517.954ms
[179.644s][info][gc,phases   ] GC(101) Pause Mark End 0.028ms
[179.644s][info][gc,phases   ] GC(101) Concurrent Mark Free 0.001ms
[179.654s][info][gc,phases   ] GC(101) Concurrent Process Non-Strong References 10.432ms
[179.654s][info][gc,phases   ] GC(101) Concurrent Reset Relocation Set 0.003ms
[179.678s][info][gc,phases   ] GC(101) Concurrent Select Relocation Set 23.111ms
[179.678s][info][gc,phases   ] GC(101) Pause Relocate Start 0.013ms
[179.825s][info][gc,phases   ] GC(101) Concurrent Relocate 146.843ms
[179.825s][info][gc,load     ] GC(101) Load: 0.00/0.00/0.00
[179.825s][info][gc,mmu      ] GC(101) MMU: 2ms/96.8%, 5ms/98.7%, 10ms/99.3%, 20ms/99.6%, 50ms/99.8%, 100ms/99.9%
[179.825s][info][gc,marking  ] GC(101) Mark: 2 stripe(s), 2 proactive flush(es), 1 terminate flush(es), 0 completion(s), 0 continuation(s) 
[179.825s][info][gc,marking  ] GC(101) Mark Stack Usage: 32M
[179.825s][info][gc,nmethod  ] GC(101) NMethods: 12558 registered, 0 unregistered
[179.825s][info][gc,metaspace] GC(101) Metaspace: 72M used, 73M committed, 1152M reserved
[179.825s][info][gc,ref      ] GC(101) Soft: 5944 encountered, 0 discovered, 0 enqueued
[179.825s][info][gc,ref      ] GC(101) Weak: 6703 encountered, 923 discovered, 91 enqueued
[179.825s][info][gc,ref      ] GC(101) Final: 53 encountered, 0 discovered, 0 enqueued
[179.825s][info][gc,ref      ] GC(101) Phantom: 588 encountered, 300 discovered, 0 enqueued
[179.825s][info][gc,reloc    ] GC(101) Small Pages: 2215 / 4430M, Empty: 2614M, Relocated: 96M, In-Place: 0
[179.825s][info][gc,reloc    ] GC(101) Medium Pages: 5 / 160M, Empty: 96M, Relocated: 11M, In-Place: 0
[179.825s][info][gc,reloc    ] GC(101) Large Pages: 30 / 212M, Empty: 172M, Relocated: 0M, In-Place: 0
[179.825s][info][gc,reloc    ] GC(101) Forwarding Usage: 96M
[179.825s][info][gc,heap     ] GC(101) Min Capacity: 8192M(100%)
[179.825s][info][gc,heap     ] GC(101) Max Capacity: 8192M(100%)
[179.825s][info][gc,heap     ] GC(101) Soft Max Capacity: 8192M(100%)
[179.825s][info][gc,heap     ] GC(101)                Mark Start          Mark End        Relocate Start      Relocate End           High               Low         
[179.825s][info][gc,heap     ] GC(101)  Capacity:     8192M (100%)       8192M (100%)       8192M (100%)       8192M (100%)       8192M (100%)       8192M (100%)   
[179.825s][info][gc,heap     ] GC(101)      Free:     3390M (41%)        3300M (40%)        6174M (75%)        7542M (92%)        7542M (92%)        3298M (40%)    
[179.825s][info][gc,heap     ] GC(101)      Used:     4802M (59%)        4892M (60%)        2018M (25%)         650M (8%)         4894M (60%)         650M (8%)     
[179.825s][info][gc,heap     ] GC(101)      Live:         -               309M (4%)          309M (4%)          309M (4%)             -                  -          
[179.825s][info][gc,heap     ] GC(101) Allocated:         -                90M (1%)           98M (1%)          310M (4%)             -                  -          
[179.825s][info][gc,heap     ] GC(101)   Garbage:         -              4492M (55%)        1610M (20%)          29M (0%)             -                  -          
[179.825s][info][gc,heap     ] GC(101) Reclaimed:         -                  -              2882M (35%)        4462M (54%)            -                  -          
[179.825s][info][gc          ] GC(101) Garbage Collection (Allocation Rate) 4802M(59%)->650M(8%)
[180.320s][info][gc,stats    ] === Garbage Collection Statistics =======================================================================================================================
[180.320s][info][gc,stats    ]                                                              Last 10s              Last 10m              Last 10h                Total
[180.320s][info][gc,stats    ]                                                              Avg / Max             Avg / Max             Avg / Max             Avg / Max
[180.320s][info][gc,stats    ]   Collector: Garbage Collection Cycle                    472.855 / 924.554     423.935 / 983.217     423.935 / 983.217     423.935 / 983.217     ms
[180.320s][info][gc,stats    ]  Contention: Mark Segment Reset Contention                     4 / 16                3 / 24                3 / 24                3 / 24          ops/s
[180.320s][info][gc,stats    ]  Contention: Mark SeqNum Reset Contention                      0 / 0                 0 / 1                 0 / 1                 0 / 1           ops/s
[180.320s][info][gc,stats    ]    Critical: Allocation Stall                                  0 / 0                 0 / 0                 0 / 0                 0 / 0           ops/s
[180.320s][info][gc,stats    ]    Critical: Allocation Stall                              0.000 / 0.000         0.000 / 0.000         0.000 / 0.000         0.000 / 0.000       ms
[180.320s][info][gc,stats    ]    Critical: GC Locker Stall                                   0 / 0                 0 / 0                 0 / 0                 0 / 0           ops/s
[180.320s][info][gc,stats    ]    Critical: GC Locker Stall                               0.000 / 0.000         0.000 / 0.000         0.000 / 0.000         0.000 / 0.000       ms
[180.320s][info][gc,stats    ]    Critical: Relocation Stall                                  0 / 0                 0 / 0                 0 / 0                 0 / 0           ops/s
[180.320s][info][gc,stats    ]    Critical: Relocation Stall                              0.000 / 0.000         0.000 / 0.000         0.000 / 0.000         0.000 / 0.000       ms
[180.320s][info][gc,stats    ]      Memory: Allocation Rate                                1660 / 2286           1536 / 3876           1536 / 3876           1536 / 3876        MB/s
[180.320s][info][gc,stats    ]      Memory: Out Of Memory                                     0 / 0                 0 / 0                 0 / 0                 0 / 0           ops/s
[180.320s][info][gc,stats    ]      Memory: Page Cache Flush                                  0 / 0                 0 / 0                 0 / 0                 0 / 0           MB/s
[180.320s][info][gc,stats    ]      Memory: Page Cache Hit L1                               772 / 1058            701 / 1729            701 / 1729            701 / 1729        ops/s
[180.320s][info][gc,stats    ]      Memory: Page Cache Hit L2                                 0 / 0                 0 / 0                 0 / 0                 0 / 0           ops/s
[180.320s][info][gc,stats    ]      Memory: Page Cache Hit L3                                 0 / 0                13 / 527              13 / 527              13 / 527         ops/s
[180.320s][info][gc,stats    ]      Memory: Page Cache Miss                                   0 / 0                 0 / 1                 0 / 1                 0 / 1           ops/s
[180.320s][info][gc,stats    ]      Memory: Uncommit                                          0 / 0                 0 / 0                 0 / 0                 0 / 0           MB/s
[180.320s][info][gc,stats    ]      Memory: Undo Object Allocation Failed                     0 / 0                 0 / 1                 0 / 1                 0 / 1           ops/s
[180.320s][info][gc,stats    ]      Memory: Undo Object Allocation Succeeded                 14 / 84                4 / 101               4 / 101               4 / 101         ops/s
[180.320s][info][gc,stats    ]      Memory: Undo Page Allocation                              0 / 0                 0 / 1                 0 / 1                 0 / 1           ops/s
[180.320s][info][gc,stats    ]       Phase: Concurrent Mark                             307.001 / 619.882     323.468 / 972.666     323.468 / 972.666     323.468 / 972.666     ms
[180.320s][info][gc,stats    ]       Phase: Concurrent Mark Continue                      0.000 / 0.000         0.000 / 0.000         0.000 / 0.000         0.000 / 0.000       ms
[180.320s][info][gc,stats    ]       Phase: Concurrent Mark Free                          0.001 / 0.002         0.004 / 0.317         0.004 / 0.317         0.004 / 0.317       ms
[180.320s][info][gc,stats    ]       Phase: Concurrent Process Non-Strong References     11.162 / 12.109        9.447 / 15.785        9.447 / 15.785        9.447 / 15.785      ms
[180.320s][info][gc,stats    ]       Phase: Concurrent Relocate                          88.125 / 226.130      75.157 / 226.884      75.157 / 226.884      75.157 / 226.884     ms
[180.320s][info][gc,stats    ]       Phase: Concurrent Reset Relocation Set               0.036 / 0.100         0.037 / 0.132         0.037 / 0.132         0.037 / 0.132       ms
[180.320s][info][gc,stats    ]       Phase: Concurrent Select Relocation Set             13.273 / 30.228       14.634 / 41.923       14.634 / 41.923       14.634 / 41.923      ms
[180.320s][info][gc,stats    ]       Phase: Pause Mark End                                0.024 / 0.028         0.023 / 0.064         0.023 / 0.064         0.023 / 0.064       ms
[180.320s][info][gc,stats    ]       Phase: Pause Mark Start                              0.006 / 0.009         0.007 / 0.011         0.007 / 0.011         0.007 / 0.011       ms
[180.320s][info][gc,stats    ]       Phase: Pause Relocate Start                          0.014 / 0.021         0.012 / 0.032         0.012 / 0.032         0.012 / 0.032       ms
[180.320s][info][gc,stats    ]    Subphase: Concurrent Classes Purge                      0.453 / 0.514         0.376 / 0.622         0.376 / 0.622         0.376 / 0.622       ms
[180.321s][info][gc,stats    ]    Subphase: Concurrent Classes Unlink                     9.664 / 10.802        7.897 / 12.957        7.897 / 12.957        7.897 / 12.957      ms
[180.321s][info][gc,stats    ]    Subphase: Concurrent Mark                             298.644 / 616.180     314.845 / 969.741     314.845 / 969.741     314.845 / 969.741     ms
[180.321s][info][gc,stats    ]    Subphase: Concurrent Mark Try Flush                     0.175 / 0.591         0.172 / 1.725         0.172 / 1.725         0.172 / 1.725       ms
[180.321s][info][gc,stats    ]    Subphase: Concurrent Mark Try Terminate                 3.333 / 16.573        4.807 / 16.632        4.807 / 16.632        4.807 / 16.632      ms
[180.321s][info][gc,stats    ]    Subphase: Concurrent References Enqueue                 0.005 / 0.007         0.005 / 0.008         0.005 / 0.008         0.005 / 0.008       ms
[180.321s][info][gc,stats    ]    Subphase: Concurrent References Process                 0.179 / 0.313         0.189 / 0.610         0.189 / 0.610         0.189 / 0.610       ms
[180.321s][info][gc,stats    ]    Subphase: Concurrent Roots ClassLoaderDataGraph         0.120 / 0.244         0.120 / 0.376         0.120 / 0.376         0.120 / 0.376       ms
[180.321s][info][gc,stats    ]    Subphase: Concurrent Roots CodeCache                    0.000 / 0.000         0.000 / 0.000         0.000 / 0.000         0.000 / 0.000       ms
[180.321s][info][gc,stats    ]    Subphase: Concurrent Roots JavaThreads                  3.673 / 4.442         4.623 / 8.610         4.623 / 8.610         4.623 / 8.610       ms
[180.321s][info][gc,stats    ]    Subphase: Concurrent Roots OopStorageSet                0.046 / 0.055         0.045 / 0.142         0.045 / 0.142         0.045 / 0.142       ms
[180.321s][info][gc,stats    ]    Subphase: Concurrent Weak Roots OopStorageSet           0.602 / 0.990         0.588 / 1.025         0.588 / 1.025         0.588 / 1.025       ms
[180.321s][info][gc,stats    ]    Subphase: Pause Mark Try Complete                       0.000 / 0.000         0.005 / 0.008         0.005 / 0.008         0.005 / 0.008       ms
[180.321s][info][gc,stats    ]      System: Java Threads                                    263 / 265             238 / 267             238 / 267             238 / 267         threads
[180.321s][info][gc,stats    ] =========================================================================================================================================================
[180.930s][info][gc,start    ] GC(102) Garbage Collection (Allocation Rate)
[180.930s][info][gc,task     ] GC(102) Using 2 workers
[180.930s][info][gc,phases   ] GC(102) Pause Mark Start 0.008ms
[181.235s][info][gc,phases   ] GC(102) Concurrent Mark 305.294ms
[181.236s][info][gc,phases   ] GC(102) Pause Mark End 0.022ms
[181.236s][info][gc,phases   ] GC(102) Concurrent Mark Free 0.002ms
[181.247s][info][gc,phases   ] GC(102) Concurrent Process Non-Strong References 11.132ms
[181.247s][info][gc,phases   ] GC(102) Concurrent Reset Relocation Set 0.085ms
[181.258s][info][gc,phases   ] GC(102) Concurrent Select Relocation Set 10.942ms
[181.258s][info][gc,phases   ] GC(102) Pause Relocate Start 0.010ms
[181.338s][info][gc,phases   ] GC(102) Concurrent Relocate 79.945ms
[181.338s][info][gc,load     ] GC(102) Load: 0.00/0.00/0.00
[181.338s][info][gc,mmu      ] GC(102) MMU: 2ms/96.8%, 5ms/98.7%, 10ms/99.3%, 20ms/99.6%, 50ms/99.8%, 100ms/99.9%
[181.338s][info][gc,marking  ] GC(102) Mark: 2 stripe(s), 2 proactive flush(es), 1 terminate flush(es), 0 completion(s), 0 continuation(s) 
[181.338s][info][gc,marking  ] GC(102) Mark Stack Usage: 32M
[181.338s][info][gc,nmethod  ] GC(102) NMethods: 12573 registered, 0 unregistered
[181.338s][info][gc,metaspace] GC(102) Metaspace: 72M used, 73M committed, 1152M reserved
[181.338s][info][gc,ref      ] GC(102) Soft: 5939 encountered, 0 discovered, 0 enqueued
[181.338s][info][gc,ref      ] GC(102) Weak: 6959 encountered, 1029 discovered, 363 enqueued
[181.338s][info][gc,ref      ] GC(102) Final: 53 encountered, 28 discovered, 0 enqueued
[181.339s][info][gc,ref      ] GC(102) Phantom: 588 encountered, 311 discovered, 0 enqueued
[181.339s][info][gc,reloc    ] GC(102) Small Pages: 1011 / 2022M, Empty: 1200M, Relocated: 36M, In-Place: 0
[181.339s][info][gc,reloc    ] GC(102) Medium Pages: 8 / 256M, Empty: 96M, Relocated: 46M, In-Place: 0
[181.339s][info][gc,reloc    ] GC(102) Large Pages: 25 / 166M, Empty: 160M, Relocated: 0M, In-Place: 0
[181.339s][info][gc,reloc    ] GC(102) Forwarding Usage: 31M
[181.339s][info][gc,heap     ] GC(102) Min Capacity: 8192M(100%)
[181.339s][info][gc,heap     ] GC(102) Max Capacity: 8192M(100%)
[181.339s][info][gc,heap     ] GC(102) Soft Max Capacity: 8192M(100%)
[181.339s][info][gc,heap     ] GC(102)                Mark Start          Mark End        Relocate Start      Relocate End           High               Low         
[181.339s][info][gc,heap     ] GC(102)  Capacity:     8192M (100%)       8192M (100%)       8192M (100%)       8192M (100%)       8192M (100%)       8192M (100%)   
[181.339s][info][gc,heap     ] GC(102)      Free:     5748M (70%)        5174M (63%)        6580M (80%)        7060M (86%)        7066M (86%)        5162M (63%)    
[181.339s][info][gc,heap     ] GC(102)      Used:     2444M (30%)        3018M (37%)        1612M (20%)        1132M (14%)        3030M (37%)        1126M (14%)    
[181.339s][info][gc,heap     ] GC(102)      Live:         -               249M (3%)          249M (3%)          249M (3%)             -                  -          
[181.339s][info][gc,heap     ] GC(102) Allocated:         -               574M (7%)          624M (8%)          854M (10%)            -                  -          
[181.339s][info][gc,heap     ] GC(102)   Garbage:         -              2194M (27%)         738M (9%)           28M (0%)             -                  -          
[181.339s][info][gc,heap     ] GC(102) Reclaimed:         -                  -              1456M (18%)        2166M (26%)            -                  -          
[181.339s][info][gc          ] GC(102) Garbage Collection (Allocation Rate) 2444M(30%)->1132M(14%)
[181.464s][info][gc,start    ] GC(103) Garbage Collection (System.gc())
[181.464s][info][gc,task     ] GC(103) Using 2 workers
[181.464s][info][gc,phases   ] GC(103) Pause Mark Start 0.005ms
[181.602s][info][gc,phases   ] GC(103) Concurrent Mark 138.052ms
[181.602s][info][gc,phases   ] GC(103) Pause Mark End 0.026ms
[181.602s][info][gc,phases   ] GC(103) Concurrent Mark Free 0.002ms
[181.614s][info][gc,phases   ] GC(103) Concurrent Process Non-Strong References 11.024ms
[181.614s][info][gc,phases   ] GC(103) Concurrent Reset Relocation Set 0.035ms
[181.618s][info][gc,phases   ] GC(103) Concurrent Select Relocation Set 4.165ms
[181.618s][info][gc,phases   ] GC(103) Pause Relocate Start 0.009ms
[181.619s][info][gc,phases   ] GC(103) Concurrent Relocate 0.744ms
[181.619s][info][gc,load     ] GC(103) Load: 0.00/0.00/0.00
[181.619s][info][gc,mmu      ] GC(103) MMU: 2ms/96.8%, 5ms/98.7%, 10ms/99.3%, 20ms/99.6%, 50ms/99.8%, 100ms/99.9%
[181.619s][info][gc,marking  ] GC(103) Mark: 2 stripe(s), 2 proactive flush(es), 1 terminate flush(es), 0 completion(s), 0 continuation(s) 
[181.619s][info][gc,marking  ] GC(103) Mark Stack Usage: 32M
[181.619s][info][gc,nmethod  ] GC(103) NMethods: 12574 registered, 0 unregistered
[181.619s][info][gc,metaspace] GC(103) Metaspace: 72M used, 73M committed, 1152M reserved
[181.619s][info][gc,ref      ] GC(103) Soft: 5936 encountered, 0 discovered, 0 enqueued
[181.619s][info][gc,ref      ] GC(103) Weak: 6620 encountered, 840 discovered, 237 enqueued
[181.619s][info][gc,ref      ] GC(103) Final: 53 encountered, 4 discovered, 0 enqueued
[181.619s][info][gc,ref      ] GC(103) Phantom: 588 encountered, 286 discovered, 0 enqueued
[181.619s][info][gc,reloc    ] GC(103) Small Pages: 619 / 1238M, Empty: 1024M, Relocated: 1M, In-Place: 0
[181.619s][info][gc,reloc    ] GC(103) Medium Pages: 5 / 160M, Empty: 128M, Relocated: 0M, In-Place: 0
[181.619s][info][gc,reloc    ] GC(103) Large Pages: 21 / 126M, Empty: 126M, Relocated: 0M, In-Place: 0
[181.619s][info][gc,reloc    ] GC(103) Forwarding Usage: 0M
[181.619s][info][gc,heap     ] GC(103) Min Capacity: 8192M(100%)
[181.619s][info][gc,heap     ] GC(103) Max Capacity: 8192M(100%)
[181.619s][info][gc,heap     ] GC(103) Soft Max Capacity: 8192M(100%)
[181.619s][info][gc,heap     ] GC(103)                Mark Start          Mark End        Relocate Start      Relocate End           High               Low         
[181.619s][info][gc,heap     ] GC(103)  Capacity:     8192M (100%)       8192M (100%)       8192M (100%)       8192M (100%)       8192M (100%)       8192M (100%)   
[181.619s][info][gc,heap     ] GC(103)      Free:     6668M (81%)        6666M (81%)        7934M (97%)        7974M (97%)        7974M (97%)        6666M (81%)    
[181.619s][info][gc,heap     ] GC(103)      Used:     1524M (19%)        1526M (19%)         258M (3%)          218M (3%)         1526M (19%)         218M (3%)     
[181.619s][info][gc,heap     ] GC(103)      Live:         -               173M (2%)          173M (2%)          173M (2%)             -                  -          
[181.619s][info][gc,heap     ] GC(103) Allocated:         -                 2M (0%)           12M (0%)           11M (0%)             -                  -          
[181.619s][info][gc,heap     ] GC(103)   Garbage:         -              1350M (16%)          72M (1%)           32M (0%)             -                  -          
[181.619s][info][gc,heap     ] GC(103) Reclaimed:         -                  -              1278M (16%)        1317M (16%)            -                  -          
[181.619s][info][gc          ] GC(103) Garbage Collection (System.gc()) 1524M(19%)->218M(3%)
[183.921s][info][gc,start    ] GC(104) Garbage Collection (Allocation Rate)
[183.921s][info][gc,task     ] GC(104) Using 2 workers
[183.921s][info][gc,phases   ] GC(104) Pause Mark Start 0.007ms
[184.450s][info][gc,phases   ] GC(104) Concurrent Mark 528.926ms
[184.450s][info][gc,phases   ] GC(104) Pause Mark End 0.079ms
[184.450s][info][gc,phases   ] GC(104) Concurrent Mark Free 0.001ms
[184.463s][info][gc,phases   ] GC(104) Concurrent Process Non-Strong References 12.625ms
[184.463s][info][gc,phases   ] GC(104) Concurrent Reset Relocation Set 0.003ms
[184.488s][info][gc,phases   ] GC(104) Concurrent Select Relocation Set 24.724ms
[184.488s][info][gc,phases   ] GC(104) Pause Relocate Start 0.011ms
[184.636s][info][gc,phases   ] GC(104) Concurrent Relocate 147.901ms
[184.636s][info][gc,load     ] GC(104) Load: 0.00/0.00/0.00
[184.636s][info][gc,mmu      ] GC(104) MMU: 2ms/96.1%, 5ms/98.4%, 10ms/99.2%, 20ms/99.6%, 50ms/99.8%, 100ms/99.9%
[184.636s][info][gc,marking  ] GC(104) Mark: 2 stripe(s), 2 proactive flush(es), 1 terminate flush(es), 1 completion(s), 0 continuation(s) 
[184.636s][info][gc,marking  ] GC(104) Mark Stack Usage: 32M
[184.636s][info][gc,nmethod  ] GC(104) NMethods: 12589 registered, 0 unregistered
[184.636s][info][gc,metaspace] GC(104) Metaspace: 72M used, 73M committed, 1152M reserved
[184.636s][info][gc,ref      ] GC(104) Soft: 5944 encountered, 0 discovered, 0 enqueued
[184.636s][info][gc,ref      ] GC(104) Weak: 6696 encountered, 905 discovered, 20 enqueued
[184.636s][info][gc,ref      ] GC(104) Final: 53 encountered, 0 discovered, 0 enqueued
[184.636s][info][gc,ref      ] GC(104) Phantom: 588 encountered, 351 discovered, 0 enqueued
[184.636s][info][gc,reloc    ] GC(104) Small Pages: 2215 / 4430M, Empty: 2614M, Relocated: 96M, In-Place: 0
[184.636s][info][gc,reloc    ] GC(104) Medium Pages: 5 / 160M, Empty: 96M, Relocated: 12M, In-Place: 0
[184.636s][info][gc,reloc    ] GC(104) Large Pages: 30 / 212M, Empty: 172M, Relocated: 0M, In-Place: 0
[184.636s][info][gc,reloc    ] GC(104) Forwarding Usage: 96M
[184.636s][info][gc,heap     ] GC(104) Min Capacity: 8192M(100%)
[184.636s][info][gc,heap     ] GC(104) Max Capacity: 8192M(100%)
[184.636s][info][gc,heap     ] GC(104) Soft Max Capacity: 8192M(100%)
[184.636s][info][gc,heap     ] GC(104)                Mark Start          Mark End        Relocate Start      Relocate End           High               Low         
[184.636s][info][gc,heap     ] GC(104)  Capacity:     8192M (100%)       8192M (100%)       8192M (100%)       8192M (100%)       8192M (100%)       8192M (100%)   
[184.636s][info][gc,heap     ] GC(104)      Free:     3390M (41%)        3258M (40%)        6048M (74%)        7464M (91%)        7464M (91%)        3192M (39%)    
[184.636s][info][gc,heap     ] GC(104)      Used:     4802M (59%)        4934M (60%)        2144M (26%)         728M (9%)         5000M (61%)         728M (9%)     
[184.636s][info][gc,heap     ] GC(104)      Live:         -               310M (4%)          310M (4%)          310M (4%)             -                  -          
[184.636s][info][gc,heap     ] GC(104) Allocated:         -               132M (2%)          224M (3%)          387M (5%)             -                  -          
[184.636s][info][gc,heap     ] GC(104)   Garbage:         -              4491M (55%)        1609M (20%)          29M (0%)             -                  -          
[184.636s][info][gc,heap     ] GC(104) Reclaimed:         -                  -              2882M (35%)        4461M (54%)            -                  -          
[184.636s][info][gc          ] GC(104) Garbage Collection (Allocation Rate) 4802M(59%)->728M(9%)
[185.627s][info][gc,start    ] GC(105) Garbage Collection (Allocation Rate)
[185.627s][info][gc,task     ] GC(105) Using 2 workers
[185.628s][info][gc,phases   ] GC(105) Pause Mark Start 0.011ms
[185.956s][info][gc,phases   ] GC(105) Concurrent Mark 328.171ms
[185.956s][info][gc,phases   ] GC(105) Pause Mark End 0.023ms
[185.956s][info][gc,phases   ] GC(105) Concurrent Mark Free 0.001ms
[185.968s][info][gc,phases   ] GC(105) Concurrent Process Non-Strong References 11.534ms
[185.968s][info][gc,phases   ] GC(105) Concurrent Reset Relocation Set 0.081ms
[185.977s][info][gc,phases   ] GC(105) Concurrent Select Relocation Set 9.620ms
[185.978s][info][gc,phases   ] GC(105) Pause Relocate Start 0.015ms
[186.058s][info][gc,phases   ] GC(105) Concurrent Relocate 79.736ms
[186.058s][info][gc,load     ] GC(105) Load: 0.00/0.00/0.00
[186.058s][info][gc,mmu      ] GC(105) MMU: 2ms/96.1%, 5ms/98.4%, 10ms/99.2%, 20ms/99.6%, 50ms/99.8%, 100ms/99.9%
[186.058s][info][gc,marking  ] GC(105) Mark: 2 stripe(s), 2 proactive flush(es), 1 terminate flush(es), 0 completion(s), 0 continuation(s) 
[186.058s][info][gc,marking  ] GC(105) Mark Stack Usage: 32M
[186.058s][info][gc,nmethod  ] GC(105) NMethods: 12603 registered, 0 unregistered
[186.058s][info][gc,metaspace] GC(105) Metaspace: 72M used, 73M committed, 1152M reserved
[186.058s][info][gc,ref      ] GC(105) Soft: 5940 encountered, 0 discovered, 0 enqueued
[186.058s][info][gc,ref      ] GC(105) Weak: 6968 encountered, 1215 discovered, 363 enqueued
[186.058s][info][gc,ref      ] GC(105) Final: 53 encountered, 35 discovered, 0 enqueued
[186.058s][info][gc,ref      ] GC(105) Phantom: 588 encountered, 285 discovered, 0 enqueued
[186.058s][info][gc,reloc    ] GC(105) Small Pages: 1005 / 2010M, Empty: 1036M, Relocated: 42M, In-Place: 0
[186.058s][info][gc,reloc    ] GC(105) Medium Pages: 7 / 224M, Empty: 96M, Relocated: 24M, In-Place: 0
[186.058s][info][gc,reloc    ] GC(105) Large Pages: 24 / 160M, Empty: 160M, Relocated: 0M, In-Place: 0
[186.058s][info][gc,reloc    ] GC(105) Forwarding Usage: 37M
[186.058s][info][gc,heap     ] GC(105) Min Capacity: 8192M(100%)
[186.058s][info][gc,heap     ] GC(105) Max Capacity: 8192M(100%)
[186.058s][info][gc,heap     ] GC(105) Soft Max Capacity: 8192M(100%)
[186.058s][info][gc,heap     ] GC(105)                Mark Start          Mark End        Relocate Start      Relocate End           High               Low         
[186.058s][info][gc,heap     ] GC(105)  Capacity:     8192M (100%)       8192M (100%)       8192M (100%)       8192M (100%)       8192M (100%)       8192M (100%)   
[186.058s][info][gc,heap     ] GC(105)      Free:     5798M (71%)        5186M (63%)        6448M (79%)        7208M (88%)        7208M (88%)        5172M (63%)    
[186.058s][info][gc,heap     ] GC(105)      Used:     2394M (29%)        3006M (37%)        1744M (21%)         984M (12%)        3020M (37%)         984M (12%)    
[186.058s][info][gc,heap     ] GC(105)      Live:         -               247M (3%)          247M (3%)          247M (3%)             -                  -          
[186.058s][info][gc,heap     ] GC(105) Allocated:         -               612M (7%)          642M (8%)          705M (9%)             -                  -          
[186.058s][info][gc,heap     ] GC(105)   Garbage:         -              2146M (26%)         854M (10%)          31M (0%)             -                  -          
[186.058s][info][gc,heap     ] GC(105) Reclaimed:         -                  -              1292M (16%)        2115M (26%)            -                  -          
[186.058s][info][gc          ] GC(105) Garbage Collection (Allocation Rate) 2394M(29%)->984M(12%)
[186.242s][info][gc,start    ] GC(106) Garbage Collection (System.gc())
[186.242s][info][gc,task     ] GC(106) Using 2 workers
[186.242s][info][gc,phases   ] GC(106) Pause Mark Start 0.005ms
[186.401s][info][gc,phases   ] GC(106) Concurrent Mark 158.451ms
[186.401s][info][gc,phases   ] GC(106) Pause Mark End 0.026ms
[186.401s][info][gc,phases   ] GC(106) Concurrent Mark Free 0.002ms
[186.412s][info][gc,phases   ] GC(106) Concurrent Process Non-Strong References 11.223ms
[186.413s][info][gc,phases   ] GC(106) Concurrent Reset Relocation Set 0.042ms
[186.417s][info][gc,phases   ] GC(106) Concurrent Select Relocation Set 4.654ms
[186.417s][info][gc,phases   ] GC(106) Pause Relocate Start 0.010ms
[186.418s][info][gc,phases   ] GC(106) Concurrent Relocate 0.709ms
[186.418s][info][gc,load     ] GC(106) Load: 0.00/0.00/0.00
[186.418s][info][gc,mmu      ] GC(106) MMU: 2ms/96.1%, 5ms/98.4%, 10ms/99.2%, 20ms/99.6%, 50ms/99.8%, 100ms/99.9%
[186.418s][info][gc,marking  ] GC(106) Mark: 2 stripe(s), 2 proactive flush(es), 1 terminate flush(es), 0 completion(s), 0 continuation(s) 
[186.418s][info][gc,marking  ] GC(106) Mark Stack Usage: 32M
[186.418s][info][gc,nmethod  ] GC(106) NMethods: 12604 registered, 0 unregistered
[186.418s][info][gc,metaspace] GC(106) Metaspace: 72M used, 73M committed, 1152M reserved
[186.418s][info][gc,ref      ] GC(106) Soft: 5936 encountered, 0 discovered, 0 enqueued
[186.418s][info][gc,ref      ] GC(106) Weak: 6627 encountered, 1030 discovered, 250 enqueued
[186.418s][info][gc,ref      ] GC(106) Final: 53 encountered, 4 discovered, 0 enqueued
[186.418s][info][gc,ref      ] GC(106) Phantom: 588 encountered, 286 discovered, 0 enqueued
[186.418s][info][gc,reloc    ] GC(106) Small Pages: 629 / 1258M, Empty: 1030M, Relocated: 1M, In-Place: 0
[186.418s][info][gc,reloc    ] GC(106) Medium Pages: 7 / 224M, Empty: 192M, Relocated: 0M, In-Place: 0
[186.418s][info][gc,reloc    ] GC(106) Large Pages: 22 / 132M, Empty: 132M, Relocated: 0M, In-Place: 0
[186.418s][info][gc,reloc    ] GC(106) Forwarding Usage: 0M
[186.418s][info][gc,heap     ] GC(106) Min Capacity: 8192M(100%)
[186.418s][info][gc,heap     ] GC(106) Max Capacity: 8192M(100%)
[186.418s][info][gc,heap     ] GC(106) Soft Max Capacity: 8192M(100%)
[186.418s][info][gc,heap     ] GC(106)                Mark Start          Mark End        Relocate Start      Relocate End           High               Low         
[186.418s][info][gc,heap     ] GC(106)  Capacity:     8192M (100%)       8192M (100%)       8192M (100%)       8192M (100%)       8192M (100%)       8192M (100%)   
[186.418s][info][gc,heap     ] GC(106)      Free:     6578M (80%)        6576M (80%)        7920M (97%)        7974M (97%)        7974M (97%)        6576M (80%)    
[186.418s][info][gc,heap     ] GC(106)      Used:     1614M (20%)        1616M (20%)         272M (3%)          218M (3%)         1616M (20%)         218M (3%)     
[186.418s][info][gc,heap     ] GC(106)      Live:         -               173M (2%)          173M (2%)          173M (2%)             -                  -          
[186.418s][info][gc,heap     ] GC(106) Allocated:         -                 2M (0%)           12M (0%)           11M (0%)             -                  -          
[186.418s][info][gc,heap     ] GC(106)   Garbage:         -              1440M (18%)          86M (1%)           32M (0%)             -                  -          
[186.418s][info][gc,heap     ] GC(106) Reclaimed:         -                  -              1354M (17%)        1407M (17%)            -                  -          
[186.418s][info][gc          ] GC(106) Garbage Collection (System.gc()) 1614M(20%)->218M(3%)
[188.718s][info][gc,start    ] GC(107) Garbage Collection (Allocation Rate)
[188.718s][info][gc,task     ] GC(107) Using 2 workers
[188.718s][info][gc,phases   ] GC(107) Pause Mark Start 0.006ms
[189.229s][info][gc,phases   ] GC(107) Concurrent Mark 510.668ms
[189.229s][info][gc,phases   ] GC(107) Pause Mark End 0.058ms
[189.229s][info][gc,phases   ] GC(107) Concurrent Mark Free 0.000ms
[189.240s][info][gc,phases   ] GC(107) Concurrent Process Non-Strong References 11.414ms
[189.240s][info][gc,phases   ] GC(107) Concurrent Reset Relocation Set 0.003ms
[189.265s][info][gc,phases   ] GC(107) Concurrent Select Relocation Set 24.968ms
[189.266s][info][gc,phases   ] GC(107) Pause Relocate Start 0.014ms
[189.415s][info][gc,phases   ] GC(107) Concurrent Relocate 148.500ms
[189.415s][info][gc,load     ] GC(107) Load: 0.00/0.00/0.00
[189.415s][info][gc,mmu      ] GC(107) MMU: 2ms/96.1%, 5ms/98.4%, 10ms/99.2%, 20ms/99.6%, 50ms/99.8%, 100ms/99.9%
[189.415s][info][gc,marking  ] GC(107) Mark: 2 stripe(s), 2 proactive flush(es), 1 terminate flush(es), 1 completion(s), 0 continuation(s) 
[189.415s][info][gc,marking  ] GC(107) Mark Stack Usage: 32M
[189.415s][info][gc,nmethod  ] GC(107) NMethods: 12617 registered, 0 unregistered
[189.415s][info][gc,metaspace] GC(107) Metaspace: 72M used, 73M committed, 1152M reserved
[189.415s][info][gc,ref      ] GC(107) Soft: 5944 encountered, 0 discovered, 0 enqueued
[189.415s][info][gc,ref      ] GC(107) Weak: 6701 encountered, 860 discovered, 82 enqueued
[189.415s][info][gc,ref      ] GC(107) Final: 53 encountered, 4 discovered, 0 enqueued
[189.415s][info][gc,ref      ] GC(107) Phantom: 588 encountered, 286 discovered, 0 enqueued
[189.415s][info][gc,reloc    ] GC(107) Small Pages: 2215 / 4430M, Empty: 2612M, Relocated: 96M, In-Place: 0
[189.415s][info][gc,reloc    ] GC(107) Medium Pages: 5 / 160M, Empty: 96M, Relocated: 12M, In-Place: 0
[189.415s][info][gc,reloc    ] GC(107) Large Pages: 30 / 212M, Empty: 172M, Relocated: 0M, In-Place: 0
[189.415s][info][gc,reloc    ] GC(107) Forwarding Usage: 95M
[189.415s][info][gc,heap     ] GC(107) Min Capacity: 8192M(100%)
[189.415s][info][gc,heap     ] GC(107) Max Capacity: 8192M(100%)
[189.415s][info][gc,heap     ] GC(107) Soft Max Capacity: 8192M(100%)
[189.415s][info][gc,heap     ] GC(107)                Mark Start          Mark End        Relocate Start      Relocate End           High               Low         
[189.415s][info][gc,heap     ] GC(107)  Capacity:     8192M (100%)       8192M (100%)       8192M (100%)       8192M (100%)       8192M (100%)       8192M (100%)   
[189.415s][info][gc,heap     ] GC(107)      Free:     3390M (41%)        3288M (40%)        6104M (75%)        7518M (92%)        7518M (92%)        3288M (40%)    
[189.415s][info][gc,heap     ] GC(107)      Used:     4802M (59%)        4904M (60%)        2088M (25%)         674M (8%)         4904M (60%)         674M (8%)     
[189.415s][info][gc,heap     ] GC(107)      Live:         -               310M (4%)          310M (4%)          310M (4%)             -                  -          
[189.415s][info][gc,heap     ] GC(107) Allocated:         -               102M (1%)          166M (2%)          333M (4%)             -                  -          
[189.415s][info][gc,heap     ] GC(107)   Garbage:         -              4491M (55%)        1611M (20%)          29M (0%)             -                  -          
[189.415s][info][gc,heap     ] GC(107) Reclaimed:         -                  -              2880M (35%)        4461M (54%)            -                  -          
[189.415s][info][gc          ] GC(107) Garbage Collection (Allocation Rate) 4802M(59%)->674M(8%)
[190.322s][info][gc,stats    ] === Garbage Collection Statistics =======================================================================================================================
[190.322s][info][gc,stats    ]                                                              Last 10s              Last 10m              Last 10h                Total
[190.322s][info][gc,stats    ]                                                              Avg / Max             Avg / Max             Avg / Max             Avg / Max
[190.322s][info][gc,stats    ]   Collector: Garbage Collection Cycle                    430.393 / 715.168     424.293 / 983.217     424.293 / 983.217     424.293 / 983.217     ms
[190.322s][info][gc,stats    ]  Contention: Mark Segment Reset Contention                     3 / 16                3 / 24                3 / 24                3 / 24          ops/s
[190.322s][info][gc,stats    ]  Contention: Mark SeqNum Reset Contention                      0 / 0                 0 / 1                 0 / 1                 0 / 1           ops/s
[190.322s][info][gc,stats    ]    Critical: Allocation Stall                                  0 / 0                 0 / 0                 0 / 0                 0 / 0           ops/s
[190.322s][info][gc,stats    ]    Critical: Allocation Stall                              0.000 / 0.000         0.000 / 0.000         0.000 / 0.000         0.000 / 0.000       ms
[190.322s][info][gc,stats    ]    Critical: GC Locker Stall                                   0 / 0                 0 / 0                 0 / 0                 0 / 0           ops/s
[190.322s][info][gc,stats    ]    Critical: GC Locker Stall                               0.000 / 0.000         0.000 / 0.000         0.000 / 0.000         0.000 / 0.000       ms
[190.322s][info][gc,stats    ]    Critical: Relocation Stall                                  0 / 0                 0 / 0                 0 / 0                 0 / 0           ops/s
[190.322s][info][gc,stats    ]    Critical: Relocation Stall                              0.000 / 0.000         0.000 / 0.000         0.000 / 0.000         0.000 / 0.000       ms
[190.322s][info][gc,stats    ]      Memory: Allocation Rate                                1678 / 2368           1543 / 3876           1543 / 3876           1543 / 3876        MB/s
[190.322s][info][gc,stats    ]      Memory: Out Of Memory                                     0 / 0                 0 / 0                 0 / 0                 0 / 0           ops/s
[190.322s][info][gc,stats    ]      Memory: Page Cache Flush                                  0 / 0                 0 / 0                 0 / 0                 0 / 0           MB/s
[190.322s][info][gc,stats    ]      Memory: Page Cache Hit L1                               776 / 1143            705 / 1729            705 / 1729            705 / 1729        ops/s
[190.322s][info][gc,stats    ]      Memory: Page Cache Hit L2                                 0 / 0                 0 / 0                 0 / 0                 0 / 0           ops/s
[190.322s][info][gc,stats    ]      Memory: Page Cache Hit L3                                 0 / 1                12 / 527              12 / 527              12 / 527         ops/s
[190.322s][info][gc,stats    ]      Memory: Page Cache Miss                                   0 / 0                 0 / 1                 0 / 1                 0 / 1           ops/s
[190.322s][info][gc,stats    ]      Memory: Uncommit                                          0 / 0                 0 / 0                 0 / 0                 0 / 0           MB/s
[190.322s][info][gc,stats    ]      Memory: Undo Object Allocation Failed                     0 / 0                 0 / 1                 0 / 1                 0 / 1           ops/s
[190.322s][info][gc,stats    ]      Memory: Undo Object Allocation Succeeded                  0 / 0                 4 / 101               4 / 101               4 / 101         ops/s
[190.322s][info][gc,stats    ]      Memory: Undo Page Allocation                              0 / 0                 0 / 1                 0 / 1                 0 / 1           ops/s
[190.322s][info][gc,stats    ]       Phase: Concurrent Mark                             328.260 / 528.926     323.734 / 972.666     323.734 / 972.666     323.734 / 972.666     ms
[190.322s][info][gc,stats    ]       Phase: Concurrent Mark Continue                      0.000 / 0.000         0.000 / 0.000         0.000 / 0.000         0.000 / 0.000       ms
[190.322s][info][gc,stats    ]       Phase: Concurrent Mark Free                          0.001 / 0.002         0.004 / 0.317         0.004 / 0.317         0.004 / 0.317       ms
[190.322s][info][gc,stats    ]       Phase: Concurrent Process Non-Strong References     11.492 / 12.625        9.561 / 15.785        9.561 / 15.785        9.561 / 15.785      ms
[190.322s][info][gc,stats    ]       Phase: Concurrent Relocate                          76.256 / 148.500      75.218 / 226.884      75.218 / 226.884      75.218 / 226.884     ms
[190.322s][info][gc,stats    ]       Phase: Concurrent Reset Relocation Set               0.041 / 0.085         0.037 / 0.132         0.037 / 0.132         0.037 / 0.132       ms
[190.322s][info][gc,stats    ]       Phase: Concurrent Select Relocation Set             13.179 / 24.968       14.553 / 41.923       14.553 / 41.923       14.553 / 41.923      ms
[190.322s][info][gc,stats    ]       Phase: Pause Mark End                                0.039 / 0.079         0.024 / 0.079         0.024 / 0.079         0.024 / 0.079       ms
[190.322s][info][gc,stats    ]       Phase: Pause Mark Start                              0.007 / 0.011         0.007 / 0.011         0.007 / 0.011         0.007 / 0.011       ms
[190.322s][info][gc,stats    ]       Phase: Pause Relocate Start                          0.012 / 0.015         0.012 / 0.032         0.012 / 0.032         0.012 / 0.032       ms
[190.322s][info][gc,stats    ]    Subphase: Concurrent Classes Purge                      0.485 / 0.652         0.382 / 0.652         0.382 / 0.652         0.382 / 0.652       ms
[190.322s][info][gc,stats    ]    Subphase: Concurrent Classes Unlink                     9.972 / 11.199        8.012 / 12.957        8.012 / 12.957        8.012 / 12.957      ms
[190.322s][info][gc,stats    ]    Subphase: Concurrent Mark                             320.439 / 524.884     315.156 / 969.741     315.156 / 969.741     315.156 / 969.741     ms
[190.322s][info][gc,stats    ]    Subphase: Concurrent Mark Try Flush                     0.174 / 0.561         0.172 / 1.725         0.172 / 1.725         0.172 / 1.725       ms
[190.322s][info][gc,stats    ]    Subphase: Concurrent Mark Try Terminate                 3.524 / 13.710        4.748 / 16.632        4.748 / 16.632        4.748 / 16.632      ms
[190.322s][info][gc,stats    ]    Subphase: Concurrent References Enqueue                 0.006 / 0.008         0.005 / 0.008         0.005 / 0.008         0.005 / 0.008       ms
[190.322s][info][gc,stats    ]    Subphase: Concurrent References Process                 0.179 / 0.283         0.189 / 0.610         0.189 / 0.610         0.189 / 0.610       ms
[190.322s][info][gc,stats    ]    Subphase: Concurrent Roots ClassLoaderDataGraph         0.116 / 0.237         0.120 / 0.376         0.120 / 0.376         0.120 / 0.376       ms
[190.322s][info][gc,stats    ]    Subphase: Concurrent Roots CodeCache                    0.000 / 0.000         0.000 / 0.000         0.000 / 0.000         0.000 / 0.000       ms
[190.322s][info][gc,stats    ]    Subphase: Concurrent Roots JavaThreads                  3.608 / 4.078         4.566 / 8.610         4.566 / 8.610         4.566 / 8.610       ms
[190.322s][info][gc,stats    ]    Subphase: Concurrent Roots OopStorageSet                0.048 / 0.063         0.045 / 0.142         0.045 / 0.142         0.045 / 0.142       ms
[190.322s][info][gc,stats    ]    Subphase: Concurrent Weak Roots OopStorageSet           0.558 / 0.747         0.587 / 1.025         0.587 / 1.025         0.587 / 1.025       ms
[190.322s][info][gc,stats    ]    Subphase: Pause Mark Try Complete                       0.011 / 0.017         0.008 / 0.017         0.008 / 0.017         0.008 / 0.017       ms
[190.322s][info][gc,stats    ]      System: Java Threads                                    263 / 265             239 / 267             239 / 267             239 / 267         threads
[190.322s][info][gc,stats    ] =========================================================================================================================================================
[190.963s][info][gc,start    ] GC(108) Garbage Collection (System.gc())
[190.963s][info][gc,task     ] GC(108) Using 2 workers
[190.963s][info][gc,phases   ] GC(108) Pause Mark Start 0.010ms
[191.106s][info][gc,phases   ] GC(108) Concurrent Mark 143.332ms
[191.107s][info][gc,phases   ] GC(108) Pause Mark End 0.030ms
[191.107s][info][gc,phases   ] GC(108) Concurrent Mark Free 0.002ms
[191.118s][info][gc,phases   ] GC(108) Concurrent Process Non-Strong References 10.854ms
[191.118s][info][gc,phases   ] GC(108) Concurrent Reset Relocation Set 0.093ms
[191.126s][info][gc,phases   ] GC(108) Concurrent Select Relocation Set 8.590ms
[191.126s][info][gc,phases   ] GC(108) Pause Relocate Start 0.008ms
[191.128s][info][gc,phases   ] GC(108) Concurrent Relocate 1.043ms
[191.128s][info][gc,load     ] GC(108) Load: 0.00/0.00/0.00
[191.128s][info][gc,mmu      ] GC(108) MMU: 2ms/96.1%, 5ms/98.4%, 10ms/99.2%, 20ms/99.6%, 50ms/99.8%, 100ms/99.9%
[191.128s][info][gc,marking  ] GC(108) Mark: 2 stripe(s), 2 proactive flush(es), 1 terminate flush(es), 0 completion(s), 0 continuation(s) 
[191.128s][info][gc,marking  ] GC(108) Mark Stack Usage: 32M
[191.128s][info][gc,nmethod  ] GC(108) NMethods: 11865 registered, 772 unregistered
[191.128s][info][gc,metaspace] GC(108) Metaspace: 72M used, 73M committed, 1152M reserved
[191.128s][info][gc,ref      ] GC(108) Soft: 5936 encountered, 0 discovered, 0 enqueued
[191.128s][info][gc,ref      ] GC(108) Weak: 6982 encountered, 1447 discovered, 595 enqueued
[191.128s][info][gc,ref      ] GC(108) Final: 53 encountered, 4 discovered, 0 enqueued
[191.128s][info][gc,ref      ] GC(108) Phantom: 588 encountered, 286 discovered, 0 enqueued
[191.128s][info][gc,reloc    ] GC(108) Small Pages: 1516 / 3032M, Empty: 2760M, Relocated: 1M, In-Place: 0
[191.128s][info][gc,reloc    ] GC(108) Medium Pages: 11 / 352M, Empty: 320M, Relocated: 0M, In-Place: 0
[191.128s][info][gc,reloc    ] GC(108) Large Pages: 43 / 274M, Empty: 274M, Relocated: 0M, In-Place: 0
[191.128s][info][gc,reloc    ] GC(108) Forwarding Usage: 0M
[191.128s][info][gc,heap     ] GC(108) Min Capacity: 8192M(100%)
[191.128s][info][gc,heap     ] GC(108) Max Capacity: 8192M(100%)
[191.128s][info][gc,heap     ] GC(108) Soft Max Capacity: 8192M(100%)
[191.128s][info][gc,heap     ] GC(108)                Mark Start          Mark End        Relocate Start      Relocate End           High               Low         
[191.128s][info][gc,heap     ] GC(108)  Capacity:     8192M (100%)       8192M (100%)       8192M (100%)       8192M (100%)       8192M (100%)       8192M (100%)   
[191.128s][info][gc,heap     ] GC(108)      Free:     4534M (55%)        4532M (55%)        7872M (96%)        7970M (97%)        7970M (97%)        4532M (55%)    
[191.128s][info][gc,heap     ] GC(108)      Used:     3658M (45%)        3660M (45%)         320M (4%)          222M (3%)         3660M (45%)         222M (3%)     
[191.128s][info][gc,heap     ] GC(108)      Live:         -               173M (2%)          173M (2%)          173M (2%)             -                  -          
[191.128s][info][gc,heap     ] GC(108) Allocated:         -                 2M (0%)           16M (0%)           16M (0%)             -                  -          
[191.128s][info][gc,heap     ] GC(108)   Garbage:         -              3484M (43%)         130M (2%)           32M (0%)             -                  -          
[191.128s][info][gc,heap     ] GC(108) Reclaimed:         -                  -              3354M (41%)        3452M (42%)            -                  -          
[191.128s][info][gc          ] GC(108) Garbage Collection (System.gc()) 3658M(45%)->222M(3%)
[193.323s][info][gc,start    ] GC(109) Garbage Collection (Allocation Rate)
[193.323s][info][gc,task     ] GC(109) Using 2 workers
[193.323s][info][gc,phases   ] GC(109) Pause Mark Start 0.008ms
[193.951s][info][gc,phases   ] GC(109) Concurrent Mark 627.556ms
[193.951s][info][gc,phases   ] GC(109) Pause Mark End 0.019ms
[193.951s][info][gc,phases   ] GC(109) Concurrent Mark Free 0.001ms
[193.961s][info][gc,phases   ] GC(109) Concurrent Process Non-Strong References 10.270ms
[193.961s][info][gc,phases   ] GC(109) Concurrent Reset Relocation Set 0.004ms
[193.994s][info][gc,phases   ] GC(109) Concurrent Select Relocation Set 32.442ms
[193.994s][info][gc,phases   ] GC(109) Pause Relocate Start 0.011ms
[194.204s][info][gc,phases   ] GC(109) Concurrent Relocate 209.836ms
[194.204s][info][gc,load     ] GC(109) Load: 0.00/0.00/0.00
[194.204s][info][gc,mmu      ] GC(109) MMU: 2ms/96.1%, 5ms/98.4%, 10ms/99.2%, 20ms/99.6%, 50ms/99.8%, 100ms/99.9%
[194.204s][info][gc,marking  ] GC(109) Mark: 2 stripe(s), 2 proactive flush(es), 1 terminate flush(es), 0 completion(s), 0 continuation(s) 
[194.204s][info][gc,marking  ] GC(109) Mark Stack Usage: 64M
[194.204s][info][gc,nmethod  ] GC(109) NMethods: 11879 registered, 772 unregistered
[194.204s][info][gc,metaspace] GC(109) Metaspace: 72M used, 73M committed, 1152M reserved
[194.204s][info][gc,ref      ] GC(109) Soft: 5944 encountered, 0 discovered, 0 enqueued
[194.204s][info][gc,ref      ] GC(109) Weak: 6719 encountered, 1107 discovered, 92 enqueued
[194.204s][info][gc,ref      ] GC(109) Final: 53 encountered, 0 discovered, 0 enqueued
[194.204s][info][gc,ref      ] GC(109) Phantom: 588 encountered, 270 discovered, 0 enqueued
[194.204s][info][gc,reloc    ] GC(109) Small Pages: 2150 / 4300M, Empty: 2130M, Relocated: 183M, In-Place: 0
[194.204s][info][gc,reloc    ] GC(109) Medium Pages: 5 / 160M, Empty: 128M, Relocated: 0M, In-Place: 0
[194.204s][info][gc,reloc    ] GC(109) Large Pages: 30 / 212M, Empty: 148M, Relocated: 0M, In-Place: 0
[194.204s][info][gc,reloc    ] GC(109) Forwarding Usage: 139M
[194.204s][info][gc,heap     ] GC(109) Min Capacity: 8192M(100%)
[194.204s][info][gc,heap     ] GC(109) Max Capacity: 8192M(100%)
[194.204s][info][gc,heap     ] GC(109) Soft Max Capacity: 8192M(100%)
[194.204s][info][gc,heap     ] GC(109)                Mark Start          Mark End        Relocate Start      Relocate End           High               Low         
[194.204s][info][gc,heap     ] GC(109)  Capacity:     8192M (100%)       8192M (100%)       8192M (100%)       8192M (100%)       8192M (100%)       8192M (100%)   
[194.204s][info][gc,heap     ] GC(109)      Free:     3520M (43%)        3292M (40%)        5584M (68%)        7128M (87%)        7154M (87%)        3282M (40%)    
[194.204s][info][gc,heap     ] GC(109)      Used:     4672M (57%)        4900M (60%)        2608M (32%)        1064M (13%)        4910M (60%)        1038M (13%)    
[194.204s][info][gc,heap     ] GC(109)      Live:         -               425M (5%)          425M (5%)          425M (5%)             -                  -          
[194.204s][info][gc,heap     ] GC(109) Allocated:         -               228M (3%)          342M (4%)          605M (7%)             -                  -          
[194.205s][info][gc,heap     ] GC(109)   Garbage:         -              4246M (52%)        1840M (22%)          32M (0%)             -                  -          
[194.205s][info][gc,heap     ] GC(109) Reclaimed:         -                  -              2406M (29%)        4213M (51%)            -                  -          
[194.205s][info][gc          ] GC(109) Garbage Collection (Allocation Rate) 4672M(57%)->1064M(13%)
[194.229s][info][gc,start    ] GC(110) Garbage Collection (Allocation Rate)
[194.229s][info][gc,task     ] GC(110) Using 2 workers
[194.229s][info][gc,phases   ] GC(110) Pause Mark Start 0.007ms
[194.401s][info][gc,phases   ] GC(110) Concurrent Mark 172.466ms
[194.401s][info][gc,phases   ] GC(110) Pause Mark End 0.017ms
[194.402s][info][gc,phases   ] GC(110) Concurrent Mark Free 0.158ms
[194.411s][info][gc,phases   ] GC(110) Concurrent Process Non-Strong References 9.781ms
[194.412s][info][gc,phases   ] GC(110) Concurrent Reset Relocation Set 0.088ms
[194.422s][info][gc,phases   ] GC(110) Concurrent Select Relocation Set 10.863ms
[194.423s][info][gc,phases   ] GC(110) Pause Relocate Start 0.015ms
[194.440s][info][gc,phases   ] GC(110) Concurrent Relocate 17.639ms
[194.440s][info][gc,load     ] GC(110) Load: 0.00/0.00/0.00
[194.440s][info][gc,mmu      ] GC(110) MMU: 2ms/96.1%, 5ms/98.4%, 10ms/99.2%, 20ms/99.6%, 50ms/99.8%, 100ms/99.9%
[194.440s][info][gc,marking  ] GC(110) Mark: 2 stripe(s), 2 proactive flush(es), 1 terminate flush(es), 0 completion(s), 0 continuation(s) 
[194.440s][info][gc,marking  ] GC(110) Mark Stack Usage: 32M
[194.440s][info][gc,nmethod  ] GC(110) NMethods: 11883 registered, 772 unregistered
[194.440s][info][gc,metaspace] GC(110) Metaspace: 72M used, 73M committed, 1152M reserved
[194.440s][info][gc,ref      ] GC(110) Soft: 5940 encountered, 0 discovered, 0 enqueued
[194.440s][info][gc,ref      ] GC(110) Weak: 6842 encountered, 828 discovered, 290 enqueued
[194.440s][info][gc,ref      ] GC(110) Final: 53 encountered, 4 discovered, 0 enqueued
[194.440s][info][gc,ref      ] GC(110) Phantom: 592 encountered, 325 discovered, 0 enqueued
[194.440s][info][gc,reloc    ] GC(110) Small Pages: 458 / 916M, Empty: 606M, Relocated: 11M, In-Place: 0
[194.440s][info][gc,reloc    ] GC(110) Medium Pages: 4 / 128M, Empty: 32M, Relocated: 18M, In-Place: 0
[194.440s][info][gc,reloc    ] GC(110) Large Pages: 14 / 100M, Empty: 100M, Relocated: 0M, In-Place: 0
[194.440s][info][gc,reloc    ] GC(110) Forwarding Usage: 11M
[194.440s][info][gc,heap     ] GC(110) Min Capacity: 8192M(100%)
[194.440s][info][gc,heap     ] GC(110) Max Capacity: 8192M(100%)
[194.441s][info][gc,heap     ] GC(110) Soft Max Capacity: 8192M(100%)
[194.441s][info][gc,heap     ] GC(110)                Mark Start          Mark End        Relocate Start      Relocate End           High               Low         
[194.441s][info][gc,heap     ] GC(110)  Capacity:     8192M (100%)       8192M (100%)       8192M (100%)       8192M (100%)       8192M (100%)       8192M (100%)   
[194.441s][info][gc,heap     ] GC(110)      Free:     7048M (86%)        6776M (83%)        7490M (91%)        7626M (93%)        7638M (93%)        6768M (83%)    
[194.441s][info][gc,heap     ] GC(110)      Used:     1144M (14%)        1416M (17%)         702M (9%)          566M (7%)         1424M (17%)         554M (7%)     
[194.441s][info][gc,heap     ] GC(110)      Live:         -               190M (2%)          190M (2%)          190M (2%)             -                  -          
[194.441s][info][gc,heap     ] GC(110) Allocated:         -               272M (3%)          296M (4%)          351M (4%)             -                  -          
[194.441s][info][gc,heap     ] GC(110)   Garbage:         -               953M (12%)         215M (3%)           23M (0%)             -                  -          
[194.441s][info][gc,heap     ] GC(110) Reclaimed:         -                  -               738M (9%)          929M (11%)            -                  -          
[194.441s][info][gc          ] GC(110) Garbage Collection (Allocation Rate) 1144M(14%)->566M(7%)
[195.757s][info][gc,start    ] GC(111) Garbage Collection (System.gc())
[195.757s][info][gc,task     ] GC(111) Using 2 workers
[195.757s][info][gc,phases   ] GC(111) Pause Mark Start 0.005ms
[195.888s][info][gc,phases   ] GC(111) Concurrent Mark 130.931ms
[195.888s][info][gc,phases   ] GC(111) Pause Mark End 0.012ms
[195.888s][info][gc,phases   ] GC(111) Concurrent Mark Free 0.001ms
[195.898s][info][gc,phases   ] GC(111) Concurrent Process Non-Strong References 9.781ms
[195.898s][info][gc,phases   ] GC(111) Concurrent Reset Relocation Set 0.008ms
[195.901s][info][gc,phases   ] GC(111) Concurrent Select Relocation Set 3.167ms
[195.901s][info][gc,phases   ] GC(111) Pause Relocate Start 0.008ms
[195.902s][info][gc,phases   ] GC(111) Concurrent Relocate 0.727ms
[195.902s][info][gc,load     ] GC(111) Load: 0.00/0.00/0.00
[195.902s][info][gc,mmu      ] GC(111) MMU: 2ms/96.1%, 5ms/98.4%, 10ms/99.2%, 20ms/99.6%, 50ms/99.8%, 100ms/99.9%
[195.902s][info][gc,marking  ] GC(111) Mark: 2 stripe(s), 2 proactive flush(es), 1 terminate flush(es), 0 completion(s), 0 continuation(s) 
[195.902s][info][gc,marking  ] GC(111) Mark Stack Usage: 32M
[195.902s][info][gc,nmethod  ] GC(111) NMethods: 11896 registered, 772 unregistered
[195.902s][info][gc,metaspace] GC(111) Metaspace: 72M used, 73M committed, 1152M reserved
[195.902s][info][gc,ref      ] GC(111) Soft: 5936 encountered, 0 discovered, 0 enqueued
[195.902s][info][gc,ref      ] GC(111) Weak: 6769 encountered, 1086 discovered, 378 enqueued
[195.902s][info][gc,ref      ] GC(111) Final: 53 encountered, 4 discovered, 0 enqueued
[195.902s][info][gc,ref      ] GC(111) Phantom: 588 encountered, 555 discovered, 0 enqueued
[195.902s][info][gc,reloc    ] GC(111) Small Pages: 1274 / 2548M, Empty: 2300M, Relocated: 1M, In-Place: 0
[195.902s][info][gc,reloc    ] GC(111) Medium Pages: 9 / 288M, Empty: 256M, Relocated: 0M, In-Place: 0
[195.902s][info][gc,reloc    ] GC(111) Large Pages: 34 / 204M, Empty: 204M, Relocated: 0M, In-Place: 0
[195.902s][info][gc,reloc    ] GC(111) Forwarding Usage: 0M
[195.902s][info][gc,heap     ] GC(111) Min Capacity: 8192M(100%)
[195.902s][info][gc,heap     ] GC(111) Max Capacity: 8192M(100%)
[195.902s][info][gc,heap     ] GC(111) Soft Max Capacity: 8192M(100%)
[195.902s][info][gc,heap     ] GC(111)                Mark Start          Mark End        Relocate Start      Relocate End           High               Low         
[195.902s][info][gc,heap     ] GC(111)  Capacity:     8192M (100%)       8192M (100%)       8192M (100%)       8192M (100%)       8192M (100%)       8192M (100%)   
[195.902s][info][gc,heap     ] GC(111)      Free:     5152M (63%)        5150M (63%)        7900M (96%)        7972M (97%)        7972M (97%)        5150M (63%)    
[195.902s][info][gc,heap     ] GC(111)      Used:     3040M (37%)        3042M (37%)         292M (4%)          220M (3%)         3042M (37%)         220M (3%)     
[195.902s][info][gc,heap     ] GC(111)      Live:         -               173M (2%)          173M (2%)          173M (2%)             -                  -          
[195.902s][info][gc,heap     ] GC(111) Allocated:         -                 2M (0%)           12M (0%)           13M (0%)             -                  -          
[195.902s][info][gc,heap     ] GC(111)   Garbage:         -              2866M (35%)         106M (1%)           32M (0%)             -                  -          
[195.902s][info][gc,heap     ] GC(111) Reclaimed:         -                  -              2760M (34%)        2833M (35%)            -                  -          
[195.902s][info][gc          ] GC(111) Garbage Collection (System.gc()) 3040M(37%)->220M(3%)
[198.114s][info][gc,start    ] GC(112) Garbage Collection (Allocation Rate)
[198.114s][info][gc,task     ] GC(112) Using 2 workers
[198.114s][info][gc,phases   ] GC(112) Pause Mark Start 0.008ms
[198.733s][info][gc,phases   ] GC(112) Concurrent Mark 619.303ms
[198.733s][info][gc,phases   ] GC(112) Pause Mark End 0.023ms
[198.733s][info][gc,phases   ] GC(112) Concurrent Mark Free 0.001ms
[198.744s][info][gc,phases   ] GC(112) Concurrent Process Non-Strong References 10.420ms
[198.744s][info][gc,phases   ] GC(112) Concurrent Reset Relocation Set 0.003ms
[198.786s][info][gc,phases   ] GC(112) Concurrent Select Relocation Set 41.971ms
[198.786s][info][gc,phases   ] GC(112) Pause Relocate Start 0.010ms
[199.002s][info][gc,phases   ] GC(112) Concurrent Relocate 216.207ms
[199.002s][info][gc,load     ] GC(112) Load: 0.00/0.00/0.00
[199.002s][info][gc,mmu      ] GC(112) MMU: 2ms/96.1%, 5ms/98.4%, 10ms/99.2%, 20ms/99.6%, 50ms/99.8%, 100ms/99.9%
[199.002s][info][gc,marking  ] GC(112) Mark: 2 stripe(s), 3 proactive flush(es), 1 terminate flush(es), 0 completion(s), 0 continuation(s) 
[199.002s][info][gc,marking  ] GC(112) Mark Stack Usage: 32M
[199.002s][info][gc,nmethod  ] GC(112) NMethods: 11935 registered, 772 unregistered
[199.002s][info][gc,metaspace] GC(112) Metaspace: 72M used, 73M committed, 1152M reserved
[199.002s][info][gc,ref      ] GC(112) Soft: 5944 encountered, 0 discovered, 0 enqueued
[199.003s][info][gc,ref      ] GC(112) Weak: 6714 encountered, 951 discovered, 91 enqueued
[199.003s][info][gc,ref      ] GC(112) Final: 53 encountered, 0 discovered, 0 enqueued
[199.003s][info][gc,ref      ] GC(112) Phantom: 588 encountered, 323 discovered, 0 enqueued
[199.003s][info][gc,reloc    ] GC(112) Small Pages: 2168 / 4336M, Empty: 2132M, Relocated: 188M, In-Place: 0
[199.003s][info][gc,reloc    ] GC(112) Medium Pages: 5 / 160M, Empty: 128M, Relocated: 0M, In-Place: 0
[199.003s][info][gc,reloc    ] GC(112) Large Pages: 30 / 212M, Empty: 148M, Relocated: 0M, In-Place: 0
[199.003s][info][gc,reloc    ] GC(112) Forwarding Usage: 142M
[199.003s][info][gc,heap     ] GC(112) Min Capacity: 8192M(100%)
[199.003s][info][gc,heap     ] GC(112) Max Capacity: 8192M(100%)
[199.003s][info][gc,heap     ] GC(112) Soft Max Capacity: 8192M(100%)
[199.003s][info][gc,heap     ] GC(112)                Mark Start          Mark End        Relocate Start      Relocate End           High               Low         
[199.003s][info][gc,heap     ] GC(112)  Capacity:     8192M (100%)       8192M (100%)       8192M (100%)       8192M (100%)       8192M (100%)       8192M (100%)   
[199.003s][info][gc,heap     ] GC(112)      Free:     3484M (43%)        3288M (40%)        5580M (68%)        7142M (87%)        7182M (88%)        3284M (40%)    
[199.003s][info][gc,heap     ] GC(112)      Used:     4708M (57%)        4904M (60%)        2612M (32%)        1050M (13%)        4908M (60%)        1010M (12%)    
[199.003s][info][gc,heap     ] GC(112)      Live:         -               426M (5%)          426M (5%)          426M (5%)             -                  -          
[199.003s][info][gc,heap     ] GC(112) Allocated:         -               196M (2%)          312M (4%)          589M (7%)             -                  -          
[199.003s][info][gc,heap     ] GC(112)   Garbage:         -              4281M (52%)        1873M (23%)          33M (0%)             -                  -          
[199.003s][info][gc,heap     ] GC(112) Reclaimed:         -                  -              2408M (29%)        4247M (52%)            -                  -          
[199.003s][info][gc          ] GC(112) Garbage Collection (Allocation Rate) 4708M(57%)->1050M(13%)
[199.027s][info][gc,start    ] GC(113) Garbage Collection (Allocation Rate)
[199.027s][info][gc,task     ] GC(113) Using 2 workers
[199.027s][info][gc,phases   ] GC(113) Pause Mark Start 0.006ms
[199.218s][info][gc,phases   ] GC(113) Concurrent Mark 190.402ms
[199.218s][info][gc,phases   ] GC(113) Pause Mark End 0.024ms
[199.218s][info][gc,phases   ] GC(113) Concurrent Mark Free 0.001ms
[199.229s][info][gc,phases   ] GC(113) Concurrent Process Non-Strong References 11.283ms
[199.229s][info][gc,phases   ] GC(113) Concurrent Reset Relocation Set 0.104ms
[199.239s][info][gc,phases   ] GC(113) Concurrent Select Relocation Set 10.074ms
[199.240s][info][gc,phases   ] GC(113) Pause Relocate Start 0.018ms
[199.262s][info][gc,phases   ] GC(113) Concurrent Relocate 21.921ms
[199.262s][info][gc,load     ] GC(113) Load: 0.00/0.00/0.00
[199.262s][info][gc,mmu      ] GC(113) MMU: 2ms/96.1%, 5ms/98.4%, 10ms/99.2%, 20ms/99.6%, 50ms/99.8%, 100ms/99.9%
[199.262s][info][gc,marking  ] GC(113) Mark: 2 stripe(s), 2 proactive flush(es), 1 terminate flush(es), 0 completion(s), 0 continuation(s) 
[199.262s][info][gc,marking  ] GC(113) Mark Stack Usage: 32M
[199.262s][info][gc,nmethod  ] GC(113) NMethods: 11938 registered, 772 unregistered
[199.262s][info][gc,metaspace] GC(113) Metaspace: 72M used, 73M committed, 1152M reserved
[199.262s][info][gc,ref      ] GC(113) Soft: 5940 encountered, 0 discovered, 0 enqueued
[199.262s][info][gc,ref      ] GC(113) Weak: 6828 encountered, 1158 discovered, 219 enqueued
[199.262s][info][gc,ref      ] GC(113) Final: 53 encountered, 4 discovered, 0 enqueued
[199.262s][info][gc,ref      ] GC(113) Phantom: 588 encountered, 339 discovered, 0 enqueued
[199.262s][info][gc,reloc    ] GC(113) Small Pages: 444 / 888M, Empty: 552M, Relocated: 14M, In-Place: 0
[199.262s][info][gc,reloc    ] GC(113) Medium Pages: 4 / 128M, Empty: 32M, Relocated: 18M, In-Place: 0
[199.262s][info][gc,reloc    ] GC(113) Large Pages: 14 / 100M, Empty: 100M, Relocated: 0M, In-Place: 0
[199.262s][info][gc,reloc    ] GC(113) Forwarding Usage: 15M
[199.262s][info][gc,heap     ] GC(113) Min Capacity: 8192M(100%)
[199.262s][info][gc,heap     ] GC(113) Max Capacity: 8192M(100%)
[199.262s][info][gc,heap     ] GC(113) Soft Max Capacity: 8192M(100%)
[199.262s][info][gc,heap     ] GC(113)                Mark Start          Mark End        Relocate Start      Relocate End           High               Low         
[199.262s][info][gc,heap     ] GC(113)  Capacity:     8192M (100%)       8192M (100%)       8192M (100%)       8192M (100%)       8192M (100%)       8192M (100%)   
[199.262s][info][gc,heap     ] GC(113)      Free:     7076M (86%)        6732M (82%)        7394M (90%)        7576M (92%)        7582M (93%)        6716M (82%)    
[199.262s][info][gc,heap     ] GC(113)      Used:     1116M (14%)        1460M (18%)         798M (10%)         616M (8%)         1476M (18%)         610M (7%)     
[199.262s][info][gc,heap     ] GC(113)      Live:         -               195M (2%)          195M (2%)          195M (2%)             -                  -          
[199.262s][info][gc,heap     ] GC(113) Allocated:         -               344M (4%)          366M (4%)          395M (5%)             -                  -          
[199.262s][info][gc,heap     ] GC(113)   Garbage:         -               920M (11%)         236M (3%)           24M (0%)             -                  -          
[199.262s][info][gc,heap     ] GC(113) Reclaimed:         -                  -               684M (8%)          895M (11%)            -                  -          
[199.262s][info][gc          ] GC(113) Garbage Collection (Allocation Rate) 1116M(14%)->616M(8%)
[200.319s][info][gc,stats    ] === Garbage Collection Statistics =======================================================================================================================
[200.319s][info][gc,stats    ]                                                              Last 10s              Last 10m              Last 10h                Total
[200.319s][info][gc,stats    ]                                                              Avg / Max             Avg / Max             Avg / Max             Avg / Max
[200.319s][info][gc,stats    ]   Collector: Garbage Collection Cycle                    421.134 / 888.852     424.127 / 983.217     424.127 / 983.217     424.127 / 983.217     ms
[200.319s][info][gc,stats    ]  Contention: Mark Segment Reset Contention                     3 / 24                3 / 24                3 / 24                3 / 24          ops/s
[200.319s][info][gc,stats    ]  Contention: Mark SeqNum Reset Contention                      0 / 0                 0 / 1                 0 / 1                 0 / 1           ops/s
[200.319s][info][gc,stats    ]    Critical: Allocation Stall                                  0 / 0                 0 / 0                 0 / 0                 0 / 0           ops/s
[200.319s][info][gc,stats    ]    Critical: Allocation Stall                              0.000 / 0.000         0.000 / 0.000         0.000 / 0.000         0.000 / 0.000       ms
[200.319s][info][gc,stats    ]    Critical: GC Locker Stall                                   0 / 0                 0 / 0                 0 / 0                 0 / 0           ops/s
[200.319s][info][gc,stats    ]    Critical: GC Locker Stall                               0.000 / 0.000         0.000 / 0.000         0.000 / 0.000         0.000 / 0.000       ms
[200.319s][info][gc,stats    ]    Critical: Relocation Stall                                  0 / 0                 0 / 0                 0 / 0                 0 / 0           ops/s
[200.319s][info][gc,stats    ]    Critical: Relocation Stall                              0.000 / 0.000         0.000 / 0.000         0.000 / 0.000         0.000 / 0.000       ms
[200.319s][info][gc,stats    ]      Memory: Allocation Rate                                1677 / 2210           1550 / 3876           1550 / 3876           1550 / 3876        MB/s
[200.319s][info][gc,stats    ]      Memory: Out Of Memory                                     0 / 0                 0 / 0                 0 / 0                 0 / 0           ops/s
[200.319s][info][gc,stats    ]      Memory: Page Cache Flush                                  0 / 0                 0 / 0                 0 / 0                 0 / 0           MB/s
[200.319s][info][gc,stats    ]      Memory: Page Cache Hit L1                               770 / 1033            708 / 1729            708 / 1729            708 / 1729        ops/s
[200.319s][info][gc,stats    ]      Memory: Page Cache Hit L2                                 0 / 0                 0 / 0                 0 / 0                 0 / 0           ops/s
[200.319s][info][gc,stats    ]      Memory: Page Cache Hit L3                                 0 / 0                11 / 527              11 / 527              11 / 527         ops/s
[200.319s][info][gc,stats    ]      Memory: Page Cache Miss                                   0 / 0                 0 / 1                 0 / 1                 0 / 1           ops/s
[200.319s][info][gc,stats    ]      Memory: Uncommit                                          0 / 0                 0 / 0                 0 / 0                 0 / 0           MB/s
[200.319s][info][gc,stats    ]      Memory: Undo Object Allocation Failed                     0 / 0                 0 / 1                 0 / 1                 0 / 1           ops/s
[200.319s][info][gc,stats    ]      Memory: Undo Object Allocation Succeeded                  8 / 83                4 / 101               4 / 101               4 / 101         ops/s
[200.319s][info][gc,stats    ]      Memory: Undo Page Allocation                              0 / 0                 0 / 1                 0 / 1                 0 / 1           ops/s
[200.319s][info][gc,stats    ]       Phase: Concurrent Mark                             313.998 / 627.556     323.222 / 972.666     323.222 / 972.666     323.222 / 972.666     ms
[200.319s][info][gc,stats    ]       Phase: Concurrent Mark Continue                      0.000 / 0.000         0.000 / 0.000         0.000 / 0.000         0.000 / 0.000       ms
[200.319s][info][gc,stats    ]       Phase: Concurrent Mark Free                          0.027 / 0.158         0.005 / 0.317         0.005 / 0.317         0.005 / 0.317       ms
[200.319s][info][gc,stats    ]       Phase: Concurrent Process Non-Strong References     10.398 / 11.283        9.605 / 15.785        9.605 / 15.785        9.605 / 15.785      ms
[200.319s][info][gc,stats    ]       Phase: Concurrent Relocate                          77.896 / 216.207      75.359 / 226.884      75.359 / 226.884      75.359 / 226.884     ms
[200.319s][info][gc,stats    ]       Phase: Concurrent Reset Relocation Set               0.050 / 0.104         0.038 / 0.132         0.038 / 0.132         0.038 / 0.132       ms
[200.319s][info][gc,stats    ]       Phase: Concurrent Select Relocation Set             17.851 / 41.971       14.727 / 41.971       14.727 / 41.971       14.727 / 41.971      ms
[200.319s][info][gc,stats    ]       Phase: Pause Mark End                                0.021 / 0.030         0.024 / 0.079         0.024 / 0.079         0.024 / 0.079       ms
[200.319s][info][gc,stats    ]       Phase: Pause Mark Start                              0.007 / 0.010         0.007 / 0.011         0.007 / 0.011         0.007 / 0.011       ms
[200.319s][info][gc,stats    ]       Phase: Pause Relocate Start                          0.012 / 0.018         0.012 / 0.032         0.012 / 0.032         0.012 / 0.032       ms
[200.319s][info][gc,stats    ]    Subphase: Concurrent Classes Purge                      0.442 / 0.542         0.385 / 0.652         0.385 / 0.652         0.385 / 0.652       ms
[200.319s][info][gc,stats    ]    Subphase: Concurrent Classes Unlink                     9.061 / 10.005        8.068 / 12.957        8.068 / 12.957        8.068 / 12.957      ms
[200.319s][info][gc,stats    ]    Subphase: Concurrent Mark                             307.322 / 623.433     314.744 / 969.741     314.744 / 969.741     314.744 / 969.741     ms
[200.319s][info][gc,stats    ]    Subphase: Concurrent Mark Try Flush                     0.161 / 0.487         0.171 / 1.725         0.171 / 1.725         0.171 / 1.725       ms
[200.319s][info][gc,stats    ]    Subphase: Concurrent Mark Try Terminate                 2.122 / 11.125        4.638 / 16.632        4.638 / 16.632        4.638 / 16.632      ms
[200.319s][info][gc,stats    ]    Subphase: Concurrent References Enqueue                 0.005 / 0.008         0.005 / 0.008         0.005 / 0.008         0.005 / 0.008       ms
[200.319s][info][gc,stats    ]    Subphase: Concurrent References Process                 0.168 / 0.306         0.187 / 0.610         0.187 / 0.610         0.187 / 0.610       ms
[200.319s][info][gc,stats    ]    Subphase: Concurrent Roots ClassLoaderDataGraph         0.151 / 0.337         0.121 / 0.376         0.121 / 0.376         0.121 / 0.376       ms
[200.319s][info][gc,stats    ]    Subphase: Concurrent Roots CodeCache                    0.000 / 0.000         0.000 / 0.000         0.000 / 0.000         0.000 / 0.000       ms
[200.319s][info][gc,stats    ]    Subphase: Concurrent Roots JavaThreads                  3.642 / 3.968         4.518 / 8.610         4.518 / 8.610         4.518 / 8.610       ms
[200.319s][info][gc,stats    ]    Subphase: Concurrent Roots OopStorageSet                0.056 / 0.100         0.045 / 0.142         0.045 / 0.142         0.045 / 0.142       ms
[200.319s][info][gc,stats    ]    Subphase: Concurrent Weak Roots OopStorageSet           0.477 / 0.846         0.581 / 1.025         0.581 / 1.025         0.581 / 1.025       ms
[200.319s][info][gc,stats    ]    Subphase: Pause Mark Try Complete                       0.000 / 0.000         0.008 / 0.017         0.008 / 0.017         0.008 / 0.017       ms
[200.319s][info][gc,stats    ]      System: Java Threads                                    264 / 265             241 / 267             241 / 267             241 / 267         threads
[200.319s][info][gc,stats    ] =========================================================================================================================================================
[200.481s][info][gc,start    ] GC(114) Garbage Collection (System.gc())
[200.481s][info][gc,task     ] GC(114) Using 2 workers
[200.481s][info][gc,phases   ] GC(114) Pause Mark Start 0.005ms
[200.617s][info][gc,phases   ] GC(114) Concurrent Mark 136.090ms
[200.617s][info][gc,phases   ] GC(114) Pause Mark End 0.033ms
[200.618s][info][gc,phases   ] GC(114) Concurrent Mark Free 0.002ms
[200.628s][info][gc,phases   ] GC(114) Concurrent Process Non-Strong References 10.800ms
[200.628s][info][gc,phases   ] GC(114) Concurrent Reset Relocation Set 0.009ms
[200.631s][info][gc,phases   ] GC(114) Concurrent Select Relocation Set 2.643ms
[200.631s][info][gc,phases   ] GC(114) Pause Relocate Start 0.008ms
[200.632s][info][gc,phases   ] GC(114) Concurrent Relocate 0.798ms
[200.632s][info][gc,load     ] GC(114) Load: 0.00/0.00/0.00
[200.632s][info][gc,mmu      ] GC(114) MMU: 2ms/96.1%, 5ms/98.4%, 10ms/99.2%, 20ms/99.6%, 50ms/99.8%, 100ms/99.9%
[200.632s][info][gc,marking  ] GC(114) Mark: 2 stripe(s), 2 proactive flush(es), 1 terminate flush(es), 0 completion(s), 0 continuation(s) 
[200.632s][info][gc,marking  ] GC(114) Mark Stack Usage: 32M
[200.632s][info][gc,nmethod  ] GC(114) NMethods: 11950 registered, 772 unregistered
[200.632s][info][gc,metaspace] GC(114) Metaspace: 72M used, 73M committed, 1152M reserved
[200.632s][info][gc,ref      ] GC(114) Soft: 5936 encountered, 0 discovered, 0 enqueued
[200.632s][info][gc,ref      ] GC(114) Weak: 6769 encountered, 1191 discovered, 380 enqueued
[200.632s][info][gc,ref      ] GC(114) Final: 53 encountered, 4 discovered, 0 enqueued
[200.632s][info][gc,ref      ] GC(114) Phantom: 589 encountered, 320 discovered, 0 enqueued
[200.632s][info][gc,reloc    ] GC(114) Small Pages: 1270 / 2540M, Empty: 2288M, Relocated: 1M, In-Place: 0
[200.632s][info][gc,reloc    ] GC(114) Medium Pages: 9 / 288M, Empty: 256M, Relocated: 0M, In-Place: 0
[200.632s][info][gc,reloc    ] GC(114) Large Pages: 35 / 210M, Empty: 210M, Relocated: 0M, In-Place: 0
[200.632s][info][gc,reloc    ] GC(114) Forwarding Usage: 0M
[200.632s][info][gc,heap     ] GC(114) Min Capacity: 8192M(100%)
[200.632s][info][gc,heap     ] GC(114) Max Capacity: 8192M(100%)
[200.632s][info][gc,heap     ] GC(114) Soft Max Capacity: 8192M(100%)
[200.632s][info][gc,heap     ] GC(114)                Mark Start          Mark End        Relocate Start      Relocate End           High               Low         
[200.632s][info][gc,heap     ] GC(114)  Capacity:     8192M (100%)       8192M (100%)       8192M (100%)       8192M (100%)       8192M (100%)       8192M (100%)   
[200.632s][info][gc,heap     ] GC(114)      Free:     5154M (63%)        5152M (63%)        7898M (96%)        7976M (97%)        7976M (97%)        5152M (63%)    
[200.632s][info][gc,heap     ] GC(114)      Used:     3038M (37%)        3040M (37%)         294M (4%)          216M (3%)         3040M (37%)         216M (3%)     
[200.632s][info][gc,heap     ] GC(114)      Live:         -               173M (2%)          173M (2%)          173M (2%)             -                  -          
[200.632s][info][gc,heap     ] GC(114) Allocated:         -                 2M (0%)           10M (0%)            9M (0%)             -                  -          
[200.632s][info][gc,heap     ] GC(114)   Garbage:         -              2864M (35%)         110M (1%)           32M (0%)             -                  -          
[200.632s][info][gc,heap     ] GC(114) Reclaimed:         -                  -              2754M (34%)        2831M (35%)            -                  -          
[200.632s][info][gc          ] GC(114) Garbage Collection (System.gc()) 3038M(37%)->216M(3%)
[202.920s][info][gc,start    ] GC(115) Garbage Collection (Allocation Rate)
[202.921s][info][gc,task     ] GC(115) Using 2 workers
[202.921s][info][gc,phases   ] GC(115) Pause Mark Start 0.006ms
[203.423s][info][gc,phases   ] GC(115) Concurrent Mark 502.075ms
[203.423s][info][gc,phases   ] GC(115) Pause Mark End 0.081ms
[203.423s][info][gc,phases   ] GC(115) Concurrent Mark Free 0.001ms
[203.433s][info][gc,phases   ] GC(115) Concurrent Process Non-Strong References 9.660ms
[203.433s][info][gc,phases   ] GC(115) Concurrent Reset Relocation Set 0.003ms
[203.456s][info][gc,phases   ] GC(115) Concurrent Select Relocation Set 22.993ms
[203.456s][info][gc,phases   ] GC(115) Pause Relocate Start 0.008ms
[203.603s][info][gc,phases   ] GC(115) Concurrent Relocate 146.691ms
[203.603s][info][gc,load     ] GC(115) Load: 0.00/0.00/0.00
[203.603s][info][gc,mmu      ] GC(115) MMU: 2ms/96.0%, 5ms/98.4%, 10ms/99.2%, 20ms/99.6%, 50ms/99.8%, 100ms/99.9%
[203.603s][info][gc,marking  ] GC(115) Mark: 2 stripe(s), 3 proactive flush(es), 1 terminate flush(es), 1 completion(s), 0 continuation(s) 
[203.603s][info][gc,marking  ] GC(115) Mark Stack Usage: 32M
[203.603s][info][gc,nmethod  ] GC(115) NMethods: 11971 registered, 772 unregistered
[203.603s][info][gc,metaspace] GC(115) Metaspace: 72M used, 73M committed, 1152M reserved
[203.603s][info][gc,ref      ] GC(115) Soft: 5944 encountered, 0 discovered, 0 enqueued
[203.603s][info][gc,ref      ] GC(115) Weak: 6717 encountered, 795 discovered, 91 enqueued
[203.603s][info][gc,ref      ] GC(115) Final: 53 encountered, 0 discovered, 0 enqueued
[203.603s][info][gc,ref      ] GC(115) Phantom: 589 encountered, 311 discovered, 0 enqueued
[203.603s][info][gc,reloc    ] GC(115) Small Pages: 2216 / 4432M, Empty: 2612M, Relocated: 96M, In-Place: 0
[203.603s][info][gc,reloc    ] GC(115) Medium Pages: 5 / 160M, Empty: 96M, Relocated: 12M, In-Place: 0
[203.603s][info][gc,reloc    ] GC(115) Large Pages: 30 / 212M, Empty: 172M, Relocated: 0M, In-Place: 0
[203.603s][info][gc,reloc    ] GC(115) Forwarding Usage: 96M
[203.603s][info][gc,heap     ] GC(115) Min Capacity: 8192M(100%)
[203.603s][info][gc,heap     ] GC(115) Max Capacity: 8192M(100%)
[203.603s][info][gc,heap     ] GC(115) Soft Max Capacity: 8192M(100%)
[203.603s][info][gc,heap     ] GC(115)                Mark Start          Mark End        Relocate Start      Relocate End           High               Low         
[203.603s][info][gc,heap     ] GC(115)  Capacity:     8192M (100%)       8192M (100%)       8192M (100%)       8192M (100%)       8192M (100%)       8192M (100%)   
[203.603s][info][gc,heap     ] GC(115)      Free:     3388M (41%)        3302M (40%)        6172M (75%)        7544M (92%)        7544M (92%)        3302M (40%)    
[203.603s][info][gc,heap     ] GC(115)      Used:     4804M (59%)        4890M (60%)        2020M (25%)         648M (8%)         4890M (60%)         648M (8%)     
[203.603s][info][gc,heap     ] GC(115)      Live:         -               310M (4%)          310M (4%)          310M (4%)             -                  -          
[203.603s][info][gc,heap     ] GC(115) Allocated:         -                86M (1%)           96M (1%)          309M (4%)             -                  -          
[203.603s][info][gc,heap     ] GC(115)   Garbage:         -              4493M (55%)        1613M (20%)          27M (0%)             -                  -          
[203.603s][info][gc,heap     ] GC(115) Reclaimed:         -                  -              2880M (35%)        4465M (55%)            -                  -          
[203.603s][info][gc          ] GC(115) Garbage Collection (Allocation Rate) 4804M(59%)->648M(8%)
[204.628s][info][gc,start    ] GC(116) Garbage Collection (Allocation Rate)
[204.628s][info][gc,task     ] GC(116) Using 2 workers
[204.628s][info][gc,phases   ] GC(116) Pause Mark Start 0.008ms
[204.965s][info][gc,phases   ] GC(116) Concurrent Mark 336.451ms
[204.965s][info][gc,phases   ] GC(116) Pause Mark End 0.023ms
[204.965s][info][gc,phases   ] GC(116) Concurrent Mark Free 0.001ms
[204.976s][info][gc,phases   ] GC(116) Concurrent Process Non-Strong References 10.837ms
[204.976s][info][gc,phases   ] GC(116) Concurrent Reset Relocation Set 0.087ms
[204.986s][info][gc,phases   ] GC(116) Concurrent Select Relocation Set 10.031ms
[204.986s][info][gc,phases   ] GC(116) Pause Relocate Start 0.009ms
[205.065s][info][gc,phases   ] GC(116) Concurrent Relocate 78.558ms
[205.065s][info][gc,load     ] GC(116) Load: 0.00/0.00/0.00
[205.065s][info][gc,mmu      ] GC(116) MMU: 2ms/96.0%, 5ms/98.4%, 10ms/99.2%, 20ms/99.6%, 50ms/99.8%, 100ms/99.9%
[205.065s][info][gc,marking  ] GC(116) Mark: 2 stripe(s), 2 proactive flush(es), 1 terminate flush(es), 0 completion(s), 0 continuation(s) 
[205.065s][info][gc,marking  ] GC(116) Mark Stack Usage: 32M
[205.065s][info][gc,nmethod  ] GC(116) NMethods: 11992 registered, 772 unregistered
[205.065s][info][gc,metaspace] GC(116) Metaspace: 72M used, 73M committed, 1152M reserved
[205.065s][info][gc,ref      ] GC(116) Soft: 5940 encountered, 0 discovered, 0 enqueued
[205.065s][info][gc,ref      ] GC(116) Weak: 6979 encountered, 952 discovered, 363 enqueued
[205.065s][info][gc,ref      ] GC(116) Final: 53 encountered, 0 discovered, 0 enqueued
[205.065s][info][gc,ref      ] GC(116) Phantom: 589 encountered, 359 discovered, 0 enqueued
[205.065s][info][gc,reloc    ] GC(116) Small Pages: 1003 / 2006M, Empty: 1046M, Relocated: 43M, In-Place: 0
[205.065s][info][gc,reloc    ] GC(116) Medium Pages: 7 / 224M, Empty: 96M, Relocated: 17M, In-Place: 0
[205.065s][info][gc,reloc    ] GC(116) Large Pages: 23 / 154M, Empty: 154M, Relocated: 0M, In-Place: 0
[205.065s][info][gc,reloc    ] GC(116) Forwarding Usage: 37M
[205.065s][info][gc,heap     ] GC(116) Min Capacity: 8192M(100%)
[205.065s][info][gc,heap     ] GC(116) Max Capacity: 8192M(100%)
[205.065s][info][gc,heap     ] GC(116) Soft Max Capacity: 8192M(100%)
[205.065s][info][gc,heap     ] GC(116)                Mark Start          Mark End        Relocate Start      Relocate End           High               Low         
[205.065s][info][gc,heap     ] GC(116)  Capacity:     8192M (100%)       8192M (100%)       8192M (100%)       8192M (100%)       8192M (100%)       8192M (100%)   
[205.065s][info][gc,heap     ] GC(116)      Free:     5808M (71%)        5196M (63%)        6462M (79%)        7216M (88%)        7216M (88%)        5184M (63%)    
[205.065s][info][gc,heap     ] GC(116)      Used:     2384M (29%)        2996M (37%)        1730M (21%)         976M (12%)        3008M (37%)         976M (12%)    
[205.065s][info][gc,heap     ] GC(116)      Live:         -               243M (3%)          243M (3%)          243M (3%)             -                  -          
[205.065s][info][gc,heap     ] GC(116) Allocated:         -               612M (7%)          642M (8%)          697M (9%)             -                  -          
[205.065s][info][gc,heap     ] GC(116)   Garbage:         -              2140M (26%)         844M (10%)          34M (0%)             -                  -          
[205.065s][info][gc,heap     ] GC(116) Reclaimed:         -                  -              1296M (16%)        2105M (26%)            -                  -          
[205.065s][info][gc          ] GC(116) Garbage Collection (Allocation Rate) 2384M(29%)->976M(12%)
[205.249s][info][gc,start    ] GC(117) Garbage Collection (System.gc())
[205.249s][info][gc,task     ] GC(117) Using 2 workers
[205.249s][info][gc,phases   ] GC(117) Pause Mark Start 0.009ms
[205.392s][info][gc,phases   ] GC(117) Concurrent Mark 142.790ms
[205.392s][info][gc,phases   ] GC(117) Pause Mark End 0.026ms
[205.392s][info][gc,phases   ] GC(117) Concurrent Mark Free 0.001ms
[205.403s][info][gc,phases   ] GC(117) Concurrent Process Non-Strong References 11.011ms
[205.403s][info][gc,phases   ] GC(117) Concurrent Reset Relocation Set 0.040ms
[205.408s][info][gc,phases   ] GC(117) Concurrent Select Relocation Set 4.276ms
[205.408s][info][gc,phases   ] GC(117) Pause Relocate Start 0.008ms
[205.409s][info][gc,phases   ] GC(117) Concurrent Relocate 0.853ms
[205.409s][info][gc,load     ] GC(117) Load: 0.00/0.00/0.00
[205.409s][info][gc,mmu      ] GC(117) MMU: 2ms/96.0%, 5ms/98.4%, 10ms/99.2%, 20ms/99.6%, 50ms/99.8%, 100ms/99.9%
[205.409s][info][gc,marking  ] GC(117) Mark: 2 stripe(s), 2 proactive flush(es), 1 terminate flush(es), 0 completion(s), 0 continuation(s) 
[205.409s][info][gc,marking  ] GC(117) Mark Stack Usage: 32M
[205.409s][info][gc,nmethod  ] GC(117) NMethods: 11992 registered, 772 unregistered
[205.409s][info][gc,metaspace] GC(117) Metaspace: 72M used, 73M committed, 1152M reserved
[205.409s][info][gc,ref      ] GC(117) Soft: 5936 encountered, 0 discovered, 0 enqueued
[205.409s][info][gc,ref      ] GC(117) Weak: 6630 encountered, 915 discovered, 238 enqueued
[205.409s][info][gc,ref      ] GC(117) Final: 53 encountered, 4 discovered, 0 enqueued
[205.409s][info][gc,ref      ] GC(117) Phantom: 588 encountered, 250 discovered, 0 enqueued
[205.409s][info][gc,reloc    ] GC(117) Small Pages: 629 / 1258M, Empty: 1034M, Relocated: 1M, In-Place: 0
[205.409s][info][gc,reloc    ] GC(117) Medium Pages: 7 / 224M, Empty: 192M, Relocated: 0M, In-Place: 0
[205.409s][info][gc,reloc    ] GC(117) Large Pages: 22 / 132M, Empty: 132M, Relocated: 0M, In-Place: 0
[205.409s][info][gc,reloc    ] GC(117) Forwarding Usage: 0M
[205.409s][info][gc,heap     ] GC(117) Min Capacity: 8192M(100%)
[205.409s][info][gc,heap     ] GC(117) Max Capacity: 8192M(100%)
[205.409s][info][gc,heap     ] GC(117) Soft Max Capacity: 8192M(100%)
[205.409s][info][gc,heap     ] GC(117)                Mark Start          Mark End        Relocate Start      Relocate End           High               Low         
[205.409s][info][gc,heap     ] GC(117)  Capacity:     8192M (100%)       8192M (100%)       8192M (100%)       8192M (100%)       8192M (100%)       8192M (100%)   
[205.409s][info][gc,heap     ] GC(117)      Free:     6578M (80%)        6576M (80%)        7926M (97%)        7974M (97%)        7974M (97%)        6576M (80%)    
[205.409s][info][gc,heap     ] GC(117)      Used:     1614M (20%)        1616M (20%)         266M (3%)          218M (3%)         1616M (20%)         218M (3%)     
[205.409s][info][gc,heap     ] GC(117)      Live:         -               173M (2%)          173M (2%)          173M (2%)             -                  -          
[205.409s][info][gc,heap     ] GC(117) Allocated:         -                 2M (0%)           10M (0%)           11M (0%)             -                  -          
[205.409s][info][gc,heap     ] GC(117)   Garbage:         -              1440M (18%)          82M (1%)           32M (0%)             -                  -          
[205.409s][info][gc,heap     ] GC(117) Reclaimed:         -                  -              1358M (17%)        1407M (17%)            -                  -          
[205.409s][info][gc          ] GC(117) Garbage Collection (System.gc()) 1614M(20%)->218M(3%)
[207.623s][info][gc,start    ] GC(118) Garbage Collection (Allocation Rate)
[207.623s][info][gc,task     ] GC(118) Using 2 workers
[207.623s][info][gc,phases   ] GC(118) Pause Mark Start 0.006ms
[208.261s][info][gc,phases   ] GC(118) Concurrent Mark 638.183ms
[208.262s][info][gc,phases   ] GC(118) Pause Mark End 0.017ms
[208.262s][info][gc,phases   ] GC(118) Concurrent Mark Free 0.001ms
[208.273s][info][gc,phases   ] GC(118) Concurrent Process Non-Strong References 11.650ms
[208.273s][info][gc,phases   ] GC(118) Concurrent Reset Relocation Set 0.003ms
[208.305s][info][gc,phases   ] GC(118) Concurrent Select Relocation Set 31.944ms
[208.306s][info][gc,phases   ] GC(118) Pause Relocate Start 0.019ms
[208.526s][info][gc,phases   ] GC(118) Concurrent Relocate 218.939ms
[208.526s][info][gc,load     ] GC(118) Load: 0.00/0.00/0.00
[208.526s][info][gc,mmu      ] GC(118) MMU: 2ms/96.0%, 5ms/98.4%, 10ms/99.2%, 20ms/99.6%, 50ms/99.8%, 100ms/99.9%
[208.526s][info][gc,marking  ] GC(118) Mark: 2 stripe(s), 4 proactive flush(es), 1 terminate flush(es), 0 completion(s), 0 continuation(s) 
[208.526s][info][gc,marking  ] GC(118) Mark Stack Usage: 32M
[208.526s][info][gc,nmethod  ] GC(118) NMethods: 12018 registered, 772 unregistered
[208.526s][info][gc,metaspace] GC(118) Metaspace: 72M used, 73M committed, 1152M reserved
[208.526s][info][gc,ref      ] GC(118) Soft: 5944 encountered, 0 discovered, 0 enqueued
[208.526s][info][gc,ref      ] GC(118) Weak: 6714 encountered, 773 discovered, 23 enqueued
[208.526s][info][gc,ref      ] GC(118) Final: 53 encountered, 0 discovered, 0 enqueued
[208.526s][info][gc,ref      ] GC(118) Phantom: 588 encountered, 298 discovered, 0 enqueued
[208.526s][info][gc,reloc    ] GC(118) Small Pages: 2174 / 4348M, Empty: 2130M, Relocated: 187M, In-Place: 0
[208.526s][info][gc,reloc    ] GC(118) Medium Pages: 5 / 160M, Empty: 128M, Relocated: 0M, In-Place: 0
[208.526s][info][gc,reloc    ] GC(118) Large Pages: 30 / 212M, Empty: 148M, Relocated: 0M, In-Place: 0
[208.526s][info][gc,reloc    ] GC(118) Forwarding Usage: 142M
[208.526s][info][gc,heap     ] GC(118) Min Capacity: 8192M(100%)
[208.526s][info][gc,heap     ] GC(118) Max Capacity: 8192M(100%)
[208.526s][info][gc,heap     ] GC(118) Soft Max Capacity: 8192M(100%)
[208.526s][info][gc,heap     ] GC(118)                Mark Start          Mark End        Relocate Start      Relocate End           High               Low         
[208.526s][info][gc,heap     ] GC(118)  Capacity:     8192M (100%)       8192M (100%)       8192M (100%)       8192M (100%)       8192M (100%)       8192M (100%)   
[208.526s][info][gc,heap     ] GC(118)      Free:     3472M (42%)        3184M (39%)        5550M (68%)        7134M (87%)        7168M (88%)        3176M (39%)    
[208.526s][info][gc,heap     ] GC(118)      Used:     4720M (58%)        5008M (61%)        2642M (32%)        1058M (13%)        5016M (61%)        1024M (12%)    
[208.526s][info][gc,heap     ] GC(118)      Live:         -               427M (5%)          427M (5%)          427M (5%)             -                  -          
[208.526s][info][gc,heap     ] GC(118) Allocated:         -               288M (4%)          328M (4%)          597M (7%)             -                  -          
[208.526s][info][gc,heap     ] GC(118)   Garbage:         -              4292M (52%)        1886M (23%)          32M (0%)             -                  -          
[208.526s][info][gc,heap     ] GC(118) Reclaimed:         -                  -              2406M (29%)        4259M (52%)            -                  -          
[208.526s][info][gc          ] GC(118) Garbage Collection (Allocation Rate) 4720M(58%)->1058M(13%)
[208.627s][info][gc,start    ] GC(119) Garbage Collection (Allocation Rate)
[208.627s][info][gc,task     ] GC(119) Using 2 workers
[208.627s][info][gc,phases   ] GC(119) Pause Mark Start 0.008ms
[208.881s][info][gc,phases   ] GC(119) Concurrent Mark 253.972ms
[208.881s][info][gc,phases   ] GC(119) Pause Mark End 0.023ms
[208.881s][info][gc,phases   ] GC(119) Concurrent Mark Free 0.001ms
[208.891s][info][gc,phases   ] GC(119) Concurrent Process Non-Strong References 9.736ms
[208.891s][info][gc,phases   ] GC(119) Concurrent Reset Relocation Set 0.089ms
[208.902s][info][gc,phases   ] GC(119) Concurrent Select Relocation Set 10.735ms
[208.902s][info][gc,phases   ] GC(119) Pause Relocate Start 0.017ms
[208.935s][info][gc,phases   ] GC(119) Concurrent Relocate 33.179ms
[208.935s][info][gc,load     ] GC(119) Load: 0.00/0.00/0.00
[208.935s][info][gc,mmu      ] GC(119) MMU: 2ms/96.0%, 5ms/98.4%, 10ms/99.2%, 20ms/99.6%, 50ms/99.8%, 100ms/99.9%
[208.935s][info][gc,marking  ] GC(119) Mark: 2 stripe(s), 2 proactive flush(es), 1 terminate flush(es), 0 completion(s), 0 continuation(s) 
[208.935s][info][gc,marking  ] GC(119) Mark Stack Usage: 32M
[208.935s][info][gc,nmethod  ] GC(119) NMethods: 12043 registered, 772 unregistered
[208.935s][info][gc,metaspace] GC(119) Metaspace: 72M used, 73M committed, 1152M reserved
[208.935s][info][gc,ref      ] GC(119) Soft: 5940 encountered, 0 discovered, 0 enqueued
[208.935s][info][gc,ref      ] GC(119) Weak: 6802 encountered, 1027 discovered, 219 enqueued
[208.935s][info][gc,ref      ] GC(119) Final: 53 encountered, 4 discovered, 0 enqueued
[208.935s][info][gc,ref      ] GC(119) Phantom: 588 encountered, 341 discovered, 0 enqueued
[208.935s][info][gc,reloc    ] GC(119) Small Pages: 483 / 966M, Empty: 544M, Relocated: 27M, In-Place: 0
[208.935s][info][gc,reloc    ] GC(119) Medium Pages: 4 / 128M, Empty: 96M, Relocated: 0M, In-Place: 0
[208.935s][info][gc,reloc    ] GC(119) Large Pages: 18 / 124M, Empty: 100M, Relocated: 0M, In-Place: 0
[208.935s][info][gc,reloc    ] GC(119) Forwarding Usage: 27M
[208.935s][info][gc,heap     ] GC(119) Min Capacity: 8192M(100%)
[208.935s][info][gc,heap     ] GC(119) Max Capacity: 8192M(100%)
[208.935s][info][gc,heap     ] GC(119) Soft Max Capacity: 8192M(100%)
[208.935s][info][gc,heap     ] GC(119)                Mark Start          Mark End        Relocate Start      Relocate End           High               Low         
[208.935s][info][gc,heap     ] GC(119)  Capacity:     8192M (100%)       8192M (100%)       8192M (100%)       8192M (100%)       8192M (100%)       8192M (100%)   
[208.935s][info][gc,heap     ] GC(119)      Free:     6974M (85%)        6574M (80%)        7296M (89%)        7490M (91%)        7490M (91%)        6564M (80%)    
[208.935s][info][gc,heap     ] GC(119)      Used:     1218M (15%)        1618M (20%)         896M (11%)         702M (9%)         1628M (20%)         702M (9%)     
[208.935s][info][gc,heap     ] GC(119)      Live:         -               221M (3%)          221M (3%)          221M (3%)             -                  -          
[208.935s][info][gc,heap     ] GC(119) Allocated:         -               400M (5%)          418M (5%)          451M (6%)             -                  -          
[208.935s][info][gc,heap     ] GC(119)   Garbage:         -               996M (12%)         256M (3%)           28M (0%)             -                  -          
[208.935s][info][gc,heap     ] GC(119) Reclaimed:         -                  -               740M (9%)          967M (12%)            -                  -          
[208.935s][info][gc          ] GC(119) Garbage Collection (Allocation Rate) 1218M(15%)->702M(9%)
[210.126s][info][gc,start    ] GC(120) Garbage Collection (System.gc())
[210.126s][info][gc,task     ] GC(120) Using 2 workers
[210.126s][info][gc,phases   ] GC(120) Pause Mark Start 0.005ms
[210.271s][info][gc,phases   ] GC(120) Concurrent Mark 144.581ms
[210.271s][info][gc,phases   ] GC(120) Pause Mark End 0.027ms
[210.271s][info][gc,phases   ] GC(120) Concurrent Mark Free 0.002ms
[210.282s][info][gc,phases   ] GC(120) Concurrent Process Non-Strong References 11.168ms
[210.282s][info][gc,phases   ] GC(120) Concurrent Reset Relocation Set 0.013ms
[210.286s][info][gc,phases   ] GC(120) Concurrent Select Relocation Set 4.006ms
[210.286s][info][gc,phases   ] GC(120) Pause Relocate Start 0.009ms
[210.287s][info][gc,phases   ] GC(120) Concurrent Relocate 0.858ms
[210.287s][info][gc,load     ] GC(120) Load: 0.00/0.00/0.00
[210.287s][info][gc,mmu      ] GC(120) MMU: 2ms/96.0%, 5ms/98.4%, 10ms/99.2%, 20ms/99.6%, 50ms/99.8%, 100ms/99.9%
[210.287s][info][gc,marking  ] GC(120) Mark: 2 stripe(s), 2 proactive flush(es), 1 terminate flush(es), 0 completion(s), 0 continuation(s) 
[210.287s][info][gc,marking  ] GC(120) Mark Stack Usage: 32M
[210.287s][info][gc,nmethod  ] GC(120) NMethods: 12065 registered, 772 unregistered
[210.287s][info][gc,metaspace] GC(120) Metaspace: 72M used, 73M committed, 1152M reserved
[210.287s][info][gc,ref      ] GC(120) Soft: 5936 encountered, 0 discovered, 0 enqueued
[210.287s][info][gc,ref      ] GC(120) Weak: 6770 encountered, 1105 discovered, 380 enqueued
[210.287s][info][gc,ref      ] GC(120) Final: 53 encountered, 28 discovered, 0 enqueued
[210.287s][info][gc,ref      ] GC(120) Phantom: 588 encountered, 307 discovered, 0 enqueued
[210.287s][info][gc,reloc    ] GC(120) Small Pages: 1224 / 2448M, Empty: 2194M, Relocated: 1M, In-Place: 0
[210.287s][info][gc,reloc    ] GC(120) Medium Pages: 9 / 288M, Empty: 256M, Relocated: 0M, In-Place: 0
[210.287s][info][gc,reloc    ] GC(120) Large Pages: 30 / 180M, Empty: 180M, Relocated: 0M, In-Place: 0
[210.287s][info][gc,reloc    ] GC(120) Forwarding Usage: 0M
[210.287s][info][gc,heap     ] GC(120) Min Capacity: 8192M(100%)
[210.287s][info][gc,heap     ] GC(120) Max Capacity: 8192M(100%)
[210.287s][info][gc,heap     ] GC(120) Soft Max Capacity: 8192M(100%)
[210.287s][info][gc,heap     ] GC(120)                Mark Start          Mark End        Relocate Start      Relocate End           High               Low         
[210.287s][info][gc,heap     ] GC(120)  Capacity:     8192M (100%)       8192M (100%)       8192M (100%)       8192M (100%)       8192M (100%)       8192M (100%)   
[210.287s][info][gc,heap     ] GC(120)      Free:     5276M (64%)        5274M (64%)        7894M (96%)        7974M (97%)        7974M (97%)        5274M (64%)    
[210.287s][info][gc,heap     ] GC(120)      Used:     2916M (36%)        2918M (36%)         298M (4%)          218M (3%)         2918M (36%)         218M (3%)     
[210.288s][info][gc,heap     ] GC(120)      Live:         -               173M (2%)          173M (2%)          173M (2%)             -                  -          
[210.288s][info][gc,heap     ] GC(120) Allocated:         -                 2M (0%)           12M (0%)           12M (0%)             -                  -          
[210.288s][info][gc,heap     ] GC(120)   Garbage:         -              2742M (33%)         112M (1%)           32M (0%)             -                  -          
[210.288s][info][gc,heap     ] GC(120) Reclaimed:         -                  -              2630M (32%)        2710M (33%)            -                  -          
[210.288s][info][gc          ] GC(120) Garbage Collection (System.gc()) 2916M(36%)->218M(3%)
[210.314s][info][gc,stats    ] === Garbage Collection Statistics =======================================================================================================================
[210.314s][info][gc,stats    ]                                                              Last 10s              Last 10m              Last 10h                Total
[210.314s][info][gc,stats    ]                                                              Avg / Max             Avg / Max             Avg / Max             Avg / Max
[210.314s][info][gc,stats    ]   Collector: Garbage Collection Cycle                    400.542 / 902.966     422.763 / 983.217     422.763 / 983.217     422.763 / 983.217     ms
[210.314s][info][gc,stats    ]  Contention: Mark Segment Reset Contention                     1 / 4                 3 / 24                3 / 24                3 / 24          ops/s
[210.314s][info][gc,stats    ]  Contention: Mark SeqNum Reset Contention                      0 / 0                 0 / 1                 0 / 1                 0 / 1           ops/s
[210.314s][info][gc,stats    ]    Critical: Allocation Stall                                  0 / 0                 0 / 0                 0 / 0                 0 / 0           ops/s
[210.314s][info][gc,stats    ]    Critical: Allocation Stall                              0.000 / 0.000         0.000 / 0.000         0.000 / 0.000         0.000 / 0.000       ms
[210.314s][info][gc,stats    ]    Critical: GC Locker Stall                                   0 / 0                 0 / 0                 0 / 0                 0 / 0           ops/s
[210.314s][info][gc,stats    ]    Critical: GC Locker Stall                               0.000 / 0.000         0.000 / 0.000         0.000 / 0.000         0.000 / 0.000       ms
[210.314s][info][gc,stats    ]    Critical: Relocation Stall                                  0 / 0                 0 / 0                 0 / 0                 0 / 0           ops/s
[210.314s][info][gc,stats    ]    Critical: Relocation Stall                              0.000 / 0.000         0.000 / 0.000         0.000 / 0.000         0.000 / 0.000       ms
[210.314s][info][gc,stats    ]      Memory: Allocation Rate                                1653 / 2388           1555 / 3876           1555 / 3876           1555 / 3876        MB/s
[210.314s][info][gc,stats    ]      Memory: Out Of Memory                                     0 / 0                 0 / 0                 0 / 0                 0 / 0           ops/s
[210.314s][info][gc,stats    ]      Memory: Page Cache Flush                                  0 / 0                 0 / 0                 0 / 0                 0 / 0           MB/s
[210.314s][info][gc,stats    ]      Memory: Page Cache Hit L1                               767 / 1145            711 / 1729            711 / 1729            711 / 1729        ops/s
[210.314s][info][gc,stats    ]      Memory: Page Cache Hit L2                                 0 / 0                 0 / 0                 0 / 0                 0 / 0           ops/s
[210.314s][info][gc,stats    ]      Memory: Page Cache Hit L3                                 0 / 0                11 / 527              11 / 527              11 / 527         ops/s
[210.314s][info][gc,stats    ]      Memory: Page Cache Miss                                   0 / 0                 0 / 1                 0 / 1                 0 / 1           ops/s
[210.314s][info][gc,stats    ]      Memory: Uncommit                                          0 / 0                 0 / 0                 0 / 0                 0 / 0           MB/s
[210.314s][info][gc,stats    ]      Memory: Undo Object Allocation Failed                     0 / 0                 0 / 1                 0 / 1                 0 / 1           ops/s
[210.314s][info][gc,stats    ]      Memory: Undo Object Allocation Succeeded                  7 / 67                4 / 101               4 / 101               4 / 101         ops/s
[210.314s][info][gc,stats    ]      Memory: Undo Page Allocation                              0 / 0                 0 / 1                 0 / 1                 0 / 1           ops/s
[210.314s][info][gc,stats    ]       Phase: Concurrent Mark                             307.734 / 638.183     322.326 / 972.666     322.326 / 972.666     322.326 / 972.666     ms
[210.314s][info][gc,stats    ]       Phase: Concurrent Mark Continue                      0.000 / 0.000         0.000 / 0.000         0.000 / 0.000         0.000 / 0.000       ms
[210.314s][info][gc,stats    ]       Phase: Concurrent Mark Free                          0.001 / 0.002         0.005 / 0.317         0.005 / 0.317         0.005 / 0.317       ms
[210.314s][info][gc,stats    ]       Phase: Concurrent Process Non-Strong References     10.694 / 11.650        9.668 / 15.785        9.668 / 15.785        9.668 / 15.785      ms
[210.314s][info][gc,stats    ]       Phase: Concurrent Relocate                          68.554 / 218.939      74.966 / 226.884      74.966 / 226.884      74.966 / 226.884     ms
[210.314s][info][gc,stats    ]       Phase: Concurrent Reset Relocation Set               0.035 / 0.089         0.038 / 0.132         0.038 / 0.132         0.038 / 0.132       ms
[210.314s][info][gc,stats    ]       Phase: Concurrent Select Relocation Set             12.375 / 31.944       14.591 / 41.971       14.591 / 41.971       14.591 / 41.971      ms
[210.314s][info][gc,stats    ]       Phase: Pause Mark End                                0.033 / 0.081         0.024 / 0.081         0.024 / 0.081         0.024 / 0.081       ms
[210.314s][info][gc,stats    ]       Phase: Pause Mark Start                              0.006 / 0.009         0.007 / 0.011         0.007 / 0.011         0.007 / 0.011       ms
[210.314s][info][gc,stats    ]       Phase: Pause Relocate Start                          0.011 / 0.019         0.012 / 0.032         0.012 / 0.032         0.012 / 0.032       ms
[210.314s][info][gc,stats    ]    Subphase: Concurrent Classes Purge                      0.432 / 0.471         0.388 / 0.652         0.388 / 0.652         0.388 / 0.652       ms
[210.314s][info][gc,stats    ]    Subphase: Concurrent Classes Unlink                     9.143 / 10.388        8.130 / 12.957        8.130 / 12.957        8.130 / 12.957      ms
[210.315s][info][gc,stats    ]    Subphase: Concurrent Mark                             298.348 / 634.590     313.795 / 969.741     313.795 / 969.741     313.795 / 969.741     ms
[210.315s][info][gc,stats    ]    Subphase: Concurrent Mark Try Flush                     0.207 / 0.610         0.174 / 1.725         0.174 / 1.725         0.174 / 1.725       ms
[210.315s][info][gc,stats    ]    Subphase: Concurrent Mark Try Terminate                 5.300 / 15.496        4.674 / 16.632        4.674 / 16.632        4.674 / 16.632      ms
[210.315s][info][gc,stats    ]    Subphase: Concurrent References Enqueue                 0.006 / 0.008         0.005 / 0.008         0.005 / 0.008         0.005 / 0.008       ms
[210.315s][info][gc,stats    ]    Subphase: Concurrent References Process                 0.186 / 0.278         0.187 / 0.610         0.187 / 0.610         0.187 / 0.610       ms
[210.315s][info][gc,stats    ]    Subphase: Concurrent Roots ClassLoaderDataGraph         0.119 / 0.243         0.121 / 0.376         0.121 / 0.376         0.121 / 0.376       ms
[210.315s][info][gc,stats    ]    Subphase: Concurrent Roots CodeCache                    0.000 / 0.000         0.000 / 0.000         0.000 / 0.000         0.000 / 0.000       ms
[210.315s][info][gc,stats    ]    Subphase: Concurrent Roots JavaThreads                  3.445 / 3.924         4.456 / 8.610         4.456 / 8.610         4.456 / 8.610       ms
[210.315s][info][gc,stats    ]    Subphase: Concurrent Roots OopStorageSet                0.051 / 0.070         0.046 / 0.142         0.046 / 0.142         0.046 / 0.142       ms
[210.315s][info][gc,stats    ]    Subphase: Concurrent Weak Roots OopStorageSet           0.660 / 0.880         0.585 / 1.025         0.585 / 1.025         0.585 / 1.025       ms
[210.315s][info][gc,stats    ]    Subphase: Pause Mark Try Complete                       0.006 / 0.007         0.008 / 0.017         0.008 / 0.017         0.008 / 0.017       ms
[210.315s][info][gc,stats    ]      System: Java Threads                                    264 / 265             242 / 267             242 / 267             242 / 267         threads
[210.315s][info][gc,stats    ] =========================================================================================================================================================
[212.520s][info][gc,start    ] GC(121) Garbage Collection (Allocation Rate)
[212.520s][info][gc,task     ] GC(121) Using 2 workers
[212.520s][info][gc,phases   ] GC(121) Pause Mark Start 0.006ms
[213.206s][info][gc,phases   ] GC(121) Concurrent Mark 685.483ms
[213.206s][info][gc,phases   ] GC(121) Pause Mark End 0.022ms
[213.206s][info][gc,phases   ] GC(121) Concurrent Mark Free 0.001ms
[213.217s][info][gc,phases   ] GC(121) Concurrent Process Non-Strong References 10.686ms
[213.217s][info][gc,phases   ] GC(121) Concurrent Reset Relocation Set 0.004ms
[213.249s][info][gc,phases   ] GC(121) Concurrent Select Relocation Set 31.690ms
[213.249s][info][gc,phases   ] GC(121) Pause Relocate Start 0.018ms
[213.475s][info][gc,phases   ] GC(121) Concurrent Relocate 226.242ms
[213.475s][info][gc,load     ] GC(121) Load: 0.00/0.00/0.00
[213.475s][info][gc,mmu      ] GC(121) MMU: 2ms/96.0%, 5ms/98.4%, 10ms/99.2%, 20ms/99.6%, 50ms/99.8%, 100ms/99.9%
[213.475s][info][gc,marking  ] GC(121) Mark: 2 stripe(s), 4 proactive flush(es), 1 terminate flush(es), 0 completion(s), 0 continuation(s) 
[213.475s][info][gc,marking  ] GC(121) Mark Stack Usage: 32M
[213.475s][info][gc,nmethod  ] GC(121) NMethods: 12077 registered, 772 unregistered
[213.475s][info][gc,metaspace] GC(121) Metaspace: 72M used, 73M committed, 1152M reserved
[213.475s][info][gc,ref      ] GC(121) Soft: 5944 encountered, 0 discovered, 0 enqueued
[213.475s][info][gc,ref      ] GC(121) Weak: 6714 encountered, 690 discovered, 22 enqueued
[213.475s][info][gc,ref      ] GC(121) Final: 53 encountered, 0 discovered, 0 enqueued
[213.475s][info][gc,ref      ] GC(121) Phantom: 588 encountered, 321 discovered, 0 enqueued
[213.475s][info][gc,reloc    ] GC(121) Small Pages: 2203 / 4406M, Empty: 2134M, Relocated: 188M, In-Place: 0
[213.475s][info][gc,reloc    ] GC(121) Medium Pages: 5 / 160M, Empty: 128M, Relocated: 0M, In-Place: 0
[213.475s][info][gc,reloc    ] GC(121) Large Pages: 30 / 212M, Empty: 148M, Relocated: 0M, In-Place: 0
[213.475s][info][gc,reloc    ] GC(121) Forwarding Usage: 145M
[213.475s][info][gc,heap     ] GC(121) Min Capacity: 8192M(100%)
[213.475s][info][gc,heap     ] GC(121) Max Capacity: 8192M(100%)
[213.475s][info][gc,heap     ] GC(121) Soft Max Capacity: 8192M(100%)
[213.475s][info][gc,heap     ] GC(121)                Mark Start          Mark End        Relocate Start      Relocate End           High               Low         
[213.475s][info][gc,heap     ] GC(121)  Capacity:     8192M (100%)       8192M (100%)       8192M (100%)       8192M (100%)       8192M (100%)       8192M (100%)   
[213.475s][info][gc,heap     ] GC(121)      Free:     3414M (42%)        3088M (38%)        5468M (67%)        7040M (86%)        7046M (86%)        3078M (38%)    
[213.475s][info][gc,heap     ] GC(121)      Used:     4778M (58%)        5104M (62%)        2724M (33%)        1152M (14%)        5114M (62%)        1146M (14%)    
[213.475s][info][gc,heap     ] GC(121)      Live:         -               429M (5%)          429M (5%)          429M (5%)             -                  -          
[213.475s][info][gc,heap     ] GC(121) Allocated:         -               326M (4%)          356M (4%)          687M (8%)             -                  -          
[213.475s][info][gc,heap     ] GC(121)   Garbage:         -              4348M (53%)        1938M (24%)          34M (0%)             -                  -          
[213.475s][info][gc,heap     ] GC(121) Reclaimed:         -                  -              2410M (29%)        4313M (53%)            -                  -          
[213.475s][info][gc          ] GC(121) Garbage Collection (Allocation Rate) 4778M(58%)->1152M(14%)
[213.523s][info][gc,start    ] GC(122) Garbage Collection (Allocation Rate)
[213.523s][info][gc,task     ] GC(122) Using 2 workers
[213.523s][info][gc,phases   ] GC(122) Pause Mark Start 0.005ms
[213.776s][info][gc,phases   ] GC(122) Concurrent Mark 252.396ms
[213.776s][info][gc,phases   ] GC(122) Pause Mark End 0.024ms
[213.776s][info][gc,phases   ] GC(122) Concurrent Mark Free 0.001ms
[213.786s][info][gc,phases   ] GC(122) Concurrent Process Non-Strong References 9.748ms
[213.786s][info][gc,phases   ] GC(122) Concurrent Reset Relocation Set 0.092ms
[213.797s][info][gc,phases   ] GC(122) Concurrent Select Relocation Set 11.386ms
[213.797s][info][gc,phases   ] GC(122) Pause Relocate Start 0.013ms
[213.831s][info][gc,phases   ] GC(122) Concurrent Relocate 33.265ms
[213.831s][info][gc,load     ] GC(122) Load: 0.00/0.00/0.00
[213.831s][info][gc,mmu      ] GC(122) MMU: 2ms/96.0%, 5ms/98.4%, 10ms/99.2%, 20ms/99.6%, 50ms/99.8%, 100ms/99.9%
[213.831s][info][gc,marking  ] GC(122) Mark: 2 stripe(s), 2 proactive flush(es), 1 terminate flush(es), 0 completion(s), 0 continuation(s) 
[213.831s][info][gc,marking  ] GC(122) Mark Stack Usage: 32M
[213.831s][info][gc,nmethod  ] GC(122) NMethods: 12078 registered, 772 unregistered
[213.831s][info][gc,metaspace] GC(122) Metaspace: 72M used, 73M committed, 1152M reserved
[213.831s][info][gc,ref      ] GC(122) Soft: 5944 encountered, 0 discovered, 0 enqueued
[213.831s][info][gc,ref      ] GC(122) Weak: 6810 encountered, 848 discovered, 220 enqueued
[213.831s][info][gc,ref      ] GC(122) Final: 53 encountered, 0 discovered, 0 enqueued
[213.831s][info][gc,ref      ] GC(122) Phantom: 588 encountered, 360 discovered, 0 enqueued
[213.831s][info][gc,reloc    ] GC(122) Small Pages: 500 / 1000M, Empty: 558M, Relocated: 26M, In-Place: 0
[213.831s][info][gc,reloc    ] GC(122) Medium Pages: 4 / 128M, Empty: 96M, Relocated: 0M, In-Place: 0
[213.831s][info][gc,reloc    ] GC(122) Large Pages: 18 / 124M, Empty: 100M, Relocated: 0M, In-Place: 0
[213.831s][info][gc,reloc    ] GC(122) Forwarding Usage: 26M
[213.831s][info][gc,heap     ] GC(122) Min Capacity: 8192M(100%)
[213.831s][info][gc,heap     ] GC(122) Max Capacity: 8192M(100%)
[213.831s][info][gc,heap     ] GC(122) Soft Max Capacity: 8192M(100%)
[213.831s][info][gc,heap     ] GC(122)                Mark Start          Mark End        Relocate Start      Relocate End           High               Low         
[213.831s][info][gc,heap     ] GC(122)  Capacity:     8192M (100%)       8192M (100%)       8192M (100%)       8192M (100%)       8192M (100%)       8192M (100%)   
[213.831s][info][gc,heap     ] GC(122)      Free:     6940M (85%)        6578M (80%)        7312M (89%)        7522M (92%)        7524M (92%)        6568M (80%)    
[213.831s][info][gc,heap     ] GC(122)      Used:     1252M (15%)        1614M (20%)         880M (11%)         670M (8%)         1624M (20%)         668M (8%)     
[213.831s][info][gc,heap     ] GC(122)      Live:         -               221M (3%)          221M (3%)          221M (3%)             -                  -          
[213.831s][info][gc,heap     ] GC(122) Allocated:         -               362M (4%)          382M (5%)          415M (5%)             -                  -          
[213.831s][info][gc,heap     ] GC(122)   Garbage:         -              1030M (13%)         276M (3%)           32M (0%)             -                  -          
[213.831s][info][gc,heap     ] GC(122) Reclaimed:         -                  -               754M (9%)          997M (12%)            -                  -          
[213.831s][info][gc          ] GC(122) Garbage Collection (Allocation Rate) 1252M(15%)->670M(8%)
[214.902s][info][gc,start    ] GC(123) Garbage Collection (System.gc())
[214.902s][info][gc,task     ] GC(123) Using 2 workers
[214.902s][info][gc,phases   ] GC(123) Pause Mark Start 0.010ms
[215.036s][info][gc,phases   ] GC(123) Concurrent Mark 133.794ms
[215.036s][info][gc,phases   ] GC(123) Pause Mark End 0.022ms
[215.036s][info][gc,phases   ] GC(123) Concurrent Mark Free 0.002ms
[215.048s][info][gc,phases   ] GC(123) Concurrent Process Non-Strong References 11.175ms
[215.048s][info][gc,phases   ] GC(123) Concurrent Reset Relocation Set 0.012ms
[215.051s][info][gc,phases   ] GC(123) Concurrent Select Relocation Set 3.686ms
[215.052s][info][gc,phases   ] GC(123) Pause Relocate Start 0.009ms
[215.053s][info][gc,phases   ] GC(123) Concurrent Relocate 1.058ms
[215.053s][info][gc,load     ] GC(123) Load: 0.00/0.00/0.00
[215.053s][info][gc,mmu      ] GC(123) MMU: 2ms/96.0%, 5ms/98.4%, 10ms/99.2%, 20ms/99.6%, 50ms/99.8%, 100ms/99.9%
[215.053s][info][gc,marking  ] GC(123) Mark: 2 stripe(s), 2 proactive flush(es), 1 terminate flush(es), 0 completion(s), 0 continuation(s) 
[215.053s][info][gc,marking  ] GC(123) Mark Stack Usage: 32M
[215.053s][info][gc,nmethod  ] GC(123) NMethods: 12080 registered, 773 unregistered
[215.053s][info][gc,metaspace] GC(123) Metaspace: 72M used, 73M committed, 1152M reserved
[215.053s][info][gc,ref      ] GC(123) Soft: 5936 encountered, 0 discovered, 0 enqueued
[215.053s][info][gc,ref      ] GC(123) Weak: 6775 encountered, 2085 discovered, 380 enqueued
[215.053s][info][gc,ref      ] GC(123) Final: 53 encountered, 0 discovered, 0 enqueued
[215.053s][info][gc,ref      ] GC(123) Phantom: 588 encountered, 299 discovered, 0 enqueued
[215.053s][info][gc,reloc    ] GC(123) Small Pages: 1186 / 2372M, Empty: 2116M, Relocated: 1M, In-Place: 0
[215.053s][info][gc,reloc    ] GC(123) Medium Pages: 9 / 288M, Empty: 256M, Relocated: 0M, In-Place: 0
[215.053s][info][gc,reloc    ] GC(123) Large Pages: 34 / 204M, Empty: 204M, Relocated: 0M, In-Place: 0
[215.053s][info][gc,reloc    ] GC(123) Forwarding Usage: 0M
[215.053s][info][gc,heap     ] GC(123) Min Capacity: 8192M(100%)
[215.053s][info][gc,heap     ] GC(123) Max Capacity: 8192M(100%)
[215.053s][info][gc,heap     ] GC(123) Soft Max Capacity: 8192M(100%)
[215.053s][info][gc,heap     ] GC(123)                Mark Start          Mark End        Relocate Start      Relocate End           High               Low         
[215.053s][info][gc,heap     ] GC(123)  Capacity:     8192M (100%)       8192M (100%)       8192M (100%)       8192M (100%)       8192M (100%)       8192M (100%)   
[215.053s][info][gc,heap     ] GC(123)      Free:     5328M (65%)        5326M (65%)        7894M (96%)        7976M (97%)        7976M (97%)        5326M (65%)    
[215.053s][info][gc,heap     ] GC(123)      Used:     2864M (35%)        2866M (35%)         298M (4%)          216M (3%)         2866M (35%)         216M (3%)     
[215.053s][info][gc,heap     ] GC(123)      Live:         -               173M (2%)          173M (2%)          173M (2%)             -                  -          
[215.053s][info][gc,heap     ] GC(123) Allocated:         -                 2M (0%)           10M (0%)           10M (0%)             -                  -          
[215.053s][info][gc,heap     ] GC(123)   Garbage:         -              2690M (33%)         114M (1%)           32M (0%)             -                  -          
[215.053s][info][gc,heap     ] GC(123) Reclaimed:         -                  -              2576M (31%)        2658M (32%)            -                  -          
[215.053s][info][gc          ] GC(123) Garbage Collection (System.gc()) 2864M(35%)->216M(3%)
[217.323s][info][gc,start    ] GC(124) Garbage Collection (Allocation Rate)
[217.323s][info][gc,task     ] GC(124) Using 2 workers
[217.323s][info][gc,phases   ] GC(124) Pause Mark Start 0.005ms
[217.825s][info][gc,phases   ] GC(124) Concurrent Mark 500.904ms
[217.825s][info][gc,phases   ] GC(124) Pause Mark End 0.034ms
[217.825s][info][gc,phases   ] GC(124) Concurrent Mark Free 0.001ms
[217.836s][info][gc,phases   ] GC(124) Concurrent Process Non-Strong References 10.083ms
[217.836s][info][gc,phases   ] GC(124) Concurrent Reset Relocation Set 0.003ms
[217.859s][info][gc,phases   ] GC(124) Concurrent Select Relocation Set 23.015ms
[217.859s][info][gc,phases   ] GC(124) Pause Relocate Start 0.009ms
[218.007s][info][gc,phases   ] GC(124) Concurrent Relocate 148.454ms
[218.007s][info][gc,load     ] GC(124) Load: 0.00/0.00/0.00
[218.007s][info][gc,mmu      ] GC(124) MMU: 2ms/96.0%, 5ms/98.4%, 10ms/99.2%, 20ms/99.6%, 50ms/99.8%, 100ms/99.9%
[218.007s][info][gc,marking  ] GC(124) Mark: 2 stripe(s), 3 proactive flush(es), 1 terminate flush(es), 0 completion(s), 0 continuation(s) 
[218.007s][info][gc,marking  ] GC(124) Mark Stack Usage: 32M
[218.007s][info][gc,nmethod  ] GC(124) NMethods: 12099 registered, 773 unregistered
[218.007s][info][gc,metaspace] GC(124) Metaspace: 72M used, 73M committed, 1152M reserved
[218.007s][info][gc,ref      ] GC(124) Soft: 5944 encountered, 0 discovered, 0 enqueued
[218.007s][info][gc,ref      ] GC(124) Weak: 6712 encountered, 687 discovered, 93 enqueued
[218.007s][info][gc,ref      ] GC(124) Final: 53 encountered, 2 discovered, 0 enqueued
[218.007s][info][gc,ref      ] GC(124) Phantom: 588 encountered, 321 discovered, 0 enqueued
[218.007s][info][gc,reloc    ] GC(124) Small Pages: 2216 / 4432M, Empty: 2610M, Relocated: 95M, In-Place: 0
[218.007s][info][gc,reloc    ] GC(124) Medium Pages: 5 / 160M, Empty: 96M, Relocated: 11M, In-Place: 0
[218.007s][info][gc,reloc    ] GC(124) Large Pages: 30 / 212M, Empty: 172M, Relocated: 0M, In-Place: 0
[218.007s][info][gc,reloc    ] GC(124) Forwarding Usage: 95M
[218.007s][info][gc,heap     ] GC(124) Min Capacity: 8192M(100%)
[218.007s][info][gc,heap     ] GC(124) Max Capacity: 8192M(100%)
[218.007s][info][gc,heap     ] GC(124) Soft Max Capacity: 8192M(100%)
[218.007s][info][gc,heap     ] GC(124)                Mark Start          Mark End        Relocate Start      Relocate End           High               Low         
[218.007s][info][gc,heap     ] GC(124)  Capacity:     8192M (100%)       8192M (100%)       8192M (100%)       8192M (100%)       8192M (100%)       8192M (100%)   
[218.008s][info][gc,heap     ] GC(124)      Free:     3388M (41%)        3302M (40%)        6164M (75%)        7532M (92%)        7532M (92%)        3298M (40%)    
[218.008s][info][gc,heap     ] GC(124)      Used:     4804M (59%)        4890M (60%)        2028M (25%)         660M (8%)         4894M (60%)         660M (8%)     
[218.008s][info][gc,heap     ] GC(124)      Live:         -               310M (4%)          310M (4%)          310M (4%)             -                  -          
[218.008s][info][gc,heap     ] GC(124) Allocated:         -                86M (1%)          102M (1%)          319M (4%)             -                  -          
[218.008s][info][gc,heap     ] GC(124)   Garbage:         -              4493M (55%)        1615M (20%)          29M (0%)             -                  -          
[218.008s][info][gc,heap     ] GC(124) Reclaimed:         -                  -              2878M (35%)        4463M (54%)            -                  -          
[218.008s][info][gc          ] GC(124) Garbage Collection (Allocation Rate) 4804M(59%)->660M(8%)
[219.028s][info][gc,start    ] GC(125) Garbage Collection (Allocation Rate)
[219.029s][info][gc,task     ] GC(125) Using 2 workers
[219.029s][info][gc,phases   ] GC(125) Pause Mark Start 0.011ms
[219.363s][info][gc,phases   ] GC(125) Concurrent Mark 334.416ms
[219.363s][info][gc,phases   ] GC(125) Pause Mark End 0.022ms
[219.363s][info][gc,phases   ] GC(125) Concurrent Mark Free 0.001ms
[219.374s][info][gc,phases   ] GC(125) Concurrent Process Non-Strong References 10.422ms
[219.374s][info][gc,phases   ] GC(125) Concurrent Reset Relocation Set 0.118ms
[219.384s][info][gc,phases   ] GC(125) Concurrent Select Relocation Set 9.693ms
[219.384s][info][gc,phases   ] GC(125) Pause Relocate Start 0.014ms
[219.460s][info][gc,phases   ] GC(125) Concurrent Relocate 75.934ms
[219.460s][info][gc,load     ] GC(125) Load: 0.00/0.00/0.00
[219.460s][info][gc,mmu      ] GC(125) MMU: 2ms/96.0%, 5ms/98.4%, 10ms/99.2%, 20ms/99.6%, 50ms/99.8%, 100ms/99.9%
[219.460s][info][gc,marking  ] GC(125) Mark: 2 stripe(s), 2 proactive flush(es), 1 terminate flush(es), 0 completion(s), 0 continuation(s) 
[219.460s][info][gc,marking  ] GC(125) Mark Stack Usage: 32M
[219.460s][info][gc,nmethod  ] GC(125) NMethods: 12117 registered, 773 unregistered
[219.460s][info][gc,metaspace] GC(125) Metaspace: 72M used, 73M committed, 1152M reserved
[219.460s][info][gc,ref      ] GC(125) Soft: 5940 encountered, 0 discovered, 0 enqueued
[219.460s][info][gc,ref      ] GC(125) Weak: 6971 encountered, 1099 discovered, 362 enqueued
[219.460s][info][gc,ref      ] GC(125) Final: 53 encountered, 4 discovered, 0 enqueued
[219.460s][info][gc,ref      ] GC(125) Phantom: 588 encountered, 321 discovered, 0 enqueued
[219.460s][info][gc,reloc    ] GC(125) Small Pages: 1003 / 2006M, Empty: 1044M, Relocated: 43M, In-Place: 0
[219.460s][info][gc,reloc    ] GC(125) Medium Pages: 7 / 224M, Empty: 96M, Relocated: 16M, In-Place: 0
[219.460s][info][gc,reloc    ] GC(125) Large Pages: 23 / 154M, Empty: 154M, Relocated: 0M, In-Place: 0
[219.460s][info][gc,reloc    ] GC(125) Forwarding Usage: 37M
[219.460s][info][gc,heap     ] GC(125) Min Capacity: 8192M(100%)
[219.460s][info][gc,heap     ] GC(125) Max Capacity: 8192M(100%)
[219.460s][info][gc,heap     ] GC(125) Soft Max Capacity: 8192M(100%)
[219.460s][info][gc,heap     ] GC(125)                Mark Start          Mark End        Relocate Start      Relocate End           High               Low         
[219.460s][info][gc,heap     ] GC(125)  Capacity:     8192M (100%)       8192M (100%)       8192M (100%)       8192M (100%)       8192M (100%)       8192M (100%)   
[219.460s][info][gc,heap     ] GC(125)      Free:     5808M (71%)        5272M (64%)        6538M (80%)        7264M (89%)        7264M (89%)        5262M (64%)    
[219.460s][info][gc,heap     ] GC(125)      Used:     2384M (29%)        2920M (36%)        1654M (20%)         928M (11%)        2930M (36%)         928M (11%)    
[219.460s][info][gc,heap     ] GC(125)      Live:         -               242M (3%)          242M (3%)          242M (3%)             -                  -          
[219.460s][info][gc,heap     ] GC(125) Allocated:         -               536M (7%)          564M (7%)          649M (8%)             -                  -          
[219.460s][info][gc,heap     ] GC(125)   Garbage:         -              2141M (26%)         847M (10%)          35M (0%)             -                  -          
[219.460s][info][gc,heap     ] GC(125) Reclaimed:         -                  -              1294M (16%)        2105M (26%)            -                  -          
[219.461s][info][gc          ] GC(125) Garbage Collection (Allocation Rate) 2384M(29%)->928M(11%)
[219.688s][info][gc,start    ] GC(126) Garbage Collection (System.gc())
[219.688s][info][gc,task     ] GC(126) Using 2 workers
[219.688s][info][gc,phases   ] GC(126) Pause Mark Start 0.007ms
[219.823s][info][gc,phases   ] GC(126) Concurrent Mark 134.489ms
[219.823s][info][gc,phases   ] GC(126) Pause Mark End 0.019ms
[219.823s][info][gc,phases   ] GC(126) Concurrent Mark Free 0.002ms
[219.834s][info][gc,phases   ] GC(126) Concurrent Process Non-Strong References 10.952ms
[219.834s][info][gc,phases   ] GC(126) Concurrent Reset Relocation Set 0.045ms
[219.839s][info][gc,phases   ] GC(126) Concurrent Select Relocation Set 4.489ms
[219.839s][info][gc,phases   ] GC(126) Pause Relocate Start 0.010ms
[219.840s][info][gc,phases   ] GC(126) Concurrent Relocate 1.385ms
[219.840s][info][gc,load     ] GC(126) Load: 0.00/0.00/0.00
[219.840s][info][gc,mmu      ] GC(126) MMU: 2ms/96.0%, 5ms/98.4%, 10ms/99.2%, 20ms/99.6%, 50ms/99.8%, 100ms/99.9%
[219.840s][info][gc,marking  ] GC(126) Mark: 2 stripe(s), 2 proactive flush(es), 1 terminate flush(es), 0 completion(s), 0 continuation(s) 
[219.840s][info][gc,marking  ] GC(126) Mark Stack Usage: 32M
[219.840s][info][gc,nmethod  ] GC(126) NMethods: 12118 registered, 773 unregistered
[219.840s][info][gc,metaspace] GC(126) Metaspace: 72M used, 73M committed, 1152M reserved
[219.840s][info][gc,ref      ] GC(126) Soft: 5936 encountered, 0 discovered, 0 enqueued
[219.840s][info][gc,ref      ] GC(126) Weak: 6628 encountered, 1031 discovered, 238 enqueued
[219.840s][info][gc,ref      ] GC(126) Final: 53 encountered, 28 discovered, 0 enqueued
[219.840s][info][gc,ref      ] GC(126) Phantom: 588 encountered, 315 discovered, 0 enqueued
[219.840s][info][gc,reloc    ] GC(126) Small Pages: 630 / 1260M, Empty: 1034M, Relocated: 1M, In-Place: 0
[219.840s][info][gc,reloc    ] GC(126) Medium Pages: 7 / 224M, Empty: 192M, Relocated: 0M, In-Place: 0
[219.840s][info][gc,reloc    ] GC(126) Large Pages: 20 / 120M, Empty: 120M, Relocated: 0M, In-Place: 0
[219.840s][info][gc,reloc    ] GC(126) Forwarding Usage: 0M
[219.840s][info][gc,heap     ] GC(126) Min Capacity: 8192M(100%)
[219.840s][info][gc,heap     ] GC(126) Max Capacity: 8192M(100%)
[219.840s][info][gc,heap     ] GC(126) Soft Max Capacity: 8192M(100%)
[219.840s][info][gc,heap     ] GC(126)                Mark Start          Mark End        Relocate Start      Relocate End           High               Low         
[219.840s][info][gc,heap     ] GC(126)  Capacity:     8192M (100%)       8192M (100%)       8192M (100%)       8192M (100%)       8192M (100%)       8192M (100%)   
[219.840s][info][gc,heap     ] GC(126)      Free:     6588M (80%)        6586M (80%)        7924M (97%)        7974M (97%)        7974M (97%)        6586M (80%)    
[219.840s][info][gc,heap     ] GC(126)      Used:     1604M (20%)        1606M (20%)         268M (3%)          218M (3%)         1606M (20%)         218M (3%)     
[219.840s][info][gc,heap     ] GC(126)      Live:         -               173M (2%)          173M (2%)          173M (2%)             -                  -          
[219.840s][info][gc,heap     ] GC(126) Allocated:         -                 2M (0%)           10M (0%)           11M (0%)             -                  -          
[219.840s][info][gc,heap     ] GC(126)   Garbage:         -              1430M (17%)          84M (1%)           32M (0%)             -                  -          
[219.840s][info][gc,heap     ] GC(126) Reclaimed:         -                  -              1346M (16%)        1397M (17%)            -                  -          
[219.840s][info][gc          ] GC(126) Garbage Collection (System.gc()) 1604M(20%)->218M(3%)
[220.314s][info][gc,stats    ] === Garbage Collection Statistics =======================================================================================================================
[220.314s][info][gc,stats    ]                                                              Last 10s              Last 10m              Last 10h                Total
[220.314s][info][gc,stats    ]                                                              Avg / Max             Avg / Max             Avg / Max             Avg / Max
[220.314s][info][gc,stats    ]   Collector: Garbage Collection Cycle                    446.896 / 954.998     423.903 / 983.217     423.903 / 983.217     423.903 / 983.217     ms
[220.314s][info][gc,stats    ]  Contention: Mark Segment Reset Contention                     2 / 18                3 / 24                3 / 24                3 / 24          ops/s
[220.314s][info][gc,stats    ]  Contention: Mark SeqNum Reset Contention                      0 / 0                 0 / 1                 0 / 1                 0 / 1           ops/s
[220.314s][info][gc,stats    ]    Critical: Allocation Stall                                  0 / 0                 0 / 0                 0 / 0                 0 / 0           ops/s
[220.314s][info][gc,stats    ]    Critical: Allocation Stall                              0.000 / 0.000         0.000 / 0.000         0.000 / 0.000         0.000 / 0.000       ms
[220.314s][info][gc,stats    ]    Critical: GC Locker Stall                                   0 / 0                 0 / 0                 0 / 0                 0 / 0           ops/s
[220.314s][info][gc,stats    ]    Critical: GC Locker Stall                               0.000 / 0.000         0.000 / 0.000         0.000 / 0.000         0.000 / 0.000       ms
[220.314s][info][gc,stats    ]    Critical: Relocation Stall                                  0 / 0                 0 / 0                 0 / 0                 0 / 0           ops/s
[220.314s][info][gc,stats    ]    Critical: Relocation Stall                              0.000 / 0.000         0.000 / 0.000         0.000 / 0.000         0.000 / 0.000       ms
[220.314s][info][gc,stats    ]      Memory: Allocation Rate                                1718 / 2312           1562 / 3876           1562 / 3876           1562 / 3876        MB/s
[220.315s][info][gc,stats    ]      Memory: Out Of Memory                                     0 / 0                 0 / 0                 0 / 0                 0 / 0           ops/s
[220.315s][info][gc,stats    ]      Memory: Page Cache Flush                                  0 / 0                 0 / 0                 0 / 0                 0 / 0           MB/s
[220.315s][info][gc,stats    ]      Memory: Page Cache Hit L1                               798 / 1084            715 / 1729            715 / 1729            715 / 1729        ops/s
[220.315s][info][gc,stats    ]      Memory: Page Cache Hit L2                                 0 / 0                 0 / 0                 0 / 0                 0 / 0           ops/s
[220.315s][info][gc,stats    ]      Memory: Page Cache Hit L3                                 0 / 6                10 / 527              10 / 527              10 / 527         ops/s
[220.315s][info][gc,stats    ]      Memory: Page Cache Miss                                   0 / 0                 0 / 1                 0 / 1                 0 / 1           ops/s
[220.315s][info][gc,stats    ]      Memory: Uncommit                                          0 / 0                 0 / 0                 0 / 0                 0 / 0           MB/s
[220.315s][info][gc,stats    ]      Memory: Undo Object Allocation Failed                     0 / 1                 0 / 1                 0 / 1                 0 / 1           ops/s
[220.315s][info][gc,stats    ]      Memory: Undo Object Allocation Succeeded                  7 / 38                5 / 101               5 / 101               5 / 101         ops/s
[220.315s][info][gc,stats    ]      Memory: Undo Page Allocation                              0 / 1                 0 / 1                 0 / 1                 0 / 1           ops/s
[220.315s][info][gc,stats    ]       Phase: Concurrent Mark                             340.247 / 685.483     323.173 / 972.666     323.173 / 972.666     323.173 / 972.666     ms
[220.315s][info][gc,stats    ]       Phase: Concurrent Mark Continue                      0.000 / 0.000         0.000 / 0.000         0.000 / 0.000         0.000 / 0.000       ms
[220.315s][info][gc,stats    ]       Phase: Concurrent Mark Free                          0.001 / 0.002         0.005 / 0.317         0.005 / 0.317         0.005 / 0.317       ms
[220.315s][info][gc,stats    ]       Phase: Concurrent Process Non-Strong References     10.511 / 11.175        9.708 / 15.785        9.708 / 15.785        9.708 / 15.785      ms
[220.315s][info][gc,stats    ]       Phase: Concurrent Relocate                          81.056 / 226.242      75.253 / 226.884      75.253 / 226.884      75.253 / 226.884     ms
[220.315s][info][gc,stats    ]       Phase: Concurrent Reset Relocation Set               0.045 / 0.118         0.038 / 0.132         0.038 / 0.132         0.038 / 0.132       ms
[220.315s][info][gc,stats    ]       Phase: Concurrent Select Relocation Set             13.993 / 31.690       14.562 / 41.971       14.562 / 41.971       14.562 / 41.971      ms
[220.315s][info][gc,stats    ]       Phase: Pause Mark End                                0.024 / 0.034         0.024 / 0.081         0.024 / 0.081         0.024 / 0.081       ms
[220.315s][info][gc,stats    ]       Phase: Pause Mark Start                              0.007 / 0.011         0.007 / 0.011         0.007 / 0.011         0.007 / 0.011       ms
[220.315s][info][gc,stats    ]       Phase: Pause Relocate Start                          0.012 / 0.018         0.012 / 0.032         0.012 / 0.032         0.012 / 0.032       ms
[220.315s][info][gc,stats    ]    Subphase: Concurrent Classes Purge                      0.477 / 0.716         0.392 / 0.716         0.392 / 0.716         0.392 / 0.716       ms
[220.315s][info][gc,stats    ]    Subphase: Concurrent Classes Unlink                     8.937 / 9.337         8.168 / 12.957        8.168 / 12.957        8.168 / 12.957      ms
[220.315s][info][gc,stats    ]    Subphase: Concurrent Mark                             332.856 / 681.405     314.696 / 969.741     314.696 / 969.741     314.696 / 969.741     ms
[220.315s][info][gc,stats    ]    Subphase: Concurrent Mark Try Flush                     0.201 / 0.479         0.175 / 1.725         0.175 / 1.725         0.175 / 1.725       ms
[220.315s][info][gc,stats    ]    Subphase: Concurrent Mark Try Terminate                 4.228 / 15.941        4.655 / 16.632        4.655 / 16.632        4.655 / 16.632      ms
[220.315s][info][gc,stats    ]    Subphase: Concurrent References Enqueue                 0.006 / 0.007         0.005 / 0.008         0.005 / 0.008         0.005 / 0.008       ms
[220.315s][info][gc,stats    ]    Subphase: Concurrent References Process                 0.227 / 0.399         0.189 / 0.610         0.189 / 0.610         0.189 / 0.610       ms
[220.315s][info][gc,stats    ]    Subphase: Concurrent Roots ClassLoaderDataGraph         0.100 / 0.174         0.120 / 0.376         0.120 / 0.376         0.120 / 0.376       ms
[220.315s][info][gc,stats    ]    Subphase: Concurrent Roots CodeCache                    0.000 / 0.000         0.000 / 0.000         0.000 / 0.000         0.000 / 0.000       ms
[220.315s][info][gc,stats    ]    Subphase: Concurrent Roots JavaThreads                  3.466 / 3.766         4.409 / 8.610         4.409 / 8.610         4.409 / 8.610       ms
[220.315s][info][gc,stats    ]    Subphase: Concurrent Roots OopStorageSet                0.045 / 0.066         0.046 / 0.142         0.046 / 0.142         0.046 / 0.142       ms
[220.315s][info][gc,stats    ]    Subphase: Concurrent Weak Roots OopStorageSet           0.605 / 0.940         0.586 / 1.025         0.586 / 1.025         0.586 / 1.025       ms
[220.315s][info][gc,stats    ]    Subphase: Pause Mark Try Complete                       0.000 / 0.000         0.008 / 0.017         0.008 / 0.017         0.008 / 0.017       ms
[220.315s][info][gc,stats    ]      System: Java Threads                                    263 / 265             243 / 267             243 / 267             243 / 267         threads
[220.315s][info][gc,stats    ] =========================================================================================================================================================
[222.123s][info][gc,start    ] GC(127) Garbage Collection (Allocation Rate)
[222.123s][info][gc,task     ] GC(127) Using 2 workers
[222.123s][info][gc,phases   ] GC(127) Pause Mark Start 0.008ms
[222.625s][info][gc,phases   ] GC(127) Concurrent Mark 502.295ms
[222.625s][info][gc,phases   ] GC(127) Pause Mark End 0.064ms
[222.625s][info][gc,phases   ] GC(127) Concurrent Mark Free 0.001ms
[222.636s][info][gc,phases   ] GC(127) Concurrent Process Non-Strong References 10.538ms
[222.636s][info][gc,phases   ] GC(127) Concurrent Reset Relocation Set 0.002ms
[222.657s][info][gc,phases   ] GC(127) Concurrent Select Relocation Set 21.464ms
[222.658s][info][gc,phases   ] GC(127) Pause Relocate Start 0.013ms
[222.806s][info][gc,phases   ] GC(127) Concurrent Relocate 148.145ms
[222.806s][info][gc,load     ] GC(127) Load: 0.00/0.00/0.00
[222.806s][info][gc,mmu      ] GC(127) MMU: 2ms/96.0%, 5ms/98.4%, 10ms/99.2%, 20ms/99.6%, 50ms/99.8%, 100ms/99.9%
[222.806s][info][gc,marking  ] GC(127) Mark: 2 stripe(s), 3 proactive flush(es), 1 terminate flush(es), 1 completion(s), 0 continuation(s) 
[222.806s][info][gc,marking  ] GC(127) Mark Stack Usage: 32M
[222.806s][info][gc,nmethod  ] GC(127) NMethods: 12189 registered, 773 unregistered
[222.806s][info][gc,metaspace] GC(127) Metaspace: 72M used, 73M committed, 1152M reserved
[222.806s][info][gc,ref      ] GC(127) Soft: 5944 encountered, 0 discovered, 0 enqueued
[222.806s][info][gc,ref      ] GC(127) Weak: 6703 encountered, 947 discovered, 88 enqueued
[222.806s][info][gc,ref      ] GC(127) Final: 53 encountered, 4 discovered, 0 enqueued
[222.806s][info][gc,ref      ] GC(127) Phantom: 588 encountered, 312 discovered, 0 enqueued
[222.806s][info][gc,reloc    ] GC(127) Small Pages: 2215 / 4430M, Empty: 2610M, Relocated: 96M, In-Place: 0
[222.806s][info][gc,reloc    ] GC(127) Medium Pages: 5 / 160M, Empty: 96M, Relocated: 12M, In-Place: 0
[222.806s][info][gc,reloc    ] GC(127) Large Pages: 30 / 212M, Empty: 172M, Relocated: 0M, In-Place: 0
[222.806s][info][gc,reloc    ] GC(127) Forwarding Usage: 96M
[222.806s][info][gc,heap     ] GC(127) Min Capacity: 8192M(100%)
[222.806s][info][gc,heap     ] GC(127) Max Capacity: 8192M(100%)
[222.806s][info][gc,heap     ] GC(127) Soft Max Capacity: 8192M(100%)
[222.806s][info][gc,heap     ] GC(127)                Mark Start          Mark End        Relocate Start      Relocate End           High               Low         
[222.806s][info][gc,heap     ] GC(127)  Capacity:     8192M (100%)       8192M (100%)       8192M (100%)       8192M (100%)       8192M (100%)       8192M (100%)   
[222.806s][info][gc,heap     ] GC(127)      Free:     3390M (41%)        3306M (40%)        6174M (75%)        7540M (92%)        7540M (92%)        3302M (40%)    
[222.806s][info][gc,heap     ] GC(127)      Used:     4802M (59%)        4886M (60%)        2018M (25%)         652M (8%)         4890M (60%)         652M (8%)     
[222.806s][info][gc,heap     ] GC(127)      Live:         -               311M (4%)          311M (4%)          311M (4%)             -                  -          
[222.806s][info][gc,heap     ] GC(127) Allocated:         -                84M (1%)           94M (1%)          312M (4%)             -                  -          
[222.806s][info][gc,heap     ] GC(127)   Garbage:         -              4490M (55%)        1612M (20%)          27M (0%)             -                  -          
[222.806s][info][gc,heap     ] GC(127) Reclaimed:         -                  -              2878M (35%)        4462M (54%)            -                  -          
[222.806s][info][gc          ] GC(127) Garbage Collection (Allocation Rate) 4802M(59%)->652M(8%)
[223.928s][info][gc,start    ] GC(128) Garbage Collection (Allocation Rate)
[223.928s][info][gc,task     ] GC(128) Using 2 workers
[223.929s][info][gc,phases   ] GC(128) Pause Mark Start 0.008ms
[224.205s][info][gc,phases   ] GC(128) Concurrent Mark 275.856ms
[224.205s][info][gc,phases   ] GC(128) Pause Mark End 0.076ms
[224.205s][info][gc,phases   ] GC(128) Concurrent Mark Free 0.001ms
[224.216s][info][gc,phases   ] GC(128) Concurrent Process Non-Strong References 10.190ms
[224.216s][info][gc,phases   ] GC(128) Concurrent Reset Relocation Set 0.085ms
[224.225s][info][gc,phases   ] GC(128) Concurrent Select Relocation Set 9.091ms
[224.225s][info][gc,phases   ] GC(128) Pause Relocate Start 0.010ms
[224.280s][info][gc,phases   ] GC(128) Concurrent Relocate 54.549ms
[224.280s][info][gc,load     ] GC(128) Load: 0.00/0.00/0.00
[224.280s][info][gc,mmu      ] GC(128) MMU: 2ms/96.0%, 5ms/98.4%, 10ms/99.2%, 20ms/99.6%, 50ms/99.8%, 100ms/99.9%
[224.280s][info][gc,marking  ] GC(128) Mark: 2 stripe(s), 2 proactive flush(es), 1 terminate flush(es), 1 completion(s), 0 continuation(s) 
[224.280s][info][gc,marking  ] GC(128) Mark Stack Usage: 32M
[224.280s][info][gc,nmethod  ] GC(128) NMethods: 12256 registered, 773 unregistered
[224.280s][info][gc,metaspace] GC(128) Metaspace: 72M used, 73M committed, 1152M reserved
[224.280s][info][gc,ref      ] GC(128) Soft: 5938 encountered, 0 discovered, 0 enqueued
[224.280s][info][gc,ref      ] GC(128) Weak: 6976 encountered, 1044 discovered, 363 enqueued
[224.280s][info][gc,ref      ] GC(128) Final: 53 encountered, 4 discovered, 0 enqueued
[224.280s][info][gc,ref      ] GC(128) Phantom: 589 encountered, 340 discovered, 0 enqueued
[224.280s][info][gc,reloc    ] GC(128) Small Pages: 1014 / 2028M, Empty: 1370M, Relocated: 26M, In-Place: 0
[224.280s][info][gc,reloc    ] GC(128) Medium Pages: 9 / 288M, Empty: 128M, Relocated: 46M, In-Place: 0
[224.280s][info][gc,reloc    ] GC(128) Large Pages: 27 / 178M, Empty: 172M, Relocated: 0M, In-Place: 0
[224.280s][info][gc,reloc    ] GC(128) Forwarding Usage: 22M
[224.280s][info][gc,heap     ] GC(128) Min Capacity: 8192M(100%)
[224.280s][info][gc,heap     ] GC(128) Max Capacity: 8192M(100%)
[224.280s][info][gc,heap     ] GC(128) Soft Max Capacity: 8192M(100%)
[224.280s][info][gc,heap     ] GC(128)                Mark Start          Mark End        Relocate Start      Relocate End           High               Low         
[224.280s][info][gc,heap     ] GC(128)  Capacity:     8192M (100%)       8192M (100%)       8192M (100%)       8192M (100%)       8192M (100%)       8192M (100%)   
[224.280s][info][gc,heap     ] GC(128)      Free:     5698M (70%)        5162M (63%)        6816M (83%)        7274M (89%)        7274M (89%)        5156M (63%)    
[224.280s][info][gc,heap     ] GC(128)      Used:     2494M (30%)        3030M (37%)        1376M (17%)         918M (11%)        3036M (37%)         918M (11%)    
[224.280s][info][gc,heap     ] GC(128)      Live:         -               242M (3%)          242M (3%)          242M (3%)             -                  -          
[224.280s][info][gc,heap     ] GC(128) Allocated:         -               536M (7%)          552M (7%)          647M (8%)             -                  -          
[224.280s][info][gc,heap     ] GC(128)   Garbage:         -              2251M (27%)         581M (7%)           28M (0%)             -                  -          
[224.280s][info][gc,heap     ] GC(128) Reclaimed:         -                  -              1670M (20%)        2223M (27%)            -                  -          
[224.280s][info][gc          ] GC(128) Garbage Collection (Allocation Rate) 2494M(30%)->918M(11%)
[224.452s][info][gc,start    ] GC(129) Garbage Collection (System.gc())
[224.452s][info][gc,task     ] GC(129) Using 2 workers
[224.452s][info][gc,phases   ] GC(129) Pause Mark Start 0.005ms
[224.603s][info][gc,phases   ] GC(129) Concurrent Mark 151.222ms
[224.603s][info][gc,phases   ] GC(129) Pause Mark End 0.028ms
[224.603s][info][gc,phases   ] GC(129) Concurrent Mark Free 0.001ms
[224.614s][info][gc,phases   ] GC(129) Concurrent Process Non-Strong References 10.861ms
[224.614s][info][gc,phases   ] GC(129) Concurrent Reset Relocation Set 0.026ms
[224.618s][info][gc,phases   ] GC(129) Concurrent Select Relocation Set 3.825ms
[224.618s][info][gc,phases   ] GC(129) Pause Relocate Start 0.010ms
[224.620s][info][gc,phases   ] GC(129) Concurrent Relocate 1.066ms
[224.620s][info][gc,load     ] GC(129) Load: 0.00/0.00/0.00
[224.620s][info][gc,mmu      ] GC(129) MMU: 2ms/96.0%, 5ms/98.4%, 10ms/99.2%, 20ms/99.6%, 50ms/99.8%, 100ms/99.9%
[224.620s][info][gc,marking  ] GC(129) Mark: 2 stripe(s), 2 proactive flush(es), 1 terminate flush(es), 0 completion(s), 0 continuation(s) 
[224.620s][info][gc,marking  ] GC(129) Mark Stack Usage: 32M
[224.620s][info][gc,nmethod  ] GC(129) NMethods: 12261 registered, 773 unregistered
[224.620s][info][gc,metaspace] GC(129) Metaspace: 72M used, 73M committed, 1152M reserved
[224.620s][info][gc,ref      ] GC(129) Soft: 5936 encountered, 0 discovered, 0 enqueued
[224.620s][info][gc,ref      ] GC(129) Weak: 6625 encountered, 1041 discovered, 238 enqueued
[224.620s][info][gc,ref      ] GC(129) Final: 53 encountered, 4 discovered, 0 enqueued
[224.620s][info][gc,ref      ] GC(129) Phantom: 588 encountered, 288 discovered, 0 enqueued
[224.620s][info][gc,reloc    ] GC(129) Small Pages: 610 / 1220M, Empty: 1004M, Relocated: 1M, In-Place: 0
[224.620s][info][gc,reloc    ] GC(129) Medium Pages: 5 / 160M, Empty: 128M, Relocated: 0M, In-Place: 0
[224.620s][info][gc,reloc    ] GC(129) Large Pages: 18 / 108M, Empty: 108M, Relocated: 0M, In-Place: 0
[224.620s][info][gc,reloc    ] GC(129) Forwarding Usage: 0M
[224.620s][info][gc,heap     ] GC(129) Min Capacity: 8192M(100%)
[224.620s][info][gc,heap     ] GC(129) Max Capacity: 8192M(100%)
[224.620s][info][gc,heap     ] GC(129) Soft Max Capacity: 8192M(100%)
[224.620s][info][gc,heap     ] GC(129)                Mark Start          Mark End        Relocate Start      Relocate End           High               Low         
[224.620s][info][gc,heap     ] GC(129)  Capacity:     8192M (100%)       8192M (100%)       8192M (100%)       8192M (100%)       8192M (100%)       8192M (100%)   
[224.620s][info][gc,heap     ] GC(129)      Free:     6704M (82%)        6702M (82%)        7934M (97%)        7976M (97%)        7976M (97%)        6702M (82%)    
[224.620s][info][gc,heap     ] GC(129)      Used:     1488M (18%)        1490M (18%)         258M (3%)          216M (3%)         1490M (18%)         216M (3%)     
[224.620s][info][gc,heap     ] GC(129)      Live:         -               174M (2%)          174M (2%)          174M (2%)             -                  -          
[224.620s][info][gc,heap     ] GC(129) Allocated:         -                 2M (0%)           10M (0%)            9M (0%)             -                  -          
[224.620s][info][gc,heap     ] GC(129)   Garbage:         -              1313M (16%)          73M (1%)           31M (0%)             -                  -          
[224.620s][info][gc,heap     ] GC(129) Reclaimed:         -                  -              1240M (15%)        1281M (16%)            -                  -          
[224.620s][info][gc          ] GC(129) Garbage Collection (System.gc()) 1488M(18%)->216M(3%)
[226.922s][info][gc,start    ] GC(130) Garbage Collection (Allocation Rate)
[226.922s][info][gc,task     ] GC(130) Using 2 workers
[226.922s][info][gc,phases   ] GC(130) Pause Mark Start 0.006ms
[227.456s][info][gc,phases   ] GC(130) Concurrent Mark 534.303ms
[227.457s][info][gc,phases   ] GC(130) Pause Mark End 0.031ms
[227.457s][info][gc,phases   ] GC(130) Concurrent Mark Free 0.001ms
[227.468s][info][gc,phases   ] GC(130) Concurrent Process Non-Strong References 11.593ms
[227.468s][info][gc,phases   ] GC(130) Concurrent Reset Relocation Set 0.002ms
[227.492s][info][gc,phases   ] GC(130) Concurrent Select Relocation Set 24.152ms
[227.493s][info][gc,phases   ] GC(130) Pause Relocate Start 0.018ms
[227.637s][info][gc,phases   ] GC(130) Concurrent Relocate 144.413ms
[227.637s][info][gc,load     ] GC(130) Load: 0.00/0.00/0.00
[227.637s][info][gc,mmu      ] GC(130) MMU: 2ms/96.0%, 5ms/98.4%, 10ms/99.2%, 20ms/99.6%, 50ms/99.8%, 100ms/99.9%
[227.637s][info][gc,marking  ] GC(130) Mark: 2 stripe(s), 2 proactive flush(es), 1 terminate flush(es), 0 completion(s), 0 continuation(s) 
[227.637s][info][gc,marking  ] GC(130) Mark Stack Usage: 32M
[227.637s][info][gc,nmethod  ] GC(130) NMethods: 12273 registered, 773 unregistered
[227.637s][info][gc,metaspace] GC(130) Metaspace: 73M used, 73M committed, 1152M reserved
[227.637s][info][gc,ref      ] GC(130) Soft: 5944 encountered, 0 discovered, 0 enqueued
[227.637s][info][gc,ref      ] GC(130) Weak: 6705 encountered, 720 discovered, 22 enqueued
[227.637s][info][gc,ref      ] GC(130) Final: 53 encountered, 0 discovered, 0 enqueued
[227.637s][info][gc,ref      ] GC(130) Phantom: 588 encountered, 311 discovered, 0 enqueued
[227.637s][info][gc,reloc    ] GC(130) Small Pages: 2214 / 4428M, Empty: 2614M, Relocated: 96M, In-Place: 0
[227.637s][info][gc,reloc    ] GC(130) Medium Pages: 5 / 160M, Empty: 96M, Relocated: 14M, In-Place: 0
[227.637s][info][gc,reloc    ] GC(130) Large Pages: 30 / 212M, Empty: 172M, Relocated: 0M, In-Place: 0
[227.637s][info][gc,reloc    ] GC(130) Forwarding Usage: 96M
[227.637s][info][gc,heap     ] GC(130) Min Capacity: 8192M(100%)
[227.637s][info][gc,heap     ] GC(130) Max Capacity: 8192M(100%)
[227.637s][info][gc,heap     ] GC(130) Soft Max Capacity: 8192M(100%)
[227.637s][info][gc,heap     ] GC(130)                Mark Start          Mark End        Relocate Start      Relocate End           High               Low         
[227.637s][info][gc,heap     ] GC(130)  Capacity:     8192M (100%)       8192M (100%)       8192M (100%)       8192M (100%)       8192M (100%)       8192M (100%)   
[227.637s][info][gc,heap     ] GC(130)      Free:     3392M (41%)        3166M (39%)        5992M (73%)        7414M (91%)        7414M (91%)        3146M (38%)    
[227.637s][info][gc,heap     ] GC(130)      Used:     4800M (59%)        5026M (61%)        2200M (27%)         778M (9%)         5046M (62%)         778M (9%)     
[227.637s][info][gc,heap     ] GC(130)      Live:         -               312M (4%)          312M (4%)          312M (4%)             -                  -          
[227.637s][info][gc,heap     ] GC(130) Allocated:         -               226M (3%)          282M (3%)          437M (5%)             -                  -          
[227.637s][info][gc,heap     ] GC(130)   Garbage:         -              4487M (55%)        1605M (20%)          27M (0%)             -                  -          
[227.637s][info][gc,heap     ] GC(130) Reclaimed:         -                  -              2882M (35%)        4459M (54%)            -                  -          
[227.637s][info][gc          ] GC(130) Garbage Collection (Allocation Rate) 4800M(59%)->778M(9%)
[228.621s][info][gc,start    ] GC(131) Garbage Collection (Allocation Rate)
[228.622s][info][gc,task     ] GC(131) Using 2 workers
[228.622s][info][gc,phases   ] GC(131) Pause Mark Start 0.010ms
[228.946s][info][gc,phases   ] GC(131) Concurrent Mark 323.896ms
[228.946s][info][gc,phases   ] GC(131) Pause Mark End 0.022ms
[228.946s][info][gc,phases   ] GC(131) Concurrent Mark Free 0.001ms
[228.956s][info][gc,phases   ] GC(131) Concurrent Process Non-Strong References 10.416ms
[228.956s][info][gc,phases   ] GC(131) Concurrent Reset Relocation Set 0.075ms
[228.968s][info][gc,phases   ] GC(131) Concurrent Select Relocation Set 11.422ms
[228.968s][info][gc,phases   ] GC(131) Pause Relocate Start 0.010ms
[229.041s][info][gc,phases   ] GC(131) Concurrent Relocate 72.624ms
[229.041s][info][gc,load     ] GC(131) Load: 0.00/0.00/0.00
[229.041s][info][gc,mmu      ] GC(131) MMU: 2ms/96.0%, 5ms/98.4%, 10ms/99.2%, 20ms/99.6%, 50ms/99.8%, 100ms/99.9%
[229.041s][info][gc,marking  ] GC(131) Mark: 2 stripe(s), 2 proactive flush(es), 1 terminate flush(es), 0 completion(s), 0 continuation(s) 
[229.041s][info][gc,marking  ] GC(131) Mark Stack Usage: 32M
[229.041s][info][gc,nmethod  ] GC(131) NMethods: 12277 registered, 773 unregistered
[229.041s][info][gc,metaspace] GC(131) Metaspace: 73M used, 73M committed, 1152M reserved
[229.041s][info][gc,ref      ] GC(131) Soft: 5939 encountered, 0 discovered, 0 enqueued
[229.041s][info][gc,ref      ] GC(131) Weak: 6975 encountered, 1527 discovered, 363 enqueued
[229.041s][info][gc,ref      ] GC(131) Final: 53 encountered, 4 discovered, 0 enqueued
[229.041s][info][gc,ref      ] GC(131) Phantom: 588 encountered, 311 discovered, 0 enqueued
[229.041s][info][gc,reloc    ] GC(131) Small Pages: 1006 / 2012M, Empty: 1184M, Relocated: 36M, In-Place: 0
[229.041s][info][gc,reloc    ] GC(131) Medium Pages: 8 / 256M, Empty: 96M, Relocated: 25M, In-Place: 0
[229.041s][info][gc,reloc    ] GC(131) Large Pages: 24 / 160M, Empty: 160M, Relocated: 0M, In-Place: 0
[229.041s][info][gc,reloc    ] GC(131) Forwarding Usage: 31M
[229.041s][info][gc,heap     ] GC(131) Min Capacity: 8192M(100%)
[229.041s][info][gc,heap     ] GC(131) Max Capacity: 8192M(100%)
[229.041s][info][gc,heap     ] GC(131) Soft Max Capacity: 8192M(100%)
[229.041s][info][gc,heap     ] GC(131)                Mark Start          Mark End        Relocate Start      Relocate End           High               Low         
[229.041s][info][gc,heap     ] GC(131)  Capacity:     8192M (100%)       8192M (100%)       8192M (100%)       8192M (100%)       8192M (100%)       8192M (100%)   
[229.041s][info][gc,heap     ] GC(131)      Free:     5764M (70%)        5158M (63%)        6550M (80%)        7060M (86%)        7062M (86%)        5152M (63%)    
[229.041s][info][gc,heap     ] GC(131)      Used:     2428M (30%)        3034M (37%)        1642M (20%)        1132M (14%)        3040M (37%)        1130M (14%)    
[229.041s][info][gc,heap     ] GC(131)      Live:         -               242M (3%)          242M (3%)          242M (3%)             -                  -          
[229.041s][info][gc,heap     ] GC(131) Allocated:         -               606M (7%)          654M (8%)          860M (10%)            -                  -          
[229.041s][info][gc,heap     ] GC(131)   Garbage:         -              2185M (27%)         745M (9%)           29M (0%)             -                  -          
[229.041s][info][gc,heap     ] GC(131) Reclaimed:         -                  -              1440M (18%)        2156M (26%)            -                  -          
[229.041s][info][gc          ] GC(131) Garbage Collection (Allocation Rate) 2428M(30%)->1132M(14%)
[229.171s][info][gc,start    ] GC(132) Garbage Collection (System.gc())
[229.171s][info][gc,task     ] GC(132) Using 2 workers
[229.171s][info][gc,phases   ] GC(132) Pause Mark Start 0.009ms
[229.310s][info][gc,phases   ] GC(132) Concurrent Mark 138.475ms
[229.310s][info][gc,phases   ] GC(132) Pause Mark End 0.030ms
[229.310s][info][gc,phases   ] GC(132) Concurrent Mark Free 0.001ms
[229.321s][info][gc,phases   ] GC(132) Concurrent Process Non-Strong References 11.006ms
[229.321s][info][gc,phases   ] GC(132) Concurrent Reset Relocation Set 0.023ms
[229.326s][info][gc,phases   ] GC(132) Concurrent Select Relocation Set 4.356ms
[229.326s][info][gc,phases   ] GC(132) Pause Relocate Start 0.016ms
[229.327s][info][gc,phases   ] GC(132) Concurrent Relocate 0.924ms
[229.327s][info][gc,load     ] GC(132) Load: 0.00/0.00/0.00
[229.327s][info][gc,mmu      ] GC(132) MMU: 2ms/96.0%, 5ms/98.4%, 10ms/99.2%, 20ms/99.6%, 50ms/99.8%, 100ms/99.9%
[229.327s][info][gc,marking  ] GC(132) Mark: 2 stripe(s), 1 proactive flush(es), 1 terminate flush(es), 0 completion(s), 0 continuation(s) 
[229.327s][info][gc,marking  ] GC(132) Mark Stack Usage: 32M
[229.327s][info][gc,nmethod  ] GC(132) NMethods: 12277 registered, 773 unregistered
[229.327s][info][gc,metaspace] GC(132) Metaspace: 73M used, 73M committed, 1152M reserved
[229.327s][info][gc,ref      ] GC(132) Soft: 5936 encountered, 0 discovered, 0 enqueued
[229.327s][info][gc,ref      ] GC(132) Weak: 6627 encountered, 1034 discovered, 237 enqueued
[229.327s][info][gc,ref      ] GC(132) Final: 53 encountered, 53 discovered, 0 enqueued
[229.327s][info][gc,ref      ] GC(132) Phantom: 588 encountered, 288 discovered, 0 enqueued
[229.327s][info][gc,reloc    ] GC(132) Small Pages: 621 / 1242M, Empty: 1016M, Relocated: 1M, In-Place: 0
[229.327s][info][gc,reloc    ] GC(132) Medium Pages: 6 / 192M, Empty: 160M, Relocated: 0M, In-Place: 0
[229.327s][info][gc,reloc    ] GC(132) Large Pages: 19 / 114M, Empty: 114M, Relocated: 0M, In-Place: 0
[229.327s][info][gc,reloc    ] GC(132) Forwarding Usage: 0M
[229.327s][info][gc,heap     ] GC(132) Min Capacity: 8192M(100%)
[229.327s][info][gc,heap     ] GC(132) Max Capacity: 8192M(100%)
[229.327s][info][gc,heap     ] GC(132) Soft Max Capacity: 8192M(100%)
[229.327s][info][gc,heap     ] GC(132)                Mark Start          Mark End        Relocate Start      Relocate End           High               Low         
[229.327s][info][gc,heap     ] GC(132)  Capacity:     8192M (100%)       8192M (100%)       8192M (100%)       8192M (100%)       8192M (100%)       8192M (100%)   
[229.327s][info][gc,heap     ] GC(132)      Free:     6644M (81%)        6640M (81%)        7926M (97%)        7976M (97%)        7976M (97%)        6640M (81%)    
[229.327s][info][gc,heap     ] GC(132)      Used:     1548M (19%)        1552M (19%)         266M (3%)          216M (3%)         1552M (19%)         216M (3%)     
[229.327s][info][gc,heap     ] GC(132)      Live:         -               174M (2%)          174M (2%)          174M (2%)             -                  -          
[229.327s][info][gc,heap     ] GC(132) Allocated:         -                 4M (0%)            8M (0%)            9M (0%)             -                  -          
[229.327s][info][gc,heap     ] GC(132)   Garbage:         -              1373M (17%)          83M (1%)           31M (0%)             -                  -          
[229.327s][info][gc,heap     ] GC(132) Reclaimed:         -                  -              1290M (16%)        1341M (16%)            -                  -          
[229.327s][info][gc          ] GC(132) Garbage Collection (System.gc()) 1548M(19%)->216M(3%)
[230.318s][info][gc,stats    ] === Garbage Collection Statistics =======================================================================================================================
[230.318s][info][gc,stats    ]                                                              Last 10s              Last 10m              Last 10h                Total
[230.318s][info][gc,stats    ]                                                              Avg / Max             Avg / Max             Avg / Max             Avg / Max
[230.318s][info][gc,stats    ]   Collector: Garbage Collection Cycle                    415.619 / 715.323     423.529 / 983.217     423.529 / 983.217     423.529 / 983.217     ms
[230.318s][info][gc,stats    ]  Contention: Mark Segment Reset Contention                     1 / 11                2 / 24                2 / 24                2 / 24          ops/s
[230.318s][info][gc,stats    ]  Contention: Mark SeqNum Reset Contention                      0 / 2                 0 / 2                 0 / 2                 0 / 2           ops/s
[230.318s][info][gc,stats    ]    Critical: Allocation Stall                                  0 / 0                 0 / 0                 0 / 0                 0 / 0           ops/s
[230.318s][info][gc,stats    ]    Critical: Allocation Stall                              0.000 / 0.000         0.000 / 0.000         0.000 / 0.000         0.000 / 0.000       ms
[230.318s][info][gc,stats    ]    Critical: GC Locker Stall                                   0 / 0                 0 / 0                 0 / 0                 0 / 0           ops/s
[230.318s][info][gc,stats    ]    Critical: GC Locker Stall                               0.000 / 0.000         0.000 / 0.000         0.000 / 0.000         0.000 / 0.000       ms
[230.318s][info][gc,stats    ]    Critical: Relocation Stall                                  0 / 0                 0 / 0                 0 / 0                 0 / 0           ops/s
[230.318s][info][gc,stats    ]    Critical: Relocation Stall                              0.000 / 0.000         0.000 / 0.000         0.000 / 0.000         0.000 / 0.000       ms
[230.318s][info][gc,stats    ]      Memory: Allocation Rate                                1686 / 2342           1568 / 3876           1568 / 3876           1568 / 3876        MB/s
[230.318s][info][gc,stats    ]      Memory: Out Of Memory                                     0 / 0                 0 / 0                 0 / 0                 0 / 0           ops/s
[230.318s][info][gc,stats    ]      Memory: Page Cache Flush                                  0 / 0                 0 / 0                 0 / 0                 0 / 0           MB/s
[230.318s][info][gc,stats    ]      Memory: Page Cache Hit L1                               779 / 1122            718 / 1729            718 / 1729            718 / 1729        ops/s
[230.318s][info][gc,stats    ]      Memory: Page Cache Hit L2                                 0 / 0                 0 / 0                 0 / 0                 0 / 0           ops/s
[230.318s][info][gc,stats    ]      Memory: Page Cache Hit L3                                 0 / 0                10 / 527              10 / 527              10 / 527         ops/s
[230.318s][info][gc,stats    ]      Memory: Page Cache Miss                                   0 / 0                 0 / 1                 0 / 1                 0 / 1           ops/s
[230.318s][info][gc,stats    ]      Memory: Uncommit                                          0 / 0                 0 / 0                 0 / 0                 0 / 0           MB/s
[230.318s][info][gc,stats    ]      Memory: Undo Object Allocation Failed                     0 / 0                 0 / 1                 0 / 1                 0 / 1           ops/s
[230.318s][info][gc,stats    ]      Memory: Undo Object Allocation Succeeded                  5 / 32                5 / 101               5 / 101               5 / 101         ops/s
[230.319s][info][gc,stats    ]      Memory: Undo Page Allocation                              0 / 0                 0 / 1                 0 / 1                 0 / 1           ops/s
[230.319s][info][gc,stats    ]       Phase: Concurrent Mark                             321.008 / 534.303     323.075 / 972.666     323.075 / 972.666     323.075 / 972.666     ms
[230.319s][info][gc,stats    ]       Phase: Concurrent Mark Continue                      0.000 / 0.000         0.000 / 0.000         0.000 / 0.000         0.000 / 0.000       ms
[230.319s][info][gc,stats    ]       Phase: Concurrent Mark Free                          0.001 / 0.001         0.005 / 0.317         0.005 / 0.317         0.005 / 0.317       ms
[230.319s][info][gc,stats    ]       Phase: Concurrent Process Non-Strong References     10.767 / 11.593        9.755 / 15.785        9.755 / 15.785        9.755 / 15.785      ms
[230.319s][info][gc,stats    ]       Phase: Concurrent Relocate                          70.287 / 148.145      75.029 / 226.884      75.029 / 226.884      75.029 / 226.884     ms
[230.319s][info][gc,stats    ]       Phase: Concurrent Reset Relocation Set               0.035 / 0.085         0.038 / 0.132         0.038 / 0.132         0.038 / 0.132       ms
[230.319s][info][gc,stats    ]       Phase: Concurrent Select Relocation Set             12.385 / 24.152       14.464 / 41.971       14.464 / 41.971       14.464 / 41.971      ms
[230.319s][info][gc,stats    ]       Phase: Pause Mark End                                0.042 / 0.076         0.025 / 0.081         0.025 / 0.081         0.025 / 0.081       ms
[230.319s][info][gc,stats    ]       Phase: Pause Mark Start                              0.007 / 0.010         0.007 / 0.011         0.007 / 0.011         0.007 / 0.011       ms
[230.319s][info][gc,stats    ]       Phase: Pause Relocate Start                          0.013 / 0.018         0.012 / 0.032         0.012 / 0.032         0.012 / 0.032       ms
[230.319s][info][gc,stats    ]    Subphase: Concurrent Classes Purge                      0.458 / 0.524         0.395 / 0.716         0.395 / 0.716         0.395 / 0.716       ms
[230.319s][info][gc,stats    ]    Subphase: Concurrent Classes Unlink                     9.217 / 10.096        8.215 / 12.957        8.215 / 12.957        8.215 / 12.957      ms
[230.319s][info][gc,stats    ]    Subphase: Concurrent Mark                             313.414 / 530.764     314.638 / 969.741     314.638 / 969.741     314.638 / 969.741     ms
[230.319s][info][gc,stats    ]    Subphase: Concurrent Mark Try Flush                     0.185 / 0.317         0.176 / 1.725         0.176 / 1.725         0.176 / 1.725       ms
[230.319s][info][gc,stats    ]    Subphase: Concurrent Mark Try Terminate                 4.836 / 16.018        4.663 / 16.632        4.663 / 16.632        4.663 / 16.632      ms
[230.319s][info][gc,stats    ]    Subphase: Concurrent References Enqueue                 0.005 / 0.007         0.005 / 0.008         0.005 / 0.008         0.005 / 0.008       ms
[230.319s][info][gc,stats    ]    Subphase: Concurrent References Process                 0.179 / 0.241         0.189 / 0.610         0.189 / 0.610         0.189 / 0.610       ms
[230.319s][info][gc,stats    ]    Subphase: Concurrent Roots ClassLoaderDataGraph         0.112 / 0.237         0.120 / 0.376         0.120 / 0.376         0.120 / 0.376       ms
[230.319s][info][gc,stats    ]    Subphase: Concurrent Roots CodeCache                    0.000 / 0.000         0.000 / 0.000         0.000 / 0.000         0.000 / 0.000       ms
[230.319s][info][gc,stats    ]    Subphase: Concurrent Roots JavaThreads                  3.263 / 3.736         4.357 / 8.610         4.357 / 8.610         4.357 / 8.610       ms
[230.319s][info][gc,stats    ]    Subphase: Concurrent Roots OopStorageSet                0.046 / 0.056         0.046 / 0.142         0.046 / 0.142         0.046 / 0.142       ms
[230.319s][info][gc,stats    ]    Subphase: Concurrent Weak Roots OopStorageSet           0.632 / 0.812         0.588 / 1.025         0.588 / 1.025         0.588 / 1.025       ms
[230.319s][info][gc,stats    ]    Subphase: Pause Mark Try Complete                       0.006 / 0.009         0.007 / 0.017         0.007 / 0.017         0.007 / 0.017       ms
[230.319s][info][gc,stats    ]      System: Java Threads                                    263 / 265             244 / 267             244 / 267             244 / 267         threads
[230.319s][info][gc,stats    ] =========================================================================================================================================================
[231.620s][info][gc,start    ] GC(133) Garbage Collection (Allocation Rate)
[231.620s][info][gc,task     ] GC(133) Using 2 workers
[231.620s][info][gc,phases   ] GC(133) Pause Mark Start 0.009ms
[232.122s][info][gc,phases   ] GC(133) Concurrent Mark 501.845ms
[232.122s][info][gc,phases   ] GC(133) Pause Mark End 0.022ms
[232.122s][info][gc,phases   ] GC(133) Concurrent Mark Free 0.001ms
[232.132s][info][gc,phases   ] GC(133) Concurrent Process Non-Strong References 9.883ms
[232.132s][info][gc,phases   ] GC(133) Concurrent Reset Relocation Set 0.003ms
[232.161s][info][gc,phases   ] GC(133) Concurrent Select Relocation Set 29.127ms
[232.162s][info][gc,phases   ] GC(133) Pause Relocate Start 0.018ms
[232.311s][info][gc,phases   ] GC(133) Concurrent Relocate 148.878ms
[232.311s][info][gc,load     ] GC(133) Load: 0.00/0.00/0.00
[232.311s][info][gc,mmu      ] GC(133) MMU: 2ms/96.0%, 5ms/98.4%, 10ms/99.2%, 20ms/99.6%, 50ms/99.8%, 100ms/99.9%
[232.311s][info][gc,marking  ] GC(133) Mark: 2 stripe(s), 2 proactive flush(es), 1 terminate flush(es), 0 completion(s), 0 continuation(s) 
[232.311s][info][gc,marking  ] GC(133) Mark Stack Usage: 32M
[232.311s][info][gc,nmethod  ] GC(133) NMethods: 12290 registered, 773 unregistered
[232.311s][info][gc,metaspace] GC(133) Metaspace: 73M used, 73M committed, 1152M reserved
[232.311s][info][gc,ref      ] GC(133) Soft: 5944 encountered, 0 discovered, 0 enqueued
[232.311s][info][gc,ref      ] GC(133) Weak: 6712 encountered, 835 discovered, 89 enqueued
[232.311s][info][gc,ref      ] GC(133) Final: 53 encountered, 4 discovered, 0 enqueued
[232.311s][info][gc,ref      ] GC(133) Phantom: 588 encountered, 321 discovered, 0 enqueued
[232.311s][info][gc,reloc    ] GC(133) Small Pages: 2214 / 4428M, Empty: 2614M, Relocated: 96M, In-Place: 0
[232.311s][info][gc,reloc    ] GC(133) Medium Pages: 5 / 160M, Empty: 96M, Relocated: 12M, In-Place: 0
[232.311s][info][gc,reloc    ] GC(133) Large Pages: 30 / 212M, Empty: 172M, Relocated: 0M, In-Place: 0
[232.311s][info][gc,reloc    ] GC(133) Forwarding Usage: 96M
[232.311s][info][gc,heap     ] GC(133) Min Capacity: 8192M(100%)
[232.311s][info][gc,heap     ] GC(133) Max Capacity: 8192M(100%)
[232.311s][info][gc,heap     ] GC(133) Soft Max Capacity: 8192M(100%)
[232.311s][info][gc,heap     ] GC(133)                Mark Start          Mark End        Relocate Start      Relocate End           High               Low         
[232.311s][info][gc,heap     ] GC(133)  Capacity:     8192M (100%)       8192M (100%)       8192M (100%)       8192M (100%)       8192M (100%)       8192M (100%)   
[232.311s][info][gc,heap     ] GC(133)      Free:     3392M (41%)        3298M (40%)        6128M (75%)        7514M (92%)        7516M (92%)        3296M (40%)    
[232.311s][info][gc,heap     ] GC(133)      Used:     4800M (59%)        4894M (60%)        2064M (25%)         678M (8%)         4896M (60%)         676M (8%)     
[232.311s][info][gc,heap     ] GC(133)      Live:         -               310M (4%)          310M (4%)          310M (4%)             -                  -          
[232.311s][info][gc,heap     ] GC(133) Allocated:         -                94M (1%)          146M (2%)          337M (4%)             -                  -          
[232.311s][info][gc,heap     ] GC(133)   Garbage:         -              4489M (55%)        1607M (20%)          29M (0%)             -                  -          
[232.311s][info][gc,heap     ] GC(133) Reclaimed:         -                  -              2882M (35%)        4459M (54%)            -                  -          
[232.311s][info][gc          ] GC(133) Garbage Collection (Allocation Rate) 4800M(59%)->678M(8%)
[233.814s][info][gc,start    ] GC(134) Garbage Collection (Allocation Rate)
[233.814s][info][gc,task     ] GC(134) Using 2 workers
[233.814s][info][gc,phases   ] GC(134) Pause Mark Start 0.005ms
[233.956s][info][gc,phases   ] GC(134) Concurrent Mark 141.335ms
[233.956s][info][gc,phases   ] GC(134) Pause Mark End 0.026ms
[233.956s][info][gc,phases   ] GC(134) Concurrent Mark Free 0.001ms
[233.967s][info][gc,phases   ] GC(134) Concurrent Process Non-Strong References 10.661ms
[233.967s][info][gc,phases   ] GC(134) Concurrent Reset Relocation Set 0.093ms
[233.976s][info][gc,phases   ] GC(134) Concurrent Select Relocation Set 9.097ms
[233.976s][info][gc,phases   ] GC(134) Pause Relocate Start 0.009ms
[233.977s][info][gc,phases   ] GC(134) Concurrent Relocate 1.231ms
[233.978s][info][gc,load     ] GC(134) Load: 0.00/0.00/0.00
[233.978s][info][gc,mmu      ] GC(134) MMU: 2ms/96.0%, 5ms/98.4%, 10ms/99.2%, 20ms/99.6%, 50ms/99.8%, 100ms/99.9%
[233.978s][info][gc,marking  ] GC(134) Mark: 2 stripe(s), 2 proactive flush(es), 1 terminate flush(es), 0 completion(s), 0 continuation(s) 
[233.978s][info][gc,marking  ] GC(134) Mark Stack Usage: 32M
[233.978s][info][gc,nmethod  ] GC(134) NMethods: 12303 registered, 773 unregistered
[233.978s][info][gc,metaspace] GC(134) Metaspace: 73M used, 73M committed, 1152M reserved
[233.978s][info][gc,ref      ] GC(134) Soft: 5936 encountered, 0 discovered, 0 enqueued
[233.978s][info][gc,ref      ] GC(134) Weak: 6987 encountered, 1382 discovered, 596 enqueued
[233.978s][info][gc,ref      ] GC(134) Final: 53 encountered, 4 discovered, 0 enqueued
[233.978s][info][gc,ref      ] GC(134) Phantom: 589 encountered, 287 discovered, 0 enqueued
[233.978s][info][gc,reloc    ] GC(134) Small Pages: 1518 / 3036M, Empty: 2754M, Relocated: 1M, In-Place: 0
[233.978s][info][gc,reloc    ] GC(134) Medium Pages: 11 / 352M, Empty: 320M, Relocated: 0M, In-Place: 0
[233.978s][info][gc,reloc    ] GC(134) Large Pages: 46 / 292M, Empty: 292M, Relocated: 0M, In-Place: 0
[233.978s][info][gc,reloc    ] GC(134) Forwarding Usage: 0M
[233.978s][info][gc,heap     ] GC(134) Min Capacity: 8192M(100%)
[233.978s][info][gc,heap     ] GC(134) Max Capacity: 8192M(100%)
[233.978s][info][gc,heap     ] GC(134) Soft Max Capacity: 8192M(100%)
[233.978s][info][gc,heap     ] GC(134)                Mark Start          Mark End        Relocate Start      Relocate End           High               Low         
[233.978s][info][gc,heap     ] GC(134)  Capacity:     8192M (100%)       8192M (100%)       8192M (100%)       8192M (100%)       8192M (100%)       8192M (100%)   
[233.978s][info][gc,heap     ] GC(134)      Free:     4512M (55%)        4510M (55%)        7860M (96%)        7968M (97%)        7968M (97%)        4508M (55%)    
[233.978s][info][gc,heap     ] GC(134)      Used:     3680M (45%)        3682M (45%)         332M (4%)          224M (3%)         3684M (45%)         224M (3%)     
[233.978s][info][gc,heap     ] GC(134)      Live:         -               174M (2%)          174M (2%)          174M (2%)             -                  -          
[233.978s][info][gc,heap     ] GC(134) Allocated:         -                 2M (0%)           18M (0%)           17M (0%)             -                  -          
[233.978s][info][gc,heap     ] GC(134)   Garbage:         -              3505M (43%)         139M (2%)           31M (0%)             -                  -          
[233.978s][info][gc,heap     ] GC(134) Reclaimed:         -                  -              3366M (41%)        3473M (42%)            -                  -          
[233.978s][info][gc          ] GC(134) Garbage Collection (Allocation Rate) 3680M(45%)->224M(3%)
[233.978s][info][gc,start    ] GC(135) Garbage Collection (System.gc())
[233.978s][info][gc,task     ] GC(135) Using 2 workers
[233.978s][info][gc,phases   ] GC(135) Pause Mark Start 0.005ms
[234.119s][info][gc,phases   ] GC(135) Concurrent Mark 141.043ms
[234.119s][info][gc,phases   ] GC(135) Pause Mark End 0.031ms
[234.119s][info][gc,phases   ] GC(135) Concurrent Mark Free 0.001ms
[234.131s][info][gc,phases   ] GC(135) Concurrent Process Non-Strong References 11.208ms
[234.131s][info][gc,phases   ] GC(135) Concurrent Reset Relocation Set 0.003ms
[234.132s][info][gc,phases   ] GC(135) Concurrent Select Relocation Set 1.282ms
[234.132s][info][gc,phases   ] GC(135) Pause Relocate Start 0.009ms
[234.133s][info][gc,phases   ] GC(135) Concurrent Relocate 0.740ms
[234.133s][info][gc,load     ] GC(135) Load: 0.00/0.00/0.00
[234.133s][info][gc,mmu      ] GC(135) MMU: 2ms/96.0%, 5ms/98.4%, 10ms/99.2%, 20ms/99.6%, 50ms/99.8%, 100ms/99.9%
[234.133s][info][gc,marking  ] GC(135) Mark: 2 stripe(s), 2 proactive flush(es), 1 terminate flush(es), 0 completion(s), 0 continuation(s) 
[234.133s][info][gc,marking  ] GC(135) Mark Stack Usage: 32M
[234.133s][info][gc,nmethod  ] GC(135) NMethods: 12304 registered, 773 unregistered
[234.133s][info][gc,metaspace] GC(135) Metaspace: 73M used, 73M committed, 1152M reserved
[234.133s][info][gc,ref      ] GC(135) Soft: 5936 encountered, 0 discovered, 0 enqueued
[234.133s][info][gc,ref      ] GC(135) Weak: 6396 encountered, 825 discovered, 6 enqueued
[234.133s][info][gc,ref      ] GC(135) Final: 53 encountered, 4 discovered, 0 enqueued
[234.133s][info][gc,ref      ] GC(135) Phantom: 589 encountered, 299 discovered, 0 enqueued
[234.133s][info][gc,reloc    ] GC(135) Small Pages: 96 / 192M, Empty: 0M, Relocated: 1M, In-Place: 0
[234.133s][info][gc,reloc    ] GC(135) Medium Pages: 1 / 32M, Empty: 0M, Relocated: 0M, In-Place: 0
[234.133s][info][gc,reloc    ] GC(135) Large Pages: 0 / 0M, Empty: 0M, Relocated: 0M, In-Place: 0
[234.133s][info][gc,reloc    ] GC(135) Forwarding Usage: 0M
[234.133s][info][gc,heap     ] GC(135) Min Capacity: 8192M(100%)
[234.133s][info][gc,heap     ] GC(135) Max Capacity: 8192M(100%)
[234.133s][info][gc,heap     ] GC(135) Soft Max Capacity: 8192M(100%)
[234.133s][info][gc,heap     ] GC(135)                Mark Start          Mark End        Relocate Start      Relocate End           High               Low         
[234.133s][info][gc,heap     ] GC(135)  Capacity:     8192M (100%)       8192M (100%)       8192M (100%)       8192M (100%)       8192M (100%)       8192M (100%)   
[234.133s][info][gc,heap     ] GC(135)      Free:     7968M (97%)        7966M (97%)        7966M (97%)        7984M (97%)        7984M (97%)        7962M (97%)    
[234.133s][info][gc,heap     ] GC(135)      Used:      224M (3%)          226M (3%)          226M (3%)          208M (3%)          230M (3%)          208M (3%)     
[234.133s][info][gc,heap     ] GC(135)      Live:         -               174M (2%)          174M (2%)          174M (2%)             -                  -          
[234.133s][info][gc,heap     ] GC(135) Allocated:         -                 2M (0%)            2M (0%)            2M (0%)             -                  -          
[234.133s][info][gc,heap     ] GC(135)   Garbage:         -                49M (1%)           49M (1%)           31M (0%)             -                  -          
[234.133s][info][gc,heap     ] GC(135) Reclaimed:         -                  -                 0M (0%)           18M (0%)             -                  -          
[234.133s][info][gc          ] GC(135) Garbage Collection (System.gc()) 224M(3%)->208M(3%)
[236.528s][info][gc,start    ] GC(136) Garbage Collection (Allocation Rate)
[236.528s][info][gc,task     ] GC(136) Using 2 workers
[236.528s][info][gc,phases   ] GC(136) Pause Mark Start 0.008ms
[237.083s][info][gc,phases   ] GC(136) Concurrent Mark 554.671ms
[237.083s][info][gc,phases   ] GC(136) Pause Mark End 0.021ms
[237.083s][info][gc,phases   ] GC(136) Concurrent Mark Free 0.001ms
[237.094s][info][gc,phases   ] GC(136) Concurrent Process Non-Strong References 10.999ms
[237.094s][info][gc,phases   ] GC(136) Concurrent Reset Relocation Set 0.001ms
[237.116s][info][gc,phases   ] GC(136) Concurrent Select Relocation Set 22.181ms
[237.116s][info][gc,phases   ] GC(136) Pause Relocate Start 0.009ms
[237.269s][info][gc,phases   ] GC(136) Concurrent Relocate 152.707ms
[237.269s][info][gc,load     ] GC(136) Load: 0.00/0.00/0.00
[237.269s][info][gc,mmu      ] GC(136) MMU: 2ms/96.0%, 5ms/98.4%, 10ms/99.2%, 20ms/99.6%, 50ms/99.8%, 100ms/99.9%
[237.269s][info][gc,marking  ] GC(136) Mark: 2 stripe(s), 2 proactive flush(es), 1 terminate flush(es), 0 completion(s), 0 continuation(s) 
[237.269s][info][gc,marking  ] GC(136) Mark Stack Usage: 32M
[237.269s][info][gc,nmethod  ] GC(136) NMethods: 12313 registered, 773 unregistered
[237.269s][info][gc,metaspace] GC(136) Metaspace: 73M used, 73M committed, 1152M reserved
[237.269s][info][gc,ref      ] GC(136) Soft: 5944 encountered, 0 discovered, 0 enqueued
[237.269s][info][gc,ref      ] GC(136) Weak: 6700 encountered, 817 discovered, 20 enqueued
[237.269s][info][gc,ref      ] GC(136) Final: 53 encountered, 0 discovered, 0 enqueued
[237.269s][info][gc,ref      ] GC(136) Phantom: 589 encountered, 321 discovered, 0 enqueued
[237.269s][info][gc,reloc    ] GC(136) Small Pages: 2213 / 4426M, Empty: 2614M, Relocated: 96M, In-Place: 0
[237.269s][info][gc,reloc    ] GC(136) Medium Pages: 5 / 160M, Empty: 96M, Relocated: 18M, In-Place: 0
[237.269s][info][gc,reloc    ] GC(136) Large Pages: 30 / 212M, Empty: 172M, Relocated: 0M, In-Place: 0
[237.269s][info][gc,reloc    ] GC(136) Forwarding Usage: 96M
[237.269s][info][gc,heap     ] GC(136) Min Capacity: 8192M(100%)
[237.269s][info][gc,heap     ] GC(136) Max Capacity: 8192M(100%)
[237.269s][info][gc,heap     ] GC(136) Soft Max Capacity: 8192M(100%)
[237.269s][info][gc,heap     ] GC(136)                Mark Start          Mark End        Relocate Start      Relocate End           High               Low         
[237.269s][info][gc,heap     ] GC(136)  Capacity:     8192M (100%)       8192M (100%)       8192M (100%)       8192M (100%)       8192M (100%)       8192M (100%)   
[237.269s][info][gc,heap     ] GC(136)      Free:     3394M (41%)        3034M (37%)        5842M (71%)        7212M (88%)        7212M (88%)        3010M (37%)    
[237.269s][info][gc,heap     ] GC(136)      Used:     4798M (59%)        5158M (63%)        2350M (29%)         980M (12%)        5182M (63%)         980M (12%)    
[237.269s][info][gc,heap     ] GC(136)      Live:         -               316M (4%)          316M (4%)          316M (4%)             -                  -          
[237.270s][info][gc,heap     ] GC(136) Allocated:         -               360M (4%)          434M (5%)          639M (8%)             -                  -          
[237.270s][info][gc,heap     ] GC(136)   Garbage:         -              4481M (55%)        1599M (20%)          23M (0%)             -                  -          
[237.270s][info][gc,heap     ] GC(136) Reclaimed:         -                  -              2882M (35%)        4457M (54%)            -                  -          
[237.270s][info][gc          ] GC(136) Garbage Collection (Allocation Rate) 4798M(59%)->980M(12%)
[238.119s][info][gc,start    ] GC(137) Garbage Collection (Allocation Rate)
[238.119s][info][gc,task     ] GC(137) Using 2 workers
[238.119s][info][gc,phases   ] GC(137) Pause Mark Start 0.010ms
[238.484s][info][gc,phases   ] GC(137) Concurrent Mark 364.133ms
[238.484s][info][gc,phases   ] GC(137) Pause Mark End 0.020ms
[238.484s][info][gc,phases   ] GC(137) Concurrent Mark Free 0.001ms
[238.496s][info][gc,phases   ] GC(137) Concurrent Process Non-Strong References 12.006ms
[238.496s][info][gc,phases   ] GC(137) Concurrent Reset Relocation Set 0.095ms
[238.505s][info][gc,phases   ] GC(137) Concurrent Select Relocation Set 9.338ms
[238.506s][info][gc,phases   ] GC(137) Pause Relocate Start 0.009ms
[238.590s][info][gc,phases   ] GC(137) Concurrent Relocate 84.469ms
[238.590s][info][gc,load     ] GC(137) Load: 0.00/0.00/0.00
[238.590s][info][gc,mmu      ] GC(137) MMU: 2ms/96.0%, 5ms/98.4%, 10ms/99.2%, 20ms/99.6%, 50ms/99.8%, 100ms/99.9%
[238.590s][info][gc,marking  ] GC(137) Mark: 2 stripe(s), 2 proactive flush(es), 1 terminate flush(es), 0 completion(s), 0 continuation(s) 
[238.590s][info][gc,marking  ] GC(137) Mark Stack Usage: 32M
[238.590s][info][gc,nmethod  ] GC(137) NMethods: 12320 registered, 773 unregistered
[238.590s][info][gc,metaspace] GC(137) Metaspace: 73M used, 73M committed, 1152M reserved
[238.590s][info][gc,ref      ] GC(137) Soft: 5940 encountered, 0 discovered, 0 enqueued
[238.590s][info][gc,ref      ] GC(137) Weak: 6974 encountered, 1190 discovered, 363 enqueued
[238.590s][info][gc,ref      ] GC(137) Final: 53 encountered, 0 discovered, 0 enqueued
[238.590s][info][gc,ref      ] GC(137) Phantom: 589 encountered, 324 discovered, 0 enqueued
[238.590s][info][gc,reloc    ] GC(137) Small Pages: 1005 / 2010M, Empty: 1044M, Relocated: 43M, In-Place: 0
[238.590s][info][gc,reloc    ] GC(137) Medium Pages: 7 / 224M, Empty: 96M, Relocated: 24M, In-Place: 0
[238.590s][info][gc,reloc    ] GC(137) Large Pages: 24 / 160M, Empty: 160M, Relocated: 0M, In-Place: 0
[238.590s][info][gc,reloc    ] GC(137) Forwarding Usage: 38M
[238.590s][info][gc,heap     ] GC(137) Min Capacity: 8192M(100%)
[238.590s][info][gc,heap     ] GC(137) Max Capacity: 8192M(100%)
[238.590s][info][gc,heap     ] GC(137) Soft Max Capacity: 8192M(100%)
[238.590s][info][gc,heap     ] GC(137)                Mark Start          Mark End        Relocate Start      Relocate End           High               Low         
[238.590s][info][gc,heap     ] GC(137)  Capacity:     8192M (100%)       8192M (100%)       8192M (100%)       8192M (100%)       8192M (100%)       8192M (100%)   
[238.591s][info][gc,heap     ] GC(137)      Free:     5798M (71%)        4960M (61%)        6190M (76%)        6788M (83%)        6788M (83%)        4912M (60%)    
[238.591s][info][gc,heap     ] GC(137)      Used:     2394M (29%)        3232M (39%)        2002M (24%)        1404M (17%)        3280M (40%)        1404M (17%)    
[238.591s][info][gc,heap     ] GC(137)      Live:         -               251M (3%)          251M (3%)          251M (3%)             -                  -          
[238.591s][info][gc,heap     ] GC(137) Allocated:         -               838M (10%)         908M (11%)        1125M (14%)            -                  -          
[238.591s][info][gc,heap     ] GC(137)   Garbage:         -              2142M (26%)         842M (10%)          26M (0%)             -                  -          
[238.591s][info][gc,heap     ] GC(137) Reclaimed:         -                  -              1300M (16%)        2115M (26%)            -                  -          
[238.591s][info][gc          ] GC(137) Garbage Collection (Allocation Rate) 2394M(29%)->1404M(17%)
[238.652s][info][gc,start    ] GC(138) Garbage Collection (System.gc())
[238.652s][info][gc,task     ] GC(138) Using 2 workers
[238.652s][info][gc,phases   ] GC(138) Pause Mark Start 0.007ms
[238.789s][info][gc,phases   ] GC(138) Concurrent Mark 136.203ms
[238.789s][info][gc,phases   ] GC(138) Pause Mark End 0.029ms
[238.789s][info][gc,phases   ] GC(138) Concurrent Mark Free 0.002ms
[238.800s][info][gc,phases   ] GC(138) Concurrent Process Non-Strong References 10.701ms
[238.800s][info][gc,phases   ] GC(138) Concurrent Reset Relocation Set 0.039ms
[238.805s][info][gc,phases   ] GC(138) Concurrent Select Relocation Set 4.752ms
[238.805s][info][gc,phases   ] GC(138) Pause Relocate Start 0.013ms
[238.807s][info][gc,phases   ] GC(138) Concurrent Relocate 1.828ms
[238.807s][info][gc,load     ] GC(138) Load: 0.00/0.00/0.00
[238.807s][info][gc,mmu      ] GC(138) MMU: 2ms/96.0%, 5ms/98.4%, 10ms/99.2%, 20ms/99.6%, 50ms/99.8%, 100ms/99.9%
[238.807s][info][gc,marking  ] GC(138) Mark: 2 stripe(s), 2 proactive flush(es), 1 terminate flush(es), 0 completion(s), 0 continuation(s) 
[238.807s][info][gc,marking  ] GC(138) Mark Stack Usage: 32M
[238.807s][info][gc,nmethod  ] GC(138) NMethods: 12320 registered, 773 unregistered
[238.807s][info][gc,metaspace] GC(138) Metaspace: 73M used, 73M committed, 1152M reserved
[238.807s][info][gc,ref      ] GC(138) Soft: 5936 encountered, 0 discovered, 0 enqueued
[238.807s][info][gc,ref      ] GC(138) Weak: 6628 encountered, 986 discovered, 237 enqueued
[238.807s][info][gc,ref      ] GC(138) Final: 53 encountered, 4 discovered, 0 enqueued
[238.807s][info][gc,ref      ] GC(138) Phantom: 589 encountered, 298 discovered, 0 enqueued
[238.807s][info][gc,reloc    ] GC(138) Small Pages: 628 / 1256M, Empty: 1030M, Relocated: 1M, In-Place: 0
[238.807s][info][gc,reloc    ] GC(138) Medium Pages: 6 / 192M, Empty: 160M, Relocated: 0M, In-Place: 0
[238.807s][info][gc,reloc    ] GC(138) Large Pages: 22 / 132M, Empty: 132M, Relocated: 0M, In-Place: 0
[238.807s][info][gc,reloc    ] GC(138) Forwarding Usage: 0M
[238.807s][info][gc,heap     ] GC(138) Min Capacity: 8192M(100%)
[238.807s][info][gc,heap     ] GC(138) Max Capacity: 8192M(100%)
[238.807s][info][gc,heap     ] GC(138) Soft Max Capacity: 8192M(100%)
[238.807s][info][gc,heap     ] GC(138)                Mark Start          Mark End        Relocate Start      Relocate End           High               Low         
[238.807s][info][gc,heap     ] GC(138)  Capacity:     8192M (100%)       8192M (100%)       8192M (100%)       8192M (100%)       8192M (100%)       8192M (100%)   
[238.807s][info][gc,heap     ] GC(138)      Free:     6612M (81%)        6610M (81%)        7922M (97%)        7974M (97%)        7974M (97%)        6610M (81%)    
[238.807s][info][gc,heap     ] GC(138)      Used:     1580M (19%)        1582M (19%)         270M (3%)          218M (3%)         1582M (19%)         218M (3%)     
[238.807s][info][gc,heap     ] GC(138)      Live:         -               174M (2%)          174M (2%)          174M (2%)             -                  -          
[238.807s][info][gc,heap     ] GC(138) Allocated:         -                 2M (0%)           12M (0%)           12M (0%)             -                  -          
[238.807s][info][gc,heap     ] GC(138)   Garbage:         -              1405M (17%)          83M (1%)           31M (0%)             -                  -          
[238.807s][info][gc,heap     ] GC(138) Reclaimed:         -                  -              1322M (16%)        1374M (17%)            -                  -          
[238.807s][info][gc          ] GC(138) Garbage Collection (System.gc()) 1580M(19%)->218M(3%)
[240.316s][info][gc,stats    ] === Garbage Collection Statistics =======================================================================================================================
[240.316s][info][gc,stats    ]                                                              Last 10s              Last 10m              Last 10h                Total
[240.316s][info][gc,stats    ]                                                              Avg / Max             Avg / Max             Avg / Max             Avg / Max
[240.316s][info][gc,stats    ]   Collector: Garbage Collection Cycle                    396.119 / 741.391     422.346 / 983.217     422.346 / 983.217     422.346 / 983.217     ms
[240.316s][info][gc,stats    ]  Contention: Mark Segment Reset Contention                     0 / 3                 2 / 24                2 / 24                2 / 24          ops/s
[240.316s][info][gc,stats    ]  Contention: Mark SeqNum Reset Contention                      0 / 0                 0 / 2                 0 / 2                 0 / 2           ops/s
[240.316s][info][gc,stats    ]    Critical: Allocation Stall                                  0 / 0                 0 / 0                 0 / 0                 0 / 0           ops/s
[240.316s][info][gc,stats    ]    Critical: Allocation Stall                              0.000 / 0.000         0.000 / 0.000         0.000 / 0.000         0.000 / 0.000       ms
[240.316s][info][gc,stats    ]    Critical: GC Locker Stall                                   0 / 0                 0 / 0                 0 / 0                 0 / 0           ops/s
[240.316s][info][gc,stats    ]    Critical: GC Locker Stall                               0.000 / 0.000         0.000 / 0.000         0.000 / 0.000         0.000 / 0.000       ms
[240.316s][info][gc,stats    ]    Critical: Relocation Stall                                  0 / 0                 0 / 0                 0 / 0                 0 / 0           ops/s
[240.316s][info][gc,stats    ]    Critical: Relocation Stall                              0.000 / 0.000         0.000 / 0.000         0.000 / 0.000         0.000 / 0.000       ms
[240.316s][info][gc,stats    ]      Memory: Allocation Rate                                1630 / 2306           1570 / 3876           1570 / 3876           1570 / 3876        MB/s
[240.316s][info][gc,stats    ]      Memory: Out Of Memory                                     0 / 0                 0 / 0                 0 / 0                 0 / 0           ops/s
[240.316s][info][gc,stats    ]      Memory: Page Cache Flush                                  0 / 0                 0 / 0                 0 / 0                 0 / 0           MB/s
[240.316s][info][gc,stats    ]      Memory: Page Cache Hit L1                               746 / 1109            719 / 1729            719 / 1729            719 / 1729        ops/s
[240.316s][info][gc,stats    ]      Memory: Page Cache Hit L2                                 0 / 0                 0 / 0                 0 / 0                 0 / 0           ops/s
[240.316s][info][gc,stats    ]      Memory: Page Cache Hit L3                                 5 / 50               10 / 527              10 / 527              10 / 527         ops/s
[240.316s][info][gc,stats    ]      Memory: Page Cache Miss                                   0 / 0                 0 / 1                 0 / 1                 0 / 1           ops/s
[240.316s][info][gc,stats    ]      Memory: Uncommit                                          0 / 0                 0 / 0                 0 / 0                 0 / 0           MB/s
[240.316s][info][gc,stats    ]      Memory: Undo Object Allocation Failed                     0 / 0                 0 / 1                 0 / 1                 0 / 1           ops/s
[240.316s][info][gc,stats    ]      Memory: Undo Object Allocation Succeeded                  1 / 13                4 / 101               4 / 101               4 / 101         ops/s
[240.316s][info][gc,stats    ]      Memory: Undo Page Allocation                              0 / 0                 0 / 1                 0 / 1                 0 / 1           ops/s
[240.316s][info][gc,stats    ]       Phase: Concurrent Mark                             306.538 / 554.671     322.361 / 972.666     322.361 / 972.666     322.361 / 972.666     ms
[240.317s][info][gc,stats    ]       Phase: Concurrent Mark Continue                      0.000 / 0.000         0.000 / 0.000         0.000 / 0.000         0.000 / 0.000       ms
[240.317s][info][gc,stats    ]       Phase: Concurrent Mark Free                          0.001 / 0.002         0.004 / 0.317         0.004 / 0.317         0.004 / 0.317       ms
[240.317s][info][gc,stats    ]       Phase: Concurrent Process Non-Strong References     10.910 / 12.006        9.805 / 15.785        9.805 / 15.785        9.805 / 15.785      ms
[240.317s][info][gc,stats    ]       Phase: Concurrent Relocate                          64.975 / 152.707      74.595 / 226.884      74.595 / 226.884      74.595 / 226.884     ms
[240.317s][info][gc,stats    ]       Phase: Concurrent Reset Relocation Set               0.039 / 0.095         0.038 / 0.132         0.038 / 0.132         0.038 / 0.132       ms
[240.317s][info][gc,stats    ]       Phase: Concurrent Select Relocation Set             12.629 / 29.127       14.385 / 41.971       14.385 / 41.971       14.385 / 41.971      ms
[240.317s][info][gc,stats    ]       Phase: Pause Mark End                                0.025 / 0.031         0.025 / 0.081         0.025 / 0.081         0.025 / 0.081       ms
[240.317s][info][gc,stats    ]       Phase: Pause Mark Start                              0.007 / 0.010         0.007 / 0.011         0.007 / 0.011         0.007 / 0.011       ms
[240.317s][info][gc,stats    ]       Phase: Pause Relocate Start                          0.011 / 0.018         0.012 / 0.032         0.012 / 0.032         0.012 / 0.032       ms
[240.317s][info][gc,stats    ]    Subphase: Concurrent Classes Purge                      0.457 / 0.553         0.397 / 0.716         0.397 / 0.716         0.397 / 0.716       ms
[240.317s][info][gc,stats    ]    Subphase: Concurrent Classes Unlink                     9.329 / 10.086        8.263 / 12.957        8.263 / 12.957        8.263 / 12.957      ms
[240.317s][info][gc,stats    ]    Subphase: Concurrent Mark                             298.010 / 551.136     313.920 / 969.741     313.920 / 969.741     313.920 / 969.741     ms
[240.317s][info][gc,stats    ]    Subphase: Concurrent Mark Try Flush                     0.179 / 0.504         0.176 / 1.725         0.176 / 1.725         0.176 / 1.725       ms
[240.317s][info][gc,stats    ]    Subphase: Concurrent Mark Try Terminate                 4.271 / 15.587        4.647 / 16.632        4.647 / 16.632        4.647 / 16.632      ms
[240.317s][info][gc,stats    ]    Subphase: Concurrent References Enqueue                 0.006 / 0.007         0.005 / 0.008         0.005 / 0.008         0.005 / 0.008       ms
[240.317s][info][gc,stats    ]    Subphase: Concurrent References Process                 0.199 / 0.299         0.189 / 0.610         0.189 / 0.610         0.189 / 0.610       ms
[240.317s][info][gc,stats    ]    Subphase: Concurrent Roots ClassLoaderDataGraph         0.109 / 0.243         0.119 / 0.376         0.119 / 0.376         0.119 / 0.376       ms
[240.317s][info][gc,stats    ]    Subphase: Concurrent Roots CodeCache                    0.000 / 0.000         0.000 / 0.000         0.000 / 0.000         0.000 / 0.000       ms
[240.317s][info][gc,stats    ]    Subphase: Concurrent Roots JavaThreads                  3.335 / 3.753         4.313 / 8.610         4.313 / 8.610         4.313 / 8.610       ms
[240.317s][info][gc,stats    ]    Subphase: Concurrent Roots OopStorageSet                0.047 / 0.058         0.046 / 0.142         0.046 / 0.142         0.046 / 0.142       ms
[240.317s][info][gc,stats    ]    Subphase: Concurrent Weak Roots OopStorageSet           0.643 / 0.891         0.591 / 1.025         0.591 / 1.025         0.591 / 1.025       ms
[240.317s][info][gc,stats    ]    Subphase: Pause Mark Try Complete                       0.000 / 0.000         0.007 / 0.017         0.007 / 0.017         0.007 / 0.017       ms
[240.317s][info][gc,stats    ]      System: Java Threads                                    264 / 266             245 / 267             245 / 267             245 / 267         threads
[240.317s][info][gc,stats    ] =========================================================================================================================================================
[241.023s][info][gc,start    ] GC(139) Garbage Collection (Allocation Rate)
[241.023s][info][gc,task     ] GC(139) Using 2 workers
[241.023s][info][gc,phases   ] GC(139) Pause Mark Start 0.005ms
[241.647s][info][gc,phases   ] GC(139) Concurrent Mark 624.430ms
[241.648s][info][gc,phases   ] GC(139) Pause Mark End 0.066ms
[241.648s][info][gc,phases   ] GC(139) Concurrent Mark Free 0.001ms
[241.660s][info][gc,phases   ] GC(139) Concurrent Process Non-Strong References 12.452ms
[241.660s][info][gc,phases   ] GC(139) Concurrent Reset Relocation Set 0.004ms
[241.694s][info][gc,phases   ] GC(139) Concurrent Select Relocation Set 34.116ms
[241.695s][info][gc,phases   ] GC(139) Pause Relocate Start 0.009ms
[241.914s][info][gc,phases   ] GC(139) Concurrent Relocate 219.491ms
[241.914s][info][gc,load     ] GC(139) Load: 0.00/0.00/0.00
[241.914s][info][gc,mmu      ] GC(139) MMU: 2ms/96.0%, 5ms/98.4%, 10ms/99.2%, 20ms/99.6%, 50ms/99.8%, 100ms/99.9%
[241.914s][info][gc,marking  ] GC(139) Mark: 2 stripe(s), 2 proactive flush(es), 1 terminate flush(es), 1 completion(s), 0 continuation(s) 
[241.914s][info][gc,marking  ] GC(139) Mark Stack Usage: 32M
[241.914s][info][gc,nmethod  ] GC(139) NMethods: 12332 registered, 773 unregistered
[241.914s][info][gc,metaspace] GC(139) Metaspace: 73M used, 73M committed, 1152M reserved
[241.914s][info][gc,ref      ] GC(139) Soft: 5944 encountered, 0 discovered, 0 enqueued
[241.914s][info][gc,ref      ] GC(139) Weak: 6708 encountered, 960 discovered, 65 enqueued
[241.914s][info][gc,ref      ] GC(139) Final: 53 encountered, 4 discovered, 0 enqueued
[241.914s][info][gc,ref      ] GC(139) Phantom: 589 encountered, 364 discovered, 0 enqueued
[241.914s][info][gc,reloc    ] GC(139) Small Pages: 2186 / 4372M, Empty: 2130M, Relocated: 190M, In-Place: 0
[241.915s][info][gc,reloc    ] GC(139) Medium Pages: 5 / 160M, Empty: 128M, Relocated: 0M, In-Place: 0
[241.915s][info][gc,reloc    ] GC(139) Large Pages: 30 / 212M, Empty: 148M, Relocated: 0M, In-Place: 0
[241.915s][info][gc,reloc    ] GC(139) Forwarding Usage: 145M
[241.915s][info][gc,heap     ] GC(139) Min Capacity: 8192M(100%)
[241.915s][info][gc,heap     ] GC(139) Max Capacity: 8192M(100%)
[241.915s][info][gc,heap     ] GC(139) Soft Max Capacity: 8192M(100%)
[241.915s][info][gc,heap     ] GC(139)                Mark Start          Mark End        Relocate Start      Relocate End           High               Low         
[241.915s][info][gc,heap     ] GC(139)  Capacity:     8192M (100%)       8192M (100%)       8192M (100%)       8192M (100%)       8192M (100%)       8192M (100%)   
[241.915s][info][gc,heap     ] GC(139)      Free:     3448M (42%)        3286M (40%)        5580M (68%)        7134M (87%)        7212M (88%)        3246M (40%)    
[241.915s][info][gc,heap     ] GC(139)      Used:     4744M (58%)        4906M (60%)        2612M (32%)        1058M (13%)        4946M (60%)         980M (12%)    
[241.915s][info][gc,heap     ] GC(139)      Live:         -               428M (5%)          428M (5%)          428M (5%)             -                  -          
[241.915s][info][gc,heap     ] GC(139) Allocated:         -               162M (2%)          274M (3%)          595M (7%)             -                  -          
[241.915s][info][gc,heap     ] GC(139)   Garbage:         -              4315M (53%)        1909M (23%)          33M (0%)             -                  -          
[241.915s][info][gc,heap     ] GC(139) Reclaimed:         -                  -              2406M (29%)        4281M (52%)            -                  -          
[241.915s][info][gc          ] GC(139) Garbage Collection (Allocation Rate) 4744M(58%)->1058M(13%)
[242.024s][info][gc,start    ] GC(140) Garbage Collection (Allocation Rate)
[242.024s][info][gc,task     ] GC(140) Using 2 workers
[242.025s][info][gc,phases   ] GC(140) Pause Mark Start 0.006ms
[242.263s][info][gc,phases   ] GC(140) Concurrent Mark 238.592ms
[242.263s][info][gc,phases   ] GC(140) Pause Mark End 0.022ms
[242.263s][info][gc,phases   ] GC(140) Concurrent Mark Free 0.001ms
[242.273s][info][gc,phases   ] GC(140) Concurrent Process Non-Strong References 9.915ms
[242.274s][info][gc,phases   ] GC(140) Concurrent Reset Relocation Set 0.102ms
[242.285s][info][gc,phases   ] GC(140) Concurrent Select Relocation Set 11.524ms
[242.285s][info][gc,phases   ] GC(140) Pause Relocate Start 0.013ms
[242.318s][info][gc,phases   ] GC(140) Concurrent Relocate 32.652ms
[242.318s][info][gc,load     ] GC(140) Load: 0.00/0.00/0.00
[242.318s][info][gc,mmu      ] GC(140) MMU: 2ms/96.0%, 5ms/98.4%, 10ms/99.2%, 20ms/99.6%, 50ms/99.8%, 100ms/99.9%
[242.318s][info][gc,marking  ] GC(140) Mark: 2 stripe(s), 2 proactive flush(es), 1 terminate flush(es), 0 completion(s), 0 continuation(s) 
[242.318s][info][gc,marking  ] GC(140) Mark Stack Usage: 32M
[242.318s][info][gc,nmethod  ] GC(140) NMethods: 12334 registered, 773 unregistered
[242.318s][info][gc,metaspace] GC(140) Metaspace: 73M used, 73M committed, 1152M reserved
[242.318s][info][gc,ref      ] GC(140) Soft: 5941 encountered, 0 discovered, 0 enqueued
[242.318s][info][gc,ref      ] GC(140) Weak: 6755 encountered, 972 discovered, 220 enqueued
[242.318s][info][gc,ref      ] GC(140) Final: 53 encountered, 28 discovered, 0 enqueued
[242.318s][info][gc,ref      ] GC(140) Phantom: 591 encountered, 320 discovered, 0 enqueued
[242.318s][info][gc,reloc    ] GC(140) Small Pages: 473 / 946M, Empty: 514M, Relocated: 25M, In-Place: 0
[242.318s][info][gc,reloc    ] GC(140) Medium Pages: 4 / 128M, Empty: 96M, Relocated: 0M, In-Place: 0
[242.318s][info][gc,reloc    ] GC(140) Large Pages: 18 / 124M, Empty: 100M, Relocated: 0M, In-Place: 0
[242.318s][info][gc,reloc    ] GC(140) Forwarding Usage: 26M
[242.318s][info][gc,heap     ] GC(140) Min Capacity: 8192M(100%)
[242.318s][info][gc,heap     ] GC(140) Max Capacity: 8192M(100%)
[242.318s][info][gc,heap     ] GC(140) Soft Max Capacity: 8192M(100%)
[242.318s][info][gc,heap     ] GC(140)                Mark Start          Mark End        Relocate Start      Relocate End           High               Low         
[242.318s][info][gc,heap     ] GC(140)  Capacity:     8192M (100%)       8192M (100%)       8192M (100%)       8192M (100%)       8192M (100%)       8192M (100%)   
[242.318s][info][gc,heap     ] GC(140)      Free:     6994M (85%)        6594M (80%)        7286M (89%)        7488M (91%)        7490M (91%)        6586M (80%)    
[242.318s][info][gc,heap     ] GC(140)      Used:     1198M (15%)        1598M (20%)         906M (11%)         704M (9%)         1606M (20%)         702M (9%)     
[242.318s][info][gc,heap     ] GC(140)      Live:         -               221M (3%)          221M (3%)          221M (3%)             -                  -          
[242.318s][info][gc,heap     ] GC(140) Allocated:         -               400M (5%)          418M (5%)          449M (5%)             -                  -          
[242.318s][info][gc,heap     ] GC(140)   Garbage:         -               976M (12%)         266M (3%)           32M (0%)             -                  -          
[242.318s][info][gc,heap     ] GC(140) Reclaimed:         -                  -               710M (9%)          943M (12%)            -                  -          
[242.318s][info][gc          ] GC(140) Garbage Collection (Allocation Rate) 1198M(15%)->704M(9%)
[243.471s][info][gc,start    ] GC(141) Garbage Collection (System.gc())
[243.471s][info][gc,task     ] GC(141) Using 2 workers
[243.471s][info][gc,phases   ] GC(141) Pause Mark Start 0.005ms
[243.615s][info][gc,phases   ] GC(141) Concurrent Mark 143.535ms
[243.615s][info][gc,phases   ] GC(141) Pause Mark End 0.025ms
[243.615s][info][gc,phases   ] GC(141) Concurrent Mark Free 0.002ms
[243.626s][info][gc,phases   ] GC(141) Concurrent Process Non-Strong References 10.592ms
[243.626s][info][gc,phases   ] GC(141) Concurrent Reset Relocation Set 0.011ms
[243.630s][info][gc,phases   ] GC(141) Concurrent Select Relocation Set 4.221ms
[243.630s][info][gc,phases   ] GC(141) Pause Relocate Start 0.015ms
[243.632s][info][gc,phases   ] GC(141) Concurrent Relocate 1.317ms
[243.632s][info][gc,load     ] GC(141) Load: 0.00/0.00/0.00
[243.632s][info][gc,mmu      ] GC(141) MMU: 2ms/96.0%, 5ms/98.4%, 10ms/99.2%, 20ms/99.6%, 50ms/99.8%, 100ms/99.9%
[243.632s][info][gc,marking  ] GC(141) Mark: 2 stripe(s), 2 proactive flush(es), 1 terminate flush(es), 0 completion(s), 0 continuation(s) 
[243.632s][info][gc,marking  ] GC(141) Mark Stack Usage: 32M
[243.632s][info][gc,nmethod  ] GC(141) NMethods: 12344 registered, 773 unregistered
[243.632s][info][gc,metaspace] GC(141) Metaspace: 73M used, 73M committed, 1152M reserved
[243.632s][info][gc,ref      ] GC(141) Soft: 5936 encountered, 0 discovered, 0 enqueued
[243.632s][info][gc,ref      ] GC(141) Weak: 6772 encountered, 1152 discovered, 380 enqueued
[243.632s][info][gc,ref      ] GC(141) Final: 53 encountered, 4 discovered, 0 enqueued
[243.632s][info][gc,ref      ] GC(141) Phantom: 588 encountered, 286 discovered, 0 enqueued
[243.632s][info][gc,reloc    ] GC(141) Small Pages: 1226 / 2452M, Empty: 2196M, Relocated: 1M, In-Place: 0
[243.632s][info][gc,reloc    ] GC(141) Medium Pages: 9 / 288M, Empty: 256M, Relocated: 0M, In-Place: 0
[243.632s][info][gc,reloc    ] GC(141) Large Pages: 33 / 198M, Empty: 198M, Relocated: 0M, In-Place: 0
[243.632s][info][gc,reloc    ] GC(141) Forwarding Usage: 1M
[243.632s][info][gc,heap     ] GC(141) Min Capacity: 8192M(100%)
[243.632s][info][gc,heap     ] GC(141) Max Capacity: 8192M(100%)
[243.632s][info][gc,heap     ] GC(141) Soft Max Capacity: 8192M(100%)
[243.632s][info][gc,heap     ] GC(141)                Mark Start          Mark End        Relocate Start      Relocate End           High               Low         
[243.632s][info][gc,heap     ] GC(141)  Capacity:     8192M (100%)       8192M (100%)       8192M (100%)       8192M (100%)       8192M (100%)       8192M (100%)   
[243.632s][info][gc,heap     ] GC(141)      Free:     5254M (64%)        5252M (64%)        7892M (96%)        7972M (97%)        7972M (97%)        5252M (64%)    
[243.632s][info][gc,heap     ] GC(141)      Used:     2938M (36%)        2940M (36%)         300M (4%)          220M (3%)         2940M (36%)         220M (3%)     
[243.632s][info][gc,heap     ] GC(141)      Live:         -               174M (2%)          174M (2%)          174M (2%)             -                  -          
[243.632s][info][gc,heap     ] GC(141) Allocated:         -                 2M (0%)           12M (0%)           13M (0%)             -                  -          
[243.632s][info][gc,heap     ] GC(141)   Garbage:         -              2763M (34%)         113M (1%)           31M (0%)             -                  -          
[243.632s][info][gc,heap     ] GC(141) Reclaimed:         -                  -              2650M (32%)        2731M (33%)            -                  -          
[243.632s][info][gc          ] GC(141) Garbage Collection (System.gc()) 2938M(36%)->220M(3%)
[245.916s][info][gc,start    ] GC(142) Garbage Collection (Allocation Rate)
[245.916s][info][gc,task     ] GC(142) Using 2 workers
[245.916s][info][gc,phases   ] GC(142) Pause Mark Start 0.009ms
[246.418s][info][gc,phases   ] GC(142) Concurrent Mark 501.841ms
[246.418s][info][gc,phases   ] GC(142) Pause Mark End 0.012ms
[246.418s][info][gc,phases   ] GC(142) Concurrent Mark Free 0.001ms
[246.429s][info][gc,phases   ] GC(142) Concurrent Process Non-Strong References 10.890ms
[246.429s][info][gc,phases   ] GC(142) Concurrent Reset Relocation Set 0.003ms
[246.455s][info][gc,phases   ] GC(142) Concurrent Select Relocation Set 25.753ms
[246.455s][info][gc,phases   ] GC(142) Pause Relocate Start 0.021ms
[246.604s][info][gc,phases   ] GC(142) Concurrent Relocate 148.614ms
[246.604s][info][gc,load     ] GC(142) Load: 0.00/0.00/0.00
[246.604s][info][gc,mmu      ] GC(142) MMU: 2ms/96.0%, 5ms/98.4%, 10ms/99.2%, 20ms/99.6%, 50ms/99.8%, 100ms/99.9%
[246.604s][info][gc,marking  ] GC(142) Mark: 2 stripe(s), 2 proactive flush(es), 1 terminate flush(es), 0 completion(s), 0 continuation(s) 
[246.604s][info][gc,marking  ] GC(142) Mark Stack Usage: 32M
[246.604s][info][gc,nmethod  ] GC(142) NMethods: 12356 registered, 773 unregistered
[246.604s][info][gc,metaspace] GC(142) Metaspace: 73M used, 73M committed, 1152M reserved
[246.604s][info][gc,ref      ] GC(142) Soft: 5944 encountered, 0 discovered, 0 enqueued
[246.604s][info][gc,ref      ] GC(142) Weak: 6716 encountered, 627 discovered, 91 enqueued
[246.604s][info][gc,ref      ] GC(142) Final: 53 encountered, 0 discovered, 0 enqueued
[246.604s][info][gc,ref      ] GC(142) Phantom: 588 encountered, 288 discovered, 0 enqueued
[246.604s][info][gc,reloc    ] GC(142) Small Pages: 2215 / 4430M, Empty: 2614M, Relocated: 97M, In-Place: 0
[246.604s][info][gc,reloc    ] GC(142) Medium Pages: 5 / 160M, Empty: 96M, Relocated: 12M, In-Place: 0
[246.604s][info][gc,reloc    ] GC(142) Large Pages: 30 / 212M, Empty: 172M, Relocated: 0M, In-Place: 0
[246.604s][info][gc,reloc    ] GC(142) Forwarding Usage: 96M
[246.604s][info][gc,heap     ] GC(142) Min Capacity: 8192M(100%)
[246.604s][info][gc,heap     ] GC(142) Max Capacity: 8192M(100%)
[246.604s][info][gc,heap     ] GC(142) Soft Max Capacity: 8192M(100%)
[246.604s][info][gc,heap     ] GC(142)                Mark Start          Mark End        Relocate Start      Relocate End           High               Low         
[246.604s][info][gc,heap     ] GC(142)  Capacity:     8192M (100%)       8192M (100%)       8192M (100%)       8192M (100%)       8192M (100%)       8192M (100%)   
[246.604s][info][gc,heap     ] GC(142)      Free:     3390M (41%)        3298M (40%)        6078M (74%)        7502M (92%)        7502M (92%)        3284M (40%)    
[246.604s][info][gc,heap     ] GC(142)      Used:     4802M (59%)        4894M (60%)        2114M (26%)         690M (8%)         4908M (60%)         690M (8%)     
[246.604s][info][gc,heap     ] GC(142)      Live:         -               311M (4%)          311M (4%)          311M (4%)             -                  -          
[246.604s][info][gc,heap     ] GC(142) Allocated:         -                92M (1%)          194M (2%)          349M (4%)             -                  -          
[246.604s][info][gc,heap     ] GC(142)   Garbage:         -              4490M (55%)        1608M (20%)          28M (0%)             -                  -          
[246.604s][info][gc,heap     ] GC(142) Reclaimed:         -                  -              2882M (35%)        4461M (54%)            -                  -          
[246.604s][info][gc          ] GC(142) Garbage Collection (Allocation Rate) 4802M(59%)->690M(8%)
[248.120s][info][gc,start    ] GC(143) Garbage Collection (System.gc())
[248.120s][info][gc,task     ] GC(143) Using 2 workers
[248.120s][info][gc,phases   ] GC(143) Pause Mark Start 0.004ms
[248.265s][info][gc,phases   ] GC(143) Concurrent Mark 144.691ms
[248.265s][info][gc,phases   ] GC(143) Pause Mark End 0.027ms
[248.266s][info][gc,phases   ] GC(143) Concurrent Mark Free 0.002ms
[248.277s][info][gc,phases   ] GC(143) Concurrent Process Non-Strong References 11.858ms
[248.278s][info][gc,phases   ] GC(143) Concurrent Reset Relocation Set 0.094ms
[248.286s][info][gc,phases   ] GC(143) Concurrent Select Relocation Set 8.474ms
[248.286s][info][gc,phases   ] GC(143) Pause Relocate Start 0.008ms
[248.287s][info][gc,phases   ] GC(143) Concurrent Relocate 0.909ms
[248.287s][info][gc,load     ] GC(143) Load: 0.00/0.00/0.00
[248.287s][info][gc,mmu      ] GC(143) MMU: 2ms/96.0%, 5ms/98.4%, 10ms/99.2%, 20ms/99.6%, 50ms/99.8%, 100ms/99.9%
[248.287s][info][gc,marking  ] GC(143) Mark: 2 stripe(s), 2 proactive flush(es), 1 terminate flush(es), 0 completion(s), 0 continuation(s) 
[248.287s][info][gc,marking  ] GC(143) Mark Stack Usage: 32M
[248.287s][info][gc,nmethod  ] GC(143) NMethods: 12407 registered, 773 unregistered
[248.287s][info][gc,metaspace] GC(143) Metaspace: 73M used, 73M committed, 1152M reserved
[248.287s][info][gc,ref      ] GC(143) Soft: 5936 encountered, 0 discovered, 0 enqueued
[248.287s][info][gc,ref      ] GC(143) Weak: 6994 encountered, 1471 discovered, 597 enqueued
[248.287s][info][gc,ref      ] GC(143) Final: 53 encountered, 28 discovered, 0 enqueued
[248.287s][info][gc,ref      ] GC(143) Phantom: 588 encountered, 299 discovered, 0 enqueued
[248.287s][info][gc,reloc    ] GC(143) Small Pages: 1517 / 3034M, Empty: 2760M, Relocated: 1M, In-Place: 0
[248.287s][info][gc,reloc    ] GC(143) Medium Pages: 11 / 352M, Empty: 320M, Relocated: 0M, In-Place: 0
[248.287s][info][gc,reloc    ] GC(143) Large Pages: 42 / 268M, Empty: 268M, Relocated: 0M, In-Place: 0
[248.287s][info][gc,reloc    ] GC(143) Forwarding Usage: 0M
[248.287s][info][gc,heap     ] GC(143) Min Capacity: 8192M(100%)
[248.287s][info][gc,heap     ] GC(143) Max Capacity: 8192M(100%)
[248.287s][info][gc,heap     ] GC(143) Soft Max Capacity: 8192M(100%)
[248.287s][info][gc,heap     ] GC(143)                Mark Start          Mark End        Relocate Start      Relocate End           High               Low         
[248.287s][info][gc,heap     ] GC(143)  Capacity:     8192M (100%)       8192M (100%)       8192M (100%)       8192M (100%)       8192M (100%)       8192M (100%)   
[248.287s][info][gc,heap     ] GC(143)      Free:     4538M (55%)        4536M (55%)        7868M (96%)        7968M (97%)        7968M (97%)        4536M (55%)    
[248.287s][info][gc,heap     ] GC(143)      Used:     3654M (45%)        3656M (45%)         324M (4%)          224M (3%)         3656M (45%)         224M (3%)     
[248.287s][info][gc,heap     ] GC(143)      Live:         -               174M (2%)          174M (2%)          174M (2%)             -                  -          
[248.287s][info][gc,heap     ] GC(143) Allocated:         -                 2M (0%)           18M (0%)           18M (0%)             -                  -          
[248.287s][info][gc,heap     ] GC(143)   Garbage:         -              3479M (42%)         131M (2%)           31M (0%)             -                  -          
[248.287s][info][gc,heap     ] GC(143) Reclaimed:         -                  -              3348M (41%)        3448M (42%)            -                  -          
[248.287s][info][gc          ] GC(143) Garbage Collection (System.gc()) 3654M(45%)->224M(3%)
[250.317s][info][gc,stats    ] === Garbage Collection Statistics =======================================================================================================================
[250.317s][info][gc,stats    ]                                                              Last 10s              Last 10m              Last 10h                Total
[250.317s][info][gc,stats    ]                                                              Avg / Max             Avg / Max             Avg / Max             Avg / Max
[250.317s][info][gc,stats    ]   Collector: Garbage Collection Cycle                    440.184 / 891.629     422.965 / 983.217     422.965 / 983.217     422.965 / 983.217     ms
[250.317s][info][gc,stats    ]  Contention: Mark Segment Reset Contention                     4 / 29                2 / 29                2 / 29                2 / 29          ops/s
[250.317s][info][gc,stats    ]  Contention: Mark SeqNum Reset Contention                      0 / 2                 0 / 2                 0 / 2                 0 / 2           ops/s
[250.317s][info][gc,stats    ]    Critical: Allocation Stall                                  0 / 0                 0 / 0                 0 / 0                 0 / 0           ops/s
[250.317s][info][gc,stats    ]    Critical: Allocation Stall                              0.000 / 0.000         0.000 / 0.000         0.000 / 0.000         0.000 / 0.000       ms
[250.317s][info][gc,stats    ]    Critical: GC Locker Stall                                   0 / 0                 0 / 0                 0 / 0                 0 / 0           ops/s
[250.317s][info][gc,stats    ]    Critical: GC Locker Stall                               0.000 / 0.000         0.000 / 0.000         0.000 / 0.000         0.000 / 0.000       ms
[250.317s][info][gc,stats    ]    Critical: Relocation Stall                                  0 / 0                 0 / 0                 0 / 0                 0 / 0           ops/s
[250.317s][info][gc,stats    ]    Critical: Relocation Stall                              0.000 / 0.000         0.000 / 0.000         0.000 / 0.000         0.000 / 0.000       ms
[250.317s][info][gc,stats    ]      Memory: Allocation Rate                                1728 / 2388           1577 / 3876           1577 / 3876           1577 / 3876        MB/s
[250.317s][info][gc,stats    ]      Memory: Out Of Memory                                     0 / 0                 0 / 0                 0 / 0                 0 / 0           ops/s
[250.317s][info][gc,stats    ]      Memory: Page Cache Flush                                  0 / 0                 0 / 0                 0 / 0                 0 / 0           MB/s
[250.317s][info][gc,stats    ]      Memory: Page Cache Hit L1                               800 / 1145            722 / 1729            722 / 1729            722 / 1729        ops/s
[250.317s][info][gc,stats    ]      Memory: Page Cache Hit L2                                 0 / 0                 0 / 0                 0 / 0                 0 / 0           ops/s
[250.317s][info][gc,stats    ]      Memory: Page Cache Hit L3                                 0 / 0                 9 / 527               9 / 527               9 / 527         ops/s
[250.317s][info][gc,stats    ]      Memory: Page Cache Miss                                   0 / 0                 0 / 1                 0 / 1                 0 / 1           ops/s
[250.317s][info][gc,stats    ]      Memory: Uncommit                                          0 / 0                 0 / 0                 0 / 0                 0 / 0           MB/s
[250.317s][info][gc,stats    ]      Memory: Undo Object Allocation Failed                     0 / 0                 0 / 1                 0 / 1                 0 / 1           ops/s
[250.317s][info][gc,stats    ]      Memory: Undo Object Allocation Succeeded                  0 / 0                 4 / 101               4 / 101               4 / 101         ops/s
[250.317s][info][gc,stats    ]      Memory: Undo Page Allocation                              0 / 1                 0 / 1                 0 / 1                 0 / 1           ops/s
[250.317s][info][gc,stats    ]       Phase: Concurrent Mark                             330.618 / 624.430     322.648 / 972.666     322.648 / 972.666     322.648 / 972.666     ms
[250.317s][info][gc,stats    ]       Phase: Concurrent Mark Continue                      0.000 / 0.000         0.000 / 0.000         0.000 / 0.000         0.000 / 0.000       ms
[250.317s][info][gc,stats    ]       Phase: Concurrent Mark Free                          0.001 / 0.002         0.004 / 0.317         0.004 / 0.317         0.004 / 0.317       ms
[250.317s][info][gc,stats    ]       Phase: Concurrent Process Non-Strong References     11.142 / 12.452        9.852 / 15.785        9.852 / 15.785        9.852 / 15.785      ms
[250.317s][info][gc,stats    ]       Phase: Concurrent Relocate                          80.597 / 219.491      74.804 / 226.884      74.804 / 226.884      74.804 / 226.884     ms
[250.317s][info][gc,stats    ]       Phase: Concurrent Reset Relocation Set               0.043 / 0.102         0.038 / 0.132         0.038 / 0.132         0.038 / 0.132       ms
[250.317s][info][gc,stats    ]       Phase: Concurrent Select Relocation Set             16.818 / 34.116       14.469 / 41.971       14.469 / 41.971       14.469 / 41.971      ms
[250.317s][info][gc,stats    ]       Phase: Pause Mark End                                0.030 / 0.066         0.025 / 0.081         0.025 / 0.081         0.025 / 0.081       ms
[250.317s][info][gc,stats    ]       Phase: Pause Mark Start                              0.006 / 0.009         0.007 / 0.011         0.007 / 0.011         0.007 / 0.011       ms
[250.317s][info][gc,stats    ]       Phase: Pause Relocate Start                          0.013 / 0.021         0.012 / 0.032         0.012 / 0.032         0.012 / 0.032       ms
[250.317s][info][gc,stats    ]    Subphase: Concurrent Classes Purge                      0.439 / 0.576         0.399 / 0.716         0.399 / 0.716         0.399 / 0.716       ms
[250.317s][info][gc,stats    ]    Subphase: Concurrent Classes Unlink                     9.677 / 11.050        8.312 / 12.957        8.312 / 12.957        8.312 / 12.957      ms
[250.317s][info][gc,stats    ]    Subphase: Concurrent Mark                             324.383 / 620.676     314.283 / 969.741     314.283 / 969.741     314.283 / 969.741     ms
[250.317s][info][gc,stats    ]    Subphase: Concurrent Mark Try Flush                     0.175 / 0.329         0.176 / 1.725         0.176 / 1.725         0.176 / 1.725       ms
[250.317s][info][gc,stats    ]    Subphase: Concurrent Mark Try Terminate                 3.379 / 16.281        4.612 / 16.632        4.612 / 16.632        4.612 / 16.632      ms
[250.317s][info][gc,stats    ]    Subphase: Concurrent References Enqueue                 0.005 / 0.007         0.005 / 0.008         0.005 / 0.008         0.005 / 0.008       ms
[250.317s][info][gc,stats    ]    Subphase: Concurrent References Process                 0.190 / 0.309         0.189 / 0.610         0.189 / 0.610         0.189 / 0.610       ms
[250.317s][info][gc,stats    ]    Subphase: Concurrent Roots ClassLoaderDataGraph         0.125 / 0.253         0.120 / 0.376         0.120 / 0.376         0.120 / 0.376       ms
[250.317s][info][gc,stats    ]    Subphase: Concurrent Roots CodeCache                    0.000 / 0.000         0.000 / 0.000         0.000 / 0.000         0.000 / 0.000       ms
[250.317s][info][gc,stats    ]    Subphase: Concurrent Roots JavaThreads                  3.180 / 3.549         4.274 / 8.610         4.274 / 8.610         4.274 / 8.610       ms
[250.317s][info][gc,stats    ]    Subphase: Concurrent Roots OopStorageSet                0.053 / 0.088         0.046 / 0.142         0.046 / 0.142         0.046 / 0.142       ms
[250.317s][info][gc,stats    ]    Subphase: Concurrent Weak Roots OopStorageSet           0.580 / 0.942         0.590 / 1.025         0.590 / 1.025         0.590 / 1.025       ms
[250.317s][info][gc,stats    ]    Subphase: Pause Mark Try Complete                       0.003 / 0.005         0.007 / 0.017         0.007 / 0.017         0.007 / 0.017       ms
[250.317s][info][gc,stats    ]      System: Java Threads                                    263 / 265             245 / 267             245 / 267             245 / 267         threads
[250.317s][info][gc,stats    ] =========================================================================================================================================================
[250.521s][info][gc,start    ] GC(144) Garbage Collection (Allocation Rate)
[250.521s][info][gc,task     ] GC(144) Using 2 workers
[250.521s][info][gc,phases   ] GC(144) Pause Mark Start 0.008ms
[251.196s][info][gc,phases   ] GC(144) Concurrent Mark 674.924ms
[251.196s][info][gc,phases   ] GC(144) Pause Mark End 0.022ms
[251.196s][info][gc,phases   ] GC(144) Concurrent Mark Free 0.001ms
[251.208s][info][gc,phases   ] GC(144) Concurrent Process Non-Strong References 11.514ms
[251.208s][info][gc,phases   ] GC(144) Concurrent Reset Relocation Set 0.005ms
[251.238s][info][gc,phases   ] GC(144) Concurrent Select Relocation Set 29.887ms
[251.238s][info][gc,phases   ] GC(144) Pause Relocate Start 0.011ms
[251.457s][info][gc,phases   ] GC(144) Concurrent Relocate 218.559ms
[251.457s][info][gc,load     ] GC(144) Load: 0.00/0.00/0.00
[251.457s][info][gc,mmu      ] GC(144) MMU: 2ms/96.0%, 5ms/98.4%, 10ms/99.2%, 20ms/99.6%, 50ms/99.8%, 100ms/99.9%
[251.457s][info][gc,marking  ] GC(144) Mark: 2 stripe(s), 2 proactive flush(es), 1 terminate flush(es), 0 completion(s), 0 continuation(s) 
[251.457s][info][gc,marking  ] GC(144) Mark Stack Usage: 32M
[251.457s][info][gc,nmethod  ] GC(144) NMethods: 12415 registered, 773 unregistered
[251.457s][info][gc,metaspace] GC(144) Metaspace: 73M used, 73M committed, 1152M reserved
[251.457s][info][gc,ref      ] GC(144) Soft: 5944 encountered, 0 discovered, 0 enqueued
[251.457s][info][gc,ref      ] GC(144) Weak: 6717 encountered, 855 discovered, 25 enqueued
[251.457s][info][gc,ref      ] GC(144) Final: 53 encountered, 0 discovered, 0 enqueued
[251.457s][info][gc,ref      ] GC(144) Phantom: 588 encountered, 360 discovered, 0 enqueued
[251.457s][info][gc,reloc    ] GC(144) Small Pages: 2182 / 4364M, Empty: 2126M, Relocated: 185M, In-Place: 0
[251.457s][info][gc,reloc    ] GC(144) Medium Pages: 5 / 160M, Empty: 128M, Relocated: 0M, In-Place: 0
[251.457s][info][gc,reloc    ] GC(144) Large Pages: 30 / 212M, Empty: 148M, Relocated: 0M, In-Place: 0
[251.457s][info][gc,reloc    ] GC(144) Forwarding Usage: 142M
[251.457s][info][gc,heap     ] GC(144) Min Capacity: 8192M(100%)
[251.457s][info][gc,heap     ] GC(144) Max Capacity: 8192M(100%)
[251.457s][info][gc,heap     ] GC(144) Soft Max Capacity: 8192M(100%)
[251.457s][info][gc,heap     ] GC(144)                Mark Start          Mark End        Relocate Start      Relocate End           High               Low         
[251.457s][info][gc,heap     ] GC(144)  Capacity:     8192M (100%)       8192M (100%)       8192M (100%)       8192M (100%)       8192M (100%)       8192M (100%)   
[251.457s][info][gc,heap     ] GC(144)      Free:     3456M (42%)        3106M (38%)        5474M (67%)        7028M (86%)        7030M (86%)        3096M (38%)    
[251.457s][info][gc,heap     ] GC(144)      Used:     4736M (58%)        5086M (62%)        2718M (33%)        1164M (14%)        5096M (62%)        1162M (14%)    
[251.457s][info][gc,heap     ] GC(144)      Live:         -               428M (5%)          428M (5%)          428M (5%)             -                  -          
[251.457s][info][gc,heap     ] GC(144) Allocated:         -               350M (4%)          384M (5%)          699M (9%)             -                  -          
[251.457s][info][gc,heap     ] GC(144)   Garbage:         -              4307M (53%)        1905M (23%)          35M (0%)             -                  -          
[251.457s][info][gc,heap     ] GC(144) Reclaimed:         -                  -              2402M (29%)        4271M (52%)            -                  -          
[251.457s][info][gc          ] GC(144) Garbage Collection (Allocation Rate) 4736M(58%)->1164M(14%)
[251.523s][info][gc,start    ] GC(145) Garbage Collection (Allocation Rate)
[251.523s][info][gc,task     ] GC(145) Using 2 workers
[251.523s][info][gc,phases   ] GC(145) Pause Mark Start 0.005ms
[251.771s][info][gc,phases   ] GC(145) Concurrent Mark 247.780ms
[251.771s][info][gc,phases   ] GC(145) Pause Mark End 0.030ms
[251.771s][info][gc,phases   ] GC(145) Concurrent Mark Free 0.001ms
[251.781s][info][gc,phases   ] GC(145) Concurrent Process Non-Strong References 10.008ms
[251.781s][info][gc,phases   ] GC(145) Concurrent Reset Relocation Set 0.103ms
[251.792s][info][gc,phases   ] GC(145) Concurrent Select Relocation Set 10.448ms
[251.792s][info][gc,phases   ] GC(145) Pause Relocate Start 0.014ms
[251.825s][info][gc,phases   ] GC(145) Concurrent Relocate 32.703ms
[251.825s][info][gc,load     ] GC(145) Load: 0.00/0.00/0.00
[251.825s][info][gc,mmu      ] GC(145) MMU: 2ms/96.0%, 5ms/98.4%, 10ms/99.2%, 20ms/99.6%, 50ms/99.8%, 100ms/99.9%
[251.825s][info][gc,marking  ] GC(145) Mark: 2 stripe(s), 2 proactive flush(es), 1 terminate flush(es), 0 completion(s), 0 continuation(s) 
[251.825s][info][gc,marking  ] GC(145) Mark Stack Usage: 32M
[251.825s][info][gc,nmethod  ] GC(145) NMethods: 12417 registered, 773 unregistered
[251.825s][info][gc,metaspace] GC(145) Metaspace: 73M used, 73M committed, 1152M reserved
[251.825s][info][gc,ref      ] GC(145) Soft: 5944 encountered, 0 discovered, 0 enqueued
[251.825s][info][gc,ref      ] GC(145) Weak: 6795 encountered, 1118 discovered, 220 enqueued
[251.825s][info][gc,ref      ] GC(145) Final: 53 encountered, 2 discovered, 0 enqueued
[251.825s][info][gc,ref      ] GC(145) Phantom: 588 encountered, 286 discovered, 0 enqueued
[251.825s][info][gc,reloc    ] GC(145) Small Pages: 501 / 1002M, Empty: 564M, Relocated: 25M, In-Place: 0
[251.825s][info][gc,reloc    ] GC(145) Medium Pages: 4 / 128M, Empty: 96M, Relocated: 0M, In-Place: 0
[251.825s][info][gc,reloc    ] GC(145) Large Pages: 18 / 124M, Empty: 100M, Relocated: 0M, In-Place: 0
[251.825s][info][gc,reloc    ] GC(145) Forwarding Usage: 26M
[251.825s][info][gc,heap     ] GC(145) Min Capacity: 8192M(100%)
[251.825s][info][gc,heap     ] GC(145) Max Capacity: 8192M(100%)
[251.825s][info][gc,heap     ] GC(145) Soft Max Capacity: 8192M(100%)
[251.825s][info][gc,heap     ] GC(145)                Mark Start          Mark End        Relocate Start      Relocate End           High               Low         
[251.825s][info][gc,heap     ] GC(145)  Capacity:     8192M (100%)       8192M (100%)       8192M (100%)       8192M (100%)       8192M (100%)       8192M (100%)   
[251.825s][info][gc,heap     ] GC(145)      Free:     6938M (85%)        6544M (80%)        7284M (89%)        7490M (91%)        7490M (91%)        6530M (80%)    
[251.825s][info][gc,heap     ] GC(145)      Used:     1254M (15%)        1648M (20%)         908M (11%)         702M (9%)         1662M (20%)         702M (9%)     
[251.825s][info][gc,heap     ] GC(145)      Live:         -               222M (3%)          222M (3%)          222M (3%)             -                  -          
[251.825s][info][gc,heap     ] GC(145) Allocated:         -               394M (5%)          414M (5%)          447M (5%)             -                  -          
[251.825s][info][gc,heap     ] GC(145)   Garbage:         -              1031M (13%)         271M (3%)           31M (0%)             -                  -          
[251.825s][info][gc,heap     ] GC(145) Reclaimed:         -                  -               760M (9%)          999M (12%)            -                  -          
[251.825s][info][gc          ] GC(145) Garbage Collection (Allocation Rate) 1254M(15%)->702M(9%)
[252.829s][info][gc,start    ] GC(146) Garbage Collection (System.gc())
[252.829s][info][gc,task     ] GC(146) Using 2 workers
[252.829s][info][gc,phases   ] GC(146) Pause Mark Start 0.005ms
[252.962s][info][gc,phases   ] GC(146) Concurrent Mark 132.923ms
[252.963s][info][gc,phases   ] GC(146) Pause Mark End 0.026ms
[252.963s][info][gc,phases   ] GC(146) Concurrent Mark Free 0.002ms
[252.974s][info][gc,phases   ] GC(146) Concurrent Process Non-Strong References 10.968ms
[252.974s][info][gc,phases   ] GC(146) Concurrent Reset Relocation Set 0.012ms
[252.977s][info][gc,phases   ] GC(146) Concurrent Select Relocation Set 3.725ms
[252.978s][info][gc,phases   ] GC(146) Pause Relocate Start 0.010ms
[252.980s][info][gc,phases   ] GC(146) Concurrent Relocate 2.851ms
[252.981s][info][gc,load     ] GC(146) Load: 0.00/0.00/0.00
[252.981s][info][gc,mmu      ] GC(146) MMU: 2ms/96.0%, 5ms/98.4%, 10ms/99.2%, 20ms/99.6%, 50ms/99.8%, 100ms/99.9%
[252.981s][info][gc,marking  ] GC(146) Mark: 2 stripe(s), 2 proactive flush(es), 1 terminate flush(es), 0 completion(s), 0 continuation(s) 
[252.981s][info][gc,marking  ] GC(146) Mark Stack Usage: 32M
[252.981s][info][gc,nmethod  ] GC(146) NMethods: 12423 registered, 773 unregistered
[252.981s][info][gc,metaspace] GC(146) Metaspace: 73M used, 73M committed, 1152M reserved
[252.981s][info][gc,ref      ] GC(146) Soft: 5936 encountered, 0 discovered, 0 enqueued
[252.981s][info][gc,ref      ] GC(146) Weak: 6775 encountered, 1235 discovered, 380 enqueued
[252.981s][info][gc,ref      ] GC(146) Final: 53 encountered, 5 discovered, 0 enqueued
[252.981s][info][gc,ref      ] GC(146) Phantom: 589 encountered, 312 discovered, 0 enqueued
[252.981s][info][gc,reloc    ] GC(146) Small Pages: 1209 / 2418M, Empty: 2170M, Relocated: 3M, In-Place: 0
[252.981s][info][gc,reloc    ] GC(146) Medium Pages: 9 / 288M, Empty: 256M, Relocated: 0M, In-Place: 0
[252.981s][info][gc,reloc    ] GC(146) Large Pages: 36 / 216M, Empty: 216M, Relocated: 0M, In-Place: 0
[252.981s][info][gc,reloc    ] GC(146) Forwarding Usage: 1M
[252.981s][info][gc,heap     ] GC(146) Min Capacity: 8192M(100%)
[252.981s][info][gc,heap     ] GC(146) Max Capacity: 8192M(100%)
[252.981s][info][gc,heap     ] GC(146) Soft Max Capacity: 8192M(100%)
[252.981s][info][gc,heap     ] GC(146)                Mark Start          Mark End        Relocate Start      Relocate End           High               Low         
[252.981s][info][gc,heap     ] GC(146)  Capacity:     8192M (100%)       8192M (100%)       8192M (100%)       8192M (100%)       8192M (100%)       8192M (100%)   
[252.981s][info][gc,heap     ] GC(146)      Free:     5270M (64%)        5268M (64%)        7902M (96%)        7974M (97%)        7976M (97%)        5268M (64%)    
[252.981s][info][gc,heap     ] GC(146)      Used:     2922M (36%)        2924M (36%)         290M (4%)          218M (3%)         2924M (36%)         216M (3%)     
[252.981s][info][gc,heap     ] GC(146)      Live:         -               174M (2%)          174M (2%)          174M (2%)             -                  -          
[252.981s][info][gc,heap     ] GC(146) Allocated:         -                 2M (0%)           10M (0%)           13M (0%)             -                  -          
[252.981s][info][gc,heap     ] GC(146)   Garbage:         -              2747M (34%)         105M (1%)           29M (0%)             -                  -          
[252.981s][info][gc,heap     ] GC(146) Reclaimed:         -                  -              2642M (32%)        2717M (33%)            -                  -          
[252.981s][info][gc          ] GC(146) Garbage Collection (System.gc()) 2922M(36%)->218M(3%)
[255.225s][info][gc,start    ] GC(147) Garbage Collection (Allocation Rate)
[255.225s][info][gc,task     ] GC(147) Using 2 workers
[255.226s][info][gc,phases   ] GC(147) Pause Mark Start 0.009ms
[255.713s][info][gc,phases   ] GC(147) Concurrent Mark 487.249ms
[255.713s][info][gc,phases   ] GC(147) Pause Mark End 0.029ms
[255.714s][info][gc,phases   ] GC(147) Concurrent Mark Free 0.002ms
[255.725s][info][gc,phases   ] GC(147) Concurrent Process Non-Strong References 10.887ms
[255.725s][info][gc,phases   ] GC(147) Concurrent Reset Relocation Set 0.003ms
[255.747s][info][gc,phases   ] GC(147) Concurrent Select Relocation Set 22.391ms
[255.747s][info][gc,phases   ] GC(147) Pause Relocate Start 0.014ms
[255.878s][info][gc,phases   ] GC(147) Concurrent Relocate 130.825ms
[255.878s][info][gc,load     ] GC(147) Load: 0.00/0.00/0.00
[255.878s][info][gc,mmu      ] GC(147) MMU: 2ms/96.0%, 5ms/98.4%, 10ms/99.2%, 20ms/99.6%, 50ms/99.8%, 100ms/99.9%
[255.878s][info][gc,marking  ] GC(147) Mark: 2 stripe(s), 3 proactive flush(es), 1 terminate flush(es), 0 completion(s), 0 continuation(s) 
[255.878s][info][gc,marking  ] GC(147) Mark Stack Usage: 32M
[255.878s][info][gc,nmethod  ] GC(147) NMethods: 12441 registered, 773 unregistered
[255.878s][info][gc,metaspace] GC(147) Metaspace: 73M used, 73M committed, 1152M reserved
[255.878s][info][gc,ref      ] GC(147) Soft: 5944 encountered, 0 discovered, 0 enqueued
[255.878s][info][gc,ref      ] GC(147) Weak: 6720 encountered, 875 discovered, 108 enqueued
[255.878s][info][gc,ref      ] GC(147) Final: 53 encountered, 4 discovered, 0 enqueued
[255.878s][info][gc,ref      ] GC(147) Phantom: 589 encountered, 289 discovered, 0 enqueued
[255.878s][info][gc,reloc    ] GC(147) Small Pages: 2214 / 4428M, Empty: 2610M, Relocated: 96M, In-Place: 0
[255.878s][info][gc,reloc    ] GC(147) Medium Pages: 5 / 160M, Empty: 96M, Relocated: 10M, In-Place: 0
[255.878s][info][gc,reloc    ] GC(147) Large Pages: 30 / 212M, Empty: 172M, Relocated: 0M, In-Place: 0
[255.878s][info][gc,reloc    ] GC(147) Forwarding Usage: 95M
[255.878s][info][gc,heap     ] GC(147) Min Capacity: 8192M(100%)
[255.878s][info][gc,heap     ] GC(147) Max Capacity: 8192M(100%)
[255.878s][info][gc,heap     ] GC(147) Soft Max Capacity: 8192M(100%)
[255.878s][info][gc,heap     ] GC(147)                Mark Start          Mark End        Relocate Start      Relocate End           High               Low         
[255.878s][info][gc,heap     ] GC(147)  Capacity:     8192M (100%)       8192M (100%)       8192M (100%)       8192M (100%)       8192M (100%)       8192M (100%)   
[255.878s][info][gc,heap     ] GC(147)      Free:     3392M (41%)        3320M (41%)        6180M (75%)        7646M (93%)        7646M (93%)        3314M (40%)    
[255.878s][info][gc,heap     ] GC(147)      Used:     4800M (59%)        4872M (59%)        2012M (25%)         546M (7%)         4878M (60%)         546M (7%)     
[255.878s][info][gc,heap     ] GC(147)      Live:         -               309M (4%)          309M (4%)          309M (4%)             -                  -          
[255.878s][info][gc,heap     ] GC(147) Allocated:         -                72M (1%)           90M (1%)          205M (3%)             -                  -          
[255.878s][info][gc,heap     ] GC(147)   Garbage:         -              4490M (55%)        1612M (20%)          30M (0%)             -                  -          
[255.878s][info][gc,heap     ] GC(147) Reclaimed:         -                  -              2878M (35%)        4459M (54%)            -                  -          
[255.878s][info][gc          ] GC(147) Garbage Collection (Allocation Rate) 4800M(59%)->546M(7%)
[257.485s][info][gc,start    ] GC(148) Garbage Collection (System.gc())
[257.485s][info][gc,task     ] GC(148) Using 2 workers
[257.485s][info][gc,phases   ] GC(148) Pause Mark Start 0.005ms
[257.621s][info][gc,phases   ] GC(148) Concurrent Mark 136.158ms
[257.621s][info][gc,phases   ] GC(148) Pause Mark End 0.041ms
[257.621s][info][gc,phases   ] GC(148) Concurrent Mark Free 0.004ms
[257.632s][info][gc,phases   ] GC(148) Concurrent Process Non-Strong References 11.139ms
[257.633s][info][gc,phases   ] GC(148) Concurrent Reset Relocation Set 0.091ms
[257.641s][info][gc,phases   ] GC(148) Concurrent Select Relocation Set 8.786ms
[257.642s][info][gc,phases   ] GC(148) Pause Relocate Start 0.010ms
[257.643s][info][gc,phases   ] GC(148) Concurrent Relocate 1.651ms
[257.643s][info][gc,load     ] GC(148) Load: 0.00/0.00/0.00
[257.643s][info][gc,mmu      ] GC(148) MMU: 2ms/96.0%, 5ms/98.4%, 10ms/99.2%, 20ms/99.6%, 50ms/99.8%, 100ms/99.9%
[257.643s][info][gc,marking  ] GC(148) Mark: 2 stripe(s), 2 proactive flush(es), 1 terminate flush(es), 0 completion(s), 0 continuation(s) 
[257.643s][info][gc,marking  ] GC(148) Mark Stack Usage: 32M
[257.643s][info][gc,nmethod  ] GC(148) NMethods: 12447 registered, 773 unregistered
[257.643s][info][gc,metaspace] GC(148) Metaspace: 73M used, 73M committed, 1152M reserved
[257.643s][info][gc,ref      ] GC(148) Soft: 5936 encountered, 0 discovered, 0 enqueued
[257.643s][info][gc,ref      ] GC(148) Weak: 6992 encountered, 1236 discovered, 594 enqueued
[257.643s][info][gc,ref      ] GC(148) Final: 53 encountered, 28 discovered, 0 enqueued
[257.644s][info][gc,ref      ] GC(148) Phantom: 589 encountered, 289 discovered, 0 enqueued
[257.644s][info][gc,reloc    ] GC(148) Small Pages: 1519 / 3038M, Empty: 2760M, Relocated: 1M, In-Place: 0
[257.644s][info][gc,reloc    ] GC(148) Medium Pages: 11 / 352M, Empty: 320M, Relocated: 0M, In-Place: 0
[257.644s][info][gc,reloc    ] GC(148) Large Pages: 46 / 292M, Empty: 292M, Relocated: 0M, In-Place: 0
[257.644s][info][gc,reloc    ] GC(148) Forwarding Usage: 0M
[257.644s][info][gc,heap     ] GC(148) Min Capacity: 8192M(100%)
[257.644s][info][gc,heap     ] GC(148) Max Capacity: 8192M(100%)
[257.644s][info][gc,heap     ] GC(148) Soft Max Capacity: 8192M(100%)
[257.644s][info][gc,heap     ] GC(148)                Mark Start          Mark End        Relocate Start      Relocate End           High               Low         
[257.644s][info][gc,heap     ] GC(148)  Capacity:     8192M (100%)       8192M (100%)       8192M (100%)       8192M (100%)       8192M (100%)       8192M (100%)   
[257.644s][info][gc,heap     ] GC(148)      Free:     4510M (55%)        4508M (55%)        7866M (96%)        7970M (97%)        7970M (97%)        4508M (55%)    
[257.644s][info][gc,heap     ] GC(148)      Used:     3682M (45%)        3684M (45%)         326M (4%)          222M (3%)         3684M (45%)         222M (3%)     
[257.644s][info][gc,heap     ] GC(148)      Live:         -               174M (2%)          174M (2%)          174M (2%)             -                  -          
[257.644s][info][gc,heap     ] GC(148) Allocated:         -                 2M (0%)           16M (0%)           15M (0%)             -                  -          
[257.644s][info][gc,heap     ] GC(148)   Garbage:         -              3507M (43%)         135M (2%)           31M (0%)             -                  -          
[257.644s][info][gc,heap     ] GC(148) Reclaimed:         -                  -              3372M (41%)        3475M (42%)            -                  -          
[257.644s][info][gc          ] GC(148) Garbage Collection (System.gc()) 3682M(45%)->222M(3%)
[259.814s][info][gc,start    ] GC(149) Garbage Collection (Allocation Rate)
[259.814s][info][gc,task     ] GC(149) Using 2 workers
[259.814s][info][gc,phases   ] GC(149) Pause Mark Start 0.006ms
[260.317s][info][gc,stats    ] === Garbage Collection Statistics =======================================================================================================================
[260.317s][info][gc,stats    ]                                                              Last 10s              Last 10m              Last 10h                Total
[260.317s][info][gc,stats    ]                                                              Avg / Max             Avg / Max             Avg / Max             Avg / Max
[260.317s][info][gc,stats    ]   Collector: Garbage Collection Cycle                    440.161 / 935.815     423.542 / 983.217     423.542 / 983.217     423.542 / 983.217     ms
[260.317s][info][gc,stats    ]  Contention: Mark Segment Reset Contention                     4 / 17                2 / 29                2 / 29                2 / 29          ops/s
[260.317s][info][gc,stats    ]  Contention: Mark SeqNum Reset Contention                      0 / 0                 0 / 2                 0 / 2                 0 / 2           ops/s
[260.317s][info][gc,stats    ]    Critical: Allocation Stall                                  0 / 0                 0 / 0                 0 / 0                 0 / 0           ops/s
[260.317s][info][gc,stats    ]    Critical: Allocation Stall                              0.000 / 0.000         0.000 / 0.000         0.000 / 0.000         0.000 / 0.000       ms
[260.317s][info][gc,stats    ]    Critical: GC Locker Stall                                   0 / 0                 0 / 0                 0 / 0                 0 / 0           ops/s
[260.317s][info][gc,stats    ]    Critical: GC Locker Stall                               0.000 / 0.000         0.000 / 0.000         0.000 / 0.000         0.000 / 0.000       ms
[260.317s][info][gc,stats    ]    Critical: Relocation Stall                                  0 / 0                 0 / 0                 0 / 0                 0 / 0           ops/s
[260.317s][info][gc,stats    ]    Critical: Relocation Stall                              0.000 / 0.000         0.000 / 0.000         0.000 / 0.000         0.000 / 0.000       ms
[260.317s][info][gc,stats    ]      Memory: Allocation Rate                                1658 / 2370           1580 / 3876           1580 / 3876           1580 / 3876        MB/s
[260.317s][info][gc,stats    ]      Memory: Out Of Memory                                     0 / 0                 0 / 0                 0 / 0                 0 / 0           ops/s
[260.317s][info][gc,stats    ]      Memory: Page Cache Flush                                  0 / 0                 0 / 0                 0 / 0                 0 / 0           MB/s
[260.317s][info][gc,stats    ]      Memory: Page Cache Hit L1                               766 / 1136            724 / 1729            724 / 1729            724 / 1729        ops/s
[260.317s][info][gc,stats    ]      Memory: Page Cache Hit L2                                 0 / 0                 0 / 0                 0 / 0                 0 / 0           ops/s
[260.317s][info][gc,stats    ]      Memory: Page Cache Hit L3                                 0 / 0                 9 / 527               9 / 527               9 / 527         ops/s
[260.317s][info][gc,stats    ]      Memory: Page Cache Miss                                   0 / 0                 0 / 1                 0 / 1                 0 / 1           ops/s
[260.317s][info][gc,stats    ]      Memory: Uncommit                                          0 / 0                 0 / 0                 0 / 0                 0 / 0           MB/s
[260.317s][info][gc,stats    ]      Memory: Undo Object Allocation Failed                     0 / 0                 0 / 1                 0 / 1                 0 / 1           ops/s
[260.317s][info][gc,stats    ]      Memory: Undo Object Allocation Succeeded                 10 / 69                4 / 101               4 / 101               4 / 101         ops/s
[260.317s][info][gc,stats    ]      Memory: Undo Page Allocation                              0 / 1                 0 / 1                 0 / 1                 0 / 1           ops/s
[260.317s][info][gc,stats    ]       Phase: Concurrent Mark                             335.807 / 674.924     323.089 / 972.666     323.089 / 972.666     323.089 / 972.666     ms
[260.317s][info][gc,stats    ]       Phase: Concurrent Mark Continue                      0.000 / 0.000         0.000 / 0.000         0.000 / 0.000         0.000 / 0.000       ms
[260.317s][info][gc,stats    ]       Phase: Concurrent Mark Free                          0.002 / 0.004         0.004 / 0.317         0.004 / 0.317         0.004 / 0.317       ms
[260.317s][info][gc,stats    ]       Phase: Concurrent Process Non-Strong References     10.903 / 11.514        9.887 / 15.785        9.887 / 15.785        9.887 / 15.785      ms
[260.317s][info][gc,stats    ]       Phase: Concurrent Relocate                          77.318 / 218.559      74.888 / 226.884      74.888 / 226.884      74.888 / 226.884     ms
[260.317s][info][gc,stats    ]       Phase: Concurrent Reset Relocation Set               0.043 / 0.103         0.038 / 0.132         0.038 / 0.132         0.038 / 0.132       ms
[260.317s][info][gc,stats    ]       Phase: Concurrent Select Relocation Set             15.047 / 29.887       14.489 / 41.971       14.489 / 41.971       14.489 / 41.971      ms
[260.317s][info][gc,stats    ]       Phase: Pause Mark End                                0.030 / 0.041         0.025 / 0.081         0.025 / 0.081         0.025 / 0.081       ms
[260.317s][info][gc,stats    ]       Phase: Pause Mark Start                              0.006 / 0.009         0.007 / 0.011         0.007 / 0.011         0.007 / 0.011       ms
[260.317s][info][gc,stats    ]       Phase: Pause Relocate Start                          0.012 / 0.014         0.012 / 0.032         0.012 / 0.032         0.012 / 0.032       ms
[260.317s][info][gc,stats    ]    Subphase: Concurrent Classes Purge                      0.454 / 0.514         0.401 / 0.716         0.401 / 0.716         0.401 / 0.716       ms
[260.317s][info][gc,stats    ]    Subphase: Concurrent Classes Unlink                     9.327 / 10.053        8.346 / 12.957        8.346 / 12.957        8.346 / 12.957      ms
[260.317s][info][gc,stats    ]    Subphase: Concurrent Mark                             328.038 / 671.537     314.745 / 969.741     314.745 / 969.741     314.745 / 969.741     ms
[260.317s][info][gc,stats    ]    Subphase: Concurrent Mark Try Flush                     0.205 / 0.541         0.177 / 1.725         0.177 / 1.725         0.177 / 1.725       ms
[260.317s][info][gc,stats    ]    Subphase: Concurrent Mark Try Terminate                 3.235 / 15.263        4.572 / 16.632        4.572 / 16.632        4.572 / 16.632      ms
[260.317s][info][gc,stats    ]    Subphase: Concurrent References Enqueue                 0.006 / 0.007         0.005 / 0.008         0.005 / 0.008         0.005 / 0.008       ms
[260.317s][info][gc,stats    ]    Subphase: Concurrent References Process                 0.212 / 0.329         0.190 / 0.610         0.190 / 0.610         0.190 / 0.610       ms
[260.317s][info][gc,stats    ]    Subphase: Concurrent Roots ClassLoaderDataGraph         0.126 / 0.359         0.120 / 0.376         0.120 / 0.376         0.120 / 0.376       ms
[260.317s][info][gc,stats    ]    Subphase: Concurrent Roots CodeCache                    0.000 / 0.000         0.000 / 0.000         0.000 / 0.000         0.000 / 0.000       ms
[260.317s][info][gc,stats    ]    Subphase: Concurrent Roots JavaThreads                  3.108 / 3.485         4.227 / 8.610         4.227 / 8.610         4.227 / 8.610       ms
[260.317s][info][gc,stats    ]    Subphase: Concurrent Roots OopStorageSet                0.049 / 0.058         0.046 / 0.142         0.046 / 0.142         0.046 / 0.142       ms
[260.317s][info][gc,stats    ]    Subphase: Concurrent Weak Roots OopStorageSet           0.628 / 0.916         0.592 / 1.025         0.592 / 1.025         0.592 / 1.025       ms
[260.317s][info][gc,stats    ]    Subphase: Pause Mark Try Complete                       0.000 / 0.000         0.007 / 0.017         0.007 / 0.017         0.007 / 0.017       ms
[260.317s][info][gc,stats    ]      System: Java Threads                                    264 / 265             246 / 267             246 / 267             246 / 267         threads
[260.317s][info][gc,stats    ] =========================================================================================================================================================
[260.433s][info][gc,phases   ] GC(149) Concurrent Mark 618.876ms
[260.433s][info][gc,phases   ] GC(149) Pause Mark End 0.022ms
[260.433s][info][gc,phases   ] GC(149) Concurrent Mark Free 0.002ms
[260.444s][info][gc,phases   ] GC(149) Concurrent Process Non-Strong References 10.195ms
[260.444s][info][gc,phases   ] GC(149) Concurrent Reset Relocation Set 0.004ms
[260.480s][info][gc,phases   ] GC(149) Concurrent Select Relocation Set 36.252ms
[260.480s][info][gc,phases   ] GC(149) Pause Relocate Start 0.014ms
[260.690s][info][gc,phases   ] GC(149) Concurrent Relocate 209.450ms
[260.690s][info][gc,load     ] GC(149) Load: 0.00/0.00/0.00
[260.690s][info][gc,mmu      ] GC(149) MMU: 2ms/96.0%, 5ms/98.4%, 10ms/99.2%, 20ms/99.6%, 50ms/99.8%, 100ms/99.9%
[260.690s][info][gc,marking  ] GC(149) Mark: 2 stripe(s), 2 proactive flush(es), 1 terminate flush(es), 0 completion(s), 0 continuation(s) 
[260.690s][info][gc,marking  ] GC(149) Mark Stack Usage: 32M
[260.690s][info][gc,nmethod  ] GC(149) NMethods: 12455 registered, 773 unregistered
[260.690s][info][gc,metaspace] GC(149) Metaspace: 73M used, 73M committed, 1152M reserved
[260.690s][info][gc,ref      ] GC(149) Soft: 5944 encountered, 0 discovered, 0 enqueued
[260.690s][info][gc,ref      ] GC(149) Weak: 6724 encountered, 835 discovered, 93 enqueued
[260.690s][info][gc,ref      ] GC(149) Final: 53 encountered, 4 discovered, 0 enqueued
[260.690s][info][gc,ref      ] GC(149) Phantom: 589 encountered, 466 discovered, 0 enqueued
[260.690s][info][gc,reloc    ] GC(149) Small Pages: 2130 / 4260M, Empty: 2126M, Relocated: 183M, In-Place: 0
[260.690s][info][gc,reloc    ] GC(149) Medium Pages: 5 / 160M, Empty: 128M, Relocated: 0M, In-Place: 0
[260.690s][info][gc,reloc    ] GC(149) Large Pages: 30 / 212M, Empty: 148M, Relocated: 0M, In-Place: 0
[260.690s][info][gc,reloc    ] GC(149) Forwarding Usage: 137M
[260.690s][info][gc,heap     ] GC(149) Min Capacity: 8192M(100%)
[260.690s][info][gc,heap     ] GC(149) Max Capacity: 8192M(100%)
[260.690s][info][gc,heap     ] GC(149) Soft Max Capacity: 8192M(100%)
[260.690s][info][gc,heap     ] GC(149)                Mark Start          Mark End        Relocate Start      Relocate End           High               Low         
[260.690s][info][gc,heap     ] GC(149)  Capacity:     8192M (100%)       8192M (100%)       8192M (100%)       8192M (100%)       8192M (100%)       8192M (100%)   
[260.690s][info][gc,heap     ] GC(149)      Free:     3560M (43%)        3300M (40%)        5670M (69%)        7136M (87%)        7160M (87%)        3298M (40%)    
[260.690s][info][gc,heap     ] GC(149)      Used:     4632M (57%)        4892M (60%)        2522M (31%)        1056M (13%)        4894M (60%)        1032M (13%)    
[260.690s][info][gc,heap     ] GC(149)      Live:         -               424M (5%)          424M (5%)          424M (5%)             -                  -          
[260.690s][info][gc,heap     ] GC(149) Allocated:         -               260M (3%)          292M (4%)          597M (7%)             -                  -          
[260.690s][info][gc,heap     ] GC(149)   Garbage:         -              4207M (51%)        1805M (22%)          33M (0%)             -                  -          
[260.690s][info][gc,heap     ] GC(149) Reclaimed:         -                  -              2402M (29%)        4173M (51%)            -                  -          
[260.690s][info][gc          ] GC(149) Garbage Collection (Allocation Rate) 4632M(57%)->1056M(13%)
[260.716s][info][gc,start    ] GC(150) Garbage Collection (Allocation Rate)
[260.716s][info][gc,task     ] GC(150) Using 2 workers
[260.716s][info][gc,phases   ] GC(150) Pause Mark Start 0.009ms
[260.888s][info][gc,phases   ] GC(150) Concurrent Mark 172.072ms
[260.889s][info][gc,phases   ] GC(150) Pause Mark End 0.061ms
[260.889s][info][gc,phases   ] GC(150) Concurrent Mark Free 0.001ms
[260.899s][info][gc,phases   ] GC(150) Concurrent Process Non-Strong References 10.507ms
[260.899s][info][gc,phases   ] GC(150) Concurrent Reset Relocation Set 0.120ms
[260.909s][info][gc,phases   ] GC(150) Concurrent Select Relocation Set 9.410ms
[260.909s][info][gc,phases   ] GC(150) Pause Relocate Start 0.013ms
[260.917s][info][gc,phases   ] GC(150) Concurrent Relocate 7.465ms
[260.917s][info][gc,load     ] GC(150) Load: 0.00/0.00/0.00
[260.917s][info][gc,mmu      ] GC(150) MMU: 2ms/96.0%, 5ms/98.4%, 10ms/99.2%, 20ms/99.6%, 50ms/99.8%, 100ms/99.9%
[260.917s][info][gc,marking  ] GC(150) Mark: 2 stripe(s), 2 proactive flush(es), 1 terminate flush(es), 1 completion(s), 0 continuation(s) 
[260.917s][info][gc,marking  ] GC(150) Mark Stack Usage: 32M
[260.917s][info][gc,nmethod  ] GC(150) NMethods: 12460 registered, 773 unregistered
[260.917s][info][gc,metaspace] GC(150) Metaspace: 73M used, 73M committed, 1152M reserved
[260.917s][info][gc,ref      ] GC(150) Soft: 5940 encountered, 0 discovered, 0 enqueued
[260.917s][info][gc,ref      ] GC(150) Weak: 6842 encountered, 861 discovered, 290 enqueued
[260.917s][info][gc,ref      ] GC(150) Final: 53 encountered, 4 discovered, 0 enqueued
[260.917s][info][gc,ref      ] GC(150) Phantom: 590 encountered, 339 discovered, 0 enqueued
[260.917s][info][gc,reloc    ] GC(150) Small Pages: 463 / 926M, Empty: 640M, Relocated: 4M, In-Place: 0
[260.917s][info][gc,reloc    ] GC(150) Medium Pages: 3 / 96M, Empty: 32M, Relocated: 12M, In-Place: 0
[260.917s][info][gc,reloc    ] GC(150) Large Pages: 14 / 100M, Empty: 100M, Relocated: 0M, In-Place: 0
[260.917s][info][gc,reloc    ] GC(150) Forwarding Usage: 3M
[260.917s][info][gc,heap     ] GC(150) Min Capacity: 8192M(100%)
[260.917s][info][gc,heap     ] GC(150) Max Capacity: 8192M(100%)
[260.917s][info][gc,heap     ] GC(150) Soft Max Capacity: 8192M(100%)
[260.917s][info][gc,heap     ] GC(150)                Mark Start          Mark End        Relocate Start      Relocate End           High               Low         
[260.917s][info][gc,heap     ] GC(150)  Capacity:     8192M (100%)       8192M (100%)       8192M (100%)       8192M (100%)       8192M (100%)       8192M (100%)   
[260.917s][info][gc,heap     ] GC(150)      Free:     7070M (86%)        6768M (83%)        7502M (92%)        7620M (93%)        7620M (93%)        6754M (82%)    
[260.917s][info][gc,heap     ] GC(150)      Used:     1122M (14%)        1424M (17%)         690M (8%)          572M (7%)         1438M (18%)         572M (7%)     
[260.917s][info][gc,heap     ] GC(150)      Live:         -               180M (2%)          180M (2%)          180M (2%)             -                  -          
[260.917s][info][gc,heap     ] GC(150) Allocated:         -               302M (4%)          340M (4%)          361M (4%)             -                  -          
[260.917s][info][gc,heap     ] GC(150)   Garbage:         -               941M (11%)         169M (2%)           29M (0%)             -                  -          
[260.917s][info][gc,heap     ] GC(150) Reclaimed:         -                  -               772M (9%)          911M (11%)            -                  -          
[260.917s][info][gc          ] GC(150) Garbage Collection (Allocation Rate) 1122M(14%)->572M(7%)
[262.205s][info][gc,start    ] GC(151) Garbage Collection (System.gc())
[262.205s][info][gc,task     ] GC(151) Using 2 workers
[262.205s][info][gc,phases   ] GC(151) Pause Mark Start 0.005ms
[262.338s][info][gc,phases   ] GC(151) Concurrent Mark 132.745ms
[262.338s][info][gc,phases   ] GC(151) Pause Mark End 0.023ms
[262.338s][info][gc,phases   ] GC(151) Concurrent Mark Free 0.001ms
[262.349s][info][gc,phases   ] GC(151) Concurrent Process Non-Strong References 11.324ms
[262.349s][info][gc,phases   ] GC(151) Concurrent Reset Relocation Set 0.005ms
[262.352s][info][gc,phases   ] GC(151) Concurrent Select Relocation Set 2.130ms
[262.352s][info][gc,phases   ] GC(151) Pause Relocate Start 0.008ms
[262.353s][info][gc,phases   ] GC(151) Concurrent Relocate 1.481ms
[262.353s][info][gc,load     ] GC(151) Load: 0.00/0.00/0.00
[262.353s][info][gc,mmu      ] GC(151) MMU: 2ms/96.0%, 5ms/98.4%, 10ms/99.2%, 20ms/99.6%, 50ms/99.8%, 100ms/99.9%
[262.353s][info][gc,marking  ] GC(151) Mark: 2 stripe(s), 2 proactive flush(es), 1 terminate flush(es), 0 completion(s), 0 continuation(s) 
[262.353s][info][gc,marking  ] GC(151) Mark Stack Usage: 32M
[262.353s][info][gc,nmethod  ] GC(151) NMethods: 12477 registered, 773 unregistered
[262.353s][info][gc,metaspace] GC(151) Metaspace: 73M used, 73M committed, 1152M reserved
[262.353s][info][gc,ref      ] GC(151) Soft: 5936 encountered, 0 discovered, 0 enqueued
[262.353s][info][gc,ref      ] GC(151) Weak: 6776 encountered, 1204 discovered, 380 enqueued
[262.353s][info][gc,ref      ] GC(151) Final: 53 encountered, 4 discovered, 0 enqueued
[262.353s][info][gc,ref      ] GC(151) Phantom: 588 encountered, 286 discovered, 0 enqueued
[262.353s][info][gc,reloc    ] GC(151) Small Pages: 1284 / 2568M, Empty: 2328M, Relocated: 1M, In-Place: 0
[262.353s][info][gc,reloc    ] GC(151) Medium Pages: 9 / 288M, Empty: 256M, Relocated: 0M, In-Place: 0
[262.353s][info][gc,reloc    ] GC(151) Large Pages: 36 / 216M, Empty: 216M, Relocated: 0M, In-Place: 0
[262.353s][info][gc,reloc    ] GC(151) Forwarding Usage: 0M
[262.353s][info][gc,heap     ] GC(151) Min Capacity: 8192M(100%)
[262.354s][info][gc,heap     ] GC(151) Max Capacity: 8192M(100%)
[262.354s][info][gc,heap     ] GC(151) Soft Max Capacity: 8192M(100%)
[262.354s][info][gc,heap     ] GC(151)                Mark Start          Mark End        Relocate Start      Relocate End           High               Low         
[262.354s][info][gc,heap     ] GC(151)  Capacity:     8192M (100%)       8192M (100%)       8192M (100%)       8192M (100%)       8192M (100%)       8192M (100%)   
[262.354s][info][gc,heap     ] GC(151)      Free:     5120M (62%)        5118M (62%)        7910M (97%)        7972M (97%)        7972M (97%)        5118M (62%)    
[262.354s][info][gc,heap     ] GC(151)      Used:     3072M (38%)        3074M (38%)         282M (3%)          220M (3%)         3074M (38%)         220M (3%)     
[262.354s][info][gc,heap     ] GC(151)      Live:         -               174M (2%)          174M (2%)          174M (2%)             -                  -          
[262.354s][info][gc,heap     ] GC(151) Allocated:         -                 2M (0%)           10M (0%)           13M (0%)             -                  -          
[262.354s][info][gc,heap     ] GC(151)   Garbage:         -              2897M (35%)          97M (1%)           31M (0%)             -                  -          
[262.354s][info][gc,heap     ] GC(151) Reclaimed:         -                  -              2800M (34%)        2865M (35%)            -                  -          
[262.354s][info][gc          ] GC(151) Garbage Collection (System.gc()) 3072M(38%)->220M(3%)
[264.618s][info][gc,start    ] GC(152) Garbage Collection (Allocation Rate)
[264.618s][info][gc,task     ] GC(152) Using 2 workers
[264.618s][info][gc,phases   ] GC(152) Pause Mark Start 0.007ms
[265.104s][info][gc,phases   ] GC(152) Concurrent Mark 486.027ms
[265.104s][info][gc,phases   ] GC(152) Pause Mark End 0.021ms
[265.104s][info][gc,phases   ] GC(152) Concurrent Mark Free 0.001ms
[265.115s][info][gc,phases   ] GC(152) Concurrent Process Non-Strong References 10.784ms
[265.115s][info][gc,phases   ] GC(152) Concurrent Reset Relocation Set 0.003ms
[265.138s][info][gc,phases   ] GC(152) Concurrent Select Relocation Set 22.964ms
[265.138s][info][gc,phases   ] GC(152) Pause Relocate Start 0.013ms
[265.264s][info][gc,phases   ] GC(152) Concurrent Relocate 125.428ms
[265.264s][info][gc,load     ] GC(152) Load: 0.00/0.00/0.00
[265.264s][info][gc,mmu      ] GC(152) MMU: 2ms/96.0%, 5ms/98.4%, 10ms/99.2%, 20ms/99.6%, 50ms/99.8%, 100ms/99.9%
[265.264s][info][gc,marking  ] GC(152) Mark: 2 stripe(s), 2 proactive flush(es), 1 terminate flush(es), 0 completion(s), 0 continuation(s) 
[265.264s][info][gc,marking  ] GC(152) Mark Stack Usage: 32M
[265.264s][info][gc,nmethod  ] GC(152) NMethods: 12492 registered, 773 unregistered
[265.264s][info][gc,metaspace] GC(152) Metaspace: 73M used, 73M committed, 1152M reserved
[265.264s][info][gc,ref      ] GC(152) Soft: 5944 encountered, 0 discovered, 0 enqueued
[265.264s][info][gc,ref      ] GC(152) Weak: 6722 encountered, 853 discovered, 108 enqueued
[265.264s][info][gc,ref      ] GC(152) Final: 53 encountered, 0 discovered, 0 enqueued
[265.264s][info][gc,ref      ] GC(152) Phantom: 588 encountered, 329 discovered, 0 enqueued
[265.264s][info][gc,reloc    ] GC(152) Small Pages: 2215 / 4430M, Empty: 2614M, Relocated: 95M, In-Place: 0
[265.264s][info][gc,reloc    ] GC(152) Medium Pages: 5 / 160M, Empty: 96M, Relocated: 10M, In-Place: 0
[265.264s][info][gc,reloc    ] GC(152) Large Pages: 30 / 212M, Empty: 172M, Relocated: 0M, In-Place: 0
[265.264s][info][gc,reloc    ] GC(152) Forwarding Usage: 94M
[265.264s][info][gc,heap     ] GC(152) Min Capacity: 8192M(100%)
[265.264s][info][gc,heap     ] GC(152) Max Capacity: 8192M(100%)
[265.264s][info][gc,heap     ] GC(152) Soft Max Capacity: 8192M(100%)
[265.264s][info][gc,heap     ] GC(152)                Mark Start          Mark End        Relocate Start      Relocate End           High               Low         
[265.264s][info][gc,heap     ] GC(152)  Capacity:     8192M (100%)       8192M (100%)       8192M (100%)       8192M (100%)       8192M (100%)       8192M (100%)   
[265.264s][info][gc,heap     ] GC(152)      Free:     3390M (41%)        3320M (41%)        6186M (76%)        7658M (93%)        7678M (94%)        3318M (41%)    
[265.264s][info][gc,heap     ] GC(152)      Used:     4802M (59%)        4872M (59%)        2006M (24%)         534M (7%)         4874M (59%)         514M (6%)     
[265.264s][info][gc,heap     ] GC(152)      Live:         -               309M (4%)          309M (4%)          309M (4%)             -                  -          
[265.264s][info][gc,heap     ] GC(152) Allocated:         -                70M (1%)           86M (1%)          192M (2%)             -                  -          
[265.264s][info][gc,heap     ] GC(152)   Garbage:         -              4492M (55%)        1610M (20%)          31M (0%)             -                  -          
[265.264s][info][gc,heap     ] GC(152) Reclaimed:         -                  -              2882M (35%)        4460M (54%)            -                  -          
[265.264s][info][gc          ] GC(152) Garbage Collection (Allocation Rate) 4802M(59%)->534M(7%)
[266.983s][info][gc,start    ] GC(153) Garbage Collection (System.gc())
[266.983s][info][gc,task     ] GC(153) Using 2 workers
[266.983s][info][gc,phases   ] GC(153) Pause Mark Start 0.008ms
[267.126s][info][gc,phases   ] GC(153) Concurrent Mark 143.108ms
[267.126s][info][gc,phases   ] GC(153) Pause Mark End 0.027ms
[267.127s][info][gc,phases   ] GC(153) Concurrent Mark Free 0.002ms
[267.137s][info][gc,phases   ] GC(153) Concurrent Process Non-Strong References 10.460ms
[267.137s][info][gc,phases   ] GC(153) Concurrent Reset Relocation Set 0.093ms
[267.145s][info][gc,phases   ] GC(153) Concurrent Select Relocation Set 8.167ms
[267.146s][info][gc,phases   ] GC(153) Pause Relocate Start 0.010ms
[267.147s][info][gc,phases   ] GC(153) Concurrent Relocate 1.303ms
[267.147s][info][gc,load     ] GC(153) Load: 0.00/0.00/0.00
[267.147s][info][gc,mmu      ] GC(153) MMU: 2ms/96.0%, 5ms/98.4%, 10ms/99.2%, 20ms/99.6%, 50ms/99.8%, 100ms/99.9%
[267.147s][info][gc,marking  ] GC(153) Mark: 2 stripe(s), 2 proactive flush(es), 1 terminate flush(es), 0 completion(s), 0 continuation(s) 
[267.147s][info][gc,marking  ] GC(153) Mark Stack Usage: 32M
[267.147s][info][gc,nmethod  ] GC(153) NMethods: 12507 registered, 773 unregistered
[267.147s][info][gc,metaspace] GC(153) Metaspace: 73M used, 73M committed, 1152M reserved
[267.147s][info][gc,ref      ] GC(153) Soft: 5936 encountered, 0 discovered, 0 enqueued
[267.147s][info][gc,ref      ] GC(153) Weak: 6988 encountered, 1474 discovered, 594 enqueued
[267.147s][info][gc,ref      ] GC(153) Final: 53 encountered, 4 discovered, 0 enqueued
[267.147s][info][gc,ref      ] GC(153) Phantom: 588 encountered, 288 discovered, 0 enqueued
[267.147s][info][gc,reloc    ] GC(153) Small Pages: 1518 / 3036M, Empty: 2758M, Relocated: 1M, In-Place: 0
[267.147s][info][gc,reloc    ] GC(153) Medium Pages: 11 / 352M, Empty: 320M, Relocated: 0M, In-Place: 0
[267.147s][info][gc,reloc    ] GC(153) Large Pages: 40 / 256M, Empty: 256M, Relocated: 0M, In-Place: 0
[267.147s][info][gc,reloc    ] GC(153) Forwarding Usage: 0M
[267.147s][info][gc,heap     ] GC(153) Min Capacity: 8192M(100%)
[267.147s][info][gc,heap     ] GC(153) Max Capacity: 8192M(100%)
[267.147s][info][gc,heap     ] GC(153) Soft Max Capacity: 8192M(100%)
[267.147s][info][gc,heap     ] GC(153)                Mark Start          Mark End        Relocate Start      Relocate End           High               Low         
[267.147s][info][gc,heap     ] GC(153)  Capacity:     8192M (100%)       8192M (100%)       8192M (100%)       8192M (100%)       8192M (100%)       8192M (100%)   
[267.147s][info][gc,heap     ] GC(153)      Free:     4548M (56%)        4546M (55%)        7866M (96%)        7970M (97%)        7970M (97%)        4544M (55%)    
[267.147s][info][gc,heap     ] GC(153)      Used:     3644M (44%)        3646M (45%)         326M (4%)          222M (3%)         3648M (45%)         222M (3%)     
[267.147s][info][gc,heap     ] GC(153)      Live:         -               174M (2%)          174M (2%)          174M (2%)             -                  -          
[267.147s][info][gc,heap     ] GC(153) Allocated:         -                 2M (0%)           16M (0%)           16M (0%)             -                  -          
[267.147s][info][gc,heap     ] GC(153)   Garbage:         -              3469M (42%)         135M (2%)           31M (0%)             -                  -          
[267.147s][info][gc,heap     ] GC(153) Reclaimed:         -                  -              3334M (41%)        3438M (42%)            -                  -          
[267.147s][info][gc          ] GC(153) Garbage Collection (System.gc()) 3644M(44%)->222M(3%)
[269.316s][info][gc,start    ] GC(154) Garbage Collection (Allocation Rate)
[269.316s][info][gc,task     ] GC(154) Using 2 workers
[269.316s][info][gc,phases   ] GC(154) Pause Mark Start 0.008ms
[269.929s][info][gc,phases   ] GC(154) Concurrent Mark 612.257ms
[269.929s][info][gc,phases   ] GC(154) Pause Mark End 0.057ms
[269.929s][info][gc,phases   ] GC(154) Concurrent Mark Free 0.001ms
[269.940s][info][gc,phases   ] GC(154) Concurrent Process Non-Strong References 10.481ms
[269.940s][info][gc,phases   ] GC(154) Concurrent Reset Relocation Set 0.004ms
[269.971s][info][gc,phases   ] GC(154) Concurrent Select Relocation Set 31.634ms
[269.971s][info][gc,phases   ] GC(154) Pause Relocate Start 0.028ms
[270.177s][info][gc,phases   ] GC(154) Concurrent Relocate 205.508ms
[270.177s][info][gc,load     ] GC(154) Load: 0.00/0.00/0.00
[270.177s][info][gc,mmu      ] GC(154) MMU: 2ms/96.0%, 5ms/98.4%, 10ms/99.2%, 20ms/99.6%, 50ms/99.8%, 100ms/99.9%
[270.177s][info][gc,marking  ] GC(154) Mark: 2 stripe(s), 2 proactive flush(es), 1 terminate flush(es), 1 completion(s), 0 continuation(s) 
[270.177s][info][gc,marking  ] GC(154) Mark Stack Usage: 32M
[270.177s][info][gc,nmethod  ] GC(154) NMethods: 12521 registered, 773 unregistered
[270.177s][info][gc,metaspace] GC(154) Metaspace: 73M used, 74M committed, 1152M reserved
[270.177s][info][gc,ref      ] GC(154) Soft: 5944 encountered, 0 discovered, 0 enqueued
[270.177s][info][gc,ref      ] GC(154) Weak: 6710 encountered, 824 discovered, 91 enqueued
[270.177s][info][gc,ref      ] GC(154) Final: 53 encountered, 4 discovered, 0 enqueued
[270.177s][info][gc,ref      ] GC(154) Phantom: 588 encountered, 340 discovered, 0 enqueued
[270.177s][info][gc,reloc    ] GC(154) Small Pages: 2133 / 4266M, Empty: 2128M, Relocated: 180M, In-Place: 0
[270.177s][info][gc,reloc    ] GC(154) Medium Pages: 5 / 160M, Empty: 128M, Relocated: 0M, In-Place: 0
[270.177s][info][gc,reloc    ] GC(154) Large Pages: 30 / 212M, Empty: 148M, Relocated: 0M, In-Place: 0
[270.177s][info][gc,reloc    ] GC(154) Forwarding Usage: 136M
[270.177s][info][gc,heap     ] GC(154) Min Capacity: 8192M(100%)
[270.177s][info][gc,heap     ] GC(154) Max Capacity: 8192M(100%)
[270.177s][info][gc,heap     ] GC(154) Soft Max Capacity: 8192M(100%)
[270.177s][info][gc,heap     ] GC(154)                Mark Start          Mark End        Relocate Start      Relocate End           High               Low         
[270.177s][info][gc,heap     ] GC(154)  Capacity:     8192M (100%)       8192M (100%)       8192M (100%)       8192M (100%)       8192M (100%)       8192M (100%)   
[270.177s][info][gc,heap     ] GC(154)      Free:     3554M (43%)        3292M (40%)        5594M (68%)        7130M (87%)        7134M (87%)        3284M (40%)    
[270.177s][info][gc,heap     ] GC(154)      Used:     4638M (57%)        4900M (60%)        2598M (32%)        1062M (13%)        4908M (60%)        1058M (13%)    
[270.177s][info][gc,heap     ] GC(154)      Live:         -               424M (5%)          424M (5%)          424M (5%)             -                  -          
[270.177s][info][gc,heap     ] GC(154) Allocated:         -               262M (3%)          364M (4%)          601M (7%)             -                  -          
[270.177s][info][gc,heap     ] GC(154)   Garbage:         -              4213M (51%)        1809M (22%)          35M (0%)             -                  -          
[270.177s][info][gc,heap     ] GC(154) Reclaimed:         -                  -              2404M (29%)        4177M (51%)            -                  -          
[270.177s][info][gc          ] GC(154) Garbage Collection (Allocation Rate) 4638M(57%)->1062M(13%)
[270.228s][info][gc,start    ] GC(155) Garbage Collection (Allocation Rate)
[270.228s][info][gc,task     ] GC(155) Using 2 workers
[270.229s][info][gc,phases   ] GC(155) Pause Mark Start 0.010ms
[270.322s][info][gc,stats    ] === Garbage Collection Statistics =======================================================================================================================
[270.322s][info][gc,stats    ]                                                              Last 10s              Last 10m              Last 10h                Total
[270.322s][info][gc,stats    ]                                                              Avg / Max             Avg / Max             Avg / Max             Avg / Max
[270.322s][info][gc,stats    ]   Collector: Garbage Collection Cycle                    482.775 / 875.821     425.835 / 983.217     425.835 / 983.217     425.835 / 983.217     ms
[270.322s][info][gc,stats    ]  Contention: Mark Segment Reset Contention                     4 / 36                3 / 36                3 / 36                3 / 36          ops/s
[270.322s][info][gc,stats    ]  Contention: Mark SeqNum Reset Contention                      0 / 0                 0 / 2                 0 / 2                 0 / 2           ops/s
[270.322s][info][gc,stats    ]    Critical: Allocation Stall                                  0 / 0                 0 / 0                 0 / 0                 0 / 0           ops/s
[270.322s][info][gc,stats    ]    Critical: Allocation Stall                              0.000 / 0.000         0.000 / 0.000         0.000 / 0.000         0.000 / 0.000       ms
[270.322s][info][gc,stats    ]    Critical: GC Locker Stall                                   0 / 0                 0 / 0                 0 / 0                 0 / 0           ops/s
[270.322s][info][gc,stats    ]    Critical: GC Locker Stall                               0.000 / 0.000         0.000 / 0.000         0.000 / 0.000         0.000 / 0.000       ms
[270.322s][info][gc,stats    ]    Critical: Relocation Stall                                  0 / 0                 0 / 0                 0 / 0                 0 / 0           ops/s
[270.322s][info][gc,stats    ]    Critical: Relocation Stall                              0.000 / 0.000         0.000 / 0.000         0.000 / 0.000         0.000 / 0.000       ms
[270.322s][info][gc,stats    ]      Memory: Allocation Rate                                1649 / 2242           1582 / 3876           1582 / 3876           1582 / 3876        MB/s
[270.322s][info][gc,stats    ]      Memory: Out Of Memory                                     0 / 0                 0 / 0                 0 / 0                 0 / 0           ops/s
[270.322s][info][gc,stats    ]      Memory: Page Cache Flush                                  0 / 0                 0 / 0                 0 / 0                 0 / 0           MB/s
[270.322s][info][gc,stats    ]      Memory: Page Cache Hit L1                               770 / 1059            726 / 1729            726 / 1729            726 / 1729        ops/s
[270.322s][info][gc,stats    ]      Memory: Page Cache Hit L2                                 0 / 0                 0 / 0                 0 / 0                 0 / 0           ops/s
[270.322s][info][gc,stats    ]      Memory: Page Cache Hit L3                                 0 / 0                 9 / 527               9 / 527               9 / 527         ops/s
[270.322s][info][gc,stats    ]      Memory: Page Cache Miss                                   0 / 0                 0 / 1                 0 / 1                 0 / 1           ops/s
[270.322s][info][gc,stats    ]      Memory: Uncommit                                          0 / 0                 0 / 0                 0 / 0                 0 / 0           MB/s
[270.322s][info][gc,stats    ]      Memory: Undo Object Allocation Failed                     0 / 0                 0 / 1                 0 / 1                 0 / 1           ops/s
[270.322s][info][gc,stats    ]      Memory: Undo Object Allocation Succeeded                  5 / 55                4 / 101               4 / 101               4 / 101         ops/s
[270.322s][info][gc,stats    ]      Memory: Undo Page Allocation                              0 / 0                 0 / 1                 0 / 1                 0 / 1           ops/s
[270.322s][info][gc,stats    ]       Phase: Concurrent Mark                             360.848 / 618.876     324.551 / 972.666     324.551 / 972.666     324.551 / 972.666     ms
[270.322s][info][gc,stats    ]       Phase: Concurrent Mark Continue                      0.000 / 0.000         0.000 / 0.000         0.000 / 0.000         0.000 / 0.000       ms
[270.322s][info][gc,stats    ]       Phase: Concurrent Mark Free                          0.001 / 0.002         0.004 / 0.317         0.004 / 0.317         0.004 / 0.317       ms
[270.322s][info][gc,stats    ]       Phase: Concurrent Process Non-Strong References     10.625 / 11.324        9.916 / 15.785        9.916 / 15.785        9.916 / 15.785      ms
[270.322s][info][gc,stats    ]       Phase: Concurrent Relocate                          91.772 / 209.450      75.542 / 226.884      75.542 / 226.884      75.542 / 226.884     ms
[270.322s][info][gc,stats    ]       Phase: Concurrent Reset Relocation Set               0.038 / 0.120         0.038 / 0.132         0.038 / 0.132         0.038 / 0.132       ms
[270.322s][info][gc,stats    ]       Phase: Concurrent Select Relocation Set             18.426 / 36.252       14.641 / 41.971       14.641 / 41.971       14.641 / 41.971      ms
[270.322s][info][gc,stats    ]       Phase: Pause Mark End                                0.035 / 0.061         0.026 / 0.081         0.026 / 0.081         0.026 / 0.081       ms
[270.322s][info][gc,stats    ]       Phase: Pause Mark Start                              0.008 / 0.010         0.007 / 0.011         0.007 / 0.011         0.007 / 0.011       ms
[270.322s][info][gc,stats    ]       Phase: Pause Relocate Start                          0.015 / 0.028         0.012 / 0.032         0.012 / 0.032         0.012 / 0.032       ms
[270.322s][info][gc,stats    ]    Subphase: Concurrent Classes Purge                      0.476 / 0.577         0.404 / 0.716         0.404 / 0.716         0.404 / 0.716       ms
[270.322s][info][gc,stats    ]    Subphase: Concurrent Classes Unlink                     9.188 / 9.579         8.379 / 12.957        8.379 / 12.957        8.379 / 12.957      ms
[270.322s][info][gc,stats    ]    Subphase: Concurrent Mark                             352.848 / 615.100     316.220 / 969.741     316.220 / 969.741     316.220 / 969.741     ms
[270.322s][info][gc,stats    ]    Subphase: Concurrent Mark Try Flush                     0.167 / 0.388         0.176 / 1.725         0.176 / 1.725         0.176 / 1.725       ms
[270.322s][info][gc,stats    ]    Subphase: Concurrent Mark Try Terminate                 3.318 / 15.297        4.532 / 16.632        4.532 / 16.632        4.532 / 16.632      ms
[270.322s][info][gc,stats    ]    Subphase: Concurrent References Enqueue                 0.005 / 0.007         0.005 / 0.008         0.005 / 0.008         0.005 / 0.008       ms
[270.322s][info][gc,stats    ]    Subphase: Concurrent References Process                 0.166 / 0.267         0.189 / 0.610         0.189 / 0.610         0.189 / 0.610       ms
[270.322s][info][gc,stats    ]    Subphase: Concurrent Roots ClassLoaderDataGraph         0.104 / 0.232         0.119 / 0.376         0.119 / 0.376         0.119 / 0.376       ms
[270.322s][info][gc,stats    ]    Subphase: Concurrent Roots CodeCache                    0.000 / 0.000         0.000 / 0.000         0.000 / 0.000         0.000 / 0.000       ms
[270.322s][info][gc,stats    ]    Subphase: Concurrent Roots JavaThreads                  3.130 / 3.544         4.185 / 8.610         4.185 / 8.610         4.185 / 8.610       ms
[270.323s][info][gc,stats    ]    Subphase: Concurrent Roots OopStorageSet                0.047 / 0.064         0.046 / 0.142         0.046 / 0.142         0.046 / 0.142       ms
[270.323s][info][gc,stats    ]    Subphase: Concurrent Weak Roots OopStorageSet           0.541 / 0.851         0.590 / 1.025         0.590 / 1.025         0.590 / 1.025       ms
[270.323s][info][gc,stats    ]    Subphase: Pause Mark Try Complete                       0.008 / 0.012         0.007 / 0.017         0.007 / 0.017         0.007 / 0.017       ms
[270.323s][info][gc,stats    ]      System: Java Threads                                    263 / 265             247 / 267             247 / 267             247 / 267         threads
[270.323s][info][gc,stats    ] =========================================================================================================================================================
[270.449s][info][gc,phases   ] GC(155) Concurrent Mark 220.583ms
[270.449s][info][gc,phases   ] GC(155) Pause Mark End 0.019ms
[270.449s][info][gc,phases   ] GC(155) Concurrent Mark Free 0.001ms
[270.462s][info][gc,phases   ] GC(155) Concurrent Process Non-Strong References 12.296ms
[270.462s][info][gc,phases   ] GC(155) Concurrent Reset Relocation Set 0.139ms
[270.474s][info][gc,phases   ] GC(155) Concurrent Select Relocation Set 11.708ms
[270.474s][info][gc,phases   ] GC(155) Pause Relocate Start 0.012ms
[270.495s][info][gc,phases   ] GC(155) Concurrent Relocate 20.866ms
[270.495s][info][gc,load     ] GC(155) Load: 0.00/0.00/0.00
[270.495s][info][gc,mmu      ] GC(155) MMU: 2ms/96.0%, 5ms/98.4%, 10ms/99.2%, 20ms/99.6%, 50ms/99.8%, 100ms/99.9%
[270.495s][info][gc,marking  ] GC(155) Mark: 2 stripe(s), 2 proactive flush(es), 1 terminate flush(es), 0 completion(s), 0 continuation(s) 
[270.495s][info][gc,marking  ] GC(155) Mark Stack Usage: 32M
[270.495s][info][gc,nmethod  ] GC(155) NMethods: 12527 registered, 773 unregistered
[270.495s][info][gc,metaspace] GC(155) Metaspace: 73M used, 74M committed, 1152M reserved
[270.495s][info][gc,ref      ] GC(155) Soft: 5940 encountered, 0 discovered, 0 enqueued
[270.495s][info][gc,ref      ] GC(155) Weak: 6834 encountered, 1230 discovered, 221 enqueued
[270.495s][info][gc,ref      ] GC(155) Final: 53 encountered, 4 discovered, 0 enqueued
[270.495s][info][gc,ref      ] GC(155) Phantom: 592 encountered, 290 discovered, 0 enqueued
[270.495s][info][gc,reloc    ] GC(155) Small Pages: 482 / 964M, Empty: 642M, Relocated: 15M, In-Place: 0
[270.495s][info][gc,reloc    ] GC(155) Medium Pages: 4 / 128M, Empty: 32M, Relocated: 18M, In-Place: 0
[270.495s][info][gc,reloc    ] GC(155) Large Pages: 16 / 112M, Empty: 100M, Relocated: 0M, In-Place: 0
[270.495s][info][gc,reloc    ] GC(155) Forwarding Usage: 16M
[270.495s][info][gc,heap     ] GC(155) Min Capacity: 8192M(100%)
[270.495s][info][gc,heap     ] GC(155) Max Capacity: 8192M(100%)
[270.495s][info][gc,heap     ] GC(155) Soft Max Capacity: 8192M(100%)
[270.495s][info][gc,heap     ] GC(155)                Mark Start          Mark End        Relocate Start      Relocate End           High               Low         
[270.495s][info][gc,heap     ] GC(155)  Capacity:     8192M (100%)       8192M (100%)       8192M (100%)       8192M (100%)       8192M (100%)       8192M (100%)   
[270.495s][info][gc,heap     ] GC(155)      Free:     6988M (85%)        6630M (81%)        7366M (90%)        7544M (92%)        7544M (92%)        6598M (81%)    
[270.495s][info][gc,heap     ] GC(155)      Used:     1204M (15%)        1562M (19%)         826M (10%)         648M (8%)         1594M (19%)         648M (8%)     
[270.495s][info][gc,heap     ] GC(155)      Live:         -               209M (3%)          209M (3%)          209M (3%)             -                  -          
[270.495s][info][gc,heap     ] GC(155) Allocated:         -               358M (4%)          396M (5%)          416M (5%)             -                  -          
[270.495s][info][gc,heap     ] GC(155)   Garbage:         -               994M (12%)         220M (3%)           22M (0%)             -                  -          
[270.495s][info][gc,heap     ] GC(155) Reclaimed:         -                  -               774M (9%)          972M (12%)            -                  -          
[270.495s][info][gc          ] GC(155) Garbage Collection (Allocation Rate) 1204M(15%)->648M(8%)
[271.795s][info][gc,start    ] GC(156) Garbage Collection (System.gc())
[271.795s][info][gc,task     ] GC(156) Using 2 workers
[271.795s][info][gc,phases   ] GC(156) Pause Mark Start 0.006ms
[271.933s][info][gc,phases   ] GC(156) Concurrent Mark 137.959ms
[271.934s][info][gc,phases   ] GC(156) Pause Mark End 0.027ms
[271.934s][info][gc,phases   ] GC(156) Concurrent Mark Free 0.002ms
[271.945s][info][gc,phases   ] GC(156) Concurrent Process Non-Strong References 11.090ms
[271.945s][info][gc,phases   ] GC(156) Concurrent Reset Relocation Set 0.006ms
[271.948s][info][gc,phases   ] GC(156) Concurrent Select Relocation Set 3.183ms
[271.948s][info][gc,phases   ] GC(156) Pause Relocate Start 0.009ms
[271.950s][info][gc,phases   ] GC(156) Concurrent Relocate 1.489ms
[271.950s][info][gc,load     ] GC(156) Load: 0.00/0.00/0.00
[271.950s][info][gc,mmu      ] GC(156) MMU: 2ms/96.0%, 5ms/98.4%, 10ms/99.2%, 20ms/99.6%, 50ms/99.8%, 100ms/99.9%
[271.950s][info][gc,marking  ] GC(156) Mark: 2 stripe(s), 1 proactive flush(es), 1 terminate flush(es), 0 completion(s), 0 continuation(s) 
[271.950s][info][gc,marking  ] GC(156) Mark Stack Usage: 32M
[271.950s][info][gc,nmethod  ] GC(156) NMethods: 12546 registered, 773 unregistered
[271.950s][info][gc,metaspace] GC(156) Metaspace: 73M used, 74M committed, 1152M reserved
[271.950s][info][gc,ref      ] GC(156) Soft: 5936 encountered, 0 discovered, 0 enqueued
[271.950s][info][gc,ref      ] GC(156) Weak: 6771 encountered, 1116 discovered, 380 enqueued
[271.950s][info][gc,ref      ] GC(156) Final: 53 encountered, 4 discovered, 0 enqueued
[271.950s][info][gc,ref      ] GC(156) Phantom: 588 encountered, 312 discovered, 0 enqueued
[271.950s][info][gc,reloc    ] GC(156) Small Pages: 1268 / 2536M, Empty: 2288M, Relocated: 1M, In-Place: 0
[271.950s][info][gc,reloc    ] GC(156) Medium Pages: 9 / 288M, Empty: 256M, Relocated: 0M, In-Place: 0
[271.950s][info][gc,reloc    ] GC(156) Large Pages: 33 / 198M, Empty: 198M, Relocated: 0M, In-Place: 0
[271.950s][info][gc,reloc    ] GC(156) Forwarding Usage: 0M
[271.950s][info][gc,heap     ] GC(156) Min Capacity: 8192M(100%)
[271.950s][info][gc,heap     ] GC(156) Max Capacity: 8192M(100%)
[271.950s][info][gc,heap     ] GC(156) Soft Max Capacity: 8192M(100%)
[271.950s][info][gc,heap     ] GC(156)                Mark Start          Mark End        Relocate Start      Relocate End           High               Low         
[271.950s][info][gc,heap     ] GC(156)  Capacity:     8192M (100%)       8192M (100%)       8192M (100%)       8192M (100%)       8192M (100%)       8192M (100%)   
[271.950s][info][gc,heap     ] GC(156)      Free:     5170M (63%)        5168M (63%)        7902M (96%)        7974M (97%)        7974M (97%)        5168M (63%)    
[271.950s][info][gc,heap     ] GC(156)      Used:     3022M (37%)        3024M (37%)         290M (4%)          218M (3%)         3024M (37%)         218M (3%)     
[271.950s][info][gc,heap     ] GC(156)      Live:         -               174M (2%)          174M (2%)          174M (2%)             -                  -          
[271.950s][info][gc,heap     ] GC(156) Allocated:         -                 2M (0%)           10M (0%)           11M (0%)             -                  -          
[271.950s][info][gc,heap     ] GC(156)   Garbage:         -              2847M (35%)         105M (1%)           31M (0%)             -                  -          
[271.950s][info][gc,heap     ] GC(156) Reclaimed:         -                  -              2742M (33%)        2815M (34%)            -                  -          
[271.950s][info][gc          ] GC(156) Garbage Collection (System.gc()) 3022M(37%)->218M(3%)
[274.227s][info][gc,start    ] GC(157) Garbage Collection (Allocation Rate)
[274.227s][info][gc,task     ] GC(157) Using 2 workers
[274.227s][info][gc,phases   ] GC(157) Pause Mark Start 0.008ms
[274.745s][info][gc,phases   ] GC(157) Concurrent Mark 518.239ms
[274.746s][info][gc,phases   ] GC(157) Pause Mark End 0.022ms
[274.746s][info][gc,phases   ] GC(157) Concurrent Mark Free 0.001ms
[274.757s][info][gc,phases   ] GC(157) Concurrent Process Non-Strong References 11.228ms
[274.757s][info][gc,phases   ] GC(157) Concurrent Reset Relocation Set 0.003ms
[274.784s][info][gc,phases   ] GC(157) Concurrent Select Relocation Set 27.418ms
[274.785s][info][gc,phases   ] GC(157) Pause Relocate Start 0.018ms
[274.931s][info][gc,phases   ] GC(157) Concurrent Relocate 146.265ms
[274.931s][info][gc,load     ] GC(157) Load: 0.00/0.00/0.00
[274.931s][info][gc,mmu      ] GC(157) MMU: 2ms/96.0%, 5ms/98.4%, 10ms/99.2%, 20ms/99.6%, 50ms/99.8%, 100ms/99.9%
[274.931s][info][gc,marking  ] GC(157) Mark: 2 stripe(s), 4 proactive flush(es), 1 terminate flush(es), 0 completion(s), 0 continuation(s) 
[274.931s][info][gc,marking  ] GC(157) Mark Stack Usage: 32M
[274.931s][info][gc,nmethod  ] GC(157) NMethods: 12557 registered, 773 unregistered
[274.931s][info][gc,metaspace] GC(157) Metaspace: 73M used, 74M committed, 1152M reserved
[274.931s][info][gc,ref      ] GC(157) Soft: 5944 encountered, 0 discovered, 0 enqueued
[274.931s][info][gc,ref      ] GC(157) Weak: 6713 encountered, 789 discovered, 91 enqueued
[274.931s][info][gc,ref      ] GC(157) Final: 53 encountered, 0 discovered, 0 enqueued
[274.931s][info][gc,ref      ] GC(157) Phantom: 588 encountered, 356 discovered, 0 enqueued
[274.931s][info][gc,reloc    ] GC(157) Small Pages: 2216 / 4432M, Empty: 2612M, Relocated: 95M, In-Place: 0
[274.931s][info][gc,reloc    ] GC(157) Medium Pages: 5 / 160M, Empty: 96M, Relocated: 12M, In-Place: 0
[274.931s][info][gc,reloc    ] GC(157) Large Pages: 30 / 212M, Empty: 172M, Relocated: 0M, In-Place: 0
[274.931s][info][gc,reloc    ] GC(157) Forwarding Usage: 95M
[274.931s][info][gc,heap     ] GC(157) Min Capacity: 8192M(100%)
[274.931s][info][gc,heap     ] GC(157) Max Capacity: 8192M(100%)
[274.931s][info][gc,heap     ] GC(157) Soft Max Capacity: 8192M(100%)
[274.931s][info][gc,heap     ] GC(157)                Mark Start          Mark End        Relocate Start      Relocate End           High               Low         
[274.931s][info][gc,heap     ] GC(157)  Capacity:     8192M (100%)       8192M (100%)       8192M (100%)       8192M (100%)       8192M (100%)       8192M (100%)   
[274.931s][info][gc,heap     ] GC(157)      Free:     3388M (41%)        3296M (40%)        6100M (74%)        7502M (92%)        7502M (92%)        3286M (40%)    
[274.931s][info][gc,heap     ] GC(157)      Used:     4804M (59%)        4896M (60%)        2092M (26%)         690M (8%)         4906M (60%)         690M (8%)     
[274.931s][info][gc,heap     ] GC(157)      Live:         -               311M (4%)          311M (4%)          311M (4%)             -                  -          
[274.931s][info][gc,heap     ] GC(157) Allocated:         -                92M (1%)          168M (2%)          350M (4%)             -                  -          
[274.931s][info][gc,heap     ] GC(157)   Garbage:         -              4492M (55%)        1612M (20%)          28M (0%)             -                  -          
[274.931s][info][gc,heap     ] GC(157) Reclaimed:         -                  -              2880M (35%)        4464M (54%)            -                  -          
[274.931s][info][gc          ] GC(157) Garbage Collection (Allocation Rate) 4804M(59%)->690M(8%)
[275.917s][info][gc,start    ] GC(158) Garbage Collection (Allocation Rate)
[275.917s][info][gc,task     ] GC(158) Using 2 workers
[275.918s][info][gc,phases   ] GC(158) Pause Mark Start 0.009ms
[276.256s][info][gc,phases   ] GC(158) Concurrent Mark 338.117ms
[276.256s][info][gc,phases   ] GC(158) Pause Mark End 0.026ms
[276.256s][info][gc,phases   ] GC(158) Concurrent Mark Free 0.001ms
[276.267s][info][gc,phases   ] GC(158) Concurrent Process Non-Strong References 10.930ms
[276.267s][info][gc,phases   ] GC(158) Concurrent Reset Relocation Set 0.081ms
[276.277s][info][gc,phases   ] GC(158) Concurrent Select Relocation Set 9.601ms
[276.277s][info][gc,phases   ] GC(158) Pause Relocate Start 0.011ms
[276.366s][info][gc,phases   ] GC(158) Concurrent Relocate 88.808ms
[276.366s][info][gc,load     ] GC(158) Load: 0.00/0.00/0.00
[276.366s][info][gc,mmu      ] GC(158) MMU: 2ms/96.0%, 5ms/98.4%, 10ms/99.2%, 20ms/99.6%, 50ms/99.8%, 100ms/99.9%
[276.366s][info][gc,marking  ] GC(158) Mark: 2 stripe(s), 2 proactive flush(es), 1 terminate flush(es), 0 completion(s), 0 continuation(s) 
[276.366s][info][gc,marking  ] GC(158) Mark Stack Usage: 32M
[276.366s][info][gc,nmethod  ] GC(158) NMethods: 12568 registered, 773 unregistered
[276.366s][info][gc,metaspace] GC(158) Metaspace: 73M used, 74M committed, 1152M reserved
[276.366s][info][gc,ref      ] GC(158) Soft: 5940 encountered, 0 discovered, 0 enqueued
[276.366s][info][gc,ref      ] GC(158) Weak: 6968 encountered, 894 discovered, 362 enqueued
[276.366s][info][gc,ref      ] GC(158) Final: 53 encountered, 0 discovered, 0 enqueued
[276.366s][info][gc,ref      ] GC(158) Phantom: 588 encountered, 321 discovered, 0 enqueued
[276.366s][info][gc,reloc    ] GC(158) Small Pages: 1004 / 2008M, Empty: 1050M, Relocated: 43M, In-Place: 0
[276.366s][info][gc,reloc    ] GC(158) Medium Pages: 7 / 224M, Empty: 96M, Relocated: 20M, In-Place: 0
[276.366s][info][gc,reloc    ] GC(158) Large Pages: 24 / 160M, Empty: 160M, Relocated: 0M, In-Place: 0
[276.366s][info][gc,reloc    ] GC(158) Forwarding Usage: 38M
[276.366s][info][gc,heap     ] GC(158) Min Capacity: 8192M(100%)
[276.366s][info][gc,heap     ] GC(158) Max Capacity: 8192M(100%)
[276.366s][info][gc,heap     ] GC(158) Soft Max Capacity: 8192M(100%)
[276.366s][info][gc,heap     ] GC(158)                Mark Start          Mark End        Relocate Start      Relocate End           High               Low         
[276.366s][info][gc,heap     ] GC(158)  Capacity:     8192M (100%)       8192M (100%)       8192M (100%)       8192M (100%)       8192M (100%)       8192M (100%)   
[276.366s][info][gc,heap     ] GC(158)      Free:     5800M (71%)        5142M (63%)        6436M (79%)        7030M (86%)        7032M (86%)        5134M (63%)    
[276.366s][info][gc,heap     ] GC(158)      Used:     2392M (29%)        3050M (37%)        1756M (21%)        1162M (14%)        3058M (37%)        1160M (14%)    
[276.366s][info][gc,heap     ] GC(158)      Live:         -               244M (3%)          244M (3%)          244M (3%)             -                  -          
[276.366s][info][gc,heap     ] GC(158) Allocated:         -               658M (8%)          670M (8%)          881M (11%)            -                  -          
[276.366s][info][gc,heap     ] GC(158)   Garbage:         -              2147M (26%)         841M (10%)          35M (0%)             -                  -          
[276.366s][info][gc,heap     ] GC(158) Reclaimed:         -                  -              1306M (16%)        2111M (26%)            -                  -          
[276.366s][info][gc          ] GC(158) Garbage Collection (Allocation Rate) 2392M(29%)->1162M(14%)
[276.504s][info][gc,start    ] GC(159) Garbage Collection (System.gc())
[276.505s][info][gc,task     ] GC(159) Using 2 workers
[276.505s][info][gc,phases   ] GC(159) Pause Mark Start 0.010ms
[276.653s][info][gc,phases   ] GC(159) Concurrent Mark 147.989ms
[276.653s][info][gc,phases   ] GC(159) Pause Mark End 0.020ms
[276.653s][info][gc,phases   ] GC(159) Concurrent Mark Free 0.001ms
[276.663s][info][gc,phases   ] GC(159) Concurrent Process Non-Strong References 10.121ms
[276.663s][info][gc,phases   ] GC(159) Concurrent Reset Relocation Set 0.029ms
[276.667s][info][gc,phases   ] GC(159) Concurrent Select Relocation Set 4.308ms
[276.667s][info][gc,phases   ] GC(159) Pause Relocate Start 0.009ms
[276.668s][info][gc,phases   ] GC(159) Concurrent Relocate 0.818ms
[276.668s][info][gc,load     ] GC(159) Load: 0.00/0.00/0.00
[276.668s][info][gc,mmu      ] GC(159) MMU: 2ms/96.0%, 5ms/98.4%, 10ms/99.2%, 20ms/99.6%, 50ms/99.8%, 100ms/99.9%
[276.668s][info][gc,marking  ] GC(159) Mark: 2 stripe(s), 2 proactive flush(es), 1 terminate flush(es), 0 completion(s), 0 continuation(s) 
[276.668s][info][gc,marking  ] GC(159) Mark Stack Usage: 32M
[276.668s][info][gc,nmethod  ] GC(159) NMethods: 12568 registered, 773 unregistered
[276.668s][info][gc,metaspace] GC(159) Metaspace: 73M used, 74M committed, 1152M reserved
[276.668s][info][gc,ref      ] GC(159) Soft: 5936 encountered, 0 discovered, 0 enqueued
[276.668s][info][gc,ref      ] GC(159) Weak: 6627 encountered, 1123 discovered, 239 enqueued
[276.668s][info][gc,ref      ] GC(159) Final: 53 encountered, 4 discovered, 0 enqueued
[276.668s][info][gc,ref      ] GC(159) Phantom: 588 encountered, 384 discovered, 0 enqueued
[276.668s][info][gc,reloc    ] GC(159) Small Pages: 629 / 1258M, Empty: 1034M, Relocated: 1M, In-Place: 0
[276.668s][info][gc,reloc    ] GC(159) Medium Pages: 7 / 224M, Empty: 192M, Relocated: 0M, In-Place: 0
[276.668s][info][gc,reloc    ] GC(159) Large Pages: 22 / 132M, Empty: 132M, Relocated: 0M, In-Place: 0
[276.668s][info][gc,reloc    ] GC(159) Forwarding Usage: 0M
[276.668s][info][gc,heap     ] GC(159) Min Capacity: 8192M(100%)
[276.669s][info][gc,heap     ] GC(159) Max Capacity: 8192M(100%)
[276.669s][info][gc,heap     ] GC(159) Soft Max Capacity: 8192M(100%)
[276.669s][info][gc,heap     ] GC(159)                Mark Start          Mark End        Relocate Start      Relocate End           High               Low         
[276.669s][info][gc,heap     ] GC(159)  Capacity:     8192M (100%)       8192M (100%)       8192M (100%)       8192M (100%)       8192M (100%)       8192M (100%)   
[276.669s][info][gc,heap     ] GC(159)      Free:     6578M (80%)        6574M (80%)        7926M (97%)        7976M (97%)        7976M (97%)        6574M (80%)    
[276.669s][info][gc,heap     ] GC(159)      Used:     1614M (20%)        1618M (20%)         266M (3%)          216M (3%)         1618M (20%)         216M (3%)     
[276.669s][info][gc,heap     ] GC(159)      Live:         -               174M (2%)          174M (2%)          174M (2%)             -                  -          
[276.669s][info][gc,heap     ] GC(159) Allocated:         -                 4M (0%)           10M (0%)           10M (0%)             -                  -          
[276.669s][info][gc,heap     ] GC(159)   Garbage:         -              1439M (18%)          81M (1%)           31M (0%)             -                  -          
[276.669s][info][gc,heap     ] GC(159) Reclaimed:         -                  -              1358M (17%)        1408M (17%)            -                  -          
[276.669s][info][gc          ] GC(159) Garbage Collection (System.gc()) 1614M(20%)->216M(3%)
[278.915s][info][gc,start    ] GC(160) Garbage Collection (Allocation Rate)
[278.915s][info][gc,task     ] GC(160) Using 2 workers
[278.915s][info][gc,phases   ] GC(160) Pause Mark Start 0.005ms
[279.505s][info][gc,phases   ] GC(160) Concurrent Mark 590.536ms
[279.506s][info][gc,phases   ] GC(160) Pause Mark End 0.101ms
[279.506s][info][gc,phases   ] GC(160) Concurrent Mark Free 0.000ms
[279.519s][info][gc,phases   ] GC(160) Concurrent Process Non-Strong References 13.040ms
[279.519s][info][gc,phases   ] GC(160) Concurrent Reset Relocation Set 0.003ms
[279.549s][info][gc,phases   ] GC(160) Concurrent Select Relocation Set 30.280ms
[279.549s][info][gc,phases   ] GC(160) Pause Relocate Start 0.012ms
[279.749s][info][gc,phases   ] GC(160) Concurrent Relocate 199.619ms
[279.749s][info][gc,load     ] GC(160) Load: 0.00/0.00/0.00
[279.749s][info][gc,mmu      ] GC(160) MMU: 2ms/95.0%, 5ms/98.0%, 10ms/99.0%, 20ms/99.5%, 50ms/99.8%, 100ms/99.9%
[279.749s][info][gc,marking  ] GC(160) Mark: 2 stripe(s), 2 proactive flush(es), 1 terminate flush(es), 1 completion(s), 0 continuation(s) 
[279.749s][info][gc,marking  ] GC(160) Mark Stack Usage: 32M
[279.749s][info][gc,nmethod  ] GC(160) NMethods: 12579 registered, 773 unregistered
[279.749s][info][gc,metaspace] GC(160) Metaspace: 73M used, 74M committed, 1152M reserved
[279.749s][info][gc,ref      ] GC(160) Soft: 5944 encountered, 0 discovered, 0 enqueued
[279.749s][info][gc,ref      ] GC(160) Weak: 6708 encountered, 1065 discovered, 21 enqueued
[279.749s][info][gc,ref      ] GC(160) Final: 53 encountered, 0 discovered, 0 enqueued
[279.749s][info][gc,ref      ] GC(160) Phantom: 588 encountered, 315 discovered, 0 enqueued
[279.749s][info][gc,reloc    ] GC(160) Small Pages: 2199 / 4398M, Empty: 2252M, Relocated: 166M, In-Place: 0
[279.749s][info][gc,reloc    ] GC(160) Medium Pages: 5 / 160M, Empty: 128M, Relocated: 0M, In-Place: 0
[279.749s][info][gc,reloc    ] GC(160) Large Pages: 30 / 212M, Empty: 154M, Relocated: 0M, In-Place: 0
[279.749s][info][gc,reloc    ] GC(160) Forwarding Usage: 133M
[279.749s][info][gc,heap     ] GC(160) Min Capacity: 8192M(100%)
[279.749s][info][gc,heap     ] GC(160) Max Capacity: 8192M(100%)
[279.749s][info][gc,heap     ] GC(160) Soft Max Capacity: 8192M(100%)
[279.749s][info][gc,heap     ] GC(160)                Mark Start          Mark End        Relocate Start      Relocate End           High               Low         
[279.749s][info][gc,heap     ] GC(160)  Capacity:     8192M (100%)       8192M (100%)       8192M (100%)       8192M (100%)       8192M (100%)       8192M (100%)   
[279.749s][info][gc,heap     ] GC(160)      Free:     3422M (42%)        3258M (40%)        5702M (70%)        7250M (89%)        7282M (89%)        3196M (39%)    
[279.749s][info][gc,heap     ] GC(160)      Used:     4770M (58%)        4934M (60%)        2490M (30%)         942M (11%)        4996M (61%)         910M (11%)    
[279.749s][info][gc,heap     ] GC(160)      Live:         -               399M (5%)          399M (5%)          399M (5%)             -                  -          
[279.749s][info][gc,heap     ] GC(160) Allocated:         -               164M (2%)          254M (3%)          509M (6%)             -                  -          
[279.749s][info][gc,heap     ] GC(160)   Garbage:         -              4370M (53%)        1836M (22%)          32M (0%)             -                  -          
[279.749s][info][gc,heap     ] GC(160) Reclaimed:         -                  -              2534M (31%)        4337M (53%)            -                  -          
[279.749s][info][gc          ] GC(160) Garbage Collection (Allocation Rate) 4770M(58%)->942M(11%)
[279.826s][info][gc,start    ] GC(161) Garbage Collection (Allocation Rate)
[279.826s][info][gc,task     ] GC(161) Using 2 workers
[279.826s][info][gc,phases   ] GC(161) Pause Mark Start 0.008ms
[280.039s][info][gc,phases   ] GC(161) Concurrent Mark 212.934ms
[280.039s][info][gc,phases   ] GC(161) Pause Mark End 0.022ms
[280.039s][info][gc,phases   ] GC(161) Concurrent Mark Free 0.001ms
[280.050s][info][gc,phases   ] GC(161) Concurrent Process Non-Strong References 10.726ms
[280.050s][info][gc,phases   ] GC(161) Concurrent Reset Relocation Set 0.093ms
[280.060s][info][gc,phases   ] GC(161) Concurrent Select Relocation Set 10.057ms
[280.060s][info][gc,phases   ] GC(161) Pause Relocate Start 0.011ms
[280.087s][info][gc,phases   ] GC(161) Concurrent Relocate 26.515ms
[280.087s][info][gc,load     ] GC(161) Load: 0.00/0.00/0.00
[280.087s][info][gc,mmu      ] GC(161) MMU: 2ms/95.0%, 5ms/98.0%, 10ms/99.0%, 20ms/99.5%, 50ms/99.8%, 100ms/99.9%
[280.087s][info][gc,marking  ] GC(161) Mark: 2 stripe(s), 3 proactive flush(es), 1 terminate flush(es), 0 completion(s), 0 continuation(s) 
[280.087s][info][gc,marking  ] GC(161) Mark Stack Usage: 32M
[280.087s][info][gc,nmethod  ] GC(161) NMethods: 12582 registered, 773 unregistered
[280.087s][info][gc,metaspace] GC(161) Metaspace: 73M used, 74M committed, 1152M reserved
[280.087s][info][gc,ref      ] GC(161) Soft: 5940 encountered, 0 discovered, 0 enqueued
[280.087s][info][gc,ref      ] GC(161) Weak: 6785 encountered, 1236 discovered, 221 enqueued
[280.087s][info][gc,ref      ] GC(161) Final: 53 encountered, 4 discovered, 0 enqueued
[280.087s][info][gc,ref      ] GC(161) Phantom: 592 encountered, 325 discovered, 0 enqueued
[280.087s][info][gc,reloc    ] GC(161) Small Pages: 422 / 844M, Empty: 468M, Relocated: 20M, In-Place: 0
[280.087s][info][gc,reloc    ] GC(161) Medium Pages: 4 / 128M, Empty: 96M, Relocated: 0M, In-Place: 0
[280.087s][info][gc,reloc    ] GC(161) Large Pages: 17 / 118M, Empty: 94M, Relocated: 0M, In-Place: 0
[280.087s][info][gc,reloc    ] GC(161) Forwarding Usage: 20M
[280.087s][info][gc,heap     ] GC(161) Min Capacity: 8192M(100%)
[280.087s][info][gc,heap     ] GC(161) Max Capacity: 8192M(100%)
[280.087s][info][gc,heap     ] GC(161) Soft Max Capacity: 8192M(100%)
[280.087s][info][gc,heap     ] GC(161)                Mark Start          Mark End        Relocate Start      Relocate End           High               Low         
[280.087s][info][gc,heap     ] GC(161)  Capacity:     8192M (100%)       8192M (100%)       8192M (100%)       8192M (100%)       8192M (100%)       8192M (100%)   
[280.087s][info][gc,heap     ] GC(161)      Free:     7102M (87%)        6732M (82%)        7374M (90%)        7534M (92%)        7534M (92%)        6722M (82%)    
[280.087s][info][gc,heap     ] GC(161)      Used:     1090M (13%)        1460M (18%)         818M (10%)         658M (8%)         1470M (18%)         658M (8%)     
[280.087s][info][gc,heap     ] GC(161)      Live:         -               218M (3%)          218M (3%)          218M (3%)             -                  -          
[280.087s][info][gc,heap     ] GC(161) Allocated:         -               370M (5%)          386M (5%)          406M (5%)             -                  -          
[280.087s][info][gc,heap     ] GC(161)   Garbage:         -               871M (11%)         213M (3%)           33M (0%)             -                  -          
[280.087s][info][gc,heap     ] GC(161) Reclaimed:         -                  -               658M (8%)          838M (10%)            -                  -          
[280.087s][info][gc          ] GC(161) Garbage Collection (Allocation Rate) 1090M(13%)->658M(8%)
[280.318s][info][gc,stats    ] === Garbage Collection Statistics =======================================================================================================================
[280.318s][info][gc,stats    ]                                                              Last 10s              Last 10m              Last 10h                Total
[280.318s][info][gc,stats    ]                                                              Avg / Max             Avg / Max             Avg / Max             Avg / Max
[280.318s][info][gc,stats    ]   Collector: Garbage Collection Cycle                    404.804 / 834.449     424.926 / 983.217     424.926 / 983.217     424.926 / 983.217     ms
[280.319s][info][gc,stats    ]  Contention: Mark Segment Reset Contention                     3 / 27                3 / 36                3 / 36                3 / 36          ops/s
[280.319s][info][gc,stats    ]  Contention: Mark SeqNum Reset Contention                      0 / 0                 0 / 2                 0 / 2                 0 / 2           ops/s
[280.319s][info][gc,stats    ]    Critical: Allocation Stall                                  0 / 0                 0 / 0                 0 / 0                 0 / 0           ops/s
[280.319s][info][gc,stats    ]    Critical: Allocation Stall                              0.000 / 0.000         0.000 / 0.000         0.000 / 0.000         0.000 / 0.000       ms
[280.319s][info][gc,stats    ]    Critical: GC Locker Stall                                   0 / 0                 0 / 0                 0 / 0                 0 / 0           ops/s
[280.319s][info][gc,stats    ]    Critical: GC Locker Stall                               0.000 / 0.000         0.000 / 0.000         0.000 / 0.000         0.000 / 0.000       ms
[280.319s][info][gc,stats    ]    Critical: Relocation Stall                                  0 / 0                 0 / 0                 0 / 0                 0 / 0           ops/s
[280.319s][info][gc,stats    ]    Critical: Relocation Stall                              0.000 / 0.000         0.000 / 0.000         0.000 / 0.000         0.000 / 0.000       ms
[280.319s][info][gc,stats    ]      Memory: Allocation Rate                                1652 / 2342           1585 / 3876           1585 / 3876           1585 / 3876        MB/s
[280.319s][info][gc,stats    ]      Memory: Out Of Memory                                     0 / 0                 0 / 0                 0 / 0                 0 / 0           ops/s
[280.319s][info][gc,stats    ]      Memory: Page Cache Flush                                  0 / 0                 0 / 0                 0 / 0                 0 / 0           MB/s
[280.319s][info][gc,stats    ]      Memory: Page Cache Hit L1                               765 / 1135            727 / 1729            727 / 1729            727 / 1729        ops/s
[280.319s][info][gc,stats    ]      Memory: Page Cache Hit L2                                 0 / 0                 0 / 0                 0 / 0                 0 / 0           ops/s
[280.319s][info][gc,stats    ]      Memory: Page Cache Hit L3                                 0 / 0                 8 / 527               8 / 527               8 / 527         ops/s
[280.319s][info][gc,stats    ]      Memory: Page Cache Miss                                   0 / 0                 0 / 1                 0 / 1                 0 / 1           ops/s
[280.319s][info][gc,stats    ]      Memory: Uncommit                                          0 / 0                 0 / 0                 0 / 0                 0 / 0           MB/s
[280.319s][info][gc,stats    ]      Memory: Undo Object Allocation Failed                     0 / 0                 0 / 1                 0 / 1                 0 / 1           ops/s
[280.319s][info][gc,stats    ]      Memory: Undo Object Allocation Succeeded                  0 / 0                 4 / 101               4 / 101               4 / 101         ops/s
[280.319s][info][gc,stats    ]      Memory: Undo Page Allocation                              0 / 0                 0 / 1                 0 / 1                 0 / 1           ops/s
[280.319s][info][gc,stats    ]       Phase: Concurrent Mark                             309.480 / 590.536     323.900 / 972.666     323.900 / 972.666     323.900 / 972.666     ms
[280.319s][info][gc,stats    ]       Phase: Concurrent Mark Continue                      0.000 / 0.000         0.000 / 0.000         0.000 / 0.000         0.000 / 0.000       ms
[280.319s][info][gc,stats    ]       Phase: Concurrent Mark Free                          0.001 / 0.002         0.004 / 0.317         0.004 / 0.317         0.004 / 0.317       ms
[280.319s][info][gc,stats    ]       Phase: Concurrent Process Non-Strong References     11.347 / 13.040        9.977 / 15.785        9.977 / 15.785        9.977 / 15.785      ms
[280.319s][info][gc,stats    ]       Phase: Concurrent Relocate                          69.197 / 199.619      75.267 / 226.884      75.267 / 226.884      75.267 / 226.884     ms
[280.319s][info][gc,stats    ]       Phase: Concurrent Reset Relocation Set               0.051 / 0.139         0.039 / 0.139         0.039 / 0.139         0.039 / 0.139       ms
[280.319s][info][gc,stats    ]       Phase: Concurrent Select Relocation Set             13.793 / 30.280       14.605 / 41.971       14.605 / 41.971       14.605 / 41.971      ms
[280.319s][info][gc,stats    ]       Phase: Pause Mark End                                0.034 / 0.101         0.026 / 0.101         0.026 / 0.101         0.026 / 0.101       ms
[280.319s][info][gc,stats    ]       Phase: Pause Mark Start                              0.008 / 0.010         0.007 / 0.011         0.007 / 0.011         0.007 / 0.011       ms
[280.319s][info][gc,stats    ]       Phase: Pause Relocate Start                          0.012 / 0.018         0.012 / 0.032         0.012 / 0.032         0.012 / 0.032       ms
[280.319s][info][gc,stats    ]    Subphase: Concurrent Classes Purge                      0.495 / 0.709         0.408 / 0.716         0.408 / 0.716         0.408 / 0.716       ms
[280.319s][info][gc,stats    ]    Subphase: Concurrent Classes Unlink                     9.775 / 11.566        8.439 / 12.957        8.439 / 12.957        8.439 / 12.957      ms
[280.319s][info][gc,stats    ]    Subphase: Concurrent Mark                             301.895 / 587.215     315.601 / 969.741     315.601 / 969.741     315.601 / 969.741     ms
[280.319s][info][gc,stats    ]    Subphase: Concurrent Mark Try Flush                     0.207 / 0.476         0.178 / 1.725         0.178 / 1.725         0.178 / 1.725       ms
[280.319s][info][gc,stats    ]    Subphase: Concurrent Mark Try Terminate                 4.013 / 15.870        4.510 / 16.632        4.510 / 16.632        4.510 / 16.632      ms
[280.319s][info][gc,stats    ]    Subphase: Concurrent References Enqueue                 0.005 / 0.008         0.005 / 0.008         0.005 / 0.008         0.005 / 0.008       ms
[280.319s][info][gc,stats    ]    Subphase: Concurrent References Process                 0.176 / 0.309         0.189 / 0.610         0.189 / 0.610         0.189 / 0.610       ms
[280.319s][info][gc,stats    ]    Subphase: Concurrent Roots ClassLoaderDataGraph         0.106 / 0.228         0.119 / 0.376         0.119 / 0.376         0.119 / 0.376       ms
[280.319s][info][gc,stats    ]    Subphase: Concurrent Roots CodeCache                    0.000 / 0.000         0.000 / 0.000         0.000 / 0.000         0.000 / 0.000       ms
[280.319s][info][gc,stats    ]    Subphase: Concurrent Roots JavaThreads                  3.144 / 3.636         4.146 / 8.610         4.146 / 8.610         4.146 / 8.610       ms
[280.319s][info][gc,stats    ]    Subphase: Concurrent Roots OopStorageSet                0.046 / 0.060         0.046 / 0.142         0.046 / 0.142         0.046 / 0.142       ms
[280.319s][info][gc,stats    ]    Subphase: Concurrent Weak Roots OopStorageSet           0.625 / 0.915         0.591 / 1.025         0.591 / 1.025         0.591 / 1.025       ms
[280.319s][info][gc,stats    ]    Subphase: Pause Mark Try Complete                       0.017 / 0.023         0.008 / 0.023         0.008 / 0.023         0.008 / 0.023       ms
[280.319s][info][gc,stats    ]      System: Java Threads                                    263 / 265             247 / 267             247 / 267             247 / 267         threads
[280.319s][info][gc,stats    ] =========================================================================================================================================================
[281.307s][info][gc,start    ] GC(162) Garbage Collection (System.gc())
[281.307s][info][gc,task     ] GC(162) Using 2 workers
[281.307s][info][gc,phases   ] GC(162) Pause Mark Start 0.005ms
[281.464s][info][gc,phases   ] GC(162) Concurrent Mark 156.595ms
[281.464s][info][gc,phases   ] GC(162) Pause Mark End 0.029ms
[281.464s][info][gc,phases   ] GC(162) Concurrent Mark Free 0.001ms
[281.475s][info][gc,phases   ] GC(162) Concurrent Process Non-Strong References 10.749ms
[281.475s][info][gc,phases   ] GC(162) Concurrent Reset Relocation Set 0.011ms
[281.479s][info][gc,phases   ] GC(162) Concurrent Select Relocation Set 3.984ms
[281.479s][info][gc,phases   ] GC(162) Pause Relocate Start 0.009ms
[281.480s][info][gc,phases   ] GC(162) Concurrent Relocate 1.029ms
[281.480s][info][gc,load     ] GC(162) Load: 0.00/0.00/0.00
[281.480s][info][gc,mmu      ] GC(162) MMU: 2ms/95.0%, 5ms/98.0%, 10ms/99.0%, 20ms/99.5%, 50ms/99.8%, 100ms/99.9%
[281.480s][info][gc,marking  ] GC(162) Mark: 2 stripe(s), 2 proactive flush(es), 1 terminate flush(es), 0 completion(s), 0 continuation(s) 
[281.480s][info][gc,marking  ] GC(162) Mark Stack Usage: 32M
[281.480s][info][gc,nmethod  ] GC(162) NMethods: 12591 registered, 773 unregistered
[281.480s][info][gc,metaspace] GC(162) Metaspace: 73M used, 74M committed, 1152M reserved
[281.480s][info][gc,ref      ] GC(162) Soft: 5936 encountered, 0 discovered, 0 enqueued
[281.480s][info][gc,ref      ] GC(162) Weak: 6767 encountered, 1056 discovered, 380 enqueued
[281.480s][info][gc,ref      ] GC(162) Final: 53 encountered, 28 discovered, 0 enqueued
[281.480s][info][gc,ref      ] GC(162) Phantom: 588 encountered, 320 discovered, 0 enqueued
[281.480s][info][gc,reloc    ] GC(162) Small Pages: 1252 / 2504M, Empty: 2256M, Relocated: 0M, In-Place: 0
[281.480s][info][gc,reloc    ] GC(162) Medium Pages: 9 / 288M, Empty: 256M, Relocated: 0M, In-Place: 0
[281.480s][info][gc,reloc    ] GC(162) Large Pages: 33 / 198M, Empty: 198M, Relocated: 0M, In-Place: 0
[281.480s][info][gc,reloc    ] GC(162) Forwarding Usage: 0M
[281.480s][info][gc,heap     ] GC(162) Min Capacity: 8192M(100%)
[281.480s][info][gc,heap     ] GC(162) Max Capacity: 8192M(100%)
[281.480s][info][gc,heap     ] GC(162) Soft Max Capacity: 8192M(100%)
[281.480s][info][gc,heap     ] GC(162)                Mark Start          Mark End        Relocate Start      Relocate End           High               Low         
[281.480s][info][gc,heap     ] GC(162)  Capacity:     8192M (100%)       8192M (100%)       8192M (100%)       8192M (100%)       8192M (100%)       8192M (100%)   
[281.480s][info][gc,heap     ] GC(162)      Free:     5202M (64%)        5200M (63%)        7900M (96%)        7968M (97%)        7968M (97%)        5200M (63%)    
[281.480s][info][gc,heap     ] GC(162)      Used:     2990M (36%)        2992M (37%)         292M (4%)          224M (3%)         2992M (37%)         224M (3%)     
[281.480s][info][gc,heap     ] GC(162)      Live:         -               174M (2%)          174M (2%)          174M (2%)             -                  -          
[281.480s][info][gc,heap     ] GC(162) Allocated:         -                 2M (0%)           12M (0%)           15M (0%)             -                  -          
[281.480s][info][gc,heap     ] GC(162)   Garbage:         -              2815M (34%)         105M (1%)           33M (0%)             -                  -          
[281.480s][info][gc,heap     ] GC(162) Reclaimed:         -                  -              2710M (33%)        2781M (34%)            -                  -          
[281.480s][info][gc          ] GC(162) Garbage Collection (System.gc()) 2990M(36%)->224M(3%)
[283.715s][info][gc,start    ] GC(163) Garbage Collection (Allocation Rate)
[283.716s][info][gc,task     ] GC(163) Using 2 workers
[283.716s][info][gc,phases   ] GC(163) Pause Mark Start 0.006ms
[284.378s][info][gc,phases   ] GC(163) Concurrent Mark 662.238ms
[284.378s][info][gc,phases   ] GC(163) Pause Mark End 0.025ms
[284.378s][info][gc,phases   ] GC(163) Concurrent Mark Free 0.001ms
[284.389s][info][gc,phases   ] GC(163) Concurrent Process Non-Strong References 10.905ms
[284.389s][info][gc,phases   ] GC(163) Concurrent Reset Relocation Set 0.003ms
[284.419s][info][gc,phases   ] GC(163) Concurrent Select Relocation Set 29.656ms
[284.419s][info][gc,phases   ] GC(163) Pause Relocate Start 0.015ms
[284.621s][info][gc,phases   ] GC(163) Concurrent Relocate 202.142ms
[284.621s][info][gc,load     ] GC(163) Load: 0.00/0.00/0.00
[284.621s][info][gc,mmu      ] GC(163) MMU: 2ms/95.0%, 5ms/98.0%, 10ms/99.0%, 20ms/99.5%, 50ms/99.8%, 100ms/99.9%
[284.621s][info][gc,marking  ] GC(163) Mark: 2 stripe(s), 2 proactive flush(es), 1 terminate flush(es), 0 completion(s), 0 continuation(s) 
[284.621s][info][gc,marking  ] GC(163) Mark Stack Usage: 32M
[284.621s][info][gc,nmethod  ] GC(163) NMethods: 12596 registered, 773 unregistered
[284.621s][info][gc,metaspace] GC(163) Metaspace: 73M used, 74M committed, 1152M reserved
[284.621s][info][gc,ref      ] GC(163) Soft: 5944 encountered, 0 discovered, 0 enqueued
[284.621s][info][gc,ref      ] GC(163) Weak: 6713 encountered, 2141 discovered, 22 enqueued
[284.621s][info][gc,ref      ] GC(163) Final: 53 encountered, 0 discovered, 0 enqueued
[284.621s][info][gc,ref      ] GC(163) Phantom: 588 encountered, 321 discovered, 0 enqueued
[284.621s][info][gc,reloc    ] GC(163) Small Pages: 2202 / 4404M, Empty: 2256M, Relocated: 162M, In-Place: 0
[284.621s][info][gc,reloc    ] GC(163) Medium Pages: 5 / 160M, Empty: 128M, Relocated: 0M, In-Place: 0
[284.621s][info][gc,reloc    ] GC(163) Large Pages: 30 / 212M, Empty: 154M, Relocated: 0M, In-Place: 0
[284.621s][info][gc,reloc    ] GC(163) Forwarding Usage: 132M
[284.621s][info][gc,heap     ] GC(163) Min Capacity: 8192M(100%)
[284.621s][info][gc,heap     ] GC(163) Max Capacity: 8192M(100%)
[284.621s][info][gc,heap     ] GC(163) Soft Max Capacity: 8192M(100%)
[284.621s][info][gc,heap     ] GC(163)                Mark Start          Mark End        Relocate Start      Relocate End           High               Low         
[284.621s][info][gc,heap     ] GC(163)  Capacity:     8192M (100%)       8192M (100%)       8192M (100%)       8192M (100%)       8192M (100%)       8192M (100%)   
[284.621s][info][gc,heap     ] GC(163)      Free:     3416M (42%)        3100M (38%)        5604M (68%)        7098M (87%)        7098M (87%)        3092M (38%)    
[284.621s][info][gc,heap     ] GC(163)      Used:     4776M (58%)        5092M (62%)        2588M (32%)        1094M (13%)        5100M (62%)        1094M (13%)    
[284.621s][info][gc,heap     ] GC(163)      Live:         -               399M (5%)          399M (5%)          399M (5%)             -                  -          
[284.621s][info][gc,heap     ] GC(163) Allocated:         -               316M (4%)          350M (4%)          659M (8%)             -                  -          
[284.621s][info][gc,heap     ] GC(163)   Garbage:         -              4376M (53%)        1838M (22%)          34M (0%)             -                  -          
[284.621s][info][gc,heap     ] GC(163) Reclaimed:         -                  -              2538M (31%)        4341M (53%)            -                  -          
[284.621s][info][gc          ] GC(163) Garbage Collection (Allocation Rate) 4776M(58%)->1094M(13%)
[284.624s][info][gc,start    ] GC(164) Garbage Collection (Allocation Rate)
[284.624s][info][gc,task     ] GC(164) Using 2 workers
[284.624s][info][gc,phases   ] GC(164) Pause Mark Start 0.009ms
[284.844s][info][gc,phases   ] GC(164) Concurrent Mark 219.595ms
[284.844s][info][gc,phases   ] GC(164) Pause Mark End 0.034ms
[284.844s][info][gc,phases   ] GC(164) Concurrent Mark Free 0.001ms
[284.856s][info][gc,phases   ] GC(164) Concurrent Process Non-Strong References 11.263ms
[284.856s][info][gc,phases   ] GC(164) Concurrent Reset Relocation Set 0.089ms
[284.867s][info][gc,phases   ] GC(164) Concurrent Select Relocation Set 11.320ms
[284.868s][info][gc,phases   ] GC(164) Pause Relocate Start 0.013ms
[284.896s][info][gc,phases   ] GC(164) Concurrent Relocate 27.658ms
[284.896s][info][gc,load     ] GC(164) Load: 0.00/0.00/0.00
[284.896s][info][gc,mmu      ] GC(164) MMU: 2ms/95.0%, 5ms/98.0%, 10ms/99.0%, 20ms/99.5%, 50ms/99.8%, 100ms/99.9%
[284.896s][info][gc,marking  ] GC(164) Mark: 2 stripe(s), 2 proactive flush(es), 1 terminate flush(es), 0 completion(s), 0 continuation(s) 
[284.896s][info][gc,marking  ] GC(164) Mark Stack Usage: 32M
[284.896s][info][gc,nmethod  ] GC(164) NMethods: 12598 registered, 773 unregistered
[284.896s][info][gc,metaspace] GC(164) Metaspace: 73M used, 74M committed, 1152M reserved
[284.896s][info][gc,ref      ] GC(164) Soft: 5940 encountered, 0 discovered, 0 enqueued
[284.896s][info][gc,ref      ] GC(164) Weak: 6788 encountered, 951 discovered, 219 enqueued
[284.896s][info][gc,ref      ] GC(164) Final: 53 encountered, 4 discovered, 0 enqueued
[284.896s][info][gc,ref      ] GC(164) Phantom: 591 encountered, 341 discovered, 0 enqueued
[284.896s][info][gc,reloc    ] GC(164) Small Pages: 426 / 852M, Empty: 476M, Relocated: 22M, In-Place: 0
[284.896s][info][gc,reloc    ] GC(164) Medium Pages: 4 / 128M, Empty: 96M, Relocated: 0M, In-Place: 0
[284.896s][info][gc,reloc    ] GC(164) Large Pages: 17 / 118M, Empty: 94M, Relocated: 0M, In-Place: 0
[284.896s][info][gc,reloc    ] GC(164) Forwarding Usage: 21M
[284.896s][info][gc,heap     ] GC(164) Min Capacity: 8192M(100%)
[284.896s][info][gc,heap     ] GC(164) Max Capacity: 8192M(100%)
[284.896s][info][gc,heap     ] GC(164) Soft Max Capacity: 8192M(100%)
[284.896s][info][gc,heap     ] GC(164)                Mark Start          Mark End        Relocate Start      Relocate End           High               Low         
[284.896s][info][gc,heap     ] GC(164)  Capacity:     8192M (100%)       8192M (100%)       8192M (100%)       8192M (100%)       8192M (100%)       8192M (100%)   
[284.896s][info][gc,heap     ] GC(164)      Free:     7094M (87%)        6738M (82%)        7392M (90%)        7556M (92%)        7556M (92%)        6730M (82%)    
[284.896s][info][gc,heap     ] GC(164)      Used:     1098M (13%)        1454M (18%)         800M (10%)         636M (8%)         1462M (18%)         636M (8%)     
[284.896s][info][gc,heap     ] GC(164)      Live:         -               219M (3%)          219M (3%)          219M (3%)             -                  -          
[284.896s][info][gc,heap     ] GC(164) Allocated:         -               356M (4%)          368M (4%)          385M (5%)             -                  -          
[284.896s][info][gc,heap     ] GC(164)   Garbage:         -               878M (11%)         212M (3%)           30M (0%)             -                  -          
[284.896s][info][gc,heap     ] GC(164) Reclaimed:         -                  -               666M (8%)          847M (10%)            -                  -          
[284.896s][info][gc          ] GC(164) Garbage Collection (Allocation Rate) 1098M(13%)->636M(8%)
[286.051s][info][gc,start    ] GC(165) Garbage Collection (System.gc())
[286.051s][info][gc,task     ] GC(165) Using 2 workers
[286.051s][info][gc,phases   ] GC(165) Pause Mark Start 0.005ms
[286.198s][info][gc,phases   ] GC(165) Concurrent Mark 147.196ms
[286.198s][info][gc,phases   ] GC(165) Pause Mark End 0.012ms
[286.198s][info][gc,phases   ] GC(165) Concurrent Mark Free 0.001ms
[286.209s][info][gc,phases   ] GC(165) Concurrent Process Non-Strong References 10.585ms
[286.209s][info][gc,phases   ] GC(165) Concurrent Reset Relocation Set 0.011ms
[286.212s][info][gc,phases   ] GC(165) Concurrent Select Relocation Set 3.404ms
[286.213s][info][gc,phases   ] GC(165) Pause Relocate Start 0.010ms
[286.213s][info][gc,phases   ] GC(165) Concurrent Relocate 0.749ms
[286.213s][info][gc,load     ] GC(165) Load: 0.00/0.00/0.00
[286.213s][info][gc,mmu      ] GC(165) MMU: 2ms/95.0%, 5ms/98.0%, 10ms/99.0%, 20ms/99.5%, 50ms/99.8%, 100ms/99.9%
[286.213s][info][gc,marking  ] GC(165) Mark: 2 stripe(s), 2 proactive flush(es), 1 terminate flush(es), 0 completion(s), 0 continuation(s) 
[286.213s][info][gc,marking  ] GC(165) Mark Stack Usage: 32M
[286.213s][info][gc,nmethod  ] GC(165) NMethods: 12614 registered, 773 unregistered
[286.213s][info][gc,metaspace] GC(165) Metaspace: 73M used, 74M committed, 1152M reserved
[286.213s][info][gc,ref      ] GC(165) Soft: 5936 encountered, 0 discovered, 0 enqueued
[286.213s][info][gc,ref      ] GC(165) Weak: 6763 encountered, 1255 discovered, 379 enqueued
[286.213s][info][gc,ref      ] GC(165) Final: 53 encountered, 28 discovered, 0 enqueued
[286.213s][info][gc,ref      ] GC(165) Phantom: 589 encountered, 342 discovered, 0 enqueued
[286.213s][info][gc,reloc    ] GC(165) Small Pages: 1248 / 2496M, Empty: 2236M, Relocated: 1M, In-Place: 0
[286.214s][info][gc,reloc    ] GC(165) Medium Pages: 9 / 288M, Empty: 256M, Relocated: 0M, In-Place: 0
[286.214s][info][gc,reloc    ] GC(165) Large Pages: 38 / 228M, Empty: 228M, Relocated: 0M, In-Place: 0
[286.214s][info][gc,reloc    ] GC(165) Forwarding Usage: 0M
[286.214s][info][gc,heap     ] GC(165) Min Capacity: 8192M(100%)
[286.214s][info][gc,heap     ] GC(165) Max Capacity: 8192M(100%)
[286.214s][info][gc,heap     ] GC(165) Soft Max Capacity: 8192M(100%)
[286.214s][info][gc,heap     ] GC(165)                Mark Start          Mark End        Relocate Start      Relocate End           High               Low         
[286.214s][info][gc,heap     ] GC(165)  Capacity:     8192M (100%)       8192M (100%)       8192M (100%)       8192M (100%)       8192M (100%)       8192M (100%)   
[286.214s][info][gc,heap     ] GC(165)      Free:     5180M (63%)        5172M (63%)        7888M (96%)        7972M (97%)        7972M (97%)        5172M (63%)    
[286.214s][info][gc,heap     ] GC(165)      Used:     3012M (37%)        3020M (37%)         304M (4%)          220M (3%)         3020M (37%)         220M (3%)     
[286.214s][info][gc,heap     ] GC(165)      Live:         -               174M (2%)          174M (2%)          174M (2%)             -                  -          
[286.214s][info][gc,heap     ] GC(165) Allocated:         -                 8M (0%)           12M (0%)           11M (0%)             -                  -          
[286.214s][info][gc,heap     ] GC(165)   Garbage:         -              2837M (35%)         117M (1%)           33M (0%)             -                  -          
[286.214s][info][gc,heap     ] GC(165) Reclaimed:         -                  -              2720M (33%)        2803M (34%)            -                  -          
[286.214s][info][gc          ] GC(165) Garbage Collection (System.gc()) 3012M(37%)->220M(3%)
[288.421s][info][gc,start    ] GC(166) Garbage Collection (Allocation Rate)
[288.421s][info][gc,task     ] GC(166) Using 2 workers
[288.421s][info][gc,phases   ] GC(166) Pause Mark Start 0.006ms
[289.061s][info][gc,phases   ] GC(166) Concurrent Mark 639.379ms
[289.061s][info][gc,phases   ] GC(166) Pause Mark End 0.021ms
[289.061s][info][gc,phases   ] GC(166) Concurrent Mark Free 0.001ms
[289.074s][info][gc,phases   ] GC(166) Concurrent Process Non-Strong References 12.514ms
[289.074s][info][gc,phases   ] GC(166) Concurrent Reset Relocation Set 0.004ms
[289.106s][info][gc,phases   ] GC(166) Concurrent Select Relocation Set 32.325ms
[289.106s][info][gc,phases   ] GC(166) Pause Relocate Start 0.020ms
[289.322s][info][gc,phases   ] GC(166) Concurrent Relocate 216.230ms
[289.323s][info][gc,load     ] GC(166) Load: 0.00/0.00/0.00
[289.323s][info][gc,mmu      ] GC(166) MMU: 2ms/95.0%, 5ms/98.0%, 10ms/99.0%, 20ms/99.5%, 50ms/99.8%, 100ms/99.9%
[289.323s][info][gc,marking  ] GC(166) Mark: 2 stripe(s), 2 proactive flush(es), 1 terminate flush(es), 0 completion(s), 0 continuation(s) 
[289.323s][info][gc,marking  ] GC(166) Mark Stack Usage: 32M
[289.323s][info][gc,nmethod  ] GC(166) NMethods: 12620 registered, 773 unregistered
[289.323s][info][gc,metaspace] GC(166) Metaspace: 73M used, 74M committed, 1152M reserved
[289.323s][info][gc,ref      ] GC(166) Soft: 5944 encountered, 0 discovered, 0 enqueued
[289.323s][info][gc,ref      ] GC(166) Weak: 6712 encountered, 779 discovered, 25 enqueued
[289.323s][info][gc,ref      ] GC(166) Final: 53 encountered, 0 discovered, 0 enqueued
[289.323s][info][gc,ref      ] GC(166) Phantom: 589 encountered, 560 discovered, 0 enqueued
[289.323s][info][gc,reloc    ] GC(166) Small Pages: 2166 / 4332M, Empty: 2132M, Relocated: 190M, In-Place: 0
[289.323s][info][gc,reloc    ] GC(166) Medium Pages: 5 / 160M, Empty: 128M, Relocated: 0M, In-Place: 0
[289.323s][info][gc,reloc    ] GC(166) Large Pages: 30 / 212M, Empty: 148M, Relocated: 0M, In-Place: 0
[289.323s][info][gc,reloc    ] GC(166) Forwarding Usage: 143M
[289.323s][info][gc,heap     ] GC(166) Min Capacity: 8192M(100%)
[289.323s][info][gc,heap     ] GC(166) Max Capacity: 8192M(100%)
[289.323s][info][gc,heap     ] GC(166) Soft Max Capacity: 8192M(100%)
[289.323s][info][gc,heap     ] GC(166)                Mark Start          Mark End        Relocate Start      Relocate End           High               Low         
[289.323s][info][gc,heap     ] GC(166)  Capacity:     8192M (100%)       8192M (100%)       8192M (100%)       8192M (100%)       8192M (100%)       8192M (100%)   
[289.323s][info][gc,heap     ] GC(166)      Free:     3488M (43%)        3182M (39%)        5538M (68%)        7074M (86%)        7132M (87%)        3166M (39%)    
[289.323s][info][gc,heap     ] GC(166)      Used:     4704M (57%)        5010M (61%)        2654M (32%)        1118M (14%)        5026M (61%)        1060M (13%)    
[289.323s][info][gc,heap     ] GC(166)      Live:         -               427M (5%)          427M (5%)          427M (5%)             -                  -          
[289.323s][info][gc,heap     ] GC(166) Allocated:         -               306M (4%)          358M (4%)          659M (8%)             -                  -          
[289.323s][info][gc,heap     ] GC(166)   Garbage:         -              4276M (52%)        1868M (23%)          30M (0%)             -                  -          
[289.323s][info][gc,heap     ] GC(166) Reclaimed:         -                  -              2408M (29%)        4245M (52%)            -                  -          
[289.323s][info][gc          ] GC(166) Garbage Collection (Allocation Rate) 4704M(57%)->1118M(14%)
[289.426s][info][gc,start    ] GC(167) Garbage Collection (Allocation Rate)
[289.427s][info][gc,task     ] GC(167) Using 2 workers
[289.427s][info][gc,phases   ] GC(167) Pause Mark Start 0.005ms
[289.688s][info][gc,phases   ] GC(167) Concurrent Mark 261.506ms
[289.688s][info][gc,phases   ] GC(167) Pause Mark End 0.027ms
[289.688s][info][gc,phases   ] GC(167) Concurrent Mark Free 0.001ms
[289.699s][info][gc,phases   ] GC(167) Concurrent Process Non-Strong References 10.235ms
[289.699s][info][gc,phases   ] GC(167) Concurrent Reset Relocation Set 0.087ms
[289.710s][info][gc,phases   ] GC(167) Concurrent Select Relocation Set 10.694ms
[289.710s][info][gc,phases   ] GC(167) Pause Relocate Start 0.015ms
[289.742s][info][gc,phases   ] GC(167) Concurrent Relocate 32.270ms
[289.742s][info][gc,load     ] GC(167) Load: 0.00/0.00/0.00
[289.742s][info][gc,mmu      ] GC(167) MMU: 2ms/95.0%, 5ms/98.0%, 10ms/99.0%, 20ms/99.5%, 50ms/99.8%, 100ms/99.9%
[289.742s][info][gc,marking  ] GC(167) Mark: 2 stripe(s), 2 proactive flush(es), 1 terminate flush(es), 0 completion(s), 0 continuation(s) 
[289.742s][info][gc,marking  ] GC(167) Mark Stack Usage: 32M
[289.742s][info][gc,nmethod  ] GC(167) NMethods: 12624 registered, 773 unregistered
[289.742s][info][gc,metaspace] GC(167) Metaspace: 73M used, 74M committed, 1152M reserved
[289.742s][info][gc,ref      ] GC(167) Soft: 5942 encountered, 0 discovered, 0 enqueued
[289.742s][info][gc,ref      ] GC(167) Weak: 6771 encountered, 1081 discovered, 221 enqueued
[289.742s][info][gc,ref      ] GC(167) Final: 53 encountered, 0 discovered, 0 enqueued
[289.742s][info][gc,ref      ] GC(167) Phantom: 589 encountered, 288 discovered, 0 enqueued
[289.742s][info][gc,reloc    ] GC(167) Small Pages: 497 / 994M, Empty: 564M, Relocated: 24M, In-Place: 0
[289.742s][info][gc,reloc    ] GC(167) Medium Pages: 4 / 128M, Empty: 96M, Relocated: 0M, In-Place: 0
[289.742s][info][gc,reloc    ] GC(167) Large Pages: 18 / 124M, Empty: 100M, Relocated: 0M, In-Place: 0
[289.742s][info][gc,reloc    ] GC(167) Forwarding Usage: 26M
[289.742s][info][gc,heap     ] GC(167) Min Capacity: 8192M(100%)
[289.742s][info][gc,heap     ] GC(167) Max Capacity: 8192M(100%)
[289.742s][info][gc,heap     ] GC(167) Soft Max Capacity: 8192M(100%)
[289.742s][info][gc,heap     ] GC(167)                Mark Start          Mark End        Relocate Start      Relocate End           High               Low         
[289.742s][info][gc,heap     ] GC(167)  Capacity:     8192M (100%)       8192M (100%)       8192M (100%)       8192M (100%)       8192M (100%)       8192M (100%)   
[289.742s][info][gc,heap     ] GC(167)      Free:     6946M (85%)        6518M (80%)        7260M (89%)        7460M (91%)        7460M (91%)        6508M (79%)    
[289.742s][info][gc,heap     ] GC(167)      Used:     1246M (15%)        1674M (20%)         932M (11%)         732M (9%)         1684M (21%)         732M (9%)     
[289.742s][info][gc,heap     ] GC(167)      Live:         -               222M (3%)          222M (3%)          222M (3%)             -                  -          
[289.742s][info][gc,heap     ] GC(167) Allocated:         -               428M (5%)          446M (5%)          478M (6%)             -                  -          
[289.742s][info][gc,heap     ] GC(167)   Garbage:         -              1023M (12%)         263M (3%)           31M (0%)             -                  -          
[289.742s][info][gc,heap     ] GC(167) Reclaimed:         -                  -               760M (9%)          992M (12%)            -                  -          
[289.743s][info][gc          ] GC(167) Garbage Collection (Allocation Rate) 1246M(15%)->732M(9%)
[290.317s][info][gc,stats    ] === Garbage Collection Statistics =======================================================================================================================
[290.317s][info][gc,stats    ]                                                              Last 10s              Last 10m              Last 10h                Total
[290.317s][info][gc,stats    ]                                                              Avg / Max             Avg / Max             Avg / Max             Avg / Max
[290.317s][info][gc,stats    ]   Collector: Garbage Collection Cycle                    455.157 / 905.791     426.006 / 983.217     426.006 / 983.217     426.006 / 983.217     ms
[290.317s][info][gc,stats    ]  Contention: Mark Segment Reset Contention                     3 / 14                3 / 36                3 / 36                3 / 36          ops/s
[290.317s][info][gc,stats    ]  Contention: Mark SeqNum Reset Contention                      0 / 0                 0 / 2                 0 / 2                 0 / 2           ops/s
[290.317s][info][gc,stats    ]    Critical: Allocation Stall                                  0 / 0                 0 / 0                 0 / 0                 0 / 0           ops/s
[290.317s][info][gc,stats    ]    Critical: Allocation Stall                              0.000 / 0.000         0.000 / 0.000         0.000 / 0.000         0.000 / 0.000       ms
[290.317s][info][gc,stats    ]    Critical: GC Locker Stall                                   0 / 0                 0 / 0                 0 / 0                 0 / 0           ops/s
[290.317s][info][gc,stats    ]    Critical: GC Locker Stall                               0.000 / 0.000         0.000 / 0.000         0.000 / 0.000         0.000 / 0.000       ms
[290.317s][info][gc,stats    ]    Critical: Relocation Stall                                  0 / 0                 0 / 0                 0 / 0                 0 / 0           ops/s
[290.317s][info][gc,stats    ]    Critical: Relocation Stall                              0.000 / 0.000         0.000 / 0.000         0.000 / 0.000         0.000 / 0.000       ms
[290.317s][info][gc,stats    ]      Memory: Allocation Rate                                1681 / 2204           1588 / 3876           1588 / 3876           1588 / 3876        MB/s
[290.317s][info][gc,stats    ]      Memory: Out Of Memory                                     0 / 0                 0 / 0                 0 / 0                 0 / 0           ops/s
[290.317s][info][gc,stats    ]      Memory: Page Cache Flush                                  0 / 0                 0 / 0                 0 / 0                 0 / 0           MB/s
[290.317s][info][gc,stats    ]      Memory: Page Cache Hit L1                               779 / 1055            729 / 1729            729 / 1729            729 / 1729        ops/s
[290.317s][info][gc,stats    ]      Memory: Page Cache Hit L2                                 0 / 0                 0 / 0                 0 / 0                 0 / 0           ops/s
[290.317s][info][gc,stats    ]      Memory: Page Cache Hit L3                                 0 / 0                 8 / 527               8 / 527               8 / 527         ops/s
[290.317s][info][gc,stats    ]      Memory: Page Cache Miss                                   0 / 0                 0 / 1                 0 / 1                 0 / 1           ops/s
[290.317s][info][gc,stats    ]      Memory: Uncommit                                          0 / 0                 0 / 0                 0 / 0                 0 / 0           MB/s
[290.317s][info][gc,stats    ]      Memory: Undo Object Allocation Failed                     0 / 0                 0 / 1                 0 / 1                 0 / 1           ops/s
[290.317s][info][gc,stats    ]      Memory: Undo Object Allocation Succeeded                  2 / 13                4 / 101               4 / 101               4 / 101         ops/s
[290.317s][info][gc,stats    ]      Memory: Undo Page Allocation                              0 / 0                 0 / 1                 0 / 1                 0 / 1           ops/s
[290.317s][info][gc,stats    ]       Phase: Concurrent Mark                             347.751 / 662.238     324.752 / 972.666     324.752 / 972.666     324.752 / 972.666     ms
[290.317s][info][gc,stats    ]       Phase: Concurrent Mark Continue                      0.000 / 0.000         0.000 / 0.000         0.000 / 0.000         0.000 / 0.000       ms
[290.317s][info][gc,stats    ]       Phase: Concurrent Mark Free                          0.001 / 0.001         0.004 / 0.317         0.004 / 0.317         0.004 / 0.317       ms
[290.317s][info][gc,stats    ]       Phase: Concurrent Process Non-Strong References     11.042 / 12.514       10.015 / 15.785       10.015 / 15.785       10.015 / 15.785      ms
[290.317s][info][gc,stats    ]       Phase: Concurrent Relocate                          80.013 / 216.230      75.437 / 226.884      75.437 / 226.884      75.437 / 226.884     ms
[290.317s][info][gc,stats    ]       Phase: Concurrent Reset Relocation Set               0.034 / 0.089         0.039 / 0.139         0.039 / 0.139         0.039 / 0.139       ms
[290.317s][info][gc,stats    ]       Phase: Concurrent Select Relocation Set             15.231 / 32.325       14.627 / 41.971       14.627 / 41.971       14.627 / 41.971      ms
[290.317s][info][gc,stats    ]       Phase: Pause Mark End                                0.025 / 0.034         0.026 / 0.101         0.026 / 0.101         0.026 / 0.101       ms
[290.317s][info][gc,stats    ]       Phase: Pause Mark Start                              0.006 / 0.009         0.007 / 0.011         0.007 / 0.011         0.007 / 0.011       ms
[290.317s][info][gc,stats    ]       Phase: Pause Relocate Start                          0.014 / 0.020         0.012 / 0.032         0.012 / 0.032         0.012 / 0.032       ms
[290.317s][info][gc,stats    ]    Subphase: Concurrent Classes Purge                      0.470 / 0.531         0.410 / 0.716         0.410 / 0.716         0.410 / 0.716       ms
[290.317s][info][gc,stats    ]    Subphase: Concurrent Classes Unlink                     9.521 / 10.773        8.478 / 12.957        8.478 / 12.957        8.478 / 12.957      ms
[290.317s][info][gc,stats    ]    Subphase: Concurrent Mark                             340.590 / 659.094     316.493 / 969.741     316.493 / 969.741     316.493 / 969.741     ms
[290.317s][info][gc,stats    ]    Subphase: Concurrent Mark Try Flush                     0.408 / 4.211         0.185 / 4.211         0.185 / 4.211         0.185 / 4.211       ms
[290.317s][info][gc,stats    ]    Subphase: Concurrent Mark Try Terminate                 3.383 / 13.290        4.477 / 16.632        4.477 / 16.632        4.477 / 16.632      ms
[290.317s][info][gc,stats    ]    Subphase: Concurrent References Enqueue                 0.005 / 0.007         0.005 / 0.008         0.005 / 0.008         0.005 / 0.008       ms
[290.317s][info][gc,stats    ]    Subphase: Concurrent References Process                 0.204 / 0.246         0.189 / 0.610         0.189 / 0.610         0.189 / 0.610       ms
[290.317s][info][gc,stats    ]    Subphase: Concurrent Roots ClassLoaderDataGraph         0.114 / 0.284         0.119 / 0.376         0.119 / 0.376         0.119 / 0.376       ms
[290.317s][info][gc,stats    ]    Subphase: Concurrent Roots CodeCache                    0.000 / 0.000         0.000 / 0.000         0.000 / 0.000         0.000 / 0.000       ms
[290.317s][info][gc,stats    ]    Subphase: Concurrent Roots JavaThreads                  2.991 / 3.362         4.105 / 8.610         4.105 / 8.610         4.105 / 8.610       ms
[290.317s][info][gc,stats    ]    Subphase: Concurrent Roots OopStorageSet                0.051 / 0.097         0.046 / 0.142         0.046 / 0.142         0.046 / 0.142       ms
[290.317s][info][gc,stats    ]    Subphase: Concurrent Weak Roots OopStorageSet           0.587 / 0.947         0.591 / 1.025         0.591 / 1.025         0.591 / 1.025       ms
[290.317s][info][gc,stats    ]    Subphase: Pause Mark Try Complete                       0.000 / 0.000         0.008 / 0.023         0.008 / 0.023         0.008 / 0.023       ms
[290.317s][info][gc,stats    ]      System: Java Threads                                    263 / 265             248 / 267             248 / 267             248 / 267         threads
[290.317s][info][gc,stats    ] =========================================================================================================================================================
[290.830s][info][gc,start    ] GC(168) Garbage Collection (System.gc())
[290.830s][info][gc,task     ] GC(168) Using 2 workers
[290.830s][info][gc,phases   ] GC(168) Pause Mark Start 0.010ms
[290.972s][info][gc,phases   ] GC(168) Concurrent Mark 142.166ms
[290.972s][info][gc,phases   ] GC(168) Pause Mark End 0.031ms
[290.972s][info][gc,phases   ] GC(168) Concurrent Mark Free 0.001ms
[290.984s][info][gc,phases   ] GC(168) Concurrent Process Non-Strong References 11.956ms
[290.985s][info][gc,phases   ] GC(168) Concurrent Reset Relocation Set 0.016ms
[290.989s][info][gc,phases   ] GC(168) Concurrent Select Relocation Set 4.132ms
[290.989s][info][gc,phases   ] GC(168) Pause Relocate Start 0.010ms
[290.989s][info][gc,phases   ] GC(168) Concurrent Relocate 0.451ms
[290.989s][info][gc,load     ] GC(168) Load: 0.00/0.00/0.00
[290.989s][info][gc,mmu      ] GC(168) MMU: 2ms/95.0%, 5ms/98.0%, 10ms/99.0%, 20ms/99.5%, 50ms/99.8%, 100ms/99.9%
[290.989s][info][gc,marking  ] GC(168) Mark: 2 stripe(s), 2 proactive flush(es), 1 terminate flush(es), 0 completion(s), 0 continuation(s) 
[290.989s][info][gc,marking  ] GC(168) Mark Stack Usage: 32M
[290.989s][info][gc,nmethod  ] GC(168) NMethods: 12636 registered, 773 unregistered
[290.989s][info][gc,metaspace] GC(168) Metaspace: 73M used, 74M committed, 1152M reserved
[290.989s][info][gc,ref      ] GC(168) Soft: 5936 encountered, 0 discovered, 0 enqueued
[290.989s][info][gc,ref      ] GC(168) Weak: 6767 encountered, 1097 discovered, 380 enqueued
[290.989s][info][gc,ref      ] GC(168) Final: 53 encountered, 4 discovered, 0 enqueued
[290.989s][info][gc,ref      ] GC(168) Phantom: 588 encountered, 321 discovered, 0 enqueued
[290.989s][info][gc,reloc    ] GC(168) Small Pages: 1225 / 2450M, Empty: 2204M, Relocated: 0M, In-Place: 0
[290.989s][info][gc,reloc    ] GC(168) Medium Pages: 9 / 288M, Empty: 256M, Relocated: 0M, In-Place: 0
[290.989s][info][gc,reloc    ] GC(168) Large Pages: 36 / 216M, Empty: 216M, Relocated: 0M, In-Place: 0
[290.989s][info][gc,reloc    ] GC(168) Forwarding Usage: 0M
[290.989s][info][gc,heap     ] GC(168) Min Capacity: 8192M(100%)
[290.989s][info][gc,heap     ] GC(168) Max Capacity: 8192M(100%)
[290.989s][info][gc,heap     ] GC(168) Soft Max Capacity: 8192M(100%)
[290.989s][info][gc,heap     ] GC(168)                Mark Start          Mark End        Relocate Start      Relocate End           High               Low         
[290.989s][info][gc,heap     ] GC(168)  Capacity:     8192M (100%)       8192M (100%)       8192M (100%)       8192M (100%)       8192M (100%)       8192M (100%)   
[290.989s][info][gc,heap     ] GC(168)      Free:     5238M (64%)        5236M (64%)        7902M (96%)        7972M (97%)        7972M (97%)        5236M (64%)    
[290.989s][info][gc,heap     ] GC(168)      Used:     2954M (36%)        2956M (36%)         290M (4%)          220M (3%)         2956M (36%)         220M (3%)     
[290.989s][info][gc,heap     ] GC(168)      Live:         -               174M (2%)          174M (2%)          174M (2%)             -                  -          
[290.990s][info][gc,heap     ] GC(168) Allocated:         -                 2M (0%)           12M (0%)           12M (0%)             -                  -          
[290.990s][info][gc,heap     ] GC(168)   Garbage:         -              2779M (34%)         103M (1%)           33M (0%)             -                  -          
[290.990s][info][gc,heap     ] GC(168) Reclaimed:         -                  -              2676M (33%)        2746M (34%)            -                  -          
[290.990s][info][gc          ] GC(168) Garbage Collection (System.gc()) 2954M(36%)->220M(3%)
[293.226s][info][gc,start    ] GC(169) Garbage Collection (Allocation Rate)
[293.226s][info][gc,task     ] GC(169) Using 2 workers
[293.226s][info][gc,phases   ] GC(169) Pause Mark Start 0.006ms
[293.811s][info][gc,phases   ] GC(169) Concurrent Mark 585.378ms
[293.811s][info][gc,phases   ] GC(169) Pause Mark End 0.081ms
[293.812s][info][gc,phases   ] GC(169) Concurrent Mark Free 0.001ms
[293.824s][info][gc,phases   ] GC(169) Concurrent Process Non-Strong References 12.159ms
[293.824s][info][gc,phases   ] GC(169) Concurrent Reset Relocation Set 0.003ms
[293.852s][info][gc,phases   ] GC(169) Concurrent Select Relocation Set 28.672ms
[293.853s][info][gc,phases   ] GC(169) Pause Relocate Start 0.013ms
[294.035s][info][gc,phases   ] GC(169) Concurrent Relocate 181.899ms
[294.035s][info][gc,load     ] GC(169) Load: 0.00/0.00/0.00
[294.035s][info][gc,mmu      ] GC(169) MMU: 2ms/95.0%, 5ms/98.0%, 10ms/99.0%, 20ms/99.5%, 50ms/99.8%, 100ms/99.9%
[294.035s][info][gc,marking  ] GC(169) Mark: 2 stripe(s), 2 proactive flush(es), 1 terminate flush(es), 1 completion(s), 0 continuation(s) 
[294.035s][info][gc,marking  ] GC(169) Mark Stack Usage: 32M
[294.035s][info][gc,nmethod  ] GC(169) NMethods: 12643 registered, 773 unregistered
[294.035s][info][gc,metaspace] GC(169) Metaspace: 73M used, 74M committed, 1152M reserved
[294.035s][info][gc,ref      ] GC(169) Soft: 5944 encountered, 0 discovered, 0 enqueued
[294.035s][info][gc,ref      ] GC(169) Weak: 6715 encountered, 1252 discovered, 22 enqueued
[294.035s][info][gc,ref      ] GC(169) Final: 53 encountered, 4 discovered, 0 enqueued
[294.035s][info][gc,ref      ] GC(169) Phantom: 588 encountered, 340 discovered, 0 enqueued
[294.035s][info][gc,reloc    ] GC(169) Small Pages: 2208 / 4416M, Empty: 2372M, Relocated: 145M, In-Place: 0
[294.035s][info][gc,reloc    ] GC(169) Medium Pages: 5 / 160M, Empty: 128M, Relocated: 0M, In-Place: 0
[294.035s][info][gc,reloc    ] GC(169) Large Pages: 30 / 212M, Empty: 160M, Relocated: 0M, In-Place: 0
[294.035s][info][gc,reloc    ] GC(169) Forwarding Usage: 121M
[294.035s][info][gc,heap     ] GC(169) Min Capacity: 8192M(100%)
[294.035s][info][gc,heap     ] GC(169) Max Capacity: 8192M(100%)
[294.035s][info][gc,heap     ] GC(169) Soft Max Capacity: 8192M(100%)
[294.035s][info][gc,heap     ] GC(169)                Mark Start          Mark End        Relocate Start      Relocate End           High               Low         
[294.035s][info][gc,heap     ] GC(169)  Capacity:     8192M (100%)       8192M (100%)       8192M (100%)       8192M (100%)       8192M (100%)       8192M (100%)   
[294.035s][info][gc,heap     ] GC(169)      Free:     3404M (42%)        3242M (40%)        5818M (71%)        7332M (90%)        7336M (90%)        3184M (39%)    
[294.035s][info][gc,heap     ] GC(169)      Used:     4788M (58%)        4950M (60%)        2374M (29%)         860M (10%)        5008M (61%)         856M (10%)    
[294.035s][info][gc,heap     ] GC(169)      Live:         -               370M (5%)          370M (5%)          370M (5%)             -                  -          
[294.035s][info][gc,heap     ] GC(169) Allocated:         -               162M (2%)          246M (3%)          457M (6%)             -                  -          
[294.035s][info][gc,heap     ] GC(169)   Garbage:         -              4417M (54%)        1757M (21%)          31M (0%)             -                  -          
[294.035s][info][gc,heap     ] GC(169) Reclaimed:         -                  -              2660M (32%)        4385M (54%)            -                  -          
[294.035s][info][gc          ] GC(169) Garbage Collection (Allocation Rate) 4788M(58%)->860M(10%)
[294.115s][info][gc,start    ] GC(170) Garbage Collection (Allocation Rate)
[294.115s][info][gc,task     ] GC(170) Using 2 workers
[294.115s][info][gc,phases   ] GC(170) Pause Mark Start 0.008ms
[294.330s][info][gc,phases   ] GC(170) Concurrent Mark 214.506ms
[294.330s][info][gc,phases   ] GC(170) Pause Mark End 0.058ms
[294.331s][info][gc,phases   ] GC(170) Concurrent Mark Free 0.002ms
[294.343s][info][gc,phases   ] GC(170) Concurrent Process Non-Strong References 11.413ms
[294.343s][info][gc,phases   ] GC(170) Concurrent Reset Relocation Set 0.092ms
[294.352s][info][gc,phases   ] GC(170) Concurrent Select Relocation Set 9.312ms
[294.353s][info][gc,phases   ] GC(170) Pause Relocate Start 0.020ms
[294.379s][info][gc,phases   ] GC(170) Concurrent Relocate 26.524ms
[294.379s][info][gc,load     ] GC(170) Load: 0.00/0.00/0.00
[294.379s][info][gc,mmu      ] GC(170) MMU: 2ms/95.0%, 5ms/98.0%, 10ms/99.0%, 20ms/99.5%, 50ms/99.8%, 100ms/99.9%
[294.379s][info][gc,marking  ] GC(170) Mark: 2 stripe(s), 2 proactive flush(es), 1 terminate flush(es), 0 completion(s), 0 continuation(s) 
[294.379s][info][gc,marking  ] GC(170) Mark Stack Usage: 32M
[294.379s][info][gc,nmethod  ] GC(170) NMethods: 12645 registered, 773 unregistered
[294.379s][info][gc,metaspace] GC(170) Metaspace: 73M used, 74M committed, 1152M reserved
[294.379s][info][gc,ref      ] GC(170) Soft: 5940 encountered, 0 discovered, 0 enqueued
[294.379s][info][gc,ref      ] GC(170) Weak: 6753 encountered, 970 discovered, 219 enqueued
[294.379s][info][gc,ref      ] GC(170) Final: 53 encountered, 28 discovered, 0 enqueued
[294.379s][info][gc,ref      ] GC(170) Phantom: 589 encountered, 316 discovered, 0 enqueued
[294.379s][info][gc,reloc    ] GC(170) Small Pages: 403 / 806M, Empty: 432M, Relocated: 20M, In-Place: 0
[294.379s][info][gc,reloc    ] GC(170) Medium Pages: 4 / 128M, Empty: 96M, Relocated: 0M, In-Place: 0
[294.379s][info][gc,reloc    ] GC(170) Large Pages: 16 / 112M, Empty: 88M, Relocated: 0M, In-Place: 0
[294.379s][info][gc,reloc    ] GC(170) Forwarding Usage: 21M
[294.379s][info][gc,heap     ] GC(170) Min Capacity: 8192M(100%)
[294.379s][info][gc,heap     ] GC(170) Max Capacity: 8192M(100%)
[294.379s][info][gc,heap     ] GC(170) Soft Max Capacity: 8192M(100%)
[294.379s][info][gc,heap     ] GC(170)                Mark Start          Mark End        Relocate Start      Relocate End           High               Low         
[294.379s][info][gc,heap     ] GC(170)  Capacity:     8192M (100%)       8192M (100%)       8192M (100%)       8192M (100%)       8192M (100%)       8192M (100%)   
[294.379s][info][gc,heap     ] GC(170)      Free:     7146M (87%)        6778M (83%)        7378M (90%)        7536M (92%)        7536M (92%)        6768M (83%)    
[294.379s][info][gc,heap     ] GC(170)      Used:     1046M (13%)        1414M (17%)         814M (10%)         656M (8%)         1424M (17%)         656M (8%)     
[294.379s][info][gc,heap     ] GC(170)      Live:         -               218M (3%)          218M (3%)          218M (3%)             -                  -          
[294.380s][info][gc,heap     ] GC(170) Allocated:         -               368M (4%)          384M (5%)          406M (5%)             -                  -          
[294.380s][info][gc,heap     ] GC(170)   Garbage:         -               827M (10%)         211M (3%)           31M (0%)             -                  -          
[294.380s][info][gc,heap     ] GC(170) Reclaimed:         -                  -               616M (8%)          796M (10%)            -                  -          
[294.380s][info][gc          ] GC(170) Garbage Collection (Allocation Rate) 1046M(13%)->656M(8%)
[295.563s][info][gc,start    ] GC(171) Garbage Collection (System.gc())
[295.563s][info][gc,task     ] GC(171) Using 2 workers
[295.563s][info][gc,phases   ] GC(171) Pause Mark Start 0.009ms
[295.719s][info][gc,phases   ] GC(171) Concurrent Mark 156.152ms
[295.720s][info][gc,phases   ] GC(171) Pause Mark End 0.026ms
[295.720s][info][gc,phases   ] GC(171) Concurrent Mark Free 0.002ms
[295.732s][info][gc,phases   ] GC(171) Concurrent Process Non-Strong References 11.909ms
[295.732s][info][gc,phases   ] GC(171) Concurrent Reset Relocation Set 0.011ms
[295.736s][info][gc,phases   ] GC(171) Concurrent Select Relocation Set 3.762ms
[295.736s][info][gc,phases   ] GC(171) Pause Relocate Start 0.016ms
[295.737s][info][gc,phases   ] GC(171) Concurrent Relocate 0.754ms
[295.737s][info][gc,load     ] GC(171) Load: 0.00/0.00/0.00
[295.737s][info][gc,mmu      ] GC(171) MMU: 2ms/95.0%, 5ms/98.0%, 10ms/99.0%, 20ms/99.5%, 50ms/99.8%, 100ms/99.9%
[295.737s][info][gc,marking  ] GC(171) Mark: 2 stripe(s), 2 proactive flush(es), 1 terminate flush(es), 0 completion(s), 0 continuation(s) 
[295.737s][info][gc,marking  ] GC(171) Mark Stack Usage: 32M
[295.737s][info][gc,nmethod  ] GC(171) NMethods: 12647 registered, 773 unregistered
[295.737s][info][gc,metaspace] GC(171) Metaspace: 73M used, 74M committed, 1152M reserved
[295.737s][info][gc,ref      ] GC(171) Soft: 5936 encountered, 0 discovered, 0 enqueued
[295.737s][info][gc,ref      ] GC(171) Weak: 6763 encountered, 1198 discovered, 379 enqueued
[295.737s][info][gc,ref      ] GC(171) Final: 53 encountered, 4 discovered, 0 enqueued
[295.737s][info][gc,ref      ] GC(171) Phantom: 588 encountered, 338 discovered, 0 enqueued
[295.737s][info][gc,reloc    ] GC(171) Small Pages: 1254 / 2508M, Empty: 2258M, Relocated: 0M, In-Place: 0
[295.737s][info][gc,reloc    ] GC(171) Medium Pages: 9 / 288M, Empty: 256M, Relocated: 0M, In-Place: 0
[295.737s][info][gc,reloc    ] GC(171) Large Pages: 34 / 204M, Empty: 204M, Relocated: 0M, In-Place: 0
[295.737s][info][gc,reloc    ] GC(171) Forwarding Usage: 0M
[295.737s][info][gc,heap     ] GC(171) Min Capacity: 8192M(100%)
[295.737s][info][gc,heap     ] GC(171) Max Capacity: 8192M(100%)
[295.737s][info][gc,heap     ] GC(171) Soft Max Capacity: 8192M(100%)
[295.737s][info][gc,heap     ] GC(171)                Mark Start          Mark End        Relocate Start      Relocate End           High               Low         
[295.737s][info][gc,heap     ] GC(171)  Capacity:     8192M (100%)       8192M (100%)       8192M (100%)       8192M (100%)       8192M (100%)       8192M (100%)   
[295.737s][info][gc,heap     ] GC(171)      Free:     5192M (63%)        5190M (63%)        7898M (96%)        7970M (97%)        7970M (97%)        5190M (63%)    
[295.737s][info][gc,heap     ] GC(171)      Used:     3000M (37%)        3002M (37%)         294M (4%)          222M (3%)         3002M (37%)         222M (3%)     
[295.737s][info][gc,heap     ] GC(171)      Live:         -               175M (2%)          175M (2%)          175M (2%)             -                  -          
[295.737s][info][gc,heap     ] GC(171) Allocated:         -                 2M (0%)           12M (0%)           13M (0%)             -                  -          
[295.737s][info][gc,heap     ] GC(171)   Garbage:         -              2824M (34%)         106M (1%)           32M (0%)             -                  -          
[295.737s][info][gc,heap     ] GC(171) Reclaimed:         -                  -              2718M (33%)        2791M (34%)            -                  -          
[295.737s][info][gc          ] GC(171) Garbage Collection (System.gc()) 3000M(37%)->222M(3%)
[298.019s][info][gc,start    ] GC(172) Garbage Collection (Allocation Rate)
[298.019s][info][gc,task     ] GC(172) Using 2 workers
[298.019s][info][gc,phases   ] GC(172) Pause Mark Start 0.006ms
[298.521s][info][gc,phases   ] GC(172) Concurrent Mark 502.384ms
[298.522s][info][gc,phases   ] GC(172) Pause Mark End 0.026ms
[298.522s][info][gc,phases   ] GC(172) Concurrent Mark Free 0.001ms
[298.533s][info][gc,phases   ] GC(172) Concurrent Process Non-Strong References 11.710ms
[298.534s][info][gc,phases   ] GC(172) Concurrent Reset Relocation Set 0.003ms
[298.561s][info][gc,phases   ] GC(172) Concurrent Select Relocation Set 27.651ms
[298.561s][info][gc,phases   ] GC(172) Pause Relocate Start 0.017ms
[298.692s][info][gc,phases   ] GC(172) Concurrent Relocate 130.883ms
[298.692s][info][gc,load     ] GC(172) Load: 0.00/0.00/0.00
[298.692s][info][gc,mmu      ] GC(172) MMU: 2ms/95.0%, 5ms/98.0%, 10ms/99.0%, 20ms/99.5%, 50ms/99.8%, 100ms/99.9%
[298.692s][info][gc,marking  ] GC(172) Mark: 2 stripe(s), 2 proactive flush(es), 1 terminate flush(es), 0 completion(s), 0 continuation(s) 
[298.692s][info][gc,marking  ] GC(172) Mark Stack Usage: 32M
[298.692s][info][gc,nmethod  ] GC(172) NMethods: 12652 registered, 773 unregistered
[298.692s][info][gc,metaspace] GC(172) Metaspace: 73M used, 74M committed, 1152M reserved
[298.692s][info][gc,ref      ] GC(172) Soft: 5944 encountered, 0 discovered, 0 enqueued
[298.692s][info][gc,ref      ] GC(172) Weak: 6711 encountered, 726 discovered, 111 enqueued
[298.692s][info][gc,ref      ] GC(172) Final: 53 encountered, 0 discovered, 0 enqueued
[298.692s][info][gc,ref      ] GC(172) Phantom: 588 encountered, 338 discovered, 0 enqueued
[298.692s][info][gc,reloc    ] GC(172) Small Pages: 2217 / 4434M, Empty: 2608M, Relocated: 95M, In-Place: 0
[298.692s][info][gc,reloc    ] GC(172) Medium Pages: 5 / 160M, Empty: 96M, Relocated: 11M, In-Place: 0
[298.692s][info][gc,reloc    ] GC(172) Large Pages: 30 / 212M, Empty: 172M, Relocated: 0M, In-Place: 0
[298.692s][info][gc,reloc    ] GC(172) Forwarding Usage: 95M
[298.692s][info][gc,heap     ] GC(172) Min Capacity: 8192M(100%)
[298.693s][info][gc,heap     ] GC(172) Max Capacity: 8192M(100%)
[298.693s][info][gc,heap     ] GC(172) Soft Max Capacity: 8192M(100%)
[298.693s][info][gc,heap     ] GC(172)                Mark Start          Mark End        Relocate Start      Relocate End           High               Low         
[298.693s][info][gc,heap     ] GC(172)  Capacity:     8192M (100%)       8192M (100%)       8192M (100%)       8192M (100%)       8192M (100%)       8192M (100%)   
[298.693s][info][gc,heap     ] GC(172)      Free:     3386M (41%)        3306M (40%)        6170M (75%)        7616M (93%)        7616M (93%)        3298M (40%)    
[298.693s][info][gc,heap     ] GC(172)      Used:     4806M (59%)        4886M (60%)        2022M (25%)         576M (7%)         4894M (60%)         576M (7%)     
[298.693s][info][gc,heap     ] GC(172)      Live:         -               311M (4%)          311M (4%)          311M (4%)             -                  -          
[298.693s][info][gc,heap     ] GC(172) Allocated:         -                80M (1%)           92M (1%)          235M (3%)             -                  -          
[298.693s][info][gc,heap     ] GC(172)   Garbage:         -              4494M (55%)        1618M (20%)          29M (0%)             -                  -          
[298.693s][info][gc,heap     ] GC(172) Reclaimed:         -                  -              2876M (35%)        4465M (55%)            -                  -          
[298.693s][info][gc          ] GC(172) Garbage Collection (Allocation Rate) 4806M(59%)->576M(7%)
[299.721s][info][gc,start    ] GC(173) Garbage Collection (Allocation Rate)
[299.721s][info][gc,task     ] GC(173) Using 2 workers
[299.721s][info][gc,phases   ] GC(173) Pause Mark Start 0.007ms
[300.089s][info][gc,phases   ] GC(173) Concurrent Mark 367.752ms
[300.089s][info][gc,phases   ] GC(173) Pause Mark End 0.020ms
[300.089s][info][gc,phases   ] GC(173) Concurrent Mark Free 0.001ms
[300.101s][info][gc,phases   ] GC(173) Concurrent Process Non-Strong References 12.492ms
[300.102s][info][gc,phases   ] GC(173) Concurrent Reset Relocation Set 0.099ms
[300.114s][info][gc,phases   ] GC(173) Concurrent Select Relocation Set 12.434ms
[300.114s][info][gc,phases   ] GC(173) Pause Relocate Start 0.017ms
[300.205s][info][gc,phases   ] GC(173) Concurrent Relocate 90.955ms
[300.205s][info][gc,load     ] GC(173) Load: 0.00/0.00/0.00
[300.205s][info][gc,mmu      ] GC(173) MMU: 2ms/95.0%, 5ms/98.0%, 10ms/99.0%, 20ms/99.5%, 50ms/99.8%, 100ms/99.9%
[300.205s][info][gc,marking  ] GC(173) Mark: 2 stripe(s), 2 proactive flush(es), 1 terminate flush(es), 0 completion(s), 0 continuation(s) 
[300.205s][info][gc,marking  ] GC(173) Mark Stack Usage: 32M
[300.206s][info][gc,nmethod  ] GC(173) NMethods: 12656 registered, 773 unregistered
[300.206s][info][gc,metaspace] GC(173) Metaspace: 73M used, 74M committed, 1152M reserved
[300.206s][info][gc,ref      ] GC(173) Soft: 5940 encountered, 0 discovered, 0 enqueued
[300.206s][info][gc,ref      ] GC(173) Weak: 6961 encountered, 1375 discovered, 361 enqueued
[300.206s][info][gc,ref      ] GC(173) Final: 53 encountered, 2 discovered, 0 enqueued
[300.206s][info][gc,ref      ] GC(173) Phantom: 588 encountered, 288 discovered, 0 enqueued
[300.206s][info][gc,reloc    ] GC(173) Small Pages: 998 / 1996M, Empty: 1040M, Relocated: 61M, In-Place: 0
[300.206s][info][gc,reloc    ] GC(173) Medium Pages: 6 / 192M, Empty: 96M, Relocated: 22M, In-Place: 0
[300.206s][info][gc,reloc    ] GC(173) Large Pages: 23 / 154M, Empty: 142M, Relocated: 0M, In-Place: 0
[300.206s][info][gc,reloc    ] GC(173) Forwarding Usage: 56M
[300.206s][info][gc,heap     ] GC(173) Min Capacity: 8192M(100%)
[300.206s][info][gc,heap     ] GC(173) Max Capacity: 8192M(100%)
[300.206s][info][gc,heap     ] GC(173) Soft Max Capacity: 8192M(100%)
[300.206s][info][gc,heap     ] GC(173)                Mark Start          Mark End        Relocate Start      Relocate End           High               Low         
[300.206s][info][gc,heap     ] GC(173)  Capacity:     8192M (100%)       8192M (100%)       8192M (100%)       8192M (100%)       8192M (100%)       8192M (100%)   
[300.206s][info][gc,heap     ] GC(173)      Free:     5850M (71%)        5300M (65%)        6470M (79%)        7182M (88%)        7182M (88%)        5262M (64%)    
[300.206s][info][gc,heap     ] GC(173)      Used:     2342M (29%)        2892M (35%)        1722M (21%)        1010M (12%)        2930M (36%)        1010M (12%)    
[300.206s][info][gc,heap     ] GC(173)      Live:         -               257M (3%)          257M (3%)          257M (3%)             -                  -          
[300.206s][info][gc,heap     ] GC(173) Allocated:         -               550M (7%)          658M (8%)          733M (9%)             -                  -          
[300.206s][info][gc,heap     ] GC(173)   Garbage:         -              2084M (25%)         806M (10%)          18M (0%)             -                  -          
[300.206s][info][gc,heap     ] GC(173) Reclaimed:         -                  -              1278M (16%)        2065M (25%)            -                  -          
[300.206s][info][gc          ] GC(173) Garbage Collection (Allocation Rate) 2342M(29%)->1010M(12%)
[300.315s][info][gc,stats    ] === Garbage Collection Statistics =======================================================================================================================
[300.315s][info][gc,stats    ]                                                              Last 10s              Last 10m              Last 10h                Total
[300.315s][info][gc,stats    ]                                                              Avg / Max             Avg / Max             Avg / Max             Avg / Max
[300.315s][info][gc,stats    ]   Collector: Garbage Collection Cycle                    427.511 / 809.077     426.058 / 983.217     426.058 / 983.217     426.058 / 983.217     ms
[300.315s][info][gc,stats    ]  Contention: Mark Segment Reset Contention                     1 / 10                3 / 36                3 / 36                3 / 36          ops/s
[300.315s][info][gc,stats    ]  Contention: Mark SeqNum Reset Contention                      0 / 1                 0 / 2                 0 / 2                 0 / 2           ops/s
[300.315s][info][gc,stats    ]    Critical: Allocation Stall                                  0 / 0                 0 / 0                 0 / 0                 0 / 0           ops/s
[300.315s][info][gc,stats    ]    Critical: Allocation Stall                              0.000 / 0.000         0.000 / 0.000         0.000 / 0.000         0.000 / 0.000       ms
[300.315s][info][gc,stats    ]    Critical: GC Locker Stall                                   0 / 0                 0 / 0                 0 / 0                 0 / 0           ops/s
[300.315s][info][gc,stats    ]    Critical: GC Locker Stall                               0.000 / 0.000         0.000 / 0.000         0.000 / 0.000         0.000 / 0.000       ms
[300.315s][info][gc,stats    ]    Critical: Relocation Stall                                  0 / 0                 0 / 0                 0 / 0                 0 / 0           ops/s
[300.315s][info][gc,stats    ]    Critical: Relocation Stall                              0.000 / 0.000         0.000 / 0.000         0.000 / 0.000         0.000 / 0.000       ms
[300.315s][info][gc,stats    ]      Memory: Allocation Rate                                1704 / 2320           1592 / 3876           1592 / 3876           1592 / 3876        MB/s
[300.315s][info][gc,stats    ]      Memory: Out Of Memory                                     0 / 0                 0 / 0                 0 / 0                 0 / 0           ops/s
[300.315s][info][gc,stats    ]      Memory: Page Cache Flush                                  0 / 0                 0 / 0                 0 / 0                 0 / 0           MB/s
[300.315s][info][gc,stats    ]      Memory: Page Cache Hit L1                               781 / 1102            730 / 1729            730 / 1729            730 / 1729        ops/s
[300.315s][info][gc,stats    ]      Memory: Page Cache Hit L2                                 0 / 0                 0 / 0                 0 / 0                 0 / 0           ops/s
[300.315s][info][gc,stats    ]      Memory: Page Cache Hit L3                                 0 / 0                 8 / 527               8 / 527               8 / 527         ops/s
[300.315s][info][gc,stats    ]      Memory: Page Cache Miss                                   0 / 0                 0 / 1                 0 / 1                 0 / 1           ops/s
[300.315s][info][gc,stats    ]      Memory: Uncommit                                          0 / 0                 0 / 0                 0 / 0                 0 / 0           MB/s
[300.315s][info][gc,stats    ]      Memory: Undo Object Allocation Failed                     0 / 1                 0 / 1                 0 / 1                 0 / 1           ops/s
[300.315s][info][gc,stats    ]      Memory: Undo Object Allocation Succeeded                  5 / 52                4 / 101               4 / 101               4 / 101         ops/s
[300.315s][info][gc,stats    ]      Memory: Undo Page Allocation                              0 / 1                 0 / 1                 0 / 1                 0 / 1           ops/s
[300.315s][info][gc,stats    ]       Phase: Concurrent Mark                             328.056 / 585.378     324.866 / 972.666     324.866 / 972.666     324.866 / 972.666     ms
[300.315s][info][gc,stats    ]       Phase: Concurrent Mark Continue                      0.000 / 0.000         0.000 / 0.000         0.000 / 0.000         0.000 / 0.000       ms
[300.315s][info][gc,stats    ]       Phase: Concurrent Mark Free                          0.001 / 0.002         0.004 / 0.317         0.004 / 0.317         0.004 / 0.317       ms
[300.315s][info][gc,stats    ]       Phase: Concurrent Process Non-Strong References     11.940 / 12.492       10.082 / 15.785       10.082 / 15.785       10.082 / 15.785      ms
[300.315s][info][gc,stats    ]       Phase: Concurrent Relocate                          71.911 / 181.899      75.315 / 226.884      75.315 / 226.884      75.315 / 226.884     ms
[300.315s][info][gc,stats    ]       Phase: Concurrent Reset Relocation Set               0.037 / 0.099         0.039 / 0.139         0.039 / 0.139         0.039 / 0.139       ms
[300.315s][info][gc,stats    ]       Phase: Concurrent Select Relocation Set             14.327 / 28.672       14.617 / 41.971       14.617 / 41.971       14.617 / 41.971      ms
[300.315s][info][gc,stats    ]       Phase: Pause Mark End                                0.041 / 0.081         0.026 / 0.101         0.026 / 0.101         0.026 / 0.101       ms
[300.315s][info][gc,stats    ]       Phase: Pause Mark Start                              0.008 / 0.010         0.007 / 0.011         0.007 / 0.011         0.007 / 0.011       ms
[300.315s][info][gc,stats    ]       Phase: Pause Relocate Start                          0.015 / 0.020         0.012 / 0.032         0.012 / 0.032         0.012 / 0.032       ms
[300.315s][info][gc,stats    ]    Subphase: Concurrent Classes Purge                      0.477 / 0.536         0.412 / 0.716         0.412 / 0.716         0.412 / 0.716       ms
[300.315s][info][gc,stats    ]    Subphase: Concurrent Classes Unlink                    10.340 / 11.024        8.542 / 12.957        8.542 / 12.957        8.542 / 12.957      ms
[300.315s][info][gc,stats    ]    Subphase: Concurrent Mark                             318.820 / 581.661     316.574 / 969.741     316.574 / 969.741     316.574 / 969.741     ms
[300.315s][info][gc,stats    ]    Subphase: Concurrent Mark Try Flush                     0.154 / 0.330         0.184 / 4.211         0.184 / 4.211         0.184 / 4.211       ms
[300.315s][info][gc,stats    ]    Subphase: Concurrent Mark Try Terminate                 4.627 / 16.058        4.482 / 16.632        4.482 / 16.632        4.482 / 16.632      ms
[300.315s][info][gc,stats    ]    Subphase: Concurrent References Enqueue                 0.006 / 0.007         0.005 / 0.008         0.005 / 0.008         0.005 / 0.008       ms
[300.315s][info][gc,stats    ]    Subphase: Concurrent References Process                 0.223 / 0.346         0.190 / 0.610         0.190 / 0.610         0.190 / 0.610       ms
[300.315s][info][gc,stats    ]    Subphase: Concurrent Roots ClassLoaderDataGraph         0.135 / 0.328         0.119 / 0.376         0.119 / 0.376         0.119 / 0.376       ms
[300.315s][info][gc,stats    ]    Subphase: Concurrent Roots CodeCache                    0.000 / 0.000         0.000 / 0.000         0.000 / 0.000         0.000 / 0.000       ms
[300.315s][info][gc,stats    ]    Subphase: Concurrent Roots JavaThreads                  3.205 / 3.487         4.074 / 8.610         4.074 / 8.610         4.074 / 8.610       ms
[300.315s][info][gc,stats    ]    Subphase: Concurrent Roots OopStorageSet                0.054 / 0.080         0.047 / 0.142         0.047 / 0.142         0.047 / 0.142       ms
[300.315s][info][gc,stats    ]    Subphase: Concurrent Weak Roots OopStorageSet           0.617 / 0.934         0.592 / 1.025         0.592 / 1.025         0.592 / 1.025       ms
[300.315s][info][gc,stats    ]    Subphase: Pause Mark Try Complete                       0.015 / 0.024         0.008 / 0.024         0.008 / 0.024         0.008 / 0.024       ms
[300.315s][info][gc,stats    ]      System: Java Threads                                    263 / 265             248 / 267             248 / 267             248 / 267         threads
[300.315s][info][gc,stats    ] =========================================================================================================================================================
[300.393s][info][gc,start    ] GC(174) Garbage Collection (System.gc())
[300.393s][info][gc,task     ] GC(174) Using 2 workers
[300.393s][info][gc,phases   ] GC(174) Pause Mark Start 0.007ms
[300.535s][info][gc,phases   ] GC(174) Concurrent Mark 141.440ms
[300.535s][info][gc,phases   ] GC(174) Pause Mark End 0.035ms
[300.535s][info][gc,phases   ] GC(174) Concurrent Mark Free 0.002ms
[300.546s][info][gc,phases   ] GC(174) Concurrent Process Non-Strong References 11.159ms
[300.546s][info][gc,phases   ] GC(174) Concurrent Reset Relocation Set 0.042ms
[300.552s][info][gc,phases   ] GC(174) Concurrent Select Relocation Set 5.809ms
[300.552s][info][gc,phases   ] GC(174) Pause Relocate Start 0.010ms
[300.553s][info][gc,phases   ] GC(174) Concurrent Relocate 0.477ms
[300.553s][info][gc,load     ] GC(174) Load: 0.00/0.00/0.00
[300.553s][info][gc,mmu      ] GC(174) MMU: 2ms/95.0%, 5ms/98.0%, 10ms/99.0%, 20ms/99.5%, 50ms/99.8%, 100ms/99.9%
[300.553s][info][gc,marking  ] GC(174) Mark: 2 stripe(s), 2 proactive flush(es), 1 terminate flush(es), 0 completion(s), 0 continuation(s) 
[300.553s][info][gc,marking  ] GC(174) Mark Stack Usage: 32M
[300.553s][info][gc,nmethod  ] GC(174) NMethods: 12656 registered, 773 unregistered
[300.553s][info][gc,metaspace] GC(174) Metaspace: 73M used, 74M committed, 1152M reserved
[300.553s][info][gc,ref      ] GC(174) Soft: 5936 encountered, 0 discovered, 0 enqueued
[300.553s][info][gc,ref      ] GC(174) Weak: 6618 encountered, 902 discovered, 238 enqueued
[300.553s][info][gc,ref      ] GC(174) Final: 53 encountered, 4 discovered, 0 enqueued
[300.553s][info][gc,ref      ] GC(174) Phantom: 589 encountered, 288 discovered, 0 enqueued
[300.553s][info][gc,reloc    ] GC(174) Small Pages: 643 / 1286M, Empty: 1060M, Relocated: 1M, In-Place: 0
[300.553s][info][gc,reloc    ] GC(174) Medium Pages: 7 / 224M, Empty: 192M, Relocated: 0M, In-Place: 0
[300.553s][info][gc,reloc    ] GC(174) Large Pages: 24 / 144M, Empty: 144M, Relocated: 0M, In-Place: 0
[300.553s][info][gc,reloc    ] GC(174) Forwarding Usage: 0M
[300.553s][info][gc,heap     ] GC(174) Min Capacity: 8192M(100%)
[300.553s][info][gc,heap     ] GC(174) Max Capacity: 8192M(100%)
[300.553s][info][gc,heap     ] GC(174) Soft Max Capacity: 8192M(100%)
[300.553s][info][gc,heap     ] GC(174)                Mark Start          Mark End        Relocate Start      Relocate End           High               Low         
[300.553s][info][gc,heap     ] GC(174)  Capacity:     8192M (100%)       8192M (100%)       8192M (100%)       8192M (100%)       8192M (100%)       8192M (100%)   
[300.553s][info][gc,heap     ] GC(174)      Free:     6538M (80%)        6536M (80%)        7920M (97%)        7970M (97%)        7970M (97%)        6536M (80%)    
[300.553s][info][gc,heap     ] GC(174)      Used:     1654M (20%)        1656M (20%)         272M (3%)          222M (3%)         1656M (20%)         222M (3%)     
[300.553s][info][gc,heap     ] GC(174)      Live:         -               175M (2%)          175M (2%)          175M (2%)             -                  -          
[300.553s][info][gc,heap     ] GC(174) Allocated:         -                 2M (0%)           14M (0%)           14M (0%)             -                  -          
[300.553s][info][gc,heap     ] GC(174)   Garbage:         -              1478M (18%)          82M (1%)           32M (0%)             -                  -          
[300.553s][info][gc,heap     ] GC(174) Reclaimed:         -                  -              1396M (17%)        1446M (18%)            -                  -          
[300.553s][info][gc          ] GC(174) Garbage Collection (System.gc()) 1654M(20%)->222M(3%)
[302.815s][info][gc,start    ] GC(175) Garbage Collection (Allocation Rate)
[302.815s][info][gc,task     ] GC(175) Using 2 workers
[302.815s][info][gc,phases   ] GC(175) Pause Mark Start 0.009ms
[303.302s][info][gc,phases   ] GC(175) Concurrent Mark 486.270ms
[303.302s][info][gc,phases   ] GC(175) Pause Mark End 0.022ms
[303.302s][info][gc,phases   ] GC(175) Concurrent Mark Free 0.001ms
[303.314s][info][gc,phases   ] GC(175) Concurrent Process Non-Strong References 11.675ms
[303.314s][info][gc,phases   ] GC(175) Concurrent Reset Relocation Set 0.002ms
[303.336s][info][gc,phases   ] GC(175) Concurrent Select Relocation Set 22.359ms
[303.336s][info][gc,phases   ] GC(175) Pause Relocate Start 0.010ms
[303.471s][info][gc,phases   ] GC(175) Concurrent Relocate 134.782ms
[303.471s][info][gc,load     ] GC(175) Load: 0.00/0.00/0.00
[303.471s][info][gc,mmu      ] GC(175) MMU: 2ms/95.0%, 5ms/98.0%, 10ms/99.0%, 20ms/99.5%, 50ms/99.8%, 100ms/99.9%
[303.471s][info][gc,marking  ] GC(175) Mark: 2 stripe(s), 2 proactive flush(es), 1 terminate flush(es), 0 completion(s), 0 continuation(s) 
[303.471s][info][gc,marking  ] GC(175) Mark Stack Usage: 32M
[303.471s][info][gc,nmethod  ] GC(175) NMethods: 12670 registered, 773 unregistered
[303.471s][info][gc,metaspace] GC(175) Metaspace: 73M used, 74M committed, 1152M reserved
[303.471s][info][gc,ref      ] GC(175) Soft: 5944 encountered, 0 discovered, 0 enqueued
[303.471s][info][gc,ref      ] GC(175) Weak: 6696 encountered, 622 discovered, 104 enqueued
[303.471s][info][gc,ref      ] GC(175) Final: 53 encountered, 2 discovered, 0 enqueued
[303.471s][info][gc,ref      ] GC(175) Phantom: 589 encountered, 286 discovered, 0 enqueued
[303.471s][info][gc,reloc    ] GC(175) Small Pages: 2215 / 4430M, Empty: 2612M, Relocated: 95M, In-Place: 0
[303.471s][info][gc,reloc    ] GC(175) Medium Pages: 5 / 160M, Empty: 96M, Relocated: 11M, In-Place: 0
[303.471s][info][gc,reloc    ] GC(175) Large Pages: 30 / 212M, Empty: 172M, Relocated: 0M, In-Place: 0
[303.471s][info][gc,reloc    ] GC(175) Forwarding Usage: 95M
[303.471s][info][gc,heap     ] GC(175) Min Capacity: 8192M(100%)
[303.471s][info][gc,heap     ] GC(175) Max Capacity: 8192M(100%)
[303.471s][info][gc,heap     ] GC(175) Soft Max Capacity: 8192M(100%)
[303.471s][info][gc,heap     ] GC(175)                Mark Start          Mark End        Relocate Start      Relocate End           High               Low         
[303.471s][info][gc,heap     ] GC(175)  Capacity:     8192M (100%)       8192M (100%)       8192M (100%)       8192M (100%)       8192M (100%)       8192M (100%)   
[303.471s][info][gc,heap     ] GC(175)      Free:     3390M (41%)        3316M (40%)        6184M (75%)        7632M (93%)        7632M (93%)        3310M (40%)    
[303.471s][info][gc,heap     ] GC(175)      Used:     4802M (59%)        4876M (60%)        2008M (25%)         560M (7%)         4882M (60%)         560M (7%)     
[303.471s][info][gc,heap     ] GC(175)      Live:         -               311M (4%)          311M (4%)          311M (4%)             -                  -          
[303.471s][info][gc,heap     ] GC(175) Allocated:         -                74M (1%)           86M (1%)          220M (3%)             -                  -          
[303.471s][info][gc,heap     ] GC(175)   Garbage:         -              4490M (55%)        1610M (20%)          28M (0%)             -                  -          
[303.471s][info][gc,heap     ] GC(175) Reclaimed:         -                  -              2880M (35%)        4462M (54%)            -                  -          
[303.471s][info][gc          ] GC(175) Garbage Collection (Allocation Rate) 4802M(59%)->560M(7%)
[305.117s][info][gc,start    ] GC(176) Garbage Collection (System.gc())
[305.117s][info][gc,task     ] GC(176) Using 2 workers
[305.117s][info][gc,phases   ] GC(176) Pause Mark Start 0.006ms
[305.259s][info][gc,phases   ] GC(176) Concurrent Mark 142.532ms
[305.260s][info][gc,phases   ] GC(176) Pause Mark End 0.046ms
[305.260s][info][gc,phases   ] GC(176) Concurrent Mark Free 0.002ms
[305.271s][info][gc,phases   ] GC(176) Concurrent Process Non-Strong References 11.607ms
[305.272s][info][gc,phases   ] GC(176) Concurrent Reset Relocation Set 0.083ms
[305.280s][info][gc,phases   ] GC(176) Concurrent Select Relocation Set 8.602ms
[305.280s][info][gc,phases   ] GC(176) Pause Relocate Start 0.008ms
[305.281s][info][gc,phases   ] GC(176) Concurrent Relocate 0.717ms
[305.281s][info][gc,load     ] GC(176) Load: 0.00/0.00/0.00
[305.281s][info][gc,mmu      ] GC(176) MMU: 2ms/95.0%, 5ms/98.0%, 10ms/99.0%, 20ms/99.5%, 50ms/99.8%, 100ms/99.9%
[305.281s][info][gc,marking  ] GC(176) Mark: 2 stripe(s), 2 proactive flush(es), 1 terminate flush(es), 0 completion(s), 0 continuation(s) 
[305.281s][info][gc,marking  ] GC(176) Mark Stack Usage: 32M
[305.281s][info][gc,nmethod  ] GC(176) NMethods: 12673 registered, 773 unregistered
[305.281s][info][gc,metaspace] GC(176) Metaspace: 73M used, 74M committed, 1152M reserved
[305.281s][info][gc,ref      ] GC(176) Soft: 5936 encountered, 0 discovered, 0 enqueued
[305.281s][info][gc,ref      ] GC(176) Weak: 6970 encountered, 1319 discovered, 591 enqueued
[305.281s][info][gc,ref      ] GC(176) Final: 53 encountered, 4 discovered, 0 enqueued
[305.281s][info][gc,ref      ] GC(176) Phantom: 588 encountered, 323 discovered, 0 enqueued
[305.281s][info][gc,reloc    ] GC(176) Small Pages: 1519 / 3038M, Empty: 2754M, Relocated: 1M, In-Place: 0
[305.281s][info][gc,reloc    ] GC(176) Medium Pages: 11 / 352M, Empty: 320M, Relocated: 0M, In-Place: 0
[305.281s][info][gc,reloc    ] GC(176) Large Pages: 44 / 280M, Empty: 280M, Relocated: 0M, In-Place: 0
[305.281s][info][gc,reloc    ] GC(176) Forwarding Usage: 0M
[305.281s][info][gc,heap     ] GC(176) Min Capacity: 8192M(100%)
[305.281s][info][gc,heap     ] GC(176) Max Capacity: 8192M(100%)
[305.281s][info][gc,heap     ] GC(176) Soft Max Capacity: 8192M(100%)
[305.281s][info][gc,heap     ] GC(176)                Mark Start          Mark End        Relocate Start      Relocate End           High               Low         
[305.281s][info][gc,heap     ] GC(176)  Capacity:     8192M (100%)       8192M (100%)       8192M (100%)       8192M (100%)       8192M (100%)       8192M (100%)   
[305.281s][info][gc,heap     ] GC(176)      Free:     4522M (55%)        4520M (55%)        7860M (96%)        7968M (97%)        7968M (97%)        4520M (55%)    
[305.281s][info][gc,heap     ] GC(176)      Used:     3670M (45%)        3672M (45%)         332M (4%)          224M (3%)         3672M (45%)         224M (3%)     
[305.281s][info][gc,heap     ] GC(176)      Live:         -               175M (2%)          175M (2%)          175M (2%)             -                  -          
[305.281s][info][gc,heap     ] GC(176) Allocated:         -                 2M (0%)           16M (0%)           16M (0%)             -                  -          
[305.281s][info][gc,heap     ] GC(176)   Garbage:         -              3494M (43%)         140M (2%)           32M (0%)             -                  -          
[305.281s][info][gc,heap     ] GC(176) Reclaimed:         -                  -              3354M (41%)        3462M (42%)            -                  -          
[305.281s][info][gc          ] GC(176) Garbage Collection (System.gc()) 3670M(45%)->224M(3%)
[307.520s][info][gc,start    ] GC(177) Garbage Collection (Allocation Rate)
[307.521s][info][gc,task     ] GC(177) Using 2 workers
[307.521s][info][gc,phases   ] GC(177) Pause Mark Start 0.007ms
[308.136s][info][gc,phases   ] GC(177) Concurrent Mark 615.246ms
[308.136s][info][gc,phases   ] GC(177) Pause Mark End 0.023ms
[308.136s][info][gc,phases   ] GC(177) Concurrent Mark Free 0.001ms
[308.148s][info][gc,phases   ] GC(177) Concurrent Process Non-Strong References 11.903ms
[308.148s][info][gc,phases   ] GC(177) Concurrent Reset Relocation Set 0.004ms
[308.174s][info][gc,phases   ] GC(177) Concurrent Select Relocation Set 26.005ms
[308.174s][info][gc,phases   ] GC(177) Pause Relocate Start 0.015ms
[308.359s][info][gc,phases   ] GC(177) Concurrent Relocate 184.120ms
[308.359s][info][gc,load     ] GC(177) Load: 0.00/0.00/0.00
[308.359s][info][gc,mmu      ] GC(177) MMU: 2ms/95.0%, 5ms/98.0%, 10ms/99.0%, 20ms/99.5%, 50ms/99.8%, 100ms/99.9%
[308.359s][info][gc,marking  ] GC(177) Mark: 2 stripe(s), 2 proactive flush(es), 1 terminate flush(es), 0 completion(s), 0 continuation(s) 
[308.359s][info][gc,marking  ] GC(177) Mark Stack Usage: 32M
[308.359s][info][gc,nmethod  ] GC(177) NMethods: 12686 registered, 773 unregistered
[308.359s][info][gc,metaspace] GC(177) Metaspace: 73M used, 74M committed, 1152M reserved
[308.359s][info][gc,ref      ] GC(177) Soft: 5944 encountered, 0 discovered, 0 enqueued
[308.359s][info][gc,ref      ] GC(177) Weak: 6699 encountered, 877 discovered, 27 enqueued
[308.359s][info][gc,ref      ] GC(177) Final: 53 encountered, 28 discovered, 0 enqueued
[308.359s][info][gc,ref      ] GC(177) Phantom: 588 encountered, 523 discovered, 0 enqueued
[308.359s][info][gc,reloc    ] GC(177) Small Pages: 2215 / 4430M, Empty: 2370M, Relocated: 138M, In-Place: 0
[308.359s][info][gc,reloc    ] GC(177) Medium Pages: 5 / 160M, Empty: 96M, Relocated: 10M, In-Place: 0
[308.359s][info][gc,reloc    ] GC(177) Large Pages: 30 / 212M, Empty: 160M, Relocated: 0M, In-Place: 0
[308.359s][info][gc,reloc    ] GC(177) Forwarding Usage: 119M
[308.359s][info][gc,heap     ] GC(177) Min Capacity: 8192M(100%)
[308.359s][info][gc,heap     ] GC(177) Max Capacity: 8192M(100%)
[308.359s][info][gc,heap     ] GC(177) Soft Max Capacity: 8192M(100%)
[308.359s][info][gc,heap     ] GC(177)                Mark Start          Mark End        Relocate Start      Relocate End           High               Low         
[308.359s][info][gc,heap     ] GC(177)  Capacity:     8192M (100%)       8192M (100%)       8192M (100%)       8192M (100%)       8192M (100%)       8192M (100%)   
[308.359s][info][gc,heap     ] GC(177)      Free:     3390M (41%)        3126M (38%)        5716M (70%)        7258M (89%)        7260M (89%)        3110M (38%)    
[308.359s][info][gc,heap     ] GC(177)      Used:     4802M (59%)        5066M (62%)        2476M (30%)         934M (11%)        5082M (62%)         932M (11%)    
[308.359s][info][gc,heap     ] GC(177)      Live:         -               371M (5%)          371M (5%)          371M (5%)             -                  -          
[308.359s][info][gc,heap     ] GC(177) Allocated:         -               264M (3%)          300M (4%)          527M (6%)             -                  -          
[308.359s][info][gc,heap     ] GC(177)   Garbage:         -              4430M (54%)        1804M (22%)          35M (0%)             -                  -          
[308.359s][info][gc,heap     ] GC(177) Reclaimed:         -                  -              2626M (32%)        4395M (54%)            -                  -          
[308.359s][info][gc          ] GC(177) Garbage Collection (Allocation Rate) 4802M(59%)->934M(11%)
[308.419s][info][gc,start    ] GC(178) Garbage Collection (Allocation Rate)
[308.419s][info][gc,task     ] GC(178) Using 2 workers
[308.419s][info][gc,phases   ] GC(178) Pause Mark Start 0.007ms
[308.638s][info][gc,phases   ] GC(178) Concurrent Mark 218.947ms
[308.638s][info][gc,phases   ] GC(178) Pause Mark End 0.022ms
[308.638s][info][gc,phases   ] GC(178) Concurrent Mark Free 0.001ms
[308.649s][info][gc,phases   ] GC(178) Concurrent Process Non-Strong References 11.132ms
[308.649s][info][gc,phases   ] GC(178) Concurrent Reset Relocation Set 0.102ms
[308.660s][info][gc,phases   ] GC(178) Concurrent Select Relocation Set 10.339ms
[308.660s][info][gc,phases   ] GC(178) Pause Relocate Start 0.011ms
[308.689s][info][gc,phases   ] GC(178) Concurrent Relocate 28.663ms
[308.689s][info][gc,load     ] GC(178) Load: 0.00/0.00/0.00
[308.689s][info][gc,mmu      ] GC(178) MMU: 2ms/95.0%, 5ms/98.0%, 10ms/99.0%, 20ms/99.5%, 50ms/99.8%, 100ms/99.9%
[308.689s][info][gc,marking  ] GC(178) Mark: 2 stripe(s), 2 proactive flush(es), 1 terminate flush(es), 0 completion(s), 0 continuation(s) 
[308.689s][info][gc,marking  ] GC(178) Mark Stack Usage: 32M
[308.689s][info][gc,nmethod  ] GC(178) NMethods: 12691 registered, 773 unregistered
[308.689s][info][gc,metaspace] GC(178) Metaspace: 73M used, 74M committed, 1152M reserved
[308.689s][info][gc,ref      ] GC(178) Soft: 5940 encountered, 0 discovered, 0 enqueued
[308.689s][info][gc,ref      ] GC(178) Weak: 6752 encountered, 891 discovered, 220 enqueued
[308.689s][info][gc,ref      ] GC(178) Final: 53 encountered, 4 discovered, 0 enqueued
[308.689s][info][gc,ref      ] GC(178) Phantom: 588 encountered, 341 discovered, 0 enqueued
[308.689s][info][gc,reloc    ] GC(178) Small Pages: 406 / 812M, Empty: 422M, Relocated: 22M, In-Place: 0
[308.689s][info][gc,reloc    ] GC(178) Medium Pages: 3 / 96M, Empty: 64M, Relocated: 0M, In-Place: 0
[308.689s][info][gc,reloc    ] GC(178) Large Pages: 16 / 112M, Empty: 88M, Relocated: 0M, In-Place: 0
[308.689s][info][gc,reloc    ] GC(178) Forwarding Usage: 22M
[308.689s][info][gc,heap     ] GC(178) Min Capacity: 8192M(100%)
[308.689s][info][gc,heap     ] GC(178) Max Capacity: 8192M(100%)
[308.689s][info][gc,heap     ] GC(178) Soft Max Capacity: 8192M(100%)
[308.689s][info][gc,heap     ] GC(178)                Mark Start          Mark End        Relocate Start      Relocate End           High               Low         
[308.689s][info][gc,heap     ] GC(178)  Capacity:     8192M (100%)       8192M (100%)       8192M (100%)       8192M (100%)       8192M (100%)       8192M (100%)   
[308.689s][info][gc,heap     ] GC(178)      Free:     7172M (88%)        6796M (83%)        7356M (90%)        7524M (92%)        7524M (92%)        6788M (83%)    
[308.689s][info][gc,heap     ] GC(178)      Used:     1020M (12%)        1396M (17%)         836M (10%)         668M (8%)         1404M (17%)         668M (8%)     
[308.689s][info][gc,heap     ] GC(178)      Live:         -               220M (3%)          220M (3%)          220M (3%)             -                  -          
[308.689s][info][gc,heap     ] GC(178) Allocated:         -               376M (5%)          390M (5%)          416M (5%)             -                  -          
[308.689s][info][gc,heap     ] GC(178)   Garbage:         -               799M (10%)         225M (3%)           31M (0%)             -                  -          
[308.689s][info][gc,heap     ] GC(178) Reclaimed:         -                  -               574M (7%)          768M (9%)             -                  -          
[308.689s][info][gc          ] GC(178) Garbage Collection (Allocation Rate) 1020M(12%)->668M(8%)
[309.897s][info][gc,start    ] GC(179) Garbage Collection (System.gc())
[309.898s][info][gc,task     ] GC(179) Using 2 workers
[309.898s][info][gc,phases   ] GC(179) Pause Mark Start 0.005ms
[310.057s][info][gc,phases   ] GC(179) Concurrent Mark 159.200ms
[310.057s][info][gc,phases   ] GC(179) Pause Mark End 0.028ms
[310.057s][info][gc,phases   ] GC(179) Concurrent Mark Free 0.002ms
[310.069s][info][gc,phases   ] GC(179) Concurrent Process Non-Strong References 11.906ms
[310.069s][info][gc,phases   ] GC(179) Concurrent Reset Relocation Set 0.014ms
[310.073s][info][gc,phases   ] GC(179) Concurrent Select Relocation Set 3.999ms
[310.073s][info][gc,phases   ] GC(179) Pause Relocate Start 0.011ms
[310.074s][info][gc,phases   ] GC(179) Concurrent Relocate 0.837ms
[310.074s][info][gc,load     ] GC(179) Load: 0.00/0.00/0.00
[310.074s][info][gc,mmu      ] GC(179) MMU: 2ms/95.0%, 5ms/98.0%, 10ms/99.0%, 20ms/99.5%, 50ms/99.8%, 100ms/99.9%
[310.074s][info][gc,marking  ] GC(179) Mark: 2 stripe(s), 2 proactive flush(es), 1 terminate flush(es), 0 completion(s), 0 continuation(s) 
[310.074s][info][gc,marking  ] GC(179) Mark Stack Usage: 32M
[310.074s][info][gc,nmethod  ] GC(179) NMethods: 12696 registered, 773 unregistered
[310.074s][info][gc,metaspace] GC(179) Metaspace: 73M used, 74M committed, 1152M reserved
[310.074s][info][gc,ref      ] GC(179) Soft: 5936 encountered, 0 discovered, 0 enqueued
[310.074s][info][gc,ref      ] GC(179) Weak: 6764 encountered, 1173 discovered, 381 enqueued
[310.074s][info][gc,ref      ] GC(179) Final: 53 encountered, 4 discovered, 0 enqueued
[310.074s][info][gc,ref      ] GC(179) Phantom: 588 encountered, 286 discovered, 0 enqueued
[310.074s][info][gc,reloc    ] GC(179) Small Pages: 1245 / 2490M, Empty: 2232M, Relocated: 1M, In-Place: 0
[310.074s][info][gc,reloc    ] GC(179) Medium Pages: 9 / 288M, Empty: 256M, Relocated: 0M, In-Place: 0
[310.074s][info][gc,reloc    ] GC(179) Large Pages: 35 / 210M, Empty: 210M, Relocated: 0M, In-Place: 0
[310.074s][info][gc,reloc    ] GC(179) Forwarding Usage: 0M
[310.074s][info][gc,heap     ] GC(179) Min Capacity: 8192M(100%)
[310.074s][info][gc,heap     ] GC(179) Max Capacity: 8192M(100%)
[310.074s][info][gc,heap     ] GC(179) Soft Max Capacity: 8192M(100%)
[310.074s][info][gc,heap     ] GC(179)                Mark Start          Mark End        Relocate Start      Relocate End           High               Low         
[310.075s][info][gc,heap     ] GC(179)  Capacity:     8192M (100%)       8192M (100%)       8192M (100%)       8192M (100%)       8192M (100%)       8192M (100%)   
[310.075s][info][gc,heap     ] GC(179)      Free:     5204M (64%)        5200M (63%)        7890M (96%)        7970M (97%)        7970M (97%)        5200M (63%)    
[310.075s][info][gc,heap     ] GC(179)      Used:     2988M (36%)        2992M (37%)         302M (4%)          222M (3%)         2992M (37%)         222M (3%)     
[310.075s][info][gc,heap     ] GC(179)      Live:         -               175M (2%)          175M (2%)          175M (2%)             -                  -          
[310.075s][info][gc,heap     ] GC(179) Allocated:         -                 4M (0%)           12M (0%)           13M (0%)             -                  -          
[310.075s][info][gc,heap     ] GC(179)   Garbage:         -              2812M (34%)         114M (1%)           32M (0%)             -                  -          
[310.075s][info][gc,heap     ] GC(179) Reclaimed:         -                  -              2698M (33%)        2779M (34%)            -                  -          
[310.075s][info][gc          ] GC(179) Garbage Collection (System.gc()) 2988M(36%)->222M(3%)
[310.319s][info][gc,stats    ] === Garbage Collection Statistics =======================================================================================================================
[310.319s][info][gc,stats    ]                                                              Last 10s              Last 10m              Last 10h                Total
[310.319s][info][gc,stats    ]                                                              Avg / Max             Avg / Max             Avg / Max             Avg / Max
[310.319s][info][gc,stats    ]   Collector: Garbage Collection Cycle                    377.632 / 838.206     424.444 / 983.217     424.444 / 983.217     424.444 / 983.217     ms
[310.319s][info][gc,stats    ]  Contention: Mark Segment Reset Contention                     4 / 34                3 / 36                3 / 36                3 / 36          ops/s
[310.319s][info][gc,stats    ]  Contention: Mark SeqNum Reset Contention                      0 / 2                 0 / 2                 0 / 2                 0 / 2           ops/s
[310.319s][info][gc,stats    ]    Critical: Allocation Stall                                  0 / 0                 0 / 0                 0 / 0                 0 / 0           ops/s
[310.319s][info][gc,stats    ]    Critical: Allocation Stall                              0.000 / 0.000         0.000 / 0.000         0.000 / 0.000         0.000 / 0.000       ms
[310.319s][info][gc,stats    ]    Critical: GC Locker Stall                                   0 / 0                 0 / 0                 0 / 0                 0 / 0           ops/s
[310.319s][info][gc,stats    ]    Critical: GC Locker Stall                               0.000 / 0.000         0.000 / 0.000         0.000 / 0.000         0.000 / 0.000       ms
[310.319s][info][gc,stats    ]    Critical: Relocation Stall                                  0 / 0                 0 / 0                 0 / 0                 0 / 0           ops/s
[310.319s][info][gc,stats    ]    Critical: Relocation Stall                              0.000 / 0.000         0.000 / 0.000         0.000 / 0.000         0.000 / 0.000       ms
[310.319s][info][gc,stats    ]      Memory: Allocation Rate                                1683 / 2270           1595 / 3876           1595 / 3876           1595 / 3876        MB/s
[310.319s][info][gc,stats    ]      Memory: Out Of Memory                                     0 / 0                 0 / 0                 0 / 0                 0 / 0           ops/s
[310.319s][info][gc,stats    ]      Memory: Page Cache Flush                                  0 / 0                 0 / 0                 0 / 0                 0 / 0           MB/s
[310.319s][info][gc,stats    ]      Memory: Page Cache Hit L1                               778 / 1088            732 / 1729            732 / 1729            732 / 1729        ops/s
[310.319s][info][gc,stats    ]      Memory: Page Cache Hit L2                                 0 / 0                 0 / 0                 0 / 0                 0 / 0           ops/s
[310.319s][info][gc,stats    ]      Memory: Page Cache Hit L3                                 0 / 0                 7 / 527               7 / 527               7 / 527         ops/s
[310.319s][info][gc,stats    ]      Memory: Page Cache Miss                                   0 / 0                 0 / 1                 0 / 1                 0 / 1           ops/s
[310.319s][info][gc,stats    ]      Memory: Uncommit                                          0 / 0                 0 / 0                 0 / 0                 0 / 0           MB/s
[310.319s][info][gc,stats    ]      Memory: Undo Object Allocation Failed                     0 / 1                 0 / 1                 0 / 1                 0 / 1           ops/s
[310.319s][info][gc,stats    ]      Memory: Undo Object Allocation Succeeded                  2 / 20                4 / 101               4 / 101               4 / 101         ops/s
[310.319s][info][gc,stats    ]      Memory: Undo Page Allocation                              0 / 1                 0 / 1                 0 / 1                 0 / 1           ops/s
[310.319s][info][gc,stats    ]       Phase: Concurrent Mark                             293.939 / 615.246     323.835 / 972.666     323.835 / 972.666     323.835 / 972.666     ms
[310.319s][info][gc,stats    ]       Phase: Concurrent Mark Continue                      0.000 / 0.000         0.000 / 0.000         0.000 / 0.000         0.000 / 0.000       ms
[310.319s][info][gc,stats    ]       Phase: Concurrent Mark Free                          0.001 / 0.002         0.004 / 0.317         0.004 / 0.317         0.004 / 0.317       ms
[310.319s][info][gc,stats    ]       Phase: Concurrent Process Non-Strong References     11.564 / 11.906       10.131 / 15.785       10.131 / 15.785       10.131 / 15.785      ms
[310.319s][info][gc,stats    ]       Phase: Concurrent Relocate                          58.266 / 184.120      74.747 / 226.884      74.747 / 226.884      74.747 / 226.884     ms
[310.319s][info][gc,stats    ]       Phase: Concurrent Reset Relocation Set               0.041 / 0.102         0.039 / 0.139         0.039 / 0.139         0.039 / 0.139       ms
[310.319s][info][gc,stats    ]       Phase: Concurrent Select Relocation Set             12.852 / 26.005       14.558 / 41.971       14.558 / 41.971       14.558 / 41.971      ms
[310.319s][info][gc,stats    ]       Phase: Pause Mark End                                0.029 / 0.046         0.027 / 0.101         0.027 / 0.101         0.027 / 0.101       ms
[310.319s][info][gc,stats    ]       Phase: Pause Mark Start                              0.007 / 0.009         0.007 / 0.011         0.007 / 0.011         0.007 / 0.011       ms
[310.319s][info][gc,stats    ]       Phase: Pause Relocate Start                          0.011 / 0.015         0.012 / 0.032         0.012 / 0.032         0.012 / 0.032       ms
[310.319s][info][gc,stats    ]    Subphase: Concurrent Classes Purge                      0.488 / 0.568         0.415 / 0.716         0.415 / 0.716         0.415 / 0.716       ms
[310.319s][info][gc,stats    ]    Subphase: Concurrent Classes Unlink                     9.853 / 10.463        8.586 / 12.957        8.586 / 12.957        8.586 / 12.957      ms
[310.319s][info][gc,stats    ]    Subphase: Concurrent Mark                             284.709 / 611.727     315.511 / 969.741     315.511 / 969.741     315.511 / 969.741     ms
[310.319s][info][gc,stats    ]    Subphase: Concurrent Mark Try Flush                     0.158 / 0.480         0.184 / 4.211         0.184 / 4.211         0.184 / 4.211       ms
[310.319s][info][gc,stats    ]    Subphase: Concurrent Mark Try Terminate                 4.288 / 16.532        4.476 / 16.632        4.476 / 16.632        4.476 / 16.632      ms
[310.319s][info][gc,stats    ]    Subphase: Concurrent References Enqueue                 0.006 / 0.007         0.005 / 0.008         0.005 / 0.008         0.005 / 0.008       ms
[310.319s][info][gc,stats    ]    Subphase: Concurrent References Process                 0.216 / 0.359         0.191 / 0.610         0.191 / 0.610         0.191 / 0.610       ms
[310.319s][info][gc,stats    ]    Subphase: Concurrent Roots ClassLoaderDataGraph         0.119 / 0.244         0.119 / 0.376         0.119 / 0.376         0.119 / 0.376       ms
[310.319s][info][gc,stats    ]    Subphase: Concurrent Roots CodeCache                    0.000 / 0.000         0.000 / 0.000         0.000 / 0.000         0.000 / 0.000       ms
[310.319s][info][gc,stats    ]    Subphase: Concurrent Roots JavaThreads                  3.270 / 3.792         4.047 / 8.610         4.047 / 8.610         4.047 / 8.610       ms
[310.319s][info][gc,stats    ]    Subphase: Concurrent Roots OopStorageSet                0.048 / 0.056         0.047 / 0.142         0.047 / 0.142         0.047 / 0.142       ms
[310.319s][info][gc,stats    ]    Subphase: Concurrent Weak Roots OopStorageSet           0.684 / 0.952         0.595 / 1.025         0.595 / 1.025         0.595 / 1.025       ms
[310.319s][info][gc,stats    ]    Subphase: Pause Mark Try Complete                       0.000 / 0.000         0.008 / 0.024         0.008 / 0.024         0.008 / 0.024       ms
[310.319s][info][gc,stats    ]      System: Java Threads                                    263 / 265             249 / 267             249 / 267             249 / 267         threads
[310.319s][info][gc,stats    ] =========================================================================================================================================================
[312.328s][info][gc,start    ] GC(180) Garbage Collection (Allocation Rate)
[312.328s][info][gc,task     ] GC(180) Using 2 workers
[312.328s][info][gc,phases   ] GC(180) Pause Mark Start 0.006ms
[312.878s][info][gc,phases   ] GC(180) Concurrent Mark 549.085ms
[312.878s][info][gc,phases   ] GC(180) Pause Mark End 0.025ms
[312.878s][info][gc,phases   ] GC(180) Concurrent Mark Free 0.001ms
[312.890s][info][gc,phases   ] GC(180) Concurrent Process Non-Strong References 11.524ms
[312.890s][info][gc,phases   ] GC(180) Concurrent Reset Relocation Set 0.004ms
[312.912s][info][gc,phases   ] GC(180) Concurrent Select Relocation Set 22.541ms
[312.912s][info][gc,phases   ] GC(180) Pause Relocate Start 0.009ms
[313.063s][info][gc,phases   ] GC(180) Concurrent Relocate 150.404ms
[313.063s][info][gc,load     ] GC(180) Load: 0.00/0.00/0.00
[313.063s][info][gc,mmu      ] GC(180) MMU: 2ms/95.0%, 5ms/98.0%, 10ms/99.0%, 20ms/99.5%, 50ms/99.8%, 100ms/99.9%
[313.063s][info][gc,marking  ] GC(180) Mark: 2 stripe(s), 4 proactive flush(es), 1 terminate flush(es), 0 completion(s), 0 continuation(s) 
[313.063s][info][gc,marking  ] GC(180) Mark Stack Usage: 32M
[313.063s][info][gc,nmethod  ] GC(180) NMethods: 12700 registered, 773 unregistered
[313.063s][info][gc,metaspace] GC(180) Metaspace: 73M used, 74M committed, 1152M reserved
[313.063s][info][gc,ref      ] GC(180) Soft: 5944 encountered, 0 discovered, 0 enqueued
[313.063s][info][gc,ref      ] GC(180) Weak: 6712 encountered, 915 discovered, 91 enqueued
[313.063s][info][gc,ref      ] GC(180) Final: 53 encountered, 2 discovered, 0 enqueued
[313.063s][info][gc,ref      ] GC(180) Phantom: 588 encountered, 300 discovered, 0 enqueued
[313.063s][info][gc,reloc    ] GC(180) Small Pages: 2216 / 4432M, Empty: 2616M, Relocated: 96M, In-Place: 0
[313.063s][info][gc,reloc    ] GC(180) Medium Pages: 5 / 160M, Empty: 96M, Relocated: 10M, In-Place: 0
[313.063s][info][gc,reloc    ] GC(180) Large Pages: 30 / 212M, Empty: 172M, Relocated: 0M, In-Place: 0
[313.063s][info][gc,reloc    ] GC(180) Forwarding Usage: 95M
[313.063s][info][gc,heap     ] GC(180) Min Capacity: 8192M(100%)
[313.063s][info][gc,heap     ] GC(180) Max Capacity: 8192M(100%)
[313.063s][info][gc,heap     ] GC(180) Soft Max Capacity: 8192M(100%)
[313.063s][info][gc,heap     ] GC(180)                Mark Start          Mark End        Relocate Start      Relocate End           High               Low         
[313.063s][info][gc,heap     ] GC(180)  Capacity:     8192M (100%)       8192M (100%)       8192M (100%)       8192M (100%)       8192M (100%)       8192M (100%)   
[313.063s][info][gc,heap     ] GC(180)      Free:     3388M (41%)        3302M (40%)        6176M (75%)        7542M (92%)        7544M (92%)        3298M (40%)    
[313.063s][info][gc,heap     ] GC(180)      Used:     4804M (59%)        4890M (60%)        2016M (25%)         650M (8%)         4894M (60%)         648M (8%)     
[313.063s][info][gc,heap     ] GC(180)      Live:         -               310M (4%)          310M (4%)          310M (4%)             -                  -          
[313.063s][info][gc,heap     ] GC(180) Allocated:         -                86M (1%)           96M (1%)          307M (4%)             -                  -          
[313.063s][info][gc,heap     ] GC(180)   Garbage:         -              4493M (55%)        1609M (20%)          31M (0%)             -                  -          
[313.063s][info][gc,heap     ] GC(180) Reclaimed:         -                  -              2884M (35%)        4461M (54%)            -                  -          
[313.063s][info][gc          ] GC(180) Garbage Collection (Allocation Rate) 4804M(59%)->650M(8%)
[314.024s][info][gc,start    ] GC(181) Garbage Collection (Allocation Rate)
[314.024s][info][gc,task     ] GC(181) Using 2 workers
[314.024s][info][gc,phases   ] GC(181) Pause Mark Start 0.009ms
[314.390s][info][gc,phases   ] GC(181) Concurrent Mark 365.404ms
[314.390s][info][gc,phases   ] GC(181) Pause Mark End 0.016ms
[314.390s][info][gc,phases   ] GC(181) Concurrent Mark Free 0.001ms
[314.401s][info][gc,phases   ] GC(181) Concurrent Process Non-Strong References 11.114ms
[314.401s][info][gc,phases   ] GC(181) Concurrent Reset Relocation Set 0.077ms
[314.413s][info][gc,phases   ] GC(181) Concurrent Select Relocation Set 11.598ms
[314.413s][info][gc,phases   ] GC(181) Pause Relocate Start 0.017ms
[314.496s][info][gc,phases   ] GC(181) Concurrent Relocate 82.531ms
[314.496s][info][gc,load     ] GC(181) Load: 0.00/0.00/0.00
[314.496s][info][gc,mmu      ] GC(181) MMU: 2ms/95.0%, 5ms/98.0%, 10ms/99.0%, 20ms/99.5%, 50ms/99.8%, 100ms/99.9%
[314.496s][info][gc,marking  ] GC(181) Mark: 2 stripe(s), 2 proactive flush(es), 1 terminate flush(es), 0 completion(s), 0 continuation(s) 
[314.496s][info][gc,marking  ] GC(181) Mark Stack Usage: 32M
[314.496s][info][gc,nmethod  ] GC(181) NMethods: 12706 registered, 773 unregistered
[314.496s][info][gc,metaspace] GC(181) Metaspace: 73M used, 74M committed, 1152M reserved
[314.496s][info][gc,ref      ] GC(181) Soft: 5940 encountered, 0 discovered, 0 enqueued
[314.496s][info][gc,ref      ] GC(181) Weak: 6968 encountered, 1133 discovered, 362 enqueued
[314.496s][info][gc,ref      ] GC(181) Final: 53 encountered, 4 discovered, 0 enqueued
[314.496s][info][gc,ref      ] GC(181) Phantom: 588 encountered, 338 discovered, 0 enqueued
[314.496s][info][gc,reloc    ] GC(181) Small Pages: 993 / 1986M, Empty: 1034M, Relocated: 62M, In-Place: 0
[314.496s][info][gc,reloc    ] GC(181) Medium Pages: 6 / 192M, Empty: 96M, Relocated: 25M, In-Place: 0
[314.496s][info][gc,reloc    ] GC(181) Large Pages: 22 / 148M, Empty: 136M, Relocated: 0M, In-Place: 0
[314.496s][info][gc,reloc    ] GC(181) Forwarding Usage: 58M
[314.496s][info][gc,heap     ] GC(181) Min Capacity: 8192M(100%)
[314.496s][info][gc,heap     ] GC(181) Max Capacity: 8192M(100%)
[314.496s][info][gc,heap     ] GC(181) Soft Max Capacity: 8192M(100%)
[314.496s][info][gc,heap     ] GC(181)                Mark Start          Mark End        Relocate Start      Relocate End           High               Low         
[314.496s][info][gc,heap     ] GC(181)  Capacity:     8192M (100%)       8192M (100%)       8192M (100%)       8192M (100%)       8192M (100%)       8192M (100%)   
[314.496s][info][gc,heap     ] GC(181)      Free:     5866M (72%)        5416M (66%)        6652M (81%)        7396M (90%)        7396M (90%)        5402M (66%)    
[314.496s][info][gc,heap     ] GC(181)      Used:     2326M (28%)        2776M (34%)        1540M (19%)         796M (10%)        2790M (34%)         796M (10%)    
[314.496s][info][gc,heap     ] GC(181)      Live:         -               262M (3%)          262M (3%)          262M (3%)             -                  -          
[314.496s][info][gc,heap     ] GC(181) Allocated:         -               450M (5%)          480M (6%)          517M (6%)             -                  -          
[314.496s][info][gc,heap     ] GC(181)   Garbage:         -              2063M (25%)         797M (10%)          16M (0%)             -                  -          
[314.496s][info][gc,heap     ] GC(181) Reclaimed:         -                  -              1266M (15%)        2047M (25%)            -                  -          
[314.496s][info][gc          ] GC(181) Garbage Collection (Allocation Rate) 2326M(28%)->796M(10%)
[314.930s][info][gc,start    ] GC(182) Garbage Collection (System.gc())
[314.930s][info][gc,task     ] GC(182) Using 2 workers
[314.930s][info][gc,phases   ] GC(182) Pause Mark Start 0.005ms
[315.086s][info][gc,phases   ] GC(182) Concurrent Mark 155.495ms
[315.086s][info][gc,phases   ] GC(182) Pause Mark End 0.026ms
[315.086s][info][gc,phases   ] GC(182) Concurrent Mark Free 0.001ms
[315.098s][info][gc,phases   ] GC(182) Concurrent Process Non-Strong References 12.408ms
[315.098s][info][gc,phases   ] GC(182) Concurrent Reset Relocation Set 0.040ms
[315.104s][info][gc,phases   ] GC(182) Concurrent Select Relocation Set 5.865ms
[315.104s][info][gc,phases   ] GC(182) Pause Relocate Start 0.008ms
[315.106s][info][gc,phases   ] GC(182) Concurrent Relocate 1.085ms
[315.106s][info][gc,load     ] GC(182) Load: 0.00/0.00/0.00
[315.106s][info][gc,mmu      ] GC(182) MMU: 2ms/95.0%, 5ms/98.0%, 10ms/99.0%, 20ms/99.5%, 50ms/99.8%, 100ms/99.9%
[315.106s][info][gc,marking  ] GC(182) Mark: 2 stripe(s), 2 proactive flush(es), 1 terminate flush(es), 0 completion(s), 0 continuation(s) 
[315.106s][info][gc,marking  ] GC(182) Mark Stack Usage: 32M
[315.106s][info][gc,nmethod  ] GC(182) NMethods: 12710 registered, 773 unregistered
[315.106s][info][gc,metaspace] GC(182) Metaspace: 73M used, 74M committed, 1152M reserved
[315.106s][info][gc,ref      ] GC(182) Soft: 5936 encountered, 0 discovered, 0 enqueued
[315.106s][info][gc,ref      ] GC(182) Weak: 6625 encountered, 1155 discovered, 237 enqueued
[315.106s][info][gc,ref      ] GC(182) Final: 53 encountered, 0 discovered, 0 enqueued
[315.106s][info][gc,ref      ] GC(182) Phantom: 588 encountered, 288 discovered, 0 enqueued
[315.106s][info][gc,reloc    ] GC(182) Small Pages: 650 / 1300M, Empty: 1076M, Relocated: 1M, In-Place: 0
[315.106s][info][gc,reloc    ] GC(182) Medium Pages: 7 / 224M, Empty: 192M, Relocated: 0M, In-Place: 0
[315.106s][info][gc,reloc    ] GC(182) Large Pages: 22 / 132M, Empty: 132M, Relocated: 0M, In-Place: 0
[315.106s][info][gc,reloc    ] GC(182) Forwarding Usage: 0M
[315.106s][info][gc,heap     ] GC(182) Min Capacity: 8192M(100%)
[315.106s][info][gc,heap     ] GC(182) Max Capacity: 8192M(100%)
[315.106s][info][gc,heap     ] GC(182) Soft Max Capacity: 8192M(100%)
[315.106s][info][gc,heap     ] GC(182)                Mark Start          Mark End        Relocate Start      Relocate End           High               Low         
[315.106s][info][gc,heap     ] GC(182)  Capacity:     8192M (100%)       8192M (100%)       8192M (100%)       8192M (100%)       8192M (100%)       8192M (100%)   
[315.106s][info][gc,heap     ] GC(182)      Free:     6536M (80%)        6532M (80%)        7926M (97%)        7974M (97%)        7974M (97%)        6532M (80%)    
[315.106s][info][gc,heap     ] GC(182)      Used:     1656M (20%)        1660M (20%)         266M (3%)          218M (3%)         1660M (20%)         218M (3%)     
[315.106s][info][gc,heap     ] GC(182)      Live:         -               175M (2%)          175M (2%)          175M (2%)             -                  -          
[315.106s][info][gc,heap     ] GC(182) Allocated:         -                 4M (0%)           10M (0%)           10M (0%)             -                  -          
[315.106s][info][gc,heap     ] GC(182)   Garbage:         -              1480M (18%)          80M (1%)           32M (0%)             -                  -          
[315.106s][info][gc,heap     ] GC(182) Reclaimed:         -                  -              1400M (17%)        1448M (18%)            -                  -          
[315.106s][info][gc          ] GC(182) Garbage Collection (System.gc()) 1656M(20%)->218M(3%)
[317.314s][info][gc,start    ] GC(183) Garbage Collection (Allocation Rate)
[317.314s][info][gc,task     ] GC(183) Using 2 workers
[317.314s][info][gc,phases   ] GC(183) Pause Mark Start 0.007ms
[317.924s][info][gc,phases   ] GC(183) Concurrent Mark 607.416ms
[317.924s][info][gc,phases   ] GC(183) Pause Mark End 0.091ms
[317.924s][info][gc,phases   ] GC(183) Concurrent Mark Free 0.001ms
[317.937s][info][gc,phases   ] GC(183) Concurrent Process Non-Strong References 12.500ms
[317.937s][info][gc,phases   ] GC(183) Concurrent Reset Relocation Set 0.004ms
[317.970s][info][gc,phases   ] GC(183) Concurrent Select Relocation Set 33.115ms
[317.970s][info][gc,phases   ] GC(183) Pause Relocate Start 0.014ms
[318.166s][info][gc,phases   ] GC(183) Concurrent Relocate 195.617ms
[318.166s][info][gc,load     ] GC(183) Load: 0.00/0.00/0.00
[318.166s][info][gc,mmu      ] GC(183) MMU: 2ms/95.0%, 5ms/98.0%, 10ms/99.0%, 20ms/99.5%, 50ms/99.8%, 100ms/99.9%
[318.166s][info][gc,marking  ] GC(183) Mark: 2 stripe(s), 2 proactive flush(es), 1 terminate flush(es), 1 completion(s), 0 continuation(s) 
[318.166s][info][gc,marking  ] GC(183) Mark Stack Usage: 32M
[318.166s][info][gc,nmethod  ] GC(183) NMethods: 12720 registered, 773 unregistered
[318.166s][info][gc,metaspace] GC(183) Metaspace: 73M used, 74M committed, 1152M reserved
[318.166s][info][gc,ref      ] GC(183) Soft: 5944 encountered, 0 discovered, 0 enqueued
[318.166s][info][gc,ref      ] GC(183) Weak: 6708 encountered, 833 discovered, 23 enqueued
[318.166s][info][gc,ref      ] GC(183) Final: 53 encountered, 0 discovered, 0 enqueued
[318.166s][info][gc,ref      ] GC(183) Phantom: 588 encountered, 288 discovered, 0 enqueued
[318.166s][info][gc,reloc    ] GC(183) Small Pages: 2172 / 4344M, Empty: 2250M, Relocated: 166M, In-Place: 0
[318.166s][info][gc,reloc    ] GC(183) Medium Pages: 5 / 160M, Empty: 128M, Relocated: 0M, In-Place: 0
[318.166s][info][gc,reloc    ] GC(183) Large Pages: 30 / 212M, Empty: 154M, Relocated: 0M, In-Place: 0
[318.166s][info][gc,reloc    ] GC(183) Forwarding Usage: 130M
[318.166s][info][gc,heap     ] GC(183) Min Capacity: 8192M(100%)
[318.166s][info][gc,heap     ] GC(183) Max Capacity: 8192M(100%)
[318.166s][info][gc,heap     ] GC(183) Soft Max Capacity: 8192M(100%)
[318.166s][info][gc,heap     ] GC(183)                Mark Start          Mark End        Relocate Start      Relocate End           High               Low         
[318.166s][info][gc,heap     ] GC(183)  Capacity:     8192M (100%)       8192M (100%)       8192M (100%)       8192M (100%)       8192M (100%)       8192M (100%)   
[318.166s][info][gc,heap     ] GC(183)      Free:     3476M (42%)        3262M (40%)        5694M (70%)        7194M (88%)        7228M (88%)        3194M (39%)    
[318.166s][info][gc,heap     ] GC(183)      Used:     4716M (58%)        4930M (60%)        2498M (30%)         998M (12%)        4998M (61%)         964M (12%)    
[318.166s][info][gc,heap     ] GC(183)      Live:         -               398M (5%)          398M (5%)          398M (5%)             -                  -          
[318.166s][info][gc,heap     ] GC(183) Allocated:         -               214M (3%)          314M (4%)          567M (7%)             -                  -          
[318.166s][info][gc,heap     ] GC(183)   Garbage:         -              4317M (53%)        1785M (22%)          31M (0%)             -                  -          
[318.166s][info][gc,heap     ] GC(183) Reclaimed:         -                  -              2532M (31%)        4285M (52%)            -                  -          
[318.166s][info][gc          ] GC(183) Garbage Collection (Allocation Rate) 4716M(58%)->998M(12%)
[318.216s][info][gc,start    ] GC(184) Garbage Collection (Allocation Rate)
[318.216s][info][gc,task     ] GC(184) Using 2 workers
[318.216s][info][gc,phases   ] GC(184) Pause Mark Start 0.008ms
[318.440s][info][gc,phases   ] GC(184) Concurrent Mark 223.510ms
[318.440s][info][gc,phases   ] GC(184) Pause Mark End 0.024ms
[318.440s][info][gc,phases   ] GC(184) Concurrent Mark Free 0.001ms
[318.452s][info][gc,phases   ] GC(184) Concurrent Process Non-Strong References 11.290ms
[318.452s][info][gc,phases   ] GC(184) Concurrent Reset Relocation Set 0.110ms
[318.462s][info][gc,phases   ] GC(184) Concurrent Select Relocation Set 9.998ms
[318.462s][info][gc,phases   ] GC(184) Pause Relocate Start 0.011ms
[318.483s][info][gc,phases   ] GC(184) Concurrent Relocate 21.283ms
[318.483s][info][gc,load     ] GC(184) Load: 0.00/0.00/0.00
[318.483s][info][gc,mmu      ] GC(184) MMU: 2ms/95.0%, 5ms/98.0%, 10ms/99.0%, 20ms/99.5%, 50ms/99.8%, 100ms/99.9%
[318.483s][info][gc,marking  ] GC(184) Mark: 2 stripe(s), 2 proactive flush(es), 1 terminate flush(es), 0 completion(s), 0 continuation(s) 
[318.483s][info][gc,marking  ] GC(184) Mark Stack Usage: 32M
[318.483s][info][gc,nmethod  ] GC(184) NMethods: 12722 registered, 773 unregistered
[318.483s][info][gc,metaspace] GC(184) Metaspace: 73M used, 74M committed, 1152M reserved
[318.483s][info][gc,ref      ] GC(184) Soft: 5940 encountered, 0 discovered, 0 enqueued
[318.483s][info][gc,ref      ] GC(184) Weak: 6791 encountered, 978 discovered, 220 enqueued
[318.483s][info][gc,ref      ] GC(184) Final: 53 encountered, 2 discovered, 0 enqueued
[318.483s][info][gc,ref      ] GC(184) Phantom: 589 encountered, 253 discovered, 0 enqueued
[318.483s][info][gc,reloc    ] GC(184) Small Pages: 436 / 872M, Empty: 526M, Relocated: 18M, In-Place: 0
[318.483s][info][gc,reloc    ] GC(184) Medium Pages: 4 / 128M, Empty: 96M, Relocated: 0M, In-Place: 0
[318.483s][info][gc,reloc    ] GC(184) Large Pages: 17 / 118M, Empty: 94M, Relocated: 0M, In-Place: 0
[318.483s][info][gc,reloc    ] GC(184) Forwarding Usage: 18M
[318.483s][info][gc,heap     ] GC(184) Min Capacity: 8192M(100%)
[318.483s][info][gc,heap     ] GC(184) Max Capacity: 8192M(100%)
[318.483s][info][gc,heap     ] GC(184) Soft Max Capacity: 8192M(100%)
[318.483s][info][gc,heap     ] GC(184)                Mark Start          Mark End        Relocate Start      Relocate End           High               Low         
[318.483s][info][gc,heap     ] GC(184)  Capacity:     8192M (100%)       8192M (100%)       8192M (100%)       8192M (100%)       8192M (100%)       8192M (100%)   
[318.483s][info][gc,heap     ] GC(184)      Free:     7074M (86%)        6704M (82%)        7402M (90%)        7538M (92%)        7540M (92%)        6688M (82%)    
[318.483s][info][gc,heap     ] GC(184)      Used:     1118M (14%)        1488M (18%)         790M (10%)         654M (8%)         1504M (18%)         652M (8%)     
[318.483s][info][gc,heap     ] GC(184)      Live:         -               215M (3%)          215M (3%)          215M (3%)             -                  -          
[318.483s][info][gc,heap     ] GC(184) Allocated:         -               370M (5%)          388M (5%)          408M (5%)             -                  -          
[318.483s][info][gc,heap     ] GC(184)   Garbage:         -               902M (11%)         186M (2%)           30M (0%)             -                  -          
[318.484s][info][gc,heap     ] GC(184) Reclaimed:         -                  -               716M (9%)          872M (11%)            -                  -          
[318.484s][info][gc          ] GC(184) Garbage Collection (Allocation Rate) 1118M(14%)->654M(8%)
[319.722s][info][gc,start    ] GC(185) Garbage Collection (System.gc())
[319.722s][info][gc,task     ] GC(185) Using 2 workers
[319.722s][info][gc,phases   ] GC(185) Pause Mark Start 0.007ms
[319.873s][info][gc,phases   ] GC(185) Concurrent Mark 150.276ms
[319.873s][info][gc,phases   ] GC(185) Pause Mark End 0.026ms
[319.873s][info][gc,phases   ] GC(185) Concurrent Mark Free 0.002ms
[319.884s][info][gc,phases   ] GC(185) Concurrent Process Non-Strong References 11.223ms
[319.884s][info][gc,phases   ] GC(185) Concurrent Reset Relocation Set 0.009ms
[319.888s][info][gc,phases   ] GC(185) Concurrent Select Relocation Set 3.504ms
[319.888s][info][gc,phases   ] GC(185) Pause Relocate Start 0.009ms
[319.889s][info][gc,phases   ] GC(185) Concurrent Relocate 1.354ms
[319.889s][info][gc,load     ] GC(185) Load: 0.00/0.00/0.00
[319.889s][info][gc,mmu      ] GC(185) MMU: 2ms/95.0%, 5ms/98.0%, 10ms/99.0%, 20ms/99.5%, 50ms/99.8%, 100ms/99.9%
[319.889s][info][gc,marking  ] GC(185) Mark: 2 stripe(s), 2 proactive flush(es), 1 terminate flush(es), 0 completion(s), 0 continuation(s) 
[319.889s][info][gc,marking  ] GC(185) Mark Stack Usage: 32M
[319.889s][info][gc,nmethod  ] GC(185) NMethods: 12740 registered, 773 unregistered
[319.889s][info][gc,metaspace] GC(185) Metaspace: 73M used, 74M committed, 1152M reserved
[319.889s][info][gc,ref      ] GC(185) Soft: 5936 encountered, 0 discovered, 0 enqueued
[319.889s][info][gc,ref      ] GC(185) Weak: 6767 encountered, 1285 discovered, 381 enqueued
[319.889s][info][gc,ref      ] GC(185) Final: 53 encountered, 4 discovered, 0 enqueued
[319.889s][info][gc,ref      ] GC(185) Phantom: 588 encountered, 373 discovered, 0 enqueued
[319.890s][info][gc,reloc    ] GC(185) Small Pages: 1264 / 2528M, Empty: 2272M, Relocated: 1M, In-Place: 0
[319.890s][info][gc,reloc    ] GC(185) Medium Pages: 9 / 288M, Empty: 256M, Relocated: 0M, In-Place: 0
[319.890s][info][gc,reloc    ] GC(185) Large Pages: 33 / 198M, Empty: 198M, Relocated: 0M, In-Place: 0
[319.890s][info][gc,reloc    ] GC(185) Forwarding Usage: 0M
[319.890s][info][gc,heap     ] GC(185) Min Capacity: 8192M(100%)
[319.890s][info][gc,heap     ] GC(185) Max Capacity: 8192M(100%)
[319.890s][info][gc,heap     ] GC(185) Soft Max Capacity: 8192M(100%)
[319.890s][info][gc,heap     ] GC(185)                Mark Start          Mark End        Relocate Start      Relocate End           High               Low         
[319.890s][info][gc,heap     ] GC(185)  Capacity:     8192M (100%)       8192M (100%)       8192M (100%)       8192M (100%)       8192M (100%)       8192M (100%)   
[319.890s][info][gc,heap     ] GC(185)      Free:     5178M (63%)        5176M (63%)        7892M (96%)        7968M (97%)        7970M (97%)        5176M (63%)    
[319.890s][info][gc,heap     ] GC(185)      Used:     3014M (37%)        3016M (37%)         300M (4%)          224M (3%)         3016M (37%)         222M (3%)     
[319.890s][info][gc,heap     ] GC(185)      Live:         -               175M (2%)          175M (2%)          175M (2%)             -                  -          
[319.890s][info][gc,heap     ] GC(185) Allocated:         -                 2M (0%)           12M (0%)           15M (0%)             -                  -          
[319.890s][info][gc,heap     ] GC(185)   Garbage:         -              2838M (35%)         112M (1%)           32M (0%)             -                  -          
[319.890s][info][gc,heap     ] GC(185) Reclaimed:         -                  -              2726M (33%)        2805M (34%)            -                  -          
[319.890s][info][gc          ] GC(185) Garbage Collection (System.gc()) 3014M(37%)->224M(3%)
[320.322s][info][gc,stats    ] === Garbage Collection Statistics =======================================================================================================================
[320.322s][info][gc,stats    ]                                                              Last 10s              Last 10m              Last 10h                Total
[320.322s][info][gc,stats    ]                                                              Avg / Max             Avg / Max             Avg / Max             Avg / Max
[320.322s][info][gc,stats    ]   Collector: Garbage Collection Cycle                    444.814 / 852.281     425.101 / 983.217     425.101 / 983.217     425.101 / 983.217     ms
[320.322s][info][gc,stats    ]  Contention: Mark Segment Reset Contention                     4 / 25                3 / 36                3 / 36                3 / 36          ops/s
[320.322s][info][gc,stats    ]  Contention: Mark SeqNum Reset Contention                      0 / 0                 0 / 2                 0 / 2                 0 / 2           ops/s
[320.322s][info][gc,stats    ]    Critical: Allocation Stall                                  0 / 0                 0 / 0                 0 / 0                 0 / 0           ops/s
[320.322s][info][gc,stats    ]    Critical: Allocation Stall                              0.000 / 0.000         0.000 / 0.000         0.000 / 0.000         0.000 / 0.000       ms
[320.322s][info][gc,stats    ]    Critical: GC Locker Stall                                   0 / 0                 0 / 0                 0 / 0                 0 / 0           ops/s
[320.322s][info][gc,stats    ]    Critical: GC Locker Stall                               0.000 / 0.000         0.000 / 0.000         0.000 / 0.000         0.000 / 0.000       ms
[320.322s][info][gc,stats    ]    Critical: Relocation Stall                                  0 / 0                 0 / 0                 0 / 0                 0 / 0           ops/s
[320.322s][info][gc,stats    ]    Critical: Relocation Stall                              0.000 / 0.000         0.000 / 0.000         0.000 / 0.000         0.000 / 0.000       ms
[320.322s][info][gc,stats    ]      Memory: Allocation Rate                                1639 / 2316           1596 / 3876           1596 / 3876           1596 / 3876        MB/s
[320.322s][info][gc,stats    ]      Memory: Out Of Memory                                     0 / 0                 0 / 0                 0 / 0                 0 / 0           ops/s
[320.322s][info][gc,stats    ]      Memory: Page Cache Flush                                  0 / 0                 0 / 0                 0 / 0                 0 / 0           MB/s
[320.322s][info][gc,stats    ]      Memory: Page Cache Hit L1                               760 / 1086            733 / 1729            733 / 1729            733 / 1729        ops/s
[320.322s][info][gc,stats    ]      Memory: Page Cache Hit L2                                 0 / 0                 0 / 0                 0 / 0                 0 / 0           ops/s
[320.322s][info][gc,stats    ]      Memory: Page Cache Hit L3                                 0 / 0                 7 / 527               7 / 527               7 / 527         ops/s
[320.322s][info][gc,stats    ]      Memory: Page Cache Miss                                   0 / 0                 0 / 1                 0 / 1                 0 / 1           ops/s
[320.322s][info][gc,stats    ]      Memory: Uncommit                                          0 / 0                 0 / 0                 0 / 0                 0 / 0           MB/s
[320.322s][info][gc,stats    ]      Memory: Undo Object Allocation Failed                     0 / 0                 0 / 1                 0 / 1                 0 / 1           ops/s
[320.322s][info][gc,stats    ]      Memory: Undo Object Allocation Succeeded                  2 / 26                4 / 101               4 / 101               4 / 101         ops/s
[320.322s][info][gc,stats    ]      Memory: Undo Page Allocation                              0 / 2                 0 / 2                 0 / 2                 0 / 2           ops/s
[320.322s][info][gc,stats    ]       Phase: Concurrent Mark                             341.864 / 607.416     324.416 / 972.666     324.416 / 972.666     324.416 / 972.666     ms
[320.322s][info][gc,stats    ]       Phase: Concurrent Mark Continue                      0.000 / 0.000         0.000 / 0.000         0.000 / 0.000         0.000 / 0.000       ms
[320.322s][info][gc,stats    ]       Phase: Concurrent Mark Free                          0.001 / 0.002         0.004 / 0.317         0.004 / 0.317         0.004 / 0.317       ms
[320.322s][info][gc,stats    ]       Phase: Concurrent Process Non-Strong References     11.677 / 12.500       10.181 / 15.785       10.181 / 15.785       10.181 / 15.785      ms
[320.322s][info][gc,stats    ]       Phase: Concurrent Relocate                          75.379 / 195.617      74.767 / 226.884      74.767 / 226.884      74.767 / 226.884     ms
[320.322s][info][gc,stats    ]       Phase: Concurrent Reset Relocation Set               0.041 / 0.110         0.039 / 0.139         0.039 / 0.139         0.039 / 0.139       ms
[320.322s][info][gc,stats    ]       Phase: Concurrent Select Relocation Set             14.437 / 33.115       14.554 / 41.971       14.554 / 41.971       14.554 / 41.971      ms
[320.322s][info][gc,stats    ]       Phase: Pause Mark End                                0.035 / 0.091         0.027 / 0.101         0.027 / 0.101         0.027 / 0.101       ms
[320.322s][info][gc,stats    ]       Phase: Pause Mark Start                              0.007 / 0.009         0.007 / 0.011         0.007 / 0.011         0.007 / 0.011       ms
[320.322s][info][gc,stats    ]       Phase: Pause Relocate Start                          0.011 / 0.017         0.012 / 0.032         0.012 / 0.032         0.012 / 0.032       ms
[320.322s][info][gc,stats    ]    Subphase: Concurrent Classes Purge                      0.507 / 0.575         0.418 / 0.716         0.418 / 0.716         0.418 / 0.716       ms
[320.322s][info][gc,stats    ]    Subphase: Concurrent Classes Unlink                    10.003 / 11.075        8.632 / 12.957        8.632 / 12.957        8.632 / 12.957      ms
[320.322s][info][gc,stats    ]    Subphase: Concurrent Mark                             333.378 / 603.883     316.088 / 969.741     316.088 / 969.741     316.088 / 969.741     ms
[320.322s][info][gc,stats    ]    Subphase: Concurrent Mark Try Flush                     1.699 / 15.555        0.235 / 15.555        0.235 / 15.555        0.235 / 15.555      ms
[320.322s][info][gc,stats    ]    Subphase: Concurrent Mark Try Terminate                 4.822 / 16.611        4.487 / 16.632        4.487 / 16.632        4.487 / 16.632      ms
[320.322s][info][gc,stats    ]    Subphase: Concurrent References Enqueue                 0.005 / 0.007         0.005 / 0.008         0.005 / 0.008         0.005 / 0.008       ms
[320.322s][info][gc,stats    ]    Subphase: Concurrent References Process                 0.197 / 0.339         0.191 / 0.610         0.191 / 0.610         0.191 / 0.610       ms
[320.322s][info][gc,stats    ]    Subphase: Concurrent Roots ClassLoaderDataGraph         0.118 / 0.250         0.119 / 0.376         0.119 / 0.376         0.119 / 0.376       ms
[320.322s][info][gc,stats    ]    Subphase: Concurrent Roots CodeCache                    0.000 / 0.000         0.000 / 0.000         0.000 / 0.000         0.000 / 0.000       ms
[320.322s][info][gc,stats    ]    Subphase: Concurrent Roots JavaThreads                  3.113 / 3.531         4.017 / 8.610         4.017 / 8.610         4.017 / 8.610       ms
[320.322s][info][gc,stats    ]    Subphase: Concurrent Roots OopStorageSet                0.050 / 0.068         0.047 / 0.142         0.047 / 0.142         0.047 / 0.142       ms
[320.322s][info][gc,stats    ]    Subphase: Concurrent Weak Roots OopStorageSet           0.633 / 1.117         0.596 / 1.117         0.596 / 1.117         0.596 / 1.117       ms
[320.322s][info][gc,stats    ]    Subphase: Pause Mark Try Complete                       0.016 / 0.022         0.009 / 0.024         0.009 / 0.024         0.009 / 0.024       ms
[320.322s][info][gc,stats    ]      System: Java Threads                                    263 / 265             249 / 267             249 / 267             249 / 267         threads
[320.322s][info][gc,stats    ] =========================================================================================================================================================
[322.125s][info][gc,start    ] GC(186) Garbage Collection (Allocation Rate)
[322.125s][info][gc,task     ] GC(186) Using 2 workers
[322.125s][info][gc,phases   ] GC(186) Pause Mark Start 0.014ms
[322.675s][info][gc,phases   ] GC(186) Concurrent Mark 549.673ms
[322.675s][info][gc,phases   ] GC(186) Pause Mark End 0.021ms
[322.675s][info][gc,phases   ] GC(186) Concurrent Mark Free 0.001ms
[322.685s][info][gc,phases   ] GC(186) Concurrent Process Non-Strong References 10.259ms
[322.685s][info][gc,phases   ] GC(186) Concurrent Reset Relocation Set 0.003ms
[322.722s][info][gc,phases   ] GC(186) Concurrent Select Relocation Set 36.722ms
[322.722s][info][gc,phases   ] GC(186) Pause Relocate Start 0.023ms
[322.901s][info][gc,phases   ] GC(186) Concurrent Relocate 177.979ms
[322.901s][info][gc,load     ] GC(186) Load: 0.00/0.00/0.00
[322.901s][info][gc,mmu      ] GC(186) MMU: 2ms/95.0%, 5ms/98.0%, 10ms/99.0%, 20ms/99.5%, 50ms/99.8%, 100ms/99.9%
[322.901s][info][gc,marking  ] GC(186) Mark: 2 stripe(s), 2 proactive flush(es), 1 terminate flush(es), 0 completion(s), 0 continuation(s) 
[322.901s][info][gc,marking  ] GC(186) Mark Stack Usage: 32M
[322.901s][info][gc,nmethod  ] GC(186) NMethods: 12773 registered, 773 unregistered
[322.901s][info][gc,metaspace] GC(186) Metaspace: 73M used, 74M committed, 1152M reserved
[322.901s][info][gc,ref      ] GC(186) Soft: 5944 encountered, 0 discovered, 0 enqueued
[322.901s][info][gc,ref      ] GC(186) Weak: 6697 encountered, 695 discovered, 91 enqueued
[322.901s][info][gc,ref      ] GC(186) Final: 53 encountered, 0 discovered, 0 enqueued
[322.901s][info][gc,ref      ] GC(186) Phantom: 588 encountered, 286 discovered, 0 enqueued
[322.901s][info][gc,reloc    ] GC(186) Small Pages: 2204 / 4408M, Empty: 2376M, Relocated: 136M, In-Place: 0
[322.901s][info][gc,reloc    ] GC(186) Medium Pages: 5 / 160M, Empty: 128M, Relocated: 0M, In-Place: 0
[322.901s][info][gc,reloc    ] GC(186) Large Pages: 30 / 212M, Empty: 160M, Relocated: 0M, In-Place: 0
[322.901s][info][gc,reloc    ] GC(186) Forwarding Usage: 118M
[322.901s][info][gc,heap     ] GC(186) Min Capacity: 8192M(100%)
[322.901s][info][gc,heap     ] GC(186) Max Capacity: 8192M(100%)
[322.901s][info][gc,heap     ] GC(186) Soft Max Capacity: 8192M(100%)
[322.901s][info][gc,heap     ] GC(186)                Mark Start          Mark End        Relocate Start      Relocate End           High               Low         
[322.901s][info][gc,heap     ] GC(186)  Capacity:     8192M (100%)       8192M (100%)       8192M (100%)       8192M (100%)       8192M (100%)       8192M (100%)   
[322.901s][info][gc,heap     ] GC(186)      Free:     3412M (42%)        3300M (40%)        5870M (72%)        7372M (90%)        7388M (90%)        3298M (40%)    
[322.901s][info][gc,heap     ] GC(186)      Used:     4780M (58%)        4892M (60%)        2322M (28%)         820M (10%)        4894M (60%)         804M (10%)    
[322.901s][info][gc,heap     ] GC(186)      Live:         -               370M (5%)          370M (5%)          370M (5%)             -                  -          
[322.901s][info][gc,heap     ] GC(186) Allocated:         -               112M (1%)          206M (3%)          412M (5%)             -                  -          
[322.901s][info][gc,heap     ] GC(186)   Garbage:         -              4409M (54%)        1745M (21%)          37M (0%)             -                  -          
[322.901s][info][gc,heap     ] GC(186) Reclaimed:         -                  -              2664M (33%)        4372M (53%)            -                  -          
[322.901s][info][gc          ] GC(186) Garbage Collection (Allocation Rate) 4780M(58%)->820M(10%)
[323.814s][info][gc,start    ] GC(187) Garbage Collection (Allocation Rate)
[323.814s][info][gc,task     ] GC(187) Using 2 workers
[323.814s][info][gc,phases   ] GC(187) Pause Mark Start 0.010ms
[324.157s][info][gc,phases   ] GC(187) Concurrent Mark 342.571ms
[324.157s][info][gc,phases   ] GC(187) Pause Mark End 0.025ms
[324.157s][info][gc,phases   ] GC(187) Concurrent Mark Free 0.001ms
[324.168s][info][gc,phases   ] GC(187) Concurrent Process Non-Strong References 10.975ms
[324.169s][info][gc,phases   ] GC(187) Concurrent Reset Relocation Set 0.085ms
[324.180s][info][gc,phases   ] GC(187) Concurrent Select Relocation Set 10.981ms
[324.180s][info][gc,phases   ] GC(187) Pause Relocate Start 0.010ms
[324.255s][info][gc,phases   ] GC(187) Concurrent Relocate 75.169ms
[324.255s][info][gc,load     ] GC(187) Load: 0.00/0.00/0.00
[324.255s][info][gc,mmu      ] GC(187) MMU: 2ms/95.0%, 5ms/98.0%, 10ms/99.0%, 20ms/99.5%, 50ms/99.8%, 100ms/99.9%
[324.255s][info][gc,marking  ] GC(187) Mark: 2 stripe(s), 2 proactive flush(es), 1 terminate flush(es), 0 completion(s), 0 continuation(s) 
[324.255s][info][gc,marking  ] GC(187) Mark Stack Usage: 32M
[324.255s][info][gc,nmethod  ] GC(187) NMethods: 12846 registered, 773 unregistered
[324.255s][info][gc,metaspace] GC(187) Metaspace: 73M used, 74M committed, 1152M reserved
[324.255s][info][gc,ref      ] GC(187) Soft: 5940 encountered, 0 discovered, 0 enqueued
[324.255s][info][gc,ref      ] GC(187) Weak: 6960 encountered, 1308 discovered, 362 enqueued
[324.255s][info][gc,ref      ] GC(187) Final: 53 encountered, 0 discovered, 0 enqueued
[324.255s][info][gc,ref      ] GC(187) Phantom: 588 encountered, 323 discovered, 0 enqueued
[324.255s][info][gc,reloc    ] GC(187) Small Pages: 1034 / 2068M, Empty: 1114M, Relocated: 55M, In-Place: 0
[324.255s][info][gc,reloc    ] GC(187) Medium Pages: 6 / 192M, Empty: 96M, Relocated: 16M, In-Place: 0
[324.255s][info][gc,reloc    ] GC(187) Large Pages: 24 / 160M, Empty: 154M, Relocated: 0M, In-Place: 0
[324.255s][info][gc,reloc    ] GC(187) Forwarding Usage: 50M
[324.255s][info][gc,heap     ] GC(187) Min Capacity: 8192M(100%)
[324.255s][info][gc,heap     ] GC(187) Max Capacity: 8192M(100%)
[324.255s][info][gc,heap     ] GC(187) Soft Max Capacity: 8192M(100%)
[324.255s][info][gc,heap     ] GC(187)                Mark Start          Mark End        Relocate Start      Relocate End           High               Low         
[324.255s][info][gc,heap     ] GC(187)  Capacity:     8192M (100%)       8192M (100%)       8192M (100%)       8192M (100%)       8192M (100%)       8192M (100%)   
[324.255s][info][gc,heap     ] GC(187)      Free:     5772M (70%)        5310M (65%)        6670M (81%)        7428M (91%)        7428M (91%)        5310M (65%)    
[324.255s][info][gc,heap     ] GC(187)      Used:     2420M (30%)        2882M (35%)        1522M (19%)         764M (9%)         2882M (35%)         764M (9%)     
[324.255s][info][gc,heap     ] GC(187)      Live:         -               254M (3%)          254M (3%)          254M (3%)             -                  -          
[324.255s][info][gc,heap     ] GC(187) Allocated:         -               462M (6%)          466M (6%)          466M (6%)             -                  -          
[324.255s][info][gc,heap     ] GC(187)   Garbage:         -              2165M (26%)         801M (10%)          43M (1%)             -                  -          
[324.255s][info][gc,heap     ] GC(187) Reclaimed:         -                  -              1364M (17%)        2122M (26%)            -                  -          
[324.255s][info][gc          ] GC(187) Garbage Collection (Allocation Rate) 2420M(30%)->764M(9%)
[324.742s][info][gc,start    ] GC(188) Garbage Collection (System.gc())
[324.742s][info][gc,task     ] GC(188) Using 2 workers
[324.742s][info][gc,phases   ] GC(188) Pause Mark Start 0.005ms
[324.883s][info][gc,phases   ] GC(188) Concurrent Mark 140.949ms
[324.883s][info][gc,phases   ] GC(188) Pause Mark End 0.034ms
[324.884s][info][gc,phases   ] GC(188) Concurrent Mark Free 0.002ms
[324.895s][info][gc,phases   ] GC(188) Concurrent Process Non-Strong References 11.476ms
[324.895s][info][gc,phases   ] GC(188) Concurrent Reset Relocation Set 0.041ms
[324.901s][info][gc,phases   ] GC(188) Concurrent Select Relocation Set 5.717ms
[324.901s][info][gc,phases   ] GC(188) Pause Relocate Start 0.008ms
[324.902s][info][gc,phases   ] GC(188) Concurrent Relocate 1.254ms
[324.903s][info][gc,load     ] GC(188) Load: 0.00/0.00/0.00
[324.903s][info][gc,mmu      ] GC(188) MMU: 2ms/95.0%, 5ms/98.0%, 10ms/99.0%, 20ms/99.5%, 50ms/99.8%, 100ms/99.9%
[324.903s][info][gc,marking  ] GC(188) Mark: 2 stripe(s), 1 proactive flush(es), 1 terminate flush(es), 0 completion(s), 0 continuation(s) 
[324.903s][info][gc,marking  ] GC(188) Mark Stack Usage: 32M
[324.903s][info][gc,nmethod  ] GC(188) NMethods: 12876 registered, 773 unregistered
[324.903s][info][gc,metaspace] GC(188) Metaspace: 73M used, 74M committed, 1152M reserved
[324.903s][info][gc,ref      ] GC(188) Soft: 5936 encountered, 0 discovered, 0 enqueued
[324.903s][info][gc,ref      ] GC(188) Weak: 6620 encountered, 871 discovered, 237 enqueued
[324.903s][info][gc,ref      ] GC(188) Final: 53 encountered, 4 discovered, 0 enqueued
[324.903s][info][gc,ref      ] GC(188) Phantom: 588 encountered, 357 discovered, 0 enqueued
[324.903s][info][gc,reloc    ] GC(188) Small Pages: 644 / 1288M, Empty: 1060M, Relocated: 1M, In-Place: 0
[324.903s][info][gc,reloc    ] GC(188) Medium Pages: 7 / 224M, Empty: 192M, Relocated: 0M, In-Place: 0
[324.903s][info][gc,reloc    ] GC(188) Large Pages: 21 / 126M, Empty: 126M, Relocated: 0M, In-Place: 0
[324.903s][info][gc,reloc    ] GC(188) Forwarding Usage: 0M
[324.903s][info][gc,heap     ] GC(188) Min Capacity: 8192M(100%)
[324.903s][info][gc,heap     ] GC(188) Max Capacity: 8192M(100%)
[324.903s][info][gc,heap     ] GC(188) Soft Max Capacity: 8192M(100%)
[324.903s][info][gc,heap     ] GC(188)                Mark Start          Mark End        Relocate Start      Relocate End           High               Low         
[324.903s][info][gc,heap     ] GC(188)  Capacity:     8192M (100%)       8192M (100%)       8192M (100%)       8192M (100%)       8192M (100%)       8192M (100%)   
[324.903s][info][gc,heap     ] GC(188)      Free:     6554M (80%)        6552M (80%)        7922M (97%)        7974M (97%)        7974M (97%)        6552M (80%)    
[324.903s][info][gc,heap     ] GC(188)      Used:     1638M (20%)        1640M (20%)         270M (3%)          218M (3%)         1640M (20%)         218M (3%)     
[324.903s][info][gc,heap     ] GC(188)      Live:         -               175M (2%)          175M (2%)          175M (2%)             -                  -          
[324.903s][info][gc,heap     ] GC(188) Allocated:         -                 2M (0%)           10M (0%)            9M (0%)             -                  -          
[324.903s][info][gc,heap     ] GC(188)   Garbage:         -              1462M (18%)          84M (1%)           32M (0%)             -                  -          
[324.903s][info][gc,heap     ] GC(188) Reclaimed:         -                  -              1378M (17%)        1429M (17%)            -                  -          
[324.903s][info][gc          ] GC(188) Garbage Collection (System.gc()) 1638M(20%)->218M(3%)
[327.124s][info][gc,start    ] GC(189) Garbage Collection (Allocation Rate)
[327.124s][info][gc,task     ] GC(189) Using 2 workers
[327.124s][info][gc,phases   ] GC(189) Pause Mark Start 0.006ms
[327.770s][info][gc,phases   ] GC(189) Concurrent Mark 645.819ms
[327.770s][info][gc,phases   ] GC(189) Pause Mark End 0.025ms
[327.770s][info][gc,phases   ] GC(189) Concurrent Mark Free 0.001ms
[327.782s][info][gc,phases   ] GC(189) Concurrent Process Non-Strong References 11.796ms
[327.782s][info][gc,phases   ] GC(189) Concurrent Reset Relocation Set 0.004ms
[327.815s][info][gc,phases   ] GC(189) Concurrent Select Relocation Set 33.037ms
[327.815s][info][gc,phases   ] GC(189) Pause Relocate Start 0.012ms
[328.033s][info][gc,phases   ] GC(189) Concurrent Relocate 217.912ms
[328.033s][info][gc,load     ] GC(189) Load: 0.00/0.00/0.00
[328.033s][info][gc,mmu      ] GC(189) MMU: 2ms/95.0%, 5ms/98.0%, 10ms/99.0%, 20ms/99.5%, 50ms/99.8%, 100ms/99.9%
[328.033s][info][gc,marking  ] GC(189) Mark: 2 stripe(s), 2 proactive flush(es), 1 terminate flush(es), 0 completion(s), 0 continuation(s) 
[328.033s][info][gc,marking  ] GC(189) Mark Stack Usage: 32M
[328.033s][info][gc,nmethod  ] GC(189) NMethods: 12885 registered, 773 unregistered
[328.033s][info][gc,metaspace] GC(189) Metaspace: 73M used, 74M committed, 1152M reserved
[328.033s][info][gc,ref      ] GC(189) Soft: 5944 encountered, 0 discovered, 0 enqueued
[328.033s][info][gc,ref      ] GC(189) Weak: 6703 encountered, 809 discovered, 23 enqueued
[328.033s][info][gc,ref      ] GC(189) Final: 53 encountered, 4 discovered, 0 enqueued
[328.033s][info][gc,ref      ] GC(189) Phantom: 588 encountered, 338 discovered, 0 enqueued
[328.033s][info][gc,reloc    ] GC(189) Small Pages: 2190 / 4380M, Empty: 2128M, Relocated: 187M, In-Place: 0
[328.033s][info][gc,reloc    ] GC(189) Medium Pages: 5 / 160M, Empty: 128M, Relocated: 0M, In-Place: 0
[328.033s][info][gc,reloc    ] GC(189) Large Pages: 30 / 212M, Empty: 148M, Relocated: 0M, In-Place: 0
[328.033s][info][gc,reloc    ] GC(189) Forwarding Usage: 144M
[328.033s][info][gc,heap     ] GC(189) Min Capacity: 8192M(100%)
[328.033s][info][gc,heap     ] GC(189) Max Capacity: 8192M(100%)
[328.033s][info][gc,heap     ] GC(189) Soft Max Capacity: 8192M(100%)
[328.033s][info][gc,heap     ] GC(189)                Mark Start          Mark End        Relocate Start      Relocate End           High               Low         
[328.033s][info][gc,heap     ] GC(189)  Capacity:     8192M (100%)       8192M (100%)       8192M (100%)       8192M (100%)       8192M (100%)       8192M (100%)   
[328.033s][info][gc,heap     ] GC(189)      Free:     3440M (42%)        3168M (39%)        5518M (67%)        7110M (87%)        7148M (87%)        3150M (38%)    
[328.033s][info][gc,heap     ] GC(189)      Used:     4752M (58%)        5024M (61%)        2674M (33%)        1082M (13%)        5042M (62%)        1044M (13%)    
[328.033s][info][gc,heap     ] GC(189)      Live:         -               430M (5%)          430M (5%)          430M (5%)             -                  -          
[328.033s][info][gc,heap     ] GC(189) Allocated:         -               272M (3%)          326M (4%)          617M (8%)             -                  -          
[328.033s][info][gc,heap     ] GC(189)   Garbage:         -              4321M (53%)        1917M (23%)          34M (0%)             -                  -          
[328.033s][info][gc,heap     ] GC(189) Reclaimed:         -                  -              2404M (29%)        4287M (52%)            -                  -          
[328.033s][info][gc          ] GC(189) Garbage Collection (Allocation Rate) 4752M(58%)->1082M(13%)
[328.118s][info][gc,start    ] GC(190) Garbage Collection (Allocation Rate)
[328.118s][info][gc,task     ] GC(190) Using 2 workers
[328.119s][info][gc,phases   ] GC(190) Pause Mark Start 0.007ms
[328.349s][info][gc,phases   ] GC(190) Concurrent Mark 230.813ms
[328.350s][info][gc,phases   ] GC(190) Pause Mark End 0.026ms
[328.350s][info][gc,phases   ] GC(190) Concurrent Mark Free 0.001ms
[328.361s][info][gc,phases   ] GC(190) Concurrent Process Non-Strong References 11.534ms
[328.361s][info][gc,phases   ] GC(190) Concurrent Reset Relocation Set 0.098ms
[328.374s][info][gc,phases   ] GC(190) Concurrent Select Relocation Set 12.253ms
[328.374s][info][gc,phases   ] GC(190) Pause Relocate Start 0.010ms
[328.407s][info][gc,phases   ] GC(190) Concurrent Relocate 32.738ms
[328.407s][info][gc,load     ] GC(190) Load: 0.00/0.00/0.00
[328.407s][info][gc,mmu      ] GC(190) MMU: 2ms/95.0%, 5ms/98.0%, 10ms/99.0%, 20ms/99.5%, 50ms/99.8%, 100ms/99.9%
[328.407s][info][gc,marking  ] GC(190) Mark: 2 stripe(s), 2 proactive flush(es), 1 terminate flush(es), 0 completion(s), 0 continuation(s) 
[328.407s][info][gc,marking  ] GC(190) Mark Stack Usage: 32M
[328.407s][info][gc,nmethod  ] GC(190) NMethods: 12893 registered, 773 unregistered
[328.407s][info][gc,metaspace] GC(190) Metaspace: 73M used, 74M committed, 1152M reserved
[328.407s][info][gc,ref      ] GC(190) Soft: 5940 encountered, 0 discovered, 0 enqueued
[328.407s][info][gc,ref      ] GC(190) Weak: 6823 encountered, 1298 discovered, 220 enqueued
[328.407s][info][gc,ref      ] GC(190) Final: 53 encountered, 4 discovered, 0 enqueued
[328.407s][info][gc,ref      ] GC(190) Phantom: 590 encountered, 516 discovered, 0 enqueued
[328.407s][info][gc,reloc    ] GC(190) Small Pages: 464 / 928M, Empty: 510M, Relocated: 25M, In-Place: 0
[328.407s][info][gc,reloc    ] GC(190) Medium Pages: 4 / 128M, Empty: 96M, Relocated: 0M, In-Place: 0
[328.407s][info][gc,reloc    ] GC(190) Large Pages: 18 / 124M, Empty: 100M, Relocated: 0M, In-Place: 0
[328.407s][info][gc,reloc    ] GC(190) Forwarding Usage: 25M
[328.407s][info][gc,heap     ] GC(190) Min Capacity: 8192M(100%)
[328.407s][info][gc,heap     ] GC(190) Max Capacity: 8192M(100%)
[328.407s][info][gc,heap     ] GC(190) Soft Max Capacity: 8192M(100%)
[328.407s][info][gc,heap     ] GC(190)                Mark Start          Mark End        Relocate Start      Relocate End           High               Low         
[328.407s][info][gc,heap     ] GC(190)  Capacity:     8192M (100%)       8192M (100%)       8192M (100%)       8192M (100%)       8192M (100%)       8192M (100%)   
[328.407s][info][gc,heap     ] GC(190)      Free:     7012M (86%)        6648M (81%)        7338M (90%)        7528M (92%)        7528M (92%)        6638M (81%)    
[328.407s][info][gc,heap     ] GC(190)      Used:     1180M (14%)        1544M (19%)         854M (10%)         664M (8%)         1554M (19%)         664M (8%)     
[328.407s][info][gc,heap     ] GC(190)      Live:         -               222M (3%)          222M (3%)          222M (3%)             -                  -          
[328.407s][info][gc,heap     ] GC(190) Allocated:         -               364M (4%)          380M (5%)          409M (5%)             -                  -          
[328.407s][info][gc,heap     ] GC(190)   Garbage:         -               957M (12%)         251M (3%)           31M (0%)             -                  -          
[328.407s][info][gc,heap     ] GC(190) Reclaimed:         -                  -               706M (9%)          925M (11%)            -                  -          
[328.407s][info][gc          ] GC(190) Garbage Collection (Allocation Rate) 1180M(14%)->664M(8%)
[329.532s][info][gc,start    ] GC(191) Garbage Collection (System.gc())
[329.532s][info][gc,task     ] GC(191) Using 2 workers
[329.532s][info][gc,phases   ] GC(191) Pause Mark Start 0.007ms
[329.690s][info][gc,phases   ] GC(191) Concurrent Mark 157.881ms
[329.690s][info][gc,phases   ] GC(191) Pause Mark End 0.026ms
[329.690s][info][gc,phases   ] GC(191) Concurrent Mark Free 0.002ms
[329.703s][info][gc,phases   ] GC(191) Concurrent Process Non-Strong References 12.866ms
[329.703s][info][gc,phases   ] GC(191) Concurrent Reset Relocation Set 0.009ms
[329.706s][info][gc,phases   ] GC(191) Concurrent Select Relocation Set 3.258ms
[329.706s][info][gc,phases   ] GC(191) Pause Relocate Start 0.009ms
[329.708s][info][gc,phases   ] GC(191) Concurrent Relocate 1.052ms
[329.708s][info][gc,load     ] GC(191) Load: 0.00/0.00/0.00
[329.708s][info][gc,mmu      ] GC(191) MMU: 2ms/95.0%, 5ms/98.0%, 10ms/99.0%, 20ms/99.5%, 50ms/99.8%, 100ms/99.9%
[329.708s][info][gc,marking  ] GC(191) Mark: 2 stripe(s), 2 proactive flush(es), 1 terminate flush(es), 0 completion(s), 0 continuation(s) 
[329.708s][info][gc,marking  ] GC(191) Mark Stack Usage: 32M
[329.708s][info][gc,nmethod  ] GC(191) NMethods: 12900 registered, 773 unregistered
[329.708s][info][gc,metaspace] GC(191) Metaspace: 73M used, 74M committed, 1152M reserved
[329.708s][info][gc,ref      ] GC(191) Soft: 5936 encountered, 0 discovered, 0 enqueued
[329.708s][info][gc,ref      ] GC(191) Weak: 6767 encountered, 1215 discovered, 381 enqueued
[329.708s][info][gc,ref      ] GC(191) Final: 53 encountered, 4 discovered, 0 enqueued
[329.708s][info][gc,ref      ] GC(191) Phantom: 589 encountered, 287 discovered, 0 enqueued
[329.708s][info][gc,reloc    ] GC(191) Small Pages: 1234 / 2468M, Empty: 2216M, Relocated: 1M, In-Place: 0
[329.708s][info][gc,reloc    ] GC(191) Medium Pages: 9 / 288M, Empty: 256M, Relocated: 0M, In-Place: 0
[329.708s][info][gc,reloc    ] GC(191) Large Pages: 35 / 210M, Empty: 210M, Relocated: 0M, In-Place: 0
[329.708s][info][gc,reloc    ] GC(191) Forwarding Usage: 0M
[329.708s][info][gc,heap     ] GC(191) Min Capacity: 8192M(100%)
[329.708s][info][gc,heap     ] GC(191) Max Capacity: 8192M(100%)
[329.708s][info][gc,heap     ] GC(191) Soft Max Capacity: 8192M(100%)
[329.708s][info][gc,heap     ] GC(191)                Mark Start          Mark End        Relocate Start      Relocate End           High               Low         
[329.708s][info][gc,heap     ] GC(191)  Capacity:     8192M (100%)       8192M (100%)       8192M (100%)       8192M (100%)       8192M (100%)       8192M (100%)   
[329.708s][info][gc,heap     ] GC(191)      Free:     5226M (64%)        5224M (64%)        7898M (96%)        7974M (97%)        7974M (97%)        5224M (64%)    
[329.708s][info][gc,heap     ] GC(191)      Used:     2966M (36%)        2968M (36%)         294M (4%)          218M (3%)         2968M (36%)         218M (3%)     
[329.708s][info][gc,heap     ] GC(191)      Live:         -               175M (2%)          175M (2%)          175M (2%)             -                  -          
[329.708s][info][gc,heap     ] GC(191) Allocated:         -                 2M (0%)           10M (0%)            9M (0%)             -                  -          
[329.708s][info][gc,heap     ] GC(191)   Garbage:         -              2790M (34%)         108M (1%)           32M (0%)             -                  -          
[329.708s][info][gc,heap     ] GC(191) Reclaimed:         -                  -              2682M (33%)        2757M (34%)            -                  -          
[329.708s][info][gc          ] GC(191) Garbage Collection (System.gc()) 2966M(36%)->218M(3%)
[330.329s][info][gc,stats    ] === Garbage Collection Statistics =======================================================================================================================
[330.329s][info][gc,stats    ]                                                              Last 10s              Last 10m              Last 10h                Total
[330.329s][info][gc,stats    ]                                                              Avg / Max             Avg / Max             Avg / Max             Avg / Max
[330.329s][info][gc,stats    ]   Collector: Garbage Collection Cycle                    458.544 / 909.509     426.146 / 983.217     426.146 / 983.217     426.146 / 983.217     ms
[330.329s][info][gc,stats    ]  Contention: Mark Segment Reset Contention                     3 / 17                3 / 36                3 / 36                3 / 36          ops/s
[330.329s][info][gc,stats    ]  Contention: Mark SeqNum Reset Contention                      0 / 0                 0 / 2                 0 / 2                 0 / 2           ops/s
[330.329s][info][gc,stats    ]    Critical: Allocation Stall                                  0 / 0                 0 / 0                 0 / 0                 0 / 0           ops/s
[330.329s][info][gc,stats    ]    Critical: Allocation Stall                              0.000 / 0.000         0.000 / 0.000         0.000 / 0.000         0.000 / 0.000       ms
[330.329s][info][gc,stats    ]    Critical: GC Locker Stall                                   0 / 0                 0 / 0                 0 / 0                 0 / 0           ops/s
[330.329s][info][gc,stats    ]    Critical: GC Locker Stall                               0.000 / 0.000         0.000 / 0.000         0.000 / 0.000         0.000 / 0.000       ms
[330.329s][info][gc,stats    ]    Critical: Relocation Stall                                  0 / 0                 0 / 0                 0 / 0                 0 / 0           ops/s
[330.329s][info][gc,stats    ]    Critical: Relocation Stall                              0.000 / 0.000         0.000 / 0.000         0.000 / 0.000         0.000 / 0.000       ms
[330.329s][info][gc,stats    ]      Memory: Allocation Rate                                1644 / 2352           1598 / 3876           1598 / 3876           1598 / 3876        MB/s
[330.329s][info][gc,stats    ]      Memory: Out Of Memory                                     0 / 0                 0 / 0                 0 / 0                 0 / 0           ops/s
[330.329s][info][gc,stats    ]      Memory: Page Cache Flush                                  0 / 0                 0 / 0                 0 / 0                 0 / 0           MB/s
[330.329s][info][gc,stats    ]      Memory: Page Cache Hit L1                               765 / 1125            734 / 1729            734 / 1729            734 / 1729        ops/s
[330.329s][info][gc,stats    ]      Memory: Page Cache Hit L2                                 0 / 0                 0 / 0                 0 / 0                 0 / 0           ops/s
[330.329s][info][gc,stats    ]      Memory: Page Cache Hit L3                                 0 / 0                 7 / 527               7 / 527               7 / 527         ops/s
[330.329s][info][gc,stats    ]      Memory: Page Cache Miss                                   0 / 0                 0 / 1                 0 / 1                 0 / 1           ops/s
[330.329s][info][gc,stats    ]      Memory: Uncommit                                          0 / 0                 0 / 0                 0 / 0                 0 / 0           MB/s
[330.329s][info][gc,stats    ]      Memory: Undo Object Allocation Failed                     0 / 0                 0 / 1                 0 / 1                 0 / 1           ops/s
[330.329s][info][gc,stats    ]      Memory: Undo Object Allocation Succeeded                  1 / 11                4 / 101               4 / 101               4 / 101         ops/s
[330.329s][info][gc,stats    ]      Memory: Undo Page Allocation                              0 / 1                 0 / 2                 0 / 2                 0 / 2           ops/s
[330.329s][info][gc,stats    ]       Phase: Concurrent Mark                             344.618 / 645.819     325.048 / 972.666     325.048 / 972.666     325.048 / 972.666     ms
[330.329s][info][gc,stats    ]       Phase: Concurrent Mark Continue                      0.000 / 0.000         0.000 / 0.000         0.000 / 0.000         0.000 / 0.000       ms
[330.329s][info][gc,stats    ]       Phase: Concurrent Mark Free                          0.001 / 0.002         0.004 / 0.317         0.004 / 0.317         0.004 / 0.317       ms
[330.329s][info][gc,stats    ]       Phase: Concurrent Process Non-Strong References     11.484 / 12.866       10.222 / 15.785       10.222 / 15.785       10.222 / 15.785      ms
[330.329s][info][gc,stats    ]       Phase: Concurrent Relocate                          84.351 / 217.912      75.067 / 226.884      75.067 / 226.884      75.067 / 226.884     ms
[330.329s][info][gc,stats    ]       Phase: Concurrent Reset Relocation Set               0.040 / 0.098         0.039 / 0.139         0.039 / 0.139         0.039 / 0.139       ms
[330.329s][info][gc,stats    ]       Phase: Concurrent Select Relocation Set             16.995 / 36.722       14.630 / 41.971       14.630 / 41.971       14.630 / 41.971      ms
[330.329s][info][gc,stats    ]       Phase: Pause Mark End                                0.026 / 0.034         0.027 / 0.101         0.027 / 0.101         0.027 / 0.101       ms
[330.329s][info][gc,stats    ]       Phase: Pause Mark Start                              0.008 / 0.014         0.007 / 0.014         0.007 / 0.014         0.007 / 0.014       ms
[330.329s][info][gc,stats    ]       Phase: Pause Relocate Start                          0.012 / 0.023         0.012 / 0.032         0.012 / 0.032         0.012 / 0.032       ms
[330.329s][info][gc,stats    ]    Subphase: Concurrent Classes Purge                      0.485 / 0.628         0.420 / 0.716         0.420 / 0.716         0.420 / 0.716       ms
[330.329s][info][gc,stats    ]    Subphase: Concurrent Classes Unlink                     9.860 / 10.890        8.670 / 12.957        8.670 / 12.957        8.670 / 12.957      ms
[330.329s][info][gc,stats    ]    Subphase: Concurrent Mark                             337.656 / 642.253     316.762 / 969.741     316.762 / 969.741     316.762 / 969.741     ms
[330.329s][info][gc,stats    ]    Subphase: Concurrent Mark Try Flush                     0.291 / 1.186         0.237 / 15.555        0.237 / 15.555        0.237 / 15.555      ms
[330.329s][info][gc,stats    ]    Subphase: Concurrent Mark Try Terminate                 2.954 / 14.387        4.447 / 16.632        4.447 / 16.632        4.447 / 16.632      ms
[330.329s][info][gc,stats    ]    Subphase: Concurrent References Enqueue                 0.005 / 0.007         0.005 / 0.008         0.005 / 0.008         0.005 / 0.008       ms
[330.329s][info][gc,stats    ]    Subphase: Concurrent References Process                 0.189 / 0.311         0.191 / 0.610         0.191 / 0.610         0.191 / 0.610       ms
[330.329s][info][gc,stats    ]    Subphase: Concurrent Roots ClassLoaderDataGraph         0.110 / 0.240         0.119 / 0.376         0.119 / 0.376         0.119 / 0.376       ms
[330.329s][info][gc,stats    ]    Subphase: Concurrent Roots CodeCache                    0.000 / 0.000         0.000 / 0.000         0.000 / 0.000         0.000 / 0.000       ms
[330.329s][info][gc,stats    ]    Subphase: Concurrent Roots JavaThreads                  2.968 / 3.281         3.984 / 8.610         3.984 / 8.610         3.984 / 8.610       ms
[330.329s][info][gc,stats    ]    Subphase: Concurrent Roots OopStorageSet                0.048 / 0.066         0.047 / 0.142         0.047 / 0.142         0.047 / 0.142       ms
[330.329s][info][gc,stats    ]    Subphase: Concurrent Weak Roots OopStorageSet           0.632 / 0.921         0.597 / 1.117         0.597 / 1.117         0.597 / 1.117       ms
[330.329s][info][gc,stats    ]    Subphase: Pause Mark Try Complete                       0.000 / 0.000         0.009 / 0.024         0.009 / 0.024         0.009 / 0.024       ms
[330.329s][info][gc,stats    ]      System: Java Threads                                    263 / 265             250 / 267             250 / 267             250 / 267         threads
[330.329s][info][gc,stats    ] =========================================================================================================================================================
[331.919s][info][gc,start    ] GC(192) Garbage Collection (Allocation Rate)
[331.919s][info][gc,task     ] GC(192) Using 2 workers
[331.919s][info][gc,phases   ] GC(192) Pause Mark Start 0.007ms
[332.531s][info][gc,phases   ] GC(192) Concurrent Mark 612.412ms
[332.532s][info][gc,phases   ] GC(192) Pause Mark End 0.022ms
[332.532s][info][gc,phases   ] GC(192) Concurrent Mark Free 0.001ms
[332.543s][info][gc,phases   ] GC(192) Concurrent Process Non-Strong References 11.187ms
[332.543s][info][gc,phases   ] GC(192) Concurrent Reset Relocation Set 0.003ms
[332.577s][info][gc,phases   ] GC(192) Concurrent Select Relocation Set 33.712ms
[332.577s][info][gc,phases   ] GC(192) Pause Relocate Start 0.018ms
[332.786s][info][gc,phases   ] GC(192) Concurrent Relocate 208.869ms
[332.786s][info][gc,load     ] GC(192) Load: 0.00/0.00/0.00
[332.786s][info][gc,mmu      ] GC(192) MMU: 2ms/95.0%, 5ms/98.0%, 10ms/99.0%, 20ms/99.5%, 50ms/99.8%, 100ms/99.9%
[332.786s][info][gc,marking  ] GC(192) Mark: 2 stripe(s), 2 proactive flush(es), 1 terminate flush(es), 0 completion(s), 0 continuation(s) 
[332.786s][info][gc,marking  ] GC(192) Mark Stack Usage: 32M
[332.786s][info][gc,nmethod  ] GC(192) NMethods: 12905 registered, 773 unregistered
[332.786s][info][gc,metaspace] GC(192) Metaspace: 73M used, 74M committed, 1152M reserved
[332.786s][info][gc,ref      ] GC(192) Soft: 5944 encountered, 0 discovered, 0 enqueued
[332.786s][info][gc,ref      ] GC(192) Weak: 6706 encountered, 646 discovered, 90 enqueued
[332.786s][info][gc,ref      ] GC(192) Final: 53 encountered, 0 discovered, 0 enqueued
[332.786s][info][gc,ref      ] GC(192) Phantom: 589 encountered, 289 discovered, 0 enqueued
[332.786s][info][gc,reloc    ] GC(192) Small Pages: 2168 / 4336M, Empty: 2130M, Relocated: 185M, In-Place: 0
[332.786s][info][gc,reloc    ] GC(192) Medium Pages: 5 / 160M, Empty: 128M, Relocated: 0M, In-Place: 0
[332.786s][info][gc,reloc    ] GC(192) Large Pages: 30 / 212M, Empty: 148M, Relocated: 0M, In-Place: 0
[332.786s][info][gc,reloc    ] GC(192) Forwarding Usage: 140M
[332.786s][info][gc,heap     ] GC(192) Min Capacity: 8192M(100%)
[332.786s][info][gc,heap     ] GC(192) Max Capacity: 8192M(100%)
[332.786s][info][gc,heap     ] GC(192) Soft Max Capacity: 8192M(100%)
[332.786s][info][gc,heap     ] GC(192)                Mark Start          Mark End        Relocate Start      Relocate End           High               Low         
[332.786s][info][gc,heap     ] GC(192)  Capacity:     8192M (100%)       8192M (100%)       8192M (100%)       8192M (100%)       8192M (100%)       8192M (100%)   
[332.786s][info][gc,heap     ] GC(192)      Free:     3484M (43%)        3294M (40%)        5588M (68%)        7192M (88%)        7192M (88%)        3284M (40%)    
[332.786s][info][gc,heap     ] GC(192)      Used:     4708M (57%)        4898M (60%)        2604M (32%)        1000M (12%)        4908M (60%)        1000M (12%)    
[332.786s][info][gc,heap     ] GC(192)      Live:         -               428M (5%)          428M (5%)          428M (5%)             -                  -          
[332.786s][info][gc,heap     ] GC(192) Allocated:         -               190M (2%)          302M (4%)          535M (7%)             -                  -          
[332.786s][info][gc,heap     ] GC(192)   Garbage:         -              4279M (52%)        1873M (23%)          35M (0%)             -                  -          
[332.786s][info][gc,heap     ] GC(192) Reclaimed:         -                  -              2406M (29%)        4243M (52%)            -                  -          
[332.786s][info][gc          ] GC(192) Garbage Collection (Allocation Rate) 4708M(57%)->1000M(12%)
[332.813s][info][gc,start    ] GC(193) Garbage Collection (Allocation Rate)
[332.814s][info][gc,task     ] GC(193) Using 2 workers
[332.814s][info][gc,phases   ] GC(193) Pause Mark Start 0.010ms
[332.987s][info][gc,phases   ] GC(193) Concurrent Mark 173.571ms
[332.987s][info][gc,phases   ] GC(193) Pause Mark End 0.020ms
[332.988s][info][gc,phases   ] GC(193) Concurrent Mark Free 0.001ms
[333.001s][info][gc,phases   ] GC(193) Concurrent Process Non-Strong References 13.085ms
[333.001s][info][gc,phases   ] GC(193) Concurrent Reset Relocation Set 0.112ms
[333.011s][info][gc,phases   ] GC(193) Concurrent Select Relocation Set 10.565ms
[333.012s][info][gc,phases   ] GC(193) Pause Relocate Start 0.017ms
[333.027s][info][gc,phases   ] GC(193) Concurrent Relocate 14.952ms
[333.027s][info][gc,load     ] GC(193) Load: 0.00/0.00/0.00
[333.027s][info][gc,mmu      ] GC(193) MMU: 2ms/95.0%, 5ms/98.0%, 10ms/99.0%, 20ms/99.5%, 50ms/99.8%, 100ms/99.9%
[333.027s][info][gc,marking  ] GC(193) Mark: 2 stripe(s), 6 proactive flush(es), 1 terminate flush(es), 0 completion(s), 0 continuation(s) 
[333.027s][info][gc,marking  ] GC(193) Mark Stack Usage: 32M
[333.027s][info][gc,nmethod  ] GC(193) NMethods: 12906 registered, 773 unregistered
[333.027s][info][gc,metaspace] GC(193) Metaspace: 73M used, 74M committed, 1152M reserved
[333.027s][info][gc,ref      ] GC(193) Soft: 5940 encountered, 0 discovered, 0 enqueued
[333.027s][info][gc,ref      ] GC(193) Weak: 6837 encountered, 857 discovered, 280 enqueued
[333.027s][info][gc,ref      ] GC(193) Final: 53 encountered, 4 discovered, 0 enqueued
[333.027s][info][gc,ref      ] GC(193) Phantom: 589 encountered, 339 discovered, 0 enqueued
[333.027s][info][gc,reloc    ] GC(193) Small Pages: 439 / 878M, Empty: 566M, Relocated: 10M, In-Place: 0
[333.027s][info][gc,reloc    ] GC(193) Medium Pages: 4 / 128M, Empty: 32M, Relocated: 21M, In-Place: 0
[333.027s][info][gc,reloc    ] GC(193) Large Pages: 14 / 100M, Empty: 100M, Relocated: 0M, In-Place: 0
[333.027s][info][gc,reloc    ] GC(193) Forwarding Usage: 10M
[333.027s][info][gc,heap     ] GC(193) Min Capacity: 8192M(100%)
[333.027s][info][gc,heap     ] GC(193) Max Capacity: 8192M(100%)
[333.027s][info][gc,heap     ] GC(193) Soft Max Capacity: 8192M(100%)
[333.027s][info][gc,heap     ] GC(193)                Mark Start          Mark End        Relocate Start      Relocate End           High               Low         
[333.027s][info][gc,heap     ] GC(193)  Capacity:     8192M (100%)       8192M (100%)       8192M (100%)       8192M (100%)       8192M (100%)       8192M (100%)   
[333.027s][info][gc,heap     ] GC(193)      Free:     7086M (86%)        6786M (83%)        7432M (91%)        7604M (93%)        7606M (93%)        6744M (82%)    
[333.027s][info][gc,heap     ] GC(193)      Used:     1106M (14%)        1406M (17%)         760M (9%)          588M (7%)         1448M (18%)         586M (7%)     
[333.027s][info][gc,heap     ] GC(193)      Live:         -               194M (2%)          194M (2%)          194M (2%)             -                  -          
[333.027s][info][gc,heap     ] GC(193) Allocated:         -               300M (4%)          352M (4%)          372M (5%)             -                  -          
[333.027s][info][gc,heap     ] GC(193)   Garbage:         -               911M (11%)         213M (3%)           21M (0%)             -                  -          
[333.027s][info][gc,heap     ] GC(193) Reclaimed:         -                  -               698M (9%)          890M (11%)            -                  -          
[333.027s][info][gc          ] GC(193) Garbage Collection (Allocation Rate) 1106M(14%)->588M(7%)
[334.319s][info][gc,start    ] GC(194) Garbage Collection (System.gc())
[334.319s][info][gc,task     ] GC(194) Using 2 workers
[334.319s][info][gc,phases   ] GC(194) Pause Mark Start 0.005ms
[334.453s][info][gc,phases   ] GC(194) Concurrent Mark 133.951ms
[334.454s][info][gc,phases   ] GC(194) Pause Mark End 0.012ms
[334.454s][info][gc,phases   ] GC(194) Concurrent Mark Free 0.001ms
[334.465s][info][gc,phases   ] GC(194) Concurrent Process Non-Strong References 11.501ms
[334.465s][info][gc,phases   ] GC(194) Concurrent Reset Relocation Set 0.005ms
[334.468s][info][gc,phases   ] GC(194) Concurrent Select Relocation Set 2.335ms
[334.468s][info][gc,phases   ] GC(194) Pause Relocate Start 0.008ms
[334.469s][info][gc,phases   ] GC(194) Concurrent Relocate 1.312ms
[334.469s][info][gc,load     ] GC(194) Load: 0.00/0.00/0.00
[334.469s][info][gc,mmu      ] GC(194) MMU: 2ms/95.0%, 5ms/98.0%, 10ms/99.0%, 20ms/99.5%, 50ms/99.8%, 100ms/99.9%
[334.469s][info][gc,marking  ] GC(194) Mark: 2 stripe(s), 2 proactive flush(es), 1 terminate flush(es), 0 completion(s), 0 continuation(s) 
[334.469s][info][gc,marking  ] GC(194) Mark Stack Usage: 32M
[334.469s][info][gc,nmethod  ] GC(194) NMethods: 12909 registered, 773 unregistered
[334.469s][info][gc,metaspace] GC(194) Metaspace: 73M used, 74M committed, 1152M reserved
[334.469s][info][gc,ref      ] GC(194) Soft: 5936 encountered, 0 discovered, 0 enqueued
[334.469s][info][gc,ref      ] GC(194) Weak: 6771 encountered, 1171 discovered, 381 enqueued
[334.469s][info][gc,ref      ] GC(194) Final: 53 encountered, 4 discovered, 0 enqueued
[334.469s][info][gc,ref      ] GC(194) Phantom: 588 encountered, 504 discovered, 0 enqueued
[334.469s][info][gc,reloc    ] GC(194) Small Pages: 1278 / 2556M, Empty: 2310M, Relocated: 1M, In-Place: 0
[334.469s][info][gc,reloc    ] GC(194) Medium Pages: 9 / 288M, Empty: 256M, Relocated: 0M, In-Place: 0
[334.469s][info][gc,reloc    ] GC(194) Large Pages: 36 / 216M, Empty: 216M, Relocated: 0M, In-Place: 0
[334.469s][info][gc,reloc    ] GC(194) Forwarding Usage: 0M
[334.469s][info][gc,heap     ] GC(194) Min Capacity: 8192M(100%)
[334.469s][info][gc,heap     ] GC(194) Max Capacity: 8192M(100%)
[334.469s][info][gc,heap     ] GC(194) Soft Max Capacity: 8192M(100%)
[334.469s][info][gc,heap     ] GC(194)                Mark Start          Mark End        Relocate Start      Relocate End           High               Low         
[334.469s][info][gc,heap     ] GC(194)  Capacity:     8192M (100%)       8192M (100%)       8192M (100%)       8192M (100%)       8192M (100%)       8192M (100%)   
[334.469s][info][gc,heap     ] GC(194)      Free:     5132M (63%)        5130M (63%)        7904M (96%)        7974M (97%)        7974M (97%)        5130M (63%)    
[334.469s][info][gc,heap     ] GC(194)      Used:     3060M (37%)        3062M (37%)         288M (4%)          218M (3%)         3062M (37%)         218M (3%)     
[334.469s][info][gc,heap     ] GC(194)      Live:         -               175M (2%)          175M (2%)          175M (2%)             -                  -          
[334.469s][info][gc,heap     ] GC(194) Allocated:         -                 2M (0%)           10M (0%)            9M (0%)             -                  -          
[334.469s][info][gc,heap     ] GC(194)   Garbage:         -              2884M (35%)         102M (1%)           32M (0%)             -                  -          
[334.469s][info][gc,heap     ] GC(194) Reclaimed:         -                  -              2782M (34%)        2851M (35%)            -                  -          
[334.469s][info][gc          ] GC(194) Garbage Collection (System.gc()) 3060M(37%)->218M(3%)
[336.722s][info][gc,start    ] GC(195) Garbage Collection (Allocation Rate)
[336.722s][info][gc,task     ] GC(195) Using 2 workers
[336.722s][info][gc,phases   ] GC(195) Pause Mark Start 0.006ms
[337.224s][info][gc,phases   ] GC(195) Concurrent Mark 502.017ms
[337.224s][info][gc,phases   ] GC(195) Pause Mark End 0.030ms
[337.224s][info][gc,phases   ] GC(195) Concurrent Mark Free 0.001ms
[337.235s][info][gc,phases   ] GC(195) Concurrent Process Non-Strong References 10.869ms
[337.235s][info][gc,phases   ] GC(195) Concurrent Reset Relocation Set 0.003ms
[337.267s][info][gc,phases   ] GC(195) Concurrent Select Relocation Set 31.563ms
[337.267s][info][gc,phases   ] GC(195) Pause Relocate Start 0.032ms
[337.416s][info][gc,phases   ] GC(195) Concurrent Relocate 148.333ms
[337.416s][info][gc,load     ] GC(195) Load: 0.00/0.00/0.00
[337.416s][info][gc,mmu      ] GC(195) MMU: 2ms/95.0%, 5ms/98.0%, 10ms/99.0%, 20ms/99.5%, 50ms/99.8%, 100ms/99.9%
[337.416s][info][gc,marking  ] GC(195) Mark: 2 stripe(s), 2 proactive flush(es), 1 terminate flush(es), 0 completion(s), 0 continuation(s) 
[337.416s][info][gc,marking  ] GC(195) Mark Stack Usage: 32M
[337.416s][info][gc,nmethod  ] GC(195) NMethods: 12920 registered, 773 unregistered
[337.416s][info][gc,metaspace] GC(195) Metaspace: 73M used, 74M committed, 1152M reserved
[337.416s][info][gc,ref      ] GC(195) Soft: 5944 encountered, 0 discovered, 0 enqueued
[337.416s][info][gc,ref      ] GC(195) Weak: 6708 encountered, 1185 discovered, 92 enqueued
[337.416s][info][gc,ref      ] GC(195) Final: 53 encountered, 0 discovered, 0 enqueued
[337.416s][info][gc,ref      ] GC(195) Phantom: 588 encountered, 298 discovered, 0 enqueued
[337.416s][info][gc,reloc    ] GC(195) Small Pages: 2218 / 4436M, Empty: 2612M, Relocated: 97M, In-Place: 0
[337.416s][info][gc,reloc    ] GC(195) Medium Pages: 5 / 160M, Empty: 96M, Relocated: 11M, In-Place: 0
[337.416s][info][gc,reloc    ] GC(195) Large Pages: 30 / 212M, Empty: 172M, Relocated: 0M, In-Place: 0
[337.416s][info][gc,reloc    ] GC(195) Forwarding Usage: 96M
[337.416s][info][gc,heap     ] GC(195) Min Capacity: 8192M(100%)
[337.416s][info][gc,heap     ] GC(195) Max Capacity: 8192M(100%)
[337.416s][info][gc,heap     ] GC(195) Soft Max Capacity: 8192M(100%)
[337.416s][info][gc,heap     ] GC(195)                Mark Start          Mark End        Relocate Start      Relocate End           High               Low         
[337.416s][info][gc,heap     ] GC(195)  Capacity:     8192M (100%)       8192M (100%)       8192M (100%)       8192M (100%)       8192M (100%)       8192M (100%)   
[337.416s][info][gc,heap     ] GC(195)      Free:     3384M (41%)        3296M (40%)        6106M (75%)        7516M (92%)        7518M (92%)        3292M (40%)    
[337.416s][info][gc,heap     ] GC(195)      Used:     4808M (59%)        4896M (60%)        2086M (25%)         676M (8%)         4900M (60%)         674M (8%)     
[337.416s][info][gc,heap     ] GC(195)      Live:         -               311M (4%)          311M (4%)          311M (4%)             -                  -          
[337.416s][info][gc,heap     ] GC(195) Allocated:         -                88M (1%)          158M (2%)          334M (4%)             -                  -          
[337.416s][info][gc,heap     ] GC(195)   Garbage:         -              4496M (55%)        1616M (20%)          30M (0%)             -                  -          
[337.416s][info][gc,heap     ] GC(195) Reclaimed:         -                  -              2880M (35%)        4466M (55%)            -                  -          
[337.416s][info][gc          ] GC(195) Garbage Collection (Allocation Rate) 4808M(59%)->676M(8%)
[338.414s][info][gc,start    ] GC(196) Garbage Collection (Allocation Rate)
[338.414s][info][gc,task     ] GC(196) Using 2 workers
[338.414s][info][gc,phases   ] GC(196) Pause Mark Start 0.007ms
[338.762s][info][gc,phases   ] GC(196) Concurrent Mark 348.020ms
[338.762s][info][gc,phases   ] GC(196) Pause Mark End 0.021ms
[338.762s][info][gc,phases   ] GC(196) Concurrent Mark Free 0.001ms
[338.773s][info][gc,phases   ] GC(196) Concurrent Process Non-Strong References 11.014ms
[338.773s][info][gc,phases   ] GC(196) Concurrent Reset Relocation Set 0.078ms
[338.783s][info][gc,phases   ] GC(196) Concurrent Select Relocation Set 9.352ms
[338.783s][info][gc,phases   ] GC(196) Pause Relocate Start 0.016ms
[338.862s][info][gc,phases   ] GC(196) Concurrent Relocate 79.294ms
[338.862s][info][gc,load     ] GC(196) Load: 0.00/0.00/0.00
[338.862s][info][gc,mmu      ] GC(196) MMU: 2ms/95.0%, 5ms/98.0%, 10ms/99.0%, 20ms/99.5%, 50ms/99.8%, 100ms/99.9%
[338.862s][info][gc,marking  ] GC(196) Mark: 2 stripe(s), 2 proactive flush(es), 1 terminate flush(es), 0 completion(s), 0 continuation(s) 
[338.862s][info][gc,marking  ] GC(196) Mark Stack Usage: 32M
[338.862s][info][gc,nmethod  ] GC(196) NMethods: 12923 registered, 773 unregistered
[338.862s][info][gc,metaspace] GC(196) Metaspace: 73M used, 74M committed, 1152M reserved
[338.862s][info][gc,ref      ] GC(196) Soft: 5940 encountered, 0 discovered, 0 enqueued
[338.862s][info][gc,ref      ] GC(196) Weak: 6978 encountered, 1331 discovered, 364 enqueued
[338.862s][info][gc,ref      ] GC(196) Final: 53 encountered, 0 discovered, 0 enqueued
[338.862s][info][gc,ref      ] GC(196) Phantom: 588 encountered, 285 discovered, 0 enqueued
[338.862s][info][gc,reloc    ] GC(196) Small Pages: 1005 / 2010M, Empty: 1048M, Relocated: 43M, In-Place: 0
[338.862s][info][gc,reloc    ] GC(196) Medium Pages: 7 / 224M, Empty: 96M, Relocated: 24M, In-Place: 0
[338.862s][info][gc,reloc    ] GC(196) Large Pages: 24 / 160M, Empty: 160M, Relocated: 0M, In-Place: 0
[338.863s][info][gc,reloc    ] GC(196) Forwarding Usage: 37M
[338.863s][info][gc,heap     ] GC(196) Min Capacity: 8192M(100%)
[338.863s][info][gc,heap     ] GC(196) Max Capacity: 8192M(100%)
[338.863s][info][gc,heap     ] GC(196) Soft Max Capacity: 8192M(100%)
[338.863s][info][gc,heap     ] GC(196)                Mark Start          Mark End        Relocate Start      Relocate End           High               Low         
[338.863s][info][gc,heap     ] GC(196)  Capacity:     8192M (100%)       8192M (100%)       8192M (100%)       8192M (100%)       8192M (100%)       8192M (100%)   
[338.863s][info][gc,heap     ] GC(196)      Free:     5798M (71%)        5186M (63%)        6462M (79%)        7212M (88%)        7214M (88%)        5174M (63%)    
[338.863s][info][gc,heap     ] GC(196)      Used:     2394M (29%)        3006M (37%)        1730M (21%)         980M (12%)        3018M (37%)         978M (12%)    
[338.863s][info][gc,heap     ] GC(196)      Live:         -               246M (3%)          246M (3%)          246M (3%)             -                  -          
[338.863s][info][gc,heap     ] GC(196) Allocated:         -               612M (7%)          640M (8%)          697M (9%)             -                  -          
[338.863s][info][gc,heap     ] GC(196)   Garbage:         -              2147M (26%)         843M (10%)          35M (0%)             -                  -          
[338.863s][info][gc,heap     ] GC(196) Reclaimed:         -                  -              1304M (16%)        2111M (26%)            -                  -          
[338.863s][info][gc          ] GC(196) Garbage Collection (Allocation Rate) 2394M(29%)->980M(12%)
[339.047s][info][gc,start    ] GC(197) Garbage Collection (System.gc())
[339.047s][info][gc,task     ] GC(197) Using 2 workers
[339.048s][info][gc,phases   ] GC(197) Pause Mark Start 0.005ms
[339.190s][info][gc,phases   ] GC(197) Concurrent Mark 142.013ms
[339.190s][info][gc,phases   ] GC(197) Pause Mark End 0.026ms
[339.190s][info][gc,phases   ] GC(197) Concurrent Mark Free 0.002ms
[339.202s][info][gc,phases   ] GC(197) Concurrent Process Non-Strong References 11.894ms
[339.202s][info][gc,phases   ] GC(197) Concurrent Reset Relocation Set 0.043ms
[339.207s][info][gc,phases   ] GC(197) Concurrent Select Relocation Set 4.661ms
[339.207s][info][gc,phases   ] GC(197) Pause Relocate Start 0.014ms
[339.208s][info][gc,phases   ] GC(197) Concurrent Relocate 0.692ms
[339.208s][info][gc,load     ] GC(197) Load: 0.00/0.00/0.00
[339.208s][info][gc,mmu      ] GC(197) MMU: 2ms/95.0%, 5ms/98.0%, 10ms/99.0%, 20ms/99.5%, 50ms/99.8%, 100ms/99.9%
[339.208s][info][gc,marking  ] GC(197) Mark: 2 stripe(s), 2 proactive flush(es), 1 terminate flush(es), 0 completion(s), 0 continuation(s) 
[339.208s][info][gc,marking  ] GC(197) Mark Stack Usage: 32M
[339.208s][info][gc,nmethod  ] GC(197) NMethods: 12925 registered, 773 unregistered
[339.208s][info][gc,metaspace] GC(197) Metaspace: 73M used, 74M committed, 1152M reserved
[339.208s][info][gc,ref      ] GC(197) Soft: 5936 encountered, 0 discovered, 0 enqueued
[339.208s][info][gc,ref      ] GC(197) Weak: 6632 encountered, 972 discovered, 238 enqueued
[339.208s][info][gc,ref      ] GC(197) Final: 53 encountered, 4 discovered, 0 enqueued
[339.208s][info][gc,ref      ] GC(197) Phantom: 588 encountered, 321 discovered, 0 enqueued
[339.208s][info][gc,reloc    ] GC(197) Small Pages: 631 / 1262M, Empty: 1036M, Relocated: 1M, In-Place: 0
[339.208s][info][gc,reloc    ] GC(197) Medium Pages: 7 / 224M, Empty: 192M, Relocated: 0M, In-Place: 0
[339.208s][info][gc,reloc    ] GC(197) Large Pages: 22 / 132M, Empty: 132M, Relocated: 0M, In-Place: 0
[339.208s][info][gc,reloc    ] GC(197) Forwarding Usage: 0M
[339.208s][info][gc,heap     ] GC(197) Min Capacity: 8192M(100%)
[339.208s][info][gc,heap     ] GC(197) Max Capacity: 8192M(100%)
[339.208s][info][gc,heap     ] GC(197) Soft Max Capacity: 8192M(100%)
[339.208s][info][gc,heap     ] GC(197)                Mark Start          Mark End        Relocate Start      Relocate End           High               Low         
[339.208s][info][gc,heap     ] GC(197)  Capacity:     8192M (100%)       8192M (100%)       8192M (100%)       8192M (100%)       8192M (100%)       8192M (100%)   
[339.208s][info][gc,heap     ] GC(197)      Free:     6574M (80%)        6572M (80%)        7922M (97%)        7972M (97%)        7972M (97%)        6572M (80%)    
[339.208s][info][gc,heap     ] GC(197)      Used:     1618M (20%)        1620M (20%)         270M (3%)          220M (3%)         1620M (20%)         220M (3%)     
[339.208s][info][gc,heap     ] GC(197)      Live:         -               175M (2%)          175M (2%)          175M (2%)             -                  -          
[339.208s][info][gc,heap     ] GC(197) Allocated:         -                 2M (0%)           12M (0%)           12M (0%)             -                  -          
[339.208s][info][gc,heap     ] GC(197)   Garbage:         -              1442M (18%)          82M (1%)           32M (0%)             -                  -          
[339.208s][info][gc,heap     ] GC(197) Reclaimed:         -                  -              1360M (17%)        1410M (17%)            -                  -          
[339.208s][info][gc          ] GC(197) Garbage Collection (System.gc()) 1618M(20%)->220M(3%)
[340.325s][info][gc,stats    ] === Garbage Collection Statistics =======================================================================================================================
[340.325s][info][gc,stats    ]                                                              Last 10s              Last 10m              Last 10h                Total
[340.325s][info][gc,stats    ]                                                              Avg / Max             Avg / Max             Avg / Max             Avg / Max
[340.325s][info][gc,stats    ]   Collector: Garbage Collection Cycle                    422.173 / 867.010     426.026 / 983.217     426.026 / 983.217     426.026 / 983.217     ms
[340.325s][info][gc,stats    ]  Contention: Mark Segment Reset Contention                     3 / 20                3 / 36                3 / 36                3 / 36          ops/s
[340.325s][info][gc,stats    ]  Contention: Mark SeqNum Reset Contention                      0 / 0                 0 / 2                 0 / 2                 0 / 2           ops/s
[340.325s][info][gc,stats    ]    Critical: Allocation Stall                                  0 / 0                 0 / 0                 0 / 0                 0 / 0           ops/s
[340.325s][info][gc,stats    ]    Critical: Allocation Stall                              0.000 / 0.000         0.000 / 0.000         0.000 / 0.000         0.000 / 0.000       ms
[340.325s][info][gc,stats    ]    Critical: GC Locker Stall                                   0 / 0                 0 / 0                 0 / 0                 0 / 0           ops/s
[340.325s][info][gc,stats    ]    Critical: GC Locker Stall                               0.000 / 0.000         0.000 / 0.000         0.000 / 0.000         0.000 / 0.000       ms
[340.325s][info][gc,stats    ]    Critical: Relocation Stall                                  0 / 0                 0 / 0                 0 / 0                 0 / 0           ops/s
[340.325s][info][gc,stats    ]    Critical: Relocation Stall                              0.000 / 0.000         0.000 / 0.000         0.000 / 0.000         0.000 / 0.000       ms
[340.325s][info][gc,stats    ]      Memory: Allocation Rate                                1653 / 2214           1599 / 3876           1599 / 3876           1599 / 3876        MB/s
[340.325s][info][gc,stats    ]      Memory: Out Of Memory                                     0 / 0                 0 / 0                 0 / 0                 0 / 0           ops/s
[340.325s][info][gc,stats    ]      Memory: Page Cache Flush                                  0 / 0                 0 / 0                 0 / 0                 0 / 0           MB/s
[340.325s][info][gc,stats    ]      Memory: Page Cache Hit L1                               766 / 1060            735 / 1729            735 / 1729            735 / 1729        ops/s
[340.325s][info][gc,stats    ]      Memory: Page Cache Hit L2                                 0 / 0                 0 / 0                 0 / 0                 0 / 0           ops/s
[340.325s][info][gc,stats    ]      Memory: Page Cache Hit L3                                 0 / 0                 7 / 527               7 / 527               7 / 527         ops/s
[340.325s][info][gc,stats    ]      Memory: Page Cache Miss                                   0 / 0                 0 / 1                 0 / 1                 0 / 1           ops/s
[340.325s][info][gc,stats    ]      Memory: Uncommit                                          0 / 0                 0 / 0                 0 / 0                 0 / 0           MB/s
[340.325s][info][gc,stats    ]      Memory: Undo Object Allocation Failed                     0 / 0                 0 / 1                 0 / 1                 0 / 1           ops/s
[340.325s][info][gc,stats    ]      Memory: Undo Object Allocation Succeeded                  0 / 0                 4 / 101               4 / 101               4 / 101         ops/s
[340.325s][info][gc,stats    ]      Memory: Undo Page Allocation                              0 / 0                 0 / 2                 0 / 2                 0 / 2           ops/s
[340.325s][info][gc,stats    ]       Phase: Concurrent Mark                             318.664 / 612.412     324.854 / 972.666     324.854 / 972.666     324.854 / 972.666     ms
[340.325s][info][gc,stats    ]       Phase: Concurrent Mark Continue                      0.000 / 0.000         0.000 / 0.000         0.000 / 0.000         0.000 / 0.000       ms
[340.325s][info][gc,stats    ]       Phase: Concurrent Mark Free                          0.001 / 0.002         0.003 / 0.317         0.003 / 0.317         0.003 / 0.317       ms
[340.325s][info][gc,stats    ]       Phase: Concurrent Process Non-Strong References     11.592 / 13.085       10.263 / 15.785       10.263 / 15.785       10.263 / 15.785      ms
[340.325s][info][gc,stats    ]       Phase: Concurrent Relocate                          75.575 / 208.869      75.082 / 226.884      75.082 / 226.884      75.082 / 226.884     ms
[340.325s][info][gc,stats    ]       Phase: Concurrent Reset Relocation Set               0.041 / 0.112         0.039 / 0.139         0.039 / 0.139         0.039 / 0.139       ms
[340.325s][info][gc,stats    ]       Phase: Concurrent Select Relocation Set             15.365 / 33.712       14.652 / 41.971       14.652 / 41.971       14.652 / 41.971      ms
[340.325s][info][gc,stats    ]       Phase: Pause Mark End                                0.022 / 0.030         0.027 / 0.101         0.027 / 0.101         0.027 / 0.101       ms
[340.325s][info][gc,stats    ]       Phase: Pause Mark Start                              0.007 / 0.010         0.007 / 0.014         0.007 / 0.014         0.007 / 0.014       ms
[340.325s][info][gc,stats    ]       Phase: Pause Relocate Start                          0.018 / 0.032         0.013 / 0.032         0.013 / 0.032         0.013 / 0.032       ms
[340.325s][info][gc,stats    ]    Subphase: Concurrent Classes Purge                      0.462 / 0.569         0.421 / 0.716         0.421 / 0.716         0.421 / 0.716       ms
[340.325s][info][gc,stats    ]    Subphase: Concurrent Classes Unlink                    10.075 / 11.720        8.713 / 12.957        8.713 / 12.957        8.713 / 12.957      ms
[340.325s][info][gc,stats    ]    Subphase: Concurrent Mark                             311.486 / 609.108     316.602 / 969.741     316.602 / 969.741     316.602 / 969.741     ms
[340.325s][info][gc,stats    ]    Subphase: Concurrent Mark Try Flush                     0.163 / 0.322         0.234 / 15.555        0.234 / 15.555        0.234 / 15.555      ms
[340.325s][info][gc,stats    ]    Subphase: Concurrent Mark Try Terminate                 3.051 / 15.660        4.405 / 16.632        4.405 / 16.632        4.405 / 16.632      ms
[340.325s][info][gc,stats    ]    Subphase: Concurrent References Enqueue                 0.005 / 0.007         0.005 / 0.008         0.005 / 0.008         0.005 / 0.008       ms
[340.325s][info][gc,stats    ]    Subphase: Concurrent References Process                 0.175 / 0.280         0.191 / 0.610         0.191 / 0.610         0.191 / 0.610       ms
[340.325s][info][gc,stats    ]    Subphase: Concurrent Roots ClassLoaderDataGraph         0.117 / 0.278         0.119 / 0.376         0.119 / 0.376         0.119 / 0.376       ms
[340.325s][info][gc,stats    ]    Subphase: Concurrent Roots CodeCache                    0.000 / 0.000         0.000 / 0.000         0.000 / 0.000         0.000 / 0.000       ms
[340.325s][info][gc,stats    ]    Subphase: Concurrent Roots JavaThreads                  2.914 / 3.190         3.952 / 8.610         3.952 / 8.610         3.952 / 8.610       ms
[340.325s][info][gc,stats    ]    Subphase: Concurrent Roots OopStorageSet                0.055 / 0.094         0.047 / 0.142         0.047 / 0.142         0.047 / 0.142       ms
[340.325s][info][gc,stats    ]    Subphase: Concurrent Weak Roots OopStorageSet           0.628 / 0.931         0.598 / 1.117         0.598 / 1.117         0.598 / 1.117       ms
[340.325s][info][gc,stats    ]    Subphase: Pause Mark Try Complete                       0.000 / 0.000         0.009 / 0.024         0.009 / 0.024         0.009 / 0.024       ms
[340.325s][info][gc,stats    ]      System: Java Threads                                    263 / 265             250 / 267             250 / 267             250 / 267         threads
[340.325s][info][gc,stats    ] =========================================================================================================================================================
[341.419s][info][gc,start    ] GC(198) Garbage Collection (Allocation Rate)
[341.419s][info][gc,task     ] GC(198) Using 2 workers
[341.419s][info][gc,phases   ] GC(198) Pause Mark Start 0.008ms
[342.094s][info][gc,phases   ] GC(198) Concurrent Mark 674.858ms
[342.094s][info][gc,phases   ] GC(198) Pause Mark End 0.021ms
[342.094s][info][gc,phases   ] GC(198) Concurrent Mark Free 0.001ms
[342.106s][info][gc,phases   ] GC(198) Concurrent Process Non-Strong References 11.066ms
[342.106s][info][gc,phases   ] GC(198) Concurrent Reset Relocation Set 0.003ms
[342.138s][info][gc,phases   ] GC(198) Concurrent Select Relocation Set 31.944ms
[342.138s][info][gc,phases   ] GC(198) Pause Relocate Start 0.013ms
[342.358s][info][gc,phases   ] GC(198) Concurrent Relocate 220.614ms
[342.358s][info][gc,load     ] GC(198) Load: 0.00/0.00/0.00
[342.358s][info][gc,mmu      ] GC(198) MMU: 2ms/95.0%, 5ms/98.0%, 10ms/99.0%, 20ms/99.5%, 50ms/99.8%, 100ms/99.9%
[342.358s][info][gc,marking  ] GC(198) Mark: 2 stripe(s), 2 proactive flush(es), 1 terminate flush(es), 0 completion(s), 0 continuation(s) 
[342.359s][info][gc,marking  ] GC(198) Mark Stack Usage: 32M
[342.359s][info][gc,nmethod  ] GC(198) NMethods: 12933 registered, 773 unregistered
[342.359s][info][gc,metaspace] GC(198) Metaspace: 73M used, 74M committed, 1152M reserved
[342.359s][info][gc,ref      ] GC(198) Soft: 5944 encountered, 0 discovered, 0 enqueued
[342.359s][info][gc,ref      ] GC(198) Weak: 6711 encountered, 935 discovered, 21 enqueued
[342.359s][info][gc,ref      ] GC(198) Final: 53 encountered, 4 discovered, 0 enqueued
[342.359s][info][gc,ref      ] GC(198) Phantom: 588 encountered, 321 discovered, 0 enqueued
[342.359s][info][gc,reloc    ] GC(198) Small Pages: 2186 / 4372M, Empty: 2132M, Relocated: 190M, In-Place: 0
[342.359s][info][gc,reloc    ] GC(198) Medium Pages: 5 / 160M, Empty: 128M, Relocated: 0M, In-Place: 0
[342.359s][info][gc,reloc    ] GC(198) Large Pages: 30 / 212M, Empty: 148M, Relocated: 0M, In-Place: 0
[342.359s][info][gc,reloc    ] GC(198) Forwarding Usage: 145M
[342.359s][info][gc,heap     ] GC(198) Min Capacity: 8192M(100%)
[342.359s][info][gc,heap     ] GC(198) Max Capacity: 8192M(100%)
[342.359s][info][gc,heap     ] GC(198) Soft Max Capacity: 8192M(100%)
[342.359s][info][gc,heap     ] GC(198)                Mark Start          Mark End        Relocate Start      Relocate End           High               Low         
[342.359s][info][gc,heap     ] GC(198)  Capacity:     8192M (100%)       8192M (100%)       8192M (100%)       8192M (100%)       8192M (100%)       8192M (100%)   
[342.359s][info][gc,heap     ] GC(198)      Free:     3448M (42%)        3104M (38%)        5478M (67%)        7034M (86%)        7034M (86%)        3096M (38%)    
[342.359s][info][gc,heap     ] GC(198)      Used:     4744M (58%)        5088M (62%)        2714M (33%)        1158M (14%)        5096M (62%)        1158M (14%)    
[342.359s][info][gc,heap     ] GC(198)      Live:         -               429M (5%)          429M (5%)          429M (5%)             -                  -          
[342.359s][info][gc,heap     ] GC(198) Allocated:         -               344M (4%)          378M (5%)          695M (8%)             -                  -          
[342.359s][info][gc,heap     ] GC(198)   Garbage:         -              4314M (53%)        1906M (23%)          32M (0%)             -                  -          
[342.359s][info][gc,heap     ] GC(198) Reclaimed:         -                  -              2408M (29%)        4281M (52%)            -                  -          
[342.359s][info][gc          ] GC(198) Garbage Collection (Allocation Rate) 4744M(58%)->1158M(14%)
[342.425s][info][gc,start    ] GC(199) Garbage Collection (Allocation Rate)
[342.425s][info][gc,task     ] GC(199) Using 2 workers
[342.426s][info][gc,phases   ] GC(199) Pause Mark Start 0.010ms
[342.683s][info][gc,phases   ] GC(199) Concurrent Mark 256.929ms
[342.683s][info][gc,phases   ] GC(199) Pause Mark End 0.033ms
[342.683s][info][gc,phases   ] GC(199) Concurrent Mark Free 0.001ms
[342.694s][info][gc,phases   ] GC(199) Concurrent Process Non-Strong References 10.783ms
[342.694s][info][gc,phases   ] GC(199) Concurrent Reset Relocation Set 0.086ms
[342.705s][info][gc,phases   ] GC(199) Concurrent Select Relocation Set 11.058ms
[342.705s][info][gc,phases   ] GC(199) Pause Relocate Start 0.015ms
[342.738s][info][gc,phases   ] GC(199) Concurrent Relocate 32.356ms
[342.738s][info][gc,load     ] GC(199) Load: 0.00/0.00/0.00
[342.738s][info][gc,mmu      ] GC(199) MMU: 2ms/95.0%, 5ms/98.0%, 10ms/99.0%, 20ms/99.5%, 50ms/99.8%, 100ms/99.9%
[342.738s][info][gc,marking  ] GC(199) Mark: 2 stripe(s), 2 proactive flush(es), 1 terminate flush(es), 0 completion(s), 0 continuation(s) 
[342.738s][info][gc,marking  ] GC(199) Mark Stack Usage: 32M
[342.738s][info][gc,nmethod  ] GC(199) NMethods: 12933 registered, 773 unregistered
[342.738s][info][gc,metaspace] GC(199) Metaspace: 73M used, 74M committed, 1152M reserved
[342.738s][info][gc,ref      ] GC(199) Soft: 5944 encountered, 0 discovered, 0 enqueued
[342.738s][info][gc,ref      ] GC(199) Weak: 6760 encountered, 1327 discovered, 219 enqueued
[342.738s][info][gc,ref      ] GC(199) Final: 53 encountered, 0 discovered, 0 enqueued
[342.738s][info][gc,ref      ] GC(199) Phantom: 588 encountered, 398 discovered, 0 enqueued
[342.738s][info][gc,reloc    ] GC(199) Small Pages: 505 / 1010M, Empty: 572M, Relocated: 25M, In-Place: 0
[342.738s][info][gc,reloc    ] GC(199) Medium Pages: 4 / 128M, Empty: 96M, Relocated: 0M, In-Place: 0
[342.738s][info][gc,reloc    ] GC(199) Large Pages: 18 / 124M, Empty: 100M, Relocated: 0M, In-Place: 0
[342.738s][info][gc,reloc    ] GC(199) Forwarding Usage: 25M
[342.738s][info][gc,heap     ] GC(199) Min Capacity: 8192M(100%)
[342.738s][info][gc,heap     ] GC(199) Max Capacity: 8192M(100%)
[342.738s][info][gc,heap     ] GC(199) Soft Max Capacity: 8192M(100%)
[342.738s][info][gc,heap     ] GC(199)                Mark Start          Mark End        Relocate Start      Relocate End           High               Low         
[342.738s][info][gc,heap     ] GC(199)  Capacity:     8192M (100%)       8192M (100%)       8192M (100%)       8192M (100%)       8192M (100%)       8192M (100%)   
[342.738s][info][gc,heap     ] GC(199)      Free:     6930M (85%)        6544M (80%)        7292M (89%)        7492M (91%)        7494M (91%)        6528M (80%)    
[342.738s][info][gc,heap     ] GC(199)      Used:     1262M (15%)        1648M (20%)         900M (11%)         700M (9%)         1664M (20%)         698M (9%)     
[342.738s][info][gc,heap     ] GC(199)      Live:         -               223M (3%)          223M (3%)          223M (3%)             -                  -          
[342.738s][info][gc,heap     ] GC(199) Allocated:         -               386M (5%)          406M (5%)          444M (5%)             -                  -          
[342.738s][info][gc,heap     ] GC(199)   Garbage:         -              1038M (13%)         270M (3%)           32M (0%)             -                  -          
[342.738s][info][gc,heap     ] GC(199) Reclaimed:         -                  -               768M (9%)         1006M (12%)            -                  -          
[342.738s][info][gc          ] GC(199) Garbage Collection (Allocation Rate) 1262M(15%)->700M(9%)
[343.726s][info][gc,start    ] GC(200) Garbage Collection (System.gc())
[343.726s][info][gc,task     ] GC(200) Using 2 workers
[343.726s][info][gc,phases   ] GC(200) Pause Mark Start 0.008ms
[343.891s][info][gc,phases   ] GC(200) Concurrent Mark 164.903ms
[343.891s][info][gc,phases   ] GC(200) Pause Mark End 0.034ms
[343.892s][info][gc,phases   ] GC(200) Concurrent Mark Free 0.001ms
[343.904s][info][gc,phases   ] GC(200) Concurrent Process Non-Strong References 12.454ms
[343.904s][info][gc,phases   ] GC(200) Concurrent Reset Relocation Set 0.013ms
[343.908s][info][gc,phases   ] GC(200) Concurrent Select Relocation Set 4.066ms
[343.908s][info][gc,phases   ] GC(200) Pause Relocate Start 0.010ms
[343.910s][info][gc,phases   ] GC(200) Concurrent Relocate 1.872ms
[343.910s][info][gc,load     ] GC(200) Load: 0.00/0.00/0.00
[343.910s][info][gc,mmu      ] GC(200) MMU: 2ms/95.0%, 5ms/98.0%, 10ms/99.0%, 20ms/99.5%, 50ms/99.8%, 100ms/99.9%
[343.910s][info][gc,marking  ] GC(200) Mark: 2 stripe(s), 2 proactive flush(es), 1 terminate flush(es), 0 completion(s), 0 continuation(s) 
[343.910s][info][gc,marking  ] GC(200) Mark Stack Usage: 32M
[343.910s][info][gc,nmethod  ] GC(200) NMethods: 12943 registered, 773 unregistered
[343.910s][info][gc,metaspace] GC(200) Metaspace: 73M used, 74M committed, 1152M reserved
[343.910s][info][gc,ref      ] GC(200) Soft: 5936 encountered, 0 discovered, 0 enqueued
[343.910s][info][gc,ref      ] GC(200) Weak: 6776 encountered, 1084 discovered, 379 enqueued
[343.910s][info][gc,ref      ] GC(200) Final: 53 encountered, 4 discovered, 0 enqueued
[343.910s][info][gc,ref      ] GC(200) Phantom: 589 encountered, 338 discovered, 0 enqueued
[343.910s][info][gc,reloc    ] GC(200) Small Pages: 1200 / 2400M, Empty: 2142M, Relocated: 2M, In-Place: 0
[343.910s][info][gc,reloc    ] GC(200) Medium Pages: 9 / 288M, Empty: 256M, Relocated: 0M, In-Place: 0
[343.910s][info][gc,reloc    ] GC(200) Large Pages: 38 / 228M, Empty: 228M, Relocated: 0M, In-Place: 0
[343.910s][info][gc,reloc    ] GC(200) Forwarding Usage: 1M
[343.910s][info][gc,heap     ] GC(200) Min Capacity: 8192M(100%)
[343.910s][info][gc,heap     ] GC(200) Max Capacity: 8192M(100%)
[343.910s][info][gc,heap     ] GC(200) Soft Max Capacity: 8192M(100%)
[343.910s][info][gc,heap     ] GC(200)                Mark Start          Mark End        Relocate Start      Relocate End           High               Low         
[343.910s][info][gc,heap     ] GC(200)  Capacity:     8192M (100%)       8192M (100%)       8192M (100%)       8192M (100%)       8192M (100%)       8192M (100%)   
[343.910s][info][gc,heap     ] GC(200)      Free:     5276M (64%)        5274M (64%)        7888M (96%)        7972M (97%)        7972M (97%)        5274M (64%)    
[343.910s][info][gc,heap     ] GC(200)      Used:     2916M (36%)        2918M (36%)         304M (4%)          220M (3%)         2918M (36%)         220M (3%)     
[343.911s][info][gc,heap     ] GC(200)      Live:         -               175M (2%)          175M (2%)          175M (2%)             -                  -          
[343.911s][info][gc,heap     ] GC(200) Allocated:         -                 2M (0%)           14M (0%)           13M (0%)             -                  -          
[343.911s][info][gc,heap     ] GC(200)   Garbage:         -              2740M (33%)         114M (1%)           30M (0%)             -                  -          
[343.911s][info][gc,heap     ] GC(200) Reclaimed:         -                  -              2626M (32%)        2709M (33%)            -                  -          
[343.911s][info][gc          ] GC(200) Garbage Collection (System.gc()) 2916M(36%)->220M(3%)
[346.124s][info][gc,start    ] GC(201) Garbage Collection (Allocation Rate)
[346.124s][info][gc,task     ] GC(201) Using 2 workers
[346.124s][info][gc,phases   ] GC(201) Pause Mark Start 0.008ms
[346.789s][info][gc,phases   ] GC(201) Concurrent Mark 665.150ms
[346.789s][info][gc,phases   ] GC(201) Pause Mark End 0.025ms
[346.789s][info][gc,phases   ] GC(201) Concurrent Mark Free 0.001ms
[346.802s][info][gc,phases   ] GC(201) Concurrent Process Non-Strong References 12.467ms
[346.802s][info][gc,phases   ] GC(201) Concurrent Reset Relocation Set 0.004ms
[346.834s][info][gc,phases   ] GC(201) Concurrent Select Relocation Set 31.591ms
[346.834s][info][gc,phases   ] GC(201) Pause Relocate Start 0.008ms
[347.055s][info][gc,phases   ] GC(201) Concurrent Relocate 220.978ms
[347.055s][info][gc,load     ] GC(201) Load: 0.00/0.00/0.00
[347.055s][info][gc,mmu      ] GC(201) MMU: 2ms/95.0%, 5ms/98.0%, 10ms/99.0%, 20ms/99.5%, 50ms/99.8%, 100ms/99.9%
[347.055s][info][gc,marking  ] GC(201) Mark: 2 stripe(s), 4 proactive flush(es), 1 terminate flush(es), 0 completion(s), 0 continuation(s) 
[347.055s][info][gc,marking  ] GC(201) Mark Stack Usage: 32M
[347.055s][info][gc,nmethod  ] GC(201) NMethods: 12953 registered, 773 unregistered
[347.055s][info][gc,metaspace] GC(201) Metaspace: 73M used, 74M committed, 1152M reserved
[347.055s][info][gc,ref      ] GC(201) Soft: 5944 encountered, 0 discovered, 0 enqueued
[347.055s][info][gc,ref      ] GC(201) Weak: 6715 encountered, 726 discovered, 24 enqueued
[347.055s][info][gc,ref      ] GC(201) Final: 53 encountered, 0 discovered, 0 enqueued
[347.055s][info][gc,ref      ] GC(201) Phantom: 589 encountered, 297 discovered, 0 enqueued
[347.055s][info][gc,reloc    ] GC(201) Small Pages: 2190 / 4380M, Empty: 2136M, Relocated: 188M, In-Place: 0
[347.055s][info][gc,reloc    ] GC(201) Medium Pages: 5 / 160M, Empty: 128M, Relocated: 0M, In-Place: 0
[347.055s][info][gc,reloc    ] GC(201) Large Pages: 30 / 212M, Empty: 148M, Relocated: 0M, In-Place: 0
[347.055s][info][gc,reloc    ] GC(201) Forwarding Usage: 144M
[347.055s][info][gc,heap     ] GC(201) Min Capacity: 8192M(100%)
[347.055s][info][gc,heap     ] GC(201) Max Capacity: 8192M(100%)
[347.055s][info][gc,heap     ] GC(201) Soft Max Capacity: 8192M(100%)
[347.055s][info][gc,heap     ] GC(201)                Mark Start          Mark End        Relocate Start      Relocate End           High               Low         
[347.055s][info][gc,heap     ] GC(201)  Capacity:     8192M (100%)       8192M (100%)       8192M (100%)       8192M (100%)       8192M (100%)       8192M (100%)   
[347.055s][info][gc,heap     ] GC(201)      Free:     3440M (42%)        3144M (38%)        5506M (67%)        7054M (86%)        7070M (86%)        3120M (38%)    
[347.055s][info][gc,heap     ] GC(201)      Used:     4752M (58%)        5048M (62%)        2686M (33%)        1138M (14%)        5072M (62%)        1122M (14%)    
[347.055s][info][gc,heap     ] GC(201)      Live:         -               430M (5%)          430M (5%)          430M (5%)             -                  -          
[347.055s][info][gc,heap     ] GC(201) Allocated:         -               296M (4%)          346M (4%)          673M (8%)             -                  -          
[347.055s][info][gc,heap     ] GC(201)   Garbage:         -              4321M (53%)        1909M (23%)          33M (0%)             -                  -          
[347.055s][info][gc,heap     ] GC(201) Reclaimed:         -                  -              2412M (29%)        4287M (52%)            -                  -          
[347.055s][info][gc          ] GC(201) Garbage Collection (Allocation Rate) 4752M(58%)->1138M(14%)
[347.122s][info][gc,start    ] GC(202) Garbage Collection (Allocation Rate)
[347.122s][info][gc,task     ] GC(202) Using 2 workers
[347.122s][info][gc,phases   ] GC(202) Pause Mark Start 0.005ms
[347.398s][info][gc,phases   ] GC(202) Concurrent Mark 275.587ms
[347.398s][info][gc,phases   ] GC(202) Pause Mark End 0.031ms
[347.398s][info][gc,phases   ] GC(202) Concurrent Mark Free 0.001ms
[347.408s][info][gc,phases   ] GC(202) Concurrent Process Non-Strong References 10.686ms
[347.409s][info][gc,phases   ] GC(202) Concurrent Reset Relocation Set 0.094ms
[347.420s][info][gc,phases   ] GC(202) Concurrent Select Relocation Set 11.851ms
[347.421s][info][gc,phases   ] GC(202) Pause Relocate Start 0.011ms
[347.452s][info][gc,phases   ] GC(202) Concurrent Relocate 31.481ms
[347.452s][info][gc,load     ] GC(202) Load: 0.00/0.00/0.00
[347.452s][info][gc,mmu      ] GC(202) MMU: 2ms/95.0%, 5ms/98.0%, 10ms/99.0%, 20ms/99.5%, 50ms/99.8%, 100ms/99.9%
[347.452s][info][gc,marking  ] GC(202) Mark: 2 stripe(s), 3 proactive flush(es), 1 terminate flush(es), 0 completion(s), 0 continuation(s) 
[347.452s][info][gc,marking  ] GC(202) Mark Stack Usage: 32M
[347.452s][info][gc,nmethod  ] GC(202) NMethods: 12954 registered, 773 unregistered
[347.452s][info][gc,metaspace] GC(202) Metaspace: 73M used, 74M committed, 1152M reserved
[347.452s][info][gc,ref      ] GC(202) Soft: 5943 encountered, 0 discovered, 0 enqueued
[347.452s][info][gc,ref      ] GC(202) Weak: 6759 encountered, 810 discovered, 221 enqueued
[347.452s][info][gc,ref      ] GC(202) Final: 53 encountered, 2 discovered, 0 enqueued
[347.452s][info][gc,ref      ] GC(202) Phantom: 589 encountered, 554 discovered, 0 enqueued
[347.452s][info][gc,reloc    ] GC(202) Small Pages: 479 / 958M, Empty: 522M, Relocated: 24M, In-Place: 0
[347.452s][info][gc,reloc    ] GC(202) Medium Pages: 4 / 128M, Empty: 96M, Relocated: 0M, In-Place: 0
[347.452s][info][gc,reloc    ] GC(202) Large Pages: 18 / 124M, Empty: 100M, Relocated: 0M, In-Place: 0
[347.452s][info][gc,reloc    ] GC(202) Forwarding Usage: 25M
[347.452s][info][gc,heap     ] GC(202) Min Capacity: 8192M(100%)
[347.452s][info][gc,heap     ] GC(202) Max Capacity: 8192M(100%)
[347.452s][info][gc,heap     ] GC(202) Soft Max Capacity: 8192M(100%)
[347.452s][info][gc,heap     ] GC(202)                Mark Start          Mark End        Relocate Start      Relocate End           High               Low         
[347.452s][info][gc,heap     ] GC(202)  Capacity:     8192M (100%)       8192M (100%)       8192M (100%)       8192M (100%)       8192M (100%)       8192M (100%)   
[347.452s][info][gc,heap     ] GC(202)      Free:     6982M (85%)        6554M (80%)        7254M (89%)        7456M (91%)        7456M (91%)        6544M (80%)    
[347.452s][info][gc,heap     ] GC(202)      Used:     1210M (15%)        1638M (20%)         938M (11%)         736M (9%)         1648M (20%)         736M (9%)     
[347.452s][info][gc,heap     ] GC(202)      Live:         -               223M (3%)          223M (3%)          223M (3%)             -                  -          
[347.452s][info][gc,heap     ] GC(202) Allocated:         -               428M (5%)          446M (5%)          480M (6%)             -                  -          
[347.452s][info][gc,heap     ] GC(202)   Garbage:         -               986M (12%)         268M (3%)           32M (0%)             -                  -          
[347.452s][info][gc,heap     ] GC(202) Reclaimed:         -                  -               718M (9%)          954M (12%)            -                  -          
[347.452s][info][gc          ] GC(202) Garbage Collection (Allocation Rate) 1210M(15%)->736M(9%)
[348.541s][info][gc,start    ] GC(203) Garbage Collection (System.gc())
[348.541s][info][gc,task     ] GC(203) Using 2 workers
[348.541s][info][gc,phases   ] GC(203) Pause Mark Start 0.007ms
[348.676s][info][gc,phases   ] GC(203) Concurrent Mark 134.690ms
[348.676s][info][gc,phases   ] GC(203) Pause Mark End 0.026ms
[348.676s][info][gc,phases   ] GC(203) Concurrent Mark Free 0.002ms
[348.688s][info][gc,phases   ] GC(203) Concurrent Process Non-Strong References 11.390ms
[348.688s][info][gc,phases   ] GC(203) Concurrent Reset Relocation Set 0.010ms
[348.692s][info][gc,phases   ] GC(203) Concurrent Select Relocation Set 3.881ms
[348.692s][info][gc,phases   ] GC(203) Pause Relocate Start 0.010ms
[348.693s][info][gc,phases   ] GC(203) Concurrent Relocate 0.798ms
[348.693s][info][gc,load     ] GC(203) Load: 0.00/0.00/0.00
[348.693s][info][gc,mmu      ] GC(203) MMU: 2ms/95.0%, 5ms/98.0%, 10ms/99.0%, 20ms/99.5%, 50ms/99.8%, 100ms/99.9%
[348.693s][info][gc,marking  ] GC(203) Mark: 2 stripe(s), 2 proactive flush(es), 1 terminate flush(es), 0 completion(s), 0 continuation(s) 
[348.693s][info][gc,marking  ] GC(203) Mark Stack Usage: 32M
[348.693s][info][gc,nmethod  ] GC(203) NMethods: 12962 registered, 773 unregistered
[348.693s][info][gc,metaspace] GC(203) Metaspace: 73M used, 74M committed, 1152M reserved
[348.693s][info][gc,ref      ] GC(203) Soft: 5936 encountered, 0 discovered, 0 enqueued
[348.693s][info][gc,ref      ] GC(203) Weak: 6777 encountered, 1099 discovered, 380 enqueued
[348.693s][info][gc,ref      ] GC(203) Final: 53 encountered, 4 discovered, 0 enqueued
[348.693s][info][gc,ref      ] GC(203) Phantom: 588 encountered, 288 discovered, 0 enqueued
[348.693s][info][gc,reloc    ] GC(203) Small Pages: 1223 / 2446M, Empty: 2200M, Relocated: 1M, In-Place: 0
[348.693s][info][gc,reloc    ] GC(203) Medium Pages: 9 / 288M, Empty: 256M, Relocated: 0M, In-Place: 0
[348.693s][info][gc,reloc    ] GC(203) Large Pages: 34 / 204M, Empty: 204M, Relocated: 0M, In-Place: 0
[348.693s][info][gc,reloc    ] GC(203) Forwarding Usage: 0M
[348.693s][info][gc,heap     ] GC(203) Min Capacity: 8192M(100%)
[348.693s][info][gc,heap     ] GC(203) Max Capacity: 8192M(100%)
[348.693s][info][gc,heap     ] GC(203) Soft Max Capacity: 8192M(100%)
[348.693s][info][gc,heap     ] GC(203)                Mark Start          Mark End        Relocate Start      Relocate End           High               Low         
[348.693s][info][gc,heap     ] GC(203)  Capacity:     8192M (100%)       8192M (100%)       8192M (100%)       8192M (100%)       8192M (100%)       8192M (100%)   
[348.693s][info][gc,heap     ] GC(203)      Free:     5254M (64%)        5252M (64%)        7900M (96%)        7970M (97%)        7970M (97%)        5252M (64%)    
[348.693s][info][gc,heap     ] GC(203)      Used:     2938M (36%)        2940M (36%)         292M (4%)          222M (3%)         2940M (36%)         222M (3%)     
[348.693s][info][gc,heap     ] GC(203)      Live:         -               175M (2%)          175M (2%)          175M (2%)             -                  -          
[348.693s][info][gc,heap     ] GC(203) Allocated:         -                 2M (0%)           14M (0%)           13M (0%)             -                  -          
[348.693s][info][gc,heap     ] GC(203)   Garbage:         -              2762M (34%)         102M (1%)           32M (0%)             -                  -          
[348.693s][info][gc,heap     ] GC(203) Reclaimed:         -                  -              2660M (32%)        2729M (33%)            -                  -          
[348.693s][info][gc          ] GC(203) Garbage Collection (System.gc()) 2938M(36%)->222M(3%)
[350.318s][info][gc,stats    ] === Garbage Collection Statistics =======================================================================================================================
[350.318s][info][gc,stats    ]                                                              Last 10s              Last 10m              Last 10h                Total
[350.318s][info][gc,stats    ]                                                              Avg / Max             Avg / Max             Avg / Max             Avg / Max
[350.318s][info][gc,stats    ]   Collector: Garbage Collection Cycle                    474.905 / 939.490     427.463 / 983.217     427.463 / 983.217     427.463 / 983.217     ms
[350.318s][info][gc,stats    ]  Contention: Mark Segment Reset Contention                     3 / 13                3 / 36                3 / 36                3 / 36          ops/s
[350.318s][info][gc,stats    ]  Contention: Mark SeqNum Reset Contention                      0 / 0                 0 / 2                 0 / 2                 0 / 2           ops/s
[350.318s][info][gc,stats    ]    Critical: Allocation Stall                                  0 / 0                 0 / 0                 0 / 0                 0 / 0           ops/s
[350.319s][info][gc,stats    ]    Critical: Allocation Stall                              0.000 / 0.000         0.000 / 0.000         0.000 / 0.000         0.000 / 0.000       ms
[350.319s][info][gc,stats    ]    Critical: GC Locker Stall                                   0 / 0                 0 / 0                 0 / 0                 0 / 0           ops/s
[350.319s][info][gc,stats    ]    Critical: GC Locker Stall                               0.000 / 0.000         0.000 / 0.000         0.000 / 0.000         0.000 / 0.000       ms
[350.319s][info][gc,stats    ]    Critical: Relocation Stall                                  0 / 0                 0 / 0                 0 / 0                 0 / 0           ops/s
[350.319s][info][gc,stats    ]    Critical: Relocation Stall                              0.000 / 0.000         0.000 / 0.000         0.000 / 0.000         0.000 / 0.000       ms
[350.319s][info][gc,stats    ]      Memory: Allocation Rate                                1669 / 2448           1601 / 3876           1601 / 3876           1601 / 3876        MB/s
[350.319s][info][gc,stats    ]      Memory: Out Of Memory                                     0 / 0                 0 / 0                 0 / 0                 0 / 0           ops/s
[350.319s][info][gc,stats    ]      Memory: Page Cache Flush                                  0 / 0                 0 / 0                 0 / 0                 0 / 0           MB/s
[350.319s][info][gc,stats    ]      Memory: Page Cache Hit L1                               776 / 1141            736 / 1729            736 / 1729            736 / 1729        ops/s
[350.319s][info][gc,stats    ]      Memory: Page Cache Hit L2                                 0 / 0                 0 / 0                 0 / 0                 0 / 0           ops/s
[350.319s][info][gc,stats    ]      Memory: Page Cache Hit L3                                 0 / 0                 6 / 527               6 / 527               6 / 527         ops/s
[350.319s][info][gc,stats    ]      Memory: Page Cache Miss                                   0 / 0                 0 / 1                 0 / 1                 0 / 1           ops/s
[350.319s][info][gc,stats    ]      Memory: Uncommit                                          0 / 0                 0 / 0                 0 / 0                 0 / 0           MB/s
[350.319s][info][gc,stats    ]      Memory: Undo Object Allocation Failed                     0 / 0                 0 / 1                 0 / 1                 0 / 1           ops/s
[350.319s][info][gc,stats    ]      Memory: Undo Object Allocation Succeeded                  5 / 38                4 / 101               4 / 101               4 / 101         ops/s
[350.319s][info][gc,stats    ]      Memory: Undo Page Allocation                              0 / 0                 0 / 2                 0 / 2                 0 / 2           ops/s
[350.319s][info][gc,stats    ]       Phase: Concurrent Mark                             362.020 / 674.858     325.947 / 972.666     325.947 / 972.666     325.947 / 972.666     ms
[350.319s][info][gc,stats    ]       Phase: Concurrent Mark Continue                      0.000 / 0.000         0.000 / 0.000         0.000 / 0.000         0.000 / 0.000       ms
[350.319s][info][gc,stats    ]       Phase: Concurrent Mark Free                          0.001 / 0.002         0.003 / 0.317         0.003 / 0.317         0.003 / 0.317       ms
[350.319s][info][gc,stats    ]       Phase: Concurrent Process Non-Strong References     11.474 / 12.467       10.299 / 15.785       10.299 / 15.785       10.299 / 15.785      ms
[350.319s][info][gc,stats    ]       Phase: Concurrent Relocate                          84.683 / 220.978      75.365 / 226.884      75.365 / 226.884      75.365 / 226.884     ms
[350.319s][info][gc,stats    ]       Phase: Concurrent Reset Relocation Set               0.035 / 0.094         0.039 / 0.139         0.039 / 0.139         0.039 / 0.139       ms
[350.319s][info][gc,stats    ]       Phase: Concurrent Select Relocation Set             15.732 / 31.944       14.684 / 41.971       14.684 / 41.971       14.684 / 41.971      ms
[350.319s][info][gc,stats    ]       Phase: Pause Mark End                                0.028 / 0.034         0.027 / 0.101         0.027 / 0.101         0.027 / 0.101       ms
[350.319s][info][gc,stats    ]       Phase: Pause Mark Start                              0.008 / 0.010         0.007 / 0.014         0.007 / 0.014         0.007 / 0.014       ms
[350.319s][info][gc,stats    ]       Phase: Pause Relocate Start                          0.011 / 0.015         0.013 / 0.032         0.013 / 0.032         0.013 / 0.032       ms
[350.319s][info][gc,stats    ]    Subphase: Concurrent Classes Purge                      0.479 / 0.515         0.423 / 0.716         0.423 / 0.716         0.423 / 0.716       ms
[350.319s][info][gc,stats    ]    Subphase: Concurrent Classes Unlink                     9.917 / 10.984        8.748 / 12.957        8.748 / 12.957        8.748 / 12.957      ms
[350.319s][info][gc,stats    ]    Subphase: Concurrent Mark                             353.474 / 670.998     317.686 / 969.741     317.686 / 969.741     317.686 / 969.741     ms
[350.319s][info][gc,stats    ]    Subphase: Concurrent Mark Try Flush                     0.274 / 0.723         0.235 / 15.555        0.235 / 15.555        0.235 / 15.555      ms
[350.319s][info][gc,stats    ]    Subphase: Concurrent Mark Try Terminate                 5.088 / 16.332        4.425 / 16.632        4.425 / 16.632        4.425 / 16.632      ms
[350.319s][info][gc,stats    ]    Subphase: Concurrent References Enqueue                 0.006 / 0.008         0.005 / 0.008         0.005 / 0.008         0.005 / 0.008       ms
[350.319s][info][gc,stats    ]    Subphase: Concurrent References Process                 0.180 / 0.305         0.190 / 0.610         0.190 / 0.610         0.190 / 0.610       ms
[350.319s][info][gc,stats    ]    Subphase: Concurrent Roots ClassLoaderDataGraph         0.119 / 0.246         0.119 / 0.376         0.119 / 0.376         0.119 / 0.376       ms
[350.319s][info][gc,stats    ]    Subphase: Concurrent Roots CodeCache                    0.000 / 0.000         0.000 / 0.000         0.000 / 0.000         0.000 / 0.000       ms
[350.319s][info][gc,stats    ]    Subphase: Concurrent Roots JavaThreads                  3.027 / 3.542         3.925 / 8.610         3.925 / 8.610         3.925 / 8.610       ms
[350.319s][info][gc,stats    ]    Subphase: Concurrent Roots OopStorageSet                0.048 / 0.062         0.047 / 0.142         0.047 / 0.142         0.047 / 0.142       ms
[350.319s][info][gc,stats    ]    Subphase: Concurrent Weak Roots OopStorageSet           0.625 / 0.907         0.599 / 1.117         0.599 / 1.117         0.599 / 1.117       ms
[350.319s][info][gc,stats    ]    Subphase: Pause Mark Try Complete                       0.000 / 0.000         0.009 / 0.024         0.009 / 0.024         0.009 / 0.024       ms
[350.319s][info][gc,stats    ]      System: Java Threads                                    264 / 265             251 / 267             251 / 267             251 / 267         threads
[350.319s][info][gc,stats    ] =========================================================================================================================================================
[350.915s][info][gc,start    ] GC(204) Garbage Collection (Allocation Rate)
[350.915s][info][gc,task     ] GC(204) Using 2 workers
[350.915s][info][gc,phases   ] GC(204) Pause Mark Start 0.008ms
[351.605s][info][gc,phases   ] GC(204) Concurrent Mark 689.969ms
[351.606s][info][gc,phases   ] GC(204) Pause Mark End 0.040ms
[351.606s][info][gc,phases   ] GC(204) Concurrent Mark Free 0.002ms
[351.617s][info][gc,phases   ] GC(204) Concurrent Process Non-Strong References 11.271ms
[351.617s][info][gc,phases   ] GC(204) Concurrent Reset Relocation Set 0.003ms
[351.648s][info][gc,phases   ] GC(204) Concurrent Select Relocation Set 31.451ms
[351.649s][info][gc,phases   ] GC(204) Pause Relocate Start 0.010ms
[351.866s][info][gc,phases   ] GC(204) Concurrent Relocate 217.502ms
[351.866s][info][gc,load     ] GC(204) Load: 0.00/0.00/0.00
[351.866s][info][gc,mmu      ] GC(204) MMU: 2ms/95.0%, 5ms/98.0%, 10ms/99.0%, 20ms/99.5%, 50ms/99.8%, 100ms/99.9%
[351.866s][info][gc,marking  ] GC(204) Mark: 2 stripe(s), 2 proactive flush(es), 1 terminate flush(es), 0 completion(s), 0 continuation(s) 
[351.866s][info][gc,marking  ] GC(204) Mark Stack Usage: 32M
[351.866s][info][gc,nmethod  ] GC(204) NMethods: 12971 registered, 773 unregistered
[351.866s][info][gc,metaspace] GC(204) Metaspace: 73M used, 74M committed, 1152M reserved
[351.866s][info][gc,ref      ] GC(204) Soft: 5944 encountered, 0 discovered, 0 enqueued
[351.866s][info][gc,ref      ] GC(204) Weak: 6715 encountered, 833 discovered, 23 enqueued
[351.866s][info][gc,ref      ] GC(204) Final: 53 encountered, 0 discovered, 0 enqueued
[351.866s][info][gc,ref      ] GC(204) Phantom: 588 encountered, 359 discovered, 0 enqueued
[351.866s][info][gc,reloc    ] GC(204) Small Pages: 2189 / 4378M, Empty: 2128M, Relocated: 185M, In-Place: 0
[351.866s][info][gc,reloc    ] GC(204) Medium Pages: 5 / 160M, Empty: 128M, Relocated: 0M, In-Place: 0
[351.866s][info][gc,reloc    ] GC(204) Large Pages: 30 / 212M, Empty: 148M, Relocated: 0M, In-Place: 0
[351.866s][info][gc,reloc    ] GC(204) Forwarding Usage: 143M
[351.866s][info][gc,heap     ] GC(204) Min Capacity: 8192M(100%)
[351.866s][info][gc,heap     ] GC(204) Max Capacity: 8192M(100%)
[351.866s][info][gc,heap     ] GC(204) Soft Max Capacity: 8192M(100%)
[351.866s][info][gc,heap     ] GC(204)                Mark Start          Mark End        Relocate Start      Relocate End           High               Low         
[351.866s][info][gc,heap     ] GC(204)  Capacity:     8192M (100%)       8192M (100%)       8192M (100%)       8192M (100%)       8192M (100%)       8192M (100%)   
[351.866s][info][gc,heap     ] GC(204)      Free:     3442M (42%)        3100M (38%)        5472M (67%)        7026M (86%)        7028M (86%)        3090M (38%)    
[351.866s][info][gc,heap     ] GC(204)      Used:     4750M (58%)        5092M (62%)        2720M (33%)        1166M (14%)        5102M (62%)        1164M (14%)    
[351.866s][info][gc,heap     ] GC(204)      Live:         -               430M (5%)          430M (5%)          430M (5%)             -                  -          
[351.866s][info][gc,heap     ] GC(204) Allocated:         -               342M (4%)          374M (5%)          699M (9%)             -                  -          
[351.867s][info][gc,heap     ] GC(204)   Garbage:         -              4319M (53%)        1915M (23%)          35M (0%)             -                  -          
[351.867s][info][gc,heap     ] GC(204) Reclaimed:         -                  -              2404M (29%)        4283M (52%)            -                  -          
[351.867s][info][gc          ] GC(204) Garbage Collection (Allocation Rate) 4750M(58%)->1166M(14%)
[351.917s][info][gc,start    ] GC(205) Garbage Collection (Allocation Rate)
[351.917s][info][gc,task     ] GC(205) Using 2 workers
[351.917s][info][gc,phases   ] GC(205) Pause Mark Start 0.008ms
[352.168s][info][gc,phases   ] GC(205) Concurrent Mark 250.658ms
[352.168s][info][gc,phases   ] GC(205) Pause Mark End 0.018ms
[352.168s][info][gc,phases   ] GC(205) Concurrent Mark Free 0.001ms
[352.179s][info][gc,phases   ] GC(205) Concurrent Process Non-Strong References 10.684ms
[352.179s][info][gc,phases   ] GC(205) Concurrent Reset Relocation Set 0.093ms
[352.190s][info][gc,phases   ] GC(205) Concurrent Select Relocation Set 10.538ms
[352.190s][info][gc,phases   ] GC(205) Pause Relocate Start 0.013ms
[352.222s][info][gc,phases   ] GC(205) Concurrent Relocate 31.649ms
[352.222s][info][gc,load     ] GC(205) Load: 0.00/0.00/0.00
[352.222s][info][gc,mmu      ] GC(205) MMU: 2ms/95.0%, 5ms/98.0%, 10ms/99.0%, 20ms/99.5%, 50ms/99.8%, 100ms/99.9%
[352.222s][info][gc,marking  ] GC(205) Mark: 2 stripe(s), 2 proactive flush(es), 1 terminate flush(es), 0 completion(s), 0 continuation(s) 
[352.222s][info][gc,marking  ] GC(205) Mark Stack Usage: 32M
[352.222s][info][gc,nmethod  ] GC(205) NMethods: 12973 registered, 773 unregistered
[352.222s][info][gc,metaspace] GC(205) Metaspace: 73M used, 74M committed, 1152M reserved
[352.222s][info][gc,ref      ] GC(205) Soft: 5944 encountered, 0 discovered, 0 enqueued
[352.222s][info][gc,ref      ] GC(205) Weak: 6785 encountered, 1099 discovered, 219 enqueued
[352.222s][info][gc,ref      ] GC(205) Final: 53 encountered, 4 discovered, 0 enqueued
[352.222s][info][gc,ref      ] GC(205) Phantom: 588 encountered, 286 discovered, 0 enqueued
[352.222s][info][gc,reloc    ] GC(205) Small Pages: 494 / 988M, Empty: 548M, Relocated: 24M, In-Place: 0
[352.222s][info][gc,reloc    ] GC(205) Medium Pages: 4 / 128M, Empty: 96M, Relocated: 0M, In-Place: 0
[352.222s][info][gc,reloc    ] GC(205) Large Pages: 18 / 124M, Empty: 100M, Relocated: 0M, In-Place: 0
[352.222s][info][gc,reloc    ] GC(205) Forwarding Usage: 25M
[352.222s][info][gc,heap     ] GC(205) Min Capacity: 8192M(100%)
[352.222s][info][gc,heap     ] GC(205) Max Capacity: 8192M(100%)
[352.222s][info][gc,heap     ] GC(205) Soft Max Capacity: 8192M(100%)
[352.222s][info][gc,heap     ] GC(205)                Mark Start          Mark End        Relocate Start      Relocate End           High               Low         
[352.222s][info][gc,heap     ] GC(205)  Capacity:     8192M (100%)       8192M (100%)       8192M (100%)       8192M (100%)       8192M (100%)       8192M (100%)   
[352.222s][info][gc,heap     ] GC(205)      Free:     6952M (85%)        6556M (80%)        7282M (89%)        7488M (91%)        7488M (91%)        6544M (80%)    
[352.222s][info][gc,heap     ] GC(205)      Used:     1240M (15%)        1636M (20%)         910M (11%)         704M (9%)         1648M (20%)         704M (9%)     
[352.222s][info][gc,heap     ] GC(205)      Live:         -               223M (3%)          223M (3%)          223M (3%)             -                  -          
[352.222s][info][gc,heap     ] GC(205) Allocated:         -               396M (5%)          414M (5%)          448M (5%)             -                  -          
[352.222s][info][gc,heap     ] GC(205)   Garbage:         -              1016M (12%)         272M (3%)           32M (0%)             -                  -          
[352.222s][info][gc,heap     ] GC(205) Reclaimed:         -                  -               744M (9%)          984M (12%)            -                  -          
[352.222s][info][gc          ] GC(205) Garbage Collection (Allocation Rate) 1240M(15%)->704M(9%)
[353.267s][info][gc,start    ] GC(206) Garbage Collection (System.gc())
[353.267s][info][gc,task     ] GC(206) Using 2 workers
[353.267s][info][gc,phases   ] GC(206) Pause Mark Start 0.005ms
[353.414s][info][gc,phases   ] GC(206) Concurrent Mark 146.085ms
[353.414s][info][gc,phases   ] GC(206) Pause Mark End 0.026ms
[353.414s][info][gc,phases   ] GC(206) Concurrent Mark Free 0.002ms
[353.426s][info][gc,phases   ] GC(206) Concurrent Process Non-Strong References 12.207ms
[353.426s][info][gc,phases   ] GC(206) Concurrent Reset Relocation Set 0.015ms
[353.431s][info][gc,phases   ] GC(206) Concurrent Select Relocation Set 4.242ms
[353.431s][info][gc,phases   ] GC(206) Pause Relocate Start 0.008ms
[353.432s][info][gc,phases   ] GC(206) Concurrent Relocate 0.909ms
[353.432s][info][gc,load     ] GC(206) Load: 0.00/0.00/0.00
[353.432s][info][gc,mmu      ] GC(206) MMU: 2ms/95.0%, 5ms/98.0%, 10ms/99.0%, 20ms/99.5%, 50ms/99.8%, 100ms/99.9%
[353.432s][info][gc,marking  ] GC(206) Mark: 2 stripe(s), 2 proactive flush(es), 1 terminate flush(es), 0 completion(s), 0 continuation(s) 
[353.432s][info][gc,marking  ] GC(206) Mark Stack Usage: 32M
[353.432s][info][gc,nmethod  ] GC(206) NMethods: 12985 registered, 773 unregistered
[353.432s][info][gc,metaspace] GC(206) Metaspace: 73M used, 74M committed, 1152M reserved
[353.432s][info][gc,ref      ] GC(206) Soft: 5936 encountered, 0 discovered, 0 enqueued
[353.432s][info][gc,ref      ] GC(206) Weak: 6775 encountered, 1126 discovered, 379 enqueued
[353.432s][info][gc,ref      ] GC(206) Final: 53 encountered, 4 discovered, 0 enqueued
[353.432s][info][gc,ref      ] GC(206) Phantom: 588 encountered, 291 discovered, 0 enqueued
[353.432s][info][gc,reloc    ] GC(206) Small Pages: 1209 / 2418M, Empty: 2168M, Relocated: 1M, In-Place: 0
[353.432s][info][gc,reloc    ] GC(206) Medium Pages: 9 / 288M, Empty: 256M, Relocated: 0M, In-Place: 0
[353.432s][info][gc,reloc    ] GC(206) Large Pages: 35 / 210M, Empty: 210M, Relocated: 0M, In-Place: 0
[353.432s][info][gc,reloc    ] GC(206) Forwarding Usage: 0M
[353.432s][info][gc,heap     ] GC(206) Min Capacity: 8192M(100%)
[353.432s][info][gc,heap     ] GC(206) Max Capacity: 8192M(100%)
[353.432s][info][gc,heap     ] GC(206) Soft Max Capacity: 8192M(100%)
[353.432s][info][gc,heap     ] GC(206)                Mark Start          Mark End        Relocate Start      Relocate End           High               Low         
[353.432s][info][gc,heap     ] GC(206)  Capacity:     8192M (100%)       8192M (100%)       8192M (100%)       8192M (100%)       8192M (100%)       8192M (100%)   
[353.432s][info][gc,heap     ] GC(206)      Free:     5276M (64%)        5272M (64%)        7898M (96%)        7972M (97%)        7972M (97%)        5272M (64%)    
[353.432s][info][gc,heap     ] GC(206)      Used:     2916M (36%)        2920M (36%)         294M (4%)          220M (3%)         2920M (36%)         220M (3%)     
[353.432s][info][gc,heap     ] GC(206)      Live:         -               175M (2%)          175M (2%)          175M (2%)             -                  -          
[353.432s][info][gc,heap     ] GC(206) Allocated:         -                 4M (0%)           12M (0%)           11M (0%)             -                  -          
[353.432s][info][gc,heap     ] GC(206)   Garbage:         -              2740M (33%)         106M (1%)           32M (0%)             -                  -          
[353.432s][info][gc,heap     ] GC(206) Reclaimed:         -                  -              2634M (32%)        2707M (33%)            -                  -          
[353.432s][info][gc          ] GC(206) Garbage Collection (System.gc()) 2916M(36%)->220M(3%)
[355.622s][info][gc,start    ] GC(207) Garbage Collection (Allocation Rate)
[355.622s][info][gc,task     ] GC(207) Using 2 workers
[355.622s][info][gc,phases   ] GC(207) Pause Mark Start 0.005ms
[356.265s][info][gc,phases   ] GC(207) Concurrent Mark 643.412ms
[356.266s][info][gc,phases   ] GC(207) Pause Mark End 0.024ms
[356.266s][info][gc,phases   ] GC(207) Concurrent Mark Free 0.001ms
[356.278s][info][gc,phases   ] GC(207) Concurrent Process Non-Strong References 12.179ms
[356.278s][info][gc,phases   ] GC(207) Concurrent Reset Relocation Set 0.004ms
[356.310s][info][gc,phases   ] GC(207) Concurrent Select Relocation Set 32.016ms
[356.310s][info][gc,phases   ] GC(207) Pause Relocate Start 0.015ms
[356.523s][info][gc,phases   ] GC(207) Concurrent Relocate 212.845ms
[356.523s][info][gc,load     ] GC(207) Load: 0.00/0.00/0.00
[356.523s][info][gc,mmu      ] GC(207) MMU: 2ms/95.0%, 5ms/98.0%, 10ms/99.0%, 20ms/99.5%, 50ms/99.8%, 100ms/99.9%
[356.523s][info][gc,marking  ] GC(207) Mark: 2 stripe(s), 2 proactive flush(es), 1 terminate flush(es), 0 completion(s), 0 continuation(s) 
[356.523s][info][gc,marking  ] GC(207) Mark Stack Usage: 64M
[356.523s][info][gc,nmethod  ] GC(207) NMethods: 12995 registered, 773 unregistered
[356.523s][info][gc,metaspace] GC(207) Metaspace: 73M used, 74M committed, 1152M reserved
[356.523s][info][gc,ref      ] GC(207) Soft: 5944 encountered, 0 discovered, 0 enqueued
[356.523s][info][gc,ref      ] GC(207) Weak: 6718 encountered, 822 discovered, 22 enqueued
[356.523s][info][gc,ref      ] GC(207) Final: 53 encountered, 4 discovered, 0 enqueued
[356.523s][info][gc,ref      ] GC(207) Phantom: 588 encountered, 359 discovered, 0 enqueued
[356.523s][info][gc,reloc    ] GC(207) Small Pages: 2176 / 4352M, Empty: 2138M, Relocated: 181M, In-Place: 0
[356.523s][info][gc,reloc    ] GC(207) Medium Pages: 5 / 160M, Empty: 128M, Relocated: 0M, In-Place: 0
[356.523s][info][gc,reloc    ] GC(207) Large Pages: 30 / 212M, Empty: 148M, Relocated: 0M, In-Place: 0
[356.523s][info][gc,reloc    ] GC(207) Forwarding Usage: 140M
[356.523s][info][gc,heap     ] GC(207) Min Capacity: 8192M(100%)
[356.523s][info][gc,heap     ] GC(207) Max Capacity: 8192M(100%)
[356.523s][info][gc,heap     ] GC(207) Soft Max Capacity: 8192M(100%)
[356.523s][info][gc,heap     ] GC(207)                Mark Start          Mark End        Relocate Start      Relocate End           High               Low         
[356.523s][info][gc,heap     ] GC(207)  Capacity:     8192M (100%)       8192M (100%)       8192M (100%)       8192M (100%)       8192M (100%)       8192M (100%)   
[356.523s][info][gc,heap     ] GC(207)      Free:     3468M (42%)        3164M (39%)        5522M (67%)        7074M (86%)        7114M (87%)        3142M (38%)    
[356.523s][info][gc,heap     ] GC(207)      Used:     4724M (58%)        5028M (61%)        2670M (33%)        1118M (14%)        5050M (62%)        1078M (13%)    
[356.523s][info][gc,heap     ] GC(207)      Live:         -               429M (5%)          429M (5%)          429M (5%)             -                  -          
[356.523s][info][gc,heap     ] GC(207) Allocated:         -               304M (4%)          360M (4%)          651M (8%)             -                  -          
[356.523s][info][gc,heap     ] GC(207)   Garbage:         -              4294M (52%)        1880M (23%)          36M (0%)             -                  -          
[356.523s][info][gc,heap     ] GC(207) Reclaimed:         -                  -              2414M (29%)        4257M (52%)            -                  -          
[356.523s][info][gc          ] GC(207) Garbage Collection (Allocation Rate) 4724M(58%)->1118M(14%)
[356.625s][info][gc,start    ] GC(208) Garbage Collection (Allocation Rate)
[356.625s][info][gc,task     ] GC(208) Using 2 workers
[356.625s][info][gc,phases   ] GC(208) Pause Mark Start 0.006ms
[356.880s][info][gc,phases   ] GC(208) Concurrent Mark 255.023ms
[356.880s][info][gc,phases   ] GC(208) Pause Mark End 0.027ms
[356.880s][info][gc,phases   ] GC(208) Concurrent Mark Free 0.293ms
[356.891s][info][gc,phases   ] GC(208) Concurrent Process Non-Strong References 11.030ms
[356.892s][info][gc,phases   ] GC(208) Concurrent Reset Relocation Set 0.106ms
[356.902s][info][gc,phases   ] GC(208) Concurrent Select Relocation Set 10.510ms
[356.902s][info][gc,phases   ] GC(208) Pause Relocate Start 0.019ms
[356.934s][info][gc,phases   ] GC(208) Concurrent Relocate 31.718ms
[356.934s][info][gc,load     ] GC(208) Load: 0.00/0.00/0.00
[356.934s][info][gc,mmu      ] GC(208) MMU: 2ms/95.0%, 5ms/98.0%, 10ms/99.0%, 20ms/99.5%, 50ms/99.8%, 100ms/99.9%
[356.934s][info][gc,marking  ] GC(208) Mark: 2 stripe(s), 2 proactive flush(es), 1 terminate flush(es), 0 completion(s), 0 continuation(s) 
[356.934s][info][gc,marking  ] GC(208) Mark Stack Usage: 32M
[356.934s][info][gc,nmethod  ] GC(208) NMethods: 12995 registered, 773 unregistered
[356.934s][info][gc,metaspace] GC(208) Metaspace: 73M used, 74M committed, 1152M reserved
[356.934s][info][gc,ref      ] GC(208) Soft: 5944 encountered, 0 discovered, 0 enqueued
[356.934s][info][gc,ref      ] GC(208) Weak: 6798 encountered, 1003 discovered, 223 enqueued
[356.934s][info][gc,ref      ] GC(208) Final: 53 encountered, 2 discovered, 0 enqueued
[356.934s][info][gc,ref      ] GC(208) Phantom: 588 encountered, 484 discovered, 0 enqueued
[356.934s][info][gc,reloc    ] GC(208) Small Pages: 501 / 1002M, Empty: 550M, Relocated: 24M, In-Place: 0
[356.934s][info][gc,reloc    ] GC(208) Medium Pages: 4 / 128M, Empty: 96M, Relocated: 0M, In-Place: 0
[356.934s][info][gc,reloc    ] GC(208) Large Pages: 18 / 124M, Empty: 100M, Relocated: 0M, In-Place: 0
[356.934s][info][gc,reloc    ] GC(208) Forwarding Usage: 25M
[356.934s][info][gc,heap     ] GC(208) Min Capacity: 8192M(100%)
[356.934s][info][gc,heap     ] GC(208) Max Capacity: 8192M(100%)
[356.934s][info][gc,heap     ] GC(208) Soft Max Capacity: 8192M(100%)
[356.934s][info][gc,heap     ] GC(208)                Mark Start          Mark End        Relocate Start      Relocate End           High               Low         
[356.934s][info][gc,heap     ] GC(208)  Capacity:     8192M (100%)       8192M (100%)       8192M (100%)       8192M (100%)       8192M (100%)       8192M (100%)   
[356.934s][info][gc,heap     ] GC(208)      Free:     6938M (85%)        6532M (80%)        7256M (89%)        7474M (91%)        7476M (91%)        6518M (80%)    
[356.934s][info][gc,heap     ] GC(208)      Used:     1254M (15%)        1660M (20%)         936M (11%)         718M (9%)         1674M (20%)         716M (9%)     
[356.934s][info][gc,heap     ] GC(208)      Live:         -               223M (3%)          223M (3%)          223M (3%)             -                  -          
[356.934s][info][gc,heap     ] GC(208) Allocated:         -               406M (5%)          428M (5%)          460M (6%)             -                  -          
[356.934s][info][gc,heap     ] GC(208)   Garbage:         -              1030M (13%)         284M (3%)           34M (0%)             -                  -          
[356.934s][info][gc,heap     ] GC(208) Reclaimed:         -                  -               746M (9%)          996M (12%)            -                  -          
[356.934s][info][gc          ] GC(208) Garbage Collection (Allocation Rate) 1254M(15%)->718M(9%)
[357.966s][info][gc,start    ] GC(209) Garbage Collection (System.gc())
[357.966s][info][gc,task     ] GC(209) Using 2 workers
[357.966s][info][gc,phases   ] GC(209) Pause Mark Start 0.005ms
[358.102s][info][gc,phases   ] GC(209) Concurrent Mark 135.120ms
[358.102s][info][gc,phases   ] GC(209) Pause Mark End 0.026ms
[358.102s][info][gc,phases   ] GC(209) Concurrent Mark Free 0.002ms
[358.113s][info][gc,phases   ] GC(209) Concurrent Process Non-Strong References 11.268ms
[358.113s][info][gc,phases   ] GC(209) Concurrent Reset Relocation Set 0.014ms
[358.118s][info][gc,phases   ] GC(209) Concurrent Select Relocation Set 4.456ms
[358.118s][info][gc,phases   ] GC(209) Pause Relocate Start 0.011ms
[358.119s][info][gc,phases   ] GC(209) Concurrent Relocate 0.905ms
[358.119s][info][gc,load     ] GC(209) Load: 0.00/0.00/0.00
[358.119s][info][gc,mmu      ] GC(209) MMU: 2ms/95.0%, 5ms/98.0%, 10ms/99.0%, 20ms/99.5%, 50ms/99.8%, 100ms/99.9%
[358.119s][info][gc,marking  ] GC(209) Mark: 2 stripe(s), 2 proactive flush(es), 1 terminate flush(es), 0 completion(s), 0 continuation(s) 
[358.119s][info][gc,marking  ] GC(209) Mark Stack Usage: 32M
[358.119s][info][gc,nmethod  ] GC(209) NMethods: 13001 registered, 773 unregistered
[358.119s][info][gc,metaspace] GC(209) Metaspace: 73M used, 74M committed, 1152M reserved
[358.119s][info][gc,ref      ] GC(209) Soft: 5936 encountered, 0 discovered, 0 enqueued
[358.119s][info][gc,ref      ] GC(209) Weak: 6779 encountered, 1082 discovered, 380 enqueued
[358.119s][info][gc,ref      ] GC(209) Final: 53 encountered, 4 discovered, 0 enqueued
[358.119s][info][gc,ref      ] GC(209) Phantom: 588 encountered, 504 discovered, 0 enqueued
[358.119s][info][gc,reloc    ] GC(209) Small Pages: 1218 / 2436M, Empty: 2180M, Relocated: 1M, In-Place: 0
[358.119s][info][gc,reloc    ] GC(209) Medium Pages: 9 / 288M, Empty: 256M, Relocated: 0M, In-Place: 0
[358.119s][info][gc,reloc    ] GC(209) Large Pages: 32 / 192M, Empty: 192M, Relocated: 0M, In-Place: 0
[358.119s][info][gc,reloc    ] GC(209) Forwarding Usage: 0M
[358.119s][info][gc,heap     ] GC(209) Min Capacity: 8192M(100%)
[358.119s][info][gc,heap     ] GC(209) Max Capacity: 8192M(100%)
[358.119s][info][gc,heap     ] GC(209) Soft Max Capacity: 8192M(100%)
[358.119s][info][gc,heap     ] GC(209)                Mark Start          Mark End        Relocate Start      Relocate End           High               Low         
[358.119s][info][gc,heap     ] GC(209)  Capacity:     8192M (100%)       8192M (100%)       8192M (100%)       8192M (100%)       8192M (100%)       8192M (100%)   
[358.119s][info][gc,heap     ] GC(209)      Free:     5276M (64%)        5274M (64%)        7892M (96%)        7970M (97%)        7970M (97%)        5274M (64%)    
[358.119s][info][gc,heap     ] GC(209)      Used:     2916M (36%)        2918M (36%)         300M (4%)          222M (3%)         2918M (36%)         222M (3%)     
[358.119s][info][gc,heap     ] GC(209)      Live:         -               175M (2%)          175M (2%)          175M (2%)             -                  -          
[358.119s][info][gc,heap     ] GC(209) Allocated:         -                 2M (0%)           12M (0%)           13M (0%)             -                  -          
[358.119s][info][gc,heap     ] GC(209)   Garbage:         -              2740M (33%)         112M (1%)           32M (0%)             -                  -          
[358.119s][info][gc,heap     ] GC(209) Reclaimed:         -                  -              2628M (32%)        2707M (33%)            -                  -          
[358.119s][info][gc          ] GC(209) Garbage Collection (System.gc()) 2916M(36%)->222M(3%)
[360.327s][info][gc,stats    ] === Garbage Collection Statistics =======================================================================================================================
[360.327s][info][gc,start    ] GC(210) Garbage Collection (Allocation Rate)
[360.327s][info][gc,stats    ]                                                              Last 10s              Last 10m              Last 10h                Total
[360.327s][info][gc,task     ] GC(210) Using 2 workers
[360.327s][info][gc,stats    ]                                                              Avg / Max             Avg / Max             Avg / Max             Avg / Max
[360.327s][info][gc,stats    ]   Collector: Garbage Collection Cycle                    464.011 / 951.227     428.507 / 983.217     428.507 / 983.217     428.507 / 983.217     ms
[360.327s][info][gc,stats    ]  Contention: Mark Segment Reset Contention                     3 / 17                3 / 36                3 / 36                3 / 36          ops/s
[360.327s][info][gc,stats    ]  Contention: Mark SeqNum Reset Contention                      0 / 1                 0 / 2                 0 / 2                 0 / 2           ops/s
[360.327s][info][gc,stats    ]    Critical: Allocation Stall                                  0 / 0                 0 / 0                 0 / 0                 0 / 0           ops/s
[360.327s][info][gc,stats    ]    Critical: Allocation Stall                              0.000 / 0.000         0.000 / 0.000         0.000 / 0.000         0.000 / 0.000       ms
[360.327s][info][gc,stats    ]    Critical: GC Locker Stall                                   0 / 0                 0 / 0                 0 / 0                 0 / 0           ops/s
[360.327s][info][gc,stats    ]    Critical: GC Locker Stall                               0.000 / 0.000         0.000 / 0.000         0.000 / 0.000         0.000 / 0.000       ms
[360.327s][info][gc,phases   ] GC(210) Pause Mark Start 0.006ms
[360.327s][info][gc,stats    ]    Critical: Relocation Stall                                  0 / 0                 0 / 0                 0 / 0                 0 / 0           ops/s
[360.327s][info][gc,stats    ]    Critical: Relocation Stall                              0.000 / 0.000         0.000 / 0.000         0.000 / 0.000         0.000 / 0.000       ms
[360.327s][info][gc,stats    ]      Memory: Allocation Rate                                1747 / 2252           1605 / 3876           1605 / 3876           1605 / 3876        MB/s
[360.327s][info][gc,stats    ]      Memory: Out Of Memory                                     0 / 0                 0 / 0                 0 / 0                 0 / 0           ops/s
[360.327s][info][gc,stats    ]      Memory: Page Cache Flush                                  0 / 0                 0 / 0                 0 / 0                 0 / 0           MB/s
[360.327s][info][gc,stats    ]      Memory: Page Cache Hit L1                               815 / 1060            738 / 1729            738 / 1729            738 / 1729        ops/s
[360.327s][info][gc,stats    ]      Memory: Page Cache Hit L2                                 0 / 0                 0 / 0                 0 / 0                 0 / 0           ops/s
[360.327s][info][gc,stats    ]      Memory: Page Cache Hit L3                                 0 / 0                 6 / 527               6 / 527               6 / 527         ops/s
[360.327s][info][gc,stats    ]      Memory: Page Cache Miss                                   0 / 0                 0 / 1                 0 / 1                 0 / 1           ops/s
[360.327s][info][gc,stats    ]      Memory: Uncommit                                          0 / 0                 0 / 0                 0 / 0                 0 / 0           MB/s
[360.327s][info][gc,stats    ]      Memory: Undo Object Allocation Failed                     0 / 0                 0 / 1                 0 / 1                 0 / 1           ops/s
[360.327s][info][gc,stats    ]      Memory: Undo Object Allocation Succeeded                  1 / 12                4 / 101               4 / 101               4 / 101         ops/s
[360.327s][info][gc,stats    ]      Memory: Undo Page Allocation                              0 / 0                 0 / 2                 0 / 2                 0 / 2           ops/s
[360.327s][info][gc,stats    ]       Phase: Concurrent Mark                             353.378 / 689.969     326.731 / 972.666     326.731 / 972.666     326.731 / 972.666     ms
[360.327s][info][gc,stats    ]       Phase: Concurrent Mark Continue                      0.000 / 0.000         0.000 / 0.000         0.000 / 0.000         0.000 / 0.000       ms
[360.327s][info][gc,stats    ]       Phase: Concurrent Mark Free                          0.050 / 0.293         0.005 / 0.317         0.005 / 0.317         0.005 / 0.317       ms
[360.327s][info][gc,stats    ]       Phase: Concurrent Process Non-Strong References     11.440 / 12.207       10.332 / 15.785       10.332 / 15.785       10.332 / 15.785      ms
[360.327s][info][gc,stats    ]       Phase: Concurrent Relocate                          82.588 / 217.502      75.571 / 226.884      75.571 / 226.884      75.571 / 226.884     ms
[360.327s][info][gc,stats    ]       Phase: Concurrent Reset Relocation Set               0.039 / 0.106         0.039 / 0.139         0.039 / 0.139         0.039 / 0.139       ms
[360.327s][info][gc,stats    ]       Phase: Concurrent Select Relocation Set             15.536 / 32.016       14.708 / 41.971       14.708 / 41.971       14.708 / 41.971      ms
[360.327s][info][gc,stats    ]       Phase: Pause Mark End                                0.027 / 0.040         0.027 / 0.101         0.027 / 0.101         0.027 / 0.101       ms
[360.327s][info][gc,stats    ]       Phase: Pause Mark Start                              0.006 / 0.008         0.007 / 0.014         0.007 / 0.014         0.007 / 0.014       ms
[360.327s][info][gc,stats    ]       Phase: Pause Relocate Start                          0.013 / 0.019         0.013 / 0.032         0.013 / 0.032         0.013 / 0.032       ms
[360.327s][info][gc,stats    ]    Subphase: Concurrent Classes Purge                      0.492 / 0.627         0.425 / 0.716         0.425 / 0.716         0.425 / 0.716       ms
[360.327s][info][gc,stats    ]    Subphase: Concurrent Classes Unlink                     9.940 / 10.720        8.782 / 12.957        8.782 / 12.957        8.782 / 12.957      ms
[360.327s][info][gc,stats    ]    Subphase: Concurrent Mark                             345.277 / 686.413     318.475 / 969.741     318.475 / 969.741     318.475 / 969.741     ms
[360.327s][info][gc,stats    ]    Subphase: Concurrent Mark Try Flush                     0.161 / 0.317         0.233 / 15.555        0.233 / 15.555        0.233 / 15.555      ms
[360.327s][info][gc,stats    ]    Subphase: Concurrent Mark Try Terminate                 3.442 / 16.659        4.401 / 16.659        4.401 / 16.659        4.401 / 16.659      ms
[360.327s][info][gc,stats    ]    Subphase: Concurrent References Enqueue                 0.006 / 0.007         0.005 / 0.008         0.005 / 0.008         0.005 / 0.008       ms
[360.327s][info][gc,stats    ]    Subphase: Concurrent References Process                 0.186 / 0.277         0.190 / 0.610         0.190 / 0.610         0.190 / 0.610       ms
[360.327s][info][gc,stats    ]    Subphase: Concurrent Roots ClassLoaderDataGraph         0.127 / 0.362         0.119 / 0.376         0.119 / 0.376         0.119 / 0.376       ms
[360.327s][info][gc,stats    ]    Subphase: Concurrent Roots CodeCache                    0.000 / 0.000         0.000 / 0.000         0.000 / 0.000         0.000 / 0.000       ms
[360.327s][info][gc,stats    ]    Subphase: Concurrent Roots JavaThreads                  2.961 / 3.442         3.897 / 8.610         3.897 / 8.610         3.897 / 8.610       ms
[360.327s][info][gc,stats    ]    Subphase: Concurrent Roots OopStorageSet                0.045 / 0.072         0.047 / 0.142         0.047 / 0.142         0.047 / 0.142       ms
[360.327s][info][gc,stats    ]    Subphase: Concurrent Weak Roots OopStorageSet           0.551 / 0.851         0.598 / 1.117         0.598 / 1.117         0.598 / 1.117       ms
[360.327s][info][gc,stats    ]    Subphase: Pause Mark Try Complete                       0.000 / 0.000         0.009 / 0.024         0.009 / 0.024         0.009 / 0.024       ms
[360.327s][info][gc,stats    ]      System: Java Threads                                    264 / 265             251 / 267             251 / 267             251 / 267         threads
[360.327s][info][gc,stats    ] =========================================================================================================================================================
[360.964s][info][gc,phases   ] GC(210) Concurrent Mark 636.598ms
[360.964s][info][gc,phases   ] GC(210) Pause Mark End 0.031ms
[360.964s][info][gc,phases   ] GC(210) Concurrent Mark Free 0.001ms
[360.977s][info][gc,phases   ] GC(210) Concurrent Process Non-Strong References 12.771ms
[360.977s][info][gc,phases   ] GC(210) Concurrent Reset Relocation Set 0.004ms
[361.010s][info][gc,phases   ] GC(210) Concurrent Select Relocation Set 33.158ms
[361.010s][info][gc,phases   ] GC(210) Pause Relocate Start 0.026ms
[361.227s][info][gc,phases   ] GC(210) Concurrent Relocate 216.398ms
[361.227s][info][gc,load     ] GC(210) Load: 0.00/0.00/0.00
[361.227s][info][gc,mmu      ] GC(210) MMU: 2ms/95.0%, 5ms/98.0%, 10ms/99.0%, 20ms/99.5%, 50ms/99.8%, 100ms/99.9%
[361.227s][info][gc,marking  ] GC(210) Mark: 2 stripe(s), 2 proactive flush(es), 1 terminate flush(es), 0 completion(s), 0 continuation(s) 
[361.227s][info][gc,marking  ] GC(210) Mark Stack Usage: 32M
[361.227s][info][gc,nmethod  ] GC(210) NMethods: 13008 registered, 773 unregistered
[361.227s][info][gc,metaspace] GC(210) Metaspace: 73M used, 74M committed, 1152M reserved
[361.227s][info][gc,ref      ] GC(210) Soft: 5944 encountered, 0 discovered, 0 enqueued
[361.227s][info][gc,ref      ] GC(210) Weak: 6704 encountered, 724 discovered, 23 enqueued
[361.227s][info][gc,ref      ] GC(210) Final: 53 encountered, 0 discovered, 0 enqueued
[361.227s][info][gc,ref      ] GC(210) Phantom: 588 encountered, 321 discovered, 0 enqueued
[361.227s][info][gc,reloc    ] GC(210) Small Pages: 2173 / 4346M, Empty: 2132M, Relocated: 190M, In-Place: 0
[361.227s][info][gc,reloc    ] GC(210) Medium Pages: 5 / 160M, Empty: 128M, Relocated: 0M, In-Place: 0
[361.227s][info][gc,reloc    ] GC(210) Large Pages: 30 / 212M, Empty: 148M, Relocated: 0M, In-Place: 0
[361.227s][info][gc,reloc    ] GC(210) Forwarding Usage: 144M
[361.227s][info][gc,heap     ] GC(210) Min Capacity: 8192M(100%)
[361.227s][info][gc,heap     ] GC(210) Max Capacity: 8192M(100%)
[361.227s][info][gc,heap     ] GC(210) Soft Max Capacity: 8192M(100%)
[361.227s][info][gc,heap     ] GC(210)                Mark Start          Mark End        Relocate Start      Relocate End           High               Low         
[361.227s][info][gc,heap     ] GC(210)  Capacity:     8192M (100%)       8192M (100%)       8192M (100%)       8192M (100%)       8192M (100%)       8192M (100%)   
[361.227s][info][gc,heap     ] GC(210)      Free:     3474M (42%)        3178M (39%)        5532M (68%)        7066M (86%)        7122M (87%)        3164M (39%)    
[361.227s][info][gc,heap     ] GC(210)      Used:     4718M (58%)        5014M (61%)        2660M (32%)        1126M (14%)        5028M (61%)        1070M (13%)    
[361.227s][info][gc,heap     ] GC(210)      Live:         -               429M (5%)          429M (5%)          429M (5%)             -                  -          
[361.227s][info][gc,heap     ] GC(210) Allocated:         -               296M (4%)          350M (4%)          665M (8%)             -                  -          
[361.227s][info][gc,heap     ] GC(210)   Garbage:         -              4288M (52%)        1880M (23%)          30M (0%)             -                  -          
[361.227s][info][gc,heap     ] GC(210) Reclaimed:         -                  -              2408M (29%)        4257M (52%)            -                  -          
[361.227s][info][gc          ] GC(210) Garbage Collection (Allocation Rate) 4718M(58%)->1126M(14%)
[361.326s][info][gc,start    ] GC(211) Garbage Collection (Allocation Rate)
[361.326s][info][gc,task     ] GC(211) Using 2 workers
[361.326s][info][gc,phases   ] GC(211) Pause Mark Start 0.010ms
[361.571s][info][gc,phases   ] GC(211) Concurrent Mark 244.372ms
[361.571s][info][gc,phases   ] GC(211) Pause Mark End 0.033ms
[361.571s][info][gc,phases   ] GC(211) Concurrent Mark Free 0.001ms
[361.582s][info][gc,phases   ] GC(211) Concurrent Process Non-Strong References 10.676ms
[361.582s][info][gc,phases   ] GC(211) Concurrent Reset Relocation Set 0.092ms
[361.593s][info][gc,phases   ] GC(211) Concurrent Select Relocation Set 10.449ms
[361.593s][info][gc,phases   ] GC(211) Pause Relocate Start 0.018ms
[361.625s][info][gc,phases   ] GC(211) Concurrent Relocate 31.841ms
[361.625s][info][gc,load     ] GC(211) Load: 0.00/0.00/0.00
[361.625s][info][gc,mmu      ] GC(211) MMU: 2ms/95.0%, 5ms/98.0%, 10ms/99.0%, 20ms/99.5%, 50ms/99.8%, 100ms/99.9%
[361.625s][info][gc,marking  ] GC(211) Mark: 2 stripe(s), 2 proactive flush(es), 1 terminate flush(es), 0 completion(s), 0 continuation(s) 
[361.625s][info][gc,marking  ] GC(211) Mark Stack Usage: 32M
[361.625s][info][gc,nmethod  ] GC(211) NMethods: 13009 registered, 773 unregistered
[361.625s][info][gc,metaspace] GC(211) Metaspace: 73M used, 74M committed, 1152M reserved
[361.625s][info][gc,ref      ] GC(211) Soft: 5943 encountered, 0 discovered, 0 enqueued
[361.625s][info][gc,ref      ] GC(211) Weak: 6789 encountered, 897 discovered, 219 enqueued
[361.625s][info][gc,ref      ] GC(211) Final: 53 encountered, 0 discovered, 0 enqueued
[361.625s][info][gc,ref      ] GC(211) Phantom: 588 encountered, 289 discovered, 0 enqueued
[361.625s][info][gc,reloc    ] GC(211) Small Pages: 496 / 992M, Empty: 548M, Relocated: 25M, In-Place: 0
[361.625s][info][gc,reloc    ] GC(211) Medium Pages: 4 / 128M, Empty: 96M, Relocated: 0M, In-Place: 0
[361.625s][info][gc,reloc    ] GC(211) Large Pages: 18 / 124M, Empty: 100M, Relocated: 0M, In-Place: 0
[361.625s][info][gc,reloc    ] GC(211) Forwarding Usage: 25M
[361.625s][info][gc,heap     ] GC(211) Min Capacity: 8192M(100%)
[361.625s][info][gc,heap     ] GC(211) Max Capacity: 8192M(100%)
[361.625s][info][gc,heap     ] GC(211) Soft Max Capacity: 8192M(100%)
[361.625s][info][gc,heap     ] GC(211)                Mark Start          Mark End        Relocate Start      Relocate End           High               Low         
[361.625s][info][gc,heap     ] GC(211)  Capacity:     8192M (100%)       8192M (100%)       8192M (100%)       8192M (100%)       8192M (100%)       8192M (100%)   
[361.625s][info][gc,heap     ] GC(211)      Free:     6948M (85%)        6546M (80%)        7272M (89%)        7482M (91%)        7484M (91%)        6536M (80%)    
[361.625s][info][gc,heap     ] GC(211)      Used:     1244M (15%)        1646M (20%)         920M (11%)         710M (9%)         1656M (20%)         708M (9%)     
[361.625s][info][gc,heap     ] GC(211)      Live:         -               223M (3%)          223M (3%)          223M (3%)             -                  -          
[361.625s][info][gc,heap     ] GC(211) Allocated:         -               402M (5%)          420M (5%)          454M (6%)             -                  -          
[361.625s][info][gc,heap     ] GC(211)   Garbage:         -              1020M (12%)         276M (3%)           32M (0%)             -                  -          
[361.625s][info][gc,heap     ] GC(211) Reclaimed:         -                  -               744M (9%)          988M (12%)            -                  -          
[361.625s][info][gc          ] GC(211) Garbage Collection (Allocation Rate) 1244M(15%)->710M(9%)
[362.665s][info][gc,start    ] GC(212) Garbage Collection (System.gc())
[362.666s][info][gc,task     ] GC(212) Using 2 workers
[362.666s][info][gc,phases   ] GC(212) Pause Mark Start 0.005ms
[362.807s][info][gc,phases   ] GC(212) Concurrent Mark 141.104ms
[362.807s][info][gc,phases   ] GC(212) Pause Mark End 0.025ms
[362.807s][info][gc,phases   ] GC(212) Concurrent Mark Free 0.002ms
[362.819s][info][gc,phases   ] GC(212) Concurrent Process Non-Strong References 11.970ms
[362.819s][info][gc,phases   ] GC(212) Concurrent Reset Relocation Set 0.015ms
[362.823s][info][gc,phases   ] GC(212) Concurrent Select Relocation Set 3.644ms
[362.823s][info][gc,phases   ] GC(212) Pause Relocate Start 0.008ms
[362.824s][info][gc,phases   ] GC(212) Concurrent Relocate 0.758ms
[362.824s][info][gc,load     ] GC(212) Load: 0.00/0.00/0.00
[362.824s][info][gc,mmu      ] GC(212) MMU: 2ms/95.0%, 5ms/98.0%, 10ms/99.0%, 20ms/99.5%, 50ms/99.8%, 100ms/99.9%
[362.824s][info][gc,marking  ] GC(212) Mark: 2 stripe(s), 2 proactive flush(es), 1 terminate flush(es), 0 completion(s), 0 continuation(s) 
[362.824s][info][gc,marking  ] GC(212) Mark Stack Usage: 32M
[362.824s][info][gc,nmethod  ] GC(212) NMethods: 13021 registered, 773 unregistered
[362.824s][info][gc,metaspace] GC(212) Metaspace: 73M used, 74M committed, 1152M reserved
[362.824s][info][gc,ref      ] GC(212) Soft: 5936 encountered, 0 discovered, 0 enqueued
[362.824s][info][gc,ref      ] GC(212) Weak: 6773 encountered, 1106 discovered, 379 enqueued
[362.824s][info][gc,ref      ] GC(212) Final: 53 encountered, 28 discovered, 0 enqueued
[362.824s][info][gc,ref      ] GC(212) Phantom: 588 encountered, 286 discovered, 0 enqueued
[362.824s][info][gc,reloc    ] GC(212) Small Pages: 1221 / 2442M, Empty: 2192M, Relocated: 1M, In-Place: 0
[362.824s][info][gc,reloc    ] GC(212) Medium Pages: 9 / 288M, Empty: 256M, Relocated: 0M, In-Place: 0
[362.824s][info][gc,reloc    ] GC(212) Large Pages: 36 / 216M, Empty: 216M, Relocated: 0M, In-Place: 0
[362.824s][info][gc,reloc    ] GC(212) Forwarding Usage: 0M
[362.824s][info][gc,heap     ] GC(212) Min Capacity: 8192M(100%)
[362.824s][info][gc,heap     ] GC(212) Max Capacity: 8192M(100%)
[362.824s][info][gc,heap     ] GC(212) Soft Max Capacity: 8192M(100%)
[362.824s][info][gc,heap     ] GC(212)                Mark Start          Mark End        Relocate Start      Relocate End           High               Low         
[362.824s][info][gc,heap     ] GC(212)  Capacity:     8192M (100%)       8192M (100%)       8192M (100%)       8192M (100%)       8192M (100%)       8192M (100%)   
[362.824s][info][gc,heap     ] GC(212)      Free:     5246M (64%)        5244M (64%)        7898M (96%)        7972M (97%)        7972M (97%)        5244M (64%)    
[362.824s][info][gc,heap     ] GC(212)      Used:     2946M (36%)        2948M (36%)         294M (4%)          220M (3%)         2948M (36%)         220M (3%)     
[362.824s][info][gc,heap     ] GC(212)      Live:         -               175M (2%)          175M (2%)          175M (2%)             -                  -          
[362.824s][info][gc,heap     ] GC(212) Allocated:         -                 2M (0%)           12M (0%)           12M (0%)             -                  -          
[362.824s][info][gc,heap     ] GC(212)   Garbage:         -              2770M (34%)         106M (1%)           32M (0%)             -                  -          
[362.824s][info][gc,heap     ] GC(212) Reclaimed:         -                  -              2664M (33%)        2738M (33%)            -                  -          
[362.824s][info][gc          ] GC(212) Garbage Collection (System.gc()) 2946M(36%)->220M(3%)
[365.023s][info][gc,start    ] GC(213) Garbage Collection (Allocation Rate)
[365.023s][info][gc,task     ] GC(213) Using 2 workers
[365.023s][info][gc,phases   ] GC(213) Pause Mark Start 0.006ms
[365.669s][info][gc,phases   ] GC(213) Concurrent Mark 645.549ms
[365.669s][info][gc,phases   ] GC(213) Pause Mark End 0.030ms
[365.669s][info][gc,phases   ] GC(213) Concurrent Mark Free 0.001ms
[365.681s][info][gc,phases   ] GC(213) Concurrent Process Non-Strong References 11.762ms
[365.681s][info][gc,phases   ] GC(213) Concurrent Reset Relocation Set 0.006ms
[365.713s][info][gc,phases   ] GC(213) Concurrent Select Relocation Set 32.127ms
[365.713s][info][gc,phases   ] GC(213) Pause Relocate Start 0.012ms
[365.928s][info][gc,phases   ] GC(213) Concurrent Relocate 214.333ms
[365.928s][info][gc,load     ] GC(213) Load: 0.00/0.00/0.00
[365.928s][info][gc,mmu      ] GC(213) MMU: 2ms/95.0%, 5ms/98.0%, 10ms/99.0%, 20ms/99.5%, 50ms/99.8%, 100ms/99.9%
[365.928s][info][gc,marking  ] GC(213) Mark: 2 stripe(s), 2 proactive flush(es), 1 terminate flush(es), 0 completion(s), 0 continuation(s) 
[365.928s][info][gc,marking  ] GC(213) Mark Stack Usage: 32M
[365.928s][info][gc,nmethod  ] GC(213) NMethods: 13023 registered, 773 unregistered
[365.928s][info][gc,metaspace] GC(213) Metaspace: 73M used, 74M committed, 1152M reserved
[365.928s][info][gc,ref      ] GC(213) Soft: 5944 encountered, 0 discovered, 0 enqueued
[365.928s][info][gc,ref      ] GC(213) Weak: 6705 encountered, 844 discovered, 22 enqueued
[365.928s][info][gc,ref      ] GC(213) Final: 53 encountered, 4 discovered, 0 enqueued
[365.928s][info][gc,ref      ] GC(213) Phantom: 588 encountered, 377 discovered, 0 enqueued
[365.928s][info][gc,reloc    ] GC(213) Small Pages: 2171 / 4342M, Empty: 2132M, Relocated: 181M, In-Place: 0
[365.928s][info][gc,reloc    ] GC(213) Medium Pages: 5 / 160M, Empty: 128M, Relocated: 0M, In-Place: 0
[365.928s][info][gc,reloc    ] GC(213) Large Pages: 30 / 212M, Empty: 148M, Relocated: 0M, In-Place: 0
[365.928s][info][gc,reloc    ] GC(213) Forwarding Usage: 140M
[365.928s][info][gc,heap     ] GC(213) Min Capacity: 8192M(100%)
[365.928s][info][gc,heap     ] GC(213) Max Capacity: 8192M(100%)
[365.928s][info][gc,heap     ] GC(213) Soft Max Capacity: 8192M(100%)
[365.928s][info][gc,heap     ] GC(213)                Mark Start          Mark End        Relocate Start      Relocate End           High               Low         
[365.928s][info][gc,heap     ] GC(213)  Capacity:     8192M (100%)       8192M (100%)       8192M (100%)       8192M (100%)       8192M (100%)       8192M (100%)   
[365.928s][info][gc,heap     ] GC(213)      Free:     3478M (42%)        3170M (39%)        5524M (67%)        7046M (86%)        7088M (87%)        3152M (38%)    
[365.928s][info][gc,heap     ] GC(213)      Used:     4714M (58%)        5022M (61%)        2668M (33%)        1146M (14%)        5040M (62%)        1104M (13%)    
[365.928s][info][gc,heap     ] GC(213)      Live:         -               429M (5%)          429M (5%)          429M (5%)             -                  -          
[365.928s][info][gc,heap     ] GC(213) Allocated:         -               308M (4%)          362M (4%)          679M (8%)             -                  -          
[365.928s][info][gc,heap     ] GC(213)   Garbage:         -              4284M (52%)        1876M (23%)          36M (0%)             -                  -          
[365.928s][info][gc,heap     ] GC(213) Reclaimed:         -                  -              2408M (29%)        4247M (52%)            -                  -          
[365.928s][info][gc          ] GC(213) Garbage Collection (Allocation Rate) 4714M(58%)->1146M(14%)
[366.016s][info][gc,start    ] GC(214) Garbage Collection (Allocation Rate)
[366.016s][info][gc,task     ] GC(214) Using 2 workers
[366.016s][info][gc,phases   ] GC(214) Pause Mark Start 0.006ms
[366.247s][info][gc,phases   ] GC(214) Concurrent Mark 230.935ms
[366.247s][info][gc,phases   ] GC(214) Pause Mark End 0.016ms
[366.247s][info][gc,phases   ] GC(214) Concurrent Mark Free 0.001ms
[366.258s][info][gc,phases   ] GC(214) Concurrent Process Non-Strong References 10.688ms
[366.258s][info][gc,phases   ] GC(214) Concurrent Reset Relocation Set 0.103ms
[366.269s][info][gc,phases   ] GC(214) Concurrent Select Relocation Set 10.876ms
[366.269s][info][gc,phases   ] GC(214) Pause Relocate Start 0.010ms
[366.302s][info][gc,phases   ] GC(214) Concurrent Relocate 32.822ms
[366.302s][info][gc,load     ] GC(214) Load: 0.00/0.00/0.00
[366.302s][info][gc,mmu      ] GC(214) MMU: 2ms/95.0%, 5ms/98.0%, 10ms/99.0%, 20ms/99.5%, 50ms/99.8%, 100ms/99.9%
[366.302s][info][gc,marking  ] GC(214) Mark: 2 stripe(s), 2 proactive flush(es), 1 terminate flush(es), 0 completion(s), 0 continuation(s) 
[366.302s][info][gc,marking  ] GC(214) Mark Stack Usage: 32M
[366.302s][info][gc,nmethod  ] GC(214) NMethods: 13029 registered, 773 unregistered
[366.302s][info][gc,metaspace] GC(214) Metaspace: 73M used, 74M committed, 1152M reserved
[366.302s][info][gc,ref      ] GC(214) Soft: 5942 encountered, 0 discovered, 0 enqueued
[366.302s][info][gc,ref      ] GC(214) Weak: 6756 encountered, 917 discovered, 220 enqueued
[366.302s][info][gc,ref      ] GC(214) Final: 53 encountered, 0 discovered, 0 enqueued
[366.302s][info][gc,ref      ] GC(214) Phantom: 588 encountered, 321 discovered, 0 enqueued
[366.302s][info][gc,reloc    ] GC(214) Small Pages: 495 / 990M, Empty: 562M, Relocated: 25M, In-Place: 0
[366.302s][info][gc,reloc    ] GC(214) Medium Pages: 4 / 128M, Empty: 96M, Relocated: 0M, In-Place: 0
[366.302s][info][gc,reloc    ] GC(214) Large Pages: 18 / 124M, Empty: 100M, Relocated: 0M, In-Place: 0
[366.302s][info][gc,reloc    ] GC(214) Forwarding Usage: 26M
[366.302s][info][gc,heap     ] GC(214) Min Capacity: 8192M(100%)
[366.302s][info][gc,heap     ] GC(214) Max Capacity: 8192M(100%)
[366.302s][info][gc,heap     ] GC(214) Soft Max Capacity: 8192M(100%)
[366.302s][info][gc,heap     ] GC(214)                Mark Start          Mark End        Relocate Start      Relocate End           High               Low         
[366.302s][info][gc,heap     ] GC(214)  Capacity:     8192M (100%)       8192M (100%)       8192M (100%)       8192M (100%)       8192M (100%)       8192M (100%)   
[366.302s][info][gc,heap     ] GC(214)      Free:     6950M (85%)        6554M (80%)        7292M (89%)        7490M (91%)        7490M (91%)        6546M (80%)    
[366.302s][info][gc,heap     ] GC(214)      Used:     1242M (15%)        1638M (20%)         900M (11%)         702M (9%)         1646M (20%)         702M (9%)     
[366.302s][info][gc,heap     ] GC(214)      Live:         -               223M (3%)          223M (3%)          223M (3%)             -                  -          
[366.302s][info][gc,heap     ] GC(214) Allocated:         -               396M (5%)          416M (5%)          446M (5%)             -                  -          
[366.302s][info][gc,heap     ] GC(214)   Garbage:         -              1018M (12%)         260M (3%)           32M (0%)             -                  -          
[366.302s][info][gc,heap     ] GC(214) Reclaimed:         -                  -               758M (9%)          986M (12%)            -                  -          
[366.302s][info][gc          ] GC(214) Garbage Collection (Allocation Rate) 1242M(15%)->702M(9%)
[367.349s][info][gc,start    ] GC(215) Garbage Collection (System.gc())
[367.349s][info][gc,task     ] GC(215) Using 2 workers
[367.349s][info][gc,phases   ] GC(215) Pause Mark Start 0.005ms
[367.482s][info][gc,phases   ] GC(215) Concurrent Mark 132.572ms
[367.482s][info][gc,phases   ] GC(215) Pause Mark End 0.025ms
[367.482s][info][gc,phases   ] GC(215) Concurrent Mark Free 0.002ms
[367.494s][info][gc,phases   ] GC(215) Concurrent Process Non-Strong References 11.539ms
[367.494s][info][gc,phases   ] GC(215) Concurrent Reset Relocation Set 0.015ms
[367.498s][info][gc,phases   ] GC(215) Concurrent Select Relocation Set 4.544ms
[367.498s][info][gc,phases   ] GC(215) Pause Relocate Start 0.016ms
[367.499s][info][gc,phases   ] GC(215) Concurrent Relocate 0.932ms
[367.499s][info][gc,load     ] GC(215) Load: 0.00/0.00/0.00
[367.500s][info][gc,mmu      ] GC(215) MMU: 2ms/95.0%, 5ms/98.0%, 10ms/99.0%, 20ms/99.5%, 50ms/99.8%, 100ms/99.9%
[367.500s][info][gc,marking  ] GC(215) Mark: 2 stripe(s), 2 proactive flush(es), 1 terminate flush(es), 0 completion(s), 0 continuation(s) 
[367.500s][info][gc,marking  ] GC(215) Mark Stack Usage: 32M
[367.500s][info][gc,nmethod  ] GC(215) NMethods: 13032 registered, 773 unregistered
[367.500s][info][gc,metaspace] GC(215) Metaspace: 73M used, 74M committed, 1152M reserved
[367.500s][info][gc,ref      ] GC(215) Soft: 5936 encountered, 0 discovered, 0 enqueued
[367.500s][info][gc,ref      ] GC(215) Weak: 6774 encountered, 1183 discovered, 383 enqueued
[367.500s][info][gc,ref      ] GC(215) Final: 53 encountered, 4 discovered, 0 enqueued
[367.500s][info][gc,ref      ] GC(215) Phantom: 589 encountered, 299 discovered, 0 enqueued
[367.500s][info][gc,reloc    ] GC(215) Small Pages: 1224 / 2448M, Empty: 2188M, Relocated: 1M, In-Place: 0
[367.500s][info][gc,reloc    ] GC(215) Medium Pages: 9 / 288M, Empty: 256M, Relocated: 0M, In-Place: 0
[367.500s][info][gc,reloc    ] GC(215) Large Pages: 38 / 228M, Empty: 228M, Relocated: 0M, In-Place: 0
[367.500s][info][gc,reloc    ] GC(215) Forwarding Usage: 0M
[367.500s][info][gc,heap     ] GC(215) Min Capacity: 8192M(100%)
[367.500s][info][gc,heap     ] GC(215) Max Capacity: 8192M(100%)
[367.500s][info][gc,heap     ] GC(215) Soft Max Capacity: 8192M(100%)
[367.500s][info][gc,heap     ] GC(215)                Mark Start          Mark End        Relocate Start      Relocate End           High               Low         
[367.500s][info][gc,heap     ] GC(215)  Capacity:     8192M (100%)       8192M (100%)       8192M (100%)       8192M (100%)       8192M (100%)       8192M (100%)   
[367.500s][info][gc,heap     ] GC(215)      Free:     5228M (64%)        5224M (64%)        7888M (96%)        7972M (97%)        7972M (97%)        5224M (64%)    
[367.500s][info][gc,heap     ] GC(215)      Used:     2964M (36%)        2968M (36%)         304M (4%)          220M (3%)         2968M (36%)         220M (3%)     
[367.500s][info][gc,heap     ] GC(215)      Live:         -               175M (2%)          175M (2%)          175M (2%)             -                  -          
[367.500s][info][gc,heap     ] GC(215) Allocated:         -                 4M (0%)           12M (0%)           11M (0%)             -                  -          
[367.500s][info][gc,heap     ] GC(215)   Garbage:         -              2788M (34%)         116M (1%)           32M (0%)             -                  -          
[367.500s][info][gc,heap     ] GC(215) Reclaimed:         -                  -              2672M (33%)        2755M (34%)            -                  -          
[367.500s][info][gc          ] GC(215) Garbage Collection (System.gc()) 2964M(36%)->220M(3%)
[369.714s][info][gc,start    ] GC(216) Garbage Collection (Allocation Rate)
[369.714s][info][gc,task     ] GC(216) Using 2 workers
[369.714s][info][gc,phases   ] GC(216) Pause Mark Start 0.006ms
[370.325s][info][gc,stats    ] === Garbage Collection Statistics =======================================================================================================================
[370.325s][info][gc,stats    ]                                                              Last 10s              Last 10m              Last 10h                Total
[370.325s][info][gc,stats    ]                                                              Avg / Max             Avg / Max             Avg / Max             Avg / Max
[370.325s][info][gc,stats    ]   Collector: Garbage Collection Cycle                    449.739 / 904.749     429.097 / 983.217     429.097 / 983.217     429.097 / 983.217     ms
[370.325s][info][gc,stats    ]  Contention: Mark Segment Reset Contention                     7 / 33                3 / 36                3 / 36                3 / 36          ops/s
[370.325s][info][gc,stats    ]  Contention: Mark SeqNum Reset Contention                      0 / 0                 0 / 2                 0 / 2                 0 / 2           ops/s
[370.325s][info][gc,stats    ]    Critical: Allocation Stall                                  0 / 0                 0 / 0                 0 / 0                 0 / 0           ops/s
[370.325s][info][gc,stats    ]    Critical: Allocation Stall                              0.000 / 0.000         0.000 / 0.000         0.000 / 0.000         0.000 / 0.000       ms
[370.325s][info][gc,stats    ]    Critical: GC Locker Stall                                   0 / 0                 0 / 0                 0 / 0                 0 / 0           ops/s
[370.325s][info][gc,stats    ]    Critical: GC Locker Stall                               0.000 / 0.000         0.000 / 0.000         0.000 / 0.000         0.000 / 0.000       ms
[370.325s][info][gc,stats    ]    Critical: Relocation Stall                                  0 / 0                 0 / 0                 0 / 0                 0 / 0           ops/s
[370.325s][info][gc,stats    ]    Critical: Relocation Stall                              0.000 / 0.000         0.000 / 0.000         0.000 / 0.000         0.000 / 0.000       ms
[370.325s][info][gc,stats    ]      Memory: Allocation Rate                                1623 / 2418           1606 / 3876           1606 / 3876           1606 / 3876        MB/s
[370.325s][info][gc,stats    ]      Memory: Out Of Memory                                     0 / 0                 0 / 0                 0 / 0                 0 / 0           ops/s
[370.325s][info][gc,stats    ]      Memory: Page Cache Flush                                  0 / 0                 0 / 0                 0 / 0                 0 / 0           MB/s
[370.325s][info][gc,stats    ]      Memory: Page Cache Hit L1                               751 / 1104            738 / 1729            738 / 1729            738 / 1729        ops/s
[370.325s][info][gc,stats    ]      Memory: Page Cache Hit L2                                 0 / 0                 0 / 0                 0 / 0                 0 / 0           ops/s
[370.325s][info][gc,stats    ]      Memory: Page Cache Hit L3                                 0 / 0                 6 / 527               6 / 527               6 / 527         ops/s
[370.325s][info][gc,stats    ]      Memory: Page Cache Miss                                   0 / 0                 0 / 1                 0 / 1                 0 / 1           ops/s
[370.325s][info][gc,stats    ]      Memory: Uncommit                                          0 / 0                 0 / 0                 0 / 0                 0 / 0           MB/s
[370.325s][info][gc,stats    ]      Memory: Undo Object Allocation Failed                     0 / 0                 0 / 1                 0 / 1                 0 / 1           ops/s
[370.325s][info][gc,stats    ]      Memory: Undo Object Allocation Succeeded                  2 / 12                4 / 101               4 / 101               4 / 101         ops/s
[370.325s][info][gc,stats    ]      Memory: Undo Page Allocation                              0 / 1                 0 / 2                 0 / 2                 0 / 2           ops/s
[370.325s][info][gc,stats    ]       Phase: Concurrent Mark                             338.522 / 645.549     327.059 / 972.666     327.059 / 972.666     327.059 / 972.666     ms
[370.325s][info][gc,stats    ]       Phase: Concurrent Mark Continue                      0.000 / 0.000         0.000 / 0.000         0.000 / 0.000         0.000 / 0.000       ms
[370.325s][info][gc,stats    ]       Phase: Concurrent Mark Free                          0.001 / 0.002         0.005 / 0.317         0.005 / 0.317         0.005 / 0.317       ms
[370.325s][info][gc,stats    ]       Phase: Concurrent Process Non-Strong References     11.568 / 12.771       10.366 / 15.785       10.366 / 15.785       10.366 / 15.785      ms
[370.325s][info][gc,stats    ]       Phase: Concurrent Relocate                          82.848 / 216.398      75.773 / 226.884      75.773 / 226.884      75.773 / 226.884     ms
[370.325s][info][gc,stats    ]       Phase: Concurrent Reset Relocation Set               0.039 / 0.103         0.039 / 0.139         0.039 / 0.139         0.039 / 0.139       ms
[370.325s][info][gc,stats    ]       Phase: Concurrent Select Relocation Set             15.800 / 33.158       14.739 / 41.971       14.739 / 41.971       14.739 / 41.971      ms
[370.325s][info][gc,stats    ]       Phase: Pause Mark End                                0.027 / 0.033         0.027 / 0.101         0.027 / 0.101         0.027 / 0.101       ms
[370.325s][info][gc,stats    ]       Phase: Pause Mark Start                              0.006 / 0.010         0.007 / 0.014         0.007 / 0.014         0.007 / 0.014       ms
[370.326s][info][gc,stats    ]       Phase: Pause Relocate Start                          0.015 / 0.026         0.013 / 0.032         0.013 / 0.032         0.013 / 0.032       ms
[370.326s][info][gc,stats    ]    Subphase: Concurrent Classes Purge                      0.521 / 0.733         0.427 / 0.733         0.427 / 0.733         0.427 / 0.733       ms
[370.326s][info][gc,stats    ]    Subphase: Concurrent Classes Unlink                    10.041 / 11.310        8.817 / 12.957        8.817 / 12.957        8.817 / 12.957      ms
[370.326s][info][gc,stats    ]    Subphase: Concurrent Mark                             331.527 / 642.174     318.837 / 969.741     318.837 / 969.741     318.837 / 969.741     ms
[370.326s][info][gc,stats    ]    Subphase: Concurrent Mark Try Flush                     0.173 / 0.650         0.232 / 15.555        0.232 / 15.555        0.232 / 15.555      ms
[370.326s][info][gc,stats    ]    Subphase: Concurrent Mark Try Terminate                 2.823 / 13.582        4.364 / 16.659        4.364 / 16.659        4.364 / 16.659      ms
[370.326s][info][gc,stats    ]    Subphase: Concurrent References Enqueue                 0.007 / 0.009         0.005 / 0.009         0.005 / 0.009         0.005 / 0.009       ms
[370.326s][info][gc,stats    ]    Subphase: Concurrent References Process                 0.179 / 0.321         0.190 / 0.610         0.190 / 0.610         0.190 / 0.610       ms
[370.326s][info][gc,stats    ]    Subphase: Concurrent Roots ClassLoaderDataGraph         0.116 / 0.250         0.119 / 0.376         0.119 / 0.376         0.119 / 0.376       ms
[370.326s][info][gc,stats    ]    Subphase: Concurrent Roots CodeCache                    0.000 / 0.000         0.000 / 0.000         0.000 / 0.000         0.000 / 0.000       ms
[370.326s][info][gc,stats    ]    Subphase: Concurrent Roots JavaThreads                  2.979 / 3.330         3.868 / 8.610         3.868 / 8.610         3.868 / 8.610       ms
[370.326s][info][gc,stats    ]    Subphase: Concurrent Roots OopStorageSet                0.046 / 0.063         0.047 / 0.142         0.047 / 0.142         0.047 / 0.142       ms
[370.326s][info][gc,stats    ]    Subphase: Concurrent Weak Roots OopStorageSet           0.563 / 0.912         0.597 / 1.117         0.597 / 1.117         0.597 / 1.117       ms
[370.326s][info][gc,stats    ]    Subphase: Pause Mark Try Complete                       0.000 / 0.000         0.009 / 0.024         0.009 / 0.024         0.009 / 0.024       ms
[370.326s][info][gc,stats    ]      System: Java Threads                                    262 / 265             251 / 267             251 / 267             251 / 267         threads
[370.326s][info][gc,stats    ] =========================================================================================================================================================
[370.404s][info][gc,phases   ] GC(216) Concurrent Mark 689.874ms
[370.404s][info][gc,phases   ] GC(216) Pause Mark End 0.054ms
[370.404s][info][gc,phases   ] GC(216) Concurrent Mark Free 0.001ms
[370.416s][info][gc,phases   ] GC(216) Concurrent Process Non-Strong References 12.099ms
[370.416s][info][gc,phases   ] GC(216) Concurrent Reset Relocation Set 0.003ms
[370.447s][info][gc,phases   ] GC(216) Concurrent Select Relocation Set 30.749ms
[370.447s][info][gc,phases   ] GC(216) Pause Relocate Start 0.037ms
[370.664s][info][gc,phases   ] GC(216) Concurrent Relocate 216.806ms
[370.664s][info][gc,load     ] GC(216) Load: 0.00/0.00/0.00
[370.664s][info][gc,mmu      ] GC(216) MMU: 2ms/95.0%, 5ms/98.0%, 10ms/99.0%, 20ms/99.5%, 50ms/99.8%, 100ms/99.9%
[370.664s][info][gc,marking  ] GC(216) Mark: 2 stripe(s), 2 proactive flush(es), 1 terminate flush(es), 0 completion(s), 0 continuation(s) 
[370.664s][info][gc,marking  ] GC(216) Mark Stack Usage: 32M
[370.664s][info][gc,nmethod  ] GC(216) NMethods: 13034 registered, 773 unregistered
[370.664s][info][gc,metaspace] GC(216) Metaspace: 73M used, 74M committed, 1152M reserved
[370.664s][info][gc,ref      ] GC(216) Soft: 5944 encountered, 0 discovered, 0 enqueued
[370.664s][info][gc,ref      ] GC(216) Weak: 6703 encountered, 754 discovered, 23 enqueued
[370.664s][info][gc,ref      ] GC(216) Final: 53 encountered, 4 discovered, 0 enqueued
[370.664s][info][gc,ref      ] GC(216) Phantom: 589 encountered, 287 discovered, 0 enqueued
[370.664s][info][gc,reloc    ] GC(216) Small Pages: 2192 / 4384M, Empty: 2130M, Relocated: 187M, In-Place: 0
[370.664s][info][gc,reloc    ] GC(216) Medium Pages: 5 / 160M, Empty: 128M, Relocated: 0M, In-Place: 0
[370.664s][info][gc,reloc    ] GC(216) Large Pages: 30 / 212M, Empty: 148M, Relocated: 0M, In-Place: 0
[370.665s][info][gc,reloc    ] GC(216) Forwarding Usage: 144M
[370.665s][info][gc,heap     ] GC(216) Min Capacity: 8192M(100%)
[370.665s][info][gc,heap     ] GC(216) Max Capacity: 8192M(100%)
[370.665s][info][gc,heap     ] GC(216) Soft Max Capacity: 8192M(100%)
[370.665s][info][gc,heap     ] GC(216)                Mark Start          Mark End        Relocate Start      Relocate End           High               Low         
[370.665s][info][gc,heap     ] GC(216)  Capacity:     8192M (100%)       8192M (100%)       8192M (100%)       8192M (100%)       8192M (100%)       8192M (100%)   
[370.665s][info][gc,heap     ] GC(216)      Free:     3436M (42%)        3130M (38%)        5502M (67%)        7092M (87%)        7134M (87%)        3118M (38%)    
[370.665s][info][gc,heap     ] GC(216)      Used:     4756M (58%)        5062M (62%)        2690M (33%)        1100M (13%)        5074M (62%)        1058M (13%)    
[370.665s][info][gc,heap     ] GC(216)      Live:         -               430M (5%)          430M (5%)          430M (5%)             -                  -          
[370.665s][info][gc,heap     ] GC(216) Allocated:         -               306M (4%)          340M (4%)          635M (8%)             -                  -          
[370.665s][info][gc,heap     ] GC(216)   Garbage:         -              4325M (53%)        1919M (23%)          33M (0%)             -                  -          
[370.665s][info][gc,heap     ] GC(216) Reclaimed:         -                  -              2406M (29%)        4291M (52%)            -                  -          
[370.665s][info][gc          ] GC(216) Garbage Collection (Allocation Rate) 4756M(58%)->1100M(13%)
[370.720s][info][gc,start    ] GC(217) Garbage Collection (Allocation Rate)
[370.720s][info][gc,task     ] GC(217) Using 2 workers
[370.720s][info][gc,phases   ] GC(217) Pause Mark Start 0.008ms
[370.943s][info][gc,phases   ] GC(217) Concurrent Mark 222.633ms
[370.943s][info][gc,phases   ] GC(217) Pause Mark End 0.022ms
[370.943s][info][gc,phases   ] GC(217) Concurrent Mark Free 0.001ms
[370.955s][info][gc,phases   ] GC(217) Concurrent Process Non-Strong References 11.572ms
[370.955s][info][gc,phases   ] GC(217) Concurrent Reset Relocation Set 0.094ms
[370.967s][info][gc,phases   ] GC(217) Concurrent Select Relocation Set 12.084ms
[370.967s][info][gc,phases   ] GC(217) Pause Relocate Start 0.020ms
[370.997s][info][gc,phases   ] GC(217) Concurrent Relocate 29.227ms
[370.997s][info][gc,load     ] GC(217) Load: 0.00/0.00/0.00
[370.997s][info][gc,mmu      ] GC(217) MMU: 2ms/95.0%, 5ms/98.0%, 10ms/99.0%, 20ms/99.5%, 50ms/99.8%, 100ms/99.9%
[370.997s][info][gc,marking  ] GC(217) Mark: 2 stripe(s), 2 proactive flush(es), 1 terminate flush(es), 0 completion(s), 0 continuation(s) 
[370.997s][info][gc,marking  ] GC(217) Mark Stack Usage: 32M
[370.997s][info][gc,nmethod  ] GC(217) NMethods: 13035 registered, 773 unregistered
[370.997s][info][gc,metaspace] GC(217) Metaspace: 73M used, 74M committed, 1152M reserved
[370.997s][info][gc,ref      ] GC(217) Soft: 5940 encountered, 0 discovered, 0 enqueued
[370.997s][info][gc,ref      ] GC(217) Weak: 6768 encountered, 1013 discovered, 219 enqueued
[370.997s][info][gc,ref      ] GC(217) Final: 53 encountered, 28 discovered, 0 enqueued
[370.997s][info][gc,ref      ] GC(217) Phantom: 589 encountered, 288 discovered, 0 enqueued
[370.997s][info][gc,reloc    ] GC(217) Small Pages: 457 / 914M, Empty: 516M, Relocated: 22M, In-Place: 0
[370.997s][info][gc,reloc    ] GC(217) Medium Pages: 4 / 128M, Empty: 96M, Relocated: 0M, In-Place: 0
[370.997s][info][gc,reloc    ] GC(217) Large Pages: 18 / 124M, Empty: 100M, Relocated: 0M, In-Place: 0
[370.997s][info][gc,reloc    ] GC(217) Forwarding Usage: 23M
[370.997s][info][gc,heap     ] GC(217) Min Capacity: 8192M(100%)
[370.997s][info][gc,heap     ] GC(217) Max Capacity: 8192M(100%)
[370.997s][info][gc,heap     ] GC(217) Soft Max Capacity: 8192M(100%)
[370.997s][info][gc,heap     ] GC(217)                Mark Start          Mark End        Relocate Start      Relocate End           High               Low         
[370.997s][info][gc,heap     ] GC(217)  Capacity:     8192M (100%)       8192M (100%)       8192M (100%)       8192M (100%)       8192M (100%)       8192M (100%)   
[370.997s][info][gc,heap     ] GC(217)      Free:     7026M (86%)        6644M (81%)        7340M (90%)        7516M (92%)        7516M (92%)        6634M (81%)    
[370.997s][info][gc,heap     ] GC(217)      Used:     1166M (14%)        1548M (19%)         852M (10%)         676M (8%)         1558M (19%)         676M (8%)     
[370.997s][info][gc,heap     ] GC(217)      Live:         -               221M (3%)          221M (3%)          221M (3%)             -                  -          
[370.997s][info][gc,heap     ] GC(217) Allocated:         -               382M (5%)          398M (5%)          422M (5%)             -                  -          
[370.997s][info][gc,heap     ] GC(217)   Garbage:         -               944M (12%)         232M (3%)           32M (0%)             -                  -          
[370.997s][info][gc,heap     ] GC(217) Reclaimed:         -                  -               712M (9%)          912M (11%)            -                  -          
[370.997s][info][gc          ] GC(217) Garbage Collection (Allocation Rate) 1166M(14%)->676M(8%)
[372.269s][info][gc,start    ] GC(218) Garbage Collection (System.gc())
[372.269s][info][gc,task     ] GC(218) Using 2 workers
[372.269s][info][gc,phases   ] GC(218) Pause Mark Start 0.007ms
[372.406s][info][gc,phases   ] GC(218) Concurrent Mark 137.297ms
[372.406s][info][gc,phases   ] GC(218) Pause Mark End 0.029ms
[372.406s][info][gc,phases   ] GC(218) Concurrent Mark Free 0.001ms
[372.418s][info][gc,phases   ] GC(218) Concurrent Process Non-Strong References 11.216ms
[372.418s][info][gc,phases   ] GC(218) Concurrent Reset Relocation Set 0.012ms
[372.422s][info][gc,phases   ] GC(218) Concurrent Select Relocation Set 3.901ms
[372.422s][info][gc,phases   ] GC(218) Pause Relocate Start 0.009ms
[372.423s][info][gc,phases   ] GC(218) Concurrent Relocate 1.198ms
[372.423s][info][gc,load     ] GC(218) Load: 0.00/0.00/0.00
[372.423s][info][gc,mmu      ] GC(218) MMU: 2ms/95.0%, 5ms/98.0%, 10ms/99.0%, 20ms/99.5%, 50ms/99.8%, 100ms/99.9%
[372.423s][info][gc,marking  ] GC(218) Mark: 2 stripe(s), 2 proactive flush(es), 1 terminate flush(es), 0 completion(s), 0 continuation(s) 
[372.423s][info][gc,marking  ] GC(218) Mark Stack Usage: 32M
[372.423s][info][gc,nmethod  ] GC(218) NMethods: 13039 registered, 773 unregistered
[372.423s][info][gc,metaspace] GC(218) Metaspace: 73M used, 74M committed, 1152M reserved
[372.423s][info][gc,ref      ] GC(218) Soft: 5936 encountered, 0 discovered, 0 enqueued
[372.423s][info][gc,ref      ] GC(218) Weak: 6765 encountered, 1011 discovered, 379 enqueued
[372.423s][info][gc,ref      ] GC(218) Final: 53 encountered, 28 discovered, 0 enqueued
[372.423s][info][gc,ref      ] GC(218) Phantom: 588 encountered, 352 discovered, 0 enqueued
[372.423s][info][gc,reloc    ] GC(218) Small Pages: 1243 / 2486M, Empty: 2218M, Relocated: 1M, In-Place: 0
[372.423s][info][gc,reloc    ] GC(218) Medium Pages: 9 / 288M, Empty: 256M, Relocated: 0M, In-Place: 0
[372.423s][info][gc,reloc    ] GC(218) Large Pages: 30 / 180M, Empty: 180M, Relocated: 0M, In-Place: 0
[372.423s][info][gc,reloc    ] GC(218) Forwarding Usage: 0M
[372.423s][info][gc,heap     ] GC(218) Min Capacity: 8192M(100%)
[372.423s][info][gc,heap     ] GC(218) Max Capacity: 8192M(100%)
[372.423s][info][gc,heap     ] GC(218) Soft Max Capacity: 8192M(100%)
[372.423s][info][gc,heap     ] GC(218)                Mark Start          Mark End        Relocate Start      Relocate End           High               Low         
[372.423s][info][gc,heap     ] GC(218)  Capacity:     8192M (100%)       8192M (100%)       8192M (100%)       8192M (100%)       8192M (100%)       8192M (100%)   
[372.423s][info][gc,heap     ] GC(218)      Free:     5238M (64%)        5236M (64%)        7882M (96%)        7974M (97%)        7974M (97%)        5236M (64%)    
[372.423s][info][gc,heap     ] GC(218)      Used:     2954M (36%)        2956M (36%)         310M (4%)          218M (3%)         2956M (36%)         218M (3%)     
[372.423s][info][gc,heap     ] GC(218)      Live:         -               176M (2%)          176M (2%)          176M (2%)             -                  -          
[372.423s][info][gc,heap     ] GC(218) Allocated:         -                 2M (0%)           10M (0%)            9M (0%)             -                  -          
[372.423s][info][gc,heap     ] GC(218)   Garbage:         -              2777M (34%)         123M (2%)           31M (0%)             -                  -          
[372.423s][info][gc,heap     ] GC(218) Reclaimed:         -                  -              2654M (32%)        2745M (34%)            -                  -          
[372.423s][info][gc          ] GC(218) Garbage Collection (System.gc()) 2954M(36%)->218M(3%)
[374.624s][info][gc,start    ] GC(219) Garbage Collection (Allocation Rate)
[374.625s][info][gc,task     ] GC(219) Using 2 workers
[374.625s][info][gc,phases   ] GC(219) Pause Mark Start 0.007ms
[375.254s][info][gc,phases   ] GC(219) Concurrent Mark 629.265ms
[375.254s][info][gc,phases   ] GC(219) Pause Mark End 0.087ms
[375.254s][info][gc,phases   ] GC(219) Concurrent Mark Free 0.001ms
[375.267s][info][gc,phases   ] GC(219) Concurrent Process Non-Strong References 12.645ms
[375.267s][info][gc,phases   ] GC(219) Concurrent Reset Relocation Set 0.004ms
[375.299s][info][gc,phases   ] GC(219) Concurrent Select Relocation Set 32.282ms
[375.300s][info][gc,phases   ] GC(219) Pause Relocate Start 0.021ms
[375.512s][info][gc,phases   ] GC(219) Concurrent Relocate 212.411ms
[375.512s][info][gc,load     ] GC(219) Load: 0.00/0.00/0.00
[375.512s][info][gc,mmu      ] GC(219) MMU: 2ms/95.0%, 5ms/98.0%, 10ms/99.0%, 20ms/99.5%, 50ms/99.8%, 100ms/99.9%
[375.512s][info][gc,marking  ] GC(219) Mark: 2 stripe(s), 2 proactive flush(es), 1 terminate flush(es), 1 completion(s), 0 continuation(s) 
[375.512s][info][gc,marking  ] GC(219) Mark Stack Usage: 32M
[375.512s][info][gc,nmethod  ] GC(219) NMethods: 13042 registered, 773 unregistered
[375.512s][info][gc,metaspace] GC(219) Metaspace: 73M used, 74M committed, 1152M reserved
[375.512s][info][gc,ref      ] GC(219) Soft: 5944 encountered, 0 discovered, 0 enqueued
[375.512s][info][gc,ref      ] GC(219) Weak: 6711 encountered, 726 discovered, 22 enqueued
[375.512s][info][gc,ref      ] GC(219) Final: 53 encountered, 0 discovered, 0 enqueued
[375.512s][info][gc,ref      ] GC(219) Phantom: 588 encountered, 562 discovered, 0 enqueued
[375.512s][info][gc,reloc    ] GC(219) Small Pages: 2166 / 4332M, Empty: 2130M, Relocated: 185M, In-Place: 0
[375.512s][info][gc,reloc    ] GC(219) Medium Pages: 5 / 160M, Empty: 128M, Relocated: 0M, In-Place: 0
[375.512s][info][gc,reloc    ] GC(219) Large Pages: 30 / 212M, Empty: 148M, Relocated: 0M, In-Place: 0
[375.512s][info][gc,reloc    ] GC(219) Forwarding Usage: 141M
[375.512s][info][gc,heap     ] GC(219) Min Capacity: 8192M(100%)
[375.512s][info][gc,heap     ] GC(219) Max Capacity: 8192M(100%)
[375.512s][info][gc,heap     ] GC(219) Soft Max Capacity: 8192M(100%)
[375.512s][info][gc,heap     ] GC(219)                Mark Start          Mark End        Relocate Start      Relocate End           High               Low         
[375.512s][info][gc,heap     ] GC(219)  Capacity:     8192M (100%)       8192M (100%)       8192M (100%)       8192M (100%)       8192M (100%)       8192M (100%)   
[375.512s][info][gc,heap     ] GC(219)      Free:     3488M (43%)        3244M (40%)        5560M (68%)        7126M (87%)        7172M (88%)        3184M (39%)    
[375.512s][info][gc,heap     ] GC(219)      Used:     4704M (57%)        4948M (60%)        2632M (32%)        1066M (13%)        5008M (61%)        1020M (12%)    
[375.512s][info][gc,heap     ] GC(219)      Live:         -               428M (5%)          428M (5%)          428M (5%)             -                  -          
[375.512s][info][gc,heap     ] GC(219) Allocated:         -               244M (3%)          334M (4%)          601M (7%)             -                  -          
[375.512s][info][gc,heap     ] GC(219)   Garbage:         -              4275M (52%)        1869M (23%)          35M (0%)             -                  -          
[375.512s][info][gc,heap     ] GC(219) Reclaimed:         -                  -              2406M (29%)        4239M (52%)            -                  -          
[375.512s][info][gc          ] GC(219) Garbage Collection (Allocation Rate) 4704M(57%)->1066M(13%)
[375.522s][info][gc,start    ] GC(220) Garbage Collection (Allocation Rate)
[375.522s][info][gc,task     ] GC(220) Using 2 workers
[375.522s][info][gc,phases   ] GC(220) Pause Mark Start 0.009ms
[375.730s][info][gc,phases   ] GC(220) Concurrent Mark 207.834ms
[375.730s][info][gc,phases   ] GC(220) Pause Mark End 0.025ms
[375.730s][info][gc,phases   ] GC(220) Concurrent Mark Free 0.001ms
[375.742s][info][gc,phases   ] GC(220) Concurrent Process Non-Strong References 11.930ms
[375.742s][info][gc,phases   ] GC(220) Concurrent Reset Relocation Set 0.109ms
[375.753s][info][gc,phases   ] GC(220) Concurrent Select Relocation Set 10.335ms
[375.753s][info][gc,phases   ] GC(220) Pause Relocate Start 0.015ms
[375.768s][info][gc,phases   ] GC(220) Concurrent Relocate 14.966ms
[375.768s][info][gc,load     ] GC(220) Load: 0.00/0.00/0.00
[375.768s][info][gc,mmu      ] GC(220) MMU: 2ms/95.0%, 5ms/98.0%, 10ms/99.0%, 20ms/99.5%, 50ms/99.8%, 100ms/99.9%
[375.768s][info][gc,marking  ] GC(220) Mark: 2 stripe(s), 2 proactive flush(es), 1 terminate flush(es), 0 completion(s), 0 continuation(s) 
[375.768s][info][gc,marking  ] GC(220) Mark Stack Usage: 32M
[375.768s][info][gc,nmethod  ] GC(220) NMethods: 13048 registered, 773 unregistered
[375.768s][info][gc,metaspace] GC(220) Metaspace: 73M used, 74M committed, 1152M reserved
[375.768s][info][gc,ref      ] GC(220) Soft: 5940 encountered, 0 discovered, 0 enqueued
[375.768s][info][gc,ref      ] GC(220) Weak: 6830 encountered, 1056 discovered, 220 enqueued
[375.768s][info][gc,ref      ] GC(220) Final: 53 encountered, 16 discovered, 0 enqueued
[375.768s][info][gc,ref      ] GC(220) Phantom: 592 encountered, 308 discovered, 0 enqueued
[375.768s][info][gc,reloc    ] GC(220) Small Pages: 439 / 878M, Empty: 570M, Relocated: 9M, In-Place: 0
[375.768s][info][gc,reloc    ] GC(220) Medium Pages: 4 / 128M, Empty: 32M, Relocated: 22M, In-Place: 0
[375.768s][info][gc,reloc    ] GC(220) Large Pages: 14 / 100M, Empty: 100M, Relocated: 0M, In-Place: 0
[375.768s][info][gc,reloc    ] GC(220) Forwarding Usage: 8M
[375.768s][info][gc,heap     ] GC(220) Min Capacity: 8192M(100%)
[375.768s][info][gc,heap     ] GC(220) Max Capacity: 8192M(100%)
[375.768s][info][gc,heap     ] GC(220) Soft Max Capacity: 8192M(100%)
[375.768s][info][gc,heap     ] GC(220)                Mark Start          Mark End        Relocate Start      Relocate End           High               Low         
[375.768s][info][gc,heap     ] GC(220)  Capacity:     8192M (100%)       8192M (100%)       8192M (100%)       8192M (100%)       8192M (100%)       8192M (100%)   
[375.768s][info][gc,heap     ] GC(220)      Free:     7086M (86%)        6714M (82%)        7392M (90%)        7554M (92%)        7556M (92%)        6696M (82%)    
[375.768s][info][gc,heap     ] GC(220)      Used:     1106M (14%)        1478M (18%)         800M (10%)         638M (8%)         1496M (18%)         636M (8%)     
[375.768s][info][gc,heap     ] GC(220)      Live:         -               196M (2%)          196M (2%)          196M (2%)             -                  -          
[375.768s][info][gc,heap     ] GC(220) Allocated:         -               372M (5%)          396M (5%)          422M (5%)             -                  -          
[375.768s][info][gc,heap     ] GC(220)   Garbage:         -               909M (11%)         207M (3%)           19M (0%)             -                  -          
[375.768s][info][gc,heap     ] GC(220) Reclaimed:         -                  -               702M (9%)          890M (11%)            -                  -          
[375.768s][info][gc          ] GC(220) Garbage Collection (Allocation Rate) 1106M(14%)->638M(8%)
[376.959s][info][gc,start    ] GC(221) Garbage Collection (System.gc())
[376.959s][info][gc,task     ] GC(221) Using 2 workers
[376.959s][info][gc,phases   ] GC(221) Pause Mark Start 0.008ms
[377.091s][info][gc,phases   ] GC(221) Concurrent Mark 131.325ms
[377.091s][info][gc,phases   ] GC(221) Pause Mark End 0.028ms
[377.091s][info][gc,phases   ] GC(221) Concurrent Mark Free 0.002ms
[377.102s][info][gc,phases   ] GC(221) Concurrent Process Non-Strong References 11.333ms
[377.102s][info][gc,phases   ] GC(221) Concurrent Reset Relocation Set 0.008ms
[377.105s][info][gc,phases   ] GC(221) Concurrent Select Relocation Set 2.512ms
[377.105s][info][gc,phases   ] GC(221) Pause Relocate Start 0.008ms
[377.106s][info][gc,phases   ] GC(221) Concurrent Relocate 1.167ms
[377.106s][info][gc,load     ] GC(221) Load: 0.00/0.00/0.00
[377.106s][info][gc,mmu      ] GC(221) MMU: 2ms/95.0%, 5ms/98.0%, 10ms/99.0%, 20ms/99.5%, 50ms/99.8%, 100ms/99.9%
[377.106s][info][gc,marking  ] GC(221) Mark: 2 stripe(s), 2 proactive flush(es), 1 terminate flush(es), 0 completion(s), 0 continuation(s) 
[377.106s][info][gc,marking  ] GC(221) Mark Stack Usage: 32M
[377.106s][info][gc,nmethod  ] GC(221) NMethods: 13053 registered, 773 unregistered
[377.106s][info][gc,metaspace] GC(221) Metaspace: 73M used, 74M committed, 1152M reserved
[377.106s][info][gc,ref      ] GC(221) Soft: 5936 encountered, 0 discovered, 0 enqueued
[377.106s][info][gc,ref      ] GC(221) Weak: 6774 encountered, 1152 discovered, 383 enqueued
[377.106s][info][gc,ref      ] GC(221) Final: 53 encountered, 4 discovered, 0 enqueued
[377.106s][info][gc,ref      ] GC(221) Phantom: 589 encountered, 288 discovered, 0 enqueued
[377.106s][info][gc,reloc    ] GC(221) Small Pages: 1279 / 2558M, Empty: 2296M, Relocated: 1M, In-Place: 0
[377.106s][info][gc,reloc    ] GC(221) Medium Pages: 9 / 288M, Empty: 256M, Relocated: 0M, In-Place: 0
[377.106s][info][gc,reloc    ] GC(221) Large Pages: 35 / 210M, Empty: 210M, Relocated: 0M, In-Place: 0
[377.106s][info][gc,reloc    ] GC(221) Forwarding Usage: 0M
[377.106s][info][gc,heap     ] GC(221) Min Capacity: 8192M(100%)
[377.106s][info][gc,heap     ] GC(221) Max Capacity: 8192M(100%)
[377.106s][info][gc,heap     ] GC(221) Soft Max Capacity: 8192M(100%)
[377.106s][info][gc,heap     ] GC(221)                Mark Start          Mark End        Relocate Start      Relocate End           High               Low         
[377.106s][info][gc,heap     ] GC(221)  Capacity:     8192M (100%)       8192M (100%)       8192M (100%)       8192M (100%)       8192M (100%)       8192M (100%)   
[377.106s][info][gc,heap     ] GC(221)      Free:     5136M (63%)        5134M (63%)        7888M (96%)        7974M (97%)        7974M (97%)        5134M (63%)    
[377.106s][info][gc,heap     ] GC(221)      Used:     3056M (37%)        3058M (37%)         304M (4%)          218M (3%)         3058M (37%)         218M (3%)     
[377.106s][info][gc,heap     ] GC(221)      Live:         -               176M (2%)          176M (2%)          176M (2%)             -                  -          
[377.106s][info][gc,heap     ] GC(221) Allocated:         -                 2M (0%)           10M (0%)           10M (0%)             -                  -          
[377.106s][info][gc,heap     ] GC(221)   Garbage:         -              2879M (35%)         117M (1%)           31M (0%)             -                  -          
[377.107s][info][gc,heap     ] GC(221) Reclaimed:         -                  -              2762M (34%)        2848M (35%)            -                  -          
[377.107s][info][gc          ] GC(221) Garbage Collection (System.gc()) 3056M(37%)->218M(3%)
[379.323s][info][gc,start    ] GC(222) Garbage Collection (Allocation Rate)
[379.323s][info][gc,task     ] GC(222) Using 2 workers
[379.323s][info][gc,phases   ] GC(222) Pause Mark Start 0.006ms
[379.947s][info][gc,phases   ] GC(222) Concurrent Mark 623.029ms
[379.947s][info][gc,phases   ] GC(222) Pause Mark End 0.024ms
[379.947s][info][gc,phases   ] GC(222) Concurrent Mark Free 0.001ms
[379.959s][info][gc,phases   ] GC(222) Concurrent Process Non-Strong References 12.649ms
[379.959s][info][gc,phases   ] GC(222) Concurrent Reset Relocation Set 0.003ms
[379.992s][info][gc,phases   ] GC(222) Concurrent Select Relocation Set 32.511ms
[379.992s][info][gc,phases   ] GC(222) Pause Relocate Start 0.011ms
[380.207s][info][gc,phases   ] GC(222) Concurrent Relocate 215.001ms
[380.207s][info][gc,load     ] GC(222) Load: 0.00/0.00/0.00
[380.207s][info][gc,mmu      ] GC(222) MMU: 2ms/95.0%, 5ms/98.0%, 10ms/99.0%, 20ms/99.5%, 50ms/99.8%, 100ms/99.9%
[380.207s][info][gc,marking  ] GC(222) Mark: 2 stripe(s), 4 proactive flush(es), 1 terminate flush(es), 0 completion(s), 0 continuation(s) 
[380.207s][info][gc,marking  ] GC(222) Mark Stack Usage: 32M
[380.207s][info][gc,nmethod  ] GC(222) NMethods: 13060 registered, 773 unregistered
[380.207s][info][gc,metaspace] GC(222) Metaspace: 73M used, 74M committed, 1152M reserved
[380.207s][info][gc,ref      ] GC(222) Soft: 5944 encountered, 0 discovered, 0 enqueued
[380.207s][info][gc,ref      ] GC(222) Weak: 6711 encountered, 902 discovered, 22 enqueued
[380.207s][info][gc,ref      ] GC(222) Final: 53 encountered, 2 discovered, 0 enqueued
[380.207s][info][gc,ref      ] GC(222) Phantom: 589 encountered, 299 discovered, 0 enqueued
[380.207s][info][gc,reloc    ] GC(222) Small Pages: 2194 / 4388M, Empty: 2130M, Relocated: 183M, In-Place: 0
[380.207s][info][gc,reloc    ] GC(222) Medium Pages: 5 / 160M, Empty: 128M, Relocated: 0M, In-Place: 0
[380.207s][info][gc,reloc    ] GC(222) Large Pages: 30 / 212M, Empty: 148M, Relocated: 0M, In-Place: 0
[380.207s][info][gc,reloc    ] GC(222) Forwarding Usage: 142M
[380.207s][info][gc,heap     ] GC(222) Min Capacity: 8192M(100%)
[380.207s][info][gc,heap     ] GC(222) Max Capacity: 8192M(100%)
[380.207s][info][gc,heap     ] GC(222) Soft Max Capacity: 8192M(100%)
[380.207s][info][gc,heap     ] GC(222)                Mark Start          Mark End        Relocate Start      Relocate End           High               Low         
[380.207s][info][gc,heap     ] GC(222)  Capacity:     8192M (100%)       8192M (100%)       8192M (100%)       8192M (100%)       8192M (100%)       8192M (100%)   
[380.208s][info][gc,heap     ] GC(222)      Free:     3432M (42%)        3180M (39%)        5540M (68%)        7106M (87%)        7172M (88%)        3166M (39%)    
[380.208s][info][gc,heap     ] GC(222)      Used:     4760M (58%)        5012M (61%)        2652M (32%)        1086M (13%)        5026M (61%)        1020M (12%)    
[380.208s][info][gc,heap     ] GC(222)      Live:         -               430M (5%)          430M (5%)          430M (5%)             -                  -          
[380.208s][info][gc,heap     ] GC(222) Allocated:         -               252M (3%)          298M (4%)          617M (8%)             -                  -          
[380.208s][info][gc,heap     ] GC(222)   Garbage:         -              4329M (53%)        1923M (23%)          37M (0%)             -                  -          
[380.208s][info][gc,heap     ] GC(222) Reclaimed:         -                  -              2406M (29%)        4291M (52%)            -                  -          
[380.208s][info][gc          ] GC(222) Garbage Collection (Allocation Rate) 4760M(58%)->1086M(13%)
[380.218s][info][gc,start    ] GC(223) Garbage Collection (Allocation Rate)
[380.218s][info][gc,task     ] GC(223) Using 2 workers
[380.219s][info][gc,phases   ] GC(223) Pause Mark Start 0.007ms
[380.328s][info][gc,stats    ] === Garbage Collection Statistics =======================================================================================================================
[380.328s][info][gc,stats    ]                                                              Last 10s              Last 10m              Last 10h                Total
[380.328s][info][gc,stats    ]                                                              Avg / Max             Avg / Max             Avg / Max             Avg / Max
[380.328s][info][gc,stats    ]   Collector: Garbage Collection Cycle                    506.734 / 950.645     431.534 / 983.217     431.534 / 983.217     431.534 / 983.217     ms
[380.329s][info][gc,stats    ]  Contention: Mark Segment Reset Contention                     3 / 21                3 / 36                3 / 36                3 / 36          ops/s
[380.329s][info][gc,stats    ]  Contention: Mark SeqNum Reset Contention                      0 / 0                 0 / 2                 0 / 2                 0 / 2           ops/s
[380.329s][info][gc,stats    ]    Critical: Allocation Stall                                  0 / 0                 0 / 0                 0 / 0                 0 / 0           ops/s
[380.329s][info][gc,stats    ]    Critical: Allocation Stall                              0.000 / 0.000         0.000 / 0.000         0.000 / 0.000         0.000 / 0.000       ms
[380.329s][info][gc,stats    ]    Critical: GC Locker Stall                                   0 / 0                 0 / 0                 0 / 0                 0 / 0           ops/s
[380.329s][info][gc,stats    ]    Critical: GC Locker Stall                               0.000 / 0.000         0.000 / 0.000         0.000 / 0.000         0.000 / 0.000       ms
[380.329s][info][gc,stats    ]    Critical: Relocation Stall                                  0 / 0                 0 / 0                 0 / 0                 0 / 0           ops/s
[380.329s][info][gc,stats    ]    Critical: Relocation Stall                              0.000 / 0.000         0.000 / 0.000         0.000 / 0.000         0.000 / 0.000       ms
[380.329s][info][gc,stats    ]      Memory: Allocation Rate                                1657 / 2290           1607 / 3876           1607 / 3876           1607 / 3876        MB/s
[380.329s][info][gc,stats    ]      Memory: Out Of Memory                                     0 / 0                 0 / 0                 0 / 0                 0 / 0           ops/s
[380.329s][info][gc,stats    ]      Memory: Page Cache Flush                                  0 / 0                 0 / 0                 0 / 0                 0 / 0           MB/s
[380.329s][info][gc,stats    ]      Memory: Page Cache Hit L1                               777 / 1073            739 / 1729            739 / 1729            739 / 1729        ops/s
[380.329s][info][gc,stats    ]      Memory: Page Cache Hit L2                                 0 / 0                 0 / 0                 0 / 0                 0 / 0           ops/s
[380.329s][info][gc,stats    ]      Memory: Page Cache Hit L3                                 0 / 0                 6 / 527               6 / 527               6 / 527         ops/s
[380.329s][info][gc,stats    ]      Memory: Page Cache Miss                                   0 / 0                 0 / 1                 0 / 1                 0 / 1           ops/s
[380.329s][info][gc,stats    ]      Memory: Uncommit                                          0 / 0                 0 / 0                 0 / 0                 0 / 0           MB/s
[380.329s][info][gc,stats    ]      Memory: Undo Object Allocation Failed                     0 / 0                 0 / 1                 0 / 1                 0 / 1           ops/s
[380.329s][info][gc,stats    ]      Memory: Undo Object Allocation Succeeded                  1 / 9                 4 / 101               4 / 101               4 / 101         ops/s
[380.329s][info][gc,stats    ]      Memory: Undo Page Allocation                              0 / 1                 0 / 2                 0 / 2                 0 / 2           ops/s
[380.329s][info][gc,stats    ]       Phase: Concurrent Mark                             377.323 / 689.874     328.636 / 972.666     328.636 / 972.666     328.636 / 972.666     ms
[380.329s][info][gc,stats    ]       Phase: Concurrent Mark Continue                      0.000 / 0.000         0.000 / 0.000         0.000 / 0.000         0.000 / 0.000       ms
[380.329s][info][gc,stats    ]       Phase: Concurrent Mark Free                          0.001 / 0.002         0.005 / 0.317         0.005 / 0.317         0.005 / 0.317       ms
[380.329s][info][gc,stats    ]       Phase: Concurrent Process Non-Strong References     11.921 / 12.649       10.415 / 15.785       10.415 / 15.785       10.415 / 15.785      ms
[380.329s][info][gc,stats    ]       Phase: Concurrent Relocate                          98.682 / 216.806      76.492 / 226.884      76.492 / 226.884      76.492 / 226.884     ms
[380.329s][info][gc,stats    ]       Phase: Concurrent Reset Relocation Set               0.033 / 0.109         0.039 / 0.139         0.039 / 0.139         0.039 / 0.139       ms
[380.329s][info][gc,stats    ]       Phase: Concurrent Select Relocation Set             17.768 / 32.511       14.834 / 41.971       14.834 / 41.971       14.834 / 41.971      ms
[380.329s][info][gc,stats    ]       Phase: Pause Mark End                                0.038 / 0.087         0.027 / 0.101         0.027 / 0.101         0.027 / 0.101       ms
[380.329s][info][gc,stats    ]       Phase: Pause Mark Start                              0.007 / 0.009         0.007 / 0.014         0.007 / 0.014         0.007 / 0.014       ms
[380.329s][info][gc,stats    ]       Phase: Pause Relocate Start                          0.017 / 0.037         0.013 / 0.037         0.013 / 0.037         0.013 / 0.037       ms
[380.329s][info][gc,stats    ]    Subphase: Concurrent Classes Purge                      0.493 / 0.541         0.429 / 0.733         0.429 / 0.733         0.429 / 0.733       ms
[380.329s][info][gc,stats    ]    Subphase: Concurrent Classes Unlink                    10.456 / 11.343        8.868 / 12.957        8.868 / 12.957        8.868 / 12.957      ms
[380.329s][info][gc,stats    ]    Subphase: Concurrent Mark                             371.060 / 686.733     320.476 / 969.741     320.476 / 969.741     320.476 / 969.741     ms
[380.329s][info][gc,stats    ]    Subphase: Concurrent Mark Try Flush                     0.176 / 0.488         0.230 / 15.555        0.230 / 15.555        0.230 / 15.555      ms
[380.329s][info][gc,stats    ]    Subphase: Concurrent Mark Try Terminate                 2.406 / 13.140        4.311 / 16.659        4.311 / 16.659        4.311 / 16.659      ms
[380.329s][info][gc,stats    ]    Subphase: Concurrent References Enqueue                 0.005 / 0.007         0.005 / 0.009         0.005 / 0.009         0.005 / 0.009       ms
[380.329s][info][gc,stats    ]    Subphase: Concurrent References Process                 0.168 / 0.277         0.189 / 0.610         0.189 / 0.610         0.189 / 0.610       ms
[380.329s][info][gc,stats    ]    Subphase: Concurrent Roots ClassLoaderDataGraph         0.130 / 0.254         0.119 / 0.376         0.119 / 0.376         0.119 / 0.376       ms
[380.329s][info][gc,stats    ]    Subphase: Concurrent Roots CodeCache                    0.000 / 0.000         0.000 / 0.000         0.000 / 0.000         0.000 / 0.000       ms
[380.329s][info][gc,stats    ]    Subphase: Concurrent Roots JavaThreads                  2.851 / 3.242         3.836 / 8.610         3.836 / 8.610         3.836 / 8.610       ms
[380.329s][info][gc,stats    ]    Subphase: Concurrent Roots OopStorageSet                0.058 / 0.149         0.047 / 0.149         0.047 / 0.149         0.047 / 0.149       ms
[380.329s][info][gc,stats    ]    Subphase: Concurrent Weak Roots OopStorageSet           0.547 / 0.847         0.595 / 1.117         0.595 / 1.117         0.595 / 1.117       ms
[380.329s][info][gc,stats    ]    Subphase: Pause Mark Try Complete                       0.014 / 0.018         0.009 / 0.024         0.009 / 0.024         0.009 / 0.024       ms
[380.329s][info][gc,stats    ]      System: Java Threads                                    263 / 265             252 / 267             252 / 267             252 / 267         threads
[380.329s][info][gc,stats    ] =========================================================================================================================================================
[380.421s][info][gc,phases   ] GC(223) Concurrent Mark 202.092ms
[380.421s][info][gc,phases   ] GC(223) Pause Mark End 0.017ms
[380.421s][info][gc,phases   ] GC(223) Concurrent Mark Free 0.001ms
[380.433s][info][gc,phases   ] GC(223) Concurrent Process Non-Strong References 12.325ms
[380.433s][info][gc,phases   ] GC(223) Concurrent Reset Relocation Set 0.104ms
[380.445s][info][gc,phases   ] GC(223) Concurrent Select Relocation Set 11.384ms
[380.445s][info][gc,phases   ] GC(223) Pause Relocate Start 0.017ms
[380.467s][info][gc,phases   ] GC(223) Concurrent Relocate 22.399ms
[380.468s][info][gc,load     ] GC(223) Load: 0.00/0.00/0.00
[380.468s][info][gc,mmu      ] GC(223) MMU: 2ms/95.0%, 5ms/98.0%, 10ms/99.0%, 20ms/99.5%, 50ms/99.8%, 100ms/99.9%
[380.468s][info][gc,marking  ] GC(223) Mark: 2 stripe(s), 2 proactive flush(es), 1 terminate flush(es), 0 completion(s), 0 continuation(s) 
[380.468s][info][gc,marking  ] GC(223) Mark Stack Usage: 32M
[380.468s][info][gc,nmethod  ] GC(223) NMethods: 13061 registered, 773 unregistered
[380.468s][info][gc,metaspace] GC(223) Metaspace: 73M used, 74M committed, 1152M reserved
[380.468s][info][gc,ref      ] GC(223) Soft: 5940 encountered, 0 discovered, 0 enqueued
[380.468s][info][gc,ref      ] GC(223) Weak: 6807 encountered, 927 discovered, 220 enqueued
[380.468s][info][gc,ref      ] GC(223) Final: 53 encountered, 4 discovered, 0 enqueued
[380.468s][info][gc,ref      ] GC(223) Phantom: 589 encountered, 300 discovered, 0 enqueued
[380.468s][info][gc,reloc    ] GC(223) Small Pages: 429 / 858M, Empty: 528M, Relocated: 17M, In-Place: 0
[380.468s][info][gc,reloc    ] GC(223) Medium Pages: 4 / 128M, Empty: 32M, Relocated: 14M, In-Place: 0
[380.468s][info][gc,reloc    ] GC(223) Large Pages: 18 / 124M, Empty: 100M, Relocated: 0M, In-Place: 0
[380.468s][info][gc,reloc    ] GC(223) Forwarding Usage: 16M
[380.468s][info][gc,heap     ] GC(223) Min Capacity: 8192M(100%)
[380.468s][info][gc,heap     ] GC(223) Max Capacity: 8192M(100%)
[380.468s][info][gc,heap     ] GC(223) Soft Max Capacity: 8192M(100%)
[380.468s][info][gc,heap     ] GC(223)                Mark Start          Mark End        Relocate Start      Relocate End           High               Low         
[380.468s][info][gc,heap     ] GC(223)  Capacity:     8192M (100%)       8192M (100%)       8192M (100%)       8192M (100%)       8192M (100%)       8192M (100%)   
[380.468s][info][gc,heap     ] GC(223)      Free:     7082M (86%)        6750M (82%)        7372M (90%)        7552M (92%)        7552M (92%)        6730M (82%)    
[380.468s][info][gc,heap     ] GC(223)      Used:     1110M (14%)        1442M (18%)         820M (10%)         640M (8%)         1462M (18%)         640M (8%)     
[380.468s][info][gc,heap     ] GC(223)      Live:         -               219M (3%)          219M (3%)          219M (3%)             -                  -          
[380.468s][info][gc,heap     ] GC(223) Allocated:         -               332M (4%)          370M (5%)          392M (5%)             -                  -          
[380.468s][info][gc,heap     ] GC(223)   Garbage:         -               890M (11%)         230M (3%)           28M (0%)             -                  -          
[380.468s][info][gc,heap     ] GC(223) Reclaimed:         -                  -               660M (8%)          862M (11%)            -                  -          
[380.468s][info][gc          ] GC(223) Garbage Collection (Allocation Rate) 1110M(14%)->640M(8%)
[381.696s][info][gc,start    ] GC(224) Garbage Collection (System.gc())
[381.696s][info][gc,task     ] GC(224) Using 2 workers
[381.697s][info][gc,phases   ] GC(224) Pause Mark Start 0.005ms
[381.832s][info][gc,phases   ] GC(224) Concurrent Mark 135.220ms
[381.832s][info][gc,phases   ] GC(224) Pause Mark End 0.042ms
[381.832s][info][gc,phases   ] GC(224) Concurrent Mark Free 0.003ms
[381.844s][info][gc,phases   ] GC(224) Concurrent Process Non-Strong References 11.323ms
[381.844s][info][gc,phases   ] GC(224) Concurrent Reset Relocation Set 0.009ms
[381.847s][info][gc,phases   ] GC(224) Concurrent Select Relocation Set 2.971ms
[381.847s][info][gc,phases   ] GC(224) Pause Relocate Start 0.010ms
[381.849s][info][gc,phases   ] GC(224) Concurrent Relocate 2.478ms
[381.849s][info][gc,load     ] GC(224) Load: 0.00/0.00/0.00
[381.849s][info][gc,mmu      ] GC(224) MMU: 2ms/95.0%, 5ms/98.0%, 10ms/99.0%, 20ms/99.5%, 50ms/99.8%, 100ms/99.9%
[381.849s][info][gc,marking  ] GC(224) Mark: 2 stripe(s), 2 proactive flush(es), 1 terminate flush(es), 0 completion(s), 0 continuation(s) 
[381.849s][info][gc,marking  ] GC(224) Mark Stack Usage: 32M
[381.849s][info][gc,nmethod  ] GC(224) NMethods: 13062 registered, 773 unregistered
[381.849s][info][gc,metaspace] GC(224) Metaspace: 73M used, 74M committed, 1152M reserved
[381.849s][info][gc,ref      ] GC(224) Soft: 5936 encountered, 0 discovered, 0 enqueued
[381.850s][info][gc,ref      ] GC(224) Weak: 6769 encountered, 935 discovered, 379 enqueued
[381.850s][info][gc,ref      ] GC(224) Final: 53 encountered, 4 discovered, 0 enqueued
[381.850s][info][gc,ref      ] GC(224) Phantom: 588 encountered, 322 discovered, 0 enqueued
[381.850s][info][gc,reloc    ] GC(224) Small Pages: 1268 / 2536M, Empty: 2280M, Relocated: 3M, In-Place: 0
[381.850s][info][gc,reloc    ] GC(224) Medium Pages: 9 / 288M, Empty: 256M, Relocated: 0M, In-Place: 0
[381.850s][info][gc,reloc    ] GC(224) Large Pages: 38 / 228M, Empty: 228M, Relocated: 0M, In-Place: 0
[381.850s][info][gc,reloc    ] GC(224) Forwarding Usage: 1M
[381.850s][info][gc,heap     ] GC(224) Min Capacity: 8192M(100%)
[381.850s][info][gc,heap     ] GC(224) Max Capacity: 8192M(100%)
[381.850s][info][gc,heap     ] GC(224) Soft Max Capacity: 8192M(100%)
[381.850s][info][gc,heap     ] GC(224)                Mark Start          Mark End        Relocate Start      Relocate End           High               Low         
[381.850s][info][gc,heap     ] GC(224)  Capacity:     8192M (100%)       8192M (100%)       8192M (100%)       8192M (100%)       8192M (100%)       8192M (100%)   
[381.850s][info][gc,heap     ] GC(224)      Free:     5140M (63%)        5138M (63%)        7894M (96%)        7972M (97%)        7974M (97%)        5138M (63%)    
[381.850s][info][gc,heap     ] GC(224)      Used:     3052M (37%)        3054M (37%)         298M (4%)          220M (3%)         3054M (37%)         218M (3%)     
[381.850s][info][gc,heap     ] GC(224)      Live:         -               176M (2%)          176M (2%)          176M (2%)             -                  -          
[381.850s][info][gc,heap     ] GC(224) Allocated:         -                 2M (0%)           10M (0%)           11M (0%)             -                  -          
[381.850s][info][gc,heap     ] GC(224)   Garbage:         -              2875M (35%)         111M (1%)           31M (0%)             -                  -          
[381.850s][info][gc,heap     ] GC(224) Reclaimed:         -                  -              2764M (34%)        2843M (35%)            -                  -          
[381.850s][info][gc          ] GC(224) Garbage Collection (System.gc()) 3052M(37%)->220M(3%)
[384.121s][info][gc,start    ] GC(225) Garbage Collection (Allocation Rate)
[384.121s][info][gc,task     ] GC(225) Using 2 workers
[384.121s][info][gc,phases   ] GC(225) Pause Mark Start 0.005ms
[384.623s][info][gc,phases   ] GC(225) Concurrent Mark 501.986ms
[384.623s][info][gc,phases   ] GC(225) Pause Mark End 0.057ms
[384.623s][info][gc,phases   ] GC(225) Concurrent Mark Free 0.001ms
[384.635s][info][gc,phases   ] GC(225) Concurrent Process Non-Strong References 11.678ms
[384.635s][info][gc,phases   ] GC(225) Concurrent Reset Relocation Set 0.002ms
[384.666s][info][gc,phases   ] GC(225) Concurrent Select Relocation Set 30.896ms
[384.666s][info][gc,phases   ] GC(225) Pause Relocate Start 0.012ms
[384.814s][info][gc,phases   ] GC(225) Concurrent Relocate 147.494ms
[384.814s][info][gc,load     ] GC(225) Load: 0.00/0.00/0.00
[384.814s][info][gc,mmu      ] GC(225) MMU: 2ms/95.0%, 5ms/98.0%, 10ms/99.0%, 20ms/99.5%, 50ms/99.8%, 100ms/99.9%
[384.814s][info][gc,marking  ] GC(225) Mark: 2 stripe(s), 2 proactive flush(es), 1 terminate flush(es), 1 completion(s), 0 continuation(s) 
[384.814s][info][gc,marking  ] GC(225) Mark Stack Usage: 32M
[384.814s][info][gc,nmethod  ] GC(225) NMethods: 13072 registered, 773 unregistered
[384.814s][info][gc,metaspace] GC(225) Metaspace: 73M used, 74M committed, 1152M reserved
[384.814s][info][gc,ref      ] GC(225) Soft: 5944 encountered, 0 discovered, 0 enqueued
[384.814s][info][gc,ref      ] GC(225) Weak: 6710 encountered, 852 discovered, 91 enqueued
[384.814s][info][gc,ref      ] GC(225) Final: 53 encountered, 4 discovered, 0 enqueued
[384.814s][info][gc,ref      ] GC(225) Phantom: 588 encountered, 286 discovered, 0 enqueued
[384.814s][info][gc,reloc    ] GC(225) Small Pages: 2217 / 4434M, Empty: 2614M, Relocated: 95M, In-Place: 0
[384.814s][info][gc,reloc    ] GC(225) Medium Pages: 5 / 160M, Empty: 96M, Relocated: 11M, In-Place: 0
[384.814s][info][gc,reloc    ] GC(225) Large Pages: 30 / 212M, Empty: 172M, Relocated: 0M, In-Place: 0
[384.814s][info][gc,reloc    ] GC(225) Forwarding Usage: 95M
[384.814s][info][gc,heap     ] GC(225) Min Capacity: 8192M(100%)
[384.814s][info][gc,heap     ] GC(225) Max Capacity: 8192M(100%)
[384.814s][info][gc,heap     ] GC(225) Soft Max Capacity: 8192M(100%)
[384.814s][info][gc,heap     ] GC(225)                Mark Start          Mark End        Relocate Start      Relocate End           High               Low         
[384.814s][info][gc,heap     ] GC(225)  Capacity:     8192M (100%)       8192M (100%)       8192M (100%)       8192M (100%)       8192M (100%)       8192M (100%)   
[384.814s][info][gc,heap     ] GC(225)      Free:     3386M (41%)        3298M (40%)        6112M (75%)        7506M (92%)        7506M (92%)        3294M (40%)    
[384.814s][info][gc,heap     ] GC(225)      Used:     4806M (59%)        4894M (60%)        2080M (25%)         686M (8%)         4898M (60%)         686M (8%)     
[384.814s][info][gc,heap     ] GC(225)      Live:         -               312M (4%)          312M (4%)          312M (4%)             -                  -          
[384.814s][info][gc,heap     ] GC(225) Allocated:         -                88M (1%)          156M (2%)          344M (4%)             -                  -          
[384.814s][info][gc,heap     ] GC(225)   Garbage:         -              4493M (55%)        1611M (20%)          29M (0%)             -                  -          
[384.814s][info][gc,heap     ] GC(225) Reclaimed:         -                  -              2882M (35%)        4464M (54%)            -                  -          
[384.814s][info][gc          ] GC(225) Garbage Collection (Allocation Rate) 4806M(59%)->686M(8%)
[386.368s][info][gc,start    ] GC(226) Garbage Collection (System.gc())
[386.368s][info][gc,task     ] GC(226) Using 2 workers
[386.368s][info][gc,phases   ] GC(226) Pause Mark Start 0.007ms
[386.509s][info][gc,phases   ] GC(226) Concurrent Mark 141.033ms
[386.510s][info][gc,phases   ] GC(226) Pause Mark End 0.026ms
[386.510s][info][gc,phases   ] GC(226) Concurrent Mark Free 0.001ms
[386.521s][info][gc,phases   ] GC(226) Concurrent Process Non-Strong References 11.181ms
[386.521s][info][gc,phases   ] GC(226) Concurrent Reset Relocation Set 0.098ms
[386.530s][info][gc,phases   ] GC(226) Concurrent Select Relocation Set 8.513ms
[386.530s][info][gc,phases   ] GC(226) Pause Relocate Start 0.008ms
[386.531s][info][gc,phases   ] GC(226) Concurrent Relocate 1.130ms
[386.531s][info][gc,load     ] GC(226) Load: 0.00/0.00/0.00
[386.531s][info][gc,mmu      ] GC(226) MMU: 2ms/95.0%, 5ms/98.0%, 10ms/99.0%, 20ms/99.5%, 50ms/99.8%, 100ms/99.9%
[386.531s][info][gc,marking  ] GC(226) Mark: 2 stripe(s), 2 proactive flush(es), 1 terminate flush(es), 0 completion(s), 0 continuation(s) 
[386.531s][info][gc,marking  ] GC(226) Mark Stack Usage: 32M
[386.531s][info][gc,nmethod  ] GC(226) NMethods: 13055 registered, 850 unregistered
[386.531s][info][gc,metaspace] GC(226) Metaspace: 73M used, 74M committed, 1152M reserved
[386.531s][info][gc,ref      ] GC(226) Soft: 5942 encountered, 0 discovered, 0 enqueued
[386.531s][info][gc,ref      ] GC(226) Weak: 7035 encountered, 1318 discovered, 616 enqueued
[386.531s][info][gc,ref      ] GC(226) Final: 53 encountered, 53 discovered, 0 enqueued
[386.531s][info][gc,ref      ] GC(226) Phantom: 600 encountered, 391 discovered, 12 enqueued
[386.531s][info][gc,reloc    ] GC(226) Small Pages: 1522 / 3044M, Empty: 2754M, Relocated: 1M, In-Place: 0
[386.531s][info][gc,reloc    ] GC(226) Medium Pages: 11 / 352M, Empty: 320M, Relocated: 0M, In-Place: 0
[386.531s][info][gc,reloc    ] GC(226) Large Pages: 46 / 292M, Empty: 292M, Relocated: 0M, In-Place: 0
[386.531s][info][gc,reloc    ] GC(226) Forwarding Usage: 0M
[386.531s][info][gc,heap     ] GC(226) Min Capacity: 8192M(100%)
[386.531s][info][gc,heap     ] GC(226) Max Capacity: 8192M(100%)
[386.531s][info][gc,heap     ] GC(226) Soft Max Capacity: 8192M(100%)
[386.531s][info][gc,heap     ] GC(226)                Mark Start          Mark End        Relocate Start      Relocate End           High               Low         
[386.531s][info][gc,heap     ] GC(226)  Capacity:     8192M (100%)       8192M (100%)       8192M (100%)       8192M (100%)       8192M (100%)       8192M (100%)   
[386.531s][info][gc,heap     ] GC(226)      Free:     4504M (55%)        4502M (55%)        7854M (96%)        7968M (97%)        7968M (97%)        4502M (55%)    
[386.531s][info][gc,heap     ] GC(226)      Used:     3688M (45%)        3690M (45%)         338M (4%)          224M (3%)         3690M (45%)         224M (3%)     
[386.531s][info][gc,heap     ] GC(226)      Live:         -               176M (2%)          176M (2%)          176M (2%)             -                  -          
[386.531s][info][gc,heap     ] GC(226) Allocated:         -                 2M (0%)           16M (0%)           16M (0%)             -                  -          
[386.531s][info][gc,heap     ] GC(226)   Garbage:         -              3511M (43%)         145M (2%)           31M (0%)             -                  -          
[386.531s][info][gc,heap     ] GC(226) Reclaimed:         -                  -              3366M (41%)        3480M (42%)            -                  -          
[386.531s][info][gc          ] GC(226) Garbage Collection (System.gc()) 3688M(45%)->224M(3%)
[388.722s][info][gc,start    ] GC(227) Garbage Collection (Allocation Rate)
[388.722s][info][gc,task     ] GC(227) Using 2 workers
[388.722s][info][gc,phases   ] GC(227) Pause Mark Start 0.008ms
[389.340s][info][gc,phases   ] GC(227) Concurrent Mark 617.477ms
[389.340s][info][gc,phases   ] GC(227) Pause Mark End 0.021ms
[389.340s][info][gc,phases   ] GC(227) Concurrent Mark Free 0.001ms
[389.353s][info][gc,phases   ] GC(227) Concurrent Process Non-Strong References 12.635ms
[389.353s][info][gc,phases   ] GC(227) Concurrent Reset Relocation Set 0.004ms
[389.392s][info][gc,phases   ] GC(227) Concurrent Select Relocation Set 39.145ms
[389.392s][info][gc,phases   ] GC(227) Pause Relocate Start 0.013ms
[389.606s][info][gc,phases   ] GC(227) Concurrent Relocate 213.236ms
[389.606s][info][gc,load     ] GC(227) Load: 0.00/0.00/0.00
[389.606s][info][gc,mmu      ] GC(227) MMU: 2ms/95.0%, 5ms/98.0%, 10ms/99.0%, 20ms/99.5%, 50ms/99.8%, 100ms/99.9%
[389.606s][info][gc,marking  ] GC(227) Mark: 2 stripe(s), 2 proactive flush(es), 1 terminate flush(es), 0 completion(s), 0 continuation(s) 
[389.606s][info][gc,marking  ] GC(227) Mark Stack Usage: 32M
[389.606s][info][gc,nmethod  ] GC(227) NMethods: 13060 registered, 850 unregistered
[389.606s][info][gc,metaspace] GC(227) Metaspace: 73M used, 74M committed, 1152M reserved
[389.606s][info][gc,ref      ] GC(227) Soft: 5950 encountered, 0 discovered, 0 enqueued
[389.606s][info][gc,ref      ] GC(227) Weak: 6751 encountered, 896 discovered, 91 enqueued
[389.606s][info][gc,ref      ] GC(227) Final: 53 encountered, 0 discovered, 0 enqueued
[389.606s][info][gc,ref      ] GC(227) Phantom: 588 encountered, 365 discovered, 0 enqueued
[389.606s][info][gc,reloc    ] GC(227) Small Pages: 2153 / 4306M, Empty: 2128M, Relocated: 185M, In-Place: 0
[389.606s][info][gc,reloc    ] GC(227) Medium Pages: 5 / 160M, Empty: 128M, Relocated: 0M, In-Place: 0
[389.606s][info][gc,reloc    ] GC(227) Large Pages: 30 / 212M, Empty: 148M, Relocated: 0M, In-Place: 0
[389.606s][info][gc,reloc    ] GC(227) Forwarding Usage: 140M
[389.606s][info][gc,heap     ] GC(227) Min Capacity: 8192M(100%)
[389.606s][info][gc,heap     ] GC(227) Max Capacity: 8192M(100%)
[389.606s][info][gc,heap     ] GC(227) Soft Max Capacity: 8192M(100%)
[389.606s][info][gc,heap     ] GC(227)                Mark Start          Mark End        Relocate Start      Relocate End           High               Low         
[389.606s][info][gc,heap     ] GC(227)  Capacity:     8192M (100%)       8192M (100%)       8192M (100%)       8192M (100%)       8192M (100%)       8192M (100%)   
[389.606s][info][gc,heap     ] GC(227)      Free:     3514M (43%)        3292M (40%)        5584M (68%)        7116M (87%)        7156M (87%)        3284M (40%)    
[389.606s][info][gc,heap     ] GC(227)      Used:     4678M (57%)        4900M (60%)        2608M (32%)        1076M (13%)        4908M (60%)        1036M (13%)    
[389.606s][info][gc,heap     ] GC(227)      Live:         -               427M (5%)          427M (5%)          427M (5%)             -                  -          
[389.606s][info][gc,heap     ] GC(227) Allocated:         -               222M (3%)          334M (4%)          613M (7%)             -                  -          
[389.606s][info][gc,heap     ] GC(227)   Garbage:         -              4250M (52%)        1846M (23%)          34M (0%)             -                  -          
[389.606s][info][gc,heap     ] GC(227) Reclaimed:         -                  -              2404M (29%)        4215M (51%)            -                  -          
[389.606s][info][gc          ] GC(227) Garbage Collection (Allocation Rate) 4678M(57%)->1076M(13%)
[389.620s][info][gc,start    ] GC(228) Garbage Collection (Allocation Rate)
[389.620s][info][gc,task     ] GC(228) Using 2 workers
[389.620s][info][gc,phases   ] GC(228) Pause Mark Start 0.009ms
[389.828s][info][gc,phases   ] GC(228) Concurrent Mark 207.982ms
[389.828s][info][gc,phases   ] GC(228) Pause Mark End 0.022ms
[389.828s][info][gc,phases   ] GC(228) Concurrent Mark Free 0.001ms
[389.840s][info][gc,phases   ] GC(228) Concurrent Process Non-Strong References 11.710ms
[389.840s][info][gc,phases   ] GC(228) Concurrent Reset Relocation Set 0.103ms
[389.850s][info][gc,phases   ] GC(228) Concurrent Select Relocation Set 9.689ms
[389.850s][info][gc,phases   ] GC(228) Pause Relocate Start 0.016ms
[389.865s][info][gc,phases   ] GC(228) Concurrent Relocate 14.253ms
[389.865s][info][gc,load     ] GC(228) Load: 0.00/0.00/0.00
[389.865s][info][gc,mmu      ] GC(228) MMU: 2ms/95.0%, 5ms/98.0%, 10ms/99.0%, 20ms/99.5%, 50ms/99.8%, 100ms/99.9%
[389.865s][info][gc,marking  ] GC(228) Mark: 2 stripe(s), 2 proactive flush(es), 1 terminate flush(es), 0 completion(s), 0 continuation(s) 
[389.865s][info][gc,marking  ] GC(228) Mark Stack Usage: 32M
[389.865s][info][gc,nmethod  ] GC(228) NMethods: 13060 registered, 850 unregistered
[389.865s][info][gc,metaspace] GC(228) Metaspace: 73M used, 74M committed, 1152M reserved
[389.865s][info][gc,ref      ] GC(228) Soft: 5946 encountered, 0 discovered, 0 enqueued
[389.865s][info][gc,ref      ] GC(228) Weak: 6867 encountered, 1263 discovered, 220 enqueued
[389.865s][info][gc,ref      ] GC(228) Final: 53 encountered, 4 discovered, 0 enqueued
[389.865s][info][gc,ref      ] GC(228) Phantom: 591 encountered, 330 discovered, 0 enqueued
[389.865s][info][gc,reloc    ] GC(228) Small Pages: 451 / 902M, Empty: 598M, Relocated: 8M, In-Place: 0
[389.865s][info][gc,reloc    ] GC(228) Medium Pages: 3 / 96M, Empty: 32M, Relocated: 20M, In-Place: 0
[389.865s][info][gc,reloc    ] GC(228) Large Pages: 14 / 100M, Empty: 100M, Relocated: 0M, In-Place: 0
[389.865s][info][gc,reloc    ] GC(228) Forwarding Usage: 8M
[389.865s][info][gc,heap     ] GC(228) Min Capacity: 8192M(100%)
[389.865s][info][gc,heap     ] GC(228) Max Capacity: 8192M(100%)
[389.865s][info][gc,heap     ] GC(228) Soft Max Capacity: 8192M(100%)
[389.865s][info][gc,heap     ] GC(228)                Mark Start          Mark End        Relocate Start      Relocate End           High               Low         
[389.865s][info][gc,heap     ] GC(228)  Capacity:     8192M (100%)       8192M (100%)       8192M (100%)       8192M (100%)       8192M (100%)       8192M (100%)   
[389.865s][info][gc,heap     ] GC(228)      Free:     7094M (87%)        6720M (82%)        7426M (91%)        7552M (92%)        7558M (92%)        6704M (82%)    
[389.865s][info][gc,heap     ] GC(228)      Used:     1098M (13%)        1472M (18%)         766M (9%)          640M (8%)         1488M (18%)         634M (8%)     
[389.865s][info][gc,heap     ] GC(228)      Live:         -               194M (2%)          194M (2%)          194M (2%)             -                  -          
[389.865s][info][gc,heap     ] GC(228) Allocated:         -               374M (5%)          398M (5%)          422M (5%)             -                  -          
[389.865s][info][gc,heap     ] GC(228)   Garbage:         -               903M (11%)         173M (2%)           23M (0%)             -                  -          
[389.865s][info][gc,heap     ] GC(228) Reclaimed:         -                  -               730M (9%)          880M (11%)            -                  -          
[389.865s][info][gc          ] GC(228) Garbage Collection (Allocation Rate) 1098M(13%)->640M(8%)
[390.318s][info][gc,stats    ] === Garbage Collection Statistics =======================================================================================================================
[390.318s][info][gc,stats    ]                                                              Last 10s              Last 10m              Last 10h                Total
[390.318s][info][gc,stats    ]                                                              Avg / Max             Avg / Max             Avg / Max             Avg / Max
[390.318s][info][gc,stats    ]   Collector: Garbage Collection Cycle                    397.733 / 883.545     430.649 / 983.217     430.649 / 983.217     430.649 / 983.217     ms
[390.318s][info][gc,stats    ]  Contention: Mark Segment Reset Contention                     4 / 21                3 / 36                3 / 36                3 / 36          ops/s
[390.318s][info][gc,stats    ]  Contention: Mark SeqNum Reset Contention                      0 / 0                 0 / 2                 0 / 2                 0 / 2           ops/s
[390.318s][info][gc,stats    ]    Critical: Allocation Stall                                  0 / 0                 0 / 0                 0 / 0                 0 / 0           ops/s
[390.318s][info][gc,stats    ]    Critical: Allocation Stall                              0.000 / 0.000         0.000 / 0.000         0.000 / 0.000         0.000 / 0.000       ms
[390.318s][info][gc,stats    ]    Critical: GC Locker Stall                                   0 / 0                 0 / 0                 0 / 0                 0 / 0           ops/s
[390.318s][info][gc,stats    ]    Critical: GC Locker Stall                               0.000 / 0.000         0.000 / 0.000         0.000 / 0.000         0.000 / 0.000       ms
[390.318s][info][gc,stats    ]    Critical: Relocation Stall                                  0 / 0                 0 / 0                 0 / 0                 0 / 0           ops/s
[390.318s][info][gc,stats    ]    Critical: Relocation Stall                              0.000 / 0.000         0.000 / 0.000         0.000 / 0.000         0.000 / 0.000       ms
[390.318s][info][gc,stats    ]      Memory: Allocation Rate                                1709 / 2318           1610 / 3876           1610 / 3876           1610 / 3876        MB/s
[390.318s][info][gc,stats    ]      Memory: Out Of Memory                                     0 / 0                 0 / 0                 0 / 0                 0 / 0           ops/s
[390.318s][info][gc,stats    ]      Memory: Page Cache Flush                                  0 / 0                 0 / 0                 0 / 0                 0 / 0           MB/s
[390.318s][info][gc,stats    ]      Memory: Page Cache Hit L1                               792 / 1072            741 / 1729            741 / 1729            741 / 1729        ops/s
[390.318s][info][gc,stats    ]      Memory: Page Cache Hit L2                                 0 / 0                 0 / 0                 0 / 0                 0 / 0           ops/s
[390.318s][info][gc,stats    ]      Memory: Page Cache Hit L3                                 0 / 0                 6 / 527               6 / 527               6 / 527         ops/s
[390.318s][info][gc,stats    ]      Memory: Page Cache Miss                                   0 / 0                 0 / 1                 0 / 1                 0 / 1           ops/s
[390.318s][info][gc,stats    ]      Memory: Uncommit                                          0 / 0                 0 / 0                 0 / 0                 0 / 0           MB/s
[390.318s][info][gc,stats    ]      Memory: Undo Object Allocation Failed                     0 / 0                 0 / 1                 0 / 1                 0 / 1           ops/s
[390.318s][info][gc,stats    ]      Memory: Undo Object Allocation Succeeded                  0 / 1                 4 / 101               4 / 101               4 / 101         ops/s
[390.318s][info][gc,stats    ]      Memory: Undo Page Allocation                              0 / 0                 0 / 2                 0 / 2                 0 / 2           ops/s
[390.318s][info][gc,stats    ]       Phase: Concurrent Mark                             300.965 / 617.477     327.911 / 972.666     327.911 / 972.666     327.911 / 972.666     ms
[390.318s][info][gc,stats    ]       Phase: Concurrent Mark Continue                      0.000 / 0.000         0.000 / 0.000         0.000 / 0.000         0.000 / 0.000       ms
[390.318s][info][gc,stats    ]       Phase: Concurrent Mark Free                          0.001 / 0.003         0.004 / 0.317         0.004 / 0.317         0.004 / 0.317       ms
[390.319s][info][gc,stats    ]       Phase: Concurrent Process Non-Strong References     11.808 / 12.635       10.451 / 15.785       10.451 / 15.785       10.451 / 15.785      ms
[390.319s][info][gc,stats    ]       Phase: Concurrent Relocate                          66.831 / 213.236      76.239 / 226.884      76.239 / 226.884      76.239 / 226.884     ms
[390.319s][info][gc,stats    ]       Phase: Concurrent Reset Relocation Set               0.053 / 0.104         0.039 / 0.139         0.039 / 0.139         0.039 / 0.139       ms
[390.319s][info][gc,stats    ]       Phase: Concurrent Select Relocation Set             17.099 / 39.145       14.893 / 41.971       14.893 / 41.971       14.893 / 41.971      ms
[390.319s][info][gc,stats    ]       Phase: Pause Mark End                                0.031 / 0.057         0.027 / 0.101         0.027 / 0.101         0.027 / 0.101       ms
[390.319s][info][gc,stats    ]       Phase: Pause Mark Start                              0.007 / 0.009         0.007 / 0.014         0.007 / 0.014         0.007 / 0.014       ms
[390.319s][info][gc,stats    ]       Phase: Pause Relocate Start                          0.013 / 0.017         0.013 / 0.037         0.013 / 0.037         0.013 / 0.037       ms
[390.319s][info][gc,stats    ]    Subphase: Concurrent Classes Purge                      0.486 / 0.589         0.431 / 0.733         0.431 / 0.733         0.431 / 0.733       ms
[390.319s][info][gc,stats    ]    Subphase: Concurrent Classes Unlink                    10.295 / 11.149        8.906 / 12.957        8.906 / 12.957        8.906 / 12.957      ms
[390.319s][info][gc,stats    ]    Subphase: Concurrent Mark                             294.281 / 614.129     319.790 / 969.741     319.790 / 969.741     319.790 / 969.741     ms
[390.319s][info][gc,stats    ]    Subphase: Concurrent Mark Try Flush                     0.223 / 0.487         0.230 / 15.555        0.230 / 15.555        0.230 / 15.555      ms
[390.319s][info][gc,stats    ]    Subphase: Concurrent Mark Try Terminate                 3.445 / 15.441        4.290 / 16.659        4.290 / 16.659        4.290 / 16.659      ms
[390.319s][info][gc,stats    ]    Subphase: Concurrent References Enqueue                 0.005 / 0.007         0.005 / 0.009         0.005 / 0.009         0.005 / 0.009       ms
[390.319s][info][gc,stats    ]    Subphase: Concurrent References Process                 0.187 / 0.320         0.189 / 0.610         0.189 / 0.610         0.189 / 0.610       ms
[390.319s][info][gc,stats    ]    Subphase: Concurrent Roots ClassLoaderDataGraph         0.133 / 0.360         0.120 / 0.376         0.120 / 0.376         0.120 / 0.376       ms
[390.319s][info][gc,stats    ]    Subphase: Concurrent Roots CodeCache                    0.000 / 0.000         0.000 / 0.000         0.000 / 0.000         0.000 / 0.000       ms
[390.319s][info][gc,stats    ]    Subphase: Concurrent Roots JavaThreads                  2.934 / 3.358         3.816 / 8.610         3.816 / 8.610         3.816 / 8.610       ms
[390.319s][info][gc,stats    ]    Subphase: Concurrent Roots OopStorageSet                0.048 / 0.072         0.047 / 0.149         0.047 / 0.149         0.047 / 0.149       ms
[390.319s][info][gc,stats    ]    Subphase: Concurrent Weak Roots OopStorageSet           0.592 / 0.838         0.595 / 1.117         0.595 / 1.117         0.595 / 1.117       ms
[390.319s][info][gc,stats    ]    Subphase: Pause Mark Try Complete                       0.006 / 0.008         0.009 / 0.024         0.009 / 0.024         0.009 / 0.024       ms
[390.319s][info][gc,stats    ]      System: Java Threads                                    264 / 265             252 / 267             252 / 267             252 / 267         threads
[390.319s][info][gc,stats    ] =========================================================================================================================================================
[391.106s][info][gc,start    ] GC(229) Garbage Collection (System.gc())
[391.106s][info][gc,task     ] GC(229) Using 2 workers
[391.107s][info][gc,phases   ] GC(229) Pause Mark Start 0.007ms
[391.245s][info][gc,phases   ] GC(229) Concurrent Mark 138.810ms
[391.246s][info][gc,phases   ] GC(229) Pause Mark End 0.026ms
[391.246s][info][gc,phases   ] GC(229) Concurrent Mark Free 0.001ms
[391.257s][info][gc,phases   ] GC(229) Concurrent Process Non-Strong References 11.489ms
[391.257s][info][gc,phases   ] GC(229) Concurrent Reset Relocation Set 0.008ms
[391.260s][info][gc,phases   ] GC(229) Concurrent Select Relocation Set 2.429ms
[391.260s][info][gc,phases   ] GC(229) Pause Relocate Start 0.010ms
[391.261s][info][gc,phases   ] GC(229) Concurrent Relocate 1.410ms
[391.262s][info][gc,load     ] GC(229) Load: 0.00/0.00/0.00
[391.262s][info][gc,mmu      ] GC(229) MMU: 2ms/95.0%, 5ms/98.0%, 10ms/99.0%, 20ms/99.5%, 50ms/99.8%, 100ms/99.9%
[391.262s][info][gc,marking  ] GC(229) Mark: 2 stripe(s), 2 proactive flush(es), 1 terminate flush(es), 0 completion(s), 0 continuation(s) 
[391.262s][info][gc,marking  ] GC(229) Mark Stack Usage: 32M
[391.262s][info][gc,nmethod  ] GC(229) NMethods: 13061 registered, 850 unregistered
[391.262s][info][gc,metaspace] GC(229) Metaspace: 73M used, 74M committed, 1152M reserved
[391.262s][info][gc,ref      ] GC(229) Soft: 5942 encountered, 0 discovered, 0 enqueued
[391.262s][info][gc,ref      ] GC(229) Weak: 6800 encountered, 974 discovered, 379 enqueued
[391.262s][info][gc,ref      ] GC(229) Final: 53 encountered, 28 discovered, 0 enqueued
[391.262s][info][gc,ref      ] GC(229) Phantom: 588 encountered, 288 discovered, 0 enqueued
[391.262s][info][gc,reloc    ] GC(229) Small Pages: 1280 / 2560M, Empty: 2306M, Relocated: 1M, In-Place: 0
[391.262s][info][gc,reloc    ] GC(229) Medium Pages: 9 / 288M, Empty: 256M, Relocated: 0M, In-Place: 0
[391.262s][info][gc,reloc    ] GC(229) Large Pages: 35 / 210M, Empty: 210M, Relocated: 0M, In-Place: 0
[391.262s][info][gc,reloc    ] GC(229) Forwarding Usage: 0M
[391.262s][info][gc,heap     ] GC(229) Min Capacity: 8192M(100%)
[391.262s][info][gc,heap     ] GC(229) Max Capacity: 8192M(100%)
[391.262s][info][gc,heap     ] GC(229) Soft Max Capacity: 8192M(100%)
[391.262s][info][gc,heap     ] GC(229)                Mark Start          Mark End        Relocate Start      Relocate End           High               Low         
[391.262s][info][gc,heap     ] GC(229)  Capacity:     8192M (100%)       8192M (100%)       8192M (100%)       8192M (100%)       8192M (100%)       8192M (100%)   
[391.262s][info][gc,heap     ] GC(229)      Free:     5134M (63%)        5132M (63%)        7896M (96%)        7974M (97%)        7974M (97%)        5132M (63%)    
[391.262s][info][gc,heap     ] GC(229)      Used:     3058M (37%)        3060M (37%)         296M (4%)          218M (3%)         3060M (37%)         218M (3%)     
[391.262s][info][gc,heap     ] GC(229)      Live:         -               176M (2%)          176M (2%)          176M (2%)             -                  -          
[391.262s][info][gc,heap     ] GC(229) Allocated:         -                 2M (0%)           10M (0%)           10M (0%)             -                  -          
[391.262s][info][gc,heap     ] GC(229)   Garbage:         -              2881M (35%)         109M (1%)           31M (0%)             -                  -          
[391.262s][info][gc,heap     ] GC(229) Reclaimed:         -                  -              2772M (34%)        2850M (35%)            -                  -          
[391.262s][info][gc          ] GC(229) Garbage Collection (System.gc()) 3058M(37%)->218M(3%)
[393.523s][info][gc,start    ] GC(230) Garbage Collection (Allocation Rate)
[393.523s][info][gc,task     ] GC(230) Using 2 workers
[393.523s][info][gc,phases   ] GC(230) Pause Mark Start 0.006ms
[394.047s][info][gc,phases   ] GC(230) Concurrent Mark 523.337ms
[394.047s][info][gc,phases   ] GC(230) Pause Mark End 0.020ms
[394.047s][info][gc,phases   ] GC(230) Concurrent Mark Free 0.001ms
[394.059s][info][gc,phases   ] GC(230) Concurrent Process Non-Strong References 11.753ms
[394.059s][info][gc,phases   ] GC(230) Concurrent Reset Relocation Set 0.002ms
[394.091s][info][gc,phases   ] GC(230) Concurrent Select Relocation Set 31.713ms
[394.091s][info][gc,phases   ] GC(230) Pause Relocate Start 0.013ms
[394.237s][info][gc,phases   ] GC(230) Concurrent Relocate 146.365ms
[394.237s][info][gc,load     ] GC(230) Load: 0.00/0.00/0.00
[394.237s][info][gc,mmu      ] GC(230) MMU: 2ms/95.0%, 5ms/98.0%, 10ms/99.0%, 20ms/99.5%, 50ms/99.8%, 100ms/99.9%
[394.237s][info][gc,marking  ] GC(230) Mark: 2 stripe(s), 2 proactive flush(es), 1 terminate flush(es), 0 completion(s), 0 continuation(s) 
[394.237s][info][gc,marking  ] GC(230) Mark Stack Usage: 32M
[394.237s][info][gc,nmethod  ] GC(230) NMethods: 13065 registered, 850 unregistered
[394.237s][info][gc,metaspace] GC(230) Metaspace: 73M used, 74M committed, 1152M reserved
[394.237s][info][gc,ref      ] GC(230) Soft: 5950 encountered, 0 discovered, 0 enqueued
[394.237s][info][gc,ref      ] GC(230) Weak: 6749 encountered, 975 discovered, 91 enqueued
[394.237s][info][gc,ref      ] GC(230) Final: 53 encountered, 4 discovered, 0 enqueued
[394.237s][info][gc,ref      ] GC(230) Phantom: 588 encountered, 287 discovered, 0 enqueued
[394.238s][info][gc,reloc    ] GC(230) Small Pages: 2217 / 4434M, Empty: 2614M, Relocated: 95M, In-Place: 0
[394.238s][info][gc,reloc    ] GC(230) Medium Pages: 5 / 160M, Empty: 96M, Relocated: 11M, In-Place: 0
[394.238s][info][gc,reloc    ] GC(230) Large Pages: 30 / 212M, Empty: 172M, Relocated: 0M, In-Place: 0
[394.238s][info][gc,reloc    ] GC(230) Forwarding Usage: 95M
[394.238s][info][gc,heap     ] GC(230) Min Capacity: 8192M(100%)
[394.238s][info][gc,heap     ] GC(230) Max Capacity: 8192M(100%)
[394.238s][info][gc,heap     ] GC(230) Soft Max Capacity: 8192M(100%)
[394.238s][info][gc,heap     ] GC(230)                Mark Start          Mark End        Relocate Start      Relocate End           High               Low         
[394.238s][info][gc,heap     ] GC(230)  Capacity:     8192M (100%)       8192M (100%)       8192M (100%)       8192M (100%)       8192M (100%)       8192M (100%)   
[394.238s][info][gc,heap     ] GC(230)      Free:     3386M (41%)        3294M (40%)        6064M (74%)        7494M (91%)        7494M (91%)        3284M (40%)    
[394.238s][info][gc,heap     ] GC(230)      Used:     4806M (59%)        4898M (60%)        2128M (26%)         698M (9%)         4908M (60%)         698M (9%)     
[394.238s][info][gc,heap     ] GC(230)      Live:         -               312M (4%)          312M (4%)          312M (4%)             -                  -          
[394.238s][info][gc,heap     ] GC(230) Allocated:         -                92M (1%)          204M (2%)          356M (4%)             -                  -          
[394.238s][info][gc,heap     ] GC(230)   Garbage:         -              4493M (55%)        1611M (20%)          29M (0%)             -                  -          
[394.238s][info][gc,heap     ] GC(230) Reclaimed:         -                  -              2882M (35%)        4464M (54%)            -                  -          
[394.238s][info][gc          ] GC(230) Garbage Collection (Allocation Rate) 4806M(59%)->698M(9%)
[395.222s][info][gc,start    ] GC(231) Garbage Collection (Allocation Rate)
[395.222s][info][gc,task     ] GC(231) Using 2 workers
[395.223s][info][gc,phases   ] GC(231) Pause Mark Start 0.006ms
[395.569s][info][gc,phases   ] GC(231) Concurrent Mark 345.914ms
[395.569s][info][gc,phases   ] GC(231) Pause Mark End 0.021ms
[395.569s][info][gc,phases   ] GC(231) Concurrent Mark Free 0.001ms
[395.580s][info][gc,phases   ] GC(231) Concurrent Process Non-Strong References 11.247ms
[395.580s][info][gc,phases   ] GC(231) Concurrent Reset Relocation Set 0.080ms
[395.590s][info][gc,phases   ] GC(231) Concurrent Select Relocation Set 10.072ms
[395.591s][info][gc,phases   ] GC(231) Pause Relocate Start 0.010ms
[395.674s][info][gc,phases   ] GC(231) Concurrent Relocate 83.690ms
[395.674s][info][gc,load     ] GC(231) Load: 0.00/0.00/0.00
[395.674s][info][gc,mmu      ] GC(231) MMU: 2ms/95.0%, 5ms/98.0%, 10ms/99.0%, 20ms/99.5%, 50ms/99.8%, 100ms/99.9%
[395.674s][info][gc,marking  ] GC(231) Mark: 2 stripe(s), 2 proactive flush(es), 1 terminate flush(es), 0 completion(s), 0 continuation(s) 
[395.674s][info][gc,marking  ] GC(231) Mark Stack Usage: 32M
[395.674s][info][gc,nmethod  ] GC(231) NMethods: 13073 registered, 850 unregistered
[395.674s][info][gc,metaspace] GC(231) Metaspace: 73M used, 74M committed, 1152M reserved
[395.674s][info][gc,ref      ] GC(231) Soft: 5946 encountered, 0 discovered, 0 enqueued
[395.675s][info][gc,ref      ] GC(231) Weak: 7009 encountered, 1057 discovered, 363 enqueued
[395.675s][info][gc,ref      ] GC(231) Final: 53 encountered, 0 discovered, 0 enqueued
[395.675s][info][gc,ref      ] GC(231) Phantom: 588 encountered, 320 discovered, 0 enqueued
[395.675s][info][gc,reloc    ] GC(231) Small Pages: 1005 / 2010M, Empty: 1046M, Relocated: 43M, In-Place: 0
[395.675s][info][gc,reloc    ] GC(231) Medium Pages: 7 / 224M, Empty: 96M, Relocated: 23M, In-Place: 0
[395.675s][info][gc,reloc    ] GC(231) Large Pages: 23 / 154M, Empty: 154M, Relocated: 0M, In-Place: 0
[395.675s][info][gc,reloc    ] GC(231) Forwarding Usage: 38M
[395.675s][info][gc,heap     ] GC(231) Min Capacity: 8192M(100%)
[395.675s][info][gc,heap     ] GC(231) Max Capacity: 8192M(100%)
[395.675s][info][gc,heap     ] GC(231) Soft Max Capacity: 8192M(100%)
[395.675s][info][gc,heap     ] GC(231)                Mark Start          Mark End        Relocate Start      Relocate End           High               Low         
[395.675s][info][gc,heap     ] GC(231)  Capacity:     8192M (100%)       8192M (100%)       8192M (100%)       8192M (100%)       8192M (100%)       8192M (100%)   
[395.675s][info][gc,heap     ] GC(231)      Free:     5804M (71%)        5182M (63%)        6460M (79%)        7090M (87%)        7092M (87%)        5174M (63%)    
[395.675s][info][gc,heap     ] GC(231)      Used:     2388M (29%)        3010M (37%)        1732M (21%)        1102M (13%)        3018M (37%)        1100M (13%)    
[395.675s][info][gc,heap     ] GC(231)      Live:         -               247M (3%)          247M (3%)          247M (3%)             -                  -          
[395.675s][info][gc,heap     ] GC(231) Allocated:         -               622M (8%)          640M (8%)          819M (10%)            -                  -          
[395.675s][info][gc,heap     ] GC(231)   Garbage:         -              2140M (26%)         844M (10%)          34M (0%)             -                  -          
[395.675s][info][gc,heap     ] GC(231) Reclaimed:         -                  -              1296M (16%)        2105M (26%)            -                  -          
[395.675s][info][gc          ] GC(231) Garbage Collection (Allocation Rate) 2388M(29%)->1102M(13%)
[395.822s][info][gc,start    ] GC(232) Garbage Collection (System.gc())
[395.822s][info][gc,task     ] GC(232) Using 2 workers
[395.822s][info][gc,phases   ] GC(232) Pause Mark Start 0.004ms
[395.965s][info][gc,phases   ] GC(232) Concurrent Mark 142.790ms
[395.965s][info][gc,phases   ] GC(232) Pause Mark End 0.028ms
[395.965s][info][gc,phases   ] GC(232) Concurrent Mark Free 0.002ms
[395.977s][info][gc,phases   ] GC(232) Concurrent Process Non-Strong References 11.726ms
[395.977s][info][gc,phases   ] GC(232) Concurrent Reset Relocation Set 0.048ms
[395.982s][info][gc,phases   ] GC(232) Concurrent Select Relocation Set 5.073ms
[395.983s][info][gc,phases   ] GC(232) Pause Relocate Start 0.007ms
[395.984s][info][gc,phases   ] GC(232) Concurrent Relocate 1.072ms
[395.984s][info][gc,load     ] GC(232) Load: 0.00/0.00/0.00
[395.984s][info][gc,mmu      ] GC(232) MMU: 2ms/95.0%, 5ms/98.0%, 10ms/99.0%, 20ms/99.5%, 50ms/99.8%, 100ms/99.9%
[395.984s][info][gc,marking  ] GC(232) Mark: 2 stripe(s), 2 proactive flush(es), 1 terminate flush(es), 0 completion(s), 0 continuation(s) 
[395.984s][info][gc,marking  ] GC(232) Mark Stack Usage: 32M
[395.984s][info][gc,nmethod  ] GC(232) NMethods: 13073 registered, 850 unregistered
[395.984s][info][gc,metaspace] GC(232) Metaspace: 73M used, 74M committed, 1152M reserved
[395.984s][info][gc,ref      ] GC(232) Soft: 5942 encountered, 0 discovered, 0 enqueued
[395.984s][info][gc,ref      ] GC(232) Weak: 6663 encountered, 937 discovered, 238 enqueued
[395.984s][info][gc,ref      ] GC(232) Final: 53 encountered, 4 discovered, 0 enqueued
[395.984s][info][gc,ref      ] GC(232) Phantom: 588 encountered, 374 discovered, 0 enqueued
[395.984s][info][gc,reloc    ] GC(232) Small Pages: 631 / 1262M, Empty: 1032M, Relocated: 1M, In-Place: 0
[395.984s][info][gc,reloc    ] GC(232) Medium Pages: 6 / 192M, Empty: 160M, Relocated: 0M, In-Place: 0
[395.984s][info][gc,reloc    ] GC(232) Large Pages: 22 / 132M, Empty: 132M, Relocated: 0M, In-Place: 0
[395.984s][info][gc,reloc    ] GC(232) Forwarding Usage: 0M
[395.984s][info][gc,heap     ] GC(232) Min Capacity: 8192M(100%)
[395.984s][info][gc,heap     ] GC(232) Max Capacity: 8192M(100%)
[395.984s][info][gc,heap     ] GC(232) Soft Max Capacity: 8192M(100%)
[395.984s][info][gc,heap     ] GC(232)                Mark Start          Mark End        Relocate Start      Relocate End           High               Low         
[395.984s][info][gc,heap     ] GC(232)  Capacity:     8192M (100%)       8192M (100%)       8192M (100%)       8192M (100%)       8192M (100%)       8192M (100%)   
[395.984s][info][gc,heap     ] GC(232)      Free:     6606M (81%)        6604M (81%)        7916M (97%)        7970M (97%)        7970M (97%)        6604M (81%)    
[395.984s][info][gc,heap     ] GC(232)      Used:     1586M (19%)        1588M (19%)         276M (3%)          222M (3%)         1588M (19%)         222M (3%)     
[395.984s][info][gc,heap     ] GC(232)      Live:         -               176M (2%)          176M (2%)          176M (2%)             -                  -          
[395.984s][info][gc,heap     ] GC(232) Allocated:         -                 2M (0%)           14M (0%)           14M (0%)             -                  -          
[395.984s][info][gc,heap     ] GC(232)   Garbage:         -              1409M (17%)          85M (1%)           31M (0%)             -                  -          
[395.984s][info][gc,heap     ] GC(232) Reclaimed:         -                  -              1324M (16%)        1378M (17%)            -                  -          
[395.984s][info][gc          ] GC(232) Garbage Collection (System.gc()) 1586M(19%)->222M(3%)
[398.224s][info][gc,start    ] GC(233) Garbage Collection (Allocation Rate)
[398.224s][info][gc,task     ] GC(233) Using 2 workers
[398.224s][info][gc,phases   ] GC(233) Pause Mark Start 0.008ms
[398.807s][info][gc,phases   ] GC(233) Concurrent Mark 582.314ms
[398.807s][info][gc,phases   ] GC(233) Pause Mark End 0.012ms
[398.807s][info][gc,phases   ] GC(233) Concurrent Mark Free 0.001ms
[398.818s][info][gc,phases   ] GC(233) Concurrent Process Non-Strong References 11.200ms
[398.818s][info][gc,phases   ] GC(233) Concurrent Reset Relocation Set 0.004ms
[398.850s][info][gc,phases   ] GC(233) Concurrent Select Relocation Set 31.866ms
[398.850s][info][gc,phases   ] GC(233) Pause Relocate Start 0.024ms
[399.045s][info][gc,phases   ] GC(233) Concurrent Relocate 194.241ms
[399.045s][info][gc,load     ] GC(233) Load: 0.00/0.00/0.00
[399.045s][info][gc,mmu      ] GC(233) MMU: 2ms/95.0%, 5ms/98.0%, 10ms/99.0%, 20ms/99.5%, 50ms/99.8%, 100ms/99.9%
[399.045s][info][gc,marking  ] GC(233) Mark: 2 stripe(s), 3 proactive flush(es), 1 terminate flush(es), 0 completion(s), 0 continuation(s) 
[399.045s][info][gc,marking  ] GC(233) Mark Stack Usage: 32M
[399.045s][info][gc,nmethod  ] GC(233) NMethods: 13079 registered, 850 unregistered
[399.045s][info][gc,metaspace] GC(233) Metaspace: 73M used, 74M committed, 1152M reserved
[399.045s][info][gc,ref      ] GC(233) Soft: 5950 encountered, 0 discovered, 0 enqueued
[399.045s][info][gc,ref      ] GC(233) Weak: 6750 encountered, 736 discovered, 86 enqueued
[399.045s][info][gc,ref      ] GC(233) Final: 53 encountered, 28 discovered, 0 enqueued
[399.045s][info][gc,ref      ] GC(233) Phantom: 588 encountered, 483 discovered, 0 enqueued
[399.045s][info][gc,reloc    ] GC(233) Small Pages: 2204 / 4408M, Empty: 2256M, Relocated: 162M, In-Place: 0
[399.045s][info][gc,reloc    ] GC(233) Medium Pages: 5 / 160M, Empty: 128M, Relocated: 0M, In-Place: 0
[399.045s][info][gc,reloc    ] GC(233) Large Pages: 30 / 212M, Empty: 154M, Relocated: 0M, In-Place: 0
[399.045s][info][gc,reloc    ] GC(233) Forwarding Usage: 131M
[399.045s][info][gc,heap     ] GC(233) Min Capacity: 8192M(100%)
[399.045s][info][gc,heap     ] GC(233) Max Capacity: 8192M(100%)
[399.045s][info][gc,heap     ] GC(233) Soft Max Capacity: 8192M(100%)
[399.045s][info][gc,heap     ] GC(233)                Mark Start          Mark End        Relocate Start      Relocate End           High               Low         
[399.045s][info][gc,heap     ] GC(233)  Capacity:     8192M (100%)       8192M (100%)       8192M (100%)       8192M (100%)       8192M (100%)       8192M (100%)   
[399.045s][info][gc,heap     ] GC(233)      Free:     3412M (42%)        3286M (40%)        5718M (70%)        7298M (89%)        7302M (89%)        3274M (40%)    
[399.045s][info][gc,heap     ] GC(233)      Used:     4780M (58%)        4906M (60%)        2474M (30%)         894M (11%)        4918M (60%)         890M (11%)    
[399.045s][info][gc,heap     ] GC(233)      Live:         -               401M (5%)          401M (5%)          401M (5%)             -                  -          
[399.045s][info][gc,heap     ] GC(233) Allocated:         -               126M (2%)          232M (3%)          457M (6%)             -                  -          
[399.045s][info][gc,heap     ] GC(233)   Garbage:         -              4378M (53%)        1840M (22%)          34M (0%)             -                  -          
[399.045s][info][gc,heap     ] GC(233) Reclaimed:         -                  -              2538M (31%)        4343M (53%)            -                  -          
[399.045s][info][gc          ] GC(233) Garbage Collection (Allocation Rate) 4780M(58%)->894M(11%)
[399.128s][info][gc,start    ] GC(234) Garbage Collection (Allocation Rate)
[399.128s][info][gc,task     ] GC(234) Using 2 workers
[399.128s][info][gc,phases   ] GC(234) Pause Mark Start 0.005ms
[399.347s][info][gc,phases   ] GC(234) Concurrent Mark 218.665ms
[399.347s][info][gc,phases   ] GC(234) Pause Mark End 0.017ms
[399.347s][info][gc,phases   ] GC(234) Concurrent Mark Free 0.001ms
[399.359s][info][gc,phases   ] GC(234) Concurrent Process Non-Strong References 12.226ms
[399.359s][info][gc,phases   ] GC(234) Concurrent Reset Relocation Set 0.096ms
[399.370s][info][gc,phases   ] GC(234) Concurrent Select Relocation Set 11.042ms
[399.370s][info][gc,phases   ] GC(234) Pause Relocate Start 0.014ms
[399.399s][info][gc,phases   ] GC(234) Concurrent Relocate 26.468ms
[399.399s][info][gc,load     ] GC(234) Load: 0.00/0.00/0.00
[399.399s][info][gc,mmu      ] GC(234) MMU: 2ms/95.0%, 5ms/98.0%, 10ms/99.0%, 20ms/99.5%, 50ms/99.8%, 100ms/99.9%
[399.399s][info][gc,marking  ] GC(234) Mark: 2 stripe(s), 2 proactive flush(es), 1 terminate flush(es), 0 completion(s), 0 continuation(s) 
[399.399s][info][gc,marking  ] GC(234) Mark Stack Usage: 32M
[399.399s][info][gc,nmethod  ] GC(234) NMethods: 13081 registered, 850 unregistered
[399.399s][info][gc,metaspace] GC(234) Metaspace: 73M used, 74M committed, 1152M reserved
[399.399s][info][gc,ref      ] GC(234) Soft: 5946 encountered, 0 discovered, 0 enqueued
[399.399s][info][gc,ref      ] GC(234) Weak: 6824 encountered, 943 discovered, 219 enqueued
[399.399s][info][gc,ref      ] GC(234) Final: 53 encountered, 2 discovered, 0 enqueued
[399.399s][info][gc,ref      ] GC(234) Phantom: 592 encountered, 291 discovered, 0 enqueued
[399.399s][info][gc,reloc    ] GC(234) Small Pages: 418 / 836M, Empty: 482M, Relocated: 20M, In-Place: 0
[399.399s][info][gc,reloc    ] GC(234) Medium Pages: 4 / 128M, Empty: 96M, Relocated: 0M, In-Place: 0
[399.399s][info][gc,reloc    ] GC(234) Large Pages: 17 / 118M, Empty: 94M, Relocated: 0M, In-Place: 0
[399.399s][info][gc,reloc    ] GC(234) Forwarding Usage: 21M
[399.399s][info][gc,heap     ] GC(234) Min Capacity: 8192M(100%)
[399.399s][info][gc,heap     ] GC(234) Max Capacity: 8192M(100%)
[399.399s][info][gc,heap     ] GC(234) Soft Max Capacity: 8192M(100%)
[399.399s][info][gc,heap     ] GC(234)                Mark Start          Mark End        Relocate Start      Relocate End           High               Low         
[399.399s][info][gc,heap     ] GC(234)  Capacity:     8192M (100%)       8192M (100%)       8192M (100%)       8192M (100%)       8192M (100%)       8192M (100%)   
[399.399s][info][gc,heap     ] GC(234)      Free:     7110M (87%)        6734M (82%)        7390M (90%)        7526M (92%)        7526M (92%)        6722M (82%)    
[399.399s][info][gc,heap     ] GC(234)      Used:     1082M (13%)        1458M (18%)         802M (10%)         666M (8%)         1470M (18%)         666M (8%)     
[399.399s][info][gc,heap     ] GC(234)      Live:         -               219M (3%)          219M (3%)          219M (3%)             -                  -          
[399.399s][info][gc,heap     ] GC(234) Allocated:         -               376M (5%)          392M (5%)          416M (5%)             -                  -          
[399.399s][info][gc,heap     ] GC(234)   Garbage:         -               862M (11%)         190M (2%)           30M (0%)             -                  -          
[399.399s][info][gc,heap     ] GC(234) Reclaimed:         -                  -               672M (8%)          832M (10%)            -                  -          
[399.399s][info][gc          ] GC(234) Garbage Collection (Allocation Rate) 1082M(13%)->666M(8%)
[400.321s][info][gc,stats    ] === Garbage Collection Statistics =======================================================================================================================
[400.321s][info][gc,stats    ]                                                              Last 10s              Last 10m              Last 10h                Total
[400.321s][info][gc,stats    ]                                                              Avg / Max             Avg / Max             Avg / Max             Avg / Max
[400.321s][info][gc,stats    ]   Collector: Garbage Collection Cycle                    429.150 / 820.551     430.610 / 983.217     430.610 / 983.217     430.610 / 983.217     ms
[400.321s][info][gc,stats    ]  Contention: Mark Segment Reset Contention                     2 / 10                3 / 36                3 / 36                3 / 36          ops/s
[400.321s][info][gc,stats    ]  Contention: Mark SeqNum Reset Contention                      0 / 1                 0 / 2                 0 / 2                 0 / 2           ops/s
[400.321s][info][gc,stats    ]    Critical: Allocation Stall                                  0 / 0                 0 / 0                 0 / 0                 0 / 0           ops/s
[400.321s][info][gc,stats    ]    Critical: Allocation Stall                              0.000 / 0.000         0.000 / 0.000         0.000 / 0.000         0.000 / 0.000       ms
[400.321s][info][gc,stats    ]    Critical: GC Locker Stall                                   0 / 0                 0 / 0                 0 / 0                 0 / 0           ops/s
[400.321s][info][gc,stats    ]    Critical: GC Locker Stall                               0.000 / 0.000         0.000 / 0.000         0.000 / 0.000         0.000 / 0.000       ms
[400.321s][info][gc,stats    ]    Critical: Relocation Stall                                  0 / 0                 0 / 0                 0 / 0                 0 / 0           ops/s
[400.321s][info][gc,stats    ]    Critical: Relocation Stall                              0.000 / 0.000         0.000 / 0.000         0.000 / 0.000         0.000 / 0.000       ms
[400.321s][info][gc,stats    ]      Memory: Allocation Rate                                1667 / 2286           1611 / 3876           1611 / 3876           1611 / 3876        MB/s
[400.321s][info][gc,stats    ]      Memory: Out Of Memory                                     0 / 0                 0 / 0                 0 / 0                 0 / 0           ops/s
[400.321s][info][gc,stats    ]      Memory: Page Cache Flush                                  0 / 0                 0 / 0                 0 / 0                 0 / 0           MB/s
[400.321s][info][gc,stats    ]      Memory: Page Cache Hit L1                               763 / 1058            741 / 1729            741 / 1729            741 / 1729        ops/s
[400.321s][info][gc,stats    ]      Memory: Page Cache Hit L2                                 0 / 0                 0 / 0                 0 / 0                 0 / 0           ops/s
[400.321s][info][gc,stats    ]      Memory: Page Cache Hit L3                                 0 / 0                 6 / 527               6 / 527               6 / 527         ops/s
[400.321s][info][gc,stats    ]      Memory: Page Cache Miss                                   0 / 0                 0 / 1                 0 / 1                 0 / 1           ops/s
[400.321s][info][gc,stats    ]      Memory: Uncommit                                          0 / 0                 0 / 0                 0 / 0                 0 / 0           MB/s
[400.321s][info][gc,stats    ]      Memory: Undo Object Allocation Failed                     0 / 0                 0 / 1                 0 / 1                 0 / 1           ops/s
[400.321s][info][gc,stats    ]      Memory: Undo Object Allocation Succeeded                  0 / 0                 3 / 101               3 / 101               3 / 101         ops/s
[400.321s][info][gc,stats    ]      Memory: Undo Page Allocation                              0 / 0                 0 / 2                 0 / 2                 0 / 2           ops/s
[400.321s][info][gc,stats    ]       Phase: Concurrent Mark                             325.305 / 582.314     327.845 / 972.666     327.845 / 972.666     327.845 / 972.666     ms
[400.321s][info][gc,stats    ]       Phase: Concurrent Mark Continue                      0.000 / 0.000         0.000 / 0.000         0.000 / 0.000         0.000 / 0.000       ms
[400.321s][info][gc,stats    ]       Phase: Concurrent Mark Free                          0.001 / 0.002         0.004 / 0.317         0.004 / 0.317         0.004 / 0.317       ms
[400.321s][info][gc,stats    ]       Phase: Concurrent Process Non-Strong References     11.607 / 12.226       10.481 / 15.785       10.481 / 15.785       10.481 / 15.785      ms
[400.321s][info][gc,stats    ]       Phase: Concurrent Relocate                          75.541 / 194.241      76.221 / 226.884      76.221 / 226.884      76.221 / 226.884     ms
[400.321s][info][gc,stats    ]       Phase: Concurrent Reset Relocation Set               0.040 / 0.096         0.039 / 0.139         0.039 / 0.139         0.039 / 0.139       ms
[400.321s][info][gc,stats    ]       Phase: Concurrent Select Relocation Set             15.366 / 31.866       14.905 / 41.971       14.905 / 41.971       14.905 / 41.971      ms
[400.321s][info][gc,stats    ]       Phase: Pause Mark End                                0.021 / 0.028         0.027 / 0.101         0.027 / 0.101         0.027 / 0.101       ms
[400.321s][info][gc,stats    ]       Phase: Pause Mark Start                              0.006 / 0.008         0.007 / 0.014         0.007 / 0.014         0.007 / 0.014       ms
[400.321s][info][gc,stats    ]       Phase: Pause Relocate Start                          0.013 / 0.024         0.013 / 0.037         0.013 / 0.037         0.013 / 0.037       ms
[400.321s][info][gc,stats    ]    Subphase: Concurrent Classes Purge                      0.506 / 0.689         0.433 / 0.733         0.433 / 0.733         0.433 / 0.733       ms
[400.321s][info][gc,stats    ]    Subphase: Concurrent Classes Unlink                     9.898 / 10.434        8.931 / 12.957        8.931 / 12.957        8.931 / 12.957      ms
[400.321s][info][gc,stats    ]    Subphase: Concurrent Mark                             318.830 / 579.083     319.766 / 969.741     319.766 / 969.741     319.766 / 969.741     ms
[400.321s][info][gc,stats    ]    Subphase: Concurrent Mark Try Flush                     0.178 / 0.604         0.229 / 15.555        0.229 / 15.555        0.229 / 15.555      ms
[400.321s][info][gc,stats    ]    Subphase: Concurrent Mark Try Terminate                 3.162 / 15.614        4.263 / 16.659        4.263 / 16.659        4.263 / 16.659      ms
[400.322s][info][gc,stats    ]    Subphase: Concurrent References Enqueue                 0.006 / 0.007         0.005 / 0.009         0.005 / 0.009         0.005 / 0.009       ms
[400.322s][info][gc,stats    ]    Subphase: Concurrent References Process                 0.181 / 0.270         0.189 / 0.610         0.189 / 0.610         0.189 / 0.610       ms
[400.322s][info][gc,stats    ]    Subphase: Concurrent Roots ClassLoaderDataGraph         0.138 / 0.283         0.120 / 0.376         0.120 / 0.376         0.120 / 0.376       ms
[400.322s][info][gc,stats    ]    Subphase: Concurrent Roots CodeCache                    0.000 / 0.000         0.000 / 0.000         0.000 / 0.000         0.000 / 0.000       ms
[400.322s][info][gc,stats    ]    Subphase: Concurrent Roots JavaThreads                  2.889 / 3.424         3.792 / 8.610         3.792 / 8.610         3.792 / 8.610       ms
[400.322s][info][gc,stats    ]    Subphase: Concurrent Roots OopStorageSet                0.058 / 0.102         0.048 / 0.149         0.048 / 0.149         0.048 / 0.149       ms
[400.322s][info][gc,stats    ]    Subphase: Concurrent Weak Roots OopStorageSet           0.628 / 0.862         0.596 / 1.117         0.596 / 1.117         0.596 / 1.117       ms
[400.322s][info][gc,stats    ]    Subphase: Pause Mark Try Complete                       0.000 / 0.000         0.009 / 0.024         0.009 / 0.024         0.009 / 0.024       ms
[400.322s][info][gc,stats    ]      System: Java Threads                                    264 / 265             252 / 267             252 / 267             252 / 267         threads
[400.322s][info][gc,stats    ] =========================================================================================================================================================
[400.584s][info][gc,start    ] GC(235) Garbage Collection (System.gc())
[400.584s][info][gc,task     ] GC(235) Using 2 workers
[400.584s][info][gc,phases   ] GC(235) Pause Mark Start 0.007ms
[400.729s][info][gc,phases   ] GC(235) Concurrent Mark 144.874ms
[400.729s][info][gc,phases   ] GC(235) Pause Mark End 0.032ms
[400.729s][info][gc,phases   ] GC(235) Concurrent Mark Free 0.001ms
[400.742s][info][gc,phases   ] GC(235) Concurrent Process Non-Strong References 12.556ms
[400.742s][info][gc,phases   ] GC(235) Concurrent Reset Relocation Set 0.009ms
[400.745s][info][gc,phases   ] GC(235) Concurrent Select Relocation Set 3.426ms
[400.746s][info][gc,phases   ] GC(235) Pause Relocate Start 0.016ms
[400.747s][info][gc,phases   ] GC(235) Concurrent Relocate 1.030ms
[400.747s][info][gc,load     ] GC(235) Load: 0.00/0.00/0.00
[400.747s][info][gc,mmu      ] GC(235) MMU: 2ms/95.0%, 5ms/98.0%, 10ms/99.0%, 20ms/99.5%, 50ms/99.8%, 100ms/99.9%
[400.747s][info][gc,marking  ] GC(235) Mark: 2 stripe(s), 2 proactive flush(es), 1 terminate flush(es), 0 completion(s), 0 continuation(s) 
[400.747s][info][gc,marking  ] GC(235) Mark Stack Usage: 32M
[400.747s][info][gc,nmethod  ] GC(235) NMethods: 13098 registered, 850 unregistered
[400.747s][info][gc,metaspace] GC(235) Metaspace: 73M used, 74M committed, 1152M reserved
[400.747s][info][gc,ref      ] GC(235) Soft: 5942 encountered, 0 discovered, 0 enqueued
[400.747s][info][gc,ref      ] GC(235) Weak: 6803 encountered, 1064 discovered, 380 enqueued
[400.747s][info][gc,ref      ] GC(235) Final: 53 encountered, 4 discovered, 0 enqueued
[400.747s][info][gc,ref      ] GC(235) Phantom: 588 encountered, 367 discovered, 0 enqueued
[400.747s][info][gc,reloc    ] GC(235) Small Pages: 1256 / 2512M, Empty: 2250M, Relocated: 1M, In-Place: 0
[400.747s][info][gc,reloc    ] GC(235) Medium Pages: 9 / 288M, Empty: 256M, Relocated: 0M, In-Place: 0
[400.747s][info][gc,reloc    ] GC(235) Large Pages: 36 / 216M, Empty: 216M, Relocated: 0M, In-Place: 0
[400.747s][info][gc,reloc    ] GC(235) Forwarding Usage: 0M
[400.747s][info][gc,heap     ] GC(235) Min Capacity: 8192M(100%)
[400.747s][info][gc,heap     ] GC(235) Max Capacity: 8192M(100%)
[400.747s][info][gc,heap     ] GC(235) Soft Max Capacity: 8192M(100%)
[400.747s][info][gc,heap     ] GC(235)                Mark Start          Mark End        Relocate Start      Relocate End           High               Low         
[400.747s][info][gc,heap     ] GC(235)  Capacity:     8192M (100%)       8192M (100%)       8192M (100%)       8192M (100%)       8192M (100%)       8192M (100%)   
[400.747s][info][gc,heap     ] GC(235)      Free:     5176M (63%)        5172M (63%)        7886M (96%)        7970M (97%)        7970M (97%)        5172M (63%)    
[400.747s][info][gc,heap     ] GC(235)      Used:     3016M (37%)        3020M (37%)         306M (4%)          222M (3%)         3020M (37%)         222M (3%)     
[400.747s][info][gc,heap     ] GC(235)      Live:         -               176M (2%)          176M (2%)          176M (2%)             -                  -          
[400.747s][info][gc,heap     ] GC(235) Allocated:         -                 4M (0%)           12M (0%)           13M (0%)             -                  -          
[400.747s][info][gc,heap     ] GC(235)   Garbage:         -              2839M (35%)         117M (1%)           31M (0%)             -                  -          
[400.747s][info][gc,heap     ] GC(235) Reclaimed:         -                  -              2722M (33%)        2807M (34%)            -                  -          
[400.747s][info][gc          ] GC(235) Garbage Collection (System.gc()) 3016M(37%)->222M(3%)
[403.025s][info][gc,start    ] GC(236) Garbage Collection (Allocation Rate)
[403.025s][info][gc,task     ] GC(236) Using 2 workers
[403.025s][info][gc,phases   ] GC(236) Pause Mark Start 0.006ms
[403.545s][info][gc,phases   ] GC(236) Concurrent Mark 519.694ms
[403.545s][info][gc,phases   ] GC(236) Pause Mark End 0.022ms
[403.545s][info][gc,phases   ] GC(236) Concurrent Mark Free 0.001ms
[403.558s][info][gc,phases   ] GC(236) Concurrent Process Non-Strong References 12.845ms
[403.558s][info][gc,phases   ] GC(236) Concurrent Reset Relocation Set 0.004ms
[403.582s][info][gc,phases   ] GC(236) Concurrent Select Relocation Set 24.032ms
[403.582s][info][gc,phases   ] GC(236) Pause Relocate Start 0.010ms
[403.729s][info][gc,phases   ] GC(236) Concurrent Relocate 146.794ms
[403.729s][info][gc,load     ] GC(236) Load: 0.00/0.00/0.00
[403.729s][info][gc,mmu      ] GC(236) MMU: 2ms/95.0%, 5ms/98.0%, 10ms/99.0%, 20ms/99.5%, 50ms/99.8%, 100ms/99.9%
[403.729s][info][gc,marking  ] GC(236) Mark: 2 stripe(s), 2 proactive flush(es), 1 terminate flush(es), 0 completion(s), 0 continuation(s) 
[403.729s][info][gc,marking  ] GC(236) Mark Stack Usage: 32M
[403.729s][info][gc,nmethod  ] GC(236) NMethods: 13100 registered, 850 unregistered
[403.729s][info][gc,metaspace] GC(236) Metaspace: 73M used, 74M committed, 1152M reserved
[403.729s][info][gc,ref      ] GC(236) Soft: 5950 encountered, 0 discovered, 0 enqueued
[403.729s][info][gc,ref      ] GC(236) Weak: 6746 encountered, 927 discovered, 22 enqueued
[403.729s][info][gc,ref      ] GC(236) Final: 53 encountered, 4 discovered, 0 enqueued
[403.729s][info][gc,ref      ] GC(236) Phantom: 588 encountered, 287 discovered, 0 enqueued
[403.729s][info][gc,reloc    ] GC(236) Small Pages: 2218 / 4436M, Empty: 2618M, Relocated: 95M, In-Place: 0
[403.729s][info][gc,reloc    ] GC(236) Medium Pages: 5 / 160M, Empty: 96M, Relocated: 12M, In-Place: 0
[403.729s][info][gc,reloc    ] GC(236) Large Pages: 30 / 212M, Empty: 172M, Relocated: 0M, In-Place: 0
[403.729s][info][gc,reloc    ] GC(236) Forwarding Usage: 95M
[403.729s][info][gc,heap     ] GC(236) Min Capacity: 8192M(100%)
[403.729s][info][gc,heap     ] GC(236) Max Capacity: 8192M(100%)
[403.729s][info][gc,heap     ] GC(236) Soft Max Capacity: 8192M(100%)
[403.729s][info][gc,heap     ] GC(236)                Mark Start          Mark End        Relocate Start      Relocate End           High               Low         
[403.729s][info][gc,heap     ] GC(236)  Capacity:     8192M (100%)       8192M (100%)       8192M (100%)       8192M (100%)       8192M (100%)       8192M (100%)   
[403.729s][info][gc,heap     ] GC(236)      Free:     3384M (41%)        3244M (40%)        6046M (74%)        7456M (91%)        7458M (91%)        3182M (39%)    
[403.729s][info][gc,heap     ] GC(236)      Used:     4808M (59%)        4948M (60%)        2146M (26%)         736M (9%)         5010M (61%)         734M (9%)     
[403.729s][info][gc,heap     ] GC(236)      Live:         -               312M (4%)          312M (4%)          312M (4%)             -                  -          
[403.729s][info][gc,heap     ] GC(236) Allocated:         -               140M (2%)          224M (3%)          394M (5%)             -                  -          
[403.729s][info][gc,heap     ] GC(236)   Garbage:         -              4495M (55%)        1609M (20%)          29M (0%)             -                  -          
[403.729s][info][gc,heap     ] GC(236) Reclaimed:         -                  -              2886M (35%)        4466M (55%)            -                  -          
[403.729s][info][gc          ] GC(236) Garbage Collection (Allocation Rate) 4808M(59%)->736M(9%)
[404.823s][info][gc,start    ] GC(237) Garbage Collection (Allocation Rate)
[404.823s][info][gc,task     ] GC(237) Using 2 workers
[404.823s][info][gc,phases   ] GC(237) Pause Mark Start 0.010ms
[405.104s][info][gc,phases   ] GC(237) Concurrent Mark 280.614ms
[405.104s][info][gc,phases   ] GC(237) Pause Mark End 0.029ms
[405.104s][info][gc,phases   ] GC(237) Concurrent Mark Free 0.001ms
[405.115s][info][gc,phases   ] GC(237) Concurrent Process Non-Strong References 10.977ms
[405.115s][info][gc,phases   ] GC(237) Concurrent Reset Relocation Set 0.096ms
[405.125s][info][gc,phases   ] GC(237) Concurrent Select Relocation Set 9.977ms
[405.125s][info][gc,phases   ] GC(237) Pause Relocate Start 0.013ms
[405.188s][info][gc,phases   ] GC(237) Concurrent Relocate 62.833ms
[405.188s][info][gc,load     ] GC(237) Load: 0.00/0.00/0.00
[405.188s][info][gc,mmu      ] GC(237) MMU: 2ms/95.0%, 5ms/98.0%, 10ms/99.0%, 20ms/99.5%, 50ms/99.8%, 100ms/99.9%
[405.188s][info][gc,marking  ] GC(237) Mark: 2 stripe(s), 3 proactive flush(es), 1 terminate flush(es), 0 completion(s), 0 continuation(s) 
[405.188s][info][gc,marking  ] GC(237) Mark Stack Usage: 32M
[405.189s][info][gc,nmethod  ] GC(237) NMethods: 13104 registered, 850 unregistered
[405.189s][info][gc,metaspace] GC(237) Metaspace: 73M used, 74M committed, 1152M reserved
[405.189s][info][gc,ref      ] GC(237) Soft: 5944 encountered, 0 discovered, 0 enqueued
[405.189s][info][gc,ref      ] GC(237) Weak: 7018 encountered, 1388 discovered, 446 enqueued
[405.189s][info][gc,ref      ] GC(237) Final: 53 encountered, 2 discovered, 0 enqueued
[405.189s][info][gc,ref      ] GC(237) Phantom: 589 encountered, 289 discovered, 0 enqueued
[405.189s][info][gc,reloc    ] GC(237) Small Pages: 1066 / 2132M, Empty: 1376M, Relocated: 37M, In-Place: 0
[405.189s][info][gc,reloc    ] GC(237) Medium Pages: 9 / 288M, Empty: 128M, Relocated: 27M, In-Place: 0
[405.189s][info][gc,reloc    ] GC(237) Large Pages: 26 / 172M, Empty: 166M, Relocated: 0M, In-Place: 0
[405.189s][info][gc,reloc    ] GC(237) Forwarding Usage: 35M
[405.189s][info][gc,heap     ] GC(237) Min Capacity: 8192M(100%)
[405.189s][info][gc,heap     ] GC(237) Max Capacity: 8192M(100%)
[405.189s][info][gc,heap     ] GC(237) Soft Max Capacity: 8192M(100%)
[405.189s][info][gc,heap     ] GC(237)                Mark Start          Mark End        Relocate Start      Relocate End           High               Low         
[405.189s][info][gc,heap     ] GC(237)  Capacity:     8192M (100%)       8192M (100%)       8192M (100%)       8192M (100%)       8192M (100%)       8192M (100%)   
[405.189s][info][gc,heap     ] GC(237)      Free:     5600M (68%)        5232M (64%)        6882M (84%)        7462M (91%)        7462M (91%)        5218M (64%)    
[405.189s][info][gc,heap     ] GC(237)      Used:     2592M (32%)        2960M (36%)        1310M (16%)         730M (9%)         2974M (36%)         730M (9%)     
[405.189s][info][gc,heap     ] GC(237)      Live:         -               265M (3%)          265M (3%)          265M (3%)             -                  -          
[405.189s][info][gc,heap     ] GC(237) Allocated:         -               368M (4%)          388M (5%)          411M (5%)             -                  -          
[405.189s][info][gc,heap     ] GC(237)   Garbage:         -              2326M (28%)         656M (8%)           52M (1%)             -                  -          
[405.189s][info][gc,heap     ] GC(237) Reclaimed:         -                  -              1670M (20%)        2273M (28%)            -                  -          
[405.189s][info][gc          ] GC(237) Garbage Collection (Allocation Rate) 2592M(32%)->730M(9%)
[405.408s][info][gc,start    ] GC(238) Garbage Collection (System.gc())
[405.408s][info][gc,task     ] GC(238) Using 2 workers
[405.408s][info][gc,phases   ] GC(238) Pause Mark Start 0.005ms
[405.548s][info][gc,phases   ] GC(238) Concurrent Mark 140.016ms
[405.549s][info][gc,phases   ] GC(238) Pause Mark End 0.027ms
[405.549s][info][gc,phases   ] GC(238) Concurrent Mark Free 0.002ms
[405.560s][info][gc,phases   ] GC(238) Concurrent Process Non-Strong References 11.336ms
[405.560s][info][gc,phases   ] GC(238) Concurrent Reset Relocation Set 0.022ms
[405.565s][info][gc,phases   ] GC(238) Concurrent Select Relocation Set 4.559ms
[405.565s][info][gc,phases   ] GC(238) Pause Relocate Start 0.011ms
[405.566s][info][gc,phases   ] GC(238) Concurrent Relocate 0.744ms
[405.566s][info][gc,load     ] GC(238) Load: 0.00/0.00/0.00
[405.566s][info][gc,mmu      ] GC(238) MMU: 2ms/95.0%, 5ms/98.0%, 10ms/99.0%, 20ms/99.5%, 50ms/99.8%, 100ms/99.9%
[405.566s][info][gc,marking  ] GC(238) Mark: 2 stripe(s), 2 proactive flush(es), 1 terminate flush(es), 0 completion(s), 0 continuation(s) 
[405.566s][info][gc,marking  ] GC(238) Mark Stack Usage: 32M
[405.566s][info][gc,nmethod  ] GC(238) NMethods: 13104 registered, 850 unregistered
[405.566s][info][gc,metaspace] GC(238) Metaspace: 73M used, 74M committed, 1152M reserved
[405.566s][info][gc,ref      ] GC(238) Soft: 5942 encountered, 0 discovered, 0 enqueued
[405.566s][info][gc,ref      ] GC(238) Weak: 6583 encountered, 956 discovered, 157 enqueued
[405.566s][info][gc,ref      ] GC(238) Final: 53 encountered, 4 discovered, 0 enqueued
[405.566s][info][gc,ref      ] GC(238) Phantom: 588 encountered, 340 discovered, 0 enqueued
[405.566s][info][gc,reloc    ] GC(238) Small Pages: 567 / 1134M, Empty: 918M, Relocated: 0M, In-Place: 0
[405.566s][info][gc,reloc    ] GC(238) Medium Pages: 5 / 160M, Empty: 128M, Relocated: 0M, In-Place: 0
[405.566s][info][gc,reloc    ] GC(238) Large Pages: 18 / 108M, Empty: 108M, Relocated: 0M, In-Place: 0
[405.566s][info][gc,reloc    ] GC(238) Forwarding Usage: 0M
[405.566s][info][gc,heap     ] GC(238) Min Capacity: 8192M(100%)
[405.566s][info][gc,heap     ] GC(238) Max Capacity: 8192M(100%)
[405.566s][info][gc,heap     ] GC(238) Soft Max Capacity: 8192M(100%)
[405.566s][info][gc,heap     ] GC(238)                Mark Start          Mark End        Relocate Start      Relocate End           High               Low         
[405.566s][info][gc,heap     ] GC(238)  Capacity:     8192M (100%)       8192M (100%)       8192M (100%)       8192M (100%)       8192M (100%)       8192M (100%)   
[405.566s][info][gc,heap     ] GC(238)      Free:     6790M (83%)        6788M (83%)        7934M (97%)        7970M (97%)        7970M (97%)        6788M (83%)    
[405.566s][info][gc,heap     ] GC(238)      Used:     1402M (17%)        1404M (17%)         258M (3%)          222M (3%)         1404M (17%)         222M (3%)     
[405.566s][info][gc,heap     ] GC(238)      Live:         -               176M (2%)          176M (2%)          176M (2%)             -                  -          
[405.566s][info][gc,heap     ] GC(238) Allocated:         -                 2M (0%)           10M (0%)           12M (0%)             -                  -          
[405.566s][info][gc,heap     ] GC(238)   Garbage:         -              1225M (15%)          71M (1%)           33M (0%)             -                  -          
[405.566s][info][gc,heap     ] GC(238) Reclaimed:         -                  -              1154M (14%)        1192M (15%)            -                  -          
[405.566s][info][gc          ] GC(238) Garbage Collection (System.gc()) 1402M(17%)->222M(3%)
[407.817s][info][gc,start    ] GC(239) Garbage Collection (Allocation Rate)
[407.817s][info][gc,task     ] GC(239) Using 2 workers
[407.817s][info][gc,phases   ] GC(239) Pause Mark Start 0.007ms
[408.463s][info][gc,phases   ] GC(239) Concurrent Mark 645.335ms
[408.463s][info][gc,phases   ] GC(239) Pause Mark End 0.024ms
[408.463s][info][gc,phases   ] GC(239) Concurrent Mark Free 0.001ms
[408.474s][info][gc,phases   ] GC(239) Concurrent Process Non-Strong References 11.578ms
[408.474s][info][gc,phases   ] GC(239) Concurrent Reset Relocation Set 0.002ms
[408.505s][info][gc,phases   ] GC(239) Concurrent Select Relocation Set 30.041ms
[408.505s][info][gc,phases   ] GC(239) Pause Relocate Start 0.027ms
[408.710s][info][gc,phases   ] GC(239) Concurrent Relocate 204.994ms
[408.710s][info][gc,load     ] GC(239) Load: 0.00/0.00/0.00
[408.710s][info][gc,mmu      ] GC(239) MMU: 2ms/95.0%, 5ms/98.0%, 10ms/99.0%, 20ms/99.5%, 50ms/99.8%, 100ms/99.9%
[408.710s][info][gc,marking  ] GC(239) Mark: 2 stripe(s), 2 proactive flush(es), 1 terminate flush(es), 0 completion(s), 0 continuation(s) 
[408.710s][info][gc,marking  ] GC(239) Mark Stack Usage: 32M
[408.710s][info][gc,nmethod  ] GC(239) NMethods: 13110 registered, 850 unregistered
[408.710s][info][gc,metaspace] GC(239) Metaspace: 73M used, 74M committed, 1152M reserved
[408.710s][info][gc,ref      ] GC(239) Soft: 5950 encountered, 0 discovered, 0 enqueued
[408.710s][info][gc,ref      ] GC(239) Weak: 6746 encountered, 907 discovered, 23 enqueued
[408.710s][info][gc,ref      ] GC(239) Final: 53 encountered, 4 discovered, 0 enqueued
[408.710s][info][gc,ref      ] GC(239) Phantom: 588 encountered, 288 discovered, 0 enqueued
[408.710s][info][gc,reloc    ] GC(239) Small Pages: 2201 / 4402M, Empty: 2246M, Relocated: 166M, In-Place: 0
[408.710s][info][gc,reloc    ] GC(239) Medium Pages: 5 / 160M, Empty: 96M, Relocated: 10M, In-Place: 0
[408.710s][info][gc,reloc    ] GC(239) Large Pages: 30 / 212M, Empty: 154M, Relocated: 0M, In-Place: 0
[408.710s][info][gc,reloc    ] GC(239) Forwarding Usage: 132M
[408.710s][info][gc,heap     ] GC(239) Min Capacity: 8192M(100%)
[408.710s][info][gc,heap     ] GC(239) Max Capacity: 8192M(100%)
[408.710s][info][gc,heap     ] GC(239) Soft Max Capacity: 8192M(100%)
[408.710s][info][gc,heap     ] GC(239)                Mark Start          Mark End        Relocate Start      Relocate End           High               Low         
[408.710s][info][gc,heap     ] GC(239)  Capacity:     8192M (100%)       8192M (100%)       8192M (100%)       8192M (100%)       8192M (100%)       8192M (100%)   
[408.710s][info][gc,heap     ] GC(239)      Free:     3418M (42%)        3116M (38%)        5580M (68%)        7110M (87%)        7116M (87%)        3104M (38%)    
[408.710s][info][gc,heap     ] GC(239)      Used:     4774M (58%)        5076M (62%)        2612M (32%)        1082M (13%)        5088M (62%)        1076M (13%)    
[408.710s][info][gc,heap     ] GC(239)      Live:         -               401M (5%)          401M (5%)          401M (5%)             -                  -          
[408.710s][info][gc,heap     ] GC(239) Allocated:         -               302M (4%)          334M (4%)          647M (8%)             -                  -          
[408.710s][info][gc,heap     ] GC(239)   Garbage:         -              4372M (53%)        1876M (23%)          32M (0%)             -                  -          
[408.710s][info][gc,heap     ] GC(239) Reclaimed:         -                  -              2496M (30%)        4339M (53%)            -                  -          
[408.710s][info][gc          ] GC(239) Garbage Collection (Allocation Rate) 4774M(58%)->1082M(13%)
[408.725s][info][gc,start    ] GC(240) Garbage Collection (Allocation Rate)
[408.725s][info][gc,task     ] GC(240) Using 2 workers
[408.725s][info][gc,phases   ] GC(240) Pause Mark Start 0.008ms
[408.948s][info][gc,phases   ] GC(240) Concurrent Mark 222.444ms
[408.948s][info][gc,phases   ] GC(240) Pause Mark End 0.024ms
[408.948s][info][gc,phases   ] GC(240) Concurrent Mark Free 0.001ms
[408.960s][info][gc,phases   ] GC(240) Concurrent Process Non-Strong References 11.723ms
[408.960s][info][gc,phases   ] GC(240) Concurrent Reset Relocation Set 0.098ms
[408.970s][info][gc,phases   ] GC(240) Concurrent Select Relocation Set 10.473ms
[408.971s][info][gc,phases   ] GC(240) Pause Relocate Start 0.015ms
[408.998s][info][gc,phases   ] GC(240) Concurrent Relocate 26.873ms
[408.998s][info][gc,load     ] GC(240) Load: 0.00/0.00/0.00
[408.998s][info][gc,mmu      ] GC(240) MMU: 2ms/95.0%, 5ms/98.0%, 10ms/99.0%, 20ms/99.5%, 50ms/99.8%, 100ms/99.9%
[408.998s][info][gc,marking  ] GC(240) Mark: 2 stripe(s), 2 proactive flush(es), 1 terminate flush(es), 0 completion(s), 0 continuation(s) 
[408.998s][info][gc,marking  ] GC(240) Mark Stack Usage: 32M
[408.998s][info][gc,nmethod  ] GC(240) NMethods: 13112 registered, 850 unregistered
[408.998s][info][gc,metaspace] GC(240) Metaspace: 73M used, 74M committed, 1152M reserved
[408.998s][info][gc,ref      ] GC(240) Soft: 5946 encountered, 0 discovered, 0 enqueued
[408.998s][info][gc,ref      ] GC(240) Weak: 6799 encountered, 1070 discovered, 219 enqueued
[408.998s][info][gc,ref      ] GC(240) Final: 53 encountered, 4 discovered, 0 enqueued
[408.998s][info][gc,ref      ] GC(240) Phantom: 592 encountered, 315 discovered, 0 enqueued
[408.998s][info][gc,reloc    ] GC(240) Small Pages: 426 / 852M, Empty: 472M, Relocated: 22M, In-Place: 0
[408.998s][info][gc,reloc    ] GC(240) Medium Pages: 4 / 128M, Empty: 96M, Relocated: 0M, In-Place: 0
[408.998s][info][gc,reloc    ] GC(240) Large Pages: 17 / 118M, Empty: 94M, Relocated: 0M, In-Place: 0
[408.998s][info][gc,reloc    ] GC(240) Forwarding Usage: 20M
[408.998s][info][gc,heap     ] GC(240) Min Capacity: 8192M(100%)
[408.998s][info][gc,heap     ] GC(240) Max Capacity: 8192M(100%)
[408.998s][info][gc,heap     ] GC(240) Soft Max Capacity: 8192M(100%)
[408.998s][info][gc,heap     ] GC(240)                Mark Start          Mark End        Relocate Start      Relocate End           High               Low         
[408.998s][info][gc,heap     ] GC(240)  Capacity:     8192M (100%)       8192M (100%)       8192M (100%)       8192M (100%)       8192M (100%)       8192M (100%)   
[408.998s][info][gc,heap     ] GC(240)      Free:     7094M (87%)        6710M (82%)        7354M (90%)        7514M (92%)        7514M (92%)        6696M (82%)    
[408.998s][info][gc,heap     ] GC(240)      Used:     1098M (13%)        1482M (18%)         838M (10%)         678M (8%)         1496M (18%)         678M (8%)     
[408.998s][info][gc,heap     ] GC(240)      Live:         -               220M (3%)          220M (3%)          220M (3%)             -                  -          
[408.998s][info][gc,heap     ] GC(240) Allocated:         -               384M (5%)          402M (5%)          426M (5%)             -                  -          
[408.998s][info][gc,heap     ] GC(240)   Garbage:         -               877M (11%)         215M (3%)           31M (0%)             -                  -          
[408.998s][info][gc,heap     ] GC(240) Reclaimed:         -                  -               662M (8%)          846M (10%)            -                  -          
[408.998s][info][gc          ] GC(240) Garbage Collection (Allocation Rate) 1098M(13%)->678M(8%)
[410.158s][info][gc,start    ] GC(241) Garbage Collection (System.gc())
[410.158s][info][gc,task     ] GC(241) Using 2 workers
[410.158s][info][gc,phases   ] GC(241) Pause Mark Start 0.007ms
[410.323s][info][gc,phases   ] GC(241) Concurrent Mark 164.427ms
[410.323s][info][gc,stats    ] === Garbage Collection Statistics =======================================================================================================================
[410.323s][info][gc,phases   ] GC(241) Pause Mark End 0.025ms
[410.323s][info][gc,stats    ]                                                              Last 10s              Last 10m              Last 10h                Total
[410.323s][info][gc,phases   ] GC(241) Concurrent Mark Free 0.001ms
[410.323s][info][gc,stats    ]                                                              Avg / Max             Avg / Max             Avg / Max             Avg / Max
[410.323s][info][gc,stats    ]   Collector: Garbage Collection Cycle                    426.001 / 893.025     430.496 / 983.217     430.496 / 983.217     430.496 / 983.217     ms
[410.323s][info][gc,stats    ]  Contention: Mark Segment Reset Contention                     3 / 25                3 / 36                3 / 36                3 / 36          ops/s
[410.323s][info][gc,stats    ]  Contention: Mark SeqNum Reset Contention                      0 / 0                 0 / 2                 0 / 2                 0 / 2           ops/s
[410.323s][info][gc,stats    ]    Critical: Allocation Stall                                  0 / 0                 0 / 0                 0 / 0                 0 / 0           ops/s
[410.323s][info][gc,stats    ]    Critical: Allocation Stall                              0.000 / 0.000         0.000 / 0.000         0.000 / 0.000         0.000 / 0.000       ms
[410.323s][info][gc,stats    ]    Critical: GC Locker Stall                                   0 / 0                 0 / 0                 0 / 0                 0 / 0           ops/s
[410.323s][info][gc,stats    ]    Critical: GC Locker Stall                               0.000 / 0.000         0.000 / 0.000         0.000 / 0.000         0.000 / 0.000       ms
[410.323s][info][gc,stats    ]    Critical: Relocation Stall                                  0 / 0                 0 / 0                 0 / 0                 0 / 0           ops/s
[410.324s][info][gc,stats    ]    Critical: Relocation Stall                              0.000 / 0.000         0.000 / 0.000         0.000 / 0.000         0.000 / 0.000       ms
[410.324s][info][gc,stats    ]      Memory: Allocation Rate                                1669 / 2310           1613 / 3876           1613 / 3876           1613 / 3876        MB/s
[410.324s][info][gc,stats    ]      Memory: Out Of Memory                                     0 / 0                 0 / 0                 0 / 0                 0 / 0           ops/s
[410.324s][info][gc,stats    ]      Memory: Page Cache Flush                                  0 / 0                 0 / 0                 0 / 0                 0 / 0           MB/s
[410.324s][info][gc,stats    ]      Memory: Page Cache Hit L1                               774 / 1096            742 / 1729            742 / 1729            742 / 1729        ops/s
[410.324s][info][gc,stats    ]      Memory: Page Cache Hit L2                                 0 / 0                 0 / 0                 0 / 0                 0 / 0           ops/s
[410.324s][info][gc,stats    ]      Memory: Page Cache Hit L3                                 0 / 0                 5 / 527               5 / 527               5 / 527         ops/s
[410.324s][info][gc,stats    ]      Memory: Page Cache Miss                                   0 / 0                 0 / 1                 0 / 1                 0 / 1           ops/s
[410.324s][info][gc,stats    ]      Memory: Uncommit                                          0 / 0                 0 / 0                 0 / 0                 0 / 0           MB/s
[410.324s][info][gc,stats    ]      Memory: Undo Object Allocation Failed                     0 / 0                 0 / 1                 0 / 1                 0 / 1           ops/s
[410.324s][info][gc,stats    ]      Memory: Undo Object Allocation Succeeded                135 / 1333              7 / 1333              7 / 1333              7 / 1333        ops/s
[410.324s][info][gc,stats    ]      Memory: Undo Page Allocation                              0 / 1                 0 / 2                 0 / 2                 0 / 2           ops/s
[410.324s][info][gc,stats    ]       Phase: Concurrent Mark                             302.486 / 645.335     327.111 / 972.666     327.111 / 972.666     327.111 / 972.666     ms
[410.324s][info][gc,stats    ]       Phase: Concurrent Mark Continue                      0.000 / 0.000         0.000 / 0.000         0.000 / 0.000         0.000 / 0.000       ms
[410.324s][info][gc,stats    ]       Phase: Concurrent Mark Free                          0.001 / 0.002         0.004 / 0.317         0.004 / 0.317         0.004 / 0.317       ms
[410.324s][info][gc,stats    ]       Phase: Concurrent Process Non-Strong References     11.836 / 12.845       10.514 / 15.785       10.514 / 15.785       10.514 / 15.785      ms
[410.324s][info][gc,stats    ]       Phase: Concurrent Relocate                          73.878 / 204.994      76.163 / 226.884      76.163 / 226.884      76.163 / 226.884     ms
[410.324s][info][gc,stats    ]       Phase: Concurrent Reset Relocation Set               0.038 / 0.098         0.039 / 0.139         0.039 / 0.139         0.039 / 0.139       ms
[410.324s][info][gc,stats    ]       Phase: Concurrent Select Relocation Set             13.751 / 30.041       14.877 / 41.971       14.877 / 41.971       14.877 / 41.971      ms
[410.324s][info][gc,stats    ]       Phase: Pause Mark End                                0.026 / 0.032         0.027 / 0.101         0.027 / 0.101         0.027 / 0.101       ms
[410.324s][info][gc,stats    ]       Phase: Pause Mark Start                              0.007 / 0.010         0.007 / 0.014         0.007 / 0.014         0.007 / 0.014       ms
[410.324s][info][gc,stats    ]       Phase: Pause Relocate Start                          0.015 / 0.027         0.013 / 0.037         0.013 / 0.037         0.013 / 0.037       ms
[410.324s][info][gc,stats    ]    Subphase: Concurrent Classes Purge                      0.470 / 0.524         0.434 / 0.733         0.434 / 0.733         0.434 / 0.733       ms
[410.324s][info][gc,stats    ]    Subphase: Concurrent Classes Unlink                    10.269 / 11.369        8.964 / 12.957        8.964 / 12.957        8.964 / 12.957      ms
[410.324s][info][gc,stats    ]    Subphase: Concurrent Mark                             293.378 / 642.013     319.002 / 969.741     319.002 / 969.741     319.002 / 969.741     ms
[410.324s][info][gc,stats    ]    Subphase: Concurrent Mark Try Flush                     0.208 / 0.884         0.228 / 15.555        0.228 / 15.555        0.228 / 15.555      ms
[410.324s][info][gc,stats    ]    Subphase: Concurrent Mark Try Terminate                 4.502 / 16.260        4.270 / 16.659        4.270 / 16.659        4.270 / 16.659      ms
[410.324s][info][gc,stats    ]    Subphase: Concurrent References Enqueue                 0.005 / 0.007         0.005 / 0.009         0.005 / 0.009         0.005 / 0.009       ms
[410.324s][info][gc,stats    ]    Subphase: Concurrent References Process                 0.194 / 0.302         0.189 / 0.610         0.189 / 0.610         0.189 / 0.610       ms
[410.324s][info][gc,stats    ]    Subphase: Concurrent Roots ClassLoaderDataGraph         0.120 / 0.255         0.120 / 0.376         0.120 / 0.376         0.120 / 0.376       ms
[410.324s][info][gc,stats    ]    Subphase: Concurrent Roots CodeCache                    0.000 / 0.000         0.000 / 0.000         0.000 / 0.000         0.000 / 0.000       ms
[410.324s][info][gc,stats    ]    Subphase: Concurrent Roots JavaThreads                  2.862 / 3.244         3.766 / 8.610         3.766 / 8.610         3.766 / 8.610       ms
[410.324s][info][gc,stats    ]    Subphase: Concurrent Roots OopStorageSet                0.049 / 0.063         0.048 / 0.149         0.048 / 0.149         0.048 / 0.149       ms
[410.324s][info][gc,stats    ]    Subphase: Concurrent Weak Roots OopStorageSet           0.624 / 0.911         0.597 / 1.117         0.597 / 1.117         0.597 / 1.117       ms
[410.324s][info][gc,stats    ]    Subphase: Pause Mark Try Complete                       0.000 / 0.000         0.009 / 0.024         0.009 / 0.024         0.009 / 0.024       ms
[410.324s][info][gc,stats    ]      System: Java Threads                                    263 / 265             253 / 267             253 / 267             253 / 267         threads
[410.324s][info][gc,stats    ] =========================================================================================================================================================
[410.335s][info][gc,phases   ] GC(241) Concurrent Process Non-Strong References 11.585ms
[410.335s][info][gc,phases   ] GC(241) Concurrent Reset Relocation Set 0.011ms
[410.339s][info][gc,phases   ] GC(241) Concurrent Select Relocation Set 3.971ms
[410.339s][info][gc,phases   ] GC(241) Pause Relocate Start 0.010ms
[410.340s][info][gc,phases   ] GC(241) Concurrent Relocate 1.001ms
[410.340s][info][gc,load     ] GC(241) Load: 0.00/0.00/0.00
[410.340s][info][gc,mmu      ] GC(241) MMU: 2ms/95.0%, 5ms/98.0%, 10ms/99.0%, 20ms/99.5%, 50ms/99.8%, 100ms/99.9%
[410.340s][info][gc,marking  ] GC(241) Mark: 2 stripe(s), 2 proactive flush(es), 1 terminate flush(es), 0 completion(s), 0 continuation(s) 
[410.340s][info][gc,marking  ] GC(241) Mark Stack Usage: 32M
[410.340s][info][gc,nmethod  ] GC(241) NMethods: 13113 registered, 850 unregistered
[410.340s][info][gc,metaspace] GC(241) Metaspace: 73M used, 74M committed, 1152M reserved
[410.340s][info][gc,ref      ] GC(241) Soft: 5942 encountered, 0 discovered, 0 enqueued
[410.340s][info][gc,ref      ] GC(241) Weak: 6804 encountered, 1142 discovered, 380 enqueued
[410.340s][info][gc,ref      ] GC(241) Final: 53 encountered, 4 discovered, 0 enqueued
[410.340s][info][gc,ref      ] GC(241) Phantom: 588 encountered, 384 discovered, 0 enqueued
[410.340s][info][gc,reloc    ] GC(241) Small Pages: 1250 / 2500M, Empty: 2246M, Relocated: 1M, In-Place: 0
[410.340s][info][gc,reloc    ] GC(241) Medium Pages: 9 / 288M, Empty: 256M, Relocated: 0M, In-Place: 0
[410.340s][info][gc,reloc    ] GC(241) Large Pages: 35 / 210M, Empty: 210M, Relocated: 0M, In-Place: 0
[410.340s][info][gc,reloc    ] GC(241) Forwarding Usage: 0M
[410.340s][info][gc,heap     ] GC(241) Min Capacity: 8192M(100%)
[410.340s][info][gc,heap     ] GC(241) Max Capacity: 8192M(100%)
[410.340s][info][gc,heap     ] GC(241) Soft Max Capacity: 8192M(100%)
[410.340s][info][gc,heap     ] GC(241)                Mark Start          Mark End        Relocate Start      Relocate End           High               Low         
[410.340s][info][gc,heap     ] GC(241)  Capacity:     8192M (100%)       8192M (100%)       8192M (100%)       8192M (100%)       8192M (100%)       8192M (100%)   
[410.340s][info][gc,heap     ] GC(241)      Free:     5194M (63%)        5192M (63%)        7896M (96%)        7966M (97%)        7968M (97%)        5192M (63%)    
[410.340s][info][gc,heap     ] GC(241)      Used:     2998M (37%)        3000M (37%)         296M (4%)          226M (3%)         3000M (37%)         224M (3%)     
[410.340s][info][gc,heap     ] GC(241)      Live:         -               176M (2%)          176M (2%)          176M (2%)             -                  -          
[410.340s][info][gc,heap     ] GC(241) Allocated:         -                 2M (0%)           10M (0%)           15M (0%)             -                  -          
[410.340s][info][gc,heap     ] GC(241)   Garbage:         -              2821M (34%)         109M (1%)           33M (0%)             -                  -          
[410.340s][info][gc,heap     ] GC(241) Reclaimed:         -                  -              2712M (33%)        2787M (34%)            -                  -          
[410.340s][info][gc          ] GC(241) Garbage Collection (System.gc()) 2998M(37%)->226M(3%)
[412.619s][info][gc,start    ] GC(242) Garbage Collection (Allocation Rate)
[412.619s][info][gc,task     ] GC(242) Using 2 workers
[412.619s][info][gc,phases   ] GC(242) Pause Mark Start 0.008ms
[413.153s][info][gc,phases   ] GC(242) Concurrent Mark 534.078ms
[413.153s][info][gc,phases   ] GC(242) Pause Mark End 0.027ms
[413.153s][info][gc,phases   ] GC(242) Concurrent Mark Free 0.000ms
[413.166s][info][gc,phases   ] GC(242) Concurrent Process Non-Strong References 12.960ms
[413.166s][info][gc,phases   ] GC(242) Concurrent Reset Relocation Set 0.004ms
[413.196s][info][gc,phases   ] GC(242) Concurrent Select Relocation Set 29.233ms
[413.196s][info][gc,phases   ] GC(242) Pause Relocate Start 0.013ms
[413.343s][info][gc,phases   ] GC(242) Concurrent Relocate 146.790ms
[413.343s][info][gc,load     ] GC(242) Load: 0.00/0.00/0.00
[413.343s][info][gc,mmu      ] GC(242) MMU: 2ms/95.0%, 5ms/98.0%, 10ms/99.0%, 20ms/99.5%, 50ms/99.8%, 100ms/99.9%
[413.343s][info][gc,marking  ] GC(242) Mark: 2 stripe(s), 3 proactive flush(es), 1 terminate flush(es), 0 completion(s), 0 continuation(s) 
[413.343s][info][gc,marking  ] GC(242) Mark Stack Usage: 32M
[413.343s][info][gc,nmethod  ] GC(242) NMethods: 13114 registered, 850 unregistered
[413.343s][info][gc,metaspace] GC(242) Metaspace: 73M used, 74M committed, 1152M reserved
[413.343s][info][gc,ref      ] GC(242) Soft: 5950 encountered, 0 discovered, 0 enqueued
[413.343s][info][gc,ref      ] GC(242) Weak: 6749 encountered, 1027 discovered, 22 enqueued
[413.343s][info][gc,ref      ] GC(242) Final: 53 encountered, 4 discovered, 0 enqueued
[413.343s][info][gc,ref      ] GC(242) Phantom: 588 encountered, 314 discovered, 0 enqueued
[413.343s][info][gc,reloc    ] GC(242) Small Pages: 2217 / 4434M, Empty: 2612M, Relocated: 95M, In-Place: 0
[413.343s][info][gc,reloc    ] GC(242) Medium Pages: 5 / 160M, Empty: 96M, Relocated: 12M, In-Place: 0
[413.343s][info][gc,reloc    ] GC(242) Large Pages: 30 / 212M, Empty: 172M, Relocated: 0M, In-Place: 0
[413.343s][info][gc,reloc    ] GC(242) Forwarding Usage: 95M
[413.343s][info][gc,heap     ] GC(242) Min Capacity: 8192M(100%)
[413.343s][info][gc,heap     ] GC(242) Max Capacity: 8192M(100%)
[413.343s][info][gc,heap     ] GC(242) Soft Max Capacity: 8192M(100%)
[413.343s][info][gc,heap     ] GC(242)                Mark Start          Mark End        Relocate Start      Relocate End           High               Low         
[413.343s][info][gc,heap     ] GC(242)  Capacity:     8192M (100%)       8192M (100%)       8192M (100%)       8192M (100%)       8192M (100%)       8192M (100%)   
[413.343s][info][gc,heap     ] GC(242)      Free:     3386M (41%)        3178M (39%)        6008M (73%)        7424M (91%)        7424M (91%)        3164M (39%)    
[413.343s][info][gc,heap     ] GC(242)      Used:     4806M (59%)        5014M (61%)        2184M (27%)         768M (9%)         5028M (61%)         768M (9%)     
[413.343s][info][gc,heap     ] GC(242)      Live:         -               313M (4%)          313M (4%)          313M (4%)             -                  -          
[413.343s][info][gc,heap     ] GC(242) Allocated:         -               208M (3%)          258M (3%)          423M (5%)             -                  -          
[413.343s][info][gc,heap     ] GC(242)   Garbage:         -              4492M (55%)        1612M (20%)          30M (0%)             -                  -          
[413.343s][info][gc,heap     ] GC(242) Reclaimed:         -                  -              2880M (35%)        4461M (54%)            -                  -          
[413.343s][info][gc          ] GC(242) Garbage Collection (Allocation Rate) 4806M(59%)->768M(9%)
[414.327s][info][gc,start    ] GC(243) Garbage Collection (Allocation Rate)
[414.327s][info][gc,task     ] GC(243) Using 2 workers
[414.327s][info][gc,phases   ] GC(243) Pause Mark Start 0.009ms
[414.672s][info][gc,phases   ] GC(243) Concurrent Mark 344.416ms
[414.672s][info][gc,phases   ] GC(243) Pause Mark End 0.024ms
[414.672s][info][gc,phases   ] GC(243) Concurrent Mark Free 0.001ms
[414.685s][info][gc,phases   ] GC(243) Concurrent Process Non-Strong References 13.435ms
[414.685s][info][gc,phases   ] GC(243) Concurrent Reset Relocation Set 0.081ms
[414.696s][info][gc,phases   ] GC(243) Concurrent Select Relocation Set 10.001ms
[414.696s][info][gc,phases   ] GC(243) Pause Relocate Start 0.011ms
[414.777s][info][gc,phases   ] GC(243) Concurrent Relocate 81.198ms
[414.777s][info][gc,load     ] GC(243) Load: 0.00/0.00/0.00
[414.777s][info][gc,mmu      ] GC(243) MMU: 2ms/95.0%, 5ms/98.0%, 10ms/99.0%, 20ms/99.5%, 50ms/99.8%, 100ms/99.9%
[414.777s][info][gc,marking  ] GC(243) Mark: 2 stripe(s), 2 proactive flush(es), 1 terminate flush(es), 0 completion(s), 0 continuation(s) 
[414.777s][info][gc,marking  ] GC(243) Mark Stack Usage: 32M
[414.777s][info][gc,nmethod  ] GC(243) NMethods: 13119 registered, 850 unregistered
[414.777s][info][gc,metaspace] GC(243) Metaspace: 73M used, 74M committed, 1152M reserved
[414.777s][info][gc,ref      ] GC(243) Soft: 5946 encountered, 0 discovered, 0 enqueued
[414.777s][info][gc,ref      ] GC(243) Weak: 7014 encountered, 1425 discovered, 363 enqueued
[414.777s][info][gc,ref      ] GC(243) Final: 53 encountered, 2 discovered, 0 enqueued
[414.777s][info][gc,ref      ] GC(243) Phantom: 588 encountered, 377 discovered, 0 enqueued
[414.777s][info][gc,reloc    ] GC(243) Small Pages: 1007 / 2014M, Empty: 1038M, Relocated: 43M, In-Place: 0
[414.777s][info][gc,reloc    ] GC(243) Medium Pages: 7 / 224M, Empty: 96M, Relocated: 27M, In-Place: 0
[414.777s][info][gc,reloc    ] GC(243) Large Pages: 24 / 160M, Empty: 154M, Relocated: 0M, In-Place: 0
[414.777s][info][gc,reloc    ] GC(243) Forwarding Usage: 38M
[414.777s][info][gc,heap     ] GC(243) Min Capacity: 8192M(100%)
[414.777s][info][gc,heap     ] GC(243) Max Capacity: 8192M(100%)
[414.777s][info][gc,heap     ] GC(243) Soft Max Capacity: 8192M(100%)
[414.777s][info][gc,heap     ] GC(243)                Mark Start          Mark End        Relocate Start      Relocate End           High               Low         
[414.777s][info][gc,heap     ] GC(243)  Capacity:     8192M (100%)       8192M (100%)       8192M (100%)       8192M (100%)       8192M (100%)       8192M (100%)   
[414.777s][info][gc,heap     ] GC(243)      Free:     5794M (71%)        5202M (64%)        6464M (79%)        7170M (88%)        7172M (88%)        5184M (63%)    
[414.777s][info][gc,heap     ] GC(243)      Used:     2398M (29%)        2990M (36%)        1728M (21%)        1022M (12%)        3008M (37%)        1020M (12%)    
[414.777s][info][gc,heap     ] GC(243)      Live:         -               256M (3%)          256M (3%)          256M (3%)             -                  -          
[414.777s][info][gc,heap     ] GC(243) Allocated:         -               592M (7%)          618M (8%)          733M (9%)             -                  -          
[414.777s][info][gc,heap     ] GC(243)   Garbage:         -              2141M (26%)         853M (10%)          31M (0%)             -                  -          
[414.778s][info][gc,heap     ] GC(243) Reclaimed:         -                  -              1288M (16%)        2109M (26%)            -                  -          
[414.778s][info][gc          ] GC(243) Garbage Collection (Allocation Rate) 2398M(29%)->1022M(12%)
[414.944s][info][gc,start    ] GC(244) Garbage Collection (System.gc())
[414.944s][info][gc,task     ] GC(244) Using 2 workers
[414.944s][info][gc,phases   ] GC(244) Pause Mark Start 0.005ms
[415.086s][info][gc,phases   ] GC(244) Concurrent Mark 141.924ms
[415.086s][info][gc,phases   ] GC(244) Pause Mark End 0.030ms
[415.086s][info][gc,phases   ] GC(244) Concurrent Mark Free 0.002ms
[415.099s][info][gc,phases   ] GC(244) Concurrent Process Non-Strong References 12.877ms
[415.100s][info][gc,phases   ] GC(244) Concurrent Reset Relocation Set 0.045ms
[415.105s][info][gc,phases   ] GC(244) Concurrent Select Relocation Set 5.437ms
[415.105s][info][gc,phases   ] GC(244) Pause Relocate Start 0.008ms
[415.106s][info][gc,phases   ] GC(244) Concurrent Relocate 0.482ms
[415.106s][info][gc,load     ] GC(244) Load: 0.00/0.00/0.00
[415.106s][info][gc,mmu      ] GC(244) MMU: 2ms/95.0%, 5ms/98.0%, 10ms/99.0%, 20ms/99.5%, 50ms/99.8%, 100ms/99.9%
[415.106s][info][gc,marking  ] GC(244) Mark: 2 stripe(s), 2 proactive flush(es), 1 terminate flush(es), 0 completion(s), 0 continuation(s) 
[415.106s][info][gc,marking  ] GC(244) Mark Stack Usage: 32M
[415.106s][info][gc,nmethod  ] GC(244) NMethods: 13119 registered, 850 unregistered
[415.106s][info][gc,metaspace] GC(244) Metaspace: 73M used, 74M committed, 1152M reserved
[415.106s][info][gc,ref      ] GC(244) Soft: 5942 encountered, 0 discovered, 0 enqueued
[415.106s][info][gc,ref      ] GC(244) Weak: 6668 encountered, 879 discovered, 238 enqueued
[415.106s][info][gc,ref      ] GC(244) Final: 53 encountered, 4 discovered, 0 enqueued
[415.106s][info][gc,ref      ] GC(244) Phantom: 588 encountered, 333 discovered, 0 enqueued
[415.106s][info][gc,reloc    ] GC(244) Small Pages: 629 / 1258M, Empty: 1036M, Relocated: 0M, In-Place: 0
[415.106s][info][gc,reloc    ] GC(244) Medium Pages: 6 / 192M, Empty: 160M, Relocated: 0M, In-Place: 0
[415.106s][info][gc,reloc    ] GC(244) Large Pages: 22 / 132M, Empty: 132M, Relocated: 0M, In-Place: 0
[415.106s][info][gc,reloc    ] GC(244) Forwarding Usage: 0M
[415.106s][info][gc,heap     ] GC(244) Min Capacity: 8192M(100%)
[415.106s][info][gc,heap     ] GC(244) Max Capacity: 8192M(100%)
[415.106s][info][gc,heap     ] GC(244) Soft Max Capacity: 8192M(100%)
[415.106s][info][gc,heap     ] GC(244)                Mark Start          Mark End        Relocate Start      Relocate End           High               Low         
[415.106s][info][gc,heap     ] GC(244)  Capacity:     8192M (100%)       8192M (100%)       8192M (100%)       8192M (100%)       8192M (100%)       8192M (100%)   
[415.106s][info][gc,heap     ] GC(244)      Free:     6610M (81%)        6608M (81%)        7926M (97%)        7970M (97%)        7970M (97%)        6608M (81%)    
[415.106s][info][gc,heap     ] GC(244)      Used:     1582M (19%)        1584M (19%)         266M (3%)          222M (3%)         1584M (19%)         222M (3%)     
[415.106s][info][gc,heap     ] GC(244)      Live:         -               176M (2%)          176M (2%)          176M (2%)             -                  -          
[415.106s][info][gc,heap     ] GC(244) Allocated:         -                 2M (0%)           12M (0%)           12M (0%)             -                  -          
[415.106s][info][gc,heap     ] GC(244)   Garbage:         -              1405M (17%)          77M (1%)           33M (0%)             -                  -          
[415.106s][info][gc,heap     ] GC(244) Reclaimed:         -                  -              1328M (16%)        1372M (17%)            -                  -          
[415.106s][info][gc          ] GC(244) Garbage Collection (System.gc()) 1582M(19%)->222M(3%)
[417.315s][info][gc,start    ] GC(245) Garbage Collection (Allocation Rate)
[417.315s][info][gc,task     ] GC(245) Using 2 workers
[417.315s][info][gc,phases   ] GC(245) Pause Mark Start 0.007ms
[417.932s][info][gc,phases   ] GC(245) Concurrent Mark 617.061ms
[417.932s][info][gc,phases   ] GC(245) Pause Mark End 0.020ms
[417.932s][info][gc,phases   ] GC(245) Concurrent Mark Free 0.002ms
[417.944s][info][gc,phases   ] GC(245) Concurrent Process Non-Strong References 12.104ms
[417.944s][info][gc,phases   ] GC(245) Concurrent Reset Relocation Set 0.002ms
[417.975s][info][gc,phases   ] GC(245) Concurrent Select Relocation Set 30.802ms
[417.975s][info][gc,phases   ] GC(245) Pause Relocate Start 0.013ms
[418.171s][info][gc,phases   ] GC(245) Concurrent Relocate 195.212ms
[418.171s][info][gc,load     ] GC(245) Load: 0.00/0.00/0.00
[418.171s][info][gc,mmu      ] GC(245) MMU: 2ms/95.0%, 5ms/98.0%, 10ms/99.0%, 20ms/99.5%, 50ms/99.8%, 100ms/99.9%
[418.171s][info][gc,marking  ] GC(245) Mark: 2 stripe(s), 2 proactive flush(es), 1 terminate flush(es), 0 completion(s), 0 continuation(s) 
[418.171s][info][gc,marking  ] GC(245) Mark Stack Usage: 32M
[418.171s][info][gc,nmethod  ] GC(245) NMethods: 13126 registered, 850 unregistered
[418.171s][info][gc,metaspace] GC(245) Metaspace: 73M used, 74M committed, 1152M reserved
[418.171s][info][gc,ref      ] GC(245) Soft: 5950 encountered, 0 discovered, 0 enqueued
[418.171s][info][gc,ref      ] GC(245) Weak: 6756 encountered, 784 discovered, 91 enqueued
[418.171s][info][gc,ref      ] GC(245) Final: 53 encountered, 0 discovered, 0 enqueued
[418.171s][info][gc,ref      ] GC(245) Phantom: 588 encountered, 340 discovered, 0 enqueued
[418.171s][info][gc,reloc    ] GC(245) Small Pages: 2173 / 4346M, Empty: 2258M, Relocated: 164M, In-Place: 0
[418.171s][info][gc,reloc    ] GC(245) Medium Pages: 5 / 160M, Empty: 128M, Relocated: 0M, In-Place: 0
[418.171s][info][gc,reloc    ] GC(245) Large Pages: 30 / 212M, Empty: 154M, Relocated: 0M, In-Place: 0
[418.171s][info][gc,reloc    ] GC(245) Forwarding Usage: 130M
[418.171s][info][gc,heap     ] GC(245) Min Capacity: 8192M(100%)
[418.171s][info][gc,heap     ] GC(245) Max Capacity: 8192M(100%)
[418.171s][info][gc,heap     ] GC(245) Soft Max Capacity: 8192M(100%)
[418.171s][info][gc,heap     ] GC(245)                Mark Start          Mark End        Relocate Start      Relocate End           High               Low         
[418.171s][info][gc,heap     ] GC(245)  Capacity:     8192M (100%)       8192M (100%)       8192M (100%)       8192M (100%)       8192M (100%)       8192M (100%)   
[418.171s][info][gc,heap     ] GC(245)      Free:     3474M (42%)        3294M (40%)        5730M (70%)        7250M (89%)        7258M (89%)        3286M (40%)    
[418.171s][info][gc,heap     ] GC(245)      Used:     4718M (58%)        4898M (60%)        2462M (30%)         942M (11%)        4906M (60%)         934M (11%)    
[418.171s][info][gc,heap     ] GC(245)      Live:         -               399M (5%)          399M (5%)          399M (5%)             -                  -          
[418.171s][info][gc,heap     ] GC(245) Allocated:         -               180M (2%)          284M (3%)          509M (6%)             -                  -          
[418.171s][info][gc,heap     ] GC(245)   Garbage:         -              4318M (53%)        1778M (22%)          32M (0%)             -                  -          
[418.171s][info][gc,heap     ] GC(245) Reclaimed:         -                  -              2540M (31%)        4285M (52%)            -                  -          
[418.171s][info][gc          ] GC(245) Garbage Collection (Allocation Rate) 4718M(58%)->942M(11%)
[418.228s][info][gc,start    ] GC(246) Garbage Collection (Allocation Rate)
[418.228s][info][gc,task     ] GC(246) Using 2 workers
[418.228s][info][gc,phases   ] GC(246) Pause Mark Start 0.007ms
[418.433s][info][gc,phases   ] GC(246) Concurrent Mark 204.398ms
[418.433s][info][gc,phases   ] GC(246) Pause Mark End 0.029ms
[418.433s][info][gc,phases   ] GC(246) Concurrent Mark Free 0.001ms
[418.444s][info][gc,phases   ] GC(246) Concurrent Process Non-Strong References 11.297ms
[418.444s][info][gc,phases   ] GC(246) Concurrent Reset Relocation Set 0.085ms
[418.454s][info][gc,phases   ] GC(246) Concurrent Select Relocation Set 9.703ms
[418.454s][info][gc,phases   ] GC(246) Pause Relocate Start 0.014ms
[418.472s][info][gc,phases   ] GC(246) Concurrent Relocate 18.086ms
[418.472s][info][gc,load     ] GC(246) Load: 0.00/0.00/0.00
[418.472s][info][gc,mmu      ] GC(246) MMU: 2ms/95.0%, 5ms/98.0%, 10ms/99.0%, 20ms/99.5%, 50ms/99.8%, 100ms/99.9%
[418.472s][info][gc,marking  ] GC(246) Mark: 2 stripe(s), 2 proactive flush(es), 1 terminate flush(es), 0 completion(s), 0 continuation(s) 
[418.472s][info][gc,marking  ] GC(246) Mark Stack Usage: 32M
[418.472s][info][gc,nmethod  ] GC(246) NMethods: 13131 registered, 850 unregistered
[418.472s][info][gc,metaspace] GC(246) Metaspace: 73M used, 74M committed, 1152M reserved
[418.473s][info][gc,ref      ] GC(246) Soft: 5946 encountered, 0 discovered, 0 enqueued
[418.473s][info][gc,ref      ] GC(246) Weak: 6870 encountered, 906 discovered, 289 enqueued
[418.473s][info][gc,ref      ] GC(246) Final: 53 encountered, 2 discovered, 0 enqueued
[418.473s][info][gc,ref      ] GC(246) Phantom: 592 encountered, 291 discovered, 0 enqueued
[418.473s][info][gc,reloc    ] GC(246) Small Pages: 428 / 856M, Empty: 526M, Relocated: 15M, In-Place: 0
[418.473s][info][gc,reloc    ] GC(246) Medium Pages: 4 / 128M, Empty: 32M, Relocated: 18M, In-Place: 0
[418.473s][info][gc,reloc    ] GC(246) Large Pages: 13 / 94M, Empty: 94M, Relocated: 0M, In-Place: 0
[418.473s][info][gc,reloc    ] GC(246) Forwarding Usage: 15M
[418.473s][info][gc,heap     ] GC(246) Min Capacity: 8192M(100%)
[418.473s][info][gc,heap     ] GC(246) Max Capacity: 8192M(100%)
[418.473s][info][gc,heap     ] GC(246) Soft Max Capacity: 8192M(100%)
[418.473s][info][gc,heap     ] GC(246)                Mark Start          Mark End        Relocate Start      Relocate End           High               Low         
[418.473s][info][gc,heap     ] GC(246)  Capacity:     8192M (100%)       8192M (100%)       8192M (100%)       8192M (100%)       8192M (100%)       8192M (100%)   
[418.473s][info][gc,heap     ] GC(246)      Free:     7114M (87%)        6880M (84%)        7524M (92%)        7728M (94%)        7728M (94%)        6876M (84%)    
[418.473s][info][gc,heap     ] GC(246)      Used:     1078M (13%)        1312M (16%)         668M (8%)          464M (6%)         1316M (16%)         464M (6%)     
[418.473s][info][gc,heap     ] GC(246)      Live:         -               197M (2%)          197M (2%)          197M (2%)             -                  -          
[418.473s][info][gc,heap     ] GC(246) Allocated:         -               234M (3%)          242M (3%)          243M (3%)             -                  -          
[418.473s][info][gc,heap     ] GC(246)   Garbage:         -               880M (11%)         228M (3%)           22M (0%)             -                  -          
[418.473s][info][gc,heap     ] GC(246) Reclaimed:         -                  -               652M (8%)          857M (10%)            -                  -          
[418.473s][info][gc          ] GC(246) Garbage Collection (Allocation Rate) 1078M(13%)->464M(6%)
[419.860s][info][gc,start    ] GC(247) Garbage Collection (System.gc())
[419.860s][info][gc,task     ] GC(247) Using 2 workers
[419.860s][info][gc,phases   ] GC(247) Pause Mark Start 0.008ms
[420.001s][info][gc,phases   ] GC(247) Concurrent Mark 140.824ms
[420.001s][info][gc,phases   ] GC(247) Pause Mark End 0.026ms
[420.001s][info][gc,phases   ] GC(247) Concurrent Mark Free 0.002ms
[420.013s][info][gc,phases   ] GC(247) Concurrent Process Non-Strong References 11.753ms
[420.013s][info][gc,phases   ] GC(247) Concurrent Reset Relocation Set 0.006ms
[420.016s][info][gc,phases   ] GC(247) Concurrent Select Relocation Set 3.315ms
[420.017s][info][gc,phases   ] GC(247) Pause Relocate Start 0.010ms
[420.017s][info][gc,phases   ] GC(247) Concurrent Relocate 0.739ms
[420.018s][info][gc,load     ] GC(247) Load: 0.00/0.00/0.00
[420.018s][info][gc,mmu      ] GC(247) MMU: 2ms/95.0%, 5ms/98.0%, 10ms/99.0%, 20ms/99.5%, 50ms/99.8%, 100ms/99.9%
[420.018s][info][gc,marking  ] GC(247) Mark: 2 stripe(s), 2 proactive flush(es), 1 terminate flush(es), 0 completion(s), 0 continuation(s) 
[420.018s][info][gc,marking  ] GC(247) Mark Stack Usage: 32M
[420.018s][info][gc,nmethod  ] GC(247) NMethods: 13138 registered, 850 unregistered
[420.018s][info][gc,metaspace] GC(247) Metaspace: 73M used, 74M committed, 1152M reserved
[420.018s][info][gc,ref      ] GC(247) Soft: 5942 encountered, 0 discovered, 0 enqueued
[420.018s][info][gc,ref      ] GC(247) Weak: 6806 encountered, 1130 discovered, 380 enqueued
[420.018s][info][gc,ref      ] GC(247) Final: 53 encountered, 4 discovered, 0 enqueued
[420.018s][info][gc,ref      ] GC(247) Phantom: 588 encountered, 321 discovered, 0 enqueued
[420.018s][info][gc,reloc    ] GC(247) Small Pages: 1268 / 2536M, Empty: 2282M, Relocated: 1M, In-Place: 0
[420.018s][info][gc,reloc    ] GC(247) Medium Pages: 9 / 288M, Empty: 256M, Relocated: 0M, In-Place: 0
[420.018s][info][gc,reloc    ] GC(247) Large Pages: 32 / 192M, Empty: 192M, Relocated: 0M, In-Place: 0
[420.018s][info][gc,reloc    ] GC(247) Forwarding Usage: 0M
[420.018s][info][gc,heap     ] GC(247) Min Capacity: 8192M(100%)
[420.018s][info][gc,heap     ] GC(247) Max Capacity: 8192M(100%)
[420.018s][info][gc,heap     ] GC(247) Soft Max Capacity: 8192M(100%)
[420.018s][info][gc,heap     ] GC(247)                Mark Start          Mark End        Relocate Start      Relocate End           High               Low         
[420.018s][info][gc,heap     ] GC(247)  Capacity:     8192M (100%)       8192M (100%)       8192M (100%)       8192M (100%)       8192M (100%)       8192M (100%)   
[420.018s][info][gc,heap     ] GC(247)      Free:     5176M (63%)        5174M (63%)        7896M (96%)        7970M (97%)        7970M (97%)        5174M (63%)    
[420.018s][info][gc,heap     ] GC(247)      Used:     3016M (37%)        3018M (37%)         296M (4%)          222M (3%)         3018M (37%)         222M (3%)     
[420.018s][info][gc,heap     ] GC(247)      Live:         -               176M (2%)          176M (2%)          176M (2%)             -                  -          
[420.018s][info][gc,heap     ] GC(247) Allocated:         -                 2M (0%)           10M (0%)           11M (0%)             -                  -          
[420.018s][info][gc,heap     ] GC(247)   Garbage:         -              2839M (35%)         109M (1%)           33M (0%)             -                  -          
[420.018s][info][gc,heap     ] GC(247) Reclaimed:         -                  -              2730M (33%)        2805M (34%)            -                  -          
[420.018s][info][gc          ] GC(247) Garbage Collection (System.gc()) 3016M(37%)->222M(3%)
[420.322s][info][gc,stats    ] === Garbage Collection Statistics =======================================================================================================================
[420.322s][info][gc,stats    ]                                                              Last 10s              Last 10m              Last 10h                Total
[420.322s][info][gc,stats    ]                                                              Avg / Max             Avg / Max             Avg / Max             Avg / Max
[420.322s][info][gc,stats    ]   Collector: Garbage Collection Cycle                    396.653 / 856.176     429.540 / 983.217     429.540 / 983.217     429.540 / 983.217     ms
[420.322s][info][gc,stats    ]  Contention: Mark Segment Reset Contention                     1 / 14                3 / 36                3 / 36                3 / 36          ops/s
[420.322s][info][gc,stats    ]  Contention: Mark SeqNum Reset Contention                      0 / 1                 0 / 2                 0 / 2                 0 / 2           ops/s
[420.322s][info][gc,stats    ]    Critical: Allocation Stall                                  0 / 0                 0 / 0                 0 / 0                 0 / 0           ops/s
[420.322s][info][gc,stats    ]    Critical: Allocation Stall                              0.000 / 0.000         0.000 / 0.000         0.000 / 0.000         0.000 / 0.000       ms
[420.322s][info][gc,stats    ]    Critical: GC Locker Stall                                   0 / 0                 0 / 0                 0 / 0                 0 / 0           ops/s
[420.322s][info][gc,stats    ]    Critical: GC Locker Stall                               0.000 / 0.000         0.000 / 0.000         0.000 / 0.000         0.000 / 0.000       ms
[420.322s][info][gc,stats    ]    Critical: Relocation Stall                                  0 / 0                 0 / 0                 0 / 0                 0 / 0           ops/s
[420.322s][info][gc,stats    ]    Critical: Relocation Stall                              0.000 / 0.000         0.000 / 0.000         0.000 / 0.000         0.000 / 0.000       ms
[420.322s][info][gc,stats    ]      Memory: Allocation Rate                                1680 / 2250           1614 / 3876           1614 / 3876           1614 / 3876        MB/s
[420.322s][info][gc,stats    ]      Memory: Out Of Memory                                     0 / 0                 0 / 0                 0 / 0                 0 / 0           ops/s
[420.323s][info][gc,stats    ]      Memory: Page Cache Flush                                  0 / 0                 0 / 0                 0 / 0                 0 / 0           MB/s
[420.323s][info][gc,stats    ]      Memory: Page Cache Hit L1                               779 / 1061            743 / 1729            743 / 1729            743 / 1729        ops/s
[420.323s][info][gc,stats    ]      Memory: Page Cache Hit L2                                 0 / 0                 0 / 0                 0 / 0                 0 / 0           ops/s
[420.323s][info][gc,stats    ]      Memory: Page Cache Hit L3                                 0 / 0                 5 / 527               5 / 527               5 / 527         ops/s
[420.323s][info][gc,stats    ]      Memory: Page Cache Miss                                   0 / 0                 0 / 1                 0 / 1                 0 / 1           ops/s
[420.323s][info][gc,stats    ]      Memory: Uncommit                                          0 / 0                 0 / 0                 0 / 0                 0 / 0           MB/s
[420.323s][info][gc,stats    ]      Memory: Undo Object Allocation Failed                     0 / 0                 0 / 1                 0 / 1                 0 / 1           ops/s
[420.323s][info][gc,stats    ]      Memory: Undo Object Allocation Succeeded                  0 / 0                 6 / 1333              6 / 1333              6 / 1333        ops/s
[420.323s][info][gc,stats    ]      Memory: Undo Page Allocation                              0 / 0                 0 / 2                 0 / 2                 0 / 2           ops/s
[420.323s][info][gc,stats    ]       Phase: Concurrent Mark                             330.450 / 617.061     327.192 / 972.666     327.192 / 972.666     327.192 / 972.666     ms
[420.323s][info][gc,stats    ]       Phase: Concurrent Mark Continue                      0.000 / 0.000         0.000 / 0.000         0.000 / 0.000         0.000 / 0.000       ms
[420.323s][info][gc,stats    ]       Phase: Concurrent Mark Free                          0.001 / 0.002         0.004 / 0.317         0.004 / 0.317         0.004 / 0.317       ms
[420.323s][info][gc,stats    ]       Phase: Concurrent Process Non-Strong References     12.287 / 13.435       10.564 / 15.785       10.564 / 15.785       10.564 / 15.785      ms
[420.323s][info][gc,stats    ]       Phase: Concurrent Relocate                          63.358 / 195.212      75.801 / 226.884      75.801 / 226.884      75.801 / 226.884     ms
[420.323s][info][gc,stats    ]       Phase: Concurrent Reset Relocation Set               0.034 / 0.085         0.039 / 0.139         0.039 / 0.139         0.039 / 0.139       ms
[420.323s][info][gc,stats    ]       Phase: Concurrent Select Relocation Set             13.209 / 30.802       14.830 / 41.971       14.830 / 41.971       14.830 / 41.971      ms
[420.323s][info][gc,stats    ]       Phase: Pause Mark End                                0.026 / 0.030         0.027 / 0.101         0.027 / 0.101         0.027 / 0.101       ms
[420.323s][info][gc,stats    ]       Phase: Pause Mark Start                              0.007 / 0.009         0.007 / 0.014         0.007 / 0.014         0.007 / 0.014       ms
[420.323s][info][gc,stats    ]       Phase: Pause Relocate Start                          0.011 / 0.014         0.013 / 0.037         0.013 / 0.037         0.013 / 0.037       ms
[420.323s][info][gc,stats    ]    Subphase: Concurrent Classes Purge                      0.459 / 0.517         0.434 / 0.733         0.434 / 0.733         0.434 / 0.733       ms
[420.323s][info][gc,stats    ]    Subphase: Concurrent Classes Unlink                    10.518 / 11.620        9.008 / 12.957        9.008 / 12.957        9.008 / 12.957      ms
[420.323s][info][gc,stats    ]    Subphase: Concurrent Mark                             321.883 / 613.731     319.072 / 969.741     319.072 / 969.741     319.072 / 969.741     ms
[420.323s][info][gc,stats    ]    Subphase: Concurrent Mark Try Flush                     0.211 / 0.618         0.228 / 15.555        0.228 / 15.555        0.228 / 15.555      ms
[420.323s][info][gc,stats    ]    Subphase: Concurrent Mark Try Terminate                 4.887 / 15.575        4.285 / 16.659        4.285 / 16.659        4.285 / 16.659      ms
[420.323s][info][gc,stats    ]    Subphase: Concurrent References Enqueue                 0.006 / 0.007         0.005 / 0.009         0.005 / 0.009         0.005 / 0.009       ms
[420.323s][info][gc,stats    ]    Subphase: Concurrent References Process                 0.215 / 0.304         0.190 / 0.610         0.190 / 0.610         0.190 / 0.610       ms
[420.323s][info][gc,stats    ]    Subphase: Concurrent Roots ClassLoaderDataGraph         0.119 / 0.246         0.120 / 0.376         0.120 / 0.376         0.120 / 0.376       ms
[420.323s][info][gc,stats    ]    Subphase: Concurrent Roots CodeCache                    0.000 / 0.000         0.000 / 0.000         0.000 / 0.000         0.000 / 0.000       ms
[420.323s][info][gc,stats    ]    Subphase: Concurrent Roots JavaThreads                  2.941 / 3.521         3.746 / 8.610         3.746 / 8.610         3.746 / 8.610       ms
[420.323s][info][gc,stats    ]    Subphase: Concurrent Roots OopStorageSet                0.050 / 0.073         0.048 / 0.149         0.048 / 0.149         0.048 / 0.149       ms
[420.323s][info][gc,stats    ]    Subphase: Concurrent Weak Roots OopStorageSet           0.796 / 0.943         0.602 / 1.117         0.602 / 1.117         0.602 / 1.117       ms
[420.323s][info][gc,stats    ]    Subphase: Pause Mark Try Complete                       0.000 / 0.000         0.009 / 0.024         0.009 / 0.024         0.009 / 0.024       ms
[420.323s][info][gc,stats    ]      System: Java Threads                                    264 / 265             253 / 267             253 / 267             253 / 267         threads
[420.323s][info][gc,stats    ] =========================================================================================================================================================
[422.327s][info][gc,start    ] GC(248) Garbage Collection (Allocation Rate)
[422.327s][info][gc,task     ] GC(248) Using 2 workers
[422.327s][info][gc,phases   ] GC(248) Pause Mark Start 0.009ms
[422.843s][info][gc,phases   ] GC(248) Concurrent Mark 515.506ms
[422.843s][info][gc,phases   ] GC(248) Pause Mark End 0.020ms
[422.843s][info][gc,phases   ] GC(248) Concurrent Mark Free 0.001ms
[422.856s][info][gc,phases   ] GC(248) Concurrent Process Non-Strong References 12.895ms
[422.856s][info][gc,phases   ] GC(248) Concurrent Reset Relocation Set 0.003ms
[422.888s][info][gc,phases   ] GC(248) Concurrent Select Relocation Set 31.776ms
[422.888s][info][gc,phases   ] GC(248) Pause Relocate Start 0.033ms
[423.034s][info][gc,phases   ] GC(248) Concurrent Relocate 145.795ms
[423.034s][info][gc,load     ] GC(248) Load: 0.00/0.00/0.00
[423.034s][info][gc,mmu      ] GC(248) MMU: 2ms/95.0%, 5ms/98.0%, 10ms/99.0%, 20ms/99.5%, 50ms/99.8%, 100ms/99.9%
[423.034s][info][gc,marking  ] GC(248) Mark: 2 stripe(s), 2 proactive flush(es), 1 terminate flush(es), 0 completion(s), 0 continuation(s) 
[423.034s][info][gc,marking  ] GC(248) Mark Stack Usage: 32M
[423.034s][info][gc,nmethod  ] GC(248) NMethods: 13144 registered, 850 unregistered
[423.034s][info][gc,metaspace] GC(248) Metaspace: 73M used, 74M committed, 1152M reserved
[423.034s][info][gc,ref      ] GC(248) Soft: 5950 encountered, 0 discovered, 0 enqueued
[423.034s][info][gc,ref      ] GC(248) Weak: 6747 encountered, 862 discovered, 22 enqueued
[423.034s][info][gc,ref      ] GC(248) Final: 53 encountered, 4 discovered, 0 enqueued
[423.034s][info][gc,ref      ] GC(248) Phantom: 588 encountered, 321 discovered, 0 enqueued
[423.034s][info][gc,reloc    ] GC(248) Small Pages: 2218 / 4436M, Empty: 2614M, Relocated: 95M, In-Place: 0
[423.034s][info][gc,reloc    ] GC(248) Medium Pages: 5 / 160M, Empty: 96M, Relocated: 14M, In-Place: 0
[423.034s][info][gc,reloc    ] GC(248) Large Pages: 30 / 212M, Empty: 172M, Relocated: 0M, In-Place: 0
[423.034s][info][gc,reloc    ] GC(248) Forwarding Usage: 95M
[423.034s][info][gc,heap     ] GC(248) Min Capacity: 8192M(100%)
[423.034s][info][gc,heap     ] GC(248) Max Capacity: 8192M(100%)
[423.034s][info][gc,heap     ] GC(248) Soft Max Capacity: 8192M(100%)
[423.034s][info][gc,heap     ] GC(248)                Mark Start          Mark End        Relocate Start      Relocate End           High               Low         
[423.034s][info][gc,heap     ] GC(248)  Capacity:     8192M (100%)       8192M (100%)       8192M (100%)       8192M (100%)       8192M (100%)       8192M (100%)   
[423.034s][info][gc,heap     ] GC(248)      Free:     3384M (41%)        3210M (39%)        6000M (73%)        7420M (91%)        7420M (91%)        3164M (39%)    
[423.034s][info][gc,heap     ] GC(248)      Used:     4808M (59%)        4982M (61%)        2192M (27%)         772M (9%)         5028M (61%)         772M (9%)     
[423.035s][info][gc,heap     ] GC(248)      Live:         -               315M (4%)          315M (4%)          315M (4%)             -                  -          
[423.035s][info][gc,heap     ] GC(248) Allocated:         -               174M (2%)          266M (3%)          427M (5%)             -                  -          
[423.035s][info][gc,heap     ] GC(248)   Garbage:         -              4492M (55%)        1610M (20%)          28M (0%)             -                  -          
[423.035s][info][gc,heap     ] GC(248) Reclaimed:         -                  -              2882M (35%)        4463M (54%)            -                  -          
[423.035s][info][gc          ] GC(248) Garbage Collection (Allocation Rate) 4808M(59%)->772M(9%)
[424.014s][info][gc,start    ] GC(249) Garbage Collection (Allocation Rate)
[424.014s][info][gc,task     ] GC(249) Using 2 workers
[424.014s][info][gc,phases   ] GC(249) Pause Mark Start 0.009ms
[424.393s][info][gc,phases   ] GC(249) Concurrent Mark 378.601ms
[424.393s][info][gc,phases   ] GC(249) Pause Mark End 0.023ms
[424.393s][info][gc,phases   ] GC(249) Concurrent Mark Free 0.001ms
[424.407s][info][gc,phases   ] GC(249) Concurrent Process Non-Strong References 13.303ms
[424.407s][info][gc,phases   ] GC(249) Concurrent Reset Relocation Set 0.092ms
[424.419s][info][gc,phases   ] GC(249) Concurrent Select Relocation Set 11.991ms
[424.419s][info][gc,phases   ] GC(249) Pause Relocate Start 0.010ms
[424.507s][info][gc,phases   ] GC(249) Concurrent Relocate 88.288ms
[424.507s][info][gc,load     ] GC(249) Load: 0.00/0.00/0.00
[424.508s][info][gc,mmu      ] GC(249) MMU: 2ms/95.0%, 5ms/98.0%, 10ms/99.0%, 20ms/99.5%, 50ms/99.8%, 100ms/99.9%
[424.508s][info][gc,marking  ] GC(249) Mark: 2 stripe(s), 3 proactive flush(es), 1 terminate flush(es), 0 completion(s), 0 continuation(s) 
[424.508s][info][gc,marking  ] GC(249) Mark Stack Usage: 32M
[424.508s][info][gc,nmethod  ] GC(249) NMethods: 13192 registered, 850 unregistered
[424.508s][info][gc,metaspace] GC(249) Metaspace: 73M used, 74M committed, 1152M reserved
[424.508s][info][gc,ref      ] GC(249) Soft: 5946 encountered, 0 discovered, 0 enqueued
[424.508s][info][gc,ref      ] GC(249) Weak: 7010 encountered, 1638 discovered, 363 enqueued
[424.508s][info][gc,ref      ] GC(249) Final: 53 encountered, 0 discovered, 0 enqueued
[424.508s][info][gc,ref      ] GC(249) Phantom: 588 encountered, 324 discovered, 0 enqueued
[424.508s][info][gc,reloc    ] GC(249) Small Pages: 1008 / 2016M, Empty: 1040M, Relocated: 43M, In-Place: 0
[424.508s][info][gc,reloc    ] GC(249) Medium Pages: 7 / 224M, Empty: 96M, Relocated: 45M, In-Place: 0
[424.508s][info][gc,reloc    ] GC(249) Large Pages: 24 / 160M, Empty: 160M, Relocated: 0M, In-Place: 0
[424.508s][info][gc,reloc    ] GC(249) Forwarding Usage: 37M
[424.508s][info][gc,heap     ] GC(249) Min Capacity: 8192M(100%)
[424.508s][info][gc,heap     ] GC(249) Max Capacity: 8192M(100%)
[424.508s][info][gc,heap     ] GC(249) Soft Max Capacity: 8192M(100%)
[424.508s][info][gc,heap     ] GC(249)                Mark Start          Mark End        Relocate Start      Relocate End           High               Low         
[424.508s][info][gc,heap     ] GC(249)  Capacity:     8192M (100%)       8192M (100%)       8192M (100%)       8192M (100%)       8192M (100%)       8192M (100%)   
[424.508s][info][gc,heap     ] GC(249)      Free:     5792M (71%)        4970M (61%)        6170M (75%)        6772M (83%)        6772M (83%)        4918M (60%)    
[424.508s][info][gc,heap     ] GC(249)      Used:     2400M (29%)        3222M (39%)        2022M (25%)        1420M (17%)        3274M (40%)        1420M (17%)    
[424.508s][info][gc,heap     ] GC(249)      Live:         -               253M (3%)          253M (3%)          253M (3%)             -                  -          
[424.508s][info][gc,heap     ] GC(249) Allocated:         -               822M (10%)         918M (11%)        1139M (14%)            -                  -          
[424.508s][info][gc,heap     ] GC(249)   Garbage:         -              2146M (26%)         850M (10%)          26M (0%)             -                  -          
[424.508s][info][gc,heap     ] GC(249) Reclaimed:         -                  -              1296M (16%)        2119M (26%)            -                  -          
[424.508s][info][gc          ] GC(249) Garbage Collection (Allocation Rate) 2400M(29%)->1420M(17%)
[424.567s][info][gc,start    ] GC(250) Garbage Collection (System.gc())
[424.567s][info][gc,task     ] GC(250) Using 2 workers
[424.567s][info][gc,phases   ] GC(250) Pause Mark Start 0.005ms
[424.706s][info][gc,phases   ] GC(250) Concurrent Mark 139.035ms
[424.707s][info][gc,phases   ] GC(250) Pause Mark End 0.026ms
[424.707s][info][gc,phases   ] GC(250) Concurrent Mark Free 0.002ms
[424.719s][info][gc,phases   ] GC(250) Concurrent Process Non-Strong References 11.885ms
[424.719s][info][gc,phases   ] GC(250) Concurrent Reset Relocation Set 0.043ms
[424.723s][info][gc,phases   ] GC(250) Concurrent Select Relocation Set 4.667ms
[424.724s][info][gc,phases   ] GC(250) Pause Relocate Start 0.008ms
[424.724s][info][gc,phases   ] GC(250) Concurrent Relocate 0.646ms
[424.724s][info][gc,load     ] GC(250) Load: 0.00/0.00/0.00
[424.724s][info][gc,mmu      ] GC(250) MMU: 2ms/95.0%, 5ms/98.0%, 10ms/99.0%, 20ms/99.5%, 50ms/99.8%, 100ms/99.9%
[424.724s][info][gc,marking  ] GC(250) Mark: 2 stripe(s), 2 proactive flush(es), 1 terminate flush(es), 0 completion(s), 0 continuation(s) 
[424.724s][info][gc,marking  ] GC(250) Mark Stack Usage: 32M
[424.724s][info][gc,nmethod  ] GC(250) NMethods: 13192 registered, 850 unregistered
[424.724s][info][gc,metaspace] GC(250) Metaspace: 73M used, 74M committed, 1152M reserved
[424.724s][info][gc,ref      ] GC(250) Soft: 5942 encountered, 0 discovered, 0 enqueued
[424.724s][info][gc,ref      ] GC(250) Weak: 6664 encountered, 819 discovered, 238 enqueued
[424.724s][info][gc,ref      ] GC(250) Final: 53 encountered, 4 discovered, 0 enqueued
[424.724s][info][gc,ref      ] GC(250) Phantom: 589 encountered, 308 discovered, 0 enqueued
[424.724s][info][gc,reloc    ] GC(250) Small Pages: 627 / 1254M, Empty: 1020M, Relocated: 0M, In-Place: 0
[424.724s][info][gc,reloc    ] GC(250) Medium Pages: 6 / 192M, Empty: 160M, Relocated: 0M, In-Place: 0
[424.724s][info][gc,reloc    ] GC(250) Large Pages: 24 / 144M, Empty: 144M, Relocated: 0M, In-Place: 0
[424.724s][info][gc,reloc    ] GC(250) Forwarding Usage: 0M
[424.724s][info][gc,heap     ] GC(250) Min Capacity: 8192M(100%)
[424.724s][info][gc,heap     ] GC(250) Max Capacity: 8192M(100%)
[424.724s][info][gc,heap     ] GC(250) Soft Max Capacity: 8192M(100%)
[424.724s][info][gc,heap     ] GC(250)                Mark Start          Mark End        Relocate Start      Relocate End           High               Low         
[424.724s][info][gc,heap     ] GC(250)  Capacity:     8192M (100%)       8192M (100%)       8192M (100%)       8192M (100%)       8192M (100%)       8192M (100%)   
[424.724s][info][gc,heap     ] GC(250)      Free:     6602M (81%)        6600M (81%)        7916M (97%)        7968M (97%)        7968M (97%)        6598M (81%)    
[424.724s][info][gc,heap     ] GC(250)      Used:     1590M (19%)        1592M (19%)         276M (3%)          224M (3%)         1594M (19%)         224M (3%)     
[424.724s][info][gc,heap     ] GC(250)      Live:         -               176M (2%)          176M (2%)          176M (2%)             -                  -          
[424.724s][info][gc,heap     ] GC(250) Allocated:         -                 2M (0%)           10M (0%)           13M (0%)             -                  -          
[424.724s][info][gc,heap     ] GC(250)   Garbage:         -              1413M (17%)          89M (1%)           33M (0%)             -                  -          
[424.724s][info][gc,heap     ] GC(250) Reclaimed:         -                  -              1324M (16%)        1379M (17%)            -                  -          
[424.724s][info][gc          ] GC(250) Garbage Collection (System.gc()) 1590M(19%)->224M(3%)
[426.917s][info][gc,start    ] GC(251) Garbage Collection (Allocation Rate)
[426.917s][info][gc,task     ] GC(251) Using 2 workers
[426.917s][info][gc,phases   ] GC(251) Pause Mark Start 0.008ms
[427.545s][info][gc,phases   ] GC(251) Concurrent Mark 627.500ms
[427.545s][info][gc,phases   ] GC(251) Pause Mark End 0.029ms
[427.545s][info][gc,phases   ] GC(251) Concurrent Mark Free 0.002ms
[427.557s][info][gc,phases   ] GC(251) Concurrent Process Non-Strong References 12.067ms
[427.557s][info][gc,phases   ] GC(251) Concurrent Reset Relocation Set 0.002ms
[427.594s][info][gc,phases   ] GC(251) Concurrent Select Relocation Set 36.293ms
[427.594s][info][gc,phases   ] GC(251) Pause Relocate Start 0.018ms
[427.802s][info][gc,phases   ] GC(251) Concurrent Relocate 207.615ms
[427.802s][info][gc,load     ] GC(251) Load: 0.00/0.00/0.00
[427.802s][info][gc,mmu      ] GC(251) MMU: 2ms/95.0%, 5ms/98.0%, 10ms/99.0%, 20ms/99.5%, 50ms/99.8%, 100ms/99.9%
[427.802s][info][gc,marking  ] GC(251) Mark: 2 stripe(s), 2 proactive flush(es), 1 terminate flush(es), 0 completion(s), 0 continuation(s) 
[427.802s][info][gc,marking  ] GC(251) Mark Stack Usage: 32M
[427.802s][info][gc,nmethod  ] GC(251) NMethods: 13250 registered, 850 unregistered
[427.802s][info][gc,metaspace] GC(251) Metaspace: 73M used, 74M committed, 1152M reserved
[427.802s][info][gc,ref      ] GC(251) Soft: 5950 encountered, 0 discovered, 0 enqueued
[427.802s][info][gc,ref      ] GC(251) Weak: 6751 encountered, 751 discovered, 90 enqueued
[427.802s][info][gc,ref      ] GC(251) Final: 53 encountered, 28 discovered, 0 enqueued
[427.802s][info][gc,ref      ] GC(251) Phantom: 589 encountered, 312 discovered, 0 enqueued
[427.802s][info][gc,reloc    ] GC(251) Small Pages: 2147 / 4294M, Empty: 2136M, Relocated: 181M, In-Place: 0
[427.802s][info][gc,reloc    ] GC(251) Medium Pages: 5 / 160M, Empty: 128M, Relocated: 0M, In-Place: 0
[427.802s][info][gc,reloc    ] GC(251) Large Pages: 30 / 212M, Empty: 148M, Relocated: 0M, In-Place: 0
[427.802s][info][gc,reloc    ] GC(251) Forwarding Usage: 137M
[427.802s][info][gc,heap     ] GC(251) Min Capacity: 8192M(100%)
[427.802s][info][gc,heap     ] GC(251) Max Capacity: 8192M(100%)
[427.802s][info][gc,heap     ] GC(251) Soft Max Capacity: 8192M(100%)
[427.802s][info][gc,heap     ] GC(251)                Mark Start          Mark End        Relocate Start      Relocate End           High               Low         
[427.802s][info][gc,heap     ] GC(251)  Capacity:     8192M (100%)       8192M (100%)       8192M (100%)       8192M (100%)       8192M (100%)       8192M (100%)   
[427.802s][info][gc,heap     ] GC(251)      Free:     3526M (43%)        3292M (40%)        5592M (68%)        7122M (87%)        7148M (87%)        3284M (40%)    
[427.802s][info][gc,heap     ] GC(251)      Used:     4666M (57%)        4900M (60%)        2600M (32%)        1070M (13%)        4908M (60%)        1044M (13%)    
[427.802s][info][gc,heap     ] GC(251)      Live:         -               427M (5%)          427M (5%)          427M (5%)             -                  -          
[427.802s][info][gc,heap     ] GC(251) Allocated:         -               234M (3%)          346M (4%)          605M (7%)             -                  -          
[427.802s][info][gc,heap     ] GC(251)   Garbage:         -              4238M (52%)        1826M (22%)          36M (0%)             -                  -          
[427.802s][info][gc,heap     ] GC(251) Reclaimed:         -                  -              2412M (29%)        4201M (51%)            -                  -          
[427.802s][info][gc          ] GC(251) Garbage Collection (Allocation Rate) 4666M(57%)->1070M(13%)
[427.827s][info][gc,start    ] GC(252) Garbage Collection (Allocation Rate)
[427.827s][info][gc,task     ] GC(252) Using 2 workers
[427.827s][info][gc,phases   ] GC(252) Pause Mark Start 0.006ms
[428.030s][info][gc,phases   ] GC(252) Concurrent Mark 202.728ms
[428.030s][info][gc,phases   ] GC(252) Pause Mark End 0.026ms
[428.030s][info][gc,phases   ] GC(252) Concurrent Mark Free 0.002ms
[428.042s][info][gc,phases   ] GC(252) Concurrent Process Non-Strong References 11.990ms
[428.042s][info][gc,phases   ] GC(252) Concurrent Reset Relocation Set 0.096ms
[428.053s][info][gc,phases   ] GC(252) Concurrent Select Relocation Set 10.585ms
[428.053s][info][gc,phases   ] GC(252) Pause Relocate Start 0.013ms
[428.070s][info][gc,phases   ] GC(252) Concurrent Relocate 16.102ms
[428.070s][info][gc,load     ] GC(252) Load: 0.00/0.00/0.00
[428.070s][info][gc,mmu      ] GC(252) MMU: 2ms/95.0%, 5ms/98.0%, 10ms/99.0%, 20ms/99.5%, 50ms/99.8%, 100ms/99.9%
[428.070s][info][gc,marking  ] GC(252) Mark: 2 stripe(s), 2 proactive flush(es), 1 terminate flush(es), 0 completion(s), 0 continuation(s) 
[428.070s][info][gc,marking  ] GC(252) Mark Stack Usage: 32M
[428.070s][info][gc,nmethod  ] GC(252) NMethods: 13253 registered, 850 unregistered
[428.070s][info][gc,metaspace] GC(252) Metaspace: 73M used, 74M committed, 1152M reserved
[428.070s][info][gc,ref      ] GC(252) Soft: 5946 encountered, 0 discovered, 0 enqueued
[428.070s][info][gc,ref      ] GC(252) Weak: 6856 encountered, 827 discovered, 220 enqueued
[428.070s][info][gc,ref      ] GC(252) Final: 53 encountered, 2 discovered, 0 enqueued
[428.070s][info][gc,ref      ] GC(252) Phantom: 591 encountered, 491 discovered, 0 enqueued
[428.070s][info][gc,reloc    ] GC(252) Small Pages: 462 / 924M, Empty: 614M, Relocated: 10M, In-Place: 0
[428.070s][info][gc,reloc    ] GC(252) Medium Pages: 4 / 128M, Empty: 32M, Relocated: 18M, In-Place: 0
[428.070s][info][gc,reloc    ] GC(252) Large Pages: 14 / 100M, Empty: 100M, Relocated: 0M, In-Place: 0
[428.070s][info][gc,reloc    ] GC(252) Forwarding Usage: 10M
[428.070s][info][gc,heap     ] GC(252) Min Capacity: 8192M(100%)
[428.070s][info][gc,heap     ] GC(252) Max Capacity: 8192M(100%)
[428.070s][info][gc,heap     ] GC(252) Soft Max Capacity: 8192M(100%)
[428.070s][info][gc,heap     ] GC(252)                Mark Start          Mark End        Relocate Start      Relocate End           High               Low         
[428.070s][info][gc,heap     ] GC(252)  Capacity:     8192M (100%)       8192M (100%)       8192M (100%)       8192M (100%)       8192M (100%)       8192M (100%)   
[428.070s][info][gc,heap     ] GC(252)      Free:     7040M (86%)        6676M (81%)        7400M (90%)        7558M (92%)        7564M (92%)        6660M (81%)    
[428.070s][info][gc,heap     ] GC(252)      Used:     1152M (14%)        1516M (19%)         792M (10%)         634M (8%)         1532M (19%)         628M (8%)     
[428.070s][info][gc,heap     ] GC(252)      Live:         -               193M (2%)          193M (2%)          193M (2%)             -                  -          
[428.070s][info][gc,heap     ] GC(252) Allocated:         -               364M (4%)          386M (5%)          416M (5%)             -                  -          
[428.070s][info][gc,heap     ] GC(252)   Garbage:         -               958M (12%)         212M (3%)           24M (0%)             -                  -          
[428.070s][info][gc,heap     ] GC(252) Reclaimed:         -                  -               746M (9%)          934M (11%)            -                  -          
[428.070s][info][gc          ] GC(252) Garbage Collection (Allocation Rate) 1152M(14%)->634M(8%)
[429.332s][info][gc,start    ] GC(253) Garbage Collection (System.gc())
[429.332s][info][gc,task     ] GC(253) Using 2 workers
[429.332s][info][gc,phases   ] GC(253) Pause Mark Start 0.009ms
[429.463s][info][gc,phases   ] GC(253) Concurrent Mark 130.521ms
[429.463s][info][gc,phases   ] GC(253) Pause Mark End 0.012ms
[429.463s][info][gc,phases   ] GC(253) Concurrent Mark Free 0.001ms
[429.474s][info][gc,phases   ] GC(253) Concurrent Process Non-Strong References 10.981ms
[429.474s][info][gc,phases   ] GC(253) Concurrent Reset Relocation Set 0.009ms
[429.477s][info][gc,phases   ] GC(253) Concurrent Select Relocation Set 2.685ms
[429.477s][info][gc,phases   ] GC(253) Pause Relocate Start 0.008ms
[429.478s][info][gc,phases   ] GC(253) Concurrent Relocate 0.813ms
[429.478s][info][gc,load     ] GC(253) Load: 0.00/0.00/0.00
[429.478s][info][gc,mmu      ] GC(253) MMU: 2ms/95.0%, 5ms/98.0%, 10ms/99.0%, 20ms/99.5%, 50ms/99.8%, 100ms/99.9%
[429.478s][info][gc,marking  ] GC(253) Mark: 2 stripe(s), 2 proactive flush(es), 1 terminate flush(es), 0 completion(s), 0 continuation(s) 
[429.478s][info][gc,marking  ] GC(253) Mark Stack Usage: 32M
[429.478s][info][gc,nmethod  ] GC(253) NMethods: 13262 registered, 850 unregistered
[429.478s][info][gc,metaspace] GC(253) Metaspace: 73M used, 74M committed, 1152M reserved
[429.478s][info][gc,ref      ] GC(253) Soft: 5942 encountered, 0 discovered, 0 enqueued
[429.478s][info][gc,ref      ] GC(253) Weak: 6804 encountered, 1102 discovered, 379 enqueued
[429.478s][info][gc,ref      ] GC(253) Final: 53 encountered, 4 discovered, 0 enqueued
[429.478s][info][gc,ref      ] GC(253) Phantom: 588 encountered, 405 discovered, 0 enqueued
[429.478s][info][gc,reloc    ] GC(253) Small Pages: 1273 / 2546M, Empty: 2294M, Relocated: 1M, In-Place: 0
[429.478s][info][gc,reloc    ] GC(253) Medium Pages: 9 / 288M, Empty: 256M, Relocated: 0M, In-Place: 0
[429.478s][info][gc,reloc    ] GC(253) Large Pages: 30 / 180M, Empty: 180M, Relocated: 0M, In-Place: 0
[429.478s][info][gc,reloc    ] GC(253) Forwarding Usage: 0M
[429.478s][info][gc,heap     ] GC(253) Min Capacity: 8192M(100%)
[429.478s][info][gc,heap     ] GC(253) Max Capacity: 8192M(100%)
[429.478s][info][gc,heap     ] GC(253) Soft Max Capacity: 8192M(100%)
[429.478s][info][gc,heap     ] GC(253)                Mark Start          Mark End        Relocate Start      Relocate End           High               Low         
[429.478s][info][gc,heap     ] GC(253)  Capacity:     8192M (100%)       8192M (100%)       8192M (100%)       8192M (100%)       8192M (100%)       8192M (100%)   
[429.478s][info][gc,heap     ] GC(253)      Free:     5178M (63%)        5172M (63%)        7896M (96%)        7970M (97%)        7970M (97%)        5172M (63%)    
[429.478s][info][gc,heap     ] GC(253)      Used:     3014M (37%)        3020M (37%)         296M (4%)          222M (3%)         3020M (37%)         222M (3%)     
[429.478s][info][gc,heap     ] GC(253)      Live:         -               176M (2%)          176M (2%)          176M (2%)             -                  -          
[429.478s][info][gc,heap     ] GC(253) Allocated:         -                 6M (0%)           12M (0%)           11M (0%)             -                  -          
[429.478s][info][gc,heap     ] GC(253)   Garbage:         -              2837M (35%)         107M (1%)           33M (0%)             -                  -          
[429.478s][info][gc,heap     ] GC(253) Reclaimed:         -                  -              2730M (33%)        2803M (34%)            -                  -          
[429.478s][info][gc          ] GC(253) Garbage Collection (System.gc()) 3014M(37%)->222M(3%)
[430.316s][info][gc,stats    ] === Garbage Collection Statistics =======================================================================================================================
[430.317s][info][gc,stats    ]                                                              Last 10s              Last 10m              Last 10h                Total
[430.317s][info][gc,stats    ]                                                              Avg / Max             Avg / Max             Avg / Max             Avg / Max
[430.317s][info][gc,stats    ]   Collector: Garbage Collection Cycle                    438.411 / 884.553     429.750 / 983.217     429.750 / 983.217     429.750 / 983.217     ms
[430.317s][info][gc,stats    ]  Contention: Mark Segment Reset Contention                     3 / 16                3 / 36                3 / 36                3 / 36          ops/s
[430.317s][info][gc,stats    ]  Contention: Mark SeqNum Reset Contention                      0 / 1                 0 / 2                 0 / 2                 0 / 2           ops/s
[430.317s][info][gc,stats    ]    Critical: Allocation Stall                                  0 / 0                 0 / 0                 0 / 0                 0 / 0           ops/s
[430.317s][info][gc,stats    ]    Critical: Allocation Stall                              0.000 / 0.000         0.000 / 0.000         0.000 / 0.000         0.000 / 0.000       ms
[430.317s][info][gc,stats    ]    Critical: GC Locker Stall                                   0 / 0                 0 / 0                 0 / 0                 0 / 0           ops/s
[430.317s][info][gc,stats    ]    Critical: GC Locker Stall                               0.000 / 0.000         0.000 / 0.000         0.000 / 0.000         0.000 / 0.000       ms
[430.317s][info][gc,stats    ]    Critical: Relocation Stall                                  0 / 0                 0 / 0                 0 / 0                 0 / 0           ops/s
[430.317s][info][gc,stats    ]    Critical: Relocation Stall                              0.000 / 0.000         0.000 / 0.000         0.000 / 0.000         0.000 / 0.000       ms
[430.317s][info][gc,stats    ]      Memory: Allocation Rate                                1719 / 2310           1617 / 3876           1617 / 3876           1617 / 3876        MB/s
[430.317s][info][gc,stats    ]      Memory: Out Of Memory                                     0 / 0                 0 / 0                 0 / 0                 0 / 0           ops/s
[430.317s][info][gc,stats    ]      Memory: Page Cache Flush                                  0 / 0                 0 / 0                 0 / 0                 0 / 0           MB/s
[430.317s][info][gc,stats    ]      Memory: Page Cache Hit L1                               801 / 1127            744 / 1729            744 / 1729            744 / 1729        ops/s
[430.317s][info][gc,stats    ]      Memory: Page Cache Hit L2                                 0 / 0                 0 / 0                 0 / 0                 0 / 0           ops/s
[430.317s][info][gc,stats    ]      Memory: Page Cache Hit L3                                 0 / 1                 5 / 527               5 / 527               5 / 527         ops/s
[430.317s][info][gc,stats    ]      Memory: Page Cache Miss                                   0 / 0                 0 / 1                 0 / 1                 0 / 1           ops/s
[430.317s][info][gc,stats    ]      Memory: Uncommit                                          0 / 0                 0 / 0                 0 / 0                 0 / 0           MB/s
[430.317s][info][gc,stats    ]      Memory: Undo Object Allocation Failed                     0 / 0                 0 / 1                 0 / 1                 0 / 1           ops/s
[430.317s][info][gc,stats    ]      Memory: Undo Object Allocation Succeeded                  0 / 0                 6 / 1333              6 / 1333              6 / 1333        ops/s
[430.317s][info][gc,stats    ]      Memory: Undo Page Allocation                              0 / 1                 0 / 2                 0 / 2                 0 / 2           ops/s
[430.317s][info][gc,stats    ]       Phase: Concurrent Mark                             332.315 / 627.500     327.313 / 972.666     327.313 / 972.666     327.313 / 972.666     ms
[430.317s][info][gc,stats    ]       Phase: Concurrent Mark Continue                      0.000 / 0.000         0.000 / 0.000         0.000 / 0.000         0.000 / 0.000       ms
[430.317s][info][gc,stats    ]       Phase: Concurrent Mark Free                          0.001 / 0.002         0.004 / 0.317         0.004 / 0.317         0.004 / 0.317       ms
[430.317s][info][gc,stats    ]       Phase: Concurrent Process Non-Strong References     12.187 / 13.303       10.603 / 15.785       10.603 / 15.785       10.603 / 15.785      ms
[430.317s][info][gc,stats    ]       Phase: Concurrent Relocate                          76.543 / 207.615      75.819 / 226.884      75.819 / 226.884      75.819 / 226.884     ms
[430.317s][info][gc,stats    ]       Phase: Concurrent Reset Relocation Set               0.041 / 0.096         0.039 / 0.139         0.039 / 0.139         0.039 / 0.139       ms
[430.317s][info][gc,stats    ]       Phase: Concurrent Select Relocation Set             16.333 / 36.293       14.865 / 41.971       14.865 / 41.971       14.865 / 41.971      ms
[430.317s][info][gc,stats    ]       Phase: Pause Mark End                                0.023 / 0.029         0.027 / 0.101         0.027 / 0.101         0.027 / 0.101       ms
[430.317s][info][gc,stats    ]       Phase: Pause Mark Start                              0.008 / 0.009         0.007 / 0.014         0.007 / 0.014         0.007 / 0.014       ms
[430.317s][info][gc,stats    ]       Phase: Pause Relocate Start                          0.015 / 0.033         0.013 / 0.037         0.013 / 0.037         0.013 / 0.037       ms
[430.317s][info][gc,stats    ]    Subphase: Concurrent Classes Purge                      0.562 / 1.010         0.438 / 1.010         0.438 / 1.010         0.438 / 1.010       ms
[430.317s][info][gc,stats    ]    Subphase: Concurrent Classes Unlink                    10.565 / 11.495        9.045 / 12.957        9.045 / 12.957        9.045 / 12.957      ms
[430.317s][info][gc,stats    ]    Subphase: Concurrent Mark                             325.891 / 623.986     319.233 / 969.741     319.233 / 969.741     319.233 / 969.741     ms
[430.317s][info][gc,stats    ]    Subphase: Concurrent Mark Try Flush                     0.208 / 0.600         0.227 / 15.555        0.227 / 15.555        0.227 / 15.555      ms
[430.317s][info][gc,stats    ]    Subphase: Concurrent Mark Try Terminate                 4.365 / 16.463        4.287 / 16.659        4.287 / 16.659        4.287 / 16.659      ms
[430.317s][info][gc,stats    ]    Subphase: Concurrent References Enqueue                 0.006 / 0.008         0.005 / 0.009         0.005 / 0.009         0.005 / 0.009       ms
[430.317s][info][gc,stats    ]    Subphase: Concurrent References Process                 0.177 / 0.243         0.190 / 0.610         0.190 / 0.610         0.190 / 0.610       ms
[430.317s][info][gc,stats    ]    Subphase: Concurrent Roots ClassLoaderDataGraph         0.129 / 0.301         0.120 / 0.376         0.120 / 0.376         0.120 / 0.376       ms
[430.317s][info][gc,stats    ]    Subphase: Concurrent Roots CodeCache                    0.000 / 0.000         0.000 / 0.000         0.000 / 0.000         0.000 / 0.000       ms
[430.317s][info][gc,stats    ]    Subphase: Concurrent Roots JavaThreads                  2.834 / 3.182         3.724 / 8.610         3.724 / 8.610         3.724 / 8.610       ms
[430.317s][info][gc,stats    ]    Subphase: Concurrent Roots OopStorageSet                0.052 / 0.071         0.048 / 0.149         0.048 / 0.149         0.048 / 0.149       ms
[430.317s][info][gc,stats    ]    Subphase: Concurrent Weak Roots OopStorageSet           0.604 / 0.847         0.602 / 1.117         0.602 / 1.117         0.602 / 1.117       ms
[430.317s][info][gc,stats    ]    Subphase: Pause Mark Try Complete                       0.000 / 0.000         0.009 / 0.024         0.009 / 0.024         0.009 / 0.024       ms
[430.317s][info][gc,stats    ]      System: Java Threads                                    264 / 265             253 / 267             253 / 267             253 / 267         threads
[430.317s][info][gc,stats    ] =========================================================================================================================================================
[431.727s][info][gc,start    ] GC(254) Garbage Collection (Allocation Rate)
[431.727s][info][gc,task     ] GC(254) Using 2 workers
[431.727s][info][gc,phases   ] GC(254) Pause Mark Start 0.009ms
[432.327s][info][gc,phases   ] GC(254) Concurrent Mark 599.501ms
[432.327s][info][gc,phases   ] GC(254) Pause Mark End 0.100ms
[432.327s][info][gc,phases   ] GC(254) Concurrent Mark Free 0.000ms
[432.340s][info][gc,phases   ] GC(254) Concurrent Process Non-Strong References 13.187ms
[432.340s][info][gc,phases   ] GC(254) Concurrent Reset Relocation Set 0.004ms
[432.371s][info][gc,phases   ] GC(254) Concurrent Select Relocation Set 30.826ms
[432.371s][info][gc,phases   ] GC(254) Pause Relocate Start 0.014ms
[432.572s][info][gc,phases   ] GC(254) Concurrent Relocate 200.877ms
[432.572s][info][gc,load     ] GC(254) Load: 0.00/0.00/0.00
[432.572s][info][gc,mmu      ] GC(254) MMU: 2ms/95.0%, 5ms/98.0%, 10ms/99.0%, 20ms/99.5%, 50ms/99.8%, 100ms/99.9%
[432.572s][info][gc,marking  ] GC(254) Mark: 2 stripe(s), 2 proactive flush(es), 1 terminate flush(es), 1 completion(s), 0 continuation(s) 
[432.572s][info][gc,marking  ] GC(254) Mark Stack Usage: 32M
[432.572s][info][gc,nmethod  ] GC(254) NMethods: 13267 registered, 850 unregistered
[432.572s][info][gc,metaspace] GC(254) Metaspace: 73M used, 74M committed, 1152M reserved
[432.573s][info][gc,ref      ] GC(254) Soft: 5950 encountered, 0 discovered, 0 enqueued
[432.573s][info][gc,ref      ] GC(254) Weak: 6743 encountered, 823 discovered, 23 enqueued
[432.573s][info][gc,ref      ] GC(254) Final: 53 encountered, 4 discovered, 0 enqueued
[432.573s][info][gc,ref      ] GC(254) Phantom: 588 encountered, 384 discovered, 0 enqueued
[432.573s][info][gc,reloc    ] GC(254) Small Pages: 2194 / 4388M, Empty: 2254M, Relocated: 166M, In-Place: 0
[432.573s][info][gc,reloc    ] GC(254) Medium Pages: 5 / 160M, Empty: 128M, Relocated: 0M, In-Place: 0
[432.573s][info][gc,reloc    ] GC(254) Large Pages: 30 / 212M, Empty: 154M, Relocated: 0M, In-Place: 0
[432.573s][info][gc,reloc    ] GC(254) Forwarding Usage: 133M
[432.573s][info][gc,heap     ] GC(254) Min Capacity: 8192M(100%)
[432.573s][info][gc,heap     ] GC(254) Max Capacity: 8192M(100%)
[432.573s][info][gc,heap     ] GC(254) Soft Max Capacity: 8192M(100%)
[432.573s][info][gc,heap     ] GC(254)                Mark Start          Mark End        Relocate Start      Relocate End           High               Low         
[432.573s][info][gc,heap     ] GC(254)  Capacity:     8192M (100%)       8192M (100%)       8192M (100%)       8192M (100%)       8192M (100%)       8192M (100%)   
[432.573s][info][gc,heap     ] GC(254)      Free:     3432M (42%)        3248M (40%)        5696M (70%)        7224M (88%)        7266M (89%)        3186M (39%)    
[432.573s][info][gc,heap     ] GC(254)      Used:     4760M (58%)        4944M (60%)        2496M (30%)         968M (12%)        5006M (61%)         926M (11%)    
[432.573s][info][gc,heap     ] GC(254)      Live:         -               400M (5%)          400M (5%)          400M (5%)             -                  -          
[432.573s][info][gc,heap     ] GC(254) Allocated:         -               184M (2%)          272M (3%)          533M (7%)             -                  -          
[432.573s][info][gc,heap     ] GC(254)   Garbage:         -              4359M (53%)        1823M (22%)          33M (0%)             -                  -          
[432.573s][info][gc,heap     ] GC(254) Reclaimed:         -                  -              2536M (31%)        4325M (53%)            -                  -          
[432.573s][info][gc          ] GC(254) Garbage Collection (Allocation Rate) 4760M(58%)->968M(12%)
[432.619s][info][gc,start    ] GC(255) Garbage Collection (Allocation Rate)
[432.619s][info][gc,task     ] GC(255) Using 2 workers
[432.619s][info][gc,phases   ] GC(255) Pause Mark Start 0.008ms
[432.841s][info][gc,phases   ] GC(255) Concurrent Mark 221.555ms
[432.841s][info][gc,phases   ] GC(255) Pause Mark End 0.021ms
[432.841s][info][gc,phases   ] GC(255) Concurrent Mark Free 0.001ms
[432.853s][info][gc,phases   ] GC(255) Concurrent Process Non-Strong References 12.540ms
[432.853s][info][gc,phases   ] GC(255) Concurrent Reset Relocation Set 0.098ms
[432.863s][info][gc,phases   ] GC(255) Concurrent Select Relocation Set 9.750ms
[432.863s][info][gc,phases   ] GC(255) Pause Relocate Start 0.013ms
[432.886s][info][gc,phases   ] GC(255) Concurrent Relocate 21.954ms
[432.886s][info][gc,load     ] GC(255) Load: 0.00/0.00/0.00
[432.886s][info][gc,mmu      ] GC(255) MMU: 2ms/95.0%, 5ms/98.0%, 10ms/99.0%, 20ms/99.5%, 50ms/99.8%, 100ms/99.9%
[432.886s][info][gc,marking  ] GC(255) Mark: 2 stripe(s), 2 proactive flush(es), 1 terminate flush(es), 0 completion(s), 0 continuation(s) 
[432.886s][info][gc,marking  ] GC(255) Mark Stack Usage: 32M
[432.886s][info][gc,nmethod  ] GC(255) NMethods: 13271 registered, 850 unregistered
[432.886s][info][gc,metaspace] GC(255) Metaspace: 73M used, 74M committed, 1152M reserved
[432.886s][info][gc,ref      ] GC(255) Soft: 5946 encountered, 0 discovered, 0 enqueued
[432.886s][info][gc,ref      ] GC(255) Weak: 6842 encountered, 982 discovered, 220 enqueued
[432.886s][info][gc,ref      ] GC(255) Final: 53 encountered, 0 discovered, 0 enqueued
[432.886s][info][gc,ref      ] GC(255) Phantom: 592 encountered, 553 discovered, 0 enqueued
[432.886s][info][gc,reloc    ] GC(255) Small Pages: 416 / 832M, Empty: 488M, Relocated: 17M, In-Place: 0
[432.886s][info][gc,reloc    ] GC(255) Medium Pages: 4 / 128M, Empty: 32M, Relocated: 14M, In-Place: 0
[432.886s][info][gc,reloc    ] GC(255) Large Pages: 17 / 118M, Empty: 94M, Relocated: 0M, In-Place: 0
[432.886s][info][gc,reloc    ] GC(255) Forwarding Usage: 17M
[432.886s][info][gc,heap     ] GC(255) Min Capacity: 8192M(100%)
[432.886s][info][gc,heap     ] GC(255) Max Capacity: 8192M(100%)
[432.886s][info][gc,heap     ] GC(255) Soft Max Capacity: 8192M(100%)
[432.886s][info][gc,heap     ] GC(255)                Mark Start          Mark End        Relocate Start      Relocate End           High               Low         
[432.886s][info][gc,heap     ] GC(255)  Capacity:     8192M (100%)       8192M (100%)       8192M (100%)       8192M (100%)       8192M (100%)       8192M (100%)   
[432.886s][info][gc,heap     ] GC(255)      Free:     7114M (87%)        6730M (82%)        7322M (89%)        7518M (92%)        7520M (92%)        6716M (82%)    
[432.886s][info][gc,heap     ] GC(255)      Used:     1078M (13%)        1462M (18%)         870M (11%)         674M (8%)         1476M (18%)         672M (8%)     
[432.886s][info][gc,heap     ] GC(255)      Live:         -               220M (3%)          220M (3%)          220M (3%)             -                  -          
[432.886s][info][gc,heap     ] GC(255) Allocated:         -               384M (5%)          406M (5%)          424M (5%)             -                  -          
[432.886s][info][gc,heap     ] GC(255)   Garbage:         -               857M (10%)         243M (3%)           29M (0%)             -                  -          
[432.886s][info][gc,heap     ] GC(255) Reclaimed:         -                  -               614M (7%)          828M (10%)            -                  -          
[432.886s][info][gc          ] GC(255) Garbage Collection (Allocation Rate) 1078M(13%)->674M(8%)
[434.045s][info][gc,start    ] GC(256) Garbage Collection (System.gc())
[434.045s][info][gc,task     ] GC(256) Using 2 workers
[434.045s][info][gc,phases   ] GC(256) Pause Mark Start 0.008ms
[434.184s][info][gc,phases   ] GC(256) Concurrent Mark 139.018ms
[434.184s][info][gc,phases   ] GC(256) Pause Mark End 0.026ms
[434.185s][info][gc,phases   ] GC(256) Concurrent Mark Free 0.002ms
[434.196s][info][gc,phases   ] GC(256) Concurrent Process Non-Strong References 11.796ms
[434.196s][info][gc,phases   ] GC(256) Concurrent Reset Relocation Set 0.010ms
[434.200s][info][gc,phases   ] GC(256) Concurrent Select Relocation Set 3.250ms
[434.200s][info][gc,phases   ] GC(256) Pause Relocate Start 0.010ms
[434.201s][info][gc,phases   ] GC(256) Concurrent Relocate 0.846ms
[434.201s][info][gc,load     ] GC(256) Load: 0.00/0.00/0.00
[434.201s][info][gc,mmu      ] GC(256) MMU: 2ms/95.0%, 5ms/98.0%, 10ms/99.0%, 20ms/99.5%, 50ms/99.8%, 100ms/99.9%
[434.201s][info][gc,marking  ] GC(256) Mark: 2 stripe(s), 2 proactive flush(es), 1 terminate flush(es), 0 completion(s), 0 continuation(s) 
[434.201s][info][gc,marking  ] GC(256) Mark Stack Usage: 32M
[434.201s][info][gc,nmethod  ] GC(256) NMethods: 13272 registered, 850 unregistered
[434.201s][info][gc,metaspace] GC(256) Metaspace: 73M used, 74M committed, 1152M reserved
[434.201s][info][gc,ref      ] GC(256) Soft: 5942 encountered, 0 discovered, 0 enqueued
[434.201s][info][gc,ref      ] GC(256) Weak: 6800 encountered, 885 discovered, 380 enqueued
[434.201s][info][gc,ref      ] GC(256) Final: 53 encountered, 4 discovered, 0 enqueued
[434.201s][info][gc,ref      ] GC(256) Phantom: 589 encountered, 288 discovered, 0 enqueued
[434.201s][info][gc,reloc    ] GC(256) Small Pages: 1268 / 2536M, Empty: 2292M, Relocated: 1M, In-Place: 0
[434.201s][info][gc,reloc    ] GC(256) Medium Pages: 9 / 288M, Empty: 256M, Relocated: 0M, In-Place: 0
[434.201s][info][gc,reloc    ] GC(256) Large Pages: 36 / 216M, Empty: 216M, Relocated: 0M, In-Place: 0
[434.201s][info][gc,reloc    ] GC(256) Forwarding Usage: 0M
[434.201s][info][gc,heap     ] GC(256) Min Capacity: 8192M(100%)
[434.201s][info][gc,heap     ] GC(256) Max Capacity: 8192M(100%)
[434.201s][info][gc,heap     ] GC(256) Soft Max Capacity: 8192M(100%)
[434.201s][info][gc,heap     ] GC(256)                Mark Start          Mark End        Relocate Start      Relocate End           High               Low         
[434.201s][info][gc,heap     ] GC(256)  Capacity:     8192M (100%)       8192M (100%)       8192M (100%)       8192M (100%)       8192M (100%)       8192M (100%)   
[434.201s][info][gc,heap     ] GC(256)      Free:     5152M (63%)        5150M (63%)        7904M (96%)        7970M (97%)        7970M (97%)        5150M (63%)    
[434.201s][info][gc,heap     ] GC(256)      Used:     3040M (37%)        3042M (37%)         288M (4%)          222M (3%)         3042M (37%)         222M (3%)     
[434.201s][info][gc,heap     ] GC(256)      Live:         -               176M (2%)          176M (2%)          176M (2%)             -                  -          
[434.201s][info][gc,heap     ] GC(256) Allocated:         -                 2M (0%)           12M (0%)           11M (0%)             -                  -          
[434.201s][info][gc,heap     ] GC(256)   Garbage:         -              2863M (35%)          99M (1%)           33M (0%)             -                  -          
[434.201s][info][gc,heap     ] GC(256) Reclaimed:         -                  -              2764M (34%)        2829M (35%)            -                  -          
[434.201s][info][gc          ] GC(256) Garbage Collection (System.gc()) 3040M(37%)->222M(3%)
[436.416s][info][gc,start    ] GC(257) Garbage Collection (Allocation Rate)
[436.416s][info][gc,task     ] GC(257) Using 2 workers
[436.417s][info][gc,phases   ] GC(257) Pause Mark Start 0.006ms
[437.041s][info][gc,phases   ] GC(257) Concurrent Mark 624.043ms
[437.041s][info][gc,phases   ] GC(257) Pause Mark End 0.019ms
[437.041s][info][gc,phases   ] GC(257) Concurrent Mark Free 0.001ms
[437.053s][info][gc,phases   ] GC(257) Concurrent Process Non-Strong References 11.819ms
[437.053s][info][gc,phases   ] GC(257) Concurrent Reset Relocation Set 0.003ms
[437.096s][info][gc,phases   ] GC(257) Concurrent Select Relocation Set 42.750ms
[437.096s][info][gc,phases   ] GC(257) Pause Relocate Start 0.011ms
[437.314s][info][gc,phases   ] GC(257) Concurrent Relocate 217.351ms
[437.314s][info][gc,load     ] GC(257) Load: 0.00/0.00/0.00
[437.314s][info][gc,mmu      ] GC(257) MMU: 2ms/95.0%, 5ms/98.0%, 10ms/99.0%, 20ms/99.5%, 50ms/99.8%, 100ms/99.9%
[437.314s][info][gc,marking  ] GC(257) Mark: 2 stripe(s), 2 proactive flush(es), 1 terminate flush(es), 0 completion(s), 0 continuation(s) 
[437.314s][info][gc,marking  ] GC(257) Mark Stack Usage: 32M
[437.314s][info][gc,nmethod  ] GC(257) NMethods: 13277 registered, 850 unregistered
[437.314s][info][gc,metaspace] GC(257) Metaspace: 73M used, 74M committed, 1152M reserved
[437.314s][info][gc,ref      ] GC(257) Soft: 5950 encountered, 0 discovered, 0 enqueued
[437.314s][info][gc,ref      ] GC(257) Weak: 6747 encountered, 948 discovered, 24 enqueued
[437.314s][info][gc,ref      ] GC(257) Final: 53 encountered, 4 discovered, 0 enqueued
[437.314s][info][gc,ref      ] GC(257) Phantom: 589 encountered, 321 discovered, 0 enqueued
[437.314s][info][gc,reloc    ] GC(257) Small Pages: 2191 / 4382M, Empty: 2138M, Relocated: 185M, In-Place: 0
[437.314s][info][gc,reloc    ] GC(257) Medium Pages: 5 / 160M, Empty: 128M, Relocated: 0M, In-Place: 0
[437.314s][info][gc,reloc    ] GC(257) Large Pages: 30 / 212M, Empty: 148M, Relocated: 0M, In-Place: 0
[437.314s][info][gc,reloc    ] GC(257) Forwarding Usage: 143M
[437.314s][info][gc,heap     ] GC(257) Min Capacity: 8192M(100%)
[437.314s][info][gc,heap     ] GC(257) Max Capacity: 8192M(100%)
[437.314s][info][gc,heap     ] GC(257) Soft Max Capacity: 8192M(100%)
[437.314s][info][gc,heap     ] GC(257)                Mark Start          Mark End        Relocate Start      Relocate End           High               Low         
[437.314s][info][gc,heap     ] GC(257)  Capacity:     8192M (100%)       8192M (100%)       8192M (100%)       8192M (100%)       8192M (100%)       8192M (100%)   
[437.314s][info][gc,heap     ] GC(257)      Free:     3438M (42%)        3176M (39%)        5520M (67%)        7076M (86%)        7108M (87%)        3162M (39%)    
[437.314s][info][gc,heap     ] GC(257)      Used:     4754M (58%)        5016M (61%)        2672M (33%)        1116M (14%)        5030M (61%)        1084M (13%)    
[437.314s][info][gc,heap     ] GC(257)      Live:         -               431M (5%)          431M (5%)          431M (5%)             -                  -          
[437.314s][info][gc,heap     ] GC(257) Allocated:         -               262M (3%)          332M (4%)          647M (8%)             -                  -          
[437.314s][info][gc,heap     ] GC(257)   Garbage:         -              4322M (53%)        1908M (23%)          37M (0%)             -                  -          
[437.314s][info][gc,heap     ] GC(257) Reclaimed:         -                  -              2414M (29%)        4285M (52%)            -                  -          
[437.314s][info][gc          ] GC(257) Garbage Collection (Allocation Rate) 4754M(58%)->1116M(14%)
[437.329s][info][gc,start    ] GC(258) Garbage Collection (Allocation Rate)
[437.329s][info][gc,task     ] GC(258) Using 2 workers
[437.329s][info][gc,phases   ] GC(258) Pause Mark Start 0.009ms
[437.551s][info][gc,phases   ] GC(258) Concurrent Mark 222.357ms
[437.552s][info][gc,phases   ] GC(258) Pause Mark End 0.022ms
[437.552s][info][gc,phases   ] GC(258) Concurrent Mark Free 0.001ms
[437.563s][info][gc,phases   ] GC(258) Concurrent Process Non-Strong References 11.680ms
[437.564s][info][gc,phases   ] GC(258) Concurrent Reset Relocation Set 0.104ms
[437.574s][info][gc,phases   ] GC(258) Concurrent Select Relocation Set 10.707ms
[437.574s][info][gc,phases   ] GC(258) Pause Relocate Start 0.022ms
[437.599s][info][gc,phases   ] GC(258) Concurrent Relocate 24.720ms
[437.599s][info][gc,load     ] GC(258) Load: 0.00/0.00/0.00
[437.599s][info][gc,mmu      ] GC(258) MMU: 2ms/95.0%, 5ms/98.0%, 10ms/99.0%, 20ms/99.5%, 50ms/99.8%, 100ms/99.9%
[437.599s][info][gc,marking  ] GC(258) Mark: 2 stripe(s), 2 proactive flush(es), 1 terminate flush(es), 0 completion(s), 0 continuation(s) 
[437.599s][info][gc,marking  ] GC(258) Mark Stack Usage: 32M
[437.599s][info][gc,nmethod  ] GC(258) NMethods: 13277 registered, 850 unregistered
[437.599s][info][gc,metaspace] GC(258) Metaspace: 73M used, 74M committed, 1152M reserved
[437.599s][info][gc,ref      ] GC(258) Soft: 5946 encountered, 0 discovered, 0 enqueued
[437.599s][info][gc,ref      ] GC(258) Weak: 6826 encountered, 993 discovered, 220 enqueued
[437.599s][info][gc,ref      ] GC(258) Final: 53 encountered, 2 discovered, 0 enqueued
[437.599s][info][gc,ref      ] GC(258) Phantom: 590 encountered, 311 discovered, 0 enqueued
[437.599s][info][gc,reloc    ] GC(258) Small Pages: 443 / 886M, Empty: 514M, Relocated: 20M, In-Place: 0
[437.599s][info][gc,reloc    ] GC(258) Medium Pages: 4 / 128M, Empty: 96M, Relocated: 0M, In-Place: 0
[437.599s][info][gc,reloc    ] GC(258) Large Pages: 18 / 124M, Empty: 100M, Relocated: 0M, In-Place: 0
[437.599s][info][gc,reloc    ] GC(258) Forwarding Usage: 20M
[437.599s][info][gc,heap     ] GC(258) Min Capacity: 8192M(100%)
[437.599s][info][gc,heap     ] GC(258) Max Capacity: 8192M(100%)
[437.599s][info][gc,heap     ] GC(258) Soft Max Capacity: 8192M(100%)
[437.599s][info][gc,heap     ] GC(258)                Mark Start          Mark End        Relocate Start      Relocate End           High               Low         
[437.599s][info][gc,heap     ] GC(258)  Capacity:     8192M (100%)       8192M (100%)       8192M (100%)       8192M (100%)       8192M (100%)       8192M (100%)   
[437.599s][info][gc,heap     ] GC(258)      Free:     7054M (86%)        6680M (82%)        7374M (90%)        7534M (92%)        7534M (92%)        6672M (81%)    
[437.599s][info][gc,heap     ] GC(258)      Used:     1138M (14%)        1512M (18%)         818M (10%)         658M (8%)         1520M (19%)         658M (8%)     
[437.599s][info][gc,heap     ] GC(258)      Live:         -               218M (3%)          218M (3%)          218M (3%)             -                  -          
[437.599s][info][gc,heap     ] GC(258) Allocated:         -               374M (5%)          390M (5%)          408M (5%)             -                  -          
[437.599s][info][gc,heap     ] GC(258)   Garbage:         -               919M (11%)         209M (3%)           31M (0%)             -                  -          
[437.599s][info][gc,heap     ] GC(258) Reclaimed:         -                  -               710M (9%)          888M (11%)            -                  -          
[437.599s][info][gc          ] GC(258) Garbage Collection (Allocation Rate) 1138M(14%)->658M(8%)
[438.884s][info][gc,start    ] GC(259) Garbage Collection (System.gc())
[438.884s][info][gc,task     ] GC(259) Using 2 workers
[438.884s][info][gc,phases   ] GC(259) Pause Mark Start 0.005ms
[439.016s][info][gc,phases   ] GC(259) Concurrent Mark 131.256ms
[439.016s][info][gc,phases   ] GC(259) Pause Mark End 0.014ms
[439.016s][info][gc,phases   ] GC(259) Concurrent Mark Free 0.001ms
[439.027s][info][gc,phases   ] GC(259) Concurrent Process Non-Strong References 11.384ms
[439.027s][info][gc,phases   ] GC(259) Concurrent Reset Relocation Set 0.009ms
[439.031s][info][gc,phases   ] GC(259) Concurrent Select Relocation Set 3.579ms
[439.031s][info][gc,phases   ] GC(259) Pause Relocate Start 0.011ms
[439.032s][info][gc,phases   ] GC(259) Concurrent Relocate 1.224ms
[439.032s][info][gc,load     ] GC(259) Load: 0.00/0.00/0.00
[439.032s][info][gc,mmu      ] GC(259) MMU: 2ms/95.0%, 5ms/98.0%, 10ms/99.0%, 20ms/99.5%, 50ms/99.8%, 100ms/99.9%
[439.032s][info][gc,marking  ] GC(259) Mark: 2 stripe(s), 2 proactive flush(es), 1 terminate flush(es), 0 completion(s), 0 continuation(s) 
[439.032s][info][gc,marking  ] GC(259) Mark Stack Usage: 32M
[439.032s][info][gc,nmethod  ] GC(259) NMethods: 13278 registered, 850 unregistered
[439.032s][info][gc,metaspace] GC(259) Metaspace: 73M used, 74M committed, 1152M reserved
[439.032s][info][gc,ref      ] GC(259) Soft: 5942 encountered, 0 discovered, 0 enqueued
[439.032s][info][gc,ref      ] GC(259) Weak: 6798 encountered, 1147 discovered, 379 enqueued
[439.032s][info][gc,ref      ] GC(259) Final: 53 encountered, 4 discovered, 0 enqueued
[439.032s][info][gc,ref      ] GC(259) Phantom: 588 encountered, 237 discovered, 0 enqueued
[439.032s][info][gc,reloc    ] GC(259) Small Pages: 1254 / 2508M, Empty: 2246M, Relocated: 1M, In-Place: 0
[439.032s][info][gc,reloc    ] GC(259) Medium Pages: 9 / 288M, Empty: 256M, Relocated: 0M, In-Place: 0
[439.033s][info][gc,reloc    ] GC(259) Large Pages: 30 / 180M, Empty: 180M, Relocated: 0M, In-Place: 0
[439.033s][info][gc,reloc    ] GC(259) Forwarding Usage: 0M
[439.033s][info][gc,heap     ] GC(259) Min Capacity: 8192M(100%)
[439.033s][info][gc,heap     ] GC(259) Max Capacity: 8192M(100%)
[439.033s][info][gc,heap     ] GC(259) Soft Max Capacity: 8192M(100%)
[439.033s][info][gc,heap     ] GC(259)                Mark Start          Mark End        Relocate Start      Relocate End           High               Low         
[439.033s][info][gc,heap     ] GC(259)  Capacity:     8192M (100%)       8192M (100%)       8192M (100%)       8192M (100%)       8192M (100%)       8192M (100%)   
[439.033s][info][gc,heap     ] GC(259)      Free:     5216M (64%)        5214M (64%)        7888M (96%)        7970M (97%)        7970M (97%)        5214M (64%)    
[439.033s][info][gc,heap     ] GC(259)      Used:     2976M (36%)        2978M (36%)         304M (4%)          222M (3%)         2978M (36%)         222M (3%)     
[439.033s][info][gc,heap     ] GC(259)      Live:         -               176M (2%)          176M (2%)          176M (2%)             -                  -          
[439.033s][info][gc,heap     ] GC(259) Allocated:         -                 2M (0%)           10M (0%)           12M (0%)             -                  -          
[439.033s][info][gc,heap     ] GC(259)   Garbage:         -              2799M (34%)         117M (1%)           33M (0%)             -                  -          
[439.033s][info][gc,heap     ] GC(259) Reclaimed:         -                  -              2682M (33%)        2766M (34%)            -                  -          
[439.033s][info][gc          ] GC(259) Garbage Collection (System.gc()) 2976M(36%)->222M(3%)
[440.323s][info][gc,stats    ] === Garbage Collection Statistics =======================================================================================================================
[440.323s][info][gc,stats    ]                                                              Last 10s              Last 10m              Last 10h                Total
[440.323s][info][gc,stats    ]                                                              Avg / Max             Avg / Max             Avg / Max             Avg / Max
[440.323s][info][gc,stats    ]   Collector: Garbage Collection Cycle                    430.674 / 897.173     429.771 / 983.217     429.771 / 983.217     429.771 / 983.217     ms
[440.323s][info][gc,stats    ]  Contention: Mark Segment Reset Contention                     3 / 22                3 / 36                3 / 36                3 / 36          ops/s
[440.323s][info][gc,stats    ]  Contention: Mark SeqNum Reset Contention                      0 / 0                 0 / 2                 0 / 2                 0 / 2           ops/s
[440.323s][info][gc,stats    ]    Critical: Allocation Stall                                  0 / 0                 0 / 0                 0 / 0                 0 / 0           ops/s
[440.323s][info][gc,stats    ]    Critical: Allocation Stall                              0.000 / 0.000         0.000 / 0.000         0.000 / 0.000         0.000 / 0.000       ms
[440.323s][info][gc,stats    ]    Critical: GC Locker Stall                                   0 / 0                 0 / 0                 0 / 0                 0 / 0           ops/s
[440.323s][info][gc,stats    ]    Critical: GC Locker Stall                               0.000 / 0.000         0.000 / 0.000         0.000 / 0.000         0.000 / 0.000       ms
[440.323s][info][gc,stats    ]    Critical: Relocation Stall                                  0 / 0                 0 / 0                 0 / 0                 0 / 0           ops/s
[440.323s][info][gc,stats    ]    Critical: Relocation Stall                              0.000 / 0.000         0.000 / 0.000         0.000 / 0.000         0.000 / 0.000       ms
[440.323s][info][gc,stats    ]      Memory: Allocation Rate                                1600 / 2080           1616 / 3876           1616 / 3876           1616 / 3876        MB/s
[440.323s][info][gc,stats    ]      Memory: Out Of Memory                                     0 / 0                 0 / 0                 0 / 0                 0 / 0           ops/s
[440.323s][info][gc,stats    ]      Memory: Page Cache Flush                                  0 / 0                 0 / 0                 0 / 0                 0 / 0           MB/s
[440.323s][info][gc,stats    ]      Memory: Page Cache Hit L1                               743 / 968             744 / 1729            744 / 1729            744 / 1729        ops/s
[440.323s][info][gc,stats    ]      Memory: Page Cache Hit L2                                 0 / 0                 0 / 0                 0 / 0                 0 / 0           ops/s
[440.323s][info][gc,stats    ]      Memory: Page Cache Hit L3                                 0 / 0                 5 / 527               5 / 527               5 / 527         ops/s
[440.323s][info][gc,stats    ]      Memory: Page Cache Miss                                   0 / 0                 0 / 1                 0 / 1                 0 / 1           ops/s
[440.323s][info][gc,stats    ]      Memory: Uncommit                                          0 / 0                 0 / 0                 0 / 0                 0 / 0           MB/s
[440.323s][info][gc,stats    ]      Memory: Undo Object Allocation Failed                     0 / 0                 0 / 1                 0 / 1                 0 / 1           ops/s
[440.323s][info][gc,stats    ]      Memory: Undo Object Allocation Succeeded                  1 / 17                6 / 1333              6 / 1333              6 / 1333        ops/s
[440.323s][info][gc,stats    ]      Memory: Undo Page Allocation                              0 / 0                 0 / 2                 0 / 2                 0 / 2           ops/s
[440.323s][info][gc,stats    ]       Phase: Concurrent Mark                             322.955 / 624.043     327.213 / 972.666     327.213 / 972.666     327.213 / 972.666     ms
[440.323s][info][gc,stats    ]       Phase: Concurrent Mark Continue                      0.000 / 0.000         0.000 / 0.000         0.000 / 0.000         0.000 / 0.000       ms
[440.323s][info][gc,stats    ]       Phase: Concurrent Mark Free                          0.001 / 0.002         0.004 / 0.317         0.004 / 0.317         0.004 / 0.317       ms
[440.323s][info][gc,stats    ]       Phase: Concurrent Process Non-Strong References     12.068 / 13.187       10.637 / 15.785       10.637 / 15.785       10.637 / 15.785      ms
[440.323s][info][gc,stats    ]       Phase: Concurrent Relocate                          77.828 / 217.351      75.865 / 226.884      75.865 / 226.884      75.865 / 226.884     ms
[440.323s][info][gc,stats    ]       Phase: Concurrent Reset Relocation Set               0.038 / 0.104         0.039 / 0.139         0.039 / 0.139         0.039 / 0.139       ms
[440.323s][info][gc,stats    ]       Phase: Concurrent Select Relocation Set             16.810 / 42.750       14.910 / 42.750       14.910 / 42.750       14.910 / 42.750      ms
[440.323s][info][gc,stats    ]       Phase: Pause Mark End                                0.034 / 0.100         0.027 / 0.101         0.027 / 0.101         0.027 / 0.101       ms
[440.323s][info][gc,stats    ]       Phase: Pause Mark Start                              0.007 / 0.009         0.007 / 0.014         0.007 / 0.014         0.007 / 0.014       ms
[440.323s][info][gc,stats    ]       Phase: Pause Relocate Start                          0.013 / 0.022         0.013 / 0.037         0.013 / 0.037         0.013 / 0.037       ms
[440.323s][info][gc,stats    ]    Subphase: Concurrent Classes Purge                      0.500 / 0.560         0.439 / 1.010         0.439 / 1.010         0.439 / 1.010       ms
[440.323s][info][gc,stats    ]    Subphase: Concurrent Classes Unlink                    10.551 / 11.801        9.080 / 12.957        9.080 / 12.957        9.080 / 12.957      ms
[440.323s][info][gc,stats    ]    Subphase: Concurrent Mark                             315.512 / 620.861     319.147 / 969.741     319.147 / 969.741     319.147 / 969.741     ms
[440.323s][info][gc,stats    ]    Subphase: Concurrent Mark Try Flush                     0.162 / 0.342         0.226 / 15.555        0.226 / 15.555        0.226 / 15.555      ms
[440.323s][info][gc,stats    ]    Subphase: Concurrent Mark Try Terminate                 3.210 / 14.179        4.266 / 16.659        4.266 / 16.659        4.266 / 16.659      ms
[440.323s][info][gc,stats    ]    Subphase: Concurrent References Enqueue                 0.006 / 0.007         0.005 / 0.009         0.005 / 0.009         0.005 / 0.009       ms
[440.323s][info][gc,stats    ]    Subphase: Concurrent References Process                 0.156 / 0.237         0.189 / 0.610         0.189 / 0.610         0.189 / 0.610       ms
[440.323s][info][gc,stats    ]    Subphase: Concurrent Roots ClassLoaderDataGraph         0.116 / 0.235         0.120 / 0.376         0.120 / 0.376         0.120 / 0.376       ms
[440.323s][info][gc,stats    ]    Subphase: Concurrent Roots CodeCache                    0.000 / 0.000         0.000 / 0.000         0.000 / 0.000         0.000 / 0.000       ms
[440.323s][info][gc,stats    ]    Subphase: Concurrent Roots JavaThreads                  2.783 / 3.146         3.702 / 8.610         3.702 / 8.610         3.702 / 8.610       ms
[440.323s][info][gc,stats    ]    Subphase: Concurrent Roots OopStorageSet                0.045 / 0.062         0.048 / 0.149         0.048 / 0.149         0.048 / 0.149       ms
[440.323s][info][gc,stats    ]    Subphase: Concurrent Weak Roots OopStorageSet           0.598 / 0.952         0.602 / 1.117         0.602 / 1.117         0.602 / 1.117       ms
[440.323s][info][gc,stats    ]    Subphase: Pause Mark Try Complete                       0.014 / 0.016         0.009 / 0.024         0.009 / 0.024         0.009 / 0.024       ms
[440.323s][info][gc,stats    ]      System: Java Threads                                    262 / 265             253 / 267             253 / 267             253 / 267         threads
[440.323s][info][gc,stats    ] =========================================================================================================================================================
[441.315s][info][gc,start    ] GC(260) Garbage Collection (Allocation Rate)
[441.315s][info][gc,task     ] GC(260) Using 2 workers
[441.315s][info][gc,phases   ] GC(260) Pause Mark Start 0.009ms
[441.920s][info][gc,phases   ] GC(260) Concurrent Mark 604.938ms
[441.921s][info][gc,phases   ] GC(260) Pause Mark End 0.021ms
[441.921s][info][gc,phases   ] GC(260) Concurrent Mark Free 0.001ms
[441.934s][info][gc,phases   ] GC(260) Concurrent Process Non-Strong References 12.803ms
[441.934s][info][gc,phases   ] GC(260) Concurrent Reset Relocation Set 0.005ms
[441.970s][info][gc,phases   ] GC(260) Concurrent Select Relocation Set 35.864ms
[441.970s][info][gc,phases   ] GC(260) Pause Relocate Start 0.011ms
[442.175s][info][gc,phases   ] GC(260) Concurrent Relocate 205.625ms
[442.176s][info][gc,load     ] GC(260) Load: 0.00/0.00/0.00
[442.176s][info][gc,mmu      ] GC(260) MMU: 2ms/95.0%, 5ms/98.0%, 10ms/99.0%, 20ms/99.5%, 50ms/99.8%, 100ms/99.9%
[442.176s][info][gc,marking  ] GC(260) Mark: 2 stripe(s), 2 proactive flush(es), 1 terminate flush(es), 0 completion(s), 0 continuation(s) 
[442.176s][info][gc,marking  ] GC(260) Mark Stack Usage: 32M
[442.176s][info][gc,nmethod  ] GC(260) NMethods: 13278 registered, 850 unregistered
[442.176s][info][gc,metaspace] GC(260) Metaspace: 73M used, 74M committed, 1152M reserved
[442.176s][info][gc,ref      ] GC(260) Soft: 5950 encountered, 0 discovered, 0 enqueued
[442.176s][info][gc,ref      ] GC(260) Weak: 6743 encountered, 846 discovered, 23 enqueued
[442.176s][info][gc,ref      ] GC(260) Final: 53 encountered, 0 discovered, 0 enqueued
[442.176s][info][gc,ref      ] GC(260) Phantom: 588 encountered, 287 discovered, 0 enqueued
[442.176s][info][gc,reloc    ] GC(260) Small Pages: 2204 / 4408M, Empty: 2250M, Relocated: 169M, In-Place: 0
[442.176s][info][gc,reloc    ] GC(260) Medium Pages: 5 / 160M, Empty: 96M, Relocated: 10M, In-Place: 0
[442.176s][info][gc,reloc    ] GC(260) Large Pages: 30 / 212M, Empty: 154M, Relocated: 0M, In-Place: 0
[442.176s][info][gc,reloc    ] GC(260) Forwarding Usage: 135M
[442.176s][info][gc,heap     ] GC(260) Min Capacity: 8192M(100%)
[442.176s][info][gc,heap     ] GC(260) Max Capacity: 8192M(100%)
[442.176s][info][gc,heap     ] GC(260) Soft Max Capacity: 8192M(100%)
[442.176s][info][gc,heap     ] GC(260)                Mark Start          Mark End        Relocate Start      Relocate End           High               Low         
[442.176s][info][gc,heap     ] GC(260)  Capacity:     8192M (100%)       8192M (100%)       8192M (100%)       8192M (100%)       8192M (100%)       8192M (100%)   
[442.176s][info][gc,heap     ] GC(260)      Free:     3412M (42%)        3194M (39%)        5638M (69%)        7210M (88%)        7242M (88%)        3178M (39%)    
[442.176s][info][gc,heap     ] GC(260)      Used:     4780M (58%)        4998M (61%)        2554M (31%)         982M (12%)        5014M (61%)         950M (12%)    
[442.176s][info][gc,heap     ] GC(260)      Live:         -               402M (5%)          402M (5%)          402M (5%)             -                  -          
[442.176s][info][gc,heap     ] GC(260) Allocated:         -               218M (3%)          274M (3%)          547M (7%)             -                  -          
[442.176s][info][gc,heap     ] GC(260)   Garbage:         -              4377M (53%)        1877M (23%)          31M (0%)             -                  -          
[442.176s][info][gc,heap     ] GC(260) Reclaimed:         -                  -              2500M (31%)        4345M (53%)            -                  -          
[442.176s][info][gc          ] GC(260) Garbage Collection (Allocation Rate) 4780M(58%)->982M(12%)
[442.225s][info][gc,start    ] GC(261) Garbage Collection (Allocation Rate)
[442.225s][info][gc,task     ] GC(261) Using 2 workers
[442.225s][info][gc,phases   ] GC(261) Pause Mark Start 0.008ms
[442.466s][info][gc,phases   ] GC(261) Concurrent Mark 240.747ms
[442.466s][info][gc,phases   ] GC(261) Pause Mark End 0.029ms
[442.466s][info][gc,phases   ] GC(261) Concurrent Mark Free 0.001ms
[442.478s][info][gc,phases   ] GC(261) Concurrent Process Non-Strong References 11.745ms
[442.478s][info][gc,phases   ] GC(261) Concurrent Reset Relocation Set 0.117ms
[442.489s][info][gc,phases   ] GC(261) Concurrent Select Relocation Set 10.922ms
[442.489s][info][gc,phases   ] GC(261) Pause Relocate Start 0.012ms
[442.517s][info][gc,phases   ] GC(261) Concurrent Relocate 27.655ms
[442.517s][info][gc,load     ] GC(261) Load: 0.00/0.00/0.00
[442.517s][info][gc,mmu      ] GC(261) MMU: 2ms/95.0%, 5ms/98.0%, 10ms/99.0%, 20ms/99.5%, 50ms/99.8%, 100ms/99.9%
[442.517s][info][gc,marking  ] GC(261) Mark: 2 stripe(s), 2 proactive flush(es), 1 terminate flush(es), 0 completion(s), 0 continuation(s) 
[442.517s][info][gc,marking  ] GC(261) Mark Stack Usage: 32M
[442.517s][info][gc,nmethod  ] GC(261) NMethods: 13279 registered, 850 unregistered
[442.517s][info][gc,metaspace] GC(261) Metaspace: 73M used, 74M committed, 1152M reserved
[442.517s][info][gc,ref      ] GC(261) Soft: 5946 encountered, 0 discovered, 0 enqueued
[442.517s][info][gc,ref      ] GC(261) Weak: 6822 encountered, 930 discovered, 220 enqueued
[442.517s][info][gc,ref      ] GC(261) Final: 53 encountered, 0 discovered, 0 enqueued
[442.517s][info][gc,ref      ] GC(261) Phantom: 591 encountered, 343 discovered, 0 enqueued
[442.517s][info][gc,reloc    ] GC(261) Small Pages: 421 / 842M, Empty: 466M, Relocated: 22M, In-Place: 0
[442.517s][info][gc,reloc    ] GC(261) Medium Pages: 3 / 96M, Empty: 64M, Relocated: 0M, In-Place: 0
[442.517s][info][gc,reloc    ] GC(261) Large Pages: 17 / 118M, Empty: 94M, Relocated: 0M, In-Place: 0
[442.517s][info][gc,reloc    ] GC(261) Forwarding Usage: 22M
[442.517s][info][gc,heap     ] GC(261) Min Capacity: 8192M(100%)
[442.517s][info][gc,heap     ] GC(261) Max Capacity: 8192M(100%)
[442.517s][info][gc,heap     ] GC(261) Soft Max Capacity: 8192M(100%)
[442.517s][info][gc,heap     ] GC(261)                Mark Start          Mark End        Relocate Start      Relocate End           High               Low         
[442.517s][info][gc,heap     ] GC(261)  Capacity:     8192M (100%)       8192M (100%)       8192M (100%)       8192M (100%)       8192M (100%)       8192M (100%)   
[442.517s][info][gc,heap     ] GC(261)      Free:     7136M (87%)        6748M (82%)        7352M (90%)        7506M (92%)        7506M (92%)        6734M (82%)    
[442.517s][info][gc,heap     ] GC(261)      Used:     1056M (13%)        1444M (18%)         840M (10%)         686M (8%)         1458M (18%)         686M (8%)     
[442.517s][info][gc,heap     ] GC(261)      Live:         -               220M (3%)          220M (3%)          220M (3%)             -                  -          
[442.517s][info][gc,heap     ] GC(261) Allocated:         -               388M (5%)          408M (5%)          432M (5%)             -                  -          
[442.517s][info][gc,heap     ] GC(261)   Garbage:         -               835M (10%)         211M (3%)           33M (0%)             -                  -          
[442.517s][info][gc,heap     ] GC(261) Reclaimed:         -                  -               624M (8%)          802M (10%)            -                  -          
[442.517s][info][gc          ] GC(261) Garbage Collection (Allocation Rate) 1056M(13%)->686M(8%)
[443.654s][info][gc,start    ] GC(262) Garbage Collection (System.gc())
[443.654s][info][gc,task     ] GC(262) Using 2 workers
[443.654s][info][gc,phases   ] GC(262) Pause Mark Start 0.005ms
[443.785s][info][gc,phases   ] GC(262) Concurrent Mark 130.903ms
[443.786s][info][gc,phases   ] GC(262) Pause Mark End 0.017ms
[443.786s][info][gc,phases   ] GC(262) Concurrent Mark Free 0.001ms
[443.797s][info][gc,phases   ] GC(262) Concurrent Process Non-Strong References 11.518ms
[443.797s][info][gc,phases   ] GC(262) Concurrent Reset Relocation Set 0.011ms
[443.801s][info][gc,phases   ] GC(262) Concurrent Select Relocation Set 3.398ms
[443.801s][info][gc,phases   ] GC(262) Pause Relocate Start 0.009ms
[443.802s][info][gc,phases   ] GC(262) Concurrent Relocate 1.010ms
[443.802s][info][gc,load     ] GC(262) Load: 0.00/0.00/0.00
[443.802s][info][gc,mmu      ] GC(262) MMU: 2ms/95.0%, 5ms/98.0%, 10ms/99.0%, 20ms/99.5%, 50ms/99.8%, 100ms/99.9%
[443.802s][info][gc,marking  ] GC(262) Mark: 2 stripe(s), 2 proactive flush(es), 1 terminate flush(es), 0 completion(s), 0 continuation(s) 
[443.802s][info][gc,marking  ] GC(262) Mark Stack Usage: 32M
[443.802s][info][gc,nmethod  ] GC(262) NMethods: 13281 registered, 850 unregistered
[443.802s][info][gc,metaspace] GC(262) Metaspace: 73M used, 74M committed, 1152M reserved
[443.802s][info][gc,ref      ] GC(262) Soft: 5942 encountered, 0 discovered, 0 enqueued
[443.802s][info][gc,ref      ] GC(262) Weak: 6800 encountered, 1218 discovered, 380 enqueued
[443.802s][info][gc,ref      ] GC(262) Final: 53 encountered, 4 discovered, 0 enqueued
[443.802s][info][gc,ref      ] GC(262) Phantom: 588 encountered, 287 discovered, 0 enqueued
[443.802s][info][gc,reloc    ] GC(262) Small Pages: 1254 / 2508M, Empty: 2248M, Relocated: 1M, In-Place: 0
[443.802s][info][gc,reloc    ] GC(262) Medium Pages: 9 / 288M, Empty: 256M, Relocated: 0M, In-Place: 0
[443.802s][info][gc,reloc    ] GC(262) Large Pages: 36 / 216M, Empty: 216M, Relocated: 0M, In-Place: 0
[443.802s][info][gc,reloc    ] GC(262) Forwarding Usage: 0M
[443.802s][info][gc,heap     ] GC(262) Min Capacity: 8192M(100%)
[443.802s][info][gc,heap     ] GC(262) Max Capacity: 8192M(100%)
[443.802s][info][gc,heap     ] GC(262) Soft Max Capacity: 8192M(100%)
[443.802s][info][gc,heap     ] GC(262)                Mark Start          Mark End        Relocate Start      Relocate End           High               Low         
[443.802s][info][gc,heap     ] GC(262)  Capacity:     8192M (100%)       8192M (100%)       8192M (100%)       8192M (100%)       8192M (100%)       8192M (100%)   
[443.802s][info][gc,heap     ] GC(262)      Free:     5180M (63%)        5178M (63%)        7890M (96%)        7972M (97%)        7972M (97%)        5178M (63%)    
[443.802s][info][gc,heap     ] GC(262)      Used:     3012M (37%)        3014M (37%)         302M (4%)          220M (3%)         3014M (37%)         220M (3%)     
[443.802s][info][gc,heap     ] GC(262)      Live:         -               176M (2%)          176M (2%)          176M (2%)             -                  -          
[443.802s][info][gc,heap     ] GC(262) Allocated:         -                 2M (0%)           10M (0%)            9M (0%)             -                  -          
[443.802s][info][gc,heap     ] GC(262)   Garbage:         -              2835M (35%)         115M (1%)           33M (0%)             -                  -          
[443.802s][info][gc,heap     ] GC(262) Reclaimed:         -                  -              2720M (33%)        2801M (34%)            -                  -          
[443.802s][info][gc          ] GC(262) Garbage Collection (System.gc()) 3012M(37%)->220M(3%)
[446.017s][info][gc,start    ] GC(263) Garbage Collection (Allocation Rate)
[446.017s][info][gc,task     ] GC(263) Using 2 workers
[446.017s][info][gc,phases   ] GC(263) Pause Mark Start 0.008ms
[446.666s][info][gc,phases   ] GC(263) Concurrent Mark 648.345ms
[446.666s][info][gc,phases   ] GC(263) Pause Mark End 0.028ms
[446.666s][info][gc,phases   ] GC(263) Concurrent Mark Free 0.001ms
[446.678s][info][gc,phases   ] GC(263) Concurrent Process Non-Strong References 12.569ms
[446.678s][info][gc,phases   ] GC(263) Concurrent Reset Relocation Set 0.004ms
[446.711s][info][gc,phases   ] GC(263) Concurrent Select Relocation Set 32.701ms
[446.711s][info][gc,phases   ] GC(263) Pause Relocate Start 0.021ms
[446.931s][info][gc,phases   ] GC(263) Concurrent Relocate 219.855ms
[446.931s][info][gc,load     ] GC(263) Load: 0.00/0.00/0.00
[446.931s][info][gc,mmu      ] GC(263) MMU: 2ms/95.0%, 5ms/98.0%, 10ms/99.0%, 20ms/99.5%, 50ms/99.8%, 100ms/99.9%
[446.931s][info][gc,marking  ] GC(263) Mark: 2 stripe(s), 2 proactive flush(es), 1 terminate flush(es), 0 completion(s), 0 continuation(s) 
[446.931s][info][gc,marking  ] GC(263) Mark Stack Usage: 32M
[446.931s][info][gc,nmethod  ] GC(263) NMethods: 13287 registered, 850 unregistered
[446.931s][info][gc,metaspace] GC(263) Metaspace: 73M used, 74M committed, 1152M reserved
[446.931s][info][gc,ref      ] GC(263) Soft: 5950 encountered, 0 discovered, 0 enqueued
[446.931s][info][gc,ref      ] GC(263) Weak: 6739 encountered, 717 discovered, 22 enqueued
[446.931s][info][gc,ref      ] GC(263) Final: 53 encountered, 0 discovered, 0 enqueued
[446.931s][info][gc,ref      ] GC(263) Phantom: 588 encountered, 287 discovered, 0 enqueued
[446.931s][info][gc,reloc    ] GC(263) Small Pages: 2193 / 4386M, Empty: 2138M, Relocated: 190M, In-Place: 0
[446.931s][info][gc,reloc    ] GC(263) Medium Pages: 5 / 160M, Empty: 128M, Relocated: 0M, In-Place: 0
[446.931s][info][gc,reloc    ] GC(263) Large Pages: 30 / 212M, Empty: 148M, Relocated: 0M, In-Place: 0
[446.931s][info][gc,reloc    ] GC(263) Forwarding Usage: 145M
[446.931s][info][gc,heap     ] GC(263) Min Capacity: 8192M(100%)
[446.931s][info][gc,heap     ] GC(263) Max Capacity: 8192M(100%)
[446.931s][info][gc,heap     ] GC(263) Soft Max Capacity: 8192M(100%)
[446.932s][info][gc,heap     ] GC(263)                Mark Start          Mark End        Relocate Start      Relocate End           High               Low         
[446.932s][info][gc,heap     ] GC(263)  Capacity:     8192M (100%)       8192M (100%)       8192M (100%)       8192M (100%)       8192M (100%)       8192M (100%)   
[446.932s][info][gc,heap     ] GC(263)      Free:     3434M (42%)        3160M (39%)        5518M (67%)        7072M (86%)        7110M (87%)        3142M (38%)    
[446.932s][info][gc,heap     ] GC(263)      Used:     4758M (58%)        5032M (61%)        2674M (33%)        1120M (14%)        5050M (62%)        1082M (13%)    
[446.932s][info][gc,heap     ] GC(263)      Live:         -               431M (5%)          431M (5%)          431M (5%)             -                  -          
[446.932s][info][gc,heap     ] GC(263) Allocated:         -               274M (3%)          330M (4%)          653M (8%)             -                  -          
[446.932s][info][gc,heap     ] GC(263)   Garbage:         -              4326M (53%)        1912M (23%)          34M (0%)             -                  -          
[446.932s][info][gc,heap     ] GC(263) Reclaimed:         -                  -              2414M (29%)        4291M (52%)            -                  -          
[446.932s][info][gc          ] GC(263) Garbage Collection (Allocation Rate) 4758M(58%)->1120M(14%)
[447.028s][info][gc,start    ] GC(264) Garbage Collection (Allocation Rate)
[447.028s][info][gc,task     ] GC(264) Using 2 workers
[447.028s][info][gc,phases   ] GC(264) Pause Mark Start 0.006ms
[447.267s][info][gc,phases   ] GC(264) Concurrent Mark 237.973ms
[447.267s][info][gc,phases   ] GC(264) Pause Mark End 0.029ms
[447.267s][info][gc,phases   ] GC(264) Concurrent Mark Free 0.001ms
[447.279s][info][gc,phases   ] GC(264) Concurrent Process Non-Strong References 11.495ms
[447.279s][info][gc,phases   ] GC(264) Concurrent Reset Relocation Set 0.096ms
[447.292s][info][gc,phases   ] GC(264) Concurrent Select Relocation Set 13.685ms
[447.293s][info][gc,phases   ] GC(264) Pause Relocate Start 0.017ms
[447.327s][info][gc,phases   ] GC(264) Concurrent Relocate 33.902ms
[447.327s][info][gc,load     ] GC(264) Load: 0.00/0.00/0.00
[447.327s][info][gc,mmu      ] GC(264) MMU: 2ms/95.0%, 5ms/98.0%, 10ms/99.0%, 20ms/99.5%, 50ms/99.8%, 100ms/99.9%
[447.327s][info][gc,marking  ] GC(264) Mark: 2 stripe(s), 2 proactive flush(es), 1 terminate flush(es), 0 completion(s), 0 continuation(s) 
[447.327s][info][gc,marking  ] GC(264) Mark Stack Usage: 32M
[447.327s][info][gc,nmethod  ] GC(264) NMethods: 13287 registered, 850 unregistered
[447.327s][info][gc,metaspace] GC(264) Metaspace: 73M used, 74M committed, 1152M reserved
[447.327s][info][gc,ref      ] GC(264) Soft: 5950 encountered, 0 discovered, 0 enqueued
[447.327s][info][gc,ref      ] GC(264) Weak: 6826 encountered, 1053 discovered, 222 enqueued
[447.327s][info][gc,ref      ] GC(264) Final: 53 encountered, 4 discovered, 0 enqueued
[447.327s][info][gc,ref      ] GC(264) Phantom: 588 encountered, 358 discovered, 0 enqueued
[447.327s][info][gc,reloc    ] GC(264) Small Pages: 503 / 1006M, Empty: 566M, Relocated: 27M, In-Place: 0
[447.327s][info][gc,reloc    ] GC(264) Medium Pages: 4 / 128M, Empty: 96M, Relocated: 0M, In-Place: 0
[447.327s][info][gc,reloc    ] GC(264) Large Pages: 18 / 124M, Empty: 100M, Relocated: 0M, In-Place: 0
[447.327s][info][gc,reloc    ] GC(264) Forwarding Usage: 27M
[447.327s][info][gc,heap     ] GC(264) Min Capacity: 8192M(100%)
[447.327s][info][gc,heap     ] GC(264) Max Capacity: 8192M(100%)
[447.327s][info][gc,heap     ] GC(264) Soft Max Capacity: 8192M(100%)
[447.327s][info][gc,heap     ] GC(264)                Mark Start          Mark End        Relocate Start      Relocate End           High               Low         
[447.327s][info][gc,heap     ] GC(264)  Capacity:     8192M (100%)       8192M (100%)       8192M (100%)       8192M (100%)       8192M (100%)       8192M (100%)   
[447.327s][info][gc,heap     ] GC(264)      Free:     6934M (85%)        6564M (80%)        7304M (89%)        7510M (92%)        7510M (92%)        6548M (80%)    
[447.327s][info][gc,heap     ] GC(264)      Used:     1258M (15%)        1628M (20%)         888M (11%)         682M (8%)         1644M (20%)         682M (8%)     
[447.327s][info][gc,heap     ] GC(264)      Live:         -               224M (3%)          224M (3%)          224M (3%)             -                  -          
[447.327s][info][gc,heap     ] GC(264) Allocated:         -               370M (5%)          392M (5%)          428M (5%)             -                  -          
[447.327s][info][gc,heap     ] GC(264)   Garbage:         -              1033M (13%)         271M (3%)           29M (0%)             -                  -          
[447.327s][info][gc,heap     ] GC(264) Reclaimed:         -                  -               762M (9%)         1004M (12%)            -                  -          
[447.327s][info][gc          ] GC(264) Garbage Collection (Allocation Rate) 1258M(15%)->682M(8%)
[448.326s][info][gc,start    ] GC(265) Garbage Collection (System.gc())
[448.326s][info][gc,task     ] GC(265) Using 2 workers
[448.326s][info][gc,phases   ] GC(265) Pause Mark Start 0.005ms
[448.488s][info][gc,phases   ] GC(265) Concurrent Mark 162.531ms
[448.489s][info][gc,phases   ] GC(265) Pause Mark End 0.026ms
[448.489s][info][gc,phases   ] GC(265) Concurrent Mark Free 0.002ms
[448.501s][info][gc,phases   ] GC(265) Concurrent Process Non-Strong References 12.409ms
[448.501s][info][gc,phases   ] GC(265) Concurrent Reset Relocation Set 0.015ms
[448.505s][info][gc,phases   ] GC(265) Concurrent Select Relocation Set 4.179ms
[448.506s][info][gc,phases   ] GC(265) Pause Relocate Start 0.009ms
[448.506s][info][gc,phases   ] GC(265) Concurrent Relocate 0.264ms
[448.506s][info][gc,load     ] GC(265) Load: 0.00/0.00/0.00
[448.506s][info][gc,mmu      ] GC(265) MMU: 2ms/95.0%, 5ms/98.0%, 10ms/99.0%, 20ms/99.5%, 50ms/99.8%, 100ms/99.9%
[448.506s][info][gc,marking  ] GC(265) Mark: 2 stripe(s), 2 proactive flush(es), 1 terminate flush(es), 0 completion(s), 0 continuation(s) 
[448.506s][info][gc,marking  ] GC(265) Mark Stack Usage: 32M
[448.506s][info][gc,nmethod  ] GC(265) NMethods: 13293 registered, 850 unregistered
[448.506s][info][gc,metaspace] GC(265) Metaspace: 73M used, 74M committed, 1152M reserved
[448.506s][info][gc,ref      ] GC(265) Soft: 5942 encountered, 0 discovered, 0 enqueued
[448.506s][info][gc,ref      ] GC(265) Weak: 6797 encountered, 1001 discovered, 379 enqueued
[448.506s][info][gc,ref      ] GC(265) Final: 53 encountered, 4 discovered, 0 enqueued
[448.506s][info][gc,ref      ] GC(265) Phantom: 589 encountered, 373 discovered, 0 enqueued
[448.506s][info][gc,reloc    ] GC(265) Small Pages: 1198 / 2396M, Empty: 2148M, Relocated: 0M, In-Place: 0
[448.506s][info][gc,reloc    ] GC(265) Medium Pages: 9 / 288M, Empty: 256M, Relocated: 0M, In-Place: 0
[448.506s][info][gc,reloc    ] GC(265) Large Pages: 38 / 228M, Empty: 228M, Relocated: 0M, In-Place: 0
[448.506s][info][gc,reloc    ] GC(265) Forwarding Usage: 0M
[448.506s][info][gc,heap     ] GC(265) Min Capacity: 8192M(100%)
[448.506s][info][gc,heap     ] GC(265) Max Capacity: 8192M(100%)
[448.506s][info][gc,heap     ] GC(265) Soft Max Capacity: 8192M(100%)
[448.506s][info][gc,heap     ] GC(265)                Mark Start          Mark End        Relocate Start      Relocate End           High               Low         
[448.506s][info][gc,heap     ] GC(265)  Capacity:     8192M (100%)       8192M (100%)       8192M (100%)       8192M (100%)       8192M (100%)       8192M (100%)   
[448.506s][info][gc,heap     ] GC(265)      Free:     5280M (64%)        5278M (64%)        7902M (96%)        7972M (97%)        7972M (97%)        5278M (64%)    
[448.506s][info][gc,heap     ] GC(265)      Used:     2912M (36%)        2914M (36%)         290M (4%)          220M (3%)         2914M (36%)         220M (3%)     
[448.506s][info][gc,heap     ] GC(265)      Live:         -               176M (2%)          176M (2%)          176M (2%)             -                  -          
[448.506s][info][gc,heap     ] GC(265) Allocated:         -                 2M (0%)           10M (0%)            9M (0%)             -                  -          
[448.506s][info][gc,heap     ] GC(265)   Garbage:         -              2735M (33%)         103M (1%)           33M (0%)             -                  -          
[448.506s][info][gc,heap     ] GC(265) Reclaimed:         -                  -              2632M (32%)        2701M (33%)            -                  -          
[448.506s][info][gc          ] GC(265) Garbage Collection (System.gc()) 2912M(36%)->220M(3%)
[450.323s][info][gc,stats    ] === Garbage Collection Statistics =======================================================================================================================
[450.323s][info][gc,stats    ]                                                              Last 10s              Last 10m              Last 10h                Total
[450.323s][info][gc,stats    ]                                                              Avg / Max             Avg / Max             Avg / Max             Avg / Max
[450.323s][info][gc,stats    ]   Collector: Garbage Collection Cycle                    448.943 / 914.403     430.204 / 983.217     430.204 / 983.217     430.204 / 983.217     ms
[450.323s][info][gc,stats    ]  Contention: Mark Segment Reset Contention                     4 / 28                3 / 36                3 / 36                3 / 36          ops/s
[450.323s][info][gc,stats    ]  Contention: Mark SeqNum Reset Contention                      0 / 0                 0 / 2                 0 / 2                 0 / 2           ops/s
[450.323s][info][gc,stats    ]    Critical: Allocation Stall                                  0 / 0                 0 / 0                 0 / 0                 0 / 0           ops/s
[450.323s][info][gc,stats    ]    Critical: Allocation Stall                              0.000 / 0.000         0.000 / 0.000         0.000 / 0.000         0.000 / 0.000       ms
[450.323s][info][gc,stats    ]    Critical: GC Locker Stall                                   0 / 0                 0 / 0                 0 / 0                 0 / 0           ops/s
[450.323s][info][gc,stats    ]    Critical: GC Locker Stall                               0.000 / 0.000         0.000 / 0.000         0.000 / 0.000         0.000 / 0.000       ms
[450.323s][info][gc,stats    ]    Critical: Relocation Stall                                  0 / 0                 0 / 0                 0 / 0                 0 / 0           ops/s
[450.323s][info][gc,stats    ]    Critical: Relocation Stall                              0.000 / 0.000         0.000 / 0.000         0.000 / 0.000         0.000 / 0.000       ms
[450.323s][info][gc,stats    ]      Memory: Allocation Rate                                1719 / 2398           1619 / 3876           1619 / 3876           1619 / 3876        MB/s
[450.323s][info][gc,stats    ]      Memory: Out Of Memory                                     0 / 0                 0 / 0                 0 / 0                 0 / 0           ops/s
[450.323s][info][gc,stats    ]      Memory: Page Cache Flush                                  0 / 0                 0 / 0                 0 / 0                 0 / 0           MB/s
[450.323s][info][gc,stats    ]      Memory: Page Cache Hit L1                               799 / 1113            746 / 1729            746 / 1729            746 / 1729        ops/s
[450.323s][info][gc,stats    ]      Memory: Page Cache Hit L2                                 0 / 0                 0 / 0                 0 / 0                 0 / 0           ops/s
[450.323s][info][gc,stats    ]      Memory: Page Cache Hit L3                                 0 / 0                 5 / 527               5 / 527               5 / 527         ops/s
[450.323s][info][gc,stats    ]      Memory: Page Cache Miss                                   0 / 0                 0 / 1                 0 / 1                 0 / 1           ops/s
[450.323s][info][gc,stats    ]      Memory: Uncommit                                          0 / 0                 0 / 0                 0 / 0                 0 / 0           MB/s
[450.323s][info][gc,stats    ]      Memory: Undo Object Allocation Failed                     0 / 0                 0 / 1                 0 / 1                 0 / 1           ops/s
[450.323s][info][gc,stats    ]      Memory: Undo Object Allocation Succeeded                  3 / 18                6 / 1333              6 / 1333              6 / 1333        ops/s
[450.324s][info][gc,stats    ]      Memory: Undo Page Allocation                              0 / 0                 0 / 2                 0 / 2                 0 / 2           ops/s
[450.324s][info][gc,stats    ]       Phase: Concurrent Mark                             337.573 / 648.345     327.446 / 972.666     327.446 / 972.666     327.446 / 972.666     ms
[450.324s][info][gc,stats    ]       Phase: Concurrent Mark Continue                      0.000 / 0.000         0.000 / 0.000         0.000 / 0.000         0.000 / 0.000       ms
[450.324s][info][gc,stats    ]       Phase: Concurrent Mark Free                          0.001 / 0.002         0.004 / 0.317         0.004 / 0.317         0.004 / 0.317       ms
[450.324s][info][gc,stats    ]       Phase: Concurrent Process Non-Strong References     12.090 / 12.803       10.669 / 15.785       10.669 / 15.785       10.669 / 15.785      ms
[450.324s][info][gc,stats    ]       Phase: Concurrent Relocate                          81.385 / 219.855      75.990 / 226.884      75.990 / 226.884      75.990 / 226.884     ms
[450.324s][info][gc,stats    ]       Phase: Concurrent Reset Relocation Set               0.041 / 0.117         0.039 / 0.139         0.039 / 0.139         0.039 / 0.139       ms
[450.324s][info][gc,stats    ]       Phase: Concurrent Select Relocation Set             16.791 / 35.864       14.952 / 42.750       14.952 / 42.750       14.952 / 42.750      ms
[450.324s][info][gc,stats    ]       Phase: Pause Mark End                                0.025 / 0.029         0.027 / 0.101         0.027 / 0.101         0.027 / 0.101       ms
[450.324s][info][gc,stats    ]       Phase: Pause Mark Start                              0.007 / 0.009         0.007 / 0.014         0.007 / 0.014         0.007 / 0.014       ms
[450.324s][info][gc,stats    ]       Phase: Pause Relocate Start                          0.013 / 0.021         0.013 / 0.037         0.013 / 0.037         0.013 / 0.037       ms
[450.324s][info][gc,stats    ]    Subphase: Concurrent Classes Purge                      0.494 / 0.572         0.440 / 1.010         0.440 / 1.010         0.440 / 1.010       ms
[450.324s][info][gc,stats    ]    Subphase: Concurrent Classes Unlink                    10.591 / 11.380        9.114 / 12.957        9.114 / 12.957        9.114 / 12.957      ms
[450.324s][info][gc,stats    ]    Subphase: Concurrent Mark                             329.780 / 645.229     319.387 / 969.741     319.387 / 969.741     319.387 / 969.741     ms
[450.324s][info][gc,stats    ]    Subphase: Concurrent Mark Try Flush                     0.192 / 0.477         0.225 / 15.555        0.225 / 15.555        0.225 / 15.555      ms
[450.324s][info][gc,stats    ]    Subphase: Concurrent Mark Try Terminate                 3.643 / 15.886        4.252 / 16.659        4.252 / 16.659        4.252 / 16.659      ms
[450.324s][info][gc,stats    ]    Subphase: Concurrent References Enqueue                 0.006 / 0.007         0.005 / 0.009         0.005 / 0.009         0.005 / 0.009       ms
[450.324s][info][gc,stats    ]    Subphase: Concurrent References Process                 0.159 / 0.257         0.188 / 0.610         0.188 / 0.610         0.188 / 0.610       ms
[450.324s][info][gc,stats    ]    Subphase: Concurrent Roots ClassLoaderDataGraph         0.125 / 0.262         0.120 / 0.376         0.120 / 0.376         0.120 / 0.376       ms
[450.324s][info][gc,stats    ]    Subphase: Concurrent Roots CodeCache                    0.000 / 0.000         0.000 / 0.000         0.000 / 0.000         0.000 / 0.000       ms
[450.324s][info][gc,stats    ]    Subphase: Concurrent Roots JavaThreads                  2.755 / 3.107         3.681 / 8.610         3.681 / 8.610         3.681 / 8.610       ms
[450.324s][info][gc,stats    ]    Subphase: Concurrent Roots OopStorageSet                0.052 / 0.067         0.048 / 0.149         0.048 / 0.149         0.048 / 0.149       ms
[450.324s][info][gc,stats    ]    Subphase: Concurrent Weak Roots OopStorageSet           0.586 / 0.823         0.602 / 1.117         0.602 / 1.117         0.602 / 1.117       ms
[450.324s][info][gc,stats    ]    Subphase: Pause Mark Try Complete                       0.000 / 0.000         0.009 / 0.024         0.009 / 0.024         0.009 / 0.024       ms
[450.324s][info][gc,stats    ]      System: Java Threads                                    263 / 265             254 / 267             254 / 267             254 / 267         threads
[450.324s][info][gc,stats    ] =========================================================================================================================================================
[450.716s][info][gc,start    ] GC(266) Garbage Collection (Allocation Rate)
[450.716s][info][gc,task     ] GC(266) Using 2 workers
[450.717s][info][gc,phases   ] GC(266) Pause Mark Start 0.006ms
[451.349s][info][gc,phases   ] GC(266) Concurrent Mark 632.799ms
[451.350s][info][gc,phases   ] GC(266) Pause Mark End 0.084ms
[451.350s][info][gc,phases   ] GC(266) Concurrent Mark Free 0.001ms
[451.363s][info][gc,phases   ] GC(266) Concurrent Process Non-Strong References 13.252ms
[451.363s][info][gc,phases   ] GC(266) Concurrent Reset Relocation Set 0.003ms
[451.396s][info][gc,phases   ] GC(266) Concurrent Select Relocation Set 32.734ms
[451.396s][info][gc,phases   ] GC(266) Pause Relocate Start 0.012ms
[451.611s][info][gc,phases   ] GC(266) Concurrent Relocate 214.502ms
[451.611s][info][gc,load     ] GC(266) Load: 0.00/0.00/0.00
[451.611s][info][gc,mmu      ] GC(266) MMU: 2ms/95.0%, 5ms/98.0%, 10ms/99.0%, 20ms/99.5%, 50ms/99.8%, 100ms/99.9%
[451.611s][info][gc,marking  ] GC(266) Mark: 2 stripe(s), 2 proactive flush(es), 1 terminate flush(es), 1 completion(s), 0 continuation(s) 
[451.611s][info][gc,marking  ] GC(266) Mark Stack Usage: 32M
[451.611s][info][gc,nmethod  ] GC(266) NMethods: 13298 registered, 850 unregistered
[451.611s][info][gc,metaspace] GC(266) Metaspace: 73M used, 74M committed, 1152M reserved
[451.611s][info][gc,ref      ] GC(266) Soft: 5950 encountered, 0 discovered, 0 enqueued
[451.611s][info][gc,ref      ] GC(266) Weak: 6741 encountered, 972 discovered, 23 enqueued
[451.611s][info][gc,ref      ] GC(266) Final: 53 encountered, 4 discovered, 0 enqueued
[451.611s][info][gc,ref      ] GC(266) Phantom: 589 encountered, 297 discovered, 0 enqueued
[451.611s][info][gc,reloc    ] GC(266) Small Pages: 2168 / 4336M, Empty: 2132M, Relocated: 185M, In-Place: 0
[451.611s][info][gc,reloc    ] GC(266) Medium Pages: 5 / 160M, Empty: 128M, Relocated: 0M, In-Place: 0
[451.611s][info][gc,reloc    ] GC(266) Large Pages: 30 / 212M, Empty: 148M, Relocated: 0M, In-Place: 0
[451.611s][info][gc,reloc    ] GC(266) Forwarding Usage: 141M
[451.611s][info][gc,heap     ] GC(266) Min Capacity: 8192M(100%)
[451.611s][info][gc,heap     ] GC(266) Max Capacity: 8192M(100%)
[451.611s][info][gc,heap     ] GC(266) Soft Max Capacity: 8192M(100%)
[451.611s][info][gc,heap     ] GC(266)                Mark Start          Mark End        Relocate Start      Relocate End           High               Low         
[451.611s][info][gc,heap     ] GC(266)  Capacity:     8192M (100%)       8192M (100%)       8192M (100%)       8192M (100%)       8192M (100%)       8192M (100%)   
[451.611s][info][gc,heap     ] GC(266)      Free:     3484M (43%)        3246M (40%)        5570M (68%)        7118M (87%)        7168M (88%)        3186M (39%)    
[451.611s][info][gc,heap     ] GC(266)      Used:     4708M (57%)        4946M (60%)        2622M (32%)        1074M (13%)        5006M (61%)        1024M (12%)    
[451.611s][info][gc,heap     ] GC(266)      Live:         -               429M (5%)          429M (5%)          429M (5%)             -                  -          
[451.611s][info][gc,heap     ] GC(266) Allocated:         -               238M (3%)          322M (4%)          610M (7%)             -                  -          
[451.611s][info][gc,heap     ] GC(266)   Garbage:         -              4278M (52%)        1870M (23%)          34M (0%)             -                  -          
[451.611s][info][gc,heap     ] GC(266) Reclaimed:         -                  -              2408M (29%)        4244M (52%)            -                  -          
[451.611s][info][gc          ] GC(266) Garbage Collection (Allocation Rate) 4708M(57%)->1074M(13%)
[451.627s][info][gc,start    ] GC(267) Garbage Collection (Allocation Rate)
[451.627s][info][gc,task     ] GC(267) Using 2 workers
[451.627s][info][gc,phases   ] GC(267) Pause Mark Start 0.009ms
[451.822s][info][gc,phases   ] GC(267) Concurrent Mark 194.577ms
[451.822s][info][gc,phases   ] GC(267) Pause Mark End 0.021ms
[451.822s][info][gc,phases   ] GC(267) Concurrent Mark Free 0.001ms
[451.834s][info][gc,phases   ] GC(267) Concurrent Process Non-Strong References 11.921ms
[451.834s][info][gc,phases   ] GC(267) Concurrent Reset Relocation Set 0.106ms
[451.846s][info][gc,phases   ] GC(267) Concurrent Select Relocation Set 11.837ms
[451.846s][info][gc,phases   ] GC(267) Pause Relocate Start 0.017ms
[451.868s][info][gc,phases   ] GC(267) Concurrent Relocate 21.092ms
[451.868s][info][gc,load     ] GC(267) Load: 0.00/0.00/0.00
[451.868s][info][gc,mmu      ] GC(267) MMU: 2ms/95.0%, 5ms/98.0%, 10ms/99.0%, 20ms/99.5%, 50ms/99.8%, 100ms/99.9%
[451.868s][info][gc,marking  ] GC(267) Mark: 2 stripe(s), 2 proactive flush(es), 1 terminate flush(es), 0 completion(s), 0 continuation(s) 
[451.868s][info][gc,marking  ] GC(267) Mark Stack Usage: 32M
[451.868s][info][gc,nmethod  ] GC(267) NMethods: 13300 registered, 850 unregistered
[451.868s][info][gc,metaspace] GC(267) Metaspace: 73M used, 74M committed, 1152M reserved
[451.868s][info][gc,ref      ] GC(267) Soft: 5946 encountered, 0 discovered, 0 enqueued
[451.868s][info][gc,ref      ] GC(267) Weak: 6856 encountered, 1278 discovered, 220 enqueued
[451.868s][info][gc,ref      ] GC(267) Final: 53 encountered, 4 discovered, 0 enqueued
[451.868s][info][gc,ref      ] GC(267) Phantom: 589 encountered, 340 discovered, 0 enqueued
[451.868s][info][gc,reloc    ] GC(267) Small Pages: 448 / 896M, Empty: 572M, Relocated: 13M, In-Place: 0
[451.868s][info][gc,reloc    ] GC(267) Medium Pages: 4 / 128M, Empty: 32M, Relocated: 18M, In-Place: 0
[451.868s][info][gc,reloc    ] GC(267) Large Pages: 14 / 100M, Empty: 100M, Relocated: 0M, In-Place: 0
[451.868s][info][gc,reloc    ] GC(267) Forwarding Usage: 14M
[451.868s][info][gc,heap     ] GC(267) Min Capacity: 8192M(100%)
[451.868s][info][gc,heap     ] GC(267) Max Capacity: 8192M(100%)
[451.868s][info][gc,heap     ] GC(267) Soft Max Capacity: 8192M(100%)
[451.868s][info][gc,heap     ] GC(267)                Mark Start          Mark End        Relocate Start      Relocate End           High               Low         
[451.868s][info][gc,heap     ] GC(267)  Capacity:     8192M (100%)       8192M (100%)       8192M (100%)       8192M (100%)       8192M (100%)       8192M (100%)   
[451.868s][info][gc,heap     ] GC(267)      Free:     7068M (86%)        6716M (82%)        7394M (90%)        7560M (92%)        7562M (92%)        6696M (82%)    
[451.868s][info][gc,heap     ] GC(267)      Used:     1124M (14%)        1476M (18%)         798M (10%)         632M (8%)         1496M (18%)         630M (8%)     
[451.868s][info][gc,heap     ] GC(267)      Live:         -               197M (2%)          197M (2%)          197M (2%)             -                  -          
[451.868s][info][gc,heap     ] GC(267) Allocated:         -               352M (4%)          378M (5%)          410M (5%)             -                  -          
[451.868s][info][gc,heap     ] GC(267)   Garbage:         -               926M (11%)         222M (3%)           24M (0%)             -                  -          
[451.868s][info][gc,heap     ] GC(267) Reclaimed:         -                  -               704M (9%)          902M (11%)            -                  -          
[451.868s][info][gc          ] GC(267) Garbage Collection (Allocation Rate) 1124M(14%)->632M(8%)
[453.192s][info][gc,start    ] GC(268) Garbage Collection (System.gc())
[453.192s][info][gc,task     ] GC(268) Using 2 workers
[453.192s][info][gc,phases   ] GC(268) Pause Mark Start 0.005ms
[453.331s][info][gc,phases   ] GC(268) Concurrent Mark 138.809ms
[453.331s][info][gc,phases   ] GC(268) Pause Mark End 0.026ms
[453.331s][info][gc,phases   ] GC(268) Concurrent Mark Free 0.002ms
[453.343s][info][gc,phases   ] GC(268) Concurrent Process Non-Strong References 11.400ms
[453.343s][info][gc,phases   ] GC(268) Concurrent Reset Relocation Set 0.009ms
[453.346s][info][gc,phases   ] GC(268) Concurrent Select Relocation Set 3.307ms
[453.346s][info][gc,phases   ] GC(268) Pause Relocate Start 0.010ms
[453.347s][info][gc,phases   ] GC(268) Concurrent Relocate 0.377ms
[453.347s][info][gc,load     ] GC(268) Load: 0.00/0.00/0.00
[453.347s][info][gc,mmu      ] GC(268) MMU: 2ms/95.0%, 5ms/98.0%, 10ms/99.0%, 20ms/99.5%, 50ms/99.8%, 100ms/99.9%
[453.347s][info][gc,marking  ] GC(268) Mark: 2 stripe(s), 2 proactive flush(es), 1 terminate flush(es), 0 completion(s), 0 continuation(s) 
[453.347s][info][gc,marking  ] GC(268) Mark Stack Usage: 32M
[453.347s][info][gc,nmethod  ] GC(268) NMethods: 13300 registered, 850 unregistered
[453.347s][info][gc,metaspace] GC(268) Metaspace: 73M used, 74M committed, 1152M reserved
[453.347s][info][gc,ref      ] GC(268) Soft: 5942 encountered, 0 discovered, 0 enqueued
[453.347s][info][gc,ref      ] GC(268) Weak: 6797 encountered, 919 discovered, 380 enqueued
[453.347s][info][gc,ref      ] GC(268) Final: 53 encountered, 2 discovered, 0 enqueued
[453.347s][info][gc,ref      ] GC(268) Phantom: 588 encountered, 287 discovered, 0 enqueued
[453.347s][info][gc,reloc    ] GC(268) Small Pages: 1270 / 2540M, Empty: 2286M, Relocated: 0M, In-Place: 0
[453.347s][info][gc,reloc    ] GC(268) Medium Pages: 9 / 288M, Empty: 256M, Relocated: 0M, In-Place: 0
[453.347s][info][gc,reloc    ] GC(268) Large Pages: 32 / 192M, Empty: 192M, Relocated: 0M, In-Place: 0
[453.347s][info][gc,reloc    ] GC(268) Forwarding Usage: 0M
[453.347s][info][gc,heap     ] GC(268) Min Capacity: 8192M(100%)
[453.347s][info][gc,heap     ] GC(268) Max Capacity: 8192M(100%)
[453.347s][info][gc,heap     ] GC(268) Soft Max Capacity: 8192M(100%)
[453.347s][info][gc,heap     ] GC(268)                Mark Start          Mark End        Relocate Start      Relocate End           High               Low         
[453.347s][info][gc,heap     ] GC(268)  Capacity:     8192M (100%)       8192M (100%)       8192M (100%)       8192M (100%)       8192M (100%)       8192M (100%)   
[453.347s][info][gc,heap     ] GC(268)      Free:     5172M (63%)        5168M (63%)        7894M (96%)        7970M (97%)        7970M (97%)        5168M (63%)    
[453.347s][info][gc,heap     ] GC(268)      Used:     3020M (37%)        3024M (37%)         298M (4%)          222M (3%)         3024M (37%)         222M (3%)     
[453.347s][info][gc,heap     ] GC(268)      Live:         -               176M (2%)          176M (2%)          176M (2%)             -                  -          
[453.347s][info][gc,heap     ] GC(268) Allocated:         -                 4M (0%)           12M (0%)           11M (0%)             -                  -          
[453.347s][info][gc,heap     ] GC(268)   Garbage:         -              2843M (35%)         109M (1%)           33M (0%)             -                  -          
[453.347s][info][gc,heap     ] GC(268) Reclaimed:         -                  -              2734M (33%)        2809M (34%)            -                  -          
[453.347s][info][gc          ] GC(268) Garbage Collection (System.gc()) 3020M(37%)->222M(3%)
[455.626s][info][gc,start    ] GC(269) Garbage Collection (Allocation Rate)
[455.626s][info][gc,task     ] GC(269) Using 2 workers
[455.626s][info][gc,phases   ] GC(269) Pause Mark Start 0.009ms
[456.148s][info][gc,phases   ] GC(269) Concurrent Mark 521.117ms
[456.148s][info][gc,phases   ] GC(269) Pause Mark End 0.053ms
[456.148s][info][gc,phases   ] GC(269) Concurrent Mark Free 0.000ms
[456.159s][info][gc,phases   ] GC(269) Concurrent Process Non-Strong References 11.328ms
[456.159s][info][gc,phases   ] GC(269) Concurrent Reset Relocation Set 0.005ms
[456.186s][info][gc,phases   ] GC(269) Concurrent Select Relocation Set 26.969ms
[456.187s][info][gc,phases   ] GC(269) Pause Relocate Start 0.030ms
[456.334s][info][gc,phases   ] GC(269) Concurrent Relocate 146.951ms
[456.334s][info][gc,load     ] GC(269) Load: 0.00/0.00/0.00
[456.334s][info][gc,mmu      ] GC(269) MMU: 2ms/95.0%, 5ms/98.0%, 10ms/99.0%, 20ms/99.5%, 50ms/99.8%, 100ms/99.9%
[456.334s][info][gc,marking  ] GC(269) Mark: 2 stripe(s), 2 proactive flush(es), 1 terminate flush(es), 1 completion(s), 0 continuation(s) 
[456.334s][info][gc,marking  ] GC(269) Mark Stack Usage: 32M
[456.334s][info][gc,nmethod  ] GC(269) NMethods: 13305 registered, 850 unregistered
[456.334s][info][gc,metaspace] GC(269) Metaspace: 73M used, 74M committed, 1152M reserved
[456.334s][info][gc,ref      ] GC(269) Soft: 5950 encountered, 0 discovered, 0 enqueued
[456.334s][info][gc,ref      ] GC(269) Weak: 6733 encountered, 709 discovered, 85 enqueued
[456.334s][info][gc,ref      ] GC(269) Final: 53 encountered, 2 discovered, 0 enqueued
[456.334s][info][gc,ref      ] GC(269) Phantom: 588 encountered, 295 discovered, 0 enqueued
[456.334s][info][gc,reloc    ] GC(269) Small Pages: 2219 / 4438M, Empty: 2618M, Relocated: 95M, In-Place: 0
[456.334s][info][gc,reloc    ] GC(269) Medium Pages: 5 / 160M, Empty: 96M, Relocated: 11M, In-Place: 0
[456.334s][info][gc,reloc    ] GC(269) Large Pages: 30 / 212M, Empty: 172M, Relocated: 0M, In-Place: 0
[456.334s][info][gc,reloc    ] GC(269) Forwarding Usage: 95M
[456.334s][info][gc,heap     ] GC(269) Min Capacity: 8192M(100%)
[456.334s][info][gc,heap     ] GC(269) Max Capacity: 8192M(100%)
[456.334s][info][gc,heap     ] GC(269) Soft Max Capacity: 8192M(100%)
[456.334s][info][gc,heap     ] GC(269)                Mark Start          Mark End        Relocate Start      Relocate End           High               Low         
[456.334s][info][gc,heap     ] GC(269)  Capacity:     8192M (100%)       8192M (100%)       8192M (100%)       8192M (100%)       8192M (100%)       8192M (100%)   
[456.334s][info][gc,heap     ] GC(269)      Free:     3382M (41%)        3278M (40%)        6060M (74%)        7490M (91%)        7490M (91%)        3262M (40%)    
[456.334s][info][gc,heap     ] GC(269)      Used:     4810M (59%)        4914M (60%)        2132M (26%)         702M (9%)         4930M (60%)         702M (9%)     
[456.334s][info][gc,heap     ] GC(269)      Live:         -               312M (4%)          312M (4%)          312M (4%)             -                  -          
[456.334s][info][gc,heap     ] GC(269) Allocated:         -               104M (1%)          208M (3%)          360M (4%)             -                  -          
[456.334s][info][gc,heap     ] GC(269)   Garbage:         -              4497M (55%)        1611M (20%)          29M (0%)             -                  -          
[456.334s][info][gc,heap     ] GC(269) Reclaimed:         -                  -              2886M (35%)        4468M (55%)            -                  -          
[456.334s][info][gc          ] GC(269) Garbage Collection (Allocation Rate) 4810M(59%)->702M(9%)
[457.317s][info][gc,start    ] GC(270) Garbage Collection (Allocation Rate)
[457.317s][info][gc,task     ] GC(270) Using 2 workers
[457.317s][info][gc,phases   ] GC(270) Pause Mark Start 0.007ms
[457.641s][info][gc,phases   ] GC(270) Concurrent Mark 323.942ms
[457.641s][info][gc,phases   ] GC(270) Pause Mark End 0.024ms
[457.641s][info][gc,phases   ] GC(270) Concurrent Mark Free 0.001ms
[457.654s][info][gc,phases   ] GC(270) Concurrent Process Non-Strong References 12.592ms
[457.654s][info][gc,phases   ] GC(270) Concurrent Reset Relocation Set 0.095ms
[457.665s][info][gc,phases   ] GC(270) Concurrent Select Relocation Set 10.958ms
[457.665s][info][gc,phases   ] GC(270) Pause Relocate Start 0.015ms
[457.741s][info][gc,phases   ] GC(270) Concurrent Relocate 75.778ms
[457.741s][info][gc,load     ] GC(270) Load: 0.00/0.00/0.00
[457.741s][info][gc,mmu      ] GC(270) MMU: 2ms/95.0%, 5ms/98.0%, 10ms/99.0%, 20ms/99.5%, 50ms/99.8%, 100ms/99.9%
[457.741s][info][gc,marking  ] GC(270) Mark: 2 stripe(s), 2 proactive flush(es), 1 terminate flush(es), 0 completion(s), 0 continuation(s) 
[457.741s][info][gc,marking  ] GC(270) Mark Stack Usage: 32M
[457.741s][info][gc,nmethod  ] GC(270) NMethods: 13316 registered, 850 unregistered
[457.741s][info][gc,metaspace] GC(270) Metaspace: 73M used, 74M committed, 1152M reserved
[457.741s][info][gc,ref      ] GC(270) Soft: 5946 encountered, 0 discovered, 0 enqueued
[457.741s][info][gc,ref      ] GC(270) Weak: 7004 encountered, 1056 discovered, 365 enqueued
[457.741s][info][gc,ref      ] GC(270) Final: 53 encountered, 4 discovered, 0 enqueued
[457.741s][info][gc,ref      ] GC(270) Phantom: 588 encountered, 321 discovered, 0 enqueued
[457.741s][info][gc,reloc    ] GC(270) Small Pages: 1004 / 2008M, Empty: 1046M, Relocated: 42M, In-Place: 0
[457.741s][info][gc,reloc    ] GC(270) Medium Pages: 7 / 224M, Empty: 96M, Relocated: 18M, In-Place: 0
[457.741s][info][gc,reloc    ] GC(270) Large Pages: 23 / 154M, Empty: 154M, Relocated: 0M, In-Place: 0
[457.741s][info][gc,reloc    ] GC(270) Forwarding Usage: 37M
[457.741s][info][gc,heap     ] GC(270) Min Capacity: 8192M(100%)
[457.741s][info][gc,heap     ] GC(270) Max Capacity: 8192M(100%)
[457.741s][info][gc,heap     ] GC(270) Soft Max Capacity: 8192M(100%)
[457.741s][info][gc,heap     ] GC(270)                Mark Start          Mark End        Relocate Start      Relocate End           High               Low         
[457.741s][info][gc,heap     ] GC(270)  Capacity:     8192M (100%)       8192M (100%)       8192M (100%)       8192M (100%)       8192M (100%)       8192M (100%)   
[457.741s][info][gc,heap     ] GC(270)      Free:     5806M (71%)        5290M (65%)        6540M (80%)        7260M (89%)        7260M (89%)        5264M (64%)    
[457.741s][info][gc,heap     ] GC(270)      Used:     2386M (29%)        2902M (35%)        1652M (20%)         932M (11%)        2928M (36%)         932M (11%)    
[457.741s][info][gc,heap     ] GC(270)      Live:         -               246M (3%)          246M (3%)          246M (3%)             -                  -          
[457.741s][info][gc,heap     ] GC(270) Allocated:         -               516M (6%)          562M (7%)          649M (8%)             -                  -          
[457.741s][info][gc,heap     ] GC(270)   Garbage:         -              2139M (26%)         843M (10%)          35M (0%)             -                  -          
[457.741s][info][gc,heap     ] GC(270) Reclaimed:         -                  -              1296M (16%)        2103M (26%)            -                  -          
[457.741s][info][gc          ] GC(270) Garbage Collection (Allocation Rate) 2386M(29%)->932M(11%)
[457.973s][info][gc,start    ] GC(271) Garbage Collection (System.gc())
[457.973s][info][gc,task     ] GC(271) Using 2 workers
[457.973s][info][gc,phases   ] GC(271) Pause Mark Start 0.006ms
[458.118s][info][gc,phases   ] GC(271) Concurrent Mark 145.022ms
[458.118s][info][gc,phases   ] GC(271) Pause Mark End 0.044ms
[458.118s][info][gc,phases   ] GC(271) Concurrent Mark Free 0.002ms
[458.131s][info][gc,phases   ] GC(271) Concurrent Process Non-Strong References 12.804ms
[458.131s][info][gc,phases   ] GC(271) Concurrent Reset Relocation Set 0.031ms
[458.136s][info][gc,phases   ] GC(271) Concurrent Select Relocation Set 5.115ms
[458.136s][info][gc,phases   ] GC(271) Pause Relocate Start 0.008ms
[458.137s][info][gc,phases   ] GC(271) Concurrent Relocate 0.384ms
[458.137s][info][gc,load     ] GC(271) Load: 0.00/0.00/0.00
[458.137s][info][gc,mmu      ] GC(271) MMU: 2ms/95.0%, 5ms/98.0%, 10ms/99.0%, 20ms/99.5%, 50ms/99.8%, 100ms/99.9%
[458.137s][info][gc,marking  ] GC(271) Mark: 2 stripe(s), 2 proactive flush(es), 1 terminate flush(es), 0 completion(s), 0 continuation(s) 
[458.137s][info][gc,marking  ] GC(271) Mark Stack Usage: 32M
[458.137s][info][gc,nmethod  ] GC(271) NMethods: 13317 registered, 850 unregistered
[458.137s][info][gc,metaspace] GC(271) Metaspace: 73M used, 74M committed, 1152M reserved
[458.137s][info][gc,ref      ] GC(271) Soft: 5942 encountered, 0 discovered, 0 enqueued
[458.137s][info][gc,ref      ] GC(271) Weak: 6657 encountered, 1019 discovered, 237 enqueued
[458.137s][info][gc,ref      ] GC(271) Final: 53 encountered, 4 discovered, 0 enqueued
[458.137s][info][gc,ref      ] GC(271) Phantom: 588 encountered, 315 discovered, 0 enqueued
[458.137s][info][gc,reloc    ] GC(271) Small Pages: 631 / 1262M, Empty: 1034M, Relocated: 0M, In-Place: 0
[458.137s][info][gc,reloc    ] GC(271) Medium Pages: 7 / 224M, Empty: 192M, Relocated: 0M, In-Place: 0
[458.137s][info][gc,reloc    ] GC(271) Large Pages: 20 / 120M, Empty: 120M, Relocated: 0M, In-Place: 0
[458.137s][info][gc,reloc    ] GC(271) Forwarding Usage: 0M
[458.137s][info][gc,heap     ] GC(271) Min Capacity: 8192M(100%)
[458.137s][info][gc,heap     ] GC(271) Max Capacity: 8192M(100%)
[458.137s][info][gc,heap     ] GC(271) Soft Max Capacity: 8192M(100%)
[458.137s][info][gc,heap     ] GC(271)                Mark Start          Mark End        Relocate Start      Relocate End           High               Low         
[458.137s][info][gc,heap     ] GC(271)  Capacity:     8192M (100%)       8192M (100%)       8192M (100%)       8192M (100%)       8192M (100%)       8192M (100%)   
[458.137s][info][gc,heap     ] GC(271)      Free:     6586M (80%)        6584M (80%)        7922M (97%)        7972M (97%)        7972M (97%)        6584M (80%)    
[458.137s][info][gc,heap     ] GC(271)      Used:     1606M (20%)        1608M (20%)         270M (3%)          220M (3%)         1608M (20%)         220M (3%)     
[458.137s][info][gc,heap     ] GC(271)      Live:         -               176M (2%)          176M (2%)          176M (2%)             -                  -          
[458.137s][info][gc,heap     ] GC(271) Allocated:         -                 2M (0%)           10M (0%)           10M (0%)             -                  -          
[458.137s][info][gc,heap     ] GC(271)   Garbage:         -              1429M (17%)          83M (1%)           33M (0%)             -                  -          
[458.137s][info][gc,heap     ] GC(271) Reclaimed:         -                  -              1346M (16%)        1396M (17%)            -                  -          
[458.137s][info][gc          ] GC(271) Garbage Collection (System.gc()) 1606M(20%)->220M(3%)
[460.321s][info][gc,stats    ] === Garbage Collection Statistics =======================================================================================================================
[460.321s][info][gc,stats    ]                                                              Last 10s              Last 10m              Last 10h                Total
[460.321s][info][gc,stats    ]                                                              Avg / Max             Avg / Max             Avg / Max             Avg / Max
[460.321s][info][gc,stats    ]   Collector: Garbage Collection Cycle                    431.026 / 894.569     430.222 / 983.217     430.222 / 983.217     430.222 / 983.217     ms
[460.321s][info][gc,stats    ]  Contention: Mark Segment Reset Contention                     5 / 27                3 / 36                3 / 36                3 / 36          ops/s
[460.321s][info][gc,stats    ]  Contention: Mark SeqNum Reset Contention                      0 / 0                 0 / 2                 0 / 2                 0 / 2           ops/s
[460.321s][info][gc,stats    ]    Critical: Allocation Stall                                  0 / 0                 0 / 0                 0 / 0                 0 / 0           ops/s
[460.321s][info][gc,stats    ]    Critical: Allocation Stall                              0.000 / 0.000         0.000 / 0.000         0.000 / 0.000         0.000 / 0.000       ms
[460.321s][info][gc,stats    ]    Critical: GC Locker Stall                                   0 / 0                 0 / 0                 0 / 0                 0 / 0           ops/s
[460.321s][info][gc,stats    ]    Critical: GC Locker Stall                               0.000 / 0.000         0.000 / 0.000         0.000 / 0.000         0.000 / 0.000       ms
[460.322s][info][gc,stats    ]    Critical: Relocation Stall                                  0 / 0                 0 / 0                 0 / 0                 0 / 0           ops/s
[460.322s][info][gc,stats    ]    Critical: Relocation Stall                              0.000 / 0.000         0.000 / 0.000         0.000 / 0.000         0.000 / 0.000       ms
[460.322s][info][gc,stats    ]      Memory: Allocation Rate                                1690 / 2242           1620 / 3876           1620 / 3876           1620 / 3876        MB/s
[460.322s][info][gc,stats    ]      Memory: Out Of Memory                                     0 / 0                 0 / 0                 0 / 0                 0 / 0           ops/s
[460.322s][info][gc,stats    ]      Memory: Page Cache Flush                                  0 / 0                 0 / 0                 0 / 0                 0 / 0           MB/s
[460.322s][info][gc,stats    ]      Memory: Page Cache Hit L1                               784 / 1059            746 / 1729            746 / 1729            746 / 1729        ops/s
[460.322s][info][gc,stats    ]      Memory: Page Cache Hit L2                                 0 / 0                 0 / 0                 0 / 0                 0 / 0           ops/s
[460.322s][info][gc,stats    ]      Memory: Page Cache Hit L3                                 0 / 0                 5 / 527               5 / 527               5 / 527         ops/s
[460.322s][info][gc,stats    ]      Memory: Page Cache Miss                                   0 / 0                 0 / 1                 0 / 1                 0 / 1           ops/s
[460.322s][info][gc,stats    ]      Memory: Uncommit                                          0 / 0                 0 / 0                 0 / 0                 0 / 0           MB/s
[460.322s][info][gc,stats    ]      Memory: Undo Object Allocation Failed                     0 / 0                 0 / 1                 0 / 1                 0 / 1           ops/s
[460.322s][info][gc,stats    ]      Memory: Undo Object Allocation Succeeded                  0 / 0                 6 / 1333              6 / 1333              6 / 1333        ops/s
[460.322s][info][gc,stats    ]      Memory: Undo Page Allocation                              0 / 3                 0 / 3                 0 / 3                 0 / 3           ops/s
[460.322s][info][gc,stats    ]       Phase: Concurrent Mark                             326.044 / 632.799     327.415 / 972.666     327.415 / 972.666     327.415 / 972.666     ms
[460.322s][info][gc,stats    ]       Phase: Concurrent Mark Continue                      0.000 / 0.000         0.000 / 0.000         0.000 / 0.000         0.000 / 0.000       ms
[460.322s][info][gc,stats    ]       Phase: Concurrent Mark Free                          0.001 / 0.002         0.004 / 0.317         0.004 / 0.317         0.004 / 0.317       ms
[460.322s][info][gc,stats    ]       Phase: Concurrent Process Non-Strong References     12.216 / 13.252       10.704 / 15.785       10.704 / 15.785       10.704 / 15.785      ms
[460.322s][info][gc,stats    ]       Phase: Concurrent Relocate                          76.514 / 214.502      76.001 / 226.884      76.001 / 226.884      76.001 / 226.884     ms
[460.322s][info][gc,stats    ]       Phase: Concurrent Reset Relocation Set               0.042 / 0.106         0.039 / 0.139         0.039 / 0.139         0.039 / 0.139       ms
[460.322s][info][gc,stats    ]       Phase: Concurrent Select Relocation Set             15.153 / 32.734       14.957 / 42.750       14.957 / 42.750       14.957 / 42.750      ms
[460.322s][info][gc,stats    ]       Phase: Pause Mark End                                0.042 / 0.084         0.027 / 0.101         0.027 / 0.101         0.027 / 0.101       ms
[460.322s][info][gc,stats    ]       Phase: Pause Mark Start                              0.007 / 0.009         0.007 / 0.014         0.007 / 0.014         0.007 / 0.014       ms
[460.322s][info][gc,stats    ]       Phase: Pause Relocate Start                          0.015 / 0.030         0.013 / 0.037         0.013 / 0.037         0.013 / 0.037       ms
[460.322s][info][gc,stats    ]    Subphase: Concurrent Classes Purge                      0.522 / 0.672         0.442 / 1.010         0.442 / 1.010         0.442 / 1.010       ms
[460.322s][info][gc,stats    ]    Subphase: Concurrent Classes Unlink                    10.601 / 11.815        9.147 / 12.957        9.147 / 12.957        9.147 / 12.957      ms
[460.322s][info][gc,stats    ]    Subphase: Concurrent Mark                             318.377 / 629.700     319.365 / 969.741     319.365 / 969.741     319.365 / 969.741     ms
[460.322s][info][gc,stats    ]    Subphase: Concurrent Mark Try Flush                     0.195 / 0.382         0.224 / 15.555        0.224 / 15.555        0.224 / 15.555      ms
[460.322s][info][gc,stats    ]    Subphase: Concurrent Mark Try Terminate                 3.487 / 16.245        4.236 / 16.659        4.236 / 16.659        4.236 / 16.659      ms
[460.322s][info][gc,stats    ]    Subphase: Concurrent References Enqueue                 0.005 / 0.008         0.005 / 0.009         0.005 / 0.009         0.005 / 0.009       ms
[460.322s][info][gc,stats    ]    Subphase: Concurrent References Process                 0.180 / 0.271         0.188 / 0.610         0.188 / 0.610         0.188 / 0.610       ms
[460.322s][info][gc,stats    ]    Subphase: Concurrent Roots ClassLoaderDataGraph         0.125 / 0.336         0.120 / 0.376         0.120 / 0.376         0.120 / 0.376       ms
[460.322s][info][gc,stats    ]    Subphase: Concurrent Roots CodeCache                    0.000 / 0.000         0.000 / 0.000         0.000 / 0.000         0.000 / 0.000       ms
[460.322s][info][gc,stats    ]    Subphase: Concurrent Roots JavaThreads                  2.811 / 3.252         3.662 / 8.610         3.662 / 8.610         3.662 / 8.610       ms
[460.322s][info][gc,stats    ]    Subphase: Concurrent Roots OopStorageSet                0.052 / 0.109         0.048 / 0.149         0.048 / 0.149         0.048 / 0.149       ms
[460.322s][info][gc,stats    ]    Subphase: Concurrent Weak Roots OopStorageSet           0.622 / 0.946         0.602 / 1.117         0.602 / 1.117         0.602 / 1.117       ms
[460.322s][info][gc,stats    ]    Subphase: Pause Mark Try Complete                       0.008 / 0.013         0.009 / 0.024         0.009 / 0.024         0.009 / 0.024       ms
[460.322s][info][gc,stats    ]      System: Java Threads                                    263 / 265             254 / 267             254 / 267             254 / 267         threads
[460.322s][info][gc,stats    ] =========================================================================================================================================================
[460.415s][info][gc,start    ] GC(272) Garbage Collection (Allocation Rate)
[460.416s][info][gc,task     ] GC(272) Using 2 workers
[460.416s][info][gc,phases   ] GC(272) Pause Mark Start 0.008ms
[460.934s][info][gc,phases   ] GC(272) Concurrent Mark 518.027ms
[460.934s][info][gc,phases   ] GC(272) Pause Mark End 0.028ms
[460.934s][info][gc,phases   ] GC(272) Concurrent Mark Free 0.001ms
[460.946s][info][gc,phases   ] GC(272) Concurrent Process Non-Strong References 12.044ms
[460.946s][info][gc,phases   ] GC(272) Concurrent Reset Relocation Set 0.002ms
[460.972s][info][gc,phases   ] GC(272) Concurrent Select Relocation Set 25.914ms
[460.972s][info][gc,phases   ] GC(272) Pause Relocate Start 0.013ms
[461.118s][info][gc,phases   ] GC(272) Concurrent Relocate 145.973ms
[461.118s][info][gc,load     ] GC(272) Load: 0.00/0.00/0.00
[461.118s][info][gc,mmu      ] GC(272) MMU: 2ms/95.0%, 5ms/98.0%, 10ms/99.0%, 20ms/99.5%, 50ms/99.8%, 100ms/99.9%
[461.118s][info][gc,marking  ] GC(272) Mark: 2 stripe(s), 2 proactive flush(es), 1 terminate flush(es), 0 completion(s), 0 continuation(s) 
[461.118s][info][gc,marking  ] GC(272) Mark Stack Usage: 32M
[461.118s][info][gc,nmethod  ] GC(272) NMethods: 13320 registered, 850 unregistered
[461.118s][info][gc,metaspace] GC(272) Metaspace: 73M used, 74M committed, 1152M reserved
[461.118s][info][gc,ref      ] GC(272) Soft: 5950 encountered, 0 discovered, 0 enqueued
[461.118s][info][gc,ref      ] GC(272) Weak: 6742 encountered, 977 discovered, 89 enqueued
[461.118s][info][gc,ref      ] GC(272) Final: 53 encountered, 4 discovered, 0 enqueued
[461.118s][info][gc,ref      ] GC(272) Phantom: 588 encountered, 288 discovered, 0 enqueued
[461.119s][info][gc,reloc    ] GC(272) Small Pages: 2216 / 4432M, Empty: 2612M, Relocated: 95M, In-Place: 0
[461.119s][info][gc,reloc    ] GC(272) Medium Pages: 5 / 160M, Empty: 96M, Relocated: 12M, In-Place: 0
[461.119s][info][gc,reloc    ] GC(272) Large Pages: 30 / 212M, Empty: 172M, Relocated: 0M, In-Place: 0
[461.119s][info][gc,reloc    ] GC(272) Forwarding Usage: 95M
[461.119s][info][gc,heap     ] GC(272) Min Capacity: 8192M(100%)
[461.119s][info][gc,heap     ] GC(272) Max Capacity: 8192M(100%)
[461.119s][info][gc,heap     ] GC(272) Soft Max Capacity: 8192M(100%)
[461.119s][info][gc,heap     ] GC(272)                Mark Start          Mark End        Relocate Start      Relocate End           High               Low         
[461.119s][info][gc,heap     ] GC(272)  Capacity:     8192M (100%)       8192M (100%)       8192M (100%)       8192M (100%)       8192M (100%)       8192M (100%)   
[461.119s][info][gc,heap     ] GC(272)      Free:     3388M (41%)        3294M (40%)        6068M (74%)        7502M (92%)        7502M (92%)        3284M (40%)    
[461.119s][info][gc,heap     ] GC(272)      Used:     4804M (59%)        4898M (60%)        2124M (26%)         690M (8%)         4908M (60%)         690M (8%)     
[461.119s][info][gc,heap     ] GC(272)      Live:         -               313M (4%)          313M (4%)          313M (4%)             -                  -          
[461.119s][info][gc,heap     ] GC(272) Allocated:         -                94M (1%)          200M (2%)          348M (4%)             -                  -          
[461.119s][info][gc,heap     ] GC(272)   Garbage:         -              4490M (55%)        1610M (20%)          28M (0%)             -                  -          
[461.119s][info][gc,heap     ] GC(272) Reclaimed:         -                  -              2880M (35%)        4462M (54%)            -                  -          
[461.119s][info][gc          ] GC(272) Garbage Collection (Allocation Rate) 4804M(59%)->690M(8%)
[462.118s][info][gc,start    ] GC(273) Garbage Collection (Allocation Rate)
[462.118s][info][gc,task     ] GC(273) Using 2 workers
[462.118s][info][gc,phases   ] GC(273) Pause Mark Start 0.010ms
[462.473s][info][gc,phases   ] GC(273) Concurrent Mark 355.225ms
[462.473s][info][gc,phases   ] GC(273) Pause Mark End 0.028ms
[462.473s][info][gc,phases   ] GC(273) Concurrent Mark Free 0.002ms
[462.486s][info][gc,phases   ] GC(273) Concurrent Process Non-Strong References 12.662ms
[462.486s][info][gc,phases   ] GC(273) Concurrent Reset Relocation Set 0.113ms
[462.499s][info][gc,phases   ] GC(273) Concurrent Select Relocation Set 12.237ms
[462.499s][info][gc,phases   ] GC(273) Pause Relocate Start 0.010ms
[462.583s][info][gc,phases   ] GC(273) Concurrent Relocate 83.887ms
[462.583s][info][gc,load     ] GC(273) Load: 0.00/0.00/0.00
[462.583s][info][gc,mmu      ] GC(273) MMU: 2ms/95.0%, 5ms/98.0%, 10ms/99.0%, 20ms/99.5%, 50ms/99.8%, 100ms/99.9%
[462.583s][info][gc,marking  ] GC(273) Mark: 2 stripe(s), 2 proactive flush(es), 1 terminate flush(es), 0 completion(s), 0 continuation(s) 
[462.583s][info][gc,marking  ] GC(273) Mark Stack Usage: 32M
[462.583s][info][gc,nmethod  ] GC(273) NMethods: 13328 registered, 850 unregistered
[462.583s][info][gc,metaspace] GC(273) Metaspace: 73M used, 74M committed, 1152M reserved
[462.583s][info][gc,ref      ] GC(273) Soft: 5946 encountered, 0 discovered, 0 enqueued
[462.583s][info][gc,ref      ] GC(273) Weak: 7010 encountered, 1179 discovered, 363 enqueued
[462.583s][info][gc,ref      ] GC(273) Final: 53 encountered, 28 discovered, 0 enqueued
[462.583s][info][gc,ref      ] GC(273) Phantom: 588 encountered, 286 discovered, 0 enqueued
[462.583s][info][gc,reloc    ] GC(273) Small Pages: 1008 / 2016M, Empty: 1058M, Relocated: 41M, In-Place: 0
[462.583s][info][gc,reloc    ] GC(273) Medium Pages: 7 / 224M, Empty: 96M, Relocated: 24M, In-Place: 0
[462.583s][info][gc,reloc    ] GC(273) Large Pages: 24 / 160M, Empty: 160M, Relocated: 0M, In-Place: 0
[462.583s][info][gc,reloc    ] GC(273) Forwarding Usage: 37M
[462.583s][info][gc,heap     ] GC(273) Min Capacity: 8192M(100%)
[462.583s][info][gc,heap     ] GC(273) Max Capacity: 8192M(100%)
[462.583s][info][gc,heap     ] GC(273) Soft Max Capacity: 8192M(100%)
[462.583s][info][gc,heap     ] GC(273)                Mark Start          Mark End        Relocate Start      Relocate End           High               Low         
[462.583s][info][gc,heap     ] GC(273)  Capacity:     8192M (100%)       8192M (100%)       8192M (100%)       8192M (100%)       8192M (100%)       8192M (100%)   
[462.583s][info][gc,heap     ] GC(273)      Free:     5792M (71%)        5116M (62%)        6328M (77%)        6916M (84%)        6916M (84%)        5066M (62%)    
[462.583s][info][gc,heap     ] GC(273)      Used:     2400M (29%)        3076M (38%)        1864M (23%)        1276M (16%)        3126M (38%)        1276M (16%)    
[462.583s][info][gc,heap     ] GC(273)      Live:         -               248M (3%)          248M (3%)          248M (3%)             -                  -          
[462.583s][info][gc,heap     ] GC(273) Allocated:         -               676M (8%)          778M (9%)          992M (12%)            -                  -          
[462.583s][info][gc,heap     ] GC(273)   Garbage:         -              2151M (26%)         837M (10%)          35M (0%)             -                  -          
[462.583s][info][gc,heap     ] GC(273) Reclaimed:         -                  -              1314M (16%)        2116M (26%)            -                  -          
[462.583s][info][gc          ] GC(273) Garbage Collection (Allocation Rate) 2400M(29%)->1276M(16%)
[462.688s][info][gc,start    ] GC(274) Garbage Collection (System.gc())
[462.689s][info][gc,task     ] GC(274) Using 2 workers
[462.689s][info][gc,phases   ] GC(274) Pause Mark Start 0.005ms
[462.826s][info][gc,phases   ] GC(274) Concurrent Mark 136.846ms
[462.826s][info][gc,phases   ] GC(274) Pause Mark End 0.026ms
[462.826s][info][gc,phases   ] GC(274) Concurrent Mark Free 0.002ms
[462.838s][info][gc,phases   ] GC(274) Concurrent Process Non-Strong References 11.694ms
[462.838s][info][gc,phases   ] GC(274) Concurrent Reset Relocation Set 0.040ms
[462.843s][info][gc,phases   ] GC(274) Concurrent Select Relocation Set 5.264ms
[462.843s][info][gc,phases   ] GC(274) Pause Relocate Start 0.008ms
[462.844s][info][gc,phases   ] GC(274) Concurrent Relocate 0.499ms
[462.844s][info][gc,load     ] GC(274) Load: 0.00/0.00/0.00
[462.844s][info][gc,mmu      ] GC(274) MMU: 2ms/95.0%, 5ms/98.0%, 10ms/99.0%, 20ms/99.5%, 50ms/99.8%, 100ms/99.9%
[462.844s][info][gc,marking  ] GC(274) Mark: 2 stripe(s), 2 proactive flush(es), 1 terminate flush(es), 0 completion(s), 0 continuation(s) 
[462.844s][info][gc,marking  ] GC(274) Mark Stack Usage: 32M
[462.844s][info][gc,nmethod  ] GC(274) NMethods: 13328 registered, 850 unregistered
[462.844s][info][gc,metaspace] GC(274) Metaspace: 73M used, 74M committed, 1152M reserved
[462.844s][info][gc,ref      ] GC(274) Soft: 5942 encountered, 0 discovered, 0 enqueued
[462.844s][info][gc,ref      ] GC(274) Weak: 6661 encountered, 944 discovered, 238 enqueued
[462.844s][info][gc,ref      ] GC(274) Final: 53 encountered, 28 discovered, 0 enqueued
[462.844s][info][gc,ref      ] GC(274) Phantom: 589 encountered, 342 discovered, 0 enqueued
[462.844s][info][gc,reloc    ] GC(274) Small Pages: 631 / 1262M, Empty: 1038M, Relocated: 0M, In-Place: 0
[462.844s][info][gc,reloc    ] GC(274) Medium Pages: 6 / 192M, Empty: 160M, Relocated: 0M, In-Place: 0
[462.844s][info][gc,reloc    ] GC(274) Large Pages: 22 / 132M, Empty: 132M, Relocated: 0M, In-Place: 0
[462.844s][info][gc,reloc    ] GC(274) Forwarding Usage: 0M
[462.844s][info][gc,heap     ] GC(274) Min Capacity: 8192M(100%)
[462.844s][info][gc,heap     ] GC(274) Max Capacity: 8192M(100%)
[462.844s][info][gc,heap     ] GC(274) Soft Max Capacity: 8192M(100%)
[462.844s][info][gc,heap     ] GC(274)                Mark Start          Mark End        Relocate Start      Relocate End           High               Low         
[462.844s][info][gc,heap     ] GC(274)  Capacity:     8192M (100%)       8192M (100%)       8192M (100%)       8192M (100%)       8192M (100%)       8192M (100%)   
[462.844s][info][gc,heap     ] GC(274)      Free:     6606M (81%)        6604M (81%)        7926M (97%)        7972M (97%)        7972M (97%)        6604M (81%)    
[462.844s][info][gc,heap     ] GC(274)      Used:     1586M (19%)        1588M (19%)         266M (3%)          220M (3%)         1588M (19%)         220M (3%)     
[462.844s][info][gc,heap     ] GC(274)      Live:         -               176M (2%)          176M (2%)          176M (2%)             -                  -          
[462.844s][info][gc,heap     ] GC(274) Allocated:         -                 2M (0%)           10M (0%)           10M (0%)             -                  -          
[462.844s][info][gc,heap     ] GC(274)   Garbage:         -              1409M (17%)          79M (1%)           33M (0%)             -                  -          
[462.844s][info][gc,heap     ] GC(274) Reclaimed:         -                  -              1330M (16%)        1376M (17%)            -                  -          
[462.844s][info][gc          ] GC(274) Garbage Collection (System.gc()) 1586M(19%)->220M(3%)
[465.117s][info][gc,start    ] GC(275) Garbage Collection (Allocation Rate)
[465.117s][info][gc,task     ] GC(275) Using 2 workers
[465.117s][info][gc,phases   ] GC(275) Pause Mark Start 0.006ms
[465.635s][info][gc,phases   ] GC(275) Concurrent Mark 517.488ms
[465.635s][info][gc,phases   ] GC(275) Pause Mark End 0.059ms
[465.635s][info][gc,phases   ] GC(275) Concurrent Mark Free 0.000ms
[465.646s][info][gc,phases   ] GC(275) Concurrent Process Non-Strong References 11.531ms
[465.646s][info][gc,phases   ] GC(275) Concurrent Reset Relocation Set 0.004ms
[465.673s][info][gc,phases   ] GC(275) Concurrent Select Relocation Set 25.980ms
[465.673s][info][gc,phases   ] GC(275) Pause Relocate Start 0.027ms
[465.820s][info][gc,phases   ] GC(275) Concurrent Relocate 147.160ms
[465.820s][info][gc,load     ] GC(275) Load: 0.00/0.00/0.00
[465.820s][info][gc,mmu      ] GC(275) MMU: 2ms/95.0%, 5ms/98.0%, 10ms/99.0%, 20ms/99.5%, 50ms/99.8%, 100ms/99.9%
[465.820s][info][gc,marking  ] GC(275) Mark: 2 stripe(s), 2 proactive flush(es), 1 terminate flush(es), 1 completion(s), 0 continuation(s) 
[465.820s][info][gc,marking  ] GC(275) Mark Stack Usage: 32M
[465.820s][info][gc,nmethod  ] GC(275) NMethods: 13330 registered, 850 unregistered
[465.820s][info][gc,metaspace] GC(275) Metaspace: 73M used, 74M committed, 1152M reserved
[465.820s][info][gc,ref      ] GC(275) Soft: 5950 encountered, 0 discovered, 0 enqueued
[465.820s][info][gc,ref      ] GC(275) Weak: 6738 encountered, 1246 discovered, 83 enqueued
[465.820s][info][gc,ref      ] GC(275) Final: 53 encountered, 29 discovered, 0 enqueued
[465.820s][info][gc,ref      ] GC(275) Phantom: 589 encountered, 314 discovered, 0 enqueued
[465.820s][info][gc,reloc    ] GC(275) Small Pages: 2217 / 4434M, Empty: 2612M, Relocated: 95M, In-Place: 0
[465.820s][info][gc,reloc    ] GC(275) Medium Pages: 5 / 160M, Empty: 96M, Relocated: 12M, In-Place: 0
[465.820s][info][gc,reloc    ] GC(275) Large Pages: 30 / 212M, Empty: 172M, Relocated: 0M, In-Place: 0
[465.820s][info][gc,reloc    ] GC(275) Forwarding Usage: 95M
[465.820s][info][gc,heap     ] GC(275) Min Capacity: 8192M(100%)
[465.820s][info][gc,heap     ] GC(275) Max Capacity: 8192M(100%)
[465.820s][info][gc,heap     ] GC(275) Soft Max Capacity: 8192M(100%)
[465.820s][info][gc,heap     ] GC(275)                Mark Start          Mark End        Relocate Start      Relocate End           High               Low         
[465.820s][info][gc,heap     ] GC(275)  Capacity:     8192M (100%)       8192M (100%)       8192M (100%)       8192M (100%)       8192M (100%)       8192M (100%)   
[465.820s][info][gc,heap     ] GC(275)      Free:     3386M (41%)        3282M (40%)        6060M (74%)        7490M (91%)        7490M (91%)        3270M (40%)    
[465.820s][info][gc,heap     ] GC(275)      Used:     4806M (59%)        4910M (60%)        2132M (26%)         702M (9%)         4922M (60%)         702M (9%)     
[465.820s][info][gc,heap     ] GC(275)      Live:         -               313M (4%)          313M (4%)          313M (4%)             -                  -          
[465.820s][info][gc,heap     ] GC(275) Allocated:         -               104M (1%)          206M (3%)          360M (4%)             -                  -          
[465.820s][info][gc,heap     ] GC(275)   Garbage:         -              4492M (55%)        1612M (20%)          28M (0%)             -                  -          
[465.820s][info][gc,heap     ] GC(275) Reclaimed:         -                  -              2880M (35%)        4464M (54%)            -                  -          
[465.820s][info][gc          ] GC(275) Garbage Collection (Allocation Rate) 4806M(59%)->702M(9%)
[467.332s][info][gc,start    ] GC(276) Garbage Collection (System.gc())
[467.332s][info][gc,task     ] GC(276) Using 2 workers
[467.332s][info][gc,phases   ] GC(276) Pause Mark Start 0.005ms
[467.481s][info][gc,phases   ] GC(276) Concurrent Mark 148.941ms
[467.481s][info][gc,phases   ] GC(276) Pause Mark End 0.027ms
[467.481s][info][gc,phases   ] GC(276) Concurrent Mark Free 0.002ms
[467.494s][info][gc,phases   ] GC(276) Concurrent Process Non-Strong References 12.888ms
[467.494s][info][gc,phases   ] GC(276) Concurrent Reset Relocation Set 0.059ms
[467.503s][info][gc,phases   ] GC(276) Concurrent Select Relocation Set 8.672ms
[467.503s][info][gc,phases   ] GC(276) Pause Relocate Start 0.011ms
[467.504s][info][gc,phases   ] GC(276) Concurrent Relocate 1.016ms
[467.504s][info][gc,load     ] GC(276) Load: 0.00/0.00/0.00
[467.504s][info][gc,mmu      ] GC(276) MMU: 2ms/95.0%, 5ms/98.0%, 10ms/99.0%, 20ms/99.5%, 50ms/99.8%, 100ms/99.9%
[467.504s][info][gc,marking  ] GC(276) Mark: 2 stripe(s), 2 proactive flush(es), 1 terminate flush(es), 0 completion(s), 0 continuation(s) 
[467.504s][info][gc,marking  ] GC(276) Mark Stack Usage: 32M
[467.504s][info][gc,nmethod  ] GC(276) NMethods: 13339 registered, 850 unregistered
[467.504s][info][gc,metaspace] GC(276) Metaspace: 73M used, 74M committed, 1152M reserved
[467.504s][info][gc,ref      ] GC(276) Soft: 5942 encountered, 0 discovered, 0 enqueued
[467.504s][info][gc,ref      ] GC(276) Weak: 7019 encountered, 1162 discovered, 597 enqueued
[467.504s][info][gc,ref      ] GC(276) Final: 53 encountered, 4 discovered, 0 enqueued
[467.504s][info][gc,ref      ] GC(276) Phantom: 588 encountered, 364 discovered, 0 enqueued
[467.504s][info][gc,reloc    ] GC(276) Small Pages: 1517 / 3034M, Empty: 2740M, Relocated: 0M, In-Place: 0
[467.504s][info][gc,reloc    ] GC(276) Medium Pages: 11 / 352M, Empty: 320M, Relocated: 0M, In-Place: 0
[467.504s][info][gc,reloc    ] GC(276) Large Pages: 45 / 286M, Empty: 286M, Relocated: 0M, In-Place: 0
[467.504s][info][gc,reloc    ] GC(276) Forwarding Usage: 0M
[467.504s][info][gc,heap     ] GC(276) Min Capacity: 8192M(100%)
[467.504s][info][gc,heap     ] GC(276) Max Capacity: 8192M(100%)
[467.504s][info][gc,heap     ] GC(276) Soft Max Capacity: 8192M(100%)
[467.504s][info][gc,heap     ] GC(276)                Mark Start          Mark End        Relocate Start      Relocate End           High               Low         
[467.504s][info][gc,heap     ] GC(276)  Capacity:     8192M (100%)       8192M (100%)       8192M (100%)       8192M (100%)       8192M (100%)       8192M (100%)   
[467.504s][info][gc,heap     ] GC(276)      Free:     4520M (55%)        4516M (55%)        7848M (96%)        7964M (97%)        7964M (97%)        4516M (55%)    
[467.504s][info][gc,heap     ] GC(276)      Used:     3672M (45%)        3676M (45%)         344M (4%)          228M (3%)         3676M (45%)         228M (3%)     
[467.504s][info][gc,heap     ] GC(276)      Live:         -               176M (2%)          176M (2%)          176M (2%)             -                  -          
[467.504s][info][gc,heap     ] GC(276) Allocated:         -                 4M (0%)           18M (0%)           18M (0%)             -                  -          
[467.504s][info][gc,heap     ] GC(276)   Garbage:         -              3495M (43%)         149M (2%)           33M (0%)             -                  -          
[467.504s][info][gc,heap     ] GC(276) Reclaimed:         -                  -              3346M (41%)        3462M (42%)            -                  -          
[467.504s][info][gc          ] GC(276) Garbage Collection (System.gc()) 3672M(45%)->228M(3%)
[469.727s][info][gc,start    ] GC(277) Garbage Collection (Allocation Rate)
[469.727s][info][gc,task     ] GC(277) Using 2 workers
[469.727s][info][gc,phases   ] GC(277) Pause Mark Start 0.005ms
[470.328s][info][gc,stats    ] === Garbage Collection Statistics =======================================================================================================================
[470.328s][info][gc,stats    ]                                                              Last 10s              Last 10m              Last 10h                Total
[470.328s][info][gc,stats    ]                                                              Avg / Max             Avg / Max             Avg / Max             Avg / Max
[470.328s][info][gc,stats    ]   Collector: Garbage Collection Cycle                    439.807 / 703.211     430.395 / 983.217     430.395 / 983.217     430.395 / 983.217     ms
[470.328s][info][gc,stats    ]  Contention: Mark Segment Reset Contention                     4 / 20                3 / 36                3 / 36                3 / 36          ops/s
[470.328s][info][gc,stats    ]  Contention: Mark SeqNum Reset Contention                      0 / 1                 0 / 2                 0 / 2                 0 / 2           ops/s
[470.328s][info][gc,stats    ]    Critical: Allocation Stall                                  0 / 0                 0 / 0                 0 / 0                 0 / 0           ops/s
[470.328s][info][gc,stats    ]    Critical: Allocation Stall                              0.000 / 0.000         0.000 / 0.000         0.000 / 0.000         0.000 / 0.000       ms
[470.328s][info][gc,stats    ]    Critical: GC Locker Stall                                   0 / 0                 0 / 0                 0 / 0                 0 / 0           ops/s
[470.328s][info][gc,stats    ]    Critical: GC Locker Stall                               0.000 / 0.000         0.000 / 0.000         0.000 / 0.000         0.000 / 0.000       ms
[470.328s][info][gc,stats    ]    Critical: Relocation Stall                                  0 / 0                 0 / 0                 0 / 0                 0 / 0           ops/s
[470.328s][info][gc,stats    ]    Critical: Relocation Stall                              0.000 / 0.000         0.000 / 0.000         0.000 / 0.000         0.000 / 0.000       ms
[470.328s][info][gc,stats    ]      Memory: Allocation Rate                                1609 / 2334           1620 / 3876           1620 / 3876           1620 / 3876        MB/s
[470.328s][info][gc,stats    ]      Memory: Out Of Memory                                     0 / 0                 0 / 0                 0 / 0                 0 / 0           ops/s
[470.328s][info][gc,stats    ]      Memory: Page Cache Flush                                  0 / 0                 0 / 0                 0 / 0                 0 / 0           MB/s
[470.328s][info][gc,stats    ]      Memory: Page Cache Hit L1                               742 / 1100            746 / 1729            746 / 1729            746 / 1729        ops/s
[470.328s][info][gc,stats    ]      Memory: Page Cache Hit L2                                 0 / 0                 0 / 0                 0 / 0                 0 / 0           ops/s
[470.328s][info][gc,stats    ]      Memory: Page Cache Hit L3                                 0 / 0                 5 / 527               5 / 527               5 / 527         ops/s
[470.328s][info][gc,stats    ]      Memory: Page Cache Miss                                   0 / 0                 0 / 1                 0 / 1                 0 / 1           ops/s
[470.328s][info][gc,stats    ]      Memory: Uncommit                                          0 / 0                 0 / 0                 0 / 0                 0 / 0           MB/s
[470.328s][info][gc,stats    ]      Memory: Undo Object Allocation Failed                     0 / 0                 0 / 1                 0 / 1                 0 / 1           ops/s
[470.328s][info][gc,stats    ]      Memory: Undo Object Allocation Succeeded                  0 / 0                 6 / 1333              6 / 1333              6 / 1333        ops/s
[470.328s][info][gc,stats    ]      Memory: Undo Page Allocation                              0 / 0                 0 / 3                 0 / 3                 0 / 3           ops/s
[470.328s][info][gc,stats    ]       Phase: Concurrent Mark                             335.305 / 518.027     327.558 / 972.666     327.558 / 972.666     327.558 / 972.666     ms
[470.328s][info][gc,stats    ]       Phase: Concurrent Mark Continue                      0.000 / 0.000         0.000 / 0.000         0.000 / 0.000         0.000 / 0.000       ms
[470.328s][info][gc,stats    ]       Phase: Concurrent Mark Free                          0.001 / 0.002         0.004 / 0.317         0.004 / 0.317         0.004 / 0.317       ms
[470.328s][info][gc,stats    ]       Phase: Concurrent Process Non-Strong References     12.164 / 12.888       10.730 / 15.785       10.730 / 15.785       10.730 / 15.785      ms
[470.328s][info][gc,stats    ]       Phase: Concurrent Relocate                          75.707 / 147.160      75.996 / 226.884      75.996 / 226.884      75.996 / 226.884     ms
[470.328s][info][gc,stats    ]       Phase: Concurrent Reset Relocation Set               0.044 / 0.113         0.039 / 0.139         0.039 / 0.139         0.039 / 0.139       ms
[470.328s][info][gc,stats    ]       Phase: Concurrent Select Relocation Set             15.614 / 25.980       14.969 / 42.750       14.969 / 42.750       14.969 / 42.750      ms
[470.328s][info][gc,stats    ]       Phase: Pause Mark End                                0.034 / 0.059         0.027 / 0.101         0.027 / 0.101         0.027 / 0.101       ms
[470.328s][info][gc,stats    ]       Phase: Pause Mark Start                              0.006 / 0.010         0.007 / 0.014         0.007 / 0.014         0.007 / 0.014       ms
[470.328s][info][gc,stats    ]       Phase: Pause Relocate Start                          0.013 / 0.027         0.013 / 0.037         0.013 / 0.037         0.013 / 0.037       ms
[470.328s][info][gc,stats    ]    Subphase: Concurrent Classes Purge                      0.542 / 0.675         0.444 / 1.010         0.444 / 1.010         0.444 / 1.010       ms
[470.328s][info][gc,stats    ]    Subphase: Concurrent Classes Unlink                    10.408 / 10.916        9.169 / 12.957        9.169 / 12.957        9.169 / 12.957      ms
[470.328s][info][gc,stats    ]    Subphase: Concurrent Mark                             325.792 / 514.686     319.481 / 969.741     319.481 / 969.741     319.481 / 969.741     ms
[470.328s][info][gc,stats    ]    Subphase: Concurrent Mark Try Flush                     0.198 / 0.645         0.224 / 15.555        0.224 / 15.555        0.224 / 15.555      ms
[470.328s][info][gc,stats    ]    Subphase: Concurrent Mark Try Terminate                 4.828 / 16.141        4.246 / 16.659        4.246 / 16.659        4.246 / 16.659      ms
[470.328s][info][gc,stats    ]    Subphase: Concurrent References Enqueue                 0.005 / 0.007         0.005 / 0.009         0.005 / 0.009         0.005 / 0.009       ms
[470.328s][info][gc,stats    ]    Subphase: Concurrent References Process                 0.208 / 0.332         0.188 / 0.610         0.188 / 0.610         0.188 / 0.610       ms
[470.328s][info][gc,stats    ]    Subphase: Concurrent Roots ClassLoaderDataGraph         0.132 / 0.277         0.121 / 0.376         0.121 / 0.376         0.121 / 0.376       ms
[470.328s][info][gc,stats    ]    Subphase: Concurrent Roots CodeCache                    0.000 / 0.000         0.000 / 0.000         0.000 / 0.000         0.000 / 0.000       ms
[470.328s][info][gc,stats    ]    Subphase: Concurrent Roots JavaThreads                  2.848 / 3.264         3.644 / 8.610         3.644 / 8.610         3.644 / 8.610       ms
[470.328s][info][gc,stats    ]    Subphase: Concurrent Roots OopStorageSet                0.046 / 0.059         0.048 / 0.149         0.048 / 0.149         0.048 / 0.149       ms
[470.328s][info][gc,stats    ]    Subphase: Concurrent Weak Roots OopStorageSet           0.710 / 0.866         0.604 / 1.117         0.604 / 1.117         0.604 / 1.117       ms
[470.328s][info][gc,stats    ]    Subphase: Pause Mark Try Complete                       0.006 / 0.012         0.009 / 0.024         0.009 / 0.024         0.009 / 0.024       ms
[470.328s][info][gc,stats    ]      System: Java Threads                                    264 / 265             254 / 267             254 / 267             254 / 267         threads
[470.328s][info][gc,stats    ] =========================================================================================================================================================
[470.357s][info][gc,phases   ] GC(277) Concurrent Mark 629.992ms
[470.357s][info][gc,phases   ] GC(277) Pause Mark End 0.131ms
[470.358s][info][gc,phases   ] GC(277) Concurrent Mark Free 0.001ms
[470.371s][info][gc,phases   ] GC(277) Concurrent Process Non-Strong References 13.618ms
[470.371s][info][gc,phases   ] GC(277) Concurrent Reset Relocation Set 0.004ms
[470.410s][info][gc,phases   ] GC(277) Concurrent Select Relocation Set 38.791ms
[470.410s][info][gc,phases   ] GC(277) Pause Relocate Start 0.010ms
[470.622s][info][gc,phases   ] GC(277) Concurrent Relocate 211.505ms
[470.622s][info][gc,load     ] GC(277) Load: 0.00/0.00/0.00
[470.622s][info][gc,mmu      ] GC(277) MMU: 2ms/93.4%, 5ms/97.4%, 10ms/98.7%, 20ms/99.3%, 50ms/99.7%, 100ms/99.9%
[470.622s][info][gc,marking  ] GC(277) Mark: 2 stripe(s), 2 proactive flush(es), 1 terminate flush(es), 1 completion(s), 0 continuation(s) 
[470.622s][info][gc,marking  ] GC(277) Mark Stack Usage: 32M
[470.622s][info][gc,nmethod  ] GC(277) NMethods: 13345 registered, 850 unregistered
[470.622s][info][gc,metaspace] GC(277) Metaspace: 73M used, 74M committed, 1152M reserved
[470.622s][info][gc,ref      ] GC(277) Soft: 5950 encountered, 0 discovered, 0 enqueued
[470.622s][info][gc,ref      ] GC(277) Weak: 6745 encountered, 715 discovered, 25 enqueued
[470.622s][info][gc,ref      ] GC(277) Final: 53 encountered, 2 discovered, 0 enqueued
[470.622s][info][gc,ref      ] GC(277) Phantom: 588 encountered, 304 discovered, 0 enqueued
[470.622s][info][gc,reloc    ] GC(277) Small Pages: 2171 / 4342M, Empty: 2134M, Relocated: 178M, In-Place: 0
[470.622s][info][gc,reloc    ] GC(277) Medium Pages: 5 / 160M, Empty: 128M, Relocated: 0M, In-Place: 0
[470.622s][info][gc,reloc    ] GC(277) Large Pages: 30 / 212M, Empty: 148M, Relocated: 0M, In-Place: 0
[470.622s][info][gc,reloc    ] GC(277) Forwarding Usage: 138M
[470.622s][info][gc,heap     ] GC(277) Min Capacity: 8192M(100%)
[470.622s][info][gc,heap     ] GC(277) Max Capacity: 8192M(100%)
[470.622s][info][gc,heap     ] GC(277) Soft Max Capacity: 8192M(100%)
[470.622s][info][gc,heap     ] GC(277)                Mark Start          Mark End        Relocate Start      Relocate End           High               Low         
[470.622s][info][gc,heap     ] GC(277)  Capacity:     8192M (100%)       8192M (100%)       8192M (100%)       8192M (100%)       8192M (100%)       8192M (100%)   
[470.622s][info][gc,heap     ] GC(277)      Free:     3478M (42%)        3244M (40%)        5570M (68%)        7120M (87%)        7166M (87%)        3186M (39%)    
[470.622s][info][gc,heap     ] GC(277)      Used:     4714M (58%)        4948M (60%)        2622M (32%)        1072M (13%)        5006M (61%)        1026M (13%)    
[470.622s][info][gc,heap     ] GC(277)      Live:         -               429M (5%)          429M (5%)          429M (5%)             -                  -          
[470.622s][info][gc,heap     ] GC(277) Allocated:         -               234M (3%)          318M (4%)          601M (7%)             -                  -          
[470.622s][info][gc,heap     ] GC(277)   Garbage:         -              4284M (52%)        1874M (23%)          40M (0%)             -                  -          
[470.622s][info][gc,heap     ] GC(277) Reclaimed:         -                  -              2410M (29%)        4243M (52%)            -                  -          
[470.622s][info][gc          ] GC(277) Garbage Collection (Allocation Rate) 4714M(58%)->1072M(13%)
[470.714s][info][gc,start    ] GC(278) Garbage Collection (Allocation Rate)
[470.714s][info][gc,task     ] GC(278) Using 2 workers
[470.714s][info][gc,phases   ] GC(278) Pause Mark Start 0.006ms
[470.942s][info][gc,phases   ] GC(278) Concurrent Mark 227.886ms
[470.942s][info][gc,phases   ] GC(278) Pause Mark End 0.021ms
[470.943s][info][gc,phases   ] GC(278) Concurrent Mark Free 0.001ms
[470.956s][info][gc,phases   ] GC(278) Concurrent Process Non-Strong References 13.551ms
[470.957s][info][gc,phases   ] GC(278) Concurrent Reset Relocation Set 0.085ms
[470.968s][info][gc,phases   ] GC(278) Concurrent Select Relocation Set 11.542ms
[470.968s][info][gc,phases   ] GC(278) Pause Relocate Start 0.017ms
[470.997s][info][gc,phases   ] GC(278) Concurrent Relocate 29.006ms
[470.997s][info][gc,load     ] GC(278) Load: 0.00/0.00/0.00
[470.998s][info][gc,mmu      ] GC(278) MMU: 2ms/93.4%, 5ms/97.4%, 10ms/98.7%, 20ms/99.3%, 50ms/99.7%, 100ms/99.9%
[470.998s][info][gc,marking  ] GC(278) Mark: 2 stripe(s), 2 proactive flush(es), 1 terminate flush(es), 0 completion(s), 0 continuation(s) 
[470.998s][info][gc,marking  ] GC(278) Mark Stack Usage: 32M
[470.998s][info][gc,nmethod  ] GC(278) NMethods: 13347 registered, 850 unregistered
[470.998s][info][gc,metaspace] GC(278) Metaspace: 73M used, 74M committed, 1152M reserved
[470.998s][info][gc,ref      ] GC(278) Soft: 5946 encountered, 0 discovered, 0 enqueued
[470.998s][info][gc,ref      ] GC(278) Weak: 6825 encountered, 906 discovered, 220 enqueued
[470.998s][info][gc,ref      ] GC(278) Final: 53 encountered, 0 discovered, 0 enqueued
[470.998s][info][gc,ref      ] GC(278) Phantom: 589 encountered, 286 discovered, 0 enqueued
[470.998s][info][gc,reloc    ] GC(278) Small Pages: 486 / 972M, Empty: 562M, Relocated: 23M, In-Place: 0
[470.998s][info][gc,reloc    ] GC(278) Medium Pages: 4 / 128M, Empty: 96M, Relocated: 0M, In-Place: 0
[470.998s][info][gc,reloc    ] GC(278) Large Pages: 18 / 124M, Empty: 100M, Relocated: 0M, In-Place: 0
[470.998s][info][gc,reloc    ] GC(278) Forwarding Usage: 24M
[470.998s][info][gc,heap     ] GC(278) Min Capacity: 8192M(100%)
[470.998s][info][gc,heap     ] GC(278) Max Capacity: 8192M(100%)
[470.998s][info][gc,heap     ] GC(278) Soft Max Capacity: 8192M(100%)
[470.998s][info][gc,heap     ] GC(278)                Mark Start          Mark End        Relocate Start      Relocate End           High               Low         
[470.998s][info][gc,heap     ] GC(278)  Capacity:     8192M (100%)       8192M (100%)       8192M (100%)       8192M (100%)       8192M (100%)       8192M (100%)   
[470.998s][info][gc,heap     ] GC(278)      Free:     6968M (85%)        6584M (80%)        7314M (89%)        7498M (92%)        7498M (92%)        6570M (80%)    
[470.998s][info][gc,heap     ] GC(278)      Used:     1224M (15%)        1608M (20%)         878M (11%)         694M (8%)         1622M (20%)         694M (8%)     
[470.998s][info][gc,heap     ] GC(278)      Live:         -               223M (3%)          223M (3%)          223M (3%)             -                  -          
[470.998s][info][gc,heap     ] GC(278) Allocated:         -               384M (5%)          412M (5%)          440M (5%)             -                  -          
[470.998s][info][gc,heap     ] GC(278)   Garbage:         -              1000M (12%)         242M (3%)           30M (0%)             -                  -          
[470.998s][info][gc,heap     ] GC(278) Reclaimed:         -                  -               758M (9%)          970M (12%)            -                  -          
[470.998s][info][gc          ] GC(278) Garbage Collection (Allocation Rate) 1224M(15%)->694M(8%)
[472.077s][info][gc,start    ] GC(279) Garbage Collection (System.gc())
[472.077s][info][gc,task     ] GC(279) Using 2 workers
[472.077s][info][gc,phases   ] GC(279) Pause Mark Start 0.005ms
[472.209s][info][gc,phases   ] GC(279) Concurrent Mark 131.901ms
[472.209s][info][gc,phases   ] GC(279) Pause Mark End 0.022ms
[472.209s][info][gc,phases   ] GC(279) Concurrent Mark Free 0.002ms
[472.221s][info][gc,phases   ] GC(279) Concurrent Process Non-Strong References 11.766ms
[472.221s][info][gc,phases   ] GC(279) Concurrent Reset Relocation Set 0.013ms
[472.225s][info][gc,phases   ] GC(279) Concurrent Select Relocation Set 3.849ms
[472.225s][info][gc,phases   ] GC(279) Pause Relocate Start 0.009ms
[472.226s][info][gc,phases   ] GC(279) Concurrent Relocate 0.607ms
[472.226s][info][gc,load     ] GC(279) Load: 0.00/0.00/0.00
[472.226s][info][gc,mmu      ] GC(279) MMU: 2ms/93.4%, 5ms/97.4%, 10ms/98.7%, 20ms/99.3%, 50ms/99.7%, 100ms/99.9%
[472.226s][info][gc,marking  ] GC(279) Mark: 2 stripe(s), 2 proactive flush(es), 1 terminate flush(es), 0 completion(s), 0 continuation(s) 
[472.226s][info][gc,marking  ] GC(279) Mark Stack Usage: 32M
[472.226s][info][gc,nmethod  ] GC(279) NMethods: 13353 registered, 850 unregistered
[472.226s][info][gc,metaspace] GC(279) Metaspace: 73M used, 74M committed, 1152M reserved
[472.226s][info][gc,ref      ] GC(279) Soft: 5942 encountered, 0 discovered, 0 enqueued
[472.226s][info][gc,ref      ] GC(279) Weak: 6798 encountered, 1128 discovered, 380 enqueued
[472.226s][info][gc,ref      ] GC(279) Final: 53 encountered, 4 discovered, 0 enqueued
[472.226s][info][gc,ref      ] GC(279) Phantom: 589 encountered, 322 discovered, 0 enqueued
[472.226s][info][gc,reloc    ] GC(279) Small Pages: 1237 / 2474M, Empty: 2216M, Relocated: 0M, In-Place: 0
[472.226s][info][gc,reloc    ] GC(279) Medium Pages: 9 / 288M, Empty: 256M, Relocated: 0M, In-Place: 0
[472.226s][info][gc,reloc    ] GC(279) Large Pages: 36 / 216M, Empty: 216M, Relocated: 0M, In-Place: 0
[472.226s][info][gc,reloc    ] GC(279) Forwarding Usage: 0M
[472.226s][info][gc,heap     ] GC(279) Min Capacity: 8192M(100%)
[472.226s][info][gc,heap     ] GC(279) Max Capacity: 8192M(100%)
[472.226s][info][gc,heap     ] GC(279) Soft Max Capacity: 8192M(100%)
[472.226s][info][gc,heap     ] GC(279)                Mark Start          Mark End        Relocate Start      Relocate End           High               Low         
[472.226s][info][gc,heap     ] GC(279)  Capacity:     8192M (100%)       8192M (100%)       8192M (100%)       8192M (100%)       8192M (100%)       8192M (100%)   
[472.226s][info][gc,heap     ] GC(279)      Free:     5214M (64%)        5212M (64%)        7892M (96%)        7972M (97%)        7972M (97%)        5212M (64%)    
[472.226s][info][gc,heap     ] GC(279)      Used:     2978M (36%)        2980M (36%)         300M (4%)          220M (3%)         2980M (36%)         220M (3%)     
[472.226s][info][gc,heap     ] GC(279)      Live:         -               176M (2%)          176M (2%)          176M (2%)             -                  -          
[472.226s][info][gc,heap     ] GC(279) Allocated:         -                 2M (0%)           10M (0%)            9M (0%)             -                  -          
[472.226s][info][gc,heap     ] GC(279)   Garbage:         -              2801M (34%)         113M (1%)           33M (0%)             -                  -          
[472.226s][info][gc,heap     ] GC(279) Reclaimed:         -                  -              2688M (33%)        2767M (34%)            -                  -          
[472.226s][info][gc          ] GC(279) Garbage Collection (System.gc()) 2978M(36%)->220M(3%)
[474.518s][info][gc,start    ] GC(280) Garbage Collection (Allocation Rate)
[474.518s][info][gc,task     ] GC(280) Using 2 workers
[474.518s][info][gc,phases   ] GC(280) Pause Mark Start 0.007ms
[475.016s][info][gc,phases   ] GC(280) Concurrent Mark 498.304ms
[475.017s][info][gc,phases   ] GC(280) Pause Mark End 0.056ms
[475.017s][info][gc,phases   ] GC(280) Concurrent Mark Free 0.001ms
[475.028s][info][gc,phases   ] GC(280) Concurrent Process Non-Strong References 11.672ms
[475.029s][info][gc,phases   ] GC(280) Concurrent Reset Relocation Set 0.005ms
[475.056s][info][gc,phases   ] GC(280) Concurrent Select Relocation Set 27.158ms
[475.056s][info][gc,phases   ] GC(280) Pause Relocate Start 0.021ms
[475.203s][info][gc,phases   ] GC(280) Concurrent Relocate 147.134ms
[475.203s][info][gc,load     ] GC(280) Load: 0.00/0.00/0.00
[475.203s][info][gc,mmu      ] GC(280) MMU: 2ms/93.4%, 5ms/97.4%, 10ms/98.7%, 20ms/99.3%, 50ms/99.7%, 100ms/99.9%
[475.203s][info][gc,marking  ] GC(280) Mark: 2 stripe(s), 2 proactive flush(es), 1 terminate flush(es), 1 completion(s), 0 continuation(s) 
[475.203s][info][gc,marking  ] GC(280) Mark Stack Usage: 32M
[475.203s][info][gc,nmethod  ] GC(280) NMethods: 13371 registered, 850 unregistered
[475.203s][info][gc,metaspace] GC(280) Metaspace: 73M used, 74M committed, 1152M reserved
[475.203s][info][gc,ref      ] GC(280) Soft: 5950 encountered, 0 discovered, 0 enqueued
[475.203s][info][gc,ref      ] GC(280) Weak: 6744 encountered, 689 discovered, 85 enqueued
[475.203s][info][gc,ref      ] GC(280) Final: 53 encountered, 0 discovered, 0 enqueued
[475.203s][info][gc,ref      ] GC(280) Phantom: 589 encountered, 350 discovered, 0 enqueued
[475.203s][info][gc,reloc    ] GC(280) Small Pages: 2218 / 4436M, Empty: 2618M, Relocated: 95M, In-Place: 0
[475.203s][info][gc,reloc    ] GC(280) Medium Pages: 5 / 160M, Empty: 96M, Relocated: 12M, In-Place: 0
[475.203s][info][gc,reloc    ] GC(280) Large Pages: 30 / 212M, Empty: 172M, Relocated: 0M, In-Place: 0
[475.203s][info][gc,reloc    ] GC(280) Forwarding Usage: 95M
[475.203s][info][gc,heap     ] GC(280) Min Capacity: 8192M(100%)
[475.203s][info][gc,heap     ] GC(280) Max Capacity: 8192M(100%)
[475.203s][info][gc,heap     ] GC(280) Soft Max Capacity: 8192M(100%)
[475.203s][info][gc,heap     ] GC(280)                Mark Start          Mark End        Relocate Start      Relocate End           High               Low         
[475.203s][info][gc,heap     ] GC(280)  Capacity:     8192M (100%)       8192M (100%)       8192M (100%)       8192M (100%)       8192M (100%)       8192M (100%)   
[475.203s][info][gc,heap     ] GC(280)      Free:     3384M (41%)        3280M (40%)        6064M (74%)        7488M (91%)        7488M (91%)        3264M (40%)    
[475.204s][info][gc,heap     ] GC(280)      Used:     4808M (59%)        4912M (60%)        2128M (26%)         704M (9%)         4928M (60%)         704M (9%)     
[475.204s][info][gc,heap     ] GC(280)      Live:         -               313M (4%)          313M (4%)          313M (4%)             -                  -          
[475.204s][info][gc,heap     ] GC(280) Allocated:         -               104M (1%)          206M (3%)          359M (4%)             -                  -          
[475.204s][info][gc,heap     ] GC(280)   Garbage:         -              4494M (55%)        1608M (20%)          30M (0%)             -                  -          
[475.204s][info][gc,heap     ] GC(280) Reclaimed:         -                  -              2886M (35%)        4463M (54%)            -                  -          
[475.204s][info][gc          ] GC(280) Garbage Collection (Allocation Rate) 4808M(59%)->704M(9%)
[476.622s][info][gc,start    ] GC(281) Garbage Collection (Allocation Rate)
[476.622s][info][gc,task     ] GC(281) Using 2 workers
[476.622s][info][gc,phases   ] GC(281) Pause Mark Start 0.009ms
[476.873s][info][gc,phases   ] GC(281) Concurrent Mark 251.513ms
[476.874s][info][gc,phases   ] GC(281) Pause Mark End 0.026ms
[476.874s][info][gc,phases   ] GC(281) Concurrent Mark Free 0.001ms
[476.887s][info][gc,phases   ] GC(281) Concurrent Process Non-Strong References 13.343ms
[476.887s][info][gc,phases   ] GC(281) Concurrent Reset Relocation Set 0.092ms
[476.897s][info][gc,phases   ] GC(281) Concurrent Select Relocation Set 9.343ms
[476.897s][info][gc,phases   ] GC(281) Pause Relocate Start 0.011ms
[476.950s][info][gc,phases   ] GC(281) Concurrent Relocate 52.830ms
[476.950s][info][gc,load     ] GC(281) Load: 0.00/0.00/0.00
[476.950s][info][gc,mmu      ] GC(281) MMU: 2ms/93.4%, 5ms/97.4%, 10ms/98.7%, 20ms/99.3%, 50ms/99.7%, 100ms/99.9%
[476.950s][info][gc,marking  ] GC(281) Mark: 2 stripe(s), 2 proactive flush(es), 1 terminate flush(es), 0 completion(s), 0 continuation(s) 
[476.950s][info][gc,marking  ] GC(281) Mark Stack Usage: 32M
[476.950s][info][gc,nmethod  ] GC(281) NMethods: 13420 registered, 850 unregistered
[476.950s][info][gc,metaspace] GC(281) Metaspace: 73M used, 74M committed, 1152M reserved
[476.950s][info][gc,ref      ] GC(281) Soft: 5942 encountered, 0 discovered, 0 enqueued
[476.950s][info][gc,ref      ] GC(281) Weak: 7018 encountered, 1208 discovered, 595 enqueued
[476.950s][info][gc,ref      ] GC(281) Final: 53 encountered, 4 discovered, 0 enqueued
[476.950s][info][gc,ref      ] GC(281) Phantom: 589 encountered, 359 discovered, 0 enqueued
[476.950s][info][gc,reloc    ] GC(281) Small Pages: 1421 / 2842M, Empty: 2160M, Relocated: 43M, In-Place: 0
[476.950s][info][gc,reloc    ] GC(281) Medium Pages: 11 / 352M, Empty: 320M, Relocated: 0M, In-Place: 0
[476.950s][info][gc,reloc    ] GC(281) Large Pages: 48 / 304M, Empty: 286M, Relocated: 0M, In-Place: 0
[476.950s][info][gc,reloc    ] GC(281) Forwarding Usage: 43M
[476.950s][info][gc,heap     ] GC(281) Min Capacity: 8192M(100%)
[476.950s][info][gc,heap     ] GC(281) Max Capacity: 8192M(100%)
[476.950s][info][gc,heap     ] GC(281) Soft Max Capacity: 8192M(100%)
[476.950s][info][gc,heap     ] GC(281)                Mark Start          Mark End        Relocate Start      Relocate End           High               Low         
[476.950s][info][gc,heap     ] GC(281)  Capacity:     8192M (100%)       8192M (100%)       8192M (100%)       8192M (100%)       8192M (100%)       8192M (100%)   
[476.950s][info][gc,heap     ] GC(281)      Free:     4694M (57%)        4490M (55%)        7244M (88%)        7648M (93%)        7648M (93%)        4490M (55%)    
[476.950s][info][gc,heap     ] GC(281)      Used:     3498M (43%)        3702M (45%)         948M (12%)         544M (7%)         3702M (45%)         544M (7%)     
[476.950s][info][gc,heap     ] GC(281)      Live:         -               294M (4%)          294M (4%)          294M (4%)             -                  -          
[476.950s][info][gc,heap     ] GC(281) Allocated:         -               204M (2%)          216M (3%)          216M (3%)             -                  -          
[476.950s][info][gc,heap     ] GC(281)   Garbage:         -              3203M (39%)         437M (5%)           33M (0%)             -                  -          
[476.951s][info][gc,heap     ] GC(281) Reclaimed:         -                  -              2766M (34%)        3170M (39%)            -                  -          
[476.951s][info][gc          ] GC(281) Garbage Collection (Allocation Rate) 3498M(43%)->544M(7%)
[476.951s][info][gc,start    ] GC(282) Garbage Collection (System.gc())
[476.951s][info][gc,task     ] GC(282) Using 2 workers
[476.951s][info][gc,phases   ] GC(282) Pause Mark Start 0.006ms
[477.093s][info][gc,phases   ] GC(282) Concurrent Mark 141.817ms
[477.093s][info][gc,phases   ] GC(282) Pause Mark End 0.028ms
[477.093s][info][gc,phases   ] GC(282) Concurrent Mark Free 0.001ms
[477.104s][info][gc,phases   ] GC(282) Concurrent Process Non-Strong References 11.457ms
[477.104s][info][gc,phases   ] GC(282) Concurrent Reset Relocation Set 0.023ms
[477.109s][info][gc,phases   ] GC(282) Concurrent Select Relocation Set 4.649ms
[477.109s][info][gc,phases   ] GC(282) Pause Relocate Start 0.007ms
[477.110s][info][gc,phases   ] GC(282) Concurrent Relocate 0.593ms
[477.110s][info][gc,load     ] GC(282) Load: 0.00/0.00/0.00
[477.110s][info][gc,mmu      ] GC(282) MMU: 2ms/93.4%, 5ms/97.4%, 10ms/98.7%, 20ms/99.3%, 50ms/99.7%, 100ms/99.9%
[477.110s][info][gc,marking  ] GC(282) Mark: 2 stripe(s), 2 proactive flush(es), 1 terminate flush(es), 0 completion(s), 0 continuation(s) 
[477.110s][info][gc,marking  ] GC(282) Mark Stack Usage: 32M
[477.110s][info][gc,nmethod  ] GC(282) NMethods: 13420 registered, 850 unregistered
[477.110s][info][gc,metaspace] GC(282) Metaspace: 73M used, 74M committed, 1152M reserved
[477.110s][info][gc,ref      ] GC(282) Soft: 5942 encountered, 0 discovered, 0 enqueued
[477.110s][info][gc,ref      ] GC(282) Weak: 6430 encountered, 735 discovered, 8 enqueued
[477.110s][info][gc,ref      ] GC(282) Final: 53 encountered, 4 discovered, 0 enqueued
[477.110s][info][gc,ref      ] GC(282) Phantom: 589 encountered, 341 discovered, 0 enqueued
[477.110s][info][gc,reloc    ] GC(282) Small Pages: 247 / 494M, Empty: 294M, Relocated: 0M, In-Place: 0
[477.110s][info][gc,reloc    ] GC(282) Medium Pages: 1 / 32M, Empty: 0M, Relocated: 0M, In-Place: 0
[477.110s][info][gc,reloc    ] GC(282) Large Pages: 3 / 18M, Empty: 18M, Relocated: 0M, In-Place: 0
[477.110s][info][gc,reloc    ] GC(282) Forwarding Usage: 0M
[477.110s][info][gc,heap     ] GC(282) Min Capacity: 8192M(100%)
[477.110s][info][gc,heap     ] GC(282) Max Capacity: 8192M(100%)
[477.110s][info][gc,heap     ] GC(282) Soft Max Capacity: 8192M(100%)
[477.110s][info][gc,heap     ] GC(282)                Mark Start          Mark End        Relocate Start      Relocate End           High               Low         
[477.110s][info][gc,heap     ] GC(282)  Capacity:     8192M (100%)       8192M (100%)       8192M (100%)       8192M (100%)       8192M (100%)       8192M (100%)   
[477.110s][info][gc,heap     ] GC(282)      Free:     7648M (93%)        7646M (93%)        7950M (97%)        7972M (97%)        7972M (97%)        7646M (93%)    
[477.110s][info][gc,heap     ] GC(282)      Used:      544M (7%)          546M (7%)          242M (3%)          220M (3%)          546M (7%)          220M (3%)     
[477.110s][info][gc,heap     ] GC(282)      Live:         -               176M (2%)          176M (2%)          176M (2%)             -                  -          
[477.110s][info][gc,heap     ] GC(282) Allocated:         -                 2M (0%)           10M (0%)           10M (0%)             -                  -          
[477.110s][info][gc,heap     ] GC(282)   Garbage:         -               367M (4%)           55M (1%)           33M (0%)             -                  -          
[477.110s][info][gc,heap     ] GC(282) Reclaimed:         -                  -               312M (4%)          334M (4%)             -                  -          
[477.110s][info][gc          ] GC(282) Garbage Collection (System.gc()) 544M(7%)->220M(3%)
[479.419s][info][gc,start    ] GC(283) Garbage Collection (Allocation Rate)
[479.419s][info][gc,task     ] GC(283) Using 2 workers
[479.419s][info][gc,phases   ] GC(283) Pause Mark Start 0.006ms
[479.935s][info][gc,phases   ] GC(283) Concurrent Mark 515.628ms
[479.936s][info][gc,phases   ] GC(283) Pause Mark End 0.091ms
[479.936s][info][gc,phases   ] GC(283) Concurrent Mark Free 0.000ms
[479.949s][info][gc,phases   ] GC(283) Concurrent Process Non-Strong References 13.280ms
[479.949s][info][gc,phases   ] GC(283) Concurrent Reset Relocation Set 0.001ms
[479.974s][info][gc,phases   ] GC(283) Concurrent Select Relocation Set 24.325ms
[479.974s][info][gc,phases   ] GC(283) Pause Relocate Start 0.020ms
[480.121s][info][gc,phases   ] GC(283) Concurrent Relocate 147.444ms
[480.121s][info][gc,load     ] GC(283) Load: 0.00/0.00/0.00
[480.121s][info][gc,mmu      ] GC(283) MMU: 2ms/93.4%, 5ms/97.4%, 10ms/98.7%, 20ms/99.3%, 50ms/99.7%, 100ms/99.9%
[480.121s][info][gc,marking  ] GC(283) Mark: 2 stripe(s), 2 proactive flush(es), 1 terminate flush(es), 1 completion(s), 0 continuation(s) 
[480.121s][info][gc,marking  ] GC(283) Mark Stack Usage: 32M
[480.121s][info][gc,nmethod  ] GC(283) NMethods: 13423 registered, 850 unregistered
[480.121s][info][gc,metaspace] GC(283) Metaspace: 73M used, 74M committed, 1152M reserved
[480.121s][info][gc,ref      ] GC(283) Soft: 5950 encountered, 0 discovered, 0 enqueued
[480.121s][info][gc,ref      ] GC(283) Weak: 6738 encountered, 1003 discovered, 19 enqueued
[480.121s][info][gc,ref      ] GC(283) Final: 53 encountered, 4 discovered, 0 enqueued
[480.121s][info][gc,ref      ] GC(283) Phantom: 589 encountered, 289 discovered, 0 enqueued
[480.121s][info][gc,reloc    ] GC(283) Small Pages: 2216 / 4432M, Empty: 2614M, Relocated: 95M, In-Place: 0
[480.121s][info][gc,reloc    ] GC(283) Medium Pages: 5 / 160M, Empty: 96M, Relocated: 13M, In-Place: 0
[480.121s][info][gc,reloc    ] GC(283) Large Pages: 30 / 212M, Empty: 172M, Relocated: 0M, In-Place: 0
[480.121s][info][gc,reloc    ] GC(283) Forwarding Usage: 95M
[480.121s][info][gc,heap     ] GC(283) Min Capacity: 8192M(100%)
[480.121s][info][gc,heap     ] GC(283) Max Capacity: 8192M(100%)
[480.121s][info][gc,heap     ] GC(283) Soft Max Capacity: 8192M(100%)
[480.121s][info][gc,heap     ] GC(283)                Mark Start          Mark End        Relocate Start      Relocate End           High               Low         
[480.121s][info][gc,heap     ] GC(283)  Capacity:     8192M (100%)       8192M (100%)       8192M (100%)       8192M (100%)       8192M (100%)       8192M (100%)   
[480.121s][info][gc,heap     ] GC(283)      Free:     3388M (41%)        3248M (40%)        6048M (74%)        7458M (91%)        7462M (91%)        3218M (39%)    
[480.121s][info][gc,heap     ] GC(283)      Used:     4804M (59%)        4944M (60%)        2144M (26%)         734M (9%)         4974M (61%)         730M (9%)     
[480.121s][info][gc,heap     ] GC(283)      Live:         -               314M (4%)          314M (4%)          314M (4%)             -                  -          
[480.122s][info][gc,heap     ] GC(283) Allocated:         -               140M (2%)          222M (3%)          389M (5%)             -                  -          
[480.122s][info][gc,heap     ] GC(283)   Garbage:         -              4489M (55%)        1607M (20%)          29M (0%)             -                  -          
[480.122s][info][gc,heap     ] GC(283) Reclaimed:         -                  -              2882M (35%)        4459M (54%)            -                  -          
[480.122s][info][gc          ] GC(283) Garbage Collection (Allocation Rate) 4804M(59%)->734M(9%)
[480.322s][info][gc,stats    ] === Garbage Collection Statistics =======================================================================================================================
[480.322s][info][gc,stats    ]                                                              Last 10s              Last 10m              Last 10h                Total
[480.322s][info][gc,stats    ]                                                              Avg / Max             Avg / Max             Avg / Max             Avg / Max
[480.322s][info][gc,stats    ]   Collector: Garbage Collection Cycle                    457.533 / 895.176     431.064 / 983.217     431.064 / 983.217     431.064 / 983.217     ms
[480.322s][info][gc,stats    ]  Contention: Mark Segment Reset Contention                     4 / 22                3 / 36                3 / 36                3 / 36          ops/s
[480.322s][info][gc,stats    ]  Contention: Mark SeqNum Reset Contention                      0 / 1                 0 / 2                 0 / 2                 0 / 2           ops/s
[480.322s][info][gc,stats    ]    Critical: Allocation Stall                                  0 / 0                 0 / 0                 0 / 0                 0 / 0           ops/s
[480.322s][info][gc,stats    ]    Critical: Allocation Stall                              0.000 / 0.000         0.000 / 0.000         0.000 / 0.000         0.000 / 0.000       ms
[480.322s][info][gc,stats    ]    Critical: GC Locker Stall                                   0 / 0                 0 / 0                 0 / 0                 0 / 0           ops/s
[480.323s][info][gc,stats    ]    Critical: GC Locker Stall                               0.000 / 0.000         0.000 / 0.000         0.000 / 0.000         0.000 / 0.000       ms
[480.323s][info][gc,stats    ]    Critical: Relocation Stall                                  0 / 0                 0 / 0                 0 / 0                 0 / 0           ops/s
[480.323s][info][gc,stats    ]    Critical: Relocation Stall                              0.000 / 0.000         0.000 / 0.000         0.000 / 0.000         0.000 / 0.000       ms
[480.323s][info][gc,stats    ]      Memory: Allocation Rate                                1659 / 2248           1621 / 3876           1621 / 3876           1621 / 3876        MB/s
[480.323s][info][gc,stats    ]      Memory: Out Of Memory                                     0 / 0                 0 / 0                 0 / 0                 0 / 0           ops/s
[480.323s][info][gc,stats    ]      Memory: Page Cache Flush                                  0 / 0                 0 / 0                 0 / 0                 0 / 0           MB/s
[480.323s][info][gc,stats    ]      Memory: Page Cache Hit L1                               773 / 1051            747 / 1729            747 / 1729            747 / 1729        ops/s
[480.323s][info][gc,stats    ]      Memory: Page Cache Hit L2                                 0 / 0                 0 / 0                 0 / 0                 0 / 0           ops/s
[480.323s][info][gc,stats    ]      Memory: Page Cache Hit L3                                 0 / 1                 5 / 527               5 / 527               5 / 527         ops/s
[480.323s][info][gc,stats    ]      Memory: Page Cache Miss                                   0 / 0                 0 / 1                 0 / 1                 0 / 1           ops/s
[480.323s][info][gc,stats    ]      Memory: Uncommit                                          0 / 0                 0 / 0                 0 / 0                 0 / 0           MB/s
[480.323s][info][gc,stats    ]      Memory: Undo Object Allocation Failed                     0 / 0                 0 / 1                 0 / 1                 0 / 1           ops/s
[480.323s][info][gc,stats    ]      Memory: Undo Object Allocation Succeeded                  0 / 0                 6 / 1333              6 / 1333              6 / 1333        ops/s
[480.323s][info][gc,stats    ]      Memory: Undo Page Allocation                              0 / 0                 0 / 3                 0 / 3                 0 / 3           ops/s
[480.323s][info][gc,stats    ]       Phase: Concurrent Mark                             342.434 / 629.992     327.924 / 972.666     327.924 / 972.666     327.924 / 972.666     ms
[480.323s][info][gc,stats    ]       Phase: Concurrent Mark Continue                      0.000 / 0.000         0.000 / 0.000         0.000 / 0.000         0.000 / 0.000       ms
[480.323s][info][gc,stats    ]       Phase: Concurrent Mark Free                          0.001 / 0.002         0.004 / 0.317         0.004 / 0.317         0.004 / 0.317       ms
[480.323s][info][gc,stats    ]       Phase: Concurrent Process Non-Strong References     12.669 / 13.618       10.778 / 15.785       10.778 / 15.785       10.778 / 15.785      ms
[480.323s][info][gc,stats    ]       Phase: Concurrent Relocate                          84.160 / 211.505      76.197 / 226.884      76.197 / 226.884      76.197 / 226.884     ms
[480.323s][info][gc,stats    ]       Phase: Concurrent Reset Relocation Set               0.032 / 0.092         0.039 / 0.139         0.039 / 0.139         0.039 / 0.139       ms
[480.323s][info][gc,stats    ]       Phase: Concurrent Select Relocation Set             17.094 / 38.791       15.021 / 42.750       15.021 / 42.750       15.021 / 42.750      ms
[480.323s][info][gc,stats    ]       Phase: Pause Mark End                                0.053 / 0.131         0.028 / 0.131         0.028 / 0.131         0.028 / 0.131       ms
[480.323s][info][gc,stats    ]       Phase: Pause Mark Start                              0.007 / 0.009         0.007 / 0.014         0.007 / 0.014         0.007 / 0.014       ms
[480.323s][info][gc,stats    ]       Phase: Pause Relocate Start                          0.013 / 0.021         0.013 / 0.037         0.013 / 0.037         0.013 / 0.037       ms
[480.323s][info][gc,stats    ]    Subphase: Concurrent Classes Purge                      0.522 / 0.646         0.446 / 1.010         0.446 / 1.010         0.446 / 1.010       ms
[480.323s][info][gc,stats    ]    Subphase: Concurrent Classes Unlink                    10.963 / 12.166        9.214 / 12.957        9.214 / 12.957        9.214 / 12.957      ms
[480.323s][info][gc,stats    ]    Subphase: Concurrent Mark                             335.329 / 626.779     319.871 / 969.741     319.871 / 969.741     319.871 / 969.741     ms
[480.323s][info][gc,stats    ]    Subphase: Concurrent Mark Try Flush                     0.151 / 0.491         0.222 / 15.555        0.222 / 15.555        0.222 / 15.555      ms
[480.323s][info][gc,stats    ]    Subphase: Concurrent Mark Try Terminate                 3.701 / 16.633        4.233 / 16.659        4.233 / 16.659        4.233 / 16.659      ms
[480.323s][info][gc,stats    ]    Subphase: Concurrent References Enqueue                 0.006 / 0.007         0.005 / 0.009         0.005 / 0.009         0.005 / 0.009       ms
[480.323s][info][gc,stats    ]    Subphase: Concurrent References Process                 0.175 / 0.339         0.188 / 0.610         0.188 / 0.610         0.188 / 0.610       ms
[480.323s][info][gc,stats    ]    Subphase: Concurrent Roots ClassLoaderDataGraph         0.113 / 0.273         0.120 / 0.376         0.120 / 0.376         0.120 / 0.376       ms
[480.323s][info][gc,stats    ]    Subphase: Concurrent Roots CodeCache                    0.000 / 0.000         0.000 / 0.000         0.000 / 0.000         0.000 / 0.000       ms
[480.323s][info][gc,stats    ]    Subphase: Concurrent Roots JavaThreads                  2.853 / 3.208         3.627 / 8.610         3.627 / 8.610         3.627 / 8.610       ms
[480.323s][info][gc,stats    ]    Subphase: Concurrent Roots OopStorageSet                0.046 / 0.066         0.048 / 0.149         0.048 / 0.149         0.048 / 0.149       ms
[480.323s][info][gc,stats    ]    Subphase: Concurrent Weak Roots OopStorageSet           0.643 / 1.035         0.605 / 1.117         0.605 / 1.117         0.605 / 1.117       ms
[480.323s][info][gc,stats    ]    Subphase: Pause Mark Try Complete                       0.014 / 0.025         0.010 / 0.025         0.010 / 0.025         0.010 / 0.025       ms
[480.323s][info][gc,stats    ]      System: Java Threads                                    264 / 265             254 / 267             254 / 267             254 / 267         threads
[480.323s][info][gc,stats    ] =========================================================================================================================================================
[481.328s][info][gc,start    ] GC(284) Garbage Collection (Allocation Rate)
[481.328s][info][gc,task     ] GC(284) Using 2 workers
[481.328s][info][gc,phases   ] GC(284) Pause Mark Start 0.011ms
[481.548s][info][gc,phases   ] GC(284) Concurrent Mark 219.184ms
[481.548s][info][gc,phases   ] GC(284) Pause Mark End 0.028ms
[481.548s][info][gc,phases   ] GC(284) Concurrent Mark Free 0.001ms
[481.560s][info][gc,phases   ] GC(284) Concurrent Process Non-Strong References 12.423ms
[481.560s][info][gc,phases   ] GC(284) Concurrent Reset Relocation Set 0.073ms
[481.572s][info][gc,phases   ] GC(284) Concurrent Select Relocation Set 11.198ms
[481.572s][info][gc,phases   ] GC(284) Pause Relocate Start 0.009ms
[481.634s][info][gc,phases   ] GC(284) Concurrent Relocate 61.670ms
[481.634s][info][gc,load     ] GC(284) Load: 0.00/0.00/0.00
[481.634s][info][gc,mmu      ] GC(284) MMU: 2ms/93.4%, 5ms/97.4%, 10ms/98.7%, 20ms/99.3%, 50ms/99.7%, 100ms/99.9%
[481.634s][info][gc,marking  ] GC(284) Mark: 2 stripe(s), 2 proactive flush(es), 1 terminate flush(es), 0 completion(s), 0 continuation(s) 
[481.634s][info][gc,marking  ] GC(284) Mark Stack Usage: 32M
[481.634s][info][gc,nmethod  ] GC(284) NMethods: 13427 registered, 850 unregistered
[481.634s][info][gc,metaspace] GC(284) Metaspace: 73M used, 74M committed, 1152M reserved
[481.634s][info][gc,ref      ] GC(284) Soft: 5942 encountered, 0 discovered, 0 enqueued
[481.634s][info][gc,ref      ] GC(284) Weak: 7022 encountered, 1504 discovered, 371 enqueued
[481.634s][info][gc,ref      ] GC(284) Final: 53 encountered, 2 discovered, 0 enqueued
[481.634s][info][gc,ref      ] GC(284) Phantom: 588 encountered, 562 discovered, 0 enqueued
[481.634s][info][gc,reloc    ] GC(284) Small Pages: 1161 / 2322M, Empty: 1754M, Relocated: 36M, In-Place: 0
[481.634s][info][gc,reloc    ] GC(284) Medium Pages: 11 / 352M, Empty: 192M, Relocated: 16M, In-Place: 0
[481.634s][info][gc,reloc    ] GC(284) Large Pages: 42 / 268M, Empty: 268M, Relocated: 0M, In-Place: 0
[481.634s][info][gc,reloc    ] GC(284) Forwarding Usage: 37M
[481.634s][info][gc,heap     ] GC(284) Min Capacity: 8192M(100%)
[481.634s][info][gc,heap     ] GC(284) Max Capacity: 8192M(100%)
[481.634s][info][gc,heap     ] GC(284) Soft Max Capacity: 8192M(100%)
[481.634s][info][gc,heap     ] GC(284)                Mark Start          Mark End        Relocate Start      Relocate End           High               Low         
[481.634s][info][gc,heap     ] GC(284)  Capacity:     8192M (100%)       8192M (100%)       8192M (100%)       8192M (100%)       8192M (100%)       8192M (100%)   
[481.634s][info][gc,heap     ] GC(284)      Free:     5250M (64%)        4670M (57%)        6824M (83%)        7156M (87%)        7156M (87%)        4642M (57%)    
[481.634s][info][gc,heap     ] GC(284)      Used:     2942M (36%)        3522M (43%)        1368M (17%)        1036M (13%)        3550M (43%)        1036M (13%)    
[481.634s][info][gc,heap     ] GC(284)      Live:         -               231M (3%)          231M (3%)          231M (3%)             -                  -          
[481.634s][info][gc,heap     ] GC(284) Allocated:         -               580M (7%)          640M (8%)          760M (9%)             -                  -          
[481.634s][info][gc,heap     ] GC(284)   Garbage:         -              2710M (33%)         496M (6%)           44M (1%)             -                  -          
[481.634s][info][gc,heap     ] GC(284) Reclaimed:         -                  -              2214M (27%)        2666M (33%)            -                  -          
[481.634s][info][gc          ] GC(284) Garbage Collection (Allocation Rate) 2942M(36%)->1036M(13%)
[481.652s][info][gc,start    ] GC(285) Garbage Collection (System.gc())
[481.652s][info][gc,task     ] GC(285) Using 2 workers
[481.652s][info][gc,phases   ] GC(285) Pause Mark Start 0.008ms
[481.789s][info][gc,phases   ] GC(285) Concurrent Mark 136.179ms
[481.789s][info][gc,phases   ] GC(285) Pause Mark End 0.022ms
[481.789s][info][gc,phases   ] GC(285) Concurrent Mark Free 0.002ms
[481.800s][info][gc,phases   ] GC(285) Concurrent Process Non-Strong References 11.305ms
[481.800s][info][gc,phases   ] GC(285) Concurrent Reset Relocation Set 0.019ms
[481.805s][info][gc,phases   ] GC(285) Concurrent Select Relocation Set 5.030ms
[481.805s][info][gc,phases   ] GC(285) Pause Relocate Start 0.009ms
[481.806s][info][gc,phases   ] GC(285) Concurrent Relocate 0.665ms
[481.806s][info][gc,load     ] GC(285) Load: 0.00/0.00/0.00
[481.806s][info][gc,mmu      ] GC(285) MMU: 2ms/93.4%, 5ms/97.4%, 10ms/98.7%, 20ms/99.3%, 50ms/99.7%, 100ms/99.9%
[481.806s][info][gc,marking  ] GC(285) Mark: 2 stripe(s), 2 proactive flush(es), 1 terminate flush(es), 0 completion(s), 0 continuation(s) 
[481.806s][info][gc,marking  ] GC(285) Mark Stack Usage: 32M
[481.806s][info][gc,nmethod  ] GC(285) NMethods: 13427 registered, 850 unregistered
[481.806s][info][gc,metaspace] GC(285) Metaspace: 73M used, 74M committed, 1152M reserved
[481.806s][info][gc,ref      ] GC(285) Soft: 5942 encountered, 0 discovered, 0 enqueued
[481.806s][info][gc,ref      ] GC(285) Weak: 6653 encountered, 922 discovered, 231 enqueued
[481.806s][info][gc,ref      ] GC(285) Final: 53 encountered, 4 discovered, 0 enqueued
[481.806s][info][gc,ref      ] GC(285) Phantom: 588 encountered, 359 discovered, 0 enqueued
[481.806s][info][gc,reloc    ] GC(285) Small Pages: 472 / 944M, Empty: 740M, Relocated: 1M, In-Place: 0
[481.806s][info][gc,reloc    ] GC(285) Medium Pages: 3 / 96M, Empty: 64M, Relocated: 0M, In-Place: 0
[481.806s][info][gc,reloc    ] GC(285) Large Pages: 6 / 36M, Empty: 36M, Relocated: 0M, In-Place: 0
[481.806s][info][gc,reloc    ] GC(285) Forwarding Usage: 0M
[481.806s][info][gc,heap     ] GC(285) Min Capacity: 8192M(100%)
[481.806s][info][gc,heap     ] GC(285) Max Capacity: 8192M(100%)
[481.806s][info][gc,heap     ] GC(285) Soft Max Capacity: 8192M(100%)
[481.806s][info][gc,heap     ] GC(285)                Mark Start          Mark End        Relocate Start      Relocate End           High               Low         
[481.806s][info][gc,heap     ] GC(285)  Capacity:     8192M (100%)       8192M (100%)       8192M (100%)       8192M (100%)       8192M (100%)       8192M (100%)   
[481.806s][info][gc,heap     ] GC(285)      Free:     7116M (87%)        7114M (87%)        7944M (97%)        7970M (97%)        7970M (97%)        7114M (87%)    
[481.806s][info][gc,heap     ] GC(285)      Used:     1076M (13%)        1078M (13%)         248M (3%)          222M (3%)         1078M (13%)         222M (3%)     
[481.806s][info][gc,heap     ] GC(285)      Live:         -               176M (2%)          176M (2%)          176M (2%)             -                  -          
[481.806s][info][gc,heap     ] GC(285) Allocated:         -                 2M (0%)           12M (0%)           12M (0%)             -                  -          
[481.806s][info][gc,heap     ] GC(285)   Garbage:         -               899M (11%)          59M (1%)           33M (0%)             -                  -          
[481.806s][info][gc,heap     ] GC(285) Reclaimed:         -                  -               840M (10%)         866M (11%)            -                  -          
[481.806s][info][gc          ] GC(285) Garbage Collection (System.gc()) 1076M(13%)->222M(3%)
[484.121s][info][gc,start    ] GC(286) Garbage Collection (Allocation Rate)
[484.121s][info][gc,task     ] GC(286) Using 2 workers
[484.121s][info][gc,phases   ] GC(286) Pause Mark Start 0.006ms
[484.634s][info][gc,phases   ] GC(286) Concurrent Mark 512.689ms
[484.634s][info][gc,phases   ] GC(286) Pause Mark End 0.023ms
[484.634s][info][gc,phases   ] GC(286) Concurrent Mark Free 0.001ms
[484.647s][info][gc,phases   ] GC(286) Concurrent Process Non-Strong References 12.647ms
[484.647s][info][gc,phases   ] GC(286) Concurrent Reset Relocation Set 0.002ms
[484.672s][info][gc,phases   ] GC(286) Concurrent Select Relocation Set 25.097ms
[484.673s][info][gc,phases   ] GC(286) Pause Relocate Start 0.023ms
[484.818s][info][gc,phases   ] GC(286) Concurrent Relocate 145.128ms
[484.818s][info][gc,load     ] GC(286) Load: 0.00/0.00/0.00
[484.818s][info][gc,mmu      ] GC(286) MMU: 2ms/93.4%, 5ms/97.4%, 10ms/98.7%, 20ms/99.3%, 50ms/99.7%, 100ms/99.9%
[484.818s][info][gc,marking  ] GC(286) Mark: 2 stripe(s), 2 proactive flush(es), 1 terminate flush(es), 0 completion(s), 0 continuation(s) 
[484.818s][info][gc,marking  ] GC(286) Mark Stack Usage: 32M
[484.818s][info][gc,nmethod  ] GC(286) NMethods: 13431 registered, 850 unregistered
[484.818s][info][gc,metaspace] GC(286) Metaspace: 73M used, 74M committed, 1152M reserved
[484.818s][info][gc,ref      ] GC(286) Soft: 5950 encountered, 0 discovered, 0 enqueued
[484.818s][info][gc,ref      ] GC(286) Weak: 6733 encountered, 639 discovered, 20 enqueued
[484.818s][info][gc,ref      ] GC(286) Final: 53 encountered, 4 discovered, 0 enqueued
[484.818s][info][gc,ref      ] GC(286) Phantom: 588 encountered, 340 discovered, 0 enqueued
[484.818s][info][gc,reloc    ] GC(286) Small Pages: 2217 / 4434M, Empty: 2614M, Relocated: 95M, In-Place: 0
[484.818s][info][gc,reloc    ] GC(286) Medium Pages: 5 / 160M, Empty: 96M, Relocated: 14M, In-Place: 0
[484.818s][info][gc,reloc    ] GC(286) Large Pages: 30 / 212M, Empty: 172M, Relocated: 0M, In-Place: 0
[484.818s][info][gc,reloc    ] GC(286) Forwarding Usage: 95M
[484.818s][info][gc,heap     ] GC(286) Min Capacity: 8192M(100%)
[484.818s][info][gc,heap     ] GC(286) Max Capacity: 8192M(100%)
[484.818s][info][gc,heap     ] GC(286) Soft Max Capacity: 8192M(100%)
[484.818s][info][gc,heap     ] GC(286)                Mark Start          Mark End        Relocate Start      Relocate End           High               Low         
[484.818s][info][gc,heap     ] GC(286)  Capacity:     8192M (100%)       8192M (100%)       8192M (100%)       8192M (100%)       8192M (100%)       8192M (100%)   
[484.818s][info][gc,heap     ] GC(286)      Free:     3386M (41%)        3172M (39%)        6000M (73%)        7422M (91%)        7422M (91%)        3160M (39%)    
[484.818s][info][gc,heap     ] GC(286)      Used:     4806M (59%)        5020M (61%)        2192M (27%)         770M (9%)         5032M (61%)         770M (9%)     
[484.818s][info][gc,heap     ] GC(286)      Live:         -               315M (4%)          315M (4%)          315M (4%)             -                  -          
[484.818s][info][gc,heap     ] GC(286) Allocated:         -               214M (3%)          268M (3%)          425M (5%)             -                  -          
[484.818s][info][gc,heap     ] GC(286)   Garbage:         -              4490M (55%)        1608M (20%)          28M (0%)             -                  -          
[484.818s][info][gc,heap     ] GC(286) Reclaimed:         -                  -              2882M (35%)        4461M (54%)            -                  -          
[484.818s][info][gc          ] GC(286) Garbage Collection (Allocation Rate) 4806M(59%)->770M(9%)
[486.221s][info][gc,start    ] GC(287) Garbage Collection (Allocation Rate)
[486.221s][info][gc,task     ] GC(287) Using 2 workers
[486.221s][info][gc,phases   ] GC(287) Pause Mark Start 0.011ms
[486.456s][info][gc,phases   ] GC(287) Concurrent Mark 235.003ms
[486.456s][info][gc,phases   ] GC(287) Pause Mark End 0.026ms
[486.456s][info][gc,phases   ] GC(287) Concurrent Mark Free 0.002ms
[486.468s][info][gc,phases   ] GC(287) Concurrent Process Non-Strong References 11.303ms
[486.468s][info][gc,phases   ] GC(287) Concurrent Reset Relocation Set 0.093ms
[486.478s][info][gc,phases   ] GC(287) Concurrent Select Relocation Set 9.799ms
[486.478s][info][gc,phases   ] GC(287) Pause Relocate Start 0.013ms
[486.531s][info][gc,phases   ] GC(287) Concurrent Relocate 53.395ms
[486.531s][info][gc,load     ] GC(287) Load: 0.00/0.00/0.00
[486.531s][info][gc,mmu      ] GC(287) MMU: 2ms/93.4%, 5ms/97.4%, 10ms/98.7%, 20ms/99.3%, 50ms/99.7%, 100ms/99.9%
[486.531s][info][gc,marking  ] GC(287) Mark: 2 stripe(s), 2 proactive flush(es), 1 terminate flush(es), 0 completion(s), 0 continuation(s) 
[486.531s][info][gc,marking  ] GC(287) Mark Stack Usage: 32M
[486.531s][info][gc,nmethod  ] GC(287) NMethods: 13440 registered, 850 unregistered
[486.531s][info][gc,metaspace] GC(287) Metaspace: 73M used, 74M committed, 1152M reserved
[486.531s][info][gc,ref      ] GC(287) Soft: 5942 encountered, 0 discovered, 0 enqueued
[486.531s][info][gc,ref      ] GC(287) Weak: 7015 encountered, 1390 discovered, 603 enqueued
[486.531s][info][gc,ref      ] GC(287) Final: 53 encountered, 4 discovered, 0 enqueued
[486.532s][info][gc,ref      ] GC(287) Phantom: 588 encountered, 422 discovered, 0 enqueued
[486.532s][info][gc,reloc    ] GC(287) Small Pages: 1444 / 2888M, Empty: 2188M, Relocated: 45M, In-Place: 0
[486.532s][info][gc,reloc    ] GC(287) Medium Pages: 11 / 352M, Empty: 320M, Relocated: 0M, In-Place: 0
[486.532s][info][gc,reloc    ] GC(287) Large Pages: 46 / 292M, Empty: 280M, Relocated: 0M, In-Place: 0
[486.532s][info][gc,reloc    ] GC(287) Forwarding Usage: 44M
[486.532s][info][gc,heap     ] GC(287) Min Capacity: 8192M(100%)
[486.532s][info][gc,heap     ] GC(287) Max Capacity: 8192M(100%)
[486.532s][info][gc,heap     ] GC(287) Soft Max Capacity: 8192M(100%)
[486.532s][info][gc,heap     ] GC(287)                Mark Start          Mark End        Relocate Start      Relocate End           High               Low         
[486.532s][info][gc,heap     ] GC(287)  Capacity:     8192M (100%)       8192M (100%)       8192M (100%)       8192M (100%)       8192M (100%)       8192M (100%)   
[486.532s][info][gc,heap     ] GC(287)      Free:     4660M (57%)        4504M (55%)        7284M (89%)        7692M (94%)        7692M (94%)        4504M (55%)    
[486.532s][info][gc,heap     ] GC(287)      Used:     3532M (43%)        3688M (45%)         908M (11%)         500M (6%)         3688M (45%)         500M (6%)     
[486.532s][info][gc,heap     ] GC(287)      Live:         -               303M (4%)          303M (4%)          303M (4%)             -                  -          
[486.532s][info][gc,heap     ] GC(287) Allocated:         -               156M (2%)          164M (2%)          164M (2%)             -                  -          
[486.532s][info][gc,heap     ] GC(287)   Garbage:         -              3228M (39%)         440M (5%)           32M (0%)             -                  -          
[486.532s][info][gc,heap     ] GC(287) Reclaimed:         -                  -              2788M (34%)        3196M (39%)            -                  -          
[486.532s][info][gc          ] GC(287) Garbage Collection (Allocation Rate) 3532M(43%)->500M(6%)
[486.532s][info][gc,start    ] GC(288) Garbage Collection (System.gc())
[486.532s][info][gc,task     ] GC(288) Using 2 workers
[486.532s][info][gc,phases   ] GC(288) Pause Mark Start 0.008ms
[486.681s][info][gc,phases   ] GC(288) Concurrent Mark 149.109ms
[486.682s][info][gc,phases   ] GC(288) Pause Mark End 0.029ms
[486.682s][info][gc,phases   ] GC(288) Concurrent Mark Free 0.002ms
[486.695s][info][gc,phases   ] GC(288) Concurrent Process Non-Strong References 12.884ms
[486.695s][info][gc,phases   ] GC(288) Concurrent Reset Relocation Set 0.015ms
[486.700s][info][gc,phases   ] GC(288) Concurrent Select Relocation Set 4.991ms
[486.700s][info][gc,phases   ] GC(288) Pause Relocate Start 0.008ms
[486.700s][info][gc,phases   ] GC(288) Concurrent Relocate 0.711ms
[486.701s][info][gc,load     ] GC(288) Load: 0.00/0.00/0.00
[486.701s][info][gc,mmu      ] GC(288) MMU: 2ms/93.4%, 5ms/97.4%, 10ms/98.7%, 20ms/99.3%, 50ms/99.7%, 100ms/99.9%
[486.701s][info][gc,marking  ] GC(288) Mark: 2 stripe(s), 2 proactive flush(es), 1 terminate flush(es), 0 completion(s), 0 continuation(s) 
[486.701s][info][gc,marking  ] GC(288) Mark Stack Usage: 32M
[486.701s][info][gc,nmethod  ] GC(288) NMethods: 13440 registered, 850 unregistered
[486.701s][info][gc,metaspace] GC(288) Metaspace: 73M used, 74M committed, 1152M reserved
[486.701s][info][gc,ref      ] GC(288) Soft: 5942 encountered, 0 discovered, 0 enqueued
[486.701s][info][gc,ref      ] GC(288) Weak: 6417 encountered, 597 discovered, 8 enqueued
[486.701s][info][gc,ref      ] GC(288) Final: 53 encountered, 4 discovered, 0 enqueued
[486.701s][info][gc,ref      ] GC(288) Phantom: 588 encountered, 287 discovered, 0 enqueued
[486.701s][info][gc,reloc    ] GC(288) Small Pages: 228 / 456M, Empty: 258M, Relocated: 1M, In-Place: 0
[486.701s][info][gc,reloc    ] GC(288) Medium Pages: 1 / 32M, Empty: 0M, Relocated: 0M, In-Place: 0
[486.701s][info][gc,reloc    ] GC(288) Large Pages: 2 / 12M, Empty: 12M, Relocated: 0M, In-Place: 0
[486.701s][info][gc,reloc    ] GC(288) Forwarding Usage: 0M
[486.701s][info][gc,heap     ] GC(288) Min Capacity: 8192M(100%)
[486.701s][info][gc,heap     ] GC(288) Max Capacity: 8192M(100%)
[486.701s][info][gc,heap     ] GC(288) Soft Max Capacity: 8192M(100%)
[486.701s][info][gc,heap     ] GC(288)                Mark Start          Mark End        Relocate Start      Relocate End           High               Low         
[486.701s][info][gc,heap     ] GC(288)  Capacity:     8192M (100%)       8192M (100%)       8192M (100%)       8192M (100%)       8192M (100%)       8192M (100%)   
[486.701s][info][gc,heap     ] GC(288)      Free:     7692M (94%)        7688M (94%)        7950M (97%)        7970M (97%)        7970M (97%)        7688M (94%)    
[486.701s][info][gc,heap     ] GC(288)      Used:      500M (6%)          504M (6%)          242M (3%)          222M (3%)          504M (6%)          222M (3%)     
[486.701s][info][gc,heap     ] GC(288)      Live:         -               176M (2%)          176M (2%)          176M (2%)             -                  -          
[486.701s][info][gc,heap     ] GC(288) Allocated:         -                 4M (0%)           12M (0%)           12M (0%)             -                  -          
[486.701s][info][gc,heap     ] GC(288)   Garbage:         -               323M (4%)           53M (1%)           33M (0%)             -                  -          
[486.701s][info][gc,heap     ] GC(288) Reclaimed:         -                  -               270M (3%)          290M (4%)             -                  -          
[486.701s][info][gc          ] GC(288) Garbage Collection (System.gc()) 500M(6%)->222M(3%)
[489.024s][info][gc,start    ] GC(289) Garbage Collection (Allocation Rate)
[489.024s][info][gc,task     ] GC(289) Using 2 workers
[489.024s][info][gc,phases   ] GC(289) Pause Mark Start 0.008ms
[489.601s][info][gc,phases   ] GC(289) Concurrent Mark 576.988ms
[489.601s][info][gc,phases   ] GC(289) Pause Mark End 0.036ms
[489.601s][info][gc,phases   ] GC(289) Concurrent Mark Free 0.001ms
[489.613s][info][gc,phases   ] GC(289) Concurrent Process Non-Strong References 11.946ms
[489.613s][info][gc,phases   ] GC(289) Concurrent Reset Relocation Set 0.002ms
[489.636s][info][gc,phases   ] GC(289) Concurrent Select Relocation Set 22.923ms
[489.637s][info][gc,phases   ] GC(289) Pause Relocate Start 0.009ms
[489.789s][info][gc,phases   ] GC(289) Concurrent Relocate 152.773ms
[489.789s][info][gc,load     ] GC(289) Load: 0.00/0.00/0.00
[489.789s][info][gc,mmu      ] GC(289) MMU: 2ms/93.4%, 5ms/97.4%, 10ms/98.7%, 20ms/99.3%, 50ms/99.7%, 100ms/99.9%
[489.789s][info][gc,marking  ] GC(289) Mark: 2 stripe(s), 2 proactive flush(es), 1 terminate flush(es), 0 completion(s), 0 continuation(s) 
[489.789s][info][gc,marking  ] GC(289) Mark Stack Usage: 64M
[489.789s][info][gc,nmethod  ] GC(289) NMethods: 13447 registered, 850 unregistered
[489.789s][info][gc,metaspace] GC(289) Metaspace: 73M used, 74M committed, 1152M reserved
[489.789s][info][gc,ref      ] GC(289) Soft: 5950 encountered, 0 discovered, 0 enqueued
[489.789s][info][gc,ref      ] GC(289) Weak: 6721 encountered, 765 discovered, 18 enqueued
[489.789s][info][gc,ref      ] GC(289) Final: 53 encountered, 28 discovered, 0 enqueued
[489.789s][info][gc,ref      ] GC(289) Phantom: 588 encountered, 387 discovered, 0 enqueued
[489.789s][info][gc,reloc    ] GC(289) Small Pages: 2216 / 4432M, Empty: 2616M, Relocated: 96M, In-Place: 0
[489.790s][info][gc,reloc    ] GC(289) Medium Pages: 5 / 160M, Empty: 96M, Relocated: 14M, In-Place: 0
[489.790s][info][gc,reloc    ] GC(289) Large Pages: 30 / 212M, Empty: 172M, Relocated: 0M, In-Place: 0
[489.790s][info][gc,reloc    ] GC(289) Forwarding Usage: 95M
[489.790s][info][gc,heap     ] GC(289) Min Capacity: 8192M(100%)
[489.790s][info][gc,heap     ] GC(289) Max Capacity: 8192M(100%)
[489.790s][info][gc,heap     ] GC(289) Soft Max Capacity: 8192M(100%)
[489.790s][info][gc,heap     ] GC(289)                Mark Start          Mark End        Relocate Start      Relocate End           High               Low         
[489.790s][info][gc,heap     ] GC(289)  Capacity:     8192M (100%)       8192M (100%)       8192M (100%)       8192M (100%)       8192M (100%)       8192M (100%)   
[489.790s][info][gc,heap     ] GC(289)      Free:     3388M (41%)        3088M (38%)        5944M (73%)        7284M (89%)        7286M (89%)        3076M (38%)    
[489.790s][info][gc,heap     ] GC(289)      Used:     4804M (59%)        5104M (62%)        2248M (27%)         908M (11%)        5116M (62%)         906M (11%)    
[489.790s][info][gc,heap     ] GC(289)      Live:         -               315M (4%)          315M (4%)          315M (4%)             -                  -          
[489.790s][info][gc,heap     ] GC(289) Allocated:         -               300M (4%)          328M (4%)          563M (7%)             -                  -          
[489.790s][info][gc,heap     ] GC(289)   Garbage:         -              4488M (55%)        1604M (20%)          28M (0%)             -                  -          
[489.790s][info][gc,heap     ] GC(289) Reclaimed:         -                  -              2884M (35%)        4459M (54%)            -                  -          
[489.790s][info][gc          ] GC(289) Garbage Collection (Allocation Rate) 4804M(59%)->908M(11%)
[490.327s][info][gc,stats    ] === Garbage Collection Statistics =======================================================================================================================
[490.327s][info][gc,stats    ]                                                              Last 10s              Last 10m              Last 10h                Total
[490.327s][info][gc,stats    ]                                                              Avg / Max             Avg / Max             Avg / Max             Avg / Max
[490.327s][info][gc,stats    ]   Collector: Garbage Collection Cycle                    400.208 / 765.605     430.425 / 983.217     430.425 / 983.217     430.425 / 983.217     ms
[490.327s][info][gc,stats    ]  Contention: Mark Segment Reset Contention                     4 / 27                3 / 36                3 / 36                3 / 36          ops/s
[490.327s][info][gc,stats    ]  Contention: Mark SeqNum Reset Contention                      0 / 0                 0 / 2                 0 / 2                 0 / 2           ops/s
[490.327s][info][gc,stats    ]    Critical: Allocation Stall                                  0 / 0                 0 / 0                 0 / 0                 0 / 0           ops/s
[490.327s][info][gc,stats    ]    Critical: Allocation Stall                              0.000 / 0.000         0.000 / 0.000         0.000 / 0.000         0.000 / 0.000       ms
[490.327s][info][gc,stats    ]    Critical: GC Locker Stall                                   0 / 0                 0 / 0                 0 / 0                 0 / 0           ops/s
[490.327s][info][gc,stats    ]    Critical: GC Locker Stall                               0.000 / 0.000         0.000 / 0.000         0.000 / 0.000         0.000 / 0.000       ms
[490.327s][info][gc,stats    ]    Critical: Relocation Stall                                  0 / 0                 0 / 0                 0 / 0                 0 / 0           ops/s
[490.327s][info][gc,stats    ]    Critical: Relocation Stall                              0.000 / 0.000         0.000 / 0.000         0.000 / 0.000         0.000 / 0.000       ms
[490.327s][info][gc,stats    ]      Memory: Allocation Rate                                1666 / 2238           1622 / 3876           1622 / 3876           1622 / 3876        MB/s
[490.327s][info][gc,stats    ]      Memory: Out Of Memory                                     0 / 0                 0 / 0                 0 / 0                 0 / 0           ops/s
[490.327s][info][gc,stats    ]      Memory: Page Cache Flush                                  0 / 0                 0 / 0                 0 / 0                 0 / 0           MB/s
[490.327s][info][gc,stats    ]      Memory: Page Cache Hit L1                               769 / 1065            747 / 1729            747 / 1729            747 / 1729        ops/s
[490.327s][info][gc,stats    ]      Memory: Page Cache Hit L2                                 0 / 0                 0 / 0                 0 / 0                 0 / 0           ops/s
[490.327s][info][gc,stats    ]      Memory: Page Cache Hit L3                                 0 / 0                 4 / 527               4 / 527               4 / 527         ops/s
[490.327s][info][gc,stats    ]      Memory: Page Cache Miss                                   0 / 0                 0 / 1                 0 / 1                 0 / 1           ops/s
[490.327s][info][gc,stats    ]      Memory: Uncommit                                          0 / 0                 0 / 0                 0 / 0                 0 / 0           MB/s
[490.327s][info][gc,stats    ]      Memory: Undo Object Allocation Failed                     0 / 0                 0 / 1                 0 / 1                 0 / 1           ops/s
[490.327s][info][gc,stats    ]      Memory: Undo Object Allocation Succeeded                  1 / 17                6 / 1333              6 / 1333              6 / 1333        ops/s
[490.327s][info][gc,stats    ]      Memory: Undo Page Allocation                              0 / 0                 0 / 3                 0 / 3                 0 / 3           ops/s
[490.327s][info][gc,stats    ]       Phase: Concurrent Mark                             304.858 / 576.988     327.447 / 972.666     327.447 / 972.666     327.447 / 972.666     ms
[490.327s][info][gc,stats    ]       Phase: Concurrent Mark Continue                      0.000 / 0.000         0.000 / 0.000         0.000 / 0.000         0.000 / 0.000       ms
[490.327s][info][gc,stats    ]       Phase: Concurrent Mark Free                          0.001 / 0.002         0.004 / 0.317         0.004 / 0.317         0.004 / 0.317       ms
[490.327s][info][gc,stats    ]       Phase: Concurrent Process Non-Strong References     12.085 / 12.884       10.805 / 15.785       10.805 / 15.785       10.805 / 15.785      ms
[490.327s][info][gc,stats    ]       Phase: Concurrent Relocate                          69.057 / 152.773      76.050 / 226.884      76.050 / 226.884      76.050 / 226.884     ms
[490.327s][info][gc,stats    ]       Phase: Concurrent Reset Relocation Set               0.034 / 0.093         0.039 / 0.139         0.039 / 0.139         0.039 / 0.139       ms
[490.327s][info][gc,stats    ]       Phase: Concurrent Select Relocation Set             13.173 / 25.097       14.983 / 42.750       14.983 / 42.750       14.983 / 42.750      ms
[490.327s][info][gc,stats    ]       Phase: Pause Mark End                                0.027 / 0.036         0.028 / 0.131         0.028 / 0.131         0.028 / 0.131       ms
[490.327s][info][gc,stats    ]       Phase: Pause Mark Start                              0.009 / 0.011         0.007 / 0.014         0.007 / 0.014         0.007 / 0.014       ms
[490.327s][info][gc,stats    ]       Phase: Pause Relocate Start                          0.012 / 0.023         0.013 / 0.037         0.013 / 0.037         0.013 / 0.037       ms
[490.327s][info][gc,stats    ]    Subphase: Concurrent Classes Purge                      0.465 / 0.526         0.446 / 1.010         0.446 / 1.010         0.446 / 1.010       ms
[490.327s][info][gc,stats    ]    Subphase: Concurrent Classes Unlink                    10.512 / 11.216        9.241 / 12.957        9.241 / 12.957        9.241 / 12.957      ms
[490.327s][info][gc,stats    ]    Subphase: Concurrent Mark                             297.175 / 573.110     319.402 / 969.741     319.402 / 969.741     319.402 / 969.741     ms
[490.327s][info][gc,stats    ]    Subphase: Concurrent Mark Try Flush                     0.195 / 0.679         0.222 / 15.555        0.222 / 15.555        0.222 / 15.555      ms
[490.327s][info][gc,stats    ]    Subphase: Concurrent Mark Try Terminate                 3.267 / 14.318        4.216 / 16.659        4.216 / 16.659        4.216 / 16.659      ms
[490.327s][info][gc,stats    ]    Subphase: Concurrent References Enqueue                 0.005 / 0.007         0.005 / 0.009         0.005 / 0.009         0.005 / 0.009       ms
[490.327s][info][gc,stats    ]    Subphase: Concurrent References Process                 0.195 / 0.272         0.188 / 0.610         0.188 / 0.610         0.188 / 0.610       ms
[490.327s][info][gc,stats    ]    Subphase: Concurrent Roots ClassLoaderDataGraph         0.133 / 0.312         0.121 / 0.376         0.121 / 0.376         0.121 / 0.376       ms
[490.327s][info][gc,stats    ]    Subphase: Concurrent Roots CodeCache                    0.000 / 0.000         0.000 / 0.000         0.000 / 0.000         0.000 / 0.000       ms
[490.327s][info][gc,stats    ]    Subphase: Concurrent Roots JavaThreads                  3.060 / 3.529         3.616 / 8.610         3.616 / 8.610         3.616 / 8.610       ms
[490.327s][info][gc,stats    ]    Subphase: Concurrent Roots OopStorageSet                0.049 / 0.067         0.048 / 0.149         0.048 / 0.149         0.048 / 0.149       ms
[490.327s][info][gc,stats    ]    Subphase: Concurrent Weak Roots OopStorageSet           0.618 / 0.965         0.606 / 1.117         0.606 / 1.117         0.606 / 1.117       ms
[490.327s][info][gc,stats    ]    Subphase: Pause Mark Try Complete                       0.000 / 0.000         0.010 / 0.025         0.010 / 0.025         0.010 / 0.025       ms
[490.327s][info][gc,stats    ]      System: Java Threads                                    264 / 265             254 / 267             254 / 267             254 / 267         threads
[490.327s][info][gc,stats    ] =========================================================================================================================================================
[490.625s][info][gc,start    ] GC(290) Garbage Collection (Allocation Rate)
[490.625s][info][gc,task     ] GC(290) Using 2 workers
[490.625s][info][gc,phases   ] GC(290) Pause Mark Start 0.007ms
[491.010s][info][gc,phases   ] GC(290) Concurrent Mark 385.130ms
[491.011s][info][gc,phases   ] GC(290) Pause Mark End 0.037ms
[491.011s][info][gc,phases   ] GC(290) Concurrent Mark Free 0.329ms
[491.023s][info][gc,phases   ] GC(290) Concurrent Process Non-Strong References 11.868ms
[491.023s][info][gc,phases   ] GC(290) Concurrent Reset Relocation Set 0.115ms
[491.035s][info][gc,phases   ] GC(290) Concurrent Select Relocation Set 11.523ms
[491.035s][info][gc,phases   ] GC(290) Pause Relocate Start 0.015ms
[491.125s][info][gc,phases   ] GC(290) Concurrent Relocate 89.790ms
[491.125s][info][gc,load     ] GC(290) Load: 0.00/0.00/0.00
[491.125s][info][gc,mmu      ] GC(290) MMU: 2ms/93.4%, 5ms/97.4%, 10ms/98.7%, 20ms/99.3%, 50ms/99.7%, 100ms/99.9%
[491.125s][info][gc,marking  ] GC(290) Mark: 2 stripe(s), 2 proactive flush(es), 1 terminate flush(es), 0 completion(s), 0 continuation(s) 
[491.125s][info][gc,marking  ] GC(290) Mark Stack Usage: 32M
[491.125s][info][gc,nmethod  ] GC(290) NMethods: 13450 registered, 850 unregistered
[491.125s][info][gc,metaspace] GC(290) Metaspace: 73M used, 74M committed, 1152M reserved
[491.125s][info][gc,ref      ] GC(290) Soft: 5946 encountered, 0 discovered, 0 enqueued
[491.125s][info][gc,ref      ] GC(290) Weak: 7003 encountered, 923 discovered, 364 enqueued
[491.125s][info][gc,ref      ] GC(290) Final: 53 encountered, 4 discovered, 0 enqueued
[491.125s][info][gc,ref      ] GC(290) Phantom: 588 encountered, 357 discovered, 0 enqueued
[491.125s][info][gc,reloc    ] GC(290) Small Pages: 1000 / 2000M, Empty: 1026M, Relocated: 54M, In-Place: 0
[491.125s][info][gc,reloc    ] GC(290) Medium Pages: 6 / 192M, Empty: 96M, Relocated: 17M, In-Place: 0
[491.125s][info][gc,reloc    ] GC(290) Large Pages: 23 / 154M, Empty: 148M, Relocated: 0M, In-Place: 0
[491.125s][info][gc,reloc    ] GC(290) Forwarding Usage: 48M
[491.125s][info][gc,heap     ] GC(290) Min Capacity: 8192M(100%)
[491.125s][info][gc,heap     ] GC(290) Max Capacity: 8192M(100%)
[491.125s][info][gc,heap     ] GC(290) Soft Max Capacity: 8192M(100%)
[491.125s][info][gc,heap     ] GC(290)                Mark Start          Mark End        Relocate Start      Relocate End           High               Low         
[491.125s][info][gc,heap     ] GC(290)  Capacity:     8192M (100%)       8192M (100%)       8192M (100%)       8192M (100%)       8192M (100%)       8192M (100%)   
[491.125s][info][gc,heap     ] GC(290)      Free:     5846M (71%)        5278M (64%)        6518M (80%)        7218M (88%)        7218M (88%)        5264M (64%)    
[491.125s][info][gc,heap     ] GC(290)      Used:     2346M (29%)        2914M (36%)        1674M (20%)         974M (12%)        2928M (36%)         974M (12%)    
[491.125s][info][gc,heap     ] GC(290)      Live:         -               254M (3%)          254M (3%)          254M (3%)             -                  -          
[491.125s][info][gc,heap     ] GC(290) Allocated:         -               568M (7%)          598M (7%)          675M (8%)             -                  -          
[491.125s][info][gc,heap     ] GC(290)   Garbage:         -              2091M (26%)         821M (10%)          43M (1%)             -                  -          
[491.125s][info][gc,heap     ] GC(290) Reclaimed:         -                  -              1270M (16%)        2047M (25%)            -                  -          
[491.125s][info][gc          ] GC(290) Garbage Collection (Allocation Rate) 2346M(29%)->974M(12%)
[491.339s][info][gc,start    ] GC(291) Garbage Collection (System.gc())
[491.339s][info][gc,task     ] GC(291) Using 2 workers
[491.339s][info][gc,phases   ] GC(291) Pause Mark Start 0.005ms
[491.487s][info][gc,phases   ] GC(291) Concurrent Mark 147.784ms
[491.487s][info][gc,phases   ] GC(291) Pause Mark End 0.017ms
[491.487s][info][gc,phases   ] GC(291) Concurrent Mark Free 0.001ms
[491.499s][info][gc,phases   ] GC(291) Concurrent Process Non-Strong References 11.639ms
[491.499s][info][gc,phases   ] GC(291) Concurrent Reset Relocation Set 0.047ms
[491.505s][info][gc,phases   ] GC(291) Concurrent Select Relocation Set 5.881ms
[491.505s][info][gc,phases   ] GC(291) Pause Relocate Start 0.008ms
[491.506s][info][gc,phases   ] GC(291) Concurrent Relocate 0.923ms
[491.506s][info][gc,load     ] GC(291) Load: 0.00/0.00/0.00
[491.506s][info][gc,mmu      ] GC(291) MMU: 2ms/93.4%, 5ms/97.4%, 10ms/98.7%, 20ms/99.3%, 50ms/99.7%, 100ms/99.9%
[491.506s][info][gc,marking  ] GC(291) Mark: 2 stripe(s), 2 proactive flush(es), 1 terminate flush(es), 0 completion(s), 0 continuation(s) 
[491.506s][info][gc,marking  ] GC(291) Mark Stack Usage: 32M
[491.506s][info][gc,nmethod  ] GC(291) NMethods: 13450 registered, 850 unregistered
[491.506s][info][gc,metaspace] GC(291) Metaspace: 73M used, 74M committed, 1152M reserved
[491.506s][info][gc,ref      ] GC(291) Soft: 5942 encountered, 0 discovered, 0 enqueued
[491.506s][info][gc,ref      ] GC(291) Weak: 6655 encountered, 803 discovered, 238 enqueued
[491.506s][info][gc,ref      ] GC(291) Final: 53 encountered, 4 discovered, 0 enqueued
[491.506s][info][gc,ref      ] GC(291) Phantom: 588 encountered, 287 discovered, 0 enqueued
[491.506s][info][gc,reloc    ] GC(291) Small Pages: 640 / 1280M, Empty: 1048M, Relocated: 1M, In-Place: 0
[491.506s][info][gc,reloc    ] GC(291) Medium Pages: 7 / 224M, Empty: 192M, Relocated: 0M, In-Place: 0
[491.506s][info][gc,reloc    ] GC(291) Large Pages: 23 / 138M, Empty: 138M, Relocated: 0M, In-Place: 0
[491.506s][info][gc,reloc    ] GC(291) Forwarding Usage: 0M
[491.506s][info][gc,heap     ] GC(291) Min Capacity: 8192M(100%)
[491.506s][info][gc,heap     ] GC(291) Max Capacity: 8192M(100%)
[491.506s][info][gc,heap     ] GC(291) Soft Max Capacity: 8192M(100%)
[491.506s][info][gc,heap     ] GC(291)                Mark Start          Mark End        Relocate Start      Relocate End           High               Low         
[491.506s][info][gc,heap     ] GC(291)  Capacity:     8192M (100%)       8192M (100%)       8192M (100%)       8192M (100%)       8192M (100%)       8192M (100%)   
[491.506s][info][gc,heap     ] GC(291)      Free:     6550M (80%)        6548M (80%)        7914M (97%)        7968M (97%)        7968M (97%)        6546M (80%)    
[491.506s][info][gc,heap     ] GC(291)      Used:     1642M (20%)        1644M (20%)         278M (3%)          224M (3%)         1646M (20%)         224M (3%)     
[491.506s][info][gc,heap     ] GC(291)      Live:         -               176M (2%)          176M (2%)          176M (2%)             -                  -          
[491.506s][info][gc,heap     ] GC(291) Allocated:         -                 2M (0%)           14M (0%)           14M (0%)             -                  -          
[491.506s][info][gc,heap     ] GC(291)   Garbage:         -              1465M (18%)          87M (1%)           33M (0%)             -                  -          
[491.506s][info][gc,heap     ] GC(291) Reclaimed:         -                  -              1378M (17%)        1432M (17%)            -                  -          
[491.506s][info][gc          ] GC(291) Garbage Collection (System.gc()) 1642M(20%)->224M(3%)
[493.729s][info][gc,start    ] GC(292) Garbage Collection (Allocation Rate)
[493.729s][info][gc,task     ] GC(292) Using 2 workers
[493.729s][info][gc,phases   ] GC(292) Pause Mark Start 0.007ms
[494.389s][info][gc,phases   ] GC(292) Concurrent Mark 659.995ms
[494.389s][info][gc,phases   ] GC(292) Pause Mark End 0.025ms
[494.390s][info][gc,phases   ] GC(292) Concurrent Mark Free 0.001ms
[494.403s][info][gc,phases   ] GC(292) Concurrent Process Non-Strong References 13.181ms
[494.403s][info][gc,phases   ] GC(292) Concurrent Reset Relocation Set 0.004ms
[494.434s][info][gc,phases   ] GC(292) Concurrent Select Relocation Set 31.382ms
[494.434s][info][gc,phases   ] GC(292) Pause Relocate Start 0.016ms
[494.653s][info][gc,phases   ] GC(292) Concurrent Relocate 218.156ms
[494.653s][info][gc,load     ] GC(292) Load: 0.00/0.00/0.00
[494.653s][info][gc,mmu      ] GC(292) MMU: 2ms/93.4%, 5ms/97.4%, 10ms/98.7%, 20ms/99.3%, 50ms/99.7%, 100ms/99.9%
[494.653s][info][gc,marking  ] GC(292) Mark: 2 stripe(s), 2 proactive flush(es), 1 terminate flush(es), 0 completion(s), 0 continuation(s) 
[494.653s][info][gc,marking  ] GC(292) Mark Stack Usage: 32M
[494.653s][info][gc,nmethod  ] GC(292) NMethods: 13456 registered, 850 unregistered
[494.653s][info][gc,metaspace] GC(292) Metaspace: 73M used, 74M committed, 1152M reserved
[494.653s][info][gc,ref      ] GC(292) Soft: 5950 encountered, 0 discovered, 0 enqueued
[494.653s][info][gc,ref      ] GC(292) Weak: 6735 encountered, 4156 discovered, 20 enqueued
[494.653s][info][gc,ref      ] GC(292) Final: 53 encountered, 4 discovered, 0 enqueued
[494.653s][info][gc,ref      ] GC(292) Phantom: 588 encountered, 321 discovered, 0 enqueued
[494.653s][info][gc,reloc    ] GC(292) Small Pages: 2187 / 4374M, Empty: 2132M, Relocated: 185M, In-Place: 0
[494.653s][info][gc,reloc    ] GC(292) Medium Pages: 5 / 160M, Empty: 128M, Relocated: 0M, In-Place: 0
[494.653s][info][gc,reloc    ] GC(292) Large Pages: 30 / 212M, Empty: 148M, Relocated: 0M, In-Place: 0
[494.653s][info][gc,reloc    ] GC(292) Forwarding Usage: 143M
[494.653s][info][gc,heap     ] GC(292) Min Capacity: 8192M(100%)
[494.653s][info][gc,heap     ] GC(292) Max Capacity: 8192M(100%)
[494.653s][info][gc,heap     ] GC(292) Soft Max Capacity: 8192M(100%)
[494.653s][info][gc,heap     ] GC(292)                Mark Start          Mark End        Relocate Start      Relocate End           High               Low         
[494.653s][info][gc,heap     ] GC(292)  Capacity:     8192M (100%)       8192M (100%)       8192M (100%)       8192M (100%)       8192M (100%)       8192M (100%)   
[494.653s][info][gc,heap     ] GC(292)      Free:     3446M (42%)        3132M (38%)        5500M (67%)        7044M (86%)        7048M (86%)        3118M (38%)    
[494.653s][info][gc,heap     ] GC(292)      Used:     4746M (58%)        5060M (62%)        2692M (33%)        1148M (14%)        5074M (62%)        1144M (14%)    
[494.653s][info][gc,heap     ] GC(292)      Live:         -               431M (5%)          431M (5%)          431M (5%)             -                  -          
[494.653s][info][gc,heap     ] GC(292) Allocated:         -               314M (4%)          354M (4%)          679M (8%)             -                  -          
[494.653s][info][gc,heap     ] GC(292)   Garbage:         -              4314M (53%)        1906M (23%)          36M (0%)             -                  -          
[494.653s][info][gc,heap     ] GC(292) Reclaimed:         -                  -              2408M (29%)        4277M (52%)            -                  -          
[494.653s][info][gc          ] GC(292) Garbage Collection (Allocation Rate) 4746M(58%)->1148M(14%)
[494.713s][info][gc,start    ] GC(293) Garbage Collection (Allocation Rate)
[494.713s][info][gc,task     ] GC(293) Using 2 workers
[494.714s][info][gc,phases   ] GC(293) Pause Mark Start 0.006ms
[494.962s][info][gc,phases   ] GC(293) Concurrent Mark 248.215ms
[494.962s][info][gc,phases   ] GC(293) Pause Mark End 0.020ms
[494.962s][info][gc,phases   ] GC(293) Concurrent Mark Free 0.001ms
[494.973s][info][gc,phases   ] GC(293) Concurrent Process Non-Strong References 11.360ms
[494.974s][info][gc,phases   ] GC(293) Concurrent Reset Relocation Set 0.093ms
[494.985s][info][gc,phases   ] GC(293) Concurrent Select Relocation Set 11.520ms
[494.985s][info][gc,phases   ] GC(293) Pause Relocate Start 0.012ms
[495.021s][info][gc,phases   ] GC(293) Concurrent Relocate 35.269ms
[495.021s][info][gc,load     ] GC(293) Load: 0.00/0.00/0.00
[495.021s][info][gc,mmu      ] GC(293) MMU: 2ms/93.4%, 5ms/97.4%, 10ms/98.7%, 20ms/99.3%, 50ms/99.7%, 100ms/99.9%
[495.021s][info][gc,marking  ] GC(293) Mark: 2 stripe(s), 2 proactive flush(es), 1 terminate flush(es), 0 completion(s), 0 continuation(s) 
[495.021s][info][gc,marking  ] GC(293) Mark Stack Usage: 32M
[495.021s][info][gc,nmethod  ] GC(293) NMethods: 13460 registered, 850 unregistered
[495.021s][info][gc,metaspace] GC(293) Metaspace: 73M used, 74M committed, 1152M reserved
[495.021s][info][gc,ref      ] GC(293) Soft: 5948 encountered, 0 discovered, 0 enqueued
[495.021s][info][gc,ref      ] GC(293) Weak: 6783 encountered, 1380 discovered, 219 enqueued
[495.021s][info][gc,ref      ] GC(293) Final: 53 encountered, 0 discovered, 0 enqueued
[495.021s][info][gc,ref      ] GC(293) Phantom: 589 encountered, 298 discovered, 0 enqueued
[495.021s][info][gc,reloc    ] GC(293) Small Pages: 479 / 958M, Empty: 532M, Relocated: 29M, In-Place: 0
[495.021s][info][gc,reloc    ] GC(293) Medium Pages: 4 / 128M, Empty: 96M, Relocated: 0M, In-Place: 0
[495.021s][info][gc,reloc    ] GC(293) Large Pages: 18 / 124M, Empty: 100M, Relocated: 0M, In-Place: 0
[495.021s][info][gc,reloc    ] GC(293) Forwarding Usage: 28M
[495.021s][info][gc,heap     ] GC(293) Min Capacity: 8192M(100%)
[495.021s][info][gc,heap     ] GC(293) Max Capacity: 8192M(100%)
[495.021s][info][gc,heap     ] GC(293) Soft Max Capacity: 8192M(100%)
[495.021s][info][gc,heap     ] GC(293)                Mark Start          Mark End        Relocate Start      Relocate End           High               Low         
[495.021s][info][gc,heap     ] GC(293)  Capacity:     8192M (100%)       8192M (100%)       8192M (100%)       8192M (100%)       8192M (100%)       8192M (100%)   
[495.021s][info][gc,heap     ] GC(293)      Free:     6982M (85%)        6572M (80%)        7284M (89%)        7470M (91%)        7476M (91%)        6560M (80%)    
[495.021s][info][gc,heap     ] GC(293)      Used:     1210M (15%)        1620M (20%)         908M (11%)         722M (9%)         1632M (20%)         716M (9%)     
[495.021s][info][gc,heap     ] GC(293)      Live:         -               224M (3%)          224M (3%)          224M (3%)             -                  -          
[495.021s][info][gc,heap     ] GC(293) Allocated:         -               410M (5%)          426M (5%)          465M (6%)             -                  -          
[495.021s][info][gc,heap     ] GC(293)   Garbage:         -               985M (12%)         257M (3%)           31M (0%)             -                  -          
[495.021s][info][gc,heap     ] GC(293) Reclaimed:         -                  -               728M (9%)          953M (12%)            -                  -          
[495.021s][info][gc          ] GC(293) Garbage Collection (Allocation Rate) 1210M(15%)->722M(9%)
[496.199s][info][gc,heap,exit] Heap
[496.199s][info][gc,heap,exit]  ZHeap           used 3008M, capacity 8192M, max capacity 8192M
[496.199s][info][gc,heap,exit]  Metaspace       used 75772K, committed 76736K, reserved 1179648K
[496.199s][info][gc,heap,exit]   class space    used 9393K, committed 9856K, reserved 1048576K
