[0.012s][info][gc] Min heap equals to max heap, disabling ShenandoahUncommit
[0.015s][info][gc] Heuristics ergonomically sets -XX:+ExplicitGCInvokesConcurrent
[0.015s][info][gc] Heuristics ergonomically sets -XX:+ShenandoahImplicitGCInvokesConcurrent
[0.015s][info][gc] Using Shenandoah
[0.030s][info][gc,ergo] Pacer for Idle. Initial: 163M, Alloc Tax Rate: 1.0x
[0.030s][info][gc,init] Version: 17.0.12+7-adhoc..jdk17u (release)
[0.030s][info][gc,init] CPUs: 6 total, 6 available
[0.030s][info][gc,init] Memory: 15591M
[0.030s][info][gc,init] Large Page Support: Disabled
[0.030s][info][gc,init] NUMA Support: Disabled
[0.030s][info][gc,init] Compressed Oops: Enabled (Zero based)
[0.030s][info][gc,init] Heap Min Capacity: 8G
[0.030s][info][gc,init] Heap Initial Capacity: 8G
[0.030s][info][gc,init] Heap Max Capacity: 8G
[0.030s][info][gc,init] Pre-touch: Disabled
[0.030s][info][gc,init] Mode: Snapshot-At-The-Beginning (SATB)
[0.030s][info][gc,init] Heuristics: Adaptive
[0.030s][info][gc,init] Heap Region Count: 2048
[0.030s][info][gc,init] Heap Region Size: 4M
[0.030s][info][gc,init] TLAB Size Max: 4M
[0.030s][info][gc,init] Humongous Object Threshold: 4M
[0.030s][info][gc,init] Parallel Workers: 3
[0.030s][info][gc,init] Concurrent Workers: 1
[0.037s][info][gc,metaspace] CDS archive(s) mapped at: [0x0000026420000000-0x0000026420bc0000-0x0000026420bc0000), size 12320768, SharedBaseAddress: 0x0000026420000000, ArchiveRelocationMode: 1.
[0.037s][info][gc,metaspace] Compressed class space mapped at: 0x0000026421000000-0x0000026461000000, reserved size: 1073741824
[0.037s][info][gc,metaspace] Narrow klass base: 0x0000026420000000, Narrow klass shift: 0, Narrow klass range: 0x100000000
[0.602s][info][gc          ] Trigger: Explicit GC request (System.gc())
[0.602s][info][gc,ergo     ] Free: 7756M, Max: 4096K regular, 7756M humongous, Frag: 0% external, 0% internal; Reserve: 412M, Max: 4096K
[0.602s][info][gc,start    ] GC(0) Concurrent reset
[0.602s][info][gc,task     ] GC(0) Using 1 of 3 workers for concurrent reset
[0.602s][info][gc,ergo     ] GC(0) Pacer for Reset. Non-Taxable: 8192M
[0.602s][info][gc          ] GC(0) Concurrent reset 0.316ms
[0.603s][info][gc,start    ] GC(0) Pause Init Mark (unload classes)
[0.603s][info][gc,task     ] GC(0) Using 3 of 3 workers for init marking
[0.603s][info][gc,ref      ] GC(0) Clearing All SoftReferences
[0.603s][info][gc,ergo     ] GC(0) Pacer for Mark. Expected Live: 819M, Free: 7756M, Non-Taxable: 775M, Alloc Tax Rate: 0.1x
[0.603s][info][gc          ] GC(0) Pause Init Mark (unload classes) 0.416ms
[0.603s][info][gc,start    ] GC(0) Concurrent marking roots
[0.603s][info][gc,task     ] GC(0) Using 1 of 3 workers for concurrent marking roots
[0.604s][info][gc          ] GC(0) Concurrent marking roots 0.493ms
[0.604s][info][gc,start    ] GC(0) Concurrent marking (unload classes)
[0.604s][info][gc,task     ] GC(0) Using 1 of 3 workers for concurrent marking
[0.607s][info][gc          ] GC(0) Concurrent marking (unload classes) 3.749ms
[0.608s][info][gc,start    ] GC(0) Pause Final Mark (unload classes)
[0.608s][info][gc,task     ] GC(0) Using 3 of 3 workers for final marking
[0.608s][info][gc,ergo     ] GC(0) Adaptive CSet Selection. Target Free: 1160M, Actual Free: 8168M, Max CSet: 341M, Min Garbage: 0B
[0.608s][info][gc,ergo     ] GC(0) Collectable Garbage: 20311K (100%), Immediate: 0B (0%), CSet: 20311K (100%)
[0.608s][info][gc,ergo     ] GC(0) Pacer for Evacuation. Used CSet: 24576K, Free: 7756M, Non-Taxable: 775M, Alloc Tax Rate: 1.1x
[0.608s][info][gc          ] GC(0) Pause Final Mark (unload classes) 0.238ms
[0.608s][info][gc,start    ] GC(0) Concurrent thread roots
[0.608s][info][gc,task     ] GC(0) Using 1 of 3 workers for Concurrent thread roots
[0.608s][info][gc          ] GC(0) Concurrent thread roots 0.311ms
[0.608s][info][gc,start    ] GC(0) Concurrent weak references
[0.608s][info][gc,task     ] GC(0) Using 1 of 3 workers for concurrent weak references
[0.608s][info][gc,ref      ] GC(0) Encountered references: Soft: 136, Weak: 370, Final: 3, Phantom: 268
[0.608s][info][gc,ref      ] GC(0) Discovered  references: Soft: 107, Weak: 217, Final: 1, Phantom: 252
[0.608s][info][gc,ref      ] GC(0) Enqueued    references: Soft: 65, Weak: 75, Final: 0, Phantom: 52
[0.608s][info][gc          ] GC(0) Concurrent weak references 0.261ms
[0.608s][info][gc,start    ] GC(0) Concurrent weak roots
[0.609s][info][gc,task     ] GC(0) Using 1 of 3 workers for concurrent weak root
[0.609s][info][gc          ] GC(0) Concurrent weak roots 0.447ms
[0.609s][info][gc,start    ] GC(0) Concurrent cleanup
[0.609s][info][gc          ] GC(0) Concurrent cleanup 24M->24M(8192M) 0.014ms
[0.609s][info][gc,ergo     ] GC(0) Free: 7756M, Max: 4096K regular, 7756M humongous, Frag: 0% external, 0% internal; Reserve: 411M, Max: 4096K
[0.609s][info][gc,start    ] GC(0) Concurrent class unloading
[0.609s][info][gc,task     ] GC(0) Using 1 of 3 workers for concurrent class unloading
[0.611s][info][gc          ] GC(0) Concurrent class unloading 1.577ms
[0.611s][info][gc,start    ] GC(0) Concurrent strong roots
[0.611s][info][gc,task     ] GC(0) Using 1 of 3 workers for concurrent strong root
[0.611s][info][gc          ] GC(0) Concurrent strong roots 0.170ms
[0.611s][info][gc,start    ] GC(0) Concurrent evacuation
[0.611s][info][gc,task     ] GC(0) Using 1 of 3 workers for concurrent evacuation
[0.613s][info][gc          ] GC(0) Concurrent evacuation 2.270ms
[0.613s][info][gc,start    ] GC(0) Pause Init Update Refs
[0.613s][info][gc,ergo     ] GC(0) Pacer for Update Refs. Used: 32768K, Free: 7756M, Non-Taxable: 775M, Alloc Tax Rate: 1.1x
[0.613s][info][gc          ] GC(0) Pause Init Update Refs 0.044ms
[0.613s][info][gc,start    ] GC(0) Concurrent update references
[0.613s][info][gc,task     ] GC(0) Using 1 of 3 workers for concurrent reference update
[0.615s][info][gc          ] GC(0) Concurrent update references 1.580ms
[0.615s][info][gc,start    ] GC(0) Concurrent update thread roots
[0.615s][info][gc          ] GC(0) Concurrent update thread roots 0.566ms
[0.616s][info][gc,start    ] GC(0) Pause Final Update Refs
[0.616s][info][gc,task     ] GC(0) Using 3 of 3 workers for final reference update
[0.616s][info][gc          ] GC(0) Pause Final Update Refs 0.201ms
[0.616s][info][gc,start    ] GC(0) Concurrent cleanup
[0.616s][info][gc          ] GC(0) Concurrent cleanup 32M->8M(8192M) 0.060ms
[0.616s][info][gc,ergo     ] Free: 7772M, Max: 4096K regular, 7772M humongous, Frag: 0% external, 0% internal; Reserve: 412M, Max: 4096K
[0.616s][info][gc,stats    ] 
[0.616s][info][gc,stats    ] All times are wall-clock times, except per-root-class counters, that are sum over
[0.616s][info][gc,stats    ] all workers. Dividing the <total> over the root stage time estimates parallelism.
[0.616s][info][gc,stats    ] 
[0.616s][info][gc,stats    ] Concurrent Reset                    370 us
[0.616s][info][gc,stats    ] Pause Init Mark (G)                 699 us
[0.616s][info][gc,stats    ] Pause Init Mark (N)                 442 us
[0.616s][info][gc,stats    ]   Update Region States               92 us
[0.616s][info][gc,stats    ] Concurrent Mark Roots               511 us, parallelism: 0.73x
[0.616s][info][gc,stats    ]   CMR: <total>                      371 us
[0.616s][info][gc,stats    ]   CMR: Thread Roots                 230 us, workers (us): 230, ---, ---, 
[0.616s][info][gc,stats    ]   CMR: VM Strong Roots               39 us, workers (us):  39, ---, ---, 
[0.616s][info][gc,stats    ]   CMR: CLDG Roots                   103 us, workers (us): 103, ---, ---, 
[0.616s][info][gc,stats    ] Concurrent Marking                 3800 us
[0.616s][info][gc,stats    ] Pause Final Mark (G)                337 us
[0.616s][info][gc,stats    ] Pause Final Mark (N)                246 us
[0.616s][info][gc,stats    ]   Finish Mark                        81 us
[0.616s][info][gc,stats    ]   Update Region States               28 us
[0.616s][info][gc,stats    ]   Choose Collection Set              45 us
[0.616s][info][gc,stats    ]   Rebuild Free Set                    8 us
[0.616s][info][gc,stats    ] Concurrent Thread Roots             350 us, parallelism: 0.56x
[0.616s][info][gc,stats    ]   CTR: <total>                      197 us
[0.616s][info][gc,stats    ]   CTR: Thread Roots                 197 us, workers (us): 197, ---, ---, 
[0.616s][info][gc,stats    ] Concurrent Weak References          269 us, parallelism: 0.35x
[0.616s][info][gc,stats    ]   CWRF: <total>                      94 us
[0.616s][info][gc,stats    ]   CWRF: Weak References              94 us, workers (us):  94, ---, ---, 
[0.616s][info][gc,stats    ] Concurrent Weak Roots               465 us
[0.616s][info][gc,stats    ]   Roots                             365 us, parallelism: 0.89x
[0.616s][info][gc,stats    ]     CWR: <total>                    325 us
[0.616s][info][gc,stats    ]     CWR: Code Cache Roots           163 us, workers (us): 163, ---, ---, 
[0.616s][info][gc,stats    ]     CWR: VM Weak Roots              160 us, workers (us): 160, ---, ---, 
[0.616s][info][gc,stats    ]     CWR: CLDG Roots                   2 us, workers (us):   2, ---, ---, 
[0.616s][info][gc,stats    ]   Rendezvous                         65 us
[0.616s][info][gc,stats    ] Concurrent Cleanup                   22 us
[0.617s][info][gc,stats    ] Concurrent Class Unloading         1620 us
[0.617s][info][gc,stats    ]   Unlink Stale                     1440 us
[0.617s][info][gc,stats    ]     System Dictionary                82 us
[0.617s][info][gc,stats    ]     Weak Class Links                590 us
[0.617s][info][gc,stats    ]     Code Roots                      768 us
[0.617s][info][gc,stats    ]   Rendezvous                         59 us
[0.617s][info][gc,stats    ]   Purge Unlinked                     59 us
[0.617s][info][gc,stats    ]     Code Roots                       29 us
[0.617s][info][gc,stats    ]     CLDG                             30 us
[0.617s][info][gc,stats    ]     Exception Caches                  0 us
[0.617s][info][gc,stats    ] Concurrent Strong Roots             188 us, parallelism: 0.69x
[0.617s][info][gc,stats    ]   CSR: <total>                      130 us
[0.617s][info][gc,stats    ]   CSR: VM Strong Roots                6 us, workers (us):   6, ---, ---, 
[0.617s][info][gc,stats    ]   CSR: CLDG Roots                   124 us, workers (us): 124, ---, ---, 
[0.617s][info][gc,stats    ] Concurrent Evacuation              2339 us
[0.617s][info][gc,stats    ] Pause Init Update Refs (G)          129 us
[0.617s][info][gc,stats    ] Pause Init Update Refs (N)           52 us
[0.617s][info][gc,stats    ]   Manage GCLABs                       2 us
[0.617s][info][gc,stats    ] Concurrent Update Refs             1624 us
[0.617s][info][gc,stats    ] Concurrent Update Thread Roots      605 us
[0.617s][info][gc,stats    ] Pause Final Update Refs (G)         347 us
[0.617s][info][gc,stats    ] Pause Final Update Refs (N)         229 us
[0.617s][info][gc,stats    ]   Update Region States               89 us
[0.617s][info][gc,stats    ]   Trash Collection Set                4 us
[0.617s][info][gc,stats    ]   Rebuild Free Set                   23 us
[0.617s][info][gc,stats    ] Concurrent Cleanup                   81 us
[0.617s][info][gc,stats    ] 
[0.617s][info][gc,stats    ] Allocation pacing accrued:
[0.617s][info][gc,stats    ]       0 of   587 ms (  0.0%): <total>
[0.617s][info][gc,stats    ]       0 of   587 ms (  0.0%): <average total>
[0.617s][info][gc,stats    ] 
[0.617s][info][gc,metaspace] Metaspace: 3261K(3520K)->3245K(3520K) NonClass: 2941K(3072K)->2929K(3072K) Class: 320K(448K)->316K(448K)
[0.617s][info][gc,ergo     ] Pacer for Idle. Initial: 163M, Alloc Tax Rate: 1.0x
[8.252s][info][gc          ] Trigger: Explicit GC request (System.gc())
[8.253s][info][gc,ergo     ] Free: 7624M, Max: 4096K regular, 7624M humongous, Frag: 0% external, 0% internal; Reserve: 412M, Max: 4096K
[8.253s][info][gc,start    ] GC(1) Concurrent reset
[8.253s][info][gc,task     ] GC(1) Using 1 of 3 workers for concurrent reset
[8.253s][info][gc,ergo     ] GC(1) Pacer for Reset. Non-Taxable: 8192M
[8.253s][info][gc          ] GC(1) Concurrent reset 0.253ms
[8.253s][info][gc,start    ] GC(1) Pause Init Mark (unload classes)
[8.253s][info][gc,task     ] GC(1) Using 3 of 3 workers for init marking
[8.253s][info][gc,ref      ] GC(1) Clearing All SoftReferences
[8.253s][info][gc,ergo     ] GC(1) Pacer for Mark. Expected Live: 4264K, Free: 7624M, Non-Taxable: 762M, Alloc Tax Rate: 0.0x
[8.253s][info][gc          ] GC(1) Pause Init Mark (unload classes) 0.185ms
[8.253s][info][gc,start    ] GC(1) Concurrent marking roots
[8.253s][info][gc,task     ] GC(1) Using 1 of 3 workers for concurrent marking roots
[8.254s][info][gc          ] GC(1) Concurrent marking roots 0.639ms
[8.254s][info][gc,start    ] GC(1) Concurrent marking (unload classes)
[8.254s][info][gc,task     ] GC(1) Using 1 of 3 workers for concurrent marking
[8.260s][info][gc          ] GC(1) Concurrent marking (unload classes) 6.199ms
[8.260s][info][gc,start    ] GC(1) Pause Final Mark (unload classes)
[8.260s][info][gc,task     ] GC(1) Using 3 of 3 workers for final marking
[8.260s][info][gc,ergo     ] GC(1) Adaptive CSet Selection. Target Free: 1160M, Actual Free: 8052M, Max CSet: 341M, Min Garbage: 0B
[8.260s][info][gc,ergo     ] GC(1) Collectable Garbage: 148M (99%), Immediate: 20480K (13%), CSet: 128M (86%)
[8.260s][info][gc,ergo     ] GC(1) Pacer for Evacuation. Used CSet: 132M, Free: 7640M, Non-Taxable: 764M, Alloc Tax Rate: 1.1x
[8.260s][info][gc          ] GC(1) Pause Final Mark (unload classes) 0.312ms
[8.260s][info][gc,start    ] GC(1) Concurrent thread roots
[8.260s][info][gc,task     ] GC(1) Using 1 of 3 workers for Concurrent thread roots
[8.261s][info][gc          ] GC(1) Concurrent thread roots 0.901ms
[8.261s][info][gc,start    ] GC(1) Concurrent weak references
[8.261s][info][gc,task     ] GC(1) Using 1 of 3 workers for concurrent weak references
[8.262s][info][gc,ref      ] GC(1) Encountered references: Soft: 625, Weak: 906, Final: 10, Phantom: 1207
[8.262s][info][gc,ref      ] GC(1) Discovered  references: Soft: 569, Weak: 587, Final: 8, Phantom: 1133
[8.262s][info][gc,ref      ] GC(1) Enqueued    references: Soft: 480, Weak: 97, Final: 1, Phantom: 550
[8.262s][info][gc          ] GC(1) Concurrent weak references 0.535ms
[8.262s][info][gc,start    ] GC(1) Concurrent weak roots
[8.262s][info][gc,task     ] GC(1) Using 1 of 3 workers for concurrent weak root
[8.264s][info][gc          ] GC(1) Concurrent weak roots 1.580ms
[8.264s][info][gc,start    ] GC(1) Concurrent cleanup
[8.264s][info][gc          ] GC(1) Concurrent cleanup 160M->140M(8192M) 0.035ms
[8.264s][info][gc,ergo     ] GC(1) Free: 7640M, Max: 4096K regular, 7620M humongous, Frag: 1% external, 0% internal; Reserve: 411M, Max: 4096K
[8.264s][info][gc,start    ] GC(1) Concurrent class unloading
[8.264s][info][gc,task     ] GC(1) Using 1 of 3 workers for concurrent class unloading
[8.269s][info][gc          ] GC(1) Concurrent class unloading 5.509ms
[8.269s][info][gc,start    ] GC(1) Concurrent strong roots
[8.269s][info][gc,task     ] GC(1) Using 1 of 3 workers for concurrent strong root
[8.270s][info][gc          ] GC(1) Concurrent strong roots 0.449ms
[8.270s][info][gc,start    ] GC(1) Concurrent evacuation
[8.270s][info][gc,task     ] GC(1) Using 1 of 3 workers for concurrent evacuation
[8.273s][info][gc          ] GC(1) Concurrent evacuation 3.087ms
[8.273s][info][gc,start    ] GC(1) Pause Init Update Refs
[8.273s][info][gc,ergo     ] GC(1) Pacer for Update Refs. Used: 144M, Free: 7640M, Non-Taxable: 764M, Alloc Tax Rate: 1.1x
[8.273s][info][gc          ] GC(1) Pause Init Update Refs 0.056ms
[8.273s][info][gc,start    ] GC(1) Concurrent update references
[8.273s][info][gc,task     ] GC(1) Using 1 of 3 workers for concurrent reference update
[8.277s][info][gc          ] GC(1) Concurrent update references 3.747ms
[8.277s][info][gc,start    ] GC(1) Concurrent update thread roots
[8.278s][info][gc          ] GC(1) Concurrent update thread roots 1.165ms
[8.278s][info][gc,start    ] GC(1) Pause Final Update Refs
[8.278s][info][gc,task     ] GC(1) Using 3 of 3 workers for final reference update
[8.279s][info][gc          ] GC(1) Pause Final Update Refs 0.621ms
[8.279s][info][gc,start    ] GC(1) Concurrent cleanup
[8.279s][info][gc          ] GC(1) Concurrent cleanup 144M->12M(8192M) 0.059ms
[8.279s][info][gc,ergo     ] Free: 7768M, Max: 4096K regular, 7620M humongous, Frag: 2% external, 0% internal; Reserve: 412M, Max: 4096K
[8.279s][info][gc,stats    ] 
[8.279s][info][gc,stats    ] All times are wall-clock times, except per-root-class counters, that are sum over
[8.279s][info][gc,stats    ] all workers. Dividing the <total> over the root stage time estimates parallelism.
[8.279s][info][gc,stats    ] 
[8.279s][info][gc,stats    ] Concurrent Reset                    276 us
[8.279s][info][gc,stats    ] Pause Init Mark (G)                 324 us
[8.279s][info][gc,stats    ] Pause Init Mark (N)                 202 us
[8.279s][info][gc,stats    ]   Update Region States               60 us
[8.279s][info][gc,stats    ] Concurrent Mark Roots               658 us, parallelism: 0.81x
[8.279s][info][gc,stats    ]   CMR: <total>                      529 us
[8.279s][info][gc,stats    ]   CMR: Thread Roots                 426 us, workers (us): 426, ---, ---, 
[8.279s][info][gc,stats    ]   CMR: VM Strong Roots               26 us, workers (us):  26, ---, ---, 
[8.279s][info][gc,stats    ]   CMR: CLDG Roots                    77 us, workers (us):  77, ---, ---, 
[8.279s][info][gc,stats    ] Concurrent Marking                 6251 us
[8.279s][info][gc,stats    ] Pause Final Mark (G)                400 us
[8.279s][info][gc,stats    ] Pause Final Mark (N)                320 us
[8.279s][info][gc,stats    ]   Finish Mark                       103 us
[8.279s][info][gc,stats    ]   Update Region States               73 us
[8.279s][info][gc,stats    ]   Choose Collection Set              52 us
[8.279s][info][gc,stats    ]   Rebuild Free Set                    8 us
[8.279s][info][gc,stats    ] Concurrent Thread Roots             921 us, parallelism: 0.88x
[8.279s][info][gc,stats    ]   CTR: <total>                      807 us
[8.279s][info][gc,stats    ]   CTR: Thread Roots                 807 us, workers (us): 807, ---, ---, 
[8.279s][info][gc,stats    ] Concurrent Weak References          543 us, parallelism: 0.75x
[8.279s][info][gc,stats    ]   CWRF: <total>                     408 us
[8.279s][info][gc,stats    ]   CWRF: Weak References             408 us, workers (us): 408, ---, ---, 
[8.279s][info][gc,stats    ] Concurrent Weak Roots              1624 us
[8.279s][info][gc,stats    ]   Roots                             946 us, parallelism: 0.94x
[8.279s][info][gc,stats    ]     CWR: <total>                    886 us
[8.279s][info][gc,stats    ]     CWR: Code Cache Roots           563 us, workers (us): 563, ---, ---, 
[8.279s][info][gc,stats    ]     CWR: VM Weak Roots              314 us, workers (us): 314, ---, ---, 
[8.279s][info][gc,stats    ]     CWR: CLDG Roots                   9 us, workers (us):   9, ---, ---, 
[8.279s][info][gc,stats    ]   Rendezvous                        616 us
[8.279s][info][gc,stats    ] Concurrent Cleanup                   53 us
[8.279s][info][gc,stats    ] Concurrent Class Unloading         5565 us
[8.279s][info][gc,stats    ]   Unlink Stale                     5137 us
[8.279s][info][gc,stats    ]     System Dictionary               322 us
[8.279s][info][gc,stats    ]     Weak Class Links               1946 us
[8.279s][info][gc,stats    ]     Code Roots                     2867 us
[8.279s][info][gc,stats    ]   Rendezvous                        116 us
[8.279s][info][gc,stats    ]   Purge Unlinked                    220 us
[8.279s][info][gc,stats    ]     Code Roots                      148 us
[8.279s][info][gc,stats    ]     CLDG                             71 us
[8.279s][info][gc,stats    ]     Exception Caches                  0 us
[8.279s][info][gc,stats    ] Concurrent Strong Roots             509 us, parallelism: 0.69x
[8.279s][info][gc,stats    ]   CSR: <total>                      352 us
[8.280s][info][gc,stats    ]   CSR: VM Strong Roots                8 us, workers (us):   8, ---, ---, 
[8.280s][info][gc,stats    ]   CSR: CLDG Roots                   344 us, workers (us): 344, ---, ---, 
[8.280s][info][gc,stats    ] Concurrent Evacuation              3156 us
[8.280s][info][gc,stats    ] Pause Init Update Refs (G)          167 us
[8.280s][info][gc,stats    ] Pause Init Update Refs (N)           64 us
[8.280s][info][gc,stats    ]   Manage GCLABs                       3 us
[8.280s][info][gc,stats    ] Concurrent Update Refs             3818 us
[8.280s][info][gc,stats    ] Concurrent Update Thread Roots     1184 us
[8.280s][info][gc,stats    ] Pause Final Update Refs (G)         761 us
[8.280s][info][gc,stats    ] Pause Final Update Refs (N)         673 us
[8.280s][info][gc,stats    ]   Update Region States              377 us
[8.280s][info][gc,stats    ]   Trash Collection Set                7 us
[8.280s][info][gc,stats    ]   Rebuild Free Set                   26 us
[8.280s][info][gc,stats    ] Concurrent Cleanup                   80 us
[8.280s][info][gc,stats    ] 
[8.280s][info][gc,stats    ] Allocation pacing accrued:
[8.280s][info][gc,stats    ]       0 of  7663 ms (  0.0%): <total>
[8.280s][info][gc,stats    ]       0 of  7663 ms (  0.0%): <average total>
[8.280s][info][gc,stats    ] 
[8.280s][info][gc,metaspace] Metaspace: 13978K(14144K)->13938K(14144K) NonClass: 12412K(12480K)->12383K(12480K) Class: 1566K(1664K)->1554K(1664K)
[8.280s][info][gc,ergo     ] Pacer for Idle. Initial: 163M, Alloc Tax Rate: 1.0x
[8.303s][info][gc          ] Trigger: Explicit GC request (System.gc())
[8.303s][info][gc,ergo     ] Free: 7760M, Max: 4096K regular, 7620M humongous, Frag: 2% external, 0% internal; Reserve: 412M, Max: 4096K
[8.303s][info][gc,start    ] GC(2) Concurrent reset
[8.303s][info][gc,task     ] GC(2) Using 1 of 3 workers for concurrent reset
[8.303s][info][gc,ergo     ] GC(2) Pacer for Reset. Non-Taxable: 8192M
[8.304s][info][gc          ] GC(2) Concurrent reset 0.951ms
[8.304s][info][gc,start    ] GC(2) Pause Init Mark (unload classes)
[8.304s][info][gc,task     ] GC(2) Using 3 of 3 workers for init marking
[8.304s][info][gc,ref      ] GC(2) Clearing All SoftReferences
[8.304s][info][gc,ergo     ] GC(2) Pacer for Mark. Expected Live: 5754K, Free: 7760M, Non-Taxable: 776M, Alloc Tax Rate: 0.0x
[8.304s][info][gc          ] GC(2) Pause Init Mark (unload classes) 0.162ms
[8.304s][info][gc,start    ] GC(2) Concurrent marking roots
[8.304s][info][gc,task     ] GC(2) Using 1 of 3 workers for concurrent marking roots
[8.305s][info][gc          ] GC(2) Concurrent marking roots 0.592ms
[8.305s][info][gc,start    ] GC(2) Concurrent marking (unload classes)
[8.305s][info][gc,task     ] GC(2) Using 1 of 3 workers for concurrent marking
[8.310s][info][gc          ] GC(2) Concurrent marking (unload classes) 4.998ms
[8.310s][info][gc,start    ] GC(2) Pause Final Mark (unload classes)
[8.310s][info][gc,task     ] GC(2) Using 3 of 3 workers for final marking
[8.310s][info][gc,ergo     ] GC(2) Adaptive CSet Selection. Target Free: 1160M, Actual Free: 8172M, Max CSet: 341M, Min Garbage: 0B
[8.310s][info][gc,ergo     ] GC(2) Collectable Garbage: 12200K (91%), Immediate: 0B (0%), CSet: 12200K (91%)
[8.310s][info][gc,ergo     ] GC(2) Pacer for Evacuation. Used CSet: 12214K, Free: 7760M, Non-Taxable: 776M, Alloc Tax Rate: 1.1x
[8.310s][info][gc          ] GC(2) Pause Final Mark (unload classes) 0.523ms
[8.310s][info][gc,start    ] GC(2) Concurrent thread roots
[8.310s][info][gc,task     ] GC(2) Using 1 of 3 workers for Concurrent thread roots
[8.311s][info][gc          ] GC(2) Concurrent thread roots 0.437ms
[8.311s][info][gc,start    ] GC(2) Concurrent weak references
[8.311s][info][gc,task     ] GC(2) Using 1 of 3 workers for concurrent weak references
[8.311s][info][gc,ref      ] GC(2) Encountered references: Soft: 143, Weak: 824, Final: 9, Phantom: 653
[8.311s][info][gc,ref      ] GC(2) Discovered  references: Soft: 91, Weak: 496, Final: 7, Phantom: 580
[8.311s][info][gc,ref      ] GC(2) Enqueued    references: Soft: 2, Weak: 8, Final: 0, Phantom: 6
[8.311s][info][gc          ] GC(2) Concurrent weak references 0.144ms
[8.311s][info][gc,start    ] GC(2) Concurrent weak roots
[8.311s][info][gc,task     ] GC(2) Using 1 of 3 workers for concurrent weak root
[8.312s][info][gc          ] GC(2) Concurrent weak roots 0.703ms
[8.312s][info][gc,start    ] GC(2) Concurrent cleanup
[8.312s][info][gc          ] GC(2) Concurrent cleanup 19M->19M(8192M) 0.014ms
[8.312s][info][gc,ergo     ] GC(2) Free: 7760M, Max: 4096K regular, 7620M humongous, Frag: 2% external, 0% internal; Reserve: 411M, Max: 4096K
[8.312s][info][gc,start    ] GC(2) Concurrent class unloading
[8.312s][info][gc,task     ] GC(2) Using 1 of 3 workers for concurrent class unloading
[8.315s][info][gc          ] GC(2) Concurrent class unloading 3.031ms
[8.315s][info][gc,start    ] GC(2) Concurrent strong roots
[8.315s][info][gc,task     ] GC(2) Using 1 of 3 workers for concurrent strong root
[8.315s][info][gc          ] GC(2) Concurrent strong roots 0.218ms
[8.315s][info][gc,start    ] GC(2) Concurrent evacuation
[8.315s][info][gc,task     ] GC(2) Using 1 of 3 workers for concurrent evacuation
[8.315s][info][gc          ] GC(2) Concurrent evacuation 0.178ms
[8.315s][info][gc,start    ] GC(2) Pause Init Update Refs
[8.316s][info][gc,ergo     ] GC(2) Pacer for Update Refs. Used: 20428K, Free: 7760M, Non-Taxable: 776M, Alloc Tax Rate: 1.1x
[8.316s][info][gc          ] GC(2) Pause Init Update Refs 0.069ms
[8.316s][info][gc,start    ] GC(2) Concurrent update references
[8.316s][info][gc,task     ] GC(2) Using 1 of 3 workers for concurrent reference update
[8.318s][info][gc          ] GC(2) Concurrent update references 2.299ms
[8.318s][info][gc,start    ] GC(2) Concurrent update thread roots
[8.318s][info][gc          ] GC(2) Concurrent update thread roots 0.479ms
[8.319s][info][gc,start    ] GC(2) Pause Final Update Refs
[8.319s][info][gc,task     ] GC(2) Using 3 of 3 workers for final reference update
[8.319s][info][gc          ] GC(2) Pause Final Update Refs 0.245ms
[8.319s][info][gc,start    ] GC(2) Concurrent cleanup
[8.319s][info][gc          ] GC(2) Concurrent cleanup 19M->8M(8192M) 0.070ms
[8.319s][info][gc,ergo     ] Free: 7771M, Max: 4096K regular, 7768M humongous, Frag: 0% external, 0% internal; Reserve: 412M, Max: 4096K
[8.319s][info][gc,stats    ] 
[8.319s][info][gc,stats    ] All times are wall-clock times, except per-root-class counters, that are sum over
[8.319s][info][gc,stats    ] all workers. Dividing the <total> over the root stage time estimates parallelism.
[8.319s][info][gc,stats    ] 
[8.319s][info][gc,stats    ] Concurrent Reset                   1002 us
[8.319s][info][gc,stats    ] Pause Init Mark (G)                 272 us
[8.319s][info][gc,stats    ] Pause Init Mark (N)                 172 us
[8.319s][info][gc,stats    ]   Update Region States               65 us
[8.319s][info][gc,stats    ] Concurrent Mark Roots               611 us, parallelism: 0.80x
[8.319s][info][gc,stats    ]   CMR: <total>                      490 us
[8.319s][info][gc,stats    ]   CMR: Thread Roots                 415 us, workers (us): 415, ---, ---, 
[8.319s][info][gc,stats    ]   CMR: VM Strong Roots               19 us, workers (us):  19, ---, ---, 
[8.319s][info][gc,stats    ]   CMR: CLDG Roots                    56 us, workers (us):  56, ---, ---, 
[8.319s][info][gc,stats    ] Concurrent Marking                 5066 us
[8.319s][info][gc,stats    ] Pause Final Mark (G)                639 us
[8.319s][info][gc,stats    ] Pause Final Mark (N)                539 us
[8.319s][info][gc,stats    ]   Finish Mark                       164 us
[8.319s][info][gc,stats    ]   Update Region States              126 us
[8.319s][info][gc,stats    ]   Choose Collection Set             101 us
[8.319s][info][gc,stats    ]   Rebuild Free Set                   23 us
[8.319s][info][gc,stats    ] Concurrent Thread Roots             457 us, parallelism: 0.79x
[8.319s][info][gc,stats    ]   CTR: <total>                      360 us
[8.319s][info][gc,stats    ]   CTR: Thread Roots                 360 us, workers (us): 360, ---, ---, 
[8.319s][info][gc,stats    ] Concurrent Weak References          152 us, parallelism: 0.20x
[8.319s][info][gc,stats    ]   CWRF: <total>                      30 us
[8.319s][info][gc,stats    ]   CWRF: Weak References              30 us, workers (us):  30, ---, ---, 
[8.319s][info][gc,stats    ] Concurrent Weak Roots               721 us
[8.319s][info][gc,stats    ]   Roots                             620 us, parallelism: 0.92x
[8.319s][info][gc,stats    ]     CWR: <total>                    568 us
[8.319s][info][gc,stats    ]     CWR: Code Cache Roots           461 us, workers (us): 461, ---, ---, 
[8.319s][info][gc,stats    ]     CWR: VM Weak Roots              104 us, workers (us): 104, ---, ---, 
[8.319s][info][gc,stats    ]     CWR: CLDG Roots                   3 us, workers (us):   3, ---, ---, 
[8.319s][info][gc,stats    ]   Rendezvous                         66 us
[8.319s][info][gc,stats    ] Concurrent Cleanup                   22 us
[8.319s][info][gc,stats    ] Concurrent Class Unloading         3091 us
[8.319s][info][gc,stats    ]   Unlink Stale                     2704 us
[8.319s][info][gc,stats    ]     System Dictionary                 4 us
[8.319s][info][gc,stats    ]     Weak Class Links                  0 us
[8.319s][info][gc,stats    ]     Code Roots                     2698 us
[8.319s][info][gc,stats    ]   Rendezvous                        174 us
[8.319s][info][gc,stats    ]   Purge Unlinked                    133 us
[8.319s][info][gc,stats    ]     Code Roots                      121 us
[8.319s][info][gc,stats    ]     CLDG                             11 us
[8.319s][info][gc,stats    ]     Exception Caches                  0 us
[8.319s][info][gc,stats    ] Concurrent Strong Roots             256 us, parallelism: 0.26x
[8.319s][info][gc,stats    ]   CSR: <total>                       66 us
[8.319s][info][gc,stats    ]   CSR: VM Strong Roots                5 us, workers (us):   5, ---, ---, 
[8.319s][info][gc,stats    ]   CSR: CLDG Roots                    61 us, workers (us):  61, ---, ---, 
[8.319s][info][gc,stats    ] Concurrent Evacuation               216 us
[8.319s][info][gc,stats    ] Pause Init Update Refs (G)          193 us
[8.319s][info][gc,stats    ] Pause Init Update Refs (N)           86 us
[8.319s][info][gc,stats    ]   Manage GCLABs                       2 us
[8.319s][info][gc,stats    ] Concurrent Update Refs             2361 us
[8.319s][info][gc,stats    ] Concurrent Update Thread Roots      537 us
[8.319s][info][gc,stats    ] Pause Final Update Refs (G)         418 us
[8.319s][info][gc,stats    ] Pause Final Update Refs (N)         296 us
[8.319s][info][gc,stats    ]   Update Region States              132 us
[8.319s][info][gc,stats    ]   Trash Collection Set                6 us
[8.319s][info][gc,stats    ]   Rebuild Free Set                   26 us
[8.319s][info][gc,stats    ] Concurrent Cleanup                   81 us
[8.319s][info][gc,stats    ] 
[8.319s][info][gc,stats    ] Allocation pacing accrued:
[8.319s][info][gc,stats    ]       0 of    40 ms (  0.0%): <total>
[8.320s][info][gc,stats    ]       0 of    40 ms (  0.0%): <average total>
[8.320s][info][gc,stats    ] 
[8.320s][info][gc,metaspace] Metaspace: 13986K(14208K)->13986K(14208K) NonClass: 12427K(12544K)->12427K(12544K) Class: 1559K(1664K)->1559K(1664K)
[8.320s][info][gc,ergo     ] Pacer for Idle. Initial: 163M, Alloc Tax Rate: 1.0x
[15.264s][info][gc          ] Trigger: Explicit GC request (System.gc())
[15.265s][info][gc,ergo     ] Free: 7727M, Max: 4096K regular, 7724M humongous, Frag: 0% external, 0% internal; Reserve: 412M, Max: 4096K
[15.265s][info][gc,start    ] GC(3) Concurrent reset
[15.265s][info][gc,task     ] GC(3) Using 1 of 3 workers for concurrent reset
[15.265s][info][gc,ergo     ] GC(3) Pacer for Reset. Non-Taxable: 8192M
[15.265s][info][gc          ] GC(3) Concurrent reset 0.288ms
[15.265s][info][gc,start    ] GC(3) Pause Init Mark (unload classes)
[15.265s][info][gc,task     ] GC(3) Using 3 of 3 workers for init marking
[15.265s][info][gc,ref      ] GC(3) Clearing All SoftReferences
[15.265s][info][gc,ergo     ] GC(3) Pacer for Mark. Expected Live: 6197K, Free: 7727M, Non-Taxable: 772M, Alloc Tax Rate: 0.0x
[15.265s][info][gc          ] GC(3) Pause Init Mark (unload classes) 0.164ms
[15.265s][info][gc,start    ] GC(3) Concurrent marking roots
[15.265s][info][gc,task     ] GC(3) Using 1 of 3 workers for concurrent marking roots
[15.266s][info][gc          ] GC(3) Concurrent marking roots 0.733ms
[15.266s][info][gc,start    ] GC(3) Concurrent marking (unload classes)
[15.266s][info][gc,task     ] GC(3) Using 1 of 3 workers for concurrent marking
[15.271s][info][gc          ] GC(3) Concurrent marking (unload classes) 5.381ms
[15.271s][info][gc,start    ] GC(3) Pause Final Mark (unload classes)
[15.271s][info][gc,task     ] GC(3) Using 3 of 3 workers for final marking
[15.272s][info][gc,ergo     ] GC(3) Adaptive CSet Selection. Target Free: 1160M, Actual Free: 8144M, Max CSet: 341M, Min Garbage: 0B
[15.272s][info][gc,ergo     ] GC(3) Collectable Garbage: 45755K (99%), Immediate: 12288K (26%), CSet: 33467K (72%)
[15.272s][info][gc,ergo     ] GC(3) Pacer for Evacuation. Used CSet: 36864K, Free: 7735M, Non-Taxable: 773M, Alloc Tax Rate: 1.1x
[15.272s][info][gc          ] GC(3) Pause Final Mark (unload classes) 0.259ms
[15.272s][info][gc,start    ] GC(3) Concurrent thread roots
[15.272s][info][gc,task     ] GC(3) Using 1 of 3 workers for Concurrent thread roots
[15.273s][info][gc          ] GC(3) Concurrent thread roots 1.456ms
[15.273s][info][gc,start    ] GC(3) Concurrent weak references
[15.273s][info][gc,task     ] GC(3) Using 1 of 3 workers for concurrent weak references
[15.274s][info][gc,ref      ] GC(3) Encountered references: Soft: 461, Weak: 835, Final: 10, Phantom: 1490
[15.274s][info][gc,ref      ] GC(3) Discovered  references: Soft: 408, Weak: 489, Final: 8, Phantom: 1417
[15.274s][info][gc,ref      ] GC(3) Enqueued    references: Soft: 319, Weak: 3, Final: 1, Phantom: 833
[15.274s][info][gc          ] GC(3) Concurrent weak references 0.625ms
[15.274s][info][gc,start    ] GC(3) Concurrent weak roots
[15.274s][info][gc,task     ] GC(3) Using 1 of 3 workers for concurrent weak root
[15.275s][info][gc          ] GC(3) Concurrent weak roots 1.457ms
[15.275s][info][gc,start    ] GC(3) Concurrent cleanup
[15.275s][info][gc          ] GC(3) Concurrent cleanup 56M->44M(8192M) 0.019ms
[15.275s][info][gc,ergo     ] GC(3) Free: 7735M, Max: 4096K regular, 7720M humongous, Frag: 1% external, 0% internal; Reserve: 411M, Max: 4096K
[15.276s][info][gc,start    ] GC(3) Concurrent class unloading
[15.276s][info][gc,task     ] GC(3) Using 1 of 3 workers for concurrent class unloading
[15.281s][info][gc          ] GC(3) Concurrent class unloading 5.807ms
[15.281s][info][gc,start    ] GC(3) Concurrent strong roots
[15.281s][info][gc,task     ] GC(3) Using 1 of 3 workers for concurrent strong root
[15.282s][info][gc          ] GC(3) Concurrent strong roots 0.353ms
[15.282s][info][gc,start    ] GC(3) Concurrent evacuation
[15.282s][info][gc,task     ] GC(3) Using 1 of 3 workers for concurrent evacuation
[15.283s][info][gc          ] GC(3) Concurrent evacuation 1.685ms
[15.284s][info][gc,start    ] GC(3) Pause Init Update Refs
[15.284s][info][gc,ergo     ] GC(3) Pacer for Update Refs. Used: 49174K, Free: 7735M, Non-Taxable: 773M, Alloc Tax Rate: 1.1x
[15.284s][info][gc          ] GC(3) Pause Init Update Refs 0.056ms
[15.284s][info][gc,start    ] GC(3) Concurrent update references
[15.284s][info][gc,task     ] GC(3) Using 1 of 3 workers for concurrent reference update
[15.286s][info][gc          ] GC(3) Concurrent update references 2.565ms
[15.286s][info][gc,start    ] GC(3) Concurrent update thread roots
[15.288s][info][gc          ] GC(3) Concurrent update thread roots 1.431ms
[15.288s][info][gc,start    ] GC(3) Pause Final Update Refs
[15.288s][info][gc,task     ] GC(3) Using 3 of 3 workers for final reference update
[15.288s][info][gc          ] GC(3) Pause Final Update Refs 0.424ms
[15.288s][info][gc,start    ] GC(3) Concurrent cleanup
[15.288s][info][gc          ] GC(3) Concurrent cleanup 48M->12M(8192M) 0.057ms
[15.289s][info][gc,ergo     ] Free: 7767M, Max: 4096K regular, 7720M humongous, Frag: 1% external, 0% internal; Reserve: 412M, Max: 4096K
[15.289s][info][gc,stats    ] 
[15.289s][info][gc,stats    ] All times are wall-clock times, except per-root-class counters, that are sum over
[15.289s][info][gc,stats    ] all workers. Dividing the <total> over the root stage time estimates parallelism.
[15.289s][info][gc,stats    ] 
[15.289s][info][gc,stats    ] Concurrent Reset                    330 us
[15.289s][info][gc,stats    ] Pause Init Mark (G)                 298 us
[15.289s][info][gc,stats    ] Pause Init Mark (N)                 172 us
[15.289s][info][gc,stats    ]   Update Region States               65 us
[15.289s][info][gc,stats    ] Concurrent Mark Roots               769 us, parallelism: 0.83x
[15.289s][info][gc,stats    ]   CMR: <total>                      641 us
[15.289s][info][gc,stats    ]   CMR: Thread Roots                 586 us, workers (us): 586, ---, ---, 
[15.289s][info][gc,stats    ]   CMR: VM Strong Roots                5 us, workers (us):   5, ---, ---, 
[15.289s][info][gc,stats    ]   CMR: CLDG Roots                    49 us, workers (us):  49, ---, ---, 
[15.289s][info][gc,stats    ] Concurrent Marking                 5410 us
[15.289s][info][gc,stats    ] Pause Final Mark (G)                334 us
[15.289s][info][gc,stats    ] Pause Final Mark (N)                267 us
[15.289s][info][gc,stats    ]   Finish Mark                        74 us
[15.289s][info][gc,stats    ]   Update Region States               62 us
[15.289s][info][gc,stats    ]   Choose Collection Set              47 us
[15.289s][info][gc,stats    ]   Rebuild Free Set                    8 us
[15.289s][info][gc,stats    ] Concurrent Thread Roots            1507 us, parallelism: 0.87x
[15.289s][info][gc,stats    ]   CTR: <total>                     1316 us
[15.289s][info][gc,stats    ]   CTR: Thread Roots                1316 us, workers (us): 1316, ---, ---, 
[15.289s][info][gc,stats    ] Concurrent Weak References          634 us, parallelism: 0.56x
[15.289s][info][gc,stats    ]   CWRF: <total>                     352 us
[15.289s][info][gc,stats    ]   CWRF: Weak References             352 us, workers (us): 352, ---, ---, 
[15.289s][info][gc,stats    ] Concurrent Weak Roots              1475 us
[15.289s][info][gc,stats    ]   Roots                            1094 us, parallelism: 0.91x
[15.289s][info][gc,stats    ]     CWR: <total>                    996 us
[15.289s][info][gc,stats    ]     CWR: Code Cache Roots           613 us, workers (us): 613, ---, ---, 
[15.289s][info][gc,stats    ]     CWR: VM Weak Roots              378 us, workers (us): 378, ---, ---, 
[15.289s][info][gc,stats    ]     CWR: CLDG Roots                   5 us, workers (us):   5, ---, ---, 
[15.289s][info][gc,stats    ]   Rendezvous                        346 us
[15.289s][info][gc,stats    ] Concurrent Cleanup                   27 us
[15.289s][info][gc,stats    ] Concurrent Class Unloading         5885 us
[15.289s][info][gc,stats    ]   Unlink Stale                     5414 us
[15.289s][info][gc,stats    ]     System Dictionary                70 us
[15.289s][info][gc,stats    ]     Weak Class Links               2114 us
[15.289s][info][gc,stats    ]     Code Roots                     3229 us
[15.289s][info][gc,stats    ]   Rendezvous                         72 us
[15.289s][info][gc,stats    ]   Purge Unlinked                    287 us
[15.289s][info][gc,stats    ]     Code Roots                      183 us
[15.289s][info][gc,stats    ]     CLDG                            103 us
[15.289s][info][gc,stats    ]     Exception Caches                  0 us
[15.289s][info][gc,stats    ] Concurrent Strong Roots             372 us, parallelism: 0.66x
[15.289s][info][gc,stats    ]   CSR: <total>                      247 us
[15.289s][info][gc,stats    ]   CSR: VM Strong Roots               15 us, workers (us):  15, ---, ---, 
[15.289s][info][gc,stats    ]   CSR: CLDG Roots                   231 us, workers (us): 231, ---, ---, 
[15.289s][info][gc,stats    ] Concurrent Evacuation              1756 us
[15.289s][info][gc,stats    ] Pause Init Update Refs (G)          166 us
[15.289s][info][gc,stats    ] Pause Init Update Refs (N)           65 us
[15.289s][info][gc,stats    ]   Manage GCLABs                       2 us
[15.289s][info][gc,stats    ] Concurrent Update Refs             2636 us
[15.289s][info][gc,stats    ] Concurrent Update Thread Roots     1450 us
[15.289s][info][gc,stats    ] Pause Final Update Refs (G)         570 us
[15.289s][info][gc,stats    ] Pause Final Update Refs (N)         481 us
[15.289s][info][gc,stats    ]   Update Region States              296 us
[15.289s][info][gc,stats    ]   Trash Collection Set                5 us
[15.289s][info][gc,stats    ]   Rebuild Free Set                   26 us
[15.289s][info][gc,stats    ] Concurrent Cleanup                   78 us
[15.289s][info][gc,stats    ] 
[15.289s][info][gc,stats    ] Allocation pacing accrued:
[15.289s][info][gc,stats    ]       0 of  6970 ms (  0.0%): <total>
[15.289s][info][gc,stats    ]       0 of  6970 ms (  0.0%): <average total>
[15.289s][info][gc,stats    ] 
[15.289s][info][gc,metaspace] Metaspace: 14114K(14336K)->14101K(14336K) NonClass: 12554K(12672K)->12542K(12672K) Class: 1560K(1664K)->1559K(1664K)
[15.289s][info][gc,ergo     ] Pacer for Idle. Initial: 163M, Alloc Tax Rate: 1.0x
[15.302s][info][gc          ] Trigger: Explicit GC request (System.gc())
[15.302s][info][gc,ergo     ] Free: 7759M, Max: 4096K regular, 7720M humongous, Frag: 1% external, 0% internal; Reserve: 412M, Max: 4096K
[15.302s][info][gc,start    ] GC(4) Concurrent reset
[15.302s][info][gc,task     ] GC(4) Using 1 of 3 workers for concurrent reset
[15.302s][info][gc,ergo     ] GC(4) Pacer for Reset. Non-Taxable: 8192M
[15.302s][info][gc          ] GC(4) Concurrent reset 0.560ms
[15.303s][info][gc,start    ] GC(4) Pause Init Mark (unload classes)
[15.303s][info][gc,task     ] GC(4) Using 3 of 3 workers for init marking
[15.303s][info][gc,ref      ] GC(4) Clearing All SoftReferences
[15.303s][info][gc,ergo     ] GC(4) Pacer for Mark. Expected Live: 6468K, Free: 7759M, Non-Taxable: 775M, Alloc Tax Rate: 0.0x
[15.303s][info][gc          ] GC(4) Pause Init Mark (unload classes) 0.337ms
[15.303s][info][gc,start    ] GC(4) Concurrent marking roots
[15.303s][info][gc,task     ] GC(4) Using 1 of 3 workers for concurrent marking roots
[15.304s][info][gc          ] GC(4) Concurrent marking roots 1.099ms
[15.304s][info][gc,start    ] GC(4) Concurrent marking (unload classes)
[15.304s][info][gc,task     ] GC(4) Using 1 of 3 workers for concurrent marking
[15.309s][info][gc          ] GC(4) Concurrent marking (unload classes) 4.966ms
[15.309s][info][gc,start    ] GC(4) Pause Final Mark (unload classes)
[15.309s][info][gc,task     ] GC(4) Using 3 of 3 workers for final marking
[15.310s][info][gc,ergo     ] GC(4) Adaptive CSet Selection. Target Free: 1160M, Actual Free: 8171M, Max CSet: 341M, Min Garbage: 0B
[15.310s][info][gc,ergo     ] GC(4) Collectable Garbage: 12280K (91%), Immediate: 4088K (30%), CSet: 8191K (61%)
[15.310s][info][gc,ergo     ] GC(4) Pacer for Evacuation. Used CSet: 8192K, Free: 7763M, Non-Taxable: 776M, Alloc Tax Rate: 1.1x
[15.310s][info][gc          ] GC(4) Pause Final Mark (unload classes) 0.693ms
[15.310s][info][gc,start    ] GC(4) Concurrent thread roots
[15.310s][info][gc,task     ] GC(4) Using 1 of 3 workers for Concurrent thread roots
[15.311s][info][gc          ] GC(4) Concurrent thread roots 0.552ms
[15.311s][info][gc,start    ] GC(4) Concurrent weak references
[15.311s][info][gc,task     ] GC(4) Using 1 of 3 workers for concurrent weak references
[15.311s][info][gc,ref      ] GC(4) Encountered references: Soft: 141, Weak: 821, Final: 9, Phantom: 653
[15.311s][info][gc,ref      ] GC(4) Discovered  references: Soft: 89, Weak: 485, Final: 7, Phantom: 580
[15.311s][info][gc,ref      ] GC(4) Enqueued    references: Soft: 0, Weak: 0, Final: 0, Phantom: 6
[15.311s][info][gc          ] GC(4) Concurrent weak references 0.145ms
[15.311s][info][gc,start    ] GC(4) Concurrent weak roots
[15.311s][info][gc,task     ] GC(4) Using 1 of 3 workers for concurrent weak root
[15.312s][info][gc          ] GC(4) Concurrent weak roots 0.884ms
[15.312s][info][gc,start    ] GC(4) Concurrent cleanup
[15.312s][info][gc          ] GC(4) Concurrent cleanup 20M->16M(8192M) 0.014ms
[15.312s][info][gc,ergo     ] GC(4) Free: 7763M, Max: 4096K regular, 7720M humongous, Frag: 1% external, 0% internal; Reserve: 411M, Max: 4096K
[15.312s][info][gc,start    ] GC(4) Concurrent class unloading
[15.312s][info][gc,task     ] GC(4) Using 1 of 3 workers for concurrent class unloading
[15.315s][info][gc          ] GC(4) Concurrent class unloading 3.334ms
[15.315s][info][gc,start    ] GC(4) Concurrent strong roots
[15.315s][info][gc,task     ] GC(4) Using 1 of 3 workers for concurrent strong root
[15.315s][info][gc          ] GC(4) Concurrent strong roots 0.162ms
[15.315s][info][gc,start    ] GC(4) Concurrent evacuation
[15.315s][info][gc,task     ] GC(4) Using 1 of 3 workers for concurrent evacuation
[15.315s][info][gc          ] GC(4) Concurrent evacuation 0.149ms
[15.315s][info][gc,start    ] GC(4) Pause Init Update Refs
[15.316s][info][gc,ergo     ] GC(4) Pacer for Update Refs. Used: 16408K, Free: 7763M, Non-Taxable: 776M, Alloc Tax Rate: 1.1x
[15.316s][info][gc          ] GC(4) Pause Init Update Refs 0.048ms
[15.316s][info][gc,start    ] GC(4) Concurrent update references
[15.316s][info][gc,task     ] GC(4) Using 1 of 3 workers for concurrent reference update
[15.318s][info][gc          ] GC(4) Concurrent update references 2.306ms
[15.318s][info][gc,start    ] GC(4) Concurrent update thread roots
[15.319s][info][gc          ] GC(4) Concurrent update thread roots 1.301ms
[15.319s][info][gc,start    ] GC(4) Pause Final Update Refs
[15.319s][info][gc,task     ] GC(4) Using 3 of 3 workers for final reference update
[15.320s][info][gc          ] GC(4) Pause Final Update Refs 0.413ms
[15.320s][info][gc,start    ] GC(4) Concurrent cleanup
[15.320s][info][gc          ] GC(4) Concurrent cleanup 16M->8M(8192M) 0.028ms
[15.320s][info][gc,ergo     ] Free: 7771M, Max: 4096K regular, 7764M humongous, Frag: 0% external, 0% internal; Reserve: 412M, Max: 4096K
[15.320s][info][gc,stats    ] 
[15.320s][info][gc,stats    ] All times are wall-clock times, except per-root-class counters, that are sum over
[15.320s][info][gc,stats    ] all workers. Dividing the <total> over the root stage time estimates parallelism.
[15.320s][info][gc,stats    ] 
[15.320s][info][gc,stats    ] Concurrent Reset                    617 us
[15.320s][info][gc,stats    ] Pause Init Mark (G)                 544 us
[15.320s][info][gc,stats    ] Pause Init Mark (N)                 359 us
[15.320s][info][gc,stats    ]   Update Region States              142 us
[15.320s][info][gc,stats    ] Concurrent Mark Roots              1118 us, parallelism: 0.88x
[15.320s][info][gc,stats    ]   CMR: <total>                      978 us
[15.320s][info][gc,stats    ]   CMR: Thread Roots                 871 us, workers (us): 871, ---, ---, 
[15.320s][info][gc,stats    ]   CMR: VM Strong Roots               21 us, workers (us):  21, ---, ---, 
[15.320s][info][gc,stats    ]   CMR: CLDG Roots                    86 us, workers (us):  86, ---, ---, 
[15.320s][info][gc,stats    ] Concurrent Marking                 5035 us
[15.320s][info][gc,stats    ] Pause Final Mark (G)                833 us
[15.320s][info][gc,stats    ] Pause Final Mark (N)                716 us
[15.320s][info][gc,stats    ]   Finish Mark                       337 us
[15.320s][info][gc,stats    ]   Update Region States              125 us
[15.320s][info][gc,stats    ]   Choose Collection Set             102 us
[15.320s][info][gc,stats    ]   Rebuild Free Set                   21 us
[15.320s][info][gc,stats    ] Concurrent Thread Roots             571 us, parallelism: 0.82x
[15.320s][info][gc,stats    ]   CTR: <total>                      466 us
[15.320s][info][gc,stats    ]   CTR: Thread Roots                 466 us, workers (us): 466, ---, ---, 
[15.320s][info][gc,stats    ] Concurrent Weak References          153 us, parallelism: 0.17x
[15.320s][info][gc,stats    ]   CWRF: <total>                      26 us
[15.320s][info][gc,stats    ]   CWRF: Weak References              26 us, workers (us):  26, ---, ---, 
[15.320s][info][gc,stats    ] Concurrent Weak Roots               902 us
[15.320s][info][gc,stats    ]   Roots                             797 us, parallelism: 0.89x
[15.320s][info][gc,stats    ]     CWR: <total>                    713 us
[15.320s][info][gc,stats    ]     CWR: Code Cache Roots           508 us, workers (us): 508, ---, ---, 
[15.320s][info][gc,stats    ]     CWR: VM Weak Roots              201 us, workers (us): 201, ---, ---, 
[15.320s][info][gc,stats    ]     CWR: CLDG Roots                   4 us, workers (us):   4, ---, ---, 
[15.320s][info][gc,stats    ]   Rendezvous                         70 us
[15.320s][info][gc,stats    ] Concurrent Cleanup                   22 us
[15.320s][info][gc,stats    ] Concurrent Class Unloading         3401 us
[15.320s][info][gc,stats    ]   Unlink Stale                     2958 us
[15.320s][info][gc,stats    ]     System Dictionary                 5 us
[15.320s][info][gc,stats    ]     Weak Class Links                  0 us
[15.320s][info][gc,stats    ]     Code Roots                     2951 us
[15.320s][info][gc,stats    ]   Rendezvous                         68 us
[15.320s][info][gc,stats    ]   Purge Unlinked                    287 us
[15.320s][info][gc,stats    ]     Code Roots                      276 us
[15.320s][info][gc,stats    ]     CLDG                             10 us
[15.320s][info][gc,stats    ]     Exception Caches                  0 us
[15.320s][info][gc,stats    ] Concurrent Strong Roots             181 us, parallelism: 0.28x
[15.320s][info][gc,stats    ]   CSR: <total>                       50 us
[15.320s][info][gc,stats    ]   CSR: VM Strong Roots                4 us, workers (us):   4, ---, ---, 
[15.320s][info][gc,stats    ]   CSR: CLDG Roots                    46 us, workers (us):  46, ---, ---, 
[15.320s][info][gc,stats    ] Concurrent Evacuation               188 us
[15.320s][info][gc,stats    ] Pause Init Update Refs (G)          132 us
[15.320s][info][gc,stats    ] Pause Init Update Refs (N)           56 us
[15.320s][info][gc,stats    ]   Manage GCLABs                       2 us
[15.321s][info][gc,stats    ] Concurrent Update Refs             2368 us
[15.321s][info][gc,stats    ] Concurrent Update Thread Roots     1320 us
[15.321s][info][gc,stats    ] Pause Final Update Refs (G)         542 us
[15.321s][info][gc,stats    ] Pause Final Update Refs (N)         464 us
[15.321s][info][gc,stats    ]   Update Region States              296 us
[15.321s][info][gc,stats    ]   Trash Collection Set                6 us
[15.321s][info][gc,stats    ]   Rebuild Free Set                   26 us
[15.321s][info][gc,stats    ] Concurrent Cleanup                   38 us
[15.321s][info][gc,stats    ] 
[15.321s][info][gc,stats    ] Allocation pacing accrued:
[15.321s][info][gc,stats    ]       0 of    31 ms (  0.0%): <total>
[15.321s][info][gc,stats    ]       0 of    31 ms (  0.0%): <average total>
[15.321s][info][gc,stats    ] 
[15.321s][info][gc,metaspace] Metaspace: 14104K(14336K)->14104K(14336K) NonClass: 12545K(12672K)->12545K(12672K) Class: 1559K(1664K)->1559K(1664K)
[15.321s][info][gc,ergo     ] Pacer for Idle. Initial: 163M, Alloc Tax Rate: 1.0x
[22.241s][info][gc          ] Trigger: Explicit GC request (System.gc())
[22.241s][info][gc,ergo     ] Free: 7727M, Max: 4096K regular, 7720M humongous, Frag: 0% external, 0% internal; Reserve: 412M, Max: 4096K
[22.241s][info][gc,start    ] GC(5) Concurrent reset
[22.241s][info][gc,task     ] GC(5) Using 1 of 3 workers for concurrent reset
[22.241s][info][gc,ergo     ] GC(5) Pacer for Reset. Non-Taxable: 8192M
[22.241s][info][gc          ] GC(5) Concurrent reset 0.215ms
[22.241s][info][gc,start    ] GC(5) Pause Init Mark (unload classes)
[22.241s][info][gc,task     ] GC(5) Using 3 of 3 workers for init marking
[22.241s][info][gc,ref      ] GC(5) Clearing All SoftReferences
[22.241s][info][gc,ergo     ] GC(5) Pacer for Mark. Expected Live: 6593K, Free: 7727M, Non-Taxable: 772M, Alloc Tax Rate: 0.0x
[22.241s][info][gc          ] GC(5) Pause Init Mark (unload classes) 0.144ms
[22.241s][info][gc,start    ] GC(5) Concurrent marking roots
[22.242s][info][gc,task     ] GC(5) Using 1 of 3 workers for concurrent marking roots
[22.242s][info][gc          ] GC(5) Concurrent marking roots 0.961ms
[22.242s][info][gc,start    ] GC(5) Concurrent marking (unload classes)
[22.242s][info][gc,task     ] GC(5) Using 1 of 3 workers for concurrent marking
[22.248s][info][gc          ] GC(5) Concurrent marking (unload classes) 5.296ms
[22.248s][info][gc,start    ] GC(5) Pause Final Mark (unload classes)
[22.248s][info][gc,task     ] GC(5) Using 3 of 3 workers for final marking
[22.248s][info][gc,ergo     ] GC(5) Adaptive CSet Selection. Target Free: 1160M, Actual Free: 8144M, Max CSet: 341M, Min Garbage: 0B
[22.248s][info][gc,ergo     ] GC(5) Collectable Garbage: 45747K (99%), Immediate: 12288K (26%), CSet: 33459K (72%)
[22.248s][info][gc,ergo     ] GC(5) Pacer for Evacuation. Used CSet: 36864K, Free: 7739M, Non-Taxable: 773M, Alloc Tax Rate: 1.1x
[22.248s][info][gc          ] GC(5) Pause Final Mark (unload classes) 0.289ms
[22.248s][info][gc,start    ] GC(5) Concurrent thread roots
[22.248s][info][gc,task     ] GC(5) Using 1 of 3 workers for Concurrent thread roots
[22.250s][info][gc          ] GC(5) Concurrent thread roots 1.281ms
[22.250s][info][gc,start    ] GC(5) Concurrent weak references
[22.250s][info][gc,task     ] GC(5) Using 1 of 3 workers for concurrent weak references
[22.250s][info][gc,ref      ] GC(5) Encountered references: Soft: 461, Weak: 840, Final: 10, Phantom: 1490
[22.250s][info][gc,ref      ] GC(5) Discovered  references: Soft: 408, Weak: 490, Final: 8, Phantom: 1417
[22.250s][info][gc,ref      ] GC(5) Enqueued    references: Soft: 319, Weak: 3, Final: 1, Phantom: 833
[22.250s][info][gc          ] GC(5) Concurrent weak references 0.343ms
[22.250s][info][gc,start    ] GC(5) Concurrent weak roots
[22.250s][info][gc,task     ] GC(5) Using 1 of 3 workers for concurrent weak root
[22.251s][info][gc          ] GC(5) Concurrent weak roots 1.298ms
[22.251s][info][gc,start    ] GC(5) Concurrent cleanup
[22.251s][info][gc          ] GC(5) Concurrent cleanup 56M->44M(8192M) 0.025ms
[22.251s][info][gc,ergo     ] GC(5) Free: 7735M, Max: 4096K regular, 7716M humongous, Frag: 1% external, 0% internal; Reserve: 411M, Max: 4096K
[22.251s][info][gc,start    ] GC(5) Concurrent class unloading
[22.251s][info][gc,task     ] GC(5) Using 1 of 3 workers for concurrent class unloading
[22.258s][info][gc          ] GC(5) Concurrent class unloading 6.887ms
[22.258s][info][gc,start    ] GC(5) Concurrent strong roots
[22.258s][info][gc,task     ] GC(5) Using 1 of 3 workers for concurrent strong root
[22.259s][info][gc          ] GC(5) Concurrent strong roots 0.218ms
[22.259s][info][gc,start    ] GC(5) Concurrent evacuation
[22.259s][info][gc,task     ] GC(5) Using 1 of 3 workers for concurrent evacuation
[22.261s][info][gc          ] GC(5) Concurrent evacuation 1.945ms
[22.261s][info][gc,start    ] GC(5) Pause Init Update Refs
[22.261s][info][gc,ergo     ] GC(5) Pacer for Update Refs. Used: 49159K, Free: 7735M, Non-Taxable: 773M, Alloc Tax Rate: 1.1x
[22.261s][info][gc          ] GC(5) Pause Init Update Refs 0.059ms
[22.261s][info][gc,start    ] GC(5) Concurrent update references
[22.261s][info][gc,task     ] GC(5) Using 1 of 3 workers for concurrent reference update
[22.264s][info][gc          ] GC(5) Concurrent update references 2.739ms
[22.264s][info][gc,start    ] GC(5) Concurrent update thread roots
[22.265s][info][gc          ] GC(5) Concurrent update thread roots 1.376ms
[22.265s][info][gc,start    ] GC(5) Pause Final Update Refs
[22.265s][info][gc,task     ] GC(5) Using 3 of 3 workers for final reference update
[22.265s][info][gc          ] GC(5) Pause Final Update Refs 0.218ms
[22.265s][info][gc,start    ] GC(5) Concurrent cleanup
[22.265s][info][gc          ] GC(5) Concurrent cleanup 48M->12M(8192M) 0.036ms
[22.265s][info][gc,ergo     ] Free: 7767M, Max: 4096K regular, 7716M humongous, Frag: 1% external, 0% internal; Reserve: 412M, Max: 4096K
[22.266s][info][gc,stats    ] 
[22.266s][info][gc,stats    ] All times are wall-clock times, except per-root-class counters, that are sum over
[22.266s][info][gc,stats    ] all workers. Dividing the <total> over the root stage time estimates parallelism.
[22.266s][info][gc,stats    ] 
[22.266s][info][gc,stats    ] Concurrent Reset                    234 us
[22.266s][info][gc,stats    ] Pause Init Mark (G)                 249 us
[22.266s][info][gc,stats    ] Pause Init Mark (N)                 152 us
[22.266s][info][gc,stats    ]   Update Region States               52 us
[22.266s][info][gc,stats    ] Concurrent Mark Roots               988 us, parallelism: 0.90x
[22.266s][info][gc,stats    ]   CMR: <total>                      892 us
[22.266s][info][gc,stats    ]   CMR: Thread Roots                 835 us, workers (us): 835, ---, ---, 
[22.266s][info][gc,stats    ]   CMR: VM Strong Roots                4 us, workers (us):   4, ---, ---, 
[22.266s][info][gc,stats    ]   CMR: CLDG Roots                    53 us, workers (us):  53, ---, ---, 
[22.266s][info][gc,stats    ] Concurrent Marking                 5380 us
[22.266s][info][gc,stats    ] Pause Final Mark (G)                442 us
[22.266s][info][gc,stats    ] Pause Final Mark (N)                297 us
[22.266s][info][gc,stats    ]   Finish Mark                       102 us
[22.266s][info][gc,stats    ]   Update Region States               59 us
[22.266s][info][gc,stats    ]   Choose Collection Set              45 us
[22.266s][info][gc,stats    ]   Rebuild Free Set                    8 us
[22.266s][info][gc,stats    ] Concurrent Thread Roots            1320 us, parallelism: 0.83x
[22.266s][info][gc,stats    ]   CTR: <total>                     1102 us
[22.266s][info][gc,stats    ]   CTR: Thread Roots                1102 us, workers (us): 1102, ---, ---, 
[22.266s][info][gc,stats    ] Concurrent Weak References          360 us, parallelism: 0.48x
[22.266s][info][gc,stats    ]   CWRF: <total>                     172 us
[22.266s][info][gc,stats    ]   CWRF: Weak References             172 us, workers (us): 172, ---, ---, 
[22.266s][info][gc,stats    ] Concurrent Weak Roots              1338 us
[22.266s][info][gc,stats    ]   Roots                            1193 us, parallelism: 0.94x
[22.266s][info][gc,stats    ]     CWR: <total>                   1119 us
[22.266s][info][gc,stats    ]     CWR: Code Cache Roots           724 us, workers (us): 724, ---, ---, 
[22.266s][info][gc,stats    ]     CWR: VM Weak Roots              388 us, workers (us): 388, ---, ---, 
[22.266s][info][gc,stats    ]     CWR: CLDG Roots                   6 us, workers (us):   6, ---, ---, 
[22.266s][info][gc,stats    ]   Rendezvous                         70 us
[22.266s][info][gc,stats    ] Concurrent Cleanup                   34 us
[22.266s][info][gc,stats    ] Concurrent Class Unloading         6940 us
[22.266s][info][gc,stats    ]   Unlink Stale                     6027 us
[22.266s][info][gc,stats    ]     System Dictionary               123 us
[22.266s][info][gc,stats    ]     Weak Class Links               2550 us
[22.266s][info][gc,stats    ]     Code Roots                     3351 us
[22.266s][info][gc,stats    ]   Rendezvous                        446 us
[22.266s][info][gc,stats    ]   Purge Unlinked                    393 us
[22.266s][info][gc,stats    ]     Code Roots                      358 us
[22.266s][info][gc,stats    ]     CLDG                             35 us
[22.266s][info][gc,stats    ]     Exception Caches                  0 us
[22.266s][info][gc,stats    ] Concurrent Strong Roots             234 us, parallelism: 0.73x
[22.266s][info][gc,stats    ]   CSR: <total>                      170 us
[22.266s][info][gc,stats    ]   CSR: VM Strong Roots                5 us, workers (us):   5, ---, ---, 
[22.266s][info][gc,stats    ]   CSR: CLDG Roots                   165 us, workers (us): 165, ---, ---, 
[22.266s][info][gc,stats    ] Concurrent Evacuation              2014 us
[22.266s][info][gc,stats    ] Pause Init Update Refs (G)          295 us
[22.266s][info][gc,stats    ] Pause Init Update Refs (N)           68 us
[22.266s][info][gc,stats    ]   Manage GCLABs                       3 us
[22.266s][info][gc,stats    ] Concurrent Update Refs             2791 us
[22.266s][info][gc,stats    ] Concurrent Update Thread Roots     1406 us
[22.266s][info][gc,stats    ] Pause Final Update Refs (G)         348 us
[22.266s][info][gc,stats    ] Pause Final Update Refs (N)         258 us
[22.267s][info][gc,stats    ]   Update Region States              100 us
[22.267s][info][gc,stats    ]   Trash Collection Set                4 us
[22.267s][info][gc,stats    ]   Rebuild Free Set                   17 us
[22.267s][info][gc,stats    ] Concurrent Cleanup                   46 us
[22.267s][info][gc,stats    ] 
[22.267s][info][gc,stats    ] Allocation pacing accrued:
[22.267s][info][gc,stats    ]       0 of  6946 ms (  0.0%): <total>
[22.267s][info][gc,stats    ]       0 of  6946 ms (  0.0%): <average total>
[22.267s][info][gc,stats    ] 
[22.267s][info][gc,metaspace] Metaspace: 14183K(14400K)->14171K(14400K) NonClass: 12623K(12736K)->12611K(12736K) Class: 1560K(1664K)->1559K(1664K)
[22.267s][info][gc,ergo     ] Pacer for Idle. Initial: 163M, Alloc Tax Rate: 1.0x
[22.283s][info][gc          ] Trigger: Explicit GC request (System.gc())
[22.283s][info][gc,ergo     ] Free: 7759M, Max: 4096K regular, 7716M humongous, Frag: 1% external, 0% internal; Reserve: 412M, Max: 4096K
[22.283s][info][gc,start    ] GC(6) Concurrent reset
[22.283s][info][gc,task     ] GC(6) Using 1 of 3 workers for concurrent reset
[22.283s][info][gc,ergo     ] GC(6) Pacer for Reset. Non-Taxable: 8192M
[22.284s][info][gc          ] GC(6) Concurrent reset 0.554ms
[22.284s][info][gc,start    ] GC(6) Pause Init Mark (unload classes)
[22.284s][info][gc,task     ] GC(6) Using 3 of 3 workers for init marking
[22.284s][info][gc,ref      ] GC(6) Clearing All SoftReferences
[22.284s][info][gc,ergo     ] GC(6) Pacer for Mark. Expected Live: 7198K, Free: 7759M, Non-Taxable: 775M, Alloc Tax Rate: 0.0x
[22.284s][info][gc          ] GC(6) Pause Init Mark (unload classes) 0.221ms
[22.284s][info][gc,start    ] GC(6) Concurrent marking roots
[22.284s][info][gc,task     ] GC(6) Using 1 of 3 workers for concurrent marking roots
[22.285s][info][gc          ] GC(6) Concurrent marking roots 0.857ms
[22.285s][info][gc,start    ] GC(6) Concurrent marking (unload classes)
[22.285s][info][gc,task     ] GC(6) Using 1 of 3 workers for concurrent marking
[22.290s][info][gc          ] GC(6) Concurrent marking (unload classes) 5.143ms
[22.290s][info][gc,start    ] GC(6) Pause Final Mark (unload classes)
[22.290s][info][gc,task     ] GC(6) Using 3 of 3 workers for final marking
[22.290s][info][gc,ergo     ] GC(6) Adaptive CSet Selection. Target Free: 1160M, Actual Free: 8167M, Max CSet: 341M, Min Garbage: 0B
[22.291s][info][gc,ergo     ] GC(6) Collectable Garbage: 12266K (91%), Immediate: 4090K (30%), CSet: 8175K (61%)
[22.291s][info][gc,ergo     ] GC(6) Pacer for Evacuation. Used CSet: 8175K, Free: 7763M, Non-Taxable: 776M, Alloc Tax Rate: 1.1x
[22.291s][info][gc          ] GC(6) Pause Final Mark (unload classes) 0.461ms
[22.291s][info][gc,start    ] GC(6) Concurrent thread roots
[22.291s][info][gc,task     ] GC(6) Using 1 of 3 workers for Concurrent thread roots
[22.292s][info][gc          ] GC(6) Concurrent thread roots 1.098ms
[22.292s][info][gc,start    ] GC(6) Concurrent weak references
[22.292s][info][gc,task     ] GC(6) Using 1 of 3 workers for concurrent weak references
[22.292s][info][gc,ref      ] GC(6) Encountered references: Soft: 141, Weak: 826, Final: 9, Phantom: 653
[22.292s][info][gc,ref      ] GC(6) Discovered  references: Soft: 89, Weak: 486, Final: 7, Phantom: 580
[22.292s][info][gc,ref      ] GC(6) Enqueued    references: Soft: 0, Weak: 0, Final: 0, Phantom: 6
[22.292s][info][gc          ] GC(6) Concurrent weak references 0.305ms
[22.292s][info][gc,start    ] GC(6) Concurrent weak roots
[22.292s][info][gc,task     ] GC(6) Using 1 of 3 workers for concurrent weak root
[22.293s][info][gc          ] GC(6) Concurrent weak roots 0.978ms
[22.293s][info][gc,start    ] GC(6) Concurrent cleanup
[22.293s][info][gc          ] GC(6) Concurrent cleanup 20M->16M(8192M) 0.022ms
[22.293s][info][gc,ergo     ] GC(6) Free: 7763M, Max: 4096K regular, 7716M humongous, Frag: 1% external, 0% internal; Reserve: 411M, Max: 4096K
[22.293s][info][gc,start    ] GC(6) Concurrent class unloading
[22.293s][info][gc,task     ] GC(6) Using 1 of 3 workers for concurrent class unloading
[22.297s][info][gc          ] GC(6) Concurrent class unloading 3.484ms
[22.297s][info][gc,start    ] GC(6) Concurrent strong roots
[22.297s][info][gc,task     ] GC(6) Using 1 of 3 workers for concurrent strong root
[22.297s][info][gc          ] GC(6) Concurrent strong roots 0.235ms
[22.297s][info][gc,start    ] GC(6) Concurrent evacuation
[22.297s][info][gc,task     ] GC(6) Using 1 of 3 workers for concurrent evacuation
[22.297s][info][gc          ] GC(6) Concurrent evacuation 0.126ms
[22.297s][info][gc,start    ] GC(6) Pause Init Update Refs
[22.297s][info][gc,ergo     ] GC(6) Pacer for Update Refs. Used: 16393K, Free: 7763M, Non-Taxable: 776M, Alloc Tax Rate: 1.1x
[22.297s][info][gc          ] GC(6) Pause Init Update Refs 0.098ms
[22.297s][info][gc,start    ] GC(6) Concurrent update references
[22.297s][info][gc,task     ] GC(6) Using 1 of 3 workers for concurrent reference update
[22.300s][info][gc          ] GC(6) Concurrent update references 2.889ms
[22.300s][info][gc,start    ] GC(6) Concurrent update thread roots
[22.301s][info][gc          ] GC(6) Concurrent update thread roots 0.624ms
[22.301s][info][gc,start    ] GC(6) Pause Final Update Refs
[22.301s][info][gc,task     ] GC(6) Using 3 of 3 workers for final reference update
[22.301s][info][gc          ] GC(6) Pause Final Update Refs 0.131ms
[22.301s][info][gc,start    ] GC(6) Concurrent cleanup
[22.301s][info][gc          ] GC(6) Concurrent cleanup 16M->8M(8192M) 0.054ms
[22.301s][info][gc,ergo     ] Free: 7771M, Max: 4096K regular, 7760M humongous, Frag: 0% external, 0% internal; Reserve: 412M, Max: 4096K
[22.301s][info][gc,stats    ] 
[22.301s][info][gc,stats    ] All times are wall-clock times, except per-root-class counters, that are sum over
[22.301s][info][gc,stats    ] all workers. Dividing the <total> over the root stage time estimates parallelism.
[22.301s][info][gc,stats    ] 
[22.301s][info][gc,stats    ] Concurrent Reset                    609 us
[22.301s][info][gc,stats    ] Pause Init Mark (G)                 383 us
[22.301s][info][gc,stats    ] Pause Init Mark (N)                 239 us
[22.301s][info][gc,stats    ]   Update Region States               72 us
[22.302s][info][gc,stats    ] Concurrent Mark Roots               876 us, parallelism: 0.84x
[22.302s][info][gc,stats    ]   CMR: <total>                      736 us
[22.302s][info][gc,stats    ]   CMR: Thread Roots                 671 us, workers (us): 671, ---, ---, 
[22.302s][info][gc,stats    ]   CMR: VM Strong Roots               16 us, workers (us):  16, ---, ---, 
[22.302s][info][gc,stats    ]   CMR: CLDG Roots                    49 us, workers (us):  49, ---, ---, 
[22.302s][info][gc,stats    ] Concurrent Marking                 5212 us
[22.302s][info][gc,stats    ] Pause Final Mark (G)                554 us
[22.302s][info][gc,stats    ] Pause Final Mark (N)                482 us
[22.302s][info][gc,stats    ]   Finish Mark                       143 us
[22.302s][info][gc,stats    ]   Update Region States               82 us
[22.302s][info][gc,stats    ]   Choose Collection Set             104 us
[22.302s][info][gc,stats    ]   Rebuild Free Set                   21 us
[22.302s][info][gc,stats    ] Concurrent Thread Roots            1176 us, parallelism: 0.80x
[22.302s][info][gc,stats    ]   CTR: <total>                      940 us
[22.302s][info][gc,stats    ]   CTR: Thread Roots                 940 us, workers (us): 940, ---, ---, 
[22.302s][info][gc,stats    ] Concurrent Weak References          313 us, parallelism: 0.14x
[22.302s][info][gc,stats    ]   CWRF: <total>                      44 us
[22.302s][info][gc,stats    ]   CWRF: Weak References              44 us, workers (us):  44, ---, ---, 
[22.302s][info][gc,stats    ] Concurrent Weak Roots               998 us
[22.302s][info][gc,stats    ]   Roots                             895 us, parallelism: 0.93x
[22.302s][info][gc,stats    ]     CWR: <total>                    832 us
[22.302s][info][gc,stats    ]     CWR: Code Cache Roots           658 us, workers (us): 658, ---, ---, 
[22.302s][info][gc,stats    ]     CWR: VM Weak Roots              165 us, workers (us): 165, ---, ---, 
[22.302s][info][gc,stats    ]     CWR: CLDG Roots                   9 us, workers (us):   9, ---, ---, 
[22.302s][info][gc,stats    ]   Rendezvous                         65 us
[22.302s][info][gc,stats    ] Concurrent Cleanup                   31 us
[22.302s][info][gc,stats    ] Concurrent Class Unloading         3535 us
[22.302s][info][gc,stats    ]   Unlink Stale                     2998 us
[22.302s][info][gc,stats    ]     System Dictionary                 4 us
[22.302s][info][gc,stats    ]     Weak Class Links                  0 us
[22.302s][info][gc,stats    ]     Code Roots                     2993 us
[22.302s][info][gc,stats    ]   Rendezvous                        201 us
[22.302s][info][gc,stats    ]   Purge Unlinked                    265 us
[22.302s][info][gc,stats    ]     Code Roots                      248 us
[22.302s][info][gc,stats    ]     CLDG                             15 us
[22.302s][info][gc,stats    ]     Exception Caches                  1 us
[22.302s][info][gc,stats    ] Concurrent Strong Roots             286 us, parallelism: 0.21x
[22.302s][info][gc,stats    ]   CSR: <total>                       60 us
[22.302s][info][gc,stats    ]   CSR: VM Strong Roots                5 us, workers (us):   5, ---, ---, 
[22.302s][info][gc,stats    ]   CSR: CLDG Roots                    55 us, workers (us):  55, ---, ---, 
[22.302s][info][gc,stats    ] Concurrent Evacuation               152 us
[22.302s][info][gc,stats    ] Pause Init Update Refs (G)          232 us
[22.302s][info][gc,stats    ] Pause Init Update Refs (N)          115 us
[22.302s][info][gc,stats    ]   Manage GCLABs                       3 us
[22.302s][info][gc,stats    ] Concurrent Update Refs             2949 us
[22.302s][info][gc,stats    ] Concurrent Update Thread Roots      663 us
[22.302s][info][gc,stats    ] Pause Final Update Refs (G)         225 us
[22.302s][info][gc,stats    ] Pause Final Update Refs (N)         151 us
[22.302s][info][gc,stats    ]   Update Region States               75 us
[22.302s][info][gc,stats    ]   Trash Collection Set                3 us
[22.302s][info][gc,stats    ]   Rebuild Free Set                   15 us
[22.302s][info][gc,stats    ] Concurrent Cleanup                   75 us
[22.302s][info][gc,stats    ] 
[22.302s][info][gc,stats    ] Allocation pacing accrued:
[22.302s][info][gc,stats    ]       0 of    35 ms (  0.0%): <total>
[22.302s][info][gc,stats    ]       0 of    35 ms (  0.0%): <average total>
[22.302s][info][gc,stats    ] 
[22.302s][info][gc,metaspace] Metaspace: 14171K(14400K)->14171K(14400K) NonClass: 12611K(12736K)->12611K(12736K) Class: 1559K(1664K)->1559K(1664K)
[22.302s][info][gc,ergo     ] Pacer for Idle. Initial: 163M, Alloc Tax Rate: 1.0x
[29.227s][info][gc          ] Trigger: Explicit GC request (System.gc())
[29.227s][info][gc,ergo     ] Free: 7727M, Max: 4096K regular, 7716M humongous, Frag: 0% external, 0% internal; Reserve: 412M, Max: 4096K
[29.227s][info][gc,start    ] GC(7) Concurrent reset
[29.227s][info][gc,task     ] GC(7) Using 1 of 3 workers for concurrent reset
[29.227s][info][gc,ergo     ] GC(7) Pacer for Reset. Non-Taxable: 8192M
[29.228s][info][gc          ] GC(7) Concurrent reset 0.400ms
[29.228s][info][gc,start    ] GC(7) Pause Init Mark (unload classes)
[29.228s][info][gc,task     ] GC(7) Using 3 of 3 workers for init marking
[29.228s][info][gc,ref      ] GC(7) Clearing All SoftReferences
[29.228s][info][gc,ergo     ] GC(7) Pacer for Mark. Expected Live: 7170K, Free: 7727M, Non-Taxable: 772M, Alloc Tax Rate: 0.0x
[29.228s][info][gc          ] GC(7) Pause Init Mark (unload classes) 0.275ms
[29.228s][info][gc,start    ] GC(7) Concurrent marking roots
[29.228s][info][gc,task     ] GC(7) Using 1 of 3 workers for concurrent marking roots
[29.229s][info][gc          ] GC(7) Concurrent marking roots 0.842ms
[29.229s][info][gc,start    ] GC(7) Concurrent marking (unload classes)
[29.229s][info][gc,task     ] GC(7) Using 1 of 3 workers for concurrent marking
[29.235s][info][gc          ] GC(7) Concurrent marking (unload classes) 5.749ms
[29.235s][info][gc,start    ] GC(7) Pause Final Mark (unload classes)
[29.235s][info][gc,task     ] GC(7) Using 3 of 3 workers for final marking
[29.235s][info][gc,ergo     ] GC(7) Adaptive CSet Selection. Target Free: 1160M, Actual Free: 8136M, Max CSet: 341M, Min Garbage: 0B
[29.235s][info][gc,ergo     ] GC(7) Collectable Garbage: 45741K (99%), Immediate: 12288K (26%), CSet: 33453K (72%)
[29.235s][info][gc,ergo     ] GC(7) Pacer for Evacuation. Used CSet: 36864K, Free: 7735M, Non-Taxable: 773M, Alloc Tax Rate: 1.1x
[29.235s][info][gc          ] GC(7) Pause Final Mark (unload classes) 0.406ms
[29.235s][info][gc,start    ] GC(7) Concurrent thread roots
[29.235s][info][gc,task     ] GC(7) Using 1 of 3 workers for Concurrent thread roots
[29.236s][info][gc          ] GC(7) Concurrent thread roots 0.871ms
[29.236s][info][gc,start    ] GC(7) Concurrent weak references
[29.236s][info][gc,task     ] GC(7) Using 1 of 3 workers for concurrent weak references
[29.237s][info][gc,ref      ] GC(7) Encountered references: Soft: 461, Weak: 845, Final: 10, Phantom: 1490
[29.237s][info][gc,ref      ] GC(7) Discovered  references: Soft: 408, Weak: 493, Final: 8, Phantom: 1417
[29.237s][info][gc,ref      ] GC(7) Enqueued    references: Soft: 319, Weak: 3, Final: 1, Phantom: 833
[29.237s][info][gc          ] GC(7) Concurrent weak references 0.510ms
[29.237s][info][gc,start    ] GC(7) Concurrent weak roots
[29.237s][info][gc,task     ] GC(7) Using 1 of 3 workers for concurrent weak root
[29.238s][info][gc          ] GC(7) Concurrent weak roots 1.524ms
[29.238s][info][gc,start    ] GC(7) Concurrent cleanup
[29.238s][info][gc          ] GC(7) Concurrent cleanup 56M->44M(8192M) 0.024ms
[29.238s][info][gc,ergo     ] GC(7) Free: 7735M, Max: 4096K regular, 7712M humongous, Frag: 1% external, 0% internal; Reserve: 411M, Max: 4096K
[29.238s][info][gc,start    ] GC(7) Concurrent class unloading
[29.238s][info][gc,task     ] GC(7) Using 1 of 3 workers for concurrent class unloading
[29.244s][info][gc          ] GC(7) Concurrent class unloading 5.912ms
[29.244s][info][gc,start    ] GC(7) Concurrent strong roots
[29.244s][info][gc,task     ] GC(7) Using 1 of 3 workers for concurrent strong root
[29.245s][info][gc          ] GC(7) Concurrent strong roots 0.233ms
[29.245s][info][gc,start    ] GC(7) Concurrent evacuation
[29.245s][info][gc,task     ] GC(7) Using 1 of 3 workers for concurrent evacuation
[29.246s][info][gc          ] GC(7) Concurrent evacuation 1.680ms
[29.247s][info][gc,start    ] GC(7) Pause Init Update Refs
[29.247s][info][gc,ergo     ] GC(7) Pacer for Update Refs. Used: 49178K, Free: 7735M, Non-Taxable: 773M, Alloc Tax Rate: 1.1x
[29.247s][info][gc          ] GC(7) Pause Init Update Refs 0.110ms
[29.247s][info][gc,start    ] GC(7) Concurrent update references
[29.247s][info][gc,task     ] GC(7) Using 1 of 3 workers for concurrent reference update
[29.250s][info][gc          ] GC(7) Concurrent update references 3.355ms
[29.250s][info][gc,start    ] GC(7) Concurrent update thread roots
[29.251s][info][gc          ] GC(7) Concurrent update thread roots 0.744ms
[29.251s][info][gc,start    ] GC(7) Pause Final Update Refs
[29.251s][info][gc,task     ] GC(7) Using 3 of 3 workers for final reference update
[29.251s][info][gc          ] GC(7) Pause Final Update Refs 0.123ms
[29.251s][info][gc,start    ] GC(7) Concurrent cleanup
[29.251s][info][gc          ] GC(7) Concurrent cleanup 48M->12M(8192M) 0.034ms
[29.251s][info][gc,ergo     ] Free: 7767M, Max: 4096K regular, 7712M humongous, Frag: 1% external, 0% internal; Reserve: 412M, Max: 4096K
[29.251s][info][gc,stats    ] 
[29.251s][info][gc,stats    ] All times are wall-clock times, except per-root-class counters, that are sum over
[29.251s][info][gc,stats    ] all workers. Dividing the <total> over the root stage time estimates parallelism.
[29.251s][info][gc,stats    ] 
[29.251s][info][gc,stats    ] Concurrent Reset                    453 us
[29.251s][info][gc,stats    ] Pause Init Mark (G)                 491 us
[29.251s][info][gc,stats    ] Pause Init Mark (N)                 297 us
[29.251s][info][gc,stats    ]   Update Region States              112 us
[29.251s][info][gc,stats    ] Concurrent Mark Roots               861 us, parallelism: 0.84x
[29.251s][info][gc,stats    ]   CMR: <total>                      724 us
[29.251s][info][gc,stats    ]   CMR: Thread Roots                 676 us, workers (us): 676, ---, ---, 
[29.251s][info][gc,stats    ]   CMR: VM Strong Roots                4 us, workers (us):   4, ---, ---, 
[29.251s][info][gc,stats    ]   CMR: CLDG Roots                    44 us, workers (us):  44, ---, ---, 
[29.251s][info][gc,stats    ] Concurrent Marking                 5805 us
[29.251s][info][gc,stats    ] Pause Final Mark (G)                592 us
[29.251s][info][gc,stats    ] Pause Final Mark (N)                415 us
[29.251s][info][gc,stats    ]   Finish Mark                       166 us
[29.251s][info][gc,stats    ]   Update Region States               89 us
[29.251s][info][gc,stats    ]   Choose Collection Set              42 us
[29.251s][info][gc,stats    ]   Rebuild Free Set                    8 us
[29.251s][info][gc,stats    ] Concurrent Thread Roots             933 us, parallelism: 0.77x
[29.251s][info][gc,stats    ]   CTR: <total>                      718 us
[29.251s][info][gc,stats    ]   CTR: Thread Roots                 718 us, workers (us): 718, ---, ---, 
[29.251s][info][gc,stats    ] Concurrent Weak References          518 us, parallelism: 0.68x
[29.251s][info][gc,stats    ]   CWRF: <total>                     353 us
[29.251s][info][gc,stats    ]   CWRF: Weak References             353 us, workers (us): 353, ---, ---, 
[29.251s][info][gc,stats    ] Concurrent Weak Roots              1565 us
[29.251s][info][gc,stats    ]   Roots                            1164 us, parallelism: 0.92x
[29.251s][info][gc,stats    ]     CWR: <total>                   1068 us
[29.251s][info][gc,stats    ]     CWR: Code Cache Roots           705 us, workers (us): 705, ---, ---, 
[29.251s][info][gc,stats    ]     CWR: VM Weak Roots              357 us, workers (us): 357, ---, ---, 
[29.251s][info][gc,stats    ]     CWR: CLDG Roots                   6 us, workers (us):   6, ---, ---, 
[29.251s][info][gc,stats    ]   Rendezvous                        343 us
[29.251s][info][gc,stats    ] Concurrent Cleanup                   32 us
[29.251s][info][gc,stats    ] Concurrent Class Unloading         5981 us
[29.251s][info][gc,stats    ]   Unlink Stale                     5435 us
[29.251s][info][gc,stats    ]     System Dictionary                74 us
[29.251s][info][gc,stats    ]     Weak Class Links               1820 us
[29.251s][info][gc,stats    ]     Code Roots                     3540 us
[29.251s][info][gc,stats    ]   Rendezvous                        135 us
[29.251s][info][gc,stats    ]   Purge Unlinked                    321 us
[29.252s][info][gc,stats    ]     Code Roots                      276 us
[29.252s][info][gc,stats    ]     CLDG                             44 us
[29.252s][info][gc,stats    ]     Exception Caches                  0 us
[29.252s][info][gc,stats    ] Concurrent Strong Roots             271 us, parallelism: 0.46x
[29.252s][info][gc,stats    ]   CSR: <total>                      124 us
[29.252s][info][gc,stats    ]   CSR: VM Strong Roots                5 us, workers (us):   5, ---, ---, 
[29.252s][info][gc,stats    ]   CSR: CLDG Roots                   119 us, workers (us): 119, ---, ---, 
[29.252s][info][gc,stats    ] Concurrent Evacuation              1735 us
[29.252s][info][gc,stats    ] Pause Init Update Refs (G)          289 us
[29.252s][info][gc,stats    ] Pause Init Update Refs (N)          131 us
[29.252s][info][gc,stats    ]   Manage GCLABs                       5 us
[29.252s][info][gc,stats    ] Concurrent Update Refs             3409 us
[29.252s][info][gc,stats    ] Concurrent Update Thread Roots      793 us
[29.252s][info][gc,stats    ] Pause Final Update Refs (G)         197 us
[29.252s][info][gc,stats    ] Pause Final Update Refs (N)         146 us
[29.252s][info][gc,stats    ]   Update Region States               52 us
[29.252s][info][gc,stats    ]   Trash Collection Set                3 us
[29.252s][info][gc,stats    ]   Rebuild Free Set                   11 us
[29.252s][info][gc,stats    ] Concurrent Cleanup                   44 us
[29.252s][info][gc,stats    ] 
[29.252s][info][gc,stats    ] Allocation pacing accrued:
[29.252s][info][gc,stats    ]       0 of  6950 ms (  0.0%): <total>
[29.252s][info][gc,stats    ]       0 of  6950 ms (  0.0%): <average total>
[29.252s][info][gc,stats    ] 
[29.252s][info][gc,metaspace] Metaspace: 14245K(14400K)->14233K(14400K) NonClass: 12685K(12736K)->12674K(12736K) Class: 1560K(1664K)->1559K(1664K)
[29.252s][info][gc,ergo     ] Pacer for Idle. Initial: 163M, Alloc Tax Rate: 1.0x
[29.263s][info][gc          ] Trigger: Explicit GC request (System.gc())
[29.264s][info][gc,ergo     ] Free: 7759M, Max: 4096K regular, 7712M humongous, Frag: 1% external, 0% internal; Reserve: 412M, Max: 4096K
[29.264s][info][gc,start    ] GC(8) Concurrent reset
[29.264s][info][gc,task     ] GC(8) Using 1 of 3 workers for concurrent reset
[29.264s][info][gc,ergo     ] GC(8) Pacer for Reset. Non-Taxable: 8192M
[29.264s][info][gc          ] GC(8) Concurrent reset 0.496ms
[29.264s][info][gc,start    ] GC(8) Pause Init Mark (unload classes)
[29.264s][info][gc,task     ] GC(8) Using 3 of 3 workers for init marking
[29.264s][info][gc,ref      ] GC(8) Clearing All SoftReferences
[29.264s][info][gc,ergo     ] GC(8) Pacer for Mark. Expected Live: 7212K, Free: 7759M, Non-Taxable: 775M, Alloc Tax Rate: 0.0x
[29.264s][info][gc          ] GC(8) Pause Init Mark (unload classes) 0.161ms
[29.264s][info][gc,start    ] GC(8) Concurrent marking roots
[29.264s][info][gc,task     ] GC(8) Using 1 of 3 workers for concurrent marking roots
[29.265s][info][gc          ] GC(8) Concurrent marking roots 0.864ms
[29.265s][info][gc,start    ] GC(8) Concurrent marking (unload classes)
[29.265s][info][gc,task     ] GC(8) Using 1 of 3 workers for concurrent marking
[29.270s][info][gc          ] GC(8) Concurrent marking (unload classes) 5.139ms
[29.270s][info][gc,start    ] GC(8) Pause Final Mark (unload classes)
[29.270s][info][gc,task     ] GC(8) Using 3 of 3 workers for final marking
[29.271s][info][gc,ergo     ] GC(8) Adaptive CSet Selection. Target Free: 1160M, Actual Free: 8163M, Max CSet: 341M, Min Garbage: 0B
[29.271s][info][gc,ergo     ] GC(8) Collectable Garbage: 12280K (91%), Immediate: 4088K (30%), CSet: 8191K (61%)
[29.271s][info][gc,ergo     ] GC(8) Pacer for Evacuation. Used CSet: 8192K, Free: 7763M, Non-Taxable: 776M, Alloc Tax Rate: 1.1x
[29.271s][info][gc          ] GC(8) Pause Final Mark (unload classes) 0.281ms
[29.271s][info][gc,start    ] GC(8) Concurrent thread roots
[29.271s][info][gc,task     ] GC(8) Using 1 of 3 workers for Concurrent thread roots
[29.271s][info][gc          ] GC(8) Concurrent thread roots 0.721ms
[29.271s][info][gc,start    ] GC(8) Concurrent weak references
[29.272s][info][gc,task     ] GC(8) Using 1 of 3 workers for concurrent weak references
[29.272s][info][gc,ref      ] GC(8) Encountered references: Soft: 141, Weak: 831, Final: 9, Phantom: 653
[29.272s][info][gc,ref      ] GC(8) Discovered  references: Soft: 89, Weak: 487, Final: 7, Phantom: 580
[29.272s][info][gc,ref      ] GC(8) Enqueued    references: Soft: 0, Weak: 0, Final: 0, Phantom: 6
[29.272s][info][gc          ] GC(8) Concurrent weak references 0.155ms
[29.272s][info][gc,start    ] GC(8) Concurrent weak roots
[29.272s][info][gc,task     ] GC(8) Using 1 of 3 workers for concurrent weak root
[29.272s][info][gc          ] GC(8) Concurrent weak roots 0.801ms
[29.272s][info][gc,start    ] GC(8) Concurrent cleanup
[29.273s][info][gc          ] GC(8) Concurrent cleanup 20M->16M(8192M) 0.022ms
[29.273s][info][gc,ergo     ] GC(8) Free: 7763M, Max: 4096K regular, 7712M humongous, Frag: 1% external, 0% internal; Reserve: 411M, Max: 4096K
[29.273s][info][gc,start    ] GC(8) Concurrent class unloading
[29.273s][info][gc,task     ] GC(8) Using 1 of 3 workers for concurrent class unloading
[29.276s][info][gc          ] GC(8) Concurrent class unloading 3.226ms
[29.276s][info][gc,start    ] GC(8) Concurrent strong roots
[29.276s][info][gc,task     ] GC(8) Using 1 of 3 workers for concurrent strong root
[29.276s][info][gc          ] GC(8) Concurrent strong roots 0.147ms
[29.276s][info][gc,start    ] GC(8) Concurrent evacuation
[29.276s][info][gc,task     ] GC(8) Using 1 of 3 workers for concurrent evacuation
[29.276s][info][gc          ] GC(8) Concurrent evacuation 0.134ms
[29.276s][info][gc,start    ] GC(8) Pause Init Update Refs
[29.276s][info][gc,ergo     ] GC(8) Pacer for Update Refs. Used: 16412K, Free: 7763M, Non-Taxable: 776M, Alloc Tax Rate: 1.1x
[29.276s][info][gc          ] GC(8) Pause Init Update Refs 0.075ms
[29.276s][info][gc,start    ] GC(8) Concurrent update references
[29.276s][info][gc,task     ] GC(8) Using 1 of 3 workers for concurrent reference update
[29.279s][info][gc          ] GC(8) Concurrent update references 2.246ms
[29.279s][info][gc,start    ] GC(8) Concurrent update thread roots
[29.280s][info][gc          ] GC(8) Concurrent update thread roots 1.207ms
[29.280s][info][gc,start    ] GC(8) Pause Final Update Refs
[29.280s][info][gc,task     ] GC(8) Using 3 of 3 workers for final reference update
[29.280s][info][gc          ] GC(8) Pause Final Update Refs 0.187ms
[29.280s][info][gc,start    ] GC(8) Concurrent cleanup
[29.280s][info][gc          ] GC(8) Concurrent cleanup 16M->8M(8192M) 0.035ms
[29.280s][info][gc,ergo     ] Free: 7771M, Max: 4096K regular, 7756M humongous, Frag: 0% external, 0% internal; Reserve: 412M, Max: 4096K
[29.280s][info][gc,stats    ] 
[29.280s][info][gc,stats    ] All times are wall-clock times, except per-root-class counters, that are sum over
[29.280s][info][gc,stats    ] all workers. Dividing the <total> over the root stage time estimates parallelism.
[29.280s][info][gc,stats    ] 
[29.280s][info][gc,stats    ] Concurrent Reset                    523 us
[29.280s][info][gc,stats    ] Pause Init Mark (G)                 248 us
[29.280s][info][gc,stats    ] Pause Init Mark (N)                 169 us
[29.280s][info][gc,stats    ]   Update Region States               71 us
[29.280s][info][gc,stats    ] Concurrent Mark Roots               885 us, parallelism: 0.87x
[29.280s][info][gc,stats    ]   CMR: <total>                      771 us
[29.280s][info][gc,stats    ]   CMR: Thread Roots                 710 us, workers (us): 710, ---, ---, 
[29.280s][info][gc,stats    ]   CMR: VM Strong Roots               15 us, workers (us):  15, ---, ---, 
[29.280s][info][gc,stats    ]   CMR: CLDG Roots                    46 us, workers (us):  46, ---, ---, 
[29.280s][info][gc,stats    ] Concurrent Marking                 5187 us
[29.280s][info][gc,stats    ] Pause Final Mark (G)                352 us
[29.280s][info][gc,stats    ] Pause Final Mark (N)                290 us
[29.280s][info][gc,stats    ]   Finish Mark                        94 us
[29.280s][info][gc,stats    ]   Update Region States               68 us
[29.280s][info][gc,stats    ]   Choose Collection Set              44 us
[29.280s][info][gc,stats    ]   Rebuild Free Set                   10 us
[29.280s][info][gc,stats    ] Concurrent Thread Roots             741 us, parallelism: 0.87x
[29.280s][info][gc,stats    ]   CTR: <total>                      642 us
[29.280s][info][gc,stats    ]   CTR: Thread Roots                 642 us, workers (us): 642, ---, ---, 
[29.280s][info][gc,stats    ] Concurrent Weak References          163 us, parallelism: 0.24x
[29.280s][info][gc,stats    ]   CWRF: <total>                      38 us
[29.281s][info][gc,stats    ]   CWRF: Weak References              38 us, workers (us):  38, ---, ---, 
[29.281s][info][gc,stats    ] Concurrent Weak Roots               823 us
[29.281s][info][gc,stats    ]   Roots                             721 us, parallelism: 0.92x
[29.281s][info][gc,stats    ]     CWR: <total>                    665 us
[29.281s][info][gc,stats    ]     CWR: Code Cache Roots           561 us, workers (us): 561, ---, ---, 
[29.281s][info][gc,stats    ]     CWR: VM Weak Roots              100 us, workers (us): 100, ---, ---, 
[29.281s][info][gc,stats    ]     CWR: CLDG Roots                   4 us, workers (us):   4, ---, ---, 
[29.281s][info][gc,stats    ]   Rendezvous                         63 us
[29.281s][info][gc,stats    ] Concurrent Cleanup                   31 us
[29.281s][info][gc,stats    ] Concurrent Class Unloading         3292 us
[29.281s][info][gc,stats    ]   Unlink Stale                     2784 us
[29.281s][info][gc,stats    ]     System Dictionary                 4 us
[29.281s][info][gc,stats    ]     Weak Class Links                  0 us
[29.281s][info][gc,stats    ]     Code Roots                     2778 us
[29.281s][info][gc,stats    ]   Rendezvous                        137 us
[29.281s][info][gc,stats    ]   Purge Unlinked                    283 us
[29.281s][info][gc,stats    ]     Code Roots                      271 us
[29.281s][info][gc,stats    ]     CLDG                             11 us
[29.281s][info][gc,stats    ]     Exception Caches                  0 us
[29.281s][info][gc,stats    ] Concurrent Strong Roots             185 us, parallelism: 0.19x
[29.281s][info][gc,stats    ]   CSR: <total>                       34 us
[29.281s][info][gc,stats    ]   CSR: VM Strong Roots                2 us, workers (us):   2, ---, ---, 
[29.281s][info][gc,stats    ]   CSR: CLDG Roots                    32 us, workers (us):  32, ---, ---, 
[29.281s][info][gc,stats    ] Concurrent Evacuation               172 us
[29.281s][info][gc,stats    ] Pause Init Update Refs (G)          204 us
[29.281s][info][gc,stats    ] Pause Init Update Refs (N)           92 us
[29.281s][info][gc,stats    ]   Manage GCLABs                       3 us
[29.281s][info][gc,stats    ] Concurrent Update Refs             2285 us
[29.281s][info][gc,stats    ] Concurrent Update Thread Roots     1259 us
[29.281s][info][gc,stats    ] Pause Final Update Refs (G)         300 us
[29.281s][info][gc,stats    ] Pause Final Update Refs (N)         209 us
[29.281s][info][gc,stats    ]   Update Region States               74 us
[29.281s][info][gc,stats    ]   Trash Collection Set                4 us
[29.281s][info][gc,stats    ]   Rebuild Free Set                   17 us
[29.281s][info][gc,stats    ] Concurrent Cleanup                   45 us
[29.281s][info][gc,stats    ] 
[29.281s][info][gc,stats    ] Allocation pacing accrued:
[29.281s][info][gc,stats    ]       0 of    29 ms (  0.0%): <total>
[29.281s][info][gc,stats    ]       0 of    29 ms (  0.0%): <average total>
[29.281s][info][gc,stats    ] 
[29.281s][info][gc,metaspace] Metaspace: 14233K(14400K)->14235K(14400K) NonClass: 12674K(12736K)->12675K(12736K) Class: 1559K(1664K)->1559K(1664K)
[29.281s][info][gc,ergo     ] Pacer for Idle. Initial: 163M, Alloc Tax Rate: 1.0x
[36.195s][info][gc          ] Trigger: Explicit GC request (System.gc())
[36.195s][info][gc,ergo     ] Free: 7727M, Max: 4096K regular, 7712M humongous, Frag: 0% external, 0% internal; Reserve: 412M, Max: 4096K
[36.195s][info][gc,start    ] GC(9) Concurrent reset
[36.195s][info][gc,task     ] GC(9) Using 1 of 3 workers for concurrent reset
[36.195s][info][gc,ergo     ] GC(9) Pacer for Reset. Non-Taxable: 8192M
[36.196s][info][gc          ] GC(9) Concurrent reset 0.197ms
[36.196s][info][gc,start    ] GC(9) Pause Init Mark (unload classes)
[36.196s][info][gc,task     ] GC(9) Using 3 of 3 workers for init marking
[36.196s][info][gc,ref      ] GC(9) Clearing All SoftReferences
[36.196s][info][gc,ergo     ] GC(9) Pacer for Mark. Expected Live: 7178K, Free: 7727M, Non-Taxable: 772M, Alloc Tax Rate: 0.0x
[36.196s][info][gc          ] GC(9) Pause Init Mark (unload classes) 0.250ms
[36.196s][info][gc,start    ] GC(9) Concurrent marking roots
[36.196s][info][gc,task     ] GC(9) Using 1 of 3 workers for concurrent marking roots
[36.198s][info][gc          ] GC(9) Concurrent marking roots 1.688ms
[36.198s][info][gc,start    ] GC(9) Concurrent marking (unload classes)
[36.198s][info][gc,task     ] GC(9) Using 1 of 3 workers for concurrent marking
[36.203s][info][gc          ] GC(9) Concurrent marking (unload classes) 5.428ms
[36.203s][info][gc,start    ] GC(9) Pause Final Mark (unload classes)
[36.203s][info][gc,task     ] GC(9) Using 3 of 3 workers for final marking
[36.204s][info][gc,ergo     ] GC(9) Adaptive CSet Selection. Target Free: 1160M, Actual Free: 8136M, Max CSet: 341M, Min Garbage: 0B
[36.204s][info][gc,ergo     ] GC(9) Collectable Garbage: 45738K (99%), Immediate: 12288K (26%), CSet: 33450K (72%)
[36.204s][info][gc,ergo     ] GC(9) Pacer for Evacuation. Used CSet: 36864K, Free: 7739M, Non-Taxable: 773M, Alloc Tax Rate: 1.1x
[36.204s][info][gc          ] GC(9) Pause Final Mark (unload classes) 0.421ms
[36.204s][info][gc,start    ] GC(9) Concurrent thread roots
[36.204s][info][gc,task     ] GC(9) Using 1 of 3 workers for Concurrent thread roots
[36.205s][info][gc          ] GC(9) Concurrent thread roots 0.808ms
[36.205s][info][gc,start    ] GC(9) Concurrent weak references
[36.205s][info][gc,task     ] GC(9) Using 1 of 3 workers for concurrent weak references
[36.205s][info][gc,ref      ] GC(9) Encountered references: Soft: 461, Weak: 850, Final: 10, Phantom: 1490
[36.205s][info][gc,ref      ] GC(9) Discovered  references: Soft: 408, Weak: 492, Final: 8, Phantom: 1417
[36.205s][info][gc,ref      ] GC(9) Enqueued    references: Soft: 319, Weak: 3, Final: 1, Phantom: 833
[36.205s][info][gc          ] GC(9) Concurrent weak references 0.276ms
[36.205s][info][gc,start    ] GC(9) Concurrent weak roots
[36.205s][info][gc,task     ] GC(9) Using 1 of 3 workers for concurrent weak root
[36.206s][info][gc          ] GC(9) Concurrent weak roots 1.286ms
[36.206s][info][gc,start    ] GC(9) Concurrent cleanup
[36.206s][info][gc          ] GC(9) Concurrent cleanup 56M->44M(8192M) 0.027ms
[36.206s][info][gc,ergo     ] GC(9) Free: 7735M, Max: 4096K regular, 7708M humongous, Frag: 1% external, 0% internal; Reserve: 411M, Max: 4096K
[36.206s][info][gc,start    ] GC(9) Concurrent class unloading
[36.206s][info][gc,task     ] GC(9) Using 1 of 3 workers for concurrent class unloading
[36.213s][info][gc          ] GC(9) Concurrent class unloading 6.912ms
[36.213s][info][gc,start    ] GC(9) Concurrent strong roots
[36.213s][info][gc,task     ] GC(9) Using 1 of 3 workers for concurrent strong root
[36.214s][info][gc          ] GC(9) Concurrent strong roots 0.357ms
[36.214s][info][gc,start    ] GC(9) Concurrent evacuation
[36.214s][info][gc,task     ] GC(9) Using 1 of 3 workers for concurrent evacuation
[36.216s][info][gc          ] GC(9) Concurrent evacuation 1.987ms
[36.216s][info][gc,start    ] GC(9) Pause Init Update Refs
[36.216s][info][gc,ergo     ] GC(9) Pacer for Update Refs. Used: 49163K, Free: 7735M, Non-Taxable: 773M, Alloc Tax Rate: 1.1x
[36.216s][info][gc          ] GC(9) Pause Init Update Refs 0.091ms
[36.216s][info][gc,start    ] GC(9) Concurrent update references
[36.216s][info][gc,task     ] GC(9) Using 1 of 3 workers for concurrent reference update
[36.219s][info][gc          ] GC(9) Concurrent update references 3.028ms
[36.219s][info][gc,start    ] GC(9) Concurrent update thread roots
[36.221s][info][gc          ] GC(9) Concurrent update thread roots 2.141ms
[36.221s][info][gc,start    ] GC(9) Pause Final Update Refs
[36.221s][info][gc,task     ] GC(9) Using 3 of 3 workers for final reference update
[36.222s][info][gc          ] GC(9) Pause Final Update Refs 0.208ms
[36.222s][info][gc,start    ] GC(9) Concurrent cleanup
[36.222s][info][gc          ] GC(9) Concurrent cleanup 48M->12M(8192M) 0.056ms
[36.222s][info][gc,ergo     ] Free: 7767M, Max: 4096K regular, 7708M humongous, Frag: 1% external, 0% internal; Reserve: 412M, Max: 4096K
[36.222s][info][gc,stats    ] 
[36.222s][info][gc,stats    ] All times are wall-clock times, except per-root-class counters, that are sum over
[36.222s][info][gc,stats    ] all workers. Dividing the <total> over the root stage time estimates parallelism.
[36.222s][info][gc,stats    ] 
[36.222s][info][gc,stats    ] Concurrent Reset                    230 us
[36.222s][info][gc,stats    ] Pause Init Mark (G)                 401 us
[36.222s][info][gc,stats    ] Pause Init Mark (N)                 268 us
[36.222s][info][gc,stats    ]   Update Region States              104 us
[36.222s][info][gc,stats    ] Concurrent Mark Roots              1712 us, parallelism: 0.91x
[36.222s][info][gc,stats    ]   CMR: <total>                     1559 us
[36.222s][info][gc,stats    ]   CMR: Thread Roots                1507 us, workers (us): 1507, ---, ---, 
[36.222s][info][gc,stats    ]   CMR: VM Strong Roots                4 us, workers (us):   4, ---, ---, 
[36.222s][info][gc,stats    ]   CMR: CLDG Roots                    48 us, workers (us):  48, ---, ---, 
[36.222s][info][gc,stats    ] Concurrent Marking                 5499 us
[36.222s][info][gc,stats    ] Pause Final Mark (G)                564 us
[36.222s][info][gc,stats    ] Pause Final Mark (N)                438 us
[36.222s][info][gc,stats    ]   Finish Mark                       109 us
[36.222s][info][gc,stats    ]   Update Region States               94 us
[36.222s][info][gc,stats    ]   Choose Collection Set              78 us
[36.222s][info][gc,stats    ]   Rebuild Free Set                   16 us
[36.222s][info][gc,stats    ] Concurrent Thread Roots             827 us, parallelism: 0.90x
[36.222s][info][gc,stats    ]   CTR: <total>                      741 us
[36.222s][info][gc,stats    ]   CTR: Thread Roots                 741 us, workers (us): 741, ---, ---, 
[36.222s][info][gc,stats    ] Concurrent Weak References          284 us, parallelism: 0.61x
[36.222s][info][gc,stats    ]   CWRF: <total>                     173 us
[36.222s][info][gc,stats    ]   CWRF: Weak References             173 us, workers (us): 173, ---, ---, 
[36.222s][info][gc,stats    ] Concurrent Weak Roots              1319 us
[36.222s][info][gc,stats    ]   Roots                             937 us, parallelism: 0.93x
[36.222s][info][gc,stats    ]     CWR: <total>                    870 us
[36.222s][info][gc,stats    ]     CWR: Code Cache Roots           679 us, workers (us): 679, ---, ---, 
[36.222s][info][gc,stats    ]     CWR: VM Weak Roots              187 us, workers (us): 187, ---, ---, 
[36.222s][info][gc,stats    ]     CWR: CLDG Roots                   4 us, workers (us):   4, ---, ---, 
[36.222s][info][gc,stats    ]   Rendezvous                        327 us
[36.222s][info][gc,stats    ] Concurrent Cleanup                   36 us
[36.222s][info][gc,stats    ] Concurrent Class Unloading         6996 us
[36.222s][info][gc,stats    ]   Unlink Stale                     6451 us
[36.223s][info][gc,stats    ]     System Dictionary                84 us
[36.223s][info][gc,stats    ]     Weak Class Links               2295 us
[36.223s][info][gc,stats    ]     Code Roots                     4069 us
[36.223s][info][gc,stats    ]   Rendezvous                        151 us
[36.223s][info][gc,stats    ]   Purge Unlinked                    284 us
[36.223s][info][gc,stats    ]     Code Roots                      233 us
[36.223s][info][gc,stats    ]     CLDG                             50 us
[36.223s][info][gc,stats    ]     Exception Caches                  0 us
[36.223s][info][gc,stats    ] Concurrent Strong Roots             407 us, parallelism: 0.52x
[36.223s][info][gc,stats    ]   CSR: <total>                      210 us
[36.223s][info][gc,stats    ]   CSR: VM Strong Roots                7 us, workers (us):   7, ---, ---, 
[36.223s][info][gc,stats    ]   CSR: CLDG Roots                   203 us, workers (us): 203, ---, ---, 
[36.223s][info][gc,stats    ] Concurrent Evacuation              2043 us
[36.223s][info][gc,stats    ] Pause Init Update Refs (G)          220 us
[36.223s][info][gc,stats    ] Pause Init Update Refs (N)          108 us
[36.223s][info][gc,stats    ]   Manage GCLABs                       5 us
[36.223s][info][gc,stats    ] Concurrent Update Refs             3100 us
[36.223s][info][gc,stats    ] Concurrent Update Thread Roots     2180 us
[36.223s][info][gc,stats    ] Pause Final Update Refs (G)         407 us
[36.223s][info][gc,stats    ] Pause Final Update Refs (N)         235 us
[36.223s][info][gc,stats    ]   Update Region States               91 us
[36.223s][info][gc,stats    ]   Trash Collection Set                5 us
[36.223s][info][gc,stats    ]   Rebuild Free Set                   28 us
[36.223s][info][gc,stats    ] Concurrent Cleanup                   77 us
[36.223s][info][gc,stats    ] 
[36.223s][info][gc,stats    ] Allocation pacing accrued:
[36.223s][info][gc,stats    ]       0 of  6942 ms (  0.0%): <total>
[36.223s][info][gc,stats    ]       0 of  6942 ms (  0.0%): <average total>
[36.223s][info][gc,stats    ] 
[36.223s][info][gc,metaspace] Metaspace: 14282K(14464K)->14271K(14464K) NonClass: 12722K(12800K)->12711K(12800K) Class: 1560K(1664K)->1559K(1664K)
[36.223s][info][gc,ergo     ] Pacer for Idle. Initial: 163M, Alloc Tax Rate: 1.0x
[36.238s][info][gc          ] Trigger: Explicit GC request (System.gc())
[36.238s][info][gc,ergo     ] Free: 7759M, Max: 4096K regular, 7708M humongous, Frag: 1% external, 0% internal; Reserve: 412M, Max: 4096K
[36.238s][info][gc,start    ] GC(10) Concurrent reset
[36.238s][info][gc,task     ] GC(10) Using 1 of 3 workers for concurrent reset
[36.238s][info][gc,ergo     ] GC(10) Pacer for Reset. Non-Taxable: 8192M
[36.239s][info][gc          ] GC(10) Concurrent reset 0.551ms
[36.239s][info][gc,start    ] GC(10) Pause Init Mark (unload classes)
[36.239s][info][gc,task     ] GC(10) Using 3 of 3 workers for init marking
[36.239s][info][gc,ref      ] GC(10) Clearing All SoftReferences
[36.239s][info][gc,ergo     ] GC(10) Pacer for Mark. Expected Live: 7218K, Free: 7759M, Non-Taxable: 775M, Alloc Tax Rate: 0.0x
[36.239s][info][gc          ] GC(10) Pause Init Mark (unload classes) 0.230ms
[36.239s][info][gc,start    ] GC(10) Concurrent marking roots
[36.239s][info][gc,task     ] GC(10) Using 1 of 3 workers for concurrent marking roots
[36.240s][info][gc          ] GC(10) Concurrent marking roots 1.071ms
[36.240s][info][gc,start    ] GC(10) Concurrent marking (unload classes)
[36.240s][info][gc,task     ] GC(10) Using 1 of 3 workers for concurrent marking
[36.245s][info][gc          ] GC(10) Concurrent marking (unload classes) 4.975ms
[36.245s][info][gc,start    ] GC(10) Pause Final Mark (unload classes)
[36.245s][info][gc,task     ] GC(10) Using 3 of 3 workers for final marking
[36.245s][info][gc,ergo     ] GC(10) Adaptive CSet Selection. Target Free: 1160M, Actual Free: 8159M, Max CSet: 341M, Min Garbage: 0B
[36.245s][info][gc,ergo     ] GC(10) Collectable Garbage: 12266K (91%), Immediate: 4090K (30%), CSet: 8175K (61%)
[36.245s][info][gc,ergo     ] GC(10) Pacer for Evacuation. Used CSet: 8175K, Free: 7763M, Non-Taxable: 776M, Alloc Tax Rate: 1.1x
[36.246s][info][gc          ] GC(10) Pause Final Mark (unload classes) 0.239ms
[36.246s][info][gc,start    ] GC(10) Concurrent thread roots
[36.246s][info][gc,task     ] GC(10) Using 1 of 3 workers for Concurrent thread roots
[36.246s][info][gc          ] GC(10) Concurrent thread roots 0.811ms
[36.246s][info][gc,start    ] GC(10) Concurrent weak references
[36.246s][info][gc,task     ] GC(10) Using 1 of 3 workers for concurrent weak references
[36.247s][info][gc,ref      ] GC(10) Encountered references: Soft: 141, Weak: 836, Final: 9, Phantom: 653
[36.247s][info][gc,ref      ] GC(10) Discovered  references: Soft: 89, Weak: 488, Final: 7, Phantom: 580
[36.247s][info][gc,ref      ] GC(10) Enqueued    references: Soft: 0, Weak: 0, Final: 0, Phantom: 6
[36.247s][info][gc          ] GC(10) Concurrent weak references 0.158ms
[36.247s][info][gc,start    ] GC(10) Concurrent weak roots
[36.247s][info][gc,task     ] GC(10) Using 1 of 3 workers for concurrent weak root
[36.248s][info][gc          ] GC(10) Concurrent weak roots 1.408ms
[36.248s][info][gc,start    ] GC(10) Concurrent cleanup
[36.248s][info][gc          ] GC(10) Concurrent cleanup 20M->16M(8192M) 0.026ms
[36.248s][info][gc,ergo     ] GC(10) Free: 7763M, Max: 4096K regular, 7708M humongous, Frag: 1% external, 0% internal; Reserve: 411M, Max: 4096K
[36.248s][info][gc,start    ] GC(10) Concurrent class unloading
[36.248s][info][gc,task     ] GC(10) Using 1 of 3 workers for concurrent class unloading
[36.252s][info][gc          ] GC(10) Concurrent class unloading 4.007ms
[36.252s][info][gc,start    ] GC(10) Concurrent strong roots
[36.252s][info][gc,task     ] GC(10) Using 1 of 3 workers for concurrent strong root
[36.252s][info][gc          ] GC(10) Concurrent strong roots 0.195ms
[36.252s][info][gc,start    ] GC(10) Concurrent evacuation
[36.252s][info][gc,task     ] GC(10) Using 1 of 3 workers for concurrent evacuation
[36.253s][info][gc          ] GC(10) Concurrent evacuation 0.123ms
[36.253s][info][gc,start    ] GC(10) Pause Init Update Refs
[36.253s][info][gc,ergo     ] GC(10) Pacer for Update Refs. Used: 16397K, Free: 7763M, Non-Taxable: 776M, Alloc Tax Rate: 1.1x
[36.253s][info][gc          ] GC(10) Pause Init Update Refs 0.067ms
[36.253s][info][gc,start    ] GC(10) Concurrent update references
[36.253s][info][gc,task     ] GC(10) Using 1 of 3 workers for concurrent reference update
[36.255s][info][gc          ] GC(10) Concurrent update references 2.265ms
[36.255s][info][gc,start    ] GC(10) Concurrent update thread roots
[36.256s][info][gc          ] GC(10) Concurrent update thread roots 1.299ms
[36.256s][info][gc,start    ] GC(10) Pause Final Update Refs
[36.257s][info][gc,task     ] GC(10) Using 3 of 3 workers for final reference update
[36.257s][info][gc          ] GC(10) Pause Final Update Refs 0.169ms
[36.257s][info][gc,start    ] GC(10) Concurrent cleanup
[36.257s][info][gc          ] GC(10) Concurrent cleanup 16M->8M(8192M) 0.054ms
[36.257s][info][gc,ergo     ] Free: 7771M, Max: 4096K regular, 7752M humongous, Frag: 0% external, 0% internal; Reserve: 412M, Max: 4096K
[36.257s][info][gc,stats    ] 
[36.257s][info][gc,stats    ] All times are wall-clock times, except per-root-class counters, that are sum over
[36.257s][info][gc,stats    ] all workers. Dividing the <total> over the root stage time estimates parallelism.
[36.257s][info][gc,stats    ] 
[36.257s][info][gc,stats    ] Concurrent Reset                    587 us
[36.257s][info][gc,stats    ] Pause Init Mark (G)                 368 us
[36.257s][info][gc,stats    ] Pause Init Mark (N)                 248 us
[36.257s][info][gc,stats    ]   Update Region States               64 us
[36.257s][info][gc,stats    ] Concurrent Mark Roots              1101 us, parallelism: 0.86x
[36.257s][info][gc,stats    ]   CMR: <total>                      952 us
[36.257s][info][gc,stats    ]   CMR: Thread Roots                 870 us, workers (us): 870, ---, ---, 
[36.257s][info][gc,stats    ]   CMR: VM Strong Roots               18 us, workers (us):  18, ---, ---, 
[36.257s][info][gc,stats    ]   CMR: CLDG Roots                    64 us, workers (us):  64, ---, ---, 
[36.257s][info][gc,stats    ] Concurrent Marking                 5043 us
[36.257s][info][gc,stats    ] Pause Final Mark (G)                397 us
[36.257s][info][gc,stats    ] Pause Final Mark (N)                332 us
[36.257s][info][gc,stats    ]   Finish Mark                        65 us
[36.257s][info][gc,stats    ]   Update Region States               56 us
[36.257s][info][gc,stats    ]   Choose Collection Set              46 us
[36.257s][info][gc,stats    ]   Rebuild Free Set                    8 us
[36.257s][info][gc,stats    ] Concurrent Thread Roots             850 us, parallelism: 0.82x
[36.257s][info][gc,stats    ]   CTR: <total>                      693 us
[36.257s][info][gc,stats    ]   CTR: Thread Roots                 693 us, workers (us): 693, ---, ---, 
[36.257s][info][gc,stats    ] Concurrent Weak References          166 us, parallelism: 0.28x
[36.257s][info][gc,stats    ]   CWRF: <total>                      47 us
[36.257s][info][gc,stats    ]   CWRF: Weak References              47 us, workers (us):  47, ---, ---, 
[36.257s][info][gc,stats    ] Concurrent Weak Roots              1449 us
[36.257s][info][gc,stats    ]   Roots                            1195 us, parallelism: 0.94x
[36.257s][info][gc,stats    ]     CWR: <total>                   1124 us
[36.257s][info][gc,stats    ]     CWR: Code Cache Roots          1014 us, workers (us): 1014, ---, ---, 
[36.257s][info][gc,stats    ]     CWR: VM Weak Roots              103 us, workers (us): 103, ---, ---, 
[36.257s][info][gc,stats    ]     CWR: CLDG Roots                   6 us, workers (us):   6, ---, ---, 
[36.257s][info][gc,stats    ]   Rendezvous                        194 us
[36.257s][info][gc,stats    ] Concurrent Cleanup                   35 us
[36.257s][info][gc,stats    ] Concurrent Class Unloading         4059 us
[36.257s][info][gc,stats    ]   Unlink Stale                     3377 us
[36.257s][info][gc,stats    ]     System Dictionary                 5 us
[36.257s][info][gc,stats    ]     Weak Class Links                  0 us
[36.257s][info][gc,stats    ]     Code Roots                     3371 us
[36.257s][info][gc,stats    ]   Rendezvous                        312 us
[36.257s][info][gc,stats    ]   Purge Unlinked                    297 us
[36.257s][info][gc,stats    ]     Code Roots                      281 us
[36.258s][info][gc,stats    ]     CLDG                             15 us
[36.258s][info][gc,stats    ]     Exception Caches                  0 us
[36.258s][info][gc,stats    ] Concurrent Strong Roots             260 us, parallelism: 0.23x
[36.258s][info][gc,stats    ]   CSR: <total>                       61 us
[36.258s][info][gc,stats    ]   CSR: VM Strong Roots                5 us, workers (us):   5, ---, ---, 
[36.258s][info][gc,stats    ]   CSR: CLDG Roots                    56 us, workers (us):  56, ---, ---, 
[36.258s][info][gc,stats    ] Concurrent Evacuation               143 us
[36.258s][info][gc,stats    ] Pause Init Update Refs (G)          172 us
[36.258s][info][gc,stats    ] Pause Init Update Refs (N)           84 us
[36.258s][info][gc,stats    ]   Manage GCLABs                       4 us
[36.258s][info][gc,stats    ] Concurrent Update Refs             2329 us
[36.258s][info][gc,stats    ] Concurrent Update Thread Roots     1318 us
[36.258s][info][gc,stats    ] Pause Final Update Refs (G)         270 us
[36.258s][info][gc,stats    ] Pause Final Update Refs (N)         188 us
[36.258s][info][gc,stats    ]   Update Region States               70 us
[36.258s][info][gc,stats    ]   Trash Collection Set                3 us
[36.258s][info][gc,stats    ]   Rebuild Free Set                   15 us
[36.258s][info][gc,stats    ] Concurrent Cleanup                   75 us
[36.258s][info][gc,stats    ] 
[36.258s][info][gc,stats    ] Allocation pacing accrued:
[36.258s][info][gc,stats    ]       0 of    35 ms (  0.0%): <total>
[36.258s][info][gc,stats    ]       0 of    35 ms (  0.0%): <average total>
[36.258s][info][gc,stats    ] 
[36.258s][info][gc,metaspace] Metaspace: 14277K(14464K)->14277K(14464K) NonClass: 12718K(12800K)->12718K(12800K) Class: 1559K(1664K)->1559K(1664K)
[36.258s][info][gc,ergo     ] Pacer for Idle. Initial: 163M, Alloc Tax Rate: 1.0x
[43.178s][info][gc          ] Trigger: Explicit GC request (System.gc())
[43.178s][info][gc,ergo     ] Free: 7727M, Max: 4096K regular, 7708M humongous, Frag: 0% external, 0% internal; Reserve: 412M, Max: 4096K
[43.178s][info][gc,start    ] GC(11) Concurrent reset
[43.178s][info][gc,task     ] GC(11) Using 1 of 3 workers for concurrent reset
[43.178s][info][gc,ergo     ] GC(11) Pacer for Reset. Non-Taxable: 8192M
[43.178s][info][gc          ] GC(11) Concurrent reset 0.225ms
[43.178s][info][gc,start    ] GC(11) Pause Init Mark (unload classes)
[43.178s][info][gc,task     ] GC(11) Using 3 of 3 workers for init marking
[43.178s][info][gc,ref      ] GC(11) Clearing All SoftReferences
[43.178s][info][gc,ergo     ] GC(11) Pacer for Mark. Expected Live: 7183K, Free: 7727M, Non-Taxable: 772M, Alloc Tax Rate: 0.0x
[43.178s][info][gc          ] GC(11) Pause Init Mark (unload classes) 0.325ms
[43.179s][info][gc,start    ] GC(11) Concurrent marking roots
[43.179s][info][gc,task     ] GC(11) Using 1 of 3 workers for concurrent marking roots
[43.180s][info][gc          ] GC(11) Concurrent marking roots 1.369ms
[43.180s][info][gc,start    ] GC(11) Concurrent marking (unload classes)
[43.180s][info][gc,task     ] GC(11) Using 1 of 3 workers for concurrent marking
[43.186s][info][gc          ] GC(11) Concurrent marking (unload classes) 5.659ms
[43.186s][info][gc,start    ] GC(11) Pause Final Mark (unload classes)
[43.186s][info][gc,task     ] GC(11) Using 3 of 3 workers for final marking
[43.186s][info][gc,ergo     ] GC(11) Adaptive CSet Selection. Target Free: 1160M, Actual Free: 8128M, Max CSet: 341M, Min Garbage: 0B
[43.186s][info][gc,ergo     ] GC(11) Collectable Garbage: 45734K (99%), Immediate: 12288K (26%), CSet: 33446K (72%)
[43.186s][info][gc,ergo     ] GC(11) Pacer for Evacuation. Used CSet: 36864K, Free: 7735M, Non-Taxable: 773M, Alloc Tax Rate: 1.1x
[43.186s][info][gc          ] GC(11) Pause Final Mark (unload classes) 0.387ms
[43.186s][info][gc,start    ] GC(11) Concurrent thread roots
[43.186s][info][gc,task     ] GC(11) Using 1 of 3 workers for Concurrent thread roots
[43.188s][info][gc          ] GC(11) Concurrent thread roots 1.457ms
[43.188s][info][gc,start    ] GC(11) Concurrent weak references
[43.188s][info][gc,task     ] GC(11) Using 1 of 3 workers for concurrent weak references
[43.188s][info][gc,ref      ] GC(11) Encountered references: Soft: 461, Weak: 855, Final: 10, Phantom: 1488
[43.188s][info][gc,ref      ] GC(11) Discovered  references: Soft: 408, Weak: 510, Final: 8, Phantom: 1428
[43.188s][info][gc,ref      ] GC(11) Enqueued    references: Soft: 319, Weak: 3, Final: 1, Phantom: 833
[43.188s][info][gc          ] GC(11) Concurrent weak references 0.357ms
[43.188s][info][gc,start    ] GC(11) Concurrent weak roots
[43.188s][info][gc,task     ] GC(11) Using 1 of 3 workers for concurrent weak root
[43.190s][info][gc          ] GC(11) Concurrent weak roots 2.271ms
[43.190s][info][gc,start    ] GC(11) Concurrent cleanup
[43.190s][info][gc          ] GC(11) Concurrent cleanup 56M->44M(8192M) 0.026ms
[43.190s][info][gc,ergo     ] GC(11) Free: 7735M, Max: 4096K regular, 7704M humongous, Frag: 1% external, 0% internal; Reserve: 411M, Max: 4096K
[43.190s][info][gc,start    ] GC(11) Concurrent class unloading
[43.190s][info][gc,task     ] GC(11) Using 1 of 3 workers for concurrent class unloading
[43.197s][info][gc          ] GC(11) Concurrent class unloading 6.797ms
[43.197s][info][gc,start    ] GC(11) Concurrent strong roots
[43.197s][info][gc,task     ] GC(11) Using 1 of 3 workers for concurrent strong root
[43.198s][info][gc          ] GC(11) Concurrent strong roots 0.240ms
[43.198s][info][gc,start    ] GC(11) Concurrent evacuation
[43.198s][info][gc,task     ] GC(11) Using 1 of 3 workers for concurrent evacuation
[43.199s][info][gc          ] GC(11) Concurrent evacuation 1.695ms
[43.199s][info][gc,start    ] GC(11) Pause Init Update Refs
[43.199s][info][gc,ergo     ] GC(11) Pacer for Update Refs. Used: 49182K, Free: 7735M, Non-Taxable: 773M, Alloc Tax Rate: 1.1x
[43.199s][info][gc          ] GC(11) Pause Init Update Refs 0.072ms
[43.199s][info][gc,start    ] GC(11) Concurrent update references
[43.200s][info][gc,task     ] GC(11) Using 1 of 3 workers for concurrent reference update
[43.202s][info][gc          ] GC(11) Concurrent update references 2.991ms
[43.203s][info][gc,start    ] GC(11) Concurrent update thread roots
[43.205s][info][gc          ] GC(11) Concurrent update thread roots 2.366ms
[43.205s][info][gc,start    ] GC(11) Pause Final Update Refs
[43.205s][info][gc,task     ] GC(11) Using 3 of 3 workers for final reference update
[43.205s][info][gc          ] GC(11) Pause Final Update Refs 0.492ms
[43.206s][info][gc,start    ] GC(11) Concurrent cleanup
[43.206s][info][gc          ] GC(11) Concurrent cleanup 48M->12M(8192M) 0.079ms
[43.206s][info][gc,ergo     ] Free: 7767M, Max: 4096K regular, 7704M humongous, Frag: 1% external, 0% internal; Reserve: 412M, Max: 4096K
[43.206s][info][gc,stats    ] 
[43.206s][info][gc,stats    ] All times are wall-clock times, except per-root-class counters, that are sum over
[43.206s][info][gc,stats    ] all workers. Dividing the <total> over the root stage time estimates parallelism.
[43.206s][info][gc,stats    ] 
[43.206s][info][gc,stats    ] Concurrent Reset                    244 us
[43.206s][info][gc,stats    ] Pause Init Mark (G)                 515 us
[43.206s][info][gc,stats    ] Pause Init Mark (N)                 348 us
[43.206s][info][gc,stats    ]   Update Region States              127 us
[43.206s][info][gc,stats    ] Concurrent Mark Roots              1387 us, parallelism: 0.85x
[43.206s][info][gc,stats    ]   CMR: <total>                     1185 us
[43.206s][info][gc,stats    ]   CMR: Thread Roots                1073 us, workers (us): 1073, ---, ---, 
[43.206s][info][gc,stats    ]   CMR: VM Strong Roots               10 us, workers (us):  10, ---, ---, 
[43.206s][info][gc,stats    ]   CMR: CLDG Roots                   102 us, workers (us): 102, ---, ---, 
[43.206s][info][gc,stats    ] Concurrent Marking                 5730 us
[43.206s][info][gc,stats    ] Pause Final Mark (G)                527 us
[43.206s][info][gc,stats    ] Pause Final Mark (N)                408 us
[43.206s][info][gc,stats    ]   Finish Mark                       113 us
[43.206s][info][gc,stats    ]   Update Region States               72 us
[43.206s][info][gc,stats    ]   Choose Collection Set              73 us
[43.206s][info][gc,stats    ]   Rebuild Free Set                   20 us
[43.206s][info][gc,stats    ] Concurrent Thread Roots            1495 us, parallelism: 0.89x
[43.206s][info][gc,stats    ]   CTR: <total>                     1331 us
[43.206s][info][gc,stats    ]   CTR: Thread Roots                1331 us, workers (us): 1331, ---, ---, 
[43.206s][info][gc,stats    ] Concurrent Weak References          374 us, parallelism: 0.46x
[43.206s][info][gc,stats    ]   CWRF: <total>                     173 us
[43.206s][info][gc,stats    ]   CWRF: Weak References             173 us, workers (us): 173, ---, ---, 
[43.206s][info][gc,stats    ] Concurrent Weak Roots              2309 us
[43.206s][info][gc,stats    ]   Roots                            1898 us, parallelism: 0.93x
[43.206s][info][gc,stats    ]     CWR: <total>                   1772 us
[43.206s][info][gc,stats    ]     CWR: Code Cache Roots          1235 us, workers (us): 1235, ---, ---, 
[43.206s][info][gc,stats    ]     CWR: VM Weak Roots              525 us, workers (us): 525, ---, ---, 
[43.206s][info][gc,stats    ]     CWR: CLDG Roots                  12 us, workers (us):  12, ---, ---, 
[43.206s][info][gc,stats    ]   Rendezvous                        338 us
[43.206s][info][gc,stats    ] Concurrent Cleanup                   36 us
[43.206s][info][gc,stats    ] Concurrent Class Unloading         6864 us
[43.206s][info][gc,stats    ]   Unlink Stale                     6406 us
[43.206s][info][gc,stats    ]     System Dictionary                83 us
[43.206s][info][gc,stats    ]     Weak Class Links               2114 us
[43.206s][info][gc,stats    ]     Code Roots                     4207 us
[43.206s][info][gc,stats    ]   Rendezvous                        122 us
[43.206s][info][gc,stats    ]   Purge Unlinked                    248 us
[43.206s][info][gc,stats    ]     Code Roots                      211 us
[43.206s][info][gc,stats    ]     CLDG                             36 us
[43.206s][info][gc,stats    ]     Exception Caches                  0 us
[43.206s][info][gc,stats    ] Concurrent Strong Roots             279 us, parallelism: 0.47x
[43.206s][info][gc,stats    ]   CSR: <total>                      130 us
[43.206s][info][gc,stats    ]   CSR: VM Strong Roots                5 us, workers (us):   5, ---, ---, 
[43.206s][info][gc,stats    ]   CSR: CLDG Roots                   125 us, workers (us): 125, ---, ---, 
[43.206s][info][gc,stats    ] Concurrent Evacuation              1733 us
[43.206s][info][gc,stats    ] Pause Init Update Refs (G)          179 us
[43.206s][info][gc,stats    ] Pause Init Update Refs (N)           81 us
[43.206s][info][gc,stats    ]   Manage GCLABs                       3 us
[43.206s][info][gc,stats    ] Concurrent Update Refs             3063 us
[43.206s][info][gc,stats    ] Concurrent Update Thread Roots     2406 us
[43.206s][info][gc,stats    ] Pause Final Update Refs (G)         644 us
[43.206s][info][gc,stats    ] Pause Final Update Refs (N)         511 us
[43.206s][info][gc,stats    ]   Update Region States              404 us
[43.206s][info][gc,stats    ]   Trash Collection Set                2 us
[43.206s][info][gc,stats    ]   Rebuild Free Set                    9 us
[43.206s][info][gc,stats    ] Concurrent Cleanup                  105 us
[43.206s][info][gc,stats    ] 
[43.206s][info][gc,stats    ] Allocation pacing accrued:
[43.206s][info][gc,stats    ]       0 of  6949 ms (  0.0%): <total>
[43.206s][info][gc,stats    ]       0 of  6949 ms (  0.0%): <average total>
[43.206s][info][gc,stats    ] 
[43.206s][info][gc,metaspace] Metaspace: 14333K(14528K)->14320K(14528K) NonClass: 12772K(12864K)->12761K(12864K) Class: 1560K(1664K)->1559K(1664K)
[43.206s][info][gc,ergo     ] Pacer for Idle. Initial: 163M, Alloc Tax Rate: 1.0x
[43.211s][info][gc          ] Trigger: Explicit GC request (System.gc())
[43.211s][info][gc,ergo     ] Free: 7759M, Max: 4096K regular, 7704M humongous, Frag: 1% external, 0% internal; Reserve: 412M, Max: 4096K
[43.211s][info][gc,start    ] GC(12) Concurrent reset
[43.211s][info][gc,task     ] GC(12) Using 1 of 3 workers for concurrent reset
[43.211s][info][gc,ergo     ] GC(12) Pacer for Reset. Non-Taxable: 8192M
[43.211s][info][gc          ] GC(12) Concurrent reset 0.236ms
[43.211s][info][gc,start    ] GC(12) Pause Init Mark (unload classes)
[43.211s][info][gc,task     ] GC(12) Using 3 of 3 workers for init marking
[43.211s][info][gc,ref      ] GC(12) Clearing All SoftReferences
[43.211s][info][gc,ergo     ] GC(12) Pacer for Mark. Expected Live: 7223K, Free: 7759M, Non-Taxable: 775M, Alloc Tax Rate: 0.0x
[43.211s][info][gc          ] GC(12) Pause Init Mark (unload classes) 0.155ms
[43.211s][info][gc,start    ] GC(12) Concurrent marking roots
[43.211s][info][gc,task     ] GC(12) Using 1 of 3 workers for concurrent marking roots
[43.212s][info][gc          ] GC(12) Concurrent marking roots 1.072ms
[43.212s][info][gc,start    ] GC(12) Concurrent marking (unload classes)
[43.212s][info][gc,task     ] GC(12) Using 1 of 3 workers for concurrent marking
[43.217s][info][gc          ] GC(12) Concurrent marking (unload classes) 4.876ms
[43.217s][info][gc,start    ] GC(12) Pause Final Mark (unload classes)
[43.217s][info][gc,task     ] GC(12) Using 3 of 3 workers for final marking
[43.218s][info][gc,ergo     ] GC(12) Adaptive CSet Selection. Target Free: 1160M, Actual Free: 8155M, Max CSet: 341M, Min Garbage: 0B
[43.218s][info][gc,ergo     ] GC(12) Collectable Garbage: 12280K (91%), Immediate: 4088K (30%), CSet: 8191K (61%)
[43.218s][info][gc,ergo     ] GC(12) Pacer for Evacuation. Used CSet: 8192K, Free: 7763M, Non-Taxable: 776M, Alloc Tax Rate: 1.1x
[43.218s][info][gc          ] GC(12) Pause Final Mark (unload classes) 0.703ms
[43.218s][info][gc,start    ] GC(12) Concurrent thread roots
[43.218s][info][gc,task     ] GC(12) Using 1 of 3 workers for Concurrent thread roots
[43.219s][info][gc          ] GC(12) Concurrent thread roots 0.865ms
[43.219s][info][gc,start    ] GC(12) Concurrent weak references
[43.219s][info][gc,task     ] GC(12) Using 1 of 3 workers for concurrent weak references
[43.219s][info][gc,ref      ] GC(12) Encountered references: Soft: 141, Weak: 841, Final: 9, Phantom: 653
[43.219s][info][gc,ref      ] GC(12) Discovered  references: Soft: 89, Weak: 489, Final: 7, Phantom: 580
[43.219s][info][gc,ref      ] GC(12) Enqueued    references: Soft: 0, Weak: 0, Final: 0, Phantom: 6
[43.219s][info][gc          ] GC(12) Concurrent weak references 0.131ms
[43.219s][info][gc,start    ] GC(12) Concurrent weak roots
[43.219s][info][gc,task     ] GC(12) Using 1 of 3 workers for concurrent weak root
[43.220s][info][gc          ] GC(12) Concurrent weak roots 0.862ms
[43.220s][info][gc,start    ] GC(12) Concurrent cleanup
[43.220s][info][gc          ] GC(12) Concurrent cleanup 20M->16M(8192M) 0.014ms
[43.220s][info][gc,ergo     ] GC(12) Free: 7763M, Max: 4096K regular, 7704M humongous, Frag: 1% external, 0% internal; Reserve: 411M, Max: 4096K
[43.220s][info][gc,start    ] GC(12) Concurrent class unloading
[43.220s][info][gc,task     ] GC(12) Using 1 of 3 workers for concurrent class unloading
[43.224s][info][gc          ] GC(12) Concurrent class unloading 3.397ms
[43.224s][info][gc,start    ] GC(12) Concurrent strong roots
[43.224s][info][gc,task     ] GC(12) Using 1 of 3 workers for concurrent strong root
[43.224s][info][gc          ] GC(12) Concurrent strong roots 0.203ms
[43.224s][info][gc,start    ] GC(12) Concurrent evacuation
[43.224s][info][gc,task     ] GC(12) Using 1 of 3 workers for concurrent evacuation
[43.224s][info][gc          ] GC(12) Concurrent evacuation 0.196ms
[43.224s][info][gc,start    ] GC(12) Pause Init Update Refs
[43.224s][info][gc,ergo     ] GC(12) Pacer for Update Refs. Used: 16416K, Free: 7763M, Non-Taxable: 776M, Alloc Tax Rate: 1.1x
[43.224s][info][gc          ] GC(12) Pause Init Update Refs 0.106ms
[43.224s][info][gc,start    ] GC(12) Concurrent update references
[43.224s][info][gc,task     ] GC(12) Using 1 of 3 workers for concurrent reference update
[43.227s][info][gc          ] GC(12) Concurrent update references 2.381ms
[43.227s][info][gc,start    ] GC(12) Concurrent update thread roots
[43.228s][info][gc          ] GC(12) Concurrent update thread roots 1.402ms
[43.228s][info][gc,start    ] GC(12) Pause Final Update Refs
[43.228s][info][gc,task     ] GC(12) Using 3 of 3 workers for final reference update
[43.229s][info][gc          ] GC(12) Pause Final Update Refs 0.333ms
[43.229s][info][gc,start    ] GC(12) Concurrent cleanup
[43.229s][info][gc          ] GC(12) Concurrent cleanup 16M->8M(8192M) 0.054ms
[43.229s][info][gc,ergo     ] Free: 7771M, Max: 4096K regular, 7748M humongous, Frag: 0% external, 0% internal; Reserve: 412M, Max: 4096K
[43.229s][info][gc,stats    ] 
[43.229s][info][gc,stats    ] All times are wall-clock times, except per-root-class counters, that are sum over
[43.229s][info][gc,stats    ] all workers. Dividing the <total> over the root stage time estimates parallelism.
[43.229s][info][gc,stats    ] 
[43.229s][info][gc,stats    ] Concurrent Reset                    257 us
[43.229s][info][gc,stats    ] Pause Init Mark (G)                 235 us
[43.229s][info][gc,stats    ] Pause Init Mark (N)                 163 us
[43.229s][info][gc,stats    ]   Update Region States               70 us
[43.229s][info][gc,stats    ] Concurrent Mark Roots              1091 us, parallelism: 0.90x
[43.229s][info][gc,stats    ]   CMR: <total>                      983 us
[43.229s][info][gc,stats    ]   CMR: Thread Roots                 910 us, workers (us): 910, ---, ---, 
[43.229s][info][gc,stats    ]   CMR: VM Strong Roots               11 us, workers (us):  11, ---, ---, 
[43.229s][info][gc,stats    ]   CMR: CLDG Roots                    62 us, workers (us):  62, ---, ---, 
[43.229s][info][gc,stats    ] Concurrent Marking                 4946 us
[43.229s][info][gc,stats    ] Pause Final Mark (G)                839 us
[43.229s][info][gc,stats    ] Pause Final Mark (N)                725 us
[43.229s][info][gc,stats    ]   Finish Mark                       327 us
[43.229s][info][gc,stats    ]   Update Region States              125 us
[43.229s][info][gc,stats    ]   Choose Collection Set             113 us
[43.229s][info][gc,stats    ]   Rebuild Free Set                   21 us
[43.229s][info][gc,stats    ] Concurrent Thread Roots             884 us, parallelism: 0.88x
[43.229s][info][gc,stats    ]   CTR: <total>                      779 us
[43.229s][info][gc,stats    ]   CTR: Thread Roots                 779 us, workers (us): 779, ---, ---, 
[43.229s][info][gc,stats    ] Concurrent Weak References          138 us, parallelism: 0.20x
[43.229s][info][gc,stats    ]   CWRF: <total>                      28 us
[43.229s][info][gc,stats    ]   CWRF: Weak References              28 us, workers (us):  28, ---, ---, 
[43.229s][info][gc,stats    ] Concurrent Weak Roots               880 us
[43.229s][info][gc,stats    ]   Roots                             769 us, parallelism: 0.93x
[43.229s][info][gc,stats    ]     CWR: <total>                    713 us
[43.229s][info][gc,stats    ]     CWR: Code Cache Roots           611 us, workers (us): 611, ---, ---, 
[43.229s][info][gc,stats    ]     CWR: VM Weak Roots               99 us, workers (us):  99, ---, ---, 
[43.229s][info][gc,stats    ]     CWR: CLDG Roots                   3 us, workers (us):   3, ---, ---, 
[43.229s][info][gc,stats    ]   Rendezvous                         77 us
[43.229s][info][gc,stats    ] Concurrent Cleanup                   22 us
[43.229s][info][gc,stats    ] Concurrent Class Unloading         3464 us
[43.229s][info][gc,stats    ]   Unlink Stale                     2997 us
[43.229s][info][gc,stats    ]     System Dictionary                 5 us
[43.229s][info][gc,stats    ]     Weak Class Links                  0 us
[43.229s][info][gc,stats    ]     Code Roots                     2991 us
[43.229s][info][gc,stats    ]   Rendezvous                        139 us
[43.229s][info][gc,stats    ]   Purge Unlinked                    240 us
[43.229s][info][gc,stats    ]     Code Roots                      229 us
[43.229s][info][gc,stats    ]     CLDG                             11 us
[43.229s][info][gc,stats    ]     Exception Caches                  0 us
[43.229s][info][gc,stats    ] Concurrent Strong Roots             242 us, parallelism: 0.24x
[43.229s][info][gc,stats    ]   CSR: <total>                       59 us
[43.229s][info][gc,stats    ]   CSR: VM Strong Roots                5 us, workers (us):   5, ---, ---, 
[43.229s][info][gc,stats    ]   CSR: CLDG Roots                    54 us, workers (us):  54, ---, ---, 
[43.229s][info][gc,stats    ] Concurrent Evacuation               236 us
[43.229s][info][gc,stats    ] Pause Init Update Refs (G)          237 us
[43.229s][info][gc,stats    ] Pause Init Update Refs (N)          127 us
[43.229s][info][gc,stats    ]   Manage GCLABs                       4 us
[43.229s][info][gc,stats    ] Concurrent Update Refs             2444 us
[43.229s][info][gc,stats    ] Concurrent Update Thread Roots     1441 us
[43.229s][info][gc,stats    ] Pause Final Update Refs (G)         433 us
[43.229s][info][gc,stats    ] Pause Final Update Refs (N)         351 us
[43.229s][info][gc,stats    ]   Update Region States              272 us
[43.229s][info][gc,stats    ]   Trash Collection Set                3 us
[43.229s][info][gc,stats    ]   Rebuild Free Set                   15 us
[43.229s][info][gc,stats    ] Concurrent Cleanup                   75 us
[43.229s][info][gc,stats    ] 
[43.229s][info][gc,stats    ] Allocation pacing accrued:
[43.229s][info][gc,stats    ]       0 of    23 ms (  0.0%): <total>
[43.229s][info][gc,stats    ]       0 of    23 ms (  0.0%): <average total>
[43.229s][info][gc,stats    ] 
[43.229s][info][gc,metaspace] Metaspace: 14322K(14528K)->14322K(14528K) NonClass: 12763K(12864K)->12763K(12864K) Class: 1559K(1664K)->1559K(1664K)
[43.229s][info][gc,ergo     ] Pacer for Idle. Initial: 163M, Alloc Tax Rate: 1.0x
[50.134s][info][gc          ] Trigger: Explicit GC request (System.gc())
[50.134s][info][gc,ergo     ] Free: 7723M, Max: 4096K regular, 7700M humongous, Frag: 0% external, 0% internal; Reserve: 412M, Max: 4096K
[50.134s][info][gc,start    ] GC(13) Concurrent reset
[50.134s][info][gc,task     ] GC(13) Using 1 of 3 workers for concurrent reset
[50.134s][info][gc,ergo     ] GC(13) Pacer for Reset. Non-Taxable: 8192M
[50.135s][info][gc          ] GC(13) Concurrent reset 0.405ms
[50.135s][info][gc,start    ] GC(13) Pause Init Mark (unload classes)
[50.135s][info][gc,task     ] GC(13) Using 3 of 3 workers for init marking
[50.135s][info][gc,ref      ] GC(13) Clearing All SoftReferences
[50.135s][info][gc,ergo     ] GC(13) Pacer for Mark. Expected Live: 7187K, Free: 7723M, Non-Taxable: 772M, Alloc Tax Rate: 0.0x
[50.135s][info][gc          ] GC(13) Pause Init Mark (unload classes) 0.176ms
[50.135s][info][gc,start    ] GC(13) Concurrent marking roots
[50.135s][info][gc,task     ] GC(13) Using 1 of 3 workers for concurrent marking roots
[50.136s][info][gc          ] GC(13) Concurrent marking roots 1.120ms
[50.136s][info][gc,start    ] GC(13) Concurrent marking (unload classes)
[50.136s][info][gc,task     ] GC(13) Using 1 of 3 workers for concurrent marking
[50.142s][info][gc          ] GC(13) Concurrent marking (unload classes) 5.642ms
[50.142s][info][gc,start    ] GC(13) Pause Final Mark (unload classes)
[50.142s][info][gc,task     ] GC(13) Using 3 of 3 workers for final marking
[50.142s][info][gc,ergo     ] GC(13) Adaptive CSet Selection. Target Free: 1160M, Actual Free: 8120M, Max CSet: 341M, Min Garbage: 0B
[50.142s][info][gc,ergo     ] GC(13) Collectable Garbage: 49820K (99%), Immediate: 12288K (24%), CSet: 37532K (74%)
[50.142s][info][gc,ergo     ] GC(13) Pacer for Evacuation. Used CSet: 40951K, Free: 7731M, Non-Taxable: 773M, Alloc Tax Rate: 1.1x
[50.142s][info][gc          ] GC(13) Pause Final Mark (unload classes) 0.401ms
[50.142s][info][gc,start    ] GC(13) Concurrent thread roots
[50.142s][info][gc,task     ] GC(13) Using 1 of 3 workers for Concurrent thread roots
[50.144s][info][gc          ] GC(13) Concurrent thread roots 1.541ms
[50.144s][info][gc,start    ] GC(13) Concurrent weak references
[50.144s][info][gc,task     ] GC(13) Using 1 of 3 workers for concurrent weak references
[50.144s][info][gc,ref      ] GC(13) Encountered references: Soft: 461, Weak: 860, Final: 10, Phantom: 1490
[50.144s][info][gc,ref      ] GC(13) Discovered  references: Soft: 408, Weak: 494, Final: 8, Phantom: 1417
[50.144s][info][gc,ref      ] GC(13) Enqueued    references: Soft: 319, Weak: 3, Final: 1, Phantom: 833
[50.144s][info][gc          ] GC(13) Concurrent weak references 0.474ms
[50.144s][info][gc,start    ] GC(13) Concurrent weak roots
[50.145s][info][gc,task     ] GC(13) Using 1 of 3 workers for concurrent weak root
[50.146s][info][gc          ] GC(13) Concurrent weak roots 1.354ms
[50.146s][info][gc,start    ] GC(13) Concurrent cleanup
[50.146s][info][gc          ] GC(13) Concurrent cleanup 60M->48M(8192M) 0.024ms
[50.146s][info][gc,ergo     ] GC(13) Free: 7731M, Max: 4096K regular, 7696M humongous, Frag: 1% external, 0% internal; Reserve: 411M, Max: 4096K
[50.146s][info][gc,start    ] GC(13) Concurrent class unloading
[50.146s][info][gc,task     ] GC(13) Using 1 of 3 workers for concurrent class unloading
[50.152s][info][gc          ] GC(13) Concurrent class unloading 6.068ms
[50.152s][info][gc,start    ] GC(13) Concurrent strong roots
[50.152s][info][gc,task     ] GC(13) Using 1 of 3 workers for concurrent strong root
[50.152s][info][gc          ] GC(13) Concurrent strong roots 0.292ms
[50.152s][info][gc,start    ] GC(13) Concurrent evacuation
[50.152s][info][gc,task     ] GC(13) Using 1 of 3 workers for concurrent evacuation
[50.154s][info][gc          ] GC(13) Concurrent evacuation 1.973ms
[50.154s][info][gc,start    ] GC(13) Pause Init Update Refs
[50.154s][info][gc,ergo     ] GC(13) Pacer for Update Refs. Used: 53271K, Free: 7731M, Non-Taxable: 773M, Alloc Tax Rate: 1.1x
[50.154s][info][gc          ] GC(13) Pause Init Update Refs 0.056ms
[50.155s][info][gc,start    ] GC(13) Concurrent update references
[50.155s][info][gc,task     ] GC(13) Using 1 of 3 workers for concurrent reference update
[50.157s][info][gc          ] GC(13) Concurrent update references 2.548ms
[50.157s][info][gc,start    ] GC(13) Concurrent update thread roots
[50.159s][info][gc          ] GC(13) Concurrent update thread roots 1.819ms
[50.159s][info][gc,start    ] GC(13) Pause Final Update Refs
[50.159s][info][gc,task     ] GC(13) Using 3 of 3 workers for final reference update
[50.160s][info][gc          ] GC(13) Pause Final Update Refs 0.473ms
[50.160s][info][gc,start    ] GC(13) Concurrent cleanup
[50.160s][info][gc          ] GC(13) Concurrent cleanup 52M->12M(8192M) 0.077ms
[50.160s][info][gc,ergo     ] Free: 7767M, Max: 4096K regular, 7696M humongous, Frag: 1% external, 0% internal; Reserve: 412M, Max: 4096K
[50.160s][info][gc,stats    ] 
[50.160s][info][gc,stats    ] All times are wall-clock times, except per-root-class counters, that are sum over
[50.160s][info][gc,stats    ] all workers. Dividing the <total> over the root stage time estimates parallelism.
[50.160s][info][gc,stats    ] 
[50.160s][info][gc,stats    ] Concurrent Reset                    426 us
[50.160s][info][gc,stats    ] Pause Init Mark (G)                 328 us
[50.160s][info][gc,stats    ] Pause Init Mark (N)                 193 us
[50.160s][info][gc,stats    ]   Update Region States               53 us
[50.160s][info][gc,stats    ] Concurrent Mark Roots              1168 us, parallelism: 0.87x
[50.160s][info][gc,stats    ]   CMR: <total>                     1012 us
[50.160s][info][gc,stats    ]   CMR: Thread Roots                 958 us, workers (us): 958, ---, ---, 
[50.160s][info][gc,stats    ]   CMR: VM Strong Roots                5 us, workers (us):   5, ---, ---, 
[50.160s][info][gc,stats    ]   CMR: CLDG Roots                    49 us, workers (us):  49, ---, ---, 
[50.160s][info][gc,stats    ] Concurrent Marking                 5687 us
[50.160s][info][gc,stats    ] Pause Final Mark (G)                525 us
[50.160s][info][gc,stats    ] Pause Final Mark (N)                419 us
[50.160s][info][gc,stats    ]   Finish Mark                       111 us
[50.160s][info][gc,stats    ]   Update Region States               89 us
[50.160s][info][gc,stats    ]   Choose Collection Set              80 us
[50.160s][info][gc,stats    ]   Rebuild Free Set                   16 us
[50.160s][info][gc,stats    ] Concurrent Thread Roots            1580 us, parallelism: 0.89x
[50.160s][info][gc,stats    ]   CTR: <total>                     1410 us
[50.160s][info][gc,stats    ]   CTR: Thread Roots                1410 us, workers (us): 1410, ---, ---, 
[50.160s][info][gc,stats    ] Concurrent Weak References          491 us, parallelism: 0.55x
[50.160s][info][gc,stats    ]   CWRF: <total>                     270 us
[50.160s][info][gc,stats    ]   CWRF: Weak References             270 us, workers (us): 270, ---, ---, 
[50.160s][info][gc,stats    ] Concurrent Weak Roots              1387 us
[50.160s][info][gc,stats    ]   Roots                            1029 us, parallelism: 0.93x
[50.160s][info][gc,stats    ]     CWR: <total>                    955 us
[50.160s][info][gc,stats    ]     CWR: Code Cache Roots           675 us, workers (us): 675, ---, ---, 
[50.160s][info][gc,stats    ]     CWR: VM Weak Roots              276 us, workers (us): 276, ---, ---, 
[50.160s][info][gc,stats    ]     CWR: CLDG Roots                   4 us, workers (us):   4, ---, ---, 
[50.160s][info][gc,stats    ]   Rendezvous                        289 us
[50.160s][info][gc,stats    ] Concurrent Cleanup                   32 us
[50.160s][info][gc,stats    ] Concurrent Class Unloading         6115 us
[50.160s][info][gc,stats    ]   Unlink Stale                     5623 us
[50.160s][info][gc,stats    ]     System Dictionary                69 us
[50.160s][info][gc,stats    ]     Weak Class Links               1864 us
[50.160s][info][gc,stats    ]     Code Roots                     3688 us
[50.160s][info][gc,stats    ]   Rendezvous                        225 us
[50.160s][info][gc,stats    ]   Purge Unlinked                    196 us
[50.160s][info][gc,stats    ]     Code Roots                      163 us
[50.160s][info][gc,stats    ]     CLDG                             33 us
[50.161s][info][gc,stats    ]     Exception Caches                  0 us
[50.161s][info][gc,stats    ] Concurrent Strong Roots             311 us, parallelism: 0.69x
[50.161s][info][gc,stats    ]   CSR: <total>                      214 us
[50.161s][info][gc,stats    ]   CSR: VM Strong Roots                7 us, workers (us):   7, ---, ---, 
[50.161s][info][gc,stats    ]   CSR: CLDG Roots                   206 us, workers (us): 206, ---, ---, 
[50.161s][info][gc,stats    ] Concurrent Evacuation              2005 us
[50.161s][info][gc,stats    ] Pause Init Update Refs (G)          142 us
[50.161s][info][gc,stats    ] Pause Init Update Refs (N)           64 us
[50.161s][info][gc,stats    ]   Manage GCLABs                       3 us
[50.161s][info][gc,stats    ] Concurrent Update Refs             2586 us
[50.161s][info][gc,stats    ] Concurrent Update Thread Roots     1871 us
[50.161s][info][gc,stats    ] Pause Final Update Refs (G)         686 us
[50.161s][info][gc,stats    ] Pause Final Update Refs (N)         526 us
[50.161s][info][gc,stats    ]   Update Region States              325 us
[50.161s][info][gc,stats    ]   Trash Collection Set                5 us
[50.161s][info][gc,stats    ]   Rebuild Free Set                   26 us
[50.161s][info][gc,stats    ] Concurrent Cleanup                  104 us
[50.161s][info][gc,stats    ] 
[50.161s][info][gc,stats    ] Allocation pacing accrued:
[50.161s][info][gc,stats    ]       0 of  6931 ms (  0.0%): <total>
[50.161s][info][gc,stats    ]       0 of  6931 ms (  0.0%): <average total>
[50.161s][info][gc,stats    ] 
[50.161s][info][gc,metaspace] Metaspace: 14360K(14592K)->14347K(14592K) NonClass: 12799K(12928K)->12788K(12928K) Class: 1560K(1664K)->1559K(1664K)
[50.161s][info][gc,ergo     ] Pacer for Idle. Initial: 163M, Alloc Tax Rate: 1.0x
[50.172s][info][gc          ] Trigger: Explicit GC request (System.gc())
[50.173s][info][gc,ergo     ] Free: 7759M, Max: 4096K regular, 7696M humongous, Frag: 1% external, 0% internal; Reserve: 412M, Max: 4096K
[50.173s][info][gc,start    ] GC(14) Concurrent reset
[50.173s][info][gc,task     ] GC(14) Using 1 of 3 workers for concurrent reset
[50.173s][info][gc,ergo     ] GC(14) Pacer for Reset. Non-Taxable: 8192M
[50.173s][info][gc          ] GC(14) Concurrent reset 0.561ms
[50.173s][info][gc,start    ] GC(14) Pause Init Mark (unload classes)
[50.173s][info][gc,task     ] GC(14) Using 3 of 3 workers for init marking
[50.174s][info][gc,ref      ] GC(14) Clearing All SoftReferences
[50.174s][info][gc,ergo     ] GC(14) Pacer for Mark. Expected Live: 7226K, Free: 7759M, Non-Taxable: 775M, Alloc Tax Rate: 0.0x
[50.174s][info][gc          ] GC(14) Pause Init Mark (unload classes) 0.271ms
[50.174s][info][gc,start    ] GC(14) Concurrent marking roots
[50.174s][info][gc,task     ] GC(14) Using 1 of 3 workers for concurrent marking roots
[50.175s][info][gc          ] GC(14) Concurrent marking roots 1.136ms
[50.175s][info][gc,start    ] GC(14) Concurrent marking (unload classes)
[50.175s][info][gc,task     ] GC(14) Using 1 of 3 workers for concurrent marking
[50.180s][info][gc          ] GC(14) Concurrent marking (unload classes) 5.066ms
[50.180s][info][gc,start    ] GC(14) Pause Final Mark (unload classes)
[50.180s][info][gc,task     ] GC(14) Using 3 of 3 workers for final marking
[50.180s][info][gc,ergo     ] GC(14) Adaptive CSet Selection. Target Free: 1160M, Actual Free: 8151M, Max CSet: 341M, Min Garbage: 0B
[50.181s][info][gc,ergo     ] GC(14) Collectable Garbage: 12278K (91%), Immediate: 4086K (30%), CSet: 8191K (61%)
[50.181s][info][gc,ergo     ] GC(14) Pacer for Evacuation. Used CSet: 8192K, Free: 7763M, Non-Taxable: 776M, Alloc Tax Rate: 1.1x
[50.181s][info][gc          ] GC(14) Pause Final Mark (unload classes) 0.500ms
[50.181s][info][gc,start    ] GC(14) Concurrent thread roots
[50.181s][info][gc,task     ] GC(14) Using 1 of 3 workers for Concurrent thread roots
[50.182s][info][gc          ] GC(14) Concurrent thread roots 0.949ms
[50.182s][info][gc,start    ] GC(14) Concurrent weak references
[50.182s][info][gc,task     ] GC(14) Using 1 of 3 workers for concurrent weak references
[50.182s][info][gc,ref      ] GC(14) Encountered references: Soft: 141, Weak: 846, Final: 9, Phantom: 653
[50.182s][info][gc,ref      ] GC(14) Discovered  references: Soft: 89, Weak: 490, Final: 7, Phantom: 580
[50.182s][info][gc,ref      ] GC(14) Enqueued    references: Soft: 0, Weak: 0, Final: 0, Phantom: 6
[50.182s][info][gc          ] GC(14) Concurrent weak references 0.206ms
[50.182s][info][gc,start    ] GC(14) Concurrent weak roots
[50.182s][info][gc,task     ] GC(14) Using 1 of 3 workers for concurrent weak root
[50.183s][info][gc          ] GC(14) Concurrent weak roots 1.143ms
[50.183s][info][gc,start    ] GC(14) Concurrent cleanup
[50.183s][info][gc          ] GC(14) Concurrent cleanup 20M->16M(8192M) 0.014ms
[50.183s][info][gc,ergo     ] GC(14) Free: 7763M, Max: 4096K regular, 7696M humongous, Frag: 1% external, 0% internal; Reserve: 411M, Max: 4096K
[50.183s][info][gc,start    ] GC(14) Concurrent class unloading
[50.183s][info][gc,task     ] GC(14) Using 1 of 3 workers for concurrent class unloading
[50.187s][info][gc          ] GC(14) Concurrent class unloading 3.536ms
[50.187s][info][gc,start    ] GC(14) Concurrent strong roots
[50.187s][info][gc,task     ] GC(14) Using 1 of 3 workers for concurrent strong root
[50.187s][info][gc          ] GC(14) Concurrent strong roots 0.154ms
[50.187s][info][gc,start    ] GC(14) Concurrent evacuation
[50.187s][info][gc,task     ] GC(14) Using 1 of 3 workers for concurrent evacuation
[50.187s][info][gc          ] GC(14) Concurrent evacuation 0.095ms
[50.187s][info][gc,start    ] GC(14) Pause Init Update Refs
[50.187s][info][gc,ergo     ] GC(14) Pacer for Update Refs. Used: 16418K, Free: 7763M, Non-Taxable: 776M, Alloc Tax Rate: 1.1x
[50.187s][info][gc          ] GC(14) Pause Init Update Refs 0.061ms
[50.187s][info][gc,start    ] GC(14) Concurrent update references
[50.187s][info][gc,task     ] GC(14) Using 1 of 3 workers for concurrent reference update
[50.189s][info][gc          ] GC(14) Concurrent update references 2.327ms
[50.189s][info][gc,start    ] GC(14) Concurrent update thread roots
[50.190s][info][gc          ] GC(14) Concurrent update thread roots 0.923ms
[50.190s][info][gc,start    ] GC(14) Pause Final Update Refs
[50.190s][info][gc,task     ] GC(14) Using 3 of 3 workers for final reference update
[50.191s][info][gc          ] GC(14) Pause Final Update Refs 0.227ms
[50.191s][info][gc,start    ] GC(14) Concurrent cleanup
[50.191s][info][gc          ] GC(14) Concurrent cleanup 16M->8M(8192M) 0.054ms
[50.191s][info][gc,ergo     ] Free: 7771M, Max: 4096K regular, 7744M humongous, Frag: 0% external, 0% internal; Reserve: 412M, Max: 4096K
[50.191s][info][gc,stats    ] 
[50.191s][info][gc,stats    ] All times are wall-clock times, except per-root-class counters, that are sum over
[50.191s][info][gc,stats    ] all workers. Dividing the <total> over the root stage time estimates parallelism.
[50.191s][info][gc,stats    ] 
[50.191s][info][gc,stats    ] Concurrent Reset                    624 us
[50.191s][info][gc,stats    ] Pause Init Mark (G)                 429 us
[50.191s][info][gc,stats    ] Pause Init Mark (N)                 296 us
[50.191s][info][gc,stats    ]   Update Region States               78 us
[50.191s][info][gc,stats    ] Concurrent Mark Roots              1154 us, parallelism: 0.90x
[50.191s][info][gc,stats    ]   CMR: <total>                     1034 us
[50.191s][info][gc,stats    ]   CMR: Thread Roots                 950 us, workers (us): 950, ---, ---, 
[50.191s][info][gc,stats    ]   CMR: VM Strong Roots               36 us, workers (us):  36, ---, ---, 
[50.191s][info][gc,stats    ]   CMR: CLDG Roots                    49 us, workers (us):  49, ---, ---, 
[50.191s][info][gc,stats    ] Concurrent Marking                 5134 us
[50.191s][info][gc,stats    ] Pause Final Mark (G)                646 us
[50.191s][info][gc,stats    ] Pause Final Mark (N)                522 us
[50.191s][info][gc,stats    ]   Finish Mark                       126 us
[50.191s][info][gc,stats    ]   Update Region States              120 us
[50.191s][info][gc,stats    ]   Choose Collection Set             109 us
[50.191s][info][gc,stats    ]   Rebuild Free Set                   22 us
[50.191s][info][gc,stats    ] Concurrent Thread Roots             969 us, parallelism: 0.88x
[50.191s][info][gc,stats    ]   CTR: <total>                      857 us
[50.191s][info][gc,stats    ]   CTR: Thread Roots                 857 us, workers (us): 857, ---, ---, 
[50.191s][info][gc,stats    ] Concurrent Weak References          223 us, parallelism: 0.12x
[50.191s][info][gc,stats    ]   CWRF: <total>                      27 us
[50.191s][info][gc,stats    ]   CWRF: Weak References              27 us, workers (us):  27, ---, ---, 
[50.191s][info][gc,stats    ] Concurrent Weak Roots              1162 us
[50.191s][info][gc,stats    ]   Roots                            1006 us, parallelism: 0.88x
[50.191s][info][gc,stats    ]     CWR: <total>                    887 us
[50.191s][info][gc,stats    ]     CWR: Code Cache Roots           694 us, workers (us): 694, ---, ---, 
[50.191s][info][gc,stats    ]     CWR: VM Weak Roots              190 us, workers (us): 190, ---, ---, 
[50.191s][info][gc,stats    ]     CWR: CLDG Roots                   3 us, workers (us):   3, ---, ---, 
[50.191s][info][gc,stats    ]   Rendezvous                        104 us
[50.191s][info][gc,stats    ] Concurrent Cleanup                   23 us
[50.191s][info][gc,stats    ] Concurrent Class Unloading         3586 us
[50.191s][info][gc,stats    ]   Unlink Stale                     3212 us
[50.191s][info][gc,stats    ]     System Dictionary                 5 us
[50.191s][info][gc,stats    ]     Weak Class Links                  0 us
[50.191s][info][gc,stats    ]     Code Roots                     3206 us
[50.191s][info][gc,stats    ]   Rendezvous                        128 us
[50.191s][info][gc,stats    ]   Purge Unlinked                    176 us
[50.191s][info][gc,stats    ]     Code Roots                      169 us
[50.191s][info][gc,stats    ]     CLDG                              6 us
[50.191s][info][gc,stats    ]     Exception Caches                  0 us
[50.191s][info][gc,stats    ] Concurrent Strong Roots             174 us, parallelism: 0.31x
[50.191s][info][gc,stats    ]   CSR: <total>                       54 us
[50.191s][info][gc,stats    ]   CSR: VM Strong Roots                5 us, workers (us):   5, ---, ---, 
[50.191s][info][gc,stats    ]   CSR: CLDG Roots                    50 us, workers (us):  50, ---, ---, 
[50.191s][info][gc,stats    ] Concurrent Evacuation               113 us
[50.191s][info][gc,stats    ] Pause Init Update Refs (G)          135 us
[50.191s][info][gc,stats    ] Pause Init Update Refs (N)           71 us
[50.191s][info][gc,stats    ]   Manage GCLABs                       5 us
[50.191s][info][gc,stats    ] Concurrent Update Refs             2388 us
[50.191s][info][gc,stats    ] Concurrent Update Thread Roots      963 us
[50.191s][info][gc,stats    ] Pause Final Update Refs (G)         322 us
[50.191s][info][gc,stats    ] Pause Final Update Refs (N)         245 us
[50.191s][info][gc,stats    ]   Update Region States              167 us
[50.191s][info][gc,stats    ]   Trash Collection Set                3 us
[50.191s][info][gc,stats    ]   Rebuild Free Set                   15 us
[50.191s][info][gc,stats    ] Concurrent Cleanup                   75 us
[50.191s][info][gc,stats    ] 
[50.191s][info][gc,stats    ] Allocation pacing accrued:
[50.191s][info][gc,stats    ]       0 of    31 ms (  0.0%): <total>
[50.191s][info][gc,stats    ]       0 of    31 ms (  0.0%): <average total>
[50.191s][info][gc,stats    ] 
[50.191s][info][gc,metaspace] Metaspace: 14347K(14592K)->14347K(14592K) NonClass: 12788K(12928K)->12788K(12928K) Class: 1559K(1664K)->1559K(1664K)
[50.191s][info][gc,ergo     ] Pacer for Idle. Initial: 163M, Alloc Tax Rate: 1.0x
[57.107s][info][gc          ] Trigger: Explicit GC request (System.gc())
[57.107s][info][gc,ergo     ] Free: 7723M, Max: 4096K regular, 7696M humongous, Frag: 0% external, 0% internal; Reserve: 412M, Max: 4096K
[57.108s][info][gc,start    ] GC(15) Concurrent reset
[57.108s][info][gc,task     ] GC(15) Using 1 of 3 workers for concurrent reset
[57.108s][info][gc,ergo     ] GC(15) Pacer for Reset. Non-Taxable: 8192M
[57.108s][info][gc          ] GC(15) Concurrent reset 0.340ms
[57.108s][info][gc,start    ] GC(15) Pause Init Mark (unload classes)
[57.108s][info][gc,task     ] GC(15) Using 3 of 3 workers for init marking
[57.108s][info][gc,ref      ] GC(15) Clearing All SoftReferences
[57.108s][info][gc,ergo     ] GC(15) Pacer for Mark. Expected Live: 7190K, Free: 7723M, Non-Taxable: 772M, Alloc Tax Rate: 0.0x
[57.108s][info][gc          ] GC(15) Pause Init Mark (unload classes) 0.207ms
[57.108s][info][gc,start    ] GC(15) Concurrent marking roots
[57.108s][info][gc,task     ] GC(15) Using 1 of 3 workers for concurrent marking roots
[57.109s][info][gc          ] GC(15) Concurrent marking roots 1.152ms
[57.109s][info][gc,start    ] GC(15) Concurrent marking (unload classes)
[57.109s][info][gc,task     ] GC(15) Using 1 of 3 workers for concurrent marking
[57.115s][info][gc          ] GC(15) Concurrent marking (unload classes) 5.340ms
[57.115s][info][gc,start    ] GC(15) Pause Final Mark (unload classes)
[57.115s][info][gc,task     ] GC(15) Using 3 of 3 workers for final marking
[57.115s][info][gc,ergo     ] GC(15) Adaptive CSet Selection. Target Free: 1160M, Actual Free: 8116M, Max CSet: 341M, Min Garbage: 0B
[57.115s][info][gc,ergo     ] GC(15) Collectable Garbage: 49818K (99%), Immediate: 12288K (24%), CSet: 37530K (74%)
[57.115s][info][gc,ergo     ] GC(15) Pacer for Evacuation. Used CSet: 40951K, Free: 7731M, Non-Taxable: 773M, Alloc Tax Rate: 1.1x
[57.115s][info][gc          ] GC(15) Pause Final Mark (unload classes) 0.389ms
[57.115s][info][gc,start    ] GC(15) Concurrent thread roots
[57.115s][info][gc,task     ] GC(15) Using 1 of 3 workers for Concurrent thread roots
[57.117s][info][gc          ] GC(15) Concurrent thread roots 1.486ms
[57.117s][info][gc,start    ] GC(15) Concurrent weak references
[57.117s][info][gc,task     ] GC(15) Using 1 of 3 workers for concurrent weak references
[57.117s][info][gc,ref      ] GC(15) Encountered references: Soft: 461, Weak: 865, Final: 10, Phantom: 1488
[57.117s][info][gc,ref      ] GC(15) Discovered  references: Soft: 408, Weak: 514, Final: 8, Phantom: 1415
[57.117s][info][gc,ref      ] GC(15) Enqueued    references: Soft: 319, Weak: 3, Final: 1, Phantom: 833
[57.117s][info][gc          ] GC(15) Concurrent weak references 0.486ms
[57.117s][info][gc,start    ] GC(15) Concurrent weak roots
[57.117s][info][gc,task     ] GC(15) Using 1 of 3 workers for concurrent weak root
[57.119s][info][gc          ] GC(15) Concurrent weak roots 2.032ms
[57.119s][info][gc,start    ] GC(15) Concurrent cleanup
[57.119s][info][gc          ] GC(15) Concurrent cleanup 60M->48M(8192M) 0.038ms
[57.120s][info][gc,ergo     ] GC(15) Free: 7731M, Max: 4096K regular, 7692M humongous, Frag: 1% external, 0% internal; Reserve: 411M, Max: 4096K
[57.120s][info][gc,start    ] GC(15) Concurrent class unloading
[57.120s][info][gc,task     ] GC(15) Using 1 of 3 workers for concurrent class unloading
[57.126s][info][gc          ] GC(15) Concurrent class unloading 6.465ms
[57.126s][info][gc,start    ] GC(15) Concurrent strong roots
[57.126s][info][gc,task     ] GC(15) Using 1 of 3 workers for concurrent strong root
[57.126s][info][gc          ] GC(15) Concurrent strong roots 0.222ms
[57.126s][info][gc,start    ] GC(15) Concurrent evacuation
[57.126s][info][gc,task     ] GC(15) Using 1 of 3 workers for concurrent evacuation
[57.128s][info][gc          ] GC(15) Concurrent evacuation 1.721ms
[57.128s][info][gc,start    ] GC(15) Pause Init Update Refs
[57.128s][info][gc,ergo     ] GC(15) Pacer for Update Refs. Used: 53273K, Free: 7731M, Non-Taxable: 773M, Alloc Tax Rate: 1.1x
[57.128s][info][gc          ] GC(15) Pause Init Update Refs 0.108ms
[57.128s][info][gc,start    ] GC(15) Concurrent update references
[57.128s][info][gc,task     ] GC(15) Using 1 of 3 workers for concurrent reference update
[57.131s][info][gc          ] GC(15) Concurrent update references 3.054ms
[57.131s][info][gc,start    ] GC(15) Concurrent update thread roots
[57.133s][info][gc          ] GC(15) Concurrent update thread roots 1.172ms
[57.133s][info][gc,start    ] GC(15) Pause Final Update Refs
[57.133s][info][gc,task     ] GC(15) Using 3 of 3 workers for final reference update
[57.133s][info][gc          ] GC(15) Pause Final Update Refs 0.170ms
[57.133s][info][gc,start    ] GC(15) Concurrent cleanup
[57.133s][info][gc          ] GC(15) Concurrent cleanup 52M->12M(8192M) 0.078ms
[57.133s][info][gc,ergo     ] Free: 7767M, Max: 4096K regular, 7692M humongous, Frag: 1% external, 0% internal; Reserve: 412M, Max: 4096K
[57.133s][info][gc,stats    ] 
[57.133s][info][gc,stats    ] All times are wall-clock times, except per-root-class counters, that are sum over
[57.133s][info][gc,stats    ] all workers. Dividing the <total> over the root stage time estimates parallelism.
[57.133s][info][gc,stats    ] 
[57.133s][info][gc,stats    ] Concurrent Reset                    397 us
[57.133s][info][gc,stats    ] Pause Init Mark (G)                 371 us
[57.133s][info][gc,stats    ] Pause Init Mark (N)                 215 us
[57.133s][info][gc,stats    ]   Update Region States               59 us
[57.133s][info][gc,stats    ] Concurrent Mark Roots              1185 us, parallelism: 0.89x
[57.133s][info][gc,stats    ]   CMR: <total>                     1057 us
[57.133s][info][gc,stats    ]   CMR: Thread Roots                1005 us, workers (us): 1005, ---, ---, 
[57.133s][info][gc,stats    ]   CMR: VM Strong Roots                5 us, workers (us):   5, ---, ---, 
[57.133s][info][gc,stats    ]   CMR: CLDG Roots                    46 us, workers (us):  46, ---, ---, 
[57.133s][info][gc,stats    ] Concurrent Marking                 5406 us
[57.133s][info][gc,stats    ] Pause Final Mark (G)                455 us
[57.134s][info][gc,stats    ] Pause Final Mark (N)                398 us
[57.134s][info][gc,stats    ]   Finish Mark                        90 us
[57.134s][info][gc,stats    ]   Update Region States               64 us
[57.134s][info][gc,stats    ]   Choose Collection Set             175 us
[57.134s][info][gc,stats    ]   Rebuild Free Set                    9 us
[57.134s][info][gc,stats    ] Concurrent Thread Roots            1511 us, parallelism: 0.94x
[57.134s][info][gc,stats    ]   CTR: <total>                     1414 us
[57.134s][info][gc,stats    ]   CTR: Thread Roots                1414 us, workers (us): 1414, ---, ---, 
[57.134s][info][gc,stats    ] Concurrent Weak References          503 us, parallelism: 0.59x
[57.134s][info][gc,stats    ]   CWRF: <total>                     298 us
[57.134s][info][gc,stats    ]   CWRF: Weak References             298 us, workers (us): 298, ---, ---, 
[57.134s][info][gc,stats    ] Concurrent Weak Roots              2085 us
[57.134s][info][gc,stats    ]   Roots                            1119 us, parallelism: 0.78x
[57.134s][info][gc,stats    ]     CWR: <total>                    869 us
[57.134s][info][gc,stats    ]     CWR: Code Cache Roots           663 us, workers (us): 663, ---, ---, 
[57.134s][info][gc,stats    ]     CWR: VM Weak Roots              202 us, workers (us): 202, ---, ---, 
[57.134s][info][gc,stats    ]     CWR: CLDG Roots                   4 us, workers (us):   4, ---, ---, 
[57.134s][info][gc,stats    ]   Rendezvous                        876 us
[57.134s][info][gc,stats    ] Concurrent Cleanup                   56 us
[57.134s][info][gc,stats    ] Concurrent Class Unloading         6542 us
[57.134s][info][gc,stats    ]   Unlink Stale                     5809 us
[57.134s][info][gc,stats    ]     System Dictionary               161 us
[57.134s][info][gc,stats    ]     Weak Class Links               2041 us
[57.134s][info][gc,stats    ]     Code Roots                     3606 us
[57.134s][info][gc,stats    ]   Rendezvous                        304 us
[57.134s][info][gc,stats    ]   Purge Unlinked                    303 us
[57.134s][info][gc,stats    ]     Code Roots                      262 us
[57.134s][info][gc,stats    ]     CLDG                             40 us
[57.134s][info][gc,stats    ]     Exception Caches                  0 us
[57.134s][info][gc,stats    ] Concurrent Strong Roots             240 us, parallelism: 0.51x
[57.134s][info][gc,stats    ]   CSR: <total>                      122 us
[57.134s][info][gc,stats    ]   CSR: VM Strong Roots                5 us, workers (us):   5, ---, ---, 
[57.134s][info][gc,stats    ]   CSR: CLDG Roots                   117 us, workers (us): 117, ---, ---, 
[57.134s][info][gc,stats    ] Concurrent Evacuation              1774 us
[57.134s][info][gc,stats    ] Pause Init Update Refs (G)          299 us
[57.134s][info][gc,stats    ] Pause Init Update Refs (N)          130 us
[57.134s][info][gc,stats    ]   Manage GCLABs                       5 us
[57.134s][info][gc,stats    ] Concurrent Update Refs             3101 us
[57.134s][info][gc,stats    ] Concurrent Update Thread Roots     1224 us
[57.134s][info][gc,stats    ] Pause Final Update Refs (G)         292 us
[57.134s][info][gc,stats    ] Pause Final Update Refs (N)         190 us
[57.134s][info][gc,stats    ]   Update Region States               92 us
[57.134s][info][gc,stats    ]   Trash Collection Set                2 us
[57.134s][info][gc,stats    ]   Rebuild Free Set                    8 us
[57.134s][info][gc,stats    ] Concurrent Cleanup                  105 us
[57.134s][info][gc,stats    ] 
[57.134s][info][gc,stats    ] Allocation pacing accrued:
[57.134s][info][gc,stats    ]       0 of  6943 ms (  0.0%): <total>
[57.134s][info][gc,stats    ]       0 of  6943 ms (  0.0%): <average total>
[57.134s][info][gc,stats    ] 
[57.134s][info][gc,metaspace] Metaspace: 14372K(14592K)->14359K(14592K) NonClass: 12812K(12928K)->12800K(12928K) Class: 1560K(1664K)->1559K(1664K)
[57.134s][info][gc,ergo     ] Pacer for Idle. Initial: 163M, Alloc Tax Rate: 1.0x
[57.142s][info][gc          ] Trigger: Explicit GC request (System.gc())
[57.142s][info][gc,ergo     ] Free: 7759M, Max: 4096K regular, 7692M humongous, Frag: 1% external, 0% internal; Reserve: 412M, Max: 4096K
[57.142s][info][gc,start    ] GC(16) Concurrent reset
[57.142s][info][gc,task     ] GC(16) Using 1 of 3 workers for concurrent reset
[57.142s][info][gc,ergo     ] GC(16) Pacer for Reset. Non-Taxable: 8192M
[57.142s][info][gc          ] GC(16) Concurrent reset 0.528ms
[57.142s][info][gc,start    ] GC(16) Pause Init Mark (unload classes)
[57.143s][info][gc,task     ] GC(16) Using 3 of 3 workers for init marking
[57.143s][info][gc,ref      ] GC(16) Clearing All SoftReferences
[57.143s][info][gc,ergo     ] GC(16) Pacer for Mark. Expected Live: 7228K, Free: 7759M, Non-Taxable: 775M, Alloc Tax Rate: 0.0x
[57.143s][info][gc          ] GC(16) Pause Init Mark (unload classes) 0.202ms
[57.143s][info][gc,start    ] GC(16) Concurrent marking roots
[57.143s][info][gc,task     ] GC(16) Using 1 of 3 workers for concurrent marking roots
[57.144s][info][gc          ] GC(16) Concurrent marking roots 1.308ms
[57.144s][info][gc,start    ] GC(16) Concurrent marking (unload classes)
[57.144s][info][gc,task     ] GC(16) Using 1 of 3 workers for concurrent marking
[57.150s][info][gc          ] GC(16) Concurrent marking (unload classes) 5.684ms
[57.150s][info][gc,start    ] GC(16) Pause Final Mark (unload classes)
[57.150s][info][gc,task     ] GC(16) Using 3 of 3 workers for final marking
[57.150s][info][gc,ergo     ] GC(16) Adaptive CSet Selection. Target Free: 1160M, Actual Free: 8144M, Max CSet: 341M, Min Garbage: 0B
[57.150s][info][gc,ergo     ] GC(16) Collectable Garbage: 12277K (91%), Immediate: 0B (0%), CSet: 12277K (91%)
[57.150s][info][gc,ergo     ] GC(16) Pacer for Evacuation. Used CSet: 12278K, Free: 7759M, Non-Taxable: 775M, Alloc Tax Rate: 1.1x
[57.150s][info][gc          ] GC(16) Pause Final Mark (unload classes) 0.368ms
[57.150s][info][gc,start    ] GC(16) Concurrent thread roots
[57.150s][info][gc,task     ] GC(16) Using 1 of 3 workers for Concurrent thread roots
[57.152s][info][gc          ] GC(16) Concurrent thread roots 2.017ms
[57.152s][info][gc,start    ] GC(16) Concurrent weak references
[57.152s][info][gc,task     ] GC(16) Using 1 of 3 workers for concurrent weak references
[57.153s][info][gc,ref      ] GC(16) Encountered references: Soft: 142, Weak: 852, Final: 9, Phantom: 653
[57.153s][info][gc,ref      ] GC(16) Discovered  references: Soft: 90, Weak: 491, Final: 7, Phantom: 580
[57.153s][info][gc,ref      ] GC(16) Enqueued    references: Soft: 1, Weak: 0, Final: 0, Phantom: 6
[57.153s][info][gc          ] GC(16) Concurrent weak references 0.252ms
[57.153s][info][gc,start    ] GC(16) Concurrent weak roots
[57.153s][info][gc,task     ] GC(16) Using 1 of 3 workers for concurrent weak root
[57.154s][info][gc          ] GC(16) Concurrent weak roots 0.957ms
[57.154s][info][gc,start    ] GC(16) Concurrent cleanup
[57.154s][info][gc          ] GC(16) Concurrent cleanup 20M->20M(8192M) 0.024ms
[57.154s][info][gc,ergo     ] GC(16) Free: 7759M, Max: 4096K regular, 7692M humongous, Frag: 1% external, 0% internal; Reserve: 411M, Max: 4096K
[57.154s][info][gc,start    ] GC(16) Concurrent class unloading
[57.154s][info][gc,task     ] GC(16) Using 1 of 3 workers for concurrent class unloading
[57.157s][info][gc          ] GC(16) Concurrent class unloading 3.598ms
[57.157s][info][gc,start    ] GC(16) Concurrent strong roots
[57.157s][info][gc,task     ] GC(16) Using 1 of 3 workers for concurrent strong root
[57.158s][info][gc          ] GC(16) Concurrent strong roots 0.436ms
[57.158s][info][gc,start    ] GC(16) Concurrent evacuation
[57.158s][info][gc,task     ] GC(16) Using 1 of 3 workers for concurrent evacuation
[57.158s][info][gc          ] GC(16) Concurrent evacuation 0.175ms
[57.158s][info][gc,start    ] GC(16) Pause Init Update Refs
[57.158s][info][gc,ergo     ] GC(16) Pacer for Update Refs. Used: 20511K, Free: 7759M, Non-Taxable: 775M, Alloc Tax Rate: 1.1x
[57.158s][info][gc          ] GC(16) Pause Init Update Refs 0.093ms
[57.158s][info][gc,start    ] GC(16) Concurrent update references
[57.158s][info][gc,task     ] GC(16) Using 1 of 3 workers for concurrent reference update
[57.161s][info][gc          ] GC(16) Concurrent update references 2.270ms
[57.161s][info][gc,start    ] GC(16) Concurrent update thread roots
[57.162s][info][gc          ] GC(16) Concurrent update thread roots 1.508ms
[57.162s][info][gc,start    ] GC(16) Pause Final Update Refs
[57.162s][info][gc,task     ] GC(16) Using 3 of 3 workers for final reference update
[57.163s][info][gc          ] GC(16) Pause Final Update Refs 0.520ms
[57.163s][info][gc,start    ] GC(16) Concurrent cleanup
[57.163s][info][gc          ] GC(16) Concurrent cleanup 20M->8M(8192M) 0.074ms
[57.163s][info][gc,ergo     ] Free: 7771M, Max: 4096K regular, 7740M humongous, Frag: 0% external, 0% internal; Reserve: 412M, Max: 4096K
[57.163s][info][gc,stats    ] 
[57.163s][info][gc,stats    ] All times are wall-clock times, except per-root-class counters, that are sum over
[57.163s][info][gc,stats    ] all workers. Dividing the <total> over the root stage time estimates parallelism.
[57.163s][info][gc,stats    ] 
[57.163s][info][gc,stats    ] Concurrent Reset                    554 us
[57.163s][info][gc,stats    ] Pause Init Mark (G)                 324 us
[57.163s][info][gc,stats    ] Pause Init Mark (N)                 219 us
[57.163s][info][gc,stats    ]   Update Region States               77 us
[57.163s][info][gc,stats    ] Concurrent Mark Roots              1327 us, parallelism: 0.91x
[57.163s][info][gc,stats    ]   CMR: <total>                     1202 us
[57.163s][info][gc,stats    ]   CMR: Thread Roots                1100 us, workers (us): 1100, ---, ---, 
[57.163s][info][gc,stats    ]   CMR: VM Strong Roots               17 us, workers (us):  17, ---, ---, 
[57.163s][info][gc,stats    ]   CMR: CLDG Roots                    86 us, workers (us):  86, ---, ---, 
[57.163s][info][gc,stats    ] Concurrent Marking                 5777 us
[57.163s][info][gc,stats    ] Pause Final Mark (G)                466 us
[57.163s][info][gc,stats    ] Pause Final Mark (N)                376 us
[57.163s][info][gc,stats    ]   Finish Mark                       134 us
[57.163s][info][gc,stats    ]   Update Region States               84 us
[57.163s][info][gc,stats    ]   Choose Collection Set              41 us
[57.163s][info][gc,stats    ]   Rebuild Free Set                    8 us
[57.163s][info][gc,stats    ] Concurrent Thread Roots            2055 us, parallelism: 0.93x
[57.163s][info][gc,stats    ]   CTR: <total>                     1919 us
[57.163s][info][gc,stats    ]   CTR: Thread Roots                1919 us, workers (us): 1919, ---, ---, 
[57.163s][info][gc,stats    ] Concurrent Weak References          269 us, parallelism: 0.18x
[57.163s][info][gc,stats    ]   CWRF: <total>                      48 us
[57.163s][info][gc,stats    ]   CWRF: Weak References              48 us, workers (us):  48, ---, ---, 
[57.163s][info][gc,stats    ] Concurrent Weak Roots               985 us
[57.163s][info][gc,stats    ]   Roots                             807 us, parallelism: 0.92x
[57.163s][info][gc,stats    ]     CWR: <total>                    744 us
[57.163s][info][gc,stats    ]     CWR: Code Cache Roots           639 us, workers (us): 639, ---, ---, 
[57.163s][info][gc,stats    ]     CWR: VM Weak Roots              101 us, workers (us): 101, ---, ---, 
[57.163s][info][gc,stats    ]     CWR: CLDG Roots                   4 us, workers (us):   4, ---, ---, 
[57.163s][info][gc,stats    ]   Rendezvous                        115 us
[57.164s][info][gc,stats    ] Concurrent Cleanup                   32 us
[57.164s][info][gc,stats    ] Concurrent Class Unloading         3647 us
[57.164s][info][gc,stats    ]   Unlink Stale                     3155 us
[57.164s][info][gc,stats    ]     System Dictionary                 5 us
[57.164s][info][gc,stats    ]     Weak Class Links                  0 us
[57.164s][info][gc,stats    ]     Code Roots                     3149 us
[57.164s][info][gc,stats    ]   Rendezvous                        132 us
[57.164s][info][gc,stats    ]   Purge Unlinked                    290 us
[57.164s][info][gc,stats    ]     Code Roots                      286 us
[57.164s][info][gc,stats    ]     CLDG                              3 us
[57.164s][info][gc,stats    ]     Exception Caches                  0 us
[57.164s][info][gc,stats    ] Concurrent Strong Roots             448 us, parallelism: 0.14x
[57.164s][info][gc,stats    ]   CSR: <total>                       61 us
[57.164s][info][gc,stats    ]   CSR: VM Strong Roots                5 us, workers (us):   5, ---, ---, 
[57.164s][info][gc,stats    ]   CSR: CLDG Roots                    57 us, workers (us):  57, ---, ---, 
[57.164s][info][gc,stats    ] Concurrent Evacuation               215 us
[57.164s][info][gc,stats    ] Pause Init Update Refs (G)          238 us
[57.164s][info][gc,stats    ] Pause Init Update Refs (N)          114 us
[57.164s][info][gc,stats    ]   Manage GCLABs                       4 us
[57.164s][info][gc,stats    ] Concurrent Update Refs             2321 us
[57.164s][info][gc,stats    ] Concurrent Update Thread Roots     1527 us
[57.164s][info][gc,stats    ] Pause Final Update Refs (G)         656 us
[57.164s][info][gc,stats    ] Pause Final Update Refs (N)         560 us
[57.164s][info][gc,stats    ]   Update Region States              332 us
[57.164s][info][gc,stats    ]   Trash Collection Set                4 us
[57.164s][info][gc,stats    ]   Rebuild Free Set                   20 us
[57.164s][info][gc,stats    ] Concurrent Cleanup                  101 us
[57.164s][info][gc,stats    ] 
[57.164s][info][gc,stats    ] Allocation pacing accrued:
[57.164s][info][gc,stats    ]       0 of    30 ms (  0.0%): <total>
[57.164s][info][gc,stats    ]       0 of    30 ms (  0.0%): <average total>
[57.164s][info][gc,stats    ] 
[57.164s][info][gc,metaspace] Metaspace: 14365K(14592K)->14365K(14592K) NonClass: 12805K(12928K)->12805K(12928K) Class: 1559K(1664K)->1559K(1664K)
[57.164s][info][gc,ergo     ] Pacer for Idle. Initial: 163M, Alloc Tax Rate: 1.0x
[64.066s][info][gc          ] Trigger: Explicit GC request (System.gc())
[64.066s][info][gc,ergo     ] Free: 7727M, Max: 4096K regular, 7696M humongous, Frag: 0% external, 0% internal; Reserve: 412M, Max: 4096K
[64.066s][info][gc,start    ] GC(17) Concurrent reset
[64.066s][info][gc,task     ] GC(17) Using 1 of 3 workers for concurrent reset
[64.066s][info][gc,ergo     ] GC(17) Pacer for Reset. Non-Taxable: 8192M
[64.067s][info][gc          ] GC(17) Concurrent reset 0.164ms
[64.067s][info][gc,start    ] GC(17) Pause Init Mark (unload classes)
[64.067s][info][gc,task     ] GC(17) Using 3 of 3 workers for init marking
[64.067s][info][gc,ref      ] GC(17) Clearing All SoftReferences
[64.067s][info][gc,ergo     ] GC(17) Pacer for Mark. Expected Live: 7192K, Free: 7727M, Non-Taxable: 772M, Alloc Tax Rate: 0.0x
[64.067s][info][gc          ] GC(17) Pause Init Mark (unload classes) 0.224ms
[64.067s][info][gc,start    ] GC(17) Concurrent marking roots
[64.067s][info][gc,task     ] GC(17) Using 1 of 3 workers for concurrent marking roots
[64.068s][info][gc          ] GC(17) Concurrent marking roots 1.382ms
[64.068s][info][gc,start    ] GC(17) Concurrent marking (unload classes)
[64.068s][info][gc,task     ] GC(17) Using 1 of 3 workers for concurrent marking
[64.074s][info][gc          ] GC(17) Concurrent marking (unload classes) 5.815ms
[64.074s][info][gc,start    ] GC(17) Pause Final Mark (unload classes)
[64.074s][info][gc,task     ] GC(17) Using 3 of 3 workers for final marking
[64.075s][info][gc,ergo     ] GC(17) Adaptive CSet Selection. Target Free: 1160M, Actual Free: 8120M, Max CSet: 341M, Min Garbage: 0B
[64.075s][info][gc,ergo     ] GC(17) Collectable Garbage: 45728K (99%), Immediate: 12288K (26%), CSet: 33440K (72%)
[64.075s][info][gc,ergo     ] GC(17) Pacer for Evacuation. Used CSet: 36864K, Free: 7739M, Non-Taxable: 773M, Alloc Tax Rate: 1.1x
[64.075s][info][gc          ] GC(17) Pause Final Mark (unload classes) 0.708ms
[64.075s][info][gc,start    ] GC(17) Concurrent thread roots
[64.075s][info][gc,task     ] GC(17) Using 1 of 3 workers for Concurrent thread roots
[64.076s][info][gc          ] GC(17) Concurrent thread roots 1.205ms
[64.076s][info][gc,start    ] GC(17) Concurrent weak references
[64.076s][info][gc,task     ] GC(17) Using 1 of 3 workers for concurrent weak references
[64.077s][info][gc,ref      ] GC(17) Encountered references: Soft: 461, Weak: 871, Final: 10, Phantom: 1490
[64.077s][info][gc,ref      ] GC(17) Discovered  references: Soft: 408, Weak: 496, Final: 8, Phantom: 1417
[64.077s][info][gc,ref      ] GC(17) Enqueued    references: Soft: 319, Weak: 3, Final: 1, Phantom: 833
[64.077s][info][gc          ] GC(17) Concurrent weak references 0.346ms
[64.077s][info][gc,start    ] GC(17) Concurrent weak roots
[64.077s][info][gc,task     ] GC(17) Using 1 of 3 workers for concurrent weak root
[64.078s][info][gc          ] GC(17) Concurrent weak roots 1.510ms
[64.078s][info][gc,start    ] GC(17) Concurrent cleanup
[64.078s][info][gc          ] GC(17) Concurrent cleanup 56M->44M(8192M) 0.019ms
[64.078s][info][gc,ergo     ] GC(17) Free: 7735M, Max: 4096K regular, 7692M humongous, Frag: 1% external, 0% internal; Reserve: 411M, Max: 4096K
[64.078s][info][gc,start    ] GC(17) Concurrent class unloading
[64.078s][info][gc,task     ] GC(17) Using 1 of 3 workers for concurrent class unloading
[64.085s][info][gc          ] GC(17) Concurrent class unloading 6.792ms
[64.085s][info][gc,start    ] GC(17) Concurrent strong roots
[64.085s][info][gc,task     ] GC(17) Using 1 of 3 workers for concurrent strong root
[64.086s][info][gc          ] GC(17) Concurrent strong roots 0.347ms
[64.086s][info][gc,start    ] GC(17) Concurrent evacuation
[64.086s][info][gc,task     ] GC(17) Using 1 of 3 workers for concurrent evacuation
[64.087s][info][gc          ] GC(17) Concurrent evacuation 1.677ms
[64.087s][info][gc,start    ] GC(17) Pause Init Update Refs
[64.087s][info][gc,ergo     ] GC(17) Pacer for Update Refs. Used: 49175K, Free: 7735M, Non-Taxable: 773M, Alloc Tax Rate: 1.1x
[64.087s][info][gc          ] GC(17) Pause Init Update Refs 0.085ms
[64.088s][info][gc,start    ] GC(17) Concurrent update references
[64.088s][info][gc,task     ] GC(17) Using 1 of 3 workers for concurrent reference update
[64.090s][info][gc          ] GC(17) Concurrent update references 2.555ms
[64.090s][info][gc,start    ] GC(17) Concurrent update thread roots
[64.092s][info][gc          ] GC(17) Concurrent update thread roots 1.845ms
[64.092s][info][gc,start    ] GC(17) Pause Final Update Refs
[64.092s][info][gc,task     ] GC(17) Using 3 of 3 workers for final reference update
[64.092s][info][gc          ] GC(17) Pause Final Update Refs 0.134ms
[64.092s][info][gc,start    ] GC(17) Concurrent cleanup
[64.092s][info][gc          ] GC(17) Concurrent cleanup 48M->12M(8192M) 0.058ms
[64.092s][info][gc,ergo     ] Free: 7767M, Max: 4096K regular, 7692M humongous, Frag: 1% external, 0% internal; Reserve: 412M, Max: 4096K
[64.092s][info][gc,stats    ] 
[64.092s][info][gc,stats    ] All times are wall-clock times, except per-root-class counters, that are sum over
[64.092s][info][gc,stats    ] all workers. Dividing the <total> over the root stage time estimates parallelism.
[64.092s][info][gc,stats    ] 
[64.092s][info][gc,stats    ] Concurrent Reset                    175 us
[64.093s][info][gc,stats    ] Pause Init Mark (G)                 370 us
[64.093s][info][gc,stats    ] Pause Init Mark (N)                 242 us
[64.093s][info][gc,stats    ]   Update Region States               87 us
[64.093s][info][gc,stats    ] Concurrent Mark Roots              1401 us, parallelism: 0.91x
[64.093s][info][gc,stats    ]   CMR: <total>                     1273 us
[64.093s][info][gc,stats    ]   CMR: Thread Roots                1226 us, workers (us): 1226, ---, ---, 
[64.093s][info][gc,stats    ]   CMR: VM Strong Roots                4 us, workers (us):   4, ---, ---, 
[64.093s][info][gc,stats    ]   CMR: CLDG Roots                    43 us, workers (us):  43, ---, ---, 
[64.093s][info][gc,stats    ] Concurrent Marking                 5869 us
[64.093s][info][gc,stats    ] Pause Final Mark (G)                886 us
[64.093s][info][gc,stats    ] Pause Final Mark (N)                729 us
[64.093s][info][gc,stats    ]   Finish Mark                       158 us
[64.093s][info][gc,stats    ]   Update Region States              305 us
[64.093s][info][gc,stats    ]   Choose Collection Set             103 us
[64.093s][info][gc,stats    ]   Rebuild Free Set                   23 us
[64.093s][info][gc,stats    ] Concurrent Thread Roots            1225 us, parallelism: 0.90x
[64.093s][info][gc,stats    ]   CTR: <total>                     1104 us
[64.093s][info][gc,stats    ]   CTR: Thread Roots                1104 us, workers (us): 1104, ---, ---, 
[64.093s][info][gc,stats    ] Concurrent Weak References          363 us, parallelism: 0.51x
[64.093s][info][gc,stats    ]   CWRF: <total>                     185 us
[64.093s][info][gc,stats    ]   CWRF: Weak References             185 us, workers (us): 185, ---, ---, 
[64.093s][info][gc,stats    ] Concurrent Weak Roots              1529 us
[64.093s][info][gc,stats    ]   Roots                            1368 us, parallelism: 0.95x
[64.093s][info][gc,stats    ]     CWR: <total>                   1297 us
[64.093s][info][gc,stats    ]     CWR: Code Cache Roots           912 us, workers (us): 912, ---, ---, 
[64.093s][info][gc,stats    ]     CWR: VM Weak Roots              380 us, workers (us): 380, ---, ---, 
[64.093s][info][gc,stats    ]     CWR: CLDG Roots                   5 us, workers (us):   5, ---, ---, 
[64.093s][info][gc,stats    ]   Rendezvous                        109 us
[64.093s][info][gc,stats    ] Concurrent Cleanup                   27 us
[64.093s][info][gc,stats    ] Concurrent Class Unloading         6857 us
[64.093s][info][gc,stats    ]   Unlink Stale                     6170 us
[64.093s][info][gc,stats    ]     System Dictionary                74 us
[64.093s][info][gc,stats    ]     Weak Class Links               2340 us
[64.093s][info][gc,stats    ]     Code Roots                     3754 us
[64.093s][info][gc,stats    ]   Rendezvous                        410 us
[64.093s][info][gc,stats    ]   Purge Unlinked                    190 us
[64.093s][info][gc,stats    ]     Code Roots                      152 us
[64.093s][info][gc,stats    ]     CLDG                             38 us
[64.093s][info][gc,stats    ]     Exception Caches                  0 us
[64.093s][info][gc,stats    ] Concurrent Strong Roots             385 us, parallelism: 0.54x
[64.093s][info][gc,stats    ]   CSR: <total>                      209 us
[64.093s][info][gc,stats    ]   CSR: VM Strong Roots                9 us, workers (us):   9, ---, ---, 
[64.093s][info][gc,stats    ]   CSR: CLDG Roots                   200 us, workers (us): 200, ---, ---, 
[64.093s][info][gc,stats    ] Concurrent Evacuation              1731 us
[64.093s][info][gc,stats    ] Pause Init Update Refs (G)          201 us
[64.093s][info][gc,stats    ] Pause Init Update Refs (N)          102 us
[64.093s][info][gc,stats    ]   Manage GCLABs                       3 us
[64.093s][info][gc,stats    ] Concurrent Update Refs             2619 us
[64.093s][info][gc,stats    ] Concurrent Update Thread Roots     1922 us
[64.093s][info][gc,stats    ] Pause Final Update Refs (G)         230 us
[64.093s][info][gc,stats    ] Pause Final Update Refs (N)         152 us
[64.093s][info][gc,stats    ]   Update Region States               80 us
[64.093s][info][gc,stats    ]   Trash Collection Set                2 us
[64.093s][info][gc,stats    ]   Rebuild Free Set                   16 us
[64.093s][info][gc,stats    ] Concurrent Cleanup                   79 us
[64.093s][info][gc,stats    ] 
[64.093s][info][gc,stats    ] Allocation pacing accrued:
[64.093s][info][gc,stats    ]       0 of  6929 ms (  0.0%): <total>
[64.093s][info][gc,stats    ]       0 of  6929 ms (  0.0%): <average total>
[64.093s][info][gc,stats    ] 
[64.093s][info][gc,metaspace] Metaspace: 14426K(14592K)->14413K(14592K) NonClass: 12865K(12928K)->12853K(12928K) Class: 1561K(1664K)->1559K(1664K)
[64.093s][info][gc,ergo     ] Pacer for Idle. Initial: 163M, Alloc Tax Rate: 1.0x
[64.109s][info][gc          ] Trigger: Explicit GC request (System.gc())
[64.110s][info][gc,ergo     ] Free: 7759M, Max: 4096K regular, 7692M humongous, Frag: 1% external, 0% internal; Reserve: 412M, Max: 4096K
[64.110s][info][gc,start    ] GC(18) Concurrent reset
[64.110s][info][gc,task     ] GC(18) Using 1 of 3 workers for concurrent reset
[64.110s][info][gc,ergo     ] GC(18) Pacer for Reset. Non-Taxable: 8192M
[64.110s][info][gc          ] GC(18) Concurrent reset 0.421ms
[64.110s][info][gc,start    ] GC(18) Pause Init Mark (unload classes)
[64.110s][info][gc,task     ] GC(18) Using 3 of 3 workers for init marking
[64.110s][info][gc,ref      ] GC(18) Clearing All SoftReferences
[64.111s][info][gc,ergo     ] GC(18) Pacer for Mark. Expected Live: 7231K, Free: 7759M, Non-Taxable: 775M, Alloc Tax Rate: 0.0x
[64.111s][info][gc          ] GC(18) Pause Init Mark (unload classes) 0.303ms
[64.111s][info][gc,start    ] GC(18) Concurrent marking roots
[64.111s][info][gc,task     ] GC(18) Using 1 of 3 workers for concurrent marking roots
[64.112s][info][gc          ] GC(18) Concurrent marking roots 1.327ms
[64.112s][info][gc,start    ] GC(18) Concurrent marking (unload classes)
[64.112s][info][gc,task     ] GC(18) Using 1 of 3 workers for concurrent marking
[64.117s][info][gc          ] GC(18) Concurrent marking (unload classes) 4.820ms
[64.117s][info][gc,start    ] GC(18) Pause Final Mark (unload classes)
[64.117s][info][gc,task     ] GC(18) Using 3 of 3 workers for final marking
[64.117s][info][gc,ergo     ] GC(18) Adaptive CSet Selection. Target Free: 1160M, Actual Free: 8143M, Max CSet: 341M, Min Garbage: 0B
[64.117s][info][gc,ergo     ] GC(18) Collectable Garbage: 12265K (91%), Immediate: 4090K (30%), CSet: 8175K (61%)
[64.117s][info][gc,ergo     ] GC(18) Pacer for Evacuation. Used CSet: 8175K, Free: 7763M, Non-Taxable: 776M, Alloc Tax Rate: 1.1x
[64.118s][info][gc          ] GC(18) Pause Final Mark (unload classes) 0.536ms
[64.118s][info][gc,start    ] GC(18) Concurrent thread roots
[64.118s][info][gc,task     ] GC(18) Using 1 of 3 workers for Concurrent thread roots
[64.119s][info][gc          ] GC(18) Concurrent thread roots 1.144ms
[64.119s][info][gc,start    ] GC(18) Concurrent weak references
[64.119s][info][gc,task     ] GC(18) Using 1 of 3 workers for concurrent weak references
[64.119s][info][gc,ref      ] GC(18) Encountered references: Soft: 141, Weak: 857, Final: 9, Phantom: 653
[64.119s][info][gc,ref      ] GC(18) Discovered  references: Soft: 89, Weak: 492, Final: 7, Phantom: 580
[64.119s][info][gc,ref      ] GC(18) Enqueued    references: Soft: 0, Weak: 0, Final: 0, Phantom: 6
[64.119s][info][gc          ] GC(18) Concurrent weak references 0.210ms
[64.119s][info][gc,start    ] GC(18) Concurrent weak roots
[64.119s][info][gc,task     ] GC(18) Using 1 of 3 workers for concurrent weak root
[64.120s][info][gc          ] GC(18) Concurrent weak roots 1.082ms
[64.120s][info][gc,start    ] GC(18) Concurrent cleanup
[64.120s][info][gc          ] GC(18) Concurrent cleanup 20M->16M(8192M) 0.014ms
[64.120s][info][gc,ergo     ] GC(18) Free: 7763M, Max: 4096K regular, 7692M humongous, Frag: 1% external, 0% internal; Reserve: 411M, Max: 4096K
[64.120s][info][gc,start    ] GC(18) Concurrent class unloading
[64.120s][info][gc,task     ] GC(18) Using 1 of 3 workers for concurrent class unloading
[64.124s][info][gc          ] GC(18) Concurrent class unloading 3.827ms
[64.124s][info][gc,start    ] GC(18) Concurrent strong roots
[64.124s][info][gc,task     ] GC(18) Using 1 of 3 workers for concurrent strong root
[64.124s][info][gc          ] GC(18) Concurrent strong roots 0.199ms
[64.124s][info][gc,start    ] GC(18) Concurrent evacuation
[64.124s][info][gc,task     ] GC(18) Using 1 of 3 workers for concurrent evacuation
[64.124s][info][gc          ] GC(18) Concurrent evacuation 0.175ms
[64.125s][info][gc,start    ] GC(18) Pause Init Update Refs
[64.125s][info][gc,ergo     ] GC(18) Pacer for Update Refs. Used: 16409K, Free: 7763M, Non-Taxable: 776M, Alloc Tax Rate: 1.1x
[64.125s][info][gc          ] GC(18) Pause Init Update Refs 0.101ms
[64.125s][info][gc,start    ] GC(18) Concurrent update references
[64.125s][info][gc,task     ] GC(18) Using 1 of 3 workers for concurrent reference update
[64.127s][info][gc          ] GC(18) Concurrent update references 2.430ms
[64.127s][info][gc,start    ] GC(18) Concurrent update thread roots
[64.128s][info][gc          ] GC(18) Concurrent update thread roots 1.066ms
[64.128s][info][gc,start    ] GC(18) Pause Final Update Refs
[64.128s][info][gc,task     ] GC(18) Using 3 of 3 workers for final reference update
[64.128s][info][gc          ] GC(18) Pause Final Update Refs 0.139ms
[64.129s][info][gc,start    ] GC(18) Concurrent cleanup
[64.129s][info][gc          ] GC(18) Concurrent cleanup 16M->8M(8192M) 0.028ms
[64.129s][info][gc,ergo     ] Free: 7771M, Max: 4096K regular, 7736M humongous, Frag: 0% external, 0% internal; Reserve: 412M, Max: 4096K
[64.129s][info][gc,stats    ] 
[64.129s][info][gc,stats    ] All times are wall-clock times, except per-root-class counters, that are sum over
[64.129s][info][gc,stats    ] all workers. Dividing the <total> over the root stage time estimates parallelism.
[64.129s][info][gc,stats    ] 
[64.129s][info][gc,stats    ] Concurrent Reset                    467 us
[64.129s][info][gc,stats    ] Pause Init Mark (G)                 423 us
[64.129s][info][gc,stats    ] Pause Init Mark (N)                 325 us
[64.129s][info][gc,stats    ]   Update Region States              133 us
[64.129s][info][gc,stats    ] Concurrent Mark Roots              1348 us, parallelism: 0.89x
[64.129s][info][gc,stats    ]   CMR: <total>                     1198 us
[64.129s][info][gc,stats    ]   CMR: Thread Roots                1120 us, workers (us): 1120, ---, ---, 
[64.129s][info][gc,stats    ]   CMR: VM Strong Roots               14 us, workers (us):  14, ---, ---, 
[64.129s][info][gc,stats    ]   CMR: CLDG Roots                    64 us, workers (us):  64, ---, ---, 
[64.129s][info][gc,stats    ] Concurrent Marking                 4888 us
[64.129s][info][gc,stats    ] Pause Final Mark (G)                688 us
[64.129s][info][gc,stats    ] Pause Final Mark (N)                559 us
[64.129s][info][gc,stats    ]   Finish Mark                       172 us
[64.129s][info][gc,stats    ]   Update Region States              133 us
[64.129s][info][gc,stats    ]   Choose Collection Set             102 us
[64.129s][info][gc,stats    ]   Rebuild Free Set                   21 us
[64.129s][info][gc,stats    ] Concurrent Thread Roots            1183 us, parallelism: 0.86x
[64.129s][info][gc,stats    ]   CTR: <total>                     1015 us
[64.129s][info][gc,stats    ]   CTR: Thread Roots                1015 us, workers (us): 1015, ---, ---, 
[64.129s][info][gc,stats    ] Concurrent Weak References          227 us, parallelism: 0.13x
[64.129s][info][gc,stats    ]   CWRF: <total>                      29 us
[64.129s][info][gc,stats    ]   CWRF: Weak References              29 us, workers (us):  29, ---, ---, 
[64.129s][info][gc,stats    ] Concurrent Weak Roots              1100 us
[64.129s][info][gc,stats    ]   Roots                             984 us, parallelism: 0.92x
[64.129s][info][gc,stats    ]     CWR: <total>                    909 us
[64.129s][info][gc,stats    ]     CWR: Code Cache Roots           711 us, workers (us): 711, ---, ---, 
[64.129s][info][gc,stats    ]     CWR: VM Weak Roots              193 us, workers (us): 193, ---, ---, 
[64.129s][info][gc,stats    ]     CWR: CLDG Roots                   5 us, workers (us):   5, ---, ---, 
[64.129s][info][gc,stats    ]   Rendezvous                         65 us
[64.129s][info][gc,stats    ] Concurrent Cleanup                   22 us
[64.129s][info][gc,stats    ] Concurrent Class Unloading         3897 us
[64.129s][info][gc,stats    ]   Unlink Stale                     3374 us
[64.129s][info][gc,stats    ]     System Dictionary                 5 us
[64.129s][info][gc,stats    ]     Weak Class Links                  0 us
[64.129s][info][gc,stats    ]     Code Roots                     3368 us
[64.129s][info][gc,stats    ]   Rendezvous                        180 us
[64.129s][info][gc,stats    ]   Purge Unlinked                    252 us
[64.129s][info][gc,stats    ]     Code Roots                      241 us
[64.129s][info][gc,stats    ]     CLDG                             11 us
[64.129s][info][gc,stats    ]     Exception Caches                  0 us
[64.129s][info][gc,stats    ] Concurrent Strong Roots             243 us, parallelism: 0.25x
[64.129s][info][gc,stats    ]   CSR: <total>                       61 us
[64.129s][info][gc,stats    ]   CSR: VM Strong Roots                6 us, workers (us):   6, ---, ---, 
[64.129s][info][gc,stats    ]   CSR: CLDG Roots                    56 us, workers (us):  56, ---, ---, 
[64.129s][info][gc,stats    ] Concurrent Evacuation               214 us
[64.129s][info][gc,stats    ] Pause Init Update Refs (G)          242 us
[64.129s][info][gc,stats    ] Pause Init Update Refs (N)          122 us
[64.129s][info][gc,stats    ]   Manage GCLABs                       4 us
[64.129s][info][gc,stats    ] Concurrent Update Refs             2496 us
[64.129s][info][gc,stats    ] Concurrent Update Thread Roots     1085 us
[64.129s][info][gc,stats    ] Pause Final Update Refs (G)         217 us
[64.129s][info][gc,stats    ] Pause Final Update Refs (N)         158 us
[64.129s][info][gc,stats    ]   Update Region States               77 us
[64.129s][info][gc,stats    ]   Trash Collection Set                3 us
[64.129s][info][gc,stats    ]   Rebuild Free Set                   15 us
[64.130s][info][gc,stats    ] Concurrent Cleanup                   38 us
[64.130s][info][gc,stats    ] 
[64.130s][info][gc,stats    ] Allocation pacing accrued:
[64.130s][info][gc,stats    ]       0 of    37 ms (  0.0%): <total>
[64.130s][info][gc,stats    ]       0 of    37 ms (  0.0%): <average total>
[64.130s][info][gc,stats    ] 
[64.130s][info][gc,metaspace] Metaspace: 14413K(14592K)->14416K(14592K) NonClass: 12853K(12928K)->12856K(12928K) Class: 1559K(1664K)->1559K(1664K)
[64.130s][info][gc,ergo     ] Pacer for Idle. Initial: 163M, Alloc Tax Rate: 1.0x
[71.041s][info][gc          ] Trigger: Explicit GC request (System.gc())
[71.041s][info][gc,ergo     ] Free: 7723M, Max: 4096K regular, 7688M humongous, Frag: 0% external, 0% internal; Reserve: 412M, Max: 4096K
[71.041s][info][gc,start    ] GC(19) Concurrent reset
[71.041s][info][gc,task     ] GC(19) Using 1 of 3 workers for concurrent reset
[71.042s][info][gc,ergo     ] GC(19) Pacer for Reset. Non-Taxable: 8192M
[71.042s][info][gc          ] GC(19) Concurrent reset 0.220ms
[71.042s][info][gc,start    ] GC(19) Pause Init Mark (unload classes)
[71.042s][info][gc,task     ] GC(19) Using 3 of 3 workers for init marking
[71.042s][info][gc,ref      ] GC(19) Clearing All SoftReferences
[71.042s][info][gc,ergo     ] GC(19) Pacer for Mark. Expected Live: 7195K, Free: 7723M, Non-Taxable: 772M, Alloc Tax Rate: 0.0x
[71.042s][info][gc          ] GC(19) Pause Init Mark (unload classes) 0.313ms
[71.042s][info][gc,start    ] GC(19) Concurrent marking roots
[71.042s][info][gc,task     ] GC(19) Using 1 of 3 workers for concurrent marking roots
[71.044s][info][gc          ] GC(19) Concurrent marking roots 2.254ms
[71.044s][info][gc,start    ] GC(19) Concurrent marking (unload classes)
[71.044s][info][gc,task     ] GC(19) Using 1 of 3 workers for concurrent marking
[71.050s][info][gc          ] GC(19) Concurrent marking (unload classes) 5.264ms
[71.050s][info][gc,start    ] GC(19) Pause Final Mark (unload classes)
[71.050s][info][gc,task     ] GC(19) Using 3 of 3 workers for final marking
[71.050s][info][gc,ergo     ] GC(19) Adaptive CSet Selection. Target Free: 1160M, Actual Free: 8112M, Max CSet: 341M, Min Garbage: 0B
[71.050s][info][gc,ergo     ] GC(19) Collectable Garbage: 49814K (99%), Immediate: 12288K (24%), CSet: 37526K (74%)
[71.050s][info][gc,ergo     ] GC(19) Pacer for Evacuation. Used CSet: 40951K, Free: 7735M, Non-Taxable: 773M, Alloc Tax Rate: 1.1x
[71.050s][info][gc          ] GC(19) Pause Final Mark (unload classes) 0.519ms
[71.050s][info][gc,start    ] GC(19) Concurrent thread roots
[71.050s][info][gc,task     ] GC(19) Using 1 of 3 workers for Concurrent thread roots
[71.052s][info][gc          ] GC(19) Concurrent thread roots 1.272ms
[71.052s][info][gc,start    ] GC(19) Concurrent weak references
[71.052s][info][gc,task     ] GC(19) Using 1 of 3 workers for concurrent weak references
[71.052s][info][gc,ref      ] GC(19) Encountered references: Soft: 461, Weak: 876, Final: 10, Phantom: 1490
[71.052s][info][gc,ref      ] GC(19) Discovered  references: Soft: 408, Weak: 497, Final: 8, Phantom: 1417
[71.052s][info][gc,ref      ] GC(19) Enqueued    references: Soft: 319, Weak: 3, Final: 1, Phantom: 833
[71.052s][info][gc          ] GC(19) Concurrent weak references 0.369ms
[71.052s][info][gc,start    ] GC(19) Concurrent weak roots
[71.052s][info][gc,task     ] GC(19) Using 1 of 3 workers for concurrent weak root
[71.054s][info][gc          ] GC(19) Concurrent weak roots 1.650ms
[71.054s][info][gc,start    ] GC(19) Concurrent cleanup
[71.054s][info][gc          ] GC(19) Concurrent cleanup 60M->48M(8192M) 0.026ms
[71.054s][info][gc,ergo     ] GC(19) Free: 7731M, Max: 4096K regular, 7684M humongous, Frag: 1% external, 0% internal; Reserve: 411M, Max: 4096K
[71.054s][info][gc,start    ] GC(19) Concurrent class unloading
[71.054s][info][gc,task     ] GC(19) Using 1 of 3 workers for concurrent class unloading
[71.060s][info][gc          ] GC(19) Concurrent class unloading 6.471ms
[71.060s][info][gc,start    ] GC(19) Concurrent strong roots
[71.060s][info][gc,task     ] GC(19) Using 1 of 3 workers for concurrent strong root
[71.061s][info][gc          ] GC(19) Concurrent strong roots 0.389ms
[71.061s][info][gc,start    ] GC(19) Concurrent evacuation
[71.061s][info][gc,task     ] GC(19) Using 1 of 3 workers for concurrent evacuation
[71.063s][info][gc          ] GC(19) Concurrent evacuation 1.715ms
[71.063s][info][gc,start    ] GC(19) Pause Init Update Refs
[71.063s][info][gc,ergo     ] GC(19) Pacer for Update Refs. Used: 53262K, Free: 7731M, Non-Taxable: 773M, Alloc Tax Rate: 1.1x
[71.063s][info][gc          ] GC(19) Pause Init Update Refs 0.109ms
[71.063s][info][gc,start    ] GC(19) Concurrent update references
[71.063s][info][gc,task     ] GC(19) Using 1 of 3 workers for concurrent reference update
[71.066s][info][gc          ] GC(19) Concurrent update references 2.570ms
[71.066s][info][gc,start    ] GC(19) Concurrent update thread roots
[71.068s][info][gc          ] GC(19) Concurrent update thread roots 2.628ms
[71.068s][info][gc,start    ] GC(19) Pause Final Update Refs
[71.068s][info][gc,task     ] GC(19) Using 3 of 3 workers for final reference update
[71.069s][info][gc          ] GC(19) Pause Final Update Refs 0.177ms
[71.069s][info][gc,start    ] GC(19) Concurrent cleanup
[71.069s][info][gc          ] GC(19) Concurrent cleanup 52M->12M(8192M) 0.076ms
[71.069s][info][gc,ergo     ] Free: 7767M, Max: 4096K regular, 7684M humongous, Frag: 1% external, 0% internal; Reserve: 412M, Max: 4096K
[71.069s][info][gc,stats    ] 
[71.069s][info][gc,stats    ] All times are wall-clock times, except per-root-class counters, that are sum over
[71.069s][info][gc,stats    ] all workers. Dividing the <total> over the root stage time estimates parallelism.
[71.069s][info][gc,stats    ] 
[71.069s][info][gc,stats    ] Concurrent Reset                    231 us
[71.069s][info][gc,stats    ] Pause Init Mark (G)                 452 us
[71.069s][info][gc,stats    ] Pause Init Mark (N)                 328 us
[71.069s][info][gc,stats    ]   Update Region States              118 us
[71.069s][info][gc,stats    ] Concurrent Mark Roots              2293 us, parallelism: 0.93x
[71.069s][info][gc,stats    ]   CMR: <total>                     2130 us
[71.069s][info][gc,stats    ]   CMR: Thread Roots                2081 us, workers (us): 2081, ---, ---, 
[71.069s][info][gc,stats    ]   CMR: VM Strong Roots                4 us, workers (us):   4, ---, ---, 
[71.069s][info][gc,stats    ]   CMR: CLDG Roots                    45 us, workers (us):  45, ---, ---, 
[71.069s][info][gc,stats    ] Concurrent Marking                 5335 us
[71.069s][info][gc,stats    ] Pause Final Mark (G)                647 us
[71.069s][info][gc,stats    ] Pause Final Mark (N)                540 us
[71.069s][info][gc,stats    ]   Finish Mark                       162 us
[71.069s][info][gc,stats    ]   Update Region States              123 us
[71.069s][info][gc,stats    ]   Choose Collection Set             103 us
[71.069s][info][gc,stats    ]   Rebuild Free Set                   21 us
[71.069s][info][gc,stats    ] Concurrent Thread Roots            1313 us, parallelism: 0.90x
[71.069s][info][gc,stats    ]   CTR: <total>                     1177 us
[71.069s][info][gc,stats    ]   CTR: Thread Roots                1177 us, workers (us): 1177, ---, ---, 
[71.069s][info][gc,stats    ] Concurrent Weak References          378 us, parallelism: 0.51x
[71.069s][info][gc,stats    ]   CWRF: <total>                     194 us
[71.069s][info][gc,stats    ]   CWRF: Weak References             194 us, workers (us): 194, ---, ---, 
[71.069s][info][gc,stats    ] Concurrent Weak Roots              1695 us
[71.069s][info][gc,stats    ]   Roots                            1539 us, parallelism: 0.95x
[71.069s][info][gc,stats    ]     CWR: <total>                   1464 us
[71.069s][info][gc,stats    ]     CWR: Code Cache Roots          1061 us, workers (us): 1061, ---, ---, 
[71.069s][info][gc,stats    ]     CWR: VM Weak Roots              390 us, workers (us): 390, ---, ---, 
[71.069s][info][gc,stats    ]     CWR: CLDG Roots                  12 us, workers (us):  12, ---, ---, 
[71.069s][info][gc,stats    ]   Rendezvous                         81 us
[71.069s][info][gc,stats    ] Concurrent Cleanup                   36 us
[71.069s][info][gc,stats    ] Concurrent Class Unloading         6536 us
[71.069s][info][gc,stats    ]   Unlink Stale                     5981 us
[71.069s][info][gc,stats    ]     System Dictionary                73 us
[71.069s][info][gc,stats    ]     Weak Class Links               2038 us
[71.069s][info][gc,stats    ]     Code Roots                     3868 us
[71.069s][info][gc,stats    ]   Rendezvous                        266 us
[71.069s][info][gc,stats    ]   Purge Unlinked                    202 us
[71.070s][info][gc,stats    ]     Code Roots                      161 us
[71.070s][info][gc,stats    ]     CLDG                             40 us
[71.070s][info][gc,stats    ]     Exception Caches                  0 us
[71.070s][info][gc,stats    ] Concurrent Strong Roots             429 us, parallelism: 0.58x
[71.070s][info][gc,stats    ]   CSR: <total>                      249 us
[71.070s][info][gc,stats    ]   CSR: VM Strong Roots                8 us, workers (us):   8, ---, ---, 
[71.070s][info][gc,stats    ]   CSR: CLDG Roots                   240 us, workers (us): 240, ---, ---, 
[71.070s][info][gc,stats    ] Concurrent Evacuation              1786 us
[71.070s][info][gc,stats    ] Pause Init Update Refs (G)          314 us
[71.070s][info][gc,stats    ] Pause Init Update Refs (N)          131 us
[71.070s][info][gc,stats    ]   Manage GCLABs                       5 us
[71.070s][info][gc,stats    ] Concurrent Update Refs             2634 us
[71.070s][info][gc,stats    ] Concurrent Update Thread Roots     2668 us
[71.070s][info][gc,stats    ] Pause Final Update Refs (G)         321 us
[71.070s][info][gc,stats    ] Pause Final Update Refs (N)         195 us
[71.070s][info][gc,stats    ]   Update Region States               78 us
[71.070s][info][gc,stats    ]   Trash Collection Set                2 us
[71.070s][info][gc,stats    ]   Rebuild Free Set                   18 us
[71.070s][info][gc,stats    ] Concurrent Cleanup                  123 us
[71.070s][info][gc,stats    ] 
[71.070s][info][gc,stats    ] Allocation pacing accrued:
[71.070s][info][gc,stats    ]       0 of  6940 ms (  0.0%): <total>
[71.070s][info][gc,stats    ]       0 of  6940 ms (  0.0%): <average total>
[71.070s][info][gc,stats    ] 
[71.070s][info][gc,metaspace] Metaspace: 14457K(14720K)->14445K(14720K) NonClass: 12896K(13056K)->12885K(13056K) Class: 1561K(1664K)->1559K(1664K)
[71.070s][info][gc,ergo     ] Pacer for Idle. Initial: 163M, Alloc Tax Rate: 1.0x
[71.182s][info][gc          ] Cancelling GC: Stopping VM
[71.198s][info][gc,heap,exit] Heap
[71.198s][info][gc,heap,exit] Shenandoah Heap
[71.198s][info][gc,heap,exit]  8192M max, 8192M soft max, 8192M committed, 32772K used
[71.198s][info][gc,heap,exit]  2048 x 4096K regions
[71.198s][info][gc,heap,exit] Status: cancelled
[71.198s][info][gc,heap,exit] Reserved region:
[71.198s][info][gc,heap,exit]  - [0x0000000600000000, 0x0000000800000000) 
[71.198s][info][gc,heap,exit] Collection set:
[71.198s][info][gc,heap,exit]  - map (vanilla): 0x0000000000011800
[71.198s][info][gc,heap,exit]  - map (biased):  0x0000000000010000
[71.198s][info][gc,heap,exit] 
[71.198s][info][gc,heap,exit]  Metaspace       used 14451K, committed 14720K, reserved 1114112K
[71.198s][info][gc,heap,exit]   class space    used 1559K, committed 1664K, reserved 1048576K
[71.198s][info][gc,stats    ] 
[71.198s][info][gc,stats    ] GC STATISTICS:
[71.198s][info][gc,stats    ]   "(G)" (gross) pauses include VM time: time to notify and block threads, do the pre-
[71.198s][info][gc,stats    ]         and post-safepoint housekeeping. Use -Xlog:safepoint+stats to dissect.
[71.198s][info][gc,stats    ]   "(N)" (net) pauses are the times spent in the actual GC code.
[71.198s][info][gc,stats    ]   "a" is average time for each phase, look at levels to see if average makes sense.
[71.198s][info][gc,stats    ]   "lvls" are quantiles: 0% (minimum), 25%, 50% (median), 75%, 100% (maximum).
[71.198s][info][gc,stats    ] 
[71.198s][info][gc,stats    ]   All times are wall-clock times, except per-root-class counters, that are sum over
[71.198s][info][gc,stats    ]   all workers. Dividing the <total> over the root stage time estimates parallelism.
[71.199s][info][gc,stats    ] 
[71.199s][info][gc,stats    ]   Pacing delays are measured from entering the pacing code till exiting it. Therefore,
[71.199s][info][gc,stats    ]   observed pacing delays may be higher than the threshold when paced thread spent more
[71.199s][info][gc,stats    ]   time in the pacing code. It usually happens when thread is de-scheduled while paced,
[71.199s][info][gc,stats    ]   OS takes longer to unblock the thread, or JVM experiences an STW pause.
[71.199s][info][gc,stats    ] 
[71.199s][info][gc,stats    ]   Higher delay would prevent application outpacing the GC, but it will hide the GC latencies
[71.199s][info][gc,stats    ]   from the STW pause times. Pacing affects the individual threads, and so it would also be
[71.199s][info][gc,stats    ]   invisible to the usual profiling tools, but would add up to end-to-end application latency.
[71.199s][info][gc,stats    ]   Raise max pacing delay with care.
[71.199s][info][gc,stats    ] 
[71.199s][info][gc,stats    ] Concurrent Reset               =    0.009 s (a =      430 us) (n =    20) (lvls, us =      174,      242,      396,      553,     1002)
[71.199s][info][gc,stats    ] Pause Init Mark (G)            =    0.008 s (a =      386 us) (n =    20) (lvls, us =      234,      297,      369,      428,      699)
[71.199s][info][gc,stats    ] Pause Init Mark (N)            =    0.005 s (a =      253 us) (n =    20) (lvls, us =      152,      172,      238,      297,      442)
[71.199s][info][gc,stats    ]   Update Region States         =    0.002 s (a =       85 us) (n =    20) (lvls, us =       52,       64,       72,      104,      142)
[71.199s][info][gc,stats    ] Concurrent Mark Roots          =    0.022 s (a =     1122 us) (n =    20) (lvls, us =      510,      861,     1094,     1309,     2293)
[71.199s][info][gc,stats    ]   CMR: <total>                 =    0.020 s (a =      986 us) (n =    20) (lvls, us =      371,      723,      977,     1172,     2130)
[71.199s][info][gc,stats    ]   CMR: Thread Roots            =    0.018 s (a =      911 us) (n =    20) (lvls, us =      229,      670,      871,     1055,     2081)
[71.199s][info][gc,stats    ]   CMR: VM Strong Roots         =    0.000 s (a =       14 us) (n =    20) (lvls, us =        4,        4,       11,       18,       39)
[71.199s][info][gc,stats    ]   CMR: CLDG Roots              =    0.001 s (a =       61 us) (n =    20) (lvls, us =       43,       46,       49,       64,      103)
[71.199s][info][gc,stats    ] Concurrent Marking             =    0.106 s (a =     5323 us) (n =    20) (lvls, us =     3789,     5039,     5332,     5684,     6251)
[71.199s][info][gc,stats    ] Pause Final Mark (G)           =    0.011 s (a =      556 us) (n =    20) (lvls, us =      334,      400,      525,      645,      886)
[71.199s][info][gc,stats    ] Pause Final Mark (N)           =    0.009 s (a =      451 us) (n =    20) (lvls, us =      244,      318,      414,      539,      729)
[71.199s][info][gc,stats    ]   Finish Mark                  =    0.003 s (a =      141 us) (n =    20) (lvls, us =       65,       94,      111,      160,      337)
[71.199s][info][gc,stats    ]   Update Region States         =    0.002 s (a =       99 us) (n =    20) (lvls, us =       28,       64,       84,      123,      305)
[71.199s][info][gc,stats    ]   Choose Collection Set        =    0.002 s (a =       80 us) (n =    20) (lvls, us =       41,       45,       78,      102,      175)
[71.199s][info][gc,stats    ]   Rebuild Free Set             =    0.000 s (a =       15 us) (n =    20) (lvls, us =        8,        8,       16,       21,       23)
[71.199s][info][gc,stats    ] Concurrent Thread Roots        =    0.022 s (a =     1093 us) (n =    20) (lvls, us =      350,      826,      969,     1309,     2055)
[71.199s][info][gc,stats    ]   CTR: <total>                 =    0.019 s (a =      949 us) (n =    20) (lvls, us =      195,      691,      855,     1172,     1919)
[71.199s][info][gc,stats    ]   CTR: Thread Roots            =    0.019 s (a =      949 us) (n =    20) (lvls, us =      195,      691,      855,     1172,     1919)
[71.199s][info][gc,stats    ] Concurrent Weak References     =    0.007 s (a =      326 us) (n =    20) (lvls, us =      137,      166,      283,      377,      634)
[71.199s][info][gc,stats    ]   CWRF: <total>                =    0.003 s (a =      149 us) (n =    20) (lvls, us =       26,       30,       94,      193,      408)
[71.199s][info][gc,stats    ]   CWRF: Weak References        =    0.003 s (a =      149 us) (n =    20) (lvls, us =       26,       30,       94,      193,      408)
[71.199s][info][gc,stats    ] Concurrent Weak Roots          =    0.026 s (a =     1290 us) (n =    20) (lvls, us =      465,      900,     1309,     1523,     2309)
[71.199s][info][gc,stats    ]   Roots                        =    0.020 s (a =     1022 us) (n =    20) (lvls, us =      363,      797,      982,     1152,     1898)
[71.199s][info][gc,stats    ]     CWR: <total>               =    0.019 s (a =      939 us) (n =    20) (lvls, us =      324,      713,      885,     1055,     1772)
[71.199s][info][gc,stats    ]     CWR: Code Cache Roots      =    0.014 s (a =      693 us) (n =    20) (lvls, us =      162,      563,      662,      709,     1235)
[71.199s][info][gc,stats    ]     CWR: VM Weak Roots         =    0.005 s (a =      241 us) (n =    20) (lvls, us =       99,      104,      191,      355,      525)
[71.199s][info][gc,stats    ]     CWR: CLDG Roots            =    0.000 s (a =        5 us) (n =    20) (lvls, us =        2,        4,        4,        6,       12)
[71.199s][info][gc,stats    ]   Rendezvous                   =    0.004 s (a =      214 us) (n =    20) (lvls, us =       62,       66,      104,      326,      876)
[71.199s][info][gc,stats    ] Concurrent Cleanup             =    0.001 s (a =       32 us) (n =    20) (lvls, us =       22,       22,       31,       35,       56)
[71.199s][info][gc,stats    ] Concurrent Class Unloading     =    0.098 s (a =     4894 us) (n =    20) (lvls, us =     1602,     3457,     4043,     6523,     6996)
[71.199s][info][gc,stats    ]   Unlink Stale                 =    0.087 s (a =     4373 us) (n =    20) (lvls, us =     1426,     2988,     3359,     5801,     6451)
[71.199s][info][gc,stats    ]     System Dictionary          =    0.001 s (a =       63 us) (n =    20) (lvls, us =        4,        5,       69,       81,      322)
[71.199s][info][gc,stats    ]     Weak Class Links           =    0.022 s (a =     1086 us) (n =    20) (lvls, us =        0,        0,      588,     2031,     2550)
[71.199s][info][gc,stats    ]     Code Roots                 =    0.064 s (a =     3223 us) (n =    20) (lvls, us =      768,     2949,     3223,     3594,     4207)
[71.199s][info][gc,stats    ]   Rendezvous                   =    0.004 s (a =      189 us) (n =    20) (lvls, us =       59,      121,      139,      225,      446)
[71.199s][info][gc,stats    ]   Purge Unlinked               =    0.005 s (a =      246 us) (n =    20) (lvls, us =       59,      195,      252,      285,      393)
[71.199s][info][gc,stats    ]     Code Roots                 =    0.004 s (a =      215 us) (n =    20) (lvls, us =       29,      160,      229,      270,      358)
[71.199s][info][gc,stats    ]     CLDG                       =    0.001 s (a =       31 us) (n =    20) (lvls, us =        3,       11,       30,       40,      103)
[71.199s][info][gc,stats    ]     Exception Caches           =    0.000 s (a =        0 us) (n =    20) (lvls, us =        0,        0,        0,        0,        1)
[71.199s][info][gc,stats    ] Concurrent Strong Roots        =    0.006 s (a =      295 us) (n =    20) (lvls, us =      174,      232,      260,      371,      509)
[71.199s][info][gc,stats    ]   CSR: <total>                 =    0.003 s (a =      133 us) (n =    20) (lvls, us =       34,       60,      121,      207,      352)
[71.199s][info][gc,stats    ]   CSR: VM Strong Roots         =    0.000 s (a =        6 us) (n =    20) (lvls, us =        2,        5,        5,        7,       15)
[71.199s][info][gc,stats    ]   CSR: CLDG Roots              =    0.003 s (a =      127 us) (n =    20) (lvls, us =       32,       55,      115,      199,      344)
[71.199s][info][gc,stats    ] Concurrent Evacuation          =    0.024 s (a =     1186 us) (n =    20) (lvls, us =      113,      188,     1719,     1777,     3156)
[71.199s][info][gc,stats    ] Pause Init Update Refs (G)     =    0.004 s (a =      209 us) (n =    20) (lvls, us =      127,      164,      199,      236,      314)
[71.199s][info][gc,stats    ] Pause Init Update Refs (N)     =    0.002 s (a =       93 us) (n =    20) (lvls, us =       52,       65,       86,      113,      131)
[71.199s][info][gc,stats    ]   Manage GCLABs                =    0.000 s (a =        4 us) (n =    20) (lvls, us =        2,        3,        3,        4,        5)
[71.199s][info][gc,stats    ] Concurrent Update Refs         =    0.053 s (a =     2666 us) (n =    20) (lvls, us =     1621,     2344,     2578,     2930,     3818)
[71.199s][info][gc,stats    ] Concurrent Update Thread Roots =    0.028 s (a =     1391 us) (n =    20) (lvls, us =      535,      961,     1309,     1523,     2668)
[71.199s][info][gc,stats    ] Pause Final Update Refs (G)    =    0.008 s (a =      409 us) (n =    20) (lvls, us =      195,      270,      346,      541,      761)
[71.199s][info][gc,stats    ] Pause Final Update Refs (N)    =    0.006 s (a =      311 us) (n =    20) (lvls, us =      145,      188,      234,      463,      673)
[71.199s][info][gc,stats    ]   Update Region States         =    0.003 s (a =      174 us) (n =    20) (lvls, us =       52,       77,       92,      295,      404)
[71.199s][info][gc,stats    ]   Trash Collection Set         =    0.000 s (a =        4 us) (n =    20) (lvls, us =        2,        2,        3,        5,        7)
[71.199s][info][gc,stats    ]   Rebuild Free Set             =    0.000 s (a =       19 us) (n =    20) (lvls, us =        8,       15,       16,       26,       28)
[71.199s][info][gc,stats    ] Concurrent Cleanup             =    0.002 s (a =       76 us) (n =    20) (lvls, us =       38,       46,       77,       81,      123)
[71.199s][info][gc,stats    ] 
[71.199s][info][gc,stats    ] 
[71.199s][info][gc,stats    ] Under allocation pressure, concurrent cycles may cancel, and either continue cycle
[71.199s][info][gc,stats    ] under stop-the-world pause or result in stop-the-world Full GC. Increase heap size,
[71.199s][info][gc,stats    ] tune GC heuristics, set more aggressive pacing delay, or lower allocation rate
[71.199s][info][gc,stats    ] to avoid Degenerated and Full GC cycles.
[71.199s][info][gc,stats    ] 
[71.199s][info][gc,stats    ]    20 successful concurrent GCs
[71.199s][info][gc,stats    ]      20 invoked explicitly
[71.199s][info][gc,stats    ]       0 invoked implicitly
[71.199s][info][gc,stats    ] 
[71.199s][info][gc,stats    ]     0 Degenerated GCs
[71.199s][info][gc,stats    ]       0 caused by allocation failure
[71.199s][info][gc,stats    ]       0 upgraded to Full GC
[71.199s][info][gc,stats    ] 
[71.199s][info][gc,stats    ]     0 Full GCs
[71.199s][info][gc,stats    ]       0 invoked explicitly
[71.199s][info][gc,stats    ]       0 invoked implicitly
[71.199s][info][gc,stats    ]       0 caused by allocation failure
[71.199s][info][gc,stats    ]       0 upgraded from Degenerated GC
[71.199s][info][gc,stats    ] 
[71.199s][info][gc,stats    ] 
