[0.007s][info][gc,init] Initializing The Z Garbage Collector
[0.007s][info][gc,init] Version: 21.0.4+7-adhoc.Administrator.jdk21u (release)
[0.007s][info][gc,init] Using legacy single-generation mode
[0.007s][info][gc,init] NUMA Support: Disabled
[0.007s][info][gc,init] CPUs: 6 total, 6 available
[0.007s][info][gc,init] Memory: 15591M
[0.007s][info][gc,init] Large Page Support: Disabled
[0.007s][info][gc,init] GC Workers: 2 (dynamic)
[0.008s][info][gc,init] Address Space Type: Contiguous/Unrestricted/Complete
[0.008s][info][gc,init] Address Space Size: 16384M x 3 = 49152M
[0.008s][info][gc,init] Min Capacity: 1024M
[0.010s][info][gc,init] Initial Capacity: 1024M
[0.010s][info][gc,init] Max Capacity: 1024M
[0.010s][info][gc,init] Medium Page Size: 32M
[0.010s][info][gc,init] Pre-touch: Disabled
[0.010s][info][gc,init] Uncommit: Implicitly Disabled (-Xms equals -Xmx)
[0.045s][info][gc,init] Runtime Workers: 4
[0.046s][info][gc     ] Using The Z Garbage Collector
[0.055s][info][gc,metaspace] CDS archive(s) mapped at: [0x0000020bb4000000-0x0000020bb4c90000-0x0000020bb4c90000), size 13172736, SharedBaseAddress: 0x0000020bb4000000, ArchiveRelocationMode: 1.
[0.055s][info][gc,metaspace] Compressed class space mapped at: 0x0000020bb5000000-0x0000020bf5000000, reserved size: 1073741824
[0.055s][info][gc,metaspace] Narrow klass base: 0x0000020bb4000000, Narrow klass shift: 0, Narrow klass range: 0x100000000
[0.979s][info][gc,start    ] GC(0) Garbage Collection (System.gc())
[0.979s][info][gc,task     ] GC(0) Using 2 workers
[0.979s][info][gc,phases   ] GC(0) Pause Mark Start 0.015ms
[1.022s][info][gc,phases   ] GC(0) Concurrent Mark 42.916ms
[1.023s][info][gc,phases   ] GC(0) Pause Mark End 0.042ms
[1.023s][info][gc,phases   ] GC(0) Concurrent Mark Free 0.003ms
[1.025s][info][gc,phases   ] GC(0) Concurrent Process Non-Strong References 2.039ms
[1.025s][info][gc,phases   ] GC(0) Concurrent Reset Relocation Set 0.000ms
[1.030s][info][gc,phases   ] GC(0) Concurrent Select Relocation Set 5.476ms
[1.031s][info][gc,phases   ] GC(0) Pause Relocate Start 0.012ms
[1.034s][info][gc,phases   ] GC(0) Concurrent Relocate 3.134ms
[1.034s][info][gc,load     ] GC(0) Load: 0.00/0.00/0.00
[1.034s][info][gc,mmu      ] GC(0) MMU: 2ms/97.9%, 5ms/99.2%, 10ms/99.5%, 20ms/99.7%, 50ms/99.9%, 100ms/99.9%
[1.034s][info][gc,marking  ] GC(0) Mark: 2 stripe(s), 1 proactive flush(es), 1 terminate flush(es), 0 completion(s), 0 continuation(s) 
[1.034s][info][gc,marking  ] GC(0) Mark Stack Usage: 32M
[1.034s][info][gc,nmethod  ] GC(0) NMethods: 1112 registered, 122 unregistered
[1.034s][info][gc,metaspace] GC(0) Metaspace: 11M used, 11M committed, 1088M reserved
[1.034s][info][gc,ref      ] GC(0) Soft: 187 encountered, 0 discovered, 0 enqueued
[1.034s][info][gc,ref      ] GC(0) Weak: 928 encountered, 684 discovered, 285 enqueued
[1.034s][info][gc,ref      ] GC(0) Final: 0 encountered, 0 discovered, 0 enqueued
[1.034s][info][gc,ref      ] GC(0) Phantom: 233 encountered, 231 discovered, 200 enqueued
[1.034s][info][gc,reloc    ] GC(0) Small Pages: 38 / 76M, Empty: 0M, Relocated: 5M, In-Place: 0
[1.034s][info][gc,reloc    ] GC(0) Medium Pages: 0 / 0M, Empty: 0M, Relocated: 0M, In-Place: 0
[1.034s][info][gc,reloc    ] GC(0) Large Pages: 0 / 0M, Empty: 0M, Relocated: 0M, In-Place: 0
[1.034s][info][gc,reloc    ] GC(0) Forwarding Usage: 1M
[1.034s][info][gc,heap     ] GC(0) Min Capacity: 1024M(100%)
[1.034s][info][gc,heap     ] GC(0) Max Capacity: 1024M(100%)
[1.034s][info][gc,heap     ] GC(0) Soft Max Capacity: 1024M(100%)
[1.034s][info][gc,heap     ] GC(0)                Mark Start          Mark End        Relocate Start      Relocate End           High               Low         
[1.034s][info][gc,heap     ] GC(0)  Capacity:     1024M (100%)       1024M (100%)       1024M (100%)       1024M (100%)       1024M (100%)       1024M (100%)   
[1.034s][info][gc,heap     ] GC(0)      Free:      948M (93%)         948M (93%)         944M (92%)         976M (95%)         976M (95%)         940M (92%)    
[1.034s][info][gc,heap     ] GC(0)      Used:       76M (7%)           76M (7%)           80M (8%)           48M (5%)           84M (8%)           48M (5%)     
[1.034s][info][gc,heap     ] GC(0)      Live:         -                32M (3%)           32M (3%)           32M (3%)             -                  -          
[1.034s][info][gc,heap     ] GC(0) Allocated:         -                 0M (0%)            4M (0%)            4M (0%)             -                  -          
[1.034s][info][gc,heap     ] GC(0)   Garbage:         -                43M (4%)           43M (4%)           11M (1%)             -                  -          
[1.034s][info][gc,heap     ] GC(0) Reclaimed:         -                  -                 0M (0%)           32M (3%)             -                  -          
[1.034s][info][gc          ] GC(0) Garbage Collection (System.gc()) 76M(7%)->48M(5%)
[1.329s][info][gc,start    ] GC(1) Garbage Collection (System.gc())
[1.329s][info][gc,task     ] GC(1) Using 2 workers
[1.329s][info][gc,phases   ] GC(1) Pause Mark Start 0.009ms
[1.382s][info][gc,phases   ] GC(1) Concurrent Mark 53.252ms
[1.383s][info][gc,phases   ] GC(1) Pause Mark End 0.034ms
[1.383s][info][gc,phases   ] GC(1) Concurrent Mark Free 0.003ms
[1.385s][info][gc,phases   ] GC(1) Concurrent Process Non-Strong References 1.979ms
[1.385s][info][gc,phases   ] GC(1) Concurrent Reset Relocation Set 0.002ms
[1.387s][info][gc,phases   ] GC(1) Concurrent Select Relocation Set 1.795ms
[1.387s][info][gc,phases   ] GC(1) Pause Relocate Start 0.006ms
[1.387s][info][gc,phases   ] GC(1) Concurrent Relocate 0.462ms
[1.387s][info][gc,load     ] GC(1) Load: 0.00/0.00/0.00
[1.387s][info][gc,mmu      ] GC(1) MMU: 2ms/97.9%, 5ms/99.2%, 10ms/99.5%, 20ms/99.7%, 50ms/99.9%, 100ms/99.9%
[1.387s][info][gc,marking  ] GC(1) Mark: 2 stripe(s), 1 proactive flush(es), 1 terminate flush(es), 0 completion(s), 0 continuation(s) 
[1.387s][info][gc,marking  ] GC(1) Mark Stack Usage: 32M
[1.387s][info][gc,nmethod  ] GC(1) NMethods: 1239 registered, 171 unregistered
[1.387s][info][gc,metaspace] GC(1) Metaspace: 11M used, 12M committed, 1088M reserved
[1.387s][info][gc,ref      ] GC(1) Soft: 227 encountered, 0 discovered, 0 enqueued
[1.387s][info][gc,ref      ] GC(1) Weak: 798 encountered, 629 discovered, 34 enqueued
[1.387s][info][gc,ref      ] GC(1) Final: 0 encountered, 0 discovered, 0 enqueued
[1.387s][info][gc,ref      ] GC(1) Phantom: 47 encountered, 38 discovered, 14 enqueued
[1.387s][info][gc,reloc    ] GC(1) Small Pages: 48 / 96M, Empty: 36M, Relocated: 1M, In-Place: 0
[1.387s][info][gc,reloc    ] GC(1) Medium Pages: 0 / 0M, Empty: 0M, Relocated: 0M, In-Place: 0
[1.387s][info][gc,reloc    ] GC(1) Large Pages: 0 / 0M, Empty: 0M, Relocated: 0M, In-Place: 0
[1.387s][info][gc,reloc    ] GC(1) Forwarding Usage: 0M
[1.387s][info][gc,heap     ] GC(1) Min Capacity: 1024M(100%)
[1.387s][info][gc,heap     ] GC(1) Max Capacity: 1024M(100%)
[1.387s][info][gc,heap     ] GC(1) Soft Max Capacity: 1024M(100%)
[1.387s][info][gc,heap     ] GC(1)                Mark Start          Mark End        Relocate Start      Relocate End           High               Low         
[1.387s][info][gc,heap     ] GC(1)  Capacity:     1024M (100%)       1024M (100%)       1024M (100%)       1024M (100%)       1024M (100%)       1024M (100%)   
[1.387s][info][gc,heap     ] GC(1)      Free:      928M (91%)         928M (91%)         962M (94%)         978M (96%)         978M (96%)         926M (90%)    
[1.387s][info][gc,heap     ] GC(1)      Used:       96M (9%)           96M (9%)           62M (6%)           46M (4%)           98M (10%)          46M (4%)     
[1.387s][info][gc,heap     ] GC(1)      Live:         -                32M (3%)           32M (3%)           32M (3%)             -                  -          
[1.387s][info][gc,heap     ] GC(1) Allocated:         -                 0M (0%)            2M (0%)            2M (0%)             -                  -          
[1.387s][info][gc,heap     ] GC(1)   Garbage:         -                63M (6%)           27M (3%)           11M (1%)             -                  -          
[1.387s][info][gc,heap     ] GC(1) Reclaimed:         -                  -                36M (4%)           52M (5%)             -                  -          
[1.387s][info][gc          ] GC(1) Garbage Collection (System.gc()) 96M(9%)->46M(4%)
[1.554s][info][gc,start    ] GC(2) Garbage Collection (System.gc())
[1.554s][info][gc,task     ] GC(2) Using 2 workers
[1.554s][info][gc,phases   ] GC(2) Pause Mark Start 0.007ms
[1.586s][info][gc,phases   ] GC(2) Concurrent Mark 32.297ms
[1.586s][info][gc,phases   ] GC(2) Pause Mark End 0.025ms
[1.587s][info][gc,phases   ] GC(2) Concurrent Mark Free 0.001ms
[1.588s][info][gc,phases   ] GC(2) Concurrent Process Non-Strong References 1.253ms
[1.588s][info][gc,phases   ] GC(2) Concurrent Reset Relocation Set 0.001ms
[1.589s][info][gc,phases   ] GC(2) Concurrent Select Relocation Set 1.153ms
[1.589s][info][gc,phases   ] GC(2) Pause Relocate Start 0.007ms
[1.590s][info][gc,phases   ] GC(2) Concurrent Relocate 0.456ms
[1.590s][info][gc,load     ] GC(2) Load: 0.00/0.00/0.00
[1.590s][info][gc,mmu      ] GC(2) MMU: 2ms/97.9%, 5ms/99.2%, 10ms/99.5%, 20ms/99.7%, 50ms/99.9%, 100ms/99.9%
[1.590s][info][gc,marking  ] GC(2) Mark: 2 stripe(s), 1 proactive flush(es), 1 terminate flush(es), 0 completion(s), 0 continuation(s) 
[1.590s][info][gc,marking  ] GC(2) Mark Stack Usage: 32M
[1.590s][info][gc,nmethod  ] GC(2) NMethods: 1256 registered, 173 unregistered
[1.590s][info][gc,metaspace] GC(2) Metaspace: 11M used, 12M committed, 1088M reserved
[1.590s][info][gc,ref      ] GC(2) Soft: 227 encountered, 0 discovered, 0 enqueued
[1.590s][info][gc,ref      ] GC(2) Weak: 764 encountered, 491 discovered, 0 enqueued
[1.590s][info][gc,ref      ] GC(2) Final: 0 encountered, 0 discovered, 0 enqueued
[1.590s][info][gc,ref      ] GC(2) Phantom: 33 encountered, 19 discovered, 0 enqueued
[1.590s][info][gc,reloc    ] GC(2) Small Pages: 48 / 96M, Empty: 44M, Relocated: 1M, In-Place: 0
[1.590s][info][gc,reloc    ] GC(2) Medium Pages: 0 / 0M, Empty: 0M, Relocated: 0M, In-Place: 0
[1.590s][info][gc,reloc    ] GC(2) Large Pages: 0 / 0M, Empty: 0M, Relocated: 0M, In-Place: 0
[1.590s][info][gc,reloc    ] GC(2) Forwarding Usage: 0M
[1.590s][info][gc,heap     ] GC(2) Min Capacity: 1024M(100%)
[1.590s][info][gc,heap     ] GC(2) Max Capacity: 1024M(100%)
[1.590s][info][gc,heap     ] GC(2) Soft Max Capacity: 1024M(100%)
[1.590s][info][gc,heap     ] GC(2)                Mark Start          Mark End        Relocate Start      Relocate End           High               Low         
[1.590s][info][gc,heap     ] GC(2)  Capacity:     1024M (100%)       1024M (100%)       1024M (100%)       1024M (100%)       1024M (100%)       1024M (100%)   
[1.590s][info][gc,heap     ] GC(2)      Free:      928M (91%)         928M (91%)         972M (95%)         980M (96%)         980M (96%)         928M (91%)    
[1.590s][info][gc,heap     ] GC(2)      Used:       96M (9%)           96M (9%)           52M (5%)           44M (4%)           96M (9%)           44M (4%)     
[1.590s][info][gc,heap     ] GC(2)      Live:         -                32M (3%)           32M (3%)           32M (3%)             -                  -          
[1.590s][info][gc,heap     ] GC(2) Allocated:         -                 0M (0%)            0M (0%)            0M (0%)             -                  -          
[1.590s][info][gc,heap     ] GC(2)   Garbage:         -                63M (6%)           19M (2%)           11M (1%)             -                  -          
[1.590s][info][gc,heap     ] GC(2) Reclaimed:         -                  -                44M (4%)           52M (5%)             -                  -          
[1.590s][info][gc          ] GC(2) Garbage Collection (System.gc()) 96M(9%)->44M(4%)
[1.754s][info][gc,start    ] GC(3) Garbage Collection (System.gc())
[1.754s][info][gc,task     ] GC(3) Using 2 workers
[1.754s][info][gc,phases   ] GC(3) Pause Mark Start 0.007ms
[1.791s][info][gc,phases   ] GC(3) Concurrent Mark 36.280ms
[1.791s][info][gc,phases   ] GC(3) Pause Mark End 0.025ms
[1.791s][info][gc,phases   ] GC(3) Concurrent Mark Free 0.002ms
[1.793s][info][gc,phases   ] GC(3) Concurrent Process Non-Strong References 1.500ms
[1.793s][info][gc,phases   ] GC(3) Concurrent Reset Relocation Set 0.001ms
[1.794s][info][gc,phases   ] GC(3) Concurrent Select Relocation Set 1.486ms
[1.794s][info][gc,phases   ] GC(3) Pause Relocate Start 0.007ms
[1.795s][info][gc,phases   ] GC(3) Concurrent Relocate 0.715ms
[1.795s][info][gc,load     ] GC(3) Load: 0.00/0.00/0.00
[1.795s][info][gc,mmu      ] GC(3) MMU: 2ms/97.9%, 5ms/99.2%, 10ms/99.5%, 20ms/99.7%, 50ms/99.9%, 100ms/99.9%
[1.795s][info][gc,marking  ] GC(3) Mark: 2 stripe(s), 1 proactive flush(es), 1 terminate flush(es), 0 completion(s), 0 continuation(s) 
[1.795s][info][gc,marking  ] GC(3) Mark Stack Usage: 32M
[1.795s][info][gc,nmethod  ] GC(3) NMethods: 1273 registered, 2 unregistered
[1.795s][info][gc,metaspace] GC(3) Metaspace: 11M used, 12M committed, 1088M reserved
[1.795s][info][gc,ref      ] GC(3) Soft: 227 encountered, 0 discovered, 0 enqueued
[1.795s][info][gc,ref      ] GC(3) Weak: 764 encountered, 552 discovered, 0 enqueued
[1.795s][info][gc,ref      ] GC(3) Final: 0 encountered, 0 discovered, 0 enqueued
[1.795s][info][gc,ref      ] GC(3) Phantom: 33 encountered, 13 discovered, 0 enqueued
[1.795s][info][gc,reloc    ] GC(3) Small Pages: 46 / 92M, Empty: 46M, Relocated: 1M, In-Place: 0
[1.795s][info][gc,reloc    ] GC(3) Medium Pages: 0 / 0M, Empty: 0M, Relocated: 0M, In-Place: 0
[1.795s][info][gc,reloc    ] GC(3) Large Pages: 0 / 0M, Empty: 0M, Relocated: 0M, In-Place: 0
[1.795s][info][gc,reloc    ] GC(3) Forwarding Usage: 0M
[1.795s][info][gc,heap     ] GC(3) Min Capacity: 1024M(100%)
[1.795s][info][gc,heap     ] GC(3) Max Capacity: 1024M(100%)
[1.795s][info][gc,heap     ] GC(3) Soft Max Capacity: 1024M(100%)
[1.795s][info][gc,heap     ] GC(3)                Mark Start          Mark End        Relocate Start      Relocate End           High               Low         
[1.795s][info][gc,heap     ] GC(3)  Capacity:     1024M (100%)       1024M (100%)       1024M (100%)       1024M (100%)       1024M (100%)       1024M (100%)   
[1.795s][info][gc,heap     ] GC(3)      Free:      932M (91%)         932M (91%)         978M (96%)         980M (96%)         980M (96%)         932M (91%)    
[1.795s][info][gc,heap     ] GC(3)      Used:       92M (9%)           92M (9%)           46M (4%)           44M (4%)           92M (9%)           44M (4%)     
[1.795s][info][gc,heap     ] GC(3)      Live:         -                32M (3%)           32M (3%)           32M (3%)             -                  -          
[1.795s][info][gc,heap     ] GC(3) Allocated:         -                 0M (0%)            0M (0%)            0M (0%)             -                  -          
[1.795s][info][gc,heap     ] GC(3)   Garbage:         -                59M (6%)           13M (1%)           11M (1%)             -                  -          
[1.795s][info][gc,heap     ] GC(3) Reclaimed:         -                  -                46M (4%)           48M (5%)             -                  -          
[1.795s][info][gc          ] GC(3) Garbage Collection (System.gc()) 92M(9%)->44M(4%)
[1.955s][info][gc,start    ] GC(4) Garbage Collection (System.gc())
[1.955s][info][gc,task     ] GC(4) Using 2 workers
[1.955s][info][gc,phases   ] GC(4) Pause Mark Start 0.009ms
[1.979s][info][gc,phases   ] GC(4) Concurrent Mark 23.021ms
[1.979s][info][gc,phases   ] GC(4) Pause Mark End 0.025ms
[1.979s][info][gc,phases   ] GC(4) Concurrent Mark Free 0.003ms
[1.980s][info][gc,phases   ] GC(4) Concurrent Process Non-Strong References 1.392ms
[1.980s][info][gc,phases   ] GC(4) Concurrent Reset Relocation Set 0.001ms
[1.982s][info][gc,phases   ] GC(4) Concurrent Select Relocation Set 1.599ms
[1.982s][info][gc,phases   ] GC(4) Pause Relocate Start 0.008ms
[1.983s][info][gc,phases   ] GC(4) Concurrent Relocate 1.004ms
[1.983s][info][gc,load     ] GC(4) Load: 0.00/0.00/0.00
[1.983s][info][gc,mmu      ] GC(4) MMU: 2ms/97.9%, 5ms/99.2%, 10ms/99.5%, 20ms/99.7%, 50ms/99.9%, 100ms/99.9%
[1.983s][info][gc,marking  ] GC(4) Mark: 2 stripe(s), 2 proactive flush(es), 1 terminate flush(es), 0 completion(s), 0 continuation(s) 
[1.983s][info][gc,marking  ] GC(4) Mark Stack Usage: 32M
[1.983s][info][gc,nmethod  ] GC(4) NMethods: 1293 registered, 5 unregistered
[1.983s][info][gc,metaspace] GC(4) Metaspace: 11M used, 12M committed, 1088M reserved
[1.983s][info][gc,ref      ] GC(4) Soft: 227 encountered, 0 discovered, 0 enqueued
[1.983s][info][gc,ref      ] GC(4) Weak: 764 encountered, 8 discovered, 0 enqueued
[1.983s][info][gc,ref      ] GC(4) Final: 0 encountered, 0 discovered, 0 enqueued
[1.983s][info][gc,ref      ] GC(4) Phantom: 33 encountered, 17 discovered, 0 enqueued
[1.983s][info][gc,reloc    ] GC(4) Small Pages: 46 / 92M, Empty: 46M, Relocated: 1M, In-Place: 0
[1.983s][info][gc,reloc    ] GC(4) Medium Pages: 0 / 0M, Empty: 0M, Relocated: 0M, In-Place: 0
[1.983s][info][gc,reloc    ] GC(4) Large Pages: 0 / 0M, Empty: 0M, Relocated: 0M, In-Place: 0
[1.983s][info][gc,reloc    ] GC(4) Forwarding Usage: 0M
[1.983s][info][gc,heap     ] GC(4) Min Capacity: 1024M(100%)
[1.983s][info][gc,heap     ] GC(4) Max Capacity: 1024M(100%)
[1.983s][info][gc,heap     ] GC(4) Soft Max Capacity: 1024M(100%)
[1.983s][info][gc,heap     ] GC(4)                Mark Start          Mark End        Relocate Start      Relocate End           High               Low         
[1.983s][info][gc,heap     ] GC(4)  Capacity:     1024M (100%)       1024M (100%)       1024M (100%)       1024M (100%)       1024M (100%)       1024M (100%)   
[1.983s][info][gc,heap     ] GC(4)      Free:      932M (91%)         932M (91%)         978M (96%)         980M (96%)         980M (96%)         932M (91%)    
[1.983s][info][gc,heap     ] GC(4)      Used:       92M (9%)           92M (9%)           46M (4%)           44M (4%)           92M (9%)           44M (4%)     
[1.983s][info][gc,heap     ] GC(4)      Live:         -                32M (3%)           32M (3%)           32M (3%)             -                  -          
[1.983s][info][gc,heap     ] GC(4) Allocated:         -                 0M (0%)            0M (0%)            0M (0%)             -                  -          
[1.983s][info][gc,heap     ] GC(4)   Garbage:         -                59M (6%)           13M (1%)           11M (1%)             -                  -          
[1.983s][info][gc,heap     ] GC(4) Reclaimed:         -                  -                46M (4%)           48M (5%)             -                  -          
[1.984s][info][gc          ] GC(4) Garbage Collection (System.gc()) 92M(9%)->44M(4%)
[2.144s][info][gc,start    ] GC(5) Garbage Collection (System.gc())
[2.145s][info][gc,task     ] GC(5) Using 2 workers
[2.145s][info][gc,phases   ] GC(5) Pause Mark Start 0.005ms
[2.168s][info][gc,phases   ] GC(5) Concurrent Mark 23.217ms
[2.168s][info][gc,phases   ] GC(5) Pause Mark End 0.025ms
[2.168s][info][gc,phases   ] GC(5) Concurrent Mark Free 0.003ms
[2.170s][info][gc,phases   ] GC(5) Concurrent Process Non-Strong References 1.536ms
[2.170s][info][gc,phases   ] GC(5) Concurrent Reset Relocation Set 0.001ms
[2.171s][info][gc,phases   ] GC(5) Concurrent Select Relocation Set 1.149ms
[2.171s][info][gc,phases   ] GC(5) Pause Relocate Start 0.007ms
[2.172s][info][gc,phases   ] GC(5) Concurrent Relocate 0.441ms
[2.172s][info][gc,load     ] GC(5) Load: 0.00/0.00/0.00
[2.172s][info][gc,mmu      ] GC(5) MMU: 2ms/97.9%, 5ms/99.2%, 10ms/99.5%, 20ms/99.7%, 50ms/99.9%, 100ms/99.9%
[2.172s][info][gc,marking  ] GC(5) Mark: 2 stripe(s), 1 proactive flush(es), 1 terminate flush(es), 0 completion(s), 0 continuation(s) 
[2.172s][info][gc,marking  ] GC(5) Mark Stack Usage: 32M
[2.172s][info][gc,nmethod  ] GC(5) NMethods: 1301 registered, 7 unregistered
[2.172s][info][gc,metaspace] GC(5) Metaspace: 11M used, 12M committed, 1088M reserved
[2.172s][info][gc,ref      ] GC(5) Soft: 227 encountered, 0 discovered, 0 enqueued
[2.172s][info][gc,ref      ] GC(5) Weak: 764 encountered, 532 discovered, 0 enqueued
[2.172s][info][gc,ref      ] GC(5) Final: 0 encountered, 0 discovered, 0 enqueued
[2.172s][info][gc,ref      ] GC(5) Phantom: 33 encountered, 12 discovered, 0 enqueued
[2.172s][info][gc,reloc    ] GC(5) Small Pages: 46 / 92M, Empty: 46M, Relocated: 1M, In-Place: 0
[2.172s][info][gc,reloc    ] GC(5) Medium Pages: 0 / 0M, Empty: 0M, Relocated: 0M, In-Place: 0
[2.172s][info][gc,reloc    ] GC(5) Large Pages: 0 / 0M, Empty: 0M, Relocated: 0M, In-Place: 0
[2.172s][info][gc,reloc    ] GC(5) Forwarding Usage: 0M
[2.172s][info][gc,heap     ] GC(5) Min Capacity: 1024M(100%)
[2.172s][info][gc,heap     ] GC(5) Max Capacity: 1024M(100%)
[2.172s][info][gc,heap     ] GC(5) Soft Max Capacity: 1024M(100%)
[2.172s][info][gc,heap     ] GC(5)                Mark Start          Mark End        Relocate Start      Relocate End           High               Low         
[2.172s][info][gc,heap     ] GC(5)  Capacity:     1024M (100%)       1024M (100%)       1024M (100%)       1024M (100%)       1024M (100%)       1024M (100%)   
[2.172s][info][gc,heap     ] GC(5)      Free:      932M (91%)         932M (91%)         978M (96%)         980M (96%)         980M (96%)         932M (91%)    
[2.172s][info][gc,heap     ] GC(5)      Used:       92M (9%)           92M (9%)           46M (4%)           44M (4%)           92M (9%)           44M (4%)     
[2.172s][info][gc,heap     ] GC(5)      Live:         -                32M (3%)           32M (3%)           32M (3%)             -                  -          
[2.172s][info][gc,heap     ] GC(5) Allocated:         -                 0M (0%)            0M (0%)            0M (0%)             -                  -          
[2.172s][info][gc,heap     ] GC(5)   Garbage:         -                59M (6%)           13M (1%)           11M (1%)             -                  -          
[2.172s][info][gc,heap     ] GC(5) Reclaimed:         -                  -                46M (4%)           48M (5%)             -                  -          
[2.172s][info][gc          ] GC(5) Garbage Collection (System.gc()) 92M(9%)->44M(4%)
[2.331s][info][gc,start    ] GC(6) Garbage Collection (System.gc())
[2.331s][info][gc,task     ] GC(6) Using 2 workers
[2.331s][info][gc,phases   ] GC(6) Pause Mark Start 0.009ms
[2.356s][info][gc,phases   ] GC(6) Concurrent Mark 24.765ms
[2.356s][info][gc,phases   ] GC(6) Pause Mark End 0.026ms
[2.357s][info][gc,phases   ] GC(6) Concurrent Mark Free 0.003ms
[2.358s][info][gc,phases   ] GC(6) Concurrent Process Non-Strong References 1.662ms
[2.358s][info][gc,phases   ] GC(6) Concurrent Reset Relocation Set 0.001ms
[2.360s][info][gc,phases   ] GC(6) Concurrent Select Relocation Set 1.147ms
[2.360s][info][gc,phases   ] GC(6) Pause Relocate Start 0.008ms
[2.360s][info][gc,phases   ] GC(6) Concurrent Relocate 0.607ms
[2.360s][info][gc,load     ] GC(6) Load: 0.00/0.00/0.00
[2.360s][info][gc,mmu      ] GC(6) MMU: 2ms/97.9%, 5ms/99.2%, 10ms/99.5%, 20ms/99.7%, 50ms/99.9%, 100ms/99.9%
[2.360s][info][gc,marking  ] GC(6) Mark: 2 stripe(s), 2 proactive flush(es), 1 terminate flush(es), 0 completion(s), 0 continuation(s) 
[2.360s][info][gc,marking  ] GC(6) Mark Stack Usage: 32M
[2.360s][info][gc,nmethod  ] GC(6) NMethods: 1320 registered, 8 unregistered
[2.360s][info][gc,metaspace] GC(6) Metaspace: 11M used, 12M committed, 1088M reserved
[2.360s][info][gc,ref      ] GC(6) Soft: 227 encountered, 0 discovered, 0 enqueued
[2.360s][info][gc,ref      ] GC(6) Weak: 764 encountered, 37 discovered, 0 enqueued
[2.360s][info][gc,ref      ] GC(6) Final: 0 encountered, 0 discovered, 0 enqueued
[2.360s][info][gc,ref      ] GC(6) Phantom: 33 encountered, 15 discovered, 0 enqueued
[2.360s][info][gc,reloc    ] GC(6) Small Pages: 47 / 94M, Empty: 46M, Relocated: 1M, In-Place: 0
[2.360s][info][gc,reloc    ] GC(6) Medium Pages: 0 / 0M, Empty: 0M, Relocated: 0M, In-Place: 0
[2.360s][info][gc,reloc    ] GC(6) Large Pages: 0 / 0M, Empty: 0M, Relocated: 0M, In-Place: 0
[2.360s][info][gc,reloc    ] GC(6) Forwarding Usage: 0M
[2.360s][info][gc,heap     ] GC(6) Min Capacity: 1024M(100%)
[2.360s][info][gc,heap     ] GC(6) Max Capacity: 1024M(100%)
[2.360s][info][gc,heap     ] GC(6) Soft Max Capacity: 1024M(100%)
[2.360s][info][gc,heap     ] GC(6)                Mark Start          Mark End        Relocate Start      Relocate End           High               Low         
[2.360s][info][gc,heap     ] GC(6)  Capacity:     1024M (100%)       1024M (100%)       1024M (100%)       1024M (100%)       1024M (100%)       1024M (100%)   
[2.360s][info][gc,heap     ] GC(6)      Free:      930M (91%)         930M (91%)         976M (95%)         980M (96%)         980M (96%)         930M (91%)    
[2.360s][info][gc,heap     ] GC(6)      Used:       94M (9%)           94M (9%)           48M (5%)           44M (4%)           94M (9%)           44M (4%)     
[2.360s][info][gc,heap     ] GC(6)      Live:         -                32M (3%)           32M (3%)           32M (3%)             -                  -          
[2.360s][info][gc,heap     ] GC(6) Allocated:         -                 0M (0%)            0M (0%)            0M (0%)             -                  -          
[2.360s][info][gc,heap     ] GC(6)   Garbage:         -                61M (6%)           15M (1%)           11M (1%)             -                  -          
[2.360s][info][gc,heap     ] GC(6) Reclaimed:         -                  -                46M (4%)           50M (5%)             -                  -          
[2.360s][info][gc          ] GC(6) Garbage Collection (System.gc()) 94M(9%)->44M(4%)
[2.521s][info][gc,start    ] GC(7) Garbage Collection (System.gc())
[2.521s][info][gc,task     ] GC(7) Using 2 workers
[2.521s][info][gc,phases   ] GC(7) Pause Mark Start 0.009ms
[2.545s][info][gc,phases   ] GC(7) Concurrent Mark 23.551ms
[2.545s][info][gc,phases   ] GC(7) Pause Mark End 0.021ms
[2.545s][info][gc,phases   ] GC(7) Concurrent Mark Free 0.003ms
[2.547s][info][gc,phases   ] GC(7) Concurrent Process Non-Strong References 1.824ms
[2.547s][info][gc,phases   ] GC(7) Concurrent Reset Relocation Set 0.001ms
[2.549s][info][gc,phases   ] GC(7) Concurrent Select Relocation Set 1.658ms
[2.549s][info][gc,phases   ] GC(7) Pause Relocate Start 0.007ms
[2.550s][info][gc,phases   ] GC(7) Concurrent Relocate 0.865ms
[2.550s][info][gc,load     ] GC(7) Load: 0.00/0.00/0.00
[2.550s][info][gc,mmu      ] GC(7) MMU: 2ms/97.9%, 5ms/99.2%, 10ms/99.5%, 20ms/99.7%, 50ms/99.9%, 100ms/99.9%
[2.550s][info][gc,marking  ] GC(7) Mark: 2 stripe(s), 1 proactive flush(es), 1 terminate flush(es), 0 completion(s), 0 continuation(s) 
[2.550s][info][gc,marking  ] GC(7) Mark Stack Usage: 32M
[2.550s][info][gc,nmethod  ] GC(7) NMethods: 1323 registered, 10 unregistered
[2.550s][info][gc,metaspace] GC(7) Metaspace: 11M used, 12M committed, 1088M reserved
[2.550s][info][gc,ref      ] GC(7) Soft: 227 encountered, 0 discovered, 0 enqueued
[2.550s][info][gc,ref      ] GC(7) Weak: 764 encountered, 612 discovered, 0 enqueued
[2.550s][info][gc,ref      ] GC(7) Final: 0 encountered, 0 discovered, 0 enqueued
[2.550s][info][gc,ref      ] GC(7) Phantom: 33 encountered, 18 discovered, 0 enqueued
[2.550s][info][gc,reloc    ] GC(7) Small Pages: 47 / 94M, Empty: 46M, Relocated: 1M, In-Place: 0
[2.550s][info][gc,reloc    ] GC(7) Medium Pages: 0 / 0M, Empty: 0M, Relocated: 0M, In-Place: 0
[2.550s][info][gc,reloc    ] GC(7) Large Pages: 0 / 0M, Empty: 0M, Relocated: 0M, In-Place: 0
[2.550s][info][gc,reloc    ] GC(7) Forwarding Usage: 0M
[2.550s][info][gc,heap     ] GC(7) Min Capacity: 1024M(100%)
[2.550s][info][gc,heap     ] GC(7) Max Capacity: 1024M(100%)
[2.550s][info][gc,heap     ] GC(7) Soft Max Capacity: 1024M(100%)
[2.550s][info][gc,heap     ] GC(7)                Mark Start          Mark End        Relocate Start      Relocate End           High               Low         
[2.550s][info][gc,heap     ] GC(7)  Capacity:     1024M (100%)       1024M (100%)       1024M (100%)       1024M (100%)       1024M (100%)       1024M (100%)   
[2.550s][info][gc,heap     ] GC(7)      Free:      930M (91%)         930M (91%)         976M (95%)         980M (96%)         980M (96%)         930M (91%)    
[2.550s][info][gc,heap     ] GC(7)      Used:       94M (9%)           94M (9%)           48M (5%)           44M (4%)           94M (9%)           44M (4%)     
[2.550s][info][gc,heap     ] GC(7)      Live:         -                32M (3%)           32M (3%)           32M (3%)             -                  -          
[2.550s][info][gc,heap     ] GC(7) Allocated:         -                 0M (0%)            0M (0%)            0M (0%)             -                  -          
[2.550s][info][gc,heap     ] GC(7)   Garbage:         -                61M (6%)           15M (1%)           11M (1%)             -                  -          
[2.550s][info][gc,heap     ] GC(7) Reclaimed:         -                  -                46M (4%)           50M (5%)             -                  -          
[2.550s][info][gc          ] GC(7) Garbage Collection (System.gc()) 94M(9%)->44M(4%)
[2.710s][info][gc,start    ] GC(8) Garbage Collection (System.gc())
[2.710s][info][gc,task     ] GC(8) Using 2 workers
[2.710s][info][gc,phases   ] GC(8) Pause Mark Start 0.009ms
[2.732s][info][gc,phases   ] GC(8) Concurrent Mark 22.261ms
[2.732s][info][gc,phases   ] GC(8) Pause Mark End 0.028ms
[2.733s][info][gc,phases   ] GC(8) Concurrent Mark Free 0.002ms
[2.734s][info][gc,phases   ] GC(8) Concurrent Process Non-Strong References 1.501ms
[2.734s][info][gc,phases   ] GC(8) Concurrent Reset Relocation Set 0.001ms
[2.736s][info][gc,phases   ] GC(8) Concurrent Select Relocation Set 1.385ms
[2.736s][info][gc,phases   ] GC(8) Pause Relocate Start 0.007ms
[2.737s][info][gc,phases   ] GC(8) Concurrent Relocate 0.860ms
[2.737s][info][gc,load     ] GC(8) Load: 0.00/0.00/0.00
[2.737s][info][gc,mmu      ] GC(8) MMU: 2ms/97.9%, 5ms/99.2%, 10ms/99.5%, 20ms/99.7%, 50ms/99.9%, 100ms/99.9%
[2.737s][info][gc,marking  ] GC(8) Mark: 2 stripe(s), 1 proactive flush(es), 1 terminate flush(es), 0 completion(s), 0 continuation(s) 
[2.737s][info][gc,marking  ] GC(8) Mark Stack Usage: 32M
[2.737s][info][gc,nmethod  ] GC(8) NMethods: 1331 registered, 11 unregistered
[2.737s][info][gc,metaspace] GC(8) Metaspace: 12M used, 12M committed, 1088M reserved
[2.737s][info][gc,ref      ] GC(8) Soft: 227 encountered, 0 discovered, 0 enqueued
[2.737s][info][gc,ref      ] GC(8) Weak: 764 encountered, 4 discovered, 0 enqueued
[2.737s][info][gc,ref      ] GC(8) Final: 0 encountered, 0 discovered, 0 enqueued
[2.737s][info][gc,ref      ] GC(8) Phantom: 33 encountered, 21 discovered, 0 enqueued
[2.737s][info][gc,reloc    ] GC(8) Small Pages: 46 / 92M, Empty: 46M, Relocated: 1M, In-Place: 0
[2.737s][info][gc,reloc    ] GC(8) Medium Pages: 0 / 0M, Empty: 0M, Relocated: 0M, In-Place: 0
[2.737s][info][gc,reloc    ] GC(8) Large Pages: 0 / 0M, Empty: 0M, Relocated: 0M, In-Place: 0
[2.737s][info][gc,reloc    ] GC(8) Forwarding Usage: 0M
[2.737s][info][gc,heap     ] GC(8) Min Capacity: 1024M(100%)
[2.737s][info][gc,heap     ] GC(8) Max Capacity: 1024M(100%)
[2.737s][info][gc,heap     ] GC(8) Soft Max Capacity: 1024M(100%)
[2.737s][info][gc,heap     ] GC(8)                Mark Start          Mark End        Relocate Start      Relocate End           High               Low         
[2.737s][info][gc,heap     ] GC(8)  Capacity:     1024M (100%)       1024M (100%)       1024M (100%)       1024M (100%)       1024M (100%)       1024M (100%)   
[2.737s][info][gc,heap     ] GC(8)      Free:      932M (91%)         932M (91%)         978M (96%)         980M (96%)         980M (96%)         932M (91%)    
[2.737s][info][gc,heap     ] GC(8)      Used:       92M (9%)           92M (9%)           46M (4%)           44M (4%)           92M (9%)           44M (4%)     
[2.737s][info][gc,heap     ] GC(8)      Live:         -                32M (3%)           32M (3%)           32M (3%)             -                  -          
[2.737s][info][gc,heap     ] GC(8) Allocated:         -                 0M (0%)            0M (0%)            0M (0%)             -                  -          
[2.737s][info][gc,heap     ] GC(8)   Garbage:         -                59M (6%)           13M (1%)           11M (1%)             -                  -          
[2.737s][info][gc,heap     ] GC(8) Reclaimed:         -                  -                46M (4%)           48M (5%)             -                  -          
[2.737s][info][gc          ] GC(8) Garbage Collection (System.gc()) 92M(9%)->44M(4%)
[2.896s][info][gc,start    ] GC(9) Garbage Collection (System.gc())
[2.896s][info][gc,task     ] GC(9) Using 2 workers
[2.896s][info][gc,phases   ] GC(9) Pause Mark Start 0.008ms
[2.921s][info][gc,phases   ] GC(9) Concurrent Mark 24.587ms
[2.921s][info][gc,phases   ] GC(9) Pause Mark End 0.012ms
[2.921s][info][gc,phases   ] GC(9) Concurrent Mark Free 0.002ms
[2.923s][info][gc,phases   ] GC(9) Concurrent Process Non-Strong References 2.054ms
[2.923s][info][gc,phases   ] GC(9) Concurrent Reset Relocation Set 0.001ms
[2.925s][info][gc,phases   ] GC(9) Concurrent Select Relocation Set 1.395ms
[2.925s][info][gc,phases   ] GC(9) Pause Relocate Start 0.006ms
[2.925s][info][gc,phases   ] GC(9) Concurrent Relocate 0.622ms
[2.925s][info][gc,load     ] GC(9) Load: 0.00/0.00/0.00
[2.925s][info][gc,mmu      ] GC(9) MMU: 2ms/97.9%, 5ms/99.2%, 10ms/99.5%, 20ms/99.7%, 50ms/99.9%, 100ms/99.9%
[2.925s][info][gc,marking  ] GC(9) Mark: 2 stripe(s), 2 proactive flush(es), 1 terminate flush(es), 0 completion(s), 0 continuation(s) 
[2.925s][info][gc,marking  ] GC(9) Mark Stack Usage: 32M
[2.925s][info][gc,nmethod  ] GC(9) NMethods: 1337 registered, 11 unregistered
[2.925s][info][gc,metaspace] GC(9) Metaspace: 12M used, 12M committed, 1088M reserved
[2.925s][info][gc,ref      ] GC(9) Soft: 227 encountered, 0 discovered, 0 enqueued
[2.925s][info][gc,ref      ] GC(9) Weak: 764 encountered, 576 discovered, 0 enqueued
[2.925s][info][gc,ref      ] GC(9) Final: 0 encountered, 0 discovered, 0 enqueued
[2.925s][info][gc,ref      ] GC(9) Phantom: 33 encountered, 13 discovered, 0 enqueued
[2.925s][info][gc,reloc    ] GC(9) Small Pages: 47 / 94M, Empty: 46M, Relocated: 1M, In-Place: 0
[2.925s][info][gc,reloc    ] GC(9) Medium Pages: 0 / 0M, Empty: 0M, Relocated: 0M, In-Place: 0
[2.925s][info][gc,reloc    ] GC(9) Large Pages: 0 / 0M, Empty: 0M, Relocated: 0M, In-Place: 0
[2.925s][info][gc,reloc    ] GC(9) Forwarding Usage: 0M
[2.925s][info][gc,heap     ] GC(9) Min Capacity: 1024M(100%)
[2.925s][info][gc,heap     ] GC(9) Max Capacity: 1024M(100%)
[2.925s][info][gc,heap     ] GC(9) Soft Max Capacity: 1024M(100%)
[2.925s][info][gc,heap     ] GC(9)                Mark Start          Mark End        Relocate Start      Relocate End           High               Low         
[2.925s][info][gc,heap     ] GC(9)  Capacity:     1024M (100%)       1024M (100%)       1024M (100%)       1024M (100%)       1024M (100%)       1024M (100%)   
[2.926s][info][gc,heap     ] GC(9)      Free:      930M (91%)         930M (91%)         976M (95%)         980M (96%)         980M (96%)         930M (91%)    
[2.926s][info][gc,heap     ] GC(9)      Used:       94M (9%)           94M (9%)           48M (5%)           44M (4%)           94M (9%)           44M (4%)     
[2.926s][info][gc,heap     ] GC(9)      Live:         -                32M (3%)           32M (3%)           32M (3%)             -                  -          
[2.926s][info][gc,heap     ] GC(9) Allocated:         -                 0M (0%)            0M (0%)            0M (0%)             -                  -          
[2.926s][info][gc,heap     ] GC(9)   Garbage:         -                61M (6%)           15M (1%)           11M (1%)             -                  -          
[2.926s][info][gc,heap     ] GC(9) Reclaimed:         -                  -                46M (4%)           50M (5%)             -                  -          
[2.926s][info][gc          ] GC(9) Garbage Collection (System.gc()) 94M(9%)->44M(4%)
[3.087s][info][gc,start    ] GC(10) Garbage Collection (System.gc())
[3.087s][info][gc,task     ] GC(10) Using 2 workers
[3.087s][info][gc,phases   ] GC(10) Pause Mark Start 0.008ms
[3.109s][info][gc,phases   ] GC(10) Concurrent Mark 21.985ms
[3.110s][info][gc,phases   ] GC(10) Pause Mark End 0.027ms
[3.110s][info][gc,phases   ] GC(10) Concurrent Mark Free 0.006ms
[3.112s][info][gc,phases   ] GC(10) Concurrent Process Non-Strong References 1.667ms
[3.112s][info][gc,phases   ] GC(10) Concurrent Reset Relocation Set 0.001ms
[3.113s][info][gc,phases   ] GC(10) Concurrent Select Relocation Set 1.680ms
[3.113s][info][gc,phases   ] GC(10) Pause Relocate Start 0.008ms
[3.114s][info][gc,phases   ] GC(10) Concurrent Relocate 0.566ms
[3.114s][info][gc,load     ] GC(10) Load: 0.00/0.00/0.00
[3.114s][info][gc,mmu      ] GC(10) MMU: 2ms/97.9%, 5ms/99.2%, 10ms/99.5%, 20ms/99.7%, 50ms/99.9%, 100ms/99.9%
[3.114s][info][gc,marking  ] GC(10) Mark: 2 stripe(s), 1 proactive flush(es), 1 terminate flush(es), 0 completion(s), 0 continuation(s) 
[3.114s][info][gc,marking  ] GC(10) Mark Stack Usage: 32M
[3.114s][info][gc,nmethod  ] GC(10) NMethods: 1340 registered, 13 unregistered
[3.114s][info][gc,metaspace] GC(10) Metaspace: 12M used, 12M committed, 1088M reserved
[3.114s][info][gc,ref      ] GC(10) Soft: 227 encountered, 0 discovered, 0 enqueued
[3.114s][info][gc,ref      ] GC(10) Weak: 764 encountered, 439 discovered, 0 enqueued
[3.114s][info][gc,ref      ] GC(10) Final: 0 encountered, 0 discovered, 0 enqueued
[3.114s][info][gc,ref      ] GC(10) Phantom: 33 encountered, 18 discovered, 0 enqueued
[3.114s][info][gc,reloc    ] GC(10) Small Pages: 46 / 92M, Empty: 46M, Relocated: 1M, In-Place: 0
[3.114s][info][gc,reloc    ] GC(10) Medium Pages: 0 / 0M, Empty: 0M, Relocated: 0M, In-Place: 0
[3.114s][info][gc,reloc    ] GC(10) Large Pages: 0 / 0M, Empty: 0M, Relocated: 0M, In-Place: 0
[3.114s][info][gc,reloc    ] GC(10) Forwarding Usage: 0M
[3.114s][info][gc,heap     ] GC(10) Min Capacity: 1024M(100%)
[3.114s][info][gc,heap     ] GC(10) Max Capacity: 1024M(100%)
[3.114s][info][gc,heap     ] GC(10) Soft Max Capacity: 1024M(100%)
[3.114s][info][gc,heap     ] GC(10)                Mark Start          Mark End        Relocate Start      Relocate End           High               Low         
[3.114s][info][gc,heap     ] GC(10)  Capacity:     1024M (100%)       1024M (100%)       1024M (100%)       1024M (100%)       1024M (100%)       1024M (100%)   
[3.114s][info][gc,heap     ] GC(10)      Free:      932M (91%)         932M (91%)         978M (96%)         980M (96%)         980M (96%)         932M (91%)    
[3.114s][info][gc,heap     ] GC(10)      Used:       92M (9%)           92M (9%)           46M (4%)           44M (4%)           92M (9%)           44M (4%)     
[3.114s][info][gc,heap     ] GC(10)      Live:         -                32M (3%)           32M (3%)           32M (3%)             -                  -          
[3.114s][info][gc,heap     ] GC(10) Allocated:         -                 0M (0%)            0M (0%)            0M (0%)             -                  -          
[3.114s][info][gc,heap     ] GC(10)   Garbage:         -                59M (6%)           13M (1%)           11M (1%)             -                  -          
[3.114s][info][gc,heap     ] GC(10) Reclaimed:         -                  -                46M (4%)           48M (5%)             -                  -          
[3.114s][info][gc          ] GC(10) Garbage Collection (System.gc()) 92M(9%)->44M(4%)
[3.273s][info][gc,start    ] GC(11) Garbage Collection (System.gc())
[3.273s][info][gc,task     ] GC(11) Using 2 workers
[3.273s][info][gc,phases   ] GC(11) Pause Mark Start 0.008ms
[3.297s][info][gc,phases   ] GC(11) Concurrent Mark 23.843ms
[3.297s][info][gc,phases   ] GC(11) Pause Mark End 0.022ms
[3.298s][info][gc,phases   ] GC(11) Concurrent Mark Free 0.002ms
[3.299s][info][gc,phases   ] GC(11) Concurrent Process Non-Strong References 1.211ms
[3.299s][info][gc,phases   ] GC(11) Concurrent Reset Relocation Set 0.001ms
[3.300s][info][gc,phases   ] GC(11) Concurrent Select Relocation Set 1.126ms
[3.300s][info][gc,phases   ] GC(11) Pause Relocate Start 0.007ms
[3.301s][info][gc,phases   ] GC(11) Concurrent Relocate 0.438ms
[3.301s][info][gc,load     ] GC(11) Load: 0.00/0.00/0.00
[3.301s][info][gc,mmu      ] GC(11) MMU: 2ms/97.9%, 5ms/99.2%, 10ms/99.5%, 20ms/99.7%, 50ms/99.9%, 100ms/99.9%
[3.301s][info][gc,marking  ] GC(11) Mark: 2 stripe(s), 2 proactive flush(es), 1 terminate flush(es), 0 completion(s), 0 continuation(s) 
[3.301s][info][gc,marking  ] GC(11) Mark Stack Usage: 32M
[3.301s][info][gc,nmethod  ] GC(11) NMethods: 1344 registered, 13 unregistered
[3.301s][info][gc,metaspace] GC(11) Metaspace: 12M used, 12M committed, 1088M reserved
[3.301s][info][gc,ref      ] GC(11) Soft: 227 encountered, 0 discovered, 0 enqueued
[3.301s][info][gc,ref      ] GC(11) Weak: 764 encountered, 24 discovered, 0 enqueued
[3.301s][info][gc,ref      ] GC(11) Final: 0 encountered, 0 discovered, 0 enqueued
[3.301s][info][gc,ref      ] GC(11) Phantom: 33 encountered, 14 discovered, 0 enqueued
[3.301s][info][gc,reloc    ] GC(11) Small Pages: 46 / 92M, Empty: 46M, Relocated: 1M, In-Place: 0
[3.301s][info][gc,reloc    ] GC(11) Medium Pages: 0 / 0M, Empty: 0M, Relocated: 0M, In-Place: 0
[3.301s][info][gc,reloc    ] GC(11) Large Pages: 0 / 0M, Empty: 0M, Relocated: 0M, In-Place: 0
[3.301s][info][gc,reloc    ] GC(11) Forwarding Usage: 0M
[3.301s][info][gc,heap     ] GC(11) Min Capacity: 1024M(100%)
[3.301s][info][gc,heap     ] GC(11) Max Capacity: 1024M(100%)
[3.301s][info][gc,heap     ] GC(11) Soft Max Capacity: 1024M(100%)
[3.301s][info][gc,heap     ] GC(11)                Mark Start          Mark End        Relocate Start      Relocate End           High               Low         
[3.301s][info][gc,heap     ] GC(11)  Capacity:     1024M (100%)       1024M (100%)       1024M (100%)       1024M (100%)       1024M (100%)       1024M (100%)   
[3.301s][info][gc,heap     ] GC(11)      Free:      932M (91%)         932M (91%)         978M (96%)         980M (96%)         980M (96%)         932M (91%)    
[3.301s][info][gc,heap     ] GC(11)      Used:       92M (9%)           92M (9%)           46M (4%)           44M (4%)           92M (9%)           44M (4%)     
[3.301s][info][gc,heap     ] GC(11)      Live:         -                32M (3%)           32M (3%)           32M (3%)             -                  -          
[3.301s][info][gc,heap     ] GC(11) Allocated:         -                 0M (0%)            0M (0%)            0M (0%)             -                  -          
[3.301s][info][gc,heap     ] GC(11)   Garbage:         -                59M (6%)           13M (1%)           11M (1%)             -                  -          
[3.301s][info][gc,heap     ] GC(11) Reclaimed:         -                  -                46M (4%)           48M (5%)             -                  -          
[3.301s][info][gc          ] GC(11) Garbage Collection (System.gc()) 92M(9%)->44M(4%)
[3.461s][info][gc,start    ] GC(12) Garbage Collection (System.gc())
[3.461s][info][gc,task     ] GC(12) Using 2 workers
[3.462s][info][gc,phases   ] GC(12) Pause Mark Start 0.010ms
[3.486s][info][gc,phases   ] GC(12) Concurrent Mark 23.935ms
[3.486s][info][gc,phases   ] GC(12) Pause Mark End 0.025ms
[3.486s][info][gc,phases   ] GC(12) Concurrent Mark Free 0.004ms
[3.487s][info][gc,phases   ] GC(12) Concurrent Process Non-Strong References 1.518ms
[3.487s][info][gc,phases   ] GC(12) Concurrent Reset Relocation Set 0.001ms
[3.490s][info][gc,phases   ] GC(12) Concurrent Select Relocation Set 2.984ms
[3.491s][info][gc,phases   ] GC(12) Pause Relocate Start 0.009ms
[3.491s][info][gc,phases   ] GC(12) Concurrent Relocate 0.663ms
[3.491s][info][gc,load     ] GC(12) Load: 0.00/0.00/0.00
[3.491s][info][gc,mmu      ] GC(12) MMU: 2ms/97.9%, 5ms/99.2%, 10ms/99.5%, 20ms/99.7%, 50ms/99.9%, 100ms/99.9%
[3.491s][info][gc,marking  ] GC(12) Mark: 2 stripe(s), 2 proactive flush(es), 1 terminate flush(es), 0 completion(s), 0 continuation(s) 
[3.491s][info][gc,marking  ] GC(12) Mark Stack Usage: 32M
[3.491s][info][gc,nmethod  ] GC(12) NMethods: 1350 registered, 14 unregistered
[3.491s][info][gc,metaspace] GC(12) Metaspace: 12M used, 12M committed, 1088M reserved
[3.491s][info][gc,ref      ] GC(12) Soft: 227 encountered, 0 discovered, 0 enqueued
[3.491s][info][gc,ref      ] GC(12) Weak: 764 encountered, 455 discovered, 0 enqueued
[3.491s][info][gc,ref      ] GC(12) Final: 0 encountered, 0 discovered, 0 enqueued
[3.491s][info][gc,ref      ] GC(12) Phantom: 33 encountered, 18 discovered, 0 enqueued
[3.491s][info][gc,reloc    ] GC(12) Small Pages: 46 / 92M, Empty: 46M, Relocated: 1M, In-Place: 0
[3.491s][info][gc,reloc    ] GC(12) Medium Pages: 0 / 0M, Empty: 0M, Relocated: 0M, In-Place: 0
[3.491s][info][gc,reloc    ] GC(12) Large Pages: 0 / 0M, Empty: 0M, Relocated: 0M, In-Place: 0
[3.491s][info][gc,reloc    ] GC(12) Forwarding Usage: 0M
[3.491s][info][gc,heap     ] GC(12) Min Capacity: 1024M(100%)
[3.491s][info][gc,heap     ] GC(12) Max Capacity: 1024M(100%)
[3.491s][info][gc,heap     ] GC(12) Soft Max Capacity: 1024M(100%)
[3.491s][info][gc,heap     ] GC(12)                Mark Start          Mark End        Relocate Start      Relocate End           High               Low         
[3.491s][info][gc,heap     ] GC(12)  Capacity:     1024M (100%)       1024M (100%)       1024M (100%)       1024M (100%)       1024M (100%)       1024M (100%)   
[3.491s][info][gc,heap     ] GC(12)      Free:      932M (91%)         932M (91%)         978M (96%)         980M (96%)         980M (96%)         932M (91%)    
[3.491s][info][gc,heap     ] GC(12)      Used:       92M (9%)           92M (9%)           46M (4%)           44M (4%)           92M (9%)           44M (4%)     
[3.492s][info][gc,heap     ] GC(12)      Live:         -                32M (3%)           32M (3%)           32M (3%)             -                  -          
[3.492s][info][gc,heap     ] GC(12) Allocated:         -                 0M (0%)            0M (0%)            0M (0%)             -                  -          
[3.492s][info][gc,heap     ] GC(12)   Garbage:         -                59M (6%)           13M (1%)           11M (1%)             -                  -          
[3.492s][info][gc,heap     ] GC(12) Reclaimed:         -                  -                46M (4%)           48M (5%)             -                  -          
[3.492s][info][gc          ] GC(12) Garbage Collection (System.gc()) 92M(9%)->44M(4%)
[3.652s][info][gc,start    ] GC(13) Garbage Collection (System.gc())
[3.652s][info][gc,task     ] GC(13) Using 2 workers
[3.652s][info][gc,phases   ] GC(13) Pause Mark Start 0.007ms
[3.674s][info][gc,phases   ] GC(13) Concurrent Mark 21.789ms
[3.674s][info][gc,phases   ] GC(13) Pause Mark End 0.027ms
[3.674s][info][gc,phases   ] GC(13) Concurrent Mark Free 0.002ms
[3.676s][info][gc,phases   ] GC(13) Concurrent Process Non-Strong References 1.611ms
[3.676s][info][gc,phases   ] GC(13) Concurrent Reset Relocation Set 0.001ms
[3.677s][info][gc,phases   ] GC(13) Concurrent Select Relocation Set 1.380ms
[3.677s][info][gc,phases   ] GC(13) Pause Relocate Start 0.007ms
[3.678s][info][gc,phases   ] GC(13) Concurrent Relocate 0.895ms
[3.678s][info][gc,load     ] GC(13) Load: 0.00/0.00/0.00
[3.678s][info][gc,mmu      ] GC(13) MMU: 2ms/97.9%, 5ms/99.2%, 10ms/99.5%, 20ms/99.7%, 50ms/99.9%, 100ms/99.9%
[3.678s][info][gc,marking  ] GC(13) Mark: 2 stripe(s), 1 proactive flush(es), 1 terminate flush(es), 0 completion(s), 0 continuation(s) 
[3.678s][info][gc,marking  ] GC(13) Mark Stack Usage: 32M
[3.678s][info][gc,nmethod  ] GC(13) NMethods: 1355 registered, 14 unregistered
[3.678s][info][gc,metaspace] GC(13) Metaspace: 12M used, 12M committed, 1088M reserved
[3.678s][info][gc,ref      ] GC(13) Soft: 227 encountered, 0 discovered, 0 enqueued
[3.678s][info][gc,ref      ] GC(13) Weak: 764 encountered, 5 discovered, 0 enqueued
[3.678s][info][gc,ref      ] GC(13) Final: 0 encountered, 0 discovered, 0 enqueued
[3.678s][info][gc,ref      ] GC(13) Phantom: 33 encountered, 17 discovered, 0 enqueued
[3.678s][info][gc,reloc    ] GC(13) Small Pages: 46 / 92M, Empty: 46M, Relocated: 1M, In-Place: 0
[3.678s][info][gc,reloc    ] GC(13) Medium Pages: 0 / 0M, Empty: 0M, Relocated: 0M, In-Place: 0
[3.679s][info][gc,reloc    ] GC(13) Large Pages: 0 / 0M, Empty: 0M, Relocated: 0M, In-Place: 0
[3.679s][info][gc,reloc    ] GC(13) Forwarding Usage: 0M
[3.679s][info][gc,heap     ] GC(13) Min Capacity: 1024M(100%)
[3.679s][info][gc,heap     ] GC(13) Max Capacity: 1024M(100%)
[3.679s][info][gc,heap     ] GC(13) Soft Max Capacity: 1024M(100%)
[3.679s][info][gc,heap     ] GC(13)                Mark Start          Mark End        Relocate Start      Relocate End           High               Low         
[3.679s][info][gc,heap     ] GC(13)  Capacity:     1024M (100%)       1024M (100%)       1024M (100%)       1024M (100%)       1024M (100%)       1024M (100%)   
[3.679s][info][gc,heap     ] GC(13)      Free:      932M (91%)         932M (91%)         978M (96%)         980M (96%)         980M (96%)         932M (91%)    
[3.679s][info][gc,heap     ] GC(13)      Used:       92M (9%)           92M (9%)           46M (4%)           44M (4%)           92M (9%)           44M (4%)     
[3.679s][info][gc,heap     ] GC(13)      Live:         -                32M (3%)           32M (3%)           32M (3%)             -                  -          
[3.679s][info][gc,heap     ] GC(13) Allocated:         -                 0M (0%)            0M (0%)            0M (0%)             -                  -          
[3.679s][info][gc,heap     ] GC(13)   Garbage:         -                59M (6%)           13M (1%)           11M (1%)             -                  -          
[3.679s][info][gc,heap     ] GC(13) Reclaimed:         -                  -                46M (4%)           48M (5%)             -                  -          
[3.679s][info][gc          ] GC(13) Garbage Collection (System.gc()) 92M(9%)->44M(4%)
[3.839s][info][gc,start    ] GC(14) Garbage Collection (System.gc())
[3.840s][info][gc,task     ] GC(14) Using 2 workers
[3.840s][info][gc,phases   ] GC(14) Pause Mark Start 0.010ms
[3.862s][info][gc,phases   ] GC(14) Concurrent Mark 22.493ms
[3.862s][info][gc,phases   ] GC(14) Pause Mark End 0.031ms
[3.863s][info][gc,phases   ] GC(14) Concurrent Mark Free 0.002ms
[3.864s][info][gc,phases   ] GC(14) Concurrent Process Non-Strong References 1.679ms
[3.864s][info][gc,phases   ] GC(14) Concurrent Reset Relocation Set 0.001ms
[3.866s][info][gc,phases   ] GC(14) Concurrent Select Relocation Set 1.206ms
[3.866s][info][gc,phases   ] GC(14) Pause Relocate Start 0.007ms
[3.866s][info][gc,phases   ] GC(14) Concurrent Relocate 0.461ms
[3.866s][info][gc,load     ] GC(14) Load: 0.00/0.00/0.00
[3.866s][info][gc,mmu      ] GC(14) MMU: 2ms/97.9%, 5ms/99.2%, 10ms/99.5%, 20ms/99.7%, 50ms/99.9%, 100ms/99.9%
[3.866s][info][gc,marking  ] GC(14) Mark: 2 stripe(s), 1 proactive flush(es), 1 terminate flush(es), 0 completion(s), 0 continuation(s) 
[3.866s][info][gc,marking  ] GC(14) Mark Stack Usage: 32M
[3.866s][info][gc,nmethod  ] GC(14) NMethods: 1361 registered, 14 unregistered
[3.866s][info][gc,metaspace] GC(14) Metaspace: 12M used, 12M committed, 1088M reserved
[3.866s][info][gc,ref      ] GC(14) Soft: 227 encountered, 0 discovered, 0 enqueued
[3.866s][info][gc,ref      ] GC(14) Weak: 764 encountered, 551 discovered, 0 enqueued
[3.866s][info][gc,ref      ] GC(14) Final: 0 encountered, 0 discovered, 0 enqueued
[3.866s][info][gc,ref      ] GC(14) Phantom: 33 encountered, 12 discovered, 0 enqueued
[3.866s][info][gc,reloc    ] GC(14) Small Pages: 46 / 92M, Empty: 46M, Relocated: 1M, In-Place: 0
[3.866s][info][gc,reloc    ] GC(14) Medium Pages: 0 / 0M, Empty: 0M, Relocated: 0M, In-Place: 0
[3.866s][info][gc,reloc    ] GC(14) Large Pages: 0 / 0M, Empty: 0M, Relocated: 0M, In-Place: 0
[3.866s][info][gc,reloc    ] GC(14) Forwarding Usage: 0M
[3.866s][info][gc,heap     ] GC(14) Min Capacity: 1024M(100%)
[3.866s][info][gc,heap     ] GC(14) Max Capacity: 1024M(100%)
[3.866s][info][gc,heap     ] GC(14) Soft Max Capacity: 1024M(100%)
[3.866s][info][gc,heap     ] GC(14)                Mark Start          Mark End        Relocate Start      Relocate End           High               Low         
[3.866s][info][gc,heap     ] GC(14)  Capacity:     1024M (100%)       1024M (100%)       1024M (100%)       1024M (100%)       1024M (100%)       1024M (100%)   
[3.866s][info][gc,heap     ] GC(14)      Free:      932M (91%)         932M (91%)         978M (96%)         980M (96%)         980M (96%)         932M (91%)    
[3.866s][info][gc,heap     ] GC(14)      Used:       92M (9%)           92M (9%)           46M (4%)           44M (4%)           92M (9%)           44M (4%)     
[3.866s][info][gc,heap     ] GC(14)      Live:         -                32M (3%)           32M (3%)           32M (3%)             -                  -          
[3.866s][info][gc,heap     ] GC(14) Allocated:         -                 0M (0%)            0M (0%)            0M (0%)             -                  -          
[3.866s][info][gc,heap     ] GC(14)   Garbage:         -                59M (6%)           13M (1%)           11M (1%)             -                  -          
[3.866s][info][gc,heap     ] GC(14) Reclaimed:         -                  -                46M (4%)           48M (5%)             -                  -          
[3.866s][info][gc          ] GC(14) Garbage Collection (System.gc()) 92M(9%)->44M(4%)
[4.028s][info][gc,start    ] GC(15) Garbage Collection (System.gc())
[4.028s][info][gc,task     ] GC(15) Using 2 workers
[4.028s][info][gc,phases   ] GC(15) Pause Mark Start 0.006ms
[4.051s][info][gc,phases   ] GC(15) Concurrent Mark 22.825ms
[4.051s][info][gc,phases   ] GC(15) Pause Mark End 0.025ms
[4.051s][info][gc,phases   ] GC(15) Concurrent Mark Free 0.003ms
[4.053s][info][gc,phases   ] GC(15) Concurrent Process Non-Strong References 1.866ms
[4.053s][info][gc,phases   ] GC(15) Concurrent Reset Relocation Set 0.001ms
[4.055s][info][gc,phases   ] GC(15) Concurrent Select Relocation Set 1.473ms
[4.055s][info][gc,phases   ] GC(15) Pause Relocate Start 0.007ms
[4.055s][info][gc,phases   ] GC(15) Concurrent Relocate 0.439ms
[4.055s][info][gc,load     ] GC(15) Load: 0.00/0.00/0.00
[4.055s][info][gc,mmu      ] GC(15) MMU: 2ms/97.9%, 5ms/99.2%, 10ms/99.5%, 20ms/99.7%, 50ms/99.9%, 100ms/99.9%
[4.055s][info][gc,marking  ] GC(15) Mark: 2 stripe(s), 1 proactive flush(es), 1 terminate flush(es), 0 completion(s), 0 continuation(s) 
[4.055s][info][gc,marking  ] GC(15) Mark Stack Usage: 32M
[4.055s][info][gc,nmethod  ] GC(15) NMethods: 1369 registered, 14 unregistered
[4.055s][info][gc,metaspace] GC(15) Metaspace: 12M used, 12M committed, 1088M reserved
[4.055s][info][gc,ref      ] GC(15) Soft: 227 encountered, 0 discovered, 0 enqueued
[4.055s][info][gc,ref      ] GC(15) Weak: 764 encountered, 7 discovered, 0 enqueued
[4.055s][info][gc,ref      ] GC(15) Final: 0 encountered, 0 discovered, 0 enqueued
[4.055s][info][gc,ref      ] GC(15) Phantom: 33 encountered, 17 discovered, 0 enqueued
[4.055s][info][gc,reloc    ] GC(15) Small Pages: 46 / 92M, Empty: 46M, Relocated: 1M, In-Place: 0
[4.055s][info][gc,reloc    ] GC(15) Medium Pages: 0 / 0M, Empty: 0M, Relocated: 0M, In-Place: 0
[4.055s][info][gc,reloc    ] GC(15) Large Pages: 0 / 0M, Empty: 0M, Relocated: 0M, In-Place: 0
[4.055s][info][gc,reloc    ] GC(15) Forwarding Usage: 0M
[4.055s][info][gc,heap     ] GC(15) Min Capacity: 1024M(100%)
[4.055s][info][gc,heap     ] GC(15) Max Capacity: 1024M(100%)
[4.055s][info][gc,heap     ] GC(15) Soft Max Capacity: 1024M(100%)
[4.055s][info][gc,heap     ] GC(15)                Mark Start          Mark End        Relocate Start      Relocate End           High               Low         
[4.055s][info][gc,heap     ] GC(15)  Capacity:     1024M (100%)       1024M (100%)       1024M (100%)       1024M (100%)       1024M (100%)       1024M (100%)   
[4.055s][info][gc,heap     ] GC(15)      Free:      932M (91%)         932M (91%)         978M (96%)         980M (96%)         980M (96%)         932M (91%)    
[4.055s][info][gc,heap     ] GC(15)      Used:       92M (9%)           92M (9%)           46M (4%)           44M (4%)           92M (9%)           44M (4%)     
[4.055s][info][gc,heap     ] GC(15)      Live:         -                32M (3%)           32M (3%)           32M (3%)             -                  -          
[4.055s][info][gc,heap     ] GC(15) Allocated:         -                 0M (0%)            0M (0%)            0M (0%)             -                  -          
[4.055s][info][gc,heap     ] GC(15)   Garbage:         -                59M (6%)           13M (1%)           11M (1%)             -                  -          
[4.055s][info][gc,heap     ] GC(15) Reclaimed:         -                  -                46M (4%)           48M (5%)             -                  -          
[4.055s][info][gc          ] GC(15) Garbage Collection (System.gc()) 92M(9%)->44M(4%)
[4.219s][info][gc,start    ] GC(16) Garbage Collection (System.gc())
[4.219s][info][gc,task     ] GC(16) Using 2 workers
[4.219s][info][gc,phases   ] GC(16) Pause Mark Start 0.008ms
[4.239s][info][gc,phases   ] GC(16) Concurrent Mark 19.646ms
[4.239s][info][gc,phases   ] GC(16) Pause Mark End 0.019ms
[4.239s][info][gc,phases   ] GC(16) Concurrent Mark Free 0.001ms
[4.241s][info][gc,phases   ] GC(16) Concurrent Process Non-Strong References 1.547ms
[4.241s][info][gc,phases   ] GC(16) Concurrent Reset Relocation Set 0.001ms
[4.242s][info][gc,phases   ] GC(16) Concurrent Select Relocation Set 1.304ms
[4.242s][info][gc,phases   ] GC(16) Pause Relocate Start 0.008ms
[4.243s][info][gc,phases   ] GC(16) Concurrent Relocate 0.525ms
[4.243s][info][gc,load     ] GC(16) Load: 0.00/0.00/0.00
[4.243s][info][gc,mmu      ] GC(16) MMU: 2ms/97.9%, 5ms/99.2%, 10ms/99.5%, 20ms/99.7%, 50ms/99.9%, 100ms/99.9%
[4.243s][info][gc,marking  ] GC(16) Mark: 2 stripe(s), 3 proactive flush(es), 1 terminate flush(es), 0 completion(s), 0 continuation(s) 
[4.243s][info][gc,marking  ] GC(16) Mark Stack Usage: 32M
[4.243s][info][gc,nmethod  ] GC(16) NMethods: 1369 registered, 16 unregistered
[4.243s][info][gc,metaspace] GC(16) Metaspace: 12M used, 12M committed, 1088M reserved
[4.243s][info][gc,ref      ] GC(16) Soft: 227 encountered, 0 discovered, 0 enqueued
[4.243s][info][gc,ref      ] GC(16) Weak: 764 encountered, 489 discovered, 0 enqueued
[4.243s][info][gc,ref      ] GC(16) Final: 0 encountered, 0 discovered, 0 enqueued
[4.243s][info][gc,ref      ] GC(16) Phantom: 33 encountered, 15 discovered, 0 enqueued
[4.243s][info][gc,reloc    ] GC(16) Small Pages: 46 / 92M, Empty: 44M, Relocated: 1M, In-Place: 0
[4.243s][info][gc,reloc    ] GC(16) Medium Pages: 0 / 0M, Empty: 0M, Relocated: 0M, In-Place: 0
[4.243s][info][gc,reloc    ] GC(16) Large Pages: 0 / 0M, Empty: 0M, Relocated: 0M, In-Place: 0
[4.243s][info][gc,reloc    ] GC(16) Forwarding Usage: 0M
[4.243s][info][gc,heap     ] GC(16) Min Capacity: 1024M(100%)
[4.243s][info][gc,heap     ] GC(16) Max Capacity: 1024M(100%)
[4.243s][info][gc,heap     ] GC(16) Soft Max Capacity: 1024M(100%)
[4.243s][info][gc,heap     ] GC(16)                Mark Start          Mark End        Relocate Start      Relocate End           High               Low         
[4.243s][info][gc,heap     ] GC(16)  Capacity:     1024M (100%)       1024M (100%)       1024M (100%)       1024M (100%)       1024M (100%)       1024M (100%)   
[4.243s][info][gc,heap     ] GC(16)      Free:      932M (91%)         932M (91%)         976M (95%)         980M (96%)         980M (96%)         932M (91%)    
[4.243s][info][gc,heap     ] GC(16)      Used:       92M (9%)           92M (9%)           48M (5%)           44M (4%)           92M (9%)           44M (4%)     
[4.243s][info][gc,heap     ] GC(16)      Live:         -                32M (3%)           32M (3%)           32M (3%)             -                  -          
[4.243s][info][gc,heap     ] GC(16) Allocated:         -                 0M (0%)            0M (0%)            0M (0%)             -                  -          
[4.243s][info][gc,heap     ] GC(16)   Garbage:         -                59M (6%)           15M (1%)           11M (1%)             -                  -          
[4.243s][info][gc,heap     ] GC(16) Reclaimed:         -                  -                44M (4%)           48M (5%)             -                  -          
[4.243s][info][gc          ] GC(16) Garbage Collection (System.gc()) 92M(9%)->44M(4%)
[4.404s][info][gc,start    ] GC(17) Garbage Collection (System.gc())
[4.404s][info][gc,task     ] GC(17) Using 2 workers
[4.404s][info][gc,phases   ] GC(17) Pause Mark Start 0.010ms
[4.427s][info][gc,phases   ] GC(17) Concurrent Mark 23.471ms
[4.430s][info][gc,phases   ] GC(17) Pause Mark End 0.016ms
[4.430s][info][gc,phases   ] GC(17) Concurrent Mark Free 0.002ms
[4.432s][info][gc,phases   ] GC(17) Concurrent Process Non-Strong References 1.335ms
[4.432s][info][gc,phases   ] GC(17) Concurrent Reset Relocation Set 0.001ms
[4.433s][info][gc,phases   ] GC(17) Concurrent Select Relocation Set 1.483ms
[4.433s][info][gc,phases   ] GC(17) Pause Relocate Start 0.006ms
[4.434s][info][gc,phases   ] GC(17) Concurrent Relocate 0.672ms
[4.434s][info][gc,load     ] GC(17) Load: 0.00/0.00/0.00
[4.434s][info][gc,mmu      ] GC(17) MMU: 2ms/97.9%, 5ms/99.2%, 10ms/99.5%, 20ms/99.7%, 50ms/99.9%, 100ms/99.9%
[4.434s][info][gc,marking  ] GC(17) Mark: 2 stripe(s), 1 proactive flush(es), 1 terminate flush(es), 0 completion(s), 0 continuation(s) 
[4.434s][info][gc,marking  ] GC(17) Mark Stack Usage: 32M
[4.434s][info][gc,nmethod  ] GC(17) NMethods: 1371 registered, 17 unregistered
[4.434s][info][gc,metaspace] GC(17) Metaspace: 12M used, 12M committed, 1088M reserved
[4.434s][info][gc,ref      ] GC(17) Soft: 227 encountered, 0 discovered, 0 enqueued
[4.434s][info][gc,ref      ] GC(17) Weak: 764 encountered, 495 discovered, 0 enqueued
[4.434s][info][gc,ref      ] GC(17) Final: 0 encountered, 0 discovered, 0 enqueued
[4.434s][info][gc,ref      ] GC(17) Phantom: 33 encountered, 14 discovered, 0 enqueued
[4.434s][info][gc,reloc    ] GC(17) Small Pages: 46 / 92M, Empty: 46M, Relocated: 1M, In-Place: 0
[4.434s][info][gc,reloc    ] GC(17) Medium Pages: 0 / 0M, Empty: 0M, Relocated: 0M, In-Place: 0
[4.434s][info][gc,reloc    ] GC(17) Large Pages: 0 / 0M, Empty: 0M, Relocated: 0M, In-Place: 0
[4.434s][info][gc,reloc    ] GC(17) Forwarding Usage: 0M
[4.434s][info][gc,heap     ] GC(17) Min Capacity: 1024M(100%)
[4.434s][info][gc,heap     ] GC(17) Max Capacity: 1024M(100%)
[4.434s][info][gc,heap     ] GC(17) Soft Max Capacity: 1024M(100%)
[4.434s][info][gc,heap     ] GC(17)                Mark Start          Mark End        Relocate Start      Relocate End           High               Low         
[4.434s][info][gc,heap     ] GC(17)  Capacity:     1024M (100%)       1024M (100%)       1024M (100%)       1024M (100%)       1024M (100%)       1024M (100%)   
[4.434s][info][gc,heap     ] GC(17)      Free:      932M (91%)         932M (91%)         978M (96%)         980M (96%)         980M (96%)         932M (91%)    
[4.434s][info][gc,heap     ] GC(17)      Used:       92M (9%)           92M (9%)           46M (4%)           44M (4%)           92M (9%)           44M (4%)     
[4.434s][info][gc,heap     ] GC(17)      Live:         -                32M (3%)           32M (3%)           32M (3%)             -                  -          
[4.434s][info][gc,heap     ] GC(17) Allocated:         -                 0M (0%)            0M (0%)            0M (0%)             -                  -          
[4.434s][info][gc,heap     ] GC(17)   Garbage:         -                59M (6%)           13M (1%)           11M (1%)             -                  -          
[4.434s][info][gc,heap     ] GC(17) Reclaimed:         -                  -                46M (4%)           48M (5%)             -                  -          
[4.434s][info][gc          ] GC(17) Garbage Collection (System.gc()) 92M(9%)->44M(4%)
[4.595s][info][gc,start    ] GC(18) Garbage Collection (System.gc())
[4.595s][info][gc,task     ] GC(18) Using 2 workers
[4.595s][info][gc,phases   ] GC(18) Pause Mark Start 0.010ms
[4.632s][info][gc,phases   ] GC(18) Concurrent Mark 36.643ms
[4.632s][info][gc,phases   ] GC(18) Pause Mark End 0.017ms
[4.632s][info][gc,phases   ] GC(18) Concurrent Mark Free 0.003ms
[4.634s][info][gc,phases   ] GC(18) Concurrent Process Non-Strong References 1.425ms
[4.634s][info][gc,phases   ] GC(18) Concurrent Reset Relocation Set 0.001ms
[4.635s][info][gc,phases   ] GC(18) Concurrent Select Relocation Set 1.147ms
[4.635s][info][gc,phases   ] GC(18) Pause Relocate Start 0.007ms
[4.635s][info][gc,phases   ] GC(18) Concurrent Relocate 0.443ms
[4.635s][info][gc,load     ] GC(18) Load: 0.00/0.00/0.00
[4.635s][info][gc,mmu      ] GC(18) MMU: 2ms/97.9%, 5ms/99.2%, 10ms/99.5%, 20ms/99.7%, 50ms/99.9%, 100ms/99.9%
[4.635s][info][gc,marking  ] GC(18) Mark: 2 stripe(s), 1 proactive flush(es), 1 terminate flush(es), 0 completion(s), 0 continuation(s) 
[4.635s][info][gc,marking  ] GC(18) Mark Stack Usage: 32M
[4.635s][info][gc,nmethod  ] GC(18) NMethods: 1373 registered, 17 unregistered
[4.635s][info][gc,metaspace] GC(18) Metaspace: 12M used, 12M committed, 1088M reserved
[4.635s][info][gc,ref      ] GC(18) Soft: 227 encountered, 0 discovered, 0 enqueued
[4.635s][info][gc,ref      ] GC(18) Weak: 764 encountered, 45 discovered, 0 enqueued
[4.635s][info][gc,ref      ] GC(18) Final: 0 encountered, 0 discovered, 0 enqueued
[4.635s][info][gc,ref      ] GC(18) Phantom: 33 encountered, 14 discovered, 0 enqueued
[4.635s][info][gc,reloc    ] GC(18) Small Pages: 46 / 92M, Empty: 46M, Relocated: 1M, In-Place: 0
[4.635s][info][gc,reloc    ] GC(18) Medium Pages: 0 / 0M, Empty: 0M, Relocated: 0M, In-Place: 0
[4.635s][info][gc,reloc    ] GC(18) Large Pages: 0 / 0M, Empty: 0M, Relocated: 0M, In-Place: 0
[4.635s][info][gc,reloc    ] GC(18) Forwarding Usage: 0M
[4.635s][info][gc,heap     ] GC(18) Min Capacity: 1024M(100%)
[4.635s][info][gc,heap     ] GC(18) Max Capacity: 1024M(100%)
[4.635s][info][gc,heap     ] GC(18) Soft Max Capacity: 1024M(100%)
[4.635s][info][gc,heap     ] GC(18)                Mark Start          Mark End        Relocate Start      Relocate End           High               Low         
[4.635s][info][gc,heap     ] GC(18)  Capacity:     1024M (100%)       1024M (100%)       1024M (100%)       1024M (100%)       1024M (100%)       1024M (100%)   
[4.635s][info][gc,heap     ] GC(18)      Free:      932M (91%)         932M (91%)         978M (96%)         980M (96%)         980M (96%)         932M (91%)    
[4.635s][info][gc,heap     ] GC(18)      Used:       92M (9%)           92M (9%)           46M (4%)           44M (4%)           92M (9%)           44M (4%)     
[4.635s][info][gc,heap     ] GC(18)      Live:         -                32M (3%)           32M (3%)           32M (3%)             -                  -          
[4.635s][info][gc,heap     ] GC(18) Allocated:         -                 0M (0%)            0M (0%)            0M (0%)             -                  -          
[4.636s][info][gc,heap     ] GC(18)   Garbage:         -                59M (6%)           13M (1%)           11M (1%)             -                  -          
[4.636s][info][gc,heap     ] GC(18) Reclaimed:         -                  -                46M (4%)           48M (5%)             -                  -          
[4.636s][info][gc          ] GC(18) Garbage Collection (System.gc()) 92M(9%)->44M(4%)
[4.796s][info][gc,start    ] GC(19) Garbage Collection (System.gc())
[4.796s][info][gc,task     ] GC(19) Using 2 workers
[4.796s][info][gc,phases   ] GC(19) Pause Mark Start 0.007ms
[4.820s][info][gc,phases   ] GC(19) Concurrent Mark 24.273ms
[4.820s][info][gc,phases   ] GC(19) Pause Mark End 0.025ms
[4.821s][info][gc,phases   ] GC(19) Concurrent Mark Free 0.003ms
[4.822s][info][gc,phases   ] GC(19) Concurrent Process Non-Strong References 1.776ms
[4.822s][info][gc,phases   ] GC(19) Concurrent Reset Relocation Set 0.001ms
[4.824s][info][gc,phases   ] GC(19) Concurrent Select Relocation Set 1.651ms
[4.824s][info][gc,phases   ] GC(19) Pause Relocate Start 0.007ms
[4.825s][info][gc,phases   ] GC(19) Concurrent Relocate 1.002ms
[4.825s][info][gc,load     ] GC(19) Load: 0.00/0.00/0.00
[4.825s][info][gc,mmu      ] GC(19) MMU: 2ms/97.9%, 5ms/99.2%, 10ms/99.5%, 20ms/99.7%, 50ms/99.9%, 100ms/99.9%
[4.825s][info][gc,marking  ] GC(19) Mark: 2 stripe(s), 1 proactive flush(es), 1 terminate flush(es), 0 completion(s), 0 continuation(s) 
[4.825s][info][gc,marking  ] GC(19) Mark Stack Usage: 32M
[4.825s][info][gc,nmethod  ] GC(19) NMethods: 1376 registered, 17 unregistered
[4.825s][info][gc,metaspace] GC(19) Metaspace: 12M used, 12M committed, 1088M reserved
[4.825s][info][gc,ref      ] GC(19) Soft: 227 encountered, 0 discovered, 0 enqueued
[4.825s][info][gc,ref      ] GC(19) Weak: 764 encountered, 572 discovered, 0 enqueued
[4.825s][info][gc,ref      ] GC(19) Final: 0 encountered, 0 discovered, 0 enqueued
[4.825s][info][gc,ref      ] GC(19) Phantom: 33 encountered, 15 discovered, 0 enqueued
[4.825s][info][gc,reloc    ] GC(19) Small Pages: 46 / 92M, Empty: 46M, Relocated: 1M, In-Place: 0
[4.825s][info][gc,reloc    ] GC(19) Medium Pages: 0 / 0M, Empty: 0M, Relocated: 0M, In-Place: 0
[4.825s][info][gc,reloc    ] GC(19) Large Pages: 0 / 0M, Empty: 0M, Relocated: 0M, In-Place: 0
[4.825s][info][gc,reloc    ] GC(19) Forwarding Usage: 0M
[4.825s][info][gc,heap     ] GC(19) Min Capacity: 1024M(100%)
[4.825s][info][gc,heap     ] GC(19) Max Capacity: 1024M(100%)
[4.825s][info][gc,heap     ] GC(19) Soft Max Capacity: 1024M(100%)
[4.825s][info][gc,heap     ] GC(19)                Mark Start          Mark End        Relocate Start      Relocate End           High               Low         
[4.825s][info][gc,heap     ] GC(19)  Capacity:     1024M (100%)       1024M (100%)       1024M (100%)       1024M (100%)       1024M (100%)       1024M (100%)   
[4.825s][info][gc,heap     ] GC(19)      Free:      932M (91%)         932M (91%)         978M (96%)         980M (96%)         980M (96%)         932M (91%)    
[4.825s][info][gc,heap     ] GC(19)      Used:       92M (9%)           92M (9%)           46M (4%)           44M (4%)           92M (9%)           44M (4%)     
[4.825s][info][gc,heap     ] GC(19)      Live:         -                32M (3%)           32M (3%)           32M (3%)             -                  -          
[4.825s][info][gc,heap     ] GC(19) Allocated:         -                 0M (0%)            0M (0%)            0M (0%)             -                  -          
[4.825s][info][gc,heap     ] GC(19)   Garbage:         -                59M (6%)           13M (1%)           11M (1%)             -                  -          
[4.825s][info][gc,heap     ] GC(19) Reclaimed:         -                  -                46M (4%)           48M (5%)             -                  -          
[4.825s][info][gc          ] GC(19) Garbage Collection (System.gc()) 92M(9%)->44M(4%)
[4.986s][info][gc,start    ] GC(20) Garbage Collection (System.gc())
[4.986s][info][gc,task     ] GC(20) Using 2 workers
[4.986s][info][gc,phases   ] GC(20) Pause Mark Start 0.013ms
[5.009s][info][gc,phases   ] GC(20) Concurrent Mark 22.288ms
[5.009s][info][gc,phases   ] GC(20) Pause Mark End 0.025ms
[5.009s][info][gc,phases   ] GC(20) Concurrent Mark Free 0.003ms
[5.011s][info][gc,phases   ] GC(20) Concurrent Process Non-Strong References 1.453ms
[5.011s][info][gc,phases   ] GC(20) Concurrent Reset Relocation Set 0.001ms
[5.014s][info][gc,phases   ] GC(20) Concurrent Select Relocation Set 3.031ms
[5.014s][info][gc,phases   ] GC(20) Pause Relocate Start 0.012ms
[5.015s][info][gc,phases   ] GC(20) Concurrent Relocate 0.914ms
[5.015s][info][gc,load     ] GC(20) Load: 0.00/0.00/0.00
[5.015s][info][gc,mmu      ] GC(20) MMU: 2ms/97.9%, 5ms/99.2%, 10ms/99.5%, 20ms/99.7%, 50ms/99.9%, 100ms/99.9%
[5.015s][info][gc,marking  ] GC(20) Mark: 2 stripe(s), 1 proactive flush(es), 1 terminate flush(es), 0 completion(s), 0 continuation(s) 
[5.015s][info][gc,marking  ] GC(20) Mark Stack Usage: 32M
[5.015s][info][gc,nmethod  ] GC(20) NMethods: 1376 registered, 17 unregistered
[5.015s][info][gc,metaspace] GC(20) Metaspace: 12M used, 12M committed, 1088M reserved
[5.015s][info][gc,ref      ] GC(20) Soft: 227 encountered, 0 discovered, 0 enqueued
[5.015s][info][gc,ref      ] GC(20) Weak: 764 encountered, 509 discovered, 0 enqueued
[5.015s][info][gc,ref      ] GC(20) Final: 0 encountered, 0 discovered, 0 enqueued
[5.015s][info][gc,ref      ] GC(20) Phantom: 33 encountered, 18 discovered, 0 enqueued
[5.015s][info][gc,reloc    ] GC(20) Small Pages: 46 / 92M, Empty: 46M, Relocated: 1M, In-Place: 0
[5.015s][info][gc,reloc    ] GC(20) Medium Pages: 0 / 0M, Empty: 0M, Relocated: 0M, In-Place: 0
[5.015s][info][gc,reloc    ] GC(20) Large Pages: 0 / 0M, Empty: 0M, Relocated: 0M, In-Place: 0
[5.015s][info][gc,reloc    ] GC(20) Forwarding Usage: 0M
[5.015s][info][gc,heap     ] GC(20) Min Capacity: 1024M(100%)
[5.015s][info][gc,heap     ] GC(20) Max Capacity: 1024M(100%)
[5.015s][info][gc,heap     ] GC(20) Soft Max Capacity: 1024M(100%)
[5.015s][info][gc,heap     ] GC(20)                Mark Start          Mark End        Relocate Start      Relocate End           High               Low         
[5.015s][info][gc,heap     ] GC(20)  Capacity:     1024M (100%)       1024M (100%)       1024M (100%)       1024M (100%)       1024M (100%)       1024M (100%)   
[5.015s][info][gc,heap     ] GC(20)      Free:      932M (91%)         932M (91%)         978M (96%)         980M (96%)         980M (96%)         932M (91%)    
[5.015s][info][gc,heap     ] GC(20)      Used:       92M (9%)           92M (9%)           46M (4%)           44M (4%)           92M (9%)           44M (4%)     
[5.015s][info][gc,heap     ] GC(20)      Live:         -                32M (3%)           32M (3%)           32M (3%)             -                  -          
[5.015s][info][gc,heap     ] GC(20) Allocated:         -                 0M (0%)            0M (0%)            0M (0%)             -                  -          
[5.015s][info][gc,heap     ] GC(20)   Garbage:         -                59M (6%)           13M (1%)           11M (1%)             -                  -          
[5.015s][info][gc,heap     ] GC(20) Reclaimed:         -                  -                46M (4%)           48M (5%)             -                  -          
[5.015s][info][gc          ] GC(20) Garbage Collection (System.gc()) 92M(9%)->44M(4%)
[5.178s][info][gc,start    ] GC(21) Garbage Collection (System.gc())
[5.178s][info][gc,task     ] GC(21) Using 2 workers
[5.178s][info][gc,phases   ] GC(21) Pause Mark Start 0.006ms
[5.197s][info][gc,phases   ] GC(21) Concurrent Mark 18.263ms
[5.197s][info][gc,phases   ] GC(21) Pause Mark End 0.016ms
[5.197s][info][gc,phases   ] GC(21) Concurrent Mark Free 0.002ms
[5.198s][info][gc,phases   ] GC(21) Concurrent Process Non-Strong References 1.426ms
[5.198s][info][gc,phases   ] GC(21) Concurrent Reset Relocation Set 0.001ms
[5.200s][info][gc,phases   ] GC(21) Concurrent Select Relocation Set 1.537ms
[5.200s][info][gc,phases   ] GC(21) Pause Relocate Start 0.008ms
[5.201s][info][gc,phases   ] GC(21) Concurrent Relocate 0.878ms
[5.201s][info][gc,load     ] GC(21) Load: 0.00/0.00/0.00
[5.201s][info][gc,mmu      ] GC(21) MMU: 2ms/97.9%, 5ms/99.2%, 10ms/99.5%, 20ms/99.7%, 50ms/99.9%, 100ms/99.9%
[5.201s][info][gc,marking  ] GC(21) Mark: 2 stripe(s), 2 proactive flush(es), 1 terminate flush(es), 0 completion(s), 0 continuation(s) 
[5.201s][info][gc,marking  ] GC(21) Mark Stack Usage: 32M
[5.201s][info][gc,nmethod  ] GC(21) NMethods: 1376 registered, 19 unregistered
[5.201s][info][gc,metaspace] GC(21) Metaspace: 12M used, 12M committed, 1088M reserved
[5.201s][info][gc,ref      ] GC(21) Soft: 227 encountered, 0 discovered, 0 enqueued
[5.201s][info][gc,ref      ] GC(21) Weak: 764 encountered, 490 discovered, 0 enqueued
[5.201s][info][gc,ref      ] GC(21) Final: 0 encountered, 0 discovered, 0 enqueued
[5.201s][info][gc,ref      ] GC(21) Phantom: 33 encountered, 11 discovered, 0 enqueued
[5.201s][info][gc,reloc    ] GC(21) Small Pages: 46 / 92M, Empty: 44M, Relocated: 1M, In-Place: 0
[5.201s][info][gc,reloc    ] GC(21) Medium Pages: 0 / 0M, Empty: 0M, Relocated: 0M, In-Place: 0
[5.201s][info][gc,reloc    ] GC(21) Large Pages: 0 / 0M, Empty: 0M, Relocated: 0M, In-Place: 0
[5.201s][info][gc,reloc    ] GC(21) Forwarding Usage: 0M
[5.201s][info][gc,heap     ] GC(21) Min Capacity: 1024M(100%)
[5.201s][info][gc,heap     ] GC(21) Max Capacity: 1024M(100%)
[5.201s][info][gc,heap     ] GC(21) Soft Max Capacity: 1024M(100%)
[5.201s][info][gc,heap     ] GC(21)                Mark Start          Mark End        Relocate Start      Relocate End           High               Low         
[5.201s][info][gc,heap     ] GC(21)  Capacity:     1024M (100%)       1024M (100%)       1024M (100%)       1024M (100%)       1024M (100%)       1024M (100%)   
[5.201s][info][gc,heap     ] GC(21)      Free:      932M (91%)         932M (91%)         976M (95%)         980M (96%)         980M (96%)         932M (91%)    
[5.201s][info][gc,heap     ] GC(21)      Used:       92M (9%)           92M (9%)           48M (5%)           44M (4%)           92M (9%)           44M (4%)     
[5.201s][info][gc,heap     ] GC(21)      Live:         -                32M (3%)           32M (3%)           32M (3%)             -                  -          
[5.201s][info][gc,heap     ] GC(21) Allocated:         -                 0M (0%)            0M (0%)            0M (0%)             -                  -          
[5.201s][info][gc,heap     ] GC(21)   Garbage:         -                59M (6%)           15M (1%)           11M (1%)             -                  -          
[5.201s][info][gc,heap     ] GC(21) Reclaimed:         -                  -                44M (4%)           48M (5%)             -                  -          
[5.201s][info][gc          ] GC(21) Garbage Collection (System.gc()) 92M(9%)->44M(4%)
[5.361s][info][gc,start    ] GC(22) Garbage Collection (System.gc())
[5.362s][info][gc,task     ] GC(22) Using 2 workers
[5.362s][info][gc,phases   ] GC(22) Pause Mark Start 0.008ms
[5.385s][info][gc,phases   ] GC(22) Concurrent Mark 23.106ms
[5.385s][info][gc,phases   ] GC(22) Pause Mark End 0.015ms
[5.385s][info][gc,phases   ] GC(22) Concurrent Mark Free 0.002ms
[5.387s][info][gc,phases   ] GC(22) Concurrent Process Non-Strong References 1.717ms
[5.387s][info][gc,phases   ] GC(22) Concurrent Reset Relocation Set 0.001ms
[5.388s][info][gc,phases   ] GC(22) Concurrent Select Relocation Set 1.458ms
[5.388s][info][gc,phases   ] GC(22) Pause Relocate Start 0.007ms
[5.389s][info][gc,phases   ] GC(22) Concurrent Relocate 0.443ms
[5.389s][info][gc,load     ] GC(22) Load: 0.00/0.00/0.00
[5.389s][info][gc,mmu      ] GC(22) MMU: 2ms/97.9%, 5ms/99.2%, 10ms/99.5%, 20ms/99.7%, 50ms/99.9%, 100ms/99.9%
[5.389s][info][gc,marking  ] GC(22) Mark: 2 stripe(s), 1 proactive flush(es), 1 terminate flush(es), 0 completion(s), 0 continuation(s) 
[5.389s][info][gc,marking  ] GC(22) Mark Stack Usage: 32M
[5.389s][info][gc,nmethod  ] GC(22) NMethods: 1377 registered, 21 unregistered
[5.389s][info][gc,metaspace] GC(22) Metaspace: 12M used, 12M committed, 1088M reserved
[5.389s][info][gc,ref      ] GC(22) Soft: 227 encountered, 0 discovered, 0 enqueued
[5.389s][info][gc,ref      ] GC(22) Weak: 764 encountered, 570 discovered, 0 enqueued
[5.389s][info][gc,ref      ] GC(22) Final: 0 encountered, 0 discovered, 0 enqueued
[5.389s][info][gc,ref      ] GC(22) Phantom: 33 encountered, 12 discovered, 0 enqueued
[5.389s][info][gc,reloc    ] GC(22) Small Pages: 46 / 92M, Empty: 46M, Relocated: 1M, In-Place: 0
[5.389s][info][gc,reloc    ] GC(22) Medium Pages: 0 / 0M, Empty: 0M, Relocated: 0M, In-Place: 0
[5.389s][info][gc,reloc    ] GC(22) Large Pages: 0 / 0M, Empty: 0M, Relocated: 0M, In-Place: 0
[5.389s][info][gc,reloc    ] GC(22) Forwarding Usage: 0M
[5.389s][info][gc,heap     ] GC(22) Min Capacity: 1024M(100%)
[5.389s][info][gc,heap     ] GC(22) Max Capacity: 1024M(100%)
[5.389s][info][gc,heap     ] GC(22) Soft Max Capacity: 1024M(100%)
[5.389s][info][gc,heap     ] GC(22)                Mark Start          Mark End        Relocate Start      Relocate End           High               Low         
[5.389s][info][gc,heap     ] GC(22)  Capacity:     1024M (100%)       1024M (100%)       1024M (100%)       1024M (100%)       1024M (100%)       1024M (100%)   
[5.389s][info][gc,heap     ] GC(22)      Free:      932M (91%)         932M (91%)         978M (96%)         980M (96%)         980M (96%)         932M (91%)    
[5.389s][info][gc,heap     ] GC(22)      Used:       92M (9%)           92M (9%)           46M (4%)           44M (4%)           92M (9%)           44M (4%)     
[5.389s][info][gc,heap     ] GC(22)      Live:         -                32M (3%)           32M (3%)           32M (3%)             -                  -          
[5.389s][info][gc,heap     ] GC(22) Allocated:         -                 0M (0%)            0M (0%)            0M (0%)             -                  -          
[5.389s][info][gc,heap     ] GC(22)   Garbage:         -                59M (6%)           13M (1%)           11M (1%)             -                  -          
[5.389s][info][gc,heap     ] GC(22) Reclaimed:         -                  -                46M (4%)           48M (5%)             -                  -          
[5.389s][info][gc          ] GC(22) Garbage Collection (System.gc()) 92M(9%)->44M(4%)
[5.548s][info][gc,start    ] GC(23) Garbage Collection (System.gc())
[5.548s][info][gc,task     ] GC(23) Using 2 workers
[5.548s][info][gc,phases   ] GC(23) Pause Mark Start 0.009ms
[5.573s][info][gc,phases   ] GC(23) Concurrent Mark 25.057ms
[5.573s][info][gc,phases   ] GC(23) Pause Mark End 0.025ms
[5.573s][info][gc,phases   ] GC(23) Concurrent Mark Free 0.003ms
[5.575s][info][gc,phases   ] GC(23) Concurrent Process Non-Strong References 1.956ms
[5.575s][info][gc,phases   ] GC(23) Concurrent Reset Relocation Set 0.001ms
[5.577s][info][gc,phases   ] GC(23) Concurrent Select Relocation Set 1.260ms
[5.577s][info][gc,phases   ] GC(23) Pause Relocate Start 0.007ms
[5.578s][info][gc,phases   ] GC(23) Concurrent Relocate 0.873ms
[5.578s][info][gc,load     ] GC(23) Load: 0.00/0.00/0.00
[5.578s][info][gc,mmu      ] GC(23) MMU: 2ms/97.9%, 5ms/99.2%, 10ms/99.5%, 20ms/99.7%, 50ms/99.9%, 100ms/99.9%
[5.578s][info][gc,marking  ] GC(23) Mark: 2 stripe(s), 1 proactive flush(es), 1 terminate flush(es), 0 completion(s), 0 continuation(s) 
[5.578s][info][gc,marking  ] GC(23) Mark Stack Usage: 32M
[5.578s][info][gc,nmethod  ] GC(23) NMethods: 1384 registered, 22 unregistered
[5.578s][info][gc,metaspace] GC(23) Metaspace: 12M used, 12M committed, 1088M reserved
[5.578s][info][gc,ref      ] GC(23) Soft: 227 encountered, 0 discovered, 0 enqueued
[5.578s][info][gc,ref      ] GC(23) Weak: 764 encountered, 75 discovered, 0 enqueued
[5.578s][info][gc,ref      ] GC(23) Final: 0 encountered, 0 discovered, 0 enqueued
[5.578s][info][gc,ref      ] GC(23) Phantom: 33 encountered, 15 discovered, 0 enqueued
[5.578s][info][gc,reloc    ] GC(23) Small Pages: 46 / 92M, Empty: 46M, Relocated: 1M, In-Place: 0
[5.578s][info][gc,reloc    ] GC(23) Medium Pages: 0 / 0M, Empty: 0M, Relocated: 0M, In-Place: 0
[5.578s][info][gc,reloc    ] GC(23) Large Pages: 0 / 0M, Empty: 0M, Relocated: 0M, In-Place: 0
[5.578s][info][gc,reloc    ] GC(23) Forwarding Usage: 0M
[5.578s][info][gc,heap     ] GC(23) Min Capacity: 1024M(100%)
[5.578s][info][gc,heap     ] GC(23) Max Capacity: 1024M(100%)
[5.578s][info][gc,heap     ] GC(23) Soft Max Capacity: 1024M(100%)
[5.578s][info][gc,heap     ] GC(23)                Mark Start          Mark End        Relocate Start      Relocate End           High               Low         
[5.578s][info][gc,heap     ] GC(23)  Capacity:     1024M (100%)       1024M (100%)       1024M (100%)       1024M (100%)       1024M (100%)       1024M (100%)   
[5.578s][info][gc,heap     ] GC(23)      Free:      932M (91%)         932M (91%)         978M (96%)         980M (96%)         980M (96%)         932M (91%)    
[5.578s][info][gc,heap     ] GC(23)      Used:       92M (9%)           92M (9%)           46M (4%)           44M (4%)           92M (9%)           44M (4%)     
[5.578s][info][gc,heap     ] GC(23)      Live:         -                32M (3%)           32M (3%)           32M (3%)             -                  -          
[5.578s][info][gc,heap     ] GC(23) Allocated:         -                 0M (0%)            0M (0%)            0M (0%)             -                  -          
[5.578s][info][gc,heap     ] GC(23)   Garbage:         -                59M (6%)           13M (1%)           11M (1%)             -                  -          
[5.578s][info][gc,heap     ] GC(23) Reclaimed:         -                  -                46M (4%)           48M (5%)             -                  -          
[5.578s][info][gc          ] GC(23) Garbage Collection (System.gc()) 92M(9%)->44M(4%)
[5.738s][info][gc,start    ] GC(24) Garbage Collection (System.gc())
[5.739s][info][gc,task     ] GC(24) Using 2 workers
[5.739s][info][gc,phases   ] GC(24) Pause Mark Start 0.007ms
[5.761s][info][gc,phases   ] GC(24) Concurrent Mark 22.618ms
[5.762s][info][gc,phases   ] GC(24) Pause Mark End 0.017ms
[5.762s][info][gc,phases   ] GC(24) Concurrent Mark Free 0.002ms
[5.763s][info][gc,phases   ] GC(24) Concurrent Process Non-Strong References 1.359ms
[5.763s][info][gc,phases   ] GC(24) Concurrent Reset Relocation Set 0.001ms
[5.765s][info][gc,phases   ] GC(24) Concurrent Select Relocation Set 1.684ms
[5.765s][info][gc,phases   ] GC(24) Pause Relocate Start 0.007ms
[5.766s][info][gc,phases   ] GC(24) Concurrent Relocate 0.671ms
[5.766s][info][gc,load     ] GC(24) Load: 0.00/0.00/0.00
[5.766s][info][gc,mmu      ] GC(24) MMU: 2ms/97.9%, 5ms/99.2%, 10ms/99.5%, 20ms/99.7%, 50ms/99.9%, 100ms/99.9%
[5.766s][info][gc,marking  ] GC(24) Mark: 2 stripe(s), 1 proactive flush(es), 1 terminate flush(es), 0 completion(s), 0 continuation(s) 
[5.766s][info][gc,marking  ] GC(24) Mark Stack Usage: 32M
[5.766s][info][gc,nmethod  ] GC(24) NMethods: 1387 registered, 23 unregistered
[5.766s][info][gc,metaspace] GC(24) Metaspace: 12M used, 12M committed, 1088M reserved
[5.766s][info][gc,ref      ] GC(24) Soft: 227 encountered, 0 discovered, 0 enqueued
[5.766s][info][gc,ref      ] GC(24) Weak: 764 encountered, 8 discovered, 0 enqueued
[5.766s][info][gc,ref      ] GC(24) Final: 0 encountered, 0 discovered, 0 enqueued
[5.766s][info][gc,ref      ] GC(24) Phantom: 33 encountered, 12 discovered, 0 enqueued
[5.766s][info][gc,reloc    ] GC(24) Small Pages: 46 / 92M, Empty: 46M, Relocated: 1M, In-Place: 0
[5.766s][info][gc,reloc    ] GC(24) Medium Pages: 0 / 0M, Empty: 0M, Relocated: 0M, In-Place: 0
[5.766s][info][gc,reloc    ] GC(24) Large Pages: 0 / 0M, Empty: 0M, Relocated: 0M, In-Place: 0
[5.766s][info][gc,reloc    ] GC(24) Forwarding Usage: 0M
[5.766s][info][gc,heap     ] GC(24) Min Capacity: 1024M(100%)
[5.766s][info][gc,heap     ] GC(24) Max Capacity: 1024M(100%)
[5.766s][info][gc,heap     ] GC(24) Soft Max Capacity: 1024M(100%)
[5.766s][info][gc,heap     ] GC(24)                Mark Start          Mark End        Relocate Start      Relocate End           High               Low         
[5.766s][info][gc,heap     ] GC(24)  Capacity:     1024M (100%)       1024M (100%)       1024M (100%)       1024M (100%)       1024M (100%)       1024M (100%)   
[5.766s][info][gc,heap     ] GC(24)      Free:      932M (91%)         932M (91%)         978M (96%)         980M (96%)         980M (96%)         932M (91%)    
[5.766s][info][gc,heap     ] GC(24)      Used:       92M (9%)           92M (9%)           46M (4%)           44M (4%)           92M (9%)           44M (4%)     
[5.766s][info][gc,heap     ] GC(24)      Live:         -                32M (3%)           32M (3%)           32M (3%)             -                  -          
[5.766s][info][gc,heap     ] GC(24) Allocated:         -                 0M (0%)            0M (0%)            0M (0%)             -                  -          
[5.766s][info][gc,heap     ] GC(24)   Garbage:         -                59M (6%)           13M (1%)           11M (1%)             -                  -          
[5.766s][info][gc,heap     ] GC(24) Reclaimed:         -                  -                46M (4%)           48M (5%)             -                  -          
[5.766s][info][gc          ] GC(24) Garbage Collection (System.gc()) 92M(9%)->44M(4%)
[5.927s][info][gc,start    ] GC(25) Garbage Collection (System.gc())
[5.927s][info][gc,task     ] GC(25) Using 2 workers
[5.927s][info][gc,phases   ] GC(25) Pause Mark Start 0.008ms
[5.950s][info][gc,phases   ] GC(25) Concurrent Mark 22.451ms
[5.950s][info][gc,phases   ] GC(25) Pause Mark End 0.038ms
[5.950s][info][gc,phases   ] GC(25) Concurrent Mark Free 0.005ms
[5.952s][info][gc,phases   ] GC(25) Concurrent Process Non-Strong References 1.970ms
[5.952s][info][gc,phases   ] GC(25) Concurrent Reset Relocation Set 0.001ms
[5.953s][info][gc,phases   ] GC(25) Concurrent Select Relocation Set 1.137ms
[5.954s][info][gc,phases   ] GC(25) Pause Relocate Start 0.006ms
[5.954s][info][gc,phases   ] GC(25) Concurrent Relocate 0.445ms
[5.954s][info][gc,load     ] GC(25) Load: 0.00/0.00/0.00
[5.954s][info][gc,mmu      ] GC(25) MMU: 2ms/97.9%, 5ms/99.1%, 10ms/99.5%, 20ms/99.7%, 50ms/99.9%, 100ms/99.9%
[5.954s][info][gc,marking  ] GC(25) Mark: 2 stripe(s), 1 proactive flush(es), 1 terminate flush(es), 0 completion(s), 0 continuation(s) 
[5.954s][info][gc,marking  ] GC(25) Mark Stack Usage: 32M
[5.954s][info][gc,nmethod  ] GC(25) NMethods: 1388 registered, 24 unregistered
[5.954s][info][gc,metaspace] GC(25) Metaspace: 12M used, 12M committed, 1088M reserved
[5.954s][info][gc,ref      ] GC(25) Soft: 227 encountered, 0 discovered, 0 enqueued
[5.954s][info][gc,ref      ] GC(25) Weak: 764 encountered, 477 discovered, 0 enqueued
[5.954s][info][gc,ref      ] GC(25) Final: 0 encountered, 0 discovered, 0 enqueued
[5.954s][info][gc,ref      ] GC(25) Phantom: 33 encountered, 18 discovered, 0 enqueued
[5.954s][info][gc,reloc    ] GC(25) Small Pages: 46 / 92M, Empty: 46M, Relocated: 1M, In-Place: 0
[5.954s][info][gc,reloc    ] GC(25) Medium Pages: 0 / 0M, Empty: 0M, Relocated: 0M, In-Place: 0
[5.954s][info][gc,reloc    ] GC(25) Large Pages: 0 / 0M, Empty: 0M, Relocated: 0M, In-Place: 0
[5.954s][info][gc,reloc    ] GC(25) Forwarding Usage: 0M
[5.954s][info][gc,heap     ] GC(25) Min Capacity: 1024M(100%)
[5.954s][info][gc,heap     ] GC(25) Max Capacity: 1024M(100%)
[5.954s][info][gc,heap     ] GC(25) Soft Max Capacity: 1024M(100%)
[5.954s][info][gc,heap     ] GC(25)                Mark Start          Mark End        Relocate Start      Relocate End           High               Low         
[5.954s][info][gc,heap     ] GC(25)  Capacity:     1024M (100%)       1024M (100%)       1024M (100%)       1024M (100%)       1024M (100%)       1024M (100%)   
[5.954s][info][gc,heap     ] GC(25)      Free:      932M (91%)         932M (91%)         978M (96%)         980M (96%)         980M (96%)         932M (91%)    
[5.954s][info][gc,heap     ] GC(25)      Used:       92M (9%)           92M (9%)           46M (4%)           44M (4%)           92M (9%)           44M (4%)     
[5.954s][info][gc,heap     ] GC(25)      Live:         -                32M (3%)           32M (3%)           32M (3%)             -                  -          
[5.954s][info][gc,heap     ] GC(25) Allocated:         -                 0M (0%)            0M (0%)            0M (0%)             -                  -          
[5.954s][info][gc,heap     ] GC(25)   Garbage:         -                59M (6%)           13M (1%)           11M (1%)             -                  -          
[5.954s][info][gc,heap     ] GC(25) Reclaimed:         -                  -                46M (4%)           48M (5%)             -                  -          
[5.954s][info][gc          ] GC(25) Garbage Collection (System.gc()) 92M(9%)->44M(4%)
[6.117s][info][gc,start    ] GC(26) Garbage Collection (System.gc())
[6.117s][info][gc,task     ] GC(26) Using 2 workers
[6.117s][info][gc,phases   ] GC(26) Pause Mark Start 0.014ms
[6.154s][info][gc,phases   ] GC(26) Concurrent Mark 36.639ms
[6.154s][info][gc,phases   ] GC(26) Pause Mark End 0.025ms
[6.154s][info][gc,phases   ] GC(26) Concurrent Mark Free 0.002ms
[6.157s][info][gc,phases   ] GC(26) Concurrent Process Non-Strong References 2.286ms
[6.157s][info][gc,phases   ] GC(26) Concurrent Reset Relocation Set 0.001ms
[6.158s][info][gc,phases   ] GC(26) Concurrent Select Relocation Set 1.359ms
[6.158s][info][gc,phases   ] GC(26) Pause Relocate Start 0.006ms
[6.159s][info][gc,phases   ] GC(26) Concurrent Relocate 0.463ms
[6.159s][info][gc,load     ] GC(26) Load: 0.00/0.00/0.00
[6.159s][info][gc,mmu      ] GC(26) MMU: 2ms/97.9%, 5ms/99.1%, 10ms/99.5%, 20ms/99.7%, 50ms/99.9%, 100ms/99.9%
[6.159s][info][gc,marking  ] GC(26) Mark: 2 stripe(s), 1 proactive flush(es), 1 terminate flush(es), 0 completion(s), 0 continuation(s) 
[6.159s][info][gc,marking  ] GC(26) Mark Stack Usage: 32M
[6.159s][info][gc,nmethod  ] GC(26) NMethods: 1392 registered, 24 unregistered
[6.159s][info][gc,metaspace] GC(26) Metaspace: 12M used, 12M committed, 1088M reserved
[6.159s][info][gc,ref      ] GC(26) Soft: 227 encountered, 0 discovered, 0 enqueued
[6.159s][info][gc,ref      ] GC(26) Weak: 764 encountered, 14 discovered, 0 enqueued
[6.159s][info][gc,ref      ] GC(26) Final: 0 encountered, 0 discovered, 0 enqueued
[6.159s][info][gc,ref      ] GC(26) Phantom: 33 encountered, 20 discovered, 0 enqueued
[6.159s][info][gc,reloc    ] GC(26) Small Pages: 46 / 92M, Empty: 46M, Relocated: 1M, In-Place: 0
[6.159s][info][gc,reloc    ] GC(26) Medium Pages: 0 / 0M, Empty: 0M, Relocated: 0M, In-Place: 0
[6.159s][info][gc,reloc    ] GC(26) Large Pages: 0 / 0M, Empty: 0M, Relocated: 0M, In-Place: 0
[6.159s][info][gc,reloc    ] GC(26) Forwarding Usage: 0M
[6.159s][info][gc,heap     ] GC(26) Min Capacity: 1024M(100%)
[6.159s][info][gc,heap     ] GC(26) Max Capacity: 1024M(100%)
[6.159s][info][gc,heap     ] GC(26) Soft Max Capacity: 1024M(100%)
[6.159s][info][gc,heap     ] GC(26)                Mark Start          Mark End        Relocate Start      Relocate End           High               Low         
[6.159s][info][gc,heap     ] GC(26)  Capacity:     1024M (100%)       1024M (100%)       1024M (100%)       1024M (100%)       1024M (100%)       1024M (100%)   
[6.159s][info][gc,heap     ] GC(26)      Free:      932M (91%)         932M (91%)         978M (96%)         980M (96%)         980M (96%)         932M (91%)    
[6.159s][info][gc,heap     ] GC(26)      Used:       92M (9%)           92M (9%)           46M (4%)           44M (4%)           92M (9%)           44M (4%)     
[6.159s][info][gc,heap     ] GC(26)      Live:         -                32M (3%)           32M (3%)           32M (3%)             -                  -          
[6.159s][info][gc,heap     ] GC(26) Allocated:         -                 0M (0%)            0M (0%)            0M (0%)             -                  -          
[6.159s][info][gc,heap     ] GC(26)   Garbage:         -                59M (6%)           13M (1%)           11M (1%)             -                  -          
[6.159s][info][gc,heap     ] GC(26) Reclaimed:         -                  -                46M (4%)           48M (5%)             -                  -          
[6.159s][info][gc          ] GC(26) Garbage Collection (System.gc()) 92M(9%)->44M(4%)
[6.318s][info][gc,start    ] GC(27) Garbage Collection (System.gc())
[6.318s][info][gc,task     ] GC(27) Using 2 workers
[6.319s][info][gc,phases   ] GC(27) Pause Mark Start 0.008ms
[6.342s][info][gc,phases   ] GC(27) Concurrent Mark 23.451ms
[6.342s][info][gc,phases   ] GC(27) Pause Mark End 0.016ms
[6.342s][info][gc,phases   ] GC(27) Concurrent Mark Free 0.001ms
[6.344s][info][gc,phases   ] GC(27) Concurrent Process Non-Strong References 1.586ms
[6.344s][info][gc,phases   ] GC(27) Concurrent Reset Relocation Set 0.001ms
[6.345s][info][gc,phases   ] GC(27) Concurrent Select Relocation Set 1.377ms
[6.346s][info][gc,phases   ] GC(27) Pause Relocate Start 0.008ms
[6.346s][info][gc,phases   ] GC(27) Concurrent Relocate 0.437ms
[6.346s][info][gc,load     ] GC(27) Load: 0.00/0.00/0.00
[6.346s][info][gc,mmu      ] GC(27) MMU: 2ms/97.9%, 5ms/99.1%, 10ms/99.5%, 20ms/99.7%, 50ms/99.9%, 100ms/99.9%
[6.346s][info][gc,marking  ] GC(27) Mark: 2 stripe(s), 2 proactive flush(es), 1 terminate flush(es), 0 completion(s), 0 continuation(s) 
[6.346s][info][gc,marking  ] GC(27) Mark Stack Usage: 32M
[6.346s][info][gc,nmethod  ] GC(27) NMethods: 1392 registered, 25 unregistered
[6.346s][info][gc,metaspace] GC(27) Metaspace: 12M used, 12M committed, 1088M reserved
[6.346s][info][gc,ref      ] GC(27) Soft: 227 encountered, 0 discovered, 0 enqueued
[6.346s][info][gc,ref      ] GC(27) Weak: 764 encountered, 539 discovered, 0 enqueued
[6.346s][info][gc,ref      ] GC(27) Final: 0 encountered, 0 discovered, 0 enqueued
[6.346s][info][gc,ref      ] GC(27) Phantom: 33 encountered, 17 discovered, 0 enqueued
[6.346s][info][gc,reloc    ] GC(27) Small Pages: 46 / 92M, Empty: 46M, Relocated: 1M, In-Place: 0
[6.346s][info][gc,reloc    ] GC(27) Medium Pages: 0 / 0M, Empty: 0M, Relocated: 0M, In-Place: 0
[6.346s][info][gc,reloc    ] GC(27) Large Pages: 0 / 0M, Empty: 0M, Relocated: 0M, In-Place: 0
[6.346s][info][gc,reloc    ] GC(27) Forwarding Usage: 0M
[6.346s][info][gc,heap     ] GC(27) Min Capacity: 1024M(100%)
[6.346s][info][gc,heap     ] GC(27) Max Capacity: 1024M(100%)
[6.346s][info][gc,heap     ] GC(27) Soft Max Capacity: 1024M(100%)
[6.346s][info][gc,heap     ] GC(27)                Mark Start          Mark End        Relocate Start      Relocate End           High               Low         
[6.346s][info][gc,heap     ] GC(27)  Capacity:     1024M (100%)       1024M (100%)       1024M (100%)       1024M (100%)       1024M (100%)       1024M (100%)   
[6.346s][info][gc,heap     ] GC(27)      Free:      932M (91%)         932M (91%)         978M (96%)         980M (96%)         980M (96%)         932M (91%)    
[6.346s][info][gc,heap     ] GC(27)      Used:       92M (9%)           92M (9%)           46M (4%)           44M (4%)           92M (9%)           44M (4%)     
[6.346s][info][gc,heap     ] GC(27)      Live:         -                32M (3%)           32M (3%)           32M (3%)             -                  -          
[6.346s][info][gc,heap     ] GC(27) Allocated:         -                 0M (0%)            0M (0%)            0M (0%)             -                  -          
[6.346s][info][gc,heap     ] GC(27)   Garbage:         -                59M (6%)           13M (1%)           11M (1%)             -                  -          
[6.346s][info][gc,heap     ] GC(27) Reclaimed:         -                  -                46M (4%)           48M (5%)             -                  -          
[6.346s][info][gc          ] GC(27) Garbage Collection (System.gc()) 92M(9%)->44M(4%)
[6.506s][info][gc,start    ] GC(28) Garbage Collection (System.gc())
[6.506s][info][gc,task     ] GC(28) Using 2 workers
[6.506s][info][gc,phases   ] GC(28) Pause Mark Start 0.013ms
[6.531s][info][gc,phases   ] GC(28) Concurrent Mark 24.570ms
[6.531s][info][gc,phases   ] GC(28) Pause Mark End 0.024ms
[6.531s][info][gc,phases   ] GC(28) Concurrent Mark Free 0.003ms
[6.533s][info][gc,phases   ] GC(28) Concurrent Process Non-Strong References 2.012ms
[6.533s][info][gc,phases   ] GC(28) Concurrent Reset Relocation Set 0.001ms
[6.535s][info][gc,phases   ] GC(28) Concurrent Select Relocation Set 1.382ms
[6.535s][info][gc,phases   ] GC(28) Pause Relocate Start 0.007ms
[6.536s][info][gc,phases   ] GC(28) Concurrent Relocate 0.870ms
[6.536s][info][gc,load     ] GC(28) Load: 0.00/0.00/0.00
[6.536s][info][gc,mmu      ] GC(28) MMU: 2ms/97.9%, 5ms/99.1%, 10ms/99.5%, 20ms/99.7%, 50ms/99.9%, 100ms/99.9%
[6.536s][info][gc,marking  ] GC(28) Mark: 2 stripe(s), 1 proactive flush(es), 1 terminate flush(es), 0 completion(s), 0 continuation(s) 
[6.536s][info][gc,marking  ] GC(28) Mark Stack Usage: 32M
[6.536s][info][gc,nmethod  ] GC(28) NMethods: 1393 registered, 25 unregistered
[6.536s][info][gc,metaspace] GC(28) Metaspace: 12M used, 12M committed, 1088M reserved
[6.536s][info][gc,ref      ] GC(28) Soft: 227 encountered, 0 discovered, 0 enqueued
[6.536s][info][gc,ref      ] GC(28) Weak: 764 encountered, 7 discovered, 0 enqueued
[6.536s][info][gc,ref      ] GC(28) Final: 0 encountered, 0 discovered, 0 enqueued
[6.536s][info][gc,ref      ] GC(28) Phantom: 33 encountered, 18 discovered, 0 enqueued
[6.536s][info][gc,reloc    ] GC(28) Small Pages: 46 / 92M, Empty: 46M, Relocated: 1M, In-Place: 0
[6.536s][info][gc,reloc    ] GC(28) Medium Pages: 0 / 0M, Empty: 0M, Relocated: 0M, In-Place: 0
[6.536s][info][gc,reloc    ] GC(28) Large Pages: 0 / 0M, Empty: 0M, Relocated: 0M, In-Place: 0
[6.536s][info][gc,reloc    ] GC(28) Forwarding Usage: 0M
[6.536s][info][gc,heap     ] GC(28) Min Capacity: 1024M(100%)
[6.536s][info][gc,heap     ] GC(28) Max Capacity: 1024M(100%)
[6.536s][info][gc,heap     ] GC(28) Soft Max Capacity: 1024M(100%)
[6.536s][info][gc,heap     ] GC(28)                Mark Start          Mark End        Relocate Start      Relocate End           High               Low         
[6.536s][info][gc,heap     ] GC(28)  Capacity:     1024M (100%)       1024M (100%)       1024M (100%)       1024M (100%)       1024M (100%)       1024M (100%)   
[6.536s][info][gc,heap     ] GC(28)      Free:      932M (91%)         932M (91%)         978M (96%)         980M (96%)         980M (96%)         932M (91%)    
[6.536s][info][gc,heap     ] GC(28)      Used:       92M (9%)           92M (9%)           46M (4%)           44M (4%)           92M (9%)           44M (4%)     
[6.536s][info][gc,heap     ] GC(28)      Live:         -                32M (3%)           32M (3%)           32M (3%)             -                  -          
[6.536s][info][gc,heap     ] GC(28) Allocated:         -                 0M (0%)            0M (0%)            0M (0%)             -                  -          
[6.536s][info][gc,heap     ] GC(28)   Garbage:         -                59M (6%)           13M (1%)           11M (1%)             -                  -          
[6.536s][info][gc,heap     ] GC(28) Reclaimed:         -                  -                46M (4%)           48M (5%)             -                  -          
[6.536s][info][gc          ] GC(28) Garbage Collection (System.gc()) 92M(9%)->44M(4%)
[6.696s][info][gc,start    ] GC(29) Garbage Collection (System.gc())
[6.696s][info][gc,task     ] GC(29) Using 2 workers
[6.696s][info][gc,phases   ] GC(29) Pause Mark Start 0.010ms
[6.735s][info][gc,phases   ] GC(29) Concurrent Mark 38.518ms
[6.735s][info][gc,phases   ] GC(29) Pause Mark End 0.026ms
[6.735s][info][gc,phases   ] GC(29) Concurrent Mark Free 0.003ms
[6.737s][info][gc,phases   ] GC(29) Concurrent Process Non-Strong References 1.616ms
[6.737s][info][gc,phases   ] GC(29) Concurrent Reset Relocation Set 0.001ms
[6.738s][info][gc,phases   ] GC(29) Concurrent Select Relocation Set 1.146ms
[6.738s][info][gc,phases   ] GC(29) Pause Relocate Start 0.007ms
[6.739s][info][gc,phases   ] GC(29) Concurrent Relocate 0.622ms
[6.739s][info][gc,load     ] GC(29) Load: 0.00/0.00/0.00
[6.739s][info][gc,mmu      ] GC(29) MMU: 2ms/97.9%, 5ms/99.1%, 10ms/99.5%, 20ms/99.7%, 50ms/99.9%, 100ms/99.9%
[6.739s][info][gc,marking  ] GC(29) Mark: 2 stripe(s), 1 proactive flush(es), 1 terminate flush(es), 0 completion(s), 0 continuation(s) 
[6.739s][info][gc,marking  ] GC(29) Mark Stack Usage: 32M
[6.739s][info][gc,nmethod  ] GC(29) NMethods: 1397 registered, 27 unregistered
[6.739s][info][gc,metaspace] GC(29) Metaspace: 12M used, 12M committed, 1088M reserved
[6.739s][info][gc,ref      ] GC(29) Soft: 227 encountered, 0 discovered, 0 enqueued
[6.739s][info][gc,ref      ] GC(29) Weak: 764 encountered, 537 discovered, 0 enqueued
[6.739s][info][gc,ref      ] GC(29) Final: 0 encountered, 0 discovered, 0 enqueued
[6.739s][info][gc,ref      ] GC(29) Phantom: 33 encountered, 13 discovered, 0 enqueued
[6.739s][info][gc,reloc    ] GC(29) Small Pages: 46 / 92M, Empty: 44M, Relocated: 1M, In-Place: 0
[6.739s][info][gc,reloc    ] GC(29) Medium Pages: 0 / 0M, Empty: 0M, Relocated: 0M, In-Place: 0
[6.739s][info][gc,reloc    ] GC(29) Large Pages: 0 / 0M, Empty: 0M, Relocated: 0M, In-Place: 0
[6.739s][info][gc,reloc    ] GC(29) Forwarding Usage: 0M
[6.739s][info][gc,heap     ] GC(29) Min Capacity: 1024M(100%)
[6.739s][info][gc,heap     ] GC(29) Max Capacity: 1024M(100%)
[6.739s][info][gc,heap     ] GC(29) Soft Max Capacity: 1024M(100%)
[6.739s][info][gc,heap     ] GC(29)                Mark Start          Mark End        Relocate Start      Relocate End           High               Low         
[6.739s][info][gc,heap     ] GC(29)  Capacity:     1024M (100%)       1024M (100%)       1024M (100%)       1024M (100%)       1024M (100%)       1024M (100%)   
[6.739s][info][gc,heap     ] GC(29)      Free:      932M (91%)         932M (91%)         976M (95%)         980M (96%)         980M (96%)         932M (91%)    
[6.739s][info][gc,heap     ] GC(29)      Used:       92M (9%)           92M (9%)           48M (5%)           44M (4%)           92M (9%)           44M (4%)     
[6.739s][info][gc,heap     ] GC(29)      Live:         -                32M (3%)           32M (3%)           32M (3%)             -                  -          
[6.739s][info][gc,heap     ] GC(29) Allocated:         -                 0M (0%)            0M (0%)            0M (0%)             -                  -          
[6.739s][info][gc,heap     ] GC(29)   Garbage:         -                59M (6%)           15M (1%)           11M (1%)             -                  -          
[6.739s][info][gc,heap     ] GC(29) Reclaimed:         -                  -                44M (4%)           48M (5%)             -                  -          
[6.739s][info][gc          ] GC(29) Garbage Collection (System.gc()) 92M(9%)->44M(4%)
[6.899s][info][gc,start    ] GC(30) Garbage Collection (System.gc())
[6.899s][info][gc,task     ] GC(30) Using 2 workers
[6.899s][info][gc,phases   ] GC(30) Pause Mark Start 0.008ms
[6.923s][info][gc,phases   ] GC(30) Concurrent Mark 24.401ms
[6.923s][info][gc,phases   ] GC(30) Pause Mark End 0.013ms
[6.923s][info][gc,phases   ] GC(30) Concurrent Mark Free 0.001ms
[6.925s][info][gc,phases   ] GC(30) Concurrent Process Non-Strong References 1.913ms
[6.925s][info][gc,phases   ] GC(30) Concurrent Reset Relocation Set 0.001ms
[6.927s][info][gc,phases   ] GC(30) Concurrent Select Relocation Set 1.571ms
[6.927s][info][gc,phases   ] GC(30) Pause Relocate Start 0.008ms
[6.928s][info][gc,phases   ] GC(30) Concurrent Relocate 0.712ms
[6.928s][info][gc,load     ] GC(30) Load: 0.00/0.00/0.00
[6.928s][info][gc,mmu      ] GC(30) MMU: 2ms/97.9%, 5ms/99.1%, 10ms/99.5%, 20ms/99.7%, 50ms/99.9%, 100ms/99.9%
[6.928s][info][gc,marking  ] GC(30) Mark: 2 stripe(s), 2 proactive flush(es), 1 terminate flush(es), 0 completion(s), 0 continuation(s) 
[6.928s][info][gc,marking  ] GC(30) Mark Stack Usage: 32M
[6.928s][info][gc,nmethod  ] GC(30) NMethods: 1409 registered, 0 unregistered
[6.928s][info][gc,metaspace] GC(30) Metaspace: 12M used, 12M committed, 1088M reserved
[6.928s][info][gc,ref      ] GC(30) Soft: 227 encountered, 0 discovered, 0 enqueued
[6.928s][info][gc,ref      ] GC(30) Weak: 764 encountered, 459 discovered, 0 enqueued
[6.928s][info][gc,ref      ] GC(30) Final: 0 encountered, 0 discovered, 0 enqueued
[6.928s][info][gc,ref      ] GC(30) Phantom: 33 encountered, 14 discovered, 0 enqueued
[6.928s][info][gc,reloc    ] GC(30) Small Pages: 46 / 92M, Empty: 46M, Relocated: 1M, In-Place: 0
[6.928s][info][gc,reloc    ] GC(30) Medium Pages: 0 / 0M, Empty: 0M, Relocated: 0M, In-Place: 0
[6.928s][info][gc,reloc    ] GC(30) Large Pages: 0 / 0M, Empty: 0M, Relocated: 0M, In-Place: 0
[6.928s][info][gc,reloc    ] GC(30) Forwarding Usage: 0M
[6.928s][info][gc,heap     ] GC(30) Min Capacity: 1024M(100%)
[6.928s][info][gc,heap     ] GC(30) Max Capacity: 1024M(100%)
[6.928s][info][gc,heap     ] GC(30) Soft Max Capacity: 1024M(100%)
[6.928s][info][gc,heap     ] GC(30)                Mark Start          Mark End        Relocate Start      Relocate End           High               Low         
[6.928s][info][gc,heap     ] GC(30)  Capacity:     1024M (100%)       1024M (100%)       1024M (100%)       1024M (100%)       1024M (100%)       1024M (100%)   
[6.928s][info][gc,heap     ] GC(30)      Free:      932M (91%)         932M (91%)         978M (96%)         980M (96%)         980M (96%)         932M (91%)    
[6.928s][info][gc,heap     ] GC(30)      Used:       92M (9%)           92M (9%)           46M (4%)           44M (4%)           92M (9%)           44M (4%)     
[6.928s][info][gc,heap     ] GC(30)      Live:         -                32M (3%)           32M (3%)           32M (3%)             -                  -          
[6.928s][info][gc,heap     ] GC(30) Allocated:         -                 0M (0%)            0M (0%)            0M (0%)             -                  -          
[6.928s][info][gc,heap     ] GC(30)   Garbage:         -                59M (6%)           13M (1%)           11M (1%)             -                  -          
[6.928s][info][gc,heap     ] GC(30) Reclaimed:         -                  -                46M (4%)           48M (5%)             -                  -          
[6.928s][info][gc          ] GC(30) Garbage Collection (System.gc()) 92M(9%)->44M(4%)
[7.090s][info][gc,start    ] GC(31) Garbage Collection (System.gc())
[7.090s][info][gc,task     ] GC(31) Using 2 workers
[7.090s][info][gc,phases   ] GC(31) Pause Mark Start 0.007ms
[7.112s][info][gc,phases   ] GC(31) Concurrent Mark 21.522ms
[7.112s][info][gc,phases   ] GC(31) Pause Mark End 0.012ms
[7.112s][info][gc,phases   ] GC(31) Concurrent Mark Free 0.001ms
[7.113s][info][gc,phases   ] GC(31) Concurrent Process Non-Strong References 1.534ms
[7.113s][info][gc,phases   ] GC(31) Concurrent Reset Relocation Set 0.001ms
[7.115s][info][gc,phases   ] GC(31) Concurrent Select Relocation Set 1.475ms
[7.115s][info][gc,phases   ] GC(31) Pause Relocate Start 0.007ms
[7.116s][info][gc,phases   ] GC(31) Concurrent Relocate 0.880ms
[7.116s][info][gc,load     ] GC(31) Load: 0.00/0.00/0.00
[7.116s][info][gc,mmu      ] GC(31) MMU: 2ms/97.9%, 5ms/99.1%, 10ms/99.5%, 20ms/99.7%, 50ms/99.9%, 100ms/99.9%
[7.116s][info][gc,marking  ] GC(31) Mark: 2 stripe(s), 1 proactive flush(es), 1 terminate flush(es), 0 completion(s), 0 continuation(s) 
[7.116s][info][gc,marking  ] GC(31) Mark Stack Usage: 32M
[7.116s][info][gc,nmethod  ] GC(31) NMethods: 1412 registered, 1 unregistered
[7.116s][info][gc,metaspace] GC(31) Metaspace: 12M used, 12M committed, 1088M reserved
[7.116s][info][gc,ref      ] GC(31) Soft: 227 encountered, 0 discovered, 0 enqueued
[7.116s][info][gc,ref      ] GC(31) Weak: 764 encountered, 494 discovered, 0 enqueued
[7.116s][info][gc,ref      ] GC(31) Final: 0 encountered, 0 discovered, 0 enqueued
[7.116s][info][gc,ref      ] GC(31) Phantom: 33 encountered, 19 discovered, 0 enqueued
[7.116s][info][gc,reloc    ] GC(31) Small Pages: 46 / 92M, Empty: 46M, Relocated: 1M, In-Place: 0
[7.116s][info][gc,reloc    ] GC(31) Medium Pages: 0 / 0M, Empty: 0M, Relocated: 0M, In-Place: 0
[7.116s][info][gc,reloc    ] GC(31) Large Pages: 0 / 0M, Empty: 0M, Relocated: 0M, In-Place: 0
[7.116s][info][gc,reloc    ] GC(31) Forwarding Usage: 0M
[7.116s][info][gc,heap     ] GC(31) Min Capacity: 1024M(100%)
[7.116s][info][gc,heap     ] GC(31) Max Capacity: 1024M(100%)
[7.116s][info][gc,heap     ] GC(31) Soft Max Capacity: 1024M(100%)
[7.116s][info][gc,heap     ] GC(31)                Mark Start          Mark End        Relocate Start      Relocate End           High               Low         
[7.116s][info][gc,heap     ] GC(31)  Capacity:     1024M (100%)       1024M (100%)       1024M (100%)       1024M (100%)       1024M (100%)       1024M (100%)   
[7.116s][info][gc,heap     ] GC(31)      Free:      932M (91%)         932M (91%)         978M (96%)         980M (96%)         980M (96%)         932M (91%)    
[7.116s][info][gc,heap     ] GC(31)      Used:       92M (9%)           92M (9%)           46M (4%)           44M (4%)           92M (9%)           44M (4%)     
[7.116s][info][gc,heap     ] GC(31)      Live:         -                32M (3%)           32M (3%)           32M (3%)             -                  -          
[7.116s][info][gc,heap     ] GC(31) Allocated:         -                 0M (0%)            0M (0%)            0M (0%)             -                  -          
[7.116s][info][gc,heap     ] GC(31)   Garbage:         -                59M (6%)           13M (1%)           11M (1%)             -                  -          
[7.116s][info][gc,heap     ] GC(31) Reclaimed:         -                  -                46M (4%)           48M (5%)             -                  -          
[7.116s][info][gc          ] GC(31) Garbage Collection (System.gc()) 92M(9%)->44M(4%)
[7.278s][info][gc,start    ] GC(32) Garbage Collection (System.gc())
[7.278s][info][gc,task     ] GC(32) Using 2 workers
[7.278s][info][gc,phases   ] GC(32) Pause Mark Start 0.010ms
[7.316s][info][gc,phases   ] GC(32) Concurrent Mark 37.850ms
[7.316s][info][gc,phases   ] GC(32) Pause Mark End 0.027ms
[7.316s][info][gc,phases   ] GC(32) Concurrent Mark Free 0.003ms
[7.318s][info][gc,phases   ] GC(32) Concurrent Process Non-Strong References 1.666ms
[7.318s][info][gc,phases   ] GC(32) Concurrent Reset Relocation Set 0.001ms
[7.319s][info][gc,phases   ] GC(32) Concurrent Select Relocation Set 1.134ms
[7.319s][info][gc,phases   ] GC(32) Pause Relocate Start 0.007ms
[7.320s][info][gc,phases   ] GC(32) Concurrent Relocate 0.442ms
[7.320s][info][gc,load     ] GC(32) Load: 0.00/0.00/0.00
[7.320s][info][gc,mmu      ] GC(32) MMU: 2ms/97.9%, 5ms/99.1%, 10ms/99.5%, 20ms/99.7%, 50ms/99.9%, 100ms/99.9%
[7.320s][info][gc,marking  ] GC(32) Mark: 2 stripe(s), 1 proactive flush(es), 1 terminate flush(es), 0 completion(s), 0 continuation(s) 
[7.320s][info][gc,marking  ] GC(32) Mark Stack Usage: 32M
[7.320s][info][gc,nmethod  ] GC(32) NMethods: 1415 registered, 2 unregistered
[7.320s][info][gc,metaspace] GC(32) Metaspace: 12M used, 12M committed, 1088M reserved
[7.320s][info][gc,ref      ] GC(32) Soft: 227 encountered, 0 discovered, 0 enqueued
[7.320s][info][gc,ref      ] GC(32) Weak: 764 encountered, 488 discovered, 0 enqueued
[7.320s][info][gc,ref      ] GC(32) Final: 0 encountered, 0 discovered, 0 enqueued
[7.320s][info][gc,ref      ] GC(32) Phantom: 33 encountered, 14 discovered, 0 enqueued
[7.320s][info][gc,reloc    ] GC(32) Small Pages: 46 / 92M, Empty: 46M, Relocated: 1M, In-Place: 0
[7.320s][info][gc,reloc    ] GC(32) Medium Pages: 0 / 0M, Empty: 0M, Relocated: 0M, In-Place: 0
[7.320s][info][gc,reloc    ] GC(32) Large Pages: 0 / 0M, Empty: 0M, Relocated: 0M, In-Place: 0
[7.320s][info][gc,reloc    ] GC(32) Forwarding Usage: 0M
[7.320s][info][gc,heap     ] GC(32) Min Capacity: 1024M(100%)
[7.320s][info][gc,heap     ] GC(32) Max Capacity: 1024M(100%)
[7.320s][info][gc,heap     ] GC(32) Soft Max Capacity: 1024M(100%)
[7.320s][info][gc,heap     ] GC(32)                Mark Start          Mark End        Relocate Start      Relocate End           High               Low         
[7.320s][info][gc,heap     ] GC(32)  Capacity:     1024M (100%)       1024M (100%)       1024M (100%)       1024M (100%)       1024M (100%)       1024M (100%)   
[7.320s][info][gc,heap     ] GC(32)      Free:      932M (91%)         932M (91%)         978M (96%)         980M (96%)         980M (96%)         932M (91%)    
[7.320s][info][gc,heap     ] GC(32)      Used:       92M (9%)           92M (9%)           46M (4%)           44M (4%)           92M (9%)           44M (4%)     
[7.320s][info][gc,heap     ] GC(32)      Live:         -                32M (3%)           32M (3%)           32M (3%)             -                  -          
[7.320s][info][gc,heap     ] GC(32) Allocated:         -                 0M (0%)            0M (0%)            0M (0%)             -                  -          
[7.320s][info][gc,heap     ] GC(32)   Garbage:         -                59M (6%)           13M (1%)           11M (1%)             -                  -          
[7.320s][info][gc,heap     ] GC(32) Reclaimed:         -                  -                46M (4%)           48M (5%)             -                  -          
[7.320s][info][gc          ] GC(32) Garbage Collection (System.gc()) 92M(9%)->44M(4%)
[7.480s][info][gc,start    ] GC(33) Garbage Collection (System.gc())
[7.480s][info][gc,task     ] GC(33) Using 2 workers
[7.480s][info][gc,phases   ] GC(33) Pause Mark Start 0.014ms
[7.504s][info][gc,phases   ] GC(33) Concurrent Mark 24.136ms
[7.505s][info][gc,phases   ] GC(33) Pause Mark End 0.024ms
[7.505s][info][gc,phases   ] GC(33) Concurrent Mark Free 0.002ms
[7.506s][info][gc,phases   ] GC(33) Concurrent Process Non-Strong References 1.473ms
[7.506s][info][gc,phases   ] GC(33) Concurrent Reset Relocation Set 0.001ms
[7.507s][info][gc,phases   ] GC(33) Concurrent Select Relocation Set 1.197ms
[7.507s][info][gc,phases   ] GC(33) Pause Relocate Start 0.007ms
[7.508s][info][gc,phases   ] GC(33) Concurrent Relocate 0.445ms
[7.508s][info][gc,load     ] GC(33) Load: 0.00/0.00/0.00
[7.508s][info][gc,mmu      ] GC(33) MMU: 2ms/97.9%, 5ms/99.1%, 10ms/99.5%, 20ms/99.7%, 50ms/99.9%, 100ms/99.9%
[7.508s][info][gc,marking  ] GC(33) Mark: 2 stripe(s), 2 proactive flush(es), 1 terminate flush(es), 0 completion(s), 0 continuation(s) 
[7.508s][info][gc,marking  ] GC(33) Mark Stack Usage: 32M
[7.508s][info][gc,nmethod  ] GC(33) NMethods: 1415 registered, 2 unregistered
[7.508s][info][gc,metaspace] GC(33) Metaspace: 12M used, 12M committed, 1088M reserved
[7.508s][info][gc,ref      ] GC(33) Soft: 227 encountered, 0 discovered, 0 enqueued
[7.508s][info][gc,ref      ] GC(33) Weak: 764 encountered, 8 discovered, 0 enqueued
[7.508s][info][gc,ref      ] GC(33) Final: 0 encountered, 0 discovered, 0 enqueued
[7.508s][info][gc,ref      ] GC(33) Phantom: 33 encountered, 15 discovered, 0 enqueued
[7.508s][info][gc,reloc    ] GC(33) Small Pages: 46 / 92M, Empty: 46M, Relocated: 1M, In-Place: 0
[7.508s][info][gc,reloc    ] GC(33) Medium Pages: 0 / 0M, Empty: 0M, Relocated: 0M, In-Place: 0
[7.508s][info][gc,reloc    ] GC(33) Large Pages: 0 / 0M, Empty: 0M, Relocated: 0M, In-Place: 0
[7.508s][info][gc,reloc    ] GC(33) Forwarding Usage: 0M
[7.508s][info][gc,heap     ] GC(33) Min Capacity: 1024M(100%)
[7.508s][info][gc,heap     ] GC(33) Max Capacity: 1024M(100%)
[7.508s][info][gc,heap     ] GC(33) Soft Max Capacity: 1024M(100%)
[7.508s][info][gc,heap     ] GC(33)                Mark Start          Mark End        Relocate Start      Relocate End           High               Low         
[7.508s][info][gc,heap     ] GC(33)  Capacity:     1024M (100%)       1024M (100%)       1024M (100%)       1024M (100%)       1024M (100%)       1024M (100%)   
[7.508s][info][gc,heap     ] GC(33)      Free:      932M (91%)         932M (91%)         978M (96%)         980M (96%)         980M (96%)         932M (91%)    
[7.508s][info][gc,heap     ] GC(33)      Used:       92M (9%)           92M (9%)           46M (4%)           44M (4%)           92M (9%)           44M (4%)     
[7.508s][info][gc,heap     ] GC(33)      Live:         -                32M (3%)           32M (3%)           32M (3%)             -                  -          
[7.508s][info][gc,heap     ] GC(33) Allocated:         -                 0M (0%)            0M (0%)            0M (0%)             -                  -          
[7.508s][info][gc,heap     ] GC(33)   Garbage:         -                59M (6%)           13M (1%)           11M (1%)             -                  -          
[7.508s][info][gc,heap     ] GC(33) Reclaimed:         -                  -                46M (4%)           48M (5%)             -                  -          
[7.508s][info][gc          ] GC(33) Garbage Collection (System.gc()) 92M(9%)->44M(4%)
[7.669s][info][gc,start    ] GC(34) Garbage Collection (System.gc())
[7.669s][info][gc,task     ] GC(34) Using 2 workers
[7.669s][info][gc,phases   ] GC(34) Pause Mark Start 0.013ms
[7.692s][info][gc,phases   ] GC(34) Concurrent Mark 22.982ms
[7.692s][info][gc,phases   ] GC(34) Pause Mark End 0.020ms
[7.692s][info][gc,phases   ] GC(34) Concurrent Mark Free 0.003ms
[7.694s][info][gc,phases   ] GC(34) Concurrent Process Non-Strong References 2.158ms
[7.694s][info][gc,phases   ] GC(34) Concurrent Reset Relocation Set 0.001ms
[7.696s][info][gc,phases   ] GC(34) Concurrent Select Relocation Set 1.387ms
[7.696s][info][gc,phases   ] GC(34) Pause Relocate Start 0.008ms
[7.697s][info][gc,phases   ] GC(34) Concurrent Relocate 0.870ms
[7.697s][info][gc,load     ] GC(34) Load: 0.00/0.00/0.00
[7.697s][info][gc,mmu      ] GC(34) MMU: 2ms/97.9%, 5ms/99.1%, 10ms/99.5%, 20ms/99.7%, 50ms/99.9%, 100ms/99.9%
[7.697s][info][gc,marking  ] GC(34) Mark: 2 stripe(s), 1 proactive flush(es), 1 terminate flush(es), 0 completion(s), 0 continuation(s) 
[7.697s][info][gc,marking  ] GC(34) Mark Stack Usage: 32M
[7.697s][info][gc,nmethod  ] GC(34) NMethods: 1415 registered, 4 unregistered
[7.697s][info][gc,metaspace] GC(34) Metaspace: 12M used, 12M committed, 1088M reserved
[7.697s][info][gc,ref      ] GC(34) Soft: 227 encountered, 0 discovered, 0 enqueued
[7.697s][info][gc,ref      ] GC(34) Weak: 764 encountered, 507 discovered, 0 enqueued
[7.697s][info][gc,ref      ] GC(34) Final: 0 encountered, 0 discovered, 0 enqueued
[7.697s][info][gc,ref      ] GC(34) Phantom: 33 encountered, 15 discovered, 0 enqueued
[7.697s][info][gc,reloc    ] GC(34) Small Pages: 46 / 92M, Empty: 44M, Relocated: 1M, In-Place: 0
[7.697s][info][gc,reloc    ] GC(34) Medium Pages: 0 / 0M, Empty: 0M, Relocated: 0M, In-Place: 0
[7.697s][info][gc,reloc    ] GC(34) Large Pages: 0 / 0M, Empty: 0M, Relocated: 0M, In-Place: 0
[7.697s][info][gc,reloc    ] GC(34) Forwarding Usage: 0M
[7.697s][info][gc,heap     ] GC(34) Min Capacity: 1024M(100%)
[7.697s][info][gc,heap     ] GC(34) Max Capacity: 1024M(100%)
[7.697s][info][gc,heap     ] GC(34) Soft Max Capacity: 1024M(100%)
[7.697s][info][gc,heap     ] GC(34)                Mark Start          Mark End        Relocate Start      Relocate End           High               Low         
[7.697s][info][gc,heap     ] GC(34)  Capacity:     1024M (100%)       1024M (100%)       1024M (100%)       1024M (100%)       1024M (100%)       1024M (100%)   
[7.697s][info][gc,heap     ] GC(34)      Free:      932M (91%)         932M (91%)         976M (95%)         980M (96%)         980M (96%)         932M (91%)    
[7.697s][info][gc,heap     ] GC(34)      Used:       92M (9%)           92M (9%)           48M (5%)           44M (4%)           92M (9%)           44M (4%)     
[7.697s][info][gc,heap     ] GC(34)      Live:         -                32M (3%)           32M (3%)           32M (3%)             -                  -          
[7.697s][info][gc,heap     ] GC(34) Allocated:         -                 0M (0%)            0M (0%)            0M (0%)             -                  -          
[7.697s][info][gc,heap     ] GC(34)   Garbage:         -                59M (6%)           15M (1%)           11M (1%)             -                  -          
[7.697s][info][gc,heap     ] GC(34) Reclaimed:         -                  -                44M (4%)           48M (5%)             -                  -          
[7.697s][info][gc          ] GC(34) Garbage Collection (System.gc()) 92M(9%)->44M(4%)
[7.857s][info][gc,start    ] GC(35) Garbage Collection (System.gc())
[7.857s][info][gc,task     ] GC(35) Using 2 workers
[7.858s][info][gc,phases   ] GC(35) Pause Mark Start 0.008ms
[7.880s][info][gc,phases   ] GC(35) Concurrent Mark 22.788ms
[7.881s][info][gc,phases   ] GC(35) Pause Mark End 0.025ms
[7.881s][info][gc,phases   ] GC(35) Concurrent Mark Free 0.003ms
[7.883s][info][gc,phases   ] GC(35) Concurrent Process Non-Strong References 2.172ms
[7.883s][info][gc,phases   ] GC(35) Concurrent Reset Relocation Set 0.001ms
[7.884s][info][gc,phases   ] GC(35) Concurrent Select Relocation Set 1.314ms
[7.884s][info][gc,phases   ] GC(35) Pause Relocate Start 0.006ms
[7.885s][info][gc,phases   ] GC(35) Concurrent Relocate 0.444ms
[7.885s][info][gc,load     ] GC(35) Load: 0.00/0.00/0.00
[7.885s][info][gc,mmu      ] GC(35) MMU: 2ms/97.9%, 5ms/99.1%, 10ms/99.5%, 20ms/99.7%, 50ms/99.9%, 100ms/99.9%
[7.885s][info][gc,marking  ] GC(35) Mark: 2 stripe(s), 1 proactive flush(es), 1 terminate flush(es), 0 completion(s), 0 continuation(s) 
[7.885s][info][gc,marking  ] GC(35) Mark Stack Usage: 32M
[7.885s][info][gc,nmethod  ] GC(35) NMethods: 1419 registered, 4 unregistered
[7.885s][info][gc,metaspace] GC(35) Metaspace: 12M used, 12M committed, 1088M reserved
[7.885s][info][gc,ref      ] GC(35) Soft: 227 encountered, 0 discovered, 0 enqueued
[7.885s][info][gc,ref      ] GC(35) Weak: 764 encountered, 580 discovered, 0 enqueued
[7.885s][info][gc,ref      ] GC(35) Final: 0 encountered, 0 discovered, 0 enqueued
[7.885s][info][gc,ref      ] GC(35) Phantom: 33 encountered, 11 discovered, 0 enqueued
[7.885s][info][gc,reloc    ] GC(35) Small Pages: 46 / 92M, Empty: 46M, Relocated: 1M, In-Place: 0
[7.885s][info][gc,reloc    ] GC(35) Medium Pages: 0 / 0M, Empty: 0M, Relocated: 0M, In-Place: 0
[7.885s][info][gc,reloc    ] GC(35) Large Pages: 0 / 0M, Empty: 0M, Relocated: 0M, In-Place: 0
[7.885s][info][gc,reloc    ] GC(35) Forwarding Usage: 0M
[7.885s][info][gc,heap     ] GC(35) Min Capacity: 1024M(100%)
[7.885s][info][gc,heap     ] GC(35) Max Capacity: 1024M(100%)
[7.885s][info][gc,heap     ] GC(35) Soft Max Capacity: 1024M(100%)
[7.885s][info][gc,heap     ] GC(35)                Mark Start          Mark End        Relocate Start      Relocate End           High               Low         
[7.885s][info][gc,heap     ] GC(35)  Capacity:     1024M (100%)       1024M (100%)       1024M (100%)       1024M (100%)       1024M (100%)       1024M (100%)   
[7.885s][info][gc,heap     ] GC(35)      Free:      932M (91%)         932M (91%)         978M (96%)         980M (96%)         980M (96%)         932M (91%)    
[7.885s][info][gc,heap     ] GC(35)      Used:       92M (9%)           92M (9%)           46M (4%)           44M (4%)           92M (9%)           44M (4%)     
[7.885s][info][gc,heap     ] GC(35)      Live:         -                32M (3%)           32M (3%)           32M (3%)             -                  -          
[7.885s][info][gc,heap     ] GC(35) Allocated:         -                 0M (0%)            0M (0%)            0M (0%)             -                  -          
[7.885s][info][gc,heap     ] GC(35)   Garbage:         -                59M (6%)           13M (1%)           11M (1%)             -                  -          
[7.885s][info][gc,heap     ] GC(35) Reclaimed:         -                  -                46M (4%)           48M (5%)             -                  -          
[7.885s][info][gc          ] GC(35) Garbage Collection (System.gc()) 92M(9%)->44M(4%)
[8.045s][info][gc,start    ] GC(36) Garbage Collection (System.gc())
[8.046s][info][gc,task     ] GC(36) Using 2 workers
[8.046s][info][gc,phases   ] GC(36) Pause Mark Start 0.010ms
[8.069s][info][gc,phases   ] GC(36) Concurrent Mark 23.012ms
[8.069s][info][gc,phases   ] GC(36) Pause Mark End 0.022ms
[8.069s][info][gc,phases   ] GC(36) Concurrent Mark Free 0.004ms
[8.071s][info][gc,phases   ] GC(36) Concurrent Process Non-Strong References 2.104ms
[8.071s][info][gc,phases   ] GC(36) Concurrent Reset Relocation Set 0.001ms
[8.073s][info][gc,phases   ] GC(36) Concurrent Select Relocation Set 1.351ms
[8.073s][info][gc,phases   ] GC(36) Pause Relocate Start 0.006ms
[8.073s][info][gc,phases   ] GC(36) Concurrent Relocate 0.570ms
[8.073s][info][gc,load     ] GC(36) Load: 0.00/0.00/0.00
[8.073s][info][gc,mmu      ] GC(36) MMU: 2ms/97.9%, 5ms/99.1%, 10ms/99.5%, 20ms/99.7%, 50ms/99.9%, 100ms/99.9%
[8.073s][info][gc,marking  ] GC(36) Mark: 2 stripe(s), 1 proactive flush(es), 1 terminate flush(es), 0 completion(s), 0 continuation(s) 
[8.073s][info][gc,marking  ] GC(36) Mark Stack Usage: 32M
[8.073s][info][gc,nmethod  ] GC(36) NMethods: 1419 registered, 4 unregistered
[8.073s][info][gc,metaspace] GC(36) Metaspace: 12M used, 12M committed, 1088M reserved
[8.074s][info][gc,ref      ] GC(36) Soft: 227 encountered, 0 discovered, 0 enqueued
[8.074s][info][gc,ref      ] GC(36) Weak: 764 encountered, 409 discovered, 0 enqueued
[8.074s][info][gc,ref      ] GC(36) Final: 0 encountered, 0 discovered, 0 enqueued
[8.074s][info][gc,ref      ] GC(36) Phantom: 33 encountered, 16 discovered, 0 enqueued
[8.074s][info][gc,reloc    ] GC(36) Small Pages: 46 / 92M, Empty: 46M, Relocated: 1M, In-Place: 0
[8.074s][info][gc,reloc    ] GC(36) Medium Pages: 0 / 0M, Empty: 0M, Relocated: 0M, In-Place: 0
[8.074s][info][gc,reloc    ] GC(36) Large Pages: 0 / 0M, Empty: 0M, Relocated: 0M, In-Place: 0
[8.074s][info][gc,reloc    ] GC(36) Forwarding Usage: 0M
[8.074s][info][gc,heap     ] GC(36) Min Capacity: 1024M(100%)
[8.074s][info][gc,heap     ] GC(36) Max Capacity: 1024M(100%)
[8.074s][info][gc,heap     ] GC(36) Soft Max Capacity: 1024M(100%)
[8.074s][info][gc,heap     ] GC(36)                Mark Start          Mark End        Relocate Start      Relocate End           High               Low         
[8.074s][info][gc,heap     ] GC(36)  Capacity:     1024M (100%)       1024M (100%)       1024M (100%)       1024M (100%)       1024M (100%)       1024M (100%)   
[8.074s][info][gc,heap     ] GC(36)      Free:      932M (91%)         932M (91%)         978M (96%)         980M (96%)         980M (96%)         932M (91%)    
[8.074s][info][gc,heap     ] GC(36)      Used:       92M (9%)           92M (9%)           46M (4%)           44M (4%)           92M (9%)           44M (4%)     
[8.074s][info][gc,heap     ] GC(36)      Live:         -                32M (3%)           32M (3%)           32M (3%)             -                  -          
[8.074s][info][gc,heap     ] GC(36) Allocated:         -                 0M (0%)            0M (0%)            0M (0%)             -                  -          
[8.074s][info][gc,heap     ] GC(36)   Garbage:         -                59M (6%)           13M (1%)           11M (1%)             -                  -          
[8.074s][info][gc,heap     ] GC(36) Reclaimed:         -                  -                46M (4%)           48M (5%)             -                  -          
[8.074s][info][gc          ] GC(36) Garbage Collection (System.gc()) 92M(9%)->44M(4%)
[8.233s][info][gc,start    ] GC(37) Garbage Collection (System.gc())
[8.233s][info][gc,task     ] GC(37) Using 2 workers
[8.233s][info][gc,phases   ] GC(37) Pause Mark Start 0.012ms
[8.257s][info][gc,phases   ] GC(37) Concurrent Mark 23.514ms
[8.257s][info][gc,phases   ] GC(37) Pause Mark End 0.025ms
[8.257s][info][gc,phases   ] GC(37) Concurrent Mark Free 0.003ms
[8.259s][info][gc,phases   ] GC(37) Concurrent Process Non-Strong References 1.768ms
[8.259s][info][gc,phases   ] GC(37) Concurrent Reset Relocation Set 0.001ms
[8.262s][info][gc,phases   ] GC(37) Concurrent Select Relocation Set 3.096ms
[8.262s][info][gc,phases   ] GC(37) Pause Relocate Start 0.007ms
[8.263s][info][gc,phases   ] GC(37) Concurrent Relocate 0.939ms
[8.263s][info][gc,load     ] GC(37) Load: 0.00/0.00/0.00
[8.263s][info][gc,mmu      ] GC(37) MMU: 2ms/97.9%, 5ms/99.1%, 10ms/99.5%, 20ms/99.7%, 50ms/99.9%, 100ms/99.9%
[8.263s][info][gc,marking  ] GC(37) Mark: 2 stripe(s), 1 proactive flush(es), 1 terminate flush(es), 0 completion(s), 0 continuation(s) 
[8.263s][info][gc,marking  ] GC(37) Mark Stack Usage: 32M
[8.263s][info][gc,nmethod  ] GC(37) NMethods: 1422 registered, 5 unregistered
[8.264s][info][gc,metaspace] GC(37) Metaspace: 12M used, 12M committed, 1088M reserved
[8.264s][info][gc,ref      ] GC(37) Soft: 227 encountered, 0 discovered, 0 enqueued
[8.264s][info][gc,ref      ] GC(37) Weak: 764 encountered, 74 discovered, 0 enqueued
[8.264s][info][gc,ref      ] GC(37) Final: 0 encountered, 0 discovered, 0 enqueued
[8.264s][info][gc,ref      ] GC(37) Phantom: 33 encountered, 15 discovered, 0 enqueued
[8.264s][info][gc,reloc    ] GC(37) Small Pages: 46 / 92M, Empty: 46M, Relocated: 1M, In-Place: 0
[8.264s][info][gc,reloc    ] GC(37) Medium Pages: 0 / 0M, Empty: 0M, Relocated: 0M, In-Place: 0
[8.264s][info][gc,reloc    ] GC(37) Large Pages: 0 / 0M, Empty: 0M, Relocated: 0M, In-Place: 0
[8.264s][info][gc,reloc    ] GC(37) Forwarding Usage: 0M
[8.264s][info][gc,heap     ] GC(37) Min Capacity: 1024M(100%)
[8.264s][info][gc,heap     ] GC(37) Max Capacity: 1024M(100%)
[8.264s][info][gc,heap     ] GC(37) Soft Max Capacity: 1024M(100%)
[8.264s][info][gc,heap     ] GC(37)                Mark Start          Mark End        Relocate Start      Relocate End           High               Low         
[8.264s][info][gc,heap     ] GC(37)  Capacity:     1024M (100%)       1024M (100%)       1024M (100%)       1024M (100%)       1024M (100%)       1024M (100%)   
[8.264s][info][gc,heap     ] GC(37)      Free:      932M (91%)         932M (91%)         978M (96%)         980M (96%)         980M (96%)         932M (91%)    
[8.264s][info][gc,heap     ] GC(37)      Used:       92M (9%)           92M (9%)           46M (4%)           44M (4%)           92M (9%)           44M (4%)     
[8.264s][info][gc,heap     ] GC(37)      Live:         -                32M (3%)           32M (3%)           32M (3%)             -                  -          
[8.264s][info][gc,heap     ] GC(37) Allocated:         -                 0M (0%)            0M (0%)            0M (0%)             -                  -          
[8.264s][info][gc,heap     ] GC(37)   Garbage:         -                59M (6%)           13M (1%)           11M (1%)             -                  -          
[8.264s][info][gc,heap     ] GC(37) Reclaimed:         -                  -                46M (4%)           48M (5%)             -                  -          
[8.264s][info][gc          ] GC(37) Garbage Collection (System.gc()) 92M(9%)->44M(4%)
[8.425s][info][gc,start    ] GC(38) Garbage Collection (System.gc())
[8.425s][info][gc,task     ] GC(38) Using 2 workers
[8.425s][info][gc,phases   ] GC(38) Pause Mark Start 0.010ms
[8.446s][info][gc,phases   ] GC(38) Concurrent Mark 20.776ms
[8.446s][info][gc,phases   ] GC(38) Pause Mark End 0.025ms
[8.446s][info][gc,phases   ] GC(38) Concurrent Mark Free 0.002ms
[8.447s][info][gc,phases   ] GC(38) Concurrent Process Non-Strong References 1.455ms
[8.447s][info][gc,phases   ] GC(38) Concurrent Reset Relocation Set 0.001ms
[8.449s][info][gc,phases   ] GC(38) Concurrent Select Relocation Set 1.562ms
[8.449s][info][gc,phases   ] GC(38) Pause Relocate Start 0.008ms
[8.450s][info][gc,phases   ] GC(38) Concurrent Relocate 0.434ms
[8.450s][info][gc,load     ] GC(38) Load: 0.00/0.00/0.00
[8.450s][info][gc,mmu      ] GC(38) MMU: 2ms/97.9%, 5ms/99.1%, 10ms/99.5%, 20ms/99.7%, 50ms/99.9%, 100ms/99.9%
[8.450s][info][gc,marking  ] GC(38) Mark: 2 stripe(s), 1 proactive flush(es), 1 terminate flush(es), 0 completion(s), 0 continuation(s) 
[8.450s][info][gc,marking  ] GC(38) Mark Stack Usage: 32M
[8.450s][info][gc,nmethod  ] GC(38) NMethods: 1434 registered, 5 unregistered
[8.450s][info][gc,metaspace] GC(38) Metaspace: 12M used, 12M committed, 1088M reserved
[8.450s][info][gc,ref      ] GC(38) Soft: 227 encountered, 0 discovered, 0 enqueued
[8.450s][info][gc,ref      ] GC(38) Weak: 764 encountered, 559 discovered, 0 enqueued
[8.450s][info][gc,ref      ] GC(38) Final: 0 encountered, 0 discovered, 0 enqueued
[8.450s][info][gc,ref      ] GC(38) Phantom: 33 encountered, 11 discovered, 0 enqueued
[8.450s][info][gc,reloc    ] GC(38) Small Pages: 46 / 92M, Empty: 46M, Relocated: 1M, In-Place: 0
[8.450s][info][gc,reloc    ] GC(38) Medium Pages: 0 / 0M, Empty: 0M, Relocated: 0M, In-Place: 0
[8.450s][info][gc,reloc    ] GC(38) Large Pages: 0 / 0M, Empty: 0M, Relocated: 0M, In-Place: 0
[8.450s][info][gc,reloc    ] GC(38) Forwarding Usage: 0M
[8.450s][info][gc,heap     ] GC(38) Min Capacity: 1024M(100%)
[8.450s][info][gc,heap     ] GC(38) Max Capacity: 1024M(100%)
[8.450s][info][gc,heap     ] GC(38) Soft Max Capacity: 1024M(100%)
[8.450s][info][gc,heap     ] GC(38)                Mark Start          Mark End        Relocate Start      Relocate End           High               Low         
[8.450s][info][gc,heap     ] GC(38)  Capacity:     1024M (100%)       1024M (100%)       1024M (100%)       1024M (100%)       1024M (100%)       1024M (100%)   
[8.450s][info][gc,heap     ] GC(38)      Free:      932M (91%)         932M (91%)         978M (96%)         980M (96%)         980M (96%)         932M (91%)    
[8.450s][info][gc,heap     ] GC(38)      Used:       92M (9%)           92M (9%)           46M (4%)           44M (4%)           92M (9%)           44M (4%)     
[8.450s][info][gc,heap     ] GC(38)      Live:         -                32M (3%)           32M (3%)           32M (3%)             -                  -          
[8.450s][info][gc,heap     ] GC(38) Allocated:         -                 0M (0%)            0M (0%)            0M (0%)             -                  -          
[8.450s][info][gc,heap     ] GC(38)   Garbage:         -                59M (6%)           13M (1%)           11M (1%)             -                  -          
[8.450s][info][gc,heap     ] GC(38) Reclaimed:         -                  -                46M (4%)           48M (5%)             -                  -          
[8.450s][info][gc          ] GC(38) Garbage Collection (System.gc()) 92M(9%)->44M(4%)
[8.609s][info][gc,start    ] GC(39) Garbage Collection (System.gc())
[8.609s][info][gc,task     ] GC(39) Using 2 workers
[8.609s][info][gc,phases   ] GC(39) Pause Mark Start 0.009ms
[8.634s][info][gc,phases   ] GC(39) Concurrent Mark 25.186ms
[8.635s][info][gc,phases   ] GC(39) Pause Mark End 0.026ms
[8.635s][info][gc,phases   ] GC(39) Concurrent Mark Free 0.003ms
[8.637s][info][gc,phases   ] GC(39) Concurrent Process Non-Strong References 1.678ms
[8.637s][info][gc,phases   ] GC(39) Concurrent Reset Relocation Set 0.001ms
[8.638s][info][gc,phases   ] GC(39) Concurrent Select Relocation Set 1.132ms
[8.638s][info][gc,phases   ] GC(39) Pause Relocate Start 0.007ms
[8.638s][info][gc,phases   ] GC(39) Concurrent Relocate 0.440ms
[8.638s][info][gc,load     ] GC(39) Load: 0.00/0.00/0.00
[8.638s][info][gc,mmu      ] GC(39) MMU: 2ms/97.9%, 5ms/99.1%, 10ms/99.5%, 20ms/99.7%, 50ms/99.9%, 100ms/99.9%
[8.638s][info][gc,marking  ] GC(39) Mark: 2 stripe(s), 1 proactive flush(es), 1 terminate flush(es), 0 completion(s), 0 continuation(s) 
[8.638s][info][gc,marking  ] GC(39) Mark Stack Usage: 32M
[8.638s][info][gc,nmethod  ] GC(39) NMethods: 1434 registered, 5 unregistered
[8.638s][info][gc,metaspace] GC(39) Metaspace: 12M used, 12M committed, 1088M reserved
[8.638s][info][gc,ref      ] GC(39) Soft: 227 encountered, 0 discovered, 0 enqueued
[8.638s][info][gc,ref      ] GC(39) Weak: 764 encountered, 7 discovered, 0 enqueued
[8.638s][info][gc,ref      ] GC(39) Final: 0 encountered, 0 discovered, 0 enqueued
[8.638s][info][gc,ref      ] GC(39) Phantom: 33 encountered, 12 discovered, 0 enqueued
[8.638s][info][gc,reloc    ] GC(39) Small Pages: 46 / 92M, Empty: 46M, Relocated: 1M, In-Place: 0
[8.638s][info][gc,reloc    ] GC(39) Medium Pages: 0 / 0M, Empty: 0M, Relocated: 0M, In-Place: 0
[8.638s][info][gc,reloc    ] GC(39) Large Pages: 0 / 0M, Empty: 0M, Relocated: 0M, In-Place: 0
[8.638s][info][gc,reloc    ] GC(39) Forwarding Usage: 0M
[8.638s][info][gc,heap     ] GC(39) Min Capacity: 1024M(100%)
[8.638s][info][gc,heap     ] GC(39) Max Capacity: 1024M(100%)
[8.638s][info][gc,heap     ] GC(39) Soft Max Capacity: 1024M(100%)
[8.638s][info][gc,heap     ] GC(39)                Mark Start          Mark End        Relocate Start      Relocate End           High               Low         
[8.638s][info][gc,heap     ] GC(39)  Capacity:     1024M (100%)       1024M (100%)       1024M (100%)       1024M (100%)       1024M (100%)       1024M (100%)   
[8.638s][info][gc,heap     ] GC(39)      Free:      932M (91%)         932M (91%)         978M (96%)         980M (96%)         980M (96%)         932M (91%)    
[8.638s][info][gc,heap     ] GC(39)      Used:       92M (9%)           92M (9%)           46M (4%)           44M (4%)           92M (9%)           44M (4%)     
[8.638s][info][gc,heap     ] GC(39)      Live:         -                32M (3%)           32M (3%)           32M (3%)             -                  -          
[8.638s][info][gc,heap     ] GC(39) Allocated:         -                 0M (0%)            0M (0%)            0M (0%)             -                  -          
[8.638s][info][gc,heap     ] GC(39)   Garbage:         -                59M (6%)           13M (1%)           11M (1%)             -                  -          
[8.638s][info][gc,heap     ] GC(39) Reclaimed:         -                  -                46M (4%)           48M (5%)             -                  -          
[8.638s][info][gc          ] GC(39) Garbage Collection (System.gc()) 92M(9%)->44M(4%)
[8.797s][info][gc,start    ] GC(40) Garbage Collection (System.gc())
[8.797s][info][gc,task     ] GC(40) Using 2 workers
[8.797s][info][gc,phases   ] GC(40) Pause Mark Start 0.008ms
[8.822s][info][gc,phases   ] GC(40) Concurrent Mark 24.721ms
[8.822s][info][gc,phases   ] GC(40) Pause Mark End 0.022ms
[8.822s][info][gc,phases   ] GC(40) Concurrent Mark Free 0.003ms
[8.824s][info][gc,phases   ] GC(40) Concurrent Process Non-Strong References 1.962ms
[8.824s][info][gc,phases   ] GC(40) Concurrent Reset Relocation Set 0.001ms
[8.826s][info][gc,phases   ] GC(40) Concurrent Select Relocation Set 1.862ms
[8.826s][info][gc,phases   ] GC(40) Pause Relocate Start 0.007ms
[8.827s][info][gc,phases   ] GC(40) Concurrent Relocate 0.455ms
[8.827s][info][gc,load     ] GC(40) Load: 0.00/0.00/0.00
[8.827s][info][gc,mmu      ] GC(40) MMU: 2ms/97.9%, 5ms/99.1%, 10ms/99.5%, 20ms/99.7%, 50ms/99.9%, 100ms/99.9%
[8.827s][info][gc,marking  ] GC(40) Mark: 2 stripe(s), 1 proactive flush(es), 1 terminate flush(es), 0 completion(s), 0 continuation(s) 
[8.827s][info][gc,marking  ] GC(40) Mark Stack Usage: 32M
[8.827s][info][gc,nmethod  ] GC(40) NMethods: 1438 registered, 5 unregistered
[8.827s][info][gc,metaspace] GC(40) Metaspace: 12M used, 12M committed, 1088M reserved
[8.827s][info][gc,ref      ] GC(40) Soft: 227 encountered, 0 discovered, 0 enqueued
[8.827s][info][gc,ref      ] GC(40) Weak: 764 encountered, 12 discovered, 0 enqueued
[8.827s][info][gc,ref      ] GC(40) Final: 0 encountered, 0 discovered, 0 enqueued
[8.827s][info][gc,ref      ] GC(40) Phantom: 33 encountered, 14 discovered, 0 enqueued
[8.827s][info][gc,reloc    ] GC(40) Small Pages: 46 / 92M, Empty: 46M, Relocated: 1M, In-Place: 0
[8.827s][info][gc,reloc    ] GC(40) Medium Pages: 0 / 0M, Empty: 0M, Relocated: 0M, In-Place: 0
[8.827s][info][gc,reloc    ] GC(40) Large Pages: 0 / 0M, Empty: 0M, Relocated: 0M, In-Place: 0
[8.827s][info][gc,reloc    ] GC(40) Forwarding Usage: 0M
[8.827s][info][gc,heap     ] GC(40) Min Capacity: 1024M(100%)
[8.827s][info][gc,heap     ] GC(40) Max Capacity: 1024M(100%)
[8.827s][info][gc,heap     ] GC(40) Soft Max Capacity: 1024M(100%)
[8.827s][info][gc,heap     ] GC(40)                Mark Start          Mark End        Relocate Start      Relocate End           High               Low         
[8.827s][info][gc,heap     ] GC(40)  Capacity:     1024M (100%)       1024M (100%)       1024M (100%)       1024M (100%)       1024M (100%)       1024M (100%)   
[8.827s][info][gc,heap     ] GC(40)      Free:      932M (91%)         932M (91%)         978M (96%)         980M (96%)         980M (96%)         932M (91%)    
[8.827s][info][gc,heap     ] GC(40)      Used:       92M (9%)           92M (9%)           46M (4%)           44M (4%)           92M (9%)           44M (4%)     
[8.827s][info][gc,heap     ] GC(40)      Live:         -                32M (3%)           32M (3%)           32M (3%)             -                  -          
[8.827s][info][gc,heap     ] GC(40) Allocated:         -                 0M (0%)            0M (0%)            0M (0%)             -                  -          
[8.827s][info][gc,heap     ] GC(40)   Garbage:         -                59M (6%)           13M (1%)           11M (1%)             -                  -          
[8.827s][info][gc,heap     ] GC(40) Reclaimed:         -                  -                46M (4%)           48M (5%)             -                  -          
[8.827s][info][gc          ] GC(40) Garbage Collection (System.gc()) 92M(9%)->44M(4%)
[8.986s][info][gc,start    ] GC(41) Garbage Collection (System.gc())
[8.986s][info][gc,task     ] GC(41) Using 2 workers
[8.986s][info][gc,phases   ] GC(41) Pause Mark Start 0.009ms
[9.011s][info][gc,phases   ] GC(41) Concurrent Mark 24.140ms
[9.011s][info][gc,phases   ] GC(41) Pause Mark End 0.021ms
[9.011s][info][gc,phases   ] GC(41) Concurrent Mark Free 0.002ms
[9.013s][info][gc,phases   ] GC(41) Concurrent Process Non-Strong References 1.543ms
[9.013s][info][gc,phases   ] GC(41) Concurrent Reset Relocation Set 0.001ms
[9.014s][info][gc,phases   ] GC(41) Concurrent Select Relocation Set 1.628ms
[9.014s][info][gc,phases   ] GC(41) Pause Relocate Start 0.007ms
[9.015s][info][gc,phases   ] GC(41) Concurrent Relocate 1.001ms
[9.015s][info][gc,load     ] GC(41) Load: 0.00/0.00/0.00
[9.015s][info][gc,mmu      ] GC(41) MMU: 2ms/97.9%, 5ms/99.1%, 10ms/99.5%, 20ms/99.7%, 50ms/99.9%, 100ms/99.9%
[9.015s][info][gc,marking  ] GC(41) Mark: 2 stripe(s), 1 proactive flush(es), 1 terminate flush(es), 0 completion(s), 0 continuation(s) 
[9.015s][info][gc,marking  ] GC(41) Mark Stack Usage: 32M
[9.015s][info][gc,nmethod  ] GC(41) NMethods: 1439 registered, 6 unregistered
[9.015s][info][gc,metaspace] GC(41) Metaspace: 12M used, 12M committed, 1088M reserved
[9.015s][info][gc,ref      ] GC(41) Soft: 227 encountered, 0 discovered, 0 enqueued
[9.015s][info][gc,ref      ] GC(41) Weak: 764 encountered, 511 discovered, 0 enqueued
[9.015s][info][gc,ref      ] GC(41) Final: 0 encountered, 0 discovered, 0 enqueued
[9.015s][info][gc,ref      ] GC(41) Phantom: 33 encountered, 17 discovered, 0 enqueued
[9.015s][info][gc,reloc    ] GC(41) Small Pages: 46 / 92M, Empty: 46M, Relocated: 1M, In-Place: 0
[9.015s][info][gc,reloc    ] GC(41) Medium Pages: 0 / 0M, Empty: 0M, Relocated: 0M, In-Place: 0
[9.015s][info][gc,reloc    ] GC(41) Large Pages: 0 / 0M, Empty: 0M, Relocated: 0M, In-Place: 0
[9.015s][info][gc,reloc    ] GC(41) Forwarding Usage: 0M
[9.016s][info][gc,heap     ] GC(41) Min Capacity: 1024M(100%)
[9.016s][info][gc,heap     ] GC(41) Max Capacity: 1024M(100%)
[9.016s][info][gc,heap     ] GC(41) Soft Max Capacity: 1024M(100%)
[9.016s][info][gc,heap     ] GC(41)                Mark Start          Mark End        Relocate Start      Relocate End           High               Low         
[9.016s][info][gc,heap     ] GC(41)  Capacity:     1024M (100%)       1024M (100%)       1024M (100%)       1024M (100%)       1024M (100%)       1024M (100%)   
[9.016s][info][gc,heap     ] GC(41)      Free:      932M (91%)         932M (91%)         978M (96%)         980M (96%)         980M (96%)         932M (91%)    
[9.016s][info][gc,heap     ] GC(41)      Used:       92M (9%)           92M (9%)           46M (4%)           44M (4%)           92M (9%)           44M (4%)     
[9.016s][info][gc,heap     ] GC(41)      Live:         -                32M (3%)           32M (3%)           32M (3%)             -                  -          
[9.016s][info][gc,heap     ] GC(41) Allocated:         -                 0M (0%)            0M (0%)            0M (0%)             -                  -          
[9.016s][info][gc,heap     ] GC(41)   Garbage:         -                59M (6%)           13M (1%)           11M (1%)             -                  -          
[9.016s][info][gc,heap     ] GC(41) Reclaimed:         -                  -                46M (4%)           48M (5%)             -                  -          
[9.016s][info][gc          ] GC(41) Garbage Collection (System.gc()) 92M(9%)->44M(4%)
[9.176s][info][gc,start    ] GC(42) Garbage Collection (System.gc())
[9.176s][info][gc,task     ] GC(42) Using 2 workers
[9.176s][info][gc,phases   ] GC(42) Pause Mark Start 0.011ms
[9.215s][info][gc,phases   ] GC(42) Concurrent Mark 38.903ms
[9.215s][info][gc,phases   ] GC(42) Pause Mark End 0.026ms
[9.215s][info][gc,phases   ] GC(42) Concurrent Mark Free 0.003ms
[9.217s][info][gc,phases   ] GC(42) Concurrent Process Non-Strong References 2.129ms
[9.217s][info][gc,phases   ] GC(42) Concurrent Reset Relocation Set 0.001ms
[9.219s][info][gc,phases   ] GC(42) Concurrent Select Relocation Set 1.344ms
[9.219s][info][gc,phases   ] GC(42) Pause Relocate Start 0.007ms
[9.219s][info][gc,phases   ] GC(42) Concurrent Relocate 0.447ms
[9.219s][info][gc,load     ] GC(42) Load: 0.00/0.00/0.00
[9.219s][info][gc,mmu      ] GC(42) MMU: 2ms/97.9%, 5ms/99.1%, 10ms/99.5%, 20ms/99.7%, 50ms/99.9%, 100ms/99.9%
[9.219s][info][gc,marking  ] GC(42) Mark: 2 stripe(s), 1 proactive flush(es), 1 terminate flush(es), 0 completion(s), 0 continuation(s) 
[9.219s][info][gc,marking  ] GC(42) Mark Stack Usage: 32M
[9.219s][info][gc,nmethod  ] GC(42) NMethods: 1441 registered, 6 unregistered
[9.219s][info][gc,metaspace] GC(42) Metaspace: 12M used, 12M committed, 1088M reserved
[9.219s][info][gc,ref      ] GC(42) Soft: 227 encountered, 0 discovered, 0 enqueued
[9.220s][info][gc,ref      ] GC(42) Weak: 764 encountered, 442 discovered, 0 enqueued
[9.220s][info][gc,ref      ] GC(42) Final: 0 encountered, 0 discovered, 0 enqueued
[9.220s][info][gc,ref      ] GC(42) Phantom: 33 encountered, 15 discovered, 0 enqueued
[9.220s][info][gc,reloc    ] GC(42) Small Pages: 46 / 92M, Empty: 46M, Relocated: 1M, In-Place: 0
[9.220s][info][gc,reloc    ] GC(42) Medium Pages: 0 / 0M, Empty: 0M, Relocated: 0M, In-Place: 0
[9.220s][info][gc,reloc    ] GC(42) Large Pages: 0 / 0M, Empty: 0M, Relocated: 0M, In-Place: 0
[9.220s][info][gc,reloc    ] GC(42) Forwarding Usage: 0M
[9.220s][info][gc,heap     ] GC(42) Min Capacity: 1024M(100%)
[9.220s][info][gc,heap     ] GC(42) Max Capacity: 1024M(100%)
[9.220s][info][gc,heap     ] GC(42) Soft Max Capacity: 1024M(100%)
[9.220s][info][gc,heap     ] GC(42)                Mark Start          Mark End        Relocate Start      Relocate End           High               Low         
[9.220s][info][gc,heap     ] GC(42)  Capacity:     1024M (100%)       1024M (100%)       1024M (100%)       1024M (100%)       1024M (100%)       1024M (100%)   
[9.220s][info][gc,heap     ] GC(42)      Free:      932M (91%)         932M (91%)         978M (96%)         980M (96%)         980M (96%)         932M (91%)    
[9.220s][info][gc,heap     ] GC(42)      Used:       92M (9%)           92M (9%)           46M (4%)           44M (4%)           92M (9%)           44M (4%)     
[9.220s][info][gc,heap     ] GC(42)      Live:         -                32M (3%)           32M (3%)           32M (3%)             -                  -          
[9.220s][info][gc,heap     ] GC(42) Allocated:         -                 0M (0%)            0M (0%)            0M (0%)             -                  -          
[9.220s][info][gc,heap     ] GC(42)   Garbage:         -                59M (6%)           13M (1%)           11M (1%)             -                  -          
[9.220s][info][gc,heap     ] GC(42) Reclaimed:         -                  -                46M (4%)           48M (5%)             -                  -          
[9.220s][info][gc          ] GC(42) Garbage Collection (System.gc()) 92M(9%)->44M(4%)
[9.379s][info][gc,start    ] GC(43) Garbage Collection (System.gc())
[9.379s][info][gc,task     ] GC(43) Using 2 workers
[9.379s][info][gc,phases   ] GC(43) Pause Mark Start 0.010ms
[9.404s][info][gc,phases   ] GC(43) Concurrent Mark 25.090ms
[9.404s][info][gc,phases   ] GC(43) Pause Mark End 0.025ms
[9.404s][info][gc,phases   ] GC(43) Concurrent Mark Free 0.003ms
[9.406s][info][gc,phases   ] GC(43) Concurrent Process Non-Strong References 1.544ms
[9.406s][info][gc,phases   ] GC(43) Concurrent Reset Relocation Set 0.001ms
[9.409s][info][gc,phases   ] GC(43) Concurrent Select Relocation Set 2.904ms
[9.409s][info][gc,phases   ] GC(43) Pause Relocate Start 0.012ms
[9.410s][info][gc,phases   ] GC(43) Concurrent Relocate 0.789ms
[9.410s][info][gc,load     ] GC(43) Load: 0.00/0.00/0.00
[9.410s][info][gc,mmu      ] GC(43) MMU: 2ms/97.9%, 5ms/99.1%, 10ms/99.5%, 20ms/99.7%, 50ms/99.9%, 100ms/99.9%
[9.410s][info][gc,marking  ] GC(43) Mark: 2 stripe(s), 1 proactive flush(es), 1 terminate flush(es), 0 completion(s), 0 continuation(s) 
[9.410s][info][gc,marking  ] GC(43) Mark Stack Usage: 32M
[9.410s][info][gc,nmethod  ] GC(43) NMethods: 1449 registered, 6 unregistered
[9.410s][info][gc,metaspace] GC(43) Metaspace: 12M used, 12M committed, 1088M reserved
[9.410s][info][gc,ref      ] GC(43) Soft: 227 encountered, 0 discovered, 0 enqueued
[9.410s][info][gc,ref      ] GC(43) Weak: 764 encountered, 4 discovered, 0 enqueued
[9.410s][info][gc,ref      ] GC(43) Final: 0 encountered, 0 discovered, 0 enqueued
[9.410s][info][gc,ref      ] GC(43) Phantom: 33 encountered, 15 discovered, 0 enqueued
[9.410s][info][gc,reloc    ] GC(43) Small Pages: 46 / 92M, Empty: 46M, Relocated: 1M, In-Place: 0
[9.410s][info][gc,reloc    ] GC(43) Medium Pages: 0 / 0M, Empty: 0M, Relocated: 0M, In-Place: 0
[9.410s][info][gc,reloc    ] GC(43) Large Pages: 0 / 0M, Empty: 0M, Relocated: 0M, In-Place: 0
[9.410s][info][gc,reloc    ] GC(43) Forwarding Usage: 0M
[9.410s][info][gc,heap     ] GC(43) Min Capacity: 1024M(100%)
[9.410s][info][gc,heap     ] GC(43) Max Capacity: 1024M(100%)
[9.410s][info][gc,heap     ] GC(43) Soft Max Capacity: 1024M(100%)
[9.410s][info][gc,heap     ] GC(43)                Mark Start          Mark End        Relocate Start      Relocate End           High               Low         
[9.410s][info][gc,heap     ] GC(43)  Capacity:     1024M (100%)       1024M (100%)       1024M (100%)       1024M (100%)       1024M (100%)       1024M (100%)   
[9.410s][info][gc,heap     ] GC(43)      Free:      932M (91%)         932M (91%)         978M (96%)         980M (96%)         980M (96%)         932M (91%)    
[9.410s][info][gc,heap     ] GC(43)      Used:       92M (9%)           92M (9%)           46M (4%)           44M (4%)           92M (9%)           44M (4%)     
[9.410s][info][gc,heap     ] GC(43)      Live:         -                32M (3%)           32M (3%)           32M (3%)             -                  -          
[9.410s][info][gc,heap     ] GC(43) Allocated:         -                 0M (0%)            0M (0%)            0M (0%)             -                  -          
[9.410s][info][gc,heap     ] GC(43)   Garbage:         -                59M (6%)           13M (1%)           11M (1%)             -                  -          
[9.410s][info][gc,heap     ] GC(43) Reclaimed:         -                  -                46M (4%)           48M (5%)             -                  -          
[9.410s][info][gc          ] GC(43) Garbage Collection (System.gc()) 92M(9%)->44M(4%)
[9.572s][info][gc,start    ] GC(44) Garbage Collection (System.gc())
[9.572s][info][gc,task     ] GC(44) Using 2 workers
[9.572s][info][gc,phases   ] GC(44) Pause Mark Start 0.013ms
[9.592s][info][gc,phases   ] GC(44) Concurrent Mark 20.010ms
[9.592s][info][gc,phases   ] GC(44) Pause Mark End 0.034ms
[9.592s][info][gc,phases   ] GC(44) Concurrent Mark Free 0.001ms
[9.594s][info][gc,phases   ] GC(44) Concurrent Process Non-Strong References 1.859ms
[9.594s][info][gc,phases   ] GC(44) Concurrent Reset Relocation Set 0.001ms
[9.597s][info][gc,phases   ] GC(44) Concurrent Select Relocation Set 3.016ms
[9.597s][info][gc,phases   ] GC(44) Pause Relocate Start 0.010ms
[9.598s][info][gc,phases   ] GC(44) Concurrent Relocate 0.867ms
[9.598s][info][gc,load     ] GC(44) Load: 0.00/0.00/0.00
[9.598s][info][gc,mmu      ] GC(44) MMU: 2ms/97.9%, 5ms/99.1%, 10ms/99.5%, 20ms/99.7%, 50ms/99.9%, 100ms/99.9%
[9.598s][info][gc,marking  ] GC(44) Mark: 2 stripe(s), 1 proactive flush(es), 1 terminate flush(es), 0 completion(s), 0 continuation(s) 
[9.598s][info][gc,marking  ] GC(44) Mark Stack Usage: 32M
[9.598s][info][gc,nmethod  ] GC(44) NMethods: 1449 registered, 6 unregistered
[9.598s][info][gc,metaspace] GC(44) Metaspace: 12M used, 12M committed, 1088M reserved
[9.598s][info][gc,ref      ] GC(44) Soft: 227 encountered, 0 discovered, 0 enqueued
[9.598s][info][gc,ref      ] GC(44) Weak: 764 encountered, 509 discovered, 0 enqueued
[9.598s][info][gc,ref      ] GC(44) Final: 0 encountered, 0 discovered, 0 enqueued
[9.598s][info][gc,ref      ] GC(44) Phantom: 33 encountered, 14 discovered, 0 enqueued
[9.598s][info][gc,reloc    ] GC(44) Small Pages: 46 / 92M, Empty: 46M, Relocated: 1M, In-Place: 0
[9.598s][info][gc,reloc    ] GC(44) Medium Pages: 0 / 0M, Empty: 0M, Relocated: 0M, In-Place: 0
[9.598s][info][gc,reloc    ] GC(44) Large Pages: 0 / 0M, Empty: 0M, Relocated: 0M, In-Place: 0
[9.598s][info][gc,reloc    ] GC(44) Forwarding Usage: 0M
[9.598s][info][gc,heap     ] GC(44) Min Capacity: 1024M(100%)
[9.599s][info][gc,heap     ] GC(44) Max Capacity: 1024M(100%)
[9.599s][info][gc,heap     ] GC(44) Soft Max Capacity: 1024M(100%)
[9.599s][info][gc,heap     ] GC(44)                Mark Start          Mark End        Relocate Start      Relocate End           High               Low         
[9.599s][info][gc,heap     ] GC(44)  Capacity:     1024M (100%)       1024M (100%)       1024M (100%)       1024M (100%)       1024M (100%)       1024M (100%)   
[9.599s][info][gc,heap     ] GC(44)      Free:      932M (91%)         932M (91%)         978M (96%)         980M (96%)         980M (96%)         932M (91%)    
[9.599s][info][gc,heap     ] GC(44)      Used:       92M (9%)           92M (9%)           46M (4%)           44M (4%)           92M (9%)           44M (4%)     
[9.599s][info][gc,heap     ] GC(44)      Live:         -                32M (3%)           32M (3%)           32M (3%)             -                  -          
[9.599s][info][gc,heap     ] GC(44) Allocated:         -                 0M (0%)            0M (0%)            0M (0%)             -                  -          
[9.599s][info][gc,heap     ] GC(44)   Garbage:         -                59M (6%)           13M (1%)           11M (1%)             -                  -          
[9.599s][info][gc,heap     ] GC(44) Reclaimed:         -                  -                46M (4%)           48M (5%)             -                  -          
[9.599s][info][gc          ] GC(44) Garbage Collection (System.gc()) 92M(9%)->44M(4%)
[9.761s][info][gc,start    ] GC(45) Garbage Collection (System.gc())
[9.761s][info][gc,task     ] GC(45) Using 2 workers
[9.761s][info][gc,phases   ] GC(45) Pause Mark Start 0.010ms
[9.780s][info][gc,phases   ] GC(45) Concurrent Mark 18.950ms
[9.781s][info][gc,phases   ] GC(45) Pause Mark End 0.019ms
[9.781s][info][gc,phases   ] GC(45) Concurrent Mark Free 0.003ms
[9.782s][info][gc,phases   ] GC(45) Concurrent Process Non-Strong References 1.310ms
[9.782s][info][gc,phases   ] GC(45) Concurrent Reset Relocation Set 0.001ms
[9.783s][info][gc,phases   ] GC(45) Concurrent Select Relocation Set 1.274ms
[9.783s][info][gc,phases   ] GC(45) Pause Relocate Start 0.007ms
[9.784s][info][gc,phases   ] GC(45) Concurrent Relocate 0.508ms
[9.784s][info][gc,load     ] GC(45) Load: 0.00/0.00/0.00
[9.784s][info][gc,mmu      ] GC(45) MMU: 2ms/97.9%, 5ms/99.1%, 10ms/99.5%, 20ms/99.7%, 50ms/99.9%, 100ms/99.9%
[9.784s][info][gc,marking  ] GC(45) Mark: 2 stripe(s), 2 proactive flush(es), 1 terminate flush(es), 0 completion(s), 0 continuation(s) 
[9.784s][info][gc,marking  ] GC(45) Mark Stack Usage: 32M
[9.784s][info][gc,nmethod  ] GC(45) NMethods: 1454 registered, 7 unregistered
[9.784s][info][gc,metaspace] GC(45) Metaspace: 12M used, 12M committed, 1088M reserved
[9.784s][info][gc,ref      ] GC(45) Soft: 227 encountered, 0 discovered, 0 enqueued
[9.784s][info][gc,ref      ] GC(45) Weak: 764 encountered, 445 discovered, 0 enqueued
[9.784s][info][gc,ref      ] GC(45) Final: 0 encountered, 0 discovered, 0 enqueued
[9.784s][info][gc,ref      ] GC(45) Phantom: 33 encountered, 15 discovered, 0 enqueued
[9.784s][info][gc,reloc    ] GC(45) Small Pages: 46 / 92M, Empty: 46M, Relocated: 1M, In-Place: 0
[9.784s][info][gc,reloc    ] GC(45) Medium Pages: 0 / 0M, Empty: 0M, Relocated: 0M, In-Place: 0
[9.784s][info][gc,reloc    ] GC(45) Large Pages: 0 / 0M, Empty: 0M, Relocated: 0M, In-Place: 0
[9.784s][info][gc,reloc    ] GC(45) Forwarding Usage: 0M
[9.784s][info][gc,heap     ] GC(45) Min Capacity: 1024M(100%)
[9.784s][info][gc,heap     ] GC(45) Max Capacity: 1024M(100%)
[9.784s][info][gc,heap     ] GC(45) Soft Max Capacity: 1024M(100%)
[9.784s][info][gc,heap     ] GC(45)                Mark Start          Mark End        Relocate Start      Relocate End           High               Low         
[9.784s][info][gc,heap     ] GC(45)  Capacity:     1024M (100%)       1024M (100%)       1024M (100%)       1024M (100%)       1024M (100%)       1024M (100%)   
[9.784s][info][gc,heap     ] GC(45)      Free:      932M (91%)         932M (91%)         978M (96%)         980M (96%)         980M (96%)         932M (91%)    
[9.784s][info][gc,heap     ] GC(45)      Used:       92M (9%)           92M (9%)           46M (4%)           44M (4%)           92M (9%)           44M (4%)     
[9.784s][info][gc,heap     ] GC(45)      Live:         -                32M (3%)           32M (3%)           32M (3%)             -                  -          
[9.784s][info][gc,heap     ] GC(45) Allocated:         -                 0M (0%)            0M (0%)            0M (0%)             -                  -          
[9.784s][info][gc,heap     ] GC(45)   Garbage:         -                59M (6%)           13M (1%)           11M (1%)             -                  -          
[9.784s][info][gc,heap     ] GC(45) Reclaimed:         -                  -                46M (4%)           48M (5%)             -                  -          
[9.784s][info][gc          ] GC(45) Garbage Collection (System.gc()) 92M(9%)->44M(4%)
[9.944s][info][gc,start    ] GC(46) Garbage Collection (System.gc())
[9.944s][info][gc,task     ] GC(46) Using 2 workers
[9.944s][info][gc,phases   ] GC(46) Pause Mark Start 0.008ms
[9.969s][info][gc,phases   ] GC(46) Concurrent Mark 24.799ms
[9.969s][info][gc,phases   ] GC(46) Pause Mark End 0.025ms
[9.970s][info][gc,phases   ] GC(46) Concurrent Mark Free 0.003ms
[9.971s][info][gc,phases   ] GC(46) Concurrent Process Non-Strong References 1.586ms
[9.971s][info][gc,phases   ] GC(46) Concurrent Reset Relocation Set 0.001ms
[9.973s][info][gc,phases   ] GC(46) Concurrent Select Relocation Set 1.541ms
[9.973s][info][gc,phases   ] GC(46) Pause Relocate Start 0.007ms
[9.974s][info][gc,phases   ] GC(46) Concurrent Relocate 0.798ms
[9.974s][info][gc,load     ] GC(46) Load: 0.00/0.00/0.00
[9.974s][info][gc,mmu      ] GC(46) MMU: 2ms/97.9%, 5ms/99.1%, 10ms/99.5%, 20ms/99.7%, 50ms/99.9%, 100ms/99.9%
[9.974s][info][gc,marking  ] GC(46) Mark: 2 stripe(s), 1 proactive flush(es), 1 terminate flush(es), 0 completion(s), 0 continuation(s) 
[9.974s][info][gc,marking  ] GC(46) Mark Stack Usage: 32M
[9.974s][info][gc,nmethod  ] GC(46) NMethods: 1460 registered, 7 unregistered
[9.974s][info][gc,metaspace] GC(46) Metaspace: 12M used, 12M committed, 1088M reserved
[9.974s][info][gc,ref      ] GC(46) Soft: 227 encountered, 0 discovered, 0 enqueued
[9.974s][info][gc,ref      ] GC(46) Weak: 764 encountered, 413 discovered, 0 enqueued
[9.974s][info][gc,ref      ] GC(46) Final: 0 encountered, 0 discovered, 0 enqueued
[9.974s][info][gc,ref      ] GC(46) Phantom: 33 encountered, 15 discovered, 0 enqueued
[9.974s][info][gc,reloc    ] GC(46) Small Pages: 46 / 92M, Empty: 46M, Relocated: 1M, In-Place: 0
[9.974s][info][gc,reloc    ] GC(46) Medium Pages: 0 / 0M, Empty: 0M, Relocated: 0M, In-Place: 0
[9.974s][info][gc,reloc    ] GC(46) Large Pages: 0 / 0M, Empty: 0M, Relocated: 0M, In-Place: 0
[9.974s][info][gc,reloc    ] GC(46) Forwarding Usage: 0M
[9.974s][info][gc,heap     ] GC(46) Min Capacity: 1024M(100%)
[9.974s][info][gc,heap     ] GC(46) Max Capacity: 1024M(100%)
[9.974s][info][gc,heap     ] GC(46) Soft Max Capacity: 1024M(100%)
[9.974s][info][gc,heap     ] GC(46)                Mark Start          Mark End        Relocate Start      Relocate End           High               Low         
[9.974s][info][gc,heap     ] GC(46)  Capacity:     1024M (100%)       1024M (100%)       1024M (100%)       1024M (100%)       1024M (100%)       1024M (100%)   
[9.974s][info][gc,heap     ] GC(46)      Free:      932M (91%)         932M (91%)         978M (96%)         980M (96%)         980M (96%)         932M (91%)    
[9.974s][info][gc,heap     ] GC(46)      Used:       92M (9%)           92M (9%)           46M (4%)           44M (4%)           92M (9%)           44M (4%)     
[9.974s][info][gc,heap     ] GC(46)      Live:         -                32M (3%)           32M (3%)           32M (3%)             -                  -          
[9.974s][info][gc,heap     ] GC(46) Allocated:         -                 0M (0%)            0M (0%)            0M (0%)             -                  -          
[9.974s][info][gc,heap     ] GC(46)   Garbage:         -                59M (6%)           13M (1%)           11M (1%)             -                  -          
[9.974s][info][gc,heap     ] GC(46) Reclaimed:         -                  -                46M (4%)           48M (5%)             -                  -          
[9.974s][info][gc          ] GC(46) Garbage Collection (System.gc()) 92M(9%)->44M(4%)
[10.079s][info][gc,stats    ] === Garbage Collection Statistics =======================================================================================================================
[10.079s][info][gc,stats    ]                                                              Last 10s              Last 10m              Last 10h                Total
[10.079s][info][gc,stats    ]                                                              Avg / Max             Avg / Max             Avg / Max             Avg / Max
[10.079s][info][gc,stats    ]   Collector: Garbage Collection Cycle                     31.064 / 58.556       31.064 / 58.556       31.064 / 58.556       31.064 / 58.556      ms
[10.079s][info][gc,stats    ]  Contention: Mark Segment Reset Contention                     0 / 2                 0 / 2                 0 / 2                 0 / 2           ops/s
[10.079s][info][gc,stats    ]  Contention: Mark SeqNum Reset Contention                      0 / 1                 0 / 1                 0 / 1                 0 / 1           ops/s
[10.079s][info][gc,stats    ]    Critical: Allocation Stall                                  0 / 0                 0 / 0                 0 / 0                 0 / 0           ops/s
[10.079s][info][gc,stats    ]    Critical: Allocation Stall                              0.000 / 0.000         0.000 / 0.000         0.000 / 0.000         0.000 / 0.000       ms
[10.079s][info][gc,stats    ]    Critical: GC Locker Stall                                   0 / 0                 0 / 0                 0 / 0                 0 / 0           ops/s
[10.079s][info][gc,stats    ]    Critical: GC Locker Stall                               0.000 / 0.000         0.000 / 0.000         0.000 / 0.000         0.000 / 0.000       ms
[10.079s][info][gc,stats    ]    Critical: Relocation Stall                                  0 / 0                 0 / 0                 0 / 0                 0 / 0           ops/s
[10.079s][info][gc,stats    ]    Critical: Relocation Stall                              0.000 / 0.000         0.000 / 0.000         0.000 / 0.000         0.000 / 0.000       ms
[10.079s][info][gc,stats    ]      Memory: Allocation Rate                                 232 / 264             232 / 264             232 / 264             232 / 264         MB/s
[10.079s][info][gc,stats    ]      Memory: Defragment                                        0 / 0                 0 / 0                 0 / 0                 0 / 0           ops/s
[10.080s][info][gc,stats    ]      Memory: Out Of Memory                                     0 / 0                 0 / 0                 0 / 0                 0 / 0           ops/s
[10.080s][info][gc,stats    ]      Memory: Page Cache Flush                                  0 / 0                 0 / 0                 0 / 0                 0 / 0           MB/s
[10.080s][info][gc,stats    ]      Memory: Page Cache Hit L1                               121 / 142             121 / 142             121 / 142             121 / 142         ops/s
[10.080s][info][gc,stats    ]      Memory: Page Cache Hit L2                                 0 / 0                 0 / 0                 0 / 0                 0 / 0           ops/s
[10.080s][info][gc,stats    ]      Memory: Page Cache Hit L3                                 4 / 42                4 / 42                4 / 42                4 / 42          ops/s
[10.080s][info][gc,stats    ]      Memory: Page Cache Miss                                   0 / 1                 0 / 1                 0 / 1                 0 / 1           ops/s
[10.080s][info][gc,stats    ]      Memory: Uncommit                                          0 / 0                 0 / 0                 0 / 0                 0 / 0           MB/s
[10.080s][info][gc,stats    ]      Memory: Undo Object Allocation Failed                     0 / 0                 0 / 0                 0 / 0                 0 / 0           ops/s
[10.080s][info][gc,stats    ]      Memory: Undo Object Allocation Succeeded                  0 / 0                 0 / 0                 0 / 0                 0 / 0           ops/s
[10.080s][info][gc,stats    ]      Memory: Undo Page Allocation                              0 / 0                 0 / 0                 0 / 0                 0 / 0           ops/s
[10.080s][info][gc,stats    ]       Phase: Concurrent Mark                              26.102 / 53.252       26.102 / 53.252       26.102 / 53.252       26.102 / 53.252      ms
[10.080s][info][gc,stats    ]       Phase: Concurrent Mark Continue                      0.000 / 0.000         0.000 / 0.000         0.000 / 0.000         0.000 / 0.000       ms
[10.080s][info][gc,stats    ]       Phase: Concurrent Mark Free                          0.003 / 0.006         0.003 / 0.006         0.003 / 0.006         0.003 / 0.006       ms
[10.080s][info][gc,stats    ]       Phase: Concurrent Process Non-Strong References      1.694 / 2.286         1.694 / 2.286         1.694 / 2.286         1.694 / 2.286       ms
[10.080s][info][gc,stats    ]       Phase: Concurrent Relocate                           0.700 / 3.134         0.700 / 3.134         0.700 / 3.134         0.700 / 3.134       ms
[10.080s][info][gc,stats    ]       Phase: Concurrent Reset Relocation Set               0.001 / 0.002         0.001 / 0.002         0.001 / 0.002         0.001 / 0.002       ms
[10.080s][info][gc,stats    ]       Phase: Concurrent Select Relocation Set              1.656 / 5.476         1.656 / 5.476         1.656 / 5.476         1.656 / 5.476       ms
[10.080s][info][gc,stats    ]       Phase: Pause Mark End                                0.024 / 0.042         0.024 / 0.042         0.024 / 0.042         0.024 / 0.042       ms
[10.080s][info][gc,stats    ]       Phase: Pause Mark Start                              0.009 / 0.015         0.009 / 0.015         0.009 / 0.015         0.009 / 0.015       ms
[10.080s][info][gc,stats    ]       Phase: Pause Relocate Start                          0.007 / 0.012         0.007 / 0.012         0.007 / 0.012         0.007 / 0.012       ms
[10.080s][info][gc,stats    ]    Subphase: Concurrent Classes Purge                      0.019 / 0.152         0.019 / 0.152         0.019 / 0.152         0.019 / 0.152       ms
[10.080s][info][gc,stats    ]    Subphase: Concurrent Classes Unlink                     1.162 / 1.708         1.162 / 1.708         1.162 / 1.708         1.162 / 1.708       ms
[10.080s][info][gc,stats    ]    Subphase: Concurrent Mark                              22.869 / 52.761       22.869 / 52.761       22.869 / 52.761       22.869 / 52.761      ms
[10.080s][info][gc,stats    ]    Subphase: Concurrent Mark Try Flush                     0.134 / 0.613         0.134 / 0.613         0.134 / 0.613         0.134 / 0.613       ms
[10.080s][info][gc,stats    ]    Subphase: Concurrent Mark Try Terminate                 3.367 / 16.840        3.367 / 16.840        3.367 / 16.840        3.367 / 16.840      ms
[10.080s][info][gc,stats    ]    Subphase: Concurrent References Enqueue                 0.000 / 0.004         0.000 / 0.004         0.000 / 0.004         0.000 / 0.004       ms
[10.080s][info][gc,stats    ]    Subphase: Concurrent References Process                 0.146 / 0.360         0.146 / 0.360         0.146 / 0.360         0.146 / 0.360       ms
[10.080s][info][gc,stats    ]    Subphase: Concurrent Roots ClassLoaderDataGraph         0.054 / 0.164         0.054 / 0.164         0.054 / 0.164         0.054 / 0.164       ms
[10.080s][info][gc,stats    ]    Subphase: Concurrent Roots CodeCache                    0.000 / 0.000         0.000 / 0.000         0.000 / 0.000         0.000 / 0.000       ms
[10.080s][info][gc,stats    ]    Subphase: Concurrent Roots JavaThreads                  0.261 / 0.572         0.261 / 0.572         0.261 / 0.572         0.261 / 0.572       ms
[10.080s][info][gc,stats    ]    Subphase: Concurrent Roots OopStorageSet                0.013 / 0.038         0.013 / 0.038         0.013 / 0.038         0.013 / 0.038       ms
[10.080s][info][gc,stats    ]    Subphase: Concurrent Weak Roots OopStorageSet           0.190 / 0.382         0.190 / 0.382         0.190 / 0.382         0.190 / 0.382       ms
[10.080s][info][gc,stats    ]    Subphase: Pause Mark Try Complete                       0.000 / 0.000         0.000 / 0.000         0.000 / 0.000         0.000 / 0.000       ms
[10.080s][info][gc,stats    ]      System: Java Threads                                     11 / 12               11 / 12               11 / 12               11 / 12          threads
[10.080s][info][gc,stats    ] =========================================================================================================================================================
[10.136s][info][gc,start    ] GC(47) Garbage Collection (System.gc())
[10.136s][info][gc,task     ] GC(47) Using 2 workers
[10.136s][info][gc,phases   ] GC(47) Pause Mark Start 0.010ms
[10.158s][info][gc,phases   ] GC(47) Concurrent Mark 21.433ms
[10.158s][info][gc,phases   ] GC(47) Pause Mark End 0.016ms
[10.158s][info][gc,phases   ] GC(47) Concurrent Mark Free 0.002ms
[10.160s][info][gc,phases   ] GC(47) Concurrent Process Non-Strong References 1.772ms
[10.160s][info][gc,phases   ] GC(47) Concurrent Reset Relocation Set 0.001ms
[10.161s][info][gc,phases   ] GC(47) Concurrent Select Relocation Set 1.333ms
[10.161s][info][gc,phases   ] GC(47) Pause Relocate Start 0.007ms
[10.162s][info][gc,phases   ] GC(47) Concurrent Relocate 0.851ms
[10.162s][info][gc,load     ] GC(47) Load: 0.00/0.00/0.00
[10.162s][info][gc,mmu      ] GC(47) MMU: 2ms/97.9%, 5ms/99.1%, 10ms/99.5%, 20ms/99.7%, 50ms/99.9%, 100ms/99.9%
[10.162s][info][gc,marking  ] GC(47) Mark: 2 stripe(s), 1 proactive flush(es), 1 terminate flush(es), 0 completion(s), 0 continuation(s) 
[10.162s][info][gc,marking  ] GC(47) Mark Stack Usage: 32M
[10.162s][info][gc,nmethod  ] GC(47) NMethods: 1460 registered, 7 unregistered
[10.162s][info][gc,metaspace] GC(47) Metaspace: 12M used, 12M committed, 1088M reserved
[10.162s][info][gc,ref      ] GC(47) Soft: 227 encountered, 0 discovered, 0 enqueued
[10.162s][info][gc,ref      ] GC(47) Weak: 764 encountered, 539 discovered, 0 enqueued
[10.162s][info][gc,ref      ] GC(47) Final: 0 encountered, 0 discovered, 0 enqueued
[10.162s][info][gc,ref      ] GC(47) Phantom: 33 encountered, 14 discovered, 0 enqueued
[10.162s][info][gc,reloc    ] GC(47) Small Pages: 46 / 92M, Empty: 46M, Relocated: 1M, In-Place: 0
[10.162s][info][gc,reloc    ] GC(47) Medium Pages: 0 / 0M, Empty: 0M, Relocated: 0M, In-Place: 0
[10.162s][info][gc,reloc    ] GC(47) Large Pages: 0 / 0M, Empty: 0M, Relocated: 0M, In-Place: 0
[10.162s][info][gc,reloc    ] GC(47) Forwarding Usage: 0M
[10.162s][info][gc,heap     ] GC(47) Min Capacity: 1024M(100%)
[10.162s][info][gc,heap     ] GC(47) Max Capacity: 1024M(100%)
[10.162s][info][gc,heap     ] GC(47) Soft Max Capacity: 1024M(100%)
[10.162s][info][gc,heap     ] GC(47)                Mark Start          Mark End        Relocate Start      Relocate End           High               Low         
[10.162s][info][gc,heap     ] GC(47)  Capacity:     1024M (100%)       1024M (100%)       1024M (100%)       1024M (100%)       1024M (100%)       1024M (100%)   
[10.162s][info][gc,heap     ] GC(47)      Free:      932M (91%)         932M (91%)         978M (96%)         980M (96%)         980M (96%)         932M (91%)    
[10.162s][info][gc,heap     ] GC(47)      Used:       92M (9%)           92M (9%)           46M (4%)           44M (4%)           92M (9%)           44M (4%)     
[10.162s][info][gc,heap     ] GC(47)      Live:         -                32M (3%)           32M (3%)           32M (3%)             -                  -          
[10.162s][info][gc,heap     ] GC(47) Allocated:         -                 0M (0%)            0M (0%)            0M (0%)             -                  -          
[10.162s][info][gc,heap     ] GC(47)   Garbage:         -                59M (6%)           13M (1%)           11M (1%)             -                  -          
[10.162s][info][gc,heap     ] GC(47) Reclaimed:         -                  -                46M (4%)           48M (5%)             -                  -          
[10.162s][info][gc          ] GC(47) Garbage Collection (System.gc()) 92M(9%)->44M(4%)
[10.322s][info][gc,start    ] GC(48) Garbage Collection (System.gc())
[10.322s][info][gc,task     ] GC(48) Using 2 workers
[10.322s][info][gc,phases   ] GC(48) Pause Mark Start 0.008ms
[10.346s][info][gc,phases   ] GC(48) Concurrent Mark 24.295ms
[10.347s][info][gc,phases   ] GC(48) Pause Mark End 0.036ms
[10.347s][info][gc,phases   ] GC(48) Concurrent Mark Free 0.003ms
[10.349s][info][gc,phases   ] GC(48) Concurrent Process Non-Strong References 1.948ms
[10.349s][info][gc,phases   ] GC(48) Concurrent Reset Relocation Set 0.001ms
[10.350s][info][gc,phases   ] GC(48) Concurrent Select Relocation Set 1.317ms
[10.350s][info][gc,phases   ] GC(48) Pause Relocate Start 0.007ms
[10.351s][info][gc,phases   ] GC(48) Concurrent Relocate 0.448ms
[10.351s][info][gc,load     ] GC(48) Load: 0.00/0.00/0.00
[10.351s][info][gc,mmu      ] GC(48) MMU: 2ms/97.9%, 5ms/99.1%, 10ms/99.5%, 20ms/99.7%, 50ms/99.9%, 100ms/99.9%
[10.351s][info][gc,marking  ] GC(48) Mark: 2 stripe(s), 1 proactive flush(es), 1 terminate flush(es), 0 completion(s), 0 continuation(s) 
[10.351s][info][gc,marking  ] GC(48) Mark Stack Usage: 32M
[10.351s][info][gc,nmethod  ] GC(48) NMethods: 1460 registered, 7 unregistered
[10.351s][info][gc,metaspace] GC(48) Metaspace: 12M used, 12M committed, 1088M reserved
[10.351s][info][gc,ref      ] GC(48) Soft: 227 encountered, 0 discovered, 0 enqueued
[10.351s][info][gc,ref      ] GC(48) Weak: 764 encountered, 3 discovered, 0 enqueued
[10.351s][info][gc,ref      ] GC(48) Final: 0 encountered, 0 discovered, 0 enqueued
[10.351s][info][gc,ref      ] GC(48) Phantom: 33 encountered, 18 discovered, 0 enqueued
[10.351s][info][gc,reloc    ] GC(48) Small Pages: 46 / 92M, Empty: 46M, Relocated: 1M, In-Place: 0
[10.351s][info][gc,reloc    ] GC(48) Medium Pages: 0 / 0M, Empty: 0M, Relocated: 0M, In-Place: 0
[10.351s][info][gc,reloc    ] GC(48) Large Pages: 0 / 0M, Empty: 0M, Relocated: 0M, In-Place: 0
[10.351s][info][gc,reloc    ] GC(48) Forwarding Usage: 0M
[10.351s][info][gc,heap     ] GC(48) Min Capacity: 1024M(100%)
[10.351s][info][gc,heap     ] GC(48) Max Capacity: 1024M(100%)
[10.351s][info][gc,heap     ] GC(48) Soft Max Capacity: 1024M(100%)
[10.351s][info][gc,heap     ] GC(48)                Mark Start          Mark End        Relocate Start      Relocate End           High               Low         
[10.351s][info][gc,heap     ] GC(48)  Capacity:     1024M (100%)       1024M (100%)       1024M (100%)       1024M (100%)       1024M (100%)       1024M (100%)   
[10.351s][info][gc,heap     ] GC(48)      Free:      932M (91%)         932M (91%)         978M (96%)         980M (96%)         980M (96%)         932M (91%)    
[10.351s][info][gc,heap     ] GC(48)      Used:       92M (9%)           92M (9%)           46M (4%)           44M (4%)           92M (9%)           44M (4%)     
[10.351s][info][gc,heap     ] GC(48)      Live:         -                32M (3%)           32M (3%)           32M (3%)             -                  -          
[10.351s][info][gc,heap     ] GC(48) Allocated:         -                 0M (0%)            0M (0%)            0M (0%)             -                  -          
[10.351s][info][gc,heap     ] GC(48)   Garbage:         -                59M (6%)           13M (1%)           11M (1%)             -                  -          
[10.351s][info][gc,heap     ] GC(48) Reclaimed:         -                  -                46M (4%)           48M (5%)             -                  -          
[10.351s][info][gc          ] GC(48) Garbage Collection (System.gc()) 92M(9%)->44M(4%)
[10.510s][info][gc,start    ] GC(49) Garbage Collection (System.gc())
[10.510s][info][gc,task     ] GC(49) Using 2 workers
[10.510s][info][gc,phases   ] GC(49) Pause Mark Start 0.008ms
[10.551s][info][gc,phases   ] GC(49) Concurrent Mark 40.202ms
[10.551s][info][gc,phases   ] GC(49) Pause Mark End 0.025ms
[10.551s][info][gc,phases   ] GC(49) Concurrent Mark Free 0.004ms
[10.553s][info][gc,phases   ] GC(49) Concurrent Process Non-Strong References 2.261ms
[10.553s][info][gc,phases   ] GC(49) Concurrent Reset Relocation Set 0.001ms
[10.555s][info][gc,phases   ] GC(49) Concurrent Select Relocation Set 1.142ms
[10.555s][info][gc,phases   ] GC(49) Pause Relocate Start 0.006ms
[10.555s][info][gc,phases   ] GC(49) Concurrent Relocate 0.449ms
[10.555s][info][gc,load     ] GC(49) Load: 0.00/0.00/0.00
[10.555s][info][gc,mmu      ] GC(49) MMU: 2ms/97.9%, 5ms/99.1%, 10ms/99.5%, 20ms/99.7%, 50ms/99.9%, 100ms/99.9%
[10.555s][info][gc,marking  ] GC(49) Mark: 2 stripe(s), 1 proactive flush(es), 1 terminate flush(es), 0 completion(s), 0 continuation(s) 
[10.555s][info][gc,marking  ] GC(49) Mark Stack Usage: 32M
[10.555s][info][gc,nmethod  ] GC(49) NMethods: 1460 registered, 7 unregistered
[10.555s][info][gc,metaspace] GC(49) Metaspace: 12M used, 12M committed, 1088M reserved
[10.555s][info][gc,ref      ] GC(49) Soft: 227 encountered, 0 discovered, 0 enqueued
[10.555s][info][gc,ref      ] GC(49) Weak: 764 encountered, 183 discovered, 0 enqueued
[10.555s][info][gc,ref      ] GC(49) Final: 0 encountered, 0 discovered, 0 enqueued
[10.555s][info][gc,ref      ] GC(49) Phantom: 33 encountered, 12 discovered, 0 enqueued
[10.555s][info][gc,reloc    ] GC(49) Small Pages: 46 / 92M, Empty: 46M, Relocated: 1M, In-Place: 0
[10.555s][info][gc,reloc    ] GC(49) Medium Pages: 0 / 0M, Empty: 0M, Relocated: 0M, In-Place: 0
[10.555s][info][gc,reloc    ] GC(49) Large Pages: 0 / 0M, Empty: 0M, Relocated: 0M, In-Place: 0
[10.555s][info][gc,reloc    ] GC(49) Forwarding Usage: 0M
[10.555s][info][gc,heap     ] GC(49) Min Capacity: 1024M(100%)
[10.555s][info][gc,heap     ] GC(49) Max Capacity: 1024M(100%)
[10.555s][info][gc,heap     ] GC(49) Soft Max Capacity: 1024M(100%)
[10.555s][info][gc,heap     ] GC(49)                Mark Start          Mark End        Relocate Start      Relocate End           High               Low         
[10.555s][info][gc,heap     ] GC(49)  Capacity:     1024M (100%)       1024M (100%)       1024M (100%)       1024M (100%)       1024M (100%)       1024M (100%)   
[10.555s][info][gc,heap     ] GC(49)      Free:      932M (91%)         932M (91%)         978M (96%)         980M (96%)         980M (96%)         932M (91%)    
[10.555s][info][gc,heap     ] GC(49)      Used:       92M (9%)           92M (9%)           46M (4%)           44M (4%)           92M (9%)           44M (4%)     
[10.555s][info][gc,heap     ] GC(49)      Live:         -                32M (3%)           32M (3%)           32M (3%)             -                  -          
[10.555s][info][gc,heap     ] GC(49) Allocated:         -                 0M (0%)            0M (0%)            0M (0%)             -                  -          
[10.555s][info][gc,heap     ] GC(49)   Garbage:         -                59M (6%)           13M (1%)           11M (1%)             -                  -          
[10.555s][info][gc,heap     ] GC(49) Reclaimed:         -                  -                46M (4%)           48M (5%)             -                  -          
[10.555s][info][gc          ] GC(49) Garbage Collection (System.gc()) 92M(9%)->44M(4%)
[10.717s][info][gc,start    ] GC(50) Garbage Collection (System.gc())
[10.717s][info][gc,task     ] GC(50) Using 2 workers
[10.717s][info][gc,phases   ] GC(50) Pause Mark Start 0.009ms
[10.740s][info][gc,phases   ] GC(50) Concurrent Mark 22.570ms
[10.740s][info][gc,phases   ] GC(50) Pause Mark End 0.012ms
[10.740s][info][gc,phases   ] GC(50) Concurrent Mark Free 0.001ms
[10.742s][info][gc,phases   ] GC(50) Concurrent Process Non-Strong References 1.880ms
[10.742s][info][gc,phases   ] GC(50) Concurrent Reset Relocation Set 0.001ms
[10.745s][info][gc,phases   ] GC(50) Concurrent Select Relocation Set 2.970ms
[10.745s][info][gc,phases   ] GC(50) Pause Relocate Start 0.012ms
[10.746s][info][gc,phases   ] GC(50) Concurrent Relocate 1.117ms
[10.746s][info][gc,load     ] GC(50) Load: 0.00/0.00/0.00
[10.746s][info][gc,mmu      ] GC(50) MMU: 2ms/97.9%, 5ms/99.1%, 10ms/99.5%, 20ms/99.7%, 50ms/99.9%, 100ms/99.9%
[10.746s][info][gc,marking  ] GC(50) Mark: 2 stripe(s), 1 proactive flush(es), 1 terminate flush(es), 0 completion(s), 0 continuation(s) 
[10.746s][info][gc,marking  ] GC(50) Mark Stack Usage: 32M
[10.746s][info][gc,nmethod  ] GC(50) NMethods: 1460 registered, 7 unregistered
[10.746s][info][gc,metaspace] GC(50) Metaspace: 12M used, 12M committed, 1088M reserved
[10.746s][info][gc,ref      ] GC(50) Soft: 227 encountered, 0 discovered, 0 enqueued
[10.746s][info][gc,ref      ] GC(50) Weak: 764 encountered, 598 discovered, 0 enqueued
[10.746s][info][gc,ref      ] GC(50) Final: 0 encountered, 0 discovered, 0 enqueued
[10.746s][info][gc,ref      ] GC(50) Phantom: 33 encountered, 18 discovered, 0 enqueued
[10.746s][info][gc,reloc    ] GC(50) Small Pages: 46 / 92M, Empty: 46M, Relocated: 1M, In-Place: 0
[10.746s][info][gc,reloc    ] GC(50) Medium Pages: 0 / 0M, Empty: 0M, Relocated: 0M, In-Place: 0
[10.746s][info][gc,reloc    ] GC(50) Large Pages: 0 / 0M, Empty: 0M, Relocated: 0M, In-Place: 0
[10.746s][info][gc,reloc    ] GC(50) Forwarding Usage: 0M
[10.746s][info][gc,heap     ] GC(50) Min Capacity: 1024M(100%)
[10.746s][info][gc,heap     ] GC(50) Max Capacity: 1024M(100%)
[10.746s][info][gc,heap     ] GC(50) Soft Max Capacity: 1024M(100%)
[10.746s][info][gc,heap     ] GC(50)                Mark Start          Mark End        Relocate Start      Relocate End           High               Low         
[10.746s][info][gc,heap     ] GC(50)  Capacity:     1024M (100%)       1024M (100%)       1024M (100%)       1024M (100%)       1024M (100%)       1024M (100%)   
[10.746s][info][gc,heap     ] GC(50)      Free:      932M (91%)         932M (91%)         978M (96%)         980M (96%)         980M (96%)         932M (91%)    
[10.746s][info][gc,heap     ] GC(50)      Used:       92M (9%)           92M (9%)           46M (4%)           44M (4%)           92M (9%)           44M (4%)     
[10.746s][info][gc,heap     ] GC(50)      Live:         -                32M (3%)           32M (3%)           32M (3%)             -                  -          
[10.746s][info][gc,heap     ] GC(50) Allocated:         -                 0M (0%)            0M (0%)            0M (0%)             -                  -          
[10.746s][info][gc,heap     ] GC(50)   Garbage:         -                59M (6%)           13M (1%)           11M (1%)             -                  -          
[10.746s][info][gc,heap     ] GC(50) Reclaimed:         -                  -                46M (4%)           48M (5%)             -                  -          
[10.746s][info][gc          ] GC(50) Garbage Collection (System.gc()) 92M(9%)->44M(4%)
[10.906s][info][gc,start    ] GC(51) Garbage Collection (System.gc())
[10.906s][info][gc,task     ] GC(51) Using 2 workers
[10.906s][info][gc,phases   ] GC(51) Pause Mark Start 0.008ms
[10.928s][info][gc,phases   ] GC(51) Concurrent Mark 21.673ms
[10.928s][info][gc,phases   ] GC(51) Pause Mark End 0.019ms
[10.928s][info][gc,phases   ] GC(51) Concurrent Mark Free 0.003ms
[10.930s][info][gc,phases   ] GC(51) Concurrent Process Non-Strong References 1.594ms
[10.930s][info][gc,phases   ] GC(51) Concurrent Reset Relocation Set 0.001ms
[10.931s][info][gc,phases   ] GC(51) Concurrent Select Relocation Set 1.314ms
[10.931s][info][gc,phases   ] GC(51) Pause Relocate Start 0.007ms
[10.932s][info][gc,phases   ] GC(51) Concurrent Relocate 0.446ms
[10.932s][info][gc,load     ] GC(51) Load: 0.00/0.00/0.00
[10.932s][info][gc,mmu      ] GC(51) MMU: 2ms/97.9%, 5ms/99.1%, 10ms/99.5%, 20ms/99.7%, 50ms/99.9%, 100ms/99.9%
[10.932s][info][gc,marking  ] GC(51) Mark: 2 stripe(s), 1 proactive flush(es), 1 terminate flush(es), 0 completion(s), 0 continuation(s) 
[10.932s][info][gc,marking  ] GC(51) Mark Stack Usage: 32M
[10.932s][info][gc,nmethod  ] GC(51) NMethods: 1462 registered, 7 unregistered
[10.932s][info][gc,metaspace] GC(51) Metaspace: 12M used, 12M committed, 1088M reserved
[10.932s][info][gc,ref      ] GC(51) Soft: 227 encountered, 0 discovered, 0 enqueued
[10.932s][info][gc,ref      ] GC(51) Weak: 764 encountered, 3 discovered, 0 enqueued
[10.932s][info][gc,ref      ] GC(51) Final: 0 encountered, 0 discovered, 0 enqueued
[10.932s][info][gc,ref      ] GC(51) Phantom: 33 encountered, 17 discovered, 0 enqueued
[10.932s][info][gc,reloc    ] GC(51) Small Pages: 46 / 92M, Empty: 46M, Relocated: 1M, In-Place: 0
[10.932s][info][gc,reloc    ] GC(51) Medium Pages: 0 / 0M, Empty: 0M, Relocated: 0M, In-Place: 0
[10.932s][info][gc,reloc    ] GC(51) Large Pages: 0 / 0M, Empty: 0M, Relocated: 0M, In-Place: 0
[10.932s][info][gc,reloc    ] GC(51) Forwarding Usage: 0M
[10.932s][info][gc,heap     ] GC(51) Min Capacity: 1024M(100%)
[10.932s][info][gc,heap     ] GC(51) Max Capacity: 1024M(100%)
[10.932s][info][gc,heap     ] GC(51) Soft Max Capacity: 1024M(100%)
[10.932s][info][gc,heap     ] GC(51)                Mark Start          Mark End        Relocate Start      Relocate End           High               Low         
[10.932s][info][gc,heap     ] GC(51)  Capacity:     1024M (100%)       1024M (100%)       1024M (100%)       1024M (100%)       1024M (100%)       1024M (100%)   
[10.932s][info][gc,heap     ] GC(51)      Free:      932M (91%)         932M (91%)         978M (96%)         980M (96%)         980M (96%)         932M (91%)    
[10.932s][info][gc,heap     ] GC(51)      Used:       92M (9%)           92M (9%)           46M (4%)           44M (4%)           92M (9%)           44M (4%)     
[10.932s][info][gc,heap     ] GC(51)      Live:         -                32M (3%)           32M (3%)           32M (3%)             -                  -          
[10.932s][info][gc,heap     ] GC(51) Allocated:         -                 0M (0%)            0M (0%)            0M (0%)             -                  -          
[10.932s][info][gc,heap     ] GC(51)   Garbage:         -                59M (6%)           13M (1%)           11M (1%)             -                  -          
[10.932s][info][gc,heap     ] GC(51) Reclaimed:         -                  -                46M (4%)           48M (5%)             -                  -          
[10.932s][info][gc          ] GC(51) Garbage Collection (System.gc()) 92M(9%)->44M(4%)
[11.092s][info][gc,start    ] GC(52) Garbage Collection (System.gc())
[11.092s][info][gc,task     ] GC(52) Using 2 workers
[11.092s][info][gc,phases   ] GC(52) Pause Mark Start 0.013ms
[11.117s][info][gc,phases   ] GC(52) Concurrent Mark 24.637ms
[11.117s][info][gc,phases   ] GC(52) Pause Mark End 0.025ms
[11.117s][info][gc,phases   ] GC(52) Concurrent Mark Free 0.002ms
[11.119s][info][gc,phases   ] GC(52) Concurrent Process Non-Strong References 1.703ms
[11.119s][info][gc,phases   ] GC(52) Concurrent Reset Relocation Set 0.001ms
[11.120s][info][gc,phases   ] GC(52) Concurrent Select Relocation Set 1.415ms
[11.121s][info][gc,phases   ] GC(52) Pause Relocate Start 0.007ms
[11.121s][info][gc,phases   ] GC(52) Concurrent Relocate 0.558ms
[11.121s][info][gc,load     ] GC(52) Load: 0.00/0.00/0.00
[11.121s][info][gc,mmu      ] GC(52) MMU: 2ms/97.9%, 5ms/99.1%, 10ms/99.5%, 20ms/99.7%, 50ms/99.9%, 100ms/99.9%
[11.121s][info][gc,marking  ] GC(52) Mark: 2 stripe(s), 1 proactive flush(es), 1 terminate flush(es), 0 completion(s), 0 continuation(s) 
[11.121s][info][gc,marking  ] GC(52) Mark Stack Usage: 32M
[11.121s][info][gc,nmethod  ] GC(52) NMethods: 1462 registered, 7 unregistered
[11.121s][info][gc,metaspace] GC(52) Metaspace: 12M used, 12M committed, 1088M reserved
[11.121s][info][gc,ref      ] GC(52) Soft: 227 encountered, 0 discovered, 0 enqueued
[11.121s][info][gc,ref      ] GC(52) Weak: 764 encountered, 440 discovered, 0 enqueued
[11.121s][info][gc,ref      ] GC(52) Final: 0 encountered, 0 discovered, 0 enqueued
[11.121s][info][gc,ref      ] GC(52) Phantom: 33 encountered, 14 discovered, 0 enqueued
[11.121s][info][gc,reloc    ] GC(52) Small Pages: 46 / 92M, Empty: 46M, Relocated: 1M, In-Place: 0
[11.121s][info][gc,reloc    ] GC(52) Medium Pages: 0 / 0M, Empty: 0M, Relocated: 0M, In-Place: 0
[11.121s][info][gc,reloc    ] GC(52) Large Pages: 0 / 0M, Empty: 0M, Relocated: 0M, In-Place: 0
[11.121s][info][gc,reloc    ] GC(52) Forwarding Usage: 0M
[11.121s][info][gc,heap     ] GC(52) Min Capacity: 1024M(100%)
[11.121s][info][gc,heap     ] GC(52) Max Capacity: 1024M(100%)
[11.121s][info][gc,heap     ] GC(52) Soft Max Capacity: 1024M(100%)
[11.121s][info][gc,heap     ] GC(52)                Mark Start          Mark End        Relocate Start      Relocate End           High               Low         
[11.121s][info][gc,heap     ] GC(52)  Capacity:     1024M (100%)       1024M (100%)       1024M (100%)       1024M (100%)       1024M (100%)       1024M (100%)   
[11.121s][info][gc,heap     ] GC(52)      Free:      932M (91%)         932M (91%)         978M (96%)         980M (96%)         980M (96%)         932M (91%)    
[11.121s][info][gc,heap     ] GC(52)      Used:       92M (9%)           92M (9%)           46M (4%)           44M (4%)           92M (9%)           44M (4%)     
[11.121s][info][gc,heap     ] GC(52)      Live:         -                32M (3%)           32M (3%)           32M (3%)             -                  -          
[11.121s][info][gc,heap     ] GC(52) Allocated:         -                 0M (0%)            0M (0%)            0M (0%)             -                  -          
[11.121s][info][gc,heap     ] GC(52)   Garbage:         -                59M (6%)           13M (1%)           11M (1%)             -                  -          
[11.121s][info][gc,heap     ] GC(52) Reclaimed:         -                  -                46M (4%)           48M (5%)             -                  -          
[11.121s][info][gc          ] GC(52) Garbage Collection (System.gc()) 92M(9%)->44M(4%)
[11.282s][info][gc,start    ] GC(53) Garbage Collection (System.gc())
[11.282s][info][gc,task     ] GC(53) Using 2 workers
[11.282s][info][gc,phases   ] GC(53) Pause Mark Start 0.010ms
[11.306s][info][gc,phases   ] GC(53) Concurrent Mark 23.830ms
[11.306s][info][gc,phases   ] GC(53) Pause Mark End 0.019ms
[11.306s][info][gc,phases   ] GC(53) Concurrent Mark Free 0.002ms
[11.308s][info][gc,phases   ] GC(53) Concurrent Process Non-Strong References 1.942ms
[11.308s][info][gc,phases   ] GC(53) Concurrent Reset Relocation Set 0.001ms
[11.310s][info][gc,phases   ] GC(53) Concurrent Select Relocation Set 1.645ms
[11.310s][info][gc,phases   ] GC(53) Pause Relocate Start 0.007ms
[11.311s][info][gc,phases   ] GC(53) Concurrent Relocate 1.015ms
[11.311s][info][gc,load     ] GC(53) Load: 0.00/0.00/0.00
[11.311s][info][gc,mmu      ] GC(53) MMU: 2ms/97.9%, 5ms/99.1%, 10ms/99.5%, 20ms/99.7%, 50ms/99.9%, 100ms/99.9%
[11.311s][info][gc,marking  ] GC(53) Mark: 2 stripe(s), 2 proactive flush(es), 1 terminate flush(es), 0 completion(s), 0 continuation(s) 
[11.311s][info][gc,marking  ] GC(53) Mark Stack Usage: 32M
[11.311s][info][gc,nmethod  ] GC(53) NMethods: 1462 registered, 8 unregistered
[11.311s][info][gc,metaspace] GC(53) Metaspace: 12M used, 12M committed, 1088M reserved
[11.311s][info][gc,ref      ] GC(53) Soft: 227 encountered, 0 discovered, 0 enqueued
[11.311s][info][gc,ref      ] GC(53) Weak: 764 encountered, 448 discovered, 0 enqueued
[11.311s][info][gc,ref      ] GC(53) Final: 0 encountered, 0 discovered, 0 enqueued
[11.311s][info][gc,ref      ] GC(53) Phantom: 33 encountered, 15 discovered, 0 enqueued
[11.311s][info][gc,reloc    ] GC(53) Small Pages: 46 / 92M, Empty: 46M, Relocated: 1M, In-Place: 0
[11.311s][info][gc,reloc    ] GC(53) Medium Pages: 0 / 0M, Empty: 0M, Relocated: 0M, In-Place: 0
[11.311s][info][gc,reloc    ] GC(53) Large Pages: 0 / 0M, Empty: 0M, Relocated: 0M, In-Place: 0
[11.311s][info][gc,reloc    ] GC(53) Forwarding Usage: 0M
[11.311s][info][gc,heap     ] GC(53) Min Capacity: 1024M(100%)
[11.311s][info][gc,heap     ] GC(53) Max Capacity: 1024M(100%)
[11.311s][info][gc,heap     ] GC(53) Soft Max Capacity: 1024M(100%)
[11.311s][info][gc,heap     ] GC(53)                Mark Start          Mark End        Relocate Start      Relocate End           High               Low         
[11.311s][info][gc,heap     ] GC(53)  Capacity:     1024M (100%)       1024M (100%)       1024M (100%)       1024M (100%)       1024M (100%)       1024M (100%)   
[11.311s][info][gc,heap     ] GC(53)      Free:      932M (91%)         932M (91%)         978M (96%)         980M (96%)         980M (96%)         932M (91%)    
[11.311s][info][gc,heap     ] GC(53)      Used:       92M (9%)           92M (9%)           46M (4%)           44M (4%)           92M (9%)           44M (4%)     
[11.311s][info][gc,heap     ] GC(53)      Live:         -                32M (3%)           32M (3%)           32M (3%)             -                  -          
[11.311s][info][gc,heap     ] GC(53) Allocated:         -                 0M (0%)            0M (0%)            0M (0%)             -                  -          
[11.311s][info][gc,heap     ] GC(53)   Garbage:         -                59M (6%)           13M (1%)           11M (1%)             -                  -          
[11.311s][info][gc,heap     ] GC(53) Reclaimed:         -                  -                46M (4%)           48M (5%)             -                  -          
[11.311s][info][gc          ] GC(53) Garbage Collection (System.gc()) 92M(9%)->44M(4%)
[11.473s][info][gc,start    ] GC(54) Garbage Collection (System.gc())
[11.473s][info][gc,task     ] GC(54) Using 2 workers
[11.473s][info][gc,phases   ] GC(54) Pause Mark Start 0.011ms
[11.510s][info][gc,phases   ] GC(54) Concurrent Mark 37.409ms
[11.510s][info][gc,phases   ] GC(54) Pause Mark End 0.027ms
[11.511s][info][gc,phases   ] GC(54) Concurrent Mark Free 0.004ms
[11.512s][info][gc,phases   ] GC(54) Concurrent Process Non-Strong References 1.561ms
[11.512s][info][gc,phases   ] GC(54) Concurrent Reset Relocation Set 0.001ms
[11.515s][info][gc,phases   ] GC(54) Concurrent Select Relocation Set 2.974ms
[11.515s][info][gc,phases   ] GC(54) Pause Relocate Start 0.012ms
[11.517s][info][gc,phases   ] GC(54) Concurrent Relocate 1.127ms
[11.517s][info][gc,load     ] GC(54) Load: 0.00/0.00/0.00
[11.517s][info][gc,mmu      ] GC(54) MMU: 2ms/97.9%, 5ms/99.1%, 10ms/99.5%, 20ms/99.7%, 50ms/99.9%, 100ms/99.9%
[11.517s][info][gc,marking  ] GC(54) Mark: 2 stripe(s), 1 proactive flush(es), 1 terminate flush(es), 0 completion(s), 0 continuation(s) 
[11.517s][info][gc,marking  ] GC(54) Mark Stack Usage: 32M
[11.517s][info][gc,nmethod  ] GC(54) NMethods: 1462 registered, 10 unregistered
[11.517s][info][gc,metaspace] GC(54) Metaspace: 12M used, 12M committed, 1088M reserved
[11.517s][info][gc,ref      ] GC(54) Soft: 227 encountered, 0 discovered, 0 enqueued
[11.517s][info][gc,ref      ] GC(54) Weak: 764 encountered, 33 discovered, 0 enqueued
[11.517s][info][gc,ref      ] GC(54) Final: 0 encountered, 0 discovered, 0 enqueued
[11.517s][info][gc,ref      ] GC(54) Phantom: 33 encountered, 11 discovered, 0 enqueued
[11.517s][info][gc,reloc    ] GC(54) Small Pages: 46 / 92M, Empty: 46M, Relocated: 1M, In-Place: 0
[11.517s][info][gc,reloc    ] GC(54) Medium Pages: 0 / 0M, Empty: 0M, Relocated: 0M, In-Place: 0
[11.517s][info][gc,reloc    ] GC(54) Large Pages: 0 / 0M, Empty: 0M, Relocated: 0M, In-Place: 0
[11.517s][info][gc,reloc    ] GC(54) Forwarding Usage: 0M
[11.517s][info][gc,heap     ] GC(54) Min Capacity: 1024M(100%)
[11.517s][info][gc,heap     ] GC(54) Max Capacity: 1024M(100%)
[11.517s][info][gc,heap     ] GC(54) Soft Max Capacity: 1024M(100%)
[11.517s][info][gc,heap     ] GC(54)                Mark Start          Mark End        Relocate Start      Relocate End           High               Low         
[11.517s][info][gc,heap     ] GC(54)  Capacity:     1024M (100%)       1024M (100%)       1024M (100%)       1024M (100%)       1024M (100%)       1024M (100%)   
[11.517s][info][gc,heap     ] GC(54)      Free:      932M (91%)         932M (91%)         978M (96%)         980M (96%)         980M (96%)         932M (91%)    
[11.517s][info][gc,heap     ] GC(54)      Used:       92M (9%)           92M (9%)           46M (4%)           44M (4%)           92M (9%)           44M (4%)     
[11.517s][info][gc,heap     ] GC(54)      Live:         -                32M (3%)           32M (3%)           32M (3%)             -                  -          
[11.517s][info][gc,heap     ] GC(54) Allocated:         -                 0M (0%)            0M (0%)            0M (0%)             -                  -          
[11.517s][info][gc,heap     ] GC(54)   Garbage:         -                59M (6%)           13M (1%)           11M (1%)             -                  -          
[11.517s][info][gc,heap     ] GC(54) Reclaimed:         -                  -                46M (4%)           48M (5%)             -                  -          
[11.517s][info][gc          ] GC(54) Garbage Collection (System.gc()) 92M(9%)->44M(4%)
[11.680s][info][gc,start    ] GC(55) Garbage Collection (System.gc())
[11.680s][info][gc,task     ] GC(55) Using 2 workers
[11.681s][info][gc,phases   ] GC(55) Pause Mark Start 0.009ms
[11.714s][info][gc,phases   ] GC(55) Concurrent Mark 33.733ms
[11.714s][info][gc,phases   ] GC(55) Pause Mark End 0.017ms
[11.715s][info][gc,phases   ] GC(55) Concurrent Mark Free 0.001ms
[11.716s][info][gc,phases   ] GC(55) Concurrent Process Non-Strong References 1.529ms
[11.716s][info][gc,phases   ] GC(55) Concurrent Reset Relocation Set 0.001ms
[11.718s][info][gc,phases   ] GC(55) Concurrent Select Relocation Set 1.434ms
[11.718s][info][gc,phases   ] GC(55) Pause Relocate Start 0.007ms
[11.718s][info][gc,phases   ] GC(55) Concurrent Relocate 0.433ms
[11.718s][info][gc,load     ] GC(55) Load: 0.00/0.00/0.00
[11.718s][info][gc,mmu      ] GC(55) MMU: 2ms/97.9%, 5ms/99.1%, 10ms/99.5%, 20ms/99.7%, 50ms/99.9%, 100ms/99.9%
[11.718s][info][gc,marking  ] GC(55) Mark: 2 stripe(s), 1 proactive flush(es), 1 terminate flush(es), 0 completion(s), 0 continuation(s) 
[11.718s][info][gc,marking  ] GC(55) Mark Stack Usage: 32M
[11.718s][info][gc,nmethod  ] GC(55) NMethods: 1462 registered, 11 unregistered
[11.718s][info][gc,metaspace] GC(55) Metaspace: 12M used, 12M committed, 1088M reserved
[11.718s][info][gc,ref      ] GC(55) Soft: 227 encountered, 0 discovered, 0 enqueued
[11.718s][info][gc,ref      ] GC(55) Weak: 764 encountered, 492 discovered, 0 enqueued
[11.718s][info][gc,ref      ] GC(55) Final: 0 encountered, 0 discovered, 0 enqueued
[11.718s][info][gc,ref      ] GC(55) Phantom: 33 encountered, 19 discovered, 0 enqueued
[11.718s][info][gc,reloc    ] GC(55) Small Pages: 46 / 92M, Empty: 46M, Relocated: 1M, In-Place: 0
[11.718s][info][gc,reloc    ] GC(55) Medium Pages: 0 / 0M, Empty: 0M, Relocated: 0M, In-Place: 0
[11.718s][info][gc,reloc    ] GC(55) Large Pages: 0 / 0M, Empty: 0M, Relocated: 0M, In-Place: 0
[11.718s][info][gc,reloc    ] GC(55) Forwarding Usage: 0M
[11.718s][info][gc,heap     ] GC(55) Min Capacity: 1024M(100%)
[11.718s][info][gc,heap     ] GC(55) Max Capacity: 1024M(100%)
[11.718s][info][gc,heap     ] GC(55) Soft Max Capacity: 1024M(100%)
[11.718s][info][gc,heap     ] GC(55)                Mark Start          Mark End        Relocate Start      Relocate End           High               Low         
[11.718s][info][gc,heap     ] GC(55)  Capacity:     1024M (100%)       1024M (100%)       1024M (100%)       1024M (100%)       1024M (100%)       1024M (100%)   
[11.718s][info][gc,heap     ] GC(55)      Free:      932M (91%)         932M (91%)         978M (96%)         980M (96%)         980M (96%)         932M (91%)    
[11.718s][info][gc,heap     ] GC(55)      Used:       92M (9%)           92M (9%)           46M (4%)           44M (4%)           92M (9%)           44M (4%)     
[11.718s][info][gc,heap     ] GC(55)      Live:         -                32M (3%)           32M (3%)           32M (3%)             -                  -          
[11.718s][info][gc,heap     ] GC(55) Allocated:         -                 0M (0%)            0M (0%)            0M (0%)             -                  -          
[11.718s][info][gc,heap     ] GC(55)   Garbage:         -                59M (6%)           13M (1%)           11M (1%)             -                  -          
[11.718s][info][gc,heap     ] GC(55) Reclaimed:         -                  -                46M (4%)           48M (5%)             -                  -          
[11.718s][info][gc          ] GC(55) Garbage Collection (System.gc()) 92M(9%)->44M(4%)
[11.886s][info][gc,start    ] GC(56) Garbage Collection (System.gc())
[11.886s][info][gc,task     ] GC(56) Using 2 workers
[11.886s][info][gc,phases   ] GC(56) Pause Mark Start 0.006ms
[11.918s][info][gc,phases   ] GC(56) Concurrent Mark 31.768ms
[11.918s][info][gc,phases   ] GC(56) Pause Mark End 0.025ms
[11.918s][info][gc,phases   ] GC(56) Concurrent Mark Free 0.003ms
[11.921s][info][gc,phases   ] GC(56) Concurrent Process Non-Strong References 2.438ms
[11.921s][info][gc,phases   ] GC(56) Concurrent Reset Relocation Set 0.001ms
[11.922s][info][gc,phases   ] GC(56) Concurrent Select Relocation Set 1.498ms
[11.922s][info][gc,phases   ] GC(56) Pause Relocate Start 0.008ms
[11.923s][info][gc,phases   ] GC(56) Concurrent Relocate 0.546ms
[11.923s][info][gc,load     ] GC(56) Load: 0.00/0.00/0.00
[11.923s][info][gc,mmu      ] GC(56) MMU: 2ms/97.9%, 5ms/99.1%, 10ms/99.5%, 20ms/99.7%, 50ms/99.9%, 100ms/99.9%
[11.923s][info][gc,marking  ] GC(56) Mark: 2 stripe(s), 1 proactive flush(es), 1 terminate flush(es), 0 completion(s), 0 continuation(s) 
[11.923s][info][gc,marking  ] GC(56) Mark Stack Usage: 32M
[11.923s][info][gc,nmethod  ] GC(56) NMethods: 1462 registered, 15 unregistered
[11.923s][info][gc,metaspace] GC(56) Metaspace: 12M used, 12M committed, 1088M reserved
[11.923s][info][gc,ref      ] GC(56) Soft: 227 encountered, 0 discovered, 0 enqueued
[11.923s][info][gc,ref      ] GC(56) Weak: 764 encountered, 444 discovered, 0 enqueued
[11.923s][info][gc,ref      ] GC(56) Final: 0 encountered, 0 discovered, 0 enqueued
[11.923s][info][gc,ref      ] GC(56) Phantom: 33 encountered, 15 discovered, 0 enqueued
[11.923s][info][gc,reloc    ] GC(56) Small Pages: 46 / 92M, Empty: 46M, Relocated: 1M, In-Place: 0
[11.923s][info][gc,reloc    ] GC(56) Medium Pages: 0 / 0M, Empty: 0M, Relocated: 0M, In-Place: 0
[11.923s][info][gc,reloc    ] GC(56) Large Pages: 0 / 0M, Empty: 0M, Relocated: 0M, In-Place: 0
[11.923s][info][gc,reloc    ] GC(56) Forwarding Usage: 0M
[11.923s][info][gc,heap     ] GC(56) Min Capacity: 1024M(100%)
[11.923s][info][gc,heap     ] GC(56) Max Capacity: 1024M(100%)
[11.923s][info][gc,heap     ] GC(56) Soft Max Capacity: 1024M(100%)
[11.923s][info][gc,heap     ] GC(56)                Mark Start          Mark End        Relocate Start      Relocate End           High               Low         
[11.923s][info][gc,heap     ] GC(56)  Capacity:     1024M (100%)       1024M (100%)       1024M (100%)       1024M (100%)       1024M (100%)       1024M (100%)   
[11.923s][info][gc,heap     ] GC(56)      Free:      932M (91%)         932M (91%)         978M (96%)         980M (96%)         980M (96%)         932M (91%)    
[11.923s][info][gc,heap     ] GC(56)      Used:       92M (9%)           92M (9%)           46M (4%)           44M (4%)           92M (9%)           44M (4%)     
[11.923s][info][gc,heap     ] GC(56)      Live:         -                32M (3%)           32M (3%)           32M (3%)             -                  -          
[11.923s][info][gc,heap     ] GC(56) Allocated:         -                 0M (0%)            0M (0%)            0M (0%)             -                  -          
[11.923s][info][gc,heap     ] GC(56)   Garbage:         -                59M (6%)           13M (1%)           11M (1%)             -                  -          
[11.923s][info][gc,heap     ] GC(56) Reclaimed:         -                  -                46M (4%)           48M (5%)             -                  -          
[11.923s][info][gc          ] GC(56) Garbage Collection (System.gc()) 92M(9%)->44M(4%)
[12.083s][info][gc,start    ] GC(57) Garbage Collection (System.gc())
[12.083s][info][gc,task     ] GC(57) Using 2 workers
[12.083s][info][gc,phases   ] GC(57) Pause Mark Start 0.005ms
[12.122s][info][gc,phases   ] GC(57) Concurrent Mark 38.718ms
[12.122s][info][gc,phases   ] GC(57) Pause Mark End 0.020ms
[12.122s][info][gc,phases   ] GC(57) Concurrent Mark Free 0.001ms
[12.124s][info][gc,phases   ] GC(57) Concurrent Process Non-Strong References 1.622ms
[12.124s][info][gc,phases   ] GC(57) Concurrent Reset Relocation Set 0.001ms
[12.125s][info][gc,phases   ] GC(57) Concurrent Select Relocation Set 1.155ms
[12.125s][info][gc,phases   ] GC(57) Pause Relocate Start 0.007ms
[12.126s][info][gc,phases   ] GC(57) Concurrent Relocate 0.434ms
[12.126s][info][gc,load     ] GC(57) Load: 0.00/0.00/0.00
[12.126s][info][gc,mmu      ] GC(57) MMU: 2ms/97.9%, 5ms/99.1%, 10ms/99.5%, 20ms/99.7%, 50ms/99.9%, 100ms/99.9%
[12.126s][info][gc,marking  ] GC(57) Mark: 2 stripe(s), 4 proactive flush(es), 1 terminate flush(es), 0 completion(s), 0 continuation(s) 
[12.126s][info][gc,marking  ] GC(57) Mark Stack Usage: 32M
[12.126s][info][gc,nmethod  ] GC(57) NMethods: 1463 registered, 15 unregistered
[12.126s][info][gc,metaspace] GC(57) Metaspace: 12M used, 12M committed, 1088M reserved
[12.126s][info][gc,ref      ] GC(57) Soft: 227 encountered, 0 discovered, 0 enqueued
[12.126s][info][gc,ref      ] GC(57) Weak: 764 encountered, 596 discovered, 0 enqueued
[12.126s][info][gc,ref      ] GC(57) Final: 0 encountered, 0 discovered, 0 enqueued
[12.126s][info][gc,ref      ] GC(57) Phantom: 33 encountered, 15 discovered, 0 enqueued
[12.126s][info][gc,reloc    ] GC(57) Small Pages: 46 / 92M, Empty: 46M, Relocated: 1M, In-Place: 0
[12.126s][info][gc,reloc    ] GC(57) Medium Pages: 0 / 0M, Empty: 0M, Relocated: 0M, In-Place: 0
[12.126s][info][gc,reloc    ] GC(57) Large Pages: 0 / 0M, Empty: 0M, Relocated: 0M, In-Place: 0
[12.126s][info][gc,reloc    ] GC(57) Forwarding Usage: 0M
[12.126s][info][gc,heap     ] GC(57) Min Capacity: 1024M(100%)
[12.126s][info][gc,heap     ] GC(57) Max Capacity: 1024M(100%)
[12.126s][info][gc,heap     ] GC(57) Soft Max Capacity: 1024M(100%)
[12.126s][info][gc,heap     ] GC(57)                Mark Start          Mark End        Relocate Start      Relocate End           High               Low         
[12.126s][info][gc,heap     ] GC(57)  Capacity:     1024M (100%)       1024M (100%)       1024M (100%)       1024M (100%)       1024M (100%)       1024M (100%)   
[12.126s][info][gc,heap     ] GC(57)      Free:      932M (91%)         932M (91%)         978M (96%)         980M (96%)         980M (96%)         932M (91%)    
[12.126s][info][gc,heap     ] GC(57)      Used:       92M (9%)           92M (9%)           46M (4%)           44M (4%)           92M (9%)           44M (4%)     
[12.126s][info][gc,heap     ] GC(57)      Live:         -                32M (3%)           32M (3%)           32M (3%)             -                  -          
[12.126s][info][gc,heap     ] GC(57) Allocated:         -                 0M (0%)            0M (0%)            0M (0%)             -                  -          
[12.126s][info][gc,heap     ] GC(57)   Garbage:         -                59M (6%)           13M (1%)           11M (1%)             -                  -          
[12.126s][info][gc,heap     ] GC(57) Reclaimed:         -                  -                46M (4%)           48M (5%)             -                  -          
[12.126s][info][gc          ] GC(57) Garbage Collection (System.gc()) 92M(9%)->44M(4%)
[12.286s][info][gc,start    ] GC(58) Garbage Collection (System.gc())
[12.286s][info][gc,task     ] GC(58) Using 2 workers
[12.286s][info][gc,phases   ] GC(58) Pause Mark Start 0.009ms
[12.310s][info][gc,phases   ] GC(58) Concurrent Mark 24.366ms
[12.311s][info][gc,phases   ] GC(58) Pause Mark End 0.027ms
[12.311s][info][gc,phases   ] GC(58) Concurrent Mark Free 0.003ms
[12.313s][info][gc,phases   ] GC(58) Concurrent Process Non-Strong References 1.682ms
[12.313s][info][gc,phases   ] GC(58) Concurrent Reset Relocation Set 0.001ms
[12.314s][info][gc,phases   ] GC(58) Concurrent Select Relocation Set 1.142ms
[12.314s][info][gc,phases   ] GC(58) Pause Relocate Start 0.007ms
[12.315s][info][gc,phases   ] GC(58) Concurrent Relocate 0.617ms
[12.315s][info][gc,load     ] GC(58) Load: 0.00/0.00/0.00
[12.315s][info][gc,mmu      ] GC(58) MMU: 2ms/97.9%, 5ms/99.1%, 10ms/99.5%, 20ms/99.7%, 50ms/99.9%, 100ms/99.9%
[12.315s][info][gc,marking  ] GC(58) Mark: 2 stripe(s), 1 proactive flush(es), 1 terminate flush(es), 0 completion(s), 0 continuation(s) 
[12.315s][info][gc,marking  ] GC(58) Mark Stack Usage: 32M
[12.315s][info][gc,nmethod  ] GC(58) NMethods: 1463 registered, 18 unregistered
[12.315s][info][gc,metaspace] GC(58) Metaspace: 12M used, 12M committed, 1088M reserved
[12.315s][info][gc,ref      ] GC(58) Soft: 227 encountered, 0 discovered, 0 enqueued
[12.315s][info][gc,ref      ] GC(58) Weak: 764 encountered, 438 discovered, 0 enqueued
[12.315s][info][gc,ref      ] GC(58) Final: 0 encountered, 0 discovered, 0 enqueued
[12.315s][info][gc,ref      ] GC(58) Phantom: 33 encountered, 15 discovered, 0 enqueued
[12.315s][info][gc,reloc    ] GC(58) Small Pages: 46 / 92M, Empty: 44M, Relocated: 1M, In-Place: 0
[12.315s][info][gc,reloc    ] GC(58) Medium Pages: 0 / 0M, Empty: 0M, Relocated: 0M, In-Place: 0
[12.315s][info][gc,reloc    ] GC(58) Large Pages: 0 / 0M, Empty: 0M, Relocated: 0M, In-Place: 0
[12.315s][info][gc,reloc    ] GC(58) Forwarding Usage: 0M
[12.315s][info][gc,heap     ] GC(58) Min Capacity: 1024M(100%)
[12.315s][info][gc,heap     ] GC(58) Max Capacity: 1024M(100%)
[12.315s][info][gc,heap     ] GC(58) Soft Max Capacity: 1024M(100%)
[12.315s][info][gc,heap     ] GC(58)                Mark Start          Mark End        Relocate Start      Relocate End           High               Low         
[12.315s][info][gc,heap     ] GC(58)  Capacity:     1024M (100%)       1024M (100%)       1024M (100%)       1024M (100%)       1024M (100%)       1024M (100%)   
[12.315s][info][gc,heap     ] GC(58)      Free:      932M (91%)         932M (91%)         976M (95%)         980M (96%)         980M (96%)         932M (91%)    
[12.315s][info][gc,heap     ] GC(58)      Used:       92M (9%)           92M (9%)           48M (5%)           44M (4%)           92M (9%)           44M (4%)     
[12.315s][info][gc,heap     ] GC(58)      Live:         -                32M (3%)           32M (3%)           32M (3%)             -                  -          
[12.315s][info][gc,heap     ] GC(58) Allocated:         -                 0M (0%)            0M (0%)            0M (0%)             -                  -          
[12.315s][info][gc,heap     ] GC(58)   Garbage:         -                59M (6%)           15M (1%)           11M (1%)             -                  -          
[12.315s][info][gc,heap     ] GC(58) Reclaimed:         -                  -                44M (4%)           48M (5%)             -                  -          
[12.315s][info][gc          ] GC(58) Garbage Collection (System.gc()) 92M(9%)->44M(4%)
[12.474s][info][gc,start    ] GC(59) Garbage Collection (System.gc())
[12.474s][info][gc,task     ] GC(59) Using 2 workers
[12.475s][info][gc,phases   ] GC(59) Pause Mark Start 0.008ms
[12.499s][info][gc,phases   ] GC(59) Concurrent Mark 24.556ms
[12.499s][info][gc,phases   ] GC(59) Pause Mark End 0.029ms
[12.499s][info][gc,phases   ] GC(59) Concurrent Mark Free 0.002ms
[12.502s][info][gc,phases   ] GC(59) Concurrent Process Non-Strong References 2.139ms
[12.502s][info][gc,phases   ] GC(59) Concurrent Reset Relocation Set 0.001ms
[12.503s][info][gc,phases   ] GC(59) Concurrent Select Relocation Set 1.475ms
[12.503s][info][gc,phases   ] GC(59) Pause Relocate Start 0.008ms
[12.504s][info][gc,phases   ] GC(59) Concurrent Relocate 0.723ms
[12.504s][info][gc,load     ] GC(59) Load: 0.00/0.00/0.00
[12.504s][info][gc,mmu      ] GC(59) MMU: 2ms/97.9%, 5ms/99.1%, 10ms/99.5%, 20ms/99.7%, 50ms/99.9%, 100ms/99.9%
[12.504s][info][gc,marking  ] GC(59) Mark: 2 stripe(s), 2 proactive flush(es), 1 terminate flush(es), 0 completion(s), 0 continuation(s) 
[12.504s][info][gc,marking  ] GC(59) Mark Stack Usage: 32M
[12.504s][info][gc,nmethod  ] GC(59) NMethods: 1463 registered, 20 unregistered
[12.504s][info][gc,metaspace] GC(59) Metaspace: 12M used, 12M committed, 1088M reserved
[12.504s][info][gc,ref      ] GC(59) Soft: 227 encountered, 0 discovered, 0 enqueued
[12.504s][info][gc,ref      ] GC(59) Weak: 764 encountered, 496 discovered, 0 enqueued
[12.504s][info][gc,ref      ] GC(59) Final: 0 encountered, 0 discovered, 0 enqueued
[12.504s][info][gc,ref      ] GC(59) Phantom: 33 encountered, 19 discovered, 0 enqueued
[12.504s][info][gc,reloc    ] GC(59) Small Pages: 46 / 92M, Empty: 46M, Relocated: 1M, In-Place: 0
[12.504s][info][gc,reloc    ] GC(59) Medium Pages: 0 / 0M, Empty: 0M, Relocated: 0M, In-Place: 0
[12.504s][info][gc,reloc    ] GC(59) Large Pages: 0 / 0M, Empty: 0M, Relocated: 0M, In-Place: 0
[12.504s][info][gc,reloc    ] GC(59) Forwarding Usage: 0M
[12.504s][info][gc,heap     ] GC(59) Min Capacity: 1024M(100%)
[12.504s][info][gc,heap     ] GC(59) Max Capacity: 1024M(100%)
[12.504s][info][gc,heap     ] GC(59) Soft Max Capacity: 1024M(100%)
[12.504s][info][gc,heap     ] GC(59)                Mark Start          Mark End        Relocate Start      Relocate End           High               Low         
[12.504s][info][gc,heap     ] GC(59)  Capacity:     1024M (100%)       1024M (100%)       1024M (100%)       1024M (100%)       1024M (100%)       1024M (100%)   
[12.504s][info][gc,heap     ] GC(59)      Free:      932M (91%)         932M (91%)         978M (96%)         980M (96%)         980M (96%)         932M (91%)    
[12.504s][info][gc,heap     ] GC(59)      Used:       92M (9%)           92M (9%)           46M (4%)           44M (4%)           92M (9%)           44M (4%)     
[12.504s][info][gc,heap     ] GC(59)      Live:         -                32M (3%)           32M (3%)           32M (3%)             -                  -          
[12.504s][info][gc,heap     ] GC(59) Allocated:         -                 0M (0%)            0M (0%)            0M (0%)             -                  -          
[12.504s][info][gc,heap     ] GC(59)   Garbage:         -                59M (6%)           13M (1%)           11M (1%)             -                  -          
[12.504s][info][gc,heap     ] GC(59) Reclaimed:         -                  -                46M (4%)           48M (5%)             -                  -          
[12.504s][info][gc          ] GC(59) Garbage Collection (System.gc()) 92M(9%)->44M(4%)
[12.663s][info][gc,start    ] GC(60) Garbage Collection (System.gc())
[12.663s][info][gc,task     ] GC(60) Using 2 workers
[12.664s][info][gc,phases   ] GC(60) Pause Mark Start 0.008ms
[12.687s][info][gc,phases   ] GC(60) Concurrent Mark 23.831ms
[12.688s][info][gc,phases   ] GC(60) Pause Mark End 0.027ms
[12.688s][info][gc,phases   ] GC(60) Concurrent Mark Free 0.005ms
[12.689s][info][gc,phases   ] GC(60) Concurrent Process Non-Strong References 1.612ms
[12.689s][info][gc,phases   ] GC(60) Concurrent Reset Relocation Set 0.001ms
[12.691s][info][gc,phases   ] GC(60) Concurrent Select Relocation Set 1.369ms
[12.691s][info][gc,phases   ] GC(60) Pause Relocate Start 0.008ms
[12.691s][info][gc,phases   ] GC(60) Concurrent Relocate 0.442ms
[12.691s][info][gc,load     ] GC(60) Load: 0.00/0.00/0.00
[12.691s][info][gc,mmu      ] GC(60) MMU: 2ms/97.9%, 5ms/99.1%, 10ms/99.5%, 20ms/99.7%, 50ms/99.9%, 100ms/99.9%
[12.691s][info][gc,marking  ] GC(60) Mark: 2 stripe(s), 1 proactive flush(es), 1 terminate flush(es), 0 completion(s), 0 continuation(s) 
[12.691s][info][gc,marking  ] GC(60) Mark Stack Usage: 32M
[12.692s][info][gc,nmethod  ] GC(60) NMethods: 1463 registered, 20 unregistered
[12.692s][info][gc,metaspace] GC(60) Metaspace: 12M used, 12M committed, 1088M reserved
[12.692s][info][gc,ref      ] GC(60) Soft: 227 encountered, 0 discovered, 0 enqueued
[12.692s][info][gc,ref      ] GC(60) Weak: 764 encountered, 442 discovered, 0 enqueued
[12.692s][info][gc,ref      ] GC(60) Final: 0 encountered, 0 discovered, 0 enqueued
[12.692s][info][gc,ref      ] GC(60) Phantom: 33 encountered, 15 discovered, 0 enqueued
[12.692s][info][gc,reloc    ] GC(60) Small Pages: 46 / 92M, Empty: 46M, Relocated: 1M, In-Place: 0
[12.692s][info][gc,reloc    ] GC(60) Medium Pages: 0 / 0M, Empty: 0M, Relocated: 0M, In-Place: 0
[12.692s][info][gc,reloc    ] GC(60) Large Pages: 0 / 0M, Empty: 0M, Relocated: 0M, In-Place: 0
[12.692s][info][gc,reloc    ] GC(60) Forwarding Usage: 0M
[12.692s][info][gc,heap     ] GC(60) Min Capacity: 1024M(100%)
[12.692s][info][gc,heap     ] GC(60) Max Capacity: 1024M(100%)
[12.692s][info][gc,heap     ] GC(60) Soft Max Capacity: 1024M(100%)
[12.692s][info][gc,heap     ] GC(60)                Mark Start          Mark End        Relocate Start      Relocate End           High               Low         
[12.692s][info][gc,heap     ] GC(60)  Capacity:     1024M (100%)       1024M (100%)       1024M (100%)       1024M (100%)       1024M (100%)       1024M (100%)   
[12.692s][info][gc,heap     ] GC(60)      Free:      932M (91%)         932M (91%)         978M (96%)         980M (96%)         980M (96%)         932M (91%)    
[12.692s][info][gc,heap     ] GC(60)      Used:       92M (9%)           92M (9%)           46M (4%)           44M (4%)           92M (9%)           44M (4%)     
[12.692s][info][gc,heap     ] GC(60)      Live:         -                32M (3%)           32M (3%)           32M (3%)             -                  -          
[12.692s][info][gc,heap     ] GC(60) Allocated:         -                 0M (0%)            0M (0%)            0M (0%)             -                  -          
[12.692s][info][gc,heap     ] GC(60)   Garbage:         -                59M (6%)           13M (1%)           11M (1%)             -                  -          
[12.692s][info][gc,heap     ] GC(60) Reclaimed:         -                  -                46M (4%)           48M (5%)             -                  -          
[12.692s][info][gc          ] GC(60) Garbage Collection (System.gc()) 92M(9%)->44M(4%)
[12.852s][info][gc,start    ] GC(61) Garbage Collection (System.gc())
[12.852s][info][gc,task     ] GC(61) Using 2 workers
[12.852s][info][gc,phases   ] GC(61) Pause Mark Start 0.010ms
[12.876s][info][gc,phases   ] GC(61) Concurrent Mark 23.442ms
[12.876s][info][gc,phases   ] GC(61) Pause Mark End 0.012ms
[12.876s][info][gc,phases   ] GC(61) Concurrent Mark Free 0.002ms
[12.878s][info][gc,phases   ] GC(61) Concurrent Process Non-Strong References 1.526ms
[12.878s][info][gc,phases   ] GC(61) Concurrent Reset Relocation Set 0.001ms
[12.879s][info][gc,phases   ] GC(61) Concurrent Select Relocation Set 1.142ms
[12.879s][info][gc,phases   ] GC(61) Pause Relocate Start 0.007ms
[12.879s][info][gc,phases   ] GC(61) Concurrent Relocate 0.440ms
[12.879s][info][gc,load     ] GC(61) Load: 0.00/0.00/0.00
[12.879s][info][gc,mmu      ] GC(61) MMU: 2ms/97.9%, 5ms/99.1%, 10ms/99.5%, 20ms/99.7%, 50ms/99.9%, 100ms/99.9%
[12.879s][info][gc,marking  ] GC(61) Mark: 2 stripe(s), 1 proactive flush(es), 1 terminate flush(es), 0 completion(s), 0 continuation(s) 
[12.879s][info][gc,marking  ] GC(61) Mark Stack Usage: 32M
[12.879s][info][gc,nmethod  ] GC(61) NMethods: 1467 registered, 20 unregistered
[12.879s][info][gc,metaspace] GC(61) Metaspace: 12M used, 12M committed, 1088M reserved
[12.879s][info][gc,ref      ] GC(61) Soft: 227 encountered, 0 discovered, 0 enqueued
[12.879s][info][gc,ref      ] GC(61) Weak: 764 encountered, 443 discovered, 0 enqueued
[12.879s][info][gc,ref      ] GC(61) Final: 0 encountered, 0 discovered, 0 enqueued
[12.879s][info][gc,ref      ] GC(61) Phantom: 33 encountered, 14 discovered, 0 enqueued
[12.879s][info][gc,reloc    ] GC(61) Small Pages: 46 / 92M, Empty: 46M, Relocated: 1M, In-Place: 0
[12.879s][info][gc,reloc    ] GC(61) Medium Pages: 0 / 0M, Empty: 0M, Relocated: 0M, In-Place: 0
[12.879s][info][gc,reloc    ] GC(61) Large Pages: 0 / 0M, Empty: 0M, Relocated: 0M, In-Place: 0
[12.879s][info][gc,reloc    ] GC(61) Forwarding Usage: 0M
[12.879s][info][gc,heap     ] GC(61) Min Capacity: 1024M(100%)
[12.879s][info][gc,heap     ] GC(61) Max Capacity: 1024M(100%)
[12.879s][info][gc,heap     ] GC(61) Soft Max Capacity: 1024M(100%)
[12.879s][info][gc,heap     ] GC(61)                Mark Start          Mark End        Relocate Start      Relocate End           High               Low         
[12.879s][info][gc,heap     ] GC(61)  Capacity:     1024M (100%)       1024M (100%)       1024M (100%)       1024M (100%)       1024M (100%)       1024M (100%)   
[12.879s][info][gc,heap     ] GC(61)      Free:      932M (91%)         932M (91%)         978M (96%)         980M (96%)         980M (96%)         932M (91%)    
[12.879s][info][gc,heap     ] GC(61)      Used:       92M (9%)           92M (9%)           46M (4%)           44M (4%)           92M (9%)           44M (4%)     
[12.879s][info][gc,heap     ] GC(61)      Live:         -                32M (3%)           32M (3%)           32M (3%)             -                  -          
[12.880s][info][gc,heap     ] GC(61) Allocated:         -                 0M (0%)            0M (0%)            0M (0%)             -                  -          
[12.880s][info][gc,heap     ] GC(61)   Garbage:         -                59M (6%)           13M (1%)           11M (1%)             -                  -          
[12.880s][info][gc,heap     ] GC(61) Reclaimed:         -                  -                46M (4%)           48M (5%)             -                  -          
[12.880s][info][gc          ] GC(61) Garbage Collection (System.gc()) 92M(9%)->44M(4%)
[13.037s][info][gc,start    ] GC(62) Garbage Collection (System.gc())
[13.037s][info][gc,task     ] GC(62) Using 2 workers
[13.038s][info][gc,phases   ] GC(62) Pause Mark Start 0.010ms
[13.064s][info][gc,phases   ] GC(62) Concurrent Mark 26.543ms
[13.064s][info][gc,phases   ] GC(62) Pause Mark End 0.015ms
[13.064s][info][gc,phases   ] GC(62) Concurrent Mark Free 0.002ms
[13.066s][info][gc,phases   ] GC(62) Concurrent Process Non-Strong References 1.549ms
[13.066s][info][gc,phases   ] GC(62) Concurrent Reset Relocation Set 0.001ms
[13.067s][info][gc,phases   ] GC(62) Concurrent Select Relocation Set 1.137ms
[13.067s][info][gc,phases   ] GC(62) Pause Relocate Start 0.007ms
[13.068s][info][gc,phases   ] GC(62) Concurrent Relocate 0.445ms
[13.068s][info][gc,load     ] GC(62) Load: 0.00/0.00/0.00
[13.068s][info][gc,mmu      ] GC(62) MMU: 2ms/97.9%, 5ms/99.1%, 10ms/99.5%, 20ms/99.7%, 50ms/99.9%, 100ms/99.9%
[13.068s][info][gc,marking  ] GC(62) Mark: 2 stripe(s), 1 proactive flush(es), 1 terminate flush(es), 0 completion(s), 0 continuation(s) 
[13.068s][info][gc,marking  ] GC(62) Mark Stack Usage: 32M
[13.068s][info][gc,nmethod  ] GC(62) NMethods: 1474 registered, 20 unregistered
[13.068s][info][gc,metaspace] GC(62) Metaspace: 12M used, 12M committed, 1088M reserved
[13.068s][info][gc,ref      ] GC(62) Soft: 227 encountered, 0 discovered, 0 enqueued
[13.068s][info][gc,ref      ] GC(62) Weak: 764 encountered, 9 discovered, 0 enqueued
[13.068s][info][gc,ref      ] GC(62) Final: 0 encountered, 0 discovered, 0 enqueued
[13.068s][info][gc,ref      ] GC(62) Phantom: 33 encountered, 17 discovered, 0 enqueued
[13.068s][info][gc,reloc    ] GC(62) Small Pages: 46 / 92M, Empty: 46M, Relocated: 1M, In-Place: 0
[13.068s][info][gc,reloc    ] GC(62) Medium Pages: 0 / 0M, Empty: 0M, Relocated: 0M, In-Place: 0
[13.068s][info][gc,reloc    ] GC(62) Large Pages: 0 / 0M, Empty: 0M, Relocated: 0M, In-Place: 0
[13.068s][info][gc,reloc    ] GC(62) Forwarding Usage: 0M
[13.068s][info][gc,heap     ] GC(62) Min Capacity: 1024M(100%)
[13.068s][info][gc,heap     ] GC(62) Max Capacity: 1024M(100%)
[13.068s][info][gc,heap     ] GC(62) Soft Max Capacity: 1024M(100%)
[13.068s][info][gc,heap     ] GC(62)                Mark Start          Mark End        Relocate Start      Relocate End           High               Low         
[13.068s][info][gc,heap     ] GC(62)  Capacity:     1024M (100%)       1024M (100%)       1024M (100%)       1024M (100%)       1024M (100%)       1024M (100%)   
[13.068s][info][gc,heap     ] GC(62)      Free:      932M (91%)         932M (91%)         978M (96%)         980M (96%)         980M (96%)         932M (91%)    
[13.068s][info][gc,heap     ] GC(62)      Used:       92M (9%)           92M (9%)           46M (4%)           44M (4%)           92M (9%)           44M (4%)     
[13.068s][info][gc,heap     ] GC(62)      Live:         -                32M (3%)           32M (3%)           32M (3%)             -                  -          
[13.068s][info][gc,heap     ] GC(62) Allocated:         -                 0M (0%)            0M (0%)            0M (0%)             -                  -          
[13.068s][info][gc,heap     ] GC(62)   Garbage:         -                59M (6%)           13M (1%)           11M (1%)             -                  -          
[13.068s][info][gc,heap     ] GC(62) Reclaimed:         -                  -                46M (4%)           48M (5%)             -                  -          
[13.068s][info][gc          ] GC(62) Garbage Collection (System.gc()) 92M(9%)->44M(4%)
[13.229s][info][gc,start    ] GC(63) Garbage Collection (System.gc())
[13.229s][info][gc,task     ] GC(63) Using 2 workers
[13.229s][info][gc,phases   ] GC(63) Pause Mark Start 0.012ms
[13.253s][info][gc,phases   ] GC(63) Concurrent Mark 23.775ms
[13.253s][info][gc,phases   ] GC(63) Pause Mark End 0.034ms
[13.253s][info][gc,phases   ] GC(63) Concurrent Mark Free 0.002ms
[13.255s][info][gc,phases   ] GC(63) Concurrent Process Non-Strong References 1.851ms
[13.255s][info][gc,phases   ] GC(63) Concurrent Reset Relocation Set 0.001ms
[13.258s][info][gc,phases   ] GC(63) Concurrent Select Relocation Set 3.134ms
[13.258s][info][gc,phases   ] GC(63) Pause Relocate Start 0.007ms
[13.259s][info][gc,phases   ] GC(63) Concurrent Relocate 0.682ms
[13.259s][info][gc,load     ] GC(63) Load: 0.00/0.00/0.00
[13.259s][info][gc,mmu      ] GC(63) MMU: 2ms/97.9%, 5ms/99.1%, 10ms/99.5%, 20ms/99.7%, 50ms/99.9%, 100ms/99.9%
[13.259s][info][gc,marking  ] GC(63) Mark: 2 stripe(s), 2 proactive flush(es), 1 terminate flush(es), 0 completion(s), 0 continuation(s) 
[13.259s][info][gc,marking  ] GC(63) Mark Stack Usage: 32M
[13.259s][info][gc,nmethod  ] GC(63) NMethods: 1474 registered, 20 unregistered
[13.259s][info][gc,metaspace] GC(63) Metaspace: 12M used, 12M committed, 1088M reserved
[13.259s][info][gc,ref      ] GC(63) Soft: 227 encountered, 0 discovered, 0 enqueued
[13.259s][info][gc,ref      ] GC(63) Weak: 764 encountered, 560 discovered, 0 enqueued
[13.259s][info][gc,ref      ] GC(63) Final: 0 encountered, 0 discovered, 0 enqueued
[13.259s][info][gc,ref      ] GC(63) Phantom: 33 encountered, 21 discovered, 0 enqueued
[13.259s][info][gc,reloc    ] GC(63) Small Pages: 46 / 92M, Empty: 46M, Relocated: 1M, In-Place: 0
[13.259s][info][gc,reloc    ] GC(63) Medium Pages: 0 / 0M, Empty: 0M, Relocated: 0M, In-Place: 0
[13.259s][info][gc,reloc    ] GC(63) Large Pages: 0 / 0M, Empty: 0M, Relocated: 0M, In-Place: 0
[13.259s][info][gc,reloc    ] GC(63) Forwarding Usage: 0M
[13.259s][info][gc,heap     ] GC(63) Min Capacity: 1024M(100%)
[13.259s][info][gc,heap     ] GC(63) Max Capacity: 1024M(100%)
[13.259s][info][gc,heap     ] GC(63) Soft Max Capacity: 1024M(100%)
[13.259s][info][gc,heap     ] GC(63)                Mark Start          Mark End        Relocate Start      Relocate End           High               Low         
[13.259s][info][gc,heap     ] GC(63)  Capacity:     1024M (100%)       1024M (100%)       1024M (100%)       1024M (100%)       1024M (100%)       1024M (100%)   
[13.259s][info][gc,heap     ] GC(63)      Free:      932M (91%)         932M (91%)         978M (96%)         980M (96%)         980M (96%)         932M (91%)    
[13.259s][info][gc,heap     ] GC(63)      Used:       92M (9%)           92M (9%)           46M (4%)           44M (4%)           92M (9%)           44M (4%)     
[13.259s][info][gc,heap     ] GC(63)      Live:         -                32M (3%)           32M (3%)           32M (3%)             -                  -          
[13.259s][info][gc,heap     ] GC(63) Allocated:         -                 0M (0%)            0M (0%)            0M (0%)             -                  -          
[13.259s][info][gc,heap     ] GC(63)   Garbage:         -                59M (6%)           13M (1%)           11M (1%)             -                  -          
[13.259s][info][gc,heap     ] GC(63) Reclaimed:         -                  -                46M (4%)           48M (5%)             -                  -          
[13.259s][info][gc          ] GC(63) Garbage Collection (System.gc()) 92M(9%)->44M(4%)
[13.420s][info][gc,start    ] GC(64) Garbage Collection (System.gc())
[13.420s][info][gc,task     ] GC(64) Using 2 workers
[13.420s][info][gc,phases   ] GC(64) Pause Mark Start 0.007ms
[13.442s][info][gc,phases   ] GC(64) Concurrent Mark 21.711ms
[13.442s][info][gc,phases   ] GC(64) Pause Mark End 0.021ms
[13.442s][info][gc,phases   ] GC(64) Concurrent Mark Free 0.002ms
[13.444s][info][gc,phases   ] GC(64) Concurrent Process Non-Strong References 1.843ms
[13.444s][info][gc,phases   ] GC(64) Concurrent Reset Relocation Set 0.001ms
[13.445s][info][gc,phases   ] GC(64) Concurrent Select Relocation Set 1.304ms
[13.445s][info][gc,phases   ] GC(64) Pause Relocate Start 0.008ms
[13.446s][info][gc,phases   ] GC(64) Concurrent Relocate 0.763ms
[13.446s][info][gc,load     ] GC(64) Load: 0.00/0.00/0.00
[13.446s][info][gc,mmu      ] GC(64) MMU: 2ms/97.9%, 5ms/99.1%, 10ms/99.5%, 20ms/99.7%, 50ms/99.9%, 100ms/99.9%
[13.446s][info][gc,marking  ] GC(64) Mark: 2 stripe(s), 2 proactive flush(es), 1 terminate flush(es), 0 completion(s), 0 continuation(s) 
[13.446s][info][gc,marking  ] GC(64) Mark Stack Usage: 32M
[13.446s][info][gc,nmethod  ] GC(64) NMethods: 1479 registered, 20 unregistered
[13.446s][info][gc,metaspace] GC(64) Metaspace: 12M used, 12M committed, 1088M reserved
[13.446s][info][gc,ref      ] GC(64) Soft: 227 encountered, 0 discovered, 0 enqueued
[13.446s][info][gc,ref      ] GC(64) Weak: 764 encountered, 21 discovered, 0 enqueued
[13.446s][info][gc,ref      ] GC(64) Final: 0 encountered, 0 discovered, 0 enqueued
[13.446s][info][gc,ref      ] GC(64) Phantom: 33 encountered, 14 discovered, 0 enqueued
[13.446s][info][gc,reloc    ] GC(64) Small Pages: 47 / 94M, Empty: 46M, Relocated: 1M, In-Place: 0
[13.446s][info][gc,reloc    ] GC(64) Medium Pages: 0 / 0M, Empty: 0M, Relocated: 0M, In-Place: 0
[13.446s][info][gc,reloc    ] GC(64) Large Pages: 0 / 0M, Empty: 0M, Relocated: 0M, In-Place: 0
[13.446s][info][gc,reloc    ] GC(64) Forwarding Usage: 0M
[13.446s][info][gc,heap     ] GC(64) Min Capacity: 1024M(100%)
[13.446s][info][gc,heap     ] GC(64) Max Capacity: 1024M(100%)
[13.446s][info][gc,heap     ] GC(64) Soft Max Capacity: 1024M(100%)
[13.446s][info][gc,heap     ] GC(64)                Mark Start          Mark End        Relocate Start      Relocate End           High               Low         
[13.446s][info][gc,heap     ] GC(64)  Capacity:     1024M (100%)       1024M (100%)       1024M (100%)       1024M (100%)       1024M (100%)       1024M (100%)   
[13.446s][info][gc,heap     ] GC(64)      Free:      930M (91%)         930M (91%)         976M (95%)         980M (96%)         980M (96%)         930M (91%)    
[13.446s][info][gc,heap     ] GC(64)      Used:       94M (9%)           94M (9%)           48M (5%)           44M (4%)           94M (9%)           44M (4%)     
[13.446s][info][gc,heap     ] GC(64)      Live:         -                32M (3%)           32M (3%)           32M (3%)             -                  -          
[13.446s][info][gc,heap     ] GC(64) Allocated:         -                 0M (0%)            0M (0%)            0M (0%)             -                  -          
[13.446s][info][gc,heap     ] GC(64)   Garbage:         -                61M (6%)           15M (1%)           11M (1%)             -                  -          
[13.446s][info][gc,heap     ] GC(64) Reclaimed:         -                  -                46M (4%)           50M (5%)             -                  -          
[13.446s][info][gc          ] GC(64) Garbage Collection (System.gc()) 94M(9%)->44M(4%)
[13.606s][info][gc,start    ] GC(65) Garbage Collection (System.gc())
[13.606s][info][gc,task     ] GC(65) Using 2 workers
[13.606s][info][gc,phases   ] GC(65) Pause Mark Start 0.013ms
[13.645s][info][gc,phases   ] GC(65) Concurrent Mark 39.011ms
[13.646s][info][gc,phases   ] GC(65) Pause Mark End 0.025ms
[13.646s][info][gc,phases   ] GC(65) Concurrent Mark Free 0.003ms
[13.648s][info][gc,phases   ] GC(65) Concurrent Process Non-Strong References 1.953ms
[13.648s][info][gc,phases   ] GC(65) Concurrent Reset Relocation Set 0.001ms
[13.649s][info][gc,phases   ] GC(65) Concurrent Select Relocation Set 1.175ms
[13.649s][info][gc,phases   ] GC(65) Pause Relocate Start 0.007ms
[13.650s][info][gc,phases   ] GC(65) Concurrent Relocate 0.451ms
[13.650s][info][gc,load     ] GC(65) Load: 0.00/0.00/0.00
[13.650s][info][gc,mmu      ] GC(65) MMU: 2ms/97.9%, 5ms/99.1%, 10ms/99.5%, 20ms/99.7%, 50ms/99.9%, 100ms/99.9%
[13.650s][info][gc,marking  ] GC(65) Mark: 2 stripe(s), 3 proactive flush(es), 1 terminate flush(es), 0 completion(s), 0 continuation(s) 
[13.650s][info][gc,marking  ] GC(65) Mark Stack Usage: 32M
[13.650s][info][gc,nmethod  ] GC(65) NMethods: 1479 registered, 20 unregistered
[13.650s][info][gc,metaspace] GC(65) Metaspace: 12M used, 12M committed, 1088M reserved
[13.650s][info][gc,ref      ] GC(65) Soft: 227 encountered, 0 discovered, 0 enqueued
[13.650s][info][gc,ref      ] GC(65) Weak: 764 encountered, 542 discovered, 0 enqueued
[13.650s][info][gc,ref      ] GC(65) Final: 0 encountered, 0 discovered, 0 enqueued
[13.650s][info][gc,ref      ] GC(65) Phantom: 33 encountered, 23 discovered, 0 enqueued
[13.650s][info][gc,reloc    ] GC(65) Small Pages: 46 / 92M, Empty: 46M, Relocated: 1M, In-Place: 0
[13.650s][info][gc,reloc    ] GC(65) Medium Pages: 0 / 0M, Empty: 0M, Relocated: 0M, In-Place: 0
[13.650s][info][gc,reloc    ] GC(65) Large Pages: 0 / 0M, Empty: 0M, Relocated: 0M, In-Place: 0
[13.650s][info][gc,reloc    ] GC(65) Forwarding Usage: 0M
[13.650s][info][gc,heap     ] GC(65) Min Capacity: 1024M(100%)
[13.650s][info][gc,heap     ] GC(65) Max Capacity: 1024M(100%)
[13.650s][info][gc,heap     ] GC(65) Soft Max Capacity: 1024M(100%)
[13.650s][info][gc,heap     ] GC(65)                Mark Start          Mark End        Relocate Start      Relocate End           High               Low         
[13.650s][info][gc,heap     ] GC(65)  Capacity:     1024M (100%)       1024M (100%)       1024M (100%)       1024M (100%)       1024M (100%)       1024M (100%)   
[13.650s][info][gc,heap     ] GC(65)      Free:      932M (91%)         932M (91%)         978M (96%)         980M (96%)         980M (96%)         932M (91%)    
[13.650s][info][gc,heap     ] GC(65)      Used:       92M (9%)           92M (9%)           46M (4%)           44M (4%)           92M (9%)           44M (4%)     
[13.650s][info][gc,heap     ] GC(65)      Live:         -                32M (3%)           32M (3%)           32M (3%)             -                  -          
[13.650s][info][gc,heap     ] GC(65) Allocated:         -                 0M (0%)            0M (0%)            0M (0%)             -                  -          
[13.650s][info][gc,heap     ] GC(65)   Garbage:         -                59M (6%)           13M (1%)           11M (1%)             -                  -          
[13.650s][info][gc,heap     ] GC(65) Reclaimed:         -                  -                46M (4%)           48M (5%)             -                  -          
[13.650s][info][gc          ] GC(65) Garbage Collection (System.gc()) 92M(9%)->44M(4%)
[13.811s][info][gc,start    ] GC(66) Garbage Collection (System.gc())
[13.811s][info][gc,task     ] GC(66) Using 2 workers
[13.811s][info][gc,phases   ] GC(66) Pause Mark Start 0.008ms
[13.834s][info][gc,phases   ] GC(66) Concurrent Mark 22.703ms
[13.834s][info][gc,phases   ] GC(66) Pause Mark End 0.016ms
[13.835s][info][gc,phases   ] GC(66) Concurrent Mark Free 0.003ms
[13.836s][info][gc,phases   ] GC(66) Concurrent Process Non-Strong References 1.843ms
[13.836s][info][gc,phases   ] GC(66) Concurrent Reset Relocation Set 0.001ms
[13.838s][info][gc,phases   ] GC(66) Concurrent Select Relocation Set 1.462ms
[13.838s][info][gc,phases   ] GC(66) Pause Relocate Start 0.009ms
[13.839s][info][gc,phases   ] GC(66) Concurrent Relocate 0.647ms
[13.839s][info][gc,load     ] GC(66) Load: 0.00/0.00/0.00
[13.839s][info][gc,mmu      ] GC(66) MMU: 2ms/97.9%, 5ms/99.1%, 10ms/99.5%, 20ms/99.7%, 50ms/99.9%, 100ms/99.9%
[13.839s][info][gc,marking  ] GC(66) Mark: 2 stripe(s), 1 proactive flush(es), 1 terminate flush(es), 0 completion(s), 0 continuation(s) 
[13.839s][info][gc,marking  ] GC(66) Mark Stack Usage: 32M
[13.839s][info][gc,nmethod  ] GC(66) NMethods: 1479 registered, 20 unregistered
[13.839s][info][gc,metaspace] GC(66) Metaspace: 12M used, 12M committed, 1088M reserved
[13.839s][info][gc,ref      ] GC(66) Soft: 227 encountered, 0 discovered, 0 enqueued
[13.839s][info][gc,ref      ] GC(66) Weak: 764 encountered, 161 discovered, 0 enqueued
[13.839s][info][gc,ref      ] GC(66) Final: 0 encountered, 0 discovered, 0 enqueued
[13.839s][info][gc,ref      ] GC(66) Phantom: 33 encountered, 14 discovered, 0 enqueued
[13.839s][info][gc,reloc    ] GC(66) Small Pages: 46 / 92M, Empty: 46M, Relocated: 1M, In-Place: 0
[13.839s][info][gc,reloc    ] GC(66) Medium Pages: 0 / 0M, Empty: 0M, Relocated: 0M, In-Place: 0
[13.839s][info][gc,reloc    ] GC(66) Large Pages: 0 / 0M, Empty: 0M, Relocated: 0M, In-Place: 0
[13.839s][info][gc,reloc    ] GC(66) Forwarding Usage: 0M
[13.839s][info][gc,heap     ] GC(66) Min Capacity: 1024M(100%)
[13.839s][info][gc,heap     ] GC(66) Max Capacity: 1024M(100%)
[13.839s][info][gc,heap     ] GC(66) Soft Max Capacity: 1024M(100%)
[13.839s][info][gc,heap     ] GC(66)                Mark Start          Mark End        Relocate Start      Relocate End           High               Low         
[13.839s][info][gc,heap     ] GC(66)  Capacity:     1024M (100%)       1024M (100%)       1024M (100%)       1024M (100%)       1024M (100%)       1024M (100%)   
[13.839s][info][gc,heap     ] GC(66)      Free:      932M (91%)         932M (91%)         978M (96%)         980M (96%)         980M (96%)         932M (91%)    
[13.839s][info][gc,heap     ] GC(66)      Used:       92M (9%)           92M (9%)           46M (4%)           44M (4%)           92M (9%)           44M (4%)     
[13.839s][info][gc,heap     ] GC(66)      Live:         -                32M (3%)           32M (3%)           32M (3%)             -                  -          
[13.839s][info][gc,heap     ] GC(66) Allocated:         -                 0M (0%)            0M (0%)            0M (0%)             -                  -          
[13.839s][info][gc,heap     ] GC(66)   Garbage:         -                59M (6%)           13M (1%)           11M (1%)             -                  -          
[13.839s][info][gc,heap     ] GC(66) Reclaimed:         -                  -                46M (4%)           48M (5%)             -                  -          
[13.839s][info][gc          ] GC(66) Garbage Collection (System.gc()) 92M(9%)->44M(4%)
[13.999s][info][gc,start    ] GC(67) Garbage Collection (System.gc())
[13.999s][info][gc,task     ] GC(67) Using 2 workers
[13.999s][info][gc,phases   ] GC(67) Pause Mark Start 0.010ms
[14.022s][info][gc,phases   ] GC(67) Concurrent Mark 23.147ms
[14.023s][info][gc,phases   ] GC(67) Pause Mark End 0.019ms
[14.023s][info][gc,phases   ] GC(67) Concurrent Mark Free 0.002ms
[14.024s][info][gc,phases   ] GC(67) Concurrent Process Non-Strong References 1.425ms
[14.024s][info][gc,phases   ] GC(67) Concurrent Reset Relocation Set 0.001ms
[14.026s][info][gc,phases   ] GC(67) Concurrent Select Relocation Set 1.698ms
[14.026s][info][gc,phases   ] GC(67) Pause Relocate Start 0.007ms
[14.027s][info][gc,phases   ] GC(67) Concurrent Relocate 0.671ms
[14.027s][info][gc,load     ] GC(67) Load: 0.00/0.00/0.00
[14.027s][info][gc,mmu      ] GC(67) MMU: 2ms/97.9%, 5ms/99.1%, 10ms/99.5%, 20ms/99.7%, 50ms/99.9%, 100ms/99.9%
[14.027s][info][gc,marking  ] GC(67) Mark: 2 stripe(s), 1 proactive flush(es), 1 terminate flush(es), 0 completion(s), 0 continuation(s) 
[14.027s][info][gc,marking  ] GC(67) Mark Stack Usage: 32M
[14.027s][info][gc,nmethod  ] GC(67) NMethods: 1479 registered, 20 unregistered
[14.027s][info][gc,metaspace] GC(67) Metaspace: 12M used, 12M committed, 1088M reserved
[14.027s][info][gc,ref      ] GC(67) Soft: 227 encountered, 0 discovered, 0 enqueued
[14.027s][info][gc,ref      ] GC(67) Weak: 764 encountered, 540 discovered, 0 enqueued
[14.027s][info][gc,ref      ] GC(67) Final: 0 encountered, 0 discovered, 0 enqueued
[14.027s][info][gc,ref      ] GC(67) Phantom: 33 encountered, 21 discovered, 0 enqueued
[14.027s][info][gc,reloc    ] GC(67) Small Pages: 46 / 92M, Empty: 46M, Relocated: 1M, In-Place: 0
[14.027s][info][gc,reloc    ] GC(67) Medium Pages: 0 / 0M, Empty: 0M, Relocated: 0M, In-Place: 0
[14.027s][info][gc,reloc    ] GC(67) Large Pages: 0 / 0M, Empty: 0M, Relocated: 0M, In-Place: 0
[14.027s][info][gc,reloc    ] GC(67) Forwarding Usage: 0M
[14.027s][info][gc,heap     ] GC(67) Min Capacity: 1024M(100%)
[14.027s][info][gc,heap     ] GC(67) Max Capacity: 1024M(100%)
[14.027s][info][gc,heap     ] GC(67) Soft Max Capacity: 1024M(100%)
[14.027s][info][gc,heap     ] GC(67)                Mark Start          Mark End        Relocate Start      Relocate End           High               Low         
[14.027s][info][gc,heap     ] GC(67)  Capacity:     1024M (100%)       1024M (100%)       1024M (100%)       1024M (100%)       1024M (100%)       1024M (100%)   
[14.027s][info][gc,heap     ] GC(67)      Free:      932M (91%)         932M (91%)         978M (96%)         980M (96%)         980M (96%)         932M (91%)    
[14.027s][info][gc,heap     ] GC(67)      Used:       92M (9%)           92M (9%)           46M (4%)           44M (4%)           92M (9%)           44M (4%)     
[14.027s][info][gc,heap     ] GC(67)      Live:         -                32M (3%)           32M (3%)           32M (3%)             -                  -          
[14.027s][info][gc,heap     ] GC(67) Allocated:         -                 0M (0%)            0M (0%)            0M (0%)             -                  -          
[14.027s][info][gc,heap     ] GC(67)   Garbage:         -                59M (6%)           13M (1%)           11M (1%)             -                  -          
[14.027s][info][gc,heap     ] GC(67) Reclaimed:         -                  -                46M (4%)           48M (5%)             -                  -          
[14.027s][info][gc          ] GC(67) Garbage Collection (System.gc()) 92M(9%)->44M(4%)
[14.190s][info][gc,start    ] GC(68) Garbage Collection (System.gc())
[14.190s][info][gc,task     ] GC(68) Using 2 workers
[14.190s][info][gc,phases   ] GC(68) Pause Mark Start 0.010ms
[14.210s][info][gc,phases   ] GC(68) Concurrent Mark 20.318ms
[14.211s][info][gc,phases   ] GC(68) Pause Mark End 0.021ms
[14.211s][info][gc,phases   ] GC(68) Concurrent Mark Free 0.003ms
[14.213s][info][gc,phases   ] GC(68) Concurrent Process Non-Strong References 1.850ms
[14.213s][info][gc,phases   ] GC(68) Concurrent Reset Relocation Set 0.001ms
[14.214s][info][gc,phases   ] GC(68) Concurrent Select Relocation Set 1.321ms
[14.214s][info][gc,phases   ] GC(68) Pause Relocate Start 0.007ms
[14.215s][info][gc,phases   ] GC(68) Concurrent Relocate 0.795ms
[14.215s][info][gc,load     ] GC(68) Load: 0.00/0.00/0.00
[14.215s][info][gc,mmu      ] GC(68) MMU: 2ms/97.9%, 5ms/99.1%, 10ms/99.5%, 20ms/99.7%, 50ms/99.9%, 100ms/99.9%
[14.215s][info][gc,marking  ] GC(68) Mark: 2 stripe(s), 1 proactive flush(es), 1 terminate flush(es), 0 completion(s), 0 continuation(s) 
[14.215s][info][gc,marking  ] GC(68) Mark Stack Usage: 32M
[14.215s][info][gc,nmethod  ] GC(68) NMethods: 1479 registered, 20 unregistered
[14.215s][info][gc,metaspace] GC(68) Metaspace: 12M used, 12M committed, 1088M reserved
[14.215s][info][gc,ref      ] GC(68) Soft: 227 encountered, 0 discovered, 0 enqueued
[14.215s][info][gc,ref      ] GC(68) Weak: 764 encountered, 559 discovered, 0 enqueued
[14.215s][info][gc,ref      ] GC(68) Final: 0 encountered, 0 discovered, 0 enqueued
[14.215s][info][gc,ref      ] GC(68) Phantom: 33 encountered, 12 discovered, 0 enqueued
[14.215s][info][gc,reloc    ] GC(68) Small Pages: 46 / 92M, Empty: 46M, Relocated: 1M, In-Place: 0
[14.215s][info][gc,reloc    ] GC(68) Medium Pages: 0 / 0M, Empty: 0M, Relocated: 0M, In-Place: 0
[14.215s][info][gc,reloc    ] GC(68) Large Pages: 0 / 0M, Empty: 0M, Relocated: 0M, In-Place: 0
[14.215s][info][gc,reloc    ] GC(68) Forwarding Usage: 0M
[14.215s][info][gc,heap     ] GC(68) Min Capacity: 1024M(100%)
[14.215s][info][gc,heap     ] GC(68) Max Capacity: 1024M(100%)
[14.215s][info][gc,heap     ] GC(68) Soft Max Capacity: 1024M(100%)
[14.215s][info][gc,heap     ] GC(68)                Mark Start          Mark End        Relocate Start      Relocate End           High               Low         
[14.215s][info][gc,heap     ] GC(68)  Capacity:     1024M (100%)       1024M (100%)       1024M (100%)       1024M (100%)       1024M (100%)       1024M (100%)   
[14.215s][info][gc,heap     ] GC(68)      Free:      932M (91%)         932M (91%)         978M (96%)         980M (96%)         980M (96%)         932M (91%)    
[14.215s][info][gc,heap     ] GC(68)      Used:       92M (9%)           92M (9%)           46M (4%)           44M (4%)           92M (9%)           44M (4%)     
[14.215s][info][gc,heap     ] GC(68)      Live:         -                32M (3%)           32M (3%)           32M (3%)             -                  -          
[14.215s][info][gc,heap     ] GC(68) Allocated:         -                 0M (0%)            0M (0%)            0M (0%)             -                  -          
[14.215s][info][gc,heap     ] GC(68)   Garbage:         -                59M (6%)           13M (1%)           11M (1%)             -                  -          
[14.215s][info][gc,heap     ] GC(68) Reclaimed:         -                  -                46M (4%)           48M (5%)             -                  -          
[14.215s][info][gc          ] GC(68) Garbage Collection (System.gc()) 92M(9%)->44M(4%)
[14.376s][info][gc,start    ] GC(69) Garbage Collection (System.gc())
[14.376s][info][gc,task     ] GC(69) Using 2 workers
[14.376s][info][gc,phases   ] GC(69) Pause Mark Start 0.010ms
[14.399s][info][gc,phases   ] GC(69) Concurrent Mark 22.898ms
[14.399s][info][gc,phases   ] GC(69) Pause Mark End 0.024ms
[14.399s][info][gc,phases   ] GC(69) Concurrent Mark Free 0.004ms
[14.401s][info][gc,phases   ] GC(69) Concurrent Process Non-Strong References 1.819ms
[14.401s][info][gc,phases   ] GC(69) Concurrent Reset Relocation Set 0.001ms
[14.403s][info][gc,phases   ] GC(69) Concurrent Select Relocation Set 1.496ms
[14.403s][info][gc,phases   ] GC(69) Pause Relocate Start 0.008ms
[14.403s][info][gc,phases   ] GC(69) Concurrent Relocate 0.745ms
[14.403s][info][gc,load     ] GC(69) Load: 0.00/0.00/0.00
[14.403s][info][gc,mmu      ] GC(69) MMU: 2ms/97.9%, 5ms/99.1%, 10ms/99.5%, 20ms/99.7%, 50ms/99.9%, 100ms/99.9%
[14.403s][info][gc,marking  ] GC(69) Mark: 2 stripe(s), 1 proactive flush(es), 1 terminate flush(es), 0 completion(s), 0 continuation(s) 
[14.404s][info][gc,marking  ] GC(69) Mark Stack Usage: 32M
[14.404s][info][gc,nmethod  ] GC(69) NMethods: 1479 registered, 20 unregistered
[14.404s][info][gc,metaspace] GC(69) Metaspace: 12M used, 12M committed, 1088M reserved
[14.404s][info][gc,ref      ] GC(69) Soft: 227 encountered, 0 discovered, 0 enqueued
[14.404s][info][gc,ref      ] GC(69) Weak: 764 encountered, 560 discovered, 0 enqueued
[14.404s][info][gc,ref      ] GC(69) Final: 0 encountered, 0 discovered, 0 enqueued
[14.404s][info][gc,ref      ] GC(69) Phantom: 33 encountered, 18 discovered, 0 enqueued
[14.404s][info][gc,reloc    ] GC(69) Small Pages: 46 / 92M, Empty: 46M, Relocated: 1M, In-Place: 0
[14.404s][info][gc,reloc    ] GC(69) Medium Pages: 0 / 0M, Empty: 0M, Relocated: 0M, In-Place: 0
[14.404s][info][gc,reloc    ] GC(69) Large Pages: 0 / 0M, Empty: 0M, Relocated: 0M, In-Place: 0
[14.404s][info][gc,reloc    ] GC(69) Forwarding Usage: 0M
[14.404s][info][gc,heap     ] GC(69) Min Capacity: 1024M(100%)
[14.404s][info][gc,heap     ] GC(69) Max Capacity: 1024M(100%)
[14.404s][info][gc,heap     ] GC(69) Soft Max Capacity: 1024M(100%)
[14.404s][info][gc,heap     ] GC(69)                Mark Start          Mark End        Relocate Start      Relocate End           High               Low         
[14.404s][info][gc,heap     ] GC(69)  Capacity:     1024M (100%)       1024M (100%)       1024M (100%)       1024M (100%)       1024M (100%)       1024M (100%)   
[14.404s][info][gc,heap     ] GC(69)      Free:      932M (91%)         932M (91%)         978M (96%)         980M (96%)         980M (96%)         932M (91%)    
[14.404s][info][gc,heap     ] GC(69)      Used:       92M (9%)           92M (9%)           46M (4%)           44M (4%)           92M (9%)           44M (4%)     
[14.404s][info][gc,heap     ] GC(69)      Live:         -                32M (3%)           32M (3%)           32M (3%)             -                  -          
[14.404s][info][gc,heap     ] GC(69) Allocated:         -                 0M (0%)            0M (0%)            0M (0%)             -                  -          
[14.404s][info][gc,heap     ] GC(69)   Garbage:         -                59M (6%)           13M (1%)           11M (1%)             -                  -          
[14.404s][info][gc,heap     ] GC(69) Reclaimed:         -                  -                46M (4%)           48M (5%)             -                  -          
[14.404s][info][gc          ] GC(69) Garbage Collection (System.gc()) 92M(9%)->44M(4%)
[14.562s][info][gc,start    ] GC(70) Garbage Collection (System.gc())
[14.562s][info][gc,task     ] GC(70) Using 2 workers
[14.562s][info][gc,phases   ] GC(70) Pause Mark Start 0.008ms
[14.587s][info][gc,phases   ] GC(70) Concurrent Mark 24.924ms
[14.587s][info][gc,phases   ] GC(70) Pause Mark End 0.016ms
[14.587s][info][gc,phases   ] GC(70) Concurrent Mark Free 0.000ms
[14.589s][info][gc,phases   ] GC(70) Concurrent Process Non-Strong References 1.740ms
[14.589s][info][gc,phases   ] GC(70) Concurrent Reset Relocation Set 0.001ms
[14.590s][info][gc,phases   ] GC(70) Concurrent Select Relocation Set 1.146ms
[14.590s][info][gc,phases   ] GC(70) Pause Relocate Start 0.008ms
[14.591s][info][gc,phases   ] GC(70) Concurrent Relocate 0.437ms
[14.591s][info][gc,load     ] GC(70) Load: 0.00/0.00/0.00
[14.591s][info][gc,mmu      ] GC(70) MMU: 2ms/97.9%, 5ms/99.1%, 10ms/99.5%, 20ms/99.7%, 50ms/99.9%, 100ms/99.9%
[14.591s][info][gc,marking  ] GC(70) Mark: 2 stripe(s), 2 proactive flush(es), 1 terminate flush(es), 0 completion(s), 0 continuation(s) 
[14.591s][info][gc,marking  ] GC(70) Mark Stack Usage: 32M
[14.591s][info][gc,nmethod  ] GC(70) NMethods: 1479 registered, 21 unregistered
[14.591s][info][gc,metaspace] GC(70) Metaspace: 12M used, 12M committed, 1088M reserved
[14.591s][info][gc,ref      ] GC(70) Soft: 227 encountered, 0 discovered, 0 enqueued
[14.591s][info][gc,ref      ] GC(70) Weak: 764 encountered, 102 discovered, 0 enqueued
[14.591s][info][gc,ref      ] GC(70) Final: 0 encountered, 0 discovered, 0 enqueued
[14.591s][info][gc,ref      ] GC(70) Phantom: 33 encountered, 15 discovered, 0 enqueued
[14.591s][info][gc,reloc    ] GC(70) Small Pages: 46 / 92M, Empty: 46M, Relocated: 1M, In-Place: 0
[14.591s][info][gc,reloc    ] GC(70) Medium Pages: 0 / 0M, Empty: 0M, Relocated: 0M, In-Place: 0
[14.591s][info][gc,reloc    ] GC(70) Large Pages: 0 / 0M, Empty: 0M, Relocated: 0M, In-Place: 0
[14.591s][info][gc,reloc    ] GC(70) Forwarding Usage: 0M
[14.591s][info][gc,heap     ] GC(70) Min Capacity: 1024M(100%)
[14.591s][info][gc,heap     ] GC(70) Max Capacity: 1024M(100%)
[14.591s][info][gc,heap     ] GC(70) Soft Max Capacity: 1024M(100%)
[14.591s][info][gc,heap     ] GC(70)                Mark Start          Mark End        Relocate Start      Relocate End           High               Low         
[14.591s][info][gc,heap     ] GC(70)  Capacity:     1024M (100%)       1024M (100%)       1024M (100%)       1024M (100%)       1024M (100%)       1024M (100%)   
[14.591s][info][gc,heap     ] GC(70)      Free:      932M (91%)         932M (91%)         978M (96%)         980M (96%)         980M (96%)         932M (91%)    
[14.591s][info][gc,heap     ] GC(70)      Used:       92M (9%)           92M (9%)           46M (4%)           44M (4%)           92M (9%)           44M (4%)     
[14.591s][info][gc,heap     ] GC(70)      Live:         -                32M (3%)           32M (3%)           32M (3%)             -                  -          
[14.591s][info][gc,heap     ] GC(70) Allocated:         -                 0M (0%)            0M (0%)            0M (0%)             -                  -          
[14.591s][info][gc,heap     ] GC(70)   Garbage:         -                59M (6%)           13M (1%)           11M (1%)             -                  -          
[14.591s][info][gc,heap     ] GC(70) Reclaimed:         -                  -                46M (4%)           48M (5%)             -                  -          
[14.591s][info][gc          ] GC(70) Garbage Collection (System.gc()) 92M(9%)->44M(4%)
[14.752s][info][gc,start    ] GC(71) Garbage Collection (System.gc())
[14.752s][info][gc,task     ] GC(71) Using 2 workers
[14.752s][info][gc,phases   ] GC(71) Pause Mark Start 0.011ms
[14.777s][info][gc,phases   ] GC(71) Concurrent Mark 24.761ms
[14.777s][info][gc,phases   ] GC(71) Pause Mark End 0.022ms
[14.777s][info][gc,phases   ] GC(71) Concurrent Mark Free 0.003ms
[14.778s][info][gc,phases   ] GC(71) Concurrent Process Non-Strong References 1.273ms
[14.778s][info][gc,phases   ] GC(71) Concurrent Reset Relocation Set 0.001ms
[14.780s][info][gc,phases   ] GC(71) Concurrent Select Relocation Set 1.128ms
[14.780s][info][gc,phases   ] GC(71) Pause Relocate Start 0.007ms
[14.780s][info][gc,phases   ] GC(71) Concurrent Relocate 0.441ms
[14.780s][info][gc,load     ] GC(71) Load: 0.00/0.00/0.00
[14.780s][info][gc,mmu      ] GC(71) MMU: 2ms/97.9%, 5ms/99.1%, 10ms/99.5%, 20ms/99.7%, 50ms/99.9%, 100ms/99.9%
[14.780s][info][gc,marking  ] GC(71) Mark: 2 stripe(s), 1 proactive flush(es), 1 terminate flush(es), 0 completion(s), 0 continuation(s) 
[14.780s][info][gc,marking  ] GC(71) Mark Stack Usage: 32M
[14.780s][info][gc,nmethod  ] GC(71) NMethods: 1479 registered, 22 unregistered
[14.780s][info][gc,metaspace] GC(71) Metaspace: 12M used, 12M committed, 1088M reserved
[14.780s][info][gc,ref      ] GC(71) Soft: 227 encountered, 0 discovered, 0 enqueued
[14.780s][info][gc,ref      ] GC(71) Weak: 764 encountered, 529 discovered, 0 enqueued
[14.780s][info][gc,ref      ] GC(71) Final: 0 encountered, 0 discovered, 0 enqueued
[14.780s][info][gc,ref      ] GC(71) Phantom: 33 encountered, 15 discovered, 0 enqueued
[14.780s][info][gc,reloc    ] GC(71) Small Pages: 46 / 92M, Empty: 46M, Relocated: 1M, In-Place: 0
[14.780s][info][gc,reloc    ] GC(71) Medium Pages: 0 / 0M, Empty: 0M, Relocated: 0M, In-Place: 0
[14.780s][info][gc,reloc    ] GC(71) Large Pages: 0 / 0M, Empty: 0M, Relocated: 0M, In-Place: 0
[14.780s][info][gc,reloc    ] GC(71) Forwarding Usage: 0M
[14.780s][info][gc,heap     ] GC(71) Min Capacity: 1024M(100%)
[14.780s][info][gc,heap     ] GC(71) Max Capacity: 1024M(100%)
[14.780s][info][gc,heap     ] GC(71) Soft Max Capacity: 1024M(100%)
[14.780s][info][gc,heap     ] GC(71)                Mark Start          Mark End        Relocate Start      Relocate End           High               Low         
[14.780s][info][gc,heap     ] GC(71)  Capacity:     1024M (100%)       1024M (100%)       1024M (100%)       1024M (100%)       1024M (100%)       1024M (100%)   
[14.780s][info][gc,heap     ] GC(71)      Free:      932M (91%)         932M (91%)         978M (96%)         980M (96%)         980M (96%)         932M (91%)    
[14.780s][info][gc,heap     ] GC(71)      Used:       92M (9%)           92M (9%)           46M (4%)           44M (4%)           92M (9%)           44M (4%)     
[14.780s][info][gc,heap     ] GC(71)      Live:         -                32M (3%)           32M (3%)           32M (3%)             -                  -          
[14.780s][info][gc,heap     ] GC(71) Allocated:         -                 0M (0%)            0M (0%)            0M (0%)             -                  -          
[14.780s][info][gc,heap     ] GC(71)   Garbage:         -                59M (6%)           13M (1%)           11M (1%)             -                  -          
[14.780s][info][gc,heap     ] GC(71) Reclaimed:         -                  -                46M (4%)           48M (5%)             -                  -          
[14.780s][info][gc          ] GC(71) Garbage Collection (System.gc()) 92M(9%)->44M(4%)
[14.940s][info][gc,start    ] GC(72) Garbage Collection (System.gc())
[14.940s][info][gc,task     ] GC(72) Using 2 workers
[14.940s][info][gc,phases   ] GC(72) Pause Mark Start 0.010ms
[14.965s][info][gc,phases   ] GC(72) Concurrent Mark 24.649ms
[14.965s][info][gc,phases   ] GC(72) Pause Mark End 0.024ms
[14.965s][info][gc,phases   ] GC(72) Concurrent Mark Free 0.003ms
[14.967s][info][gc,phases   ] GC(72) Concurrent Process Non-Strong References 2.051ms
[14.967s][info][gc,phases   ] GC(72) Concurrent Reset Relocation Set 0.001ms
[14.969s][info][gc,phases   ] GC(72) Concurrent Select Relocation Set 1.494ms
[14.969s][info][gc,phases   ] GC(72) Pause Relocate Start 0.007ms
[14.970s][info][gc,phases   ] GC(72) Concurrent Relocate 0.583ms
[14.970s][info][gc,load     ] GC(72) Load: 0.00/0.00/0.00
[14.970s][info][gc,mmu      ] GC(72) MMU: 2ms/97.9%, 5ms/99.1%, 10ms/99.5%, 20ms/99.7%, 50ms/99.9%, 100ms/99.9%
[14.970s][info][gc,marking  ] GC(72) Mark: 2 stripe(s), 1 proactive flush(es), 1 terminate flush(es), 0 completion(s), 0 continuation(s) 
[14.970s][info][gc,marking  ] GC(72) Mark Stack Usage: 32M
[14.970s][info][gc,nmethod  ] GC(72) NMethods: 1479 registered, 22 unregistered
[14.970s][info][gc,metaspace] GC(72) Metaspace: 12M used, 12M committed, 1088M reserved
[14.970s][info][gc,ref      ] GC(72) Soft: 227 encountered, 0 discovered, 0 enqueued
[14.970s][info][gc,ref      ] GC(72) Weak: 764 encountered, 443 discovered, 0 enqueued
[14.970s][info][gc,ref      ] GC(72) Final: 0 encountered, 0 discovered, 0 enqueued
[14.970s][info][gc,ref      ] GC(72) Phantom: 33 encountered, 19 discovered, 0 enqueued
[14.970s][info][gc,reloc    ] GC(72) Small Pages: 46 / 92M, Empty: 46M, Relocated: 1M, In-Place: 0
[14.970s][info][gc,reloc    ] GC(72) Medium Pages: 0 / 0M, Empty: 0M, Relocated: 0M, In-Place: 0
[14.970s][info][gc,reloc    ] GC(72) Large Pages: 0 / 0M, Empty: 0M, Relocated: 0M, In-Place: 0
[14.970s][info][gc,reloc    ] GC(72) Forwarding Usage: 0M
[14.970s][info][gc,heap     ] GC(72) Min Capacity: 1024M(100%)
[14.970s][info][gc,heap     ] GC(72) Max Capacity: 1024M(100%)
[14.970s][info][gc,heap     ] GC(72) Soft Max Capacity: 1024M(100%)
[14.970s][info][gc,heap     ] GC(72)                Mark Start          Mark End        Relocate Start      Relocate End           High               Low         
[14.970s][info][gc,heap     ] GC(72)  Capacity:     1024M (100%)       1024M (100%)       1024M (100%)       1024M (100%)       1024M (100%)       1024M (100%)   
[14.970s][info][gc,heap     ] GC(72)      Free:      932M (91%)         932M (91%)         978M (96%)         980M (96%)         980M (96%)         932M (91%)    
[14.970s][info][gc,heap     ] GC(72)      Used:       92M (9%)           92M (9%)           46M (4%)           44M (4%)           92M (9%)           44M (4%)     
[14.970s][info][gc,heap     ] GC(72)      Live:         -                32M (3%)           32M (3%)           32M (3%)             -                  -          
[14.970s][info][gc,heap     ] GC(72) Allocated:         -                 0M (0%)            0M (0%)            0M (0%)             -                  -          
[14.970s][info][gc,heap     ] GC(72)   Garbage:         -                59M (6%)           13M (1%)           11M (1%)             -                  -          
[14.970s][info][gc,heap     ] GC(72) Reclaimed:         -                  -                46M (4%)           48M (5%)             -                  -          
[14.970s][info][gc          ] GC(72) Garbage Collection (System.gc()) 92M(9%)->44M(4%)
[15.130s][info][gc,start    ] GC(73) Garbage Collection (System.gc())
[15.130s][info][gc,task     ] GC(73) Using 2 workers
[15.130s][info][gc,phases   ] GC(73) Pause Mark Start 0.011ms
[15.153s][info][gc,phases   ] GC(73) Concurrent Mark 22.570ms
[15.153s][info][gc,phases   ] GC(73) Pause Mark End 0.023ms
[15.153s][info][gc,phases   ] GC(73) Concurrent Mark Free 0.002ms
[15.155s][info][gc,phases   ] GC(73) Concurrent Process Non-Strong References 1.850ms
[15.155s][info][gc,phases   ] GC(73) Concurrent Reset Relocation Set 0.001ms
[15.157s][info][gc,phases   ] GC(73) Concurrent Select Relocation Set 1.637ms
[15.157s][info][gc,phases   ] GC(73) Pause Relocate Start 0.008ms
[15.158s][info][gc,phases   ] GC(73) Concurrent Relocate 0.791ms
[15.158s][info][gc,load     ] GC(73) Load: 0.00/0.00/0.00
[15.158s][info][gc,mmu      ] GC(73) MMU: 2ms/97.9%, 5ms/99.1%, 10ms/99.5%, 20ms/99.7%, 50ms/99.9%, 100ms/99.9%
[15.158s][info][gc,marking  ] GC(73) Mark: 2 stripe(s), 1 proactive flush(es), 1 terminate flush(es), 0 completion(s), 0 continuation(s) 
[15.158s][info][gc,marking  ] GC(73) Mark Stack Usage: 32M
[15.158s][info][gc,nmethod  ] GC(73) NMethods: 1479 registered, 22 unregistered
[15.158s][info][gc,metaspace] GC(73) Metaspace: 12M used, 12M committed, 1088M reserved
[15.158s][info][gc,ref      ] GC(73) Soft: 227 encountered, 0 discovered, 0 enqueued
[15.158s][info][gc,ref      ] GC(73) Weak: 764 encountered, 444 discovered, 0 enqueued
[15.158s][info][gc,ref      ] GC(73) Final: 0 encountered, 0 discovered, 0 enqueued
[15.158s][info][gc,ref      ] GC(73) Phantom: 33 encountered, 15 discovered, 0 enqueued
[15.158s][info][gc,reloc    ] GC(73) Small Pages: 46 / 92M, Empty: 46M, Relocated: 1M, In-Place: 0
[15.158s][info][gc,reloc    ] GC(73) Medium Pages: 0 / 0M, Empty: 0M, Relocated: 0M, In-Place: 0
[15.158s][info][gc,reloc    ] GC(73) Large Pages: 0 / 0M, Empty: 0M, Relocated: 0M, In-Place: 0
[15.158s][info][gc,reloc    ] GC(73) Forwarding Usage: 0M
[15.158s][info][gc,heap     ] GC(73) Min Capacity: 1024M(100%)
[15.158s][info][gc,heap     ] GC(73) Max Capacity: 1024M(100%)
[15.158s][info][gc,heap     ] GC(73) Soft Max Capacity: 1024M(100%)
[15.158s][info][gc,heap     ] GC(73)                Mark Start          Mark End        Relocate Start      Relocate End           High               Low         
[15.158s][info][gc,heap     ] GC(73)  Capacity:     1024M (100%)       1024M (100%)       1024M (100%)       1024M (100%)       1024M (100%)       1024M (100%)   
[15.158s][info][gc,heap     ] GC(73)      Free:      932M (91%)         932M (91%)         978M (96%)         980M (96%)         980M (96%)         932M (91%)    
[15.158s][info][gc,heap     ] GC(73)      Used:       92M (9%)           92M (9%)           46M (4%)           44M (4%)           92M (9%)           44M (4%)     
[15.158s][info][gc,heap     ] GC(73)      Live:         -                32M (3%)           32M (3%)           32M (3%)             -                  -          
[15.158s][info][gc,heap     ] GC(73) Allocated:         -                 0M (0%)            0M (0%)            0M (0%)             -                  -          
[15.158s][info][gc,heap     ] GC(73)   Garbage:         -                59M (6%)           13M (1%)           11M (1%)             -                  -          
[15.158s][info][gc,heap     ] GC(73) Reclaimed:         -                  -                46M (4%)           48M (5%)             -                  -          
[15.158s][info][gc          ] GC(73) Garbage Collection (System.gc()) 92M(9%)->44M(4%)
[15.318s][info][gc,start    ] GC(74) Garbage Collection (System.gc())
[15.318s][info][gc,task     ] GC(74) Using 2 workers
[15.318s][info][gc,phases   ] GC(74) Pause Mark Start 0.010ms
[15.342s][info][gc,phases   ] GC(74) Concurrent Mark 23.207ms
[15.342s][info][gc,phases   ] GC(74) Pause Mark End 0.011ms
[15.342s][info][gc,phases   ] GC(74) Concurrent Mark Free 0.002ms
[15.343s][info][gc,phases   ] GC(74) Concurrent Process Non-Strong References 1.322ms
[15.343s][info][gc,phases   ] GC(74) Concurrent Reset Relocation Set 0.001ms
[15.344s][info][gc,phases   ] GC(74) Concurrent Select Relocation Set 1.137ms
[15.345s][info][gc,phases   ] GC(74) Pause Relocate Start 0.008ms
[15.345s][info][gc,phases   ] GC(74) Concurrent Relocate 0.439ms
[15.345s][info][gc,load     ] GC(74) Load: 0.00/0.00/0.00
[15.345s][info][gc,mmu      ] GC(74) MMU: 2ms/97.9%, 5ms/99.1%, 10ms/99.5%, 20ms/99.7%, 50ms/99.9%, 100ms/99.9%
[15.345s][info][gc,marking  ] GC(74) Mark: 2 stripe(s), 1 proactive flush(es), 1 terminate flush(es), 0 completion(s), 0 continuation(s) 
[15.345s][info][gc,marking  ] GC(74) Mark Stack Usage: 32M
[15.345s][info][gc,nmethod  ] GC(74) NMethods: 1480 registered, 22 unregistered
[15.345s][info][gc,metaspace] GC(74) Metaspace: 12M used, 12M committed, 1088M reserved
[15.345s][info][gc,ref      ] GC(74) Soft: 227 encountered, 0 discovered, 0 enqueued
[15.345s][info][gc,ref      ] GC(74) Weak: 764 encountered, 74 discovered, 0 enqueued
[15.345s][info][gc,ref      ] GC(74) Final: 0 encountered, 0 discovered, 0 enqueued
[15.345s][info][gc,ref      ] GC(74) Phantom: 33 encountered, 14 discovered, 0 enqueued
[15.345s][info][gc,reloc    ] GC(74) Small Pages: 46 / 92M, Empty: 46M, Relocated: 1M, In-Place: 0
[15.345s][info][gc,reloc    ] GC(74) Medium Pages: 0 / 0M, Empty: 0M, Relocated: 0M, In-Place: 0
[15.345s][info][gc,reloc    ] GC(74) Large Pages: 0 / 0M, Empty: 0M, Relocated: 0M, In-Place: 0
[15.345s][info][gc,reloc    ] GC(74) Forwarding Usage: 0M
[15.345s][info][gc,heap     ] GC(74) Min Capacity: 1024M(100%)
[15.345s][info][gc,heap     ] GC(74) Max Capacity: 1024M(100%)
[15.345s][info][gc,heap     ] GC(74) Soft Max Capacity: 1024M(100%)
[15.345s][info][gc,heap     ] GC(74)                Mark Start          Mark End        Relocate Start      Relocate End           High               Low         
[15.345s][info][gc,heap     ] GC(74)  Capacity:     1024M (100%)       1024M (100%)       1024M (100%)       1024M (100%)       1024M (100%)       1024M (100%)   
[15.345s][info][gc,heap     ] GC(74)      Free:      932M (91%)         932M (91%)         978M (96%)         980M (96%)         980M (96%)         932M (91%)    
[15.345s][info][gc,heap     ] GC(74)      Used:       92M (9%)           92M (9%)           46M (4%)           44M (4%)           92M (9%)           44M (4%)     
[15.345s][info][gc,heap     ] GC(74)      Live:         -                32M (3%)           32M (3%)           32M (3%)             -                  -          
[15.345s][info][gc,heap     ] GC(74) Allocated:         -                 0M (0%)            0M (0%)            0M (0%)             -                  -          
[15.345s][info][gc,heap     ] GC(74)   Garbage:         -                59M (6%)           13M (1%)           11M (1%)             -                  -          
[15.345s][info][gc,heap     ] GC(74) Reclaimed:         -                  -                46M (4%)           48M (5%)             -                  -          
[15.345s][info][gc          ] GC(74) Garbage Collection (System.gc()) 92M(9%)->44M(4%)
[15.505s][info][gc,start    ] GC(75) Garbage Collection (System.gc())
[15.505s][info][gc,task     ] GC(75) Using 2 workers
[15.505s][info][gc,phases   ] GC(75) Pause Mark Start 0.005ms
[15.531s][info][gc,phases   ] GC(75) Concurrent Mark 25.840ms
[15.531s][info][gc,phases   ] GC(75) Pause Mark End 0.025ms
[15.531s][info][gc,phases   ] GC(75) Concurrent Mark Free 0.004ms
[15.534s][info][gc,phases   ] GC(75) Concurrent Process Non-Strong References 2.145ms
[15.534s][info][gc,phases   ] GC(75) Concurrent Reset Relocation Set 0.001ms
[15.537s][info][gc,phases   ] GC(75) Concurrent Select Relocation Set 3.541ms
[15.537s][info][gc,phases   ] GC(75) Pause Relocate Start 0.012ms
[15.538s][info][gc,phases   ] GC(75) Concurrent Relocate 1.120ms
[15.538s][info][gc,load     ] GC(75) Load: 0.00/0.00/0.00
[15.538s][info][gc,mmu      ] GC(75) MMU: 2ms/97.9%, 5ms/99.1%, 10ms/99.5%, 20ms/99.7%, 50ms/99.9%, 100ms/99.9%
[15.538s][info][gc,marking  ] GC(75) Mark: 2 stripe(s), 1 proactive flush(es), 1 terminate flush(es), 0 completion(s), 0 continuation(s) 
[15.539s][info][gc,marking  ] GC(75) Mark Stack Usage: 32M
[15.539s][info][gc,nmethod  ] GC(75) NMethods: 1481 registered, 23 unregistered
[15.539s][info][gc,metaspace] GC(75) Metaspace: 12M used, 12M committed, 1088M reserved
[15.539s][info][gc,ref      ] GC(75) Soft: 227 encountered, 0 discovered, 0 enqueued
[15.539s][info][gc,ref      ] GC(75) Weak: 764 encountered, 20 discovered, 0 enqueued
[15.539s][info][gc,ref      ] GC(75) Final: 0 encountered, 0 discovered, 0 enqueued
[15.539s][info][gc,ref      ] GC(75) Phantom: 33 encountered, 14 discovered, 0 enqueued
[15.539s][info][gc,reloc    ] GC(75) Small Pages: 46 / 92M, Empty: 46M, Relocated: 1M, In-Place: 0
[15.539s][info][gc,reloc    ] GC(75) Medium Pages: 0 / 0M, Empty: 0M, Relocated: 0M, In-Place: 0
[15.539s][info][gc,reloc    ] GC(75) Large Pages: 0 / 0M, Empty: 0M, Relocated: 0M, In-Place: 0
[15.539s][info][gc,reloc    ] GC(75) Forwarding Usage: 0M
[15.539s][info][gc,heap     ] GC(75) Min Capacity: 1024M(100%)
[15.539s][info][gc,heap     ] GC(75) Max Capacity: 1024M(100%)
[15.539s][info][gc,heap     ] GC(75) Soft Max Capacity: 1024M(100%)
[15.539s][info][gc,heap     ] GC(75)                Mark Start          Mark End        Relocate Start      Relocate End           High               Low         
[15.539s][info][gc,heap     ] GC(75)  Capacity:     1024M (100%)       1024M (100%)       1024M (100%)       1024M (100%)       1024M (100%)       1024M (100%)   
[15.539s][info][gc,heap     ] GC(75)      Free:      932M (91%)         932M (91%)         978M (96%)         980M (96%)         980M (96%)         932M (91%)    
[15.539s][info][gc,heap     ] GC(75)      Used:       92M (9%)           92M (9%)           46M (4%)           44M (4%)           92M (9%)           44M (4%)     
[15.539s][info][gc,heap     ] GC(75)      Live:         -                32M (3%)           32M (3%)           32M (3%)             -                  -          
[15.539s][info][gc,heap     ] GC(75) Allocated:         -                 0M (0%)            0M (0%)            0M (0%)             -                  -          
[15.539s][info][gc,heap     ] GC(75)   Garbage:         -                59M (6%)           13M (1%)           11M (1%)             -                  -          
[15.539s][info][gc,heap     ] GC(75) Reclaimed:         -                  -                46M (4%)           48M (5%)             -                  -          
[15.539s][info][gc          ] GC(75) Garbage Collection (System.gc()) 92M(9%)->44M(4%)
[15.699s][info][gc,start    ] GC(76) Garbage Collection (System.gc())
[15.699s][info][gc,task     ] GC(76) Using 2 workers
[15.699s][info][gc,phases   ] GC(76) Pause Mark Start 0.008ms
[15.734s][info][gc,phases   ] GC(76) Concurrent Mark 34.880ms
[15.735s][info][gc,phases   ] GC(76) Pause Mark End 0.028ms
[15.735s][info][gc,phases   ] GC(76) Concurrent Mark Free 0.003ms
[15.737s][info][gc,phases   ] GC(76) Concurrent Process Non-Strong References 1.933ms
[15.737s][info][gc,phases   ] GC(76) Concurrent Reset Relocation Set 0.001ms
[15.739s][info][gc,phases   ] GC(76) Concurrent Select Relocation Set 1.903ms
[15.739s][info][gc,phases   ] GC(76) Pause Relocate Start 0.008ms
[15.740s][info][gc,phases   ] GC(76) Concurrent Relocate 0.894ms
[15.740s][info][gc,load     ] GC(76) Load: 0.00/0.00/0.00
[15.740s][info][gc,mmu      ] GC(76) MMU: 2ms/97.9%, 5ms/99.1%, 10ms/99.5%, 20ms/99.7%, 50ms/99.9%, 100ms/99.9%
[15.740s][info][gc,marking  ] GC(76) Mark: 2 stripe(s), 1 proactive flush(es), 1 terminate flush(es), 0 completion(s), 0 continuation(s) 
[15.740s][info][gc,marking  ] GC(76) Mark Stack Usage: 32M
[15.740s][info][gc,nmethod  ] GC(76) NMethods: 1481 registered, 23 unregistered
[15.740s][info][gc,metaspace] GC(76) Metaspace: 12M used, 12M committed, 1088M reserved
[15.740s][info][gc,ref      ] GC(76) Soft: 227 encountered, 0 discovered, 0 enqueued
[15.740s][info][gc,ref      ] GC(76) Weak: 764 encountered, 164 discovered, 0 enqueued
[15.740s][info][gc,ref      ] GC(76) Final: 0 encountered, 0 discovered, 0 enqueued
[15.740s][info][gc,ref      ] GC(76) Phantom: 33 encountered, 15 discovered, 0 enqueued
[15.740s][info][gc,reloc    ] GC(76) Small Pages: 46 / 92M, Empty: 46M, Relocated: 1M, In-Place: 0
[15.740s][info][gc,reloc    ] GC(76) Medium Pages: 0 / 0M, Empty: 0M, Relocated: 0M, In-Place: 0
[15.740s][info][gc,reloc    ] GC(76) Large Pages: 0 / 0M, Empty: 0M, Relocated: 0M, In-Place: 0
[15.740s][info][gc,reloc    ] GC(76) Forwarding Usage: 0M
[15.740s][info][gc,heap     ] GC(76) Min Capacity: 1024M(100%)
[15.740s][info][gc,heap     ] GC(76) Max Capacity: 1024M(100%)
[15.740s][info][gc,heap     ] GC(76) Soft Max Capacity: 1024M(100%)
[15.740s][info][gc,heap     ] GC(76)                Mark Start          Mark End        Relocate Start      Relocate End           High               Low         
[15.740s][info][gc,heap     ] GC(76)  Capacity:     1024M (100%)       1024M (100%)       1024M (100%)       1024M (100%)       1024M (100%)       1024M (100%)   
[15.740s][info][gc,heap     ] GC(76)      Free:      932M (91%)         932M (91%)         978M (96%)         980M (96%)         980M (96%)         932M (91%)    
[15.740s][info][gc,heap     ] GC(76)      Used:       92M (9%)           92M (9%)           46M (4%)           44M (4%)           92M (9%)           44M (4%)     
[15.740s][info][gc,heap     ] GC(76)      Live:         -                32M (3%)           32M (3%)           32M (3%)             -                  -          
[15.740s][info][gc,heap     ] GC(76) Allocated:         -                 0M (0%)            0M (0%)            0M (0%)             -                  -          
[15.740s][info][gc,heap     ] GC(76)   Garbage:         -                59M (6%)           13M (1%)           11M (1%)             -                  -          
[15.740s][info][gc,heap     ] GC(76) Reclaimed:         -                  -                46M (4%)           48M (5%)             -                  -          
[15.740s][info][gc          ] GC(76) Garbage Collection (System.gc()) 92M(9%)->44M(4%)
[15.901s][info][gc,start    ] GC(77) Garbage Collection (System.gc())
[15.901s][info][gc,task     ] GC(77) Using 2 workers
[15.901s][info][gc,phases   ] GC(77) Pause Mark Start 0.011ms
[15.923s][info][gc,phases   ] GC(77) Concurrent Mark 21.239ms
[15.923s][info][gc,phases   ] GC(77) Pause Mark End 0.015ms
[15.923s][info][gc,phases   ] GC(77) Concurrent Mark Free 0.001ms
[15.925s][info][gc,phases   ] GC(77) Concurrent Process Non-Strong References 2.233ms
[15.925s][info][gc,phases   ] GC(77) Concurrent Reset Relocation Set 0.001ms
[15.927s][info][gc,phases   ] GC(77) Concurrent Select Relocation Set 1.439ms
[15.927s][info][gc,phases   ] GC(77) Pause Relocate Start 0.007ms
[15.928s][info][gc,phases   ] GC(77) Concurrent Relocate 0.879ms
[15.928s][info][gc,load     ] GC(77) Load: 0.00/0.00/0.00
[15.928s][info][gc,mmu      ] GC(77) MMU: 2ms/97.9%, 5ms/99.1%, 10ms/99.5%, 20ms/99.7%, 50ms/99.9%, 100ms/99.9%
[15.928s][info][gc,marking  ] GC(77) Mark: 2 stripe(s), 2 proactive flush(es), 1 terminate flush(es), 0 completion(s), 0 continuation(s) 
[15.928s][info][gc,marking  ] GC(77) Mark Stack Usage: 32M
[15.928s][info][gc,nmethod  ] GC(77) NMethods: 1481 registered, 23 unregistered
[15.928s][info][gc,metaspace] GC(77) Metaspace: 12M used, 12M committed, 1088M reserved
[15.928s][info][gc,ref      ] GC(77) Soft: 227 encountered, 0 discovered, 0 enqueued
[15.928s][info][gc,ref      ] GC(77) Weak: 764 encountered, 560 discovered, 0 enqueued
[15.928s][info][gc,ref      ] GC(77) Final: 0 encountered, 0 discovered, 0 enqueued
[15.928s][info][gc,ref      ] GC(77) Phantom: 33 encountered, 17 discovered, 0 enqueued
[15.928s][info][gc,reloc    ] GC(77) Small Pages: 46 / 92M, Empty: 46M, Relocated: 1M, In-Place: 0
[15.928s][info][gc,reloc    ] GC(77) Medium Pages: 0 / 0M, Empty: 0M, Relocated: 0M, In-Place: 0
[15.928s][info][gc,reloc    ] GC(77) Large Pages: 0 / 0M, Empty: 0M, Relocated: 0M, In-Place: 0
[15.928s][info][gc,reloc    ] GC(77) Forwarding Usage: 0M
[15.928s][info][gc,heap     ] GC(77) Min Capacity: 1024M(100%)
[15.928s][info][gc,heap     ] GC(77) Max Capacity: 1024M(100%)
[15.928s][info][gc,heap     ] GC(77) Soft Max Capacity: 1024M(100%)
[15.928s][info][gc,heap     ] GC(77)                Mark Start          Mark End        Relocate Start      Relocate End           High               Low         
[15.928s][info][gc,heap     ] GC(77)  Capacity:     1024M (100%)       1024M (100%)       1024M (100%)       1024M (100%)       1024M (100%)       1024M (100%)   
[15.928s][info][gc,heap     ] GC(77)      Free:      932M (91%)         932M (91%)         978M (96%)         980M (96%)         980M (96%)         932M (91%)    
[15.928s][info][gc,heap     ] GC(77)      Used:       92M (9%)           92M (9%)           46M (4%)           44M (4%)           92M (9%)           44M (4%)     
[15.928s][info][gc,heap     ] GC(77)      Live:         -                32M (3%)           32M (3%)           32M (3%)             -                  -          
[15.928s][info][gc,heap     ] GC(77) Allocated:         -                 0M (0%)            0M (0%)            0M (0%)             -                  -          
[15.928s][info][gc,heap     ] GC(77)   Garbage:         -                59M (6%)           13M (1%)           11M (1%)             -                  -          
[15.928s][info][gc,heap     ] GC(77) Reclaimed:         -                  -                46M (4%)           48M (5%)             -                  -          
[15.928s][info][gc          ] GC(77) Garbage Collection (System.gc()) 92M(9%)->44M(4%)
[16.086s][info][gc,start    ] GC(78) Garbage Collection (System.gc())
[16.086s][info][gc,task     ] GC(78) Using 2 workers
[16.086s][info][gc,phases   ] GC(78) Pause Mark Start 0.008ms
[16.127s][info][gc,phases   ] GC(78) Concurrent Mark 40.838ms
[16.127s][info][gc,phases   ] GC(78) Pause Mark End 0.025ms
[16.128s][info][gc,phases   ] GC(78) Concurrent Mark Free 0.004ms
[16.130s][info][gc,phases   ] GC(78) Concurrent Process Non-Strong References 2.208ms
[16.130s][info][gc,phases   ] GC(78) Concurrent Reset Relocation Set 0.001ms
[16.131s][info][gc,phases   ] GC(78) Concurrent Select Relocation Set 1.369ms
[16.131s][info][gc,phases   ] GC(78) Pause Relocate Start 0.007ms
[16.132s][info][gc,phases   ] GC(78) Concurrent Relocate 0.444ms
[16.132s][info][gc,load     ] GC(78) Load: 0.00/0.00/0.00
[16.132s][info][gc,mmu      ] GC(78) MMU: 2ms/97.9%, 5ms/99.1%, 10ms/99.5%, 20ms/99.7%, 50ms/99.9%, 100ms/99.9%
[16.132s][info][gc,marking  ] GC(78) Mark: 2 stripe(s), 3 proactive flush(es), 1 terminate flush(es), 0 completion(s), 0 continuation(s) 
[16.132s][info][gc,marking  ] GC(78) Mark Stack Usage: 32M
[16.132s][info][gc,nmethod  ] GC(78) NMethods: 1482 registered, 23 unregistered
[16.132s][info][gc,metaspace] GC(78) Metaspace: 12M used, 12M committed, 1088M reserved
[16.132s][info][gc,ref      ] GC(78) Soft: 227 encountered, 0 discovered, 0 enqueued
[16.132s][info][gc,ref      ] GC(78) Weak: 764 encountered, 455 discovered, 0 enqueued
[16.132s][info][gc,ref      ] GC(78) Final: 0 encountered, 0 discovered, 0 enqueued
[16.132s][info][gc,ref      ] GC(78) Phantom: 33 encountered, 15 discovered, 0 enqueued
[16.132s][info][gc,reloc    ] GC(78) Small Pages: 46 / 92M, Empty: 46M, Relocated: 1M, In-Place: 0
[16.132s][info][gc,reloc    ] GC(78) Medium Pages: 0 / 0M, Empty: 0M, Relocated: 0M, In-Place: 0
[16.132s][info][gc,reloc    ] GC(78) Large Pages: 0 / 0M, Empty: 0M, Relocated: 0M, In-Place: 0
[16.132s][info][gc,reloc    ] GC(78) Forwarding Usage: 0M
[16.132s][info][gc,heap     ] GC(78) Min Capacity: 1024M(100%)
[16.132s][info][gc,heap     ] GC(78) Max Capacity: 1024M(100%)
[16.132s][info][gc,heap     ] GC(78) Soft Max Capacity: 1024M(100%)
[16.132s][info][gc,heap     ] GC(78)                Mark Start          Mark End        Relocate Start      Relocate End           High               Low         
[16.132s][info][gc,heap     ] GC(78)  Capacity:     1024M (100%)       1024M (100%)       1024M (100%)       1024M (100%)       1024M (100%)       1024M (100%)   
[16.132s][info][gc,heap     ] GC(78)      Free:      932M (91%)         932M (91%)         978M (96%)         980M (96%)         980M (96%)         932M (91%)    
[16.132s][info][gc,heap     ] GC(78)      Used:       92M (9%)           92M (9%)           46M (4%)           44M (4%)           92M (9%)           44M (4%)     
[16.132s][info][gc,heap     ] GC(78)      Live:         -                32M (3%)           32M (3%)           32M (3%)             -                  -          
[16.132s][info][gc,heap     ] GC(78) Allocated:         -                 0M (0%)            0M (0%)            0M (0%)             -                  -          
[16.132s][info][gc,heap     ] GC(78)   Garbage:         -                59M (6%)           13M (1%)           11M (1%)             -                  -          
[16.132s][info][gc,heap     ] GC(78) Reclaimed:         -                  -                46M (4%)           48M (5%)             -                  -          
[16.132s][info][gc          ] GC(78) Garbage Collection (System.gc()) 92M(9%)->44M(4%)
[16.291s][info][gc,start    ] GC(79) Garbage Collection (System.gc())
[16.291s][info][gc,task     ] GC(79) Using 2 workers
[16.291s][info][gc,phases   ] GC(79) Pause Mark Start 0.010ms
[16.315s][info][gc,phases   ] GC(79) Concurrent Mark 23.998ms
[16.315s][info][gc,phases   ] GC(79) Pause Mark End 0.026ms
[16.315s][info][gc,phases   ] GC(79) Concurrent Mark Free 0.004ms
[16.317s][info][gc,phases   ] GC(79) Concurrent Process Non-Strong References 1.903ms
[16.317s][info][gc,phases   ] GC(79) Concurrent Reset Relocation Set 0.001ms
[16.319s][info][gc,phases   ] GC(79) Concurrent Select Relocation Set 1.429ms
[16.319s][info][gc,phases   ] GC(79) Pause Relocate Start 0.008ms
[16.320s][info][gc,phases   ] GC(79) Concurrent Relocate 0.922ms
[16.320s][info][gc,load     ] GC(79) Load: 0.00/0.00/0.00
[16.320s][info][gc,mmu      ] GC(79) MMU: 2ms/97.9%, 5ms/99.1%, 10ms/99.5%, 20ms/99.7%, 50ms/99.9%, 100ms/99.9%
[16.320s][info][gc,marking  ] GC(79) Mark: 2 stripe(s), 1 proactive flush(es), 1 terminate flush(es), 0 completion(s), 0 continuation(s) 
[16.320s][info][gc,marking  ] GC(79) Mark Stack Usage: 32M
[16.320s][info][gc,nmethod  ] GC(79) NMethods: 1483 registered, 23 unregistered
[16.320s][info][gc,metaspace] GC(79) Metaspace: 12M used, 12M committed, 1088M reserved
[16.320s][info][gc,ref      ] GC(79) Soft: 227 encountered, 0 discovered, 0 enqueued
[16.320s][info][gc,ref      ] GC(79) Weak: 764 encountered, 61 discovered, 0 enqueued
[16.320s][info][gc,ref      ] GC(79) Final: 0 encountered, 0 discovered, 0 enqueued
[16.320s][info][gc,ref      ] GC(79) Phantom: 33 encountered, 20 discovered, 0 enqueued
[16.320s][info][gc,reloc    ] GC(79) Small Pages: 46 / 92M, Empty: 46M, Relocated: 1M, In-Place: 0
[16.320s][info][gc,reloc    ] GC(79) Medium Pages: 0 / 0M, Empty: 0M, Relocated: 0M, In-Place: 0
[16.320s][info][gc,reloc    ] GC(79) Large Pages: 0 / 0M, Empty: 0M, Relocated: 0M, In-Place: 0
[16.320s][info][gc,reloc    ] GC(79) Forwarding Usage: 0M
[16.320s][info][gc,heap     ] GC(79) Min Capacity: 1024M(100%)
[16.320s][info][gc,heap     ] GC(79) Max Capacity: 1024M(100%)
[16.320s][info][gc,heap     ] GC(79) Soft Max Capacity: 1024M(100%)
[16.320s][info][gc,heap     ] GC(79)                Mark Start          Mark End        Relocate Start      Relocate End           High               Low         
[16.320s][info][gc,heap     ] GC(79)  Capacity:     1024M (100%)       1024M (100%)       1024M (100%)       1024M (100%)       1024M (100%)       1024M (100%)   
[16.320s][info][gc,heap     ] GC(79)      Free:      932M (91%)         932M (91%)         978M (96%)         980M (96%)         980M (96%)         932M (91%)    
[16.320s][info][gc,heap     ] GC(79)      Used:       92M (9%)           92M (9%)           46M (4%)           44M (4%)           92M (9%)           44M (4%)     
[16.320s][info][gc,heap     ] GC(79)      Live:         -                32M (3%)           32M (3%)           32M (3%)             -                  -          
[16.320s][info][gc,heap     ] GC(79) Allocated:         -                 0M (0%)            0M (0%)            0M (0%)             -                  -          
[16.320s][info][gc,heap     ] GC(79)   Garbage:         -                59M (6%)           13M (1%)           11M (1%)             -                  -          
[16.320s][info][gc,heap     ] GC(79) Reclaimed:         -                  -                46M (4%)           48M (5%)             -                  -          
[16.320s][info][gc          ] GC(79) Garbage Collection (System.gc()) 92M(9%)->44M(4%)
[16.480s][info][gc,start    ] GC(80) Garbage Collection (System.gc())
[16.480s][info][gc,task     ] GC(80) Using 2 workers
[16.480s][info][gc,phases   ] GC(80) Pause Mark Start 0.010ms
[16.503s][info][gc,phases   ] GC(80) Concurrent Mark 22.767ms
[16.503s][info][gc,phases   ] GC(80) Pause Mark End 0.016ms
[16.504s][info][gc,phases   ] GC(80) Concurrent Mark Free 0.003ms
[16.505s][info][gc,phases   ] GC(80) Concurrent Process Non-Strong References 1.634ms
[16.505s][info][gc,phases   ] GC(80) Concurrent Reset Relocation Set 0.001ms
[16.507s][info][gc,phases   ] GC(80) Concurrent Select Relocation Set 1.499ms
[16.507s][info][gc,phases   ] GC(80) Pause Relocate Start 0.007ms
[16.508s][info][gc,phases   ] GC(80) Concurrent Relocate 0.668ms
[16.508s][info][gc,load     ] GC(80) Load: 0.00/0.00/0.00
[16.508s][info][gc,mmu      ] GC(80) MMU: 2ms/97.9%, 5ms/99.1%, 10ms/99.5%, 20ms/99.7%, 50ms/99.9%, 100ms/99.9%
[16.508s][info][gc,marking  ] GC(80) Mark: 2 stripe(s), 2 proactive flush(es), 1 terminate flush(es), 0 completion(s), 0 continuation(s) 
[16.508s][info][gc,marking  ] GC(80) Mark Stack Usage: 32M
[16.508s][info][gc,nmethod  ] GC(80) NMethods: 1483 registered, 23 unregistered
[16.508s][info][gc,metaspace] GC(80) Metaspace: 12M used, 12M committed, 1088M reserved
[16.508s][info][gc,ref      ] GC(80) Soft: 227 encountered, 0 discovered, 0 enqueued
[16.508s][info][gc,ref      ] GC(80) Weak: 764 encountered, 12 discovered, 0 enqueued
[16.508s][info][gc,ref      ] GC(80) Final: 0 encountered, 0 discovered, 0 enqueued
[16.508s][info][gc,ref      ] GC(80) Phantom: 33 encountered, 17 discovered, 0 enqueued
[16.508s][info][gc,reloc    ] GC(80) Small Pages: 46 / 92M, Empty: 46M, Relocated: 1M, In-Place: 0
[16.508s][info][gc,reloc    ] GC(80) Medium Pages: 0 / 0M, Empty: 0M, Relocated: 0M, In-Place: 0
[16.508s][info][gc,reloc    ] GC(80) Large Pages: 0 / 0M, Empty: 0M, Relocated: 0M, In-Place: 0
[16.508s][info][gc,reloc    ] GC(80) Forwarding Usage: 0M
[16.508s][info][gc,heap     ] GC(80) Min Capacity: 1024M(100%)
[16.508s][info][gc,heap     ] GC(80) Max Capacity: 1024M(100%)
[16.508s][info][gc,heap     ] GC(80) Soft Max Capacity: 1024M(100%)
[16.508s][info][gc,heap     ] GC(80)                Mark Start          Mark End        Relocate Start      Relocate End           High               Low         
[16.508s][info][gc,heap     ] GC(80)  Capacity:     1024M (100%)       1024M (100%)       1024M (100%)       1024M (100%)       1024M (100%)       1024M (100%)   
[16.508s][info][gc,heap     ] GC(80)      Free:      932M (91%)         932M (91%)         978M (96%)         980M (96%)         980M (96%)         932M (91%)    
[16.508s][info][gc,heap     ] GC(80)      Used:       92M (9%)           92M (9%)           46M (4%)           44M (4%)           92M (9%)           44M (4%)     
[16.508s][info][gc,heap     ] GC(80)      Live:         -                32M (3%)           32M (3%)           32M (3%)             -                  -          
[16.508s][info][gc,heap     ] GC(80) Allocated:         -                 0M (0%)            0M (0%)            0M (0%)             -                  -          
[16.508s][info][gc,heap     ] GC(80)   Garbage:         -                59M (6%)           13M (1%)           11M (1%)             -                  -          
[16.508s][info][gc,heap     ] GC(80) Reclaimed:         -                  -                46M (4%)           48M (5%)             -                  -          
[16.508s][info][gc          ] GC(80) Garbage Collection (System.gc()) 92M(9%)->44M(4%)
[16.668s][info][gc,start    ] GC(81) Garbage Collection (System.gc())
[16.668s][info][gc,task     ] GC(81) Using 2 workers
[16.668s][info][gc,phases   ] GC(81) Pause Mark Start 0.007ms
[16.692s][info][gc,phases   ] GC(81) Concurrent Mark 23.172ms
[16.694s][info][gc,phases   ] GC(81) Pause Mark End 0.011ms
[16.694s][info][gc,phases   ] GC(81) Concurrent Mark Free 0.002ms
[16.696s][info][gc,phases   ] GC(81) Concurrent Process Non-Strong References 1.759ms
[16.696s][info][gc,phases   ] GC(81) Concurrent Reset Relocation Set 0.001ms
[16.697s][info][gc,phases   ] GC(81) Concurrent Select Relocation Set 1.144ms
[16.697s][info][gc,phases   ] GC(81) Pause Relocate Start 0.006ms
[16.698s][info][gc,phases   ] GC(81) Concurrent Relocate 0.443ms
[16.698s][info][gc,load     ] GC(81) Load: 0.00/0.00/0.00
[16.698s][info][gc,mmu      ] GC(81) MMU: 2ms/97.9%, 5ms/99.1%, 10ms/99.5%, 20ms/99.7%, 50ms/99.9%, 100ms/99.9%
[16.698s][info][gc,marking  ] GC(81) Mark: 2 stripe(s), 1 proactive flush(es), 1 terminate flush(es), 0 completion(s), 0 continuation(s) 
[16.698s][info][gc,marking  ] GC(81) Mark Stack Usage: 32M
[16.698s][info][gc,nmethod  ] GC(81) NMethods: 1483 registered, 24 unregistered
[16.698s][info][gc,metaspace] GC(81) Metaspace: 12M used, 12M committed, 1088M reserved
[16.698s][info][gc,ref      ] GC(81) Soft: 227 encountered, 0 discovered, 0 enqueued
[16.698s][info][gc,ref      ] GC(81) Weak: 764 encountered, 444 discovered, 0 enqueued
[16.698s][info][gc,ref      ] GC(81) Final: 0 encountered, 0 discovered, 0 enqueued
[16.698s][info][gc,ref      ] GC(81) Phantom: 33 encountered, 14 discovered, 0 enqueued
[16.698s][info][gc,reloc    ] GC(81) Small Pages: 46 / 92M, Empty: 46M, Relocated: 1M, In-Place: 0
[16.698s][info][gc,reloc    ] GC(81) Medium Pages: 0 / 0M, Empty: 0M, Relocated: 0M, In-Place: 0
[16.698s][info][gc,reloc    ] GC(81) Large Pages: 0 / 0M, Empty: 0M, Relocated: 0M, In-Place: 0
[16.698s][info][gc,reloc    ] GC(81) Forwarding Usage: 0M
[16.698s][info][gc,heap     ] GC(81) Min Capacity: 1024M(100%)
[16.698s][info][gc,heap     ] GC(81) Max Capacity: 1024M(100%)
[16.698s][info][gc,heap     ] GC(81) Soft Max Capacity: 1024M(100%)
[16.698s][info][gc,heap     ] GC(81)                Mark Start          Mark End        Relocate Start      Relocate End           High               Low         
[16.698s][info][gc,heap     ] GC(81)  Capacity:     1024M (100%)       1024M (100%)       1024M (100%)       1024M (100%)       1024M (100%)       1024M (100%)   
[16.698s][info][gc,heap     ] GC(81)      Free:      932M (91%)         932M (91%)         978M (96%)         980M (96%)         980M (96%)         932M (91%)    
[16.698s][info][gc,heap     ] GC(81)      Used:       92M (9%)           92M (9%)           46M (4%)           44M (4%)           92M (9%)           44M (4%)     
[16.698s][info][gc,heap     ] GC(81)      Live:         -                32M (3%)           32M (3%)           32M (3%)             -                  -          
[16.698s][info][gc,heap     ] GC(81) Allocated:         -                 0M (0%)            0M (0%)            0M (0%)             -                  -          
[16.698s][info][gc,heap     ] GC(81)   Garbage:         -                59M (6%)           13M (1%)           11M (1%)             -                  -          
[16.698s][info][gc,heap     ] GC(81) Reclaimed:         -                  -                46M (4%)           48M (5%)             -                  -          
[16.698s][info][gc          ] GC(81) Garbage Collection (System.gc()) 92M(9%)->44M(4%)
[16.860s][info][gc,start    ] GC(82) Garbage Collection (System.gc())
[16.860s][info][gc,task     ] GC(82) Using 2 workers
[16.860s][info][gc,phases   ] GC(82) Pause Mark Start 0.009ms
[16.896s][info][gc,phases   ] GC(82) Concurrent Mark 35.924ms
[16.896s][info][gc,phases   ] GC(82) Pause Mark End 0.025ms
[16.896s][info][gc,phases   ] GC(82) Concurrent Mark Free 0.002ms
[16.899s][info][gc,phases   ] GC(82) Concurrent Process Non-Strong References 2.351ms
[16.899s][info][gc,phases   ] GC(82) Concurrent Reset Relocation Set 0.001ms
[16.900s][info][gc,phases   ] GC(82) Concurrent Select Relocation Set 1.351ms
[16.900s][info][gc,phases   ] GC(82) Pause Relocate Start 0.008ms
[16.901s][info][gc,phases   ] GC(82) Concurrent Relocate 0.445ms
[16.901s][info][gc,load     ] GC(82) Load: 0.00/0.00/0.00
[16.901s][info][gc,mmu      ] GC(82) MMU: 2ms/97.9%, 5ms/99.1%, 10ms/99.5%, 20ms/99.7%, 50ms/99.9%, 100ms/99.9%
[16.901s][info][gc,marking  ] GC(82) Mark: 2 stripe(s), 1 proactive flush(es), 1 terminate flush(es), 0 completion(s), 0 continuation(s) 
[16.901s][info][gc,marking  ] GC(82) Mark Stack Usage: 32M
[16.901s][info][gc,nmethod  ] GC(82) NMethods: 1485 registered, 24 unregistered
[16.901s][info][gc,metaspace] GC(82) Metaspace: 12M used, 12M committed, 1088M reserved
[16.901s][info][gc,ref      ] GC(82) Soft: 227 encountered, 0 discovered, 0 enqueued
[16.901s][info][gc,ref      ] GC(82) Weak: 764 encountered, 12 discovered, 0 enqueued
[16.901s][info][gc,ref      ] GC(82) Final: 0 encountered, 0 discovered, 0 enqueued
[16.901s][info][gc,ref      ] GC(82) Phantom: 33 encountered, 18 discovered, 0 enqueued
[16.901s][info][gc,reloc    ] GC(82) Small Pages: 46 / 92M, Empty: 46M, Relocated: 1M, In-Place: 0
[16.901s][info][gc,reloc    ] GC(82) Medium Pages: 0 / 0M, Empty: 0M, Relocated: 0M, In-Place: 0
[16.901s][info][gc,reloc    ] GC(82) Large Pages: 0 / 0M, Empty: 0M, Relocated: 0M, In-Place: 0
[16.901s][info][gc,reloc    ] GC(82) Forwarding Usage: 0M
[16.901s][info][gc,heap     ] GC(82) Min Capacity: 1024M(100%)
[16.901s][info][gc,heap     ] GC(82) Max Capacity: 1024M(100%)
[16.901s][info][gc,heap     ] GC(82) Soft Max Capacity: 1024M(100%)
[16.901s][info][gc,heap     ] GC(82)                Mark Start          Mark End        Relocate Start      Relocate End           High               Low         
[16.901s][info][gc,heap     ] GC(82)  Capacity:     1024M (100%)       1024M (100%)       1024M (100%)       1024M (100%)       1024M (100%)       1024M (100%)   
[16.901s][info][gc,heap     ] GC(82)      Free:      932M (91%)         932M (91%)         978M (96%)         980M (96%)         980M (96%)         932M (91%)    
[16.901s][info][gc,heap     ] GC(82)      Used:       92M (9%)           92M (9%)           46M (4%)           44M (4%)           92M (9%)           44M (4%)     
[16.901s][info][gc,heap     ] GC(82)      Live:         -                32M (3%)           32M (3%)           32M (3%)             -                  -          
[16.901s][info][gc,heap     ] GC(82) Allocated:         -                 0M (0%)            0M (0%)            0M (0%)             -                  -          
[16.901s][info][gc,heap     ] GC(82)   Garbage:         -                59M (6%)           13M (1%)           11M (1%)             -                  -          
[16.901s][info][gc,heap     ] GC(82) Reclaimed:         -                  -                46M (4%)           48M (5%)             -                  -          
[16.901s][info][gc          ] GC(82) Garbage Collection (System.gc()) 92M(9%)->44M(4%)
[17.059s][info][gc,start    ] GC(83) Garbage Collection (System.gc())
[17.059s][info][gc,task     ] GC(83) Using 2 workers
[17.059s][info][gc,phases   ] GC(83) Pause Mark Start 0.010ms
[17.100s][info][gc,phases   ] GC(83) Concurrent Mark 40.592ms
[17.100s][info][gc,phases   ] GC(83) Pause Mark End 0.051ms
[17.100s][info][gc,phases   ] GC(83) Concurrent Mark Free 0.003ms
[17.102s][info][gc,phases   ] GC(83) Concurrent Process Non-Strong References 1.853ms
[17.102s][info][gc,phases   ] GC(83) Concurrent Reset Relocation Set 0.001ms
[17.104s][info][gc,phases   ] GC(83) Concurrent Select Relocation Set 1.428ms
[17.104s][info][gc,phases   ] GC(83) Pause Relocate Start 0.008ms
[17.104s][info][gc,phases   ] GC(83) Concurrent Relocate 0.435ms
[17.105s][info][gc,load     ] GC(83) Load: 0.00/0.00/0.00
[17.105s][info][gc,mmu      ] GC(83) MMU: 2ms/97.4%, 5ms/98.8%, 10ms/99.4%, 20ms/99.7%, 50ms/99.9%, 100ms/99.9%
[17.105s][info][gc,marking  ] GC(83) Mark: 2 stripe(s), 1 proactive flush(es), 1 terminate flush(es), 0 completion(s), 0 continuation(s) 
[17.105s][info][gc,marking  ] GC(83) Mark Stack Usage: 32M
[17.105s][info][gc,nmethod  ] GC(83) NMethods: 1486 registered, 24 unregistered
[17.105s][info][gc,metaspace] GC(83) Metaspace: 12M used, 12M committed, 1088M reserved
[17.105s][info][gc,ref      ] GC(83) Soft: 227 encountered, 0 discovered, 0 enqueued
[17.105s][info][gc,ref      ] GC(83) Weak: 764 encountered, 551 discovered, 0 enqueued
[17.105s][info][gc,ref      ] GC(83) Final: 0 encountered, 0 discovered, 0 enqueued
[17.105s][info][gc,ref      ] GC(83) Phantom: 33 encountered, 23 discovered, 0 enqueued
[17.105s][info][gc,reloc    ] GC(83) Small Pages: 46 / 92M, Empty: 46M, Relocated: 1M, In-Place: 0
[17.105s][info][gc,reloc    ] GC(83) Medium Pages: 0 / 0M, Empty: 0M, Relocated: 0M, In-Place: 0
[17.105s][info][gc,reloc    ] GC(83) Large Pages: 0 / 0M, Empty: 0M, Relocated: 0M, In-Place: 0
[17.105s][info][gc,reloc    ] GC(83) Forwarding Usage: 0M
[17.105s][info][gc,heap     ] GC(83) Min Capacity: 1024M(100%)
[17.105s][info][gc,heap     ] GC(83) Max Capacity: 1024M(100%)
[17.105s][info][gc,heap     ] GC(83) Soft Max Capacity: 1024M(100%)
[17.105s][info][gc,heap     ] GC(83)                Mark Start          Mark End        Relocate Start      Relocate End           High               Low         
[17.105s][info][gc,heap     ] GC(83)  Capacity:     1024M (100%)       1024M (100%)       1024M (100%)       1024M (100%)       1024M (100%)       1024M (100%)   
[17.105s][info][gc,heap     ] GC(83)      Free:      932M (91%)         932M (91%)         978M (96%)         980M (96%)         980M (96%)         932M (91%)    
[17.105s][info][gc,heap     ] GC(83)      Used:       92M (9%)           92M (9%)           46M (4%)           44M (4%)           92M (9%)           44M (4%)     
[17.105s][info][gc,heap     ] GC(83)      Live:         -                32M (3%)           32M (3%)           32M (3%)             -                  -          
[17.105s][info][gc,heap     ] GC(83) Allocated:         -                 0M (0%)            0M (0%)            0M (0%)             -                  -          
[17.105s][info][gc,heap     ] GC(83)   Garbage:         -                59M (6%)           13M (1%)           11M (1%)             -                  -          
[17.105s][info][gc,heap     ] GC(83) Reclaimed:         -                  -                46M (4%)           48M (5%)             -                  -          
[17.105s][info][gc          ] GC(83) Garbage Collection (System.gc()) 92M(9%)->44M(4%)
[17.264s][info][gc,start    ] GC(84) Garbage Collection (System.gc())
[17.264s][info][gc,task     ] GC(84) Using 2 workers
[17.265s][info][gc,phases   ] GC(84) Pause Mark Start 0.007ms
[17.289s][info][gc,phases   ] GC(84) Concurrent Mark 24.829ms
[17.290s][info][gc,phases   ] GC(84) Pause Mark End 0.024ms
[17.290s][info][gc,phases   ] GC(84) Concurrent Mark Free 0.005ms
[17.292s][info][gc,phases   ] GC(84) Concurrent Process Non-Strong References 2.410ms
[17.292s][info][gc,phases   ] GC(84) Concurrent Reset Relocation Set 0.001ms
[17.294s][info][gc,phases   ] GC(84) Concurrent Select Relocation Set 1.302ms
[17.294s][info][gc,phases   ] GC(84) Pause Relocate Start 0.005ms
[17.294s][info][gc,phases   ] GC(84) Concurrent Relocate 0.435ms
[17.294s][info][gc,load     ] GC(84) Load: 0.00/0.00/0.00
[17.294s][info][gc,mmu      ] GC(84) MMU: 2ms/97.4%, 5ms/98.8%, 10ms/99.4%, 20ms/99.7%, 50ms/99.9%, 100ms/99.9%
[17.294s][info][gc,marking  ] GC(84) Mark: 2 stripe(s), 1 proactive flush(es), 1 terminate flush(es), 0 completion(s), 0 continuation(s) 
[17.294s][info][gc,marking  ] GC(84) Mark Stack Usage: 32M
[17.294s][info][gc,nmethod  ] GC(84) NMethods: 1486 registered, 24 unregistered
[17.294s][info][gc,metaspace] GC(84) Metaspace: 12M used, 12M committed, 1088M reserved
[17.294s][info][gc,ref      ] GC(84) Soft: 227 encountered, 0 discovered, 0 enqueued
[17.294s][info][gc,ref      ] GC(84) Weak: 764 encountered, 3 discovered, 0 enqueued
[17.294s][info][gc,ref      ] GC(84) Final: 0 encountered, 0 discovered, 0 enqueued
[17.294s][info][gc,ref      ] GC(84) Phantom: 33 encountered, 18 discovered, 0 enqueued
[17.294s][info][gc,reloc    ] GC(84) Small Pages: 46 / 92M, Empty: 46M, Relocated: 1M, In-Place: 0
[17.294s][info][gc,reloc    ] GC(84) Medium Pages: 0 / 0M, Empty: 0M, Relocated: 0M, In-Place: 0
[17.294s][info][gc,reloc    ] GC(84) Large Pages: 0 / 0M, Empty: 0M, Relocated: 0M, In-Place: 0
[17.294s][info][gc,reloc    ] GC(84) Forwarding Usage: 0M
[17.294s][info][gc,heap     ] GC(84) Min Capacity: 1024M(100%)
[17.294s][info][gc,heap     ] GC(84) Max Capacity: 1024M(100%)
[17.294s][info][gc,heap     ] GC(84) Soft Max Capacity: 1024M(100%)
[17.294s][info][gc,heap     ] GC(84)                Mark Start          Mark End        Relocate Start      Relocate End           High               Low         
[17.294s][info][gc,heap     ] GC(84)  Capacity:     1024M (100%)       1024M (100%)       1024M (100%)       1024M (100%)       1024M (100%)       1024M (100%)   
[17.294s][info][gc,heap     ] GC(84)      Free:      932M (91%)         932M (91%)         978M (96%)         980M (96%)         980M (96%)         932M (91%)    
[17.294s][info][gc,heap     ] GC(84)      Used:       92M (9%)           92M (9%)           46M (4%)           44M (4%)           92M (9%)           44M (4%)     
[17.294s][info][gc,heap     ] GC(84)      Live:         -                32M (3%)           32M (3%)           32M (3%)             -                  -          
[17.294s][info][gc,heap     ] GC(84) Allocated:         -                 0M (0%)            0M (0%)            0M (0%)             -                  -          
[17.294s][info][gc,heap     ] GC(84)   Garbage:         -                59M (6%)           13M (1%)           11M (1%)             -                  -          
[17.294s][info][gc,heap     ] GC(84) Reclaimed:         -                  -                46M (4%)           48M (5%)             -                  -          
[17.294s][info][gc          ] GC(84) Garbage Collection (System.gc()) 92M(9%)->44M(4%)
[17.454s][info][gc,start    ] GC(85) Garbage Collection (System.gc())
[17.454s][info][gc,task     ] GC(85) Using 2 workers
[17.454s][info][gc,phases   ] GC(85) Pause Mark Start 0.010ms
[17.493s][info][gc,phases   ] GC(85) Concurrent Mark 39.258ms
[17.493s][info][gc,phases   ] GC(85) Pause Mark End 0.024ms
[17.494s][info][gc,phases   ] GC(85) Concurrent Mark Free 0.003ms
[17.496s][info][gc,phases   ] GC(85) Concurrent Process Non-Strong References 1.952ms
[17.496s][info][gc,phases   ] GC(85) Concurrent Reset Relocation Set 0.001ms
[17.497s][info][gc,phases   ] GC(85) Concurrent Select Relocation Set 1.135ms
[17.497s][info][gc,phases   ] GC(85) Pause Relocate Start 0.007ms
[17.498s][info][gc,phases   ] GC(85) Concurrent Relocate 0.596ms
[17.498s][info][gc,load     ] GC(85) Load: 0.00/0.00/0.00
[17.498s][info][gc,mmu      ] GC(85) MMU: 2ms/97.4%, 5ms/98.8%, 10ms/99.4%, 20ms/99.7%, 50ms/99.9%, 100ms/99.9%
[17.498s][info][gc,marking  ] GC(85) Mark: 2 stripe(s), 1 proactive flush(es), 1 terminate flush(es), 0 completion(s), 0 continuation(s) 
[17.498s][info][gc,marking  ] GC(85) Mark Stack Usage: 32M
[17.498s][info][gc,nmethod  ] GC(85) NMethods: 1486 registered, 24 unregistered
[17.498s][info][gc,metaspace] GC(85) Metaspace: 12M used, 12M committed, 1088M reserved
[17.498s][info][gc,ref      ] GC(85) Soft: 227 encountered, 0 discovered, 0 enqueued
[17.498s][info][gc,ref      ] GC(85) Weak: 764 encountered, 538 discovered, 0 enqueued
[17.498s][info][gc,ref      ] GC(85) Final: 0 encountered, 0 discovered, 0 enqueued
[17.498s][info][gc,ref      ] GC(85) Phantom: 33 encountered, 14 discovered, 0 enqueued
[17.498s][info][gc,reloc    ] GC(85) Small Pages: 46 / 92M, Empty: 46M, Relocated: 1M, In-Place: 0
[17.498s][info][gc,reloc    ] GC(85) Medium Pages: 0 / 0M, Empty: 0M, Relocated: 0M, In-Place: 0
[17.498s][info][gc,reloc    ] GC(85) Large Pages: 0 / 0M, Empty: 0M, Relocated: 0M, In-Place: 0
[17.498s][info][gc,reloc    ] GC(85) Forwarding Usage: 0M
[17.498s][info][gc,heap     ] GC(85) Min Capacity: 1024M(100%)
[17.498s][info][gc,heap     ] GC(85) Max Capacity: 1024M(100%)
[17.498s][info][gc,heap     ] GC(85) Soft Max Capacity: 1024M(100%)
[17.498s][info][gc,heap     ] GC(85)                Mark Start          Mark End        Relocate Start      Relocate End           High               Low         
[17.498s][info][gc,heap     ] GC(85)  Capacity:     1024M (100%)       1024M (100%)       1024M (100%)       1024M (100%)       1024M (100%)       1024M (100%)   
[17.498s][info][gc,heap     ] GC(85)      Free:      932M (91%)         932M (91%)         978M (96%)         980M (96%)         980M (96%)         932M (91%)    
[17.498s][info][gc,heap     ] GC(85)      Used:       92M (9%)           92M (9%)           46M (4%)           44M (4%)           92M (9%)           44M (4%)     
[17.498s][info][gc,heap     ] GC(85)      Live:         -                32M (3%)           32M (3%)           32M (3%)             -                  -          
[17.498s][info][gc,heap     ] GC(85) Allocated:         -                 0M (0%)            0M (0%)            0M (0%)             -                  -          
[17.498s][info][gc,heap     ] GC(85)   Garbage:         -                59M (6%)           13M (1%)           11M (1%)             -                  -          
[17.498s][info][gc,heap     ] GC(85) Reclaimed:         -                  -                46M (4%)           48M (5%)             -                  -          
[17.498s][info][gc          ] GC(85) Garbage Collection (System.gc()) 92M(9%)->44M(4%)
[17.659s][info][gc,start    ] GC(86) Garbage Collection (System.gc())
[17.659s][info][gc,task     ] GC(86) Using 2 workers
[17.659s][info][gc,phases   ] GC(86) Pause Mark Start 0.008ms
[17.682s][info][gc,phases   ] GC(86) Concurrent Mark 22.689ms
[17.682s][info][gc,phases   ] GC(86) Pause Mark End 0.024ms
[17.682s][info][gc,phases   ] GC(86) Concurrent Mark Free 0.002ms
[17.684s][info][gc,phases   ] GC(86) Concurrent Process Non-Strong References 1.792ms
[17.684s][info][gc,phases   ] GC(86) Concurrent Reset Relocation Set 0.001ms
[17.685s][info][gc,phases   ] GC(86) Concurrent Select Relocation Set 1.574ms
[17.686s][info][gc,phases   ] GC(86) Pause Relocate Start 0.007ms
[17.686s][info][gc,phases   ] GC(86) Concurrent Relocate 0.440ms
[17.686s][info][gc,load     ] GC(86) Load: 0.00/0.00/0.00
[17.686s][info][gc,mmu      ] GC(86) MMU: 2ms/97.4%, 5ms/98.8%, 10ms/99.4%, 20ms/99.7%, 50ms/99.9%, 100ms/99.9%
[17.686s][info][gc,marking  ] GC(86) Mark: 2 stripe(s), 1 proactive flush(es), 1 terminate flush(es), 0 completion(s), 0 continuation(s) 
[17.686s][info][gc,marking  ] GC(86) Mark Stack Usage: 32M
[17.686s][info][gc,nmethod  ] GC(86) NMethods: 1492 registered, 24 unregistered
[17.686s][info][gc,metaspace] GC(86) Metaspace: 12M used, 12M committed, 1088M reserved
[17.686s][info][gc,ref      ] GC(86) Soft: 227 encountered, 0 discovered, 0 enqueued
[17.686s][info][gc,ref      ] GC(86) Weak: 764 encountered, 22 discovered, 0 enqueued
[17.686s][info][gc,ref      ] GC(86) Final: 0 encountered, 0 discovered, 0 enqueued
[17.686s][info][gc,ref      ] GC(86) Phantom: 33 encountered, 16 discovered, 0 enqueued
[17.686s][info][gc,reloc    ] GC(86) Small Pages: 46 / 92M, Empty: 46M, Relocated: 1M, In-Place: 0
[17.686s][info][gc,reloc    ] GC(86) Medium Pages: 0 / 0M, Empty: 0M, Relocated: 0M, In-Place: 0
[17.686s][info][gc,reloc    ] GC(86) Large Pages: 0 / 0M, Empty: 0M, Relocated: 0M, In-Place: 0
[17.686s][info][gc,reloc    ] GC(86) Forwarding Usage: 0M
[17.686s][info][gc,heap     ] GC(86) Min Capacity: 1024M(100%)
[17.686s][info][gc,heap     ] GC(86) Max Capacity: 1024M(100%)
[17.686s][info][gc,heap     ] GC(86) Soft Max Capacity: 1024M(100%)
[17.686s][info][gc,heap     ] GC(86)                Mark Start          Mark End        Relocate Start      Relocate End           High               Low         
[17.686s][info][gc,heap     ] GC(86)  Capacity:     1024M (100%)       1024M (100%)       1024M (100%)       1024M (100%)       1024M (100%)       1024M (100%)   
[17.686s][info][gc,heap     ] GC(86)      Free:      932M (91%)         932M (91%)         978M (96%)         980M (96%)         980M (96%)         932M (91%)    
[17.686s][info][gc,heap     ] GC(86)      Used:       92M (9%)           92M (9%)           46M (4%)           44M (4%)           92M (9%)           44M (4%)     
[17.686s][info][gc,heap     ] GC(86)      Live:         -                32M (3%)           32M (3%)           32M (3%)             -                  -          
[17.686s][info][gc,heap     ] GC(86) Allocated:         -                 0M (0%)            0M (0%)            0M (0%)             -                  -          
[17.686s][info][gc,heap     ] GC(86)   Garbage:         -                59M (6%)           13M (1%)           11M (1%)             -                  -          
[17.686s][info][gc,heap     ] GC(86) Reclaimed:         -                  -                46M (4%)           48M (5%)             -                  -          
[17.686s][info][gc          ] GC(86) Garbage Collection (System.gc()) 92M(9%)->44M(4%)
[17.847s][info][gc,start    ] GC(87) Garbage Collection (System.gc())
[17.847s][info][gc,task     ] GC(87) Using 2 workers
[17.847s][info][gc,phases   ] GC(87) Pause Mark Start 0.011ms
[17.870s][info][gc,phases   ] GC(87) Concurrent Mark 22.955ms
[17.870s][info][gc,phases   ] GC(87) Pause Mark End 0.014ms
[17.870s][info][gc,phases   ] GC(87) Concurrent Mark Free 0.002ms
[17.872s][info][gc,phases   ] GC(87) Concurrent Process Non-Strong References 1.428ms
[17.872s][info][gc,phases   ] GC(87) Concurrent Reset Relocation Set 0.001ms
[17.873s][info][gc,phases   ] GC(87) Concurrent Select Relocation Set 1.141ms
[17.873s][info][gc,phases   ] GC(87) Pause Relocate Start 0.007ms
[17.874s][info][gc,phases   ] GC(87) Concurrent Relocate 0.439ms
[17.874s][info][gc,load     ] GC(87) Load: 0.00/0.00/0.00
[17.874s][info][gc,mmu      ] GC(87) MMU: 2ms/97.4%, 5ms/98.8%, 10ms/99.4%, 20ms/99.7%, 50ms/99.9%, 100ms/99.9%
[17.874s][info][gc,marking  ] GC(87) Mark: 2 stripe(s), 1 proactive flush(es), 1 terminate flush(es), 0 completion(s), 0 continuation(s) 
[17.874s][info][gc,marking  ] GC(87) Mark Stack Usage: 32M
[17.874s][info][gc,nmethod  ] GC(87) NMethods: 1492 registered, 24 unregistered
[17.874s][info][gc,metaspace] GC(87) Metaspace: 12M used, 12M committed, 1088M reserved
[17.874s][info][gc,ref      ] GC(87) Soft: 227 encountered, 0 discovered, 0 enqueued
[17.874s][info][gc,ref      ] GC(87) Weak: 764 encountered, 178 discovered, 0 enqueued
[17.874s][info][gc,ref      ] GC(87) Final: 0 encountered, 0 discovered, 0 enqueued
[17.874s][info][gc,ref      ] GC(87) Phantom: 33 encountered, 15 discovered, 0 enqueued
[17.874s][info][gc,reloc    ] GC(87) Small Pages: 46 / 92M, Empty: 46M, Relocated: 1M, In-Place: 0
[17.874s][info][gc,reloc    ] GC(87) Medium Pages: 0 / 0M, Empty: 0M, Relocated: 0M, In-Place: 0
[17.874s][info][gc,reloc    ] GC(87) Large Pages: 0 / 0M, Empty: 0M, Relocated: 0M, In-Place: 0
[17.874s][info][gc,reloc    ] GC(87) Forwarding Usage: 0M
[17.874s][info][gc,heap     ] GC(87) Min Capacity: 1024M(100%)
[17.874s][info][gc,heap     ] GC(87) Max Capacity: 1024M(100%)
[17.874s][info][gc,heap     ] GC(87) Soft Max Capacity: 1024M(100%)
[17.874s][info][gc,heap     ] GC(87)                Mark Start          Mark End        Relocate Start      Relocate End           High               Low         
[17.874s][info][gc,heap     ] GC(87)  Capacity:     1024M (100%)       1024M (100%)       1024M (100%)       1024M (100%)       1024M (100%)       1024M (100%)   
[17.874s][info][gc,heap     ] GC(87)      Free:      932M (91%)         932M (91%)         978M (96%)         980M (96%)         980M (96%)         932M (91%)    
[17.874s][info][gc,heap     ] GC(87)      Used:       92M (9%)           92M (9%)           46M (4%)           44M (4%)           92M (9%)           44M (4%)     
[17.874s][info][gc,heap     ] GC(87)      Live:         -                32M (3%)           32M (3%)           32M (3%)             -                  -          
[17.874s][info][gc,heap     ] GC(87) Allocated:         -                 0M (0%)            0M (0%)            0M (0%)             -                  -          
[17.874s][info][gc,heap     ] GC(87)   Garbage:         -                59M (6%)           13M (1%)           11M (1%)             -                  -          
[17.874s][info][gc,heap     ] GC(87) Reclaimed:         -                  -                46M (4%)           48M (5%)             -                  -          
[17.874s][info][gc          ] GC(87) Garbage Collection (System.gc()) 92M(9%)->44M(4%)
[18.033s][info][gc,start    ] GC(88) Garbage Collection (System.gc())
[18.033s][info][gc,task     ] GC(88) Using 2 workers
[18.033s][info][gc,phases   ] GC(88) Pause Mark Start 0.010ms
[18.058s][info][gc,phases   ] GC(88) Concurrent Mark 25.440ms
[18.059s][info][gc,phases   ] GC(88) Pause Mark End 0.026ms
[18.061s][info][gc,phases   ] GC(88) Concurrent Mark Free 0.002ms
[18.063s][info][gc,phases   ] GC(88) Concurrent Process Non-Strong References 1.815ms
[18.063s][info][gc,phases   ] GC(88) Concurrent Reset Relocation Set 0.001ms
[18.064s][info][gc,phases   ] GC(88) Concurrent Select Relocation Set 1.129ms
[18.064s][info][gc,phases   ] GC(88) Pause Relocate Start 0.008ms
[18.064s][info][gc,phases   ] GC(88) Concurrent Relocate 0.443ms
[18.065s][info][gc,load     ] GC(88) Load: 0.00/0.00/0.00
[18.065s][info][gc,mmu      ] GC(88) MMU: 2ms/97.4%, 5ms/98.8%, 10ms/99.4%, 20ms/99.7%, 50ms/99.9%, 100ms/99.9%
[18.065s][info][gc,marking  ] GC(88) Mark: 2 stripe(s), 1 proactive flush(es), 1 terminate flush(es), 0 completion(s), 0 continuation(s) 
[18.065s][info][gc,marking  ] GC(88) Mark Stack Usage: 32M
[18.065s][info][gc,nmethod  ] GC(88) NMethods: 1492 registered, 24 unregistered
[18.065s][info][gc,metaspace] GC(88) Metaspace: 12M used, 12M committed, 1088M reserved
[18.065s][info][gc,ref      ] GC(88) Soft: 227 encountered, 0 discovered, 0 enqueued
[18.065s][info][gc,ref      ] GC(88) Weak: 764 encountered, 596 discovered, 0 enqueued
[18.065s][info][gc,ref      ] GC(88) Final: 0 encountered, 0 discovered, 0 enqueued
[18.065s][info][gc,ref      ] GC(88) Phantom: 33 encountered, 18 discovered, 0 enqueued
[18.065s][info][gc,reloc    ] GC(88) Small Pages: 46 / 92M, Empty: 46M, Relocated: 1M, In-Place: 0
[18.065s][info][gc,reloc    ] GC(88) Medium Pages: 0 / 0M, Empty: 0M, Relocated: 0M, In-Place: 0
[18.065s][info][gc,reloc    ] GC(88) Large Pages: 0 / 0M, Empty: 0M, Relocated: 0M, In-Place: 0
[18.065s][info][gc,reloc    ] GC(88) Forwarding Usage: 0M
[18.065s][info][gc,heap     ] GC(88) Min Capacity: 1024M(100%)
[18.065s][info][gc,heap     ] GC(88) Max Capacity: 1024M(100%)
[18.065s][info][gc,heap     ] GC(88) Soft Max Capacity: 1024M(100%)
[18.065s][info][gc,heap     ] GC(88)                Mark Start          Mark End        Relocate Start      Relocate End           High               Low         
[18.065s][info][gc,heap     ] GC(88)  Capacity:     1024M (100%)       1024M (100%)       1024M (100%)       1024M (100%)       1024M (100%)       1024M (100%)   
[18.065s][info][gc,heap     ] GC(88)      Free:      932M (91%)         932M (91%)         978M (96%)         980M (96%)         980M (96%)         932M (91%)    
[18.065s][info][gc,heap     ] GC(88)      Used:       92M (9%)           92M (9%)           46M (4%)           44M (4%)           92M (9%)           44M (4%)     
[18.065s][info][gc,heap     ] GC(88)      Live:         -                32M (3%)           32M (3%)           32M (3%)             -                  -          
[18.065s][info][gc,heap     ] GC(88) Allocated:         -                 0M (0%)            0M (0%)            0M (0%)             -                  -          
[18.065s][info][gc,heap     ] GC(88)   Garbage:         -                59M (6%)           13M (1%)           11M (1%)             -                  -          
[18.065s][info][gc,heap     ] GC(88) Reclaimed:         -                  -                46M (4%)           48M (5%)             -                  -          
[18.065s][info][gc          ] GC(88) Garbage Collection (System.gc()) 92M(9%)->44M(4%)
[18.226s][info][gc,start    ] GC(89) Garbage Collection (System.gc())
[18.226s][info][gc,task     ] GC(89) Using 2 workers
[18.226s][info][gc,phases   ] GC(89) Pause Mark Start 0.005ms
[18.263s][info][gc,phases   ] GC(89) Concurrent Mark 36.587ms
[18.263s][info][gc,phases   ] GC(89) Pause Mark End 0.025ms
[18.263s][info][gc,phases   ] GC(89) Concurrent Mark Free 0.002ms
[18.265s][info][gc,phases   ] GC(89) Concurrent Process Non-Strong References 2.034ms
[18.265s][info][gc,phases   ] GC(89) Concurrent Reset Relocation Set 0.001ms
[18.267s][info][gc,phases   ] GC(89) Concurrent Select Relocation Set 1.278ms
[18.267s][info][gc,phases   ] GC(89) Pause Relocate Start 0.007ms
[18.267s][info][gc,phases   ] GC(89) Concurrent Relocate 0.437ms
[18.267s][info][gc,load     ] GC(89) Load: 0.00/0.00/0.00
[18.267s][info][gc,mmu      ] GC(89) MMU: 2ms/97.4%, 5ms/98.8%, 10ms/99.4%, 20ms/99.7%, 50ms/99.9%, 100ms/99.9%
[18.267s][info][gc,marking  ] GC(89) Mark: 2 stripe(s), 2 proactive flush(es), 1 terminate flush(es), 0 completion(s), 0 continuation(s) 
[18.267s][info][gc,marking  ] GC(89) Mark Stack Usage: 32M
[18.267s][info][gc,nmethod  ] GC(89) NMethods: 1494 registered, 24 unregistered
[18.267s][info][gc,metaspace] GC(89) Metaspace: 12M used, 12M committed, 1088M reserved
[18.267s][info][gc,ref      ] GC(89) Soft: 227 encountered, 0 discovered, 0 enqueued
[18.267s][info][gc,ref      ] GC(89) Weak: 764 encountered, 9 discovered, 0 enqueued
[18.267s][info][gc,ref      ] GC(89) Final: 0 encountered, 0 discovered, 0 enqueued
[18.267s][info][gc,ref      ] GC(89) Phantom: 33 encountered, 17 discovered, 0 enqueued
[18.267s][info][gc,reloc    ] GC(89) Small Pages: 46 / 92M, Empty: 46M, Relocated: 1M, In-Place: 0
[18.267s][info][gc,reloc    ] GC(89) Medium Pages: 0 / 0M, Empty: 0M, Relocated: 0M, In-Place: 0
[18.267s][info][gc,reloc    ] GC(89) Large Pages: 0 / 0M, Empty: 0M, Relocated: 0M, In-Place: 0
[18.267s][info][gc,reloc    ] GC(89) Forwarding Usage: 0M
[18.267s][info][gc,heap     ] GC(89) Min Capacity: 1024M(100%)
[18.267s][info][gc,heap     ] GC(89) Max Capacity: 1024M(100%)
[18.267s][info][gc,heap     ] GC(89) Soft Max Capacity: 1024M(100%)
[18.267s][info][gc,heap     ] GC(89)                Mark Start          Mark End        Relocate Start      Relocate End           High               Low         
[18.267s][info][gc,heap     ] GC(89)  Capacity:     1024M (100%)       1024M (100%)       1024M (100%)       1024M (100%)       1024M (100%)       1024M (100%)   
[18.267s][info][gc,heap     ] GC(89)      Free:      932M (91%)         932M (91%)         978M (96%)         980M (96%)         980M (96%)         932M (91%)    
[18.267s][info][gc,heap     ] GC(89)      Used:       92M (9%)           92M (9%)           46M (4%)           44M (4%)           92M (9%)           44M (4%)     
[18.267s][info][gc,heap     ] GC(89)      Live:         -                32M (3%)           32M (3%)           32M (3%)             -                  -          
[18.267s][info][gc,heap     ] GC(89) Allocated:         -                 0M (0%)            0M (0%)            0M (0%)             -                  -          
[18.267s][info][gc,heap     ] GC(89)   Garbage:         -                59M (6%)           13M (1%)           11M (1%)             -                  -          
[18.267s][info][gc,heap     ] GC(89) Reclaimed:         -                  -                46M (4%)           48M (5%)             -                  -          
[18.267s][info][gc          ] GC(89) Garbage Collection (System.gc()) 92M(9%)->44M(4%)
[18.427s][info][gc,start    ] GC(90) Garbage Collection (System.gc())
[18.427s][info][gc,task     ] GC(90) Using 2 workers
[18.428s][info][gc,phases   ] GC(90) Pause Mark Start 0.012ms
[18.451s][info][gc,phases   ] GC(90) Concurrent Mark 23.249ms
[18.451s][info][gc,phases   ] GC(90) Pause Mark End 0.015ms
[18.451s][info][gc,phases   ] GC(90) Concurrent Mark Free 0.003ms
[18.453s][info][gc,phases   ] GC(90) Concurrent Process Non-Strong References 1.842ms
[18.453s][info][gc,phases   ] GC(90) Concurrent Reset Relocation Set 0.001ms
[18.455s][info][gc,phases   ] GC(90) Concurrent Select Relocation Set 1.474ms
[18.455s][info][gc,phases   ] GC(90) Pause Relocate Start 0.008ms
[18.455s][info][gc,phases   ] GC(90) Concurrent Relocate 0.443ms
[18.455s][info][gc,load     ] GC(90) Load: 0.00/0.00/0.00
[18.455s][info][gc,mmu      ] GC(90) MMU: 2ms/97.4%, 5ms/98.8%, 10ms/99.4%, 20ms/99.7%, 50ms/99.9%, 100ms/99.9%
[18.455s][info][gc,marking  ] GC(90) Mark: 2 stripe(s), 1 proactive flush(es), 1 terminate flush(es), 0 completion(s), 0 continuation(s) 
[18.455s][info][gc,marking  ] GC(90) Mark Stack Usage: 32M
[18.455s][info][gc,nmethod  ] GC(90) NMethods: 1494 registered, 24 unregistered
[18.455s][info][gc,metaspace] GC(90) Metaspace: 12M used, 12M committed, 1088M reserved
[18.455s][info][gc,ref      ] GC(90) Soft: 227 encountered, 0 discovered, 0 enqueued
[18.455s][info][gc,ref      ] GC(90) Weak: 764 encountered, 437 discovered, 0 enqueued
[18.455s][info][gc,ref      ] GC(90) Final: 0 encountered, 0 discovered, 0 enqueued
[18.455s][info][gc,ref      ] GC(90) Phantom: 33 encountered, 15 discovered, 0 enqueued
[18.455s][info][gc,reloc    ] GC(90) Small Pages: 46 / 92M, Empty: 46M, Relocated: 1M, In-Place: 0
[18.455s][info][gc,reloc    ] GC(90) Medium Pages: 0 / 0M, Empty: 0M, Relocated: 0M, In-Place: 0
[18.455s][info][gc,reloc    ] GC(90) Large Pages: 0 / 0M, Empty: 0M, Relocated: 0M, In-Place: 0
[18.455s][info][gc,reloc    ] GC(90) Forwarding Usage: 0M
[18.455s][info][gc,heap     ] GC(90) Min Capacity: 1024M(100%)
[18.455s][info][gc,heap     ] GC(90) Max Capacity: 1024M(100%)
[18.455s][info][gc,heap     ] GC(90) Soft Max Capacity: 1024M(100%)
[18.455s][info][gc,heap     ] GC(90)                Mark Start          Mark End        Relocate Start      Relocate End           High               Low         
[18.455s][info][gc,heap     ] GC(90)  Capacity:     1024M (100%)       1024M (100%)       1024M (100%)       1024M (100%)       1024M (100%)       1024M (100%)   
[18.455s][info][gc,heap     ] GC(90)      Free:      932M (91%)         932M (91%)         978M (96%)         980M (96%)         980M (96%)         932M (91%)    
[18.455s][info][gc,heap     ] GC(90)      Used:       92M (9%)           92M (9%)           46M (4%)           44M (4%)           92M (9%)           44M (4%)     
[18.455s][info][gc,heap     ] GC(90)      Live:         -                32M (3%)           32M (3%)           32M (3%)             -                  -          
[18.455s][info][gc,heap     ] GC(90) Allocated:         -                 0M (0%)            0M (0%)            0M (0%)             -                  -          
[18.455s][info][gc,heap     ] GC(90)   Garbage:         -                59M (6%)           13M (1%)           11M (1%)             -                  -          
[18.455s][info][gc,heap     ] GC(90) Reclaimed:         -                  -                46M (4%)           48M (5%)             -                  -          
[18.455s][info][gc          ] GC(90) Garbage Collection (System.gc()) 92M(9%)->44M(4%)
[18.616s][info][gc,start    ] GC(91) Garbage Collection (System.gc())
[18.616s][info][gc,task     ] GC(91) Using 2 workers
[18.616s][info][gc,phases   ] GC(91) Pause Mark Start 0.010ms
[18.640s][info][gc,phases   ] GC(91) Concurrent Mark 23.684ms
[18.640s][info][gc,phases   ] GC(91) Pause Mark End 0.025ms
[18.640s][info][gc,phases   ] GC(91) Concurrent Mark Free 0.003ms
[18.642s][info][gc,phases   ] GC(91) Concurrent Process Non-Strong References 1.855ms
[18.642s][info][gc,phases   ] GC(91) Concurrent Reset Relocation Set 0.001ms
[18.644s][info][gc,phases   ] GC(91) Concurrent Select Relocation Set 1.464ms
[18.644s][info][gc,phases   ] GC(91) Pause Relocate Start 0.006ms
[18.644s][info][gc,phases   ] GC(91) Concurrent Relocate 0.452ms
[18.644s][info][gc,load     ] GC(91) Load: 0.00/0.00/0.00
[18.644s][info][gc,mmu      ] GC(91) MMU: 2ms/97.4%, 5ms/98.8%, 10ms/99.4%, 20ms/99.7%, 50ms/99.9%, 100ms/99.9%
[18.645s][info][gc,marking  ] GC(91) Mark: 2 stripe(s), 1 proactive flush(es), 1 terminate flush(es), 0 completion(s), 0 continuation(s) 
[18.645s][info][gc,marking  ] GC(91) Mark Stack Usage: 32M
[18.645s][info][gc,nmethod  ] GC(91) NMethods: 1494 registered, 24 unregistered
[18.645s][info][gc,metaspace] GC(91) Metaspace: 12M used, 12M committed, 1088M reserved
[18.645s][info][gc,ref      ] GC(91) Soft: 227 encountered, 0 discovered, 0 enqueued
[18.645s][info][gc,ref      ] GC(91) Weak: 764 encountered, 572 discovered, 0 enqueued
[18.645s][info][gc,ref      ] GC(91) Final: 0 encountered, 0 discovered, 0 enqueued
[18.645s][info][gc,ref      ] GC(91) Phantom: 33 encountered, 15 discovered, 0 enqueued
[18.645s][info][gc,reloc    ] GC(91) Small Pages: 46 / 92M, Empty: 46M, Relocated: 1M, In-Place: 0
[18.645s][info][gc,reloc    ] GC(91) Medium Pages: 0 / 0M, Empty: 0M, Relocated: 0M, In-Place: 0
[18.645s][info][gc,reloc    ] GC(91) Large Pages: 0 / 0M, Empty: 0M, Relocated: 0M, In-Place: 0
[18.645s][info][gc,reloc    ] GC(91) Forwarding Usage: 0M
[18.645s][info][gc,heap     ] GC(91) Min Capacity: 1024M(100%)
[18.645s][info][gc,heap     ] GC(91) Max Capacity: 1024M(100%)
[18.645s][info][gc,heap     ] GC(91) Soft Max Capacity: 1024M(100%)
[18.645s][info][gc,heap     ] GC(91)                Mark Start          Mark End        Relocate Start      Relocate End           High               Low         
[18.645s][info][gc,heap     ] GC(91)  Capacity:     1024M (100%)       1024M (100%)       1024M (100%)       1024M (100%)       1024M (100%)       1024M (100%)   
[18.645s][info][gc,heap     ] GC(91)      Free:      932M (91%)         932M (91%)         978M (96%)         980M (96%)         980M (96%)         932M (91%)    
[18.645s][info][gc,heap     ] GC(91)      Used:       92M (9%)           92M (9%)           46M (4%)           44M (4%)           92M (9%)           44M (4%)     
[18.645s][info][gc,heap     ] GC(91)      Live:         -                32M (3%)           32M (3%)           32M (3%)             -                  -          
[18.645s][info][gc,heap     ] GC(91) Allocated:         -                 0M (0%)            0M (0%)            0M (0%)             -                  -          
[18.645s][info][gc,heap     ] GC(91)   Garbage:         -                59M (6%)           13M (1%)           11M (1%)             -                  -          
[18.645s][info][gc,heap     ] GC(91) Reclaimed:         -                  -                46M (4%)           48M (5%)             -                  -          
[18.645s][info][gc          ] GC(91) Garbage Collection (System.gc()) 92M(9%)->44M(4%)
[18.806s][info][gc,start    ] GC(92) Garbage Collection (System.gc())
[18.806s][info][gc,task     ] GC(92) Using 2 workers
[18.806s][info][gc,phases   ] GC(92) Pause Mark Start 0.009ms
[18.828s][info][gc,phases   ] GC(92) Concurrent Mark 22.410ms
[18.828s][info][gc,phases   ] GC(92) Pause Mark End 0.024ms
[18.829s][info][gc,phases   ] GC(92) Concurrent Mark Free 0.005ms
[18.831s][info][gc,phases   ] GC(92) Concurrent Process Non-Strong References 1.895ms
[18.831s][info][gc,phases   ] GC(92) Concurrent Reset Relocation Set 0.001ms
[18.832s][info][gc,phases   ] GC(92) Concurrent Select Relocation Set 1.504ms
[18.832s][info][gc,phases   ] GC(92) Pause Relocate Start 0.007ms
[18.833s][info][gc,phases   ] GC(92) Concurrent Relocate 0.443ms
[18.833s][info][gc,load     ] GC(92) Load: 0.00/0.00/0.00
[18.833s][info][gc,mmu      ] GC(92) MMU: 2ms/97.4%, 5ms/98.8%, 10ms/99.4%, 20ms/99.7%, 50ms/99.9%, 100ms/99.9%
[18.833s][info][gc,marking  ] GC(92) Mark: 2 stripe(s), 1 proactive flush(es), 1 terminate flush(es), 0 completion(s), 0 continuation(s) 
[18.833s][info][gc,marking  ] GC(92) Mark Stack Usage: 32M
[18.833s][info][gc,nmethod  ] GC(92) NMethods: 1494 registered, 25 unregistered
[18.833s][info][gc,metaspace] GC(92) Metaspace: 12M used, 12M committed, 1088M reserved
[18.833s][info][gc,ref      ] GC(92) Soft: 227 encountered, 0 discovered, 0 enqueued
[18.833s][info][gc,ref      ] GC(92) Weak: 764 encountered, 3 discovered, 0 enqueued
[18.833s][info][gc,ref      ] GC(92) Final: 0 encountered, 0 discovered, 0 enqueued
[18.833s][info][gc,ref      ] GC(92) Phantom: 33 encountered, 18 discovered, 0 enqueued
[18.833s][info][gc,reloc    ] GC(92) Small Pages: 46 / 92M, Empty: 46M, Relocated: 1M, In-Place: 0
[18.833s][info][gc,reloc    ] GC(92) Medium Pages: 0 / 0M, Empty: 0M, Relocated: 0M, In-Place: 0
[18.833s][info][gc,reloc    ] GC(92) Large Pages: 0 / 0M, Empty: 0M, Relocated: 0M, In-Place: 0
[18.833s][info][gc,reloc    ] GC(92) Forwarding Usage: 0M
[18.833s][info][gc,heap     ] GC(92) Min Capacity: 1024M(100%)
[18.833s][info][gc,heap     ] GC(92) Max Capacity: 1024M(100%)
[18.833s][info][gc,heap     ] GC(92) Soft Max Capacity: 1024M(100%)
[18.833s][info][gc,heap     ] GC(92)                Mark Start          Mark End        Relocate Start      Relocate End           High               Low         
[18.833s][info][gc,heap     ] GC(92)  Capacity:     1024M (100%)       1024M (100%)       1024M (100%)       1024M (100%)       1024M (100%)       1024M (100%)   
[18.833s][info][gc,heap     ] GC(92)      Free:      932M (91%)         932M (91%)         978M (96%)         980M (96%)         980M (96%)         932M (91%)    
[18.833s][info][gc,heap     ] GC(92)      Used:       92M (9%)           92M (9%)           46M (4%)           44M (4%)           92M (9%)           44M (4%)     
[18.833s][info][gc,heap     ] GC(92)      Live:         -                32M (3%)           32M (3%)           32M (3%)             -                  -          
[18.833s][info][gc,heap     ] GC(92) Allocated:         -                 0M (0%)            0M (0%)            0M (0%)             -                  -          
[18.833s][info][gc,heap     ] GC(92)   Garbage:         -                59M (6%)           13M (1%)           11M (1%)             -                  -          
[18.833s][info][gc,heap     ] GC(92) Reclaimed:         -                  -                46M (4%)           48M (5%)             -                  -          
[18.833s][info][gc          ] GC(92) Garbage Collection (System.gc()) 92M(9%)->44M(4%)
[18.992s][info][gc,start    ] GC(93) Garbage Collection (System.gc())
[18.992s][info][gc,task     ] GC(93) Using 2 workers
[18.992s][info][gc,phases   ] GC(93) Pause Mark Start 0.008ms
[19.017s][info][gc,phases   ] GC(93) Concurrent Mark 24.508ms
[19.017s][info][gc,phases   ] GC(93) Pause Mark End 0.014ms
[19.017s][info][gc,phases   ] GC(93) Concurrent Mark Free 0.002ms
[19.019s][info][gc,phases   ] GC(93) Concurrent Process Non-Strong References 1.830ms
[19.019s][info][gc,phases   ] GC(93) Concurrent Reset Relocation Set 0.001ms
[19.020s][info][gc,phases   ] GC(93) Concurrent Select Relocation Set 1.152ms
[19.020s][info][gc,phases   ] GC(93) Pause Relocate Start 0.007ms
[19.020s][info][gc,phases   ] GC(93) Concurrent Relocate 0.440ms
[19.021s][info][gc,load     ] GC(93) Load: 0.00/0.00/0.00
[19.021s][info][gc,mmu      ] GC(93) MMU: 2ms/97.4%, 5ms/98.8%, 10ms/99.4%, 20ms/99.7%, 50ms/99.9%, 100ms/99.9%
[19.021s][info][gc,marking  ] GC(93) Mark: 2 stripe(s), 1 proactive flush(es), 1 terminate flush(es), 0 completion(s), 0 continuation(s) 
[19.021s][info][gc,marking  ] GC(93) Mark Stack Usage: 32M
[19.021s][info][gc,nmethod  ] GC(93) NMethods: 1496 registered, 26 unregistered
[19.021s][info][gc,metaspace] GC(93) Metaspace: 12M used, 12M committed, 1088M reserved
[19.021s][info][gc,ref      ] GC(93) Soft: 227 encountered, 0 discovered, 0 enqueued
[19.021s][info][gc,ref      ] GC(93) Weak: 764 encountered, 539 discovered, 0 enqueued
[19.021s][info][gc,ref      ] GC(93) Final: 0 encountered, 0 discovered, 0 enqueued
[19.021s][info][gc,ref      ] GC(93) Phantom: 33 encountered, 15 discovered, 0 enqueued
[19.021s][info][gc,reloc    ] GC(93) Small Pages: 46 / 92M, Empty: 46M, Relocated: 1M, In-Place: 0
[19.021s][info][gc,reloc    ] GC(93) Medium Pages: 0 / 0M, Empty: 0M, Relocated: 0M, In-Place: 0
[19.021s][info][gc,reloc    ] GC(93) Large Pages: 0 / 0M, Empty: 0M, Relocated: 0M, In-Place: 0
[19.021s][info][gc,reloc    ] GC(93) Forwarding Usage: 0M
[19.021s][info][gc,heap     ] GC(93) Min Capacity: 1024M(100%)
[19.021s][info][gc,heap     ] GC(93) Max Capacity: 1024M(100%)
[19.021s][info][gc,heap     ] GC(93) Soft Max Capacity: 1024M(100%)
[19.021s][info][gc,heap     ] GC(93)                Mark Start          Mark End        Relocate Start      Relocate End           High               Low         
[19.021s][info][gc,heap     ] GC(93)  Capacity:     1024M (100%)       1024M (100%)       1024M (100%)       1024M (100%)       1024M (100%)       1024M (100%)   
[19.021s][info][gc,heap     ] GC(93)      Free:      932M (91%)         932M (91%)         978M (96%)         980M (96%)         980M (96%)         932M (91%)    
[19.021s][info][gc,heap     ] GC(93)      Used:       92M (9%)           92M (9%)           46M (4%)           44M (4%)           92M (9%)           44M (4%)     
[19.021s][info][gc,heap     ] GC(93)      Live:         -                32M (3%)           32M (3%)           32M (3%)             -                  -          
[19.021s][info][gc,heap     ] GC(93) Allocated:         -                 0M (0%)            0M (0%)            0M (0%)             -                  -          
[19.021s][info][gc,heap     ] GC(93)   Garbage:         -                59M (6%)           13M (1%)           11M (1%)             -                  -          
[19.021s][info][gc,heap     ] GC(93) Reclaimed:         -                  -                46M (4%)           48M (5%)             -                  -          
[19.021s][info][gc          ] GC(93) Garbage Collection (System.gc()) 92M(9%)->44M(4%)
[19.181s][info][gc,start    ] GC(94) Garbage Collection (System.gc())
[19.181s][info][gc,task     ] GC(94) Using 2 workers
[19.181s][info][gc,phases   ] GC(94) Pause Mark Start 0.008ms
[19.205s][info][gc,phases   ] GC(94) Concurrent Mark 24.284ms
[19.206s][info][gc,phases   ] GC(94) Pause Mark End 0.022ms
[19.206s][info][gc,phases   ] GC(94) Concurrent Mark Free 0.002ms
[19.207s][info][gc,phases   ] GC(94) Concurrent Process Non-Strong References 1.702ms
[19.207s][info][gc,phases   ] GC(94) Concurrent Reset Relocation Set 0.001ms
[19.209s][info][gc,phases   ] GC(94) Concurrent Select Relocation Set 1.490ms
[19.209s][info][gc,phases   ] GC(94) Pause Relocate Start 0.007ms
[19.210s][info][gc,phases   ] GC(94) Concurrent Relocate 0.444ms
[19.210s][info][gc,load     ] GC(94) Load: 0.00/0.00/0.00
[19.210s][info][gc,mmu      ] GC(94) MMU: 2ms/97.4%, 5ms/98.8%, 10ms/99.4%, 20ms/99.7%, 50ms/99.9%, 100ms/99.9%
[19.210s][info][gc,marking  ] GC(94) Mark: 2 stripe(s), 1 proactive flush(es), 1 terminate flush(es), 0 completion(s), 0 continuation(s) 
[19.210s][info][gc,marking  ] GC(94) Mark Stack Usage: 32M
[19.210s][info][gc,nmethod  ] GC(94) NMethods: 1501 registered, 26 unregistered
[19.210s][info][gc,metaspace] GC(94) Metaspace: 12M used, 12M committed, 1088M reserved
[19.210s][info][gc,ref      ] GC(94) Soft: 227 encountered, 0 discovered, 0 enqueued
[19.210s][info][gc,ref      ] GC(94) Weak: 764 encountered, 596 discovered, 0 enqueued
[19.210s][info][gc,ref      ] GC(94) Final: 0 encountered, 0 discovered, 0 enqueued
[19.210s][info][gc,ref      ] GC(94) Phantom: 33 encountered, 18 discovered, 0 enqueued
[19.210s][info][gc,reloc    ] GC(94) Small Pages: 46 / 92M, Empty: 46M, Relocated: 1M, In-Place: 0
[19.210s][info][gc,reloc    ] GC(94) Medium Pages: 0 / 0M, Empty: 0M, Relocated: 0M, In-Place: 0
[19.210s][info][gc,reloc    ] GC(94) Large Pages: 0 / 0M, Empty: 0M, Relocated: 0M, In-Place: 0
[19.210s][info][gc,reloc    ] GC(94) Forwarding Usage: 0M
[19.210s][info][gc,heap     ] GC(94) Min Capacity: 1024M(100%)
[19.210s][info][gc,heap     ] GC(94) Max Capacity: 1024M(100%)
[19.210s][info][gc,heap     ] GC(94) Soft Max Capacity: 1024M(100%)
[19.210s][info][gc,heap     ] GC(94)                Mark Start          Mark End        Relocate Start      Relocate End           High               Low         
[19.210s][info][gc,heap     ] GC(94)  Capacity:     1024M (100%)       1024M (100%)       1024M (100%)       1024M (100%)       1024M (100%)       1024M (100%)   
[19.210s][info][gc,heap     ] GC(94)      Free:      932M (91%)         932M (91%)         978M (96%)         980M (96%)         980M (96%)         932M (91%)    
[19.210s][info][gc,heap     ] GC(94)      Used:       92M (9%)           92M (9%)           46M (4%)           44M (4%)           92M (9%)           44M (4%)     
[19.210s][info][gc,heap     ] GC(94)      Live:         -                32M (3%)           32M (3%)           32M (3%)             -                  -          
[19.210s][info][gc,heap     ] GC(94) Allocated:         -                 0M (0%)            0M (0%)            0M (0%)             -                  -          
[19.210s][info][gc,heap     ] GC(94)   Garbage:         -                59M (6%)           13M (1%)           11M (1%)             -                  -          
[19.210s][info][gc,heap     ] GC(94) Reclaimed:         -                  -                46M (4%)           48M (5%)             -                  -          
[19.210s][info][gc          ] GC(94) Garbage Collection (System.gc()) 92M(9%)->44M(4%)
[19.369s][info][gc,start    ] GC(95) Garbage Collection (System.gc())
[19.369s][info][gc,task     ] GC(95) Using 2 workers
[19.370s][info][gc,phases   ] GC(95) Pause Mark Start 0.009ms
[19.394s][info][gc,phases   ] GC(95) Concurrent Mark 24.223ms
[19.394s][info][gc,phases   ] GC(95) Pause Mark End 0.012ms
[19.394s][info][gc,phases   ] GC(95) Concurrent Mark Free 0.003ms
[19.396s][info][gc,phases   ] GC(95) Concurrent Process Non-Strong References 1.880ms
[19.396s][info][gc,phases   ] GC(95) Concurrent Reset Relocation Set 0.001ms
[19.398s][info][gc,phases   ] GC(95) Concurrent Select Relocation Set 1.462ms
[19.398s][info][gc,phases   ] GC(95) Pause Relocate Start 0.007ms
[19.398s][info][gc,phases   ] GC(95) Concurrent Relocate 0.645ms
[19.398s][info][gc,load     ] GC(95) Load: 0.00/0.00/0.00
[19.398s][info][gc,mmu      ] GC(95) MMU: 2ms/97.4%, 5ms/98.8%, 10ms/99.4%, 20ms/99.7%, 50ms/99.9%, 100ms/99.9%
[19.398s][info][gc,marking  ] GC(95) Mark: 2 stripe(s), 1 proactive flush(es), 1 terminate flush(es), 0 completion(s), 0 continuation(s) 
[19.398s][info][gc,marking  ] GC(95) Mark Stack Usage: 32M
[19.398s][info][gc,nmethod  ] GC(95) NMethods: 1501 registered, 26 unregistered
[19.398s][info][gc,metaspace] GC(95) Metaspace: 12M used, 12M committed, 1088M reserved
[19.398s][info][gc,ref      ] GC(95) Soft: 227 encountered, 0 discovered, 0 enqueued
[19.398s][info][gc,ref      ] GC(95) Weak: 764 encountered, 589 discovered, 0 enqueued
[19.398s][info][gc,ref      ] GC(95) Final: 0 encountered, 0 discovered, 0 enqueued
[19.398s][info][gc,ref      ] GC(95) Phantom: 33 encountered, 21 discovered, 0 enqueued
[19.398s][info][gc,reloc    ] GC(95) Small Pages: 46 / 92M, Empty: 46M, Relocated: 1M, In-Place: 0
[19.398s][info][gc,reloc    ] GC(95) Medium Pages: 0 / 0M, Empty: 0M, Relocated: 0M, In-Place: 0
[19.398s][info][gc,reloc    ] GC(95) Large Pages: 0 / 0M, Empty: 0M, Relocated: 0M, In-Place: 0
[19.398s][info][gc,reloc    ] GC(95) Forwarding Usage: 0M
[19.398s][info][gc,heap     ] GC(95) Min Capacity: 1024M(100%)
[19.398s][info][gc,heap     ] GC(95) Max Capacity: 1024M(100%)
[19.398s][info][gc,heap     ] GC(95) Soft Max Capacity: 1024M(100%)
[19.398s][info][gc,heap     ] GC(95)                Mark Start          Mark End        Relocate Start      Relocate End           High               Low         
[19.398s][info][gc,heap     ] GC(95)  Capacity:     1024M (100%)       1024M (100%)       1024M (100%)       1024M (100%)       1024M (100%)       1024M (100%)   
[19.399s][info][gc,heap     ] GC(95)      Free:      932M (91%)         932M (91%)         978M (96%)         980M (96%)         980M (96%)         932M (91%)    
[19.399s][info][gc,heap     ] GC(95)      Used:       92M (9%)           92M (9%)           46M (4%)           44M (4%)           92M (9%)           44M (4%)     
[19.399s][info][gc,heap     ] GC(95)      Live:         -                32M (3%)           32M (3%)           32M (3%)             -                  -          
[19.399s][info][gc,heap     ] GC(95) Allocated:         -                 0M (0%)            0M (0%)            0M (0%)             -                  -          
[19.399s][info][gc,heap     ] GC(95)   Garbage:         -                59M (6%)           13M (1%)           11M (1%)             -                  -          
[19.399s][info][gc,heap     ] GC(95) Reclaimed:         -                  -                46M (4%)           48M (5%)             -                  -          
[19.399s][info][gc          ] GC(95) Garbage Collection (System.gc()) 92M(9%)->44M(4%)
[19.557s][info][gc,start    ] GC(96) Garbage Collection (System.gc())
[19.557s][info][gc,task     ] GC(96) Using 2 workers
[19.557s][info][gc,phases   ] GC(96) Pause Mark Start 0.008ms
[19.582s][info][gc,phases   ] GC(96) Concurrent Mark 25.380ms
[19.582s][info][gc,phases   ] GC(96) Pause Mark End 0.021ms
[19.582s][info][gc,phases   ] GC(96) Concurrent Mark Free 0.001ms
[19.584s][info][gc,phases   ] GC(96) Concurrent Process Non-Strong References 1.705ms
[19.584s][info][gc,phases   ] GC(96) Concurrent Reset Relocation Set 0.001ms
[19.586s][info][gc,phases   ] GC(96) Concurrent Select Relocation Set 1.511ms
[19.586s][info][gc,phases   ] GC(96) Pause Relocate Start 0.008ms
[19.586s][info][gc,phases   ] GC(96) Concurrent Relocate 0.442ms
[19.586s][info][gc,load     ] GC(96) Load: 0.00/0.00/0.00
[19.586s][info][gc,mmu      ] GC(96) MMU: 2ms/97.4%, 5ms/98.8%, 10ms/99.4%, 20ms/99.7%, 50ms/99.9%, 100ms/99.9%
[19.586s][info][gc,marking  ] GC(96) Mark: 2 stripe(s), 2 proactive flush(es), 1 terminate flush(es), 0 completion(s), 0 continuation(s) 
[19.586s][info][gc,marking  ] GC(96) Mark Stack Usage: 32M
[19.586s][info][gc,nmethod  ] GC(96) NMethods: 1506 registered, 26 unregistered
[19.586s][info][gc,metaspace] GC(96) Metaspace: 12M used, 12M committed, 1088M reserved
[19.586s][info][gc,ref      ] GC(96) Soft: 227 encountered, 0 discovered, 0 enqueued
[19.586s][info][gc,ref      ] GC(96) Weak: 764 encountered, 5 discovered, 0 enqueued
[19.586s][info][gc,ref      ] GC(96) Final: 0 encountered, 0 discovered, 0 enqueued
[19.586s][info][gc,ref      ] GC(96) Phantom: 33 encountered, 15 discovered, 0 enqueued
[19.587s][info][gc,reloc    ] GC(96) Small Pages: 46 / 92M, Empty: 46M, Relocated: 1M, In-Place: 0
[19.587s][info][gc,reloc    ] GC(96) Medium Pages: 0 / 0M, Empty: 0M, Relocated: 0M, In-Place: 0
[19.587s][info][gc,reloc    ] GC(96) Large Pages: 0 / 0M, Empty: 0M, Relocated: 0M, In-Place: 0
[19.587s][info][gc,reloc    ] GC(96) Forwarding Usage: 0M
[19.587s][info][gc,heap     ] GC(96) Min Capacity: 1024M(100%)
[19.587s][info][gc,heap     ] GC(96) Max Capacity: 1024M(100%)
[19.587s][info][gc,heap     ] GC(96) Soft Max Capacity: 1024M(100%)
[19.587s][info][gc,heap     ] GC(96)                Mark Start          Mark End        Relocate Start      Relocate End           High               Low         
[19.587s][info][gc,heap     ] GC(96)  Capacity:     1024M (100%)       1024M (100%)       1024M (100%)       1024M (100%)       1024M (100%)       1024M (100%)   
[19.587s][info][gc,heap     ] GC(96)      Free:      932M (91%)         930M (91%)         976M (95%)         978M (96%)         978M (96%)         930M (91%)    
[19.587s][info][gc,heap     ] GC(96)      Used:       92M (9%)           94M (9%)           48M (5%)           46M (4%)           94M (9%)           46M (4%)     
[19.587s][info][gc,heap     ] GC(96)      Live:         -                32M (3%)           32M (3%)           32M (3%)             -                  -          
[19.587s][info][gc,heap     ] GC(96) Allocated:         -                 2M (0%)            2M (0%)            2M (0%)             -                  -          
[19.587s][info][gc,heap     ] GC(96)   Garbage:         -                59M (6%)           13M (1%)           11M (1%)             -                  -          
[19.587s][info][gc,heap     ] GC(96) Reclaimed:         -                  -                46M (4%)           48M (5%)             -                  -          
[19.587s][info][gc          ] GC(96) Garbage Collection (System.gc()) 92M(9%)->46M(4%)
[19.747s][info][gc,start    ] GC(97) Garbage Collection (System.gc())
[19.747s][info][gc,task     ] GC(97) Using 2 workers
[19.747s][info][gc,phases   ] GC(97) Pause Mark Start 0.010ms
[19.771s][info][gc,phases   ] GC(97) Concurrent Mark 23.153ms
[19.771s][info][gc,phases   ] GC(97) Pause Mark End 0.016ms
[19.771s][info][gc,phases   ] GC(97) Concurrent Mark Free 0.003ms
[19.772s][info][gc,phases   ] GC(97) Concurrent Process Non-Strong References 1.494ms
[19.772s][info][gc,phases   ] GC(97) Concurrent Reset Relocation Set 0.001ms
[19.774s][info][gc,phases   ] GC(97) Concurrent Select Relocation Set 1.158ms
[19.774s][info][gc,phases   ] GC(97) Pause Relocate Start 0.009ms
[19.775s][info][gc,phases   ] GC(97) Concurrent Relocate 0.928ms
[19.775s][info][gc,load     ] GC(97) Load: 0.00/0.00/0.00
[19.775s][info][gc,mmu      ] GC(97) MMU: 2ms/97.4%, 5ms/98.8%, 10ms/99.4%, 20ms/99.7%, 50ms/99.9%, 100ms/99.9%
[19.775s][info][gc,marking  ] GC(97) Mark: 2 stripe(s), 3 proactive flush(es), 1 terminate flush(es), 0 completion(s), 0 continuation(s) 
[19.775s][info][gc,marking  ] GC(97) Mark Stack Usage: 32M
[19.775s][info][gc,nmethod  ] GC(97) NMethods: 1506 registered, 26 unregistered
[19.775s][info][gc,metaspace] GC(97) Metaspace: 12M used, 12M committed, 1088M reserved
[19.775s][info][gc,ref      ] GC(97) Soft: 227 encountered, 0 discovered, 0 enqueued
[19.775s][info][gc,ref      ] GC(97) Weak: 764 encountered, 542 discovered, 0 enqueued
[19.775s][info][gc,ref      ] GC(97) Final: 0 encountered, 0 discovered, 0 enqueued
[19.775s][info][gc,ref      ] GC(97) Phantom: 33 encountered, 23 discovered, 0 enqueued
[19.775s][info][gc,reloc    ] GC(97) Small Pages: 47 / 94M, Empty: 46M, Relocated: 1M, In-Place: 0
[19.775s][info][gc,reloc    ] GC(97) Medium Pages: 0 / 0M, Empty: 0M, Relocated: 0M, In-Place: 0
[19.775s][info][gc,reloc    ] GC(97) Large Pages: 0 / 0M, Empty: 0M, Relocated: 0M, In-Place: 0
[19.775s][info][gc,reloc    ] GC(97) Forwarding Usage: 0M
[19.775s][info][gc,heap     ] GC(97) Min Capacity: 1024M(100%)
[19.775s][info][gc,heap     ] GC(97) Max Capacity: 1024M(100%)
[19.775s][info][gc,heap     ] GC(97) Soft Max Capacity: 1024M(100%)
[19.775s][info][gc,heap     ] GC(97)                Mark Start          Mark End        Relocate Start      Relocate End           High               Low         
[19.775s][info][gc,heap     ] GC(97)  Capacity:     1024M (100%)       1024M (100%)       1024M (100%)       1024M (100%)       1024M (100%)       1024M (100%)   
[19.775s][info][gc,heap     ] GC(97)      Free:      930M (91%)         930M (91%)         976M (95%)         980M (96%)         980M (96%)         930M (91%)    
[19.775s][info][gc,heap     ] GC(97)      Used:       94M (9%)           94M (9%)           48M (5%)           44M (4%)           94M (9%)           44M (4%)     
[19.775s][info][gc,heap     ] GC(97)      Live:         -                32M (3%)           32M (3%)           32M (3%)             -                  -          
[19.775s][info][gc,heap     ] GC(97) Allocated:         -                 0M (0%)            0M (0%)            0M (0%)             -                  -          
[19.775s][info][gc,heap     ] GC(97)   Garbage:         -                61M (6%)           15M (1%)           11M (1%)             -                  -          
[19.775s][info][gc,heap     ] GC(97) Reclaimed:         -                  -                46M (4%)           50M (5%)             -                  -          
[19.775s][info][gc          ] GC(97) Garbage Collection (System.gc()) 94M(9%)->44M(4%)
[19.932s][info][gc,start    ] GC(98) Garbage Collection (System.gc())
[19.933s][info][gc,task     ] GC(98) Using 2 workers
[19.933s][info][gc,phases   ] GC(98) Pause Mark Start 0.013ms
[19.959s][info][gc,phases   ] GC(98) Concurrent Mark 26.704ms
[19.960s][info][gc,phases   ] GC(98) Pause Mark End 0.024ms
[19.960s][info][gc,phases   ] GC(98) Concurrent Mark Free 0.003ms
[19.962s][info][gc,phases   ] GC(98) Concurrent Process Non-Strong References 1.814ms
[19.962s][info][gc,phases   ] GC(98) Concurrent Reset Relocation Set 0.001ms
[19.963s][info][gc,phases   ] GC(98) Concurrent Select Relocation Set 1.709ms
[19.963s][info][gc,phases   ] GC(98) Pause Relocate Start 0.007ms
[19.965s][info][gc,phases   ] GC(98) Concurrent Relocate 1.037ms
[19.965s][info][gc,load     ] GC(98) Load: 0.00/0.00/0.00
[19.965s][info][gc,mmu      ] GC(98) MMU: 2ms/97.4%, 5ms/98.8%, 10ms/99.4%, 20ms/99.7%, 50ms/99.9%, 100ms/99.9%
[19.965s][info][gc,marking  ] GC(98) Mark: 2 stripe(s), 1 proactive flush(es), 1 terminate flush(es), 0 completion(s), 0 continuation(s) 
[19.965s][info][gc,marking  ] GC(98) Mark Stack Usage: 32M
[19.965s][info][gc,nmethod  ] GC(98) NMethods: 1506 registered, 26 unregistered
[19.965s][info][gc,metaspace] GC(98) Metaspace: 12M used, 12M committed, 1088M reserved
[19.965s][info][gc,ref      ] GC(98) Soft: 227 encountered, 0 discovered, 0 enqueued
[19.965s][info][gc,ref      ] GC(98) Weak: 764 encountered, 506 discovered, 0 enqueued
[19.965s][info][gc,ref      ] GC(98) Final: 0 encountered, 0 discovered, 0 enqueued
[19.965s][info][gc,ref      ] GC(98) Phantom: 33 encountered, 18 discovered, 0 enqueued
[19.965s][info][gc,reloc    ] GC(98) Small Pages: 46 / 92M, Empty: 46M, Relocated: 1M, In-Place: 0
[19.965s][info][gc,reloc    ] GC(98) Medium Pages: 0 / 0M, Empty: 0M, Relocated: 0M, In-Place: 0
[19.965s][info][gc,reloc    ] GC(98) Large Pages: 0 / 0M, Empty: 0M, Relocated: 0M, In-Place: 0
[19.965s][info][gc,reloc    ] GC(98) Forwarding Usage: 0M
[19.965s][info][gc,heap     ] GC(98) Min Capacity: 1024M(100%)
[19.965s][info][gc,heap     ] GC(98) Max Capacity: 1024M(100%)
[19.965s][info][gc,heap     ] GC(98) Soft Max Capacity: 1024M(100%)
[19.965s][info][gc,heap     ] GC(98)                Mark Start          Mark End        Relocate Start      Relocate End           High               Low         
[19.965s][info][gc,heap     ] GC(98)  Capacity:     1024M (100%)       1024M (100%)       1024M (100%)       1024M (100%)       1024M (100%)       1024M (100%)   
[19.965s][info][gc,heap     ] GC(98)      Free:      932M (91%)         932M (91%)         978M (96%)         980M (96%)         980M (96%)         932M (91%)    
[19.965s][info][gc,heap     ] GC(98)      Used:       92M (9%)           92M (9%)           46M (4%)           44M (4%)           92M (9%)           44M (4%)     
[19.965s][info][gc,heap     ] GC(98)      Live:         -                32M (3%)           32M (3%)           32M (3%)             -                  -          
[19.965s][info][gc,heap     ] GC(98) Allocated:         -                 0M (0%)            0M (0%)            0M (0%)             -                  -          
[19.965s][info][gc,heap     ] GC(98)   Garbage:         -                59M (6%)           13M (1%)           11M (1%)             -                  -          
[19.965s][info][gc,heap     ] GC(98) Reclaimed:         -                  -                46M (4%)           48M (5%)             -                  -          
[19.965s][info][gc          ] GC(98) Garbage Collection (System.gc()) 92M(9%)->44M(4%)
[20.069s][info][gc,stats    ] === Garbage Collection Statistics =======================================================================================================================
[20.069s][info][gc,stats    ]                                                              Last 10s              Last 10m              Last 10h                Total
[20.069s][info][gc,stats    ]                                                              Avg / Max             Avg / Max             Avg / Max             Avg / Max
[20.069s][info][gc,stats    ]   Collector: Garbage Collection Cycle                     31.689 / 45.739       31.392 / 58.556       31.392 / 58.556       31.392 / 58.556      ms
[20.069s][info][gc,stats    ]  Contention: Mark Segment Reset Contention                     0 / 1                 0 / 2                 0 / 2                 0 / 2           ops/s
[20.069s][info][gc,stats    ]  Contention: Mark SeqNum Reset Contention                      0 / 1                 0 / 1                 0 / 1                 0 / 1           ops/s
[20.069s][info][gc,stats    ]    Critical: Allocation Stall                                  0 / 0                 0 / 0                 0 / 0                 0 / 0           ops/s
[20.069s][info][gc,stats    ]    Critical: Allocation Stall                              0.000 / 0.000         0.000 / 0.000         0.000 / 0.000         0.000 / 0.000       ms
[20.069s][info][gc,stats    ]    Critical: GC Locker Stall                                   0 / 0                 0 / 0                 0 / 0                 0 / 0           ops/s
[20.069s][info][gc,stats    ]    Critical: GC Locker Stall                               0.000 / 0.000         0.000 / 0.000         0.000 / 0.000         0.000 / 0.000       ms
[20.069s][info][gc,stats    ]    Critical: Relocation Stall                                  0 / 0                 0 / 0                 0 / 0                 0 / 0           ops/s
[20.069s][info][gc,stats    ]    Critical: Relocation Stall                              0.000 / 0.000         0.000 / 0.000         0.000 / 0.000         0.000 / 0.000       ms
[20.069s][info][gc,stats    ]      Memory: Allocation Rate                                 250 / 256             241 / 264             241 / 264             241 / 264         MB/s
[20.069s][info][gc,stats    ]      Memory: Defragment                                        0 / 0                 0 / 0                 0 / 0                 0 / 0           ops/s
[20.069s][info][gc,stats    ]      Memory: Out Of Memory                                     0 / 0                 0 / 0                 0 / 0                 0 / 0           ops/s
[20.069s][info][gc,stats    ]      Memory: Page Cache Flush                                  0 / 0                 0 / 0                 0 / 0                 0 / 0           MB/s
[20.070s][info][gc,stats    ]      Memory: Page Cache Hit L1                               135 / 138             128 / 142             128 / 142             128 / 142         ops/s
[20.070s][info][gc,stats    ]      Memory: Page Cache Hit L2                                 0 / 0                 0 / 0                 0 / 0                 0 / 0           ops/s
[20.070s][info][gc,stats    ]      Memory: Page Cache Hit L3                                 0 / 0                 2 / 42                2 / 42                2 / 42          ops/s
[20.070s][info][gc,stats    ]      Memory: Page Cache Miss                                   0 / 0                 0 / 1                 0 / 1                 0 / 1           ops/s
[20.070s][info][gc,stats    ]      Memory: Uncommit                                          0 / 0                 0 / 0                 0 / 0                 0 / 0           MB/s
[20.070s][info][gc,stats    ]      Memory: Undo Object Allocation Failed                     0 / 0                 0 / 0                 0 / 0                 0 / 0           ops/s
[20.070s][info][gc,stats    ]      Memory: Undo Object Allocation Succeeded                  0 / 0                 0 / 0                 0 / 0                 0 / 0           ops/s
[20.070s][info][gc,stats    ]      Memory: Undo Page Allocation                              0 / 0                 0 / 0                 0 / 0                 0 / 0           ops/s
[20.070s][info][gc,stats    ]       Phase: Concurrent Mark                              26.832 / 40.838       26.485 / 53.252       26.485 / 53.252       26.485 / 53.252      ms
[20.070s][info][gc,stats    ]       Phase: Concurrent Mark Continue                      0.000 / 0.000         0.000 / 0.000         0.000 / 0.000         0.000 / 0.000       ms
[20.070s][info][gc,stats    ]       Phase: Concurrent Mark Free                          0.003 / 0.005         0.003 / 0.006         0.003 / 0.006         0.003 / 0.006       ms
[20.070s][info][gc,stats    ]       Phase: Concurrent Process Non-Strong References      1.828 / 2.438         1.764 / 2.438         1.764 / 2.438         1.764 / 2.438       ms
[20.070s][info][gc,stats    ]       Phase: Concurrent Relocate                           0.612 / 1.127         0.654 / 3.134         0.654 / 3.134         0.654 / 3.134       ms
[20.070s][info][gc,stats    ]       Phase: Concurrent Reset Relocation Set               0.001 / 0.001         0.001 / 0.002         0.001 / 0.002         0.001 / 0.002       ms
[20.070s][info][gc,stats    ]       Phase: Concurrent Select Relocation Set              1.503 / 3.541         1.576 / 5.476         1.576 / 5.476         1.576 / 5.476       ms
[20.070s][info][gc,stats    ]       Phase: Pause Mark End                                0.022 / 0.051         0.023 / 0.051         0.023 / 0.051         0.023 / 0.051       ms
[20.070s][info][gc,stats    ]       Phase: Pause Mark Start                              0.009 / 0.013         0.009 / 0.015         0.009 / 0.015         0.009 / 0.015       ms
[20.070s][info][gc,stats    ]       Phase: Pause Relocate Start                          0.008 / 0.012         0.008 / 0.012         0.008 / 0.012         0.008 / 0.012       ms
[20.070s][info][gc,stats    ]    Subphase: Concurrent Classes Purge                      0.012 / 0.032         0.015 / 0.152         0.015 / 0.152         0.015 / 0.152       ms
[20.070s][info][gc,stats    ]    Subphase: Concurrent Classes Unlink                     1.299 / 1.942         1.234 / 1.942         1.234 / 1.942         1.234 / 1.942       ms
[20.070s][info][gc,stats    ]    Subphase: Concurrent Mark                              23.201 / 40.224       23.044 / 52.761       23.044 / 52.761       23.044 / 52.761      ms
[20.070s][info][gc,stats    ]    Subphase: Concurrent Mark Try Flush                     0.115 / 0.452         0.123 / 0.613         0.123 / 0.613         0.123 / 0.613       ms
[20.070s][info][gc,stats    ]    Subphase: Concurrent Mark Try Terminate                 3.722 / 15.851        3.555 / 16.840        3.555 / 16.840        3.555 / 16.840      ms
[20.070s][info][gc,stats    ]    Subphase: Concurrent References Enqueue                 0.000 / 0.000         0.000 / 0.004         0.000 / 0.004         0.000 / 0.004       ms
[20.070s][info][gc,stats    ]    Subphase: Concurrent References Process                 0.131 / 0.213         0.138 / 0.360         0.138 / 0.360         0.138 / 0.360       ms
[20.070s][info][gc,stats    ]    Subphase: Concurrent Roots ClassLoaderDataGraph         0.056 / 0.157         0.055 / 0.164         0.055 / 0.164         0.055 / 0.164       ms
[20.070s][info][gc,stats    ]    Subphase: Concurrent Roots CodeCache                    0.000 / 0.000         0.000 / 0.000         0.000 / 0.000         0.000 / 0.000       ms
[20.070s][info][gc,stats    ]    Subphase: Concurrent Roots JavaThreads                  0.283 / 0.551         0.273 / 0.572         0.273 / 0.572         0.273 / 0.572       ms
[20.070s][info][gc,stats    ]    Subphase: Concurrent Roots OopStorageSet                0.012 / 0.036         0.013 / 0.038         0.013 / 0.038         0.013 / 0.038       ms
[20.070s][info][gc,stats    ]    Subphase: Concurrent Weak Roots OopStorageSet           0.197 / 0.308         0.194 / 0.382         0.194 / 0.382         0.194 / 0.382       ms
[20.070s][info][gc,stats    ]    Subphase: Pause Mark Try Complete                       0.000 / 0.000         0.000 / 0.000         0.000 / 0.000         0.000 / 0.000       ms
[20.070s][info][gc,stats    ]      System: Java Threads                                     11 / 11               11 / 12               11 / 12               11 / 12          threads
[20.070s][info][gc,stats    ] =========================================================================================================================================================
[20.125s][info][gc,start    ] GC(99) Garbage Collection (System.gc())
[20.126s][info][gc,task     ] GC(99) Using 2 workers
[20.126s][info][gc,phases   ] GC(99) Pause Mark Start 0.009ms
[20.163s][info][gc,phases   ] GC(99) Concurrent Mark 37.643ms
[20.164s][info][gc,phases   ] GC(99) Pause Mark End 0.028ms
[20.164s][info][gc,phases   ] GC(99) Concurrent Mark Free 0.003ms
[20.166s][info][gc,phases   ] GC(99) Concurrent Process Non-Strong References 1.919ms
[20.166s][info][gc,phases   ] GC(99) Concurrent Reset Relocation Set 0.001ms
[20.167s][info][gc,phases   ] GC(99) Concurrent Select Relocation Set 1.556ms
[20.167s][info][gc,phases   ] GC(99) Pause Relocate Start 0.008ms
[20.168s][info][gc,phases   ] GC(99) Concurrent Relocate 0.878ms
[20.168s][info][gc,load     ] GC(99) Load: 0.00/0.00/0.00
[20.168s][info][gc,mmu      ] GC(99) MMU: 2ms/97.4%, 5ms/98.8%, 10ms/99.4%, 20ms/99.7%, 50ms/99.9%, 100ms/99.9%
[20.168s][info][gc,marking  ] GC(99) Mark: 2 stripe(s), 1 proactive flush(es), 1 terminate flush(es), 0 completion(s), 0 continuation(s) 
[20.168s][info][gc,marking  ] GC(99) Mark Stack Usage: 32M
[20.168s][info][gc,nmethod  ] GC(99) NMethods: 1507 registered, 26 unregistered
[20.168s][info][gc,metaspace] GC(99) Metaspace: 12M used, 12M committed, 1088M reserved
[20.168s][info][gc,ref      ] GC(99) Soft: 227 encountered, 0 discovered, 0 enqueued
[20.168s][info][gc,ref      ] GC(99) Weak: 764 encountered, 550 discovered, 0 enqueued
[20.168s][info][gc,ref      ] GC(99) Final: 0 encountered, 0 discovered, 0 enqueued
[20.168s][info][gc,ref      ] GC(99) Phantom: 33 encountered, 11 discovered, 0 enqueued
[20.168s][info][gc,reloc    ] GC(99) Small Pages: 46 / 92M, Empty: 46M, Relocated: 1M, In-Place: 0
[20.168s][info][gc,reloc    ] GC(99) Medium Pages: 0 / 0M, Empty: 0M, Relocated: 0M, In-Place: 0
[20.168s][info][gc,reloc    ] GC(99) Large Pages: 0 / 0M, Empty: 0M, Relocated: 0M, In-Place: 0
[20.168s][info][gc,reloc    ] GC(99) Forwarding Usage: 0M
[20.168s][info][gc,heap     ] GC(99) Min Capacity: 1024M(100%)
[20.169s][info][gc,heap     ] GC(99) Max Capacity: 1024M(100%)
[20.169s][info][gc,heap     ] GC(99) Soft Max Capacity: 1024M(100%)
[20.169s][info][gc,heap     ] GC(99)                Mark Start          Mark End        Relocate Start      Relocate End           High               Low         
[20.169s][info][gc,heap     ] GC(99)  Capacity:     1024M (100%)       1024M (100%)       1024M (100%)       1024M (100%)       1024M (100%)       1024M (100%)   
[20.169s][info][gc,heap     ] GC(99)      Free:      932M (91%)         932M (91%)         978M (96%)         980M (96%)         980M (96%)         932M (91%)    
[20.169s][info][gc,heap     ] GC(99)      Used:       92M (9%)           92M (9%)           46M (4%)           44M (4%)           92M (9%)           44M (4%)     
[20.169s][info][gc,heap     ] GC(99)      Live:         -                32M (3%)           32M (3%)           32M (3%)             -                  -          
[20.169s][info][gc,heap     ] GC(99) Allocated:         -                 0M (0%)            0M (0%)            0M (0%)             -                  -          
[20.169s][info][gc,heap     ] GC(99)   Garbage:         -                59M (6%)           13M (1%)           11M (1%)             -                  -          
[20.169s][info][gc,heap     ] GC(99) Reclaimed:         -                  -                46M (4%)           48M (5%)             -                  -          
[20.169s][info][gc          ] GC(99) Garbage Collection (System.gc()) 92M(9%)->44M(4%)
[20.332s][info][gc,heap,exit] Heap
[20.332s][info][gc,heap,exit]  ZHeap           used 96M, capacity 1024M, max capacity 1024M
[20.333s][info][gc,heap,exit]  Metaspace       used 12519K, committed 12672K, reserved 1114112K
[20.333s][info][gc,heap,exit]   class space    used 1652K, committed 1728K, reserved 1048576K
