[0.020s][info][gc] Using Parallel
[0.020s][info][gc,heap,coops] Heap address: 0x0000000700000000, size: 4096 MB, Compressed Oops mode: Zero based, Oop shift amount: 3
[1.293s][info][gc,start     ] GC(0) Pause Young (Metadata GC Threshold)
[1.300s][info][gc,heap      ] GC(0) PSYoungGen: 188776K->7290K(1223168K)
[1.300s][info][gc,heap      ] GC(0) ParOldGen: 0K->16K(2796544K)
[1.300s][info][gc,metaspace ] GC(0) Metaspace: 20495K(21248K)->20495K(21248K) NonClass: 18308K(18688K)->18308K(18688K) Class: 2187K(2560K)->2187K(2560K)
[1.300s][info][gc           ] GC(0) Pause Young (Metadata GC Threshold) 184M->7M(3925M) 6.692ms
[1.300s][info][gc,cpu       ] GC(0) User=0.03s Sys=0.05s Real=0.02s
[1.303s][info][gc,start     ] GC(1) Pause Full (Metadata GC Threshold)
[1.303s][info][gc,phases,start] GC(1) Marking Phase
[1.309s][info][gc,phases      ] GC(1) Marking Phase 6.033ms
[1.309s][info][gc,phases,start] GC(1) Summary Phase
[1.309s][info][gc,phases      ] GC(1) Summary Phase 0.010ms
[1.309s][info][gc,phases,start] GC(1) Adjust Roots
[1.313s][info][gc,phases      ] GC(1) Adjust Roots 4.513ms
[1.313s][info][gc,phases,start] GC(1) Compaction Phase
[1.320s][info][gc,phases      ] GC(1) Compaction Phase 6.773ms
[1.320s][info][gc,phases,start] GC(1) Post Compact
[1.321s][info][gc,phases      ] GC(1) Post Compact 0.907ms
[1.321s][info][gc,heap        ] GC(1) PSYoungGen: 7290K->0K(1223168K)
[1.321s][info][gc,heap        ] GC(1) ParOldGen: 16K->7058K(2796544K)
[1.321s][info][gc,metaspace   ] GC(1) Metaspace: 20495K(21248K)->20495K(21248K) NonClass: 18308K(18688K)->18308K(18688K) Class: 2187K(2560K)->2187K(2560K)
[1.321s][info][gc             ] GC(1) Pause Full (Metadata GC Threshold) 7M->6M(3925M) 18.585ms
[1.321s][info][gc,cpu         ] GC(1) User=0.03s Sys=0.00s Real=0.02s
[2.524s][info][gc,start       ] GC(2) Pause Young (Metadata GC Threshold)
[2.529s][info][gc,heap        ] GC(2) PSYoungGen: 328562K->5824K(1223168K)
[2.529s][info][gc,heap        ] GC(2) ParOldGen: 7058K->7066K(2796544K)
[2.529s][info][gc,metaspace   ] GC(2) Metaspace: 34383K(35416K)->34383K(35416K) NonClass: 30390K(30976K)->30390K(30976K) Class: 3992K(4440K)->3992K(4440K)
[2.529s][info][gc             ] GC(2) Pause Young (Metadata GC Threshold) 327M->12M(3925M) 5.198ms
[2.529s][info][gc,cpu         ] GC(2) User=0.00s Sys=0.00s Real=0.01s
[2.529s][info][gc,start       ] GC(3) Pause Full (Metadata GC Threshold)
[2.529s][info][gc,phases,start] GC(3) Marking Phase
[2.539s][info][gc,phases      ] GC(3) Marking Phase 9.886ms
[2.539s][info][gc,phases,start] GC(3) Summary Phase
[2.539s][info][gc,phases      ] GC(3) Summary Phase 0.010ms
[2.539s][info][gc,phases,start] GC(3) Adjust Roots
[2.548s][info][gc,phases      ] GC(3) Adjust Roots 8.407ms
[2.548s][info][gc,phases,start] GC(3) Compaction Phase
[2.581s][info][gc,phases      ] GC(3) Compaction Phase 33.266ms
[2.581s][info][gc,phases,start] GC(3) Post Compact
[2.582s][info][gc,phases      ] GC(3) Post Compact 0.699ms
[2.582s][info][gc,heap        ] GC(3) PSYoungGen: 5824K->0K(1223168K)
[2.582s][info][gc,heap        ] GC(3) ParOldGen: 7066K->12356K(2796544K)
[2.582s][info][gc,metaspace   ] GC(3) Metaspace: 34383K(35416K)->34383K(35416K) NonClass: 30390K(30976K)->30390K(30976K) Class: 3992K(4440K)->3992K(4440K)
[2.582s][info][gc             ] GC(3) Pause Full (Metadata GC Threshold) 12M->12M(3925M) 52.536ms
[2.582s][info][gc,cpu         ] GC(3) User=0.08s Sys=0.05s Real=0.05s
[6.082s][info][gc,start       ] GC(4) Pause Young (Metadata GC Threshold)
[6.099s][info][gc,heap        ] GC(4) PSYoungGen: 819520K->20280K(1223168K)
[6.099s][info][gc,heap        ] GC(4) ParOldGen: 12356K->12364K(2796544K)
[6.099s][info][gc,metaspace   ] GC(4) Metaspace: 57098K(58968K)->57098K(58968K) NonClass: 50148K(51200K)->50148K(51200K) Class: 6949K(7768K)->6949K(7768K)
[6.099s][info][gc             ] GC(4) Pause Young (Metadata GC Threshold) 812M->31M(3925M) 17.186ms
[6.099s][info][gc,cpu         ] GC(4) User=0.09s Sys=0.00s Real=0.02s
[6.099s][info][gc,start       ] GC(5) Pause Full (Metadata GC Threshold)
[6.099s][info][gc,phases,start] GC(5) Marking Phase
[6.123s][info][gc,phases      ] GC(5) Marking Phase 24.253ms
[6.123s][info][gc,phases,start] GC(5) Summary Phase
[6.123s][info][gc,phases      ] GC(5) Summary Phase 0.010ms
[6.123s][info][gc,phases,start] GC(5) Adjust Roots
[6.140s][info][gc,phases      ] GC(5) Adjust Roots 16.422ms
[6.140s][info][gc,phases,start] GC(5) Compaction Phase
[6.207s][info][gc,phases      ] GC(5) Compaction Phase 67.361ms
[6.207s][info][gc,phases,start] GC(5) Post Compact
[6.208s][info][gc,phases      ] GC(5) Post Compact 0.903ms
[6.208s][info][gc,heap        ] GC(5) PSYoungGen: 20280K->0K(1223168K)
[6.208s][info][gc,heap        ] GC(5) ParOldGen: 12364K->31471K(2796544K)
[6.208s][info][gc,metaspace   ] GC(5) Metaspace: 57098K(58968K)->57098K(58968K) NonClass: 50148K(51200K)->50148K(51200K) Class: 6949K(7768K)->6949K(7768K)
[6.208s][info][gc             ] GC(5) Pause Full (Metadata GC Threshold) 31M->30M(3925M) 109.328ms
[6.208s][info][gc,cpu         ] GC(5) User=0.47s Sys=0.02s Real=0.11s
[8.951s][info][gc,start       ] GC(6) Pause Young (System.gc())
[8.962s][info][gc,heap        ] GC(6) PSYoungGen: 751345K->9696K(1223168K)
[8.962s][info][gc,heap        ] GC(6) ParOldGen: 31471K->31479K(2796544K)
[8.962s][info][gc,metaspace   ] GC(6) Metaspace: 79046K(81752K)->79046K(81752K) NonClass: 69007K(70656K)->69007K(70656K) Class: 10039K(11096K)->10039K(11096K)
[8.962s][info][gc             ] GC(6) Pause Young (System.gc()) 764M->40M(3925M) 10.674ms
[8.962s][info][gc,cpu         ] GC(6) User=0.08s Sys=0.00s Real=0.01s
[8.962s][info][gc,start       ] GC(7) Pause Full (System.gc())
[8.962s][info][gc,phases,start] GC(7) Marking Phase
[8.997s][info][gc,phases      ] GC(7) Marking Phase 35.203ms
[8.997s][info][gc,phases,start] GC(7) Summary Phase
[8.997s][info][gc,phases      ] GC(7) Summary Phase 0.010ms
[8.997s][info][gc,phases,start] GC(7) Adjust Roots
[9.019s][info][gc,phases      ] GC(7) Adjust Roots 21.907ms
[9.019s][info][gc,phases,start] GC(7) Compaction Phase
[9.095s][info][gc,phases      ] GC(7) Compaction Phase 75.861ms
[9.095s][info][gc,phases,start] GC(7) Post Compact
[9.096s][info][gc,phases      ] GC(7) Post Compact 0.828ms
[9.096s][info][gc,heap        ] GC(7) PSYoungGen: 9696K->0K(1223168K)
[9.096s][info][gc,heap        ] GC(7) ParOldGen: 31479K->38906K(2796544K)
[9.096s][info][gc,metaspace   ] GC(7) Metaspace: 79046K(81752K)->79046K(81752K) NonClass: 69007K(70656K)->69007K(70656K) Class: 10039K(11096K)->10039K(11096K)
[9.096s][info][gc             ] GC(7) Pause Full (System.gc()) 40M->37M(3925M) 134.083ms
[9.096s][info][gc,cpu         ] GC(7) User=0.41s Sys=0.03s Real=0.13s
[11.943s][info][gc,start       ] GC(8) Pause Young (Allocation Failure)
[11.950s][info][gc,heap        ] GC(8) PSYoungGen: 1048576K->6520K(1223168K)
[11.950s][info][gc,heap        ] GC(8) ParOldGen: 38906K->38914K(2796544K)
[11.950s][info][gc,metaspace   ] GC(8) Metaspace: 91871K(94808K)->91871K(94808K) NonClass: 80693K(82432K)->80693K(82432K) Class: 11177K(12376K)->11177K(12376K)
[11.950s][info][gc             ] GC(8) Pause Young (Allocation Failure) 1061M->44M(3925M) 6.547ms
[11.950s][info][gc,cpu         ] GC(8) User=0.00s Sys=0.00s Real=0.00s
[14.683s][info][gc,start       ] GC(9) Pause Young (Allocation Failure)
[14.689s][info][gc,heap        ] GC(9) PSYoungGen: 1055096K->6673K(1379840K)
[14.689s][info][gc,heap        ] GC(9) ParOldGen: 38914K->38922K(2796544K)
[14.689s][info][gc,metaspace   ] GC(9) Metaspace: 92932K(95832K)->92932K(95832K) NonClass: 81747K(83456K)->81747K(83456K) Class: 11184K(12376K)->11184K(12376K)
[14.689s][info][gc             ] GC(9) Pause Young (Allocation Failure) 1068M->44M(4078M) 6.704ms
[14.689s][info][gc,cpu         ] GC(9) User=0.09s Sys=0.00s Real=0.01s
[17.706s][info][gc,start       ] GC(10) Pause Young (Allocation Failure)
[17.715s][info][gc,heap        ] GC(10) PSYoungGen: 1211921K->6984K(1223168K)
[17.715s][info][gc,heap        ] GC(10) ParOldGen: 38922K->38930K(2796544K)
[17.715s][info][gc,metaspace   ] GC(10) Metaspace: 93325K(96344K)->93325K(96344K) NonClass: 82135K(83968K)->82135K(83968K) Class: 11189K(12376K)->11189K(12376K)
[17.715s][info][gc             ] GC(10) Pause Young (Allocation Failure) 1221M->44M(3925M) 9.239ms
[17.715s][info][gc,cpu         ] GC(10) User=0.00s Sys=0.00s Real=0.01s
[20.726s][info][gc,start       ] GC(11) Pause Young (Allocation Failure)
[20.735s][info][gc,heap        ] GC(11) PSYoungGen: 1212232K->7160K(1380864K)
[20.735s][info][gc,heap        ] GC(11) ParOldGen: 38930K->38938K(2796544K)
[20.735s][info][gc,metaspace   ] GC(11) Metaspace: 93541K(96600K)->93541K(96600K) NonClass: 82350K(84224K)->82350K(84224K) Class: 11190K(12376K)->11190K(12376K)
[20.735s][info][gc             ] GC(11) Pause Young (Allocation Failure) 1221M->45M(4079M) 8.545ms
[20.735s][info][gc,cpu         ] GC(11) User=0.00s Sys=0.00s Real=0.01s
[23.747s][info][gc,start       ] GC(12) Pause Young (Allocation Failure)
[23.756s][info][gc,heap        ] GC(12) PSYoungGen: 1370616K->1184K(1380352K)
[23.756s][info][gc,heap        ] GC(12) ParOldGen: 38938K->44826K(2796544K)
[23.756s][info][gc,metaspace   ] GC(12) Metaspace: 93703K(96600K)->93703K(96600K) NonClass: 82511K(84224K)->82511K(84224K) Class: 11192K(12376K)->11192K(12376K)
[23.756s][info][gc             ] GC(12) Pause Young (Allocation Failure) 1376M->44M(4079M) 8.680ms
[23.756s][info][gc,cpu         ] GC(12) User=0.09s Sys=0.00s Real=0.01s
[27.097s][info][gc,start       ] GC(13) Pause Young (Allocation Failure)
[27.099s][info][gc,heap        ] GC(13) PSYoungGen: 1364640K->768K(1379328K)
[27.099s][info][gc,heap        ] GC(13) ParOldGen: 44826K->45358K(2796544K)
[27.099s][info][gc,metaspace   ] GC(13) Metaspace: 93791K(96856K)->93791K(96856K) NonClass: 82599K(84480K)->82599K(84480K) Class: 11192K(12376K)->11192K(12376K)
[27.099s][info][gc             ] GC(13) Pause Young (Allocation Failure) 1376M->45M(4078M) 2.583ms
[27.099s][info][gc,cpu         ] GC(13) User=0.00s Sys=0.00s Real=0.00s
[30.606s][info][gc,start       ] GC(14) Pause Young (Allocation Failure)
[30.608s][info][gc,heap        ] GC(14) PSYoungGen: 1362688K->779K(1379840K)
[30.608s][info][gc,heap        ] GC(14) ParOldGen: 45358K->45666K(2796544K)
[30.608s][info][gc,metaspace   ] GC(14) Metaspace: 93956K(96856K)->93956K(96856K) NonClass: 82763K(84480K)->82763K(84480K) Class: 11193K(12376K)->11193K(12376K)
[30.608s][info][gc             ] GC(14) Pause Young (Allocation Failure) 1375M->45M(4078M) 1.682ms
[30.608s][info][gc,cpu         ] GC(14) User=0.00s Sys=0.00s Real=0.00s
[31.709s][info][gc,start       ] GC(15) Pause Young (System.gc())
[31.710s][info][gc,heap        ] GC(15) PSYoungGen: 414578K->192K(1379840K)
[31.710s][info][gc,heap        ] GC(15) ParOldGen: 45666K->45946K(2796544K)
[31.710s][info][gc,metaspace   ] GC(15) Metaspace: 93986K(96856K)->93986K(96856K) NonClass: 82791K(84480K)->82791K(84480K) Class: 11194K(12376K)->11194K(12376K)
[31.710s][info][gc             ] GC(15) Pause Young (System.gc()) 449M->45M(4078M) 1.338ms
[31.711s][info][gc,cpu         ] GC(15) User=0.00s Sys=0.00s Real=0.00s
[31.711s][info][gc,start       ] GC(16) Pause Full (System.gc())
[31.711s][info][gc,phases,start] GC(16) Marking Phase
[31.780s][info][gc,phases      ] GC(16) Marking Phase 69.377ms
[31.780s][info][gc,phases,start] GC(16) Summary Phase
[31.780s][info][gc,phases      ] GC(16) Summary Phase 0.009ms
[31.780s][info][gc,phases,start] GC(16) Adjust Roots
[31.811s][info][gc,phases      ] GC(16) Adjust Roots 31.485ms
[31.812s][info][gc,phases,start] GC(16) Compaction Phase
[31.974s][info][gc,phases      ] GC(16) Compaction Phase 162.182ms
[31.974s][info][gc,phases,start] GC(16) Post Compact
[31.975s][info][gc,phases      ] GC(16) Post Compact 1.076ms
[31.975s][info][gc,heap        ] GC(16) PSYoungGen: 192K->0K(1379840K)
[31.975s][info][gc,heap        ] GC(16) ParOldGen: 45946K->44895K(2796544K)
[31.975s][info][gc,metaspace   ] GC(16) Metaspace: 93986K(96856K)->93811K(96856K) NonClass: 82791K(84480K)->82668K(84480K) Class: 11194K(12376K)->11143K(12376K)
[31.975s][info][gc             ] GC(16) Pause Full (System.gc()) 45M->43M(4078M) 264.430ms
[31.975s][info][gc,cpu         ] GC(16) User=0.42s Sys=0.02s Real=0.27s
[35.259s][info][gc,start       ] GC(17) Pause Young (Allocation Failure)
[35.260s][info][gc,heap        ] GC(17) PSYoungGen: 1361920K->512K(1379840K)
[35.260s][info][gc,heap        ] GC(17) ParOldGen: 44895K->44903K(2796544K)
[35.260s][info][gc,metaspace   ] GC(17) Metaspace: 93826K(96856K)->93826K(96856K) NonClass: 82681K(84480K)->82681K(84480K) Class: 11144K(12376K)->11144K(12376K)
[35.260s][info][gc             ] GC(17) Pause Young (Allocation Failure) 1373M->44M(4078M) 1.456ms
[35.260s][info][gc,cpu         ] GC(17) User=0.00s Sys=0.00s Real=0.00s
[38.819s][info][gc,start       ] GC(18) Pause Young (Allocation Failure)
[38.820s][info][gc,heap        ] GC(18) PSYoungGen: 1362432K->352K(1380352K)
[38.820s][info][gc,heap        ] GC(18) ParOldGen: 44903K->45167K(2796544K)
[38.820s][info][gc,metaspace   ] GC(18) Metaspace: 93884K(97112K)->93884K(97112K) NonClass: 82736K(84736K)->82736K(84736K) Class: 11147K(12376K)->11147K(12376K)
[38.820s][info][gc             ] GC(18) Pause Young (Allocation Failure) 1374M->44M(4079M) 1.365ms
[38.820s][info][gc,cpu         ] GC(18) User=0.00s Sys=0.00s Real=0.00s
[42.344s][info][gc,start       ] GC(19) Pause Young (Allocation Failure)
[42.346s][info][gc,heap        ] GC(19) PSYoungGen: 1363296K->352K(1380352K)
[42.346s][info][gc,heap        ] GC(19) ParOldGen: 45167K->45271K(2796544K)
[42.346s][info][gc,metaspace   ] GC(19) Metaspace: 93919K(97112K)->93919K(97112K) NonClass: 82771K(84736K)->82771K(84736K) Class: 11148K(12376K)->11148K(12376K)
[42.346s][info][gc             ] GC(19) Pause Young (Allocation Failure) 1375M->44M(4079M) 1.620ms
[42.346s][info][gc,cpu         ] GC(19) User=0.03s Sys=0.00s Real=0.00s
[45.405s][info][gc,start       ] GC(20) Pause Young (Allocation Failure)
[45.407s][info][gc,heap        ] GC(20) PSYoungGen: 1363296K->480K(1381376K)
[45.407s][info][gc,heap        ] GC(20) ParOldGen: 45271K->45359K(2796544K)
[45.407s][info][gc,metaspace   ] GC(20) Metaspace: 93955K(97112K)->93955K(97112K) NonClass: 82807K(84736K)->82807K(84736K) Class: 11148K(12376K)->11148K(12376K)
[45.407s][info][gc             ] GC(20) Pause Young (Allocation Failure) 1375M->44M(4080M) 1.885ms
[45.407s][info][gc,cpu         ] GC(20) User=0.00s Sys=0.00s Real=0.00s
[48.721s][info][gc,start       ] GC(21) Pause Young (Allocation Failure)
[48.723s][info][gc,heap        ] GC(21) PSYoungGen: 1364960K->320K(1380864K)
[48.723s][info][gc,heap        ] GC(21) ParOldGen: 45359K->45519K(2796544K)
[48.723s][info][gc,metaspace   ] GC(21) Metaspace: 94052K(97112K)->94052K(97112K) NonClass: 82902K(84736K)->82902K(84736K) Class: 11149K(12376K)->11149K(12376K)
[48.723s][info][gc             ] GC(21) Pause Young (Allocation Failure) 1377M->44M(4079M) 1.702ms
[48.723s][info][gc,cpu         ] GC(21) User=0.00s Sys=0.00s Real=0.00s
[52.254s][info][gc,start       ] GC(22) Pause Young (Allocation Failure)
[52.256s][info][gc,heap        ] GC(22) PSYoungGen: 1364800K->354K(1382912K)
[52.256s][info][gc,heap        ] GC(22) ParOldGen: 45519K->45607K(2796544K)
[52.256s][info][gc,metaspace   ] GC(22) Metaspace: 94054K(97112K)->94054K(97112K) NonClass: 82903K(84736K)->82903K(84736K) Class: 11150K(12376K)->11150K(12376K)
[52.256s][info][gc             ] GC(22) Pause Young (Allocation Failure) 1377M->44M(4081M) 1.362ms
[52.256s][info][gc,cpu         ] GC(22) User=0.00s Sys=0.00s Real=0.00s
[53.640s][info][gc,start       ] GC(23) Pause Young (System.gc())
[53.642s][info][gc,heap        ] GC(23) PSYoungGen: 519739K->160K(1381888K)
[53.642s][info][gc,heap        ] GC(23) ParOldGen: 45607K->45695K(2796544K)
[53.642s][info][gc,metaspace   ] GC(23) Metaspace: 94056K(97112K)->94056K(97112K) NonClass: 82905K(84736K)->82905K(84736K) Class: 11150K(12376K)->11150K(12376K)
[53.642s][info][gc             ] GC(23) Pause Young (System.gc()) 552M->44M(4080M) 1.752ms
[53.642s][info][gc,cpu         ] GC(23) User=0.00s Sys=0.00s Real=0.00s
[53.642s][info][gc,start       ] GC(24) Pause Full (System.gc())
[53.642s][info][gc,phases,start] GC(24) Marking Phase
[53.683s][info][gc,phases      ] GC(24) Marking Phase 40.997ms
[53.683s][info][gc,phases,start] GC(24) Summary Phase
[53.683s][info][gc,phases      ] GC(24) Summary Phase 0.010ms
[53.683s][info][gc,phases,start] GC(24) Adjust Roots
[53.702s][info][gc,phases      ] GC(24) Adjust Roots 18.411ms
[53.702s][info][gc,phases,start] GC(24) Compaction Phase
[53.775s][info][gc,phases      ] GC(24) Compaction Phase 73.063ms
[53.775s][info][gc,phases,start] GC(24) Post Compact
[53.777s][info][gc,phases      ] GC(24) Post Compact 2.550ms
[53.777s][info][gc,heap        ] GC(24) PSYoungGen: 160K->0K(1381888K)
[53.777s][info][gc,heap        ] GC(24) ParOldGen: 45695K->44940K(2796544K)
[53.777s][info][gc,metaspace   ] GC(24) Metaspace: 94056K(97112K)->94056K(97112K) NonClass: 82905K(84736K)->82905K(84736K) Class: 11150K(12376K)->11150K(12376K)
[53.777s][info][gc             ] GC(24) Pause Full (System.gc()) 44M->43M(4080M) 135.373ms
[53.777s][info][gc,cpu         ] GC(24) User=0.23s Sys=0.00s Real=0.15s
[57.114s][info][gc,start       ] GC(25) Pause Young (GCLocker Initiated GC)
[57.116s][info][gc,heap        ] GC(25) PSYoungGen: 1367040K->544K(1383936K)
[57.116s][info][gc,heap        ] GC(25) ParOldGen: 45143K->45143K(2796544K)
[57.116s][info][gc,metaspace   ] GC(25) Metaspace: 94070K(97112K)->94070K(97112K) NonClass: 82919K(84736K)->82919K(84736K) Class: 11151K(12376K)->11151K(12376K)
[57.116s][info][gc             ] GC(25) Pause Young (GCLocker Initiated GC) 1379M->44M(4082M) 2.002ms
[57.116s][info][gc,cpu         ] GC(25) User=0.00s Sys=0.00s Real=0.00s
[60.668s][info][gc,start       ] GC(26) Pause Young (Allocation Failure)
[60.670s][info][gc,heap        ] GC(26) PSYoungGen: 1370144K->352K(1383424K)
[60.670s][info][gc,heap        ] GC(26) ParOldGen: 45147K->45387K(2796544K)
[60.670s][info][gc,metaspace   ] GC(26) Metaspace: 94084K(97112K)->94084K(97112K) NonClass: 82932K(84736K)->82932K(84736K) Class: 11152K(12376K)->11152K(12376K)
[60.670s][info][gc             ] GC(26) Pause Young (Allocation Failure) 1382M->44M(4082M) 1.620ms
[60.670s][info][gc,cpu         ] GC(26) User=0.00s Sys=0.00s Real=0.00s
[64.229s][info][gc,start       ] GC(27) Pause Young (Allocation Failure)
[64.230s][info][gc,heap        ] GC(27) PSYoungGen: 1369952K->587K(1385472K)
[64.230s][info][gc,heap        ] GC(27) ParOldGen: 45387K->45499K(2796544K)
[64.230s][info][gc,metaspace   ] GC(27) Metaspace: 94144K(97368K)->94144K(97368K) NonClass: 82991K(84992K)->82991K(84992K) Class: 11152K(12376K)->11152K(12376K)
[64.230s][info][gc             ] GC(27) Pause Young (Allocation Failure) 1382M->45M(4084M) 1.359ms
[64.230s][info][gc,cpu         ] GC(27) User=0.00s Sys=0.00s Real=0.00s
[67.298s][info][gc,start       ] GC(28) Pause Young (Allocation Failure)
[67.300s][info][gc,heap        ] GC(28) PSYoungGen: 1372747K->320K(1384448K)
[67.300s][info][gc,heap        ] GC(28) ParOldGen: 45499K->45635K(2796544K)
[67.300s][info][gc,metaspace   ] GC(28) Metaspace: 94167K(97368K)->94167K(97368K) NonClass: 83014K(84992K)->83014K(84992K) Class: 11153K(12376K)->11153K(12376K)
[67.300s][info][gc             ] GC(28) Pause Young (Allocation Failure) 1385M->44M(4083M) 1.868ms
[67.300s][info][gc,cpu         ] GC(28) User=0.00s Sys=0.00s Real=0.00s
[70.661s][info][gc,start       ] GC(29) Pause Young (Allocation Failure)
[70.662s][info][gc,heap        ] GC(29) PSYoungGen: 1372480K->288K(1386496K)
[70.663s][info][gc,heap        ] GC(29) ParOldGen: 45635K->45715K(2796544K)
[70.663s][info][gc,metaspace   ] GC(29) Metaspace: 94170K(97368K)->94170K(97368K) NonClass: 83016K(84992K)->83016K(84992K) Class: 11153K(12376K)->11153K(12376K)
[70.663s][info][gc             ] GC(29) Pause Young (Allocation Failure) 1384M->44M(4085M) 1.503ms
[70.663s][info][gc,cpu         ] GC(29) User=0.00s Sys=0.00s Real=0.00s
[74.239s][info][gc,start       ] GC(30) Pause Young (Allocation Failure)
[74.240s][info][gc,heap        ] GC(30) PSYoungGen: 1375008K->448K(1385984K)
[74.240s][info][gc,heap        ] GC(30) ParOldGen: 45715K->45787K(2796544K)
[74.240s][info][gc,metaspace   ] GC(30) Metaspace: 94176K(97368K)->94176K(97368K) NonClass: 83022K(84992K)->83022K(84992K) Class: 11154K(12376K)->11154K(12376K)
[74.241s][info][gc             ] GC(30) Pause Young (Allocation Failure) 1387M->45M(4084M) 1.353ms
[74.241s][info][gc,cpu         ] GC(30) User=0.00s Sys=0.00s Real=0.00s
[75.487s][info][gc,start       ] GC(31) Pause Young (System.gc())
[75.489s][info][gc,heap        ] GC(31) PSYoungGen: 453679K->160K(1388032K)
[75.489s][info][gc,heap        ] GC(31) ParOldGen: 45787K->45931K(2796544K)
[75.489s][info][gc,metaspace   ] GC(31) Metaspace: 94181K(97368K)->94181K(97368K) NonClass: 83027K(84992K)->83027K(84992K) Class: 11154K(12376K)->11154K(12376K)
[75.489s][info][gc             ] GC(31) Pause Young (System.gc()) 487M->45M(4086M) 1.733ms
[75.489s][info][gc,cpu         ] GC(31) User=0.00s Sys=0.00s Real=0.00s
[75.489s][info][gc,start       ] GC(32) Pause Full (System.gc())
[75.489s][info][gc,phases,start] GC(32) Marking Phase
[75.529s][info][gc,phases      ] GC(32) Marking Phase 39.821ms
[75.529s][info][gc,phases,start] GC(32) Summary Phase
[75.529s][info][gc,phases      ] GC(32) Summary Phase 0.010ms
[75.529s][info][gc,phases,start] GC(32) Adjust Roots
[75.544s][info][gc,phases      ] GC(32) Adjust Roots 15.181ms
[75.544s][info][gc,phases,start] GC(32) Compaction Phase
[75.582s][info][gc,phases      ] GC(32) Compaction Phase 37.556ms
[75.582s][info][gc,phases,start] GC(32) Post Compact
[75.583s][info][gc,phases      ] GC(32) Post Compact 0.827ms
[75.583s][info][gc,heap        ] GC(32) PSYoungGen: 160K->0K(1388032K)
[75.583s][info][gc,heap        ] GC(32) ParOldGen: 45931K->44958K(2796544K)
[75.583s][info][gc,metaspace   ] GC(32) Metaspace: 94181K(97368K)->94181K(97368K) NonClass: 83027K(84992K)->83027K(84992K) Class: 11154K(12376K)->11154K(12376K)
[75.583s][info][gc             ] GC(32) Pause Full (System.gc()) 45M->43M(4086M) 93.712ms
[75.583s][info][gc,cpu         ] GC(32) User=0.23s Sys=0.00s Real=0.10s
[78.947s][info][gc,start       ] GC(33) Pause Young (Allocation Failure)
[78.949s][info][gc,heap        ] GC(33) PSYoungGen: 1377280K->480K(1387008K)
[78.949s][info][gc,heap        ] GC(33) ParOldGen: 44958K->44966K(2796544K)
[78.949s][info][gc,metaspace   ] GC(33) Metaspace: 94230K(97368K)->94230K(97368K) NonClass: 83076K(84992K)->83076K(84992K) Class: 11154K(12376K)->11154K(12376K)
[78.949s][info][gc             ] GC(33) Pause Young (Allocation Failure) 1388M->44M(4085M) 1.788ms
[78.949s][info][gc,cpu         ] GC(33) User=0.00s Sys=0.00s Real=0.00s
[82.529s][info][gc,start       ] GC(34) Pause Young (Allocation Failure)
[82.530s][info][gc,heap        ] GC(34) PSYoungGen: 1377760K->619K(1389056K)
[82.530s][info][gc,heap        ] GC(34) ParOldGen: 44966K->45142K(2796544K)
[82.530s][info][gc,metaspace   ] GC(34) Metaspace: 94283K(97368K)->94283K(97368K) NonClass: 83129K(84992K)->83129K(84992K) Class: 11154K(12376K)->11154K(12376K)
[82.530s][info][gc             ] GC(34) Pause Young (Allocation Failure) 1389M->44M(4087M) 1.273ms
[82.530s][info][gc,cpu         ] GC(34) User=0.00s Sys=0.00s Real=0.00s
[86.102s][info][gc,start       ] GC(35) Pause Young (Allocation Failure)
[86.103s][info][gc,heap        ] GC(35) PSYoungGen: 1380459K->384K(1388544K)
[86.103s][info][gc,heap        ] GC(35) ParOldGen: 45142K->45278K(2796544K)
[86.103s][info][gc,metaspace   ] GC(35) Metaspace: 94285K(97368K)->94285K(97368K) NonClass: 83131K(84992K)->83131K(84992K) Class: 11154K(12376K)->11154K(12376K)
[86.103s][info][gc             ] GC(35) Pause Young (Allocation Failure) 1392M->44M(4087M) 1.583ms
[86.103s][info][gc,cpu         ] GC(35) User=0.00s Sys=0.00s Real=0.00s
[89.210s][info][gc,start       ] GC(36) Pause Young (Allocation Failure)
[89.211s][info][gc,heap        ] GC(36) PSYoungGen: 1380224K->288K(1390080K)
[89.211s][info][gc,heap        ] GC(36) ParOldGen: 45278K->45406K(2796544K)
[89.211s][info][gc,metaspace   ] GC(36) Metaspace: 94286K(97368K)->94286K(97368K) NonClass: 83132K(84992K)->83132K(84992K) Class: 11154K(12376K)->11154K(12376K)
[89.211s][info][gc             ] GC(36) Pause Young (Allocation Failure) 1392M->44M(4088M) 1.177ms
[89.211s][info][gc,cpu         ] GC(36) User=0.00s Sys=0.00s Real=0.00s
[92.608s][info][gc,start       ] GC(37) Pause Young (Allocation Failure)
[92.610s][info][gc,heap        ] GC(37) PSYoungGen: 1382176K->320K(1389568K)
[92.610s][info][gc,heap        ] GC(37) ParOldGen: 45406K->45478K(2796544K)
[92.610s][info][gc,metaspace   ] GC(37) Metaspace: 94291K(97368K)->94291K(97368K) NonClass: 83137K(84992K)->83137K(84992K) Class: 11154K(12376K)->11154K(12376K)
[92.610s][info][gc             ] GC(37) Pause Young (Allocation Failure) 1394M->44M(4088M) 1.407ms
[92.610s][info][gc,cpu         ] GC(37) User=0.00s Sys=0.00s Real=0.00s
[96.176s][info][gc,start       ] GC(38) Pause Young (Allocation Failure)
[96.178s][info][gc,heap        ] GC(38) PSYoungGen: 1382208K->384K(1391104K)
[96.178s][info][gc,heap        ] GC(38) ParOldGen: 45478K->45558K(2796544K)
[96.178s][info][gc,metaspace   ] GC(38) Metaspace: 94296K(97368K)->94296K(97368K) NonClass: 83142K(84992K)->83142K(84992K) Class: 11154K(12376K)->11154K(12376K)
[96.178s][info][gc             ] GC(38) Pause Young (Allocation Failure) 1394M->44M(4089M) 1.757ms
[96.178s][info][gc,cpu         ] GC(38) User=0.00s Sys=0.00s Real=0.00s
[97.268s][info][gc,start       ] GC(39) Pause Young (System.gc())
[97.269s][info][gc,heap        ] GC(39) PSYoungGen: 404146K->192K(1390592K)
[97.269s][info][gc,heap        ] GC(39) ParOldGen: 45558K->45718K(2796544K)
[97.269s][info][gc,metaspace   ] GC(39) Metaspace: 94306K(97368K)->94306K(97368K) NonClass: 83152K(84992K)->83152K(84992K) Class: 11154K(12376K)->11154K(12376K)
[97.269s][info][gc             ] GC(39) Pause Young (System.gc()) 439M->44M(4089M) 1.391ms
[97.269s][info][gc,cpu         ] GC(39) User=0.00s Sys=0.00s Real=0.00s
[97.269s][info][gc,start       ] GC(40) Pause Full (System.gc())
[97.269s][info][gc,phases,start] GC(40) Marking Phase
[97.308s][info][gc,phases      ] GC(40) Marking Phase 39.055ms
[97.308s][info][gc,phases,start] GC(40) Summary Phase
[97.308s][info][gc,phases      ] GC(40) Summary Phase 0.010ms
[97.308s][info][gc,phases,start] GC(40) Adjust Roots
[97.322s][info][gc,phases      ] GC(40) Adjust Roots 13.886ms
[97.322s][info][gc,phases,start] GC(40) Compaction Phase
[97.332s][info][gc,phases      ] GC(40) Compaction Phase 9.239ms
[97.332s][info][gc,phases,start] GC(40) Post Compact
[97.332s][info][gc,phases      ] GC(40) Post Compact 0.721ms
[97.332s][info][gc,heap        ] GC(40) PSYoungGen: 192K->0K(1390592K)
[97.333s][info][gc,heap        ] GC(40) ParOldGen: 45718K->44970K(2796544K)
[97.333s][info][gc,metaspace   ] GC(40) Metaspace: 94306K(97368K)->94306K(97368K) NonClass: 83152K(84992K)->83152K(84992K) Class: 11154K(12376K)->11154K(12376K)
[97.333s][info][gc             ] GC(40) Pause Full (System.gc()) 44M->43M(4089M) 63.264ms
[97.333s][info][gc,cpu         ] GC(40) User=0.20s Sys=0.00s Real=0.06s
[100.722s][info][gc,start       ] GC(41) Pause Young (Allocation Failure)
[100.724s][info][gc,heap        ] GC(41) PSYoungGen: 1383936K->416K(1391616K)
[100.724s][info][gc,heap        ] GC(41) ParOldGen: 44970K->44970K(2796544K)
[100.724s][info][gc,metaspace   ] GC(41) Metaspace: 94306K(97368K)->94306K(97368K) NonClass: 83152K(84992K)->83152K(84992K) Class: 11154K(12376K)->11154K(12376K)
[100.724s][info][gc             ] GC(41) Pause Young (Allocation Failure) 1395M->44M(4090M) 1.650ms
[100.724s][info][gc,cpu         ] GC(41) User=0.00s Sys=0.00s Real=0.00s
[104.357s][info][gc,start       ] GC(42) Pause Young (Allocation Failure)
[104.359s][info][gc,heap        ] GC(42) PSYoungGen: 1385376K->480K(1391104K)
[104.359s][info][gc,heap        ] GC(42) ParOldGen: 44970K->45146K(2796544K)
[104.359s][info][gc,metaspace   ] GC(42) Metaspace: 94318K(97368K)->94318K(97368K) NonClass: 83164K(84992K)->83164K(84992K) Class: 11154K(12376K)->11154K(12376K)
[104.359s][info][gc             ] GC(42) Pause Young (Allocation Failure) 1396M->44M(4089M) 1.742ms
[104.359s][info][gc,cpu         ] GC(42) User=0.00s Sys=0.00s Real=0.00s
[107.929s][info][gc,start       ] GC(43) Pause Young (GCLocker Initiated GC)
[107.931s][info][gc,heap        ] GC(43) PSYoungGen: 1385440K->384K(1392640K)
[107.931s][info][gc,heap        ] GC(43) ParOldGen: 45349K->45549K(2796544K)
[107.931s][info][gc,metaspace   ] GC(43) Metaspace: 94318K(97368K)->94318K(97368K) NonClass: 83164K(84992K)->83164K(84992K) Class: 11154K(12376K)->11154K(12376K)
[107.931s][info][gc             ] GC(43) Pause Young (GCLocker Initiated GC) 1397M->44M(4091M) 1.580ms
[107.931s][info][gc,cpu         ] GC(43) User=0.00s Sys=0.00s Real=0.00s
[111.050s][info][gc,start       ] GC(44) Pause Young (Allocation Failure)
[111.051s][info][gc,heap        ] GC(44) PSYoungGen: 1387392K->418K(1392128K)
[111.051s][info][gc,heap        ] GC(44) ParOldGen: 45560K->45624K(2796544K)
[111.051s][info][gc,metaspace   ] GC(44) Metaspace: 94372K(97624K)->94372K(97624K) NonClass: 83218K(85248K)->83218K(85248K) Class: 11154K(12376K)->11154K(12376K)
[111.051s][info][gc             ] GC(44) Pause Young (Allocation Failure) 1399M->44M(4090M) 1.097ms
[111.051s][info][gc,cpu         ] GC(44) User=0.00s Sys=0.00s Real=0.00s
[114.491s][info][gc,start       ] GC(45) Pause Young (Allocation Failure)
[114.492s][info][gc,heap        ] GC(45) PSYoungGen: 1387426K->482K(1393152K)
[114.493s][info][gc,heap        ] GC(45) ParOldGen: 45624K->45696K(2796544K)
[114.493s][info][gc,metaspace   ] GC(45) Metaspace: 94385K(97624K)->94385K(97624K) NonClass: 83230K(85248K)->83230K(85248K) Class: 11154K(12376K)->11154K(12376K)
[114.493s][info][gc             ] GC(45) Pause Young (Allocation Failure) 1399M->45M(4091M) 1.818ms
[114.493s][info][gc,cpu         ] GC(45) User=0.00s Sys=0.00s Real=0.00s
[118.103s][info][gc,start       ] GC(46) Pause Young (Allocation Failure)
[118.104s][info][gc,heap        ] GC(46) PSYoungGen: 1388514K->555K(1392640K)
[118.104s][info][gc,heap        ] GC(46) ParOldGen: 45696K->45824K(2796544K)
[118.104s][info][gc,metaspace   ] GC(46) Metaspace: 94385K(97624K)->94385K(97624K) NonClass: 83231K(85248K)->83231K(85248K) Class: 11154K(12376K)->11154K(12376K)
[118.104s][info][gc             ] GC(46) Pause Young (Allocation Failure) 1400M->45M(4091M) 1.339ms
[118.104s][info][gc,cpu         ] GC(46) User=0.00s Sys=0.00s Real=0.00s
[119.076s][info][gc,start       ] GC(47) Pause Young (System.gc())
[119.077s][info][gc,heap        ] GC(47) PSYoungGen: 355507K->160K(1393664K)
[119.077s][info][gc,heap        ] GC(47) ParOldGen: 45824K->45912K(2796544K)
[119.077s][info][gc,metaspace   ] GC(47) Metaspace: 94387K(97624K)->94387K(97624K) NonClass: 83232K(85248K)->83232K(85248K) Class: 11154K(12376K)->11154K(12376K)
[119.077s][info][gc             ] GC(47) Pause Young (System.gc()) 391M->44M(4092M) 1.461ms
[119.077s][info][gc,cpu         ] GC(47) User=0.00s Sys=0.00s Real=0.01s
[119.078s][info][gc,start       ] GC(48) Pause Full (System.gc())
[119.078s][info][gc,phases,start] GC(48) Marking Phase
[119.118s][info][gc,phases      ] GC(48) Marking Phase 40.175ms
[119.118s][info][gc,phases,start] GC(48) Summary Phase
[119.118s][info][gc,phases      ] GC(48) Summary Phase 0.010ms
[119.118s][info][gc,phases,start] GC(48) Adjust Roots
[119.132s][info][gc,phases      ] GC(48) Adjust Roots 14.034ms
[119.132s][info][gc,phases,start] GC(48) Compaction Phase
[119.142s][info][gc,phases      ] GC(48) Compaction Phase 9.961ms
[119.142s][info][gc,phases,start] GC(48) Post Compact
[119.143s][info][gc,phases      ] GC(48) Post Compact 0.718ms
[119.143s][info][gc,heap        ] GC(48) PSYoungGen: 160K->0K(1393664K)
[119.143s][info][gc,heap        ] GC(48) ParOldGen: 45912K->44973K(2796544K)
[119.143s][info][gc,metaspace   ] GC(48) Metaspace: 94387K(97624K)->94387K(97624K) NonClass: 83232K(85248K)->83232K(85248K) Class: 11154K(12376K)->11154K(12376K)
[119.143s][info][gc             ] GC(48) Pause Full (System.gc()) 44M->43M(4092M) 65.189ms
[119.143s][info][gc,cpu         ] GC(48) User=0.25s Sys=0.00s Real=0.07s
[122.541s][info][gc,start       ] GC(49) Pause Young (Allocation Failure)
[122.542s][info][gc,heap        ] GC(49) PSYoungGen: 1389568K->448K(1393664K)
[122.542s][info][gc,heap        ] GC(49) ParOldGen: 44973K->44973K(2796544K)
[122.543s][info][gc,metaspace   ] GC(49) Metaspace: 94402K(97624K)->94402K(97624K) NonClass: 83248K(85248K)->83248K(85248K) Class: 11154K(12376K)->11154K(12376K)
[122.543s][info][gc             ] GC(49) Pause Young (Allocation Failure) 1400M->44M(4092M) 1.623ms
[122.543s][info][gc,cpu         ] GC(49) User=0.00s Sys=0.00s Real=0.00s
[126.169s][info][gc,start       ] GC(50) Pause Young (Allocation Failure)
[126.170s][info][gc,heap        ] GC(50) PSYoungGen: 1390016K->460K(1394176K)
[126.170s][info][gc,heap        ] GC(50) ParOldGen: 44973K->45173K(2796544K)
[126.170s][info][gc,metaspace   ] GC(50) Metaspace: 94404K(97624K)->94404K(97624K) NonClass: 83249K(85248K)->83249K(85248K) Class: 11154K(12376K)->11154K(12376K)
[126.170s][info][gc             ] GC(50) Pause Young (Allocation Failure) 1401M->44M(4092M) 1.656ms
[126.170s][info][gc,cpu         ] GC(50) User=0.00s Sys=0.00s Real=0.00s
[129.753s][info][gc,start       ] GC(51) Pause Young (GCLocker Initiated GC)
[129.754s][info][gc,heap        ] GC(51) PSYoungGen: 1391052K->352K(1394176K)
[129.754s][info][gc,heap        ] GC(51) ParOldGen: 45240K->45416K(2796544K)
[129.754s][info][gc,metaspace   ] GC(51) Metaspace: 94404K(97624K)->94404K(97624K) NonClass: 83249K(85248K)->83249K(85248K) Class: 11154K(12376K)->11154K(12376K)
[129.754s][info][gc             ] GC(51) Pause Young (GCLocker Initiated GC) 1402M->44M(4092M) 1.102ms
[129.754s][info][gc,cpu         ] GC(51) User=0.00s Sys=0.00s Real=0.00s
[132.887s][info][gc,start       ] GC(52) Pause Young (Allocation Failure)
[132.889s][info][gc,heap        ] GC(52) PSYoungGen: 1390944K->320K(1394688K)
[132.889s][info][gc,heap        ] GC(52) ParOldGen: 45420K->45476K(2796544K)
[132.889s][info][gc,metaspace   ] GC(52) Metaspace: 94406K(97624K)->94406K(97624K) NonClass: 83251K(85248K)->83251K(85248K) Class: 11155K(12376K)->11155K(12376K)
[132.889s][info][gc             ] GC(52) Pause Young (Allocation Failure) 1402M->44M(4093M) 2.019ms
[132.889s][info][gc,cpu         ] GC(52) User=0.00s Sys=0.00s Real=0.00s
[136.326s][info][gc,start       ] GC(53) Pause Young (Allocation Failure)
[136.327s][info][gc,heap        ] GC(53) PSYoungGen: 1391936K->416K(1394688K)
[136.327s][info][gc,heap        ] GC(53) ParOldGen: 45476K->45556K(2796544K)
[136.327s][info][gc,metaspace   ] GC(53) Metaspace: 94408K(97624K)->94408K(97624K) NonClass: 83253K(85248K)->83253K(85248K) Class: 11155K(12376K)->11155K(12376K)
[136.327s][info][gc             ] GC(53) Pause Young (Allocation Failure) 1403M->44M(4093M) 1.495ms
[136.327s][info][gc,cpu         ] GC(53) User=0.00s Sys=0.00s Real=0.00s
[139.950s][info][gc,start       ] GC(54) Pause Young (Allocation Failure)
[139.952s][info][gc,heap        ] GC(54) PSYoungGen: 1391959K->523K(1395200K)
[139.952s][info][gc,heap        ] GC(54) ParOldGen: 45556K->45676K(2796544K)
[139.952s][info][gc,metaspace   ] GC(54) Metaspace: 94414K(97624K)->94414K(97624K) NonClass: 83259K(85248K)->83259K(85248K) Class: 11155K(12376K)->11155K(12376K)
[139.952s][info][gc             ] GC(54) Pause Young (Allocation Failure) 1403M->45M(4093M) 1.609ms
[139.952s][info][gc,cpu         ] GC(54) User=0.00s Sys=0.00s Real=0.00s
[140.840s][info][gc,start       ] GC(55) Pause Young (System.gc())
[140.841s][info][gc,heap        ] GC(55) PSYoungGen: 339020K->192K(1394688K)
[140.841s][info][gc,heap        ] GC(55) ParOldGen: 45676K->45780K(2796544K)
[140.841s][info][gc,metaspace   ] GC(55) Metaspace: 94414K(97624K)->94414K(97624K) NonClass: 83259K(85248K)->83259K(85248K) Class: 11155K(12376K)->11155K(12376K)
[140.841s][info][gc             ] GC(55) Pause Young (System.gc()) 375M->44M(4093M) 1.194ms
[140.841s][info][gc,cpu         ] GC(55) User=0.00s Sys=0.00s Real=0.00s
[140.841s][info][gc,start       ] GC(56) Pause Full (System.gc())
[140.841s][info][gc,phases,start] GC(56) Marking Phase
[140.880s][info][gc,phases      ] GC(56) Marking Phase 38.664ms
[140.880s][info][gc,phases,start] GC(56) Summary Phase
[140.880s][info][gc,phases      ] GC(56) Summary Phase 0.010ms
[140.880s][info][gc,phases,start] GC(56) Adjust Roots
[140.893s][info][gc,phases      ] GC(56) Adjust Roots 13.262ms
[140.893s][info][gc,phases,start] GC(56) Compaction Phase
[140.908s][info][gc,phases      ] GC(56) Compaction Phase 14.598ms
[140.908s][info][gc,phases,start] GC(56) Post Compact
[140.908s][info][gc,phases      ] GC(56) Post Compact 0.751ms
[140.908s][info][gc,heap        ] GC(56) PSYoungGen: 192K->0K(1394688K)
[140.908s][info][gc,heap        ] GC(56) ParOldGen: 45780K->44980K(2796544K)
[140.909s][info][gc,metaspace   ] GC(56) Metaspace: 94414K(97624K)->94414K(97624K) NonClass: 83259K(85248K)->83259K(85248K) Class: 11155K(12376K)->11155K(12376K)
[140.909s][info][gc             ] GC(56) Pause Full (System.gc()) 44M->43M(4093M) 67.572ms
[140.909s][info][gc,cpu         ] GC(56) User=0.23s Sys=0.00s Real=0.07s
[144.308s][info][gc,start       ] GC(57) Pause Young (Allocation Failure)
[144.309s][info][gc,heap        ] GC(57) PSYoungGen: 1392128K->480K(1395200K)
[144.310s][info][gc,heap        ] GC(57) ParOldGen: 44980K->44980K(2796544K)
[144.310s][info][gc,metaspace   ] GC(57) Metaspace: 94475K(97624K)->94475K(97624K) NonClass: 83320K(85248K)->83320K(85248K) Class: 11155K(12376K)->11155K(12376K)
[144.310s][info][gc             ] GC(57) Pause Young (Allocation Failure) 1403M->44M(4093M) 1.430ms
[144.310s][info][gc,cpu         ] GC(57) User=0.00s Sys=0.00s Real=0.00s
[147.956s][info][gc,start       ] GC(58) Pause Young (Allocation Failure)
[147.957s][info][gc,heap        ] GC(58) PSYoungGen: 1393120K->416K(1395200K)
[147.957s][info][gc,heap        ] GC(58) ParOldGen: 44980K->45204K(2796544K)
[147.957s][info][gc,metaspace   ] GC(58) Metaspace: 94476K(97624K)->94476K(97624K) NonClass: 83321K(85248K)->83321K(85248K) Class: 11155K(12376K)->11155K(12376K)
[147.957s][info][gc             ] GC(58) Pause Young (Allocation Failure) 1404M->44M(4093M) 1.497ms
[147.957s][info][gc,cpu         ] GC(58) User=0.00s Sys=0.00s Real=0.00s
[151.552s][info][gc,start       ] GC(59) Pause Young (Allocation Failure)
[151.554s][info][gc,heap        ] GC(59) PSYoungGen: 1393056K->523K(1395712K)
[151.554s][info][gc,heap        ] GC(59) ParOldGen: 45204K->45356K(2796544K)
[151.554s][info][gc,metaspace   ] GC(59) Metaspace: 94477K(97624K)->94477K(97624K) NonClass: 83321K(85248K)->83321K(85248K) Class: 11155K(12376K)->11155K(12376K)
[151.554s][info][gc             ] GC(59) Pause Young (Allocation Failure) 1404M->44M(4094M) 2.022ms
[151.554s][info][gc,cpu         ] GC(59) User=0.00s Sys=0.00s Real=0.00s
[154.681s][info][gc,start       ] GC(60) Pause Young (Allocation Failure)
[154.682s][info][gc,heap        ] GC(60) PSYoungGen: 1394187K->384K(1395712K)
[154.682s][info][gc,heap        ] GC(60) ParOldGen: 45356K->45428K(2796544K)
[154.682s][info][gc,metaspace   ] GC(60) Metaspace: 94483K(97624K)->94483K(97624K) NonClass: 83328K(85248K)->83328K(85248K) Class: 11155K(12376K)->11155K(12376K)
[154.682s][info][gc             ] GC(60) Pause Young (Allocation Failure) 1405M->44M(4094M) 1.533ms
[154.682s][info][gc,cpu         ] GC(60) User=0.00s Sys=0.00s Real=0.00s
[158.113s][info][gc,start       ] GC(61) Pause Young (Allocation Failure)
[158.115s][info][gc,heap        ] GC(61) PSYoungGen: 1394048K->352K(1395712K)
[158.115s][info][gc,heap        ] GC(61) ParOldGen: 45428K->45564K(2796544K)
[158.115s][info][gc,metaspace   ] GC(61) Metaspace: 94484K(97624K)->94484K(97624K) NonClass: 83329K(85248K)->83329K(85248K) Class: 11155K(12376K)->11155K(12376K)
[158.115s][info][gc             ] GC(61) Pause Young (Allocation Failure) 1405M->44M(4094M) 1.591ms
[158.115s][info][gc,cpu         ] GC(61) User=0.00s Sys=0.00s Real=0.00s
[161.727s][info][gc,start       ] GC(62) Pause Young (Allocation Failure)
[161.728s][info][gc,heap        ] GC(62) PSYoungGen: 1394016K->320K(1395712K)
[161.728s][info][gc,heap        ] GC(62) ParOldGen: 45564K->45628K(2796544K)
[161.728s][info][gc,metaspace   ] GC(62) Metaspace: 94484K(97624K)->94484K(97624K) NonClass: 83329K(85248K)->83329K(85248K) Class: 11155K(12376K)->11155K(12376K)
[161.728s][info][gc             ] GC(62) Pause Young (Allocation Failure) 1405M->44M(4094M) 1.451ms
[161.728s][info][gc,cpu         ] GC(62) User=0.00s Sys=0.00s Real=0.00s
[162.615s][info][gc,start       ] GC(63) Pause Young (System.gc())
[162.617s][info][gc,heap        ] GC(63) PSYoungGen: 321059K->192K(1396224K)
[162.617s][info][gc,heap        ] GC(63) ParOldGen: 45628K->45724K(2796544K)
[162.617s][info][gc,metaspace   ] GC(63) Metaspace: 94486K(97624K)->94486K(97624K) NonClass: 83331K(85248K)->83331K(85248K) Class: 11155K(12376K)->11155K(12376K)
[162.617s][info][gc             ] GC(63) Pause Young (System.gc()) 358M->44M(4094M) 1.549ms
[162.617s][info][gc,cpu         ] GC(63) User=0.00s Sys=0.00s Real=0.00s
[162.617s][info][gc,start       ] GC(64) Pause Full (System.gc())
[162.617s][info][gc,phases,start] GC(64) Marking Phase
[162.661s][info][gc,phases      ] GC(64) Marking Phase 43.740ms
[162.661s][info][gc,phases,start] GC(64) Summary Phase
[162.661s][info][gc,phases      ] GC(64) Summary Phase 0.010ms
[162.661s][info][gc,phases,start] GC(64) Adjust Roots
[162.675s][info][gc,phases      ] GC(64) Adjust Roots 13.933ms
[162.675s][info][gc,phases,start] GC(64) Compaction Phase
[162.695s][info][gc,phases      ] GC(64) Compaction Phase 20.605ms
[162.695s][info][gc,phases,start] GC(64) Post Compact
[162.696s][info][gc,phases      ] GC(64) Post Compact 0.905ms
[162.696s][info][gc,heap        ] GC(64) PSYoungGen: 192K->0K(1396224K)
[162.696s][info][gc,heap        ] GC(64) ParOldGen: 45724K->44987K(2796544K)
[162.696s][info][gc,metaspace   ] GC(64) Metaspace: 94486K(97624K)->94486K(97624K) NonClass: 83331K(85248K)->83331K(85248K) Class: 11155K(12376K)->11155K(12376K)
[162.696s][info][gc             ] GC(64) Pause Full (System.gc()) 44M->43M(4094M) 79.531ms
[162.696s][info][gc,cpu         ] GC(64) User=0.28s Sys=0.00s Real=0.08s
[166.121s][info][gc,start       ] GC(65) Pause Young (Allocation Failure)
[166.123s][info][gc,heap        ] GC(65) PSYoungGen: 1394176K->576K(1395712K)
[166.123s][info][gc,heap        ] GC(65) ParOldGen: 44987K->44987K(2796544K)
[166.123s][info][gc,metaspace   ] GC(65) Metaspace: 94494K(97624K)->94494K(97624K) NonClass: 83339K(85248K)->83339K(85248K) Class: 11155K(12376K)->11155K(12376K)
[166.123s][info][gc             ] GC(65) Pause Young (Allocation Failure) 1405M->44M(4094M) 1.598ms
[166.123s][info][gc,cpu         ] GC(65) User=0.00s Sys=0.00s Real=0.00s
[169.783s][info][gc,start       ] GC(66) Pause Young (GCLocker Initiated GC)
[169.785s][info][gc,heap        ] GC(66) PSYoungGen: 1394752K->396K(1396224K)
[169.785s][info][gc,heap        ] GC(66) ParOldGen: 45021K->45301K(2796544K)
[169.785s][info][gc,metaspace   ] GC(66) Metaspace: 94497K(97624K)->94497K(97624K) NonClass: 83341K(85248K)->83341K(85248K) Class: 11155K(12376K)->11155K(12376K)
[169.785s][info][gc             ] GC(66) Pause Young (GCLocker Initiated GC) 1406M->44M(4094M) 1.681ms
[169.785s][info][gc,cpu         ] GC(66) User=0.00s Sys=0.00s Real=0.00s
[173.368s][info][gc,start       ] GC(67) Pause Young (Allocation Failure)
[173.370s][info][gc,heap        ] GC(67) PSYoungGen: 1395084K->384K(1396224K)
[173.370s][info][gc,heap        ] GC(67) ParOldGen: 45304K->45408K(2796544K)
[173.370s][info][gc,metaspace   ] GC(67) Metaspace: 94499K(97624K)->94499K(97624K) NonClass: 83344K(85248K)->83344K(85248K) Class: 11155K(12376K)->11155K(12376K)
[173.370s][info][gc             ] GC(67) Pause Young (Allocation Failure) 1406M->44M(4094M) 1.426ms
[173.370s][info][gc,cpu         ] GC(67) User=0.00s Sys=0.00s Real=0.00s
[176.513s][info][gc,start       ] GC(68) Pause Young (Allocation Failure)
[176.514s][info][gc,heap        ] GC(68) PSYoungGen: 1395072K->480K(1396224K)
[176.514s][info][gc,heap        ] GC(68) ParOldGen: 45408K->45472K(2796544K)
[176.514s][info][gc,metaspace   ] GC(68) Metaspace: 94502K(97624K)->94502K(97624K) NonClass: 83346K(85248K)->83346K(85248K) Class: 11155K(12376K)->11155K(12376K)
[176.514s][info][gc             ] GC(68) Pause Young (Allocation Failure) 1406M->44M(4094M) 1.228ms
[176.514s][info][gc,cpu         ] GC(68) User=0.00s Sys=0.00s Real=0.00s
[179.921s][info][gc,start       ] GC(69) Pause Young (Allocation Failure)
[179.922s][info][gc,heap        ] GC(69) PSYoungGen: 1395168K->320K(1396224K)
[179.922s][info][gc,heap        ] GC(69) ParOldGen: 45472K->45608K(2796544K)
[179.922s][info][gc,metaspace   ] GC(69) Metaspace: 94504K(97624K)->94504K(97624K) NonClass: 83349K(85248K)->83349K(85248K) Class: 11155K(12376K)->11155K(12376K)
[179.922s][info][gc             ] GC(69) Pause Young (Allocation Failure) 1406M->44M(4094M) 1.111ms
[179.922s][info][gc,cpu         ] GC(69) User=0.00s Sys=0.00s Real=0.00s
[183.571s][info][gc,start       ] GC(70) Pause Young (Allocation Failure)
[183.572s][info][gc,heap        ] GC(70) PSYoungGen: 1395008K->256K(1396224K)
[183.572s][info][gc,heap        ] GC(70) ParOldGen: 45608K->45672K(2796544K)
[183.572s][info][gc,metaspace   ] GC(70) Metaspace: 94505K(97624K)->94505K(97624K) NonClass: 83350K(85248K)->83350K(85248K) Class: 11155K(12376K)->11155K(12376K)
[183.572s][info][gc             ] GC(70) Pause Young (Allocation Failure) 1406M->44M(4094M) 1.393ms
[183.572s][info][gc,cpu         ] GC(70) User=0.00s Sys=0.00s Real=0.00s
[184.410s][info][gc,start       ] GC(71) Pause Young (System.gc())
[184.411s][info][gc,heap        ] GC(71) PSYoungGen: 297622K->288K(1396224K)
[184.411s][info][gc,heap        ] GC(71) ParOldGen: 45672K->45768K(2796544K)
[184.411s][info][gc,metaspace   ] GC(71) Metaspace: 94507K(97624K)->94507K(97624K) NonClass: 83352K(85248K)->83352K(85248K) Class: 11155K(12376K)->11155K(12376K)
[184.411s][info][gc             ] GC(71) Pause Young (System.gc()) 335M->44M(4094M) 1.171ms
[184.411s][info][gc,cpu         ] GC(71) User=0.00s Sys=0.00s Real=0.00s
[184.411s][info][gc,start       ] GC(72) Pause Full (System.gc())
[184.411s][info][gc,phases,start] GC(72) Marking Phase
[184.451s][info][gc,phases      ] GC(72) Marking Phase 39.498ms
[184.451s][info][gc,phases,start] GC(72) Summary Phase
[184.451s][info][gc,phases      ] GC(72) Summary Phase 0.009ms
[184.451s][info][gc,phases,start] GC(72) Adjust Roots
[184.464s][info][gc,phases      ] GC(72) Adjust Roots 13.458ms
[184.464s][info][gc,phases,start] GC(72) Compaction Phase
[184.474s][info][gc,phases      ] GC(72) Compaction Phase 9.384ms
[184.474s][info][gc,phases,start] GC(72) Post Compact
[184.474s][info][gc,phases      ] GC(72) Post Compact 0.711ms
[184.474s][info][gc,heap        ] GC(72) PSYoungGen: 288K->0K(1396224K)
[184.474s][info][gc,heap        ] GC(72) ParOldGen: 45768K->44991K(2796544K)
[184.474s][info][gc,metaspace   ] GC(72) Metaspace: 94507K(97624K)->94507K(97624K) NonClass: 83352K(85248K)->83352K(85248K) Class: 11155K(12376K)->11155K(12376K)
[184.474s][info][gc             ] GC(72) Pause Full (System.gc()) 44M->43M(4094M) 63.335ms
[184.474s][info][gc,cpu         ] GC(72) User=0.22s Sys=0.00s Real=0.07s
[187.888s][info][gc,start       ] GC(73) Pause Young (GCLocker Initiated GC)
[187.889s][info][gc,heap        ] GC(73) PSYoungGen: 1394688K->845K(1396224K)
[187.889s][info][gc,heap        ] GC(73) ParOldGen: 45002K->45002K(2796544K)
[187.889s][info][gc,metaspace   ] GC(73) Metaspace: 94511K(97624K)->94511K(97624K) NonClass: 83356K(85248K)->83356K(85248K) Class: 11155K(12376K)->11155K(12376K)
[187.889s][info][gc             ] GC(73) Pause Young (GCLocker Initiated GC) 1405M->44M(4094M) 1.185ms
[187.889s][info][gc,cpu         ] GC(73) User=0.00s Sys=0.00s Real=0.00s
[191.551s][info][gc,start       ] GC(74) Pause Young (Allocation Failure)
[191.553s][info][gc,heap        ] GC(74) PSYoungGen: 1395533K->352K(1396224K)
[191.553s][info][gc,heap        ] GC(74) ParOldGen: 45004K->45220K(2796544K)
[191.553s][info][gc,metaspace   ] GC(74) Metaspace: 94513K(97624K)->94513K(97624K) NonClass: 83357K(85248K)->83357K(85248K) Class: 11155K(12376K)->11155K(12376K)
[191.553s][info][gc             ] GC(74) Pause Young (Allocation Failure) 1406M->44M(4094M) 1.945ms
[191.553s][info][gc,cpu         ] GC(74) User=0.00s Sys=0.00s Real=0.00s
[195.149s][info][gc,start       ] GC(75) Pause Young (Allocation Failure)
[195.150s][info][gc,heap        ] GC(75) PSYoungGen: 1395040K->416K(1396224K)
[195.150s][info][gc,heap        ] GC(75) ParOldGen: 45220K->45332K(2796544K)
[195.150s][info][gc,metaspace   ] GC(75) Metaspace: 94516K(97624K)->94516K(97624K) NonClass: 83360K(85248K)->83360K(85248K) Class: 11155K(12376K)->11155K(12376K)
[195.150s][info][gc             ] GC(75) Pause Young (Allocation Failure) 1406M->44M(4094M) 1.686ms
[195.151s][info][gc,cpu         ] GC(75) User=0.00s Sys=0.00s Real=0.00s
[198.279s][info][gc,start       ] GC(76) Pause Young (Allocation Failure)
[198.281s][info][gc,heap        ] GC(76) PSYoungGen: 1395104K->555K(1396224K)
[198.281s][info][gc,heap        ] GC(76) ParOldGen: 45332K->45460K(2796544K)
[198.281s][info][gc,metaspace   ] GC(76) Metaspace: 94516K(97624K)->94516K(97624K) NonClass: 83360K(85248K)->83360K(85248K) Class: 11155K(12376K)->11155K(12376K)
[198.281s][info][gc             ] GC(76) Pause Young (Allocation Failure) 1406M->44M(4094M) 1.293ms
[198.281s][info][gc,cpu         ] GC(76) User=0.00s Sys=0.00s Real=0.00s
[201.697s][info][gc,start       ] GC(77) Pause Young (Allocation Failure)
[201.699s][info][gc,heap        ] GC(77) PSYoungGen: 1395243K->428K(1396736K)
[201.699s][info][gc,heap        ] GC(77) ParOldGen: 45460K->45532K(2796544K)
[201.699s][info][gc,metaspace   ] GC(77) Metaspace: 94516K(97624K)->94516K(97624K) NonClass: 83360K(85248K)->83360K(85248K) Class: 11155K(12376K)->11155K(12376K)
[201.699s][info][gc             ] GC(77) Pause Young (Allocation Failure) 1406M->44M(4095M) 1.711ms
[201.699s][info][gc,cpu         ] GC(77) User=0.00s Sys=0.00s Real=0.00s
[205.342s][info][gc,start       ] GC(78) Pause Young (GCLocker Initiated GC)
[205.343s][info][gc,heap        ] GC(78) PSYoungGen: 1396140K->717K(1396736K)
[205.343s][info][gc,heap        ] GC(78) ParOldGen: 45735K->45823K(2796544K)
[205.343s][info][gc,metaspace   ] GC(78) Metaspace: 94519K(97624K)->94519K(97624K) NonClass: 83364K(85248K)->83364K(85248K) Class: 11155K(12376K)->11155K(12376K)
[205.343s][info][gc             ] GC(78) Pause Young (GCLocker Initiated GC) 1408M->45M(4095M) 1.695ms
[205.343s][info][gc,cpu         ] GC(78) User=0.00s Sys=0.00s Real=0.00s
[206.154s][info][gc,start       ] GC(79) Pause Young (System.gc())
[206.155s][info][gc,heap        ] GC(79) PSYoungGen: 302049K->192K(1396736K)
[206.155s][info][gc,heap        ] GC(79) ParOldGen: 45823K->45991K(2796544K)
[206.155s][info][gc,metaspace   ] GC(79) Metaspace: 94524K(97624K)->94524K(97624K) NonClass: 83369K(85248K)->83369K(85248K) Class: 11155K(12376K)->11155K(12376K)
[206.155s][info][gc             ] GC(79) Pause Young (System.gc()) 339M->45M(4095M) 1.624ms
[206.155s][info][gc,cpu         ] GC(79) User=0.00s Sys=0.00s Real=0.02s
[206.155s][info][gc,start       ] GC(80) Pause Full (System.gc())
[206.155s][info][gc,phases,start] GC(80) Marking Phase
[206.194s][info][gc,phases      ] GC(80) Marking Phase 38.575ms
[206.194s][info][gc,phases,start] GC(80) Summary Phase
[206.194s][info][gc,phases      ] GC(80) Summary Phase 0.010ms
[206.194s][info][gc,phases,start] GC(80) Adjust Roots
[206.207s][info][gc,phases      ] GC(80) Adjust Roots 13.364ms
[206.207s][info][gc,phases,start] GC(80) Compaction Phase
[206.217s][info][gc,phases      ] GC(80) Compaction Phase 9.471ms
[206.217s][info][gc,phases,start] GC(80) Post Compact
[206.218s][info][gc,phases      ] GC(80) Post Compact 0.713ms
[206.218s][info][gc,heap        ] GC(80) PSYoungGen: 192K->0K(1396736K)
[206.218s][info][gc,heap        ] GC(80) ParOldGen: 45991K->44994K(2796544K)
[206.218s][info][gc,metaspace   ] GC(80) Metaspace: 94524K(97624K)->94524K(97624K) NonClass: 83369K(85248K)->83369K(85248K) Class: 11155K(12376K)->11155K(12376K)
[206.218s][info][gc             ] GC(80) Pause Full (System.gc()) 45M->43M(4095M) 62.427ms
[206.218s][info][gc,cpu         ] GC(80) User=0.14s Sys=0.00s Real=0.06s
[209.647s][info][gc,start       ] GC(81) Pause Young (Allocation Failure)
[209.649s][info][gc,heap        ] GC(81) PSYoungGen: 1395712K->384K(1396736K)
[209.649s][info][gc,heap        ] GC(81) ParOldGen: 44996K->44996K(2796544K)
[209.649s][info][gc,metaspace   ] GC(81) Metaspace: 94526K(97624K)->94526K(97624K) NonClass: 83370K(85248K)->83370K(85248K) Class: 11155K(12376K)->11155K(12376K)
[209.649s][info][gc             ] GC(81) Pause Young (Allocation Failure) 1406M->44M(4095M) 1.914ms
[209.649s][info][gc,cpu         ] GC(81) User=0.00s Sys=0.00s Real=0.00s
[213.317s][info][gc,start       ] GC(82) Pause Young (GCLocker Initiated GC)
[213.319s][info][gc,heap        ] GC(82) PSYoungGen: 1396096K->352K(1396736K)
[213.319s][info][gc,heap        ] GC(82) ParOldGen: 45062K->45254K(2796544K)
[213.319s][info][gc,metaspace   ] GC(82) Metaspace: 94526K(97624K)->94526K(97624K) NonClass: 83370K(85248K)->83370K(85248K) Class: 11155K(12376K)->11155K(12376K)
[213.319s][info][gc             ] GC(82) Pause Young (GCLocker Initiated GC) 1407M->44M(4095M) 1.571ms
[213.319s][info][gc,cpu         ] GC(82) User=0.00s Sys=0.00s Real=0.00s
[216.914s][info][gc,start       ] GC(83) Pause Young (GCLocker Initiated GC)
[216.915s][info][gc,heap        ] GC(83) PSYoungGen: 1396064K->854K(1396736K)
[216.916s][info][gc,heap        ] GC(83) ParOldGen: 45280K->45376K(2796544K)
[216.916s][info][gc,metaspace   ] GC(83) Metaspace: 94526K(97624K)->94526K(97624K) NonClass: 83370K(85248K)->83370K(85248K) Class: 11155K(12376K)->11155K(12376K)
[216.916s][info][gc             ] GC(83) Pause Young (GCLocker Initiated GC) 1407M->45M(4095M) 1.706ms
[216.916s][info][gc,cpu         ] GC(83) User=0.00s Sys=0.00s Real=0.00s
[220.044s][info][gc,start       ] GC(84) Pause Young (Allocation Failure)
[220.046s][info][gc,heap        ] GC(84) PSYoungGen: 1396566K->352K(1396736K)
[220.046s][info][gc,heap        ] GC(84) ParOldGen: 45380K->45492K(2796544K)
[220.046s][info][gc,metaspace   ] GC(84) Metaspace: 94528K(97624K)->94528K(97624K) NonClass: 83372K(85248K)->83372K(85248K) Class: 11155K(12376K)->11155K(12376K)
[220.046s][info][gc             ] GC(84) Pause Young (Allocation Failure) 1408M->44M(4095M) 1.627ms
[220.046s][info][gc,cpu         ] GC(84) User=0.00s Sys=0.00s Real=0.00s
[223.448s][info][gc,start       ] GC(85) Pause Young (Allocation Failure)
[223.450s][info][gc,heap        ] GC(85) PSYoungGen: 1396064K->320K(1396736K)
[223.450s][info][gc,heap        ] GC(85) ParOldGen: 45492K->45604K(2796544K)
[223.450s][info][gc,metaspace   ] GC(85) Metaspace: 94528K(97624K)->94528K(97624K) NonClass: 83372K(85248K)->83372K(85248K) Class: 11155K(12376K)->11155K(12376K)
[223.450s][info][gc             ] GC(85) Pause Young (Allocation Failure) 1407M->44M(4095M) 1.662ms
[223.450s][info][gc,cpu         ] GC(85) User=0.00s Sys=0.00s Real=0.00s
[227.096s][info][gc,start       ] GC(86) Pause Young (GCLocker Initiated GC)
[227.097s][info][gc,heap        ] GC(86) PSYoungGen: 1396032K->450K(1396736K)
[227.097s][info][gc,heap        ] GC(86) ParOldGen: 45677K->45749K(2796544K)
[227.097s][info][gc,metaspace   ] GC(86) Metaspace: 94528K(97624K)->94528K(97624K) NonClass: 83372K(85248K)->83372K(85248K) Class: 11155K(12376K)->11155K(12376K)
[227.097s][info][gc             ] GC(86) Pause Young (GCLocker Initiated GC) 1407M->45M(4095M) 1.160ms
[227.097s][info][gc,cpu         ] GC(86) User=0.00s Sys=0.00s Real=0.00s
[228.097s][info][gc,heap,exit   ] Heap
[228.098s][info][gc,heap,exit   ]  PSYoungGen      total 1396736K, used 314228K [0x00000007aab00000, 0x0000000800000000, 0x0000000800000000)
[228.098s][info][gc,heap,exit   ]   eden space 1395712K, 22% used [0x00000007aab00000,0x00000007bdd6c778,0x00000007ffe00000)
[228.098s][info][gc,heap,exit   ]   from space 1024K, 43% used [0x00000007fff00000,0x00000007fff708a0,0x0000000800000000)
[228.098s][info][gc,heap,exit   ]   to   space 1024K, 0% used [0x00000007ffe00000,0x00000007ffe00000,0x00000007fff00000)
[228.098s][info][gc,heap,exit   ]  ParOldGen       total 2796544K, used 45749K [0x0000000700000000, 0x00000007aab00000, 0x00000007aab00000)
[228.098s][info][gc,heap,exit   ]   object space 2796544K, 1% used [0x0000000700000000,0x0000000702cad5a0,0x00000007aab00000)
[228.098s][info][gc,heap,exit   ]  Metaspace       used 94715K, capacity 97460K, committed 97880K, reserved 1134592K
[228.098s][info][gc,heap,exit   ]   class space    used 11183K, capacity 12282K, committed 12376K, reserved 1048576K
