[0.007s][info][gc,init] Initializing The Z Garbage Collector
[0.007s][info][gc,init] Version: 17.0.12+7-adhoc..jdk17u (release)
[0.007s][info][gc,init] NUMA Support: Disabled
[0.007s][info][gc,init] CPUs: 6 total, 6 available
[0.007s][info][gc,init] Memory: 15591M
[0.007s][info][gc,init] Large Page Support: Disabled
[0.007s][info][gc,init] GC Workers: 2 (dynamic)
[0.008s][info][gc,init] Address Space Type: Contiguous/Unrestricted/Complete
[0.008s][info][gc,init] Address Space Size: 65536M x 3 = 196608M
[0.008s][info][gc,init] Min Capacity: 4096M
[0.008s][info][gc,init] Initial Capacity: 4096M
[0.008s][info][gc,init] Max Capacity: 4096M
[0.008s][info][gc,init] Medium Page Size: 32M
[0.008s][info][gc,init] Pre-touch: Disabled
[0.008s][info][gc,init] Uncommit: Implicitly Disabled (-Xms equals -Xmx)
[0.150s][info][gc,init] Runtime Workers: 4
[0.150s][info][gc     ] Using The Z Garbage Collector
[0.158s][info][gc,metaspace] CDS archive(s) mapped at: [0x0000021480000000-0x0000021480bc0000-0x0000021480bc0000), size 12320768, SharedBaseAddress: 0x0000021480000000, ArchiveRelocationMode: 1.
[0.158s][info][gc,metaspace] Compressed class space mapped at: 0x0000021481000000-0x00000214c1000000, reserved size: 1073741824
[0.158s][info][gc,metaspace] Narrow klass base: 0x0000021480000000, Narrow klass shift: 0, Narrow klass range: 0x100000000
[1.056s][info][gc,start    ] GC(0) Garbage Collection (System.gc())
[1.056s][info][gc,task     ] GC(0) Using 2 workers
[1.056s][info][gc,phases   ] GC(0) Pause Mark Start 0.004ms
[1.075s][info][gc,phases   ] GC(0) Concurrent Mark 18.440ms
[1.075s][info][gc,phases   ] GC(0) Pause Mark End 0.031ms
[1.075s][info][gc,phases   ] GC(0) Concurrent Mark Free 0.001ms
[1.077s][info][gc,phases   ] GC(0) Concurrent Process Non-Strong References 1.783ms
[1.077s][info][gc,phases   ] GC(0) Concurrent Reset Relocation Set 0.003ms
[1.083s][info][gc,phases   ] GC(0) Concurrent Select Relocation Set 5.896ms
[1.083s][info][gc,phases   ] GC(0) Pause Relocate Start 0.007ms
[1.085s][info][gc,phases   ] GC(0) Concurrent Relocate 2.207ms
[1.085s][info][gc,load     ] GC(0) Load: 0.00/0.00/0.00
[1.085s][info][gc,mmu      ] GC(0) MMU: 2ms/98.5%, 5ms/99.4%, 10ms/99.6%, 20ms/99.8%, 50ms/99.9%, 100ms/100.0%
[1.085s][info][gc,marking  ] GC(0) Mark: 2 stripe(s), 2 proactive flush(es), 1 terminate flush(es), 0 completion(s), 0 continuation(s) 
[1.085s][info][gc,marking  ] GC(0) Mark Stack Usage: 32M
[1.085s][info][gc,nmethod  ] GC(0) NMethods: 1108 registered, 0 unregistered
[1.085s][info][gc,metaspace] GC(0) Metaspace: 11M used, 11M committed, 1088M reserved
[1.085s][info][gc,ref      ] GC(0) Soft: 247 encountered, 0 discovered, 0 enqueued
[1.085s][info][gc,ref      ] GC(0) Weak: 765 encountered, 184 discovered, 177 enqueued
[1.085s][info][gc,ref      ] GC(0) Final: 0 encountered, 0 discovered, 0 enqueued
[1.085s][info][gc,ref      ] GC(0) Phantom: 236 encountered, 222 discovered, 200 enqueued
[1.085s][info][gc,reloc    ] GC(0) Small Pages: 19 / 38M, Empty: 0M, Relocated: 3M, In-Place: 0
[1.085s][info][gc,reloc    ] GC(0) Medium Pages: 0 / 0M, Empty: 0M, Relocated: 0M, In-Place: 0
[1.085s][info][gc,reloc    ] GC(0) Large Pages: 0 / 0M, Empty: 0M, Relocated: 0M, In-Place: 0
[1.085s][info][gc,reloc    ] GC(0) Forwarding Usage: 1M
[1.085s][info][gc,heap     ] GC(0) Min Capacity: 4096M(100%)
[1.086s][info][gc,heap     ] GC(0) Max Capacity: 4096M(100%)
[1.086s][info][gc,heap     ] GC(0) Soft Max Capacity: 4096M(100%)
[1.086s][info][gc,heap     ] GC(0)                Mark Start          Mark End        Relocate Start      Relocate End           High               Low         
[1.086s][info][gc,heap     ] GC(0)  Capacity:     4096M (100%)       4096M (100%)       4096M (100%)       4096M (100%)       4096M (100%)       4096M (100%)   
[1.086s][info][gc,heap     ] GC(0)      Free:     4058M (99%)        4058M (99%)        4058M (99%)        4088M (100%)       4088M (100%)       4054M (99%)    
[1.086s][info][gc,heap     ] GC(0)      Used:       38M (1%)           38M (1%)           38M (1%)            8M (0%)           42M (1%)            8M (0%)     
[1.086s][info][gc,heap     ] GC(0)      Live:         -                 5M (0%)            5M (0%)            5M (0%)             -                  -          
[1.086s][info][gc,heap     ] GC(0) Allocated:         -                 0M (0%)            0M (0%)            0M (0%)             -                  -          
[1.086s][info][gc,heap     ] GC(0)   Garbage:         -                32M (1%)           32M (1%)            2M (0%)             -                  -          
[1.086s][info][gc,heap     ] GC(0) Reclaimed:         -                  -                 0M (0%)           30M (1%)             -                  -          
[1.086s][info][gc          ] GC(0) Garbage Collection (System.gc()) 38M(1%)->8M(0%)
[2.786s][info][gc,start    ] GC(1) Garbage Collection (Warmup)
[2.786s][info][gc,task     ] GC(1) Using 2 workers
[2.786s][info][gc,phases   ] GC(1) Pause Mark Start 0.011ms
[2.864s][info][gc,phases   ] GC(1) Concurrent Mark 78.203ms
[2.864s][info][gc,phases   ] GC(1) Pause Mark End 0.016ms
[2.865s][info][gc,phases   ] GC(1) Concurrent Mark Free 0.002ms
[2.867s][info][gc,phases   ] GC(1) Concurrent Process Non-Strong References 2.298ms
[2.867s][info][gc,phases   ] GC(1) Concurrent Reset Relocation Set 0.004ms
[2.872s][info][gc,phases   ] GC(1) Concurrent Select Relocation Set 5.097ms
[2.872s][info][gc,phases   ] GC(1) Pause Relocate Start 0.020ms
[2.899s][info][gc,phases   ] GC(1) Concurrent Relocate 26.680ms
[2.899s][info][gc,load     ] GC(1) Load: 0.00/0.00/0.00
[2.899s][info][gc,mmu      ] GC(1) MMU: 2ms/98.5%, 5ms/99.4%, 10ms/99.6%, 20ms/99.8%, 50ms/99.9%, 100ms/100.0%
[2.899s][info][gc,marking  ] GC(1) Mark: 2 stripe(s), 4 proactive flush(es), 1 terminate flush(es), 0 completion(s), 0 continuation(s) 
[2.899s][info][gc,marking  ] GC(1) Mark Stack Usage: 32M
[2.899s][info][gc,nmethod  ] GC(1) NMethods: 2163 registered, 0 unregistered
[2.899s][info][gc,metaspace] GC(1) Metaspace: 14M used, 14M committed, 1088M reserved
[2.899s][info][gc,ref      ] GC(1) Soft: 371 encountered, 0 discovered, 0 enqueued
[2.899s][info][gc,ref      ] GC(1) Weak: 982 encountered, 502 discovered, 104 enqueued
[2.899s][info][gc,ref      ] GC(1) Final: 0 encountered, 0 discovered, 0 enqueued
[2.899s][info][gc,ref      ] GC(1) Phantom: 104 encountered, 85 discovered, 68 enqueued
[2.899s][info][gc,reloc    ] GC(1) Small Pages: 249 / 498M, Empty: 366M, Relocated: 27M, In-Place: 0
[2.899s][info][gc,reloc    ] GC(1) Medium Pages: 1 / 32M, Empty: 0M, Relocated: 0M, In-Place: 0
[2.899s][info][gc,reloc    ] GC(1) Large Pages: 0 / 0M, Empty: 0M, Relocated: 0M, In-Place: 0
[2.899s][info][gc,reloc    ] GC(1) Forwarding Usage: 17M
[2.899s][info][gc,heap     ] GC(1) Min Capacity: 4096M(100%)
[2.899s][info][gc,heap     ] GC(1) Max Capacity: 4096M(100%)
[2.899s][info][gc,heap     ] GC(1) Soft Max Capacity: 4096M(100%)
[2.899s][info][gc,heap     ] GC(1)                Mark Start          Mark End        Relocate Start      Relocate End           High               Low         
[2.899s][info][gc,heap     ] GC(1)  Capacity:     4096M (100%)       4096M (100%)       4096M (100%)       4096M (100%)       4096M (100%)       4096M (100%)   
[2.899s][info][gc,heap     ] GC(1)      Free:     3566M (87%)        3420M (83%)        3772M (92%)        3774M (92%)        3798M (93%)        3416M (83%)    
[2.899s][info][gc,heap     ] GC(1)      Used:      530M (13%)         676M (17%)         324M (8%)          322M (8%)          680M (17%)         298M (7%)     
[2.899s][info][gc,heap     ] GC(1)      Live:         -                39M (1%)           39M (1%)           39M (1%)             -                  -          
[2.899s][info][gc,heap     ] GC(1) Allocated:         -               146M (4%)          160M (4%)          245M (6%)             -                  -          
[2.900s][info][gc,heap     ] GC(1)   Garbage:         -               490M (12%)         124M (3%)           36M (1%)             -                  -          
[2.900s][info][gc,heap     ] GC(1) Reclaimed:         -                  -               366M (9%)          453M (11%)            -                  -          
[2.900s][info][gc          ] GC(1) Garbage Collection (Warmup) 530M(13%)->322M(8%)
[3.084s][info][gc,start    ] GC(2) Garbage Collection (Warmup)
[3.084s][info][gc,task     ] GC(2) Using 2 workers
[3.084s][info][gc,phases   ] GC(2) Pause Mark Start 0.006ms
[3.146s][info][gc,phases   ] GC(2) Concurrent Mark 62.680ms
[3.147s][info][gc,phases   ] GC(2) Pause Mark End 0.014ms
[3.147s][info][gc,phases   ] GC(2) Concurrent Mark Free 0.001ms
[3.149s][info][gc,phases   ] GC(2) Concurrent Process Non-Strong References 2.268ms
[3.149s][info][gc,phases   ] GC(2) Concurrent Reset Relocation Set 0.006ms
[3.151s][info][gc,phases   ] GC(2) Concurrent Select Relocation Set 2.444ms
[3.152s][info][gc,phases   ] GC(2) Pause Relocate Start 0.014ms
[3.153s][info][gc,phases   ] GC(2) Concurrent Relocate 1.033ms
[3.153s][info][gc,load     ] GC(2) Load: 0.00/0.00/0.00
[3.153s][info][gc,mmu      ] GC(2) MMU: 2ms/98.5%, 5ms/99.4%, 10ms/99.6%, 20ms/99.8%, 50ms/99.9%, 100ms/100.0%
[3.153s][info][gc,marking  ] GC(2) Mark: 2 stripe(s), 2 proactive flush(es), 1 terminate flush(es), 0 completion(s), 0 continuation(s) 
[3.153s][info][gc,marking  ] GC(2) Mark Stack Usage: 32M
[3.153s][info][gc,nmethod  ] GC(2) NMethods: 2250 registered, 0 unregistered
[3.153s][info][gc,metaspace] GC(2) Metaspace: 14M used, 14M committed, 1088M reserved
[3.153s][info][gc,ref      ] GC(2) Soft: 371 encountered, 0 discovered, 0 enqueued
[3.153s][info][gc,ref      ] GC(2) Weak: 878 encountered, 401 discovered, 0 enqueued
[3.153s][info][gc,ref      ] GC(2) Final: 0 encountered, 0 discovered, 0 enqueued
[3.153s][info][gc,ref      ] GC(2) Phantom: 36 encountered, 14 discovered, 0 enqueued
[3.153s][info][gc,reloc    ] GC(2) Small Pages: 452 / 904M, Empty: 856M, Relocated: 1M, In-Place: 0
[3.153s][info][gc,reloc    ] GC(2) Medium Pages: 1 / 32M, Empty: 0M, Relocated: 0M, In-Place: 0
[3.153s][info][gc,reloc    ] GC(2) Large Pages: 0 / 0M, Empty: 0M, Relocated: 0M, In-Place: 0
[3.153s][info][gc,reloc    ] GC(2) Forwarding Usage: 0M
[3.153s][info][gc,heap     ] GC(2) Min Capacity: 4096M(100%)
[3.153s][info][gc,heap     ] GC(2) Max Capacity: 4096M(100%)
[3.153s][info][gc,heap     ] GC(2) Soft Max Capacity: 4096M(100%)
[3.153s][info][gc,heap     ] GC(2)                Mark Start          Mark End        Relocate Start      Relocate End           High               Low         
[3.153s][info][gc,heap     ] GC(2)  Capacity:     4096M (100%)       4096M (100%)       4096M (100%)       4096M (100%)       4096M (100%)       4096M (100%)   
[3.153s][info][gc,heap     ] GC(2)      Free:     3160M (77%)        3146M (77%)        4002M (98%)        4004M (98%)        4004M (98%)        3146M (77%)    
[3.153s][info][gc,heap     ] GC(2)      Used:      936M (23%)         950M (23%)          94M (2%)           92M (2%)          950M (23%)          92M (2%)     
[3.153s][info][gc,heap     ] GC(2)      Live:         -                39M (1%)           39M (1%)           39M (1%)             -                  -          
[3.153s][info][gc,heap     ] GC(2) Allocated:         -                14M (0%)           14M (0%)           15M (0%)             -                  -          
[3.153s][info][gc,heap     ] GC(2)   Garbage:         -               896M (22%)          40M (1%)           36M (1%)             -                  -          
[3.153s][info][gc,heap     ] GC(2) Reclaimed:         -                  -               856M (21%)         859M (21%)            -                  -          
[3.153s][info][gc          ] GC(2) Garbage Collection (Warmup) 936M(23%)->92M(2%)
[4.482s][info][gc,start    ] GC(3) Garbage Collection (Warmup)
[4.482s][info][gc,task     ] GC(3) Using 2 workers
[4.482s][info][gc,phases   ] GC(3) Pause Mark Start 0.014ms
[4.560s][info][gc,phases   ] GC(3) Concurrent Mark 77.949ms
[4.560s][info][gc,phases   ] GC(3) Pause Mark End 0.018ms
[4.561s][info][gc,phases   ] GC(3) Concurrent Mark Free 0.002ms
[4.563s][info][gc,phases   ] GC(3) Concurrent Process Non-Strong References 2.688ms
[4.563s][info][gc,phases   ] GC(3) Concurrent Reset Relocation Set 0.002ms
[4.568s][info][gc,phases   ] GC(3) Concurrent Select Relocation Set 4.424ms
[4.568s][info][gc,phases   ] GC(3) Pause Relocate Start 0.009ms
[4.588s][info][gc,phases   ] GC(3) Concurrent Relocate 20.086ms
[4.588s][info][gc,load     ] GC(3) Load: 0.00/0.00/0.00
[4.588s][info][gc,mmu      ] GC(3) MMU: 2ms/98.5%, 5ms/99.4%, 10ms/99.6%, 20ms/99.8%, 50ms/99.9%, 100ms/100.0%
[4.588s][info][gc,marking  ] GC(3) Mark: 2 stripe(s), 3 proactive flush(es), 1 terminate flush(es), 0 completion(s), 0 continuation(s) 
[4.588s][info][gc,marking  ] GC(3) Mark Stack Usage: 32M
[4.588s][info][gc,nmethod  ] GC(3) NMethods: 2394 registered, 0 unregistered
[4.588s][info][gc,metaspace] GC(3) Metaspace: 14M used, 14M committed, 1088M reserved
[4.588s][info][gc,ref      ] GC(3) Soft: 376 encountered, 0 discovered, 0 enqueued
[4.588s][info][gc,ref      ] GC(3) Weak: 935 encountered, 38 discovered, 31 enqueued
[4.588s][info][gc,ref      ] GC(3) Final: 0 encountered, 0 discovered, 0 enqueued
[4.588s][info][gc,ref      ] GC(3) Phantom: 53 encountered, 32 discovered, 17 enqueued
[4.588s][info][gc,reloc    ] GC(3) Small Pages: 643 / 1286M, Empty: 1134M, Relocated: 26M, In-Place: 0
[4.588s][info][gc,reloc    ] GC(3) Medium Pages: 2 / 64M, Empty: 32M, Relocated: 0M, In-Place: 0
[4.588s][info][gc,reloc    ] GC(3) Large Pages: 0 / 0M, Empty: 0M, Relocated: 0M, In-Place: 0
[4.588s][info][gc,reloc    ] GC(3) Forwarding Usage: 17M
[4.589s][info][gc,heap     ] GC(3) Min Capacity: 4096M(100%)
[4.589s][info][gc,heap     ] GC(3) Max Capacity: 4096M(100%)
[4.589s][info][gc,heap     ] GC(3) Soft Max Capacity: 4096M(100%)
[4.589s][info][gc,heap     ] GC(3)                Mark Start          Mark End        Relocate Start      Relocate End           High               Low         
[4.589s][info][gc,heap     ] GC(3)  Capacity:     4096M (100%)       4096M (100%)       4096M (100%)       4096M (100%)       4096M (100%)       4096M (100%)   
[4.589s][info][gc,heap     ] GC(3)      Free:     2746M (67%)        2640M (64%)        3806M (93%)        3912M (96%)        3912M (96%)        2640M (64%)    
[4.589s][info][gc,heap     ] GC(3)      Used:     1350M (33%)        1456M (36%)         290M (7%)          184M (4%)         1456M (36%)         184M (4%)     
[4.589s][info][gc,heap     ] GC(3)      Live:         -                39M (1%)           39M (1%)           39M (1%)             -                  -          
[4.589s][info][gc,heap     ] GC(3) Allocated:         -               106M (3%)          106M (3%)          107M (3%)             -                  -          
[4.589s][info][gc,heap     ] GC(3)   Garbage:         -              1310M (32%)         144M (4%)           36M (1%)             -                  -          
[4.589s][info][gc,heap     ] GC(3) Reclaimed:         -                  -              1166M (28%)        1273M (31%)            -                  -          
[4.589s][info][gc          ] GC(3) Garbage Collection (Warmup) 1350M(33%)->184M(4%)
[4.600s][info][gc,start    ] GC(4) Garbage Collection (System.gc())
[4.600s][info][gc,task     ] GC(4) Using 2 workers
[4.600s][info][gc,phases   ] GC(4) Pause Mark Start 0.005ms
[4.607s][info][gc,phases   ] GC(4) Concurrent Mark 7.338ms
[4.607s][info][gc,phases   ] GC(4) Pause Mark End 0.013ms
[4.607s][info][gc,phases   ] GC(4) Concurrent Mark Free 0.002ms
[4.610s][info][gc,phases   ] GC(4) Concurrent Process Non-Strong References 2.631ms
[4.610s][info][gc,phases   ] GC(4) Concurrent Reset Relocation Set 0.008ms
[4.613s][info][gc,phases   ] GC(4) Concurrent Select Relocation Set 2.783ms
[4.613s][info][gc,phases   ] GC(4) Pause Relocate Start 0.009ms
[4.614s][info][gc,phases   ] GC(4) Concurrent Relocate 0.985ms
[4.614s][info][gc,load     ] GC(4) Load: 0.00/0.00/0.00
[4.614s][info][gc,mmu      ] GC(4) MMU: 2ms/98.5%, 5ms/99.4%, 10ms/99.6%, 20ms/99.8%, 50ms/99.9%, 100ms/99.9%
[4.614s][info][gc,marking  ] GC(4) Mark: 2 stripe(s), 1 proactive flush(es), 1 terminate flush(es), 0 completion(s), 0 continuation(s) 
[4.614s][info][gc,marking  ] GC(4) Mark Stack Usage: 32M
[4.614s][info][gc,nmethod  ] GC(4) NMethods: 2410 registered, 0 unregistered
[4.614s][info][gc,metaspace] GC(4) Metaspace: 14M used, 14M committed, 1088M reserved
[4.614s][info][gc,ref      ] GC(4) Soft: 378 encountered, 0 discovered, 0 enqueued
[4.614s][info][gc,ref      ] GC(4) Weak: 923 encountered, 547 discovered, 6 enqueued
[4.614s][info][gc,ref      ] GC(4) Final: 0 encountered, 0 discovered, 0 enqueued
[4.614s][info][gc,ref      ] GC(4) Phantom: 40 encountered, 22 discovered, 4 enqueued
[4.614s][info][gc,reloc    ] GC(4) Small Pages: 76 / 152M, Empty: 124M, Relocated: 1M, In-Place: 0
[4.614s][info][gc,reloc    ] GC(4) Medium Pages: 1 / 32M, Empty: 32M, Relocated: 0M, In-Place: 0
[4.614s][info][gc,reloc    ] GC(4) Large Pages: 0 / 0M, Empty: 0M, Relocated: 0M, In-Place: 0
[4.614s][info][gc,reloc    ] GC(4) Forwarding Usage: 0M
[4.614s][info][gc,heap     ] GC(4) Min Capacity: 4096M(100%)
[4.614s][info][gc,heap     ] GC(4) Max Capacity: 4096M(100%)
[4.614s][info][gc,heap     ] GC(4) Soft Max Capacity: 4096M(100%)
[4.614s][info][gc,heap     ] GC(4)                Mark Start          Mark End        Relocate Start      Relocate End           High               Low         
[4.614s][info][gc,heap     ] GC(4)  Capacity:     4096M (100%)       4096M (100%)       4096M (100%)       4096M (100%)       4096M (100%)       4096M (100%)   
[4.614s][info][gc,heap     ] GC(4)      Free:     3912M (96%)        3912M (96%)        4068M (99%)        4086M (100%)       4086M (100%)       3912M (96%)    
[4.614s][info][gc,heap     ] GC(4)      Used:      184M (4%)          184M (4%)           28M (1%)           10M (0%)          184M (4%)           10M (0%)     
[4.614s][info][gc,heap     ] GC(4)      Live:         -                 6M (0%)            6M (0%)            6M (0%)             -                  -          
[4.614s][info][gc,heap     ] GC(4) Allocated:         -                 0M (0%)            0M (0%)            0M (0%)             -                  -          
[4.615s][info][gc,heap     ] GC(4)   Garbage:         -               177M (4%)           21M (1%)            3M (0%)             -                  -          
[4.615s][info][gc,heap     ] GC(4) Reclaimed:         -                  -               156M (4%)          174M (4%)             -                  -          
[4.615s][info][gc          ] GC(4) Garbage Collection (System.gc()) 184M(4%)->10M(0%)
[7.431s][info][gc,start    ] GC(5) Garbage Collection (System.gc())
[7.431s][info][gc,task     ] GC(5) Using 2 workers
[7.431s][info][gc,phases   ] GC(5) Pause Mark Start 0.005ms
[7.450s][info][gc,phases   ] GC(5) Concurrent Mark 18.399ms
[7.450s][info][gc,phases   ] GC(5) Pause Mark End 0.019ms
[7.450s][info][gc,phases   ] GC(5) Concurrent Mark Free 0.001ms
[7.452s][info][gc,phases   ] GC(5) Concurrent Process Non-Strong References 2.208ms
[7.452s][info][gc,phases   ] GC(5) Concurrent Reset Relocation Set 0.001ms
[7.454s][info][gc,phases   ] GC(5) Concurrent Select Relocation Set 1.898ms
[7.454s][info][gc,phases   ] GC(5) Pause Relocate Start 0.009ms
[7.455s][info][gc,phases   ] GC(5) Concurrent Relocate 0.728ms
[7.455s][info][gc,load     ] GC(5) Load: 0.00/0.00/0.00
[7.455s][info][gc,mmu      ] GC(5) MMU: 2ms/98.5%, 5ms/99.4%, 10ms/99.6%, 20ms/99.8%, 50ms/99.9%, 100ms/99.9%
[7.455s][info][gc,marking  ] GC(5) Mark: 2 stripe(s), 1 proactive flush(es), 1 terminate flush(es), 0 completion(s), 0 continuation(s) 
[7.455s][info][gc,marking  ] GC(5) Mark Stack Usage: 32M
[7.455s][info][gc,nmethod  ] GC(5) NMethods: 2482 registered, 0 unregistered
[7.455s][info][gc,metaspace] GC(5) Metaspace: 14M used, 14M committed, 1088M reserved
[7.455s][info][gc,ref      ] GC(5) Soft: 378 encountered, 0 discovered, 0 enqueued
[7.455s][info][gc,ref      ] GC(5) Weak: 937 encountered, 649 discovered, 8 enqueued
[7.455s][info][gc,ref      ] GC(5) Final: 0 encountered, 0 discovered, 0 enqueued
[7.455s][info][gc,ref      ] GC(5) Phantom: 36 encountered, 24 discovered, 0 enqueued
[7.455s][info][gc,reloc    ] GC(5) Small Pages: 1336 / 2672M, Empty: 2646M, Relocated: 1M, In-Place: 0
[7.455s][info][gc,reloc    ] GC(5) Medium Pages: 1 / 32M, Empty: 32M, Relocated: 0M, In-Place: 0
[7.455s][info][gc,reloc    ] GC(5) Large Pages: 0 / 0M, Empty: 0M, Relocated: 0M, In-Place: 0
[7.455s][info][gc,reloc    ] GC(5) Forwarding Usage: 0M
[7.455s][info][gc,heap     ] GC(5) Min Capacity: 4096M(100%)
[7.455s][info][gc,heap     ] GC(5) Max Capacity: 4096M(100%)
[7.455s][info][gc,heap     ] GC(5) Soft Max Capacity: 4096M(100%)
[7.455s][info][gc,heap     ] GC(5)                Mark Start          Mark End        Relocate Start      Relocate End           High               Low         
[7.455s][info][gc,heap     ] GC(5)  Capacity:     4096M (100%)       4096M (100%)       4096M (100%)       4096M (100%)       4096M (100%)       4096M (100%)   
[7.455s][info][gc,heap     ] GC(5)      Free:     1392M (34%)        1392M (34%)        4070M (99%)        4086M (100%)       4086M (100%)       1392M (34%)    
[7.455s][info][gc,heap     ] GC(5)      Used:     2704M (66%)        2704M (66%)          26M (1%)           10M (0%)         2704M (66%)          10M (0%)     
[7.455s][info][gc,heap     ] GC(5)      Live:         -                 6M (0%)            6M (0%)            6M (0%)             -                  -          
[7.455s][info][gc,heap     ] GC(5) Allocated:         -                 0M (0%)            0M (0%)            0M (0%)             -                  -          
[7.455s][info][gc,heap     ] GC(5)   Garbage:         -              2697M (66%)          19M (0%)            3M (0%)             -                  -          
[7.455s][info][gc,heap     ] GC(5) Reclaimed:         -                  -              2678M (65%)        2694M (66%)            -                  -          
[7.455s][info][gc          ] GC(5) Garbage Collection (System.gc()) 2704M(66%)->10M(0%)
[9.904s][info][gc,start    ] GC(6) Garbage Collection (System.gc())
[9.904s][info][gc,task     ] GC(6) Using 2 workers
[9.904s][info][gc,phases   ] GC(6) Pause Mark Start 0.005ms
[9.916s][info][gc,phases   ] GC(6) Concurrent Mark 12.352ms
[9.916s][info][gc,phases   ] GC(6) Pause Mark End 0.020ms
[9.916s][info][gc,phases   ] GC(6) Concurrent Mark Free 0.002ms
[9.919s][info][gc,phases   ] GC(6) Concurrent Process Non-Strong References 2.348ms
[9.919s][info][gc,phases   ] GC(6) Concurrent Reset Relocation Set 0.002ms
[9.920s][info][gc,phases   ] GC(6) Concurrent Select Relocation Set 1.533ms
[9.921s][info][gc,phases   ] GC(6) Pause Relocate Start 0.008ms
[9.922s][info][gc,phases   ] GC(6) Concurrent Relocate 1.039ms
[9.922s][info][gc,load     ] GC(6) Load: 0.00/0.00/0.00
[9.922s][info][gc,mmu      ] GC(6) MMU: 2ms/98.5%, 5ms/99.4%, 10ms/99.6%, 20ms/99.8%, 50ms/99.9%, 100ms/99.9%
[9.922s][info][gc,marking  ] GC(6) Mark: 2 stripe(s), 2 proactive flush(es), 1 terminate flush(es), 0 completion(s), 0 continuation(s) 
[9.922s][info][gc,marking  ] GC(6) Mark Stack Usage: 32M
[9.922s][info][gc,nmethod  ] GC(6) NMethods: 2538 registered, 0 unregistered
[9.922s][info][gc,metaspace] GC(6) Metaspace: 14M used, 14M committed, 1088M reserved
[9.922s][info][gc,ref      ] GC(6) Soft: 378 encountered, 0 discovered, 0 enqueued
[9.922s][info][gc,ref      ] GC(6) Weak: 937 encountered, 684 discovered, 8 enqueued
[9.922s][info][gc,ref      ] GC(6) Final: 0 encountered, 0 discovered, 0 enqueued
[9.922s][info][gc,ref      ] GC(6) Phantom: 36 encountered, 18 discovered, 0 enqueued
[9.922s][info][gc,reloc    ] GC(6) Small Pages: 1336 / 2672M, Empty: 2646M, Relocated: 1M, In-Place: 0
[9.922s][info][gc,reloc    ] GC(6) Medium Pages: 1 / 32M, Empty: 32M, Relocated: 0M, In-Place: 0
[9.922s][info][gc,reloc    ] GC(6) Large Pages: 0 / 0M, Empty: 0M, Relocated: 0M, In-Place: 0
[9.922s][info][gc,reloc    ] GC(6) Forwarding Usage: 0M
[9.922s][info][gc,heap     ] GC(6) Min Capacity: 4096M(100%)
[9.922s][info][gc,heap     ] GC(6) Max Capacity: 4096M(100%)
[9.922s][info][gc,heap     ] GC(6) Soft Max Capacity: 4096M(100%)
[9.922s][info][gc,heap     ] GC(6)                Mark Start          Mark End        Relocate Start      Relocate End           High               Low         
[9.922s][info][gc,heap     ] GC(6)  Capacity:     4096M (100%)       4096M (100%)       4096M (100%)       4096M (100%)       4096M (100%)       4096M (100%)   
[9.922s][info][gc,heap     ] GC(6)      Free:     1392M (34%)        1392M (34%)        4070M (99%)        4086M (100%)       4086M (100%)       1392M (34%)    
[9.922s][info][gc,heap     ] GC(6)      Used:     2704M (66%)        2704M (66%)          26M (1%)           10M (0%)         2704M (66%)          10M (0%)     
[9.922s][info][gc,heap     ] GC(6)      Live:         -                 6M (0%)            6M (0%)            6M (0%)             -                  -          
[9.922s][info][gc,heap     ] GC(6) Allocated:         -                 0M (0%)            0M (0%)            0M (0%)             -                  -          
[9.922s][info][gc,heap     ] GC(6)   Garbage:         -              2697M (66%)          19M (0%)            3M (0%)             -                  -          
[9.922s][info][gc,heap     ] GC(6) Reclaimed:         -                  -              2678M (65%)        2694M (66%)            -                  -          
[9.922s][info][gc          ] GC(6) Garbage Collection (System.gc()) 2704M(66%)->10M(0%)
[10.183s][info][gc,stats    ] === Garbage Collection Statistics =======================================================================================================================
[10.184s][info][gc,stats    ]                                                              Last 10s              Last 10m              Last 10h                Total
[10.184s][info][gc,stats    ]                                                              Avg / Max             Avg / Max             Avg / Max             Avg / Max
[10.184s][info][gc,stats    ]   Collector: Garbage Collection Cycle                     53.513 / 113.591      53.513 / 113.591      53.513 / 113.591      53.513 / 113.591     ms
[10.184s][info][gc,stats    ]  Contention: Mark Segment Reset Contention                     0 / 1                 0 / 1                 0 / 1                 0 / 1           ops/s
[10.184s][info][gc,stats    ]  Contention: Mark SeqNum Reset Contention                      0 / 0                 0 / 0                 0 / 0                 0 / 0           ops/s
[10.184s][info][gc,stats    ]    Critical: Allocation Stall                                  0 / 0                 0 / 0                 0 / 0                 0 / 0           ops/s
[10.184s][info][gc,stats    ]    Critical: Allocation Stall                              0.000 / 0.000         0.000 / 0.000         0.000 / 0.000         0.000 / 0.000       ms
[10.184s][info][gc,stats    ]    Critical: GC Locker Stall                                   0 / 0                 0 / 0                 0 / 0                 0 / 0           ops/s
[10.184s][info][gc,stats    ]    Critical: GC Locker Stall                               0.000 / 0.000         0.000 / 0.000         0.000 / 0.000         0.000 / 0.000       ms
[10.184s][info][gc,stats    ]    Critical: Relocation Stall                                  0 / 0                 0 / 0                 0 / 0                 0 / 0           ops/s
[10.184s][info][gc,stats    ]    Critical: Relocation Stall                              0.000 / 0.000         0.000 / 0.000         0.000 / 0.000         0.000 / 0.000       ms
[10.184s][info][gc,stats    ]      Memory: Allocation Rate                                 832 / 1370            832 / 1370            832 / 1370            832 / 1370        MB/s
[10.184s][info][gc,stats    ]      Memory: Out Of Memory                                     0 / 0                 0 / 0                 0 / 0                 0 / 0           ops/s
[10.184s][info][gc,stats    ]      Memory: Page Cache Flush                                  0 / 0                 0 / 0                 0 / 0                 0 / 0           MB/s
[10.184s][info][gc,stats    ]      Memory: Page Cache Hit L1                               279 / 672             279 / 672             279 / 672             279 / 672         ops/s
[10.184s][info][gc,stats    ]      Memory: Page Cache Hit L2                                 0 / 0                 0 / 0                 0 / 0                 0 / 0           ops/s
[10.184s][info][gc,stats    ]      Memory: Page Cache Hit L3                               133 / 392             133 / 392             133 / 392             133 / 392         ops/s
[10.184s][info][gc,stats    ]      Memory: Page Cache Miss                                   0 / 1                 0 / 1                 0 / 1                 0 / 1           ops/s
[10.184s][info][gc,stats    ]      Memory: Uncommit                                          0 / 0                 0 / 0                 0 / 0                 0 / 0           MB/s
[10.184s][info][gc,stats    ]      Memory: Undo Object Allocation Failed                     0 / 0                 0 / 0                 0 / 0                 0 / 0           ops/s
[10.184s][info][gc,stats    ]      Memory: Undo Object Allocation Succeeded                  0 / 0                 0 / 0                 0 / 0                 0 / 0           ops/s
[10.184s][info][gc,stats    ]      Memory: Undo Page Allocation                              0 / 0                 0 / 0                 0 / 0                 0 / 0           ops/s
[10.184s][info][gc,stats    ]       Phase: Concurrent Mark                              39.337 / 78.203       39.337 / 78.203       39.337 / 78.203       39.337 / 78.203      ms
[10.184s][info][gc,stats    ]       Phase: Concurrent Mark Continue                      0.000 / 0.000         0.000 / 0.000         0.000 / 0.000         0.000 / 0.000       ms
[10.184s][info][gc,stats    ]       Phase: Concurrent Mark Free                          0.002 / 0.002         0.002 / 0.002         0.002 / 0.002         0.002 / 0.002       ms
[10.184s][info][gc,stats    ]       Phase: Concurrent Process Non-Strong References      2.318 / 2.688         2.318 / 2.688         2.318 / 2.688         2.318 / 2.688       ms
[10.184s][info][gc,stats    ]       Phase: Concurrent Relocate                           7.537 / 26.680        7.537 / 26.680        7.537 / 26.680        7.537 / 26.680      ms
[10.184s][info][gc,stats    ]       Phase: Concurrent Reset Relocation Set               0.004 / 0.008         0.004 / 0.008         0.004 / 0.008         0.004 / 0.008       ms
[10.184s][info][gc,stats    ]       Phase: Concurrent Select Relocation Set              3.439 / 5.896         3.439 / 5.896         3.439 / 5.896         3.439 / 5.896       ms
[10.184s][info][gc,stats    ]       Phase: Pause Mark End                                0.019 / 0.031         0.019 / 0.031         0.019 / 0.031         0.019 / 0.031       ms
[10.184s][info][gc,stats    ]       Phase: Pause Mark Start                              0.007 / 0.014         0.007 / 0.014         0.007 / 0.014         0.007 / 0.014       ms
[10.184s][info][gc,stats    ]       Phase: Pause Relocate Start                          0.011 / 0.020         0.011 / 0.020         0.011 / 0.020         0.011 / 0.020       ms
[10.184s][info][gc,stats    ]    Subphase: Concurrent Classes Purge                      0.097 / 0.128         0.097 / 0.128         0.097 / 0.128         0.097 / 0.128       ms
[10.184s][info][gc,stats    ]    Subphase: Concurrent Classes Unlink                     1.721 / 2.124         1.721 / 2.124         1.721 / 2.124         1.721 / 2.124       ms
[10.184s][info][gc,stats    ]    Subphase: Concurrent Mark                              33.587 / 77.045       33.587 / 77.045       33.587 / 77.045       33.587 / 77.045      ms
[10.184s][info][gc,stats    ]    Subphase: Concurrent Mark Try Flush                     0.066 / 0.162         0.066 / 0.162         0.066 / 0.162         0.066 / 0.162       ms
[10.184s][info][gc,stats    ]    Subphase: Concurrent Mark Try Terminate                 3.801 / 15.280        3.801 / 15.280        3.801 / 15.280        3.801 / 15.280      ms
[10.184s][info][gc,stats    ]    Subphase: Concurrent References Enqueue                 0.004 / 0.006         0.004 / 0.006         0.004 / 0.006         0.004 / 0.006       ms
[10.184s][info][gc,stats    ]    Subphase: Concurrent References Process                 0.150 / 0.205         0.150 / 0.205         0.150 / 0.205         0.150 / 0.205       ms
[10.184s][info][gc,stats    ]    Subphase: Concurrent Roots ClassLoaderDataGraph         0.055 / 0.243         0.055 / 0.243         0.055 / 0.243         0.055 / 0.243       ms
[10.184s][info][gc,stats    ]    Subphase: Concurrent Roots CodeCache                    0.000 / 0.000         0.000 / 0.000         0.000 / 0.000         0.000 / 0.000       ms
[10.184s][info][gc,stats    ]    Subphase: Concurrent Roots JavaThreads                  0.310 / 0.656         0.310 / 0.656         0.310 / 0.656         0.310 / 0.656       ms
[10.184s][info][gc,stats    ]    Subphase: Concurrent Roots OopStorageSet                0.019 / 0.052         0.019 / 0.052         0.019 / 0.052         0.019 / 0.052       ms
[10.184s][info][gc,stats    ]    Subphase: Concurrent Weak Roots OopStorageSet           0.193 / 0.327         0.193 / 0.327         0.193 / 0.327         0.193 / 0.327       ms
[10.184s][info][gc,stats    ]    Subphase: Pause Mark Try Complete                       0.000 / 0.000         0.000 / 0.000         0.000 / 0.000         0.000 / 0.000       ms
[10.184s][info][gc,stats    ]      System: Java Threads                                     12 / 13               12 / 13               12 / 13               12 / 13          threads
[10.184s][info][gc,stats    ] =========================================================================================================================================================
[12.380s][info][gc,start    ] GC(7) Garbage Collection (System.gc())
[12.380s][info][gc,task     ] GC(7) Using 2 workers
[12.380s][info][gc,phases   ] GC(7) Pause Mark Start 0.007ms
[12.397s][info][gc,phases   ] GC(7) Concurrent Mark 16.818ms
[12.397s][info][gc,phases   ] GC(7) Pause Mark End 0.022ms
[12.397s][info][gc,phases   ] GC(7) Concurrent Mark Free 0.002ms
[12.400s][info][gc,phases   ] GC(7) Concurrent Process Non-Strong References 2.530ms
[12.400s][info][gc,phases   ] GC(7) Concurrent Reset Relocation Set 0.001ms
[12.402s][info][gc,phases   ] GC(7) Concurrent Select Relocation Set 1.515ms
[12.402s][info][gc,phases   ] GC(7) Pause Relocate Start 0.009ms
[12.403s][info][gc,phases   ] GC(7) Concurrent Relocate 0.821ms
[12.403s][info][gc,load     ] GC(7) Load: 0.00/0.00/0.00
[12.403s][info][gc,mmu      ] GC(7) MMU: 2ms/98.5%, 5ms/99.4%, 10ms/99.6%, 20ms/99.8%, 50ms/99.9%, 100ms/99.9%
[12.403s][info][gc,marking  ] GC(7) Mark: 2 stripe(s), 1 proactive flush(es), 1 terminate flush(es), 0 completion(s), 0 continuation(s) 
[12.403s][info][gc,marking  ] GC(7) Mark Stack Usage: 32M
[12.403s][info][gc,nmethod  ] GC(7) NMethods: 2565 registered, 0 unregistered
[12.403s][info][gc,metaspace] GC(7) Metaspace: 14M used, 14M committed, 1088M reserved
[12.403s][info][gc,ref      ] GC(7) Soft: 378 encountered, 0 discovered, 0 enqueued
[12.403s][info][gc,ref      ] GC(7) Weak: 937 encountered, 483 discovered, 8 enqueued
[12.403s][info][gc,ref      ] GC(7) Final: 0 encountered, 0 discovered, 0 enqueued
[12.403s][info][gc,ref      ] GC(7) Phantom: 36 encountered, 24 discovered, 0 enqueued
[12.403s][info][gc,reloc    ] GC(7) Small Pages: 1335 / 2670M, Empty: 2648M, Relocated: 1M, In-Place: 0
[12.403s][info][gc,reloc    ] GC(7) Medium Pages: 1 / 32M, Empty: 32M, Relocated: 0M, In-Place: 0
[12.403s][info][gc,reloc    ] GC(7) Large Pages: 0 / 0M, Empty: 0M, Relocated: 0M, In-Place: 0
[12.403s][info][gc,reloc    ] GC(7) Forwarding Usage: 0M
[12.403s][info][gc,heap     ] GC(7) Min Capacity: 4096M(100%)
[12.403s][info][gc,heap     ] GC(7) Max Capacity: 4096M(100%)
[12.403s][info][gc,heap     ] GC(7) Soft Max Capacity: 4096M(100%)
[12.403s][info][gc,heap     ] GC(7)                Mark Start          Mark End        Relocate Start      Relocate End           High               Low         
[12.403s][info][gc,heap     ] GC(7)  Capacity:     4096M (100%)       4096M (100%)       4096M (100%)       4096M (100%)       4096M (100%)       4096M (100%)   
[12.403s][info][gc,heap     ] GC(7)      Free:     1394M (34%)        1394M (34%)        4074M (99%)        4086M (100%)       4086M (100%)       1394M (34%)    
[12.403s][info][gc,heap     ] GC(7)      Used:     2702M (66%)        2702M (66%)          22M (1%)           10M (0%)         2702M (66%)          10M (0%)     
[12.403s][info][gc,heap     ] GC(7)      Live:         -                 6M (0%)            6M (0%)            6M (0%)             -                  -          
[12.403s][info][gc,heap     ] GC(7) Allocated:         -                 0M (0%)            0M (0%)            0M (0%)             -                  -          
[12.403s][info][gc,heap     ] GC(7)   Garbage:         -              2695M (66%)          15M (0%)            3M (0%)             -                  -          
[12.403s][info][gc,heap     ] GC(7) Reclaimed:         -                  -              2680M (65%)        2692M (66%)            -                  -          
[12.403s][info][gc          ] GC(7) Garbage Collection (System.gc()) 2702M(66%)->10M(0%)
[14.785s][info][gc,start    ] GC(8) Garbage Collection (Proactive)
[14.785s][info][gc,task     ] GC(8) Using 2 workers
[14.785s][info][gc,phases   ] GC(8) Pause Mark Start 0.010ms
[14.864s][info][gc,phases   ] GC(8) Concurrent Mark 78.232ms
[14.864s][info][gc,phases   ] GC(8) Pause Mark End 0.023ms
[14.864s][info][gc,phases   ] GC(8) Concurrent Mark Free 0.002ms
[14.867s][info][gc,phases   ] GC(8) Concurrent Process Non-Strong References 2.942ms
[14.867s][info][gc,phases   ] GC(8) Concurrent Reset Relocation Set 0.002ms
[14.872s][info][gc,phases   ] GC(8) Concurrent Select Relocation Set 5.535ms
[14.873s][info][gc,phases   ] GC(8) Pause Relocate Start 0.011ms
[14.897s][info][gc,phases   ] GC(8) Concurrent Relocate 24.560ms
[14.897s][info][gc,load     ] GC(8) Load: 0.00/0.00/0.00
[14.897s][info][gc,mmu      ] GC(8) MMU: 2ms/98.5%, 5ms/99.4%, 10ms/99.6%, 20ms/99.8%, 50ms/99.9%, 100ms/99.9%
[14.897s][info][gc,marking  ] GC(8) Mark: 2 stripe(s), 2 proactive flush(es), 1 terminate flush(es), 0 completion(s), 0 continuation(s) 
[14.897s][info][gc,marking  ] GC(8) Mark Stack Usage: 32M
[14.897s][info][gc,nmethod  ] GC(8) NMethods: 2589 registered, 0 unregistered
[14.897s][info][gc,metaspace] GC(8) Metaspace: 14M used, 14M committed, 1088M reserved
[14.897s][info][gc,ref      ] GC(8) Soft: 378 encountered, 0 discovered, 0 enqueued
[14.897s][info][gc,ref      ] GC(8) Weak: 937 encountered, 673 discovered, 7 enqueued
[14.897s][info][gc,ref      ] GC(8) Final: 0 encountered, 0 discovered, 0 enqueued
[14.898s][info][gc,ref      ] GC(8) Phantom: 36 encountered, 24 discovered, 0 enqueued
[14.898s][info][gc,reloc    ] GC(8) Small Pages: 1208 / 2416M, Empty: 2296M, Relocated: 25M, In-Place: 0
[14.898s][info][gc,reloc    ] GC(8) Medium Pages: 1 / 32M, Empty: 0M, Relocated: 0M, In-Place: 0
[14.898s][info][gc,reloc    ] GC(8) Large Pages: 0 / 0M, Empty: 0M, Relocated: 0M, In-Place: 0
[14.898s][info][gc,reloc    ] GC(8) Forwarding Usage: 16M
[14.898s][info][gc,heap     ] GC(8) Min Capacity: 4096M(100%)
[14.898s][info][gc,heap     ] GC(8) Max Capacity: 4096M(100%)
[14.898s][info][gc,heap     ] GC(8) Soft Max Capacity: 4096M(100%)
[14.898s][info][gc,heap     ] GC(8)                Mark Start          Mark End        Relocate Start      Relocate End           High               Low         
[14.898s][info][gc,heap     ] GC(8)  Capacity:     4096M (100%)       4096M (100%)       4096M (100%)       4096M (100%)       4096M (100%)       4096M (100%)   
[14.898s][info][gc,heap     ] GC(8)      Free:     1648M (40%)        1486M (36%)        3760M (92%)        3770M (92%)        3782M (92%)        1476M (36%)    
[14.898s][info][gc,heap     ] GC(8)      Used:     2448M (60%)        2610M (64%)         336M (8%)          326M (8%)         2620M (64%)         314M (8%)     
[14.898s][info][gc,heap     ] GC(8)      Live:         -                39M (1%)           39M (1%)           39M (1%)             -                  -          
[14.898s][info][gc,heap     ] GC(8) Allocated:         -               162M (4%)          184M (4%)          249M (6%)             -                  -          
[14.898s][info][gc,heap     ] GC(8)   Garbage:         -              2408M (59%)         112M (3%)           36M (1%)             -                  -          
[14.898s][info][gc,heap     ] GC(8) Reclaimed:         -                  -              2296M (56%)        2371M (58%)            -                  -          
[14.898s][info][gc          ] GC(8) Garbage Collection (Proactive) 2448M(60%)->326M(8%)
[14.918s][info][gc,start    ] GC(9) Garbage Collection (System.gc())
[14.918s][info][gc,task     ] GC(9) Using 2 workers
[14.918s][info][gc,phases   ] GC(9) Pause Mark Start 0.009ms
[14.926s][info][gc,phases   ] GC(9) Concurrent Mark 8.059ms
[14.926s][info][gc,phases   ] GC(9) Pause Mark End 0.022ms
[14.926s][info][gc,phases   ] GC(9) Concurrent Mark Free 0.002ms
[14.930s][info][gc,phases   ] GC(9) Concurrent Process Non-Strong References 3.049ms
[14.930s][info][gc,phases   ] GC(9) Concurrent Reset Relocation Set 0.006ms
[14.932s][info][gc,phases   ] GC(9) Concurrent Select Relocation Set 2.521ms
[14.932s][info][gc,phases   ] GC(9) Pause Relocate Start 0.009ms
[14.934s][info][gc,phases   ] GC(9) Concurrent Relocate 1.239ms
[14.934s][info][gc,load     ] GC(9) Load: 0.00/0.00/0.00
[14.934s][info][gc,mmu      ] GC(9) MMU: 2ms/98.5%, 5ms/99.4%, 10ms/99.6%, 20ms/99.8%, 50ms/99.9%, 100ms/99.9%
[14.934s][info][gc,marking  ] GC(9) Mark: 2 stripe(s), 2 proactive flush(es), 1 terminate flush(es), 0 completion(s), 0 continuation(s) 
[14.934s][info][gc,marking  ] GC(9) Mark Stack Usage: 32M
[14.934s][info][gc,nmethod  ] GC(9) NMethods: 2595 registered, 0 unregistered
[14.934s][info][gc,metaspace] GC(9) Metaspace: 14M used, 14M committed, 1088M reserved
[14.934s][info][gc,ref      ] GC(9) Soft: 378 encountered, 0 discovered, 0 enqueued
[14.934s][info][gc,ref      ] GC(9) Weak: 933 encountered, 114 discovered, 2 enqueued
[14.934s][info][gc,ref      ] GC(9) Final: 0 encountered, 0 discovered, 0 enqueued
[14.934s][info][gc,ref      ] GC(9) Phantom: 36 encountered, 21 discovered, 0 enqueued
[14.934s][info][gc,reloc    ] GC(9) Small Pages: 149 / 298M, Empty: 276M, Relocated: 1M, In-Place: 0
[14.934s][info][gc,reloc    ] GC(9) Medium Pages: 1 / 32M, Empty: 32M, Relocated: 0M, In-Place: 0
[14.934s][info][gc,reloc    ] GC(9) Large Pages: 0 / 0M, Empty: 0M, Relocated: 0M, In-Place: 0
[14.934s][info][gc,reloc    ] GC(9) Forwarding Usage: 0M
[14.934s][info][gc,heap     ] GC(9) Min Capacity: 4096M(100%)
[14.934s][info][gc,heap     ] GC(9) Max Capacity: 4096M(100%)
[14.934s][info][gc,heap     ] GC(9) Soft Max Capacity: 4096M(100%)
[14.934s][info][gc,heap     ] GC(9)                Mark Start          Mark End        Relocate Start      Relocate End           High               Low         
[14.934s][info][gc,heap     ] GC(9)  Capacity:     4096M (100%)       4096M (100%)       4096M (100%)       4096M (100%)       4096M (100%)       4096M (100%)   
[14.934s][info][gc,heap     ] GC(9)      Free:     3766M (92%)        3766M (92%)        4074M (99%)        4086M (100%)       4086M (100%)       3766M (92%)    
[14.934s][info][gc,heap     ] GC(9)      Used:      330M (8%)          330M (8%)           22M (1%)           10M (0%)          330M (8%)           10M (0%)     
[14.934s][info][gc,heap     ] GC(9)      Live:         -                 6M (0%)            6M (0%)            6M (0%)             -                  -          
[14.934s][info][gc,heap     ] GC(9) Allocated:         -                 0M (0%)            0M (0%)            0M (0%)             -                  -          
[14.934s][info][gc,heap     ] GC(9)   Garbage:         -               323M (8%)           15M (0%)            3M (0%)             -                  -          
[14.934s][info][gc,heap     ] GC(9) Reclaimed:         -                  -               308M (8%)          320M (8%)             -                  -          
[14.934s][info][gc          ] GC(9) Garbage Collection (System.gc()) 330M(8%)->10M(0%)
[17.378s][info][gc,start    ] GC(10) Garbage Collection (System.gc())
[17.378s][info][gc,task     ] GC(10) Using 2 workers
[17.378s][info][gc,phases   ] GC(10) Pause Mark Start 0.004ms
[17.393s][info][gc,phases   ] GC(10) Concurrent Mark 14.373ms
[17.393s][info][gc,phases   ] GC(10) Pause Mark End 0.014ms
[17.393s][info][gc,phases   ] GC(10) Concurrent Mark Free 0.002ms
[17.395s][info][gc,phases   ] GC(10) Concurrent Process Non-Strong References 2.611ms
[17.395s][info][gc,phases   ] GC(10) Concurrent Reset Relocation Set 0.001ms
[17.397s][info][gc,phases   ] GC(10) Concurrent Select Relocation Set 1.283ms
[17.397s][info][gc,phases   ] GC(10) Pause Relocate Start 0.005ms
[17.398s][info][gc,phases   ] GC(10) Concurrent Relocate 0.853ms
[17.398s][info][gc,load     ] GC(10) Load: 0.00/0.00/0.00
[17.398s][info][gc,mmu      ] GC(10) MMU: 2ms/98.5%, 5ms/99.4%, 10ms/99.6%, 20ms/99.8%, 50ms/99.9%, 100ms/99.9%
[17.398s][info][gc,marking  ] GC(10) Mark: 2 stripe(s), 1 proactive flush(es), 1 terminate flush(es), 0 completion(s), 0 continuation(s) 
[17.398s][info][gc,marking  ] GC(10) Mark Stack Usage: 32M
[17.398s][info][gc,nmethod  ] GC(10) NMethods: 2607 registered, 0 unregistered
[17.398s][info][gc,metaspace] GC(10) Metaspace: 14M used, 14M committed, 1088M reserved
[17.398s][info][gc,ref      ] GC(10) Soft: 378 encountered, 0 discovered, 0 enqueued
[17.398s][info][gc,ref      ] GC(10) Weak: 939 encountered, 636 discovered, 8 enqueued
[17.398s][info][gc,ref      ] GC(10) Final: 0 encountered, 0 discovered, 0 enqueued
[17.398s][info][gc,ref      ] GC(10) Phantom: 36 encountered, 17 discovered, 0 enqueued
[17.398s][info][gc,reloc    ] GC(10) Small Pages: 1335 / 2670M, Empty: 2646M, Relocated: 1M, In-Place: 0
[17.398s][info][gc,reloc    ] GC(10) Medium Pages: 1 / 32M, Empty: 32M, Relocated: 0M, In-Place: 0
[17.398s][info][gc,reloc    ] GC(10) Large Pages: 0 / 0M, Empty: 0M, Relocated: 0M, In-Place: 0
[17.398s][info][gc,reloc    ] GC(10) Forwarding Usage: 0M
[17.398s][info][gc,heap     ] GC(10) Min Capacity: 4096M(100%)
[17.398s][info][gc,heap     ] GC(10) Max Capacity: 4096M(100%)
[17.398s][info][gc,heap     ] GC(10) Soft Max Capacity: 4096M(100%)
[17.398s][info][gc,heap     ] GC(10)                Mark Start          Mark End        Relocate Start      Relocate End           High               Low         
[17.398s][info][gc,heap     ] GC(10)  Capacity:     4096M (100%)       4096M (100%)       4096M (100%)       4096M (100%)       4096M (100%)       4096M (100%)   
[17.398s][info][gc,heap     ] GC(10)      Free:     1394M (34%)        1394M (34%)        4072M (99%)        4086M (100%)       4086M (100%)       1394M (34%)    
[17.398s][info][gc,heap     ] GC(10)      Used:     2702M (66%)        2702M (66%)          24M (1%)           10M (0%)         2702M (66%)          10M (0%)     
[17.398s][info][gc,heap     ] GC(10)      Live:         -                 6M (0%)            6M (0%)            6M (0%)             -                  -          
[17.398s][info][gc,heap     ] GC(10) Allocated:         -                 0M (0%)            0M (0%)            0M (0%)             -                  -          
[17.398s][info][gc,heap     ] GC(10)   Garbage:         -              2695M (66%)          17M (0%)            3M (0%)             -                  -          
[17.398s][info][gc,heap     ] GC(10) Reclaimed:         -                  -              2678M (65%)        2692M (66%)            -                  -          
[17.398s][info][gc          ] GC(10) Garbage Collection (System.gc()) 2702M(66%)->10M(0%)
[19.856s][info][gc,start    ] GC(11) Garbage Collection (System.gc())
[19.856s][info][gc,task     ] GC(11) Using 2 workers
[19.856s][info][gc,phases   ] GC(11) Pause Mark Start 0.009ms
[19.873s][info][gc,phases   ] GC(11) Concurrent Mark 16.114ms
[19.873s][info][gc,phases   ] GC(11) Pause Mark End 0.018ms
[19.873s][info][gc,phases   ] GC(11) Concurrent Mark Free 0.001ms
[19.876s][info][gc,phases   ] GC(11) Concurrent Process Non-Strong References 2.894ms
[19.876s][info][gc,phases   ] GC(11) Concurrent Reset Relocation Set 0.002ms
[19.878s][info][gc,phases   ] GC(11) Concurrent Select Relocation Set 2.057ms
[19.878s][info][gc,phases   ] GC(11) Pause Relocate Start 0.009ms
[19.879s][info][gc,phases   ] GC(11) Concurrent Relocate 0.602ms
[19.879s][info][gc,load     ] GC(11) Load: 0.00/0.00/0.00
[19.879s][info][gc,mmu      ] GC(11) MMU: 2ms/98.5%, 5ms/99.4%, 10ms/99.6%, 20ms/99.8%, 50ms/99.9%, 100ms/99.9%
[19.879s][info][gc,marking  ] GC(11) Mark: 2 stripe(s), 2 proactive flush(es), 1 terminate flush(es), 0 completion(s), 0 continuation(s) 
[19.879s][info][gc,marking  ] GC(11) Mark Stack Usage: 32M
[19.879s][info][gc,nmethod  ] GC(11) NMethods: 2620 registered, 0 unregistered
[19.879s][info][gc,metaspace] GC(11) Metaspace: 14M used, 14M committed, 1088M reserved
[19.879s][info][gc,ref      ] GC(11) Soft: 378 encountered, 0 discovered, 0 enqueued
[19.879s][info][gc,ref      ] GC(11) Weak: 940 encountered, 569 discovered, 8 enqueued
[19.879s][info][gc,ref      ] GC(11) Final: 0 encountered, 0 discovered, 0 enqueued
[19.879s][info][gc,ref      ] GC(11) Phantom: 36 encountered, 18 discovered, 0 enqueued
[19.879s][info][gc,reloc    ] GC(11) Small Pages: 1335 / 2670M, Empty: 2646M, Relocated: 1M, In-Place: 0
[19.879s][info][gc,reloc    ] GC(11) Medium Pages: 1 / 32M, Empty: 32M, Relocated: 0M, In-Place: 0
[19.879s][info][gc,reloc    ] GC(11) Large Pages: 0 / 0M, Empty: 0M, Relocated: 0M, In-Place: 0
[19.879s][info][gc,reloc    ] GC(11) Forwarding Usage: 0M
[19.879s][info][gc,heap     ] GC(11) Min Capacity: 4096M(100%)
[19.879s][info][gc,heap     ] GC(11) Max Capacity: 4096M(100%)
[19.879s][info][gc,heap     ] GC(11) Soft Max Capacity: 4096M(100%)
[19.879s][info][gc,heap     ] GC(11)                Mark Start          Mark End        Relocate Start      Relocate End           High               Low         
[19.879s][info][gc,heap     ] GC(11)  Capacity:     4096M (100%)       4096M (100%)       4096M (100%)       4096M (100%)       4096M (100%)       4096M (100%)   
[19.879s][info][gc,heap     ] GC(11)      Free:     1394M (34%)        1394M (34%)        4072M (99%)        4086M (100%)       4086M (100%)       1394M (34%)    
[19.879s][info][gc,heap     ] GC(11)      Used:     2702M (66%)        2702M (66%)          24M (1%)           10M (0%)         2702M (66%)          10M (0%)     
[19.879s][info][gc,heap     ] GC(11)      Live:         -                 6M (0%)            6M (0%)            6M (0%)             -                  -          
[19.879s][info][gc,heap     ] GC(11) Allocated:         -                 0M (0%)            0M (0%)            0M (0%)             -                  -          
[19.879s][info][gc,heap     ] GC(11)   Garbage:         -              2695M (66%)          17M (0%)            3M (0%)             -                  -          
[19.879s][info][gc,heap     ] GC(11) Reclaimed:         -                  -              2678M (65%)        2692M (66%)            -                  -          
[19.879s][info][gc          ] GC(11) Garbage Collection (System.gc()) 2702M(66%)->10M(0%)
[20.186s][info][gc,stats    ] === Garbage Collection Statistics =======================================================================================================================
[20.186s][info][gc,stats    ]                                                              Last 10s              Last 10m              Last 10h                Total
[20.186s][info][gc,stats    ]                                                              Avg / Max             Avg / Max             Avg / Max             Avg / Max
[20.186s][info][gc,stats    ]   Collector: Garbage Collection Cycle                     38.613 / 112.465      47.304 / 113.591      47.304 / 113.591      47.304 / 113.591     ms
[20.186s][info][gc,stats    ]  Contention: Mark Segment Reset Contention                     0 / 0                 0 / 1                 0 / 1                 0 / 1           ops/s
[20.186s][info][gc,stats    ]  Contention: Mark SeqNum Reset Contention                      0 / 1                 0 / 1                 0 / 1                 0 / 1           ops/s
[20.186s][info][gc,stats    ]    Critical: Allocation Stall                                  0 / 0                 0 / 0                 0 / 0                 0 / 0           ops/s
[20.186s][info][gc,stats    ]    Critical: Allocation Stall                              0.000 / 0.000         0.000 / 0.000         0.000 / 0.000         0.000 / 0.000       ms
[20.186s][info][gc,stats    ]    Critical: GC Locker Stall                                   0 / 0                 0 / 0                 0 / 0                 0 / 0           ops/s
[20.186s][info][gc,stats    ]    Critical: GC Locker Stall                               0.000 / 0.000         0.000 / 0.000         0.000 / 0.000         0.000 / 0.000       ms
[20.186s][info][gc,stats    ]    Critical: Relocation Stall                                  0 / 0                 0 / 0                 0 / 0                 0 / 0           ops/s
[20.186s][info][gc,stats    ]    Critical: Relocation Stall                              0.000 / 0.000         0.000 / 0.000         0.000 / 0.000         0.000 / 0.000       ms
[20.186s][info][gc,stats    ]      Memory: Allocation Rate                                1076 / 1370            954 / 1370            954 / 1370            954 / 1370        MB/s
[20.186s][info][gc,stats    ]      Memory: Out Of Memory                                     0 / 0                 0 / 0                 0 / 0                 0 / 0           ops/s
[20.186s][info][gc,stats    ]      Memory: Page Cache Flush                                  0 / 0                 0 / 0                 0 / 0                 0 / 0           MB/s
[20.186s][info][gc,stats    ]      Memory: Page Cache Hit L1                               534 / 672             406 / 672             406 / 672             406 / 672         ops/s
[20.186s][info][gc,stats    ]      Memory: Page Cache Hit L2                                 0 / 0                 0 / 0                 0 / 0                 0 / 0           ops/s
[20.186s][info][gc,stats    ]      Memory: Page Cache Hit L3                                 0 / 0                66 / 392              66 / 392              66 / 392         ops/s
[20.186s][info][gc,stats    ]      Memory: Page Cache Miss                                   0 / 0                 0 / 1                 0 / 1                 0 / 1           ops/s
[20.186s][info][gc,stats    ]      Memory: Uncommit                                          0 / 0                 0 / 0                 0 / 0                 0 / 0           MB/s
[20.186s][info][gc,stats    ]      Memory: Undo Object Allocation Failed                     0 / 0                 0 / 0                 0 / 0                 0 / 0           ops/s
[20.186s][info][gc,stats    ]      Memory: Undo Object Allocation Succeeded                  0 / 0                 0 / 0                 0 / 0                 0 / 0           ops/s
[20.186s][info][gc,stats    ]      Memory: Undo Page Allocation                              0 / 0                 0 / 0                 0 / 0                 0 / 0           ops/s
[20.186s][info][gc,stats    ]       Phase: Concurrent Mark                              26.719 / 78.232       34.079 / 78.232       34.079 / 78.232       34.079 / 78.232      ms
[20.186s][info][gc,stats    ]       Phase: Concurrent Mark Continue                      0.000 / 0.000         0.000 / 0.000         0.000 / 0.000         0.000 / 0.000       ms
[20.186s][info][gc,stats    ]       Phase: Concurrent Mark Free                          0.002 / 0.002         0.002 / 0.002         0.002 / 0.002         0.002 / 0.002       ms
[20.186s][info][gc,stats    ]       Phase: Concurrent Process Non-Strong References      2.805 / 3.049         2.521 / 3.049         2.521 / 3.049         2.521 / 3.049       ms
[20.186s][info][gc,stats    ]       Phase: Concurrent Relocate                           5.615 / 24.560        6.736 / 26.680        6.736 / 26.680        6.736 / 26.680      ms
[20.186s][info][gc,stats    ]       Phase: Concurrent Reset Relocation Set               0.002 / 0.006         0.003 / 0.008         0.003 / 0.008         0.003 / 0.008       ms
[20.186s][info][gc,stats    ]       Phase: Concurrent Select Relocation Set              2.582 / 5.535         3.082 / 5.896         3.082 / 5.896         3.082 / 5.896       ms
[20.186s][info][gc,stats    ]       Phase: Pause Mark End                                0.020 / 0.023         0.019 / 0.031         0.019 / 0.031         0.019 / 0.031       ms
[20.186s][info][gc,stats    ]       Phase: Pause Mark Start                              0.008 / 0.010         0.007 / 0.014         0.007 / 0.014         0.007 / 0.014       ms
[20.186s][info][gc,stats    ]       Phase: Pause Relocate Start                          0.009 / 0.011         0.010 / 0.020         0.010 / 0.020         0.010 / 0.020       ms
[20.186s][info][gc,stats    ]    Subphase: Concurrent Classes Purge                      0.109 / 0.136         0.102 / 0.136         0.102 / 0.136         0.102 / 0.136       ms
[20.186s][info][gc,stats    ]    Subphase: Concurrent Classes Unlink                     2.093 / 2.348         1.876 / 2.348         1.876 / 2.348         1.876 / 2.348       ms
[20.186s][info][gc,stats    ]    Subphase: Concurrent Mark                              21.774 / 77.416       28.665 / 77.416       28.665 / 77.416       28.665 / 77.416      ms
[20.186s][info][gc,stats    ]    Subphase: Concurrent Mark Try Flush                     0.060 / 0.130         0.064 / 0.162         0.064 / 0.162         0.064 / 0.162       ms
[20.186s][info][gc,stats    ]    Subphase: Concurrent Mark Try Terminate                 4.393 / 15.781        4.052 / 15.781        4.052 / 15.781        4.052 / 15.781      ms
[20.186s][info][gc,stats    ]    Subphase: Concurrent References Enqueue                 0.005 / 0.007         0.005 / 0.007         0.005 / 0.007         0.005 / 0.007       ms
[20.187s][info][gc,stats    ]    Subphase: Concurrent References Process                 0.185 / 0.235         0.165 / 0.235         0.165 / 0.235         0.165 / 0.235       ms
[20.187s][info][gc,stats    ]    Subphase: Concurrent Roots ClassLoaderDataGraph         0.037 / 0.082         0.048 / 0.243         0.048 / 0.243         0.048 / 0.243       ms
[20.187s][info][gc,stats    ]    Subphase: Concurrent Roots CodeCache                    0.000 / 0.000         0.000 / 0.000         0.000 / 0.000         0.000 / 0.000       ms
[20.187s][info][gc,stats    ]    Subphase: Concurrent Roots JavaThreads                  0.223 / 0.626         0.274 / 0.656         0.274 / 0.656         0.274 / 0.656       ms
[20.187s][info][gc,stats    ]    Subphase: Concurrent Roots OopStorageSet                0.013 / 0.019         0.017 / 0.052         0.017 / 0.052         0.017 / 0.052       ms
[20.187s][info][gc,stats    ]    Subphase: Concurrent Weak Roots OopStorageSet           0.211 / 0.266         0.201 / 0.327         0.201 / 0.327         0.201 / 0.327       ms
[20.187s][info][gc,stats    ]    Subphase: Pause Mark Try Complete                       0.000 / 0.000         0.000 / 0.000         0.000 / 0.000         0.000 / 0.000       ms
[20.187s][info][gc,stats    ]      System: Java Threads                                     12 / 13               12 / 13               12 / 13               12 / 13          threads
[20.187s][info][gc,stats    ] =========================================================================================================================================================
[22.320s][info][gc,start    ] GC(12) Garbage Collection (System.gc())
[22.320s][info][gc,task     ] GC(12) Using 2 workers
[22.321s][info][gc,phases   ] GC(12) Pause Mark Start 0.005ms
[22.337s][info][gc,phases   ] GC(12) Concurrent Mark 16.261ms
[22.337s][info][gc,phases   ] GC(12) Pause Mark End 0.015ms
[22.337s][info][gc,phases   ] GC(12) Concurrent Mark Free 0.002ms
[22.340s][info][gc,phases   ] GC(12) Concurrent Process Non-Strong References 2.791ms
[22.340s][info][gc,phases   ] GC(12) Concurrent Reset Relocation Set 0.002ms
[22.342s][info][gc,phases   ] GC(12) Concurrent Select Relocation Set 2.105ms
[22.342s][info][gc,phases   ] GC(12) Pause Relocate Start 0.010ms
[22.343s][info][gc,phases   ] GC(12) Concurrent Relocate 0.559ms
[22.343s][info][gc,load     ] GC(12) Load: 0.00/0.00/0.00
[22.343s][info][gc,mmu      ] GC(12) MMU: 2ms/98.5%, 5ms/99.4%, 10ms/99.6%, 20ms/99.8%, 50ms/99.9%, 100ms/99.9%
[22.343s][info][gc,marking  ] GC(12) Mark: 2 stripe(s), 1 proactive flush(es), 1 terminate flush(es), 0 completion(s), 0 continuation(s) 
[22.343s][info][gc,marking  ] GC(12) Mark Stack Usage: 32M
[22.343s][info][gc,nmethod  ] GC(12) NMethods: 2629 registered, 0 unregistered
[22.343s][info][gc,metaspace] GC(12) Metaspace: 14M used, 14M committed, 1088M reserved
[22.343s][info][gc,ref      ] GC(12) Soft: 378 encountered, 0 discovered, 0 enqueued
[22.343s][info][gc,ref      ] GC(12) Weak: 940 encountered, 13 discovered, 8 enqueued
[22.343s][info][gc,ref      ] GC(12) Final: 0 encountered, 0 discovered, 0 enqueued
[22.343s][info][gc,ref      ] GC(12) Phantom: 36 encountered, 16 discovered, 0 enqueued
[22.343s][info][gc,reloc    ] GC(12) Small Pages: 1335 / 2670M, Empty: 2646M, Relocated: 1M, In-Place: 0
[22.343s][info][gc,reloc    ] GC(12) Medium Pages: 1 / 32M, Empty: 32M, Relocated: 0M, In-Place: 0
[22.343s][info][gc,reloc    ] GC(12) Large Pages: 0 / 0M, Empty: 0M, Relocated: 0M, In-Place: 0
[22.343s][info][gc,reloc    ] GC(12) Forwarding Usage: 0M
[22.343s][info][gc,heap     ] GC(12) Min Capacity: 4096M(100%)
[22.343s][info][gc,heap     ] GC(12) Max Capacity: 4096M(100%)
[22.343s][info][gc,heap     ] GC(12) Soft Max Capacity: 4096M(100%)
[22.343s][info][gc,heap     ] GC(12)                Mark Start          Mark End        Relocate Start      Relocate End           High               Low         
[22.343s][info][gc,heap     ] GC(12)  Capacity:     4096M (100%)       4096M (100%)       4096M (100%)       4096M (100%)       4096M (100%)       4096M (100%)   
[22.343s][info][gc,heap     ] GC(12)      Free:     1394M (34%)        1394M (34%)        4072M (99%)        4086M (100%)       4086M (100%)       1394M (34%)    
[22.343s][info][gc,heap     ] GC(12)      Used:     2702M (66%)        2702M (66%)          24M (1%)           10M (0%)         2702M (66%)          10M (0%)     
[22.343s][info][gc,heap     ] GC(12)      Live:         -                 6M (0%)            6M (0%)            6M (0%)             -                  -          
[22.343s][info][gc,heap     ] GC(12) Allocated:         -                 0M (0%)            0M (0%)            0M (0%)             -                  -          
[22.343s][info][gc,heap     ] GC(12)   Garbage:         -              2695M (66%)          17M (0%)            3M (0%)             -                  -          
[22.343s][info][gc,heap     ] GC(12) Reclaimed:         -                  -              2678M (65%)        2692M (66%)            -                  -          
[22.343s][info][gc          ] GC(12) Garbage Collection (System.gc()) 2702M(66%)->10M(0%)
[24.677s][info][gc,start    ] GC(13) Garbage Collection (Proactive)
[24.677s][info][gc,task     ] GC(13) Using 2 workers
[24.677s][info][gc,phases   ] GC(13) Pause Mark Start 0.010ms
[24.740s][info][gc,phases   ] GC(13) Concurrent Mark 62.348ms
[24.740s][info][gc,phases   ] GC(13) Pause Mark End 0.020ms
[24.740s][info][gc,phases   ] GC(13) Concurrent Mark Free 0.002ms
[24.743s][info][gc,phases   ] GC(13) Concurrent Process Non-Strong References 2.700ms
[24.743s][info][gc,phases   ] GC(13) Concurrent Reset Relocation Set 0.001ms
[24.749s][info][gc,phases   ] GC(13) Concurrent Select Relocation Set 5.614ms
[24.749s][info][gc,phases   ] GC(13) Pause Relocate Start 0.012ms
[24.774s][info][gc,phases   ] GC(13) Concurrent Relocate 25.443ms
[24.775s][info][gc,load     ] GC(13) Load: 0.00/0.00/0.00
[24.775s][info][gc,mmu      ] GC(13) MMU: 2ms/98.5%, 5ms/99.4%, 10ms/99.6%, 20ms/99.8%, 50ms/99.9%, 100ms/99.9%
[24.775s][info][gc,marking  ] GC(13) Mark: 2 stripe(s), 3 proactive flush(es), 1 terminate flush(es), 0 completion(s), 0 continuation(s) 
[24.775s][info][gc,marking  ] GC(13) Mark Stack Usage: 32M
[24.775s][info][gc,nmethod  ] GC(13) NMethods: 2636 registered, 0 unregistered
[24.775s][info][gc,metaspace] GC(13) Metaspace: 14M used, 14M committed, 1088M reserved
[24.775s][info][gc,ref      ] GC(13) Soft: 378 encountered, 0 discovered, 0 enqueued
[24.775s][info][gc,ref      ] GC(13) Weak: 937 encountered, 405 discovered, 7 enqueued
[24.775s][info][gc,ref      ] GC(13) Final: 0 encountered, 0 discovered, 0 enqueued
[24.775s][info][gc,ref      ] GC(13) Phantom: 36 encountered, 18 discovered, 0 enqueued
[24.775s][info][gc,reloc    ] GC(13) Small Pages: 1108 / 2216M, Empty: 2098M, Relocated: 25M, In-Place: 0
[24.775s][info][gc,reloc    ] GC(13) Medium Pages: 1 / 32M, Empty: 0M, Relocated: 0M, In-Place: 0
[24.775s][info][gc,reloc    ] GC(13) Large Pages: 0 / 0M, Empty: 0M, Relocated: 0M, In-Place: 0
[24.775s][info][gc,reloc    ] GC(13) Forwarding Usage: 15M
[24.775s][info][gc,heap     ] GC(13) Min Capacity: 4096M(100%)
[24.775s][info][gc,heap     ] GC(13) Max Capacity: 4096M(100%)
[24.775s][info][gc,heap     ] GC(13) Soft Max Capacity: 4096M(100%)
[24.775s][info][gc,heap     ] GC(13)                Mark Start          Mark End        Relocate Start      Relocate End           High               Low         
[24.775s][info][gc,heap     ] GC(13)  Capacity:     4096M (100%)       4096M (100%)       4096M (100%)       4096M (100%)       4096M (100%)       4096M (100%)   
[24.775s][info][gc,heap     ] GC(13)      Free:     1848M (45%)        1714M (42%)        3794M (93%)        3772M (92%)        3812M (93%)        1708M (42%)    
[24.775s][info][gc,heap     ] GC(13)      Used:     2248M (55%)        2382M (58%)         302M (7%)          324M (8%)         2388M (58%)         284M (7%)     
[24.775s][info][gc,heap     ] GC(13)      Live:         -                39M (1%)           39M (1%)           39M (1%)             -                  -          
[24.775s][info][gc,heap     ] GC(13) Allocated:         -               134M (3%)          152M (4%)          247M (6%)             -                  -          
[24.775s][info][gc,heap     ] GC(13)   Garbage:         -              2208M (54%)         110M (3%)           36M (1%)             -                  -          
[24.775s][info][gc,heap     ] GC(13) Reclaimed:         -                  -              2098M (51%)        2171M (53%)            -                  -          
[24.775s][info][gc          ] GC(13) Garbage Collection (Proactive) 2248M(55%)->324M(8%)
[24.835s][info][gc,start    ] GC(14) Garbage Collection (System.gc())
[24.835s][info][gc,task     ] GC(14) Using 2 workers
[24.835s][info][gc,phases   ] GC(14) Pause Mark Start 0.005ms
[24.850s][info][gc,phases   ] GC(14) Concurrent Mark 14.626ms
[24.850s][info][gc,phases   ] GC(14) Pause Mark End 0.024ms
[24.850s][info][gc,phases   ] GC(14) Concurrent Mark Free 0.002ms
[24.853s][info][gc,phases   ] GC(14) Concurrent Process Non-Strong References 2.929ms
[24.853s][info][gc,phases   ] GC(14) Concurrent Reset Relocation Set 0.007ms
[24.856s][info][gc,phases   ] GC(14) Concurrent Select Relocation Set 2.333ms
[24.856s][info][gc,phases   ] GC(14) Pause Relocate Start 0.015ms
[24.857s][info][gc,phases   ] GC(14) Concurrent Relocate 1.204ms
[24.857s][info][gc,load     ] GC(14) Load: 0.00/0.00/0.00
[24.857s][info][gc,mmu      ] GC(14) MMU: 2ms/98.5%, 5ms/99.4%, 10ms/99.6%, 20ms/99.8%, 50ms/99.9%, 100ms/99.9%
[24.857s][info][gc,marking  ] GC(14) Mark: 2 stripe(s), 2 proactive flush(es), 1 terminate flush(es), 0 completion(s), 0 continuation(s) 
[24.857s][info][gc,marking  ] GC(14) Mark Stack Usage: 32M
[24.857s][info][gc,nmethod  ] GC(14) NMethods: 2638 registered, 0 unregistered
[24.857s][info][gc,metaspace] GC(14) Metaspace: 14M used, 14M committed, 1088M reserved
[24.857s][info][gc,ref      ] GC(14) Soft: 378 encountered, 0 discovered, 0 enqueued
[24.857s][info][gc,ref      ] GC(14) Weak: 933 encountered, 439 discovered, 2 enqueued
[24.857s][info][gc,ref      ] GC(14) Final: 0 encountered, 0 discovered, 0 enqueued
[24.857s][info][gc,ref      ] GC(14) Phantom: 36 encountered, 24 discovered, 0 enqueued
[24.857s][info][gc,reloc    ] GC(14) Small Pages: 251 / 502M, Empty: 480M, Relocated: 1M, In-Place: 0
[24.857s][info][gc,reloc    ] GC(14) Medium Pages: 1 / 32M, Empty: 32M, Relocated: 0M, In-Place: 0
[24.857s][info][gc,reloc    ] GC(14) Large Pages: 0 / 0M, Empty: 0M, Relocated: 0M, In-Place: 0
[24.857s][info][gc,reloc    ] GC(14) Forwarding Usage: 0M
[24.857s][info][gc,heap     ] GC(14) Min Capacity: 4096M(100%)
[24.857s][info][gc,heap     ] GC(14) Max Capacity: 4096M(100%)
[24.857s][info][gc,heap     ] GC(14) Soft Max Capacity: 4096M(100%)
[24.857s][info][gc,heap     ] GC(14)                Mark Start          Mark End        Relocate Start      Relocate End           High               Low         
[24.857s][info][gc,heap     ] GC(14)  Capacity:     4096M (100%)       4096M (100%)       4096M (100%)       4096M (100%)       4096M (100%)       4096M (100%)   
[24.857s][info][gc,heap     ] GC(14)      Free:     3562M (87%)        3562M (87%)        4074M (99%)        4086M (100%)       4086M (100%)       3562M (87%)    
[24.857s][info][gc,heap     ] GC(14)      Used:      534M (13%)         534M (13%)          22M (1%)           10M (0%)          534M (13%)          10M (0%)     
[24.857s][info][gc,heap     ] GC(14)      Live:         -                 6M (0%)            6M (0%)            6M (0%)             -                  -          
[24.857s][info][gc,heap     ] GC(14) Allocated:         -                 0M (0%)            0M (0%)            0M (0%)             -                  -          
[24.857s][info][gc,heap     ] GC(14)   Garbage:         -               527M (13%)          15M (0%)            3M (0%)             -                  -          
[24.857s][info][gc,heap     ] GC(14) Reclaimed:         -                  -               512M (12%)         524M (13%)            -                  -          
[24.857s][info][gc          ] GC(14) Garbage Collection (System.gc()) 534M(13%)->10M(0%)
[27.290s][info][gc,start    ] GC(15) Garbage Collection (System.gc())
[27.290s][info][gc,task     ] GC(15) Using 2 workers
[27.290s][info][gc,phases   ] GC(15) Pause Mark Start 0.004ms
[27.300s][info][gc,phases   ] GC(15) Concurrent Mark 10.323ms
[27.300s][info][gc,phases   ] GC(15) Pause Mark End 0.017ms
[27.300s][info][gc,phases   ] GC(15) Concurrent Mark Free 0.002ms
[27.303s][info][gc,phases   ] GC(15) Concurrent Process Non-Strong References 2.624ms
[27.303s][info][gc,phases   ] GC(15) Concurrent Reset Relocation Set 0.001ms
[27.305s][info][gc,phases   ] GC(15) Concurrent Select Relocation Set 1.372ms
[27.305s][info][gc,phases   ] GC(15) Pause Relocate Start 0.008ms
[27.305s][info][gc,phases   ] GC(15) Concurrent Relocate 0.620ms
[27.305s][info][gc,load     ] GC(15) Load: 0.00/0.00/0.00
[27.305s][info][gc,mmu      ] GC(15) MMU: 2ms/98.5%, 5ms/99.4%, 10ms/99.6%, 20ms/99.8%, 50ms/99.9%, 100ms/99.9%
[27.305s][info][gc,marking  ] GC(15) Mark: 2 stripe(s), 1 proactive flush(es), 1 terminate flush(es), 0 completion(s), 0 continuation(s) 
[27.305s][info][gc,marking  ] GC(15) Mark Stack Usage: 32M
[27.305s][info][gc,nmethod  ] GC(15) NMethods: 2644 registered, 0 unregistered
[27.305s][info][gc,metaspace] GC(15) Metaspace: 14M used, 14M committed, 1088M reserved
[27.305s][info][gc,ref      ] GC(15) Soft: 378 encountered, 0 discovered, 0 enqueued
[27.305s][info][gc,ref      ] GC(15) Weak: 939 encountered, 13 discovered, 8 enqueued
[27.305s][info][gc,ref      ] GC(15) Final: 0 encountered, 0 discovered, 0 enqueued
[27.305s][info][gc,ref      ] GC(15) Phantom: 36 encountered, 16 discovered, 0 enqueued
[27.305s][info][gc,reloc    ] GC(15) Small Pages: 1336 / 2672M, Empty: 2648M, Relocated: 1M, In-Place: 0
[27.305s][info][gc,reloc    ] GC(15) Medium Pages: 1 / 32M, Empty: 32M, Relocated: 0M, In-Place: 0
[27.305s][info][gc,reloc    ] GC(15) Large Pages: 0 / 0M, Empty: 0M, Relocated: 0M, In-Place: 0
[27.305s][info][gc,reloc    ] GC(15) Forwarding Usage: 0M
[27.305s][info][gc,heap     ] GC(15) Min Capacity: 4096M(100%)
[27.305s][info][gc,heap     ] GC(15) Max Capacity: 4096M(100%)
[27.305s][info][gc,heap     ] GC(15) Soft Max Capacity: 4096M(100%)
[27.305s][info][gc,heap     ] GC(15)                Mark Start          Mark End        Relocate Start      Relocate End           High               Low         
[27.305s][info][gc,heap     ] GC(15)  Capacity:     4096M (100%)       4096M (100%)       4096M (100%)       4096M (100%)       4096M (100%)       4096M (100%)   
[27.305s][info][gc,heap     ] GC(15)      Free:     1392M (34%)        1392M (34%)        4072M (99%)        4086M (100%)       4086M (100%)       1392M (34%)    
[27.306s][info][gc,heap     ] GC(15)      Used:     2704M (66%)        2704M (66%)          24M (1%)           10M (0%)         2704M (66%)          10M (0%)     
[27.306s][info][gc,heap     ] GC(15)      Live:         -                 6M (0%)            6M (0%)            6M (0%)             -                  -          
[27.306s][info][gc,heap     ] GC(15) Allocated:         -                 0M (0%)            0M (0%)            0M (0%)             -                  -          
[27.306s][info][gc,heap     ] GC(15)   Garbage:         -              2697M (66%)          17M (0%)            3M (0%)             -                  -          
[27.306s][info][gc,heap     ] GC(15) Reclaimed:         -                  -              2680M (65%)        2694M (66%)            -                  -          
[27.306s][info][gc          ] GC(15) Garbage Collection (System.gc()) 2704M(66%)->10M(0%)
[29.744s][info][gc,start    ] GC(16) Garbage Collection (System.gc())
[29.744s][info][gc,task     ] GC(16) Using 2 workers
[29.744s][info][gc,phases   ] GC(16) Pause Mark Start 0.005ms
[29.765s][info][gc,phases   ] GC(16) Concurrent Mark 21.037ms
[29.765s][info][gc,phases   ] GC(16) Pause Mark End 0.016ms
[29.765s][info][gc,phases   ] GC(16) Concurrent Mark Free 0.001ms
[29.768s][info][gc,phases   ] GC(16) Concurrent Process Non-Strong References 2.522ms
[29.768s][info][gc,phases   ] GC(16) Concurrent Reset Relocation Set 0.001ms
[29.770s][info][gc,phases   ] GC(16) Concurrent Select Relocation Set 1.809ms
[29.770s][info][gc,phases   ] GC(16) Pause Relocate Start 0.010ms
[29.771s][info][gc,phases   ] GC(16) Concurrent Relocate 1.019ms
[29.771s][info][gc,load     ] GC(16) Load: 0.00/0.00/0.00
[29.771s][info][gc,mmu      ] GC(16) MMU: 2ms/98.5%, 5ms/99.4%, 10ms/99.6%, 20ms/99.8%, 50ms/99.9%, 100ms/99.9%
[29.771s][info][gc,marking  ] GC(16) Mark: 2 stripe(s), 2 proactive flush(es), 1 terminate flush(es), 0 completion(s), 0 continuation(s) 
[29.771s][info][gc,marking  ] GC(16) Mark Stack Usage: 32M
[29.771s][info][gc,nmethod  ] GC(16) NMethods: 2655 registered, 0 unregistered
[29.771s][info][gc,metaspace] GC(16) Metaspace: 14M used, 14M committed, 1088M reserved
[29.771s][info][gc,ref      ] GC(16) Soft: 378 encountered, 0 discovered, 0 enqueued
[29.771s][info][gc,ref      ] GC(16) Weak: 940 encountered, 698 discovered, 8 enqueued
[29.771s][info][gc,ref      ] GC(16) Final: 0 encountered, 0 discovered, 0 enqueued
[29.771s][info][gc,ref      ] GC(16) Phantom: 36 encountered, 17 discovered, 0 enqueued
[29.771s][info][gc,reloc    ] GC(16) Small Pages: 1335 / 2670M, Empty: 2646M, Relocated: 1M, In-Place: 0
[29.771s][info][gc,reloc    ] GC(16) Medium Pages: 1 / 32M, Empty: 32M, Relocated: 0M, In-Place: 0
[29.771s][info][gc,reloc    ] GC(16) Large Pages: 0 / 0M, Empty: 0M, Relocated: 0M, In-Place: 0
[29.771s][info][gc,reloc    ] GC(16) Forwarding Usage: 0M
[29.771s][info][gc,heap     ] GC(16) Min Capacity: 4096M(100%)
[29.771s][info][gc,heap     ] GC(16) Max Capacity: 4096M(100%)
[29.771s][info][gc,heap     ] GC(16) Soft Max Capacity: 4096M(100%)
[29.771s][info][gc,heap     ] GC(16)                Mark Start          Mark End        Relocate Start      Relocate End           High               Low         
[29.771s][info][gc,heap     ] GC(16)  Capacity:     4096M (100%)       4096M (100%)       4096M (100%)       4096M (100%)       4096M (100%)       4096M (100%)   
[29.771s][info][gc,heap     ] GC(16)      Free:     1394M (34%)        1392M (34%)        4070M (99%)        4084M (100%)       4084M (100%)       1392M (34%)    
[29.771s][info][gc,heap     ] GC(16)      Used:     2702M (66%)        2704M (66%)          26M (1%)           12M (0%)         2704M (66%)          12M (0%)     
[29.771s][info][gc,heap     ] GC(16)      Live:         -                 6M (0%)            6M (0%)            6M (0%)             -                  -          
[29.771s][info][gc,heap     ] GC(16) Allocated:         -                 2M (0%)            2M (0%)            2M (0%)             -                  -          
[29.771s][info][gc,heap     ] GC(16)   Garbage:         -              2695M (66%)          17M (0%)            3M (0%)             -                  -          
[29.771s][info][gc,heap     ] GC(16) Reclaimed:         -                  -              2678M (65%)        2692M (66%)            -                  -          
[29.771s][info][gc          ] GC(16) Garbage Collection (System.gc()) 2702M(66%)->12M(0%)
[30.174s][info][gc,stats    ] === Garbage Collection Statistics =======================================================================================================================
[30.174s][info][gc,stats    ]                                                              Last 10s              Last 10m              Last 10h                Total
[30.174s][info][gc,stats    ]                                                              Avg / Max             Avg / Max             Avg / Max             Avg / Max
[30.174s][info][gc,stats    ]   Collector: Garbage Collection Cycle                     36.906 / 97.346       44.246 / 113.591      44.246 / 113.591      44.246 / 113.591     ms
[30.174s][info][gc,stats    ]  Contention: Mark Segment Reset Contention                     0 / 3                 0 / 3                 0 / 3                 0 / 3           ops/s
[30.174s][info][gc,stats    ]  Contention: Mark SeqNum Reset Contention                      0 / 1                 0 / 1                 0 / 1                 0 / 1           ops/s
[30.174s][info][gc,stats    ]    Critical: Allocation Stall                                  0 / 0                 0 / 0                 0 / 0                 0 / 0           ops/s
[30.174s][info][gc,stats    ]    Critical: Allocation Stall                              0.000 / 0.000         0.000 / 0.000         0.000 / 0.000         0.000 / 0.000       ms
[30.174s][info][gc,stats    ]    Critical: GC Locker Stall                                   0 / 0                 0 / 0                 0 / 0                 0 / 0           ops/s
[30.174s][info][gc,stats    ]    Critical: GC Locker Stall                               0.000 / 0.000         0.000 / 0.000         0.000 / 0.000         0.000 / 0.000       ms
[30.174s][info][gc,stats    ]    Critical: Relocation Stall                                  0 / 0                 0 / 0                 0 / 0                 0 / 0           ops/s
[30.174s][info][gc,stats    ]    Critical: Relocation Stall                              0.000 / 0.000         0.000 / 0.000         0.000 / 0.000         0.000 / 0.000       ms
[30.174s][info][gc,stats    ]      Memory: Allocation Rate                                1077 / 1364            995 / 1370            995 / 1370            995 / 1370        MB/s
[30.174s][info][gc,stats    ]      Memory: Out Of Memory                                     0 / 0                 0 / 0                 0 / 0                 0 / 0           ops/s
[30.174s][info][gc,stats    ]      Memory: Page Cache Flush                                  0 / 0                 0 / 0                 0 / 0                 0 / 0           MB/s
[30.174s][info][gc,stats    ]      Memory: Page Cache Hit L1                               535 / 678             449 / 678             449 / 678             449 / 678         ops/s
[30.175s][info][gc,stats    ]      Memory: Page Cache Hit L2                                 0 / 0                 0 / 0                 0 / 0                 0 / 0           ops/s
[30.175s][info][gc,stats    ]      Memory: Page Cache Hit L3                                 0 / 0                44 / 392              44 / 392              44 / 392         ops/s
[30.175s][info][gc,stats    ]      Memory: Page Cache Miss                                   0 / 0                 0 / 1                 0 / 1                 0 / 1           ops/s
[30.175s][info][gc,stats    ]      Memory: Uncommit                                          0 / 0                 0 / 0                 0 / 0                 0 / 0           MB/s
[30.175s][info][gc,stats    ]      Memory: Undo Object Allocation Failed                     0 / 0                 0 / 0                 0 / 0                 0 / 0           ops/s
[30.175s][info][gc,stats    ]      Memory: Undo Object Allocation Succeeded                  0 / 0                 0 / 0                 0 / 0                 0 / 0           ops/s
[30.175s][info][gc,stats    ]      Memory: Undo Page Allocation                              0 / 0                 0 / 0                 0 / 0                 0 / 0           ops/s
[30.175s][info][gc,stats    ]       Phase: Concurrent Mark                              24.919 / 62.348       31.385 / 78.232       31.385 / 78.232       31.385 / 78.232      ms
[30.175s][info][gc,stats    ]       Phase: Concurrent Mark Continue                      0.000 / 0.000         0.000 / 0.000         0.000 / 0.000         0.000 / 0.000       ms
[30.175s][info][gc,stats    ]       Phase: Concurrent Mark Free                          0.002 / 0.002         0.002 / 0.002         0.002 / 0.002         0.002 / 0.002       ms
[30.175s][info][gc,stats    ]       Phase: Concurrent Process Non-Strong References      2.713 / 2.929         2.577 / 3.049         2.577 / 3.049         2.577 / 3.049       ms
[30.175s][info][gc,stats    ]       Phase: Concurrent Relocate                           5.769 / 25.443        6.452 / 26.680        6.452 / 26.680        6.452 / 26.680      ms
[30.175s][info][gc,stats    ]       Phase: Concurrent Reset Relocation Set               0.002 / 0.007         0.003 / 0.008         0.003 / 0.008         0.003 / 0.008       ms
[30.175s][info][gc,stats    ]       Phase: Concurrent Select Relocation Set              2.647 / 5.614         2.954 / 5.896         2.954 / 5.896         2.954 / 5.896       ms
[30.175s][info][gc,stats    ]       Phase: Pause Mark End                                0.018 / 0.024         0.019 / 0.031         0.019 / 0.031         0.019 / 0.031       ms
[30.175s][info][gc,stats    ]       Phase: Pause Mark Start                              0.006 / 0.010         0.007 / 0.014         0.007 / 0.014         0.007 / 0.014       ms
[30.175s][info][gc,stats    ]       Phase: Pause Relocate Start                          0.011 / 0.015         0.010 / 0.020         0.010 / 0.020         0.010 / 0.020       ms
[30.175s][info][gc,stats    ]    Subphase: Concurrent Classes Purge                      0.131 / 0.153         0.110 / 0.153         0.110 / 0.153         0.110 / 0.153       ms
[30.175s][info][gc,stats    ]    Subphase: Concurrent Classes Unlink                     2.044 / 2.161         1.925 / 2.348         1.925 / 2.348         1.925 / 2.348       ms
[30.175s][info][gc,stats    ]    Subphase: Concurrent Mark                              19.184 / 61.608       25.877 / 77.416       25.877 / 77.416       25.877 / 77.416      ms
[30.175s][info][gc,stats    ]    Subphase: Concurrent Mark Try Flush                     0.070 / 0.145         0.066 / 0.162         0.066 / 0.162         0.066 / 0.162       ms
[30.175s][info][gc,stats    ]    Subphase: Concurrent Mark Try Terminate                 4.323 / 16.744        4.130 / 16.744        4.130 / 16.744        4.130 / 16.744      ms
[30.175s][info][gc,stats    ]    Subphase: Concurrent References Enqueue                 0.006 / 0.008         0.005 / 0.008         0.005 / 0.008         0.005 / 0.008       ms
[30.175s][info][gc,stats    ]    Subphase: Concurrent References Process                 0.156 / 0.216         0.162 / 0.235         0.162 / 0.235         0.162 / 0.235       ms
[30.175s][info][gc,stats    ]    Subphase: Concurrent Roots ClassLoaderDataGraph         0.052 / 0.146         0.049 / 0.243         0.049 / 0.243         0.049 / 0.243       ms
[30.175s][info][gc,stats    ]    Subphase: Concurrent Roots CodeCache                    0.000 / 0.000         0.000 / 0.000         0.000 / 0.000         0.000 / 0.000       ms
[30.175s][info][gc,stats    ]    Subphase: Concurrent Roots JavaThreads                  0.290 / 0.529         0.278 / 0.656         0.278 / 0.656         0.278 / 0.656       ms
[30.175s][info][gc,stats    ]    Subphase: Concurrent Roots OopStorageSet                0.018 / 0.042         0.017 / 0.052         0.017 / 0.052         0.017 / 0.052       ms
[30.175s][info][gc,stats    ]    Subphase: Concurrent Weak Roots OopStorageSet           0.190 / 0.282         0.198 / 0.327         0.198 / 0.327         0.198 / 0.327       ms
[30.175s][info][gc,stats    ]    Subphase: Pause Mark Try Complete                       0.000 / 0.000         0.000 / 0.000         0.000 / 0.000         0.000 / 0.000       ms
[30.175s][info][gc,stats    ]      System: Java Threads                                     12 / 12               12 / 13               12 / 13               12 / 13          threads
[30.175s][info][gc,stats    ] =========================================================================================================================================================
[32.213s][info][gc,start    ] GC(17) Garbage Collection (System.gc())
[32.213s][info][gc,task     ] GC(17) Using 2 workers
[32.213s][info][gc,phases   ] GC(17) Pause Mark Start 0.007ms
[32.231s][info][gc,phases   ] GC(17) Concurrent Mark 17.540ms
[32.231s][info][gc,phases   ] GC(17) Pause Mark End 0.013ms
[32.231s][info][gc,phases   ] GC(17) Concurrent Mark Free 0.002ms
[32.234s][info][gc,phases   ] GC(17) Concurrent Process Non-Strong References 2.929ms
[32.234s][info][gc,phases   ] GC(17) Concurrent Reset Relocation Set 0.001ms
[32.236s][info][gc,phases   ] GC(17) Concurrent Select Relocation Set 1.678ms
[32.236s][info][gc,phases   ] GC(17) Pause Relocate Start 0.007ms
[32.236s][info][gc,phases   ] GC(17) Concurrent Relocate 0.539ms
[32.236s][info][gc,load     ] GC(17) Load: 0.00/0.00/0.00
[32.236s][info][gc,mmu      ] GC(17) MMU: 2ms/98.5%, 5ms/99.4%, 10ms/99.6%, 20ms/99.8%, 50ms/99.9%, 100ms/99.9%
[32.236s][info][gc,marking  ] GC(17) Mark: 2 stripe(s), 2 proactive flush(es), 1 terminate flush(es), 0 completion(s), 0 continuation(s) 
[32.236s][info][gc,marking  ] GC(17) Mark Stack Usage: 32M
[32.236s][info][gc,nmethod  ] GC(17) NMethods: 2662 registered, 0 unregistered
[32.236s][info][gc,metaspace] GC(17) Metaspace: 14M used, 14M committed, 1088M reserved
[32.237s][info][gc,ref      ] GC(17) Soft: 378 encountered, 0 discovered, 0 enqueued
[32.237s][info][gc,ref      ] GC(17) Weak: 940 encountered, 98 discovered, 8 enqueued
[32.237s][info][gc,ref      ] GC(17) Final: 0 encountered, 0 discovered, 0 enqueued
[32.237s][info][gc,ref      ] GC(17) Phantom: 36 encountered, 24 discovered, 0 enqueued
[32.237s][info][gc,reloc    ] GC(17) Small Pages: 1337 / 2674M, Empty: 2644M, Relocated: 1M, In-Place: 0
[32.237s][info][gc,reloc    ] GC(17) Medium Pages: 1 / 32M, Empty: 32M, Relocated: 0M, In-Place: 0
[32.237s][info][gc,reloc    ] GC(17) Large Pages: 0 / 0M, Empty: 0M, Relocated: 0M, In-Place: 0
[32.237s][info][gc,reloc    ] GC(17) Forwarding Usage: 0M
[32.237s][info][gc,heap     ] GC(17) Min Capacity: 4096M(100%)
[32.237s][info][gc,heap     ] GC(17) Max Capacity: 4096M(100%)
[32.237s][info][gc,heap     ] GC(17) Soft Max Capacity: 4096M(100%)
[32.237s][info][gc,heap     ] GC(17)                Mark Start          Mark End        Relocate Start      Relocate End           High               Low         
[32.237s][info][gc,heap     ] GC(17)  Capacity:     4096M (100%)       4096M (100%)       4096M (100%)       4096M (100%)       4096M (100%)       4096M (100%)   
[32.237s][info][gc,heap     ] GC(17)      Free:     1390M (34%)        1390M (34%)        4066M (99%)        4086M (100%)       4086M (100%)       1390M (34%)    
[32.237s][info][gc,heap     ] GC(17)      Used:     2706M (66%)        2706M (66%)          30M (1%)           10M (0%)         2706M (66%)          10M (0%)     
[32.237s][info][gc,heap     ] GC(17)      Live:         -                 6M (0%)            6M (0%)            6M (0%)             -                  -          
[32.237s][info][gc,heap     ] GC(17) Allocated:         -                 0M (0%)            0M (0%)            0M (0%)             -                  -          
[32.237s][info][gc,heap     ] GC(17)   Garbage:         -              2699M (66%)          23M (1%)            3M (0%)             -                  -          
[32.237s][info][gc,heap     ] GC(17) Reclaimed:         -                  -              2676M (65%)        2696M (66%)            -                  -          
[32.237s][info][gc          ] GC(17) Garbage Collection (System.gc()) 2706M(66%)->10M(0%)
[34.475s][info][gc,start    ] GC(18) Garbage Collection (Proactive)
[34.475s][info][gc,task     ] GC(18) Using 2 workers
[34.475s][info][gc,phases   ] GC(18) Pause Mark Start 0.014ms
[34.522s][info][gc,phases   ] GC(18) Concurrent Mark 46.937ms
[34.523s][info][gc,phases   ] GC(18) Pause Mark End 0.021ms
[34.523s][info][gc,phases   ] GC(18) Concurrent Mark Free 0.002ms
[34.526s][info][gc,phases   ] GC(18) Concurrent Process Non-Strong References 2.814ms
[34.526s][info][gc,phases   ] GC(18) Concurrent Reset Relocation Set 0.001ms
[34.531s][info][gc,phases   ] GC(18) Concurrent Select Relocation Set 5.168ms
[34.531s][info][gc,phases   ] GC(18) Pause Relocate Start 0.013ms
[34.556s][info][gc,phases   ] GC(18) Concurrent Relocate 24.746ms
[34.556s][info][gc,load     ] GC(18) Load: 0.00/0.00/0.00
[34.556s][info][gc,mmu      ] GC(18) MMU: 2ms/98.5%, 5ms/99.4%, 10ms/99.6%, 20ms/99.8%, 50ms/99.9%, 100ms/99.9%
[34.556s][info][gc,marking  ] GC(18) Mark: 2 stripe(s), 2 proactive flush(es), 1 terminate flush(es), 0 completion(s), 0 continuation(s) 
[34.556s][info][gc,marking  ] GC(18) Mark Stack Usage: 32M
[34.556s][info][gc,nmethod  ] GC(18) NMethods: 2671 registered, 0 unregistered
[34.556s][info][gc,metaspace] GC(18) Metaspace: 14M used, 14M committed, 1088M reserved
[34.556s][info][gc,ref      ] GC(18) Soft: 378 encountered, 0 discovered, 0 enqueued
[34.556s][info][gc,ref      ] GC(18) Weak: 937 encountered, 708 discovered, 6 enqueued
[34.556s][info][gc,ref      ] GC(18) Final: 0 encountered, 0 discovered, 0 enqueued
[34.556s][info][gc,ref      ] GC(18) Phantom: 36 encountered, 16 discovered, 0 enqueued
[34.556s][info][gc,reloc    ] GC(18) Small Pages: 808 / 1616M, Empty: 1502M, Relocated: 25M, In-Place: 0
[34.556s][info][gc,reloc    ] GC(18) Medium Pages: 1 / 32M, Empty: 0M, Relocated: 0M, In-Place: 0
[34.556s][info][gc,reloc    ] GC(18) Large Pages: 0 / 0M, Empty: 0M, Relocated: 0M, In-Place: 0
[34.556s][info][gc,reloc    ] GC(18) Forwarding Usage: 15M
[34.556s][info][gc,heap     ] GC(18) Min Capacity: 4096M(100%)
[34.556s][info][gc,heap     ] GC(18) Max Capacity: 4096M(100%)
[34.556s][info][gc,heap     ] GC(18) Soft Max Capacity: 4096M(100%)
[34.556s][info][gc,heap     ] GC(18)                Mark Start          Mark End        Relocate Start      Relocate End           High               Low         
[34.556s][info][gc,heap     ] GC(18)  Capacity:     4096M (100%)       4096M (100%)       4096M (100%)       4096M (100%)       4096M (100%)       4096M (100%)   
[34.556s][info][gc,heap     ] GC(18)      Free:     2448M (60%)        2340M (57%)        3822M (93%)        3802M (93%)        3838M (94%)        2332M (57%)    
[34.556s][info][gc,heap     ] GC(18)      Used:     1648M (40%)        1756M (43%)         274M (7%)          294M (7%)         1764M (43%)         258M (6%)     
[34.556s][info][gc,heap     ] GC(18)      Live:         -                39M (1%)           39M (1%)           39M (1%)             -                  -          
[34.556s][info][gc,heap     ] GC(18) Allocated:         -               108M (3%)          128M (3%)          217M (5%)             -                  -          
[34.556s][info][gc,heap     ] GC(18)   Garbage:         -              1608M (39%)         106M (3%)           36M (1%)             -                  -          
[34.556s][info][gc,heap     ] GC(18) Reclaimed:         -                  -              1502M (37%)        1571M (38%)            -                  -          
[34.556s][info][gc          ] GC(18) Garbage Collection (Proactive) 1648M(40%)->294M(7%)
[34.726s][info][gc,start    ] GC(19) Garbage Collection (System.gc())
[34.726s][info][gc,task     ] GC(19) Using 2 workers
[34.726s][info][gc,phases   ] GC(19) Pause Mark Start 0.008ms
[34.742s][info][gc,phases   ] GC(19) Concurrent Mark 16.071ms
[34.742s][info][gc,phases   ] GC(19) Pause Mark End 0.014ms
[34.742s][info][gc,phases   ] GC(19) Concurrent Mark Free 0.002ms
[34.745s][info][gc,phases   ] GC(19) Concurrent Process Non-Strong References 2.913ms
[34.745s][info][gc,phases   ] GC(19) Concurrent Reset Relocation Set 0.007ms
[34.748s][info][gc,phases   ] GC(19) Concurrent Select Relocation Set 2.381ms
[34.748s][info][gc,phases   ] GC(19) Pause Relocate Start 0.017ms
[34.749s][info][gc,phases   ] GC(19) Concurrent Relocate 1.035ms
[34.749s][info][gc,load     ] GC(19) Load: 0.00/0.00/0.00
[34.749s][info][gc,mmu      ] GC(19) MMU: 2ms/98.5%, 5ms/99.4%, 10ms/99.6%, 20ms/99.8%, 50ms/99.9%, 100ms/99.9%
[34.749s][info][gc,marking  ] GC(19) Mark: 2 stripe(s), 1 proactive flush(es), 1 terminate flush(es), 0 completion(s), 0 continuation(s) 
[34.749s][info][gc,marking  ] GC(19) Mark Stack Usage: 32M
[34.749s][info][gc,nmethod  ] GC(19) NMethods: 2675 registered, 0 unregistered
[34.749s][info][gc,metaspace] GC(19) Metaspace: 14M used, 14M committed, 1088M reserved
[34.749s][info][gc,ref      ] GC(19) Soft: 378 encountered, 0 discovered, 0 enqueued
[34.749s][info][gc,ref      ] GC(19) Weak: 934 encountered, 638 discovered, 2 enqueued
[34.749s][info][gc,ref      ] GC(19) Final: 0 encountered, 0 discovered, 0 enqueued
[34.749s][info][gc,ref      ] GC(19) Phantom: 36 encountered, 16 discovered, 0 enqueued
[34.749s][info][gc,reloc    ] GC(19) Small Pages: 549 / 1098M, Empty: 1076M, Relocated: 1M, In-Place: 0
[34.749s][info][gc,reloc    ] GC(19) Medium Pages: 1 / 32M, Empty: 32M, Relocated: 0M, In-Place: 0
[34.749s][info][gc,reloc    ] GC(19) Large Pages: 0 / 0M, Empty: 0M, Relocated: 0M, In-Place: 0
[34.749s][info][gc,reloc    ] GC(19) Forwarding Usage: 0M
[34.749s][info][gc,heap     ] GC(19) Min Capacity: 4096M(100%)
[34.749s][info][gc,heap     ] GC(19) Max Capacity: 4096M(100%)
[34.749s][info][gc,heap     ] GC(19) Soft Max Capacity: 4096M(100%)
[34.749s][info][gc,heap     ] GC(19)                Mark Start          Mark End        Relocate Start      Relocate End           High               Low         
[34.749s][info][gc,heap     ] GC(19)  Capacity:     4096M (100%)       4096M (100%)       4096M (100%)       4096M (100%)       4096M (100%)       4096M (100%)   
[34.749s][info][gc,heap     ] GC(19)      Free:     2966M (72%)        2966M (72%)        4074M (99%)        4086M (100%)       4086M (100%)       2966M (72%)    
[34.749s][info][gc,heap     ] GC(19)      Used:     1130M (28%)        1130M (28%)          22M (1%)           10M (0%)         1130M (28%)          10M (0%)     
[34.749s][info][gc,heap     ] GC(19)      Live:         -                 6M (0%)            6M (0%)            6M (0%)             -                  -          
[34.749s][info][gc,heap     ] GC(19) Allocated:         -                 0M (0%)            0M (0%)            0M (0%)             -                  -          
[34.749s][info][gc,heap     ] GC(19)   Garbage:         -              1123M (27%)          15M (0%)            3M (0%)             -                  -          
[34.749s][info][gc,heap     ] GC(19) Reclaimed:         -                  -              1108M (27%)        1120M (27%)            -                  -          
[34.749s][info][gc          ] GC(19) Garbage Collection (System.gc()) 1130M(28%)->10M(0%)
[37.202s][info][gc,start    ] GC(20) Garbage Collection (System.gc())
[37.202s][info][gc,task     ] GC(20) Using 2 workers
[37.202s][info][gc,phases   ] GC(20) Pause Mark Start 0.007ms
[37.222s][info][gc,phases   ] GC(20) Concurrent Mark 19.972ms
[37.222s][info][gc,phases   ] GC(20) Pause Mark End 0.007ms
[37.222s][info][gc,phases   ] GC(20) Concurrent Mark Free 0.001ms
[37.225s][info][gc,phases   ] GC(20) Concurrent Process Non-Strong References 2.645ms
[37.225s][info][gc,phases   ] GC(20) Concurrent Reset Relocation Set 0.001ms
[37.227s][info][gc,phases   ] GC(20) Concurrent Select Relocation Set 2.068ms
[37.227s][info][gc,phases   ] GC(20) Pause Relocate Start 0.009ms
[37.228s][info][gc,phases   ] GC(20) Concurrent Relocate 0.767ms
[37.228s][info][gc,load     ] GC(20) Load: 0.00/0.00/0.00
[37.228s][info][gc,mmu      ] GC(20) MMU: 2ms/98.5%, 5ms/99.4%, 10ms/99.6%, 20ms/99.8%, 50ms/99.9%, 100ms/99.9%
[37.228s][info][gc,marking  ] GC(20) Mark: 2 stripe(s), 1 proactive flush(es), 1 terminate flush(es), 0 completion(s), 0 continuation(s) 
[37.228s][info][gc,marking  ] GC(20) Mark Stack Usage: 32M
[37.228s][info][gc,nmethod  ] GC(20) NMethods: 2692 registered, 0 unregistered
[37.228s][info][gc,metaspace] GC(20) Metaspace: 14M used, 14M committed, 1088M reserved
[37.228s][info][gc,ref      ] GC(20) Soft: 378 encountered, 0 discovered, 0 enqueued
[37.228s][info][gc,ref      ] GC(20) Weak: 940 encountered, 14 discovered, 9 enqueued
[37.228s][info][gc,ref      ] GC(20) Final: 0 encountered, 0 discovered, 0 enqueued
[37.228s][info][gc,ref      ] GC(20) Phantom: 36 encountered, 16 discovered, 0 enqueued
[37.228s][info][gc,reloc    ] GC(20) Small Pages: 1335 / 2670M, Empty: 2648M, Relocated: 1M, In-Place: 0
[37.228s][info][gc,reloc    ] GC(20) Medium Pages: 1 / 32M, Empty: 32M, Relocated: 0M, In-Place: 0
[37.228s][info][gc,reloc    ] GC(20) Large Pages: 0 / 0M, Empty: 0M, Relocated: 0M, In-Place: 0
[37.228s][info][gc,reloc    ] GC(20) Forwarding Usage: 0M
[37.228s][info][gc,heap     ] GC(20) Min Capacity: 4096M(100%)
[37.228s][info][gc,heap     ] GC(20) Max Capacity: 4096M(100%)
[37.228s][info][gc,heap     ] GC(20) Soft Max Capacity: 4096M(100%)
[37.228s][info][gc,heap     ] GC(20)                Mark Start          Mark End        Relocate Start      Relocate End           High               Low         
[37.228s][info][gc,heap     ] GC(20)  Capacity:     4096M (100%)       4096M (100%)       4096M (100%)       4096M (100%)       4096M (100%)       4096M (100%)   
[37.228s][info][gc,heap     ] GC(20)      Free:     1394M (34%)        1394M (34%)        4074M (99%)        4086M (100%)       4086M (100%)       1394M (34%)    
[37.228s][info][gc,heap     ] GC(20)      Used:     2702M (66%)        2702M (66%)          22M (1%)           10M (0%)         2702M (66%)          10M (0%)     
[37.228s][info][gc,heap     ] GC(20)      Live:         -                 6M (0%)            6M (0%)            6M (0%)             -                  -          
[37.228s][info][gc,heap     ] GC(20) Allocated:         -                 0M (0%)            0M (0%)            0M (0%)             -                  -          
[37.228s][info][gc,heap     ] GC(20)   Garbage:         -              2695M (66%)          15M (0%)            3M (0%)             -                  -          
[37.228s][info][gc,heap     ] GC(20) Reclaimed:         -                  -              2680M (65%)        2692M (66%)            -                  -          
[37.228s][info][gc          ] GC(20) Garbage Collection (System.gc()) 2702M(66%)->10M(0%)
[39.641s][info][gc,start    ] GC(21) Garbage Collection (System.gc())
[39.642s][info][gc,task     ] GC(21) Using 2 workers
[39.642s][info][gc,phases   ] GC(21) Pause Mark Start 0.006ms
[39.656s][info][gc,phases   ] GC(21) Concurrent Mark 14.021ms
[39.656s][info][gc,phases   ] GC(21) Pause Mark End 0.013ms
[39.656s][info][gc,phases   ] GC(21) Concurrent Mark Free 0.001ms
[39.659s][info][gc,phases   ] GC(21) Concurrent Process Non-Strong References 2.956ms
[39.659s][info][gc,phases   ] GC(21) Concurrent Reset Relocation Set 0.001ms
[39.661s][info][gc,phases   ] GC(21) Concurrent Select Relocation Set 1.717ms
[39.661s][info][gc,phases   ] GC(21) Pause Relocate Start 0.008ms
[39.662s][info][gc,phases   ] GC(21) Concurrent Relocate 0.904ms
[39.662s][info][gc,load     ] GC(21) Load: 0.00/0.00/0.00
[39.662s][info][gc,mmu      ] GC(21) MMU: 2ms/98.5%, 5ms/99.4%, 10ms/99.6%, 20ms/99.8%, 50ms/99.9%, 100ms/99.9%
[39.662s][info][gc,marking  ] GC(21) Mark: 2 stripe(s), 2 proactive flush(es), 1 terminate flush(es), 0 completion(s), 0 continuation(s) 
[39.662s][info][gc,marking  ] GC(21) Mark Stack Usage: 32M
[39.662s][info][gc,nmethod  ] GC(21) NMethods: 2714 registered, 0 unregistered
[39.662s][info][gc,metaspace] GC(21) Metaspace: 14M used, 14M committed, 1088M reserved
[39.662s][info][gc,ref      ] GC(21) Soft: 378 encountered, 0 discovered, 0 enqueued
[39.662s][info][gc,ref      ] GC(21) Weak: 939 encountered, 636 discovered, 8 enqueued
[39.662s][info][gc,ref      ] GC(21) Final: 0 encountered, 0 discovered, 0 enqueued
[39.662s][info][gc,ref      ] GC(21) Phantom: 36 encountered, 16 discovered, 0 enqueued
[39.662s][info][gc,reloc    ] GC(21) Small Pages: 1335 / 2670M, Empty: 2648M, Relocated: 1M, In-Place: 0
[39.662s][info][gc,reloc    ] GC(21) Medium Pages: 1 / 32M, Empty: 32M, Relocated: 0M, In-Place: 0
[39.662s][info][gc,reloc    ] GC(21) Large Pages: 0 / 0M, Empty: 0M, Relocated: 0M, In-Place: 0
[39.662s][info][gc,reloc    ] GC(21) Forwarding Usage: 0M
[39.662s][info][gc,heap     ] GC(21) Min Capacity: 4096M(100%)
[39.662s][info][gc,heap     ] GC(21) Max Capacity: 4096M(100%)
[39.662s][info][gc,heap     ] GC(21) Soft Max Capacity: 4096M(100%)
[39.662s][info][gc,heap     ] GC(21)                Mark Start          Mark End        Relocate Start      Relocate End           High               Low         
[39.662s][info][gc,heap     ] GC(21)  Capacity:     4096M (100%)       4096M (100%)       4096M (100%)       4096M (100%)       4096M (100%)       4096M (100%)   
[39.662s][info][gc,heap     ] GC(21)      Free:     1394M (34%)        1394M (34%)        4074M (99%)        4086M (100%)       4086M (100%)       1394M (34%)    
[39.662s][info][gc,heap     ] GC(21)      Used:     2702M (66%)        2702M (66%)          22M (1%)           10M (0%)         2702M (66%)          10M (0%)     
[39.662s][info][gc,heap     ] GC(21)      Live:         -                 6M (0%)            6M (0%)            6M (0%)             -                  -          
[39.662s][info][gc,heap     ] GC(21) Allocated:         -                 0M (0%)            0M (0%)            0M (0%)             -                  -          
[39.662s][info][gc,heap     ] GC(21)   Garbage:         -              2695M (66%)          15M (0%)            3M (0%)             -                  -          
[39.662s][info][gc,heap     ] GC(21) Reclaimed:         -                  -              2680M (65%)        2692M (66%)            -                  -          
[39.662s][info][gc          ] GC(21) Garbage Collection (System.gc()) 2702M(66%)->10M(0%)
[40.173s][info][gc,stats    ] === Garbage Collection Statistics =======================================================================================================================
[40.173s][info][gc,stats    ]                                                              Last 10s              Last 10m              Last 10h                Total
[40.173s][info][gc,stats    ]                                                              Avg / Max             Avg / Max             Avg / Max             Avg / Max
[40.173s][info][gc,stats    ]   Collector: Garbage Collection Cycle                     34.778 / 80.890       42.094 / 113.591      42.094 / 113.591      42.094 / 113.591     ms
[40.173s][info][gc,stats    ]  Contention: Mark Segment Reset Contention                     0 / 0                 0 / 3                 0 / 3                 0 / 3           ops/s
[40.173s][info][gc,stats    ]  Contention: Mark SeqNum Reset Contention                      0 / 0                 0 / 1                 0 / 1                 0 / 1           ops/s
[40.173s][info][gc,stats    ]    Critical: Allocation Stall                                  0 / 0                 0 / 0                 0 / 0                 0 / 0           ops/s
[40.173s][info][gc,stats    ]    Critical: Allocation Stall                              0.000 / 0.000         0.000 / 0.000         0.000 / 0.000         0.000 / 0.000       ms
[40.173s][info][gc,stats    ]    Critical: GC Locker Stall                                   0 / 0                 0 / 0                 0 / 0                 0 / 0           ops/s
[40.173s][info][gc,stats    ]    Critical: GC Locker Stall                               0.000 / 0.000         0.000 / 0.000         0.000 / 0.000         0.000 / 0.000       ms
[40.173s][info][gc,stats    ]    Critical: Relocation Stall                                  0 / 0                 0 / 0                 0 / 0                 0 / 0           ops/s
[40.173s][info][gc,stats    ]    Critical: Relocation Stall                              0.000 / 0.000         0.000 / 0.000         0.000 / 0.000         0.000 / 0.000       ms
[40.173s][info][gc,stats    ]      Memory: Allocation Rate                                1076 / 1376           1015 / 1376           1015 / 1376           1015 / 1376        MB/s
[40.173s][info][gc,stats    ]      Memory: Out Of Memory                                     0 / 0                 0 / 0                 0 / 0                 0 / 0           ops/s
[40.173s][info][gc,stats    ]      Memory: Page Cache Flush                                  0 / 0                 0 / 0                 0 / 0                 0 / 0           MB/s
[40.173s][info][gc,stats    ]      Memory: Page Cache Hit L1                               534 / 689             470 / 689             470 / 689             470 / 689         ops/s
[40.173s][info][gc,stats    ]      Memory: Page Cache Hit L2                                 0 / 0                 0 / 0                 0 / 0                 0 / 0           ops/s
[40.173s][info][gc,stats    ]      Memory: Page Cache Hit L3                                 0 / 1                33 / 392              33 / 392              33 / 392         ops/s
[40.173s][info][gc,stats    ]      Memory: Page Cache Miss                                   0 / 0                 0 / 1                 0 / 1                 0 / 1           ops/s
[40.173s][info][gc,stats    ]      Memory: Uncommit                                          0 / 0                 0 / 0                 0 / 0                 0 / 0           MB/s
[40.173s][info][gc,stats    ]      Memory: Undo Object Allocation Failed                     0 / 0                 0 / 0                 0 / 0                 0 / 0           ops/s
[40.173s][info][gc,stats    ]      Memory: Undo Object Allocation Succeeded                  0 / 0                 0 / 0                 0 / 0                 0 / 0           ops/s
[40.173s][info][gc,stats    ]      Memory: Undo Page Allocation                              0 / 0                 0 / 0                 0 / 0                 0 / 0           ops/s
[40.173s][info][gc,stats    ]       Phase: Concurrent Mark                              22.908 / 46.937       29.459 / 78.232       29.459 / 78.232       29.459 / 78.232      ms
[40.173s][info][gc,stats    ]       Phase: Concurrent Mark Continue                      0.000 / 0.000         0.000 / 0.000         0.000 / 0.000         0.000 / 0.000       ms
[40.173s][info][gc,stats    ]       Phase: Concurrent Mark Free                          0.001 / 0.002         0.002 / 0.002         0.002 / 0.002         0.002 / 0.002       ms
[40.173s][info][gc,stats    ]       Phase: Concurrent Process Non-Strong References      2.851 / 2.956         2.640 / 3.049         2.640 / 3.049         2.640 / 3.049       ms
[40.173s][info][gc,stats    ]       Phase: Concurrent Relocate                           5.598 / 24.746        6.258 / 26.680        6.258 / 26.680        6.258 / 26.680      ms
[40.173s][info][gc,stats    ]       Phase: Concurrent Reset Relocation Set               0.002 / 0.007         0.003 / 0.008         0.003 / 0.008         0.003 / 0.008       ms
[40.173s][info][gc,stats    ]       Phase: Concurrent Select Relocation Set              2.602 / 5.168         2.874 / 5.896         2.874 / 5.896         2.874 / 5.896       ms
[40.174s][info][gc,stats    ]       Phase: Pause Mark End                                0.013 / 0.021         0.018 / 0.031         0.018 / 0.031         0.018 / 0.031       ms
[40.174s][info][gc,stats    ]       Phase: Pause Mark Start                              0.008 / 0.014         0.007 / 0.014         0.007 / 0.014         0.007 / 0.014       ms
[40.174s][info][gc,stats    ]       Phase: Pause Relocate Start                          0.011 / 0.017         0.010 / 0.020         0.010 / 0.020         0.010 / 0.020       ms
[40.174s][info][gc,stats    ]    Subphase: Concurrent Classes Purge                      0.133 / 0.144         0.116 / 0.153         0.116 / 0.153         0.116 / 0.153       ms
[40.174s][info][gc,stats    ]    Subphase: Concurrent Classes Unlink                     2.043 / 2.138         1.952 / 2.348         1.952 / 2.348         1.952 / 2.348       ms
[40.174s][info][gc,stats    ]    Subphase: Concurrent Mark                              16.990 / 46.062       23.857 / 77.416       23.857 / 77.416       23.857 / 77.416      ms
[40.174s][info][gc,stats    ]    Subphase: Concurrent Mark Try Flush                     0.128 / 0.514         0.079 / 0.514         0.079 / 0.514         0.079 / 0.514       ms
[40.174s][info][gc,stats    ]    Subphase: Concurrent Mark Try Terminate                 4.012 / 16.009        4.105 / 16.744        4.105 / 16.744        4.105 / 16.744      ms
[40.174s][info][gc,stats    ]    Subphase: Concurrent References Enqueue                 0.006 / 0.007         0.005 / 0.008         0.005 / 0.008         0.005 / 0.008       ms
[40.174s][info][gc,stats    ]    Subphase: Concurrent References Process                 0.186 / 0.251         0.167 / 0.251         0.167 / 0.251         0.167 / 0.251       ms
[40.174s][info][gc,stats    ]    Subphase: Concurrent Roots ClassLoaderDataGraph         0.038 / 0.097         0.046 / 0.243         0.046 / 0.243         0.046 / 0.243       ms
[40.174s][info][gc,stats    ]    Subphase: Concurrent Roots CodeCache                    0.000 / 0.000         0.000 / 0.000         0.000 / 0.000         0.000 / 0.000       ms
[40.174s][info][gc,stats    ]    Subphase: Concurrent Roots JavaThreads                  0.209 / 0.529         0.263 / 0.656         0.263 / 0.656         0.263 / 0.656       ms
[40.174s][info][gc,stats    ]    Subphase: Concurrent Roots OopStorageSet                0.010 / 0.017         0.016 / 0.052         0.016 / 0.052         0.016 / 0.052       ms
[40.174s][info][gc,stats    ]    Subphase: Concurrent Weak Roots OopStorageSet           0.248 / 0.273         0.209 / 0.327         0.209 / 0.327         0.209 / 0.327       ms
[40.174s][info][gc,stats    ]    Subphase: Pause Mark Try Complete                       0.000 / 0.000         0.000 / 0.000         0.000 / 0.000         0.000 / 0.000       ms
[40.174s][info][gc,stats    ]      System: Java Threads                                     12 / 12               12 / 13               12 / 13               12 / 13          threads
[40.174s][info][gc,stats    ] =========================================================================================================================================================
[42.100s][info][gc,start    ] GC(22) Garbage Collection (System.gc())
[42.100s][info][gc,task     ] GC(22) Using 2 workers
[42.100s][info][gc,phases   ] GC(22) Pause Mark Start 0.009ms
[42.121s][info][gc,phases   ] GC(22) Concurrent Mark 20.551ms
[42.121s][info][gc,phases   ] GC(22) Pause Mark End 0.015ms
[42.121s][info][gc,phases   ] GC(22) Concurrent Mark Free 0.002ms
[42.125s][info][gc,phases   ] GC(22) Concurrent Process Non-Strong References 3.392ms
[42.125s][info][gc,phases   ] GC(22) Concurrent Reset Relocation Set 0.002ms
[42.126s][info][gc,phases   ] GC(22) Concurrent Select Relocation Set 1.568ms
[42.126s][info][gc,phases   ] GC(22) Pause Relocate Start 0.009ms
[42.127s][info][gc,phases   ] GC(22) Concurrent Relocate 0.772ms
[42.127s][info][gc,load     ] GC(22) Load: 0.00/0.00/0.00
[42.127s][info][gc,mmu      ] GC(22) MMU: 2ms/98.5%, 5ms/99.4%, 10ms/99.6%, 20ms/99.8%, 50ms/99.9%, 100ms/99.9%
[42.127s][info][gc,marking  ] GC(22) Mark: 2 stripe(s), 2 proactive flush(es), 1 terminate flush(es), 0 completion(s), 0 continuation(s) 
[42.127s][info][gc,marking  ] GC(22) Mark Stack Usage: 32M
[42.127s][info][gc,nmethod  ] GC(22) NMethods: 2722 registered, 0 unregistered
[42.127s][info][gc,metaspace] GC(22) Metaspace: 14M used, 14M committed, 1088M reserved
[42.127s][info][gc,ref      ] GC(22) Soft: 378 encountered, 0 discovered, 0 enqueued
[42.127s][info][gc,ref      ] GC(22) Weak: 940 encountered, 430 discovered, 9 enqueued
[42.127s][info][gc,ref      ] GC(22) Final: 0 encountered, 0 discovered, 0 enqueued
[42.127s][info][gc,ref      ] GC(22) Phantom: 36 encountered, 24 discovered, 0 enqueued
[42.127s][info][gc,reloc    ] GC(22) Small Pages: 1335 / 2670M, Empty: 2648M, Relocated: 1M, In-Place: 0
[42.127s][info][gc,reloc    ] GC(22) Medium Pages: 1 / 32M, Empty: 32M, Relocated: 0M, In-Place: 0
[42.127s][info][gc,reloc    ] GC(22) Large Pages: 0 / 0M, Empty: 0M, Relocated: 0M, In-Place: 0
[42.127s][info][gc,reloc    ] GC(22) Forwarding Usage: 0M
[42.127s][info][gc,heap     ] GC(22) Min Capacity: 4096M(100%)
[42.127s][info][gc,heap     ] GC(22) Max Capacity: 4096M(100%)
[42.127s][info][gc,heap     ] GC(22) Soft Max Capacity: 4096M(100%)
[42.127s][info][gc,heap     ] GC(22)                Mark Start          Mark End        Relocate Start      Relocate End           High               Low         
[42.127s][info][gc,heap     ] GC(22)  Capacity:     4096M (100%)       4096M (100%)       4096M (100%)       4096M (100%)       4096M (100%)       4096M (100%)   
[42.127s][info][gc,heap     ] GC(22)      Free:     1394M (34%)        1394M (34%)        4074M (99%)        4086M (100%)       4086M (100%)       1394M (34%)    
[42.127s][info][gc,heap     ] GC(22)      Used:     2702M (66%)        2702M (66%)          22M (1%)           10M (0%)         2702M (66%)          10M (0%)     
[42.127s][info][gc,heap     ] GC(22)      Live:         -                 6M (0%)            6M (0%)            6M (0%)             -                  -          
[42.127s][info][gc,heap     ] GC(22) Allocated:         -                 0M (0%)            0M (0%)            0M (0%)             -                  -          
[42.127s][info][gc,heap     ] GC(22)   Garbage:         -              2695M (66%)          15M (0%)            3M (0%)             -                  -          
[42.127s][info][gc,heap     ] GC(22) Reclaimed:         -                  -              2680M (65%)        2692M (66%)            -                  -          
[42.128s][info][gc          ] GC(22) Garbage Collection (System.gc()) 2702M(66%)->10M(0%)
[44.273s][info][gc,start    ] GC(23) Garbage Collection (Proactive)
[44.273s][info][gc,task     ] GC(23) Using 2 workers
[44.273s][info][gc,phases   ] GC(23) Pause Mark Start 0.015ms
[44.304s][info][gc,phases   ] GC(23) Concurrent Mark 30.878ms
[44.304s][info][gc,phases   ] GC(23) Pause Mark End 0.012ms
[44.304s][info][gc,phases   ] GC(23) Concurrent Mark Free 0.001ms
[44.307s][info][gc,phases   ] GC(23) Concurrent Process Non-Strong References 2.757ms
[44.307s][info][gc,phases   ] GC(23) Concurrent Reset Relocation Set 0.001ms
[44.311s][info][gc,phases   ] GC(23) Concurrent Select Relocation Set 3.798ms
[44.311s][info][gc,phases   ] GC(23) Pause Relocate Start 0.010ms
[44.328s][info][gc,phases   ] GC(23) Concurrent Relocate 16.987ms
[44.328s][info][gc,load     ] GC(23) Load: 0.00/0.00/0.00
[44.328s][info][gc,mmu      ] GC(23) MMU: 2ms/98.5%, 5ms/99.4%, 10ms/99.6%, 20ms/99.8%, 50ms/99.9%, 100ms/99.9%
[44.328s][info][gc,marking  ] GC(23) Mark: 2 stripe(s), 2 proactive flush(es), 1 terminate flush(es), 0 completion(s), 0 continuation(s) 
[44.328s][info][gc,marking  ] GC(23) Mark Stack Usage: 32M
[44.328s][info][gc,nmethod  ] GC(23) NMethods: 2729 registered, 0 unregistered
[44.328s][info][gc,metaspace] GC(23) Metaspace: 14M used, 14M committed, 1088M reserved
[44.328s][info][gc,ref      ] GC(23) Soft: 378 encountered, 0 discovered, 0 enqueued
[44.328s][info][gc,ref      ] GC(23) Weak: 936 encountered, 604 discovered, 6 enqueued
[44.328s][info][gc,ref      ] GC(23) Final: 0 encountered, 0 discovered, 0 enqueued
[44.328s][info][gc,ref      ] GC(23) Phantom: 36 encountered, 24 discovered, 0 enqueued
[44.328s][info][gc,reloc    ] GC(23) Small Pages: 715 / 1430M, Empty: 1330M, Relocated: 24M, In-Place: 0
[44.328s][info][gc,reloc    ] GC(23) Medium Pages: 1 / 32M, Empty: 0M, Relocated: 0M, In-Place: 0
[44.328s][info][gc,reloc    ] GC(23) Large Pages: 0 / 0M, Empty: 0M, Relocated: 0M, In-Place: 0
[44.328s][info][gc,reloc    ] GC(23) Forwarding Usage: 15M
[44.328s][info][gc,heap     ] GC(23) Min Capacity: 4096M(100%)
[44.328s][info][gc,heap     ] GC(23) Max Capacity: 4096M(100%)
[44.328s][info][gc,heap     ] GC(23) Soft Max Capacity: 4096M(100%)
[44.328s][info][gc,heap     ] GC(23)                Mark Start          Mark End        Relocate Start      Relocate End           High               Low         
[44.328s][info][gc,heap     ] GC(23)  Capacity:     4096M (100%)       4096M (100%)       4096M (100%)       4096M (100%)       4096M (100%)       4096M (100%)   
[44.328s][info][gc,heap     ] GC(23)      Free:     2634M (64%)        2632M (64%)        3962M (97%)        4018M (98%)        4018M (98%)        2632M (64%)    
[44.328s][info][gc,heap     ] GC(23)      Used:     1462M (36%)        1464M (36%)         134M (3%)           78M (2%)         1464M (36%)          78M (2%)     
[44.328s][info][gc,heap     ] GC(23)      Live:         -                36M (1%)           36M (1%)           36M (1%)             -                  -          
[44.328s][info][gc,heap     ] GC(23) Allocated:         -                 2M (0%)            2M (0%)            5M (0%)             -                  -          
[44.329s][info][gc,heap     ] GC(23)   Garbage:         -              1425M (35%)          95M (2%)           35M (1%)             -                  -          
[44.329s][info][gc,heap     ] GC(23) Reclaimed:         -                  -              1330M (32%)        1389M (34%)            -                  -          
[44.329s][info][gc          ] GC(23) Garbage Collection (Proactive) 1462M(36%)->78M(2%)
[44.588s][info][gc,start    ] GC(24) Garbage Collection (System.gc())
[44.588s][info][gc,task     ] GC(24) Using 2 workers
[44.588s][info][gc,phases   ] GC(24) Pause Mark Start 0.007ms
[44.602s][info][gc,phases   ] GC(24) Concurrent Mark 14.281ms
[44.603s][info][gc,phases   ] GC(24) Pause Mark End 0.013ms
[44.603s][info][gc,phases   ] GC(24) Concurrent Mark Free 0.002ms
[44.605s][info][gc,phases   ] GC(24) Concurrent Process Non-Strong References 2.582ms
[44.605s][info][gc,phases   ] GC(24) Concurrent Reset Relocation Set 0.004ms
[44.608s][info][gc,phases   ] GC(24) Concurrent Select Relocation Set 2.693ms
[44.608s][info][gc,phases   ] GC(24) Pause Relocate Start 0.010ms
[44.609s][info][gc,phases   ] GC(24) Concurrent Relocate 1.242ms
[44.609s][info][gc,load     ] GC(24) Load: 0.00/0.00/0.00
[44.609s][info][gc,mmu      ] GC(24) MMU: 2ms/98.5%, 5ms/99.4%, 10ms/99.6%, 20ms/99.8%, 50ms/99.9%, 100ms/99.9%
[44.609s][info][gc,marking  ] GC(24) Mark: 2 stripe(s), 1 proactive flush(es), 1 terminate flush(es), 0 completion(s), 0 continuation(s) 
[44.609s][info][gc,marking  ] GC(24) Mark Stack Usage: 32M
[44.609s][info][gc,nmethod  ] GC(24) NMethods: 2730 registered, 0 unregistered
[44.609s][info][gc,metaspace] GC(24) Metaspace: 14M used, 14M committed, 1088M reserved
[44.609s][info][gc,ref      ] GC(24) Soft: 378 encountered, 0 discovered, 0 enqueued
[44.609s][info][gc,ref      ] GC(24) Weak: 933 encountered, 424 discovered, 2 enqueued
[44.609s][info][gc,ref      ] GC(24) Final: 0 encountered, 0 discovered, 0 enqueued
[44.609s][info][gc,ref      ] GC(24) Phantom: 36 encountered, 24 discovered, 0 enqueued
[44.609s][info][gc,reloc    ] GC(24) Small Pages: 640 / 1280M, Empty: 1260M, Relocated: 1M, In-Place: 0
[44.609s][info][gc,reloc    ] GC(24) Medium Pages: 1 / 32M, Empty: 32M, Relocated: 0M, In-Place: 0
[44.609s][info][gc,reloc    ] GC(24) Large Pages: 0 / 0M, Empty: 0M, Relocated: 0M, In-Place: 0
[44.609s][info][gc,reloc    ] GC(24) Forwarding Usage: 0M
[44.609s][info][gc,heap     ] GC(24) Min Capacity: 4096M(100%)
[44.609s][info][gc,heap     ] GC(24) Max Capacity: 4096M(100%)
[44.609s][info][gc,heap     ] GC(24) Soft Max Capacity: 4096M(100%)
[44.610s][info][gc,heap     ] GC(24)                Mark Start          Mark End        Relocate Start      Relocate End           High               Low         
[44.610s][info][gc,heap     ] GC(24)  Capacity:     4096M (100%)       4096M (100%)       4096M (100%)       4096M (100%)       4096M (100%)       4096M (100%)   
[44.610s][info][gc,heap     ] GC(24)      Free:     2784M (68%)        2784M (68%)        4076M (100%)       4086M (100%)       4086M (100%)       2784M (68%)    
[44.610s][info][gc,heap     ] GC(24)      Used:     1312M (32%)        1312M (32%)          20M (0%)           10M (0%)         1312M (32%)          10M (0%)     
[44.610s][info][gc,heap     ] GC(24)      Live:         -                 6M (0%)            6M (0%)            6M (0%)             -                  -          
[44.610s][info][gc,heap     ] GC(24) Allocated:         -                 0M (0%)            0M (0%)            0M (0%)             -                  -          
[44.610s][info][gc,heap     ] GC(24)   Garbage:         -              1305M (32%)          13M (0%)            3M (0%)             -                  -          
[44.610s][info][gc,heap     ] GC(24) Reclaimed:         -                  -              1292M (32%)        1302M (32%)            -                  -          
[44.610s][info][gc          ] GC(24) Garbage Collection (System.gc()) 1312M(32%)->10M(0%)
[47.049s][info][gc,start    ] GC(25) Garbage Collection (System.gc())
[47.049s][info][gc,task     ] GC(25) Using 2 workers
[47.049s][info][gc,phases   ] GC(25) Pause Mark Start 0.005ms
[47.068s][info][gc,phases   ] GC(25) Concurrent Mark 18.951ms
[47.068s][info][gc,phases   ] GC(25) Pause Mark End 0.013ms
[47.069s][info][gc,phases   ] GC(25) Concurrent Mark Free 0.002ms
[47.072s][info][gc,phases   ] GC(25) Concurrent Process Non-Strong References 3.210ms
[47.072s][info][gc,phases   ] GC(25) Concurrent Reset Relocation Set 0.001ms
[47.074s][info][gc,phases   ] GC(25) Concurrent Select Relocation Set 1.696ms
[47.074s][info][gc,phases   ] GC(25) Pause Relocate Start 0.008ms
[47.074s][info][gc,phases   ] GC(25) Concurrent Relocate 0.580ms
[47.074s][info][gc,load     ] GC(25) Load: 0.00/0.00/0.00
[47.074s][info][gc,mmu      ] GC(25) MMU: 2ms/98.5%, 5ms/99.4%, 10ms/99.6%, 20ms/99.8%, 50ms/99.9%, 100ms/99.9%
[47.074s][info][gc,marking  ] GC(25) Mark: 2 stripe(s), 2 proactive flush(es), 1 terminate flush(es), 0 completion(s), 0 continuation(s) 
[47.074s][info][gc,marking  ] GC(25) Mark Stack Usage: 32M
[47.074s][info][gc,nmethod  ] GC(25) NMethods: 2736 registered, 0 unregistered
[47.074s][info][gc,metaspace] GC(25) Metaspace: 14M used, 14M committed, 1088M reserved
[47.074s][info][gc,ref      ] GC(25) Soft: 378 encountered, 0 discovered, 0 enqueued
[47.074s][info][gc,ref      ] GC(25) Weak: 940 encountered, 684 discovered, 9 enqueued
[47.074s][info][gc,ref      ] GC(25) Final: 0 encountered, 0 discovered, 0 enqueued
[47.074s][info][gc,ref      ] GC(25) Phantom: 36 encountered, 17 discovered, 0 enqueued
[47.074s][info][gc,reloc    ] GC(25) Small Pages: 1335 / 2670M, Empty: 2646M, Relocated: 1M, In-Place: 0
[47.074s][info][gc,reloc    ] GC(25) Medium Pages: 1 / 32M, Empty: 32M, Relocated: 0M, In-Place: 0
[47.074s][info][gc,reloc    ] GC(25) Large Pages: 0 / 0M, Empty: 0M, Relocated: 0M, In-Place: 0
[47.074s][info][gc,reloc    ] GC(25) Forwarding Usage: 0M
[47.074s][info][gc,heap     ] GC(25) Min Capacity: 4096M(100%)
[47.074s][info][gc,heap     ] GC(25) Max Capacity: 4096M(100%)
[47.074s][info][gc,heap     ] GC(25) Soft Max Capacity: 4096M(100%)
[47.074s][info][gc,heap     ] GC(25)                Mark Start          Mark End        Relocate Start      Relocate End           High               Low         
[47.074s][info][gc,heap     ] GC(25)  Capacity:     4096M (100%)       4096M (100%)       4096M (100%)       4096M (100%)       4096M (100%)       4096M (100%)   
[47.074s][info][gc,heap     ] GC(25)      Free:     1394M (34%)        1394M (34%)        4072M (99%)        4086M (100%)       4086M (100%)       1394M (34%)    
[47.074s][info][gc,heap     ] GC(25)      Used:     2702M (66%)        2702M (66%)          24M (1%)           10M (0%)         2702M (66%)          10M (0%)     
[47.074s][info][gc,heap     ] GC(25)      Live:         -                 6M (0%)            6M (0%)            6M (0%)             -                  -          
[47.074s][info][gc,heap     ] GC(25) Allocated:         -                 0M (0%)            0M (0%)            0M (0%)             -                  -          
[47.074s][info][gc,heap     ] GC(25)   Garbage:         -              2695M (66%)          17M (0%)            3M (0%)             -                  -          
[47.074s][info][gc,heap     ] GC(25) Reclaimed:         -                  -              2678M (65%)        2692M (66%)            -                  -          
[47.074s][info][gc          ] GC(25) Garbage Collection (System.gc()) 2702M(66%)->10M(0%)
[49.521s][info][gc,start    ] GC(26) Garbage Collection (System.gc())
[49.522s][info][gc,task     ] GC(26) Using 2 workers
[49.522s][info][gc,phases   ] GC(26) Pause Mark Start 0.006ms
[49.534s][info][gc,phases   ] GC(26) Concurrent Mark 12.098ms
[49.534s][info][gc,phases   ] GC(26) Pause Mark End 0.019ms
[49.534s][info][gc,phases   ] GC(26) Concurrent Mark Free 0.003ms
[49.537s][info][gc,phases   ] GC(26) Concurrent Process Non-Strong References 2.687ms
[49.537s][info][gc,phases   ] GC(26) Concurrent Reset Relocation Set 0.001ms
[49.539s][info][gc,phases   ] GC(26) Concurrent Select Relocation Set 1.844ms
[49.539s][info][gc,phases   ] GC(26) Pause Relocate Start 0.009ms
[49.540s][info][gc,phases   ] GC(26) Concurrent Relocate 0.782ms
[49.540s][info][gc,load     ] GC(26) Load: 0.00/0.00/0.00
[49.540s][info][gc,mmu      ] GC(26) MMU: 2ms/98.5%, 5ms/99.4%, 10ms/99.6%, 20ms/99.8%, 50ms/99.9%, 100ms/99.9%
[49.540s][info][gc,marking  ] GC(26) Mark: 2 stripe(s), 1 proactive flush(es), 1 terminate flush(es), 0 completion(s), 0 continuation(s) 
[49.540s][info][gc,marking  ] GC(26) Mark Stack Usage: 32M
[49.540s][info][gc,nmethod  ] GC(26) NMethods: 2748 registered, 0 unregistered
[49.540s][info][gc,metaspace] GC(26) Metaspace: 14M used, 14M committed, 1088M reserved
[49.540s][info][gc,ref      ] GC(26) Soft: 378 encountered, 0 discovered, 0 enqueued
[49.540s][info][gc,ref      ] GC(26) Weak: 939 encountered, 441 discovered, 8 enqueued
[49.540s][info][gc,ref      ] GC(26) Final: 0 encountered, 0 discovered, 0 enqueued
[49.540s][info][gc,ref      ] GC(26) Phantom: 36 encountered, 24 discovered, 0 enqueued
[49.540s][info][gc,reloc    ] GC(26) Small Pages: 1335 / 2670M, Empty: 2648M, Relocated: 1M, In-Place: 0
[49.540s][info][gc,reloc    ] GC(26) Medium Pages: 1 / 32M, Empty: 32M, Relocated: 0M, In-Place: 0
[49.540s][info][gc,reloc    ] GC(26) Large Pages: 0 / 0M, Empty: 0M, Relocated: 0M, In-Place: 0
[49.540s][info][gc,reloc    ] GC(26) Forwarding Usage: 0M
[49.540s][info][gc,heap     ] GC(26) Min Capacity: 4096M(100%)
[49.540s][info][gc,heap     ] GC(26) Max Capacity: 4096M(100%)
[49.540s][info][gc,heap     ] GC(26) Soft Max Capacity: 4096M(100%)
[49.540s][info][gc,heap     ] GC(26)                Mark Start          Mark End        Relocate Start      Relocate End           High               Low         
[49.540s][info][gc,heap     ] GC(26)  Capacity:     4096M (100%)       4096M (100%)       4096M (100%)       4096M (100%)       4096M (100%)       4096M (100%)   
[49.540s][info][gc,heap     ] GC(26)      Free:     1394M (34%)        1394M (34%)        4074M (99%)        4086M (100%)       4086M (100%)       1394M (34%)    
[49.540s][info][gc,heap     ] GC(26)      Used:     2702M (66%)        2702M (66%)          22M (1%)           10M (0%)         2702M (66%)          10M (0%)     
[49.540s][info][gc,heap     ] GC(26)      Live:         -                 6M (0%)            6M (0%)            6M (0%)             -                  -          
[49.540s][info][gc,heap     ] GC(26) Allocated:         -                 0M (0%)            0M (0%)            0M (0%)             -                  -          
[49.540s][info][gc,heap     ] GC(26)   Garbage:         -              2695M (66%)          15M (0%)            3M (0%)             -                  -          
[49.540s][info][gc,heap     ] GC(26) Reclaimed:         -                  -              2680M (65%)        2692M (66%)            -                  -          
[49.540s][info][gc          ] GC(26) Garbage Collection (System.gc()) 2702M(66%)->10M(0%)
[50.178s][info][gc,stats    ] === Garbage Collection Statistics =======================================================================================================================
[50.178s][info][gc,stats    ]                                                              Last 10s              Last 10m              Last 10h                Total
[50.178s][info][gc,stats    ]                                                              Avg / Max             Avg / Max             Avg / Max             Avg / Max
[50.178s][info][gc,stats    ]   Collector: Garbage Collection Cycle                     29.500 / 55.449       39.762 / 113.591      39.762 / 113.591      39.762 / 113.591     ms
[50.178s][info][gc,stats    ]  Contention: Mark Segment Reset Contention                     0 / 0                 0 / 3                 0 / 3                 0 / 3           ops/s
[50.178s][info][gc,stats    ]  Contention: Mark SeqNum Reset Contention                      0 / 0                 0 / 1                 0 / 1                 0 / 1           ops/s
[50.178s][info][gc,stats    ]    Critical: Allocation Stall                                  0 / 0                 0 / 0                 0 / 0                 0 / 0           ops/s
[50.178s][info][gc,stats    ]    Critical: Allocation Stall                              0.000 / 0.000         0.000 / 0.000         0.000 / 0.000         0.000 / 0.000       ms
[50.178s][info][gc,stats    ]    Critical: GC Locker Stall                                   0 / 0                 0 / 0                 0 / 0                 0 / 0           ops/s
[50.178s][info][gc,stats    ]    Critical: GC Locker Stall                               0.000 / 0.000         0.000 / 0.000         0.000 / 0.000         0.000 / 0.000       ms
[50.178s][info][gc,stats    ]    Critical: Relocation Stall                                  0 / 0                 0 / 0                 0 / 0                 0 / 0           ops/s
[50.178s][info][gc,stats    ]    Critical: Relocation Stall                              0.000 / 0.000         0.000 / 0.000         0.000 / 0.000         0.000 / 0.000       ms
[50.178s][info][gc,stats    ]      Memory: Allocation Rate                                1077 / 1380           1028 / 1380           1028 / 1380           1028 / 1380        MB/s
[50.178s][info][gc,stats    ]      Memory: Out Of Memory                                     0 / 0                 0 / 0                 0 / 0                 0 / 0           ops/s
[50.178s][info][gc,stats    ]      Memory: Page Cache Flush                                  0 / 0                 0 / 0                 0 / 0                 0 / 0           MB/s
[50.178s][info][gc,stats    ]      Memory: Page Cache Hit L1                               534 / 688             483 / 689             483 / 689             483 / 689         ops/s
[50.178s][info][gc,stats    ]      Memory: Page Cache Hit L2                                 0 / 0                 0 / 0                 0 / 0                 0 / 0           ops/s
[50.178s][info][gc,stats    ]      Memory: Page Cache Hit L3                                 0 / 0                26 / 392              26 / 392              26 / 392         ops/s
[50.178s][info][gc,stats    ]      Memory: Page Cache Miss                                   0 / 0                 0 / 1                 0 / 1                 0 / 1           ops/s
[50.178s][info][gc,stats    ]      Memory: Uncommit                                          0 / 0                 0 / 0                 0 / 0                 0 / 0           MB/s
[50.178s][info][gc,stats    ]      Memory: Undo Object Allocation Failed                     0 / 0                 0 / 0                 0 / 0                 0 / 0           ops/s
[50.178s][info][gc,stats    ]      Memory: Undo Object Allocation Succeeded                 14 / 140               2 / 140               2 / 140               2 / 140         ops/s
[50.178s][info][gc,stats    ]      Memory: Undo Page Allocation                              0 / 0                 0 / 0                 0 / 0                 0 / 0           ops/s
[50.178s][info][gc,stats    ]       Phase: Concurrent Mark                              19.352 / 30.878       27.587 / 78.232       27.587 / 78.232       27.587 / 78.232      ms
[50.178s][info][gc,stats    ]       Phase: Concurrent Mark Continue                      0.000 / 0.000         0.000 / 0.000         0.000 / 0.000         0.000 / 0.000       ms
[50.178s][info][gc,stats    ]       Phase: Concurrent Mark Free                          0.002 / 0.003         0.002 / 0.003         0.002 / 0.003         0.002 / 0.003       ms
[50.178s][info][gc,stats    ]       Phase: Concurrent Process Non-Strong References      2.925 / 3.392         2.692 / 3.392         2.692 / 3.392         2.692 / 3.392       ms
[50.178s][info][gc,stats    ]       Phase: Concurrent Relocate                           4.072 / 16.987        5.853 / 26.680        5.853 / 26.680        5.853 / 26.680      ms
[50.178s][info][gc,stats    ]       Phase: Concurrent Reset Relocation Set               0.002 / 0.004         0.003 / 0.008         0.003 / 0.008         0.003 / 0.008       ms
[50.178s][info][gc,stats    ]       Phase: Concurrent Select Relocation Set              2.320 / 3.798         2.771 / 5.896         2.771 / 5.896         2.771 / 5.896       ms
[50.178s][info][gc,stats    ]       Phase: Pause Mark End                                0.015 / 0.019         0.017 / 0.031         0.017 / 0.031         0.017 / 0.031       ms
[50.178s][info][gc,stats    ]       Phase: Pause Mark Start                              0.008 / 0.015         0.007 / 0.015         0.007 / 0.015         0.007 / 0.015       ms
[50.178s][info][gc,stats    ]       Phase: Pause Relocate Start                          0.009 / 0.010         0.010 / 0.020         0.010 / 0.020         0.010 / 0.020       ms
[50.178s][info][gc,stats    ]    Subphase: Concurrent Classes Purge                      0.112 / 0.133         0.115 / 0.153         0.115 / 0.153         0.115 / 0.153       ms
[50.178s][info][gc,stats    ]    Subphase: Concurrent Classes Unlink                     2.132 / 2.459         1.985 / 2.459         1.985 / 2.459         1.985 / 2.459       ms
[50.178s][info][gc,stats    ]    Subphase: Concurrent Mark                              13.836 / 30.347       22.001 / 77.416       22.001 / 77.416       22.001 / 77.416      ms
[50.178s][info][gc,stats    ]    Subphase: Concurrent Mark Try Flush                     0.098 / 0.441         0.082 / 0.514         0.082 / 0.514         0.082 / 0.514       ms
[50.178s][info][gc,stats    ]    Subphase: Concurrent Mark Try Terminate                 3.511 / 16.272        4.001 / 16.744        4.001 / 16.744        4.001 / 16.744      ms
[50.178s][info][gc,stats    ]    Subphase: Concurrent References Enqueue                 0.005 / 0.007         0.005 / 0.008         0.005 / 0.008         0.005 / 0.008       ms
[50.178s][info][gc,stats    ]    Subphase: Concurrent References Process                 0.178 / 0.236         0.170 / 0.251         0.170 / 0.251         0.170 / 0.251       ms
[50.178s][info][gc,stats    ]    Subphase: Concurrent Roots ClassLoaderDataGraph         0.040 / 0.112         0.045 / 0.243         0.045 / 0.243         0.045 / 0.243       ms
[50.178s][info][gc,stats    ]    Subphase: Concurrent Roots CodeCache                    0.000 / 0.000         0.000 / 0.000         0.000 / 0.000         0.000 / 0.000       ms
[50.178s][info][gc,stats    ]    Subphase: Concurrent Roots JavaThreads                  0.186 / 0.392         0.249 / 0.656         0.249 / 0.656         0.249 / 0.656       ms
[50.178s][info][gc,stats    ]    Subphase: Concurrent Roots OopStorageSet                0.011 / 0.015         0.015 / 0.052         0.015 / 0.052         0.015 / 0.052       ms
[50.178s][info][gc,stats    ]    Subphase: Concurrent Weak Roots OopStorageSet           0.220 / 0.298         0.211 / 0.327         0.211 / 0.327         0.211 / 0.327       ms
[50.178s][info][gc,stats    ]    Subphase: Pause Mark Try Complete                       0.000 / 0.000         0.000 / 0.000         0.000 / 0.000         0.000 / 0.000       ms
[50.178s][info][gc,stats    ]      System: Java Threads                                     12 / 12               12 / 13               12 / 13               12 / 13          threads
[50.178s][info][gc,stats    ] =========================================================================================================================================================
[51.482s][info][gc,start    ] GC(27) Garbage Collection (Proactive)
[51.482s][info][gc,task     ] GC(27) Using 2 workers
[51.482s][info][gc,phases   ] GC(27) Pause Mark Start 0.010ms
[51.528s][info][gc,phases   ] GC(27) Concurrent Mark 46.450ms
[51.528s][info][gc,phases   ] GC(27) Pause Mark End 0.017ms
[51.529s][info][gc,phases   ] GC(27) Concurrent Mark Free 0.002ms
[51.531s][info][gc,phases   ] GC(27) Concurrent Process Non-Strong References 2.657ms
[51.531s][info][gc,phases   ] GC(27) Concurrent Reset Relocation Set 0.001ms
[51.535s][info][gc,phases   ] GC(27) Concurrent Select Relocation Set 4.019ms
[51.536s][info][gc,phases   ] GC(27) Pause Relocate Start 0.010ms
[51.552s][info][gc,phases   ] GC(27) Concurrent Relocate 16.610ms
[51.552s][info][gc,load     ] GC(27) Load: 0.00/0.00/0.00
[51.552s][info][gc,mmu      ] GC(27) MMU: 2ms/98.5%, 5ms/99.4%, 10ms/99.6%, 20ms/99.8%, 50ms/99.9%, 100ms/99.9%
[51.552s][info][gc,marking  ] GC(27) Mark: 2 stripe(s), 2 proactive flush(es), 1 terminate flush(es), 0 completion(s), 0 continuation(s) 
[51.552s][info][gc,marking  ] GC(27) Mark Stack Usage: 32M
[51.552s][info][gc,nmethod  ] GC(27) NMethods: 2751 registered, 0 unregistered
[51.552s][info][gc,metaspace] GC(27) Metaspace: 14M used, 14M committed, 1088M reserved
[51.552s][info][gc,ref      ] GC(27) Soft: 378 encountered, 0 discovered, 0 enqueued
[51.552s][info][gc,ref      ] GC(27) Weak: 936 encountered, 710 discovered, 6 enqueued
[51.552s][info][gc,ref      ] GC(27) Final: 0 encountered, 0 discovered, 0 enqueued
[51.552s][info][gc,ref      ] GC(27) Phantom: 36 encountered, 16 discovered, 0 enqueued
[51.552s][info][gc,reloc    ] GC(27) Small Pages: 721 / 1442M, Empty: 1330M, Relocated: 24M, In-Place: 0
[51.552s][info][gc,reloc    ] GC(27) Medium Pages: 1 / 32M, Empty: 0M, Relocated: 0M, In-Place: 0
[51.552s][info][gc,reloc    ] GC(27) Large Pages: 0 / 0M, Empty: 0M, Relocated: 0M, In-Place: 0
[51.552s][info][gc,reloc    ] GC(27) Forwarding Usage: 15M
[51.552s][info][gc,heap     ] GC(27) Min Capacity: 4096M(100%)
[51.552s][info][gc,heap     ] GC(27) Max Capacity: 4096M(100%)
[51.552s][info][gc,heap     ] GC(27) Soft Max Capacity: 4096M(100%)
[51.552s][info][gc,heap     ] GC(27)                Mark Start          Mark End        Relocate Start      Relocate End           High               Low         
[51.552s][info][gc,heap     ] GC(27)  Capacity:     4096M (100%)       4096M (100%)       4096M (100%)       4096M (100%)       4096M (100%)       4096M (100%)   
[51.553s][info][gc,heap     ] GC(27)      Free:     2622M (64%)        2620M (64%)        3950M (96%)        4018M (98%)        4018M (98%)        2620M (64%)    
[51.553s][info][gc,heap     ] GC(27)      Used:     1474M (36%)        1476M (36%)         146M (4%)           78M (2%)         1476M (36%)          78M (2%)     
[51.553s][info][gc,heap     ] GC(27)      Live:         -                39M (1%)           39M (1%)           39M (1%)             -                  -          
[51.553s][info][gc,heap     ] GC(27) Allocated:         -                 2M (0%)            2M (0%)            1M (0%)             -                  -          
[51.553s][info][gc,heap     ] GC(27)   Garbage:         -              1434M (35%)         104M (3%)           37M (1%)             -                  -          
[51.553s][info][gc,heap     ] GC(27) Reclaimed:         -                  -              1330M (32%)        1397M (34%)            -                  -          
[51.553s][info][gc          ] GC(27) Garbage Collection (Proactive) 1474M(36%)->78M(2%)
[51.949s][info][gc,start    ] GC(28) Garbage Collection (System.gc())
[51.950s][info][gc,task     ] GC(28) Using 2 workers
[51.950s][info][gc,phases   ] GC(28) Pause Mark Start 0.006ms
[51.969s][info][gc,phases   ] GC(28) Concurrent Mark 18.876ms
[51.969s][info][gc,phases   ] GC(28) Pause Mark End 0.016ms
[51.969s][info][gc,phases   ] GC(28) Concurrent Mark Free 0.001ms
[51.972s][info][gc,phases   ] GC(28) Concurrent Process Non-Strong References 3.586ms
[51.972s][info][gc,phases   ] GC(28) Concurrent Reset Relocation Set 0.007ms
[51.976s][info][gc,phases   ] GC(28) Concurrent Select Relocation Set 3.547ms
[51.976s][info][gc,phases   ] GC(28) Pause Relocate Start 0.008ms
[51.977s][info][gc,phases   ] GC(28) Concurrent Relocate 0.646ms
[51.977s][info][gc,load     ] GC(28) Load: 0.00/0.00/0.00
[51.977s][info][gc,mmu      ] GC(28) MMU: 2ms/98.5%, 5ms/99.4%, 10ms/99.6%, 20ms/99.8%, 50ms/99.9%, 100ms/99.9%
[51.977s][info][gc,marking  ] GC(28) Mark: 2 stripe(s), 1 proactive flush(es), 1 terminate flush(es), 0 completion(s), 0 continuation(s) 
[51.977s][info][gc,marking  ] GC(28) Mark Stack Usage: 32M
[51.977s][info][gc,nmethod  ] GC(28) NMethods: 2751 registered, 0 unregistered
[51.977s][info][gc,metaspace] GC(28) Metaspace: 14M used, 14M committed, 1088M reserved
[51.977s][info][gc,ref      ] GC(28) Soft: 378 encountered, 0 discovered, 0 enqueued
[51.977s][info][gc,ref      ] GC(28) Weak: 933 encountered, 421 discovered, 2 enqueued
[51.977s][info][gc,ref      ] GC(28) Final: 0 encountered, 0 discovered, 0 enqueued
[51.977s][info][gc,ref      ] GC(28) Phantom: 36 encountered, 16 discovered, 0 enqueued
[51.977s][info][gc,reloc    ] GC(28) Small Pages: 636 / 1272M, Empty: 1252M, Relocated: 1M, In-Place: 0
[51.977s][info][gc,reloc    ] GC(28) Medium Pages: 1 / 32M, Empty: 32M, Relocated: 0M, In-Place: 0
[51.977s][info][gc,reloc    ] GC(28) Large Pages: 0 / 0M, Empty: 0M, Relocated: 0M, In-Place: 0
[51.977s][info][gc,reloc    ] GC(28) Forwarding Usage: 0M
[51.977s][info][gc,heap     ] GC(28) Min Capacity: 4096M(100%)
[51.977s][info][gc,heap     ] GC(28) Max Capacity: 4096M(100%)
[51.977s][info][gc,heap     ] GC(28) Soft Max Capacity: 4096M(100%)
[51.977s][info][gc,heap     ] GC(28)                Mark Start          Mark End        Relocate Start      Relocate End           High               Low         
[51.977s][info][gc,heap     ] GC(28)  Capacity:     4096M (100%)       4096M (100%)       4096M (100%)       4096M (100%)       4096M (100%)       4096M (100%)   
[51.977s][info][gc,heap     ] GC(28)      Free:     2792M (68%)        2792M (68%)        4076M (100%)       4086M (100%)       4086M (100%)       2792M (68%)    
[51.977s][info][gc,heap     ] GC(28)      Used:     1304M (32%)        1304M (32%)          20M (0%)           10M (0%)         1304M (32%)          10M (0%)     
[51.977s][info][gc,heap     ] GC(28)      Live:         -                 6M (0%)            6M (0%)            6M (0%)             -                  -          
[51.977s][info][gc,heap     ] GC(28) Allocated:         -                 0M (0%)            0M (0%)            0M (0%)             -                  -          
[51.977s][info][gc,heap     ] GC(28)   Garbage:         -              1297M (32%)          13M (0%)            3M (0%)             -                  -          
[51.977s][info][gc,heap     ] GC(28) Reclaimed:         -                  -              1284M (31%)        1294M (32%)            -                  -          
[51.977s][info][gc          ] GC(28) Garbage Collection (System.gc()) 1304M(32%)->10M(0%)
[54.412s][info][gc,start    ] GC(29) Garbage Collection (System.gc())
[54.412s][info][gc,task     ] GC(29) Using 2 workers
[54.412s][info][gc,phases   ] GC(29) Pause Mark Start 0.004ms
[54.433s][info][gc,phases   ] GC(29) Concurrent Mark 20.401ms
[54.433s][info][gc,phases   ] GC(29) Pause Mark End 0.017ms
[54.433s][info][gc,phases   ] GC(29) Concurrent Mark Free 0.002ms
[54.437s][info][gc,phases   ] GC(29) Concurrent Process Non-Strong References 3.550ms
[54.437s][info][gc,phases   ] GC(29) Concurrent Reset Relocation Set 0.001ms
[54.438s][info][gc,phases   ] GC(29) Concurrent Select Relocation Set 1.700ms
[54.439s][info][gc,phases   ] GC(29) Pause Relocate Start 0.021ms
[54.440s][info][gc,phases   ] GC(29) Concurrent Relocate 1.187ms
[54.440s][info][gc,load     ] GC(29) Load: 0.00/0.00/0.00
[54.440s][info][gc,mmu      ] GC(29) MMU: 2ms/98.5%, 5ms/99.4%, 10ms/99.6%, 20ms/99.8%, 50ms/99.9%, 100ms/99.9%
[54.440s][info][gc,marking  ] GC(29) Mark: 2 stripe(s), 1 proactive flush(es), 1 terminate flush(es), 0 completion(s), 0 continuation(s) 
[54.440s][info][gc,marking  ] GC(29) Mark Stack Usage: 32M
[54.440s][info][gc,nmethod  ] GC(29) NMethods: 2758 registered, 0 unregistered
[54.440s][info][gc,metaspace] GC(29) Metaspace: 14M used, 14M committed, 1088M reserved
[54.440s][info][gc,ref      ] GC(29) Soft: 378 encountered, 0 discovered, 0 enqueued
[54.440s][info][gc,ref      ] GC(29) Weak: 939 encountered, 424 discovered, 8 enqueued
[54.440s][info][gc,ref      ] GC(29) Final: 0 encountered, 0 discovered, 0 enqueued
[54.440s][info][gc,ref      ] GC(29) Phantom: 36 encountered, 16 discovered, 0 enqueued
[54.440s][info][gc,reloc    ] GC(29) Small Pages: 1335 / 2670M, Empty: 2648M, Relocated: 1M, In-Place: 0
[54.440s][info][gc,reloc    ] GC(29) Medium Pages: 1 / 32M, Empty: 32M, Relocated: 0M, In-Place: 0
[54.440s][info][gc,reloc    ] GC(29) Large Pages: 0 / 0M, Empty: 0M, Relocated: 0M, In-Place: 0
[54.440s][info][gc,reloc    ] GC(29) Forwarding Usage: 0M
[54.440s][info][gc,heap     ] GC(29) Min Capacity: 4096M(100%)
[54.440s][info][gc,heap     ] GC(29) Max Capacity: 4096M(100%)
[54.440s][info][gc,heap     ] GC(29) Soft Max Capacity: 4096M(100%)
[54.440s][info][gc,heap     ] GC(29)                Mark Start          Mark End        Relocate Start      Relocate End           High               Low         
[54.440s][info][gc,heap     ] GC(29)  Capacity:     4096M (100%)       4096M (100%)       4096M (100%)       4096M (100%)       4096M (100%)       4096M (100%)   
[54.440s][info][gc,heap     ] GC(29)      Free:     1394M (34%)        1394M (34%)        4074M (99%)        4086M (100%)       4086M (100%)       1394M (34%)    
[54.440s][info][gc,heap     ] GC(29)      Used:     2702M (66%)        2702M (66%)          22M (1%)           10M (0%)         2702M (66%)          10M (0%)     
[54.440s][info][gc,heap     ] GC(29)      Live:         -                 6M (0%)            6M (0%)            6M (0%)             -                  -          
[54.440s][info][gc,heap     ] GC(29) Allocated:         -                 0M (0%)            0M (0%)            0M (0%)             -                  -          
[54.440s][info][gc,heap     ] GC(29)   Garbage:         -              2695M (66%)          15M (0%)            3M (0%)             -                  -          
[54.440s][info][gc,heap     ] GC(29) Reclaimed:         -                  -              2680M (65%)        2692M (66%)            -                  -          
[54.440s][info][gc          ] GC(29) Garbage Collection (System.gc()) 2702M(66%)->10M(0%)
[56.887s][info][gc,start    ] GC(30) Garbage Collection (System.gc())
[56.887s][info][gc,task     ] GC(30) Using 2 workers
[56.887s][info][gc,phases   ] GC(30) Pause Mark Start 0.005ms
[56.898s][info][gc,phases   ] GC(30) Concurrent Mark 10.061ms
[56.898s][info][gc,phases   ] GC(30) Pause Mark End 0.012ms
[56.898s][info][gc,phases   ] GC(30) Concurrent Mark Free 0.001ms
[56.900s][info][gc,phases   ] GC(30) Concurrent Process Non-Strong References 2.562ms
[56.900s][info][gc,phases   ] GC(30) Concurrent Reset Relocation Set 0.002ms
[56.902s][info][gc,phases   ] GC(30) Concurrent Select Relocation Set 1.626ms
[56.902s][info][gc,phases   ] GC(30) Pause Relocate Start 0.011ms
[56.903s][info][gc,phases   ] GC(30) Concurrent Relocate 0.864ms
[56.903s][info][gc,load     ] GC(30) Load: 0.00/0.00/0.00
[56.903s][info][gc,mmu      ] GC(30) MMU: 2ms/98.5%, 5ms/99.4%, 10ms/99.6%, 20ms/99.8%, 50ms/99.9%, 100ms/99.9%
[56.903s][info][gc,marking  ] GC(30) Mark: 2 stripe(s), 2 proactive flush(es), 1 terminate flush(es), 0 completion(s), 0 continuation(s) 
[56.903s][info][gc,marking  ] GC(30) Mark Stack Usage: 32M
[56.903s][info][gc,nmethod  ] GC(30) NMethods: 2785 registered, 0 unregistered
[56.903s][info][gc,metaspace] GC(30) Metaspace: 14M used, 14M committed, 1088M reserved
[56.903s][info][gc,ref      ] GC(30) Soft: 378 encountered, 0 discovered, 0 enqueued
[56.903s][info][gc,ref      ] GC(30) Weak: 939 encountered, 558 discovered, 8 enqueued
[56.903s][info][gc,ref      ] GC(30) Final: 0 encountered, 0 discovered, 0 enqueued
[56.903s][info][gc,ref      ] GC(30) Phantom: 36 encountered, 18 discovered, 0 enqueued
[56.903s][info][gc,reloc    ] GC(30) Small Pages: 1336 / 2672M, Empty: 2648M, Relocated: 1M, In-Place: 0
[56.903s][info][gc,reloc    ] GC(30) Medium Pages: 1 / 32M, Empty: 32M, Relocated: 0M, In-Place: 0
[56.903s][info][gc,reloc    ] GC(30) Large Pages: 0 / 0M, Empty: 0M, Relocated: 0M, In-Place: 0
[56.903s][info][gc,reloc    ] GC(30) Forwarding Usage: 0M
[56.903s][info][gc,heap     ] GC(30) Min Capacity: 4096M(100%)
[56.903s][info][gc,heap     ] GC(30) Max Capacity: 4096M(100%)
[56.903s][info][gc,heap     ] GC(30) Soft Max Capacity: 4096M(100%)
[56.903s][info][gc,heap     ] GC(30)                Mark Start          Mark End        Relocate Start      Relocate End           High               Low         
[56.903s][info][gc,heap     ] GC(30)  Capacity:     4096M (100%)       4096M (100%)       4096M (100%)       4096M (100%)       4096M (100%)       4096M (100%)   
[56.903s][info][gc,heap     ] GC(30)      Free:     1392M (34%)        1392M (34%)        4072M (99%)        4086M (100%)       4086M (100%)       1392M (34%)    
[56.903s][info][gc,heap     ] GC(30)      Used:     2704M (66%)        2704M (66%)          24M (1%)           10M (0%)         2704M (66%)          10M (0%)     
[56.903s][info][gc,heap     ] GC(30)      Live:         -                 6M (0%)            6M (0%)            6M (0%)             -                  -          
[56.903s][info][gc,heap     ] GC(30) Allocated:         -                 0M (0%)            0M (0%)            0M (0%)             -                  -          
[56.903s][info][gc,heap     ] GC(30)   Garbage:         -              2697M (66%)          17M (0%)            3M (0%)             -                  -          
[56.903s][info][gc,heap     ] GC(30) Reclaimed:         -                  -              2680M (65%)        2694M (66%)            -                  -          
[56.903s][info][gc          ] GC(30) Garbage Collection (System.gc()) 2704M(66%)->10M(0%)
[59.357s][info][gc,start    ] GC(31) Garbage Collection (System.gc())
[59.357s][info][gc,task     ] GC(31) Using 2 workers
[59.358s][info][gc,phases   ] GC(31) Pause Mark Start 0.005ms
[59.379s][info][gc,phases   ] GC(31) Concurrent Mark 21.332ms
[59.379s][info][gc,phases   ] GC(31) Pause Mark End 0.019ms
[59.379s][info][gc,phases   ] GC(31) Concurrent Mark Free 0.002ms
[59.383s][info][gc,phases   ] GC(31) Concurrent Process Non-Strong References 3.540ms
[59.383s][info][gc,phases   ] GC(31) Concurrent Reset Relocation Set 0.002ms
[59.385s][info][gc,phases   ] GC(31) Concurrent Select Relocation Set 2.317ms
[59.385s][info][gc,phases   ] GC(31) Pause Relocate Start 0.009ms
[59.386s][info][gc,phases   ] GC(31) Concurrent Relocate 0.792ms
[59.386s][info][gc,load     ] GC(31) Load: 0.00/0.00/0.00
[59.386s][info][gc,mmu      ] GC(31) MMU: 2ms/98.5%, 5ms/99.4%, 10ms/99.6%, 20ms/99.8%, 50ms/99.9%, 100ms/99.9%
[59.386s][info][gc,marking  ] GC(31) Mark: 2 stripe(s), 1 proactive flush(es), 1 terminate flush(es), 0 completion(s), 0 continuation(s) 
[59.386s][info][gc,marking  ] GC(31) Mark Stack Usage: 32M
[59.386s][info][gc,nmethod  ] GC(31) NMethods: 2792 registered, 0 unregistered
[59.386s][info][gc,metaspace] GC(31) Metaspace: 14M used, 14M committed, 1088M reserved
[59.386s][info][gc,ref      ] GC(31) Soft: 378 encountered, 0 discovered, 0 enqueued
[59.386s][info][gc,ref      ] GC(31) Weak: 940 encountered, 449 discovered, 8 enqueued
[59.386s][info][gc,ref      ] GC(31) Final: 0 encountered, 0 discovered, 0 enqueued
[59.386s][info][gc,ref      ] GC(31) Phantom: 36 encountered, 21 discovered, 0 enqueued
[59.386s][info][gc,reloc    ] GC(31) Small Pages: 1335 / 2670M, Empty: 2646M, Relocated: 1M, In-Place: 0
[59.386s][info][gc,reloc    ] GC(31) Medium Pages: 1 / 32M, Empty: 32M, Relocated: 0M, In-Place: 0
[59.386s][info][gc,reloc    ] GC(31) Large Pages: 0 / 0M, Empty: 0M, Relocated: 0M, In-Place: 0
[59.386s][info][gc,reloc    ] GC(31) Forwarding Usage: 0M
[59.386s][info][gc,heap     ] GC(31) Min Capacity: 4096M(100%)
[59.386s][info][gc,heap     ] GC(31) Max Capacity: 4096M(100%)
[59.386s][info][gc,heap     ] GC(31) Soft Max Capacity: 4096M(100%)
[59.386s][info][gc,heap     ] GC(31)                Mark Start          Mark End        Relocate Start      Relocate End           High               Low         
[59.386s][info][gc,heap     ] GC(31)  Capacity:     4096M (100%)       4096M (100%)       4096M (100%)       4096M (100%)       4096M (100%)       4096M (100%)   
[59.386s][info][gc,heap     ] GC(31)      Free:     1394M (34%)        1394M (34%)        4072M (99%)        4086M (100%)       4086M (100%)       1394M (34%)    
[59.386s][info][gc,heap     ] GC(31)      Used:     2702M (66%)        2702M (66%)          24M (1%)           10M (0%)         2702M (66%)          10M (0%)     
[59.386s][info][gc,heap     ] GC(31)      Live:         -                 6M (0%)            6M (0%)            6M (0%)             -                  -          
[59.386s][info][gc,heap     ] GC(31) Allocated:         -                 0M (0%)            0M (0%)            0M (0%)             -                  -          
[59.386s][info][gc,heap     ] GC(31)   Garbage:         -              2695M (66%)          17M (0%)            3M (0%)             -                  -          
[59.386s][info][gc,heap     ] GC(31) Reclaimed:         -                  -              2678M (65%)        2692M (66%)            -                  -          
[59.386s][info][gc          ] GC(31) Garbage Collection (System.gc()) 2702M(66%)->10M(0%)
[60.180s][info][gc,stats    ] === Garbage Collection Statistics =======================================================================================================================
[60.180s][info][gc,stats    ]                                                              Last 10s              Last 10m              Last 10h                Total
[60.180s][info][gc,stats    ]                                                              Avg / Max             Avg / Max             Avg / Max             Avg / Max
[60.180s][info][gc,stats    ]   Collector: Garbage Collection Cycle                     34.071 / 70.788       38.873 / 113.591      38.873 / 113.591      38.873 / 113.591     ms
[60.180s][info][gc,stats    ]  Contention: Mark Segment Reset Contention                     0 / 0                 0 / 3                 0 / 3                 0 / 3           ops/s
[60.180s][info][gc,stats    ]  Contention: Mark SeqNum Reset Contention                      0 / 0                 0 / 1                 0 / 1                 0 / 1           ops/s
[60.180s][info][gc,stats    ]    Critical: Allocation Stall                                  0 / 0                 0 / 0                 0 / 0                 0 / 0           ops/s
[60.180s][info][gc,stats    ]    Critical: Allocation Stall                              0.000 / 0.000         0.000 / 0.000         0.000 / 0.000         0.000 / 0.000       ms
[60.180s][info][gc,stats    ]    Critical: GC Locker Stall                                   0 / 0                 0 / 0                 0 / 0                 0 / 0           ops/s
[60.180s][info][gc,stats    ]    Critical: GC Locker Stall                               0.000 / 0.000         0.000 / 0.000         0.000 / 0.000         0.000 / 0.000       ms
[60.180s][info][gc,stats    ]    Critical: Relocation Stall                                  0 / 0                 0 / 0                 0 / 0                 0 / 0           ops/s
[60.180s][info][gc,stats    ]    Critical: Relocation Stall                              0.000 / 0.000         0.000 / 0.000         0.000 / 0.000         0.000 / 0.000       ms
[60.180s][info][gc,stats    ]      Memory: Allocation Rate                                1076 / 1364           1036 / 1380           1036 / 1380           1036 / 1380        MB/s
[60.180s][info][gc,stats    ]      Memory: Out Of Memory                                     0 / 0                 0 / 0                 0 / 0                 0 / 0           ops/s
[60.180s][info][gc,stats    ]      Memory: Page Cache Flush                                  0 / 0                 0 / 0                 0 / 0                 0 / 0           MB/s
[60.180s][info][gc,stats    ]      Memory: Page Cache Hit L1                               534 / 682             492 / 689             492 / 689             492 / 689         ops/s
[60.180s][info][gc,stats    ]      Memory: Page Cache Hit L2                                 0 / 0                 0 / 0                 0 / 0                 0 / 0           ops/s
[60.180s][info][gc,stats    ]      Memory: Page Cache Hit L3                                 0 / 0                22 / 392              22 / 392              22 / 392         ops/s
[60.180s][info][gc,stats    ]      Memory: Page Cache Miss                                   0 / 0                 0 / 1                 0 / 1                 0 / 1           ops/s
[60.180s][info][gc,stats    ]      Memory: Uncommit                                          0 / 0                 0 / 0                 0 / 0                 0 / 0           MB/s
[60.180s][info][gc,stats    ]      Memory: Undo Object Allocation Failed                     0 / 0                 0 / 0                 0 / 0                 0 / 0           ops/s
[60.180s][info][gc,stats    ]      Memory: Undo Object Allocation Succeeded                  0 / 0                 2 / 140               2 / 140               2 / 140         ops/s
[60.180s][info][gc,stats    ]      Memory: Undo Page Allocation                              0 / 0                 0 / 0                 0 / 0                 0 / 0           ops/s
[60.180s][info][gc,stats    ]       Phase: Concurrent Mark                              23.424 / 46.450       26.936 / 78.232       26.936 / 78.232       26.936 / 78.232      ms
[60.180s][info][gc,stats    ]       Phase: Concurrent Mark Continue                      0.000 / 0.000         0.000 / 0.000         0.000 / 0.000         0.000 / 0.000       ms
[60.180s][info][gc,stats    ]       Phase: Concurrent Mark Free                          0.002 / 0.002         0.002 / 0.003         0.002 / 0.003         0.002 / 0.003       ms
[60.180s][info][gc,stats    ]       Phase: Concurrent Process Non-Strong References      3.179 / 3.586         2.769 / 3.586         2.769 / 3.586         2.769 / 3.586       ms
[60.180s][info][gc,stats    ]       Phase: Concurrent Relocate                           4.020 / 16.610        5.567 / 26.680        5.567 / 26.680        5.567 / 26.680      ms
[60.180s][info][gc,stats    ]       Phase: Concurrent Reset Relocation Set               0.003 / 0.007         0.003 / 0.008         0.003 / 0.008         0.003 / 0.008       ms
[60.180s][info][gc,stats    ]       Phase: Concurrent Select Relocation Set              2.642 / 4.019         2.751 / 5.896         2.751 / 5.896         2.751 / 5.896       ms
[60.180s][info][gc,stats    ]       Phase: Pause Mark End                                0.016 / 0.019         0.017 / 0.031         0.017 / 0.031         0.017 / 0.031       ms
[60.180s][info][gc,stats    ]       Phase: Pause Mark Start                              0.006 / 0.010         0.007 / 0.015         0.007 / 0.015         0.007 / 0.015       ms
[60.180s][info][gc,stats    ]       Phase: Pause Relocate Start                          0.012 / 0.021         0.010 / 0.021         0.010 / 0.021         0.010 / 0.021       ms
[60.180s][info][gc,stats    ]    Subphase: Concurrent Classes Purge                      0.128 / 0.143         0.117 / 0.153         0.117 / 0.153         0.117 / 0.153       ms
[60.180s][info][gc,stats    ]    Subphase: Concurrent Classes Unlink                     2.419 / 2.836         2.053 / 2.836         2.053 / 2.836         2.053 / 2.836       ms
[60.180s][info][gc,stats    ]    Subphase: Concurrent Mark                              16.130 / 45.843       21.084 / 77.416       21.084 / 77.416       21.084 / 77.416      ms
[60.180s][info][gc,stats    ]    Subphase: Concurrent Mark Try Flush                     0.077 / 0.248         0.082 / 0.514         0.082 / 0.514         0.082 / 0.514       ms
[60.180s][info][gc,stats    ]    Subphase: Concurrent Mark Try Terminate                 4.751 / 17.130        4.113 / 17.130        4.113 / 17.130        4.113 / 17.130      ms
[60.180s][info][gc,stats    ]    Subphase: Concurrent References Enqueue                 0.007 / 0.007         0.006 / 0.008         0.006 / 0.008         0.006 / 0.008       ms
[60.180s][info][gc,stats    ]    Subphase: Concurrent References Process                 0.187 / 0.219         0.172 / 0.251         0.172 / 0.251         0.172 / 0.251       ms
[60.180s][info][gc,stats    ]    Subphase: Concurrent Roots ClassLoaderDataGraph         0.035 / 0.068         0.044 / 0.243         0.044 / 0.243         0.044 / 0.243       ms
[60.180s][info][gc,stats    ]    Subphase: Concurrent Roots CodeCache                    0.000 / 0.000         0.000 / 0.000         0.000 / 0.000         0.000 / 0.000       ms
[60.180s][info][gc,stats    ]    Subphase: Concurrent Roots JavaThreads                  0.279 / 0.420         0.253 / 0.656         0.253 / 0.656         0.253 / 0.656       ms
[60.180s][info][gc,stats    ]    Subphase: Concurrent Roots OopStorageSet                0.010 / 0.020         0.014 / 0.052         0.014 / 0.052         0.014 / 0.052       ms
[60.180s][info][gc,stats    ]    Subphase: Concurrent Weak Roots OopStorageSet           0.235 / 0.316         0.215 / 0.327         0.215 / 0.327         0.215 / 0.327       ms
[60.180s][info][gc,stats    ]    Subphase: Pause Mark Try Complete                       0.000 / 0.000         0.000 / 0.000         0.000 / 0.000         0.000 / 0.000       ms
[60.180s][info][gc,stats    ]      System: Java Threads                                     12 / 12               12 / 13               12 / 13               12 / 13          threads
[60.180s][info][gc,stats    ] =========================================================================================================================================================
[61.687s][info][gc,start    ] GC(32) Garbage Collection (Proactive)
[61.687s][info][gc,task     ] GC(32) Using 2 workers
[61.687s][info][gc,phases   ] GC(32) Pause Mark Start 0.010ms
[61.734s][info][gc,phases   ] GC(32) Concurrent Mark 46.376ms
[61.734s][info][gc,phases   ] GC(32) Pause Mark End 0.015ms
[61.734s][info][gc,phases   ] GC(32) Concurrent Mark Free 0.002ms
[61.737s][info][gc,phases   ] GC(32) Concurrent Process Non-Strong References 2.689ms
[61.737s][info][gc,phases   ] GC(32) Concurrent Reset Relocation Set 0.002ms
[61.742s][info][gc,phases   ] GC(32) Concurrent Select Relocation Set 5.442ms
[61.742s][info][gc,phases   ] GC(32) Pause Relocate Start 0.013ms
[61.767s][info][gc,phases   ] GC(32) Concurrent Relocate 24.138ms
[61.767s][info][gc,load     ] GC(32) Load: 0.00/0.00/0.00
[61.767s][info][gc,mmu      ] GC(32) MMU: 2ms/98.5%, 5ms/99.4%, 10ms/99.6%, 20ms/99.8%, 50ms/99.9%, 100ms/99.9%
[61.767s][info][gc,marking  ] GC(32) Mark: 2 stripe(s), 2 proactive flush(es), 1 terminate flush(es), 0 completion(s), 0 continuation(s) 
[61.767s][info][gc,marking  ] GC(32) Mark Stack Usage: 32M
[61.767s][info][gc,nmethod  ] GC(32) NMethods: 2795 registered, 0 unregistered
[61.767s][info][gc,metaspace] GC(32) Metaspace: 14M used, 14M committed, 1088M reserved
[61.767s][info][gc,ref      ] GC(32) Soft: 378 encountered, 0 discovered, 0 enqueued
[61.767s][info][gc,ref      ] GC(32) Weak: 937 encountered, 716 discovered, 7 enqueued
[61.767s][info][gc,ref      ] GC(32) Final: 0 encountered, 0 discovered, 0 enqueued
[61.767s][info][gc,ref      ] GC(32) Phantom: 36 encountered, 14 discovered, 0 enqueued
[61.767s][info][gc,reloc    ] GC(32) Small Pages: 1019 / 2038M, Empty: 1922M, Relocated: 25M, In-Place: 0
[61.767s][info][gc,reloc    ] GC(32) Medium Pages: 1 / 32M, Empty: 0M, Relocated: 0M, In-Place: 0
[61.767s][info][gc,reloc    ] GC(32) Large Pages: 0 / 0M, Empty: 0M, Relocated: 0M, In-Place: 0
[61.767s][info][gc,reloc    ] GC(32) Forwarding Usage: 15M
[61.767s][info][gc,heap     ] GC(32) Min Capacity: 4096M(100%)
[61.767s][info][gc,heap     ] GC(32) Max Capacity: 4096M(100%)
[61.767s][info][gc,heap     ] GC(32) Soft Max Capacity: 4096M(100%)
[61.767s][info][gc,heap     ] GC(32)                Mark Start          Mark End        Relocate Start      Relocate End           High               Low         
[61.767s][info][gc,heap     ] GC(32)  Capacity:     4096M (100%)       4096M (100%)       4096M (100%)       4096M (100%)       4096M (100%)       4096M (100%)   
[61.767s][info][gc,heap     ] GC(32)      Free:     2026M (49%)        1916M (47%)        3814M (93%)        3804M (93%)        3832M (94%)        1908M (47%)    
[61.767s][info][gc,heap     ] GC(32)      Used:     2070M (51%)        2180M (53%)         282M (7%)          292M (7%)         2188M (53%)         264M (6%)     
[61.767s][info][gc,heap     ] GC(32)      Live:         -                39M (1%)           39M (1%)           39M (1%)             -                  -          
[61.767s][info][gc,heap     ] GC(32) Allocated:         -               110M (3%)          134M (3%)          215M (5%)             -                  -          
[61.767s][info][gc,heap     ] GC(32)   Garbage:         -              2030M (50%)         108M (3%)           36M (1%)             -                  -          
[61.767s][info][gc,heap     ] GC(32) Reclaimed:         -                  -              1922M (47%)        1993M (49%)            -                  -          
[61.767s][info][gc          ] GC(32) Garbage Collection (Proactive) 2070M(51%)->292M(7%)
[61.866s][info][gc,start    ] GC(33) Garbage Collection (System.gc())
[61.866s][info][gc,task     ] GC(33) Using 2 workers
[61.866s][info][gc,phases   ] GC(33) Pause Mark Start 0.006ms
[61.875s][info][gc,phases   ] GC(33) Concurrent Mark 9.171ms
[61.875s][info][gc,phases   ] GC(33) Pause Mark End 0.019ms
[61.875s][info][gc,phases   ] GC(33) Concurrent Mark Free 0.002ms
[61.878s][info][gc,phases   ] GC(33) Concurrent Process Non-Strong References 2.526ms
[61.878s][info][gc,phases   ] GC(33) Concurrent Reset Relocation Set 0.007ms
[61.881s][info][gc,phases   ] GC(33) Concurrent Select Relocation Set 2.884ms
[61.881s][info][gc,phases   ] GC(33) Pause Relocate Start 0.011ms
[61.882s][info][gc,phases   ] GC(33) Concurrent Relocate 0.855ms
[61.882s][info][gc,load     ] GC(33) Load: 0.00/0.00/0.00
[61.882s][info][gc,mmu      ] GC(33) MMU: 2ms/98.5%, 5ms/99.4%, 10ms/99.6%, 20ms/99.8%, 50ms/99.9%, 100ms/99.9%
[61.882s][info][gc,marking  ] GC(33) Mark: 2 stripe(s), 2 proactive flush(es), 1 terminate flush(es), 0 completion(s), 0 continuation(s) 
[61.882s][info][gc,marking  ] GC(33) Mark Stack Usage: 32M
[61.882s][info][gc,nmethod  ] GC(33) NMethods: 2796 registered, 0 unregistered
[61.882s][info][gc,metaspace] GC(33) Metaspace: 14M used, 14M committed, 1088M reserved
[61.882s][info][gc,ref      ] GC(33) Soft: 378 encountered, 0 discovered, 0 enqueued
[61.882s][info][gc,ref      ] GC(33) Weak: 933 encountered, 36 discovered, 2 enqueued
[61.882s][info][gc,ref      ] GC(33) Final: 0 encountered, 0 discovered, 0 enqueued
[61.882s][info][gc,ref      ] GC(33) Phantom: 36 encountered, 16 discovered, 0 enqueued
[61.882s][info][gc,reloc    ] GC(33) Small Pages: 338 / 676M, Empty: 658M, Relocated: 1M, In-Place: 0
[61.882s][info][gc,reloc    ] GC(33) Medium Pages: 1 / 32M, Empty: 32M, Relocated: 0M, In-Place: 0
[61.882s][info][gc,reloc    ] GC(33) Large Pages: 0 / 0M, Empty: 0M, Relocated: 0M, In-Place: 0
[61.882s][info][gc,reloc    ] GC(33) Forwarding Usage: 0M
[61.882s][info][gc,heap     ] GC(33) Min Capacity: 4096M(100%)
[61.882s][info][gc,heap     ] GC(33) Max Capacity: 4096M(100%)
[61.882s][info][gc,heap     ] GC(33) Soft Max Capacity: 4096M(100%)
[61.882s][info][gc,heap     ] GC(33)                Mark Start          Mark End        Relocate Start      Relocate End           High               Low         
[61.882s][info][gc,heap     ] GC(33)  Capacity:     4096M (100%)       4096M (100%)       4096M (100%)       4096M (100%)       4096M (100%)       4096M (100%)   
[61.882s][info][gc,heap     ] GC(33)      Free:     3388M (83%)        3388M (83%)        4078M (100%)       4086M (100%)       4086M (100%)       3388M (83%)    
[61.882s][info][gc,heap     ] GC(33)      Used:      708M (17%)         708M (17%)          18M (0%)           10M (0%)          708M (17%)          10M (0%)     
[61.882s][info][gc,heap     ] GC(33)      Live:         -                 6M (0%)            6M (0%)            6M (0%)             -                  -          
[61.882s][info][gc,heap     ] GC(33) Allocated:         -                 0M (0%)            0M (0%)            0M (0%)             -                  -          
[61.882s][info][gc,heap     ] GC(33)   Garbage:         -               701M (17%)          11M (0%)            3M (0%)             -                  -          
[61.882s][info][gc,heap     ] GC(33) Reclaimed:         -                  -               690M (17%)         698M (17%)            -                  -          
[61.882s][info][gc          ] GC(33) Garbage Collection (System.gc()) 708M(17%)->10M(0%)
[64.324s][info][gc,start    ] GC(34) Garbage Collection (System.gc())
[64.324s][info][gc,task     ] GC(34) Using 2 workers
[64.324s][info][gc,phases   ] GC(34) Pause Mark Start 0.007ms
[64.343s][info][gc,phases   ] GC(34) Concurrent Mark 18.241ms
[64.343s][info][gc,phases   ] GC(34) Pause Mark End 0.021ms
[64.343s][info][gc,phases   ] GC(34) Concurrent Mark Free 0.002ms
[64.347s][info][gc,phases   ] GC(34) Concurrent Process Non-Strong References 3.427ms
[64.347s][info][gc,phases   ] GC(34) Concurrent Reset Relocation Set 0.001ms
[64.349s][info][gc,phases   ] GC(34) Concurrent Select Relocation Set 2.188ms
[64.349s][info][gc,phases   ] GC(34) Pause Relocate Start 0.010ms
[64.350s][info][gc,phases   ] GC(34) Concurrent Relocate 0.545ms
[64.350s][info][gc,load     ] GC(34) Load: 0.00/0.00/0.00
[64.350s][info][gc,mmu      ] GC(34) MMU: 2ms/98.5%, 5ms/99.4%, 10ms/99.6%, 20ms/99.8%, 50ms/99.9%, 100ms/99.9%
[64.350s][info][gc,marking  ] GC(34) Mark: 2 stripe(s), 1 proactive flush(es), 1 terminate flush(es), 0 completion(s), 0 continuation(s) 
[64.350s][info][gc,marking  ] GC(34) Mark Stack Usage: 32M
[64.350s][info][gc,nmethod  ] GC(34) NMethods: 2800 registered, 0 unregistered
[64.350s][info][gc,metaspace] GC(34) Metaspace: 14M used, 14M committed, 1088M reserved
[64.350s][info][gc,ref      ] GC(34) Soft: 378 encountered, 0 discovered, 0 enqueued
[64.350s][info][gc,ref      ] GC(34) Weak: 940 encountered, 676 discovered, 9 enqueued
[64.350s][info][gc,ref      ] GC(34) Final: 0 encountered, 0 discovered, 0 enqueued
[64.350s][info][gc,ref      ] GC(34) Phantom: 36 encountered, 24 discovered, 0 enqueued
[64.350s][info][gc,reloc    ] GC(34) Small Pages: 1335 / 2670M, Empty: 2648M, Relocated: 1M, In-Place: 0
[64.350s][info][gc,reloc    ] GC(34) Medium Pages: 1 / 32M, Empty: 32M, Relocated: 0M, In-Place: 0
[64.350s][info][gc,reloc    ] GC(34) Large Pages: 0 / 0M, Empty: 0M, Relocated: 0M, In-Place: 0
[64.350s][info][gc,reloc    ] GC(34) Forwarding Usage: 0M
[64.350s][info][gc,heap     ] GC(34) Min Capacity: 4096M(100%)
[64.350s][info][gc,heap     ] GC(34) Max Capacity: 4096M(100%)
[64.350s][info][gc,heap     ] GC(34) Soft Max Capacity: 4096M(100%)
[64.350s][info][gc,heap     ] GC(34)                Mark Start          Mark End        Relocate Start      Relocate End           High               Low         
[64.350s][info][gc,heap     ] GC(34)  Capacity:     4096M (100%)       4096M (100%)       4096M (100%)       4096M (100%)       4096M (100%)       4096M (100%)   
[64.350s][info][gc,heap     ] GC(34)      Free:     1394M (34%)        1394M (34%)        4074M (99%)        4086M (100%)       4086M (100%)       1394M (34%)    
[64.350s][info][gc,heap     ] GC(34)      Used:     2702M (66%)        2702M (66%)          22M (1%)           10M (0%)         2702M (66%)          10M (0%)     
[64.350s][info][gc,heap     ] GC(34)      Live:         -                 6M (0%)            6M (0%)            6M (0%)             -                  -          
[64.350s][info][gc,heap     ] GC(34) Allocated:         -                 0M (0%)            0M (0%)            0M (0%)             -                  -          
[64.350s][info][gc,heap     ] GC(34)   Garbage:         -              2695M (66%)          15M (0%)            3M (0%)             -                  -          
[64.350s][info][gc,heap     ] GC(34) Reclaimed:         -                  -              2680M (65%)        2692M (66%)            -                  -          
[64.350s][info][gc          ] GC(34) Garbage Collection (System.gc()) 2702M(66%)->10M(0%)
[66.785s][info][gc,start    ] GC(35) Garbage Collection (System.gc())
[66.785s][info][gc,task     ] GC(35) Using 2 workers
[66.786s][info][gc,phases   ] GC(35) Pause Mark Start 0.005ms
[66.794s][info][gc,phases   ] GC(35) Concurrent Mark 8.219ms
[66.794s][info][gc,phases   ] GC(35) Pause Mark End 0.012ms
[66.794s][info][gc,phases   ] GC(35) Concurrent Mark Free 0.003ms
[66.797s][info][gc,phases   ] GC(35) Concurrent Process Non-Strong References 3.022ms
[66.797s][info][gc,phases   ] GC(35) Concurrent Reset Relocation Set 0.001ms
[66.799s][info][gc,phases   ] GC(35) Concurrent Select Relocation Set 1.537ms
[66.799s][info][gc,phases   ] GC(35) Pause Relocate Start 0.008ms
[66.799s][info][gc,phases   ] GC(35) Concurrent Relocate 0.541ms
[66.799s][info][gc,load     ] GC(35) Load: 0.00/0.00/0.00
[66.799s][info][gc,mmu      ] GC(35) MMU: 2ms/98.5%, 5ms/99.4%, 10ms/99.6%, 20ms/99.8%, 50ms/99.9%, 100ms/99.9%
[66.799s][info][gc,marking  ] GC(35) Mark: 2 stripe(s), 2 proactive flush(es), 1 terminate flush(es), 0 completion(s), 0 continuation(s) 
[66.799s][info][gc,marking  ] GC(35) Mark Stack Usage: 32M
[66.799s][info][gc,nmethod  ] GC(35) NMethods: 2810 registered, 0 unregistered
[66.799s][info][gc,metaspace] GC(35) Metaspace: 14M used, 14M committed, 1088M reserved
[66.800s][info][gc,ref      ] GC(35) Soft: 378 encountered, 0 discovered, 0 enqueued
[66.800s][info][gc,ref      ] GC(35) Weak: 940 encountered, 647 discovered, 8 enqueued
[66.800s][info][gc,ref      ] GC(35) Final: 0 encountered, 0 discovered, 0 enqueued
[66.800s][info][gc,ref      ] GC(35) Phantom: 36 encountered, 17 discovered, 0 enqueued
[66.800s][info][gc,reloc    ] GC(35) Small Pages: 1335 / 2670M, Empty: 2646M, Relocated: 1M, In-Place: 0
[66.800s][info][gc,reloc    ] GC(35) Medium Pages: 1 / 32M, Empty: 32M, Relocated: 0M, In-Place: 0
[66.800s][info][gc,reloc    ] GC(35) Large Pages: 0 / 0M, Empty: 0M, Relocated: 0M, In-Place: 0
[66.800s][info][gc,reloc    ] GC(35) Forwarding Usage: 0M
[66.800s][info][gc,heap     ] GC(35) Min Capacity: 4096M(100%)
[66.800s][info][gc,heap     ] GC(35) Max Capacity: 4096M(100%)
[66.800s][info][gc,heap     ] GC(35) Soft Max Capacity: 4096M(100%)
[66.800s][info][gc,heap     ] GC(35)                Mark Start          Mark End        Relocate Start      Relocate End           High               Low         
[66.800s][info][gc,heap     ] GC(35)  Capacity:     4096M (100%)       4096M (100%)       4096M (100%)       4096M (100%)       4096M (100%)       4096M (100%)   
[66.800s][info][gc,heap     ] GC(35)      Free:     1394M (34%)        1394M (34%)        4072M (99%)        4086M (100%)       4086M (100%)       1394M (34%)    
[66.800s][info][gc,heap     ] GC(35)      Used:     2702M (66%)        2702M (66%)          24M (1%)           10M (0%)         2702M (66%)          10M (0%)     
[66.800s][info][gc,heap     ] GC(35)      Live:         -                 6M (0%)            6M (0%)            6M (0%)             -                  -          
[66.800s][info][gc,heap     ] GC(35) Allocated:         -                 0M (0%)            0M (0%)            0M (0%)             -                  -          
[66.800s][info][gc,heap     ] GC(35)   Garbage:         -              2695M (66%)          17M (0%)            3M (0%)             -                  -          
[66.800s][info][gc,heap     ] GC(35) Reclaimed:         -                  -              2678M (65%)        2692M (66%)            -                  -          
[66.800s][info][gc          ] GC(35) Garbage Collection (System.gc()) 2702M(66%)->10M(0%)
[69.248s][info][gc,start    ] GC(36) Garbage Collection (System.gc())
[69.248s][info][gc,task     ] GC(36) Using 2 workers
[69.248s][info][gc,phases   ] GC(36) Pause Mark Start 0.004ms
[69.259s][info][gc,phases   ] GC(36) Concurrent Mark 11.319ms
[69.259s][info][gc,phases   ] GC(36) Pause Mark End 0.026ms
[69.260s][info][gc,phases   ] GC(36) Concurrent Mark Free 0.002ms
[69.263s][info][gc,phases   ] GC(36) Concurrent Process Non-Strong References 3.121ms
[69.263s][info][gc,phases   ] GC(36) Concurrent Reset Relocation Set 0.001ms
[69.264s][info][gc,phases   ] GC(36) Concurrent Select Relocation Set 1.566ms
[69.265s][info][gc,phases   ] GC(36) Pause Relocate Start 0.008ms
[69.265s][info][gc,phases   ] GC(36) Concurrent Relocate 0.631ms
[69.265s][info][gc,load     ] GC(36) Load: 0.00/0.00/0.00
[69.265s][info][gc,mmu      ] GC(36) MMU: 2ms/98.5%, 5ms/99.4%, 10ms/99.6%, 20ms/99.8%, 50ms/99.9%, 100ms/99.9%
[69.265s][info][gc,marking  ] GC(36) Mark: 2 stripe(s), 1 proactive flush(es), 1 terminate flush(es), 0 completion(s), 0 continuation(s) 
[69.265s][info][gc,marking  ] GC(36) Mark Stack Usage: 32M
[69.265s][info][gc,nmethod  ] GC(36) NMethods: 2814 registered, 0 unregistered
[69.265s][info][gc,metaspace] GC(36) Metaspace: 14M used, 14M committed, 1088M reserved
[69.265s][info][gc,ref      ] GC(36) Soft: 378 encountered, 0 discovered, 0 enqueued
[69.265s][info][gc,ref      ] GC(36) Weak: 940 encountered, 634 discovered, 9 enqueued
[69.265s][info][gc,ref      ] GC(36) Final: 0 encountered, 0 discovered, 0 enqueued
[69.265s][info][gc,ref      ] GC(36) Phantom: 36 encountered, 16 discovered, 0 enqueued
[69.265s][info][gc,reloc    ] GC(36) Small Pages: 1335 / 2670M, Empty: 2646M, Relocated: 1M, In-Place: 0
[69.265s][info][gc,reloc    ] GC(36) Medium Pages: 1 / 32M, Empty: 32M, Relocated: 0M, In-Place: 0
[69.265s][info][gc,reloc    ] GC(36) Large Pages: 0 / 0M, Empty: 0M, Relocated: 0M, In-Place: 0
[69.265s][info][gc,reloc    ] GC(36) Forwarding Usage: 0M
[69.265s][info][gc,heap     ] GC(36) Min Capacity: 4096M(100%)
[69.265s][info][gc,heap     ] GC(36) Max Capacity: 4096M(100%)
[69.265s][info][gc,heap     ] GC(36) Soft Max Capacity: 4096M(100%)
[69.265s][info][gc,heap     ] GC(36)                Mark Start          Mark End        Relocate Start      Relocate End           High               Low         
[69.265s][info][gc,heap     ] GC(36)  Capacity:     4096M (100%)       4096M (100%)       4096M (100%)       4096M (100%)       4096M (100%)       4096M (100%)   
[69.265s][info][gc,heap     ] GC(36)      Free:     1394M (34%)        1394M (34%)        4072M (99%)        4086M (100%)       4086M (100%)       1394M (34%)    
[69.265s][info][gc,heap     ] GC(36)      Used:     2702M (66%)        2702M (66%)          24M (1%)           10M (0%)         2702M (66%)          10M (0%)     
[69.265s][info][gc,heap     ] GC(36)      Live:         -                 6M (0%)            6M (0%)            6M (0%)             -                  -          
[69.265s][info][gc,heap     ] GC(36) Allocated:         -                 0M (0%)            0M (0%)            0M (0%)             -                  -          
[69.265s][info][gc,heap     ] GC(36)   Garbage:         -              2695M (66%)          17M (0%)            3M (0%)             -                  -          
[69.265s][info][gc,heap     ] GC(36) Reclaimed:         -                  -              2678M (65%)        2692M (66%)            -                  -          
[69.265s][info][gc          ] GC(36) Garbage Collection (System.gc()) 2702M(66%)->10M(0%)
[70.185s][info][gc,stats    ] === Garbage Collection Statistics =======================================================================================================================
[70.185s][info][gc,stats    ]                                                              Last 10s              Last 10m              Last 10h                Total
[70.185s][info][gc,stats    ]                                                              Avg / Max             Avg / Max             Avg / Max             Avg / Max
[70.185s][info][gc,stats    ]   Collector: Garbage Collection Cycle                     30.597 / 79.983       37.755 / 113.591      37.755 / 113.591      37.755 / 113.591     ms
[70.185s][info][gc,stats    ]  Contention: Mark Segment Reset Contention                     0 / 0                 0 / 3                 0 / 3                 0 / 3           ops/s
[70.185s][info][gc,stats    ]  Contention: Mark SeqNum Reset Contention                      0 / 0                 0 / 1                 0 / 1                 0 / 1           ops/s
[70.185s][info][gc,stats    ]    Critical: Allocation Stall                                  0 / 0                 0 / 0                 0 / 0                 0 / 0           ops/s
[70.185s][info][gc,stats    ]    Critical: Allocation Stall                              0.000 / 0.000         0.000 / 0.000         0.000 / 0.000         0.000 / 0.000       ms
[70.185s][info][gc,stats    ]    Critical: GC Locker Stall                                   0 / 0                 0 / 0                 0 / 0                 0 / 0           ops/s
[70.185s][info][gc,stats    ]    Critical: GC Locker Stall                               0.000 / 0.000         0.000 / 0.000         0.000 / 0.000         0.000 / 0.000       ms
[70.185s][info][gc,stats    ]    Critical: Relocation Stall                                  0 / 0                 0 / 0                 0 / 0                 0 / 0           ops/s
[70.185s][info][gc,stats    ]    Critical: Relocation Stall                              0.000 / 0.000         0.000 / 0.000         0.000 / 0.000         0.000 / 0.000       ms
[70.185s][info][gc,stats    ]      Memory: Allocation Rate                                1075 / 1364           1041 / 1380           1041 / 1380           1041 / 1380        MB/s
[70.185s][info][gc,stats    ]      Memory: Out Of Memory                                     0 / 0                 0 / 0                 0 / 0                 0 / 0           ops/s
[70.185s][info][gc,stats    ]      Memory: Page Cache Flush                                  0 / 0                 0 / 0                 0 / 0                 0 / 0           MB/s
[70.185s][info][gc,stats    ]      Memory: Page Cache Hit L1                               534 / 683             498 / 689             498 / 689             498 / 689         ops/s
[70.185s][info][gc,stats    ]      Memory: Page Cache Hit L2                                 0 / 0                 0 / 0                 0 / 0                 0 / 0           ops/s
[70.185s][info][gc,stats    ]      Memory: Page Cache Hit L3                                 0 / 0                19 / 392              19 / 392              19 / 392         ops/s
[70.185s][info][gc,stats    ]      Memory: Page Cache Miss                                   0 / 0                 0 / 1                 0 / 1                 0 / 1           ops/s
[70.185s][info][gc,stats    ]      Memory: Uncommit                                          0 / 0                 0 / 0                 0 / 0                 0 / 0           MB/s
[70.186s][info][gc,stats    ]      Memory: Undo Object Allocation Failed                     0 / 0                 0 / 0                 0 / 0                 0 / 0           ops/s
[70.186s][info][gc,stats    ]      Memory: Undo Object Allocation Succeeded                  0 / 0                 2 / 140               2 / 140               2 / 140         ops/s
[70.186s][info][gc,stats    ]      Memory: Undo Page Allocation                              0 / 0                 0 / 0                 0 / 0                 0 / 0           ops/s
[70.186s][info][gc,stats    ]       Phase: Concurrent Mark                              18.665 / 46.376       25.819 / 78.232       25.819 / 78.232       25.819 / 78.232      ms
[70.186s][info][gc,stats    ]       Phase: Concurrent Mark Continue                      0.000 / 0.000         0.000 / 0.000         0.000 / 0.000         0.000 / 0.000       ms
[70.186s][info][gc,stats    ]       Phase: Concurrent Mark Free                          0.002 / 0.003         0.002 / 0.003         0.002 / 0.003         0.002 / 0.003       ms
[70.186s][info][gc,stats    ]       Phase: Concurrent Process Non-Strong References      2.957 / 3.427         2.794 / 3.586         2.794 / 3.586         2.794 / 3.586       ms
[70.186s][info][gc,stats    ]       Phase: Concurrent Relocate                           5.342 / 24.138        5.536 / 26.680        5.536 / 26.680        5.536 / 26.680      ms
[70.186s][info][gc,stats    ]       Phase: Concurrent Reset Relocation Set               0.002 / 0.007         0.003 / 0.008         0.003 / 0.008         0.003 / 0.008       ms
[70.186s][info][gc,stats    ]       Phase: Concurrent Select Relocation Set              2.723 / 5.442         2.747 / 5.896         2.747 / 5.896         2.747 / 5.896       ms
[70.186s][info][gc,stats    ]       Phase: Pause Mark End                                0.018 / 0.026         0.017 / 0.031         0.017 / 0.031         0.017 / 0.031       ms
[70.186s][info][gc,stats    ]       Phase: Pause Mark Start                              0.006 / 0.010         0.007 / 0.015         0.007 / 0.015         0.007 / 0.015       ms
[70.186s][info][gc,stats    ]       Phase: Pause Relocate Start                          0.010 / 0.013         0.010 / 0.021         0.010 / 0.021         0.010 / 0.021       ms
[70.186s][info][gc,stats    ]    Subphase: Concurrent Classes Purge                      0.138 / 0.148         0.120 / 0.153         0.120 / 0.153         0.120 / 0.153       ms
[70.186s][info][gc,stats    ]    Subphase: Concurrent Classes Unlink                     2.184 / 2.711         2.071 / 2.836         2.071 / 2.836         2.071 / 2.836       ms
[70.186s][info][gc,stats    ]    Subphase: Concurrent Mark                              14.532 / 45.395       20.198 / 77.416       20.198 / 77.416       20.198 / 77.416      ms
[70.186s][info][gc,stats    ]    Subphase: Concurrent Mark Try Flush                     0.080 / 0.171         0.081 / 0.514         0.081 / 0.514         0.081 / 0.514       ms
[70.186s][info][gc,stats    ]    Subphase: Concurrent Mark Try Terminate                 2.951 / 14.216        3.962 / 17.130        3.962 / 17.130        3.962 / 17.130      ms
[70.186s][info][gc,stats    ]    Subphase: Concurrent References Enqueue                 0.006 / 0.008         0.006 / 0.008         0.006 / 0.008         0.006 / 0.008       ms
[70.186s][info][gc,stats    ]    Subphase: Concurrent References Process                 0.185 / 0.241         0.174 / 0.251         0.174 / 0.251         0.174 / 0.251       ms
[70.186s][info][gc,stats    ]    Subphase: Concurrent Roots ClassLoaderDataGraph         0.040 / 0.113         0.043 / 0.243         0.043 / 0.243         0.043 / 0.243       ms
[70.186s][info][gc,stats    ]    Subphase: Concurrent Roots CodeCache                    0.000 / 0.000         0.000 / 0.000         0.000 / 0.000         0.000 / 0.000       ms
[70.186s][info][gc,stats    ]    Subphase: Concurrent Roots JavaThreads                  0.243 / 0.640         0.252 / 0.656         0.252 / 0.656         0.252 / 0.656       ms
[70.186s][info][gc,stats    ]    Subphase: Concurrent Roots OopStorageSet                0.012 / 0.028         0.014 / 0.052         0.014 / 0.052         0.014 / 0.052       ms
[70.186s][info][gc,stats    ]    Subphase: Concurrent Weak Roots OopStorageSet           0.216 / 0.273         0.215 / 0.327         0.215 / 0.327         0.215 / 0.327       ms
[70.186s][info][gc,stats    ]    Subphase: Pause Mark Try Complete                       0.000 / 0.000         0.000 / 0.000         0.000 / 0.000         0.000 / 0.000       ms
[70.186s][info][gc,stats    ]      System: Java Threads                                     12 / 12               12 / 13               12 / 13               12 / 13          threads
[70.186s][info][gc,stats    ] =========================================================================================================================================================
[71.080s][info][gc,start    ] GC(37) Garbage Collection (Proactive)
[71.080s][info][gc,task     ] GC(37) Using 2 workers
[71.080s][info][gc,phases   ] GC(37) Pause Mark Start 0.012ms
[71.112s][info][gc,phases   ] GC(37) Concurrent Mark 31.345ms
[71.112s][info][gc,phases   ] GC(37) Pause Mark End 0.017ms
[71.112s][info][gc,phases   ] GC(37) Concurrent Mark Free 0.001ms
[71.115s][info][gc,phases   ] GC(37) Concurrent Process Non-Strong References 2.479ms
[71.115s][info][gc,phases   ] GC(37) Concurrent Reset Relocation Set 0.001ms
[71.119s][info][gc,phases   ] GC(37) Concurrent Select Relocation Set 3.706ms
[71.119s][info][gc,phases   ] GC(37) Pause Relocate Start 0.010ms
[71.133s][info][gc,phases   ] GC(37) Concurrent Relocate 14.604ms
[71.134s][info][gc,load     ] GC(37) Load: 0.00/0.00/0.00
[71.134s][info][gc,mmu      ] GC(37) MMU: 2ms/98.5%, 5ms/99.4%, 10ms/99.6%, 20ms/99.8%, 50ms/99.9%, 100ms/99.9%
[71.134s][info][gc,marking  ] GC(37) Mark: 2 stripe(s), 2 proactive flush(es), 1 terminate flush(es), 0 completion(s), 0 continuation(s) 
[71.134s][info][gc,marking  ] GC(37) Mark Stack Usage: 32M
[71.134s][info][gc,nmethod  ] GC(37) NMethods: 2816 registered, 0 unregistered
[71.134s][info][gc,metaspace] GC(37) Metaspace: 14M used, 14M committed, 1088M reserved
[71.134s][info][gc,ref      ] GC(37) Soft: 378 encountered, 0 discovered, 0 enqueued
[71.134s][info][gc,ref      ] GC(37) Weak: 937 encountered, 440 discovered, 7 enqueued
[71.134s][info][gc,ref      ] GC(37) Final: 0 encountered, 0 discovered, 0 enqueued
[71.134s][info][gc,ref      ] GC(37) Phantom: 36 encountered, 29 discovered, 0 enqueued
[71.134s][info][gc,reloc    ] GC(37) Small Pages: 715 / 1430M, Empty: 1330M, Relocated: 22M, In-Place: 0
[71.134s][info][gc,reloc    ] GC(37) Medium Pages: 1 / 32M, Empty: 0M, Relocated: 0M, In-Place: 0
[71.134s][info][gc,reloc    ] GC(37) Large Pages: 0 / 0M, Empty: 0M, Relocated: 0M, In-Place: 0
[71.134s][info][gc,reloc    ] GC(37) Forwarding Usage: 14M
[71.134s][info][gc,heap     ] GC(37) Min Capacity: 4096M(100%)
[71.134s][info][gc,heap     ] GC(37) Max Capacity: 4096M(100%)
[71.134s][info][gc,heap     ] GC(37) Soft Max Capacity: 4096M(100%)
[71.134s][info][gc,heap     ] GC(37)                Mark Start          Mark End        Relocate Start      Relocate End           High               Low         
[71.134s][info][gc,heap     ] GC(37)  Capacity:     4096M (100%)       4096M (100%)       4096M (100%)       4096M (100%)       4096M (100%)       4096M (100%)   
[71.134s][info][gc,heap     ] GC(37)      Free:     2634M (64%)        2632M (64%)        3962M (97%)        4022M (98%)        4022M (98%)        2632M (64%)    
[71.134s][info][gc,heap     ] GC(37)      Used:     1462M (36%)        1464M (36%)         134M (3%)           74M (2%)         1464M (36%)          74M (2%)     
[71.134s][info][gc,heap     ] GC(37)      Live:         -                36M (1%)           36M (1%)           36M (1%)             -                  -          
[71.134s][info][gc,heap     ] GC(37) Allocated:         -                 2M (0%)            2M (0%)            1M (0%)             -                  -          
[71.134s][info][gc,heap     ] GC(37)   Garbage:         -              1425M (35%)          95M (2%)           35M (1%)             -                  -          
[71.134s][info][gc,heap     ] GC(37) Reclaimed:         -                  -              1330M (32%)        1389M (34%)            -                  -          
[71.134s][info][gc          ] GC(37) Garbage Collection (Proactive) 1462M(36%)->74M(2%)
[71.685s][info][gc,start    ] GC(38) Garbage Collection (System.gc())
[71.686s][info][gc,task     ] GC(38) Using 2 workers
[71.686s][info][gc,phases   ] GC(38) Pause Mark Start 0.005ms
[71.693s][info][gc,phases   ] GC(38) Concurrent Mark 7.048ms
[71.693s][info][gc,phases   ] GC(38) Pause Mark End 0.017ms
[71.693s][info][gc,phases   ] GC(38) Concurrent Mark Free 0.002ms
[71.696s][info][gc,phases   ] GC(38) Concurrent Process Non-Strong References 2.715ms
[71.696s][info][gc,phases   ] GC(38) Concurrent Reset Relocation Set 0.006ms
[71.698s][info][gc,phases   ] GC(38) Concurrent Select Relocation Set 2.514ms
[71.698s][info][gc,phases   ] GC(38) Pause Relocate Start 0.011ms
[71.700s][info][gc,phases   ] GC(38) Concurrent Relocate 1.214ms
[71.700s][info][gc,load     ] GC(38) Load: 0.00/0.00/0.00
[71.700s][info][gc,mmu      ] GC(38) MMU: 2ms/98.5%, 5ms/99.4%, 10ms/99.6%, 20ms/99.8%, 50ms/99.9%, 100ms/99.9%
[71.700s][info][gc,marking  ] GC(38) Mark: 2 stripe(s), 2 proactive flush(es), 1 terminate flush(es), 0 completion(s), 0 continuation(s) 
[71.700s][info][gc,marking  ] GC(38) Mark Stack Usage: 32M
[71.700s][info][gc,nmethod  ] GC(38) NMethods: 2816 registered, 0 unregistered
[71.700s][info][gc,metaspace] GC(38) Metaspace: 14M used, 14M committed, 1088M reserved
[71.700s][info][gc,ref      ] GC(38) Soft: 378 encountered, 0 discovered, 0 enqueued
[71.700s][info][gc,ref      ] GC(38) Weak: 933 encountered, 703 discovered, 2 enqueued
[71.700s][info][gc,ref      ] GC(38) Final: 0 encountered, 0 discovered, 0 enqueued
[71.700s][info][gc,ref      ] GC(38) Phantom: 36 encountered, 16 discovered, 0 enqueued
[71.700s][info][gc,reloc    ] GC(38) Small Pages: 640 / 1280M, Empty: 1260M, Relocated: 1M, In-Place: 0
[71.700s][info][gc,reloc    ] GC(38) Medium Pages: 1 / 32M, Empty: 32M, Relocated: 0M, In-Place: 0
[71.700s][info][gc,reloc    ] GC(38) Large Pages: 0 / 0M, Empty: 0M, Relocated: 0M, In-Place: 0
[71.700s][info][gc,reloc    ] GC(38) Forwarding Usage: 0M
[71.700s][info][gc,heap     ] GC(38) Min Capacity: 4096M(100%)
[71.700s][info][gc,heap     ] GC(38) Max Capacity: 4096M(100%)
[71.700s][info][gc,heap     ] GC(38) Soft Max Capacity: 4096M(100%)
[71.700s][info][gc,heap     ] GC(38)                Mark Start          Mark End        Relocate Start      Relocate End           High               Low         
[71.700s][info][gc,heap     ] GC(38)  Capacity:     4096M (100%)       4096M (100%)       4096M (100%)       4096M (100%)       4096M (100%)       4096M (100%)   
[71.700s][info][gc,heap     ] GC(38)      Free:     2784M (68%)        2784M (68%)        4076M (100%)       4086M (100%)       4086M (100%)       2784M (68%)    
[71.700s][info][gc,heap     ] GC(38)      Used:     1312M (32%)        1312M (32%)          20M (0%)           10M (0%)         1312M (32%)          10M (0%)     
[71.700s][info][gc,heap     ] GC(38)      Live:         -                 6M (0%)            6M (0%)            6M (0%)             -                  -          
[71.700s][info][gc,heap     ] GC(38) Allocated:         -                 0M (0%)            0M (0%)            0M (0%)             -                  -          
[71.700s][info][gc,heap     ] GC(38)   Garbage:         -              1305M (32%)          13M (0%)            3M (0%)             -                  -          
[71.700s][info][gc,heap     ] GC(38) Reclaimed:         -                  -              1292M (32%)        1302M (32%)            -                  -          
[71.700s][info][gc          ] GC(38) Garbage Collection (System.gc()) 1312M(32%)->10M(0%)
[74.127s][info][gc,start    ] GC(39) Garbage Collection (System.gc())
[74.127s][info][gc,task     ] GC(39) Using 2 workers
[74.127s][info][gc,phases   ] GC(39) Pause Mark Start 0.005ms
[74.142s][info][gc,phases   ] GC(39) Concurrent Mark 14.396ms
[74.142s][info][gc,phases   ] GC(39) Pause Mark End 0.018ms
[74.142s][info][gc,phases   ] GC(39) Concurrent Mark Free 0.002ms
[74.144s][info][gc,phases   ] GC(39) Concurrent Process Non-Strong References 2.532ms
[74.144s][info][gc,phases   ] GC(39) Concurrent Reset Relocation Set 0.001ms
[74.146s][info][gc,phases   ] GC(39) Concurrent Select Relocation Set 1.658ms
[74.146s][info][gc,phases   ] GC(39) Pause Relocate Start 0.008ms
[74.147s][info][gc,phases   ] GC(39) Concurrent Relocate 0.989ms
[74.147s][info][gc,load     ] GC(39) Load: 0.00/0.00/0.00
[74.147s][info][gc,mmu      ] GC(39) MMU: 2ms/98.5%, 5ms/99.4%, 10ms/99.6%, 20ms/99.8%, 50ms/99.9%, 100ms/99.9%
[74.147s][info][gc,marking  ] GC(39) Mark: 2 stripe(s), 1 proactive flush(es), 1 terminate flush(es), 0 completion(s), 0 continuation(s) 
[74.147s][info][gc,marking  ] GC(39) Mark Stack Usage: 32M
[74.147s][info][gc,nmethod  ] GC(39) NMethods: 2843 registered, 0 unregistered
[74.147s][info][gc,metaspace] GC(39) Metaspace: 14M used, 14M committed, 1088M reserved
[74.147s][info][gc,ref      ] GC(39) Soft: 378 encountered, 0 discovered, 0 enqueued
[74.147s][info][gc,ref      ] GC(39) Weak: 939 encountered, 640 discovered, 8 enqueued
[74.147s][info][gc,ref      ] GC(39) Final: 0 encountered, 0 discovered, 0 enqueued
[74.147s][info][gc,ref      ] GC(39) Phantom: 36 encountered, 33 discovered, 0 enqueued
[74.147s][info][gc,reloc    ] GC(39) Small Pages: 1335 / 2670M, Empty: 2648M, Relocated: 1M, In-Place: 0
[74.147s][info][gc,reloc    ] GC(39) Medium Pages: 1 / 32M, Empty: 32M, Relocated: 0M, In-Place: 0
[74.147s][info][gc,reloc    ] GC(39) Large Pages: 0 / 0M, Empty: 0M, Relocated: 0M, In-Place: 0
[74.147s][info][gc,reloc    ] GC(39) Forwarding Usage: 0M
[74.147s][info][gc,heap     ] GC(39) Min Capacity: 4096M(100%)
[74.147s][info][gc,heap     ] GC(39) Max Capacity: 4096M(100%)
[74.147s][info][gc,heap     ] GC(39) Soft Max Capacity: 4096M(100%)
[74.147s][info][gc,heap     ] GC(39)                Mark Start          Mark End        Relocate Start      Relocate End           High               Low         
[74.147s][info][gc,heap     ] GC(39)  Capacity:     4096M (100%)       4096M (100%)       4096M (100%)       4096M (100%)       4096M (100%)       4096M (100%)   
[74.147s][info][gc,heap     ] GC(39)      Free:     1394M (34%)        1394M (34%)        4074M (99%)        4086M (100%)       4086M (100%)       1394M (34%)    
[74.147s][info][gc,heap     ] GC(39)      Used:     2702M (66%)        2702M (66%)          22M (1%)           10M (0%)         2702M (66%)          10M (0%)     
[74.147s][info][gc,heap     ] GC(39)      Live:         -                 6M (0%)            6M (0%)            6M (0%)             -                  -          
[74.147s][info][gc,heap     ] GC(39) Allocated:         -                 0M (0%)            0M (0%)            0M (0%)             -                  -          
[74.147s][info][gc,heap     ] GC(39)   Garbage:         -              2695M (66%)          15M (0%)            3M (0%)             -                  -          
[74.147s][info][gc,heap     ] GC(39) Reclaimed:         -                  -              2680M (65%)        2692M (66%)            -                  -          
[74.147s][info][gc          ] GC(39) Garbage Collection (System.gc()) 2702M(66%)->10M(0%)
[76.598s][info][gc,start    ] GC(40) Garbage Collection (System.gc())
[76.599s][info][gc,task     ] GC(40) Using 2 workers
[76.599s][info][gc,phases   ] GC(40) Pause Mark Start 0.007ms
[76.608s][info][gc,phases   ] GC(40) Concurrent Mark 8.867ms
[76.608s][info][gc,phases   ] GC(40) Pause Mark End 0.019ms
[76.608s][info][gc,phases   ] GC(40) Concurrent Mark Free 0.002ms
[76.611s][info][gc,phases   ] GC(40) Concurrent Process Non-Strong References 2.732ms
[76.611s][info][gc,phases   ] GC(40) Concurrent Reset Relocation Set 0.001ms
[76.612s][info][gc,phases   ] GC(40) Concurrent Select Relocation Set 1.817ms
[76.612s][info][gc,phases   ] GC(40) Pause Relocate Start 0.010ms
[76.613s][info][gc,phases   ] GC(40) Concurrent Relocate 0.776ms
[76.613s][info][gc,load     ] GC(40) Load: 0.00/0.00/0.00
[76.613s][info][gc,mmu      ] GC(40) MMU: 2ms/98.5%, 5ms/99.4%, 10ms/99.6%, 20ms/99.8%, 50ms/99.9%, 100ms/99.9%
[76.613s][info][gc,marking  ] GC(40) Mark: 2 stripe(s), 2 proactive flush(es), 1 terminate flush(es), 0 completion(s), 0 continuation(s) 
[76.613s][info][gc,marking  ] GC(40) Mark Stack Usage: 32M
[76.613s][info][gc,nmethod  ] GC(40) NMethods: 2860 registered, 0 unregistered
[76.613s][info][gc,metaspace] GC(40) Metaspace: 14M used, 14M committed, 1088M reserved
[76.613s][info][gc,ref      ] GC(40) Soft: 378 encountered, 0 discovered, 0 enqueued
[76.613s][info][gc,ref      ] GC(40) Weak: 939 encountered, 474 discovered, 8 enqueued
[76.613s][info][gc,ref      ] GC(40) Final: 0 encountered, 0 discovered, 0 enqueued
[76.613s][info][gc,ref      ] GC(40) Phantom: 36 encountered, 16 discovered, 0 enqueued
[76.613s][info][gc,reloc    ] GC(40) Small Pages: 1335 / 2670M, Empty: 2648M, Relocated: 1M, In-Place: 0
[76.613s][info][gc,reloc    ] GC(40) Medium Pages: 1 / 32M, Empty: 32M, Relocated: 0M, In-Place: 0
[76.613s][info][gc,reloc    ] GC(40) Large Pages: 0 / 0M, Empty: 0M, Relocated: 0M, In-Place: 0
[76.613s][info][gc,reloc    ] GC(40) Forwarding Usage: 0M
[76.613s][info][gc,heap     ] GC(40) Min Capacity: 4096M(100%)
[76.613s][info][gc,heap     ] GC(40) Max Capacity: 4096M(100%)
[76.613s][info][gc,heap     ] GC(40) Soft Max Capacity: 4096M(100%)
[76.613s][info][gc,heap     ] GC(40)                Mark Start          Mark End        Relocate Start      Relocate End           High               Low         
[76.613s][info][gc,heap     ] GC(40)  Capacity:     4096M (100%)       4096M (100%)       4096M (100%)       4096M (100%)       4096M (100%)       4096M (100%)   
[76.613s][info][gc,heap     ] GC(40)      Free:     1394M (34%)        1394M (34%)        4074M (99%)        4086M (100%)       4086M (100%)       1394M (34%)    
[76.613s][info][gc,heap     ] GC(40)      Used:     2702M (66%)        2702M (66%)          22M (1%)           10M (0%)         2702M (66%)          10M (0%)     
[76.613s][info][gc,heap     ] GC(40)      Live:         -                 6M (0%)            6M (0%)            6M (0%)             -                  -          
[76.613s][info][gc,heap     ] GC(40) Allocated:         -                 0M (0%)            0M (0%)            0M (0%)             -                  -          
[76.613s][info][gc,heap     ] GC(40)   Garbage:         -              2695M (66%)          15M (0%)            3M (0%)             -                  -          
[76.613s][info][gc,heap     ] GC(40) Reclaimed:         -                  -              2680M (65%)        2692M (66%)            -                  -          
[76.614s][info][gc          ] GC(40) Garbage Collection (System.gc()) 2702M(66%)->10M(0%)
[78.384s][info][gc,start    ] GC(41) Garbage Collection (Proactive)
[78.384s][info][gc,task     ] GC(41) Using 2 workers
[78.385s][info][gc,phases   ] GC(41) Pause Mark Start 0.013ms
[78.416s][info][gc,phases   ] GC(41) Concurrent Mark 31.269ms
[78.416s][info][gc,phases   ] GC(41) Pause Mark End 0.010ms
[78.416s][info][gc,phases   ] GC(41) Concurrent Mark Free 0.001ms
[78.419s][info][gc,phases   ] GC(41) Concurrent Process Non-Strong References 2.874ms
[78.419s][info][gc,phases   ] GC(41) Concurrent Reset Relocation Set 0.001ms
[78.423s][info][gc,phases   ] GC(41) Concurrent Select Relocation Set 3.986ms
[78.423s][info][gc,phases   ] GC(41) Pause Relocate Start 0.009ms
[78.440s][info][gc,phases   ] GC(41) Concurrent Relocate 16.734ms
[78.440s][info][gc,load     ] GC(41) Load: 0.00/0.00/0.00
[78.440s][info][gc,mmu      ] GC(41) MMU: 2ms/98.5%, 5ms/99.4%, 10ms/99.6%, 20ms/99.8%, 50ms/99.9%, 100ms/99.9%
[78.440s][info][gc,marking  ] GC(41) Mark: 2 stripe(s), 2 proactive flush(es), 1 terminate flush(es), 0 completion(s), 0 continuation(s) 
[78.440s][info][gc,marking  ] GC(41) Mark Stack Usage: 32M
[78.440s][info][gc,nmethod  ] GC(41) NMethods: 2865 registered, 0 unregistered
[78.440s][info][gc,metaspace] GC(41) Metaspace: 14M used, 14M committed, 1088M reserved
[78.440s][info][gc,ref      ] GC(41) Soft: 378 encountered, 0 discovered, 0 enqueued
[78.440s][info][gc,ref      ] GC(41) Weak: 937 encountered, 122 discovered, 7 enqueued
[78.440s][info][gc,ref      ] GC(41) Final: 0 encountered, 0 discovered, 0 enqueued
[78.440s][info][gc,ref      ] GC(41) Phantom: 36 encountered, 21 discovered, 0 enqueued
[78.440s][info][gc,reloc    ] GC(41) Small Pages: 717 / 1434M, Empty: 1328M, Relocated: 24M, In-Place: 0
[78.440s][info][gc,reloc    ] GC(41) Medium Pages: 1 / 32M, Empty: 0M, Relocated: 0M, In-Place: 0
[78.440s][info][gc,reloc    ] GC(41) Large Pages: 0 / 0M, Empty: 0M, Relocated: 0M, In-Place: 0
[78.440s][info][gc,reloc    ] GC(41) Forwarding Usage: 15M
[78.440s][info][gc,heap     ] GC(41) Min Capacity: 4096M(100%)
[78.440s][info][gc,heap     ] GC(41) Max Capacity: 4096M(100%)
[78.440s][info][gc,heap     ] GC(41) Soft Max Capacity: 4096M(100%)
[78.440s][info][gc,heap     ] GC(41)                Mark Start          Mark End        Relocate Start      Relocate End           High               Low         
[78.440s][info][gc,heap     ] GC(41)  Capacity:     4096M (100%)       4096M (100%)       4096M (100%)       4096M (100%)       4096M (100%)       4096M (100%)   
[78.441s][info][gc,heap     ] GC(41)      Free:     2630M (64%)        2628M (64%)        3956M (97%)        4022M (98%)        4022M (98%)        2628M (64%)    
[78.441s][info][gc,heap     ] GC(41)      Used:     1466M (36%)        1468M (36%)         140M (3%)           74M (2%)         1468M (36%)          74M (2%)     
[78.441s][info][gc,heap     ] GC(41)      Live:         -                36M (1%)           36M (1%)           36M (1%)             -                  -          
[78.441s][info][gc,heap     ] GC(41) Allocated:         -                 2M (0%)            2M (0%)            1M (0%)             -                  -          
[78.441s][info][gc,heap     ] GC(41)   Garbage:         -              1429M (35%)         101M (2%)           35M (1%)             -                  -          
[78.441s][info][gc,heap     ] GC(41) Reclaimed:         -                  -              1328M (32%)        1393M (34%)            -                  -          
[78.441s][info][gc          ] GC(41) Garbage Collection (Proactive) 1466M(36%)->74M(2%)
[79.027s][info][gc,start    ] GC(42) Garbage Collection (System.gc())
[79.027s][info][gc,task     ] GC(42) Using 2 workers
[79.027s][info][gc,phases   ] GC(42) Pause Mark Start 0.006ms
[79.044s][info][gc,phases   ] GC(42) Concurrent Mark 16.618ms
[79.044s][info][gc,phases   ] GC(42) Pause Mark End 0.022ms
[79.044s][info][gc,phases   ] GC(42) Concurrent Mark Free 0.002ms
[79.047s][info][gc,phases   ] GC(42) Concurrent Process Non-Strong References 3.102ms
[79.047s][info][gc,phases   ] GC(42) Concurrent Reset Relocation Set 0.006ms
[79.050s][info][gc,phases   ] GC(42) Concurrent Select Relocation Set 2.357ms
[79.050s][info][gc,phases   ] GC(42) Pause Relocate Start 0.016ms
[79.051s][info][gc,phases   ] GC(42) Concurrent Relocate 1.261ms
[79.051s][info][gc,load     ] GC(42) Load: 0.00/0.00/0.00
[79.051s][info][gc,mmu      ] GC(42) MMU: 2ms/98.5%, 5ms/99.4%, 10ms/99.6%, 20ms/99.8%, 50ms/99.9%, 100ms/99.9%
[79.051s][info][gc,marking  ] GC(42) Mark: 2 stripe(s), 1 proactive flush(es), 1 terminate flush(es), 0 completion(s), 0 continuation(s) 
[79.051s][info][gc,marking  ] GC(42) Mark Stack Usage: 32M
[79.051s][info][gc,nmethod  ] GC(42) NMethods: 2866 registered, 0 unregistered
[79.051s][info][gc,metaspace] GC(42) Metaspace: 14M used, 14M committed, 1088M reserved
[79.051s][info][gc,ref      ] GC(42) Soft: 378 encountered, 0 discovered, 0 enqueued
[79.051s][info][gc,ref      ] GC(42) Weak: 933 encountered, 653 discovered, 2 enqueued
[79.051s][info][gc,ref      ] GC(42) Final: 0 encountered, 0 discovered, 0 enqueued
[79.051s][info][gc,ref      ] GC(42) Phantom: 36 encountered, 22 discovered, 0 enqueued
[79.051s][info][gc,reloc    ] GC(42) Small Pages: 639 / 1278M, Empty: 1258M, Relocated: 1M, In-Place: 0
[79.051s][info][gc,reloc    ] GC(42) Medium Pages: 1 / 32M, Empty: 32M, Relocated: 0M, In-Place: 0
[79.051s][info][gc,reloc    ] GC(42) Large Pages: 0 / 0M, Empty: 0M, Relocated: 0M, In-Place: 0
[79.051s][info][gc,reloc    ] GC(42) Forwarding Usage: 0M
[79.051s][info][gc,heap     ] GC(42) Min Capacity: 4096M(100%)
[79.051s][info][gc,heap     ] GC(42) Max Capacity: 4096M(100%)
[79.051s][info][gc,heap     ] GC(42) Soft Max Capacity: 4096M(100%)
[79.051s][info][gc,heap     ] GC(42)                Mark Start          Mark End        Relocate Start      Relocate End           High               Low         
[79.051s][info][gc,heap     ] GC(42)  Capacity:     4096M (100%)       4096M (100%)       4096M (100%)       4096M (100%)       4096M (100%)       4096M (100%)   
[79.051s][info][gc,heap     ] GC(42)      Free:     2786M (68%)        2786M (68%)        4076M (100%)       4086M (100%)       4086M (100%)       2786M (68%)    
[79.051s][info][gc,heap     ] GC(42)      Used:     1310M (32%)        1310M (32%)          20M (0%)           10M (0%)         1310M (32%)          10M (0%)     
[79.051s][info][gc,heap     ] GC(42)      Live:         -                 6M (0%)            6M (0%)            6M (0%)             -                  -          
[79.051s][info][gc,heap     ] GC(42) Allocated:         -                 0M (0%)            0M (0%)            0M (0%)             -                  -          
[79.051s][info][gc,heap     ] GC(42)   Garbage:         -              1303M (32%)          13M (0%)            3M (0%)             -                  -          
[79.051s][info][gc,heap     ] GC(42) Reclaimed:         -                  -              1290M (31%)        1300M (32%)            -                  -          
[79.051s][info][gc          ] GC(42) Garbage Collection (System.gc()) 1310M(32%)->10M(0%)
[80.174s][info][gc,stats    ] === Garbage Collection Statistics =======================================================================================================================
[80.174s][info][gc,stats    ]                                                              Last 10s              Last 10m              Last 10h                Total
[80.174s][info][gc,stats    ]                                                              Avg / Max             Avg / Max             Avg / Max             Avg / Max
[80.174s][info][gc,stats    ]   Collector: Garbage Collection Cycle                     30.435 / 55.870       36.733 / 113.591      36.733 / 113.591      36.733 / 113.591     ms
[80.174s][info][gc,stats    ]  Contention: Mark Segment Reset Contention                     0 / 2                 0 / 3                 0 / 3                 0 / 3           ops/s
[80.174s][info][gc,stats    ]  Contention: Mark SeqNum Reset Contention                      0 / 0                 0 / 1                 0 / 1                 0 / 1           ops/s
[80.174s][info][gc,stats    ]    Critical: Allocation Stall                                  0 / 0                 0 / 0                 0 / 0                 0 / 0           ops/s
[80.174s][info][gc,stats    ]    Critical: Allocation Stall                              0.000 / 0.000         0.000 / 0.000         0.000 / 0.000         0.000 / 0.000       ms
[80.174s][info][gc,stats    ]    Critical: GC Locker Stall                                   0 / 0                 0 / 0                 0 / 0                 0 / 0           ops/s
[80.174s][info][gc,stats    ]    Critical: GC Locker Stall                               0.000 / 0.000         0.000 / 0.000         0.000 / 0.000         0.000 / 0.000       ms
[80.174s][info][gc,stats    ]    Critical: Relocation Stall                                  0 / 0                 0 / 0                 0 / 0                 0 / 0           ops/s
[80.174s][info][gc,stats    ]    Critical: Relocation Stall                              0.000 / 0.000         0.000 / 0.000         0.000 / 0.000         0.000 / 0.000       ms
[80.174s][info][gc,stats    ]      Memory: Allocation Rate                                1157 / 1364           1056 / 1380           1056 / 1380           1056 / 1380        MB/s
[80.174s][info][gc,stats    ]      Memory: Out Of Memory                                     0 / 0                 0 / 0                 0 / 0                 0 / 0           ops/s
[80.174s][info][gc,stats    ]      Memory: Page Cache Flush                                  0 / 0                 0 / 0                 0 / 0                 0 / 0           MB/s
[80.174s][info][gc,stats    ]      Memory: Page Cache Hit L1                               576 / 679             507 / 689             507 / 689             507 / 689         ops/s
[80.174s][info][gc,stats    ]      Memory: Page Cache Hit L2                                 0 / 0                 0 / 0                 0 / 0                 0 / 0           ops/s
[80.174s][info][gc,stats    ]      Memory: Page Cache Hit L3                                 0 / 0                16 / 392              16 / 392              16 / 392         ops/s
[80.174s][info][gc,stats    ]      Memory: Page Cache Miss                                   0 / 0                 0 / 1                 0 / 1                 0 / 1           ops/s
[80.174s][info][gc,stats    ]      Memory: Uncommit                                          0 / 0                 0 / 0                 0 / 0                 0 / 0           MB/s
[80.174s][info][gc,stats    ]      Memory: Undo Object Allocation Failed                     0 / 0                 0 / 0                 0 / 0                 0 / 0           ops/s
[80.174s][info][gc,stats    ]      Memory: Undo Object Allocation Succeeded                  0 / 0                 1 / 140               1 / 140               1 / 140         ops/s
[80.175s][info][gc,stats    ]      Memory: Undo Page Allocation                              0 / 0                 0 / 0                 0 / 0                 0 / 0           ops/s
[80.175s][info][gc,stats    ]       Phase: Concurrent Mark                              18.257 / 31.345       24.764 / 78.232       24.764 / 78.232       24.764 / 78.232      ms
[80.175s][info][gc,stats    ]       Phase: Concurrent Mark Continue                      0.000 / 0.000         0.000 / 0.000         0.000 / 0.000         0.000 / 0.000       ms
[80.175s][info][gc,stats    ]       Phase: Concurrent Mark Free                          0.002 / 0.002         0.002 / 0.003         0.002 / 0.003         0.002 / 0.003       ms
[80.175s][info][gc,stats    ]       Phase: Concurrent Process Non-Strong References      2.739 / 3.102         2.786 / 3.586         2.786 / 3.586         2.786 / 3.586       ms
[80.175s][info][gc,stats    ]       Phase: Concurrent Relocate                           5.929 / 16.734        5.591 / 26.680        5.591 / 26.680        5.591 / 26.680      ms
[80.175s][info][gc,stats    ]       Phase: Concurrent Reset Relocation Set               0.003 / 0.006         0.003 / 0.008         0.003 / 0.008         0.003 / 0.008       ms
[80.175s][info][gc,stats    ]       Phase: Concurrent Select Relocation Set              2.673 / 3.986         2.737 / 5.896         2.737 / 5.896         2.737 / 5.896       ms
[80.175s][info][gc,stats    ]       Phase: Pause Mark End                                0.017 / 0.022         0.017 / 0.031         0.017 / 0.031         0.017 / 0.031       ms
[80.175s][info][gc,stats    ]       Phase: Pause Mark Start                              0.008 / 0.013         0.007 / 0.015         0.007 / 0.015         0.007 / 0.015       ms
[80.175s][info][gc,stats    ]       Phase: Pause Relocate Start                          0.011 / 0.016         0.010 / 0.021         0.010 / 0.021         0.010 / 0.021       ms
[80.175s][info][gc,stats    ]    Subphase: Concurrent Classes Purge                      0.126 / 0.146         0.121 / 0.153         0.121 / 0.153         0.121 / 0.153       ms
[80.175s][info][gc,stats    ]    Subphase: Concurrent Classes Unlink                     2.026 / 2.300         2.064 / 2.836         2.064 / 2.836         2.064 / 2.836       ms
[80.175s][info][gc,stats    ]    Subphase: Concurrent Mark                              14.860 / 30.651       19.453 / 77.416       19.453 / 77.416       19.453 / 77.416      ms
[80.175s][info][gc,stats    ]    Subphase: Concurrent Mark Try Flush                     0.071 / 0.136         0.080 / 0.514         0.080 / 0.514         0.080 / 0.514       ms
[80.175s][info][gc,stats    ]    Subphase: Concurrent Mark Try Terminate                 2.040 / 12.896        3.704 / 17.130        3.704 / 17.130        3.704 / 17.130      ms
[80.175s][info][gc,stats    ]    Subphase: Concurrent References Enqueue                 0.006 / 0.007         0.006 / 0.008         0.006 / 0.008         0.006 / 0.008       ms
[80.175s][info][gc,stats    ]    Subphase: Concurrent References Process                 0.173 / 0.240         0.174 / 0.251         0.174 / 0.251         0.174 / 0.251       ms
[80.175s][info][gc,stats    ]    Subphase: Concurrent Roots ClassLoaderDataGraph         0.049 / 0.143         0.044 / 0.243         0.044 / 0.243         0.044 / 0.243       ms
[80.175s][info][gc,stats    ]    Subphase: Concurrent Roots CodeCache                    0.000 / 0.000         0.000 / 0.000         0.000 / 0.000         0.000 / 0.000       ms
[80.175s][info][gc,stats    ]    Subphase: Concurrent Roots JavaThreads                  0.297 / 0.698         0.258 / 0.698         0.258 / 0.698         0.258 / 0.698       ms
[80.175s][info][gc,stats    ]    Subphase: Concurrent Roots OopStorageSet                0.013 / 0.021         0.014 / 0.052         0.014 / 0.052         0.014 / 0.052       ms
[80.175s][info][gc,stats    ]    Subphase: Concurrent Weak Roots OopStorageSet           0.217 / 0.310         0.215 / 0.327         0.215 / 0.327         0.215 / 0.327       ms
[80.175s][info][gc,stats    ]    Subphase: Pause Mark Try Complete                       0.000 / 0.000         0.000 / 0.000         0.000 / 0.000         0.000 / 0.000       ms
[80.175s][info][gc,stats    ]      System: Java Threads                                     12 / 12               12 / 13               12 / 13               12 / 13          threads
[80.175s][info][gc,stats    ] =========================================================================================================================================================
[81.493s][info][gc,start    ] GC(43) Garbage Collection (System.gc())
[81.494s][info][gc,task     ] GC(43) Using 2 workers
[81.494s][info][gc,phases   ] GC(43) Pause Mark Start 0.007ms
[81.508s][info][gc,phases   ] GC(43) Concurrent Mark 14.732ms
[81.509s][info][gc,phases   ] GC(43) Pause Mark End 0.017ms
[81.509s][info][gc,phases   ] GC(43) Concurrent Mark Free 0.001ms
[81.512s][info][gc,phases   ] GC(43) Concurrent Process Non-Strong References 3.178ms
[81.512s][info][gc,phases   ] GC(43) Concurrent Reset Relocation Set 0.002ms
[81.514s][info][gc,phases   ] GC(43) Concurrent Select Relocation Set 1.588ms
[81.514s][info][gc,phases   ] GC(43) Pause Relocate Start 0.009ms
[81.514s][info][gc,phases   ] GC(43) Concurrent Relocate 0.533ms
[81.514s][info][gc,load     ] GC(43) Load: 0.00/0.00/0.00
[81.514s][info][gc,mmu      ] GC(43) MMU: 2ms/98.5%, 5ms/99.4%, 10ms/99.6%, 20ms/99.8%, 50ms/99.9%, 100ms/99.9%
[81.514s][info][gc,marking  ] GC(43) Mark: 2 stripe(s), 2 proactive flush(es), 1 terminate flush(es), 0 completion(s), 0 continuation(s) 
[81.514s][info][gc,marking  ] GC(43) Mark Stack Usage: 32M
[81.514s][info][gc,nmethod  ] GC(43) NMethods: 2888 registered, 0 unregistered
[81.514s][info][gc,metaspace] GC(43) Metaspace: 14M used, 14M committed, 1088M reserved
[81.514s][info][gc,ref      ] GC(43) Soft: 378 encountered, 0 discovered, 0 enqueued
[81.514s][info][gc,ref      ] GC(43) Weak: 940 encountered, 626 discovered, 8 enqueued
[81.514s][info][gc,ref      ] GC(43) Final: 0 encountered, 0 discovered, 0 enqueued
[81.514s][info][gc,ref      ] GC(43) Phantom: 36 encountered, 17 discovered, 0 enqueued
[81.514s][info][gc,reloc    ] GC(43) Small Pages: 1335 / 2670M, Empty: 2646M, Relocated: 1M, In-Place: 0
[81.515s][info][gc,reloc    ] GC(43) Medium Pages: 1 / 32M, Empty: 32M, Relocated: 0M, In-Place: 0
[81.515s][info][gc,reloc    ] GC(43) Large Pages: 0 / 0M, Empty: 0M, Relocated: 0M, In-Place: 0
[81.515s][info][gc,reloc    ] GC(43) Forwarding Usage: 0M
[81.515s][info][gc,heap     ] GC(43) Min Capacity: 4096M(100%)
[81.515s][info][gc,heap     ] GC(43) Max Capacity: 4096M(100%)
[81.515s][info][gc,heap     ] GC(43) Soft Max Capacity: 4096M(100%)
[81.515s][info][gc,heap     ] GC(43)                Mark Start          Mark End        Relocate Start      Relocate End           High               Low         
[81.515s][info][gc,heap     ] GC(43)  Capacity:     4096M (100%)       4096M (100%)       4096M (100%)       4096M (100%)       4096M (100%)       4096M (100%)   
[81.515s][info][gc,heap     ] GC(43)      Free:     1394M (34%)        1394M (34%)        4072M (99%)        4086M (100%)       4086M (100%)       1394M (34%)    
[81.515s][info][gc,heap     ] GC(43)      Used:     2702M (66%)        2702M (66%)          24M (1%)           10M (0%)         2702M (66%)          10M (0%)     
[81.515s][info][gc,heap     ] GC(43)      Live:         -                 6M (0%)            6M (0%)            6M (0%)             -                  -          
[81.515s][info][gc,heap     ] GC(43) Allocated:         -                 0M (0%)            0M (0%)            0M (0%)             -                  -          
[81.515s][info][gc,heap     ] GC(43)   Garbage:         -              2695M (66%)          17M (0%)            3M (0%)             -                  -          
[81.515s][info][gc,heap     ] GC(43) Reclaimed:         -                  -              2678M (65%)        2692M (66%)            -                  -          
[81.515s][info][gc          ] GC(43) Garbage Collection (System.gc()) 2702M(66%)->10M(0%)
[83.984s][info][gc,start    ] GC(44) Garbage Collection (System.gc())
[83.984s][info][gc,task     ] GC(44) Using 2 workers
[83.984s][info][gc,phases   ] GC(44) Pause Mark Start 0.006ms
[83.990s][info][gc,phases   ] GC(44) Concurrent Mark 5.765ms
[83.990s][info][gc,phases   ] GC(44) Pause Mark End 0.011ms
[83.990s][info][gc,phases   ] GC(44) Concurrent Mark Free 0.001ms
[83.993s][info][gc,phases   ] GC(44) Concurrent Process Non-Strong References 2.906ms
[83.993s][info][gc,phases   ] GC(44) Concurrent Reset Relocation Set 0.001ms
[83.995s][info][gc,phases   ] GC(44) Concurrent Select Relocation Set 1.479ms
[83.995s][info][gc,phases   ] GC(44) Pause Relocate Start 0.008ms
[83.996s][info][gc,phases   ] GC(44) Concurrent Relocate 0.865ms
[83.996s][info][gc,load     ] GC(44) Load: 0.00/0.00/0.00
[83.996s][info][gc,mmu      ] GC(44) MMU: 2ms/98.5%, 5ms/99.4%, 10ms/99.6%, 20ms/99.8%, 50ms/99.9%, 100ms/99.9%
[83.996s][info][gc,marking  ] GC(44) Mark: 2 stripe(s), 1 proactive flush(es), 1 terminate flush(es), 0 completion(s), 0 continuation(s) 
[83.996s][info][gc,marking  ] GC(44) Mark Stack Usage: 32M
[83.996s][info][gc,nmethod  ] GC(44) NMethods: 2900 registered, 0 unregistered
[83.996s][info][gc,metaspace] GC(44) Metaspace: 14M used, 14M committed, 1088M reserved
[83.996s][info][gc,ref      ] GC(44) Soft: 378 encountered, 0 discovered, 0 enqueued
[83.996s][info][gc,ref      ] GC(44) Weak: 940 encountered, 685 discovered, 8 enqueued
[83.996s][info][gc,ref      ] GC(44) Final: 0 encountered, 0 discovered, 0 enqueued
[83.996s][info][gc,ref      ] GC(44) Phantom: 36 encountered, 16 discovered, 0 enqueued
[83.996s][info][gc,reloc    ] GC(44) Small Pages: 1335 / 2670M, Empty: 2646M, Relocated: 1M, In-Place: 0
[83.996s][info][gc,reloc    ] GC(44) Medium Pages: 1 / 32M, Empty: 32M, Relocated: 0M, In-Place: 0
[83.996s][info][gc,reloc    ] GC(44) Large Pages: 0 / 0M, Empty: 0M, Relocated: 0M, In-Place: 0
[83.996s][info][gc,reloc    ] GC(44) Forwarding Usage: 0M
[83.996s][info][gc,heap     ] GC(44) Min Capacity: 4096M(100%)
[83.996s][info][gc,heap     ] GC(44) Max Capacity: 4096M(100%)
[83.996s][info][gc,heap     ] GC(44) Soft Max Capacity: 4096M(100%)
[83.996s][info][gc,heap     ] GC(44)                Mark Start          Mark End        Relocate Start      Relocate End           High               Low         
[83.996s][info][gc,heap     ] GC(44)  Capacity:     4096M (100%)       4096M (100%)       4096M (100%)       4096M (100%)       4096M (100%)       4096M (100%)   
[83.996s][info][gc,heap     ] GC(44)      Free:     1394M (34%)        1394M (34%)        4072M (99%)        4086M (100%)       4086M (100%)       1394M (34%)    
[83.996s][info][gc,heap     ] GC(44)      Used:     2702M (66%)        2702M (66%)          24M (1%)           10M (0%)         2702M (66%)          10M (0%)     
[83.996s][info][gc,heap     ] GC(44)      Live:         -                 6M (0%)            6M (0%)            6M (0%)             -                  -          
[83.996s][info][gc,heap     ] GC(44) Allocated:         -                 0M (0%)            0M (0%)            0M (0%)             -                  -          
[83.996s][info][gc,heap     ] GC(44)   Garbage:         -              2695M (66%)          17M (0%)            3M (0%)             -                  -          
[83.996s][info][gc,heap     ] GC(44) Reclaimed:         -                  -              2678M (65%)        2692M (66%)            -                  -          
[83.996s][info][gc          ] GC(44) Garbage Collection (System.gc()) 2702M(66%)->10M(0%)
[85.985s][info][gc,start    ] GC(45) Garbage Collection (Proactive)
[85.985s][info][gc,task     ] GC(45) Using 2 workers
[85.985s][info][gc,phases   ] GC(45) Pause Mark Start 0.027ms
[86.032s][info][gc,phases   ] GC(45) Concurrent Mark 46.488ms
[86.032s][info][gc,phases   ] GC(45) Pause Mark End 0.014ms
[86.032s][info][gc,phases   ] GC(45) Concurrent Mark Free 0.001ms
[86.035s][info][gc,phases   ] GC(45) Concurrent Process Non-Strong References 2.677ms
[86.035s][info][gc,phases   ] GC(45) Concurrent Reset Relocation Set 0.001ms
[86.043s][info][gc,phases   ] GC(45) Concurrent Select Relocation Set 7.858ms
[86.043s][info][gc,phases   ] GC(45) Pause Relocate Start 0.010ms
[86.058s][info][gc,phases   ] GC(45) Concurrent Relocate 15.319ms
[86.058s][info][gc,load     ] GC(45) Load: 0.00/0.00/0.00
[86.058s][info][gc,mmu      ] GC(45) MMU: 2ms/98.5%, 5ms/99.4%, 10ms/99.6%, 20ms/99.8%, 50ms/99.9%, 100ms/99.9%
[86.058s][info][gc,marking  ] GC(45) Mark: 2 stripe(s), 2 proactive flush(es), 1 terminate flush(es), 0 completion(s), 0 continuation(s) 
[86.058s][info][gc,marking  ] GC(45) Mark Stack Usage: 32M
[86.058s][info][gc,nmethod  ] GC(45) NMethods: 2911 registered, 0 unregistered
[86.059s][info][gc,metaspace] GC(45) Metaspace: 14M used, 14M committed, 1088M reserved
[86.059s][info][gc,ref      ] GC(45) Soft: 378 encountered, 0 discovered, 0 enqueued
[86.059s][info][gc,ref      ] GC(45) Weak: 937 encountered, 38 discovered, 6 enqueued
[86.059s][info][gc,ref      ] GC(45) Final: 0 encountered, 0 discovered, 0 enqueued
[86.059s][info][gc,ref      ] GC(45) Phantom: 36 encountered, 13 discovered, 0 enqueued
[86.059s][info][gc,reloc    ] GC(45) Small Pages: 717 / 1434M, Empty: 1330M, Relocated: 22M, In-Place: 0
[86.059s][info][gc,reloc    ] GC(45) Medium Pages: 1 / 32M, Empty: 0M, Relocated: 0M, In-Place: 0
[86.059s][info][gc,reloc    ] GC(45) Large Pages: 0 / 0M, Empty: 0M, Relocated: 0M, In-Place: 0
[86.059s][info][gc,reloc    ] GC(45) Forwarding Usage: 14M
[86.059s][info][gc,heap     ] GC(45) Min Capacity: 4096M(100%)
[86.059s][info][gc,heap     ] GC(45) Max Capacity: 4096M(100%)
[86.059s][info][gc,heap     ] GC(45) Soft Max Capacity: 4096M(100%)
[86.059s][info][gc,heap     ] GC(45)                Mark Start          Mark End        Relocate Start      Relocate End           High               Low         
[86.059s][info][gc,heap     ] GC(45)  Capacity:     4096M (100%)       4096M (100%)       4096M (100%)       4096M (100%)       4096M (100%)       4096M (100%)   
[86.059s][info][gc,heap     ] GC(45)      Free:     2630M (64%)        2628M (64%)        3958M (97%)        4020M (98%)        4020M (98%)        2628M (64%)    
[86.059s][info][gc,heap     ] GC(45)      Used:     1466M (36%)        1468M (36%)         138M (3%)           76M (2%)         1468M (36%)          76M (2%)     
[86.059s][info][gc,heap     ] GC(45)      Live:         -                37M (1%)           37M (1%)           37M (1%)             -                  -          
[86.059s][info][gc,heap     ] GC(45) Allocated:         -                 2M (0%)            2M (0%)            1M (0%)             -                  -          
[86.059s][info][gc,heap     ] GC(45)   Garbage:         -              1428M (35%)          98M (2%)           36M (1%)             -                  -          
[86.059s][info][gc,heap     ] GC(45) Reclaimed:         -                  -              1330M (32%)        1391M (34%)            -                  -          
[86.059s][info][gc          ] GC(45) Garbage Collection (Proactive) 1466M(36%)->76M(2%)
[86.701s][info][gc,start    ] GC(46) Garbage Collection (System.gc())
[86.701s][info][gc,task     ] GC(46) Using 2 workers
[86.701s][info][gc,phases   ] GC(46) Pause Mark Start 0.006ms
[86.722s][info][gc,phases   ] GC(46) Concurrent Mark 21.079ms
[86.722s][info][gc,phases   ] GC(46) Pause Mark End 0.016ms
[86.722s][info][gc,phases   ] GC(46) Concurrent Mark Free 0.002ms
[86.726s][info][gc,phases   ] GC(46) Concurrent Process Non-Strong References 3.433ms
[86.726s][info][gc,phases   ] GC(46) Concurrent Reset Relocation Set 0.006ms
[86.728s][info][gc,phases   ] GC(46) Concurrent Select Relocation Set 2.612ms
[86.729s][info][gc,phases   ] GC(46) Pause Relocate Start 0.010ms
[86.730s][info][gc,phases   ] GC(46) Concurrent Relocate 1.186ms
[86.730s][info][gc,load     ] GC(46) Load: 0.00/0.00/0.00
[86.730s][info][gc,mmu      ] GC(46) MMU: 2ms/98.5%, 5ms/99.4%, 10ms/99.6%, 20ms/99.8%, 50ms/99.9%, 100ms/99.9%
[86.730s][info][gc,marking  ] GC(46) Mark: 2 stripe(s), 2 proactive flush(es), 1 terminate flush(es), 0 completion(s), 0 continuation(s) 
[86.730s][info][gc,marking  ] GC(46) Mark Stack Usage: 32M
[86.730s][info][gc,nmethod  ] GC(46) NMethods: 2912 registered, 0 unregistered
[86.730s][info][gc,metaspace] GC(46) Metaspace: 14M used, 14M committed, 1088M reserved
[86.730s][info][gc,ref      ] GC(46) Soft: 378 encountered, 0 discovered, 0 enqueued
[86.730s][info][gc,ref      ] GC(46) Weak: 934 encountered, 586 discovered, 2 enqueued
[86.730s][info][gc,ref      ] GC(46) Final: 0 encountered, 0 discovered, 0 enqueued
[86.730s][info][gc,ref      ] GC(46) Phantom: 36 encountered, 28 discovered, 0 enqueued
[86.730s][info][gc,reloc    ] GC(46) Small Pages: 639 / 1278M, Empty: 1256M, Relocated: 1M, In-Place: 0
[86.730s][info][gc,reloc    ] GC(46) Medium Pages: 1 / 32M, Empty: 32M, Relocated: 0M, In-Place: 0
[86.730s][info][gc,reloc    ] GC(46) Large Pages: 0 / 0M, Empty: 0M, Relocated: 0M, In-Place: 0
[86.730s][info][gc,reloc    ] GC(46) Forwarding Usage: 0M
[86.730s][info][gc,heap     ] GC(46) Min Capacity: 4096M(100%)
[86.730s][info][gc,heap     ] GC(46) Max Capacity: 4096M(100%)
[86.730s][info][gc,heap     ] GC(46) Soft Max Capacity: 4096M(100%)
[86.730s][info][gc,heap     ] GC(46)                Mark Start          Mark End        Relocate Start      Relocate End           High               Low         
[86.730s][info][gc,heap     ] GC(46)  Capacity:     4096M (100%)       4096M (100%)       4096M (100%)       4096M (100%)       4096M (100%)       4096M (100%)   
[86.730s][info][gc,heap     ] GC(46)      Free:     2786M (68%)        2786M (68%)        4074M (99%)        4086M (100%)       4086M (100%)       2786M (68%)    
[86.730s][info][gc,heap     ] GC(46)      Used:     1310M (32%)        1310M (32%)          22M (1%)           10M (0%)         1310M (32%)          10M (0%)     
[86.730s][info][gc,heap     ] GC(46)      Live:         -                 6M (0%)            6M (0%)            6M (0%)             -                  -          
[86.730s][info][gc,heap     ] GC(46) Allocated:         -                 0M (0%)            0M (0%)            0M (0%)             -                  -          
[86.730s][info][gc,heap     ] GC(46)   Garbage:         -              1303M (32%)          15M (0%)            3M (0%)             -                  -          
[86.730s][info][gc,heap     ] GC(46) Reclaimed:         -                  -              1288M (31%)        1300M (32%)            -                  -          
[86.730s][info][gc          ] GC(46) Garbage Collection (System.gc()) 1310M(32%)->10M(0%)
[89.594s][info][gc,start    ] GC(47) Garbage Collection (System.gc())
[89.594s][info][gc,task     ] GC(47) Using 2 workers
[89.594s][info][gc,phases   ] GC(47) Pause Mark Start 0.005ms
[89.612s][info][gc,phases   ] GC(47) Concurrent Mark 17.289ms
[89.612s][info][gc,phases   ] GC(47) Pause Mark End 0.016ms
[89.612s][info][gc,phases   ] GC(47) Concurrent Mark Free 0.001ms
[89.615s][info][gc,phases   ] GC(47) Concurrent Process Non-Strong References 2.676ms
[89.615s][info][gc,phases   ] GC(47) Concurrent Reset Relocation Set 0.002ms
[89.617s][info][gc,phases   ] GC(47) Concurrent Select Relocation Set 1.840ms
[89.617s][info][gc,phases   ] GC(47) Pause Relocate Start 0.010ms
[89.617s][info][gc,phases   ] GC(47) Concurrent Relocate 0.581ms
[89.617s][info][gc,load     ] GC(47) Load: 0.00/0.00/0.00
[89.617s][info][gc,mmu      ] GC(47) MMU: 2ms/98.5%, 5ms/99.4%, 10ms/99.6%, 20ms/99.8%, 50ms/99.9%, 100ms/99.9%
[89.617s][info][gc,marking  ] GC(47) Mark: 2 stripe(s), 1 proactive flush(es), 1 terminate flush(es), 0 completion(s), 0 continuation(s) 
[89.617s][info][gc,marking  ] GC(47) Mark Stack Usage: 32M
[89.617s][info][gc,nmethod  ] GC(47) NMethods: 2915 registered, 0 unregistered
[89.617s][info][gc,metaspace] GC(47) Metaspace: 14M used, 14M committed, 1088M reserved
[89.617s][info][gc,ref      ] GC(47) Soft: 378 encountered, 0 discovered, 0 enqueued
[89.617s][info][gc,ref      ] GC(47) Weak: 940 encountered, 695 discovered, 9 enqueued
[89.617s][info][gc,ref      ] GC(47) Final: 0 encountered, 0 discovered, 0 enqueued
[89.617s][info][gc,ref      ] GC(47) Phantom: 36 encountered, 17 discovered, 0 enqueued
[89.617s][info][gc,reloc    ] GC(47) Small Pages: 1335 / 2670M, Empty: 2646M, Relocated: 1M, In-Place: 0
[89.617s][info][gc,reloc    ] GC(47) Medium Pages: 1 / 32M, Empty: 32M, Relocated: 0M, In-Place: 0
[89.617s][info][gc,reloc    ] GC(47) Large Pages: 0 / 0M, Empty: 0M, Relocated: 0M, In-Place: 0
[89.617s][info][gc,reloc    ] GC(47) Forwarding Usage: 0M
[89.617s][info][gc,heap     ] GC(47) Min Capacity: 4096M(100%)
[89.617s][info][gc,heap     ] GC(47) Max Capacity: 4096M(100%)
[89.617s][info][gc,heap     ] GC(47) Soft Max Capacity: 4096M(100%)
[89.617s][info][gc,heap     ] GC(47)                Mark Start          Mark End        Relocate Start      Relocate End           High               Low         
[89.617s][info][gc,heap     ] GC(47)  Capacity:     4096M (100%)       4096M (100%)       4096M (100%)       4096M (100%)       4096M (100%)       4096M (100%)   
[89.618s][info][gc,heap     ] GC(47)      Free:     1394M (34%)        1394M (34%)        4072M (99%)        4086M (100%)       4086M (100%)       1394M (34%)    
[89.618s][info][gc,heap     ] GC(47)      Used:     2702M (66%)        2702M (66%)          24M (1%)           10M (0%)         2702M (66%)          10M (0%)     
[89.618s][info][gc,heap     ] GC(47)      Live:         -                 6M (0%)            6M (0%)            6M (0%)             -                  -          
[89.618s][info][gc,heap     ] GC(47) Allocated:         -                 0M (0%)            0M (0%)            0M (0%)             -                  -          
[89.618s][info][gc,heap     ] GC(47)   Garbage:         -              2695M (66%)          17M (0%)            3M (0%)             -                  -          
[89.618s][info][gc,heap     ] GC(47) Reclaimed:         -                  -              2678M (65%)        2692M (66%)            -                  -          
[89.618s][info][gc          ] GC(47) Garbage Collection (System.gc()) 2702M(66%)->10M(0%)
[90.176s][info][gc,stats    ] === Garbage Collection Statistics =======================================================================================================================
[90.176s][info][gc,stats    ]                                                              Last 10s              Last 10m              Last 10h                Total
[90.176s][info][gc,stats    ]                                                              Avg / Max             Avg / Max             Avg / Max             Avg / Max
[90.176s][info][gc,stats    ]   Collector: Garbage Collection Cycle                     31.665 / 73.463       36.205 / 113.591      36.205 / 113.591      36.205 / 113.591     ms
[90.176s][info][gc,stats    ]  Contention: Mark Segment Reset Contention                     0 / 1                 0 / 3                 0 / 3                 0 / 3           ops/s
[90.176s][info][gc,stats    ]  Contention: Mark SeqNum Reset Contention                      0 / 1                 0 / 1                 0 / 1                 0 / 1           ops/s
[90.176s][info][gc,stats    ]    Critical: Allocation Stall                                  0 / 0                 0 / 0                 0 / 0                 0 / 0           ops/s
[90.176s][info][gc,stats    ]    Critical: Allocation Stall                              0.000 / 0.000         0.000 / 0.000         0.000 / 0.000         0.000 / 0.000       ms
[90.176s][info][gc,stats    ]    Critical: GC Locker Stall                                   0 / 0                 0 / 0                 0 / 0                 0 / 0           ops/s
[90.176s][info][gc,stats    ]    Critical: GC Locker Stall                               0.000 / 0.000         0.000 / 0.000         0.000 / 0.000         0.000 / 0.000       ms
[90.176s][info][gc,stats    ]    Critical: Relocation Stall                                  0 / 0                 0 / 0                 0 / 0                 0 / 0           ops/s
[90.176s][info][gc,stats    ]    Critical: Relocation Stall                              0.000 / 0.000         0.000 / 0.000         0.000 / 0.000         0.000 / 0.000       ms
[90.176s][info][gc,stats    ]      Memory: Allocation Rate                                 997 / 1372           1049 / 1380           1049 / 1380           1049 / 1380        MB/s
[90.176s][info][gc,stats    ]      Memory: Out Of Memory                                     0 / 0                 0 / 0                 0 / 0                 0 / 0           ops/s
[90.176s][info][gc,stats    ]      Memory: Page Cache Flush                                  0 / 0                 0 / 0                 0 / 0                 0 / 0           MB/s
[90.176s][info][gc,stats    ]      Memory: Page Cache Hit L1                               494 / 673             506 / 689             506 / 689             506 / 689         ops/s
[90.176s][info][gc,stats    ]      Memory: Page Cache Hit L2                                 0 / 0                 0 / 0                 0 / 0                 0 / 0           ops/s
[90.176s][info][gc,stats    ]      Memory: Page Cache Hit L3                                 0 / 0                14 / 392              14 / 392              14 / 392         ops/s
[90.176s][info][gc,stats    ]      Memory: Page Cache Miss                                   0 / 0                 0 / 1                 0 / 1                 0 / 1           ops/s
[90.176s][info][gc,stats    ]      Memory: Uncommit                                          0 / 0                 0 / 0                 0 / 0                 0 / 0           MB/s
[90.176s][info][gc,stats    ]      Memory: Undo Object Allocation Failed                     0 / 0                 0 / 0                 0 / 0                 0 / 0           ops/s
[90.176s][info][gc,stats    ]      Memory: Undo Object Allocation Succeeded                  0 / 0                 1 / 140               1 / 140               1 / 140         ops/s
[90.176s][info][gc,stats    ]      Memory: Undo Page Allocation                              0 / 0                 0 / 0                 0 / 0                 0 / 0           ops/s
[90.176s][info][gc,stats    ]       Phase: Concurrent Mark                              21.070 / 46.488       24.379 / 78.232       24.379 / 78.232       24.379 / 78.232      ms
[90.176s][info][gc,stats    ]       Phase: Concurrent Mark Continue                      0.000 / 0.000         0.000 / 0.000         0.000 / 0.000         0.000 / 0.000       ms
[90.177s][info][gc,stats    ]       Phase: Concurrent Mark Free                          0.001 / 0.002         0.002 / 0.003         0.002 / 0.003         0.002 / 0.003       ms
[90.177s][info][gc,stats    ]       Phase: Concurrent Process Non-Strong References      2.974 / 3.433         2.806 / 3.586         2.806 / 3.586         2.806 / 3.586       ms
[90.177s][info][gc,stats    ]       Phase: Concurrent Relocate                           3.697 / 15.319        5.394 / 26.680        5.394 / 26.680        5.394 / 26.680      ms
[90.177s][info][gc,stats    ]       Phase: Concurrent Reset Relocation Set               0.002 / 0.006         0.003 / 0.008         0.003 / 0.008         0.003 / 0.008       ms
[90.177s][info][gc,stats    ]       Phase: Concurrent Select Relocation Set              3.075 / 7.858         2.772 / 7.858         2.772 / 7.858         2.772 / 7.858       ms
[90.177s][info][gc,stats    ]       Phase: Pause Mark End                                0.015 / 0.017         0.017 / 0.031         0.017 / 0.031         0.017 / 0.031       ms
[90.177s][info][gc,stats    ]       Phase: Pause Mark Start                              0.010 / 0.027         0.008 / 0.027         0.008 / 0.027         0.008 / 0.027       ms
[90.177s][info][gc,stats    ]       Phase: Pause Relocate Start                          0.010 / 0.010         0.010 / 0.021         0.010 / 0.021         0.010 / 0.021       ms
[90.177s][info][gc,stats    ]    Subphase: Concurrent Classes Purge                      0.157 / 0.171         0.124 / 0.171         0.124 / 0.171         0.124 / 0.171       ms
[90.177s][info][gc,stats    ]    Subphase: Concurrent Classes Unlink                     2.258 / 2.538         2.085 / 2.836         2.085 / 2.836         2.085 / 2.836       ms
[90.177s][info][gc,stats    ]    Subphase: Concurrent Mark                              15.368 / 45.423       19.028 / 77.416       19.028 / 77.416       19.028 / 77.416      ms
[90.177s][info][gc,stats    ]    Subphase: Concurrent Mark Try Flush                     0.090 / 0.304         0.081 / 0.514         0.081 / 0.514         0.081 / 0.514       ms
[90.177s][info][gc,stats    ]    Subphase: Concurrent Mark Try Terminate                 3.936 / 16.860        3.729 / 17.130        3.729 / 17.130        3.729 / 17.130      ms
[90.177s][info][gc,stats    ]    Subphase: Concurrent References Enqueue                 0.007 / 0.007         0.006 / 0.008         0.006 / 0.008         0.006 / 0.008       ms
[90.177s][info][gc,stats    ]    Subphase: Concurrent References Process                 0.173 / 0.241         0.174 / 0.251         0.174 / 0.251         0.174 / 0.251       ms
[90.177s][info][gc,stats    ]    Subphase: Concurrent Roots ClassLoaderDataGraph         0.056 / 0.149         0.045 / 0.243         0.045 / 0.243         0.045 / 0.243       ms
[90.177s][info][gc,stats    ]    Subphase: Concurrent Roots CodeCache                    0.000 / 0.000         0.000 / 0.000         0.000 / 0.000         0.000 / 0.000       ms
[90.177s][info][gc,stats    ]    Subphase: Concurrent Roots JavaThreads                  0.289 / 0.655         0.262 / 0.698         0.262 / 0.698         0.262 / 0.698       ms
[90.177s][info][gc,stats    ]    Subphase: Concurrent Roots OopStorageSet                0.012 / 0.020         0.013 / 0.052         0.013 / 0.052         0.013 / 0.052       ms
[90.177s][info][gc,stats    ]    Subphase: Concurrent Weak Roots OopStorageSet           0.168 / 0.268         0.210 / 0.327         0.210 / 0.327         0.210 / 0.327       ms
[90.177s][info][gc,stats    ]    Subphase: Pause Mark Try Complete                       0.000 / 0.000         0.000 / 0.000         0.000 / 0.000         0.000 / 0.000       ms
[90.177s][info][gc,stats    ]      System: Java Threads                                     12 / 12               12 / 13               12 / 13               12 / 13          threads
[90.177s][info][gc,stats    ] =========================================================================================================================================================
[92.452s][info][gc,start    ] GC(48) Garbage Collection (System.gc())
[92.452s][info][gc,task     ] GC(48) Using 2 workers
[92.452s][info][gc,phases   ] GC(48) Pause Mark Start 0.006ms
[92.469s][info][gc,phases   ] GC(48) Concurrent Mark 16.692ms
[92.469s][info][gc,phases   ] GC(48) Pause Mark End 0.021ms
[92.469s][info][gc,phases   ] GC(48) Concurrent Mark Free 0.002ms
[92.473s][info][gc,phases   ] GC(48) Concurrent Process Non-Strong References 3.414ms
[92.473s][info][gc,phases   ] GC(48) Concurrent Reset Relocation Set 0.001ms
[92.474s][info][gc,phases   ] GC(48) Concurrent Select Relocation Set 1.678ms
[92.474s][info][gc,phases   ] GC(48) Pause Relocate Start 0.010ms
[92.475s][info][gc,phases   ] GC(48) Concurrent Relocate 0.811ms
[92.475s][info][gc,load     ] GC(48) Load: 0.00/0.00/0.00
[92.475s][info][gc,mmu      ] GC(48) MMU: 2ms/98.5%, 5ms/99.4%, 10ms/99.6%, 20ms/99.8%, 50ms/99.9%, 100ms/99.9%
[92.475s][info][gc,marking  ] GC(48) Mark: 2 stripe(s), 1 proactive flush(es), 1 terminate flush(es), 0 completion(s), 0 continuation(s) 
[92.475s][info][gc,marking  ] GC(48) Mark Stack Usage: 32M
[92.475s][info][gc,nmethod  ] GC(48) NMethods: 2933 registered, 0 unregistered
[92.475s][info][gc,metaspace] GC(48) Metaspace: 14M used, 14M committed, 1088M reserved
[92.475s][info][gc,ref      ] GC(48) Soft: 378 encountered, 0 discovered, 0 enqueued
[92.475s][info][gc,ref      ] GC(48) Weak: 939 encountered, 437 discovered, 8 enqueued
[92.475s][info][gc,ref      ] GC(48) Final: 0 encountered, 0 discovered, 0 enqueued
[92.475s][info][gc,ref      ] GC(48) Phantom: 36 encountered, 24 discovered, 0 enqueued
[92.475s][info][gc,reloc    ] GC(48) Small Pages: 1335 / 2670M, Empty: 2648M, Relocated: 1M, In-Place: 0
[92.475s][info][gc,reloc    ] GC(48) Medium Pages: 1 / 32M, Empty: 32M, Relocated: 0M, In-Place: 0
[92.475s][info][gc,reloc    ] GC(48) Large Pages: 0 / 0M, Empty: 0M, Relocated: 0M, In-Place: 0
[92.475s][info][gc,reloc    ] GC(48) Forwarding Usage: 0M
[92.475s][info][gc,heap     ] GC(48) Min Capacity: 4096M(100%)
[92.475s][info][gc,heap     ] GC(48) Max Capacity: 4096M(100%)
[92.475s][info][gc,heap     ] GC(48) Soft Max Capacity: 4096M(100%)
[92.475s][info][gc,heap     ] GC(48)                Mark Start          Mark End        Relocate Start      Relocate End           High               Low         
[92.475s][info][gc,heap     ] GC(48)  Capacity:     4096M (100%)       4096M (100%)       4096M (100%)       4096M (100%)       4096M (100%)       4096M (100%)   
[92.475s][info][gc,heap     ] GC(48)      Free:     1394M (34%)        1394M (34%)        4074M (99%)        4086M (100%)       4086M (100%)       1394M (34%)    
[92.475s][info][gc,heap     ] GC(48)      Used:     2702M (66%)        2702M (66%)          22M (1%)           10M (0%)         2702M (66%)          10M (0%)     
[92.475s][info][gc,heap     ] GC(48)      Live:         -                 6M (0%)            6M (0%)            6M (0%)             -                  -          
[92.475s][info][gc,heap     ] GC(48) Allocated:         -                 0M (0%)            0M (0%)            0M (0%)             -                  -          
[92.475s][info][gc,heap     ] GC(48)   Garbage:         -              2695M (66%)          15M (0%)            3M (0%)             -                  -          
[92.475s][info][gc,heap     ] GC(48) Reclaimed:         -                  -              2680M (65%)        2692M (66%)            -                  -          
[92.475s][info][gc          ] GC(48) Garbage Collection (System.gc()) 2702M(66%)->10M(0%)
[94.886s][info][gc,start    ] GC(49) Garbage Collection (Proactive)
[94.886s][info][gc,task     ] GC(49) Using 2 workers
[94.886s][info][gc,phases   ] GC(49) Pause Mark Start 0.011ms
[94.917s][info][gc,phases   ] GC(49) Concurrent Mark 30.642ms
[94.917s][info][gc,phases   ] GC(49) Pause Mark End 0.009ms
[94.917s][info][gc,phases   ] GC(49) Concurrent Mark Free 0.001ms
[94.920s][info][gc,phases   ] GC(49) Concurrent Process Non-Strong References 2.621ms
[94.920s][info][gc,phases   ] GC(49) Concurrent Reset Relocation Set 0.001ms
[94.924s][info][gc,phases   ] GC(49) Concurrent Select Relocation Set 3.925ms
[94.924s][info][gc,phases   ] GC(49) Pause Relocate Start 0.010ms
[94.939s][info][gc,phases   ] GC(49) Concurrent Relocate 15.251ms
[94.939s][info][gc,load     ] GC(49) Load: 0.00/0.00/0.00
[94.939s][info][gc,mmu      ] GC(49) MMU: 2ms/98.5%, 5ms/99.4%, 10ms/99.6%, 20ms/99.8%, 50ms/99.9%, 100ms/99.9%
[94.939s][info][gc,marking  ] GC(49) Mark: 2 stripe(s), 2 proactive flush(es), 1 terminate flush(es), 0 completion(s), 0 continuation(s) 
[94.939s][info][gc,marking  ] GC(49) Mark Stack Usage: 32M
[94.939s][info][gc,nmethod  ] GC(49) NMethods: 2937 registered, 0 unregistered
[94.939s][info][gc,metaspace] GC(49) Metaspace: 14M used, 14M committed, 1088M reserved
[94.939s][info][gc,ref      ] GC(49) Soft: 378 encountered, 0 discovered, 0 enqueued
[94.939s][info][gc,ref      ] GC(49) Weak: 937 encountered, 715 discovered, 6 enqueued
[94.939s][info][gc,ref      ] GC(49) Final: 0 encountered, 0 discovered, 0 enqueued
[94.939s][info][gc,ref      ] GC(49) Phantom: 36 encountered, 16 discovered, 0 enqueued
[94.939s][info][gc,reloc    ] GC(49) Small Pages: 717 / 1434M, Empty: 1330M, Relocated: 22M, In-Place: 0
[94.939s][info][gc,reloc    ] GC(49) Medium Pages: 1 / 32M, Empty: 0M, Relocated: 0M, In-Place: 0
[94.939s][info][gc,reloc    ] GC(49) Large Pages: 0 / 0M, Empty: 0M, Relocated: 0M, In-Place: 0
[94.939s][info][gc,reloc    ] GC(49) Forwarding Usage: 14M
[94.939s][info][gc,heap     ] GC(49) Min Capacity: 4096M(100%)
[94.939s][info][gc,heap     ] GC(49) Max Capacity: 4096M(100%)
[94.939s][info][gc,heap     ] GC(49) Soft Max Capacity: 4096M(100%)
[94.939s][info][gc,heap     ] GC(49)                Mark Start          Mark End        Relocate Start      Relocate End           High               Low         
[94.939s][info][gc,heap     ] GC(49)  Capacity:     4096M (100%)       4096M (100%)       4096M (100%)       4096M (100%)       4096M (100%)       4096M (100%)   
[94.939s][info][gc,heap     ] GC(49)      Free:     2630M (64%)        2628M (64%)        3958M (97%)        4020M (98%)        4020M (98%)        2628M (64%)    
[94.939s][info][gc,heap     ] GC(49)      Used:     1466M (36%)        1468M (36%)         138M (3%)           76M (2%)         1468M (36%)          76M (2%)     
[94.939s][info][gc,heap     ] GC(49)      Live:         -                37M (1%)           37M (1%)           37M (1%)             -                  -          
[94.939s][info][gc,heap     ] GC(49) Allocated:         -                 2M (0%)            2M (0%)            1M (0%)             -                  -          
[94.939s][info][gc,heap     ] GC(49)   Garbage:         -              1428M (35%)          98M (2%)           36M (1%)             -                  -          
[94.939s][info][gc,heap     ] GC(49) Reclaimed:         -                  -              1330M (32%)        1391M (34%)            -                  -          
[94.939s][info][gc          ] GC(49) Garbage Collection (Proactive) 1466M(36%)->76M(2%)
[95.311s][info][gc,start    ] GC(50) Garbage Collection (System.gc())
[95.311s][info][gc,task     ] GC(50) Using 2 workers
[95.311s][info][gc,phases   ] GC(50) Pause Mark Start 0.005ms
[95.325s][info][gc,phases   ] GC(50) Concurrent Mark 14.028ms
[95.325s][info][gc,phases   ] GC(50) Pause Mark End 0.007ms
[95.325s][info][gc,phases   ] GC(50) Concurrent Mark Free 0.001ms
[95.328s][info][gc,phases   ] GC(50) Concurrent Process Non-Strong References 2.709ms
[95.328s][info][gc,phases   ] GC(50) Concurrent Reset Relocation Set 0.005ms
[95.330s][info][gc,phases   ] GC(50) Concurrent Select Relocation Set 2.270ms
[95.330s][info][gc,phases   ] GC(50) Pause Relocate Start 0.014ms
[95.332s][info][gc,phases   ] GC(50) Concurrent Relocate 1.181ms
[95.332s][info][gc,load     ] GC(50) Load: 0.00/0.00/0.00
[95.332s][info][gc,mmu      ] GC(50) MMU: 2ms/98.5%, 5ms/99.4%, 10ms/99.6%, 20ms/99.8%, 50ms/99.9%, 100ms/99.9%
[95.332s][info][gc,marking  ] GC(50) Mark: 2 stripe(s), 1 proactive flush(es), 1 terminate flush(es), 0 completion(s), 0 continuation(s) 
[95.332s][info][gc,marking  ] GC(50) Mark Stack Usage: 32M
[95.332s][info][gc,nmethod  ] GC(50) NMethods: 2937 registered, 0 unregistered
[95.332s][info][gc,metaspace] GC(50) Metaspace: 14M used, 14M committed, 1088M reserved
[95.332s][info][gc,ref      ] GC(50) Soft: 378 encountered, 0 discovered, 0 enqueued
[95.332s][info][gc,ref      ] GC(50) Weak: 934 encountered, 548 discovered, 2 enqueued
[95.332s][info][gc,ref      ] GC(50) Final: 0 encountered, 0 discovered, 0 enqueued
[95.332s][info][gc,ref      ] GC(50) Phantom: 36 encountered, 34 discovered, 0 enqueued
[95.332s][info][gc,reloc    ] GC(50) Small Pages: 639 / 1278M, Empty: 1256M, Relocated: 1M, In-Place: 0
[95.332s][info][gc,reloc    ] GC(50) Medium Pages: 1 / 32M, Empty: 32M, Relocated: 0M, In-Place: 0
[95.332s][info][gc,reloc    ] GC(50) Large Pages: 0 / 0M, Empty: 0M, Relocated: 0M, In-Place: 0
[95.332s][info][gc,reloc    ] GC(50) Forwarding Usage: 0M
[95.332s][info][gc,heap     ] GC(50) Min Capacity: 4096M(100%)
[95.332s][info][gc,heap     ] GC(50) Max Capacity: 4096M(100%)
[95.332s][info][gc,heap     ] GC(50) Soft Max Capacity: 4096M(100%)
[95.332s][info][gc,heap     ] GC(50)                Mark Start          Mark End        Relocate Start      Relocate End           High               Low         
[95.332s][info][gc,heap     ] GC(50)  Capacity:     4096M (100%)       4096M (100%)       4096M (100%)       4096M (100%)       4096M (100%)       4096M (100%)   
[95.332s][info][gc,heap     ] GC(50)      Free:     2786M (68%)        2786M (68%)        4074M (99%)        4086M (100%)       4086M (100%)       2786M (68%)    
[95.332s][info][gc,heap     ] GC(50)      Used:     1310M (32%)        1310M (32%)          22M (1%)           10M (0%)         1310M (32%)          10M (0%)     
[95.332s][info][gc,heap     ] GC(50)      Live:         -                 6M (0%)            6M (0%)            6M (0%)             -                  -          
[95.332s][info][gc,heap     ] GC(50) Allocated:         -                 0M (0%)            0M (0%)            0M (0%)             -                  -          
[95.332s][info][gc,heap     ] GC(50)   Garbage:         -              1303M (32%)          15M (0%)            3M (0%)             -                  -          
[95.332s][info][gc,heap     ] GC(50) Reclaimed:         -                  -              1288M (31%)        1300M (32%)            -                  -          
[95.332s][info][gc          ] GC(50) Garbage Collection (System.gc()) 1310M(32%)->10M(0%)
[98.180s][info][gc,start    ] GC(51) Garbage Collection (System.gc())
[98.180s][info][gc,task     ] GC(51) Using 2 workers
[98.180s][info][gc,phases   ] GC(51) Pause Mark Start 0.010ms
[98.198s][info][gc,phases   ] GC(51) Concurrent Mark 17.783ms
[98.198s][info][gc,phases   ] GC(51) Pause Mark End 0.024ms
[98.198s][info][gc,phases   ] GC(51) Concurrent Mark Free 0.002ms
[98.202s][info][gc,phases   ] GC(51) Concurrent Process Non-Strong References 3.573ms
[98.202s][info][gc,phases   ] GC(51) Concurrent Reset Relocation Set 0.002ms
[98.204s][info][gc,phases   ] GC(51) Concurrent Select Relocation Set 2.370ms
[98.204s][info][gc,phases   ] GC(51) Pause Relocate Start 0.008ms
[98.205s][info][gc,phases   ] GC(51) Concurrent Relocate 0.841ms
[98.205s][info][gc,load     ] GC(51) Load: 0.00/0.00/0.00
[98.205s][info][gc,mmu      ] GC(51) MMU: 2ms/98.5%, 5ms/99.4%, 10ms/99.6%, 20ms/99.8%, 50ms/99.9%, 100ms/99.9%
[98.205s][info][gc,marking  ] GC(51) Mark: 2 stripe(s), 1 proactive flush(es), 1 terminate flush(es), 0 completion(s), 0 continuation(s) 
[98.205s][info][gc,marking  ] GC(51) Mark Stack Usage: 32M
[98.205s][info][gc,nmethod  ] GC(51) NMethods: 2952 registered, 0 unregistered
[98.205s][info][gc,metaspace] GC(51) Metaspace: 14M used, 14M committed, 1088M reserved
[98.205s][info][gc,ref      ] GC(51) Soft: 378 encountered, 0 discovered, 0 enqueued
[98.205s][info][gc,ref      ] GC(51) Weak: 940 encountered, 758 discovered, 9 enqueued
[98.205s][info][gc,ref      ] GC(51) Final: 0 encountered, 0 discovered, 0 enqueued
[98.205s][info][gc,ref      ] GC(51) Phantom: 36 encountered, 23 discovered, 0 enqueued
[98.205s][info][gc,reloc    ] GC(51) Small Pages: 1335 / 2670M, Empty: 2648M, Relocated: 1M, In-Place: 0
[98.205s][info][gc,reloc    ] GC(51) Medium Pages: 1 / 32M, Empty: 32M, Relocated: 0M, In-Place: 0
[98.205s][info][gc,reloc    ] GC(51) Large Pages: 0 / 0M, Empty: 0M, Relocated: 0M, In-Place: 0
[98.205s][info][gc,reloc    ] GC(51) Forwarding Usage: 0M
[98.205s][info][gc,heap     ] GC(51) Min Capacity: 4096M(100%)
[98.205s][info][gc,heap     ] GC(51) Max Capacity: 4096M(100%)
[98.205s][info][gc,heap     ] GC(51) Soft Max Capacity: 4096M(100%)
[98.205s][info][gc,heap     ] GC(51)                Mark Start          Mark End        Relocate Start      Relocate End           High               Low         
[98.205s][info][gc,heap     ] GC(51)  Capacity:     4096M (100%)       4096M (100%)       4096M (100%)       4096M (100%)       4096M (100%)       4096M (100%)   
[98.205s][info][gc,heap     ] GC(51)      Free:     1394M (34%)        1394M (34%)        4074M (99%)        4086M (100%)       4086M (100%)       1394M (34%)    
[98.205s][info][gc,heap     ] GC(51)      Used:     2702M (66%)        2702M (66%)          22M (1%)           10M (0%)         2702M (66%)          10M (0%)     
[98.205s][info][gc,heap     ] GC(51)      Live:         -                 6M (0%)            6M (0%)            6M (0%)             -                  -          
[98.205s][info][gc,heap     ] GC(51) Allocated:         -                 0M (0%)            0M (0%)            0M (0%)             -                  -          
[98.205s][info][gc,heap     ] GC(51)   Garbage:         -              2695M (66%)          15M (0%)            3M (0%)             -                  -          
[98.205s][info][gc,heap     ] GC(51) Reclaimed:         -                  -              2680M (65%)        2692M (66%)            -                  -          
[98.205s][info][gc          ] GC(51) Garbage Collection (System.gc()) 2702M(66%)->10M(0%)
[100.177s][info][gc,stats    ] === Garbage Collection Statistics =======================================================================================================================
[100.177s][info][gc,stats    ]                                                              Last 10s              Last 10m              Last 10h                Total
[100.177s][info][gc,stats    ]                                                              Avg / Max             Avg / Max             Avg / Max             Avg / Max
[100.177s][info][gc,stats    ]   Collector: Garbage Collection Cycle                     30.739 / 53.436       35.785 / 113.591      35.785 / 113.591      35.785 / 113.591     ms
[100.177s][info][gc,stats    ]  Contention: Mark Segment Reset Contention                     0 / 2                 0 / 3                 0 / 3                 0 / 3           ops/s
[100.177s][info][gc,stats    ]  Contention: Mark SeqNum Reset Contention                      0 / 0                 0 / 1                 0 / 1                 0 / 1           ops/s
[100.177s][info][gc,stats    ]    Critical: Allocation Stall                                  0 / 0                 0 / 0                 0 / 0                 0 / 0           ops/s
[100.177s][info][gc,stats    ]    Critical: Allocation Stall                              0.000 / 0.000         0.000 / 0.000         0.000 / 0.000         0.000 / 0.000       ms
[100.177s][info][gc,stats    ]    Critical: GC Locker Stall                                   0 / 0                 0 / 0                 0 / 0                 0 / 0           ops/s
[100.177s][info][gc,stats    ]    Critical: GC Locker Stall                               0.000 / 0.000         0.000 / 0.000         0.000 / 0.000         0.000 / 0.000       ms
[100.177s][info][gc,stats    ]    Critical: Relocation Stall                                  0 / 0                 0 / 0                 0 / 0                 0 / 0           ops/s
[100.177s][info][gc,stats    ]    Critical: Relocation Stall                              0.000 / 0.000         0.000 / 0.000         0.000 / 0.000         0.000 / 0.000       ms
[100.177s][info][gc,stats    ]      Memory: Allocation Rate                                 940 / 1372           1038 / 1380           1038 / 1380           1038 / 1380        MB/s
[100.177s][info][gc,stats    ]      Memory: Out Of Memory                                     0 / 0                 0 / 0                 0 / 0                 0 / 0           ops/s
[100.177s][info][gc,stats    ]      Memory: Page Cache Flush                                  0 / 0                 0 / 0                 0 / 0                 0 / 0           MB/s
[100.177s][info][gc,stats    ]      Memory: Page Cache Hit L1                               467 / 673             502 / 689             502 / 689             502 / 689         ops/s
[100.177s][info][gc,stats    ]      Memory: Page Cache Hit L2                                 0 / 0                 0 / 0                 0 / 0                 0 / 0           ops/s
[100.177s][info][gc,stats    ]      Memory: Page Cache Hit L3                                 0 / 0                13 / 392              13 / 392              13 / 392         ops/s
[100.177s][info][gc,stats    ]      Memory: Page Cache Miss                                   0 / 0                 0 / 1                 0 / 1                 0 / 1           ops/s
[100.177s][info][gc,stats    ]      Memory: Uncommit                                          0 / 0                 0 / 0                 0 / 0                 0 / 0           MB/s
[100.177s][info][gc,stats    ]      Memory: Undo Object Allocation Failed                     0 / 0                 0 / 0                 0 / 0                 0 / 0           ops/s
[100.177s][info][gc,stats    ]      Memory: Undo Object Allocation Succeeded                  0 / 0                 1 / 140               1 / 140               1 / 140         ops/s
[100.178s][info][gc,stats    ]      Memory: Undo Page Allocation                              0 / 0                 0 / 0                 0 / 0                 0 / 0           ops/s
[100.178s][info][gc,stats    ]       Phase: Concurrent Mark                              19.786 / 30.642       24.026 / 78.232       24.026 / 78.232       24.026 / 78.232      ms
[100.178s][info][gc,stats    ]       Phase: Concurrent Mark Continue                      0.000 / 0.000         0.000 / 0.000         0.000 / 0.000         0.000 / 0.000       ms
[100.178s][info][gc,stats    ]       Phase: Concurrent Mark Free                          0.001 / 0.002         0.002 / 0.003         0.002 / 0.003         0.002 / 0.003       ms
[100.178s][info][gc,stats    ]       Phase: Concurrent Process Non-Strong References      3.079 / 3.573         2.827 / 3.586         2.827 / 3.586         2.827 / 3.586       ms
[100.178s][info][gc,stats    ]       Phase: Concurrent Relocate                           4.521 / 15.251        5.327 / 26.680        5.327 / 26.680        5.327 / 26.680      ms
[100.178s][info][gc,stats    ]       Phase: Concurrent Reset Relocation Set               0.002 / 0.005         0.003 / 0.008         0.003 / 0.008         0.003 / 0.008       ms
[100.178s][info][gc,stats    ]       Phase: Concurrent Select Relocation Set              2.561 / 3.925         2.756 / 7.858         2.756 / 7.858         2.756 / 7.858       ms
[100.178s][info][gc,stats    ]       Phase: Pause Mark End                                0.015 / 0.024         0.017 / 0.031         0.017 / 0.031         0.017 / 0.031       ms
[100.178s][info][gc,stats    ]       Phase: Pause Mark Start                              0.008 / 0.011         0.008 / 0.027         0.008 / 0.027         0.008 / 0.027       ms
[100.178s][info][gc,stats    ]       Phase: Pause Relocate Start                          0.011 / 0.014         0.010 / 0.021         0.010 / 0.021         0.010 / 0.021       ms
[100.178s][info][gc,stats    ]    Subphase: Concurrent Classes Purge                      0.149 / 0.180         0.126 / 0.180         0.126 / 0.180         0.126 / 0.180       ms
[100.178s][info][gc,stats    ]    Subphase: Concurrent Classes Unlink                     2.289 / 2.582         2.100 / 2.836         2.100 / 2.836         2.100 / 2.836       ms
[100.178s][info][gc,stats    ]    Subphase: Concurrent Mark                              14.660 / 29.936       18.692 / 77.416       18.692 / 77.416       18.692 / 77.416      ms
[100.178s][info][gc,stats    ]    Subphase: Concurrent Mark Try Flush                     0.106 / 0.287         0.083 / 0.514         0.083 / 0.514         0.083 / 0.514       ms
[100.178s][info][gc,stats    ]    Subphase: Concurrent Mark Try Terminate                 3.182 / 13.516        3.688 / 17.130        3.688 / 17.130        3.688 / 17.130      ms
[100.178s][info][gc,stats    ]    Subphase: Concurrent References Enqueue                 0.006 / 0.007         0.006 / 0.008         0.006 / 0.008         0.006 / 0.008       ms
[100.178s][info][gc,stats    ]    Subphase: Concurrent References Process                 0.176 / 0.216         0.174 / 0.251         0.174 / 0.251         0.174 / 0.251       ms
[100.178s][info][gc,stats    ]    Subphase: Concurrent Roots ClassLoaderDataGraph         0.041 / 0.119         0.045 / 0.243         0.045 / 0.243         0.045 / 0.243       ms
[100.178s][info][gc,stats    ]    Subphase: Concurrent Roots CodeCache                    0.000 / 0.000         0.000 / 0.000         0.000 / 0.000         0.000 / 0.000       ms
[100.178s][info][gc,stats    ]    Subphase: Concurrent Roots JavaThreads                  0.264 / 0.540         0.262 / 0.698         0.262 / 0.698         0.262 / 0.698       ms
[100.178s][info][gc,stats    ]    Subphase: Concurrent Roots OopStorageSet                0.013 / 0.025         0.013 / 0.052         0.013 / 0.052         0.013 / 0.052       ms
[100.178s][info][gc,stats    ]    Subphase: Concurrent Weak Roots OopStorageSet           0.211 / 0.300         0.210 / 0.327         0.210 / 0.327         0.210 / 0.327       ms
[100.178s][info][gc,stats    ]    Subphase: Pause Mark Try Complete                       0.000 / 0.000         0.000 / 0.000         0.000 / 0.000         0.000 / 0.000       ms
[100.178s][info][gc,stats    ]      System: Java Threads                                     12 / 12               12 / 13               12 / 13               12 / 13          threads
[100.178s][info][gc,stats    ] =========================================================================================================================================================
[100.774s][info][gc,start    ] GC(52) Garbage Collection (Proactive)
[100.774s][info][gc,task     ] GC(52) Using 2 workers
[100.774s][info][gc,phases   ] GC(52) Pause Mark Start 0.008ms
[100.821s][info][gc,phases   ] GC(52) Concurrent Mark 46.915ms
[100.821s][info][gc,phases   ] GC(52) Pause Mark End 0.013ms
[100.821s][info][gc,phases   ] GC(52) Concurrent Mark Free 0.002ms
[100.824s][info][gc,phases   ] GC(52) Concurrent Process Non-Strong References 2.853ms
[100.824s][info][gc,phases   ] GC(52) Concurrent Reset Relocation Set 0.001ms
[100.829s][info][gc,phases   ] GC(52) Concurrent Select Relocation Set 5.087ms
[100.829s][info][gc,phases   ] GC(52) Pause Relocate Start 0.012ms
[100.854s][info][gc,phases   ] GC(52) Concurrent Relocate 24.419ms
[100.854s][info][gc,load     ] GC(52) Load: 0.00/0.00/0.00
[100.854s][info][gc,mmu      ] GC(52) MMU: 2ms/98.5%, 5ms/99.4%, 10ms/99.6%, 20ms/99.8%, 50ms/99.9%, 100ms/99.9%
[100.854s][info][gc,marking  ] GC(52) Mark: 2 stripe(s), 2 proactive flush(es), 1 terminate flush(es), 0 completion(s), 0 continuation(s) 
[100.854s][info][gc,marking  ] GC(52) Mark Stack Usage: 32M
[100.854s][info][gc,nmethod  ] GC(52) NMethods: 2956 registered, 0 unregistered
[100.854s][info][gc,metaspace] GC(52) Metaspace: 14M used, 14M committed, 1088M reserved
[100.854s][info][gc,ref      ] GC(52) Soft: 378 encountered, 0 discovered, 0 enqueued
[100.854s][info][gc,ref      ] GC(52) Weak: 936 encountered, 143 discovered, 6 enqueued
[100.854s][info][gc,ref      ] GC(52) Final: 0 encountered, 0 discovered, 0 enqueued
[100.854s][info][gc,ref      ] GC(52) Phantom: 36 encountered, 14 discovered, 0 enqueued
[100.854s][info][gc,reloc    ] GC(52) Small Pages: 719 / 1438M, Empty: 1330M, Relocated: 25M, In-Place: 0
[100.854s][info][gc,reloc    ] GC(52) Medium Pages: 1 / 32M, Empty: 0M, Relocated: 0M, In-Place: 0
[100.854s][info][gc,reloc    ] GC(52) Large Pages: 0 / 0M, Empty: 0M, Relocated: 0M, In-Place: 0
[100.854s][info][gc,reloc    ] GC(52) Forwarding Usage: 15M
[100.854s][info][gc,heap     ] GC(52) Min Capacity: 4096M(100%)
[100.854s][info][gc,heap     ] GC(52) Max Capacity: 4096M(100%)
[100.854s][info][gc,heap     ] GC(52) Soft Max Capacity: 4096M(100%)
[100.854s][info][gc,heap     ] GC(52)                Mark Start          Mark End        Relocate Start      Relocate End           High               Low         
[100.854s][info][gc,heap     ] GC(52)  Capacity:     4096M (100%)       4096M (100%)       4096M (100%)       4096M (100%)       4096M (100%)       4096M (100%)   
[100.854s][info][gc,heap     ] GC(52)      Free:     2626M (64%)        2596M (63%)        3898M (95%)        3880M (95%)        3914M (96%)        2588M (63%)    
[100.854s][info][gc,heap     ] GC(52)      Used:     1470M (36%)        1500M (37%)         198M (5%)          216M (5%)         1508M (37%)         182M (4%)     
[100.854s][info][gc,heap     ] GC(52)      Live:         -                38M (1%)           38M (1%)           38M (1%)             -                  -          
[100.854s][info][gc,heap     ] GC(52) Allocated:         -                30M (1%)           58M (1%)          141M (3%)             -                  -          
[100.854s][info][gc,heap     ] GC(52)   Garbage:         -              1431M (35%)         101M (2%)           35M (1%)             -                  -          
[100.854s][info][gc,heap     ] GC(52) Reclaimed:         -                  -              1330M (32%)        1395M (34%)            -                  -          
[100.854s][info][gc          ] GC(52) Garbage Collection (Proactive) 1470M(36%)->216M(5%)
[101.071s][info][gc,start    ] GC(53) Garbage Collection (System.gc())
[101.071s][info][gc,task     ] GC(53) Using 2 workers
[101.071s][info][gc,phases   ] GC(53) Pause Mark Start 0.011ms
[101.087s][info][gc,phases   ] GC(53) Concurrent Mark 15.736ms
[101.087s][info][gc,phases   ] GC(53) Pause Mark End 0.019ms
[101.087s][info][gc,phases   ] GC(53) Concurrent Mark Free 0.002ms
[101.090s][info][gc,phases   ] GC(53) Concurrent Process Non-Strong References 2.562ms
[101.090s][info][gc,phases   ] GC(53) Concurrent Reset Relocation Set 0.005ms
[101.093s][info][gc,phases   ] GC(53) Concurrent Select Relocation Set 2.890ms
[101.093s][info][gc,phases   ] GC(53) Pause Relocate Start 0.011ms
[101.094s][info][gc,phases   ] GC(53) Concurrent Relocate 1.270ms
[101.095s][info][gc,load     ] GC(53) Load: 0.00/0.00/0.00
[101.095s][info][gc,mmu      ] GC(53) MMU: 2ms/98.5%, 5ms/99.4%, 10ms/99.6%, 20ms/99.8%, 50ms/99.9%, 100ms/99.9%
[101.095s][info][gc,marking  ] GC(53) Mark: 2 stripe(s), 1 proactive flush(es), 1 terminate flush(es), 0 completion(s), 0 continuation(s) 
[101.095s][info][gc,marking  ] GC(53) Mark Stack Usage: 32M
[101.095s][info][gc,nmethod  ] GC(53) NMethods: 2956 registered, 0 unregistered
[101.095s][info][gc,metaspace] GC(53) Metaspace: 14M used, 14M committed, 1088M reserved
[101.095s][info][gc,ref      ] GC(53) Soft: 378 encountered, 0 discovered, 0 enqueued
[101.095s][info][gc,ref      ] GC(53) Weak: 933 encountered, 530 discovered, 2 enqueued
[101.095s][info][gc,ref      ] GC(53) Final: 0 encountered, 0 discovered, 0 enqueued
[101.095s][info][gc,ref      ] GC(53) Phantom: 36 encountered, 14 discovered, 0 enqueued
[101.095s][info][gc,reloc    ] GC(53) Small Pages: 637 / 1274M, Empty: 1252M, Relocated: 1M, In-Place: 0
[101.095s][info][gc,reloc    ] GC(53) Medium Pages: 1 / 32M, Empty: 32M, Relocated: 0M, In-Place: 0
[101.095s][info][gc,reloc    ] GC(53) Large Pages: 0 / 0M, Empty: 0M, Relocated: 0M, In-Place: 0
[101.095s][info][gc,reloc    ] GC(53) Forwarding Usage: 0M
[101.095s][info][gc,heap     ] GC(53) Min Capacity: 4096M(100%)
[101.095s][info][gc,heap     ] GC(53) Max Capacity: 4096M(100%)
[101.095s][info][gc,heap     ] GC(53) Soft Max Capacity: 4096M(100%)
[101.095s][info][gc,heap     ] GC(53)                Mark Start          Mark End        Relocate Start      Relocate End           High               Low         
[101.095s][info][gc,heap     ] GC(53)  Capacity:     4096M (100%)       4096M (100%)       4096M (100%)       4096M (100%)       4096M (100%)       4096M (100%)   
[101.095s][info][gc,heap     ] GC(53)      Free:     2790M (68%)        2790M (68%)        4074M (99%)        4086M (100%)       4086M (100%)       2790M (68%)    
[101.095s][info][gc,heap     ] GC(53)      Used:     1306M (32%)        1306M (32%)          22M (1%)           10M (0%)         1306M (32%)          10M (0%)     
[101.095s][info][gc,heap     ] GC(53)      Live:         -                 6M (0%)            6M (0%)            6M (0%)             -                  -          
[101.095s][info][gc,heap     ] GC(53) Allocated:         -                 0M (0%)            0M (0%)            0M (0%)             -                  -          
[101.095s][info][gc,heap     ] GC(53)   Garbage:         -              1299M (32%)          15M (0%)            3M (0%)             -                  -          
[101.095s][info][gc,heap     ] GC(53) Reclaimed:         -                  -              1284M (31%)        1296M (32%)            -                  -          
[101.095s][info][gc          ] GC(53) Garbage Collection (System.gc()) 1306M(32%)->10M(0%)
[103.931s][info][gc,start    ] GC(54) Garbage Collection (System.gc())
[103.931s][info][gc,task     ] GC(54) Using 2 workers
[103.931s][info][gc,phases   ] GC(54) Pause Mark Start 0.005ms
[103.945s][info][gc,phases   ] GC(54) Concurrent Mark 13.724ms
[103.945s][info][gc,phases   ] GC(54) Pause Mark End 0.012ms
[103.945s][info][gc,phases   ] GC(54) Concurrent Mark Free 0.001ms
[103.948s][info][gc,phases   ] GC(54) Concurrent Process Non-Strong References 3.062ms
[103.948s][info][gc,phases   ] GC(54) Concurrent Reset Relocation Set 0.001ms
[103.950s][info][gc,phases   ] GC(54) Concurrent Select Relocation Set 1.678ms
[103.950s][info][gc,phases   ] GC(54) Pause Relocate Start 0.010ms
[103.951s][info][gc,phases   ] GC(54) Concurrent Relocate 0.603ms
[103.951s][info][gc,load     ] GC(54) Load: 0.00/0.00/0.00
[103.951s][info][gc,mmu      ] GC(54) MMU: 2ms/98.5%, 5ms/99.4%, 10ms/99.6%, 20ms/99.8%, 50ms/99.9%, 100ms/99.9%
[103.951s][info][gc,marking  ] GC(54) Mark: 2 stripe(s), 3 proactive flush(es), 1 terminate flush(es), 0 completion(s), 0 continuation(s) 
[103.951s][info][gc,marking  ] GC(54) Mark Stack Usage: 32M
[103.951s][info][gc,nmethod  ] GC(54) NMethods: 2960 registered, 0 unregistered
[103.951s][info][gc,metaspace] GC(54) Metaspace: 14M used, 14M committed, 1088M reserved
[103.951s][info][gc,ref      ] GC(54) Soft: 378 encountered, 0 discovered, 0 enqueued
[103.951s][info][gc,ref      ] GC(54) Weak: 940 encountered, 399 discovered, 8 enqueued
[103.951s][info][gc,ref      ] GC(54) Final: 0 encountered, 0 discovered, 0 enqueued
[103.951s][info][gc,ref      ] GC(54) Phantom: 36 encountered, 16 discovered, 0 enqueued
[103.951s][info][gc,reloc    ] GC(54) Small Pages: 1335 / 2670M, Empty: 2642M, Relocated: 1M, In-Place: 0
[103.951s][info][gc,reloc    ] GC(54) Medium Pages: 1 / 32M, Empty: 32M, Relocated: 0M, In-Place: 0
[103.951s][info][gc,reloc    ] GC(54) Large Pages: 0 / 0M, Empty: 0M, Relocated: 0M, In-Place: 0
[103.951s][info][gc,reloc    ] GC(54) Forwarding Usage: 0M
[103.951s][info][gc,heap     ] GC(54) Min Capacity: 4096M(100%)
[103.951s][info][gc,heap     ] GC(54) Max Capacity: 4096M(100%)
[103.951s][info][gc,heap     ] GC(54) Soft Max Capacity: 4096M(100%)
[103.951s][info][gc,heap     ] GC(54)                Mark Start          Mark End        Relocate Start      Relocate End           High               Low         
[103.951s][info][gc,heap     ] GC(54)  Capacity:     4096M (100%)       4096M (100%)       4096M (100%)       4096M (100%)       4096M (100%)       4096M (100%)   
[103.951s][info][gc,heap     ] GC(54)      Free:     1394M (34%)        1394M (34%)        4068M (99%)        4086M (100%)       4086M (100%)       1394M (34%)    
[103.951s][info][gc,heap     ] GC(54)      Used:     2702M (66%)        2702M (66%)          28M (1%)           10M (0%)         2702M (66%)          10M (0%)     
[103.951s][info][gc,heap     ] GC(54)      Live:         -                 6M (0%)            6M (0%)            6M (0%)             -                  -          
[103.951s][info][gc,heap     ] GC(54) Allocated:         -                 0M (0%)            0M (0%)            0M (0%)             -                  -          
[103.951s][info][gc,heap     ] GC(54)   Garbage:         -              2695M (66%)          21M (1%)            3M (0%)             -                  -          
[103.951s][info][gc,heap     ] GC(54) Reclaimed:         -                  -              2674M (65%)        2692M (66%)            -                  -          
[103.951s][info][gc          ] GC(54) Garbage Collection (System.gc()) 2702M(66%)->10M(0%)
[106.798s][info][gc,start    ] GC(55) Garbage Collection (System.gc())
[106.798s][info][gc,task     ] GC(55) Using 2 workers
[106.798s][info][gc,phases   ] GC(55) Pause Mark Start 0.006ms
[106.804s][info][gc,phases   ] GC(55) Concurrent Mark 6.521ms
[106.804s][info][gc,phases   ] GC(55) Pause Mark End 0.012ms
[106.805s][info][gc,phases   ] GC(55) Concurrent Mark Free 0.001ms
[106.807s][info][gc,phases   ] GC(55) Concurrent Process Non-Strong References 2.716ms
[106.807s][info][gc,phases   ] GC(55) Concurrent Reset Relocation Set 0.001ms
[106.809s][info][gc,phases   ] GC(55) Concurrent Select Relocation Set 2.076ms
[106.810s][info][gc,phases   ] GC(55) Pause Relocate Start 0.006ms
[106.811s][info][gc,phases   ] GC(55) Concurrent Relocate 1.050ms
[106.811s][info][gc,load     ] GC(55) Load: 0.00/0.00/0.00
[106.811s][info][gc,mmu      ] GC(55) MMU: 2ms/98.5%, 5ms/99.4%, 10ms/99.6%, 20ms/99.8%, 50ms/99.9%, 100ms/99.9%
[106.811s][info][gc,marking  ] GC(55) Mark: 2 stripe(s), 1 proactive flush(es), 1 terminate flush(es), 0 completion(s), 0 continuation(s) 
[106.811s][info][gc,marking  ] GC(55) Mark Stack Usage: 32M
[106.811s][info][gc,nmethod  ] GC(55) NMethods: 2960 registered, 0 unregistered
[106.811s][info][gc,metaspace] GC(55) Metaspace: 14M used, 14M committed, 1088M reserved
[106.811s][info][gc,ref      ] GC(55) Soft: 378 encountered, 0 discovered, 0 enqueued
[106.811s][info][gc,ref      ] GC(55) Weak: 940 encountered, 36 discovered, 9 enqueued
[106.811s][info][gc,ref      ] GC(55) Final: 0 encountered, 0 discovered, 0 enqueued
[106.811s][info][gc,ref      ] GC(55) Phantom: 36 encountered, 15 discovered, 0 enqueued
[106.811s][info][gc,reloc    ] GC(55) Small Pages: 1335 / 2670M, Empty: 2648M, Relocated: 1M, In-Place: 0
[106.811s][info][gc,reloc    ] GC(55) Medium Pages: 1 / 32M, Empty: 32M, Relocated: 0M, In-Place: 0
[106.811s][info][gc,reloc    ] GC(55) Large Pages: 0 / 0M, Empty: 0M, Relocated: 0M, In-Place: 0
[106.811s][info][gc,reloc    ] GC(55) Forwarding Usage: 0M
[106.811s][info][gc,heap     ] GC(55) Min Capacity: 4096M(100%)
[106.811s][info][gc,heap     ] GC(55) Max Capacity: 4096M(100%)
[106.811s][info][gc,heap     ] GC(55) Soft Max Capacity: 4096M(100%)
[106.811s][info][gc,heap     ] GC(55)                Mark Start          Mark End        Relocate Start      Relocate End           High               Low         
[106.811s][info][gc,heap     ] GC(55)  Capacity:     4096M (100%)       4096M (100%)       4096M (100%)       4096M (100%)       4096M (100%)       4096M (100%)   
[106.811s][info][gc,heap     ] GC(55)      Free:     1394M (34%)        1394M (34%)        4074M (99%)        4086M (100%)       4086M (100%)       1394M (34%)    
[106.811s][info][gc,heap     ] GC(55)      Used:     2702M (66%)        2702M (66%)          22M (1%)           10M (0%)         2702M (66%)          10M (0%)     
[106.811s][info][gc,heap     ] GC(55)      Live:         -                 6M (0%)            6M (0%)            6M (0%)             -                  -          
[106.811s][info][gc,heap     ] GC(55) Allocated:         -                 0M (0%)            0M (0%)            0M (0%)             -                  -          
[106.811s][info][gc,heap     ] GC(55)   Garbage:         -              2695M (66%)          15M (0%)            3M (0%)             -                  -          
[106.811s][info][gc,heap     ] GC(55) Reclaimed:         -                  -              2680M (65%)        2692M (66%)            -                  -          
[106.811s][info][gc          ] GC(55) Garbage Collection (System.gc()) 2702M(66%)->10M(0%)
[109.286s][info][gc,start    ] GC(56) Garbage Collection (Proactive)
[109.286s][info][gc,task     ] GC(56) Using 2 workers
[109.286s][info][gc,phases   ] GC(56) Pause Mark Start 0.012ms
[109.333s][info][gc,phases   ] GC(56) Concurrent Mark 46.781ms
[109.333s][info][gc,phases   ] GC(56) Pause Mark End 0.012ms
[109.333s][info][gc,phases   ] GC(56) Concurrent Mark Free 0.002ms
[109.336s][info][gc,phases   ] GC(56) Concurrent Process Non-Strong References 2.670ms
[109.336s][info][gc,phases   ] GC(56) Concurrent Reset Relocation Set 0.001ms
[109.340s][info][gc,phases   ] GC(56) Concurrent Select Relocation Set 3.993ms
[109.340s][info][gc,phases   ] GC(56) Pause Relocate Start 0.013ms
[109.358s][info][gc,phases   ] GC(56) Concurrent Relocate 18.192ms
[109.358s][info][gc,load     ] GC(56) Load: 0.00/0.00/0.00
[109.358s][info][gc,mmu      ] GC(56) MMU: 2ms/98.5%, 5ms/99.4%, 10ms/99.6%, 20ms/99.8%, 50ms/99.9%, 100ms/99.9%
[109.358s][info][gc,marking  ] GC(56) Mark: 2 stripe(s), 2 proactive flush(es), 1 terminate flush(es), 0 completion(s), 0 continuation(s) 
[109.358s][info][gc,marking  ] GC(56) Mark Stack Usage: 32M
[109.358s][info][gc,nmethod  ] GC(56) NMethods: 2965 registered, 0 unregistered
[109.358s][info][gc,metaspace] GC(56) Metaspace: 14M used, 14M committed, 1088M reserved
[109.358s][info][gc,ref      ] GC(56) Soft: 378 encountered, 0 discovered, 0 enqueued
[109.358s][info][gc,ref      ] GC(56) Weak: 936 encountered, 771 discovered, 6 enqueued
[109.358s][info][gc,ref      ] GC(56) Final: 0 encountered, 0 discovered, 0 enqueued
[109.358s][info][gc,ref      ] GC(56) Phantom: 36 encountered, 16 discovered, 0 enqueued
[109.358s][info][gc,reloc    ] GC(56) Small Pages: 720 / 1440M, Empty: 1330M, Relocated: 27M, In-Place: 0
[109.358s][info][gc,reloc    ] GC(56) Medium Pages: 1 / 32M, Empty: 0M, Relocated: 0M, In-Place: 0
[109.358s][info][gc,reloc    ] GC(56) Large Pages: 0 / 0M, Empty: 0M, Relocated: 0M, In-Place: 0
[109.358s][info][gc,reloc    ] GC(56) Forwarding Usage: 16M
[109.359s][info][gc,heap     ] GC(56) Min Capacity: 4096M(100%)
[109.359s][info][gc,heap     ] GC(56) Max Capacity: 4096M(100%)
[109.359s][info][gc,heap     ] GC(56) Soft Max Capacity: 4096M(100%)
[109.359s][info][gc,heap     ] GC(56)                Mark Start          Mark End        Relocate Start      Relocate End           High               Low         
[109.359s][info][gc,heap     ] GC(56)  Capacity:     4096M (100%)       4096M (100%)       4096M (100%)       4096M (100%)       4096M (100%)       4096M (100%)   
[109.359s][info][gc,heap     ] GC(56)      Free:     2624M (64%)        2622M (64%)        3952M (96%)        4020M (98%)        4020M (98%)        2622M (64%)    
[109.359s][info][gc,heap     ] GC(56)      Used:     1472M (36%)        1474M (36%)         144M (4%)           76M (2%)         1474M (36%)          76M (2%)     
[109.359s][info][gc,heap     ] GC(56)      Live:         -                38M (1%)           38M (1%)           38M (1%)             -                  -          
[109.359s][info][gc,heap     ] GC(56) Allocated:         -                 2M (0%)            2M (0%)            1M (0%)             -                  -          
[109.359s][info][gc,heap     ] GC(56)   Garbage:         -              1433M (35%)         103M (3%)           35M (1%)             -                  -          
[109.359s][info][gc,heap     ] GC(56) Reclaimed:         -                  -              1330M (32%)        1397M (34%)            -                  -          
[109.359s][info][gc          ] GC(56) Garbage Collection (Proactive) 1472M(36%)->76M(2%)
[109.647s][info][gc,start    ] GC(57) Garbage Collection (System.gc())
[109.647s][info][gc,task     ] GC(57) Using 2 workers
[109.647s][info][gc,phases   ] GC(57) Pause Mark Start 0.008ms
[109.663s][info][gc,phases   ] GC(57) Concurrent Mark 15.656ms
[109.663s][info][gc,phases   ] GC(57) Pause Mark End 0.021ms
[109.663s][info][gc,phases   ] GC(57) Concurrent Mark Free 0.002ms
[109.666s][info][gc,phases   ] GC(57) Concurrent Process Non-Strong References 2.593ms
[109.666s][info][gc,phases   ] GC(57) Concurrent Reset Relocation Set 0.005ms
[109.669s][info][gc,phases   ] GC(57) Concurrent Select Relocation Set 2.854ms
[109.669s][info][gc,phases   ] GC(57) Pause Relocate Start 0.011ms
[109.670s][info][gc,phases   ] GC(57) Concurrent Relocate 1.178ms
[109.670s][info][gc,load     ] GC(57) Load: 0.00/0.00/0.00
[109.670s][info][gc,mmu      ] GC(57) MMU: 2ms/98.5%, 5ms/99.4%, 10ms/99.6%, 20ms/99.8%, 50ms/99.9%, 100ms/99.9%
[109.670s][info][gc,marking  ] GC(57) Mark: 2 stripe(s), 1 proactive flush(es), 1 terminate flush(es), 0 completion(s), 0 continuation(s) 
[109.670s][info][gc,marking  ] GC(57) Mark Stack Usage: 32M
[109.670s][info][gc,nmethod  ] GC(57) NMethods: 2965 registered, 0 unregistered
[109.670s][info][gc,metaspace] GC(57) Metaspace: 14M used, 14M committed, 1088M reserved
[109.670s][info][gc,ref      ] GC(57) Soft: 378 encountered, 0 discovered, 0 enqueued
[109.670s][info][gc,ref      ] GC(57) Weak: 933 encountered, 111 discovered, 2 enqueued
[109.670s][info][gc,ref      ] GC(57) Final: 0 encountered, 0 discovered, 0 enqueued
[109.670s][info][gc,ref      ] GC(57) Phantom: 36 encountered, 19 discovered, 0 enqueued
[109.670s][info][gc,reloc    ] GC(57) Small Pages: 636 / 1272M, Empty: 1248M, Relocated: 1M, In-Place: 0
[109.670s][info][gc,reloc    ] GC(57) Medium Pages: 1 / 32M, Empty: 32M, Relocated: 0M, In-Place: 0
[109.670s][info][gc,reloc    ] GC(57) Large Pages: 0 / 0M, Empty: 0M, Relocated: 0M, In-Place: 0
[109.670s][info][gc,reloc    ] GC(57) Forwarding Usage: 0M
[109.670s][info][gc,heap     ] GC(57) Min Capacity: 4096M(100%)
[109.670s][info][gc,heap     ] GC(57) Max Capacity: 4096M(100%)
[109.670s][info][gc,heap     ] GC(57) Soft Max Capacity: 4096M(100%)
[109.670s][info][gc,heap     ] GC(57)                Mark Start          Mark End        Relocate Start      Relocate End           High               Low         
[109.670s][info][gc,heap     ] GC(57)  Capacity:     4096M (100%)       4096M (100%)       4096M (100%)       4096M (100%)       4096M (100%)       4096M (100%)   
[109.670s][info][gc,heap     ] GC(57)      Free:     2792M (68%)        2792M (68%)        4072M (99%)        4086M (100%)       4086M (100%)       2792M (68%)    
[109.670s][info][gc,heap     ] GC(57)      Used:     1304M (32%)        1304M (32%)          24M (1%)           10M (0%)         1304M (32%)          10M (0%)     
[109.670s][info][gc,heap     ] GC(57)      Live:         -                 6M (0%)            6M (0%)            6M (0%)             -                  -          
[109.670s][info][gc,heap     ] GC(57) Allocated:         -                 0M (0%)            0M (0%)            0M (0%)             -                  -          
[109.670s][info][gc,heap     ] GC(57)   Garbage:         -              1297M (32%)          17M (0%)            3M (0%)             -                  -          
[109.670s][info][gc,heap     ] GC(57) Reclaimed:         -                  -              1280M (31%)        1294M (32%)            -                  -          
[109.670s][info][gc          ] GC(57) Garbage Collection (System.gc()) 1304M(32%)->10M(0%)
[110.181s][info][gc,stats    ] === Garbage Collection Statistics =======================================================================================================================
[110.181s][info][gc,stats    ]                                                              Last 10s              Last 10m              Last 10h                Total
[110.181s][info][gc,stats    ]                                                              Avg / Max             Avg / Max             Avg / Max             Avg / Max
[110.181s][info][gc,stats    ]   Collector: Garbage Collection Cycle                     38.705 / 80.370       36.087 / 113.591      36.087 / 113.591      36.087 / 113.591     ms
[110.181s][info][gc,stats    ]  Contention: Mark Segment Reset Contention                     0 / 0                 0 / 3                 0 / 3                 0 / 3           ops/s
[110.181s][info][gc,stats    ]  Contention: Mark SeqNum Reset Contention                      0 / 0                 0 / 1                 0 / 1                 0 / 1           ops/s
[110.181s][info][gc,stats    ]    Critical: Allocation Stall                                  0 / 0                 0 / 0                 0 / 0                 0 / 0           ops/s
[110.181s][info][gc,stats    ]    Critical: Allocation Stall                              0.000 / 0.000         0.000 / 0.000         0.000 / 0.000         0.000 / 0.000       ms
[110.181s][info][gc,stats    ]    Critical: GC Locker Stall                                   0 / 0                 0 / 0                 0 / 0                 0 / 0           ops/s
[110.181s][info][gc,stats    ]    Critical: GC Locker Stall                               0.000 / 0.000         0.000 / 0.000         0.000 / 0.000         0.000 / 0.000       ms
[110.181s][info][gc,stats    ]    Critical: Relocation Stall                                  0 / 0                 0 / 0                 0 / 0                 0 / 0           ops/s
[110.181s][info][gc,stats    ]    Critical: Relocation Stall                              0.000 / 0.000         0.000 / 0.000         0.000 / 0.000         0.000 / 0.000       ms
[110.181s][info][gc,stats    ]      Memory: Allocation Rate                                 943 / 1364           1030 / 1380           1030 / 1380           1030 / 1380        MB/s
[110.181s][info][gc,stats    ]      Memory: Out Of Memory                                     0 / 0                 0 / 0                 0 / 0                 0 / 0           ops/s
[110.181s][info][gc,stats    ]      Memory: Page Cache Flush                                  0 / 0                 0 / 0                 0 / 0                 0 / 0           MB/s
[110.181s][info][gc,stats    ]      Memory: Page Cache Hit L1                               469 / 682             499 / 689             499 / 689             499 / 689         ops/s
[110.181s][info][gc,stats    ]      Memory: Page Cache Hit L2                                 0 / 0                 0 / 0                 0 / 0                 0 / 0           ops/s
[110.181s][info][gc,stats    ]      Memory: Page Cache Hit L3                                 0 / 0                12 / 392              12 / 392              12 / 392         ops/s
[110.181s][info][gc,stats    ]      Memory: Page Cache Miss                                   0 / 0                 0 / 1                 0 / 1                 0 / 1           ops/s
[110.181s][info][gc,stats    ]      Memory: Uncommit                                          0 / 0                 0 / 0                 0 / 0                 0 / 0           MB/s
[110.181s][info][gc,stats    ]      Memory: Undo Object Allocation Failed                     0 / 0                 0 / 0                 0 / 0                 0 / 0           ops/s
[110.181s][info][gc,stats    ]      Memory: Undo Object Allocation Succeeded                  0 / 0                 1 / 140               1 / 140               1 / 140         ops/s
[110.181s][info][gc,stats    ]      Memory: Undo Page Allocation                              0 / 0                 0 / 0                 0 / 0                 0 / 0           ops/s
[110.181s][info][gc,stats    ]       Phase: Concurrent Mark                              24.222 / 46.915       24.046 / 78.232       24.046 / 78.232       24.046 / 78.232      ms
[110.181s][info][gc,stats    ]       Phase: Concurrent Mark Continue                      0.000 / 0.000         0.000 / 0.000         0.000 / 0.000         0.000 / 0.000       ms
[110.181s][info][gc,stats    ]       Phase: Concurrent Mark Free                          0.002 / 0.002         0.002 / 0.003         0.002 / 0.003         0.002 / 0.003       ms
[110.181s][info][gc,stats    ]       Phase: Concurrent Process Non-Strong References      2.743 / 3.062         2.818 / 3.586         2.818 / 3.586         2.818 / 3.586       ms
[110.181s][info][gc,stats    ]       Phase: Concurrent Relocate                           7.785 / 24.419        5.581 / 26.680        5.581 / 26.680        5.581 / 26.680      ms
[110.181s][info][gc,stats    ]       Phase: Concurrent Reset Relocation Set               0.002 / 0.005         0.002 / 0.008         0.002 / 0.008         0.002 / 0.008       ms
[110.181s][info][gc,stats    ]       Phase: Concurrent Select Relocation Set              3.096 / 5.087         2.791 / 7.858         2.791 / 7.858         2.791 / 7.858       ms
[110.181s][info][gc,stats    ]       Phase: Pause Mark End                                0.015 / 0.021         0.017 / 0.031         0.017 / 0.031         0.017 / 0.031       ms
[110.181s][info][gc,stats    ]       Phase: Pause Mark Start                              0.008 / 0.012         0.008 / 0.027         0.008 / 0.027         0.008 / 0.027       ms
[110.181s][info][gc,stats    ]       Phase: Pause Relocate Start                          0.010 / 0.013         0.010 / 0.021         0.010 / 0.021         0.010 / 0.021       ms
[110.181s][info][gc,stats    ]    Subphase: Concurrent Classes Purge                      0.131 / 0.162         0.127 / 0.180         0.127 / 0.180         0.127 / 0.180       ms
[110.181s][info][gc,stats    ]    Subphase: Concurrent Classes Unlink                     2.141 / 2.296         2.105 / 2.836         2.105 / 2.836         2.105 / 2.836       ms
[110.181s][info][gc,stats    ]    Subphase: Concurrent Mark                              18.277 / 46.009       18.649 / 77.416       18.649 / 77.416       18.649 / 77.416      ms
[110.181s][info][gc,stats    ]    Subphase: Concurrent Mark Try Flush                     0.085 / 0.216         0.083 / 0.514         0.083 / 0.514         0.083 / 0.514       ms
[110.181s][info][gc,stats    ]    Subphase: Concurrent Mark Try Terminate                 3.597 / 15.732        3.679 / 17.130        3.679 / 17.130        3.679 / 17.130      ms
[110.181s][info][gc,stats    ]    Subphase: Concurrent References Enqueue                 0.005 / 0.006         0.006 / 0.008         0.006 / 0.008         0.006 / 0.008       ms
[110.181s][info][gc,stats    ]    Subphase: Concurrent References Process                 0.134 / 0.175         0.170 / 0.251         0.170 / 0.251         0.170 / 0.251       ms
[110.181s][info][gc,stats    ]    Subphase: Concurrent Roots ClassLoaderDataGraph         0.069 / 0.194         0.048 / 0.243         0.048 / 0.243         0.048 / 0.243       ms
[110.181s][info][gc,stats    ]    Subphase: Concurrent Roots CodeCache                    0.000 / 0.000         0.000 / 0.000         0.000 / 0.000         0.000 / 0.000       ms
[110.181s][info][gc,stats    ]    Subphase: Concurrent Roots JavaThreads                  0.287 / 0.661         0.264 / 0.698         0.264 / 0.698         0.264 / 0.698       ms
[110.181s][info][gc,stats    ]    Subphase: Concurrent Roots OopStorageSet                0.016 / 0.024         0.014 / 0.052         0.014 / 0.052         0.014 / 0.052       ms
[110.181s][info][gc,stats    ]    Subphase: Concurrent Weak Roots OopStorageSet           0.169 / 0.249         0.206 / 0.327         0.206 / 0.327         0.206 / 0.327       ms
[110.181s][info][gc,stats    ]    Subphase: Pause Mark Try Complete                       0.000 / 0.000         0.000 / 0.000         0.000 / 0.000         0.000 / 0.000       ms
[110.181s][info][gc,stats    ]      System: Java Threads                                     12 / 12               12 / 13               12 / 13               12 / 13          threads
[110.181s][info][gc,stats    ] =========================================================================================================================================================
[112.508s][info][gc,start    ] GC(58) Garbage Collection (System.gc())
[112.508s][info][gc,task     ] GC(58) Using 2 workers
[112.508s][info][gc,phases   ] GC(58) Pause Mark Start 0.008ms
[112.522s][info][gc,phases   ] GC(58) Concurrent Mark 13.562ms
[112.522s][info][gc,phases   ] GC(58) Pause Mark End 0.015ms
[112.522s][info][gc,phases   ] GC(58) Concurrent Mark Free 0.002ms
[112.526s][info][gc,phases   ] GC(58) Concurrent Process Non-Strong References 3.654ms
[112.526s][info][gc,phases   ] GC(58) Concurrent Reset Relocation Set 0.003ms
[112.527s][info][gc,phases   ] GC(58) Concurrent Select Relocation Set 1.429ms
[112.527s][info][gc,phases   ] GC(58) Pause Relocate Start 0.010ms
[112.528s][info][gc,phases   ] GC(58) Concurrent Relocate 0.548ms
[112.528s][info][gc,load     ] GC(58) Load: 0.00/0.00/0.00
[112.528s][info][gc,mmu      ] GC(58) MMU: 2ms/98.5%, 5ms/99.4%, 10ms/99.6%, 20ms/99.8%, 50ms/99.9%, 100ms/99.9%
[112.528s][info][gc,marking  ] GC(58) Mark: 2 stripe(s), 1 proactive flush(es), 1 terminate flush(es), 0 completion(s), 0 continuation(s) 
[112.528s][info][gc,marking  ] GC(58) Mark Stack Usage: 32M
[112.528s][info][gc,nmethod  ] GC(58) NMethods: 2972 registered, 0 unregistered
[112.528s][info][gc,metaspace] GC(58) Metaspace: 14M used, 14M committed, 1088M reserved
[112.528s][info][gc,ref      ] GC(58) Soft: 378 encountered, 0 discovered, 0 enqueued
[112.528s][info][gc,ref      ] GC(58) Weak: 940 encountered, 16 discovered, 8 enqueued
[112.528s][info][gc,ref      ] GC(58) Final: 0 encountered, 0 discovered, 0 enqueued
[112.528s][info][gc,ref      ] GC(58) Phantom: 36 encountered, 16 discovered, 0 enqueued
[112.528s][info][gc,reloc    ] GC(58) Small Pages: 1335 / 2670M, Empty: 2646M, Relocated: 1M, In-Place: 0
[112.528s][info][gc,reloc    ] GC(58) Medium Pages: 1 / 32M, Empty: 32M, Relocated: 0M, In-Place: 0
[112.528s][info][gc,reloc    ] GC(58) Large Pages: 0 / 0M, Empty: 0M, Relocated: 0M, In-Place: 0
[112.528s][info][gc,reloc    ] GC(58) Forwarding Usage: 0M
[112.528s][info][gc,heap     ] GC(58) Min Capacity: 4096M(100%)
[112.528s][info][gc,heap     ] GC(58) Max Capacity: 4096M(100%)
[112.528s][info][gc,heap     ] GC(58) Soft Max Capacity: 4096M(100%)
[112.528s][info][gc,heap     ] GC(58)                Mark Start          Mark End        Relocate Start      Relocate End           High               Low         
[112.528s][info][gc,heap     ] GC(58)  Capacity:     4096M (100%)       4096M (100%)       4096M (100%)       4096M (100%)       4096M (100%)       4096M (100%)   
[112.528s][info][gc,heap     ] GC(58)      Free:     1394M (34%)        1394M (34%)        4072M (99%)        4086M (100%)       4086M (100%)       1394M (34%)    
[112.528s][info][gc,heap     ] GC(58)      Used:     2702M (66%)        2702M (66%)          24M (1%)           10M (0%)         2702M (66%)          10M (0%)     
[112.528s][info][gc,heap     ] GC(58)      Live:         -                 6M (0%)            6M (0%)            6M (0%)             -                  -          
[112.528s][info][gc,heap     ] GC(58) Allocated:         -                 0M (0%)            0M (0%)            0M (0%)             -                  -          
[112.528s][info][gc,heap     ] GC(58)   Garbage:         -              2695M (66%)          17M (0%)            3M (0%)             -                  -          
[112.528s][info][gc,heap     ] GC(58) Reclaimed:         -                  -              2678M (65%)        2692M (66%)            -                  -          
[112.528s][info][gc          ] GC(58) Garbage Collection (System.gc()) 2702M(66%)->10M(0%)
[115.376s][info][gc,start    ] GC(59) Garbage Collection (System.gc())
[115.376s][info][gc,task     ] GC(59) Using 2 workers
[115.376s][info][gc,phases   ] GC(59) Pause Mark Start 0.007ms
[115.394s][info][gc,phases   ] GC(59) Concurrent Mark 18.089ms
[115.394s][info][gc,phases   ] GC(59) Pause Mark End 0.024ms
[115.394s][info][gc,phases   ] GC(59) Concurrent Mark Free 0.003ms
[115.398s][info][gc,phases   ] GC(59) Concurrent Process Non-Strong References 3.158ms
[115.398s][info][gc,phases   ] GC(59) Concurrent Reset Relocation Set 0.002ms
[115.400s][info][gc,phases   ] GC(59) Concurrent Select Relocation Set 1.903ms
[115.400s][info][gc,phases   ] GC(59) Pause Relocate Start 0.009ms
[115.401s][info][gc,phases   ] GC(59) Concurrent Relocate 0.768ms
[115.401s][info][gc,load     ] GC(59) Load: 0.00/0.00/0.00
[115.401s][info][gc,mmu      ] GC(59) MMU: 2ms/98.5%, 5ms/99.4%, 10ms/99.6%, 20ms/99.8%, 50ms/99.9%, 100ms/99.9%
[115.401s][info][gc,marking  ] GC(59) Mark: 2 stripe(s), 1 proactive flush(es), 1 terminate flush(es), 0 completion(s), 0 continuation(s) 
[115.401s][info][gc,marking  ] GC(59) Mark Stack Usage: 32M
[115.401s][info][gc,nmethod  ] GC(59) NMethods: 2973 registered, 0 unregistered
[115.401s][info][gc,metaspace] GC(59) Metaspace: 14M used, 14M committed, 1088M reserved
[115.401s][info][gc,ref      ] GC(59) Soft: 378 encountered, 0 discovered, 0 enqueued
[115.401s][info][gc,ref      ] GC(59) Weak: 940 encountered, 227 discovered, 9 enqueued
[115.401s][info][gc,ref      ] GC(59) Final: 0 encountered, 0 discovered, 0 enqueued
[115.401s][info][gc,ref      ] GC(59) Phantom: 36 encountered, 21 discovered, 0 enqueued
[115.401s][info][gc,reloc    ] GC(59) Small Pages: 1335 / 2670M, Empty: 2648M, Relocated: 1M, In-Place: 0
[115.401s][info][gc,reloc    ] GC(59) Medium Pages: 1 / 32M, Empty: 32M, Relocated: 0M, In-Place: 0
[115.401s][info][gc,reloc    ] GC(59) Large Pages: 0 / 0M, Empty: 0M, Relocated: 0M, In-Place: 0
[115.401s][info][gc,reloc    ] GC(59) Forwarding Usage: 0M
[115.401s][info][gc,heap     ] GC(59) Min Capacity: 4096M(100%)
[115.401s][info][gc,heap     ] GC(59) Max Capacity: 4096M(100%)
[115.401s][info][gc,heap     ] GC(59) Soft Max Capacity: 4096M(100%)
[115.401s][info][gc,heap     ] GC(59)                Mark Start          Mark End        Relocate Start      Relocate End           High               Low         
[115.401s][info][gc,heap     ] GC(59)  Capacity:     4096M (100%)       4096M (100%)       4096M (100%)       4096M (100%)       4096M (100%)       4096M (100%)   
[115.401s][info][gc,heap     ] GC(59)      Free:     1394M (34%)        1394M (34%)        4074M (99%)        4086M (100%)       4086M (100%)       1394M (34%)    
[115.401s][info][gc,heap     ] GC(59)      Used:     2702M (66%)        2702M (66%)          22M (1%)           10M (0%)         2702M (66%)          10M (0%)     
[115.401s][info][gc,heap     ] GC(59)      Live:         -                 6M (0%)            6M (0%)            6M (0%)             -                  -          
[115.401s][info][gc,heap     ] GC(59) Allocated:         -                 0M (0%)            0M (0%)            0M (0%)             -                  -          
[115.401s][info][gc,heap     ] GC(59)   Garbage:         -              2695M (66%)          15M (0%)            3M (0%)             -                  -          
[115.401s][info][gc,heap     ] GC(59) Reclaimed:         -                  -              2680M (65%)        2692M (66%)            -                  -          
[115.401s][info][gc          ] GC(59) Garbage Collection (System.gc()) 2702M(66%)->10M(0%)
[117.782s][info][gc,start    ] GC(60) Garbage Collection (Proactive)
[117.782s][info][gc,task     ] GC(60) Using 2 workers
[117.782s][info][gc,phases   ] GC(60) Pause Mark Start 0.011ms
[117.813s][info][gc,phases   ] GC(60) Concurrent Mark 31.164ms
[117.813s][info][gc,phases   ] GC(60) Pause Mark End 0.011ms
[117.813s][info][gc,phases   ] GC(60) Concurrent Mark Free 0.001ms
[117.816s][info][gc,phases   ] GC(60) Concurrent Process Non-Strong References 2.666ms
[117.816s][info][gc,phases   ] GC(60) Concurrent Reset Relocation Set 0.001ms
[117.820s][info][gc,phases   ] GC(60) Concurrent Select Relocation Set 4.281ms
[117.821s][info][gc,phases   ] GC(60) Pause Relocate Start 0.010ms
[117.837s][info][gc,phases   ] GC(60) Concurrent Relocate 16.227ms
[117.837s][info][gc,load     ] GC(60) Load: 0.00/0.00/0.00
[117.837s][info][gc,mmu      ] GC(60) MMU: 2ms/98.5%, 5ms/99.4%, 10ms/99.6%, 20ms/99.8%, 50ms/99.9%, 100ms/99.9%
[117.837s][info][gc,marking  ] GC(60) Mark: 2 stripe(s), 2 proactive flush(es), 1 terminate flush(es), 0 completion(s), 0 continuation(s) 
[117.837s][info][gc,marking  ] GC(60) Mark Stack Usage: 32M
[117.837s][info][gc,nmethod  ] GC(60) NMethods: 2975 registered, 0 unregistered
[117.837s][info][gc,metaspace] GC(60) Metaspace: 14M used, 14M committed, 1088M reserved
[117.837s][info][gc,ref      ] GC(60) Soft: 378 encountered, 0 discovered, 0 enqueued
[117.837s][info][gc,ref      ] GC(60) Weak: 936 encountered, 13 discovered, 6 enqueued
[117.837s][info][gc,ref      ] GC(60) Final: 0 encountered, 0 discovered, 0 enqueued
[117.837s][info][gc,ref      ] GC(60) Phantom: 36 encountered, 18 discovered, 0 enqueued
[117.837s][info][gc,reloc    ] GC(60) Small Pages: 716 / 1432M, Empty: 1330M, Relocated: 24M, In-Place: 0
[117.837s][info][gc,reloc    ] GC(60) Medium Pages: 1 / 32M, Empty: 0M, Relocated: 0M, In-Place: 0
[117.837s][info][gc,reloc    ] GC(60) Large Pages: 0 / 0M, Empty: 0M, Relocated: 0M, In-Place: 0
[117.837s][info][gc,reloc    ] GC(60) Forwarding Usage: 15M
[117.837s][info][gc,heap     ] GC(60) Min Capacity: 4096M(100%)
[117.837s][info][gc,heap     ] GC(60) Max Capacity: 4096M(100%)
[117.837s][info][gc,heap     ] GC(60) Soft Max Capacity: 4096M(100%)
[117.837s][info][gc,heap     ] GC(60)                Mark Start          Mark End        Relocate Start      Relocate End           High               Low         
[117.837s][info][gc,heap     ] GC(60)  Capacity:     4096M (100%)       4096M (100%)       4096M (100%)       4096M (100%)       4096M (100%)       4096M (100%)   
[117.837s][info][gc,heap     ] GC(60)      Free:     2632M (64%)        2630M (64%)        3960M (97%)        4022M (98%)        4022M (98%)        2630M (64%)    
[117.837s][info][gc,heap     ] GC(60)      Used:     1464M (36%)        1466M (36%)         136M (3%)           74M (2%)         1466M (36%)          74M (2%)     
[117.837s][info][gc,heap     ] GC(60)      Live:         -                36M (1%)           36M (1%)           36M (1%)             -                  -          
[117.837s][info][gc,heap     ] GC(60) Allocated:         -                 2M (0%)            2M (0%)            1M (0%)             -                  -          
[117.837s][info][gc,heap     ] GC(60)   Garbage:         -              1427M (35%)          97M (2%)           35M (1%)             -                  -          
[117.837s][info][gc,heap     ] GC(60) Reclaimed:         -                  -              1330M (32%)        1391M (34%)            -                  -          
[117.837s][info][gc          ] GC(60) Garbage Collection (Proactive) 1464M(36%)->74M(2%)
[118.234s][info][gc,start    ] GC(61) Garbage Collection (System.gc())
[118.234s][info][gc,task     ] GC(61) Using 2 workers
[118.234s][info][gc,phases   ] GC(61) Pause Mark Start 0.004ms
[118.253s][info][gc,phases   ] GC(61) Concurrent Mark 18.032ms
[118.253s][info][gc,phases   ] GC(61) Pause Mark End 0.014ms
[118.253s][info][gc,phases   ] GC(61) Concurrent Mark Free 0.002ms
[118.257s][info][gc,phases   ] GC(61) Concurrent Process Non-Strong References 4.501ms
[118.257s][info][gc,phases   ] GC(61) Concurrent Reset Relocation Set 0.005ms
[118.260s][info][gc,phases   ] GC(61) Concurrent Select Relocation Set 2.356ms
[118.260s][info][gc,phases   ] GC(61) Pause Relocate Start 0.010ms
[118.261s][info][gc,phases   ] GC(61) Concurrent Relocate 1.387ms
[118.261s][info][gc,load     ] GC(61) Load: 0.00/0.00/0.00
[118.261s][info][gc,mmu      ] GC(61) MMU: 2ms/98.5%, 5ms/99.4%, 10ms/99.6%, 20ms/99.8%, 50ms/99.9%, 100ms/99.9%
[118.261s][info][gc,marking  ] GC(61) Mark: 2 stripe(s), 1 proactive flush(es), 1 terminate flush(es), 0 completion(s), 0 continuation(s) 
[118.261s][info][gc,marking  ] GC(61) Mark Stack Usage: 32M
[118.261s][info][gc,nmethod  ] GC(61) NMethods: 2976 registered, 0 unregistered
[118.261s][info][gc,metaspace] GC(61) Metaspace: 14M used, 14M committed, 1088M reserved
[118.261s][info][gc,ref      ] GC(61) Soft: 378 encountered, 0 discovered, 0 enqueued
[118.261s][info][gc,ref      ] GC(61) Weak: 933 encountered, 9 discovered, 2 enqueued
[118.261s][info][gc,ref      ] GC(61) Final: 0 encountered, 0 discovered, 0 enqueued
[118.261s][info][gc,ref      ] GC(61) Phantom: 36 encountered, 16 discovered, 0 enqueued
[118.261s][info][gc,reloc    ] GC(61) Small Pages: 639 / 1278M, Empty: 1256M, Relocated: 1M, In-Place: 0
[118.261s][info][gc,reloc    ] GC(61) Medium Pages: 1 / 32M, Empty: 32M, Relocated: 0M, In-Place: 0
[118.261s][info][gc,reloc    ] GC(61) Large Pages: 0 / 0M, Empty: 0M, Relocated: 0M, In-Place: 0
[118.261s][info][gc,reloc    ] GC(61) Forwarding Usage: 0M
[118.261s][info][gc,heap     ] GC(61) Min Capacity: 4096M(100%)
[118.262s][info][gc,heap     ] GC(61) Max Capacity: 4096M(100%)
[118.262s][info][gc,heap     ] GC(61) Soft Max Capacity: 4096M(100%)
[118.262s][info][gc,heap     ] GC(61)                Mark Start          Mark End        Relocate Start      Relocate End           High               Low         
[118.262s][info][gc,heap     ] GC(61)  Capacity:     4096M (100%)       4096M (100%)       4096M (100%)       4096M (100%)       4096M (100%)       4096M (100%)   
[118.262s][info][gc,heap     ] GC(61)      Free:     2786M (68%)        2786M (68%)        4074M (99%)        4086M (100%)       4086M (100%)       2786M (68%)    
[118.262s][info][gc,heap     ] GC(61)      Used:     1310M (32%)        1310M (32%)          22M (1%)           10M (0%)         1310M (32%)          10M (0%)     
[118.262s][info][gc,heap     ] GC(61)      Live:         -                 6M (0%)            6M (0%)            6M (0%)             -                  -          
[118.262s][info][gc,heap     ] GC(61) Allocated:         -                 0M (0%)            0M (0%)            0M (0%)             -                  -          
[118.262s][info][gc,heap     ] GC(61)   Garbage:         -              1303M (32%)          15M (0%)            3M (0%)             -                  -          
[118.262s][info][gc,heap     ] GC(61) Reclaimed:         -                  -              1288M (31%)        1300M (32%)            -                  -          
[118.262s][info][gc          ] GC(61) Garbage Collection (System.gc()) 1310M(32%)->10M(0%)
[120.184s][info][gc,stats    ] === Garbage Collection Statistics =======================================================================================================================
[120.184s][info][gc,stats    ]                                                              Last 10s              Last 10m              Last 10h                Total
[120.184s][info][gc,stats    ]                                                              Avg / Max             Avg / Max             Avg / Max             Avg / Max
[120.184s][info][gc,stats    ]   Collector: Garbage Collection Cycle                     31.837 / 55.303       35.813 / 113.591      35.813 / 113.591      35.813 / 113.591     ms
[120.184s][info][gc,stats    ]  Contention: Mark Segment Reset Contention                     0 / 2                 0 / 3                 0 / 3                 0 / 3           ops/s
[120.184s][info][gc,stats    ]  Contention: Mark SeqNum Reset Contention                      0 / 0                 0 / 1                 0 / 1                 0 / 1           ops/s
[120.184s][info][gc,stats    ]    Critical: Allocation Stall                                  0 / 0                 0 / 0                 0 / 0                 0 / 0           ops/s
[120.184s][info][gc,stats    ]    Critical: Allocation Stall                              0.000 / 0.000         0.000 / 0.000         0.000 / 0.000         0.000 / 0.000       ms
[120.184s][info][gc,stats    ]    Critical: GC Locker Stall                                   0 / 0                 0 / 0                 0 / 0                 0 / 0           ops/s
[120.184s][info][gc,stats    ]    Critical: GC Locker Stall                               0.000 / 0.000         0.000 / 0.000         0.000 / 0.000         0.000 / 0.000       ms
[120.184s][info][gc,stats    ]    Critical: Relocation Stall                                  0 / 0                 0 / 0                 0 / 0                 0 / 0           ops/s
[120.184s][info][gc,stats    ]    Critical: Relocation Stall                              0.000 / 0.000         0.000 / 0.000         0.000 / 0.000         0.000 / 0.000       ms
[120.184s][info][gc,stats    ]      Memory: Allocation Rate                                 940 / 1346           1022 / 1380           1022 / 1380           1022 / 1380        MB/s
[120.184s][info][gc,stats    ]      Memory: Out Of Memory                                     0 / 0                 0 / 0                 0 / 0                 0 / 0           ops/s
[120.184s][info][gc,stats    ]      Memory: Page Cache Flush                                  0 / 0                 0 / 0                 0 / 0                 0 / 0           MB/s
[120.184s][info][gc,stats    ]      Memory: Page Cache Hit L1                               467 / 672             496 / 689             496 / 689             496 / 689         ops/s
[120.185s][info][gc,stats    ]      Memory: Page Cache Hit L2                                 0 / 0                 0 / 0                 0 / 0                 0 / 0           ops/s
[120.185s][info][gc,stats    ]      Memory: Page Cache Hit L3                                 0 / 0                11 / 392              11 / 392              11 / 392         ops/s
[120.185s][info][gc,stats    ]      Memory: Page Cache Miss                                   0 / 0                 0 / 1                 0 / 1                 0 / 1           ops/s
[120.185s][info][gc,stats    ]      Memory: Uncommit                                          0 / 0                 0 / 0                 0 / 0                 0 / 0           MB/s
[120.185s][info][gc,stats    ]      Memory: Undo Object Allocation Failed                     0 / 0                 0 / 0                 0 / 0                 0 / 0           ops/s
[120.185s][info][gc,stats    ]      Memory: Undo Object Allocation Succeeded                  0 / 0                 1 / 140               1 / 140               1 / 140         ops/s
[120.185s][info][gc,stats    ]      Memory: Undo Page Allocation                              0 / 0                 0 / 0                 0 / 0                 0 / 0           ops/s
[120.185s][info][gc,stats    ]       Phase: Concurrent Mark                              20.212 / 31.164       23.799 / 78.232       23.799 / 78.232       23.799 / 78.232      ms
[120.185s][info][gc,stats    ]       Phase: Concurrent Mark Continue                      0.000 / 0.000         0.000 / 0.000         0.000 / 0.000         0.000 / 0.000       ms
[120.185s][info][gc,stats    ]       Phase: Concurrent Mark Free                          0.002 / 0.003         0.002 / 0.003         0.002 / 0.003         0.002 / 0.003       ms
[120.185s][info][gc,stats    ]       Phase: Concurrent Process Non-Strong References      3.495 / 4.501         2.862 / 4.501         2.862 / 4.501         2.862 / 4.501       ms
[120.185s][info][gc,stats    ]       Phase: Concurrent Relocate                           4.732 / 16.227        5.526 / 26.680        5.526 / 26.680        5.526 / 26.680      ms
[120.185s][info][gc,stats    ]       Phase: Concurrent Reset Relocation Set               0.002 / 0.005         0.002 / 0.008         0.002 / 0.008         0.002 / 0.008       ms
[120.185s][info][gc,stats    ]       Phase: Concurrent Select Relocation Set              2.492 / 4.281         2.772 / 7.858         2.772 / 7.858         2.772 / 7.858       ms
[120.185s][info][gc,stats    ]       Phase: Pause Mark End                                0.016 / 0.024         0.017 / 0.031         0.017 / 0.031         0.017 / 0.031       ms
[120.185s][info][gc,stats    ]       Phase: Pause Mark Start                              0.008 / 0.011         0.008 / 0.027         0.008 / 0.027         0.008 / 0.027       ms
[120.185s][info][gc,stats    ]       Phase: Pause Relocate Start                          0.010 / 0.010         0.010 / 0.021         0.010 / 0.021         0.010 / 0.021       ms
[120.185s][info][gc,stats    ]    Subphase: Concurrent Classes Purge                      0.150 / 0.164         0.128 / 0.180         0.128 / 0.180         0.128 / 0.180       ms
[120.185s][info][gc,stats    ]    Subphase: Concurrent Classes Unlink                     2.793 / 3.744         2.149 / 3.744         2.149 / 3.744         2.149 / 3.744       ms
[120.185s][info][gc,stats    ]    Subphase: Concurrent Mark                              15.034 / 30.429       18.416 / 77.416       18.416 / 77.416       18.416 / 77.416      ms
[120.185s][info][gc,stats    ]    Subphase: Concurrent Mark Try Flush                     0.098 / 0.287         0.084 / 0.514         0.084 / 0.514         0.084 / 0.514       ms
[120.185s][info][gc,stats    ]    Subphase: Concurrent Mark Try Terminate                 3.448 / 14.429        3.665 / 17.130        3.665 / 17.130        3.665 / 17.130      ms
[120.185s][info][gc,stats    ]    Subphase: Concurrent References Enqueue                 0.006 / 0.007         0.006 / 0.008         0.006 / 0.008         0.006 / 0.008       ms
[120.185s][info][gc,stats    ]    Subphase: Concurrent References Process                 0.130 / 0.155         0.167 / 0.251         0.167 / 0.251         0.167 / 0.251       ms
[120.185s][info][gc,stats    ]    Subphase: Concurrent Roots ClassLoaderDataGraph         0.059 / 0.183         0.048 / 0.243         0.048 / 0.243         0.048 / 0.243       ms
[120.185s][info][gc,stats    ]    Subphase: Concurrent Roots CodeCache                    0.000 / 0.000         0.000 / 0.000         0.000 / 0.000         0.000 / 0.000       ms
[120.185s][info][gc,stats    ]    Subphase: Concurrent Roots JavaThreads                  0.264 / 0.549         0.264 / 0.698         0.264 / 0.698         0.264 / 0.698       ms
[120.185s][info][gc,stats    ]    Subphase: Concurrent Roots OopStorageSet                0.014 / 0.035         0.014 / 0.052         0.014 / 0.052         0.014 / 0.052       ms
[120.185s][info][gc,stats    ]    Subphase: Concurrent Weak Roots OopStorageSet           0.199 / 0.255         0.206 / 0.327         0.206 / 0.327         0.206 / 0.327       ms
[120.185s][info][gc,stats    ]    Subphase: Pause Mark Try Complete                       0.000 / 0.000         0.000 / 0.000         0.000 / 0.000         0.000 / 0.000       ms
[120.185s][info][gc,stats    ]      System: Java Threads                                     12 / 12               12 / 13               12 / 13               12 / 13          threads
[120.185s][info][gc,stats    ] =========================================================================================================================================================
[121.104s][info][gc,start    ] GC(62) Garbage Collection (System.gc())
[121.104s][info][gc,task     ] GC(62) Using 2 workers
[121.104s][info][gc,phases   ] GC(62) Pause Mark Start 0.006ms
[121.111s][info][gc,phases   ] GC(62) Concurrent Mark 6.280ms
[121.111s][info][gc,phases   ] GC(62) Pause Mark End 0.011ms
[121.116s][info][gc,phases   ] GC(62) Concurrent Mark Free 0.002ms
[121.119s][info][gc,phases   ] GC(62) Concurrent Process Non-Strong References 3.025ms
[121.119s][info][gc,phases   ] GC(62) Concurrent Reset Relocation Set 0.002ms
[121.121s][info][gc,phases   ] GC(62) Concurrent Select Relocation Set 1.889ms
[121.121s][info][gc,phases   ] GC(62) Pause Relocate Start 0.009ms
[121.122s][info][gc,phases   ] GC(62) Concurrent Relocate 0.806ms
[121.122s][info][gc,load     ] GC(62) Load: 0.00/0.00/0.00
[121.122s][info][gc,mmu      ] GC(62) MMU: 2ms/98.5%, 5ms/99.4%, 10ms/99.6%, 20ms/99.8%, 50ms/99.9%, 100ms/99.9%
[121.122s][info][gc,marking  ] GC(62) Mark: 2 stripe(s), 1 proactive flush(es), 1 terminate flush(es), 0 completion(s), 0 continuation(s) 
[121.122s][info][gc,marking  ] GC(62) Mark Stack Usage: 32M
[121.122s][info][gc,nmethod  ] GC(62) NMethods: 2976 registered, 0 unregistered
[121.122s][info][gc,metaspace] GC(62) Metaspace: 14M used, 14M committed, 1088M reserved
[121.122s][info][gc,ref      ] GC(62) Soft: 378 encountered, 0 discovered, 0 enqueued
[121.122s][info][gc,ref      ] GC(62) Weak: 939 encountered, 527 discovered, 8 enqueued
[121.122s][info][gc,ref      ] GC(62) Final: 0 encountered, 0 discovered, 0 enqueued
[121.122s][info][gc,ref      ] GC(62) Phantom: 36 encountered, 16 discovered, 0 enqueued
[121.122s][info][gc,reloc    ] GC(62) Small Pages: 1335 / 2670M, Empty: 2648M, Relocated: 1M, In-Place: 0
[121.122s][info][gc,reloc    ] GC(62) Medium Pages: 1 / 32M, Empty: 32M, Relocated: 0M, In-Place: 0
[121.122s][info][gc,reloc    ] GC(62) Large Pages: 0 / 0M, Empty: 0M, Relocated: 0M, In-Place: 0
[121.122s][info][gc,reloc    ] GC(62) Forwarding Usage: 0M
[121.122s][info][gc,heap     ] GC(62) Min Capacity: 4096M(100%)
[121.122s][info][gc,heap     ] GC(62) Max Capacity: 4096M(100%)
[121.122s][info][gc,heap     ] GC(62) Soft Max Capacity: 4096M(100%)
[121.122s][info][gc,heap     ] GC(62)                Mark Start          Mark End        Relocate Start      Relocate End           High               Low         
[121.122s][info][gc,heap     ] GC(62)  Capacity:     4096M (100%)       4096M (100%)       4096M (100%)       4096M (100%)       4096M (100%)       4096M (100%)   
[121.122s][info][gc,heap     ] GC(62)      Free:     1394M (34%)        1394M (34%)        4074M (99%)        4086M (100%)       4086M (100%)       1394M (34%)    
[121.122s][info][gc,heap     ] GC(62)      Used:     2702M (66%)        2702M (66%)          22M (1%)           10M (0%)         2702M (66%)          10M (0%)     
[121.122s][info][gc,heap     ] GC(62)      Live:         -                 6M (0%)            6M (0%)            6M (0%)             -                  -          
[121.122s][info][gc,heap     ] GC(62) Allocated:         -                 0M (0%)            0M (0%)            0M (0%)             -                  -          
[121.122s][info][gc,heap     ] GC(62)   Garbage:         -              2695M (66%)          15M (0%)            3M (0%)             -                  -          
[121.122s][info][gc,heap     ] GC(62) Reclaimed:         -                  -              2680M (65%)        2692M (66%)            -                  -          
[121.122s][info][gc          ] GC(62) Garbage Collection (System.gc()) 2702M(66%)->10M(0%)
[123.959s][info][gc,start    ] GC(63) Garbage Collection (System.gc())
[123.959s][info][gc,task     ] GC(63) Using 2 workers
[123.959s][info][gc,phases   ] GC(63) Pause Mark Start 0.006ms
[123.969s][info][gc,phases   ] GC(63) Concurrent Mark 10.430ms
[123.970s][info][gc,phases   ] GC(63) Pause Mark End 0.013ms
[123.970s][info][gc,phases   ] GC(63) Concurrent Mark Free 0.002ms
[123.973s][info][gc,phases   ] GC(63) Concurrent Process Non-Strong References 3.479ms
[123.973s][info][gc,phases   ] GC(63) Concurrent Reset Relocation Set 0.001ms
[123.975s][info][gc,phases   ] GC(63) Concurrent Select Relocation Set 1.651ms
[123.975s][info][gc,phases   ] GC(63) Pause Relocate Start 0.010ms
[123.976s][info][gc,phases   ] GC(63) Concurrent Relocate 0.583ms
[123.976s][info][gc,load     ] GC(63) Load: 0.00/0.00/0.00
[123.976s][info][gc,mmu      ] GC(63) MMU: 2ms/98.5%, 5ms/99.4%, 10ms/99.6%, 20ms/99.8%, 50ms/99.9%, 100ms/99.9%
[123.976s][info][gc,marking  ] GC(63) Mark: 2 stripe(s), 1 proactive flush(es), 1 terminate flush(es), 0 completion(s), 0 continuation(s) 
[123.976s][info][gc,marking  ] GC(63) Mark Stack Usage: 32M
[123.976s][info][gc,nmethod  ] GC(63) NMethods: 2978 registered, 0 unregistered
[123.976s][info][gc,metaspace] GC(63) Metaspace: 14M used, 14M committed, 1088M reserved
[123.976s][info][gc,ref      ] GC(63) Soft: 378 encountered, 0 discovered, 0 enqueued
[123.976s][info][gc,ref      ] GC(63) Weak: 940 encountered, 184 discovered, 8 enqueued
[123.976s][info][gc,ref      ] GC(63) Final: 0 encountered, 0 discovered, 0 enqueued
[123.976s][info][gc,ref      ] GC(63) Phantom: 36 encountered, 18 discovered, 0 enqueued
[123.976s][info][gc,reloc    ] GC(63) Small Pages: 1335 / 2670M, Empty: 2646M, Relocated: 1M, In-Place: 0
[123.976s][info][gc,reloc    ] GC(63) Medium Pages: 1 / 32M, Empty: 32M, Relocated: 0M, In-Place: 0
[123.976s][info][gc,reloc    ] GC(63) Large Pages: 0 / 0M, Empty: 0M, Relocated: 0M, In-Place: 0
[123.976s][info][gc,reloc    ] GC(63) Forwarding Usage: 0M
[123.976s][info][gc,heap     ] GC(63) Min Capacity: 4096M(100%)
[123.976s][info][gc,heap     ] GC(63) Max Capacity: 4096M(100%)
[123.976s][info][gc,heap     ] GC(63) Soft Max Capacity: 4096M(100%)
[123.976s][info][gc,heap     ] GC(63)                Mark Start          Mark End        Relocate Start      Relocate End           High               Low         
[123.976s][info][gc,heap     ] GC(63)  Capacity:     4096M (100%)       4096M (100%)       4096M (100%)       4096M (100%)       4096M (100%)       4096M (100%)   
[123.976s][info][gc,heap     ] GC(63)      Free:     1394M (34%)        1394M (34%)        4072M (99%)        4086M (100%)       4086M (100%)       1394M (34%)    
[123.976s][info][gc,heap     ] GC(63)      Used:     2702M (66%)        2702M (66%)          24M (1%)           10M (0%)         2702M (66%)          10M (0%)     
[123.976s][info][gc,heap     ] GC(63)      Live:         -                 6M (0%)            6M (0%)            6M (0%)             -                  -          
[123.976s][info][gc,heap     ] GC(63) Allocated:         -                 0M (0%)            0M (0%)            0M (0%)             -                  -          
[123.976s][info][gc,heap     ] GC(63)   Garbage:         -              2695M (66%)          17M (0%)            3M (0%)             -                  -          
[123.976s][info][gc,heap     ] GC(63) Reclaimed:         -                  -              2678M (65%)        2692M (66%)            -                  -          
[123.976s][info][gc          ] GC(63) Garbage Collection (System.gc()) 2702M(66%)->10M(0%)
[126.183s][info][gc,start    ] GC(64) Garbage Collection (Proactive)
[126.183s][info][gc,task     ] GC(64) Using 2 workers
[126.183s][info][gc,phases   ] GC(64) Pause Mark Start 0.011ms
[126.230s][info][gc,phases   ] GC(64) Concurrent Mark 46.364ms
[126.230s][info][gc,phases   ] GC(64) Pause Mark End 0.010ms
[126.230s][info][gc,phases   ] GC(64) Concurrent Mark Free 0.001ms
[126.233s][info][gc,phases   ] GC(64) Concurrent Process Non-Strong References 2.653ms
[126.233s][info][gc,phases   ] GC(64) Concurrent Reset Relocation Set 0.001ms
[126.237s][info][gc,phases   ] GC(64) Concurrent Select Relocation Set 4.131ms
[126.237s][info][gc,phases   ] GC(64) Pause Relocate Start 0.010ms
[126.255s][info][gc,phases   ] GC(64) Concurrent Relocate 17.738ms
[126.255s][info][gc,load     ] GC(64) Load: 0.00/0.00/0.00
[126.255s][info][gc,mmu      ] GC(64) MMU: 2ms/98.5%, 5ms/99.4%, 10ms/99.6%, 20ms/99.8%, 50ms/99.9%, 100ms/99.9%
[126.255s][info][gc,marking  ] GC(64) Mark: 2 stripe(s), 2 proactive flush(es), 1 terminate flush(es), 0 completion(s), 0 continuation(s) 
[126.255s][info][gc,marking  ] GC(64) Mark Stack Usage: 32M
[126.255s][info][gc,nmethod  ] GC(64) NMethods: 2979 registered, 0 unregistered
[126.255s][info][gc,metaspace] GC(64) Metaspace: 14M used, 14M committed, 1088M reserved
[126.255s][info][gc,ref      ] GC(64) Soft: 378 encountered, 0 discovered, 0 enqueued
[126.255s][info][gc,ref      ] GC(64) Weak: 937 encountered, 186 discovered, 7 enqueued
[126.255s][info][gc,ref      ] GC(64) Final: 0 encountered, 0 discovered, 0 enqueued
[126.255s][info][gc,ref      ] GC(64) Phantom: 36 encountered, 19 discovered, 0 enqueued
[126.255s][info][gc,reloc    ] GC(64) Small Pages: 720 / 1440M, Empty: 1330M, Relocated: 26M, In-Place: 0
[126.255s][info][gc,reloc    ] GC(64) Medium Pages: 1 / 32M, Empty: 0M, Relocated: 0M, In-Place: 0
[126.255s][info][gc,reloc    ] GC(64) Large Pages: 0 / 0M, Empty: 0M, Relocated: 0M, In-Place: 0
[126.255s][info][gc,reloc    ] GC(64) Forwarding Usage: 16M
[126.255s][info][gc,heap     ] GC(64) Min Capacity: 4096M(100%)
[126.255s][info][gc,heap     ] GC(64) Max Capacity: 4096M(100%)
[126.255s][info][gc,heap     ] GC(64) Soft Max Capacity: 4096M(100%)
[126.255s][info][gc,heap     ] GC(64)                Mark Start          Mark End        Relocate Start      Relocate End           High               Low         
[126.255s][info][gc,heap     ] GC(64)  Capacity:     4096M (100%)       4096M (100%)       4096M (100%)       4096M (100%)       4096M (100%)       4096M (100%)   
[126.255s][info][gc,heap     ] GC(64)      Free:     2624M (64%)        2622M (64%)        3952M (96%)        4020M (98%)        4020M (98%)        2622M (64%)    
[126.255s][info][gc,heap     ] GC(64)      Used:     1472M (36%)        1474M (36%)         144M (4%)           76M (2%)         1474M (36%)          76M (2%)     
[126.255s][info][gc,heap     ] GC(64)      Live:         -                38M (1%)           38M (1%)           38M (1%)             -                  -          
[126.255s][info][gc,heap     ] GC(64) Allocated:         -                 2M (0%)            2M (0%)            1M (0%)             -                  -          
[126.255s][info][gc,heap     ] GC(64)   Garbage:         -              1433M (35%)         103M (3%)           35M (1%)             -                  -          
[126.255s][info][gc,heap     ] GC(64) Reclaimed:         -                  -              1330M (32%)        1397M (34%)            -                  -          
[126.255s][info][gc          ] GC(64) Garbage Collection (Proactive) 1472M(36%)->76M(2%)
[126.808s][info][gc,start    ] GC(65) Garbage Collection (System.gc())
[126.808s][info][gc,task     ] GC(65) Using 2 workers
[126.808s][info][gc,phases   ] GC(65) Pause Mark Start 0.013ms
[126.826s][info][gc,phases   ] GC(65) Concurrent Mark 17.425ms
[126.826s][info][gc,phases   ] GC(65) Pause Mark End 0.020ms
[126.826s][info][gc,phases   ] GC(65) Concurrent Mark Free 0.002ms
[126.830s][info][gc,phases   ] GC(65) Concurrent Process Non-Strong References 4.131ms
[126.830s][info][gc,phases   ] GC(65) Concurrent Reset Relocation Set 0.007ms
[126.834s][info][gc,phases   ] GC(65) Concurrent Select Relocation Set 3.227ms
[126.834s][info][gc,phases   ] GC(65) Pause Relocate Start 0.011ms
[126.835s][info][gc,phases   ] GC(65) Concurrent Relocate 1.003ms
[126.835s][info][gc,load     ] GC(65) Load: 0.00/0.00/0.00
[126.835s][info][gc,mmu      ] GC(65) MMU: 2ms/98.5%, 5ms/99.4%, 10ms/99.6%, 20ms/99.8%, 50ms/99.9%, 100ms/99.9%
[126.835s][info][gc,marking  ] GC(65) Mark: 2 stripe(s), 1 proactive flush(es), 1 terminate flush(es), 0 completion(s), 0 continuation(s) 
[126.835s][info][gc,marking  ] GC(65) Mark Stack Usage: 32M
[126.835s][info][gc,nmethod  ] GC(65) NMethods: 2980 registered, 0 unregistered
[126.835s][info][gc,metaspace] GC(65) Metaspace: 14M used, 14M committed, 1088M reserved
[126.835s][info][gc,ref      ] GC(65) Soft: 378 encountered, 0 discovered, 0 enqueued
[126.835s][info][gc,ref      ] GC(65) Weak: 933 encountered, 19 discovered, 2 enqueued
[126.835s][info][gc,ref      ] GC(65) Final: 0 encountered, 0 discovered, 0 enqueued
[126.835s][info][gc,ref      ] GC(65) Phantom: 36 encountered, 20 discovered, 0 enqueued
[126.835s][info][gc,reloc    ] GC(65) Small Pages: 637 / 1274M, Empty: 1252M, Relocated: 1M, In-Place: 0
[126.835s][info][gc,reloc    ] GC(65) Medium Pages: 1 / 32M, Empty: 32M, Relocated: 0M, In-Place: 0
[126.835s][info][gc,reloc    ] GC(65) Large Pages: 0 / 0M, Empty: 0M, Relocated: 0M, In-Place: 0
[126.835s][info][gc,reloc    ] GC(65) Forwarding Usage: 0M
[126.835s][info][gc,heap     ] GC(65) Min Capacity: 4096M(100%)
[126.835s][info][gc,heap     ] GC(65) Max Capacity: 4096M(100%)
[126.835s][info][gc,heap     ] GC(65) Soft Max Capacity: 4096M(100%)
[126.835s][info][gc,heap     ] GC(65)                Mark Start          Mark End        Relocate Start      Relocate End           High               Low         
[126.835s][info][gc,heap     ] GC(65)  Capacity:     4096M (100%)       4096M (100%)       4096M (100%)       4096M (100%)       4096M (100%)       4096M (100%)   
[126.835s][info][gc,heap     ] GC(65)      Free:     2790M (68%)        2790M (68%)        4074M (99%)        4086M (100%)       4086M (100%)       2790M (68%)    
[126.835s][info][gc,heap     ] GC(65)      Used:     1306M (32%)        1306M (32%)          22M (1%)           10M (0%)         1306M (32%)          10M (0%)     
[126.835s][info][gc,heap     ] GC(65)      Live:         -                 6M (0%)            6M (0%)            6M (0%)             -                  -          
[126.835s][info][gc,heap     ] GC(65) Allocated:         -                 0M (0%)            0M (0%)            0M (0%)             -                  -          
[126.835s][info][gc,heap     ] GC(65)   Garbage:         -              1299M (32%)          15M (0%)            3M (0%)             -                  -          
[126.835s][info][gc,heap     ] GC(65) Reclaimed:         -                  -              1284M (31%)        1296M (32%)            -                  -          
[126.835s][info][gc          ] GC(65) Garbage Collection (System.gc()) 1306M(32%)->10M(0%)
[129.681s][info][gc,start    ] GC(66) Garbage Collection (System.gc())
[129.681s][info][gc,task     ] GC(66) Using 2 workers
[129.681s][info][gc,phases   ] GC(66) Pause Mark Start 0.007ms
[129.702s][info][gc,phases   ] GC(66) Concurrent Mark 20.424ms
[129.702s][info][gc,phases   ] GC(66) Pause Mark End 0.015ms
[129.702s][info][gc,phases   ] GC(66) Concurrent Mark Free 0.002ms
[129.705s][info][gc,phases   ] GC(66) Concurrent Process Non-Strong References 3.243ms
[129.705s][info][gc,phases   ] GC(66) Concurrent Reset Relocation Set 0.001ms
[129.707s][info][gc,phases   ] GC(66) Concurrent Select Relocation Set 2.103ms
[129.708s][info][gc,phases   ] GC(66) Pause Relocate Start 0.010ms
[129.708s][info][gc,phases   ] GC(66) Concurrent Relocate 0.748ms
[129.708s][info][gc,load     ] GC(66) Load: 0.00/0.00/0.00
[129.708s][info][gc,mmu      ] GC(66) MMU: 2ms/98.5%, 5ms/99.4%, 10ms/99.6%, 20ms/99.8%, 50ms/99.9%, 100ms/99.9%
[129.708s][info][gc,marking  ] GC(66) Mark: 2 stripe(s), 1 proactive flush(es), 1 terminate flush(es), 0 completion(s), 0 continuation(s) 
[129.708s][info][gc,marking  ] GC(66) Mark Stack Usage: 32M
[129.708s][info][gc,nmethod  ] GC(66) NMethods: 2983 registered, 0 unregistered
[129.708s][info][gc,metaspace] GC(66) Metaspace: 14M used, 14M committed, 1088M reserved
[129.708s][info][gc,ref      ] GC(66) Soft: 378 encountered, 0 discovered, 0 enqueued
[129.708s][info][gc,ref      ] GC(66) Weak: 939 encountered, 128 discovered, 8 enqueued
[129.709s][info][gc,ref      ] GC(66) Final: 0 encountered, 0 discovered, 0 enqueued
[129.709s][info][gc,ref      ] GC(66) Phantom: 36 encountered, 18 discovered, 0 enqueued
[129.709s][info][gc,reloc    ] GC(66) Small Pages: 1335 / 2670M, Empty: 2648M, Relocated: 1M, In-Place: 0
[129.709s][info][gc,reloc    ] GC(66) Medium Pages: 1 / 32M, Empty: 32M, Relocated: 0M, In-Place: 0
[129.709s][info][gc,reloc    ] GC(66) Large Pages: 0 / 0M, Empty: 0M, Relocated: 0M, In-Place: 0
[129.709s][info][gc,reloc    ] GC(66) Forwarding Usage: 0M
[129.709s][info][gc,heap     ] GC(66) Min Capacity: 4096M(100%)
[129.709s][info][gc,heap     ] GC(66) Max Capacity: 4096M(100%)
[129.709s][info][gc,heap     ] GC(66) Soft Max Capacity: 4096M(100%)
[129.709s][info][gc,heap     ] GC(66)                Mark Start          Mark End        Relocate Start      Relocate End           High               Low         
[129.709s][info][gc,heap     ] GC(66)  Capacity:     4096M (100%)       4096M (100%)       4096M (100%)       4096M (100%)       4096M (100%)       4096M (100%)   
[129.709s][info][gc,heap     ] GC(66)      Free:     1394M (34%)        1394M (34%)        4074M (99%)        4086M (100%)       4086M (100%)       1394M (34%)    
[129.709s][info][gc,heap     ] GC(66)      Used:     2702M (66%)        2702M (66%)          22M (1%)           10M (0%)         2702M (66%)          10M (0%)     
[129.709s][info][gc,heap     ] GC(66)      Live:         -                 6M (0%)            6M (0%)            6M (0%)             -                  -          
[129.709s][info][gc,heap     ] GC(66) Allocated:         -                 0M (0%)            0M (0%)            0M (0%)             -                  -          
[129.709s][info][gc,heap     ] GC(66)   Garbage:         -              2695M (66%)          15M (0%)            3M (0%)             -                  -          
[129.709s][info][gc,heap     ] GC(66) Reclaimed:         -                  -              2680M (65%)        2692M (66%)            -                  -          
[129.709s][info][gc          ] GC(66) Garbage Collection (System.gc()) 2702M(66%)->10M(0%)
[130.173s][info][gc,stats    ] === Garbage Collection Statistics =======================================================================================================================
[130.173s][info][gc,stats    ]                                                              Last 10s              Last 10m              Last 10h                Total
[130.173s][info][gc,stats    ]                                                              Avg / Max             Avg / Max             Avg / Max             Avg / Max
[130.173s][info][gc,stats    ]   Collector: Garbage Collection Cycle                     32.063 / 71.802       35.533 / 113.591      35.533 / 113.591      35.533 / 113.591     ms
[130.173s][info][gc,stats    ]  Contention: Mark Segment Reset Contention                     0 / 2                 0 / 3                 0 / 3                 0 / 3           ops/s
[130.173s][info][gc,stats    ]  Contention: Mark SeqNum Reset Contention                      0 / 0                 0 / 1                 0 / 1                 0 / 1           ops/s
[130.173s][info][gc,stats    ]    Critical: Allocation Stall                                  0 / 0                 0 / 0                 0 / 0                 0 / 0           ops/s
[130.173s][info][gc,stats    ]    Critical: Allocation Stall                              0.000 / 0.000         0.000 / 0.000         0.000 / 0.000         0.000 / 0.000       ms
[130.173s][info][gc,stats    ]    Critical: GC Locker Stall                                   0 / 0                 0 / 0                 0 / 0                 0 / 0           ops/s
[130.173s][info][gc,stats    ]    Critical: GC Locker Stall                               0.000 / 0.000         0.000 / 0.000         0.000 / 0.000         0.000 / 0.000       ms
[130.173s][info][gc,stats    ]    Critical: Relocation Stall                                  0 / 0                 0 / 0                 0 / 0                 0 / 0           ops/s
[130.173s][info][gc,stats    ]    Critical: Relocation Stall                              0.000 / 0.000         0.000 / 0.000         0.000 / 0.000         0.000 / 0.000       ms
[130.174s][info][gc,stats    ]      Memory: Allocation Rate                                 944 / 1370           1016 / 1380           1016 / 1380           1016 / 1380        MB/s
[130.174s][info][gc,stats    ]      Memory: Out Of Memory                                     0 / 0                 0 / 0                 0 / 0                 0 / 0           ops/s
[130.174s][info][gc,stats    ]      Memory: Page Cache Flush                                  0 / 0                 0 / 0                 0 / 0                 0 / 0           MB/s
[130.174s][info][gc,stats    ]      Memory: Page Cache Hit L1                               468 / 680             494 / 689             494 / 689             494 / 689         ops/s
[130.174s][info][gc,stats    ]      Memory: Page Cache Hit L2                                 0 / 0                 0 / 0                 0 / 0                 0 / 0           ops/s
[130.174s][info][gc,stats    ]      Memory: Page Cache Hit L3                                 0 / 0                10 / 392              10 / 392              10 / 392         ops/s
[130.174s][info][gc,stats    ]      Memory: Page Cache Miss                                   0 / 0                 0 / 1                 0 / 1                 0 / 1           ops/s
[130.174s][info][gc,stats    ]      Memory: Uncommit                                          0 / 0                 0 / 0                 0 / 0                 0 / 0           MB/s
[130.174s][info][gc,stats    ]      Memory: Undo Object Allocation Failed                     0 / 0                 0 / 0                 0 / 0                 0 / 0           ops/s
[130.174s][info][gc,stats    ]      Memory: Undo Object Allocation Succeeded                  0 / 0                 1 / 140               1 / 140               1 / 140         ops/s
[130.174s][info][gc,stats    ]      Memory: Undo Page Allocation                              0 / 0                 0 / 0                 0 / 0                 0 / 0           ops/s
[130.174s][info][gc,stats    ]       Phase: Concurrent Mark                              20.185 / 46.364       23.529 / 78.232       23.529 / 78.232       23.529 / 78.232      ms
[130.174s][info][gc,stats    ]       Phase: Concurrent Mark Continue                      0.000 / 0.000         0.000 / 0.000         0.000 / 0.000         0.000 / 0.000       ms
[130.174s][info][gc,stats    ]       Phase: Concurrent Mark Free                          0.002 / 0.002         0.002 / 0.003         0.002 / 0.003         0.002 / 0.003       ms
[130.174s][info][gc,stats    ]       Phase: Concurrent Process Non-Strong References      3.306 / 4.131         2.895 / 4.501         2.895 / 4.501         2.895 / 4.501       ms
[130.174s][info][gc,stats    ]       Phase: Concurrent Relocate                           4.176 / 17.738        5.425 / 26.680        5.425 / 26.680        5.425 / 26.680      ms
[130.174s][info][gc,stats    ]       Phase: Concurrent Reset Relocation Set               0.003 / 0.007         0.003 / 0.008         0.003 / 0.008         0.003 / 0.008       ms
[130.174s][info][gc,stats    ]       Phase: Concurrent Select Relocation Set              2.600 / 4.131         2.759 / 7.858         2.759 / 7.858         2.759 / 7.858       ms
[130.174s][info][gc,stats    ]       Phase: Pause Mark End                                0.014 / 0.020         0.016 / 0.031         0.016 / 0.031         0.016 / 0.031       ms
[130.174s][info][gc,stats    ]       Phase: Pause Mark Start                              0.008 / 0.013         0.008 / 0.027         0.008 / 0.027         0.008 / 0.027       ms
[130.174s][info][gc,stats    ]       Phase: Pause Relocate Start                          0.010 / 0.011         0.010 / 0.021         0.010 / 0.021         0.010 / 0.021       ms
[130.174s][info][gc,stats    ]    Subphase: Concurrent Classes Purge                      0.155 / 0.193         0.130 / 0.193         0.130 / 0.193         0.130 / 0.193       ms
[130.174s][info][gc,stats    ]    Subphase: Concurrent Classes Unlink                     2.528 / 3.310         2.177 / 3.744         2.177 / 3.744         2.177 / 3.744       ms
[130.174s][info][gc,stats    ]    Subphase: Concurrent Mark                              15.069 / 45.501       18.166 / 77.416       18.166 / 77.416       18.166 / 77.416      ms
[130.174s][info][gc,stats    ]    Subphase: Concurrent Mark Try Flush                     0.114 / 0.234         0.086 / 0.514         0.086 / 0.514         0.086 / 0.514       ms
[130.174s][info][gc,stats    ]    Subphase: Concurrent Mark Try Terminate                 3.736 / 16.386        3.670 / 17.130        3.670 / 17.130        3.670 / 17.130      ms
[130.174s][info][gc,stats    ]    Subphase: Concurrent References Enqueue                 0.006 / 0.007         0.006 / 0.008         0.006 / 0.008         0.006 / 0.008       ms
[130.174s][info][gc,stats    ]    Subphase: Concurrent References Process                 0.150 / 0.176         0.166 / 0.251         0.166 / 0.251         0.166 / 0.251       ms
[130.174s][info][gc,stats    ]    Subphase: Concurrent Roots ClassLoaderDataGraph         0.060 / 0.173         0.049 / 0.243         0.049 / 0.243         0.049 / 0.243       ms
[130.174s][info][gc,stats    ]    Subphase: Concurrent Roots CodeCache                    0.000 / 0.000         0.000 / 0.000         0.000 / 0.000         0.000 / 0.000       ms
[130.174s][info][gc,stats    ]    Subphase: Concurrent Roots JavaThreads                  0.236 / 0.540         0.262 / 0.698         0.262 / 0.698         0.262 / 0.698       ms
[130.174s][info][gc,stats    ]    Subphase: Concurrent Roots OopStorageSet                0.013 / 0.036         0.014 / 0.052         0.014 / 0.052         0.014 / 0.052       ms
[130.174s][info][gc,stats    ]    Subphase: Concurrent Weak Roots OopStorageSet           0.228 / 0.271         0.207 / 0.327         0.207 / 0.327         0.207 / 0.327       ms
[130.174s][info][gc,stats    ]    Subphase: Pause Mark Try Complete                       0.000 / 0.000         0.000 / 0.000         0.000 / 0.000         0.000 / 0.000       ms
[130.174s][info][gc,stats    ]      System: Java Threads                                     12 / 12               12 / 13               12 / 13               12 / 13          threads
[130.174s][info][gc,stats    ] =========================================================================================================================================================
[132.558s][info][gc,start    ] GC(67) Garbage Collection (System.gc())
[132.558s][info][gc,task     ] GC(67) Using 2 workers
[132.558s][info][gc,phases   ] GC(67) Pause Mark Start 0.007ms
[132.574s][info][gc,phases   ] GC(67) Concurrent Mark 16.220ms
[132.574s][info][gc,phases   ] GC(67) Pause Mark End 0.026ms
[132.574s][info][gc,phases   ] GC(67) Concurrent Mark Free 0.001ms
[132.578s][info][gc,phases   ] GC(67) Concurrent Process Non-Strong References 3.857ms
[132.578s][info][gc,phases   ] GC(67) Concurrent Reset Relocation Set 0.001ms
[132.580s][info][gc,phases   ] GC(67) Concurrent Select Relocation Set 1.445ms
[132.580s][info][gc,phases   ] GC(67) Pause Relocate Start 0.009ms
[132.581s][info][gc,phases   ] GC(67) Concurrent Relocate 0.839ms
[132.581s][info][gc,load     ] GC(67) Load: 0.00/0.00/0.00
[132.581s][info][gc,mmu      ] GC(67) MMU: 2ms/98.5%, 5ms/99.4%, 10ms/99.6%, 20ms/99.8%, 50ms/99.9%, 100ms/99.9%
[132.581s][info][gc,marking  ] GC(67) Mark: 2 stripe(s), 1 proactive flush(es), 1 terminate flush(es), 0 completion(s), 0 continuation(s) 
[132.581s][info][gc,marking  ] GC(67) Mark Stack Usage: 32M
[132.581s][info][gc,nmethod  ] GC(67) NMethods: 2983 registered, 0 unregistered
[132.581s][info][gc,metaspace] GC(67) Metaspace: 14M used, 14M committed, 1088M reserved
[132.581s][info][gc,ref      ] GC(67) Soft: 378 encountered, 0 discovered, 0 enqueued
[132.581s][info][gc,ref      ] GC(67) Weak: 939 encountered, 27 discovered, 8 enqueued
[132.581s][info][gc,ref      ] GC(67) Final: 0 encountered, 0 discovered, 0 enqueued
[132.581s][info][gc,ref      ] GC(67) Phantom: 36 encountered, 25 discovered, 0 enqueued
[132.581s][info][gc,reloc    ] GC(67) Small Pages: 1335 / 2670M, Empty: 2648M, Relocated: 1M, In-Place: 0
[132.581s][info][gc,reloc    ] GC(67) Medium Pages: 1 / 32M, Empty: 32M, Relocated: 0M, In-Place: 0
[132.581s][info][gc,reloc    ] GC(67) Large Pages: 0 / 0M, Empty: 0M, Relocated: 0M, In-Place: 0
[132.581s][info][gc,reloc    ] GC(67) Forwarding Usage: 0M
[132.581s][info][gc,heap     ] GC(67) Min Capacity: 4096M(100%)
[132.581s][info][gc,heap     ] GC(67) Max Capacity: 4096M(100%)
[132.581s][info][gc,heap     ] GC(67) Soft Max Capacity: 4096M(100%)
[132.581s][info][gc,heap     ] GC(67)                Mark Start          Mark End        Relocate Start      Relocate End           High               Low         
[132.581s][info][gc,heap     ] GC(67)  Capacity:     4096M (100%)       4096M (100%)       4096M (100%)       4096M (100%)       4096M (100%)       4096M (100%)   
[132.581s][info][gc,heap     ] GC(67)      Free:     1394M (34%)        1394M (34%)        4074M (99%)        4086M (100%)       4086M (100%)       1394M (34%)    
[132.581s][info][gc,heap     ] GC(67)      Used:     2702M (66%)        2702M (66%)          22M (1%)           10M (0%)         2702M (66%)          10M (0%)     
[132.581s][info][gc,heap     ] GC(67)      Live:         -                 6M (0%)            6M (0%)            6M (0%)             -                  -          
[132.581s][info][gc,heap     ] GC(67) Allocated:         -                 0M (0%)            0M (0%)            0M (0%)             -                  -          
[132.581s][info][gc,heap     ] GC(67)   Garbage:         -              2695M (66%)          15M (0%)            3M (0%)             -                  -          
[132.581s][info][gc,heap     ] GC(67) Reclaimed:         -                  -              2680M (65%)        2692M (66%)            -                  -          
[132.581s][info][gc          ] GC(67) Garbage Collection (System.gc()) 2702M(66%)->10M(0%)
[134.976s][info][gc,start    ] GC(68) Garbage Collection (Proactive)
[134.977s][info][gc,task     ] GC(68) Using 2 workers
[134.977s][info][gc,phases   ] GC(68) Pause Mark Start 0.013ms
[135.008s][info][gc,phases   ] GC(68) Concurrent Mark 30.765ms
[135.008s][info][gc,phases   ] GC(68) Pause Mark End 0.014ms
[135.008s][info][gc,phases   ] GC(68) Concurrent Mark Free 0.002ms
[135.010s][info][gc,phases   ] GC(68) Concurrent Process Non-Strong References 2.503ms
[135.010s][info][gc,phases   ] GC(68) Concurrent Reset Relocation Set 0.001ms
[135.014s][info][gc,phases   ] GC(68) Concurrent Select Relocation Set 3.802ms
[135.014s][info][gc,phases   ] GC(68) Pause Relocate Start 0.011ms
[135.031s][info][gc,phases   ] GC(68) Concurrent Relocate 16.584ms
[135.031s][info][gc,load     ] GC(68) Load: 0.00/0.00/0.00
[135.031s][info][gc,mmu      ] GC(68) MMU: 2ms/98.5%, 5ms/99.4%, 10ms/99.6%, 20ms/99.8%, 50ms/99.9%, 100ms/99.9%
[135.031s][info][gc,marking  ] GC(68) Mark: 2 stripe(s), 2 proactive flush(es), 1 terminate flush(es), 0 completion(s), 0 continuation(s) 
[135.031s][info][gc,marking  ] GC(68) Mark Stack Usage: 32M
[135.031s][info][gc,nmethod  ] GC(68) NMethods: 2983 registered, 0 unregistered
[135.031s][info][gc,metaspace] GC(68) Metaspace: 14M used, 14M committed, 1088M reserved
[135.031s][info][gc,ref      ] GC(68) Soft: 378 encountered, 0 discovered, 0 enqueued
[135.031s][info][gc,ref      ] GC(68) Weak: 936 encountered, 23 discovered, 6 enqueued
[135.031s][info][gc,ref      ] GC(68) Final: 0 encountered, 0 discovered, 0 enqueued
[135.031s][info][gc,ref      ] GC(68) Phantom: 36 encountered, 19 discovered, 0 enqueued
[135.031s][info][gc,reloc    ] GC(68) Small Pages: 716 / 1432M, Empty: 1330M, Relocated: 24M, In-Place: 0
[135.031s][info][gc,reloc    ] GC(68) Medium Pages: 1 / 32M, Empty: 0M, Relocated: 0M, In-Place: 0
[135.031s][info][gc,reloc    ] GC(68) Large Pages: 0 / 0M, Empty: 0M, Relocated: 0M, In-Place: 0
[135.031s][info][gc,reloc    ] GC(68) Forwarding Usage: 15M
[135.031s][info][gc,heap     ] GC(68) Min Capacity: 4096M(100%)
[135.031s][info][gc,heap     ] GC(68) Max Capacity: 4096M(100%)
[135.031s][info][gc,heap     ] GC(68) Soft Max Capacity: 4096M(100%)
[135.031s][info][gc,heap     ] GC(68)                Mark Start          Mark End        Relocate Start      Relocate End           High               Low         
[135.031s][info][gc,heap     ] GC(68)  Capacity:     4096M (100%)       4096M (100%)       4096M (100%)       4096M (100%)       4096M (100%)       4096M (100%)   
[135.031s][info][gc,heap     ] GC(68)      Free:     2632M (64%)        2630M (64%)        3960M (97%)        4022M (98%)        4022M (98%)        2630M (64%)    
[135.031s][info][gc,heap     ] GC(68)      Used:     1464M (36%)        1466M (36%)         136M (3%)           74M (2%)         1466M (36%)          74M (2%)     
[135.031s][info][gc,heap     ] GC(68)      Live:         -                36M (1%)           36M (1%)           36M (1%)             -                  -          
[135.032s][info][gc,heap     ] GC(68) Allocated:         -                 2M (0%)            2M (0%)            1M (0%)             -                  -          
[135.032s][info][gc,heap     ] GC(68)   Garbage:         -              1427M (35%)          97M (2%)           35M (1%)             -                  -          
[135.032s][info][gc,heap     ] GC(68) Reclaimed:         -                  -              1330M (32%)        1391M (34%)            -                  -          
[135.032s][info][gc          ] GC(68) Garbage Collection (Proactive) 1464M(36%)->74M(2%)
[135.418s][info][gc,start    ] GC(69) Garbage Collection (System.gc())
[135.418s][info][gc,task     ] GC(69) Using 2 workers
[135.418s][info][gc,phases   ] GC(69) Pause Mark Start 0.008ms
[135.432s][info][gc,phases   ] GC(69) Concurrent Mark 14.274ms
[135.432s][info][gc,phases   ] GC(69) Pause Mark End 0.016ms
[135.432s][info][gc,phases   ] GC(69) Concurrent Mark Free 0.003ms
[135.436s][info][gc,phases   ] GC(69) Concurrent Process Non-Strong References 3.215ms
[135.436s][info][gc,phases   ] GC(69) Concurrent Reset Relocation Set 0.006ms
[135.438s][info][gc,phases   ] GC(69) Concurrent Select Relocation Set 2.295ms
[135.438s][info][gc,phases   ] GC(69) Pause Relocate Start 0.015ms
[135.439s][info][gc,phases   ] GC(69) Concurrent Relocate 1.165ms
[135.440s][info][gc,load     ] GC(69) Load: 0.00/0.00/0.00
[135.440s][info][gc,mmu      ] GC(69) MMU: 2ms/98.5%, 5ms/99.4%, 10ms/99.6%, 20ms/99.8%, 50ms/99.9%, 100ms/99.9%
[135.440s][info][gc,marking  ] GC(69) Mark: 2 stripe(s), 2 proactive flush(es), 1 terminate flush(es), 0 completion(s), 0 continuation(s) 
[135.440s][info][gc,marking  ] GC(69) Mark Stack Usage: 32M
[135.440s][info][gc,nmethod  ] GC(69) NMethods: 2984 registered, 0 unregistered
[135.440s][info][gc,metaspace] GC(69) Metaspace: 14M used, 14M committed, 1088M reserved
[135.440s][info][gc,ref      ] GC(69) Soft: 378 encountered, 0 discovered, 0 enqueued
[135.440s][info][gc,ref      ] GC(69) Weak: 933 encountered, 182 discovered, 2 enqueued
[135.440s][info][gc,ref      ] GC(69) Final: 0 encountered, 0 discovered, 0 enqueued
[135.440s][info][gc,ref      ] GC(69) Phantom: 36 encountered, 18 discovered, 0 enqueued
[135.440s][info][gc,reloc    ] GC(69) Small Pages: 640 / 1280M, Empty: 1258M, Relocated: 1M, In-Place: 0
[135.440s][info][gc,reloc    ] GC(69) Medium Pages: 1 / 32M, Empty: 32M, Relocated: 0M, In-Place: 0
[135.440s][info][gc,reloc    ] GC(69) Large Pages: 0 / 0M, Empty: 0M, Relocated: 0M, In-Place: 0
[135.440s][info][gc,reloc    ] GC(69) Forwarding Usage: 0M
[135.440s][info][gc,heap     ] GC(69) Min Capacity: 4096M(100%)
[135.440s][info][gc,heap     ] GC(69) Max Capacity: 4096M(100%)
[135.440s][info][gc,heap     ] GC(69) Soft Max Capacity: 4096M(100%)
[135.440s][info][gc,heap     ] GC(69)                Mark Start          Mark End        Relocate Start      Relocate End           High               Low         
[135.440s][info][gc,heap     ] GC(69)  Capacity:     4096M (100%)       4096M (100%)       4096M (100%)       4096M (100%)       4096M (100%)       4096M (100%)   
[135.440s][info][gc,heap     ] GC(69)      Free:     2784M (68%)        2784M (68%)        4074M (99%)        4086M (100%)       4086M (100%)       2784M (68%)    
[135.440s][info][gc,heap     ] GC(69)      Used:     1312M (32%)        1312M (32%)          22M (1%)           10M (0%)         1312M (32%)          10M (0%)     
[135.440s][info][gc,heap     ] GC(69)      Live:         -                 6M (0%)            6M (0%)            6M (0%)             -                  -          
[135.440s][info][gc,heap     ] GC(69) Allocated:         -                 0M (0%)            0M (0%)            0M (0%)             -                  -          
[135.440s][info][gc,heap     ] GC(69)   Garbage:         -              1305M (32%)          15M (0%)            3M (0%)             -                  -          
[135.440s][info][gc,heap     ] GC(69) Reclaimed:         -                  -              1290M (31%)        1302M (32%)            -                  -          
[135.440s][info][gc          ] GC(69) Garbage Collection (System.gc()) 1312M(32%)->10M(0%)
[138.296s][info][gc,start    ] GC(70) Garbage Collection (System.gc())
[138.296s][info][gc,task     ] GC(70) Using 2 workers
[138.296s][info][gc,phases   ] GC(70) Pause Mark Start 0.007ms
[138.305s][info][gc,phases   ] GC(70) Concurrent Mark 8.831ms
[138.305s][info][gc,phases   ] GC(70) Pause Mark End 0.014ms
[138.305s][info][gc,phases   ] GC(70) Concurrent Mark Free 0.001ms
[138.308s][info][gc,phases   ] GC(70) Concurrent Process Non-Strong References 2.677ms
[138.308s][info][gc,phases   ] GC(70) Concurrent Reset Relocation Set 0.001ms
[138.309s][info][gc,phases   ] GC(70) Concurrent Select Relocation Set 1.851ms
[138.310s][info][gc,phases   ] GC(70) Pause Relocate Start 0.009ms
[138.310s][info][gc,phases   ] GC(70) Concurrent Relocate 0.589ms
[138.310s][info][gc,load     ] GC(70) Load: 0.00/0.00/0.00
[138.310s][info][gc,mmu      ] GC(70) MMU: 2ms/98.5%, 5ms/99.4%, 10ms/99.6%, 20ms/99.8%, 50ms/99.9%, 100ms/99.9%
[138.310s][info][gc,marking  ] GC(70) Mark: 2 stripe(s), 1 proactive flush(es), 1 terminate flush(es), 0 completion(s), 0 continuation(s) 
[138.310s][info][gc,marking  ] GC(70) Mark Stack Usage: 32M
[138.310s][info][gc,nmethod  ] GC(70) NMethods: 2986 registered, 0 unregistered
[138.310s][info][gc,metaspace] GC(70) Metaspace: 14M used, 14M committed, 1088M reserved
[138.310s][info][gc,ref      ] GC(70) Soft: 378 encountered, 0 discovered, 0 enqueued
[138.310s][info][gc,ref      ] GC(70) Weak: 939 encountered, 165 discovered, 8 enqueued
[138.310s][info][gc,ref      ] GC(70) Final: 0 encountered, 0 discovered, 0 enqueued
[138.310s][info][gc,ref      ] GC(70) Phantom: 36 encountered, 23 discovered, 0 enqueued
[138.310s][info][gc,reloc    ] GC(70) Small Pages: 1335 / 2670M, Empty: 2648M, Relocated: 1M, In-Place: 0
[138.310s][info][gc,reloc    ] GC(70) Medium Pages: 1 / 32M, Empty: 32M, Relocated: 0M, In-Place: 0
[138.310s][info][gc,reloc    ] GC(70) Large Pages: 0 / 0M, Empty: 0M, Relocated: 0M, In-Place: 0
[138.310s][info][gc,reloc    ] GC(70) Forwarding Usage: 0M
[138.310s][info][gc,heap     ] GC(70) Min Capacity: 4096M(100%)
[138.310s][info][gc,heap     ] GC(70) Max Capacity: 4096M(100%)
[138.310s][info][gc,heap     ] GC(70) Soft Max Capacity: 4096M(100%)
[138.310s][info][gc,heap     ] GC(70)                Mark Start          Mark End        Relocate Start      Relocate End           High               Low         
[138.310s][info][gc,heap     ] GC(70)  Capacity:     4096M (100%)       4096M (100%)       4096M (100%)       4096M (100%)       4096M (100%)       4096M (100%)   
[138.310s][info][gc,heap     ] GC(70)      Free:     1394M (34%)        1394M (34%)        4074M (99%)        4086M (100%)       4086M (100%)       1394M (34%)    
[138.310s][info][gc,heap     ] GC(70)      Used:     2702M (66%)        2702M (66%)          22M (1%)           10M (0%)         2702M (66%)          10M (0%)     
[138.310s][info][gc,heap     ] GC(70)      Live:         -                 6M (0%)            6M (0%)            6M (0%)             -                  -          
[138.310s][info][gc,heap     ] GC(70) Allocated:         -                 0M (0%)            0M (0%)            0M (0%)             -                  -          
[138.311s][info][gc,heap     ] GC(70)   Garbage:         -              2695M (66%)          15M (0%)            3M (0%)             -                  -          
[138.311s][info][gc,heap     ] GC(70) Reclaimed:         -                  -              2680M (65%)        2692M (66%)            -                  -          
[138.311s][info][gc          ] GC(70) Garbage Collection (System.gc()) 2702M(66%)->10M(0%)
[140.174s][info][gc,stats    ] === Garbage Collection Statistics =======================================================================================================================
[140.175s][info][gc,stats    ]                                                              Last 10s              Last 10m              Last 10h                Total
[140.175s][info][gc,stats    ]                                                              Avg / Max             Avg / Max             Avg / Max             Avg / Max
[140.175s][info][gc,stats    ]   Collector: Garbage Collection Cycle                     28.567 / 54.662       35.140 / 113.591      35.140 / 113.591      35.140 / 113.591     ms
[140.175s][info][gc,stats    ]  Contention: Mark Segment Reset Contention                     0 / 1                 0 / 3                 0 / 3                 0 / 3           ops/s
[140.175s][info][gc,stats    ]  Contention: Mark SeqNum Reset Contention                      0 / 0                 0 / 1                 0 / 1                 0 / 1           ops/s
[140.175s][info][gc,stats    ]    Critical: Allocation Stall                                  0 / 0                 0 / 0                 0 / 0                 0 / 0           ops/s
[140.175s][info][gc,stats    ]    Critical: Allocation Stall                              0.000 / 0.000         0.000 / 0.000         0.000 / 0.000         0.000 / 0.000       ms
[140.175s][info][gc,stats    ]    Critical: GC Locker Stall                                   0 / 0                 0 / 0                 0 / 0                 0 / 0           ops/s
[140.175s][info][gc,stats    ]    Critical: GC Locker Stall                               0.000 / 0.000         0.000 / 0.000         0.000 / 0.000         0.000 / 0.000       ms
[140.175s][info][gc,stats    ]    Critical: Relocation Stall                                  0 / 0                 0 / 0                 0 / 0                 0 / 0           ops/s
[140.175s][info][gc,stats    ]    Critical: Relocation Stall                              0.000 / 0.000         0.000 / 0.000         0.000 / 0.000         0.000 / 0.000       ms
[140.175s][info][gc,stats    ]      Memory: Allocation Rate                                 940 / 1362           1011 / 1380           1011 / 1380           1011 / 1380        MB/s
[140.175s][info][gc,stats    ]      Memory: Out Of Memory                                     0 / 0                 0 / 0                 0 / 0                 0 / 0           ops/s
[140.175s][info][gc,stats    ]      Memory: Page Cache Flush                                  0 / 0                 0 / 0                 0 / 0                 0 / 0           MB/s
[140.175s][info][gc,stats    ]      Memory: Page Cache Hit L1                               467 / 668             492 / 689             492 / 689             492 / 689         ops/s
[140.175s][info][gc,stats    ]      Memory: Page Cache Hit L2                                 0 / 0                 0 / 0                 0 / 0                 0 / 0           ops/s
[140.175s][info][gc,stats    ]      Memory: Page Cache Hit L3                                 0 / 0                 9 / 392               9 / 392               9 / 392         ops/s
[140.175s][info][gc,stats    ]      Memory: Page Cache Miss                                   0 / 0                 0 / 1                 0 / 1                 0 / 1           ops/s
[140.175s][info][gc,stats    ]      Memory: Uncommit                                          0 / 0                 0 / 0                 0 / 0                 0 / 0           MB/s
[140.175s][info][gc,stats    ]      Memory: Undo Object Allocation Failed                     0 / 0                 0 / 0                 0 / 0                 0 / 0           ops/s
[140.175s][info][gc,stats    ]      Memory: Undo Object Allocation Succeeded                  0 / 0                 1 / 140               1 / 140               1 / 140         ops/s
[140.175s][info][gc,stats    ]      Memory: Undo Page Allocation                              0 / 0                 0 / 0                 0 / 0                 0 / 0           ops/s
[140.175s][info][gc,stats    ]       Phase: Concurrent Mark                              17.522 / 30.765       23.191 / 78.232       23.191 / 78.232       23.191 / 78.232      ms
[140.175s][info][gc,stats    ]       Phase: Concurrent Mark Continue                      0.000 / 0.000         0.000 / 0.000         0.000 / 0.000         0.000 / 0.000       ms
[140.175s][info][gc,stats    ]       Phase: Concurrent Mark Free                          0.001 / 0.003         0.002 / 0.003         0.002 / 0.003         0.002 / 0.003       ms
[140.175s][info][gc,stats    ]       Phase: Concurrent Process Non-Strong References      3.063 / 3.857         2.904 / 4.501         2.904 / 4.501         2.904 / 4.501       ms
[140.175s][info][gc,stats    ]       Phase: Concurrent Relocate                           4.794 / 16.584        5.390 / 26.680        5.390 / 26.680        5.390 / 26.680      ms
[140.175s][info][gc,stats    ]       Phase: Concurrent Reset Relocation Set               0.002 / 0.006         0.002 / 0.008         0.002 / 0.008         0.002 / 0.008       ms
[140.175s][info][gc,stats    ]       Phase: Concurrent Select Relocation Set              2.348 / 3.802         2.736 / 7.858         2.736 / 7.858         2.736 / 7.858       ms
[140.175s][info][gc,stats    ]       Phase: Pause Mark End                                0.017 / 0.026         0.016 / 0.031         0.016 / 0.031         0.016 / 0.031       ms
[140.175s][info][gc,stats    ]       Phase: Pause Mark Start                              0.009 / 0.013         0.008 / 0.027         0.008 / 0.027         0.008 / 0.027       ms
[140.175s][info][gc,stats    ]       Phase: Pause Relocate Start                          0.011 / 0.015         0.010 / 0.021         0.010 / 0.021         0.010 / 0.021       ms
[140.175s][info][gc,stats    ]    Subphase: Concurrent Classes Purge                      0.133 / 0.161         0.130 / 0.193         0.130 / 0.193         0.130 / 0.193       ms
[140.175s][info][gc,stats    ]    Subphase: Concurrent Classes Unlink                     2.388 / 3.186         2.189 / 3.744         2.189 / 3.744         2.189 / 3.744       ms
[140.175s][info][gc,stats    ]    Subphase: Concurrent Mark                              13.803 / 30.115       17.920 / 77.416       17.920 / 77.416       17.920 / 77.416      ms
[140.175s][info][gc,stats    ]    Subphase: Concurrent Mark Try Flush                     0.094 / 0.219         0.086 / 0.514         0.086 / 0.514         0.086 / 0.514       ms
[140.175s][info][gc,stats    ]    Subphase: Concurrent Mark Try Terminate                 2.470 / 11.961        3.605 / 17.130        3.605 / 17.130        3.605 / 17.130      ms
[140.175s][info][gc,stats    ]    Subphase: Concurrent References Enqueue                 0.005 / 0.008         0.006 / 0.008         0.006 / 0.008         0.006 / 0.008       ms
[140.175s][info][gc,stats    ]    Subphase: Concurrent References Process                 0.117 / 0.163         0.163 / 0.251         0.163 / 0.251         0.163 / 0.251       ms
[140.175s][info][gc,stats    ]    Subphase: Concurrent Roots ClassLoaderDataGraph         0.062 / 0.176         0.050 / 0.243         0.050 / 0.243         0.050 / 0.243       ms
[140.175s][info][gc,stats    ]    Subphase: Concurrent Roots CodeCache                    0.000 / 0.000         0.000 / 0.000         0.000 / 0.000         0.000 / 0.000       ms
[140.175s][info][gc,stats    ]    Subphase: Concurrent Roots JavaThreads                  0.236 / 0.473         0.261 / 0.698         0.261 / 0.698         0.261 / 0.698       ms
[140.175s][info][gc,stats    ]    Subphase: Concurrent Roots OopStorageSet                0.017 / 0.028         0.014 / 0.052         0.014 / 0.052         0.014 / 0.052       ms
[140.175s][info][gc,stats    ]    Subphase: Concurrent Weak Roots OopStorageSet           0.204 / 0.289         0.207 / 0.327         0.207 / 0.327         0.207 / 0.327       ms
[140.175s][info][gc,stats    ]    Subphase: Pause Mark Try Complete                       0.000 / 0.000         0.000 / 0.000         0.000 / 0.000         0.000 / 0.000       ms
[140.175s][info][gc,stats    ]      System: Java Threads                                     12 / 12               12 / 13               12 / 13               12 / 13          threads
[140.175s][info][gc,stats    ] =========================================================================================================================================================
[140.882s][info][gc,start    ] GC(71) Garbage Collection (Proactive)
[140.882s][info][gc,task     ] GC(71) Using 2 workers
[140.882s][info][gc,phases   ] GC(71) Pause Mark Start 0.011ms
[140.929s][info][gc,phases   ] GC(71) Concurrent Mark 46.660ms
[140.929s][info][gc,phases   ] GC(71) Pause Mark End 0.015ms
[140.929s][info][gc,phases   ] GC(71) Concurrent Mark Free 0.002ms
[140.932s][info][gc,phases   ] GC(71) Concurrent Process Non-Strong References 2.927ms
[140.932s][info][gc,phases   ] GC(71) Concurrent Reset Relocation Set 0.001ms
[140.937s][info][gc,phases   ] GC(71) Concurrent Select Relocation Set 5.021ms
[140.938s][info][gc,phases   ] GC(71) Pause Relocate Start 0.007ms
[140.962s][info][gc,phases   ] GC(71) Concurrent Relocate 24.455ms
[140.962s][info][gc,load     ] GC(71) Load: 0.00/0.00/0.00
[140.962s][info][gc,mmu      ] GC(71) MMU: 2ms/98.5%, 5ms/99.4%, 10ms/99.6%, 20ms/99.8%, 50ms/99.9%, 100ms/99.9%
[140.962s][info][gc,marking  ] GC(71) Mark: 2 stripe(s), 4 proactive flush(es), 1 terminate flush(es), 0 completion(s), 0 continuation(s) 
[140.962s][info][gc,marking  ] GC(71) Mark Stack Usage: 32M
[140.962s][info][gc,nmethod  ] GC(71) NMethods: 2988 registered, 0 unregistered
[140.962s][info][gc,metaspace] GC(71) Metaspace: 14M used, 14M committed, 1088M reserved
[140.962s][info][gc,ref      ] GC(71) Soft: 378 encountered, 0 discovered, 0 enqueued
[140.962s][info][gc,ref      ] GC(71) Weak: 937 encountered, 111 discovered, 7 enqueued
[140.962s][info][gc,ref      ] GC(71) Final: 0 encountered, 0 discovered, 0 enqueued
[140.962s][info][gc,ref      ] GC(71) Phantom: 36 encountered, 24 discovered, 0 enqueued
[140.962s][info][gc,reloc    ] GC(71) Small Pages: 717 / 1434M, Empty: 1328M, Relocated: 26M, In-Place: 0
[140.962s][info][gc,reloc    ] GC(71) Medium Pages: 1 / 32M, Empty: 0M, Relocated: 0M, In-Place: 0
[140.962s][info][gc,reloc    ] GC(71) Large Pages: 0 / 0M, Empty: 0M, Relocated: 0M, In-Place: 0
[140.962s][info][gc,reloc    ] GC(71) Forwarding Usage: 16M
[140.962s][info][gc,heap     ] GC(71) Min Capacity: 4096M(100%)
[140.962s][info][gc,heap     ] GC(71) Max Capacity: 4096M(100%)
[140.963s][info][gc,heap     ] GC(71) Soft Max Capacity: 4096M(100%)
[140.963s][info][gc,heap     ] GC(71)                Mark Start          Mark End        Relocate Start      Relocate End           High               Low         
[140.963s][info][gc,heap     ] GC(71)  Capacity:     4096M (100%)       4096M (100%)       4096M (100%)       4096M (100%)       4096M (100%)       4096M (100%)   
[140.963s][info][gc,heap     ] GC(71)      Free:     2630M (64%)        2602M (64%)        3908M (95%)        3888M (95%)        3926M (96%)        2594M (63%)    
[140.963s][info][gc,heap     ] GC(71)      Used:     1466M (36%)        1494M (36%)         188M (5%)          208M (5%)         1502M (37%)         170M (4%)     
[140.963s][info][gc,heap     ] GC(71)      Live:         -                37M (1%)           37M (1%)           37M (1%)             -                  -          
[140.963s][info][gc,heap     ] GC(71) Allocated:         -                28M (1%)           50M (1%)          135M (3%)             -                  -          
[140.963s][info][gc,heap     ] GC(71)   Garbage:         -              1428M (35%)         100M (2%)           34M (1%)             -                  -          
[140.963s][info][gc,heap     ] GC(71) Reclaimed:         -                  -              1328M (32%)        1393M (34%)            -                  -          
[140.963s][info][gc          ] GC(71) Garbage Collection (Proactive) 1466M(36%)->208M(5%)
[141.184s][info][gc,start    ] GC(72) Garbage Collection (System.gc())
[141.184s][info][gc,task     ] GC(72) Using 2 workers
[141.184s][info][gc,phases   ] GC(72) Pause Mark Start 0.005ms
[141.195s][info][gc,phases   ] GC(72) Concurrent Mark 10.847ms
[141.196s][info][gc,phases   ] GC(72) Pause Mark End 0.011ms
[141.196s][info][gc,phases   ] GC(72) Concurrent Mark Free 0.002ms
[141.199s][info][gc,phases   ] GC(72) Concurrent Process Non-Strong References 3.374ms
[141.199s][info][gc,phases   ] GC(72) Concurrent Reset Relocation Set 0.006ms
[141.202s][info][gc,phases   ] GC(72) Concurrent Select Relocation Set 2.413ms
[141.202s][info][gc,phases   ] GC(72) Pause Relocate Start 0.016ms
[141.203s][info][gc,phases   ] GC(72) Concurrent Relocate 0.907ms
[141.203s][info][gc,load     ] GC(72) Load: 0.00/0.00/0.00
[141.203s][info][gc,mmu      ] GC(72) MMU: 2ms/98.5%, 5ms/99.4%, 10ms/99.6%, 20ms/99.8%, 50ms/99.9%, 100ms/99.9%
[141.203s][info][gc,marking  ] GC(72) Mark: 2 stripe(s), 1 proactive flush(es), 1 terminate flush(es), 0 completion(s), 0 continuation(s) 
[141.203s][info][gc,marking  ] GC(72) Mark Stack Usage: 32M
[141.203s][info][gc,nmethod  ] GC(72) NMethods: 2988 registered, 0 unregistered
[141.203s][info][gc,metaspace] GC(72) Metaspace: 14M used, 14M committed, 1088M reserved
[141.203s][info][gc,ref      ] GC(72) Soft: 378 encountered, 0 discovered, 0 enqueued
[141.203s][info][gc,ref      ] GC(72) Weak: 933 encountered, 89 discovered, 2 enqueued
[141.203s][info][gc,ref      ] GC(72) Final: 0 encountered, 0 discovered, 0 enqueued
[141.203s][info][gc,ref      ] GC(72) Phantom: 36 encountered, 15 discovered, 0 enqueued
[141.203s][info][gc,reloc    ] GC(72) Small Pages: 638 / 1276M, Empty: 1256M, Relocated: 1M, In-Place: 0
[141.203s][info][gc,reloc    ] GC(72) Medium Pages: 1 / 32M, Empty: 32M, Relocated: 0M, In-Place: 0
[141.203s][info][gc,reloc    ] GC(72) Large Pages: 0 / 0M, Empty: 0M, Relocated: 0M, In-Place: 0
[141.203s][info][gc,reloc    ] GC(72) Forwarding Usage: 0M
[141.203s][info][gc,heap     ] GC(72) Min Capacity: 4096M(100%)
[141.203s][info][gc,heap     ] GC(72) Max Capacity: 4096M(100%)
[141.203s][info][gc,heap     ] GC(72) Soft Max Capacity: 4096M(100%)
[141.203s][info][gc,heap     ] GC(72)                Mark Start          Mark End        Relocate Start      Relocate End           High               Low         
[141.203s][info][gc,heap     ] GC(72)  Capacity:     4096M (100%)       4096M (100%)       4096M (100%)       4096M (100%)       4096M (100%)       4096M (100%)   
[141.203s][info][gc,heap     ] GC(72)      Free:     2788M (68%)        2788M (68%)        4076M (100%)       4086M (100%)       4086M (100%)       2788M (68%)    
[141.203s][info][gc,heap     ] GC(72)      Used:     1308M (32%)        1308M (32%)          20M (0%)           10M (0%)         1308M (32%)          10M (0%)     
[141.203s][info][gc,heap     ] GC(72)      Live:         -                 6M (0%)            6M (0%)            6M (0%)             -                  -          
[141.203s][info][gc,heap     ] GC(72) Allocated:         -                 0M (0%)            0M (0%)            0M (0%)             -                  -          
[141.203s][info][gc,heap     ] GC(72)   Garbage:         -              1301M (32%)          13M (0%)            3M (0%)             -                  -          
[141.203s][info][gc,heap     ] GC(72) Reclaimed:         -                  -              1288M (31%)        1298M (32%)            -                  -          
[141.203s][info][gc          ] GC(72) Garbage Collection (System.gc()) 1308M(32%)->10M(0%)
[144.030s][info][gc,start    ] GC(73) Garbage Collection (System.gc())
[144.031s][info][gc,task     ] GC(73) Using 2 workers
[144.031s][info][gc,phases   ] GC(73) Pause Mark Start 0.005ms
[144.038s][info][gc,phases   ] GC(73) Concurrent Mark 7.780ms
[144.039s][info][gc,phases   ] GC(73) Pause Mark End 0.025ms
[144.039s][info][gc,phases   ] GC(73) Concurrent Mark Free 0.002ms
[144.042s][info][gc,phases   ] GC(73) Concurrent Process Non-Strong References 2.931ms
[144.042s][info][gc,phases   ] GC(73) Concurrent Reset Relocation Set 0.001ms
[144.043s][info][gc,phases   ] GC(73) Concurrent Select Relocation Set 1.593ms
[144.043s][info][gc,phases   ] GC(73) Pause Relocate Start 0.008ms
[144.044s][info][gc,phases   ] GC(73) Concurrent Relocate 0.742ms
[144.044s][info][gc,load     ] GC(73) Load: 0.00/0.00/0.00
[144.044s][info][gc,mmu      ] GC(73) MMU: 2ms/98.5%, 5ms/99.3%, 10ms/99.6%, 20ms/99.8%, 50ms/99.9%, 100ms/99.9%
[144.044s][info][gc,marking  ] GC(73) Mark: 2 stripe(s), 1 proactive flush(es), 1 terminate flush(es), 0 completion(s), 0 continuation(s) 
[144.044s][info][gc,marking  ] GC(73) Mark Stack Usage: 32M
[144.044s][info][gc,nmethod  ] GC(73) NMethods: 2990 registered, 0 unregistered
[144.044s][info][gc,metaspace] GC(73) Metaspace: 14M used, 14M committed, 1088M reserved
[144.044s][info][gc,ref      ] GC(73) Soft: 378 encountered, 0 discovered, 0 enqueued
[144.044s][info][gc,ref      ] GC(73) Weak: 939 encountered, 651 discovered, 8 enqueued
[144.044s][info][gc,ref      ] GC(73) Final: 0 encountered, 0 discovered, 0 enqueued
[144.044s][info][gc,ref      ] GC(73) Phantom: 36 encountered, 24 discovered, 0 enqueued
[144.044s][info][gc,reloc    ] GC(73) Small Pages: 1335 / 2670M, Empty: 2648M, Relocated: 1M, In-Place: 0
[144.044s][info][gc,reloc    ] GC(73) Medium Pages: 1 / 32M, Empty: 32M, Relocated: 0M, In-Place: 0
[144.044s][info][gc,reloc    ] GC(73) Large Pages: 0 / 0M, Empty: 0M, Relocated: 0M, In-Place: 0
[144.044s][info][gc,reloc    ] GC(73) Forwarding Usage: 0M
[144.044s][info][gc,heap     ] GC(73) Min Capacity: 4096M(100%)
[144.044s][info][gc,heap     ] GC(73) Max Capacity: 4096M(100%)
[144.044s][info][gc,heap     ] GC(73) Soft Max Capacity: 4096M(100%)
[144.044s][info][gc,heap     ] GC(73)                Mark Start          Mark End        Relocate Start      Relocate End           High               Low         
[144.044s][info][gc,heap     ] GC(73)  Capacity:     4096M (100%)       4096M (100%)       4096M (100%)       4096M (100%)       4096M (100%)       4096M (100%)   
[144.044s][info][gc,heap     ] GC(73)      Free:     1394M (34%)        1394M (34%)        4074M (99%)        4086M (100%)       4086M (100%)       1394M (34%)    
[144.044s][info][gc,heap     ] GC(73)      Used:     2702M (66%)        2702M (66%)          22M (1%)           10M (0%)         2702M (66%)          10M (0%)     
[144.044s][info][gc,heap     ] GC(73)      Live:         -                 6M (0%)            6M (0%)            6M (0%)             -                  -          
[144.044s][info][gc,heap     ] GC(73) Allocated:         -                 0M (0%)            0M (0%)            0M (0%)             -                  -          
[144.044s][info][gc,heap     ] GC(73)   Garbage:         -              2695M (66%)          15M (0%)            3M (0%)             -                  -          
[144.044s][info][gc,heap     ] GC(73) Reclaimed:         -                  -              2680M (65%)        2692M (66%)            -                  -          
[144.044s][info][gc          ] GC(73) Garbage Collection (System.gc()) 2702M(66%)->10M(0%)
[146.941s][info][gc,start    ] GC(74) Garbage Collection (System.gc())
[146.941s][info][gc,task     ] GC(74) Using 2 workers
[146.942s][info][gc,phases   ] GC(74) Pause Mark Start 0.006ms
[146.958s][info][gc,phases   ] GC(74) Concurrent Mark 16.736ms
[146.959s][info][gc,phases   ] GC(74) Pause Mark End 0.020ms
[146.959s][info][gc,phases   ] GC(74) Concurrent Mark Free 0.002ms
[146.962s][info][gc,phases   ] GC(74) Concurrent Process Non-Strong References 3.546ms
[146.962s][info][gc,phases   ] GC(74) Concurrent Reset Relocation Set 0.001ms
[146.964s][info][gc,phases   ] GC(74) Concurrent Select Relocation Set 1.719ms
[146.964s][info][gc,phases   ] GC(74) Pause Relocate Start 0.011ms
[146.965s][info][gc,phases   ] GC(74) Concurrent Relocate 1.040ms
[146.965s][info][gc,load     ] GC(74) Load: 0.00/0.00/0.00
[146.965s][info][gc,mmu      ] GC(74) MMU: 2ms/98.5%, 5ms/99.3%, 10ms/99.6%, 20ms/99.8%, 50ms/99.9%, 100ms/99.9%
[146.965s][info][gc,marking  ] GC(74) Mark: 2 stripe(s), 1 proactive flush(es), 1 terminate flush(es), 0 completion(s), 0 continuation(s) 
[146.965s][info][gc,marking  ] GC(74) Mark Stack Usage: 32M
[146.965s][info][gc,nmethod  ] GC(74) NMethods: 2991 registered, 0 unregistered
[146.965s][info][gc,metaspace] GC(74) Metaspace: 14M used, 14M committed, 1088M reserved
[146.965s][info][gc,ref      ] GC(74) Soft: 378 encountered, 0 discovered, 0 enqueued
[146.965s][info][gc,ref      ] GC(74) Weak: 940 encountered, 77 discovered, 8 enqueued
[146.965s][info][gc,ref      ] GC(74) Final: 0 encountered, 0 discovered, 0 enqueued
[146.965s][info][gc,ref      ] GC(74) Phantom: 36 encountered, 13 discovered, 0 enqueued
[146.965s][info][gc,reloc    ] GC(74) Small Pages: 1335 / 2670M, Empty: 2646M, Relocated: 1M, In-Place: 0
[146.965s][info][gc,reloc    ] GC(74) Medium Pages: 1 / 32M, Empty: 32M, Relocated: 0M, In-Place: 0
[146.965s][info][gc,reloc    ] GC(74) Large Pages: 0 / 0M, Empty: 0M, Relocated: 0M, In-Place: 0
[146.965s][info][gc,reloc    ] GC(74) Forwarding Usage: 0M
[146.965s][info][gc,heap     ] GC(74) Min Capacity: 4096M(100%)
[146.965s][info][gc,heap     ] GC(74) Max Capacity: 4096M(100%)
[146.965s][info][gc,heap     ] GC(74) Soft Max Capacity: 4096M(100%)
[146.965s][info][gc,heap     ] GC(74)                Mark Start          Mark End        Relocate Start      Relocate End           High               Low         
[146.965s][info][gc,heap     ] GC(74)  Capacity:     4096M (100%)       4096M (100%)       4096M (100%)       4096M (100%)       4096M (100%)       4096M (100%)   
[146.965s][info][gc,heap     ] GC(74)      Free:     1394M (34%)        1394M (34%)        4072M (99%)        4086M (100%)       4086M (100%)       1394M (34%)    
[146.966s][info][gc,heap     ] GC(74)      Used:     2702M (66%)        2702M (66%)          24M (1%)           10M (0%)         2702M (66%)          10M (0%)     
[146.966s][info][gc,heap     ] GC(74)      Live:         -                 6M (0%)            6M (0%)            6M (0%)             -                  -          
[146.966s][info][gc,heap     ] GC(74) Allocated:         -                 0M (0%)            0M (0%)            0M (0%)             -                  -          
[146.966s][info][gc,heap     ] GC(74)   Garbage:         -              2695M (66%)          17M (0%)            3M (0%)             -                  -          
[146.966s][info][gc,heap     ] GC(74) Reclaimed:         -                  -              2678M (65%)        2692M (66%)            -                  -          
[146.966s][info][gc          ] GC(74) Garbage Collection (System.gc()) 2702M(66%)->10M(0%)
[149.581s][info][gc,start    ] GC(75) Garbage Collection (Proactive)
[149.581s][info][gc,task     ] GC(75) Using 2 workers
[149.581s][info][gc,phases   ] GC(75) Pause Mark Start 0.010ms
[149.628s][info][gc,phases   ] GC(75) Concurrent Mark 46.904ms
[149.628s][info][gc,phases   ] GC(75) Pause Mark End 0.017ms
[149.628s][info][gc,phases   ] GC(75) Concurrent Mark Free 0.002ms
[149.631s][info][gc,phases   ] GC(75) Concurrent Process Non-Strong References 2.929ms
[149.631s][info][gc,phases   ] GC(75) Concurrent Reset Relocation Set 0.001ms
[149.637s][info][gc,phases   ] GC(75) Concurrent Select Relocation Set 5.351ms
[149.637s][info][gc,phases   ] GC(75) Pause Relocate Start 0.011ms
[149.662s][info][gc,phases   ] GC(75) Concurrent Relocate 25.017ms
[149.662s][info][gc,load     ] GC(75) Load: 0.00/0.00/0.00
[149.662s][info][gc,mmu      ] GC(75) MMU: 2ms/98.5%, 5ms/99.3%, 10ms/99.6%, 20ms/99.8%, 50ms/99.9%, 100ms/99.9%
[149.662s][info][gc,marking  ] GC(75) Mark: 2 stripe(s), 2 proactive flush(es), 1 terminate flush(es), 0 completion(s), 0 continuation(s) 
[149.662s][info][gc,marking  ] GC(75) Mark Stack Usage: 32M
[149.662s][info][gc,nmethod  ] GC(75) NMethods: 2991 registered, 0 unregistered
[149.662s][info][gc,metaspace] GC(75) Metaspace: 14M used, 14M committed, 1088M reserved
[149.662s][info][gc,ref      ] GC(75) Soft: 378 encountered, 0 discovered, 0 enqueued
[149.662s][info][gc,ref      ] GC(75) Weak: 937 encountered, 730 discovered, 7 enqueued
[149.662s][info][gc,ref      ] GC(75) Final: 0 encountered, 0 discovered, 0 enqueued
[149.662s][info][gc,ref      ] GC(75) Phantom: 36 encountered, 17 discovered, 0 enqueued
[149.662s][info][gc,reloc    ] GC(75) Small Pages: 722 / 1444M, Empty: 1330M, Relocated: 25M, In-Place: 0
[149.662s][info][gc,reloc    ] GC(75) Medium Pages: 1 / 32M, Empty: 0M, Relocated: 0M, In-Place: 0
[149.662s][info][gc,reloc    ] GC(75) Large Pages: 0 / 0M, Empty: 0M, Relocated: 0M, In-Place: 0
[149.662s][info][gc,reloc    ] GC(75) Forwarding Usage: 15M
[149.662s][info][gc,heap     ] GC(75) Min Capacity: 4096M(100%)
[149.662s][info][gc,heap     ] GC(75) Max Capacity: 4096M(100%)
[149.662s][info][gc,heap     ] GC(75) Soft Max Capacity: 4096M(100%)
[149.662s][info][gc,heap     ] GC(75)                Mark Start          Mark End        Relocate Start      Relocate End           High               Low         
[149.662s][info][gc,heap     ] GC(75)  Capacity:     4096M (100%)       4096M (100%)       4096M (100%)       4096M (100%)       4096M (100%)       4096M (100%)   
[149.662s][info][gc,heap     ] GC(75)      Free:     2620M (64%)        2546M (62%)        3848M (94%)        3824M (93%)        3862M (94%)        2538M (62%)    
[149.663s][info][gc,heap     ] GC(75)      Used:     1476M (36%)        1550M (38%)         248M (6%)          272M (7%)         1558M (38%)         234M (6%)     
[149.663s][info][gc,heap     ] GC(75)      Live:         -                39M (1%)           39M (1%)           39M (1%)             -                  -          
[149.663s][info][gc,heap     ] GC(75) Allocated:         -                74M (2%)          102M (2%)          195M (5%)             -                  -          
[149.663s][info][gc,heap     ] GC(75)   Garbage:         -              1436M (35%)         106M (3%)           36M (1%)             -                  -          
[149.663s][info][gc,heap     ] GC(75) Reclaimed:         -                  -              1330M (32%)        1399M (34%)            -                  -          
[149.663s][info][gc          ] GC(75) Garbage Collection (Proactive) 1476M(36%)->272M(7%)
[149.866s][info][gc,start    ] GC(76) Garbage Collection (System.gc())
[149.866s][info][gc,task     ] GC(76) Using 2 workers
[149.866s][info][gc,phases   ] GC(76) Pause Mark Start 0.006ms
[149.878s][info][gc,phases   ] GC(76) Concurrent Mark 12.170ms
[149.878s][info][gc,phases   ] GC(76) Pause Mark End 0.026ms
[149.878s][info][gc,phases   ] GC(76) Concurrent Mark Free 0.002ms
[149.881s][info][gc,phases   ] GC(76) Concurrent Process Non-Strong References 2.890ms
[149.881s][info][gc,phases   ] GC(76) Concurrent Reset Relocation Set 0.004ms
[149.884s][info][gc,phases   ] GC(76) Concurrent Select Relocation Set 2.858ms
[149.884s][info][gc,phases   ] GC(76) Pause Relocate Start 0.010ms
[149.885s][info][gc,phases   ] GC(76) Concurrent Relocate 1.015ms
[149.885s][info][gc,load     ] GC(76) Load: 0.00/0.00/0.00
[149.885s][info][gc,mmu      ] GC(76) MMU: 2ms/98.5%, 5ms/99.3%, 10ms/99.6%, 20ms/99.8%, 50ms/99.9%, 100ms/99.9%
[149.885s][info][gc,marking  ] GC(76) Mark: 2 stripe(s), 1 proactive flush(es), 1 terminate flush(es), 0 completion(s), 0 continuation(s) 
[149.885s][info][gc,marking  ] GC(76) Mark Stack Usage: 32M
[149.885s][info][gc,nmethod  ] GC(76) NMethods: 2991 registered, 0 unregistered
[149.885s][info][gc,metaspace] GC(76) Metaspace: 14M used, 14M committed, 1088M reserved
[149.885s][info][gc,ref      ] GC(76) Soft: 378 encountered, 0 discovered, 0 enqueued
[149.885s][info][gc,ref      ] GC(76) Weak: 933 encountered, 676 discovered, 2 enqueued
[149.885s][info][gc,ref      ] GC(76) Final: 0 encountered, 0 discovered, 0 enqueued
[149.885s][info][gc,ref      ] GC(76) Phantom: 36 encountered, 16 discovered, 0 enqueued
[149.885s][info][gc,reloc    ] GC(76) Small Pages: 635 / 1270M, Empty: 1250M, Relocated: 1M, In-Place: 0
[149.886s][info][gc,reloc    ] GC(76) Medium Pages: 1 / 32M, Empty: 32M, Relocated: 0M, In-Place: 0
[149.886s][info][gc,reloc    ] GC(76) Large Pages: 0 / 0M, Empty: 0M, Relocated: 0M, In-Place: 0
[149.886s][info][gc,reloc    ] GC(76) Forwarding Usage: 0M
[149.886s][info][gc,heap     ] GC(76) Min Capacity: 4096M(100%)
[149.886s][info][gc,heap     ] GC(76) Max Capacity: 4096M(100%)
[149.886s][info][gc,heap     ] GC(76) Soft Max Capacity: 4096M(100%)
[149.886s][info][gc,heap     ] GC(76)                Mark Start          Mark End        Relocate Start      Relocate End           High               Low         
[149.886s][info][gc,heap     ] GC(76)  Capacity:     4096M (100%)       4096M (100%)       4096M (100%)       4096M (100%)       4096M (100%)       4096M (100%)   
[149.886s][info][gc,heap     ] GC(76)      Free:     2794M (68%)        2794M (68%)        4076M (100%)       4086M (100%)       4086M (100%)       2794M (68%)    
[149.886s][info][gc,heap     ] GC(76)      Used:     1302M (32%)        1302M (32%)          20M (0%)           10M (0%)         1302M (32%)          10M (0%)     
[149.886s][info][gc,heap     ] GC(76)      Live:         -                 6M (0%)            6M (0%)            6M (0%)             -                  -          
[149.886s][info][gc,heap     ] GC(76) Allocated:         -                 0M (0%)            0M (0%)            0M (0%)             -                  -          
[149.886s][info][gc,heap     ] GC(76)   Garbage:         -              1295M (32%)          13M (0%)            3M (0%)             -                  -          
[149.886s][info][gc,heap     ] GC(76) Reclaimed:         -                  -              1282M (31%)        1292M (32%)            -                  -          
[149.886s][info][gc          ] GC(76) Garbage Collection (System.gc()) 1302M(32%)->10M(0%)
[150.177s][info][gc,stats    ] === Garbage Collection Statistics =======================================================================================================================
[150.177s][info][gc,stats    ]                                                              Last 10s              Last 10m              Last 10h                Total
[150.177s][info][gc,stats    ]                                                              Avg / Max             Avg / Max             Avg / Max             Avg / Max
[150.177s][info][gc,stats    ]   Collector: Garbage Collection Cycle                     39.626 / 81.625       35.490 / 113.591      35.490 / 113.591      35.490 / 113.591     ms
[150.177s][info][gc,stats    ]  Contention: Mark Segment Reset Contention                     0 / 1                 0 / 3                 0 / 3                 0 / 3           ops/s
[150.177s][info][gc,stats    ]  Contention: Mark SeqNum Reset Contention                      0 / 1                 0 / 1                 0 / 1                 0 / 1           ops/s
[150.177s][info][gc,stats    ]    Critical: Allocation Stall                                  0 / 0                 0 / 0                 0 / 0                 0 / 0           ops/s
[150.177s][info][gc,stats    ]    Critical: Allocation Stall                              0.000 / 0.000         0.000 / 0.000         0.000 / 0.000         0.000 / 0.000       ms
[150.177s][info][gc,stats    ]    Critical: GC Locker Stall                                   0 / 0                 0 / 0                 0 / 0                 0 / 0           ops/s
[150.177s][info][gc,stats    ]    Critical: GC Locker Stall                               0.000 / 0.000         0.000 / 0.000         0.000 / 0.000         0.000 / 0.000       ms
[150.177s][info][gc,stats    ]    Critical: Relocation Stall                                  0 / 0                 0 / 0                 0 / 0                 0 / 0           ops/s
[150.177s][info][gc,stats    ]    Critical: Relocation Stall                              0.000 / 0.000         0.000 / 0.000         0.000 / 0.000         0.000 / 0.000       ms
[150.177s][info][gc,stats    ]      Memory: Allocation Rate                                 943 / 1360           1006 / 1380           1006 / 1380           1006 / 1380        MB/s
[150.177s][info][gc,stats    ]      Memory: Out Of Memory                                     0 / 0                 0 / 0                 0 / 0                 0 / 0           ops/s
[150.177s][info][gc,stats    ]      Memory: Page Cache Flush                                  0 / 0                 0 / 0                 0 / 0                 0 / 0           MB/s
[150.177s][info][gc,stats    ]      Memory: Page Cache Hit L1                               469 / 675             491 / 689             491 / 689             491 / 689         ops/s
[150.177s][info][gc,stats    ]      Memory: Page Cache Hit L2                                 0 / 0                 0 / 0                 0 / 0                 0 / 0           ops/s
[150.177s][info][gc,stats    ]      Memory: Page Cache Hit L3                                 0 / 0                 8 / 392               8 / 392               8 / 392         ops/s
[150.177s][info][gc,stats    ]      Memory: Page Cache Miss                                   0 / 0                 0 / 1                 0 / 1                 0 / 1           ops/s
[150.177s][info][gc,stats    ]      Memory: Uncommit                                          0 / 0                 0 / 0                 0 / 0                 0 / 0           MB/s
[150.177s][info][gc,stats    ]      Memory: Undo Object Allocation Failed                     0 / 0                 0 / 0                 0 / 0                 0 / 0           ops/s
[150.177s][info][gc,stats    ]      Memory: Undo Object Allocation Succeeded                  0 / 0                 0 / 140               0 / 140               0 / 140         ops/s
[150.177s][info][gc,stats    ]      Memory: Undo Page Allocation                              0 / 0                 0 / 0                 0 / 0                 0 / 0           ops/s
[150.177s][info][gc,stats    ]       Phase: Concurrent Mark                              23.516 / 46.904       23.216 / 78.232       23.216 / 78.232       23.216 / 78.232      ms
[150.177s][info][gc,stats    ]       Phase: Concurrent Mark Continue                      0.000 / 0.000         0.000 / 0.000         0.000 / 0.000         0.000 / 0.000       ms
[150.177s][info][gc,stats    ]       Phase: Concurrent Mark Free                          0.002 / 0.002         0.002 / 0.003         0.002 / 0.003         0.002 / 0.003       ms
[150.177s][info][gc,stats    ]       Phase: Concurrent Process Non-Strong References      3.100 / 3.546         2.920 / 4.501         2.920 / 4.501         2.920 / 4.501       ms
[150.177s][info][gc,stats    ]       Phase: Concurrent Relocate                           8.863 / 25.017        5.660 / 26.680        5.660 / 26.680        5.660 / 26.680      ms
[150.177s][info][gc,stats    ]       Phase: Concurrent Reset Relocation Set               0.003 / 0.006         0.003 / 0.008         0.003 / 0.008         0.003 / 0.008       ms
[150.177s][info][gc,stats    ]       Phase: Concurrent Select Relocation Set              3.159 / 5.351         2.769 / 7.858         2.769 / 7.858         2.769 / 7.858       ms
[150.177s][info][gc,stats    ]       Phase: Pause Mark End                                0.019 / 0.026         0.017 / 0.031         0.017 / 0.031         0.017 / 0.031       ms
[150.177s][info][gc,stats    ]       Phase: Pause Mark Start                              0.007 / 0.011         0.008 / 0.027         0.008 / 0.027         0.008 / 0.027       ms
[150.177s][info][gc,stats    ]       Phase: Pause Relocate Start                          0.010 / 0.016         0.010 / 0.021         0.010 / 0.021         0.010 / 0.021       ms
[150.177s][info][gc,stats    ]    Subphase: Concurrent Classes Purge                      0.141 / 0.156         0.131 / 0.193         0.131 / 0.193         0.131 / 0.193       ms
[150.177s][info][gc,stats    ]    Subphase: Concurrent Classes Unlink                     2.375 / 2.785         2.204 / 3.744         2.204 / 3.744         2.204 / 3.744       ms
[150.177s][info][gc,stats    ]    Subphase: Concurrent Mark                              18.655 / 46.035       17.977 / 77.416       17.977 / 77.416       17.977 / 77.416      ms
[150.177s][info][gc,stats    ]    Subphase: Concurrent Mark Try Flush                     0.102 / 0.282         0.087 / 0.514         0.087 / 0.514         0.087 / 0.514       ms
[150.177s][info][gc,stats    ]    Subphase: Concurrent Mark Try Terminate                 3.597 / 16.493        3.604 / 17.130        3.604 / 17.130        3.604 / 17.130      ms
[150.177s][info][gc,stats    ]    Subphase: Concurrent References Enqueue                 0.006 / 0.007         0.006 / 0.008         0.006 / 0.008         0.006 / 0.008       ms
[150.177s][info][gc,stats    ]    Subphase: Concurrent References Process                 0.137 / 0.197         0.161 / 0.251         0.161 / 0.251         0.161 / 0.251       ms
[150.178s][info][gc,stats    ]    Subphase: Concurrent Roots ClassLoaderDataGraph         0.071 / 0.188         0.051 / 0.243         0.051 / 0.243         0.051 / 0.243       ms
[150.178s][info][gc,stats    ]    Subphase: Concurrent Roots CodeCache                    0.000 / 0.000         0.000 / 0.000         0.000 / 0.000         0.000 / 0.000       ms
[150.178s][info][gc,stats    ]    Subphase: Concurrent Roots JavaThreads                  0.236 / 0.521         0.259 / 0.698         0.259 / 0.698         0.259 / 0.698       ms
[150.178s][info][gc,stats    ]    Subphase: Concurrent Roots OopStorageSet                0.016 / 0.027         0.014 / 0.052         0.014 / 0.052         0.014 / 0.052       ms
[150.178s][info][gc,stats    ]    Subphase: Concurrent Weak Roots OopStorageSet           0.224 / 0.396         0.208 / 0.396         0.208 / 0.396         0.208 / 0.396       ms
[150.178s][info][gc,stats    ]    Subphase: Pause Mark Try Complete                       0.000 / 0.000         0.000 / 0.000         0.000 / 0.000         0.000 / 0.000       ms
[150.178s][info][gc,stats    ]      System: Java Threads                                     12 / 12               12 / 13               12 / 13               12 / 13          threads
[150.178s][info][gc,stats    ] =========================================================================================================================================================
[152.768s][info][gc,start    ] GC(77) Garbage Collection (System.gc())
[152.768s][info][gc,task     ] GC(77) Using 2 workers
[152.768s][info][gc,phases   ] GC(77) Pause Mark Start 0.010ms
[152.784s][info][gc,phases   ] GC(77) Concurrent Mark 15.730ms
[152.784s][info][gc,phases   ] GC(77) Pause Mark End 0.014ms
[152.784s][info][gc,phases   ] GC(77) Concurrent Mark Free 0.002ms
[152.787s][info][gc,phases   ] GC(77) Concurrent Process Non-Strong References 3.223ms
[152.787s][info][gc,phases   ] GC(77) Concurrent Reset Relocation Set 0.002ms
[152.789s][info][gc,phases   ] GC(77) Concurrent Select Relocation Set 1.883ms
[152.789s][info][gc,phases   ] GC(77) Pause Relocate Start 0.010ms
[152.790s][info][gc,phases   ] GC(77) Concurrent Relocate 0.735ms
[152.790s][info][gc,load     ] GC(77) Load: 0.00/0.00/0.00
[152.790s][info][gc,mmu      ] GC(77) MMU: 2ms/98.5%, 5ms/99.3%, 10ms/99.6%, 20ms/99.8%, 50ms/99.9%, 100ms/99.9%
[152.790s][info][gc,marking  ] GC(77) Mark: 2 stripe(s), 2 proactive flush(es), 1 terminate flush(es), 0 completion(s), 0 continuation(s) 
[152.790s][info][gc,marking  ] GC(77) Mark Stack Usage: 32M
[152.790s][info][gc,nmethod  ] GC(77) NMethods: 2991 registered, 0 unregistered
[152.790s][info][gc,metaspace] GC(77) Metaspace: 14M used, 14M committed, 1088M reserved
[152.790s][info][gc,ref      ] GC(77) Soft: 378 encountered, 0 discovered, 0 enqueued
[152.790s][info][gc,ref      ] GC(77) Weak: 939 encountered, 690 discovered, 8 enqueued
[152.790s][info][gc,ref      ] GC(77) Final: 0 encountered, 0 discovered, 0 enqueued
[152.790s][info][gc,ref      ] GC(77) Phantom: 36 encountered, 16 discovered, 0 enqueued
[152.790s][info][gc,reloc    ] GC(77) Small Pages: 1335 / 2670M, Empty: 2648M, Relocated: 1M, In-Place: 0
[152.790s][info][gc,reloc    ] GC(77) Medium Pages: 1 / 32M, Empty: 32M, Relocated: 0M, In-Place: 0
[152.790s][info][gc,reloc    ] GC(77) Large Pages: 0 / 0M, Empty: 0M, Relocated: 0M, In-Place: 0
[152.790s][info][gc,reloc    ] GC(77) Forwarding Usage: 0M
[152.790s][info][gc,heap     ] GC(77) Min Capacity: 4096M(100%)
[152.790s][info][gc,heap     ] GC(77) Max Capacity: 4096M(100%)
[152.790s][info][gc,heap     ] GC(77) Soft Max Capacity: 4096M(100%)
[152.790s][info][gc,heap     ] GC(77)                Mark Start          Mark End        Relocate Start      Relocate End           High               Low         
[152.790s][info][gc,heap     ] GC(77)  Capacity:     4096M (100%)       4096M (100%)       4096M (100%)       4096M (100%)       4096M (100%)       4096M (100%)   
[152.790s][info][gc,heap     ] GC(77)      Free:     1394M (34%)        1394M (34%)        4074M (99%)        4086M (100%)       4086M (100%)       1394M (34%)    
[152.790s][info][gc,heap     ] GC(77)      Used:     2702M (66%)        2702M (66%)          22M (1%)           10M (0%)         2702M (66%)          10M (0%)     
[152.790s][info][gc,heap     ] GC(77)      Live:         -                 6M (0%)            6M (0%)            6M (0%)             -                  -          
[152.790s][info][gc,heap     ] GC(77) Allocated:         -                 0M (0%)            0M (0%)            0M (0%)             -                  -          
[152.790s][info][gc,heap     ] GC(77)   Garbage:         -              2695M (66%)          15M (0%)            3M (0%)             -                  -          
[152.790s][info][gc,heap     ] GC(77) Reclaimed:         -                  -              2680M (65%)        2692M (66%)            -                  -          
[152.790s][info][gc          ] GC(77) Garbage Collection (System.gc()) 2702M(66%)->10M(0%)
[155.667s][info][gc,start    ] GC(78) Garbage Collection (System.gc())
[155.668s][info][gc,task     ] GC(78) Using 2 workers
[155.668s][info][gc,phases   ] GC(78) Pause Mark Start 0.008ms
[155.688s][info][gc,phases   ] GC(78) Concurrent Mark 20.145ms
[155.688s][info][gc,phases   ] GC(78) Pause Mark End 0.016ms
[155.688s][info][gc,phases   ] GC(78) Concurrent Mark Free 0.002ms
[155.693s][info][gc,phases   ] GC(78) Concurrent Process Non-Strong References 4.781ms
[155.693s][info][gc,phases   ] GC(78) Concurrent Reset Relocation Set 0.001ms
[155.694s][info][gc,phases   ] GC(78) Concurrent Select Relocation Set 1.490ms
[155.694s][info][gc,phases   ] GC(78) Pause Relocate Start 0.007ms
[155.695s][info][gc,phases   ] GC(78) Concurrent Relocate 0.481ms
[155.695s][info][gc,load     ] GC(78) Load: 0.00/0.00/0.00
[155.695s][info][gc,mmu      ] GC(78) MMU: 2ms/98.5%, 5ms/99.3%, 10ms/99.6%, 20ms/99.8%, 50ms/99.9%, 100ms/99.9%
[155.695s][info][gc,marking  ] GC(78) Mark: 2 stripe(s), 1 proactive flush(es), 1 terminate flush(es), 0 completion(s), 0 continuation(s) 
[155.695s][info][gc,marking  ] GC(78) Mark Stack Usage: 32M
[155.695s][info][gc,nmethod  ] GC(78) NMethods: 2994 registered, 0 unregistered
[155.695s][info][gc,metaspace] GC(78) Metaspace: 14M used, 14M committed, 1088M reserved
[155.695s][info][gc,ref      ] GC(78) Soft: 378 encountered, 0 discovered, 0 enqueued
[155.695s][info][gc,ref      ] GC(78) Weak: 940 encountered, 691 discovered, 9 enqueued
[155.695s][info][gc,ref      ] GC(78) Final: 0 encountered, 0 discovered, 0 enqueued
[155.695s][info][gc,ref      ] GC(78) Phantom: 36 encountered, 24 discovered, 0 enqueued
[155.695s][info][gc,reloc    ] GC(78) Small Pages: 1335 / 2670M, Empty: 2646M, Relocated: 1M, In-Place: 0
[155.695s][info][gc,reloc    ] GC(78) Medium Pages: 1 / 32M, Empty: 32M, Relocated: 0M, In-Place: 0
[155.695s][info][gc,reloc    ] GC(78) Large Pages: 0 / 0M, Empty: 0M, Relocated: 0M, In-Place: 0
[155.695s][info][gc,reloc    ] GC(78) Forwarding Usage: 0M
[155.695s][info][gc,heap     ] GC(78) Min Capacity: 4096M(100%)
[155.695s][info][gc,heap     ] GC(78) Max Capacity: 4096M(100%)
[155.695s][info][gc,heap     ] GC(78) Soft Max Capacity: 4096M(100%)
[155.695s][info][gc,heap     ] GC(78)                Mark Start          Mark End        Relocate Start      Relocate End           High               Low         
[155.695s][info][gc,heap     ] GC(78)  Capacity:     4096M (100%)       4096M (100%)       4096M (100%)       4096M (100%)       4096M (100%)       4096M (100%)   
[155.695s][info][gc,heap     ] GC(78)      Free:     1394M (34%)        1394M (34%)        4072M (99%)        4086M (100%)       4086M (100%)       1394M (34%)    
[155.695s][info][gc,heap     ] GC(78)      Used:     2702M (66%)        2702M (66%)          24M (1%)           10M (0%)         2702M (66%)          10M (0%)     
[155.695s][info][gc,heap     ] GC(78)      Live:         -                 6M (0%)            6M (0%)            6M (0%)             -                  -          
[155.695s][info][gc,heap     ] GC(78) Allocated:         -                 0M (0%)            0M (0%)            0M (0%)             -                  -          
[155.695s][info][gc,heap     ] GC(78)   Garbage:         -              2695M (66%)          17M (0%)            3M (0%)             -                  -          
[155.695s][info][gc,heap     ] GC(78) Reclaimed:         -                  -              2678M (65%)        2692M (66%)            -                  -          
[155.695s][info][gc          ] GC(78) Garbage Collection (System.gc()) 2702M(66%)->10M(0%)
[158.372s][info][gc,start    ] GC(79) Garbage Collection (Proactive)
[158.372s][info][gc,task     ] GC(79) Using 2 workers
[158.373s][info][gc,phases   ] GC(79) Pause Mark Start 0.013ms
[158.420s][info][gc,phases   ] GC(79) Concurrent Mark 47.135ms
[158.420s][info][gc,phases   ] GC(79) Pause Mark End 0.023ms
[158.420s][info][gc,phases   ] GC(79) Concurrent Mark Free 0.002ms
[158.424s][info][gc,phases   ] GC(79) Concurrent Process Non-Strong References 3.299ms
[158.424s][info][gc,phases   ] GC(79) Concurrent Reset Relocation Set 0.001ms
[158.429s][info][gc,phases   ] GC(79) Concurrent Select Relocation Set 5.160ms
[158.429s][info][gc,phases   ] GC(79) Pause Relocate Start 0.011ms
[158.457s][info][gc,phases   ] GC(79) Concurrent Relocate 27.510ms
[158.457s][info][gc,load     ] GC(79) Load: 0.00/0.00/0.00
[158.457s][info][gc,mmu      ] GC(79) MMU: 2ms/98.5%, 5ms/99.3%, 10ms/99.6%, 20ms/99.8%, 50ms/99.9%, 100ms/99.9%
[158.457s][info][gc,marking  ] GC(79) Mark: 2 stripe(s), 2 proactive flush(es), 1 terminate flush(es), 0 completion(s), 0 continuation(s) 
[158.457s][info][gc,marking  ] GC(79) Mark Stack Usage: 32M
[158.457s][info][gc,nmethod  ] GC(79) NMethods: 2994 registered, 0 unregistered
[158.457s][info][gc,metaspace] GC(79) Metaspace: 14M used, 14M committed, 1088M reserved
[158.457s][info][gc,ref      ] GC(79) Soft: 378 encountered, 0 discovered, 0 enqueued
[158.457s][info][gc,ref      ] GC(79) Weak: 936 encountered, 233 discovered, 6 enqueued
[158.457s][info][gc,ref      ] GC(79) Final: 0 encountered, 0 discovered, 0 enqueued
[158.457s][info][gc,ref      ] GC(79) Phantom: 36 encountered, 13 discovered, 0 enqueued
[158.457s][info][gc,reloc    ] GC(79) Small Pages: 833 / 1666M, Empty: 1550M, Relocated: 25M, In-Place: 0
[158.457s][info][gc,reloc    ] GC(79) Medium Pages: 1 / 32M, Empty: 0M, Relocated: 0M, In-Place: 0
[158.457s][info][gc,reloc    ] GC(79) Large Pages: 0 / 0M, Empty: 0M, Relocated: 0M, In-Place: 0
[158.457s][info][gc,reloc    ] GC(79) Forwarding Usage: 15M
[158.457s][info][gc,heap     ] GC(79) Min Capacity: 4096M(100%)
[158.457s][info][gc,heap     ] GC(79) Max Capacity: 4096M(100%)
[158.457s][info][gc,heap     ] GC(79) Soft Max Capacity: 4096M(100%)
[158.457s][info][gc,heap     ] GC(79)                Mark Start          Mark End        Relocate Start      Relocate End           High               Low         
[158.457s][info][gc,heap     ] GC(79)  Capacity:     4096M (100%)       4096M (100%)       4096M (100%)       4096M (100%)       4096M (100%)       4096M (100%)   
[158.457s][info][gc,heap     ] GC(79)      Free:     2398M (59%)        2286M (56%)        3802M (93%)        3740M (91%)        3818M (93%)        2270M (55%)    
[158.457s][info][gc,heap     ] GC(79)      Used:     1698M (41%)        1810M (44%)         294M (7%)          356M (9%)         1826M (45%)         278M (7%)     
[158.457s][info][gc,heap     ] GC(79)      Live:         -                39M (1%)           39M (1%)           39M (1%)             -                  -          
[158.457s][info][gc,heap     ] GC(79) Allocated:         -               112M (3%)          146M (4%)          279M (7%)             -                  -          
[158.457s][info][gc,heap     ] GC(79)   Garbage:         -              1658M (40%)         108M (3%)           36M (1%)             -                  -          
[158.457s][info][gc,heap     ] GC(79) Reclaimed:         -                  -              1550M (38%)        1621M (40%)            -                  -          
[158.457s][info][gc          ] GC(79) Garbage Collection (Proactive) 1698M(41%)->356M(9%)
[158.607s][info][gc,start    ] GC(80) Garbage Collection (System.gc())
[158.607s][info][gc,task     ] GC(80) Using 2 workers
[158.607s][info][gc,phases   ] GC(80) Pause Mark Start 0.006ms
[158.624s][info][gc,phases   ] GC(80) Concurrent Mark 16.858ms
[158.624s][info][gc,phases   ] GC(80) Pause Mark End 0.009ms
[158.624s][info][gc,phases   ] GC(80) Concurrent Mark Free 0.001ms
[158.627s][info][gc,phases   ] GC(80) Concurrent Process Non-Strong References 2.805ms
[158.627s][info][gc,phases   ] GC(80) Concurrent Reset Relocation Set 0.006ms
[158.630s][info][gc,phases   ] GC(80) Concurrent Select Relocation Set 2.650ms
[158.630s][info][gc,phases   ] GC(80) Pause Relocate Start 0.016ms
[158.631s][info][gc,phases   ] GC(80) Concurrent Relocate 1.131ms
[158.631s][info][gc,load     ] GC(80) Load: 0.00/0.00/0.00
[158.631s][info][gc,mmu      ] GC(80) MMU: 2ms/98.5%, 5ms/99.3%, 10ms/99.6%, 20ms/99.8%, 50ms/99.9%, 100ms/99.9%
[158.631s][info][gc,marking  ] GC(80) Mark: 2 stripe(s), 1 proactive flush(es), 1 terminate flush(es), 0 completion(s), 0 continuation(s) 
[158.631s][info][gc,marking  ] GC(80) Mark Stack Usage: 32M
[158.631s][info][gc,nmethod  ] GC(80) NMethods: 2994 registered, 0 unregistered
[158.631s][info][gc,metaspace] GC(80) Metaspace: 14M used, 14M committed, 1088M reserved
[158.631s][info][gc,ref      ] GC(80) Soft: 378 encountered, 0 discovered, 0 enqueued
[158.631s][info][gc,ref      ] GC(80) Weak: 933 encountered, 635 discovered, 2 enqueued
[158.631s][info][gc,ref      ] GC(80) Final: 0 encountered, 0 discovered, 0 enqueued
[158.631s][info][gc,ref      ] GC(80) Phantom: 36 encountered, 16 discovered, 0 enqueued
[158.631s][info][gc,reloc    ] GC(80) Small Pages: 525 / 1050M, Empty: 1030M, Relocated: 1M, In-Place: 0
[158.631s][info][gc,reloc    ] GC(80) Medium Pages: 1 / 32M, Empty: 32M, Relocated: 0M, In-Place: 0
[158.631s][info][gc,reloc    ] GC(80) Large Pages: 0 / 0M, Empty: 0M, Relocated: 0M, In-Place: 0
[158.631s][info][gc,reloc    ] GC(80) Forwarding Usage: 0M
[158.631s][info][gc,heap     ] GC(80) Min Capacity: 4096M(100%)
[158.631s][info][gc,heap     ] GC(80) Max Capacity: 4096M(100%)
[158.631s][info][gc,heap     ] GC(80) Soft Max Capacity: 4096M(100%)
[158.631s][info][gc,heap     ] GC(80)                Mark Start          Mark End        Relocate Start      Relocate End           High               Low         
[158.631s][info][gc,heap     ] GC(80)  Capacity:     4096M (100%)       4096M (100%)       4096M (100%)       4096M (100%)       4096M (100%)       4096M (100%)   
[158.631s][info][gc,heap     ] GC(80)      Free:     3014M (74%)        3014M (74%)        4076M (100%)       4086M (100%)       4086M (100%)       3014M (74%)    
[158.631s][info][gc,heap     ] GC(80)      Used:     1082M (26%)        1082M (26%)          20M (0%)           10M (0%)         1082M (26%)          10M (0%)     
[158.631s][info][gc,heap     ] GC(80)      Live:         -                 6M (0%)            6M (0%)            6M (0%)             -                  -          
[158.631s][info][gc,heap     ] GC(80) Allocated:         -                 0M (0%)            0M (0%)            0M (0%)             -                  -          
[158.631s][info][gc,heap     ] GC(80)   Garbage:         -              1075M (26%)          13M (0%)            3M (0%)             -                  -          
[158.631s][info][gc,heap     ] GC(80) Reclaimed:         -                  -              1062M (26%)        1072M (26%)            -                  -          
[158.631s][info][gc          ] GC(80) Garbage Collection (System.gc()) 1082M(26%)->10M(0%)
[160.180s][info][gc,stats    ] === Garbage Collection Statistics =======================================================================================================================
[160.180s][info][gc,stats    ]                                                              Last 10s              Last 10m              Last 10h                Total
[160.180s][info][gc,stats    ]                                                              Avg / Max             Avg / Max             Avg / Max             Avg / Max
[160.180s][info][gc,stats    ]   Collector: Garbage Collection Cycle                     39.602 / 84.353       35.693 / 113.591      35.693 / 113.591      35.693 / 113.591     ms
[160.180s][info][gc,stats    ]  Contention: Mark Segment Reset Contention                     0 / 2                 0 / 3                 0 / 3                 0 / 3           ops/s
[160.180s][info][gc,stats    ]  Contention: Mark SeqNum Reset Contention                      0 / 0                 0 / 1                 0 / 1                 0 / 1           ops/s
[160.180s][info][gc,stats    ]    Critical: Allocation Stall                                  0 / 0                 0 / 0                 0 / 0                 0 / 0           ops/s
[160.180s][info][gc,stats    ]    Critical: Allocation Stall                              0.000 / 0.000         0.000 / 0.000         0.000 / 0.000         0.000 / 0.000       ms
[160.180s][info][gc,stats    ]    Critical: GC Locker Stall                                   0 / 0                 0 / 0                 0 / 0                 0 / 0           ops/s
[160.180s][info][gc,stats    ]    Critical: GC Locker Stall                               0.000 / 0.000         0.000 / 0.000         0.000 / 0.000         0.000 / 0.000       ms
[160.180s][info][gc,stats    ]    Critical: Relocation Stall                                  0 / 0                 0 / 0                 0 / 0                 0 / 0           ops/s
[160.180s][info][gc,stats    ]    Critical: Relocation Stall                              0.000 / 0.000         0.000 / 0.000         0.000 / 0.000         0.000 / 0.000       ms
[160.180s][info][gc,stats    ]      Memory: Allocation Rate                                 941 / 1368           1002 / 1380           1002 / 1380           1002 / 1380        MB/s
[160.180s][info][gc,stats    ]      Memory: Out Of Memory                                     0 / 0                 0 / 0                 0 / 0                 0 / 0           ops/s
[160.180s][info][gc,stats    ]      Memory: Page Cache Flush                                  0 / 0                 0 / 0                 0 / 0                 0 / 0           MB/s
[160.181s][info][gc,stats    ]      Memory: Page Cache Hit L1                               468 / 685             489 / 689             489 / 689             489 / 689         ops/s
[160.181s][info][gc,stats    ]      Memory: Page Cache Hit L2                                 0 / 0                 0 / 0                 0 / 0                 0 / 0           ops/s
[160.181s][info][gc,stats    ]      Memory: Page Cache Hit L3                                 0 / 0                 8 / 392               8 / 392               8 / 392         ops/s
[160.181s][info][gc,stats    ]      Memory: Page Cache Miss                                   0 / 0                 0 / 1                 0 / 1                 0 / 1           ops/s
[160.181s][info][gc,stats    ]      Memory: Uncommit                                          0 / 0                 0 / 0                 0 / 0                 0 / 0           MB/s
[160.181s][info][gc,stats    ]      Memory: Undo Object Allocation Failed                     0 / 0                 0 / 0                 0 / 0                 0 / 0           ops/s
[160.181s][info][gc,stats    ]      Memory: Undo Object Allocation Succeeded                  0 / 0                 0 / 140               0 / 140               0 / 140         ops/s
[160.181s][info][gc,stats    ]      Memory: Undo Page Allocation                              0 / 0                 0 / 0                 0 / 0                 0 / 0           ops/s
[160.181s][info][gc,stats    ]       Phase: Concurrent Mark                              24.967 / 47.135       23.302 / 78.232       23.302 / 78.232       23.302 / 78.232      ms
[160.181s][info][gc,stats    ]       Phase: Concurrent Mark Continue                      0.000 / 0.000         0.000 / 0.000         0.000 / 0.000         0.000 / 0.000       ms
[160.181s][info][gc,stats    ]       Phase: Concurrent Mark Free                          0.002 / 0.002         0.002 / 0.003         0.002 / 0.003         0.002 / 0.003       ms
[160.181s][info][gc,stats    ]       Phase: Concurrent Process Non-Strong References      3.527 / 4.781         2.950 / 4.781         2.950 / 4.781         2.950 / 4.781       ms
[160.181s][info][gc,stats    ]       Phase: Concurrent Relocate                           7.464 / 27.510        5.750 / 27.510        5.750 / 27.510        5.750 / 27.510      ms
[160.181s][info][gc,stats    ]       Phase: Concurrent Reset Relocation Set               0.002 / 0.006         0.002 / 0.008         0.002 / 0.008         0.002 / 0.008       ms
[160.181s][info][gc,stats    ]       Phase: Concurrent Select Relocation Set              2.796 / 5.160         2.770 / 7.858         2.770 / 7.858         2.770 / 7.858       ms
[160.181s][info][gc,stats    ]       Phase: Pause Mark End                                0.016 / 0.023         0.017 / 0.031         0.017 / 0.031         0.017 / 0.031       ms
[160.181s][info][gc,stats    ]       Phase: Pause Mark Start                              0.009 / 0.013         0.008 / 0.027         0.008 / 0.027         0.008 / 0.027       ms
[160.181s][info][gc,stats    ]       Phase: Pause Relocate Start                          0.011 / 0.016         0.010 / 0.021         0.010 / 0.021         0.010 / 0.021       ms
[160.181s][info][gc,stats    ]    Subphase: Concurrent Classes Purge                      0.165 / 0.219         0.133 / 0.219         0.133 / 0.219         0.133 / 0.219       ms
[160.181s][info][gc,stats    ]    Subphase: Concurrent Classes Unlink                     2.746 / 3.817         2.230 / 3.817         2.230 / 3.817         2.230 / 3.817       ms
[160.181s][info][gc,stats    ]    Subphase: Concurrent Mark                              18.669 / 46.653       18.012 / 77.416       18.012 / 77.416       18.012 / 77.416      ms
[160.181s][info][gc,stats    ]    Subphase: Concurrent Mark Try Flush                     0.089 / 0.343         0.087 / 0.514         0.087 / 0.514         0.087 / 0.514       ms
[160.181s][info][gc,stats    ]    Subphase: Concurrent Mark Try Terminate                 4.596 / 16.151        3.655 / 17.130        3.655 / 17.130        3.655 / 17.130      ms
[160.181s][info][gc,stats    ]    Subphase: Concurrent References Enqueue                 0.006 / 0.007         0.006 / 0.008         0.006 / 0.008         0.006 / 0.008       ms
[160.181s][info][gc,stats    ]    Subphase: Concurrent References Process                 0.184 / 0.234         0.162 / 0.251         0.162 / 0.251         0.162 / 0.251       ms
[160.181s][info][gc,stats    ]    Subphase: Concurrent Roots ClassLoaderDataGraph         0.060 / 0.177         0.052 / 0.243         0.052 / 0.243         0.052 / 0.243       ms
[160.181s][info][gc,stats    ]    Subphase: Concurrent Roots CodeCache                    0.000 / 0.000         0.000 / 0.000         0.000 / 0.000         0.000 / 0.000       ms
[160.181s][info][gc,stats    ]    Subphase: Concurrent Roots JavaThreads                  0.206 / 0.394         0.256 / 0.698         0.256 / 0.698         0.256 / 0.698       ms
[160.181s][info][gc,stats    ]    Subphase: Concurrent Roots OopStorageSet                0.012 / 0.022         0.014 / 0.052         0.014 / 0.052         0.014 / 0.052       ms
[160.181s][info][gc,stats    ]    Subphase: Concurrent Weak Roots OopStorageSet           0.218 / 0.287         0.209 / 0.396         0.209 / 0.396         0.209 / 0.396       ms
[160.181s][info][gc,stats    ]    Subphase: Pause Mark Try Complete                       0.000 / 0.000         0.000 / 0.000         0.000 / 0.000         0.000 / 0.000       ms
[160.181s][info][gc,stats    ]      System: Java Threads                                     12 / 12               12 / 13               12 / 13               12 / 13          threads
[160.181s][info][gc,stats    ] =========================================================================================================================================================
[161.522s][info][gc,start    ] GC(81) Garbage Collection (System.gc())
[161.522s][info][gc,task     ] GC(81) Using 2 workers
[161.522s][info][gc,phases   ] GC(81) Pause Mark Start 0.007ms
[161.532s][info][gc,phases   ] GC(81) Concurrent Mark 9.710ms
[161.532s][info][gc,phases   ] GC(81) Pause Mark End 0.025ms
[161.532s][info][gc,phases   ] GC(81) Concurrent Mark Free 0.002ms
[161.535s][info][gc,phases   ] GC(81) Concurrent Process Non-Strong References 2.720ms
[161.535s][info][gc,phases   ] GC(81) Concurrent Reset Relocation Set 0.001ms
[161.537s][info][gc,phases   ] GC(81) Concurrent Select Relocation Set 2.481ms
[161.537s][info][gc,phases   ] GC(81) Pause Relocate Start 0.010ms
[161.538s][info][gc,phases   ] GC(81) Concurrent Relocate 0.667ms
[161.538s][info][gc,load     ] GC(81) Load: 0.00/0.00/0.00
[161.538s][info][gc,mmu      ] GC(81) MMU: 2ms/98.5%, 5ms/99.3%, 10ms/99.6%, 20ms/99.8%, 50ms/99.9%, 100ms/99.9%
[161.538s][info][gc,marking  ] GC(81) Mark: 2 stripe(s), 1 proactive flush(es), 1 terminate flush(es), 0 completion(s), 0 continuation(s) 
[161.538s][info][gc,marking  ] GC(81) Mark Stack Usage: 32M
[161.538s][info][gc,nmethod  ] GC(81) NMethods: 2996 registered, 0 unregistered
[161.538s][info][gc,metaspace] GC(81) Metaspace: 14M used, 14M committed, 1088M reserved
[161.538s][info][gc,ref      ] GC(81) Soft: 378 encountered, 0 discovered, 0 enqueued
[161.538s][info][gc,ref      ] GC(81) Weak: 939 encountered, 104 discovered, 8 enqueued
[161.538s][info][gc,ref      ] GC(81) Final: 0 encountered, 0 discovered, 0 enqueued
[161.538s][info][gc,ref      ] GC(81) Phantom: 36 encountered, 28 discovered, 0 enqueued
[161.538s][info][gc,reloc    ] GC(81) Small Pages: 1335 / 2670M, Empty: 2648M, Relocated: 1M, In-Place: 0
[161.538s][info][gc,reloc    ] GC(81) Medium Pages: 1 / 32M, Empty: 32M, Relocated: 0M, In-Place: 0
[161.538s][info][gc,reloc    ] GC(81) Large Pages: 0 / 0M, Empty: 0M, Relocated: 0M, In-Place: 0
[161.538s][info][gc,reloc    ] GC(81) Forwarding Usage: 0M
[161.538s][info][gc,heap     ] GC(81) Min Capacity: 4096M(100%)
[161.538s][info][gc,heap     ] GC(81) Max Capacity: 4096M(100%)
[161.538s][info][gc,heap     ] GC(81) Soft Max Capacity: 4096M(100%)
[161.538s][info][gc,heap     ] GC(81)                Mark Start          Mark End        Relocate Start      Relocate End           High               Low         
[161.538s][info][gc,heap     ] GC(81)  Capacity:     4096M (100%)       4096M (100%)       4096M (100%)       4096M (100%)       4096M (100%)       4096M (100%)   
[161.538s][info][gc,heap     ] GC(81)      Free:     1394M (34%)        1394M (34%)        4074M (99%)        4086M (100%)       4086M (100%)       1394M (34%)    
[161.538s][info][gc,heap     ] GC(81)      Used:     2702M (66%)        2702M (66%)          22M (1%)           10M (0%)         2702M (66%)          10M (0%)     
[161.538s][info][gc,heap     ] GC(81)      Live:         -                 6M (0%)            6M (0%)            6M (0%)             -                  -          
[161.538s][info][gc,heap     ] GC(81) Allocated:         -                 0M (0%)            0M (0%)            0M (0%)             -                  -          
[161.538s][info][gc,heap     ] GC(81)   Garbage:         -              2695M (66%)          15M (0%)            3M (0%)             -                  -          
[161.538s][info][gc,heap     ] GC(81) Reclaimed:         -                  -              2680M (65%)        2692M (66%)            -                  -          
[161.538s][info][gc          ] GC(81) Garbage Collection (System.gc()) 2702M(66%)->10M(0%)
[164.421s][info][gc,start    ] GC(82) Garbage Collection (System.gc())
[164.421s][info][gc,task     ] GC(82) Using 2 workers
[164.421s][info][gc,phases   ] GC(82) Pause Mark Start 0.007ms
[164.435s][info][gc,phases   ] GC(82) Concurrent Mark 13.662ms
[164.435s][info][gc,phases   ] GC(82) Pause Mark End 0.009ms
[164.435s][info][gc,phases   ] GC(82) Concurrent Mark Free 0.001ms
[164.438s][info][gc,phases   ] GC(82) Concurrent Process Non-Strong References 2.947ms
[164.438s][info][gc,phases   ] GC(82) Concurrent Reset Relocation Set 0.002ms
[164.440s][info][gc,phases   ] GC(82) Concurrent Select Relocation Set 1.545ms
[164.440s][info][gc,phases   ] GC(82) Pause Relocate Start 0.010ms
[164.441s][info][gc,phases   ] GC(82) Concurrent Relocate 0.882ms
[164.441s][info][gc,load     ] GC(82) Load: 0.00/0.00/0.00
[164.441s][info][gc,mmu      ] GC(82) MMU: 2ms/98.5%, 5ms/99.3%, 10ms/99.6%, 20ms/99.8%, 50ms/99.9%, 100ms/99.9%
[164.441s][info][gc,marking  ] GC(82) Mark: 2 stripe(s), 1 proactive flush(es), 1 terminate flush(es), 0 completion(s), 0 continuation(s) 
[164.441s][info][gc,marking  ] GC(82) Mark Stack Usage: 32M
[164.441s][info][gc,nmethod  ] GC(82) NMethods: 2998 registered, 0 unregistered
[164.441s][info][gc,metaspace] GC(82) Metaspace: 14M used, 14M committed, 1088M reserved
[164.441s][info][gc,ref      ] GC(82) Soft: 378 encountered, 0 discovered, 0 enqueued
[164.441s][info][gc,ref      ] GC(82) Weak: 940 encountered, 673 discovered, 9 enqueued
[164.441s][info][gc,ref      ] GC(82) Final: 0 encountered, 0 discovered, 0 enqueued
[164.441s][info][gc,ref      ] GC(82) Phantom: 36 encountered, 17 discovered, 0 enqueued
[164.441s][info][gc,reloc    ] GC(82) Small Pages: 1335 / 2670M, Empty: 2646M, Relocated: 1M, In-Place: 0
[164.441s][info][gc,reloc    ] GC(82) Medium Pages: 1 / 32M, Empty: 32M, Relocated: 0M, In-Place: 0
[164.441s][info][gc,reloc    ] GC(82) Large Pages: 0 / 0M, Empty: 0M, Relocated: 0M, In-Place: 0
[164.441s][info][gc,reloc    ] GC(82) Forwarding Usage: 0M
[164.441s][info][gc,heap     ] GC(82) Min Capacity: 4096M(100%)
[164.441s][info][gc,heap     ] GC(82) Max Capacity: 4096M(100%)
[164.441s][info][gc,heap     ] GC(82) Soft Max Capacity: 4096M(100%)
[164.441s][info][gc,heap     ] GC(82)                Mark Start          Mark End        Relocate Start      Relocate End           High               Low         
[164.441s][info][gc,heap     ] GC(82)  Capacity:     4096M (100%)       4096M (100%)       4096M (100%)       4096M (100%)       4096M (100%)       4096M (100%)   
[164.441s][info][gc,heap     ] GC(82)      Free:     1394M (34%)        1394M (34%)        4072M (99%)        4086M (100%)       4086M (100%)       1394M (34%)    
[164.441s][info][gc,heap     ] GC(82)      Used:     2702M (66%)        2702M (66%)          24M (1%)           10M (0%)         2702M (66%)          10M (0%)     
[164.441s][info][gc,heap     ] GC(82)      Live:         -                 6M (0%)            6M (0%)            6M (0%)             -                  -          
[164.441s][info][gc,heap     ] GC(82) Allocated:         -                 0M (0%)            0M (0%)            0M (0%)             -                  -          
[164.441s][info][gc,heap     ] GC(82)   Garbage:         -              2695M (66%)          17M (0%)            3M (0%)             -                  -          
[164.441s][info][gc,heap     ] GC(82) Reclaimed:         -                  -              2678M (65%)        2692M (66%)            -                  -          
[164.441s][info][gc          ] GC(82) Garbage Collection (System.gc()) 2702M(66%)->10M(0%)
[166.977s][info][gc,start    ] GC(83) Garbage Collection (Proactive)
[166.977s][info][gc,task     ] GC(83) Using 2 workers
[166.977s][info][gc,phases   ] GC(83) Pause Mark Start 0.013ms
[167.008s][info][gc,phases   ] GC(83) Concurrent Mark 30.705ms
[167.008s][info][gc,phases   ] GC(83) Pause Mark End 0.010ms
[167.008s][info][gc,phases   ] GC(83) Concurrent Mark Free 0.001ms
[167.011s][info][gc,phases   ] GC(83) Concurrent Process Non-Strong References 2.561ms
[167.011s][info][gc,phases   ] GC(83) Concurrent Reset Relocation Set 0.001ms
[167.015s][info][gc,phases   ] GC(83) Concurrent Select Relocation Set 3.543ms
[167.015s][info][gc,phases   ] GC(83) Pause Relocate Start 0.014ms
[167.030s][info][gc,phases   ] GC(83) Concurrent Relocate 14.889ms
[167.030s][info][gc,load     ] GC(83) Load: 0.00/0.00/0.00
[167.030s][info][gc,mmu      ] GC(83) MMU: 2ms/98.5%, 5ms/99.3%, 10ms/99.6%, 20ms/99.8%, 50ms/99.9%, 100ms/99.9%
[167.030s][info][gc,marking  ] GC(83) Mark: 2 stripe(s), 2 proactive flush(es), 1 terminate flush(es), 0 completion(s), 0 continuation(s) 
[167.030s][info][gc,marking  ] GC(83) Mark Stack Usage: 32M
[167.030s][info][gc,nmethod  ] GC(83) NMethods: 3002 registered, 0 unregistered
[167.030s][info][gc,metaspace] GC(83) Metaspace: 14M used, 14M committed, 1088M reserved
[167.030s][info][gc,ref      ] GC(83) Soft: 378 encountered, 0 discovered, 0 enqueued
[167.030s][info][gc,ref      ] GC(83) Weak: 936 encountered, 103 discovered, 6 enqueued
[167.030s][info][gc,ref      ] GC(83) Final: 0 encountered, 0 discovered, 0 enqueued
[167.030s][info][gc,ref      ] GC(83) Phantom: 36 encountered, 28 discovered, 0 enqueued
[167.030s][info][gc,reloc    ] GC(83) Small Pages: 718 / 1436M, Empty: 1330M, Relocated: 22M, In-Place: 0
[167.030s][info][gc,reloc    ] GC(83) Medium Pages: 1 / 32M, Empty: 0M, Relocated: 0M, In-Place: 0
[167.030s][info][gc,reloc    ] GC(83) Large Pages: 0 / 0M, Empty: 0M, Relocated: 0M, In-Place: 0
[167.030s][info][gc,reloc    ] GC(83) Forwarding Usage: 14M
[167.030s][info][gc,heap     ] GC(83) Min Capacity: 4096M(100%)
[167.030s][info][gc,heap     ] GC(83) Max Capacity: 4096M(100%)
[167.030s][info][gc,heap     ] GC(83) Soft Max Capacity: 4096M(100%)
[167.030s][info][gc,heap     ] GC(83)                Mark Start          Mark End        Relocate Start      Relocate End           High               Low         
[167.030s][info][gc,heap     ] GC(83)  Capacity:     4096M (100%)       4096M (100%)       4096M (100%)       4096M (100%)       4096M (100%)       4096M (100%)   
[167.030s][info][gc,heap     ] GC(83)      Free:     2628M (64%)        2626M (64%)        3956M (97%)        4020M (98%)        4020M (98%)        2626M (64%)    
[167.030s][info][gc,heap     ] GC(83)      Used:     1468M (36%)        1470M (36%)         140M (3%)           76M (2%)         1470M (36%)          76M (2%)     
[167.030s][info][gc,heap     ] GC(83)      Live:         -                37M (1%)           37M (1%)           37M (1%)             -                  -          
[167.030s][info][gc,heap     ] GC(83) Allocated:         -                 2M (0%)            2M (0%)            1M (0%)             -                  -          
[167.030s][info][gc,heap     ] GC(83)   Garbage:         -              1430M (35%)         100M (2%)           36M (1%)             -                  -          
[167.030s][info][gc,heap     ] GC(83) Reclaimed:         -                  -              1330M (32%)        1393M (34%)            -                  -          
[167.030s][info][gc          ] GC(83) Garbage Collection (Proactive) 1468M(36%)->76M(2%)
[167.339s][info][gc,start    ] GC(84) Garbage Collection (System.gc())
[167.339s][info][gc,task     ] GC(84) Using 2 workers
[167.339s][info][gc,phases   ] GC(84) Pause Mark Start 0.006ms
[167.353s][info][gc,phases   ] GC(84) Concurrent Mark 14.301ms
[167.354s][info][gc,phases   ] GC(84) Pause Mark End 0.018ms
[167.354s][info][gc,phases   ] GC(84) Concurrent Mark Free 0.002ms
[167.357s][info][gc,phases   ] GC(84) Concurrent Process Non-Strong References 3.029ms
[167.357s][info][gc,phases   ] GC(84) Concurrent Reset Relocation Set 0.006ms
[167.359s][info][gc,phases   ] GC(84) Concurrent Select Relocation Set 2.599ms
[167.360s][info][gc,phases   ] GC(84) Pause Relocate Start 0.009ms
[167.360s][info][gc,phases   ] GC(84) Concurrent Relocate 0.573ms
[167.360s][info][gc,load     ] GC(84) Load: 0.00/0.00/0.00
[167.360s][info][gc,mmu      ] GC(84) MMU: 2ms/98.5%, 5ms/99.3%, 10ms/99.6%, 20ms/99.8%, 50ms/99.9%, 100ms/99.9%
[167.360s][info][gc,marking  ] GC(84) Mark: 2 stripe(s), 1 proactive flush(es), 1 terminate flush(es), 0 completion(s), 0 continuation(s) 
[167.360s][info][gc,marking  ] GC(84) Mark Stack Usage: 32M
[167.360s][info][gc,nmethod  ] GC(84) NMethods: 3004 registered, 0 unregistered
[167.360s][info][gc,metaspace] GC(84) Metaspace: 14M used, 14M committed, 1088M reserved
[167.360s][info][gc,ref      ] GC(84) Soft: 378 encountered, 0 discovered, 0 enqueued
[167.360s][info][gc,ref      ] GC(84) Weak: 933 encountered, 252 discovered, 2 enqueued
[167.360s][info][gc,ref      ] GC(84) Final: 0 encountered, 0 discovered, 0 enqueued
[167.360s][info][gc,ref      ] GC(84) Phantom: 36 encountered, 28 discovered, 0 enqueued
[167.360s][info][gc,reloc    ] GC(84) Small Pages: 639 / 1278M, Empty: 1256M, Relocated: 1M, In-Place: 0
[167.360s][info][gc,reloc    ] GC(84) Medium Pages: 1 / 32M, Empty: 32M, Relocated: 0M, In-Place: 0
[167.360s][info][gc,reloc    ] GC(84) Large Pages: 0 / 0M, Empty: 0M, Relocated: 0M, In-Place: 0
[167.360s][info][gc,reloc    ] GC(84) Forwarding Usage: 0M
[167.360s][info][gc,heap     ] GC(84) Min Capacity: 4096M(100%)
[167.360s][info][gc,heap     ] GC(84) Max Capacity: 4096M(100%)
[167.360s][info][gc,heap     ] GC(84) Soft Max Capacity: 4096M(100%)
[167.360s][info][gc,heap     ] GC(84)                Mark Start          Mark End        Relocate Start      Relocate End           High               Low         
[167.360s][info][gc,heap     ] GC(84)  Capacity:     4096M (100%)       4096M (100%)       4096M (100%)       4096M (100%)       4096M (100%)       4096M (100%)   
[167.360s][info][gc,heap     ] GC(84)      Free:     2786M (68%)        2786M (68%)        4074M (99%)        4086M (100%)       4086M (100%)       2786M (68%)    
[167.360s][info][gc,heap     ] GC(84)      Used:     1310M (32%)        1310M (32%)          22M (1%)           10M (0%)         1310M (32%)          10M (0%)     
[167.360s][info][gc,heap     ] GC(84)      Live:         -                 6M (0%)            6M (0%)            6M (0%)             -                  -          
[167.360s][info][gc,heap     ] GC(84) Allocated:         -                 0M (0%)            0M (0%)            0M (0%)             -                  -          
[167.360s][info][gc,heap     ] GC(84)   Garbage:         -              1303M (32%)          15M (0%)            3M (0%)             -                  -          
[167.360s][info][gc,heap     ] GC(84) Reclaimed:         -                  -              1288M (31%)        1300M (32%)            -                  -          
[167.360s][info][gc          ] GC(84) Garbage Collection (System.gc()) 1310M(32%)->10M(0%)
[170.179s][info][gc,stats    ] === Garbage Collection Statistics =======================================================================================================================
[170.179s][info][gc,stats    ]                                                              Last 10s              Last 10m              Last 10h                Total
[170.179s][info][gc,stats    ]                                                              Avg / Max             Avg / Max             Avg / Max             Avg / Max
[170.179s][info][gc,stats    ]   Collector: Garbage Collection Cycle                     27.516 / 52.657       35.308 / 113.591      35.308 / 113.591      35.308 / 113.591     ms
[170.179s][info][gc,stats    ]  Contention: Mark Segment Reset Contention                     0 / 1                 0 / 3                 0 / 3                 0 / 3           ops/s
[170.179s][info][gc,stats    ]  Contention: Mark SeqNum Reset Contention                      0 / 0                 0 / 1                 0 / 1                 0 / 1           ops/s
[170.179s][info][gc,stats    ]    Critical: Allocation Stall                                  0 / 0                 0 / 0                 0 / 0                 0 / 0           ops/s
[170.179s][info][gc,stats    ]    Critical: Allocation Stall                              0.000 / 0.000         0.000 / 0.000         0.000 / 0.000         0.000 / 0.000       ms
[170.179s][info][gc,stats    ]    Critical: GC Locker Stall                                   0 / 0                 0 / 0                 0 / 0                 0 / 0           ops/s
[170.179s][info][gc,stats    ]    Critical: GC Locker Stall                               0.000 / 0.000         0.000 / 0.000         0.000 / 0.000         0.000 / 0.000       ms
[170.179s][info][gc,stats    ]    Critical: Relocation Stall                                  0 / 0                 0 / 0                 0 / 0                 0 / 0           ops/s
[170.179s][info][gc,stats    ]    Critical: Relocation Stall                              0.000 / 0.000         0.000 / 0.000         0.000 / 0.000         0.000 / 0.000       ms
[170.179s][info][gc,stats    ]      Memory: Allocation Rate                                 915 / 1348            997 / 1380            997 / 1380            997 / 1380        MB/s
[170.179s][info][gc,stats    ]      Memory: Out Of Memory                                     0 / 0                 0 / 0                 0 / 0                 0 / 0           ops/s
[170.179s][info][gc,stats    ]      Memory: Page Cache Flush                                  0 / 0                 0 / 0                 0 / 0                 0 / 0           MB/s
[170.179s][info][gc,stats    ]      Memory: Page Cache Hit L1                               455 / 668             487 / 689             487 / 689             487 / 689         ops/s
[170.179s][info][gc,stats    ]      Memory: Page Cache Hit L2                                 0 / 0                 0 / 0                 0 / 0                 0 / 0           ops/s
[170.179s][info][gc,stats    ]      Memory: Page Cache Hit L3                                 0 / 0                 7 / 392               7 / 392               7 / 392         ops/s
[170.179s][info][gc,stats    ]      Memory: Page Cache Miss                                   0 / 0                 0 / 1                 0 / 1                 0 / 1           ops/s
[170.179s][info][gc,stats    ]      Memory: Uncommit                                          0 / 0                 0 / 0                 0 / 0                 0 / 0           MB/s
[170.179s][info][gc,stats    ]      Memory: Undo Object Allocation Failed                     0 / 0                 0 / 0                 0 / 0                 0 / 0           ops/s
[170.179s][info][gc,stats    ]      Memory: Undo Object Allocation Succeeded                  0 / 0                 0 / 140               0 / 140               0 / 140         ops/s
[170.179s][info][gc,stats    ]      Memory: Undo Page Allocation                              0 / 0                 0 / 0                 0 / 0                 0 / 0           ops/s
[170.179s][info][gc,stats    ]       Phase: Concurrent Mark                              17.094 / 30.705       23.010 / 78.232       23.010 / 78.232       23.010 / 78.232      ms
[170.179s][info][gc,stats    ]       Phase: Concurrent Mark Continue                      0.000 / 0.000         0.000 / 0.000         0.000 / 0.000         0.000 / 0.000       ms
[170.179s][info][gc,stats    ]       Phase: Concurrent Mark Free                          0.002 / 0.002         0.002 / 0.003         0.002 / 0.003         0.002 / 0.003       ms
[170.179s][info][gc,stats    ]       Phase: Concurrent Process Non-Strong References      2.814 / 3.029         2.943 / 4.781         2.943 / 4.781         2.943 / 4.781       ms
[170.179s][info][gc,stats    ]       Phase: Concurrent Relocate                           4.253 / 14.889        5.679 / 27.510        5.679 / 27.510        5.679 / 27.510      ms
[170.179s][info][gc,stats    ]       Phase: Concurrent Reset Relocation Set               0.002 / 0.006         0.002 / 0.008         0.002 / 0.008         0.002 / 0.008       ms
[170.179s][info][gc,stats    ]       Phase: Concurrent Select Relocation Set              2.542 / 3.543         2.759 / 7.858         2.759 / 7.858         2.759 / 7.858       ms
[170.180s][info][gc,stats    ]       Phase: Pause Mark End                                0.016 / 0.025         0.017 / 0.031         0.017 / 0.031         0.017 / 0.031       ms
[170.180s][info][gc,stats    ]       Phase: Pause Mark Start                              0.008 / 0.013         0.008 / 0.027         0.008 / 0.027         0.008 / 0.027       ms
[170.180s][info][gc,stats    ]       Phase: Pause Relocate Start                          0.011 / 0.014         0.010 / 0.021         0.010 / 0.021         0.010 / 0.021       ms
[170.180s][info][gc,stats    ]    Subphase: Concurrent Classes Purge                      0.138 / 0.168         0.133 / 0.219         0.133 / 0.219         0.133 / 0.219       ms
[170.180s][info][gc,stats    ]    Subphase: Concurrent Classes Unlink                     2.224 / 2.316         2.230 / 3.817         2.230 / 3.817         2.230 / 3.817       ms
[170.180s][info][gc,stats    ]    Subphase: Concurrent Mark                              13.363 / 29.876       17.793 / 77.416       17.793 / 77.416       17.793 / 77.416      ms
[170.180s][info][gc,stats    ]    Subphase: Concurrent Mark Try Flush                     0.075 / 0.135         0.087 / 0.514         0.087 / 0.514         0.087 / 0.514       ms
[170.180s][info][gc,stats    ]    Subphase: Concurrent Mark Try Terminate                 2.202 / 10.283        3.589 / 17.130        3.589 / 17.130        3.589 / 17.130      ms
[170.180s][info][gc,stats    ]    Subphase: Concurrent References Enqueue                 0.007 / 0.009         0.006 / 0.009         0.006 / 0.009         0.006 / 0.009       ms
[170.180s][info][gc,stats    ]    Subphase: Concurrent References Process                 0.099 / 0.146         0.159 / 0.251         0.159 / 0.251         0.159 / 0.251       ms
[170.180s][info][gc,stats    ]    Subphase: Concurrent Roots ClassLoaderDataGraph         0.066 / 0.171         0.053 / 0.243         0.053 / 0.243         0.053 / 0.243       ms
[170.180s][info][gc,stats    ]    Subphase: Concurrent Roots CodeCache                    0.000 / 0.000         0.000 / 0.000         0.000 / 0.000         0.000 / 0.000       ms
[170.180s][info][gc,stats    ]    Subphase: Concurrent Roots JavaThreads                  0.243 / 0.685         0.256 / 0.698         0.256 / 0.698         0.256 / 0.698       ms
[170.180s][info][gc,stats    ]    Subphase: Concurrent Roots OopStorageSet                0.016 / 0.028         0.014 / 0.052         0.014 / 0.052         0.014 / 0.052       ms
[170.180s][info][gc,stats    ]    Subphase: Concurrent Weak Roots OopStorageSet           0.167 / 0.281         0.207 / 0.396         0.207 / 0.396         0.207 / 0.396       ms
[170.180s][info][gc,stats    ]    Subphase: Pause Mark Try Complete                       0.000 / 0.000         0.000 / 0.000         0.000 / 0.000         0.000 / 0.000       ms
[170.180s][info][gc,stats    ]      System: Java Threads                                     12 / 12               12 / 13               12 / 13               12 / 13          threads
[170.180s][info][gc,stats    ] =========================================================================================================================================================
[170.234s][info][gc,start    ] GC(85) Garbage Collection (System.gc())
[170.234s][info][gc,task     ] GC(85) Using 2 workers
[170.234s][info][gc,phases   ] GC(85) Pause Mark Start 0.009ms
[170.242s][info][gc,phases   ] GC(85) Concurrent Mark 7.915ms
[170.242s][info][gc,phases   ] GC(85) Pause Mark End 0.015ms
[170.242s][info][gc,phases   ] GC(85) Concurrent Mark Free 0.001ms
[170.246s][info][gc,phases   ] GC(85) Concurrent Process Non-Strong References 3.412ms
[170.246s][info][gc,phases   ] GC(85) Concurrent Reset Relocation Set 0.001ms
[170.247s][info][gc,phases   ] GC(85) Concurrent Select Relocation Set 1.505ms
[170.247s][info][gc,phases   ] GC(85) Pause Relocate Start 0.008ms
[170.248s][info][gc,phases   ] GC(85) Concurrent Relocate 0.561ms
[170.248s][info][gc,load     ] GC(85) Load: 0.00/0.00/0.00
[170.248s][info][gc,mmu      ] GC(85) MMU: 2ms/98.5%, 5ms/99.3%, 10ms/99.6%, 20ms/99.8%, 50ms/99.9%, 100ms/99.9%
[170.248s][info][gc,marking  ] GC(85) Mark: 2 stripe(s), 2 proactive flush(es), 1 terminate flush(es), 0 completion(s), 0 continuation(s) 
[170.248s][info][gc,marking  ] GC(85) Mark Stack Usage: 32M
[170.248s][info][gc,nmethod  ] GC(85) NMethods: 3011 registered, 0 unregistered
[170.248s][info][gc,metaspace] GC(85) Metaspace: 14M used, 14M committed, 1088M reserved
[170.248s][info][gc,ref      ] GC(85) Soft: 378 encountered, 0 discovered, 0 enqueued
[170.248s][info][gc,ref      ] GC(85) Weak: 940 encountered, 421 discovered, 9 enqueued
[170.248s][info][gc,ref      ] GC(85) Final: 0 encountered, 0 discovered, 0 enqueued
[170.248s][info][gc,ref      ] GC(85) Phantom: 36 encountered, 17 discovered, 0 enqueued
[170.248s][info][gc,reloc    ] GC(85) Small Pages: 1335 / 2670M, Empty: 2646M, Relocated: 1M, In-Place: 0
[170.248s][info][gc,reloc    ] GC(85) Medium Pages: 1 / 32M, Empty: 32M, Relocated: 0M, In-Place: 0
[170.248s][info][gc,reloc    ] GC(85) Large Pages: 0 / 0M, Empty: 0M, Relocated: 0M, In-Place: 0
[170.248s][info][gc,reloc    ] GC(85) Forwarding Usage: 0M
[170.248s][info][gc,heap     ] GC(85) Min Capacity: 4096M(100%)
[170.248s][info][gc,heap     ] GC(85) Max Capacity: 4096M(100%)
[170.248s][info][gc,heap     ] GC(85) Soft Max Capacity: 4096M(100%)
[170.248s][info][gc,heap     ] GC(85)                Mark Start          Mark End        Relocate Start      Relocate End           High               Low         
[170.248s][info][gc,heap     ] GC(85)  Capacity:     4096M (100%)       4096M (100%)       4096M (100%)       4096M (100%)       4096M (100%)       4096M (100%)   
[170.248s][info][gc,heap     ] GC(85)      Free:     1394M (34%)        1394M (34%)        4072M (99%)        4086M (100%)       4086M (100%)       1394M (34%)    
[170.248s][info][gc,heap     ] GC(85)      Used:     2702M (66%)        2702M (66%)          24M (1%)           10M (0%)         2702M (66%)          10M (0%)     
[170.248s][info][gc,heap     ] GC(85)      Live:         -                 6M (0%)            6M (0%)            6M (0%)             -                  -          
[170.248s][info][gc,heap     ] GC(85) Allocated:         -                 0M (0%)            0M (0%)            0M (0%)             -                  -          
[170.248s][info][gc,heap     ] GC(85)   Garbage:         -              2695M (66%)          17M (0%)            3M (0%)             -                  -          
[170.248s][info][gc,heap     ] GC(85) Reclaimed:         -                  -              2678M (65%)        2692M (66%)            -                  -          
[170.248s][info][gc          ] GC(85) Garbage Collection (System.gc()) 2702M(66%)->10M(0%)
[172.772s][info][gc,start    ] GC(86) Garbage Collection (Proactive)
[172.772s][info][gc,task     ] GC(86) Using 2 workers
[172.772s][info][gc,phases   ] GC(86) Pause Mark Start 0.008ms
[172.818s][info][gc,phases   ] GC(86) Concurrent Mark 46.514ms
[172.818s][info][gc,phases   ] GC(86) Pause Mark End 0.017ms
[172.819s][info][gc,phases   ] GC(86) Concurrent Mark Free 0.001ms
[172.822s][info][gc,phases   ] GC(86) Concurrent Process Non-Strong References 2.874ms
[172.822s][info][gc,phases   ] GC(86) Concurrent Reset Relocation Set 0.001ms
[172.826s][info][gc,phases   ] GC(86) Concurrent Select Relocation Set 4.260ms
[172.826s][info][gc,phases   ] GC(86) Pause Relocate Start 0.009ms
[172.844s][info][gc,phases   ] GC(86) Concurrent Relocate 18.138ms
[172.844s][info][gc,load     ] GC(86) Load: 0.00/0.00/0.00
[172.844s][info][gc,mmu      ] GC(86) MMU: 2ms/98.5%, 5ms/99.3%, 10ms/99.6%, 20ms/99.8%, 50ms/99.9%, 100ms/99.9%
[172.844s][info][gc,marking  ] GC(86) Mark: 2 stripe(s), 3 proactive flush(es), 1 terminate flush(es), 0 completion(s), 0 continuation(s) 
[172.844s][info][gc,marking  ] GC(86) Mark Stack Usage: 32M
[172.844s][info][gc,nmethod  ] GC(86) NMethods: 3025 registered, 0 unregistered
[172.844s][info][gc,metaspace] GC(86) Metaspace: 14M used, 14M committed, 1088M reserved
[172.844s][info][gc,ref      ] GC(86) Soft: 378 encountered, 0 discovered, 0 enqueued
[172.844s][info][gc,ref      ] GC(86) Weak: 937 encountered, 565 discovered, 7 enqueued
[172.844s][info][gc,ref      ] GC(86) Final: 0 encountered, 0 discovered, 0 enqueued
[172.844s][info][gc,ref      ] GC(86) Phantom: 36 encountered, 28 discovered, 0 enqueued
[172.844s][info][gc,reloc    ] GC(86) Small Pages: 721 / 1442M, Empty: 1330M, Relocated: 26M, In-Place: 0
[172.844s][info][gc,reloc    ] GC(86) Medium Pages: 1 / 32M, Empty: 0M, Relocated: 0M, In-Place: 0
[172.844s][info][gc,reloc    ] GC(86) Large Pages: 0 / 0M, Empty: 0M, Relocated: 0M, In-Place: 0
[172.844s][info][gc,reloc    ] GC(86) Forwarding Usage: 16M
[172.845s][info][gc,heap     ] GC(86) Min Capacity: 4096M(100%)
[172.845s][info][gc,heap     ] GC(86) Max Capacity: 4096M(100%)
[172.845s][info][gc,heap     ] GC(86) Soft Max Capacity: 4096M(100%)
[172.845s][info][gc,heap     ] GC(86)                Mark Start          Mark End        Relocate Start      Relocate End           High               Low         
[172.845s][info][gc,heap     ] GC(86)  Capacity:     4096M (100%)       4096M (100%)       4096M (100%)       4096M (100%)       4096M (100%)       4096M (100%)   
[172.845s][info][gc,heap     ] GC(86)      Free:     2622M (64%)        2620M (64%)        3950M (96%)        4020M (98%)        4020M (98%)        2620M (64%)    
[172.845s][info][gc,heap     ] GC(86)      Used:     1474M (36%)        1476M (36%)         146M (4%)           76M (2%)         1476M (36%)          76M (2%)     
[172.845s][info][gc,heap     ] GC(86)      Live:         -                38M (1%)           38M (1%)           38M (1%)             -                  -          
[172.845s][info][gc,heap     ] GC(86) Allocated:         -                 2M (0%)            2M (0%)            1M (0%)             -                  -          
[172.845s][info][gc,heap     ] GC(86)   Garbage:         -              1435M (35%)         105M (3%)           35M (1%)             -                  -          
[172.845s][info][gc,heap     ] GC(86) Reclaimed:         -                  -              1330M (32%)        1399M (34%)            -                  -          
[172.845s][info][gc          ] GC(86) Garbage Collection (Proactive) 1474M(36%)->76M(2%)
[173.121s][info][gc,start    ] GC(87) Garbage Collection (System.gc())
[173.121s][info][gc,task     ] GC(87) Using 2 workers
[173.121s][info][gc,phases   ] GC(87) Pause Mark Start 0.007ms
[173.132s][info][gc,phases   ] GC(87) Concurrent Mark 11.069ms
[173.132s][info][gc,phases   ] GC(87) Pause Mark End 0.013ms
[173.133s][info][gc,phases   ] GC(87) Concurrent Mark Free 0.001ms
[173.136s][info][gc,phases   ] GC(87) Concurrent Process Non-Strong References 3.236ms
[173.136s][info][gc,phases   ] GC(87) Concurrent Reset Relocation Set 0.007ms
[173.138s][info][gc,phases   ] GC(87) Concurrent Select Relocation Set 2.406ms
[173.138s][info][gc,phases   ] GC(87) Pause Relocate Start 0.011ms
[173.139s][info][gc,phases   ] GC(87) Concurrent Relocate 1.026ms
[173.139s][info][gc,load     ] GC(87) Load: 0.00/0.00/0.00
[173.140s][info][gc,mmu      ] GC(87) MMU: 2ms/98.5%, 5ms/99.3%, 10ms/99.6%, 20ms/99.8%, 50ms/99.9%, 100ms/99.9%
[173.140s][info][gc,marking  ] GC(87) Mark: 2 stripe(s), 2 proactive flush(es), 1 terminate flush(es), 0 completion(s), 0 continuation(s) 
[173.140s][info][gc,marking  ] GC(87) Mark Stack Usage: 32M
[173.140s][info][gc,nmethod  ] GC(87) NMethods: 3039 registered, 0 unregistered
[173.140s][info][gc,metaspace] GC(87) Metaspace: 14M used, 14M committed, 1088M reserved
[173.140s][info][gc,ref      ] GC(87) Soft: 378 encountered, 0 discovered, 0 enqueued
[173.140s][info][gc,ref      ] GC(87) Weak: 933 encountered, 672 discovered, 2 enqueued
[173.140s][info][gc,ref      ] GC(87) Final: 0 encountered, 0 discovered, 0 enqueued
[173.140s][info][gc,ref      ] GC(87) Phantom: 36 encountered, 16 discovered, 0 enqueued
[173.140s][info][gc,reloc    ] GC(87) Small Pages: 637 / 1274M, Empty: 1250M, Relocated: 1M, In-Place: 0
[173.140s][info][gc,reloc    ] GC(87) Medium Pages: 1 / 32M, Empty: 32M, Relocated: 0M, In-Place: 0
[173.140s][info][gc,reloc    ] GC(87) Large Pages: 0 / 0M, Empty: 0M, Relocated: 0M, In-Place: 0
[173.140s][info][gc,reloc    ] GC(87) Forwarding Usage: 0M
[173.140s][info][gc,heap     ] GC(87) Min Capacity: 4096M(100%)
[173.140s][info][gc,heap     ] GC(87) Max Capacity: 4096M(100%)
[173.140s][info][gc,heap     ] GC(87) Soft Max Capacity: 4096M(100%)
[173.140s][info][gc,heap     ] GC(87)                Mark Start          Mark End        Relocate Start      Relocate End           High               Low         
[173.140s][info][gc,heap     ] GC(87)  Capacity:     4096M (100%)       4096M (100%)       4096M (100%)       4096M (100%)       4096M (100%)       4096M (100%)   
[173.140s][info][gc,heap     ] GC(87)      Free:     2790M (68%)        2790M (68%)        4072M (99%)        4086M (100%)       4086M (100%)       2790M (68%)    
[173.140s][info][gc,heap     ] GC(87)      Used:     1306M (32%)        1306M (32%)          24M (1%)           10M (0%)         1306M (32%)          10M (0%)     
[173.140s][info][gc,heap     ] GC(87)      Live:         -                 6M (0%)            6M (0%)            6M (0%)             -                  -          
[173.140s][info][gc,heap     ] GC(87) Allocated:         -                 0M (0%)            0M (0%)            0M (0%)             -                  -          
[173.140s][info][gc,heap     ] GC(87)   Garbage:         -              1299M (32%)          17M (0%)            3M (0%)             -                  -          
[173.140s][info][gc,heap     ] GC(87) Reclaimed:         -                  -              1282M (31%)        1296M (32%)            -                  -          
[173.140s][info][gc          ] GC(87) Garbage Collection (System.gc()) 1306M(32%)->10M(0%)
[176.032s][info][gc,start    ] GC(88) Garbage Collection (System.gc())
[176.032s][info][gc,task     ] GC(88) Using 2 workers
[176.032s][info][gc,phases   ] GC(88) Pause Mark Start 0.005ms
[176.053s][info][gc,phases   ] GC(88) Concurrent Mark 21.026ms
[176.053s][info][gc,phases   ] GC(88) Pause Mark End 0.025ms
[176.053s][info][gc,phases   ] GC(88) Concurrent Mark Free 0.003ms
[176.057s][info][gc,phases   ] GC(88) Concurrent Process Non-Strong References 3.187ms
[176.057s][info][gc,phases   ] GC(88) Concurrent Reset Relocation Set 0.002ms
[176.059s][info][gc,phases   ] GC(88) Concurrent Select Relocation Set 2.039ms
[176.059s][info][gc,phases   ] GC(88) Pause Relocate Start 0.022ms
[176.060s][info][gc,phases   ] GC(88) Concurrent Relocate 0.776ms
[176.060s][info][gc,load     ] GC(88) Load: 0.00/0.00/0.00
[176.060s][info][gc,mmu      ] GC(88) MMU: 2ms/98.5%, 5ms/99.3%, 10ms/99.5%, 20ms/99.8%, 50ms/99.9%, 100ms/99.9%
[176.060s][info][gc,marking  ] GC(88) Mark: 2 stripe(s), 1 proactive flush(es), 1 terminate flush(es), 0 completion(s), 0 continuation(s) 
[176.060s][info][gc,marking  ] GC(88) Mark Stack Usage: 32M
[176.060s][info][gc,nmethod  ] GC(88) NMethods: 3040 registered, 0 unregistered
[176.060s][info][gc,metaspace] GC(88) Metaspace: 14M used, 14M committed, 1088M reserved
[176.060s][info][gc,ref      ] GC(88) Soft: 378 encountered, 0 discovered, 0 enqueued
[176.060s][info][gc,ref      ] GC(88) Weak: 940 encountered, 665 discovered, 9 enqueued
[176.060s][info][gc,ref      ] GC(88) Final: 0 encountered, 0 discovered, 0 enqueued
[176.060s][info][gc,ref      ] GC(88) Phantom: 36 encountered, 28 discovered, 0 enqueued
[176.060s][info][gc,reloc    ] GC(88) Small Pages: 1335 / 2670M, Empty: 2646M, Relocated: 1M, In-Place: 0
[176.060s][info][gc,reloc    ] GC(88) Medium Pages: 1 / 32M, Empty: 32M, Relocated: 0M, In-Place: 0
[176.060s][info][gc,reloc    ] GC(88) Large Pages: 0 / 0M, Empty: 0M, Relocated: 0M, In-Place: 0
[176.060s][info][gc,reloc    ] GC(88) Forwarding Usage: 0M
[176.060s][info][gc,heap     ] GC(88) Min Capacity: 4096M(100%)
[176.060s][info][gc,heap     ] GC(88) Max Capacity: 4096M(100%)
[176.060s][info][gc,heap     ] GC(88) Soft Max Capacity: 4096M(100%)
[176.060s][info][gc,heap     ] GC(88)                Mark Start          Mark End        Relocate Start      Relocate End           High               Low         
[176.060s][info][gc,heap     ] GC(88)  Capacity:     4096M (100%)       4096M (100%)       4096M (100%)       4096M (100%)       4096M (100%)       4096M (100%)   
[176.060s][info][gc,heap     ] GC(88)      Free:     1394M (34%)        1394M (34%)        4072M (99%)        4086M (100%)       4086M (100%)       1394M (34%)    
[176.060s][info][gc,heap     ] GC(88)      Used:     2702M (66%)        2702M (66%)          24M (1%)           10M (0%)         2702M (66%)          10M (0%)     
[176.060s][info][gc,heap     ] GC(88)      Live:         -                 6M (0%)            6M (0%)            6M (0%)             -                  -          
[176.060s][info][gc,heap     ] GC(88) Allocated:         -                 0M (0%)            0M (0%)            0M (0%)             -                  -          
[176.060s][info][gc,heap     ] GC(88)   Garbage:         -              2695M (66%)          17M (0%)            3M (0%)             -                  -          
[176.060s][info][gc,heap     ] GC(88) Reclaimed:         -                  -              2678M (65%)        2692M (66%)            -                  -          
[176.060s][info][gc          ] GC(88) Garbage Collection (System.gc()) 2702M(66%)->10M(0%)
[178.956s][info][gc,start    ] GC(89) Garbage Collection (System.gc())
[178.956s][info][gc,task     ] GC(89) Using 2 workers
[178.956s][info][gc,phases   ] GC(89) Pause Mark Start 0.007ms
[178.975s][info][gc,phases   ] GC(89) Concurrent Mark 19.195ms
[178.975s][info][gc,phases   ] GC(89) Pause Mark End 0.012ms
[178.975s][info][gc,phases   ] GC(89) Concurrent Mark Free 0.001ms
[178.978s][info][gc,phases   ] GC(89) Concurrent Process Non-Strong References 2.871ms
[178.978s][info][gc,phases   ] GC(89) Concurrent Reset Relocation Set 0.001ms
[178.980s][info][gc,phases   ] GC(89) Concurrent Select Relocation Set 1.567ms
[178.980s][info][gc,phases   ] GC(89) Pause Relocate Start 0.010ms
[178.980s][info][gc,phases   ] GC(89) Concurrent Relocate 0.431ms
[178.980s][info][gc,load     ] GC(89) Load: 0.00/0.00/0.00
[178.980s][info][gc,mmu      ] GC(89) MMU: 2ms/98.5%, 5ms/99.3%, 10ms/99.5%, 20ms/99.8%, 50ms/99.9%, 100ms/99.9%
[178.980s][info][gc,marking  ] GC(89) Mark: 2 stripe(s), 2 proactive flush(es), 1 terminate flush(es), 0 completion(s), 0 continuation(s) 
[178.980s][info][gc,marking  ] GC(89) Mark Stack Usage: 32M
[178.981s][info][gc,nmethod  ] GC(89) NMethods: 3043 registered, 0 unregistered
[178.981s][info][gc,metaspace] GC(89) Metaspace: 14M used, 14M committed, 1088M reserved
[178.981s][info][gc,ref      ] GC(89) Soft: 378 encountered, 0 discovered, 0 enqueued
[178.981s][info][gc,ref      ] GC(89) Weak: 939 encountered, 291 discovered, 8 enqueued
[178.981s][info][gc,ref      ] GC(89) Final: 0 encountered, 0 discovered, 0 enqueued
[178.981s][info][gc,ref      ] GC(89) Phantom: 36 encountered, 24 discovered, 0 enqueued
[178.981s][info][gc,reloc    ] GC(89) Small Pages: 1335 / 2670M, Empty: 2648M, Relocated: 1M, In-Place: 0
[178.981s][info][gc,reloc    ] GC(89) Medium Pages: 1 / 32M, Empty: 32M, Relocated: 0M, In-Place: 0
[178.981s][info][gc,reloc    ] GC(89) Large Pages: 0 / 0M, Empty: 0M, Relocated: 0M, In-Place: 0
[178.981s][info][gc,reloc    ] GC(89) Forwarding Usage: 0M
[178.981s][info][gc,heap     ] GC(89) Min Capacity: 4096M(100%)
[178.981s][info][gc,heap     ] GC(89) Max Capacity: 4096M(100%)
[178.981s][info][gc,heap     ] GC(89) Soft Max Capacity: 4096M(100%)
[178.981s][info][gc,heap     ] GC(89)                Mark Start          Mark End        Relocate Start      Relocate End           High               Low         
[178.981s][info][gc,heap     ] GC(89)  Capacity:     4096M (100%)       4096M (100%)       4096M (100%)       4096M (100%)       4096M (100%)       4096M (100%)   
[178.981s][info][gc,heap     ] GC(89)      Free:     1394M (34%)        1394M (34%)        4074M (99%)        4086M (100%)       4086M (100%)       1394M (34%)    
[178.981s][info][gc,heap     ] GC(89)      Used:     2702M (66%)        2702M (66%)          22M (1%)           10M (0%)         2702M (66%)          10M (0%)     
[178.981s][info][gc,heap     ] GC(89)      Live:         -                 6M (0%)            6M (0%)            6M (0%)             -                  -          
[178.981s][info][gc,heap     ] GC(89) Allocated:         -                 0M (0%)            0M (0%)            0M (0%)             -                  -          
[178.981s][info][gc,heap     ] GC(89)   Garbage:         -              2695M (66%)          15M (0%)            3M (0%)             -                  -          
[178.981s][info][gc,heap     ] GC(89) Reclaimed:         -                  -              2680M (65%)        2692M (66%)            -                  -          
[178.981s][info][gc          ] GC(89) Garbage Collection (System.gc()) 2702M(66%)->10M(0%)
[180.184s][info][gc,stats    ] === Garbage Collection Statistics =======================================================================================================================
[180.184s][info][gc,stats    ]                                                              Last 10s              Last 10m              Last 10h                Total
[180.184s][info][gc,stats    ]                                                              Avg / Max             Avg / Max             Avg / Max             Avg / Max
[180.184s][info][gc,stats    ]   Collector: Garbage Collection Cycle                     31.642 / 72.796       35.104 / 113.591      35.104 / 113.591      35.104 / 113.591     ms
[180.184s][info][gc,stats    ]  Contention: Mark Segment Reset Contention                     0 / 1                 0 / 3                 0 / 3                 0 / 3           ops/s
[180.184s][info][gc,stats    ]  Contention: Mark SeqNum Reset Contention                      0 / 0                 0 / 1                 0 / 1                 0 / 1           ops/s
[180.184s][info][gc,stats    ]    Critical: Allocation Stall                                  0 / 0                 0 / 0                 0 / 0                 0 / 0           ops/s
[180.184s][info][gc,stats    ]    Critical: Allocation Stall                              0.000 / 0.000         0.000 / 0.000         0.000 / 0.000         0.000 / 0.000       ms
[180.184s][info][gc,stats    ]    Critical: GC Locker Stall                                   0 / 0                 0 / 0                 0 / 0                 0 / 0           ops/s
[180.184s][info][gc,stats    ]    Critical: GC Locker Stall                               0.000 / 0.000         0.000 / 0.000         0.000 / 0.000         0.000 / 0.000       ms
[180.184s][info][gc,stats    ]    Critical: Relocation Stall                                  0 / 0                 0 / 0                 0 / 0                 0 / 0           ops/s
[180.184s][info][gc,stats    ]    Critical: Relocation Stall                              0.000 / 0.000         0.000 / 0.000         0.000 / 0.000         0.000 / 0.000       ms
[180.184s][info][gc,stats    ]      Memory: Allocation Rate                                 844 / 1364            988 / 1380            988 / 1380            988 / 1380        MB/s
[180.184s][info][gc,stats    ]      Memory: Out Of Memory                                     0 / 0                 0 / 0                 0 / 0                 0 / 0           ops/s
[180.184s][info][gc,stats    ]      Memory: Page Cache Flush                                  0 / 0                 0 / 0                 0 / 0                 0 / 0           MB/s
[180.184s][info][gc,stats    ]      Memory: Page Cache Hit L1                               418 / 669             483 / 689             483 / 689             483 / 689         ops/s
[180.184s][info][gc,stats    ]      Memory: Page Cache Hit L2                                 0 / 0                 0 / 0                 0 / 0                 0 / 0           ops/s
[180.184s][info][gc,stats    ]      Memory: Page Cache Hit L3                                 0 / 0                 7 / 392               7 / 392               7 / 392         ops/s
[180.184s][info][gc,stats    ]      Memory: Page Cache Miss                                   0 / 0                 0 / 1                 0 / 1                 0 / 1           ops/s
[180.184s][info][gc,stats    ]      Memory: Uncommit                                          0 / 0                 0 / 0                 0 / 0                 0 / 0           MB/s
[180.184s][info][gc,stats    ]      Memory: Undo Object Allocation Failed                     0 / 0                 0 / 0                 0 / 0                 0 / 0           ops/s
[180.184s][info][gc,stats    ]      Memory: Undo Object Allocation Succeeded                  5 / 59                1 / 140               1 / 140               1 / 140         ops/s
[180.184s][info][gc,stats    ]      Memory: Undo Page Allocation                              0 / 0                 0 / 0                 0 / 0                 0 / 0           ops/s
[180.184s][info][gc,stats    ]       Phase: Concurrent Mark                              21.144 / 46.514       22.907 / 78.232       22.907 / 78.232       22.907 / 78.232      ms
[180.184s][info][gc,stats    ]       Phase: Concurrent Mark Continue                      0.000 / 0.000         0.000 / 0.000         0.000 / 0.000         0.000 / 0.000       ms
[180.184s][info][gc,stats    ]       Phase: Concurrent Mark Free                          0.002 / 0.003         0.002 / 0.003         0.002 / 0.003         0.002 / 0.003       ms
[180.184s][info][gc,stats    ]       Phase: Concurrent Process Non-Strong References      3.116 / 3.412         2.953 / 4.781         2.953 / 4.781         2.953 / 4.781       ms
[180.184s][info][gc,stats    ]       Phase: Concurrent Relocate                           4.187 / 18.138        5.596 / 27.510        5.596 / 27.510        5.596 / 27.510      ms
[180.185s][info][gc,stats    ]       Phase: Concurrent Reset Relocation Set               0.002 / 0.007         0.002 / 0.008         0.002 / 0.008         0.002 / 0.008       ms
[180.185s][info][gc,stats    ]       Phase: Concurrent Select Relocation Set              2.356 / 4.260         2.737 / 7.858         2.737 / 7.858         2.737 / 7.858       ms
[180.185s][info][gc,stats    ]       Phase: Pause Mark End                                0.016 / 0.025         0.017 / 0.031         0.017 / 0.031         0.017 / 0.031       ms
[180.185s][info][gc,stats    ]       Phase: Pause Mark Start                              0.007 / 0.009         0.008 / 0.027         0.008 / 0.027         0.008 / 0.027       ms
[180.185s][info][gc,stats    ]       Phase: Pause Relocate Start                          0.012 / 0.022         0.010 / 0.022         0.010 / 0.022         0.010 / 0.022       ms
[180.185s][info][gc,stats    ]    Subphase: Concurrent Classes Purge                      0.161 / 0.180         0.135 / 0.219         0.135 / 0.219         0.135 / 0.219       ms
[180.185s][info][gc,stats    ]    Subphase: Concurrent Classes Unlink                     2.321 / 2.547         2.235 / 3.817         2.235 / 3.817         2.235 / 3.817       ms
[180.185s][info][gc,stats    ]    Subphase: Concurrent Mark                              15.160 / 45.661       17.647 / 77.416       17.647 / 77.416       17.647 / 77.416      ms
[180.185s][info][gc,stats    ]    Subphase: Concurrent Mark Try Flush                     0.093 / 0.372         0.087 / 0.514         0.087 / 0.514         0.087 / 0.514       ms
[180.185s][info][gc,stats    ]    Subphase: Concurrent Mark Try Terminate                 3.828 / 17.031        3.603 / 17.130        3.603 / 17.130        3.603 / 17.130      ms
[180.185s][info][gc,stats    ]    Subphase: Concurrent References Enqueue                 0.006 / 0.007         0.006 / 0.009         0.006 / 0.009         0.006 / 0.009       ms
[180.185s][info][gc,stats    ]    Subphase: Concurrent References Process                 0.165 / 0.248         0.160 / 0.251         0.160 / 0.251         0.160 / 0.251       ms
[180.185s][info][gc,stats    ]    Subphase: Concurrent Roots ClassLoaderDataGraph         0.055 / 0.140         0.053 / 0.243         0.053 / 0.243         0.053 / 0.243       ms
[180.185s][info][gc,stats    ]    Subphase: Concurrent Roots CodeCache                    0.000 / 0.000         0.000 / 0.000         0.000 / 0.000         0.000 / 0.000       ms
[180.185s][info][gc,stats    ]    Subphase: Concurrent Roots JavaThreads                  0.222 / 0.518         0.254 / 0.698         0.254 / 0.698         0.254 / 0.698       ms
[180.185s][info][gc,stats    ]    Subphase: Concurrent Roots OopStorageSet                0.011 / 0.029         0.014 / 0.052         0.014 / 0.052         0.014 / 0.052       ms
[180.185s][info][gc,stats    ]    Subphase: Concurrent Weak Roots OopStorageSet           0.219 / 0.319         0.208 / 0.396         0.208 / 0.396         0.208 / 0.396       ms
[180.185s][info][gc,stats    ]    Subphase: Pause Mark Try Complete                       0.000 / 0.000         0.000 / 0.000         0.000 / 0.000         0.000 / 0.000       ms
[180.185s][info][gc,stats    ]      System: Java Threads                                     12 / 12               12 / 13               12 / 13               12 / 13          threads
[180.185s][info][gc,stats    ] =========================================================================================================================================================
[181.471s][info][gc,start    ] GC(90) Garbage Collection (Proactive)
[181.471s][info][gc,task     ] GC(90) Using 2 workers
[181.471s][info][gc,phases   ] GC(90) Pause Mark Start 0.013ms
[181.502s][info][gc,phases   ] GC(90) Concurrent Mark 30.906ms
[181.502s][info][gc,phases   ] GC(90) Pause Mark End 0.010ms
[181.502s][info][gc,phases   ] GC(90) Concurrent Mark Free 0.001ms
[181.506s][info][gc,phases   ] GC(90) Concurrent Process Non-Strong References 3.094ms
[181.506s][info][gc,phases   ] GC(90) Concurrent Reset Relocation Set 0.001ms
[181.510s][info][gc,phases   ] GC(90) Concurrent Select Relocation Set 4.080ms
[181.510s][info][gc,phases   ] GC(90) Pause Relocate Start 0.009ms
[181.525s][info][gc,phases   ] GC(90) Concurrent Relocate 14.629ms
[181.525s][info][gc,load     ] GC(90) Load: 0.00/0.00/0.00
[181.525s][info][gc,mmu      ] GC(90) MMU: 2ms/98.5%, 5ms/99.3%, 10ms/99.5%, 20ms/99.8%, 50ms/99.9%, 100ms/99.9%
[181.525s][info][gc,marking  ] GC(90) Mark: 2 stripe(s), 2 proactive flush(es), 1 terminate flush(es), 0 completion(s), 0 continuation(s) 
[181.525s][info][gc,marking  ] GC(90) Mark Stack Usage: 32M
[181.525s][info][gc,nmethod  ] GC(90) NMethods: 3043 registered, 0 unregistered
[181.525s][info][gc,metaspace] GC(90) Metaspace: 14M used, 14M committed, 1088M reserved
[181.525s][info][gc,ref      ] GC(90) Soft: 378 encountered, 0 discovered, 0 enqueued
[181.525s][info][gc,ref      ] GC(90) Weak: 937 encountered, 480 discovered, 7 enqueued
[181.525s][info][gc,ref      ] GC(90) Final: 0 encountered, 0 discovered, 0 enqueued
[181.525s][info][gc,ref      ] GC(90) Phantom: 36 encountered, 15 discovered, 0 enqueued
[181.525s][info][gc,reloc    ] GC(90) Small Pages: 715 / 1430M, Empty: 1328M, Relocated: 22M, In-Place: 0
[181.525s][info][gc,reloc    ] GC(90) Medium Pages: 1 / 32M, Empty: 0M, Relocated: 0M, In-Place: 0
[181.525s][info][gc,reloc    ] GC(90) Large Pages: 0 / 0M, Empty: 0M, Relocated: 0M, In-Place: 0
[181.525s][info][gc,reloc    ] GC(90) Forwarding Usage: 13M
[181.525s][info][gc,heap     ] GC(90) Min Capacity: 4096M(100%)
[181.525s][info][gc,heap     ] GC(90) Max Capacity: 4096M(100%)
[181.525s][info][gc,heap     ] GC(90) Soft Max Capacity: 4096M(100%)
[181.525s][info][gc,heap     ] GC(90)                Mark Start          Mark End        Relocate Start      Relocate End           High               Low         
[181.525s][info][gc,heap     ] GC(90)  Capacity:     4096M (100%)       4096M (100%)       4096M (100%)       4096M (100%)       4096M (100%)       4096M (100%)   
[181.525s][info][gc,heap     ] GC(90)      Free:     2634M (64%)        2632M (64%)        3960M (97%)        4022M (98%)        4022M (98%)        2632M (64%)    
[181.525s][info][gc,heap     ] GC(90)      Used:     1462M (36%)        1464M (36%)         136M (3%)           74M (2%)         1464M (36%)          74M (2%)     
[181.525s][info][gc,heap     ] GC(90)      Live:         -                36M (1%)           36M (1%)           36M (1%)             -                  -          
[181.525s][info][gc,heap     ] GC(90) Allocated:         -                 2M (0%)            2M (0%)            1M (0%)             -                  -          
[181.525s][info][gc,heap     ] GC(90)   Garbage:         -              1425M (35%)          97M (2%)           36M (1%)             -                  -          
[181.525s][info][gc,heap     ] GC(90) Reclaimed:         -                  -              1328M (32%)        1389M (34%)            -                  -          
[181.525s][info][gc          ] GC(90) Garbage Collection (Proactive) 1462M(36%)->74M(2%)
[181.852s][info][gc,start    ] GC(91) Garbage Collection (System.gc())
[181.852s][info][gc,task     ] GC(91) Using 2 workers
[181.852s][info][gc,phases   ] GC(91) Pause Mark Start 0.008ms
[181.863s][info][gc,phases   ] GC(91) Concurrent Mark 11.427ms
[181.863s][info][gc,phases   ] GC(91) Pause Mark End 0.011ms
[181.863s][info][gc,phases   ] GC(91) Concurrent Mark Free 0.003ms
[181.866s][info][gc,phases   ] GC(91) Concurrent Process Non-Strong References 2.649ms
[181.866s][info][gc,phases   ] GC(91) Concurrent Reset Relocation Set 0.006ms
[181.869s][info][gc,phases   ] GC(91) Concurrent Select Relocation Set 2.596ms
[181.869s][info][gc,phases   ] GC(91) Pause Relocate Start 0.016ms
[181.870s][info][gc,phases   ] GC(91) Concurrent Relocate 0.641ms
[181.870s][info][gc,load     ] GC(91) Load: 0.00/0.00/0.00
[181.870s][info][gc,mmu      ] GC(91) MMU: 2ms/98.5%, 5ms/99.3%, 10ms/99.5%, 20ms/99.8%, 50ms/99.9%, 100ms/99.9%
[181.870s][info][gc,marking  ] GC(91) Mark: 2 stripe(s), 2 proactive flush(es), 1 terminate flush(es), 0 completion(s), 0 continuation(s) 
[181.870s][info][gc,marking  ] GC(91) Mark Stack Usage: 32M
[181.870s][info][gc,nmethod  ] GC(91) NMethods: 3043 registered, 0 unregistered
[181.870s][info][gc,metaspace] GC(91) Metaspace: 14M used, 14M committed, 1088M reserved
[181.870s][info][gc,ref      ] GC(91) Soft: 378 encountered, 0 discovered, 0 enqueued
[181.870s][info][gc,ref      ] GC(91) Weak: 933 encountered, 284 discovered, 2 enqueued
[181.870s][info][gc,ref      ] GC(91) Final: 0 encountered, 0 discovered, 0 enqueued
[181.870s][info][gc,ref      ] GC(91) Phantom: 36 encountered, 24 discovered, 0 enqueued
[181.870s][info][gc,reloc    ] GC(91) Small Pages: 640 / 1280M, Empty: 1260M, Relocated: 1M, In-Place: 0
[181.870s][info][gc,reloc    ] GC(91) Medium Pages: 1 / 32M, Empty: 32M, Relocated: 0M, In-Place: 0
[181.870s][info][gc,reloc    ] GC(91) Large Pages: 0 / 0M, Empty: 0M, Relocated: 0M, In-Place: 0
[181.870s][info][gc,reloc    ] GC(91) Forwarding Usage: 0M
[181.870s][info][gc,heap     ] GC(91) Min Capacity: 4096M(100%)
[181.870s][info][gc,heap     ] GC(91) Max Capacity: 4096M(100%)
[181.870s][info][gc,heap     ] GC(91) Soft Max Capacity: 4096M(100%)
[181.870s][info][gc,heap     ] GC(91)                Mark Start          Mark End        Relocate Start      Relocate End           High               Low         
[181.870s][info][gc,heap     ] GC(91)  Capacity:     4096M (100%)       4096M (100%)       4096M (100%)       4096M (100%)       4096M (100%)       4096M (100%)   
[181.870s][info][gc,heap     ] GC(91)      Free:     2784M (68%)        2784M (68%)        4076M (100%)       4086M (100%)       4086M (100%)       2784M (68%)    
[181.870s][info][gc,heap     ] GC(91)      Used:     1312M (32%)        1312M (32%)          20M (0%)           10M (0%)         1312M (32%)          10M (0%)     
[181.870s][info][gc,heap     ] GC(91)      Live:         -                 6M (0%)            6M (0%)            6M (0%)             -                  -          
[181.870s][info][gc,heap     ] GC(91) Allocated:         -                 0M (0%)            0M (0%)            0M (0%)             -                  -          
[181.870s][info][gc,heap     ] GC(91)   Garbage:         -              1305M (32%)          13M (0%)            3M (0%)             -                  -          
[181.870s][info][gc,heap     ] GC(91) Reclaimed:         -                  -              1292M (32%)        1302M (32%)            -                  -          
[181.870s][info][gc          ] GC(91) Garbage Collection (System.gc()) 1312M(32%)->10M(0%)
[184.730s][info][gc,start    ] GC(92) Garbage Collection (System.gc())
[184.730s][info][gc,task     ] GC(92) Using 2 workers
[184.730s][info][gc,phases   ] GC(92) Pause Mark Start 0.007ms
[184.737s][info][gc,phases   ] GC(92) Concurrent Mark 7.435ms
[184.737s][info][gc,phases   ] GC(92) Pause Mark End 0.009ms
[184.737s][info][gc,phases   ] GC(92) Concurrent Mark Free 0.001ms
[184.740s][info][gc,phases   ] GC(92) Concurrent Process Non-Strong References 3.070ms
[184.741s][info][gc,phases   ] GC(92) Concurrent Reset Relocation Set 0.001ms
[184.742s][info][gc,phases   ] GC(92) Concurrent Select Relocation Set 1.533ms
[184.742s][info][gc,phases   ] GC(92) Pause Relocate Start 0.010ms
[184.743s][info][gc,phases   ] GC(92) Concurrent Relocate 0.703ms
[184.743s][info][gc,load     ] GC(92) Load: 0.00/0.00/0.00
[184.743s][info][gc,mmu      ] GC(92) MMU: 2ms/98.5%, 5ms/99.3%, 10ms/99.5%, 20ms/99.8%, 50ms/99.9%, 100ms/99.9%
[184.743s][info][gc,marking  ] GC(92) Mark: 2 stripe(s), 1 proactive flush(es), 1 terminate flush(es), 0 completion(s), 0 continuation(s) 
[184.743s][info][gc,marking  ] GC(92) Mark Stack Usage: 32M
[184.743s][info][gc,nmethod  ] GC(92) NMethods: 3043 registered, 0 unregistered
[184.743s][info][gc,metaspace] GC(92) Metaspace: 14M used, 14M committed, 1088M reserved
[184.743s][info][gc,ref      ] GC(92) Soft: 378 encountered, 0 discovered, 0 enqueued
[184.743s][info][gc,ref      ] GC(92) Weak: 939 encountered, 306 discovered, 8 enqueued
[184.743s][info][gc,ref      ] GC(92) Final: 0 encountered, 0 discovered, 0 enqueued
[184.743s][info][gc,ref      ] GC(92) Phantom: 36 encountered, 24 discovered, 0 enqueued
[184.743s][info][gc,reloc    ] GC(92) Small Pages: 1335 / 2670M, Empty: 2648M, Relocated: 1M, In-Place: 0
[184.743s][info][gc,reloc    ] GC(92) Medium Pages: 1 / 32M, Empty: 32M, Relocated: 0M, In-Place: 0
[184.743s][info][gc,reloc    ] GC(92) Large Pages: 0 / 0M, Empty: 0M, Relocated: 0M, In-Place: 0
[184.743s][info][gc,reloc    ] GC(92) Forwarding Usage: 0M
[184.743s][info][gc,heap     ] GC(92) Min Capacity: 4096M(100%)
[184.743s][info][gc,heap     ] GC(92) Max Capacity: 4096M(100%)
[184.743s][info][gc,heap     ] GC(92) Soft Max Capacity: 4096M(100%)
[184.743s][info][gc,heap     ] GC(92)                Mark Start          Mark End        Relocate Start      Relocate End           High               Low         
[184.743s][info][gc,heap     ] GC(92)  Capacity:     4096M (100%)       4096M (100%)       4096M (100%)       4096M (100%)       4096M (100%)       4096M (100%)   
[184.743s][info][gc,heap     ] GC(92)      Free:     1394M (34%)        1394M (34%)        4074M (99%)        4086M (100%)       4086M (100%)       1394M (34%)    
[184.743s][info][gc,heap     ] GC(92)      Used:     2702M (66%)        2702M (66%)          22M (1%)           10M (0%)         2702M (66%)          10M (0%)     
[184.743s][info][gc,heap     ] GC(92)      Live:         -                 6M (0%)            6M (0%)            6M (0%)             -                  -          
[184.743s][info][gc,heap     ] GC(92) Allocated:         -                 0M (0%)            0M (0%)            0M (0%)             -                  -          
[184.743s][info][gc,heap     ] GC(92)   Garbage:         -              2695M (66%)          15M (0%)            3M (0%)             -                  -          
[184.743s][info][gc,heap     ] GC(92) Reclaimed:         -                  -              2680M (65%)        2692M (66%)            -                  -          
[184.743s][info][gc          ] GC(92) Garbage Collection (System.gc()) 2702M(66%)->10M(0%)
[187.282s][info][gc,start    ] GC(93) Garbage Collection (Proactive)
[187.282s][info][gc,task     ] GC(93) Using 2 workers
[187.282s][info][gc,phases   ] GC(93) Pause Mark Start 0.013ms
[187.329s][info][gc,phases   ] GC(93) Concurrent Mark 46.661ms
[187.329s][info][gc,phases   ] GC(93) Pause Mark End 0.011ms
[187.329s][info][gc,phases   ] GC(93) Concurrent Mark Free 0.002ms
[187.332s][info][gc,phases   ] GC(93) Concurrent Process Non-Strong References 2.822ms
[187.332s][info][gc,phases   ] GC(93) Concurrent Reset Relocation Set 0.001ms
[187.336s][info][gc,phases   ] GC(93) Concurrent Select Relocation Set 4.094ms
[187.336s][info][gc,phases   ] GC(93) Pause Relocate Start 0.011ms
[187.354s][info][gc,phases   ] GC(93) Concurrent Relocate 17.501ms
[187.354s][info][gc,load     ] GC(93) Load: 0.00/0.00/0.00
[187.354s][info][gc,mmu      ] GC(93) MMU: 2ms/98.5%, 5ms/99.3%, 10ms/99.5%, 20ms/99.8%, 50ms/99.9%, 100ms/99.9%
[187.354s][info][gc,marking  ] GC(93) Mark: 2 stripe(s), 2 proactive flush(es), 1 terminate flush(es), 0 completion(s), 0 continuation(s) 
[187.354s][info][gc,marking  ] GC(93) Mark Stack Usage: 32M
[187.354s][info][gc,nmethod  ] GC(93) NMethods: 3043 registered, 0 unregistered
[187.354s][info][gc,metaspace] GC(93) Metaspace: 14M used, 14M committed, 1088M reserved
[187.354s][info][gc,ref      ] GC(93) Soft: 378 encountered, 0 discovered, 0 enqueued
[187.354s][info][gc,ref      ] GC(93) Weak: 937 encountered, 748 discovered, 6 enqueued
[187.354s][info][gc,ref      ] GC(93) Final: 0 encountered, 0 discovered, 0 enqueued
[187.354s][info][gc,ref      ] GC(93) Phantom: 36 encountered, 16 discovered, 0 enqueued
[187.354s][info][gc,reloc    ] GC(93) Small Pages: 723 / 1446M, Empty: 1330M, Relocated: 26M, In-Place: 0
[187.354s][info][gc,reloc    ] GC(93) Medium Pages: 1 / 32M, Empty: 0M, Relocated: 0M, In-Place: 0
[187.354s][info][gc,reloc    ] GC(93) Large Pages: 0 / 0M, Empty: 0M, Relocated: 0M, In-Place: 0
[187.354s][info][gc,reloc    ] GC(93) Forwarding Usage: 15M
[187.354s][info][gc,heap     ] GC(93) Min Capacity: 4096M(100%)
[187.354s][info][gc,heap     ] GC(93) Max Capacity: 4096M(100%)
[187.354s][info][gc,heap     ] GC(93) Soft Max Capacity: 4096M(100%)
[187.354s][info][gc,heap     ] GC(93)                Mark Start          Mark End        Relocate Start      Relocate End           High               Low         
[187.354s][info][gc,heap     ] GC(93)  Capacity:     4096M (100%)       4096M (100%)       4096M (100%)       4096M (100%)       4096M (100%)       4096M (100%)   
[187.354s][info][gc,heap     ] GC(93)      Free:     2618M (64%)        2616M (64%)        3946M (96%)        4018M (98%)        4018M (98%)        2616M (64%)    
[187.354s][info][gc,heap     ] GC(93)      Used:     1478M (36%)        1480M (36%)         150M (4%)           78M (2%)         1480M (36%)          78M (2%)     
[187.354s][info][gc,heap     ] GC(93)      Live:         -                39M (1%)           39M (1%)           39M (1%)             -                  -          
[187.354s][info][gc,heap     ] GC(93) Allocated:         -                 2M (0%)            2M (0%)            1M (0%)             -                  -          
[187.354s][info][gc,heap     ] GC(93)   Garbage:         -              1438M (35%)         108M (3%)           36M (1%)             -                  -          
[187.354s][info][gc,heap     ] GC(93) Reclaimed:         -                  -              1330M (32%)        1401M (34%)            -                  -          
[187.354s][info][gc          ] GC(93) Garbage Collection (Proactive) 1478M(36%)->78M(2%)
[187.620s][info][gc,start    ] GC(94) Garbage Collection (System.gc())
[187.620s][info][gc,task     ] GC(94) Using 2 workers
[187.620s][info][gc,phases   ] GC(94) Pause Mark Start 0.005ms
[187.627s][info][gc,phases   ] GC(94) Concurrent Mark 6.913ms
[187.627s][info][gc,phases   ] GC(94) Pause Mark End 0.012ms
[187.627s][info][gc,phases   ] GC(94) Concurrent Mark Free 0.001ms
[187.631s][info][gc,phases   ] GC(94) Concurrent Process Non-Strong References 3.184ms
[187.631s][info][gc,phases   ] GC(94) Concurrent Reset Relocation Set 0.008ms
[187.634s][info][gc,phases   ] GC(94) Concurrent Select Relocation Set 2.903ms
[187.634s][info][gc,phases   ] GC(94) Pause Relocate Start 0.008ms
[187.635s][info][gc,phases   ] GC(94) Concurrent Relocate 0.823ms
[187.635s][info][gc,load     ] GC(94) Load: 0.00/0.00/0.00
[187.635s][info][gc,mmu      ] GC(94) MMU: 2ms/98.5%, 5ms/99.3%, 10ms/99.5%, 20ms/99.8%, 50ms/99.9%, 100ms/99.9%
[187.635s][info][gc,marking  ] GC(94) Mark: 2 stripe(s), 1 proactive flush(es), 1 terminate flush(es), 0 completion(s), 0 continuation(s) 
[187.635s][info][gc,marking  ] GC(94) Mark Stack Usage: 32M
[187.635s][info][gc,nmethod  ] GC(94) NMethods: 3043 registered, 0 unregistered
[187.635s][info][gc,metaspace] GC(94) Metaspace: 14M used, 14M committed, 1088M reserved
[187.635s][info][gc,ref      ] GC(94) Soft: 378 encountered, 0 discovered, 0 enqueued
[187.635s][info][gc,ref      ] GC(94) Weak: 934 encountered, 628 discovered, 2 enqueued
[187.635s][info][gc,ref      ] GC(94) Final: 0 encountered, 0 discovered, 0 enqueued
[187.635s][info][gc,ref      ] GC(94) Phantom: 36 encountered, 16 discovered, 0 enqueued
[187.635s][info][gc,reloc    ] GC(94) Small Pages: 634 / 1268M, Empty: 1248M, Relocated: 1M, In-Place: 0
[187.635s][info][gc,reloc    ] GC(94) Medium Pages: 1 / 32M, Empty: 32M, Relocated: 0M, In-Place: 0
[187.635s][info][gc,reloc    ] GC(94) Large Pages: 0 / 0M, Empty: 0M, Relocated: 0M, In-Place: 0
[187.635s][info][gc,reloc    ] GC(94) Forwarding Usage: 0M
[187.635s][info][gc,heap     ] GC(94) Min Capacity: 4096M(100%)
[187.635s][info][gc,heap     ] GC(94) Max Capacity: 4096M(100%)
[187.635s][info][gc,heap     ] GC(94) Soft Max Capacity: 4096M(100%)
[187.635s][info][gc,heap     ] GC(94)                Mark Start          Mark End        Relocate Start      Relocate End           High               Low         
[187.635s][info][gc,heap     ] GC(94)  Capacity:     4096M (100%)       4096M (100%)       4096M (100%)       4096M (100%)       4096M (100%)       4096M (100%)   
[187.635s][info][gc,heap     ] GC(94)      Free:     2796M (68%)        2796M (68%)        4076M (100%)       4086M (100%)       4086M (100%)       2796M (68%)    
[187.635s][info][gc,heap     ] GC(94)      Used:     1300M (32%)        1300M (32%)          20M (0%)           10M (0%)         1300M (32%)          10M (0%)     
[187.635s][info][gc,heap     ] GC(94)      Live:         -                 6M (0%)            6M (0%)            6M (0%)             -                  -          
[187.635s][info][gc,heap     ] GC(94) Allocated:         -                 0M (0%)            0M (0%)            0M (0%)             -                  -          
[187.635s][info][gc,heap     ] GC(94)   Garbage:         -              1293M (32%)          13M (0%)            3M (0%)             -                  -          
[187.635s][info][gc,heap     ] GC(94) Reclaimed:         -                  -              1280M (31%)        1290M (31%)            -                  -          
[187.635s][info][gc          ] GC(94) Garbage Collection (System.gc()) 1300M(32%)->10M(0%)
[190.187s][info][gc,stats    ] === Garbage Collection Statistics =======================================================================================================================
[190.187s][info][gc,stats    ]                                                              Last 10s              Last 10m              Last 10h                Total
[190.187s][info][gc,stats    ]                                                              Avg / Max             Avg / Max             Avg / Max             Avg / Max
[190.187s][info][gc,stats    ]   Collector: Garbage Collection Cycle                     34.360 / 72.065       35.065 / 113.591      35.065 / 113.591      35.065 / 113.591     ms
[190.187s][info][gc,stats    ]  Contention: Mark Segment Reset Contention                     0 / 0                 0 / 3                 0 / 3                 0 / 3           ops/s
[190.187s][info][gc,stats    ]  Contention: Mark SeqNum Reset Contention                      0 / 0                 0 / 1                 0 / 1                 0 / 1           ops/s
[190.187s][info][gc,stats    ]    Critical: Allocation Stall                                  0 / 0                 0 / 0                 0 / 0                 0 / 0           ops/s
[190.187s][info][gc,stats    ]    Critical: Allocation Stall                              0.000 / 0.000         0.000 / 0.000         0.000 / 0.000         0.000 / 0.000       ms
[190.187s][info][gc,stats    ]    Critical: GC Locker Stall                                   0 / 0                 0 / 0                 0 / 0                 0 / 0           ops/s
[190.187s][info][gc,stats    ]    Critical: GC Locker Stall                               0.000 / 0.000         0.000 / 0.000         0.000 / 0.000         0.000 / 0.000       ms
[190.187s][info][gc,stats    ]    Critical: Relocation Stall                                  0 / 0                 0 / 0                 0 / 0                 0 / 0           ops/s
[190.187s][info][gc,stats    ]    Critical: Relocation Stall                              0.000 / 0.000         0.000 / 0.000         0.000 / 0.000         0.000 / 0.000       ms
[190.187s][info][gc,stats    ]      Memory: Allocation Rate                                 931 / 1378            985 / 1380            985 / 1380            985 / 1380        MB/s
[190.187s][info][gc,stats    ]      Memory: Out Of Memory                                     0 / 0                 0 / 0                 0 / 0                 0 / 0           ops/s
[190.187s][info][gc,stats    ]      Memory: Page Cache Flush                                  0 / 0                 0 / 0                 0 / 0                 0 / 0           MB/s
[190.187s][info][gc,stats    ]      Memory: Page Cache Hit L1                               464 / 688             482 / 689             482 / 689             482 / 689         ops/s
[190.187s][info][gc,stats    ]      Memory: Page Cache Hit L2                                 0 / 0                 0 / 0                 0 / 0                 0 / 0           ops/s
[190.187s][info][gc,stats    ]      Memory: Page Cache Hit L3                                 0 / 0                 7 / 392               7 / 392               7 / 392         ops/s
[190.187s][info][gc,stats    ]      Memory: Page Cache Miss                                   0 / 0                 0 / 1                 0 / 1                 0 / 1           ops/s
[190.187s][info][gc,stats    ]      Memory: Uncommit                                          0 / 0                 0 / 0                 0 / 0                 0 / 0           MB/s
[190.187s][info][gc,stats    ]      Memory: Undo Object Allocation Failed                     0 / 0                 0 / 0                 0 / 0                 0 / 0           ops/s
[190.187s][info][gc,stats    ]      Memory: Undo Object Allocation Succeeded                  0 / 0                 1 / 140               1 / 140               1 / 140         ops/s
[190.187s][info][gc,stats    ]      Memory: Undo Page Allocation                              0 / 0                 0 / 0                 0 / 0                 0 / 0           ops/s
[190.187s][info][gc,stats    ]       Phase: Concurrent Mark                              20.668 / 46.661       22.789 / 78.232       22.789 / 78.232       22.789 / 78.232      ms
[190.187s][info][gc,stats    ]       Phase: Concurrent Mark Continue                      0.000 / 0.000         0.000 / 0.000         0.000 / 0.000         0.000 / 0.000       ms
[190.187s][info][gc,stats    ]       Phase: Concurrent Mark Free                          0.002 / 0.003         0.002 / 0.003         0.002 / 0.003         0.002 / 0.003       ms
[190.188s][info][gc,stats    ]       Phase: Concurrent Process Non-Strong References      2.964 / 3.184         2.953 / 4.781         2.953 / 4.781         2.953 / 4.781       ms
[190.188s][info][gc,stats    ]       Phase: Concurrent Relocate                           6.859 / 17.501        5.663 / 27.510        5.663 / 27.510        5.663 / 27.510      ms
[190.188s][info][gc,stats    ]       Phase: Concurrent Reset Relocation Set               0.003 / 0.008         0.003 / 0.008         0.003 / 0.008         0.003 / 0.008       ms
[190.188s][info][gc,stats    ]       Phase: Concurrent Select Relocation Set              3.041 / 4.094         2.753 / 7.858         2.753 / 7.858         2.753 / 7.858       ms
[190.188s][info][gc,stats    ]       Phase: Pause Mark End                                0.011 / 0.012         0.016 / 0.031         0.016 / 0.031         0.016 / 0.031       ms
[190.188s][info][gc,stats    ]       Phase: Pause Mark Start                              0.009 / 0.013         0.008 / 0.027         0.008 / 0.027         0.008 / 0.027       ms
[190.188s][info][gc,stats    ]       Phase: Pause Relocate Start                          0.011 / 0.016         0.010 / 0.022         0.010 / 0.022         0.010 / 0.022       ms
[190.188s][info][gc,stats    ]    Subphase: Concurrent Classes Purge                      0.151 / 0.173         0.136 / 0.219         0.136 / 0.219         0.136 / 0.219       ms
[190.188s][info][gc,stats    ]    Subphase: Concurrent Classes Unlink                     2.320 / 2.575         2.240 / 3.817         2.240 / 3.817         2.240 / 3.817       ms
[190.188s][info][gc,stats    ]    Subphase: Concurrent Mark                              17.128 / 45.762       17.619 / 77.416       17.619 / 77.416       17.619 / 77.416      ms
[190.188s][info][gc,stats    ]    Subphase: Concurrent Mark Try Flush                     0.057 / 0.122         0.086 / 0.514         0.086 / 0.514         0.086 / 0.514       ms
[190.188s][info][gc,stats    ]    Subphase: Concurrent Mark Try Terminate                 2.123 / 14.537        3.528 / 17.130        3.528 / 17.130        3.528 / 17.130      ms
[190.188s][info][gc,stats    ]    Subphase: Concurrent References Enqueue                 0.006 / 0.007         0.006 / 0.009         0.006 / 0.009         0.006 / 0.009       ms
[190.188s][info][gc,stats    ]    Subphase: Concurrent References Process                 0.140 / 0.170         0.159 / 0.251         0.159 / 0.251         0.159 / 0.251       ms
[190.188s][info][gc,stats    ]    Subphase: Concurrent Roots ClassLoaderDataGraph         0.084 / 0.184         0.054 / 0.243         0.054 / 0.243         0.054 / 0.243       ms
[190.188s][info][gc,stats    ]    Subphase: Concurrent Roots CodeCache                    0.000 / 0.000         0.000 / 0.000         0.000 / 0.000         0.000 / 0.000       ms
[190.188s][info][gc,stats    ]    Subphase: Concurrent Roots JavaThreads                  0.379 / 0.762         0.260 / 0.762         0.260 / 0.762         0.260 / 0.762       ms
[190.188s][info][gc,stats    ]    Subphase: Concurrent Roots OopStorageSet                0.017 / 0.029         0.014 / 0.052         0.014 / 0.052         0.014 / 0.052       ms
[190.188s][info][gc,stats    ]    Subphase: Concurrent Weak Roots OopStorageSet           0.133 / 0.248         0.204 / 0.396         0.204 / 0.396         0.204 / 0.396       ms
[190.188s][info][gc,stats    ]    Subphase: Pause Mark Try Complete                       0.000 / 0.000         0.000 / 0.000         0.000 / 0.000         0.000 / 0.000       ms
[190.188s][info][gc,stats    ]      System: Java Threads                                     12 / 12               12 / 13               12 / 13               12 / 13          threads
[190.188s][info][gc,stats    ] =========================================================================================================================================================
[190.526s][info][gc,start    ] GC(95) Garbage Collection (System.gc())
[190.526s][info][gc,task     ] GC(95) Using 2 workers
[190.526s][info][gc,phases   ] GC(95) Pause Mark Start 0.012ms
[190.532s][info][gc,phases   ] GC(95) Concurrent Mark 5.586ms
[190.532s][info][gc,phases   ] GC(95) Pause Mark End 0.014ms
[190.532s][info][gc,phases   ] GC(95) Concurrent Mark Free 0.001ms
[190.535s][info][gc,phases   ] GC(95) Concurrent Process Non-Strong References 2.982ms
[190.535s][info][gc,phases   ] GC(95) Concurrent Reset Relocation Set 0.002ms
[190.537s][info][gc,phases   ] GC(95) Concurrent Select Relocation Set 1.713ms
[190.537s][info][gc,phases   ] GC(95) Pause Relocate Start 0.009ms
[190.538s][info][gc,phases   ] GC(95) Concurrent Relocate 0.851ms
[190.538s][info][gc,load     ] GC(95) Load: 0.00/0.00/0.00
[190.538s][info][gc,mmu      ] GC(95) MMU: 2ms/98.5%, 5ms/99.3%, 10ms/99.5%, 20ms/99.8%, 50ms/99.9%, 100ms/99.9%
[190.538s][info][gc,marking  ] GC(95) Mark: 2 stripe(s), 2 proactive flush(es), 1 terminate flush(es), 0 completion(s), 0 continuation(s) 
[190.538s][info][gc,marking  ] GC(95) Mark Stack Usage: 32M
[190.538s][info][gc,nmethod  ] GC(95) NMethods: 3044 registered, 0 unregistered
[190.538s][info][gc,metaspace] GC(95) Metaspace: 14M used, 14M committed, 1088M reserved
[190.538s][info][gc,ref      ] GC(95) Soft: 378 encountered, 0 discovered, 0 enqueued
[190.538s][info][gc,ref      ] GC(95) Weak: 940 encountered, 661 discovered, 8 enqueued
[190.538s][info][gc,ref      ] GC(95) Final: 0 encountered, 0 discovered, 0 enqueued
[190.538s][info][gc,ref      ] GC(95) Phantom: 36 encountered, 28 discovered, 0 enqueued
[190.538s][info][gc,reloc    ] GC(95) Small Pages: 1335 / 2670M, Empty: 2644M, Relocated: 1M, In-Place: 0
[190.538s][info][gc,reloc    ] GC(95) Medium Pages: 1 / 32M, Empty: 32M, Relocated: 0M, In-Place: 0
[190.538s][info][gc,reloc    ] GC(95) Large Pages: 0 / 0M, Empty: 0M, Relocated: 0M, In-Place: 0
[190.538s][info][gc,reloc    ] GC(95) Forwarding Usage: 0M
[190.538s][info][gc,heap     ] GC(95) Min Capacity: 4096M(100%)
[190.538s][info][gc,heap     ] GC(95) Max Capacity: 4096M(100%)
[190.538s][info][gc,heap     ] GC(95) Soft Max Capacity: 4096M(100%)
[190.538s][info][gc,heap     ] GC(95)                Mark Start          Mark End        Relocate Start      Relocate End           High               Low         
[190.538s][info][gc,heap     ] GC(95)  Capacity:     4096M (100%)       4096M (100%)       4096M (100%)       4096M (100%)       4096M (100%)       4096M (100%)   
[190.538s][info][gc,heap     ] GC(95)      Free:     1394M (34%)        1394M (34%)        4070M (99%)        4086M (100%)       4086M (100%)       1394M (34%)    
[190.538s][info][gc,heap     ] GC(95)      Used:     2702M (66%)        2702M (66%)          26M (1%)           10M (0%)         2702M (66%)          10M (0%)     
[190.538s][info][gc,heap     ] GC(95)      Live:         -                 6M (0%)            6M (0%)            6M (0%)             -                  -          
[190.538s][info][gc,heap     ] GC(95) Allocated:         -                 0M (0%)            0M (0%)            0M (0%)             -                  -          
[190.538s][info][gc,heap     ] GC(95)   Garbage:         -              2695M (66%)          19M (0%)            3M (0%)             -                  -          
[190.538s][info][gc,heap     ] GC(95) Reclaimed:         -                  -              2676M (65%)        2692M (66%)            -                  -          
[190.538s][info][gc          ] GC(95) Garbage Collection (System.gc()) 2702M(66%)->10M(0%)
[193.431s][info][gc,start    ] GC(96) Garbage Collection (System.gc())
[193.431s][info][gc,task     ] GC(96) Using 2 workers
[193.431s][info][gc,phases   ] GC(96) Pause Mark Start 0.006ms
[193.437s][info][gc,phases   ] GC(96) Concurrent Mark 5.683ms
[193.437s][info][gc,phases   ] GC(96) Pause Mark End 0.007ms
[193.437s][info][gc,phases   ] GC(96) Concurrent Mark Free 0.001ms
[193.440s][info][gc,phases   ] GC(96) Concurrent Process Non-Strong References 2.948ms
[193.440s][info][gc,phases   ] GC(96) Concurrent Reset Relocation Set 0.002ms
[193.442s][info][gc,phases   ] GC(96) Concurrent Select Relocation Set 1.710ms
[193.442s][info][gc,phases   ] GC(96) Pause Relocate Start 0.010ms
[193.443s][info][gc,phases   ] GC(96) Concurrent Relocate 0.910ms
[193.443s][info][gc,load     ] GC(96) Load: 0.00/0.00/0.00
[193.443s][info][gc,mmu      ] GC(96) MMU: 2ms/98.5%, 5ms/99.3%, 10ms/99.5%, 20ms/99.8%, 50ms/99.9%, 100ms/99.9%
[193.443s][info][gc,marking  ] GC(96) Mark: 2 stripe(s), 2 proactive flush(es), 1 terminate flush(es), 0 completion(s), 0 continuation(s) 
[193.443s][info][gc,marking  ] GC(96) Mark Stack Usage: 32M
[193.443s][info][gc,nmethod  ] GC(96) NMethods: 3050 registered, 0 unregistered
[193.443s][info][gc,metaspace] GC(96) Metaspace: 14M used, 14M committed, 1088M reserved
[193.443s][info][gc,ref      ] GC(96) Soft: 378 encountered, 0 discovered, 0 enqueued
[193.443s][info][gc,ref      ] GC(96) Weak: 940 encountered, 706 discovered, 9 enqueued
[193.443s][info][gc,ref      ] GC(96) Final: 0 encountered, 0 discovered, 0 enqueued
[193.443s][info][gc,ref      ] GC(96) Phantom: 36 encountered, 16 discovered, 0 enqueued
[193.443s][info][gc,reloc    ] GC(96) Small Pages: 1335 / 2670M, Empty: 2648M, Relocated: 1M, In-Place: 0
[193.443s][info][gc,reloc    ] GC(96) Medium Pages: 1 / 32M, Empty: 32M, Relocated: 0M, In-Place: 0
[193.443s][info][gc,reloc    ] GC(96) Large Pages: 0 / 0M, Empty: 0M, Relocated: 0M, In-Place: 0
[193.443s][info][gc,reloc    ] GC(96) Forwarding Usage: 0M
[193.443s][info][gc,heap     ] GC(96) Min Capacity: 4096M(100%)
[193.443s][info][gc,heap     ] GC(96) Max Capacity: 4096M(100%)
[193.443s][info][gc,heap     ] GC(96) Soft Max Capacity: 4096M(100%)
[193.443s][info][gc,heap     ] GC(96)                Mark Start          Mark End        Relocate Start      Relocate End           High               Low         
[193.443s][info][gc,heap     ] GC(96)  Capacity:     4096M (100%)       4096M (100%)       4096M (100%)       4096M (100%)       4096M (100%)       4096M (100%)   
[193.443s][info][gc,heap     ] GC(96)      Free:     1394M (34%)        1394M (34%)        4074M (99%)        4086M (100%)       4086M (100%)       1394M (34%)    
[193.443s][info][gc,heap     ] GC(96)      Used:     2702M (66%)        2702M (66%)          22M (1%)           10M (0%)         2702M (66%)          10M (0%)     
[193.443s][info][gc,heap     ] GC(96)      Live:         -                 6M (0%)            6M (0%)            6M (0%)             -                  -          
[193.443s][info][gc,heap     ] GC(96) Allocated:         -                 0M (0%)            0M (0%)            0M (0%)             -                  -          
[193.443s][info][gc,heap     ] GC(96)   Garbage:         -              2695M (66%)          15M (0%)            3M (0%)             -                  -          
[193.443s][info][gc,heap     ] GC(96) Reclaimed:         -                  -              2680M (65%)        2692M (66%)            -                  -          
[193.443s][info][gc          ] GC(96) Garbage Collection (System.gc()) 2702M(66%)->10M(0%)
[195.478s][info][gc,start    ] GC(97) Garbage Collection (Proactive)
[195.478s][info][gc,task     ] GC(97) Using 2 workers
[195.478s][info][gc,phases   ] GC(97) Pause Mark Start 0.013ms
[195.525s][info][gc,phases   ] GC(97) Concurrent Mark 46.935ms
[195.526s][info][gc,phases   ] GC(97) Pause Mark End 0.016ms
[195.526s][info][gc,phases   ] GC(97) Concurrent Mark Free 0.002ms
[195.529s][info][gc,phases   ] GC(97) Concurrent Process Non-Strong References 3.073ms
[195.529s][info][gc,phases   ] GC(97) Concurrent Reset Relocation Set 0.001ms
[195.533s][info][gc,phases   ] GC(97) Concurrent Select Relocation Set 4.214ms
[195.533s][info][gc,phases   ] GC(97) Pause Relocate Start 0.009ms
[195.552s][info][gc,phases   ] GC(97) Concurrent Relocate 18.316ms
[195.552s][info][gc,load     ] GC(97) Load: 0.00/0.00/0.00
[195.552s][info][gc,mmu      ] GC(97) MMU: 2ms/98.5%, 5ms/99.3%, 10ms/99.5%, 20ms/99.8%, 50ms/99.9%, 100ms/99.9%
[195.552s][info][gc,marking  ] GC(97) Mark: 2 stripe(s), 4 proactive flush(es), 1 terminate flush(es), 0 completion(s), 0 continuation(s) 
[195.552s][info][gc,marking  ] GC(97) Mark Stack Usage: 32M
[195.552s][info][gc,nmethod  ] GC(97) NMethods: 3050 registered, 0 unregistered
[195.552s][info][gc,metaspace] GC(97) Metaspace: 14M used, 14M committed, 1088M reserved
[195.552s][info][gc,ref      ] GC(97) Soft: 378 encountered, 0 discovered, 0 enqueued
[195.552s][info][gc,ref      ] GC(97) Weak: 936 encountered, 473 discovered, 6 enqueued
[195.552s][info][gc,ref      ] GC(97) Final: 0 encountered, 0 discovered, 0 enqueued
[195.552s][info][gc,ref      ] GC(97) Phantom: 36 encountered, 17 discovered, 0 enqueued
[195.552s][info][gc,reloc    ] GC(97) Small Pages: 720 / 1440M, Empty: 1330M, Relocated: 27M, In-Place: 0
[195.552s][info][gc,reloc    ] GC(97) Medium Pages: 1 / 32M, Empty: 0M, Relocated: 0M, In-Place: 0
[195.552s][info][gc,reloc    ] GC(97) Large Pages: 0 / 0M, Empty: 0M, Relocated: 0M, In-Place: 0
[195.552s][info][gc,reloc    ] GC(97) Forwarding Usage: 17M
[195.552s][info][gc,heap     ] GC(97) Min Capacity: 4096M(100%)
[195.552s][info][gc,heap     ] GC(97) Max Capacity: 4096M(100%)
[195.552s][info][gc,heap     ] GC(97) Soft Max Capacity: 4096M(100%)
[195.552s][info][gc,heap     ] GC(97)                Mark Start          Mark End        Relocate Start      Relocate End           High               Low         
[195.552s][info][gc,heap     ] GC(97)  Capacity:     4096M (100%)       4096M (100%)       4096M (100%)       4096M (100%)       4096M (100%)       4096M (100%)   
[195.552s][info][gc,heap     ] GC(97)      Free:     2624M (64%)        2622M (64%)        3952M (96%)        4020M (98%)        4020M (98%)        2622M (64%)    
[195.552s][info][gc,heap     ] GC(97)      Used:     1472M (36%)        1474M (36%)         144M (4%)           76M (2%)         1474M (36%)          76M (2%)     
[195.552s][info][gc,heap     ] GC(97)      Live:         -                38M (1%)           38M (1%)           38M (1%)             -                  -          
[195.552s][info][gc,heap     ] GC(97) Allocated:         -                 2M (0%)            2M (0%)            1M (0%)             -                  -          
[195.552s][info][gc,heap     ] GC(97)   Garbage:         -              1433M (35%)         103M (3%)           35M (1%)             -                  -          
[195.552s][info][gc,heap     ] GC(97) Reclaimed:         -                  -              1330M (32%)        1397M (34%)            -                  -          
[195.552s][info][gc          ] GC(97) Garbage Collection (Proactive) 1472M(36%)->76M(2%)
[196.295s][info][gc,start    ] GC(98) Garbage Collection (System.gc())
[196.295s][info][gc,task     ] GC(98) Using 2 workers
[196.295s][info][gc,phases   ] GC(98) Pause Mark Start 0.007ms
[196.310s][info][gc,phases   ] GC(98) Concurrent Mark 14.966ms
[196.310s][info][gc,phases   ] GC(98) Pause Mark End 0.009ms
[196.310s][info][gc,phases   ] GC(98) Concurrent Mark Free 0.002ms
[196.313s][info][gc,phases   ] GC(98) Concurrent Process Non-Strong References 2.578ms
[196.313s][info][gc,phases   ] GC(98) Concurrent Reset Relocation Set 0.004ms
[196.316s][info][gc,phases   ] GC(98) Concurrent Select Relocation Set 3.022ms
[196.316s][info][gc,phases   ] GC(98) Pause Relocate Start 0.010ms
[196.317s][info][gc,phases   ] GC(98) Concurrent Relocate 0.891ms
[196.317s][info][gc,load     ] GC(98) Load: 0.00/0.00/0.00
[196.317s][info][gc,mmu      ] GC(98) MMU: 2ms/98.5%, 5ms/99.3%, 10ms/99.5%, 20ms/99.8%, 50ms/99.9%, 100ms/99.9%
[196.317s][info][gc,marking  ] GC(98) Mark: 2 stripe(s), 1 proactive flush(es), 1 terminate flush(es), 0 completion(s), 0 continuation(s) 
[196.317s][info][gc,marking  ] GC(98) Mark Stack Usage: 32M
[196.317s][info][gc,nmethod  ] GC(98) NMethods: 3050 registered, 0 unregistered
[196.317s][info][gc,metaspace] GC(98) Metaspace: 14M used, 14M committed, 1088M reserved
[196.317s][info][gc,ref      ] GC(98) Soft: 378 encountered, 0 discovered, 0 enqueued
[196.317s][info][gc,ref      ] GC(98) Weak: 933 encountered, 15 discovered, 2 enqueued
[196.317s][info][gc,ref      ] GC(98) Final: 0 encountered, 0 discovered, 0 enqueued
[196.317s][info][gc,ref      ] GC(98) Phantom: 36 encountered, 13 discovered, 0 enqueued
[196.317s][info][gc,reloc    ] GC(98) Small Pages: 636 / 1272M, Empty: 1250M, Relocated: 1M, In-Place: 0
[196.317s][info][gc,reloc    ] GC(98) Medium Pages: 1 / 32M, Empty: 32M, Relocated: 0M, In-Place: 0
[196.317s][info][gc,reloc    ] GC(98) Large Pages: 0 / 0M, Empty: 0M, Relocated: 0M, In-Place: 0
[196.317s][info][gc,reloc    ] GC(98) Forwarding Usage: 0M
[196.317s][info][gc,heap     ] GC(98) Min Capacity: 4096M(100%)
[196.317s][info][gc,heap     ] GC(98) Max Capacity: 4096M(100%)
[196.317s][info][gc,heap     ] GC(98) Soft Max Capacity: 4096M(100%)
[196.317s][info][gc,heap     ] GC(98)                Mark Start          Mark End        Relocate Start      Relocate End           High               Low         
[196.317s][info][gc,heap     ] GC(98)  Capacity:     4096M (100%)       4096M (100%)       4096M (100%)       4096M (100%)       4096M (100%)       4096M (100%)   
[196.317s][info][gc,heap     ] GC(98)      Free:     2792M (68%)        2792M (68%)        4074M (99%)        4086M (100%)       4086M (100%)       2792M (68%)    
[196.317s][info][gc,heap     ] GC(98)      Used:     1304M (32%)        1304M (32%)          22M (1%)           10M (0%)         1304M (32%)          10M (0%)     
[196.317s][info][gc,heap     ] GC(98)      Live:         -                 6M (0%)            6M (0%)            6M (0%)             -                  -          
[196.317s][info][gc,heap     ] GC(98) Allocated:         -                 0M (0%)            0M (0%)            0M (0%)             -                  -          
[196.317s][info][gc,heap     ] GC(98)   Garbage:         -              1297M (32%)          15M (0%)            3M (0%)             -                  -          
[196.317s][info][gc,heap     ] GC(98) Reclaimed:         -                  -              1282M (31%)        1294M (32%)            -                  -          
[196.317s][info][gc          ] GC(98) Garbage Collection (System.gc()) 1304M(32%)->10M(0%)
[199.214s][info][gc,start    ] GC(99) Garbage Collection (System.gc())
[199.214s][info][gc,task     ] GC(99) Using 2 workers
[199.214s][info][gc,phases   ] GC(99) Pause Mark Start 0.008ms
[199.231s][info][gc,phases   ] GC(99) Concurrent Mark 16.764ms
[199.231s][info][gc,phases   ] GC(99) Pause Mark End 0.027ms
[199.232s][info][gc,phases   ] GC(99) Concurrent Mark Free 0.003ms
[199.235s][info][gc,phases   ] GC(99) Concurrent Process Non-Strong References 2.726ms
[199.235s][info][gc,phases   ] GC(99) Concurrent Reset Relocation Set 0.002ms
[199.236s][info][gc,phases   ] GC(99) Concurrent Select Relocation Set 1.535ms
[199.236s][info][gc,phases   ] GC(99) Pause Relocate Start 0.010ms
[199.237s][info][gc,phases   ] GC(99) Concurrent Relocate 0.659ms
[199.237s][info][gc,load     ] GC(99) Load: 0.00/0.00/0.00
[199.237s][info][gc,mmu      ] GC(99) MMU: 2ms/98.5%, 5ms/99.3%, 10ms/99.5%, 20ms/99.8%, 50ms/99.9%, 100ms/99.9%
[199.237s][info][gc,marking  ] GC(99) Mark: 2 stripe(s), 1 proactive flush(es), 1 terminate flush(es), 0 completion(s), 0 continuation(s) 
[199.237s][info][gc,marking  ] GC(99) Mark Stack Usage: 32M
[199.237s][info][gc,nmethod  ] GC(99) NMethods: 3050 registered, 0 unregistered
[199.237s][info][gc,metaspace] GC(99) Metaspace: 14M used, 14M committed, 1088M reserved
[199.237s][info][gc,ref      ] GC(99) Soft: 378 encountered, 0 discovered, 0 enqueued
[199.237s][info][gc,ref      ] GC(99) Weak: 940 encountered, 71 discovered, 8 enqueued
[199.237s][info][gc,ref      ] GC(99) Final: 0 encountered, 0 discovered, 0 enqueued
[199.237s][info][gc,ref      ] GC(99) Phantom: 36 encountered, 15 discovered, 0 enqueued
[199.237s][info][gc,reloc    ] GC(99) Small Pages: 1335 / 2670M, Empty: 2646M, Relocated: 1M, In-Place: 0
[199.237s][info][gc,reloc    ] GC(99) Medium Pages: 1 / 32M, Empty: 32M, Relocated: 0M, In-Place: 0
[199.237s][info][gc,reloc    ] GC(99) Large Pages: 0 / 0M, Empty: 0M, Relocated: 0M, In-Place: 0
[199.237s][info][gc,reloc    ] GC(99) Forwarding Usage: 0M
[199.237s][info][gc,heap     ] GC(99) Min Capacity: 4096M(100%)
[199.237s][info][gc,heap     ] GC(99) Max Capacity: 4096M(100%)
[199.237s][info][gc,heap     ] GC(99) Soft Max Capacity: 4096M(100%)
[199.237s][info][gc,heap     ] GC(99)                Mark Start          Mark End        Relocate Start      Relocate End           High               Low         
[199.237s][info][gc,heap     ] GC(99)  Capacity:     4096M (100%)       4096M (100%)       4096M (100%)       4096M (100%)       4096M (100%)       4096M (100%)   
[199.237s][info][gc,heap     ] GC(99)      Free:     1394M (34%)        1394M (34%)        4072M (99%)        4086M (100%)       4086M (100%)       1394M (34%)    
[199.237s][info][gc,heap     ] GC(99)      Used:     2702M (66%)        2702M (66%)          24M (1%)           10M (0%)         2702M (66%)          10M (0%)     
[199.237s][info][gc,heap     ] GC(99)      Live:         -                 6M (0%)            6M (0%)            6M (0%)             -                  -          
[199.237s][info][gc,heap     ] GC(99) Allocated:         -                 0M (0%)            0M (0%)            0M (0%)             -                  -          
[199.237s][info][gc,heap     ] GC(99)   Garbage:         -              2695M (66%)          17M (0%)            3M (0%)             -                  -          
[199.237s][info][gc,heap     ] GC(99) Reclaimed:         -                  -              2678M (65%)        2692M (66%)            -                  -          
[199.237s][info][gc          ] GC(99) Garbage Collection (System.gc()) 2702M(66%)->10M(0%)
[200.172s][info][gc,stats    ] === Garbage Collection Statistics =======================================================================================================================
[200.173s][info][gc,stats    ]                                                              Last 10s              Last 10m              Last 10h                Total
[200.173s][info][gc,stats    ]                                                              Avg / Max             Avg / Max             Avg / Max             Avg / Max
[200.173s][info][gc,stats    ]   Collector: Garbage Collection Cycle                     28.578 / 73.671       34.741 / 113.591      34.741 / 113.591      34.741 / 113.591     ms
[200.173s][info][gc,stats    ]  Contention: Mark Segment Reset Contention                     0 / 0                 0 / 3                 0 / 3                 0 / 3           ops/s
[200.173s][info][gc,stats    ]  Contention: Mark SeqNum Reset Contention                      0 / 0                 0 / 1                 0 / 1                 0 / 1           ops/s
[200.173s][info][gc,stats    ]    Critical: Allocation Stall                                  0 / 0                 0 / 0                 0 / 0                 0 / 0           ops/s
[200.173s][info][gc,stats    ]    Critical: Allocation Stall                              0.000 / 0.000         0.000 / 0.000         0.000 / 0.000         0.000 / 0.000       ms
[200.173s][info][gc,stats    ]    Critical: GC Locker Stall                                   0 / 0                 0 / 0                 0 / 0                 0 / 0           ops/s
[200.173s][info][gc,stats    ]    Critical: GC Locker Stall                               0.000 / 0.000         0.000 / 0.000         0.000 / 0.000         0.000 / 0.000       ms
[200.173s][info][gc,stats    ]    Critical: Relocation Stall                                  0 / 0                 0 / 0                 0 / 0                 0 / 0           ops/s
[200.173s][info][gc,stats    ]    Critical: Relocation Stall                              0.000 / 0.000         0.000 / 0.000         0.000 / 0.000         0.000 / 0.000       ms
[200.173s][info][gc,stats    ]      Memory: Allocation Rate                                 945 / 1364            983 / 1380            983 / 1380            983 / 1380        MB/s
[200.173s][info][gc,stats    ]      Memory: Out Of Memory                                     0 / 0                 0 / 0                 0 / 0                 0 / 0           ops/s
[200.173s][info][gc,stats    ]      Memory: Page Cache Flush                                  0 / 0                 0 / 0                 0 / 0                 0 / 0           MB/s
[200.173s][info][gc,stats    ]      Memory: Page Cache Hit L1                               469 / 671             482 / 689             482 / 689             482 / 689         ops/s
[200.173s][info][gc,stats    ]      Memory: Page Cache Hit L2                                 0 / 0                 0 / 0                 0 / 0                 0 / 0           ops/s
[200.173s][info][gc,stats    ]      Memory: Page Cache Hit L3                                 0 / 0                 6 / 392               6 / 392               6 / 392         ops/s
[200.173s][info][gc,stats    ]      Memory: Page Cache Miss                                   0 / 0                 0 / 1                 0 / 1                 0 / 1           ops/s
[200.173s][info][gc,stats    ]      Memory: Uncommit                                          0 / 0                 0 / 0                 0 / 0                 0 / 0           MB/s
[200.173s][info][gc,stats    ]      Memory: Undo Object Allocation Failed                     0 / 0                 0 / 0                 0 / 0                 0 / 0           ops/s
[200.173s][info][gc,stats    ]      Memory: Undo Object Allocation Succeeded                  0 / 0                 0 / 140               0 / 140               0 / 140         ops/s
[200.173s][info][gc,stats    ]      Memory: Undo Page Allocation                              0 / 0                 0 / 0                 0 / 0                 0 / 0           ops/s
[200.173s][info][gc,stats    ]       Phase: Concurrent Mark                              17.987 / 46.935       22.549 / 78.232       22.549 / 78.232       22.549 / 78.232      ms
[200.173s][info][gc,stats    ]       Phase: Concurrent Mark Continue                      0.000 / 0.000         0.000 / 0.000         0.000 / 0.000         0.000 / 0.000       ms
[200.173s][info][gc,stats    ]       Phase: Concurrent Mark Free                          0.002 / 0.003         0.002 / 0.003         0.002 / 0.003         0.002 / 0.003       ms
[200.173s][info][gc,stats    ]       Phase: Concurrent Process Non-Strong References      2.861 / 3.073         2.949 / 4.781         2.949 / 4.781         2.949 / 4.781       ms
[200.173s][info][gc,stats    ]       Phase: Concurrent Relocate                           4.325 / 18.316        5.596 / 27.510        5.596 / 27.510        5.596 / 27.510      ms
[200.173s][info][gc,stats    ]       Phase: Concurrent Reset Relocation Set               0.002 / 0.004         0.003 / 0.008         0.003 / 0.008         0.003 / 0.008       ms
[200.173s][info][gc,stats    ]       Phase: Concurrent Select Relocation Set              2.439 / 4.214         2.737 / 7.858         2.737 / 7.858         2.737 / 7.858       ms
[200.173s][info][gc,stats    ]       Phase: Pause Mark End                                0.015 / 0.027         0.016 / 0.031         0.016 / 0.031         0.016 / 0.031       ms
[200.173s][info][gc,stats    ]       Phase: Pause Mark Start                              0.009 / 0.013         0.008 / 0.027         0.008 / 0.027         0.008 / 0.027       ms
[200.173s][info][gc,stats    ]       Phase: Pause Relocate Start                          0.009 / 0.010         0.010 / 0.022         0.010 / 0.022         0.010 / 0.022       ms
[200.173s][info][gc,stats    ]    Subphase: Concurrent Classes Purge                      0.141 / 0.168         0.136 / 0.219         0.136 / 0.219         0.136 / 0.219       ms
[200.173s][info][gc,stats    ]    Subphase: Concurrent Classes Unlink                     2.251 / 2.363         2.240 / 3.817         2.240 / 3.817         2.240 / 3.817       ms
[200.173s][info][gc,stats    ]    Subphase: Concurrent Mark                              13.647 / 46.209       17.421 / 77.416       17.421 / 77.416       17.421 / 77.416      ms
[200.173s][info][gc,stats    ]    Subphase: Concurrent Mark Try Flush                     0.079 / 0.136         0.085 / 0.514         0.085 / 0.514         0.085 / 0.514       ms
[200.173s][info][gc,stats    ]    Subphase: Concurrent Mark Try Terminate                 2.780 / 13.132        3.489 / 17.130        3.489 / 17.130        3.489 / 17.130      ms
[200.173s][info][gc,stats    ]    Subphase: Concurrent References Enqueue                 0.006 / 0.007         0.006 / 0.009         0.006 / 0.009         0.006 / 0.009       ms
[200.173s][info][gc,stats    ]    Subphase: Concurrent References Process                 0.122 / 0.154         0.157 / 0.251         0.157 / 0.251         0.157 / 0.251       ms
[200.173s][info][gc,stats    ]    Subphase: Concurrent Roots ClassLoaderDataGraph         0.067 / 0.174         0.055 / 0.243         0.055 / 0.243         0.055 / 0.243       ms
[200.173s][info][gc,stats    ]    Subphase: Concurrent Roots CodeCache                    0.000 / 0.000         0.000 / 0.000         0.000 / 0.000         0.000 / 0.000       ms
[200.173s][info][gc,stats    ]    Subphase: Concurrent Roots JavaThreads                  0.316 / 0.528         0.263 / 0.762         0.263 / 0.762         0.263 / 0.762       ms
[200.173s][info][gc,stats    ]    Subphase: Concurrent Roots OopStorageSet                0.013 / 0.027         0.014 / 0.052         0.014 / 0.052         0.014 / 0.052       ms
[200.173s][info][gc,stats    ]    Subphase: Concurrent Weak Roots OopStorageSet           0.165 / 0.264         0.202 / 0.396         0.202 / 0.396         0.202 / 0.396       ms
[200.173s][info][gc,stats    ]    Subphase: Pause Mark Try Complete                       0.000 / 0.000         0.000 / 0.000         0.000 / 0.000         0.000 / 0.000       ms
[200.173s][info][gc,stats    ]      System: Java Threads                                     12 / 12               12 / 13               12 / 13               12 / 13          threads
[200.173s][info][gc,stats    ] =========================================================================================================================================================
[202.106s][info][gc,start    ] GC(100) Garbage Collection (System.gc())
[202.106s][info][gc,task     ] GC(100) Using 2 workers
[202.106s][info][gc,phases   ] GC(100) Pause Mark Start 0.005ms
[202.120s][info][gc,phases   ] GC(100) Concurrent Mark 13.927ms
[202.120s][info][gc,phases   ] GC(100) Pause Mark End 0.009ms
[202.120s][info][gc,phases   ] GC(100) Concurrent Mark Free 0.003ms
[202.123s][info][gc,phases   ] GC(100) Concurrent Process Non-Strong References 3.008ms
[202.123s][info][gc,phases   ] GC(100) Concurrent Reset Relocation Set 0.001ms
[202.125s][info][gc,phases   ] GC(100) Concurrent Select Relocation Set 1.941ms
[202.125s][info][gc,phases   ] GC(100) Pause Relocate Start 0.010ms
[202.126s][info][gc,phases   ] GC(100) Concurrent Relocate 0.548ms
[202.126s][info][gc,load     ] GC(100) Load: 0.00/0.00/0.00
[202.126s][info][gc,mmu      ] GC(100) MMU: 2ms/98.5%, 5ms/99.3%, 10ms/99.5%, 20ms/99.8%, 50ms/99.9%, 100ms/99.9%
[202.126s][info][gc,marking  ] GC(100) Mark: 2 stripe(s), 1 proactive flush(es), 1 terminate flush(es), 0 completion(s), 0 continuation(s) 
[202.126s][info][gc,marking  ] GC(100) Mark Stack Usage: 32M
[202.126s][info][gc,nmethod  ] GC(100) NMethods: 3050 registered, 0 unregistered
[202.126s][info][gc,metaspace] GC(100) Metaspace: 14M used, 14M committed, 1088M reserved
[202.126s][info][gc,ref      ] GC(100) Soft: 378 encountered, 0 discovered, 0 enqueued
[202.126s][info][gc,ref      ] GC(100) Weak: 940 encountered, 123 discovered, 9 enqueued
[202.126s][info][gc,ref      ] GC(100) Final: 0 encountered, 0 discovered, 0 enqueued
[202.126s][info][gc,ref      ] GC(100) Phantom: 36 encountered, 15 discovered, 0 enqueued
[202.126s][info][gc,reloc    ] GC(100) Small Pages: 1335 / 2670M, Empty: 2646M, Relocated: 1M, In-Place: 0
[202.126s][info][gc,reloc    ] GC(100) Medium Pages: 1 / 32M, Empty: 32M, Relocated: 0M, In-Place: 0
[202.126s][info][gc,reloc    ] GC(100) Large Pages: 0 / 0M, Empty: 0M, Relocated: 0M, In-Place: 0
[202.126s][info][gc,reloc    ] GC(100) Forwarding Usage: 0M
[202.126s][info][gc,heap     ] GC(100) Min Capacity: 4096M(100%)
[202.126s][info][gc,heap     ] GC(100) Max Capacity: 4096M(100%)
[202.126s][info][gc,heap     ] GC(100) Soft Max Capacity: 4096M(100%)
[202.126s][info][gc,heap     ] GC(100)                Mark Start          Mark End        Relocate Start      Relocate End           High               Low         
[202.126s][info][gc,heap     ] GC(100)  Capacity:     4096M (100%)       4096M (100%)       4096M (100%)       4096M (100%)       4096M (100%)       4096M (100%)   
[202.126s][info][gc,heap     ] GC(100)      Free:     1394M (34%)        1394M (34%)        4072M (99%)        4086M (100%)       4086M (100%)       1394M (34%)    
[202.126s][info][gc,heap     ] GC(100)      Used:     2702M (66%)        2702M (66%)          24M (1%)           10M (0%)         2702M (66%)          10M (0%)     
[202.126s][info][gc,heap     ] GC(100)      Live:         -                 6M (0%)            6M (0%)            6M (0%)             -                  -          
[202.126s][info][gc,heap     ] GC(100) Allocated:         -                 0M (0%)            0M (0%)            0M (0%)             -                  -          
[202.126s][info][gc,heap     ] GC(100)   Garbage:         -              2695M (66%)          17M (0%)            3M (0%)             -                  -          
[202.126s][info][gc,heap     ] GC(100) Reclaimed:         -                  -              2678M (65%)        2692M (66%)            -                  -          
[202.126s][info][gc          ] GC(100) Garbage Collection (System.gc()) 2702M(66%)->10M(0%)
[204.474s][info][gc,start    ] GC(101) Garbage Collection (Proactive)
[204.474s][info][gc,task     ] GC(101) Using 2 workers
[204.474s][info][gc,phases   ] GC(101) Pause Mark Start 0.013ms
[204.505s][info][gc,phases   ] GC(101) Concurrent Mark 30.940ms
[204.506s][info][gc,phases   ] GC(101) Pause Mark End 0.011ms
[204.506s][info][gc,phases   ] GC(101) Concurrent Mark Free 0.000ms
[204.509s][info][gc,phases   ] GC(101) Concurrent Process Non-Strong References 2.832ms
[204.509s][info][gc,phases   ] GC(101) Concurrent Reset Relocation Set 0.001ms
[204.513s][info][gc,phases   ] GC(101) Concurrent Select Relocation Set 3.926ms
[204.513s][info][gc,phases   ] GC(101) Pause Relocate Start 0.010ms
[204.528s][info][gc,phases   ] GC(101) Concurrent Relocate 15.331ms
[204.528s][info][gc,load     ] GC(101) Load: 0.00/0.00/0.00
[204.528s][info][gc,mmu      ] GC(101) MMU: 2ms/98.5%, 5ms/99.3%, 10ms/99.5%, 20ms/99.8%, 50ms/99.9%, 100ms/99.9%
[204.528s][info][gc,marking  ] GC(101) Mark: 2 stripe(s), 2 proactive flush(es), 1 terminate flush(es), 0 completion(s), 0 continuation(s) 
[204.528s][info][gc,marking  ] GC(101) Mark Stack Usage: 32M
[204.528s][info][gc,nmethod  ] GC(101) NMethods: 3050 registered, 0 unregistered
[204.528s][info][gc,metaspace] GC(101) Metaspace: 14M used, 14M committed, 1088M reserved
[204.528s][info][gc,ref      ] GC(101) Soft: 378 encountered, 0 discovered, 0 enqueued
[204.528s][info][gc,ref      ] GC(101) Weak: 936 encountered, 44 discovered, 6 enqueued
[204.528s][info][gc,ref      ] GC(101) Final: 0 encountered, 0 discovered, 0 enqueued
[204.528s][info][gc,ref      ] GC(101) Phantom: 36 encountered, 20 discovered, 0 enqueued
[204.528s][info][gc,reloc    ] GC(101) Small Pages: 712 / 1424M, Empty: 1330M, Relocated: 22M, In-Place: 0
[204.528s][info][gc,reloc    ] GC(101) Medium Pages: 1 / 32M, Empty: 0M, Relocated: 0M, In-Place: 0
[204.528s][info][gc,reloc    ] GC(101) Large Pages: 0 / 0M, Empty: 0M, Relocated: 0M, In-Place: 0
[204.528s][info][gc,reloc    ] GC(101) Forwarding Usage: 14M
[204.528s][info][gc,heap     ] GC(101) Min Capacity: 4096M(100%)
[204.528s][info][gc,heap     ] GC(101) Max Capacity: 4096M(100%)
[204.528s][info][gc,heap     ] GC(101) Soft Max Capacity: 4096M(100%)
[204.528s][info][gc,heap     ] GC(101)                Mark Start          Mark End        Relocate Start      Relocate End           High               Low         
[204.528s][info][gc,heap     ] GC(101)  Capacity:     4096M (100%)       4096M (100%)       4096M (100%)       4096M (100%)       4096M (100%)       4096M (100%)   
[204.529s][info][gc,heap     ] GC(101)      Free:     2640M (64%)        2638M (64%)        3968M (97%)        4024M (98%)        4024M (98%)        2638M (64%)    
[204.529s][info][gc,heap     ] GC(101)      Used:     1456M (36%)        1458M (36%)         128M (3%)           72M (2%)         1458M (36%)          72M (2%)     
[204.529s][info][gc,heap     ] GC(101)      Live:         -                35M (1%)           35M (1%)           35M (1%)             -                  -          
[204.529s][info][gc,heap     ] GC(101) Allocated:         -                 2M (0%)            2M (0%)            1M (0%)             -                  -          
[204.529s][info][gc,heap     ] GC(101)   Garbage:         -              1420M (35%)          90M (2%)           35M (1%)             -                  -          
[204.529s][info][gc,heap     ] GC(101) Reclaimed:         -                  -              1330M (32%)        1385M (34%)            -                  -          
[204.529s][info][gc          ] GC(101) Garbage Collection (Proactive) 1456M(36%)->72M(2%)
[205.005s][info][gc,start    ] GC(102) Garbage Collection (System.gc())
[205.005s][info][gc,task     ] GC(102) Using 2 workers
[205.006s][info][gc,phases   ] GC(102) Pause Mark Start 0.005ms
[205.023s][info][gc,phases   ] GC(102) Concurrent Mark 17.926ms
[205.024s][info][gc,phases   ] GC(102) Pause Mark End 0.021ms
[205.024s][info][gc,phases   ] GC(102) Concurrent Mark Free 0.001ms
[205.027s][info][gc,phases   ] GC(102) Concurrent Process Non-Strong References 3.404ms
[205.027s][info][gc,phases   ] GC(102) Concurrent Reset Relocation Set 0.006ms
[205.030s][info][gc,phases   ] GC(102) Concurrent Select Relocation Set 2.498ms
[205.030s][info][gc,phases   ] GC(102) Pause Relocate Start 0.015ms
[205.031s][info][gc,phases   ] GC(102) Concurrent Relocate 0.892ms
[205.031s][info][gc,load     ] GC(102) Load: 0.00/0.00/0.00
[205.031s][info][gc,mmu      ] GC(102) MMU: 2ms/98.5%, 5ms/99.3%, 10ms/99.5%, 20ms/99.8%, 50ms/99.9%, 100ms/99.9%
[205.031s][info][gc,marking  ] GC(102) Mark: 2 stripe(s), 1 proactive flush(es), 1 terminate flush(es), 0 completion(s), 0 continuation(s) 
[205.031s][info][gc,marking  ] GC(102) Mark Stack Usage: 32M
[205.031s][info][gc,nmethod  ] GC(102) NMethods: 3051 registered, 0 unregistered
[205.031s][info][gc,metaspace] GC(102) Metaspace: 14M used, 14M committed, 1088M reserved
[205.031s][info][gc,ref      ] GC(102) Soft: 378 encountered, 0 discovered, 0 enqueued
[205.031s][info][gc,ref      ] GC(102) Weak: 933 encountered, 544 discovered, 2 enqueued
[205.031s][info][gc,ref      ] GC(102) Final: 0 encountered, 0 discovered, 0 enqueued
[205.031s][info][gc,ref      ] GC(102) Phantom: 36 encountered, 21 discovered, 0 enqueued
[205.031s][info][gc,reloc    ] GC(102) Small Pages: 642 / 1284M, Empty: 1262M, Relocated: 1M, In-Place: 0
[205.031s][info][gc,reloc    ] GC(102) Medium Pages: 1 / 32M, Empty: 32M, Relocated: 0M, In-Place: 0
[205.031s][info][gc,reloc    ] GC(102) Large Pages: 0 / 0M, Empty: 0M, Relocated: 0M, In-Place: 0
[205.031s][info][gc,reloc    ] GC(102) Forwarding Usage: 0M
[205.031s][info][gc,heap     ] GC(102) Min Capacity: 4096M(100%)
[205.031s][info][gc,heap     ] GC(102) Max Capacity: 4096M(100%)
[205.031s][info][gc,heap     ] GC(102) Soft Max Capacity: 4096M(100%)
[205.031s][info][gc,heap     ] GC(102)                Mark Start          Mark End        Relocate Start      Relocate End           High               Low         
[205.031s][info][gc,heap     ] GC(102)  Capacity:     4096M (100%)       4096M (100%)       4096M (100%)       4096M (100%)       4096M (100%)       4096M (100%)   
[205.031s][info][gc,heap     ] GC(102)      Free:     2780M (68%)        2780M (68%)        4074M (99%)        4086M (100%)       4086M (100%)       2780M (68%)    
[205.031s][info][gc,heap     ] GC(102)      Used:     1316M (32%)        1316M (32%)          22M (1%)           10M (0%)         1316M (32%)          10M (0%)     
[205.031s][info][gc,heap     ] GC(102)      Live:         -                 6M (0%)            6M (0%)            6M (0%)             -                  -          
[205.031s][info][gc,heap     ] GC(102) Allocated:         -                 0M (0%)            0M (0%)            0M (0%)             -                  -          
[205.031s][info][gc,heap     ] GC(102)   Garbage:         -              1309M (32%)          15M (0%)            3M (0%)             -                  -          
[205.031s][info][gc,heap     ] GC(102) Reclaimed:         -                  -              1294M (32%)        1306M (32%)            -                  -          
[205.031s][info][gc          ] GC(102) Garbage Collection (System.gc()) 1316M(32%)->10M(0%)
[207.920s][info][gc,start    ] GC(103) Garbage Collection (System.gc())
[207.920s][info][gc,task     ] GC(103) Using 2 workers
[207.920s][info][gc,phases   ] GC(103) Pause Mark Start 0.008ms
[207.927s][info][gc,phases   ] GC(103) Concurrent Mark 7.149ms
[207.928s][info][gc,phases   ] GC(103) Pause Mark End 0.025ms
[207.928s][info][gc,phases   ] GC(103) Concurrent Mark Free 0.003ms
[207.931s][info][gc,phases   ] GC(103) Concurrent Process Non-Strong References 2.794ms
[207.931s][info][gc,phases   ] GC(103) Concurrent Reset Relocation Set 0.001ms
[207.933s][info][gc,phases   ] GC(103) Concurrent Select Relocation Set 2.383ms
[207.933s][info][gc,phases   ] GC(103) Pause Relocate Start 0.010ms
[207.934s][info][gc,phases   ] GC(103) Concurrent Relocate 0.768ms
[207.934s][info][gc,load     ] GC(103) Load: 0.00/0.00/0.00
[207.934s][info][gc,mmu      ] GC(103) MMU: 2ms/98.5%, 5ms/99.3%, 10ms/99.5%, 20ms/99.8%, 50ms/99.9%, 100ms/99.9%
[207.934s][info][gc,marking  ] GC(103) Mark: 2 stripe(s), 1 proactive flush(es), 1 terminate flush(es), 0 completion(s), 0 continuation(s) 
[207.934s][info][gc,marking  ] GC(103) Mark Stack Usage: 32M
[207.934s][info][gc,nmethod  ] GC(103) NMethods: 3055 registered, 0 unregistered
[207.934s][info][gc,metaspace] GC(103) Metaspace: 14M used, 14M committed, 1088M reserved
[207.934s][info][gc,ref      ] GC(103) Soft: 378 encountered, 0 discovered, 0 enqueued
[207.934s][info][gc,ref      ] GC(103) Weak: 939 encountered, 23 discovered, 8 enqueued
[207.934s][info][gc,ref      ] GC(103) Final: 0 encountered, 0 discovered, 0 enqueued
[207.934s][info][gc,ref      ] GC(103) Phantom: 36 encountered, 19 discovered, 0 enqueued
[207.934s][info][gc,reloc    ] GC(103) Small Pages: 1335 / 2670M, Empty: 2648M, Relocated: 1M, In-Place: 0
[207.934s][info][gc,reloc    ] GC(103) Medium Pages: 1 / 32M, Empty: 32M, Relocated: 0M, In-Place: 0
[207.934s][info][gc,reloc    ] GC(103) Large Pages: 0 / 0M, Empty: 0M, Relocated: 0M, In-Place: 0
[207.934s][info][gc,reloc    ] GC(103) Forwarding Usage: 0M
[207.934s][info][gc,heap     ] GC(103) Min Capacity: 4096M(100%)
[207.934s][info][gc,heap     ] GC(103) Max Capacity: 4096M(100%)
[207.934s][info][gc,heap     ] GC(103) Soft Max Capacity: 4096M(100%)
[207.934s][info][gc,heap     ] GC(103)                Mark Start          Mark End        Relocate Start      Relocate End           High               Low         
[207.934s][info][gc,heap     ] GC(103)  Capacity:     4096M (100%)       4096M (100%)       4096M (100%)       4096M (100%)       4096M (100%)       4096M (100%)   
[207.934s][info][gc,heap     ] GC(103)      Free:     1394M (34%)        1394M (34%)        4074M (99%)        4086M (100%)       4086M (100%)       1394M (34%)    
[207.934s][info][gc,heap     ] GC(103)      Used:     2702M (66%)        2702M (66%)          22M (1%)           10M (0%)         2702M (66%)          10M (0%)     
[207.934s][info][gc,heap     ] GC(103)      Live:         -                 6M (0%)            6M (0%)            6M (0%)             -                  -          
[207.934s][info][gc,heap     ] GC(103) Allocated:         -                 0M (0%)            0M (0%)            0M (0%)             -                  -          
[207.934s][info][gc,heap     ] GC(103)   Garbage:         -              2695M (66%)          15M (0%)            3M (0%)             -                  -          
[207.934s][info][gc,heap     ] GC(103) Reclaimed:         -                  -              2680M (65%)        2692M (66%)            -                  -          
[207.934s][info][gc          ] GC(103) Garbage Collection (System.gc()) 2702M(66%)->10M(0%)
[210.175s][info][gc,stats    ] === Garbage Collection Statistics =======================================================================================================================
[210.175s][info][gc,stats    ]                                                              Last 10s              Last 10m              Last 10h                Total
[210.175s][info][gc,stats    ]                                                              Avg / Max             Avg / Max             Avg / Max             Avg / Max
[210.175s][info][gc,stats    ]   Collector: Garbage Collection Cycle                     28.372 / 54.036       34.496 / 113.591      34.496 / 113.591      34.496 / 113.591     ms
[210.175s][info][gc,stats    ]  Contention: Mark Segment Reset Contention                     0 / 1                 0 / 3                 0 / 3                 0 / 3           ops/s
[210.175s][info][gc,stats    ]  Contention: Mark SeqNum Reset Contention                      0 / 0                 0 / 1                 0 / 1                 0 / 1           ops/s
[210.175s][info][gc,stats    ]    Critical: Allocation Stall                                  0 / 0                 0 / 0                 0 / 0                 0 / 0           ops/s
[210.175s][info][gc,stats    ]    Critical: Allocation Stall                              0.000 / 0.000         0.000 / 0.000         0.000 / 0.000         0.000 / 0.000       ms
[210.175s][info][gc,stats    ]    Critical: GC Locker Stall                                   0 / 0                 0 / 0                 0 / 0                 0 / 0           ops/s
[210.175s][info][gc,stats    ]    Critical: GC Locker Stall                               0.000 / 0.000         0.000 / 0.000         0.000 / 0.000         0.000 / 0.000       ms
[210.175s][info][gc,stats    ]    Critical: Relocation Stall                                  0 / 0                 0 / 0                 0 / 0                 0 / 0           ops/s
[210.175s][info][gc,stats    ]    Critical: Relocation Stall                              0.000 / 0.000         0.000 / 0.000         0.000 / 0.000         0.000 / 0.000       ms
[210.175s][info][gc,stats    ]      Memory: Allocation Rate                                 939 / 1368            981 / 1380            981 / 1380            981 / 1380        MB/s
[210.175s][info][gc,stats    ]      Memory: Out Of Memory                                     0 / 0                 0 / 0                 0 / 0                 0 / 0           ops/s
[210.175s][info][gc,stats    ]      Memory: Page Cache Flush                                  0 / 0                 0 / 0                 0 / 0                 0 / 0           MB/s
[210.175s][info][gc,stats    ]      Memory: Page Cache Hit L1                               466 / 683             481 / 689             481 / 689             481 / 689         ops/s
[210.175s][info][gc,stats    ]      Memory: Page Cache Hit L2                                 0 / 0                 0 / 0                 0 / 0                 0 / 0           ops/s
[210.175s][info][gc,stats    ]      Memory: Page Cache Hit L3                                 0 / 0                 6 / 392               6 / 392               6 / 392         ops/s
[210.175s][info][gc,stats    ]      Memory: Page Cache Miss                                   0 / 0                 0 / 1                 0 / 1                 0 / 1           ops/s
[210.175s][info][gc,stats    ]      Memory: Uncommit                                          0 / 0                 0 / 0                 0 / 0                 0 / 0           MB/s
[210.175s][info][gc,stats    ]      Memory: Undo Object Allocation Failed                     0 / 0                 0 / 0                 0 / 0                 0 / 0           ops/s
[210.175s][info][gc,stats    ]      Memory: Undo Object Allocation Succeeded                  4 / 43                1 / 140               1 / 140               1 / 140         ops/s
[210.175s][info][gc,stats    ]      Memory: Undo Page Allocation                              0 / 0                 0 / 0                 0 / 0                 0 / 0           ops/s
[210.175s][info][gc,stats    ]       Phase: Concurrent Mark                              17.486 / 30.940       22.354 / 78.232       22.354 / 78.232       22.354 / 78.232      ms
[210.175s][info][gc,stats    ]       Phase: Concurrent Mark Continue                      0.000 / 0.000         0.000 / 0.000         0.000 / 0.000         0.000 / 0.000       ms
[210.175s][info][gc,stats    ]       Phase: Concurrent Mark Free                          0.002 / 0.003         0.002 / 0.003         0.002 / 0.003         0.002 / 0.003       ms
[210.175s][info][gc,stats    ]       Phase: Concurrent Process Non-Strong References      3.010 / 3.404         2.951 / 4.781         2.951 / 4.781         2.951 / 4.781       ms
[210.175s][info][gc,stats    ]       Phase: Concurrent Relocate                           4.385 / 15.331        5.549 / 27.510        5.549 / 27.510        5.549 / 27.510      ms
[210.175s][info][gc,stats    ]       Phase: Concurrent Reset Relocation Set               0.002 / 0.006         0.003 / 0.008         0.003 / 0.008         0.003 / 0.008       ms
[210.175s][info][gc,stats    ]       Phase: Concurrent Select Relocation Set              2.687 / 3.926         2.735 / 7.858         2.735 / 7.858         2.735 / 7.858       ms
[210.175s][info][gc,stats    ]       Phase: Pause Mark End                                0.017 / 0.025         0.016 / 0.031         0.016 / 0.031         0.016 / 0.031       ms
[210.175s][info][gc,stats    ]       Phase: Pause Mark Start                              0.008 / 0.013         0.008 / 0.027         0.008 / 0.027         0.008 / 0.027       ms
[210.175s][info][gc,stats    ]       Phase: Pause Relocate Start                          0.011 / 0.015         0.010 / 0.022         0.010 / 0.022         0.010 / 0.022       ms
[210.175s][info][gc,stats    ]    Subphase: Concurrent Classes Purge                      0.142 / 0.164         0.136 / 0.219         0.136 / 0.219         0.136 / 0.219       ms
[210.175s][info][gc,stats    ]    Subphase: Concurrent Classes Unlink                     2.386 / 2.698         2.246 / 3.817         2.246 / 3.817         2.246 / 3.817       ms
[210.175s][info][gc,stats    ]    Subphase: Concurrent Mark                              13.156 / 30.293       17.257 / 77.416       17.257 / 77.416       17.257 / 77.416      ms
[210.175s][info][gc,stats    ]    Subphase: Concurrent Mark Try Flush                     0.079 / 0.136         0.085 / 0.514         0.085 / 0.514         0.085 / 0.514       ms
[210.175s][info][gc,stats    ]    Subphase: Concurrent Mark Try Terminate                 2.640 / 13.952        3.458 / 17.130        3.458 / 17.130        3.458 / 17.130      ms
[210.175s][info][gc,stats    ]    Subphase: Concurrent References Enqueue                 0.005 / 0.007         0.006 / 0.009         0.006 / 0.009         0.006 / 0.009       ms
[210.175s][info][gc,stats    ]    Subphase: Concurrent References Process                 0.127 / 0.201         0.156 / 0.251         0.156 / 0.251         0.156 / 0.251       ms
[210.175s][info][gc,stats    ]    Subphase: Concurrent Roots ClassLoaderDataGraph         0.054 / 0.141         0.055 / 0.243         0.055 / 0.243         0.055 / 0.243       ms
[210.175s][info][gc,stats    ]    Subphase: Concurrent Roots CodeCache                    0.000 / 0.000         0.000 / 0.000         0.000 / 0.000         0.000 / 0.000       ms
[210.175s][info][gc,stats    ]    Subphase: Concurrent Roots JavaThreads                  0.214 / 0.487         0.261 / 0.762         0.261 / 0.762         0.261 / 0.762       ms
[210.175s][info][gc,stats    ]    Subphase: Concurrent Roots OopStorageSet                0.013 / 0.026         0.014 / 0.052         0.014 / 0.052         0.014 / 0.052       ms
[210.175s][info][gc,stats    ]    Subphase: Concurrent Weak Roots OopStorageSet           0.183 / 0.253         0.201 / 0.396         0.201 / 0.396         0.201 / 0.396       ms
[210.175s][info][gc,stats    ]    Subphase: Pause Mark Try Complete                       0.000 / 0.000         0.000 / 0.000         0.000 / 0.000         0.000 / 0.000       ms
[210.175s][info][gc,stats    ]      System: Java Threads                                     12 / 12               12 / 13               12 / 13               12 / 13          threads
[210.175s][info][gc,stats    ] =========================================================================================================================================================
[210.583s][info][gc,start    ] GC(104) Garbage Collection (Proactive)
[210.583s][info][gc,task     ] GC(104) Using 2 workers
[210.583s][info][gc,phases   ] GC(104) Pause Mark Start 0.009ms
[210.630s][info][gc,phases   ] GC(104) Concurrent Mark 46.388ms
[210.630s][info][gc,phases   ] GC(104) Pause Mark End 0.017ms
[210.630s][info][gc,phases   ] GC(104) Concurrent Mark Free 0.001ms
[210.633s][info][gc,phases   ] GC(104) Concurrent Process Non-Strong References 2.764ms
[210.633s][info][gc,phases   ] GC(104) Concurrent Reset Relocation Set 0.001ms
[210.638s][info][gc,phases   ] GC(104) Concurrent Select Relocation Set 4.893ms
[210.638s][info][gc,phases   ] GC(104) Pause Relocate Start 0.013ms
[210.663s][info][gc,phases   ] GC(104) Concurrent Relocate 25.259ms
[210.663s][info][gc,load     ] GC(104) Load: 0.00/0.00/0.00
[210.663s][info][gc,mmu      ] GC(104) MMU: 2ms/98.5%, 5ms/99.3%, 10ms/99.5%, 20ms/99.8%, 50ms/99.9%, 100ms/99.9%
[210.664s][info][gc,marking  ] GC(104) Mark: 2 stripe(s), 2 proactive flush(es), 1 terminate flush(es), 0 completion(s), 0 continuation(s) 
[210.664s][info][gc,marking  ] GC(104) Mark Stack Usage: 32M
[210.664s][info][gc,nmethod  ] GC(104) NMethods: 3055 registered, 0 unregistered
[210.664s][info][gc,metaspace] GC(104) Metaspace: 14M used, 14M committed, 1088M reserved
[210.664s][info][gc,ref      ] GC(104) Soft: 378 encountered, 0 discovered, 0 enqueued
[210.664s][info][gc,ref      ] GC(104) Weak: 936 encountered, 16 discovered, 6 enqueued
[210.664s][info][gc,ref      ] GC(104) Final: 0 encountered, 0 discovered, 0 enqueued
[210.664s][info][gc,ref      ] GC(104) Phantom: 36 encountered, 12 discovered, 0 enqueued
[210.664s][info][gc,reloc    ] GC(104) Small Pages: 730 / 1460M, Empty: 1344M, Relocated: 25M, In-Place: 0
[210.664s][info][gc,reloc    ] GC(104) Medium Pages: 1 / 32M, Empty: 0M, Relocated: 0M, In-Place: 0
[210.664s][info][gc,reloc    ] GC(104) Large Pages: 0 / 0M, Empty: 0M, Relocated: 0M, In-Place: 0
[210.664s][info][gc,reloc    ] GC(104) Forwarding Usage: 15M
[210.664s][info][gc,heap     ] GC(104) Min Capacity: 4096M(100%)
[210.664s][info][gc,heap     ] GC(104) Max Capacity: 4096M(100%)
[210.664s][info][gc,heap     ] GC(104) Soft Max Capacity: 4096M(100%)
[210.664s][info][gc,heap     ] GC(104)                Mark Start          Mark End        Relocate Start      Relocate End           High               Low         
[210.664s][info][gc,heap     ] GC(104)  Capacity:     4096M (100%)       4096M (100%)       4096M (100%)       4096M (100%)       4096M (100%)       4096M (100%)   
[210.664s][info][gc,heap     ] GC(104)      Free:     2604M (64%)        2484M (61%)        3808M (93%)        3784M (92%)        3824M (93%)        2476M (60%)    
[210.664s][info][gc,heap     ] GC(104)      Used:     1492M (36%)        1612M (39%)         288M (7%)          312M (8%)         1620M (40%)         272M (7%)     
[210.664s][info][gc,heap     ] GC(104)      Live:         -                39M (1%)           39M (1%)           39M (1%)             -                  -          
[210.664s][info][gc,heap     ] GC(104) Allocated:         -               120M (3%)          140M (3%)          235M (6%)             -                  -          
[210.664s][info][gc,heap     ] GC(104)   Garbage:         -              1452M (35%)         108M (3%)           36M (1%)             -                  -          
[210.664s][info][gc,heap     ] GC(104) Reclaimed:         -                  -              1344M (33%)        1415M (35%)            -                  -          
[210.664s][info][gc          ] GC(104) Garbage Collection (Proactive) 1492M(36%)->312M(8%)
[210.859s][info][gc,start    ] GC(105) Garbage Collection (System.gc())
[210.859s][info][gc,task     ] GC(105) Using 2 workers
[210.859s][info][gc,phases   ] GC(105) Pause Mark Start 0.005ms
[210.865s][info][gc,phases   ] GC(105) Concurrent Mark 5.766ms
[210.865s][info][gc,phases   ] GC(105) Pause Mark End 0.009ms
[210.865s][info][gc,phases   ] GC(105) Concurrent Mark Free 0.001ms
[210.869s][info][gc,phases   ] GC(105) Concurrent Process Non-Strong References 3.177ms
[210.869s][info][gc,phases   ] GC(105) Concurrent Reset Relocation Set 0.006ms
[210.871s][info][gc,phases   ] GC(105) Concurrent Select Relocation Set 2.594ms
[210.871s][info][gc,phases   ] GC(105) Pause Relocate Start 0.015ms
[210.872s][info][gc,phases   ] GC(105) Concurrent Relocate 1.048ms
[210.872s][info][gc,load     ] GC(105) Load: 0.00/0.00/0.00
[210.873s][info][gc,mmu      ] GC(105) MMU: 2ms/98.5%, 5ms/99.3%, 10ms/99.5%, 20ms/99.8%, 50ms/99.9%, 100ms/99.9%
[210.873s][info][gc,marking  ] GC(105) Mark: 2 stripe(s), 1 proactive flush(es), 1 terminate flush(es), 0 completion(s), 0 continuation(s) 
[210.873s][info][gc,marking  ] GC(105) Mark Stack Usage: 32M
[210.873s][info][gc,nmethod  ] GC(105) NMethods: 3055 registered, 0 unregistered
[210.873s][info][gc,metaspace] GC(105) Metaspace: 14M used, 14M committed, 1088M reserved
[210.873s][info][gc,ref      ] GC(105) Soft: 378 encountered, 0 discovered, 0 enqueued
[210.873s][info][gc,ref      ] GC(105) Weak: 933 encountered, 17 discovered, 2 enqueued
[210.873s][info][gc,ref      ] GC(105) Final: 0 encountered, 0 discovered, 0 enqueued
[210.873s][info][gc,ref      ] GC(105) Phantom: 36 encountered, 17 discovered, 0 enqueued
[210.873s][info][gc,reloc    ] GC(105) Small Pages: 627 / 1254M, Empty: 1232M, Relocated: 1M, In-Place: 0
[210.873s][info][gc,reloc    ] GC(105) Medium Pages: 1 / 32M, Empty: 32M, Relocated: 0M, In-Place: 0
[210.873s][info][gc,reloc    ] GC(105) Large Pages: 0 / 0M, Empty: 0M, Relocated: 0M, In-Place: 0
[210.873s][info][gc,reloc    ] GC(105) Forwarding Usage: 0M
[210.873s][info][gc,heap     ] GC(105) Min Capacity: 4096M(100%)
[210.873s][info][gc,heap     ] GC(105) Max Capacity: 4096M(100%)
[210.873s][info][gc,heap     ] GC(105) Soft Max Capacity: 4096M(100%)
[210.873s][info][gc,heap     ] GC(105)                Mark Start          Mark End        Relocate Start      Relocate End           High               Low         
[210.873s][info][gc,heap     ] GC(105)  Capacity:     4096M (100%)       4096M (100%)       4096M (100%)       4096M (100%)       4096M (100%)       4096M (100%)   
[210.873s][info][gc,heap     ] GC(105)      Free:     2810M (69%)        2810M (69%)        4074M (99%)        4086M (100%)       4086M (100%)       2810M (69%)    
[210.873s][info][gc,heap     ] GC(105)      Used:     1286M (31%)        1286M (31%)          22M (1%)           10M (0%)         1286M (31%)          10M (0%)     
[210.873s][info][gc,heap     ] GC(105)      Live:         -                 6M (0%)            6M (0%)            6M (0%)             -                  -          
[210.873s][info][gc,heap     ] GC(105) Allocated:         -                 0M (0%)            0M (0%)            0M (0%)             -                  -          
[210.873s][info][gc,heap     ] GC(105)   Garbage:         -              1279M (31%)          15M (0%)            3M (0%)             -                  -          
[210.873s][info][gc,heap     ] GC(105) Reclaimed:         -                  -              1264M (31%)        1276M (31%)            -                  -          
[210.873s][info][gc          ] GC(105) Garbage Collection (System.gc()) 1286M(31%)->10M(0%)
[213.755s][info][gc,start    ] GC(106) Garbage Collection (System.gc())
[213.755s][info][gc,task     ] GC(106) Using 2 workers
[213.755s][info][gc,phases   ] GC(106) Pause Mark Start 0.005ms
[213.771s][info][gc,phases   ] GC(106) Concurrent Mark 15.461ms
[213.771s][info][gc,phases   ] GC(106) Pause Mark End 0.013ms
[213.771s][info][gc,phases   ] GC(106) Concurrent Mark Free 0.002ms
[213.774s][info][gc,phases   ] GC(106) Concurrent Process Non-Strong References 3.049ms
[213.774s][info][gc,phases   ] GC(106) Concurrent Reset Relocation Set 0.001ms
[213.776s][info][gc,phases   ] GC(106) Concurrent Select Relocation Set 1.724ms
[213.776s][info][gc,phases   ] GC(106) Pause Relocate Start 0.010ms
[213.777s][info][gc,phases   ] GC(106) Concurrent Relocate 0.964ms
[213.777s][info][gc,load     ] GC(106) Load: 0.00/0.00/0.00
[213.777s][info][gc,mmu      ] GC(106) MMU: 2ms/98.5%, 5ms/99.3%, 10ms/99.5%, 20ms/99.8%, 50ms/99.9%, 100ms/99.9%
[213.777s][info][gc,marking  ] GC(106) Mark: 2 stripe(s), 1 proactive flush(es), 1 terminate flush(es), 0 completion(s), 0 continuation(s) 
[213.777s][info][gc,marking  ] GC(106) Mark Stack Usage: 32M
[213.777s][info][gc,nmethod  ] GC(106) NMethods: 3055 registered, 0 unregistered
[213.777s][info][gc,metaspace] GC(106) Metaspace: 14M used, 14M committed, 1088M reserved
[213.777s][info][gc,ref      ] GC(106) Soft: 378 encountered, 0 discovered, 0 enqueued
[213.777s][info][gc,ref      ] GC(106) Weak: 940 encountered, 21 discovered, 8 enqueued
[213.777s][info][gc,ref      ] GC(106) Final: 0 encountered, 0 discovered, 0 enqueued
[213.777s][info][gc,ref      ] GC(106) Phantom: 36 encountered, 19 discovered, 0 enqueued
[213.777s][info][gc,reloc    ] GC(106) Small Pages: 1335 / 2670M, Empty: 2646M, Relocated: 1M, In-Place: 0
[213.777s][info][gc,reloc    ] GC(106) Medium Pages: 1 / 32M, Empty: 32M, Relocated: 0M, In-Place: 0
[213.777s][info][gc,reloc    ] GC(106) Large Pages: 0 / 0M, Empty: 0M, Relocated: 0M, In-Place: 0
[213.777s][info][gc,reloc    ] GC(106) Forwarding Usage: 0M
[213.777s][info][gc,heap     ] GC(106) Min Capacity: 4096M(100%)
[213.777s][info][gc,heap     ] GC(106) Max Capacity: 4096M(100%)
[213.777s][info][gc,heap     ] GC(106) Soft Max Capacity: 4096M(100%)
[213.777s][info][gc,heap     ] GC(106)                Mark Start          Mark End        Relocate Start      Relocate End           High               Low         
[213.777s][info][gc,heap     ] GC(106)  Capacity:     4096M (100%)       4096M (100%)       4096M (100%)       4096M (100%)       4096M (100%)       4096M (100%)   
[213.777s][info][gc,heap     ] GC(106)      Free:     1394M (34%)        1394M (34%)        4072M (99%)        4086M (100%)       4086M (100%)       1394M (34%)    
[213.777s][info][gc,heap     ] GC(106)      Used:     2702M (66%)        2702M (66%)          24M (1%)           10M (0%)         2702M (66%)          10M (0%)     
[213.777s][info][gc,heap     ] GC(106)      Live:         -                 6M (0%)            6M (0%)            6M (0%)             -                  -          
[213.777s][info][gc,heap     ] GC(106) Allocated:         -                 0M (0%)            0M (0%)            0M (0%)             -                  -          
[213.777s][info][gc,heap     ] GC(106)   Garbage:         -              2695M (66%)          17M (0%)            3M (0%)             -                  -          
[213.777s][info][gc,heap     ] GC(106) Reclaimed:         -                  -              2678M (65%)        2692M (66%)            -                  -          
[213.777s][info][gc          ] GC(106) Garbage Collection (System.gc()) 2702M(66%)->10M(0%)
[216.666s][info][gc,start    ] GC(107) Garbage Collection (System.gc())
[216.666s][info][gc,task     ] GC(107) Using 2 workers
[216.666s][info][gc,phases   ] GC(107) Pause Mark Start 0.006ms
[216.673s][info][gc,phases   ] GC(107) Concurrent Mark 7.271ms
[216.673s][info][gc,phases   ] GC(107) Pause Mark End 0.017ms
[216.673s][info][gc,phases   ] GC(107) Concurrent Mark Free 0.001ms
[216.676s][info][gc,phases   ] GC(107) Concurrent Process Non-Strong References 2.567ms
[216.676s][info][gc,phases   ] GC(107) Concurrent Reset Relocation Set 0.001ms
[216.677s][info][gc,phases   ] GC(107) Concurrent Select Relocation Set 1.412ms
[216.678s][info][gc,phases   ] GC(107) Pause Relocate Start 0.008ms
[216.678s][info][gc,phases   ] GC(107) Concurrent Relocate 0.481ms
[216.678s][info][gc,load     ] GC(107) Load: 0.00/0.00/0.00
[216.678s][info][gc,mmu      ] GC(107) MMU: 2ms/98.5%, 5ms/99.3%, 10ms/99.5%, 20ms/99.8%, 50ms/99.9%, 100ms/99.9%
[216.678s][info][gc,marking  ] GC(107) Mark: 2 stripe(s), 1 proactive flush(es), 1 terminate flush(es), 0 completion(s), 0 continuation(s) 
[216.678s][info][gc,marking  ] GC(107) Mark Stack Usage: 32M
[216.678s][info][gc,nmethod  ] GC(107) NMethods: 3055 registered, 0 unregistered
[216.678s][info][gc,metaspace] GC(107) Metaspace: 14M used, 14M committed, 1088M reserved
[216.678s][info][gc,ref      ] GC(107) Soft: 378 encountered, 0 discovered, 0 enqueued
[216.678s][info][gc,ref      ] GC(107) Weak: 940 encountered, 20 discovered, 9 enqueued
[216.678s][info][gc,ref      ] GC(107) Final: 0 encountered, 0 discovered, 0 enqueued
[216.678s][info][gc,ref      ] GC(107) Phantom: 36 encountered, 19 discovered, 0 enqueued
[216.678s][info][gc,reloc    ] GC(107) Small Pages: 1335 / 2670M, Empty: 2648M, Relocated: 1M, In-Place: 0
[216.678s][info][gc,reloc    ] GC(107) Medium Pages: 1 / 32M, Empty: 32M, Relocated: 0M, In-Place: 0
[216.678s][info][gc,reloc    ] GC(107) Large Pages: 0 / 0M, Empty: 0M, Relocated: 0M, In-Place: 0
[216.678s][info][gc,reloc    ] GC(107) Forwarding Usage: 0M
[216.678s][info][gc,heap     ] GC(107) Min Capacity: 4096M(100%)
[216.678s][info][gc,heap     ] GC(107) Max Capacity: 4096M(100%)
[216.678s][info][gc,heap     ] GC(107) Soft Max Capacity: 4096M(100%)
[216.678s][info][gc,heap     ] GC(107)                Mark Start          Mark End        Relocate Start      Relocate End           High               Low         
[216.678s][info][gc,heap     ] GC(107)  Capacity:     4096M (100%)       4096M (100%)       4096M (100%)       4096M (100%)       4096M (100%)       4096M (100%)   
[216.678s][info][gc,heap     ] GC(107)      Free:     1394M (34%)        1394M (34%)        4074M (99%)        4086M (100%)       4086M (100%)       1394M (34%)    
[216.678s][info][gc,heap     ] GC(107)      Used:     2702M (66%)        2702M (66%)          22M (1%)           10M (0%)         2702M (66%)          10M (0%)     
[216.678s][info][gc,heap     ] GC(107)      Live:         -                 6M (0%)            6M (0%)            6M (0%)             -                  -          
[216.678s][info][gc,heap     ] GC(107) Allocated:         -                 0M (0%)            0M (0%)            0M (0%)             -                  -          
[216.678s][info][gc,heap     ] GC(107)   Garbage:         -              2695M (66%)          15M (0%)            3M (0%)             -                  -          
[216.678s][info][gc,heap     ] GC(107) Reclaimed:         -                  -              2680M (65%)        2692M (66%)            -                  -          
[216.678s][info][gc          ] GC(107) Garbage Collection (System.gc()) 2702M(66%)->10M(0%)
[219.077s][info][gc,start    ] GC(108) Garbage Collection (Proactive)
[219.077s][info][gc,task     ] GC(108) Using 2 workers
[219.077s][info][gc,phases   ] GC(108) Pause Mark Start 0.011ms
[219.123s][info][gc,phases   ] GC(108) Concurrent Mark 46.422ms
[219.124s][info][gc,phases   ] GC(108) Pause Mark End 0.017ms
[219.124s][info][gc,phases   ] GC(108) Concurrent Mark Free 0.002ms
[219.127s][info][gc,phases   ] GC(108) Concurrent Process Non-Strong References 2.963ms
[219.127s][info][gc,phases   ] GC(108) Concurrent Reset Relocation Set 0.001ms
[219.131s][info][gc,phases   ] GC(108) Concurrent Select Relocation Set 4.307ms
[219.131s][info][gc,phases   ] GC(108) Pause Relocate Start 0.010ms
[219.149s][info][gc,phases   ] GC(108) Concurrent Relocate 17.368ms
[219.149s][info][gc,load     ] GC(108) Load: 0.00/0.00/0.00
[219.149s][info][gc,mmu      ] GC(108) MMU: 2ms/98.5%, 5ms/99.3%, 10ms/99.5%, 20ms/99.8%, 50ms/99.9%, 100ms/99.9%
[219.149s][info][gc,marking  ] GC(108) Mark: 2 stripe(s), 2 proactive flush(es), 1 terminate flush(es), 0 completion(s), 0 continuation(s) 
[219.149s][info][gc,marking  ] GC(108) Mark Stack Usage: 32M
[219.149s][info][gc,nmethod  ] GC(108) NMethods: 3055 registered, 0 unregistered
[219.149s][info][gc,metaspace] GC(108) Metaspace: 14M used, 14M committed, 1088M reserved
[219.149s][info][gc,ref      ] GC(108) Soft: 378 encountered, 0 discovered, 0 enqueued
[219.149s][info][gc,ref      ] GC(108) Weak: 936 encountered, 13 discovered, 6 enqueued
[219.149s][info][gc,ref      ] GC(108) Final: 0 encountered, 0 discovered, 0 enqueued
[219.149s][info][gc,ref      ] GC(108) Phantom: 36 encountered, 18 discovered, 0 enqueued
[219.149s][info][gc,reloc    ] GC(108) Small Pages: 722 / 1444M, Empty: 1330M, Relocated: 25M, In-Place: 0
[219.149s][info][gc,reloc    ] GC(108) Medium Pages: 1 / 32M, Empty: 0M, Relocated: 0M, In-Place: 0
[219.149s][info][gc,reloc    ] GC(108) Large Pages: 0 / 0M, Empty: 0M, Relocated: 0M, In-Place: 0
[219.149s][info][gc,reloc    ] GC(108) Forwarding Usage: 15M
[219.149s][info][gc,heap     ] GC(108) Min Capacity: 4096M(100%)
[219.149s][info][gc,heap     ] GC(108) Max Capacity: 4096M(100%)
[219.149s][info][gc,heap     ] GC(108) Soft Max Capacity: 4096M(100%)
[219.149s][info][gc,heap     ] GC(108)                Mark Start          Mark End        Relocate Start      Relocate End           High               Low         
[219.149s][info][gc,heap     ] GC(108)  Capacity:     4096M (100%)       4096M (100%)       4096M (100%)       4096M (100%)       4096M (100%)       4096M (100%)   
[219.149s][info][gc,heap     ] GC(108)      Free:     2620M (64%)        2618M (64%)        3948M (96%)        4018M (98%)        4018M (98%)        2618M (64%)    
[219.149s][info][gc,heap     ] GC(108)      Used:     1476M (36%)        1478M (36%)         148M (4%)           78M (2%)         1478M (36%)          78M (2%)     
[219.149s][info][gc,heap     ] GC(108)      Live:         -                39M (1%)           39M (1%)           39M (1%)             -                  -          
[219.149s][info][gc,heap     ] GC(108) Allocated:         -                 2M (0%)            2M (0%)            1M (0%)             -                  -          
[219.149s][info][gc,heap     ] GC(108)   Garbage:         -              1436M (35%)         106M (3%)           36M (1%)             -                  -          
[219.149s][info][gc,heap     ] GC(108) Reclaimed:         -                  -              1330M (32%)        1399M (34%)            -                  -          
[219.149s][info][gc          ] GC(108) Garbage Collection (Proactive) 1476M(36%)->78M(2%)
[219.534s][info][gc,start    ] GC(109) Garbage Collection (System.gc())
[219.534s][info][gc,task     ] GC(109) Using 2 workers
[219.534s][info][gc,phases   ] GC(109) Pause Mark Start 0.007ms
[219.548s][info][gc,phases   ] GC(109) Concurrent Mark 14.398ms
[219.548s][info][gc,phases   ] GC(109) Pause Mark End 0.017ms
[219.548s][info][gc,phases   ] GC(109) Concurrent Mark Free 0.002ms
[219.551s][info][gc,phases   ] GC(109) Concurrent Process Non-Strong References 2.977ms
[219.551s][info][gc,phases   ] GC(109) Concurrent Reset Relocation Set 0.006ms
[219.554s][info][gc,phases   ] GC(109) Concurrent Select Relocation Set 2.609ms
[219.554s][info][gc,phases   ] GC(109) Pause Relocate Start 0.016ms
[219.556s][info][gc,phases   ] GC(109) Concurrent Relocate 1.153ms
[219.556s][info][gc,load     ] GC(109) Load: 0.00/0.00/0.00
[219.556s][info][gc,mmu      ] GC(109) MMU: 2ms/98.5%, 5ms/99.3%, 10ms/99.5%, 20ms/99.8%, 50ms/99.9%, 100ms/99.9%
[219.556s][info][gc,marking  ] GC(109) Mark: 2 stripe(s), 2 proactive flush(es), 1 terminate flush(es), 0 completion(s), 0 continuation(s) 
[219.556s][info][gc,marking  ] GC(109) Mark Stack Usage: 32M
[219.556s][info][gc,nmethod  ] GC(109) NMethods: 3055 registered, 0 unregistered
[219.556s][info][gc,metaspace] GC(109) Metaspace: 14M used, 14M committed, 1088M reserved
[219.556s][info][gc,ref      ] GC(109) Soft: 378 encountered, 0 discovered, 0 enqueued
[219.556s][info][gc,ref      ] GC(109) Weak: 933 encountered, 17 discovered, 2 enqueued
[219.556s][info][gc,ref      ] GC(109) Final: 0 encountered, 0 discovered, 0 enqueued
[219.556s][info][gc,ref      ] GC(109) Phantom: 36 encountered, 13 discovered, 0 enqueued
[219.556s][info][gc,reloc    ] GC(109) Small Pages: 635 / 1270M, Empty: 1250M, Relocated: 1M, In-Place: 0
[219.556s][info][gc,reloc    ] GC(109) Medium Pages: 1 / 32M, Empty: 32M, Relocated: 0M, In-Place: 0
[219.556s][info][gc,reloc    ] GC(109) Large Pages: 0 / 0M, Empty: 0M, Relocated: 0M, In-Place: 0
[219.556s][info][gc,reloc    ] GC(109) Forwarding Usage: 0M
[219.556s][info][gc,heap     ] GC(109) Min Capacity: 4096M(100%)
[219.556s][info][gc,heap     ] GC(109) Max Capacity: 4096M(100%)
[219.556s][info][gc,heap     ] GC(109) Soft Max Capacity: 4096M(100%)
[219.556s][info][gc,heap     ] GC(109)                Mark Start          Mark End        Relocate Start      Relocate End           High               Low         
[219.556s][info][gc,heap     ] GC(109)  Capacity:     4096M (100%)       4096M (100%)       4096M (100%)       4096M (100%)       4096M (100%)       4096M (100%)   
[219.556s][info][gc,heap     ] GC(109)      Free:     2794M (68%)        2794M (68%)        4076M (100%)       4086M (100%)       4086M (100%)       2794M (68%)    
[219.556s][info][gc,heap     ] GC(109)      Used:     1302M (32%)        1302M (32%)          20M (0%)           10M (0%)         1302M (32%)          10M (0%)     
[219.556s][info][gc,heap     ] GC(109)      Live:         -                 6M (0%)            6M (0%)            6M (0%)             -                  -          
[219.556s][info][gc,heap     ] GC(109) Allocated:         -                 0M (0%)            0M (0%)            0M (0%)             -                  -          
[219.556s][info][gc,heap     ] GC(109)   Garbage:         -              1295M (32%)          13M (0%)            3M (0%)             -                  -          
[219.556s][info][gc,heap     ] GC(109) Reclaimed:         -                  -              1282M (31%)        1292M (32%)            -                  -          
[219.556s][info][gc          ] GC(109) Garbage Collection (System.gc()) 1302M(32%)->10M(0%)
[220.176s][info][gc,stats    ] === Garbage Collection Statistics =======================================================================================================================
[220.176s][info][gc,stats    ]                                                              Last 10s              Last 10m              Last 10h                Total
[220.176s][info][gc,stats    ]                                                              Avg / Max             Avg / Max             Avg / Max             Avg / Max
[220.176s][info][gc,stats    ]   Collector: Garbage Collection Cycle                     37.099 / 80.733       34.638 / 113.591      34.638 / 113.591      34.638 / 113.591     ms
[220.176s][info][gc,stats    ]  Contention: Mark Segment Reset Contention                     0 / 1                 0 / 3                 0 / 3                 0 / 3           ops/s
[220.176s][info][gc,stats    ]  Contention: Mark SeqNum Reset Contention                      0 / 0                 0 / 1                 0 / 1                 0 / 1           ops/s
[220.176s][info][gc,stats    ]    Critical: Allocation Stall                                  0 / 0                 0 / 0                 0 / 0                 0 / 0           ops/s
[220.176s][info][gc,stats    ]    Critical: Allocation Stall                              0.000 / 0.000         0.000 / 0.000         0.000 / 0.000         0.000 / 0.000       ms
[220.176s][info][gc,stats    ]    Critical: GC Locker Stall                                   0 / 0                 0 / 0                 0 / 0                 0 / 0           ops/s
[220.176s][info][gc,stats    ]    Critical: GC Locker Stall                               0.000 / 0.000         0.000 / 0.000         0.000 / 0.000         0.000 / 0.000       ms
[220.176s][info][gc,stats    ]    Critical: Relocation Stall                                  0 / 0                 0 / 0                 0 / 0                 0 / 0           ops/s
[220.176s][info][gc,stats    ]    Critical: Relocation Stall                              0.000 / 0.000         0.000 / 0.000         0.000 / 0.000         0.000 / 0.000       ms
[220.176s][info][gc,stats    ]      Memory: Allocation Rate                                 944 / 1378            980 / 1380            980 / 1380            980 / 1380        MB/s
[220.176s][info][gc,stats    ]      Memory: Out Of Memory                                     0 / 0                 0 / 0                 0 / 0                 0 / 0           ops/s
[220.176s][info][gc,stats    ]      Memory: Page Cache Flush                                  0 / 0                 0 / 0                 0 / 0                 0 / 0           MB/s
[220.176s][info][gc,stats    ]      Memory: Page Cache Hit L1                               469 / 690             480 / 690             480 / 690             480 / 690         ops/s
[220.176s][info][gc,stats    ]      Memory: Page Cache Hit L2                                 0 / 0                 0 / 0                 0 / 0                 0 / 0           ops/s
[220.176s][info][gc,stats    ]      Memory: Page Cache Hit L3                                 0 / 0                 6 / 392               6 / 392               6 / 392         ops/s
[220.176s][info][gc,stats    ]      Memory: Page Cache Miss                                   0 / 0                 0 / 1                 0 / 1                 0 / 1           ops/s
[220.176s][info][gc,stats    ]      Memory: Uncommit                                          0 / 0                 0 / 0                 0 / 0                 0 / 0           MB/s
[220.176s][info][gc,stats    ]      Memory: Undo Object Allocation Failed                     0 / 0                 0 / 0                 0 / 0                 0 / 0           ops/s
[220.176s][info][gc,stats    ]      Memory: Undo Object Allocation Succeeded                  0 / 0                 1 / 140               1 / 140               1 / 140         ops/s
[220.176s][info][gc,stats    ]      Memory: Undo Page Allocation                              0 / 0                 0 / 0                 0 / 0                 0 / 0           ops/s
[220.176s][info][gc,stats    ]       Phase: Concurrent Mark                              22.617 / 46.422       22.368 / 78.232       22.368 / 78.232       22.368 / 78.232      ms
[220.176s][info][gc,stats    ]       Phase: Concurrent Mark Continue                      0.000 / 0.000         0.000 / 0.000         0.000 / 0.000         0.000 / 0.000       ms
[220.176s][info][gc,stats    ]       Phase: Concurrent Mark Free                          0.001 / 0.002         0.002 / 0.003         0.002 / 0.003         0.002 / 0.003       ms
[220.176s][info][gc,stats    ]       Phase: Concurrent Process Non-Strong References      2.916 / 3.177         2.949 / 4.781         2.949 / 4.781         2.949 / 4.781       ms
[220.176s][info][gc,stats    ]       Phase: Concurrent Relocate                           7.712 / 25.259        5.667 / 27.510        5.667 / 27.510        5.667 / 27.510      ms
[220.176s][info][gc,stats    ]       Phase: Concurrent Reset Relocation Set               0.003 / 0.006         0.003 / 0.008         0.003 / 0.008         0.003 / 0.008       ms
[220.176s][info][gc,stats    ]       Phase: Concurrent Select Relocation Set              2.923 / 4.893         2.746 / 7.858         2.746 / 7.858         2.746 / 7.858       ms
[220.176s][info][gc,stats    ]       Phase: Pause Mark End                                0.015 / 0.017         0.016 / 0.031         0.016 / 0.031         0.016 / 0.031       ms
[220.177s][info][gc,stats    ]       Phase: Pause Mark Start                              0.007 / 0.011         0.008 / 0.027         0.008 / 0.027         0.008 / 0.027       ms
[220.177s][info][gc,stats    ]       Phase: Pause Relocate Start                          0.012 / 0.016         0.010 / 0.022         0.010 / 0.022         0.010 / 0.022       ms
[220.177s][info][gc,stats    ]    Subphase: Concurrent Classes Purge                      0.135 / 0.160         0.136 / 0.219         0.136 / 0.219         0.136 / 0.219       ms
[220.177s][info][gc,stats    ]    Subphase: Concurrent Classes Unlink                     2.341 / 2.660         2.251 / 3.817         2.251 / 3.817         2.251 / 3.817       ms
[220.177s][info][gc,stats    ]    Subphase: Concurrent Mark                              18.321 / 45.629       17.315 / 77.416       17.315 / 77.416       17.315 / 77.416      ms
[220.177s][info][gc,stats    ]    Subphase: Concurrent Mark Try Flush                     0.132 / 0.486         0.087 / 0.514         0.087 / 0.514         0.087 / 0.514       ms
[220.177s][info][gc,stats    ]    Subphase: Concurrent Mark Try Terminate                 3.001 / 15.454        3.432 / 17.130        3.432 / 17.130        3.432 / 17.130      ms
[220.177s][info][gc,stats    ]    Subphase: Concurrent References Enqueue                 0.006 / 0.008         0.006 / 0.009         0.006 / 0.009         0.006 / 0.009       ms
[220.177s][info][gc,stats    ]    Subphase: Concurrent References Process                 0.080 / 0.132         0.151 / 0.251         0.151 / 0.251         0.151 / 0.251       ms
[220.177s][info][gc,stats    ]    Subphase: Concurrent Roots ClassLoaderDataGraph         0.063 / 0.176         0.055 / 0.243         0.055 / 0.243         0.055 / 0.243       ms
[220.177s][info][gc,stats    ]    Subphase: Concurrent Roots CodeCache                    0.000 / 0.000         0.000 / 0.000         0.000 / 0.000         0.000 / 0.000       ms
[220.177s][info][gc,stats    ]    Subphase: Concurrent Roots JavaThreads                  0.241 / 0.557         0.260 / 0.762         0.260 / 0.762         0.260 / 0.762       ms
[220.177s][info][gc,stats    ]    Subphase: Concurrent Roots OopStorageSet                0.015 / 0.028         0.014 / 0.052         0.014 / 0.052         0.014 / 0.052       ms
[220.177s][info][gc,stats    ]    Subphase: Concurrent Weak Roots OopStorageSet           0.163 / 0.261         0.199 / 0.396         0.199 / 0.396         0.199 / 0.396       ms
[220.177s][info][gc,stats    ]    Subphase: Pause Mark Try Complete                       0.000 / 0.000         0.000 / 0.000         0.000 / 0.000         0.000 / 0.000       ms
[220.177s][info][gc,stats    ]      System: Java Threads                                     12 / 12               12 / 13               12 / 13               12 / 13          threads
[220.177s][info][gc,stats    ] =========================================================================================================================================================
[222.439s][info][gc,start    ] GC(110) Garbage Collection (System.gc())
[222.439s][info][gc,task     ] GC(110) Using 2 workers
[222.440s][info][gc,phases   ] GC(110) Pause Mark Start 0.007ms
[222.452s][info][gc,phases   ] GC(110) Concurrent Mark 12.702ms
[222.452s][info][gc,phases   ] GC(110) Pause Mark End 0.026ms
[222.453s][info][gc,phases   ] GC(110) Concurrent Mark Free 0.002ms
[222.456s][info][gc,phases   ] GC(110) Concurrent Process Non-Strong References 3.147ms
[222.456s][info][gc,phases   ] GC(110) Concurrent Reset Relocation Set 0.001ms
[222.457s][info][gc,phases   ] GC(110) Concurrent Select Relocation Set 1.381ms
[222.457s][info][gc,phases   ] GC(110) Pause Relocate Start 0.010ms
[222.458s][info][gc,phases   ] GC(110) Concurrent Relocate 0.867ms
[222.458s][info][gc,load     ] GC(110) Load: 0.00/0.00/0.00
[222.458s][info][gc,mmu      ] GC(110) MMU: 2ms/98.5%, 5ms/99.3%, 10ms/99.5%, 20ms/99.8%, 50ms/99.9%, 100ms/99.9%
[222.458s][info][gc,marking  ] GC(110) Mark: 2 stripe(s), 2 proactive flush(es), 1 terminate flush(es), 0 completion(s), 0 continuation(s) 
[222.458s][info][gc,marking  ] GC(110) Mark Stack Usage: 32M
[222.458s][info][gc,nmethod  ] GC(110) NMethods: 3055 registered, 0 unregistered
[222.458s][info][gc,metaspace] GC(110) Metaspace: 14M used, 14M committed, 1088M reserved
[222.458s][info][gc,ref      ] GC(110) Soft: 378 encountered, 0 discovered, 0 enqueued
[222.458s][info][gc,ref      ] GC(110) Weak: 939 encountered, 22 discovered, 8 enqueued
[222.458s][info][gc,ref      ] GC(110) Final: 0 encountered, 0 discovered, 0 enqueued
[222.458s][info][gc,ref      ] GC(110) Phantom: 36 encountered, 15 discovered, 0 enqueued
[222.458s][info][gc,reloc    ] GC(110) Small Pages: 1335 / 2670M, Empty: 2648M, Relocated: 1M, In-Place: 0
[222.458s][info][gc,reloc    ] GC(110) Medium Pages: 1 / 32M, Empty: 32M, Relocated: 0M, In-Place: 0
[222.458s][info][gc,reloc    ] GC(110) Large Pages: 0 / 0M, Empty: 0M, Relocated: 0M, In-Place: 0
[222.458s][info][gc,reloc    ] GC(110) Forwarding Usage: 0M
[222.458s][info][gc,heap     ] GC(110) Min Capacity: 4096M(100%)
[222.458s][info][gc,heap     ] GC(110) Max Capacity: 4096M(100%)
[222.458s][info][gc,heap     ] GC(110) Soft Max Capacity: 4096M(100%)
[222.458s][info][gc,heap     ] GC(110)                Mark Start          Mark End        Relocate Start      Relocate End           High               Low         
[222.458s][info][gc,heap     ] GC(110)  Capacity:     4096M (100%)       4096M (100%)       4096M (100%)       4096M (100%)       4096M (100%)       4096M (100%)   
[222.458s][info][gc,heap     ] GC(110)      Free:     1394M (34%)        1394M (34%)        4074M (99%)        4086M (100%)       4086M (100%)       1394M (34%)    
[222.458s][info][gc,heap     ] GC(110)      Used:     2702M (66%)        2702M (66%)          22M (1%)           10M (0%)         2702M (66%)          10M (0%)     
[222.458s][info][gc,heap     ] GC(110)      Live:         -                 6M (0%)            6M (0%)            6M (0%)             -                  -          
[222.458s][info][gc,heap     ] GC(110) Allocated:         -                 0M (0%)            0M (0%)            0M (0%)             -                  -          
[222.458s][info][gc,heap     ] GC(110)   Garbage:         -              2695M (66%)          15M (0%)            3M (0%)             -                  -          
[222.458s][info][gc,heap     ] GC(110) Reclaimed:         -                  -              2680M (65%)        2692M (66%)            -                  -          
[222.458s][info][gc          ] GC(110) Garbage Collection (System.gc()) 2702M(66%)->10M(0%)
[225.358s][info][gc,start    ] GC(111) Garbage Collection (System.gc())
[225.358s][info][gc,task     ] GC(111) Using 2 workers
[225.358s][info][gc,phases   ] GC(111) Pause Mark Start 0.005ms
[225.373s][info][gc,phases   ] GC(111) Concurrent Mark 15.495ms
[225.373s][info][gc,phases   ] GC(111) Pause Mark End 0.014ms
[225.374s][info][gc,phases   ] GC(111) Concurrent Mark Free 0.002ms
[225.377s][info][gc,phases   ] GC(111) Concurrent Process Non-Strong References 3.435ms
[225.377s][info][gc,phases   ] GC(111) Concurrent Reset Relocation Set 0.002ms
[225.379s][info][gc,phases   ] GC(111) Concurrent Select Relocation Set 1.929ms
[225.379s][info][gc,phases   ] GC(111) Pause Relocate Start 0.009ms
[225.380s][info][gc,phases   ] GC(111) Concurrent Relocate 0.794ms
[225.380s][info][gc,load     ] GC(111) Load: 0.00/0.00/0.00
[225.380s][info][gc,mmu      ] GC(111) MMU: 2ms/98.5%, 5ms/99.3%, 10ms/99.5%, 20ms/99.8%, 50ms/99.9%, 100ms/99.9%
[225.380s][info][gc,marking  ] GC(111) Mark: 2 stripe(s), 1 proactive flush(es), 1 terminate flush(es), 0 completion(s), 0 continuation(s) 
[225.380s][info][gc,marking  ] GC(111) Mark Stack Usage: 32M
[225.380s][info][gc,nmethod  ] GC(111) NMethods: 3057 registered, 0 unregistered
[225.380s][info][gc,metaspace] GC(111) Metaspace: 14M used, 14M committed, 1088M reserved
[225.380s][info][gc,ref      ] GC(111) Soft: 378 encountered, 0 discovered, 0 enqueued
[225.380s][info][gc,ref      ] GC(111) Weak: 939 encountered, 473 discovered, 8 enqueued
[225.380s][info][gc,ref      ] GC(111) Final: 0 encountered, 0 discovered, 0 enqueued
[225.380s][info][gc,ref      ] GC(111) Phantom: 36 encountered, 13 discovered, 0 enqueued
[225.380s][info][gc,reloc    ] GC(111) Small Pages: 1335 / 2670M, Empty: 2648M, Relocated: 1M, In-Place: 0
[225.380s][info][gc,reloc    ] GC(111) Medium Pages: 1 / 32M, Empty: 32M, Relocated: 0M, In-Place: 0
[225.380s][info][gc,reloc    ] GC(111) Large Pages: 0 / 0M, Empty: 0M, Relocated: 0M, In-Place: 0
[225.380s][info][gc,reloc    ] GC(111) Forwarding Usage: 0M
[225.380s][info][gc,heap     ] GC(111) Min Capacity: 4096M(100%)
[225.380s][info][gc,heap     ] GC(111) Max Capacity: 4096M(100%)
[225.380s][info][gc,heap     ] GC(111) Soft Max Capacity: 4096M(100%)
[225.380s][info][gc,heap     ] GC(111)                Mark Start          Mark End        Relocate Start      Relocate End           High               Low         
[225.380s][info][gc,heap     ] GC(111)  Capacity:     4096M (100%)       4096M (100%)       4096M (100%)       4096M (100%)       4096M (100%)       4096M (100%)   
[225.380s][info][gc,heap     ] GC(111)      Free:     1394M (34%)        1394M (34%)        4074M (99%)        4086M (100%)       4086M (100%)       1394M (34%)    
[225.380s][info][gc,heap     ] GC(111)      Used:     2702M (66%)        2702M (66%)          22M (1%)           10M (0%)         2702M (66%)          10M (0%)     
[225.380s][info][gc,heap     ] GC(111)      Live:         -                 6M (0%)            6M (0%)            6M (0%)             -                  -          
[225.380s][info][gc,heap     ] GC(111) Allocated:         -                 0M (0%)            0M (0%)            0M (0%)             -                  -          
[225.380s][info][gc,heap     ] GC(111)   Garbage:         -              2695M (66%)          15M (0%)            3M (0%)             -                  -          
[225.380s][info][gc,heap     ] GC(111) Reclaimed:         -                  -              2680M (65%)        2692M (66%)            -                  -          
[225.380s][info][gc          ] GC(111) Garbage Collection (System.gc()) 2702M(66%)->10M(0%)
[227.681s][info][gc,start    ] GC(112) Garbage Collection (Proactive)
[227.681s][info][gc,task     ] GC(112) Using 2 workers
[227.681s][info][gc,phases   ] GC(112) Pause Mark Start 0.010ms
[227.712s][info][gc,phases   ] GC(112) Concurrent Mark 30.296ms
[227.712s][info][gc,phases   ] GC(112) Pause Mark End 0.012ms
[227.712s][info][gc,phases   ] GC(112) Concurrent Mark Free 0.002ms
[227.714s][info][gc,phases   ] GC(112) Concurrent Process Non-Strong References 2.501ms
[227.714s][info][gc,phases   ] GC(112) Concurrent Reset Relocation Set 0.001ms
[227.718s][info][gc,phases   ] GC(112) Concurrent Select Relocation Set 3.554ms
[227.718s][info][gc,phases   ] GC(112) Pause Relocate Start 0.011ms
[227.732s][info][gc,phases   ] GC(112) Concurrent Relocate 13.909ms
[227.732s][info][gc,load     ] GC(112) Load: 0.00/0.00/0.00
[227.732s][info][gc,mmu      ] GC(112) MMU: 2ms/98.5%, 5ms/99.3%, 10ms/99.5%, 20ms/99.8%, 50ms/99.9%, 100ms/99.9%
[227.732s][info][gc,marking  ] GC(112) Mark: 2 stripe(s), 2 proactive flush(es), 1 terminate flush(es), 0 completion(s), 0 continuation(s) 
[227.732s][info][gc,marking  ] GC(112) Mark Stack Usage: 32M
[227.732s][info][gc,nmethod  ] GC(112) NMethods: 3057 registered, 0 unregistered
[227.732s][info][gc,metaspace] GC(112) Metaspace: 14M used, 14M committed, 1088M reserved
[227.732s][info][gc,ref      ] GC(112) Soft: 378 encountered, 0 discovered, 0 enqueued
[227.732s][info][gc,ref      ] GC(112) Weak: 936 encountered, 15 discovered, 6 enqueued
[227.732s][info][gc,ref      ] GC(112) Final: 0 encountered, 0 discovered, 0 enqueued
[227.732s][info][gc,ref      ] GC(112) Phantom: 36 encountered, 21 discovered, 0 enqueued
[227.732s][info][gc,reloc    ] GC(112) Small Pages: 714 / 1428M, Empty: 1330M, Relocated: 20M, In-Place: 0
[227.732s][info][gc,reloc    ] GC(112) Medium Pages: 1 / 32M, Empty: 0M, Relocated: 0M, In-Place: 0
[227.732s][info][gc,reloc    ] GC(112) Large Pages: 0 / 0M, Empty: 0M, Relocated: 0M, In-Place: 0
[227.732s][info][gc,reloc    ] GC(112) Forwarding Usage: 13M
[227.732s][info][gc,heap     ] GC(112) Min Capacity: 4096M(100%)
[227.732s][info][gc,heap     ] GC(112) Max Capacity: 4096M(100%)
[227.732s][info][gc,heap     ] GC(112) Soft Max Capacity: 4096M(100%)
[227.732s][info][gc,heap     ] GC(112)                Mark Start          Mark End        Relocate Start      Relocate End           High               Low         
[227.732s][info][gc,heap     ] GC(112)  Capacity:     4096M (100%)       4096M (100%)       4096M (100%)       4096M (100%)       4096M (100%)       4096M (100%)   
[227.732s][info][gc,heap     ] GC(112)      Free:     2636M (64%)        2634M (64%)        3964M (97%)        4020M (98%)        4020M (98%)        2634M (64%)    
[227.732s][info][gc,heap     ] GC(112)      Used:     1460M (36%)        1462M (36%)         132M (3%)           76M (2%)         1462M (36%)          76M (2%)     
[227.733s][info][gc,heap     ] GC(112)      Live:         -                35M (1%)           35M (1%)           35M (1%)             -                  -          
[227.733s][info][gc,heap     ] GC(112) Allocated:         -                 2M (0%)            2M (0%)            1M (0%)             -                  -          
[227.733s][info][gc,heap     ] GC(112)   Garbage:         -              1424M (35%)          94M (2%)           38M (1%)             -                  -          
[227.733s][info][gc,heap     ] GC(112) Reclaimed:         -                  -              1330M (32%)        1385M (34%)            -                  -          
[227.733s][info][gc          ] GC(112) Garbage Collection (Proactive) 1460M(36%)->76M(2%)
[228.269s][info][gc,start    ] GC(113) Garbage Collection (System.gc())
[228.269s][info][gc,task     ] GC(113) Using 2 workers
[228.269s][info][gc,phases   ] GC(113) Pause Mark Start 0.007ms
[228.277s][info][gc,phases   ] GC(113) Concurrent Mark 7.408ms
[228.277s][info][gc,phases   ] GC(113) Pause Mark End 0.012ms
[228.277s][info][gc,phases   ] GC(113) Concurrent Mark Free 0.002ms
[228.281s][info][gc,phases   ] GC(113) Concurrent Process Non-Strong References 3.461ms
[228.281s][info][gc,phases   ] GC(113) Concurrent Reset Relocation Set 0.005ms
[228.284s][info][gc,phases   ] GC(113) Concurrent Select Relocation Set 2.818ms
[228.284s][info][gc,phases   ] GC(113) Pause Relocate Start 0.010ms
[228.284s][info][gc,phases   ] GC(113) Concurrent Relocate 0.759ms
[228.285s][info][gc,load     ] GC(113) Load: 0.00/0.00/0.00
[228.285s][info][gc,mmu      ] GC(113) MMU: 2ms/98.5%, 5ms/99.3%, 10ms/99.5%, 20ms/99.8%, 50ms/99.9%, 100ms/99.9%
[228.285s][info][gc,marking  ] GC(113) Mark: 2 stripe(s), 1 proactive flush(es), 1 terminate flush(es), 0 completion(s), 0 continuation(s) 
[228.285s][info][gc,marking  ] GC(113) Mark Stack Usage: 32M
[228.285s][info][gc,nmethod  ] GC(113) NMethods: 3057 registered, 0 unregistered
[228.285s][info][gc,metaspace] GC(113) Metaspace: 14M used, 14M committed, 1088M reserved
[228.285s][info][gc,ref      ] GC(113) Soft: 378 encountered, 0 discovered, 0 enqueued
[228.285s][info][gc,ref      ] GC(113) Weak: 933 encountered, 260 discovered, 2 enqueued
[228.285s][info][gc,ref      ] GC(113) Final: 0 encountered, 0 discovered, 0 enqueued
[228.285s][info][gc,ref      ] GC(113) Phantom: 36 encountered, 18 discovered, 0 enqueued
[228.285s][info][gc,reloc    ] GC(113) Small Pages: 643 / 1286M, Empty: 1268M, Relocated: 1M, In-Place: 0
[228.285s][info][gc,reloc    ] GC(113) Medium Pages: 1 / 32M, Empty: 32M, Relocated: 0M, In-Place: 0
[228.285s][info][gc,reloc    ] GC(113) Large Pages: 0 / 0M, Empty: 0M, Relocated: 0M, In-Place: 0
[228.285s][info][gc,reloc    ] GC(113) Forwarding Usage: 0M
[228.285s][info][gc,heap     ] GC(113) Min Capacity: 4096M(100%)
[228.285s][info][gc,heap     ] GC(113) Max Capacity: 4096M(100%)
[228.285s][info][gc,heap     ] GC(113) Soft Max Capacity: 4096M(100%)
[228.285s][info][gc,heap     ] GC(113)                Mark Start          Mark End        Relocate Start      Relocate End           High               Low         
[228.285s][info][gc,heap     ] GC(113)  Capacity:     4096M (100%)       4096M (100%)       4096M (100%)       4096M (100%)       4096M (100%)       4096M (100%)   
[228.285s][info][gc,heap     ] GC(113)      Free:     2778M (68%)        2778M (68%)        4078M (100%)       4086M (100%)       4086M (100%)       2778M (68%)    
[228.285s][info][gc,heap     ] GC(113)      Used:     1318M (32%)        1318M (32%)          18M (0%)           10M (0%)         1318M (32%)          10M (0%)     
[228.285s][info][gc,heap     ] GC(113)      Live:         -                 6M (0%)            6M (0%)            6M (0%)             -                  -          
[228.285s][info][gc,heap     ] GC(113) Allocated:         -                 0M (0%)            0M (0%)            0M (0%)             -                  -          
[228.285s][info][gc,heap     ] GC(113)   Garbage:         -              1311M (32%)          11M (0%)            3M (0%)             -                  -          
[228.285s][info][gc,heap     ] GC(113) Reclaimed:         -                  -              1300M (32%)        1308M (32%)            -                  -          
[228.285s][info][gc          ] GC(113) Garbage Collection (System.gc()) 1318M(32%)->10M(0%)
[230.176s][info][gc,stats    ] === Garbage Collection Statistics =======================================================================================================================
[230.176s][info][gc,stats    ]                                                              Last 10s              Last 10m              Last 10h                Total
[230.176s][info][gc,stats    ]                                                              Avg / Max             Avg / Max             Avg / Max             Avg / Max
[230.176s][info][gc,stats    ]   Collector: Garbage Collection Cycle                     26.985 / 51.237       34.369 / 113.591      34.369 / 113.591      34.369 / 113.591     ms
[230.176s][info][gc,stats    ]  Contention: Mark Segment Reset Contention                     0 / 0                 0 / 3                 0 / 3                 0 / 3           ops/s
[230.176s][info][gc,stats    ]  Contention: Mark SeqNum Reset Contention                      0 / 0                 0 / 1                 0 / 1                 0 / 1           ops/s
[230.176s][info][gc,stats    ]    Critical: Allocation Stall                                  0 / 0                 0 / 0                 0 / 0                 0 / 0           ops/s
[230.176s][info][gc,stats    ]    Critical: Allocation Stall                              0.000 / 0.000         0.000 / 0.000         0.000 / 0.000         0.000 / 0.000       ms
[230.176s][info][gc,stats    ]    Critical: GC Locker Stall                                   0 / 0                 0 / 0                 0 / 0                 0 / 0           ops/s
[230.176s][info][gc,stats    ]    Critical: GC Locker Stall                               0.000 / 0.000         0.000 / 0.000         0.000 / 0.000         0.000 / 0.000       ms
[230.176s][info][gc,stats    ]    Critical: Relocation Stall                                  0 / 0                 0 / 0                 0 / 0                 0 / 0           ops/s
[230.176s][info][gc,stats    ]    Critical: Relocation Stall                              0.000 / 0.000         0.000 / 0.000         0.000 / 0.000         0.000 / 0.000       ms
[230.176s][info][gc,stats    ]      Memory: Allocation Rate                                 942 / 1350            978 / 1380            978 / 1380            978 / 1380        MB/s
[230.176s][info][gc,stats    ]      Memory: Out Of Memory                                     0 / 0                 0 / 0                 0 / 0                 0 / 0           ops/s
[230.176s][info][gc,stats    ]      Memory: Page Cache Flush                                  0 / 0                 0 / 0                 0 / 0                 0 / 0           MB/s
[230.176s][info][gc,stats    ]      Memory: Page Cache Hit L1                               468 / 669             480 / 690             480 / 690             480 / 690         ops/s
[230.176s][info][gc,stats    ]      Memory: Page Cache Hit L2                                 0 / 0                 0 / 0                 0 / 0                 0 / 0           ops/s
[230.176s][info][gc,stats    ]      Memory: Page Cache Hit L3                                 0 / 0                 5 / 392               5 / 392               5 / 392         ops/s
[230.176s][info][gc,stats    ]      Memory: Page Cache Miss                                   0 / 0                 0 / 1                 0 / 1                 0 / 1           ops/s
[230.177s][info][gc,stats    ]      Memory: Uncommit                                          0 / 0                 0 / 0                 0 / 0                 0 / 0           MB/s
[230.177s][info][gc,stats    ]      Memory: Undo Object Allocation Failed                     0 / 0                 0 / 0                 0 / 0                 0 / 0           ops/s
[230.177s][info][gc,stats    ]      Memory: Undo Object Allocation Succeeded                  0 / 0                 1 / 140               1 / 140               1 / 140         ops/s
[230.177s][info][gc,stats    ]      Memory: Undo Page Allocation                              0 / 0                 0 / 0                 0 / 0                 0 / 0           ops/s
[230.177s][info][gc,stats    ]       Phase: Concurrent Mark                              16.475 / 30.296       22.162 / 78.232       22.162 / 78.232       22.162 / 78.232      ms
[230.177s][info][gc,stats    ]       Phase: Concurrent Mark Continue                      0.000 / 0.000         0.000 / 0.000         0.000 / 0.000         0.000 / 0.000       ms
[230.177s][info][gc,stats    ]       Phase: Concurrent Mark Free                          0.002 / 0.002         0.002 / 0.003         0.002 / 0.003         0.002 / 0.003       ms
[230.177s][info][gc,stats    ]       Phase: Concurrent Process Non-Strong References      3.136 / 3.461         2.956 / 4.781         2.956 / 4.781         2.956 / 4.781       ms
[230.177s][info][gc,stats    ]       Phase: Concurrent Relocate                           4.082 / 13.909        5.612 / 27.510        5.612 / 27.510        5.612 / 27.510      ms
[230.177s][info][gc,stats    ]       Phase: Concurrent Reset Relocation Set               0.002 / 0.005         0.003 / 0.008         0.003 / 0.008         0.003 / 0.008       ms
[230.177s][info][gc,stats    ]       Phase: Concurrent Select Relocation Set              2.421 / 3.554         2.734 / 7.858         2.734 / 7.858         2.734 / 7.858       ms
[230.177s][info][gc,stats    ]       Phase: Pause Mark End                                0.016 / 0.026         0.016 / 0.031         0.016 / 0.031         0.016 / 0.031       ms
[230.177s][info][gc,stats    ]       Phase: Pause Mark Start                              0.007 / 0.010         0.008 / 0.027         0.008 / 0.027         0.008 / 0.027       ms
[230.177s][info][gc,stats    ]       Phase: Pause Relocate Start                          0.010 / 0.011         0.010 / 0.022         0.010 / 0.022         0.010 / 0.022       ms
[230.177s][info][gc,stats    ]    Subphase: Concurrent Classes Purge                      0.150 / 0.175         0.137 / 0.219         0.137 / 0.219         0.137 / 0.219       ms
[230.177s][info][gc,stats    ]    Subphase: Concurrent Classes Unlink                     2.400 / 2.617         2.256 / 3.817         2.256 / 3.817         2.256 / 3.817       ms
[230.177s][info][gc,stats    ]    Subphase: Concurrent Mark                              12.991 / 29.579       17.163 / 77.416       17.163 / 77.416       17.163 / 77.416      ms
[230.177s][info][gc,stats    ]    Subphase: Concurrent Mark Try Flush                     0.091 / 0.139         0.088 / 0.514         0.088 / 0.514         0.088 / 0.514       ms
[230.177s][info][gc,stats    ]    Subphase: Concurrent Mark Try Terminate                 2.390 / 11.886        3.397 / 17.130        3.397 / 17.130        3.397 / 17.130      ms
[230.177s][info][gc,stats    ]    Subphase: Concurrent References Enqueue                 0.006 / 0.007         0.006 / 0.009         0.006 / 0.009         0.006 / 0.009       ms
[230.177s][info][gc,stats    ]    Subphase: Concurrent References Process                 0.146 / 0.246         0.151 / 0.251         0.151 / 0.251         0.151 / 0.251       ms
[230.177s][info][gc,stats    ]    Subphase: Concurrent Roots ClassLoaderDataGraph         0.044 / 0.095         0.055 / 0.243         0.055 / 0.243         0.055 / 0.243       ms
[230.177s][info][gc,stats    ]    Subphase: Concurrent Roots CodeCache                    0.000 / 0.000         0.000 / 0.000         0.000 / 0.000         0.000 / 0.000       ms
[230.177s][info][gc,stats    ]    Subphase: Concurrent Roots JavaThreads                  0.218 / 0.543         0.259 / 0.762         0.259 / 0.762         0.259 / 0.762       ms
[230.177s][info][gc,stats    ]    Subphase: Concurrent Roots OopStorageSet                0.011 / 0.018         0.014 / 0.052         0.014 / 0.052         0.014 / 0.052       ms
[230.177s][info][gc,stats    ]    Subphase: Concurrent Weak Roots OopStorageSet           0.195 / 0.302         0.199 / 0.396         0.199 / 0.396         0.199 / 0.396       ms
[230.177s][info][gc,stats    ]    Subphase: Pause Mark Try Complete                       0.000 / 0.000         0.000 / 0.000         0.000 / 0.000         0.000 / 0.000       ms
[230.177s][info][gc,stats    ]      System: Java Threads                                     12 / 12               12 / 13               12 / 13               12 / 13          threads
[230.177s][info][gc,stats    ] =========================================================================================================================================================
[231.173s][info][gc,start    ] GC(114) Garbage Collection (System.gc())
[231.173s][info][gc,task     ] GC(114) Using 2 workers
[231.173s][info][gc,phases   ] GC(114) Pause Mark Start 0.007ms
[231.181s][info][gc,phases   ] GC(114) Concurrent Mark 7.591ms
[231.181s][info][gc,phases   ] GC(114) Pause Mark End 0.008ms
[231.181s][info][gc,phases   ] GC(114) Concurrent Mark Free 0.001ms
[231.183s][info][gc,phases   ] GC(114) Concurrent Process Non-Strong References 2.493ms
[231.183s][info][gc,phases   ] GC(114) Concurrent Reset Relocation Set 0.001ms
[231.185s][info][gc,phases   ] GC(114) Concurrent Select Relocation Set 1.481ms
[231.185s][info][gc,phases   ] GC(114) Pause Relocate Start 0.005ms
[231.186s][info][gc,phases   ] GC(114) Concurrent Relocate 0.837ms
[231.186s][info][gc,load     ] GC(114) Load: 0.00/0.00/0.00
[231.186s][info][gc,mmu      ] GC(114) MMU: 2ms/98.5%, 5ms/99.3%, 10ms/99.5%, 20ms/99.8%, 50ms/99.9%, 100ms/99.9%
[231.186s][info][gc,marking  ] GC(114) Mark: 2 stripe(s), 1 proactive flush(es), 1 terminate flush(es), 0 completion(s), 0 continuation(s) 
[231.186s][info][gc,marking  ] GC(114) Mark Stack Usage: 32M
[231.186s][info][gc,nmethod  ] GC(114) NMethods: 3057 registered, 0 unregistered
[231.186s][info][gc,metaspace] GC(114) Metaspace: 14M used, 14M committed, 1088M reserved
[231.186s][info][gc,ref      ] GC(114) Soft: 378 encountered, 0 discovered, 0 enqueued
[231.186s][info][gc,ref      ] GC(114) Weak: 939 encountered, 31 discovered, 8 enqueued
[231.186s][info][gc,ref      ] GC(114) Final: 0 encountered, 0 discovered, 0 enqueued
[231.186s][info][gc,ref      ] GC(114) Phantom: 36 encountered, 23 discovered, 0 enqueued
[231.186s][info][gc,reloc    ] GC(114) Small Pages: 1335 / 2670M, Empty: 2648M, Relocated: 1M, In-Place: 0
[231.186s][info][gc,reloc    ] GC(114) Medium Pages: 1 / 32M, Empty: 32M, Relocated: 0M, In-Place: 0
[231.186s][info][gc,reloc    ] GC(114) Large Pages: 0 / 0M, Empty: 0M, Relocated: 0M, In-Place: 0
[231.186s][info][gc,reloc    ] GC(114) Forwarding Usage: 0M
[231.186s][info][gc,heap     ] GC(114) Min Capacity: 4096M(100%)
[231.186s][info][gc,heap     ] GC(114) Max Capacity: 4096M(100%)
[231.186s][info][gc,heap     ] GC(114) Soft Max Capacity: 4096M(100%)
[231.186s][info][gc,heap     ] GC(114)                Mark Start          Mark End        Relocate Start      Relocate End           High               Low         
[231.186s][info][gc,heap     ] GC(114)  Capacity:     4096M (100%)       4096M (100%)       4096M (100%)       4096M (100%)       4096M (100%)       4096M (100%)   
[231.186s][info][gc,heap     ] GC(114)      Free:     1394M (34%)        1394M (34%)        4074M (99%)        4086M (100%)       4086M (100%)       1394M (34%)    
[231.186s][info][gc,heap     ] GC(114)      Used:     2702M (66%)        2702M (66%)          22M (1%)           10M (0%)         2702M (66%)          10M (0%)     
[231.186s][info][gc,heap     ] GC(114)      Live:         -                 6M (0%)            6M (0%)            6M (0%)             -                  -          
[231.186s][info][gc,heap     ] GC(114) Allocated:         -                 0M (0%)            0M (0%)            0M (0%)             -                  -          
[231.186s][info][gc,heap     ] GC(114)   Garbage:         -              2695M (66%)          15M (0%)            3M (0%)             -                  -          
[231.186s][info][gc,heap     ] GC(114) Reclaimed:         -                  -              2680M (65%)        2692M (66%)            -                  -          
[231.186s][info][gc          ] GC(114) Garbage Collection (System.gc()) 2702M(66%)->10M(0%)
[233.583s][info][gc,start    ] GC(115) Garbage Collection (Proactive)
[233.583s][info][gc,task     ] GC(115) Using 2 workers
[233.583s][info][gc,phases   ] GC(115) Pause Mark Start 0.013ms
[233.615s][info][gc,phases   ] GC(115) Concurrent Mark 31.583ms
[233.615s][info][gc,phases   ] GC(115) Pause Mark End 0.011ms
[233.615s][info][gc,phases   ] GC(115) Concurrent Mark Free 0.001ms
[233.618s][info][gc,phases   ] GC(115) Concurrent Process Non-Strong References 2.959ms
[233.618s][info][gc,phases   ] GC(115) Concurrent Reset Relocation Set 0.002ms
[233.622s][info][gc,phases   ] GC(115) Concurrent Select Relocation Set 3.829ms
[233.622s][info][gc,phases   ] GC(115) Pause Relocate Start 0.011ms
[233.639s][info][gc,phases   ] GC(115) Concurrent Relocate 16.222ms
[233.639s][info][gc,load     ] GC(115) Load: 0.00/0.00/0.00
[233.639s][info][gc,mmu      ] GC(115) MMU: 2ms/98.5%, 5ms/99.3%, 10ms/99.5%, 20ms/99.8%, 50ms/99.9%, 100ms/99.9%
[233.639s][info][gc,marking  ] GC(115) Mark: 2 stripe(s), 2 proactive flush(es), 1 terminate flush(es), 0 completion(s), 0 continuation(s) 
[233.639s][info][gc,marking  ] GC(115) Mark Stack Usage: 32M
[233.639s][info][gc,nmethod  ] GC(115) NMethods: 3059 registered, 0 unregistered
[233.639s][info][gc,metaspace] GC(115) Metaspace: 14M used, 14M committed, 1088M reserved
[233.639s][info][gc,ref      ] GC(115) Soft: 378 encountered, 0 discovered, 0 enqueued
[233.639s][info][gc,ref      ] GC(115) Weak: 937 encountered, 15 discovered, 6 enqueued
[233.639s][info][gc,ref      ] GC(115) Final: 0 encountered, 0 discovered, 0 enqueued
[233.639s][info][gc,ref      ] GC(115) Phantom: 36 encountered, 14 discovered, 0 enqueued
[233.639s][info][gc,reloc    ] GC(115) Small Pages: 713 / 1426M, Empty: 1330M, Relocated: 24M, In-Place: 0
[233.639s][info][gc,reloc    ] GC(115) Medium Pages: 1 / 32M, Empty: 0M, Relocated: 0M, In-Place: 0
[233.639s][info][gc,reloc    ] GC(115) Large Pages: 0 / 0M, Empty: 0M, Relocated: 0M, In-Place: 0
[233.639s][info][gc,reloc    ] GC(115) Forwarding Usage: 15M
[233.639s][info][gc,heap     ] GC(115) Min Capacity: 4096M(100%)
[233.639s][info][gc,heap     ] GC(115) Max Capacity: 4096M(100%)
[233.639s][info][gc,heap     ] GC(115) Soft Max Capacity: 4096M(100%)
[233.639s][info][gc,heap     ] GC(115)                Mark Start          Mark End        Relocate Start      Relocate End           High               Low         
[233.639s][info][gc,heap     ] GC(115)  Capacity:     4096M (100%)       4096M (100%)       4096M (100%)       4096M (100%)       4096M (100%)       4096M (100%)   
[233.639s][info][gc,heap     ] GC(115)      Free:     2638M (64%)        2636M (64%)        3966M (97%)        4024M (98%)        4024M (98%)        2636M (64%)    
[233.639s][info][gc,heap     ] GC(115)      Used:     1458M (36%)        1460M (36%)         130M (3%)           72M (2%)         1460M (36%)          72M (2%)     
[233.639s][info][gc,heap     ] GC(115)      Live:         -                35M (1%)           35M (1%)           35M (1%)             -                  -          
[233.639s][info][gc,heap     ] GC(115) Allocated:         -                 2M (0%)            2M (0%)            1M (0%)             -                  -          
[233.639s][info][gc,heap     ] GC(115)   Garbage:         -              1422M (35%)          92M (2%)           34M (1%)             -                  -          
[233.639s][info][gc,heap     ] GC(115) Reclaimed:         -                  -              1330M (32%)        1387M (34%)            -                  -          
[233.639s][info][gc          ] GC(115) Garbage Collection (Proactive) 1458M(36%)->72M(2%)
[234.055s][info][gc,start    ] GC(116) Garbage Collection (System.gc())
[234.055s][info][gc,task     ] GC(116) Using 2 workers
[234.055s][info][gc,phases   ] GC(116) Pause Mark Start 0.010ms
[234.070s][info][gc,phases   ] GC(116) Concurrent Mark 15.089ms
[234.070s][info][gc,phases   ] GC(116) Pause Mark End 0.013ms
[234.070s][info][gc,phases   ] GC(116) Concurrent Mark Free 0.003ms
[234.073s][info][gc,phases   ] GC(116) Concurrent Process Non-Strong References 3.167ms
[234.073s][info][gc,phases   ] GC(116) Concurrent Reset Relocation Set 0.005ms
[234.076s][info][gc,phases   ] GC(116) Concurrent Select Relocation Set 2.376ms
[234.076s][info][gc,phases   ] GC(116) Pause Relocate Start 0.018ms
[234.077s][info][gc,phases   ] GC(116) Concurrent Relocate 0.682ms
[234.077s][info][gc,load     ] GC(116) Load: 0.00/0.00/0.00
[234.077s][info][gc,mmu      ] GC(116) MMU: 2ms/98.5%, 5ms/99.3%, 10ms/99.5%, 20ms/99.8%, 50ms/99.9%, 100ms/99.9%
[234.077s][info][gc,marking  ] GC(116) Mark: 2 stripe(s), 1 proactive flush(es), 1 terminate flush(es), 0 completion(s), 0 continuation(s) 
[234.077s][info][gc,marking  ] GC(116) Mark Stack Usage: 32M
[234.077s][info][gc,nmethod  ] GC(116) NMethods: 3059 registered, 0 unregistered
[234.077s][info][gc,metaspace] GC(116) Metaspace: 14M used, 14M committed, 1088M reserved
[234.077s][info][gc,ref      ] GC(116) Soft: 378 encountered, 0 discovered, 0 enqueued
[234.077s][info][gc,ref      ] GC(116) Weak: 934 encountered, 59 discovered, 2 enqueued
[234.077s][info][gc,ref      ] GC(116) Final: 0 encountered, 0 discovered, 0 enqueued
[234.077s][info][gc,ref      ] GC(116) Phantom: 36 encountered, 16 discovered, 0 enqueued
[234.077s][info][gc,reloc    ] GC(116) Small Pages: 641 / 1282M, Empty: 1260M, Relocated: 0M, In-Place: 0
[234.077s][info][gc,reloc    ] GC(116) Medium Pages: 1 / 32M, Empty: 32M, Relocated: 0M, In-Place: 0
[234.077s][info][gc,reloc    ] GC(116) Large Pages: 0 / 0M, Empty: 0M, Relocated: 0M, In-Place: 0
[234.077s][info][gc,reloc    ] GC(116) Forwarding Usage: 0M
[234.077s][info][gc,heap     ] GC(116) Min Capacity: 4096M(100%)
[234.077s][info][gc,heap     ] GC(116) Max Capacity: 4096M(100%)
[234.077s][info][gc,heap     ] GC(116) Soft Max Capacity: 4096M(100%)
[234.077s][info][gc,heap     ] GC(116)                Mark Start          Mark End        Relocate Start      Relocate End           High               Low         
[234.077s][info][gc,heap     ] GC(116)  Capacity:     4096M (100%)       4096M (100%)       4096M (100%)       4096M (100%)       4096M (100%)       4096M (100%)   
[234.077s][info][gc,heap     ] GC(116)      Free:     2782M (68%)        2782M (68%)        4074M (99%)        4086M (100%)       4086M (100%)       2782M (68%)    
[234.077s][info][gc,heap     ] GC(116)      Used:     1314M (32%)        1314M (32%)          22M (1%)           10M (0%)         1314M (32%)          10M (0%)     
[234.077s][info][gc,heap     ] GC(116)      Live:         -                 6M (0%)            6M (0%)            6M (0%)             -                  -          
[234.077s][info][gc,heap     ] GC(116) Allocated:         -                 0M (0%)            0M (0%)            0M (0%)             -                  -          
[234.077s][info][gc,heap     ] GC(116)   Garbage:         -              1307M (32%)          15M (0%)            3M (0%)             -                  -          
[234.077s][info][gc,heap     ] GC(116) Reclaimed:         -                  -              1292M (32%)        1304M (32%)            -                  -          
[234.077s][info][gc          ] GC(116) Garbage Collection (System.gc()) 1314M(32%)->10M(0%)
[236.949s][info][gc,start    ] GC(117) Garbage Collection (System.gc())
[236.949s][info][gc,task     ] GC(117) Using 2 workers
[236.949s][info][gc,phases   ] GC(117) Pause Mark Start 0.007ms
[236.958s][info][gc,phases   ] GC(117) Concurrent Mark 8.784ms
[236.958s][info][gc,phases   ] GC(117) Pause Mark End 0.011ms
[236.958s][info][gc,phases   ] GC(117) Concurrent Mark Free 0.003ms
[236.961s][info][gc,phases   ] GC(117) Concurrent Process Non-Strong References 3.305ms
[236.961s][info][gc,phases   ] GC(117) Concurrent Reset Relocation Set 0.001ms
[236.964s][info][gc,phases   ] GC(117) Concurrent Select Relocation Set 2.031ms
[236.964s][info][gc,phases   ] GC(117) Pause Relocate Start 0.009ms
[236.964s][info][gc,phases   ] GC(117) Concurrent Relocate 0.525ms
[236.964s][info][gc,load     ] GC(117) Load: 0.00/0.00/0.00
[236.964s][info][gc,mmu      ] GC(117) MMU: 2ms/98.5%, 5ms/99.3%, 10ms/99.5%, 20ms/99.8%, 50ms/99.9%, 100ms/99.9%
[236.964s][info][gc,marking  ] GC(117) Mark: 2 stripe(s), 1 proactive flush(es), 1 terminate flush(es), 0 completion(s), 0 continuation(s) 
[236.964s][info][gc,marking  ] GC(117) Mark Stack Usage: 32M
[236.964s][info][gc,nmethod  ] GC(117) NMethods: 3064 registered, 0 unregistered
[236.964s][info][gc,metaspace] GC(117) Metaspace: 14M used, 14M committed, 1088M reserved
[236.964s][info][gc,ref      ] GC(117) Soft: 378 encountered, 0 discovered, 0 enqueued
[236.964s][info][gc,ref      ] GC(117) Weak: 940 encountered, 589 discovered, 9 enqueued
[236.964s][info][gc,ref      ] GC(117) Final: 0 encountered, 0 discovered, 0 enqueued
[236.964s][info][gc,ref      ] GC(117) Phantom: 36 encountered, 17 discovered, 0 enqueued
[236.964s][info][gc,reloc    ] GC(117) Small Pages: 1335 / 2670M, Empty: 2646M, Relocated: 0M, In-Place: 0
[236.964s][info][gc,reloc    ] GC(117) Medium Pages: 1 / 32M, Empty: 32M, Relocated: 0M, In-Place: 0
[236.964s][info][gc,reloc    ] GC(117) Large Pages: 0 / 0M, Empty: 0M, Relocated: 0M, In-Place: 0
[236.964s][info][gc,reloc    ] GC(117) Forwarding Usage: 0M
[236.964s][info][gc,heap     ] GC(117) Min Capacity: 4096M(100%)
[236.964s][info][gc,heap     ] GC(117) Max Capacity: 4096M(100%)
[236.964s][info][gc,heap     ] GC(117) Soft Max Capacity: 4096M(100%)
[236.964s][info][gc,heap     ] GC(117)                Mark Start          Mark End        Relocate Start      Relocate End           High               Low         
[236.964s][info][gc,heap     ] GC(117)  Capacity:     4096M (100%)       4096M (100%)       4096M (100%)       4096M (100%)       4096M (100%)       4096M (100%)   
[236.964s][info][gc,heap     ] GC(117)      Free:     1394M (34%)        1394M (34%)        4072M (99%)        4086M (100%)       4086M (100%)       1394M (34%)    
[236.964s][info][gc,heap     ] GC(117)      Used:     2702M (66%)        2702M (66%)          24M (1%)           10M (0%)         2702M (66%)          10M (0%)     
[236.964s][info][gc,heap     ] GC(117)      Live:         -                 6M (0%)            6M (0%)            6M (0%)             -                  -          
[236.964s][info][gc,heap     ] GC(117) Allocated:         -                 0M (0%)            0M (0%)            0M (0%)             -                  -          
[236.964s][info][gc,heap     ] GC(117)   Garbage:         -              2695M (66%)          17M (0%)            3M (0%)             -                  -          
[236.964s][info][gc,heap     ] GC(117) Reclaimed:         -                  -              2678M (65%)        2692M (66%)            -                  -          
[236.964s][info][gc          ] GC(117) Garbage Collection (System.gc()) 2702M(66%)->10M(0%)
[239.582s][info][gc,start    ] GC(118) Garbage Collection (Proactive)
[239.582s][info][gc,task     ] GC(118) Using 2 workers
[239.583s][info][gc,phases   ] GC(118) Pause Mark Start 0.006ms
[239.630s][info][gc,phases   ] GC(118) Concurrent Mark 47.107ms
[239.630s][info][gc,phases   ] GC(118) Pause Mark End 0.011ms
[239.630s][info][gc,phases   ] GC(118) Concurrent Mark Free 0.001ms
[239.633s][info][gc,phases   ] GC(118) Concurrent Process Non-Strong References 3.001ms
[239.633s][info][gc,phases   ] GC(118) Concurrent Reset Relocation Set 0.001ms
[239.637s][info][gc,phases   ] GC(118) Concurrent Select Relocation Set 4.120ms
[239.637s][info][gc,phases   ] GC(118) Pause Relocate Start 0.011ms
[239.676s][info][gc,phases   ] GC(118) Concurrent Relocate 38.786ms
[239.676s][info][gc,load     ] GC(118) Load: 0.00/0.00/0.00
[239.676s][info][gc,mmu      ] GC(118) MMU: 2ms/98.5%, 5ms/99.3%, 10ms/99.5%, 20ms/99.8%, 50ms/99.9%, 100ms/99.9%
[239.676s][info][gc,marking  ] GC(118) Mark: 2 stripe(s), 2 proactive flush(es), 1 terminate flush(es), 0 completion(s), 0 continuation(s) 
[239.676s][info][gc,marking  ] GC(118) Mark Stack Usage: 32M
[239.676s][info][gc,nmethod  ] GC(118) NMethods: 3064 registered, 0 unregistered
[239.676s][info][gc,metaspace] GC(118) Metaspace: 14M used, 14M committed, 1088M reserved
[239.676s][info][gc,ref      ] GC(118) Soft: 378 encountered, 0 discovered, 0 enqueued
[239.676s][info][gc,ref      ] GC(118) Weak: 936 encountered, 628 discovered, 6 enqueued
[239.676s][info][gc,ref      ] GC(118) Final: 0 encountered, 0 discovered, 0 enqueued
[239.676s][info][gc,ref      ] GC(118) Phantom: 36 encountered, 28 discovered, 0 enqueued
[239.676s][info][gc,reloc    ] GC(118) Small Pages: 717 / 1434M, Empty: 1330M, Relocated: 24M, In-Place: 0
[239.678s][info][gc,reloc    ] GC(118) Medium Pages: 1 / 32M, Empty: 0M, Relocated: 0M, In-Place: 0
[239.678s][info][gc,reloc    ] GC(118) Large Pages: 0 / 0M, Empty: 0M, Relocated: 0M, In-Place: 0
[239.678s][info][gc,reloc    ] GC(118) Forwarding Usage: 15M
[239.678s][info][gc,heap     ] GC(118) Min Capacity: 4096M(100%)
[239.678s][info][gc,heap     ] GC(118) Max Capacity: 4096M(100%)
[239.678s][info][gc,heap     ] GC(118) Soft Max Capacity: 4096M(100%)
[239.678s][info][gc,heap     ] GC(118)                Mark Start          Mark End        Relocate Start      Relocate End           High               Low         
[239.678s][info][gc,heap     ] GC(118)  Capacity:     4096M (100%)       4096M (100%)       4096M (100%)       4096M (100%)       4096M (100%)       4096M (100%)   
[239.678s][info][gc,heap     ] GC(118)      Free:     2630M (64%)        2616M (64%)        3946M (96%)        3914M (96%)        3976M (97%)        2616M (64%)    
[239.678s][info][gc,heap     ] GC(118)      Used:     1466M (36%)        1480M (36%)         150M (4%)          182M (4%)         1480M (36%)         120M (3%)     
[239.678s][info][gc,heap     ] GC(118)      Live:         -                37M (1%)           37M (1%)           37M (1%)             -                  -          
[239.678s][info][gc,heap     ] GC(118) Allocated:         -                14M (0%)           14M (0%)          109M (3%)             -                  -          
[239.678s][info][gc,heap     ] GC(118)   Garbage:         -              1428M (35%)          98M (2%)           34M (1%)             -                  -          
[239.678s][info][gc,heap     ] GC(118) Reclaimed:         -                  -              1330M (32%)        1393M (34%)            -                  -          
[239.678s][info][gc          ] GC(118) Garbage Collection (Proactive) 1466M(36%)->182M(4%)
[239.987s][info][gc,start    ] GC(119) Garbage Collection (System.gc())
[239.987s][info][gc,task     ] GC(119) Using 2 workers
[239.987s][info][gc,phases   ] GC(119) Pause Mark Start 0.011ms
[240.006s][info][gc,phases   ] GC(119) Concurrent Mark 19.107ms
[240.006s][info][gc,phases   ] GC(119) Pause Mark End 0.013ms
[240.006s][info][gc,phases   ] GC(119) Concurrent Mark Free 0.001ms
[240.009s][info][gc,phases   ] GC(119) Concurrent Process Non-Strong References 2.967ms
[240.009s][info][gc,phases   ] GC(119) Concurrent Reset Relocation Set 0.005ms
[240.012s][info][gc,phases   ] GC(119) Concurrent Select Relocation Set 3.277ms
[240.012s][info][gc,phases   ] GC(119) Pause Relocate Start 0.012ms
[240.013s][info][gc,phases   ] GC(119) Concurrent Relocate 0.552ms
[240.013s][info][gc,load     ] GC(119) Load: 0.00/0.00/0.00
[240.013s][info][gc,mmu      ] GC(119) MMU: 2ms/98.5%, 5ms/99.3%, 10ms/99.5%, 20ms/99.8%, 50ms/99.9%, 100ms/99.9%
[240.013s][info][gc,marking  ] GC(119) Mark: 2 stripe(s), 2 proactive flush(es), 1 terminate flush(es), 0 completion(s), 0 continuation(s) 
[240.013s][info][gc,marking  ] GC(119) Mark Stack Usage: 32M
[240.013s][info][gc,nmethod  ] GC(119) NMethods: 3064 registered, 0 unregistered
[240.013s][info][gc,metaspace] GC(119) Metaspace: 14M used, 14M committed, 1088M reserved
[240.013s][info][gc,ref      ] GC(119) Soft: 378 encountered, 0 discovered, 0 enqueued
[240.013s][info][gc,ref      ] GC(119) Weak: 933 encountered, 674 discovered, 2 enqueued
[240.013s][info][gc,ref      ] GC(119) Final: 0 encountered, 0 discovered, 0 enqueued
[240.013s][info][gc,ref      ] GC(119) Phantom: 36 encountered, 16 discovered, 0 enqueued
[240.013s][info][gc,reloc    ] GC(119) Small Pages: 638 / 1276M, Empty: 1256M, Relocated: 0M, In-Place: 0
[240.013s][info][gc,reloc    ] GC(119) Medium Pages: 1 / 32M, Empty: 32M, Relocated: 0M, In-Place: 0
[240.013s][info][gc,reloc    ] GC(119) Large Pages: 0 / 0M, Empty: 0M, Relocated: 0M, In-Place: 0
[240.013s][info][gc,reloc    ] GC(119) Forwarding Usage: 0M
[240.013s][info][gc,heap     ] GC(119) Min Capacity: 4096M(100%)
[240.013s][info][gc,heap     ] GC(119) Max Capacity: 4096M(100%)
[240.013s][info][gc,heap     ] GC(119) Soft Max Capacity: 4096M(100%)
[240.013s][info][gc,heap     ] GC(119)                Mark Start          Mark End        Relocate Start      Relocate End           High               Low         
[240.013s][info][gc,heap     ] GC(119)  Capacity:     4096M (100%)       4096M (100%)       4096M (100%)       4096M (100%)       4096M (100%)       4096M (100%)   
[240.013s][info][gc,heap     ] GC(119)      Free:     2788M (68%)        2788M (68%)        4076M (100%)       4086M (100%)       4086M (100%)       2788M (68%)    
[240.013s][info][gc,heap     ] GC(119)      Used:     1308M (32%)        1308M (32%)          20M (0%)           10M (0%)         1308M (32%)          10M (0%)     
[240.013s][info][gc,heap     ] GC(119)      Live:         -                 6M (0%)            6M (0%)            6M (0%)             -                  -          
[240.013s][info][gc,heap     ] GC(119) Allocated:         -                 0M (0%)            0M (0%)            0M (0%)             -                  -          
[240.013s][info][gc,heap     ] GC(119)   Garbage:         -              1301M (32%)          13M (0%)            3M (0%)             -                  -          
[240.013s][info][gc,heap     ] GC(119) Reclaimed:         -                  -              1288M (31%)        1298M (32%)            -                  -          
[240.013s][info][gc          ] GC(119) Garbage Collection (System.gc()) 1308M(32%)->10M(0%)
[240.178s][info][gc,stats    ] === Garbage Collection Statistics =======================================================================================================================
[240.178s][info][gc,stats    ]                                                              Last 10s              Last 10m              Last 10h                Total
[240.178s][info][gc,stats    ]                                                              Avg / Max             Avg / Max             Avg / Max             Avg / Max
[240.178s][info][gc,stats    ]   Collector: Garbage Collection Cycle                     37.799 / 93.753       34.541 / 113.591      34.541 / 113.591      34.541 / 113.591     ms
[240.178s][info][gc,stats    ]  Contention: Mark Segment Reset Contention                     0 / 1                 0 / 3                 0 / 3                 0 / 3           ops/s
[240.178s][info][gc,stats    ]  Contention: Mark SeqNum Reset Contention                      0 / 0                 0 / 1                 0 / 1                 0 / 1           ops/s
[240.178s][info][gc,stats    ]    Critical: Allocation Stall                                  0 / 0                 0 / 0                 0 / 0                 0 / 0           ops/s
[240.179s][info][gc,stats    ]    Critical: Allocation Stall                              0.000 / 0.000         0.000 / 0.000         0.000 / 0.000         0.000 / 0.000       ms
[240.179s][info][gc,stats    ]    Critical: GC Locker Stall                                   0 / 0                 0 / 0                 0 / 0                 0 / 0           ops/s
[240.179s][info][gc,stats    ]    Critical: GC Locker Stall                               0.000 / 0.000         0.000 / 0.000         0.000 / 0.000         0.000 / 0.000       ms
[240.179s][info][gc,stats    ]    Critical: Relocation Stall                                  0 / 0                 0 / 0                 0 / 0                 0 / 0           ops/s
[240.179s][info][gc,stats    ]    Critical: Relocation Stall                              0.000 / 0.000         0.000 / 0.000         0.000 / 0.000         0.000 / 0.000       ms
[240.179s][info][gc,stats    ]      Memory: Allocation Rate                                 944 / 1378            976 / 1380            976 / 1380            976 / 1380        MB/s
[240.179s][info][gc,stats    ]      Memory: Out Of Memory                                     0 / 0                 0 / 0                 0 / 0                 0 / 0           ops/s
[240.179s][info][gc,stats    ]      Memory: Page Cache Flush                                  0 / 0                 0 / 0                 0 / 0                 0 / 0           MB/s
[240.179s][info][gc,stats    ]      Memory: Page Cache Hit L1                               469 / 689             479 / 690             479 / 690             479 / 690         ops/s
[240.179s][info][gc,stats    ]      Memory: Page Cache Hit L2                                 0 / 0                 0 / 0                 0 / 0                 0 / 0           ops/s
[240.179s][info][gc,stats    ]      Memory: Page Cache Hit L3                                 0 / 0                 5 / 392               5 / 392               5 / 392         ops/s
[240.179s][info][gc,stats    ]      Memory: Page Cache Miss                                   0 / 0                 0 / 1                 0 / 1                 0 / 1           ops/s
[240.179s][info][gc,stats    ]      Memory: Uncommit                                          0 / 0                 0 / 0                 0 / 0                 0 / 0           MB/s
[240.179s][info][gc,stats    ]      Memory: Undo Object Allocation Failed                     0 / 0                 0 / 0                 0 / 0                 0 / 0           ops/s
[240.179s][info][gc,stats    ]      Memory: Undo Object Allocation Succeeded                  0 / 0                 1 / 140               1 / 140               1 / 140         ops/s
[240.179s][info][gc,stats    ]      Memory: Undo Page Allocation                              0 / 0                 0 / 0                 0 / 0                 0 / 0           ops/s
[240.179s][info][gc,stats    ]       Phase: Concurrent Mark                              21.543 / 47.107       22.131 / 78.232       22.131 / 78.232       22.131 / 78.232      ms
[240.179s][info][gc,stats    ]       Phase: Concurrent Mark Continue                      0.000 / 0.000         0.000 / 0.000         0.000 / 0.000         0.000 / 0.000       ms
[240.179s][info][gc,stats    ]       Phase: Concurrent Mark Free                          0.002 / 0.003         0.002 / 0.003         0.002 / 0.003         0.002 / 0.003       ms
[240.179s][info][gc,stats    ]       Phase: Concurrent Process Non-Strong References      2.982 / 3.305         2.957 / 4.781         2.957 / 4.781         2.957 / 4.781       ms
[240.179s][info][gc,stats    ]       Phase: Concurrent Relocate                           9.601 / 38.786        5.811 / 38.786        5.811 / 38.786        5.811 / 38.786      ms
[240.179s][info][gc,stats    ]       Phase: Concurrent Reset Relocation Set               0.002 / 0.005         0.003 / 0.008         0.003 / 0.008         0.003 / 0.008       ms
[240.179s][info][gc,stats    ]       Phase: Concurrent Select Relocation Set              2.852 / 4.120         2.740 / 7.858         2.740 / 7.858         2.740 / 7.858       ms
[240.179s][info][gc,stats    ]       Phase: Pause Mark End                                0.011 / 0.013         0.016 / 0.031         0.016 / 0.031         0.016 / 0.031       ms
[240.179s][info][gc,stats    ]       Phase: Pause Mark Start                              0.009 / 0.013         0.008 / 0.027         0.008 / 0.027         0.008 / 0.027       ms
[240.179s][info][gc,stats    ]       Phase: Pause Relocate Start                          0.011 / 0.018         0.010 / 0.022         0.010 / 0.022         0.010 / 0.022       ms
[240.179s][info][gc,stats    ]    Subphase: Concurrent Classes Purge                      0.135 / 0.147         0.136 / 0.219         0.136 / 0.219         0.136 / 0.219       ms
[240.179s][info][gc,stats    ]    Subphase: Concurrent Classes Unlink                     2.361 / 2.537         2.261 / 3.817         2.261 / 3.817         2.261 / 3.817       ms
[240.179s][info][gc,stats    ]    Subphase: Concurrent Mark                              17.312 / 46.727       17.170 / 77.416       17.170 / 77.416       17.170 / 77.416      ms
[240.179s][info][gc,stats    ]    Subphase: Concurrent Mark Try Flush                     0.071 / 0.138         0.087 / 0.514         0.087 / 0.514         0.087 / 0.514       ms
[240.179s][info][gc,stats    ]    Subphase: Concurrent Mark Try Terminate                 2.616 / 14.458        3.359 / 17.130        3.359 / 17.130        3.359 / 17.130      ms
[240.179s][info][gc,stats    ]    Subphase: Concurrent References Enqueue                 0.005 / 0.006         0.006 / 0.009         0.006 / 0.009         0.006 / 0.009       ms
[240.179s][info][gc,stats    ]    Subphase: Concurrent References Process                 0.117 / 0.170         0.149 / 0.251         0.149 / 0.251         0.149 / 0.251       ms
[240.179s][info][gc,stats    ]    Subphase: Concurrent Roots ClassLoaderDataGraph         0.078 / 0.203         0.056 / 0.243         0.056 / 0.243         0.056 / 0.243       ms
[240.179s][info][gc,stats    ]    Subphase: Concurrent Roots CodeCache                    0.000 / 0.000         0.000 / 0.000         0.000 / 0.000         0.000 / 0.000       ms
[240.179s][info][gc,stats    ]    Subphase: Concurrent Roots JavaThreads                  0.293 / 0.510         0.260 / 0.762         0.260 / 0.762         0.260 / 0.762       ms
[240.179s][info][gc,stats    ]    Subphase: Concurrent Roots OopStorageSet                0.015 / 0.028         0.014 / 0.052         0.014 / 0.052         0.014 / 0.052       ms
[240.179s][info][gc,stats    ]    Subphase: Concurrent Weak Roots OopStorageSet           0.193 / 0.368         0.199 / 0.396         0.199 / 0.396         0.199 / 0.396       ms
[240.179s][info][gc,stats    ]    Subphase: Pause Mark Try Complete                       0.000 / 0.000         0.000 / 0.000         0.000 / 0.000         0.000 / 0.000       ms
[240.179s][info][gc,stats    ]      System: Java Threads                                     12 / 12               12 / 13               12 / 13               12 / 13          threads
[240.179s][info][gc,stats    ] =========================================================================================================================================================
[242.926s][info][gc,start    ] GC(120) Garbage Collection (System.gc())
[242.926s][info][gc,task     ] GC(120) Using 2 workers
[242.926s][info][gc,phases   ] GC(120) Pause Mark Start 0.006ms
[242.942s][info][gc,phases   ] GC(120) Concurrent Mark 16.440ms
[242.942s][info][gc,phases   ] GC(120) Pause Mark End 0.016ms
[242.942s][info][gc,phases   ] GC(120) Concurrent Mark Free 0.001ms
[242.945s][info][gc,phases   ] GC(120) Concurrent Process Non-Strong References 3.006ms
[242.945s][info][gc,phases   ] GC(120) Concurrent Reset Relocation Set 0.001ms
[242.947s][info][gc,phases   ] GC(120) Concurrent Select Relocation Set 1.716ms
[242.947s][info][gc,phases   ] GC(120) Pause Relocate Start 0.007ms
[242.948s][info][gc,phases   ] GC(120) Concurrent Relocate 0.475ms
[242.948s][info][gc,load     ] GC(120) Load: 0.00/0.00/0.00
[242.948s][info][gc,mmu      ] GC(120) MMU: 2ms/98.5%, 5ms/99.3%, 10ms/99.5%, 20ms/99.8%, 50ms/99.9%, 100ms/99.9%
[242.948s][info][gc,marking  ] GC(120) Mark: 2 stripe(s), 1 proactive flush(es), 1 terminate flush(es), 0 completion(s), 0 continuation(s) 
[242.948s][info][gc,marking  ] GC(120) Mark Stack Usage: 32M
[242.948s][info][gc,nmethod  ] GC(120) NMethods: 3065 registered, 0 unregistered
[242.948s][info][gc,metaspace] GC(120) Metaspace: 14M used, 14M committed, 1088M reserved
[242.948s][info][gc,ref      ] GC(120) Soft: 378 encountered, 0 discovered, 0 enqueued
[242.948s][info][gc,ref      ] GC(120) Weak: 940 encountered, 665 discovered, 9 enqueued
[242.948s][info][gc,ref      ] GC(120) Final: 0 encountered, 0 discovered, 0 enqueued
[242.948s][info][gc,ref      ] GC(120) Phantom: 36 encountered, 16 discovered, 0 enqueued
[242.948s][info][gc,reloc    ] GC(120) Small Pages: 1335 / 2670M, Empty: 2646M, Relocated: 0M, In-Place: 0
[242.948s][info][gc,reloc    ] GC(120) Medium Pages: 1 / 32M, Empty: 32M, Relocated: 0M, In-Place: 0
[242.948s][info][gc,reloc    ] GC(120) Large Pages: 0 / 0M, Empty: 0M, Relocated: 0M, In-Place: 0
[242.948s][info][gc,reloc    ] GC(120) Forwarding Usage: 0M
[242.948s][info][gc,heap     ] GC(120) Min Capacity: 4096M(100%)
[242.948s][info][gc,heap     ] GC(120) Max Capacity: 4096M(100%)
[242.948s][info][gc,heap     ] GC(120) Soft Max Capacity: 4096M(100%)
[242.948s][info][gc,heap     ] GC(120)                Mark Start          Mark End        Relocate Start      Relocate End           High               Low         
[242.948s][info][gc,heap     ] GC(120)  Capacity:     4096M (100%)       4096M (100%)       4096M (100%)       4096M (100%)       4096M (100%)       4096M (100%)   
[242.948s][info][gc,heap     ] GC(120)      Free:     1394M (34%)        1394M (34%)        4072M (99%)        4086M (100%)       4086M (100%)       1394M (34%)    
[242.948s][info][gc,heap     ] GC(120)      Used:     2702M (66%)        2702M (66%)          24M (1%)           10M (0%)         2702M (66%)          10M (0%)     
[242.948s][info][gc,heap     ] GC(120)      Live:         -                 6M (0%)            6M (0%)            6M (0%)             -                  -          
[242.948s][info][gc,heap     ] GC(120) Allocated:         -                 0M (0%)            0M (0%)            0M (0%)             -                  -          
[242.948s][info][gc,heap     ] GC(120)   Garbage:         -              2695M (66%)          17M (0%)            3M (0%)             -                  -          
[242.948s][info][gc,heap     ] GC(120) Reclaimed:         -                  -              2678M (65%)        2692M (66%)            -                  -          
[242.948s][info][gc          ] GC(120) Garbage Collection (System.gc()) 2702M(66%)->10M(0%)
[245.837s][info][gc,start    ] GC(121) Garbage Collection (System.gc())
[245.837s][info][gc,task     ] GC(121) Using 2 workers
[245.837s][info][gc,phases   ] GC(121) Pause Mark Start 0.005ms
[245.847s][info][gc,phases   ] GC(121) Concurrent Mark 9.803ms
[245.847s][info][gc,phases   ] GC(121) Pause Mark End 0.018ms
[245.848s][info][gc,phases   ] GC(121) Concurrent Mark Free 0.003ms
[245.851s][info][gc,phases   ] GC(121) Concurrent Process Non-Strong References 3.149ms
[245.851s][info][gc,phases   ] GC(121) Concurrent Reset Relocation Set 0.002ms
[245.853s][info][gc,phases   ] GC(121) Concurrent Select Relocation Set 2.057ms
[245.853s][info][gc,phases   ] GC(121) Pause Relocate Start 0.017ms
[245.854s][info][gc,phases   ] GC(121) Concurrent Relocate 0.582ms
[245.854s][info][gc,load     ] GC(121) Load: 0.00/0.00/0.00
[245.854s][info][gc,mmu      ] GC(121) MMU: 2ms/98.5%, 5ms/99.3%, 10ms/99.5%, 20ms/99.8%, 50ms/99.9%, 100ms/99.9%
[245.854s][info][gc,marking  ] GC(121) Mark: 2 stripe(s), 1 proactive flush(es), 1 terminate flush(es), 0 completion(s), 0 continuation(s) 
[245.854s][info][gc,marking  ] GC(121) Mark Stack Usage: 32M
[245.854s][info][gc,nmethod  ] GC(121) NMethods: 3065 registered, 0 unregistered
[245.854s][info][gc,metaspace] GC(121) Metaspace: 14M used, 14M committed, 1088M reserved
[245.854s][info][gc,ref      ] GC(121) Soft: 378 encountered, 0 discovered, 0 enqueued
[245.854s][info][gc,ref      ] GC(121) Weak: 940 encountered, 596 discovered, 8 enqueued
[245.854s][info][gc,ref      ] GC(121) Final: 0 encountered, 0 discovered, 0 enqueued
[245.854s][info][gc,ref      ] GC(121) Phantom: 36 encountered, 30 discovered, 0 enqueued
[245.854s][info][gc,reloc    ] GC(121) Small Pages: 1335 / 2670M, Empty: 2646M, Relocated: 0M, In-Place: 0
[245.854s][info][gc,reloc    ] GC(121) Medium Pages: 1 / 32M, Empty: 32M, Relocated: 0M, In-Place: 0
[245.854s][info][gc,reloc    ] GC(121) Large Pages: 0 / 0M, Empty: 0M, Relocated: 0M, In-Place: 0
[245.854s][info][gc,reloc    ] GC(121) Forwarding Usage: 0M
[245.854s][info][gc,heap     ] GC(121) Min Capacity: 4096M(100%)
[245.854s][info][gc,heap     ] GC(121) Max Capacity: 4096M(100%)
[245.854s][info][gc,heap     ] GC(121) Soft Max Capacity: 4096M(100%)
[245.854s][info][gc,heap     ] GC(121)                Mark Start          Mark End        Relocate Start      Relocate End           High               Low         
[245.854s][info][gc,heap     ] GC(121)  Capacity:     4096M (100%)       4096M (100%)       4096M (100%)       4096M (100%)       4096M (100%)       4096M (100%)   
[245.854s][info][gc,heap     ] GC(121)      Free:     1394M (34%)        1394M (34%)        4072M (99%)        4086M (100%)       4086M (100%)       1394M (34%)    
[245.854s][info][gc,heap     ] GC(121)      Used:     2702M (66%)        2702M (66%)          24M (1%)           10M (0%)         2702M (66%)          10M (0%)     
[245.854s][info][gc,heap     ] GC(121)      Live:         -                 6M (0%)            6M (0%)            6M (0%)             -                  -          
[245.854s][info][gc,heap     ] GC(121) Allocated:         -                 0M (0%)            0M (0%)            0M (0%)             -                  -          
[245.854s][info][gc,heap     ] GC(121)   Garbage:         -              2695M (66%)          17M (0%)            3M (0%)             -                  -          
[245.854s][info][gc,heap     ] GC(121) Reclaimed:         -                  -              2678M (65%)        2692M (66%)            -                  -          
[245.854s][info][gc          ] GC(121) Garbage Collection (System.gc()) 2702M(66%)->10M(0%)
[248.675s][info][gc,start    ] GC(122) Garbage Collection (Proactive)
[248.675s][info][gc,task     ] GC(122) Using 2 workers
[248.675s][info][gc,phases   ] GC(122) Pause Mark Start 0.014ms
[248.722s][info][gc,phases   ] GC(122) Concurrent Mark 46.466ms
[248.722s][info][gc,phases   ] GC(122) Pause Mark End 0.015ms
[248.722s][info][gc,phases   ] GC(122) Concurrent Mark Free 0.002ms
[248.725s][info][gc,phases   ] GC(122) Concurrent Process Non-Strong References 2.925ms
[248.725s][info][gc,phases   ] GC(122) Concurrent Reset Relocation Set 0.001ms
[248.732s][info][gc,phases   ] GC(122) Concurrent Select Relocation Set 6.625ms
[248.732s][info][gc,phases   ] GC(122) Pause Relocate Start 0.011ms
[248.750s][info][gc,phases   ] GC(122) Concurrent Relocate 17.579ms
[248.750s][info][gc,load     ] GC(122) Load: 0.00/0.00/0.00
[248.750s][info][gc,mmu      ] GC(122) MMU: 2ms/98.5%, 5ms/99.3%, 10ms/99.5%, 20ms/99.8%, 50ms/99.9%, 100ms/99.9%
[248.750s][info][gc,marking  ] GC(122) Mark: 2 stripe(s), 2 proactive flush(es), 2 terminate flush(es), 0 completion(s), 0 continuation(s) 
[248.750s][info][gc,marking  ] GC(122) Mark Stack Usage: 32M
[248.750s][info][gc,nmethod  ] GC(122) NMethods: 3065 registered, 0 unregistered
[248.750s][info][gc,metaspace] GC(122) Metaspace: 14M used, 14M committed, 1088M reserved
[248.750s][info][gc,ref      ] GC(122) Soft: 378 encountered, 0 discovered, 0 enqueued
[248.750s][info][gc,ref      ] GC(122) Weak: 937 encountered, 625 discovered, 6 enqueued
[248.750s][info][gc,ref      ] GC(122) Final: 0 encountered, 0 discovered, 0 enqueued
[248.750s][info][gc,ref      ] GC(122) Phantom: 36 encountered, 21 discovered, 0 enqueued
[248.750s][info][gc,reloc    ] GC(122) Small Pages: 1260 / 2520M, Empty: 2406M, Relocated: 24M, In-Place: 0
[248.750s][info][gc,reloc    ] GC(122) Medium Pages: 1 / 32M, Empty: 0M, Relocated: 0M, In-Place: 0
[248.750s][info][gc,reloc    ] GC(122) Large Pages: 0 / 0M, Empty: 0M, Relocated: 0M, In-Place: 0
[248.750s][info][gc,reloc    ] GC(122) Forwarding Usage: 15M
[248.750s][info][gc,heap     ] GC(122) Min Capacity: 4096M(100%)
[248.750s][info][gc,heap     ] GC(122) Max Capacity: 4096M(100%)
[248.750s][info][gc,heap     ] GC(122) Soft Max Capacity: 4096M(100%)
[248.750s][info][gc,heap     ] GC(122)                Mark Start          Mark End        Relocate Start      Relocate End           High               Low         
[248.750s][info][gc,heap     ] GC(122)  Capacity:     4096M (100%)       4096M (100%)       4096M (100%)       4096M (100%)       4096M (100%)       4096M (100%)   
[248.750s][info][gc,heap     ] GC(122)      Free:     1544M (38%)        1398M (34%)        3802M (93%)        3872M (95%)        3872M (95%)        1396M (34%)    
[248.750s][info][gc,heap     ] GC(122)      Used:     2552M (62%)        2698M (66%)         294M (7%)          224M (5%)         2700M (66%)         224M (5%)     
[248.750s][info][gc,heap     ] GC(122)      Live:         -                39M (1%)           39M (1%)           39M (1%)             -                  -          
[248.750s][info][gc,heap     ] GC(122) Allocated:         -               146M (4%)          148M (4%)          149M (4%)             -                  -          
[248.750s][info][gc,heap     ] GC(122)   Garbage:         -              2512M (61%)         106M (3%)           35M (1%)             -                  -          
[248.750s][info][gc,heap     ] GC(122) Reclaimed:         -                  -              2406M (59%)        2477M (60%)            -                  -          
[248.750s][info][gc          ] GC(122) Garbage Collection (Proactive) 2552M(62%)->224M(5%)
[248.757s][info][gc,start    ] GC(123) Garbage Collection (System.gc())
[248.757s][info][gc,task     ] GC(123) Using 2 workers
[248.757s][info][gc,phases   ] GC(123) Pause Mark Start 0.004ms
[248.769s][info][gc,phases   ] GC(123) Concurrent Mark 11.453ms
[248.769s][info][gc,phases   ] GC(123) Pause Mark End 0.025ms
[248.769s][info][gc,phases   ] GC(123) Concurrent Mark Free 0.002ms
[248.772s][info][gc,phases   ] GC(123) Concurrent Process Non-Strong References 3.058ms
[248.772s][info][gc,phases   ] GC(123) Concurrent Reset Relocation Set 0.007ms
[248.775s][info][gc,phases   ] GC(123) Concurrent Select Relocation Set 2.444ms
[248.775s][info][gc,phases   ] GC(123) Pause Relocate Start 0.014ms
[248.776s][info][gc,phases   ] GC(123) Concurrent Relocate 0.726ms
[248.776s][info][gc,load     ] GC(123) Load: 0.00/0.00/0.00
[248.776s][info][gc,mmu      ] GC(123) MMU: 2ms/98.5%, 5ms/99.3%, 10ms/99.5%, 20ms/99.8%, 50ms/99.9%, 100ms/99.9%
[248.776s][info][gc,marking  ] GC(123) Mark: 2 stripe(s), 2 proactive flush(es), 1 terminate flush(es), 0 completion(s), 0 continuation(s) 
[248.776s][info][gc,marking  ] GC(123) Mark Stack Usage: 32M
[248.776s][info][gc,nmethod  ] GC(123) NMethods: 3066 registered, 0 unregistered
[248.776s][info][gc,metaspace] GC(123) Metaspace: 14M used, 14M committed, 1088M reserved
[248.776s][info][gc,ref      ] GC(123) Soft: 378 encountered, 0 discovered, 0 enqueued
[248.776s][info][gc,ref      ] GC(123) Weak: 934 encountered, 612 discovered, 2 enqueued
[248.776s][info][gc,ref      ] GC(123) Final: 0 encountered, 0 discovered, 0 enqueued
[248.776s][info][gc,ref      ] GC(123) Phantom: 36 encountered, 28 discovered, 0 enqueued
[248.776s][info][gc,reloc    ] GC(123) Small Pages: 97 / 194M, Empty: 170M, Relocated: 0M, In-Place: 0
[248.776s][info][gc,reloc    ] GC(123) Medium Pages: 1 / 32M, Empty: 32M, Relocated: 0M, In-Place: 0
[248.776s][info][gc,reloc    ] GC(123) Large Pages: 0 / 0M, Empty: 0M, Relocated: 0M, In-Place: 0
[248.776s][info][gc,reloc    ] GC(123) Forwarding Usage: 0M
[248.776s][info][gc,heap     ] GC(123) Min Capacity: 4096M(100%)
[248.776s][info][gc,heap     ] GC(123) Max Capacity: 4096M(100%)
[248.776s][info][gc,heap     ] GC(123) Soft Max Capacity: 4096M(100%)
[248.776s][info][gc,heap     ] GC(123)                Mark Start          Mark End        Relocate Start      Relocate End           High               Low         
[248.776s][info][gc,heap     ] GC(123)  Capacity:     4096M (100%)       4096M (100%)       4096M (100%)       4096M (100%)       4096M (100%)       4096M (100%)   
[248.776s][info][gc,heap     ] GC(123)      Free:     3870M (94%)        3870M (94%)        4072M (99%)        4086M (100%)       4086M (100%)       3870M (94%)    
[248.776s][info][gc,heap     ] GC(123)      Used:      226M (6%)          226M (6%)           24M (1%)           10M (0%)          226M (6%)           10M (0%)     
[248.776s][info][gc,heap     ] GC(123)      Live:         -                 6M (0%)            6M (0%)            6M (0%)             -                  -          
[248.776s][info][gc,heap     ] GC(123) Allocated:         -                 0M (0%)            0M (0%)            0M (0%)             -                  -          
[248.776s][info][gc,heap     ] GC(123)   Garbage:         -               219M (5%)           17M (0%)            3M (0%)             -                  -          
[248.776s][info][gc,heap     ] GC(123) Reclaimed:         -                  -               202M (5%)          216M (5%)             -                  -          
[248.776s][info][gc          ] GC(123) Garbage Collection (System.gc()) 226M(6%)->10M(0%)
[250.184s][info][gc,stats    ] === Garbage Collection Statistics =======================================================================================================================
[250.184s][info][gc,stats    ]                                                              Last 10s              Last 10m              Last 10h                Total
[250.184s][info][gc,stats    ]                                                              Avg / Max             Avg / Max             Avg / Max             Avg / Max
[250.184s][info][gc,stats    ]   Collector: Garbage Collection Cycle                     33.001 / 74.766       34.491 / 113.591      34.491 / 113.591      34.491 / 113.591     ms
[250.184s][info][gc,stats    ]  Contention: Mark Segment Reset Contention                     0 / 0                 0 / 3                 0 / 3                 0 / 3           ops/s
[250.184s][info][gc,stats    ]  Contention: Mark SeqNum Reset Contention                      0 / 0                 0 / 1                 0 / 1                 0 / 1           ops/s
[250.184s][info][gc,stats    ]    Critical: Allocation Stall                                  0 / 0                 0 / 0                 0 / 0                 0 / 0           ops/s
[250.184s][info][gc,stats    ]    Critical: Allocation Stall                              0.000 / 0.000         0.000 / 0.000         0.000 / 0.000         0.000 / 0.000       ms
[250.184s][info][gc,stats    ]    Critical: GC Locker Stall                                   0 / 0                 0 / 0                 0 / 0                 0 / 0           ops/s
[250.184s][info][gc,stats    ]    Critical: GC Locker Stall                               0.000 / 0.000         0.000 / 0.000         0.000 / 0.000         0.000 / 0.000       ms
[250.184s][info][gc,stats    ]    Critical: Relocation Stall                                  0 / 0                 0 / 0                 0 / 0                 0 / 0           ops/s
[250.184s][info][gc,stats    ]    Critical: Relocation Stall                              0.000 / 0.000         0.000 / 0.000         0.000 / 0.000         0.000 / 0.000       ms
[250.184s][info][gc,stats    ]      Memory: Allocation Rate                                 925 / 1374            974 / 1380            974 / 1380            974 / 1380        MB/s
[250.184s][info][gc,stats    ]      Memory: Out Of Memory                                     0 / 0                 0 / 0                 0 / 0                 0 / 0           ops/s
[250.184s][info][gc,stats    ]      Memory: Page Cache Flush                                  0 / 0                 0 / 0                 0 / 0                 0 / 0           MB/s
[250.184s][info][gc,stats    ]      Memory: Page Cache Hit L1                               460 / 682             479 / 690             479 / 690             479 / 690         ops/s
[250.184s][info][gc,stats    ]      Memory: Page Cache Hit L2                                 0 / 0                 0 / 0                 0 / 0                 0 / 0           ops/s
[250.184s][info][gc,stats    ]      Memory: Page Cache Hit L3                                 0 / 0                 5 / 392               5 / 392               5 / 392         ops/s
[250.184s][info][gc,stats    ]      Memory: Page Cache Miss                                   0 / 0                 0 / 1                 0 / 1                 0 / 1           ops/s
[250.184s][info][gc,stats    ]      Memory: Uncommit                                          0 / 0                 0 / 0                 0 / 0                 0 / 0           MB/s
[250.184s][info][gc,stats    ]      Memory: Undo Object Allocation Failed                     0 / 0                 0 / 0                 0 / 0                 0 / 0           ops/s
[250.184s][info][gc,stats    ]      Memory: Undo Object Allocation Succeeded                  0 / 2                 0 / 140               0 / 140               0 / 140         ops/s
[250.184s][info][gc,stats    ]      Memory: Undo Page Allocation                              0 / 0                 0 / 0                 0 / 0                 0 / 0           ops/s
[250.184s][info][gc,stats    ]       Phase: Concurrent Mark                              21.041 / 46.466       22.095 / 78.232       22.095 / 78.232       22.095 / 78.232      ms
[250.184s][info][gc,stats    ]       Phase: Concurrent Mark Continue                      0.000 / 0.000         0.000 / 0.000         0.000 / 0.000         0.000 / 0.000       ms
[250.184s][info][gc,stats    ]       Phase: Concurrent Mark Free                          0.002 / 0.003         0.002 / 0.003         0.002 / 0.003         0.002 / 0.003       ms
[250.184s][info][gc,stats    ]       Phase: Concurrent Process Non-Strong References      3.035 / 3.149         2.960 / 4.781         2.960 / 4.781         2.960 / 4.781       ms
[250.184s][info][gc,stats    ]       Phase: Concurrent Relocate                           4.840 / 17.579        5.780 / 38.786        5.780 / 38.786        5.780 / 38.786      ms
[250.184s][info][gc,stats    ]       Phase: Concurrent Reset Relocation Set               0.003 / 0.007         0.003 / 0.008         0.003 / 0.008         0.003 / 0.008       ms
[250.184s][info][gc,stats    ]       Phase: Concurrent Select Relocation Set              3.210 / 6.625         2.755 / 7.858         2.755 / 7.858         2.755 / 7.858       ms
[250.184s][info][gc,stats    ]       Phase: Pause Mark End                                0.018 / 0.025         0.016 / 0.031         0.016 / 0.031         0.016 / 0.031       ms
[250.184s][info][gc,stats    ]       Phase: Pause Mark Start                              0.007 / 0.014         0.008 / 0.027         0.008 / 0.027         0.008 / 0.027       ms
[250.184s][info][gc,stats    ]       Phase: Pause Relocate Start                          0.012 / 0.017         0.011 / 0.022         0.011 / 0.022         0.011 / 0.022       ms
[250.184s][info][gc,stats    ]    Subphase: Concurrent Classes Purge                      0.146 / 0.177         0.137 / 0.219         0.137 / 0.219         0.137 / 0.219       ms
[250.184s][info][gc,stats    ]    Subphase: Concurrent Classes Unlink                     2.339 / 2.430         2.264 / 3.817         2.264 / 3.817         2.264 / 3.817       ms
[250.184s][info][gc,stats    ]    Subphase: Concurrent Mark                              16.988 / 45.744       17.165 / 77.416       17.165 / 77.416       17.165 / 77.416      ms
[250.184s][info][gc,stats    ]    Subphase: Concurrent Mark Try Flush                     0.061 / 0.162         0.086 / 0.514         0.086 / 0.514         0.086 / 0.514       ms
[250.184s][info][gc,stats    ]    Subphase: Concurrent Mark Try Terminate                 2.923 / 12.629        3.345 / 17.130        3.345 / 17.130        3.345 / 17.130      ms
[250.184s][info][gc,stats    ]    Subphase: Concurrent References Enqueue                 0.006 / 0.008         0.006 / 0.009         0.006 / 0.009         0.006 / 0.009       ms
[250.184s][info][gc,stats    ]    Subphase: Concurrent References Process                 0.161 / 0.196         0.150 / 0.251         0.150 / 0.251         0.150 / 0.251       ms
[250.184s][info][gc,stats    ]    Subphase: Concurrent Roots ClassLoaderDataGraph         0.089 / 0.191         0.057 / 0.243         0.057 / 0.243         0.057 / 0.243       ms
[250.184s][info][gc,stats    ]    Subphase: Concurrent Roots CodeCache                    0.000 / 0.000         0.000 / 0.000         0.000 / 0.000         0.000 / 0.000       ms
[250.184s][info][gc,stats    ]    Subphase: Concurrent Roots JavaThreads                  0.312 / 0.583         0.262 / 0.762         0.262 / 0.762         0.262 / 0.762       ms
[250.184s][info][gc,stats    ]    Subphase: Concurrent Roots OopStorageSet                0.019 / 0.031         0.014 / 0.052         0.014 / 0.052         0.014 / 0.052       ms
[250.185s][info][gc,stats    ]    Subphase: Concurrent Weak Roots OopStorageSet           0.185 / 0.252         0.198 / 0.396         0.198 / 0.396         0.198 / 0.396       ms
[250.185s][info][gc,stats    ]    Subphase: Pause Mark Try Complete                       0.000 / 0.000         0.000 / 0.000         0.000 / 0.000         0.000 / 0.000       ms
[250.185s][info][gc,stats    ]      System: Java Threads                                     12 / 12               12 / 13               12 / 13               12 / 13          threads
[250.185s][info][gc,stats    ] =========================================================================================================================================================
[251.657s][info][gc,start    ] GC(124) Garbage Collection (System.gc())
[251.657s][info][gc,task     ] GC(124) Using 2 workers
[251.657s][info][gc,phases   ] GC(124) Pause Mark Start 0.010ms
[251.675s][info][gc,phases   ] GC(124) Concurrent Mark 18.019ms
[251.675s][info][gc,phases   ] GC(124) Pause Mark End 0.026ms
[251.676s][info][gc,phases   ] GC(124) Concurrent Mark Free 0.003ms
[251.679s][info][gc,phases   ] GC(124) Concurrent Process Non-Strong References 3.621ms
[251.679s][info][gc,phases   ] GC(124) Concurrent Reset Relocation Set 0.002ms
[251.681s][info][gc,phases   ] GC(124) Concurrent Select Relocation Set 1.840ms
[251.681s][info][gc,phases   ] GC(124) Pause Relocate Start 0.008ms
[251.682s][info][gc,phases   ] GC(124) Concurrent Relocate 0.532ms
[251.682s][info][gc,load     ] GC(124) Load: 0.00/0.00/0.00
[251.682s][info][gc,mmu      ] GC(124) MMU: 2ms/98.5%, 5ms/99.3%, 10ms/99.5%, 20ms/99.8%, 50ms/99.9%, 100ms/99.9%
[251.682s][info][gc,marking  ] GC(124) Mark: 2 stripe(s), 1 proactive flush(es), 1 terminate flush(es), 0 completion(s), 0 continuation(s) 
[251.682s][info][gc,marking  ] GC(124) Mark Stack Usage: 32M
[251.682s][info][gc,nmethod  ] GC(124) NMethods: 3066 registered, 0 unregistered
[251.682s][info][gc,metaspace] GC(124) Metaspace: 14M used, 14M committed, 1088M reserved
[251.682s][info][gc,ref      ] GC(124) Soft: 378 encountered, 0 discovered, 0 enqueued
[251.682s][info][gc,ref      ] GC(124) Weak: 940 encountered, 603 discovered, 9 enqueued
[251.682s][info][gc,ref      ] GC(124) Final: 0 encountered, 0 discovered, 0 enqueued
[251.682s][info][gc,ref      ] GC(124) Phantom: 36 encountered, 29 discovered, 0 enqueued
[251.682s][info][gc,reloc    ] GC(124) Small Pages: 1335 / 2670M, Empty: 2646M, Relocated: 0M, In-Place: 0
[251.682s][info][gc,reloc    ] GC(124) Medium Pages: 1 / 32M, Empty: 32M, Relocated: 0M, In-Place: 0
[251.682s][info][gc,reloc    ] GC(124) Large Pages: 0 / 0M, Empty: 0M, Relocated: 0M, In-Place: 0
[251.682s][info][gc,reloc    ] GC(124) Forwarding Usage: 0M
[251.682s][info][gc,heap     ] GC(124) Min Capacity: 4096M(100%)
[251.682s][info][gc,heap     ] GC(124) Max Capacity: 4096M(100%)
[251.682s][info][gc,heap     ] GC(124) Soft Max Capacity: 4096M(100%)
[251.682s][info][gc,heap     ] GC(124)                Mark Start          Mark End        Relocate Start      Relocate End           High               Low         
[251.682s][info][gc,heap     ] GC(124)  Capacity:     4096M (100%)       4096M (100%)       4096M (100%)       4096M (100%)       4096M (100%)       4096M (100%)   
[251.682s][info][gc,heap     ] GC(124)      Free:     1394M (34%)        1394M (34%)        4072M (99%)        4086M (100%)       4086M (100%)       1394M (34%)    
[251.682s][info][gc,heap     ] GC(124)      Used:     2702M (66%)        2702M (66%)          24M (1%)           10M (0%)         2702M (66%)          10M (0%)     
[251.682s][info][gc,heap     ] GC(124)      Live:         -                 6M (0%)            6M (0%)            6M (0%)             -                  -          
[251.682s][info][gc,heap     ] GC(124) Allocated:         -                 0M (0%)            0M (0%)            0M (0%)             -                  -          
[251.682s][info][gc,heap     ] GC(124)   Garbage:         -              2695M (66%)          17M (0%)            3M (0%)             -                  -          
[251.682s][info][gc,heap     ] GC(124) Reclaimed:         -                  -              2678M (65%)        2692M (66%)            -                  -          
[251.682s][info][gc          ] GC(124) Garbage Collection (System.gc()) 2702M(66%)->10M(0%)
[254.566s][info][gc,start    ] GC(125) Garbage Collection (System.gc())
[254.566s][info][gc,task     ] GC(125) Using 2 workers
[254.566s][info][gc,phases   ] GC(125) Pause Mark Start 0.007ms
[254.579s][info][gc,phases   ] GC(125) Concurrent Mark 12.741ms
[254.579s][info][gc,phases   ] GC(125) Pause Mark End 0.014ms
[254.579s][info][gc,phases   ] GC(125) Concurrent Mark Free 0.001ms
[254.583s][info][gc,phases   ] GC(125) Concurrent Process Non-Strong References 3.335ms
[254.583s][info][gc,phases   ] GC(125) Concurrent Reset Relocation Set 0.002ms
[254.584s][info][gc,phases   ] GC(125) Concurrent Select Relocation Set 1.471ms
[254.584s][info][gc,phases   ] GC(125) Pause Relocate Start 0.006ms
[254.585s][info][gc,phases   ] GC(125) Concurrent Relocate 0.364ms
[254.585s][info][gc,load     ] GC(125) Load: 0.00/0.00/0.00
[254.585s][info][gc,mmu      ] GC(125) MMU: 2ms/98.5%, 5ms/99.3%, 10ms/99.5%, 20ms/99.8%, 50ms/99.9%, 100ms/99.9%
[254.585s][info][gc,marking  ] GC(125) Mark: 2 stripe(s), 1 proactive flush(es), 1 terminate flush(es), 0 completion(s), 0 continuation(s) 
[254.585s][info][gc,marking  ] GC(125) Mark Stack Usage: 32M
[254.585s][info][gc,nmethod  ] GC(125) NMethods: 3066 registered, 0 unregistered
[254.585s][info][gc,metaspace] GC(125) Metaspace: 14M used, 14M committed, 1088M reserved
[254.585s][info][gc,ref      ] GC(125) Soft: 378 encountered, 0 discovered, 0 enqueued
[254.585s][info][gc,ref      ] GC(125) Weak: 939 encountered, 628 discovered, 8 enqueued
[254.585s][info][gc,ref      ] GC(125) Final: 0 encountered, 0 discovered, 0 enqueued
[254.585s][info][gc,ref      ] GC(125) Phantom: 36 encountered, 28 discovered, 0 enqueued
[254.585s][info][gc,reloc    ] GC(125) Small Pages: 1335 / 2670M, Empty: 2648M, Relocated: 0M, In-Place: 0
[254.585s][info][gc,reloc    ] GC(125) Medium Pages: 1 / 32M, Empty: 32M, Relocated: 0M, In-Place: 0
[254.585s][info][gc,reloc    ] GC(125) Large Pages: 0 / 0M, Empty: 0M, Relocated: 0M, In-Place: 0
[254.585s][info][gc,reloc    ] GC(125) Forwarding Usage: 0M
[254.585s][info][gc,heap     ] GC(125) Min Capacity: 4096M(100%)
[254.585s][info][gc,heap     ] GC(125) Max Capacity: 4096M(100%)
[254.585s][info][gc,heap     ] GC(125) Soft Max Capacity: 4096M(100%)
[254.585s][info][gc,heap     ] GC(125)                Mark Start          Mark End        Relocate Start      Relocate End           High               Low         
[254.585s][info][gc,heap     ] GC(125)  Capacity:     4096M (100%)       4096M (100%)       4096M (100%)       4096M (100%)       4096M (100%)       4096M (100%)   
[254.585s][info][gc,heap     ] GC(125)      Free:     1394M (34%)        1394M (34%)        4074M (99%)        4086M (100%)       4086M (100%)       1394M (34%)    
[254.585s][info][gc,heap     ] GC(125)      Used:     2702M (66%)        2702M (66%)          22M (1%)           10M (0%)         2702M (66%)          10M (0%)     
[254.585s][info][gc,heap     ] GC(125)      Live:         -                 6M (0%)            6M (0%)            6M (0%)             -                  -          
[254.585s][info][gc,heap     ] GC(125) Allocated:         -                 0M (0%)            0M (0%)            0M (0%)             -                  -          
[254.585s][info][gc,heap     ] GC(125)   Garbage:         -              2695M (66%)          15M (0%)            3M (0%)             -                  -          
[254.585s][info][gc,heap     ] GC(125) Reclaimed:         -                  -              2680M (65%)        2692M (66%)            -                  -          
[254.585s][info][gc          ] GC(125) Garbage Collection (System.gc()) 2702M(66%)->10M(0%)
[256.981s][info][gc,start    ] GC(126) Garbage Collection (Proactive)
[256.981s][info][gc,task     ] GC(126) Using 2 workers
[256.981s][info][gc,phases   ] GC(126) Pause Mark Start 0.008ms
[257.028s][info][gc,phases   ] GC(126) Concurrent Mark 46.554ms
[257.028s][info][gc,phases   ] GC(126) Pause Mark End 0.010ms
[257.028s][info][gc,phases   ] GC(126) Concurrent Mark Free 0.001ms
[257.031s][info][gc,phases   ] GC(126) Concurrent Process Non-Strong References 2.923ms
[257.031s][info][gc,phases   ] GC(126) Concurrent Reset Relocation Set 0.001ms
[257.035s][info][gc,phases   ] GC(126) Concurrent Select Relocation Set 3.931ms
[257.035s][info][gc,phases   ] GC(126) Pause Relocate Start 0.009ms
[257.051s][info][gc,phases   ] GC(126) Concurrent Relocate 16.227ms
[257.051s][info][gc,load     ] GC(126) Load: 0.00/0.00/0.00
[257.051s][info][gc,mmu      ] GC(126) MMU: 2ms/98.5%, 5ms/99.3%, 10ms/99.5%, 20ms/99.8%, 50ms/99.9%, 100ms/99.9%
[257.051s][info][gc,marking  ] GC(126) Mark: 2 stripe(s), 2 proactive flush(es), 1 terminate flush(es), 0 completion(s), 0 continuation(s) 
[257.051s][info][gc,marking  ] GC(126) Mark Stack Usage: 32M
[257.051s][info][gc,nmethod  ] GC(126) NMethods: 3067 registered, 0 unregistered
[257.051s][info][gc,metaspace] GC(126) Metaspace: 14M used, 14M committed, 1088M reserved
[257.051s][info][gc,ref      ] GC(126) Soft: 378 encountered, 0 discovered, 0 enqueued
[257.051s][info][gc,ref      ] GC(126) Weak: 937 encountered, 549 discovered, 6 enqueued
[257.051s][info][gc,ref      ] GC(126) Final: 0 encountered, 0 discovered, 0 enqueued
[257.051s][info][gc,ref      ] GC(126) Phantom: 36 encountered, 20 discovered, 0 enqueued
[257.051s][info][gc,reloc    ] GC(126) Small Pages: 720 / 1440M, Empty: 1330M, Relocated: 24M, In-Place: 0
[257.051s][info][gc,reloc    ] GC(126) Medium Pages: 1 / 32M, Empty: 0M, Relocated: 0M, In-Place: 0
[257.051s][info][gc,reloc    ] GC(126) Large Pages: 0 / 0M, Empty: 0M, Relocated: 0M, In-Place: 0
[257.051s][info][gc,reloc    ] GC(126) Forwarding Usage: 15M
[257.051s][info][gc,heap     ] GC(126) Min Capacity: 4096M(100%)
[257.051s][info][gc,heap     ] GC(126) Max Capacity: 4096M(100%)
[257.051s][info][gc,heap     ] GC(126) Soft Max Capacity: 4096M(100%)
[257.051s][info][gc,heap     ] GC(126)                Mark Start          Mark End        Relocate Start      Relocate End           High               Low         
[257.052s][info][gc,heap     ] GC(126)  Capacity:     4096M (100%)       4096M (100%)       4096M (100%)       4096M (100%)       4096M (100%)       4096M (100%)   
[257.052s][info][gc,heap     ] GC(126)      Free:     2624M (64%)        2622M (64%)        3952M (96%)        4020M (98%)        4020M (98%)        2622M (64%)    
[257.052s][info][gc,heap     ] GC(126)      Used:     1472M (36%)        1474M (36%)         144M (4%)           76M (2%)         1474M (36%)          76M (2%)     
[257.052s][info][gc,heap     ] GC(126)      Live:         -                38M (1%)           38M (1%)           38M (1%)             -                  -          
[257.052s][info][gc,heap     ] GC(126) Allocated:         -                 2M (0%)            2M (0%)            1M (0%)             -                  -          
[257.052s][info][gc,heap     ] GC(126)   Garbage:         -              1433M (35%)         103M (3%)           35M (1%)             -                  -          
[257.052s][info][gc,heap     ] GC(126) Reclaimed:         -                  -              1330M (32%)        1397M (34%)            -                  -          
[257.052s][info][gc          ] GC(126) Garbage Collection (Proactive) 1472M(36%)->76M(2%)
[257.466s][info][gc,start    ] GC(127) Garbage Collection (System.gc())
[257.466s][info][gc,task     ] GC(127) Using 2 workers
[257.466s][info][gc,phases   ] GC(127) Pause Mark Start 0.010ms
[257.483s][info][gc,phases   ] GC(127) Concurrent Mark 17.374ms
[257.484s][info][gc,phases   ] GC(127) Pause Mark End 0.028ms
[257.484s][info][gc,phases   ] GC(127) Concurrent Mark Free 0.001ms
[257.487s][info][gc,phases   ] GC(127) Concurrent Process Non-Strong References 2.798ms
[257.487s][info][gc,phases   ] GC(127) Concurrent Reset Relocation Set 0.005ms
[257.489s][info][gc,phases   ] GC(127) Concurrent Select Relocation Set 2.384ms
[257.489s][info][gc,phases   ] GC(127) Pause Relocate Start 0.013ms
[257.490s][info][gc,phases   ] GC(127) Concurrent Relocate 0.725ms
[257.490s][info][gc,load     ] GC(127) Load: 0.00/0.00/0.00
[257.490s][info][gc,mmu      ] GC(127) MMU: 2ms/98.5%, 5ms/99.3%, 10ms/99.5%, 20ms/99.8%, 50ms/99.9%, 100ms/99.9%
[257.490s][info][gc,marking  ] GC(127) Mark: 2 stripe(s), 1 proactive flush(es), 1 terminate flush(es), 0 completion(s), 0 continuation(s) 
[257.490s][info][gc,marking  ] GC(127) Mark Stack Usage: 32M
[257.490s][info][gc,nmethod  ] GC(127) NMethods: 3068 registered, 0 unregistered
[257.490s][info][gc,metaspace] GC(127) Metaspace: 14M used, 14M committed, 1088M reserved
[257.490s][info][gc,ref      ] GC(127) Soft: 378 encountered, 0 discovered, 0 enqueued
[257.490s][info][gc,ref      ] GC(127) Weak: 934 encountered, 671 discovered, 2 enqueued
[257.490s][info][gc,ref      ] GC(127) Final: 0 encountered, 0 discovered, 0 enqueued
[257.490s][info][gc,ref      ] GC(127) Phantom: 36 encountered, 17 discovered, 0 enqueued
[257.490s][info][gc,reloc    ] GC(127) Small Pages: 637 / 1274M, Empty: 1254M, Relocated: 0M, In-Place: 0
[257.490s][info][gc,reloc    ] GC(127) Medium Pages: 1 / 32M, Empty: 32M, Relocated: 0M, In-Place: 0
[257.490s][info][gc,reloc    ] GC(127) Large Pages: 0 / 0M, Empty: 0M, Relocated: 0M, In-Place: 0
[257.490s][info][gc,reloc    ] GC(127) Forwarding Usage: 0M
[257.490s][info][gc,heap     ] GC(127) Min Capacity: 4096M(100%)
[257.490s][info][gc,heap     ] GC(127) Max Capacity: 4096M(100%)
[257.490s][info][gc,heap     ] GC(127) Soft Max Capacity: 4096M(100%)
[257.490s][info][gc,heap     ] GC(127)                Mark Start          Mark End        Relocate Start      Relocate End           High               Low         
[257.490s][info][gc,heap     ] GC(127)  Capacity:     4096M (100%)       4096M (100%)       4096M (100%)       4096M (100%)       4096M (100%)       4096M (100%)   
[257.490s][info][gc,heap     ] GC(127)      Free:     2790M (68%)        2790M (68%)        4076M (100%)       4086M (100%)       4086M (100%)       2790M (68%)    
[257.490s][info][gc,heap     ] GC(127)      Used:     1306M (32%)        1306M (32%)          20M (0%)           10M (0%)         1306M (32%)          10M (0%)     
[257.490s][info][gc,heap     ] GC(127)      Live:         -                 6M (0%)            6M (0%)            6M (0%)             -                  -          
[257.490s][info][gc,heap     ] GC(127) Allocated:         -                 0M (0%)            0M (0%)            0M (0%)             -                  -          
[257.490s][info][gc,heap     ] GC(127)   Garbage:         -              1299M (32%)          13M (0%)            3M (0%)             -                  -          
[257.490s][info][gc,heap     ] GC(127) Reclaimed:         -                  -              1286M (31%)        1296M (32%)            -                  -          
[257.490s][info][gc          ] GC(127) Garbage Collection (System.gc()) 1306M(32%)->10M(0%)
[260.183s][info][gc,stats    ] === Garbage Collection Statistics =======================================================================================================================
[260.183s][info][gc,stats    ]                                                              Last 10s              Last 10m              Last 10h                Total
[260.183s][info][gc,stats    ]                                                              Avg / Max             Avg / Max             Avg / Max             Avg / Max
[260.183s][info][gc,stats    ]   Collector: Garbage Collection Cycle                     34.532 / 70.495       34.492 / 113.591      34.492 / 113.591      34.492 / 113.591     ms
[260.183s][info][gc,stats    ]  Contention: Mark Segment Reset Contention                     0 / 0                 0 / 3                 0 / 3                 0 / 3           ops/s
[260.183s][info][gc,stats    ]  Contention: Mark SeqNum Reset Contention                      0 / 1                 0 / 1                 0 / 1                 0 / 1           ops/s
[260.183s][info][gc,stats    ]    Critical: Allocation Stall                                  0 / 0                 0 / 0                 0 / 0                 0 / 0           ops/s
[260.183s][info][gc,stats    ]    Critical: Allocation Stall                              0.000 / 0.000         0.000 / 0.000         0.000 / 0.000         0.000 / 0.000       ms
[260.183s][info][gc,stats    ]    Critical: GC Locker Stall                                   0 / 0                 0 / 0                 0 / 0                 0 / 0           ops/s
[260.183s][info][gc,stats    ]    Critical: GC Locker Stall                               0.000 / 0.000         0.000 / 0.000         0.000 / 0.000         0.000 / 0.000       ms
[260.183s][info][gc,stats    ]    Critical: Relocation Stall                                  0 / 0                 0 / 0                 0 / 0                 0 / 0           ops/s
[260.183s][info][gc,stats    ]    Critical: Relocation Stall                              0.000 / 0.000         0.000 / 0.000         0.000 / 0.000         0.000 / 0.000       ms
[260.183s][info][gc,stats    ]      Memory: Allocation Rate                                 862 / 1376            970 / 1380            970 / 1380            970 / 1380        MB/s
[260.183s][info][gc,stats    ]      Memory: Out Of Memory                                     0 / 0                 0 / 0                 0 / 0                 0 / 0           ops/s
[260.183s][info][gc,stats    ]      Memory: Page Cache Flush                                  0 / 0                 0 / 0                 0 / 0                 0 / 0           MB/s
[260.183s][info][gc,stats    ]      Memory: Page Cache Hit L1                               428 / 675             477 / 690             477 / 690             477 / 690         ops/s
[260.183s][info][gc,stats    ]      Memory: Page Cache Hit L2                                 0 / 0                 0 / 0                 0 / 0                 0 / 0           ops/s
[260.183s][info][gc,stats    ]      Memory: Page Cache Hit L3                                 0 / 0                 5 / 392               5 / 392               5 / 392         ops/s
[260.183s][info][gc,stats    ]      Memory: Page Cache Miss                                   0 / 0                 0 / 1                 0 / 1                 0 / 1           ops/s
[260.183s][info][gc,stats    ]      Memory: Uncommit                                          0 / 0                 0 / 0                 0 / 0                 0 / 0           MB/s
[260.183s][info][gc,stats    ]      Memory: Undo Object Allocation Failed                     0 / 0                 0 / 0                 0 / 0                 0 / 0           ops/s
[260.183s][info][gc,stats    ]      Memory: Undo Object Allocation Succeeded                  0 / 0                 0 / 140               0 / 140               0 / 140         ops/s
[260.183s][info][gc,stats    ]      Memory: Undo Page Allocation                              0 / 0                 0 / 0                 0 / 0                 0 / 0           ops/s
[260.183s][info][gc,stats    ]       Phase: Concurrent Mark                              23.672 / 46.554       22.145 / 78.232       22.145 / 78.232       22.145 / 78.232      ms
[260.183s][info][gc,stats    ]       Phase: Concurrent Mark Continue                      0.000 / 0.000         0.000 / 0.000         0.000 / 0.000         0.000 / 0.000       ms
[260.183s][info][gc,stats    ]       Phase: Concurrent Mark Free                          0.001 / 0.003         0.002 / 0.003         0.002 / 0.003         0.002 / 0.003       ms
[260.183s][info][gc,stats    ]       Phase: Concurrent Process Non-Strong References      3.169 / 3.621         2.966 / 4.781         2.966 / 4.781         2.966 / 4.781       ms
[260.183s][info][gc,stats    ]       Phase: Concurrent Relocate                           4.462 / 16.227        5.738 / 38.786        5.738 / 38.786        5.738 / 38.786      ms
[260.183s][info][gc,stats    ]       Phase: Concurrent Reset Relocation Set               0.003 / 0.005         0.003 / 0.008         0.003 / 0.008         0.003 / 0.008       ms
[260.183s][info][gc,stats    ]       Phase: Concurrent Select Relocation Set              2.406 / 3.931         2.744 / 7.858         2.744 / 7.858         2.744 / 7.858       ms
[260.183s][info][gc,stats    ]       Phase: Pause Mark End                                0.019 / 0.028         0.016 / 0.031         0.016 / 0.031         0.016 / 0.031       ms
[260.183s][info][gc,stats    ]       Phase: Pause Mark Start                              0.009 / 0.010         0.008 / 0.027         0.008 / 0.027         0.008 / 0.027       ms
[260.183s][info][gc,stats    ]       Phase: Pause Relocate Start                          0.009 / 0.013         0.010 / 0.022         0.010 / 0.022         0.010 / 0.022       ms
[260.183s][info][gc,stats    ]    Subphase: Concurrent Classes Purge                      0.152 / 0.163         0.137 / 0.219         0.137 / 0.219         0.137 / 0.219       ms
[260.183s][info][gc,stats    ]    Subphase: Concurrent Classes Unlink                     2.508 / 2.876         2.272 / 3.817         2.272 / 3.817         2.272 / 3.817       ms
[260.183s][info][gc,stats    ]    Subphase: Concurrent Mark                              17.046 / 45.638       17.161 / 77.416       17.161 / 77.416       17.161 / 77.416      ms
[260.183s][info][gc,stats    ]    Subphase: Concurrent Mark Try Flush                     0.076 / 0.148         0.086 / 0.514         0.086 / 0.514         0.086 / 0.514       ms
[260.183s][info][gc,stats    ]    Subphase: Concurrent Mark Try Terminate                 4.271 / 15.243        3.373 / 17.130        3.373 / 17.130        3.373 / 17.130      ms
[260.183s][info][gc,stats    ]    Subphase: Concurrent References Enqueue                 0.006 / 0.007         0.006 / 0.009         0.006 / 0.009         0.006 / 0.009       ms
[260.183s][info][gc,stats    ]    Subphase: Concurrent References Process                 0.175 / 0.241         0.151 / 0.251         0.151 / 0.251         0.151 / 0.251       ms
[260.183s][info][gc,stats    ]    Subphase: Concurrent Roots ClassLoaderDataGraph         0.062 / 0.184         0.057 / 0.243         0.057 / 0.243         0.057 / 0.243       ms
[260.183s][info][gc,stats    ]    Subphase: Concurrent Roots CodeCache                    0.000 / 0.000         0.000 / 0.000         0.000 / 0.000         0.000 / 0.000       ms
[260.183s][info][gc,stats    ]    Subphase: Concurrent Roots JavaThreads                  0.273 / 0.549         0.262 / 0.762         0.262 / 0.762         0.262 / 0.762       ms
[260.183s][info][gc,stats    ]    Subphase: Concurrent Roots OopStorageSet                0.015 / 0.036         0.014 / 0.052         0.014 / 0.052         0.014 / 0.052       ms
[260.183s][info][gc,stats    ]    Subphase: Concurrent Weak Roots OopStorageSet           0.169 / 0.193         0.197 / 0.396         0.197 / 0.396         0.197 / 0.396       ms
[260.183s][info][gc,stats    ]    Subphase: Pause Mark Try Complete                       0.000 / 0.000         0.000 / 0.000         0.000 / 0.000         0.000 / 0.000       ms
[260.183s][info][gc,stats    ]      System: Java Threads                                     12 / 12               12 / 13               12 / 13               12 / 13          threads
[260.183s][info][gc,stats    ] =========================================================================================================================================================
[260.357s][info][gc,start    ] GC(128) Garbage Collection (System.gc())
[260.357s][info][gc,task     ] GC(128) Using 2 workers
[260.357s][info][gc,phases   ] GC(128) Pause Mark Start 0.006ms
[260.371s][info][gc,phases   ] GC(128) Concurrent Mark 13.731ms
[260.371s][info][gc,phases   ] GC(128) Pause Mark End 0.018ms
[260.371s][info][gc,phases   ] GC(128) Concurrent Mark Free 0.003ms
[260.375s][info][gc,phases   ] GC(128) Concurrent Process Non-Strong References 3.530ms
[260.375s][info][gc,phases   ] GC(128) Concurrent Reset Relocation Set 0.001ms
[260.377s][info][gc,phases   ] GC(128) Concurrent Select Relocation Set 1.788ms
[260.377s][info][gc,phases   ] GC(128) Pause Relocate Start 0.009ms
[260.378s][info][gc,phases   ] GC(128) Concurrent Relocate 0.530ms
[260.378s][info][gc,load     ] GC(128) Load: 0.00/0.00/0.00
[260.378s][info][gc,mmu      ] GC(128) MMU: 2ms/98.5%, 5ms/99.3%, 10ms/99.5%, 20ms/99.8%, 50ms/99.9%, 100ms/99.9%
[260.378s][info][gc,marking  ] GC(128) Mark: 2 stripe(s), 1 proactive flush(es), 1 terminate flush(es), 0 completion(s), 0 continuation(s) 
[260.378s][info][gc,marking  ] GC(128) Mark Stack Usage: 32M
[260.378s][info][gc,nmethod  ] GC(128) NMethods: 3068 registered, 0 unregistered
[260.378s][info][gc,metaspace] GC(128) Metaspace: 14M used, 14M committed, 1088M reserved
[260.378s][info][gc,ref      ] GC(128) Soft: 378 encountered, 0 discovered, 0 enqueued
[260.378s][info][gc,ref      ] GC(128) Weak: 940 encountered, 15 discovered, 9 enqueued
[260.378s][info][gc,ref      ] GC(128) Final: 0 encountered, 0 discovered, 0 enqueued
[260.378s][info][gc,ref      ] GC(128) Phantom: 36 encountered, 16 discovered, 0 enqueued
[260.378s][info][gc,reloc    ] GC(128) Small Pages: 1335 / 2670M, Empty: 2648M, Relocated: 0M, In-Place: 0
[260.378s][info][gc,reloc    ] GC(128) Medium Pages: 1 / 32M, Empty: 32M, Relocated: 0M, In-Place: 0
[260.378s][info][gc,reloc    ] GC(128) Large Pages: 0 / 0M, Empty: 0M, Relocated: 0M, In-Place: 0
[260.378s][info][gc,reloc    ] GC(128) Forwarding Usage: 0M
[260.378s][info][gc,heap     ] GC(128) Min Capacity: 4096M(100%)
[260.378s][info][gc,heap     ] GC(128) Max Capacity: 4096M(100%)
[260.378s][info][gc,heap     ] GC(128) Soft Max Capacity: 4096M(100%)
[260.378s][info][gc,heap     ] GC(128)                Mark Start          Mark End        Relocate Start      Relocate End           High               Low         
[260.378s][info][gc,heap     ] GC(128)  Capacity:     4096M (100%)       4096M (100%)       4096M (100%)       4096M (100%)       4096M (100%)       4096M (100%)   
[260.378s][info][gc,heap     ] GC(128)      Free:     1394M (34%)        1394M (34%)        4074M (99%)        4086M (100%)       4086M (100%)       1394M (34%)    
[260.378s][info][gc,heap     ] GC(128)      Used:     2702M (66%)        2702M (66%)          22M (1%)           10M (0%)         2702M (66%)          10M (0%)     
[260.378s][info][gc,heap     ] GC(128)      Live:         -                 6M (0%)            6M (0%)            6M (0%)             -                  -          
[260.378s][info][gc,heap     ] GC(128) Allocated:         -                 0M (0%)            0M (0%)            0M (0%)             -                  -          
[260.378s][info][gc,heap     ] GC(128)   Garbage:         -              2695M (66%)          15M (0%)            3M (0%)             -                  -          
[260.378s][info][gc,heap     ] GC(128) Reclaimed:         -                  -              2680M (65%)        2692M (66%)            -                  -          
[260.378s][info][gc          ] GC(128) Garbage Collection (System.gc()) 2702M(66%)->10M(0%)
[263.251s][info][gc,start    ] GC(129) Garbage Collection (System.gc())
[263.252s][info][gc,task     ] GC(129) Using 2 workers
[263.252s][info][gc,phases   ] GC(129) Pause Mark Start 0.007ms
[263.261s][info][gc,phases   ] GC(129) Concurrent Mark 8.906ms
[263.261s][info][gc,phases   ] GC(129) Pause Mark End 0.021ms
[263.261s][info][gc,phases   ] GC(129) Concurrent Mark Free 0.002ms
[263.264s][info][gc,phases   ] GC(129) Concurrent Process Non-Strong References 3.067ms
[263.264s][info][gc,phases   ] GC(129) Concurrent Reset Relocation Set 0.001ms
[263.266s][info][gc,phases   ] GC(129) Concurrent Select Relocation Set 1.848ms
[263.266s][info][gc,phases   ] GC(129) Pause Relocate Start 0.010ms
[263.266s][info][gc,phases   ] GC(129) Concurrent Relocate 0.545ms
[263.267s][info][gc,load     ] GC(129) Load: 0.00/0.00/0.00
[263.267s][info][gc,mmu      ] GC(129) MMU: 2ms/98.5%, 5ms/99.3%, 10ms/99.5%, 20ms/99.8%, 50ms/99.9%, 100ms/99.9%
[263.267s][info][gc,marking  ] GC(129) Mark: 2 stripe(s), 1 proactive flush(es), 1 terminate flush(es), 0 completion(s), 0 continuation(s) 
[263.267s][info][gc,marking  ] GC(129) Mark Stack Usage: 32M
[263.267s][info][gc,nmethod  ] GC(129) NMethods: 3073 registered, 0 unregistered
[263.267s][info][gc,metaspace] GC(129) Metaspace: 14M used, 14M committed, 1088M reserved
[263.267s][info][gc,ref      ] GC(129) Soft: 378 encountered, 0 discovered, 0 enqueued
[263.267s][info][gc,ref      ] GC(129) Weak: 939 encountered, 667 discovered, 8 enqueued
[263.267s][info][gc,ref      ] GC(129) Final: 0 encountered, 0 discovered, 0 enqueued
[263.267s][info][gc,ref      ] GC(129) Phantom: 36 encountered, 19 discovered, 0 enqueued
[263.267s][info][gc,reloc    ] GC(129) Small Pages: 1335 / 2670M, Empty: 2648M, Relocated: 0M, In-Place: 0
[263.267s][info][gc,reloc    ] GC(129) Medium Pages: 1 / 32M, Empty: 32M, Relocated: 0M, In-Place: 0
[263.267s][info][gc,reloc    ] GC(129) Large Pages: 0 / 0M, Empty: 0M, Relocated: 0M, In-Place: 0
[263.267s][info][gc,reloc    ] GC(129) Forwarding Usage: 0M
[263.267s][info][gc,heap     ] GC(129) Min Capacity: 4096M(100%)
[263.267s][info][gc,heap     ] GC(129) Max Capacity: 4096M(100%)
[263.267s][info][gc,heap     ] GC(129) Soft Max Capacity: 4096M(100%)
[263.267s][info][gc,heap     ] GC(129)                Mark Start          Mark End        Relocate Start      Relocate End           High               Low         
[263.267s][info][gc,heap     ] GC(129)  Capacity:     4096M (100%)       4096M (100%)       4096M (100%)       4096M (100%)       4096M (100%)       4096M (100%)   
[263.267s][info][gc,heap     ] GC(129)      Free:     1394M (34%)        1394M (34%)        4074M (99%)        4086M (100%)       4086M (100%)       1394M (34%)    
[263.267s][info][gc,heap     ] GC(129)      Used:     2702M (66%)        2702M (66%)          22M (1%)           10M (0%)         2702M (66%)          10M (0%)     
[263.267s][info][gc,heap     ] GC(129)      Live:         -                 6M (0%)            6M (0%)            6M (0%)             -                  -          
[263.267s][info][gc,heap     ] GC(129) Allocated:         -                 0M (0%)            0M (0%)            0M (0%)             -                  -          
[263.267s][info][gc,heap     ] GC(129)   Garbage:         -              2695M (66%)          15M (0%)            3M (0%)             -                  -          
[263.267s][info][gc,heap     ] GC(129) Reclaimed:         -                  -              2680M (65%)        2692M (66%)            -                  -          
[263.267s][info][gc          ] GC(129) Garbage Collection (System.gc()) 2702M(66%)->10M(0%)
[265.475s][info][gc,start    ] GC(130) Garbage Collection (Proactive)
[265.475s][info][gc,task     ] GC(130) Using 2 workers
[265.476s][info][gc,phases   ] GC(130) Pause Mark Start 0.014ms
[265.522s][info][gc,phases   ] GC(130) Concurrent Mark 46.489ms
[265.522s][info][gc,phases   ] GC(130) Pause Mark End 0.018ms
[265.523s][info][gc,phases   ] GC(130) Concurrent Mark Free 0.002ms
[265.525s][info][gc,phases   ] GC(130) Concurrent Process Non-Strong References 2.675ms
[265.525s][info][gc,phases   ] GC(130) Concurrent Reset Relocation Set 0.001ms
[265.530s][info][gc,phases   ] GC(130) Concurrent Select Relocation Set 4.304ms
[265.530s][info][gc,phases   ] GC(130) Pause Relocate Start 0.010ms
[265.545s][info][gc,phases   ] GC(130) Concurrent Relocate 15.319ms
[265.545s][info][gc,load     ] GC(130) Load: 0.00/0.00/0.00
[265.545s][info][gc,mmu      ] GC(130) MMU: 2ms/98.5%, 5ms/99.3%, 10ms/99.5%, 20ms/99.8%, 50ms/99.9%, 100ms/99.9%
[265.545s][info][gc,marking  ] GC(130) Mark: 2 stripe(s), 3 proactive flush(es), 1 terminate flush(es), 0 completion(s), 0 continuation(s) 
[265.545s][info][gc,marking  ] GC(130) Mark Stack Usage: 32M
[265.545s][info][gc,nmethod  ] GC(130) NMethods: 3074 registered, 0 unregistered
[265.545s][info][gc,metaspace] GC(130) Metaspace: 14M used, 14M committed, 1088M reserved
[265.545s][info][gc,ref      ] GC(130) Soft: 378 encountered, 0 discovered, 0 enqueued
[265.545s][info][gc,ref      ] GC(130) Weak: 937 encountered, 726 discovered, 7 enqueued
[265.545s][info][gc,ref      ] GC(130) Final: 0 encountered, 0 discovered, 0 enqueued
[265.545s][info][gc,ref      ] GC(130) Phantom: 36 encountered, 19 discovered, 0 enqueued
[265.545s][info][gc,reloc    ] GC(130) Small Pages: 713 / 1426M, Empty: 1328M, Relocated: 22M, In-Place: 0
[265.545s][info][gc,reloc    ] GC(130) Medium Pages: 1 / 32M, Empty: 0M, Relocated: 0M, In-Place: 0
[265.545s][info][gc,reloc    ] GC(130) Large Pages: 0 / 0M, Empty: 0M, Relocated: 0M, In-Place: 0
[265.545s][info][gc,reloc    ] GC(130) Forwarding Usage: 14M
[265.546s][info][gc,heap     ] GC(130) Min Capacity: 4096M(100%)
[265.546s][info][gc,heap     ] GC(130) Max Capacity: 4096M(100%)
[265.546s][info][gc,heap     ] GC(130) Soft Max Capacity: 4096M(100%)
[265.546s][info][gc,heap     ] GC(130)                Mark Start          Mark End        Relocate Start      Relocate End           High               Low         
[265.546s][info][gc,heap     ] GC(130)  Capacity:     4096M (100%)       4096M (100%)       4096M (100%)       4096M (100%)       4096M (100%)       4096M (100%)   
[265.546s][info][gc,heap     ] GC(130)      Free:     2638M (64%)        2636M (64%)        3964M (97%)        4024M (98%)        4024M (98%)        2636M (64%)    
[265.546s][info][gc,heap     ] GC(130)      Used:     1458M (36%)        1460M (36%)         132M (3%)           72M (2%)         1460M (36%)          72M (2%)     
[265.546s][info][gc,heap     ] GC(130)      Live:         -                35M (1%)           35M (1%)           35M (1%)             -                  -          
[265.546s][info][gc,heap     ] GC(130) Allocated:         -                 2M (0%)            2M (0%)            1M (0%)             -                  -          
[265.546s][info][gc,heap     ] GC(130)   Garbage:         -              1422M (35%)          94M (2%)           34M (1%)             -                  -          
[265.546s][info][gc,heap     ] GC(130) Reclaimed:         -                  -              1328M (32%)        1387M (34%)            -                  -          
[265.546s][info][gc          ] GC(130) Garbage Collection (Proactive) 1458M(36%)->72M(2%)
[266.130s][info][gc,start    ] GC(131) Garbage Collection (System.gc())
[266.130s][info][gc,task     ] GC(131) Using 2 workers
[266.130s][info][gc,phases   ] GC(131) Pause Mark Start 0.005ms
[266.150s][info][gc,phases   ] GC(131) Concurrent Mark 19.625ms
[266.150s][info][gc,phases   ] GC(131) Pause Mark End 0.020ms
[266.150s][info][gc,phases   ] GC(131) Concurrent Mark Free 0.001ms
[266.154s][info][gc,phases   ] GC(131) Concurrent Process Non-Strong References 4.093ms
[266.155s][info][gc,phases   ] GC(131) Concurrent Reset Relocation Set 0.008ms
[266.157s][info][gc,phases   ] GC(131) Concurrent Select Relocation Set 2.273ms
[266.157s][info][gc,phases   ] GC(131) Pause Relocate Start 0.010ms
[266.158s][info][gc,phases   ] GC(131) Concurrent Relocate 1.330ms
[266.158s][info][gc,load     ] GC(131) Load: 0.00/0.00/0.00
[266.158s][info][gc,mmu      ] GC(131) MMU: 2ms/98.5%, 5ms/99.3%, 10ms/99.5%, 20ms/99.8%, 50ms/99.9%, 100ms/99.9%
[266.158s][info][gc,marking  ] GC(131) Mark: 2 stripe(s), 2 proactive flush(es), 1 terminate flush(es), 0 completion(s), 0 continuation(s) 
[266.158s][info][gc,marking  ] GC(131) Mark Stack Usage: 32M
[266.158s][info][gc,nmethod  ] GC(131) NMethods: 3084 registered, 0 unregistered
[266.158s][info][gc,metaspace] GC(131) Metaspace: 14M used, 14M committed, 1088M reserved
[266.158s][info][gc,ref      ] GC(131) Soft: 378 encountered, 0 discovered, 0 enqueued
[266.158s][info][gc,ref      ] GC(131) Weak: 933 encountered, 691 discovered, 2 enqueued
[266.158s][info][gc,ref      ] GC(131) Final: 0 encountered, 0 discovered, 0 enqueued
[266.158s][info][gc,ref      ] GC(131) Phantom: 36 encountered, 16 discovered, 0 enqueued
[266.158s][info][gc,reloc    ] GC(131) Small Pages: 641 / 1282M, Empty: 1264M, Relocated: 0M, In-Place: 0
[266.158s][info][gc,reloc    ] GC(131) Medium Pages: 1 / 32M, Empty: 32M, Relocated: 0M, In-Place: 0
[266.158s][info][gc,reloc    ] GC(131) Large Pages: 0 / 0M, Empty: 0M, Relocated: 0M, In-Place: 0
[266.158s][info][gc,reloc    ] GC(131) Forwarding Usage: 0M
[266.158s][info][gc,heap     ] GC(131) Min Capacity: 4096M(100%)
[266.158s][info][gc,heap     ] GC(131) Max Capacity: 4096M(100%)
[266.158s][info][gc,heap     ] GC(131) Soft Max Capacity: 4096M(100%)
[266.158s][info][gc,heap     ] GC(131)                Mark Start          Mark End        Relocate Start      Relocate End           High               Low         
[266.158s][info][gc,heap     ] GC(131)  Capacity:     4096M (100%)       4096M (100%)       4096M (100%)       4096M (100%)       4096M (100%)       4096M (100%)   
[266.158s][info][gc,heap     ] GC(131)      Free:     2782M (68%)        2782M (68%)        4078M (100%)       4086M (100%)       4086M (100%)       2782M (68%)    
[266.159s][info][gc,heap     ] GC(131)      Used:     1314M (32%)        1314M (32%)          18M (0%)           10M (0%)         1314M (32%)          10M (0%)     
[266.159s][info][gc,heap     ] GC(131)      Live:         -                 6M (0%)            6M (0%)            6M (0%)             -                  -          
[266.159s][info][gc,heap     ] GC(131) Allocated:         -                 0M (0%)            0M (0%)            0M (0%)             -                  -          
[266.159s][info][gc,heap     ] GC(131)   Garbage:         -              1307M (32%)          11M (0%)            3M (0%)             -                  -          
[266.159s][info][gc,heap     ] GC(131) Reclaimed:         -                  -              1296M (32%)        1304M (32%)            -                  -          
[266.159s][info][gc          ] GC(131) Garbage Collection (System.gc()) 1314M(32%)->10M(0%)
[269.028s][info][gc,start    ] GC(132) Garbage Collection (System.gc())
[269.028s][info][gc,task     ] GC(132) Using 2 workers
[269.028s][info][gc,phases   ] GC(132) Pause Mark Start 0.006ms
[269.039s][info][gc,phases   ] GC(132) Concurrent Mark 10.837ms
[269.039s][info][gc,phases   ] GC(132) Pause Mark End 0.017ms
[269.039s][info][gc,phases   ] GC(132) Concurrent Mark Free 0.001ms
[269.043s][info][gc,phases   ] GC(132) Concurrent Process Non-Strong References 3.214ms
[269.043s][info][gc,phases   ] GC(132) Concurrent Reset Relocation Set 0.001ms
[269.045s][info][gc,phases   ] GC(132) Concurrent Select Relocation Set 2.131ms
[269.045s][info][gc,phases   ] GC(132) Pause Relocate Start 0.009ms
[269.045s][info][gc,phases   ] GC(132) Concurrent Relocate 0.526ms
[269.045s][info][gc,load     ] GC(132) Load: 0.00/0.00/0.00
[269.045s][info][gc,mmu      ] GC(132) MMU: 2ms/98.5%, 5ms/99.3%, 10ms/99.5%, 20ms/99.8%, 50ms/99.9%, 100ms/99.9%
[269.045s][info][gc,marking  ] GC(132) Mark: 2 stripe(s), 2 proactive flush(es), 1 terminate flush(es), 0 completion(s), 0 continuation(s) 
[269.045s][info][gc,marking  ] GC(132) Mark Stack Usage: 32M
[269.045s][info][gc,nmethod  ] GC(132) NMethods: 3087 registered, 0 unregistered
[269.045s][info][gc,metaspace] GC(132) Metaspace: 14M used, 14M committed, 1088M reserved
[269.045s][info][gc,ref      ] GC(132) Soft: 378 encountered, 0 discovered, 0 enqueued
[269.045s][info][gc,ref      ] GC(132) Weak: 940 encountered, 617 discovered, 9 enqueued
[269.045s][info][gc,ref      ] GC(132) Final: 0 encountered, 0 discovered, 0 enqueued
[269.046s][info][gc,ref      ] GC(132) Phantom: 36 encountered, 18 discovered, 0 enqueued
[269.046s][info][gc,reloc    ] GC(132) Small Pages: 1335 / 2670M, Empty: 2646M, Relocated: 0M, In-Place: 0
[269.046s][info][gc,reloc    ] GC(132) Medium Pages: 1 / 32M, Empty: 32M, Relocated: 0M, In-Place: 0
[269.046s][info][gc,reloc    ] GC(132) Large Pages: 0 / 0M, Empty: 0M, Relocated: 0M, In-Place: 0
[269.046s][info][gc,reloc    ] GC(132) Forwarding Usage: 0M
[269.046s][info][gc,heap     ] GC(132) Min Capacity: 4096M(100%)
[269.046s][info][gc,heap     ] GC(132) Max Capacity: 4096M(100%)
[269.046s][info][gc,heap     ] GC(132) Soft Max Capacity: 4096M(100%)
[269.046s][info][gc,heap     ] GC(132)                Mark Start          Mark End        Relocate Start      Relocate End           High               Low         
[269.046s][info][gc,heap     ] GC(132)  Capacity:     4096M (100%)       4096M (100%)       4096M (100%)       4096M (100%)       4096M (100%)       4096M (100%)   
[269.046s][info][gc,heap     ] GC(132)      Free:     1394M (34%)        1394M (34%)        4072M (99%)        4086M (100%)       4086M (100%)       1394M (34%)    
[269.046s][info][gc,heap     ] GC(132)      Used:     2702M (66%)        2702M (66%)          24M (1%)           10M (0%)         2702M (66%)          10M (0%)     
[269.046s][info][gc,heap     ] GC(132)      Live:         -                 6M (0%)            6M (0%)            6M (0%)             -                  -          
[269.046s][info][gc,heap     ] GC(132) Allocated:         -                 0M (0%)            0M (0%)            0M (0%)             -                  -          
[269.046s][info][gc,heap     ] GC(132)   Garbage:         -              2695M (66%)          17M (0%)            3M (0%)             -                  -          
[269.046s][info][gc,heap     ] GC(132) Reclaimed:         -                  -              2678M (65%)        2692M (66%)            -                  -          
[269.046s][info][gc          ] GC(132) Garbage Collection (System.gc()) 2702M(66%)->10M(0%)
[270.186s][info][gc,stats    ] === Garbage Collection Statistics =======================================================================================================================
[270.186s][info][gc,stats    ]                                                              Last 10s              Last 10m              Last 10h                Total
[270.186s][info][gc,stats    ]                                                              Avg / Max             Avg / Max             Avg / Max             Avg / Max
[270.186s][info][gc,stats    ]   Collector: Garbage Collection Cycle                     30.153 / 69.908       34.329 / 113.591      34.329 / 113.591      34.329 / 113.591     ms
[270.186s][info][gc,stats    ]  Contention: Mark Segment Reset Contention                     0 / 2                 0 / 3                 0 / 3                 0 / 3           ops/s
[270.186s][info][gc,stats    ]  Contention: Mark SeqNum Reset Contention                      0 / 0                 0 / 1                 0 / 1                 0 / 1           ops/s
[270.186s][info][gc,stats    ]    Critical: Allocation Stall                                  0 / 0                 0 / 0                 0 / 0                 0 / 0           ops/s
[270.186s][info][gc,stats    ]    Critical: Allocation Stall                              0.000 / 0.000         0.000 / 0.000         0.000 / 0.000         0.000 / 0.000       ms
[270.186s][info][gc,stats    ]    Critical: GC Locker Stall                                   0 / 0                 0 / 0                 0 / 0                 0 / 0           ops/s
[270.186s][info][gc,stats    ]    Critical: GC Locker Stall                               0.000 / 0.000         0.000 / 0.000         0.000 / 0.000         0.000 / 0.000       ms
[270.186s][info][gc,stats    ]    Critical: Relocation Stall                                  0 / 0                 0 / 0                 0 / 0                 0 / 0           ops/s
[270.186s][info][gc,stats    ]    Critical: Relocation Stall                              0.000 / 0.000         0.000 / 0.000         0.000 / 0.000         0.000 / 0.000       ms
[270.186s][info][gc,stats    ]      Memory: Allocation Rate                                 902 / 1358            968 / 1380            968 / 1380            968 / 1380        MB/s
[270.186s][info][gc,stats    ]      Memory: Out Of Memory                                     0 / 0                 0 / 0                 0 / 0                 0 / 0           ops/s
[270.186s][info][gc,stats    ]      Memory: Page Cache Flush                                  0 / 0                 0 / 0                 0 / 0                 0 / 0           MB/s
[270.186s][info][gc,stats    ]      Memory: Page Cache Hit L1                               447 / 667             476 / 690             476 / 690             476 / 690         ops/s
[270.186s][info][gc,stats    ]      Memory: Page Cache Hit L2                                 0 / 0                 0 / 0                 0 / 0                 0 / 0           ops/s
[270.186s][info][gc,stats    ]      Memory: Page Cache Hit L3                                 0 / 0                 4 / 392               4 / 392               4 / 392         ops/s
[270.186s][info][gc,stats    ]      Memory: Page Cache Miss                                   0 / 0                 0 / 1                 0 / 1                 0 / 1           ops/s
[270.186s][info][gc,stats    ]      Memory: Uncommit                                          0 / 0                 0 / 0                 0 / 0                 0 / 0           MB/s
[270.186s][info][gc,stats    ]      Memory: Undo Object Allocation Failed                     0 / 0                 0 / 0                 0 / 0                 0 / 0           ops/s
[270.186s][info][gc,stats    ]      Memory: Undo Object Allocation Succeeded                  0 / 0                 0 / 140               0 / 140               0 / 140         ops/s
[270.186s][info][gc,stats    ]      Memory: Undo Page Allocation                              0 / 0                 0 / 0                 0 / 0                 0 / 0           ops/s
[270.186s][info][gc,stats    ]       Phase: Concurrent Mark                              19.918 / 46.489       22.061 / 78.232       22.061 / 78.232       22.061 / 78.232      ms
[270.186s][info][gc,stats    ]       Phase: Concurrent Mark Continue                      0.000 / 0.000         0.000 / 0.000         0.000 / 0.000         0.000 / 0.000       ms
[270.186s][info][gc,stats    ]       Phase: Concurrent Mark Free                          0.002 / 0.003         0.002 / 0.003         0.002 / 0.003         0.002 / 0.003       ms
[270.186s][info][gc,stats    ]       Phase: Concurrent Process Non-Strong References      3.316 / 4.093         2.979 / 4.781         2.979 / 4.781         2.979 / 4.781       ms
[270.187s][info][gc,stats    ]       Phase: Concurrent Relocate                           3.650 / 15.319        5.660 / 38.786        5.660 / 38.786        5.660 / 38.786      ms
[270.187s][info][gc,stats    ]       Phase: Concurrent Reset Relocation Set               0.003 / 0.008         0.003 / 0.008         0.003 / 0.008         0.003 / 0.008       ms
[270.187s][info][gc,stats    ]       Phase: Concurrent Select Relocation Set              2.469 / 4.304         2.734 / 7.858         2.734 / 7.858         2.734 / 7.858       ms
[270.187s][info][gc,stats    ]       Phase: Pause Mark End                                0.019 / 0.021         0.016 / 0.031         0.016 / 0.031         0.016 / 0.031       ms
[270.187s][info][gc,stats    ]       Phase: Pause Mark Start                              0.008 / 0.014         0.008 / 0.027         0.008 / 0.027         0.008 / 0.027       ms
[270.187s][info][gc,stats    ]       Phase: Pause Relocate Start                          0.010 / 0.010         0.010 / 0.022         0.010 / 0.022         0.010 / 0.022       ms
[270.187s][info][gc,stats    ]    Subphase: Concurrent Classes Purge                      0.151 / 0.215         0.138 / 0.219         0.138 / 0.219         0.138 / 0.219       ms
[270.187s][info][gc,stats    ]    Subphase: Concurrent Classes Unlink                     2.621 / 3.163         2.285 / 3.817         2.285 / 3.817         2.285 / 3.817       ms
[270.187s][info][gc,stats    ]    Subphase: Concurrent Mark                              14.445 / 45.797       17.059 / 77.416       17.059 / 77.416       17.059 / 77.416      ms
[270.187s][info][gc,stats    ]    Subphase: Concurrent Mark Try Flush                     0.068 / 0.168         0.085 / 0.514         0.085 / 0.514         0.085 / 0.514       ms
[270.187s][info][gc,stats    ]    Subphase: Concurrent Mark Try Terminate                 3.682 / 15.745        3.385 / 17.130        3.385 / 17.130        3.385 / 17.130      ms
[270.187s][info][gc,stats    ]    Subphase: Concurrent References Enqueue                 0.006 / 0.006         0.006 / 0.009         0.006 / 0.009         0.006 / 0.009       ms
[270.187s][info][gc,stats    ]    Subphase: Concurrent References Process                 0.178 / 0.245         0.152 / 0.251         0.152 / 0.251         0.152 / 0.251       ms
[270.187s][info][gc,stats    ]    Subphase: Concurrent Roots ClassLoaderDataGraph         0.062 / 0.184         0.058 / 0.243         0.058 / 0.243         0.058 / 0.243       ms
[270.187s][info][gc,stats    ]    Subphase: Concurrent Roots CodeCache                    0.000 / 0.000         0.000 / 0.000         0.000 / 0.000         0.000 / 0.000       ms
[270.187s][info][gc,stats    ]    Subphase: Concurrent Roots JavaThreads                  0.265 / 0.527         0.263 / 0.762         0.263 / 0.762         0.263 / 0.762       ms
[270.187s][info][gc,stats    ]    Subphase: Concurrent Roots OopStorageSet                0.014 / 0.032         0.014 / 0.052         0.014 / 0.052         0.014 / 0.052       ms
[270.187s][info][gc,stats    ]    Subphase: Concurrent Weak Roots OopStorageSet           0.179 / 0.238         0.196 / 0.396         0.196 / 0.396         0.196 / 0.396       ms
[270.187s][info][gc,stats    ]    Subphase: Pause Mark Try Complete                       0.000 / 0.000         0.000 / 0.000         0.000 / 0.000         0.000 / 0.000       ms
[270.187s][info][gc,stats    ]      System: Java Threads                                     12 / 12               12 / 13               12 / 13               12 / 13          threads
[270.187s][info][gc,stats    ] =========================================================================================================================================================
[271.920s][info][gc,start    ] GC(133) Garbage Collection (System.gc())
[271.920s][info][gc,task     ] GC(133) Using 2 workers
[271.920s][info][gc,phases   ] GC(133) Pause Mark Start 0.007ms
[271.929s][info][gc,phases   ] GC(133) Concurrent Mark 9.253ms
[271.930s][info][gc,phases   ] GC(133) Pause Mark End 0.024ms
[271.930s][info][gc,phases   ] GC(133) Concurrent Mark Free 0.003ms
[271.933s][info][gc,phases   ] GC(133) Concurrent Process Non-Strong References 3.363ms
[271.933s][info][gc,phases   ] GC(133) Concurrent Reset Relocation Set 0.001ms
[271.934s][info][gc,phases   ] GC(133) Concurrent Select Relocation Set 1.266ms
[271.935s][info][gc,phases   ] GC(133) Pause Relocate Start 0.007ms
[271.935s][info][gc,phases   ] GC(133) Concurrent Relocate 0.730ms
[271.935s][info][gc,load     ] GC(133) Load: 0.00/0.00/0.00
[271.935s][info][gc,mmu      ] GC(133) MMU: 2ms/98.5%, 5ms/99.3%, 10ms/99.5%, 20ms/99.8%, 50ms/99.9%, 100ms/99.9%
[271.935s][info][gc,marking  ] GC(133) Mark: 2 stripe(s), 1 proactive flush(es), 1 terminate flush(es), 0 completion(s), 0 continuation(s) 
[271.935s][info][gc,marking  ] GC(133) Mark Stack Usage: 32M
[271.935s][info][gc,nmethod  ] GC(133) NMethods: 3087 registered, 0 unregistered
[271.935s][info][gc,metaspace] GC(133) Metaspace: 14M used, 14M committed, 1088M reserved
[271.935s][info][gc,ref      ] GC(133) Soft: 378 encountered, 0 discovered, 0 enqueued
[271.935s][info][gc,ref      ] GC(133) Weak: 939 encountered, 700 discovered, 8 enqueued
[271.935s][info][gc,ref      ] GC(133) Final: 0 encountered, 0 discovered, 0 enqueued
[271.935s][info][gc,ref      ] GC(133) Phantom: 36 encountered, 16 discovered, 0 enqueued
[271.935s][info][gc,reloc    ] GC(133) Small Pages: 1335 / 2670M, Empty: 2650M, Relocated: 0M, In-Place: 0
[271.935s][info][gc,reloc    ] GC(133) Medium Pages: 1 / 32M, Empty: 32M, Relocated: 0M, In-Place: 0
[271.935s][info][gc,reloc    ] GC(133) Large Pages: 0 / 0M, Empty: 0M, Relocated: 0M, In-Place: 0
[271.935s][info][gc,reloc    ] GC(133) Forwarding Usage: 0M
[271.935s][info][gc,heap     ] GC(133) Min Capacity: 4096M(100%)
[271.935s][info][gc,heap     ] GC(133) Max Capacity: 4096M(100%)
[271.935s][info][gc,heap     ] GC(133) Soft Max Capacity: 4096M(100%)
[271.935s][info][gc,heap     ] GC(133)                Mark Start          Mark End        Relocate Start      Relocate End           High               Low         
[271.935s][info][gc,heap     ] GC(133)  Capacity:     4096M (100%)       4096M (100%)       4096M (100%)       4096M (100%)       4096M (100%)       4096M (100%)   
[271.935s][info][gc,heap     ] GC(133)      Free:     1394M (34%)        1394M (34%)        4076M (100%)       4086M (100%)       4086M (100%)       1394M (34%)    
[271.936s][info][gc,heap     ] GC(133)      Used:     2702M (66%)        2702M (66%)          20M (0%)           10M (0%)         2702M (66%)          10M (0%)     
[271.936s][info][gc,heap     ] GC(133)      Live:         -                 6M (0%)            6M (0%)            6M (0%)             -                  -          
[271.936s][info][gc,heap     ] GC(133) Allocated:         -                 0M (0%)            0M (0%)            0M (0%)             -                  -          
[271.936s][info][gc,heap     ] GC(133)   Garbage:         -              2695M (66%)          13M (0%)            3M (0%)             -                  -          
[271.936s][info][gc,heap     ] GC(133) Reclaimed:         -                  -              2682M (65%)        2692M (66%)            -                  -          
[271.936s][info][gc          ] GC(133) Garbage Collection (System.gc()) 2702M(66%)->10M(0%)
[274.174s][info][gc,start    ] GC(134) Garbage Collection (Proactive)
[274.174s][info][gc,task     ] GC(134) Using 2 workers
[274.174s][info][gc,phases   ] GC(134) Pause Mark Start 0.011ms
[274.206s][info][gc,phases   ] GC(134) Concurrent Mark 31.162ms
[274.206s][info][gc,phases   ] GC(134) Pause Mark End 0.013ms
[274.206s][info][gc,phases   ] GC(134) Concurrent Mark Free 0.001ms
[274.208s][info][gc,phases   ] GC(134) Concurrent Process Non-Strong References 2.634ms
[274.208s][info][gc,phases   ] GC(134) Concurrent Reset Relocation Set 0.001ms
[274.212s][info][gc,phases   ] GC(134) Concurrent Select Relocation Set 3.840ms
[274.212s][info][gc,phases   ] GC(134) Pause Relocate Start 0.010ms
[274.227s][info][gc,phases   ] GC(134) Concurrent Relocate 14.997ms
[274.228s][info][gc,load     ] GC(134) Load: 0.00/0.00/0.00
[274.228s][info][gc,mmu      ] GC(134) MMU: 2ms/98.5%, 5ms/99.3%, 10ms/99.5%, 20ms/99.8%, 50ms/99.9%, 100ms/99.9%
[274.228s][info][gc,marking  ] GC(134) Mark: 2 stripe(s), 2 proactive flush(es), 1 terminate flush(es), 0 completion(s), 0 continuation(s) 
[274.228s][info][gc,marking  ] GC(134) Mark Stack Usage: 32M
[274.228s][info][gc,nmethod  ] GC(134) NMethods: 3088 registered, 0 unregistered
[274.228s][info][gc,metaspace] GC(134) Metaspace: 14M used, 14M committed, 1088M reserved
[274.228s][info][gc,ref      ] GC(134) Soft: 378 encountered, 0 discovered, 0 enqueued
[274.228s][info][gc,ref      ] GC(134) Weak: 937 encountered, 584 discovered, 7 enqueued
[274.228s][info][gc,ref      ] GC(134) Final: 0 encountered, 0 discovered, 0 enqueued
[274.228s][info][gc,ref      ] GC(134) Phantom: 36 encountered, 20 discovered, 0 enqueued
[274.228s][info][gc,reloc    ] GC(134) Small Pages: 716 / 1432M, Empty: 1330M, Relocated: 22M, In-Place: 0
[274.228s][info][gc,reloc    ] GC(134) Medium Pages: 1 / 32M, Empty: 0M, Relocated: 0M, In-Place: 0
[274.228s][info][gc,reloc    ] GC(134) Large Pages: 0 / 0M, Empty: 0M, Relocated: 0M, In-Place: 0
[274.228s][info][gc,reloc    ] GC(134) Forwarding Usage: 14M
[274.228s][info][gc,heap     ] GC(134) Min Capacity: 4096M(100%)
[274.228s][info][gc,heap     ] GC(134) Max Capacity: 4096M(100%)
[274.228s][info][gc,heap     ] GC(134) Soft Max Capacity: 4096M(100%)
[274.228s][info][gc,heap     ] GC(134)                Mark Start          Mark End        Relocate Start      Relocate End           High               Low         
[274.228s][info][gc,heap     ] GC(134)  Capacity:     4096M (100%)       4096M (100%)       4096M (100%)       4096M (100%)       4096M (100%)       4096M (100%)   
[274.228s][info][gc,heap     ] GC(134)      Free:     2632M (64%)        2630M (64%)        3960M (97%)        4022M (98%)        4022M (98%)        2630M (64%)    
[274.228s][info][gc,heap     ] GC(134)      Used:     1464M (36%)        1466M (36%)         136M (3%)           74M (2%)         1466M (36%)          74M (2%)     
[274.228s][info][gc,heap     ] GC(134)      Live:         -                37M (1%)           37M (1%)           37M (1%)             -                  -          
[274.228s][info][gc,heap     ] GC(134) Allocated:         -                 2M (0%)            2M (0%)            1M (0%)             -                  -          
[274.228s][info][gc,heap     ] GC(134)   Garbage:         -              1426M (35%)          96M (2%)           35M (1%)             -                  -          
[274.228s][info][gc,heap     ] GC(134) Reclaimed:         -                  -              1330M (32%)        1391M (34%)            -                  -          
[274.228s][info][gc          ] GC(134) Garbage Collection (Proactive) 1464M(36%)->74M(2%)
[274.792s][info][gc,start    ] GC(135) Garbage Collection (System.gc())
[274.793s][info][gc,task     ] GC(135) Using 2 workers
[274.793s][info][gc,phases   ] GC(135) Pause Mark Start 0.006ms
[274.802s][info][gc,phases   ] GC(135) Concurrent Mark 9.810ms
[274.803s][info][gc,phases   ] GC(135) Pause Mark End 0.024ms
[274.803s][info][gc,phases   ] GC(135) Concurrent Mark Free 0.001ms
[274.806s][info][gc,phases   ] GC(135) Concurrent Process Non-Strong References 3.557ms
[274.806s][info][gc,phases   ] GC(135) Concurrent Reset Relocation Set 0.004ms
[274.809s][info][gc,phases   ] GC(135) Concurrent Select Relocation Set 2.590ms
[274.809s][info][gc,phases   ] GC(135) Pause Relocate Start 0.015ms
[274.810s][info][gc,phases   ] GC(135) Concurrent Relocate 0.763ms
[274.810s][info][gc,load     ] GC(135) Load: 0.00/0.00/0.00
[274.810s][info][gc,mmu      ] GC(135) MMU: 2ms/98.5%, 5ms/99.3%, 10ms/99.5%, 20ms/99.8%, 50ms/99.9%, 100ms/99.9%
[274.810s][info][gc,marking  ] GC(135) Mark: 2 stripe(s), 3 proactive flush(es), 1 terminate flush(es), 0 completion(s), 0 continuation(s) 
[274.810s][info][gc,marking  ] GC(135) Mark Stack Usage: 32M
[274.810s][info][gc,nmethod  ] GC(135) NMethods: 3088 registered, 0 unregistered
[274.810s][info][gc,metaspace] GC(135) Metaspace: 14M used, 14M committed, 1088M reserved
[274.810s][info][gc,ref      ] GC(135) Soft: 378 encountered, 0 discovered, 0 enqueued
[274.810s][info][gc,ref      ] GC(135) Weak: 933 encountered, 683 discovered, 2 enqueued
[274.810s][info][gc,ref      ] GC(135) Final: 0 encountered, 0 discovered, 0 enqueued
[274.810s][info][gc,ref      ] GC(135) Phantom: 36 encountered, 16 discovered, 0 enqueued
[274.810s][info][gc,reloc    ] GC(135) Small Pages: 639 / 1278M, Empty: 1258M, Relocated: 0M, In-Place: 0
[274.810s][info][gc,reloc    ] GC(135) Medium Pages: 1 / 32M, Empty: 32M, Relocated: 0M, In-Place: 0
[274.810s][info][gc,reloc    ] GC(135) Large Pages: 0 / 0M, Empty: 0M, Relocated: 0M, In-Place: 0
[274.810s][info][gc,reloc    ] GC(135) Forwarding Usage: 0M
[274.810s][info][gc,heap     ] GC(135) Min Capacity: 4096M(100%)
[274.810s][info][gc,heap     ] GC(135) Max Capacity: 4096M(100%)
[274.810s][info][gc,heap     ] GC(135) Soft Max Capacity: 4096M(100%)
[274.810s][info][gc,heap     ] GC(135)                Mark Start          Mark End        Relocate Start      Relocate End           High               Low         
[274.810s][info][gc,heap     ] GC(135)  Capacity:     4096M (100%)       4096M (100%)       4096M (100%)       4096M (100%)       4096M (100%)       4096M (100%)   
[274.810s][info][gc,heap     ] GC(135)      Free:     2786M (68%)        2786M (68%)        4076M (100%)       4086M (100%)       4086M (100%)       2786M (68%)    
[274.810s][info][gc,heap     ] GC(135)      Used:     1310M (32%)        1310M (32%)          20M (0%)           10M (0%)         1310M (32%)          10M (0%)     
[274.810s][info][gc,heap     ] GC(135)      Live:         -                 6M (0%)            6M (0%)            6M (0%)             -                  -          
[274.810s][info][gc,heap     ] GC(135) Allocated:         -                 0M (0%)            0M (0%)            0M (0%)             -                  -          
[274.810s][info][gc,heap     ] GC(135)   Garbage:         -              1303M (32%)          13M (0%)            3M (0%)             -                  -          
[274.810s][info][gc,heap     ] GC(135) Reclaimed:         -                  -              1290M (31%)        1300M (32%)            -                  -          
[274.810s][info][gc          ] GC(135) Garbage Collection (System.gc()) 1310M(32%)->10M(0%)
[277.705s][info][gc,heap,exit] Heap
[277.705s][info][gc,heap,exit]  ZHeap           used 2708M, capacity 4096M, max capacity 4096M
[277.705s][info][gc,heap,exit]  Metaspace       used 14986K, committed 15296K, reserved 1114112K
[277.705s][info][gc,heap,exit]   class space    used 1990K, committed 2112K, reserved 1048576K
