[0.007s][info][gc,init] CardTable entry size: 512
[0.007s][info][gc     ] Using Serial
[0.011s][info][gc,init] Version: 21.0.4+7-adhoc.Administrator.jdk21u (release)
[0.011s][info][gc,init] CPUs: 6 total, 6 available
[0.011s][info][gc,init] Memory: 15591M
[0.011s][info][gc,init] Large Page Support: Disabled
[0.011s][info][gc,init] NUMA Support: Disabled
[0.012s][info][gc,init] Compressed Oops: Enabled (32-bit)
[0.012s][info][gc,init] Heap Min Capacity: 2G
[0.012s][info][gc,init] Heap Initial Capacity: 2G
[0.012s][info][gc,init] Heap Max Capacity: 2G
[0.012s][info][gc,init] Pre-touch: Disabled
[0.021s][info][gc,metaspace] CDS archive(s) mapped at: [0x000001911d000000-0x000001911dc90000-0x000001911dc90000), size 13172736, SharedBaseAddress: 0x000001911d000000, ArchiveRelocationMode: 1.
[0.022s][info][gc,metaspace] Compressed class space mapped at: 0x000001911e000000-0x000001915e000000, reserved size: 1073741824
[0.022s][info][gc,metaspace] Narrow klass base: 0x000001911d000000, Narrow klass shift: 0, Narrow klass range: 0x100000000
[0.934s][info][gc,start    ] GC(0) Pause Full (System.gc())
[0.934s][info][gc,phases,start] GC(0) Phase 1: Mark live objects
[0.986s][info][gc,phases      ] GC(0) Phase 1: Mark live objects 52.466ms
[0.986s][info][gc,phases,start] GC(0) Phase 2: Compute new object addresses
[1.022s][info][gc,phases      ] GC(0) Phase 2: Compute new object addresses 35.991ms
[1.022s][info][gc,phases,start] GC(0) Phase 3: Adjust pointers
[1.049s][info][gc,phases      ] GC(0) Phase 3: Adjust pointers 26.493ms
[1.049s][info][gc,phases,start] GC(0) Phase 4: Move objects
[1.095s][info][gc,phases      ] GC(0) Phase 4: Move objects 46.298ms
[1.096s][info][gc,heap        ] GC(0) DefNew: 269844K(629120K)->0K(629120K) Eden: 269844K(559232K)->0K(559232K) From: 0K(69888K)->0K(69888K)
[1.096s][info][gc,heap        ] GC(0) Tenured: 0K(1398144K)->83969K(1398144K)
[1.096s][info][gc,metaspace   ] GC(0) Metaspace: 8635K(8832K)->8635K(8832K) NonClass: 7509K(7616K)->7509K(7616K) Class: 1126K(1216K)->1126K(1216K)
[1.096s][info][gc             ] GC(0) Pause Full (System.gc()) 263M->82M(1979M) 162.302ms
[1.096s][info][gc,cpu         ] GC(0) User=0.11s Sys=0.02s Real=0.16s
[1.479s][info][gc,start       ] GC(1) Pause Young (Allocation Failure)
[1.481s][info][gc,heap        ] GC(1) DefNew: 559232K(629120K)->1193K(629120K) Eden: 559232K(559232K)->0K(559232K) From: 0K(69888K)->1193K(69888K)
[1.481s][info][gc,heap        ] GC(1) Tenured: 83969K(1398144K)->83969K(1398144K)
[1.481s][info][gc,metaspace   ] GC(1) Metaspace: 11682K(11968K)->11682K(11968K) NonClass: 10154K(10304K)->10154K(10304K) Class: 1527K(1664K)->1527K(1664K)
[1.481s][info][gc             ] GC(1) Pause Young (Allocation Failure) 628M->83M(1979M) 2.570ms
[1.481s][info][gc,cpu         ] GC(1) User=0.00s Sys=0.00s Real=0.00s
[1.627s][info][gc,start       ] GC(2) Pause Young (Allocation Failure)
[1.630s][info][gc,heap        ] GC(2) DefNew: 560425K(629120K)->3267K(629120K) Eden: 559232K(559232K)->0K(559232K) From: 1193K(69888K)->3267K(69888K)
[1.630s][info][gc,heap        ] GC(2) Tenured: 83969K(1398144K)->83969K(1398144K)
[1.630s][info][gc,metaspace   ] GC(2) Metaspace: 11683K(11968K)->11683K(11968K) NonClass: 10156K(10304K)->10156K(10304K) Class: 1527K(1664K)->1527K(1664K)
[1.630s][info][gc             ] GC(2) Pause Young (Allocation Failure) 629M->85M(1979M) 2.521ms
[1.630s][info][gc,cpu         ] GC(2) User=0.00s Sys=0.00s Real=0.00s
[1.767s][info][gc,start       ] GC(3) Pause Young (Allocation Failure)
[1.770s][info][gc,heap        ] GC(3) DefNew: 562429K(629120K)->3562K(629120K) Eden: 559161K(559232K)->0K(559232K) From: 3267K(69888K)->3562K(69888K)
[1.770s][info][gc,heap        ] GC(3) Tenured: 83969K(1398144K)->83969K(1398144K)
[1.770s][info][gc,metaspace   ] GC(3) Metaspace: 11683K(11968K)->11683K(11968K) NonClass: 10156K(10304K)->10156K(10304K) Class: 1527K(1664K)->1527K(1664K)
[1.770s][info][gc             ] GC(3) Pause Young (Allocation Failure) 631M->85M(1979M) 2.336ms
[1.770s][info][gc,cpu         ] GC(3) User=0.00s Sys=0.00s Real=0.00s
[1.919s][info][gc,start       ] GC(4) Pause Young (Allocation Failure)
[1.920s][info][gc,heap        ] GC(4) DefNew: 562794K(629120K)->1521K(629120K) Eden: 559232K(559232K)->0K(559232K) From: 3562K(69888K)->1521K(69888K)
[1.920s][info][gc,heap        ] GC(4) Tenured: 83969K(1398144K)->83969K(1398144K)
[1.920s][info][gc,metaspace   ] GC(4) Metaspace: 11684K(11968K)->11684K(11968K) NonClass: 10157K(10304K)->10157K(10304K) Class: 1527K(1664K)->1527K(1664K)
[1.920s][info][gc             ] GC(4) Pause Young (Allocation Failure) 631M->83M(1979M) 1.189ms
[1.920s][info][gc,cpu         ] GC(4) User=0.00s Sys=0.00s Real=0.00s
[2.059s][info][gc,start       ] GC(5) Pause Young (Allocation Failure)
[2.060s][info][gc,heap        ] GC(5) DefNew: 560753K(629120K)->1272K(629120K) Eden: 559232K(559232K)->0K(559232K) From: 1521K(69888K)->1272K(69888K)
[2.060s][info][gc,heap        ] GC(5) Tenured: 83969K(1398144K)->83969K(1398144K)
[2.060s][info][gc,metaspace   ] GC(5) Metaspace: 11695K(11968K)->11695K(11968K) NonClass: 10168K(10304K)->10168K(10304K) Class: 1527K(1664K)->1527K(1664K)
[2.060s][info][gc             ] GC(5) Pause Young (Allocation Failure) 629M->83M(1979M) 1.105ms
[2.060s][info][gc,cpu         ] GC(5) User=0.00s Sys=0.00s Real=0.00s
[2.199s][info][gc,start       ] GC(6) Pause Young (Allocation Failure)
[2.200s][info][gc,heap        ] GC(6) DefNew: 560504K(629120K)->1803K(629120K) Eden: 559232K(559232K)->0K(559232K) From: 1272K(69888K)->1803K(69888K)
[2.200s][info][gc,heap        ] GC(6) Tenured: 83969K(1398144K)->83969K(1398144K)
[2.200s][info][gc,metaspace   ] GC(6) Metaspace: 11696K(11968K)->11696K(11968K) NonClass: 10169K(10304K)->10169K(10304K) Class: 1527K(1664K)->1527K(1664K)
[2.200s][info][gc             ] GC(6) Pause Young (Allocation Failure) 629M->83M(1979M) 1.310ms
[2.200s][info][gc,cpu         ] GC(6) User=0.00s Sys=0.00s Real=0.00s
[2.334s][info][gc,start       ] GC(7) Pause Young (Allocation Failure)
[2.336s][info][gc,heap        ] GC(7) DefNew: 561035K(629120K)->2119K(629120K) Eden: 559232K(559232K)->0K(559232K) From: 1803K(69888K)->2119K(69888K)
[2.336s][info][gc,heap        ] GC(7) Tenured: 83969K(1398144K)->83969K(1398144K)
[2.336s][info][gc,metaspace   ] GC(7) Metaspace: 11696K(11968K)->11696K(11968K) NonClass: 10169K(10304K)->10169K(10304K) Class: 1527K(1664K)->1527K(1664K)
[2.336s][info][gc             ] GC(7) Pause Young (Allocation Failure) 629M->84M(1979M) 1.399ms
[2.336s][info][gc,cpu         ] GC(7) User=0.00s Sys=0.00s Real=0.00s
[2.478s][info][gc,start       ] GC(8) Pause Young (Allocation Failure)
[2.479s][info][gc,heap        ] GC(8) DefNew: 561351K(629120K)->2722K(629120K) Eden: 559232K(559232K)->0K(559232K) From: 2119K(69888K)->2722K(69888K)
[2.479s][info][gc,heap        ] GC(8) Tenured: 83969K(1398144K)->83969K(1398144K)
[2.479s][info][gc,metaspace   ] GC(8) Metaspace: 11696K(11968K)->11696K(11968K) NonClass: 10169K(10304K)->10169K(10304K) Class: 1527K(1664K)->1527K(1664K)
[2.479s][info][gc             ] GC(8) Pause Young (Allocation Failure) 630M->84M(1979M) 1.630ms
[2.479s][info][gc,cpu         ] GC(8) User=0.00s Sys=0.00s Real=0.00s
[2.613s][info][gc,start       ] GC(9) Pause Young (Allocation Failure)
[2.615s][info][gc,heap        ] GC(9) DefNew: 561954K(629120K)->2912K(629120K) Eden: 559232K(559232K)->0K(559232K) From: 2722K(69888K)->2912K(69888K)
[2.615s][info][gc,heap        ] GC(9) Tenured: 83969K(1398144K)->83969K(1398144K)
[2.615s][info][gc,metaspace   ] GC(9) Metaspace: 11696K(11968K)->11696K(11968K) NonClass: 10169K(10304K)->10169K(10304K) Class: 1527K(1664K)->1527K(1664K)
[2.615s][info][gc             ] GC(9) Pause Young (Allocation Failure) 630M->84M(1979M) 1.742ms
[2.615s][info][gc,cpu         ] GC(9) User=0.00s Sys=0.00s Real=0.00s
[2.752s][info][gc,start       ] GC(10) Pause Young (Allocation Failure)
[2.753s][info][gc,heap        ] GC(10) DefNew: 562144K(629120K)->3405K(629120K) Eden: 559232K(559232K)->0K(559232K) From: 2912K(69888K)->3405K(69888K)
[2.753s][info][gc,heap        ] GC(10) Tenured: 83969K(1398144K)->83969K(1398144K)
[2.753s][info][gc,metaspace   ] GC(10) Metaspace: 11696K(11968K)->11696K(11968K) NonClass: 10169K(10304K)->10169K(10304K) Class: 1527K(1664K)->1527K(1664K)
[2.753s][info][gc             ] GC(10) Pause Young (Allocation Failure) 630M->85M(1979M) 1.934ms
[2.753s][info][gc,cpu         ] GC(10) User=0.00s Sys=0.00s Real=0.00s
[2.888s][info][gc,start       ] GC(11) Pause Young (Allocation Failure)
[2.890s][info][gc,heap        ] GC(11) DefNew: 562579K(629120K)->3443K(629120K) Eden: 559174K(559232K)->0K(559232K) From: 3405K(69888K)->3443K(69888K)
[2.890s][info][gc,heap        ] GC(11) Tenured: 83969K(1398144K)->83969K(1398144K)
[2.890s][info][gc,metaspace   ] GC(11) Metaspace: 11696K(11968K)->11696K(11968K) NonClass: 10169K(10304K)->10169K(10304K) Class: 1527K(1664K)->1527K(1664K)
[2.890s][info][gc             ] GC(11) Pause Young (Allocation Failure) 631M->85M(1979M) 1.817ms
[2.890s][info][gc,cpu         ] GC(11) User=0.00s Sys=0.00s Real=0.00s
[3.024s][info][gc,start       ] GC(12) Pause Young (Allocation Failure)
[3.026s][info][gc,heap        ] GC(12) DefNew: 562675K(629120K)->4148K(629120K) Eden: 559232K(559232K)->0K(559232K) From: 3443K(69888K)->4148K(69888K)
[3.026s][info][gc,heap        ] GC(12) Tenured: 83969K(1398144K)->83969K(1398144K)
[3.026s][info][gc,metaspace   ] GC(12) Metaspace: 11696K(11968K)->11696K(11968K) NonClass: 10169K(10304K)->10169K(10304K) Class: 1527K(1664K)->1527K(1664K)
[3.026s][info][gc             ] GC(12) Pause Young (Allocation Failure) 631M->86M(1979M) 2.286ms
[3.026s][info][gc,cpu         ] GC(12) User=0.00s Sys=0.00s Real=0.00s
[3.164s][info][gc,start       ] GC(13) Pause Young (Allocation Failure)
[3.165s][info][gc,heap        ] GC(13) DefNew: 563380K(629120K)->1565K(629120K) Eden: 559232K(559232K)->0K(559232K) From: 4148K(69888K)->1565K(69888K)
[3.165s][info][gc,heap        ] GC(13) Tenured: 83969K(1398144K)->83969K(1398144K)
[3.165s][info][gc,metaspace   ] GC(13) Metaspace: 11696K(11968K)->11696K(11968K) NonClass: 10169K(10304K)->10169K(10304K) Class: 1527K(1664K)->1527K(1664K)
[3.165s][info][gc             ] GC(13) Pause Young (Allocation Failure) 632M->83M(1979M) 1.223ms
[3.165s][info][gc,cpu         ] GC(13) User=0.00s Sys=0.00s Real=0.00s
[3.301s][info][gc,start       ] GC(14) Pause Young (Allocation Failure)
[3.303s][info][gc,heap        ] GC(14) DefNew: 560797K(629120K)->1842K(629120K) Eden: 559232K(559232K)->0K(559232K) From: 1565K(69888K)->1842K(69888K)
[3.303s][info][gc,heap        ] GC(14) Tenured: 83969K(1398144K)->83969K(1398144K)
[3.303s][info][gc,metaspace   ] GC(14) Metaspace: 11696K(11968K)->11696K(11968K) NonClass: 10169K(10304K)->10169K(10304K) Class: 1527K(1664K)->1527K(1664K)
[3.303s][info][gc             ] GC(14) Pause Young (Allocation Failure) 629M->83M(1979M) 1.330ms
[3.303s][info][gc,cpu         ] GC(14) User=0.00s Sys=0.00s Real=0.00s
[3.438s][info][gc,start       ] GC(15) Pause Young (Allocation Failure)
[3.440s][info][gc,heap        ] GC(15) DefNew: 561074K(629120K)->2093K(629120K) Eden: 559232K(559232K)->0K(559232K) From: 1842K(69888K)->2093K(69888K)
[3.440s][info][gc,heap        ] GC(15) Tenured: 83969K(1398144K)->83969K(1398144K)
[3.440s][info][gc,metaspace   ] GC(15) Metaspace: 11697K(11968K)->11697K(11968K) NonClass: 10170K(10304K)->10170K(10304K) Class: 1527K(1664K)->1527K(1664K)
[3.440s][info][gc             ] GC(15) Pause Young (Allocation Failure) 629M->84M(1979M) 1.422ms
[3.440s][info][gc,cpu         ] GC(15) User=0.00s Sys=0.00s Real=0.00s
[3.578s][info][gc,start       ] GC(16) Pause Young (Allocation Failure)
[3.580s][info][gc,heap        ] GC(16) DefNew: 561325K(629120K)->1332K(629120K) Eden: 559232K(559232K)->0K(559232K) From: 2093K(69888K)->1332K(69888K)
[3.580s][info][gc,heap        ] GC(16) Tenured: 83969K(1398144K)->85084K(1398144K)
[3.580s][info][gc,metaspace   ] GC(16) Metaspace: 11697K(11968K)->11697K(11968K) NonClass: 10170K(10304K)->10170K(10304K) Class: 1527K(1664K)->1527K(1664K)
[3.580s][info][gc             ] GC(16) Pause Young (Allocation Failure) 630M->84M(1979M) 1.811ms
[3.580s][info][gc,cpu         ] GC(16) User=0.00s Sys=0.00s Real=0.00s
[3.716s][info][gc,start       ] GC(17) Pause Young (Allocation Failure)
[3.716s][info][gc,heap        ] GC(17) DefNew: 560564K(629120K)->1742K(629120K) Eden: 559232K(559232K)->0K(559232K) From: 1332K(69888K)->1742K(69888K)
[3.716s][info][gc,heap        ] GC(17) Tenured: 85084K(1398144K)->85085K(1398144K)
[3.716s][info][gc,metaspace   ] GC(17) Metaspace: 11697K(11968K)->11697K(11968K) NonClass: 10170K(10304K)->10170K(10304K) Class: 1527K(1664K)->1527K(1664K)
[3.716s][info][gc             ] GC(17) Pause Young (Allocation Failure) 630M->84M(1979M) 0.910ms
[3.716s][info][gc,cpu         ] GC(17) User=0.00s Sys=0.00s Real=0.00s
[3.851s][info][gc,start       ] GC(18) Pause Young (Allocation Failure)
[3.852s][info][gc,heap        ] GC(18) DefNew: 560974K(629120K)->2196K(629120K) Eden: 559232K(559232K)->0K(559232K) From: 1742K(69888K)->2196K(69888K)
[3.852s][info][gc,heap        ] GC(18) Tenured: 85085K(1398144K)->85086K(1398144K)
[3.852s][info][gc,metaspace   ] GC(18) Metaspace: 11697K(11968K)->11697K(11968K) NonClass: 10170K(10304K)->10170K(10304K) Class: 1527K(1664K)->1527K(1664K)
[3.852s][info][gc             ] GC(18) Pause Young (Allocation Failure) 630M->85M(1979M) 0.993ms
[3.852s][info][gc,cpu         ] GC(18) User=0.00s Sys=0.00s Real=0.00s
[3.873s][info][gc,start       ] GC(19) Pause Full (System.gc())
[3.873s][info][gc,phases,start] GC(19) Phase 1: Mark live objects
[3.927s][info][gc,phases      ] GC(19) Phase 1: Mark live objects 53.790ms
[3.927s][info][gc,phases,start] GC(19) Phase 2: Compute new object addresses
[3.954s][info][gc,phases      ] GC(19) Phase 2: Compute new object addresses 26.292ms
[3.954s][info][gc,phases,start] GC(19) Phase 3: Adjust pointers
[3.975s][info][gc,phases      ] GC(19) Phase 3: Adjust pointers 21.082ms
[3.975s][info][gc,phases,start] GC(19) Phase 4: Move objects
[3.975s][info][gc,phases      ] GC(19) Phase 4: Move objects 0.020ms
[3.975s][info][gc,heap        ] GC(19) DefNew: 75539K(629120K)->0K(629120K) Eden: 73342K(559232K)->0K(559232K) From: 2196K(69888K)->0K(69888K)
[3.975s][info][gc,heap        ] GC(19) Tenured: 85086K(1398144K)->85095K(1398144K)
[3.975s][info][gc,metaspace   ] GC(19) Metaspace: 11726K(12032K)->11721K(12032K) NonClass: 10196K(10368K)->10192K(10368K) Class: 1530K(1664K)->1528K(1664K)
[3.975s][info][gc             ] GC(19) Pause Full (System.gc()) 156M->83M(1979M) 101.730ms
[3.975s][info][gc,cpu         ] GC(19) User=0.11s Sys=0.00s Real=0.09s
[4.119s][info][gc,start       ] GC(20) Pause Young (Allocation Failure)
[4.120s][info][gc,heap        ] GC(20) DefNew: 559232K(629120K)->51K(629120K) Eden: 559232K(559232K)->0K(559232K) From: 0K(69888K)->51K(69888K)
[4.120s][info][gc,heap        ] GC(20) Tenured: 85095K(1398144K)->85095K(1398144K)
[4.120s][info][gc,metaspace   ] GC(20) Metaspace: 11721K(12032K)->11721K(12032K) NonClass: 10192K(10368K)->10192K(10368K) Class: 1528K(1664K)->1528K(1664K)
[4.120s][info][gc             ] GC(20) Pause Young (Allocation Failure) 629M->83M(1979M) 0.367ms
[4.120s][info][gc,cpu         ] GC(20) User=0.00s Sys=0.00s Real=0.00s
[4.255s][info][gc,start       ] GC(21) Pause Young (Allocation Failure)
[4.255s][info][gc,heap        ] GC(21) DefNew: 559283K(629120K)->601K(629120K) Eden: 559232K(559232K)->0K(559232K) From: 51K(69888K)->601K(69888K)
[4.255s][info][gc,heap        ] GC(21) Tenured: 85095K(1398144K)->85095K(1398144K)
[4.255s][info][gc,metaspace   ] GC(21) Metaspace: 11721K(12032K)->11721K(12032K) NonClass: 10192K(10368K)->10192K(10368K) Class: 1528K(1664K)->1528K(1664K)
[4.255s][info][gc             ] GC(21) Pause Young (Allocation Failure) 629M->83M(1979M) 0.577ms
[4.255s][info][gc,cpu         ] GC(21) User=0.00s Sys=0.00s Real=0.00s
[4.390s][info][gc,start       ] GC(22) Pause Young (Allocation Failure)
[4.391s][info][gc,heap        ] GC(22) DefNew: 559833K(629120K)->1131K(629120K) Eden: 559232K(559232K)->0K(559232K) From: 601K(69888K)->1131K(69888K)
[4.391s][info][gc,heap        ] GC(22) Tenured: 85095K(1398144K)->85095K(1398144K)
[4.391s][info][gc,metaspace   ] GC(22) Metaspace: 11721K(12032K)->11721K(12032K) NonClass: 10192K(10368K)->10192K(10368K) Class: 1528K(1664K)->1528K(1664K)
[4.391s][info][gc             ] GC(22) Pause Young (Allocation Failure) 629M->84M(1979M) 0.754ms
[4.391s][info][gc,cpu         ] GC(22) User=0.00s Sys=0.00s Real=0.00s
[4.532s][info][gc,start       ] GC(23) Pause Young (Allocation Failure)
[4.533s][info][gc,heap        ] GC(23) DefNew: 560363K(629120K)->1628K(629120K) Eden: 559232K(559232K)->0K(559232K) From: 1131K(69888K)->1628K(69888K)
[4.533s][info][gc,heap        ] GC(23) Tenured: 85095K(1398144K)->85095K(1398144K)
[4.533s][info][gc,metaspace   ] GC(23) Metaspace: 11721K(12032K)->11721K(12032K) NonClass: 10192K(10368K)->10192K(10368K) Class: 1528K(1664K)->1528K(1664K)
[4.533s][info][gc             ] GC(23) Pause Young (Allocation Failure) 630M->84M(1979M) 0.859ms
[4.533s][info][gc,cpu         ] GC(23) User=0.00s Sys=0.00s Real=0.00s
[4.668s][info][gc,start       ] GC(24) Pause Young (Allocation Failure)
[4.669s][info][gc,heap        ] GC(24) DefNew: 560860K(629120K)->2110K(629120K) Eden: 559232K(559232K)->0K(559232K) From: 1628K(69888K)->2110K(69888K)
[4.669s][info][gc,heap        ] GC(24) Tenured: 85095K(1398144K)->85095K(1398144K)
[4.669s][info][gc,metaspace   ] GC(24) Metaspace: 11721K(12032K)->11721K(12032K) NonClass: 10192K(10368K)->10192K(10368K) Class: 1528K(1664K)->1528K(1664K)
[4.669s][info][gc             ] GC(24) Pause Young (Allocation Failure) 630M->85M(1979M) 0.994ms
[4.669s][info][gc,cpu         ] GC(24) User=0.00s Sys=0.00s Real=0.00s
[4.805s][info][gc,start       ] GC(25) Pause Young (Allocation Failure)
[4.806s][info][gc,heap        ] GC(25) DefNew: 561310K(629120K)->2559K(629120K) Eden: 559200K(559232K)->0K(559232K) From: 2110K(69888K)->2559K(69888K)
[4.806s][info][gc,heap        ] GC(25) Tenured: 85095K(1398144K)->85095K(1398144K)
[4.806s][info][gc,metaspace   ] GC(25) Metaspace: 11721K(12032K)->11721K(12032K) NonClass: 10193K(10368K)->10193K(10368K) Class: 1528K(1664K)->1528K(1664K)
[4.806s][info][gc             ] GC(25) Pause Young (Allocation Failure) 631M->85M(1979M) 1.236ms
[4.806s][info][gc,cpu         ] GC(25) User=0.00s Sys=0.00s Real=0.00s
[4.942s][info][gc,start       ] GC(26) Pause Young (Allocation Failure)
[4.943s][info][gc,heap        ] GC(26) DefNew: 561791K(629120K)->2740K(629120K) Eden: 559232K(559232K)->0K(559232K) From: 2559K(69888K)->2740K(69888K)
[4.943s][info][gc,heap        ] GC(26) Tenured: 85095K(1398144K)->85095K(1398144K)
[4.943s][info][gc,metaspace   ] GC(26) Metaspace: 11721K(12032K)->11721K(12032K) NonClass: 10193K(10368K)->10193K(10368K) Class: 1528K(1664K)->1528K(1664K)
[4.943s][info][gc             ] GC(26) Pause Young (Allocation Failure) 631M->85M(1979M) 1.194ms
[4.943s][info][gc,cpu         ] GC(26) User=0.00s Sys=0.00s Real=0.00s
[5.084s][info][gc,start       ] GC(27) Pause Young (Allocation Failure)
[5.084s][info][gc,heap        ] GC(27) DefNew: 561972K(629120K)->402K(629120K) Eden: 559232K(559232K)->0K(559232K) From: 2740K(69888K)->402K(69888K)
[5.084s][info][gc,heap        ] GC(27) Tenured: 85095K(1398144K)->85095K(1398144K)
[5.084s][info][gc,metaspace   ] GC(27) Metaspace: 11721K(12032K)->11721K(12032K) NonClass: 10193K(10368K)->10193K(10368K) Class: 1528K(1664K)->1528K(1664K)
[5.084s][info][gc             ] GC(27) Pause Young (Allocation Failure) 631M->83M(1979M) 0.486ms
[5.084s][info][gc,cpu         ] GC(27) User=0.00s Sys=0.00s Real=0.00s
[5.226s][info][gc,start       ] GC(28) Pause Young (Allocation Failure)
[5.226s][info][gc,heap        ] GC(28) DefNew: 559634K(629120K)->863K(629120K) Eden: 559232K(559232K)->0K(559232K) From: 402K(69888K)->863K(69888K)
[5.226s][info][gc,heap        ] GC(28) Tenured: 85095K(1398144K)->85095K(1398144K)
[5.226s][info][gc,metaspace   ] GC(28) Metaspace: 11721K(12032K)->11721K(12032K) NonClass: 10193K(10368K)->10193K(10368K) Class: 1528K(1664K)->1528K(1664K)
[5.226s][info][gc             ] GC(28) Pause Young (Allocation Failure) 629M->83M(1979M) 0.654ms
[5.226s][info][gc,cpu         ] GC(28) User=0.00s Sys=0.00s Real=0.00s
[5.362s][info][gc,start       ] GC(29) Pause Young (Allocation Failure)
[5.363s][info][gc,heap        ] GC(29) DefNew: 560095K(629120K)->1178K(629120K) Eden: 559232K(559232K)->0K(559232K) From: 863K(69888K)->1178K(69888K)
[5.363s][info][gc,heap        ] GC(29) Tenured: 85095K(1398144K)->85095K(1398144K)
[5.363s][info][gc,metaspace   ] GC(29) Metaspace: 11721K(12032K)->11721K(12032K) NonClass: 10193K(10368K)->10193K(10368K) Class: 1528K(1664K)->1528K(1664K)
[5.363s][info][gc             ] GC(29) Pause Young (Allocation Failure) 630M->84M(1979M) 0.803ms
[5.363s][info][gc,cpu         ] GC(29) User=0.02s Sys=0.00s Real=0.02s
[5.503s][info][gc,start       ] GC(30) Pause Young (Allocation Failure)
[5.504s][info][gc,heap        ] GC(30) DefNew: 560375K(629120K)->1786K(629120K) Eden: 559197K(559232K)->0K(559232K) From: 1178K(69888K)->1786K(69888K)
[5.504s][info][gc,heap        ] GC(30) Tenured: 85095K(1398144K)->85095K(1398144K)
[5.504s][info][gc,metaspace   ] GC(30) Metaspace: 11721K(12032K)->11721K(12032K) NonClass: 10193K(10368K)->10193K(10368K) Class: 1528K(1664K)->1528K(1664K)
[5.504s][info][gc             ] GC(30) Pause Young (Allocation Failure) 630M->84M(1979M) 0.925ms
[5.504s][info][gc,cpu         ] GC(30) User=0.00s Sys=0.00s Real=0.00s
[5.638s][info][gc,start       ] GC(31) Pause Young (Allocation Failure)
[5.639s][info][gc,heap        ] GC(31) DefNew: 561018K(629120K)->1611K(629120K) Eden: 559232K(559232K)->0K(559232K) From: 1786K(69888K)->1611K(69888K)
[5.639s][info][gc,heap        ] GC(31) Tenured: 85095K(1398144K)->85095K(1398144K)
[5.639s][info][gc,metaspace   ] GC(31) Metaspace: 11721K(12032K)->11721K(12032K) NonClass: 10193K(10368K)->10193K(10368K) Class: 1528K(1664K)->1528K(1664K)
[5.639s][info][gc             ] GC(31) Pause Young (Allocation Failure) 630M->84M(1979M) 1.001ms
[5.639s][info][gc,cpu         ] GC(31) User=0.00s Sys=0.00s Real=0.00s
[5.775s][info][gc,start       ] GC(32) Pause Young (Allocation Failure)
[5.775s][info][gc,heap        ] GC(32) DefNew: 560843K(629120K)->2022K(629120K) Eden: 559232K(559232K)->0K(559232K) From: 1611K(69888K)->2022K(69888K)
[5.775s][info][gc,heap        ] GC(32) Tenured: 85095K(1398144K)->85095K(1398144K)
[5.775s][info][gc,metaspace   ] GC(32) Metaspace: 11721K(12032K)->11721K(12032K) NonClass: 10193K(10368K)->10193K(10368K) Class: 1528K(1664K)->1528K(1664K)
[5.775s][info][gc             ] GC(32) Pause Young (Allocation Failure) 630M->85M(1979M) 0.926ms
[5.775s][info][gc,cpu         ] GC(32) User=0.00s Sys=0.00s Real=0.00s
[5.910s][info][gc,start       ] GC(33) Pause Young (Allocation Failure)
[5.912s][info][gc,heap        ] GC(33) DefNew: 561254K(629120K)->2789K(629120K) Eden: 559232K(559232K)->0K(559232K) From: 2022K(69888K)->2789K(69888K)
[5.912s][info][gc,heap        ] GC(33) Tenured: 85095K(1398144K)->85095K(1398144K)
[5.912s][info][gc,metaspace   ] GC(33) Metaspace: 11721K(12032K)->11721K(12032K) NonClass: 10193K(10368K)->10193K(10368K) Class: 1528K(1664K)->1528K(1664K)
[5.912s][info][gc             ] GC(33) Pause Young (Allocation Failure) 631M->85M(1979M) 1.454ms
[5.912s][info][gc,cpu         ] GC(33) User=0.00s Sys=0.00s Real=0.00s
[6.051s][info][gc,start       ] GC(34) Pause Young (Allocation Failure)
[6.052s][info][gc,heap        ] GC(34) DefNew: 562021K(629120K)->240K(629120K) Eden: 559232K(559232K)->0K(559232K) From: 2789K(69888K)->240K(69888K)
[6.052s][info][gc,heap        ] GC(34) Tenured: 85095K(1398144K)->85095K(1398144K)
[6.052s][info][gc,metaspace   ] GC(34) Metaspace: 11721K(12032K)->11721K(12032K) NonClass: 10193K(10368K)->10193K(10368K) Class: 1528K(1664K)->1528K(1664K)
[6.052s][info][gc             ] GC(34) Pause Young (Allocation Failure) 631M->83M(1979M) 0.451ms
[6.052s][info][gc,cpu         ] GC(34) User=0.00s Sys=0.00s Real=0.00s
[6.186s][info][gc,start       ] GC(35) Pause Young (Allocation Failure)
[6.186s][info][gc,heap        ] GC(35) DefNew: 559472K(629120K)->651K(629120K) Eden: 559232K(559232K)->0K(559232K) From: 240K(69888K)->651K(69888K)
[6.186s][info][gc,heap        ] GC(35) Tenured: 85095K(1398144K)->85095K(1398144K)
[6.186s][info][gc,metaspace   ] GC(35) Metaspace: 11721K(12032K)->11721K(12032K) NonClass: 10193K(10368K)->10193K(10368K) Class: 1528K(1664K)->1528K(1664K)
[6.186s][info][gc             ] GC(35) Pause Young (Allocation Failure) 629M->83M(1979M) 0.579ms
[6.186s][info][gc,cpu         ] GC(35) User=0.00s Sys=0.00s Real=0.00s
[6.320s][info][gc,start       ] GC(36) Pause Young (Allocation Failure)
[6.321s][info][gc,heap        ] GC(36) DefNew: 559883K(629120K)->904K(629120K) Eden: 559232K(559232K)->0K(559232K) From: 651K(69888K)->904K(69888K)
[6.321s][info][gc,heap        ] GC(36) Tenured: 85095K(1398144K)->85095K(1398144K)
[6.321s][info][gc,metaspace   ] GC(36) Metaspace: 11721K(12032K)->11721K(12032K) NonClass: 10193K(10368K)->10193K(10368K) Class: 1528K(1664K)->1528K(1664K)
[6.321s][info][gc             ] GC(36) Pause Young (Allocation Failure) 629M->83M(1979M) 0.667ms
[6.321s][info][gc,cpu         ] GC(36) User=0.00s Sys=0.00s Real=0.00s
[6.457s][info][gc,start       ] GC(37) Pause Full (System.gc())
[6.457s][info][gc,phases,start] GC(37) Phase 1: Mark live objects
[6.508s][info][gc,phases      ] GC(37) Phase 1: Mark live objects 50.895ms
[6.508s][info][gc,phases,start] GC(37) Phase 2: Compute new object addresses
[6.562s][info][gc,phases      ] GC(37) Phase 2: Compute new object addresses 54.109ms
[6.562s][info][gc,phases,start] GC(37) Phase 3: Adjust pointers
[6.583s][info][gc,phases      ] GC(37) Phase 3: Adjust pointers 21.052ms
[6.583s][info][gc,phases,start] GC(37) Phase 4: Move objects
[6.583s][info][gc,phases      ] GC(37) Phase 4: Move objects 0.017ms
[6.583s][info][gc,heap        ] GC(37) DefNew: 539297K(629120K)->0K(629120K) Eden: 538393K(559232K)->0K(559232K) From: 904K(69888K)->0K(69888K)
[6.583s][info][gc,heap        ] GC(37) Tenured: 85095K(1398144K)->85097K(1398144K)
[6.583s][info][gc,metaspace   ] GC(37) Metaspace: 11721K(12032K)->11721K(12032K) NonClass: 10193K(10368K)->10193K(10368K) Class: 1528K(1664K)->1528K(1664K)
[6.583s][info][gc             ] GC(37) Pause Full (System.gc()) 609M->83M(1979M) 126.378ms
[6.583s][info][gc,cpu         ] GC(37) User=0.11s Sys=0.00s Real=0.12s
[6.727s][info][gc,start       ] GC(38) Pause Young (Allocation Failure)
[6.727s][info][gc,heap        ] GC(38) DefNew: 559232K(629120K)->458K(629120K) Eden: 559232K(559232K)->0K(559232K) From: 0K(69888K)->458K(69888K)
[6.727s][info][gc,heap        ] GC(38) Tenured: 85097K(1398144K)->85097K(1398144K)
[6.727s][info][gc,metaspace   ] GC(38) Metaspace: 11721K(12032K)->11721K(12032K) NonClass: 10193K(10368K)->10193K(10368K) Class: 1528K(1664K)->1528K(1664K)
[6.727s][info][gc             ] GC(38) Pause Young (Allocation Failure) 629M->83M(1979M) 0.507ms
[6.727s][info][gc,cpu         ] GC(38) User=0.00s Sys=0.00s Real=0.02s
[6.865s][info][gc,start       ] GC(39) Pause Young (Allocation Failure)
[6.865s][info][gc,heap        ] GC(39) DefNew: 559690K(629120K)->812K(629120K) Eden: 559232K(559232K)->0K(559232K) From: 458K(69888K)->812K(69888K)
[6.865s][info][gc,heap        ] GC(39) Tenured: 85097K(1398144K)->85097K(1398144K)
[6.865s][info][gc,metaspace   ] GC(39) Metaspace: 11721K(12032K)->11721K(12032K) NonClass: 10193K(10368K)->10193K(10368K) Class: 1528K(1664K)->1528K(1664K)
[6.865s][info][gc             ] GC(39) Pause Young (Allocation Failure) 629M->83M(1979M) 0.630ms
[6.865s][info][gc,cpu         ] GC(39) User=0.00s Sys=0.00s Real=0.00s
[7.001s][info][gc,start       ] GC(40) Pause Young (Allocation Failure)
[7.002s][info][gc,heap        ] GC(40) DefNew: 560044K(629120K)->1263K(629120K) Eden: 559232K(559232K)->0K(559232K) From: 812K(69888K)->1263K(69888K)
[7.002s][info][gc,heap        ] GC(40) Tenured: 85097K(1398144K)->85097K(1398144K)
[7.002s][info][gc,metaspace   ] GC(40) Metaspace: 11721K(12032K)->11721K(12032K) NonClass: 10193K(10368K)->10193K(10368K) Class: 1528K(1664K)->1528K(1664K)
[7.002s][info][gc             ] GC(40) Pause Young (Allocation Failure) 630M->84M(1979M) 0.735ms
[7.002s][info][gc,cpu         ] GC(40) User=0.00s Sys=0.00s Real=0.00s
[7.135s][info][gc,start       ] GC(41) Pause Young (Allocation Failure)
[7.136s][info][gc,heap        ] GC(41) DefNew: 560495K(629120K)->1832K(629120K) Eden: 559232K(559232K)->0K(559232K) From: 1263K(69888K)->1832K(69888K)
[7.136s][info][gc,heap        ] GC(41) Tenured: 85097K(1398144K)->85097K(1398144K)
[7.136s][info][gc,metaspace   ] GC(41) Metaspace: 11721K(12032K)->11721K(12032K) NonClass: 10193K(10368K)->10193K(10368K) Class: 1528K(1664K)->1528K(1664K)
[7.136s][info][gc             ] GC(41) Pause Young (Allocation Failure) 630M->84M(1979M) 0.922ms
[7.136s][info][gc,cpu         ] GC(41) User=0.00s Sys=0.00s Real=0.00s
[7.271s][info][gc,start       ] GC(42) Pause Young (Allocation Failure)
[7.272s][info][gc,heap        ] GC(42) DefNew: 561064K(629120K)->2010K(629120K) Eden: 559232K(559232K)->0K(559232K) From: 1832K(69888K)->2010K(69888K)
[7.272s][info][gc,heap        ] GC(42) Tenured: 85097K(1398144K)->85097K(1398144K)
[7.272s][info][gc,metaspace   ] GC(42) Metaspace: 11721K(12032K)->11721K(12032K) NonClass: 10193K(10368K)->10193K(10368K) Class: 1528K(1664K)->1528K(1664K)
[7.272s][info][gc             ] GC(42) Pause Young (Allocation Failure) 631M->85M(1979M) 0.947ms
[7.272s][info][gc,cpu         ] GC(42) User=0.00s Sys=0.00s Real=0.00s
[7.406s][info][gc,start       ] GC(43) Pause Young (Allocation Failure)
[7.407s][info][gc,heap        ] GC(43) DefNew: 561242K(629120K)->2131K(629120K) Eden: 559232K(559232K)->0K(559232K) From: 2010K(69888K)->2131K(69888K)
[7.407s][info][gc,heap        ] GC(43) Tenured: 85097K(1398144K)->85097K(1398144K)
[7.407s][info][gc,metaspace   ] GC(43) Metaspace: 11721K(12032K)->11721K(12032K) NonClass: 10193K(10368K)->10193K(10368K) Class: 1528K(1664K)->1528K(1664K)
[7.407s][info][gc             ] GC(43) Pause Young (Allocation Failure) 631M->85M(1979M) 0.947ms
[7.407s][info][gc,cpu         ] GC(43) User=0.00s Sys=0.00s Real=0.00s
[7.546s][info][gc,start       ] GC(44) Pause Young (Allocation Failure)
[7.547s][info][gc,heap        ] GC(44) DefNew: 561310K(629120K)->2885K(629120K) Eden: 559178K(559232K)->0K(559232K) From: 2131K(69888K)->2885K(69888K)
[7.547s][info][gc,heap        ] GC(44) Tenured: 85097K(1398144K)->85097K(1398144K)
[7.547s][info][gc,metaspace   ] GC(44) Metaspace: 11721K(12032K)->11721K(12032K) NonClass: 10193K(10368K)->10193K(10368K) Class: 1528K(1664K)->1528K(1664K)
[7.547s][info][gc             ] GC(44) Pause Young (Allocation Failure) 631M->85M(1979M) 1.316ms
[7.547s][info][gc,cpu         ] GC(44) User=0.00s Sys=0.00s Real=0.00s
[7.689s][info][gc,start       ] GC(45) Pause Young (Allocation Failure)
[7.690s][info][gc,heap        ] GC(45) DefNew: 562117K(629120K)->169K(629120K) Eden: 559232K(559232K)->0K(559232K) From: 2885K(69888K)->169K(69888K)
[7.690s][info][gc,heap        ] GC(45) Tenured: 85097K(1398144K)->85097K(1398144K)
[7.690s][info][gc,metaspace   ] GC(45) Metaspace: 11721K(12032K)->11721K(12032K) NonClass: 10193K(10368K)->10193K(10368K) Class: 1528K(1664K)->1528K(1664K)
[7.690s][info][gc             ] GC(45) Pause Young (Allocation Failure) 632M->83M(1979M) 0.409ms
[7.690s][info][gc,cpu         ] GC(45) User=0.00s Sys=0.00s Real=0.00s
[7.824s][info][gc,start       ] GC(46) Pause Young (Allocation Failure)
[7.825s][info][gc,heap        ] GC(46) DefNew: 559401K(629120K)->564K(629120K) Eden: 559232K(559232K)->0K(559232K) From: 169K(69888K)->564K(69888K)
[7.825s][info][gc,heap        ] GC(46) Tenured: 85097K(1398144K)->85097K(1398144K)
[7.825s][info][gc,metaspace   ] GC(46) Metaspace: 11721K(12032K)->11721K(12032K) NonClass: 10193K(10368K)->10193K(10368K) Class: 1528K(1664K)->1528K(1664K)
[7.825s][info][gc             ] GC(46) Pause Young (Allocation Failure) 629M->83M(1979M) 0.549ms
[7.825s][info][gc,cpu         ] GC(46) User=0.00s Sys=0.00s Real=0.00s
[7.962s][info][gc,start       ] GC(47) Pause Young (Allocation Failure)
[7.962s][info][gc,heap        ] GC(47) DefNew: 559796K(629120K)->1031K(629120K) Eden: 559232K(559232K)->0K(559232K) From: 564K(69888K)->1031K(69888K)
[7.962s][info][gc,heap        ] GC(47) Tenured: 85097K(1398144K)->85097K(1398144K)
[7.962s][info][gc,metaspace   ] GC(47) Metaspace: 11721K(12032K)->11721K(12032K) NonClass: 10193K(10368K)->10193K(10368K) Class: 1528K(1664K)->1528K(1664K)
[7.962s][info][gc             ] GC(47) Pause Young (Allocation Failure) 629M->84M(1979M) 0.737ms
[7.962s][info][gc,cpu         ] GC(47) User=0.00s Sys=0.00s Real=0.00s
[8.097s][info][gc,start       ] GC(48) Pause Young (Allocation Failure)
[8.097s][info][gc,heap        ] GC(48) DefNew: 560263K(629120K)->1289K(629120K) Eden: 559232K(559232K)->0K(559232K) From: 1031K(69888K)->1289K(69888K)
[8.097s][info][gc,heap        ] GC(48) Tenured: 85097K(1398144K)->85097K(1398144K)
[8.097s][info][gc,metaspace   ] GC(48) Metaspace: 11721K(12032K)->11721K(12032K) NonClass: 10193K(10368K)->10193K(10368K) Class: 1528K(1664K)->1528K(1664K)
[8.097s][info][gc             ] GC(48) Pause Young (Allocation Failure) 630M->84M(1979M) 0.755ms
[8.097s][info][gc,cpu         ] GC(48) User=0.00s Sys=0.00s Real=0.00s
[8.231s][info][gc,start       ] GC(49) Pause Young (Allocation Failure)
[8.232s][info][gc,heap        ] GC(49) DefNew: 560517K(629120K)->1705K(629120K) Eden: 559228K(559232K)->0K(559232K) From: 1289K(69888K)->1705K(69888K)
[8.232s][info][gc,heap        ] GC(49) Tenured: 85097K(1398144K)->85097K(1398144K)
[8.232s][info][gc,metaspace   ] GC(49) Metaspace: 11721K(12032K)->11721K(12032K) NonClass: 10193K(10368K)->10193K(10368K) Class: 1528K(1664K)->1528K(1664K)
[8.232s][info][gc             ] GC(49) Pause Young (Allocation Failure) 630M->84M(1979M) 0.887ms
[8.232s][info][gc,cpu         ] GC(49) User=0.00s Sys=0.00s Real=0.00s
[8.366s][info][gc,start       ] GC(50) Pause Young (Allocation Failure)
[8.367s][info][gc,heap        ] GC(50) DefNew: 560937K(629120K)->2276K(629120K) Eden: 559232K(559232K)->0K(559232K) From: 1705K(69888K)->2276K(69888K)
[8.367s][info][gc,heap        ] GC(50) Tenured: 85097K(1398144K)->85097K(1398144K)
[8.367s][info][gc,metaspace   ] GC(50) Metaspace: 11721K(12032K)->11721K(12032K) NonClass: 10193K(10368K)->10193K(10368K) Class: 1528K(1664K)->1528K(1664K)
[8.367s][info][gc             ] GC(50) Pause Young (Allocation Failure) 630M->85M(1979M) 1.070ms
[8.367s][info][gc,cpu         ] GC(50) User=0.00s Sys=0.00s Real=0.00s
[8.509s][info][gc,start       ] GC(51) Pause Young (Allocation Failure)
[8.510s][info][gc,heap        ] GC(51) DefNew: 561508K(629120K)->2339K(629120K) Eden: 559232K(559232K)->0K(559232K) From: 2276K(69888K)->2339K(69888K)
[8.510s][info][gc,heap        ] GC(51) Tenured: 85097K(1398144K)->85097K(1398144K)
[8.510s][info][gc,metaspace   ] GC(51) Metaspace: 11721K(12032K)->11721K(12032K) NonClass: 10193K(10368K)->10193K(10368K) Class: 1528K(1664K)->1528K(1664K)
[8.510s][info][gc             ] GC(51) Pause Young (Allocation Failure) 631M->85M(1979M) 1.061ms
[8.510s][info][gc,cpu         ] GC(51) User=0.00s Sys=0.00s Real=0.00s
[8.644s][info][gc,start       ] GC(52) Pause Young (Allocation Failure)
[8.645s][info][gc,heap        ] GC(52) DefNew: 561547K(629120K)->2349K(629120K) Eden: 559208K(559232K)->0K(559232K) From: 2339K(69888K)->2349K(69888K)
[8.645s][info][gc,heap        ] GC(52) Tenured: 85097K(1398144K)->85097K(1398144K)
[8.645s][info][gc,metaspace   ] GC(52) Metaspace: 11721K(12032K)->11721K(12032K) NonClass: 10193K(10368K)->10193K(10368K) Class: 1528K(1664K)->1528K(1664K)
[8.645s][info][gc             ] GC(52) Pause Young (Allocation Failure) 631M->85M(1979M) 1.116ms
[8.646s][info][gc,cpu         ] GC(52) User=0.00s Sys=0.00s Real=0.00s
[8.785s][info][gc,start       ] GC(53) Pause Young (Allocation Failure)
[8.785s][info][gc,heap        ] GC(53) DefNew: 561581K(629120K)->69K(629120K) Eden: 559232K(559232K)->0K(559232K) From: 2349K(69888K)->69K(69888K)
[8.785s][info][gc,heap        ] GC(53) Tenured: 85097K(1398144K)->85097K(1398144K)
[8.785s][info][gc,metaspace   ] GC(53) Metaspace: 11721K(12032K)->11721K(12032K) NonClass: 10193K(10368K)->10193K(10368K) Class: 1528K(1664K)->1528K(1664K)
[8.785s][info][gc             ] GC(53) Pause Young (Allocation Failure) 631M->83M(1979M) 0.365ms
[8.785s][info][gc,cpu         ] GC(53) User=0.00s Sys=0.00s Real=0.00s
[8.919s][info][gc,start       ] GC(54) Pause Young (Allocation Failure)
[8.920s][info][gc,heap        ] GC(54) DefNew: 559301K(629120K)->627K(629120K) Eden: 559232K(559232K)->0K(559232K) From: 69K(69888K)->627K(69888K)
[8.920s][info][gc,heap        ] GC(54) Tenured: 85097K(1398144K)->85097K(1398144K)
[8.920s][info][gc,metaspace   ] GC(54) Metaspace: 11721K(12032K)->11721K(12032K) NonClass: 10193K(10368K)->10193K(10368K) Class: 1528K(1664K)->1528K(1664K)
[8.920s][info][gc             ] GC(54) Pause Young (Allocation Failure) 629M->83M(1979M) 0.548ms
[8.920s][info][gc,cpu         ] GC(54) User=0.00s Sys=0.00s Real=0.00s
[9.053s][info][gc,start       ] GC(55) Pause Full (System.gc())
[9.054s][info][gc,phases,start] GC(55) Phase 1: Mark live objects
[9.105s][info][gc,phases      ] GC(55) Phase 1: Mark live objects 51.135ms
[9.105s][info][gc,phases,start] GC(55) Phase 2: Compute new object addresses
[9.159s][info][gc,phases      ] GC(55) Phase 2: Compute new object addresses 54.303ms
[9.159s][info][gc,phases,start] GC(55) Phase 3: Adjust pointers
[9.181s][info][gc,phases      ] GC(55) Phase 3: Adjust pointers 22.105ms
[9.181s][info][gc,phases,start] GC(55) Phase 4: Move objects
[9.200s][info][gc,phases      ] GC(55) Phase 4: Move objects 19.217ms
[9.201s][info][gc,heap        ] GC(55) DefNew: 546607K(629120K)->0K(629120K) Eden: 545979K(559232K)->0K(559232K) From: 627K(69888K)->0K(69888K)
[9.201s][info][gc,heap        ] GC(55) Tenured: 85097K(1398144K)->85055K(1398144K)
[9.201s][info][gc,metaspace   ] GC(55) Metaspace: 11722K(12032K)->11722K(12032K) NonClass: 10193K(10368K)->10193K(10368K) Class: 1528K(1664K)->1528K(1664K)
[9.201s][info][gc             ] GC(55) Pause Full (System.gc()) 616M->83M(1979M) 147.195ms
[9.201s][info][gc,cpu         ] GC(55) User=0.12s Sys=0.00s Real=0.15s
[9.343s][info][gc,start       ] GC(56) Pause Young (Allocation Failure)
[9.344s][info][gc,heap        ] GC(56) DefNew: 559232K(629120K)->512K(629120K) Eden: 559232K(559232K)->0K(559232K) From: 0K(69888K)->512K(69888K)
[9.344s][info][gc,heap        ] GC(56) Tenured: 85055K(1398144K)->85055K(1398144K)
[9.344s][info][gc,metaspace   ] GC(56) Metaspace: 11722K(12032K)->11722K(12032K) NonClass: 10193K(10368K)->10193K(10368K) Class: 1528K(1664K)->1528K(1664K)
[9.344s][info][gc             ] GC(56) Pause Young (Allocation Failure) 629M->83M(1979M) 0.531ms
[9.344s][info][gc,cpu         ] GC(56) User=0.00s Sys=0.00s Real=0.00s
[9.484s][info][gc,start       ] GC(57) Pause Young (Allocation Failure)
[9.485s][info][gc,heap        ] GC(57) DefNew: 559744K(629120K)->958K(629120K) Eden: 559232K(559232K)->0K(559232K) From: 512K(69888K)->958K(69888K)
[9.485s][info][gc,heap        ] GC(57) Tenured: 85055K(1398144K)->85055K(1398144K)
[9.485s][info][gc,metaspace   ] GC(57) Metaspace: 11722K(12032K)->11722K(12032K) NonClass: 10193K(10368K)->10193K(10368K) Class: 1528K(1664K)->1528K(1664K)
[9.485s][info][gc             ] GC(57) Pause Young (Allocation Failure) 629M->83M(1979M) 0.645ms
[9.485s][info][gc,cpu         ] GC(57) User=0.00s Sys=0.00s Real=0.00s
[9.620s][info][gc,start       ] GC(58) Pause Young (Allocation Failure)
[9.621s][info][gc,heap        ] GC(58) DefNew: 560190K(629120K)->1356K(629120K) Eden: 559232K(559232K)->0K(559232K) From: 958K(69888K)->1356K(69888K)
[9.621s][info][gc,heap        ] GC(58) Tenured: 85055K(1398144K)->85055K(1398144K)
[9.621s][info][gc,metaspace   ] GC(58) Metaspace: 11722K(12032K)->11722K(12032K) NonClass: 10193K(10368K)->10193K(10368K) Class: 1528K(1664K)->1528K(1664K)
[9.621s][info][gc             ] GC(58) Pause Young (Allocation Failure) 630M->84M(1979M) 0.762ms
[9.621s][info][gc,cpu         ] GC(58) User=0.00s Sys=0.00s Real=0.00s
[9.756s][info][gc,start       ] GC(59) Pause Young (Allocation Failure)
[9.757s][info][gc,heap        ] GC(59) DefNew: 560580K(629120K)->1666K(629120K) Eden: 559223K(559232K)->0K(559232K) From: 1356K(69888K)->1666K(69888K)
[9.757s][info][gc,heap        ] GC(59) Tenured: 85055K(1398144K)->85055K(1398144K)
[9.757s][info][gc,metaspace   ] GC(59) Metaspace: 11722K(12032K)->11722K(12032K) NonClass: 10193K(10368K)->10193K(10368K) Class: 1528K(1664K)->1528K(1664K)
[9.757s][info][gc             ] GC(59) Pause Young (Allocation Failure) 630M->84M(1979M) 0.999ms
[9.757s][info][gc,cpu         ] GC(59) User=0.00s Sys=0.00s Real=0.01s
[9.892s][info][gc,start       ] GC(60) Pause Young (Allocation Failure)
[9.893s][info][gc,heap        ] GC(60) DefNew: 560898K(629120K)->1949K(629120K) Eden: 559232K(559232K)->0K(559232K) From: 1666K(69888K)->1949K(69888K)
[9.893s][info][gc,heap        ] GC(60) Tenured: 85055K(1398144K)->85055K(1398144K)
[9.893s][info][gc,metaspace   ] GC(60) Metaspace: 11722K(12032K)->11722K(12032K) NonClass: 10193K(10368K)->10193K(10368K) Class: 1528K(1664K)->1528K(1664K)
[9.893s][info][gc             ] GC(60) Pause Young (Allocation Failure) 630M->84M(1979M) 0.942ms
[9.893s][info][gc,cpu         ] GC(60) User=0.00s Sys=0.00s Real=0.00s
[10.029s][info][gc,start       ] GC(61) Pause Young (Allocation Failure)
[10.030s][info][gc,heap        ] GC(61) DefNew: 561152K(629120K)->2738K(629120K) Eden: 559203K(559232K)->0K(559232K) From: 1949K(69888K)->2738K(69888K)
[10.030s][info][gc,heap        ] GC(61) Tenured: 85055K(1398144K)->85055K(1398144K)
[10.030s][info][gc,metaspace   ] GC(61) Metaspace: 11722K(12032K)->11722K(12032K) NonClass: 10193K(10368K)->10193K(10368K) Class: 1528K(1664K)->1528K(1664K)
[10.030s][info][gc             ] GC(61) Pause Young (Allocation Failure) 631M->85M(1979M) 1.238ms
[10.030s][info][gc,cpu         ] GC(61) User=0.00s Sys=0.00s Real=0.00s
[10.171s][info][gc,start       ] GC(62) Pause Young (Allocation Failure)
[10.172s][info][gc,heap        ] GC(62) DefNew: 561970K(629120K)->30K(629120K) Eden: 559232K(559232K)->0K(559232K) From: 2738K(69888K)->30K(69888K)
[10.172s][info][gc,heap        ] GC(62) Tenured: 85055K(1398144K)->85055K(1398144K)
[10.172s][info][gc,metaspace   ] GC(62) Metaspace: 11722K(12032K)->11722K(12032K) NonClass: 10193K(10368K)->10193K(10368K) Class: 1528K(1664K)->1528K(1664K)
[10.172s][info][gc             ] GC(62) Pause Young (Allocation Failure) 631M->83M(1979M) 0.348ms
[10.172s][info][gc,cpu         ] GC(62) User=0.00s Sys=0.00s Real=0.00s
[10.306s][info][gc,start       ] GC(63) Pause Young (Allocation Failure)
[10.307s][info][gc,heap        ] GC(63) DefNew: 559262K(629120K)->591K(629120K) Eden: 559232K(559232K)->0K(559232K) From: 30K(69888K)->591K(69888K)
[10.307s][info][gc,heap        ] GC(63) Tenured: 85055K(1398144K)->85055K(1398144K)
[10.307s][info][gc,metaspace   ] GC(63) Metaspace: 11722K(12032K)->11722K(12032K) NonClass: 10193K(10368K)->10193K(10368K) Class: 1528K(1664K)->1528K(1664K)
[10.307s][info][gc             ] GC(63) Pause Young (Allocation Failure) 629M->83M(1979M) 0.598ms
[10.307s][info][gc,cpu         ] GC(63) User=0.00s Sys=0.00s Real=0.01s
[10.443s][info][gc,start       ] GC(64) Pause Young (Allocation Failure)
[10.444s][info][gc,heap        ] GC(64) DefNew: 559823K(629120K)->939K(629120K) Eden: 559232K(559232K)->0K(559232K) From: 591K(69888K)->939K(69888K)
[10.444s][info][gc,heap        ] GC(64) Tenured: 85055K(1398144K)->85055K(1398144K)
[10.444s][info][gc,metaspace   ] GC(64) Metaspace: 11722K(12032K)->11722K(12032K) NonClass: 10193K(10368K)->10193K(10368K) Class: 1528K(1664K)->1528K(1664K)
[10.444s][info][gc             ] GC(64) Pause Young (Allocation Failure) 629M->83M(1979M) 0.686ms
[10.444s][info][gc,cpu         ] GC(64) User=0.00s Sys=0.00s Real=0.00s
[10.584s][info][gc,start       ] GC(65) Pause Young (Allocation Failure)
[10.584s][info][gc,heap        ] GC(65) DefNew: 560171K(629120K)->1431K(629120K) Eden: 559232K(559232K)->0K(559232K) From: 939K(69888K)->1431K(69888K)
[10.584s][info][gc,heap        ] GC(65) Tenured: 85055K(1398144K)->85055K(1398144K)
[10.584s][info][gc,metaspace   ] GC(65) Metaspace: 11722K(12032K)->11722K(12032K) NonClass: 10193K(10368K)->10193K(10368K) Class: 1528K(1664K)->1528K(1664K)
[10.584s][info][gc             ] GC(65) Pause Young (Allocation Failure) 630M->84M(1979M) 0.807ms
[10.584s][info][gc,cpu         ] GC(65) User=0.00s Sys=0.00s Real=0.00s
[10.719s][info][gc,start       ] GC(66) Pause Young (Allocation Failure)
[10.720s][info][gc,heap        ] GC(66) DefNew: 560663K(629120K)->1790K(629120K) Eden: 559232K(559232K)->0K(559232K) From: 1431K(69888K)->1790K(69888K)
[10.720s][info][gc,heap        ] GC(66) Tenured: 85055K(1398144K)->85055K(1398144K)
[10.720s][info][gc,metaspace   ] GC(66) Metaspace: 11722K(12032K)->11722K(12032K) NonClass: 10193K(10368K)->10193K(10368K) Class: 1528K(1664K)->1528K(1664K)
[10.720s][info][gc             ] GC(66) Pause Young (Allocation Failure) 630M->84M(1979M) 0.933ms
[10.720s][info][gc,cpu         ] GC(66) User=0.00s Sys=0.00s Real=0.00s
[10.854s][info][gc,start       ] GC(67) Pause Young (Allocation Failure)
[10.855s][info][gc,heap        ] GC(67) DefNew: 561022K(629120K)->1877K(629120K) Eden: 559232K(559232K)->0K(559232K) From: 1790K(69888K)->1877K(69888K)
[10.855s][info][gc,heap        ] GC(67) Tenured: 85055K(1398144K)->85055K(1398144K)
[10.855s][info][gc,metaspace   ] GC(67) Metaspace: 11722K(12032K)->11722K(12032K) NonClass: 10193K(10368K)->10193K(10368K) Class: 1528K(1664K)->1528K(1664K)
[10.855s][info][gc             ] GC(67) Pause Young (Allocation Failure) 630M->84M(1979M) 0.933ms
[10.855s][info][gc,cpu         ] GC(67) User=0.00s Sys=0.00s Real=0.00s
[10.990s][info][gc,start       ] GC(68) Pause Young (Allocation Failure)
[10.991s][info][gc,heap        ] GC(68) DefNew: 561109K(629120K)->2239K(629120K) Eden: 559232K(559232K)->0K(559232K) From: 1877K(69888K)->2239K(69888K)
[10.991s][info][gc,heap        ] GC(68) Tenured: 85055K(1398144K)->85055K(1398144K)
[10.991s][info][gc,metaspace   ] GC(68) Metaspace: 11722K(12032K)->11722K(12032K) NonClass: 10193K(10368K)->10193K(10368K) Class: 1528K(1664K)->1528K(1664K)
[10.991s][info][gc             ] GC(68) Pause Young (Allocation Failure) 631M->85M(1979M) 1.085ms
[10.991s][info][gc,cpu         ] GC(68) User=0.00s Sys=0.00s Real=0.00s
[11.126s][info][gc,start       ] GC(69) Pause Young (Allocation Failure)
[11.128s][info][gc,heap        ] GC(69) DefNew: 561243K(629120K)->3032K(629120K) Eden: 559003K(559232K)->0K(559232K) From: 2239K(69888K)->3032K(69888K)
[11.128s][info][gc,heap        ] GC(69) Tenured: 85055K(1398144K)->85055K(1398144K)
[11.128s][info][gc,metaspace   ] GC(69) Metaspace: 11722K(12032K)->11722K(12032K) NonClass: 10193K(10368K)->10193K(10368K) Class: 1528K(1664K)->1528K(1664K)
[11.128s][info][gc             ] GC(69) Pause Young (Allocation Failure) 631M->86M(1979M) 1.346ms
[11.128s][info][gc,cpu         ] GC(69) User=0.00s Sys=0.00s Real=0.00s
[11.266s][info][gc,start       ] GC(70) Pause Young (Allocation Failure)
[11.267s][info][gc,heap        ] GC(70) DefNew: 562264K(629120K)->465K(629120K) Eden: 559232K(559232K)->0K(559232K) From: 3032K(69888K)->465K(69888K)
[11.267s][info][gc,heap        ] GC(70) Tenured: 85055K(1398144K)->85055K(1398144K)
[11.267s][info][gc,metaspace   ] GC(70) Metaspace: 11722K(12032K)->11722K(12032K) NonClass: 10193K(10368K)->10193K(10368K) Class: 1528K(1664K)->1528K(1664K)
[11.267s][info][gc             ] GC(70) Pause Young (Allocation Failure) 632M->83M(1979M) 0.490ms
[11.267s][info][gc,cpu         ] GC(70) User=0.00s Sys=0.00s Real=0.00s
[11.402s][info][gc,start       ] GC(71) Pause Young (Allocation Failure)
[11.402s][info][gc,heap        ] GC(71) DefNew: 559697K(629120K)->876K(629120K) Eden: 559232K(559232K)->0K(559232K) From: 465K(69888K)->876K(69888K)
[11.402s][info][gc,heap        ] GC(71) Tenured: 85055K(1398144K)->85055K(1398144K)
[11.402s][info][gc,metaspace   ] GC(71) Metaspace: 11722K(12032K)->11722K(12032K) NonClass: 10193K(10368K)->10193K(10368K) Class: 1528K(1664K)->1528K(1664K)
[11.402s][info][gc             ] GC(71) Pause Young (Allocation Failure) 629M->83M(1979M) 0.605ms
[11.402s][info][gc,cpu         ] GC(71) User=0.00s Sys=0.00s Real=0.00s
[11.544s][info][gc,start       ] GC(72) Pause Young (Allocation Failure)
[11.545s][info][gc,heap        ] GC(72) DefNew: 560108K(629120K)->1251K(629120K) Eden: 559232K(559232K)->0K(559232K) From: 876K(69888K)->1251K(69888K)
[11.545s][info][gc,heap        ] GC(72) Tenured: 85055K(1398144K)->85055K(1398144K)
[11.545s][info][gc,metaspace   ] GC(72) Metaspace: 11722K(12032K)->11722K(12032K) NonClass: 10193K(10368K)->10193K(10368K) Class: 1528K(1664K)->1528K(1664K)
[11.545s][info][gc             ] GC(72) Pause Young (Allocation Failure) 630M->84M(1979M) 0.835ms
[11.545s][info][gc,cpu         ] GC(72) User=0.00s Sys=0.00s Real=0.00s
[11.676s][info][gc,start       ] GC(73) Pause Full (System.gc())
[11.676s][info][gc,phases,start] GC(73) Phase 1: Mark live objects
[11.728s][info][gc,phases      ] GC(73) Phase 1: Mark live objects 51.400ms
[11.728s][info][gc,phases,start] GC(73) Phase 2: Compute new object addresses
[11.781s][info][gc,phases      ] GC(73) Phase 2: Compute new object addresses 53.190ms
[11.781s][info][gc,phases,start] GC(73) Phase 3: Adjust pointers
[11.803s][info][gc,phases      ] GC(73) Phase 3: Adjust pointers 21.496ms
[11.803s][info][gc,phases,start] GC(73) Phase 4: Move objects
[11.803s][info][gc,phases      ] GC(73) Phase 4: Move objects 0.010ms
[11.803s][info][gc,heap        ] GC(73) DefNew: 534736K(629120K)->0K(629120K) Eden: 533485K(559232K)->0K(559232K) From: 1251K(69888K)->0K(69888K)
[11.803s][info][gc,heap        ] GC(73) Tenured: 85055K(1398144K)->85056K(1398144K)
[11.803s][info][gc,metaspace   ] GC(73) Metaspace: 11722K(12032K)->11722K(12032K) NonClass: 10193K(10368K)->10193K(10368K) Class: 1528K(1664K)->1528K(1664K)
[11.803s][info][gc             ] GC(73) Pause Full (System.gc()) 605M->83M(1979M) 126.392ms
[11.803s][info][gc,cpu         ] GC(73) User=0.11s Sys=0.00s Real=0.13s
[11.944s][info][gc,start       ] GC(74) Pause Young (Allocation Failure)
[11.944s][info][gc,heap        ] GC(74) DefNew: 559232K(629120K)->438K(629120K) Eden: 559232K(559232K)->0K(559232K) From: 0K(69888K)->438K(69888K)
[11.944s][info][gc,heap        ] GC(74) Tenured: 85056K(1398144K)->85056K(1398144K)
[11.944s][info][gc,metaspace   ] GC(74) Metaspace: 11724K(12032K)->11724K(12032K) NonClass: 10195K(10368K)->10195K(10368K) Class: 1528K(1664K)->1528K(1664K)
[11.944s][info][gc             ] GC(74) Pause Young (Allocation Failure) 629M->83M(1979M) 0.482ms
[11.944s][info][gc,cpu         ] GC(74) User=0.00s Sys=0.00s Real=0.00s
[12.080s][info][gc,start       ] GC(75) Pause Young (Allocation Failure)
[12.080s][info][gc,heap        ] GC(75) DefNew: 559670K(629120K)->891K(629120K) Eden: 559232K(559232K)->0K(559232K) From: 438K(69888K)->891K(69888K)
[12.080s][info][gc,heap        ] GC(75) Tenured: 85056K(1398144K)->85056K(1398144K)
[12.080s][info][gc,metaspace   ] GC(75) Metaspace: 11724K(12032K)->11724K(12032K) NonClass: 10195K(10368K)->10195K(10368K) Class: 1528K(1664K)->1528K(1664K)
[12.080s][info][gc             ] GC(75) Pause Young (Allocation Failure) 629M->83M(1979M) 0.617ms
[12.080s][info][gc,cpu         ] GC(75) User=0.00s Sys=0.00s Real=0.00s
[12.215s][info][gc,start       ] GC(76) Pause Young (Allocation Failure)
[12.216s][info][gc,heap        ] GC(76) DefNew: 560123K(629120K)->1260K(629120K) Eden: 559232K(559232K)->0K(559232K) From: 891K(69888K)->1260K(69888K)
[12.216s][info][gc,heap        ] GC(76) Tenured: 85056K(1398144K)->85056K(1398144K)
[12.216s][info][gc,metaspace   ] GC(76) Metaspace: 11724K(12032K)->11724K(12032K) NonClass: 10195K(10368K)->10195K(10368K) Class: 1528K(1664K)->1528K(1664K)
[12.216s][info][gc             ] GC(76) Pause Young (Allocation Failure) 630M->84M(1979M) 0.741ms
[12.216s][info][gc,cpu         ] GC(76) User=0.00s Sys=0.00s Real=0.00s
[12.350s][info][gc,start       ] GC(77) Pause Young (Allocation Failure)
[12.351s][info][gc,heap        ] GC(77) DefNew: 560492K(629120K)->1678K(629120K) Eden: 559232K(559232K)->0K(559232K) From: 1260K(69888K)->1678K(69888K)
[12.351s][info][gc,heap        ] GC(77) Tenured: 85056K(1398144K)->85056K(1398144K)
[12.351s][info][gc,metaspace   ] GC(77) Metaspace: 11724K(12032K)->11724K(12032K) NonClass: 10195K(10368K)->10195K(10368K) Class: 1528K(1664K)->1528K(1664K)
[12.351s][info][gc             ] GC(77) Pause Young (Allocation Failure) 630M->84M(1979M) 0.888ms
[12.351s][info][gc,cpu         ] GC(77) User=0.00s Sys=0.00s Real=0.00s
[12.496s][info][gc,start       ] GC(78) Pause Young (Allocation Failure)
[12.497s][info][gc,heap        ] GC(78) DefNew: 560910K(629120K)->2151K(629120K) Eden: 559232K(559232K)->0K(559232K) From: 1678K(69888K)->2151K(69888K)
[12.497s][info][gc,heap        ] GC(78) Tenured: 85056K(1398144K)->85056K(1398144K)
[12.497s][info][gc,metaspace   ] GC(78) Metaspace: 11724K(12032K)->11724K(12032K) NonClass: 10195K(10368K)->10195K(10368K) Class: 1528K(1664K)->1528K(1664K)
[12.497s][info][gc             ] GC(78) Pause Young (Allocation Failure) 630M->85M(1979M) 1.081ms
[12.497s][info][gc,cpu         ] GC(78) User=0.00s Sys=0.00s Real=0.00s
[12.643s][info][gc,start       ] GC(79) Pause Young (Allocation Failure)
[12.644s][info][gc,heap        ] GC(79) DefNew: 561365K(629120K)->2373K(629120K) Eden: 559213K(559232K)->0K(559232K) From: 2151K(69888K)->2373K(69888K)
[12.644s][info][gc,heap        ] GC(79) Tenured: 85056K(1398144K)->85056K(1398144K)
[12.644s][info][gc,metaspace   ] GC(79) Metaspace: 11724K(12032K)->11724K(12032K) NonClass: 10195K(10368K)->10195K(10368K) Class: 1528K(1664K)->1528K(1664K)
[12.644s][info][gc             ] GC(79) Pause Young (Allocation Failure) 631M->85M(1979M) 1.179ms
[12.644s][info][gc,cpu         ] GC(79) User=0.00s Sys=0.00s Real=0.00s
[12.790s][info][gc,start       ] GC(80) Pause Young (Allocation Failure)
[12.791s][info][gc,heap        ] GC(80) DefNew: 561605K(629120K)->3029K(629120K) Eden: 559232K(559232K)->0K(559232K) From: 2373K(69888K)->3029K(69888K)
[12.792s][info][gc,heap        ] GC(80) Tenured: 85056K(1398144K)->85056K(1398144K)
[12.792s][info][gc,metaspace   ] GC(80) Metaspace: 11724K(12032K)->11724K(12032K) NonClass: 10195K(10368K)->10195K(10368K) Class: 1528K(1664K)->1528K(1664K)
[12.792s][info][gc             ] GC(80) Pause Young (Allocation Failure) 631M->86M(1979M) 1.311ms
[12.792s][info][gc,cpu         ] GC(80) User=0.00s Sys=0.00s Real=0.00s
[12.938s][info][gc,start       ] GC(81) Pause Young (Allocation Failure)
[12.939s][info][gc,heap        ] GC(81) DefNew: 562261K(629120K)->382K(629120K) Eden: 559232K(559232K)->0K(559232K) From: 3029K(69888K)->382K(69888K)
[12.939s][info][gc,heap        ] GC(81) Tenured: 85056K(1398144K)->85056K(1398144K)
[12.939s][info][gc,metaspace   ] GC(81) Metaspace: 11724K(12032K)->11724K(12032K) NonClass: 10195K(10368K)->10195K(10368K) Class: 1528K(1664K)->1528K(1664K)
[12.939s][info][gc             ] GC(81) Pause Young (Allocation Failure) 632M->83M(1979M) 0.481ms
[12.939s][info][gc,cpu         ] GC(81) User=0.00s Sys=0.00s Real=0.00s
[13.082s][info][gc,start       ] GC(82) Pause Young (Allocation Failure)
[13.083s][info][gc,heap        ] GC(82) DefNew: 559614K(629120K)->882K(629120K) Eden: 559232K(559232K)->0K(559232K) From: 382K(69888K)->882K(69888K)
[13.083s][info][gc,heap        ] GC(82) Tenured: 85056K(1398144K)->85056K(1398144K)
[13.083s][info][gc,metaspace   ] GC(82) Metaspace: 11724K(12032K)->11724K(12032K) NonClass: 10195K(10368K)->10195K(10368K) Class: 1528K(1664K)->1528K(1664K)
[13.083s][info][gc             ] GC(82) Pause Young (Allocation Failure) 629M->83M(1979M) 0.660ms
[13.083s][info][gc,cpu         ] GC(82) User=0.00s Sys=0.00s Real=0.00s
[13.221s][info][gc,start       ] GC(83) Pause Young (Allocation Failure)
[13.222s][info][gc,heap        ] GC(83) DefNew: 560114K(629120K)->1268K(629120K) Eden: 559232K(559232K)->0K(559232K) From: 882K(69888K)->1268K(69888K)
[13.222s][info][gc,heap        ] GC(83) Tenured: 85056K(1398144K)->85056K(1398144K)
[13.222s][info][gc,metaspace   ] GC(83) Metaspace: 11724K(12032K)->11724K(12032K) NonClass: 10195K(10368K)->10195K(10368K) Class: 1528K(1664K)->1528K(1664K)
[13.222s][info][gc             ] GC(83) Pause Young (Allocation Failure) 630M->84M(1979M) 0.798ms
[13.222s][info][gc,cpu         ] GC(83) User=0.00s Sys=0.00s Real=0.00s
[13.359s][info][gc,start       ] GC(84) Pause Young (Allocation Failure)
[13.360s][info][gc,heap        ] GC(84) DefNew: 560500K(629120K)->1618K(629120K) Eden: 559232K(559232K)->0K(559232K) From: 1268K(69888K)->1618K(69888K)
[13.360s][info][gc,heap        ] GC(84) Tenured: 85056K(1398144K)->85056K(1398144K)
[13.360s][info][gc,metaspace   ] GC(84) Metaspace: 11724K(12032K)->11724K(12032K) NonClass: 10195K(10368K)->10195K(10368K) Class: 1528K(1664K)->1528K(1664K)
[13.360s][info][gc             ] GC(84) Pause Young (Allocation Failure) 630M->84M(1979M) 0.916ms
[13.360s][info][gc,cpu         ] GC(84) User=0.00s Sys=0.00s Real=0.00s
[13.500s][info][gc,start       ] GC(85) Pause Young (Allocation Failure)
[13.502s][info][gc,heap        ] GC(85) DefNew: 560850K(629120K)->2190K(629120K) Eden: 559232K(559232K)->0K(559232K) From: 1618K(69888K)->2190K(69888K)
[13.502s][info][gc,heap        ] GC(85) Tenured: 85056K(1398144K)->85056K(1398144K)
[13.502s][info][gc,metaspace   ] GC(85) Metaspace: 11724K(12032K)->11724K(12032K) NonClass: 10195K(10368K)->10195K(10368K) Class: 1528K(1664K)->1528K(1664K)
[13.502s][info][gc             ] GC(85) Pause Young (Allocation Failure) 630M->85M(1979M) 1.511ms
[13.502s][info][gc,cpu         ] GC(85) User=0.00s Sys=0.00s Real=0.00s
[13.635s][info][gc,start       ] GC(86) Pause Young (Allocation Failure)
[13.636s][info][gc,heap        ] GC(86) DefNew: 561422K(629120K)->2154K(629120K) Eden: 559232K(559232K)->0K(559232K) From: 2190K(69888K)->2154K(69888K)
[13.636s][info][gc,heap        ] GC(86) Tenured: 85056K(1398144K)->85056K(1398144K)
[13.636s][info][gc,metaspace   ] GC(86) Metaspace: 11724K(12032K)->11724K(12032K) NonClass: 10195K(10368K)->10195K(10368K) Class: 1528K(1664K)->1528K(1664K)
[13.636s][info][gc             ] GC(86) Pause Young (Allocation Failure) 631M->85M(1979M) 1.047ms
[13.636s][info][gc,cpu         ] GC(86) User=0.00s Sys=0.00s Real=0.00s
[13.777s][info][gc,start       ] GC(87) Pause Young (Allocation Failure)
[13.777s][info][gc,heap        ] GC(87) DefNew: 561386K(629120K)->64K(629120K) Eden: 559232K(559232K)->0K(559232K) From: 2154K(69888K)->64K(69888K)
[13.777s][info][gc,heap        ] GC(87) Tenured: 85056K(1398144K)->85056K(1398144K)
[13.777s][info][gc,metaspace   ] GC(87) Metaspace: 11724K(12032K)->11724K(12032K) NonClass: 10195K(10368K)->10195K(10368K) Class: 1528K(1664K)->1528K(1664K)
[13.777s][info][gc             ] GC(87) Pause Young (Allocation Failure) 631M->83M(1979M) 0.358ms
[13.777s][info][gc,cpu         ] GC(87) User=0.00s Sys=0.00s Real=0.00s
[13.913s][info][gc,start       ] GC(88) Pause Young (Allocation Failure)
[13.914s][info][gc,heap        ] GC(88) DefNew: 559296K(629120K)->527K(629120K) Eden: 559232K(559232K)->0K(559232K) From: 64K(69888K)->527K(69888K)
[13.914s][info][gc,heap        ] GC(88) Tenured: 85056K(1398144K)->85056K(1398144K)
[13.914s][info][gc,metaspace   ] GC(88) Metaspace: 11724K(12032K)->11724K(12032K) NonClass: 10195K(10368K)->10195K(10368K) Class: 1528K(1664K)->1528K(1664K)
[13.914s][info][gc             ] GC(88) Pause Young (Allocation Failure) 629M->83M(1979M) 0.529ms
[13.914s][info][gc,cpu         ] GC(88) User=0.00s Sys=0.00s Real=0.00s
[14.048s][info][gc,start       ] GC(89) Pause Young (Allocation Failure)
[14.049s][info][gc,heap        ] GC(89) DefNew: 559759K(629120K)->947K(629120K) Eden: 559232K(559232K)->0K(559232K) From: 527K(69888K)->947K(69888K)
[14.049s][info][gc,heap        ] GC(89) Tenured: 85056K(1398144K)->85056K(1398144K)
[14.049s][info][gc,metaspace   ] GC(89) Metaspace: 11724K(12032K)->11724K(12032K) NonClass: 10195K(10368K)->10195K(10368K) Class: 1528K(1664K)->1528K(1664K)
[14.049s][info][gc             ] GC(89) Pause Young (Allocation Failure) 629M->83M(1979M) 0.660ms
[14.049s][info][gc,cpu         ] GC(89) User=0.00s Sys=0.00s Real=0.00s
[14.184s][info][gc,start       ] GC(90) Pause Young (Allocation Failure)
[14.184s][info][gc,heap        ] GC(90) DefNew: 560179K(629120K)->1351K(629120K) Eden: 559232K(559232K)->0K(559232K) From: 947K(69888K)->1351K(69888K)
[14.184s][info][gc,heap        ] GC(90) Tenured: 85056K(1398144K)->85056K(1398144K)
[14.184s][info][gc,metaspace   ] GC(90) Metaspace: 11724K(12032K)->11724K(12032K) NonClass: 10195K(10368K)->10195K(10368K) Class: 1528K(1664K)->1528K(1664K)
[14.185s][info][gc             ] GC(90) Pause Young (Allocation Failure) 630M->84M(1979M) 0.890ms
[14.185s][info][gc,cpu         ] GC(90) User=0.00s Sys=0.00s Real=0.00s
[14.315s][info][gc,start       ] GC(91) Pause Full (System.gc())
[14.315s][info][gc,phases,start] GC(91) Phase 1: Mark live objects
[14.365s][info][gc,phases      ] GC(91) Phase 1: Mark live objects 50.464ms
[14.365s][info][gc,phases,start] GC(91) Phase 2: Compute new object addresses
[14.419s][info][gc,phases      ] GC(91) Phase 2: Compute new object addresses 53.279ms
[14.419s][info][gc,phases,start] GC(91) Phase 3: Adjust pointers
[14.440s][info][gc,phases      ] GC(91) Phase 3: Adjust pointers 21.563ms
[14.440s][info][gc,phases,start] GC(91) Phase 4: Move objects
[14.440s][info][gc,phases      ] GC(91) Phase 4: Move objects 0.010ms
[14.440s][info][gc,heap        ] GC(91) DefNew: 533073K(629120K)->0K(629120K) Eden: 531722K(559232K)->0K(559232K) From: 1351K(69888K)->0K(69888K)
[14.440s][info][gc,heap        ] GC(91) Tenured: 85056K(1398144K)->85056K(1398144K)
[14.440s][info][gc,metaspace   ] GC(91) Metaspace: 11725K(12032K)->11725K(12032K) NonClass: 10196K(10368K)->10196K(10368K) Class: 1528K(1664K)->1528K(1664K)
[14.440s][info][gc             ] GC(91) Pause Full (System.gc()) 603M->83M(1979M) 125.612ms
[14.440s][info][gc,cpu         ] GC(91) User=0.11s Sys=0.00s Real=0.12s
[14.583s][info][gc,start       ] GC(92) Pause Young (Allocation Failure)
[14.584s][info][gc,heap        ] GC(92) DefNew: 559232K(629120K)->542K(629120K) Eden: 559232K(559232K)->0K(559232K) From: 0K(69888K)->542K(69888K)
[14.584s][info][gc,heap        ] GC(92) Tenured: 85056K(1398144K)->85056K(1398144K)
[14.584s][info][gc,metaspace   ] GC(92) Metaspace: 11725K(12032K)->11725K(12032K) NonClass: 10196K(10368K)->10196K(10368K) Class: 1528K(1664K)->1528K(1664K)
[14.584s][info][gc             ] GC(92) Pause Young (Allocation Failure) 629M->83M(1979M) 0.531ms
[14.584s][info][gc,cpu         ] GC(92) User=0.00s Sys=0.00s Real=0.00s
[14.719s][info][gc,start       ] GC(93) Pause Young (Allocation Failure)
[14.720s][info][gc,heap        ] GC(93) DefNew: 559774K(629120K)->870K(629120K) Eden: 559232K(559232K)->0K(559232K) From: 542K(69888K)->870K(69888K)
[14.720s][info][gc,heap        ] GC(93) Tenured: 85056K(1398144K)->85056K(1398144K)
[14.720s][info][gc,metaspace   ] GC(93) Metaspace: 11725K(12032K)->11725K(12032K) NonClass: 10196K(10368K)->10196K(10368K) Class: 1528K(1664K)->1528K(1664K)
[14.720s][info][gc             ] GC(93) Pause Young (Allocation Failure) 629M->83M(1979M) 0.687ms
[14.720s][info][gc,cpu         ] GC(93) User=0.00s Sys=0.00s Real=0.00s
[14.854s][info][gc,start       ] GC(94) Pause Young (Allocation Failure)
[14.854s][info][gc,heap        ] GC(94) DefNew: 560102K(629120K)->1269K(629120K) Eden: 559232K(559232K)->0K(559232K) From: 870K(69888K)->1269K(69888K)
[14.854s][info][gc,heap        ] GC(94) Tenured: 85056K(1398144K)->85056K(1398144K)
[14.854s][info][gc,metaspace   ] GC(94) Metaspace: 11725K(12032K)->11725K(12032K) NonClass: 10196K(10368K)->10196K(10368K) Class: 1528K(1664K)->1528K(1664K)
[14.854s][info][gc             ] GC(94) Pause Young (Allocation Failure) 630M->84M(1979M) 0.755ms
[14.854s][info][gc,cpu         ] GC(94) User=0.00s Sys=0.00s Real=0.00s
[14.988s][info][gc,start       ] GC(95) Pause Young (Allocation Failure)
[14.989s][info][gc,heap        ] GC(95) DefNew: 560501K(629120K)->1589K(629120K) Eden: 559232K(559232K)->0K(559232K) From: 1269K(69888K)->1589K(69888K)
[14.989s][info][gc,heap        ] GC(95) Tenured: 85056K(1398144K)->85056K(1398144K)
[14.989s][info][gc,metaspace   ] GC(95) Metaspace: 11725K(12032K)->11725K(12032K) NonClass: 10196K(10368K)->10196K(10368K) Class: 1528K(1664K)->1528K(1664K)
[14.989s][info][gc             ] GC(95) Pause Young (Allocation Failure) 630M->84M(1979M) 0.865ms
[14.989s][info][gc,cpu         ] GC(95) User=0.00s Sys=0.00s Real=0.00s
[15.125s][info][gc,start       ] GC(96) Pause Young (Allocation Failure)
[15.125s][info][gc,heap        ] GC(96) DefNew: 560821K(629120K)->1883K(629120K) Eden: 559232K(559232K)->0K(559232K) From: 1589K(69888K)->1883K(69888K)
[15.126s][info][gc,heap        ] GC(96) Tenured: 85056K(1398144K)->85056K(1398144K)
[15.126s][info][gc,metaspace   ] GC(96) Metaspace: 11725K(12032K)->11725K(12032K) NonClass: 10196K(10368K)->10196K(10368K) Class: 1528K(1664K)->1528K(1664K)
[15.126s][info][gc             ] GC(96) Pause Young (Allocation Failure) 630M->84M(1979M) 0.978ms
[15.126s][info][gc,cpu         ] GC(96) User=0.00s Sys=0.00s Real=0.00s
[15.259s][info][gc,start       ] GC(97) Pause Young (Allocation Failure)
[15.260s][info][gc,heap        ] GC(97) DefNew: 561115K(629120K)->2532K(629120K) Eden: 559232K(559232K)->0K(559232K) From: 1883K(69888K)->2532K(69888K)
[15.260s][info][gc,heap        ] GC(97) Tenured: 85056K(1398144K)->85056K(1398144K)
[15.260s][info][gc,metaspace   ] GC(97) Metaspace: 11725K(12032K)->11725K(12032K) NonClass: 10196K(10368K)->10196K(10368K) Class: 1528K(1664K)->1528K(1664K)
[15.260s][info][gc             ] GC(97) Pause Young (Allocation Failure) 631M->85M(1979M) 1.177ms
[15.260s][info][gc,cpu         ] GC(97) User=0.00s Sys=0.00s Real=0.00s
[15.396s][info][gc,start       ] GC(98) Pause Young (Allocation Failure)
[15.397s][info][gc,heap        ] GC(98) DefNew: 561647K(629120K)->2543K(629120K) Eden: 559114K(559232K)->0K(559232K) From: 2532K(69888K)->2543K(69888K)
[15.397s][info][gc,heap        ] GC(98) Tenured: 85056K(1398144K)->85056K(1398144K)
[15.397s][info][gc,metaspace   ] GC(98) Metaspace: 11725K(12032K)->11725K(12032K) NonClass: 10196K(10368K)->10196K(10368K) Class: 1528K(1664K)->1528K(1664K)
[15.397s][info][gc             ] GC(98) Pause Young (Allocation Failure) 631M->85M(1979M) 1.194ms
[15.397s][info][gc,cpu         ] GC(98) User=0.00s Sys=0.00s Real=0.00s
[15.547s][info][gc,start       ] GC(99) Pause Young (Allocation Failure)
[15.547s][info][gc,heap        ] GC(99) DefNew: 561775K(629120K)->296K(629120K) Eden: 559232K(559232K)->0K(559232K) From: 2543K(69888K)->296K(69888K)
[15.547s][info][gc,heap        ] GC(99) Tenured: 85056K(1398144K)->85056K(1398144K)
[15.547s][info][gc,metaspace   ] GC(99) Metaspace: 11725K(12032K)->11725K(12032K) NonClass: 10196K(10368K)->10196K(10368K) Class: 1528K(1664K)->1528K(1664K)
[15.547s][info][gc             ] GC(99) Pause Young (Allocation Failure) 631M->83M(1979M) 0.445ms
[15.547s][info][gc,cpu         ] GC(99) User=0.00s Sys=0.00s Real=0.00s
[15.683s][info][gc,start       ] GC(100) Pause Young (Allocation Failure)
[15.684s][info][gc,heap        ] GC(100) DefNew: 559528K(629120K)->759K(629120K) Eden: 559232K(559232K)->0K(559232K) From: 296K(69888K)->759K(69888K)
[15.684s][info][gc,heap        ] GC(100) Tenured: 85056K(1398144K)->85056K(1398144K)
[15.684s][info][gc,metaspace   ] GC(100) Metaspace: 11725K(12032K)->11725K(12032K) NonClass: 10196K(10368K)->10196K(10368K) Class: 1528K(1664K)->1528K(1664K)
[15.684s][info][gc             ] GC(100) Pause Young (Allocation Failure) 629M->83M(1979M) 0.603ms
[15.684s][info][gc,cpu         ] GC(100) User=0.00s Sys=0.00s Real=0.00s
[15.819s][info][gc,start       ] GC(101) Pause Young (Allocation Failure)
[15.820s][info][gc,heap        ] GC(101) DefNew: 559991K(629120K)->1099K(629120K) Eden: 559232K(559232K)->0K(559232K) From: 759K(69888K)->1099K(69888K)
[15.820s][info][gc,heap        ] GC(101) Tenured: 85056K(1398144K)->85056K(1398144K)
[15.820s][info][gc,metaspace   ] GC(101) Metaspace: 11725K(12032K)->11725K(12032K) NonClass: 10196K(10368K)->10196K(10368K) Class: 1528K(1664K)->1528K(1664K)
[15.820s][info][gc             ] GC(101) Pause Young (Allocation Failure) 629M->84M(1979M) 0.725ms
[15.820s][info][gc,cpu         ] GC(101) User=0.00s Sys=0.00s Real=0.00s
[15.954s][info][gc,start       ] GC(102) Pause Young (Allocation Failure)
[15.955s][info][gc,heap        ] GC(102) DefNew: 560331K(629120K)->1654K(629120K) Eden: 559232K(559232K)->0K(559232K) From: 1099K(69888K)->1654K(69888K)
[15.955s][info][gc,heap        ] GC(102) Tenured: 85056K(1398144K)->85056K(1398144K)
[15.955s][info][gc,metaspace   ] GC(102) Metaspace: 11725K(12032K)->11725K(12032K) NonClass: 10196K(10368K)->10196K(10368K) Class: 1528K(1664K)->1528K(1664K)
[15.955s][info][gc             ] GC(102) Pause Young (Allocation Failure) 630M->84M(1979M) 0.913ms
[15.955s][info][gc,cpu         ] GC(102) User=0.00s Sys=0.00s Real=0.00s
[16.089s][info][gc,start       ] GC(103) Pause Young (Allocation Failure)
[16.090s][info][gc,heap        ] GC(103) DefNew: 560886K(629120K)->1969K(629120K) Eden: 559232K(559232K)->0K(559232K) From: 1654K(69888K)->1969K(69888K)
[16.090s][info][gc,heap        ] GC(103) Tenured: 85056K(1398144K)->85056K(1398144K)
[16.090s][info][gc,metaspace   ] GC(103) Metaspace: 11725K(12032K)->11725K(12032K) NonClass: 10196K(10368K)->10196K(10368K) Class: 1528K(1664K)->1528K(1664K)
[16.090s][info][gc             ] GC(103) Pause Young (Allocation Failure) 630M->84M(1979M) 1.019ms
[16.090s][info][gc,cpu         ] GC(103) User=0.00s Sys=0.00s Real=0.00s
[16.225s][info][gc,start       ] GC(104) Pause Young (Allocation Failure)
[16.226s][info][gc,heap        ] GC(104) DefNew: 561201K(629120K)->2496K(629120K) Eden: 559232K(559232K)->0K(559232K) From: 1969K(69888K)->2496K(69888K)
[16.226s][info][gc,heap        ] GC(104) Tenured: 85056K(1398144K)->85056K(1398144K)
[16.226s][info][gc,metaspace   ] GC(104) Metaspace: 11725K(12032K)->11725K(12032K) NonClass: 10196K(10368K)->10196K(10368K) Class: 1528K(1664K)->1528K(1664K)
[16.226s][info][gc             ] GC(104) Pause Young (Allocation Failure) 631M->85M(1979M) 1.142ms
[16.227s][info][gc,cpu         ] GC(104) User=0.00s Sys=0.00s Real=0.00s
[16.361s][info][gc,start       ] GC(105) Pause Young (Allocation Failure)
[16.362s][info][gc,heap        ] GC(105) DefNew: 561728K(629120K)->3324K(629120K) Eden: 559232K(559232K)->0K(559232K) From: 2496K(69888K)->3324K(69888K)
[16.362s][info][gc,heap        ] GC(105) Tenured: 85056K(1398144K)->85056K(1398144K)
[16.362s][info][gc,metaspace   ] GC(105) Metaspace: 11725K(12032K)->11725K(12032K) NonClass: 10196K(10368K)->10196K(10368K) Class: 1528K(1664K)->1528K(1664K)
[16.362s][info][gc             ] GC(105) Pause Young (Allocation Failure) 631M->86M(1979M) 1.439ms
[16.362s][info][gc,cpu         ] GC(105) User=0.00s Sys=0.00s Real=0.00s
[16.506s][info][gc,start       ] GC(106) Pause Young (Allocation Failure)
[16.507s][info][gc,heap        ] GC(106) DefNew: 562556K(629120K)->426K(629120K) Eden: 559232K(559232K)->0K(559232K) From: 3324K(69888K)->426K(69888K)
[16.507s][info][gc,heap        ] GC(106) Tenured: 85056K(1398144K)->85056K(1398144K)
[16.507s][info][gc,metaspace   ] GC(106) Metaspace: 11725K(12032K)->11725K(12032K) NonClass: 10196K(10368K)->10196K(10368K) Class: 1528K(1664K)->1528K(1664K)
[16.507s][info][gc             ] GC(106) Pause Young (Allocation Failure) 632M->83M(1979M) 0.479ms
[16.507s][info][gc,cpu         ] GC(106) User=0.00s Sys=0.00s Real=0.00s
[16.641s][info][gc,start       ] GC(107) Pause Young (Allocation Failure)
[16.642s][info][gc,heap        ] GC(107) DefNew: 559658K(629120K)->818K(629120K) Eden: 559232K(559232K)->0K(559232K) From: 426K(69888K)->818K(69888K)
[16.642s][info][gc,heap        ] GC(107) Tenured: 85056K(1398144K)->85056K(1398144K)
[16.642s][info][gc,metaspace   ] GC(107) Metaspace: 11725K(12032K)->11725K(12032K) NonClass: 10196K(10368K)->10196K(10368K) Class: 1528K(1664K)->1528K(1664K)
[16.642s][info][gc             ] GC(107) Pause Young (Allocation Failure) 629M->83M(1979M) 0.601ms
[16.642s][info][gc,cpu         ] GC(107) User=0.00s Sys=0.00s Real=0.00s
[16.777s][info][gc,start       ] GC(108) Pause Young (Allocation Failure)
[16.778s][info][gc,heap        ] GC(108) DefNew: 560050K(629120K)->1202K(629120K) Eden: 559232K(559232K)->0K(559232K) From: 818K(69888K)->1202K(69888K)
[16.778s][info][gc,heap        ] GC(108) Tenured: 85056K(1398144K)->85056K(1398144K)
[16.778s][info][gc,metaspace   ] GC(108) Metaspace: 11725K(12032K)->11725K(12032K) NonClass: 10196K(10368K)->10196K(10368K) Class: 1528K(1664K)->1528K(1664K)
[16.778s][info][gc             ] GC(108) Pause Young (Allocation Failure) 629M->84M(1979M) 0.759ms
[16.778s][info][gc,cpu         ] GC(108) User=0.00s Sys=0.00s Real=0.00s
[16.909s][info][gc,start       ] GC(109) Pause Full (System.gc())
[16.909s][info][gc,phases,start] GC(109) Phase 1: Mark live objects
[16.961s][info][gc,phases      ] GC(109) Phase 1: Mark live objects 51.791ms
[16.961s][info][gc,phases,start] GC(109) Phase 2: Compute new object addresses
[17.014s][info][gc,phases      ] GC(109) Phase 2: Compute new object addresses 53.356ms
[17.014s][info][gc,phases,start] GC(109) Phase 3: Adjust pointers
[17.035s][info][gc,phases      ] GC(109) Phase 3: Adjust pointers 21.018ms
[17.035s][info][gc,phases,start] GC(109) Phase 4: Move objects
[17.035s][info][gc,phases      ] GC(109) Phase 4: Move objects 0.009ms
[17.035s][info][gc,heap        ] GC(109) DefNew: 534969K(629120K)->0K(629120K) Eden: 533766K(559232K)->0K(559232K) From: 1202K(69888K)->0K(69888K)
[17.035s][info][gc,heap        ] GC(109) Tenured: 85056K(1398144K)->85057K(1398144K)
[17.035s][info][gc,metaspace   ] GC(109) Metaspace: 11730K(12032K)->11730K(12032K) NonClass: 10201K(10368K)->10201K(10368K) Class: 1528K(1664K)->1528K(1664K)
[17.035s][info][gc             ] GC(109) Pause Full (System.gc()) 605M->83M(1979M) 126.468ms
[17.035s][info][gc,cpu         ] GC(109) User=0.11s Sys=0.00s Real=0.13s
[17.179s][info][gc,start       ] GC(110) Pause Young (Allocation Failure)
[17.179s][info][gc,heap        ] GC(110) DefNew: 559232K(629120K)->434K(629120K) Eden: 559232K(559232K)->0K(559232K) From: 0K(69888K)->434K(69888K)
[17.179s][info][gc,heap        ] GC(110) Tenured: 85057K(1398144K)->85057K(1398144K)
[17.179s][info][gc,metaspace   ] GC(110) Metaspace: 11731K(12032K)->11731K(12032K) NonClass: 10202K(10368K)->10202K(10368K) Class: 1528K(1664K)->1528K(1664K)
[17.179s][info][gc             ] GC(110) Pause Young (Allocation Failure) 629M->83M(1979M) 0.488ms
[17.179s][info][gc,cpu         ] GC(110) User=0.00s Sys=0.00s Real=0.00s
[17.313s][info][gc,start       ] GC(111) Pause Young (Allocation Failure)
[17.313s][info][gc,heap        ] GC(111) DefNew: 559666K(629120K)->859K(629120K) Eden: 559232K(559232K)->0K(559232K) From: 434K(69888K)->859K(69888K)
[17.313s][info][gc,heap        ] GC(111) Tenured: 85057K(1398144K)->85057K(1398144K)
[17.313s][info][gc,metaspace   ] GC(111) Metaspace: 11731K(12032K)->11731K(12032K) NonClass: 10202K(10368K)->10202K(10368K) Class: 1528K(1664K)->1528K(1664K)
[17.313s][info][gc             ] GC(111) Pause Young (Allocation Failure) 629M->83M(1979M) 0.617ms
[17.313s][info][gc,cpu         ] GC(111) User=0.00s Sys=0.00s Real=0.00s
[17.453s][info][gc,start       ] GC(112) Pause Young (Allocation Failure)
[17.453s][info][gc,heap        ] GC(112) DefNew: 560091K(629120K)->1177K(629120K) Eden: 559232K(559232K)->0K(559232K) From: 859K(69888K)->1177K(69888K)
[17.453s][info][gc,heap        ] GC(112) Tenured: 85057K(1398144K)->85057K(1398144K)
[17.453s][info][gc,metaspace   ] GC(112) Metaspace: 11731K(12032K)->11731K(12032K) NonClass: 10202K(10368K)->10202K(10368K) Class: 1528K(1664K)->1528K(1664K)
[17.453s][info][gc             ] GC(112) Pause Young (Allocation Failure) 630M->84M(1979M) 0.841ms
[17.453s][info][gc,cpu         ] GC(112) User=0.00s Sys=0.00s Real=0.00s
[17.589s][info][gc,start       ] GC(113) Pause Young (Allocation Failure)
[17.590s][info][gc,heap        ] GC(113) DefNew: 560409K(629120K)->1931K(629120K) Eden: 559232K(559232K)->0K(559232K) From: 1177K(69888K)->1931K(69888K)
[17.590s][info][gc,heap        ] GC(113) Tenured: 85057K(1398144K)->85057K(1398144K)
[17.590s][info][gc,metaspace   ] GC(113) Metaspace: 11731K(12032K)->11731K(12032K) NonClass: 10202K(10368K)->10202K(10368K) Class: 1528K(1664K)->1528K(1664K)
[17.590s][info][gc             ] GC(113) Pause Young (Allocation Failure) 630M->84M(1979M) 0.981ms
[17.590s][info][gc,cpu         ] GC(113) User=0.00s Sys=0.00s Real=0.00s
[17.726s][info][gc,start       ] GC(114) Pause Young (Allocation Failure)
[17.727s][info][gc,heap        ] GC(114) DefNew: 561163K(629120K)->2025K(629120K) Eden: 559232K(559232K)->0K(559232K) From: 1931K(69888K)->2025K(69888K)
[17.727s][info][gc,heap        ] GC(114) Tenured: 85057K(1398144K)->85057K(1398144K)
[17.727s][info][gc,metaspace   ] GC(114) Metaspace: 11731K(12032K)->11731K(12032K) NonClass: 10202K(10368K)->10202K(10368K) Class: 1528K(1664K)->1528K(1664K)
[17.727s][info][gc             ] GC(114) Pause Young (Allocation Failure) 631M->85M(1979M) 0.964ms
[17.727s][info][gc,cpu         ] GC(114) User=0.00s Sys=0.00s Real=0.00s
[17.865s][info][gc,start       ] GC(115) Pause Young (Allocation Failure)
[17.866s][info][gc,heap        ] GC(115) DefNew: 561257K(629120K)->2591K(629120K) Eden: 559232K(559232K)->0K(559232K) From: 2025K(69888K)->2591K(69888K)
[17.866s][info][gc,heap        ] GC(115) Tenured: 85057K(1398144K)->85057K(1398144K)
[17.866s][info][gc,metaspace   ] GC(115) Metaspace: 11731K(12032K)->11731K(12032K) NonClass: 10202K(10368K)->10202K(10368K) Class: 1528K(1664K)->1528K(1664K)
[17.866s][info][gc             ] GC(115) Pause Young (Allocation Failure) 631M->85M(1979M) 1.192ms
[17.866s][info][gc,cpu         ] GC(115) User=0.00s Sys=0.00s Real=0.00s
[18.003s][info][gc,start       ] GC(116) Pause Young (Allocation Failure)
[18.004s][info][gc,heap        ] GC(116) DefNew: 561823K(629120K)->174K(629120K) Eden: 559232K(559232K)->0K(559232K) From: 2591K(69888K)->174K(69888K)
[18.004s][info][gc,heap        ] GC(116) Tenured: 85057K(1398144K)->85057K(1398144K)
[18.004s][info][gc,metaspace   ] GC(116) Metaspace: 11731K(12032K)->11731K(12032K) NonClass: 10202K(10368K)->10202K(10368K) Class: 1528K(1664K)->1528K(1664K)
[18.004s][info][gc             ] GC(116) Pause Young (Allocation Failure) 631M->83M(1979M) 0.408ms
[18.004s][info][gc,cpu         ] GC(116) User=0.00s Sys=0.00s Real=0.00s
[18.139s][info][gc,start       ] GC(117) Pause Young (Allocation Failure)
[18.140s][info][gc,heap        ] GC(117) DefNew: 559406K(629120K)->729K(629120K) Eden: 559232K(559232K)->0K(559232K) From: 174K(69888K)->729K(69888K)
[18.140s][info][gc,heap        ] GC(117) Tenured: 85057K(1398144K)->85057K(1398144K)
[18.140s][info][gc,metaspace   ] GC(117) Metaspace: 11731K(12032K)->11731K(12032K) NonClass: 10202K(10368K)->10202K(10368K) Class: 1528K(1664K)->1528K(1664K)
[18.140s][info][gc             ] GC(117) Pause Young (Allocation Failure) 629M->83M(1979M) 0.576ms
[18.140s][info][gc,cpu         ] GC(117) User=0.00s Sys=0.00s Real=0.00s
[18.276s][info][gc,start       ] GC(118) Pause Young (Allocation Failure)
[18.277s][info][gc,heap        ] GC(118) DefNew: 559961K(629120K)->1171K(629120K) Eden: 559232K(559232K)->0K(559232K) From: 729K(69888K)->1171K(69888K)
[18.277s][info][gc,heap        ] GC(118) Tenured: 85057K(1398144K)->85057K(1398144K)
[18.277s][info][gc,metaspace   ] GC(118) Metaspace: 11731K(12032K)->11731K(12032K) NonClass: 10202K(10368K)->10202K(10368K) Class: 1528K(1664K)->1528K(1664K)
[18.277s][info][gc             ] GC(118) Pause Young (Allocation Failure) 629M->84M(1979M) 0.705ms
[18.277s][info][gc,cpu         ] GC(118) User=0.00s Sys=0.00s Real=0.00s
[18.411s][info][gc,start       ] GC(119) Pause Young (Allocation Failure)
[18.412s][info][gc,heap        ] GC(119) DefNew: 560403K(629120K)->1637K(629120K) Eden: 559232K(559232K)->0K(559232K) From: 1171K(69888K)->1637K(69888K)
[18.412s][info][gc,heap        ] GC(119) Tenured: 85057K(1398144K)->85057K(1398144K)
[18.412s][info][gc,metaspace   ] GC(119) Metaspace: 11731K(12032K)->11731K(12032K) NonClass: 10202K(10368K)->10202K(10368K) Class: 1528K(1664K)->1528K(1664K)
[18.412s][info][gc             ] GC(119) Pause Young (Allocation Failure) 630M->84M(1979M) 0.865ms
[18.412s][info][gc,cpu         ] GC(119) User=0.00s Sys=0.00s Real=0.00s
[18.552s][info][gc,start       ] GC(120) Pause Young (Allocation Failure)
[18.553s][info][gc,heap        ] GC(120) DefNew: 560869K(629120K)->1745K(629120K) Eden: 559232K(559232K)->0K(559232K) From: 1637K(69888K)->1745K(69888K)
[18.553s][info][gc,heap        ] GC(120) Tenured: 85057K(1398144K)->85057K(1398144K)
[18.553s][info][gc,metaspace   ] GC(120) Metaspace: 11731K(12032K)->11731K(12032K) NonClass: 10202K(10368K)->10202K(10368K) Class: 1528K(1664K)->1528K(1664K)
[18.553s][info][gc             ] GC(120) Pause Young (Allocation Failure) 630M->84M(1979M) 0.935ms
[18.553s][info][gc,cpu         ] GC(120) User=0.00s Sys=0.00s Real=0.00s
[18.688s][info][gc,start       ] GC(121) Pause Young (Allocation Failure)
[18.689s][info][gc,heap        ] GC(121) DefNew: 560977K(629120K)->2497K(629120K) Eden: 559232K(559232K)->0K(559232K) From: 1745K(69888K)->2497K(69888K)
[18.689s][info][gc,heap        ] GC(121) Tenured: 85057K(1398144K)->85057K(1398144K)
[18.689s][info][gc,metaspace   ] GC(121) Metaspace: 11731K(12032K)->11731K(12032K) NonClass: 10202K(10368K)->10202K(10368K) Class: 1528K(1664K)->1528K(1664K)
[18.689s][info][gc             ] GC(121) Pause Young (Allocation Failure) 630M->85M(1979M) 1.135ms
[18.689s][info][gc,cpu         ] GC(121) User=0.00s Sys=0.00s Real=0.00s
[18.824s][info][gc,start       ] GC(122) Pause Young (Allocation Failure)
[18.825s][info][gc,heap        ] GC(122) DefNew: 561729K(629120K)->2935K(629120K) Eden: 559232K(559232K)->0K(559232K) From: 2497K(69888K)->2935K(69888K)
[18.825s][info][gc,heap        ] GC(122) Tenured: 85057K(1398144K)->85057K(1398144K)
[18.825s][info][gc,metaspace   ] GC(122) Metaspace: 11731K(12032K)->11731K(12032K) NonClass: 10202K(10368K)->10202K(10368K) Class: 1528K(1664K)->1528K(1664K)
[18.825s][info][gc             ] GC(122) Pause Young (Allocation Failure) 631M->85M(1979M) 1.285ms
[18.825s][info][gc,cpu         ] GC(122) User=0.00s Sys=0.00s Real=0.00s
[18.964s][info][gc,start       ] GC(123) Pause Young (Allocation Failure)
[18.965s][info][gc,heap        ] GC(123) DefNew: 562167K(629120K)->159K(629120K) Eden: 559232K(559232K)->0K(559232K) From: 2935K(69888K)->159K(69888K)
[18.965s][info][gc,heap        ] GC(123) Tenured: 85057K(1398144K)->85057K(1398144K)
[18.965s][info][gc,metaspace   ] GC(123) Metaspace: 11731K(12032K)->11731K(12032K) NonClass: 10202K(10368K)->10202K(10368K) Class: 1528K(1664K)->1528K(1664K)
[18.965s][info][gc             ] GC(123) Pause Young (Allocation Failure) 632M->83M(1979M) 0.410ms
[18.965s][info][gc,cpu         ] GC(123) User=0.00s Sys=0.00s Real=0.00s
[19.099s][info][gc,start       ] GC(124) Pause Young (Allocation Failure)
[19.099s][info][gc,heap        ] GC(124) DefNew: 559391K(629120K)->657K(629120K) Eden: 559232K(559232K)->0K(559232K) From: 159K(69888K)->657K(69888K)
[19.099s][info][gc,heap        ] GC(124) Tenured: 85057K(1398144K)->85057K(1398144K)
[19.099s][info][gc,metaspace   ] GC(124) Metaspace: 11731K(12032K)->11731K(12032K) NonClass: 10202K(10368K)->10202K(10368K) Class: 1528K(1664K)->1528K(1664K)
[19.099s][info][gc             ] GC(124) Pause Young (Allocation Failure) 629M->83M(1979M) 0.560ms
[19.099s][info][gc,cpu         ] GC(124) User=0.00s Sys=0.00s Real=0.00s
[19.235s][info][gc,start       ] GC(125) Pause Young (Allocation Failure)
[19.235s][info][gc,heap        ] GC(125) DefNew: 559889K(629120K)->982K(629120K) Eden: 559232K(559232K)->0K(559232K) From: 657K(69888K)->982K(69888K)
[19.235s][info][gc,heap        ] GC(125) Tenured: 85057K(1398144K)->85057K(1398144K)
[19.235s][info][gc,metaspace   ] GC(125) Metaspace: 11731K(12032K)->11731K(12032K) NonClass: 10202K(10368K)->10202K(10368K) Class: 1528K(1664K)->1528K(1664K)
[19.235s][info][gc             ] GC(125) Pause Young (Allocation Failure) 629M->84M(1979M) 0.658ms
[19.235s][info][gc,cpu         ] GC(125) User=0.00s Sys=0.00s Real=0.00s
[19.369s][info][gc,start       ] GC(126) Pause Young (Allocation Failure)
[19.370s][info][gc,heap        ] GC(126) DefNew: 560214K(629120K)->1401K(629120K) Eden: 559232K(559232K)->0K(559232K) From: 982K(69888K)->1401K(69888K)
[19.370s][info][gc,heap        ] GC(126) Tenured: 85057K(1398144K)->85057K(1398144K)
[19.370s][info][gc,metaspace   ] GC(126) Metaspace: 11731K(12032K)->11731K(12032K) NonClass: 10202K(10368K)->10202K(10368K) Class: 1528K(1664K)->1528K(1664K)
[19.370s][info][gc             ] GC(126) Pause Young (Allocation Failure) 630M->84M(1979M) 0.789ms
[19.370s][info][gc,cpu         ] GC(126) User=0.00s Sys=0.00s Real=0.00s
[19.505s][info][gc,start       ] GC(127) Pause Full (System.gc())
[19.505s][info][gc,phases,start] GC(127) Phase 1: Mark live objects
[19.556s][info][gc,phases      ] GC(127) Phase 1: Mark live objects 50.518ms
[19.556s][info][gc,phases,start] GC(127) Phase 2: Compute new object addresses
[19.609s][info][gc,phases      ] GC(127) Phase 2: Compute new object addresses 53.033ms
[19.609s][info][gc,phases,start] GC(127) Phase 3: Adjust pointers
[19.630s][info][gc,phases      ] GC(127) Phase 3: Adjust pointers 21.133ms
[19.630s][info][gc,phases,start] GC(127) Phase 4: Move objects
[19.630s][info][gc,phases      ] GC(127) Phase 4: Move objects 0.010ms
[19.630s][info][gc,heap        ] GC(127) DefNew: 531295K(629120K)->0K(629120K) Eden: 529893K(559232K)->0K(559232K) From: 1401K(69888K)->0K(69888K)
[19.630s][info][gc,heap        ] GC(127) Tenured: 85057K(1398144K)->85056K(1398144K)
[19.630s][info][gc,metaspace   ] GC(127) Metaspace: 11731K(12032K)->11731K(12032K) NonClass: 10203K(10368K)->10203K(10368K) Class: 1528K(1664K)->1528K(1664K)
[19.630s][info][gc             ] GC(127) Pause Full (System.gc()) 601M->83M(1979M) 124.990ms
[19.630s][info][gc,cpu         ] GC(127) User=0.11s Sys=0.00s Real=0.12s
[19.774s][info][gc,start       ] GC(128) Pause Young (Allocation Failure)
[19.774s][info][gc,heap        ] GC(128) DefNew: 559232K(629120K)->503K(629120K) Eden: 559232K(559232K)->0K(559232K) From: 0K(69888K)->503K(69888K)
[19.774s][info][gc,heap        ] GC(128) Tenured: 85056K(1398144K)->85056K(1398144K)
[19.774s][info][gc,metaspace   ] GC(128) Metaspace: 11731K(12032K)->11731K(12032K) NonClass: 10203K(10368K)->10203K(10368K) Class: 1528K(1664K)->1528K(1664K)
[19.774s][info][gc             ] GC(128) Pause Young (Allocation Failure) 629M->83M(1979M) 0.521ms
[19.774s][info][gc,cpu         ] GC(128) User=0.00s Sys=0.00s Real=0.00s
[19.910s][info][gc,start       ] GC(129) Pause Young (Allocation Failure)
[19.910s][info][gc,heap        ] GC(129) DefNew: 559735K(629120K)->819K(629120K) Eden: 559232K(559232K)->0K(559232K) From: 503K(69888K)->819K(69888K)
[19.910s][info][gc,heap        ] GC(129) Tenured: 85056K(1398144K)->85056K(1398144K)
[19.910s][info][gc,metaspace   ] GC(129) Metaspace: 11731K(12032K)->11731K(12032K) NonClass: 10203K(10368K)->10203K(10368K) Class: 1528K(1664K)->1528K(1664K)
[19.910s][info][gc             ] GC(129) Pause Young (Allocation Failure) 629M->83M(1979M) 0.621ms
[19.910s][info][gc,cpu         ] GC(129) User=0.00s Sys=0.00s Real=0.00s
[20.045s][info][gc,start       ] GC(130) Pause Young (Allocation Failure)
[20.045s][info][gc,heap        ] GC(130) DefNew: 560051K(629120K)->1242K(629120K) Eden: 559232K(559232K)->0K(559232K) From: 819K(69888K)->1242K(69888K)
[20.045s][info][gc,heap        ] GC(130) Tenured: 85056K(1398144K)->85056K(1398144K)
[20.045s][info][gc,metaspace   ] GC(130) Metaspace: 11731K(12032K)->11731K(12032K) NonClass: 10203K(10368K)->10203K(10368K) Class: 1528K(1664K)->1528K(1664K)
[20.045s][info][gc             ] GC(130) Pause Young (Allocation Failure) 629M->84M(1979M) 0.744ms
[20.045s][info][gc,cpu         ] GC(130) User=0.00s Sys=0.00s Real=0.00s
[20.179s][info][gc,start       ] GC(131) Pause Young (Allocation Failure)
[20.180s][info][gc,heap        ] GC(131) DefNew: 560449K(629120K)->1741K(629120K) Eden: 559206K(559232K)->0K(559232K) From: 1242K(69888K)->1741K(69888K)
[20.180s][info][gc,heap        ] GC(131) Tenured: 85056K(1398144K)->85056K(1398144K)
[20.180s][info][gc,metaspace   ] GC(131) Metaspace: 11731K(12032K)->11731K(12032K) NonClass: 10203K(10368K)->10203K(10368K) Class: 1528K(1664K)->1528K(1664K)
[20.180s][info][gc             ] GC(131) Pause Young (Allocation Failure) 630M->84M(1979M) 0.892ms
[20.180s][info][gc,cpu         ] GC(131) User=0.00s Sys=0.00s Real=0.00s
[20.317s][info][gc,start       ] GC(132) Pause Young (Allocation Failure)
[20.318s][info][gc,heap        ] GC(132) DefNew: 560973K(629120K)->1899K(629120K) Eden: 559232K(559232K)->0K(559232K) From: 1741K(69888K)->1899K(69888K)
[20.318s][info][gc,heap        ] GC(132) Tenured: 85056K(1398144K)->85056K(1398144K)
[20.318s][info][gc,metaspace   ] GC(132) Metaspace: 11731K(12032K)->11731K(12032K) NonClass: 10203K(10368K)->10203K(10368K) Class: 1528K(1664K)->1528K(1664K)
[20.318s][info][gc             ] GC(132) Pause Young (Allocation Failure) 630M->84M(1979M) 0.932ms
[20.318s][info][gc,cpu         ] GC(132) User=0.00s Sys=0.00s Real=0.00s
[20.456s][info][gc,start       ] GC(133) Pause Young (Allocation Failure)
[20.457s][info][gc,heap        ] GC(133) DefNew: 561057K(629120K)->2544K(629120K) Eden: 559157K(559232K)->0K(559232K) From: 1899K(69888K)->2544K(69888K)
[20.457s][info][gc,heap        ] GC(133) Tenured: 85056K(1398144K)->85056K(1398144K)
[20.457s][info][gc,metaspace   ] GC(133) Metaspace: 11731K(12032K)->11731K(12032K) NonClass: 10203K(10368K)->10203K(10368K) Class: 1528K(1664K)->1528K(1664K)
[20.457s][info][gc             ] GC(133) Pause Young (Allocation Failure) 630M->85M(1979M) 1.154ms
[20.457s][info][gc,cpu         ] GC(133) User=0.00s Sys=0.00s Real=0.00s
[20.592s][info][gc,start       ] GC(134) Pause Young (Allocation Failure)
[20.594s][info][gc,heap        ] GC(134) DefNew: 561602K(629120K)->2638K(629120K) Eden: 559058K(559232K)->0K(559232K) From: 2544K(69888K)->2638K(69888K)
[20.594s][info][gc,heap        ] GC(134) Tenured: 85056K(1398144K)->85056K(1398144K)
[20.594s][info][gc,metaspace   ] GC(134) Metaspace: 11731K(12032K)->11731K(12032K) NonClass: 10203K(10368K)->10203K(10368K) Class: 1528K(1664K)->1528K(1664K)
[20.594s][info][gc             ] GC(134) Pause Young (Allocation Failure) 631M->85M(1979M) 1.321ms
[20.594s][info][gc,cpu         ] GC(134) User=0.00s Sys=0.00s Real=0.00s
[20.733s][info][gc,start       ] GC(135) Pause Young (Allocation Failure)
[20.734s][info][gc,heap        ] GC(135) DefNew: 561870K(629120K)->374K(629120K) Eden: 559232K(559232K)->0K(559232K) From: 2638K(69888K)->374K(69888K)
[20.734s][info][gc,heap        ] GC(135) Tenured: 85056K(1398144K)->85056K(1398144K)
[20.734s][info][gc,metaspace   ] GC(135) Metaspace: 11731K(12032K)->11731K(12032K) NonClass: 10203K(10368K)->10203K(10368K) Class: 1528K(1664K)->1528K(1664K)
[20.734s][info][gc             ] GC(135) Pause Young (Allocation Failure) 631M->83M(1979M) 0.524ms
[20.734s][info][gc,cpu         ] GC(135) User=0.00s Sys=0.00s Real=0.01s
[20.868s][info][gc,start       ] GC(136) Pause Young (Allocation Failure)
[20.868s][info][gc,heap        ] GC(136) DefNew: 559606K(629120K)->842K(629120K) Eden: 559232K(559232K)->0K(559232K) From: 374K(69888K)->842K(69888K)
[20.868s][info][gc,heap        ] GC(136) Tenured: 85056K(1398144K)->85056K(1398144K)
[20.868s][info][gc,metaspace   ] GC(136) Metaspace: 11731K(12032K)->11731K(12032K) NonClass: 10203K(10368K)->10203K(10368K) Class: 1528K(1664K)->1528K(1664K)
[20.868s][info][gc             ] GC(136) Pause Young (Allocation Failure) 629M->83M(1979M) 0.598ms
[20.868s][info][gc,cpu         ] GC(136) User=0.00s Sys=0.00s Real=0.00s
[21.004s][info][gc,start       ] GC(137) Pause Young (Allocation Failure)
[21.004s][info][gc,heap        ] GC(137) DefNew: 560074K(629120K)->1137K(629120K) Eden: 559232K(559232K)->0K(559232K) From: 842K(69888K)->1137K(69888K)
[21.004s][info][gc,heap        ] GC(137) Tenured: 85056K(1398144K)->85056K(1398144K)
[21.004s][info][gc,metaspace   ] GC(137) Metaspace: 11731K(12032K)->11731K(12032K) NonClass: 10203K(10368K)->10203K(10368K) Class: 1528K(1664K)->1528K(1664K)
[21.004s][info][gc             ] GC(137) Pause Young (Allocation Failure) 630M->84M(1979M) 0.744ms
[21.004s][info][gc,cpu         ] GC(137) User=0.00s Sys=0.00s Real=0.00s
[21.138s][info][gc,start       ] GC(138) Pause Young (Allocation Failure)
[21.139s][info][gc,heap        ] GC(138) DefNew: 560369K(629120K)->1676K(629120K) Eden: 559232K(559232K)->0K(559232K) From: 1137K(69888K)->1676K(69888K)
[21.139s][info][gc,heap        ] GC(138) Tenured: 85056K(1398144K)->85056K(1398144K)
[21.139s][info][gc,metaspace   ] GC(138) Metaspace: 11731K(12032K)->11731K(12032K) NonClass: 10203K(10368K)->10203K(10368K) Class: 1528K(1664K)->1528K(1664K)
[21.139s][info][gc             ] GC(138) Pause Young (Allocation Failure) 630M->84M(1979M) 0.879ms
[21.139s][info][gc,cpu         ] GC(138) User=0.00s Sys=0.00s Real=0.00s
[21.274s][info][gc,start       ] GC(139) Pause Young (Allocation Failure)
[21.275s][info][gc,heap        ] GC(139) DefNew: 560908K(629120K)->2104K(629120K) Eden: 559232K(559232K)->0K(559232K) From: 1676K(69888K)->2104K(69888K)
[21.275s][info][gc,heap        ] GC(139) Tenured: 85056K(1398144K)->85056K(1398144K)
[21.275s][info][gc,metaspace   ] GC(139) Metaspace: 11731K(12032K)->11731K(12032K) NonClass: 10203K(10368K)->10203K(10368K) Class: 1528K(1664K)->1528K(1664K)
[21.275s][info][gc             ] GC(139) Pause Young (Allocation Failure) 630M->85M(1979M) 1.074ms
[21.275s][info][gc,cpu         ] GC(139) User=0.00s Sys=0.00s Real=0.00s
[21.409s][info][gc,start       ] GC(140) Pause Young (Allocation Failure)
[21.410s][info][gc,heap        ] GC(140) DefNew: 561330K(629120K)->2389K(629120K) Eden: 559226K(559232K)->0K(559232K) From: 2104K(69888K)->2389K(69888K)
[21.410s][info][gc,heap        ] GC(140) Tenured: 85056K(1398144K)->85056K(1398144K)
[21.410s][info][gc,metaspace   ] GC(140) Metaspace: 11731K(12032K)->11731K(12032K) NonClass: 10203K(10368K)->10203K(10368K) Class: 1528K(1664K)->1528K(1664K)
[21.410s][info][gc             ] GC(140) Pause Young (Allocation Failure) 631M->85M(1979M) 1.087ms
[21.410s][info][gc,cpu         ] GC(140) User=0.00s Sys=0.00s Real=0.00s
[21.550s][info][gc,start       ] GC(141) Pause Young (Allocation Failure)
[21.551s][info][gc,heap        ] GC(141) DefNew: 561610K(629120K)->2396K(629120K) Eden: 559221K(559232K)->0K(559232K) From: 2389K(69888K)->2396K(69888K)
[21.551s][info][gc,heap        ] GC(141) Tenured: 85056K(1398144K)->85056K(1398144K)
[21.551s][info][gc,metaspace   ] GC(141) Metaspace: 11731K(12032K)->11731K(12032K) NonClass: 10203K(10368K)->10203K(10368K) Class: 1528K(1664K)->1528K(1664K)
[21.551s][info][gc             ] GC(141) Pause Young (Allocation Failure) 631M->85M(1979M) 1.265ms
[21.551s][info][gc,cpu         ] GC(141) User=0.00s Sys=0.00s Real=0.00s
[21.690s][info][gc,start       ] GC(142) Pause Young (Allocation Failure)
[21.691s][info][gc,heap        ] GC(142) DefNew: 561628K(629120K)->425K(629120K) Eden: 559232K(559232K)->0K(559232K) From: 2396K(69888K)->425K(69888K)
[21.691s][info][gc,heap        ] GC(142) Tenured: 85056K(1398144K)->85056K(1398144K)
[21.691s][info][gc,metaspace   ] GC(142) Metaspace: 11731K(12032K)->11731K(12032K) NonClass: 10203K(10368K)->10203K(10368K) Class: 1528K(1664K)->1528K(1664K)
[21.691s][info][gc             ] GC(142) Pause Young (Allocation Failure) 631M->83M(1979M) 0.491ms
[21.691s][info][gc,cpu         ] GC(142) User=0.00s Sys=0.00s Real=0.00s
[21.826s][info][gc,start       ] GC(143) Pause Young (Allocation Failure)
[21.826s][info][gc,heap        ] GC(143) DefNew: 559657K(629120K)->838K(629120K) Eden: 559232K(559232K)->0K(559232K) From: 425K(69888K)->838K(69888K)
[21.826s][info][gc,heap        ] GC(143) Tenured: 85056K(1398144K)->85057K(1398144K)
[21.826s][info][gc,metaspace   ] GC(143) Metaspace: 11731K(12032K)->11731K(12032K) NonClass: 10203K(10368K)->10203K(10368K) Class: 1528K(1664K)->1528K(1664K)
[21.826s][info][gc             ] GC(143) Pause Young (Allocation Failure) 629M->83M(1979M) 0.627ms
[21.826s][info][gc,cpu         ] GC(143) User=0.00s Sys=0.00s Real=0.00s
[21.961s][info][gc,start       ] GC(144) Pause Young (Allocation Failure)
[21.961s][info][gc,heap        ] GC(144) DefNew: 560070K(629120K)->1302K(629120K) Eden: 559232K(559232K)->0K(559232K) From: 838K(69888K)->1302K(69888K)
[21.961s][info][gc,heap        ] GC(144) Tenured: 85057K(1398144K)->85057K(1398144K)
[21.962s][info][gc,metaspace   ] GC(144) Metaspace: 11731K(12032K)->11731K(12032K) NonClass: 10203K(10368K)->10203K(10368K) Class: 1528K(1664K)->1528K(1664K)
[21.962s][info][gc             ] GC(144) Pause Young (Allocation Failure) 630M->84M(1979M) 0.776ms
[21.962s][info][gc,cpu         ] GC(144) User=0.00s Sys=0.00s Real=0.00s
[22.092s][info][gc,start       ] GC(145) Pause Full (System.gc())
[22.092s][info][gc,phases,start] GC(145) Phase 1: Mark live objects
[22.144s][info][gc,phases      ] GC(145) Phase 1: Mark live objects 51.971ms
[22.144s][info][gc,phases,start] GC(145) Phase 2: Compute new object addresses
[22.198s][info][gc,phases      ] GC(145) Phase 2: Compute new object addresses 53.469ms
[22.198s][info][gc,phases,start] GC(145) Phase 3: Adjust pointers
[22.219s][info][gc,phases      ] GC(145) Phase 3: Adjust pointers 20.837ms
[22.219s][info][gc,phases,start] GC(145) Phase 4: Move objects
[22.219s][info][gc,phases      ] GC(145) Phase 4: Move objects 0.009ms
[22.219s][info][gc,heap        ] GC(145) DefNew: 533586K(629120K)->0K(629120K) Eden: 532284K(559232K)->0K(559232K) From: 1302K(69888K)->0K(69888K)
[22.219s][info][gc,heap        ] GC(145) Tenured: 85057K(1398144K)->85057K(1398144K)
[22.219s][info][gc,metaspace   ] GC(145) Metaspace: 11731K(12032K)->11731K(12032K) NonClass: 10203K(10368K)->10203K(10368K) Class: 1528K(1664K)->1528K(1664K)
[22.219s][info][gc             ] GC(145) Pause Full (System.gc()) 604M->83M(1979M) 126.581ms
[22.219s][info][gc,cpu         ] GC(145) User=0.12s Sys=0.00s Real=0.12s
[22.362s][info][gc,start       ] GC(146) Pause Young (Allocation Failure)
[22.363s][info][gc,heap        ] GC(146) DefNew: 559232K(629120K)->589K(629120K) Eden: 559232K(559232K)->0K(559232K) From: 0K(69888K)->589K(69888K)
[22.363s][info][gc,heap        ] GC(146) Tenured: 85057K(1398144K)->85057K(1398144K)
[22.363s][info][gc,metaspace   ] GC(146) Metaspace: 11732K(12032K)->11732K(12032K) NonClass: 10203K(10368K)->10203K(10368K) Class: 1528K(1664K)->1528K(1664K)
[22.363s][info][gc             ] GC(146) Pause Young (Allocation Failure) 629M->83M(1979M) 0.554ms
[22.363s][info][gc,cpu         ] GC(146) User=0.00s Sys=0.00s Real=0.00s
[22.502s][info][gc,start       ] GC(147) Pause Young (Allocation Failure)
[22.503s][info][gc,heap        ] GC(147) DefNew: 559821K(629120K)->791K(629120K) Eden: 559232K(559232K)->0K(559232K) From: 589K(69888K)->791K(69888K)
[22.503s][info][gc,heap        ] GC(147) Tenured: 85057K(1398144K)->85057K(1398144K)
[22.503s][info][gc,metaspace   ] GC(147) Metaspace: 11732K(12032K)->11732K(12032K) NonClass: 10203K(10368K)->10203K(10368K) Class: 1528K(1664K)->1528K(1664K)
[22.503s][info][gc             ] GC(147) Pause Young (Allocation Failure) 629M->83M(1979M) 0.588ms
[22.503s][info][gc,cpu         ] GC(147) User=0.00s Sys=0.00s Real=0.00s
[22.637s][info][gc,start       ] GC(148) Pause Young (Allocation Failure)
[22.638s][info][gc,heap        ] GC(148) DefNew: 560023K(629120K)->1193K(629120K) Eden: 559232K(559232K)->0K(559232K) From: 791K(69888K)->1193K(69888K)
[22.638s][info][gc,heap        ] GC(148) Tenured: 85057K(1398144K)->85057K(1398144K)
[22.638s][info][gc,metaspace   ] GC(148) Metaspace: 11732K(12032K)->11732K(12032K) NonClass: 10203K(10368K)->10203K(10368K) Class: 1528K(1664K)->1528K(1664K)
[22.638s][info][gc             ] GC(148) Pause Young (Allocation Failure) 629M->84M(1979M) 0.724ms
[22.638s][info][gc,cpu         ] GC(148) User=0.00s Sys=0.00s Real=0.00s
[22.774s][info][gc,start       ] GC(149) Pause Young (Allocation Failure)
[22.775s][info][gc,heap        ] GC(149) DefNew: 560425K(629120K)->1719K(629120K) Eden: 559232K(559232K)->0K(559232K) From: 1193K(69888K)->1719K(69888K)
[22.775s][info][gc,heap        ] GC(149) Tenured: 85057K(1398144K)->85057K(1398144K)
[22.775s][info][gc,metaspace   ] GC(149) Metaspace: 11732K(12032K)->11732K(12032K) NonClass: 10203K(10368K)->10203K(10368K) Class: 1528K(1664K)->1528K(1664K)
[22.775s][info][gc             ] GC(149) Pause Young (Allocation Failure) 630M->84M(1979M) 0.963ms
[22.775s][info][gc,cpu         ] GC(149) User=0.00s Sys=0.00s Real=0.02s
[22.909s][info][gc,start       ] GC(150) Pause Young (Allocation Failure)
[22.910s][info][gc,heap        ] GC(150) DefNew: 560951K(629120K)->1816K(629120K) Eden: 559232K(559232K)->0K(559232K) From: 1719K(69888K)->1816K(69888K)
[22.910s][info][gc,heap        ] GC(150) Tenured: 85057K(1398144K)->85057K(1398144K)
[22.910s][info][gc,metaspace   ] GC(150) Metaspace: 11732K(12032K)->11732K(12032K) NonClass: 10203K(10368K)->10203K(10368K) Class: 1528K(1664K)->1528K(1664K)
[22.910s][info][gc             ] GC(150) Pause Young (Allocation Failure) 630M->84M(1979M) 0.903ms
[22.910s][info][gc,cpu         ] GC(150) User=0.00s Sys=0.00s Real=0.00s
[23.044s][info][gc,start       ] GC(151) Pause Young (Allocation Failure)
[23.046s][info][gc,heap        ] GC(151) DefNew: 561005K(629120K)->2643K(629120K) Eden: 559189K(559232K)->0K(559232K) From: 1816K(69888K)->2643K(69888K)
[23.046s][info][gc,heap        ] GC(151) Tenured: 85057K(1398144K)->85057K(1398144K)
[23.046s][info][gc,metaspace   ] GC(151) Metaspace: 11732K(12032K)->11732K(12032K) NonClass: 10203K(10368K)->10203K(10368K) Class: 1528K(1664K)->1528K(1664K)
[23.046s][info][gc             ] GC(151) Pause Young (Allocation Failure) 630M->85M(1979M) 2.728ms
[23.046s][info][gc,cpu         ] GC(151) User=0.00s Sys=0.00s Real=0.00s
[23.180s][info][gc,start       ] GC(152) Pause Young (Allocation Failure)
[23.181s][info][gc,heap        ] GC(152) DefNew: 561827K(629120K)->2639K(629120K) Eden: 559184K(559232K)->0K(559232K) From: 2643K(69888K)->2639K(69888K)
[23.181s][info][gc,heap        ] GC(152) Tenured: 85057K(1398144K)->85057K(1398144K)
[23.181s][info][gc,metaspace   ] GC(152) Metaspace: 11732K(12032K)->11732K(12032K) NonClass: 10203K(10368K)->10203K(10368K) Class: 1528K(1664K)->1528K(1664K)
[23.181s][info][gc             ] GC(152) Pause Young (Allocation Failure) 631M->85M(1979M) 1.172ms
[23.181s][info][gc,cpu         ] GC(152) User=0.00s Sys=0.00s Real=0.00s
[23.320s][info][gc,start       ] GC(153) Pause Young (Allocation Failure)
[23.320s][info][gc,heap        ] GC(153) DefNew: 561871K(629120K)->117K(629120K) Eden: 559232K(559232K)->0K(559232K) From: 2639K(69888K)->117K(69888K)
[23.320s][info][gc,heap        ] GC(153) Tenured: 85057K(1398144K)->85057K(1398144K)
[23.320s][info][gc,metaspace   ] GC(153) Metaspace: 11732K(12032K)->11732K(12032K) NonClass: 10203K(10368K)->10203K(10368K) Class: 1528K(1664K)->1528K(1664K)
[23.320s][info][gc             ] GC(153) Pause Young (Allocation Failure) 631M->83M(1979M) 0.390ms
[23.320s][info][gc,cpu         ] GC(153) User=0.00s Sys=0.00s Real=0.00s
[23.459s][info][gc,start       ] GC(154) Pause Young (Allocation Failure)
[23.460s][info][gc,heap        ] GC(154) DefNew: 559349K(629120K)->701K(629120K) Eden: 559232K(559232K)->0K(559232K) From: 117K(69888K)->701K(69888K)
[23.460s][info][gc,heap        ] GC(154) Tenured: 85057K(1398144K)->85057K(1398144K)
[23.460s][info][gc,metaspace   ] GC(154) Metaspace: 11732K(12032K)->11732K(12032K) NonClass: 10203K(10368K)->10203K(10368K) Class: 1528K(1664K)->1528K(1664K)
[23.460s][info][gc             ] GC(154) Pause Young (Allocation Failure) 629M->83M(1979M) 0.573ms
[23.460s][info][gc,cpu         ] GC(154) User=0.00s Sys=0.00s Real=0.00s
[23.596s][info][gc,start       ] GC(155) Pause Young (Allocation Failure)
[23.597s][info][gc,heap        ] GC(155) DefNew: 559933K(629120K)->1194K(629120K) Eden: 559232K(559232K)->0K(559232K) From: 701K(69888K)->1194K(69888K)
[23.597s][info][gc,heap        ] GC(155) Tenured: 85057K(1398144K)->85057K(1398144K)
[23.597s][info][gc,metaspace   ] GC(155) Metaspace: 11732K(12032K)->11732K(12032K) NonClass: 10203K(10368K)->10203K(10368K) Class: 1528K(1664K)->1528K(1664K)
[23.597s][info][gc             ] GC(155) Pause Young (Allocation Failure) 629M->84M(1979M) 0.712ms
[23.597s][info][gc,cpu         ] GC(155) User=0.00s Sys=0.00s Real=0.00s
[23.733s][info][gc,start       ] GC(156) Pause Young (Allocation Failure)
[23.734s][info][gc,heap        ] GC(156) DefNew: 560426K(629120K)->1617K(629120K) Eden: 559232K(559232K)->0K(559232K) From: 1194K(69888K)->1617K(69888K)
[23.734s][info][gc,heap        ] GC(156) Tenured: 85057K(1398144K)->85057K(1398144K)
[23.734s][info][gc,metaspace   ] GC(156) Metaspace: 11732K(12032K)->11732K(12032K) NonClass: 10203K(10368K)->10203K(10368K) Class: 1528K(1664K)->1528K(1664K)
[23.734s][info][gc             ] GC(156) Pause Young (Allocation Failure) 630M->84M(1979M) 0.935ms
[23.734s][info][gc,cpu         ] GC(156) User=0.02s Sys=0.00s Real=0.01s
[23.868s][info][gc,start       ] GC(157) Pause Young (Allocation Failure)
[23.869s][info][gc,heap        ] GC(157) DefNew: 560849K(629120K)->2126K(629120K) Eden: 559232K(559232K)->0K(559232K) From: 1617K(69888K)->2126K(69888K)
[23.869s][info][gc,heap        ] GC(157) Tenured: 85057K(1398144K)->85057K(1398144K)
[23.869s][info][gc,metaspace   ] GC(157) Metaspace: 11732K(12032K)->11732K(12032K) NonClass: 10203K(10368K)->10203K(10368K) Class: 1528K(1664K)->1528K(1664K)
[23.869s][info][gc             ] GC(157) Pause Young (Allocation Failure) 630M->85M(1979M) 1.071ms
[23.869s][info][gc,cpu         ] GC(157) User=0.00s Sys=0.00s Real=0.00s
[24.002s][info][gc,start       ] GC(158) Pause Young (Allocation Failure)
[24.003s][info][gc,heap        ] GC(158) DefNew: 561309K(629120K)->2153K(629120K) Eden: 559182K(559232K)->0K(559232K) From: 2126K(69888K)->2153K(69888K)
[24.003s][info][gc,heap        ] GC(158) Tenured: 85057K(1398144K)->85057K(1398144K)
[24.003s][info][gc,metaspace   ] GC(158) Metaspace: 11732K(12032K)->11732K(12032K) NonClass: 10203K(10368K)->10203K(10368K) Class: 1528K(1664K)->1528K(1664K)
[24.003s][info][gc             ] GC(158) Pause Young (Allocation Failure) 631M->85M(1979M) 1.060ms
[24.003s][info][gc,cpu         ] GC(158) User=0.00s Sys=0.00s Real=0.00s
[24.138s][info][gc,start       ] GC(159) Pause Young (Allocation Failure)
[24.139s][info][gc,heap        ] GC(159) DefNew: 561385K(629120K)->3032K(629120K) Eden: 559232K(559232K)->0K(559232K) From: 2153K(69888K)->3032K(69888K)
[24.139s][info][gc,heap        ] GC(159) Tenured: 85057K(1398144K)->85057K(1398144K)
[24.139s][info][gc,metaspace   ] GC(159) Metaspace: 11732K(12032K)->11732K(12032K) NonClass: 10203K(10368K)->10203K(10368K) Class: 1528K(1664K)->1528K(1664K)
[24.139s][info][gc             ] GC(159) Pause Young (Allocation Failure) 631M->86M(1979M) 1.307ms
[24.139s][info][gc,cpu         ] GC(159) User=0.00s Sys=0.00s Real=0.00s
[24.279s][info][gc,start       ] GC(160) Pause Young (Allocation Failure)
[24.280s][info][gc,heap        ] GC(160) DefNew: 562264K(629120K)->476K(629120K) Eden: 559232K(559232K)->0K(559232K) From: 3032K(69888K)->476K(69888K)
[24.280s][info][gc,heap        ] GC(160) Tenured: 85057K(1398144K)->85057K(1398144K)
[24.280s][info][gc,metaspace   ] GC(160) Metaspace: 11732K(12032K)->11732K(12032K) NonClass: 10203K(10368K)->10203K(10368K) Class: 1528K(1664K)->1528K(1664K)
[24.280s][info][gc             ] GC(160) Pause Young (Allocation Failure) 632M->83M(1979M) 0.500ms
[24.280s][info][gc,cpu         ] GC(160) User=0.00s Sys=0.00s Real=0.00s
[24.415s][info][gc,start       ] GC(161) Pause Young (Allocation Failure)
[24.416s][info][gc,heap        ] GC(161) DefNew: 559708K(629120K)->792K(629120K) Eden: 559232K(559232K)->0K(559232K) From: 476K(69888K)->792K(69888K)
[24.416s][info][gc,heap        ] GC(161) Tenured: 85057K(1398144K)->85057K(1398144K)
[24.416s][info][gc,metaspace   ] GC(161) Metaspace: 11732K(12032K)->11732K(12032K) NonClass: 10203K(10368K)->10203K(10368K) Class: 1528K(1664K)->1528K(1664K)
[24.416s][info][gc             ] GC(161) Pause Young (Allocation Failure) 629M->83M(1979M) 0.606ms
[24.416s][info][gc,cpu         ] GC(161) User=0.00s Sys=0.00s Real=0.00s
[24.556s][info][gc,start       ] GC(162) Pause Young (Allocation Failure)
[24.557s][info][gc,heap        ] GC(162) DefNew: 560024K(629120K)->1198K(629120K) Eden: 559232K(559232K)->0K(559232K) From: 792K(69888K)->1198K(69888K)
[24.557s][info][gc,heap        ] GC(162) Tenured: 85057K(1398144K)->85057K(1398144K)
[24.557s][info][gc,metaspace   ] GC(162) Metaspace: 11732K(12032K)->11732K(12032K) NonClass: 10203K(10368K)->10203K(10368K) Class: 1528K(1664K)->1528K(1664K)
[24.557s][info][gc             ] GC(162) Pause Young (Allocation Failure) 629M->84M(1979M) 0.705ms
[24.557s][info][gc,cpu         ] GC(162) User=0.00s Sys=0.00s Real=0.00s
[24.688s][info][gc,start       ] GC(163) Pause Full (System.gc())
[24.688s][info][gc,phases,start] GC(163) Phase 1: Mark live objects
[24.739s][info][gc,phases      ] GC(163) Phase 1: Mark live objects 50.639ms
[24.739s][info][gc,phases,start] GC(163) Phase 2: Compute new object addresses
[24.792s][info][gc,phases      ] GC(163) Phase 2: Compute new object addresses 53.211ms
[24.792s][info][gc,phases,start] GC(163) Phase 3: Adjust pointers
[24.813s][info][gc,phases      ] GC(163) Phase 3: Adjust pointers 20.891ms
[24.813s][info][gc,phases,start] GC(163) Phase 4: Move objects
[24.813s][info][gc,phases      ] GC(163) Phase 4: Move objects 0.009ms
[24.813s][info][gc,heap        ] GC(163) DefNew: 533036K(629120K)->0K(629120K) Eden: 531838K(559232K)->0K(559232K) From: 1198K(69888K)->0K(69888K)
[24.813s][info][gc,heap        ] GC(163) Tenured: 85057K(1398144K)->85057K(1398144K)
[24.813s][info][gc,metaspace   ] GC(163) Metaspace: 11732K(12032K)->11732K(12032K) NonClass: 10203K(10368K)->10203K(10368K) Class: 1528K(1664K)->1528K(1664K)
[24.813s][info][gc             ] GC(163) Pause Full (System.gc()) 603M->83M(1979M) 125.057ms
[24.813s][info][gc,cpu         ] GC(163) User=0.06s Sys=0.03s Real=0.12s
[24.956s][info][gc,start       ] GC(164) Pause Young (Allocation Failure)
[24.956s][info][gc,heap        ] GC(164) DefNew: 559232K(629120K)->455K(629120K) Eden: 559232K(559232K)->0K(559232K) From: 0K(69888K)->455K(69888K)
[24.956s][info][gc,heap        ] GC(164) Tenured: 85057K(1398144K)->85057K(1398144K)
[24.956s][info][gc,metaspace   ] GC(164) Metaspace: 11735K(12032K)->11735K(12032K) NonClass: 10206K(10368K)->10206K(10368K) Class: 1528K(1664K)->1528K(1664K)
[24.956s][info][gc             ] GC(164) Pause Young (Allocation Failure) 629M->83M(1979M) 0.501ms
[24.956s][info][gc,cpu         ] GC(164) User=0.00s Sys=0.00s Real=0.00s
[25.090s][info][gc,start       ] GC(165) Pause Young (Allocation Failure)
[25.091s][info][gc,heap        ] GC(165) DefNew: 559687K(629120K)->852K(629120K) Eden: 559232K(559232K)->0K(559232K) From: 455K(69888K)->852K(69888K)
[25.091s][info][gc,heap        ] GC(165) Tenured: 85057K(1398144K)->85057K(1398144K)
[25.091s][info][gc,metaspace   ] GC(165) Metaspace: 11735K(12032K)->11735K(12032K) NonClass: 10206K(10368K)->10206K(10368K) Class: 1528K(1664K)->1528K(1664K)
[25.091s][info][gc             ] GC(165) Pause Young (Allocation Failure) 629M->83M(1979M) 0.634ms
[25.091s][info][gc,cpu         ] GC(165) User=0.00s Sys=0.00s Real=0.00s
[25.225s][info][gc,start       ] GC(166) Pause Young (Allocation Failure)
[25.226s][info][gc,heap        ] GC(166) DefNew: 560084K(629120K)->1227K(629120K) Eden: 559232K(559232K)->0K(559232K) From: 852K(69888K)->1227K(69888K)
[25.226s][info][gc,heap        ] GC(166) Tenured: 85057K(1398144K)->85057K(1398144K)
[25.226s][info][gc,metaspace   ] GC(166) Metaspace: 11735K(12032K)->11735K(12032K) NonClass: 10206K(10368K)->10206K(10368K) Class: 1528K(1664K)->1528K(1664K)
[25.226s][info][gc             ] GC(166) Pause Young (Allocation Failure) 630M->84M(1979M) 0.812ms
[25.226s][info][gc,cpu         ] GC(166) User=0.00s Sys=0.00s Real=0.02s
[25.361s][info][gc,start       ] GC(167) Pause Young (Allocation Failure)
[25.362s][info][gc,heap        ] GC(167) DefNew: 560459K(629120K)->1979K(629120K) Eden: 559232K(559232K)->0K(559232K) From: 1227K(69888K)->1979K(69888K)
[25.362s][info][gc,heap        ] GC(167) Tenured: 85057K(1398144K)->85057K(1398144K)
[25.362s][info][gc,metaspace   ] GC(167) Metaspace: 11735K(12032K)->11735K(12032K) NonClass: 10206K(10368K)->10206K(10368K) Class: 1528K(1664K)->1528K(1664K)
[25.362s][info][gc             ] GC(167) Pause Young (Allocation Failure) 630M->84M(1979M) 0.957ms
[25.362s][info][gc,cpu         ] GC(167) User=0.00s Sys=0.00s Real=0.00s
[25.503s][info][gc,start       ] GC(168) Pause Young (Allocation Failure)
[25.504s][info][gc,heap        ] GC(168) DefNew: 561211K(629120K)->2230K(629120K) Eden: 559232K(559232K)->0K(559232K) From: 1979K(69888K)->2230K(69888K)
[25.504s][info][gc,heap        ] GC(168) Tenured: 85057K(1398144K)->85057K(1398144K)
[25.504s][info][gc,metaspace   ] GC(168) Metaspace: 11735K(12032K)->11735K(12032K) NonClass: 10206K(10368K)->10206K(10368K) Class: 1528K(1664K)->1528K(1664K)
[25.504s][info][gc             ] GC(168) Pause Young (Allocation Failure) 631M->85M(1979M) 1.074ms
[25.504s][info][gc,cpu         ] GC(168) User=0.00s Sys=0.00s Real=0.00s
[25.638s][info][gc,start       ] GC(169) Pause Young (Allocation Failure)
[25.639s][info][gc,heap        ] GC(169) DefNew: 561462K(629120K)->2679K(629120K) Eden: 559232K(559232K)->0K(559232K) From: 2230K(69888K)->2679K(69888K)
[25.639s][info][gc,heap        ] GC(169) Tenured: 85057K(1398144K)->85057K(1398144K)
[25.639s][info][gc,metaspace   ] GC(169) Metaspace: 11735K(12032K)->11735K(12032K) NonClass: 10206K(10368K)->10206K(10368K) Class: 1528K(1664K)->1528K(1664K)
[25.639s][info][gc             ] GC(169) Pause Young (Allocation Failure) 631M->85M(1979M) 1.208ms
[25.639s][info][gc,cpu         ] GC(169) User=0.00s Sys=0.00s Real=0.00s
[25.774s][info][gc,start       ] GC(170) Pause Young (Allocation Failure)
[25.775s][info][gc,heap        ] GC(170) DefNew: 561856K(629120K)->2542K(629120K) Eden: 559176K(559232K)->0K(559232K) From: 2679K(69888K)->2542K(69888K)
[25.775s][info][gc,heap        ] GC(170) Tenured: 85057K(1398144K)->85057K(1398144K)
[25.775s][info][gc,metaspace   ] GC(170) Metaspace: 11735K(12032K)->11735K(12032K) NonClass: 10206K(10368K)->10206K(10368K) Class: 1528K(1664K)->1528K(1664K)
[25.775s][info][gc             ] GC(170) Pause Young (Allocation Failure) 631M->85M(1979M) 1.212ms
[25.775s][info][gc,cpu         ] GC(170) User=0.00s Sys=0.00s Real=0.02s
[25.914s][info][gc,start       ] GC(171) Pause Young (Allocation Failure)
[25.914s][info][gc,heap        ] GC(171) DefNew: 561774K(629120K)->218K(629120K) Eden: 559232K(559232K)->0K(559232K) From: 2542K(69888K)->218K(69888K)
[25.914s][info][gc,heap        ] GC(171) Tenured: 85057K(1398144K)->85057K(1398144K)
[25.914s][info][gc,metaspace   ] GC(171) Metaspace: 11735K(12032K)->11735K(12032K) NonClass: 10206K(10368K)->10206K(10368K) Class: 1528K(1664K)->1528K(1664K)
[25.914s][info][gc             ] GC(171) Pause Young (Allocation Failure) 631M->83M(1979M) 0.425ms
[25.914s][info][gc,cpu         ] GC(171) User=0.00s Sys=0.00s Real=0.00s
[26.049s][info][gc,start       ] GC(172) Pause Young (Allocation Failure)
[26.050s][info][gc,heap        ] GC(172) DefNew: 559450K(629120K)->691K(629120K) Eden: 559232K(559232K)->0K(559232K) From: 218K(69888K)->691K(69888K)
[26.050s][info][gc,heap        ] GC(172) Tenured: 85057K(1398144K)->85057K(1398144K)
[26.050s][info][gc,metaspace   ] GC(172) Metaspace: 11735K(12032K)->11735K(12032K) NonClass: 10206K(10368K)->10206K(10368K) Class: 1528K(1664K)->1528K(1664K)
[26.050s][info][gc             ] GC(172) Pause Young (Allocation Failure) 629M->83M(1979M) 0.571ms
[26.050s][info][gc,cpu         ] GC(172) User=0.00s Sys=0.00s Real=0.00s
[26.185s][info][gc,start       ] GC(173) Pause Young (Allocation Failure)
[26.186s][info][gc,heap        ] GC(173) DefNew: 559923K(629120K)->1125K(629120K) Eden: 559232K(559232K)->0K(559232K) From: 691K(69888K)->1125K(69888K)
[26.186s][info][gc,heap        ] GC(173) Tenured: 85057K(1398144K)->85057K(1398144K)
[26.186s][info][gc,metaspace   ] GC(173) Metaspace: 11735K(12032K)->11735K(12032K) NonClass: 10206K(10368K)->10206K(10368K) Class: 1528K(1664K)->1528K(1664K)
[26.186s][info][gc             ] GC(173) Pause Young (Allocation Failure) 629M->84M(1979M) 0.705ms
[26.186s][info][gc,cpu         ] GC(173) User=0.00s Sys=0.00s Real=0.00s
[26.320s][info][gc,start       ] GC(174) Pause Young (Allocation Failure)
[26.321s][info][gc,heap        ] GC(174) DefNew: 560357K(629120K)->1469K(629120K) Eden: 559232K(559232K)->0K(559232K) From: 1125K(69888K)->1469K(69888K)
[26.321s][info][gc,heap        ] GC(174) Tenured: 85057K(1398144K)->85057K(1398144K)
[26.321s][info][gc,metaspace   ] GC(174) Metaspace: 11735K(12032K)->11735K(12032K) NonClass: 10206K(10368K)->10206K(10368K) Class: 1528K(1664K)->1528K(1664K)
[26.321s][info][gc             ] GC(174) Pause Young (Allocation Failure) 630M->84M(1979M) 0.816ms
[26.321s][info][gc,cpu         ] GC(174) User=0.00s Sys=0.00s Real=0.00s
[26.460s][info][gc,start       ] GC(175) Pause Young (Allocation Failure)
[26.461s][info][gc,heap        ] GC(175) DefNew: 560701K(629120K)->1862K(629120K) Eden: 559232K(559232K)->0K(559232K) From: 1469K(69888K)->1862K(69888K)
[26.461s][info][gc,heap        ] GC(175) Tenured: 85057K(1398144K)->85057K(1398144K)
[26.461s][info][gc,metaspace   ] GC(175) Metaspace: 11735K(12032K)->11735K(12032K) NonClass: 10206K(10368K)->10206K(10368K) Class: 1528K(1664K)->1528K(1664K)
[26.461s][info][gc             ] GC(175) Pause Young (Allocation Failure) 630M->84M(1979M) 0.974ms
[26.461s][info][gc,cpu         ] GC(175) User=0.00s Sys=0.00s Real=0.00s
[26.596s][info][gc,start       ] GC(176) Pause Young (Allocation Failure)
[26.597s][info][gc,heap        ] GC(176) DefNew: 561094K(629120K)->2333K(629120K) Eden: 559232K(559232K)->0K(559232K) From: 1862K(69888K)->2333K(69888K)
[26.597s][info][gc,heap        ] GC(176) Tenured: 85057K(1398144K)->85057K(1398144K)
[26.597s][info][gc,metaspace   ] GC(176) Metaspace: 11735K(12032K)->11735K(12032K) NonClass: 10206K(10368K)->10206K(10368K) Class: 1528K(1664K)->1528K(1664K)
[26.597s][info][gc             ] GC(176) Pause Young (Allocation Failure) 631M->85M(1979M) 1.144ms
[26.597s][info][gc,cpu         ] GC(176) User=0.00s Sys=0.00s Real=0.00s
[26.732s][info][gc,start       ] GC(177) Pause Young (Allocation Failure)
[26.733s][info][gc,heap        ] GC(177) DefNew: 561441K(629120K)->2738K(629120K) Eden: 559107K(559232K)->0K(559232K) From: 2333K(69888K)->2738K(69888K)
[26.734s][info][gc,heap        ] GC(177) Tenured: 85057K(1398144K)->85057K(1398144K)
[26.734s][info][gc,metaspace   ] GC(177) Metaspace: 11735K(12032K)->11735K(12032K) NonClass: 10206K(10368K)->10206K(10368K) Class: 1528K(1664K)->1528K(1664K)
[26.734s][info][gc             ] GC(177) Pause Young (Allocation Failure) 631M->85M(1979M) 1.314ms
[26.734s][info][gc,cpu         ] GC(177) User=0.00s Sys=0.00s Real=0.02s
[26.872s][info][gc,start       ] GC(178) Pause Young (Allocation Failure)
[26.872s][info][gc,heap        ] GC(178) DefNew: 561970K(629120K)->91K(629120K) Eden: 559232K(559232K)->0K(559232K) From: 2738K(69888K)->91K(69888K)
[26.872s][info][gc,heap        ] GC(178) Tenured: 85057K(1398144K)->85057K(1398144K)
[26.872s][info][gc,metaspace   ] GC(178) Metaspace: 11735K(12032K)->11735K(12032K) NonClass: 10206K(10368K)->10206K(10368K) Class: 1528K(1664K)->1528K(1664K)
[26.872s][info][gc             ] GC(178) Pause Young (Allocation Failure) 631M->83M(1979M) 0.384ms
[26.872s][info][gc,cpu         ] GC(178) User=0.00s Sys=0.00s Real=0.00s
[27.006s][info][gc,start       ] GC(179) Pause Young (Allocation Failure)
[27.007s][info][gc,heap        ] GC(179) DefNew: 559323K(629120K)->549K(629120K) Eden: 559232K(559232K)->0K(559232K) From: 91K(69888K)->549K(69888K)
[27.007s][info][gc,heap        ] GC(179) Tenured: 85057K(1398144K)->85057K(1398144K)
[27.007s][info][gc,metaspace   ] GC(179) Metaspace: 11735K(12032K)->11735K(12032K) NonClass: 10206K(10368K)->10206K(10368K) Class: 1528K(1664K)->1528K(1664K)
[27.007s][info][gc             ] GC(179) Pause Young (Allocation Failure) 629M->83M(1979M) 0.546ms
[27.007s][info][gc,cpu         ] GC(179) User=0.00s Sys=0.00s Real=0.00s
[27.141s][info][gc,start       ] GC(180) Pause Young (Allocation Failure)
[27.142s][info][gc,heap        ] GC(180) DefNew: 559781K(629120K)->909K(629120K) Eden: 559231K(559232K)->0K(559232K) From: 549K(69888K)->909K(69888K)
[27.142s][info][gc,heap        ] GC(180) Tenured: 85057K(1398144K)->85057K(1398144K)
[27.142s][info][gc,metaspace   ] GC(180) Metaspace: 11735K(12032K)->11735K(12032K) NonClass: 10206K(10368K)->10206K(10368K) Class: 1528K(1664K)->1528K(1664K)
[27.142s][info][gc             ] GC(180) Pause Young (Allocation Failure) 629M->83M(1979M) 0.705ms
[27.142s][info][gc,cpu         ] GC(180) User=0.00s Sys=0.00s Real=0.02s
[27.274s][info][gc,start       ] GC(181) Pause Full (System.gc())
[27.274s][info][gc,phases,start] GC(181) Phase 1: Mark live objects
[27.326s][info][gc,phases      ] GC(181) Phase 1: Mark live objects 51.759ms
[27.326s][info][gc,phases,start] GC(181) Phase 2: Compute new object addresses
[27.380s][info][gc,phases      ] GC(181) Phase 2: Compute new object addresses 54.014ms
[27.380s][info][gc,phases,start] GC(181) Phase 3: Adjust pointers
[27.401s][info][gc,phases      ] GC(181) Phase 3: Adjust pointers 21.152ms
[27.401s][info][gc,phases,start] GC(181) Phase 4: Move objects
[27.401s][info][gc,phases      ] GC(181) Phase 4: Move objects 0.009ms
[27.401s][info][gc,heap        ] GC(181) DefNew: 538486K(629120K)->0K(629120K) Eden: 537576K(559232K)->0K(559232K) From: 909K(69888K)->0K(69888K)
[27.401s][info][gc,heap        ] GC(181) Tenured: 85057K(1398144K)->85057K(1398144K)
[27.401s][info][gc,metaspace   ] GC(181) Metaspace: 11735K(12032K)->11735K(12032K) NonClass: 10206K(10368K)->10206K(10368K) Class: 1528K(1664K)->1528K(1664K)
[27.401s][info][gc             ] GC(181) Pause Full (System.gc()) 608M->83M(1979M) 127.236ms
[27.401s][info][gc,cpu         ] GC(181) User=0.11s Sys=0.00s Real=0.13s
[27.549s][info][gc,start       ] GC(182) Pause Young (Allocation Failure)
[27.549s][info][gc,heap        ] GC(182) DefNew: 559232K(629120K)->444K(629120K) Eden: 559232K(559232K)->0K(559232K) From: 0K(69888K)->444K(69888K)
[27.549s][info][gc,heap        ] GC(182) Tenured: 85057K(1398144K)->85057K(1398144K)
[27.549s][info][gc,metaspace   ] GC(182) Metaspace: 11736K(12032K)->11736K(12032K) NonClass: 10207K(10368K)->10207K(10368K) Class: 1528K(1664K)->1528K(1664K)
[27.549s][info][gc             ] GC(182) Pause Young (Allocation Failure) 629M->83M(1979M) 0.482ms
[27.549s][info][gc,cpu         ] GC(182) User=0.00s Sys=0.00s Real=0.00s
[27.684s][info][gc,start       ] GC(183) Pause Young (Allocation Failure)
[27.684s][info][gc,heap        ] GC(183) DefNew: 559676K(629120K)->838K(629120K) Eden: 559232K(559232K)->0K(559232K) From: 444K(69888K)->838K(69888K)
[27.684s][info][gc,heap        ] GC(183) Tenured: 85057K(1398144K)->85057K(1398144K)
[27.684s][info][gc,metaspace   ] GC(183) Metaspace: 11736K(12032K)->11736K(12032K) NonClass: 10207K(10368K)->10207K(10368K) Class: 1528K(1664K)->1528K(1664K)
[27.684s][info][gc             ] GC(183) Pause Young (Allocation Failure) 629M->83M(1979M) 0.579ms
[27.684s][info][gc,cpu         ] GC(183) User=0.00s Sys=0.00s Real=0.00s
[27.819s][info][gc,start       ] GC(184) Pause Young (Allocation Failure)
[27.820s][info][gc,heap        ] GC(184) DefNew: 560070K(629120K)->1328K(629120K) Eden: 559232K(559232K)->0K(559232K) From: 838K(69888K)->1328K(69888K)
[27.820s][info][gc,heap        ] GC(184) Tenured: 85057K(1398144K)->85057K(1398144K)
[27.820s][info][gc,metaspace   ] GC(184) Metaspace: 11736K(12032K)->11736K(12032K) NonClass: 10207K(10368K)->10207K(10368K) Class: 1528K(1664K)->1528K(1664K)
[27.820s][info][gc             ] GC(184) Pause Young (Allocation Failure) 630M->84M(1979M) 0.817ms
[27.820s][info][gc,cpu         ] GC(184) User=0.00s Sys=0.00s Real=0.00s
[27.954s][info][gc,start       ] GC(185) Pause Young (Allocation Failure)
[27.955s][info][gc,heap        ] GC(185) DefNew: 560560K(629120K)->1660K(629120K) Eden: 559232K(559232K)->0K(559232K) From: 1328K(69888K)->1660K(69888K)
[27.955s][info][gc,heap        ] GC(185) Tenured: 85057K(1398144K)->85057K(1398144K)
[27.955s][info][gc,metaspace   ] GC(185) Metaspace: 11736K(12032K)->11736K(12032K) NonClass: 10207K(10368K)->10207K(10368K) Class: 1528K(1664K)->1528K(1664K)
[27.955s][info][gc             ] GC(185) Pause Young (Allocation Failure) 630M->84M(1979M) 0.882ms
[27.955s][info][gc,cpu         ] GC(185) User=0.00s Sys=0.00s Real=0.00s
[28.090s][info][gc,start       ] GC(186) Pause Young (Allocation Failure)
[28.091s][info][gc,heap        ] GC(186) DefNew: 560892K(629120K)->1911K(629120K) Eden: 559232K(559232K)->0K(559232K) From: 1660K(69888K)->1911K(69888K)
[28.091s][info][gc,heap        ] GC(186) Tenured: 85057K(1398144K)->85057K(1398144K)
[28.091s][info][gc,metaspace   ] GC(186) Metaspace: 11736K(12032K)->11736K(12032K) NonClass: 10207K(10368K)->10207K(10368K) Class: 1528K(1664K)->1528K(1664K)
[28.091s][info][gc             ] GC(186) Pause Young (Allocation Failure) 630M->84M(1979M) 0.975ms
[28.091s][info][gc,cpu         ] GC(186) User=0.00s Sys=0.00s Real=0.00s
[28.225s][info][gc,start       ] GC(187) Pause Young (Allocation Failure)
[28.226s][info][gc,heap        ] GC(187) DefNew: 561143K(629120K)->2357K(629120K) Eden: 559232K(559232K)->0K(559232K) From: 1911K(69888K)->2357K(69888K)
[28.226s][info][gc,heap        ] GC(187) Tenured: 85057K(1398144K)->85057K(1398144K)
[28.226s][info][gc,metaspace   ] GC(187) Metaspace: 11736K(12032K)->11736K(12032K) NonClass: 10207K(10368K)->10207K(10368K) Class: 1528K(1664K)->1528K(1664K)
[28.226s][info][gc             ] GC(187) Pause Young (Allocation Failure) 631M->85M(1979M) 1.090ms
[28.226s][info][gc,cpu         ] GC(187) User=0.00s Sys=0.00s Real=0.00s
[28.360s][info][gc,start       ] GC(188) Pause Young (Allocation Failure)
[28.361s][info][gc,heap        ] GC(188) DefNew: 561589K(629120K)->2542K(629120K) Eden: 559232K(559232K)->0K(559232K) From: 2357K(69888K)->2542K(69888K)
[28.361s][info][gc,heap        ] GC(188) Tenured: 85057K(1398144K)->85057K(1398144K)
[28.361s][info][gc,metaspace   ] GC(188) Metaspace: 11736K(12032K)->11736K(12032K) NonClass: 10207K(10368K)->10207K(10368K) Class: 1528K(1664K)->1528K(1664K)
[28.361s][info][gc             ] GC(188) Pause Young (Allocation Failure) 631M->85M(1979M) 1.202ms
[28.361s][info][gc,cpu         ] GC(188) User=0.00s Sys=0.00s Real=0.00s
[28.506s][info][gc,start       ] GC(189) Pause Young (Allocation Failure)
[28.507s][info][gc,heap        ] GC(189) DefNew: 561774K(629120K)->140K(629120K) Eden: 559232K(559232K)->0K(559232K) From: 2542K(69888K)->140K(69888K)
[28.507s][info][gc,heap        ] GC(189) Tenured: 85057K(1398144K)->85057K(1398144K)
[28.507s][info][gc,metaspace   ] GC(189) Metaspace: 11736K(12032K)->11736K(12032K) NonClass: 10207K(10368K)->10207K(10368K) Class: 1528K(1664K)->1528K(1664K)
[28.507s][info][gc             ] GC(189) Pause Young (Allocation Failure) 631M->83M(1979M) 0.496ms
[28.507s][info][gc,cpu         ] GC(189) User=0.00s Sys=0.00s Real=0.00s
[28.641s][info][gc,start       ] GC(190) Pause Young (Allocation Failure)
[28.642s][info][gc,heap        ] GC(190) DefNew: 559372K(629120K)->570K(629120K) Eden: 559232K(559232K)->0K(559232K) From: 140K(69888K)->570K(69888K)
[28.642s][info][gc,heap        ] GC(190) Tenured: 85057K(1398144K)->85057K(1398144K)
[28.642s][info][gc,metaspace   ] GC(190) Metaspace: 11736K(12032K)->11736K(12032K) NonClass: 10207K(10368K)->10207K(10368K) Class: 1528K(1664K)->1528K(1664K)
[28.642s][info][gc             ] GC(190) Pause Young (Allocation Failure) 629M->83M(1979M) 0.548ms
[28.642s][info][gc,cpu         ] GC(190) User=0.00s Sys=0.00s Real=0.00s
[28.777s][info][gc,start       ] GC(191) Pause Young (Allocation Failure)
[28.778s][info][gc,heap        ] GC(191) DefNew: 559802K(629120K)->949K(629120K) Eden: 559232K(559232K)->0K(559232K) From: 570K(69888K)->949K(69888K)
[28.778s][info][gc,heap        ] GC(191) Tenured: 85057K(1398144K)->85057K(1398144K)
[28.778s][info][gc,metaspace   ] GC(191) Metaspace: 11736K(12032K)->11736K(12032K) NonClass: 10207K(10368K)->10207K(10368K) Class: 1528K(1664K)->1528K(1664K)
[28.778s][info][gc             ] GC(191) Pause Young (Allocation Failure) 629M->83M(1979M) 0.694ms
[28.778s][info][gc,cpu         ] GC(191) User=0.00s Sys=0.00s Real=0.00s
[28.913s][info][gc,start       ] GC(192) Pause Young (Allocation Failure)
[28.913s][info][gc,heap        ] GC(192) DefNew: 560181K(629120K)->1297K(629120K) Eden: 559232K(559232K)->0K(559232K) From: 949K(69888K)->1297K(69888K)
[28.913s][info][gc,heap        ] GC(192) Tenured: 85057K(1398144K)->85057K(1398144K)
[28.913s][info][gc,metaspace   ] GC(192) Metaspace: 11736K(12032K)->11736K(12032K) NonClass: 10207K(10368K)->10207K(10368K) Class: 1528K(1664K)->1528K(1664K)
[28.913s][info][gc             ] GC(192) Pause Young (Allocation Failure) 630M->84M(1979M) 0.800ms
[28.913s][info][gc,cpu         ] GC(192) User=0.00s Sys=0.00s Real=0.00s
[29.047s][info][gc,start       ] GC(193) Pause Young (Allocation Failure)
[29.048s][info][gc,heap        ] GC(193) DefNew: 560529K(629120K)->1806K(629120K) Eden: 559232K(559232K)->0K(559232K) From: 1297K(69888K)->1806K(69888K)
[29.048s][info][gc,heap        ] GC(193) Tenured: 85057K(1398144K)->85057K(1398144K)
[29.048s][info][gc,metaspace   ] GC(193) Metaspace: 11736K(12032K)->11736K(12032K) NonClass: 10207K(10368K)->10207K(10368K) Class: 1528K(1664K)->1528K(1664K)
[29.048s][info][gc             ] GC(193) Pause Young (Allocation Failure) 630M->84M(1979M) 0.957ms
[29.048s][info][gc,cpu         ] GC(193) User=0.00s Sys=0.00s Real=0.00s
[29.182s][info][gc,start       ] GC(194) Pause Young (Allocation Failure)
[29.182s][info][gc,heap        ] GC(194) DefNew: 561038K(629120K)->1797K(629120K) Eden: 559232K(559232K)->0K(559232K) From: 1806K(69888K)->1797K(69888K)
[29.182s][info][gc,heap        ] GC(194) Tenured: 85057K(1398144K)->85057K(1398144K)
[29.182s][info][gc,metaspace   ] GC(194) Metaspace: 11736K(12032K)->11736K(12032K) NonClass: 10207K(10368K)->10207K(10368K) Class: 1528K(1664K)->1528K(1664K)
[29.183s][info][gc             ] GC(194) Pause Young (Allocation Failure) 630M->84M(1979M) 0.979ms
[29.183s][info][gc,cpu         ] GC(194) User=0.00s Sys=0.00s Real=0.02s
[29.317s][info][gc,start       ] GC(195) Pause Young (Allocation Failure)
[29.318s][info][gc,heap        ] GC(195) DefNew: 561029K(629120K)->2103K(629120K) Eden: 559232K(559232K)->0K(559232K) From: 1797K(69888K)->2103K(69888K)
[29.318s][info][gc,heap        ] GC(195) Tenured: 85057K(1398144K)->85057K(1398144K)
[29.318s][info][gc,metaspace   ] GC(195) Metaspace: 11736K(12032K)->11736K(12032K) NonClass: 10207K(10368K)->10207K(10368K) Class: 1528K(1664K)->1528K(1664K)
[29.318s][info][gc             ] GC(195) Pause Young (Allocation Failure) 630M->85M(1979M) 0.971ms
[29.318s][info][gc,cpu         ] GC(195) User=0.00s Sys=0.00s Real=0.00s
[29.457s][info][gc,start       ] GC(196) Pause Young (Allocation Failure)
[29.458s][info][gc,heap        ] GC(196) DefNew: 561335K(629120K)->2446K(629120K) Eden: 559232K(559232K)->0K(559232K) From: 2103K(69888K)->2446K(69888K)
[29.458s][info][gc,heap        ] GC(196) Tenured: 85057K(1398144K)->85057K(1398144K)
[29.458s][info][gc,metaspace   ] GC(196) Metaspace: 11736K(12032K)->11736K(12032K) NonClass: 10207K(10368K)->10207K(10368K) Class: 1528K(1664K)->1528K(1664K)
[29.458s][info][gc             ] GC(196) Pause Young (Allocation Failure) 631M->85M(1979M) 1.166ms
[29.458s][info][gc,cpu         ] GC(196) User=0.00s Sys=0.00s Real=0.00s
[29.598s][info][gc,start       ] GC(197) Pause Young (Allocation Failure)
[29.598s][info][gc,heap        ] GC(197) DefNew: 561678K(629120K)->256K(629120K) Eden: 559232K(559232K)->0K(559232K) From: 2446K(69888K)->256K(69888K)
[29.598s][info][gc,heap        ] GC(197) Tenured: 85057K(1398144K)->85058K(1398144K)
[29.598s][info][gc,metaspace   ] GC(197) Metaspace: 11736K(12032K)->11736K(12032K) NonClass: 10207K(10368K)->10207K(10368K) Class: 1528K(1664K)->1528K(1664K)
[29.598s][info][gc             ] GC(197) Pause Young (Allocation Failure) 631M->83M(1979M) 0.437ms
[29.598s][info][gc,cpu         ] GC(197) User=0.00s Sys=0.00s Real=0.00s
[29.734s][info][gc,start       ] GC(198) Pause Young (Allocation Failure)
[29.734s][info][gc,heap        ] GC(198) DefNew: 559488K(629120K)->685K(629120K) Eden: 559232K(559232K)->0K(559232K) From: 256K(69888K)->685K(69888K)
[29.734s][info][gc,heap        ] GC(198) Tenured: 85058K(1398144K)->85058K(1398144K)
[29.734s][info][gc,metaspace   ] GC(198) Metaspace: 11736K(12032K)->11736K(12032K) NonClass: 10207K(10368K)->10207K(10368K) Class: 1528K(1664K)->1528K(1664K)
[29.734s][info][gc             ] GC(198) Pause Young (Allocation Failure) 629M->83M(1979M) 0.582ms
[29.734s][info][gc,cpu         ] GC(198) User=0.00s Sys=0.00s Real=0.00s
[29.866s][info][gc,start       ] GC(199) Pause Full (System.gc())
[29.866s][info][gc,phases,start] GC(199) Phase 1: Mark live objects
[29.918s][info][gc,phases      ] GC(199) Phase 1: Mark live objects 51.999ms
[29.918s][info][gc,phases,start] GC(199) Phase 2: Compute new object addresses
[29.972s][info][gc,phases      ] GC(199) Phase 2: Compute new object addresses 54.096ms
[29.972s][info][gc,phases,start] GC(199) Phase 3: Adjust pointers
[29.994s][info][gc,phases      ] GC(199) Phase 3: Adjust pointers 21.181ms
[29.994s][info][gc,phases,start] GC(199) Phase 4: Move objects
[29.994s][info][gc,phases      ] GC(199) Phase 4: Move objects 0.009ms
[29.994s][info][gc,heap        ] GC(199) DefNew: 543831K(629120K)->0K(629120K) Eden: 543146K(559232K)->0K(559232K) From: 685K(69888K)->0K(69888K)
[29.994s][info][gc,heap        ] GC(199) Tenured: 85058K(1398144K)->85056K(1398144K)
[29.994s][info][gc,metaspace   ] GC(199) Metaspace: 11736K(12032K)->11736K(12032K) NonClass: 10207K(10368K)->10207K(10368K) Class: 1528K(1664K)->1528K(1664K)
[29.994s][info][gc             ] GC(199) Pause Full (System.gc()) 614M->83M(1979M) 127.641ms
[29.994s][info][gc,cpu         ] GC(199) User=0.11s Sys=0.00s Real=0.13s
[30.137s][info][gc,start       ] GC(200) Pause Young (Allocation Failure)
[30.137s][info][gc,heap        ] GC(200) DefNew: 559232K(629120K)->558K(629120K) Eden: 559232K(559232K)->0K(559232K) From: 0K(69888K)->558K(69888K)
[30.137s][info][gc,heap        ] GC(200) Tenured: 85056K(1398144K)->85056K(1398144K)
[30.137s][info][gc,metaspace   ] GC(200) Metaspace: 11739K(12032K)->11739K(12032K) NonClass: 10210K(10368K)->10210K(10368K) Class: 1528K(1664K)->1528K(1664K)
[30.138s][info][gc             ] GC(200) Pause Young (Allocation Failure) 629M->83M(1979M) 0.547ms
[30.138s][info][gc,cpu         ] GC(200) User=0.00s Sys=0.00s Real=0.00s
[30.272s][info][gc,start       ] GC(201) Pause Young (Allocation Failure)
[30.273s][info][gc,heap        ] GC(201) DefNew: 559790K(629120K)->1009K(629120K) Eden: 559232K(559232K)->0K(559232K) From: 558K(69888K)->1009K(69888K)
[30.273s][info][gc,heap        ] GC(201) Tenured: 85056K(1398144K)->85056K(1398144K)
[30.273s][info][gc,metaspace   ] GC(201) Metaspace: 11739K(12032K)->11739K(12032K) NonClass: 10210K(10368K)->10210K(10368K) Class: 1528K(1664K)->1528K(1664K)
[30.273s][info][gc             ] GC(201) Pause Young (Allocation Failure) 629M->84M(1979M) 0.677ms
[30.273s][info][gc,cpu         ] GC(201) User=0.00s Sys=0.00s Real=0.00s
[30.407s][info][gc,start       ] GC(202) Pause Young (Allocation Failure)
[30.408s][info][gc,heap        ] GC(202) DefNew: 560241K(629120K)->1445K(629120K) Eden: 559232K(559232K)->0K(559232K) From: 1009K(69888K)->1445K(69888K)
[30.408s][info][gc,heap        ] GC(202) Tenured: 85056K(1398144K)->85056K(1398144K)
[30.408s][info][gc,metaspace   ] GC(202) Metaspace: 11739K(12032K)->11739K(12032K) NonClass: 10210K(10368K)->10210K(10368K) Class: 1528K(1664K)->1528K(1664K)
[30.408s][info][gc             ] GC(202) Pause Young (Allocation Failure) 630M->84M(1979M) 0.857ms
[30.408s][info][gc,cpu         ] GC(202) User=0.00s Sys=0.00s Real=0.00s
[30.548s][info][gc,start       ] GC(203) Pause Young (Allocation Failure)
[30.548s][info][gc,heap        ] GC(203) DefNew: 560677K(629120K)->1537K(629120K) Eden: 559232K(559232K)->0K(559232K) From: 1445K(69888K)->1537K(69888K)
[30.548s][info][gc,heap        ] GC(203) Tenured: 85056K(1398144K)->85056K(1398144K)
[30.548s][info][gc,metaspace   ] GC(203) Metaspace: 11739K(12032K)->11739K(12032K) NonClass: 10210K(10368K)->10210K(10368K) Class: 1528K(1664K)->1528K(1664K)
[30.549s][info][gc             ] GC(203) Pause Young (Allocation Failure) 630M->84M(1979M) 0.993ms
[30.549s][info][gc,cpu         ] GC(203) User=0.00s Sys=0.00s Real=0.02s
[30.684s][info][gc,start       ] GC(204) Pause Young (Allocation Failure)
[30.685s][info][gc,heap        ] GC(204) DefNew: 560769K(629120K)->2694K(629120K) Eden: 559232K(559232K)->0K(559232K) From: 1537K(69888K)->2694K(69888K)
[30.685s][info][gc,heap        ] GC(204) Tenured: 85056K(1398144K)->85056K(1398144K)
[30.685s][info][gc,metaspace   ] GC(204) Metaspace: 11739K(12032K)->11739K(12032K) NonClass: 10210K(10368K)->10210K(10368K) Class: 1528K(1664K)->1528K(1664K)
[30.686s][info][gc             ] GC(204) Pause Young (Allocation Failure) 630M->85M(1979M) 1.213ms
[30.686s][info][gc,cpu         ] GC(204) User=0.00s Sys=0.00s Real=0.00s
[30.820s][info][gc,start       ] GC(205) Pause Young (Allocation Failure)
[30.821s][info][gc,heap        ] GC(205) DefNew: 561926K(629120K)->2348K(629120K) Eden: 559232K(559232K)->0K(559232K) From: 2694K(69888K)->2348K(69888K)
[30.821s][info][gc,heap        ] GC(205) Tenured: 85056K(1398144K)->85056K(1398144K)
[30.821s][info][gc,metaspace   ] GC(205) Metaspace: 11739K(12032K)->11739K(12032K) NonClass: 10210K(10368K)->10210K(10368K) Class: 1528K(1664K)->1528K(1664K)
[30.821s][info][gc             ] GC(205) Pause Young (Allocation Failure) 631M->85M(1979M) 1.077ms
[30.821s][info][gc,cpu         ] GC(205) User=0.00s Sys=0.00s Real=0.00s
[30.958s][info][gc,start       ] GC(206) Pause Young (Allocation Failure)
[30.959s][info][gc,heap        ] GC(206) DefNew: 561580K(629120K)->1960K(629120K) Eden: 559232K(559232K)->0K(559232K) From: 2348K(69888K)->1960K(69888K)
[30.959s][info][gc,heap        ] GC(206) Tenured: 85056K(1398144K)->85056K(1398144K)
[30.959s][info][gc,metaspace   ] GC(206) Metaspace: 11739K(12032K)->11739K(12032K) NonClass: 10210K(10368K)->10210K(10368K) Class: 1528K(1664K)->1528K(1664K)
[30.959s][info][gc             ] GC(206) Pause Young (Allocation Failure) 631M->84M(1979M) 0.974ms
[30.959s][info][gc,cpu         ] GC(206) User=0.00s Sys=0.00s Real=0.00s
[31.096s][info][gc,start       ] GC(207) Pause Young (Allocation Failure)
[31.096s][info][gc,heap        ] GC(207) DefNew: 561192K(629120K)->456K(629120K) Eden: 559232K(559232K)->0K(559232K) From: 1960K(69888K)->456K(69888K)
[31.096s][info][gc,heap        ] GC(207) Tenured: 85056K(1398144K)->85056K(1398144K)
[31.096s][info][gc,metaspace   ] GC(207) Metaspace: 11739K(12032K)->11739K(12032K) NonClass: 10210K(10368K)->10210K(10368K) Class: 1528K(1664K)->1528K(1664K)
[31.096s][info][gc             ] GC(207) Pause Young (Allocation Failure) 631M->83M(1979M) 0.511ms
[31.096s][info][gc,cpu         ] GC(207) User=0.00s Sys=0.00s Real=0.00s
[31.231s][info][gc,start       ] GC(208) Pause Young (Allocation Failure)
[31.231s][info][gc,heap        ] GC(208) DefNew: 559688K(629120K)->838K(629120K) Eden: 559232K(559232K)->0K(559232K) From: 456K(69888K)->838K(69888K)
[31.231s][info][gc,heap        ] GC(208) Tenured: 85056K(1398144K)->85056K(1398144K)
[31.231s][info][gc,metaspace   ] GC(208) Metaspace: 11739K(12032K)->11739K(12032K) NonClass: 10210K(10368K)->10210K(10368K) Class: 1528K(1664K)->1528K(1664K)
[31.231s][info][gc             ] GC(208) Pause Young (Allocation Failure) 629M->83M(1979M) 0.595ms
[31.231s][info][gc,cpu         ] GC(208) User=0.00s Sys=0.00s Real=0.00s
[31.365s][info][gc,start       ] GC(209) Pause Young (Allocation Failure)
[31.366s][info][gc,heap        ] GC(209) DefNew: 560070K(629120K)->1163K(629120K) Eden: 559232K(559232K)->0K(559232K) From: 838K(69888K)->1163K(69888K)
[31.366s][info][gc,heap        ] GC(209) Tenured: 85056K(1398144K)->85056K(1398144K)
[31.366s][info][gc,metaspace   ] GC(209) Metaspace: 11739K(12032K)->11739K(12032K) NonClass: 10210K(10368K)->10210K(10368K) Class: 1528K(1664K)->1528K(1664K)
[31.366s][info][gc             ] GC(209) Pause Young (Allocation Failure) 630M->84M(1979M) 0.753ms
[31.366s][info][gc,cpu         ] GC(209) User=0.00s Sys=0.00s Real=0.00s
[31.506s][info][gc,start       ] GC(210) Pause Young (Allocation Failure)
[31.507s][info][gc,heap        ] GC(210) DefNew: 560395K(629120K)->1573K(629120K) Eden: 559232K(559232K)->0K(559232K) From: 1163K(69888K)->1573K(69888K)
[31.507s][info][gc,heap        ] GC(210) Tenured: 85056K(1398144K)->85056K(1398144K)
[31.507s][info][gc,metaspace   ] GC(210) Metaspace: 11739K(12032K)->11739K(12032K) NonClass: 10210K(10368K)->10210K(10368K) Class: 1528K(1664K)->1528K(1664K)
[31.507s][info][gc             ] GC(210) Pause Young (Allocation Failure) 630M->84M(1979M) 0.892ms
[31.507s][info][gc,cpu         ] GC(210) User=0.00s Sys=0.00s Real=0.00s
[31.641s][info][gc,start       ] GC(211) Pause Young (Allocation Failure)
[31.642s][info][gc,heap        ] GC(211) DefNew: 560805K(629120K)->1861K(629120K) Eden: 559232K(559232K)->0K(559232K) From: 1573K(69888K)->1861K(69888K)
[31.642s][info][gc,heap        ] GC(211) Tenured: 85056K(1398144K)->85056K(1398144K)
[31.642s][info][gc,metaspace   ] GC(211) Metaspace: 11739K(12032K)->11739K(12032K) NonClass: 10210K(10368K)->10210K(10368K) Class: 1528K(1664K)->1528K(1664K)
[31.642s][info][gc             ] GC(211) Pause Young (Allocation Failure) 630M->84M(1979M) 0.975ms
[31.642s][info][gc,cpu         ] GC(211) User=0.00s Sys=0.00s Real=0.00s
[31.777s][info][gc,start       ] GC(212) Pause Young (Allocation Failure)
[31.778s][info][gc,heap        ] GC(212) DefNew: 561093K(629120K)->2078K(629120K) Eden: 559232K(559232K)->0K(559232K) From: 1861K(69888K)->2078K(69888K)
[31.778s][info][gc,heap        ] GC(212) Tenured: 85056K(1398144K)->85056K(1398144K)
[31.778s][info][gc,metaspace   ] GC(212) Metaspace: 11739K(12032K)->11739K(12032K) NonClass: 10210K(10368K)->10210K(10368K) Class: 1528K(1664K)->1528K(1664K)
[31.778s][info][gc             ] GC(212) Pause Young (Allocation Failure) 631M->85M(1979M) 1.034ms
[31.778s][info][gc,cpu         ] GC(212) User=0.00s Sys=0.00s Real=0.00s
[31.913s][info][gc,start       ] GC(213) Pause Young (Allocation Failure)
[31.915s][info][gc,heap        ] GC(213) DefNew: 560872K(629120K)->3029K(629120K) Eden: 558794K(559232K)->0K(559232K) From: 2078K(69888K)->3029K(69888K)
[31.915s][info][gc,heap        ] GC(213) Tenured: 85056K(1398144K)->85056K(1398144K)
[31.915s][info][gc,metaspace   ] GC(213) Metaspace: 11739K(12032K)->11739K(12032K) NonClass: 10210K(10368K)->10210K(10368K) Class: 1528K(1664K)->1528K(1664K)
[31.915s][info][gc             ] GC(213) Pause Young (Allocation Failure) 630M->86M(1979M) 1.552ms
[31.915s][info][gc,cpu         ] GC(213) User=0.00s Sys=0.00s Real=0.01s
[32.053s][info][gc,start       ] GC(214) Pause Young (Allocation Failure)
[32.053s][info][gc,heap        ] GC(214) DefNew: 562261K(629120K)->324K(629120K) Eden: 559232K(559232K)->0K(559232K) From: 3029K(69888K)->324K(69888K)
[32.053s][info][gc,heap        ] GC(214) Tenured: 85056K(1398144K)->85056K(1398144K)
[32.053s][info][gc,metaspace   ] GC(214) Metaspace: 11739K(12032K)->11739K(12032K) NonClass: 10210K(10368K)->10210K(10368K) Class: 1528K(1664K)->1528K(1664K)
[32.053s][info][gc             ] GC(214) Pause Young (Allocation Failure) 632M->83M(1979M) 0.474ms
[32.053s][info][gc,cpu         ] GC(214) User=0.00s Sys=0.00s Real=0.00s
[32.187s][info][gc,start       ] GC(215) Pause Young (Allocation Failure)
[32.187s][info][gc,heap        ] GC(215) DefNew: 559556K(629120K)->950K(629120K) Eden: 559232K(559232K)->0K(559232K) From: 324K(69888K)->950K(69888K)
[32.187s][info][gc,heap        ] GC(215) Tenured: 85056K(1398144K)->85057K(1398144K)
[32.187s][info][gc,metaspace   ] GC(215) Metaspace: 11739K(12032K)->11739K(12032K) NonClass: 10210K(10368K)->10210K(10368K) Class: 1528K(1664K)->1528K(1664K)
[32.187s][info][gc             ] GC(215) Pause Young (Allocation Failure) 629M->83M(1979M) 0.713ms
[32.187s][info][gc,cpu         ] GC(215) User=0.00s Sys=0.00s Real=0.00s
[32.321s][info][gc,start       ] GC(216) Pause Young (Allocation Failure)
[32.322s][info][gc,heap        ] GC(216) DefNew: 560182K(629120K)->1199K(629120K) Eden: 559232K(559232K)->0K(559232K) From: 950K(69888K)->1199K(69888K)
[32.322s][info][gc,heap        ] GC(216) Tenured: 85057K(1398144K)->85057K(1398144K)
[32.322s][info][gc,metaspace   ] GC(216) Metaspace: 11739K(12032K)->11739K(12032K) NonClass: 10210K(10368K)->10210K(10368K) Class: 1528K(1664K)->1528K(1664K)
[32.322s][info][gc             ] GC(216) Pause Young (Allocation Failure) 630M->84M(1979M) 0.740ms
[32.322s][info][gc,cpu         ] GC(216) User=0.00s Sys=0.00s Real=0.00s
[32.456s][info][gc,start       ] GC(217) Pause Full (System.gc())
[32.456s][info][gc,phases,start] GC(217) Phase 1: Mark live objects
[32.506s][info][gc,phases      ] GC(217) Phase 1: Mark live objects 50.315ms
[32.506s][info][gc,phases,start] GC(217) Phase 2: Compute new object addresses
[32.560s][info][gc,phases      ] GC(217) Phase 2: Compute new object addresses 53.546ms
[32.560s][info][gc,phases,start] GC(217) Phase 3: Adjust pointers
[32.581s][info][gc,phases      ] GC(217) Phase 3: Adjust pointers 21.354ms
[32.581s][info][gc,phases,start] GC(217) Phase 4: Move objects
[32.581s][info][gc,phases      ] GC(217) Phase 4: Move objects 0.009ms
[32.581s][info][gc,heap        ] GC(217) DefNew: 535586K(629120K)->0K(629120K) Eden: 534387K(559232K)->0K(559232K) From: 1199K(69888K)->0K(69888K)
[32.581s][info][gc,heap        ] GC(217) Tenured: 85057K(1398144K)->85057K(1398144K)
[32.581s][info][gc,metaspace   ] GC(217) Metaspace: 11739K(12032K)->11739K(12032K) NonClass: 10210K(10368K)->10210K(10368K) Class: 1528K(1664K)->1528K(1664K)
[32.581s][info][gc             ] GC(217) Pause Full (System.gc()) 606M->83M(1979M) 125.531ms
[32.581s][info][gc,cpu         ] GC(217) User=0.12s Sys=0.00s Real=0.13s
[32.725s][info][gc,start       ] GC(218) Pause Young (Allocation Failure)
[32.726s][info][gc,heap        ] GC(218) DefNew: 559232K(629120K)->440K(629120K) Eden: 559232K(559232K)->0K(559232K) From: 0K(69888K)->440K(69888K)
[32.726s][info][gc,heap        ] GC(218) Tenured: 85057K(1398144K)->85057K(1398144K)
[32.726s][info][gc,metaspace   ] GC(218) Metaspace: 11739K(12032K)->11739K(12032K) NonClass: 10210K(10368K)->10210K(10368K) Class: 1528K(1664K)->1528K(1664K)
[32.726s][info][gc             ] GC(218) Pause Young (Allocation Failure) 629M->83M(1979M) 0.487ms
[32.726s][info][gc,cpu         ] GC(218) User=0.00s Sys=0.00s Real=0.00s
[32.862s][info][gc,start       ] GC(219) Pause Young (Allocation Failure)
[32.863s][info][gc,heap        ] GC(219) DefNew: 559672K(629120K)->767K(629120K) Eden: 559232K(559232K)->0K(559232K) From: 440K(69888K)->767K(69888K)
[32.863s][info][gc,heap        ] GC(219) Tenured: 85057K(1398144K)->85057K(1398144K)
[32.863s][info][gc,metaspace   ] GC(219) Metaspace: 11739K(12032K)->11739K(12032K) NonClass: 10210K(10368K)->10210K(10368K) Class: 1528K(1664K)->1528K(1664K)
[32.863s][info][gc             ] GC(219) Pause Young (Allocation Failure) 629M->83M(1979M) 0.586ms
[32.863s][info][gc,cpu         ] GC(219) User=0.00s Sys=0.00s Real=0.00s
[32.997s][info][gc,start       ] GC(220) Pause Young (Allocation Failure)
[32.998s][info][gc,heap        ] GC(220) DefNew: 559999K(629120K)->1176K(629120K) Eden: 559232K(559232K)->0K(559232K) From: 767K(69888K)->1176K(69888K)
[32.998s][info][gc,heap        ] GC(220) Tenured: 85057K(1398144K)->85057K(1398144K)
[32.998s][info][gc,metaspace   ] GC(220) Metaspace: 11739K(12032K)->11739K(12032K) NonClass: 10210K(10368K)->10210K(10368K) Class: 1528K(1664K)->1528K(1664K)
[32.998s][info][gc             ] GC(220) Pause Young (Allocation Failure) 629M->84M(1979M) 0.695ms
[32.998s][info][gc,cpu         ] GC(220) User=0.00s Sys=0.00s Real=0.00s
[33.132s][info][gc,start       ] GC(221) Pause Young (Allocation Failure)
[33.132s][info][gc,heap        ] GC(221) DefNew: 560407K(629120K)->1785K(629120K) Eden: 559231K(559232K)->0K(559232K) From: 1176K(69888K)->1785K(69888K)
[33.132s][info][gc,heap        ] GC(221) Tenured: 85057K(1398144K)->85057K(1398144K)
[33.132s][info][gc,metaspace   ] GC(221) Metaspace: 11739K(12032K)->11739K(12032K) NonClass: 10210K(10368K)->10210K(10368K) Class: 1528K(1664K)->1528K(1664K)
[33.132s][info][gc             ] GC(221) Pause Young (Allocation Failure) 630M->84M(1979M) 0.906ms
[33.132s][info][gc,cpu         ] GC(221) User=0.00s Sys=0.00s Real=0.00s
[33.267s][info][gc,start       ] GC(222) Pause Young (Allocation Failure)
[33.268s][info][gc,heap        ] GC(222) DefNew: 561017K(629120K)->1892K(629120K) Eden: 559232K(559232K)->0K(559232K) From: 1785K(69888K)->1892K(69888K)
[33.268s][info][gc,heap        ] GC(222) Tenured: 85057K(1398144K)->85057K(1398144K)
[33.268s][info][gc,metaspace   ] GC(222) Metaspace: 11739K(12032K)->11739K(12032K) NonClass: 10210K(10368K)->10210K(10368K) Class: 1528K(1664K)->1528K(1664K)
[33.268s][info][gc             ] GC(222) Pause Young (Allocation Failure) 630M->84M(1979M) 0.918ms
[33.268s][info][gc,cpu         ] GC(222) User=0.00s Sys=0.00s Real=0.00s
[33.402s][info][gc,start       ] GC(223) Pause Young (Allocation Failure)
[33.403s][info][gc,heap        ] GC(223) DefNew: 561124K(629120K)->2172K(629120K) Eden: 559232K(559232K)->0K(559232K) From: 1892K(69888K)->2172K(69888K)
[33.403s][info][gc,heap        ] GC(223) Tenured: 85057K(1398144K)->85057K(1398144K)
[33.403s][info][gc,metaspace   ] GC(223) Metaspace: 11739K(12032K)->11739K(12032K) NonClass: 10210K(10368K)->10210K(10368K) Class: 1528K(1664K)->1528K(1664K)
[33.403s][info][gc             ] GC(223) Pause Young (Allocation Failure) 631M->85M(1979M) 1.005ms
[33.403s][info][gc,cpu         ] GC(223) User=0.00s Sys=0.00s Real=0.00s
[33.544s][info][gc,start       ] GC(224) Pause Young (Allocation Failure)
[33.545s][info][gc,heap        ] GC(224) DefNew: 561404K(629120K)->2835K(629120K) Eden: 559232K(559232K)->0K(559232K) From: 2172K(69888K)->2835K(69888K)
[33.545s][info][gc,heap        ] GC(224) Tenured: 85057K(1398144K)->85057K(1398144K)
[33.545s][info][gc,metaspace   ] GC(224) Metaspace: 11739K(12032K)->11739K(12032K) NonClass: 10210K(10368K)->10210K(10368K) Class: 1528K(1664K)->1528K(1664K)
[33.545s][info][gc             ] GC(224) Pause Young (Allocation Failure) 631M->85M(1979M) 1.239ms
[33.545s][info][gc,cpu         ] GC(224) User=0.00s Sys=0.00s Real=0.00s
[33.686s][info][gc,start       ] GC(225) Pause Young (Allocation Failure)
[33.686s][info][gc,heap        ] GC(225) DefNew: 562067K(629120K)->143K(629120K) Eden: 559232K(559232K)->0K(559232K) From: 2835K(69888K)->143K(69888K)
[33.686s][info][gc,heap        ] GC(225) Tenured: 85057K(1398144K)->85057K(1398144K)
[33.686s][info][gc,metaspace   ] GC(225) Metaspace: 11739K(12032K)->11739K(12032K) NonClass: 10210K(10368K)->10210K(10368K) Class: 1528K(1664K)->1528K(1664K)
[33.686s][info][gc             ] GC(225) Pause Young (Allocation Failure) 631M->83M(1979M) 0.440ms
[33.686s][info][gc,cpu         ] GC(225) User=0.00s Sys=0.00s Real=0.00s
[33.827s][info][gc,start       ] GC(226) Pause Young (Allocation Failure)
[33.828s][info][gc,heap        ] GC(226) DefNew: 559375K(629120K)->603K(629120K) Eden: 559232K(559232K)->0K(559232K) From: 143K(69888K)->603K(69888K)
[33.828s][info][gc,heap        ] GC(226) Tenured: 85057K(1398144K)->85057K(1398144K)
[33.828s][info][gc,metaspace   ] GC(226) Metaspace: 11739K(12032K)->11739K(12032K) NonClass: 10210K(10368K)->10210K(10368K) Class: 1528K(1664K)->1528K(1664K)
[33.828s][info][gc             ] GC(226) Pause Young (Allocation Failure) 629M->83M(1979M) 0.548ms
[33.828s][info][gc,cpu         ] GC(226) User=0.00s Sys=0.00s Real=0.00s
[33.964s][info][gc,start       ] GC(227) Pause Young (Allocation Failure)
[33.964s][info][gc,heap        ] GC(227) DefNew: 559835K(629120K)->1007K(629120K) Eden: 559232K(559232K)->0K(559232K) From: 603K(69888K)->1007K(69888K)
[33.964s][info][gc,heap        ] GC(227) Tenured: 85057K(1398144K)->85057K(1398144K)
[33.964s][info][gc,metaspace   ] GC(227) Metaspace: 11739K(12032K)->11739K(12032K) NonClass: 10210K(10368K)->10210K(10368K) Class: 1528K(1664K)->1528K(1664K)
[33.964s][info][gc             ] GC(227) Pause Young (Allocation Failure) 629M->84M(1979M) 0.666ms
[33.964s][info][gc,cpu         ] GC(227) User=0.00s Sys=0.00s Real=0.00s
[34.098s][info][gc,start       ] GC(228) Pause Young (Allocation Failure)
[34.099s][info][gc,heap        ] GC(228) DefNew: 560239K(629120K)->1388K(629120K) Eden: 559232K(559232K)->0K(559232K) From: 1007K(69888K)->1388K(69888K)
[34.099s][info][gc,heap        ] GC(228) Tenured: 85057K(1398144K)->85057K(1398144K)
[34.099s][info][gc,metaspace   ] GC(228) Metaspace: 11739K(12032K)->11739K(12032K) NonClass: 10210K(10368K)->10210K(10368K) Class: 1528K(1664K)->1528K(1664K)
[34.099s][info][gc             ] GC(228) Pause Young (Allocation Failure) 630M->84M(1979M) 0.848ms
[34.099s][info][gc,cpu         ] GC(228) User=0.00s Sys=0.00s Real=0.02s
[34.232s][info][gc,start       ] GC(229) Pause Young (Allocation Failure)
[34.233s][info][gc,heap        ] GC(229) DefNew: 560620K(629120K)->1784K(629120K) Eden: 559232K(559232K)->0K(559232K) From: 1388K(69888K)->1784K(69888K)
[34.233s][info][gc,heap        ] GC(229) Tenured: 85057K(1398144K)->85057K(1398144K)
[34.233s][info][gc,metaspace   ] GC(229) Metaspace: 11739K(12032K)->11739K(12032K) NonClass: 10210K(10368K)->10210K(10368K) Class: 1528K(1664K)->1528K(1664K)
[34.233s][info][gc             ] GC(229) Pause Young (Allocation Failure) 630M->84M(1979M) 0.930ms
[34.233s][info][gc,cpu         ] GC(229) User=0.00s Sys=0.00s Real=0.00s
[34.367s][info][gc,start       ] GC(230) Pause Young (Allocation Failure)
[34.368s][info][gc,heap        ] GC(230) DefNew: 561016K(629120K)->1975K(629120K) Eden: 559232K(559232K)->0K(559232K) From: 1784K(69888K)->1975K(69888K)
[34.368s][info][gc,heap        ] GC(230) Tenured: 85057K(1398144K)->85057K(1398144K)
[34.368s][info][gc,metaspace   ] GC(230) Metaspace: 11739K(12032K)->11739K(12032K) NonClass: 10210K(10368K)->10210K(10368K) Class: 1528K(1664K)->1528K(1664K)
[34.368s][info][gc             ] GC(230) Pause Young (Allocation Failure) 630M->84M(1979M) 0.936ms
[34.368s][info][gc,cpu         ] GC(230) User=0.00s Sys=0.00s Real=0.00s
[34.509s][info][gc,start       ] GC(231) Pause Young (Allocation Failure)
[34.510s][info][gc,heap        ] GC(231) DefNew: 561118K(629120K)->2691K(629120K) Eden: 559143K(559232K)->0K(559232K) From: 1975K(69888K)->2691K(69888K)
[34.510s][info][gc,heap        ] GC(231) Tenured: 85057K(1398144K)->85057K(1398144K)
[34.510s][info][gc,metaspace   ] GC(231) Metaspace: 11740K(12032K)->11740K(12032K) NonClass: 10211K(10368K)->10211K(10368K) Class: 1528K(1664K)->1528K(1664K)
[34.510s][info][gc             ] GC(231) Pause Young (Allocation Failure) 631M->85M(1979M) 1.257ms
[34.510s][info][gc,cpu         ] GC(231) User=0.00s Sys=0.00s Real=0.00s
[34.650s][info][gc,start       ] GC(232) Pause Young (Allocation Failure)
[34.650s][info][gc,heap        ] GC(232) DefNew: 561923K(629120K)->124K(629120K) Eden: 559232K(559232K)->0K(559232K) From: 2691K(69888K)->124K(69888K)
[34.650s][info][gc,heap        ] GC(232) Tenured: 85057K(1398144K)->85057K(1398144K)
[34.650s][info][gc,metaspace   ] GC(232) Metaspace: 11740K(12032K)->11740K(12032K) NonClass: 10211K(10368K)->10211K(10368K) Class: 1528K(1664K)->1528K(1664K)
[34.650s][info][gc             ] GC(232) Pause Young (Allocation Failure) 631M->83M(1979M) 0.396ms
[34.650s][info][gc,cpu         ] GC(232) User=0.00s Sys=0.00s Real=0.00s
[34.786s][info][gc,start       ] GC(233) Pause Young (Allocation Failure)
[34.786s][info][gc,heap        ] GC(233) DefNew: 559356K(629120K)->623K(629120K) Eden: 559232K(559232K)->0K(559232K) From: 124K(69888K)->623K(69888K)
[34.786s][info][gc,heap        ] GC(233) Tenured: 85057K(1398144K)->85057K(1398144K)
[34.786s][info][gc,metaspace   ] GC(233) Metaspace: 11740K(12032K)->11740K(12032K) NonClass: 10211K(10368K)->10211K(10368K) Class: 1528K(1664K)->1528K(1664K)
[34.786s][info][gc             ] GC(233) Pause Young (Allocation Failure) 629M->83M(1979M) 0.573ms
[34.786s][info][gc,cpu         ] GC(233) User=0.00s Sys=0.00s Real=0.00s
[34.921s][info][gc,start       ] GC(234) Pause Young (Allocation Failure)
[34.922s][info][gc,heap        ] GC(234) DefNew: 559855K(629120K)->967K(629120K) Eden: 559232K(559232K)->0K(559232K) From: 623K(69888K)->967K(69888K)
[34.922s][info][gc,heap        ] GC(234) Tenured: 85057K(1398144K)->85057K(1398144K)
[34.922s][info][gc,metaspace   ] GC(234) Metaspace: 11740K(12032K)->11740K(12032K) NonClass: 10211K(10368K)->10211K(10368K) Class: 1528K(1664K)->1528K(1664K)
[34.922s][info][gc             ] GC(234) Pause Young (Allocation Failure) 629M->84M(1979M) 0.676ms
[34.922s][info][gc,cpu         ] GC(234) User=0.00s Sys=0.00s Real=0.00s
[35.052s][info][gc,start       ] GC(235) Pause Full (System.gc())
[35.052s][info][gc,phases,start] GC(235) Phase 1: Mark live objects
[35.104s][info][gc,phases      ] GC(235) Phase 1: Mark live objects 52.146ms
[35.104s][info][gc,phases,start] GC(235) Phase 2: Compute new object addresses
[35.158s][info][gc,phases      ] GC(235) Phase 2: Compute new object addresses 53.500ms
[35.158s][info][gc,phases,start] GC(235) Phase 3: Adjust pointers
[35.179s][info][gc,phases      ] GC(235) Phase 3: Adjust pointers 20.851ms
[35.179s][info][gc,phases,start] GC(235) Phase 4: Move objects
[35.179s][info][gc,phases      ] GC(235) Phase 4: Move objects 0.009ms
[35.179s][info][gc,heap        ] GC(235) DefNew: 537453K(629120K)->0K(629120K) Eden: 536485K(559232K)->0K(559232K) From: 967K(69888K)->0K(69888K)
[35.179s][info][gc,heap        ] GC(235) Tenured: 85057K(1398144K)->85057K(1398144K)
[35.179s][info][gc,metaspace   ] GC(235) Metaspace: 11742K(12032K)->11742K(12032K) NonClass: 10213K(10368K)->10213K(10368K) Class: 1528K(1664K)->1528K(1664K)
[35.179s][info][gc             ] GC(235) Pause Full (System.gc()) 607M->83M(1979M) 126.802ms
[35.179s][info][gc,cpu         ] GC(235) User=0.11s Sys=0.00s Real=0.13s
[35.321s][info][gc,start       ] GC(236) Pause Young (Allocation Failure)
[35.322s][info][gc,heap        ] GC(236) DefNew: 559232K(629120K)->457K(629120K) Eden: 559232K(559232K)->0K(559232K) From: 0K(69888K)->457K(69888K)
[35.322s][info][gc,heap        ] GC(236) Tenured: 85057K(1398144K)->85057K(1398144K)
[35.322s][info][gc,metaspace   ] GC(236) Metaspace: 11755K(12032K)->11755K(12032K) NonClass: 10227K(10368K)->10227K(10368K) Class: 1528K(1664K)->1528K(1664K)
[35.322s][info][gc             ] GC(236) Pause Young (Allocation Failure) 629M->83M(1979M) 0.487ms
[35.322s][info][gc,cpu         ] GC(236) User=0.00s Sys=0.00s Real=0.00s
[35.461s][info][gc,start       ] GC(237) Pause Young (Allocation Failure)
[35.462s][info][gc,heap        ] GC(237) DefNew: 559689K(629120K)->926K(629120K) Eden: 559232K(559232K)->0K(559232K) From: 457K(69888K)->926K(69888K)
[35.462s][info][gc,heap        ] GC(237) Tenured: 85057K(1398144K)->85057K(1398144K)
[35.462s][info][gc,metaspace   ] GC(237) Metaspace: 11755K(12032K)->11755K(12032K) NonClass: 10227K(10368K)->10227K(10368K) Class: 1528K(1664K)->1528K(1664K)
[35.462s][info][gc             ] GC(237) Pause Young (Allocation Failure) 629M->83M(1979M) 0.665ms
[35.462s][info][gc,cpu         ] GC(237) User=0.00s Sys=0.00s Real=0.00s
[35.599s][info][gc,start       ] GC(238) Pause Young (Allocation Failure)
[35.599s][info][gc,heap        ] GC(238) DefNew: 560158K(629120K)->1335K(629120K) Eden: 559232K(559232K)->0K(559232K) From: 926K(69888K)->1335K(69888K)
[35.599s][info][gc,heap        ] GC(238) Tenured: 85057K(1398144K)->85057K(1398144K)
[35.600s][info][gc,metaspace   ] GC(238) Metaspace: 11755K(12032K)->11755K(12032K) NonClass: 10227K(10368K)->10227K(10368K) Class: 1528K(1664K)->1528K(1664K)
[35.600s][info][gc             ] GC(238) Pause Young (Allocation Failure) 630M->84M(1979M) 0.816ms
[35.600s][info][gc,cpu         ] GC(238) User=0.00s Sys=0.00s Real=0.00s
[35.735s][info][gc,start       ] GC(239) Pause Young (Allocation Failure)
[35.735s][info][gc,heap        ] GC(239) DefNew: 560567K(629120K)->1533K(629120K) Eden: 559232K(559232K)->0K(559232K) From: 1335K(69888K)->1533K(69888K)
[35.735s][info][gc,heap        ] GC(239) Tenured: 85057K(1398144K)->85057K(1398144K)
[35.735s][info][gc,metaspace   ] GC(239) Metaspace: 11755K(12032K)->11755K(12032K) NonClass: 10227K(10368K)->10227K(10368K) Class: 1528K(1664K)->1528K(1664K)
[35.736s][info][gc             ] GC(239) Pause Young (Allocation Failure) 630M->84M(1979M) 0.884ms
[35.736s][info][gc,cpu         ] GC(239) User=0.00s Sys=0.00s Real=0.00s
[35.870s][info][gc,start       ] GC(240) Pause Young (Allocation Failure)
[35.871s][info][gc,heap        ] GC(240) DefNew: 560765K(629120K)->1970K(629120K) Eden: 559232K(559232K)->0K(559232K) From: 1533K(69888K)->1970K(69888K)
[35.871s][info][gc,heap        ] GC(240) Tenured: 85057K(1398144K)->85057K(1398144K)
[35.871s][info][gc,metaspace   ] GC(240) Metaspace: 11755K(12032K)->11755K(12032K) NonClass: 10227K(10368K)->10227K(10368K) Class: 1528K(1664K)->1528K(1664K)
[35.871s][info][gc             ] GC(240) Pause Young (Allocation Failure) 630M->84M(1979M) 0.972ms
[35.871s][info][gc,cpu         ] GC(240) User=0.00s Sys=0.00s Real=0.00s
[36.005s][info][gc,start       ] GC(241) Pause Young (Allocation Failure)
[36.006s][info][gc,heap        ] GC(241) DefNew: 561165K(629120K)->2411K(629120K) Eden: 559195K(559232K)->0K(559232K) From: 1970K(69888K)->2411K(69888K)
[36.006s][info][gc,heap        ] GC(241) Tenured: 85057K(1398144K)->85057K(1398144K)
[36.006s][info][gc,metaspace   ] GC(241) Metaspace: 11755K(12032K)->11755K(12032K) NonClass: 10227K(10368K)->10227K(10368K) Class: 1528K(1664K)->1528K(1664K)
[36.006s][info][gc             ] GC(241) Pause Young (Allocation Failure) 631M->85M(1979M) 1.105ms
[36.006s][info][gc,cpu         ] GC(241) User=0.00s Sys=0.00s Real=0.00s
[36.141s][info][gc,start       ] GC(242) Pause Young (Allocation Failure)
[36.142s][info][gc,heap        ] GC(242) DefNew: 561643K(629120K)->2932K(629120K) Eden: 559232K(559232K)->0K(559232K) From: 2411K(69888K)->2932K(69888K)
[36.142s][info][gc,heap        ] GC(242) Tenured: 85057K(1398144K)->85057K(1398144K)
[36.142s][info][gc,metaspace   ] GC(242) Metaspace: 11755K(12032K)->11755K(12032K) NonClass: 10227K(10368K)->10227K(10368K) Class: 1528K(1664K)->1528K(1664K)
[36.142s][info][gc             ] GC(242) Pause Young (Allocation Failure) 631M->85M(1979M) 1.383ms
[36.142s][info][gc,cpu         ] GC(242) User=0.00s Sys=0.00s Real=0.00s
[36.280s][info][gc,start       ] GC(243) Pause Young (Allocation Failure)
[36.281s][info][gc,heap        ] GC(243) DefNew: 562164K(629120K)->437K(629120K) Eden: 559232K(559232K)->0K(559232K) From: 2932K(69888K)->437K(69888K)
[36.281s][info][gc,heap        ] GC(243) Tenured: 85057K(1398144K)->85057K(1398144K)
[36.281s][info][gc,metaspace   ] GC(243) Metaspace: 11755K(12032K)->11755K(12032K) NonClass: 10227K(10368K)->10227K(10368K) Class: 1528K(1664K)->1528K(1664K)
[36.281s][info][gc             ] GC(243) Pause Young (Allocation Failure) 632M->83M(1979M) 0.502ms
[36.281s][info][gc,cpu         ] GC(243) User=0.00s Sys=0.00s Real=0.00s
[36.415s][info][gc,start       ] GC(244) Pause Young (Allocation Failure)
[36.416s][info][gc,heap        ] GC(244) DefNew: 559669K(629120K)->840K(629120K) Eden: 559232K(559232K)->0K(559232K) From: 437K(69888K)->840K(69888K)
[36.416s][info][gc,heap        ] GC(244) Tenured: 85057K(1398144K)->85057K(1398144K)
[36.416s][info][gc,metaspace   ] GC(244) Metaspace: 11755K(12032K)->11755K(12032K) NonClass: 10227K(10368K)->10227K(10368K) Class: 1528K(1664K)->1528K(1664K)
[36.416s][info][gc             ] GC(244) Pause Young (Allocation Failure) 629M->83M(1979M) 0.618ms
[36.416s][info][gc,cpu         ] GC(244) User=0.00s Sys=0.00s Real=0.00s
[36.556s][info][gc,start       ] GC(245) Pause Young (Allocation Failure)
[36.557s][info][gc,heap        ] GC(245) DefNew: 560072K(629120K)->1409K(629120K) Eden: 559232K(559232K)->0K(559232K) From: 840K(69888K)->1409K(69888K)
[36.557s][info][gc,heap        ] GC(245) Tenured: 85057K(1398144K)->85057K(1398144K)
[36.557s][info][gc,metaspace   ] GC(245) Metaspace: 11755K(12032K)->11755K(12032K) NonClass: 10227K(10368K)->10227K(10368K) Class: 1528K(1664K)->1528K(1664K)
[36.557s][info][gc             ] GC(245) Pause Young (Allocation Failure) 630M->84M(1979M) 0.823ms
[36.557s][info][gc,cpu         ] GC(245) User=0.00s Sys=0.00s Real=0.00s
[36.694s][info][gc,start       ] GC(246) Pause Young (Allocation Failure)
[36.695s][info][gc,heap        ] GC(246) DefNew: 560641K(629120K)->1668K(629120K) Eden: 559232K(559232K)->0K(559232K) From: 1409K(69888K)->1668K(69888K)
[36.695s][info][gc,heap        ] GC(246) Tenured: 85057K(1398144K)->85057K(1398144K)
[36.695s][info][gc,metaspace   ] GC(246) Metaspace: 11755K(12032K)->11755K(12032K) NonClass: 10227K(10368K)->10227K(10368K) Class: 1528K(1664K)->1528K(1664K)
[36.695s][info][gc             ] GC(246) Pause Young (Allocation Failure) 630M->84M(1979M) 0.897ms
[36.695s][info][gc,cpu         ] GC(246) User=0.00s Sys=0.00s Real=0.00s
[36.830s][info][gc,start       ] GC(247) Pause Young (Allocation Failure)
[36.831s][info][gc,heap        ] GC(247) DefNew: 560900K(629120K)->2367K(629120K) Eden: 559232K(559232K)->0K(559232K) From: 1668K(69888K)->2367K(69888K)
[36.831s][info][gc,heap        ] GC(247) Tenured: 85057K(1398144K)->85057K(1398144K)
[36.831s][info][gc,metaspace   ] GC(247) Metaspace: 11755K(12032K)->11755K(12032K) NonClass: 10227K(10368K)->10227K(10368K) Class: 1528K(1664K)->1528K(1664K)
[36.831s][info][gc             ] GC(247) Pause Young (Allocation Failure) 630M->85M(1979M) 1.184ms
[36.831s][info][gc,cpu         ] GC(247) User=0.00s Sys=0.00s Real=0.01s
[36.964s][info][gc,start       ] GC(248) Pause Young (Allocation Failure)
[36.965s][info][gc,heap        ] GC(248) DefNew: 561523K(629120K)->2397K(629120K) Eden: 559155K(559232K)->0K(559232K) From: 2367K(69888K)->2397K(69888K)
[36.965s][info][gc,heap        ] GC(248) Tenured: 85057K(1398144K)->85057K(1398144K)
[36.965s][info][gc,metaspace   ] GC(248) Metaspace: 11755K(12032K)->11755K(12032K) NonClass: 10227K(10368K)->10227K(10368K) Class: 1528K(1664K)->1528K(1664K)
[36.965s][info][gc             ] GC(248) Pause Young (Allocation Failure) 631M->85M(1979M) 1.166ms
[36.965s][info][gc,cpu         ] GC(248) User=0.00s Sys=0.00s Real=0.00s
[37.099s][info][gc,start       ] GC(249) Pause Young (Allocation Failure)
[37.101s][info][gc,heap        ] GC(249) DefNew: 561413K(629120K)->3128K(629120K) Eden: 559015K(559232K)->0K(559232K) From: 2397K(69888K)->3128K(69888K)
[37.101s][info][gc,heap        ] GC(249) Tenured: 85057K(1398144K)->85057K(1398144K)
[37.101s][info][gc,metaspace   ] GC(249) Metaspace: 11755K(12032K)->11755K(12032K) NonClass: 10227K(10368K)->10227K(10368K) Class: 1528K(1664K)->1528K(1664K)
[37.101s][info][gc             ] GC(249) Pause Young (Allocation Failure) 631M->86M(1979M) 1.411ms
[37.101s][info][gc,cpu         ] GC(249) User=0.00s Sys=0.00s Real=0.00s
[37.239s][info][gc,start       ] GC(250) Pause Young (Allocation Failure)
[37.240s][info][gc,heap        ] GC(250) DefNew: 562360K(629120K)->460K(629120K) Eden: 559232K(559232K)->0K(559232K) From: 3128K(69888K)->460K(69888K)
[37.240s][info][gc,heap        ] GC(250) Tenured: 85057K(1398144K)->85057K(1398144K)
[37.240s][info][gc,metaspace   ] GC(250) Metaspace: 11755K(12032K)->11755K(12032K) NonClass: 10227K(10368K)->10227K(10368K) Class: 1528K(1664K)->1528K(1664K)
[37.240s][info][gc             ] GC(250) Pause Young (Allocation Failure) 632M->83M(1979M) 0.502ms
[37.240s][info][gc,cpu         ] GC(250) User=0.00s Sys=0.00s Real=0.00s
[37.374s][info][gc,start       ] GC(251) Pause Young (Allocation Failure)
[37.374s][info][gc,heap        ] GC(251) DefNew: 559692K(629120K)->886K(629120K) Eden: 559232K(559232K)->0K(559232K) From: 460K(69888K)->886K(69888K)
[37.374s][info][gc,heap        ] GC(251) Tenured: 85057K(1398144K)->85057K(1398144K)
[37.374s][info][gc,metaspace   ] GC(251) Metaspace: 11755K(12032K)->11755K(12032K) NonClass: 10227K(10368K)->10227K(10368K) Class: 1528K(1664K)->1528K(1664K)
[37.374s][info][gc             ] GC(251) Pause Young (Allocation Failure) 629M->83M(1979M) 0.637ms
[37.374s][info][gc,cpu         ] GC(251) User=0.00s Sys=0.00s Real=0.00s
[37.515s][info][gc,start       ] GC(252) Pause Young (Allocation Failure)
[37.516s][info][gc,heap        ] GC(252) DefNew: 560118K(629120K)->1384K(629120K) Eden: 559232K(559232K)->0K(559232K) From: 886K(69888K)->1384K(69888K)
[37.516s][info][gc,heap        ] GC(252) Tenured: 85057K(1398144K)->85057K(1398144K)
[37.516s][info][gc,metaspace   ] GC(252) Metaspace: 11755K(12032K)->11755K(12032K) NonClass: 10227K(10368K)->10227K(10368K) Class: 1528K(1664K)->1528K(1664K)
[37.516s][info][gc             ] GC(252) Pause Young (Allocation Failure) 630M->84M(1979M) 0.776ms
[37.516s][info][gc,cpu         ] GC(252) User=0.00s Sys=0.00s Real=0.00s
[37.646s][info][gc,start       ] GC(253) Pause Full (System.gc())
[37.646s][info][gc,phases,start] GC(253) Phase 1: Mark live objects
[37.696s][info][gc,phases      ] GC(253) Phase 1: Mark live objects 50.441ms
[37.697s][info][gc,phases,start] GC(253) Phase 2: Compute new object addresses
[37.749s][info][gc,phases      ] GC(253) Phase 2: Compute new object addresses 52.969ms
[37.750s][info][gc,phases,start] GC(253) Phase 3: Adjust pointers
[37.770s][info][gc,phases      ] GC(253) Phase 3: Adjust pointers 20.735ms
[37.770s][info][gc,phases,start] GC(253) Phase 4: Move objects
[37.770s][info][gc,phases      ] GC(253) Phase 4: Move objects 0.009ms
[37.770s][info][gc,heap        ] GC(253) DefNew: 535322K(629120K)->0K(629120K) Eden: 533937K(559232K)->0K(559232K) From: 1384K(69888K)->0K(69888K)
[37.770s][info][gc,heap        ] GC(253) Tenured: 85057K(1398144K)->85057K(1398144K)
[37.770s][info][gc,metaspace   ] GC(253) Metaspace: 11755K(12032K)->11755K(12032K) NonClass: 10227K(10368K)->10227K(10368K) Class: 1528K(1664K)->1528K(1664K)
[37.770s][info][gc             ] GC(253) Pause Full (System.gc()) 605M->83M(1979M) 124.454ms
[37.770s][info][gc,cpu         ] GC(253) User=0.12s Sys=0.00s Real=0.13s
[37.913s][info][gc,start       ] GC(254) Pause Young (Allocation Failure)
[37.914s][info][gc,heap        ] GC(254) DefNew: 559232K(629120K)->447K(629120K) Eden: 559232K(559232K)->0K(559232K) From: 0K(69888K)->447K(69888K)
[37.914s][info][gc,heap        ] GC(254) Tenured: 85057K(1398144K)->85057K(1398144K)
[37.914s][info][gc,metaspace   ] GC(254) Metaspace: 11758K(12032K)->11758K(12032K) NonClass: 10229K(10368K)->10229K(10368K) Class: 1528K(1664K)->1528K(1664K)
[37.914s][info][gc             ] GC(254) Pause Young (Allocation Failure) 629M->83M(1979M) 0.486ms
[37.914s][info][gc,cpu         ] GC(254) User=0.00s Sys=0.00s Real=0.02s
[38.048s][info][gc,start       ] GC(255) Pause Young (Allocation Failure)
[38.049s][info][gc,heap        ] GC(255) DefNew: 559679K(629120K)->864K(629120K) Eden: 559232K(559232K)->0K(559232K) From: 447K(69888K)->864K(69888K)
[38.049s][info][gc,heap        ] GC(255) Tenured: 85057K(1398144K)->85057K(1398144K)
[38.049s][info][gc,metaspace   ] GC(255) Metaspace: 11758K(12032K)->11758K(12032K) NonClass: 10229K(10368K)->10229K(10368K) Class: 1528K(1664K)->1528K(1664K)
[38.049s][info][gc             ] GC(255) Pause Young (Allocation Failure) 629M->83M(1979M) 0.708ms
[38.049s][info][gc,cpu         ] GC(255) User=0.00s Sys=0.00s Real=0.00s
[38.183s][info][gc,start       ] GC(256) Pause Young (Allocation Failure)
[38.184s][info][gc,heap        ] GC(256) DefNew: 560096K(629120K)->1245K(629120K) Eden: 559232K(559232K)->0K(559232K) From: 864K(69888K)->1245K(69888K)
[38.184s][info][gc,heap        ] GC(256) Tenured: 85057K(1398144K)->85057K(1398144K)
[38.184s][info][gc,metaspace   ] GC(256) Metaspace: 11758K(12032K)->11758K(12032K) NonClass: 10229K(10368K)->10229K(10368K) Class: 1528K(1664K)->1528K(1664K)
[38.184s][info][gc             ] GC(256) Pause Young (Allocation Failure) 630M->84M(1979M) 0.754ms
[38.184s][info][gc,cpu         ] GC(256) User=0.00s Sys=0.00s Real=0.00s
[38.317s][info][gc,start       ] GC(257) Pause Young (Allocation Failure)
[38.318s][info][gc,heap        ] GC(257) DefNew: 560454K(629120K)->1919K(629120K) Eden: 559208K(559232K)->0K(559232K) From: 1245K(69888K)->1919K(69888K)
[38.318s][info][gc,heap        ] GC(257) Tenured: 85057K(1398144K)->85057K(1398144K)
[38.318s][info][gc,metaspace   ] GC(257) Metaspace: 11758K(12032K)->11758K(12032K) NonClass: 10229K(10368K)->10229K(10368K) Class: 1528K(1664K)->1528K(1664K)
[38.318s][info][gc             ] GC(257) Pause Young (Allocation Failure) 630M->84M(1979M) 0.964ms
[38.318s][info][gc,cpu         ] GC(257) User=0.00s Sys=0.00s Real=0.00s
[38.454s][info][gc,start       ] GC(258) Pause Young (Allocation Failure)
[38.455s][info][gc,heap        ] GC(258) DefNew: 561151K(629120K)->2149K(629120K) Eden: 559232K(559232K)->0K(559232K) From: 1919K(69888K)->2149K(69888K)
[38.455s][info][gc,heap        ] GC(258) Tenured: 85057K(1398144K)->85057K(1398144K)
[38.455s][info][gc,metaspace   ] GC(258) Metaspace: 11758K(12032K)->11758K(12032K) NonClass: 10229K(10368K)->10229K(10368K) Class: 1528K(1664K)->1528K(1664K)
[38.455s][info][gc             ] GC(258) Pause Young (Allocation Failure) 631M->85M(1979M) 1.096ms
[38.455s][info][gc,cpu         ] GC(258) User=0.00s Sys=0.00s Real=0.00s
[38.593s][info][gc,start       ] GC(259) Pause Young (Allocation Failure)
[38.594s][info][gc,heap        ] GC(259) DefNew: 561381K(629120K)->2215K(629120K) Eden: 559232K(559232K)->0K(559232K) From: 2149K(69888K)->2215K(69888K)
[38.594s][info][gc,heap        ] GC(259) Tenured: 85057K(1398144K)->85057K(1398144K)
[38.594s][info][gc,metaspace   ] GC(259) Metaspace: 11758K(12032K)->11758K(12032K) NonClass: 10229K(10368K)->10229K(10368K) Class: 1528K(1664K)->1528K(1664K)
[38.594s][info][gc             ] GC(259) Pause Young (Allocation Failure) 631M->85M(1979M) 1.078ms
[38.594s][info][gc,cpu         ] GC(259) User=0.00s Sys=0.00s Real=0.00s
[38.730s][info][gc,start       ] GC(260) Pause Young (Allocation Failure)
[38.732s][info][gc,heap        ] GC(260) DefNew: 560709K(629120K)->3322K(629120K) Eden: 558494K(559232K)->0K(559232K) From: 2215K(69888K)->3322K(69888K)
[38.732s][info][gc,heap        ] GC(260) Tenured: 85057K(1398144K)->85057K(1398144K)
[38.732s][info][gc,metaspace   ] GC(260) Metaspace: 11758K(12032K)->11758K(12032K) NonClass: 10229K(10368K)->10229K(10368K) Class: 1528K(1664K)->1528K(1664K)
[38.732s][info][gc             ] GC(260) Pause Young (Allocation Failure) 630M->86M(1979M) 1.482ms
[38.732s][info][gc,cpu         ] GC(260) User=0.00s Sys=0.00s Real=0.01s
[38.870s][info][gc,start       ] GC(261) Pause Young (Allocation Failure)
[38.870s][info][gc,heap        ] GC(261) DefNew: 562554K(629120K)->228K(629120K) Eden: 559232K(559232K)->0K(559232K) From: 3322K(69888K)->228K(69888K)
[38.870s][info][gc,heap        ] GC(261) Tenured: 85057K(1398144K)->85057K(1398144K)
[38.870s][info][gc,metaspace   ] GC(261) Metaspace: 11758K(12032K)->11758K(12032K) NonClass: 10229K(10368K)->10229K(10368K) Class: 1528K(1664K)->1528K(1664K)
[38.870s][info][gc             ] GC(261) Pause Young (Allocation Failure) 632M->83M(1979M) 0.450ms
[38.870s][info][gc,cpu         ] GC(261) User=0.00s Sys=0.00s Real=0.00s
[39.005s][info][gc,start       ] GC(262) Pause Young (Allocation Failure)
[39.005s][info][gc,heap        ] GC(262) DefNew: 559460K(629120K)->791K(629120K) Eden: 559232K(559232K)->0K(559232K) From: 228K(69888K)->791K(69888K)
[39.005s][info][gc,heap        ] GC(262) Tenured: 85057K(1398144K)->85057K(1398144K)
[39.005s][info][gc,metaspace   ] GC(262) Metaspace: 11758K(12032K)->11758K(12032K) NonClass: 10229K(10368K)->10229K(10368K) Class: 1528K(1664K)->1528K(1664K)
[39.005s][info][gc             ] GC(262) Pause Young (Allocation Failure) 629M->83M(1979M) 0.580ms
[39.005s][info][gc,cpu         ] GC(262) User=0.00s Sys=0.00s Real=0.00s
[39.141s][info][gc,start       ] GC(263) Pause Young (Allocation Failure)
[39.141s][info][gc,heap        ] GC(263) DefNew: 560023K(629120K)->1028K(629120K) Eden: 559232K(559232K)->0K(559232K) From: 791K(69888K)->1028K(69888K)
[39.141s][info][gc,heap        ] GC(263) Tenured: 85057K(1398144K)->85057K(1398144K)
[39.141s][info][gc,metaspace   ] GC(263) Metaspace: 11758K(12032K)->11758K(12032K) NonClass: 10229K(10368K)->10229K(10368K) Class: 1528K(1664K)->1528K(1664K)
[39.141s][info][gc             ] GC(263) Pause Young (Allocation Failure) 629M->84M(1979M) 0.674ms
[39.141s][info][gc,cpu         ] GC(263) User=0.00s Sys=0.00s Real=0.00s
[39.276s][info][gc,start       ] GC(264) Pause Young (Allocation Failure)
[39.276s][info][gc,heap        ] GC(264) DefNew: 560260K(629120K)->1704K(629120K) Eden: 559232K(559232K)->0K(559232K) From: 1028K(69888K)->1704K(69888K)
[39.276s][info][gc,heap        ] GC(264) Tenured: 85057K(1398144K)->85057K(1398144K)
[39.276s][info][gc,metaspace   ] GC(264) Metaspace: 11758K(12032K)->11758K(12032K) NonClass: 10229K(10368K)->10229K(10368K) Class: 1528K(1664K)->1528K(1664K)
[39.276s][info][gc             ] GC(264) Pause Young (Allocation Failure) 630M->84M(1979M) 0.854ms
[39.276s][info][gc,cpu         ] GC(264) User=0.00s Sys=0.00s Real=0.00s
[39.411s][info][gc,start       ] GC(265) Pause Young (Allocation Failure)
[39.411s][info][gc,heap        ] GC(265) DefNew: 560936K(629120K)->1868K(629120K) Eden: 559232K(559232K)->0K(559232K) From: 1704K(69888K)->1868K(69888K)
[39.412s][info][gc,heap        ] GC(265) Tenured: 85057K(1398144K)->85057K(1398144K)
[39.412s][info][gc,metaspace   ] GC(265) Metaspace: 11758K(12032K)->11758K(12032K) NonClass: 10229K(10368K)->10229K(10368K) Class: 1528K(1664K)->1528K(1664K)
[39.412s][info][gc             ] GC(265) Pause Young (Allocation Failure) 630M->84M(1979M) 0.949ms
[39.412s][info][gc,cpu         ] GC(265) User=0.00s Sys=0.00s Real=0.00s
[39.552s][info][gc,start       ] GC(266) Pause Young (Allocation Failure)
[39.553s][info][gc,heap        ] GC(266) DefNew: 561027K(629120K)->2315K(629120K) Eden: 559158K(559232K)->0K(559232K) From: 1868K(69888K)->2315K(69888K)
[39.553s][info][gc,heap        ] GC(266) Tenured: 85057K(1398144K)->85057K(1398144K)
[39.553s][info][gc,metaspace   ] GC(266) Metaspace: 11758K(12032K)->11758K(12032K) NonClass: 10229K(10368K)->10229K(10368K) Class: 1528K(1664K)->1528K(1664K)
[39.553s][info][gc             ] GC(266) Pause Young (Allocation Failure) 630M->85M(1979M) 1.087ms
[39.553s][info][gc,cpu         ] GC(266) User=0.00s Sys=0.00s Real=0.00s
[39.687s][info][gc,start       ] GC(267) Pause Young (Allocation Failure)
[39.688s][info][gc,heap        ] GC(267) DefNew: 561547K(629120K)->2252K(629120K) Eden: 559232K(559232K)->0K(559232K) From: 2315K(69888K)->2252K(69888K)
[39.688s][info][gc,heap        ] GC(267) Tenured: 85057K(1398144K)->85057K(1398144K)
[39.688s][info][gc,metaspace   ] GC(267) Metaspace: 11758K(12032K)->11758K(12032K) NonClass: 10229K(10368K)->10229K(10368K) Class: 1528K(1664K)->1528K(1664K)
[39.688s][info][gc             ] GC(267) Pause Young (Allocation Failure) 631M->85M(1979M) 1.115ms
[39.688s][info][gc,cpu         ] GC(267) User=0.00s Sys=0.00s Real=0.00s
[39.827s][info][gc,start       ] GC(268) Pause Young (Allocation Failure)
[39.828s][info][gc,heap        ] GC(268) DefNew: 561484K(629120K)->1962K(629120K) Eden: 559232K(559232K)->0K(559232K) From: 2252K(69888K)->1962K(69888K)
[39.828s][info][gc,heap        ] GC(268) Tenured: 85057K(1398144K)->85057K(1398144K)
[39.828s][info][gc,metaspace   ] GC(268) Metaspace: 11758K(12032K)->11758K(12032K) NonClass: 10229K(10368K)->10229K(10368K) Class: 1528K(1664K)->1528K(1664K)
[39.828s][info][gc             ] GC(268) Pause Young (Allocation Failure) 631M->84M(1979M) 0.917ms
[39.828s][info][gc,cpu         ] GC(268) User=0.00s Sys=0.00s Real=0.00s
[39.964s][info][gc,start       ] GC(269) Pause Young (Allocation Failure)
[39.964s][info][gc,heap        ] GC(269) DefNew: 561194K(629120K)->614K(629120K) Eden: 559232K(559232K)->0K(559232K) From: 1962K(69888K)->614K(69888K)
[39.964s][info][gc,heap        ] GC(269) Tenured: 85057K(1398144K)->85058K(1398144K)
[39.964s][info][gc,metaspace   ] GC(269) Metaspace: 11758K(12032K)->11758K(12032K) NonClass: 10229K(10368K)->10229K(10368K) Class: 1528K(1664K)->1528K(1664K)
[39.964s][info][gc             ] GC(269) Pause Young (Allocation Failure) 631M->83M(1979M) 0.565ms
[39.964s][info][gc,cpu         ] GC(269) User=0.00s Sys=0.00s Real=0.00s
[40.098s][info][gc,start       ] GC(270) Pause Young (Allocation Failure)
[40.099s][info][gc,heap        ] GC(270) DefNew: 559846K(629120K)->1045K(629120K) Eden: 559232K(559232K)->0K(559232K) From: 614K(69888K)->1045K(69888K)
[40.099s][info][gc,heap        ] GC(270) Tenured: 85058K(1398144K)->85058K(1398144K)
[40.099s][info][gc,metaspace   ] GC(270) Metaspace: 11758K(12032K)->11758K(12032K) NonClass: 10229K(10368K)->10229K(10368K) Class: 1528K(1664K)->1528K(1664K)
[40.099s][info][gc             ] GC(270) Pause Young (Allocation Failure) 629M->84M(1979M) 0.698ms
[40.099s][info][gc,cpu         ] GC(270) User=0.00s Sys=0.00s Real=0.00s
[40.229s][info][gc,start       ] GC(271) Pause Full (System.gc())
[40.229s][info][gc,phases,start] GC(271) Phase 1: Mark live objects
[40.282s][info][gc,phases      ] GC(271) Phase 1: Mark live objects 52.292ms
[40.282s][info][gc,phases,start] GC(271) Phase 2: Compute new object addresses
[40.335s][info][gc,phases      ] GC(271) Phase 2: Compute new object addresses 53.472ms
[40.335s][info][gc,phases,start] GC(271) Phase 3: Adjust pointers
[40.356s][info][gc,phases      ] GC(271) Phase 3: Adjust pointers 20.919ms
[40.356s][info][gc,phases,start] GC(271) Phase 4: Move objects
[40.356s][info][gc,phases      ] GC(271) Phase 4: Move objects 0.013ms
[40.356s][info][gc,heap        ] GC(271) DefNew: 537153K(629120K)->0K(629120K) Eden: 536108K(559232K)->0K(559232K) From: 1045K(69888K)->0K(69888K)
[40.356s][info][gc,heap        ] GC(271) Tenured: 85058K(1398144K)->85056K(1398144K)
[40.356s][info][gc,metaspace   ] GC(271) Metaspace: 11758K(12032K)->11758K(12032K) NonClass: 10229K(10368K)->10229K(10368K) Class: 1528K(1664K)->1528K(1664K)
[40.356s][info][gc             ] GC(271) Pause Full (System.gc()) 607M->83M(1979M) 126.991ms
[40.356s][info][gc,cpu         ] GC(271) User=0.11s Sys=0.00s Real=0.12s
[40.504s][info][gc,start       ] GC(272) Pause Young (Allocation Failure)
[40.504s][info][gc,heap        ] GC(272) DefNew: 559232K(629120K)->382K(629120K) Eden: 559232K(559232K)->0K(559232K) From: 0K(69888K)->382K(69888K)
[40.504s][info][gc,heap        ] GC(272) Tenured: 85056K(1398144K)->85056K(1398144K)
[40.504s][info][gc,metaspace   ] GC(272) Metaspace: 11758K(12032K)->11758K(12032K) NonClass: 10229K(10368K)->10229K(10368K) Class: 1528K(1664K)->1528K(1664K)
[40.504s][info][gc             ] GC(272) Pause Young (Allocation Failure) 629M->83M(1979M) 0.474ms
[40.504s][info][gc,cpu         ] GC(272) User=0.00s Sys=0.00s Real=0.00s
[40.640s][info][gc,start       ] GC(273) Pause Young (Allocation Failure)
[40.640s][info][gc,heap        ] GC(273) DefNew: 559566K(629120K)->926K(629120K) Eden: 559184K(559232K)->0K(559232K) From: 382K(69888K)->926K(69888K)
[40.640s][info][gc,heap        ] GC(273) Tenured: 85056K(1398144K)->85056K(1398144K)
[40.640s][info][gc,metaspace   ] GC(273) Metaspace: 11758K(12032K)->11758K(12032K) NonClass: 10229K(10368K)->10229K(10368K) Class: 1528K(1664K)->1528K(1664K)
[40.640s][info][gc             ] GC(273) Pause Young (Allocation Failure) 629M->83M(1979M) 0.618ms
[40.640s][info][gc,cpu         ] GC(273) User=0.00s Sys=0.00s Real=0.00s
[40.777s][info][gc,start       ] GC(274) Pause Young (Allocation Failure)
[40.778s][info][gc,heap        ] GC(274) DefNew: 560158K(629120K)->1314K(629120K) Eden: 559232K(559232K)->0K(559232K) From: 926K(69888K)->1314K(69888K)
[40.778s][info][gc,heap        ] GC(274) Tenured: 85056K(1398144K)->85056K(1398144K)
[40.778s][info][gc,metaspace   ] GC(274) Metaspace: 11758K(12032K)->11758K(12032K) NonClass: 10229K(10368K)->10229K(10368K) Class: 1528K(1664K)->1528K(1664K)
[40.778s][info][gc             ] GC(274) Pause Young (Allocation Failure) 630M->84M(1979M) 0.760ms
[40.778s][info][gc,cpu         ] GC(274) User=0.00s Sys=0.00s Real=0.00s
[40.912s][info][gc,start       ] GC(275) Pause Young (Allocation Failure)
[40.913s][info][gc,heap        ] GC(275) DefNew: 560546K(629120K)->1676K(629120K) Eden: 559232K(559232K)->0K(559232K) From: 1314K(69888K)->1676K(69888K)
[40.913s][info][gc,heap        ] GC(275) Tenured: 85056K(1398144K)->85056K(1398144K)
[40.913s][info][gc,metaspace   ] GC(275) Metaspace: 11758K(12032K)->11758K(12032K) NonClass: 10229K(10368K)->10229K(10368K) Class: 1528K(1664K)->1528K(1664K)
[40.913s][info][gc             ] GC(275) Pause Young (Allocation Failure) 630M->84M(1979M) 0.903ms
[40.913s][info][gc,cpu         ] GC(275) User=0.00s Sys=0.00s Real=0.00s
[41.049s][info][gc,start       ] GC(276) Pause Young (Allocation Failure)
[41.050s][info][gc,heap        ] GC(276) DefNew: 560908K(629120K)->2156K(629120K) Eden: 559232K(559232K)->0K(559232K) From: 1676K(69888K)->2156K(69888K)
[41.050s][info][gc,heap        ] GC(276) Tenured: 85056K(1398144K)->85056K(1398144K)
[41.050s][info][gc,metaspace   ] GC(276) Metaspace: 11758K(12032K)->11758K(12032K) NonClass: 10229K(10368K)->10229K(10368K) Class: 1528K(1664K)->1528K(1664K)
[41.050s][info][gc             ] GC(276) Pause Young (Allocation Failure) 630M->85M(1979M) 1.044ms
[41.050s][info][gc,cpu         ] GC(276) User=0.00s Sys=0.00s Real=0.00s
[41.185s][info][gc,start       ] GC(277) Pause Young (Allocation Failure)
[41.186s][info][gc,heap        ] GC(277) DefNew: 561388K(629120K)->2543K(629120K) Eden: 559232K(559232K)->0K(559232K) From: 2156K(69888K)->2543K(69888K)
[41.186s][info][gc,heap        ] GC(277) Tenured: 85056K(1398144K)->85056K(1398144K)
[41.186s][info][gc,metaspace   ] GC(277) Metaspace: 11758K(12032K)->11758K(12032K) NonClass: 10229K(10368K)->10229K(10368K) Class: 1528K(1664K)->1528K(1664K)
[41.186s][info][gc             ] GC(277) Pause Young (Allocation Failure) 631M->85M(1979M) 1.220ms
[41.186s][info][gc,cpu         ] GC(277) User=0.00s Sys=0.00s Real=0.00s
[41.323s][info][gc,start       ] GC(278) Pause Young (Allocation Failure)
[41.324s][info][gc,heap        ] GC(278) DefNew: 561775K(629120K)->235K(629120K) Eden: 559232K(559232K)->0K(559232K) From: 2543K(69888K)->235K(69888K)
[41.324s][info][gc,heap        ] GC(278) Tenured: 85056K(1398144K)->85056K(1398144K)
[41.324s][info][gc,metaspace   ] GC(278) Metaspace: 11758K(12032K)->11758K(12032K) NonClass: 10229K(10368K)->10229K(10368K) Class: 1528K(1664K)->1528K(1664K)
[41.324s][info][gc             ] GC(278) Pause Young (Allocation Failure) 631M->83M(1979M) 0.460ms
[41.324s][info][gc,cpu         ] GC(278) User=0.00s Sys=0.00s Real=0.00s
[41.460s][info][gc,start       ] GC(279) Pause Young (Allocation Failure)
[41.460s][info][gc,heap        ] GC(279) DefNew: 559467K(629120K)->808K(629120K) Eden: 559232K(559232K)->0K(559232K) From: 235K(69888K)->808K(69888K)
[41.460s][info][gc,heap        ] GC(279) Tenured: 85056K(1398144K)->85056K(1398144K)
[41.460s][info][gc,metaspace   ] GC(279) Metaspace: 11758K(12032K)->11758K(12032K) NonClass: 10229K(10368K)->10229K(10368K) Class: 1528K(1664K)->1528K(1664K)
[41.460s][info][gc             ] GC(279) Pause Young (Allocation Failure) 629M->83M(1979M) 0.739ms
[41.460s][info][gc,cpu         ] GC(279) User=0.00s Sys=0.00s Real=0.00s
[41.599s][info][gc,start       ] GC(280) Pause Young (Allocation Failure)
[41.600s][info][gc,heap        ] GC(280) DefNew: 560040K(629120K)->1154K(629120K) Eden: 559232K(559232K)->0K(559232K) From: 808K(69888K)->1154K(69888K)
[41.600s][info][gc,heap        ] GC(280) Tenured: 85056K(1398144K)->85056K(1398144K)
[41.600s][info][gc,metaspace   ] GC(280) Metaspace: 11758K(12032K)->11758K(12032K) NonClass: 10229K(10368K)->10229K(10368K) Class: 1528K(1664K)->1528K(1664K)
[41.600s][info][gc             ] GC(280) Pause Young (Allocation Failure) 629M->84M(1979M) 0.707ms
[41.600s][info][gc,cpu         ] GC(280) User=0.00s Sys=0.00s Real=0.00s
[41.736s][info][gc,start       ] GC(281) Pause Young (Allocation Failure)
[41.737s][info][gc,heap        ] GC(281) DefNew: 560386K(629120K)->1447K(629120K) Eden: 559232K(559232K)->0K(559232K) From: 1154K(69888K)->1447K(69888K)
[41.737s][info][gc,heap        ] GC(281) Tenured: 85056K(1398144K)->85056K(1398144K)
[41.737s][info][gc,metaspace   ] GC(281) Metaspace: 11758K(12032K)->11758K(12032K) NonClass: 10229K(10368K)->10229K(10368K) Class: 1528K(1664K)->1528K(1664K)
[41.737s][info][gc             ] GC(281) Pause Young (Allocation Failure) 630M->84M(1979M) 0.869ms
[41.737s][info][gc,cpu         ] GC(281) User=0.00s Sys=0.00s Real=0.00s
[41.871s][info][gc,start       ] GC(282) Pause Young (Allocation Failure)
[41.872s][info][gc,heap        ] GC(282) DefNew: 560679K(629120K)->1871K(629120K) Eden: 559232K(559232K)->0K(559232K) From: 1447K(69888K)->1871K(69888K)
[41.872s][info][gc,heap        ] GC(282) Tenured: 85056K(1398144K)->85056K(1398144K)
[41.872s][info][gc,metaspace   ] GC(282) Metaspace: 11758K(12032K)->11758K(12032K) NonClass: 10229K(10368K)->10229K(10368K) Class: 1528K(1664K)->1528K(1664K)
[41.872s][info][gc             ] GC(282) Pause Young (Allocation Failure) 630M->84M(1979M) 0.908ms
[41.872s][info][gc,cpu         ] GC(282) User=0.00s Sys=0.00s Real=0.00s
[42.007s][info][gc,start       ] GC(283) Pause Young (Allocation Failure)
[42.008s][info][gc,heap        ] GC(283) DefNew: 561103K(629120K)->2545K(629120K) Eden: 559232K(559232K)->0K(559232K) From: 1871K(69888K)->2545K(69888K)
[42.008s][info][gc,heap        ] GC(283) Tenured: 85056K(1398144K)->85056K(1398144K)
[42.008s][info][gc,metaspace   ] GC(283) Metaspace: 11758K(12032K)->11758K(12032K) NonClass: 10229K(10368K)->10229K(10368K) Class: 1528K(1664K)->1528K(1664K)
[42.008s][info][gc             ] GC(283) Pause Young (Allocation Failure) 631M->85M(1979M) 1.121ms
[42.008s][info][gc,cpu         ] GC(283) User=0.00s Sys=0.00s Real=0.00s
[42.142s][info][gc,start       ] GC(284) Pause Young (Allocation Failure)
[42.143s][info][gc,heap        ] GC(284) DefNew: 561487K(629120K)->2153K(629120K) Eden: 558941K(559232K)->0K(559232K) From: 2545K(69888K)->2153K(69888K)
[42.143s][info][gc,heap        ] GC(284) Tenured: 85056K(1398144K)->85056K(1398144K)
[42.143s][info][gc,metaspace   ] GC(284) Metaspace: 11758K(12032K)->11758K(12032K) NonClass: 10229K(10368K)->10229K(10368K) Class: 1528K(1664K)->1528K(1664K)
[42.143s][info][gc             ] GC(284) Pause Young (Allocation Failure) 631M->85M(1979M) 1.041ms
[42.143s][info][gc,cpu         ] GC(284) User=0.00s Sys=0.00s Real=0.00s
[42.281s][info][gc,start       ] GC(285) Pause Young (Allocation Failure)
[42.282s][info][gc,heap        ] GC(285) DefNew: 561385K(629120K)->378K(629120K) Eden: 559232K(559232K)->0K(559232K) From: 2153K(69888K)->378K(69888K)
[42.282s][info][gc,heap        ] GC(285) Tenured: 85056K(1398144K)->85056K(1398144K)
[42.282s][info][gc,metaspace   ] GC(285) Metaspace: 11758K(12032K)->11758K(12032K) NonClass: 10229K(10368K)->10229K(10368K) Class: 1528K(1664K)->1528K(1664K)
[42.282s][info][gc             ] GC(285) Pause Young (Allocation Failure) 631M->83M(1979M) 0.520ms
[42.282s][info][gc,cpu         ] GC(285) User=0.00s Sys=0.00s Real=0.02s
[42.416s][info][gc,start       ] GC(286) Pause Young (Allocation Failure)
[42.416s][info][gc,heap        ] GC(286) DefNew: 559610K(629120K)->880K(629120K) Eden: 559232K(559232K)->0K(559232K) From: 378K(69888K)->880K(69888K)
[42.416s][info][gc,heap        ] GC(286) Tenured: 85056K(1398144K)->85056K(1398144K)
[42.416s][info][gc,metaspace   ] GC(286) Metaspace: 11758K(12032K)->11758K(12032K) NonClass: 10229K(10368K)->10229K(10368K) Class: 1528K(1664K)->1528K(1664K)
[42.416s][info][gc             ] GC(286) Pause Young (Allocation Failure) 629M->83M(1979M) 0.627ms
[42.416s][info][gc,cpu         ] GC(286) User=0.00s Sys=0.00s Real=0.00s
[42.556s][info][gc,start       ] GC(287) Pause Young (Allocation Failure)
[42.557s][info][gc,heap        ] GC(287) DefNew: 560112K(629120K)->1172K(629120K) Eden: 559232K(559232K)->0K(559232K) From: 880K(69888K)->1172K(69888K)
[42.557s][info][gc,heap        ] GC(287) Tenured: 85056K(1398144K)->85057K(1398144K)
[42.557s][info][gc,metaspace   ] GC(287) Metaspace: 11758K(12032K)->11758K(12032K) NonClass: 10229K(10368K)->10229K(10368K) Class: 1528K(1664K)->1528K(1664K)
[42.557s][info][gc             ] GC(287) Pause Young (Allocation Failure) 630M->84M(1979M) 0.752ms
[42.557s][info][gc,cpu         ] GC(287) User=0.00s Sys=0.00s Real=0.00s
[42.692s][info][gc,start       ] GC(288) Pause Young (Allocation Failure)
[42.693s][info][gc,heap        ] GC(288) DefNew: 560404K(629120K)->1585K(629120K) Eden: 559232K(559232K)->0K(559232K) From: 1172K(69888K)->1585K(69888K)
[42.693s][info][gc,heap        ] GC(288) Tenured: 85057K(1398144K)->85057K(1398144K)
[42.693s][info][gc,metaspace   ] GC(288) Metaspace: 11758K(12032K)->11758K(12032K) NonClass: 10229K(10368K)->10229K(10368K) Class: 1528K(1664K)->1528K(1664K)
[42.693s][info][gc             ] GC(288) Pause Young (Allocation Failure) 630M->84M(1979M) 0.869ms
[42.693s][info][gc,cpu         ] GC(288) User=0.00s Sys=0.00s Real=0.00s
[42.823s][info][gc,start       ] GC(289) Pause Full (System.gc())
[42.823s][info][gc,phases,start] GC(289) Phase 1: Mark live objects
[42.876s][info][gc,phases      ] GC(289) Phase 1: Mark live objects 52.591ms
[42.876s][info][gc,phases,start] GC(289) Phase 2: Compute new object addresses
[42.929s][info][gc,phases      ] GC(289) Phase 2: Compute new object addresses 52.745ms
[42.929s][info][gc,phases,start] GC(289) Phase 3: Adjust pointers
[42.950s][info][gc,phases      ] GC(289) Phase 3: Adjust pointers 21.257ms
[42.950s][info][gc,phases,start] GC(289) Phase 4: Move objects
[42.950s][info][gc,phases      ] GC(289) Phase 4: Move objects 0.015ms
[42.950s][info][gc,heap        ] GC(289) DefNew: 526619K(629120K)->0K(629120K) Eden: 525034K(559232K)->0K(559232K) From: 1585K(69888K)->0K(69888K)
[42.950s][info][gc,heap        ] GC(289) Tenured: 85057K(1398144K)->85057K(1398144K)
[42.950s][info][gc,metaspace   ] GC(289) Metaspace: 11758K(12032K)->11758K(12032K) NonClass: 10229K(10368K)->10229K(10368K) Class: 1528K(1664K)->1528K(1664K)
[42.950s][info][gc             ] GC(289) Pause Full (System.gc()) 597M->83M(1979M) 126.907ms
[42.950s][info][gc,cpu         ] GC(289) User=0.11s Sys=0.00s Real=0.13s
[43.092s][info][gc,start       ] GC(290) Pause Young (Allocation Failure)
[43.093s][info][gc,heap        ] GC(290) DefNew: 559232K(629120K)->427K(629120K) Eden: 559232K(559232K)->0K(559232K) From: 0K(69888K)->427K(69888K)
[43.093s][info][gc,heap        ] GC(290) Tenured: 85057K(1398144K)->85057K(1398144K)
[43.093s][info][gc,metaspace   ] GC(290) Metaspace: 11758K(12032K)->11758K(12032K) NonClass: 10229K(10368K)->10229K(10368K) Class: 1528K(1664K)->1528K(1664K)
[43.093s][info][gc             ] GC(290) Pause Young (Allocation Failure) 629M->83M(1979M) 0.498ms
[43.093s][info][gc,cpu         ] GC(290) User=0.00s Sys=0.00s Real=0.00s
[43.227s][info][gc,start       ] GC(291) Pause Young (Allocation Failure)
[43.228s][info][gc,heap        ] GC(291) DefNew: 559659K(629120K)->827K(629120K) Eden: 559232K(559232K)->0K(559232K) From: 427K(69888K)->827K(69888K)
[43.228s][info][gc,heap        ] GC(291) Tenured: 85057K(1398144K)->85057K(1398144K)
[43.228s][info][gc,metaspace   ] GC(291) Metaspace: 11758K(12032K)->11758K(12032K) NonClass: 10229K(10368K)->10229K(10368K) Class: 1528K(1664K)->1528K(1664K)
[43.228s][info][gc             ] GC(291) Pause Young (Allocation Failure) 629M->83M(1979M) 0.630ms
[43.228s][info][gc,cpu         ] GC(291) User=0.00s Sys=0.00s Real=0.00s
[43.362s][info][gc,start       ] GC(292) Pause Young (Allocation Failure)
[43.362s][info][gc,heap        ] GC(292) DefNew: 560059K(629120K)->1171K(629120K) Eden: 559232K(559232K)->0K(559232K) From: 827K(69888K)->1171K(69888K)
[43.362s][info][gc,heap        ] GC(292) Tenured: 85057K(1398144K)->85057K(1398144K)
[43.362s][info][gc,metaspace   ] GC(292) Metaspace: 11758K(12032K)->11758K(12032K) NonClass: 10229K(10368K)->10229K(10368K) Class: 1528K(1664K)->1528K(1664K)
[43.362s][info][gc             ] GC(292) Pause Young (Allocation Failure) 629M->84M(1979M) 0.717ms
[43.362s][info][gc,cpu         ] GC(292) User=0.00s Sys=0.00s Real=0.00s
[43.501s][info][gc,start       ] GC(293) Pause Young (Allocation Failure)
[43.502s][info][gc,heap        ] GC(293) DefNew: 560403K(629120K)->1781K(629120K) Eden: 559232K(559232K)->0K(559232K) From: 1171K(69888K)->1781K(69888K)
[43.502s][info][gc,heap        ] GC(293) Tenured: 85057K(1398144K)->85057K(1398144K)
[43.502s][info][gc,metaspace   ] GC(293) Metaspace: 11758K(12032K)->11758K(12032K) NonClass: 10229K(10368K)->10229K(10368K) Class: 1528K(1664K)->1528K(1664K)
[43.502s][info][gc             ] GC(293) Pause Young (Allocation Failure) 630M->84M(1979M) 0.918ms
[43.502s][info][gc,cpu         ] GC(293) User=0.00s Sys=0.00s Real=0.00s
[43.639s][info][gc,start       ] GC(294) Pause Young (Allocation Failure)
[43.640s][info][gc,heap        ] GC(294) DefNew: 561013K(629120K)->2166K(629120K) Eden: 559232K(559232K)->0K(559232K) From: 1781K(69888K)->2166K(69888K)
[43.640s][info][gc,heap        ] GC(294) Tenured: 85057K(1398144K)->85057K(1398144K)
[43.640s][info][gc,metaspace   ] GC(294) Metaspace: 11758K(12032K)->11758K(12032K) NonClass: 10229K(10368K)->10229K(10368K) Class: 1528K(1664K)->1528K(1664K)
[43.640s][info][gc             ] GC(294) Pause Young (Allocation Failure) 630M->85M(1979M) 1.041ms
[43.640s][info][gc,cpu         ] GC(294) User=0.00s Sys=0.00s Real=0.00s
[43.775s][info][gc,start       ] GC(295) Pause Young (Allocation Failure)
[43.776s][info][gc,heap        ] GC(295) DefNew: 561374K(629120K)->2240K(629120K) Eden: 559208K(559232K)->0K(559232K) From: 2166K(69888K)->2240K(69888K)
[43.776s][info][gc,heap        ] GC(295) Tenured: 85057K(1398144K)->85057K(1398144K)
[43.776s][info][gc,metaspace   ] GC(295) Metaspace: 11758K(12032K)->11758K(12032K) NonClass: 10229K(10368K)->10229K(10368K) Class: 1528K(1664K)->1528K(1664K)
[43.776s][info][gc             ] GC(295) Pause Young (Allocation Failure) 631M->85M(1979M) 1.042ms
[43.776s][info][gc,cpu         ] GC(295) User=0.00s Sys=0.00s Real=0.00s
[43.910s][info][gc,start       ] GC(296) Pause Young (Allocation Failure)
[43.911s][info][gc,heap        ] GC(296) DefNew: 561472K(629120K)->3129K(629120K) Eden: 559232K(559232K)->0K(559232K) From: 2240K(69888K)->3129K(69888K)
[43.911s][info][gc,heap        ] GC(296) Tenured: 85057K(1398144K)->85057K(1398144K)
[43.911s][info][gc,metaspace   ] GC(296) Metaspace: 11758K(12032K)->11758K(12032K) NonClass: 10229K(10368K)->10229K(10368K) Class: 1528K(1664K)->1528K(1664K)
[43.911s][info][gc             ] GC(296) Pause Young (Allocation Failure) 631M->86M(1979M) 1.427ms
[43.911s][info][gc,cpu         ] GC(296) User=0.00s Sys=0.00s Real=0.00s
[44.050s][info][gc,start       ] GC(297) Pause Young (Allocation Failure)
[44.050s][info][gc,heap        ] GC(297) DefNew: 562361K(629120K)->222K(629120K) Eden: 559232K(559232K)->0K(559232K) From: 3129K(69888K)->222K(69888K)
[44.050s][info][gc,heap        ] GC(297) Tenured: 85057K(1398144K)->85057K(1398144K)
[44.050s][info][gc,metaspace   ] GC(297) Metaspace: 11758K(12032K)->11758K(12032K) NonClass: 10229K(10368K)->10229K(10368K) Class: 1528K(1664K)->1528K(1664K)
[44.050s][info][gc             ] GC(297) Pause Young (Allocation Failure) 632M->83M(1979M) 0.420ms
[44.050s][info][gc,cpu         ] GC(297) User=0.00s Sys=0.00s Real=0.00s
[44.185s][info][gc,start       ] GC(298) Pause Young (Allocation Failure)
[44.185s][info][gc,heap        ] GC(298) DefNew: 559454K(629120K)->588K(629120K) Eden: 559232K(559232K)->0K(559232K) From: 222K(69888K)->588K(69888K)
[44.185s][info][gc,heap        ] GC(298) Tenured: 85057K(1398144K)->85057K(1398144K)
[44.185s][info][gc,metaspace   ] GC(298) Metaspace: 11758K(12032K)->11758K(12032K) NonClass: 10229K(10368K)->10229K(10368K) Class: 1528K(1664K)->1528K(1664K)
[44.185s][info][gc             ] GC(298) Pause Young (Allocation Failure) 629M->83M(1979M) 0.532ms
[44.185s][info][gc,cpu         ] GC(298) User=0.00s Sys=0.00s Real=0.00s
[44.320s][info][gc,start       ] GC(299) Pause Young (Allocation Failure)
[44.320s][info][gc,heap        ] GC(299) DefNew: 559820K(629120K)->959K(629120K) Eden: 559232K(559232K)->0K(559232K) From: 588K(69888K)->959K(69888K)
[44.320s][info][gc,heap        ] GC(299) Tenured: 85057K(1398144K)->85057K(1398144K)
[44.320s][info][gc,metaspace   ] GC(299) Metaspace: 11758K(12032K)->11758K(12032K) NonClass: 10229K(10368K)->10229K(10368K) Class: 1528K(1664K)->1528K(1664K)
[44.320s][info][gc             ] GC(299) Pause Young (Allocation Failure) 629M->84M(1979M) 0.674ms
[44.320s][info][gc,cpu         ] GC(299) User=0.00s Sys=0.00s Real=0.00s
[44.454s][info][gc,start       ] GC(300) Pause Young (Allocation Failure)
[44.455s][info][gc,heap        ] GC(300) DefNew: 560191K(629120K)->1352K(629120K) Eden: 559232K(559232K)->0K(559232K) From: 959K(69888K)->1352K(69888K)
[44.455s][info][gc,heap        ] GC(300) Tenured: 85057K(1398144K)->85057K(1398144K)
[44.455s][info][gc,metaspace   ] GC(300) Metaspace: 11758K(12032K)->11758K(12032K) NonClass: 10229K(10368K)->10229K(10368K) Class: 1528K(1664K)->1528K(1664K)
[44.455s][info][gc             ] GC(300) Pause Young (Allocation Failure) 630M->84M(1979M) 0.754ms
[44.455s][info][gc,cpu         ] GC(300) User=0.00s Sys=0.00s Real=0.00s
[44.594s][info][gc,start       ] GC(301) Pause Young (Allocation Failure)
[44.595s][info][gc,heap        ] GC(301) DefNew: 560584K(629120K)->1938K(629120K) Eden: 559232K(559232K)->0K(559232K) From: 1352K(69888K)->1938K(69888K)
[44.595s][info][gc,heap        ] GC(301) Tenured: 85057K(1398144K)->85057K(1398144K)
[44.595s][info][gc,metaspace   ] GC(301) Metaspace: 11758K(12032K)->11758K(12032K) NonClass: 10229K(10368K)->10229K(10368K) Class: 1528K(1664K)->1528K(1664K)
[44.595s][info][gc             ] GC(301) Pause Young (Allocation Failure) 630M->84M(1979M) 1.000ms
[44.595s][info][gc,cpu         ] GC(301) User=0.00s Sys=0.00s Real=0.00s
[44.730s][info][gc,start       ] GC(302) Pause Young (Allocation Failure)
[44.732s][info][gc,heap        ] GC(302) DefNew: 561170K(629120K)->2388K(629120K) Eden: 559232K(559232K)->0K(559232K) From: 1938K(69888K)->2388K(69888K)
[44.732s][info][gc,heap        ] GC(302) Tenured: 85057K(1398144K)->85057K(1398144K)
[44.732s][info][gc,metaspace   ] GC(302) Metaspace: 11758K(12032K)->11758K(12032K) NonClass: 10229K(10368K)->10229K(10368K) Class: 1528K(1664K)->1528K(1664K)
[44.732s][info][gc             ] GC(302) Pause Young (Allocation Failure) 631M->85M(1979M) 1.366ms
[44.732s][info][gc,cpu         ] GC(302) User=0.00s Sys=0.00s Real=0.01s
[44.867s][info][gc,start       ] GC(303) Pause Young (Allocation Failure)
[44.869s][info][gc,heap        ] GC(303) DefNew: 561620K(629120K)->2543K(629120K) Eden: 559232K(559232K)->0K(559232K) From: 2388K(69888K)->2543K(69888K)
[44.869s][info][gc,heap        ] GC(303) Tenured: 85057K(1398144K)->85057K(1398144K)
[44.869s][info][gc,metaspace   ] GC(303) Metaspace: 11758K(12032K)->11758K(12032K) NonClass: 10229K(10368K)->10229K(10368K) Class: 1528K(1664K)->1528K(1664K)
[44.869s][info][gc             ] GC(303) Pause Young (Allocation Failure) 631M->85M(1979M) 1.218ms
[44.869s][info][gc,cpu         ] GC(303) User=0.00s Sys=0.00s Real=0.00s
[45.007s][info][gc,start       ] GC(304) Pause Young (Allocation Failure)
[45.007s][info][gc,heap        ] GC(304) DefNew: 561775K(629120K)->170K(629120K) Eden: 559232K(559232K)->0K(559232K) From: 2543K(69888K)->170K(69888K)
[45.007s][info][gc,heap        ] GC(304) Tenured: 85057K(1398144K)->85057K(1398144K)
[45.007s][info][gc,metaspace   ] GC(304) Metaspace: 11758K(12032K)->11758K(12032K) NonClass: 10229K(10368K)->10229K(10368K) Class: 1528K(1664K)->1528K(1664K)
[45.007s][info][gc             ] GC(304) Pause Young (Allocation Failure) 631M->83M(1979M) 0.415ms
[45.007s][info][gc,cpu         ] GC(304) User=0.00s Sys=0.00s Real=0.00s
[45.142s][info][gc,start       ] GC(305) Pause Young (Allocation Failure)
[45.143s][info][gc,heap        ] GC(305) DefNew: 559402K(629120K)->620K(629120K) Eden: 559232K(559232K)->0K(559232K) From: 170K(69888K)->620K(69888K)
[45.143s][info][gc,heap        ] GC(305) Tenured: 85057K(1398144K)->85057K(1398144K)
[45.143s][info][gc,metaspace   ] GC(305) Metaspace: 11758K(12032K)->11758K(12032K) NonClass: 10229K(10368K)->10229K(10368K) Class: 1528K(1664K)->1528K(1664K)
[45.143s][info][gc             ] GC(305) Pause Young (Allocation Failure) 629M->83M(1979M) 0.546ms
[45.143s][info][gc,cpu         ] GC(305) User=0.00s Sys=0.00s Real=0.00s
[45.276s][info][gc,start       ] GC(306) Pause Young (Allocation Failure)
[45.277s][info][gc,heap        ] GC(306) DefNew: 559852K(629120K)->996K(629120K) Eden: 559232K(559232K)->0K(559232K) From: 620K(69888K)->996K(69888K)
[45.277s][info][gc,heap        ] GC(306) Tenured: 85057K(1398144K)->85057K(1398144K)
[45.277s][info][gc,metaspace   ] GC(306) Metaspace: 11758K(12032K)->11758K(12032K) NonClass: 10229K(10368K)->10229K(10368K) Class: 1528K(1664K)->1528K(1664K)
[45.277s][info][gc             ] GC(306) Pause Young (Allocation Failure) 629M->84M(1979M) 0.667ms
[45.277s][info][gc,cpu         ] GC(306) User=0.00s Sys=0.00s Real=0.00s
[45.408s][info][gc,start       ] GC(307) Pause Full (System.gc())
[45.408s][info][gc,phases,start] GC(307) Phase 1: Mark live objects
[45.460s][info][gc,phases      ] GC(307) Phase 1: Mark live objects 52.401ms
[45.461s][info][gc,phases,start] GC(307) Phase 2: Compute new object addresses
[45.515s][info][gc,phases      ] GC(307) Phase 2: Compute new object addresses 54.334ms
[45.515s][info][gc,phases,start] GC(307) Phase 3: Adjust pointers
[45.536s][info][gc,phases      ] GC(307) Phase 3: Adjust pointers 21.031ms
[45.536s][info][gc,phases,start] GC(307) Phase 4: Move objects
[45.536s][info][gc,phases      ] GC(307) Phase 4: Move objects 0.009ms
[45.536s][info][gc,heap        ] GC(307) DefNew: 539064K(629120K)->0K(629120K) Eden: 538068K(559232K)->0K(559232K) From: 996K(69888K)->0K(69888K)
[45.536s][info][gc,heap        ] GC(307) Tenured: 85057K(1398144K)->85057K(1398144K)
[45.536s][info][gc,metaspace   ] GC(307) Metaspace: 11759K(12032K)->11759K(12032K) NonClass: 10230K(10368K)->10230K(10368K) Class: 1528K(1664K)->1528K(1664K)
[45.536s][info][gc             ] GC(307) Pause Full (System.gc()) 609M->83M(1979M) 128.082ms
[45.536s][info][gc,cpu         ] GC(307) User=0.11s Sys=0.00s Real=0.12s
[45.679s][info][gc,start       ] GC(308) Pause Young (Allocation Failure)
[45.679s][info][gc,heap        ] GC(308) DefNew: 559232K(629120K)->463K(629120K) Eden: 559232K(559232K)->0K(559232K) From: 0K(69888K)->463K(69888K)
[45.679s][info][gc,heap        ] GC(308) Tenured: 85057K(1398144K)->85057K(1398144K)
[45.679s][info][gc,metaspace   ] GC(308) Metaspace: 11759K(12032K)->11759K(12032K) NonClass: 10230K(10368K)->10230K(10368K) Class: 1528K(1664K)->1528K(1664K)
[45.679s][info][gc             ] GC(308) Pause Young (Allocation Failure) 629M->83M(1979M) 0.492ms
[45.679s][info][gc,cpu         ] GC(308) User=0.00s Sys=0.00s Real=0.00s
[45.814s][info][gc,start       ] GC(309) Pause Young (Allocation Failure)
[45.815s][info][gc,heap        ] GC(309) DefNew: 559695K(629120K)->775K(629120K) Eden: 559232K(559232K)->0K(559232K) From: 463K(69888K)->775K(69888K)
[45.815s][info][gc,heap        ] GC(309) Tenured: 85057K(1398144K)->85057K(1398144K)
[45.815s][info][gc,metaspace   ] GC(309) Metaspace: 11759K(12032K)->11759K(12032K) NonClass: 10230K(10368K)->10230K(10368K) Class: 1528K(1664K)->1528K(1664K)
[45.815s][info][gc             ] GC(309) Pause Young (Allocation Failure) 629M->83M(1979M) 0.595ms
[45.815s][info][gc,cpu         ] GC(309) User=0.00s Sys=0.00s Real=0.00s
[45.950s][info][gc,start       ] GC(310) Pause Young (Allocation Failure)
[45.950s][info][gc,heap        ] GC(310) DefNew: 560007K(629120K)->1121K(629120K) Eden: 559232K(559232K)->0K(559232K) From: 775K(69888K)->1121K(69888K)
[45.950s][info][gc,heap        ] GC(310) Tenured: 85057K(1398144K)->85057K(1398144K)
[45.950s][info][gc,metaspace   ] GC(310) Metaspace: 11759K(12032K)->11759K(12032K) NonClass: 10230K(10368K)->10230K(10368K) Class: 1528K(1664K)->1528K(1664K)
[45.950s][info][gc             ] GC(310) Pause Young (Allocation Failure) 629M->84M(1979M) 0.678ms
[45.950s][info][gc,cpu         ] GC(310) User=0.00s Sys=0.00s Real=0.00s
[46.084s][info][gc,start       ] GC(311) Pause Young (Allocation Failure)
[46.085s][info][gc,heap        ] GC(311) DefNew: 560353K(629120K)->1555K(629120K) Eden: 559232K(559232K)->0K(559232K) From: 1121K(69888K)->1555K(69888K)
[46.085s][info][gc,heap        ] GC(311) Tenured: 85057K(1398144K)->85057K(1398144K)
[46.085s][info][gc,metaspace   ] GC(311) Metaspace: 11759K(12032K)->11759K(12032K) NonClass: 10230K(10368K)->10230K(10368K) Class: 1528K(1664K)->1528K(1664K)
[46.085s][info][gc             ] GC(311) Pause Young (Allocation Failure) 630M->84M(1979M) 0.840ms
[46.085s][info][gc,cpu         ] GC(311) User=0.00s Sys=0.00s Real=0.00s
[46.221s][info][gc,start       ] GC(312) Pause Young (Allocation Failure)
[46.222s][info][gc,heap        ] GC(312) DefNew: 560787K(629120K)->2071K(629120K) Eden: 559232K(559232K)->0K(559232K) From: 1555K(69888K)->2071K(69888K)
[46.222s][info][gc,heap        ] GC(312) Tenured: 85057K(1398144K)->85057K(1398144K)
[46.222s][info][gc,metaspace   ] GC(312) Metaspace: 11759K(12032K)->11759K(12032K) NonClass: 10230K(10368K)->10230K(10368K) Class: 1528K(1664K)->1528K(1664K)
[46.222s][info][gc             ] GC(312) Pause Young (Allocation Failure) 630M->85M(1979M) 1.065ms
[46.222s][info][gc,cpu         ] GC(312) User=0.00s Sys=0.00s Real=0.02s
[46.355s][info][gc,start       ] GC(313) Pause Young (Allocation Failure)
[46.357s][info][gc,heap        ] GC(313) DefNew: 561303K(629120K)->2655K(629120K) Eden: 559232K(559232K)->0K(559232K) From: 2071K(69888K)->2655K(69888K)
[46.357s][info][gc,heap        ] GC(313) Tenured: 85057K(1398144K)->85057K(1398144K)
[46.357s][info][gc,metaspace   ] GC(313) Metaspace: 11759K(12032K)->11759K(12032K) NonClass: 10230K(10368K)->10230K(10368K) Class: 1528K(1664K)->1528K(1664K)
[46.357s][info][gc             ] GC(313) Pause Young (Allocation Failure) 631M->85M(1979M) 1.207ms
[46.357s][info][gc,cpu         ] GC(313) User=0.00s Sys=0.00s Real=0.00s
[46.495s][info][gc,start       ] GC(314) Pause Young (Allocation Failure)
[46.496s][info][gc,heap        ] GC(314) DefNew: 561887K(629120K)->2348K(629120K) Eden: 559232K(559232K)->0K(559232K) From: 2655K(69888K)->2348K(69888K)
[46.496s][info][gc,heap        ] GC(314) Tenured: 85057K(1398144K)->85057K(1398144K)
[46.496s][info][gc,metaspace   ] GC(314) Metaspace: 11759K(12032K)->11759K(12032K) NonClass: 10230K(10368K)->10230K(10368K) Class: 1528K(1664K)->1528K(1664K)
[46.496s][info][gc             ] GC(314) Pause Young (Allocation Failure) 631M->85M(1979M) 1.157ms
[46.496s][info][gc,cpu         ] GC(314) User=0.00s Sys=0.00s Real=0.00s
[46.635s][info][gc,start       ] GC(315) Pause Young (Allocation Failure)
[46.636s][info][gc,heap        ] GC(315) DefNew: 561580K(629120K)->331K(629120K) Eden: 559232K(559232K)->0K(559232K) From: 2348K(69888K)->331K(69888K)
[46.636s][info][gc,heap        ] GC(315) Tenured: 85057K(1398144K)->85057K(1398144K)
[46.636s][info][gc,metaspace   ] GC(315) Metaspace: 11759K(12032K)->11759K(12032K) NonClass: 10230K(10368K)->10230K(10368K) Class: 1528K(1664K)->1528K(1664K)
[46.636s][info][gc             ] GC(315) Pause Young (Allocation Failure) 631M->83M(1979M) 0.470ms
[46.636s][info][gc,cpu         ] GC(315) User=0.00s Sys=0.00s Real=0.00s
[46.771s][info][gc,start       ] GC(316) Pause Young (Allocation Failure)
[46.771s][info][gc,heap        ] GC(316) DefNew: 559563K(629120K)->664K(629120K) Eden: 559232K(559232K)->0K(559232K) From: 331K(69888K)->664K(69888K)
[46.771s][info][gc,heap        ] GC(316) Tenured: 85057K(1398144K)->85057K(1398144K)
[46.771s][info][gc,metaspace   ] GC(316) Metaspace: 11759K(12032K)->11759K(12032K) NonClass: 10230K(10368K)->10230K(10368K) Class: 1528K(1664K)->1528K(1664K)
[46.771s][info][gc             ] GC(316) Pause Young (Allocation Failure) 629M->83M(1979M) 0.572ms
[46.771s][info][gc,cpu         ] GC(316) User=0.00s Sys=0.00s Real=0.00s
[46.907s][info][gc,start       ] GC(317) Pause Young (Allocation Failure)
[46.908s][info][gc,heap        ] GC(317) DefNew: 559896K(629120K)->1197K(629120K) Eden: 559232K(559232K)->0K(559232K) From: 664K(69888K)->1197K(69888K)
[46.908s][info][gc,heap        ] GC(317) Tenured: 85057K(1398144K)->85057K(1398144K)
[46.908s][info][gc,metaspace   ] GC(317) Metaspace: 11759K(12032K)->11759K(12032K) NonClass: 10230K(10368K)->10230K(10368K) Class: 1528K(1664K)->1528K(1664K)
[46.908s][info][gc             ] GC(317) Pause Young (Allocation Failure) 629M->84M(1979M) 0.706ms
[46.908s][info][gc,cpu         ] GC(317) User=0.00s Sys=0.00s Real=0.00s
[47.042s][info][gc,start       ] GC(318) Pause Young (Allocation Failure)
[47.043s][info][gc,heap        ] GC(318) DefNew: 560429K(629120K)->1741K(629120K) Eden: 559232K(559232K)->0K(559232K) From: 1197K(69888K)->1741K(69888K)
[47.043s][info][gc,heap        ] GC(318) Tenured: 85057K(1398144K)->85057K(1398144K)
[47.043s][info][gc,metaspace   ] GC(318) Metaspace: 11759K(12032K)->11759K(12032K) NonClass: 10230K(10368K)->10230K(10368K) Class: 1528K(1664K)->1528K(1664K)
[47.043s][info][gc             ] GC(318) Pause Young (Allocation Failure) 630M->84M(1979M) 0.890ms
[47.043s][info][gc,cpu         ] GC(318) User=0.00s Sys=0.00s Real=0.00s
[47.177s][info][gc,start       ] GC(319) Pause Young (Allocation Failure)
[47.178s][info][gc,heap        ] GC(319) DefNew: 560973K(629120K)->2095K(629120K) Eden: 559232K(559232K)->0K(559232K) From: 1741K(69888K)->2095K(69888K)
[47.178s][info][gc,heap        ] GC(319) Tenured: 85057K(1398144K)->85057K(1398144K)
[47.178s][info][gc,metaspace   ] GC(319) Metaspace: 11759K(12032K)->11759K(12032K) NonClass: 10230K(10368K)->10230K(10368K) Class: 1528K(1664K)->1528K(1664K)
[47.178s][info][gc             ] GC(319) Pause Young (Allocation Failure) 630M->85M(1979M) 1.053ms
[47.178s][info][gc,cpu         ] GC(319) User=0.00s Sys=0.00s Real=0.00s
[47.312s][info][gc,start       ] GC(320) Pause Young (Allocation Failure)
[47.313s][info][gc,heap        ] GC(320) DefNew: 561327K(629120K)->2399K(629120K) Eden: 559232K(559232K)->0K(559232K) From: 2095K(69888K)->2399K(69888K)
[47.313s][info][gc,heap        ] GC(320) Tenured: 85057K(1398144K)->85057K(1398144K)
[47.313s][info][gc,metaspace   ] GC(320) Metaspace: 11759K(12032K)->11759K(12032K) NonClass: 10230K(10368K)->10230K(10368K) Class: 1528K(1664K)->1528K(1664K)
[47.313s][info][gc             ] GC(320) Pause Young (Allocation Failure) 631M->85M(1979M) 1.082ms
[47.313s][info][gc,cpu         ] GC(320) User=0.00s Sys=0.00s Real=0.00s
[47.447s][info][gc,start       ] GC(321) Pause Young (Allocation Failure)
[47.448s][info][gc,heap        ] GC(321) DefNew: 561443K(629120K)->1957K(629120K) Eden: 559043K(559232K)->0K(559232K) From: 2399K(69888K)->1957K(69888K)
[47.448s][info][gc,heap        ] GC(321) Tenured: 85057K(1398144K)->85057K(1398144K)
[47.449s][info][gc,metaspace   ] GC(321) Metaspace: 11759K(12032K)->11759K(12032K) NonClass: 10230K(10368K)->10230K(10368K) Class: 1528K(1664K)->1528K(1664K)
[47.449s][info][gc             ] GC(321) Pause Young (Allocation Failure) 631M->84M(1979M) 1.030ms
[47.449s][info][gc,cpu         ] GC(321) User=0.00s Sys=0.00s Real=0.00s
[47.593s][info][gc,start       ] GC(322) Pause Young (Allocation Failure)
[47.593s][info][gc,heap        ] GC(322) DefNew: 561189K(629120K)->238K(629120K) Eden: 559232K(559232K)->0K(559232K) From: 1957K(69888K)->238K(69888K)
[47.593s][info][gc,heap        ] GC(322) Tenured: 85057K(1398144K)->85057K(1398144K)
[47.593s][info][gc,metaspace   ] GC(322) Metaspace: 11759K(12032K)->11759K(12032K) NonClass: 10230K(10368K)->10230K(10368K) Class: 1528K(1664K)->1528K(1664K)
[47.593s][info][gc             ] GC(322) Pause Young (Allocation Failure) 631M->83M(1979M) 0.427ms
[47.593s][info][gc,cpu         ] GC(322) User=0.00s Sys=0.00s Real=0.00s
[47.729s][info][gc,start       ] GC(323) Pause Young (Allocation Failure)
[47.729s][info][gc,heap        ] GC(323) DefNew: 559470K(629120K)->629K(629120K) Eden: 559232K(559232K)->0K(559232K) From: 238K(69888K)->629K(69888K)
[47.729s][info][gc,heap        ] GC(323) Tenured: 85057K(1398144K)->85057K(1398144K)
[47.729s][info][gc,metaspace   ] GC(323) Metaspace: 11759K(12032K)->11759K(12032K) NonClass: 10230K(10368K)->10230K(10368K) Class: 1528K(1664K)->1528K(1664K)
[47.729s][info][gc             ] GC(323) Pause Young (Allocation Failure) 629M->83M(1979M) 0.559ms
[47.729s][info][gc,cpu         ] GC(323) User=0.00s Sys=0.00s Real=0.00s
[47.863s][info][gc,start       ] GC(324) Pause Young (Allocation Failure)
[47.864s][info][gc,heap        ] GC(324) DefNew: 559861K(629120K)->990K(629120K) Eden: 559232K(559232K)->0K(559232K) From: 629K(69888K)->990K(69888K)
[47.864s][info][gc,heap        ] GC(324) Tenured: 85057K(1398144K)->85057K(1398144K)
[47.864s][info][gc,metaspace   ] GC(324) Metaspace: 11759K(12032K)->11759K(12032K) NonClass: 10230K(10368K)->10230K(10368K) Class: 1528K(1664K)->1528K(1664K)
[47.864s][info][gc             ] GC(324) Pause Young (Allocation Failure) 629M->84M(1979M) 0.667ms
[47.864s][info][gc,cpu         ] GC(324) User=0.00s Sys=0.00s Real=0.00s
[47.996s][info][gc,start       ] GC(325) Pause Full (System.gc())
[47.996s][info][gc,phases,start] GC(325) Phase 1: Mark live objects
[48.049s][info][gc,phases      ] GC(325) Phase 1: Mark live objects 52.722ms
[48.049s][info][gc,phases,start] GC(325) Phase 2: Compute new object addresses
[48.102s][info][gc,phases      ] GC(325) Phase 2: Compute new object addresses 53.771ms
[48.102s][info][gc,phases,start] GC(325) Phase 3: Adjust pointers
[48.123s][info][gc,phases      ] GC(325) Phase 3: Adjust pointers 20.866ms
[48.123s][info][gc,phases,start] GC(325) Phase 4: Move objects
[48.123s][info][gc,phases      ] GC(325) Phase 4: Move objects 0.009ms
[48.123s][info][gc,heap        ] GC(325) DefNew: 539187K(629120K)->0K(629120K) Eden: 538196K(559232K)->0K(559232K) From: 990K(69888K)->0K(69888K)
[48.123s][info][gc,heap        ] GC(325) Tenured: 85057K(1398144K)->85057K(1398144K)
[48.123s][info][gc,metaspace   ] GC(325) Metaspace: 11759K(12032K)->11759K(12032K) NonClass: 10230K(10368K)->10230K(10368K) Class: 1528K(1664K)->1528K(1664K)
[48.123s][info][gc             ] GC(325) Pause Full (System.gc()) 609M->83M(1979M) 127.677ms
[48.123s][info][gc,cpu         ] GC(325) User=0.11s Sys=0.00s Real=0.13s
[48.265s][info][gc,start       ] GC(326) Pause Young (Allocation Failure)
[48.266s][info][gc,heap        ] GC(326) DefNew: 559232K(629120K)->460K(629120K) Eden: 559232K(559232K)->0K(559232K) From: 0K(69888K)->460K(69888K)
[48.266s][info][gc,heap        ] GC(326) Tenured: 85057K(1398144K)->85057K(1398144K)
[48.266s][info][gc,metaspace   ] GC(326) Metaspace: 11759K(12032K)->11759K(12032K) NonClass: 10230K(10368K)->10230K(10368K) Class: 1528K(1664K)->1528K(1664K)
[48.266s][info][gc             ] GC(326) Pause Young (Allocation Failure) 629M->83M(1979M) 0.496ms
[48.266s][info][gc,cpu         ] GC(326) User=0.00s Sys=0.00s Real=0.00s
[48.400s][info][gc,start       ] GC(327) Pause Young (Allocation Failure)
[48.401s][info][gc,heap        ] GC(327) DefNew: 559692K(629120K)->848K(629120K) Eden: 559232K(559232K)->0K(559232K) From: 460K(69888K)->848K(69888K)
[48.401s][info][gc,heap        ] GC(327) Tenured: 85057K(1398144K)->85057K(1398144K)
[48.401s][info][gc,metaspace   ] GC(327) Metaspace: 11759K(12032K)->11759K(12032K) NonClass: 10230K(10368K)->10230K(10368K) Class: 1528K(1664K)->1528K(1664K)
[48.401s][info][gc             ] GC(327) Pause Young (Allocation Failure) 629M->83M(1979M) 0.612ms
[48.401s][info][gc,cpu         ] GC(327) User=0.00s Sys=0.00s Real=0.00s
[48.541s][info][gc,start       ] GC(328) Pause Young (Allocation Failure)
[48.542s][info][gc,heap        ] GC(328) DefNew: 560080K(629120K)->1221K(629120K) Eden: 559232K(559232K)->0K(559232K) From: 848K(69888K)->1221K(69888K)
[48.542s][info][gc,heap        ] GC(328) Tenured: 85057K(1398144K)->85057K(1398144K)
[48.542s][info][gc,metaspace   ] GC(328) Metaspace: 11759K(12032K)->11759K(12032K) NonClass: 10230K(10368K)->10230K(10368K) Class: 1528K(1664K)->1528K(1664K)
[48.542s][info][gc             ] GC(328) Pause Young (Allocation Failure) 630M->84M(1979M) 0.730ms
[48.542s][info][gc,cpu         ] GC(328) User=0.00s Sys=0.00s Real=0.00s
[48.677s][info][gc,start       ] GC(329) Pause Young (Allocation Failure)
[48.677s][info][gc,heap        ] GC(329) DefNew: 560453K(629120K)->1780K(629120K) Eden: 559232K(559232K)->0K(559232K) From: 1221K(69888K)->1780K(69888K)
[48.677s][info][gc,heap        ] GC(329) Tenured: 85057K(1398144K)->85057K(1398144K)
[48.677s][info][gc,metaspace   ] GC(329) Metaspace: 11759K(12032K)->11759K(12032K) NonClass: 10230K(10368K)->10230K(10368K) Class: 1528K(1664K)->1528K(1664K)
[48.677s][info][gc             ] GC(329) Pause Young (Allocation Failure) 630M->84M(1979M) 0.906ms
[48.677s][info][gc,cpu         ] GC(329) User=0.00s Sys=0.00s Real=0.00s
[48.814s][info][gc,start       ] GC(330) Pause Young (Allocation Failure)
[48.815s][info][gc,heap        ] GC(330) DefNew: 561012K(629120K)->1814K(629120K) Eden: 559232K(559232K)->0K(559232K) From: 1780K(69888K)->1814K(69888K)
[48.815s][info][gc,heap        ] GC(330) Tenured: 85057K(1398144K)->85057K(1398144K)
[48.815s][info][gc,metaspace   ] GC(330) Metaspace: 11759K(12032K)->11759K(12032K) NonClass: 10230K(10368K)->10230K(10368K) Class: 1528K(1664K)->1528K(1664K)
[48.815s][info][gc             ] GC(330) Pause Young (Allocation Failure) 630M->84M(1979M) 0.904ms
[48.815s][info][gc,cpu         ] GC(330) User=0.00s Sys=0.00s Real=0.00s
[48.950s][info][gc,start       ] GC(331) Pause Young (Allocation Failure)
[48.951s][info][gc,heap        ] GC(331) DefNew: 560744K(629120K)->2520K(629120K) Eden: 558930K(559232K)->0K(559232K) From: 1814K(69888K)->2520K(69888K)
[48.951s][info][gc,heap        ] GC(331) Tenured: 85057K(1398144K)->85057K(1398144K)
[48.951s][info][gc,metaspace   ] GC(331) Metaspace: 11759K(12032K)->11759K(12032K) NonClass: 10230K(10368K)->10230K(10368K) Class: 1528K(1664K)->1528K(1664K)
[48.951s][info][gc             ] GC(331) Pause Young (Allocation Failure) 630M->85M(1979M) 1.163ms
[48.951s][info][gc,cpu         ] GC(331) User=0.00s Sys=0.00s Real=0.00s
[49.084s][info][gc,start       ] GC(332) Pause Young (Allocation Failure)
[49.085s][info][gc,heap        ] GC(332) DefNew: 561711K(629120K)->2885K(629120K) Eden: 559190K(559232K)->0K(559232K) From: 2520K(69888K)->2885K(69888K)
[49.085s][info][gc,heap        ] GC(332) Tenured: 85057K(1398144K)->85057K(1398144K)
[49.085s][info][gc,metaspace   ] GC(332) Metaspace: 11759K(12032K)->11759K(12032K) NonClass: 10230K(10368K)->10230K(10368K) Class: 1528K(1664K)->1528K(1664K)
[49.085s][info][gc             ] GC(332) Pause Young (Allocation Failure) 631M->85M(1979M) 1.333ms
[49.085s][info][gc,cpu         ] GC(332) User=0.00s Sys=0.00s Real=0.00s
[49.223s][info][gc,start       ] GC(333) Pause Young (Allocation Failure)
[49.224s][info][gc,heap        ] GC(333) DefNew: 562117K(629120K)->282K(629120K) Eden: 559232K(559232K)->0K(559232K) From: 2885K(69888K)->282K(69888K)
[49.224s][info][gc,heap        ] GC(333) Tenured: 85057K(1398144K)->85057K(1398144K)
[49.224s][info][gc,metaspace   ] GC(333) Metaspace: 11759K(12032K)->11759K(12032K) NonClass: 10230K(10368K)->10230K(10368K) Class: 1528K(1664K)->1528K(1664K)
[49.224s][info][gc             ] GC(333) Pause Young (Allocation Failure) 632M->83M(1979M) 0.449ms
[49.224s][info][gc,cpu         ] GC(333) User=0.00s Sys=0.00s Real=0.00s
[49.359s][info][gc,start       ] GC(334) Pause Young (Allocation Failure)
[49.360s][info][gc,heap        ] GC(334) DefNew: 559514K(629120K)->921K(629120K) Eden: 559232K(559232K)->0K(559232K) From: 282K(69888K)->921K(69888K)
[49.360s][info][gc,heap        ] GC(334) Tenured: 85057K(1398144K)->85057K(1398144K)
[49.360s][info][gc,metaspace   ] GC(334) Metaspace: 11759K(12032K)->11759K(12032K) NonClass: 10230K(10368K)->10230K(10368K) Class: 1528K(1664K)->1528K(1664K)
[49.360s][info][gc             ] GC(334) Pause Young (Allocation Failure) 629M->83M(1979M) 0.613ms
[49.360s][info][gc,cpu         ] GC(334) User=0.00s Sys=0.00s Real=0.00s
[49.501s][info][gc,start       ] GC(335) Pause Young (Allocation Failure)
[49.501s][info][gc,heap        ] GC(335) DefNew: 560153K(629120K)->1295K(629120K) Eden: 559232K(559232K)->0K(559232K) From: 921K(69888K)->1295K(69888K)
[49.501s][info][gc,heap        ] GC(335) Tenured: 85057K(1398144K)->85057K(1398144K)
[49.501s][info][gc,metaspace   ] GC(335) Metaspace: 11759K(12032K)->11759K(12032K) NonClass: 10230K(10368K)->10230K(10368K) Class: 1528K(1664K)->1528K(1664K)
[49.502s][info][gc             ] GC(335) Pause Young (Allocation Failure) 630M->84M(1979M) 0.768ms
[49.502s][info][gc,cpu         ] GC(335) User=0.00s Sys=0.00s Real=0.00s
[49.636s][info][gc,start       ] GC(336) Pause Young (Allocation Failure)
[49.637s][info][gc,heap        ] GC(336) DefNew: 560527K(629120K)->1878K(629120K) Eden: 559232K(559232K)->0K(559232K) From: 1295K(69888K)->1878K(69888K)
[49.637s][info][gc,heap        ] GC(336) Tenured: 85057K(1398144K)->85057K(1398144K)
[49.637s][info][gc,metaspace   ] GC(336) Metaspace: 11759K(12032K)->11759K(12032K) NonClass: 10230K(10368K)->10230K(10368K) Class: 1528K(1664K)->1528K(1664K)
[49.637s][info][gc             ] GC(336) Pause Young (Allocation Failure) 630M->84M(1979M) 0.901ms
[49.637s][info][gc,cpu         ] GC(336) User=0.00s Sys=0.00s Real=0.00s
[49.772s][info][gc,start       ] GC(337) Pause Young (Allocation Failure)
[49.773s][info][gc,heap        ] GC(337) DefNew: 561110K(629120K)->1842K(629120K) Eden: 559232K(559232K)->0K(559232K) From: 1878K(69888K)->1842K(69888K)
[49.773s][info][gc,heap        ] GC(337) Tenured: 85057K(1398144K)->85057K(1398144K)
[49.773s][info][gc,metaspace   ] GC(337) Metaspace: 11759K(12032K)->11759K(12032K) NonClass: 10230K(10368K)->10230K(10368K) Class: 1528K(1664K)->1528K(1664K)
[49.773s][info][gc             ] GC(337) Pause Young (Allocation Failure) 631M->84M(1979M) 0.986ms
[49.773s][info][gc,cpu         ] GC(337) User=0.00s Sys=0.00s Real=0.00s
[49.907s][info][gc,start       ] GC(338) Pause Young (Allocation Failure)
[49.908s][info][gc,heap        ] GC(338) DefNew: 561074K(629120K)->2546K(629120K) Eden: 559232K(559232K)->0K(559232K) From: 1842K(69888K)->2546K(69888K)
[49.908s][info][gc,heap        ] GC(338) Tenured: 85057K(1398144K)->85057K(1398144K)
[49.908s][info][gc,metaspace   ] GC(338) Metaspace: 11759K(12032K)->11759K(12032K) NonClass: 10230K(10368K)->10230K(10368K) Class: 1528K(1664K)->1528K(1664K)
[49.908s][info][gc             ] GC(338) Pause Young (Allocation Failure) 630M->85M(1979M) 1.143ms
[49.908s][info][gc,cpu         ] GC(338) User=0.00s Sys=0.00s Real=0.00s
[50.043s][info][gc,start       ] GC(339) Pause Young (Allocation Failure)
[50.044s][info][gc,heap        ] GC(339) DefNew: 561778K(629120K)->2447K(629120K) Eden: 559232K(559232K)->0K(559232K) From: 2546K(69888K)->2447K(69888K)
[50.044s][info][gc,heap        ] GC(339) Tenured: 85057K(1398144K)->85057K(1398144K)
[50.044s][info][gc,metaspace   ] GC(339) Metaspace: 11759K(12032K)->11759K(12032K) NonClass: 10230K(10368K)->10230K(10368K) Class: 1528K(1664K)->1528K(1664K)
[50.044s][info][gc             ] GC(339) Pause Young (Allocation Failure) 631M->85M(1979M) 1.191ms
[50.044s][info][gc,cpu         ] GC(339) User=0.00s Sys=0.00s Real=0.00s
[50.183s][info][gc,start       ] GC(340) Pause Young (Allocation Failure)
[50.183s][info][gc,heap        ] GC(340) DefNew: 561679K(629120K)->446K(629120K) Eden: 559232K(559232K)->0K(559232K) From: 2447K(69888K)->446K(69888K)
[50.183s][info][gc,heap        ] GC(340) Tenured: 85057K(1398144K)->85057K(1398144K)
[50.183s][info][gc,metaspace   ] GC(340) Metaspace: 11759K(12032K)->11759K(12032K) NonClass: 10230K(10368K)->10230K(10368K) Class: 1528K(1664K)->1528K(1664K)
[50.183s][info][gc             ] GC(340) Pause Young (Allocation Failure) 631M->83M(1979M) 0.494ms
[50.183s][info][gc,cpu         ] GC(340) User=0.00s Sys=0.00s Real=0.00s
[50.318s][info][gc,start       ] GC(341) Pause Young (Allocation Failure)
[50.318s][info][gc,heap        ] GC(341) DefNew: 559678K(629120K)->1022K(629120K) Eden: 559232K(559232K)->0K(559232K) From: 446K(69888K)->1022K(69888K)
[50.318s][info][gc,heap        ] GC(341) Tenured: 85057K(1398144K)->85058K(1398144K)
[50.318s][info][gc,metaspace   ] GC(341) Metaspace: 11759K(12032K)->11759K(12032K) NonClass: 10230K(10368K)->10230K(10368K) Class: 1528K(1664K)->1528K(1664K)
[50.318s][info][gc             ] GC(341) Pause Young (Allocation Failure) 629M->84M(1979M) 0.725ms
[50.318s][info][gc,cpu         ] GC(341) User=0.00s Sys=0.00s Real=0.00s
[50.452s][info][gc,start       ] GC(342) Pause Young (Allocation Failure)
[50.453s][info][gc,heap        ] GC(342) DefNew: 560254K(629120K)->1250K(629120K) Eden: 559232K(559232K)->0K(559232K) From: 1022K(69888K)->1250K(69888K)
[50.453s][info][gc,heap        ] GC(342) Tenured: 85058K(1398144K)->85058K(1398144K)
[50.453s][info][gc,metaspace   ] GC(342) Metaspace: 11759K(12032K)->11759K(12032K) NonClass: 10230K(10368K)->10230K(10368K) Class: 1528K(1664K)->1528K(1664K)
[50.453s][info][gc             ] GC(342) Pause Young (Allocation Failure) 630M->84M(1979M) 0.771ms
[50.453s][info][gc,cpu         ] GC(342) User=0.00s Sys=0.00s Real=0.00s
[50.590s][info][gc,start       ] GC(343) Pause Full (System.gc())
[50.590s][info][gc,phases,start] GC(343) Phase 1: Mark live objects
[50.643s][info][gc,phases      ] GC(343) Phase 1: Mark live objects 52.508ms
[50.643s][info][gc,phases,start] GC(343) Phase 2: Compute new object addresses
[50.697s][info][gc,phases      ] GC(343) Phase 2: Compute new object addresses 53.997ms
[50.697s][info][gc,phases,start] GC(343) Phase 3: Adjust pointers
[50.718s][info][gc,phases      ] GC(343) Phase 3: Adjust pointers 21.220ms
[50.718s][info][gc,phases,start] GC(343) Phase 4: Move objects
[50.718s][info][gc,phases      ] GC(343) Phase 4: Move objects 0.009ms
[50.718s][info][gc,heap        ] GC(343) DefNew: 533989K(629120K)->0K(629120K) Eden: 532739K(559232K)->0K(559232K) From: 1250K(69888K)->0K(69888K)
[50.718s][info][gc,heap        ] GC(343) Tenured: 85058K(1398144K)->85056K(1398144K)
[50.718s][info][gc,metaspace   ] GC(343) Metaspace: 11759K(12032K)->11759K(12032K) NonClass: 10230K(10368K)->10230K(10368K) Class: 1528K(1664K)->1528K(1664K)
[50.718s][info][gc             ] GC(343) Pause Full (System.gc()) 604M->83M(1979M) 128.034ms
[50.718s][info][gc,cpu         ] GC(343) User=0.12s Sys=0.00s Real=0.12s
[50.860s][info][gc,start       ] GC(344) Pause Young (Allocation Failure)
[50.860s][info][gc,heap        ] GC(344) DefNew: 559232K(629120K)->429K(629120K) Eden: 559232K(559232K)->0K(559232K) From: 0K(69888K)->429K(69888K)
[50.860s][info][gc,heap        ] GC(344) Tenured: 85056K(1398144K)->85056K(1398144K)
[50.860s][info][gc,metaspace   ] GC(344) Metaspace: 11759K(12032K)->11759K(12032K) NonClass: 10230K(10368K)->10230K(10368K) Class: 1528K(1664K)->1528K(1664K)
[50.860s][info][gc             ] GC(344) Pause Young (Allocation Failure) 629M->83M(1979M) 0.497ms
[50.860s][info][gc,cpu         ] GC(344) User=0.00s Sys=0.00s Real=0.00s
[50.996s][info][gc,start       ] GC(345) Pause Young (Allocation Failure)
[50.996s][info][gc,heap        ] GC(345) DefNew: 559661K(629120K)->849K(629120K) Eden: 559232K(559232K)->0K(559232K) From: 429K(69888K)->849K(69888K)
[50.996s][info][gc,heap        ] GC(345) Tenured: 85056K(1398144K)->85056K(1398144K)
[50.996s][info][gc,metaspace   ] GC(345) Metaspace: 11759K(12032K)->11759K(12032K) NonClass: 10230K(10368K)->10230K(10368K) Class: 1528K(1664K)->1528K(1664K)
[50.996s][info][gc             ] GC(345) Pause Young (Allocation Failure) 629M->83M(1979M) 0.638ms
[50.996s][info][gc,cpu         ] GC(345) User=0.00s Sys=0.00s Real=0.00s
[51.130s][info][gc,start       ] GC(346) Pause Young (Allocation Failure)
[51.131s][info][gc,heap        ] GC(346) DefNew: 560081K(629120K)->1264K(629120K) Eden: 559232K(559232K)->0K(559232K) From: 849K(69888K)->1264K(69888K)
[51.131s][info][gc,heap        ] GC(346) Tenured: 85056K(1398144K)->85056K(1398144K)
[51.131s][info][gc,metaspace   ] GC(346) Metaspace: 11759K(12032K)->11759K(12032K) NonClass: 10230K(10368K)->10230K(10368K) Class: 1528K(1664K)->1528K(1664K)
[51.131s][info][gc             ] GC(346) Pause Young (Allocation Failure) 630M->84M(1979M) 0.770ms
[51.131s][info][gc,cpu         ] GC(346) User=0.00s Sys=0.00s Real=0.00s
[51.266s][info][gc,start       ] GC(347) Pause Young (Allocation Failure)
[51.266s][info][gc,heap        ] GC(347) DefNew: 560496K(629120K)->1705K(629120K) Eden: 559232K(559232K)->0K(559232K) From: 1264K(69888K)->1705K(69888K)
[51.266s][info][gc,heap        ] GC(347) Tenured: 85056K(1398144K)->85056K(1398144K)
[51.266s][info][gc,metaspace   ] GC(347) Metaspace: 11759K(12032K)->11759K(12032K) NonClass: 10230K(10368K)->10230K(10368K) Class: 1528K(1664K)->1528K(1664K)
[51.266s][info][gc             ] GC(347) Pause Young (Allocation Failure) 630M->84M(1979M) 0.932ms
[51.266s][info][gc,cpu         ] GC(347) User=0.00s Sys=0.00s Real=0.00s
[51.401s][info][gc,start       ] GC(348) Pause Young (Allocation Failure)
[51.402s][info][gc,heap        ] GC(348) DefNew: 560937K(629120K)->1809K(629120K) Eden: 559232K(559232K)->0K(559232K) From: 1705K(69888K)->1809K(69888K)
[51.402s][info][gc,heap        ] GC(348) Tenured: 85056K(1398144K)->85056K(1398144K)
[51.402s][info][gc,metaspace   ] GC(348) Metaspace: 11760K(12032K)->11760K(12032K) NonClass: 10231K(10368K)->10231K(10368K) Class: 1528K(1664K)->1528K(1664K)
[51.402s][info][gc             ] GC(348) Pause Young (Allocation Failure) 630M->84M(1979M) 0.902ms
[51.402s][info][gc,cpu         ] GC(348) User=0.00s Sys=0.00s Real=0.00s
[51.542s][info][gc,start       ] GC(349) Pause Young (Allocation Failure)
[51.543s][info][gc,heap        ] GC(349) DefNew: 561041K(629120K)->2217K(629120K) Eden: 559232K(559232K)->0K(559232K) From: 1809K(69888K)->2217K(69888K)
[51.543s][info][gc,heap        ] GC(349) Tenured: 85056K(1398144K)->85056K(1398144K)
[51.543s][info][gc,metaspace   ] GC(349) Metaspace: 11760K(12032K)->11760K(12032K) NonClass: 10231K(10368K)->10231K(10368K) Class: 1528K(1664K)->1528K(1664K)
[51.543s][info][gc             ] GC(349) Pause Young (Allocation Failure) 630M->85M(1979M) 1.034ms
[51.543s][info][gc,cpu         ] GC(349) User=0.00s Sys=0.00s Real=0.00s
[51.677s][info][gc,start       ] GC(350) Pause Young (Allocation Failure)
[51.678s][info][gc,heap        ] GC(350) DefNew: 561323K(629120K)->2689K(629120K) Eden: 559105K(559232K)->0K(559232K) From: 2217K(69888K)->2689K(69888K)
[51.678s][info][gc,heap        ] GC(350) Tenured: 85056K(1398144K)->85056K(1398144K)
[51.678s][info][gc,metaspace   ] GC(350) Metaspace: 11760K(12032K)->11760K(12032K) NonClass: 10231K(10368K)->10231K(10368K) Class: 1528K(1664K)->1528K(1664K)
[51.678s][info][gc             ] GC(350) Pause Young (Allocation Failure) 631M->85M(1979M) 1.575ms
[51.678s][info][gc,cpu         ] GC(350) User=0.00s Sys=0.00s Real=0.00s
[51.818s][info][gc,start       ] GC(351) Pause Young (Allocation Failure)
[51.818s][info][gc,heap        ] GC(351) DefNew: 561921K(629120K)->55K(629120K) Eden: 559232K(559232K)->0K(559232K) From: 2689K(69888K)->55K(69888K)
[51.818s][info][gc,heap        ] GC(351) Tenured: 85056K(1398144K)->85056K(1398144K)
[51.818s][info][gc,metaspace   ] GC(351) Metaspace: 11760K(12032K)->11760K(12032K) NonClass: 10231K(10368K)->10231K(10368K) Class: 1528K(1664K)->1528K(1664K)
[51.818s][info][gc             ] GC(351) Pause Young (Allocation Failure) 631M->83M(1979M) 0.362ms
[51.818s][info][gc,cpu         ] GC(351) User=0.00s Sys=0.00s Real=0.00s
[51.953s][info][gc,start       ] GC(352) Pause Young (Allocation Failure)
[51.953s][info][gc,heap        ] GC(352) DefNew: 559287K(629120K)->617K(629120K) Eden: 559232K(559232K)->0K(559232K) From: 55K(69888K)->617K(69888K)
[51.953s][info][gc,heap        ] GC(352) Tenured: 85056K(1398144K)->85056K(1398144K)
[51.953s][info][gc,metaspace   ] GC(352) Metaspace: 11760K(12032K)->11760K(12032K) NonClass: 10231K(10368K)->10231K(10368K) Class: 1528K(1664K)->1528K(1664K)
[51.953s][info][gc             ] GC(352) Pause Young (Allocation Failure) 629M->83M(1979M) 0.558ms
[51.953s][info][gc,cpu         ] GC(352) User=0.00s Sys=0.00s Real=0.00s
[52.088s][info][gc,start       ] GC(353) Pause Young (Allocation Failure)
[52.089s][info][gc,heap        ] GC(353) DefNew: 559849K(629120K)->944K(629120K) Eden: 559232K(559232K)->0K(559232K) From: 617K(69888K)->944K(69888K)
[52.089s][info][gc,heap        ] GC(353) Tenured: 85056K(1398144K)->85056K(1398144K)
[52.089s][info][gc,metaspace   ] GC(353) Metaspace: 11760K(12032K)->11760K(12032K) NonClass: 10231K(10368K)->10231K(10368K) Class: 1528K(1664K)->1528K(1664K)
[52.089s][info][gc             ] GC(353) Pause Young (Allocation Failure) 629M->83M(1979M) 0.670ms
[52.089s][info][gc,cpu         ] GC(353) User=0.00s Sys=0.00s Real=0.00s
[52.222s][info][gc,start       ] GC(354) Pause Young (Allocation Failure)
[52.222s][info][gc,heap        ] GC(354) DefNew: 560176K(629120K)->1162K(629120K) Eden: 559232K(559232K)->0K(559232K) From: 944K(69888K)->1162K(69888K)
[52.223s][info][gc,heap        ] GC(354) Tenured: 85056K(1398144K)->85056K(1398144K)
[52.223s][info][gc,metaspace   ] GC(354) Metaspace: 11760K(12032K)->11760K(12032K) NonClass: 10231K(10368K)->10231K(10368K) Class: 1528K(1664K)->1528K(1664K)
[52.223s][info][gc             ] GC(354) Pause Young (Allocation Failure) 630M->84M(1979M) 0.714ms
[52.223s][info][gc,cpu         ] GC(354) User=0.00s Sys=0.00s Real=0.00s
[52.356s][info][gc,start       ] GC(355) Pause Young (Allocation Failure)
[52.357s][info][gc,heap        ] GC(355) DefNew: 560394K(629120K)->1735K(629120K) Eden: 559232K(559232K)->0K(559232K) From: 1162K(69888K)->1735K(69888K)
[52.357s][info][gc,heap        ] GC(355) Tenured: 85056K(1398144K)->85056K(1398144K)
[52.357s][info][gc,metaspace   ] GC(355) Metaspace: 11760K(12032K)->11760K(12032K) NonClass: 10231K(10368K)->10231K(10368K) Class: 1528K(1664K)->1528K(1664K)
[52.357s][info][gc             ] GC(355) Pause Young (Allocation Failure) 630M->84M(1979M) 0.906ms
[52.357s][info][gc,cpu         ] GC(355) User=0.00s Sys=0.00s Real=0.00s
[52.497s][info][gc,start       ] GC(356) Pause Young (Allocation Failure)
[52.498s][info][gc,heap        ] GC(356) DefNew: 560967K(629120K)->2002K(629120K) Eden: 559232K(559232K)->0K(559232K) From: 1735K(69888K)->2002K(69888K)
[52.498s][info][gc,heap        ] GC(356) Tenured: 85056K(1398144K)->85056K(1398144K)
[52.498s][info][gc,metaspace   ] GC(356) Metaspace: 11760K(12032K)->11760K(12032K) NonClass: 10231K(10368K)->10231K(10368K) Class: 1528K(1664K)->1528K(1664K)
[52.498s][info][gc             ] GC(356) Pause Young (Allocation Failure) 630M->85M(1979M) 0.985ms
[52.498s][info][gc,cpu         ] GC(356) User=0.00s Sys=0.00s Real=0.00s
[52.633s][info][gc,start       ] GC(357) Pause Young (Allocation Failure)
[52.634s][info][gc,heap        ] GC(357) DefNew: 561234K(629120K)->2427K(629120K) Eden: 559232K(559232K)->0K(559232K) From: 2002K(69888K)->2427K(69888K)
[52.634s][info][gc,heap        ] GC(357) Tenured: 85056K(1398144K)->85056K(1398144K)
[52.634s][info][gc,metaspace   ] GC(357) Metaspace: 11760K(12032K)->11760K(12032K) NonClass: 10231K(10368K)->10231K(10368K) Class: 1528K(1664K)->1528K(1664K)
[52.634s][info][gc             ] GC(357) Pause Young (Allocation Failure) 631M->85M(1979M) 1.119ms
[52.634s][info][gc,cpu         ] GC(357) User=0.00s Sys=0.00s Real=0.00s
[52.770s][info][gc,start       ] GC(358) Pause Young (Allocation Failure)
[52.771s][info][gc,heap        ] GC(358) DefNew: 561629K(629120K)->3227K(629120K) Eden: 559202K(559232K)->0K(559232K) From: 2427K(69888K)->3227K(69888K)
[52.771s][info][gc,heap        ] GC(358) Tenured: 85056K(1398144K)->85056K(1398144K)
[52.771s][info][gc,metaspace   ] GC(358) Metaspace: 11760K(12032K)->11760K(12032K) NonClass: 10231K(10368K)->10231K(10368K) Class: 1528K(1664K)->1528K(1664K)
[52.771s][info][gc             ] GC(358) Pause Young (Allocation Failure) 631M->86M(1979M) 1.389ms
[52.771s][info][gc,cpu         ] GC(358) User=0.00s Sys=0.00s Real=0.00s
[52.910s][info][gc,start       ] GC(359) Pause Young (Allocation Failure)
[52.910s][info][gc,heap        ] GC(359) DefNew: 562459K(629120K)->242K(629120K) Eden: 559232K(559232K)->0K(559232K) From: 3227K(69888K)->242K(69888K)
[52.910s][info][gc,heap        ] GC(359) Tenured: 85056K(1398144K)->85057K(1398144K)
[52.910s][info][gc,metaspace   ] GC(359) Metaspace: 11760K(12032K)->11760K(12032K) NonClass: 10231K(10368K)->10231K(10368K) Class: 1528K(1664K)->1528K(1664K)
[52.910s][info][gc             ] GC(359) Pause Young (Allocation Failure) 632M->83M(1979M) 0.429ms
[52.910s][info][gc,cpu         ] GC(359) User=0.00s Sys=0.00s Real=0.00s
[53.046s][info][gc,start       ] GC(360) Pause Young (Allocation Failure)
[53.047s][info][gc,heap        ] GC(360) DefNew: 559474K(629120K)->598K(629120K) Eden: 559232K(559232K)->0K(559232K) From: 242K(69888K)->598K(69888K)
[53.047s][info][gc,heap        ] GC(360) Tenured: 85057K(1398144K)->85057K(1398144K)
[53.047s][info][gc,metaspace   ] GC(360) Metaspace: 11760K(12032K)->11760K(12032K) NonClass: 10231K(10368K)->10231K(10368K) Class: 1528K(1664K)->1528K(1664K)
[53.047s][info][gc             ] GC(360) Pause Young (Allocation Failure) 629M->83M(1979M) 0.543ms
[53.047s][info][gc,cpu         ] GC(360) User=0.00s Sys=0.00s Real=0.00s
[53.179s][info][gc,start       ] GC(361) Pause Full (System.gc())
[53.179s][info][gc,phases,start] GC(361) Phase 1: Mark live objects
[53.231s][info][gc,phases      ] GC(361) Phase 1: Mark live objects 51.895ms
[53.231s][info][gc,phases,start] GC(361) Phase 2: Compute new object addresses
[53.285s][info][gc,phases      ] GC(361) Phase 2: Compute new object addresses 54.049ms
[53.285s][info][gc,phases,start] GC(361) Phase 3: Adjust pointers
[53.306s][info][gc,phases      ] GC(361) Phase 3: Adjust pointers 20.947ms
[53.306s][info][gc,phases,start] GC(361) Phase 4: Move objects
[53.306s][info][gc,phases      ] GC(361) Phase 4: Move objects 0.009ms
[53.306s][info][gc,heap        ] GC(361) DefNew: 544792K(629120K)->0K(629120K) Eden: 544193K(559232K)->0K(559232K) From: 598K(69888K)->0K(69888K)
[53.306s][info][gc,heap        ] GC(361) Tenured: 85057K(1398144K)->85057K(1398144K)
[53.306s][info][gc,metaspace   ] GC(361) Metaspace: 11760K(12032K)->11760K(12032K) NonClass: 10231K(10368K)->10231K(10368K) Class: 1528K(1664K)->1528K(1664K)
[53.306s][info][gc             ] GC(361) Pause Full (System.gc()) 615M->83M(1979M) 127.198ms
[53.306s][info][gc,cpu         ] GC(361) User=0.11s Sys=0.00s Real=0.12s
[53.448s][info][gc,start       ] GC(362) Pause Young (Allocation Failure)
[53.448s][info][gc,heap        ] GC(362) DefNew: 559232K(629120K)->345K(629120K) Eden: 559232K(559232K)->0K(559232K) From: 0K(69888K)->345K(69888K)
[53.448s][info][gc,heap        ] GC(362) Tenured: 85057K(1398144K)->85057K(1398144K)
[53.448s][info][gc,metaspace   ] GC(362) Metaspace: 11760K(12032K)->11760K(12032K) NonClass: 10231K(10368K)->10231K(10368K) Class: 1528K(1664K)->1528K(1664K)
[53.448s][info][gc             ] GC(362) Pause Young (Allocation Failure) 629M->83M(1979M) 0.478ms
[53.448s][info][gc,cpu         ] GC(362) User=0.00s Sys=0.00s Real=0.00s
[53.588s][info][gc,start       ] GC(363) Pause Young (Allocation Failure)
[53.589s][info][gc,heap        ] GC(363) DefNew: 559577K(629120K)->781K(629120K) Eden: 559232K(559232K)->0K(559232K) From: 345K(69888K)->781K(69888K)
[53.589s][info][gc,heap        ] GC(363) Tenured: 85057K(1398144K)->85057K(1398144K)
[53.589s][info][gc,metaspace   ] GC(363) Metaspace: 11760K(12032K)->11760K(12032K) NonClass: 10231K(10368K)->10231K(10368K) Class: 1528K(1664K)->1528K(1664K)
[53.589s][info][gc             ] GC(363) Pause Young (Allocation Failure) 629M->83M(1979M) 0.586ms
[53.589s][info][gc,cpu         ] GC(363) User=0.00s Sys=0.00s Real=0.00s
[53.724s][info][gc,start       ] GC(364) Pause Young (Allocation Failure)
[53.725s][info][gc,heap        ] GC(364) DefNew: 560013K(629120K)->1073K(629120K) Eden: 559232K(559232K)->0K(559232K) From: 781K(69888K)->1073K(69888K)
[53.725s][info][gc,heap        ] GC(364) Tenured: 85057K(1398144K)->85057K(1398144K)
[53.725s][info][gc,metaspace   ] GC(364) Metaspace: 11760K(12032K)->11760K(12032K) NonClass: 10231K(10368K)->10231K(10368K) Class: 1528K(1664K)->1528K(1664K)
[53.725s][info][gc             ] GC(364) Pause Young (Allocation Failure) 629M->84M(1979M) 0.676ms
[53.725s][info][gc,cpu         ] GC(364) User=0.00s Sys=0.00s Real=0.00s
[53.859s][info][gc,start       ] GC(365) Pause Young (Allocation Failure)
[53.860s][info][gc,heap        ] GC(365) DefNew: 560305K(629120K)->1727K(629120K) Eden: 559232K(559232K)->0K(559232K) From: 1073K(69888K)->1727K(69888K)
[53.860s][info][gc,heap        ] GC(365) Tenured: 85057K(1398144K)->85057K(1398144K)
[53.860s][info][gc,metaspace   ] GC(365) Metaspace: 11760K(12032K)->11760K(12032K) NonClass: 10231K(10368K)->10231K(10368K) Class: 1528K(1664K)->1528K(1664K)
[53.860s][info][gc             ] GC(365) Pause Young (Allocation Failure) 630M->84M(1979M) 0.864ms
[53.860s][info][gc,cpu         ] GC(365) User=0.00s Sys=0.00s Real=0.00s
[53.994s][info][gc,start       ] GC(366) Pause Young (Allocation Failure)
[53.995s][info][gc,heap        ] GC(366) DefNew: 560959K(629120K)->1756K(629120K) Eden: 559232K(559232K)->0K(559232K) From: 1727K(69888K)->1756K(69888K)
[53.995s][info][gc,heap        ] GC(366) Tenured: 85057K(1398144K)->85057K(1398144K)
[53.995s][info][gc,metaspace   ] GC(366) Metaspace: 11760K(12032K)->11760K(12032K) NonClass: 10231K(10368K)->10231K(10368K) Class: 1528K(1664K)->1528K(1664K)
[53.995s][info][gc             ] GC(366) Pause Young (Allocation Failure) 630M->84M(1979M) 0.936ms
[53.995s][info][gc,cpu         ] GC(366) User=0.00s Sys=0.00s Real=0.00s
[54.130s][info][gc,start       ] GC(367) Pause Young (Allocation Failure)
[54.131s][info][gc,heap        ] GC(367) DefNew: 560988K(629120K)->2085K(629120K) Eden: 559232K(559232K)->0K(559232K) From: 1756K(69888K)->2085K(69888K)
[54.131s][info][gc,heap        ] GC(367) Tenured: 85057K(1398144K)->85057K(1398144K)
[54.131s][info][gc,metaspace   ] GC(367) Metaspace: 11760K(12032K)->11760K(12032K) NonClass: 10231K(10368K)->10231K(10368K) Class: 1528K(1664K)->1528K(1664K)
[54.131s][info][gc             ] GC(367) Pause Young (Allocation Failure) 630M->85M(1979M) 1.004ms
[54.131s][info][gc,cpu         ] GC(367) User=0.00s Sys=0.00s Real=0.00s
[54.264s][info][gc,start       ] GC(368) Pause Young (Allocation Failure)
[54.265s][info][gc,heap        ] GC(368) DefNew: 561317K(629120K)->2544K(629120K) Eden: 559232K(559232K)->0K(559232K) From: 2085K(69888K)->2544K(69888K)
[54.265s][info][gc,heap        ] GC(368) Tenured: 85057K(1398144K)->85057K(1398144K)
[54.266s][info][gc,metaspace   ] GC(368) Metaspace: 11760K(12032K)->11760K(12032K) NonClass: 10231K(10368K)->10231K(10368K) Class: 1528K(1664K)->1528K(1664K)
[54.266s][info][gc             ] GC(368) Pause Young (Allocation Failure) 631M->85M(1979M) 1.192ms
[54.266s][info][gc,cpu         ] GC(368) User=0.00s Sys=0.00s Real=0.00s
[54.403s][info][gc,start       ] GC(369) Pause Young (Allocation Failure)
[54.403s][info][gc,heap        ] GC(369) DefNew: 561776K(629120K)->101K(629120K) Eden: 559232K(559232K)->0K(559232K) From: 2544K(69888K)->101K(69888K)
[54.403s][info][gc,heap        ] GC(369) Tenured: 85057K(1398144K)->85057K(1398144K)
[54.403s][info][gc,metaspace   ] GC(369) Metaspace: 11760K(12032K)->11760K(12032K) NonClass: 10231K(10368K)->10231K(10368K) Class: 1528K(1664K)->1528K(1664K)
[54.403s][info][gc             ] GC(369) Pause Young (Allocation Failure) 631M->83M(1979M) 0.389ms
[54.403s][info][gc,cpu         ] GC(369) User=0.00s Sys=0.00s Real=0.00s
[54.545s][info][gc,start       ] GC(370) Pause Young (Allocation Failure)
[54.546s][info][gc,heap        ] GC(370) DefNew: 559333K(629120K)->452K(629120K) Eden: 559232K(559232K)->0K(559232K) From: 101K(69888K)->452K(69888K)
[54.546s][info][gc,heap        ] GC(370) Tenured: 85057K(1398144K)->85057K(1398144K)
[54.546s][info][gc,metaspace   ] GC(370) Metaspace: 11760K(12032K)->11760K(12032K) NonClass: 10231K(10368K)->10231K(10368K) Class: 1528K(1664K)->1528K(1664K)
[54.546s][info][gc             ] GC(370) Pause Young (Allocation Failure) 629M->83M(1979M) 0.506ms
[54.546s][info][gc,cpu         ] GC(370) User=0.00s Sys=0.00s Real=0.00s
[54.680s][info][gc,start       ] GC(371) Pause Young (Allocation Failure)
[54.680s][info][gc,heap        ] GC(371) DefNew: 559684K(629120K)->906K(629120K) Eden: 559232K(559232K)->0K(559232K) From: 452K(69888K)->906K(69888K)
[54.680s][info][gc,heap        ] GC(371) Tenured: 85057K(1398144K)->85057K(1398144K)
[54.681s][info][gc,metaspace   ] GC(371) Metaspace: 11760K(12032K)->11760K(12032K) NonClass: 10231K(10368K)->10231K(10368K) Class: 1528K(1664K)->1528K(1664K)
[54.681s][info][gc             ] GC(371) Pause Young (Allocation Failure) 629M->83M(1979M) 0.622ms
[54.681s][info][gc,cpu         ] GC(371) User=0.00s Sys=0.00s Real=0.00s
[54.816s][info][gc,start       ] GC(372) Pause Young (Allocation Failure)
[54.817s][info][gc,heap        ] GC(372) DefNew: 560138K(629120K)->1262K(629120K) Eden: 559232K(559232K)->0K(559232K) From: 906K(69888K)->1262K(69888K)
[54.817s][info][gc,heap        ] GC(372) Tenured: 85057K(1398144K)->85057K(1398144K)
[54.817s][info][gc,metaspace   ] GC(372) Metaspace: 11760K(12032K)->11760K(12032K) NonClass: 10231K(10368K)->10231K(10368K) Class: 1528K(1664K)->1528K(1664K)
[54.817s][info][gc             ] GC(372) Pause Young (Allocation Failure) 630M->84M(1979M) 0.781ms
[54.817s][info][gc,cpu         ] GC(372) User=0.00s Sys=0.00s Real=0.00s
[54.951s][info][gc,start       ] GC(373) Pause Young (Allocation Failure)
[54.952s][info][gc,heap        ] GC(373) DefNew: 559925K(629120K)->1560K(629120K) Eden: 558662K(559232K)->0K(559232K) From: 1262K(69888K)->1560K(69888K)
[54.952s][info][gc,heap        ] GC(373) Tenured: 85057K(1398144K)->85057K(1398144K)
[54.952s][info][gc,metaspace   ] GC(373) Metaspace: 11760K(12032K)->11760K(12032K) NonClass: 10231K(10368K)->10231K(10368K) Class: 1528K(1664K)->1528K(1664K)
[54.952s][info][gc             ] GC(373) Pause Young (Allocation Failure) 629M->84M(1979M) 0.900ms
[54.952s][info][gc,cpu         ] GC(373) User=0.00s Sys=0.00s Real=0.02s
[55.087s][info][gc,start       ] GC(374) Pause Young (Allocation Failure)
[55.088s][info][gc,heap        ] GC(374) DefNew: 560792K(629120K)->2086K(629120K) Eden: 559232K(559232K)->0K(559232K) From: 1560K(69888K)->2086K(69888K)
[55.088s][info][gc,heap        ] GC(374) Tenured: 85057K(1398144K)->85057K(1398144K)
[55.088s][info][gc,metaspace   ] GC(374) Metaspace: 11760K(12032K)->11760K(12032K) NonClass: 10231K(10368K)->10231K(10368K) Class: 1528K(1664K)->1528K(1664K)
[55.088s][info][gc             ] GC(374) Pause Young (Allocation Failure) 630M->85M(1979M) 1.038ms
[55.088s][info][gc,cpu         ] GC(374) User=0.00s Sys=0.00s Real=0.00s
[55.223s][info][gc,start       ] GC(375) Pause Young (Allocation Failure)
[55.223s][info][gc,heap        ] GC(375) DefNew: 561318K(629120K)->2107K(629120K) Eden: 559232K(559232K)->0K(559232K) From: 2086K(69888K)->2107K(69888K)
[55.223s][info][gc,heap        ] GC(375) Tenured: 85057K(1398144K)->85057K(1398144K)
[55.223s][info][gc,metaspace   ] GC(375) Metaspace: 11760K(12032K)->11760K(12032K) NonClass: 10231K(10368K)->10231K(10368K) Class: 1528K(1664K)->1528K(1664K)
[55.223s][info][gc             ] GC(375) Pause Young (Allocation Failure) 631M->85M(1979M) 0.939ms
[55.223s][info][gc,cpu         ] GC(375) User=0.00s Sys=0.00s Real=0.00s
[55.357s][info][gc,start       ] GC(376) Pause Young (Allocation Failure)
[55.358s][info][gc,heap        ] GC(376) DefNew: 561339K(629120K)->2444K(629120K) Eden: 559232K(559232K)->0K(559232K) From: 2107K(69888K)->2444K(69888K)
[55.358s][info][gc,heap        ] GC(376) Tenured: 85057K(1398144K)->85057K(1398144K)
[55.358s][info][gc,metaspace   ] GC(376) Metaspace: 11760K(12032K)->11760K(12032K) NonClass: 10231K(10368K)->10231K(10368K) Class: 1528K(1664K)->1528K(1664K)
[55.358s][info][gc             ] GC(376) Pause Young (Allocation Failure) 631M->85M(1979M) 1.068ms
[55.358s][info][gc,cpu         ] GC(376) User=0.00s Sys=0.00s Real=0.00s
[55.500s][info][gc,start       ] GC(377) Pause Young (Allocation Failure)
[55.501s][info][gc,heap        ] GC(377) DefNew: 561676K(629120K)->188K(629120K) Eden: 559232K(559232K)->0K(559232K) From: 2444K(69888K)->188K(69888K)
[55.501s][info][gc,heap        ] GC(377) Tenured: 85057K(1398144K)->85057K(1398144K)
[55.501s][info][gc,metaspace   ] GC(377) Metaspace: 11760K(12032K)->11760K(12032K) NonClass: 10231K(10368K)->10231K(10368K) Class: 1528K(1664K)->1528K(1664K)
[55.501s][info][gc             ] GC(377) Pause Young (Allocation Failure) 631M->83M(1979M) 0.424ms
[55.501s][info][gc,cpu         ] GC(377) User=0.00s Sys=0.00s Real=0.00s
[55.637s][info][gc,start       ] GC(378) Pause Young (Allocation Failure)
[55.637s][info][gc,heap        ] GC(378) DefNew: 559420K(629120K)->609K(629120K) Eden: 559232K(559232K)->0K(559232K) From: 188K(69888K)->609K(69888K)
[55.637s][info][gc,heap        ] GC(378) Tenured: 85057K(1398144K)->85057K(1398144K)
[55.637s][info][gc,metaspace   ] GC(378) Metaspace: 11760K(12032K)->11760K(12032K) NonClass: 10231K(10368K)->10231K(10368K) Class: 1528K(1664K)->1528K(1664K)
[55.638s][info][gc             ] GC(378) Pause Young (Allocation Failure) 629M->83M(1979M) 0.552ms
[55.638s][info][gc,cpu         ] GC(378) User=0.00s Sys=0.00s Real=0.00s
[55.771s][info][gc,start       ] GC(379) Pause Full (System.gc())
[55.772s][info][gc,phases,start] GC(379) Phase 1: Mark live objects
[55.824s][info][gc,phases      ] GC(379) Phase 1: Mark live objects 52.144ms
[55.824s][info][gc,phases,start] GC(379) Phase 2: Compute new object addresses
[55.878s][info][gc,phases      ] GC(379) Phase 2: Compute new object addresses 54.586ms
[55.878s][info][gc,phases,start] GC(379) Phase 3: Adjust pointers
[55.899s][info][gc,phases      ] GC(379) Phase 3: Adjust pointers 20.968ms
[55.899s][info][gc,phases,start] GC(379) Phase 4: Move objects
[55.899s][info][gc,phases      ] GC(379) Phase 4: Move objects 0.008ms
[55.899s][info][gc,heap        ] GC(379) DefNew: 542653K(629120K)->0K(629120K) Eden: 542043K(559232K)->0K(559232K) From: 609K(69888K)->0K(69888K)
[55.899s][info][gc,heap        ] GC(379) Tenured: 85057K(1398144K)->85057K(1398144K)
[55.899s][info][gc,metaspace   ] GC(379) Metaspace: 11760K(12032K)->11760K(12032K) NonClass: 10231K(10368K)->10231K(10368K) Class: 1528K(1664K)->1528K(1664K)
[55.899s][info][gc             ] GC(379) Pause Full (System.gc()) 612M->83M(1979M) 128.005ms
[55.899s][info][gc,cpu         ] GC(379) User=0.11s Sys=0.00s Real=0.13s
[56.044s][info][gc,start       ] GC(380) Pause Young (Allocation Failure)
[56.044s][info][gc,heap        ] GC(380) DefNew: 559232K(629120K)->425K(629120K) Eden: 559232K(559232K)->0K(559232K) From: 0K(69888K)->425K(69888K)
[56.044s][info][gc,heap        ] GC(380) Tenured: 85057K(1398144K)->85057K(1398144K)
[56.044s][info][gc,metaspace   ] GC(380) Metaspace: 11774K(12096K)->11774K(12096K) NonClass: 10245K(10432K)->10245K(10432K) Class: 1528K(1664K)->1528K(1664K)
[56.044s][info][gc             ] GC(380) Pause Young (Allocation Failure) 629M->83M(1979M) 0.505ms
[56.044s][info][gc,cpu         ] GC(380) User=0.00s Sys=0.00s Real=0.00s
[56.178s][info][gc,start       ] GC(381) Pause Young (Allocation Failure)
[56.179s][info][gc,heap        ] GC(381) DefNew: 559657K(629120K)->922K(629120K) Eden: 559232K(559232K)->0K(559232K) From: 425K(69888K)->922K(69888K)
[56.179s][info][gc,heap        ] GC(381) Tenured: 85057K(1398144K)->85057K(1398144K)
[56.179s][info][gc,metaspace   ] GC(381) Metaspace: 11774K(12096K)->11774K(12096K) NonClass: 10245K(10432K)->10245K(10432K) Class: 1528K(1664K)->1528K(1664K)
[56.179s][info][gc             ] GC(381) Pause Young (Allocation Failure) 629M->83M(1979M) 0.636ms
[56.179s][info][gc,cpu         ] GC(381) User=0.00s Sys=0.00s Real=0.00s
[56.313s][info][gc,start       ] GC(382) Pause Young (Allocation Failure)
[56.314s][info][gc,heap        ] GC(382) DefNew: 560154K(629120K)->1151K(629120K) Eden: 559232K(559232K)->0K(559232K) From: 922K(69888K)->1151K(69888K)
[56.314s][info][gc,heap        ] GC(382) Tenured: 85057K(1398144K)->85057K(1398144K)
[56.314s][info][gc,metaspace   ] GC(382) Metaspace: 11774K(12096K)->11774K(12096K) NonClass: 10245K(10432K)->10245K(10432K) Class: 1528K(1664K)->1528K(1664K)
[56.314s][info][gc             ] GC(382) Pause Young (Allocation Failure) 630M->84M(1979M) 0.703ms
[56.314s][info][gc,cpu         ] GC(382) User=0.00s Sys=0.00s Real=0.00s
[56.448s][info][gc,start       ] GC(383) Pause Young (Allocation Failure)
[56.449s][info][gc,heap        ] GC(383) DefNew: 560383K(629120K)->1791K(629120K) Eden: 559232K(559232K)->0K(559232K) From: 1151K(69888K)->1791K(69888K)
[56.449s][info][gc,heap        ] GC(383) Tenured: 85057K(1398144K)->85057K(1398144K)
[56.449s][info][gc,metaspace   ] GC(383) Metaspace: 11774K(12096K)->11774K(12096K) NonClass: 10245K(10432K)->10245K(10432K) Class: 1528K(1664K)->1528K(1664K)
[56.449s][info][gc             ] GC(383) Pause Young (Allocation Failure) 630M->84M(1979M) 0.907ms
[56.449s][info][gc,cpu         ] GC(383) User=0.00s Sys=0.00s Real=0.00s
[56.591s][info][gc,start       ] GC(384) Pause Young (Allocation Failure)
[56.592s][info][gc,heap        ] GC(384) DefNew: 561023K(629120K)->2016K(629120K) Eden: 559232K(559232K)->0K(559232K) From: 1791K(69888K)->2016K(69888K)
[56.592s][info][gc,heap        ] GC(384) Tenured: 85057K(1398144K)->85057K(1398144K)
[56.592s][info][gc,metaspace   ] GC(384) Metaspace: 11774K(12096K)->11774K(12096K) NonClass: 10245K(10432K)->10245K(10432K) Class: 1528K(1664K)->1528K(1664K)
[56.592s][info][gc             ] GC(384) Pause Young (Allocation Failure) 630M->85M(1979M) 0.958ms
[56.592s][info][gc,cpu         ] GC(384) User=0.00s Sys=0.00s Real=0.00s
[56.727s][info][gc,start       ] GC(385) Pause Young (Allocation Failure)
[56.728s][info][gc,heap        ] GC(385) DefNew: 561248K(629120K)->2210K(629120K) Eden: 559232K(559232K)->0K(559232K) From: 2016K(69888K)->2210K(69888K)
[56.728s][info][gc,heap        ] GC(385) Tenured: 85057K(1398144K)->85057K(1398144K)
[56.728s][info][gc,metaspace   ] GC(385) Metaspace: 11774K(12096K)->11774K(12096K) NonClass: 10245K(10432K)->10245K(10432K) Class: 1528K(1664K)->1528K(1664K)
[56.728s][info][gc             ] GC(385) Pause Young (Allocation Failure) 631M->85M(1979M) 0.981ms
[56.728s][info][gc,cpu         ] GC(385) User=0.00s Sys=0.00s Real=0.00s
[56.861s][info][gc,start       ] GC(386) Pause Young (Allocation Failure)
[56.863s][info][gc,heap        ] GC(386) DefNew: 561442K(629120K)->2688K(629120K) Eden: 559232K(559232K)->0K(559232K) From: 2210K(69888K)->2688K(69888K)
[56.863s][info][gc,heap        ] GC(386) Tenured: 85057K(1398144K)->85057K(1398144K)
[56.863s][info][gc,metaspace   ] GC(386) Metaspace: 11774K(12096K)->11774K(12096K) NonClass: 10245K(10432K)->10245K(10432K) Class: 1528K(1664K)->1528K(1664K)
[56.863s][info][gc             ] GC(386) Pause Young (Allocation Failure) 631M->85M(1979M) 1.159ms
[56.863s][info][gc,cpu         ] GC(386) User=0.00s Sys=0.00s Real=0.00s
[57.001s][info][gc,start       ] GC(387) Pause Young (Allocation Failure)
[57.002s][info][gc,heap        ] GC(387) DefNew: 561920K(629120K)->110K(629120K) Eden: 559232K(559232K)->0K(559232K) From: 2688K(69888K)->110K(69888K)
[57.002s][info][gc,heap        ] GC(387) Tenured: 85057K(1398144K)->85057K(1398144K)
[57.002s][info][gc,metaspace   ] GC(387) Metaspace: 11774K(12096K)->11774K(12096K) NonClass: 10245K(10432K)->10245K(10432K) Class: 1528K(1664K)->1528K(1664K)
[57.002s][info][gc             ] GC(387) Pause Young (Allocation Failure) 631M->83M(1979M) 0.419ms
[57.002s][info][gc,cpu         ] GC(387) User=0.00s Sys=0.00s Real=0.00s
[57.138s][info][gc,start       ] GC(388) Pause Young (Allocation Failure)
[57.138s][info][gc,heap        ] GC(388) DefNew: 559342K(629120K)->514K(629120K) Eden: 559232K(559232K)->0K(559232K) From: 110K(69888K)->514K(69888K)
[57.138s][info][gc,heap        ] GC(388) Tenured: 85057K(1398144K)->85057K(1398144K)
[57.138s][info][gc,metaspace   ] GC(388) Metaspace: 11774K(12096K)->11774K(12096K) NonClass: 10245K(10432K)->10245K(10432K) Class: 1528K(1664K)->1528K(1664K)
[57.138s][info][gc             ] GC(388) Pause Young (Allocation Failure) 629M->83M(1979M) 0.540ms
[57.138s][info][gc,cpu         ] GC(388) User=0.00s Sys=0.00s Real=0.00s
[57.273s][info][gc,start       ] GC(389) Pause Young (Allocation Failure)
[57.274s][info][gc,heap        ] GC(389) DefNew: 559746K(629120K)->942K(629120K) Eden: 559232K(559232K)->0K(559232K) From: 514K(69888K)->942K(69888K)
[57.274s][info][gc,heap        ] GC(389) Tenured: 85057K(1398144K)->85057K(1398144K)
[57.274s][info][gc,metaspace   ] GC(389) Metaspace: 11774K(12096K)->11774K(12096K) NonClass: 10245K(10432K)->10245K(10432K) Class: 1528K(1664K)->1528K(1664K)
[57.274s][info][gc             ] GC(389) Pause Young (Allocation Failure) 629M->83M(1979M) 0.672ms
[57.274s][info][gc,cpu         ] GC(389) User=0.00s Sys=0.00s Real=0.00s
[57.408s][info][gc,start       ] GC(390) Pause Young (Allocation Failure)
[57.408s][info][gc,heap        ] GC(390) DefNew: 560174K(629120K)->1407K(629120K) Eden: 559232K(559232K)->0K(559232K) From: 942K(69888K)->1407K(69888K)
[57.408s][info][gc,heap        ] GC(390) Tenured: 85057K(1398144K)->85057K(1398144K)
[57.408s][info][gc,metaspace   ] GC(390) Metaspace: 11774K(12096K)->11774K(12096K) NonClass: 10245K(10432K)->10245K(10432K) Class: 1528K(1664K)->1528K(1664K)
[57.408s][info][gc             ] GC(390) Pause Young (Allocation Failure) 630M->84M(1979M) 0.814ms
[57.408s][info][gc,cpu         ] GC(390) User=0.00s Sys=0.00s Real=0.00s
[57.548s][info][gc,start       ] GC(391) Pause Young (Allocation Failure)
[57.549s][info][gc,heap        ] GC(391) DefNew: 560639K(629120K)->1725K(629120K) Eden: 559232K(559232K)->0K(559232K) From: 1407K(69888K)->1725K(69888K)
[57.549s][info][gc,heap        ] GC(391) Tenured: 85057K(1398144K)->85057K(1398144K)
[57.549s][info][gc,metaspace   ] GC(391) Metaspace: 11774K(12096K)->11774K(12096K) NonClass: 10245K(10432K)->10245K(10432K) Class: 1528K(1664K)->1528K(1664K)
[57.549s][info][gc             ] GC(391) Pause Young (Allocation Failure) 630M->84M(1979M) 0.902ms
[57.549s][info][gc,cpu         ] GC(391) User=0.00s Sys=0.00s Real=0.00s
[57.683s][info][gc,start       ] GC(392) Pause Young (Allocation Failure)
[57.684s][info][gc,heap        ] GC(392) DefNew: 560957K(629120K)->2028K(629120K) Eden: 559232K(559232K)->0K(559232K) From: 1725K(69888K)->2028K(69888K)
[57.684s][info][gc,heap        ] GC(392) Tenured: 85057K(1398144K)->85057K(1398144K)
[57.684s][info][gc,metaspace   ] GC(392) Metaspace: 11774K(12096K)->11774K(12096K) NonClass: 10245K(10432K)->10245K(10432K) Class: 1528K(1664K)->1528K(1664K)
[57.684s][info][gc             ] GC(392) Pause Young (Allocation Failure) 630M->85M(1979M) 1.020ms
[57.684s][info][gc,cpu         ] GC(392) User=0.00s Sys=0.00s Real=0.02s
[57.819s][info][gc,start       ] GC(393) Pause Young (Allocation Failure)
[57.820s][info][gc,heap        ] GC(393) DefNew: 561254K(629120K)->2349K(629120K) Eden: 559226K(559232K)->0K(559232K) From: 2028K(69888K)->2349K(69888K)
[57.821s][info][gc,heap        ] GC(393) Tenured: 85057K(1398144K)->85057K(1398144K)
[57.821s][info][gc,metaspace   ] GC(393) Metaspace: 11774K(12096K)->11774K(12096K) NonClass: 10245K(10432K)->10245K(10432K) Class: 1528K(1664K)->1528K(1664K)
[57.821s][info][gc             ] GC(393) Pause Young (Allocation Failure) 631M->85M(1979M) 1.120ms
[57.821s][info][gc,cpu         ] GC(393) User=0.00s Sys=0.00s Real=0.00s
[57.959s][info][gc,start       ] GC(394) Pause Young (Allocation Failure)
[57.959s][info][gc,heap        ] GC(394) DefNew: 561581K(629120K)->43K(629120K) Eden: 559232K(559232K)->0K(559232K) From: 2349K(69888K)->43K(69888K)
[57.959s][info][gc,heap        ] GC(394) Tenured: 85057K(1398144K)->85057K(1398144K)
[57.959s][info][gc,metaspace   ] GC(394) Metaspace: 11774K(12096K)->11774K(12096K) NonClass: 10245K(10432K)->10245K(10432K) Class: 1528K(1664K)->1528K(1664K)
[57.959s][info][gc             ] GC(394) Pause Young (Allocation Failure) 631M->83M(1979M) 0.361ms
[57.959s][info][gc,cpu         ] GC(394) User=0.00s Sys=0.00s Real=0.00s
[58.094s][info][gc,start       ] GC(395) Pause Young (Allocation Failure)
[58.095s][info][gc,heap        ] GC(395) DefNew: 559275K(629120K)->544K(629120K) Eden: 559232K(559232K)->0K(559232K) From: 43K(69888K)->544K(69888K)
[58.095s][info][gc,heap        ] GC(395) Tenured: 85057K(1398144K)->85057K(1398144K)
[58.095s][info][gc,metaspace   ] GC(395) Metaspace: 11774K(12096K)->11774K(12096K) NonClass: 10245K(10432K)->10245K(10432K) Class: 1528K(1664K)->1528K(1664K)
[58.095s][info][gc             ] GC(395) Pause Young (Allocation Failure) 629M->83M(1979M) 0.537ms
[58.095s][info][gc,cpu         ] GC(395) User=0.00s Sys=0.00s Real=0.00s
[58.229s][info][gc,start       ] GC(396) Pause Young (Allocation Failure)
[58.230s][info][gc,heap        ] GC(396) DefNew: 559776K(629120K)->827K(629120K) Eden: 559232K(559232K)->0K(559232K) From: 544K(69888K)->827K(69888K)
[58.230s][info][gc,heap        ] GC(396) Tenured: 85057K(1398144K)->85057K(1398144K)
[58.230s][info][gc,metaspace   ] GC(396) Metaspace: 11774K(12096K)->11774K(12096K) NonClass: 10245K(10432K)->10245K(10432K) Class: 1528K(1664K)->1528K(1664K)
[58.230s][info][gc             ] GC(396) Pause Young (Allocation Failure) 629M->83M(1979M) 0.615ms
[58.230s][info][gc,cpu         ] GC(396) User=0.00s Sys=0.00s Real=0.00s
[58.361s][info][gc,start       ] GC(397) Pause Full (System.gc())
[58.361s][info][gc,phases,start] GC(397) Phase 1: Mark live objects
[58.414s][info][gc,phases      ] GC(397) Phase 1: Mark live objects 52.702ms
[58.414s][info][gc,phases,start] GC(397) Phase 2: Compute new object addresses
[58.469s][info][gc,phases      ] GC(397) Phase 2: Compute new object addresses 54.733ms
[58.469s][info][gc,phases,start] GC(397) Phase 3: Adjust pointers
[58.491s][info][gc,phases      ] GC(397) Phase 3: Adjust pointers 22.212ms
[58.491s][info][gc,phases,start] GC(397) Phase 4: Move objects
[58.491s][info][gc,phases      ] GC(397) Phase 4: Move objects 0.009ms
[58.491s][info][gc,heap        ] GC(397) DefNew: 542112K(629120K)->0K(629120K) Eden: 541284K(559232K)->0K(559232K) From: 827K(69888K)->0K(69888K)
[58.491s][info][gc,heap        ] GC(397) Tenured: 85057K(1398144K)->85057K(1398144K)
[58.491s][info][gc,metaspace   ] GC(397) Metaspace: 11776K(12096K)->11776K(12096K) NonClass: 10247K(10432K)->10247K(10432K) Class: 1528K(1664K)->1528K(1664K)
[58.491s][info][gc             ] GC(397) Pause Full (System.gc()) 612M->83M(1979M) 129.963ms
[58.491s][info][gc,cpu         ] GC(397) User=0.12s Sys=0.00s Real=0.13s
[58.634s][info][gc,start       ] GC(398) Pause Young (Allocation Failure)
[58.634s][info][gc,heap        ] GC(398) DefNew: 559232K(629120K)->438K(629120K) Eden: 559232K(559232K)->0K(559232K) From: 0K(69888K)->438K(69888K)
[58.634s][info][gc,heap        ] GC(398) Tenured: 85057K(1398144K)->85057K(1398144K)
[58.634s][info][gc,metaspace   ] GC(398) Metaspace: 11776K(12096K)->11776K(12096K) NonClass: 10247K(10432K)->10247K(10432K) Class: 1528K(1664K)->1528K(1664K)
[58.634s][info][gc             ] GC(398) Pause Young (Allocation Failure) 629M->83M(1979M) 0.499ms
[58.634s][info][gc,cpu         ] GC(398) User=0.00s Sys=0.00s Real=0.00s
[58.770s][info][gc,start       ] GC(399) Pause Young (Allocation Failure)
[58.770s][info][gc,heap        ] GC(399) DefNew: 559670K(629120K)->790K(629120K) Eden: 559232K(559232K)->0K(559232K) From: 438K(69888K)->790K(69888K)
[58.770s][info][gc,heap        ] GC(399) Tenured: 85057K(1398144K)->85057K(1398144K)
[58.770s][info][gc,metaspace   ] GC(399) Metaspace: 11776K(12096K)->11776K(12096K) NonClass: 10247K(10432K)->10247K(10432K) Class: 1528K(1664K)->1528K(1664K)
[58.770s][info][gc             ] GC(399) Pause Young (Allocation Failure) 629M->83M(1979M) 0.581ms
[58.770s][info][gc,cpu         ] GC(399) User=0.00s Sys=0.00s Real=0.00s
[58.904s][info][gc,start       ] GC(400) Pause Young (Allocation Failure)
[58.905s][info][gc,heap        ] GC(400) DefNew: 560022K(629120K)->1311K(629120K) Eden: 559232K(559232K)->0K(559232K) From: 790K(69888K)->1311K(69888K)
[58.905s][info][gc,heap        ] GC(400) Tenured: 85057K(1398144K)->85057K(1398144K)
[58.905s][info][gc,metaspace   ] GC(400) Metaspace: 11776K(12096K)->11776K(12096K) NonClass: 10247K(10432K)->10247K(10432K) Class: 1528K(1664K)->1528K(1664K)
[58.905s][info][gc             ] GC(400) Pause Young (Allocation Failure) 629M->84M(1979M) 0.767ms
[58.905s][info][gc,cpu         ] GC(400) User=0.00s Sys=0.00s Real=0.00s
[59.040s][info][gc,start       ] GC(401) Pause Young (Allocation Failure)
[59.041s][info][gc,heap        ] GC(401) DefNew: 560543K(629120K)->1712K(629120K) Eden: 559232K(559232K)->0K(559232K) From: 1311K(69888K)->1712K(69888K)
[59.041s][info][gc,heap        ] GC(401) Tenured: 85057K(1398144K)->85057K(1398144K)
[59.041s][info][gc,metaspace   ] GC(401) Metaspace: 11776K(12096K)->11776K(12096K) NonClass: 10247K(10432K)->10247K(10432K) Class: 1528K(1664K)->1528K(1664K)
[59.041s][info][gc             ] GC(401) Pause Young (Allocation Failure) 630M->84M(1979M) 0.939ms
[59.041s][info][gc,cpu         ] GC(401) User=0.00s Sys=0.00s Real=0.00s
[59.176s][info][gc,start       ] GC(402) Pause Young (Allocation Failure)
[59.178s][info][gc,heap        ] GC(402) DefNew: 560944K(629120K)->2345K(629120K) Eden: 559232K(559232K)->0K(559232K) From: 1712K(69888K)->2345K(69888K)
[59.178s][info][gc,heap        ] GC(402) Tenured: 85057K(1398144K)->85057K(1398144K)
[59.178s][info][gc,metaspace   ] GC(402) Metaspace: 11776K(12096K)->11776K(12096K) NonClass: 10247K(10432K)->10247K(10432K) Class: 1528K(1664K)->1528K(1664K)
[59.178s][info][gc             ] GC(402) Pause Young (Allocation Failure) 630M->85M(1979M) 1.093ms
[59.178s][info][gc,cpu         ] GC(402) User=0.00s Sys=0.00s Real=0.00s
[59.311s][info][gc,start       ] GC(403) Pause Young (Allocation Failure)
[59.313s][info][gc,heap        ] GC(403) DefNew: 561563K(629120K)->2738K(629120K) Eden: 559217K(559232K)->0K(559232K) From: 2345K(69888K)->2738K(69888K)
[59.313s][info][gc,heap        ] GC(403) Tenured: 85057K(1398144K)->85057K(1398144K)
[59.313s][info][gc,metaspace   ] GC(403) Metaspace: 11776K(12096K)->11776K(12096K) NonClass: 10247K(10432K)->10247K(10432K) Class: 1528K(1664K)->1528K(1664K)
[59.313s][info][gc             ] GC(403) Pause Young (Allocation Failure) 631M->85M(1979M) 1.239ms
[59.313s][info][gc,cpu         ] GC(403) User=0.00s Sys=0.00s Real=0.00s
[59.451s][info][gc,start       ] GC(404) Pause Young (Allocation Failure)
[59.451s][info][gc,heap        ] GC(404) DefNew: 561970K(629120K)->161K(629120K) Eden: 559232K(559232K)->0K(559232K) From: 2738K(69888K)->161K(69888K)
[59.451s][info][gc,heap        ] GC(404) Tenured: 85057K(1398144K)->85057K(1398144K)
[59.451s][info][gc,metaspace   ] GC(404) Metaspace: 11776K(12096K)->11776K(12096K) NonClass: 10247K(10432K)->10247K(10432K) Class: 1528K(1664K)->1528K(1664K)
[59.451s][info][gc             ] GC(404) Pause Young (Allocation Failure) 631M->83M(1979M) 0.416ms
[59.451s][info][gc,cpu         ] GC(404) User=0.00s Sys=0.00s Real=0.00s
[59.591s][info][gc,start       ] GC(405) Pause Young (Allocation Failure)
[59.592s][info][gc,heap        ] GC(405) DefNew: 559393K(629120K)->590K(629120K) Eden: 559232K(559232K)->0K(559232K) From: 161K(69888K)->590K(69888K)
[59.592s][info][gc,heap        ] GC(405) Tenured: 85057K(1398144K)->85057K(1398144K)
[59.592s][info][gc,metaspace   ] GC(405) Metaspace: 11776K(12096K)->11776K(12096K) NonClass: 10247K(10432K)->10247K(10432K) Class: 1528K(1664K)->1528K(1664K)
[59.592s][info][gc             ] GC(405) Pause Young (Allocation Failure) 629M->83M(1979M) 0.546ms
[59.592s][info][gc,cpu         ] GC(405) User=0.00s Sys=0.00s Real=0.00s
[59.728s][info][gc,start       ] GC(406) Pause Young (Allocation Failure)
[59.729s][info][gc,heap        ] GC(406) DefNew: 559822K(629120K)->1134K(629120K) Eden: 559232K(559232K)->0K(559232K) From: 590K(69888K)->1134K(69888K)
[59.729s][info][gc,heap        ] GC(406) Tenured: 85057K(1398144K)->85057K(1398144K)
[59.729s][info][gc,metaspace   ] GC(406) Metaspace: 11776K(12096K)->11776K(12096K) NonClass: 10247K(10432K)->10247K(10432K) Class: 1528K(1664K)->1528K(1664K)
[59.729s][info][gc             ] GC(406) Pause Young (Allocation Failure) 629M->84M(1979M) 0.701ms
[59.729s][info][gc,cpu         ] GC(406) User=0.00s Sys=0.00s Real=0.00s
[59.864s][info][gc,start       ] GC(407) Pause Young (Allocation Failure)
[59.864s][info][gc,heap        ] GC(407) DefNew: 560366K(629120K)->1437K(629120K) Eden: 559232K(559232K)->0K(559232K) From: 1134K(69888K)->1437K(69888K)
[59.864s][info][gc,heap        ] GC(407) Tenured: 85057K(1398144K)->85057K(1398144K)
[59.864s][info][gc,metaspace   ] GC(407) Metaspace: 11776K(12096K)->11776K(12096K) NonClass: 10247K(10432K)->10247K(10432K) Class: 1528K(1664K)->1528K(1664K)
[59.864s][info][gc             ] GC(407) Pause Young (Allocation Failure) 630M->84M(1979M) 0.804ms
[59.864s][info][gc,cpu         ] GC(407) User=0.00s Sys=0.00s Real=0.00s
[59.998s][info][gc,start       ] GC(408) Pause Young (Allocation Failure)
[59.998s][info][gc,heap        ] GC(408) DefNew: 560669K(629120K)->1522K(629120K) Eden: 559232K(559232K)->0K(559232K) From: 1437K(69888K)->1522K(69888K)
[59.998s][info][gc,heap        ] GC(408) Tenured: 85057K(1398144K)->85057K(1398144K)
[59.998s][info][gc,metaspace   ] GC(408) Metaspace: 11776K(12096K)->11776K(12096K) NonClass: 10247K(10432K)->10247K(10432K) Class: 1528K(1664K)->1528K(1664K)
[59.998s][info][gc             ] GC(408) Pause Young (Allocation Failure) 630M->84M(1979M) 0.884ms
[59.998s][info][gc,cpu         ] GC(408) User=0.00s Sys=0.00s Real=0.00s
[60.132s][info][gc,start       ] GC(409) Pause Young (Allocation Failure)
[60.134s][info][gc,heap        ] GC(409) DefNew: 560706K(629120K)->2228K(629120K) Eden: 559183K(559232K)->0K(559232K) From: 1522K(69888K)->2228K(69888K)
[60.134s][info][gc,heap        ] GC(409) Tenured: 85057K(1398144K)->85057K(1398144K)
[60.134s][info][gc,metaspace   ] GC(409) Metaspace: 11776K(12096K)->11776K(12096K) NonClass: 10247K(10432K)->10247K(10432K) Class: 1528K(1664K)->1528K(1664K)
[60.134s][info][gc             ] GC(409) Pause Young (Allocation Failure) 630M->85M(1979M) 1.213ms
[60.134s][info][gc,cpu         ] GC(409) User=0.02s Sys=0.00s Real=0.02s
[60.268s][info][gc,start       ] GC(410) Pause Young (Allocation Failure)
[60.269s][info][gc,heap        ] GC(410) DefNew: 561451K(629120K)->2398K(629120K) Eden: 559222K(559232K)->0K(559232K) From: 2228K(69888K)->2398K(69888K)
[60.269s][info][gc,heap        ] GC(410) Tenured: 85057K(1398144K)->85057K(1398144K)
[60.269s][info][gc,metaspace   ] GC(410) Metaspace: 11776K(12096K)->11776K(12096K) NonClass: 10247K(10432K)->10247K(10432K) Class: 1528K(1664K)->1528K(1664K)
[60.269s][info][gc             ] GC(410) Pause Young (Allocation Failure) 631M->85M(1979M) 1.146ms
[60.269s][info][gc,cpu         ] GC(410) User=0.00s Sys=0.00s Real=0.00s
[60.405s][info][gc,start       ] GC(411) Pause Young (Allocation Failure)
[60.406s][info][gc,heap        ] GC(411) DefNew: 561630K(629120K)->1962K(629120K) Eden: 559232K(559232K)->0K(559232K) From: 2398K(69888K)->1962K(69888K)
[60.406s][info][gc,heap        ] GC(411) Tenured: 85057K(1398144K)->85057K(1398144K)
[60.406s][info][gc,metaspace   ] GC(411) Metaspace: 11776K(12096K)->11776K(12096K) NonClass: 10247K(10432K)->10247K(10432K) Class: 1528K(1664K)->1528K(1664K)
[60.406s][info][gc             ] GC(411) Pause Young (Allocation Failure) 631M->84M(1979M) 0.882ms
[60.406s][info][gc,cpu         ] GC(411) User=0.00s Sys=0.00s Real=0.00s
[60.548s][info][gc,start       ] GC(412) Pause Young (Allocation Failure)
[60.549s][info][gc,heap        ] GC(412) DefNew: 561194K(629120K)->480K(629120K) Eden: 559232K(559232K)->0K(559232K) From: 1962K(69888K)->480K(69888K)
[60.549s][info][gc,heap        ] GC(412) Tenured: 85057K(1398144K)->85057K(1398144K)
[60.549s][info][gc,metaspace   ] GC(412) Metaspace: 11776K(12096K)->11776K(12096K) NonClass: 10247K(10432K)->10247K(10432K) Class: 1528K(1664K)->1528K(1664K)
[60.549s][info][gc             ] GC(412) Pause Young (Allocation Failure) 631M->83M(1979M) 0.507ms
[60.549s][info][gc,cpu         ] GC(412) User=0.00s Sys=0.00s Real=0.00s
[60.682s][info][gc,start       ] GC(413) Pause Young (Allocation Failure)
[60.683s][info][gc,heap        ] GC(413) DefNew: 559712K(629120K)->867K(629120K) Eden: 559232K(559232K)->0K(559232K) From: 480K(69888K)->867K(69888K)
[60.683s][info][gc,heap        ] GC(413) Tenured: 85057K(1398144K)->85058K(1398144K)
[60.683s][info][gc,metaspace   ] GC(413) Metaspace: 11776K(12096K)->11776K(12096K) NonClass: 10247K(10432K)->10247K(10432K) Class: 1528K(1664K)->1528K(1664K)
[60.683s][info][gc             ] GC(413) Pause Young (Allocation Failure) 629M->83M(1979M) 0.702ms
[60.683s][info][gc,cpu         ] GC(413) User=0.00s Sys=0.00s Real=0.00s
[60.819s][info][gc,start       ] GC(414) Pause Young (Allocation Failure)
[60.820s][info][gc,heap        ] GC(414) DefNew: 560099K(629120K)->1251K(629120K) Eden: 559232K(559232K)->0K(559232K) From: 867K(69888K)->1251K(69888K)
[60.820s][info][gc,heap        ] GC(414) Tenured: 85058K(1398144K)->85058K(1398144K)
[60.820s][info][gc,metaspace   ] GC(414) Metaspace: 11776K(12096K)->11776K(12096K) NonClass: 10247K(10432K)->10247K(10432K) Class: 1528K(1664K)->1528K(1664K)
[60.820s][info][gc             ] GC(414) Pause Young (Allocation Failure) 630M->84M(1979M) 0.754ms
[60.820s][info][gc,cpu         ] GC(414) User=0.00s Sys=0.00s Real=0.00s
[60.950s][info][gc,start       ] GC(415) Pause Full (System.gc())
[60.951s][info][gc,phases,start] GC(415) Phase 1: Mark live objects
[61.003s][info][gc,phases      ] GC(415) Phase 1: Mark live objects 52.485ms
[61.003s][info][gc,phases,start] GC(415) Phase 2: Compute new object addresses
[61.056s][info][gc,phases      ] GC(415) Phase 2: Compute new object addresses 53.315ms
[61.056s][info][gc,phases,start] GC(415) Phase 3: Adjust pointers
[61.077s][info][gc,phases      ] GC(415) Phase 3: Adjust pointers 20.940ms
[61.077s][info][gc,phases,start] GC(415) Phase 4: Move objects
[61.077s][info][gc,phases      ] GC(415) Phase 4: Move objects 0.009ms
[61.077s][info][gc,heap        ] GC(415) DefNew: 534611K(629120K)->0K(629120K) Eden: 533359K(559232K)->0K(559232K) From: 1251K(69888K)->0K(69888K)
[61.077s][info][gc,heap        ] GC(415) Tenured: 85058K(1398144K)->85056K(1398144K)
[61.077s][info][gc,metaspace   ] GC(415) Metaspace: 11776K(12096K)->11776K(12096K) NonClass: 10247K(10432K)->10247K(10432K) Class: 1528K(1664K)->1528K(1664K)
[61.077s][info][gc             ] GC(415) Pause Full (System.gc()) 605M->83M(1979M) 127.045ms
[61.078s][info][gc,cpu         ] GC(415) User=0.11s Sys=0.00s Real=0.13s
[61.221s][info][gc,start       ] GC(416) Pause Young (Allocation Failure)
[61.221s][info][gc,heap        ] GC(416) DefNew: 559232K(629120K)->513K(629120K) Eden: 559232K(559232K)->0K(559232K) From: 0K(69888K)->513K(69888K)
[61.221s][info][gc,heap        ] GC(416) Tenured: 85056K(1398144K)->85056K(1398144K)
[61.221s][info][gc,metaspace   ] GC(416) Metaspace: 11776K(12096K)->11776K(12096K) NonClass: 10247K(10432K)->10247K(10432K) Class: 1528K(1664K)->1528K(1664K)
[61.221s][info][gc             ] GC(416) Pause Young (Allocation Failure) 629M->83M(1979M) 0.531ms
[61.221s][info][gc,cpu         ] GC(416) User=0.00s Sys=0.00s Real=0.00s
[61.356s][info][gc,start       ] GC(417) Pause Young (Allocation Failure)
[61.356s][info][gc,heap        ] GC(417) DefNew: 559745K(629120K)->874K(629120K) Eden: 559232K(559232K)->0K(559232K) From: 513K(69888K)->874K(69888K)
[61.356s][info][gc,heap        ] GC(417) Tenured: 85056K(1398144K)->85056K(1398144K)
[61.356s][info][gc,metaspace   ] GC(417) Metaspace: 11776K(12096K)->11776K(12096K) NonClass: 10247K(10432K)->10247K(10432K) Class: 1528K(1664K)->1528K(1664K)
[61.356s][info][gc             ] GC(417) Pause Young (Allocation Failure) 629M->83M(1979M) 0.654ms
[61.356s][info][gc,cpu         ] GC(417) User=0.00s Sys=0.00s Real=0.00s
[61.495s][info][gc,start       ] GC(418) Pause Young (Allocation Failure)
[61.496s][info][gc,heap        ] GC(418) DefNew: 560106K(629120K)->1415K(629120K) Eden: 559232K(559232K)->0K(559232K) From: 874K(69888K)->1415K(69888K)
[61.496s][info][gc,heap        ] GC(418) Tenured: 85056K(1398144K)->85056K(1398144K)
[61.496s][info][gc,metaspace   ] GC(418) Metaspace: 11776K(12096K)->11776K(12096K) NonClass: 10247K(10432K)->10247K(10432K) Class: 1528K(1664K)->1528K(1664K)
[61.496s][info][gc             ] GC(418) Pause Young (Allocation Failure) 630M->84M(1979M) 0.797ms
[61.496s][info][gc,cpu         ] GC(418) User=0.00s Sys=0.00s Real=0.00s
[61.631s][info][gc,start       ] GC(419) Pause Young (Allocation Failure)
[61.632s][info][gc,heap        ] GC(419) DefNew: 560647K(629120K)->1699K(629120K) Eden: 559232K(559232K)->0K(559232K) From: 1415K(69888K)->1699K(69888K)
[61.632s][info][gc,heap        ] GC(419) Tenured: 85056K(1398144K)->85056K(1398144K)
[61.632s][info][gc,metaspace   ] GC(419) Metaspace: 11776K(12096K)->11776K(12096K) NonClass: 10247K(10432K)->10247K(10432K) Class: 1528K(1664K)->1528K(1664K)
[61.632s][info][gc             ] GC(419) Pause Young (Allocation Failure) 630M->84M(1979M) 0.908ms
[61.632s][info][gc,cpu         ] GC(419) User=0.00s Sys=0.00s Real=0.00s
[61.768s][info][gc,start       ] GC(420) Pause Young (Allocation Failure)
[61.769s][info][gc,heap        ] GC(420) DefNew: 560931K(629120K)->1992K(629120K) Eden: 559232K(559232K)->0K(559232K) From: 1699K(69888K)->1992K(69888K)
[61.769s][info][gc,heap        ] GC(420) Tenured: 85056K(1398144K)->85056K(1398144K)
[61.769s][info][gc,metaspace   ] GC(420) Metaspace: 11776K(12096K)->11776K(12096K) NonClass: 10247K(10432K)->10247K(10432K) Class: 1528K(1664K)->1528K(1664K)
[61.769s][info][gc             ] GC(420) Pause Young (Allocation Failure) 630M->85M(1979M) 0.941ms
[61.769s][info][gc,cpu         ] GC(420) User=0.00s Sys=0.00s Real=0.00s
[61.903s][info][gc,start       ] GC(421) Pause Young (Allocation Failure)
[61.904s][info][gc,heap        ] GC(421) DefNew: 561224K(629120K)->2372K(629120K) Eden: 559232K(559232K)->0K(559232K) From: 1992K(69888K)->2372K(69888K)
[61.904s][info][gc,heap        ] GC(421) Tenured: 85056K(1398144K)->85056K(1398144K)
[61.904s][info][gc,metaspace   ] GC(421) Metaspace: 11776K(12096K)->11776K(12096K) NonClass: 10247K(10432K)->10247K(10432K) Class: 1528K(1664K)->1528K(1664K)
[61.904s][info][gc             ] GC(421) Pause Young (Allocation Failure) 631M->85M(1979M) 1.113ms
[61.904s][info][gc,cpu         ] GC(421) User=0.00s Sys=0.00s Real=0.00s
[62.042s][info][gc,start       ] GC(422) Pause Young (Allocation Failure)
[62.043s][info][gc,heap        ] GC(422) DefNew: 561604K(629120K)->1963K(629120K) Eden: 559232K(559232K)->0K(559232K) From: 2372K(69888K)->1963K(69888K)
[62.043s][info][gc,heap        ] GC(422) Tenured: 85056K(1398144K)->85056K(1398144K)
[62.043s][info][gc,metaspace   ] GC(422) Metaspace: 11776K(12096K)->11776K(12096K) NonClass: 10247K(10432K)->10247K(10432K) Class: 1528K(1664K)->1528K(1664K)
[62.043s][info][gc             ] GC(422) Pause Young (Allocation Failure) 631M->84M(1979M) 0.888ms
[62.043s][info][gc,cpu         ] GC(422) User=0.00s Sys=0.00s Real=0.00s
[62.177s][info][gc,start       ] GC(423) Pause Young (Allocation Failure)
[62.178s][info][gc,heap        ] GC(423) DefNew: 561195K(629120K)->386K(629120K) Eden: 559232K(559232K)->0K(559232K) From: 1963K(69888K)->386K(69888K)
[62.178s][info][gc,heap        ] GC(423) Tenured: 85056K(1398144K)->85056K(1398144K)
[62.178s][info][gc,metaspace   ] GC(423) Metaspace: 11776K(12096K)->11776K(12096K) NonClass: 10247K(10432K)->10247K(10432K) Class: 1528K(1664K)->1528K(1664K)
[62.178s][info][gc             ] GC(423) Pause Young (Allocation Failure) 631M->83M(1979M) 0.478ms
[62.178s][info][gc,cpu         ] GC(423) User=0.00s Sys=0.00s Real=0.00s
[62.312s][info][gc,start       ] GC(424) Pause Young (Allocation Failure)
[62.313s][info][gc,heap        ] GC(424) DefNew: 559618K(629120K)->849K(629120K) Eden: 559232K(559232K)->0K(559232K) From: 386K(69888K)->849K(69888K)
[62.313s][info][gc,heap        ] GC(424) Tenured: 85056K(1398144K)->85056K(1398144K)
[62.313s][info][gc,metaspace   ] GC(424) Metaspace: 11776K(12096K)->11776K(12096K) NonClass: 10247K(10432K)->10247K(10432K) Class: 1528K(1664K)->1528K(1664K)
[62.313s][info][gc             ] GC(424) Pause Young (Allocation Failure) 629M->83M(1979M) 0.608ms
[62.313s][info][gc,cpu         ] GC(424) User=0.00s Sys=0.00s Real=0.00s
[62.447s][info][gc,start       ] GC(425) Pause Young (Allocation Failure)
[62.448s][info][gc,heap        ] GC(425) DefNew: 560081K(629120K)->1186K(629120K) Eden: 559232K(559232K)->0K(559232K) From: 849K(69888K)->1186K(69888K)
[62.448s][info][gc,heap        ] GC(425) Tenured: 85056K(1398144K)->85056K(1398144K)
[62.448s][info][gc,metaspace   ] GC(425) Metaspace: 11776K(12096K)->11776K(12096K) NonClass: 10247K(10432K)->10247K(10432K) Class: 1528K(1664K)->1528K(1664K)
[62.448s][info][gc             ] GC(425) Pause Young (Allocation Failure) 630M->84M(1979M) 0.714ms
[62.448s][info][gc,cpu         ] GC(425) User=0.00s Sys=0.00s Real=0.00s
[62.589s][info][gc,start       ] GC(426) Pause Young (Allocation Failure)
[62.590s][info][gc,heap        ] GC(426) DefNew: 560418K(629120K)->1609K(629120K) Eden: 559232K(559232K)->0K(559232K) From: 1186K(69888K)->1609K(69888K)
[62.590s][info][gc,heap        ] GC(426) Tenured: 85056K(1398144K)->85056K(1398144K)
[62.590s][info][gc,metaspace   ] GC(426) Metaspace: 11776K(12096K)->11776K(12096K) NonClass: 10247K(10432K)->10247K(10432K) Class: 1528K(1664K)->1528K(1664K)
[62.590s][info][gc             ] GC(426) Pause Young (Allocation Failure) 630M->84M(1979M) 0.879ms
[62.590s][info][gc,cpu         ] GC(426) User=0.00s Sys=0.00s Real=0.00s
[62.725s][info][gc,start       ] GC(427) Pause Young (Allocation Failure)
[62.726s][info][gc,heap        ] GC(427) DefNew: 560841K(629120K)->2102K(629120K) Eden: 559232K(559232K)->0K(559232K) From: 1609K(69888K)->2102K(69888K)
[62.726s][info][gc,heap        ] GC(427) Tenured: 85056K(1398144K)->85056K(1398144K)
[62.726s][info][gc,metaspace   ] GC(427) Metaspace: 11776K(12096K)->11776K(12096K) NonClass: 10247K(10432K)->10247K(10432K) Class: 1528K(1664K)->1528K(1664K)
[62.726s][info][gc             ] GC(427) Pause Young (Allocation Failure) 630M->85M(1979M) 0.987ms
[62.726s][info][gc,cpu         ] GC(427) User=0.00s Sys=0.00s Real=0.00s
[62.860s][info][gc,start       ] GC(428) Pause Young (Allocation Failure)
[62.862s][info][gc,heap        ] GC(428) DefNew: 561334K(629120K)->2763K(629120K) Eden: 559232K(559232K)->0K(559232K) From: 2102K(69888K)->2763K(69888K)
[62.862s][info][gc,heap        ] GC(428) Tenured: 85056K(1398144K)->85056K(1398144K)
[62.862s][info][gc,metaspace   ] GC(428) Metaspace: 11776K(12096K)->11776K(12096K) NonClass: 10247K(10432K)->10247K(10432K) Class: 1528K(1664K)->1528K(1664K)
[62.862s][info][gc             ] GC(428) Pause Young (Allocation Failure) 631M->85M(1979M) 1.355ms
[62.862s][info][gc,cpu         ] GC(428) User=0.00s Sys=0.00s Real=0.00s
[63.000s][info][gc,start       ] GC(429) Pause Young (Allocation Failure)
[63.001s][info][gc,heap        ] GC(429) DefNew: 561995K(629120K)->41K(629120K) Eden: 559232K(559232K)->0K(559232K) From: 2763K(69888K)->41K(69888K)
[63.001s][info][gc,heap        ] GC(429) Tenured: 85056K(1398144K)->85056K(1398144K)
[63.001s][info][gc,metaspace   ] GC(429) Metaspace: 11776K(12096K)->11776K(12096K) NonClass: 10247K(10432K)->10247K(10432K) Class: 1528K(1664K)->1528K(1664K)
[63.001s][info][gc             ] GC(429) Pause Young (Allocation Failure) 631M->83M(1979M) 0.362ms
[63.001s][info][gc,cpu         ] GC(429) User=0.00s Sys=0.00s Real=0.00s
[63.135s][info][gc,start       ] GC(430) Pause Young (Allocation Failure)
[63.135s][info][gc,heap        ] GC(430) DefNew: 559273K(629120K)->460K(629120K) Eden: 559232K(559232K)->0K(559232K) From: 41K(69888K)->460K(69888K)
[63.135s][info][gc,heap        ] GC(430) Tenured: 85056K(1398144K)->85056K(1398144K)
[63.135s][info][gc,metaspace   ] GC(430) Metaspace: 11776K(12096K)->11776K(12096K) NonClass: 10247K(10432K)->10247K(10432K) Class: 1528K(1664K)->1528K(1664K)
[63.135s][info][gc             ] GC(430) Pause Young (Allocation Failure) 629M->83M(1979M) 0.499ms
[63.135s][info][gc,cpu         ] GC(430) User=0.00s Sys=0.00s Real=0.00s
[63.270s][info][gc,start       ] GC(431) Pause Young (Allocation Failure)
[63.271s][info][gc,heap        ] GC(431) DefNew: 559692K(629120K)->842K(629120K) Eden: 559232K(559232K)->0K(559232K) From: 460K(69888K)->842K(69888K)
[63.271s][info][gc,heap        ] GC(431) Tenured: 85056K(1398144K)->85057K(1398144K)
[63.271s][info][gc,metaspace   ] GC(431) Metaspace: 11776K(12096K)->11776K(12096K) NonClass: 10247K(10432K)->10247K(10432K) Class: 1528K(1664K)->1528K(1664K)
[63.271s][info][gc             ] GC(431) Pause Young (Allocation Failure) 629M->83M(1979M) 0.603ms
[63.271s][info][gc,cpu         ] GC(431) User=0.00s Sys=0.00s Real=0.00s
[63.405s][info][gc,start       ] GC(432) Pause Young (Allocation Failure)
[63.405s][info][gc,heap        ] GC(432) DefNew: 560074K(629120K)->1258K(629120K) Eden: 559232K(559232K)->0K(559232K) From: 842K(69888K)->1258K(69888K)
[63.405s][info][gc,heap        ] GC(432) Tenured: 85057K(1398144K)->85057K(1398144K)
[63.406s][info][gc,metaspace   ] GC(432) Metaspace: 11776K(12096K)->11776K(12096K) NonClass: 10247K(10432K)->10247K(10432K) Class: 1528K(1664K)->1528K(1664K)
[63.406s][info][gc             ] GC(432) Pause Young (Allocation Failure) 630M->84M(1979M) 0.730ms
[63.406s][info][gc,cpu         ] GC(432) User=0.00s Sys=0.00s Real=0.00s
[63.541s][info][gc,start       ] GC(433) Pause Full (System.gc())
[63.541s][info][gc,phases,start] GC(433) Phase 1: Mark live objects
[63.593s][info][gc,phases      ] GC(433) Phase 1: Mark live objects 52.276ms
[63.593s][info][gc,phases,start] GC(433) Phase 2: Compute new object addresses
[63.647s][info][gc,phases      ] GC(433) Phase 2: Compute new object addresses 53.672ms
[63.647s][info][gc,phases,start] GC(433) Phase 3: Adjust pointers
[63.668s][info][gc,phases      ] GC(433) Phase 3: Adjust pointers 21.036ms
[63.668s][info][gc,phases,start] GC(433) Phase 4: Move objects
[63.668s][info][gc,phases      ] GC(433) Phase 4: Move objects 0.010ms
[63.668s][info][gc,heap        ] GC(433) DefNew: 535492K(629120K)->0K(629120K) Eden: 534234K(559232K)->0K(559232K) From: 1258K(69888K)->0K(69888K)
[63.668s][info][gc,heap        ] GC(433) Tenured: 85057K(1398144K)->85057K(1398144K)
[63.668s][info][gc,metaspace   ] GC(433) Metaspace: 11776K(12096K)->11776K(12096K) NonClass: 10247K(10432K)->10247K(10432K) Class: 1528K(1664K)->1528K(1664K)
[63.668s][info][gc             ] GC(433) Pause Full (System.gc()) 606M->83M(1979M) 127.291ms
[63.668s][info][gc,cpu         ] GC(433) User=0.11s Sys=0.00s Real=0.12s
[63.812s][info][gc,start       ] GC(434) Pause Young (Allocation Failure)
[63.813s][info][gc,heap        ] GC(434) DefNew: 559232K(629120K)->458K(629120K) Eden: 559232K(559232K)->0K(559232K) From: 0K(69888K)->458K(69888K)
[63.813s][info][gc,heap        ] GC(434) Tenured: 85057K(1398144K)->85057K(1398144K)
[63.813s][info][gc,metaspace   ] GC(434) Metaspace: 11776K(12096K)->11776K(12096K) NonClass: 10247K(10432K)->10247K(10432K) Class: 1528K(1664K)->1528K(1664K)
[63.813s][info][gc             ] GC(434) Pause Young (Allocation Failure) 629M->83M(1979M) 0.508ms
[63.813s][info][gc,cpu         ] GC(434) User=0.00s Sys=0.00s Real=0.00s
[63.947s][info][gc,start       ] GC(435) Pause Young (Allocation Failure)
[63.948s][info][gc,heap        ] GC(435) DefNew: 559690K(629120K)->856K(629120K) Eden: 559232K(559232K)->0K(559232K) From: 458K(69888K)->856K(69888K)
[63.948s][info][gc,heap        ] GC(435) Tenured: 85057K(1398144K)->85057K(1398144K)
[63.948s][info][gc,metaspace   ] GC(435) Metaspace: 11776K(12096K)->11776K(12096K) NonClass: 10247K(10432K)->10247K(10432K) Class: 1528K(1664K)->1528K(1664K)
[63.948s][info][gc             ] GC(435) Pause Young (Allocation Failure) 629M->83M(1979M) 0.628ms
[63.948s][info][gc,cpu         ] GC(435) User=0.00s Sys=0.00s Real=0.00s
[64.082s][info][gc,start       ] GC(436) Pause Young (Allocation Failure)
[64.082s][info][gc,heap        ] GC(436) DefNew: 560088K(629120K)->1209K(629120K) Eden: 559232K(559232K)->0K(559232K) From: 856K(69888K)->1209K(69888K)
[64.082s][info][gc,heap        ] GC(436) Tenured: 85057K(1398144K)->85057K(1398144K)
[64.082s][info][gc,metaspace   ] GC(436) Metaspace: 11776K(12096K)->11776K(12096K) NonClass: 10247K(10432K)->10247K(10432K) Class: 1528K(1664K)->1528K(1664K)
[64.082s][info][gc             ] GC(436) Pause Young (Allocation Failure) 630M->84M(1979M) 0.701ms
[64.082s][info][gc,cpu         ] GC(436) User=0.00s Sys=0.00s Real=0.00s
[64.216s][info][gc,start       ] GC(437) Pause Young (Allocation Failure)
[64.217s][info][gc,heap        ] GC(437) DefNew: 560441K(629120K)->1499K(629120K) Eden: 559232K(559232K)->0K(559232K) From: 1209K(69888K)->1499K(69888K)
[64.217s][info][gc,heap        ] GC(437) Tenured: 85057K(1398144K)->85057K(1398144K)
[64.217s][info][gc,metaspace   ] GC(437) Metaspace: 11776K(12096K)->11776K(12096K) NonClass: 10247K(10432K)->10247K(10432K) Class: 1528K(1664K)->1528K(1664K)
[64.217s][info][gc             ] GC(437) Pause Young (Allocation Failure) 630M->84M(1979M) 0.815ms
[64.217s][info][gc,cpu         ] GC(437) User=0.00s Sys=0.00s Real=0.00s
[64.352s][info][gc,start       ] GC(438) Pause Young (Allocation Failure)
[64.353s][info][gc,heap        ] GC(438) DefNew: 560731K(629120K)->1709K(629120K) Eden: 559232K(559232K)->0K(559232K) From: 1499K(69888K)->1709K(69888K)
[64.353s][info][gc,heap        ] GC(438) Tenured: 85057K(1398144K)->85057K(1398144K)
[64.353s][info][gc,metaspace   ] GC(438) Metaspace: 11776K(12096K)->11776K(12096K) NonClass: 10247K(10432K)->10247K(10432K) Class: 1528K(1664K)->1528K(1664K)
[64.353s][info][gc             ] GC(438) Pause Young (Allocation Failure) 630M->84M(1979M) 0.898ms
[64.353s][info][gc,cpu         ] GC(438) User=0.00s Sys=0.00s Real=0.00s
[64.492s][info][gc,start       ] GC(439) Pause Young (Allocation Failure)
[64.493s][info][gc,heap        ] GC(439) DefNew: 560941K(629120K)->2196K(629120K) Eden: 559232K(559232K)->0K(559232K) From: 1709K(69888K)->2196K(69888K)
[64.493s][info][gc,heap        ] GC(439) Tenured: 85057K(1398144K)->85057K(1398144K)
[64.493s][info][gc,metaspace   ] GC(439) Metaspace: 11776K(12096K)->11776K(12096K) NonClass: 10247K(10432K)->10247K(10432K) Class: 1528K(1664K)->1528K(1664K)
[64.493s][info][gc             ] GC(439) Pause Young (Allocation Failure) 630M->85M(1979M) 1.052ms
[64.493s][info][gc,cpu         ] GC(439) User=0.00s Sys=0.00s Real=0.00s
[64.628s][info][gc,start       ] GC(440) Pause Young (Allocation Failure)
[64.629s][info][gc,heap        ] GC(440) DefNew: 561288K(629120K)->2640K(629120K) Eden: 559091K(559232K)->0K(559232K) From: 2196K(69888K)->2640K(69888K)
[64.629s][info][gc,heap        ] GC(440) Tenured: 85057K(1398144K)->85057K(1398144K)
[64.629s][info][gc,metaspace   ] GC(440) Metaspace: 11776K(12096K)->11776K(12096K) NonClass: 10247K(10432K)->10247K(10432K) Class: 1528K(1664K)->1528K(1664K)
[64.629s][info][gc             ] GC(440) Pause Young (Allocation Failure) 631M->85M(1979M) 1.252ms
[64.629s][info][gc,cpu         ] GC(440) User=0.00s Sys=0.00s Real=0.00s
[64.766s][info][gc,start       ] GC(441) Pause Young (Allocation Failure)
[64.766s][info][gc,heap        ] GC(441) DefNew: 561872K(629120K)->1959K(629120K) Eden: 559232K(559232K)->0K(559232K) From: 2640K(69888K)->1959K(69888K)
[64.766s][info][gc,heap        ] GC(441) Tenured: 85057K(1398144K)->85057K(1398144K)
[64.766s][info][gc,metaspace   ] GC(441) Metaspace: 11776K(12096K)->11776K(12096K) NonClass: 10247K(10432K)->10247K(10432K) Class: 1528K(1664K)->1528K(1664K)
[64.766s][info][gc             ] GC(441) Pause Young (Allocation Failure) 631M->84M(1979M) 0.923ms
[64.766s][info][gc,cpu         ] GC(441) User=0.00s Sys=0.00s Real=0.00s
[64.903s][info][gc,start       ] GC(442) Pause Young (Allocation Failure)
[64.904s][info][gc,heap        ] GC(442) DefNew: 561191K(629120K)->499K(629120K) Eden: 559232K(559232K)->0K(559232K) From: 1959K(69888K)->499K(69888K)
[64.904s][info][gc,heap        ] GC(442) Tenured: 85057K(1398144K)->85057K(1398144K)
[64.904s][info][gc,metaspace   ] GC(442) Metaspace: 11776K(12096K)->11776K(12096K) NonClass: 10247K(10432K)->10247K(10432K) Class: 1528K(1664K)->1528K(1664K)
[64.904s][info][gc             ] GC(442) Pause Young (Allocation Failure) 631M->83M(1979M) 0.520ms
[64.904s][info][gc,cpu         ] GC(442) User=0.00s Sys=0.00s Real=0.00s
[65.039s][info][gc,start       ] GC(443) Pause Young (Allocation Failure)
[65.039s][info][gc,heap        ] GC(443) DefNew: 559719K(629120K)->838K(629120K) Eden: 559220K(559232K)->0K(559232K) From: 499K(69888K)->838K(69888K)
[65.039s][info][gc,heap        ] GC(443) Tenured: 85057K(1398144K)->85057K(1398144K)
[65.039s][info][gc,metaspace   ] GC(443) Metaspace: 11776K(12096K)->11776K(12096K) NonClass: 10247K(10432K)->10247K(10432K) Class: 1528K(1664K)->1528K(1664K)
[65.039s][info][gc             ] GC(443) Pause Young (Allocation Failure) 629M->83M(1979M) 0.608ms
[65.039s][info][gc,cpu         ] GC(443) User=0.00s Sys=0.00s Real=0.00s
[65.173s][info][gc,start       ] GC(444) Pause Young (Allocation Failure)
[65.174s][info][gc,heap        ] GC(444) DefNew: 560070K(629120K)->1282K(629120K) Eden: 559232K(559232K)->0K(559232K) From: 838K(69888K)->1282K(69888K)
[65.174s][info][gc,heap        ] GC(444) Tenured: 85057K(1398144K)->85057K(1398144K)
[65.174s][info][gc,metaspace   ] GC(444) Metaspace: 11776K(12096K)->11776K(12096K) NonClass: 10247K(10432K)->10247K(10432K) Class: 1528K(1664K)->1528K(1664K)
[65.174s][info][gc             ] GC(444) Pause Young (Allocation Failure) 630M->84M(1979M) 0.778ms
[65.174s][info][gc,cpu         ] GC(444) User=0.00s Sys=0.00s Real=0.00s
[65.309s][info][gc,start       ] GC(445) Pause Young (Allocation Failure)
[65.310s][info][gc,heap        ] GC(445) DefNew: 560514K(629120K)->1600K(629120K) Eden: 559232K(559232K)->0K(559232K) From: 1282K(69888K)->1600K(69888K)
[65.310s][info][gc,heap        ] GC(445) Tenured: 85057K(1398144K)->85057K(1398144K)
[65.310s][info][gc,metaspace   ] GC(445) Metaspace: 11776K(12096K)->11776K(12096K) NonClass: 10247K(10432K)->10247K(10432K) Class: 1528K(1664K)->1528K(1664K)
[65.310s][info][gc             ] GC(445) Pause Young (Allocation Failure) 630M->84M(1979M) 0.883ms
[65.310s][info][gc,cpu         ] GC(445) User=0.00s Sys=0.00s Real=0.00s
[65.444s][info][gc,start       ] GC(446) Pause Young (Allocation Failure)
[65.445s][info][gc,heap        ] GC(446) DefNew: 560832K(629120K)->1746K(629120K) Eden: 559232K(559232K)->0K(559232K) From: 1600K(69888K)->1746K(69888K)
[65.445s][info][gc,heap        ] GC(446) Tenured: 85057K(1398144K)->85057K(1398144K)
[65.445s][info][gc,metaspace   ] GC(446) Metaspace: 11776K(12096K)->11776K(12096K) NonClass: 10247K(10432K)->10247K(10432K) Class: 1528K(1664K)->1528K(1664K)
[65.445s][info][gc             ] GC(446) Pause Young (Allocation Failure) 630M->84M(1979M) 0.929ms
[65.445s][info][gc,cpu         ] GC(446) User=0.00s Sys=0.00s Real=0.00s
[65.585s][info][gc,start       ] GC(447) Pause Young (Allocation Failure)
[65.586s][info][gc,heap        ] GC(447) DefNew: 560961K(629120K)->2528K(629120K) Eden: 559214K(559232K)->0K(559232K) From: 1746K(69888K)->2528K(69888K)
[65.586s][info][gc,heap        ] GC(447) Tenured: 85057K(1398144K)->85057K(1398144K)
[65.586s][info][gc,metaspace   ] GC(447) Metaspace: 11776K(12096K)->11776K(12096K) NonClass: 10247K(10432K)->10247K(10432K) Class: 1528K(1664K)->1528K(1664K)
[65.586s][info][gc             ] GC(447) Pause Young (Allocation Failure) 630M->85M(1979M) 1.183ms
[65.586s][info][gc,cpu         ] GC(447) User=0.00s Sys=0.00s Real=0.00s
[65.721s][info][gc,start       ] GC(448) Pause Young (Allocation Failure)
[65.723s][info][gc,heap        ] GC(448) DefNew: 561461K(629120K)->3323K(629120K) Eden: 558932K(559232K)->0K(559232K) From: 2528K(69888K)->3323K(69888K)
[65.723s][info][gc,heap        ] GC(448) Tenured: 85057K(1398144K)->85057K(1398144K)
[65.723s][info][gc,metaspace   ] GC(448) Metaspace: 11776K(12096K)->11776K(12096K) NonClass: 10247K(10432K)->10247K(10432K) Class: 1528K(1664K)->1528K(1664K)
[65.723s][info][gc             ] GC(448) Pause Young (Allocation Failure) 631M->86M(1979M) 1.531ms
[65.723s][info][gc,cpu         ] GC(448) User=0.00s Sys=0.00s Real=0.02s
[65.861s][info][gc,start       ] GC(449) Pause Young (Allocation Failure)
[65.862s][info][gc,heap        ] GC(449) DefNew: 562555K(629120K)->609K(629120K) Eden: 559232K(559232K)->0K(559232K) From: 3323K(69888K)->609K(69888K)
[65.862s][info][gc,heap        ] GC(449) Tenured: 85057K(1398144K)->85057K(1398144K)
[65.862s][info][gc,metaspace   ] GC(449) Metaspace: 11776K(12096K)->11776K(12096K) NonClass: 10247K(10432K)->10247K(10432K) Class: 1528K(1664K)->1528K(1664K)
[65.862s][info][gc             ] GC(449) Pause Young (Allocation Failure) 632M->83M(1979M) 0.550ms
[65.862s][info][gc,cpu         ] GC(449) User=0.00s Sys=0.00s Real=0.00s
[65.997s][info][gc,start       ] GC(450) Pause Young (Allocation Failure)
[65.997s][info][gc,heap        ] GC(450) DefNew: 559841K(629120K)->1144K(629120K) Eden: 559232K(559232K)->0K(559232K) From: 609K(69888K)->1144K(69888K)
[65.997s][info][gc,heap        ] GC(450) Tenured: 85057K(1398144K)->85057K(1398144K)
[65.997s][info][gc,metaspace   ] GC(450) Metaspace: 11776K(12096K)->11776K(12096K) NonClass: 10247K(10432K)->10247K(10432K) Class: 1528K(1664K)->1528K(1664K)
[65.997s][info][gc             ] GC(450) Pause Young (Allocation Failure) 629M->84M(1979M) 0.719ms
[65.997s][info][gc,cpu         ] GC(450) User=0.00s Sys=0.00s Real=0.00s
[66.128s][info][gc,start       ] GC(451) Pause Full (System.gc())
[66.128s][info][gc,phases,start] GC(451) Phase 1: Mark live objects
[66.179s][info][gc,phases      ] GC(451) Phase 1: Mark live objects 50.965ms
[66.179s][info][gc,phases,start] GC(451) Phase 2: Compute new object addresses
[66.233s][info][gc,phases      ] GC(451) Phase 2: Compute new object addresses 53.413ms
[66.233s][info][gc,phases,start] GC(451) Phase 3: Adjust pointers
[66.254s][info][gc,phases      ] GC(451) Phase 3: Adjust pointers 21.318ms
[66.254s][info][gc,phases,start] GC(451) Phase 4: Move objects
[66.254s][info][gc,phases      ] GC(451) Phase 4: Move objects 0.009ms
[66.254s][info][gc,heap        ] GC(451) DefNew: 536776K(629120K)->0K(629120K) Eden: 535631K(559232K)->0K(559232K) From: 1144K(69888K)->0K(69888K)
[66.254s][info][gc,heap        ] GC(451) Tenured: 85057K(1398144K)->85057K(1398144K)
[66.254s][info][gc,metaspace   ] GC(451) Metaspace: 11776K(12096K)->11776K(12096K) NonClass: 10247K(10432K)->10247K(10432K) Class: 1528K(1664K)->1528K(1664K)
[66.254s][info][gc             ] GC(451) Pause Full (System.gc()) 607M->83M(1979M) 125.995ms
[66.254s][info][gc,cpu         ] GC(451) User=0.12s Sys=0.00s Real=0.12s
[66.397s][info][gc,start       ] GC(452) Pause Young (Allocation Failure)
[66.398s][info][gc,heap        ] GC(452) DefNew: 559232K(629120K)->458K(629120K) Eden: 559232K(559232K)->0K(559232K) From: 0K(69888K)->458K(69888K)
[66.398s][info][gc,heap        ] GC(452) Tenured: 85057K(1398144K)->85057K(1398144K)
[66.398s][info][gc,metaspace   ] GC(452) Metaspace: 11778K(12096K)->11778K(12096K) NonClass: 10249K(10432K)->10249K(10432K) Class: 1528K(1664K)->1528K(1664K)
[66.398s][info][gc             ] GC(452) Pause Young (Allocation Failure) 629M->83M(1979M) 0.538ms
[66.398s][info][gc,cpu         ] GC(452) User=0.00s Sys=0.00s Real=0.00s
[66.538s][info][gc,start       ] GC(453) Pause Young (Allocation Failure)
[66.539s][info][gc,heap        ] GC(453) DefNew: 559690K(629120K)->1003K(629120K) Eden: 559232K(559232K)->0K(559232K) From: 458K(69888K)->1003K(69888K)
[66.539s][info][gc,heap        ] GC(453) Tenured: 85057K(1398144K)->85057K(1398144K)
[66.539s][info][gc,metaspace   ] GC(453) Metaspace: 11778K(12096K)->11778K(12096K) NonClass: 10249K(10432K)->10249K(10432K) Class: 1528K(1664K)->1528K(1664K)
[66.539s][info][gc             ] GC(453) Pause Young (Allocation Failure) 629M->84M(1979M) 0.668ms
[66.539s][info][gc,cpu         ] GC(453) User=0.00s Sys=0.00s Real=0.00s
[66.673s][info][gc,start       ] GC(454) Pause Young (Allocation Failure)
[66.674s][info][gc,heap        ] GC(454) DefNew: 560235K(629120K)->1349K(629120K) Eden: 559232K(559232K)->0K(559232K) From: 1003K(69888K)->1349K(69888K)
[66.674s][info][gc,heap        ] GC(454) Tenured: 85057K(1398144K)->85057K(1398144K)
[66.674s][info][gc,metaspace   ] GC(454) Metaspace: 11778K(12096K)->11778K(12096K) NonClass: 10249K(10432K)->10249K(10432K) Class: 1528K(1664K)->1528K(1664K)
[66.674s][info][gc             ] GC(454) Pause Young (Allocation Failure) 630M->84M(1979M) 0.772ms
[66.674s][info][gc,cpu         ] GC(454) User=0.00s Sys=0.00s Real=0.00s
[66.809s][info][gc,start       ] GC(455) Pause Young (Allocation Failure)
[66.810s][info][gc,heap        ] GC(455) DefNew: 560581K(629120K)->1682K(629120K) Eden: 559232K(559232K)->0K(559232K) From: 1349K(69888K)->1682K(69888K)
[66.810s][info][gc,heap        ] GC(455) Tenured: 85057K(1398144K)->85057K(1398144K)
[66.810s][info][gc,metaspace   ] GC(455) Metaspace: 11778K(12096K)->11778K(12096K) NonClass: 10249K(10432K)->10249K(10432K) Class: 1528K(1664K)->1528K(1664K)
[66.810s][info][gc             ] GC(455) Pause Young (Allocation Failure) 630M->84M(1979M) 0.895ms
[66.810s][info][gc,cpu         ] GC(455) User=0.00s Sys=0.00s Real=0.00s
[66.948s][info][gc,start       ] GC(456) Pause Young (Allocation Failure)
[66.949s][info][gc,heap        ] GC(456) DefNew: 560914K(629120K)->2034K(629120K) Eden: 559232K(559232K)->0K(559232K) From: 1682K(69888K)->2034K(69888K)
[66.949s][info][gc,heap        ] GC(456) Tenured: 85057K(1398144K)->85057K(1398144K)
[66.949s][info][gc,metaspace   ] GC(456) Metaspace: 11778K(12096K)->11778K(12096K) NonClass: 10249K(10432K)->10249K(10432K) Class: 1528K(1664K)->1528K(1664K)
[66.949s][info][gc             ] GC(456) Pause Young (Allocation Failure) 630M->85M(1979M) 1.027ms
[66.949s][info][gc,cpu         ] GC(456) User=0.00s Sys=0.00s Real=0.00s
[67.082s][info][gc,start       ] GC(457) Pause Young (Allocation Failure)
[67.083s][info][gc,heap        ] GC(457) DefNew: 561266K(629120K)->2665K(629120K) Eden: 559232K(559232K)->0K(559232K) From: 2034K(69888K)->2665K(69888K)
[67.083s][info][gc,heap        ] GC(457) Tenured: 85057K(1398144K)->85057K(1398144K)
[67.083s][info][gc,metaspace   ] GC(457) Metaspace: 11778K(12096K)->11778K(12096K) NonClass: 10249K(10432K)->10249K(10432K) Class: 1528K(1664K)->1528K(1664K)
[67.083s][info][gc             ] GC(457) Pause Young (Allocation Failure) 631M->85M(1979M) 1.179ms
[67.083s][info][gc,cpu         ] GC(457) User=0.00s Sys=0.00s Real=0.00s
[67.217s][info][gc,start       ] GC(458) Pause Young (Allocation Failure)
[67.218s][info][gc,heap        ] GC(458) DefNew: 561897K(629120K)->3029K(629120K) Eden: 559232K(559232K)->0K(559232K) From: 2665K(69888K)->3029K(69888K)
[67.218s][info][gc,heap        ] GC(458) Tenured: 85057K(1398144K)->85057K(1398144K)
[67.218s][info][gc,metaspace   ] GC(458) Metaspace: 11778K(12096K)->11778K(12096K) NonClass: 10249K(10432K)->10249K(10432K) Class: 1528K(1664K)->1528K(1664K)
[67.218s][info][gc             ] GC(458) Pause Young (Allocation Failure) 631M->86M(1979M) 1.535ms
[67.219s][info][gc,cpu         ] GC(458) User=0.00s Sys=0.00s Real=0.00s
[67.358s][info][gc,start       ] GC(459) Pause Young (Allocation Failure)
[67.359s][info][gc,heap        ] GC(459) DefNew: 562261K(629120K)->307K(629120K) Eden: 559232K(559232K)->0K(559232K) From: 3029K(69888K)->307K(69888K)
[67.359s][info][gc,heap        ] GC(459) Tenured: 85057K(1398144K)->85057K(1398144K)
[67.359s][info][gc,metaspace   ] GC(459) Metaspace: 11778K(12096K)->11778K(12096K) NonClass: 10249K(10432K)->10249K(10432K) Class: 1528K(1664K)->1528K(1664K)
[67.359s][info][gc             ] GC(459) Pause Young (Allocation Failure) 632M->83M(1979M) 0.460ms
[67.359s][info][gc,cpu         ] GC(459) User=0.00s Sys=0.00s Real=0.00s
[67.498s][info][gc,start       ] GC(460) Pause Young (Allocation Failure)
[67.499s][info][gc,heap        ] GC(460) DefNew: 559539K(629120K)->854K(629120K) Eden: 559232K(559232K)->0K(559232K) From: 307K(69888K)->854K(69888K)
[67.499s][info][gc,heap        ] GC(460) Tenured: 85057K(1398144K)->85057K(1398144K)
[67.499s][info][gc,metaspace   ] GC(460) Metaspace: 11778K(12096K)->11778K(12096K) NonClass: 10249K(10432K)->10249K(10432K) Class: 1528K(1664K)->1528K(1664K)
[67.499s][info][gc             ] GC(460) Pause Young (Allocation Failure) 629M->83M(1979M) 0.586ms
[67.499s][info][gc,cpu         ] GC(460) User=0.00s Sys=0.00s Real=0.00s
[67.634s][info][gc,start       ] GC(461) Pause Young (Allocation Failure)
[67.635s][info][gc,heap        ] GC(461) DefNew: 560086K(629120K)->1281K(629120K) Eden: 559232K(559232K)->0K(559232K) From: 854K(69888K)->1281K(69888K)
[67.635s][info][gc,heap        ] GC(461) Tenured: 85057K(1398144K)->85057K(1398144K)
[67.635s][info][gc,metaspace   ] GC(461) Metaspace: 11778K(12096K)->11778K(12096K) NonClass: 10249K(10432K)->10249K(10432K) Class: 1528K(1664K)->1528K(1664K)
[67.635s][info][gc             ] GC(461) Pause Young (Allocation Failure) 630M->84M(1979M) 0.773ms
[67.635s][info][gc,cpu         ] GC(461) User=0.00s Sys=0.00s Real=0.00s
[67.771s][info][gc,start       ] GC(462) Pause Young (Allocation Failure)
[67.771s][info][gc,heap        ] GC(462) DefNew: 560513K(629120K)->1560K(629120K) Eden: 559232K(559232K)->0K(559232K) From: 1281K(69888K)->1560K(69888K)
[67.771s][info][gc,heap        ] GC(462) Tenured: 85057K(1398144K)->85057K(1398144K)
[67.771s][info][gc,metaspace   ] GC(462) Metaspace: 11778K(12096K)->11778K(12096K) NonClass: 10250K(10432K)->10250K(10432K) Class: 1528K(1664K)->1528K(1664K)
[67.771s][info][gc             ] GC(462) Pause Young (Allocation Failure) 630M->84M(1979M) 0.846ms
[67.771s][info][gc,cpu         ] GC(462) User=0.00s Sys=0.00s Real=0.00s
[67.906s][info][gc,start       ] GC(463) Pause Young (Allocation Failure)
[67.906s][info][gc,heap        ] GC(463) DefNew: 560792K(629120K)->1693K(629120K) Eden: 559232K(559232K)->0K(559232K) From: 1560K(69888K)->1693K(69888K)
[67.906s][info][gc,heap        ] GC(463) Tenured: 85057K(1398144K)->85057K(1398144K)
[67.906s][info][gc,metaspace   ] GC(463) Metaspace: 11778K(12096K)->11778K(12096K) NonClass: 10250K(10432K)->10250K(10432K) Class: 1528K(1664K)->1528K(1664K)
[67.906s][info][gc             ] GC(463) Pause Young (Allocation Failure) 630M->84M(1979M) 0.891ms
[67.906s][info][gc,cpu         ] GC(463) User=0.00s Sys=0.00s Real=0.00s
[68.041s][info][gc,start       ] GC(464) Pause Young (Allocation Failure)
[68.042s][info][gc,heap        ] GC(464) DefNew: 560925K(629120K)->2423K(629120K) Eden: 559232K(559232K)->0K(559232K) From: 1693K(69888K)->2423K(69888K)
[68.042s][info][gc,heap        ] GC(464) Tenured: 85057K(1398144K)->85057K(1398144K)
[68.042s][info][gc,metaspace   ] GC(464) Metaspace: 11778K(12096K)->11778K(12096K) NonClass: 10250K(10432K)->10250K(10432K) Class: 1528K(1664K)->1528K(1664K)
[68.042s][info][gc             ] GC(464) Pause Young (Allocation Failure) 630M->85M(1979M) 1.097ms
[68.042s][info][gc,cpu         ] GC(464) User=0.00s Sys=0.00s Real=0.00s
[68.176s][info][gc,start       ] GC(465) Pause Young (Allocation Failure)
[68.177s][info][gc,heap        ] GC(465) DefNew: 561515K(629120K)->2350K(629120K) Eden: 559091K(559232K)->0K(559232K) From: 2423K(69888K)->2350K(69888K)
[68.177s][info][gc,heap        ] GC(465) Tenured: 85057K(1398144K)->85057K(1398144K)
[68.177s][info][gc,metaspace   ] GC(465) Metaspace: 11778K(12096K)->11778K(12096K) NonClass: 10250K(10432K)->10250K(10432K) Class: 1528K(1664K)->1528K(1664K)
[68.177s][info][gc             ] GC(465) Pause Young (Allocation Failure) 631M->85M(1979M) 1.228ms
[68.177s][info][gc,cpu         ] GC(465) User=0.00s Sys=0.00s Real=0.00s
[68.317s][info][gc,start       ] GC(466) Pause Young (Allocation Failure)
[68.317s][info][gc,heap        ] GC(466) DefNew: 561582K(629120K)->426K(629120K) Eden: 559232K(559232K)->0K(559232K) From: 2350K(69888K)->426K(69888K)
[68.317s][info][gc,heap        ] GC(466) Tenured: 85057K(1398144K)->85057K(1398144K)
[68.317s][info][gc,metaspace   ] GC(466) Metaspace: 11778K(12096K)->11778K(12096K) NonClass: 10250K(10432K)->10250K(10432K) Class: 1528K(1664K)->1528K(1664K)
[68.317s][info][gc             ] GC(466) Pause Young (Allocation Failure) 631M->83M(1979M) 0.498ms
[68.317s][info][gc,cpu         ] GC(466) User=0.00s Sys=0.00s Real=0.00s
[68.453s][info][gc,start       ] GC(467) Pause Young (Allocation Failure)
[68.453s][info][gc,heap        ] GC(467) DefNew: 559658K(629120K)->890K(629120K) Eden: 559232K(559232K)->0K(559232K) From: 426K(69888K)->890K(69888K)
[68.453s][info][gc,heap        ] GC(467) Tenured: 85057K(1398144K)->85057K(1398144K)
[68.453s][info][gc,metaspace   ] GC(467) Metaspace: 11778K(12096K)->11778K(12096K) NonClass: 10250K(10432K)->10250K(10432K) Class: 1528K(1664K)->1528K(1664K)
[68.453s][info][gc             ] GC(467) Pause Young (Allocation Failure) 629M->83M(1979M) 0.725ms
[68.453s][info][gc,cpu         ] GC(467) User=0.00s Sys=0.00s Real=0.02s
[68.594s][info][gc,start       ] GC(468) Pause Young (Allocation Failure)
[68.594s][info][gc,heap        ] GC(468) DefNew: 560122K(629120K)->1279K(629120K) Eden: 559232K(559232K)->0K(559232K) From: 890K(69888K)->1279K(69888K)
[68.595s][info][gc,heap        ] GC(468) Tenured: 85057K(1398144K)->85057K(1398144K)
[68.595s][info][gc,metaspace   ] GC(468) Metaspace: 11778K(12096K)->11778K(12096K) NonClass: 10250K(10432K)->10250K(10432K) Class: 1528K(1664K)->1528K(1664K)
[68.595s][info][gc             ] GC(468) Pause Young (Allocation Failure) 630M->84M(1979M) 0.804ms
[68.595s][info][gc,cpu         ] GC(468) User=0.00s Sys=0.00s Real=0.02s
[68.726s][info][gc,start       ] GC(469) Pause Full (System.gc())
[68.726s][info][gc,phases,start] GC(469) Phase 1: Mark live objects
[68.779s][info][gc,phases      ] GC(469) Phase 1: Mark live objects 52.596ms
[68.779s][info][gc,phases,start] GC(469) Phase 2: Compute new object addresses
[68.832s][info][gc,phases      ] GC(469) Phase 2: Compute new object addresses 53.516ms
[68.832s][info][gc,phases,start] GC(469) Phase 3: Adjust pointers
[68.853s][info][gc,phases      ] GC(469) Phase 3: Adjust pointers 20.989ms
[68.853s][info][gc,phases,start] GC(469) Phase 4: Move objects
[68.853s][info][gc,phases      ] GC(469) Phase 4: Move objects 0.009ms
[68.853s][info][gc,heap        ] GC(469) DefNew: 534397K(629120K)->0K(629120K) Eden: 533117K(559232K)->0K(559232K) From: 1279K(69888K)->0K(69888K)
[68.853s][info][gc,heap        ] GC(469) Tenured: 85057K(1398144K)->85057K(1398144K)
[68.853s][info][gc,metaspace   ] GC(469) Metaspace: 11778K(12096K)->11778K(12096K) NonClass: 10250K(10432K)->10250K(10432K) Class: 1528K(1664K)->1528K(1664K)
[68.853s][info][gc             ] GC(469) Pause Full (System.gc()) 604M->83M(1979M) 127.406ms
[68.853s][info][gc,cpu         ] GC(469) User=0.11s Sys=0.00s Real=0.13s
[68.996s][info][gc,start       ] GC(470) Pause Young (Allocation Failure)
[68.996s][info][gc,heap        ] GC(470) DefNew: 559232K(629120K)->444K(629120K) Eden: 559232K(559232K)->0K(559232K) From: 0K(69888K)->444K(69888K)
[68.996s][info][gc,heap        ] GC(470) Tenured: 85057K(1398144K)->85057K(1398144K)
[68.996s][info][gc,metaspace   ] GC(470) Metaspace: 11778K(12096K)->11778K(12096K) NonClass: 10250K(10432K)->10250K(10432K) Class: 1528K(1664K)->1528K(1664K)
[68.996s][info][gc             ] GC(470) Pause Young (Allocation Failure) 629M->83M(1979M) 0.498ms
[68.996s][info][gc,cpu         ] GC(470) User=0.00s Sys=0.00s Real=0.00s
[69.130s][info][gc,start       ] GC(471) Pause Young (Allocation Failure)
[69.130s][info][gc,heap        ] GC(471) DefNew: 559676K(629120K)->769K(629120K) Eden: 559232K(559232K)->0K(559232K) From: 444K(69888K)->769K(69888K)
[69.130s][info][gc,heap        ] GC(471) Tenured: 85057K(1398144K)->85057K(1398144K)
[69.130s][info][gc,metaspace   ] GC(471) Metaspace: 11778K(12096K)->11778K(12096K) NonClass: 10250K(10432K)->10250K(10432K) Class: 1528K(1664K)->1528K(1664K)
[69.130s][info][gc             ] GC(471) Pause Young (Allocation Failure) 629M->83M(1979M) 0.572ms
[69.130s][info][gc,cpu         ] GC(471) User=0.00s Sys=0.00s Real=0.00s
[69.264s][info][gc,start       ] GC(472) Pause Young (Allocation Failure)
[69.265s][info][gc,heap        ] GC(472) DefNew: 560001K(629120K)->1143K(629120K) Eden: 559232K(559232K)->0K(559232K) From: 769K(69888K)->1143K(69888K)
[69.265s][info][gc,heap        ] GC(472) Tenured: 85057K(1398144K)->85057K(1398144K)
[69.265s][info][gc,metaspace   ] GC(472) Metaspace: 11778K(12096K)->11778K(12096K) NonClass: 10250K(10432K)->10250K(10432K) Class: 1528K(1664K)->1528K(1664K)
[69.265s][info][gc             ] GC(472) Pause Young (Allocation Failure) 629M->84M(1979M) 0.696ms
[69.265s][info][gc,cpu         ] GC(472) User=0.00s Sys=0.00s Real=0.00s
[69.400s][info][gc,start       ] GC(473) Pause Young (Allocation Failure)
[69.401s][info][gc,heap        ] GC(473) DefNew: 560375K(629120K)->1779K(629120K) Eden: 559232K(559232K)->0K(559232K) From: 1143K(69888K)->1779K(69888K)
[69.401s][info][gc,heap        ] GC(473) Tenured: 85057K(1398144K)->85057K(1398144K)
[69.401s][info][gc,metaspace   ] GC(473) Metaspace: 11778K(12096K)->11778K(12096K) NonClass: 10250K(10432K)->10250K(10432K) Class: 1528K(1664K)->1528K(1664K)
[69.401s][info][gc             ] GC(473) Pause Young (Allocation Failure) 630M->84M(1979M) 0.936ms
[69.401s][info][gc,cpu         ] GC(473) User=0.00s Sys=0.00s Real=0.00s
[69.541s][info][gc,start       ] GC(474) Pause Young (Allocation Failure)
[69.542s][info][gc,heap        ] GC(474) DefNew: 561011K(629120K)->1751K(629120K) Eden: 559232K(559232K)->0K(559232K) From: 1779K(69888K)->1751K(69888K)
[69.542s][info][gc,heap        ] GC(474) Tenured: 85057K(1398144K)->85057K(1398144K)
[69.542s][info][gc,metaspace   ] GC(474) Metaspace: 11778K(12096K)->11778K(12096K) NonClass: 10250K(10432K)->10250K(10432K) Class: 1528K(1664K)->1528K(1664K)
[69.542s][info][gc             ] GC(474) Pause Young (Allocation Failure) 630M->84M(1979M) 0.914ms
[69.542s][info][gc,cpu         ] GC(474) User=0.00s Sys=0.00s Real=0.00s
[69.676s][info][gc,start       ] GC(475) Pause Young (Allocation Failure)
[69.677s][info][gc,heap        ] GC(475) DefNew: 560983K(629120K)->2326K(629120K) Eden: 559232K(559232K)->0K(559232K) From: 1751K(69888K)->2326K(69888K)
[69.677s][info][gc,heap        ] GC(475) Tenured: 85057K(1398144K)->85057K(1398144K)
[69.677s][info][gc,metaspace   ] GC(475) Metaspace: 11778K(12096K)->11778K(12096K) NonClass: 10250K(10432K)->10250K(10432K) Class: 1528K(1664K)->1528K(1664K)
[69.677s][info][gc             ] GC(475) Pause Young (Allocation Failure) 630M->85M(1979M) 1.046ms
[69.677s][info][gc,cpu         ] GC(475) User=0.00s Sys=0.00s Real=0.00s
[69.812s][info][gc,start       ] GC(476) Pause Young (Allocation Failure)
[69.813s][info][gc,heap        ] GC(476) DefNew: 561426K(629120K)->2444K(629120K) Eden: 559100K(559232K)->0K(559232K) From: 2326K(69888K)->2444K(69888K)
[69.813s][info][gc,heap        ] GC(476) Tenured: 85057K(1398144K)->85057K(1398144K)
[69.813s][info][gc,metaspace   ] GC(476) Metaspace: 11778K(12096K)->11778K(12096K) NonClass: 10250K(10432K)->10250K(10432K) Class: 1528K(1664K)->1528K(1664K)
[69.813s][info][gc             ] GC(476) Pause Young (Allocation Failure) 631M->85M(1979M) 1.107ms
[69.813s][info][gc,cpu         ] GC(476) User=0.00s Sys=0.00s Real=0.00s
[69.950s][info][gc,start       ] GC(477) Pause Young (Allocation Failure)
[69.951s][info][gc,heap        ] GC(477) DefNew: 561676K(629120K)->226K(629120K) Eden: 559232K(559232K)->0K(559232K) From: 2444K(69888K)->226K(69888K)
[69.951s][info][gc,heap        ] GC(477) Tenured: 85057K(1398144K)->85057K(1398144K)
[69.951s][info][gc,metaspace   ] GC(477) Metaspace: 11778K(12096K)->11778K(12096K) NonClass: 10250K(10432K)->10250K(10432K) Class: 1528K(1664K)->1528K(1664K)
[69.951s][info][gc             ] GC(477) Pause Young (Allocation Failure) 631M->83M(1979M) 0.427ms
[69.951s][info][gc,cpu         ] GC(477) User=0.00s Sys=0.00s Real=0.00s
[70.086s][info][gc,start       ] GC(478) Pause Young (Allocation Failure)
[70.086s][info][gc,heap        ] GC(478) DefNew: 559458K(629120K)->903K(629120K) Eden: 559232K(559232K)->0K(559232K) From: 226K(69888K)->903K(69888K)
[70.086s][info][gc,heap        ] GC(478) Tenured: 85057K(1398144K)->85057K(1398144K)
[70.086s][info][gc,metaspace   ] GC(478) Metaspace: 11778K(12096K)->11778K(12096K) NonClass: 10250K(10432K)->10250K(10432K) Class: 1528K(1664K)->1528K(1664K)
[70.086s][info][gc             ] GC(478) Pause Young (Allocation Failure) 629M->83M(1979M) 0.679ms
[70.086s][info][gc,cpu         ] GC(478) User=0.00s Sys=0.00s Real=0.02s
[70.221s][info][gc,start       ] GC(479) Pause Young (Allocation Failure)
[70.222s][info][gc,heap        ] GC(479) DefNew: 560135K(629120K)->1214K(629120K) Eden: 559232K(559232K)->0K(559232K) From: 903K(69888K)->1214K(69888K)
[70.222s][info][gc,heap        ] GC(479) Tenured: 85057K(1398144K)->85057K(1398144K)
[70.222s][info][gc,metaspace   ] GC(479) Metaspace: 11778K(12096K)->11778K(12096K) NonClass: 10250K(10432K)->10250K(10432K) Class: 1528K(1664K)->1528K(1664K)
[70.222s][info][gc             ] GC(479) Pause Young (Allocation Failure) 630M->84M(1979M) 0.781ms
[70.222s][info][gc,cpu         ] GC(479) User=0.00s Sys=0.00s Real=0.00s
[70.356s][info][gc,start       ] GC(480) Pause Young (Allocation Failure)
[70.357s][info][gc,heap        ] GC(480) DefNew: 560446K(629120K)->1769K(629120K) Eden: 559232K(559232K)->0K(559232K) From: 1214K(69888K)->1769K(69888K)
[70.357s][info][gc,heap        ] GC(480) Tenured: 85057K(1398144K)->85057K(1398144K)
[70.357s][info][gc,metaspace   ] GC(480) Metaspace: 11778K(12096K)->11778K(12096K) NonClass: 10250K(10432K)->10250K(10432K) Class: 1528K(1664K)->1528K(1664K)
[70.357s][info][gc             ] GC(480) Pause Young (Allocation Failure) 630M->84M(1979M) 0.928ms
[70.357s][info][gc,cpu         ] GC(480) User=0.00s Sys=0.00s Real=0.00s
[70.497s][info][gc,start       ] GC(481) Pause Young (Allocation Failure)
[70.498s][info][gc,heap        ] GC(481) DefNew: 561001K(629120K)->1770K(629120K) Eden: 559232K(559232K)->0K(559232K) From: 1769K(69888K)->1770K(69888K)
[70.498s][info][gc,heap        ] GC(481) Tenured: 85057K(1398144K)->85057K(1398144K)
[70.498s][info][gc,metaspace   ] GC(481) Metaspace: 11778K(12096K)->11778K(12096K) NonClass: 10250K(10432K)->10250K(10432K) Class: 1528K(1664K)->1528K(1664K)
[70.498s][info][gc             ] GC(481) Pause Young (Allocation Failure) 630M->84M(1979M) 0.900ms
[70.498s][info][gc,cpu         ] GC(481) User=0.00s Sys=0.00s Real=0.00s
[70.633s][info][gc,start       ] GC(482) Pause Young (Allocation Failure)
[70.634s][info][gc,heap        ] GC(482) DefNew: 561002K(629120K)->2171K(629120K) Eden: 559232K(559232K)->0K(559232K) From: 1770K(69888K)->2171K(69888K)
[70.634s][info][gc,heap        ] GC(482) Tenured: 85057K(1398144K)->85057K(1398144K)
[70.634s][info][gc,metaspace   ] GC(482) Metaspace: 11778K(12096K)->11778K(12096K) NonClass: 10250K(10432K)->10250K(10432K) Class: 1528K(1664K)->1528K(1664K)
[70.634s][info][gc             ] GC(482) Pause Young (Allocation Failure) 630M->85M(1979M) 1.077ms
[70.634s][info][gc,cpu         ] GC(482) User=0.00s Sys=0.00s Real=0.00s
[70.770s][info][gc,start       ] GC(483) Pause Young (Allocation Failure)
[70.771s][info][gc,heap        ] GC(483) DefNew: 561287K(629120K)->2446K(629120K) Eden: 559115K(559232K)->0K(559232K) From: 2171K(69888K)->2446K(69888K)
[70.771s][info][gc,heap        ] GC(483) Tenured: 85057K(1398144K)->85057K(1398144K)
[70.771s][info][gc,metaspace   ] GC(483) Metaspace: 11778K(12096K)->11778K(12096K) NonClass: 10250K(10432K)->10250K(10432K) Class: 1528K(1664K)->1528K(1664K)
[70.771s][info][gc             ] GC(483) Pause Young (Allocation Failure) 631M->85M(1979M) 1.198ms
[70.771s][info][gc,cpu         ] GC(483) User=0.00s Sys=0.00s Real=0.00s
[70.910s][info][gc,start       ] GC(484) Pause Young (Allocation Failure)
[70.910s][info][gc,heap        ] GC(484) DefNew: 561678K(629120K)->60K(629120K) Eden: 559232K(559232K)->0K(559232K) From: 2446K(69888K)->60K(69888K)
[70.910s][info][gc,heap        ] GC(484) Tenured: 85057K(1398144K)->85057K(1398144K)
[70.910s][info][gc,metaspace   ] GC(484) Metaspace: 11778K(12096K)->11778K(12096K) NonClass: 10250K(10432K)->10250K(10432K) Class: 1528K(1664K)->1528K(1664K)
[70.910s][info][gc             ] GC(484) Pause Young (Allocation Failure) 631M->83M(1979M) 0.369ms
[70.910s][info][gc,cpu         ] GC(484) User=0.00s Sys=0.00s Real=0.00s
[71.046s][info][gc,start       ] GC(485) Pause Young (Allocation Failure)
[71.047s][info][gc,heap        ] GC(485) DefNew: 559292K(629120K)->464K(629120K) Eden: 559232K(559232K)->0K(559232K) From: 60K(69888K)->464K(69888K)
[71.047s][info][gc,heap        ] GC(485) Tenured: 85057K(1398144K)->85058K(1398144K)
[71.047s][info][gc,metaspace   ] GC(485) Metaspace: 11778K(12096K)->11778K(12096K) NonClass: 10250K(10432K)->10250K(10432K) Class: 1528K(1664K)->1528K(1664K)
[71.047s][info][gc             ] GC(485) Pause Young (Allocation Failure) 629M->83M(1979M) 0.492ms
[71.047s][info][gc,cpu         ] GC(485) User=0.00s Sys=0.00s Real=0.00s
[71.181s][info][gc,start       ] GC(486) Pause Young (Allocation Failure)
[71.181s][info][gc,heap        ] GC(486) DefNew: 559696K(629120K)->937K(629120K) Eden: 559232K(559232K)->0K(559232K) From: 464K(69888K)->937K(69888K)
[71.182s][info][gc,heap        ] GC(486) Tenured: 85058K(1398144K)->85058K(1398144K)
[71.182s][info][gc,metaspace   ] GC(486) Metaspace: 11778K(12096K)->11778K(12096K) NonClass: 10250K(10432K)->10250K(10432K) Class: 1528K(1664K)->1528K(1664K)
[71.182s][info][gc             ] GC(486) Pause Young (Allocation Failure) 629M->83M(1979M) 0.635ms
[71.182s][info][gc,cpu         ] GC(486) User=0.00s Sys=0.00s Real=0.00s
[71.313s][info][gc,start       ] GC(487) Pause Full (System.gc())
[71.313s][info][gc,phases,start] GC(487) Phase 1: Mark live objects
[71.365s][info][gc,phases      ] GC(487) Phase 1: Mark live objects 52.033ms
[71.365s][info][gc,phases,start] GC(487) Phase 2: Compute new object addresses
[71.420s][info][gc,phases      ] GC(487) Phase 2: Compute new object addresses 54.544ms
[71.420s][info][gc,phases,start] GC(487) Phase 3: Adjust pointers
[71.441s][info][gc,phases      ] GC(487) Phase 3: Adjust pointers 21.103ms
[71.441s][info][gc,phases,start] GC(487) Phase 4: Move objects
[71.441s][info][gc,phases      ] GC(487) Phase 4: Move objects 0.010ms
[71.441s][info][gc,heap        ] GC(487) DefNew: 539750K(629120K)->0K(629120K) Eden: 538813K(559232K)->0K(559232K) From: 937K(69888K)->0K(69888K)
[71.441s][info][gc,heap        ] GC(487) Tenured: 85058K(1398144K)->85056K(1398144K)
[71.441s][info][gc,metaspace   ] GC(487) Metaspace: 11778K(12096K)->11778K(12096K) NonClass: 10250K(10432K)->10250K(10432K) Class: 1528K(1664K)->1528K(1664K)
[71.441s][info][gc             ] GC(487) Pause Full (System.gc()) 610M->83M(1979M) 128.002ms
[71.441s][info][gc,cpu         ] GC(487) User=0.12s Sys=0.00s Real=0.13s
[71.587s][info][gc,start       ] GC(488) Pause Young (Allocation Failure)
[71.588s][info][gc,heap        ] GC(488) DefNew: 559232K(629120K)->397K(629120K) Eden: 559232K(559232K)->0K(559232K) From: 0K(69888K)->397K(69888K)
[71.588s][info][gc,heap        ] GC(488) Tenured: 85056K(1398144K)->85056K(1398144K)
[71.588s][info][gc,metaspace   ] GC(488) Metaspace: 11778K(12096K)->11778K(12096K) NonClass: 10250K(10432K)->10250K(10432K) Class: 1528K(1664K)->1528K(1664K)
[71.588s][info][gc             ] GC(488) Pause Young (Allocation Failure) 629M->83M(1979M) 0.540ms
[71.588s][info][gc,cpu         ] GC(488) User=0.00s Sys=0.00s Real=0.00s
[71.723s][info][gc,start       ] GC(489) Pause Young (Allocation Failure)
[71.723s][info][gc,heap        ] GC(489) DefNew: 559629K(629120K)->804K(629120K) Eden: 559232K(559232K)->0K(559232K) From: 397K(69888K)->804K(69888K)
[71.724s][info][gc,heap        ] GC(489) Tenured: 85056K(1398144K)->85056K(1398144K)
[71.724s][info][gc,metaspace   ] GC(489) Metaspace: 11778K(12096K)->11778K(12096K) NonClass: 10250K(10432K)->10250K(10432K) Class: 1528K(1664K)->1528K(1664K)
[71.724s][info][gc             ] GC(489) Pause Young (Allocation Failure) 629M->83M(1979M) 0.593ms
[71.724s][info][gc,cpu         ] GC(489) User=0.00s Sys=0.00s Real=0.00s
[71.857s][info][gc,start       ] GC(490) Pause Young (Allocation Failure)
[71.858s][info][gc,heap        ] GC(490) DefNew: 560036K(629120K)->1217K(629120K) Eden: 559232K(559232K)->0K(559232K) From: 804K(69888K)->1217K(69888K)
[71.858s][info][gc,heap        ] GC(490) Tenured: 85056K(1398144K)->85056K(1398144K)
[71.858s][info][gc,metaspace   ] GC(490) Metaspace: 11778K(12096K)->11778K(12096K) NonClass: 10250K(10432K)->10250K(10432K) Class: 1528K(1664K)->1528K(1664K)
[71.858s][info][gc             ] GC(490) Pause Young (Allocation Failure) 629M->84M(1979M) 0.729ms
[71.858s][info][gc,cpu         ] GC(490) User=0.00s Sys=0.00s Real=0.00s
[71.992s][info][gc,start       ] GC(491) Pause Young (Allocation Failure)
[71.993s][info][gc,heap        ] GC(491) DefNew: 560449K(629120K)->1602K(629120K) Eden: 559232K(559232K)->0K(559232K) From: 1217K(69888K)->1602K(69888K)
[71.993s][info][gc,heap        ] GC(491) Tenured: 85056K(1398144K)->85056K(1398144K)
[71.993s][info][gc,metaspace   ] GC(491) Metaspace: 11778K(12096K)->11778K(12096K) NonClass: 10250K(10432K)->10250K(10432K) Class: 1528K(1664K)->1528K(1664K)
[71.993s][info][gc             ] GC(491) Pause Young (Allocation Failure) 630M->84M(1979M) 0.882ms
[71.993s][info][gc,cpu         ] GC(491) User=0.00s Sys=0.00s Real=0.00s
[72.130s][info][gc,start       ] GC(492) Pause Young (Allocation Failure)
[72.131s][info][gc,heap        ] GC(492) DefNew: 560834K(629120K)->2021K(629120K) Eden: 559232K(559232K)->0K(559232K) From: 1602K(69888K)->2021K(69888K)
[72.131s][info][gc,heap        ] GC(492) Tenured: 85056K(1398144K)->85056K(1398144K)
[72.131s][info][gc,metaspace   ] GC(492) Metaspace: 11778K(12096K)->11778K(12096K) NonClass: 10250K(10432K)->10250K(10432K) Class: 1528K(1664K)->1528K(1664K)
[72.131s][info][gc             ] GC(492) Pause Young (Allocation Failure) 630M->85M(1979M) 0.984ms
[72.131s][info][gc,cpu         ] GC(492) User=0.00s Sys=0.00s Real=0.00s
[72.264s][info][gc,start       ] GC(493) Pause Young (Allocation Failure)
[72.266s][info][gc,heap        ] GC(493) DefNew: 561176K(629120K)->2739K(629120K) Eden: 559154K(559232K)->0K(559232K) From: 2021K(69888K)->2739K(69888K)
[72.266s][info][gc,heap        ] GC(493) Tenured: 85056K(1398144K)->85056K(1398144K)
[72.266s][info][gc,metaspace   ] GC(493) Metaspace: 11778K(12096K)->11778K(12096K) NonClass: 10250K(10432K)->10250K(10432K) Class: 1528K(1664K)->1528K(1664K)
[72.266s][info][gc             ] GC(493) Pause Young (Allocation Failure) 631M->85M(1979M) 1.280ms
[72.266s][info][gc,cpu         ] GC(493) User=0.00s Sys=0.00s Real=0.00s
[72.405s][info][gc,start       ] GC(494) Pause Young (Allocation Failure)
[72.405s][info][gc,heap        ] GC(494) DefNew: 561971K(629120K)->57K(629120K) Eden: 559232K(559232K)->0K(559232K) From: 2739K(69888K)->57K(69888K)
[72.405s][info][gc,heap        ] GC(494) Tenured: 85056K(1398144K)->85056K(1398144K)
[72.405s][info][gc,metaspace   ] GC(494) Metaspace: 11778K(12096K)->11778K(12096K) NonClass: 10250K(10432K)->10250K(10432K) Class: 1528K(1664K)->1528K(1664K)
[72.406s][info][gc             ] GC(494) Pause Young (Allocation Failure) 631M->83M(1979M) 0.416ms
[72.406s][info][gc,cpu         ] GC(494) User=0.00s Sys=0.00s Real=0.00s
[72.545s][info][gc,start       ] GC(495) Pause Young (Allocation Failure)
[72.545s][info][gc,heap        ] GC(495) DefNew: 559289K(629120K)->471K(629120K) Eden: 559232K(559232K)->0K(559232K) From: 57K(69888K)->471K(69888K)
[72.545s][info][gc,heap        ] GC(495) Tenured: 85056K(1398144K)->85056K(1398144K)
[72.545s][info][gc,metaspace   ] GC(495) Metaspace: 11778K(12096K)->11778K(12096K) NonClass: 10250K(10432K)->10250K(10432K) Class: 1528K(1664K)->1528K(1664K)
[72.546s][info][gc             ] GC(495) Pause Young (Allocation Failure) 629M->83M(1979M) 0.507ms
[72.546s][info][gc,cpu         ] GC(495) User=0.00s Sys=0.00s Real=0.00s
[72.681s][info][gc,start       ] GC(496) Pause Young (Allocation Failure)
[72.682s][info][gc,heap        ] GC(496) DefNew: 559703K(629120K)->990K(629120K) Eden: 559232K(559232K)->0K(559232K) From: 471K(69888K)->990K(69888K)
[72.682s][info][gc,heap        ] GC(496) Tenured: 85056K(1398144K)->85056K(1398144K)
[72.682s][info][gc,metaspace   ] GC(496) Metaspace: 11778K(12096K)->11778K(12096K) NonClass: 10250K(10432K)->10250K(10432K) Class: 1528K(1664K)->1528K(1664K)
[72.682s][info][gc             ] GC(496) Pause Young (Allocation Failure) 629M->84M(1979M) 0.720ms
[72.682s][info][gc,cpu         ] GC(496) User=0.00s Sys=0.00s Real=0.00s
[72.817s][info][gc,start       ] GC(497) Pause Young (Allocation Failure)
[72.818s][info][gc,heap        ] GC(497) DefNew: 560222K(629120K)->1335K(629120K) Eden: 559232K(559232K)->0K(559232K) From: 990K(69888K)->1335K(69888K)
[72.818s][info][gc,heap        ] GC(497) Tenured: 85056K(1398144K)->85056K(1398144K)
[72.818s][info][gc,metaspace   ] GC(497) Metaspace: 11778K(12096K)->11778K(12096K) NonClass: 10250K(10432K)->10250K(10432K) Class: 1528K(1664K)->1528K(1664K)
[72.818s][info][gc             ] GC(497) Pause Young (Allocation Failure) 630M->84M(1979M) 0.781ms
[72.818s][info][gc,cpu         ] GC(497) User=0.00s Sys=0.00s Real=0.00s
[72.951s][info][gc,start       ] GC(498) Pause Young (Allocation Failure)
[72.952s][info][gc,heap        ] GC(498) DefNew: 560567K(629120K)->1683K(629120K) Eden: 559232K(559232K)->0K(559232K) From: 1335K(69888K)->1683K(69888K)
[72.952s][info][gc,heap        ] GC(498) Tenured: 85056K(1398144K)->85056K(1398144K)
[72.952s][info][gc,metaspace   ] GC(498) Metaspace: 11778K(12096K)->11778K(12096K) NonClass: 10250K(10432K)->10250K(10432K) Class: 1528K(1664K)->1528K(1664K)
[72.952s][info][gc             ] GC(498) Pause Young (Allocation Failure) 630M->84M(1979M) 0.955ms
[72.952s][info][gc,cpu         ] GC(498) User=0.00s Sys=0.00s Real=0.00s
[73.086s][info][gc,start       ] GC(499) Pause Young (Allocation Failure)
[73.087s][info][gc,heap        ] GC(499) DefNew: 560915K(629120K)->2162K(629120K) Eden: 559232K(559232K)->0K(559232K) From: 1683K(69888K)->2162K(69888K)
[73.087s][info][gc,heap        ] GC(499) Tenured: 85056K(1398144K)->85056K(1398144K)
[73.087s][info][gc,metaspace   ] GC(499) Metaspace: 11778K(12096K)->11778K(12096K) NonClass: 10250K(10432K)->10250K(10432K) Class: 1528K(1664K)->1528K(1664K)
[73.087s][info][gc             ] GC(499) Pause Young (Allocation Failure) 630M->85M(1979M) 1.046ms
[73.087s][info][gc,cpu         ] GC(499) User=0.00s Sys=0.00s Real=0.00s
[73.220s][info][gc,start       ] GC(500) Pause Young (Allocation Failure)
[73.221s][info][gc,heap        ] GC(500) DefNew: 561394K(629120K)->2077K(629120K) Eden: 559232K(559232K)->0K(559232K) From: 2162K(69888K)->2077K(69888K)
[73.221s][info][gc,heap        ] GC(500) Tenured: 85056K(1398144K)->85056K(1398144K)
[73.221s][info][gc,metaspace   ] GC(500) Metaspace: 11778K(12096K)->11778K(12096K) NonClass: 10250K(10432K)->10250K(10432K) Class: 1528K(1664K)->1528K(1664K)
[73.221s][info][gc             ] GC(500) Pause Young (Allocation Failure) 631M->85M(1979M) 0.945ms
[73.221s][info][gc,cpu         ] GC(500) User=0.00s Sys=0.00s Real=0.00s
[73.366s][info][gc,start       ] GC(501) Pause Young (Allocation Failure)
[73.368s][info][gc,heap        ] GC(501) DefNew: 561309K(629120K)->2445K(629120K) Eden: 559232K(559232K)->0K(559232K) From: 2077K(69888K)->2445K(69888K)
[73.368s][info][gc,heap        ] GC(501) Tenured: 85056K(1398144K)->85056K(1398144K)
[73.368s][info][gc,metaspace   ] GC(501) Metaspace: 11778K(12096K)->11778K(12096K) NonClass: 10250K(10432K)->10250K(10432K) Class: 1528K(1664K)->1528K(1664K)
[73.368s][info][gc             ] GC(501) Pause Young (Allocation Failure) 631M->85M(1979M) 1.279ms
[73.368s][info][gc,cpu         ] GC(501) User=0.00s Sys=0.00s Real=0.02s
[73.524s][info][gc,start       ] GC(502) Pause Young (Allocation Failure)
[73.525s][info][gc,heap        ] GC(502) DefNew: 561677K(629120K)->407K(629120K) Eden: 559232K(559232K)->0K(559232K) From: 2445K(69888K)->407K(69888K)
[73.525s][info][gc,heap        ] GC(502) Tenured: 85056K(1398144K)->85056K(1398144K)
[73.525s][info][gc,metaspace   ] GC(502) Metaspace: 11778K(12096K)->11778K(12096K) NonClass: 10250K(10432K)->10250K(10432K) Class: 1528K(1664K)->1528K(1664K)
[73.525s][info][gc             ] GC(502) Pause Young (Allocation Failure) 631M->83M(1979M) 0.607ms
[73.525s][info][gc,cpu         ] GC(502) User=0.02s Sys=0.00s Real=0.02s
[73.666s][info][gc,start       ] GC(503) Pause Young (Allocation Failure)
[73.667s][info][gc,heap        ] GC(503) DefNew: 559639K(629120K)->737K(629120K) Eden: 559232K(559232K)->0K(559232K) From: 407K(69888K)->737K(69888K)
[73.667s][info][gc,heap        ] GC(503) Tenured: 85056K(1398144K)->85057K(1398144K)
[73.667s][info][gc,metaspace   ] GC(503) Metaspace: 11778K(12096K)->11778K(12096K) NonClass: 10250K(10432K)->10250K(10432K) Class: 1528K(1664K)->1528K(1664K)
[73.667s][info][gc             ] GC(503) Pause Young (Allocation Failure) 629M->83M(1979M) 0.637ms
[73.667s][info][gc,cpu         ] GC(503) User=0.00s Sys=0.00s Real=0.00s
[73.810s][info][gc,start       ] GC(504) Pause Young (Allocation Failure)
[73.810s][info][gc,heap        ] GC(504) DefNew: 559969K(629120K)->1311K(629120K) Eden: 559232K(559232K)->0K(559232K) From: 737K(69888K)->1311K(69888K)
[73.811s][info][gc,heap        ] GC(504) Tenured: 85057K(1398144K)->85057K(1398144K)
[73.811s][info][gc,metaspace   ] GC(504) Metaspace: 11778K(12096K)->11778K(12096K) NonClass: 10250K(10432K)->10250K(10432K) Class: 1528K(1664K)->1528K(1664K)
[73.811s][info][gc             ] GC(504) Pause Young (Allocation Failure) 629M->84M(1979M) 0.813ms
[73.811s][info][gc,cpu         ] GC(504) User=0.00s Sys=0.00s Real=0.00s
[73.947s][info][gc,start       ] GC(505) Pause Full (System.gc())
[73.948s][info][gc,phases,start] GC(505) Phase 1: Mark live objects
[73.995s][info][gc,phases      ] GC(505) Phase 1: Mark live objects 47.366ms
[73.995s][info][gc,phases,start] GC(505) Phase 2: Compute new object addresses
[74.048s][info][gc,phases      ] GC(505) Phase 2: Compute new object addresses 53.161ms
[74.048s][info][gc,phases,start] GC(505) Phase 3: Adjust pointers
[74.069s][info][gc,phases      ] GC(505) Phase 3: Adjust pointers 21.050ms
[74.069s][info][gc,phases,start] GC(505) Phase 4: Move objects
[74.069s][info][gc,phases      ] GC(505) Phase 4: Move objects 0.009ms
[74.069s][info][gc,heap        ] GC(505) DefNew: 536345K(629120K)->0K(629120K) Eden: 535033K(559232K)->0K(559232K) From: 1311K(69888K)->0K(69888K)
[74.069s][info][gc,heap        ] GC(505) Tenured: 85057K(1398144K)->85057K(1398144K)
[74.069s][info][gc,metaspace   ] GC(505) Metaspace: 11778K(12096K)->11778K(12096K) NonClass: 10250K(10432K)->10250K(10432K) Class: 1528K(1664K)->1528K(1664K)
[74.069s][info][gc             ] GC(505) Pause Full (System.gc()) 606M->83M(1979M) 121.887ms
[74.069s][info][gc,cpu         ] GC(505) User=0.11s Sys=0.00s Real=0.13s
[74.211s][info][gc,start       ] GC(506) Pause Young (Allocation Failure)
[74.212s][info][gc,heap        ] GC(506) DefNew: 559232K(629120K)->701K(629120K) Eden: 559232K(559232K)->0K(559232K) From: 0K(69888K)->701K(69888K)
[74.212s][info][gc,heap        ] GC(506) Tenured: 85057K(1398144K)->85057K(1398144K)
[74.212s][info][gc,metaspace   ] GC(506) Metaspace: 11795K(12096K)->11795K(12096K) NonClass: 10266K(10432K)->10266K(10432K) Class: 1528K(1664K)->1528K(1664K)
[74.212s][info][gc             ] GC(506) Pause Young (Allocation Failure) 629M->83M(1979M) 0.646ms
[74.212s][info][gc,cpu         ] GC(506) User=0.00s Sys=0.00s Real=0.00s
[74.346s][info][gc,start       ] GC(507) Pause Young (Allocation Failure)
[74.347s][info][gc,heap        ] GC(507) DefNew: 559933K(629120K)->1011K(629120K) Eden: 559232K(559232K)->0K(559232K) From: 701K(69888K)->1011K(69888K)
[74.347s][info][gc,heap        ] GC(507) Tenured: 85057K(1398144K)->85057K(1398144K)
[74.347s][info][gc,metaspace   ] GC(507) Metaspace: 11795K(12096K)->11795K(12096K) NonClass: 10266K(10432K)->10266K(10432K) Class: 1528K(1664K)->1528K(1664K)
[74.347s][info][gc             ] GC(507) Pause Young (Allocation Failure) 629M->84M(1979M) 0.686ms
[74.347s][info][gc,cpu         ] GC(507) User=0.00s Sys=0.00s Real=0.00s
[74.486s][info][gc,start       ] GC(508) Pause Young (Allocation Failure)
[74.487s][info][gc,heap        ] GC(508) DefNew: 560243K(629120K)->1383K(629120K) Eden: 559232K(559232K)->0K(559232K) From: 1011K(69888K)->1383K(69888K)
[74.487s][info][gc,heap        ] GC(508) Tenured: 85057K(1398144K)->85057K(1398144K)
[74.487s][info][gc,metaspace   ] GC(508) Metaspace: 11795K(12096K)->11795K(12096K) NonClass: 10266K(10432K)->10266K(10432K) Class: 1528K(1664K)->1528K(1664K)
[74.487s][info][gc             ] GC(508) Pause Young (Allocation Failure) 630M->84M(1979M) 0.869ms
[74.487s][info][gc,cpu         ] GC(508) User=0.00s Sys=0.00s Real=0.00s
[74.624s][info][gc,start       ] GC(509) Pause Young (Allocation Failure)
[74.624s][info][gc,heap        ] GC(509) DefNew: 560615K(629120K)->1801K(629120K) Eden: 559232K(559232K)->0K(559232K) From: 1383K(69888K)->1801K(69888K)
[74.624s][info][gc,heap        ] GC(509) Tenured: 85057K(1398144K)->85057K(1398144K)
[74.624s][info][gc,metaspace   ] GC(509) Metaspace: 11795K(12096K)->11795K(12096K) NonClass: 10266K(10432K)->10266K(10432K) Class: 1528K(1664K)->1528K(1664K)
[74.624s][info][gc             ] GC(509) Pause Young (Allocation Failure) 630M->84M(1979M) 0.935ms
[74.625s][info][gc,cpu         ] GC(509) User=0.00s Sys=0.00s Real=0.00s
[74.761s][info][gc,start       ] GC(510) Pause Young (Allocation Failure)
[74.762s][info][gc,heap        ] GC(510) DefNew: 561033K(629120K)->2310K(629120K) Eden: 559232K(559232K)->0K(559232K) From: 1801K(69888K)->2310K(69888K)
[74.762s][info][gc,heap        ] GC(510) Tenured: 85057K(1398144K)->85057K(1398144K)
[74.762s][info][gc,metaspace   ] GC(510) Metaspace: 11795K(12096K)->11795K(12096K) NonClass: 10266K(10432K)->10266K(10432K) Class: 1528K(1664K)->1528K(1664K)
[74.762s][info][gc             ] GC(510) Pause Young (Allocation Failure) 630M->85M(1979M) 1.105ms
[74.762s][info][gc,cpu         ] GC(510) User=0.00s Sys=0.00s Real=0.00s
[74.895s][info][gc,start       ] GC(511) Pause Young (Allocation Failure)
[74.896s][info][gc,heap        ] GC(511) DefNew: 561454K(629120K)->2544K(629120K) Eden: 559144K(559232K)->0K(559232K) From: 2310K(69888K)->2544K(69888K)
[74.896s][info][gc,heap        ] GC(511) Tenured: 85057K(1398144K)->85057K(1398144K)
[74.896s][info][gc,metaspace   ] GC(511) Metaspace: 11795K(12096K)->11795K(12096K) NonClass: 10266K(10432K)->10266K(10432K) Class: 1528K(1664K)->1528K(1664K)
[74.896s][info][gc             ] GC(511) Pause Young (Allocation Failure) 631M->85M(1979M) 1.213ms
[74.896s][info][gc,cpu         ] GC(511) User=0.00s Sys=0.00s Real=0.00s
[75.034s][info][gc,start       ] GC(512) Pause Young (Allocation Failure)
[75.034s][info][gc,heap        ] GC(512) DefNew: 561776K(629120K)->151K(629120K) Eden: 559232K(559232K)->0K(559232K) From: 2544K(69888K)->151K(69888K)
[75.034s][info][gc,heap        ] GC(512) Tenured: 85057K(1398144K)->85057K(1398144K)
[75.034s][info][gc,metaspace   ] GC(512) Metaspace: 11795K(12096K)->11795K(12096K) NonClass: 10266K(10432K)->10266K(10432K) Class: 1528K(1664K)->1528K(1664K)
[75.035s][info][gc             ] GC(512) Pause Young (Allocation Failure) 631M->83M(1979M) 0.468ms
[75.035s][info][gc,cpu         ] GC(512) User=0.00s Sys=0.00s Real=0.00s
[75.169s][info][gc,start       ] GC(513) Pause Young (Allocation Failure)
[75.170s][info][gc,heap        ] GC(513) DefNew: 559383K(629120K)->715K(629120K) Eden: 559232K(559232K)->0K(559232K) From: 151K(69888K)->715K(69888K)
[75.170s][info][gc,heap        ] GC(513) Tenured: 85057K(1398144K)->85057K(1398144K)
[75.170s][info][gc,metaspace   ] GC(513) Metaspace: 11795K(12096K)->11795K(12096K) NonClass: 10266K(10432K)->10266K(10432K) Class: 1528K(1664K)->1528K(1664K)
[75.170s][info][gc             ] GC(513) Pause Young (Allocation Failure) 629M->83M(1979M) 0.607ms
[75.170s][info][gc,cpu         ] GC(513) User=0.00s Sys=0.00s Real=0.00s
[75.304s][info][gc,start       ] GC(514) Pause Young (Allocation Failure)
[75.305s][info][gc,heap        ] GC(514) DefNew: 559947K(629120K)->1147K(629120K) Eden: 559232K(559232K)->0K(559232K) From: 715K(69888K)->1147K(69888K)
[75.305s][info][gc,heap        ] GC(514) Tenured: 85057K(1398144K)->85057K(1398144K)
[75.305s][info][gc,metaspace   ] GC(514) Metaspace: 11795K(12096K)->11795K(12096K) NonClass: 10266K(10432K)->10266K(10432K) Class: 1528K(1664K)->1528K(1664K)
[75.305s][info][gc             ] GC(514) Pause Young (Allocation Failure) 629M->84M(1979M) 0.697ms
[75.305s][info][gc,cpu         ] GC(514) User=0.00s Sys=0.00s Real=0.00s
[75.440s][info][gc,start       ] GC(515) Pause Young (Allocation Failure)
[75.441s][info][gc,heap        ] GC(515) DefNew: 560379K(629120K)->1805K(629120K) Eden: 559232K(559232K)->0K(559232K) From: 1147K(69888K)->1805K(69888K)
[75.441s][info][gc,heap        ] GC(515) Tenured: 85057K(1398144K)->85057K(1398144K)
[75.441s][info][gc,metaspace   ] GC(515) Metaspace: 11795K(12096K)->11795K(12096K) NonClass: 10266K(10432K)->10266K(10432K) Class: 1528K(1664K)->1528K(1664K)
[75.441s][info][gc             ] GC(515) Pause Young (Allocation Failure) 630M->84M(1979M) 0.919ms
[75.441s][info][gc,cpu         ] GC(515) User=0.00s Sys=0.00s Real=0.00s
[75.585s][info][gc,start       ] GC(516) Pause Young (Allocation Failure)
[75.586s][info][gc,heap        ] GC(516) DefNew: 561037K(629120K)->1894K(629120K) Eden: 559232K(559232K)->0K(559232K) From: 1805K(69888K)->1894K(69888K)
[75.586s][info][gc,heap        ] GC(516) Tenured: 85057K(1398144K)->85057K(1398144K)
[75.586s][info][gc,metaspace   ] GC(516) Metaspace: 11795K(12096K)->11795K(12096K) NonClass: 10266K(10432K)->10266K(10432K) Class: 1528K(1664K)->1528K(1664K)
[75.586s][info][gc             ] GC(516) Pause Young (Allocation Failure) 630M->84M(1979M) 0.941ms
[75.586s][info][gc,cpu         ] GC(516) User=0.00s Sys=0.00s Real=0.00s
[75.721s][info][gc,start       ] GC(517) Pause Young (Allocation Failure)
[75.722s][info][gc,heap        ] GC(517) DefNew: 561126K(629120K)->2253K(629120K) Eden: 559232K(559232K)->0K(559232K) From: 1894K(69888K)->2253K(69888K)
[75.722s][info][gc,heap        ] GC(517) Tenured: 85057K(1398144K)->85057K(1398144K)
[75.722s][info][gc,metaspace   ] GC(517) Metaspace: 11795K(12096K)->11795K(12096K) NonClass: 10266K(10432K)->10266K(10432K) Class: 1528K(1664K)->1528K(1664K)
[75.722s][info][gc             ] GC(517) Pause Young (Allocation Failure) 631M->85M(1979M) 1.154ms
[75.722s][info][gc,cpu         ] GC(517) User=0.00s Sys=0.00s Real=0.01s
[75.856s][info][gc,start       ] GC(518) Pause Young (Allocation Failure)
[75.857s][info][gc,heap        ] GC(518) DefNew: 561485K(629120K)->2447K(629120K) Eden: 559232K(559232K)->0K(559232K) From: 2253K(69888K)->2447K(69888K)
[75.857s][info][gc,heap        ] GC(518) Tenured: 85057K(1398144K)->85057K(1398144K)
[75.857s][info][gc,metaspace   ] GC(518) Metaspace: 11795K(12096K)->11795K(12096K) NonClass: 10266K(10432K)->10266K(10432K) Class: 1528K(1664K)->1528K(1664K)
[75.857s][info][gc             ] GC(518) Pause Young (Allocation Failure) 631M->85M(1979M) 1.202ms
[75.857s][info][gc,cpu         ] GC(518) User=0.00s Sys=0.00s Real=0.00s
[75.996s][info][gc,start       ] GC(519) Pause Young (Allocation Failure)
[75.996s][info][gc,heap        ] GC(519) DefNew: 561679K(629120K)->194K(629120K) Eden: 559232K(559232K)->0K(559232K) From: 2447K(69888K)->194K(69888K)
[75.996s][info][gc,heap        ] GC(519) Tenured: 85057K(1398144K)->85057K(1398144K)
[75.996s][info][gc,metaspace   ] GC(519) Metaspace: 11795K(12096K)->11795K(12096K) NonClass: 10266K(10432K)->10266K(10432K) Class: 1528K(1664K)->1528K(1664K)
[75.996s][info][gc             ] GC(519) Pause Young (Allocation Failure) 631M->83M(1979M) 0.423ms
[75.996s][info][gc,cpu         ] GC(519) User=0.00s Sys=0.00s Real=0.00s
[76.130s][info][gc,start       ] GC(520) Pause Young (Allocation Failure)
[76.131s][info][gc,heap        ] GC(520) DefNew: 559426K(629120K)->594K(629120K) Eden: 559232K(559232K)->0K(559232K) From: 194K(69888K)->594K(69888K)
[76.131s][info][gc,heap        ] GC(520) Tenured: 85057K(1398144K)->85057K(1398144K)
[76.131s][info][gc,metaspace   ] GC(520) Metaspace: 11795K(12096K)->11795K(12096K) NonClass: 10266K(10432K)->10266K(10432K) Class: 1528K(1664K)->1528K(1664K)
[76.131s][info][gc             ] GC(520) Pause Young (Allocation Failure) 629M->83M(1979M) 0.558ms
[76.131s][info][gc,cpu         ] GC(520) User=0.00s Sys=0.00s Real=0.00s
[76.265s][info][gc,start       ] GC(521) Pause Young (Allocation Failure)
[76.266s][info][gc,heap        ] GC(521) DefNew: 559826K(629120K)->1084K(629120K) Eden: 559232K(559232K)->0K(559232K) From: 594K(69888K)->1084K(69888K)
[76.266s][info][gc,heap        ] GC(521) Tenured: 85057K(1398144K)->85057K(1398144K)
[76.266s][info][gc,metaspace   ] GC(521) Metaspace: 11795K(12096K)->11795K(12096K) NonClass: 10266K(10432K)->10266K(10432K) Class: 1528K(1664K)->1528K(1664K)
[76.266s][info][gc             ] GC(521) Pause Young (Allocation Failure) 629M->84M(1979M) 0.685ms
[76.266s][info][gc,cpu         ] GC(521) User=0.00s Sys=0.00s Real=0.00s
[76.400s][info][gc,start       ] GC(522) Pause Young (Allocation Failure)
[76.401s][info][gc,heap        ] GC(522) DefNew: 560316K(629120K)->1633K(629120K) Eden: 559232K(559232K)->0K(559232K) From: 1084K(69888K)->1633K(69888K)
[76.401s][info][gc,heap        ] GC(522) Tenured: 85057K(1398144K)->85057K(1398144K)
[76.401s][info][gc,metaspace   ] GC(522) Metaspace: 11795K(12096K)->11795K(12096K) NonClass: 10266K(10432K)->10266K(10432K) Class: 1528K(1664K)->1528K(1664K)
[76.401s][info][gc             ] GC(522) Pause Young (Allocation Failure) 630M->84M(1979M) 0.864ms
[76.401s][info][gc,cpu         ] GC(522) User=0.00s Sys=0.00s Real=0.00s
[76.537s][info][gc,start       ] GC(523) Pause Full (System.gc())
[76.537s][info][gc,phases,start] GC(523) Phase 1: Mark live objects
[76.588s][info][gc,phases      ] GC(523) Phase 1: Mark live objects 51.504ms
[76.588s][info][gc,phases,start] GC(523) Phase 2: Compute new object addresses
[76.641s][info][gc,phases      ] GC(523) Phase 2: Compute new object addresses 52.924ms
[76.641s][info][gc,phases,start] GC(523) Phase 3: Adjust pointers
[76.662s][info][gc,phases      ] GC(523) Phase 3: Adjust pointers 20.888ms
[76.662s][info][gc,phases,start] GC(523) Phase 4: Move objects
[76.662s][info][gc,phases      ] GC(523) Phase 4: Move objects 0.009ms
[76.662s][info][gc,heap        ] GC(523) DefNew: 532051K(629120K)->0K(629120K) Eden: 530418K(559232K)->0K(559232K) From: 1633K(69888K)->0K(69888K)
[76.662s][info][gc,heap        ] GC(523) Tenured: 85057K(1398144K)->85057K(1398144K)
[76.662s][info][gc,metaspace   ] GC(523) Metaspace: 11795K(12096K)->11795K(12096K) NonClass: 10266K(10432K)->10266K(10432K) Class: 1528K(1664K)->1528K(1664K)
[76.662s][info][gc             ] GC(523) Pause Full (System.gc()) 602M->83M(1979M) 125.623ms
[76.662s][info][gc,cpu         ] GC(523) User=0.12s Sys=0.00s Real=0.12s
[76.805s][info][gc,start       ] GC(524) Pause Young (Allocation Failure)
[76.805s][info][gc,heap        ] GC(524) DefNew: 559232K(629120K)->467K(629120K) Eden: 559232K(559232K)->0K(559232K) From: 0K(69888K)->467K(69888K)
[76.805s][info][gc,heap        ] GC(524) Tenured: 85057K(1398144K)->85057K(1398144K)
[76.805s][info][gc,metaspace   ] GC(524) Metaspace: 11800K(12096K)->11800K(12096K) NonClass: 10271K(10432K)->10271K(10432K) Class: 1528K(1664K)->1528K(1664K)
[76.806s][info][gc             ] GC(524) Pause Young (Allocation Failure) 629M->83M(1979M) 0.537ms
[76.806s][info][gc,cpu         ] GC(524) User=0.00s Sys=0.00s Real=0.02s
[76.939s][info][gc,start       ] GC(525) Pause Young (Allocation Failure)
[76.940s][info][gc,heap        ] GC(525) DefNew: 559699K(629120K)->880K(629120K) Eden: 559232K(559232K)->0K(559232K) From: 467K(69888K)->880K(69888K)
[76.940s][info][gc,heap        ] GC(525) Tenured: 85057K(1398144K)->85057K(1398144K)
[76.940s][info][gc,metaspace   ] GC(525) Metaspace: 11800K(12096K)->11800K(12096K) NonClass: 10271K(10432K)->10271K(10432K) Class: 1528K(1664K)->1528K(1664K)
[76.940s][info][gc             ] GC(525) Pause Young (Allocation Failure) 629M->83M(1979M) 0.627ms
[76.940s][info][gc,cpu         ] GC(525) User=0.00s Sys=0.00s Real=0.00s
[77.074s][info][gc,start       ] GC(526) Pause Young (Allocation Failure)
[77.075s][info][gc,heap        ] GC(526) DefNew: 560112K(629120K)->1241K(629120K) Eden: 559232K(559232K)->0K(559232K) From: 880K(69888K)->1241K(69888K)
[77.075s][info][gc,heap        ] GC(526) Tenured: 85057K(1398144K)->85057K(1398144K)
[77.075s][info][gc,metaspace   ] GC(526) Metaspace: 11800K(12096K)->11800K(12096K) NonClass: 10271K(10432K)->10271K(10432K) Class: 1528K(1664K)->1528K(1664K)
[77.075s][info][gc             ] GC(526) Pause Young (Allocation Failure) 630M->84M(1979M) 0.721ms
[77.075s][info][gc,cpu         ] GC(526) User=0.00s Sys=0.00s Real=0.00s
[77.208s][info][gc,start       ] GC(527) Pause Young (Allocation Failure)
[77.209s][info][gc,heap        ] GC(527) DefNew: 560473K(629120K)->1584K(629120K) Eden: 559232K(559232K)->0K(559232K) From: 1241K(69888K)->1584K(69888K)
[77.209s][info][gc,heap        ] GC(527) Tenured: 85057K(1398144K)->85057K(1398144K)
[77.209s][info][gc,metaspace   ] GC(527) Metaspace: 11800K(12096K)->11800K(12096K) NonClass: 10271K(10432K)->10271K(10432K) Class: 1528K(1664K)->1528K(1664K)
[77.209s][info][gc             ] GC(527) Pause Young (Allocation Failure) 630M->84M(1979M) 0.888ms
[77.209s][info][gc,cpu         ] GC(527) User=0.00s Sys=0.00s Real=0.00s
[77.344s][info][gc,start       ] GC(528) Pause Young (Allocation Failure)
[77.345s][info][gc,heap        ] GC(528) DefNew: 560816K(629120K)->2022K(629120K) Eden: 559232K(559232K)->0K(559232K) From: 1584K(69888K)->2022K(69888K)
[77.345s][info][gc,heap        ] GC(528) Tenured: 85057K(1398144K)->85057K(1398144K)
[77.345s][info][gc,metaspace   ] GC(528) Metaspace: 11800K(12096K)->11800K(12096K) NonClass: 10271K(10432K)->10271K(10432K) Class: 1528K(1664K)->1528K(1664K)
[77.345s][info][gc             ] GC(528) Pause Young (Allocation Failure) 630M->85M(1979M) 0.945ms
[77.345s][info][gc,cpu         ] GC(528) User=0.00s Sys=0.00s Real=0.00s
[77.483s][info][gc,start       ] GC(529) Pause Young (Allocation Failure)
[77.484s][info][gc,heap        ] GC(529) DefNew: 561156K(629120K)->2568K(629120K) Eden: 559133K(559232K)->0K(559232K) From: 2022K(69888K)->2568K(69888K)
[77.484s][info][gc,heap        ] GC(529) Tenured: 85057K(1398144K)->85057K(1398144K)
[77.484s][info][gc,metaspace   ] GC(529) Metaspace: 11800K(12096K)->11800K(12096K) NonClass: 10271K(10432K)->10271K(10432K) Class: 1528K(1664K)->1528K(1664K)
[77.484s][info][gc             ] GC(529) Pause Young (Allocation Failure) 631M->85M(1979M) 1.189ms
[77.484s][info][gc,cpu         ] GC(529) User=0.00s Sys=0.00s Real=0.00s
[77.620s][info][gc,start       ] GC(530) Pause Young (Allocation Failure)
[77.621s][info][gc,heap        ] GC(530) DefNew: 561800K(629120K)->2836K(629120K) Eden: 559232K(559232K)->0K(559232K) From: 2568K(69888K)->2836K(69888K)
[77.621s][info][gc,heap        ] GC(530) Tenured: 85057K(1398144K)->85057K(1398144K)
[77.621s][info][gc,metaspace   ] GC(530) Metaspace: 11800K(12096K)->11800K(12096K) NonClass: 10271K(10432K)->10271K(10432K) Class: 1528K(1664K)->1528K(1664K)
[77.621s][info][gc             ] GC(530) Pause Young (Allocation Failure) 631M->85M(1979M) 1.300ms
[77.621s][info][gc,cpu         ] GC(530) User=0.00s Sys=0.00s Real=0.00s
[77.761s][info][gc,start       ] GC(531) Pause Young (Allocation Failure)
[77.762s][info][gc,heap        ] GC(531) DefNew: 562068K(629120K)->312K(629120K) Eden: 559232K(559232K)->0K(559232K) From: 2836K(69888K)->312K(69888K)
[77.762s][info][gc,heap        ] GC(531) Tenured: 85057K(1398144K)->85057K(1398144K)
[77.762s][info][gc,metaspace   ] GC(531) Metaspace: 11800K(12096K)->11800K(12096K) NonClass: 10271K(10432K)->10271K(10432K) Class: 1528K(1664K)->1528K(1664K)
[77.762s][info][gc             ] GC(531) Pause Young (Allocation Failure) 631M->83M(1979M) 0.461ms
[77.762s][info][gc,cpu         ] GC(531) User=0.00s Sys=0.00s Real=0.00s
[77.895s][info][gc,start       ] GC(532) Pause Young (Allocation Failure)
[77.896s][info][gc,heap        ] GC(532) DefNew: 559544K(629120K)->625K(629120K) Eden: 559232K(559232K)->0K(559232K) From: 312K(69888K)->625K(69888K)
[77.896s][info][gc,heap        ] GC(532) Tenured: 85057K(1398144K)->85057K(1398144K)
[77.896s][info][gc,metaspace   ] GC(532) Metaspace: 11800K(12096K)->11800K(12096K) NonClass: 10271K(10432K)->10271K(10432K) Class: 1528K(1664K)->1528K(1664K)
[77.896s][info][gc             ] GC(532) Pause Young (Allocation Failure) 629M->83M(1979M) 0.566ms
[77.896s][info][gc,cpu         ] GC(532) User=0.00s Sys=0.00s Real=0.00s
[78.032s][info][gc,start       ] GC(533) Pause Young (Allocation Failure)
[78.032s][info][gc,heap        ] GC(533) DefNew: 559857K(629120K)->1046K(629120K) Eden: 559232K(559232K)->0K(559232K) From: 625K(69888K)->1046K(69888K)
[78.032s][info][gc,heap        ] GC(533) Tenured: 85057K(1398144K)->85057K(1398144K)
[78.032s][info][gc,metaspace   ] GC(533) Metaspace: 11800K(12096K)->11800K(12096K) NonClass: 10271K(10432K)->10271K(10432K) Class: 1528K(1664K)->1528K(1664K)
[78.032s][info][gc             ] GC(533) Pause Young (Allocation Failure) 629M->84M(1979M) 0.678ms
[78.032s][info][gc,cpu         ] GC(533) User=0.00s Sys=0.00s Real=0.00s
[78.167s][info][gc,start       ] GC(534) Pause Young (Allocation Failure)
[78.167s][info][gc,heap        ] GC(534) DefNew: 560278K(629120K)->1320K(629120K) Eden: 559232K(559232K)->0K(559232K) From: 1046K(69888K)->1320K(69888K)
[78.167s][info][gc,heap        ] GC(534) Tenured: 85057K(1398144K)->85057K(1398144K)
[78.167s][info][gc,metaspace   ] GC(534) Metaspace: 11800K(12096K)->11800K(12096K) NonClass: 10271K(10432K)->10271K(10432K) Class: 1528K(1664K)->1528K(1664K)
[78.167s][info][gc             ] GC(534) Pause Young (Allocation Failure) 630M->84M(1979M) 0.768ms
[78.167s][info][gc,cpu         ] GC(534) User=0.00s Sys=0.00s Real=0.00s
[78.302s][info][gc,start       ] GC(535) Pause Young (Allocation Failure)
[78.302s][info][gc,heap        ] GC(535) DefNew: 560552K(629120K)->1714K(629120K) Eden: 559232K(559232K)->0K(559232K) From: 1320K(69888K)->1714K(69888K)
[78.302s][info][gc,heap        ] GC(535) Tenured: 85057K(1398144K)->85057K(1398144K)
[78.302s][info][gc,metaspace   ] GC(535) Metaspace: 11800K(12096K)->11800K(12096K) NonClass: 10271K(10432K)->10271K(10432K) Class: 1528K(1664K)->1528K(1664K)
[78.302s][info][gc             ] GC(535) Pause Young (Allocation Failure) 630M->84M(1979M) 0.913ms
[78.302s][info][gc,cpu         ] GC(535) User=0.00s Sys=0.00s Real=0.00s
[78.437s][info][gc,start       ] GC(536) Pause Young (Allocation Failure)
[78.437s][info][gc,heap        ] GC(536) DefNew: 560946K(629120K)->1999K(629120K) Eden: 559232K(559232K)->0K(559232K) From: 1714K(69888K)->1999K(69888K)
[78.438s][info][gc,heap        ] GC(536) Tenured: 85057K(1398144K)->85057K(1398144K)
[78.438s][info][gc,metaspace   ] GC(536) Metaspace: 11800K(12096K)->11800K(12096K) NonClass: 10271K(10432K)->10271K(10432K) Class: 1528K(1664K)->1528K(1664K)
[78.438s][info][gc             ] GC(536) Pause Young (Allocation Failure) 630M->85M(1979M) 0.969ms
[78.438s][info][gc,cpu         ] GC(536) User=0.00s Sys=0.00s Real=0.00s
[78.578s][info][gc,start       ] GC(537) Pause Young (Allocation Failure)
[78.579s][info][gc,heap        ] GC(537) DefNew: 561217K(629120K)->2543K(629120K) Eden: 559218K(559232K)->0K(559232K) From: 1999K(69888K)->2543K(69888K)
[78.579s][info][gc,heap        ] GC(537) Tenured: 85057K(1398144K)->85057K(1398144K)
[78.579s][info][gc,metaspace   ] GC(537) Metaspace: 11800K(12096K)->11800K(12096K) NonClass: 10271K(10432K)->10271K(10432K) Class: 1528K(1664K)->1528K(1664K)
[78.579s][info][gc             ] GC(537) Pause Young (Allocation Failure) 631M->85M(1979M) 1.279ms
[78.579s][info][gc,cpu         ] GC(537) User=0.00s Sys=0.00s Real=0.02s
[78.717s][info][gc,start       ] GC(538) Pause Young (Allocation Failure)
[78.718s][info][gc,heap        ] GC(538) DefNew: 561775K(629120K)->1962K(629120K) Eden: 559232K(559232K)->0K(559232K) From: 2543K(69888K)->1962K(69888K)
[78.718s][info][gc,heap        ] GC(538) Tenured: 85057K(1398144K)->85057K(1398144K)
[78.718s][info][gc,metaspace   ] GC(538) Metaspace: 11800K(12096K)->11800K(12096K) NonClass: 10271K(10432K)->10271K(10432K) Class: 1528K(1664K)->1528K(1664K)
[78.718s][info][gc             ] GC(538) Pause Young (Allocation Failure) 631M->84M(1979M) 0.968ms
[78.718s][info][gc,cpu         ] GC(538) User=0.00s Sys=0.00s Real=0.00s
[78.854s][info][gc,start       ] GC(539) Pause Young (Allocation Failure)
[78.854s][info][gc,heap        ] GC(539) DefNew: 561194K(629120K)->440K(629120K) Eden: 559232K(559232K)->0K(559232K) From: 1962K(69888K)->440K(69888K)
[78.854s][info][gc,heap        ] GC(539) Tenured: 85057K(1398144K)->85057K(1398144K)
[78.854s][info][gc,metaspace   ] GC(539) Metaspace: 11800K(12096K)->11800K(12096K) NonClass: 10271K(10432K)->10271K(10432K) Class: 1528K(1664K)->1528K(1664K)
[78.854s][info][gc             ] GC(539) Pause Young (Allocation Failure) 631M->83M(1979M) 0.490ms
[78.854s][info][gc,cpu         ] GC(539) User=0.00s Sys=0.00s Real=0.00s
[78.988s][info][gc,start       ] GC(540) Pause Young (Allocation Failure)
[78.989s][info][gc,heap        ] GC(540) DefNew: 559672K(629120K)->683K(629120K) Eden: 559232K(559232K)->0K(559232K) From: 440K(69888K)->683K(69888K)
[78.989s][info][gc,heap        ] GC(540) Tenured: 85057K(1398144K)->85057K(1398144K)
[78.989s][info][gc,metaspace   ] GC(540) Metaspace: 11800K(12096K)->11800K(12096K) NonClass: 10271K(10432K)->10271K(10432K) Class: 1528K(1664K)->1528K(1664K)
[78.989s][info][gc             ] GC(540) Pause Young (Allocation Failure) 629M->83M(1979M) 0.579ms
[78.989s][info][gc,cpu         ] GC(540) User=0.00s Sys=0.00s Real=0.00s
[79.121s][info][gc,start       ] GC(541) Pause Full (System.gc())
[79.121s][info][gc,phases,start] GC(541) Phase 1: Mark live objects
[79.171s][info][gc,phases      ] GC(541) Phase 1: Mark live objects 50.589ms
[79.171s][info][gc,phases,start] GC(541) Phase 2: Compute new object addresses
[79.226s][info][gc,phases      ] GC(541) Phase 2: Compute new object addresses 54.768ms
[79.226s][info][gc,phases,start] GC(541) Phase 3: Adjust pointers
[79.247s][info][gc,phases      ] GC(541) Phase 3: Adjust pointers 20.979ms
[79.247s][info][gc,phases,start] GC(541) Phase 4: Move objects
[79.247s][info][gc,phases      ] GC(541) Phase 4: Move objects 0.009ms
[79.247s][info][gc,heap        ] GC(541) DefNew: 544878K(629120K)->0K(629120K) Eden: 544195K(559232K)->0K(559232K) From: 683K(69888K)->0K(69888K)
[79.247s][info][gc,heap        ] GC(541) Tenured: 85057K(1398144K)->85057K(1398144K)
[79.247s][info][gc,metaspace   ] GC(541) Metaspace: 11800K(12096K)->11800K(12096K) NonClass: 10271K(10432K)->10271K(10432K) Class: 1528K(1664K)->1528K(1664K)
[79.247s][info][gc             ] GC(541) Pause Full (System.gc()) 615M->83M(1979M) 126.638ms
[79.247s][info][gc,cpu         ] GC(541) User=0.11s Sys=0.00s Real=0.13s
[79.389s][info][gc,start       ] GC(542) Pause Young (Allocation Failure)
[79.390s][info][gc,heap        ] GC(542) DefNew: 559232K(629120K)->446K(629120K) Eden: 559232K(559232K)->0K(559232K) From: 0K(69888K)->446K(69888K)
[79.390s][info][gc,heap        ] GC(542) Tenured: 85057K(1398144K)->85057K(1398144K)
[79.390s][info][gc,metaspace   ] GC(542) Metaspace: 11800K(12096K)->11800K(12096K) NonClass: 10271K(10432K)->10271K(10432K) Class: 1528K(1664K)->1528K(1664K)
[79.390s][info][gc             ] GC(542) Pause Young (Allocation Failure) 629M->83M(1979M) 0.509ms
[79.390s][info][gc,cpu         ] GC(542) User=0.00s Sys=0.00s Real=0.00s
[79.530s][info][gc,start       ] GC(543) Pause Young (Allocation Failure)
[79.531s][info][gc,heap        ] GC(543) DefNew: 559678K(629120K)->907K(629120K) Eden: 559232K(559232K)->0K(559232K) From: 446K(69888K)->907K(69888K)
[79.531s][info][gc,heap        ] GC(543) Tenured: 85057K(1398144K)->85057K(1398144K)
[79.531s][info][gc,metaspace   ] GC(543) Metaspace: 11800K(12096K)->11800K(12096K) NonClass: 10271K(10432K)->10271K(10432K) Class: 1528K(1664K)->1528K(1664K)
[79.531s][info][gc             ] GC(543) Pause Young (Allocation Failure) 629M->83M(1979M) 0.621ms
[79.531s][info][gc,cpu         ] GC(543) User=0.00s Sys=0.00s Real=0.00s
[79.666s][info][gc,start       ] GC(544) Pause Young (Allocation Failure)
[79.667s][info][gc,heap        ] GC(544) DefNew: 560139K(629120K)->1304K(629120K) Eden: 559232K(559232K)->0K(559232K) From: 907K(69888K)->1304K(69888K)
[79.667s][info][gc,heap        ] GC(544) Tenured: 85057K(1398144K)->85057K(1398144K)
[79.667s][info][gc,metaspace   ] GC(544) Metaspace: 11800K(12096K)->11800K(12096K) NonClass: 10271K(10432K)->10271K(10432K) Class: 1528K(1664K)->1528K(1664K)
[79.667s][info][gc             ] GC(544) Pause Young (Allocation Failure) 630M->84M(1979M) 0.760ms
[79.667s][info][gc,cpu         ] GC(544) User=0.00s Sys=0.00s Real=0.00s
[79.802s][info][gc,start       ] GC(545) Pause Young (Allocation Failure)
[79.803s][info][gc,heap        ] GC(545) DefNew: 560536K(629120K)->1933K(629120K) Eden: 559232K(559232K)->0K(559232K) From: 1304K(69888K)->1933K(69888K)
[79.803s][info][gc,heap        ] GC(545) Tenured: 85057K(1398144K)->85057K(1398144K)
[79.803s][info][gc,metaspace   ] GC(545) Metaspace: 11800K(12096K)->11800K(12096K) NonClass: 10271K(10432K)->10271K(10432K) Class: 1528K(1664K)->1528K(1664K)
[79.803s][info][gc             ] GC(545) Pause Young (Allocation Failure) 630M->84M(1979M) 0.936ms
[79.803s][info][gc,cpu         ] GC(545) User=0.00s Sys=0.00s Real=0.00s
[79.938s][info][gc,start       ] GC(546) Pause Young (Allocation Failure)
[79.939s][info][gc,heap        ] GC(546) DefNew: 561165K(629120K)->2205K(629120K) Eden: 559232K(559232K)->0K(559232K) From: 1933K(69888K)->2205K(69888K)
[79.939s][info][gc,heap        ] GC(546) Tenured: 85057K(1398144K)->85057K(1398144K)
[79.939s][info][gc,metaspace   ] GC(546) Metaspace: 11800K(12096K)->11800K(12096K) NonClass: 10271K(10432K)->10271K(10432K) Class: 1528K(1664K)->1528K(1664K)
[79.939s][info][gc             ] GC(546) Pause Young (Allocation Failure) 631M->85M(1979M) 1.013ms
[79.939s][info][gc,cpu         ] GC(546) User=0.00s Sys=0.00s Real=0.00s
[80.074s][info][gc,start       ] GC(547) Pause Young (Allocation Failure)
[80.075s][info][gc,heap        ] GC(547) DefNew: 561437K(629120K)->2788K(629120K) Eden: 559232K(559232K)->0K(559232K) From: 2205K(69888K)->2788K(69888K)
[80.075s][info][gc,heap        ] GC(547) Tenured: 85057K(1398144K)->85057K(1398144K)
[80.075s][info][gc,metaspace   ] GC(547) Metaspace: 11800K(12096K)->11800K(12096K) NonClass: 10271K(10432K)->10271K(10432K) Class: 1528K(1664K)->1528K(1664K)
[80.075s][info][gc             ] GC(547) Pause Young (Allocation Failure) 631M->85M(1979M) 1.295ms
[80.075s][info][gc,cpu         ] GC(547) User=0.00s Sys=0.00s Real=0.00s
[80.208s][info][gc,start       ] GC(548) Pause Young (Allocation Failure)
[80.210s][info][gc,heap        ] GC(548) DefNew: 561973K(629120K)->2934K(629120K) Eden: 559184K(559232K)->0K(559232K) From: 2788K(69888K)->2934K(69888K)
[80.210s][info][gc,heap        ] GC(548) Tenured: 85057K(1398144K)->85057K(1398144K)
[80.210s][info][gc,metaspace   ] GC(548) Metaspace: 11800K(12096K)->11800K(12096K) NonClass: 10271K(10432K)->10271K(10432K) Class: 1528K(1664K)->1528K(1664K)
[80.210s][info][gc             ] GC(548) Pause Young (Allocation Failure) 631M->85M(1979M) 1.347ms
[80.210s][info][gc,cpu         ] GC(548) User=0.00s Sys=0.00s Real=0.00s
[80.348s][info][gc,start       ] GC(549) Pause Young (Allocation Failure)
[80.349s][info][gc,heap        ] GC(549) DefNew: 562166K(629120K)->493K(629120K) Eden: 559232K(559232K)->0K(559232K) From: 2934K(69888K)->493K(69888K)
[80.349s][info][gc,heap        ] GC(549) Tenured: 85057K(1398144K)->85057K(1398144K)
[80.349s][info][gc,metaspace   ] GC(549) Metaspace: 11800K(12096K)->11800K(12096K) NonClass: 10271K(10432K)->10271K(10432K) Class: 1528K(1664K)->1528K(1664K)
[80.349s][info][gc             ] GC(549) Pause Young (Allocation Failure) 632M->83M(1979M) 0.519ms
[80.349s][info][gc,cpu         ] GC(549) User=0.00s Sys=0.00s Real=0.00s
[80.487s][info][gc,start       ] GC(550) Pause Young (Allocation Failure)
[80.487s][info][gc,heap        ] GC(550) DefNew: 559725K(629120K)->892K(629120K) Eden: 559232K(559232K)->0K(559232K) From: 493K(69888K)->892K(69888K)
[80.487s][info][gc,heap        ] GC(550) Tenured: 85057K(1398144K)->85057K(1398144K)
[80.487s][info][gc,metaspace   ] GC(550) Metaspace: 11800K(12096K)->11800K(12096K) NonClass: 10271K(10432K)->10271K(10432K) Class: 1528K(1664K)->1528K(1664K)
[80.487s][info][gc             ] GC(550) Pause Young (Allocation Failure) 629M->83M(1979M) 0.612ms
[80.487s][info][gc,cpu         ] GC(550) User=0.00s Sys=0.00s Real=0.00s
[80.624s][info][gc,start       ] GC(551) Pause Young (Allocation Failure)
[80.625s][info][gc,heap        ] GC(551) DefNew: 560124K(629120K)->1218K(629120K) Eden: 559232K(559232K)->0K(559232K) From: 892K(69888K)->1218K(69888K)
[80.625s][info][gc,heap        ] GC(551) Tenured: 85057K(1398144K)->85057K(1398144K)
[80.625s][info][gc,metaspace   ] GC(551) Metaspace: 11800K(12096K)->11800K(12096K) NonClass: 10271K(10432K)->10271K(10432K) Class: 1528K(1664K)->1528K(1664K)
[80.625s][info][gc             ] GC(551) Pause Young (Allocation Failure) 630M->84M(1979M) 0.738ms
[80.625s][info][gc,cpu         ] GC(551) User=0.00s Sys=0.00s Real=0.00s
[80.761s][info][gc,start       ] GC(552) Pause Young (Allocation Failure)
[80.761s][info][gc,heap        ] GC(552) DefNew: 560450K(629120K)->1804K(629120K) Eden: 559232K(559232K)->0K(559232K) From: 1218K(69888K)->1804K(69888K)
[80.761s][info][gc,heap        ] GC(552) Tenured: 85057K(1398144K)->85057K(1398144K)
[80.761s][info][gc,metaspace   ] GC(552) Metaspace: 11800K(12096K)->11800K(12096K) NonClass: 10271K(10432K)->10271K(10432K) Class: 1528K(1664K)->1528K(1664K)
[80.762s][info][gc             ] GC(552) Pause Young (Allocation Failure) 630M->84M(1979M) 0.976ms
[80.762s][info][gc,cpu         ] GC(552) User=0.00s Sys=0.00s Real=0.00s
[80.896s][info][gc,start       ] GC(553) Pause Young (Allocation Failure)
[80.897s][info][gc,heap        ] GC(553) DefNew: 561036K(629120K)->2084K(629120K) Eden: 559232K(559232K)->0K(559232K) From: 1804K(69888K)->2084K(69888K)
[80.897s][info][gc,heap        ] GC(553) Tenured: 85057K(1398144K)->85057K(1398144K)
[80.897s][info][gc,metaspace   ] GC(553) Metaspace: 11800K(12096K)->11800K(12096K) NonClass: 10271K(10432K)->10271K(10432K) Class: 1528K(1664K)->1528K(1664K)
[80.897s][info][gc             ] GC(553) Pause Young (Allocation Failure) 630M->85M(1979M) 0.996ms
[80.897s][info][gc,cpu         ] GC(553) User=0.00s Sys=0.00s Real=0.00s
[81.031s][info][gc,start       ] GC(554) Pause Young (Allocation Failure)
[81.032s][info][gc,heap        ] GC(554) DefNew: 561218K(629120K)->2570K(629120K) Eden: 559133K(559232K)->0K(559232K) From: 2084K(69888K)->2570K(69888K)
[81.032s][info][gc,heap        ] GC(554) Tenured: 85057K(1398144K)->85057K(1398144K)
[81.032s][info][gc,metaspace   ] GC(554) Metaspace: 11800K(12096K)->11800K(12096K) NonClass: 10271K(10432K)->10271K(10432K) Class: 1528K(1664K)->1528K(1664K)
[81.032s][info][gc             ] GC(554) Pause Young (Allocation Failure) 631M->85M(1979M) 1.182ms
[81.032s][info][gc,cpu         ] GC(554) User=0.00s Sys=0.00s Real=0.00s
[81.170s][info][gc,start       ] GC(555) Pause Young (Allocation Failure)
[81.171s][info][gc,heap        ] GC(555) DefNew: 561802K(629120K)->62K(629120K) Eden: 559232K(559232K)->0K(559232K) From: 2570K(69888K)->62K(69888K)
[81.171s][info][gc,heap        ] GC(555) Tenured: 85057K(1398144K)->85057K(1398144K)
[81.171s][info][gc,metaspace   ] GC(555) Metaspace: 11800K(12096K)->11800K(12096K) NonClass: 10271K(10432K)->10271K(10432K) Class: 1528K(1664K)->1528K(1664K)
[81.171s][info][gc             ] GC(555) Pause Young (Allocation Failure) 631M->83M(1979M) 0.380ms
[81.171s][info][gc,cpu         ] GC(555) User=0.00s Sys=0.00s Real=0.01s
[81.304s][info][gc,start       ] GC(556) Pause Young (Allocation Failure)
[81.305s][info][gc,heap        ] GC(556) DefNew: 559294K(629120K)->483K(629120K) Eden: 559232K(559232K)->0K(559232K) From: 62K(69888K)->483K(69888K)
[81.305s][info][gc,heap        ] GC(556) Tenured: 85057K(1398144K)->85057K(1398144K)
[81.305s][info][gc,metaspace   ] GC(556) Metaspace: 11800K(12096K)->11800K(12096K) NonClass: 10271K(10432K)->10271K(10432K) Class: 1528K(1664K)->1528K(1664K)
[81.305s][info][gc             ] GC(556) Pause Young (Allocation Failure) 629M->83M(1979M) 0.512ms
[81.305s][info][gc,cpu         ] GC(556) User=0.00s Sys=0.00s Real=0.00s
[81.439s][info][gc,start       ] GC(557) Pause Young (Allocation Failure)
[81.440s][info][gc,heap        ] GC(557) DefNew: 559715K(629120K)->891K(629120K) Eden: 559232K(559232K)->0K(559232K) From: 483K(69888K)->891K(69888K)
[81.440s][info][gc,heap        ] GC(557) Tenured: 85057K(1398144K)->85058K(1398144K)
[81.440s][info][gc,metaspace   ] GC(557) Metaspace: 11800K(12096K)->11800K(12096K) NonClass: 10271K(10432K)->10271K(10432K) Class: 1528K(1664K)->1528K(1664K)
[81.440s][info][gc             ] GC(557) Pause Young (Allocation Failure) 629M->83M(1979M) 0.660ms
[81.440s][info][gc,cpu         ] GC(557) User=0.00s Sys=0.00s Real=0.00s
[81.580s][info][gc,start       ] GC(558) Pause Young (Allocation Failure)
[81.580s][info][gc,heap        ] GC(558) DefNew: 560123K(629120K)->1351K(629120K) Eden: 559232K(559232K)->0K(559232K) From: 891K(69888K)->1351K(69888K)
[81.580s][info][gc,heap        ] GC(558) Tenured: 85058K(1398144K)->85058K(1398144K)
[81.580s][info][gc,metaspace   ] GC(558) Metaspace: 11800K(12096K)->11800K(12096K) NonClass: 10271K(10432K)->10271K(10432K) Class: 1528K(1664K)->1528K(1664K)
[81.580s][info][gc             ] GC(558) Pause Young (Allocation Failure) 630M->84M(1979M) 0.789ms
[81.580s][info][gc,cpu         ] GC(558) User=0.00s Sys=0.00s Real=0.00s
[81.713s][info][gc,start       ] GC(559) Pause Full (System.gc())
[81.713s][info][gc,phases,start] GC(559) Phase 1: Mark live objects
[81.766s][info][gc,phases      ] GC(559) Phase 1: Mark live objects 52.829ms
[81.766s][info][gc,phases,start] GC(559) Phase 2: Compute new object addresses
[81.819s][info][gc,phases      ] GC(559) Phase 2: Compute new object addresses 53.419ms
[81.819s][info][gc,phases,start] GC(559) Phase 3: Adjust pointers
[81.840s][info][gc,phases      ] GC(559) Phase 3: Adjust pointers 20.867ms
[81.840s][info][gc,phases,start] GC(559) Phase 4: Move objects
[81.840s][info][gc,phases      ] GC(559) Phase 4: Move objects 0.009ms
[81.840s][info][gc,heap        ] GC(559) DefNew: 534394K(629120K)->0K(629120K) Eden: 533042K(559232K)->0K(559232K) From: 1351K(69888K)->0K(69888K)
[81.840s][info][gc,heap        ] GC(559) Tenured: 85058K(1398144K)->85057K(1398144K)
[81.840s][info][gc,metaspace   ] GC(559) Metaspace: 11802K(12096K)->11802K(12096K) NonClass: 10273K(10432K)->10273K(10432K) Class: 1528K(1664K)->1528K(1664K)
[81.840s][info][gc             ] GC(559) Pause Full (System.gc()) 604M->83M(1979M) 127.421ms
[81.840s][info][gc,cpu         ] GC(559) User=0.11s Sys=0.00s Real=0.13s
[81.984s][info][gc,start       ] GC(560) Pause Young (Allocation Failure)
[81.984s][info][gc,heap        ] GC(560) DefNew: 559232K(629120K)->431K(629120K) Eden: 559232K(559232K)->0K(559232K) From: 0K(69888K)->431K(69888K)
[81.984s][info][gc,heap        ] GC(560) Tenured: 85057K(1398144K)->85057K(1398144K)
[81.984s][info][gc,metaspace   ] GC(560) Metaspace: 11802K(12096K)->11802K(12096K) NonClass: 10273K(10432K)->10273K(10432K) Class: 1528K(1664K)->1528K(1664K)
[81.985s][info][gc             ] GC(560) Pause Young (Allocation Failure) 629M->83M(1979M) 0.493ms
[81.985s][info][gc,cpu         ] GC(560) User=0.00s Sys=0.00s Real=0.00s
[82.119s][info][gc,start       ] GC(561) Pause Young (Allocation Failure)
[82.119s][info][gc,heap        ] GC(561) DefNew: 559663K(629120K)->810K(629120K) Eden: 559232K(559232K)->0K(559232K) From: 431K(69888K)->810K(69888K)
[82.119s][info][gc,heap        ] GC(561) Tenured: 85057K(1398144K)->85057K(1398144K)
[82.119s][info][gc,metaspace   ] GC(561) Metaspace: 11802K(12096K)->11802K(12096K) NonClass: 10273K(10432K)->10273K(10432K) Class: 1528K(1664K)->1528K(1664K)
[82.119s][info][gc             ] GC(561) Pause Young (Allocation Failure) 629M->83M(1979M) 0.582ms
[82.119s][info][gc,cpu         ] GC(561) User=0.00s Sys=0.00s Real=0.00s
[82.253s][info][gc,start       ] GC(562) Pause Young (Allocation Failure)
[82.254s][info][gc,heap        ] GC(562) DefNew: 560042K(629120K)->1161K(629120K) Eden: 559232K(559232K)->0K(559232K) From: 810K(69888K)->1161K(69888K)
[82.254s][info][gc,heap        ] GC(562) Tenured: 85057K(1398144K)->85057K(1398144K)
[82.254s][info][gc,metaspace   ] GC(562) Metaspace: 11802K(12096K)->11802K(12096K) NonClass: 10273K(10432K)->10273K(10432K) Class: 1528K(1664K)->1528K(1664K)
[82.254s][info][gc             ] GC(562) Pause Young (Allocation Failure) 629M->84M(1979M) 0.679ms
[82.254s][info][gc,cpu         ] GC(562) User=0.00s Sys=0.00s Real=0.00s
[82.387s][info][gc,start       ] GC(563) Pause Young (Allocation Failure)
[82.388s][info][gc,heap        ] GC(563) DefNew: 560393K(629120K)->1525K(629120K) Eden: 559232K(559232K)->0K(559232K) From: 1161K(69888K)->1525K(69888K)
[82.388s][info][gc,heap        ] GC(563) Tenured: 85057K(1398144K)->85057K(1398144K)
[82.388s][info][gc,metaspace   ] GC(563) Metaspace: 11802K(12096K)->11802K(12096K) NonClass: 10273K(10432K)->10273K(10432K) Class: 1528K(1664K)->1528K(1664K)
[82.388s][info][gc             ] GC(563) Pause Young (Allocation Failure) 630M->84M(1979M) 0.824ms
[82.388s][info][gc,cpu         ] GC(563) User=0.00s Sys=0.00s Real=0.00s
[82.528s][info][gc,start       ] GC(564) Pause Young (Allocation Failure)
[82.529s][info][gc,heap        ] GC(564) DefNew: 560757K(629120K)->1878K(629120K) Eden: 559232K(559232K)->0K(559232K) From: 1525K(69888K)->1878K(69888K)
[82.529s][info][gc,heap        ] GC(564) Tenured: 85057K(1398144K)->85057K(1398144K)
[82.529s][info][gc,metaspace   ] GC(564) Metaspace: 11802K(12096K)->11802K(12096K) NonClass: 10273K(10432K)->10273K(10432K) Class: 1528K(1664K)->1528K(1664K)
[82.529s][info][gc             ] GC(564) Pause Young (Allocation Failure) 630M->84M(1979M) 0.963ms
[82.529s][info][gc,cpu         ] GC(564) User=0.00s Sys=0.00s Real=0.00s
[82.664s][info][gc,start       ] GC(565) Pause Young (Allocation Failure)
[82.665s][info][gc,heap        ] GC(565) DefNew: 561110K(629120K)->2325K(629120K) Eden: 559232K(559232K)->0K(559232K) From: 1878K(69888K)->2325K(69888K)
[82.665s][info][gc,heap        ] GC(565) Tenured: 85057K(1398144K)->85057K(1398144K)
[82.665s][info][gc,metaspace   ] GC(565) Metaspace: 11802K(12096K)->11802K(12096K) NonClass: 10273K(10432K)->10273K(10432K) Class: 1528K(1664K)->1528K(1664K)
[82.665s][info][gc             ] GC(565) Pause Young (Allocation Failure) 631M->85M(1979M) 1.212ms
[82.665s][info][gc,cpu         ] GC(565) User=0.00s Sys=0.00s Real=0.00s
[82.800s][info][gc,start       ] GC(566) Pause Young (Allocation Failure)
[82.801s][info][gc,heap        ] GC(566) DefNew: 561557K(629120K)->2494K(629120K) Eden: 559232K(559232K)->0K(559232K) From: 2325K(69888K)->2494K(69888K)
[82.801s][info][gc,heap        ] GC(566) Tenured: 85057K(1398144K)->85057K(1398144K)
[82.801s][info][gc,metaspace   ] GC(566) Metaspace: 11802K(12096K)->11802K(12096K) NonClass: 10273K(10432K)->10273K(10432K) Class: 1528K(1664K)->1528K(1664K)
[82.801s][info][gc             ] GC(566) Pause Young (Allocation Failure) 631M->85M(1979M) 1.226ms
[82.801s][info][gc,cpu         ] GC(566) User=0.00s Sys=0.00s Real=0.00s
[82.939s][info][gc,start       ] GC(567) Pause Young (Allocation Failure)
[82.939s][info][gc,heap        ] GC(567) DefNew: 561726K(629120K)->250K(629120K) Eden: 559232K(559232K)->0K(559232K) From: 2494K(69888K)->250K(69888K)
[82.939s][info][gc,heap        ] GC(567) Tenured: 85057K(1398144K)->85057K(1398144K)
[82.939s][info][gc,metaspace   ] GC(567) Metaspace: 11802K(12096K)->11802K(12096K) NonClass: 10273K(10432K)->10273K(10432K) Class: 1528K(1664K)->1528K(1664K)
[82.939s][info][gc             ] GC(567) Pause Young (Allocation Failure) 631M->83M(1979M) 0.441ms
[82.939s][info][gc,cpu         ] GC(567) User=0.00s Sys=0.00s Real=0.00s
[83.075s][info][gc,start       ] GC(568) Pause Young (Allocation Failure)
[83.075s][info][gc,heap        ] GC(568) DefNew: 559482K(629120K)->876K(629120K) Eden: 559232K(559232K)->0K(559232K) From: 250K(69888K)->876K(69888K)
[83.075s][info][gc,heap        ] GC(568) Tenured: 85057K(1398144K)->85057K(1398144K)
[83.075s][info][gc,metaspace   ] GC(568) Metaspace: 11802K(12096K)->11802K(12096K) NonClass: 10273K(10432K)->10273K(10432K) Class: 1528K(1664K)->1528K(1664K)
[83.075s][info][gc             ] GC(568) Pause Young (Allocation Failure) 629M->83M(1979M) 0.596ms
[83.075s][info][gc,cpu         ] GC(568) User=0.00s Sys=0.00s Real=0.00s
[83.209s][info][gc,start       ] GC(569) Pause Young (Allocation Failure)
[83.210s][info][gc,heap        ] GC(569) DefNew: 560108K(629120K)->1172K(629120K) Eden: 559232K(559232K)->0K(559232K) From: 876K(69888K)->1172K(69888K)
[83.210s][info][gc,heap        ] GC(569) Tenured: 85057K(1398144K)->85057K(1398144K)
[83.210s][info][gc,metaspace   ] GC(569) Metaspace: 11802K(12096K)->11802K(12096K) NonClass: 10273K(10432K)->10273K(10432K) Class: 1528K(1664K)->1528K(1664K)
[83.210s][info][gc             ] GC(569) Pause Young (Allocation Failure) 630M->84M(1979M) 0.725ms
[83.210s][info][gc,cpu         ] GC(569) User=0.00s Sys=0.00s Real=0.00s
[83.344s][info][gc,start       ] GC(570) Pause Young (Allocation Failure)
[83.345s][info][gc,heap        ] GC(570) DefNew: 560404K(629120K)->1806K(629120K) Eden: 559232K(559232K)->0K(559232K) From: 1172K(69888K)->1806K(69888K)
[83.345s][info][gc,heap        ] GC(570) Tenured: 85057K(1398144K)->85057K(1398144K)
[83.345s][info][gc,metaspace   ] GC(570) Metaspace: 11802K(12096K)->11802K(12096K) NonClass: 10273K(10432K)->10273K(10432K) Class: 1528K(1664K)->1528K(1664K)
[83.345s][info][gc             ] GC(570) Pause Young (Allocation Failure) 630M->84M(1979M) 0.919ms
[83.345s][info][gc,cpu         ] GC(570) User=0.00s Sys=0.00s Real=0.00s
[83.481s][info][gc,start       ] GC(571) Pause Young (Allocation Failure)
[83.482s][info][gc,heap        ] GC(571) DefNew: 561038K(629120K)->1949K(629120K) Eden: 559232K(559232K)->0K(559232K) From: 1806K(69888K)->1949K(69888K)
[83.482s][info][gc,heap        ] GC(571) Tenured: 85057K(1398144K)->85057K(1398144K)
[83.482s][info][gc,metaspace   ] GC(571) Metaspace: 11802K(12096K)->11802K(12096K) NonClass: 10273K(10432K)->10273K(10432K) Class: 1528K(1664K)->1528K(1664K)
[83.482s][info][gc             ] GC(571) Pause Young (Allocation Failure) 630M->84M(1979M) 0.995ms
[83.482s][info][gc,cpu         ] GC(571) User=0.00s Sys=0.00s Real=0.00s
[83.620s][info][gc,start       ] GC(572) Pause Young (Allocation Failure)
[83.621s][info][gc,heap        ] GC(572) DefNew: 561181K(629120K)->2434K(629120K) Eden: 559232K(559232K)->0K(559232K) From: 1949K(69888K)->2434K(69888K)
[83.621s][info][gc,heap        ] GC(572) Tenured: 85057K(1398144K)->85057K(1398144K)
[83.621s][info][gc,metaspace   ] GC(572) Metaspace: 11802K(12096K)->11802K(12096K) NonClass: 10273K(10432K)->10273K(10432K) Class: 1528K(1664K)->1528K(1664K)
[83.621s][info][gc             ] GC(572) Pause Young (Allocation Failure) 631M->85M(1979M) 1.207ms
[83.621s][info][gc,cpu         ] GC(572) User=0.00s Sys=0.00s Real=0.00s
[83.758s][info][gc,start       ] GC(573) Pause Young (Allocation Failure)
[83.759s][info][gc,heap        ] GC(573) DefNew: 561433K(629120K)->2738K(629120K) Eden: 558999K(559232K)->0K(559232K) From: 2434K(69888K)->2738K(69888K)
[83.759s][info][gc,heap        ] GC(573) Tenured: 85057K(1398144K)->85057K(1398144K)
[83.759s][info][gc,metaspace   ] GC(573) Metaspace: 11802K(12096K)->11802K(12096K) NonClass: 10273K(10432K)->10273K(10432K) Class: 1528K(1664K)->1528K(1664K)
[83.759s][info][gc             ] GC(573) Pause Young (Allocation Failure) 631M->85M(1979M) 1.284ms
[83.759s][info][gc,cpu         ] GC(573) User=0.00s Sys=0.00s Real=0.00s
[83.897s][info][gc,start       ] GC(574) Pause Young (Allocation Failure)
[83.898s][info][gc,heap        ] GC(574) DefNew: 561970K(629120K)->386K(629120K) Eden: 559232K(559232K)->0K(559232K) From: 2738K(69888K)->386K(69888K)
[83.898s][info][gc,heap        ] GC(574) Tenured: 85057K(1398144K)->85057K(1398144K)
[83.898s][info][gc,metaspace   ] GC(574) Metaspace: 11802K(12096K)->11802K(12096K) NonClass: 10273K(10432K)->10273K(10432K) Class: 1528K(1664K)->1528K(1664K)
[83.898s][info][gc             ] GC(574) Pause Young (Allocation Failure) 631M->83M(1979M) 0.485ms
[83.898s][info][gc,cpu         ] GC(574) User=0.00s Sys=0.00s Real=0.00s
[84.032s][info][gc,start       ] GC(575) Pause Young (Allocation Failure)
[84.033s][info][gc,heap        ] GC(575) DefNew: 559618K(629120K)->911K(629120K) Eden: 559232K(559232K)->0K(559232K) From: 386K(69888K)->911K(69888K)
[84.033s][info][gc,heap        ] GC(575) Tenured: 85057K(1398144K)->85057K(1398144K)
[84.033s][info][gc,metaspace   ] GC(575) Metaspace: 11802K(12096K)->11802K(12096K) NonClass: 10273K(10432K)->10273K(10432K) Class: 1528K(1664K)->1528K(1664K)
[84.033s][info][gc             ] GC(575) Pause Young (Allocation Failure) 629M->83M(1979M) 0.616ms
[84.033s][info][gc,cpu         ] GC(575) User=0.00s Sys=0.00s Real=0.00s
[84.167s][info][gc,start       ] GC(576) Pause Young (Allocation Failure)
[84.167s][info][gc,heap        ] GC(576) DefNew: 560143K(629120K)->1337K(629120K) Eden: 559232K(559232K)->0K(559232K) From: 911K(69888K)->1337K(69888K)
[84.167s][info][gc,heap        ] GC(576) Tenured: 85057K(1398144K)->85057K(1398144K)
[84.167s][info][gc,metaspace   ] GC(576) Metaspace: 11802K(12096K)->11802K(12096K) NonClass: 10273K(10432K)->10273K(10432K) Class: 1528K(1664K)->1528K(1664K)
[84.167s][info][gc             ] GC(576) Pause Young (Allocation Failure) 630M->84M(1979M) 0.771ms
[84.167s][info][gc,cpu         ] GC(576) User=0.00s Sys=0.00s Real=0.00s
[84.297s][info][gc,start       ] GC(577) Pause Full (System.gc())
[84.297s][info][gc,phases,start] GC(577) Phase 1: Mark live objects
[84.350s][info][gc,phases      ] GC(577) Phase 1: Mark live objects 52.103ms
[84.350s][info][gc,phases,start] GC(577) Phase 2: Compute new object addresses
[84.403s][info][gc,phases      ] GC(577) Phase 2: Compute new object addresses 53.488ms
[84.403s][info][gc,phases,start] GC(577) Phase 3: Adjust pointers
[84.424s][info][gc,phases      ] GC(577) Phase 3: Adjust pointers 21.089ms
[84.424s][info][gc,phases,start] GC(577) Phase 4: Move objects
[84.424s][info][gc,phases      ] GC(577) Phase 4: Move objects 0.009ms
[84.424s][info][gc,heap        ] GC(577) DefNew: 537138K(629120K)->0K(629120K) Eden: 535801K(559232K)->0K(559232K) From: 1337K(69888K)->0K(69888K)
[84.424s][info][gc,heap        ] GC(577) Tenured: 85057K(1398144K)->85057K(1398144K)
[84.424s][info][gc,metaspace   ] GC(577) Metaspace: 11803K(12096K)->11803K(12096K) NonClass: 10274K(10432K)->10274K(10432K) Class: 1528K(1664K)->1528K(1664K)
[84.424s][info][gc             ] GC(577) Pause Full (System.gc()) 607M->83M(1979M) 126.983ms
[84.424s][info][gc,cpu         ] GC(577) User=0.11s Sys=0.00s Real=0.12s
[84.572s][info][gc,start       ] GC(578) Pause Young (Allocation Failure)
[84.573s][info][gc,heap        ] GC(578) DefNew: 559232K(629120K)->433K(629120K) Eden: 559232K(559232K)->0K(559232K) From: 0K(69888K)->433K(69888K)
[84.573s][info][gc,heap        ] GC(578) Tenured: 85057K(1398144K)->85057K(1398144K)
[84.573s][info][gc,metaspace   ] GC(578) Metaspace: 11803K(12096K)->11803K(12096K) NonClass: 10274K(10432K)->10274K(10432K) Class: 1528K(1664K)->1528K(1664K)
[84.573s][info][gc             ] GC(578) Pause Young (Allocation Failure) 629M->83M(1979M) 0.503ms
[84.573s][info][gc,cpu         ] GC(578) User=0.00s Sys=0.00s Real=0.00s
[84.709s][info][gc,start       ] GC(579) Pause Young (Allocation Failure)
[84.709s][info][gc,heap        ] GC(579) DefNew: 559665K(629120K)->916K(629120K) Eden: 559232K(559232K)->0K(559232K) From: 433K(69888K)->916K(69888K)
[84.709s][info][gc,heap        ] GC(579) Tenured: 85057K(1398144K)->85057K(1398144K)
[84.709s][info][gc,metaspace   ] GC(579) Metaspace: 11803K(12096K)->11803K(12096K) NonClass: 10274K(10432K)->10274K(10432K) Class: 1528K(1664K)->1528K(1664K)
[84.709s][info][gc             ] GC(579) Pause Young (Allocation Failure) 629M->83M(1979M) 0.626ms
[84.709s][info][gc,cpu         ] GC(579) User=0.00s Sys=0.00s Real=0.00s
[84.844s][info][gc,start       ] GC(580) Pause Young (Allocation Failure)
[84.845s][info][gc,heap        ] GC(580) DefNew: 560148K(629120K)->1168K(629120K) Eden: 559232K(559232K)->0K(559232K) From: 916K(69888K)->1168K(69888K)
[84.845s][info][gc,heap        ] GC(580) Tenured: 85057K(1398144K)->85057K(1398144K)
[84.845s][info][gc,metaspace   ] GC(580) Metaspace: 11803K(12096K)->11803K(12096K) NonClass: 10274K(10432K)->10274K(10432K) Class: 1528K(1664K)->1528K(1664K)
[84.845s][info][gc             ] GC(580) Pause Young (Allocation Failure) 630M->84M(1979M) 0.733ms
[84.845s][info][gc,cpu         ] GC(580) User=0.00s Sys=0.00s Real=0.00s
[84.979s][info][gc,start       ] GC(581) Pause Young (Allocation Failure)
[84.980s][info][gc,heap        ] GC(581) DefNew: 560400K(629120K)->1695K(629120K) Eden: 559232K(559232K)->0K(559232K) From: 1168K(69888K)->1695K(69888K)
[84.980s][info][gc,heap        ] GC(581) Tenured: 85057K(1398144K)->85057K(1398144K)
[84.980s][info][gc,metaspace   ] GC(581) Metaspace: 11803K(12096K)->11803K(12096K) NonClass: 10274K(10432K)->10274K(10432K) Class: 1528K(1664K)->1528K(1664K)
[84.980s][info][gc             ] GC(581) Pause Young (Allocation Failure) 630M->84M(1979M) 0.912ms
[84.980s][info][gc,cpu         ] GC(581) User=0.00s Sys=0.00s Real=0.00s
[85.114s][info][gc,start       ] GC(582) Pause Young (Allocation Failure)
[85.115s][info][gc,heap        ] GC(582) DefNew: 560927K(629120K)->1926K(629120K) Eden: 559232K(559232K)->0K(559232K) From: 1695K(69888K)->1926K(69888K)
[85.115s][info][gc,heap        ] GC(582) Tenured: 85057K(1398144K)->85057K(1398144K)
[85.115s][info][gc,metaspace   ] GC(582) Metaspace: 11803K(12096K)->11803K(12096K) NonClass: 10274K(10432K)->10274K(10432K) Class: 1528K(1664K)->1528K(1664K)
[85.115s][info][gc             ] GC(582) Pause Young (Allocation Failure) 630M->84M(1979M) 0.954ms
[85.115s][info][gc,cpu         ] GC(582) User=0.00s Sys=0.00s Real=0.00s
[85.248s][info][gc,start       ] GC(583) Pause Young (Allocation Failure)
[85.250s][info][gc,heap        ] GC(583) DefNew: 561158K(629120K)->2718K(629120K) Eden: 559232K(559232K)->0K(559232K) From: 1926K(69888K)->2718K(69888K)
[85.250s][info][gc,heap        ] GC(583) Tenured: 85057K(1398144K)->85057K(1398144K)
[85.250s][info][gc,metaspace   ] GC(583) Metaspace: 11803K(12096K)->11803K(12096K) NonClass: 10274K(10432K)->10274K(10432K) Class: 1528K(1664K)->1528K(1664K)
[85.250s][info][gc             ] GC(583) Pause Young (Allocation Failure) 631M->85M(1979M) 1.926ms
[85.250s][info][gc,cpu         ] GC(583) User=0.00s Sys=0.00s Real=0.00s
[85.384s][info][gc,start       ] GC(584) Pause Young (Allocation Failure)
[85.385s][info][gc,heap        ] GC(584) DefNew: 561326K(629120K)->3029K(629120K) Eden: 558607K(559232K)->0K(559232K) From: 2718K(69888K)->3029K(69888K)
[85.385s][info][gc,heap        ] GC(584) Tenured: 85057K(1398144K)->85057K(1398144K)
[85.385s][info][gc,metaspace   ] GC(584) Metaspace: 11803K(12096K)->11803K(12096K) NonClass: 10274K(10432K)->10274K(10432K) Class: 1528K(1664K)->1528K(1664K)
[85.385s][info][gc             ] GC(584) Pause Young (Allocation Failure) 631M->86M(1979M) 1.302ms
[85.385s][info][gc,cpu         ] GC(584) User=0.00s Sys=0.00s Real=0.00s
[85.528s][info][gc,start       ] GC(585) Pause Young (Allocation Failure)
[85.528s][info][gc,heap        ] GC(585) DefNew: 562256K(629120K)->404K(629120K) Eden: 559227K(559232K)->0K(559232K) From: 3029K(69888K)->404K(69888K)
[85.528s][info][gc,heap        ] GC(585) Tenured: 85057K(1398144K)->85057K(1398144K)
[85.528s][info][gc,metaspace   ] GC(585) Metaspace: 11803K(12096K)->11803K(12096K) NonClass: 10274K(10432K)->10274K(10432K) Class: 1528K(1664K)->1528K(1664K)
[85.528s][info][gc             ] GC(585) Pause Young (Allocation Failure) 632M->83M(1979M) 0.508ms
[85.528s][info][gc,cpu         ] GC(585) User=0.00s Sys=0.00s Real=0.00s
[85.663s][info][gc,start       ] GC(586) Pause Young (Allocation Failure)
[85.663s][info][gc,heap        ] GC(586) DefNew: 559636K(629120K)->860K(629120K) Eden: 559232K(559232K)->0K(559232K) From: 404K(69888K)->860K(69888K)
[85.663s][info][gc,heap        ] GC(586) Tenured: 85057K(1398144K)->85057K(1398144K)
[85.663s][info][gc,metaspace   ] GC(586) Metaspace: 11803K(12096K)->11803K(12096K) NonClass: 10274K(10432K)->10274K(10432K) Class: 1528K(1664K)->1528K(1664K)
[85.663s][info][gc             ] GC(586) Pause Young (Allocation Failure) 629M->83M(1979M) 0.606ms
[85.663s][info][gc,cpu         ] GC(586) User=0.00s Sys=0.00s Real=0.00s
[85.801s][info][gc,start       ] GC(587) Pause Young (Allocation Failure)
[85.802s][info][gc,heap        ] GC(587) DefNew: 560092K(629120K)->1276K(629120K) Eden: 559232K(559232K)->0K(559232K) From: 860K(69888K)->1276K(69888K)
[85.802s][info][gc,heap        ] GC(587) Tenured: 85057K(1398144K)->85057K(1398144K)
[85.802s][info][gc,metaspace   ] GC(587) Metaspace: 11803K(12096K)->11803K(12096K) NonClass: 10274K(10432K)->10274K(10432K) Class: 1528K(1664K)->1528K(1664K)
[85.802s][info][gc             ] GC(587) Pause Young (Allocation Failure) 630M->84M(1979M) 0.809ms
[85.802s][info][gc,cpu         ] GC(587) User=0.00s Sys=0.00s Real=0.02s
[85.936s][info][gc,start       ] GC(588) Pause Young (Allocation Failure)
[85.937s][info][gc,heap        ] GC(588) DefNew: 560508K(629120K)->1696K(629120K) Eden: 559232K(559232K)->0K(559232K) From: 1276K(69888K)->1696K(69888K)
[85.937s][info][gc,heap        ] GC(588) Tenured: 85057K(1398144K)->85057K(1398144K)
[85.937s][info][gc,metaspace   ] GC(588) Metaspace: 11803K(12096K)->11803K(12096K) NonClass: 10274K(10432K)->10274K(10432K) Class: 1528K(1664K)->1528K(1664K)
[85.937s][info][gc             ] GC(588) Pause Young (Allocation Failure) 630M->84M(1979M) 0.958ms
[85.937s][info][gc,cpu         ] GC(588) User=0.00s Sys=0.00s Real=0.00s
[86.071s][info][gc,start       ] GC(589) Pause Young (Allocation Failure)
[86.072s][info][gc,heap        ] GC(589) DefNew: 560928K(629120K)->2017K(629120K) Eden: 559232K(559232K)->0K(559232K) From: 1696K(69888K)->2017K(69888K)
[86.072s][info][gc,heap        ] GC(589) Tenured: 85057K(1398144K)->85057K(1398144K)
[86.072s][info][gc,metaspace   ] GC(589) Metaspace: 11803K(12096K)->11803K(12096K) NonClass: 10274K(10432K)->10274K(10432K) Class: 1528K(1664K)->1528K(1664K)
[86.072s][info][gc             ] GC(589) Pause Young (Allocation Failure) 630M->85M(1979M) 0.962ms
[86.072s][info][gc,cpu         ] GC(589) User=0.00s Sys=0.00s Real=0.00s
[86.206s][info][gc,start       ] GC(590) Pause Young (Allocation Failure)
[86.207s][info][gc,heap        ] GC(590) DefNew: 561201K(629120K)->2542K(629120K) Eden: 559184K(559232K)->0K(559232K) From: 2017K(69888K)->2542K(69888K)
[86.207s][info][gc,heap        ] GC(590) Tenured: 85057K(1398144K)->85057K(1398144K)
[86.207s][info][gc,metaspace   ] GC(590) Metaspace: 11803K(12096K)->11803K(12096K) NonClass: 10274K(10432K)->10274K(10432K) Class: 1528K(1664K)->1528K(1664K)
[86.207s][info][gc             ] GC(590) Pause Young (Allocation Failure) 631M->85M(1979M) 1.140ms
[86.207s][info][gc,cpu         ] GC(590) User=0.00s Sys=0.00s Real=0.00s
[86.344s][info][gc,start       ] GC(591) Pause Young (Allocation Failure)
[86.345s][info][gc,heap        ] GC(591) DefNew: 561774K(629120K)->1963K(629120K) Eden: 559232K(559232K)->0K(559232K) From: 2542K(69888K)->1963K(69888K)
[86.345s][info][gc,heap        ] GC(591) Tenured: 85057K(1398144K)->85057K(1398144K)
[86.345s][info][gc,metaspace   ] GC(591) Metaspace: 11803K(12096K)->11803K(12096K) NonClass: 10274K(10432K)->10274K(10432K) Class: 1528K(1664K)->1528K(1664K)
[86.345s][info][gc             ] GC(591) Pause Young (Allocation Failure) 631M->84M(1979M) 0.898ms
[86.345s][info][gc,cpu         ] GC(591) User=0.00s Sys=0.00s Real=0.00s
[86.483s][info][gc,start       ] GC(592) Pause Young (Allocation Failure)
[86.484s][info][gc,heap        ] GC(592) DefNew: 561195K(629120K)->373K(629120K) Eden: 559232K(559232K)->0K(559232K) From: 1963K(69888K)->373K(69888K)
[86.484s][info][gc,heap        ] GC(592) Tenured: 85057K(1398144K)->85057K(1398144K)
[86.484s][info][gc,metaspace   ] GC(592) Metaspace: 11803K(12096K)->11803K(12096K) NonClass: 10274K(10432K)->10274K(10432K) Class: 1528K(1664K)->1528K(1664K)
[86.484s][info][gc             ] GC(592) Pause Young (Allocation Failure) 631M->83M(1979M) 0.514ms
[86.484s][info][gc,cpu         ] GC(592) User=0.00s Sys=0.00s Real=0.00s
[86.622s][info][gc,start       ] GC(593) Pause Young (Allocation Failure)
[86.622s][info][gc,heap        ] GC(593) DefNew: 559605K(629120K)->736K(629120K) Eden: 559232K(559232K)->0K(559232K) From: 373K(69888K)->736K(69888K)
[86.622s][info][gc,heap        ] GC(593) Tenured: 85057K(1398144K)->85057K(1398144K)
[86.622s][info][gc,metaspace   ] GC(593) Metaspace: 11803K(12096K)->11803K(12096K) NonClass: 10274K(10432K)->10274K(10432K) Class: 1528K(1664K)->1528K(1664K)
[86.622s][info][gc             ] GC(593) Pause Young (Allocation Failure) 629M->83M(1979M) 0.609ms
[86.622s][info][gc,cpu         ] GC(593) User=0.00s Sys=0.00s Real=0.00s
[86.758s][info][gc,start       ] GC(594) Pause Young (Allocation Failure)
[86.758s][info][gc,heap        ] GC(594) DefNew: 559968K(629120K)->1173K(629120K) Eden: 559232K(559232K)->0K(559232K) From: 736K(69888K)->1173K(69888K)
[86.758s][info][gc,heap        ] GC(594) Tenured: 85057K(1398144K)->85057K(1398144K)
[86.758s][info][gc,metaspace   ] GC(594) Metaspace: 11803K(12096K)->11803K(12096K) NonClass: 10274K(10432K)->10274K(10432K) Class: 1528K(1664K)->1528K(1664K)
[86.758s][info][gc             ] GC(594) Pause Young (Allocation Failure) 629M->84M(1979M) 0.731ms
[86.758s][info][gc,cpu         ] GC(594) User=0.00s Sys=0.00s Real=0.00s
[86.889s][info][gc,start       ] GC(595) Pause Full (System.gc())
[86.889s][info][gc,phases,start] GC(595) Phase 1: Mark live objects
[86.941s][info][gc,phases      ] GC(595) Phase 1: Mark live objects 52.302ms
[86.941s][info][gc,phases,start] GC(595) Phase 2: Compute new object addresses
[86.995s][info][gc,phases      ] GC(595) Phase 2: Compute new object addresses 53.290ms
[86.995s][info][gc,phases,start] GC(595) Phase 3: Adjust pointers
[87.016s][info][gc,phases      ] GC(595) Phase 3: Adjust pointers 21.081ms
[87.016s][info][gc,phases,start] GC(595) Phase 4: Move objects
[87.016s][info][gc,phases      ] GC(595) Phase 4: Move objects 0.009ms
[87.016s][info][gc,heap        ] GC(595) DefNew: 536003K(629120K)->0K(629120K) Eden: 534829K(559232K)->0K(559232K) From: 1173K(69888K)->0K(69888K)
[87.016s][info][gc,heap        ] GC(595) Tenured: 85057K(1398144K)->85058K(1398144K)
[87.016s][info][gc,metaspace   ] GC(595) Metaspace: 11803K(12096K)->11803K(12096K) NonClass: 10274K(10432K)->10274K(10432K) Class: 1528K(1664K)->1528K(1664K)
[87.016s][info][gc             ] GC(595) Pause Full (System.gc()) 606M->83M(1979M) 126.974ms
[87.016s][info][gc,cpu         ] GC(595) User=0.12s Sys=0.00s Real=0.12s
[87.158s][info][gc,start       ] GC(596) Pause Young (Allocation Failure)
[87.159s][info][gc,heap        ] GC(596) DefNew: 559232K(629120K)->441K(629120K) Eden: 559232K(559232K)->0K(559232K) From: 0K(69888K)->441K(69888K)
[87.159s][info][gc,heap        ] GC(596) Tenured: 85058K(1398144K)->85058K(1398144K)
[87.159s][info][gc,metaspace   ] GC(596) Metaspace: 11803K(12096K)->11803K(12096K) NonClass: 10274K(10432K)->10274K(10432K) Class: 1528K(1664K)->1528K(1664K)
[87.159s][info][gc             ] GC(596) Pause Young (Allocation Failure) 629M->83M(1979M) 0.491ms
[87.159s][info][gc,cpu         ] GC(596) User=0.00s Sys=0.00s Real=0.00s
[87.293s][info][gc,start       ] GC(597) Pause Young (Allocation Failure)
[87.294s][info][gc,heap        ] GC(597) DefNew: 559673K(629120K)->844K(629120K) Eden: 559232K(559232K)->0K(559232K) From: 441K(69888K)->844K(69888K)
[87.294s][info][gc,heap        ] GC(597) Tenured: 85058K(1398144K)->85058K(1398144K)
[87.294s][info][gc,metaspace   ] GC(597) Metaspace: 11803K(12096K)->11803K(12096K) NonClass: 10274K(10432K)->10274K(10432K) Class: 1528K(1664K)->1528K(1664K)
[87.294s][info][gc             ] GC(597) Pause Young (Allocation Failure) 629M->83M(1979M) 0.632ms
[87.294s][info][gc,cpu         ] GC(597) User=0.00s Sys=0.00s Real=0.00s
[87.428s][info][gc,start       ] GC(598) Pause Young (Allocation Failure)
[87.428s][info][gc,heap        ] GC(598) DefNew: 560076K(629120K)->1296K(629120K) Eden: 559232K(559232K)->0K(559232K) From: 844K(69888K)->1296K(69888K)
[87.428s][info][gc,heap        ] GC(598) Tenured: 85058K(1398144K)->85058K(1398144K)
[87.428s][info][gc,metaspace   ] GC(598) Metaspace: 11803K(12096K)->11803K(12096K) NonClass: 10274K(10432K)->10274K(10432K) Class: 1528K(1664K)->1528K(1664K)
[87.428s][info][gc             ] GC(598) Pause Young (Allocation Failure) 630M->84M(1979M) 0.734ms
[87.429s][info][gc,cpu         ] GC(598) User=0.00s Sys=0.00s Real=0.00s
[87.569s][info][gc,start       ] GC(599) Pause Young (Allocation Failure)
[87.569s][info][gc,heap        ] GC(599) DefNew: 560523K(629120K)->1785K(629120K) Eden: 559226K(559232K)->0K(559232K) From: 1296K(69888K)->1785K(69888K)
[87.569s][info][gc,heap        ] GC(599) Tenured: 85058K(1398144K)->85058K(1398144K)
[87.569s][info][gc,metaspace   ] GC(599) Metaspace: 11803K(12096K)->11803K(12096K) NonClass: 10274K(10432K)->10274K(10432K) Class: 1528K(1664K)->1528K(1664K)
[87.569s][info][gc             ] GC(599) Pause Young (Allocation Failure) 630M->84M(1979M) 0.947ms
[87.569s][info][gc,cpu         ] GC(599) User=0.00s Sys=0.00s Real=0.00s
[87.705s][info][gc,start       ] GC(600) Pause Young (Allocation Failure)
[87.706s][info][gc,heap        ] GC(600) DefNew: 561017K(629120K)->1958K(629120K) Eden: 559232K(559232K)->0K(559232K) From: 1785K(69888K)->1958K(69888K)
[87.706s][info][gc,heap        ] GC(600) Tenured: 85058K(1398144K)->85058K(1398144K)
[87.706s][info][gc,metaspace   ] GC(600) Metaspace: 11803K(12096K)->11803K(12096K) NonClass: 10274K(10432K)->10274K(10432K) Class: 1528K(1664K)->1528K(1664K)
[87.706s][info][gc             ] GC(600) Pause Young (Allocation Failure) 630M->84M(1979M) 0.985ms
[87.706s][info][gc,cpu         ] GC(600) User=0.00s Sys=0.00s Real=0.00s
[87.840s][info][gc,start       ] GC(601) Pause Young (Allocation Failure)
[87.841s][info][gc,heap        ] GC(601) DefNew: 561190K(629120K)->2338K(629120K) Eden: 559232K(559232K)->0K(559232K) From: 1958K(69888K)->2338K(69888K)
[87.841s][info][gc,heap        ] GC(601) Tenured: 85058K(1398144K)->85058K(1398144K)
[87.841s][info][gc,metaspace   ] GC(601) Metaspace: 11803K(12096K)->11803K(12096K) NonClass: 10274K(10432K)->10274K(10432K) Class: 1528K(1664K)->1528K(1664K)
[87.841s][info][gc             ] GC(601) Pause Young (Allocation Failure) 631M->85M(1979M) 1.166ms
[87.841s][info][gc,cpu         ] GC(601) User=0.00s Sys=0.00s Real=0.00s
[87.975s][info][gc,start       ] GC(602) Pause Young (Allocation Failure)
[87.976s][info][gc,heap        ] GC(602) DefNew: 561397K(629120K)->2054K(629120K) Eden: 559059K(559232K)->0K(559232K) From: 2338K(69888K)->2054K(69888K)
[87.976s][info][gc,heap        ] GC(602) Tenured: 85058K(1398144K)->85058K(1398144K)
[87.976s][info][gc,metaspace   ] GC(602) Metaspace: 11803K(12096K)->11803K(12096K) NonClass: 10274K(10432K)->10274K(10432K) Class: 1528K(1664K)->1528K(1664K)
[87.976s][info][gc             ] GC(602) Pause Young (Allocation Failure) 631M->85M(1979M) 1.068ms
[87.976s][info][gc,cpu         ] GC(602) User=0.00s Sys=0.00s Real=0.00s
[88.114s][info][gc,start       ] GC(603) Pause Young (Allocation Failure)
[88.114s][info][gc,heap        ] GC(603) DefNew: 561286K(629120K)->284K(629120K) Eden: 559232K(559232K)->0K(559232K) From: 2054K(69888K)->284K(69888K)
[88.114s][info][gc,heap        ] GC(603) Tenured: 85058K(1398144K)->85058K(1398144K)
[88.114s][info][gc,metaspace   ] GC(603) Metaspace: 11803K(12096K)->11803K(12096K) NonClass: 10274K(10432K)->10274K(10432K) Class: 1528K(1664K)->1528K(1664K)
[88.114s][info][gc             ] GC(603) Pause Young (Allocation Failure) 631M->83M(1979M) 0.467ms
[88.114s][info][gc,cpu         ] GC(603) User=0.00s Sys=0.00s Real=0.00s
[88.249s][info][gc,start       ] GC(604) Pause Young (Allocation Failure)
[88.249s][info][gc,heap        ] GC(604) DefNew: 559516K(629120K)->771K(629120K) Eden: 559232K(559232K)->0K(559232K) From: 284K(69888K)->771K(69888K)
[88.249s][info][gc,heap        ] GC(604) Tenured: 85058K(1398144K)->85058K(1398144K)
[88.249s][info][gc,metaspace   ] GC(604) Metaspace: 11803K(12096K)->11803K(12096K) NonClass: 10274K(10432K)->10274K(10432K) Class: 1528K(1664K)->1528K(1664K)
[88.249s][info][gc             ] GC(604) Pause Young (Allocation Failure) 629M->83M(1979M) 0.629ms
[88.249s][info][gc,cpu         ] GC(604) User=0.00s Sys=0.00s Real=0.00s
[88.384s][info][gc,start       ] GC(605) Pause Young (Allocation Failure)
[88.385s][info][gc,heap        ] GC(605) DefNew: 560003K(629120K)->1084K(629120K) Eden: 559232K(559232K)->0K(559232K) From: 771K(69888K)->1084K(69888K)
[88.385s][info][gc,heap        ] GC(605) Tenured: 85058K(1398144K)->85058K(1398144K)
[88.385s][info][gc,metaspace   ] GC(605) Metaspace: 11803K(12096K)->11803K(12096K) NonClass: 10274K(10432K)->10274K(10432K) Class: 1528K(1664K)->1528K(1664K)
[88.385s][info][gc             ] GC(605) Pause Young (Allocation Failure) 629M->84M(1979M) 0.696ms
[88.385s][info][gc,cpu         ] GC(605) User=0.00s Sys=0.00s Real=0.00s
[88.524s][info][gc,start       ] GC(606) Pause Young (Allocation Failure)
[88.525s][info][gc,heap        ] GC(606) DefNew: 560316K(629120K)->1411K(629120K) Eden: 559232K(559232K)->0K(559232K) From: 1084K(69888K)->1411K(69888K)
[88.525s][info][gc,heap        ] GC(606) Tenured: 85058K(1398144K)->85058K(1398144K)
[88.525s][info][gc,metaspace   ] GC(606) Metaspace: 11803K(12096K)->11803K(12096K) NonClass: 10274K(10432K)->10274K(10432K) Class: 1528K(1664K)->1528K(1664K)
[88.525s][info][gc             ] GC(606) Pause Young (Allocation Failure) 630M->84M(1979M) 0.957ms
[88.525s][info][gc,cpu         ] GC(606) User=0.00s Sys=0.00s Real=0.00s
[88.660s][info][gc,start       ] GC(607) Pause Young (Allocation Failure)
[88.660s][info][gc,heap        ] GC(607) DefNew: 560643K(629120K)->1740K(629120K) Eden: 559232K(559232K)->0K(559232K) From: 1411K(69888K)->1740K(69888K)
[88.660s][info][gc,heap        ] GC(607) Tenured: 85058K(1398144K)->85058K(1398144K)
[88.660s][info][gc,metaspace   ] GC(607) Metaspace: 11803K(12096K)->11803K(12096K) NonClass: 10274K(10432K)->10274K(10432K) Class: 1528K(1664K)->1528K(1664K)
[88.661s][info][gc             ] GC(607) Pause Young (Allocation Failure) 630M->84M(1979M) 0.884ms
[88.661s][info][gc,cpu         ] GC(607) User=0.00s Sys=0.00s Real=0.00s
[88.796s][info][gc,start       ] GC(608) Pause Young (Allocation Failure)
[88.797s][info][gc,heap        ] GC(608) DefNew: 560972K(629120K)->2040K(629120K) Eden: 559232K(559232K)->0K(559232K) From: 1740K(69888K)->2040K(69888K)
[88.797s][info][gc,heap        ] GC(608) Tenured: 85058K(1398144K)->85058K(1398144K)
[88.797s][info][gc,metaspace   ] GC(608) Metaspace: 11803K(12096K)->11803K(12096K) NonClass: 10274K(10432K)->10274K(10432K) Class: 1528K(1664K)->1528K(1664K)
[88.797s][info][gc             ] GC(608) Pause Young (Allocation Failure) 630M->85M(1979M) 1.042ms
[88.797s][info][gc,cpu         ] GC(608) User=0.00s Sys=0.00s Real=0.00s
[88.932s][info][gc,start       ] GC(609) Pause Young (Allocation Failure)
[88.933s][info][gc,heap        ] GC(609) DefNew: 561226K(629120K)->2227K(629120K) Eden: 559186K(559232K)->0K(559232K) From: 2040K(69888K)->2227K(69888K)
[88.933s][info][gc,heap        ] GC(609) Tenured: 85058K(1398144K)->85058K(1398144K)
[88.933s][info][gc,metaspace   ] GC(609) Metaspace: 11803K(12096K)->11803K(12096K) NonClass: 10274K(10432K)->10274K(10432K) Class: 1528K(1664K)->1528K(1664K)
[88.933s][info][gc             ] GC(609) Pause Young (Allocation Failure) 631M->85M(1979M) 1.081ms
[88.933s][info][gc,cpu         ] GC(609) User=0.00s Sys=0.00s Real=0.00s
[89.067s][info][gc,start       ] GC(610) Pause Young (Allocation Failure)
[89.068s][info][gc,heap        ] GC(610) DefNew: 561372K(629120K)->2738K(629120K) Eden: 559144K(559232K)->0K(559232K) From: 2227K(69888K)->2738K(69888K)
[89.068s][info][gc,heap        ] GC(610) Tenured: 85058K(1398144K)->85058K(1398144K)
[89.068s][info][gc,metaspace   ] GC(610) Metaspace: 11803K(12096K)->11803K(12096K) NonClass: 10274K(10432K)->10274K(10432K) Class: 1528K(1664K)->1528K(1664K)
[89.068s][info][gc             ] GC(610) Pause Young (Allocation Failure) 631M->85M(1979M) 1.367ms
[89.068s][info][gc,cpu         ] GC(610) User=0.00s Sys=0.00s Real=0.02s
[89.206s][info][gc,start       ] GC(611) Pause Young (Allocation Failure)
[89.206s][info][gc,heap        ] GC(611) DefNew: 561970K(629120K)->464K(629120K) Eden: 559232K(559232K)->0K(559232K) From: 2738K(69888K)->464K(69888K)
[89.206s][info][gc,heap        ] GC(611) Tenured: 85058K(1398144K)->85058K(1398144K)
[89.206s][info][gc,metaspace   ] GC(611) Metaspace: 11803K(12096K)->11803K(12096K) NonClass: 10274K(10432K)->10274K(10432K) Class: 1528K(1664K)->1528K(1664K)
[89.206s][info][gc             ] GC(611) Pause Young (Allocation Failure) 631M->83M(1979M) 0.506ms
[89.206s][info][gc,cpu         ] GC(611) User=0.00s Sys=0.00s Real=0.00s
[89.341s][info][gc,start       ] GC(612) Pause Young (Allocation Failure)
[89.341s][info][gc,heap        ] GC(612) DefNew: 559696K(629120K)->800K(629120K) Eden: 559232K(559232K)->0K(559232K) From: 464K(69888K)->800K(69888K)
[89.341s][info][gc,heap        ] GC(612) Tenured: 85058K(1398144K)->85058K(1398144K)
[89.341s][info][gc,metaspace   ] GC(612) Metaspace: 11803K(12096K)->11803K(12096K) NonClass: 10274K(10432K)->10274K(10432K) Class: 1528K(1664K)->1528K(1664K)
[89.342s][info][gc             ] GC(612) Pause Young (Allocation Failure) 629M->83M(1979M) 0.602ms
[89.342s][info][gc,cpu         ] GC(612) User=0.00s Sys=0.00s Real=0.00s
[89.475s][info][gc,start       ] GC(613) Pause Full (System.gc())
[89.475s][info][gc,phases,start] GC(613) Phase 1: Mark live objects
[89.527s][info][gc,phases      ] GC(613) Phase 1: Mark live objects 52.271ms
[89.527s][info][gc,phases,start] GC(613) Phase 2: Compute new object addresses
[89.581s][info][gc,phases      ] GC(613) Phase 2: Compute new object addresses 54.304ms
[89.581s][info][gc,phases,start] GC(613) Phase 3: Adjust pointers
[89.602s][info][gc,phases      ] GC(613) Phase 3: Adjust pointers 21.041ms
[89.602s][info][gc,phases,start] GC(613) Phase 4: Move objects
[89.602s][info][gc,phases      ] GC(613) Phase 4: Move objects 0.009ms
[89.602s][info][gc,heap        ] GC(613) DefNew: 543462K(629120K)->0K(629120K) Eden: 542662K(559232K)->0K(559232K) From: 800K(69888K)->0K(69888K)
[89.602s][info][gc,heap        ] GC(613) Tenured: 85058K(1398144K)->85058K(1398144K)
[89.602s][info][gc,metaspace   ] GC(613) Metaspace: 11803K(12096K)->11803K(12096K) NonClass: 10274K(10432K)->10274K(10432K) Class: 1528K(1664K)->1528K(1664K)
[89.603s][info][gc             ] GC(613) Pause Full (System.gc()) 613M->83M(1979M) 127.920ms
[89.603s][info][gc,cpu         ] GC(613) User=0.12s Sys=0.00s Real=0.14s
[89.746s][info][gc,start       ] GC(614) Pause Young (Allocation Failure)
[89.747s][info][gc,heap        ] GC(614) DefNew: 559232K(629120K)->413K(629120K) Eden: 559232K(559232K)->0K(559232K) From: 0K(69888K)->413K(69888K)
[89.747s][info][gc,heap        ] GC(614) Tenured: 85058K(1398144K)->85058K(1398144K)
[89.747s][info][gc,metaspace   ] GC(614) Metaspace: 11806K(12096K)->11806K(12096K) NonClass: 10277K(10432K)->10277K(10432K) Class: 1528K(1664K)->1528K(1664K)
[89.747s][info][gc             ] GC(614) Pause Young (Allocation Failure) 629M->83M(1979M) 0.490ms
[89.747s][info][gc,cpu         ] GC(614) User=0.00s Sys=0.00s Real=0.00s
[89.882s][info][gc,start       ] GC(615) Pause Young (Allocation Failure)
[89.882s][info][gc,heap        ] GC(615) DefNew: 559645K(629120K)->806K(629120K) Eden: 559232K(559232K)->0K(559232K) From: 413K(69888K)->806K(69888K)
[89.882s][info][gc,heap        ] GC(615) Tenured: 85058K(1398144K)->85058K(1398144K)
[89.882s][info][gc,metaspace   ] GC(615) Metaspace: 11806K(12096K)->11806K(12096K) NonClass: 10277K(10432K)->10277K(10432K) Class: 1528K(1664K)->1528K(1664K)
[89.882s][info][gc             ] GC(615) Pause Young (Allocation Failure) 629M->83M(1979M) 0.596ms
[89.882s][info][gc,cpu         ] GC(615) User=0.00s Sys=0.00s Real=0.00s
[90.016s][info][gc,start       ] GC(616) Pause Young (Allocation Failure)
[90.017s][info][gc,heap        ] GC(616) DefNew: 560038K(629120K)->1218K(629120K) Eden: 559232K(559232K)->0K(559232K) From: 806K(69888K)->1218K(69888K)
[90.017s][info][gc,heap        ] GC(616) Tenured: 85058K(1398144K)->85058K(1398144K)
[90.017s][info][gc,metaspace   ] GC(616) Metaspace: 11806K(12096K)->11806K(12096K) NonClass: 10277K(10432K)->10277K(10432K) Class: 1528K(1664K)->1528K(1664K)
[90.017s][info][gc             ] GC(616) Pause Young (Allocation Failure) 629M->84M(1979M) 0.712ms
[90.017s][info][gc,cpu         ] GC(616) User=0.00s Sys=0.00s Real=0.00s
[90.150s][info][gc,start       ] GC(617) Pause Young (Allocation Failure)
[90.151s][info][gc,heap        ] GC(617) DefNew: 560450K(629120K)->1738K(629120K) Eden: 559232K(559232K)->0K(559232K) From: 1218K(69888K)->1738K(69888K)
[90.151s][info][gc,heap        ] GC(617) Tenured: 85058K(1398144K)->85058K(1398144K)
[90.151s][info][gc,metaspace   ] GC(617) Metaspace: 11806K(12096K)->11806K(12096K) NonClass: 10277K(10432K)->10277K(10432K) Class: 1528K(1664K)->1528K(1664K)
[90.151s][info][gc             ] GC(617) Pause Young (Allocation Failure) 630M->84M(1979M) 0.957ms
[90.151s][info][gc,cpu         ] GC(617) User=0.00s Sys=0.00s Real=0.00s
[90.286s][info][gc,start       ] GC(618) Pause Young (Allocation Failure)
[90.287s][info][gc,heap        ] GC(618) DefNew: 560970K(629120K)->2245K(629120K) Eden: 559232K(559232K)->0K(559232K) From: 1738K(69888K)->2245K(69888K)
[90.287s][info][gc,heap        ] GC(618) Tenured: 85058K(1398144K)->85058K(1398144K)
[90.287s][info][gc,metaspace   ] GC(618) Metaspace: 11806K(12096K)->11806K(12096K) NonClass: 10277K(10432K)->10277K(10432K) Class: 1528K(1664K)->1528K(1664K)
[90.287s][info][gc             ] GC(618) Pause Young (Allocation Failure) 630M->85M(1979M) 1.042ms
[90.287s][info][gc,cpu         ] GC(618) User=0.00s Sys=0.00s Real=0.00s
[90.421s][info][gc,start       ] GC(619) Pause Young (Allocation Failure)
[90.422s][info][gc,heap        ] GC(619) DefNew: 561420K(629120K)->2567K(629120K) Eden: 559174K(559232K)->0K(559232K) From: 2245K(69888K)->2567K(69888K)
[90.422s][info][gc,heap        ] GC(619) Tenured: 85058K(1398144K)->85058K(1398144K)
[90.422s][info][gc,metaspace   ] GC(619) Metaspace: 11806K(12096K)->11806K(12096K) NonClass: 10277K(10432K)->10277K(10432K) Class: 1528K(1664K)->1528K(1664K)
[90.422s][info][gc             ] GC(619) Pause Young (Allocation Failure) 631M->85M(1979M) 1.207ms
[90.422s][info][gc,cpu         ] GC(619) User=0.00s Sys=0.00s Real=0.00s
[90.567s][info][gc,start       ] GC(620) Pause Young (Allocation Failure)
[90.567s][info][gc,heap        ] GC(620) DefNew: 561799K(629120K)->108K(629120K) Eden: 559232K(559232K)->0K(559232K) From: 2567K(69888K)->108K(69888K)
[90.567s][info][gc,heap        ] GC(620) Tenured: 85058K(1398144K)->85058K(1398144K)
[90.567s][info][gc,metaspace   ] GC(620) Metaspace: 11806K(12096K)->11806K(12096K) NonClass: 10277K(10432K)->10277K(10432K) Class: 1528K(1664K)->1528K(1664K)
[90.567s][info][gc             ] GC(620) Pause Young (Allocation Failure) 631M->83M(1979M) 0.408ms
[90.567s][info][gc,cpu         ] GC(620) User=0.00s Sys=0.00s Real=0.00s
[90.701s][info][gc,start       ] GC(621) Pause Young (Allocation Failure)
[90.702s][info][gc,heap        ] GC(621) DefNew: 559340K(629120K)->509K(629120K) Eden: 559232K(559232K)->0K(559232K) From: 108K(69888K)->509K(69888K)
[90.702s][info][gc,heap        ] GC(621) Tenured: 85058K(1398144K)->85058K(1398144K)
[90.702s][info][gc,metaspace   ] GC(621) Metaspace: 11806K(12096K)->11806K(12096K) NonClass: 10277K(10432K)->10277K(10432K) Class: 1528K(1664K)->1528K(1664K)
[90.702s][info][gc             ] GC(621) Pause Young (Allocation Failure) 629M->83M(1979M) 0.539ms
[90.702s][info][gc,cpu         ] GC(621) User=0.00s Sys=0.00s Real=0.00s
[90.837s][info][gc,start       ] GC(622) Pause Young (Allocation Failure)
[90.838s][info][gc,heap        ] GC(622) DefNew: 559741K(629120K)->962K(629120K) Eden: 559232K(559232K)->0K(559232K) From: 509K(69888K)->962K(69888K)
[90.838s][info][gc,heap        ] GC(622) Tenured: 85058K(1398144K)->85058K(1398144K)
[90.838s][info][gc,metaspace   ] GC(622) Metaspace: 11806K(12096K)->11806K(12096K) NonClass: 10277K(10432K)->10277K(10432K) Class: 1528K(1664K)->1528K(1664K)
[90.838s][info][gc             ] GC(622) Pause Young (Allocation Failure) 629M->84M(1979M) 0.670ms
[90.838s][info][gc,cpu         ] GC(622) User=0.00s Sys=0.00s Real=0.00s
[90.972s][info][gc,start       ] GC(623) Pause Young (Allocation Failure)
[90.973s][info][gc,heap        ] GC(623) DefNew: 560194K(629120K)->1310K(629120K) Eden: 559232K(559232K)->0K(559232K) From: 962K(69888K)->1310K(69888K)
[90.973s][info][gc,heap        ] GC(623) Tenured: 85058K(1398144K)->85058K(1398144K)
[90.973s][info][gc,metaspace   ] GC(623) Metaspace: 11806K(12096K)->11806K(12096K) NonClass: 10277K(10432K)->10277K(10432K) Class: 1528K(1664K)->1528K(1664K)
[90.973s][info][gc             ] GC(623) Pause Young (Allocation Failure) 630M->84M(1979M) 0.762ms
[90.973s][info][gc,cpu         ] GC(623) User=0.00s Sys=0.00s Real=0.00s
[91.107s][info][gc,start       ] GC(624) Pause Young (Allocation Failure)
[91.108s][info][gc,heap        ] GC(624) DefNew: 560542K(629120K)->1612K(629120K) Eden: 559232K(559232K)->0K(559232K) From: 1310K(69888K)->1612K(69888K)
[91.108s][info][gc,heap        ] GC(624) Tenured: 85058K(1398144K)->85058K(1398144K)
[91.108s][info][gc,metaspace   ] GC(624) Metaspace: 11806K(12096K)->11806K(12096K) NonClass: 10277K(10432K)->10277K(10432K) Class: 1528K(1664K)->1528K(1664K)
[91.108s][info][gc             ] GC(624) Pause Young (Allocation Failure) 630M->84M(1979M) 0.936ms
[91.108s][info][gc,cpu         ] GC(624) User=0.00s Sys=0.00s Real=0.02s
[91.242s][info][gc,start       ] GC(625) Pause Young (Allocation Failure)
[91.243s][info][gc,heap        ] GC(625) DefNew: 560844K(629120K)->1998K(629120K) Eden: 559232K(559232K)->0K(559232K) From: 1612K(69888K)->1998K(69888K)
[91.243s][info][gc,heap        ] GC(625) Tenured: 85058K(1398144K)->85058K(1398144K)
[91.243s][info][gc,metaspace   ] GC(625) Metaspace: 11806K(12096K)->11806K(12096K) NonClass: 10277K(10432K)->10277K(10432K) Class: 1528K(1664K)->1528K(1664K)
[91.243s][info][gc             ] GC(625) Pause Young (Allocation Failure) 630M->85M(1979M) 0.939ms
[91.243s][info][gc,cpu         ] GC(625) User=0.00s Sys=0.00s Real=0.00s
[91.376s][info][gc,start       ] GC(626) Pause Young (Allocation Failure)
[91.377s][info][gc,heap        ] GC(626) DefNew: 561201K(629120K)->2911K(629120K) Eden: 559203K(559232K)->0K(559232K) From: 1998K(69888K)->2911K(69888K)
[91.377s][info][gc,heap        ] GC(626) Tenured: 85058K(1398144K)->85058K(1398144K)
[91.377s][info][gc,metaspace   ] GC(626) Metaspace: 11806K(12096K)->11806K(12096K) NonClass: 10277K(10432K)->10277K(10432K) Class: 1528K(1664K)->1528K(1664K)
[91.377s][info][gc             ] GC(626) Pause Young (Allocation Failure) 631M->85M(1979M) 1.307ms
[91.377s][info][gc,cpu         ] GC(626) User=0.00s Sys=0.00s Real=0.00s
[91.518s][info][gc,start       ] GC(627) Pause Young (Allocation Failure)
[91.519s][info][gc,heap        ] GC(627) DefNew: 562101K(629120K)->2838K(629120K) Eden: 559190K(559232K)->0K(559232K) From: 2911K(69888K)->2838K(69888K)
[91.519s][info][gc,heap        ] GC(627) Tenured: 85058K(1398144K)->85058K(1398144K)
[91.519s][info][gc,metaspace   ] GC(627) Metaspace: 11806K(12096K)->11806K(12096K) NonClass: 10277K(10432K)->10277K(10432K) Class: 1528K(1664K)->1528K(1664K)
[91.519s][info][gc             ] GC(627) Pause Young (Allocation Failure) 631M->85M(1979M) 1.335ms
[91.519s][info][gc,cpu         ] GC(627) User=0.00s Sys=0.00s Real=0.00s
[91.658s][info][gc,start       ] GC(628) Pause Young (Allocation Failure)
[91.658s][info][gc,heap        ] GC(628) DefNew: 562070K(629120K)->405K(629120K) Eden: 559232K(559232K)->0K(559232K) From: 2838K(69888K)->405K(69888K)
[91.658s][info][gc,heap        ] GC(628) Tenured: 85058K(1398144K)->85058K(1398144K)
[91.658s][info][gc,metaspace   ] GC(628) Metaspace: 11806K(12096K)->11806K(12096K) NonClass: 10277K(10432K)->10277K(10432K) Class: 1528K(1664K)->1528K(1664K)
[91.658s][info][gc             ] GC(628) Pause Young (Allocation Failure) 631M->83M(1979M) 0.532ms
[91.658s][info][gc,cpu         ] GC(628) User=0.00s Sys=0.00s Real=0.01s
[91.794s][info][gc,start       ] GC(629) Pause Young (Allocation Failure)
[91.795s][info][gc,heap        ] GC(629) DefNew: 559637K(629120K)->875K(629120K) Eden: 559232K(559232K)->0K(559232K) From: 405K(69888K)->875K(69888K)
[91.795s][info][gc,heap        ] GC(629) Tenured: 85058K(1398144K)->85058K(1398144K)
[91.795s][info][gc,metaspace   ] GC(629) Metaspace: 11806K(12096K)->11806K(12096K) NonClass: 10277K(10432K)->10277K(10432K) Class: 1528K(1664K)->1528K(1664K)
[91.795s][info][gc             ] GC(629) Pause Young (Allocation Failure) 629M->83M(1979M) 0.616ms
[91.795s][info][gc,cpu         ] GC(629) User=0.00s Sys=0.00s Real=0.00s
[91.930s][info][gc,start       ] GC(630) Pause Young (Allocation Failure)
[91.930s][info][gc,heap        ] GC(630) DefNew: 560107K(629120K)->1202K(629120K) Eden: 559232K(559232K)->0K(559232K) From: 875K(69888K)->1202K(69888K)
[91.930s][info][gc,heap        ] GC(630) Tenured: 85058K(1398144K)->85058K(1398144K)
[91.930s][info][gc,metaspace   ] GC(630) Metaspace: 11806K(12096K)->11806K(12096K) NonClass: 10277K(10432K)->10277K(10432K) Class: 1528K(1664K)->1528K(1664K)
[91.930s][info][gc             ] GC(630) Pause Young (Allocation Failure) 630M->84M(1979M) 0.740ms
[91.930s][info][gc,cpu         ] GC(630) User=0.00s Sys=0.00s Real=0.00s
[92.061s][info][gc,start       ] GC(631) Pause Full (System.gc())
[92.061s][info][gc,phases,start] GC(631) Phase 1: Mark live objects
[92.113s][info][gc,phases      ] GC(631) Phase 1: Mark live objects 51.851ms
[92.113s][info][gc,phases,start] GC(631) Phase 2: Compute new object addresses
[92.166s][info][gc,phases      ] GC(631) Phase 2: Compute new object addresses 53.260ms
[92.166s][info][gc,phases,start] GC(631) Phase 3: Adjust pointers
[92.187s][info][gc,phases      ] GC(631) Phase 3: Adjust pointers 21.298ms
[92.187s][info][gc,phases,start] GC(631) Phase 4: Move objects
[92.187s][info][gc,phases      ] GC(631) Phase 4: Move objects 0.009ms
[92.187s][info][gc,heap        ] GC(631) DefNew: 534472K(629120K)->0K(629120K) Eden: 533269K(559232K)->0K(559232K) From: 1202K(69888K)->0K(69888K)
[92.187s][info][gc,heap        ] GC(631) Tenured: 85058K(1398144K)->85056K(1398144K)
[92.187s][info][gc,metaspace   ] GC(631) Metaspace: 11806K(12096K)->11806K(12096K) NonClass: 10277K(10432K)->10277K(10432K) Class: 1528K(1664K)->1528K(1664K)
[92.187s][info][gc             ] GC(631) Pause Full (System.gc()) 605M->83M(1979M) 126.712ms
[92.187s][info][gc,cpu         ] GC(631) User=0.11s Sys=0.00s Real=0.12s
[92.330s][info][gc,start       ] GC(632) Pause Young (Allocation Failure)
[92.331s][info][gc,heap        ] GC(632) DefNew: 559232K(629120K)->611K(629120K) Eden: 559232K(559232K)->0K(559232K) From: 0K(69888K)->611K(69888K)
[92.331s][info][gc,heap        ] GC(632) Tenured: 85056K(1398144K)->85056K(1398144K)
[92.331s][info][gc,metaspace   ] GC(632) Metaspace: 11810K(12096K)->11810K(12096K) NonClass: 10281K(10432K)->10281K(10432K) Class: 1528K(1664K)->1528K(1664K)
[92.331s][info][gc             ] GC(632) Pause Young (Allocation Failure) 629M->83M(1979M) 0.559ms
[92.331s][info][gc,cpu         ] GC(632) User=0.00s Sys=0.00s Real=0.00s
[92.466s][info][gc,start       ] GC(633) Pause Young (Allocation Failure)
[92.466s][info][gc,heap        ] GC(633) DefNew: 559843K(629120K)->876K(629120K) Eden: 559232K(559232K)->0K(559232K) From: 611K(69888K)->876K(69888K)
[92.466s][info][gc,heap        ] GC(633) Tenured: 85056K(1398144K)->85056K(1398144K)
[92.466s][info][gc,metaspace   ] GC(633) Metaspace: 11810K(12096K)->11810K(12096K) NonClass: 10281K(10432K)->10281K(10432K) Class: 1528K(1664K)->1528K(1664K)
[92.466s][info][gc             ] GC(633) Pause Young (Allocation Failure) 629M->83M(1979M) 0.791ms
[92.466s][info][gc,cpu         ] GC(633) User=0.00s Sys=0.00s Real=0.00s
[92.606s][info][gc,start       ] GC(634) Pause Young (Allocation Failure)
[92.607s][info][gc,heap        ] GC(634) DefNew: 560108K(629120K)->1166K(629120K) Eden: 559232K(559232K)->0K(559232K) From: 876K(69888K)->1166K(69888K)
[92.607s][info][gc,heap        ] GC(634) Tenured: 85056K(1398144K)->85056K(1398144K)
[92.607s][info][gc,metaspace   ] GC(634) Metaspace: 11810K(12096K)->11810K(12096K) NonClass: 10281K(10432K)->10281K(10432K) Class: 1528K(1664K)->1528K(1664K)
[92.607s][info][gc             ] GC(634) Pause Young (Allocation Failure) 630M->84M(1979M) 0.716ms
[92.607s][info][gc,cpu         ] GC(634) User=0.00s Sys=0.00s Real=0.00s
[92.742s][info][gc,start       ] GC(635) Pause Young (Allocation Failure)
[92.742s][info][gc,heap        ] GC(635) DefNew: 560398K(629120K)->1674K(629120K) Eden: 559231K(559232K)->0K(559232K) From: 1166K(69888K)->1674K(69888K)
[92.742s][info][gc,heap        ] GC(635) Tenured: 85056K(1398144K)->85056K(1398144K)
[92.742s][info][gc,metaspace   ] GC(635) Metaspace: 11810K(12096K)->11810K(12096K) NonClass: 10281K(10432K)->10281K(10432K) Class: 1528K(1664K)->1528K(1664K)
[92.742s][info][gc             ] GC(635) Pause Young (Allocation Failure) 630M->84M(1979M) 0.865ms
[92.742s][info][gc,cpu         ] GC(635) User=0.00s Sys=0.00s Real=0.00s
[92.878s][info][gc,start       ] GC(636) Pause Young (Allocation Failure)
[92.879s][info][gc,heap        ] GC(636) DefNew: 560906K(629120K)->1893K(629120K) Eden: 559232K(559232K)->0K(559232K) From: 1674K(69888K)->1893K(69888K)
[92.879s][info][gc,heap        ] GC(636) Tenured: 85056K(1398144K)->85056K(1398144K)
[92.879s][info][gc,metaspace   ] GC(636) Metaspace: 11810K(12096K)->11810K(12096K) NonClass: 10281K(10432K)->10281K(10432K) Class: 1528K(1664K)->1528K(1664K)
[92.879s][info][gc             ] GC(636) Pause Young (Allocation Failure) 630M->84M(1979M) 0.916ms
[92.879s][info][gc,cpu         ] GC(636) User=0.00s Sys=0.00s Real=0.00s
[93.013s][info][gc,start       ] GC(637) Pause Young (Allocation Failure)
[93.014s][info][gc,heap        ] GC(637) DefNew: 561125K(629120K)->2262K(629120K) Eden: 559232K(559232K)->0K(559232K) From: 1893K(69888K)->2262K(69888K)
[93.014s][info][gc,heap        ] GC(637) Tenured: 85056K(1398144K)->85056K(1398144K)
[93.014s][info][gc,metaspace   ] GC(637) Metaspace: 11810K(12096K)->11810K(12096K) NonClass: 10281K(10432K)->10281K(10432K) Class: 1528K(1664K)->1528K(1664K)
[93.014s][info][gc             ] GC(637) Pause Young (Allocation Failure) 631M->85M(1979M) 1.023ms
[93.014s][info][gc,cpu         ] GC(637) User=0.00s Sys=0.00s Real=0.00s
[93.148s][info][gc,start       ] GC(638) Pause Young (Allocation Failure)
[93.149s][info][gc,heap        ] GC(638) DefNew: 561215K(629120K)->2446K(629120K) Eden: 558952K(559232K)->0K(559232K) From: 2262K(69888K)->2446K(69888K)
[93.149s][info][gc,heap        ] GC(638) Tenured: 85056K(1398144K)->85056K(1398144K)
[93.149s][info][gc,metaspace   ] GC(638) Metaspace: 11810K(12096K)->11810K(12096K) NonClass: 10281K(10432K)->10281K(10432K) Class: 1528K(1664K)->1528K(1664K)
[93.149s][info][gc             ] GC(638) Pause Young (Allocation Failure) 631M->85M(1979M) 1.296ms
[93.149s][info][gc,cpu         ] GC(638) User=0.00s Sys=0.00s Real=0.02s
[93.287s][info][gc,start       ] GC(639) Pause Young (Allocation Failure)
[93.287s][info][gc,heap        ] GC(639) DefNew: 561678K(629120K)->234K(629120K) Eden: 559232K(559232K)->0K(559232K) From: 2446K(69888K)->234K(69888K)
[93.287s][info][gc,heap        ] GC(639) Tenured: 85056K(1398144K)->85056K(1398144K)
[93.287s][info][gc,metaspace   ] GC(639) Metaspace: 11810K(12096K)->11810K(12096K) NonClass: 10281K(10432K)->10281K(10432K) Class: 1528K(1664K)->1528K(1664K)
[93.287s][info][gc             ] GC(639) Pause Young (Allocation Failure) 631M->83M(1979M) 0.448ms
[93.287s][info][gc,cpu         ] GC(639) User=0.00s Sys=0.00s Real=0.00s
[93.422s][info][gc,start       ] GC(640) Pause Young (Allocation Failure)
[93.422s][info][gc,heap        ] GC(640) DefNew: 559466K(629120K)->750K(629120K) Eden: 559232K(559232K)->0K(559232K) From: 234K(69888K)->750K(69888K)
[93.422s][info][gc,heap        ] GC(640) Tenured: 85056K(1398144K)->85056K(1398144K)
[93.422s][info][gc,metaspace   ] GC(640) Metaspace: 11810K(12096K)->11810K(12096K) NonClass: 10281K(10432K)->10281K(10432K) Class: 1528K(1664K)->1528K(1664K)
[93.422s][info][gc             ] GC(640) Pause Young (Allocation Failure) 629M->83M(1979M) 0.597ms
[93.422s][info][gc,cpu         ] GC(640) User=0.00s Sys=0.00s Real=0.00s
[93.563s][info][gc,start       ] GC(641) Pause Young (Allocation Failure)
[93.564s][info][gc,heap        ] GC(641) DefNew: 559982K(629120K)->1157K(629120K) Eden: 559232K(559232K)->0K(559232K) From: 750K(69888K)->1157K(69888K)
[93.564s][info][gc,heap        ] GC(641) Tenured: 85056K(1398144K)->85056K(1398144K)
[93.564s][info][gc,metaspace   ] GC(641) Metaspace: 11810K(12096K)->11810K(12096K) NonClass: 10281K(10432K)->10281K(10432K) Class: 1528K(1664K)->1528K(1664K)
[93.564s][info][gc             ] GC(641) Pause Young (Allocation Failure) 629M->84M(1979M) 0.731ms
[93.564s][info][gc,cpu         ] GC(641) User=0.00s Sys=0.00s Real=0.00s
[93.700s][info][gc,start       ] GC(642) Pause Young (Allocation Failure)
[93.701s][info][gc,heap        ] GC(642) DefNew: 560389K(629120K)->1385K(629120K) Eden: 559232K(559232K)->0K(559232K) From: 1157K(69888K)->1385K(69888K)
[93.701s][info][gc,heap        ] GC(642) Tenured: 85056K(1398144K)->85056K(1398144K)
[93.701s][info][gc,metaspace   ] GC(642) Metaspace: 11810K(12096K)->11810K(12096K) NonClass: 10281K(10432K)->10281K(10432K) Class: 1528K(1664K)->1528K(1664K)
[93.701s][info][gc             ] GC(642) Pause Young (Allocation Failure) 630M->84M(1979M) 0.914ms
[93.701s][info][gc,cpu         ] GC(642) User=0.00s Sys=0.00s Real=0.00s
[93.839s][info][gc,start       ] GC(643) Pause Young (Allocation Failure)
[93.840s][info][gc,heap        ] GC(643) DefNew: 560617K(629120K)->1747K(629120K) Eden: 559232K(559232K)->0K(559232K) From: 1385K(69888K)->1747K(69888K)
[93.840s][info][gc,heap        ] GC(643) Tenured: 85056K(1398144K)->85056K(1398144K)
[93.840s][info][gc,metaspace   ] GC(643) Metaspace: 11810K(12096K)->11810K(12096K) NonClass: 10281K(10432K)->10281K(10432K) Class: 1528K(1664K)->1528K(1664K)
[93.840s][info][gc             ] GC(643) Pause Young (Allocation Failure) 630M->84M(1979M) 0.946ms
[93.840s][info][gc,cpu         ] GC(643) User=0.00s Sys=0.00s Real=0.00s
[93.976s][info][gc,start       ] GC(644) Pause Young (Allocation Failure)
[93.977s][info][gc,heap        ] GC(644) DefNew: 560979K(629120K)->1992K(629120K) Eden: 559232K(559232K)->0K(559232K) From: 1747K(69888K)->1992K(69888K)
[93.977s][info][gc,heap        ] GC(644) Tenured: 85056K(1398144K)->85056K(1398144K)
[93.977s][info][gc,metaspace   ] GC(644) Metaspace: 11810K(12096K)->11810K(12096K) NonClass: 10281K(10432K)->10281K(10432K) Class: 1528K(1664K)->1528K(1664K)
[93.977s][info][gc             ] GC(644) Pause Young (Allocation Failure) 630M->85M(1979M) 0.941ms
[93.977s][info][gc,cpu         ] GC(644) User=0.00s Sys=0.00s Real=0.00s
[94.111s][info][gc,start       ] GC(645) Pause Young (Allocation Failure)
[94.112s][info][gc,heap        ] GC(645) DefNew: 561145K(629120K)->2252K(629120K) Eden: 559152K(559232K)->0K(559232K) From: 1992K(69888K)->2252K(69888K)
[94.112s][info][gc,heap        ] GC(645) Tenured: 85056K(1398144K)->85056K(1398144K)
[94.112s][info][gc,metaspace   ] GC(645) Metaspace: 11810K(12096K)->11810K(12096K) NonClass: 10281K(10432K)->10281K(10432K) Class: 1528K(1664K)->1528K(1664K)
[94.112s][info][gc             ] GC(645) Pause Young (Allocation Failure) 631M->85M(1979M) 1.133ms
[94.112s][info][gc,cpu         ] GC(645) User=0.00s Sys=0.00s Real=0.00s
[94.250s][info][gc,start       ] GC(646) Pause Young (Allocation Failure)
[94.250s][info][gc,heap        ] GC(646) DefNew: 561484K(629120K)->84K(629120K) Eden: 559232K(559232K)->0K(559232K) From: 2252K(69888K)->84K(69888K)
[94.250s][info][gc,heap        ] GC(646) Tenured: 85056K(1398144K)->85056K(1398144K)
[94.250s][info][gc,metaspace   ] GC(646) Metaspace: 11810K(12096K)->11810K(12096K) NonClass: 10281K(10432K)->10281K(10432K) Class: 1528K(1664K)->1528K(1664K)
[94.250s][info][gc             ] GC(646) Pause Young (Allocation Failure) 631M->83M(1979M) 0.382ms
[94.250s][info][gc,cpu         ] GC(646) User=0.00s Sys=0.00s Real=0.00s
[94.384s][info][gc,start       ] GC(647) Pause Young (Allocation Failure)
[94.384s][info][gc,heap        ] GC(647) DefNew: 559316K(629120K)->449K(629120K) Eden: 559232K(559232K)->0K(559232K) From: 84K(69888K)->449K(69888K)
[94.384s][info][gc,heap        ] GC(647) Tenured: 85056K(1398144K)->85057K(1398144K)
[94.384s][info][gc,metaspace   ] GC(647) Metaspace: 11810K(12096K)->11810K(12096K) NonClass: 10281K(10432K)->10281K(10432K) Class: 1528K(1664K)->1528K(1664K)
[94.384s][info][gc             ] GC(647) Pause Young (Allocation Failure) 629M->83M(1979M) 0.516ms
[94.384s][info][gc,cpu         ] GC(647) User=0.00s Sys=0.00s Real=0.00s
[94.524s][info][gc,start       ] GC(648) Pause Young (Allocation Failure)
[94.525s][info][gc,heap        ] GC(648) DefNew: 559681K(629120K)->873K(629120K) Eden: 559232K(559232K)->0K(559232K) From: 449K(69888K)->873K(69888K)
[94.525s][info][gc,heap        ] GC(648) Tenured: 85057K(1398144K)->85057K(1398144K)
[94.525s][info][gc,metaspace   ] GC(648) Metaspace: 11810K(12096K)->11810K(12096K) NonClass: 10281K(10432K)->10281K(10432K) Class: 1528K(1664K)->1528K(1664K)
[94.525s][info][gc             ] GC(648) Pause Young (Allocation Failure) 629M->83M(1979M) 0.672ms
[94.525s][info][gc,cpu         ] GC(648) User=0.00s Sys=0.00s Real=0.00s
[94.657s][info][gc,start       ] GC(649) Pause Full (System.gc())
[94.657s][info][gc,phases,start] GC(649) Phase 1: Mark live objects
[94.707s][info][gc,phases      ] GC(649) Phase 1: Mark live objects 50.218ms
[94.707s][info][gc,phases,start] GC(649) Phase 2: Compute new object addresses
[94.761s][info][gc,phases      ] GC(649) Phase 2: Compute new object addresses 53.797ms
[94.761s][info][gc,phases,start] GC(649) Phase 3: Adjust pointers
[94.782s][info][gc,phases      ] GC(649) Phase 3: Adjust pointers 20.948ms
[94.782s][info][gc,phases,start] GC(649) Phase 4: Move objects
[94.782s][info][gc,phases      ] GC(649) Phase 4: Move objects 0.009ms
[94.782s][info][gc,heap        ] GC(649) DefNew: 536805K(629120K)->0K(629120K) Eden: 535931K(559232K)->0K(559232K) From: 873K(69888K)->0K(69888K)
[94.782s][info][gc,heap        ] GC(649) Tenured: 85057K(1398144K)->85057K(1398144K)
[94.782s][info][gc,metaspace   ] GC(649) Metaspace: 11810K(12096K)->11810K(12096K) NonClass: 10281K(10432K)->10281K(10432K) Class: 1528K(1664K)->1528K(1664K)
[94.782s][info][gc             ] GC(649) Pause Full (System.gc()) 607M->83M(1979M) 125.259ms
[94.782s][info][gc,cpu         ] GC(649) User=0.11s Sys=0.00s Real=0.11s
[94.924s][info][gc,start       ] GC(650) Pause Young (Allocation Failure)
[94.924s][info][gc,heap        ] GC(650) DefNew: 559232K(629120K)->554K(629120K) Eden: 559232K(559232K)->0K(559232K) From: 0K(69888K)->554K(69888K)
[94.924s][info][gc,heap        ] GC(650) Tenured: 85057K(1398144K)->85057K(1398144K)
[94.924s][info][gc,metaspace   ] GC(650) Metaspace: 11812K(12096K)->11812K(12096K) NonClass: 10283K(10432K)->10283K(10432K) Class: 1528K(1664K)->1528K(1664K)
[94.924s][info][gc             ] GC(650) Pause Young (Allocation Failure) 629M->83M(1979M) 0.540ms
[94.924s][info][gc,cpu         ] GC(650) User=0.00s Sys=0.00s Real=0.00s
[95.059s][info][gc,start       ] GC(651) Pause Young (Allocation Failure)
[95.059s][info][gc,heap        ] GC(651) DefNew: 559786K(629120K)->957K(629120K) Eden: 559232K(559232K)->0K(559232K) From: 554K(69888K)->957K(69888K)
[95.059s][info][gc,heap        ] GC(651) Tenured: 85057K(1398144K)->85057K(1398144K)
[95.059s][info][gc,metaspace   ] GC(651) Metaspace: 11812K(12096K)->11812K(12096K) NonClass: 10283K(10432K)->10283K(10432K) Class: 1528K(1664K)->1528K(1664K)
[95.059s][info][gc             ] GC(651) Pause Young (Allocation Failure) 629M->83M(1979M) 0.674ms
[95.059s][info][gc,cpu         ] GC(651) User=0.00s Sys=0.00s Real=0.00s
[95.193s][info][gc,start       ] GC(652) Pause Young (Allocation Failure)
[95.194s][info][gc,heap        ] GC(652) DefNew: 560189K(629120K)->1262K(629120K) Eden: 559232K(559232K)->0K(559232K) From: 957K(69888K)->1262K(69888K)
[95.194s][info][gc,heap        ] GC(652) Tenured: 85057K(1398144K)->85057K(1398144K)
[95.194s][info][gc,metaspace   ] GC(652) Metaspace: 11812K(12096K)->11812K(12096K) NonClass: 10283K(10432K)->10283K(10432K) Class: 1528K(1664K)->1528K(1664K)
[95.194s][info][gc             ] GC(652) Pause Young (Allocation Failure) 630M->84M(1979M) 0.741ms
[95.194s][info][gc,cpu         ] GC(652) User=0.00s Sys=0.00s Real=0.00s
[95.328s][info][gc,start       ] GC(653) Pause Young (Allocation Failure)
[95.329s][info][gc,heap        ] GC(653) DefNew: 560494K(629120K)->1558K(629120K) Eden: 559232K(559232K)->0K(559232K) From: 1262K(69888K)->1558K(69888K)
[95.329s][info][gc,heap        ] GC(653) Tenured: 85057K(1398144K)->85057K(1398144K)
[95.329s][info][gc,metaspace   ] GC(653) Metaspace: 11812K(12096K)->11812K(12096K) NonClass: 10283K(10432K)->10283K(10432K) Class: 1528K(1664K)->1528K(1664K)
[95.329s][info][gc             ] GC(653) Pause Young (Allocation Failure) 630M->84M(1979M) 0.898ms
[95.329s][info][gc,cpu         ] GC(653) User=0.00s Sys=0.00s Real=0.00s
[95.464s][info][gc,start       ] GC(654) Pause Young (Allocation Failure)
[95.465s][info][gc,heap        ] GC(654) DefNew: 560790K(629120K)->1862K(629120K) Eden: 559232K(559232K)->0K(559232K) From: 1558K(69888K)->1862K(69888K)
[95.465s][info][gc,heap        ] GC(654) Tenured: 85057K(1398144K)->85057K(1398144K)
[95.465s][info][gc,metaspace   ] GC(654) Metaspace: 11812K(12096K)->11812K(12096K) NonClass: 10283K(10432K)->10283K(10432K) Class: 1528K(1664K)->1528K(1664K)
[95.465s][info][gc             ] GC(654) Pause Young (Allocation Failure) 630M->84M(1979M) 1.057ms
[95.465s][info][gc,cpu         ] GC(654) User=0.00s Sys=0.00s Real=0.00s
[95.603s][info][gc,start       ] GC(655) Pause Young (Allocation Failure)
[95.604s][info][gc,heap        ] GC(655) DefNew: 561094K(629120K)->2388K(629120K) Eden: 559232K(559232K)->0K(559232K) From: 1862K(69888K)->2388K(69888K)
[95.604s][info][gc,heap        ] GC(655) Tenured: 85057K(1398144K)->85057K(1398144K)
[95.604s][info][gc,metaspace   ] GC(655) Metaspace: 11812K(12096K)->11812K(12096K) NonClass: 10283K(10432K)->10283K(10432K) Class: 1528K(1664K)->1528K(1664K)
[95.604s][info][gc             ] GC(655) Pause Young (Allocation Failure) 631M->85M(1979M) 1.131ms
[95.604s][info][gc,cpu         ] GC(655) User=0.00s Sys=0.00s Real=0.00s
[95.740s][info][gc,start       ] GC(656) Pause Young (Allocation Failure)
[95.741s][info][gc,heap        ] GC(656) DefNew: 561565K(629120K)->2249K(629120K) Eden: 559177K(559232K)->0K(559232K) From: 2388K(69888K)->2249K(69888K)
[95.741s][info][gc,heap        ] GC(656) Tenured: 85057K(1398144K)->85057K(1398144K)
[95.741s][info][gc,metaspace   ] GC(656) Metaspace: 11812K(12096K)->11812K(12096K) NonClass: 10283K(10432K)->10283K(10432K) Class: 1528K(1664K)->1528K(1664K)
[95.741s][info][gc             ] GC(656) Pause Young (Allocation Failure) 631M->85M(1979M) 1.096ms
[95.741s][info][gc,cpu         ] GC(656) User=0.00s Sys=0.00s Real=0.00s
[95.882s][info][gc,start       ] GC(657) Pause Young (Allocation Failure)
[95.882s][info][gc,heap        ] GC(657) DefNew: 561481K(629120K)->401K(629120K) Eden: 559232K(559232K)->0K(559232K) From: 2249K(69888K)->401K(69888K)
[95.882s][info][gc,heap        ] GC(657) Tenured: 85057K(1398144K)->85057K(1398144K)
[95.882s][info][gc,metaspace   ] GC(657) Metaspace: 11812K(12096K)->11812K(12096K) NonClass: 10283K(10432K)->10283K(10432K) Class: 1528K(1664K)->1528K(1664K)
[95.882s][info][gc             ] GC(657) Pause Young (Allocation Failure) 631M->83M(1979M) 0.494ms
[95.883s][info][gc,cpu         ] GC(657) User=0.00s Sys=0.00s Real=0.00s
[96.018s][info][gc,start       ] GC(658) Pause Young (Allocation Failure)
[96.019s][info][gc,heap        ] GC(658) DefNew: 559633K(629120K)->874K(629120K) Eden: 559232K(559232K)->0K(559232K) From: 401K(69888K)->874K(69888K)
[96.019s][info][gc,heap        ] GC(658) Tenured: 85057K(1398144K)->85057K(1398144K)
[96.019s][info][gc,metaspace   ] GC(658) Metaspace: 11812K(12096K)->11812K(12096K) NonClass: 10283K(10432K)->10283K(10432K) Class: 1528K(1664K)->1528K(1664K)
[96.019s][info][gc             ] GC(658) Pause Young (Allocation Failure) 629M->83M(1979M) 0.605ms
[96.019s][info][gc,cpu         ] GC(658) User=0.00s Sys=0.00s Real=0.00s
[96.153s][info][gc,start       ] GC(659) Pause Young (Allocation Failure)
[96.154s][info][gc,heap        ] GC(659) DefNew: 560106K(629120K)->1168K(629120K) Eden: 559232K(559232K)->0K(559232K) From: 874K(69888K)->1168K(69888K)
[96.154s][info][gc,heap        ] GC(659) Tenured: 85057K(1398144K)->85057K(1398144K)
[96.154s][info][gc,metaspace   ] GC(659) Metaspace: 11812K(12096K)->11812K(12096K) NonClass: 10283K(10432K)->10283K(10432K) Class: 1528K(1664K)->1528K(1664K)
[96.154s][info][gc             ] GC(659) Pause Young (Allocation Failure) 630M->84M(1979M) 0.711ms
[96.154s][info][gc,cpu         ] GC(659) User=0.00s Sys=0.00s Real=0.00s
[96.288s][info][gc,start       ] GC(660) Pause Young (Allocation Failure)
[96.289s][info][gc,heap        ] GC(660) DefNew: 560400K(629120K)->1698K(629120K) Eden: 559232K(559232K)->0K(559232K) From: 1168K(69888K)->1698K(69888K)
[96.289s][info][gc,heap        ] GC(660) Tenured: 85057K(1398144K)->85057K(1398144K)
[96.289s][info][gc,metaspace   ] GC(660) Metaspace: 11812K(12096K)->11812K(12096K) NonClass: 10283K(10432K)->10283K(10432K) Class: 1528K(1664K)->1528K(1664K)
[96.289s][info][gc             ] GC(660) Pause Young (Allocation Failure) 630M->84M(1979M) 0.868ms
[96.289s][info][gc,cpu         ] GC(660) User=0.00s Sys=0.00s Real=0.00s
[96.422s][info][gc,start       ] GC(661) Pause Young (Allocation Failure)
[96.423s][info][gc,heap        ] GC(661) DefNew: 560930K(629120K)->1949K(629120K) Eden: 559232K(559232K)->0K(559232K) From: 1698K(69888K)->1949K(69888K)
[96.423s][info][gc,heap        ] GC(661) Tenured: 85057K(1398144K)->85057K(1398144K)
[96.423s][info][gc,metaspace   ] GC(661) Metaspace: 11812K(12096K)->11812K(12096K) NonClass: 10283K(10432K)->10283K(10432K) Class: 1528K(1664K)->1528K(1664K)
[96.423s][info][gc             ] GC(661) Pause Young (Allocation Failure) 630M->84M(1979M) 0.952ms
[96.423s][info][gc,cpu         ] GC(661) User=0.00s Sys=0.00s Real=0.00s
[96.563s][info][gc,start       ] GC(662) Pause Young (Allocation Failure)
[96.564s][info][gc,heap        ] GC(662) DefNew: 561181K(629120K)->2317K(629120K) Eden: 559232K(559232K)->0K(559232K) From: 1949K(69888K)->2317K(69888K)
[96.564s][info][gc,heap        ] GC(662) Tenured: 85057K(1398144K)->85057K(1398144K)
[96.564s][info][gc,metaspace   ] GC(662) Metaspace: 11812K(12096K)->11812K(12096K) NonClass: 10283K(10432K)->10283K(10432K) Class: 1528K(1664K)->1528K(1664K)
[96.564s][info][gc             ] GC(662) Pause Young (Allocation Failure) 631M->85M(1979M) 1.110ms
[96.564s][info][gc,cpu         ] GC(662) User=0.00s Sys=0.00s Real=0.00s
[96.700s][info][gc,start       ] GC(663) Pause Young (Allocation Failure)
[96.701s][info][gc,heap        ] GC(663) DefNew: 561538K(629120K)->2838K(629120K) Eden: 559220K(559232K)->0K(559232K) From: 2317K(69888K)->2838K(69888K)
[96.701s][info][gc,heap        ] GC(663) Tenured: 85057K(1398144K)->85057K(1398144K)
[96.701s][info][gc,metaspace   ] GC(663) Metaspace: 11812K(12096K)->11812K(12096K) NonClass: 10283K(10432K)->10283K(10432K) Class: 1528K(1664K)->1528K(1664K)
[96.701s][info][gc             ] GC(663) Pause Young (Allocation Failure) 631M->85M(1979M) 1.336ms
[96.701s][info][gc,cpu         ] GC(663) User=0.00s Sys=0.00s Real=0.00s
[96.839s][info][gc,start       ] GC(664) Pause Young (Allocation Failure)
[96.840s][info][gc,heap        ] GC(664) DefNew: 562070K(629120K)->107K(629120K) Eden: 559232K(559232K)->0K(559232K) From: 2838K(69888K)->107K(69888K)
[96.840s][info][gc,heap        ] GC(664) Tenured: 85057K(1398144K)->85057K(1398144K)
[96.840s][info][gc,metaspace   ] GC(664) Metaspace: 11812K(12096K)->11812K(12096K) NonClass: 10283K(10432K)->10283K(10432K) Class: 1528K(1664K)->1528K(1664K)
[96.840s][info][gc             ] GC(664) Pause Young (Allocation Failure) 631M->83M(1979M) 0.393ms
[96.840s][info][gc,cpu         ] GC(664) User=0.00s Sys=0.00s Real=0.00s
[96.975s][info][gc,start       ] GC(665) Pause Young (Allocation Failure)
[96.975s][info][gc,heap        ] GC(665) DefNew: 559339K(629120K)->533K(629120K) Eden: 559232K(559232K)->0K(559232K) From: 107K(69888K)->533K(69888K)
[96.975s][info][gc,heap        ] GC(665) Tenured: 85057K(1398144K)->85057K(1398144K)
[96.975s][info][gc,metaspace   ] GC(665) Metaspace: 11812K(12096K)->11812K(12096K) NonClass: 10283K(10432K)->10283K(10432K) Class: 1528K(1664K)->1528K(1664K)
[96.975s][info][gc             ] GC(665) Pause Young (Allocation Failure) 629M->83M(1979M) 0.552ms
[96.975s][info][gc,cpu         ] GC(665) User=0.00s Sys=0.00s Real=0.00s
[97.110s][info][gc,start       ] GC(666) Pause Young (Allocation Failure)
[97.111s][info][gc,heap        ] GC(666) DefNew: 559765K(629120K)->989K(629120K) Eden: 559232K(559232K)->0K(559232K) From: 533K(69888K)->989K(69888K)
[97.111s][info][gc,heap        ] GC(666) Tenured: 85057K(1398144K)->85057K(1398144K)
[97.111s][info][gc,metaspace   ] GC(666) Metaspace: 11812K(12096K)->11812K(12096K) NonClass: 10283K(10432K)->10283K(10432K) Class: 1528K(1664K)->1528K(1664K)
[97.111s][info][gc             ] GC(666) Pause Young (Allocation Failure) 629M->84M(1979M) 0.672ms
[97.111s][info][gc,cpu         ] GC(666) User=0.00s Sys=0.00s Real=0.00s
[97.241s][info][gc,start       ] GC(667) Pause Full (System.gc())
[97.241s][info][gc,phases,start] GC(667) Phase 1: Mark live objects
[97.292s][info][gc,phases      ] GC(667) Phase 1: Mark live objects 50.954ms
[97.292s][info][gc,phases,start] GC(667) Phase 2: Compute new object addresses
[97.346s][info][gc,phases      ] GC(667) Phase 2: Compute new object addresses 53.468ms
[97.346s][info][gc,phases,start] GC(667) Phase 3: Adjust pointers
[97.367s][info][gc,phases      ] GC(667) Phase 3: Adjust pointers 20.932ms
[97.367s][info][gc,phases,start] GC(667) Phase 4: Move objects
[97.367s][info][gc,phases      ] GC(667) Phase 4: Move objects 0.009ms
[97.367s][info][gc,heap        ] GC(667) DefNew: 541382K(629120K)->0K(629120K) Eden: 540392K(559232K)->0K(559232K) From: 989K(69888K)->0K(69888K)
[97.367s][info][gc,heap        ] GC(667) Tenured: 85057K(1398144K)->85057K(1398144K)
[97.367s][info][gc,metaspace   ] GC(667) Metaspace: 11812K(12096K)->11812K(12096K) NonClass: 10283K(10432K)->10283K(10432K) Class: 1528K(1664K)->1528K(1664K)
[97.367s][info][gc             ] GC(667) Pause Full (System.gc()) 611M->83M(1979M) 125.652ms
[97.367s][info][gc,cpu         ] GC(667) User=0.11s Sys=0.00s Real=0.13s
[97.515s][info][gc,start       ] GC(668) Pause Young (Allocation Failure)
[97.516s][info][gc,heap        ] GC(668) DefNew: 559232K(629120K)->623K(629120K) Eden: 559232K(559232K)->0K(559232K) From: 0K(69888K)->623K(69888K)
[97.516s][info][gc,heap        ] GC(668) Tenured: 85057K(1398144K)->85057K(1398144K)
[97.516s][info][gc,metaspace   ] GC(668) Metaspace: 11812K(12096K)->11812K(12096K) NonClass: 10283K(10432K)->10283K(10432K) Class: 1528K(1664K)->1528K(1664K)
[97.516s][info][gc             ] GC(668) Pause Young (Allocation Failure) 629M->83M(1979M) 0.555ms
[97.516s][info][gc,cpu         ] GC(668) User=0.00s Sys=0.00s Real=0.00s
[97.650s][info][gc,start       ] GC(669) Pause Young (Allocation Failure)
[97.651s][info][gc,heap        ] GC(669) DefNew: 559855K(629120K)->1068K(629120K) Eden: 559232K(559232K)->0K(559232K) From: 623K(69888K)->1068K(69888K)
[97.651s][info][gc,heap        ] GC(669) Tenured: 85057K(1398144K)->85057K(1398144K)
[97.651s][info][gc,metaspace   ] GC(669) Metaspace: 11812K(12096K)->11812K(12096K) NonClass: 10283K(10432K)->10283K(10432K) Class: 1528K(1664K)->1528K(1664K)
[97.651s][info][gc             ] GC(669) Pause Young (Allocation Failure) 629M->84M(1979M) 0.793ms
[97.651s][info][gc,cpu         ] GC(669) User=0.00s Sys=0.00s Real=0.00s
[97.787s][info][gc,start       ] GC(670) Pause Young (Allocation Failure)
[97.787s][info][gc,heap        ] GC(670) DefNew: 560300K(629120K)->1395K(629120K) Eden: 559232K(559232K)->0K(559232K) From: 1068K(69888K)->1395K(69888K)
[97.787s][info][gc,heap        ] GC(670) Tenured: 85057K(1398144K)->85057K(1398144K)
[97.787s][info][gc,metaspace   ] GC(670) Metaspace: 11812K(12096K)->11812K(12096K) NonClass: 10283K(10432K)->10283K(10432K) Class: 1528K(1664K)->1528K(1664K)
[97.787s][info][gc             ] GC(670) Pause Young (Allocation Failure) 630M->84M(1979M) 0.794ms
[97.787s][info][gc,cpu         ] GC(670) User=0.00s Sys=0.00s Real=0.00s
[97.921s][info][gc,start       ] GC(671) Pause Young (Allocation Failure)
[97.922s][info][gc,heap        ] GC(671) DefNew: 560627K(629120K)->1890K(629120K) Eden: 559232K(559232K)->0K(559232K) From: 1395K(69888K)->1890K(69888K)
[97.922s][info][gc,heap        ] GC(671) Tenured: 85057K(1398144K)->85057K(1398144K)
[97.922s][info][gc,metaspace   ] GC(671) Metaspace: 11812K(12096K)->11812K(12096K) NonClass: 10283K(10432K)->10283K(10432K) Class: 1528K(1664K)->1528K(1664K)
[97.922s][info][gc             ] GC(671) Pause Young (Allocation Failure) 630M->84M(1979M) 0.978ms
[97.922s][info][gc,cpu         ] GC(671) User=0.00s Sys=0.00s Real=0.00s
[98.059s][info][gc,start       ] GC(672) Pause Young (Allocation Failure)
[98.060s][info][gc,heap        ] GC(672) DefNew: 561122K(629120K)->1981K(629120K) Eden: 559232K(559232K)->0K(559232K) From: 1890K(69888K)->1981K(69888K)
[98.060s][info][gc,heap        ] GC(672) Tenured: 85057K(1398144K)->85057K(1398144K)
[98.060s][info][gc,metaspace   ] GC(672) Metaspace: 11812K(12096K)->11812K(12096K) NonClass: 10283K(10432K)->10283K(10432K) Class: 1528K(1664K)->1528K(1664K)
[98.060s][info][gc             ] GC(672) Pause Young (Allocation Failure) 631M->84M(1979M) 0.988ms
[98.060s][info][gc,cpu         ] GC(672) User=0.00s Sys=0.00s Real=0.00s
[98.193s][info][gc,start       ] GC(673) Pause Young (Allocation Failure)
[98.194s][info][gc,heap        ] GC(673) DefNew: 561213K(629120K)->2546K(629120K) Eden: 559232K(559232K)->0K(559232K) From: 1981K(69888K)->2546K(69888K)
[98.194s][info][gc,heap        ] GC(673) Tenured: 85057K(1398144K)->85057K(1398144K)
[98.194s][info][gc,metaspace   ] GC(673) Metaspace: 11812K(12096K)->11812K(12096K) NonClass: 10283K(10432K)->10283K(10432K) Class: 1528K(1664K)->1528K(1664K)
[98.194s][info][gc             ] GC(673) Pause Young (Allocation Failure) 631M->85M(1979M) 1.181ms
[98.194s][info][gc,cpu         ] GC(673) User=0.00s Sys=0.00s Real=0.00s
[98.328s][info][gc,start       ] GC(674) Pause Young (Allocation Failure)
[98.329s][info][gc,heap        ] GC(674) DefNew: 561696K(629120K)->2445K(629120K) Eden: 559149K(559232K)->0K(559232K) From: 2546K(69888K)->2445K(69888K)
[98.329s][info][gc,heap        ] GC(674) Tenured: 85057K(1398144K)->85057K(1398144K)
[98.329s][info][gc,metaspace   ] GC(674) Metaspace: 11812K(12096K)->11812K(12096K) NonClass: 10283K(10432K)->10283K(10432K) Class: 1528K(1664K)->1528K(1664K)
[98.329s][info][gc             ] GC(674) Pause Young (Allocation Failure) 631M->85M(1979M) 1.179ms
[98.329s][info][gc,cpu         ] GC(674) User=0.00s Sys=0.00s Real=0.02s
[98.468s][info][gc,start       ] GC(675) Pause Young (Allocation Failure)
[98.468s][info][gc,heap        ] GC(675) DefNew: 561677K(629120K)->314K(629120K) Eden: 559232K(559232K)->0K(559232K) From: 2445K(69888K)->314K(69888K)
[98.468s][info][gc,heap        ] GC(675) Tenured: 85057K(1398144K)->85057K(1398144K)
[98.468s][info][gc,metaspace   ] GC(675) Metaspace: 11812K(12096K)->11812K(12096K) NonClass: 10283K(10432K)->10283K(10432K) Class: 1528K(1664K)->1528K(1664K)
[98.468s][info][gc             ] GC(675) Pause Young (Allocation Failure) 631M->83M(1979M) 0.572ms
[98.468s][info][gc,cpu         ] GC(675) User=0.00s Sys=0.00s Real=0.00s
[98.607s][info][gc,start       ] GC(676) Pause Young (Allocation Failure)
[98.607s][info][gc,heap        ] GC(676) DefNew: 559546K(629120K)->745K(629120K) Eden: 559232K(559232K)->0K(559232K) From: 314K(69888K)->745K(69888K)
[98.607s][info][gc,heap        ] GC(676) Tenured: 85057K(1398144K)->85057K(1398144K)
[98.607s][info][gc,metaspace   ] GC(676) Metaspace: 11812K(12096K)->11812K(12096K) NonClass: 10283K(10432K)->10283K(10432K) Class: 1528K(1664K)->1528K(1664K)
[98.607s][info][gc             ] GC(676) Pause Young (Allocation Failure) 629M->83M(1979M) 0.625ms
[98.607s][info][gc,cpu         ] GC(676) User=0.00s Sys=0.00s Real=0.00s
[98.743s][info][gc,start       ] GC(677) Pause Young (Allocation Failure)
[98.744s][info][gc,heap        ] GC(677) DefNew: 559977K(629120K)->1209K(629120K) Eden: 559232K(559232K)->0K(559232K) From: 745K(69888K)->1209K(69888K)
[98.744s][info][gc,heap        ] GC(677) Tenured: 85057K(1398144K)->85057K(1398144K)
[98.744s][info][gc,metaspace   ] GC(677) Metaspace: 11812K(12096K)->11812K(12096K) NonClass: 10283K(10432K)->10283K(10432K) Class: 1528K(1664K)->1528K(1664K)
[98.744s][info][gc             ] GC(677) Pause Young (Allocation Failure) 629M->84M(1979M) 0.738ms
[98.744s][info][gc,cpu         ] GC(677) User=0.00s Sys=0.00s Real=0.00s
[98.878s][info][gc,start       ] GC(678) Pause Young (Allocation Failure)
[98.879s][info][gc,heap        ] GC(678) DefNew: 560423K(629120K)->1642K(629120K) Eden: 559214K(559232K)->0K(559232K) From: 1209K(69888K)->1642K(69888K)
[98.879s][info][gc,heap        ] GC(678) Tenured: 85057K(1398144K)->85057K(1398144K)
[98.879s][info][gc,metaspace   ] GC(678) Metaspace: 11812K(12096K)->11812K(12096K) NonClass: 10283K(10432K)->10283K(10432K) Class: 1528K(1664K)->1528K(1664K)
[98.879s][info][gc             ] GC(678) Pause Young (Allocation Failure) 630M->84M(1979M) 0.947ms
[98.879s][info][gc,cpu         ] GC(678) User=0.00s Sys=0.00s Real=0.01s
[99.013s][info][gc,start       ] GC(679) Pause Young (Allocation Failure)
[99.014s][info][gc,heap        ] GC(679) DefNew: 560874K(629120K)->1759K(629120K) Eden: 559232K(559232K)->0K(559232K) From: 1642K(69888K)->1759K(69888K)
[99.014s][info][gc,heap        ] GC(679) Tenured: 85057K(1398144K)->85057K(1398144K)
[99.014s][info][gc,metaspace   ] GC(679) Metaspace: 11812K(12096K)->11812K(12096K) NonClass: 10283K(10432K)->10283K(10432K) Class: 1528K(1664K)->1528K(1664K)
[99.014s][info][gc             ] GC(679) Pause Young (Allocation Failure) 630M->84M(1979M) 0.939ms
[99.014s][info][gc,cpu         ] GC(679) User=0.00s Sys=0.00s Real=0.00s
[99.148s][info][gc,start       ] GC(680) Pause Young (Allocation Failure)
[99.149s][info][gc,heap        ] GC(680) DefNew: 560991K(629120K)->2547K(629120K) Eden: 559232K(559232K)->0K(559232K) From: 1759K(69888K)->2547K(69888K)
[99.149s][info][gc,heap        ] GC(680) Tenured: 85057K(1398144K)->85057K(1398144K)
[99.149s][info][gc,metaspace   ] GC(680) Metaspace: 11812K(12096K)->11812K(12096K) NonClass: 10283K(10432K)->10283K(10432K) Class: 1528K(1664K)->1528K(1664K)
[99.149s][info][gc             ] GC(680) Pause Young (Allocation Failure) 630M->85M(1979M) 1.135ms
[99.149s][info][gc,cpu         ] GC(680) User=0.00s Sys=0.00s Real=0.00s
[99.283s][info][gc,start       ] GC(681) Pause Young (Allocation Failure)
[99.284s][info][gc,heap        ] GC(681) DefNew: 561642K(629120K)->2497K(629120K) Eden: 559094K(559232K)->0K(559232K) From: 2547K(69888K)->2497K(69888K)
[99.284s][info][gc,heap        ] GC(681) Tenured: 85057K(1398144K)->85057K(1398144K)
[99.284s][info][gc,metaspace   ] GC(681) Metaspace: 11812K(12096K)->11812K(12096K) NonClass: 10283K(10432K)->10283K(10432K) Class: 1528K(1664K)->1528K(1664K)
[99.284s][info][gc             ] GC(681) Pause Young (Allocation Failure) 631M->85M(1979M) 1.177ms
[99.284s][info][gc,cpu         ] GC(681) User=0.00s Sys=0.00s Real=0.00s
[99.422s][info][gc,start       ] GC(682) Pause Young (Allocation Failure)
[99.422s][info][gc,heap        ] GC(682) DefNew: 561729K(629120K)->132K(629120K) Eden: 559232K(559232K)->0K(559232K) From: 2497K(69888K)->132K(69888K)
[99.422s][info][gc,heap        ] GC(682) Tenured: 85057K(1398144K)->85057K(1398144K)
[99.422s][info][gc,metaspace   ] GC(682) Metaspace: 11812K(12096K)->11812K(12096K) NonClass: 10283K(10432K)->10283K(10432K) Class: 1528K(1664K)->1528K(1664K)
[99.422s][info][gc             ] GC(682) Pause Young (Allocation Failure) 631M->83M(1979M) 0.410ms
[99.422s][info][gc,cpu         ] GC(682) User=0.00s Sys=0.00s Real=0.00s
[99.561s][info][gc,start       ] GC(683) Pause Young (Allocation Failure)
[99.562s][info][gc,heap        ] GC(683) DefNew: 559364K(629120K)->542K(629120K) Eden: 559232K(559232K)->0K(559232K) From: 132K(69888K)->542K(69888K)
[99.562s][info][gc,heap        ] GC(683) Tenured: 85057K(1398144K)->85057K(1398144K)
[99.562s][info][gc,metaspace   ] GC(683) Metaspace: 11812K(12096K)->11812K(12096K) NonClass: 10283K(10432K)->10283K(10432K) Class: 1528K(1664K)->1528K(1664K)
[99.562s][info][gc             ] GC(683) Pause Young (Allocation Failure) 629M->83M(1979M) 0.546ms
[99.562s][info][gc,cpu         ] GC(683) User=0.00s Sys=0.00s Real=0.00s
[99.697s][info][gc,start       ] GC(684) Pause Young (Allocation Failure)
[99.698s][info][gc,heap        ] GC(684) DefNew: 559774K(629120K)->912K(629120K) Eden: 559232K(559232K)->0K(559232K) From: 542K(69888K)->912K(69888K)
[99.698s][info][gc,heap        ] GC(684) Tenured: 85057K(1398144K)->85057K(1398144K)
[99.698s][info][gc,metaspace   ] GC(684) Metaspace: 11812K(12096K)->11812K(12096K) NonClass: 10283K(10432K)->10283K(10432K) Class: 1528K(1664K)->1528K(1664K)
[99.698s][info][gc             ] GC(684) Pause Young (Allocation Failure) 629M->83M(1979M) 0.671ms
[99.698s][info][gc,cpu         ] GC(684) User=0.00s Sys=0.00s Real=0.00s
[99.830s][info][gc,start       ] GC(685) Pause Full (System.gc())
[99.830s][info][gc,phases,start] GC(685) Phase 1: Mark live objects
[99.881s][info][gc,phases      ] GC(685) Phase 1: Mark live objects 51.055ms
[99.881s][info][gc,phases,start] GC(685) Phase 2: Compute new object addresses
[99.935s][info][gc,phases      ] GC(685) Phase 2: Compute new object addresses 53.792ms
[99.935s][info][gc,phases,start] GC(685) Phase 3: Adjust pointers
[99.956s][info][gc,phases      ] GC(685) Phase 3: Adjust pointers 21.064ms
[99.956s][info][gc,phases,start] GC(685) Phase 4: Move objects
[99.956s][info][gc,phases      ] GC(685) Phase 4: Move objects 0.009ms
[99.956s][info][gc,heap        ] GC(685) DefNew: 541413K(629120K)->0K(629120K) Eden: 540500K(559232K)->0K(559232K) From: 912K(69888K)->0K(69888K)
[99.956s][info][gc,heap        ] GC(685) Tenured: 85057K(1398144K)->85058K(1398144K)
[99.956s][info][gc,metaspace   ] GC(685) Metaspace: 11812K(12096K)->11812K(12096K) NonClass: 10283K(10432K)->10283K(10432K) Class: 1528K(1664K)->1528K(1664K)
[99.956s][info][gc             ] GC(685) Pause Full (System.gc()) 611M->83M(1979M) 126.231ms
[99.956s][info][gc,cpu         ] GC(685) User=0.11s Sys=0.00s Real=0.12s
[100.100s][info][gc,start       ] GC(686) Pause Young (Allocation Failure)
[100.100s][info][gc,heap        ] GC(686) DefNew: 559221K(629120K)->433K(629120K) Eden: 559221K(559232K)->0K(559232K) From: 0K(69888K)->433K(69888K)
[100.100s][info][gc,heap        ] GC(686) Tenured: 85058K(1398144K)->85058K(1398144K)
[100.100s][info][gc,metaspace   ] GC(686) Metaspace: 11812K(12096K)->11812K(12096K) NonClass: 10283K(10432K)->10283K(10432K) Class: 1528K(1664K)->1528K(1664K)
[100.100s][info][gc             ] GC(686) Pause Young (Allocation Failure) 629M->83M(1979M) 0.501ms
[100.100s][info][gc,cpu         ] GC(686) User=0.00s Sys=0.00s Real=0.00s
[100.234s][info][gc,start       ] GC(687) Pause Young (Allocation Failure)
[100.234s][info][gc,heap        ] GC(687) DefNew: 559665K(629120K)->935K(629120K) Eden: 559232K(559232K)->0K(559232K) From: 433K(69888K)->935K(69888K)
[100.234s][info][gc,heap        ] GC(687) Tenured: 85058K(1398144K)->85058K(1398144K)
[100.234s][info][gc,metaspace   ] GC(687) Metaspace: 11812K(12096K)->11812K(12096K) NonClass: 10283K(10432K)->10283K(10432K) Class: 1528K(1664K)->1528K(1664K)
[100.234s][info][gc             ] GC(687) Pause Young (Allocation Failure) 629M->83M(1979M) 0.636ms
[100.234s][info][gc,cpu         ] GC(687) User=0.00s Sys=0.00s Real=0.00s
[100.369s][info][gc,start       ] GC(688) Pause Young (Allocation Failure)
[100.370s][info][gc,heap        ] GC(688) DefNew: 560167K(629120K)->1306K(629120K) Eden: 559232K(559232K)->0K(559232K) From: 935K(69888K)->1306K(69888K)
[100.370s][info][gc,heap        ] GC(688) Tenured: 85058K(1398144K)->85058K(1398144K)
[100.370s][info][gc,metaspace   ] GC(688) Metaspace: 11812K(12096K)->11812K(12096K) NonClass: 10283K(10432K)->10283K(10432K) Class: 1528K(1664K)->1528K(1664K)
[100.370s][info][gc             ] GC(688) Pause Young (Allocation Failure) 630M->84M(1979M) 0.833ms
[100.370s][info][gc,cpu         ] GC(688) User=0.00s Sys=0.00s Real=0.02s
[100.507s][info][gc,start       ] GC(689) Pause Young (Allocation Failure)
[100.508s][info][gc,heap        ] GC(689) DefNew: 560538K(629120K)->1874K(629120K) Eden: 559232K(559232K)->0K(559232K) From: 1306K(69888K)->1874K(69888K)
[100.508s][info][gc,heap        ] GC(689) Tenured: 85058K(1398144K)->85058K(1398144K)
[100.508s][info][gc,metaspace   ] GC(689) Metaspace: 11812K(12096K)->11812K(12096K) NonClass: 10283K(10432K)->10283K(10432K) Class: 1528K(1664K)->1528K(1664K)
[100.508s][info][gc             ] GC(689) Pause Young (Allocation Failure) 630M->84M(1979M) 0.946ms
[100.508s][info][gc,cpu         ] GC(689) User=0.00s Sys=0.00s Real=0.00s
[100.644s][info][gc,start       ] GC(690) Pause Young (Allocation Failure)
[100.645s][info][gc,heap        ] GC(690) DefNew: 561106K(629120K)->2087K(629120K) Eden: 559232K(559232K)->0K(559232K) From: 1874K(69888K)->2087K(69888K)
[100.645s][info][gc,heap        ] GC(690) Tenured: 85058K(1398144K)->85058K(1398144K)
[100.645s][info][gc,metaspace   ] GC(690) Metaspace: 11812K(12096K)->11812K(12096K) NonClass: 10283K(10432K)->10283K(10432K) Class: 1528K(1664K)->1528K(1664K)
[100.645s][info][gc             ] GC(690) Pause Young (Allocation Failure) 631M->85M(1979M) 1.022ms
[100.645s][info][gc,cpu         ] GC(690) User=0.00s Sys=0.00s Real=0.00s
[100.780s][info][gc,start       ] GC(691) Pause Young (Allocation Failure)
[100.781s][info][gc,heap        ] GC(691) DefNew: 561319K(629120K)->2179K(629120K) Eden: 559232K(559232K)->0K(559232K) From: 2087K(69888K)->2179K(69888K)
[100.781s][info][gc,heap        ] GC(691) Tenured: 85058K(1398144K)->85058K(1398144K)
[100.781s][info][gc,metaspace   ] GC(691) Metaspace: 11812K(12096K)->11812K(12096K) NonClass: 10283K(10432K)->10283K(10432K) Class: 1528K(1664K)->1528K(1664K)
[100.781s][info][gc             ] GC(691) Pause Young (Allocation Failure) 631M->85M(1979M) 0.999ms
[100.781s][info][gc,cpu         ] GC(691) User=0.00s Sys=0.00s Real=0.00s
[100.915s][info][gc,start       ] GC(692) Pause Young (Allocation Failure)
[100.916s][info][gc,heap        ] GC(692) DefNew: 561411K(629120K)->2883K(629120K) Eden: 559232K(559232K)->0K(559232K) From: 2179K(69888K)->2883K(69888K)
[100.916s][info][gc,heap        ] GC(692) Tenured: 85058K(1398144K)->85058K(1398144K)
[100.916s][info][gc,metaspace   ] GC(692) Metaspace: 11812K(12096K)->11812K(12096K) NonClass: 10283K(10432K)->10283K(10432K) Class: 1528K(1664K)->1528K(1664K)
[100.916s][info][gc             ] GC(692) Pause Young (Allocation Failure) 631M->85M(1979M) 1.233ms
[100.916s][info][gc,cpu         ] GC(692) User=0.00s Sys=0.00s Real=0.00s
[101.055s][info][gc,start       ] GC(693) Pause Young (Allocation Failure)
[101.056s][info][gc,heap        ] GC(693) DefNew: 562115K(629120K)->132K(629120K) Eden: 559232K(559232K)->0K(559232K) From: 2883K(69888K)->132K(69888K)
[101.056s][info][gc,heap        ] GC(693) Tenured: 85058K(1398144K)->85058K(1398144K)
[101.056s][info][gc,metaspace   ] GC(693) Metaspace: 11812K(12096K)->11812K(12096K) NonClass: 10283K(10432K)->10283K(10432K) Class: 1528K(1664K)->1528K(1664K)
[101.056s][info][gc             ] GC(693) Pause Young (Allocation Failure) 632M->83M(1979M) 0.403ms
[101.056s][info][gc,cpu         ] GC(693) User=0.00s Sys=0.00s Real=0.00s
[101.190s][info][gc,start       ] GC(694) Pause Young (Allocation Failure)
[101.191s][info][gc,heap        ] GC(694) DefNew: 559364K(629120K)->505K(629120K) Eden: 559232K(559232K)->0K(559232K) From: 132K(69888K)->505K(69888K)
[101.191s][info][gc,heap        ] GC(694) Tenured: 85058K(1398144K)->85058K(1398144K)
[101.191s][info][gc,metaspace   ] GC(694) Metaspace: 11812K(12096K)->11812K(12096K) NonClass: 10283K(10432K)->10283K(10432K) Class: 1528K(1664K)->1528K(1664K)
[101.191s][info][gc             ] GC(694) Pause Young (Allocation Failure) 629M->83M(1979M) 0.530ms
[101.191s][info][gc,cpu         ] GC(694) User=0.00s Sys=0.00s Real=0.00s
[101.326s][info][gc,start       ] GC(695) Pause Young (Allocation Failure)
[101.326s][info][gc,heap        ] GC(695) DefNew: 559737K(629120K)->1027K(629120K) Eden: 559232K(559232K)->0K(559232K) From: 505K(69888K)->1027K(69888K)
[101.326s][info][gc,heap        ] GC(695) Tenured: 85058K(1398144K)->85058K(1398144K)
[101.326s][info][gc,metaspace   ] GC(695) Metaspace: 11812K(12096K)->11812K(12096K) NonClass: 10283K(10432K)->10283K(10432K) Class: 1528K(1664K)->1528K(1664K)
[101.326s][info][gc             ] GC(695) Pause Young (Allocation Failure) 629M->84M(1979M) 0.682ms
[101.326s][info][gc,cpu         ] GC(695) User=0.00s Sys=0.00s Real=0.00s
[101.461s][info][gc,start       ] GC(696) Pause Young (Allocation Failure)
[101.462s][info][gc,heap        ] GC(696) DefNew: 560246K(629120K)->1571K(629120K) Eden: 559218K(559232K)->0K(559232K) From: 1027K(69888K)->1571K(69888K)
[101.462s][info][gc,heap        ] GC(696) Tenured: 85058K(1398144K)->85058K(1398144K)
[101.462s][info][gc,metaspace   ] GC(696) Metaspace: 11812K(12096K)->11812K(12096K) NonClass: 10283K(10432K)->10283K(10432K) Class: 1528K(1664K)->1528K(1664K)
[101.462s][info][gc             ] GC(696) Pause Young (Allocation Failure) 630M->84M(1979M) 0.994ms
[101.462s][info][gc,cpu         ] GC(696) User=0.00s Sys=0.00s Real=0.00s
[101.603s][info][gc,start       ] GC(697) Pause Young (Allocation Failure)
[101.604s][info][gc,heap        ] GC(697) DefNew: 560803K(629120K)->1948K(629120K) Eden: 559232K(559232K)->0K(559232K) From: 1571K(69888K)->1948K(69888K)
[101.604s][info][gc,heap        ] GC(697) Tenured: 85058K(1398144K)->85058K(1398144K)
[101.604s][info][gc,metaspace   ] GC(697) Metaspace: 11812K(12096K)->11812K(12096K) NonClass: 10283K(10432K)->10283K(10432K) Class: 1528K(1664K)->1528K(1664K)
[101.604s][info][gc             ] GC(697) Pause Young (Allocation Failure) 630M->84M(1979M) 1.001ms
[101.604s][info][gc,cpu         ] GC(697) User=0.00s Sys=0.00s Real=0.00s
[101.739s][info][gc,start       ] GC(698) Pause Young (Allocation Failure)
[101.740s][info][gc,heap        ] GC(698) DefNew: 561180K(629120K)->2378K(629120K) Eden: 559232K(559232K)->0K(559232K) From: 1948K(69888K)->2378K(69888K)
[101.740s][info][gc,heap        ] GC(698) Tenured: 85058K(1398144K)->85058K(1398144K)
[101.740s][info][gc,metaspace   ] GC(698) Metaspace: 11812K(12096K)->11812K(12096K) NonClass: 10283K(10432K)->10283K(10432K) Class: 1528K(1664K)->1528K(1664K)
[101.740s][info][gc             ] GC(698) Pause Young (Allocation Failure) 631M->85M(1979M) 1.115ms
[101.740s][info][gc,cpu         ] GC(698) User=0.00s Sys=0.00s Real=0.00s
[101.874s][info][gc,start       ] GC(699) Pause Young (Allocation Failure)
[101.875s][info][gc,heap        ] GC(699) DefNew: 561514K(629120K)->2835K(629120K) Eden: 559136K(559232K)->0K(559232K) From: 2378K(69888K)->2835K(69888K)
[101.875s][info][gc,heap        ] GC(699) Tenured: 85058K(1398144K)->85058K(1398144K)
[101.875s][info][gc,metaspace   ] GC(699) Metaspace: 11812K(12096K)->11812K(12096K) NonClass: 10283K(10432K)->10283K(10432K) Class: 1528K(1664K)->1528K(1664K)
[101.875s][info][gc             ] GC(699) Pause Young (Allocation Failure) 631M->85M(1979M) 1.356ms
[101.875s][info][gc,cpu         ] GC(699) User=0.00s Sys=0.00s Real=0.00s
[102.013s][info][gc,start       ] GC(700) Pause Young (Allocation Failure)
[102.014s][info][gc,heap        ] GC(700) DefNew: 562067K(629120K)->278K(629120K) Eden: 559232K(559232K)->0K(559232K) From: 2835K(69888K)->278K(69888K)
[102.014s][info][gc,heap        ] GC(700) Tenured: 85058K(1398144K)->85058K(1398144K)
[102.014s][info][gc,metaspace   ] GC(700) Metaspace: 11812K(12096K)->11812K(12096K) NonClass: 10283K(10432K)->10283K(10432K) Class: 1528K(1664K)->1528K(1664K)
[102.014s][info][gc             ] GC(700) Pause Young (Allocation Failure) 631M->83M(1979M) 0.452ms
[102.014s][info][gc,cpu         ] GC(700) User=0.00s Sys=0.00s Real=0.00s
[102.149s][info][gc,start       ] GC(701) Pause Young (Allocation Failure)
[102.150s][info][gc,heap        ] GC(701) DefNew: 559510K(629120K)->652K(629120K) Eden: 559232K(559232K)->0K(559232K) From: 278K(69888K)->652K(69888K)
[102.150s][info][gc,heap        ] GC(701) Tenured: 85058K(1398144K)->85058K(1398144K)
[102.150s][info][gc,metaspace   ] GC(701) Metaspace: 11812K(12096K)->11812K(12096K) NonClass: 10283K(10432K)->10283K(10432K) Class: 1528K(1664K)->1528K(1664K)
[102.150s][info][gc             ] GC(701) Pause Young (Allocation Failure) 629M->83M(1979M) 0.567ms
[102.150s][info][gc,cpu         ] GC(701) User=0.00s Sys=0.00s Real=0.00s
[102.284s][info][gc,start       ] GC(702) Pause Young (Allocation Failure)
[102.285s][info][gc,heap        ] GC(702) DefNew: 559884K(629120K)->1102K(629120K) Eden: 559232K(559232K)->0K(559232K) From: 652K(69888K)->1102K(69888K)
[102.285s][info][gc,heap        ] GC(702) Tenured: 85058K(1398144K)->85058K(1398144K)
[102.285s][info][gc,metaspace   ] GC(702) Metaspace: 11812K(12096K)->11812K(12096K) NonClass: 10283K(10432K)->10283K(10432K) Class: 1528K(1664K)->1528K(1664K)
[102.285s][info][gc             ] GC(702) Pause Young (Allocation Failure) 629M->84M(1979M) 0.697ms
[102.285s][info][gc,cpu         ] GC(702) User=0.00s Sys=0.00s Real=0.00s
[102.416s][info][gc,start       ] GC(703) Pause Full (System.gc())
[102.416s][info][gc,phases,start] GC(703) Phase 1: Mark live objects
[102.468s][info][gc,phases      ] GC(703) Phase 1: Mark live objects 52.286ms
[102.468s][info][gc,phases,start] GC(703) Phase 2: Compute new object addresses
[102.522s][info][gc,phases      ] GC(703) Phase 2: Compute new object addresses 53.855ms
[102.522s][info][gc,phases,start] GC(703) Phase 3: Adjust pointers
[102.543s][info][gc,phases      ] GC(703) Phase 3: Adjust pointers 21.335ms
[102.543s][info][gc,phases,start] GC(703) Phase 4: Move objects
[102.543s][info][gc,phases      ] GC(703) Phase 4: Move objects 0.009ms
[102.543s][info][gc,heap        ] GC(703) DefNew: 535993K(629120K)->0K(629120K) Eden: 534891K(559232K)->0K(559232K) From: 1102K(69888K)->0K(69888K)
[102.543s][info][gc,heap        ] GC(703) Tenured: 85058K(1398144K)->85057K(1398144K)
[102.543s][info][gc,metaspace   ] GC(703) Metaspace: 11812K(12096K)->11812K(12096K) NonClass: 10283K(10432K)->10283K(10432K) Class: 1528K(1664K)->1528K(1664K)
[102.543s][info][gc             ] GC(703) Pause Full (System.gc()) 606M->83M(1979M) 127.787ms
[102.543s][info][gc,cpu         ] GC(703) User=0.12s Sys=0.00s Real=0.12s
[102.686s][info][gc,start       ] GC(704) Pause Young (Allocation Failure)
[102.687s][info][gc,heap        ] GC(704) DefNew: 559232K(629120K)->507K(629120K) Eden: 559232K(559232K)->0K(559232K) From: 0K(69888K)->507K(69888K)
[102.687s][info][gc,heap        ] GC(704) Tenured: 85057K(1398144K)->85057K(1398144K)
[102.687s][info][gc,metaspace   ] GC(704) Metaspace: 11815K(12096K)->11815K(12096K) NonClass: 10286K(10432K)->10286K(10432K) Class: 1528K(1664K)->1528K(1664K)
[102.687s][info][gc             ] GC(704) Pause Young (Allocation Failure) 629M->83M(1979M) 0.525ms
[102.687s][info][gc,cpu         ] GC(704) User=0.00s Sys=0.00s Real=0.00s
[102.822s][info][gc,start       ] GC(705) Pause Young (Allocation Failure)
[102.823s][info][gc,heap        ] GC(705) DefNew: 559357K(629120K)->899K(629120K) Eden: 558850K(559232K)->0K(559232K) From: 507K(69888K)->899K(69888K)
[102.823s][info][gc,heap        ] GC(705) Tenured: 85057K(1398144K)->85057K(1398144K)
[102.823s][info][gc,metaspace   ] GC(705) Metaspace: 11815K(12096K)->11815K(12096K) NonClass: 10286K(10432K)->10286K(10432K) Class: 1528K(1664K)->1528K(1664K)
[102.823s][info][gc             ] GC(705) Pause Young (Allocation Failure) 629M->83M(1979M) 0.669ms
[102.823s][info][gc,cpu         ] GC(705) User=0.00s Sys=0.00s Real=0.00s
[102.957s][info][gc,start       ] GC(706) Pause Young (Allocation Failure)
[102.957s][info][gc,heap        ] GC(706) DefNew: 560131K(629120K)->1315K(629120K) Eden: 559232K(559232K)->0K(559232K) From: 899K(69888K)->1315K(69888K)
[102.958s][info][gc,heap        ] GC(706) Tenured: 85057K(1398144K)->85057K(1398144K)
[102.958s][info][gc,metaspace   ] GC(706) Metaspace: 11815K(12096K)->11815K(12096K) NonClass: 10286K(10432K)->10286K(10432K) Class: 1528K(1664K)->1528K(1664K)
[102.958s][info][gc             ] GC(706) Pause Young (Allocation Failure) 630M->84M(1979M) 0.760ms
[102.958s][info][gc,cpu         ] GC(706) User=0.00s Sys=0.00s Real=0.00s
[103.091s][info][gc,start       ] GC(707) Pause Young (Allocation Failure)
[103.092s][info][gc,heap        ] GC(707) DefNew: 560547K(629120K)->1615K(629120K) Eden: 559232K(559232K)->0K(559232K) From: 1315K(69888K)->1615K(69888K)
[103.092s][info][gc,heap        ] GC(707) Tenured: 85057K(1398144K)->85057K(1398144K)
[103.092s][info][gc,metaspace   ] GC(707) Metaspace: 11815K(12096K)->11815K(12096K) NonClass: 10286K(10432K)->10286K(10432K) Class: 1528K(1664K)->1528K(1664K)
[103.092s][info][gc             ] GC(707) Pause Young (Allocation Failure) 630M->84M(1979M) 0.945ms
[103.092s][info][gc,cpu         ] GC(707) User=0.00s Sys=0.00s Real=0.00s
[103.227s][info][gc,start       ] GC(708) Pause Young (Allocation Failure)
[103.228s][info][gc,heap        ] GC(708) DefNew: 560847K(629120K)->1937K(629120K) Eden: 559232K(559232K)->0K(559232K) From: 1615K(69888K)->1937K(69888K)
[103.228s][info][gc,heap        ] GC(708) Tenured: 85057K(1398144K)->85057K(1398144K)
[103.228s][info][gc,metaspace   ] GC(708) Metaspace: 11815K(12096K)->11815K(12096K) NonClass: 10286K(10432K)->10286K(10432K) Class: 1528K(1664K)->1528K(1664K)
[103.228s][info][gc             ] GC(708) Pause Young (Allocation Failure) 630M->84M(1979M) 1.059ms
[103.228s][info][gc,cpu         ] GC(708) User=0.00s Sys=0.00s Real=0.02s
[103.361s][info][gc,start       ] GC(709) Pause Young (Allocation Failure)
[103.362s][info][gc,heap        ] GC(709) DefNew: 561169K(629120K)->1982K(629120K) Eden: 559232K(559232K)->0K(559232K) From: 1937K(69888K)->1982K(69888K)
[103.362s][info][gc,heap        ] GC(709) Tenured: 85057K(1398144K)->85057K(1398144K)
[103.362s][info][gc,metaspace   ] GC(709) Metaspace: 11815K(12096K)->11815K(12096K) NonClass: 10286K(10432K)->10286K(10432K) Class: 1528K(1664K)->1528K(1664K)
[103.362s][info][gc             ] GC(709) Pause Young (Allocation Failure) 631M->84M(1979M) 0.953ms
[103.362s][info][gc,cpu         ] GC(709) User=0.00s Sys=0.00s Real=0.00s
[103.501s][info][gc,start       ] GC(710) Pause Young (Allocation Failure)
[103.502s][info][gc,heap        ] GC(710) DefNew: 561148K(629120K)->2835K(629120K) Eden: 559166K(559232K)->0K(559232K) From: 1982K(69888K)->2835K(69888K)
[103.502s][info][gc,heap        ] GC(710) Tenured: 85057K(1398144K)->85057K(1398144K)
[103.502s][info][gc,metaspace   ] GC(710) Metaspace: 11815K(12096K)->11815K(12096K) NonClass: 10286K(10432K)->10286K(10432K) Class: 1528K(1664K)->1528K(1664K)
[103.502s][info][gc             ] GC(710) Pause Young (Allocation Failure) 631M->85M(1979M) 1.563ms
[103.502s][info][gc,cpu         ] GC(710) User=0.00s Sys=0.00s Real=0.00s
[103.641s][info][gc,start       ] GC(711) Pause Young (Allocation Failure)
[103.641s][info][gc,heap        ] GC(711) DefNew: 562067K(629120K)->235K(629120K) Eden: 559232K(559232K)->0K(559232K) From: 2835K(69888K)->235K(69888K)
[103.641s][info][gc,heap        ] GC(711) Tenured: 85057K(1398144K)->85057K(1398144K)
[103.641s][info][gc,metaspace   ] GC(711) Metaspace: 11815K(12096K)->11815K(12096K) NonClass: 10286K(10432K)->10286K(10432K) Class: 1528K(1664K)->1528K(1664K)
[103.641s][info][gc             ] GC(711) Pause Young (Allocation Failure) 631M->83M(1979M) 0.447ms
[103.641s][info][gc,cpu         ] GC(711) User=0.00s Sys=0.00s Real=0.00s
[103.777s][info][gc,start       ] GC(712) Pause Young (Allocation Failure)
[103.777s][info][gc,heap        ] GC(712) DefNew: 559467K(629120K)->739K(629120K) Eden: 559232K(559232K)->0K(559232K) From: 235K(69888K)->739K(69888K)
[103.777s][info][gc,heap        ] GC(712) Tenured: 85057K(1398144K)->85057K(1398144K)
[103.777s][info][gc,metaspace   ] GC(712) Metaspace: 11815K(12096K)->11815K(12096K) NonClass: 10286K(10432K)->10286K(10432K) Class: 1528K(1664K)->1528K(1664K)
[103.777s][info][gc             ] GC(712) Pause Young (Allocation Failure) 629M->83M(1979M) 0.588ms
[103.777s][info][gc,cpu         ] GC(712) User=0.00s Sys=0.00s Real=0.00s
[103.912s][info][gc,start       ] GC(713) Pause Young (Allocation Failure)
[103.913s][info][gc,heap        ] GC(713) DefNew: 559971K(629120K)->1122K(629120K) Eden: 559232K(559232K)->0K(559232K) From: 739K(69888K)->1122K(69888K)
[103.913s][info][gc,heap        ] GC(713) Tenured: 85057K(1398144K)->85057K(1398144K)
[103.913s][info][gc,metaspace   ] GC(713) Metaspace: 11815K(12096K)->11815K(12096K) NonClass: 10286K(10432K)->10286K(10432K) Class: 1528K(1664K)->1528K(1664K)
[103.913s][info][gc             ] GC(713) Pause Young (Allocation Failure) 629M->84M(1979M) 0.708ms
[103.913s][info][gc,cpu         ] GC(713) User=0.00s Sys=0.00s Real=0.00s
[104.047s][info][gc,start       ] GC(714) Pause Young (Allocation Failure)
[104.047s][info][gc,heap        ] GC(714) DefNew: 560354K(629120K)->1558K(629120K) Eden: 559232K(559232K)->0K(559232K) From: 1122K(69888K)->1558K(69888K)
[104.047s][info][gc,heap        ] GC(714) Tenured: 85057K(1398144K)->85057K(1398144K)
[104.047s][info][gc,metaspace   ] GC(714) Metaspace: 11815K(12096K)->11815K(12096K) NonClass: 10286K(10432K)->10286K(10432K) Class: 1528K(1664K)->1528K(1664K)
[104.047s][info][gc             ] GC(714) Pause Young (Allocation Failure) 630M->84M(1979M) 0.833ms
[104.047s][info][gc,cpu         ] GC(714) User=0.00s Sys=0.00s Real=0.00s
[104.182s][info][gc,start       ] GC(715) Pause Young (Allocation Failure)
[104.183s][info][gc,heap        ] GC(715) DefNew: 560790K(629120K)->1874K(629120K) Eden: 559232K(559232K)->0K(559232K) From: 1558K(69888K)->1874K(69888K)
[104.183s][info][gc,heap        ] GC(715) Tenured: 85057K(1398144K)->85057K(1398144K)
[104.183s][info][gc,metaspace   ] GC(715) Metaspace: 11815K(12096K)->11815K(12096K) NonClass: 10286K(10432K)->10286K(10432K) Class: 1528K(1664K)->1528K(1664K)
[104.183s][info][gc             ] GC(715) Pause Young (Allocation Failure) 630M->84M(1979M) 0.942ms
[104.183s][info][gc,cpu         ] GC(715) User=0.00s Sys=0.00s Real=0.00s
[104.317s][info][gc,start       ] GC(716) Pause Young (Allocation Failure)
[104.318s][info][gc,heap        ] GC(716) DefNew: 561106K(629120K)->2120K(629120K) Eden: 559232K(559232K)->0K(559232K) From: 1874K(69888K)->2120K(69888K)
[104.318s][info][gc,heap        ] GC(716) Tenured: 85057K(1398144K)->85057K(1398144K)
[104.318s][info][gc,metaspace   ] GC(716) Metaspace: 11815K(12096K)->11815K(12096K) NonClass: 10286K(10432K)->10286K(10432K) Class: 1528K(1664K)->1528K(1664K)
[104.318s][info][gc             ] GC(716) Pause Young (Allocation Failure) 631M->85M(1979M) 1.026ms
[104.318s][info][gc,cpu         ] GC(716) User=0.00s Sys=0.00s Real=0.00s
[104.452s][info][gc,start       ] GC(717) Pause Young (Allocation Failure)
[104.453s][info][gc,heap        ] GC(717) DefNew: 561031K(629120K)->2251K(629120K) Eden: 558910K(559232K)->0K(559232K) From: 2120K(69888K)->2251K(69888K)
[104.453s][info][gc,heap        ] GC(717) Tenured: 85057K(1398144K)->85057K(1398144K)
[104.453s][info][gc,metaspace   ] GC(717) Metaspace: 11815K(12096K)->11815K(12096K) NonClass: 10286K(10432K)->10286K(10432K) Class: 1528K(1664K)->1528K(1664K)
[104.453s][info][gc             ] GC(717) Pause Young (Allocation Failure) 630M->85M(1979M) 1.218ms
[104.453s][info][gc,cpu         ] GC(717) User=0.00s Sys=0.00s Real=0.00s
[104.596s][info][gc,start       ] GC(718) Pause Young (Allocation Failure)
[104.596s][info][gc,heap        ] GC(718) DefNew: 561483K(629120K)->87K(629120K) Eden: 559232K(559232K)->0K(559232K) From: 2251K(69888K)->87K(69888K)
[104.596s][info][gc,heap        ] GC(718) Tenured: 85057K(1398144K)->85057K(1398144K)
[104.596s][info][gc,metaspace   ] GC(718) Metaspace: 11815K(12096K)->11815K(12096K) NonClass: 10286K(10432K)->10286K(10432K) Class: 1528K(1664K)->1528K(1664K)
[104.596s][info][gc             ] GC(718) Pause Young (Allocation Failure) 631M->83M(1979M) 0.381ms
[104.596s][info][gc,cpu         ] GC(718) User=0.00s Sys=0.00s Real=0.00s
[104.731s][info][gc,start       ] GC(719) Pause Young (Allocation Failure)
[104.731s][info][gc,heap        ] GC(719) DefNew: 559319K(629120K)->447K(629120K) Eden: 559232K(559232K)->0K(559232K) From: 87K(69888K)->447K(69888K)
[104.731s][info][gc,heap        ] GC(719) Tenured: 85057K(1398144K)->85057K(1398144K)
[104.731s][info][gc,metaspace   ] GC(719) Metaspace: 11815K(12096K)->11815K(12096K) NonClass: 10286K(10432K)->10286K(10432K) Class: 1528K(1664K)->1528K(1664K)
[104.731s][info][gc             ] GC(719) Pause Young (Allocation Failure) 629M->83M(1979M) 0.497ms
[104.731s][info][gc,cpu         ] GC(719) User=0.00s Sys=0.00s Real=0.00s
[104.866s][info][gc,start       ] GC(720) Pause Young (Allocation Failure)
[104.866s][info][gc,heap        ] GC(720) DefNew: 559679K(629120K)->928K(629120K) Eden: 559232K(559232K)->0K(559232K) From: 447K(69888K)->928K(69888K)
[104.866s][info][gc,heap        ] GC(720) Tenured: 85057K(1398144K)->85057K(1398144K)
[104.866s][info][gc,metaspace   ] GC(720) Metaspace: 11815K(12096K)->11815K(12096K) NonClass: 10286K(10432K)->10286K(10432K) Class: 1528K(1664K)->1528K(1664K)
[104.866s][info][gc             ] GC(720) Pause Young (Allocation Failure) 629M->83M(1979M) 0.654ms
[104.866s][info][gc,cpu         ] GC(720) User=0.00s Sys=0.00s Real=0.00s
[104.997s][info][gc,start       ] GC(721) Pause Full (System.gc())
[104.997s][info][gc,phases,start] GC(721) Phase 1: Mark live objects
[105.050s][info][gc,phases      ] GC(721) Phase 1: Mark live objects 53.209ms
[105.050s][info][gc,phases,start] GC(721) Phase 2: Compute new object addresses
[105.105s][info][gc,phases      ] GC(721) Phase 2: Compute new object addresses 54.162ms
[105.105s][info][gc,phases,start] GC(721) Phase 3: Adjust pointers
[105.125s][info][gc,phases      ] GC(721) Phase 3: Adjust pointers 20.815ms
[105.125s][info][gc,phases,start] GC(721) Phase 4: Move objects
[105.125s][info][gc,phases      ] GC(721) Phase 4: Move objects 0.009ms
[105.125s][info][gc,heap        ] GC(721) DefNew: 543462K(629120K)->0K(629120K) Eden: 542533K(559232K)->0K(559232K) From: 928K(69888K)->0K(69888K)
[105.125s][info][gc,heap        ] GC(721) Tenured: 85057K(1398144K)->85057K(1398144K)
[105.126s][info][gc,metaspace   ] GC(721) Metaspace: 11815K(12096K)->11815K(12096K) NonClass: 10286K(10432K)->10286K(10432K) Class: 1528K(1664K)->1528K(1664K)
[105.126s][info][gc             ] GC(721) Pause Full (System.gc()) 613M->83M(1979M) 128.487ms
[105.126s][info][gc,cpu         ] GC(721) User=0.12s Sys=0.00s Real=0.13s
[105.270s][info][gc,start       ] GC(722) Pause Young (Allocation Failure)
[105.270s][info][gc,heap        ] GC(722) DefNew: 559232K(629120K)->511K(629120K) Eden: 559232K(559232K)->0K(559232K) From: 0K(69888K)->511K(69888K)
[105.270s][info][gc,heap        ] GC(722) Tenured: 85057K(1398144K)->85057K(1398144K)
[105.270s][info][gc,metaspace   ] GC(722) Metaspace: 11815K(12096K)->11815K(12096K) NonClass: 10286K(10432K)->10286K(10432K) Class: 1528K(1664K)->1528K(1664K)
[105.270s][info][gc             ] GC(722) Pause Young (Allocation Failure) 629M->83M(1979M) 0.538ms
[105.270s][info][gc,cpu         ] GC(722) User=0.00s Sys=0.00s Real=0.00s
[105.404s][info][gc,start       ] GC(723) Pause Young (Allocation Failure)
[105.404s][info][gc,heap        ] GC(723) DefNew: 559743K(629120K)->863K(629120K) Eden: 559232K(559232K)->0K(559232K) From: 511K(69888K)->863K(69888K)
[105.404s][info][gc,heap        ] GC(723) Tenured: 85057K(1398144K)->85057K(1398144K)
[105.405s][info][gc,metaspace   ] GC(723) Metaspace: 11815K(12096K)->11815K(12096K) NonClass: 10286K(10432K)->10286K(10432K) Class: 1528K(1664K)->1528K(1664K)
[105.405s][info][gc             ] GC(723) Pause Young (Allocation Failure) 629M->83M(1979M) 0.615ms
[105.405s][info][gc,cpu         ] GC(723) User=0.00s Sys=0.00s Real=0.00s
[105.545s][info][gc,start       ] GC(724) Pause Young (Allocation Failure)
[105.546s][info][gc,heap        ] GC(724) DefNew: 560095K(629120K)->1165K(629120K) Eden: 559232K(559232K)->0K(559232K) From: 863K(69888K)->1165K(69888K)
[105.546s][info][gc,heap        ] GC(724) Tenured: 85057K(1398144K)->85057K(1398144K)
[105.546s][info][gc,metaspace   ] GC(724) Metaspace: 11815K(12096K)->11815K(12096K) NonClass: 10286K(10432K)->10286K(10432K) Class: 1528K(1664K)->1528K(1664K)
[105.546s][info][gc             ] GC(724) Pause Young (Allocation Failure) 630M->84M(1979M) 0.704ms
[105.546s][info][gc,cpu         ] GC(724) User=0.00s Sys=0.00s Real=0.00s
[105.680s][info][gc,start       ] GC(725) Pause Young (Allocation Failure)
[105.680s][info][gc,heap        ] GC(725) DefNew: 560397K(629120K)->1532K(629120K) Eden: 559232K(559232K)->0K(559232K) From: 1165K(69888K)->1532K(69888K)
[105.681s][info][gc,heap        ] GC(725) Tenured: 85057K(1398144K)->85057K(1398144K)
[105.681s][info][gc,metaspace   ] GC(725) Metaspace: 11815K(12096K)->11815K(12096K) NonClass: 10286K(10432K)->10286K(10432K) Class: 1528K(1664K)->1528K(1664K)
[105.681s][info][gc             ] GC(725) Pause Young (Allocation Failure) 630M->84M(1979M) 0.851ms
[105.681s][info][gc,cpu         ] GC(725) User=0.00s Sys=0.00s Real=0.00s
[105.815s][info][gc,start       ] GC(726) Pause Young (Allocation Failure)
[105.816s][info][gc,heap        ] GC(726) DefNew: 560754K(629120K)->1880K(629120K) Eden: 559222K(559232K)->0K(559232K) From: 1532K(69888K)->1880K(69888K)
[105.816s][info][gc,heap        ] GC(726) Tenured: 85057K(1398144K)->85057K(1398144K)
[105.816s][info][gc,metaspace   ] GC(726) Metaspace: 11815K(12096K)->11815K(12096K) NonClass: 10286K(10432K)->10286K(10432K) Class: 1528K(1664K)->1528K(1664K)
[105.816s][info][gc             ] GC(726) Pause Young (Allocation Failure) 630M->84M(1979M) 0.968ms
[105.816s][info][gc,cpu         ] GC(726) User=0.00s Sys=0.00s Real=0.00s
[105.950s][info][gc,start       ] GC(727) Pause Young (Allocation Failure)
[105.951s][info][gc,heap        ] GC(727) DefNew: 561112K(629120K)->2060K(629120K) Eden: 559232K(559232K)->0K(559232K) From: 1880K(69888K)->2060K(69888K)
[105.951s][info][gc,heap        ] GC(727) Tenured: 85057K(1398144K)->85057K(1398144K)
[105.951s][info][gc,metaspace   ] GC(727) Metaspace: 11815K(12096K)->11815K(12096K) NonClass: 10286K(10432K)->10286K(10432K) Class: 1528K(1664K)->1528K(1664K)
[105.951s][info][gc             ] GC(727) Pause Young (Allocation Failure) 631M->85M(1979M) 0.993ms
[105.951s][info][gc,cpu         ] GC(727) User=0.00s Sys=0.00s Real=0.00s
[106.085s][info][gc,start       ] GC(728) Pause Young (Allocation Failure)
[106.086s][info][gc,heap        ] GC(728) DefNew: 561035K(629120K)->2931K(629120K) Eden: 558975K(559232K)->0K(559232K) From: 2060K(69888K)->2931K(69888K)
[106.086s][info][gc,heap        ] GC(728) Tenured: 85057K(1398144K)->85057K(1398144K)
[106.086s][info][gc,metaspace   ] GC(728) Metaspace: 11815K(12096K)->11815K(12096K) NonClass: 10286K(10432K)->10286K(10432K) Class: 1528K(1664K)->1528K(1664K)
[106.086s][info][gc             ] GC(728) Pause Young (Allocation Failure) 630M->85M(1979M) 1.280ms
[106.086s][info][gc,cpu         ] GC(728) User=0.00s Sys=0.00s Real=0.00s
[106.225s][info][gc,start       ] GC(729) Pause Young (Allocation Failure)
[106.226s][info][gc,heap        ] GC(729) DefNew: 562163K(629120K)->224K(629120K) Eden: 559232K(559232K)->0K(559232K) From: 2931K(69888K)->224K(69888K)
[106.226s][info][gc,heap        ] GC(729) Tenured: 85057K(1398144K)->85057K(1398144K)
[106.226s][info][gc,metaspace   ] GC(729) Metaspace: 11815K(12096K)->11815K(12096K) NonClass: 10286K(10432K)->10286K(10432K) Class: 1528K(1664K)->1528K(1664K)
[106.226s][info][gc             ] GC(729) Pause Young (Allocation Failure) 632M->83M(1979M) 0.442ms
[106.226s][info][gc,cpu         ] GC(729) User=0.00s Sys=0.00s Real=0.02s
[106.360s][info][gc,start       ] GC(730) Pause Young (Allocation Failure)
[106.361s][info][gc,heap        ] GC(730) DefNew: 559456K(629120K)->611K(629120K) Eden: 559232K(559232K)->0K(559232K) From: 224K(69888K)->611K(69888K)
[106.361s][info][gc,heap        ] GC(730) Tenured: 85057K(1398144K)->85057K(1398144K)
[106.361s][info][gc,metaspace   ] GC(730) Metaspace: 11815K(12096K)->11815K(12096K) NonClass: 10286K(10432K)->10286K(10432K) Class: 1528K(1664K)->1528K(1664K)
[106.361s][info][gc             ] GC(730) Pause Young (Allocation Failure) 629M->83M(1979M) 0.558ms
[106.361s][info][gc,cpu         ] GC(730) User=0.00s Sys=0.00s Real=0.00s
[106.499s][info][gc,start       ] GC(731) Pause Young (Allocation Failure)
[106.499s][info][gc,heap        ] GC(731) DefNew: 559843K(629120K)->813K(629120K) Eden: 559232K(559232K)->0K(559232K) From: 611K(69888K)->813K(69888K)
[106.499s][info][gc,heap        ] GC(731) Tenured: 85057K(1398144K)->85057K(1398144K)
[106.499s][info][gc,metaspace   ] GC(731) Metaspace: 11815K(12096K)->11815K(12096K) NonClass: 10286K(10432K)->10286K(10432K) Class: 1528K(1664K)->1528K(1664K)
[106.499s][info][gc             ] GC(731) Pause Young (Allocation Failure) 629M->83M(1979M) 0.609ms
[106.499s][info][gc,cpu         ] GC(731) User=0.00s Sys=0.00s Real=0.00s
[106.636s][info][gc,start       ] GC(732) Pause Young (Allocation Failure)
[106.637s][info][gc,heap        ] GC(732) DefNew: 560045K(629120K)->1268K(629120K) Eden: 559232K(559232K)->0K(559232K) From: 813K(69888K)->1268K(69888K)
[106.637s][info][gc,heap        ] GC(732) Tenured: 85057K(1398144K)->85057K(1398144K)
[106.637s][info][gc,metaspace   ] GC(732) Metaspace: 11815K(12096K)->11815K(12096K) NonClass: 10286K(10432K)->10286K(10432K) Class: 1528K(1664K)->1528K(1664K)
[106.637s][info][gc             ] GC(732) Pause Young (Allocation Failure) 629M->84M(1979M) 0.771ms
[106.637s][info][gc,cpu         ] GC(732) User=0.00s Sys=0.00s Real=0.00s
[106.772s][info][gc,start       ] GC(733) Pause Young (Allocation Failure)
[106.773s][info][gc,heap        ] GC(733) DefNew: 560500K(629120K)->1656K(629120K) Eden: 559232K(559232K)->0K(559232K) From: 1268K(69888K)->1656K(69888K)
[106.773s][info][gc,heap        ] GC(733) Tenured: 85057K(1398144K)->85057K(1398144K)
[106.773s][info][gc,metaspace   ] GC(733) Metaspace: 11815K(12096K)->11815K(12096K) NonClass: 10286K(10432K)->10286K(10432K) Class: 1528K(1664K)->1528K(1664K)
[106.773s][info][gc             ] GC(733) Pause Young (Allocation Failure) 630M->84M(1979M) 0.933ms
[106.773s][info][gc,cpu         ] GC(733) User=0.00s Sys=0.00s Real=0.00s
[106.908s][info][gc,start       ] GC(734) Pause Young (Allocation Failure)
[106.909s][info][gc,heap        ] GC(734) DefNew: 560888K(629120K)->2364K(629120K) Eden: 559232K(559232K)->0K(559232K) From: 1656K(69888K)->2364K(69888K)
[106.909s][info][gc,heap        ] GC(734) Tenured: 85057K(1398144K)->85057K(1398144K)
[106.909s][info][gc,metaspace   ] GC(734) Metaspace: 11815K(12096K)->11815K(12096K) NonClass: 10286K(10432K)->10286K(10432K) Class: 1528K(1664K)->1528K(1664K)
[106.909s][info][gc             ] GC(734) Pause Young (Allocation Failure) 630M->85M(1979M) 1.072ms
[106.909s][info][gc,cpu         ] GC(734) User=0.00s Sys=0.00s Real=0.00s
[107.043s][info][gc,start       ] GC(735) Pause Young (Allocation Failure)
[107.044s][info][gc,heap        ] GC(735) DefNew: 561550K(629120K)->2668K(629120K) Eden: 559186K(559232K)->0K(559232K) From: 2364K(69888K)->2668K(69888K)
[107.044s][info][gc,heap        ] GC(735) Tenured: 85057K(1398144K)->85057K(1398144K)
[107.044s][info][gc,metaspace   ] GC(735) Metaspace: 11815K(12096K)->11815K(12096K) NonClass: 10286K(10432K)->10286K(10432K) Class: 1528K(1664K)->1528K(1664K)
[107.044s][info][gc             ] GC(735) Pause Young (Allocation Failure) 631M->85M(1979M) 1.341ms
[107.044s][info][gc,cpu         ] GC(735) User=0.00s Sys=0.00s Real=0.00s
[107.183s][info][gc,start       ] GC(736) Pause Young (Allocation Failure)
[107.183s][info][gc,heap        ] GC(736) DefNew: 561900K(629120K)->29K(629120K) Eden: 559232K(559232K)->0K(559232K) From: 2668K(69888K)->29K(69888K)
[107.183s][info][gc,heap        ] GC(736) Tenured: 85057K(1398144K)->85057K(1398144K)
[107.183s][info][gc,metaspace   ] GC(736) Metaspace: 11815K(12096K)->11815K(12096K) NonClass: 10286K(10432K)->10286K(10432K) Class: 1528K(1664K)->1528K(1664K)
[107.183s][info][gc             ] GC(736) Pause Young (Allocation Failure) 631M->83M(1979M) 0.353ms
[107.183s][info][gc,cpu         ] GC(736) User=0.00s Sys=0.00s Real=0.00s
[107.318s][info][gc,start       ] GC(737) Pause Young (Allocation Failure)
[107.318s][info][gc,heap        ] GC(737) DefNew: 559261K(629120K)->611K(629120K) Eden: 559232K(559232K)->0K(559232K) From: 29K(69888K)->611K(69888K)
[107.318s][info][gc,heap        ] GC(737) Tenured: 85057K(1398144K)->85057K(1398144K)
[107.318s][info][gc,metaspace   ] GC(737) Metaspace: 11815K(12096K)->11815K(12096K) NonClass: 10286K(10432K)->10286K(10432K) Class: 1528K(1664K)->1528K(1664K)
[107.318s][info][gc             ] GC(737) Pause Young (Allocation Failure) 629M->83M(1979M) 0.596ms
[107.318s][info][gc,cpu         ] GC(737) User=0.00s Sys=0.00s Real=0.00s
[107.453s][info][gc,start       ] GC(738) Pause Young (Allocation Failure)
[107.453s][info][gc,heap        ] GC(738) DefNew: 559843K(629120K)->1111K(629120K) Eden: 559232K(559232K)->0K(559232K) From: 611K(69888K)->1111K(69888K)
[107.453s][info][gc,heap        ] GC(738) Tenured: 85057K(1398144K)->85057K(1398144K)
[107.453s][info][gc,metaspace   ] GC(738) Metaspace: 11815K(12096K)->11815K(12096K) NonClass: 10286K(10432K)->10286K(10432K) Class: 1528K(1664K)->1528K(1664K)
[107.453s][info][gc             ] GC(738) Pause Young (Allocation Failure) 629M->84M(1979M) 0.780ms
[107.453s][info][gc,cpu         ] GC(738) User=0.00s Sys=0.00s Real=0.00s
[107.589s][info][gc,start       ] GC(739) Pause Full (System.gc())
[107.589s][info][gc,phases,start] GC(739) Phase 1: Mark live objects
[107.642s][info][gc,phases      ] GC(739) Phase 1: Mark live objects 52.386ms
[107.642s][info][gc,phases,start] GC(739) Phase 2: Compute new object addresses
[107.696s][info][gc,phases      ] GC(739) Phase 2: Compute new object addresses 53.664ms
[107.696s][info][gc,phases,start] GC(739) Phase 3: Adjust pointers
[107.717s][info][gc,phases      ] GC(739) Phase 3: Adjust pointers 21.192ms
[107.717s][info][gc,phases,start] GC(739) Phase 4: Move objects
[107.717s][info][gc,phases      ] GC(739) Phase 4: Move objects 0.009ms
[107.717s][info][gc,heap        ] GC(739) DefNew: 535919K(629120K)->0K(629120K) Eden: 534807K(559232K)->0K(559232K) From: 1111K(69888K)->0K(69888K)
[107.717s][info][gc,heap        ] GC(739) Tenured: 85057K(1398144K)->85057K(1398144K)
[107.717s][info][gc,metaspace   ] GC(739) Metaspace: 11815K(12096K)->11815K(12096K) NonClass: 10286K(10432K)->10286K(10432K) Class: 1528K(1664K)->1528K(1664K)
[107.717s][info][gc             ] GC(739) Pause Full (System.gc()) 606M->83M(1979M) 127.555ms
[107.717s][info][gc,cpu         ] GC(739) User=0.12s Sys=0.00s Real=0.11s
[107.859s][info][gc,start       ] GC(740) Pause Young (Allocation Failure)
[107.859s][info][gc,heap        ] GC(740) DefNew: 559232K(629120K)->422K(629120K) Eden: 559232K(559232K)->0K(559232K) From: 0K(69888K)->422K(69888K)
[107.859s][info][gc,heap        ] GC(740) Tenured: 85057K(1398144K)->85057K(1398144K)
[107.859s][info][gc,metaspace   ] GC(740) Metaspace: 11824K(12096K)->11824K(12096K) NonClass: 10295K(10432K)->10295K(10432K) Class: 1528K(1664K)->1528K(1664K)
[107.859s][info][gc             ] GC(740) Pause Young (Allocation Failure) 629M->83M(1979M) 0.494ms
[107.859s][info][gc,cpu         ] GC(740) User=0.00s Sys=0.00s Real=0.00s
[107.993s][info][gc,start       ] GC(741) Pause Young (Allocation Failure)
[107.994s][info][gc,heap        ] GC(741) DefNew: 559654K(629120K)->897K(629120K) Eden: 559232K(559232K)->0K(559232K) From: 422K(69888K)->897K(69888K)
[107.994s][info][gc,heap        ] GC(741) Tenured: 85057K(1398144K)->85057K(1398144K)
[107.994s][info][gc,metaspace   ] GC(741) Metaspace: 11824K(12096K)->11824K(12096K) NonClass: 10295K(10432K)->10295K(10432K) Class: 1528K(1664K)->1528K(1664K)
[107.994s][info][gc             ] GC(741) Pause Young (Allocation Failure) 629M->83M(1979M) 0.612ms
[107.994s][info][gc,cpu         ] GC(741) User=0.00s Sys=0.00s Real=0.00s
[108.128s][info][gc,start       ] GC(742) Pause Young (Allocation Failure)
[108.129s][info][gc,heap        ] GC(742) DefNew: 560129K(629120K)->1182K(629120K) Eden: 559232K(559232K)->0K(559232K) From: 897K(69888K)->1182K(69888K)
[108.129s][info][gc,heap        ] GC(742) Tenured: 85057K(1398144K)->85057K(1398144K)
[108.129s][info][gc,metaspace   ] GC(742) Metaspace: 11824K(12096K)->11824K(12096K) NonClass: 10295K(10432K)->10295K(10432K) Class: 1528K(1664K)->1528K(1664K)
[108.129s][info][gc             ] GC(742) Pause Young (Allocation Failure) 630M->84M(1979M) 0.735ms
[108.129s][info][gc,cpu         ] GC(742) User=0.00s Sys=0.00s Real=0.00s
[108.264s][info][gc,start       ] GC(743) Pause Young (Allocation Failure)
[108.265s][info][gc,heap        ] GC(743) DefNew: 560414K(629120K)->1740K(629120K) Eden: 559231K(559232K)->0K(559232K) From: 1182K(69888K)->1740K(69888K)
[108.265s][info][gc,heap        ] GC(743) Tenured: 85057K(1398144K)->85057K(1398144K)
[108.265s][info][gc,metaspace   ] GC(743) Metaspace: 11824K(12096K)->11824K(12096K) NonClass: 10295K(10432K)->10295K(10432K) Class: 1528K(1664K)->1528K(1664K)
[108.265s][info][gc             ] GC(743) Pause Young (Allocation Failure) 630M->84M(1979M) 0.928ms
[108.265s][info][gc,cpu         ] GC(743) User=0.00s Sys=0.00s Real=0.00s
[108.400s][info][gc,start       ] GC(744) Pause Young (Allocation Failure)
[108.401s][info][gc,heap        ] GC(744) DefNew: 560972K(629120K)->2039K(629120K) Eden: 559232K(559232K)->0K(559232K) From: 1740K(69888K)->2039K(69888K)
[108.401s][info][gc,heap        ] GC(744) Tenured: 85057K(1398144K)->85057K(1398144K)
[108.401s][info][gc,metaspace   ] GC(744) Metaspace: 11824K(12096K)->11824K(12096K) NonClass: 10295K(10432K)->10295K(10432K) Class: 1528K(1664K)->1528K(1664K)
[108.401s][info][gc             ] GC(744) Pause Young (Allocation Failure) 630M->85M(1979M) 0.981ms
[108.401s][info][gc,cpu         ] GC(744) User=0.00s Sys=0.00s Real=0.00s
[108.539s][info][gc,start       ] GC(745) Pause Young (Allocation Failure)
[108.540s][info][gc,heap        ] GC(745) DefNew: 561251K(629120K)->2375K(629120K) Eden: 559212K(559232K)->0K(559232K) From: 2039K(69888K)->2375K(69888K)
[108.540s][info][gc,heap        ] GC(745) Tenured: 85057K(1398144K)->85057K(1398144K)
[108.540s][info][gc,metaspace   ] GC(745) Metaspace: 11824K(12096K)->11824K(12096K) NonClass: 10295K(10432K)->10295K(10432K) Class: 1528K(1664K)->1528K(1664K)
[108.540s][info][gc             ] GC(745) Pause Young (Allocation Failure) 631M->85M(1979M) 1.162ms
[108.540s][info][gc,cpu         ] GC(745) User=0.00s Sys=0.00s Real=0.00s
[108.675s][info][gc,start       ] GC(746) Pause Young (Allocation Failure)
[108.676s][info][gc,heap        ] GC(746) DefNew: 561424K(629120K)->2248K(629120K) Eden: 559048K(559232K)->0K(559232K) From: 2375K(69888K)->2248K(69888K)
[108.676s][info][gc,heap        ] GC(746) Tenured: 85057K(1398144K)->85057K(1398144K)
[108.676s][info][gc,metaspace   ] GC(746) Metaspace: 11824K(12096K)->11824K(12096K) NonClass: 10295K(10432K)->10295K(10432K) Class: 1528K(1664K)->1528K(1664K)
[108.676s][info][gc             ] GC(746) Pause Young (Allocation Failure) 631M->85M(1979M) 1.193ms
[108.676s][info][gc,cpu         ] GC(746) User=0.00s Sys=0.00s Real=0.00s
[108.816s][info][gc,start       ] GC(747) Pause Young (Allocation Failure)
[108.816s][info][gc,heap        ] GC(747) DefNew: 561480K(629120K)->238K(629120K) Eden: 559232K(559232K)->0K(559232K) From: 2248K(69888K)->238K(69888K)
[108.816s][info][gc,heap        ] GC(747) Tenured: 85057K(1398144K)->85057K(1398144K)
[108.816s][info][gc,metaspace   ] GC(747) Metaspace: 11824K(12096K)->11824K(12096K) NonClass: 10295K(10432K)->10295K(10432K) Class: 1528K(1664K)->1528K(1664K)
[108.816s][info][gc             ] GC(747) Pause Young (Allocation Failure) 631M->83M(1979M) 0.440ms
[108.816s][info][gc,cpu         ] GC(747) User=0.00s Sys=0.00s Real=0.00s
[108.950s][info][gc,start       ] GC(748) Pause Young (Allocation Failure)
[108.951s][info][gc,heap        ] GC(748) DefNew: 559470K(629120K)->605K(629120K) Eden: 559232K(559232K)->0K(559232K) From: 238K(69888K)->605K(69888K)
[108.951s][info][gc,heap        ] GC(748) Tenured: 85057K(1398144K)->85057K(1398144K)
[108.951s][info][gc,metaspace   ] GC(748) Metaspace: 11824K(12096K)->11824K(12096K) NonClass: 10295K(10432K)->10295K(10432K) Class: 1528K(1664K)->1528K(1664K)
[108.951s][info][gc             ] GC(748) Pause Young (Allocation Failure) 629M->83M(1979M) 0.545ms
[108.951s][info][gc,cpu         ] GC(748) User=0.00s Sys=0.00s Real=0.00s
[109.085s][info][gc,start       ] GC(749) Pause Young (Allocation Failure)
[109.085s][info][gc,heap        ] GC(749) DefNew: 559837K(629120K)->990K(629120K) Eden: 559232K(559232K)->0K(559232K) From: 605K(69888K)->990K(69888K)
[109.085s][info][gc,heap        ] GC(749) Tenured: 85057K(1398144K)->85057K(1398144K)
[109.085s][info][gc,metaspace   ] GC(749) Metaspace: 11824K(12096K)->11824K(12096K) NonClass: 10295K(10432K)->10295K(10432K) Class: 1528K(1664K)->1528K(1664K)
[109.085s][info][gc             ] GC(749) Pause Young (Allocation Failure) 629M->84M(1979M) 0.674ms
[109.085s][info][gc,cpu         ] GC(749) User=0.00s Sys=0.00s Real=0.00s
[109.219s][info][gc,start       ] GC(750) Pause Young (Allocation Failure)
[109.220s][info][gc,heap        ] GC(750) DefNew: 560222K(629120K)->1589K(629120K) Eden: 559232K(559232K)->0K(559232K) From: 990K(69888K)->1589K(69888K)
[109.220s][info][gc,heap        ] GC(750) Tenured: 85057K(1398144K)->85057K(1398144K)
[109.220s][info][gc,metaspace   ] GC(750) Metaspace: 11824K(12096K)->11824K(12096K) NonClass: 10295K(10432K)->10295K(10432K) Class: 1528K(1664K)->1528K(1664K)
[109.220s][info][gc             ] GC(750) Pause Young (Allocation Failure) 630M->84M(1979M) 0.826ms
[109.220s][info][gc,cpu         ] GC(750) User=0.00s Sys=0.00s Real=0.00s
[109.355s][info][gc,start       ] GC(751) Pause Young (Allocation Failure)
[109.356s][info][gc,heap        ] GC(751) DefNew: 560821K(629120K)->2063K(629120K) Eden: 559232K(559232K)->0K(559232K) From: 1589K(69888K)->2063K(69888K)
[109.356s][info][gc,heap        ] GC(751) Tenured: 85057K(1398144K)->85057K(1398144K)
[109.356s][info][gc,metaspace   ] GC(751) Metaspace: 11824K(12096K)->11824K(12096K) NonClass: 10295K(10432K)->10295K(10432K) Class: 1528K(1664K)->1528K(1664K)
[109.356s][info][gc             ] GC(751) Pause Young (Allocation Failure) 630M->85M(1979M) 1.071ms
[109.356s][info][gc,cpu         ] GC(751) User=0.00s Sys=0.00s Real=0.00s
[109.494s][info][gc,start       ] GC(752) Pause Young (Allocation Failure)
[109.495s][info][gc,heap        ] GC(752) DefNew: 561295K(629120K)->2302K(629120K) Eden: 559232K(559232K)->0K(559232K) From: 2063K(69888K)->2302K(69888K)
[109.495s][info][gc,heap        ] GC(752) Tenured: 85057K(1398144K)->85057K(1398144K)
[109.495s][info][gc,metaspace   ] GC(752) Metaspace: 11824K(12096K)->11824K(12096K) NonClass: 10295K(10432K)->10295K(10432K) Class: 1528K(1664K)->1528K(1664K)
[109.495s][info][gc             ] GC(752) Pause Young (Allocation Failure) 631M->85M(1979M) 1.104ms
[109.495s][info][gc,cpu         ] GC(752) User=0.00s Sys=0.00s Real=0.00s
[109.631s][info][gc,start       ] GC(753) Pause Young (Allocation Failure)
[109.632s][info][gc,heap        ] GC(753) DefNew: 561526K(629120K)->2934K(629120K) Eden: 559223K(559232K)->0K(559232K) From: 2302K(69888K)->2934K(69888K)
[109.632s][info][gc,heap        ] GC(753) Tenured: 85057K(1398144K)->85057K(1398144K)
[109.632s][info][gc,metaspace   ] GC(753) Metaspace: 11824K(12096K)->11824K(12096K) NonClass: 10295K(10432K)->10295K(10432K) Class: 1528K(1664K)->1528K(1664K)
[109.632s][info][gc             ] GC(753) Pause Young (Allocation Failure) 631M->85M(1979M) 1.351ms
[109.632s][info][gc,cpu         ] GC(753) User=0.00s Sys=0.00s Real=0.00s
[109.771s][info][gc,start       ] GC(754) Pause Young (Allocation Failure)
[109.771s][info][gc,heap        ] GC(754) DefNew: 562166K(629120K)->73K(629120K) Eden: 559232K(559232K)->0K(559232K) From: 2934K(69888K)->73K(69888K)
[109.771s][info][gc,heap        ] GC(754) Tenured: 85057K(1398144K)->85057K(1398144K)
[109.771s][info][gc,metaspace   ] GC(754) Metaspace: 11824K(12096K)->11824K(12096K) NonClass: 10295K(10432K)->10295K(10432K) Class: 1528K(1664K)->1528K(1664K)
[109.771s][info][gc             ] GC(754) Pause Young (Allocation Failure) 632M->83M(1979M) 0.379ms
[109.771s][info][gc,cpu         ] GC(754) User=0.00s Sys=0.00s Real=0.00s
[109.905s][info][gc,start       ] GC(755) Pause Young (Allocation Failure)
[109.905s][info][gc,heap        ] GC(755) DefNew: 559305K(629120K)->456K(629120K) Eden: 559232K(559232K)->0K(559232K) From: 73K(69888K)->456K(69888K)
[109.905s][info][gc,heap        ] GC(755) Tenured: 85057K(1398144K)->85057K(1398144K)
[109.905s][info][gc,metaspace   ] GC(755) Metaspace: 11824K(12096K)->11824K(12096K) NonClass: 10295K(10432K)->10295K(10432K) Class: 1528K(1664K)->1528K(1664K)
[109.905s][info][gc             ] GC(755) Pause Young (Allocation Failure) 629M->83M(1979M) 0.506ms
[109.905s][info][gc,cpu         ] GC(755) User=0.00s Sys=0.00s Real=0.00s
[110.041s][info][gc,start       ] GC(756) Pause Young (Allocation Failure)
[110.041s][info][gc,heap        ] GC(756) DefNew: 559688K(629120K)->939K(629120K) Eden: 559232K(559232K)->0K(559232K) From: 456K(69888K)->939K(69888K)
[110.041s][info][gc,heap        ] GC(756) Tenured: 85057K(1398144K)->85057K(1398144K)
[110.041s][info][gc,metaspace   ] GC(756) Metaspace: 11824K(12096K)->11824K(12096K) NonClass: 10295K(10432K)->10295K(10432K) Class: 1528K(1664K)->1528K(1664K)
[110.041s][info][gc             ] GC(756) Pause Young (Allocation Failure) 629M->83M(1979M) 0.646ms
[110.041s][info][gc,cpu         ] GC(756) User=0.00s Sys=0.00s Real=0.00s
[110.172s][info][gc,start       ] GC(757) Pause Full (System.gc())
[110.172s][info][gc,phases,start] GC(757) Phase 1: Mark live objects
[110.224s][info][gc,phases      ] GC(757) Phase 1: Mark live objects 51.746ms
[110.224s][info][gc,phases,start] GC(757) Phase 2: Compute new object addresses
[110.278s][info][gc,phases      ] GC(757) Phase 2: Compute new object addresses 54.341ms
[110.278s][info][gc,phases,start] GC(757) Phase 3: Adjust pointers
[110.300s][info][gc,phases      ] GC(757) Phase 3: Adjust pointers 21.146ms
[110.300s][info][gc,phases,start] GC(757) Phase 4: Move objects
[110.300s][info][gc,phases      ] GC(757) Phase 4: Move objects 0.009ms
[110.300s][info][gc,heap        ] GC(757) DefNew: 538836K(629120K)->0K(629120K) Eden: 537896K(559232K)->0K(559232K) From: 939K(69888K)->0K(69888K)
[110.300s][info][gc,heap        ] GC(757) Tenured: 85057K(1398144K)->85057K(1398144K)
[110.300s][info][gc,metaspace   ] GC(757) Metaspace: 11824K(12096K)->11824K(12096K) NonClass: 10295K(10432K)->10295K(10432K) Class: 1528K(1664K)->1528K(1664K)
[110.300s][info][gc             ] GC(757) Pause Full (System.gc()) 609M->83M(1979M) 127.686ms
[110.300s][info][gc,cpu         ] GC(757) User=0.09s Sys=0.00s Real=0.13s
[110.442s][info][gc,start       ] GC(758) Pause Young (Allocation Failure)
[110.443s][info][gc,heap        ] GC(758) DefNew: 559232K(629120K)->609K(629120K) Eden: 559232K(559232K)->0K(559232K) From: 0K(69888K)->609K(69888K)
[110.443s][info][gc,heap        ] GC(758) Tenured: 85057K(1398144K)->85057K(1398144K)
[110.443s][info][gc,metaspace   ] GC(758) Metaspace: 11825K(12096K)->11825K(12096K) NonClass: 10297K(10432K)->10297K(10432K) Class: 1528K(1664K)->1528K(1664K)
[110.443s][info][gc             ] GC(758) Pause Young (Allocation Failure) 629M->83M(1979M) 0.563ms
[110.443s][info][gc,cpu         ] GC(758) User=0.00s Sys=0.00s Real=0.00s
[110.583s][info][gc,start       ] GC(759) Pause Young (Allocation Failure)
[110.583s][info][gc,heap        ] GC(759) DefNew: 559841K(629120K)->914K(629120K) Eden: 559232K(559232K)->0K(559232K) From: 609K(69888K)->914K(69888K)
[110.583s][info][gc,heap        ] GC(759) Tenured: 85057K(1398144K)->85057K(1398144K)
[110.583s][info][gc,metaspace   ] GC(759) Metaspace: 11825K(12096K)->11825K(12096K) NonClass: 10297K(10432K)->10297K(10432K) Class: 1528K(1664K)->1528K(1664K)
[110.584s][info][gc             ] GC(759) Pause Young (Allocation Failure) 629M->83M(1979M) 0.687ms
[110.584s][info][gc,cpu         ] GC(759) User=0.00s Sys=0.00s Real=0.00s
[110.719s][info][gc,start       ] GC(760) Pause Young (Allocation Failure)
[110.719s][info][gc,heap        ] GC(760) DefNew: 560146K(629120K)->1189K(629120K) Eden: 559232K(559232K)->0K(559232K) From: 914K(69888K)->1189K(69888K)
[110.720s][info][gc,heap        ] GC(760) Tenured: 85057K(1398144K)->85057K(1398144K)
[110.720s][info][gc,metaspace   ] GC(760) Metaspace: 11825K(12096K)->11825K(12096K) NonClass: 10297K(10432K)->10297K(10432K) Class: 1528K(1664K)->1528K(1664K)
[110.720s][info][gc             ] GC(760) Pause Young (Allocation Failure) 630M->84M(1979M) 0.728ms
[110.720s][info][gc,cpu         ] GC(760) User=0.00s Sys=0.00s Real=0.00s
[110.854s][info][gc,start       ] GC(761) Pause Young (Allocation Failure)
[110.854s][info][gc,heap        ] GC(761) DefNew: 560421K(629120K)->1615K(629120K) Eden: 559232K(559232K)->0K(559232K) From: 1189K(69888K)->1615K(69888K)
[110.854s][info][gc,heap        ] GC(761) Tenured: 85057K(1398144K)->85057K(1398144K)
[110.854s][info][gc,metaspace   ] GC(761) Metaspace: 11825K(12096K)->11825K(12096K) NonClass: 10297K(10432K)->10297K(10432K) Class: 1528K(1664K)->1528K(1664K)
[110.854s][info][gc             ] GC(761) Pause Young (Allocation Failure) 630M->84M(1979M) 0.843ms
[110.854s][info][gc,cpu         ] GC(761) User=0.00s Sys=0.00s Real=0.00s
[110.991s][info][gc,start       ] GC(762) Pause Young (Allocation Failure)
[110.992s][info][gc,heap        ] GC(762) DefNew: 560847K(629120K)->1769K(629120K) Eden: 559232K(559232K)->0K(559232K) From: 1615K(69888K)->1769K(69888K)
[110.992s][info][gc,heap        ] GC(762) Tenured: 85057K(1398144K)->85057K(1398144K)
[110.992s][info][gc,metaspace   ] GC(762) Metaspace: 11825K(12096K)->11825K(12096K) NonClass: 10297K(10432K)->10297K(10432K) Class: 1528K(1664K)->1528K(1664K)
[110.992s][info][gc             ] GC(762) Pause Young (Allocation Failure) 630M->84M(1979M) 0.907ms
[110.992s][info][gc,cpu         ] GC(762) User=0.00s Sys=0.00s Real=0.00s
[111.126s][info][gc,start       ] GC(763) Pause Young (Allocation Failure)
[111.127s][info][gc,heap        ] GC(763) DefNew: 561001K(629120K)->2403K(629120K) Eden: 559232K(559232K)->0K(559232K) From: 1769K(69888K)->2403K(69888K)
[111.127s][info][gc,heap        ] GC(763) Tenured: 85057K(1398144K)->85057K(1398144K)
[111.127s][info][gc,metaspace   ] GC(763) Metaspace: 11825K(12096K)->11825K(12096K) NonClass: 10297K(10432K)->10297K(10432K) Class: 1528K(1664K)->1528K(1664K)
[111.127s][info][gc             ] GC(763) Pause Young (Allocation Failure) 630M->85M(1979M) 1.138ms
[111.127s][info][gc,cpu         ] GC(763) User=0.00s Sys=0.00s Real=0.00s
[111.261s][info][gc,start       ] GC(764) Pause Young (Allocation Failure)
[111.263s][info][gc,heap        ] GC(764) DefNew: 561493K(629120K)->2446K(629120K) Eden: 559090K(559232K)->0K(559232K) From: 2403K(69888K)->2446K(69888K)
[111.263s][info][gc,heap        ] GC(764) Tenured: 85057K(1398144K)->85057K(1398144K)
[111.263s][info][gc,metaspace   ] GC(764) Metaspace: 11825K(12096K)->11825K(12096K) NonClass: 10297K(10432K)->10297K(10432K) Class: 1528K(1664K)->1528K(1664K)
[111.263s][info][gc             ] GC(764) Pause Young (Allocation Failure) 631M->85M(1979M) 1.185ms
[111.263s][info][gc,cpu         ] GC(764) User=0.00s Sys=0.00s Real=0.00s
[111.401s][info][gc,start       ] GC(765) Pause Young (Allocation Failure)
[111.402s][info][gc,heap        ] GC(765) DefNew: 561678K(629120K)->324K(629120K) Eden: 559232K(559232K)->0K(559232K) From: 2446K(69888K)->324K(69888K)
[111.402s][info][gc,heap        ] GC(765) Tenured: 85057K(1398144K)->85057K(1398144K)
[111.402s][info][gc,metaspace   ] GC(765) Metaspace: 11825K(12096K)->11825K(12096K) NonClass: 10297K(10432K)->10297K(10432K) Class: 1528K(1664K)->1528K(1664K)
[111.402s][info][gc             ] GC(765) Pause Young (Allocation Failure) 631M->83M(1979M) 0.482ms
[111.402s][info][gc,cpu         ] GC(765) User=0.00s Sys=0.00s Real=0.00s
[111.542s][info][gc,start       ] GC(766) Pause Young (Allocation Failure)
[111.543s][info][gc,heap        ] GC(766) DefNew: 559556K(629120K)->850K(629120K) Eden: 559232K(559232K)->0K(559232K) From: 324K(69888K)->850K(69888K)
[111.543s][info][gc,heap        ] GC(766) Tenured: 85057K(1398144K)->85057K(1398144K)
[111.543s][info][gc,metaspace   ] GC(766) Metaspace: 11825K(12096K)->11825K(12096K) NonClass: 10297K(10432K)->10297K(10432K) Class: 1528K(1664K)->1528K(1664K)
[111.543s][info][gc             ] GC(766) Pause Young (Allocation Failure) 629M->83M(1979M) 0.645ms
[111.543s][info][gc,cpu         ] GC(766) User=0.00s Sys=0.00s Real=0.00s
[111.677s][info][gc,start       ] GC(767) Pause Young (Allocation Failure)
[111.678s][info][gc,heap        ] GC(767) DefNew: 558857K(629120K)->971K(629120K) Eden: 558006K(559232K)->0K(559232K) From: 850K(69888K)->971K(69888K)
[111.678s][info][gc,heap        ] GC(767) Tenured: 85057K(1398144K)->85057K(1398144K)
[111.678s][info][gc,metaspace   ] GC(767) Metaspace: 11825K(12096K)->11825K(12096K) NonClass: 10297K(10432K)->10297K(10432K) Class: 1528K(1664K)->1528K(1664K)
[111.678s][info][gc             ] GC(767) Pause Young (Allocation Failure) 628M->84M(1979M) 0.728ms
[111.678s][info][gc,cpu         ] GC(767) User=0.00s Sys=0.00s Real=0.00s
[111.813s][info][gc,start       ] GC(768) Pause Young (Allocation Failure)
[111.814s][info][gc,heap        ] GC(768) DefNew: 560203K(629120K)->1395K(629120K) Eden: 559232K(559232K)->0K(559232K) From: 971K(69888K)->1395K(69888K)
[111.814s][info][gc,heap        ] GC(768) Tenured: 85057K(1398144K)->85057K(1398144K)
[111.814s][info][gc,metaspace   ] GC(768) Metaspace: 11825K(12096K)->11825K(12096K) NonClass: 10297K(10432K)->10297K(10432K) Class: 1528K(1664K)->1528K(1664K)
[111.814s][info][gc             ] GC(768) Pause Young (Allocation Failure) 630M->84M(1979M) 0.792ms
[111.814s][info][gc,cpu         ] GC(768) User=0.00s Sys=0.00s Real=0.00s
[111.948s][info][gc,start       ] GC(769) Pause Young (Allocation Failure)
[111.949s][info][gc,heap        ] GC(769) DefNew: 560627K(629120K)->1748K(629120K) Eden: 559232K(559232K)->0K(559232K) From: 1395K(69888K)->1748K(69888K)
[111.949s][info][gc,heap        ] GC(769) Tenured: 85057K(1398144K)->85057K(1398144K)
[111.949s][info][gc,metaspace   ] GC(769) Metaspace: 11825K(12096K)->11825K(12096K) NonClass: 10297K(10432K)->10297K(10432K) Class: 1528K(1664K)->1528K(1664K)
[111.949s][info][gc             ] GC(769) Pause Young (Allocation Failure) 630M->84M(1979M) 0.940ms
[111.949s][info][gc,cpu         ] GC(769) User=0.00s Sys=0.00s Real=0.00s
[112.083s][info][gc,start       ] GC(770) Pause Young (Allocation Failure)
[112.084s][info][gc,heap        ] GC(770) DefNew: 560980K(629120K)->1918K(629120K) Eden: 559232K(559232K)->0K(559232K) From: 1748K(69888K)->1918K(69888K)
[112.084s][info][gc,heap        ] GC(770) Tenured: 85057K(1398144K)->85057K(1398144K)
[112.084s][info][gc,metaspace   ] GC(770) Metaspace: 11825K(12096K)->11825K(12096K) NonClass: 10297K(10432K)->10297K(10432K) Class: 1528K(1664K)->1528K(1664K)
[112.084s][info][gc             ] GC(770) Pause Young (Allocation Failure) 630M->84M(1979M) 1.010ms
[112.084s][info][gc,cpu         ] GC(770) User=0.00s Sys=0.00s Real=0.00s
[112.217s][info][gc,start       ] GC(771) Pause Young (Allocation Failure)
[112.219s][info][gc,heap        ] GC(771) DefNew: 561147K(629120K)->2521K(629120K) Eden: 559229K(559232K)->0K(559232K) From: 1918K(69888K)->2521K(69888K)
[112.219s][info][gc,heap        ] GC(771) Tenured: 85057K(1398144K)->85057K(1398144K)
[112.219s][info][gc,metaspace   ] GC(771) Metaspace: 11825K(12096K)->11825K(12096K) NonClass: 10297K(10432K)->10297K(10432K) Class: 1528K(1664K)->1528K(1664K)
[112.219s][info][gc             ] GC(771) Pause Young (Allocation Failure) 631M->85M(1979M) 1.266ms
[112.219s][info][gc,cpu         ] GC(771) User=0.00s Sys=0.00s Real=0.00s
[112.353s][info][gc,start       ] GC(772) Pause Young (Allocation Failure)
[112.354s][info][gc,heap        ] GC(772) DefNew: 561420K(629120K)->2738K(629120K) Eden: 558899K(559232K)->0K(559232K) From: 2521K(69888K)->2738K(69888K)
[112.354s][info][gc,heap        ] GC(772) Tenured: 85057K(1398144K)->85057K(1398144K)
[112.355s][info][gc,metaspace   ] GC(772) Metaspace: 11825K(12096K)->11825K(12096K) NonClass: 10297K(10432K)->10297K(10432K) Class: 1528K(1664K)->1528K(1664K)
[112.355s][info][gc             ] GC(772) Pause Young (Allocation Failure) 631M->85M(1979M) 1.287ms
[112.355s][info][gc,cpu         ] GC(772) User=0.00s Sys=0.00s Real=0.00s
[112.495s][info][gc,start       ] GC(773) Pause Young (Allocation Failure)
[112.495s][info][gc,heap        ] GC(773) DefNew: 561970K(629120K)->372K(629120K) Eden: 559232K(559232K)->0K(559232K) From: 2738K(69888K)->372K(69888K)
[112.495s][info][gc,heap        ] GC(773) Tenured: 85057K(1398144K)->85058K(1398144K)
[112.495s][info][gc,metaspace   ] GC(773) Metaspace: 11825K(12096K)->11825K(12096K) NonClass: 10297K(10432K)->10297K(10432K) Class: 1528K(1664K)->1528K(1664K)
[112.495s][info][gc             ] GC(773) Pause Young (Allocation Failure) 631M->83M(1979M) 0.488ms
[112.495s][info][gc,cpu         ] GC(773) User=0.00s Sys=0.00s Real=0.00s
[112.634s][info][gc,start       ] GC(774) Pause Young (Allocation Failure)
[112.634s][info][gc,heap        ] GC(774) DefNew: 559604K(629120K)->735K(629120K) Eden: 559232K(559232K)->0K(559232K) From: 372K(69888K)->735K(69888K)
[112.634s][info][gc,heap        ] GC(774) Tenured: 85058K(1398144K)->85058K(1398144K)
[112.634s][info][gc,metaspace   ] GC(774) Metaspace: 11825K(12096K)->11825K(12096K) NonClass: 10297K(10432K)->10297K(10432K) Class: 1528K(1664K)->1528K(1664K)
[112.634s][info][gc             ] GC(774) Pause Young (Allocation Failure) 629M->83M(1979M) 0.583ms
[112.634s][info][gc,cpu         ] GC(774) User=0.00s Sys=0.00s Real=0.00s
[112.767s][info][gc,start       ] GC(775) Pause Full (System.gc())
[112.767s][info][gc,phases,start] GC(775) Phase 1: Mark live objects
[112.818s][info][gc,phases      ] GC(775) Phase 1: Mark live objects 51.409ms
[112.818s][info][gc,phases,start] GC(775) Phase 2: Compute new object addresses
[112.873s][info][gc,phases      ] GC(775) Phase 2: Compute new object addresses 54.288ms
[112.873s][info][gc,phases,start] GC(775) Phase 3: Adjust pointers
[112.894s][info][gc,phases      ] GC(775) Phase 3: Adjust pointers 20.813ms
[112.894s][info][gc,phases,start] GC(775) Phase 4: Move objects
[112.894s][info][gc,phases      ] GC(775) Phase 4: Move objects 0.009ms
[112.894s][info][gc,heap        ] GC(775) DefNew: 546067K(629120K)->0K(629120K) Eden: 545332K(559232K)->0K(559232K) From: 735K(69888K)->0K(69888K)
[112.894s][info][gc,heap        ] GC(775) Tenured: 85058K(1398144K)->85057K(1398144K)
[112.894s][info][gc,metaspace   ] GC(775) Metaspace: 11825K(12096K)->11825K(12096K) NonClass: 10297K(10432K)->10297K(10432K) Class: 1528K(1664K)->1528K(1664K)
[112.894s][info][gc             ] GC(775) Pause Full (System.gc()) 616M->83M(1979M) 126.813ms
[112.894s][info][gc,cpu         ] GC(775) User=0.11s Sys=0.00s Real=0.12s
[113.038s][info][gc,start       ] GC(776) Pause Young (Allocation Failure)
[113.038s][info][gc,heap        ] GC(776) DefNew: 559232K(629120K)->504K(629120K) Eden: 559232K(559232K)->0K(559232K) From: 0K(69888K)->504K(69888K)
[113.038s][info][gc,heap        ] GC(776) Tenured: 85057K(1398144K)->85057K(1398144K)
[113.038s][info][gc,metaspace   ] GC(776) Metaspace: 11825K(12096K)->11825K(12096K) NonClass: 10297K(10432K)->10297K(10432K) Class: 1528K(1664K)->1528K(1664K)
[113.038s][info][gc             ] GC(776) Pause Young (Allocation Failure) 629M->83M(1979M) 0.538ms
[113.038s][info][gc,cpu         ] GC(776) User=0.00s Sys=0.00s Real=0.00s
[113.173s][info][gc,start       ] GC(777) Pause Young (Allocation Failure)
[113.173s][info][gc,heap        ] GC(777) DefNew: 559736K(629120K)->915K(629120K) Eden: 559232K(559232K)->0K(559232K) From: 504K(69888K)->915K(69888K)
[113.173s][info][gc,heap        ] GC(777) Tenured: 85057K(1398144K)->85057K(1398144K)
[113.173s][info][gc,metaspace   ] GC(777) Metaspace: 11825K(12096K)->11825K(12096K) NonClass: 10297K(10432K)->10297K(10432K) Class: 1528K(1664K)->1528K(1664K)
[113.173s][info][gc             ] GC(777) Pause Young (Allocation Failure) 629M->83M(1979M) 0.716ms
[113.173s][info][gc,cpu         ] GC(777) User=0.00s Sys=0.00s Real=0.00s
[113.308s][info][gc,start       ] GC(778) Pause Young (Allocation Failure)
[113.308s][info][gc,heap        ] GC(778) DefNew: 560033K(629120K)->1355K(629120K) Eden: 559117K(559232K)->0K(559232K) From: 915K(69888K)->1355K(69888K)
[113.309s][info][gc,heap        ] GC(778) Tenured: 85057K(1398144K)->85057K(1398144K)
[113.309s][info][gc,metaspace   ] GC(778) Metaspace: 11825K(12096K)->11825K(12096K) NonClass: 10297K(10432K)->10297K(10432K) Class: 1528K(1664K)->1528K(1664K)
[113.309s][info][gc             ] GC(778) Pause Young (Allocation Failure) 629M->84M(1979M) 0.786ms
[113.309s][info][gc,cpu         ] GC(778) User=0.00s Sys=0.00s Real=0.00s
[113.442s][info][gc,start       ] GC(779) Pause Young (Allocation Failure)
[113.443s][info][gc,heap        ] GC(779) DefNew: 560587K(629120K)->1933K(629120K) Eden: 559232K(559232K)->0K(559232K) From: 1355K(69888K)->1933K(69888K)
[113.443s][info][gc,heap        ] GC(779) Tenured: 85057K(1398144K)->85057K(1398144K)
[113.443s][info][gc,metaspace   ] GC(779) Metaspace: 11825K(12096K)->11825K(12096K) NonClass: 10297K(10432K)->10297K(10432K) Class: 1528K(1664K)->1528K(1664K)
[113.443s][info][gc             ] GC(779) Pause Young (Allocation Failure) 630M->84M(1979M) 0.963ms
[113.443s][info][gc,cpu         ] GC(779) User=0.00s Sys=0.00s Real=0.00s
[113.584s][info][gc,start       ] GC(780) Pause Young (Allocation Failure)
[113.585s][info][gc,heap        ] GC(780) DefNew: 561165K(629120K)->2159K(629120K) Eden: 559232K(559232K)->0K(559232K) From: 1933K(69888K)->2159K(69888K)
[113.585s][info][gc,heap        ] GC(780) Tenured: 85057K(1398144K)->85057K(1398144K)
[113.585s][info][gc,metaspace   ] GC(780) Metaspace: 11825K(12096K)->11825K(12096K) NonClass: 10297K(10432K)->10297K(10432K) Class: 1528K(1664K)->1528K(1664K)
[113.585s][info][gc             ] GC(780) Pause Young (Allocation Failure) 631M->85M(1979M) 1.094ms
[113.585s][info][gc,cpu         ] GC(780) User=0.00s Sys=0.00s Real=0.00s
[113.721s][info][gc,start       ] GC(781) Pause Young (Allocation Failure)
[113.722s][info][gc,heap        ] GC(781) DefNew: 561356K(629120K)->2473K(629120K) Eden: 559196K(559232K)->0K(559232K) From: 2159K(69888K)->2473K(69888K)
[113.722s][info][gc,heap        ] GC(781) Tenured: 85057K(1398144K)->85057K(1398144K)
[113.722s][info][gc,metaspace   ] GC(781) Metaspace: 11825K(12096K)->11825K(12096K) NonClass: 10297K(10432K)->10297K(10432K) Class: 1528K(1664K)->1528K(1664K)
[113.722s][info][gc             ] GC(781) Pause Young (Allocation Failure) 631M->85M(1979M) 1.140ms
[113.722s][info][gc,cpu         ] GC(781) User=0.00s Sys=0.00s Real=0.00s
[113.856s][info][gc,start       ] GC(782) Pause Young (Allocation Failure)
[113.858s][info][gc,heap        ] GC(782) DefNew: 561653K(629120K)->3027K(629120K) Eden: 559180K(559232K)->0K(559232K) From: 2473K(69888K)->3027K(69888K)
[113.858s][info][gc,heap        ] GC(782) Tenured: 85057K(1398144K)->85057K(1398144K)
[113.858s][info][gc,metaspace   ] GC(782) Metaspace: 11825K(12096K)->11825K(12096K) NonClass: 10297K(10432K)->10297K(10432K) Class: 1528K(1664K)->1528K(1664K)
[113.858s][info][gc             ] GC(782) Pause Young (Allocation Failure) 631M->86M(1979M) 1.547ms
[113.858s][info][gc,cpu         ] GC(782) User=0.00s Sys=0.00s Real=0.02s
[113.996s][info][gc,start       ] GC(783) Pause Young (Allocation Failure)
[113.996s][info][gc,heap        ] GC(783) DefNew: 562259K(629120K)->376K(629120K) Eden: 559232K(559232K)->0K(559232K) From: 3027K(69888K)->376K(69888K)
[113.996s][info][gc,heap        ] GC(783) Tenured: 85057K(1398144K)->85057K(1398144K)
[113.996s][info][gc,metaspace   ] GC(783) Metaspace: 11825K(12096K)->11825K(12096K) NonClass: 10297K(10432K)->10297K(10432K) Class: 1528K(1664K)->1528K(1664K)
[113.996s][info][gc             ] GC(783) Pause Young (Allocation Failure) 632M->83M(1979M) 0.556ms
[113.996s][info][gc,cpu         ] GC(783) User=0.00s Sys=0.00s Real=0.00s
[114.130s][info][gc,start       ] GC(784) Pause Young (Allocation Failure)
[114.131s][info][gc,heap        ] GC(784) DefNew: 559608K(629120K)->802K(629120K) Eden: 559232K(559232K)->0K(559232K) From: 376K(69888K)->802K(69888K)
[114.131s][info][gc,heap        ] GC(784) Tenured: 85057K(1398144K)->85057K(1398144K)
[114.131s][info][gc,metaspace   ] GC(784) Metaspace: 11825K(12096K)->11825K(12096K) NonClass: 10297K(10432K)->10297K(10432K) Class: 1528K(1664K)->1528K(1664K)
[114.131s][info][gc             ] GC(784) Pause Young (Allocation Failure) 629M->83M(1979M) 0.617ms
[114.131s][info][gc,cpu         ] GC(784) User=0.00s Sys=0.00s Real=0.00s
[114.265s][info][gc,start       ] GC(785) Pause Young (Allocation Failure)
[114.266s][info][gc,heap        ] GC(785) DefNew: 560034K(629120K)->1183K(629120K) Eden: 559232K(559232K)->0K(559232K) From: 802K(69888K)->1183K(69888K)
[114.266s][info][gc,heap        ] GC(785) Tenured: 85057K(1398144K)->85057K(1398144K)
[114.266s][info][gc,metaspace   ] GC(785) Metaspace: 11825K(12096K)->11825K(12096K) NonClass: 10297K(10432K)->10297K(10432K) Class: 1528K(1664K)->1528K(1664K)
[114.266s][info][gc             ] GC(785) Pause Young (Allocation Failure) 629M->84M(1979M) 0.784ms
[114.266s][info][gc,cpu         ] GC(785) User=0.00s Sys=0.00s Real=0.02s
[114.401s][info][gc,start       ] GC(786) Pause Young (Allocation Failure)
[114.402s][info][gc,heap        ] GC(786) DefNew: 560415K(629120K)->1916K(629120K) Eden: 559232K(559232K)->0K(559232K) From: 1183K(69888K)->1916K(69888K)
[114.402s][info][gc,heap        ] GC(786) Tenured: 85057K(1398144K)->85057K(1398144K)
[114.402s][info][gc,metaspace   ] GC(786) Metaspace: 11825K(12096K)->11825K(12096K) NonClass: 10297K(10432K)->10297K(10432K) Class: 1528K(1664K)->1528K(1664K)
[114.402s][info][gc             ] GC(786) Pause Young (Allocation Failure) 630M->84M(1979M) 0.940ms
[114.402s][info][gc,cpu         ] GC(786) User=0.00s Sys=0.00s Real=0.00s
[114.540s][info][gc,start       ] GC(787) Pause Young (Allocation Failure)
[114.541s][info][gc,heap        ] GC(787) DefNew: 561148K(629120K)->1852K(629120K) Eden: 559232K(559232K)->0K(559232K) From: 1916K(69888K)->1852K(69888K)
[114.541s][info][gc,heap        ] GC(787) Tenured: 85057K(1398144K)->85057K(1398144K)
[114.541s][info][gc,metaspace   ] GC(787) Metaspace: 11825K(12096K)->11825K(12096K) NonClass: 10297K(10432K)->10297K(10432K) Class: 1528K(1664K)->1528K(1664K)
[114.541s][info][gc             ] GC(787) Pause Young (Allocation Failure) 631M->84M(1979M) 0.923ms
[114.541s][info][gc,cpu         ] GC(787) User=0.00s Sys=0.00s Real=0.00s
[114.676s][info][gc,start       ] GC(788) Pause Young (Allocation Failure)
[114.677s][info][gc,heap        ] GC(788) DefNew: 561084K(629120K)->2277K(629120K) Eden: 559232K(559232K)->0K(559232K) From: 1852K(69888K)->2277K(69888K)
[114.677s][info][gc,heap        ] GC(788) Tenured: 85057K(1398144K)->85057K(1398144K)
[114.677s][info][gc,metaspace   ] GC(788) Metaspace: 11825K(12096K)->11825K(12096K) NonClass: 10297K(10432K)->10297K(10432K) Class: 1528K(1664K)->1528K(1664K)
[114.677s][info][gc             ] GC(788) Pause Young (Allocation Failure) 630M->85M(1979M) 1.170ms
[114.677s][info][gc,cpu         ] GC(788) User=0.00s Sys=0.00s Real=0.00s
[114.811s][info][gc,start       ] GC(789) Pause Young (Allocation Failure)
[114.812s][info][gc,heap        ] GC(789) DefNew: 561509K(629120K)->2887K(629120K) Eden: 559232K(559232K)->0K(559232K) From: 2277K(69888K)->2887K(69888K)
[114.812s][info][gc,heap        ] GC(789) Tenured: 85057K(1398144K)->85057K(1398144K)
[114.812s][info][gc,metaspace   ] GC(789) Metaspace: 11825K(12096K)->11825K(12096K) NonClass: 10297K(10432K)->10297K(10432K) Class: 1528K(1664K)->1528K(1664K)
[114.812s][info][gc             ] GC(789) Pause Young (Allocation Failure) 631M->85M(1979M) 1.398ms
[114.812s][info][gc,cpu         ] GC(789) User=0.00s Sys=0.00s Real=0.00s
[114.950s][info][gc,start       ] GC(790) Pause Young (Allocation Failure)
[114.951s][info][gc,heap        ] GC(790) DefNew: 562119K(629120K)->120K(629120K) Eden: 559232K(559232K)->0K(559232K) From: 2887K(69888K)->120K(69888K)
[114.951s][info][gc,heap        ] GC(790) Tenured: 85057K(1398144K)->85057K(1398144K)
[114.951s][info][gc,metaspace   ] GC(790) Metaspace: 11825K(12096K)->11825K(12096K) NonClass: 10297K(10432K)->10297K(10432K) Class: 1528K(1664K)->1528K(1664K)
[114.951s][info][gc             ] GC(790) Pause Young (Allocation Failure) 632M->83M(1979M) 0.392ms
[114.951s][info][gc,cpu         ] GC(790) User=0.00s Sys=0.00s Real=0.00s
[115.085s][info][gc,start       ] GC(791) Pause Young (Allocation Failure)
[115.085s][info][gc,heap        ] GC(791) DefNew: 559352K(629120K)->610K(629120K) Eden: 559232K(559232K)->0K(559232K) From: 120K(69888K)->610K(69888K)
[115.085s][info][gc,heap        ] GC(791) Tenured: 85057K(1398144K)->85057K(1398144K)
[115.085s][info][gc,metaspace   ] GC(791) Metaspace: 11825K(12096K)->11825K(12096K) NonClass: 10297K(10432K)->10297K(10432K) Class: 1528K(1664K)->1528K(1664K)
[115.085s][info][gc             ] GC(791) Pause Young (Allocation Failure) 629M->83M(1979M) 0.564ms
[115.085s][info][gc,cpu         ] GC(791) User=0.00s Sys=0.00s Real=0.00s
[115.219s][info][gc,start       ] GC(792) Pause Young (Allocation Failure)
[115.220s][info][gc,heap        ] GC(792) DefNew: 559842K(629120K)->957K(629120K) Eden: 559232K(559232K)->0K(559232K) From: 610K(69888K)->957K(69888K)
[115.220s][info][gc,heap        ] GC(792) Tenured: 85057K(1398144K)->85057K(1398144K)
[115.220s][info][gc,metaspace   ] GC(792) Metaspace: 11825K(12096K)->11825K(12096K) NonClass: 10297K(10432K)->10297K(10432K) Class: 1528K(1664K)->1528K(1664K)
[115.220s][info][gc             ] GC(792) Pause Young (Allocation Failure) 629M->83M(1979M) 0.690ms
[115.220s][info][gc,cpu         ] GC(792) User=0.00s Sys=0.00s Real=0.00s
[115.351s][info][gc,start       ] GC(793) Pause Full (System.gc())
[115.352s][info][gc,phases,start] GC(793) Phase 1: Mark live objects
[115.404s][info][gc,phases      ] GC(793) Phase 1: Mark live objects 52.525ms
[115.404s][info][gc,phases,start] GC(793) Phase 2: Compute new object addresses
[115.458s][info][gc,phases      ] GC(793) Phase 2: Compute new object addresses 53.739ms
[115.458s][info][gc,phases,start] GC(793) Phase 3: Adjust pointers
[115.480s][info][gc,phases      ] GC(793) Phase 3: Adjust pointers 22.171ms
[115.480s][info][gc,phases,start] GC(793) Phase 4: Move objects
[115.480s][info][gc,phases      ] GC(793) Phase 4: Move objects 0.010ms
[115.480s][info][gc,heap        ] GC(793) DefNew: 538045K(629120K)->0K(629120K) Eden: 537088K(559232K)->0K(559232K) From: 957K(69888K)->0K(69888K)
[115.480s][info][gc,heap        ] GC(793) Tenured: 85057K(1398144K)->85057K(1398144K)
[115.480s][info][gc,metaspace   ] GC(793) Metaspace: 11825K(12096K)->11825K(12096K) NonClass: 10297K(10432K)->10297K(10432K) Class: 1528K(1664K)->1528K(1664K)
[115.480s][info][gc             ] GC(793) Pause Full (System.gc()) 608M->83M(1979M) 128.735ms
[115.480s][info][gc,cpu         ] GC(793) User=0.12s Sys=0.00s Real=0.13s
[115.622s][info][gc,start       ] GC(794) Pause Young (Allocation Failure)
[115.623s][info][gc,heap        ] GC(794) DefNew: 559232K(629120K)->489K(629120K) Eden: 559232K(559232K)->0K(559232K) From: 0K(69888K)->489K(69888K)
[115.623s][info][gc,heap        ] GC(794) Tenured: 85057K(1398144K)->85057K(1398144K)
[115.623s][info][gc,metaspace   ] GC(794) Metaspace: 11825K(12096K)->11825K(12096K) NonClass: 10297K(10432K)->10297K(10432K) Class: 1528K(1664K)->1528K(1664K)
[115.623s][info][gc             ] GC(794) Pause Young (Allocation Failure) 629M->83M(1979M) 0.528ms
[115.623s][info][gc,cpu         ] GC(794) User=0.00s Sys=0.00s Real=0.00s
[115.759s][info][gc,start       ] GC(795) Pause Young (Allocation Failure)
[115.760s][info][gc,heap        ] GC(795) DefNew: 559721K(629120K)->845K(629120K) Eden: 559232K(559232K)->0K(559232K) From: 489K(69888K)->845K(69888K)
[115.760s][info][gc,heap        ] GC(795) Tenured: 85057K(1398144K)->85057K(1398144K)
[115.760s][info][gc,metaspace   ] GC(795) Metaspace: 11825K(12096K)->11825K(12096K) NonClass: 10297K(10432K)->10297K(10432K) Class: 1528K(1664K)->1528K(1664K)
[115.760s][info][gc             ] GC(795) Pause Young (Allocation Failure) 629M->83M(1979M) 0.722ms
[115.760s][info][gc,cpu         ] GC(795) User=0.00s Sys=0.00s Real=0.00s
[115.893s][info][gc,start       ] GC(796) Pause Young (Allocation Failure)
[115.894s][info][gc,heap        ] GC(796) DefNew: 560077K(629120K)->1235K(629120K) Eden: 559232K(559232K)->0K(559232K) From: 845K(69888K)->1235K(69888K)
[115.894s][info][gc,heap        ] GC(796) Tenured: 85057K(1398144K)->85057K(1398144K)
[115.894s][info][gc,metaspace   ] GC(796) Metaspace: 11825K(12096K)->11825K(12096K) NonClass: 10297K(10432K)->10297K(10432K) Class: 1528K(1664K)->1528K(1664K)
[115.894s][info][gc             ] GC(796) Pause Young (Allocation Failure) 630M->84M(1979M) 0.751ms
[115.894s][info][gc,cpu         ] GC(796) User=0.00s Sys=0.00s Real=0.00s
[116.028s][info][gc,start       ] GC(797) Pause Young (Allocation Failure)
[116.029s][info][gc,heap        ] GC(797) DefNew: 560467K(629120K)->1624K(629120K) Eden: 559232K(559232K)->0K(559232K) From: 1235K(69888K)->1624K(69888K)
[116.029s][info][gc,heap        ] GC(797) Tenured: 85057K(1398144K)->85057K(1398144K)
[116.029s][info][gc,metaspace   ] GC(797) Metaspace: 11825K(12096K)->11825K(12096K) NonClass: 10297K(10432K)->10297K(10432K) Class: 1528K(1664K)->1528K(1664K)
[116.029s][info][gc             ] GC(797) Pause Young (Allocation Failure) 630M->84M(1979M) 0.905ms
[116.029s][info][gc,cpu         ] GC(797) User=0.00s Sys=0.00s Real=0.00s
[116.165s][info][gc,start       ] GC(798) Pause Young (Allocation Failure)
[116.166s][info][gc,heap        ] GC(798) DefNew: 560856K(629120K)->1779K(629120K) Eden: 559232K(559232K)->0K(559232K) From: 1624K(69888K)->1779K(69888K)
[116.166s][info][gc,heap        ] GC(798) Tenured: 85057K(1398144K)->85057K(1398144K)
[116.166s][info][gc,metaspace   ] GC(798) Metaspace: 11825K(12096K)->11825K(12096K) NonClass: 10297K(10432K)->10297K(10432K) Class: 1528K(1664K)->1528K(1664K)
[116.166s][info][gc             ] GC(798) Pause Young (Allocation Failure) 630M->84M(1979M) 0.891ms
[116.166s][info][gc,cpu         ] GC(798) User=0.00s Sys=0.00s Real=0.00s
[116.300s][info][gc,start       ] GC(799) Pause Young (Allocation Failure)
[116.301s][info][gc,heap        ] GC(799) DefNew: 561011K(629120K)->2413K(629120K) Eden: 559232K(559232K)->0K(559232K) From: 1779K(69888K)->2413K(69888K)
[116.301s][info][gc,heap        ] GC(799) Tenured: 85057K(1398144K)->85057K(1398144K)
[116.301s][info][gc,metaspace   ] GC(799) Metaspace: 11825K(12096K)->11825K(12096K) NonClass: 10297K(10432K)->10297K(10432K) Class: 1528K(1664K)->1528K(1664K)
[116.301s][info][gc             ] GC(799) Pause Young (Allocation Failure) 630M->85M(1979M) 1.134ms
[116.301s][info][gc,cpu         ] GC(799) User=0.00s Sys=0.00s Real=0.00s
[116.435s][info][gc,start       ] GC(800) Pause Young (Allocation Failure)
[116.436s][info][gc,heap        ] GC(800) DefNew: 561645K(629120K)->2836K(629120K) Eden: 559232K(559232K)->0K(559232K) From: 2413K(69888K)->2836K(69888K)
[116.437s][info][gc,heap        ] GC(800) Tenured: 85057K(1398144K)->85057K(1398144K)
[116.437s][info][gc,metaspace   ] GC(800) Metaspace: 11825K(12096K)->11825K(12096K) NonClass: 10297K(10432K)->10297K(10432K) Class: 1528K(1664K)->1528K(1664K)
[116.437s][info][gc             ] GC(800) Pause Young (Allocation Failure) 631M->85M(1979M) 1.241ms
[116.437s][info][gc,cpu         ] GC(800) User=0.00s Sys=0.00s Real=0.00s
[116.579s][info][gc,start       ] GC(801) Pause Young (Allocation Failure)
[116.580s][info][gc,heap        ] GC(801) DefNew: 562068K(629120K)->1960K(629120K) Eden: 559232K(559232K)->0K(559232K) From: 2836K(69888K)->1960K(69888K)
[116.580s][info][gc,heap        ] GC(801) Tenured: 85057K(1398144K)->85057K(1398144K)
[116.580s][info][gc,metaspace   ] GC(801) Metaspace: 11825K(12096K)->11825K(12096K) NonClass: 10297K(10432K)->10297K(10432K) Class: 1528K(1664K)->1528K(1664K)
[116.580s][info][gc             ] GC(801) Pause Young (Allocation Failure) 631M->84M(1979M) 0.931ms
[116.580s][info][gc,cpu         ] GC(801) User=0.00s Sys=0.00s Real=0.00s
[116.717s][info][gc,start       ] GC(802) Pause Young (Allocation Failure)
[116.717s][info][gc,heap        ] GC(802) DefNew: 561192K(629120K)->552K(629120K) Eden: 559232K(559232K)->0K(559232K) From: 1960K(69888K)->552K(69888K)
[116.717s][info][gc,heap        ] GC(802) Tenured: 85057K(1398144K)->85057K(1398144K)
[116.717s][info][gc,metaspace   ] GC(802) Metaspace: 11825K(12096K)->11825K(12096K) NonClass: 10297K(10432K)->10297K(10432K) Class: 1528K(1664K)->1528K(1664K)
[116.717s][info][gc             ] GC(802) Pause Young (Allocation Failure) 631M->83M(1979M) 0.574ms
[116.717s][info][gc,cpu         ] GC(802) User=0.00s Sys=0.00s Real=0.00s
[116.852s][info][gc,start       ] GC(803) Pause Young (Allocation Failure)
[116.853s][info][gc,heap        ] GC(803) DefNew: 559784K(629120K)->1124K(629120K) Eden: 559232K(559232K)->0K(559232K) From: 552K(69888K)->1124K(69888K)
[116.853s][info][gc,heap        ] GC(803) Tenured: 85057K(1398144K)->85057K(1398144K)
[116.853s][info][gc,metaspace   ] GC(803) Metaspace: 11825K(12096K)->11825K(12096K) NonClass: 10297K(10432K)->10297K(10432K) Class: 1528K(1664K)->1528K(1664K)
[116.853s][info][gc             ] GC(803) Pause Young (Allocation Failure) 629M->84M(1979M) 0.700ms
[116.853s][info][gc,cpu         ] GC(803) User=0.00s Sys=0.00s Real=0.00s
[116.987s][info][gc,start       ] GC(804) Pause Young (Allocation Failure)
[116.988s][info][gc,heap        ] GC(804) DefNew: 560356K(629120K)->1548K(629120K) Eden: 559232K(559232K)->0K(559232K) From: 1124K(69888K)->1548K(69888K)
[116.988s][info][gc,heap        ] GC(804) Tenured: 85057K(1398144K)->85057K(1398144K)
[116.988s][info][gc,metaspace   ] GC(804) Metaspace: 11825K(12096K)->11825K(12096K) NonClass: 10297K(10432K)->10297K(10432K) Class: 1528K(1664K)->1528K(1664K)
[116.988s][info][gc             ] GC(804) Pause Young (Allocation Failure) 630M->84M(1979M) 0.858ms
[116.988s][info][gc,cpu         ] GC(804) User=0.00s Sys=0.00s Real=0.00s
[117.122s][info][gc,start       ] GC(805) Pause Young (Allocation Failure)
[117.123s][info][gc,heap        ] GC(805) DefNew: 560780K(629120K)->1726K(629120K) Eden: 559232K(559232K)->0K(559232K) From: 1548K(69888K)->1726K(69888K)
[117.123s][info][gc,heap        ] GC(805) Tenured: 85057K(1398144K)->85057K(1398144K)
[117.123s][info][gc,metaspace   ] GC(805) Metaspace: 11825K(12096K)->11825K(12096K) NonClass: 10297K(10432K)->10297K(10432K) Class: 1528K(1664K)->1528K(1664K)
[117.123s][info][gc             ] GC(805) Pause Young (Allocation Failure) 630M->84M(1979M) 0.978ms
[117.123s][info][gc,cpu         ] GC(805) User=0.00s Sys=0.00s Real=0.01s
[117.257s][info][gc,start       ] GC(806) Pause Young (Allocation Failure)
[117.258s][info][gc,heap        ] GC(806) DefNew: 560958K(629120K)->1993K(629120K) Eden: 559232K(559232K)->0K(559232K) From: 1726K(69888K)->1993K(69888K)
[117.258s][info][gc,heap        ] GC(806) Tenured: 85057K(1398144K)->85057K(1398144K)
[117.258s][info][gc,metaspace   ] GC(806) Metaspace: 11825K(12096K)->11825K(12096K) NonClass: 10297K(10432K)->10297K(10432K) Class: 1528K(1664K)->1528K(1664K)
[117.258s][info][gc             ] GC(806) Pause Young (Allocation Failure) 630M->85M(1979M) 0.954ms
[117.258s][info][gc,cpu         ] GC(806) User=0.00s Sys=0.00s Real=0.00s
[117.393s][info][gc,start       ] GC(807) Pause Young (Allocation Failure)
[117.393s][info][gc,heap        ] GC(807) DefNew: 561225K(629120K)->2154K(629120K) Eden: 559232K(559232K)->0K(559232K) From: 1993K(69888K)->2154K(69888K)
[117.394s][info][gc,heap        ] GC(807) Tenured: 85057K(1398144K)->85057K(1398144K)
[117.394s][info][gc,metaspace   ] GC(807) Metaspace: 11825K(12096K)->11825K(12096K) NonClass: 10297K(10432K)->10297K(10432K) Class: 1528K(1664K)->1528K(1664K)
[117.394s][info][gc             ] GC(807) Pause Young (Allocation Failure) 631M->85M(1979M) 1.125ms
[117.394s][info][gc,cpu         ] GC(807) User=0.00s Sys=0.00s Real=0.00s
[117.536s][info][gc,start       ] GC(808) Pause Young (Allocation Failure)
[117.537s][info][gc,heap        ] GC(808) DefNew: 561386K(629120K)->1961K(629120K) Eden: 559232K(559232K)->0K(559232K) From: 2154K(69888K)->1961K(69888K)
[117.537s][info][gc,heap        ] GC(808) Tenured: 85057K(1398144K)->85057K(1398144K)
[117.537s][info][gc,metaspace   ] GC(808) Metaspace: 11825K(12096K)->11825K(12096K) NonClass: 10297K(10432K)->10297K(10432K) Class: 1528K(1664K)->1528K(1664K)
[117.537s][info][gc             ] GC(808) Pause Young (Allocation Failure) 631M->84M(1979M) 1.103ms
[117.537s][info][gc,cpu         ] GC(808) User=0.00s Sys=0.00s Real=0.00s
[117.672s][info][gc,start       ] GC(809) Pause Young (Allocation Failure)
[117.673s][info][gc,heap        ] GC(809) DefNew: 561193K(629120K)->589K(629120K) Eden: 559232K(559232K)->0K(559232K) From: 1961K(69888K)->589K(69888K)
[117.673s][info][gc,heap        ] GC(809) Tenured: 85057K(1398144K)->85057K(1398144K)
[117.673s][info][gc,metaspace   ] GC(809) Metaspace: 11825K(12096K)->11825K(12096K) NonClass: 10297K(10432K)->10297K(10432K) Class: 1528K(1664K)->1528K(1664K)
[117.673s][info][gc             ] GC(809) Pause Young (Allocation Failure) 631M->83M(1979M) 0.635ms
[117.673s][info][gc,cpu         ] GC(809) User=0.00s Sys=0.00s Real=0.00s
[117.808s][info][gc,start       ] GC(810) Pause Young (Allocation Failure)
[117.809s][info][gc,heap        ] GC(810) DefNew: 559821K(629120K)->971K(629120K) Eden: 559232K(559232K)->0K(559232K) From: 589K(69888K)->971K(69888K)
[117.809s][info][gc,heap        ] GC(810) Tenured: 85057K(1398144K)->85057K(1398144K)
[117.809s][info][gc,metaspace   ] GC(810) Metaspace: 11825K(12096K)->11825K(12096K) NonClass: 10297K(10432K)->10297K(10432K) Class: 1528K(1664K)->1528K(1664K)
[117.809s][info][gc             ] GC(810) Pause Young (Allocation Failure) 629M->84M(1979M) 0.712ms
[117.809s][info][gc,cpu         ] GC(810) User=0.00s Sys=0.00s Real=0.00s
[117.940s][info][gc,start       ] GC(811) Pause Full (System.gc())
[117.940s][info][gc,phases,start] GC(811) Phase 1: Mark live objects
[117.993s][info][gc,phases      ] GC(811) Phase 1: Mark live objects 52.321ms
[117.993s][info][gc,phases,start] GC(811) Phase 2: Compute new object addresses
[118.046s][info][gc,phases      ] GC(811) Phase 2: Compute new object addresses 53.597ms
[118.046s][info][gc,phases,start] GC(811) Phase 3: Adjust pointers
[118.067s][info][gc,phases      ] GC(811) Phase 3: Adjust pointers 20.965ms
[118.067s][info][gc,phases,start] GC(811) Phase 4: Move objects
[118.067s][info][gc,phases      ] GC(811) Phase 4: Move objects 0.009ms
[118.067s][info][gc,heap        ] GC(811) DefNew: 538077K(629120K)->0K(629120K) Eden: 537105K(559232K)->0K(559232K) From: 971K(69888K)->0K(69888K)
[118.067s][info][gc,heap        ] GC(811) Tenured: 85057K(1398144K)->85057K(1398144K)
[118.067s][info][gc,metaspace   ] GC(811) Metaspace: 11825K(12096K)->11825K(12096K) NonClass: 10297K(10432K)->10297K(10432K) Class: 1528K(1664K)->1528K(1664K)
[118.067s][info][gc             ] GC(811) Pause Full (System.gc()) 608M->83M(1979M) 127.181ms
[118.067s][info][gc,cpu         ] GC(811) User=0.11s Sys=0.00s Real=0.13s
[118.209s][info][gc,start       ] GC(812) Pause Young (Allocation Failure)
[118.210s][info][gc,heap        ] GC(812) DefNew: 559232K(629120K)->458K(629120K) Eden: 559232K(559232K)->0K(559232K) From: 0K(69888K)->458K(69888K)
[118.210s][info][gc,heap        ] GC(812) Tenured: 85057K(1398144K)->85057K(1398144K)
[118.210s][info][gc,metaspace   ] GC(812) Metaspace: 11827K(12096K)->11827K(12096K) NonClass: 10298K(10432K)->10298K(10432K) Class: 1528K(1664K)->1528K(1664K)
[118.210s][info][gc             ] GC(812) Pause Young (Allocation Failure) 629M->83M(1979M) 0.497ms
[118.210s][info][gc,cpu         ] GC(812) User=0.00s Sys=0.00s Real=0.00s
[118.344s][info][gc,start       ] GC(813) Pause Young (Allocation Failure)
[118.344s][info][gc,heap        ] GC(813) DefNew: 559680K(629120K)->850K(629120K) Eden: 559222K(559232K)->0K(559232K) From: 458K(69888K)->850K(69888K)
[118.344s][info][gc,heap        ] GC(813) Tenured: 85057K(1398144K)->85057K(1398144K)
[118.344s][info][gc,metaspace   ] GC(813) Metaspace: 11827K(12096K)->11827K(12096K) NonClass: 10298K(10432K)->10298K(10432K) Class: 1528K(1664K)->1528K(1664K)
[118.344s][info][gc             ] GC(813) Pause Young (Allocation Failure) 629M->83M(1979M) 0.608ms
[118.344s][info][gc,cpu         ] GC(813) User=0.00s Sys=0.00s Real=0.00s
[118.483s][info][gc,start       ] GC(814) Pause Young (Allocation Failure)
[118.484s][info][gc,heap        ] GC(814) DefNew: 560082K(629120K)->1247K(629120K) Eden: 559232K(559232K)->0K(559232K) From: 850K(69888K)->1247K(69888K)
[118.484s][info][gc,heap        ] GC(814) Tenured: 85057K(1398144K)->85057K(1398144K)
[118.484s][info][gc,metaspace   ] GC(814) Metaspace: 11827K(12096K)->11827K(12096K) NonClass: 10298K(10432K)->10298K(10432K) Class: 1528K(1664K)->1528K(1664K)
[118.484s][info][gc             ] GC(814) Pause Young (Allocation Failure) 630M->84M(1979M) 0.760ms
[118.484s][info][gc,cpu         ] GC(814) User=0.00s Sys=0.00s Real=0.00s
[118.620s][info][gc,start       ] GC(815) Pause Young (Allocation Failure)
[118.621s][info][gc,heap        ] GC(815) DefNew: 560479K(629120K)->1645K(629120K) Eden: 559232K(559232K)->0K(559232K) From: 1247K(69888K)->1645K(69888K)
[118.621s][info][gc,heap        ] GC(815) Tenured: 85057K(1398144K)->85057K(1398144K)
[118.621s][info][gc,metaspace   ] GC(815) Metaspace: 11827K(12096K)->11827K(12096K) NonClass: 10298K(10432K)->10298K(10432K) Class: 1528K(1664K)->1528K(1664K)
[118.621s][info][gc             ] GC(815) Pause Young (Allocation Failure) 630M->84M(1979M) 0.853ms
[118.621s][info][gc,cpu         ] GC(815) User=0.00s Sys=0.00s Real=0.00s
[118.757s][info][gc,start       ] GC(816) Pause Young (Allocation Failure)
[118.758s][info][gc,heap        ] GC(816) DefNew: 560877K(629120K)->2043K(629120K) Eden: 559232K(559232K)->0K(559232K) From: 1645K(69888K)->2043K(69888K)
[118.758s][info][gc,heap        ] GC(816) Tenured: 85057K(1398144K)->85057K(1398144K)
[118.758s][info][gc,metaspace   ] GC(816) Metaspace: 11827K(12096K)->11827K(12096K) NonClass: 10298K(10432K)->10298K(10432K) Class: 1528K(1664K)->1528K(1664K)
[118.758s][info][gc             ] GC(816) Pause Young (Allocation Failure) 630M->85M(1979M) 1.082ms
[118.758s][info][gc,cpu         ] GC(816) User=0.00s Sys=0.00s Real=0.00s
[118.893s][info][gc,start       ] GC(817) Pause Young (Allocation Failure)
[118.894s][info][gc,heap        ] GC(817) DefNew: 561275K(629120K)->1970K(629120K) Eden: 559232K(559232K)->0K(559232K) From: 2043K(69888K)->1970K(69888K)
[118.894s][info][gc,heap        ] GC(817) Tenured: 85057K(1398144K)->85057K(1398144K)
[118.894s][info][gc,metaspace   ] GC(817) Metaspace: 11827K(12096K)->11827K(12096K) NonClass: 10298K(10432K)->10298K(10432K) Class: 1528K(1664K)->1528K(1664K)
[118.894s][info][gc             ] GC(817) Pause Young (Allocation Failure) 631M->84M(1979M) 0.985ms
[118.894s][info][gc,cpu         ] GC(817) User=0.00s Sys=0.00s Real=0.00s
[119.028s][info][gc,start       ] GC(818) Pause Young (Allocation Failure)
[119.029s][info][gc,heap        ] GC(818) DefNew: 561202K(629120K)->2542K(629120K) Eden: 559232K(559232K)->0K(559232K) From: 1970K(69888K)->2542K(69888K)
[119.029s][info][gc,heap        ] GC(818) Tenured: 85057K(1398144K)->85057K(1398144K)
[119.029s][info][gc,metaspace   ] GC(818) Metaspace: 11827K(12096K)->11827K(12096K) NonClass: 10298K(10432K)->10298K(10432K) Class: 1528K(1664K)->1528K(1664K)
[119.029s][info][gc             ] GC(818) Pause Young (Allocation Failure) 631M->85M(1979M) 1.231ms
[119.029s][info][gc,cpu         ] GC(818) User=0.00s Sys=0.00s Real=0.00s
[119.167s][info][gc,start       ] GC(819) Pause Young (Allocation Failure)
[119.167s][info][gc,heap        ] GC(819) DefNew: 561774K(629120K)->178K(629120K) Eden: 559232K(559232K)->0K(559232K) From: 2542K(69888K)->178K(69888K)
[119.167s][info][gc,heap        ] GC(819) Tenured: 85057K(1398144K)->85057K(1398144K)
[119.167s][info][gc,metaspace   ] GC(819) Metaspace: 11827K(12096K)->11827K(12096K) NonClass: 10298K(10432K)->10298K(10432K) Class: 1528K(1664K)->1528K(1664K)
[119.167s][info][gc             ] GC(819) Pause Young (Allocation Failure) 631M->83M(1979M) 0.438ms
[119.167s][info][gc,cpu         ] GC(819) User=0.00s Sys=0.00s Real=0.00s
[119.302s][info][gc,start       ] GC(820) Pause Young (Allocation Failure)
[119.303s][info][gc,heap        ] GC(820) DefNew: 559410K(629120K)->741K(629120K) Eden: 559232K(559232K)->0K(559232K) From: 178K(69888K)->741K(69888K)
[119.303s][info][gc,heap        ] GC(820) Tenured: 85057K(1398144K)->85057K(1398144K)
[119.303s][info][gc,metaspace   ] GC(820) Metaspace: 11827K(12096K)->11827K(12096K) NonClass: 10298K(10432K)->10298K(10432K) Class: 1528K(1664K)->1528K(1664K)
[119.303s][info][gc             ] GC(820) Pause Young (Allocation Failure) 629M->83M(1979M) 0.574ms
[119.303s][info][gc,cpu         ] GC(820) User=0.00s Sys=0.00s Real=0.00s
[119.438s][info][gc,start       ] GC(821) Pause Young (Allocation Failure)
[119.439s][info][gc,heap        ] GC(821) DefNew: 559973K(629120K)->992K(629120K) Eden: 559232K(559232K)->0K(559232K) From: 741K(69888K)->992K(69888K)
[119.439s][info][gc,heap        ] GC(821) Tenured: 85057K(1398144K)->85057K(1398144K)
[119.439s][info][gc,metaspace   ] GC(821) Metaspace: 11827K(12096K)->11827K(12096K) NonClass: 10298K(10432K)->10298K(10432K) Class: 1528K(1664K)->1528K(1664K)
[119.439s][info][gc             ] GC(821) Pause Young (Allocation Failure) 629M->84M(1979M) 0.677ms
[119.439s][info][gc,cpu         ] GC(821) User=0.00s Sys=0.00s Real=0.00s
[119.580s][info][gc,start       ] GC(822) Pause Young (Allocation Failure)
[119.581s][info][gc,heap        ] GC(822) DefNew: 560224K(629120K)->1449K(629120K) Eden: 559232K(559232K)->0K(559232K) From: 992K(69888K)->1449K(69888K)
[119.581s][info][gc,heap        ] GC(822) Tenured: 85057K(1398144K)->85057K(1398144K)
[119.581s][info][gc,metaspace   ] GC(822) Metaspace: 11827K(12096K)->11827K(12096K) NonClass: 10298K(10432K)->10298K(10432K) Class: 1528K(1664K)->1528K(1664K)
[119.581s][info][gc             ] GC(822) Pause Young (Allocation Failure) 630M->84M(1979M) 0.817ms
[119.581s][info][gc,cpu         ] GC(822) User=0.00s Sys=0.00s Real=0.00s
[119.716s][info][gc,start       ] GC(823) Pause Young (Allocation Failure)
[119.717s][info][gc,heap        ] GC(823) DefNew: 560681K(629120K)->1724K(629120K) Eden: 559232K(559232K)->0K(559232K) From: 1449K(69888K)->1724K(69888K)
[119.717s][info][gc,heap        ] GC(823) Tenured: 85057K(1398144K)->85057K(1398144K)
[119.717s][info][gc,metaspace   ] GC(823) Metaspace: 11827K(12096K)->11827K(12096K) NonClass: 10298K(10432K)->10298K(10432K) Class: 1528K(1664K)->1528K(1664K)
[119.717s][info][gc             ] GC(823) Pause Young (Allocation Failure) 630M->84M(1979M) 0.920ms
[119.717s][info][gc,cpu         ] GC(823) User=0.00s Sys=0.00s Real=0.00s
[119.851s][info][gc,start       ] GC(824) Pause Young (Allocation Failure)
[119.852s][info][gc,heap        ] GC(824) DefNew: 560939K(629120K)->2384K(629120K) Eden: 559214K(559232K)->0K(559232K) From: 1724K(69888K)->2384K(69888K)
[119.852s][info][gc,heap        ] GC(824) Tenured: 85057K(1398144K)->85057K(1398144K)
[119.852s][info][gc,metaspace   ] GC(824) Metaspace: 11827K(12096K)->11827K(12096K) NonClass: 10298K(10432K)->10298K(10432K) Class: 1528K(1664K)->1528K(1664K)
[119.852s][info][gc             ] GC(824) Pause Young (Allocation Failure) 630M->85M(1979M) 1.079ms
[119.852s][info][gc,cpu         ] GC(824) User=0.00s Sys=0.00s Real=0.00s
[119.986s][info][gc,start       ] GC(825) Pause Young (Allocation Failure)
[119.988s][info][gc,heap        ] GC(825) DefNew: 561616K(629120K)->2251K(629120K) Eden: 559232K(559232K)->0K(559232K) From: 2384K(69888K)->2251K(69888K)
[119.988s][info][gc,heap        ] GC(825) Tenured: 85057K(1398144K)->85057K(1398144K)
[119.988s][info][gc,metaspace   ] GC(825) Metaspace: 11827K(12096K)->11827K(12096K) NonClass: 10298K(10432K)->10298K(10432K) Class: 1528K(1664K)->1528K(1664K)
[119.988s][info][gc             ] GC(825) Pause Young (Allocation Failure) 631M->85M(1979M) 1.139ms
[119.988s][info][gc,cpu         ] GC(825) User=0.00s Sys=0.00s Real=0.00s
[120.126s][info][gc,start       ] GC(826) Pause Young (Allocation Failure)
[120.126s][info][gc,heap        ] GC(826) DefNew: 561483K(629120K)->119K(629120K) Eden: 559232K(559232K)->0K(559232K) From: 2251K(69888K)->119K(69888K)
[120.126s][info][gc,heap        ] GC(826) Tenured: 85057K(1398144K)->85057K(1398144K)
[120.126s][info][gc,metaspace   ] GC(826) Metaspace: 11827K(12096K)->11827K(12096K) NonClass: 10298K(10432K)->10298K(10432K) Class: 1528K(1664K)->1528K(1664K)
[120.126s][info][gc             ] GC(826) Pause Young (Allocation Failure) 631M->83M(1979M) 0.392ms
[120.126s][info][gc,cpu         ] GC(826) User=0.00s Sys=0.00s Real=0.00s
[120.261s][info][gc,start       ] GC(827) Pause Young (Allocation Failure)
[120.262s][info][gc,heap        ] GC(827) DefNew: 559351K(629120K)->572K(629120K) Eden: 559232K(559232K)->0K(559232K) From: 119K(69888K)->572K(69888K)
[120.262s][info][gc,heap        ] GC(827) Tenured: 85057K(1398144K)->85058K(1398144K)
[120.262s][info][gc,metaspace   ] GC(827) Metaspace: 11827K(12096K)->11827K(12096K) NonClass: 10298K(10432K)->10298K(10432K) Class: 1528K(1664K)->1528K(1664K)
[120.262s][info][gc             ] GC(827) Pause Young (Allocation Failure) 629M->83M(1979M) 0.555ms
[120.262s][info][gc,cpu         ] GC(827) User=0.00s Sys=0.00s Real=0.00s
[120.396s][info][gc,start       ] GC(828) Pause Young (Allocation Failure)
[120.396s][info][gc,heap        ] GC(828) DefNew: 559804K(629120K)->1055K(629120K) Eden: 559232K(559232K)->0K(559232K) From: 572K(69888K)->1055K(69888K)
[120.396s][info][gc,heap        ] GC(828) Tenured: 85058K(1398144K)->85058K(1398144K)
[120.396s][info][gc,metaspace   ] GC(828) Metaspace: 11827K(12096K)->11827K(12096K) NonClass: 10298K(10432K)->10298K(10432K) Class: 1528K(1664K)->1528K(1664K)
[120.396s][info][gc             ] GC(828) Pause Young (Allocation Failure) 629M->84M(1979M) 0.697ms
[120.396s][info][gc,cpu         ] GC(828) User=0.00s Sys=0.00s Real=0.00s
[120.532s][info][gc,start       ] GC(829) Pause Full (System.gc())
[120.533s][info][gc,phases,start] GC(829) Phase 1: Mark live objects
[120.585s][info][gc,phases      ] GC(829) Phase 1: Mark live objects 52.327ms
[120.585s][info][gc,phases,start] GC(829) Phase 2: Compute new object addresses
[120.638s][info][gc,phases      ] GC(829) Phase 2: Compute new object addresses 53.565ms
[120.639s][info][gc,phases,start] GC(829) Phase 3: Adjust pointers
[120.660s][info][gc,phases      ] GC(829) Phase 3: Adjust pointers 21.188ms
[120.660s][info][gc,phases,start] GC(829) Phase 4: Move objects
[120.660s][info][gc,phases      ] GC(829) Phase 4: Move objects 0.009ms
[120.660s][info][gc,heap        ] GC(829) DefNew: 537505K(629120K)->0K(629120K) Eden: 536450K(559232K)->0K(559232K) From: 1055K(69888K)->0K(69888K)
[120.660s][info][gc,heap        ] GC(829) Tenured: 85058K(1398144K)->85058K(1398144K)
[120.660s][info][gc,metaspace   ] GC(829) Metaspace: 11827K(12096K)->11827K(12096K) NonClass: 10298K(10432K)->10298K(10432K) Class: 1528K(1664K)->1528K(1664K)
[120.660s][info][gc             ] GC(829) Pause Full (System.gc()) 607M->83M(1979M) 127.378ms
[120.660s][info][gc,cpu         ] GC(829) User=0.11s Sys=0.00s Real=0.12s
[120.802s][info][gc,start       ] GC(830) Pause Young (Allocation Failure)
[120.803s][info][gc,heap        ] GC(830) DefNew: 559232K(629120K)->445K(629120K) Eden: 559232K(559232K)->0K(559232K) From: 0K(69888K)->445K(69888K)
[120.803s][info][gc,heap        ] GC(830) Tenured: 85058K(1398144K)->85058K(1398144K)
[120.803s][info][gc,metaspace   ] GC(830) Metaspace: 11827K(12096K)->11827K(12096K) NonClass: 10298K(10432K)->10298K(10432K) Class: 1528K(1664K)->1528K(1664K)
[120.803s][info][gc             ] GC(830) Pause Young (Allocation Failure) 629M->83M(1979M) 0.493ms
[120.803s][info][gc,cpu         ] GC(830) User=0.00s Sys=0.00s Real=0.00s
[120.937s][info][gc,start       ] GC(831) Pause Young (Allocation Failure)
[120.937s][info][gc,heap        ] GC(831) DefNew: 559677K(629120K)->825K(629120K) Eden: 559232K(559232K)->0K(559232K) From: 445K(69888K)->825K(69888K)
[120.937s][info][gc,heap        ] GC(831) Tenured: 85058K(1398144K)->85058K(1398144K)
[120.937s][info][gc,metaspace   ] GC(831) Metaspace: 11827K(12096K)->11827K(12096K) NonClass: 10298K(10432K)->10298K(10432K) Class: 1528K(1664K)->1528K(1664K)
[120.937s][info][gc             ] GC(831) Pause Young (Allocation Failure) 629M->83M(1979M) 0.617ms
[120.937s][info][gc,cpu         ] GC(831) User=0.00s Sys=0.00s Real=0.00s
[121.072s][info][gc,start       ] GC(832) Pause Young (Allocation Failure)
[121.073s][info][gc,heap        ] GC(832) DefNew: 560057K(629120K)->1223K(629120K) Eden: 559232K(559232K)->0K(559232K) From: 825K(69888K)->1223K(69888K)
[121.073s][info][gc,heap        ] GC(832) Tenured: 85058K(1398144K)->85058K(1398144K)
[121.073s][info][gc,metaspace   ] GC(832) Metaspace: 11827K(12096K)->11827K(12096K) NonClass: 10298K(10432K)->10298K(10432K) Class: 1528K(1664K)->1528K(1664K)
[121.073s][info][gc             ] GC(832) Pause Young (Allocation Failure) 629M->84M(1979M) 0.749ms
[121.073s][info][gc,cpu         ] GC(832) User=0.00s Sys=0.00s Real=0.00s
[121.207s][info][gc,start       ] GC(833) Pause Young (Allocation Failure)
[121.208s][info][gc,heap        ] GC(833) DefNew: 560455K(629120K)->1708K(629120K) Eden: 559232K(559232K)->0K(559232K) From: 1223K(69888K)->1708K(69888K)
[121.208s][info][gc,heap        ] GC(833) Tenured: 85058K(1398144K)->85058K(1398144K)
[121.208s][info][gc,metaspace   ] GC(833) Metaspace: 11827K(12096K)->11827K(12096K) NonClass: 10298K(10432K)->10298K(10432K) Class: 1528K(1664K)->1528K(1664K)
[121.208s][info][gc             ] GC(833) Pause Young (Allocation Failure) 630M->84M(1979M) 0.869ms
[121.208s][info][gc,cpu         ] GC(833) User=0.00s Sys=0.00s Real=0.00s
[121.342s][info][gc,start       ] GC(834) Pause Young (Allocation Failure)
[121.343s][info][gc,heap        ] GC(834) DefNew: 560940K(629120K)->1725K(629120K) Eden: 559232K(559232K)->0K(559232K) From: 1708K(69888K)->1725K(69888K)
[121.343s][info][gc,heap        ] GC(834) Tenured: 85058K(1398144K)->85058K(1398144K)
[121.343s][info][gc,metaspace   ] GC(834) Metaspace: 11827K(12096K)->11827K(12096K) NonClass: 10298K(10432K)->10298K(10432K) Class: 1528K(1664K)->1528K(1664K)
[121.343s][info][gc             ] GC(834) Pause Young (Allocation Failure) 630M->84M(1979M) 0.900ms
[121.343s][info][gc,cpu         ] GC(834) User=0.00s Sys=0.00s Real=0.00s
[121.481s][info][gc,start       ] GC(835) Pause Young (Allocation Failure)
[121.482s][info][gc,heap        ] GC(835) DefNew: 560957K(629120K)->2044K(629120K) Eden: 559232K(559232K)->0K(559232K) From: 1725K(69888K)->2044K(69888K)
[121.482s][info][gc,heap        ] GC(835) Tenured: 85058K(1398144K)->85058K(1398144K)
[121.482s][info][gc,metaspace   ] GC(835) Metaspace: 11827K(12096K)->11827K(12096K) NonClass: 10298K(10432K)->10298K(10432K) Class: 1528K(1664K)->1528K(1664K)
[121.482s][info][gc             ] GC(835) Pause Young (Allocation Failure) 630M->85M(1979M) 1.098ms
[121.482s][info][gc,cpu         ] GC(835) User=0.00s Sys=0.00s Real=0.00s
[121.619s][info][gc,start       ] GC(836) Pause Young (Allocation Failure)
[121.620s][info][gc,heap        ] GC(836) DefNew: 561189K(629120K)->2641K(629120K) Eden: 559145K(559232K)->0K(559232K) From: 2044K(69888K)->2641K(69888K)
[121.620s][info][gc,heap        ] GC(836) Tenured: 85058K(1398144K)->85058K(1398144K)
[121.620s][info][gc,metaspace   ] GC(836) Metaspace: 11827K(12096K)->11827K(12096K) NonClass: 10298K(10432K)->10298K(10432K) Class: 1528K(1664K)->1528K(1664K)
[121.620s][info][gc             ] GC(836) Pause Young (Allocation Failure) 631M->85M(1979M) 1.247ms
[121.620s][info][gc,cpu         ] GC(836) User=0.00s Sys=0.00s Real=0.00s
[121.759s][info][gc,start       ] GC(837) Pause Young (Allocation Failure)
[121.760s][info][gc,heap        ] GC(837) DefNew: 561873K(629120K)->234K(629120K) Eden: 559232K(559232K)->0K(559232K) From: 2641K(69888K)->234K(69888K)
[121.760s][info][gc,heap        ] GC(837) Tenured: 85058K(1398144K)->85058K(1398144K)
[121.760s][info][gc,metaspace   ] GC(837) Metaspace: 11827K(12096K)->11827K(12096K) NonClass: 10298K(10432K)->10298K(10432K) Class: 1528K(1664K)->1528K(1664K)
[121.760s][info][gc             ] GC(837) Pause Young (Allocation Failure) 631M->83M(1979M) 0.442ms
[121.760s][info][gc,cpu         ] GC(837) User=0.00s Sys=0.00s Real=0.00s
[121.894s][info][gc,start       ] GC(838) Pause Young (Allocation Failure)
[121.894s][info][gc,heap        ] GC(838) DefNew: 559466K(629120K)->673K(629120K) Eden: 559232K(559232K)->0K(559232K) From: 234K(69888K)->673K(69888K)
[121.894s][info][gc,heap        ] GC(838) Tenured: 85058K(1398144K)->85058K(1398144K)
[121.894s][info][gc,metaspace   ] GC(838) Metaspace: 11827K(12096K)->11827K(12096K) NonClass: 10298K(10432K)->10298K(10432K) Class: 1528K(1664K)->1528K(1664K)
[121.894s][info][gc             ] GC(838) Pause Young (Allocation Failure) 629M->83M(1979M) 0.582ms
[121.894s][info][gc,cpu         ] GC(838) User=0.00s Sys=0.00s Real=0.00s
[122.029s][info][gc,start       ] GC(839) Pause Young (Allocation Failure)
[122.030s][info][gc,heap        ] GC(839) DefNew: 559905K(629120K)->1100K(629120K) Eden: 559232K(559232K)->0K(559232K) From: 673K(69888K)->1100K(69888K)
[122.030s][info][gc,heap        ] GC(839) Tenured: 85058K(1398144K)->85058K(1398144K)
[122.030s][info][gc,metaspace   ] GC(839) Metaspace: 11827K(12096K)->11827K(12096K) NonClass: 10298K(10432K)->10298K(10432K) Class: 1528K(1664K)->1528K(1664K)
[122.030s][info][gc             ] GC(839) Pause Young (Allocation Failure) 629M->84M(1979M) 0.730ms
[122.030s][info][gc,cpu         ] GC(839) User=0.00s Sys=0.00s Real=0.00s
[122.165s][info][gc,start       ] GC(840) Pause Young (Allocation Failure)
[122.166s][info][gc,heap        ] GC(840) DefNew: 560332K(629120K)->1629K(629120K) Eden: 559232K(559232K)->0K(559232K) From: 1100K(69888K)->1629K(69888K)
[122.166s][info][gc,heap        ] GC(840) Tenured: 85058K(1398144K)->85058K(1398144K)
[122.166s][info][gc,metaspace   ] GC(840) Metaspace: 11827K(12096K)->11827K(12096K) NonClass: 10298K(10432K)->10298K(10432K) Class: 1528K(1664K)->1528K(1664K)
[122.166s][info][gc             ] GC(840) Pause Young (Allocation Failure) 630M->84M(1979M) 0.884ms
[122.166s][info][gc,cpu         ] GC(840) User=0.00s Sys=0.00s Real=0.00s
[122.299s][info][gc,start       ] GC(841) Pause Young (Allocation Failure)
[122.300s][info][gc,heap        ] GC(841) DefNew: 560861K(629120K)->1780K(629120K) Eden: 559232K(559232K)->0K(559232K) From: 1629K(69888K)->1780K(69888K)
[122.300s][info][gc,heap        ] GC(841) Tenured: 85058K(1398144K)->85058K(1398144K)
[122.300s][info][gc,metaspace   ] GC(841) Metaspace: 11827K(12096K)->11827K(12096K) NonClass: 10298K(10432K)->10298K(10432K) Class: 1528K(1664K)->1528K(1664K)
[122.300s][info][gc             ] GC(841) Pause Young (Allocation Failure) 630M->84M(1979M) 0.943ms
[122.300s][info][gc,cpu         ] GC(841) User=0.00s Sys=0.00s Real=0.00s
[122.434s][info][gc,start       ] GC(842) Pause Young (Allocation Failure)
[122.435s][info][gc,heap        ] GC(842) DefNew: 561007K(629120K)->2175K(629120K) Eden: 559227K(559232K)->0K(559232K) From: 1780K(69888K)->2175K(69888K)
[122.435s][info][gc,heap        ] GC(842) Tenured: 85058K(1398144K)->85058K(1398144K)
[122.435s][info][gc,metaspace   ] GC(842) Metaspace: 11827K(12096K)->11827K(12096K) NonClass: 10298K(10432K)->10298K(10432K) Class: 1528K(1664K)->1528K(1664K)
[122.435s][info][gc             ] GC(842) Pause Young (Allocation Failure) 630M->85M(1979M) 1.022ms
[122.435s][info][gc,cpu         ] GC(842) User=0.00s Sys=0.00s Real=0.00s
[122.574s][info][gc,start       ] GC(843) Pause Young (Allocation Failure)
[122.575s][info][gc,heap        ] GC(843) DefNew: 561384K(629120K)->2885K(629120K) Eden: 559209K(559232K)->0K(559232K) From: 2175K(69888K)->2885K(69888K)
[122.575s][info][gc,heap        ] GC(843) Tenured: 85058K(1398144K)->85058K(1398144K)
[122.575s][info][gc,metaspace   ] GC(843) Metaspace: 11827K(12096K)->11827K(12096K) NonClass: 10298K(10432K)->10298K(10432K) Class: 1528K(1664K)->1528K(1664K)
[122.575s][info][gc             ] GC(843) Pause Young (Allocation Failure) 631M->85M(1979M) 1.372ms
[122.575s][info][gc,cpu         ] GC(843) User=0.00s Sys=0.00s Real=0.00s
[122.714s][info][gc,start       ] GC(844) Pause Young (Allocation Failure)
[122.715s][info][gc,heap        ] GC(844) DefNew: 562117K(629120K)->1961K(629120K) Eden: 559232K(559232K)->0K(559232K) From: 2885K(69888K)->1961K(69888K)
[122.715s][info][gc,heap        ] GC(844) Tenured: 85058K(1398144K)->85058K(1398144K)
[122.715s][info][gc,metaspace   ] GC(844) Metaspace: 11827K(12096K)->11827K(12096K) NonClass: 10298K(10432K)->10298K(10432K) Class: 1528K(1664K)->1528K(1664K)
[122.715s][info][gc             ] GC(844) Pause Young (Allocation Failure) 632M->84M(1979M) 0.931ms
[122.715s][info][gc,cpu         ] GC(844) User=0.00s Sys=0.00s Real=0.00s
[122.850s][info][gc,start       ] GC(845) Pause Young (Allocation Failure)
[122.851s][info][gc,heap        ] GC(845) DefNew: 561193K(629120K)->429K(629120K) Eden: 559232K(559232K)->0K(559232K) From: 1961K(69888K)->429K(69888K)
[122.851s][info][gc,heap        ] GC(845) Tenured: 85058K(1398144K)->85058K(1398144K)
[122.851s][info][gc,metaspace   ] GC(845) Metaspace: 11827K(12096K)->11827K(12096K) NonClass: 10298K(10432K)->10298K(10432K) Class: 1528K(1664K)->1528K(1664K)
[122.851s][info][gc             ] GC(845) Pause Young (Allocation Failure) 631M->83M(1979M) 0.493ms
[122.851s][info][gc,cpu         ] GC(845) User=0.00s Sys=0.00s Real=0.00s
[122.984s][info][gc,start       ] GC(846) Pause Young (Allocation Failure)
[122.985s][info][gc,heap        ] GC(846) DefNew: 559661K(629120K)->866K(629120K) Eden: 559232K(559232K)->0K(559232K) From: 429K(69888K)->866K(69888K)
[122.985s][info][gc,heap        ] GC(846) Tenured: 85058K(1398144K)->85058K(1398144K)
[122.985s][info][gc,metaspace   ] GC(846) Metaspace: 11827K(12096K)->11827K(12096K) NonClass: 10298K(10432K)->10298K(10432K) Class: 1528K(1664K)->1528K(1664K)
[122.985s][info][gc             ] GC(846) Pause Young (Allocation Failure) 629M->83M(1979M) 0.643ms
[122.985s][info][gc,cpu         ] GC(846) User=0.00s Sys=0.00s Real=0.00s
[123.117s][info][gc,start       ] GC(847) Pause Full (System.gc())
[123.117s][info][gc,phases,start] GC(847) Phase 1: Mark live objects
[123.169s][info][gc,phases      ] GC(847) Phase 1: Mark live objects 51.946ms
[123.169s][info][gc,phases,start] GC(847) Phase 2: Compute new object addresses
[123.223s][info][gc,phases      ] GC(847) Phase 2: Compute new object addresses 54.344ms
[123.223s][info][gc,phases,start] GC(847) Phase 3: Adjust pointers
[123.244s][info][gc,phases      ] GC(847) Phase 3: Adjust pointers 20.847ms
[123.244s][info][gc,phases,start] GC(847) Phase 4: Move objects
[123.244s][info][gc,phases      ] GC(847) Phase 4: Move objects 0.009ms
[123.244s][info][gc,heap        ] GC(847) DefNew: 539703K(629120K)->0K(629120K) Eden: 538837K(559232K)->0K(559232K) From: 866K(69888K)->0K(69888K)
[123.244s][info][gc,heap        ] GC(847) Tenured: 85058K(1398144K)->85057K(1398144K)
[123.244s][info][gc,metaspace   ] GC(847) Metaspace: 11827K(12096K)->11827K(12096K) NonClass: 10299K(10432K)->10299K(10432K) Class: 1528K(1664K)->1528K(1664K)
[123.244s][info][gc             ] GC(847) Pause Full (System.gc()) 610M->83M(1979M) 127.439ms
[123.244s][info][gc,cpu         ] GC(847) User=0.06s Sys=0.00s Real=0.13s
[123.385s][info][gc,start       ] GC(848) Pause Young (Allocation Failure)
[123.386s][info][gc,heap        ] GC(848) DefNew: 559232K(629120K)->437K(629120K) Eden: 559232K(559232K)->0K(559232K) From: 0K(69888K)->437K(69888K)
[123.386s][info][gc,heap        ] GC(848) Tenured: 85057K(1398144K)->85057K(1398144K)
[123.386s][info][gc,metaspace   ] GC(848) Metaspace: 11827K(12096K)->11827K(12096K) NonClass: 10299K(10432K)->10299K(10432K) Class: 1528K(1664K)->1528K(1664K)
[123.386s][info][gc             ] GC(848) Pause Young (Allocation Failure) 629M->83M(1979M) 0.491ms
[123.386s][info][gc,cpu         ] GC(848) User=0.00s Sys=0.00s Real=0.02s
[123.526s][info][gc,start       ] GC(849) Pause Young (Allocation Failure)
[123.527s][info][gc,heap        ] GC(849) DefNew: 559669K(629120K)->699K(629120K) Eden: 559232K(559232K)->0K(559232K) From: 437K(69888K)->699K(69888K)
[123.527s][info][gc,heap        ] GC(849) Tenured: 85057K(1398144K)->85057K(1398144K)
[123.527s][info][gc,metaspace   ] GC(849) Metaspace: 11827K(12096K)->11827K(12096K) NonClass: 10299K(10432K)->10299K(10432K) Class: 1528K(1664K)->1528K(1664K)
[123.527s][info][gc             ] GC(849) Pause Young (Allocation Failure) 629M->83M(1979M) 0.575ms
[123.527s][info][gc,cpu         ] GC(849) User=0.00s Sys=0.00s Real=0.00s
[123.662s][info][gc,start       ] GC(850) Pause Young (Allocation Failure)
[123.662s][info][gc,heap        ] GC(850) DefNew: 559931K(629120K)->1162K(629120K) Eden: 559232K(559232K)->0K(559232K) From: 699K(69888K)->1162K(69888K)
[123.662s][info][gc,heap        ] GC(850) Tenured: 85057K(1398144K)->85057K(1398144K)
[123.662s][info][gc,metaspace   ] GC(850) Metaspace: 11827K(12096K)->11827K(12096K) NonClass: 10299K(10432K)->10299K(10432K) Class: 1528K(1664K)->1528K(1664K)
[123.662s][info][gc             ] GC(850) Pause Young (Allocation Failure) 629M->84M(1979M) 0.686ms
[123.662s][info][gc,cpu         ] GC(850) User=0.00s Sys=0.00s Real=0.00s
[123.798s][info][gc,start       ] GC(851) Pause Young (Allocation Failure)
[123.799s][info][gc,heap        ] GC(851) DefNew: 560379K(629120K)->1811K(629120K) Eden: 559217K(559232K)->0K(559232K) From: 1162K(69888K)->1811K(69888K)
[123.799s][info][gc,heap        ] GC(851) Tenured: 85057K(1398144K)->85057K(1398144K)
[123.799s][info][gc,metaspace   ] GC(851) Metaspace: 11827K(12096K)->11827K(12096K) NonClass: 10299K(10432K)->10299K(10432K) Class: 1528K(1664K)->1528K(1664K)
[123.799s][info][gc             ] GC(851) Pause Young (Allocation Failure) 630M->84M(1979M) 0.930ms
[123.799s][info][gc,cpu         ] GC(851) User=0.00s Sys=0.00s Real=0.00s
[123.932s][info][gc,start       ] GC(852) Pause Young (Allocation Failure)
[123.933s][info][gc,heap        ] GC(852) DefNew: 561043K(629120K)->1885K(629120K) Eden: 559232K(559232K)->0K(559232K) From: 1811K(69888K)->1885K(69888K)
[123.933s][info][gc,heap        ] GC(852) Tenured: 85057K(1398144K)->85057K(1398144K)
[123.933s][info][gc,metaspace   ] GC(852) Metaspace: 11827K(12096K)->11827K(12096K) NonClass: 10299K(10432K)->10299K(10432K) Class: 1528K(1664K)->1528K(1664K)
[123.933s][info][gc             ] GC(852) Pause Young (Allocation Failure) 630M->84M(1979M) 1.091ms
[123.933s][info][gc,cpu         ] GC(852) User=0.00s Sys=0.00s Real=0.00s
[124.067s][info][gc,start       ] GC(853) Pause Young (Allocation Failure)
[124.068s][info][gc,heap        ] GC(853) DefNew: 561117K(629120K)->2021K(629120K) Eden: 559232K(559232K)->0K(559232K) From: 1885K(69888K)->2021K(69888K)
[124.068s][info][gc,heap        ] GC(853) Tenured: 85057K(1398144K)->85057K(1398144K)
[124.068s][info][gc,metaspace   ] GC(853) Metaspace: 11827K(12096K)->11827K(12096K) NonClass: 10299K(10432K)->10299K(10432K) Class: 1528K(1664K)->1528K(1664K)
[124.068s][info][gc             ] GC(853) Pause Young (Allocation Failure) 631M->85M(1979M) 0.953ms
[124.068s][info][gc,cpu         ] GC(853) User=0.00s Sys=0.00s Real=0.00s
[124.202s][info][gc,start       ] GC(854) Pause Young (Allocation Failure)
[124.203s][info][gc,heap        ] GC(854) DefNew: 561253K(629120K)->2300K(629120K) Eden: 559232K(559232K)->0K(559232K) From: 2021K(69888K)->2300K(69888K)
[124.203s][info][gc,heap        ] GC(854) Tenured: 85057K(1398144K)->85057K(1398144K)
[124.203s][info][gc,metaspace   ] GC(854) Metaspace: 11827K(12096K)->11827K(12096K) NonClass: 10299K(10432K)->10299K(10432K) Class: 1528K(1664K)->1528K(1664K)
[124.203s][info][gc             ] GC(854) Pause Young (Allocation Failure) 631M->85M(1979M) 1.208ms
[124.203s][info][gc,cpu         ] GC(854) User=0.00s Sys=0.00s Real=0.02s
[124.339s][info][gc,start       ] GC(855) Pause Young (Allocation Failure)
[124.340s][info][gc,heap        ] GC(855) DefNew: 561532K(629120K)->1959K(629120K) Eden: 559232K(559232K)->0K(559232K) From: 2300K(69888K)->1959K(69888K)
[124.340s][info][gc,heap        ] GC(855) Tenured: 85057K(1398144K)->85057K(1398144K)
[124.340s][info][gc,metaspace   ] GC(855) Metaspace: 11827K(12096K)->11827K(12096K) NonClass: 10299K(10432K)->10299K(10432K) Class: 1528K(1664K)->1528K(1664K)
[124.340s][info][gc             ] GC(855) Pause Young (Allocation Failure) 631M->84M(1979M) 1.181ms
[124.340s][info][gc,cpu         ] GC(855) User=0.00s Sys=0.00s Real=0.00s
[124.482s][info][gc,start       ] GC(856) Pause Young (Allocation Failure)
[124.483s][info][gc,heap        ] GC(856) DefNew: 561191K(629120K)->485K(629120K) Eden: 559232K(559232K)->0K(559232K) From: 1959K(69888K)->485K(69888K)
[124.483s][info][gc,heap        ] GC(856) Tenured: 85057K(1398144K)->85057K(1398144K)
[124.483s][info][gc,metaspace   ] GC(856) Metaspace: 11827K(12096K)->11827K(12096K) NonClass: 10299K(10432K)->10299K(10432K) Class: 1528K(1664K)->1528K(1664K)
[124.483s][info][gc             ] GC(856) Pause Young (Allocation Failure) 631M->83M(1979M) 0.573ms
[124.483s][info][gc,cpu         ] GC(856) User=0.00s Sys=0.00s Real=0.00s
[124.619s][info][gc,start       ] GC(857) Pause Young (Allocation Failure)
[124.619s][info][gc,heap        ] GC(857) DefNew: 559717K(629120K)->1030K(629120K) Eden: 559232K(559232K)->0K(559232K) From: 485K(69888K)->1030K(69888K)
[124.619s][info][gc,heap        ] GC(857) Tenured: 85057K(1398144K)->85057K(1398144K)
[124.619s][info][gc,metaspace   ] GC(857) Metaspace: 11827K(12096K)->11827K(12096K) NonClass: 10299K(10432K)->10299K(10432K) Class: 1528K(1664K)->1528K(1664K)
[124.619s][info][gc             ] GC(857) Pause Young (Allocation Failure) 629M->84M(1979M) 0.690ms
[124.619s][info][gc,cpu         ] GC(857) User=0.00s Sys=0.00s Real=0.00s
[124.756s][info][gc,start       ] GC(858) Pause Young (Allocation Failure)
[124.756s][info][gc,heap        ] GC(858) DefNew: 560262K(629120K)->1570K(629120K) Eden: 559232K(559232K)->0K(559232K) From: 1030K(69888K)->1570K(69888K)
[124.756s][info][gc,heap        ] GC(858) Tenured: 85057K(1398144K)->85057K(1398144K)
[124.756s][info][gc,metaspace   ] GC(858) Metaspace: 11827K(12096K)->11827K(12096K) NonClass: 10299K(10432K)->10299K(10432K) Class: 1528K(1664K)->1528K(1664K)
[124.756s][info][gc             ] GC(858) Pause Young (Allocation Failure) 630M->84M(1979M) 0.845ms
[124.756s][info][gc,cpu         ] GC(858) User=0.00s Sys=0.00s Real=0.00s
[124.890s][info][gc,start       ] GC(859) Pause Young (Allocation Failure)
[124.891s][info][gc,heap        ] GC(859) DefNew: 560802K(629120K)->1684K(629120K) Eden: 559232K(559232K)->0K(559232K) From: 1570K(69888K)->1684K(69888K)
[124.891s][info][gc,heap        ] GC(859) Tenured: 85057K(1398144K)->85057K(1398144K)
[124.891s][info][gc,metaspace   ] GC(859) Metaspace: 11827K(12096K)->11827K(12096K) NonClass: 10299K(10432K)->10299K(10432K) Class: 1528K(1664K)->1528K(1664K)
[124.891s][info][gc             ] GC(859) Pause Young (Allocation Failure) 630M->84M(1979M) 0.953ms
[124.891s][info][gc,cpu         ] GC(859) User=0.00s Sys=0.00s Real=0.00s
[125.025s][info][gc,start       ] GC(860) Pause Young (Allocation Failure)
[125.026s][info][gc,heap        ] GC(860) DefNew: 560916K(629120K)->2120K(629120K) Eden: 559232K(559232K)->0K(559232K) From: 1684K(69888K)->2120K(69888K)
[125.026s][info][gc,heap        ] GC(860) Tenured: 85057K(1398144K)->85057K(1398144K)
[125.026s][info][gc,metaspace   ] GC(860) Metaspace: 11827K(12096K)->11827K(12096K) NonClass: 10299K(10432K)->10299K(10432K) Class: 1528K(1664K)->1528K(1664K)
[125.026s][info][gc             ] GC(860) Pause Young (Allocation Failure) 630M->85M(1979M) 1.038ms
[125.026s][info][gc,cpu         ] GC(860) User=0.00s Sys=0.00s Real=0.00s
[125.160s][info][gc,start       ] GC(861) Pause Young (Allocation Failure)
[125.162s][info][gc,heap        ] GC(861) DefNew: 561352K(629120K)->2692K(629120K) Eden: 559232K(559232K)->0K(559232K) From: 2120K(69888K)->2692K(69888K)
[125.162s][info][gc,heap        ] GC(861) Tenured: 85057K(1398144K)->85057K(1398144K)
[125.162s][info][gc,metaspace   ] GC(861) Metaspace: 11827K(12096K)->11827K(12096K) NonClass: 10299K(10432K)->10299K(10432K) Class: 1528K(1664K)->1528K(1664K)
[125.162s][info][gc             ] GC(861) Pause Young (Allocation Failure) 631M->85M(1979M) 1.303ms
[125.162s][info][gc,cpu         ] GC(861) User=0.00s Sys=0.00s Real=0.00s
[125.299s][info][gc,start       ] GC(862) Pause Young (Allocation Failure)
[125.300s][info][gc,heap        ] GC(862) DefNew: 561275K(629120K)->73K(629120K) Eden: 558582K(559232K)->0K(559232K) From: 2692K(69888K)->73K(69888K)
[125.300s][info][gc,heap        ] GC(862) Tenured: 85057K(1398144K)->85057K(1398144K)
[125.300s][info][gc,metaspace   ] GC(862) Metaspace: 11827K(12096K)->11827K(12096K) NonClass: 10299K(10432K)->10299K(10432K) Class: 1528K(1664K)->1528K(1664K)
[125.300s][info][gc             ] GC(862) Pause Young (Allocation Failure) 631M->83M(1979M) 0.380ms
[125.300s][info][gc,cpu         ] GC(862) User=0.00s Sys=0.00s Real=0.00s
[125.434s][info][gc,start       ] GC(863) Pause Young (Allocation Failure)
[125.435s][info][gc,heap        ] GC(863) DefNew: 559305K(629120K)->600K(629120K) Eden: 559232K(559232K)->0K(559232K) From: 73K(69888K)->600K(69888K)
[125.435s][info][gc,heap        ] GC(863) Tenured: 85057K(1398144K)->85057K(1398144K)
[125.435s][info][gc,metaspace   ] GC(863) Metaspace: 11827K(12096K)->11827K(12096K) NonClass: 10299K(10432K)->10299K(10432K) Class: 1528K(1664K)->1528K(1664K)
[125.435s][info][gc             ] GC(863) Pause Young (Allocation Failure) 629M->83M(1979M) 0.550ms
[125.435s][info][gc,cpu         ] GC(863) User=0.00s Sys=0.00s Real=0.00s
[125.575s][info][gc,start       ] GC(864) Pause Young (Allocation Failure)
[125.576s][info][gc,heap        ] GC(864) DefNew: 559832K(629120K)->1098K(629120K) Eden: 559232K(559232K)->0K(559232K) From: 600K(69888K)->1098K(69888K)
[125.576s][info][gc,heap        ] GC(864) Tenured: 85057K(1398144K)->85057K(1398144K)
[125.576s][info][gc,metaspace   ] GC(864) Metaspace: 11827K(12096K)->11827K(12096K) NonClass: 10299K(10432K)->10299K(10432K) Class: 1528K(1664K)->1528K(1664K)
[125.576s][info][gc             ] GC(864) Pause Young (Allocation Failure) 629M->84M(1979M) 0.713ms
[125.576s][info][gc,cpu         ] GC(864) User=0.00s Sys=0.00s Real=0.00s
[125.708s][info][gc,start       ] GC(865) Pause Full (System.gc())
[125.709s][info][gc,phases,start] GC(865) Phase 1: Mark live objects
[125.761s][info][gc,phases      ] GC(865) Phase 1: Mark live objects 52.040ms
[125.761s][info][gc,phases,start] GC(865) Phase 2: Compute new object addresses
[125.815s][info][gc,phases      ] GC(865) Phase 2: Compute new object addresses 53.965ms
[125.815s][info][gc,phases,start] GC(865) Phase 3: Adjust pointers
[125.836s][info][gc,phases      ] GC(865) Phase 3: Adjust pointers 21.214ms
[125.836s][info][gc,phases,start] GC(865) Phase 4: Move objects
[125.836s][info][gc,phases      ] GC(865) Phase 4: Move objects 0.009ms
[125.836s][info][gc,heap        ] GC(865) DefNew: 535973K(629120K)->0K(629120K) Eden: 534875K(559232K)->0K(559232K) From: 1098K(69888K)->0K(69888K)
[125.836s][info][gc,heap        ] GC(865) Tenured: 85057K(1398144K)->85057K(1398144K)
[125.836s][info][gc,metaspace   ] GC(865) Metaspace: 11827K(12096K)->11827K(12096K) NonClass: 10299K(10432K)->10299K(10432K) Class: 1528K(1664K)->1528K(1664K)
[125.836s][info][gc             ] GC(865) Pause Full (System.gc()) 606M->83M(1979M) 127.518ms
[125.836s][info][gc,cpu         ] GC(865) User=0.12s Sys=0.00s Real=0.14s
[125.978s][info][gc,start       ] GC(866) Pause Young (Allocation Failure)
[125.978s][info][gc,heap        ] GC(866) DefNew: 559232K(629120K)->452K(629120K) Eden: 559232K(559232K)->0K(559232K) From: 0K(69888K)->452K(69888K)
[125.978s][info][gc,heap        ] GC(866) Tenured: 85057K(1398144K)->85057K(1398144K)
[125.978s][info][gc,metaspace   ] GC(866) Metaspace: 11829K(12160K)->11829K(12160K) NonClass: 10300K(10496K)->10300K(10496K) Class: 1528K(1664K)->1528K(1664K)
[125.978s][info][gc             ] GC(866) Pause Young (Allocation Failure) 629M->83M(1979M) 0.601ms
[125.978s][info][gc,cpu         ] GC(866) User=0.00s Sys=0.00s Real=0.00s
[126.112s][info][gc,start       ] GC(867) Pause Young (Allocation Failure)
[126.113s][info][gc,heap        ] GC(867) DefNew: 559684K(629120K)->873K(629120K) Eden: 559232K(559232K)->0K(559232K) From: 452K(69888K)->873K(69888K)
[126.113s][info][gc,heap        ] GC(867) Tenured: 85057K(1398144K)->85057K(1398144K)
[126.113s][info][gc,metaspace   ] GC(867) Metaspace: 11829K(12160K)->11829K(12160K) NonClass: 10300K(10496K)->10300K(10496K) Class: 1528K(1664K)->1528K(1664K)
[126.113s][info][gc             ] GC(867) Pause Young (Allocation Failure) 629M->83M(1979M) 0.638ms
[126.113s][info][gc,cpu         ] GC(867) User=0.00s Sys=0.00s Real=0.00s
[126.247s][info][gc,start       ] GC(868) Pause Young (Allocation Failure)
[126.248s][info][gc,heap        ] GC(868) DefNew: 560105K(629120K)->1214K(629120K) Eden: 559232K(559232K)->0K(559232K) From: 873K(69888K)->1214K(69888K)
[126.248s][info][gc,heap        ] GC(868) Tenured: 85057K(1398144K)->85057K(1398144K)
[126.248s][info][gc,metaspace   ] GC(868) Metaspace: 11829K(12160K)->11829K(12160K) NonClass: 10300K(10496K)->10300K(10496K) Class: 1528K(1664K)->1528K(1664K)
[126.248s][info][gc             ] GC(868) Pause Young (Allocation Failure) 630M->84M(1979M) 0.734ms
[126.248s][info][gc,cpu         ] GC(868) User=0.00s Sys=0.00s Real=0.00s
[126.381s][info][gc,start       ] GC(869) Pause Young (Allocation Failure)
[126.382s][info][gc,heap        ] GC(869) DefNew: 560446K(629120K)->1723K(629120K) Eden: 559232K(559232K)->0K(559232K) From: 1214K(69888K)->1723K(69888K)
[126.382s][info][gc,heap        ] GC(869) Tenured: 85057K(1398144K)->85057K(1398144K)
[126.382s][info][gc,metaspace   ] GC(869) Metaspace: 11829K(12160K)->11829K(12160K) NonClass: 10300K(10496K)->10300K(10496K) Class: 1528K(1664K)->1528K(1664K)
[126.382s][info][gc             ] GC(869) Pause Young (Allocation Failure) 630M->84M(1979M) 0.885ms
[126.382s][info][gc,cpu         ] GC(869) User=0.00s Sys=0.00s Real=0.00s
[126.522s][info][gc,start       ] GC(870) Pause Young (Allocation Failure)
[126.523s][info][gc,heap        ] GC(870) DefNew: 560955K(629120K)->1963K(629120K) Eden: 559232K(559232K)->0K(559232K) From: 1723K(69888K)->1963K(69888K)
[126.523s][info][gc,heap        ] GC(870) Tenured: 85057K(1398144K)->85057K(1398144K)
[126.523s][info][gc,metaspace   ] GC(870) Metaspace: 11829K(12160K)->11829K(12160K) NonClass: 10300K(10496K)->10300K(10496K) Class: 1528K(1664K)->1528K(1664K)
[126.523s][info][gc             ] GC(870) Pause Young (Allocation Failure) 630M->84M(1979M) 0.961ms
[126.523s][info][gc,cpu         ] GC(870) User=0.00s Sys=0.00s Real=0.00s
[126.658s][info][gc,start       ] GC(871) Pause Young (Allocation Failure)
[126.659s][info][gc,heap        ] GC(871) DefNew: 561195K(629120K)->2420K(629120K) Eden: 559232K(559232K)->0K(559232K) From: 1963K(69888K)->2420K(69888K)
[126.659s][info][gc,heap        ] GC(871) Tenured: 85057K(1398144K)->85057K(1398144K)
[126.659s][info][gc,metaspace   ] GC(871) Metaspace: 11829K(12160K)->11829K(12160K) NonClass: 10300K(10496K)->10300K(10496K) Class: 1528K(1664K)->1528K(1664K)
[126.659s][info][gc             ] GC(871) Pause Young (Allocation Failure) 631M->85M(1979M) 1.103ms
[126.659s][info][gc,cpu         ] GC(871) User=0.00s Sys=0.00s Real=0.00s
[126.794s][info][gc,start       ] GC(872) Pause Young (Allocation Failure)
[126.795s][info][gc,heap        ] GC(872) DefNew: 561509K(629120K)->2836K(629120K) Eden: 559088K(559232K)->0K(559232K) From: 2420K(69888K)->2836K(69888K)
[126.795s][info][gc,heap        ] GC(872) Tenured: 85057K(1398144K)->85057K(1398144K)
[126.795s][info][gc,metaspace   ] GC(872) Metaspace: 11829K(12160K)->11829K(12160K) NonClass: 10300K(10496K)->10300K(10496K) Class: 1528K(1664K)->1528K(1664K)
[126.795s][info][gc             ] GC(872) Pause Young (Allocation Failure) 631M->85M(1979M) 1.276ms
[126.795s][info][gc,cpu         ] GC(872) User=0.00s Sys=0.00s Real=0.00s
[126.936s][info][gc,start       ] GC(873) Pause Young (Allocation Failure)
[126.936s][info][gc,heap        ] GC(873) DefNew: 562068K(629120K)->118K(629120K) Eden: 559232K(559232K)->0K(559232K) From: 2836K(69888K)->118K(69888K)
[126.937s][info][gc,heap        ] GC(873) Tenured: 85057K(1398144K)->85057K(1398144K)
[126.937s][info][gc,metaspace   ] GC(873) Metaspace: 11829K(12160K)->11829K(12160K) NonClass: 10300K(10496K)->10300K(10496K) Class: 1528K(1664K)->1528K(1664K)
[126.937s][info][gc             ] GC(873) Pause Young (Allocation Failure) 631M->83M(1979M) 0.403ms
[126.937s][info][gc,cpu         ] GC(873) User=0.00s Sys=0.00s Real=0.00s
[127.070s][info][gc,start       ] GC(874) Pause Young (Allocation Failure)
[127.071s][info][gc,heap        ] GC(874) DefNew: 559350K(629120K)->476K(629120K) Eden: 559232K(559232K)->0K(559232K) From: 118K(69888K)->476K(69888K)
[127.071s][info][gc,heap        ] GC(874) Tenured: 85057K(1398144K)->85057K(1398144K)
[127.071s][info][gc,metaspace   ] GC(874) Metaspace: 11829K(12160K)->11829K(12160K) NonClass: 10300K(10496K)->10300K(10496K) Class: 1528K(1664K)->1528K(1664K)
[127.071s][info][gc             ] GC(874) Pause Young (Allocation Failure) 629M->83M(1979M) 0.512ms
[127.071s][info][gc,cpu         ] GC(874) User=0.00s Sys=0.00s Real=0.00s
[127.205s][info][gc,start       ] GC(875) Pause Young (Allocation Failure)
[127.205s][info][gc,heap        ] GC(875) DefNew: 559708K(629120K)->908K(629120K) Eden: 559232K(559232K)->0K(559232K) From: 476K(69888K)->908K(69888K)
[127.205s][info][gc,heap        ] GC(875) Tenured: 85057K(1398144K)->85057K(1398144K)
[127.205s][info][gc,metaspace   ] GC(875) Metaspace: 11829K(12160K)->11829K(12160K) NonClass: 10300K(10496K)->10300K(10496K) Class: 1528K(1664K)->1528K(1664K)
[127.205s][info][gc             ] GC(875) Pause Young (Allocation Failure) 629M->83M(1979M) 0.606ms
[127.205s][info][gc,cpu         ] GC(875) User=0.00s Sys=0.00s Real=0.00s
[127.340s][info][gc,start       ] GC(876) Pause Young (Allocation Failure)
[127.341s][info][gc,heap        ] GC(876) DefNew: 560140K(629120K)->1425K(629120K) Eden: 559232K(559232K)->0K(559232K) From: 908K(69888K)->1425K(69888K)
[127.341s][info][gc,heap        ] GC(876) Tenured: 85057K(1398144K)->85057K(1398144K)
[127.341s][info][gc,metaspace   ] GC(876) Metaspace: 11829K(12160K)->11829K(12160K) NonClass: 10300K(10496K)->10300K(10496K) Class: 1528K(1664K)->1528K(1664K)
[127.341s][info][gc             ] GC(876) Pause Young (Allocation Failure) 630M->84M(1979M) 0.813ms
[127.341s][info][gc,cpu         ] GC(876) User=0.00s Sys=0.00s Real=0.00s
[127.477s][info][gc,start       ] GC(877) Pause Young (Allocation Failure)
[127.478s][info][gc,heap        ] GC(877) DefNew: 560657K(629120K)->1581K(629120K) Eden: 559232K(559232K)->0K(559232K) From: 1425K(69888K)->1581K(69888K)
[127.478s][info][gc,heap        ] GC(877) Tenured: 85057K(1398144K)->85057K(1398144K)
[127.478s][info][gc,metaspace   ] GC(877) Metaspace: 11829K(12160K)->11829K(12160K) NonClass: 10300K(10496K)->10300K(10496K) Class: 1528K(1664K)->1528K(1664K)
[127.478s][info][gc             ] GC(877) Pause Young (Allocation Failure) 630M->84M(1979M) 0.946ms
[127.478s][info][gc,cpu         ] GC(877) User=0.00s Sys=0.00s Real=0.00s
[127.615s][info][gc,start       ] GC(878) Pause Young (Allocation Failure)
[127.615s][info][gc,heap        ] GC(878) DefNew: 560813K(629120K)->1835K(629120K) Eden: 559232K(559232K)->0K(559232K) From: 1581K(69888K)->1835K(69888K)
[127.615s][info][gc,heap        ] GC(878) Tenured: 85057K(1398144K)->85057K(1398144K)
[127.615s][info][gc,metaspace   ] GC(878) Metaspace: 11829K(12160K)->11829K(12160K) NonClass: 10300K(10496K)->10300K(10496K) Class: 1528K(1664K)->1528K(1664K)
[127.615s][info][gc             ] GC(878) Pause Young (Allocation Failure) 630M->84M(1979M) 0.952ms
[127.615s][info][gc,cpu         ] GC(878) User=0.00s Sys=0.00s Real=0.00s
[127.752s][info][gc,start       ] GC(879) Pause Young (Allocation Failure)
[127.753s][info][gc,heap        ] GC(879) DefNew: 561067K(629120K)->2497K(629120K) Eden: 559232K(559232K)->0K(559232K) From: 1835K(69888K)->2497K(69888K)
[127.753s][info][gc,heap        ] GC(879) Tenured: 85057K(1398144K)->85057K(1398144K)
[127.753s][info][gc,metaspace   ] GC(879) Metaspace: 11829K(12160K)->11829K(12160K) NonClass: 10300K(10496K)->10300K(10496K) Class: 1528K(1664K)->1528K(1664K)
[127.753s][info][gc             ] GC(879) Pause Young (Allocation Failure) 630M->85M(1979M) 1.084ms
[127.753s][info][gc,cpu         ] GC(879) User=0.00s Sys=0.00s Real=0.00s
[127.887s][info][gc,start       ] GC(880) Pause Young (Allocation Failure)
[127.888s][info][gc,heap        ] GC(880) DefNew: 561729K(629120K)->3323K(629120K) Eden: 559232K(559232K)->0K(559232K) From: 2497K(69888K)->3323K(69888K)
[127.889s][info][gc,heap        ] GC(880) Tenured: 85057K(1398144K)->85057K(1398144K)
[127.889s][info][gc,metaspace   ] GC(880) Metaspace: 11829K(12160K)->11829K(12160K) NonClass: 10300K(10496K)->10300K(10496K) Class: 1528K(1664K)->1528K(1664K)
[127.889s][info][gc             ] GC(880) Pause Young (Allocation Failure) 631M->86M(1979M) 1.759ms
[127.889s][info][gc,cpu         ] GC(880) User=0.00s Sys=0.00s Real=0.00s
[128.027s][info][gc,start       ] GC(881) Pause Young (Allocation Failure)
[128.027s][info][gc,heap        ] GC(881) DefNew: 562555K(629120K)->386K(629120K) Eden: 559232K(559232K)->0K(559232K) From: 3323K(69888K)->386K(69888K)
[128.027s][info][gc,heap        ] GC(881) Tenured: 85057K(1398144K)->85057K(1398144K)
[128.027s][info][gc,metaspace   ] GC(881) Metaspace: 11829K(12160K)->11829K(12160K) NonClass: 10300K(10496K)->10300K(10496K) Class: 1528K(1664K)->1528K(1664K)
[128.027s][info][gc             ] GC(881) Pause Young (Allocation Failure) 632M->83M(1979M) 0.481ms
[128.027s][info][gc,cpu         ] GC(881) User=0.00s Sys=0.00s Real=0.00s
[128.161s][info][gc,start       ] GC(882) Pause Young (Allocation Failure)
[128.162s][info][gc,heap        ] GC(882) DefNew: 559618K(629120K)->841K(629120K) Eden: 559232K(559232K)->0K(559232K) From: 386K(69888K)->841K(69888K)
[128.162s][info][gc,heap        ] GC(882) Tenured: 85057K(1398144K)->85057K(1398144K)
[128.162s][info][gc,metaspace   ] GC(882) Metaspace: 11829K(12160K)->11829K(12160K) NonClass: 10300K(10496K)->10300K(10496K) Class: 1528K(1664K)->1528K(1664K)
[128.162s][info][gc             ] GC(882) Pause Young (Allocation Failure) 629M->83M(1979M) 0.620ms
[128.162s][info][gc,cpu         ] GC(882) User=0.00s Sys=0.00s Real=0.00s
[128.294s][info][gc,start       ] GC(883) Pause Full (System.gc())
[128.294s][info][gc,phases,start] GC(883) Phase 1: Mark live objects
[128.347s][info][gc,phases      ] GC(883) Phase 1: Mark live objects 52.625ms
[128.347s][info][gc,phases,start] GC(883) Phase 2: Compute new object addresses
[128.400s][info][gc,phases      ] GC(883) Phase 2: Compute new object addresses 53.743ms
[128.400s][info][gc,phases,start] GC(883) Phase 3: Adjust pointers
[128.421s][info][gc,phases      ] GC(883) Phase 3: Adjust pointers 20.946ms
[128.421s][info][gc,phases,start] GC(883) Phase 4: Move objects
[128.421s][info][gc,phases      ] GC(883) Phase 4: Move objects 0.009ms
[128.421s][info][gc,heap        ] GC(883) DefNew: 540357K(629120K)->0K(629120K) Eden: 539515K(559232K)->0K(559232K) From: 841K(69888K)->0K(69888K)
[128.421s][info][gc,heap        ] GC(883) Tenured: 85057K(1398144K)->85057K(1398144K)
[128.421s][info][gc,metaspace   ] GC(883) Metaspace: 11829K(12160K)->11829K(12160K) NonClass: 10300K(10496K)->10300K(10496K) Class: 1528K(1664K)->1528K(1664K)
[128.421s][info][gc             ] GC(883) Pause Full (System.gc()) 610M->83M(1979M) 127.612ms
[128.421s][info][gc,cpu         ] GC(883) User=0.11s Sys=0.00s Real=0.12s
[128.569s][info][gc,start       ] GC(884) Pause Young (Allocation Failure)
[128.569s][info][gc,heap        ] GC(884) DefNew: 559232K(629120K)->476K(629120K) Eden: 559232K(559232K)->0K(559232K) From: 0K(69888K)->476K(69888K)
[128.569s][info][gc,heap        ] GC(884) Tenured: 85057K(1398144K)->85057K(1398144K)
[128.569s][info][gc,metaspace   ] GC(884) Metaspace: 11829K(12160K)->11829K(12160K) NonClass: 10300K(10496K)->10300K(10496K) Class: 1528K(1664K)->1528K(1664K)
[128.569s][info][gc             ] GC(884) Pause Young (Allocation Failure) 629M->83M(1979M) 0.509ms
[128.569s][info][gc,cpu         ] GC(884) User=0.00s Sys=0.00s Real=0.00s
[128.705s][info][gc,start       ] GC(885) Pause Young (Allocation Failure)
[128.706s][info][gc,heap        ] GC(885) DefNew: 559708K(629120K)->897K(629120K) Eden: 559232K(559232K)->0K(559232K) From: 476K(69888K)->897K(69888K)
[128.706s][info][gc,heap        ] GC(885) Tenured: 85057K(1398144K)->85057K(1398144K)
[128.706s][info][gc,metaspace   ] GC(885) Metaspace: 11829K(12160K)->11829K(12160K) NonClass: 10300K(10496K)->10300K(10496K) Class: 1528K(1664K)->1528K(1664K)
[128.706s][info][gc             ] GC(885) Pause Young (Allocation Failure) 629M->83M(1979M) 0.640ms
[128.706s][info][gc,cpu         ] GC(885) User=0.00s Sys=0.00s Real=0.00s
[128.841s][info][gc,start       ] GC(886) Pause Young (Allocation Failure)
[128.841s][info][gc,heap        ] GC(886) DefNew: 560129K(629120K)->1200K(629120K) Eden: 559232K(559232K)->0K(559232K) From: 897K(69888K)->1200K(69888K)
[128.841s][info][gc,heap        ] GC(886) Tenured: 85057K(1398144K)->85057K(1398144K)
[128.841s][info][gc,metaspace   ] GC(886) Metaspace: 11829K(12160K)->11829K(12160K) NonClass: 10300K(10496K)->10300K(10496K) Class: 1528K(1664K)->1528K(1664K)
[128.841s][info][gc             ] GC(886) Pause Young (Allocation Failure) 630M->84M(1979M) 0.733ms
[128.841s][info][gc,cpu         ] GC(886) User=0.00s Sys=0.00s Real=0.00s
[128.975s][info][gc,start       ] GC(887) Pause Young (Allocation Failure)
[128.976s][info][gc,heap        ] GC(887) DefNew: 560432K(629120K)->1710K(629120K) Eden: 559232K(559232K)->0K(559232K) From: 1200K(69888K)->1710K(69888K)
[128.976s][info][gc,heap        ] GC(887) Tenured: 85057K(1398144K)->85057K(1398144K)
[128.976s][info][gc,metaspace   ] GC(887) Metaspace: 11829K(12160K)->11829K(12160K) NonClass: 10300K(10496K)->10300K(10496K) Class: 1528K(1664K)->1528K(1664K)
[128.976s][info][gc             ] GC(887) Pause Young (Allocation Failure) 630M->84M(1979M) 0.905ms
[128.976s][info][gc,cpu         ] GC(887) User=0.00s Sys=0.00s Real=0.00s
[129.110s][info][gc,start       ] GC(888) Pause Young (Allocation Failure)
[129.111s][info][gc,heap        ] GC(888) DefNew: 560942K(629120K)->1722K(629120K) Eden: 559232K(559232K)->0K(559232K) From: 1710K(69888K)->1722K(69888K)
[129.111s][info][gc,heap        ] GC(888) Tenured: 85057K(1398144K)->85057K(1398144K)
[129.111s][info][gc,metaspace   ] GC(888) Metaspace: 11829K(12160K)->11829K(12160K) NonClass: 10300K(10496K)->10300K(10496K) Class: 1528K(1664K)->1528K(1664K)
[129.111s][info][gc             ] GC(888) Pause Young (Allocation Failure) 630M->84M(1979M) 0.917ms
[129.111s][info][gc,cpu         ] GC(888) User=0.00s Sys=0.00s Real=0.00s
[129.245s][info][gc,start       ] GC(889) Pause Young (Allocation Failure)
[129.246s][info][gc,heap        ] GC(889) DefNew: 560954K(629120K)->2493K(629120K) Eden: 559232K(559232K)->0K(559232K) From: 1722K(69888K)->2493K(69888K)
[129.246s][info][gc,heap        ] GC(889) Tenured: 85057K(1398144K)->85057K(1398144K)
[129.246s][info][gc,metaspace   ] GC(889) Metaspace: 11829K(12160K)->11829K(12160K) NonClass: 10300K(10496K)->10300K(10496K) Class: 1528K(1664K)->1528K(1664K)
[129.246s][info][gc             ] GC(889) Pause Young (Allocation Failure) 630M->85M(1979M) 1.132ms
[129.246s][info][gc,cpu         ] GC(889) User=0.00s Sys=0.00s Real=0.00s
[129.380s][info][gc,start       ] GC(890) Pause Young (Allocation Failure)
[129.381s][info][gc,heap        ] GC(890) DefNew: 561725K(629120K)->2348K(629120K) Eden: 559232K(559232K)->0K(559232K) From: 2493K(69888K)->2348K(69888K)
[129.381s][info][gc,heap        ] GC(890) Tenured: 85057K(1398144K)->85057K(1398144K)
[129.381s][info][gc,metaspace   ] GC(890) Metaspace: 11829K(12160K)->11829K(12160K) NonClass: 10300K(10496K)->10300K(10496K) Class: 1528K(1664K)->1528K(1664K)
[129.381s][info][gc             ] GC(890) Pause Young (Allocation Failure) 631M->85M(1979M) 1.138ms
[129.381s][info][gc,cpu         ] GC(890) User=0.00s Sys=0.00s Real=0.00s
[129.525s][info][gc,start       ] GC(891) Pause Young (Allocation Failure)
[129.525s][info][gc,heap        ] GC(891) DefNew: 561580K(629120K)->356K(629120K) Eden: 559232K(559232K)->0K(559232K) From: 2348K(69888K)->356K(69888K)
[129.526s][info][gc,heap        ] GC(891) Tenured: 85057K(1398144K)->85057K(1398144K)
[129.526s][info][gc,metaspace   ] GC(891) Metaspace: 11829K(12160K)->11829K(12160K) NonClass: 10300K(10496K)->10300K(10496K) Class: 1528K(1664K)->1528K(1664K)
[129.526s][info][gc             ] GC(891) Pause Young (Allocation Failure) 631M->83M(1979M) 0.510ms
[129.526s][info][gc,cpu         ] GC(891) User=0.00s Sys=0.00s Real=0.00s
[129.661s][info][gc,start       ] GC(892) Pause Young (Allocation Failure)
[129.661s][info][gc,heap        ] GC(892) DefNew: 559588K(629120K)->890K(629120K) Eden: 559232K(559232K)->0K(559232K) From: 356K(69888K)->890K(69888K)
[129.661s][info][gc,heap        ] GC(892) Tenured: 85057K(1398144K)->85057K(1398144K)
[129.661s][info][gc,metaspace   ] GC(892) Metaspace: 11829K(12160K)->11829K(12160K) NonClass: 10300K(10496K)->10300K(10496K) Class: 1528K(1664K)->1528K(1664K)
[129.661s][info][gc             ] GC(892) Pause Young (Allocation Failure) 629M->83M(1979M) 0.618ms
[129.661s][info][gc,cpu         ] GC(892) User=0.00s Sys=0.00s Real=0.00s
[129.798s][info][gc,start       ] GC(893) Pause Young (Allocation Failure)
[129.798s][info][gc,heap        ] GC(893) DefNew: 560122K(629120K)->1238K(629120K) Eden: 559232K(559232K)->0K(559232K) From: 890K(69888K)->1238K(69888K)
[129.799s][info][gc,heap        ] GC(893) Tenured: 85057K(1398144K)->85057K(1398144K)
[129.799s][info][gc,metaspace   ] GC(893) Metaspace: 11829K(12160K)->11829K(12160K) NonClass: 10300K(10496K)->10300K(10496K) Class: 1528K(1664K)->1528K(1664K)
[129.799s][info][gc             ] GC(893) Pause Young (Allocation Failure) 630M->84M(1979M) 0.772ms
[129.799s][info][gc,cpu         ] GC(893) User=0.00s Sys=0.00s Real=0.00s
[129.932s][info][gc,start       ] GC(894) Pause Young (Allocation Failure)
[129.933s][info][gc,heap        ] GC(894) DefNew: 560470K(629120K)->1577K(629120K) Eden: 559232K(559232K)->0K(559232K) From: 1238K(69888K)->1577K(69888K)
[129.933s][info][gc,heap        ] GC(894) Tenured: 85057K(1398144K)->85057K(1398144K)
[129.933s][info][gc,metaspace   ] GC(894) Metaspace: 11829K(12160K)->11829K(12160K) NonClass: 10300K(10496K)->10300K(10496K) Class: 1528K(1664K)->1528K(1664K)
[129.933s][info][gc             ] GC(894) Pause Young (Allocation Failure) 630M->84M(1979M) 0.885ms
[129.933s][info][gc,cpu         ] GC(894) User=0.00s Sys=0.00s Real=0.00s
[130.067s][info][gc,start       ] GC(895) Pause Young (Allocation Failure)
[130.068s][info][gc,heap        ] GC(895) DefNew: 560647K(629120K)->1944K(629120K) Eden: 559070K(559232K)->0K(559232K) From: 1577K(69888K)->1944K(69888K)
[130.068s][info][gc,heap        ] GC(895) Tenured: 85057K(1398144K)->85057K(1398144K)
[130.068s][info][gc,metaspace   ] GC(895) Metaspace: 11829K(12160K)->11829K(12160K) NonClass: 10300K(10496K)->10300K(10496K) Class: 1528K(1664K)->1528K(1664K)
[130.068s][info][gc             ] GC(895) Pause Young (Allocation Failure) 630M->84M(1979M) 1.005ms
[130.068s][info][gc,cpu         ] GC(895) User=0.00s Sys=0.00s Real=0.00s
[130.202s][info][gc,start       ] GC(896) Pause Young (Allocation Failure)
[130.203s][info][gc,heap        ] GC(896) DefNew: 561153K(629120K)->2789K(629120K) Eden: 559208K(559232K)->0K(559232K) From: 1944K(69888K)->2789K(69888K)
[130.203s][info][gc,heap        ] GC(896) Tenured: 85057K(1398144K)->85057K(1398144K)
[130.203s][info][gc,metaspace   ] GC(896) Metaspace: 11829K(12160K)->11829K(12160K) NonClass: 10300K(10496K)->10300K(10496K) Class: 1528K(1664K)->1528K(1664K)
[130.203s][info][gc             ] GC(896) Pause Young (Allocation Failure) 631M->85M(1979M) 1.210ms
[130.203s][info][gc,cpu         ] GC(896) User=0.00s Sys=0.00s Real=0.00s
[130.338s][info][gc,start       ] GC(897) Pause Young (Allocation Failure)
[130.340s][info][gc,heap        ] GC(897) DefNew: 561938K(629120K)->2932K(629120K) Eden: 559149K(559232K)->0K(559232K) From: 2789K(69888K)->2932K(69888K)
[130.340s][info][gc,heap        ] GC(897) Tenured: 85057K(1398144K)->85057K(1398144K)
[130.340s][info][gc,metaspace   ] GC(897) Metaspace: 11829K(12160K)->11829K(12160K) NonClass: 10300K(10496K)->10300K(10496K) Class: 1528K(1664K)->1528K(1664K)
[130.340s][info][gc             ] GC(897) Pause Young (Allocation Failure) 631M->85M(1979M) 1.523ms
[130.340s][info][gc,cpu         ] GC(897) User=0.00s Sys=0.00s Real=0.00s
[130.481s][info][gc,start       ] GC(898) Pause Young (Allocation Failure)
[130.482s][info][gc,heap        ] GC(898) DefNew: 562164K(629120K)->200K(629120K) Eden: 559232K(559232K)->0K(559232K) From: 2932K(69888K)->200K(69888K)
[130.482s][info][gc,heap        ] GC(898) Tenured: 85057K(1398144K)->85057K(1398144K)
[130.482s][info][gc,metaspace   ] GC(898) Metaspace: 11829K(12160K)->11829K(12160K) NonClass: 10300K(10496K)->10300K(10496K) Class: 1528K(1664K)->1528K(1664K)
[130.482s][info][gc             ] GC(898) Pause Young (Allocation Failure) 632M->83M(1979M) 0.415ms
[130.482s][info][gc,cpu         ] GC(898) User=0.00s Sys=0.00s Real=0.00s
[130.618s][info][gc,start       ] GC(899) Pause Young (Allocation Failure)
[130.619s][info][gc,heap        ] GC(899) DefNew: 559432K(629120K)->669K(629120K) Eden: 559232K(559232K)->0K(559232K) From: 200K(69888K)->669K(69888K)
[130.619s][info][gc,heap        ] GC(899) Tenured: 85057K(1398144K)->85058K(1398144K)
[130.619s][info][gc,metaspace   ] GC(899) Metaspace: 11829K(12160K)->11829K(12160K) NonClass: 10300K(10496K)->10300K(10496K) Class: 1528K(1664K)->1528K(1664K)
[130.619s][info][gc             ] GC(899) Pause Young (Allocation Failure) 629M->83M(1979M) 0.575ms
[130.619s][info][gc,cpu         ] GC(899) User=0.00s Sys=0.00s Real=0.00s
[130.754s][info][gc,start       ] GC(900) Pause Young (Allocation Failure)
[130.755s][info][gc,heap        ] GC(900) DefNew: 559901K(629120K)->1013K(629120K) Eden: 559232K(559232K)->0K(559232K) From: 669K(69888K)->1013K(69888K)
[130.755s][info][gc,heap        ] GC(900) Tenured: 85058K(1398144K)->85058K(1398144K)
[130.755s][info][gc,metaspace   ] GC(900) Metaspace: 11829K(12160K)->11829K(12160K) NonClass: 10300K(10496K)->10300K(10496K) Class: 1528K(1664K)->1528K(1664K)
[130.755s][info][gc             ] GC(900) Pause Young (Allocation Failure) 629M->84M(1979M) 0.700ms
[130.755s][info][gc,cpu         ] GC(900) User=0.00s Sys=0.00s Real=0.00s
[130.886s][info][gc,start       ] GC(901) Pause Full (System.gc())
[130.887s][info][gc,phases,start] GC(901) Phase 1: Mark live objects
[130.939s][info][gc,phases      ] GC(901) Phase 1: Mark live objects 52.486ms
[130.939s][info][gc,phases,start] GC(901) Phase 2: Compute new object addresses
[130.993s][info][gc,phases      ] GC(901) Phase 2: Compute new object addresses 53.606ms
[130.993s][info][gc,phases,start] GC(901) Phase 3: Adjust pointers
[131.014s][info][gc,phases      ] GC(901) Phase 3: Adjust pointers 21.138ms
[131.014s][info][gc,phases,start] GC(901) Phase 4: Move objects
[131.014s][info][gc,phases      ] GC(901) Phase 4: Move objects 0.009ms
[131.014s][info][gc,heap        ] GC(901) DefNew: 539007K(629120K)->0K(629120K) Eden: 537994K(559232K)->0K(559232K) From: 1013K(69888K)->0K(69888K)
[131.014s][info][gc,heap        ] GC(901) Tenured: 85058K(1398144K)->85058K(1398144K)
[131.014s][info][gc,metaspace   ] GC(901) Metaspace: 11829K(12160K)->11829K(12160K) NonClass: 10300K(10496K)->10300K(10496K) Class: 1528K(1664K)->1528K(1664K)
[131.014s][info][gc             ] GC(901) Pause Full (System.gc()) 609M->83M(1979M) 127.531ms
[131.014s][info][gc,cpu         ] GC(901) User=0.11s Sys=0.00s Real=0.13s
[131.156s][info][gc,start       ] GC(902) Pause Young (Allocation Failure)
[131.156s][info][gc,heap        ] GC(902) DefNew: 559232K(629120K)->504K(629120K) Eden: 559232K(559232K)->0K(559232K) From: 0K(69888K)->504K(69888K)
[131.156s][info][gc,heap        ] GC(902) Tenured: 85058K(1398144K)->85058K(1398144K)
[131.156s][info][gc,metaspace   ] GC(902) Metaspace: 11829K(12160K)->11829K(12160K) NonClass: 10300K(10496K)->10300K(10496K) Class: 1528K(1664K)->1528K(1664K)
[131.156s][info][gc             ] GC(902) Pause Young (Allocation Failure) 629M->83M(1979M) 0.538ms
[131.156s][info][gc,cpu         ] GC(902) User=0.00s Sys=0.00s Real=0.00s
[131.291s][info][gc,start       ] GC(903) Pause Young (Allocation Failure)
[131.292s][info][gc,heap        ] GC(903) DefNew: 559736K(629120K)->989K(629120K) Eden: 559232K(559232K)->0K(559232K) From: 504K(69888K)->989K(69888K)
[131.292s][info][gc,heap        ] GC(903) Tenured: 85058K(1398144K)->85058K(1398144K)
[131.292s][info][gc,metaspace   ] GC(903) Metaspace: 11829K(12160K)->11829K(12160K) NonClass: 10300K(10496K)->10300K(10496K) Class: 1528K(1664K)->1528K(1664K)
[131.292s][info][gc             ] GC(903) Pause Young (Allocation Failure) 629M->84M(1979M) 0.695ms
[131.292s][info][gc,cpu         ] GC(903) User=0.00s Sys=0.00s Real=0.00s
[131.426s][info][gc,start       ] GC(904) Pause Young (Allocation Failure)
[131.427s][info][gc,heap        ] GC(904) DefNew: 560221K(629120K)->1328K(629120K) Eden: 559232K(559232K)->0K(559232K) From: 989K(69888K)->1328K(69888K)
[131.427s][info][gc,heap        ] GC(904) Tenured: 85058K(1398144K)->85058K(1398144K)
[131.427s][info][gc,metaspace   ] GC(904) Metaspace: 11829K(12160K)->11829K(12160K) NonClass: 10300K(10496K)->10300K(10496K) Class: 1528K(1664K)->1528K(1664K)
[131.427s][info][gc             ] GC(904) Pause Young (Allocation Failure) 630M->84M(1979M) 0.786ms
[131.427s][info][gc,cpu         ] GC(904) User=0.00s Sys=0.00s Real=0.00s
[131.566s][info][gc,start       ] GC(905) Pause Young (Allocation Failure)
[131.567s][info][gc,heap        ] GC(905) DefNew: 560560K(629120K)->1714K(629120K) Eden: 559232K(559232K)->0K(559232K) From: 1328K(69888K)->1714K(69888K)
[131.567s][info][gc,heap        ] GC(905) Tenured: 85058K(1398144K)->85058K(1398144K)
[131.567s][info][gc,metaspace   ] GC(905) Metaspace: 11829K(12160K)->11829K(12160K) NonClass: 10300K(10496K)->10300K(10496K) Class: 1528K(1664K)->1528K(1664K)
[131.567s][info][gc             ] GC(905) Pause Young (Allocation Failure) 630M->84M(1979M) 0.897ms
[131.567s][info][gc,cpu         ] GC(905) User=0.00s Sys=0.00s Real=0.00s
[131.703s][info][gc,start       ] GC(906) Pause Young (Allocation Failure)
[131.704s][info][gc,heap        ] GC(906) DefNew: 560946K(629120K)->2120K(629120K) Eden: 559232K(559232K)->0K(559232K) From: 1714K(69888K)->2120K(69888K)
[131.704s][info][gc,heap        ] GC(906) Tenured: 85058K(1398144K)->85058K(1398144K)
[131.704s][info][gc,metaspace   ] GC(906) Metaspace: 11829K(12160K)->11829K(12160K) NonClass: 10300K(10496K)->10300K(10496K) Class: 1528K(1664K)->1528K(1664K)
[131.704s][info][gc             ] GC(906) Pause Young (Allocation Failure) 630M->85M(1979M) 1.019ms
[131.704s][info][gc,cpu         ] GC(906) User=0.00s Sys=0.00s Real=0.00s
[131.838s][info][gc,start       ] GC(907) Pause Young (Allocation Failure)
[131.839s][info][gc,heap        ] GC(907) DefNew: 561346K(629120K)->2448K(629120K) Eden: 559226K(559232K)->0K(559232K) From: 2120K(69888K)->2448K(69888K)
[131.839s][info][gc,heap        ] GC(907) Tenured: 85058K(1398144K)->85058K(1398144K)
[131.839s][info][gc,metaspace   ] GC(907) Metaspace: 11829K(12160K)->11829K(12160K) NonClass: 10300K(10496K)->10300K(10496K) Class: 1528K(1664K)->1528K(1664K)
[131.839s][info][gc             ] GC(907) Pause Young (Allocation Failure) 631M->85M(1979M) 1.116ms
[131.839s][info][gc,cpu         ] GC(907) User=0.00s Sys=0.00s Real=0.00s
[131.973s][info][gc,start       ] GC(908) Pause Young (Allocation Failure)
[131.974s][info][gc,heap        ] GC(908) DefNew: 561162K(629120K)->3126K(629120K) Eden: 558714K(559232K)->0K(559232K) From: 2448K(69888K)->3126K(69888K)
[131.974s][info][gc,heap        ] GC(908) Tenured: 85058K(1398144K)->85058K(1398144K)
[131.974s][info][gc,metaspace   ] GC(908) Metaspace: 11829K(12160K)->11829K(12160K) NonClass: 10300K(10496K)->10300K(10496K) Class: 1528K(1664K)->1528K(1664K)
[131.974s][info][gc             ] GC(908) Pause Young (Allocation Failure) 631M->86M(1979M) 1.387ms
[131.974s][info][gc,cpu         ] GC(908) User=0.00s Sys=0.00s Real=0.00s
[132.113s][info][gc,start       ] GC(909) Pause Young (Allocation Failure)
[132.113s][info][gc,heap        ] GC(909) DefNew: 562358K(629120K)->325K(629120K) Eden: 559232K(559232K)->0K(559232K) From: 3126K(69888K)->325K(69888K)
[132.113s][info][gc,heap        ] GC(909) Tenured: 85058K(1398144K)->85058K(1398144K)
[132.113s][info][gc,metaspace   ] GC(909) Metaspace: 11829K(12160K)->11829K(12160K) NonClass: 10300K(10496K)->10300K(10496K) Class: 1528K(1664K)->1528K(1664K)
[132.113s][info][gc             ] GC(909) Pause Young (Allocation Failure) 632M->83M(1979M) 0.482ms
[132.113s][info][gc,cpu         ] GC(909) User=0.00s Sys=0.00s Real=0.00s
[132.248s][info][gc,start       ] GC(910) Pause Young (Allocation Failure)
[132.248s][info][gc,heap        ] GC(910) DefNew: 559557K(629120K)->807K(629120K) Eden: 559232K(559232K)->0K(559232K) From: 325K(69888K)->807K(69888K)
[132.248s][info][gc,heap        ] GC(910) Tenured: 85058K(1398144K)->85058K(1398144K)
[132.248s][info][gc,metaspace   ] GC(910) Metaspace: 11829K(12160K)->11829K(12160K) NonClass: 10300K(10496K)->10300K(10496K) Class: 1528K(1664K)->1528K(1664K)
[132.248s][info][gc             ] GC(910) Pause Young (Allocation Failure) 629M->83M(1979M) 0.580ms
[132.248s][info][gc,cpu         ] GC(910) User=0.00s Sys=0.00s Real=0.00s
[132.383s][info][gc,start       ] GC(911) Pause Young (Allocation Failure)
[132.384s][info][gc,heap        ] GC(911) DefNew: 560039K(629120K)->1206K(629120K) Eden: 559232K(559232K)->0K(559232K) From: 807K(69888K)->1206K(69888K)
[132.384s][info][gc,heap        ] GC(911) Tenured: 85058K(1398144K)->85058K(1398144K)
[132.384s][info][gc,metaspace   ] GC(911) Metaspace: 11829K(12160K)->11829K(12160K) NonClass: 10300K(10496K)->10300K(10496K) Class: 1528K(1664K)->1528K(1664K)
[132.384s][info][gc             ] GC(911) Pause Young (Allocation Failure) 629M->84M(1979M) 0.798ms
[132.384s][info][gc,cpu         ] GC(911) User=0.00s Sys=0.00s Real=0.02s
[132.524s][info][gc,start       ] GC(912) Pause Young (Allocation Failure)
[132.525s][info][gc,heap        ] GC(912) DefNew: 560438K(629120K)->1760K(629120K) Eden: 559232K(559232K)->0K(559232K) From: 1206K(69888K)->1760K(69888K)
[132.525s][info][gc,heap        ] GC(912) Tenured: 85058K(1398144K)->85058K(1398144K)
[132.525s][info][gc,metaspace   ] GC(912) Metaspace: 11829K(12160K)->11829K(12160K) NonClass: 10300K(10496K)->10300K(10496K) Class: 1528K(1664K)->1528K(1664K)
[132.525s][info][gc             ] GC(912) Pause Young (Allocation Failure) 630M->84M(1979M) 0.971ms
[132.525s][info][gc,cpu         ] GC(912) User=0.00s Sys=0.00s Real=0.00s
[132.659s][info][gc,start       ] GC(913) Pause Young (Allocation Failure)
[132.659s][info][gc,heap        ] GC(913) DefNew: 560992K(629120K)->1945K(629120K) Eden: 559232K(559232K)->0K(559232K) From: 1760K(69888K)->1945K(69888K)
[132.659s][info][gc,heap        ] GC(913) Tenured: 85058K(1398144K)->85058K(1398144K)
[132.659s][info][gc,metaspace   ] GC(913) Metaspace: 11829K(12160K)->11829K(12160K) NonClass: 10300K(10496K)->10300K(10496K) Class: 1528K(1664K)->1528K(1664K)
[132.659s][info][gc             ] GC(913) Pause Young (Allocation Failure) 630M->84M(1979M) 0.963ms
[132.659s][info][gc,cpu         ] GC(913) User=0.00s Sys=0.00s Real=0.00s
[132.797s][info][gc,start       ] GC(914) Pause Young (Allocation Failure)
[132.798s][info][gc,heap        ] GC(914) DefNew: 561152K(629120K)->2280K(629120K) Eden: 559206K(559232K)->0K(559232K) From: 1945K(69888K)->2280K(69888K)
[132.798s][info][gc,heap        ] GC(914) Tenured: 85058K(1398144K)->85058K(1398144K)
[132.798s][info][gc,metaspace   ] GC(914) Metaspace: 11829K(12160K)->11829K(12160K) NonClass: 10300K(10496K)->10300K(10496K) Class: 1528K(1664K)->1528K(1664K)
[132.799s][info][gc             ] GC(914) Pause Young (Allocation Failure) 631M->85M(1979M) 1.073ms
[132.799s][info][gc,cpu         ] GC(914) User=0.00s Sys=0.00s Real=0.00s
[132.932s][info][gc,start       ] GC(915) Pause Young (Allocation Failure)
[132.934s][info][gc,heap        ] GC(915) DefNew: 561512K(629120K)->2592K(629120K) Eden: 559232K(559232K)->0K(559232K) From: 2280K(69888K)->2592K(69888K)
[132.934s][info][gc,heap        ] GC(915) Tenured: 85058K(1398144K)->85058K(1398144K)
[132.934s][info][gc,metaspace   ] GC(915) Metaspace: 11829K(12160K)->11829K(12160K) NonClass: 10300K(10496K)->10300K(10496K) Class: 1528K(1664K)->1528K(1664K)
[132.934s][info][gc             ] GC(915) Pause Young (Allocation Failure) 631M->85M(1979M) 1.324ms
[132.934s][info][gc,cpu         ] GC(915) User=0.00s Sys=0.00s Real=0.02s
[133.072s][info][gc,start       ] GC(916) Pause Young (Allocation Failure)
[133.072s][info][gc,heap        ] GC(916) DefNew: 561824K(629120K)->200K(629120K) Eden: 559232K(559232K)->0K(559232K) From: 2592K(69888K)->200K(69888K)
[133.072s][info][gc,heap        ] GC(916) Tenured: 85058K(1398144K)->85058K(1398144K)
[133.072s][info][gc,metaspace   ] GC(916) Metaspace: 11829K(12160K)->11829K(12160K) NonClass: 10300K(10496K)->10300K(10496K) Class: 1528K(1664K)->1528K(1664K)
[133.072s][info][gc             ] GC(916) Pause Young (Allocation Failure) 631M->83M(1979M) 0.428ms
[133.072s][info][gc,cpu         ] GC(916) User=0.00s Sys=0.00s Real=0.00s
[133.206s][info][gc,start       ] GC(917) Pause Young (Allocation Failure)
[133.206s][info][gc,heap        ] GC(917) DefNew: 559432K(629120K)->559K(629120K) Eden: 559232K(559232K)->0K(559232K) From: 200K(69888K)->559K(69888K)
[133.206s][info][gc,heap        ] GC(917) Tenured: 85058K(1398144K)->85058K(1398144K)
[133.206s][info][gc,metaspace   ] GC(917) Metaspace: 11829K(12160K)->11829K(12160K) NonClass: 10300K(10496K)->10300K(10496K) Class: 1528K(1664K)->1528K(1664K)
[133.206s][info][gc             ] GC(917) Pause Young (Allocation Failure) 629M->83M(1979M) 0.548ms
[133.206s][info][gc,cpu         ] GC(917) User=0.00s Sys=0.00s Real=0.00s
[133.340s][info][gc,start       ] GC(918) Pause Young (Allocation Failure)
[133.341s][info][gc,heap        ] GC(918) DefNew: 559791K(629120K)->993K(629120K) Eden: 559232K(559232K)->0K(559232K) From: 559K(69888K)->993K(69888K)
[133.341s][info][gc,heap        ] GC(918) Tenured: 85058K(1398144K)->85058K(1398144K)
[133.341s][info][gc,metaspace   ] GC(918) Metaspace: 11829K(12160K)->11829K(12160K) NonClass: 10300K(10496K)->10300K(10496K) Class: 1528K(1664K)->1528K(1664K)
[133.341s][info][gc             ] GC(918) Pause Young (Allocation Failure) 629M->84M(1979M) 0.745ms
[133.341s][info][gc,cpu         ] GC(918) User=0.00s Sys=0.00s Real=0.02s
[133.475s][info][gc,start       ] GC(919) Pause Full (System.gc())
[133.475s][info][gc,phases,start] GC(919) Phase 1: Mark live objects
[133.526s][info][gc,phases      ] GC(919) Phase 1: Mark live objects 50.709ms
[133.526s][info][gc,phases,start] GC(919) Phase 2: Compute new object addresses
[133.580s][info][gc,phases      ] GC(919) Phase 2: Compute new object addresses 53.968ms
[133.580s][info][gc,phases,start] GC(919) Phase 3: Adjust pointers
[133.601s][info][gc,phases      ] GC(919) Phase 3: Adjust pointers 21.121ms
[133.601s][info][gc,phases,start] GC(919) Phase 4: Move objects
[133.601s][info][gc,phases      ] GC(919) Phase 4: Move objects 0.009ms
[133.601s][info][gc,heap        ] GC(919) DefNew: 539091K(629120K)->0K(629120K) Eden: 538098K(559232K)->0K(559232K) From: 993K(69888K)->0K(69888K)
[133.601s][info][gc,heap        ] GC(919) Tenured: 85058K(1398144K)->85056K(1398144K)
[133.601s][info][gc,metaspace   ] GC(919) Metaspace: 11829K(12160K)->11829K(12160K) NonClass: 10301K(10496K)->10301K(10496K) Class: 1528K(1664K)->1528K(1664K)
[133.601s][info][gc             ] GC(919) Pause Full (System.gc()) 609M->83M(1979M) 126.107ms
[133.601s][info][gc,cpu         ] GC(919) User=0.11s Sys=0.00s Real=0.12s
[133.745s][info][gc,start       ] GC(920) Pause Young (Allocation Failure)
[133.745s][info][gc,heap        ] GC(920) DefNew: 559232K(629120K)->433K(629120K) Eden: 559232K(559232K)->0K(559232K) From: 0K(69888K)->433K(69888K)
[133.745s][info][gc,heap        ] GC(920) Tenured: 85056K(1398144K)->85056K(1398144K)
[133.745s][info][gc,metaspace   ] GC(920) Metaspace: 11829K(12160K)->11829K(12160K) NonClass: 10301K(10496K)->10301K(10496K) Class: 1528K(1664K)->1528K(1664K)
[133.745s][info][gc             ] GC(920) Pause Young (Allocation Failure) 629M->83M(1979M) 0.510ms
[133.745s][info][gc,cpu         ] GC(920) User=0.00s Sys=0.00s Real=0.00s
[133.880s][info][gc,start       ] GC(921) Pause Young (Allocation Failure)
[133.880s][info][gc,heap        ] GC(921) DefNew: 559665K(629120K)->857K(629120K) Eden: 559232K(559232K)->0K(559232K) From: 433K(69888K)->857K(69888K)
[133.880s][info][gc,heap        ] GC(921) Tenured: 85056K(1398144K)->85056K(1398144K)
[133.880s][info][gc,metaspace   ] GC(921) Metaspace: 11829K(12160K)->11829K(12160K) NonClass: 10301K(10496K)->10301K(10496K) Class: 1528K(1664K)->1528K(1664K)
[133.880s][info][gc             ] GC(921) Pause Young (Allocation Failure) 629M->83M(1979M) 0.629ms
[133.880s][info][gc,cpu         ] GC(921) User=0.00s Sys=0.00s Real=0.00s
[134.020s][info][gc,start       ] GC(922) Pause Young (Allocation Failure)
[134.021s][info][gc,heap        ] GC(922) DefNew: 559869K(629120K)->1234K(629120K) Eden: 559012K(559232K)->0K(559232K) From: 857K(69888K)->1234K(69888K)
[134.021s][info][gc,heap        ] GC(922) Tenured: 85056K(1398144K)->85056K(1398144K)
[134.021s][info][gc,metaspace   ] GC(922) Metaspace: 11829K(12160K)->11829K(12160K) NonClass: 10301K(10496K)->10301K(10496K) Class: 1528K(1664K)->1528K(1664K)
[134.021s][info][gc             ] GC(922) Pause Young (Allocation Failure) 629M->84M(1979M) 0.900ms
[134.021s][info][gc,cpu         ] GC(922) User=0.00s Sys=0.00s Real=0.00s
[134.168s][info][gc,start       ] GC(923) Pause Young (Allocation Failure)
[134.169s][info][gc,heap        ] GC(923) DefNew: 560466K(629120K)->1630K(629120K) Eden: 559232K(559232K)->0K(559232K) From: 1234K(69888K)->1630K(69888K)
[134.169s][info][gc,heap        ] GC(923) Tenured: 85056K(1398144K)->85056K(1398144K)
[134.169s][info][gc,metaspace   ] GC(923) Metaspace: 11829K(12160K)->11829K(12160K) NonClass: 10301K(10496K)->10301K(10496K) Class: 1528K(1664K)->1528K(1664K)
[134.169s][info][gc             ] GC(923) Pause Young (Allocation Failure) 630M->84M(1979M) 0.888ms
[134.169s][info][gc,cpu         ] GC(923) User=0.00s Sys=0.00s Real=0.00s
[134.309s][info][gc,start       ] GC(924) Pause Young (Allocation Failure)
[134.310s][info][gc,heap        ] GC(924) DefNew: 560862K(629120K)->2130K(629120K) Eden: 559232K(559232K)->0K(559232K) From: 1630K(69888K)->2130K(69888K)
[134.310s][info][gc,heap        ] GC(924) Tenured: 85056K(1398144K)->85056K(1398144K)
[134.310s][info][gc,metaspace   ] GC(924) Metaspace: 11829K(12160K)->11829K(12160K) NonClass: 10301K(10496K)->10301K(10496K) Class: 1528K(1664K)->1528K(1664K)
[134.310s][info][gc             ] GC(924) Pause Young (Allocation Failure) 630M->85M(1979M) 1.169ms
[134.310s][info][gc,cpu         ] GC(924) User=0.00s Sys=0.00s Real=0.00s
[134.448s][info][gc,start       ] GC(925) Pause Young (Allocation Failure)
[134.449s][info][gc,heap        ] GC(925) DefNew: 561362K(629120K)->2253K(629120K) Eden: 559232K(559232K)->0K(559232K) From: 2130K(69888K)->2253K(69888K)
[134.449s][info][gc,heap        ] GC(925) Tenured: 85056K(1398144K)->85056K(1398144K)
[134.449s][info][gc,metaspace   ] GC(925) Metaspace: 11829K(12160K)->11829K(12160K) NonClass: 10301K(10496K)->10301K(10496K) Class: 1528K(1664K)->1528K(1664K)
[134.449s][info][gc             ] GC(925) Pause Young (Allocation Failure) 631M->85M(1979M) 1.115ms
[134.449s][info][gc,cpu         ] GC(925) User=0.00s Sys=0.00s Real=0.00s
[134.596s][info][gc,start       ] GC(926) Pause Young (Allocation Failure)
[134.597s][info][gc,heap        ] GC(926) DefNew: 561366K(629120K)->2736K(629120K) Eden: 559113K(559232K)->0K(559232K) From: 2253K(69888K)->2736K(69888K)
[134.597s][info][gc,heap        ] GC(926) Tenured: 85056K(1398144K)->85056K(1398144K)
[134.597s][info][gc,metaspace   ] GC(926) Metaspace: 11829K(12160K)->11829K(12160K) NonClass: 10301K(10496K)->10301K(10496K) Class: 1528K(1664K)->1528K(1664K)
[134.597s][info][gc             ] GC(926) Pause Young (Allocation Failure) 631M->85M(1979M) 1.423ms
[134.597s][info][gc,cpu         ] GC(926) User=0.00s Sys=0.00s Real=0.02s
[134.741s][info][gc,start       ] GC(927) Pause Young (Allocation Failure)
[134.742s][info][gc,heap        ] GC(927) DefNew: 561968K(629120K)->405K(629120K) Eden: 559232K(559232K)->0K(559232K) From: 2736K(69888K)->405K(69888K)
[134.742s][info][gc,heap        ] GC(927) Tenured: 85056K(1398144K)->85056K(1398144K)
[134.742s][info][gc,metaspace   ] GC(927) Metaspace: 11829K(12160K)->11829K(12160K) NonClass: 10301K(10496K)->10301K(10496K) Class: 1528K(1664K)->1528K(1664K)
[134.742s][info][gc             ] GC(927) Pause Young (Allocation Failure) 631M->83M(1979M) 0.517ms
[134.742s][info][gc,cpu         ] GC(927) User=0.00s Sys=0.00s Real=0.00s
[134.883s][info][gc,start       ] GC(928) Pause Young (Allocation Failure)
[134.884s][info][gc,heap        ] GC(928) DefNew: 559637K(629120K)->720K(629120K) Eden: 559232K(559232K)->0K(559232K) From: 405K(69888K)->720K(69888K)
[134.884s][info][gc,heap        ] GC(928) Tenured: 85056K(1398144K)->85056K(1398144K)
[134.884s][info][gc,metaspace   ] GC(928) Metaspace: 11830K(12160K)->11830K(12160K) NonClass: 10301K(10496K)->10301K(10496K) Class: 1528K(1664K)->1528K(1664K)
[134.884s][info][gc             ] GC(928) Pause Young (Allocation Failure) 629M->83M(1979M) 0.710ms
[134.884s][info][gc,cpu         ] GC(928) User=0.00s Sys=0.00s Real=0.00s
[135.022s][info][gc,start       ] GC(929) Pause Young (Allocation Failure)
[135.022s][info][gc,heap        ] GC(929) DefNew: 559952K(629120K)->1202K(629120K) Eden: 559232K(559232K)->0K(559232K) From: 720K(69888K)->1202K(69888K)
[135.022s][info][gc,heap        ] GC(929) Tenured: 85056K(1398144K)->85056K(1398144K)
[135.022s][info][gc,metaspace   ] GC(929) Metaspace: 11830K(12160K)->11830K(12160K) NonClass: 10301K(10496K)->10301K(10496K) Class: 1528K(1664K)->1528K(1664K)
[135.022s][info][gc             ] GC(929) Pause Young (Allocation Failure) 629M->84M(1979M) 0.766ms
[135.022s][info][gc,cpu         ] GC(929) User=0.00s Sys=0.00s Real=0.00s
[135.156s][info][gc,start       ] GC(930) Pause Young (Allocation Failure)
[135.157s][info][gc,heap        ] GC(930) DefNew: 560434K(629120K)->1699K(629120K) Eden: 559232K(559232K)->0K(559232K) From: 1202K(69888K)->1699K(69888K)
[135.157s][info][gc,heap        ] GC(930) Tenured: 85056K(1398144K)->85056K(1398144K)
[135.157s][info][gc,metaspace   ] GC(930) Metaspace: 11830K(12160K)->11830K(12160K) NonClass: 10301K(10496K)->10301K(10496K) Class: 1528K(1664K)->1528K(1664K)
[135.157s][info][gc             ] GC(930) Pause Young (Allocation Failure) 630M->84M(1979M) 0.933ms
[135.157s][info][gc,cpu         ] GC(930) User=0.00s Sys=0.00s Real=0.01s
[135.291s][info][gc,start       ] GC(931) Pause Young (Allocation Failure)
[135.292s][info][gc,heap        ] GC(931) DefNew: 560931K(629120K)->1984K(629120K) Eden: 559232K(559232K)->0K(559232K) From: 1699K(69888K)->1984K(69888K)
[135.292s][info][gc,heap        ] GC(931) Tenured: 85056K(1398144K)->85056K(1398144K)
[135.292s][info][gc,metaspace   ] GC(931) Metaspace: 11830K(12160K)->11830K(12160K) NonClass: 10301K(10496K)->10301K(10496K) Class: 1528K(1664K)->1528K(1664K)
[135.292s][info][gc             ] GC(931) Pause Young (Allocation Failure) 630M->85M(1979M) 0.962ms
[135.292s][info][gc,cpu         ] GC(931) User=0.00s Sys=0.00s Real=0.00s
[135.425s][info][gc,start       ] GC(932) Pause Young (Allocation Failure)
[135.426s][info][gc,heap        ] GC(932) DefNew: 561216K(629120K)->2373K(629120K) Eden: 559232K(559232K)->0K(559232K) From: 1984K(69888K)->2373K(69888K)
[135.426s][info][gc,heap        ] GC(932) Tenured: 85056K(1398144K)->85056K(1398144K)
[135.426s][info][gc,metaspace   ] GC(932) Metaspace: 11830K(12160K)->11830K(12160K) NonClass: 10301K(10496K)->10301K(10496K) Class: 1528K(1664K)->1528K(1664K)
[135.426s][info][gc             ] GC(932) Pause Young (Allocation Failure) 631M->85M(1979M) 1.126ms
[135.426s][info][gc,cpu         ] GC(932) User=0.00s Sys=0.00s Real=0.00s
[135.570s][info][gc,start       ] GC(933) Pause Young (Allocation Failure)
[135.571s][info][gc,heap        ] GC(933) DefNew: 561605K(629120K)->1961K(629120K) Eden: 559232K(559232K)->0K(559232K) From: 2373K(69888K)->1961K(69888K)
[135.571s][info][gc,heap        ] GC(933) Tenured: 85056K(1398144K)->85056K(1398144K)
[135.571s][info][gc,metaspace   ] GC(933) Metaspace: 11830K(12160K)->11830K(12160K) NonClass: 10301K(10496K)->10301K(10496K) Class: 1528K(1664K)->1528K(1664K)
[135.571s][info][gc             ] GC(933) Pause Young (Allocation Failure) 631M->84M(1979M) 0.953ms
[135.571s][info][gc,cpu         ] GC(933) User=0.00s Sys=0.00s Real=0.00s
[135.708s][info][gc,start       ] GC(934) Pause Young (Allocation Failure)
[135.709s][info][gc,heap        ] GC(934) DefNew: 561193K(629120K)->438K(629120K) Eden: 559232K(559232K)->0K(559232K) From: 1961K(69888K)->438K(69888K)
[135.709s][info][gc,heap        ] GC(934) Tenured: 85056K(1398144K)->85056K(1398144K)
[135.709s][info][gc,metaspace   ] GC(934) Metaspace: 11830K(12160K)->11830K(12160K) NonClass: 10301K(10496K)->10301K(10496K) Class: 1528K(1664K)->1528K(1664K)
[135.709s][info][gc             ] GC(934) Pause Young (Allocation Failure) 631M->83M(1979M) 0.496ms
[135.709s][info][gc,cpu         ] GC(934) User=0.00s Sys=0.00s Real=0.00s
[135.844s][info][gc,start       ] GC(935) Pause Young (Allocation Failure)
[135.845s][info][gc,heap        ] GC(935) DefNew: 559670K(629120K)->915K(629120K) Eden: 559232K(559232K)->0K(559232K) From: 438K(69888K)->915K(69888K)
[135.845s][info][gc,heap        ] GC(935) Tenured: 85056K(1398144K)->85057K(1398144K)
[135.845s][info][gc,metaspace   ] GC(935) Metaspace: 11830K(12160K)->11830K(12160K) NonClass: 10301K(10496K)->10301K(10496K) Class: 1528K(1664K)->1528K(1664K)
[135.845s][info][gc             ] GC(935) Pause Young (Allocation Failure) 629M->83M(1979M) 0.692ms
[135.845s][info][gc,cpu         ] GC(935) User=0.00s Sys=0.00s Real=0.00s
[135.978s][info][gc,start       ] GC(936) Pause Young (Allocation Failure)
[135.979s][info][gc,heap        ] GC(936) DefNew: 560147K(629120K)->1243K(629120K) Eden: 559232K(559232K)->0K(559232K) From: 915K(69888K)->1243K(69888K)
[135.979s][info][gc,heap        ] GC(936) Tenured: 85057K(1398144K)->85057K(1398144K)
[135.979s][info][gc,metaspace   ] GC(936) Metaspace: 11830K(12160K)->11830K(12160K) NonClass: 10301K(10496K)->10301K(10496K) Class: 1528K(1664K)->1528K(1664K)
[135.979s][info][gc             ] GC(936) Pause Young (Allocation Failure) 630M->84M(1979M) 0.771ms
[135.979s][info][gc,cpu         ] GC(936) User=0.00s Sys=0.00s Real=0.00s
[136.110s][info][gc,start       ] GC(937) Pause Full (System.gc())
[136.110s][info][gc,phases,start] GC(937) Phase 1: Mark live objects
[136.161s][info][gc,phases      ] GC(937) Phase 1: Mark live objects 51.353ms
[136.161s][info][gc,phases,start] GC(937) Phase 2: Compute new object addresses
[136.215s][info][gc,phases      ] GC(937) Phase 2: Compute new object addresses 53.354ms
[136.215s][info][gc,phases,start] GC(937) Phase 3: Adjust pointers
[136.236s][info][gc,phases      ] GC(937) Phase 3: Adjust pointers 20.956ms
[136.236s][info][gc,phases,start] GC(937) Phase 4: Move objects
[136.236s][info][gc,phases      ] GC(937) Phase 4: Move objects 0.009ms
[136.236s][info][gc,heap        ] GC(937) DefNew: 533998K(629120K)->0K(629120K) Eden: 532755K(559232K)->0K(559232K) From: 1243K(69888K)->0K(69888K)
[136.236s][info][gc,heap        ] GC(937) Tenured: 85057K(1398144K)->85057K(1398144K)
[136.236s][info][gc,metaspace   ] GC(937) Metaspace: 11830K(12160K)->11830K(12160K) NonClass: 10301K(10496K)->10301K(10496K) Class: 1528K(1664K)->1528K(1664K)
[136.236s][info][gc             ] GC(937) Pause Full (System.gc()) 604M->83M(1979M) 125.976ms
[136.236s][info][gc,cpu         ] GC(937) User=0.11s Sys=0.00s Real=0.12s
[136.378s][info][gc,start       ] GC(938) Pause Young (Allocation Failure)
[136.378s][info][gc,heap        ] GC(938) DefNew: 559232K(629120K)->448K(629120K) Eden: 559232K(559232K)->0K(559232K) From: 0K(69888K)->448K(69888K)
[136.378s][info][gc,heap        ] GC(938) Tenured: 85057K(1398144K)->85057K(1398144K)
[136.378s][info][gc,metaspace   ] GC(938) Metaspace: 11831K(12160K)->11831K(12160K) NonClass: 10303K(10496K)->10303K(10496K) Class: 1528K(1664K)->1528K(1664K)
[136.378s][info][gc             ] GC(938) Pause Young (Allocation Failure) 629M->83M(1979M) 0.501ms
[136.378s][info][gc,cpu         ] GC(938) User=0.00s Sys=0.00s Real=0.00s
[136.517s][info][gc,start       ] GC(939) Pause Young (Allocation Failure)
[136.517s][info][gc,heap        ] GC(939) DefNew: 559680K(629120K)->888K(629120K) Eden: 559232K(559232K)->0K(559232K) From: 448K(69888K)->888K(69888K)
[136.518s][info][gc,heap        ] GC(939) Tenured: 85057K(1398144K)->85057K(1398144K)
[136.518s][info][gc,metaspace   ] GC(939) Metaspace: 11831K(12160K)->11831K(12160K) NonClass: 10303K(10496K)->10303K(10496K) Class: 1528K(1664K)->1528K(1664K)
[136.518s][info][gc             ] GC(939) Pause Young (Allocation Failure) 629M->83M(1979M) 0.612ms
[136.518s][info][gc,cpu         ] GC(939) User=0.00s Sys=0.00s Real=0.00s
[136.653s][info][gc,start       ] GC(940) Pause Young (Allocation Failure)
[136.654s][info][gc,heap        ] GC(940) DefNew: 560120K(629120K)->1408K(629120K) Eden: 559232K(559232K)->0K(559232K) From: 888K(69888K)->1408K(69888K)
[136.654s][info][gc,heap        ] GC(940) Tenured: 85057K(1398144K)->85057K(1398144K)
[136.654s][info][gc,metaspace   ] GC(940) Metaspace: 11831K(12160K)->11831K(12160K) NonClass: 10303K(10496K)->10303K(10496K) Class: 1528K(1664K)->1528K(1664K)
[136.654s][info][gc             ] GC(940) Pause Young (Allocation Failure) 630M->84M(1979M) 0.811ms
[136.654s][info][gc,cpu         ] GC(940) User=0.00s Sys=0.00s Real=0.00s
[136.789s][info][gc,start       ] GC(941) Pause Young (Allocation Failure)
[136.790s][info][gc,heap        ] GC(941) DefNew: 560640K(629120K)->1764K(629120K) Eden: 559232K(559232K)->0K(559232K) From: 1408K(69888K)->1764K(69888K)
[136.790s][info][gc,heap        ] GC(941) Tenured: 85057K(1398144K)->85057K(1398144K)
[136.790s][info][gc,metaspace   ] GC(941) Metaspace: 11831K(12160K)->11831K(12160K) NonClass: 10303K(10496K)->10303K(10496K) Class: 1528K(1664K)->1528K(1664K)
[136.790s][info][gc             ] GC(941) Pause Young (Allocation Failure) 630M->84M(1979M) 0.987ms
[136.790s][info][gc,cpu         ] GC(941) User=0.00s Sys=0.00s Real=0.00s
[136.926s][info][gc,start       ] GC(942) Pause Young (Allocation Failure)
[136.927s][info][gc,heap        ] GC(942) DefNew: 560996K(629120K)->2371K(629120K) Eden: 559232K(559232K)->0K(559232K) From: 1764K(69888K)->2371K(69888K)
[136.927s][info][gc,heap        ] GC(942) Tenured: 85057K(1398144K)->85057K(1398144K)
[136.927s][info][gc,metaspace   ] GC(942) Metaspace: 11831K(12160K)->11831K(12160K) NonClass: 10303K(10496K)->10303K(10496K) Class: 1528K(1664K)->1528K(1664K)
[136.927s][info][gc             ] GC(942) Pause Young (Allocation Failure) 630M->85M(1979M) 1.140ms
[136.927s][info][gc,cpu         ] GC(942) User=0.00s Sys=0.00s Real=0.00s
[137.062s][info][gc,start       ] GC(943) Pause Young (Allocation Failure)
[137.063s][info][gc,heap        ] GC(943) DefNew: 561507K(629120K)->3323K(629120K) Eden: 559135K(559232K)->0K(559232K) From: 2371K(69888K)->3323K(69888K)
[137.064s][info][gc,heap        ] GC(943) Tenured: 85057K(1398144K)->85057K(1398144K)
[137.064s][info][gc,metaspace   ] GC(943) Metaspace: 11831K(12160K)->11831K(12160K) NonClass: 10303K(10496K)->10303K(10496K) Class: 1528K(1664K)->1528K(1664K)
[137.064s][info][gc             ] GC(943) Pause Young (Allocation Failure) 631M->86M(1979M) 1.460ms
[137.064s][info][gc,cpu         ] GC(943) User=0.00s Sys=0.00s Real=0.00s
[137.202s][info][gc,start       ] GC(944) Pause Young (Allocation Failure)
[137.202s][info][gc,heap        ] GC(944) DefNew: 562555K(629120K)->93K(629120K) Eden: 559232K(559232K)->0K(559232K) From: 3323K(69888K)->93K(69888K)
[137.202s][info][gc,heap        ] GC(944) Tenured: 85057K(1398144K)->85057K(1398144K)
[137.202s][info][gc,metaspace   ] GC(944) Metaspace: 11831K(12160K)->11831K(12160K) NonClass: 10303K(10496K)->10303K(10496K) Class: 1528K(1664K)->1528K(1664K)
[137.202s][info][gc             ] GC(944) Pause Young (Allocation Failure) 632M->83M(1979M) 0.410ms
[137.202s][info][gc,cpu         ] GC(944) User=0.00s Sys=0.00s Real=0.02s
[137.335s][info][gc,start       ] GC(945) Pause Young (Allocation Failure)
[137.336s][info][gc,heap        ] GC(945) DefNew: 559325K(629120K)->392K(629120K) Eden: 559232K(559232K)->0K(559232K) From: 93K(69888K)->392K(69888K)
[137.336s][info][gc,heap        ] GC(945) Tenured: 85057K(1398144K)->85057K(1398144K)
[137.336s][info][gc,metaspace   ] GC(945) Metaspace: 11831K(12160K)->11831K(12160K) NonClass: 10303K(10496K)->10303K(10496K) Class: 1528K(1664K)->1528K(1664K)
[137.336s][info][gc             ] GC(945) Pause Young (Allocation Failure) 629M->83M(1979M) 0.483ms
[137.336s][info][gc,cpu         ] GC(945) User=0.00s Sys=0.00s Real=0.00s
[137.470s][info][gc,start       ] GC(946) Pause Young (Allocation Failure)
[137.471s][info][gc,heap        ] GC(946) DefNew: 559623K(629120K)->756K(629120K) Eden: 559230K(559232K)->0K(559232K) From: 392K(69888K)->756K(69888K)
[137.471s][info][gc,heap        ] GC(946) Tenured: 85057K(1398144K)->85057K(1398144K)
[137.471s][info][gc,metaspace   ] GC(946) Metaspace: 11831K(12160K)->11831K(12160K) NonClass: 10303K(10496K)->10303K(10496K) Class: 1528K(1664K)->1528K(1664K)
[137.471s][info][gc             ] GC(946) Pause Young (Allocation Failure) 629M->83M(1979M) 0.667ms
[137.471s][info][gc,cpu         ] GC(946) User=0.00s Sys=0.00s Real=0.00s
[137.610s][info][gc,start       ] GC(947) Pause Young (Allocation Failure)
[137.611s][info][gc,heap        ] GC(947) DefNew: 559988K(629120K)->1161K(629120K) Eden: 559232K(559232K)->0K(559232K) From: 756K(69888K)->1161K(69888K)
[137.611s][info][gc,heap        ] GC(947) Tenured: 85057K(1398144K)->85057K(1398144K)
[137.611s][info][gc,metaspace   ] GC(947) Metaspace: 11831K(12160K)->11831K(12160K) NonClass: 10303K(10496K)->10303K(10496K) Class: 1528K(1664K)->1528K(1664K)
[137.611s][info][gc             ] GC(947) Pause Young (Allocation Failure) 629M->84M(1979M) 0.776ms
[137.611s][info][gc,cpu         ] GC(947) User=0.00s Sys=0.00s Real=0.00s
[137.747s][info][gc,start       ] GC(948) Pause Young (Allocation Failure)
[137.747s][info][gc,heap        ] GC(948) DefNew: 560387K(629120K)->1604K(629120K) Eden: 559225K(559232K)->0K(559232K) From: 1161K(69888K)->1604K(69888K)
[137.747s][info][gc,heap        ] GC(948) Tenured: 85057K(1398144K)->85057K(1398144K)
[137.747s][info][gc,metaspace   ] GC(948) Metaspace: 11831K(12160K)->11831K(12160K) NonClass: 10303K(10496K)->10303K(10496K) Class: 1528K(1664K)->1528K(1664K)
[137.747s][info][gc             ] GC(948) Pause Young (Allocation Failure) 630M->84M(1979M) 0.863ms
[137.748s][info][gc,cpu         ] GC(948) User=0.00s Sys=0.00s Real=0.00s
[137.883s][info][gc,start       ] GC(949) Pause Young (Allocation Failure)
[137.883s][info][gc,heap        ] GC(949) DefNew: 560836K(629120K)->1844K(629120K) Eden: 559232K(559232K)->0K(559232K) From: 1604K(69888K)->1844K(69888K)
[137.883s][info][gc,heap        ] GC(949) Tenured: 85057K(1398144K)->85057K(1398144K)
[137.883s][info][gc,metaspace   ] GC(949) Metaspace: 11831K(12160K)->11831K(12160K) NonClass: 10303K(10496K)->10303K(10496K) Class: 1528K(1664K)->1528K(1664K)
[137.883s][info][gc             ] GC(949) Pause Young (Allocation Failure) 630M->84M(1979M) 0.924ms
[137.883s][info][gc,cpu         ] GC(949) User=0.00s Sys=0.00s Real=0.00s
[138.018s][info][gc,start       ] GC(950) Pause Young (Allocation Failure)
[138.019s][info][gc,heap        ] GC(950) DefNew: 561076K(629120K)->2311K(629120K) Eden: 559232K(559232K)->0K(559232K) From: 1844K(69888K)->2311K(69888K)
[138.019s][info][gc,heap        ] GC(950) Tenured: 85057K(1398144K)->85057K(1398144K)
[138.019s][info][gc,metaspace   ] GC(950) Metaspace: 11831K(12160K)->11831K(12160K) NonClass: 10303K(10496K)->10303K(10496K) Class: 1528K(1664K)->1528K(1664K)
[138.019s][info][gc             ] GC(950) Pause Young (Allocation Failure) 630M->85M(1979M) 1.206ms
[138.019s][info][gc,cpu         ] GC(950) User=0.02s Sys=0.00s Real=0.02s
[138.153s][info][gc,start       ] GC(951) Pause Young (Allocation Failure)
[138.154s][info][gc,heap        ] GC(951) DefNew: 561530K(629120K)->2641K(629120K) Eden: 559218K(559232K)->0K(559232K) From: 2311K(69888K)->2641K(69888K)
[138.154s][info][gc,heap        ] GC(951) Tenured: 85057K(1398144K)->85057K(1398144K)
[138.154s][info][gc,metaspace   ] GC(951) Metaspace: 11831K(12160K)->11831K(12160K) NonClass: 10303K(10496K)->10303K(10496K) Class: 1528K(1664K)->1528K(1664K)
[138.154s][info][gc             ] GC(951) Pause Young (Allocation Failure) 631M->85M(1979M) 1.279ms
[138.154s][info][gc,cpu         ] GC(951) User=0.00s Sys=0.00s Real=0.00s
[138.292s][info][gc,start       ] GC(952) Pause Young (Allocation Failure)
[138.292s][info][gc,heap        ] GC(952) DefNew: 561873K(629120K)->64K(629120K) Eden: 559232K(559232K)->0K(559232K) From: 2641K(69888K)->64K(69888K)
[138.292s][info][gc,heap        ] GC(952) Tenured: 85057K(1398144K)->85057K(1398144K)
[138.292s][info][gc,metaspace   ] GC(952) Metaspace: 11831K(12160K)->11831K(12160K) NonClass: 10303K(10496K)->10303K(10496K) Class: 1528K(1664K)->1528K(1664K)
[138.292s][info][gc             ] GC(952) Pause Young (Allocation Failure) 631M->83M(1979M) 0.376ms
[138.292s][info][gc,cpu         ] GC(952) User=0.00s Sys=0.00s Real=0.00s
[138.427s][info][gc,start       ] GC(953) Pause Young (Allocation Failure)
[138.427s][info][gc,heap        ] GC(953) DefNew: 559296K(629120K)->505K(629120K) Eden: 559232K(559232K)->0K(559232K) From: 64K(69888K)->505K(69888K)
[138.427s][info][gc,heap        ] GC(953) Tenured: 85057K(1398144K)->85057K(1398144K)
[138.427s][info][gc,metaspace   ] GC(953) Metaspace: 11831K(12160K)->11831K(12160K) NonClass: 10303K(10496K)->10303K(10496K) Class: 1528K(1664K)->1528K(1664K)
[138.427s][info][gc             ] GC(953) Pause Young (Allocation Failure) 629M->83M(1979M) 0.550ms
[138.427s][info][gc,cpu         ] GC(953) User=0.00s Sys=0.00s Real=0.00s
[138.566s][info][gc,start       ] GC(954) Pause Young (Allocation Failure)
[138.567s][info][gc,heap        ] GC(954) DefNew: 559737K(629120K)->831K(629120K) Eden: 559232K(559232K)->0K(559232K) From: 505K(69888K)->831K(69888K)
[138.567s][info][gc,heap        ] GC(954) Tenured: 85057K(1398144K)->85057K(1398144K)
[138.567s][info][gc,metaspace   ] GC(954) Metaspace: 11831K(12160K)->11831K(12160K) NonClass: 10303K(10496K)->10303K(10496K) Class: 1528K(1664K)->1528K(1664K)
[138.567s][info][gc             ] GC(954) Pause Young (Allocation Failure) 629M->83M(1979M) 0.606ms
[138.567s][info][gc,cpu         ] GC(954) User=0.00s Sys=0.00s Real=0.00s
[138.700s][info][gc,start       ] GC(955) Pause Full (System.gc())
[138.700s][info][gc,phases,start] GC(955) Phase 1: Mark live objects
[138.751s][info][gc,phases      ] GC(955) Phase 1: Mark live objects 51.416ms
[138.751s][info][gc,phases,start] GC(955) Phase 2: Compute new object addresses
[138.806s][info][gc,phases      ] GC(955) Phase 2: Compute new object addresses 54.449ms
[138.806s][info][gc,phases,start] GC(955) Phase 3: Adjust pointers
[138.827s][info][gc,phases      ] GC(955) Phase 3: Adjust pointers 20.995ms
[138.827s][info][gc,phases,start] GC(955) Phase 4: Move objects
[138.827s][info][gc,phases      ] GC(955) Phase 4: Move objects 0.009ms
[138.827s][info][gc,heap        ] GC(955) DefNew: 539727K(629120K)->0K(629120K) Eden: 538895K(559232K)->0K(559232K) From: 831K(69888K)->0K(69888K)
[138.827s][info][gc,heap        ] GC(955) Tenured: 85057K(1398144K)->85057K(1398144K)
[138.827s][info][gc,metaspace   ] GC(955) Metaspace: 11831K(12160K)->11831K(12160K) NonClass: 10303K(10496K)->10303K(10496K) Class: 1528K(1664K)->1528K(1664K)
[138.827s][info][gc             ] GC(955) Pause Full (System.gc()) 610M->83M(1979M) 127.170ms
[138.827s][info][gc,cpu         ] GC(955) User=0.11s Sys=0.00s Real=0.13s
[138.970s][info][gc,start       ] GC(956) Pause Young (Allocation Failure)
[138.971s][info][gc,heap        ] GC(956) DefNew: 559232K(629120K)->479K(629120K) Eden: 559232K(559232K)->0K(559232K) From: 0K(69888K)->479K(69888K)
[138.971s][info][gc,heap        ] GC(956) Tenured: 85057K(1398144K)->85057K(1398144K)
[138.971s][info][gc,metaspace   ] GC(956) Metaspace: 11831K(12160K)->11831K(12160K) NonClass: 10303K(10496K)->10303K(10496K) Class: 1528K(1664K)->1528K(1664K)
[138.971s][info][gc             ] GC(956) Pause Young (Allocation Failure) 629M->83M(1979M) 0.527ms
[138.971s][info][gc,cpu         ] GC(956) User=0.00s Sys=0.00s Real=0.00s
[139.106s][info][gc,start       ] GC(957) Pause Young (Allocation Failure)
[139.107s][info][gc,heap        ] GC(957) DefNew: 559711K(629120K)->975K(629120K) Eden: 559232K(559232K)->0K(559232K) From: 479K(69888K)->975K(69888K)
[139.107s][info][gc,heap        ] GC(957) Tenured: 85057K(1398144K)->85057K(1398144K)
[139.107s][info][gc,metaspace   ] GC(957) Metaspace: 11831K(12160K)->11831K(12160K) NonClass: 10303K(10496K)->10303K(10496K) Class: 1528K(1664K)->1528K(1664K)
[139.107s][info][gc             ] GC(957) Pause Young (Allocation Failure) 629M->84M(1979M) 0.658ms
[139.107s][info][gc,cpu         ] GC(957) User=0.00s Sys=0.00s Real=0.00s
[139.241s][info][gc,start       ] GC(958) Pause Young (Allocation Failure)
[139.242s][info][gc,heap        ] GC(958) DefNew: 560207K(629120K)->1413K(629120K) Eden: 559232K(559232K)->0K(559232K) From: 975K(69888K)->1413K(69888K)
[139.242s][info][gc,heap        ] GC(958) Tenured: 85057K(1398144K)->85057K(1398144K)
[139.242s][info][gc,metaspace   ] GC(958) Metaspace: 11831K(12160K)->11831K(12160K) NonClass: 10303K(10496K)->10303K(10496K) Class: 1528K(1664K)->1528K(1664K)
[139.242s][info][gc             ] GC(958) Pause Young (Allocation Failure) 630M->84M(1979M) 0.776ms
[139.242s][info][gc,cpu         ] GC(958) User=0.00s Sys=0.00s Real=0.00s
[139.376s][info][gc,start       ] GC(959) Pause Young (Allocation Failure)
[139.377s][info][gc,heap        ] GC(959) DefNew: 560645K(629120K)->1773K(629120K) Eden: 559232K(559232K)->0K(559232K) From: 1413K(69888K)->1773K(69888K)
[139.377s][info][gc,heap        ] GC(959) Tenured: 85057K(1398144K)->85057K(1398144K)
[139.377s][info][gc,metaspace   ] GC(959) Metaspace: 11831K(12160K)->11831K(12160K) NonClass: 10303K(10496K)->10303K(10496K) Class: 1528K(1664K)->1528K(1664K)
[139.377s][info][gc             ] GC(959) Pause Young (Allocation Failure) 630M->84M(1979M) 0.958ms
[139.377s][info][gc,cpu         ] GC(959) User=0.00s Sys=0.00s Real=0.00s
[139.514s][info][gc,start       ] GC(960) Pause Young (Allocation Failure)
[139.515s][info][gc,heap        ] GC(960) DefNew: 561005K(629120K)->2074K(629120K) Eden: 559232K(559232K)->0K(559232K) From: 1773K(69888K)->2074K(69888K)
[139.515s][info][gc,heap        ] GC(960) Tenured: 85057K(1398144K)->85057K(1398144K)
[139.515s][info][gc,metaspace   ] GC(960) Metaspace: 11831K(12160K)->11831K(12160K) NonClass: 10303K(10496K)->10303K(10496K) Class: 1528K(1664K)->1528K(1664K)
[139.515s][info][gc             ] GC(960) Pause Young (Allocation Failure) 630M->85M(1979M) 0.989ms
[139.515s][info][gc,cpu         ] GC(960) User=0.00s Sys=0.00s Real=0.00s
[139.650s][info][gc,start       ] GC(961) Pause Young (Allocation Failure)
[139.651s][info][gc,heap        ] GC(961) DefNew: 561231K(629120K)->2471K(629120K) Eden: 559156K(559232K)->0K(559232K) From: 2074K(69888K)->2471K(69888K)
[139.651s][info][gc,heap        ] GC(961) Tenured: 85057K(1398144K)->85057K(1398144K)
[139.651s][info][gc,metaspace   ] GC(961) Metaspace: 11831K(12160K)->11831K(12160K) NonClass: 10303K(10496K)->10303K(10496K) Class: 1528K(1664K)->1528K(1664K)
[139.651s][info][gc             ] GC(961) Pause Young (Allocation Failure) 631M->85M(1979M) 1.233ms
[139.651s][info][gc,cpu         ] GC(961) User=0.00s Sys=0.00s Real=0.02s
[139.787s][info][gc,start       ] GC(962) Pause Young (Allocation Failure)
[139.788s][info][gc,heap        ] GC(962) DefNew: 561080K(629120K)->2833K(629120K) Eden: 558608K(559232K)->0K(559232K) From: 2471K(69888K)->2833K(69888K)
[139.788s][info][gc,heap        ] GC(962) Tenured: 85057K(1398144K)->85057K(1398144K)
[139.788s][info][gc,metaspace   ] GC(962) Metaspace: 11831K(12160K)->11831K(12160K) NonClass: 10303K(10496K)->10303K(10496K) Class: 1528K(1664K)->1528K(1664K)
[139.788s][info][gc             ] GC(962) Pause Young (Allocation Failure) 630M->85M(1979M) 1.269ms
[139.788s][info][gc,cpu         ] GC(962) User=0.00s Sys=0.00s Real=0.00s
[139.927s][info][gc,start       ] GC(963) Pause Young (Allocation Failure)
[139.927s][info][gc,heap        ] GC(963) DefNew: 562065K(629120K)->369K(629120K) Eden: 559232K(559232K)->0K(559232K) From: 2833K(69888K)->369K(69888K)
[139.927s][info][gc,heap        ] GC(963) Tenured: 85057K(1398144K)->85057K(1398144K)
[139.927s][info][gc,metaspace   ] GC(963) Metaspace: 11831K(12160K)->11831K(12160K) NonClass: 10303K(10496K)->10303K(10496K) Class: 1528K(1664K)->1528K(1664K)
[139.927s][info][gc             ] GC(963) Pause Young (Allocation Failure) 631M->83M(1979M) 0.495ms
[139.927s][info][gc,cpu         ] GC(963) User=0.00s Sys=0.00s Real=0.00s
[140.062s][info][gc,start       ] GC(964) Pause Young (Allocation Failure)
[140.063s][info][gc,heap        ] GC(964) DefNew: 559601K(629120K)->850K(629120K) Eden: 559232K(559232K)->0K(559232K) From: 369K(69888K)->850K(69888K)
[140.063s][info][gc,heap        ] GC(964) Tenured: 85057K(1398144K)->85057K(1398144K)
[140.063s][info][gc,metaspace   ] GC(964) Metaspace: 11831K(12160K)->11831K(12160K) NonClass: 10303K(10496K)->10303K(10496K) Class: 1528K(1664K)->1528K(1664K)
[140.063s][info][gc             ] GC(964) Pause Young (Allocation Failure) 629M->83M(1979M) 0.599ms
[140.063s][info][gc,cpu         ] GC(964) User=0.00s Sys=0.00s Real=0.00s
[140.197s][info][gc,start       ] GC(965) Pause Young (Allocation Failure)
[140.198s][info][gc,heap        ] GC(965) DefNew: 560082K(629120K)->1294K(629120K) Eden: 559232K(559232K)->0K(559232K) From: 850K(69888K)->1294K(69888K)
[140.198s][info][gc,heap        ] GC(965) Tenured: 85057K(1398144K)->85057K(1398144K)
[140.198s][info][gc,metaspace   ] GC(965) Metaspace: 11831K(12160K)->11831K(12160K) NonClass: 10303K(10496K)->10303K(10496K) Class: 1528K(1664K)->1528K(1664K)
[140.198s][info][gc             ] GC(965) Pause Young (Allocation Failure) 630M->84M(1979M) 0.772ms
[140.198s][info][gc,cpu         ] GC(965) User=0.00s Sys=0.00s Real=0.00s
[140.331s][info][gc,start       ] GC(966) Pause Young (Allocation Failure)
[140.332s][info][gc,heap        ] GC(966) DefNew: 560526K(629120K)->1624K(629120K) Eden: 559232K(559232K)->0K(559232K) From: 1294K(69888K)->1624K(69888K)
[140.332s][info][gc,heap        ] GC(966) Tenured: 85057K(1398144K)->85057K(1398144K)
[140.332s][info][gc,metaspace   ] GC(966) Metaspace: 11831K(12160K)->11831K(12160K) NonClass: 10303K(10496K)->10303K(10496K) Class: 1528K(1664K)->1528K(1664K)
[140.332s][info][gc             ] GC(966) Pause Young (Allocation Failure) 630M->84M(1979M) 0.869ms
[140.332s][info][gc,cpu         ] GC(966) User=0.00s Sys=0.00s Real=0.00s
[140.466s][info][gc,start       ] GC(967) Pause Young (Allocation Failure)
[140.467s][info][gc,heap        ] GC(967) DefNew: 560856K(629120K)->2066K(629120K) Eden: 559232K(559232K)->0K(559232K) From: 1624K(69888K)->2066K(69888K)
[140.467s][info][gc,heap        ] GC(967) Tenured: 85057K(1398144K)->85057K(1398144K)
[140.467s][info][gc,metaspace   ] GC(967) Metaspace: 11831K(12160K)->11831K(12160K) NonClass: 10303K(10496K)->10303K(10496K) Class: 1528K(1664K)->1528K(1664K)
[140.467s][info][gc             ] GC(967) Pause Young (Allocation Failure) 630M->85M(1979M) 1.118ms
[140.467s][info][gc,cpu         ] GC(967) User=0.00s Sys=0.00s Real=0.02s
[140.606s][info][gc,start       ] GC(968) Pause Young (Allocation Failure)
[140.607s][info][gc,heap        ] GC(968) DefNew: 561298K(629120K)->2093K(629120K) Eden: 559232K(559232K)->0K(559232K) From: 2066K(69888K)->2093K(69888K)
[140.607s][info][gc,heap        ] GC(968) Tenured: 85057K(1398144K)->85057K(1398144K)
[140.607s][info][gc,metaspace   ] GC(968) Metaspace: 11831K(12160K)->11831K(12160K) NonClass: 10303K(10496K)->10303K(10496K) Class: 1528K(1664K)->1528K(1664K)
[140.607s][info][gc             ] GC(968) Pause Young (Allocation Failure) 631M->85M(1979M) 1.014ms
[140.607s][info][gc,cpu         ] GC(968) User=0.00s Sys=0.00s Real=0.00s
[140.743s][info][gc,start       ] GC(969) Pause Young (Allocation Failure)
[140.744s][info][gc,heap        ] GC(969) DefNew: 561100K(629120K)->2641K(629120K) Eden: 559007K(559232K)->0K(559232K) From: 2093K(69888K)->2641K(69888K)
[140.744s][info][gc,heap        ] GC(969) Tenured: 85057K(1398144K)->85057K(1398144K)
[140.744s][info][gc,metaspace   ] GC(969) Metaspace: 11831K(12160K)->11831K(12160K) NonClass: 10303K(10496K)->10303K(10496K) Class: 1528K(1664K)->1528K(1664K)
[140.744s][info][gc             ] GC(969) Pause Young (Allocation Failure) 631M->85M(1979M) 1.349ms
[140.744s][info][gc,cpu         ] GC(969) User=0.00s Sys=0.00s Real=0.00s
[140.883s][info][gc,start       ] GC(970) Pause Young (Allocation Failure)
[140.883s][info][gc,heap        ] GC(970) DefNew: 561873K(629120K)->239K(629120K) Eden: 559232K(559232K)->0K(559232K) From: 2641K(69888K)->239K(69888K)
[140.883s][info][gc,heap        ] GC(970) Tenured: 85057K(1398144K)->85057K(1398144K)
[140.884s][info][gc,metaspace   ] GC(970) Metaspace: 11831K(12160K)->11831K(12160K) NonClass: 10303K(10496K)->10303K(10496K) Class: 1528K(1664K)->1528K(1664K)
[140.884s][info][gc             ] GC(970) Pause Young (Allocation Failure) 631M->83M(1979M) 0.446ms
[140.884s][info][gc,cpu         ] GC(970) User=0.00s Sys=0.00s Real=0.00s
[141.018s][info][gc,start       ] GC(971) Pause Young (Allocation Failure)
[141.018s][info][gc,heap        ] GC(971) DefNew: 559471K(629120K)->601K(629120K) Eden: 559232K(559232K)->0K(559232K) From: 239K(69888K)->601K(69888K)
[141.018s][info][gc,heap        ] GC(971) Tenured: 85057K(1398144K)->85057K(1398144K)
[141.018s][info][gc,metaspace   ] GC(971) Metaspace: 11831K(12160K)->11831K(12160K) NonClass: 10303K(10496K)->10303K(10496K) Class: 1528K(1664K)->1528K(1664K)
[141.018s][info][gc             ] GC(971) Pause Young (Allocation Failure) 629M->83M(1979M) 0.548ms
[141.018s][info][gc,cpu         ] GC(971) User=0.00s Sys=0.00s Real=0.00s
[141.152s][info][gc,start       ] GC(972) Pause Young (Allocation Failure)
[141.153s][info][gc,heap        ] GC(972) DefNew: 559833K(629120K)->968K(629120K) Eden: 559232K(559232K)->0K(559232K) From: 601K(69888K)->968K(69888K)
[141.153s][info][gc,heap        ] GC(972) Tenured: 85057K(1398144K)->85057K(1398144K)
[141.153s][info][gc,metaspace   ] GC(972) Metaspace: 11831K(12160K)->11831K(12160K) NonClass: 10303K(10496K)->10303K(10496K) Class: 1528K(1664K)->1528K(1664K)
[141.153s][info][gc             ] GC(972) Pause Young (Allocation Failure) 629M->84M(1979M) 0.692ms
[141.153s][info][gc,cpu         ] GC(972) User=0.00s Sys=0.00s Real=0.00s
[141.283s][info][gc,start       ] GC(973) Pause Full (System.gc())
[141.284s][info][gc,phases,start] GC(973) Phase 1: Mark live objects
[141.336s][info][gc,phases      ] GC(973) Phase 1: Mark live objects 52.596ms
[141.336s][info][gc,phases,start] GC(973) Phase 2: Compute new object addresses
[141.390s][info][gc,phases      ] GC(973) Phase 2: Compute new object addresses 53.698ms
[141.390s][info][gc,phases,start] GC(973) Phase 3: Adjust pointers
[141.411s][info][gc,phases      ] GC(973) Phase 3: Adjust pointers 21.354ms
[141.411s][info][gc,phases,start] GC(973) Phase 4: Move objects
[141.411s][info][gc,phases      ] GC(973) Phase 4: Move objects 0.009ms
[141.411s][info][gc,heap        ] GC(973) DefNew: 539801K(629120K)->0K(629120K) Eden: 538833K(559232K)->0K(559232K) From: 968K(69888K)->0K(69888K)
[141.411s][info][gc,heap        ] GC(973) Tenured: 85057K(1398144K)->85057K(1398144K)
[141.411s][info][gc,metaspace   ] GC(973) Metaspace: 11831K(12160K)->11831K(12160K) NonClass: 10303K(10496K)->10303K(10496K) Class: 1528K(1664K)->1528K(1664K)
[141.411s][info][gc             ] GC(973) Pause Full (System.gc()) 610M->83M(1979M) 127.955ms
[141.411s][info][gc,cpu         ] GC(973) User=0.12s Sys=0.00s Real=0.13s
[141.559s][info][gc,start       ] GC(974) Pause Young (Allocation Failure)
[141.559s][info][gc,heap        ] GC(974) DefNew: 559232K(629120K)->467K(629120K) Eden: 559232K(559232K)->0K(559232K) From: 0K(69888K)->467K(69888K)
[141.559s][info][gc,heap        ] GC(974) Tenured: 85057K(1398144K)->85057K(1398144K)
[141.559s][info][gc,metaspace   ] GC(974) Metaspace: 11831K(12160K)->11831K(12160K) NonClass: 10303K(10496K)->10303K(10496K) Class: 1528K(1664K)->1528K(1664K)
[141.559s][info][gc             ] GC(974) Pause Young (Allocation Failure) 629M->83M(1979M) 0.523ms
[141.559s][info][gc,cpu         ] GC(974) User=0.00s Sys=0.00s Real=0.00s
[141.695s][info][gc,start       ] GC(975) Pause Young (Allocation Failure)
[141.696s][info][gc,heap        ] GC(975) DefNew: 559699K(629120K)->1106K(629120K) Eden: 559232K(559232K)->0K(559232K) From: 467K(69888K)->1106K(69888K)
[141.696s][info][gc,heap        ] GC(975) Tenured: 85057K(1398144K)->85057K(1398144K)
[141.696s][info][gc,metaspace   ] GC(975) Metaspace: 11831K(12160K)->11831K(12160K) NonClass: 10303K(10496K)->10303K(10496K) Class: 1528K(1664K)->1528K(1664K)
[141.696s][info][gc             ] GC(975) Pause Young (Allocation Failure) 629M->84M(1979M) 0.712ms
[141.696s][info][gc,cpu         ] GC(975) User=0.00s Sys=0.00s Real=0.00s
[141.831s][info][gc,start       ] GC(976) Pause Young (Allocation Failure)
[141.832s][info][gc,heap        ] GC(976) DefNew: 560338K(629120K)->1210K(629120K) Eden: 559232K(559232K)->0K(559232K) From: 1106K(69888K)->1210K(69888K)
[141.832s][info][gc,heap        ] GC(976) Tenured: 85057K(1398144K)->85057K(1398144K)
[141.832s][info][gc,metaspace   ] GC(976) Metaspace: 11831K(12160K)->11831K(12160K) NonClass: 10303K(10496K)->10303K(10496K) Class: 1528K(1664K)->1528K(1664K)
[141.832s][info][gc             ] GC(976) Pause Young (Allocation Failure) 630M->84M(1979M) 0.730ms
[141.832s][info][gc,cpu         ] GC(976) User=0.00s Sys=0.00s Real=0.00s
[141.966s][info][gc,start       ] GC(977) Pause Young (Allocation Failure)
[141.967s][info][gc,heap        ] GC(977) DefNew: 560442K(629120K)->1769K(629120K) Eden: 559232K(559232K)->0K(559232K) From: 1210K(69888K)->1769K(69888K)
[141.967s][info][gc,heap        ] GC(977) Tenured: 85057K(1398144K)->85057K(1398144K)
[141.967s][info][gc,metaspace   ] GC(977) Metaspace: 11831K(12160K)->11831K(12160K) NonClass: 10303K(10496K)->10303K(10496K) Class: 1528K(1664K)->1528K(1664K)
[141.967s][info][gc             ] GC(977) Pause Young (Allocation Failure) 630M->84M(1979M) 0.925ms
[141.967s][info][gc,cpu         ] GC(977) User=0.00s Sys=0.00s Real=0.00s
[142.103s][info][gc,start       ] GC(978) Pause Young (Allocation Failure)
[142.104s][info][gc,heap        ] GC(978) DefNew: 561001K(629120K)->1988K(629120K) Eden: 559232K(559232K)->0K(559232K) From: 1769K(69888K)->1988K(69888K)
[142.104s][info][gc,heap        ] GC(978) Tenured: 85057K(1398144K)->85057K(1398144K)
[142.104s][info][gc,metaspace   ] GC(978) Metaspace: 11831K(12160K)->11831K(12160K) NonClass: 10303K(10496K)->10303K(10496K) Class: 1528K(1664K)->1528K(1664K)
[142.104s][info][gc             ] GC(978) Pause Young (Allocation Failure) 630M->85M(1979M) 0.942ms
[142.104s][info][gc,cpu         ] GC(978) User=0.00s Sys=0.00s Real=0.00s
[142.237s][info][gc,start       ] GC(979) Pause Young (Allocation Failure)
[142.238s][info][gc,heap        ] GC(979) DefNew: 561220K(629120K)->2543K(629120K) Eden: 559232K(559232K)->0K(559232K) From: 1988K(69888K)->2543K(69888K)
[142.238s][info][gc,heap        ] GC(979) Tenured: 85057K(1398144K)->85057K(1398144K)
[142.238s][info][gc,metaspace   ] GC(979) Metaspace: 11831K(12160K)->11831K(12160K) NonClass: 10303K(10496K)->10303K(10496K) Class: 1528K(1664K)->1528K(1664K)
[142.238s][info][gc             ] GC(979) Pause Young (Allocation Failure) 631M->85M(1979M) 1.182ms
[142.238s][info][gc,cpu         ] GC(979) User=0.00s Sys=0.00s Real=0.00s
[142.373s][info][gc,start       ] GC(980) Pause Young (Allocation Failure)
[142.374s][info][gc,heap        ] GC(980) DefNew: 561775K(629120K)->1959K(629120K) Eden: 559232K(559232K)->0K(559232K) From: 2543K(69888K)->1959K(69888K)
[142.374s][info][gc,heap        ] GC(980) Tenured: 85057K(1398144K)->85057K(1398144K)
[142.374s][info][gc,metaspace   ] GC(980) Metaspace: 11831K(12160K)->11831K(12160K) NonClass: 10303K(10496K)->10303K(10496K) Class: 1528K(1664K)->1528K(1664K)
[142.374s][info][gc             ] GC(980) Pause Young (Allocation Failure) 631M->84M(1979M) 1.083ms
[142.374s][info][gc,cpu         ] GC(980) User=0.00s Sys=0.00s Real=0.00s
[142.515s][info][gc,start       ] GC(981) Pause Young (Allocation Failure)
[142.516s][info][gc,heap        ] GC(981) DefNew: 561191K(629120K)->483K(629120K) Eden: 559232K(559232K)->0K(559232K) From: 1959K(69888K)->483K(69888K)
[142.516s][info][gc,heap        ] GC(981) Tenured: 85057K(1398144K)->85057K(1398144K)
[142.516s][info][gc,metaspace   ] GC(981) Metaspace: 11831K(12160K)->11831K(12160K) NonClass: 10303K(10496K)->10303K(10496K) Class: 1528K(1664K)->1528K(1664K)
[142.516s][info][gc             ] GC(981) Pause Young (Allocation Failure) 631M->83M(1979M) 0.552ms
[142.516s][info][gc,cpu         ] GC(981) User=0.00s Sys=0.00s Real=0.00s
[142.652s][info][gc,start       ] GC(982) Pause Young (Allocation Failure)
[142.653s][info][gc,heap        ] GC(982) DefNew: 559715K(629120K)->836K(629120K) Eden: 559232K(559232K)->0K(559232K) From: 483K(69888K)->836K(69888K)
[142.653s][info][gc,heap        ] GC(982) Tenured: 85057K(1398144K)->85057K(1398144K)
[142.653s][info][gc,metaspace   ] GC(982) Metaspace: 11831K(12160K)->11831K(12160K) NonClass: 10303K(10496K)->10303K(10496K) Class: 1528K(1664K)->1528K(1664K)
[142.653s][info][gc             ] GC(982) Pause Young (Allocation Failure) 629M->83M(1979M) 0.634ms
[142.653s][info][gc,cpu         ] GC(982) User=0.00s Sys=0.00s Real=0.00s
[142.789s][info][gc,start       ] GC(983) Pause Young (Allocation Failure)
[142.790s][info][gc,heap        ] GC(983) DefNew: 560068K(629120K)->1296K(629120K) Eden: 559232K(559232K)->0K(559232K) From: 836K(69888K)->1296K(69888K)
[142.790s][info][gc,heap        ] GC(983) Tenured: 85057K(1398144K)->85057K(1398144K)
[142.790s][info][gc,metaspace   ] GC(983) Metaspace: 11831K(12160K)->11831K(12160K) NonClass: 10303K(10496K)->10303K(10496K) Class: 1528K(1664K)->1528K(1664K)
[142.790s][info][gc             ] GC(983) Pause Young (Allocation Failure) 630M->84M(1979M) 0.770ms
[142.790s][info][gc,cpu         ] GC(983) User=0.00s Sys=0.00s Real=0.00s
[142.925s][info][gc,start       ] GC(984) Pause Young (Allocation Failure)
[142.926s][info][gc,heap        ] GC(984) DefNew: 560528K(629120K)->1789K(629120K) Eden: 559232K(559232K)->0K(559232K) From: 1296K(69888K)->1789K(69888K)
[142.926s][info][gc,heap        ] GC(984) Tenured: 85057K(1398144K)->85057K(1398144K)
[142.926s][info][gc,metaspace   ] GC(984) Metaspace: 11831K(12160K)->11831K(12160K) NonClass: 10303K(10496K)->10303K(10496K) Class: 1528K(1664K)->1528K(1664K)
[142.926s][info][gc             ] GC(984) Pause Young (Allocation Failure) 630M->84M(1979M) 0.938ms
[142.926s][info][gc,cpu         ] GC(984) User=0.00s Sys=0.00s Real=0.00s
[143.060s][info][gc,start       ] GC(985) Pause Young (Allocation Failure)
[143.061s][info][gc,heap        ] GC(985) DefNew: 561021K(629120K)->2092K(629120K) Eden: 559232K(559232K)->0K(559232K) From: 1789K(69888K)->2092K(69888K)
[143.061s][info][gc,heap        ] GC(985) Tenured: 85057K(1398144K)->85057K(1398144K)
[143.061s][info][gc,metaspace   ] GC(985) Metaspace: 11831K(12160K)->11831K(12160K) NonClass: 10303K(10496K)->10303K(10496K) Class: 1528K(1664K)->1528K(1664K)
[143.061s][info][gc             ] GC(985) Pause Young (Allocation Failure) 630M->85M(1979M) 0.998ms
[143.061s][info][gc,cpu         ] GC(985) User=0.00s Sys=0.00s Real=0.00s
[143.195s][info][gc,start       ] GC(986) Pause Young (Allocation Failure)
[143.196s][info][gc,heap        ] GC(986) DefNew: 561324K(629120K)->2397K(629120K) Eden: 559232K(559232K)->0K(559232K) From: 2092K(69888K)->2397K(69888K)
[143.196s][info][gc,heap        ] GC(986) Tenured: 85057K(1398144K)->85057K(1398144K)
[143.196s][info][gc,metaspace   ] GC(986) Metaspace: 11831K(12160K)->11831K(12160K) NonClass: 10303K(10496K)->10303K(10496K) Class: 1528K(1664K)->1528K(1664K)
[143.196s][info][gc             ] GC(986) Pause Young (Allocation Failure) 631M->85M(1979M) 1.221ms
[143.196s][info][gc,cpu         ] GC(986) User=0.00s Sys=0.00s Real=0.00s
[143.334s][info][gc,start       ] GC(987) Pause Young (Allocation Failure)
[143.335s][info][gc,heap        ] GC(987) DefNew: 561629K(629120K)->129K(629120K) Eden: 559232K(559232K)->0K(559232K) From: 2397K(69888K)->129K(69888K)
[143.335s][info][gc,heap        ] GC(987) Tenured: 85057K(1398144K)->85057K(1398144K)
[143.335s][info][gc,metaspace   ] GC(987) Metaspace: 11832K(12160K)->11832K(12160K) NonClass: 10303K(10496K)->10303K(10496K) Class: 1528K(1664K)->1528K(1664K)
[143.335s][info][gc             ] GC(987) Pause Young (Allocation Failure) 631M->83M(1979M) 0.410ms
[143.335s][info][gc,cpu         ] GC(987) User=0.00s Sys=0.00s Real=0.00s
[143.468s][info][gc,start       ] GC(988) Pause Young (Allocation Failure)
[143.469s][info][gc,heap        ] GC(988) DefNew: 559361K(629120K)->425K(629120K) Eden: 559232K(559232K)->0K(559232K) From: 129K(69888K)->425K(69888K)
[143.469s][info][gc,heap        ] GC(988) Tenured: 85057K(1398144K)->85057K(1398144K)
[143.469s][info][gc,metaspace   ] GC(988) Metaspace: 11832K(12160K)->11832K(12160K) NonClass: 10303K(10496K)->10303K(10496K) Class: 1528K(1664K)->1528K(1664K)
[143.469s][info][gc             ] GC(988) Pause Young (Allocation Failure) 629M->83M(1979M) 0.539ms
[143.469s][info][gc,cpu         ] GC(988) User=0.00s Sys=0.00s Real=0.00s
[143.608s][info][gc,start       ] GC(989) Pause Young (Allocation Failure)
[143.608s][info][gc,heap        ] GC(989) DefNew: 559657K(629120K)->825K(629120K) Eden: 559232K(559232K)->0K(559232K) From: 425K(69888K)->825K(69888K)
[143.608s][info][gc,heap        ] GC(989) Tenured: 85057K(1398144K)->85058K(1398144K)
[143.608s][info][gc,metaspace   ] GC(989) Metaspace: 11832K(12160K)->11832K(12160K) NonClass: 10303K(10496K)->10303K(10496K) Class: 1528K(1664K)->1528K(1664K)
[143.608s][info][gc             ] GC(989) Pause Young (Allocation Failure) 629M->83M(1979M) 0.636ms
[143.608s][info][gc,cpu         ] GC(989) User=0.00s Sys=0.00s Real=0.00s
[143.744s][info][gc,start       ] GC(990) Pause Young (Allocation Failure)
[143.744s][info][gc,heap        ] GC(990) DefNew: 560057K(629120K)->1229K(629120K) Eden: 559232K(559232K)->0K(559232K) From: 825K(69888K)->1229K(69888K)
[143.744s][info][gc,heap        ] GC(990) Tenured: 85058K(1398144K)->85058K(1398144K)
[143.744s][info][gc,metaspace   ] GC(990) Metaspace: 11832K(12160K)->11832K(12160K) NonClass: 10303K(10496K)->10303K(10496K) Class: 1528K(1664K)->1528K(1664K)
[143.744s][info][gc             ] GC(990) Pause Young (Allocation Failure) 629M->84M(1979M) 0.737ms
[143.744s][info][gc,cpu         ] GC(990) User=0.00s Sys=0.00s Real=0.00s
[143.875s][info][gc,start       ] GC(991) Pause Full (System.gc())
[143.875s][info][gc,phases,start] GC(991) Phase 1: Mark live objects
[143.926s][info][gc,phases      ] GC(991) Phase 1: Mark live objects 50.780ms
[143.926s][info][gc,phases,start] GC(991) Phase 2: Compute new object addresses
[143.979s][info][gc,phases      ] GC(991) Phase 2: Compute new object addresses 53.514ms
[143.979s][info][gc,phases,start] GC(991) Phase 3: Adjust pointers
[144.000s][info][gc,phases      ] GC(991) Phase 3: Adjust pointers 20.881ms
[144.000s][info][gc,phases,start] GC(991) Phase 4: Move objects
[144.000s][info][gc,phases      ] GC(991) Phase 4: Move objects 0.009ms
[144.000s][info][gc,heap        ] GC(991) DefNew: 537734K(629120K)->0K(629120K) Eden: 536505K(559232K)->0K(559232K) From: 1229K(69888K)->0K(69888K)
[144.000s][info][gc,heap        ] GC(991) Tenured: 85058K(1398144K)->85057K(1398144K)
[144.000s][info][gc,metaspace   ] GC(991) Metaspace: 11832K(12160K)->11832K(12160K) NonClass: 10303K(10496K)->10303K(10496K) Class: 1528K(1664K)->1528K(1664K)
[144.000s][info][gc             ] GC(991) Pause Full (System.gc()) 608M->83M(1979M) 125.475ms
[144.000s][info][gc,cpu         ] GC(991) User=0.11s Sys=0.00s Real=0.13s
[144.142s][info][gc,start       ] GC(992) Pause Young (Allocation Failure)
[144.142s][info][gc,heap        ] GC(992) DefNew: 559232K(629120K)->477K(629120K) Eden: 559232K(559232K)->0K(559232K) From: 0K(69888K)->477K(69888K)
[144.142s][info][gc,heap        ] GC(992) Tenured: 85057K(1398144K)->85057K(1398144K)
[144.142s][info][gc,metaspace   ] GC(992) Metaspace: 11832K(12160K)->11832K(12160K) NonClass: 10303K(10496K)->10303K(10496K) Class: 1528K(1664K)->1528K(1664K)
[144.142s][info][gc             ] GC(992) Pause Young (Allocation Failure) 629M->83M(1979M) 0.540ms
[144.142s][info][gc,cpu         ] GC(992) User=0.00s Sys=0.00s Real=0.00s
[144.276s][info][gc,start       ] GC(993) Pause Young (Allocation Failure)
[144.277s][info][gc,heap        ] GC(993) DefNew: 559709K(629120K)->1013K(629120K) Eden: 559232K(559232K)->0K(559232K) From: 477K(69888K)->1013K(69888K)
[144.277s][info][gc,heap        ] GC(993) Tenured: 85057K(1398144K)->85057K(1398144K)
[144.277s][info][gc,metaspace   ] GC(993) Metaspace: 11832K(12160K)->11832K(12160K) NonClass: 10303K(10496K)->10303K(10496K) Class: 1528K(1664K)->1528K(1664K)
[144.277s][info][gc             ] GC(993) Pause Young (Allocation Failure) 629M->84M(1979M) 0.677ms
[144.277s][info][gc,cpu         ] GC(993) User=0.00s Sys=0.00s Real=0.00s
[144.411s][info][gc,start       ] GC(994) Pause Young (Allocation Failure)
[144.411s][info][gc,heap        ] GC(994) DefNew: 560245K(629120K)->1216K(629120K) Eden: 559232K(559232K)->0K(559232K) From: 1013K(69888K)->1216K(69888K)
[144.411s][info][gc,heap        ] GC(994) Tenured: 85057K(1398144K)->85057K(1398144K)
[144.411s][info][gc,metaspace   ] GC(994) Metaspace: 11832K(12160K)->11832K(12160K) NonClass: 10303K(10496K)->10303K(10496K) Class: 1528K(1664K)->1528K(1664K)
[144.411s][info][gc             ] GC(994) Pause Young (Allocation Failure) 630M->84M(1979M) 0.733ms
[144.411s][info][gc,cpu         ] GC(994) User=0.00s Sys=0.00s Real=0.00s
[144.552s][info][gc,start       ] GC(995) Pause Young (Allocation Failure)
[144.553s][info][gc,heap        ] GC(995) DefNew: 560448K(629120K)->1685K(629120K) Eden: 559232K(559232K)->0K(559232K) From: 1216K(69888K)->1685K(69888K)
[144.553s][info][gc,heap        ] GC(995) Tenured: 85057K(1398144K)->85057K(1398144K)
[144.553s][info][gc,metaspace   ] GC(995) Metaspace: 11832K(12160K)->11832K(12160K) NonClass: 10303K(10496K)->10303K(10496K) Class: 1528K(1664K)->1528K(1664K)
[144.553s][info][gc             ] GC(995) Pause Young (Allocation Failure) 630M->84M(1979M) 0.930ms
[144.553s][info][gc,cpu         ] GC(995) User=0.00s Sys=0.00s Real=0.00s
[144.688s][info][gc,start       ] GC(996) Pause Young (Allocation Failure)
[144.689s][info][gc,heap        ] GC(996) DefNew: 560917K(629120K)->1718K(629120K) Eden: 559232K(559232K)->0K(559232K) From: 1685K(69888K)->1718K(69888K)
[144.689s][info][gc,heap        ] GC(996) Tenured: 85057K(1398144K)->85057K(1398144K)
[144.689s][info][gc,metaspace   ] GC(996) Metaspace: 11832K(12160K)->11832K(12160K) NonClass: 10303K(10496K)->10303K(10496K) Class: 1528K(1664K)->1528K(1664K)
[144.689s][info][gc             ] GC(996) Pause Young (Allocation Failure) 630M->84M(1979M) 0.899ms
[144.689s][info][gc,cpu         ] GC(996) User=0.00s Sys=0.00s Real=0.00s
[144.823s][info][gc,start       ] GC(997) Pause Young (Allocation Failure)
[144.824s][info][gc,heap        ] GC(997) DefNew: 560950K(629120K)->2253K(629120K) Eden: 559232K(559232K)->0K(559232K) From: 1718K(69888K)->2253K(69888K)
[144.824s][info][gc,heap        ] GC(997) Tenured: 85057K(1398144K)->85057K(1398144K)
[144.824s][info][gc,metaspace   ] GC(997) Metaspace: 11832K(12160K)->11832K(12160K) NonClass: 10303K(10496K)->10303K(10496K) Class: 1528K(1664K)->1528K(1664K)
[144.824s][info][gc             ] GC(997) Pause Young (Allocation Failure) 630M->85M(1979M) 1.073ms
[144.824s][info][gc,cpu         ] GC(997) User=0.00s Sys=0.00s Real=0.00s
[144.958s][info][gc,start       ] GC(998) Pause Young (Allocation Failure)
[144.959s][info][gc,heap        ] GC(998) DefNew: 561485K(629120K)->2347K(629120K) Eden: 559232K(559232K)->0K(559232K) From: 2253K(69888K)->2347K(69888K)
[144.959s][info][gc,heap        ] GC(998) Tenured: 85057K(1398144K)->85057K(1398144K)
[144.959s][info][gc,metaspace   ] GC(998) Metaspace: 11832K(12160K)->11832K(12160K) NonClass: 10303K(10496K)->10303K(10496K) Class: 1528K(1664K)->1528K(1664K)
[144.959s][info][gc             ] GC(998) Pause Young (Allocation Failure) 631M->85M(1979M) 1.178ms
[144.959s][info][gc,cpu         ] GC(998) User=0.00s Sys=0.00s Real=0.00s
[145.098s][info][gc,start       ] GC(999) Pause Young (Allocation Failure)
[145.098s][info][gc,heap        ] GC(999) DefNew: 561579K(629120K)->324K(629120K) Eden: 559232K(559232K)->0K(559232K) From: 2347K(69888K)->324K(69888K)
[145.098s][info][gc,heap        ] GC(999) Tenured: 85057K(1398144K)->85057K(1398144K)
[145.098s][info][gc,metaspace   ] GC(999) Metaspace: 11832K(12160K)->11832K(12160K) NonClass: 10303K(10496K)->10303K(10496K) Class: 1528K(1664K)->1528K(1664K)
[145.098s][info][gc             ] GC(999) Pause Young (Allocation Failure) 631M->83M(1979M) 0.465ms
[145.098s][info][gc,cpu         ] GC(999) User=0.00s Sys=0.00s Real=0.00s
[145.233s][info][gc,start       ] GC(1000) Pause Young (Allocation Failure)
[145.234s][info][gc,heap        ] GC(1000) DefNew: 559556K(629120K)->804K(629120K) Eden: 559232K(559232K)->0K(559232K) From: 324K(69888K)->804K(69888K)
[145.234s][info][gc,heap        ] GC(1000) Tenured: 85057K(1398144K)->85057K(1398144K)
[145.234s][info][gc,metaspace   ] GC(1000) Metaspace: 11832K(12160K)->11832K(12160K) NonClass: 10303K(10496K)->10303K(10496K) Class: 1528K(1664K)->1528K(1664K)
[145.234s][info][gc             ] GC(1000) Pause Young (Allocation Failure) 629M->83M(1979M) 0.612ms
[145.234s][info][gc,cpu         ] GC(1000) User=0.00s Sys=0.00s Real=0.00s
[145.368s][info][gc,start       ] GC(1001) Pause Young (Allocation Failure)
[145.369s][info][gc,heap        ] GC(1001) DefNew: 560036K(629120K)->1170K(629120K) Eden: 559232K(559232K)->0K(559232K) From: 804K(69888K)->1170K(69888K)
[145.369s][info][gc,heap        ] GC(1001) Tenured: 85057K(1398144K)->85057K(1398144K)
[145.369s][info][gc,metaspace   ] GC(1001) Metaspace: 11832K(12160K)->11832K(12160K) NonClass: 10303K(10496K)->10303K(10496K) Class: 1528K(1664K)->1528K(1664K)
[145.369s][info][gc             ] GC(1001) Pause Young (Allocation Failure) 629M->84M(1979M) 0.746ms
[145.369s][info][gc,cpu         ] GC(1001) User=0.00s Sys=0.00s Real=0.00s
[145.508s][info][gc,start       ] GC(1002) Pause Young (Allocation Failure)
[145.508s][info][gc,heap        ] GC(1002) DefNew: 560402K(629120K)->1847K(629120K) Eden: 559232K(559232K)->0K(559232K) From: 1170K(69888K)->1847K(69888K)
[145.509s][info][gc,heap        ] GC(1002) Tenured: 85057K(1398144K)->85057K(1398144K)
[145.509s][info][gc,metaspace   ] GC(1002) Metaspace: 11832K(12160K)->11832K(12160K) NonClass: 10303K(10496K)->10303K(10496K) Class: 1528K(1664K)->1528K(1664K)
[145.509s][info][gc             ] GC(1002) Pause Young (Allocation Failure) 630M->84M(1979M) 0.948ms
[145.509s][info][gc,cpu         ] GC(1002) User=0.00s Sys=0.00s Real=0.00s
[145.644s][info][gc,start       ] GC(1003) Pause Young (Allocation Failure)
[145.645s][info][gc,heap        ] GC(1003) DefNew: 561079K(629120K)->1990K(629120K) Eden: 559232K(559232K)->0K(559232K) From: 1847K(69888K)->1990K(69888K)
[145.645s][info][gc,heap        ] GC(1003) Tenured: 85057K(1398144K)->85057K(1398144K)
[145.645s][info][gc,metaspace   ] GC(1003) Metaspace: 11832K(12160K)->11832K(12160K) NonClass: 10303K(10496K)->10303K(10496K) Class: 1528K(1664K)->1528K(1664K)
[145.645s][info][gc             ] GC(1003) Pause Young (Allocation Failure) 630M->85M(1979M) 0.995ms
[145.645s][info][gc,cpu         ] GC(1003) User=0.00s Sys=0.00s Real=0.00s
[145.779s][info][gc,start       ] GC(1004) Pause Young (Allocation Failure)
[145.780s][info][gc,heap        ] GC(1004) DefNew: 561222K(629120K)->2011K(629120K) Eden: 559232K(559232K)->0K(559232K) From: 1990K(69888K)->2011K(69888K)
[145.780s][info][gc,heap        ] GC(1004) Tenured: 85057K(1398144K)->85057K(1398144K)
[145.780s][info][gc,metaspace   ] GC(1004) Metaspace: 11832K(12160K)->11832K(12160K) NonClass: 10303K(10496K)->10303K(10496K) Class: 1528K(1664K)->1528K(1664K)
[145.780s][info][gc             ] GC(1004) Pause Young (Allocation Failure) 631M->85M(1979M) 0.971ms
[145.780s][info][gc,cpu         ] GC(1004) User=0.00s Sys=0.00s Real=0.00s
[145.914s][info][gc,start       ] GC(1005) Pause Young (Allocation Failure)
[145.915s][info][gc,heap        ] GC(1005) DefNew: 561243K(629120K)->2347K(629120K) Eden: 559232K(559232K)->0K(559232K) From: 2011K(69888K)->2347K(69888K)
[145.915s][info][gc,heap        ] GC(1005) Tenured: 85057K(1398144K)->85057K(1398144K)
[145.915s][info][gc,metaspace   ] GC(1005) Metaspace: 11832K(12160K)->11832K(12160K) NonClass: 10303K(10496K)->10303K(10496K) Class: 1528K(1664K)->1528K(1664K)
[145.915s][info][gc             ] GC(1005) Pause Young (Allocation Failure) 631M->85M(1979M) 1.170ms
[145.915s][info][gc,cpu         ] GC(1005) User=0.00s Sys=0.00s Real=0.00s
[146.054s][info][gc,start       ] GC(1006) Pause Young (Allocation Failure)
[146.054s][info][gc,heap        ] GC(1006) DefNew: 561579K(629120K)->134K(629120K) Eden: 559232K(559232K)->0K(559232K) From: 2347K(69888K)->134K(69888K)
[146.054s][info][gc,heap        ] GC(1006) Tenured: 85057K(1398144K)->85057K(1398144K)
[146.054s][info][gc,metaspace   ] GC(1006) Metaspace: 11832K(12160K)->11832K(12160K) NonClass: 10303K(10496K)->10303K(10496K) Class: 1528K(1664K)->1528K(1664K)
[146.054s][info][gc             ] GC(1006) Pause Young (Allocation Failure) 631M->83M(1979M) 0.403ms
[146.054s][info][gc,cpu         ] GC(1006) User=0.00s Sys=0.00s Real=0.00s
[146.188s][info][gc,start       ] GC(1007) Pause Young (Allocation Failure)
[146.189s][info][gc,heap        ] GC(1007) DefNew: 559366K(629120K)->507K(629120K) Eden: 559232K(559232K)->0K(559232K) From: 134K(69888K)->507K(69888K)
[146.189s][info][gc,heap        ] GC(1007) Tenured: 85057K(1398144K)->85057K(1398144K)
[146.189s][info][gc,metaspace   ] GC(1007) Metaspace: 11832K(12160K)->11832K(12160K) NonClass: 10303K(10496K)->10303K(10496K) Class: 1528K(1664K)->1528K(1664K)
[146.189s][info][gc             ] GC(1007) Pause Young (Allocation Failure) 629M->83M(1979M) 0.544ms
[146.189s][info][gc,cpu         ] GC(1007) User=0.00s Sys=0.00s Real=0.00s
[146.323s][info][gc,start       ] GC(1008) Pause Young (Allocation Failure)
[146.324s][info][gc,heap        ] GC(1008) DefNew: 559739K(629120K)->899K(629120K) Eden: 559232K(559232K)->0K(559232K) From: 507K(69888K)->899K(69888K)
[146.324s][info][gc,heap        ] GC(1008) Tenured: 85057K(1398144K)->85057K(1398144K)
[146.324s][info][gc,metaspace   ] GC(1008) Metaspace: 11832K(12160K)->11832K(12160K) NonClass: 10303K(10496K)->10303K(10496K) Class: 1528K(1664K)->1528K(1664K)
[146.324s][info][gc             ] GC(1008) Pause Young (Allocation Failure) 629M->83M(1979M) 0.729ms
[146.324s][info][gc,cpu         ] GC(1008) User=0.00s Sys=0.00s Real=0.02s
[146.455s][info][gc,start       ] GC(1009) Pause Full (System.gc())
[146.455s][info][gc,phases,start] GC(1009) Phase 1: Mark live objects
[146.507s][info][gc,phases      ] GC(1009) Phase 1: Mark live objects 52.324ms
[146.507s][info][gc,phases,start] GC(1009) Phase 2: Compute new object addresses
[146.561s][info][gc,phases      ] GC(1009) Phase 2: Compute new object addresses 53.929ms
[146.561s][info][gc,phases,start] GC(1009) Phase 3: Adjust pointers
[146.582s][info][gc,phases      ] GC(1009) Phase 3: Adjust pointers 21.174ms
[146.582s][info][gc,phases,start] GC(1009) Phase 4: Move objects
[146.582s][info][gc,phases      ] GC(1009) Phase 4: Move objects 0.008ms
[146.582s][info][gc,heap        ] GC(1009) DefNew: 539442K(629120K)->0K(629120K) Eden: 538543K(559232K)->0K(559232K) From: 899K(69888K)->0K(69888K)
[146.582s][info][gc,heap        ] GC(1009) Tenured: 85057K(1398144K)->85057K(1398144K)
[146.582s][info][gc,metaspace   ] GC(1009) Metaspace: 11832K(12160K)->11832K(12160K) NonClass: 10303K(10496K)->10303K(10496K) Class: 1528K(1664K)->1528K(1664K)
[146.582s][info][gc             ] GC(1009) Pause Full (System.gc()) 609M->83M(1979M) 127.723ms
[146.582s][info][gc,cpu         ] GC(1009) User=0.11s Sys=0.00s Real=0.13s
[146.726s][info][gc,start       ] GC(1010) Pause Young (Allocation Failure)
[146.727s][info][gc,heap        ] GC(1010) DefNew: 559232K(629120K)->489K(629120K) Eden: 559232K(559232K)->0K(559232K) From: 0K(69888K)->489K(69888K)
[146.727s][info][gc,heap        ] GC(1010) Tenured: 85057K(1398144K)->85057K(1398144K)
[146.727s][info][gc,metaspace   ] GC(1010) Metaspace: 11832K(12160K)->11832K(12160K) NonClass: 10303K(10496K)->10303K(10496K) Class: 1528K(1664K)->1528K(1664K)
[146.727s][info][gc             ] GC(1010) Pause Young (Allocation Failure) 629M->83M(1979M) 0.527ms
[146.727s][info][gc,cpu         ] GC(1010) User=0.00s Sys=0.00s Real=0.00s
[146.860s][info][gc,start       ] GC(1011) Pause Young (Allocation Failure)
[146.861s][info][gc,heap        ] GC(1011) DefNew: 559721K(629120K)->819K(629120K) Eden: 559232K(559232K)->0K(559232K) From: 489K(69888K)->819K(69888K)
[146.861s][info][gc,heap        ] GC(1011) Tenured: 85057K(1398144K)->85057K(1398144K)
[146.861s][info][gc,metaspace   ] GC(1011) Metaspace: 11832K(12160K)->11832K(12160K) NonClass: 10303K(10496K)->10303K(10496K) Class: 1528K(1664K)->1528K(1664K)
[146.861s][info][gc             ] GC(1011) Pause Young (Allocation Failure) 629M->83M(1979M) 0.620ms
[146.861s][info][gc,cpu         ] GC(1011) User=0.00s Sys=0.00s Real=0.00s
[146.995s][info][gc,start       ] GC(1012) Pause Young (Allocation Failure)
[146.995s][info][gc,heap        ] GC(1012) DefNew: 560051K(629120K)->1224K(629120K) Eden: 559232K(559232K)->0K(559232K) From: 819K(69888K)->1224K(69888K)
[146.995s][info][gc,heap        ] GC(1012) Tenured: 85057K(1398144K)->85057K(1398144K)
[146.995s][info][gc,metaspace   ] GC(1012) Metaspace: 11832K(12160K)->11832K(12160K) NonClass: 10303K(10496K)->10303K(10496K) Class: 1528K(1664K)->1528K(1664K)
[146.995s][info][gc             ] GC(1012) Pause Young (Allocation Failure) 629M->84M(1979M) 0.732ms
[146.995s][info][gc,cpu         ] GC(1012) User=0.00s Sys=0.00s Real=0.00s
[147.130s][info][gc,start       ] GC(1013) Pause Young (Allocation Failure)
[147.131s][info][gc,heap        ] GC(1013) DefNew: 560456K(629120K)->1619K(629120K) Eden: 559232K(559232K)->0K(559232K) From: 1224K(69888K)->1619K(69888K)
[147.131s][info][gc,heap        ] GC(1013) Tenured: 85057K(1398144K)->85057K(1398144K)
[147.131s][info][gc,metaspace   ] GC(1013) Metaspace: 11832K(12160K)->11832K(12160K) NonClass: 10303K(10496K)->10303K(10496K) Class: 1528K(1664K)->1528K(1664K)
[147.131s][info][gc             ] GC(1013) Pause Young (Allocation Failure) 630M->84M(1979M) 0.913ms
[147.131s][info][gc,cpu         ] GC(1013) User=0.00s Sys=0.00s Real=0.00s
[147.265s][info][gc,start       ] GC(1014) Pause Young (Allocation Failure)
[147.266s][info][gc,heap        ] GC(1014) DefNew: 560851K(629120K)->1722K(629120K) Eden: 559232K(559232K)->0K(559232K) From: 1619K(69888K)->1722K(69888K)
[147.266s][info][gc,heap        ] GC(1014) Tenured: 85057K(1398144K)->85057K(1398144K)
[147.266s][info][gc,metaspace   ] GC(1014) Metaspace: 11832K(12160K)->11832K(12160K) NonClass: 10303K(10496K)->10303K(10496K) Class: 1528K(1664K)->1528K(1664K)
[147.266s][info][gc             ] GC(1014) Pause Young (Allocation Failure) 630M->84M(1979M) 0.987ms
[147.266s][info][gc,cpu         ] GC(1014) User=0.02s Sys=0.00s Real=0.02s
[147.400s][info][gc,start       ] GC(1015) Pause Young (Allocation Failure)
[147.401s][info][gc,heap        ] GC(1015) DefNew: 560954K(629120K)->1927K(629120K) Eden: 559232K(559232K)->0K(559232K) From: 1722K(69888K)->1927K(69888K)
[147.401s][info][gc,heap        ] GC(1015) Tenured: 85057K(1398144K)->85057K(1398144K)
[147.401s][info][gc,metaspace   ] GC(1015) Metaspace: 11832K(12160K)->11832K(12160K) NonClass: 10303K(10496K)->10303K(10496K) Class: 1528K(1664K)->1528K(1664K)
[147.401s][info][gc             ] GC(1015) Pause Young (Allocation Failure) 630M->84M(1979M) 0.942ms
[147.401s][info][gc,cpu         ] GC(1015) User=0.00s Sys=0.00s Real=0.00s
[147.540s][info][gc,start       ] GC(1016) Pause Young (Allocation Failure)
[147.541s][info][gc,heap        ] GC(1016) DefNew: 561125K(629120K)->2496K(629120K) Eden: 559198K(559232K)->0K(559232K) From: 1927K(69888K)->2496K(69888K)
[147.541s][info][gc,heap        ] GC(1016) Tenured: 85057K(1398144K)->85057K(1398144K)
[147.541s][info][gc,metaspace   ] GC(1016) Metaspace: 11832K(12160K)->11832K(12160K) NonClass: 10303K(10496K)->10303K(10496K) Class: 1528K(1664K)->1528K(1664K)
[147.541s][info][gc             ] GC(1016) Pause Young (Allocation Failure) 631M->85M(1979M) 1.209ms
[147.541s][info][gc,cpu         ] GC(1016) User=0.00s Sys=0.00s Real=0.00s
[147.676s][info][gc,start       ] GC(1017) Pause Young (Allocation Failure)
[147.677s][info][gc,heap        ] GC(1017) DefNew: 561360K(629120K)->2737K(629120K) Eden: 558864K(559232K)->0K(559232K) From: 2496K(69888K)->2737K(69888K)
[147.677s][info][gc,heap        ] GC(1017) Tenured: 85057K(1398144K)->85057K(1398144K)
[147.677s][info][gc,metaspace   ] GC(1017) Metaspace: 11832K(12160K)->11832K(12160K) NonClass: 10303K(10496K)->10303K(10496K) Class: 1528K(1664K)->1528K(1664K)
[147.677s][info][gc             ] GC(1017) Pause Young (Allocation Failure) 631M->85M(1979M) 1.311ms
[147.677s][info][gc,cpu         ] GC(1017) User=0.00s Sys=0.00s Real=0.00s
[147.818s][info][gc,start       ] GC(1018) Pause Young (Allocation Failure)
[147.819s][info][gc,heap        ] GC(1018) DefNew: 561969K(629120K)->371K(629120K) Eden: 559232K(559232K)->0K(559232K) From: 2737K(69888K)->371K(69888K)
[147.819s][info][gc,heap        ] GC(1018) Tenured: 85057K(1398144K)->85057K(1398144K)
[147.819s][info][gc,metaspace   ] GC(1018) Metaspace: 11832K(12160K)->11832K(12160K) NonClass: 10303K(10496K)->10303K(10496K) Class: 1528K(1664K)->1528K(1664K)
[147.819s][info][gc             ] GC(1018) Pause Young (Allocation Failure) 631M->83M(1979M) 0.501ms
[147.819s][info][gc,cpu         ] GC(1018) User=0.00s Sys=0.00s Real=0.00s
[147.953s][info][gc,start       ] GC(1019) Pause Young (Allocation Failure)
[147.954s][info][gc,heap        ] GC(1019) DefNew: 559603K(629120K)->840K(629120K) Eden: 559232K(559232K)->0K(559232K) From: 371K(69888K)->840K(69888K)
[147.954s][info][gc,heap        ] GC(1019) Tenured: 85057K(1398144K)->85057K(1398144K)
[147.954s][info][gc,metaspace   ] GC(1019) Metaspace: 11832K(12160K)->11832K(12160K) NonClass: 10303K(10496K)->10303K(10496K) Class: 1528K(1664K)->1528K(1664K)
[147.954s][info][gc             ] GC(1019) Pause Young (Allocation Failure) 629M->83M(1979M) 0.601ms
[147.954s][info][gc,cpu         ] GC(1019) User=0.00s Sys=0.00s Real=0.00s
[148.089s][info][gc,start       ] GC(1020) Pause Young (Allocation Failure)
[148.089s][info][gc,heap        ] GC(1020) DefNew: 560072K(629120K)->1177K(629120K) Eden: 559232K(559232K)->0K(559232K) From: 840K(69888K)->1177K(69888K)
[148.089s][info][gc,heap        ] GC(1020) Tenured: 85057K(1398144K)->85057K(1398144K)
[148.089s][info][gc,metaspace   ] GC(1020) Metaspace: 11832K(12160K)->11832K(12160K) NonClass: 10303K(10496K)->10303K(10496K) Class: 1528K(1664K)->1528K(1664K)
[148.089s][info][gc             ] GC(1020) Pause Young (Allocation Failure) 630M->84M(1979M) 0.714ms
[148.089s][info][gc,cpu         ] GC(1020) User=0.00s Sys=0.00s Real=0.00s
[148.224s][info][gc,start       ] GC(1021) Pause Young (Allocation Failure)
[148.225s][info][gc,heap        ] GC(1021) DefNew: 560409K(629120K)->1726K(629120K) Eden: 559232K(559232K)->0K(559232K) From: 1177K(69888K)->1726K(69888K)
[148.225s][info][gc,heap        ] GC(1021) Tenured: 85057K(1398144K)->85057K(1398144K)
[148.225s][info][gc,metaspace   ] GC(1021) Metaspace: 11832K(12160K)->11832K(12160K) NonClass: 10303K(10496K)->10303K(10496K) Class: 1528K(1664K)->1528K(1664K)
[148.225s][info][gc             ] GC(1021) Pause Young (Allocation Failure) 630M->84M(1979M) 0.913ms
[148.225s][info][gc,cpu         ] GC(1021) User=0.00s Sys=0.00s Real=0.00s
[148.360s][info][gc,start       ] GC(1022) Pause Young (Allocation Failure)
[148.361s][info][gc,heap        ] GC(1022) DefNew: 560958K(629120K)->2009K(629120K) Eden: 559232K(559232K)->0K(559232K) From: 1726K(69888K)->2009K(69888K)
[148.361s][info][gc,heap        ] GC(1022) Tenured: 85057K(1398144K)->85057K(1398144K)
[148.361s][info][gc,metaspace   ] GC(1022) Metaspace: 11832K(12160K)->11832K(12160K) NonClass: 10303K(10496K)->10303K(10496K) Class: 1528K(1664K)->1528K(1664K)
[148.361s][info][gc             ] GC(1022) Pause Young (Allocation Failure) 630M->85M(1979M) 0.975ms
[148.361s][info][gc,cpu         ] GC(1022) User=0.00s Sys=0.00s Real=0.00s
[148.499s][info][gc,start       ] GC(1023) Pause Young (Allocation Failure)
[148.500s][info][gc,heap        ] GC(1023) DefNew: 561120K(629120K)->2545K(629120K) Eden: 559110K(559232K)->0K(559232K) From: 2009K(69888K)->2545K(69888K)
[148.500s][info][gc,heap        ] GC(1023) Tenured: 85057K(1398144K)->85057K(1398144K)
[148.500s][info][gc,metaspace   ] GC(1023) Metaspace: 11832K(12160K)->11832K(12160K) NonClass: 10303K(10496K)->10303K(10496K) Class: 1528K(1664K)->1528K(1664K)
[148.500s][info][gc             ] GC(1023) Pause Young (Allocation Failure) 631M->85M(1979M) 1.257ms
[148.500s][info][gc,cpu         ] GC(1023) User=0.00s Sys=0.00s Real=0.00s
[148.636s][info][gc,start       ] GC(1024) Pause Young (Allocation Failure)
[148.637s][info][gc,heap        ] GC(1024) DefNew: 561777K(629120K)->2934K(629120K) Eden: 559232K(559232K)->0K(559232K) From: 2545K(69888K)->2934K(69888K)
[148.637s][info][gc,heap        ] GC(1024) Tenured: 85057K(1398144K)->85057K(1398144K)
[148.637s][info][gc,metaspace   ] GC(1024) Metaspace: 11832K(12160K)->11832K(12160K) NonClass: 10303K(10496K)->10303K(10496K) Class: 1528K(1664K)->1528K(1664K)
[148.637s][info][gc             ] GC(1024) Pause Young (Allocation Failure) 631M->85M(1979M) 1.342ms
[148.637s][info][gc,cpu         ] GC(1024) User=0.00s Sys=0.00s Real=0.00s
[148.776s][info][gc,start       ] GC(1025) Pause Young (Allocation Failure)
[148.777s][info][gc,heap        ] GC(1025) DefNew: 562166K(629120K)->486K(629120K) Eden: 559232K(559232K)->0K(559232K) From: 2934K(69888K)->486K(69888K)
[148.777s][info][gc,heap        ] GC(1025) Tenured: 85057K(1398144K)->85057K(1398144K)
[148.777s][info][gc,metaspace   ] GC(1025) Metaspace: 11832K(12160K)->11832K(12160K) NonClass: 10303K(10496K)->10303K(10496K) Class: 1528K(1664K)->1528K(1664K)
[148.777s][info][gc             ] GC(1025) Pause Young (Allocation Failure) 632M->83M(1979M) 0.616ms
[148.777s][info][gc,cpu         ] GC(1025) User=0.00s Sys=0.00s Real=0.00s
[148.910s][info][gc,start       ] GC(1026) Pause Young (Allocation Failure)
[148.911s][info][gc,heap        ] GC(1026) DefNew: 559718K(629120K)->837K(629120K) Eden: 559232K(559232K)->0K(559232K) From: 486K(69888K)->837K(69888K)
[148.911s][info][gc,heap        ] GC(1026) Tenured: 85057K(1398144K)->85057K(1398144K)
[148.911s][info][gc,metaspace   ] GC(1026) Metaspace: 11832K(12160K)->11832K(12160K) NonClass: 10303K(10496K)->10303K(10496K) Class: 1528K(1664K)->1528K(1664K)
[148.911s][info][gc             ] GC(1026) Pause Young (Allocation Failure) 629M->83M(1979M) 0.627ms
[148.911s][info][gc,cpu         ] GC(1026) User=0.00s Sys=0.00s Real=0.00s
[149.043s][info][gc,start       ] GC(1027) Pause Full (System.gc())
[149.043s][info][gc,phases,start] GC(1027) Phase 1: Mark live objects
[149.095s][info][gc,phases      ] GC(1027) Phase 1: Mark live objects 52.321ms
[149.095s][info][gc,phases,start] GC(1027) Phase 2: Compute new object addresses
[149.149s][info][gc,phases      ] GC(1027) Phase 2: Compute new object addresses 53.717ms
[149.149s][info][gc,phases,start] GC(1027) Phase 3: Adjust pointers
[149.170s][info][gc,phases      ] GC(1027) Phase 3: Adjust pointers 21.536ms
[149.170s][info][gc,phases,start] GC(1027) Phase 4: Move objects
[149.170s][info][gc,phases      ] GC(1027) Phase 4: Move objects 0.009ms
[149.170s][info][gc,heap        ] GC(1027) DefNew: 540578K(629120K)->0K(629120K) Eden: 539740K(559232K)->0K(559232K) From: 837K(69888K)->0K(69888K)
[149.170s][info][gc,heap        ] GC(1027) Tenured: 85057K(1398144K)->85057K(1398144K)
[149.170s][info][gc,metaspace   ] GC(1027) Metaspace: 11832K(12160K)->11832K(12160K) NonClass: 10303K(10496K)->10303K(10496K) Class: 1528K(1664K)->1528K(1664K)
[149.170s][info][gc             ] GC(1027) Pause Full (System.gc()) 610M->83M(1979M) 127.872ms
[149.170s][info][gc,cpu         ] GC(1027) User=0.11s Sys=0.00s Real=0.13s
[149.314s][info][gc,start       ] GC(1028) Pause Young (Allocation Failure)
[149.314s][info][gc,heap        ] GC(1028) DefNew: 559232K(629120K)->461K(629120K) Eden: 559232K(559232K)->0K(559232K) From: 0K(69888K)->461K(69888K)
[149.314s][info][gc,heap        ] GC(1028) Tenured: 85057K(1398144K)->85057K(1398144K)
[149.314s][info][gc,metaspace   ] GC(1028) Metaspace: 11832K(12160K)->11832K(12160K) NonClass: 10303K(10496K)->10303K(10496K) Class: 1528K(1664K)->1528K(1664K)
[149.314s][info][gc             ] GC(1028) Pause Young (Allocation Failure) 629M->83M(1979M) 0.531ms
[149.314s][info][gc,cpu         ] GC(1028) User=0.00s Sys=0.00s Real=0.00s
[149.448s][info][gc,start       ] GC(1029) Pause Young (Allocation Failure)
[149.448s][info][gc,heap        ] GC(1029) DefNew: 559693K(629120K)->853K(629120K) Eden: 559232K(559232K)->0K(559232K) From: 461K(69888K)->853K(69888K)
[149.448s][info][gc,heap        ] GC(1029) Tenured: 85057K(1398144K)->85057K(1398144K)
[149.448s][info][gc,metaspace   ] GC(1029) Metaspace: 11832K(12160K)->11832K(12160K) NonClass: 10303K(10496K)->10303K(10496K) Class: 1528K(1664K)->1528K(1664K)
[149.448s][info][gc             ] GC(1029) Pause Young (Allocation Failure) 629M->83M(1979M) 0.617ms
[149.448s][info][gc,cpu         ] GC(1029) User=0.00s Sys=0.00s Real=0.00s
[149.588s][info][gc,start       ] GC(1030) Pause Young (Allocation Failure)
[149.589s][info][gc,heap        ] GC(1030) DefNew: 560085K(629120K)->1166K(629120K) Eden: 559232K(559232K)->0K(559232K) From: 853K(69888K)->1166K(69888K)
[149.589s][info][gc,heap        ] GC(1030) Tenured: 85057K(1398144K)->85057K(1398144K)
[149.589s][info][gc,metaspace   ] GC(1030) Metaspace: 11832K(12160K)->11832K(12160K) NonClass: 10303K(10496K)->10303K(10496K) Class: 1528K(1664K)->1528K(1664K)
[149.589s][info][gc             ] GC(1030) Pause Young (Allocation Failure) 630M->84M(1979M) 0.758ms
[149.589s][info][gc,cpu         ] GC(1030) User=0.00s Sys=0.00s Real=0.02s
[149.724s][info][gc,start       ] GC(1031) Pause Young (Allocation Failure)
[149.725s][info][gc,heap        ] GC(1031) DefNew: 560398K(629120K)->1855K(629120K) Eden: 559232K(559232K)->0K(559232K) From: 1166K(69888K)->1855K(69888K)
[149.725s][info][gc,heap        ] GC(1031) Tenured: 85057K(1398144K)->85057K(1398144K)
[149.725s][info][gc,metaspace   ] GC(1031) Metaspace: 11832K(12160K)->11832K(12160K) NonClass: 10303K(10496K)->10303K(10496K) Class: 1528K(1664K)->1528K(1664K)
[149.725s][info][gc             ] GC(1031) Pause Young (Allocation Failure) 630M->84M(1979M) 0.927ms
[149.725s][info][gc,cpu         ] GC(1031) User=0.00s Sys=0.00s Real=0.00s
[149.860s][info][gc,start       ] GC(1032) Pause Young (Allocation Failure)
[149.861s][info][gc,heap        ] GC(1032) DefNew: 561087K(629120K)->1876K(629120K) Eden: 559232K(559232K)->0K(559232K) From: 1855K(69888K)->1876K(69888K)
[149.861s][info][gc,heap        ] GC(1032) Tenured: 85057K(1398144K)->85057K(1398144K)
[149.861s][info][gc,metaspace   ] GC(1032) Metaspace: 11832K(12160K)->11832K(12160K) NonClass: 10303K(10496K)->10303K(10496K) Class: 1528K(1664K)->1528K(1664K)
[149.861s][info][gc             ] GC(1032) Pause Young (Allocation Failure) 631M->84M(1979M) 0.928ms
[149.861s][info][gc,cpu         ] GC(1032) User=0.00s Sys=0.00s Real=0.00s
[149.994s][info][gc,start       ] GC(1033) Pause Young (Allocation Failure)
[149.995s][info][gc,heap        ] GC(1033) DefNew: 561108K(629120K)->2639K(629120K) Eden: 559232K(559232K)->0K(559232K) From: 1876K(69888K)->2639K(69888K)
[149.995s][info][gc,heap        ] GC(1033) Tenured: 85057K(1398144K)->85057K(1398144K)
[149.995s][info][gc,metaspace   ] GC(1033) Metaspace: 11832K(12160K)->11832K(12160K) NonClass: 10303K(10496K)->10303K(10496K) Class: 1528K(1664K)->1528K(1664K)
[149.995s][info][gc             ] GC(1033) Pause Young (Allocation Failure) 631M->85M(1979M) 1.239ms
[149.995s][info][gc,cpu         ] GC(1033) User=0.00s Sys=0.00s Real=0.00s
[150.135s][info][gc,start       ] GC(1034) Pause Young (Allocation Failure)
[150.135s][info][gc,heap        ] GC(1034) DefNew: 561871K(629120K)->105K(629120K) Eden: 559232K(559232K)->0K(559232K) From: 2639K(69888K)->105K(69888K)
[150.135s][info][gc,heap        ] GC(1034) Tenured: 85057K(1398144K)->85057K(1398144K)
[150.135s][info][gc,metaspace   ] GC(1034) Metaspace: 11832K(12160K)->11832K(12160K) NonClass: 10303K(10496K)->10303K(10496K) Class: 1528K(1664K)->1528K(1664K)
[150.135s][info][gc             ] GC(1034) Pause Young (Allocation Failure) 631M->83M(1979M) 0.407ms
[150.135s][info][gc,cpu         ] GC(1034) User=0.00s Sys=0.00s Real=0.00s
[150.270s][info][gc,start       ] GC(1035) Pause Young (Allocation Failure)
[150.270s][info][gc,heap        ] GC(1035) DefNew: 559337K(629120K)->602K(629120K) Eden: 559232K(559232K)->0K(559232K) From: 105K(69888K)->602K(69888K)
[150.270s][info][gc,heap        ] GC(1035) Tenured: 85057K(1398144K)->85057K(1398144K)
[150.270s][info][gc,metaspace   ] GC(1035) Metaspace: 11832K(12160K)->11832K(12160K) NonClass: 10303K(10496K)->10303K(10496K) Class: 1528K(1664K)->1528K(1664K)
[150.270s][info][gc             ] GC(1035) Pause Young (Allocation Failure) 629M->83M(1979M) 0.553ms
[150.270s][info][gc,cpu         ] GC(1035) User=0.00s Sys=0.00s Real=0.00s
[150.405s][info][gc,start       ] GC(1036) Pause Young (Allocation Failure)
[150.405s][info][gc,heap        ] GC(1036) DefNew: 559834K(629120K)->1123K(629120K) Eden: 559232K(559232K)->0K(559232K) From: 602K(69888K)->1123K(69888K)
[150.405s][info][gc,heap        ] GC(1036) Tenured: 85057K(1398144K)->85057K(1398144K)
[150.405s][info][gc,metaspace   ] GC(1036) Metaspace: 11833K(12160K)->11833K(12160K) NonClass: 10304K(10496K)->10304K(10496K) Class: 1528K(1664K)->1528K(1664K)
[150.405s][info][gc             ] GC(1036) Pause Young (Allocation Failure) 629M->84M(1979M) 0.734ms
[150.405s][info][gc,cpu         ] GC(1036) User=0.00s Sys=0.00s Real=0.00s
[150.546s][info][gc,start       ] GC(1037) Pause Young (Allocation Failure)
[150.547s][info][gc,heap        ] GC(1037) DefNew: 560355K(629120K)->1408K(629120K) Eden: 559232K(559232K)->0K(559232K) From: 1123K(69888K)->1408K(69888K)
[150.547s][info][gc,heap        ] GC(1037) Tenured: 85057K(1398144K)->85057K(1398144K)
[150.547s][info][gc,metaspace   ] GC(1037) Metaspace: 11833K(12160K)->11833K(12160K) NonClass: 10304K(10496K)->10304K(10496K) Class: 1528K(1664K)->1528K(1664K)
[150.547s][info][gc             ] GC(1037) Pause Young (Allocation Failure) 630M->84M(1979M) 0.823ms
[150.547s][info][gc,cpu         ] GC(1037) User=0.00s Sys=0.00s Real=0.00s
[150.680s][info][gc,start       ] GC(1038) Pause Young (Allocation Failure)
[150.681s][info][gc,heap        ] GC(1038) DefNew: 560640K(629120K)->1699K(629120K) Eden: 559232K(559232K)->0K(559232K) From: 1408K(69888K)->1699K(69888K)
[150.681s][info][gc,heap        ] GC(1038) Tenured: 85057K(1398144K)->85057K(1398144K)
[150.681s][info][gc,metaspace   ] GC(1038) Metaspace: 11833K(12160K)->11833K(12160K) NonClass: 10304K(10496K)->10304K(10496K) Class: 1528K(1664K)->1528K(1664K)
[150.681s][info][gc             ] GC(1038) Pause Young (Allocation Failure) 630M->84M(1979M) 0.915ms
[150.681s][info][gc,cpu         ] GC(1038) User=0.00s Sys=0.00s Real=0.00s
[150.816s][info][gc,start       ] GC(1039) Pause Young (Allocation Failure)
[150.817s][info][gc,heap        ] GC(1039) DefNew: 560931K(629120K)->1930K(629120K) Eden: 559232K(559232K)->0K(559232K) From: 1699K(69888K)->1930K(69888K)
[150.817s][info][gc,heap        ] GC(1039) Tenured: 85057K(1398144K)->85057K(1398144K)
[150.817s][info][gc,metaspace   ] GC(1039) Metaspace: 11833K(12160K)->11833K(12160K) NonClass: 10304K(10496K)->10304K(10496K) Class: 1528K(1664K)->1528K(1664K)
[150.817s][info][gc             ] GC(1039) Pause Young (Allocation Failure) 630M->84M(1979M) 0.943ms
[150.817s][info][gc,cpu         ] GC(1039) User=0.00s Sys=0.00s Real=0.00s
[150.950s][info][gc,start       ] GC(1040) Pause Young (Allocation Failure)
[150.951s][info][gc,heap        ] GC(1040) DefNew: 561162K(629120K)->2325K(629120K) Eden: 559232K(559232K)->0K(559232K) From: 1930K(69888K)->2325K(69888K)
[150.951s][info][gc,heap        ] GC(1040) Tenured: 85057K(1398144K)->85057K(1398144K)
[150.951s][info][gc,metaspace   ] GC(1040) Metaspace: 11833K(12160K)->11833K(12160K) NonClass: 10304K(10496K)->10304K(10496K) Class: 1528K(1664K)->1528K(1664K)
[150.951s][info][gc             ] GC(1040) Pause Young (Allocation Failure) 631M->85M(1979M) 1.155ms
[150.951s][info][gc,cpu         ] GC(1040) User=0.00s Sys=0.00s Real=0.00s
[151.086s][info][gc,start       ] GC(1041) Pause Young (Allocation Failure)
[151.087s][info][gc,heap        ] GC(1041) DefNew: 561557K(629120K)->2738K(629120K) Eden: 559232K(559232K)->0K(559232K) From: 2325K(69888K)->2738K(69888K)
[151.087s][info][gc,heap        ] GC(1041) Tenured: 85057K(1398144K)->85057K(1398144K)
[151.087s][info][gc,metaspace   ] GC(1041) Metaspace: 11833K(12160K)->11833K(12160K) NonClass: 10304K(10496K)->10304K(10496K) Class: 1528K(1664K)->1528K(1664K)
[151.087s][info][gc             ] GC(1041) Pause Young (Allocation Failure) 631M->85M(1979M) 1.300ms
[151.087s][info][gc,cpu         ] GC(1041) User=0.00s Sys=0.00s Real=0.00s
[151.225s][info][gc,start       ] GC(1042) Pause Young (Allocation Failure)
[151.226s][info][gc,heap        ] GC(1042) DefNew: 561970K(629120K)->465K(629120K) Eden: 559232K(559232K)->0K(559232K) From: 2738K(69888K)->465K(69888K)
[151.226s][info][gc,heap        ] GC(1042) Tenured: 85057K(1398144K)->85057K(1398144K)
[151.226s][info][gc,metaspace   ] GC(1042) Metaspace: 11833K(12160K)->11833K(12160K) NonClass: 10304K(10496K)->10304K(10496K) Class: 1528K(1664K)->1528K(1664K)
[151.226s][info][gc             ] GC(1042) Pause Young (Allocation Failure) 631M->83M(1979M) 0.501ms
[151.226s][info][gc,cpu         ] GC(1042) User=0.00s Sys=0.00s Real=0.00s
[151.361s][info][gc,start       ] GC(1043) Pause Young (Allocation Failure)
[151.361s][info][gc,heap        ] GC(1043) DefNew: 559697K(629120K)->899K(629120K) Eden: 559232K(559232K)->0K(559232K) From: 465K(69888K)->899K(69888K)
[151.361s][info][gc,heap        ] GC(1043) Tenured: 85057K(1398144K)->85057K(1398144K)
[151.361s][info][gc,metaspace   ] GC(1043) Metaspace: 11833K(12160K)->11833K(12160K) NonClass: 10304K(10496K)->10304K(10496K) Class: 1528K(1664K)->1528K(1664K)
[151.361s][info][gc             ] GC(1043) Pause Young (Allocation Failure) 629M->83M(1979M) 0.622ms
[151.361s][info][gc,cpu         ] GC(1043) User=0.00s Sys=0.00s Real=0.00s
[151.499s][info][gc,start       ] GC(1044) Pause Young (Allocation Failure)
[151.499s][info][gc,heap        ] GC(1044) DefNew: 560131K(629120K)->1293K(629120K) Eden: 559232K(559232K)->0K(559232K) From: 899K(69888K)->1293K(69888K)
[151.499s][info][gc,heap        ] GC(1044) Tenured: 85057K(1398144K)->85057K(1398144K)
[151.499s][info][gc,metaspace   ] GC(1044) Metaspace: 11833K(12160K)->11833K(12160K) NonClass: 10304K(10496K)->10304K(10496K) Class: 1528K(1664K)->1528K(1664K)
[151.499s][info][gc             ] GC(1044) Pause Young (Allocation Failure) 630M->84M(1979M) 0.826ms
[151.499s][info][gc,cpu         ] GC(1044) User=0.00s Sys=0.00s Real=0.00s
[151.631s][info][gc,start       ] GC(1045) Pause Full (System.gc())
[151.632s][info][gc,phases,start] GC(1045) Phase 1: Mark live objects
[151.683s][info][gc,phases      ] GC(1045) Phase 1: Mark live objects 51.240ms
[151.683s][info][gc,phases,start] GC(1045) Phase 2: Compute new object addresses
[151.736s][info][gc,phases      ] GC(1045) Phase 2: Compute new object addresses 53.560ms
[151.736s][info][gc,phases,start] GC(1045) Phase 3: Adjust pointers
[151.758s][info][gc,phases      ] GC(1045) Phase 3: Adjust pointers 21.064ms
[151.758s][info][gc,phases,start] GC(1045) Phase 4: Move objects
[151.758s][info][gc,phases      ] GC(1045) Phase 4: Move objects 0.008ms
[151.758s][info][gc,heap        ] GC(1045) DefNew: 535373K(629120K)->0K(629120K) Eden: 534079K(559232K)->0K(559232K) From: 1293K(69888K)->0K(69888K)
[151.758s][info][gc,heap        ] GC(1045) Tenured: 85057K(1398144K)->85057K(1398144K)
[151.758s][info][gc,metaspace   ] GC(1045) Metaspace: 11833K(12160K)->11833K(12160K) NonClass: 10304K(10496K)->10304K(10496K) Class: 1528K(1664K)->1528K(1664K)
[151.758s][info][gc             ] GC(1045) Pause Full (System.gc()) 605M->83M(1979M) 126.168ms
[151.758s][info][gc,cpu         ] GC(1045) User=0.11s Sys=0.00s Real=0.13s
[151.898s][info][gc,start       ] GC(1046) Pause Young (Allocation Failure)
[151.898s][info][gc,heap        ] GC(1046) DefNew: 559232K(629120K)->456K(629120K) Eden: 559232K(559232K)->0K(559232K) From: 0K(69888K)->456K(69888K)
[151.898s][info][gc,heap        ] GC(1046) Tenured: 85057K(1398144K)->85057K(1398144K)
[151.898s][info][gc,metaspace   ] GC(1046) Metaspace: 11833K(12160K)->11833K(12160K) NonClass: 10304K(10496K)->10304K(10496K) Class: 1528K(1664K)->1528K(1664K)
[151.898s][info][gc             ] GC(1046) Pause Young (Allocation Failure) 629M->83M(1979M) 0.494ms
[151.898s][info][gc,cpu         ] GC(1046) User=0.00s Sys=0.00s Real=0.00s
[152.032s][info][gc,start       ] GC(1047) Pause Young (Allocation Failure)
[152.033s][info][gc,heap        ] GC(1047) DefNew: 559688K(629120K)->879K(629120K) Eden: 559232K(559232K)->0K(559232K) From: 456K(69888K)->879K(69888K)
[152.033s][info][gc,heap        ] GC(1047) Tenured: 85057K(1398144K)->85057K(1398144K)
[152.033s][info][gc,metaspace   ] GC(1047) Metaspace: 11833K(12160K)->11833K(12160K) NonClass: 10304K(10496K)->10304K(10496K) Class: 1528K(1664K)->1528K(1664K)
[152.033s][info][gc             ] GC(1047) Pause Young (Allocation Failure) 629M->83M(1979M) 0.617ms
[152.033s][info][gc,cpu         ] GC(1047) User=0.00s Sys=0.00s Real=0.00s
[152.168s][info][gc,start       ] GC(1048) Pause Young (Allocation Failure)
[152.168s][info][gc,heap        ] GC(1048) DefNew: 560111K(629120K)->1243K(629120K) Eden: 559232K(559232K)->0K(559232K) From: 879K(69888K)->1243K(69888K)
[152.168s][info][gc,heap        ] GC(1048) Tenured: 85057K(1398144K)->85057K(1398144K)
[152.168s][info][gc,metaspace   ] GC(1048) Metaspace: 11833K(12160K)->11833K(12160K) NonClass: 10304K(10496K)->10304K(10496K) Class: 1528K(1664K)->1528K(1664K)
[152.168s][info][gc             ] GC(1048) Pause Young (Allocation Failure) 630M->84M(1979M) 0.752ms
[152.168s][info][gc,cpu         ] GC(1048) User=0.00s Sys=0.00s Real=0.00s
[152.303s][info][gc,start       ] GC(1049) Pause Young (Allocation Failure)
[152.304s][info][gc,heap        ] GC(1049) DefNew: 560475K(629120K)->1518K(629120K) Eden: 559232K(559232K)->0K(559232K) From: 1243K(69888K)->1518K(69888K)
[152.304s][info][gc,heap        ] GC(1049) Tenured: 85057K(1398144K)->85057K(1398144K)
[152.304s][info][gc,metaspace   ] GC(1049) Metaspace: 11833K(12160K)->11833K(12160K) NonClass: 10304K(10496K)->10304K(10496K) Class: 1528K(1664K)->1528K(1664K)
[152.304s][info][gc             ] GC(1049) Pause Young (Allocation Failure) 630M->84M(1979M) 0.837ms
[152.304s][info][gc,cpu         ] GC(1049) User=0.00s Sys=0.00s Real=0.00s
[152.438s][info][gc,start       ] GC(1050) Pause Young (Allocation Failure)
[152.439s][info][gc,heap        ] GC(1050) DefNew: 560750K(629120K)->1866K(629120K) Eden: 559232K(559232K)->0K(559232K) From: 1518K(69888K)->1866K(69888K)
[152.439s][info][gc,heap        ] GC(1050) Tenured: 85057K(1398144K)->85057K(1398144K)
[152.439s][info][gc,metaspace   ] GC(1050) Metaspace: 11833K(12160K)->11833K(12160K) NonClass: 10304K(10496K)->10304K(10496K) Class: 1528K(1664K)->1528K(1664K)
[152.439s][info][gc             ] GC(1050) Pause Young (Allocation Failure) 630M->84M(1979M) 0.931ms
[152.439s][info][gc,cpu         ] GC(1050) User=0.00s Sys=0.00s Real=0.00s
[152.578s][info][gc,start       ] GC(1051) Pause Young (Allocation Failure)
[152.579s][info][gc,heap        ] GC(1051) DefNew: 561098K(629120K)->1975K(629120K) Eden: 559232K(559232K)->0K(559232K) From: 1866K(69888K)->1975K(69888K)
[152.579s][info][gc,heap        ] GC(1051) Tenured: 85057K(1398144K)->85057K(1398144K)
[152.579s][info][gc,metaspace   ] GC(1051) Metaspace: 11833K(12160K)->11833K(12160K) NonClass: 10304K(10496K)->10304K(10496K) Class: 1528K(1664K)->1528K(1664K)
[152.579s][info][gc             ] GC(1051) Pause Young (Allocation Failure) 631M->84M(1979M) 0.989ms
[152.579s][info][gc,cpu         ] GC(1051) User=0.00s Sys=0.00s Real=0.00s
[152.714s][info][gc,start       ] GC(1052) Pause Young (Allocation Failure)
[152.715s][info][gc,heap        ] GC(1052) DefNew: 561207K(629120K)->2836K(629120K) Eden: 559232K(559232K)->0K(559232K) From: 1975K(69888K)->2836K(69888K)
[152.715s][info][gc,heap        ] GC(1052) Tenured: 85057K(1398144K)->85057K(1398144K)
[152.715s][info][gc,metaspace   ] GC(1052) Metaspace: 11833K(12160K)->11833K(12160K) NonClass: 10304K(10496K)->10304K(10496K) Class: 1528K(1664K)->1528K(1664K)
[152.715s][info][gc             ] GC(1052) Pause Young (Allocation Failure) 631M->85M(1979M) 1.324ms
[152.715s][info][gc,cpu         ] GC(1052) User=0.00s Sys=0.00s Real=0.00s
[152.852s][info][gc,start       ] GC(1053) Pause Young (Allocation Failure)
[152.853s][info][gc,heap        ] GC(1053) DefNew: 562068K(629120K)->28K(629120K) Eden: 559232K(559232K)->0K(559232K) From: 2836K(69888K)->28K(69888K)
[152.853s][info][gc,heap        ] GC(1053) Tenured: 85057K(1398144K)->85057K(1398144K)
[152.853s][info][gc,metaspace   ] GC(1053) Metaspace: 11833K(12160K)->11833K(12160K) NonClass: 10304K(10496K)->10304K(10496K) Class: 1528K(1664K)->1528K(1664K)
[152.853s][info][gc             ] GC(1053) Pause Young (Allocation Failure) 631M->83M(1979M) 0.356ms
[152.853s][info][gc,cpu         ] GC(1053) User=0.00s Sys=0.00s Real=0.00s
[152.987s][info][gc,start       ] GC(1054) Pause Young (Allocation Failure)
[152.988s][info][gc,heap        ] GC(1054) DefNew: 559260K(629120K)->599K(629120K) Eden: 559232K(559232K)->0K(559232K) From: 28K(69888K)->599K(69888K)
[152.988s][info][gc,heap        ] GC(1054) Tenured: 85057K(1398144K)->85057K(1398144K)
[152.988s][info][gc,metaspace   ] GC(1054) Metaspace: 11833K(12160K)->11833K(12160K) NonClass: 10304K(10496K)->10304K(10496K) Class: 1528K(1664K)->1528K(1664K)
[152.988s][info][gc             ] GC(1054) Pause Young (Allocation Failure) 629M->83M(1979M) 0.592ms
[152.988s][info][gc,cpu         ] GC(1054) User=0.00s Sys=0.00s Real=0.00s
[153.122s][info][gc,start       ] GC(1055) Pause Young (Allocation Failure)
[153.122s][info][gc,heap        ] GC(1055) DefNew: 559831K(629120K)->836K(629120K) Eden: 559232K(559232K)->0K(559232K) From: 599K(69888K)->836K(69888K)
[153.122s][info][gc,heap        ] GC(1055) Tenured: 85057K(1398144K)->85057K(1398144K)
[153.122s][info][gc,metaspace   ] GC(1055) Metaspace: 11833K(12160K)->11833K(12160K) NonClass: 10304K(10496K)->10304K(10496K) Class: 1528K(1664K)->1528K(1664K)
[153.122s][info][gc             ] GC(1055) Pause Young (Allocation Failure) 629M->83M(1979M) 0.620ms
[153.122s][info][gc,cpu         ] GC(1055) User=0.00s Sys=0.00s Real=0.00s
[153.257s][info][gc,start       ] GC(1056) Pause Young (Allocation Failure)
[153.257s][info][gc,heap        ] GC(1056) DefNew: 560068K(629120K)->1208K(629120K) Eden: 559232K(559232K)->0K(559232K) From: 836K(69888K)->1208K(69888K)
[153.258s][info][gc,heap        ] GC(1056) Tenured: 85057K(1398144K)->85057K(1398144K)
[153.258s][info][gc,metaspace   ] GC(1056) Metaspace: 11833K(12160K)->11833K(12160K) NonClass: 10304K(10496K)->10304K(10496K) Class: 1528K(1664K)->1528K(1664K)
[153.258s][info][gc             ] GC(1056) Pause Young (Allocation Failure) 630M->84M(1979M) 0.764ms
[153.258s][info][gc,cpu         ] GC(1056) User=0.00s Sys=0.00s Real=0.00s
[153.392s][info][gc,start       ] GC(1057) Pause Young (Allocation Failure)
[153.393s][info][gc,heap        ] GC(1057) DefNew: 560440K(629120K)->1820K(629120K) Eden: 559232K(559232K)->0K(559232K) From: 1208K(69888K)->1820K(69888K)
[153.393s][info][gc,heap        ] GC(1057) Tenured: 85057K(1398144K)->85057K(1398144K)
[153.393s][info][gc,metaspace   ] GC(1057) Metaspace: 11833K(12160K)->11833K(12160K) NonClass: 10304K(10496K)->10304K(10496K) Class: 1528K(1664K)->1528K(1664K)
[153.393s][info][gc             ] GC(1057) Pause Young (Allocation Failure) 630M->84M(1979M) 0.931ms
[153.393s][info][gc,cpu         ] GC(1057) User=0.00s Sys=0.00s Real=0.00s
[153.533s][info][gc,start       ] GC(1058) Pause Young (Allocation Failure)
[153.534s][info][gc,heap        ] GC(1058) DefNew: 561052K(629120K)->1934K(629120K) Eden: 559232K(559232K)->0K(559232K) From: 1820K(69888K)->1934K(69888K)
[153.534s][info][gc,heap        ] GC(1058) Tenured: 85057K(1398144K)->85057K(1398144K)
[153.534s][info][gc,metaspace   ] GC(1058) Metaspace: 11833K(12160K)->11833K(12160K) NonClass: 10304K(10496K)->10304K(10496K) Class: 1528K(1664K)->1528K(1664K)
[153.534s][info][gc             ] GC(1058) Pause Young (Allocation Failure) 630M->84M(1979M) 1.032ms
[153.534s][info][gc,cpu         ] GC(1058) User=0.00s Sys=0.00s Real=0.00s
[153.668s][info][gc,start       ] GC(1059) Pause Young (Allocation Failure)
[153.669s][info][gc,heap        ] GC(1059) DefNew: 561166K(629120K)->2084K(629120K) Eden: 559232K(559232K)->0K(559232K) From: 1934K(69888K)->2084K(69888K)
[153.669s][info][gc,heap        ] GC(1059) Tenured: 85057K(1398144K)->85057K(1398144K)
[153.669s][info][gc,metaspace   ] GC(1059) Metaspace: 11833K(12160K)->11833K(12160K) NonClass: 10304K(10496K)->10304K(10496K) Class: 1528K(1664K)->1528K(1664K)
[153.669s][info][gc             ] GC(1059) Pause Young (Allocation Failure) 631M->85M(1979M) 0.978ms
[153.669s][info][gc,cpu         ] GC(1059) User=0.00s Sys=0.00s Real=0.00s
[153.810s][info][gc,start       ] GC(1060) Pause Young (Allocation Failure)
[153.812s][info][gc,heap        ] GC(1060) DefNew: 561316K(629120K)->2300K(629120K) Eden: 559232K(559232K)->0K(559232K) From: 2084K(69888K)->2300K(69888K)
[153.812s][info][gc,heap        ] GC(1060) Tenured: 85057K(1398144K)->85057K(1398144K)
[153.812s][info][gc,metaspace   ] GC(1060) Metaspace: 11833K(12160K)->11833K(12160K) NonClass: 10304K(10496K)->10304K(10496K) Class: 1528K(1664K)->1528K(1664K)
[153.812s][info][gc             ] GC(1060) Pause Young (Allocation Failure) 631M->85M(1979M) 1.238ms
[153.812s][info][gc,cpu         ] GC(1060) User=0.00s Sys=0.00s Real=0.01s
[153.949s][info][gc,start       ] GC(1061) Pause Young (Allocation Failure)
[153.949s][info][gc,heap        ] GC(1061) DefNew: 561532K(629120K)->138K(629120K) Eden: 559232K(559232K)->0K(559232K) From: 2300K(69888K)->138K(69888K)
[153.949s][info][gc,heap        ] GC(1061) Tenured: 85057K(1398144K)->85058K(1398144K)
[153.949s][info][gc,metaspace   ] GC(1061) Metaspace: 11833K(12160K)->11833K(12160K) NonClass: 10304K(10496K)->10304K(10496K) Class: 1528K(1664K)->1528K(1664K)
[153.949s][info][gc             ] GC(1061) Pause Young (Allocation Failure) 631M->83M(1979M) 0.405ms
[153.949s][info][gc,cpu         ] GC(1061) User=0.00s Sys=0.00s Real=0.00s
[154.084s][info][gc,start       ] GC(1062) Pause Young (Allocation Failure)
[154.084s][info][gc,heap        ] GC(1062) DefNew: 559370K(629120K)->622K(629120K) Eden: 559232K(559232K)->0K(559232K) From: 138K(69888K)->622K(69888K)
[154.084s][info][gc,heap        ] GC(1062) Tenured: 85058K(1398144K)->85058K(1398144K)
[154.084s][info][gc,metaspace   ] GC(1062) Metaspace: 11833K(12160K)->11833K(12160K) NonClass: 10304K(10496K)->10304K(10496K) Class: 1528K(1664K)->1528K(1664K)
[154.084s][info][gc             ] GC(1062) Pause Young (Allocation Failure) 629M->83M(1979M) 0.559ms
[154.084s][info][gc,cpu         ] GC(1062) User=0.00s Sys=0.00s Real=0.00s
[154.217s][info][gc,start       ] GC(1063) Pause Full (System.gc())
[154.217s][info][gc,phases,start] GC(1063) Phase 1: Mark live objects
[154.270s][info][gc,phases      ] GC(1063) Phase 1: Mark live objects 52.444ms
[154.270s][info][gc,phases,start] GC(1063) Phase 2: Compute new object addresses
[154.324s][info][gc,phases      ] GC(1063) Phase 2: Compute new object addresses 54.219ms
[154.324s][info][gc,phases,start] GC(1063) Phase 3: Adjust pointers
[154.345s][info][gc,phases      ] GC(1063) Phase 3: Adjust pointers 21.188ms
[154.345s][info][gc,phases,start] GC(1063) Phase 4: Move objects
[154.345s][info][gc,phases      ] GC(1063) Phase 4: Move objects 0.011ms
[154.345s][info][gc,heap        ] GC(1063) DefNew: 545187K(629120K)->0K(629120K) Eden: 544565K(559232K)->0K(559232K) From: 622K(69888K)->0K(69888K)
[154.345s][info][gc,heap        ] GC(1063) Tenured: 85058K(1398144K)->85057K(1398144K)
[154.345s][info][gc,metaspace   ] GC(1063) Metaspace: 11833K(12160K)->11833K(12160K) NonClass: 10304K(10496K)->10304K(10496K) Class: 1528K(1664K)->1528K(1664K)
[154.345s][info][gc             ] GC(1063) Pause Full (System.gc()) 615M->83M(1979M) 128.214ms
[154.345s][info][gc,cpu         ] GC(1063) User=0.14s Sys=0.00s Real=0.14s
[154.493s][info][gc,start       ] GC(1064) Pause Young (Allocation Failure)
[154.493s][info][gc,heap        ] GC(1064) DefNew: 559232K(629120K)->445K(629120K) Eden: 559232K(559232K)->0K(559232K) From: 0K(69888K)->445K(69888K)
[154.493s][info][gc,heap        ] GC(1064) Tenured: 85057K(1398144K)->85057K(1398144K)
[154.493s][info][gc,metaspace   ] GC(1064) Metaspace: 11833K(12160K)->11833K(12160K) NonClass: 10304K(10496K)->10304K(10496K) Class: 1528K(1664K)->1528K(1664K)
[154.493s][info][gc             ] GC(1064) Pause Young (Allocation Failure) 629M->83M(1979M) 0.513ms
[154.493s][info][gc,cpu         ] GC(1064) User=0.00s Sys=0.00s Real=0.00s
[154.629s][info][gc,start       ] GC(1065) Pause Young (Allocation Failure)
[154.630s][info][gc,heap        ] GC(1065) DefNew: 559677K(629120K)->924K(629120K) Eden: 559232K(559232K)->0K(559232K) From: 445K(69888K)->924K(69888K)
[154.630s][info][gc,heap        ] GC(1065) Tenured: 85057K(1398144K)->85057K(1398144K)
[154.630s][info][gc,metaspace   ] GC(1065) Metaspace: 11833K(12160K)->11833K(12160K) NonClass: 10304K(10496K)->10304K(10496K) Class: 1528K(1664K)->1528K(1664K)
[154.630s][info][gc             ] GC(1065) Pause Young (Allocation Failure) 629M->83M(1979M) 0.663ms
[154.630s][info][gc,cpu         ] GC(1065) User=0.00s Sys=0.00s Real=0.00s
[154.765s][info][gc,start       ] GC(1066) Pause Young (Allocation Failure)
[154.766s][info][gc,heap        ] GC(1066) DefNew: 560156K(629120K)->1235K(629120K) Eden: 559232K(559232K)->0K(559232K) From: 924K(69888K)->1235K(69888K)
[154.766s][info][gc,heap        ] GC(1066) Tenured: 85057K(1398144K)->85057K(1398144K)
[154.766s][info][gc,metaspace   ] GC(1066) Metaspace: 11833K(12160K)->11833K(12160K) NonClass: 10304K(10496K)->10304K(10496K) Class: 1528K(1664K)->1528K(1664K)
[154.766s][info][gc             ] GC(1066) Pause Young (Allocation Failure) 630M->84M(1979M) 0.738ms
[154.766s][info][gc,cpu         ] GC(1066) User=0.00s Sys=0.00s Real=0.00s
[154.900s][info][gc,start       ] GC(1067) Pause Young (Allocation Failure)
[154.901s][info][gc,heap        ] GC(1067) DefNew: 560467K(629120K)->1620K(629120K) Eden: 559232K(559232K)->0K(559232K) From: 1235K(69888K)->1620K(69888K)
[154.901s][info][gc,heap        ] GC(1067) Tenured: 85057K(1398144K)->85057K(1398144K)
[154.901s][info][gc,metaspace   ] GC(1067) Metaspace: 11833K(12160K)->11833K(12160K) NonClass: 10304K(10496K)->10304K(10496K) Class: 1528K(1664K)->1528K(1664K)
[154.901s][info][gc             ] GC(1067) Pause Young (Allocation Failure) 630M->84M(1979M) 0.900ms
[154.901s][info][gc,cpu         ] GC(1067) User=0.00s Sys=0.00s Real=0.00s
[155.036s][info][gc,start       ] GC(1068) Pause Young (Allocation Failure)
[155.037s][info][gc,heap        ] GC(1068) DefNew: 560852K(629120K)->1928K(629120K) Eden: 559232K(559232K)->0K(559232K) From: 1620K(69888K)->1928K(69888K)
[155.037s][info][gc,heap        ] GC(1068) Tenured: 85057K(1398144K)->85057K(1398144K)
[155.037s][info][gc,metaspace   ] GC(1068) Metaspace: 11833K(12160K)->11833K(12160K) NonClass: 10304K(10496K)->10304K(10496K) Class: 1528K(1664K)->1528K(1664K)
[155.037s][info][gc             ] GC(1068) Pause Young (Allocation Failure) 630M->84M(1979M) 1.070ms
[155.037s][info][gc,cpu         ] GC(1068) User=0.00s Sys=0.00s Real=0.00s
[155.170s][info][gc,start       ] GC(1069) Pause Young (Allocation Failure)
[155.171s][info][gc,heap        ] GC(1069) DefNew: 561160K(629120K)->1960K(629120K) Eden: 559232K(559232K)->0K(559232K) From: 1928K(69888K)->1960K(69888K)
[155.171s][info][gc,heap        ] GC(1069) Tenured: 85057K(1398144K)->85057K(1398144K)
[155.171s][info][gc,metaspace   ] GC(1069) Metaspace: 11833K(12160K)->11833K(12160K) NonClass: 10304K(10496K)->10304K(10496K) Class: 1528K(1664K)->1528K(1664K)
[155.171s][info][gc             ] GC(1069) Pause Young (Allocation Failure) 631M->84M(1979M) 1.070ms
[155.171s][info][gc,cpu         ] GC(1069) User=0.00s Sys=0.00s Real=0.00s
[155.305s][info][gc,start       ] GC(1070) Pause Young (Allocation Failure)
[155.306s][info][gc,heap        ] GC(1070) DefNew: 561192K(629120K)->2542K(629120K) Eden: 559232K(559232K)->0K(559232K) From: 1960K(69888K)->2542K(69888K)
[155.306s][info][gc,heap        ] GC(1070) Tenured: 85057K(1398144K)->85057K(1398144K)
[155.306s][info][gc,metaspace   ] GC(1070) Metaspace: 11833K(12160K)->11833K(12160K) NonClass: 10304K(10496K)->10304K(10496K) Class: 1528K(1664K)->1528K(1664K)
[155.306s][info][gc             ] GC(1070) Pause Young (Allocation Failure) 631M->85M(1979M) 1.181ms
[155.306s][info][gc,cpu         ] GC(1070) User=0.00s Sys=0.00s Real=0.00s
[155.445s][info][gc,start       ] GC(1071) Pause Young (Allocation Failure)
[155.445s][info][gc,heap        ] GC(1071) DefNew: 561774K(629120K)->127K(629120K) Eden: 559232K(559232K)->0K(559232K) From: 2542K(69888K)->127K(69888K)
[155.445s][info][gc,heap        ] GC(1071) Tenured: 85057K(1398144K)->85057K(1398144K)
[155.445s][info][gc,metaspace   ] GC(1071) Metaspace: 11833K(12160K)->11833K(12160K) NonClass: 10304K(10496K)->10304K(10496K) Class: 1528K(1664K)->1528K(1664K)
[155.445s][info][gc             ] GC(1071) Pause Young (Allocation Failure) 631M->83M(1979M) 0.403ms
[155.445s][info][gc,cpu         ] GC(1071) User=0.00s Sys=0.00s Real=0.00s
[155.586s][info][gc,start       ] GC(1072) Pause Young (Allocation Failure)
[155.586s][info][gc,heap        ] GC(1072) DefNew: 559359K(629120K)->614K(629120K) Eden: 559232K(559232K)->0K(559232K) From: 127K(69888K)->614K(69888K)
[155.586s][info][gc,heap        ] GC(1072) Tenured: 85057K(1398144K)->85057K(1398144K)
[155.586s][info][gc,metaspace   ] GC(1072) Metaspace: 11833K(12160K)->11833K(12160K) NonClass: 10304K(10496K)->10304K(10496K) Class: 1528K(1664K)->1528K(1664K)
[155.586s][info][gc             ] GC(1072) Pause Young (Allocation Failure) 629M->83M(1979M) 0.562ms
[155.586s][info][gc,cpu         ] GC(1072) User=0.00s Sys=0.00s Real=0.00s
[155.722s][info][gc,start       ] GC(1073) Pause Young (Allocation Failure)
[155.722s][info][gc,heap        ] GC(1073) DefNew: 559846K(629120K)->950K(629120K) Eden: 559232K(559232K)->0K(559232K) From: 614K(69888K)->950K(69888K)
[155.722s][info][gc,heap        ] GC(1073) Tenured: 85057K(1398144K)->85057K(1398144K)
[155.723s][info][gc,metaspace   ] GC(1073) Metaspace: 11833K(12160K)->11833K(12160K) NonClass: 10304K(10496K)->10304K(10496K) Class: 1528K(1664K)->1528K(1664K)
[155.723s][info][gc             ] GC(1073) Pause Young (Allocation Failure) 629M->83M(1979M) 0.668ms
[155.723s][info][gc,cpu         ] GC(1073) User=0.00s Sys=0.00s Real=0.00s
[155.856s][info][gc,start       ] GC(1074) Pause Young (Allocation Failure)
[155.857s][info][gc,heap        ] GC(1074) DefNew: 560182K(629120K)->1257K(629120K) Eden: 559232K(559232K)->0K(559232K) From: 950K(69888K)->1257K(69888K)
[155.857s][info][gc,heap        ] GC(1074) Tenured: 85057K(1398144K)->85057K(1398144K)
[155.857s][info][gc,metaspace   ] GC(1074) Metaspace: 11833K(12160K)->11833K(12160K) NonClass: 10304K(10496K)->10304K(10496K) Class: 1528K(1664K)->1528K(1664K)
[155.857s][info][gc             ] GC(1074) Pause Young (Allocation Failure) 630M->84M(1979M) 0.757ms
[155.857s][info][gc,cpu         ] GC(1074) User=0.00s Sys=0.00s Real=0.00s
[155.991s][info][gc,start       ] GC(1075) Pause Young (Allocation Failure)
[155.992s][info][gc,heap        ] GC(1075) DefNew: 560489K(629120K)->1686K(629120K) Eden: 559232K(559232K)->0K(559232K) From: 1257K(69888K)->1686K(69888K)
[155.992s][info][gc,heap        ] GC(1075) Tenured: 85057K(1398144K)->85057K(1398144K)
[155.992s][info][gc,metaspace   ] GC(1075) Metaspace: 11833K(12160K)->11833K(12160K) NonClass: 10304K(10496K)->10304K(10496K) Class: 1528K(1664K)->1528K(1664K)
[155.992s][info][gc             ] GC(1075) Pause Young (Allocation Failure) 630M->84M(1979M) 0.901ms
[155.992s][info][gc,cpu         ] GC(1075) User=0.00s Sys=0.00s Real=0.00s
[156.127s][info][gc,start       ] GC(1076) Pause Young (Allocation Failure)
[156.128s][info][gc,heap        ] GC(1076) DefNew: 560918K(629120K)->2100K(629120K) Eden: 559232K(559232K)->0K(559232K) From: 1686K(69888K)->2100K(69888K)
[156.128s][info][gc,heap        ] GC(1076) Tenured: 85057K(1398144K)->85057K(1398144K)
[156.128s][info][gc,metaspace   ] GC(1076) Metaspace: 11833K(12160K)->11833K(12160K) NonClass: 10304K(10496K)->10304K(10496K) Class: 1528K(1664K)->1528K(1664K)
[156.128s][info][gc             ] GC(1076) Pause Young (Allocation Failure) 630M->85M(1979M) 0.996ms
[156.128s][info][gc,cpu         ] GC(1076) User=0.00s Sys=0.00s Real=0.00s
[156.262s][info][gc,start       ] GC(1077) Pause Young (Allocation Failure)
[156.263s][info][gc,heap        ] GC(1077) DefNew: 561315K(629120K)->2375K(629120K) Eden: 559215K(559232K)->0K(559232K) From: 2100K(69888K)->2375K(69888K)
[156.263s][info][gc,heap        ] GC(1077) Tenured: 85057K(1398144K)->85057K(1398144K)
[156.263s][info][gc,metaspace   ] GC(1077) Metaspace: 11833K(12160K)->11833K(12160K) NonClass: 10304K(10496K)->10304K(10496K) Class: 1528K(1664K)->1528K(1664K)
[156.263s][info][gc             ] GC(1077) Pause Young (Allocation Failure) 631M->85M(1979M) 1.104ms
[156.263s][info][gc,cpu         ] GC(1077) User=0.00s Sys=0.00s Real=0.00s
[156.396s][info][gc,start       ] GC(1078) Pause Young (Allocation Failure)
[156.397s][info][gc,heap        ] GC(1078) DefNew: 561515K(629120K)->2544K(629120K) Eden: 559140K(559232K)->0K(559232K) From: 2375K(69888K)->2544K(69888K)
[156.397s][info][gc,heap        ] GC(1078) Tenured: 85057K(1398144K)->85057K(1398144K)
[156.397s][info][gc,metaspace   ] GC(1078) Metaspace: 11833K(12160K)->11833K(12160K) NonClass: 10304K(10496K)->10304K(10496K) Class: 1528K(1664K)->1528K(1664K)
[156.397s][info][gc             ] GC(1078) Pause Young (Allocation Failure) 631M->85M(1979M) 1.219ms
[156.397s][info][gc,cpu         ] GC(1078) User=0.00s Sys=0.00s Real=0.00s
[156.542s][info][gc,start       ] GC(1079) Pause Young (Allocation Failure)
[156.543s][info][gc,heap        ] GC(1079) DefNew: 561776K(629120K)->228K(629120K) Eden: 559232K(559232K)->0K(559232K) From: 2544K(69888K)->228K(69888K)
[156.543s][info][gc,heap        ] GC(1079) Tenured: 85057K(1398144K)->85057K(1398144K)
[156.543s][info][gc,metaspace   ] GC(1079) Metaspace: 11833K(12160K)->11833K(12160K) NonClass: 10304K(10496K)->10304K(10496K) Class: 1528K(1664K)->1528K(1664K)
[156.543s][info][gc             ] GC(1079) Pause Young (Allocation Failure) 631M->83M(1979M) 0.434ms
[156.543s][info][gc,cpu         ] GC(1079) User=0.00s Sys=0.00s Real=0.00s
[156.677s][info][gc,start       ] GC(1080) Pause Young (Allocation Failure)
[156.677s][info][gc,heap        ] GC(1080) DefNew: 559460K(629120K)->615K(629120K) Eden: 559232K(559232K)->0K(559232K) From: 228K(69888K)->615K(69888K)
[156.677s][info][gc,heap        ] GC(1080) Tenured: 85057K(1398144K)->85057K(1398144K)
[156.677s][info][gc,metaspace   ] GC(1080) Metaspace: 11833K(12160K)->11833K(12160K) NonClass: 10304K(10496K)->10304K(10496K) Class: 1528K(1664K)->1528K(1664K)
[156.677s][info][gc             ] GC(1080) Pause Young (Allocation Failure) 629M->83M(1979M) 0.560ms
[156.677s][info][gc,cpu         ] GC(1080) User=0.00s Sys=0.00s Real=0.00s
[156.811s][info][gc,start       ] GC(1081) Pause Full (System.gc())
[156.811s][info][gc,phases,start] GC(1081) Phase 1: Mark live objects
[156.864s][info][gc,phases      ] GC(1081) Phase 1: Mark live objects 52.650ms
[156.864s][info][gc,phases,start] GC(1081) Phase 2: Compute new object addresses
[156.919s][info][gc,phases      ] GC(1081) Phase 2: Compute new object addresses 54.749ms
[156.919s][info][gc,phases,start] GC(1081) Phase 3: Adjust pointers
[156.940s][info][gc,phases      ] GC(1081) Phase 3: Adjust pointers 21.077ms
[156.940s][info][gc,phases,start] GC(1081) Phase 4: Move objects
[156.940s][info][gc,phases      ] GC(1081) Phase 4: Move objects 0.009ms
[156.940s][info][gc,heap        ] GC(1081) DefNew: 545156K(629120K)->0K(629120K) Eden: 544540K(559232K)->0K(559232K) From: 615K(69888K)->0K(69888K)
[156.940s][info][gc,heap        ] GC(1081) Tenured: 85057K(1398144K)->85057K(1398144K)
[156.940s][info][gc,metaspace   ] GC(1081) Metaspace: 11833K(12160K)->11833K(12160K) NonClass: 10304K(10496K)->10304K(10496K) Class: 1528K(1664K)->1528K(1664K)
[156.940s][info][gc             ] GC(1081) Pause Full (System.gc()) 615M->83M(1979M) 128.849ms
[156.940s][info][gc,cpu         ] GC(1081) User=0.12s Sys=0.00s Real=0.12s
[157.082s][info][gc,start       ] GC(1082) Pause Young (Allocation Failure)
[157.083s][info][gc,heap        ] GC(1082) DefNew: 559232K(629120K)->439K(629120K) Eden: 559232K(559232K)->0K(559232K) From: 0K(69888K)->439K(69888K)
[157.083s][info][gc,heap        ] GC(1082) Tenured: 85057K(1398144K)->85057K(1398144K)
[157.083s][info][gc,metaspace   ] GC(1082) Metaspace: 11833K(12160K)->11833K(12160K) NonClass: 10305K(10496K)->10305K(10496K) Class: 1528K(1664K)->1528K(1664K)
[157.083s][info][gc             ] GC(1082) Pause Young (Allocation Failure) 629M->83M(1979M) 0.496ms
[157.083s][info][gc,cpu         ] GC(1082) User=0.00s Sys=0.00s Real=0.00s
[157.217s][info][gc,start       ] GC(1083) Pause Young (Allocation Failure)
[157.217s][info][gc,heap        ] GC(1083) DefNew: 559671K(629120K)->852K(629120K) Eden: 559232K(559232K)->0K(559232K) From: 439K(69888K)->852K(69888K)
[157.217s][info][gc,heap        ] GC(1083) Tenured: 85057K(1398144K)->85057K(1398144K)
[157.217s][info][gc,metaspace   ] GC(1083) Metaspace: 11833K(12160K)->11833K(12160K) NonClass: 10305K(10496K)->10305K(10496K) Class: 1528K(1664K)->1528K(1664K)
[157.217s][info][gc             ] GC(1083) Pause Young (Allocation Failure) 629M->83M(1979M) 0.594ms
[157.217s][info][gc,cpu         ] GC(1083) User=0.00s Sys=0.00s Real=0.00s
[157.352s][info][gc,start       ] GC(1084) Pause Young (Allocation Failure)
[157.352s][info][gc,heap        ] GC(1084) DefNew: 560084K(629120K)->1203K(629120K) Eden: 559232K(559232K)->0K(559232K) From: 852K(69888K)->1203K(69888K)
[157.352s][info][gc,heap        ] GC(1084) Tenured: 85057K(1398144K)->85057K(1398144K)
[157.352s][info][gc,metaspace   ] GC(1084) Metaspace: 11833K(12160K)->11833K(12160K) NonClass: 10305K(10496K)->10305K(10496K) Class: 1528K(1664K)->1528K(1664K)
[157.352s][info][gc             ] GC(1084) Pause Young (Allocation Failure) 630M->84M(1979M) 0.740ms
[157.352s][info][gc,cpu         ] GC(1084) User=0.00s Sys=0.00s Real=0.00s
[157.490s][info][gc,start       ] GC(1085) Pause Young (Allocation Failure)
[157.491s][info][gc,heap        ] GC(1085) DefNew: 560435K(629120K)->1508K(629120K) Eden: 559232K(559232K)->0K(559232K) From: 1203K(69888K)->1508K(69888K)
[157.491s][info][gc,heap        ] GC(1085) Tenured: 85057K(1398144K)->85057K(1398144K)
[157.491s][info][gc,metaspace   ] GC(1085) Metaspace: 11833K(12160K)->11833K(12160K) NonClass: 10305K(10496K)->10305K(10496K) Class: 1528K(1664K)->1528K(1664K)
[157.491s][info][gc             ] GC(1085) Pause Young (Allocation Failure) 630M->84M(1979M) 0.855ms
[157.491s][info][gc,cpu         ] GC(1085) User=0.00s Sys=0.00s Real=0.00s
[157.628s][info][gc,start       ] GC(1086) Pause Young (Allocation Failure)
[157.629s][info][gc,heap        ] GC(1086) DefNew: 560740K(629120K)->1756K(629120K) Eden: 559232K(559232K)->0K(559232K) From: 1508K(69888K)->1756K(69888K)
[157.629s][info][gc,heap        ] GC(1086) Tenured: 85057K(1398144K)->85057K(1398144K)
[157.629s][info][gc,metaspace   ] GC(1086) Metaspace: 11833K(12160K)->11833K(12160K) NonClass: 10305K(10496K)->10305K(10496K) Class: 1528K(1664K)->1528K(1664K)
[157.629s][info][gc             ] GC(1086) Pause Young (Allocation Failure) 630M->84M(1979M) 0.923ms
[157.629s][info][gc,cpu         ] GC(1086) User=0.00s Sys=0.00s Real=0.00s
[157.764s][info][gc,start       ] GC(1087) Pause Young (Allocation Failure)
[157.765s][info][gc,heap        ] GC(1087) DefNew: 560988K(629120K)->2450K(629120K) Eden: 559232K(559232K)->0K(559232K) From: 1756K(69888K)->2450K(69888K)
[157.765s][info][gc,heap        ] GC(1087) Tenured: 85057K(1398144K)->85057K(1398144K)
[157.765s][info][gc,metaspace   ] GC(1087) Metaspace: 11833K(12160K)->11833K(12160K) NonClass: 10305K(10496K)->10305K(10496K) Class: 1528K(1664K)->1528K(1664K)
[157.765s][info][gc             ] GC(1087) Pause Young (Allocation Failure) 630M->85M(1979M) 1.222ms
[157.765s][info][gc,cpu         ] GC(1087) User=0.00s Sys=0.00s Real=0.00s
[157.898s][info][gc,start       ] GC(1088) Pause Young (Allocation Failure)
[157.900s][info][gc,heap        ] GC(1088) DefNew: 561593K(629120K)->2737K(629120K) Eden: 559143K(559232K)->0K(559232K) From: 2450K(69888K)->2737K(69888K)
[157.900s][info][gc,heap        ] GC(1088) Tenured: 85057K(1398144K)->85057K(1398144K)
[157.900s][info][gc,metaspace   ] GC(1088) Metaspace: 11833K(12160K)->11833K(12160K) NonClass: 10305K(10496K)->10305K(10496K) Class: 1528K(1664K)->1528K(1664K)
[157.900s][info][gc             ] GC(1088) Pause Young (Allocation Failure) 631M->85M(1979M) 1.291ms
[157.900s][info][gc,cpu         ] GC(1088) User=0.00s Sys=0.00s Real=0.00s
[158.038s][info][gc,start       ] GC(1089) Pause Young (Allocation Failure)
[158.039s][info][gc,heap        ] GC(1089) DefNew: 561969K(629120K)->72K(629120K) Eden: 559232K(559232K)->0K(559232K) From: 2737K(69888K)->72K(69888K)
[158.039s][info][gc,heap        ] GC(1089) Tenured: 85057K(1398144K)->85057K(1398144K)
[158.039s][info][gc,metaspace   ] GC(1089) Metaspace: 11833K(12160K)->11833K(12160K) NonClass: 10305K(10496K)->10305K(10496K) Class: 1528K(1664K)->1528K(1664K)
[158.039s][info][gc             ] GC(1089) Pause Young (Allocation Failure) 631M->83M(1979M) 0.382ms
[158.039s][info][gc,cpu         ] GC(1089) User=0.00s Sys=0.00s Real=0.00s
[158.173s][info][gc,start       ] GC(1090) Pause Young (Allocation Failure)
[158.173s][info][gc,heap        ] GC(1090) DefNew: 559304K(629120K)->561K(629120K) Eden: 559232K(559232K)->0K(559232K) From: 72K(69888K)->561K(69888K)
[158.173s][info][gc,heap        ] GC(1090) Tenured: 85057K(1398144K)->85057K(1398144K)
[158.173s][info][gc,metaspace   ] GC(1090) Metaspace: 11833K(12160K)->11833K(12160K) NonClass: 10305K(10496K)->10305K(10496K) Class: 1528K(1664K)->1528K(1664K)
[158.173s][info][gc             ] GC(1090) Pause Young (Allocation Failure) 629M->83M(1979M) 0.559ms
[158.173s][info][gc,cpu         ] GC(1090) User=0.00s Sys=0.00s Real=0.00s
[158.308s][info][gc,start       ] GC(1091) Pause Young (Allocation Failure)
[158.309s][info][gc,heap        ] GC(1091) DefNew: 559793K(629120K)->849K(629120K) Eden: 559232K(559232K)->0K(559232K) From: 561K(69888K)->849K(69888K)
[158.309s][info][gc,heap        ] GC(1091) Tenured: 85057K(1398144K)->85057K(1398144K)
[158.309s][info][gc,metaspace   ] GC(1091) Metaspace: 11833K(12160K)->11833K(12160K) NonClass: 10305K(10496K)->10305K(10496K) Class: 1528K(1664K)->1528K(1664K)
[158.309s][info][gc             ] GC(1091) Pause Young (Allocation Failure) 629M->83M(1979M) 0.639ms
[158.309s][info][gc,cpu         ] GC(1091) User=0.00s Sys=0.00s Real=0.00s
[158.443s][info][gc,start       ] GC(1092) Pause Young (Allocation Failure)
[158.444s][info][gc,heap        ] GC(1092) DefNew: 560081K(629120K)->1319K(629120K) Eden: 559232K(559232K)->0K(559232K) From: 849K(69888K)->1319K(69888K)
[158.444s][info][gc,heap        ] GC(1092) Tenured: 85057K(1398144K)->85057K(1398144K)
[158.444s][info][gc,metaspace   ] GC(1092) Metaspace: 11833K(12160K)->11833K(12160K) NonClass: 10305K(10496K)->10305K(10496K) Class: 1528K(1664K)->1528K(1664K)
[158.444s][info][gc             ] GC(1092) Pause Young (Allocation Failure) 630M->84M(1979M) 0.778ms
[158.444s][info][gc,cpu         ] GC(1092) User=0.00s Sys=0.00s Real=0.00s
[158.585s][info][gc,start       ] GC(1093) Pause Young (Allocation Failure)
[158.586s][info][gc,heap        ] GC(1093) DefNew: 560551K(629120K)->1704K(629120K) Eden: 559232K(559232K)->0K(559232K) From: 1319K(69888K)->1704K(69888K)
[158.586s][info][gc,heap        ] GC(1093) Tenured: 85057K(1398144K)->85057K(1398144K)
[158.586s][info][gc,metaspace   ] GC(1093) Metaspace: 11833K(12160K)->11833K(12160K) NonClass: 10305K(10496K)->10305K(10496K) Class: 1528K(1664K)->1528K(1664K)
[158.586s][info][gc             ] GC(1093) Pause Young (Allocation Failure) 630M->84M(1979M) 1.088ms
[158.586s][info][gc,cpu         ] GC(1093) User=0.00s Sys=0.00s Real=0.00s
[158.721s][info][gc,start       ] GC(1094) Pause Young (Allocation Failure)
[158.722s][info][gc,heap        ] GC(1094) DefNew: 560936K(629120K)->1966K(629120K) Eden: 559232K(559232K)->0K(559232K) From: 1704K(69888K)->1966K(69888K)
[158.722s][info][gc,heap        ] GC(1094) Tenured: 85057K(1398144K)->85057K(1398144K)
[158.722s][info][gc,metaspace   ] GC(1094) Metaspace: 11833K(12160K)->11833K(12160K) NonClass: 10305K(10496K)->10305K(10496K) Class: 1528K(1664K)->1528K(1664K)
[158.722s][info][gc             ] GC(1094) Pause Young (Allocation Failure) 630M->84M(1979M) 0.943ms
[158.722s][info][gc,cpu         ] GC(1094) User=0.00s Sys=0.00s Real=0.00s
[158.856s][info][gc,start       ] GC(1095) Pause Young (Allocation Failure)
[158.857s][info][gc,heap        ] GC(1095) DefNew: 561198K(629120K)->2641K(629120K) Eden: 559232K(559232K)->0K(559232K) From: 1966K(69888K)->2641K(69888K)
[158.857s][info][gc,heap        ] GC(1095) Tenured: 85057K(1398144K)->85057K(1398144K)
[158.857s][info][gc,metaspace   ] GC(1095) Metaspace: 11833K(12160K)->11833K(12160K) NonClass: 10305K(10496K)->10305K(10496K) Class: 1528K(1664K)->1528K(1664K)
[158.857s][info][gc             ] GC(1095) Pause Young (Allocation Failure) 631M->85M(1979M) 1.262ms
[158.857s][info][gc,cpu         ] GC(1095) User=0.00s Sys=0.00s Real=0.00s
[158.995s][info][gc,start       ] GC(1096) Pause Young (Allocation Failure)
[158.995s][info][gc,heap        ] GC(1096) DefNew: 561873K(629120K)->153K(629120K) Eden: 559232K(559232K)->0K(559232K) From: 2641K(69888K)->153K(69888K)
[158.995s][info][gc,heap        ] GC(1096) Tenured: 85057K(1398144K)->85057K(1398144K)
[158.995s][info][gc,metaspace   ] GC(1096) Metaspace: 11833K(12160K)->11833K(12160K) NonClass: 10305K(10496K)->10305K(10496K) Class: 1528K(1664K)->1528K(1664K)
[158.995s][info][gc             ] GC(1096) Pause Young (Allocation Failure) 631M->83M(1979M) 0.406ms
[158.995s][info][gc,cpu         ] GC(1096) User=0.00s Sys=0.00s Real=0.00s
[159.129s][info][gc,start       ] GC(1097) Pause Young (Allocation Failure)
[159.130s][info][gc,heap        ] GC(1097) DefNew: 559385K(629120K)->515K(629120K) Eden: 559232K(559232K)->0K(559232K) From: 153K(69888K)->515K(69888K)
[159.130s][info][gc,heap        ] GC(1097) Tenured: 85057K(1398144K)->85057K(1398144K)
[159.130s][info][gc,metaspace   ] GC(1097) Metaspace: 11833K(12160K)->11833K(12160K) NonClass: 10305K(10496K)->10305K(10496K) Class: 1528K(1664K)->1528K(1664K)
[159.130s][info][gc             ] GC(1097) Pause Young (Allocation Failure) 629M->83M(1979M) 0.527ms
[159.130s][info][gc,cpu         ] GC(1097) User=0.00s Sys=0.00s Real=0.00s
[159.264s][info][gc,start       ] GC(1098) Pause Young (Allocation Failure)
[159.265s][info][gc,heap        ] GC(1098) DefNew: 559747K(629120K)->821K(629120K) Eden: 559232K(559232K)->0K(559232K) From: 515K(69888K)->821K(69888K)
[159.265s][info][gc,heap        ] GC(1098) Tenured: 85057K(1398144K)->85057K(1398144K)
[159.265s][info][gc,metaspace   ] GC(1098) Metaspace: 11833K(12160K)->11833K(12160K) NonClass: 10305K(10496K)->10305K(10496K) Class: 1528K(1664K)->1528K(1664K)
[159.265s][info][gc             ] GC(1098) Pause Young (Allocation Failure) 629M->83M(1979M) 0.605ms
[159.265s][info][gc,cpu         ] GC(1098) User=0.00s Sys=0.00s Real=0.00s
[159.396s][info][gc,start       ] GC(1099) Pause Full (System.gc())
[159.396s][info][gc,phases,start] GC(1099) Phase 1: Mark live objects
[159.447s][info][gc,phases      ] GC(1099) Phase 1: Mark live objects 51.296ms
[159.447s][info][gc,phases,start] GC(1099) Phase 2: Compute new object addresses
[159.502s][info][gc,phases      ] GC(1099) Phase 2: Compute new object addresses 55.259ms
[159.502s][info][gc,phases,start] GC(1099) Phase 3: Adjust pointers
[159.524s][info][gc,phases      ] GC(1099) Phase 3: Adjust pointers 21.261ms
[159.524s][info][gc,phases,start] GC(1099) Phase 4: Move objects
[159.524s][info][gc,phases      ] GC(1099) Phase 4: Move objects 0.015ms
[159.524s][info][gc,heap        ] GC(1099) DefNew: 540111K(629120K)->0K(629120K) Eden: 539290K(559232K)->0K(559232K) From: 821K(69888K)->0K(69888K)
[159.524s][info][gc,heap        ] GC(1099) Tenured: 85057K(1398144K)->85057K(1398144K)
[159.524s][info][gc,metaspace   ] GC(1099) Metaspace: 11837K(12160K)->11837K(12160K) NonClass: 10308K(10496K)->10308K(10496K) Class: 1528K(1664K)->1528K(1664K)
[159.524s][info][gc             ] GC(1099) Pause Full (System.gc()) 610M->83M(1979M) 128.180ms
[159.524s][info][gc,cpu         ] GC(1099) User=0.11s Sys=0.00s Real=0.13s
[159.667s][info][gc,start       ] GC(1100) Pause Young (Allocation Failure)
[159.668s][info][gc,heap        ] GC(1100) DefNew: 559232K(629120K)->565K(629120K) Eden: 559232K(559232K)->0K(559232K) From: 0K(69888K)->565K(69888K)
[159.668s][info][gc,heap        ] GC(1100) Tenured: 85057K(1398144K)->85057K(1398144K)
[159.668s][info][gc,metaspace   ] GC(1100) Metaspace: 11849K(12160K)->11849K(12160K) NonClass: 10320K(10496K)->10320K(10496K) Class: 1528K(1664K)->1528K(1664K)
[159.668s][info][gc             ] GC(1100) Pause Young (Allocation Failure) 629M->83M(1979M) 0.550ms
[159.668s][info][gc,cpu         ] GC(1100) User=0.00s Sys=0.00s Real=0.00s
[159.803s][info][gc,start       ] GC(1101) Pause Young (Allocation Failure)
[159.803s][info][gc,heap        ] GC(1101) DefNew: 559797K(629120K)->921K(629120K) Eden: 559232K(559232K)->0K(559232K) From: 565K(69888K)->921K(69888K)
[159.803s][info][gc,heap        ] GC(1101) Tenured: 85057K(1398144K)->85057K(1398144K)
[159.803s][info][gc,metaspace   ] GC(1101) Metaspace: 11849K(12160K)->11849K(12160K) NonClass: 10320K(10496K)->10320K(10496K) Class: 1528K(1664K)->1528K(1664K)
[159.803s][info][gc             ] GC(1101) Pause Young (Allocation Failure) 629M->83M(1979M) 0.684ms
[159.803s][info][gc,cpu         ] GC(1101) User=0.00s Sys=0.00s Real=0.00s
[159.937s][info][gc,start       ] GC(1102) Pause Young (Allocation Failure)
[159.938s][info][gc,heap        ] GC(1102) DefNew: 560153K(629120K)->1335K(629120K) Eden: 559232K(559232K)->0K(559232K) From: 921K(69888K)->1335K(69888K)
[159.938s][info][gc,heap        ] GC(1102) Tenured: 85057K(1398144K)->85057K(1398144K)
[159.938s][info][gc,metaspace   ] GC(1102) Metaspace: 11849K(12160K)->11849K(12160K) NonClass: 10320K(10496K)->10320K(10496K) Class: 1528K(1664K)->1528K(1664K)
[159.938s][info][gc             ] GC(1102) Pause Young (Allocation Failure) 630M->84M(1979M) 0.763ms
[159.938s][info][gc,cpu         ] GC(1102) User=0.00s Sys=0.00s Real=0.00s
[160.071s][info][gc,start       ] GC(1103) Pause Young (Allocation Failure)
[160.072s][info][gc,heap        ] GC(1103) DefNew: 560543K(629120K)->1754K(629120K) Eden: 559208K(559232K)->0K(559232K) From: 1335K(69888K)->1754K(69888K)
[160.072s][info][gc,heap        ] GC(1103) Tenured: 85057K(1398144K)->85057K(1398144K)
[160.072s][info][gc,metaspace   ] GC(1103) Metaspace: 11849K(12160K)->11849K(12160K) NonClass: 10320K(10496K)->10320K(10496K) Class: 1528K(1664K)->1528K(1664K)
[160.072s][info][gc             ] GC(1103) Pause Young (Allocation Failure) 630M->84M(1979M) 0.899ms
[160.072s][info][gc,cpu         ] GC(1103) User=0.00s Sys=0.00s Real=0.00s
[160.207s][info][gc,start       ] GC(1104) Pause Young (Allocation Failure)
[160.208s][info][gc,heap        ] GC(1104) DefNew: 560986K(629120K)->2221K(629120K) Eden: 559232K(559232K)->0K(559232K) From: 1754K(69888K)->2221K(69888K)
[160.208s][info][gc,heap        ] GC(1104) Tenured: 85057K(1398144K)->85057K(1398144K)
[160.208s][info][gc,metaspace   ] GC(1104) Metaspace: 11849K(12160K)->11849K(12160K) NonClass: 10320K(10496K)->10320K(10496K) Class: 1528K(1664K)->1528K(1664K)
[160.208s][info][gc             ] GC(1104) Pause Young (Allocation Failure) 630M->85M(1979M) 1.042ms
[160.208s][info][gc,cpu         ] GC(1104) User=0.00s Sys=0.00s Real=0.00s
[160.341s][info][gc,start       ] GC(1105) Pause Young (Allocation Failure)
[160.342s][info][gc,heap        ] GC(1105) DefNew: 561453K(629120K)->2716K(629120K) Eden: 559231K(559232K)->0K(559232K) From: 2221K(69888K)->2716K(69888K)
[160.342s][info][gc,heap        ] GC(1105) Tenured: 85057K(1398144K)->85057K(1398144K)
[160.342s][info][gc,metaspace   ] GC(1105) Metaspace: 11849K(12160K)->11849K(12160K) NonClass: 10320K(10496K)->10320K(10496K) Class: 1528K(1664K)->1528K(1664K)
[160.342s][info][gc             ] GC(1105) Pause Young (Allocation Failure) 631M->85M(1979M) 1.426ms
[160.342s][info][gc,cpu         ] GC(1105) User=0.00s Sys=0.00s Real=0.02s
[160.477s][info][gc,start       ] GC(1106) Pause Young (Allocation Failure)
[160.478s][info][gc,heap        ] GC(1106) DefNew: 561433K(629120K)->3223K(629120K) Eden: 558717K(559232K)->0K(559232K) From: 2716K(69888K)->3223K(69888K)
[160.478s][info][gc,heap        ] GC(1106) Tenured: 85057K(1398144K)->85057K(1398144K)
[160.479s][info][gc,metaspace   ] GC(1106) Metaspace: 11849K(12160K)->11849K(12160K) NonClass: 10320K(10496K)->10320K(10496K) Class: 1528K(1664K)->1528K(1664K)
[160.479s][info][gc             ] GC(1106) Pause Young (Allocation Failure) 631M->86M(1979M) 1.449ms
[160.479s][info][gc,cpu         ] GC(1106) User=0.00s Sys=0.00s Real=0.00s
[160.621s][info][gc,start       ] GC(1107) Pause Young (Allocation Failure)
[160.622s][info][gc,heap        ] GC(1107) DefNew: 562447K(629120K)->465K(629120K) Eden: 559224K(559232K)->0K(559232K) From: 3223K(69888K)->465K(69888K)
[160.622s][info][gc,heap        ] GC(1107) Tenured: 85057K(1398144K)->85057K(1398144K)
[160.622s][info][gc,metaspace   ] GC(1107) Metaspace: 11849K(12160K)->11849K(12160K) NonClass: 10320K(10496K)->10320K(10496K) Class: 1528K(1664K)->1528K(1664K)
[160.622s][info][gc             ] GC(1107) Pause Young (Allocation Failure) 632M->83M(1979M) 0.502ms
[160.622s][info][gc,cpu         ] GC(1107) User=0.00s Sys=0.00s Real=0.00s
[160.757s][info][gc,start       ] GC(1108) Pause Young (Allocation Failure)
[160.758s][info][gc,heap        ] GC(1108) DefNew: 559697K(629120K)->888K(629120K) Eden: 559232K(559232K)->0K(559232K) From: 465K(69888K)->888K(69888K)
[160.758s][info][gc,heap        ] GC(1108) Tenured: 85057K(1398144K)->85057K(1398144K)
[160.758s][info][gc,metaspace   ] GC(1108) Metaspace: 11849K(12160K)->11849K(12160K) NonClass: 10320K(10496K)->10320K(10496K) Class: 1528K(1664K)->1528K(1664K)
[160.758s][info][gc             ] GC(1108) Pause Young (Allocation Failure) 629M->83M(1979M) 0.658ms
[160.758s][info][gc,cpu         ] GC(1108) User=0.00s Sys=0.00s Real=0.00s
[160.893s][info][gc,start       ] GC(1109) Pause Young (Allocation Failure)
[160.894s][info][gc,heap        ] GC(1109) DefNew: 560120K(629120K)->1352K(629120K) Eden: 559232K(559232K)->0K(559232K) From: 888K(69888K)->1352K(69888K)
[160.894s][info][gc,heap        ] GC(1109) Tenured: 85057K(1398144K)->85057K(1398144K)
[160.894s][info][gc,metaspace   ] GC(1109) Metaspace: 11849K(12160K)->11849K(12160K) NonClass: 10320K(10496K)->10320K(10496K) Class: 1528K(1664K)->1528K(1664K)
[160.894s][info][gc             ] GC(1109) Pause Young (Allocation Failure) 630M->84M(1979M) 0.782ms
[160.894s][info][gc,cpu         ] GC(1109) User=0.00s Sys=0.00s Real=0.00s
[161.027s][info][gc,start       ] GC(1110) Pause Young (Allocation Failure)
[161.028s][info][gc,heap        ] GC(1110) DefNew: 560584K(629120K)->1587K(629120K) Eden: 559232K(559232K)->0K(559232K) From: 1352K(69888K)->1587K(69888K)
[161.028s][info][gc,heap        ] GC(1110) Tenured: 85057K(1398144K)->85057K(1398144K)
[161.028s][info][gc,metaspace   ] GC(1110) Metaspace: 11849K(12160K)->11849K(12160K) NonClass: 10320K(10496K)->10320K(10496K) Class: 1528K(1664K)->1528K(1664K)
[161.028s][info][gc             ] GC(1110) Pause Young (Allocation Failure) 630M->84M(1979M) 0.885ms
[161.028s][info][gc,cpu         ] GC(1110) User=0.00s Sys=0.00s Real=0.00s
[161.162s][info][gc,start       ] GC(1111) Pause Young (Allocation Failure)
[161.163s][info][gc,heap        ] GC(1111) DefNew: 560819K(629120K)->2221K(629120K) Eden: 559232K(559232K)->0K(559232K) From: 1587K(69888K)->2221K(69888K)
[161.163s][info][gc,heap        ] GC(1111) Tenured: 85057K(1398144K)->85057K(1398144K)
[161.163s][info][gc,metaspace   ] GC(1111) Metaspace: 11849K(12160K)->11849K(12160K) NonClass: 10320K(10496K)->10320K(10496K) Class: 1528K(1664K)->1528K(1664K)
[161.163s][info][gc             ] GC(1111) Pause Young (Allocation Failure) 630M->85M(1979M) 1.112ms
[161.163s][info][gc,cpu         ] GC(1111) User=0.00s Sys=0.00s Real=0.00s
[161.297s][info][gc,start       ] GC(1112) Pause Young (Allocation Failure)
[161.298s][info][gc,heap        ] GC(1112) DefNew: 561453K(629120K)->2641K(629120K) Eden: 559232K(559232K)->0K(559232K) From: 2221K(69888K)->2641K(69888K)
[161.298s][info][gc,heap        ] GC(1112) Tenured: 85057K(1398144K)->85057K(1398144K)
[161.298s][info][gc,metaspace   ] GC(1112) Metaspace: 11849K(12160K)->11849K(12160K) NonClass: 10320K(10496K)->10320K(10496K) Class: 1528K(1664K)->1528K(1664K)
[161.298s][info][gc             ] GC(1112) Pause Young (Allocation Failure) 631M->85M(1979M) 1.209ms
[161.298s][info][gc,cpu         ] GC(1112) User=0.00s Sys=0.00s Real=0.00s
[161.437s][info][gc,start       ] GC(1113) Pause Young (Allocation Failure)
[161.437s][info][gc,heap        ] GC(1113) DefNew: 561873K(629120K)->66K(629120K) Eden: 559232K(559232K)->0K(559232K) From: 2641K(69888K)->66K(69888K)
[161.437s][info][gc,heap        ] GC(1113) Tenured: 85057K(1398144K)->85057K(1398144K)
[161.437s][info][gc,metaspace   ] GC(1113) Metaspace: 11849K(12160K)->11849K(12160K) NonClass: 10320K(10496K)->10320K(10496K) Class: 1528K(1664K)->1528K(1664K)
[161.437s][info][gc             ] GC(1113) Pause Young (Allocation Failure) 631M->83M(1979M) 0.370ms
[161.437s][info][gc,cpu         ] GC(1113) User=0.00s Sys=0.00s Real=0.00s
[161.578s][info][gc,start       ] GC(1114) Pause Young (Allocation Failure)
[161.578s][info][gc,heap        ] GC(1114) DefNew: 559298K(629120K)->534K(629120K) Eden: 559232K(559232K)->0K(559232K) From: 66K(69888K)->534K(69888K)
[161.578s][info][gc,heap        ] GC(1114) Tenured: 85057K(1398144K)->85057K(1398144K)
[161.579s][info][gc,metaspace   ] GC(1114) Metaspace: 11849K(12160K)->11849K(12160K) NonClass: 10320K(10496K)->10320K(10496K) Class: 1528K(1664K)->1528K(1664K)
[161.579s][info][gc             ] GC(1114) Pause Young (Allocation Failure) 629M->83M(1979M) 0.542ms
[161.579s][info][gc,cpu         ] GC(1114) User=0.00s Sys=0.00s Real=0.00s
[161.715s][info][gc,start       ] GC(1115) Pause Young (Allocation Failure)
[161.715s][info][gc,heap        ] GC(1115) DefNew: 559766K(629120K)->944K(629120K) Eden: 559232K(559232K)->0K(559232K) From: 534K(69888K)->944K(69888K)
[161.715s][info][gc,heap        ] GC(1115) Tenured: 85057K(1398144K)->85058K(1398144K)
[161.715s][info][gc,metaspace   ] GC(1115) Metaspace: 11849K(12160K)->11849K(12160K) NonClass: 10320K(10496K)->10320K(10496K) Class: 1528K(1664K)->1528K(1664K)
[161.715s][info][gc             ] GC(1115) Pause Young (Allocation Failure) 629M->83M(1979M) 0.690ms
[161.715s][info][gc,cpu         ] GC(1115) User=0.00s Sys=0.00s Real=0.00s
[161.851s][info][gc,start       ] GC(1116) Pause Young (Allocation Failure)
[161.852s][info][gc,heap        ] GC(1116) DefNew: 560176K(629120K)->1458K(629120K) Eden: 559232K(559232K)->0K(559232K) From: 944K(69888K)->1458K(69888K)
[161.852s][info][gc,heap        ] GC(1116) Tenured: 85058K(1398144K)->85058K(1398144K)
[161.852s][info][gc,metaspace   ] GC(1116) Metaspace: 11849K(12160K)->11849K(12160K) NonClass: 10320K(10496K)->10320K(10496K) Class: 1528K(1664K)->1528K(1664K)
[161.852s][info][gc             ] GC(1116) Pause Young (Allocation Failure) 630M->84M(1979M) 0.832ms
[161.852s][info][gc,cpu         ] GC(1116) User=0.00s Sys=0.00s Real=0.00s
[161.981s][info][gc,start       ] GC(1117) Pause Full (System.gc())
[161.981s][info][gc,phases,start] GC(1117) Phase 1: Mark live objects
[162.033s][info][gc,phases      ] GC(1117) Phase 1: Mark live objects 51.916ms
[162.033s][info][gc,phases,start] GC(1117) Phase 2: Compute new object addresses
[162.087s][info][gc,phases      ] GC(1117) Phase 2: Compute new object addresses 53.650ms
[162.087s][info][gc,phases,start] GC(1117) Phase 3: Adjust pointers
[162.109s][info][gc,phases      ] GC(1117) Phase 3: Adjust pointers 21.682ms
[162.109s][info][gc,phases,start] GC(1117) Phase 4: Move objects
[162.109s][info][gc,phases      ] GC(1117) Phase 4: Move objects 0.009ms
[162.109s][info][gc,heap        ] GC(1117) DefNew: 534058K(629120K)->0K(629120K) Eden: 532600K(559232K)->0K(559232K) From: 1458K(69888K)->0K(69888K)
[162.109s][info][gc,heap        ] GC(1117) Tenured: 85058K(1398144K)->85058K(1398144K)
[162.109s][info][gc,metaspace   ] GC(1117) Metaspace: 11849K(12160K)->11849K(12160K) NonClass: 10320K(10496K)->10320K(10496K) Class: 1528K(1664K)->1528K(1664K)
[162.109s][info][gc             ] GC(1117) Pause Full (System.gc()) 604M->83M(1979M) 127.972ms
[162.109s][info][gc,cpu         ] GC(1117) User=0.11s Sys=0.00s Real=0.12s
[162.251s][info][gc,start       ] GC(1118) Pause Young (Allocation Failure)
[162.252s][info][gc,heap        ] GC(1118) DefNew: 559232K(629120K)->453K(629120K) Eden: 559232K(559232K)->0K(559232K) From: 0K(69888K)->453K(69888K)
[162.252s][info][gc,heap        ] GC(1118) Tenured: 85058K(1398144K)->85058K(1398144K)
[162.252s][info][gc,metaspace   ] GC(1118) Metaspace: 11849K(12160K)->11849K(12160K) NonClass: 10320K(10496K)->10320K(10496K) Class: 1528K(1664K)->1528K(1664K)
[162.252s][info][gc             ] GC(1118) Pause Young (Allocation Failure) 629M->83M(1979M) 0.504ms
[162.252s][info][gc,cpu         ] GC(1118) User=0.00s Sys=0.00s Real=0.00s
[162.386s][info][gc,start       ] GC(1119) Pause Young (Allocation Failure)
[162.387s][info][gc,heap        ] GC(1119) DefNew: 559685K(629120K)->838K(629120K) Eden: 559232K(559232K)->0K(559232K) From: 453K(69888K)->838K(69888K)
[162.387s][info][gc,heap        ] GC(1119) Tenured: 85058K(1398144K)->85058K(1398144K)
[162.387s][info][gc,metaspace   ] GC(1119) Metaspace: 11849K(12160K)->11849K(12160K) NonClass: 10320K(10496K)->10320K(10496K) Class: 1528K(1664K)->1528K(1664K)
[162.387s][info][gc             ] GC(1119) Pause Young (Allocation Failure) 629M->83M(1979M) 0.608ms
[162.387s][info][gc,cpu         ] GC(1119) User=0.00s Sys=0.00s Real=0.00s
[162.527s][info][gc,start       ] GC(1120) Pause Young (Allocation Failure)
[162.527s][info][gc,heap        ] GC(1120) DefNew: 560070K(629120K)->1218K(629120K) Eden: 559232K(559232K)->0K(559232K) From: 838K(69888K)->1218K(69888K)
[162.527s][info][gc,heap        ] GC(1120) Tenured: 85058K(1398144K)->85058K(1398144K)
[162.527s][info][gc,metaspace   ] GC(1120) Metaspace: 11849K(12160K)->11849K(12160K) NonClass: 10320K(10496K)->10320K(10496K) Class: 1528K(1664K)->1528K(1664K)
[162.527s][info][gc             ] GC(1120) Pause Young (Allocation Failure) 630M->84M(1979M) 0.750ms
[162.527s][info][gc,cpu         ] GC(1120) User=0.00s Sys=0.00s Real=0.00s
[162.662s][info][gc,start       ] GC(1121) Pause Young (Allocation Failure)
[162.663s][info][gc,heap        ] GC(1121) DefNew: 560450K(629120K)->1754K(629120K) Eden: 559232K(559232K)->0K(559232K) From: 1218K(69888K)->1754K(69888K)
[162.663s][info][gc,heap        ] GC(1121) Tenured: 85058K(1398144K)->85058K(1398144K)
[162.663s][info][gc,metaspace   ] GC(1121) Metaspace: 11849K(12160K)->11849K(12160K) NonClass: 10320K(10496K)->10320K(10496K) Class: 1528K(1664K)->1528K(1664K)
[162.663s][info][gc             ] GC(1121) Pause Young (Allocation Failure) 630M->84M(1979M) 0.915ms
[162.663s][info][gc,cpu         ] GC(1121) User=0.00s Sys=0.00s Real=0.00s
[162.799s][info][gc,start       ] GC(1122) Pause Young (Allocation Failure)
[162.800s][info][gc,heap        ] GC(1122) DefNew: 560986K(629120K)->1953K(629120K) Eden: 559232K(559232K)->0K(559232K) From: 1754K(69888K)->1953K(69888K)
[162.800s][info][gc,heap        ] GC(1122) Tenured: 85058K(1398144K)->85058K(1398144K)
[162.800s][info][gc,metaspace   ] GC(1122) Metaspace: 11849K(12160K)->11849K(12160K) NonClass: 10320K(10496K)->10320K(10496K) Class: 1528K(1664K)->1528K(1664K)
[162.800s][info][gc             ] GC(1122) Pause Young (Allocation Failure) 630M->84M(1979M) 0.967ms
[162.800s][info][gc,cpu         ] GC(1122) User=0.00s Sys=0.00s Real=0.00s
[162.934s][info][gc,start       ] GC(1123) Pause Young (Allocation Failure)
[162.936s][info][gc,heap        ] GC(1123) DefNew: 561126K(629120K)->2737K(629120K) Eden: 559173K(559232K)->0K(559232K) From: 1953K(69888K)->2737K(69888K)
[162.936s][info][gc,heap        ] GC(1123) Tenured: 85058K(1398144K)->85058K(1398144K)
[162.936s][info][gc,metaspace   ] GC(1123) Metaspace: 11849K(12160K)->11849K(12160K) NonClass: 10320K(10496K)->10320K(10496K) Class: 1528K(1664K)->1528K(1664K)
[162.936s][info][gc             ] GC(1123) Pause Young (Allocation Failure) 631M->85M(1979M) 1.250ms
[162.936s][info][gc,cpu         ] GC(1123) User=0.00s Sys=0.00s Real=0.00s
[163.074s][info][gc,start       ] GC(1124) Pause Young (Allocation Failure)
[163.074s][info][gc,heap        ] GC(1124) DefNew: 561969K(629120K)->76K(629120K) Eden: 559232K(559232K)->0K(559232K) From: 2737K(69888K)->76K(69888K)
[163.074s][info][gc,heap        ] GC(1124) Tenured: 85058K(1398144K)->85058K(1398144K)
[163.074s][info][gc,metaspace   ] GC(1124) Metaspace: 11849K(12160K)->11849K(12160K) NonClass: 10320K(10496K)->10320K(10496K) Class: 1528K(1664K)->1528K(1664K)
[163.074s][info][gc             ] GC(1124) Pause Young (Allocation Failure) 631M->83M(1979M) 0.367ms
[163.074s][info][gc,cpu         ] GC(1124) User=0.00s Sys=0.00s Real=0.00s
[163.209s][info][gc,start       ] GC(1125) Pause Young (Allocation Failure)
[163.209s][info][gc,heap        ] GC(1125) DefNew: 559308K(629120K)->520K(629120K) Eden: 559232K(559232K)->0K(559232K) From: 76K(69888K)->520K(69888K)
[163.209s][info][gc,heap        ] GC(1125) Tenured: 85058K(1398144K)->85058K(1398144K)
[163.209s][info][gc,metaspace   ] GC(1125) Metaspace: 11849K(12160K)->11849K(12160K) NonClass: 10320K(10496K)->10320K(10496K) Class: 1528K(1664K)->1528K(1664K)
[163.209s][info][gc             ] GC(1125) Pause Young (Allocation Failure) 629M->83M(1979M) 0.530ms
[163.209s][info][gc,cpu         ] GC(1125) User=0.00s Sys=0.00s Real=0.00s
[163.344s][info][gc,start       ] GC(1126) Pause Young (Allocation Failure)
[163.344s][info][gc,heap        ] GC(1126) DefNew: 559752K(629120K)->931K(629120K) Eden: 559232K(559232K)->0K(559232K) From: 520K(69888K)->931K(69888K)
[163.344s][info][gc,heap        ] GC(1126) Tenured: 85058K(1398144K)->85058K(1398144K)
[163.344s][info][gc,metaspace   ] GC(1126) Metaspace: 11849K(12160K)->11849K(12160K) NonClass: 10320K(10496K)->10320K(10496K) Class: 1528K(1664K)->1528K(1664K)
[163.344s][info][gc             ] GC(1126) Pause Young (Allocation Failure) 629M->83M(1979M) 0.700ms
[163.344s][info][gc,cpu         ] GC(1126) User=0.00s Sys=0.00s Real=0.00s
[163.481s][info][gc,start       ] GC(1127) Pause Young (Allocation Failure)
[163.482s][info][gc,heap        ] GC(1127) DefNew: 560163K(629120K)->1266K(629120K) Eden: 559232K(559232K)->0K(559232K) From: 931K(69888K)->1266K(69888K)
[163.482s][info][gc,heap        ] GC(1127) Tenured: 85058K(1398144K)->85058K(1398144K)
[163.482s][info][gc,metaspace   ] GC(1127) Metaspace: 11849K(12160K)->11849K(12160K) NonClass: 10320K(10496K)->10320K(10496K) Class: 1528K(1664K)->1528K(1664K)
[163.482s][info][gc             ] GC(1127) Pause Young (Allocation Failure) 630M->84M(1979M) 0.786ms
[163.482s][info][gc,cpu         ] GC(1127) User=0.00s Sys=0.00s Real=0.00s
[163.620s][info][gc,start       ] GC(1128) Pause Young (Allocation Failure)
[163.621s][info][gc,heap        ] GC(1128) DefNew: 560498K(629120K)->1663K(629120K) Eden: 559232K(559232K)->0K(559232K) From: 1266K(69888K)->1663K(69888K)
[163.621s][info][gc,heap        ] GC(1128) Tenured: 85058K(1398144K)->85058K(1398144K)
[163.621s][info][gc,metaspace   ] GC(1128) Metaspace: 11849K(12160K)->11849K(12160K) NonClass: 10320K(10496K)->10320K(10496K) Class: 1528K(1664K)->1528K(1664K)
[163.621s][info][gc             ] GC(1128) Pause Young (Allocation Failure) 630M->84M(1979M) 0.960ms
[163.621s][info][gc,cpu         ] GC(1128) User=0.00s Sys=0.00s Real=0.00s
[163.757s][info][gc,start       ] GC(1129) Pause Young (Allocation Failure)
[163.758s][info][gc,heap        ] GC(1129) DefNew: 560895K(629120K)->2427K(629120K) Eden: 559232K(559232K)->0K(559232K) From: 1663K(69888K)->2427K(69888K)
[163.758s][info][gc,heap        ] GC(1129) Tenured: 85058K(1398144K)->85058K(1398144K)
[163.758s][info][gc,metaspace   ] GC(1129) Metaspace: 11849K(12160K)->11849K(12160K) NonClass: 10320K(10496K)->10320K(10496K) Class: 1528K(1664K)->1528K(1664K)
[163.759s][info][gc             ] GC(1129) Pause Young (Allocation Failure) 630M->85M(1979M) 1.446ms
[163.759s][info][gc,cpu         ] GC(1129) User=0.00s Sys=0.00s Real=0.01s
[163.899s][info][gc,start       ] GC(1130) Pause Young (Allocation Failure)
[163.900s][info][gc,heap        ] GC(1130) DefNew: 561640K(629120K)->2641K(629120K) Eden: 559213K(559232K)->0K(559232K) From: 2427K(69888K)->2641K(69888K)
[163.900s][info][gc,heap        ] GC(1130) Tenured: 85058K(1398144K)->85058K(1398144K)
[163.900s][info][gc,metaspace   ] GC(1130) Metaspace: 11849K(12160K)->11849K(12160K) NonClass: 10320K(10496K)->10320K(10496K) Class: 1528K(1664K)->1528K(1664K)
[163.900s][info][gc             ] GC(1130) Pause Young (Allocation Failure) 631M->85M(1979M) 1.259ms
[163.900s][info][gc,cpu         ] GC(1130) User=0.00s Sys=0.00s Real=0.00s
[164.042s][info][gc,start       ] GC(1131) Pause Young (Allocation Failure)
[164.043s][info][gc,heap        ] GC(1131) DefNew: 561861K(629120K)->2738K(629120K) Eden: 559220K(559232K)->0K(559232K) From: 2641K(69888K)->2738K(69888K)
[164.043s][info][gc,heap        ] GC(1131) Tenured: 85058K(1398144K)->85058K(1398144K)
[164.043s][info][gc,metaspace   ] GC(1131) Metaspace: 11849K(12160K)->11849K(12160K) NonClass: 10320K(10496K)->10320K(10496K) Class: 1528K(1664K)->1528K(1664K)
[164.043s][info][gc             ] GC(1131) Pause Young (Allocation Failure) 631M->85M(1979M) 1.292ms
[164.043s][info][gc,cpu         ] GC(1131) User=0.00s Sys=0.00s Real=0.00s
[164.190s][info][gc,start       ] GC(1132) Pause Young (Allocation Failure)
[164.190s][info][gc,heap        ] GC(1132) DefNew: 561970K(629120K)->413K(629120K) Eden: 559232K(559232K)->0K(559232K) From: 2738K(69888K)->413K(69888K)
[164.190s][info][gc,heap        ] GC(1132) Tenured: 85058K(1398144K)->85058K(1398144K)
[164.190s][info][gc,metaspace   ] GC(1132) Metaspace: 11849K(12160K)->11849K(12160K) NonClass: 10320K(10496K)->10320K(10496K) Class: 1528K(1664K)->1528K(1664K)
[164.190s][info][gc             ] GC(1132) Pause Young (Allocation Failure) 631M->83M(1979M) 0.504ms
[164.190s][info][gc,cpu         ] GC(1132) User=0.00s Sys=0.00s Real=0.00s
[164.331s][info][gc,start       ] GC(1133) Pause Young (Allocation Failure)
[164.332s][info][gc,heap        ] GC(1133) DefNew: 559645K(629120K)->858K(629120K) Eden: 559232K(559232K)->0K(559232K) From: 413K(69888K)->858K(69888K)
[164.332s][info][gc,heap        ] GC(1133) Tenured: 85058K(1398144K)->85058K(1398144K)
[164.332s][info][gc,metaspace   ] GC(1133) Metaspace: 11849K(12160K)->11849K(12160K) NonClass: 10320K(10496K)->10320K(10496K) Class: 1528K(1664K)->1528K(1664K)
[164.332s][info][gc             ] GC(1133) Pause Young (Allocation Failure) 629M->83M(1979M) 0.629ms
[164.332s][info][gc,cpu         ] GC(1133) User=0.00s Sys=0.00s Real=0.00s
[164.477s][info][gc,start       ] GC(1134) Pause Young (Allocation Failure)
[164.477s][info][gc,heap        ] GC(1134) DefNew: 560090K(629120K)->1117K(629120K) Eden: 559232K(559232K)->0K(559232K) From: 858K(69888K)->1117K(69888K)
[164.477s][info][gc,heap        ] GC(1134) Tenured: 85058K(1398144K)->85058K(1398144K)
[164.477s][info][gc,metaspace   ] GC(1134) Metaspace: 11849K(12160K)->11849K(12160K) NonClass: 10320K(10496K)->10320K(10496K) Class: 1528K(1664K)->1528K(1664K)
[164.477s][info][gc             ] GC(1134) Pause Young (Allocation Failure) 630M->84M(1979M) 0.719ms
[164.477s][info][gc,cpu         ] GC(1134) User=0.00s Sys=0.00s Real=0.00s
[164.620s][info][gc,start       ] GC(1135) Pause Full (System.gc())
[164.620s][info][gc,phases,start] GC(1135) Phase 1: Mark live objects
[164.672s][info][gc,phases      ] GC(1135) Phase 1: Mark live objects 51.711ms
[164.672s][info][gc,phases,start] GC(1135) Phase 2: Compute new object addresses
[164.727s][info][gc,phases      ] GC(1135) Phase 2: Compute new object addresses 55.400ms
[164.727s][info][gc,phases,start] GC(1135) Phase 3: Adjust pointers
[164.749s][info][gc,phases      ] GC(1135) Phase 3: Adjust pointers 21.907ms
[164.749s][info][gc,phases,start] GC(1135) Phase 4: Move objects
[164.749s][info][gc,phases      ] GC(1135) Phase 4: Move objects 0.009ms
[164.749s][info][gc,heap        ] GC(1135) DefNew: 534471K(629120K)->0K(629120K) Eden: 533353K(559232K)->0K(559232K) From: 1117K(69888K)->0K(69888K)
[164.749s][info][gc,heap        ] GC(1135) Tenured: 85058K(1398144K)->85056K(1398144K)
[164.749s][info][gc,metaspace   ] GC(1135) Metaspace: 11849K(12160K)->11849K(12160K) NonClass: 10320K(10496K)->10320K(10496K) Class: 1528K(1664K)->1528K(1664K)
[164.749s][info][gc             ] GC(1135) Pause Full (System.gc()) 605M->83M(1979M) 129.357ms
[164.749s][info][gc,cpu         ] GC(1135) User=0.12s Sys=0.00s Real=0.13s
[164.899s][info][gc,start       ] GC(1136) Pause Young (Allocation Failure)
[164.899s][info][gc,heap        ] GC(1136) DefNew: 559232K(629120K)->403K(629120K) Eden: 559232K(559232K)->0K(559232K) From: 0K(69888K)->403K(69888K)
[164.899s][info][gc,heap        ] GC(1136) Tenured: 85056K(1398144K)->85056K(1398144K)
[164.899s][info][gc,metaspace   ] GC(1136) Metaspace: 11851K(12160K)->11851K(12160K) NonClass: 10322K(10496K)->10322K(10496K) Class: 1528K(1664K)->1528K(1664K)
[164.899s][info][gc             ] GC(1136) Pause Young (Allocation Failure) 629M->83M(1979M) 0.480ms
[164.899s][info][gc,cpu         ] GC(1136) User=0.00s Sys=0.00s Real=0.00s
[165.041s][info][gc,start       ] GC(1137) Pause Young (Allocation Failure)
[165.042s][info][gc,heap        ] GC(1137) DefNew: 559635K(629120K)->969K(629120K) Eden: 559232K(559232K)->0K(559232K) From: 403K(69888K)->969K(69888K)
[165.042s][info][gc,heap        ] GC(1137) Tenured: 85056K(1398144K)->85056K(1398144K)
[165.042s][info][gc,metaspace   ] GC(1137) Metaspace: 11851K(12160K)->11851K(12160K) NonClass: 10322K(10496K)->10322K(10496K) Class: 1528K(1664K)->1528K(1664K)
[165.042s][info][gc             ] GC(1137) Pause Young (Allocation Failure) 629M->84M(1979M) 0.703ms
[165.042s][info][gc,cpu         ] GC(1137) User=0.00s Sys=0.00s Real=0.00s
[165.188s][info][gc,start       ] GC(1138) Pause Young (Allocation Failure)
[165.188s][info][gc,heap        ] GC(1138) DefNew: 560201K(629120K)->1329K(629120K) Eden: 559232K(559232K)->0K(559232K) From: 969K(69888K)->1329K(69888K)
[165.188s][info][gc,heap        ] GC(1138) Tenured: 85056K(1398144K)->85056K(1398144K)
[165.188s][info][gc,metaspace   ] GC(1138) Metaspace: 11851K(12160K)->11851K(12160K) NonClass: 10322K(10496K)->10322K(10496K) Class: 1528K(1664K)->1528K(1664K)
[165.188s][info][gc             ] GC(1138) Pause Young (Allocation Failure) 630M->84M(1979M) 0.929ms
[165.188s][info][gc,cpu         ] GC(1138) User=0.00s Sys=0.00s Real=0.00s
[165.327s][info][gc,start       ] GC(1139) Pause Young (Allocation Failure)
[165.328s][info][gc,heap        ] GC(1139) DefNew: 560561K(629120K)->1651K(629120K) Eden: 559232K(559232K)->0K(559232K) From: 1329K(69888K)->1651K(69888K)
[165.328s][info][gc,heap        ] GC(1139) Tenured: 85056K(1398144K)->85056K(1398144K)
[165.328s][info][gc,metaspace   ] GC(1139) Metaspace: 11851K(12160K)->11851K(12160K) NonClass: 10322K(10496K)->10322K(10496K) Class: 1528K(1664K)->1528K(1664K)
[165.328s][info][gc             ] GC(1139) Pause Young (Allocation Failure) 630M->84M(1979M) 0.883ms
[165.328s][info][gc,cpu         ] GC(1139) User=0.00s Sys=0.00s Real=0.00s
[165.467s][info][gc,start       ] GC(1140) Pause Young (Allocation Failure)
[165.468s][info][gc,heap        ] GC(1140) DefNew: 560883K(629120K)->2085K(629120K) Eden: 559232K(559232K)->0K(559232K) From: 1651K(69888K)->2085K(69888K)
[165.468s][info][gc,heap        ] GC(1140) Tenured: 85056K(1398144K)->85056K(1398144K)
[165.468s][info][gc,metaspace   ] GC(1140) Metaspace: 11851K(12160K)->11851K(12160K) NonClass: 10322K(10496K)->10322K(10496K) Class: 1528K(1664K)->1528K(1664K)
[165.468s][info][gc             ] GC(1140) Pause Young (Allocation Failure) 630M->85M(1979M) 1.031ms
[165.468s][info][gc,cpu         ] GC(1140) User=0.00s Sys=0.00s Real=0.00s
[165.612s][info][gc,start       ] GC(1141) Pause Young (Allocation Failure)
[165.613s][info][gc,heap        ] GC(1141) DefNew: 561317K(629120K)->2335K(629120K) Eden: 559232K(559232K)->0K(559232K) From: 2085K(69888K)->2335K(69888K)
[165.613s][info][gc,heap        ] GC(1141) Tenured: 85056K(1398144K)->85056K(1398144K)
[165.613s][info][gc,metaspace   ] GC(1141) Metaspace: 11851K(12160K)->11851K(12160K) NonClass: 10322K(10496K)->10322K(10496K) Class: 1528K(1664K)->1528K(1664K)
[165.613s][info][gc             ] GC(1141) Pause Young (Allocation Failure) 631M->85M(1979M) 1.169ms
[165.613s][info][gc,cpu         ] GC(1141) User=0.00s Sys=0.00s Real=0.00s
[165.753s][info][gc,start       ] GC(1142) Pause Young (Allocation Failure)
[165.755s][info][gc,heap        ] GC(1142) DefNew: 561567K(629120K)->3324K(629120K) Eden: 559232K(559232K)->0K(559232K) From: 2335K(69888K)->3324K(69888K)
[165.755s][info][gc,heap        ] GC(1142) Tenured: 85056K(1398144K)->85056K(1398144K)
[165.755s][info][gc,metaspace   ] GC(1142) Metaspace: 11851K(12160K)->11851K(12160K) NonClass: 10322K(10496K)->10322K(10496K) Class: 1528K(1664K)->1528K(1664K)
[165.755s][info][gc             ] GC(1142) Pause Young (Allocation Failure) 631M->86M(1979M) 1.447ms
[165.755s][info][gc,cpu         ] GC(1142) User=0.00s Sys=0.00s Real=0.00s
[165.897s][info][gc,start       ] GC(1143) Pause Young (Allocation Failure)
[165.897s][info][gc,heap        ] GC(1143) DefNew: 562556K(629120K)->127K(629120K) Eden: 559232K(559232K)->0K(559232K) From: 3324K(69888K)->127K(69888K)
[165.897s][info][gc,heap        ] GC(1143) Tenured: 85056K(1398144K)->85056K(1398144K)
[165.898s][info][gc,metaspace   ] GC(1143) Metaspace: 11851K(12160K)->11851K(12160K) NonClass: 10322K(10496K)->10322K(10496K) Class: 1528K(1664K)->1528K(1664K)
[165.898s][info][gc             ] GC(1143) Pause Young (Allocation Failure) 632M->83M(1979M) 0.393ms
[165.898s][info][gc,cpu         ] GC(1143) User=0.00s Sys=0.00s Real=0.00s
[166.032s][info][gc,start       ] GC(1144) Pause Young (Allocation Failure)
[166.033s][info][gc,heap        ] GC(1144) DefNew: 559359K(629120K)->520K(629120K) Eden: 559232K(559232K)->0K(559232K) From: 127K(69888K)->520K(69888K)
[166.033s][info][gc,heap        ] GC(1144) Tenured: 85056K(1398144K)->85056K(1398144K)
[166.033s][info][gc,metaspace   ] GC(1144) Metaspace: 11851K(12160K)->11851K(12160K) NonClass: 10322K(10496K)->10322K(10496K) Class: 1528K(1664K)->1528K(1664K)
[166.033s][info][gc             ] GC(1144) Pause Young (Allocation Failure) 629M->83M(1979M) 0.535ms
[166.033s][info][gc,cpu         ] GC(1144) User=0.00s Sys=0.00s Real=0.00s
[166.174s][info][gc,start       ] GC(1145) Pause Young (Allocation Failure)
[166.175s][info][gc,heap        ] GC(1145) DefNew: 559752K(629120K)->946K(629120K) Eden: 559232K(559232K)->0K(559232K) From: 520K(69888K)->946K(69888K)
[166.175s][info][gc,heap        ] GC(1145) Tenured: 85056K(1398144K)->85056K(1398144K)
[166.175s][info][gc,metaspace   ] GC(1145) Metaspace: 11851K(12160K)->11851K(12160K) NonClass: 10322K(10496K)->10322K(10496K) Class: 1528K(1664K)->1528K(1664K)
[166.175s][info][gc             ] GC(1145) Pause Young (Allocation Failure) 629M->83M(1979M) 0.780ms
[166.175s][info][gc,cpu         ] GC(1145) User=0.00s Sys=0.00s Real=0.00s
[166.312s][info][gc,start       ] GC(1146) Pause Young (Allocation Failure)
[166.313s][info][gc,heap        ] GC(1146) DefNew: 560178K(629120K)->1164K(629120K) Eden: 559232K(559232K)->0K(559232K) From: 946K(69888K)->1164K(69888K)
[166.313s][info][gc,heap        ] GC(1146) Tenured: 85056K(1398144K)->85056K(1398144K)
[166.313s][info][gc,metaspace   ] GC(1146) Metaspace: 11851K(12160K)->11851K(12160K) NonClass: 10322K(10496K)->10322K(10496K) Class: 1528K(1664K)->1528K(1664K)
[166.313s][info][gc             ] GC(1146) Pause Young (Allocation Failure) 630M->84M(1979M) 0.754ms
[166.313s][info][gc,cpu         ] GC(1146) User=0.00s Sys=0.00s Real=0.00s
[166.454s][info][gc,start       ] GC(1147) Pause Young (Allocation Failure)
[166.455s][info][gc,heap        ] GC(1147) DefNew: 560396K(629120K)->1842K(629120K) Eden: 559232K(559232K)->0K(559232K) From: 1164K(69888K)->1842K(69888K)
[166.455s][info][gc,heap        ] GC(1147) Tenured: 85056K(1398144K)->85056K(1398144K)
[166.455s][info][gc,metaspace   ] GC(1147) Metaspace: 11851K(12160K)->11851K(12160K) NonClass: 10322K(10496K)->10322K(10496K) Class: 1528K(1664K)->1528K(1664K)
[166.455s][info][gc             ] GC(1147) Pause Young (Allocation Failure) 630M->84M(1979M) 0.962ms
[166.455s][info][gc,cpu         ] GC(1147) User=0.00s Sys=0.00s Real=0.00s
[166.604s][info][gc,start       ] GC(1148) Pause Young (Allocation Failure)
[166.605s][info][gc,heap        ] GC(1148) DefNew: 561074K(629120K)->1918K(629120K) Eden: 559232K(559232K)->0K(559232K) From: 1842K(69888K)->1918K(69888K)
[166.605s][info][gc,heap        ] GC(1148) Tenured: 85056K(1398144K)->85056K(1398144K)
[166.605s][info][gc,metaspace   ] GC(1148) Metaspace: 11851K(12160K)->11851K(12160K) NonClass: 10322K(10496K)->10322K(10496K) Class: 1528K(1664K)->1528K(1664K)
[166.605s][info][gc             ] GC(1148) Pause Young (Allocation Failure) 630M->84M(1979M) 0.965ms
[166.605s][info][gc,cpu         ] GC(1148) User=0.00s Sys=0.00s Real=0.00s
[166.746s][info][gc,start       ] GC(1149) Pause Young (Allocation Failure)
[166.747s][info][gc,heap        ] GC(1149) DefNew: 561145K(629120K)->2692K(629120K) Eden: 559227K(559232K)->0K(559232K) From: 1918K(69888K)->2692K(69888K)
[166.747s][info][gc,heap        ] GC(1149) Tenured: 85056K(1398144K)->85056K(1398144K)
[166.747s][info][gc,metaspace   ] GC(1149) Metaspace: 11851K(12160K)->11851K(12160K) NonClass: 10322K(10496K)->10322K(10496K) Class: 1528K(1664K)->1528K(1664K)
[166.747s][info][gc             ] GC(1149) Pause Young (Allocation Failure) 631M->85M(1979M) 1.285ms
[166.747s][info][gc,cpu         ] GC(1149) User=0.00s Sys=0.00s Real=0.00s
[166.888s][info][gc,start       ] GC(1150) Pause Young (Allocation Failure)
[166.890s][info][gc,heap        ] GC(1150) DefNew: 561818K(629120K)->3131K(629120K) Eden: 559125K(559232K)->0K(559232K) From: 2692K(69888K)->3131K(69888K)
[166.890s][info][gc,heap        ] GC(1150) Tenured: 85056K(1398144K)->85056K(1398144K)
[166.890s][info][gc,metaspace   ] GC(1150) Metaspace: 11851K(12160K)->11851K(12160K) NonClass: 10322K(10496K)->10322K(10496K) Class: 1528K(1664K)->1528K(1664K)
[166.890s][info][gc             ] GC(1150) Pause Young (Allocation Failure) 631M->86M(1979M) 1.512ms
[166.890s][info][gc,cpu         ] GC(1150) User=0.00s Sys=0.00s Real=0.02s
[167.036s][info][gc,start       ] GC(1151) Pause Young (Allocation Failure)
[167.036s][info][gc,heap        ] GC(1151) DefNew: 562363K(629120K)->441K(629120K) Eden: 559232K(559232K)->0K(559232K) From: 3131K(69888K)->441K(69888K)
[167.036s][info][gc,heap        ] GC(1151) Tenured: 85056K(1398144K)->85057K(1398144K)
[167.036s][info][gc,metaspace   ] GC(1151) Metaspace: 11851K(12160K)->11851K(12160K) NonClass: 10322K(10496K)->10322K(10496K) Class: 1528K(1664K)->1528K(1664K)
[167.036s][info][gc             ] GC(1151) Pause Young (Allocation Failure) 632M->83M(1979M) 0.554ms
[167.036s][info][gc,cpu         ] GC(1151) User=0.00s Sys=0.00s Real=0.00s
[167.176s][info][gc,start       ] GC(1152) Pause Young (Allocation Failure)
[167.177s][info][gc,heap        ] GC(1152) DefNew: 559673K(629120K)->788K(629120K) Eden: 559232K(559232K)->0K(559232K) From: 441K(69888K)->788K(69888K)
[167.177s][info][gc,heap        ] GC(1152) Tenured: 85057K(1398144K)->85057K(1398144K)
[167.177s][info][gc,metaspace   ] GC(1152) Metaspace: 11851K(12160K)->11851K(12160K) NonClass: 10322K(10496K)->10322K(10496K) Class: 1528K(1664K)->1528K(1664K)
[167.177s][info][gc             ] GC(1152) Pause Young (Allocation Failure) 629M->83M(1979M) 0.624ms
[167.177s][info][gc,cpu         ] GC(1152) User=0.00s Sys=0.00s Real=0.00s
[167.314s][info][gc,start       ] GC(1153) Pause Full (System.gc())
[167.314s][info][gc,phases,start] GC(1153) Phase 1: Mark live objects
[167.366s][info][gc,phases      ] GC(1153) Phase 1: Mark live objects 52.457ms
[167.366s][info][gc,phases,start] GC(1153) Phase 2: Compute new object addresses
[167.421s][info][gc,phases      ] GC(1153) Phase 2: Compute new object addresses 54.049ms
[167.421s][info][gc,phases,start] GC(1153) Phase 3: Adjust pointers
[167.443s][info][gc,phases      ] GC(1153) Phase 3: Adjust pointers 22.011ms
[167.443s][info][gc,phases,start] GC(1153) Phase 4: Move objects
[167.443s][info][gc,phases      ] GC(1153) Phase 4: Move objects 0.010ms
[167.443s][info][gc,heap        ] GC(1153) DefNew: 543623K(629120K)->0K(629120K) Eden: 542835K(559232K)->0K(559232K) From: 788K(69888K)->0K(69888K)
[167.443s][info][gc,heap        ] GC(1153) Tenured: 85057K(1398144K)->85058K(1398144K)
[167.443s][info][gc,metaspace   ] GC(1153) Metaspace: 11861K(12160K)->11861K(12160K) NonClass: 10332K(10496K)->10332K(10496K) Class: 1528K(1664K)->1528K(1664K)
[167.443s][info][gc             ] GC(1153) Pause Full (System.gc()) 613M->83M(1979M) 128.864ms
[167.443s][info][gc,cpu         ] GC(1153) User=0.11s Sys=0.00s Real=0.13s
[167.596s][info][gc,start       ] GC(1154) Pause Young (Allocation Failure)
[167.597s][info][gc,heap        ] GC(1154) DefNew: 559232K(629120K)->426K(629120K) Eden: 559232K(559232K)->0K(559232K) From: 0K(69888K)->426K(69888K)
[167.597s][info][gc,heap        ] GC(1154) Tenured: 85058K(1398144K)->85058K(1398144K)
[167.597s][info][gc,metaspace   ] GC(1154) Metaspace: 11863K(12160K)->11863K(12160K) NonClass: 10334K(10496K)->10334K(10496K) Class: 1528K(1664K)->1528K(1664K)
[167.597s][info][gc             ] GC(1154) Pause Young (Allocation Failure) 629M->83M(1979M) 0.610ms
[167.597s][info][gc,cpu         ] GC(1154) User=0.00s Sys=0.00s Real=0.02s
[167.741s][info][gc,start       ] GC(1155) Pause Young (Allocation Failure)
[167.741s][info][gc,heap        ] GC(1155) DefNew: 559658K(629120K)->922K(629120K) Eden: 559232K(559232K)->0K(559232K) From: 426K(69888K)->922K(69888K)
[167.741s][info][gc,heap        ] GC(1155) Tenured: 85058K(1398144K)->85058K(1398144K)
[167.741s][info][gc,metaspace   ] GC(1155) Metaspace: 11863K(12160K)->11863K(12160K) NonClass: 10334K(10496K)->10334K(10496K) Class: 1528K(1664K)->1528K(1664K)
[167.741s][info][gc             ] GC(1155) Pause Young (Allocation Failure) 629M->83M(1979M) 0.714ms
[167.742s][info][gc,cpu         ] GC(1155) User=0.00s Sys=0.00s Real=0.00s
[167.883s][info][gc,start       ] GC(1156) Pause Young (Allocation Failure)
[167.883s][info][gc,heap        ] GC(1156) DefNew: 560154K(629120K)->1379K(629120K) Eden: 559232K(559232K)->0K(559232K) From: 922K(69888K)->1379K(69888K)
[167.883s][info][gc,heap        ] GC(1156) Tenured: 85058K(1398144K)->85058K(1398144K)
[167.884s][info][gc,metaspace   ] GC(1156) Metaspace: 11863K(12160K)->11863K(12160K) NonClass: 10334K(10496K)->10334K(10496K) Class: 1528K(1664K)->1528K(1664K)
[167.884s][info][gc             ] GC(1156) Pause Young (Allocation Failure) 630M->84M(1979M) 0.931ms
[167.884s][info][gc,cpu         ] GC(1156) User=0.00s Sys=0.00s Real=0.00s
[168.025s][info][gc,start       ] GC(1157) Pause Young (Allocation Failure)
[168.026s][info][gc,heap        ] GC(1157) DefNew: 560579K(629120K)->1640K(629120K) Eden: 559199K(559232K)->0K(559232K) From: 1379K(69888K)->1640K(69888K)
[168.026s][info][gc,heap        ] GC(1157) Tenured: 85058K(1398144K)->85058K(1398144K)
[168.026s][info][gc,metaspace   ] GC(1157) Metaspace: 11863K(12160K)->11863K(12160K) NonClass: 10334K(10496K)->10334K(10496K) Class: 1528K(1664K)->1528K(1664K)
[168.026s][info][gc             ] GC(1157) Pause Young (Allocation Failure) 630M->84M(1979M) 0.968ms
[168.026s][info][gc,cpu         ] GC(1157) User=0.00s Sys=0.00s Real=0.00s
[168.166s][info][gc,start       ] GC(1158) Pause Young (Allocation Failure)
[168.167s][info][gc,heap        ] GC(1158) DefNew: 560872K(629120K)->1804K(629120K) Eden: 559232K(559232K)->0K(559232K) From: 1640K(69888K)->1804K(69888K)
[168.167s][info][gc,heap        ] GC(1158) Tenured: 85058K(1398144K)->85058K(1398144K)
[168.167s][info][gc,metaspace   ] GC(1158) Metaspace: 11863K(12160K)->11863K(12160K) NonClass: 10334K(10496K)->10334K(10496K) Class: 1528K(1664K)->1528K(1664K)
[168.167s][info][gc             ] GC(1158) Pause Young (Allocation Failure) 630M->84M(1979M) 0.924ms
[168.167s][info][gc,cpu         ] GC(1158) User=0.00s Sys=0.00s Real=0.00s
[168.305s][info][gc,start       ] GC(1159) Pause Young (Allocation Failure)
[168.306s][info][gc,heap        ] GC(1159) DefNew: 561008K(629120K)->2104K(629120K) Eden: 559203K(559232K)->0K(559232K) From: 1804K(69888K)->2104K(69888K)
[168.306s][info][gc,heap        ] GC(1159) Tenured: 85058K(1398144K)->85058K(1398144K)
[168.306s][info][gc,metaspace   ] GC(1159) Metaspace: 11863K(12160K)->11863K(12160K) NonClass: 10334K(10496K)->10334K(10496K) Class: 1528K(1664K)->1528K(1664K)
[168.306s][info][gc             ] GC(1159) Pause Young (Allocation Failure) 630M->85M(1979M) 1.104ms
[168.306s][info][gc,cpu         ] GC(1159) User=0.00s Sys=0.00s Real=0.00s
[168.444s][info][gc,start       ] GC(1160) Pause Young (Allocation Failure)
[168.445s][info][gc,heap        ] GC(1160) DefNew: 561224K(629120K)->2443K(629120K) Eden: 559119K(559232K)->0K(559232K) From: 2104K(69888K)->2443K(69888K)
[168.445s][info][gc,heap        ] GC(1160) Tenured: 85058K(1398144K)->85058K(1398144K)
[168.445s][info][gc,metaspace   ] GC(1160) Metaspace: 11863K(12160K)->11863K(12160K) NonClass: 10334K(10496K)->10334K(10496K) Class: 1528K(1664K)->1528K(1664K)
[168.445s][info][gc             ] GC(1160) Pause Young (Allocation Failure) 631M->85M(1979M) 1.266ms
[168.445s][info][gc,cpu         ] GC(1160) User=0.00s Sys=0.00s Real=0.01s
[168.595s][info][gc,start       ] GC(1161) Pause Young (Allocation Failure)
[168.596s][info][gc,heap        ] GC(1161) DefNew: 561675K(629120K)->229K(629120K) Eden: 559232K(559232K)->0K(559232K) From: 2443K(69888K)->229K(69888K)
[168.596s][info][gc,heap        ] GC(1161) Tenured: 85058K(1398144K)->85058K(1398144K)
[168.596s][info][gc,metaspace   ] GC(1161) Metaspace: 11863K(12160K)->11863K(12160K) NonClass: 10334K(10496K)->10334K(10496K) Class: 1528K(1664K)->1528K(1664K)
[168.596s][info][gc             ] GC(1161) Pause Young (Allocation Failure) 631M->83M(1979M) 0.440ms
[168.596s][info][gc,cpu         ] GC(1161) User=0.00s Sys=0.00s Real=0.00s
[168.737s][info][gc,start       ] GC(1162) Pause Young (Allocation Failure)
[168.738s][info][gc,heap        ] GC(1162) DefNew: 559461K(629120K)->515K(629120K) Eden: 559232K(559232K)->0K(559232K) From: 229K(69888K)->515K(69888K)
[168.738s][info][gc,heap        ] GC(1162) Tenured: 85058K(1398144K)->85058K(1398144K)
[168.738s][info][gc,metaspace   ] GC(1162) Metaspace: 11863K(12160K)->11863K(12160K) NonClass: 10334K(10496K)->10334K(10496K) Class: 1528K(1664K)->1528K(1664K)
[168.738s][info][gc             ] GC(1162) Pause Young (Allocation Failure) 629M->83M(1979M) 0.576ms
[168.738s][info][gc,cpu         ] GC(1162) User=0.00s Sys=0.00s Real=0.00s
[168.880s][info][gc,start       ] GC(1163) Pause Young (Allocation Failure)
[168.880s][info][gc,heap        ] GC(1163) DefNew: 559747K(629120K)->852K(629120K) Eden: 559232K(559232K)->0K(559232K) From: 515K(69888K)->852K(69888K)
[168.880s][info][gc,heap        ] GC(1163) Tenured: 85058K(1398144K)->85058K(1398144K)
[168.880s][info][gc,metaspace   ] GC(1163) Metaspace: 11863K(12160K)->11863K(12160K) NonClass: 10334K(10496K)->10334K(10496K) Class: 1528K(1664K)->1528K(1664K)
[168.880s][info][gc             ] GC(1163) Pause Young (Allocation Failure) 629M->83M(1979M) 0.688ms
[168.880s][info][gc,cpu         ] GC(1163) User=0.00s Sys=0.00s Real=0.00s
[169.024s][info][gc,start       ] GC(1164) Pause Young (Allocation Failure)
[169.024s][info][gc,heap        ] GC(1164) DefNew: 560084K(629120K)->1223K(629120K) Eden: 559232K(559232K)->0K(559232K) From: 852K(69888K)->1223K(69888K)
[169.024s][info][gc,heap        ] GC(1164) Tenured: 85058K(1398144K)->85058K(1398144K)
[169.024s][info][gc,metaspace   ] GC(1164) Metaspace: 11863K(12160K)->11863K(12160K) NonClass: 10334K(10496K)->10334K(10496K) Class: 1528K(1664K)->1528K(1664K)
[169.024s][info][gc             ] GC(1164) Pause Young (Allocation Failure) 630M->84M(1979M) 0.771ms
[169.024s][info][gc,cpu         ] GC(1164) User=0.00s Sys=0.00s Real=0.02s
[169.169s][info][gc,start       ] GC(1165) Pause Young (Allocation Failure)
[169.170s][info][gc,heap        ] GC(1165) DefNew: 560455K(629120K)->1653K(629120K) Eden: 559232K(559232K)->0K(559232K) From: 1223K(69888K)->1653K(69888K)
[169.170s][info][gc,heap        ] GC(1165) Tenured: 85058K(1398144K)->85058K(1398144K)
[169.170s][info][gc,metaspace   ] GC(1165) Metaspace: 11863K(12160K)->11863K(12160K) NonClass: 10334K(10496K)->10334K(10496K) Class: 1528K(1664K)->1528K(1664K)
[169.170s][info][gc             ] GC(1165) Pause Young (Allocation Failure) 630M->84M(1979M) 0.972ms
[169.170s][info][gc,cpu         ] GC(1165) User=0.00s Sys=0.00s Real=0.00s
[169.312s][info][gc,start       ] GC(1166) Pause Young (Allocation Failure)
[169.313s][info][gc,heap        ] GC(1166) DefNew: 560875K(629120K)->1848K(629120K) Eden: 559221K(559232K)->0K(559232K) From: 1653K(69888K)->1848K(69888K)
[169.313s][info][gc,heap        ] GC(1166) Tenured: 85058K(1398144K)->85058K(1398144K)
[169.313s][info][gc,metaspace   ] GC(1166) Metaspace: 11863K(12160K)->11863K(12160K) NonClass: 10334K(10496K)->10334K(10496K) Class: 1528K(1664K)->1528K(1664K)
[169.313s][info][gc             ] GC(1166) Pause Young (Allocation Failure) 630M->84M(1979M) 1.029ms
[169.313s][info][gc,cpu         ] GC(1166) User=0.00s Sys=0.00s Real=0.00s
[169.459s][info][gc,start       ] GC(1167) Pause Young (Allocation Failure)
[169.460s][info][gc,heap        ] GC(1167) DefNew: 561080K(629120K)->1975K(629120K) Eden: 559232K(559232K)->0K(559232K) From: 1848K(69888K)->1975K(69888K)
[169.460s][info][gc,heap        ] GC(1167) Tenured: 85058K(1398144K)->85058K(1398144K)
[169.460s][info][gc,metaspace   ] GC(1167) Metaspace: 11863K(12160K)->11863K(12160K) NonClass: 10334K(10496K)->10334K(10496K) Class: 1528K(1664K)->1528K(1664K)
[169.460s][info][gc             ] GC(1167) Pause Young (Allocation Failure) 630M->84M(1979M) 1.013ms
[169.460s][info][gc,cpu         ] GC(1167) User=0.00s Sys=0.00s Real=0.00s
[169.612s][info][gc,start       ] GC(1168) Pause Young (Allocation Failure)
[169.614s][info][gc,heap        ] GC(1168) DefNew: 561194K(629120K)->2837K(629120K) Eden: 559219K(559232K)->0K(559232K) From: 1975K(69888K)->2837K(69888K)
[169.614s][info][gc,heap        ] GC(1168) Tenured: 85058K(1398144K)->85058K(1398144K)
[169.614s][info][gc,metaspace   ] GC(1168) Metaspace: 11863K(12160K)->11863K(12160K) NonClass: 10334K(10496K)->10334K(10496K) Class: 1528K(1664K)->1528K(1664K)
[169.614s][info][gc             ] GC(1168) Pause Young (Allocation Failure) 631M->85M(1979M) 1.323ms
[169.614s][info][gc,cpu         ] GC(1168) User=0.00s Sys=0.00s Real=0.00s
[169.761s][info][gc,start       ] GC(1169) Pause Young (Allocation Failure)
[169.762s][info][gc,heap        ] GC(1169) DefNew: 562069K(629120K)->106K(629120K) Eden: 559232K(559232K)->0K(559232K) From: 2837K(69888K)->106K(69888K)
[169.762s][info][gc,heap        ] GC(1169) Tenured: 85058K(1398144K)->85058K(1398144K)
[169.762s][info][gc,metaspace   ] GC(1169) Metaspace: 11863K(12160K)->11863K(12160K) NonClass: 10334K(10496K)->10334K(10496K) Class: 1528K(1664K)->1528K(1664K)
[169.762s][info][gc             ] GC(1169) Pause Young (Allocation Failure) 631M->83M(1979M) 0.395ms
[169.762s][info][gc,cpu         ] GC(1169) User=0.00s Sys=0.00s Real=0.00s
[169.904s][info][gc,start       ] GC(1170) Pause Young (Allocation Failure)
[169.905s][info][gc,heap        ] GC(1170) DefNew: 559338K(629120K)->473K(629120K) Eden: 559232K(559232K)->0K(559232K) From: 106K(69888K)->473K(69888K)
[169.905s][info][gc,heap        ] GC(1170) Tenured: 85058K(1398144K)->85058K(1398144K)
[169.905s][info][gc,metaspace   ] GC(1170) Metaspace: 11863K(12160K)->11863K(12160K) NonClass: 10334K(10496K)->10334K(10496K) Class: 1528K(1664K)->1528K(1664K)
[169.905s][info][gc             ] GC(1170) Pause Young (Allocation Failure) 629M->83M(1979M) 0.534ms
[169.905s][info][gc,cpu         ] GC(1170) User=0.00s Sys=0.00s Real=0.00s
[170.048s][info][gc,start       ] GC(1171) Pause Full (System.gc())
[170.048s][info][gc,phases,start] GC(1171) Phase 1: Mark live objects
[170.100s][info][gc,phases      ] GC(1171) Phase 1: Mark live objects 52.618ms
[170.100s][info][gc,phases,start] GC(1171) Phase 2: Compute new object addresses
[170.155s][info][gc,phases      ] GC(1171) Phase 2: Compute new object addresses 55.151ms
[170.155s][info][gc,phases,start] GC(1171) Phase 3: Adjust pointers
[170.177s][info][gc,phases      ] GC(1171) Phase 3: Adjust pointers 21.753ms
[170.177s][info][gc,phases,start] GC(1171) Phase 4: Move objects
[170.177s][info][gc,phases      ] GC(1171) Phase 4: Move objects 0.009ms
[170.177s][info][gc,heap        ] GC(1171) DefNew: 547850K(629120K)->0K(629120K) Eden: 547376K(559232K)->0K(559232K) From: 473K(69888K)->0K(69888K)
[170.177s][info][gc,heap        ] GC(1171) Tenured: 85058K(1398144K)->85058K(1398144K)
[170.177s][info][gc,metaspace   ] GC(1171) Metaspace: 11863K(12160K)->11863K(12160K) NonClass: 10334K(10496K)->10334K(10496K) Class: 1528K(1664K)->1528K(1664K)
[170.177s][info][gc             ] GC(1171) Pause Full (System.gc()) 618M->83M(1979M) 129.805ms
[170.177s][info][gc,cpu         ] GC(1171) User=0.12s Sys=0.00s Real=0.13s
[170.326s][info][gc,start       ] GC(1172) Pause Young (Allocation Failure)
[170.327s][info][gc,heap        ] GC(1172) DefNew: 559232K(629120K)->430K(629120K) Eden: 559232K(559232K)->0K(559232K) From: 0K(69888K)->430K(69888K)
[170.327s][info][gc,heap        ] GC(1172) Tenured: 85058K(1398144K)->85058K(1398144K)
[170.327s][info][gc,metaspace   ] GC(1172) Metaspace: 11863K(12160K)->11863K(12160K) NonClass: 10334K(10496K)->10334K(10496K) Class: 1528K(1664K)->1528K(1664K)
[170.327s][info][gc             ] GC(1172) Pause Young (Allocation Failure) 629M->83M(1979M) 0.519ms
[170.327s][info][gc,cpu         ] GC(1172) User=0.00s Sys=0.00s Real=0.00s
[170.469s][info][gc,start       ] GC(1173) Pause Young (Allocation Failure)
[170.470s][info][gc,heap        ] GC(1173) DefNew: 559662K(629120K)->775K(629120K) Eden: 559232K(559232K)->0K(559232K) From: 430K(69888K)->775K(69888K)
[170.470s][info][gc,heap        ] GC(1173) Tenured: 85058K(1398144K)->85058K(1398144K)
[170.470s][info][gc,metaspace   ] GC(1173) Metaspace: 11863K(12160K)->11863K(12160K) NonClass: 10334K(10496K)->10334K(10496K) Class: 1528K(1664K)->1528K(1664K)
[170.470s][info][gc             ] GC(1173) Pause Young (Allocation Failure) 629M->83M(1979M) 0.785ms
[170.470s][info][gc,cpu         ] GC(1173) User=0.00s Sys=0.00s Real=0.02s
[170.618s][info][gc,start       ] GC(1174) Pause Young (Allocation Failure)
[170.619s][info][gc,heap        ] GC(1174) DefNew: 560007K(629120K)->1216K(629120K) Eden: 559232K(559232K)->0K(559232K) From: 775K(69888K)->1216K(69888K)
[170.619s][info][gc,heap        ] GC(1174) Tenured: 85058K(1398144K)->85058K(1398144K)
[170.619s][info][gc,metaspace   ] GC(1174) Metaspace: 11863K(12160K)->11863K(12160K) NonClass: 10334K(10496K)->10334K(10496K) Class: 1528K(1664K)->1528K(1664K)
[170.619s][info][gc             ] GC(1174) Pause Young (Allocation Failure) 629M->84M(1979M) 0.759ms
[170.619s][info][gc,cpu         ] GC(1174) User=0.00s Sys=0.00s Real=0.00s
[170.762s][info][gc,start       ] GC(1175) Pause Young (Allocation Failure)
[170.762s][info][gc,heap        ] GC(1175) DefNew: 560448K(629120K)->1631K(629120K) Eden: 559232K(559232K)->0K(559232K) From: 1216K(69888K)->1631K(69888K)
[170.763s][info][gc,heap        ] GC(1175) Tenured: 85058K(1398144K)->85058K(1398144K)
[170.763s][info][gc,metaspace   ] GC(1175) Metaspace: 11863K(12160K)->11863K(12160K) NonClass: 10334K(10496K)->10334K(10496K) Class: 1528K(1664K)->1528K(1664K)
[170.763s][info][gc             ] GC(1175) Pause Young (Allocation Failure) 630M->84M(1979M) 0.891ms
[170.763s][info][gc,cpu         ] GC(1175) User=0.00s Sys=0.00s Real=0.00s
[170.908s][info][gc,start       ] GC(1176) Pause Young (Allocation Failure)
[170.909s][info][gc,heap        ] GC(1176) DefNew: 560863K(629120K)->2020K(629120K) Eden: 559232K(559232K)->0K(559232K) From: 1631K(69888K)->2020K(69888K)
[170.909s][info][gc,heap        ] GC(1176) Tenured: 85058K(1398144K)->85058K(1398144K)
[170.909s][info][gc,metaspace   ] GC(1176) Metaspace: 11863K(12160K)->11863K(12160K) NonClass: 10334K(10496K)->10334K(10496K) Class: 1528K(1664K)->1528K(1664K)
[170.909s][info][gc             ] GC(1176) Pause Young (Allocation Failure) 630M->85M(1979M) 1.048ms
[170.909s][info][gc,cpu         ] GC(1176) User=0.00s Sys=0.00s Real=0.01s
[171.050s][info][gc,start       ] GC(1177) Pause Young (Allocation Failure)
[171.051s][info][gc,heap        ] GC(1177) DefNew: 561179K(629120K)->2324K(629120K) Eden: 559159K(559232K)->0K(559232K) From: 2020K(69888K)->2324K(69888K)
[171.051s][info][gc,heap        ] GC(1177) Tenured: 85058K(1398144K)->85058K(1398144K)
[171.051s][info][gc,metaspace   ] GC(1177) Metaspace: 11863K(12160K)->11863K(12160K) NonClass: 10334K(10496K)->10334K(10496K) Class: 1528K(1664K)->1528K(1664K)
[171.051s][info][gc             ] GC(1177) Pause Young (Allocation Failure) 631M->85M(1979M) 1.179ms
[171.051s][info][gc,cpu         ] GC(1177) User=0.00s Sys=0.00s Real=0.00s
[171.193s][info][gc,start       ] GC(1178) Pause Young (Allocation Failure)
[171.195s][info][gc,heap        ] GC(1178) DefNew: 561556K(629120K)->3322K(629120K) Eden: 559232K(559232K)->0K(559232K) From: 2324K(69888K)->3322K(69888K)
[171.195s][info][gc,heap        ] GC(1178) Tenured: 85058K(1398144K)->85058K(1398144K)
[171.195s][info][gc,metaspace   ] GC(1178) Metaspace: 11863K(12160K)->11863K(12160K) NonClass: 10334K(10496K)->10334K(10496K) Class: 1528K(1664K)->1528K(1664K)
[171.195s][info][gc             ] GC(1178) Pause Young (Allocation Failure) 631M->86M(1979M) 1.417ms
[171.195s][info][gc,cpu         ] GC(1178) User=0.00s Sys=0.00s Real=0.00s
[171.341s][info][gc,start       ] GC(1179) Pause Young (Allocation Failure)
[171.342s][info][gc,heap        ] GC(1179) DefNew: 562554K(629120K)->417K(629120K) Eden: 559232K(559232K)->0K(559232K) From: 3322K(69888K)->417K(69888K)
[171.342s][info][gc,heap        ] GC(1179) Tenured: 85058K(1398144K)->85058K(1398144K)
[171.342s][info][gc,metaspace   ] GC(1179) Metaspace: 11863K(12160K)->11863K(12160K) NonClass: 10334K(10496K)->10334K(10496K) Class: 1528K(1664K)->1528K(1664K)
[171.342s][info][gc             ] GC(1179) Pause Young (Allocation Failure) 632M->83M(1979M) 0.507ms
[171.342s][info][gc,cpu         ] GC(1179) User=0.00s Sys=0.00s Real=0.00s
[171.486s][info][gc,start       ] GC(1180) Pause Young (Allocation Failure)
[171.487s][info][gc,heap        ] GC(1180) DefNew: 559649K(629120K)->772K(629120K) Eden: 559232K(559232K)->0K(559232K) From: 417K(69888K)->772K(69888K)
[171.487s][info][gc,heap        ] GC(1180) Tenured: 85058K(1398144K)->85058K(1398144K)
[171.487s][info][gc,metaspace   ] GC(1180) Metaspace: 11863K(12160K)->11863K(12160K) NonClass: 10334K(10496K)->10334K(10496K) Class: 1528K(1664K)->1528K(1664K)
[171.487s][info][gc             ] GC(1180) Pause Young (Allocation Failure) 629M->83M(1979M) 0.625ms
[171.487s][info][gc,cpu         ] GC(1180) User=0.00s Sys=0.00s Real=0.00s
[171.635s][info][gc,start       ] GC(1181) Pause Young (Allocation Failure)
[171.635s][info][gc,heap        ] GC(1181) DefNew: 560004K(629120K)->1211K(629120K) Eden: 559232K(559232K)->0K(559232K) From: 772K(69888K)->1211K(69888K)
[171.635s][info][gc,heap        ] GC(1181) Tenured: 85058K(1398144K)->85058K(1398144K)
[171.635s][info][gc,metaspace   ] GC(1181) Metaspace: 11863K(12160K)->11863K(12160K) NonClass: 10334K(10496K)->10334K(10496K) Class: 1528K(1664K)->1528K(1664K)
[171.635s][info][gc             ] GC(1181) Pause Young (Allocation Failure) 629M->84M(1979M) 0.740ms
[171.635s][info][gc,cpu         ] GC(1181) User=0.00s Sys=0.00s Real=0.00s
[171.781s][info][gc,start       ] GC(1182) Pause Young (Allocation Failure)
[171.782s][info][gc,heap        ] GC(1182) DefNew: 560443K(629120K)->1586K(629120K) Eden: 559232K(559232K)->0K(559232K) From: 1211K(69888K)->1586K(69888K)
[171.782s][info][gc,heap        ] GC(1182) Tenured: 85058K(1398144K)->85058K(1398144K)
[171.782s][info][gc,metaspace   ] GC(1182) Metaspace: 11863K(12160K)->11863K(12160K) NonClass: 10334K(10496K)->10334K(10496K) Class: 1528K(1664K)->1528K(1664K)
[171.782s][info][gc             ] GC(1182) Pause Young (Allocation Failure) 630M->84M(1979M) 0.882ms
[171.782s][info][gc,cpu         ] GC(1182) User=0.00s Sys=0.00s Real=0.00s
[171.927s][info][gc,start       ] GC(1183) Pause Young (Allocation Failure)
[171.928s][info][gc,heap        ] GC(1183) DefNew: 560818K(629120K)->1865K(629120K) Eden: 559232K(559232K)->0K(559232K) From: 1586K(69888K)->1865K(69888K)
[171.928s][info][gc,heap        ] GC(1183) Tenured: 85058K(1398144K)->85058K(1398144K)
[171.928s][info][gc,metaspace   ] GC(1183) Metaspace: 11863K(12160K)->11863K(12160K) NonClass: 10334K(10496K)->10334K(10496K) Class: 1528K(1664K)->1528K(1664K)
[171.928s][info][gc             ] GC(1183) Pause Young (Allocation Failure) 630M->84M(1979M) 0.987ms
[171.928s][info][gc,cpu         ] GC(1183) User=0.00s Sys=0.00s Real=0.00s
[172.069s][info][gc,start       ] GC(1184) Pause Young (Allocation Failure)
[172.071s][info][gc,heap        ] GC(1184) DefNew: 561097K(629120K)->2814K(629120K) Eden: 559232K(559232K)->0K(559232K) From: 1865K(69888K)->2814K(69888K)
[172.071s][info][gc,heap        ] GC(1184) Tenured: 85058K(1398144K)->85058K(1398144K)
[172.071s][info][gc,metaspace   ] GC(1184) Metaspace: 11863K(12160K)->11863K(12160K) NonClass: 10334K(10496K)->10334K(10496K) Class: 1528K(1664K)->1528K(1664K)
[172.071s][info][gc             ] GC(1184) Pause Young (Allocation Failure) 631M->85M(1979M) 1.425ms
[172.071s][info][gc,cpu         ] GC(1184) User=0.02s Sys=0.00s Real=0.02s
[172.213s][info][gc,start       ] GC(1185) Pause Young (Allocation Failure)
[172.215s][info][gc,heap        ] GC(1185) DefNew: 562046K(629120K)->3033K(629120K) Eden: 559232K(559232K)->0K(559232K) From: 2814K(69888K)->3033K(69888K)
[172.215s][info][gc,heap        ] GC(1185) Tenured: 85058K(1398144K)->85058K(1398144K)
[172.215s][info][gc,metaspace   ] GC(1185) Metaspace: 11863K(12160K)->11863K(12160K) NonClass: 10334K(10496K)->10334K(10496K) Class: 1528K(1664K)->1528K(1664K)
[172.215s][info][gc             ] GC(1185) Pause Young (Allocation Failure) 631M->86M(1979M) 1.446ms
[172.215s][info][gc,cpu         ] GC(1185) User=0.00s Sys=0.00s Real=0.00s
[172.364s][info][gc,start       ] GC(1186) Pause Young (Allocation Failure)
[172.364s][info][gc,heap        ] GC(1186) DefNew: 562265K(629120K)->110K(629120K) Eden: 559232K(559232K)->0K(559232K) From: 3033K(69888K)->110K(69888K)
[172.364s][info][gc,heap        ] GC(1186) Tenured: 85058K(1398144K)->85058K(1398144K)
[172.364s][info][gc,metaspace   ] GC(1186) Metaspace: 11863K(12160K)->11863K(12160K) NonClass: 10334K(10496K)->10334K(10496K) Class: 1528K(1664K)->1528K(1664K)
[172.364s][info][gc             ] GC(1186) Pause Young (Allocation Failure) 632M->83M(1979M) 0.393ms
[172.364s][info][gc,cpu         ] GC(1186) User=0.00s Sys=0.00s Real=0.00s
[172.512s][info][gc,start       ] GC(1187) Pause Young (Allocation Failure)
[172.512s][info][gc,heap        ] GC(1187) DefNew: 559342K(629120K)->506K(629120K) Eden: 559232K(559232K)->0K(559232K) From: 110K(69888K)->506K(69888K)
[172.512s][info][gc,heap        ] GC(1187) Tenured: 85058K(1398144K)->85058K(1398144K)
[172.512s][info][gc,metaspace   ] GC(1187) Metaspace: 11863K(12160K)->11863K(12160K) NonClass: 10334K(10496K)->10334K(10496K) Class: 1528K(1664K)->1528K(1664K)
[172.512s][info][gc             ] GC(1187) Pause Young (Allocation Failure) 629M->83M(1979M) 0.547ms
[172.512s][info][gc,cpu         ] GC(1187) User=0.00s Sys=0.00s Real=0.00s
[172.658s][info][gc,start       ] GC(1188) Pause Young (Allocation Failure)
[172.659s][info][gc,heap        ] GC(1188) DefNew: 559738K(629120K)->854K(629120K) Eden: 559232K(559232K)->0K(559232K) From: 506K(69888K)->854K(69888K)
[172.659s][info][gc,heap        ] GC(1188) Tenured: 85058K(1398144K)->85058K(1398144K)
[172.659s][info][gc,metaspace   ] GC(1188) Metaspace: 11863K(12160K)->11863K(12160K) NonClass: 10334K(10496K)->10334K(10496K) Class: 1528K(1664K)->1528K(1664K)
[172.659s][info][gc             ] GC(1188) Pause Young (Allocation Failure) 629M->83M(1979M) 0.699ms
[172.659s][info][gc,cpu         ] GC(1188) User=0.00s Sys=0.00s Real=0.00s
[172.799s][info][gc,start       ] GC(1189) Pause Full (System.gc())
[172.799s][info][gc,phases,start] GC(1189) Phase 1: Mark live objects
[172.849s][info][gc,phases      ] GC(1189) Phase 1: Mark live objects 50.382ms
[172.849s][info][gc,phases,start] GC(1189) Phase 2: Compute new object addresses
[172.903s][info][gc,phases      ] GC(1189) Phase 2: Compute new object addresses 54.239ms
[172.903s][info][gc,phases,start] GC(1189) Phase 3: Adjust pointers
[172.925s][info][gc,phases      ] GC(1189) Phase 3: Adjust pointers 22.043ms
[172.925s][info][gc,phases,start] GC(1189) Phase 4: Move objects
[172.925s][info][gc,phases      ] GC(1189) Phase 4: Move objects 0.009ms
[172.925s][info][gc,heap        ] GC(1189) DefNew: 540194K(629120K)->0K(629120K) Eden: 539340K(559232K)->0K(559232K) From: 854K(69888K)->0K(69888K)
[172.925s][info][gc,heap        ] GC(1189) Tenured: 85058K(1398144K)->85058K(1398144K)
[172.925s][info][gc,metaspace   ] GC(1189) Metaspace: 11863K(12160K)->11863K(12160K) NonClass: 10334K(10496K)->10334K(10496K) Class: 1528K(1664K)->1528K(1664K)
[172.925s][info][gc             ] GC(1189) Pause Full (System.gc()) 610M->83M(1979M) 126.953ms
[172.925s][info][gc,cpu         ] GC(1189) User=0.11s Sys=0.00s Real=0.13s
[173.078s][info][gc,start       ] GC(1190) Pause Young (Allocation Failure)
[173.079s][info][gc,heap        ] GC(1190) DefNew: 559232K(629120K)->420K(629120K) Eden: 559232K(559232K)->0K(559232K) From: 0K(69888K)->420K(69888K)
[173.079s][info][gc,heap        ] GC(1190) Tenured: 85058K(1398144K)->85058K(1398144K)
[173.079s][info][gc,metaspace   ] GC(1190) Metaspace: 11863K(12160K)->11863K(12160K) NonClass: 10334K(10496K)->10334K(10496K) Class: 1528K(1664K)->1528K(1664K)
[173.079s][info][gc             ] GC(1190) Pause Young (Allocation Failure) 629M->83M(1979M) 0.512ms
[173.079s][info][gc,cpu         ] GC(1190) User=0.00s Sys=0.00s Real=0.00s
[173.222s][info][gc,start       ] GC(1191) Pause Young (Allocation Failure)
[173.223s][info][gc,heap        ] GC(1191) DefNew: 559652K(629120K)->797K(629120K) Eden: 559232K(559232K)->0K(559232K) From: 420K(69888K)->797K(69888K)
[173.223s][info][gc,heap        ] GC(1191) Tenured: 85058K(1398144K)->85058K(1398144K)
[173.223s][info][gc,metaspace   ] GC(1191) Metaspace: 11863K(12160K)->11863K(12160K) NonClass: 10334K(10496K)->10334K(10496K) Class: 1528K(1664K)->1528K(1664K)
[173.223s][info][gc             ] GC(1191) Pause Young (Allocation Failure) 629M->83M(1979M) 0.613ms
[173.223s][info][gc,cpu         ] GC(1191) User=0.00s Sys=0.00s Real=0.00s
[173.365s][info][gc,start       ] GC(1192) Pause Young (Allocation Failure)
[173.365s][info][gc,heap        ] GC(1192) DefNew: 560029K(629120K)->1166K(629120K) Eden: 559232K(559232K)->0K(559232K) From: 797K(69888K)->1166K(69888K)
[173.365s][info][gc,heap        ] GC(1192) Tenured: 85058K(1398144K)->85058K(1398144K)
[173.365s][info][gc,metaspace   ] GC(1192) Metaspace: 11863K(12160K)->11863K(12160K) NonClass: 10334K(10496K)->10334K(10496K) Class: 1528K(1664K)->1528K(1664K)
[173.365s][info][gc             ] GC(1192) Pause Young (Allocation Failure) 629M->84M(1979M) 0.730ms
[173.365s][info][gc,cpu         ] GC(1192) User=0.00s Sys=0.00s Real=0.00s
[173.512s][info][gc,start       ] GC(1193) Pause Young (Allocation Failure)
[173.513s][info][gc,heap        ] GC(1193) DefNew: 560398K(629120K)->1585K(629120K) Eden: 559232K(559232K)->0K(559232K) From: 1166K(69888K)->1585K(69888K)
[173.513s][info][gc,heap        ] GC(1193) Tenured: 85058K(1398144K)->85058K(1398144K)
[173.513s][info][gc,metaspace   ] GC(1193) Metaspace: 11863K(12160K)->11863K(12160K) NonClass: 10334K(10496K)->10334K(10496K) Class: 1528K(1664K)->1528K(1664K)
[173.513s][info][gc             ] GC(1193) Pause Young (Allocation Failure) 630M->84M(1979M) 0.993ms
[173.513s][info][gc,cpu         ] GC(1193) User=0.00s Sys=0.00s Real=0.00s
[173.659s][info][gc,start       ] GC(1194) Pause Young (Allocation Failure)
[173.660s][info][gc,heap        ] GC(1194) DefNew: 560817K(629120K)->1774K(629120K) Eden: 559232K(559232K)->0K(559232K) From: 1585K(69888K)->1774K(69888K)
[173.660s][info][gc,heap        ] GC(1194) Tenured: 85058K(1398144K)->85058K(1398144K)
[173.660s][info][gc,metaspace   ] GC(1194) Metaspace: 11863K(12160K)->11863K(12160K) NonClass: 10334K(10496K)->10334K(10496K) Class: 1528K(1664K)->1528K(1664K)
[173.660s][info][gc             ] GC(1194) Pause Young (Allocation Failure) 630M->84M(1979M) 0.931ms
[173.660s][info][gc,cpu         ] GC(1194) User=0.00s Sys=0.00s Real=0.00s
[173.807s][info][gc,start       ] GC(1195) Pause Young (Allocation Failure)
[173.808s][info][gc,heap        ] GC(1195) DefNew: 561006K(629120K)->2339K(629120K) Eden: 559232K(559232K)->0K(559232K) From: 1774K(69888K)->2339K(69888K)
[173.808s][info][gc,heap        ] GC(1195) Tenured: 85058K(1398144K)->85058K(1398144K)
[173.808s][info][gc,metaspace   ] GC(1195) Metaspace: 11863K(12160K)->11863K(12160K) NonClass: 10334K(10496K)->10334K(10496K) Class: 1528K(1664K)->1528K(1664K)
[173.808s][info][gc             ] GC(1195) Pause Young (Allocation Failure) 630M->85M(1979M) 1.334ms
[173.808s][info][gc,cpu         ] GC(1195) User=0.00s Sys=0.00s Real=0.00s
[173.951s][info][gc,start       ] GC(1196) Pause Young (Allocation Failure)
[173.953s][info][gc,heap        ] GC(1196) DefNew: 561571K(629120K)->2738K(629120K) Eden: 559232K(559232K)->0K(559232K) From: 2339K(69888K)->2738K(69888K)
[173.953s][info][gc,heap        ] GC(1196) Tenured: 85058K(1398144K)->85058K(1398144K)
[173.953s][info][gc,metaspace   ] GC(1196) Metaspace: 11863K(12160K)->11863K(12160K) NonClass: 10334K(10496K)->10334K(10496K) Class: 1528K(1664K)->1528K(1664K)
[173.953s][info][gc             ] GC(1196) Pause Young (Allocation Failure) 631M->85M(1979M) 1.318ms
[173.953s][info][gc,cpu         ] GC(1196) User=0.00s Sys=0.00s Real=0.00s
[174.103s][info][gc,start       ] GC(1197) Pause Young (Allocation Failure)
[174.103s][info][gc,heap        ] GC(1197) DefNew: 561970K(629120K)->104K(629120K) Eden: 559232K(559232K)->0K(559232K) From: 2738K(69888K)->104K(69888K)
[174.103s][info][gc,heap        ] GC(1197) Tenured: 85058K(1398144K)->85058K(1398144K)
[174.103s][info][gc,metaspace   ] GC(1197) Metaspace: 11863K(12160K)->11863K(12160K) NonClass: 10334K(10496K)->10334K(10496K) Class: 1528K(1664K)->1528K(1664K)
[174.103s][info][gc             ] GC(1197) Pause Young (Allocation Failure) 631M->83M(1979M) 0.390ms
[174.103s][info][gc,cpu         ] GC(1197) User=0.00s Sys=0.00s Real=0.00s
[174.248s][info][gc,start       ] GC(1198) Pause Young (Allocation Failure)
[174.249s][info][gc,heap        ] GC(1198) DefNew: 559336K(629120K)->472K(629120K) Eden: 559232K(559232K)->0K(559232K) From: 104K(69888K)->472K(69888K)
[174.249s][info][gc,heap        ] GC(1198) Tenured: 85058K(1398144K)->85058K(1398144K)
[174.249s][info][gc,metaspace   ] GC(1198) Metaspace: 11863K(12160K)->11863K(12160K) NonClass: 10334K(10496K)->10334K(10496K) Class: 1528K(1664K)->1528K(1664K)
[174.249s][info][gc             ] GC(1198) Pause Young (Allocation Failure) 629M->83M(1979M) 0.556ms
[174.249s][info][gc,cpu         ] GC(1198) User=0.00s Sys=0.00s Real=0.00s
[174.393s][info][gc,start       ] GC(1199) Pause Young (Allocation Failure)
[174.394s][info][gc,heap        ] GC(1199) DefNew: 559704K(629120K)->828K(629120K) Eden: 559232K(559232K)->0K(559232K) From: 472K(69888K)->828K(69888K)
[174.394s][info][gc,heap        ] GC(1199) Tenured: 85058K(1398144K)->85058K(1398144K)
[174.394s][info][gc,metaspace   ] GC(1199) Metaspace: 11863K(12160K)->11863K(12160K) NonClass: 10334K(10496K)->10334K(10496K) Class: 1528K(1664K)->1528K(1664K)
[174.394s][info][gc             ] GC(1199) Pause Young (Allocation Failure) 629M->83M(1979M) 0.655ms
[174.394s][info][gc,cpu         ] GC(1199) User=0.00s Sys=0.00s Real=0.00s
[174.546s][info][gc,start       ] GC(1200) Pause Young (Allocation Failure)
[174.547s][info][gc,heap        ] GC(1200) DefNew: 560060K(629120K)->1217K(629120K) Eden: 559232K(559232K)->0K(559232K) From: 828K(69888K)->1217K(69888K)
[174.547s][info][gc,heap        ] GC(1200) Tenured: 85058K(1398144K)->85058K(1398144K)
[174.547s][info][gc,metaspace   ] GC(1200) Metaspace: 11863K(12160K)->11863K(12160K) NonClass: 10334K(10496K)->10334K(10496K) Class: 1528K(1664K)->1528K(1664K)
[174.547s][info][gc             ] GC(1200) Pause Young (Allocation Failure) 629M->84M(1979M) 0.750ms
[174.547s][info][gc,cpu         ] GC(1200) User=0.00s Sys=0.00s Real=0.00s
[174.694s][info][gc,start       ] GC(1201) Pause Young (Allocation Failure)
[174.695s][info][gc,heap        ] GC(1201) DefNew: 560449K(629120K)->1669K(629120K) Eden: 559232K(559232K)->0K(559232K) From: 1217K(69888K)->1669K(69888K)
[174.695s][info][gc,heap        ] GC(1201) Tenured: 85058K(1398144K)->85058K(1398144K)
[174.695s][info][gc,metaspace   ] GC(1201) Metaspace: 11863K(12160K)->11863K(12160K) NonClass: 10334K(10496K)->10334K(10496K) Class: 1528K(1664K)->1528K(1664K)
[174.695s][info][gc             ] GC(1201) Pause Young (Allocation Failure) 630M->84M(1979M) 0.992ms
[174.695s][info][gc,cpu         ] GC(1201) User=0.00s Sys=0.00s Real=0.00s
[174.839s][info][gc,start       ] GC(1202) Pause Young (Allocation Failure)
[174.840s][info][gc,heap        ] GC(1202) DefNew: 560901K(629120K)->2054K(629120K) Eden: 559232K(559232K)->0K(559232K) From: 1669K(69888K)->2054K(69888K)
[174.840s][info][gc,heap        ] GC(1202) Tenured: 85058K(1398144K)->85058K(1398144K)
[174.840s][info][gc,metaspace   ] GC(1202) Metaspace: 11863K(12160K)->11863K(12160K) NonClass: 10334K(10496K)->10334K(10496K) Class: 1528K(1664K)->1528K(1664K)
[174.840s][info][gc             ] GC(1202) Pause Young (Allocation Failure) 630M->85M(1979M) 1.065ms
[174.840s][info][gc,cpu         ] GC(1202) User=0.00s Sys=0.00s Real=0.00s
[174.984s][info][gc,start       ] GC(1203) Pause Young (Allocation Failure)
[174.985s][info][gc,heap        ] GC(1203) DefNew: 561286K(629120K)->2790K(629120K) Eden: 559232K(559232K)->0K(559232K) From: 2054K(69888K)->2790K(69888K)
[174.985s][info][gc,heap        ] GC(1203) Tenured: 85058K(1398144K)->85058K(1398144K)
[174.985s][info][gc,metaspace   ] GC(1203) Metaspace: 11863K(12160K)->11863K(12160K) NonClass: 10334K(10496K)->10334K(10496K) Class: 1528K(1664K)->1528K(1664K)
[174.985s][info][gc             ] GC(1203) Pause Young (Allocation Failure) 631M->85M(1979M) 1.319ms
[174.985s][info][gc,cpu         ] GC(1203) User=0.00s Sys=0.00s Real=0.00s
[175.124s][info][gc,start       ] GC(1204) Pause Young (Allocation Failure)
[175.126s][info][gc,heap        ] GC(1204) DefNew: 562021K(629120K)->2934K(629120K) Eden: 559230K(559232K)->0K(559232K) From: 2790K(69888K)->2934K(69888K)
[175.126s][info][gc,heap        ] GC(1204) Tenured: 85058K(1398144K)->85058K(1398144K)
[175.126s][info][gc,metaspace   ] GC(1204) Metaspace: 11863K(12160K)->11863K(12160K) NonClass: 10334K(10496K)->10334K(10496K) Class: 1528K(1664K)->1528K(1664K)
[175.126s][info][gc             ] GC(1204) Pause Young (Allocation Failure) 631M->85M(1979M) 1.577ms
[175.126s][info][gc,cpu         ] GC(1204) User=0.00s Sys=0.00s Real=0.00s
[175.269s][info][gc,start       ] GC(1205) Pause Young (Allocation Failure)
[175.270s][info][gc,heap        ] GC(1205) DefNew: 562166K(629120K)->412K(629120K) Eden: 559232K(559232K)->0K(559232K) From: 2934K(69888K)->412K(69888K)
[175.270s][info][gc,heap        ] GC(1205) Tenured: 85058K(1398144K)->85059K(1398144K)
[175.270s][info][gc,metaspace   ] GC(1205) Metaspace: 11863K(12160K)->11863K(12160K) NonClass: 10334K(10496K)->10334K(10496K) Class: 1528K(1664K)->1528K(1664K)
[175.270s][info][gc             ] GC(1205) Pause Young (Allocation Failure) 632M->83M(1979M) 0.494ms
[175.270s][info][gc,cpu         ] GC(1205) User=0.00s Sys=0.00s Real=0.00s
[175.410s][info][gc,start       ] GC(1206) Pause Young (Allocation Failure)
[175.410s][info][gc,heap        ] GC(1206) DefNew: 559644K(629120K)->788K(629120K) Eden: 559232K(559232K)->0K(559232K) From: 412K(69888K)->788K(69888K)
[175.410s][info][gc,heap        ] GC(1206) Tenured: 85059K(1398144K)->85059K(1398144K)
[175.410s][info][gc,metaspace   ] GC(1206) Metaspace: 11863K(12160K)->11863K(12160K) NonClass: 10334K(10496K)->10334K(10496K) Class: 1528K(1664K)->1528K(1664K)
[175.410s][info][gc             ] GC(1206) Pause Young (Allocation Failure) 629M->83M(1979M) 0.616ms
[175.410s][info][gc,cpu         ] GC(1206) User=0.00s Sys=0.00s Real=0.00s
[175.555s][info][gc,start       ] GC(1207) Pause Full (System.gc())
[175.555s][info][gc,phases,start] GC(1207) Phase 1: Mark live objects
[175.606s][info][gc,phases      ] GC(1207) Phase 1: Mark live objects 51.575ms
[175.606s][info][gc,phases,start] GC(1207) Phase 2: Compute new object addresses
[175.661s][info][gc,phases      ] GC(1207) Phase 2: Compute new object addresses 54.907ms
[175.661s][info][gc,phases,start] GC(1207) Phase 3: Adjust pointers
[175.683s][info][gc,phases      ] GC(1207) Phase 3: Adjust pointers 21.402ms
[175.683s][info][gc,phases,start] GC(1207) Phase 4: Move objects
[175.683s][info][gc,phases      ] GC(1207) Phase 4: Move objects 0.009ms
[175.683s][info][gc,heap        ] GC(1207) DefNew: 541068K(629120K)->0K(629120K) Eden: 540279K(559232K)->0K(559232K) From: 788K(69888K)->0K(69888K)
[175.683s][info][gc,heap        ] GC(1207) Tenured: 85059K(1398144K)->85057K(1398144K)
[175.683s][info][gc,metaspace   ] GC(1207) Metaspace: 11863K(12160K)->11863K(12160K) NonClass: 10334K(10496K)->10334K(10496K) Class: 1528K(1664K)->1528K(1664K)
[175.683s][info][gc             ] GC(1207) Pause Full (System.gc()) 611M->83M(1979M) 128.205ms
[175.683s][info][gc,cpu         ] GC(1207) User=0.11s Sys=0.00s Real=0.11s
[175.831s][info][gc,start       ] GC(1208) Pause Young (Allocation Failure)
[175.832s][info][gc,heap        ] GC(1208) DefNew: 559232K(629120K)->459K(629120K) Eden: 559232K(559232K)->0K(559232K) From: 0K(69888K)->459K(69888K)
[175.832s][info][gc,heap        ] GC(1208) Tenured: 85057K(1398144K)->85057K(1398144K)
[175.832s][info][gc,metaspace   ] GC(1208) Metaspace: 11863K(12160K)->11863K(12160K) NonClass: 10334K(10496K)->10334K(10496K) Class: 1528K(1664K)->1528K(1664K)
[175.832s][info][gc             ] GC(1208) Pause Young (Allocation Failure) 629M->83M(1979M) 0.515ms
[175.832s][info][gc,cpu         ] GC(1208) User=0.00s Sys=0.00s Real=0.00s
[175.971s][info][gc,start       ] GC(1209) Pause Young (Allocation Failure)
[175.971s][info][gc,heap        ] GC(1209) DefNew: 559691K(629120K)->910K(629120K) Eden: 559232K(559232K)->0K(559232K) From: 459K(69888K)->910K(69888K)
[175.971s][info][gc,heap        ] GC(1209) Tenured: 85057K(1398144K)->85057K(1398144K)
[175.971s][info][gc,metaspace   ] GC(1209) Metaspace: 11863K(12160K)->11863K(12160K) NonClass: 10334K(10496K)->10334K(10496K) Class: 1528K(1664K)->1528K(1664K)
[175.971s][info][gc             ] GC(1209) Pause Young (Allocation Failure) 629M->83M(1979M) 0.644ms
[175.971s][info][gc,cpu         ] GC(1209) User=0.00s Sys=0.00s Real=0.00s
[176.111s][info][gc,start       ] GC(1210) Pause Young (Allocation Failure)
[176.112s][info][gc,heap        ] GC(1210) DefNew: 560142K(629120K)->1176K(629120K) Eden: 559232K(559232K)->0K(559232K) From: 910K(69888K)->1176K(69888K)
[176.112s][info][gc,heap        ] GC(1210) Tenured: 85057K(1398144K)->85057K(1398144K)
[176.112s][info][gc,metaspace   ] GC(1210) Metaspace: 11863K(12160K)->11863K(12160K) NonClass: 10334K(10496K)->10334K(10496K) Class: 1528K(1664K)->1528K(1664K)
[176.112s][info][gc             ] GC(1210) Pause Young (Allocation Failure) 630M->84M(1979M) 0.725ms
[176.112s][info][gc,cpu         ] GC(1210) User=0.00s Sys=0.00s Real=0.00s
[176.251s][info][gc,start       ] GC(1211) Pause Young (Allocation Failure)
[176.252s][info][gc,heap        ] GC(1211) DefNew: 560408K(629120K)->1489K(629120K) Eden: 559232K(559232K)->0K(559232K) From: 1176K(69888K)->1489K(69888K)
[176.252s][info][gc,heap        ] GC(1211) Tenured: 85057K(1398144K)->85057K(1398144K)
[176.252s][info][gc,metaspace   ] GC(1211) Metaspace: 11863K(12160K)->11863K(12160K) NonClass: 10334K(10496K)->10334K(10496K) Class: 1528K(1664K)->1528K(1664K)
[176.252s][info][gc             ] GC(1211) Pause Young (Allocation Failure) 630M->84M(1979M) 0.884ms
[176.252s][info][gc,cpu         ] GC(1211) User=0.00s Sys=0.00s Real=0.00s
[176.392s][info][gc,start       ] GC(1212) Pause Young (Allocation Failure)
[176.393s][info][gc,heap        ] GC(1212) DefNew: 560721K(629120K)->1636K(629120K) Eden: 559232K(559232K)->0K(559232K) From: 1489K(69888K)->1636K(69888K)
[176.393s][info][gc,heap        ] GC(1212) Tenured: 85057K(1398144K)->85057K(1398144K)
[176.393s][info][gc,metaspace   ] GC(1212) Metaspace: 11863K(12160K)->11863K(12160K) NonClass: 10334K(10496K)->10334K(10496K) Class: 1528K(1664K)->1528K(1664K)
[176.393s][info][gc             ] GC(1212) Pause Young (Allocation Failure) 630M->84M(1979M) 0.905ms
[176.393s][info][gc,cpu         ] GC(1212) User=0.00s Sys=0.00s Real=0.00s
[176.540s][info][gc,start       ] GC(1213) Pause Young (Allocation Failure)
[176.540s][info][gc,heap        ] GC(1213) DefNew: 560868K(629120K)->2079K(629120K) Eden: 559232K(559232K)->0K(559232K) From: 1636K(69888K)->2079K(69888K)
[176.541s][info][gc,heap        ] GC(1213) Tenured: 85057K(1398144K)->85057K(1398144K)
[176.541s][info][gc,metaspace   ] GC(1213) Metaspace: 11863K(12160K)->11863K(12160K) NonClass: 10334K(10496K)->10334K(10496K) Class: 1528K(1664K)->1528K(1664K)
[176.541s][info][gc             ] GC(1213) Pause Young (Allocation Failure) 630M->85M(1979M) 1.038ms
[176.541s][info][gc,cpu         ] GC(1213) User=0.00s Sys=0.00s Real=0.00s
[176.681s][info][gc,start       ] GC(1214) Pause Young (Allocation Failure)
[176.682s][info][gc,heap        ] GC(1214) DefNew: 560956K(629120K)->1956K(629120K) Eden: 558876K(559232K)->0K(559232K) From: 2079K(69888K)->1956K(69888K)
[176.682s][info][gc,heap        ] GC(1214) Tenured: 85057K(1398144K)->85057K(1398144K)
[176.682s][info][gc,metaspace   ] GC(1214) Metaspace: 11863K(12160K)->11863K(12160K) NonClass: 10334K(10496K)->10334K(10496K) Class: 1528K(1664K)->1528K(1664K)
[176.682s][info][gc             ] GC(1214) Pause Young (Allocation Failure) 630M->84M(1979M) 1.185ms
[176.682s][info][gc,cpu         ] GC(1214) User=0.00s Sys=0.00s Real=0.00s
[176.820s][info][gc,start       ] GC(1215) Pause Young (Allocation Failure)
[176.821s][info][gc,heap        ] GC(1215) DefNew: 561188K(629120K)->179K(629120K) Eden: 559232K(559232K)->0K(559232K) From: 1956K(69888K)->179K(69888K)
[176.821s][info][gc,heap        ] GC(1215) Tenured: 85057K(1398144K)->85057K(1398144K)
[176.821s][info][gc,metaspace   ] GC(1215) Metaspace: 11863K(12160K)->11863K(12160K) NonClass: 10334K(10496K)->10334K(10496K) Class: 1528K(1664K)->1528K(1664K)
[176.821s][info][gc             ] GC(1215) Pause Young (Allocation Failure) 631M->83M(1979M) 0.423ms
[176.821s][info][gc,cpu         ] GC(1215) User=0.00s Sys=0.00s Real=0.00s
[176.955s][info][gc,start       ] GC(1216) Pause Young (Allocation Failure)
[176.956s][info][gc,heap        ] GC(1216) DefNew: 559411K(629120K)->518K(629120K) Eden: 559232K(559232K)->0K(559232K) From: 179K(69888K)->518K(69888K)
[176.956s][info][gc,heap        ] GC(1216) Tenured: 85057K(1398144K)->85057K(1398144K)
[176.956s][info][gc,metaspace   ] GC(1216) Metaspace: 11863K(12160K)->11863K(12160K) NonClass: 10334K(10496K)->10334K(10496K) Class: 1528K(1664K)->1528K(1664K)
[176.956s][info][gc             ] GC(1216) Pause Young (Allocation Failure) 629M->83M(1979M) 0.539ms
[176.956s][info][gc,cpu         ] GC(1216) User=0.00s Sys=0.00s Real=0.00s
[177.091s][info][gc,start       ] GC(1217) Pause Young (Allocation Failure)
[177.092s][info][gc,heap        ] GC(1217) DefNew: 559750K(629120K)->875K(629120K) Eden: 559232K(559232K)->0K(559232K) From: 518K(69888K)->875K(69888K)
[177.092s][info][gc,heap        ] GC(1217) Tenured: 85057K(1398144K)->85057K(1398144K)
[177.092s][info][gc,metaspace   ] GC(1217) Metaspace: 11863K(12160K)->11863K(12160K) NonClass: 10334K(10496K)->10334K(10496K) Class: 1528K(1664K)->1528K(1664K)
[177.092s][info][gc             ] GC(1217) Pause Young (Allocation Failure) 629M->83M(1979M) 0.666ms
[177.092s][info][gc,cpu         ] GC(1217) User=0.00s Sys=0.00s Real=0.00s
[177.226s][info][gc,start       ] GC(1218) Pause Young (Allocation Failure)
[177.227s][info][gc,heap        ] GC(1218) DefNew: 560107K(629120K)->1215K(629120K) Eden: 559232K(559232K)->0K(559232K) From: 875K(69888K)->1215K(69888K)
[177.227s][info][gc,heap        ] GC(1218) Tenured: 85057K(1398144K)->85057K(1398144K)
[177.227s][info][gc,metaspace   ] GC(1218) Metaspace: 11863K(12160K)->11863K(12160K) NonClass: 10334K(10496K)->10334K(10496K) Class: 1528K(1664K)->1528K(1664K)
[177.227s][info][gc             ] GC(1218) Pause Young (Allocation Failure) 630M->84M(1979M) 0.783ms
[177.227s][info][gc,cpu         ] GC(1218) User=0.00s Sys=0.00s Real=0.00s
[177.361s][info][gc,start       ] GC(1219) Pause Young (Allocation Failure)
[177.362s][info][gc,heap        ] GC(1219) DefNew: 560447K(629120K)->1714K(629120K) Eden: 559232K(559232K)->0K(559232K) From: 1215K(69888K)->1714K(69888K)
[177.362s][info][gc,heap        ] GC(1219) Tenured: 85057K(1398144K)->85057K(1398144K)
[177.362s][info][gc,metaspace   ] GC(1219) Metaspace: 11863K(12160K)->11863K(12160K) NonClass: 10334K(10496K)->10334K(10496K) Class: 1528K(1664K)->1528K(1664K)
[177.362s][info][gc             ] GC(1219) Pause Young (Allocation Failure) 630M->84M(1979M) 0.902ms
[177.362s][info][gc,cpu         ] GC(1219) User=0.00s Sys=0.00s Real=0.00s
[177.500s][info][gc,start       ] GC(1220) Pause Young (Allocation Failure)
[177.501s][info][gc,heap        ] GC(1220) DefNew: 560946K(629120K)->2087K(629120K) Eden: 559232K(559232K)->0K(559232K) From: 1714K(69888K)->2087K(69888K)
[177.501s][info][gc,heap        ] GC(1220) Tenured: 85057K(1398144K)->85057K(1398144K)
[177.501s][info][gc,metaspace   ] GC(1220) Metaspace: 11863K(12160K)->11863K(12160K) NonClass: 10334K(10496K)->10334K(10496K) Class: 1528K(1664K)->1528K(1664K)
[177.501s][info][gc             ] GC(1220) Pause Young (Allocation Failure) 630M->85M(1979M) 1.010ms
[177.501s][info][gc,cpu         ] GC(1220) User=0.00s Sys=0.00s Real=0.00s
[177.638s][info][gc,start       ] GC(1221) Pause Young (Allocation Failure)
[177.639s][info][gc,heap        ] GC(1221) DefNew: 561319K(629120K)->2241K(629120K) Eden: 559232K(559232K)->0K(559232K) From: 2087K(69888K)->2241K(69888K)
[177.639s][info][gc,heap        ] GC(1221) Tenured: 85057K(1398144K)->85057K(1398144K)
[177.639s][info][gc,metaspace   ] GC(1221) Metaspace: 11863K(12160K)->11863K(12160K) NonClass: 10334K(10496K)->10334K(10496K) Class: 1528K(1664K)->1528K(1664K)
[177.639s][info][gc             ] GC(1221) Pause Young (Allocation Failure) 631M->85M(1979M) 1.045ms
[177.639s][info][gc,cpu         ] GC(1221) User=0.00s Sys=0.00s Real=0.00s
[177.775s][info][gc,start       ] GC(1222) Pause Young (Allocation Failure)
[177.776s][info][gc,heap        ] GC(1222) DefNew: 561174K(629120K)->3033K(629120K) Eden: 558933K(559232K)->0K(559232K) From: 2241K(69888K)->3033K(69888K)
[177.776s][info][gc,heap        ] GC(1222) Tenured: 85057K(1398144K)->85057K(1398144K)
[177.776s][info][gc,metaspace   ] GC(1222) Metaspace: 11863K(12160K)->11863K(12160K) NonClass: 10334K(10496K)->10334K(10496K) Class: 1528K(1664K)->1528K(1664K)
[177.776s][info][gc             ] GC(1222) Pause Young (Allocation Failure) 631M->86M(1979M) 1.390ms
[177.776s][info][gc,cpu         ] GC(1222) User=0.00s Sys=0.00s Real=0.00s
[177.914s][info][gc,start       ] GC(1223) Pause Young (Allocation Failure)
[177.914s][info][gc,heap        ] GC(1223) DefNew: 562265K(629120K)->419K(629120K) Eden: 559232K(559232K)->0K(559232K) From: 3033K(69888K)->419K(69888K)
[177.914s][info][gc,heap        ] GC(1223) Tenured: 85057K(1398144K)->85058K(1398144K)
[177.914s][info][gc,metaspace   ] GC(1223) Metaspace: 11863K(12160K)->11863K(12160K) NonClass: 10334K(10496K)->10334K(10496K) Class: 1528K(1664K)->1528K(1664K)
[177.914s][info][gc             ] GC(1223) Pause Young (Allocation Failure) 632M->83M(1979M) 0.493ms
[177.914s][info][gc,cpu         ] GC(1223) User=0.00s Sys=0.00s Real=0.00s
[178.049s][info][gc,start       ] GC(1224) Pause Young (Allocation Failure)
[178.050s][info][gc,heap        ] GC(1224) DefNew: 559651K(629120K)->885K(629120K) Eden: 559232K(559232K)->0K(559232K) From: 419K(69888K)->885K(69888K)
[178.050s][info][gc,heap        ] GC(1224) Tenured: 85058K(1398144K)->85058K(1398144K)
[178.050s][info][gc,metaspace   ] GC(1224) Metaspace: 11863K(12160K)->11863K(12160K) NonClass: 10334K(10496K)->10334K(10496K) Class: 1528K(1664K)->1528K(1664K)
[178.050s][info][gc             ] GC(1224) Pause Young (Allocation Failure) 629M->83M(1979M) 0.655ms
[178.050s][info][gc,cpu         ] GC(1224) User=0.00s Sys=0.00s Real=0.00s
[178.182s][info][gc,start       ] GC(1225) Pause Full (System.gc())
[178.182s][info][gc,phases,start] GC(1225) Phase 1: Mark live objects
[178.234s][info][gc,phases      ] GC(1225) Phase 1: Mark live objects 52.394ms
[178.234s][info][gc,phases,start] GC(1225) Phase 2: Compute new object addresses
[178.288s][info][gc,phases      ] GC(1225) Phase 2: Compute new object addresses 54.088ms
[178.288s][info][gc,phases,start] GC(1225) Phase 3: Adjust pointers
[178.310s][info][gc,phases      ] GC(1225) Phase 3: Adjust pointers 21.212ms
[178.310s][info][gc,phases,start] GC(1225) Phase 4: Move objects
[178.310s][info][gc,phases      ] GC(1225) Phase 4: Move objects 0.009ms
[178.310s][info][gc,heap        ] GC(1225) DefNew: 542035K(629120K)->0K(629120K) Eden: 541150K(559232K)->0K(559232K) From: 885K(69888K)->0K(69888K)
[178.310s][info][gc,heap        ] GC(1225) Tenured: 85058K(1398144K)->85058K(1398144K)
[178.310s][info][gc,metaspace   ] GC(1225) Metaspace: 11863K(12160K)->11863K(12160K) NonClass: 10334K(10496K)->10334K(10496K) Class: 1528K(1664K)->1528K(1664K)
[178.310s][info][gc             ] GC(1225) Pause Full (System.gc()) 612M->83M(1979M) 127.998ms
[178.310s][info][gc,cpu         ] GC(1225) User=0.11s Sys=0.00s Real=0.13s
[178.452s][info][gc,start       ] GC(1226) Pause Young (Allocation Failure)
[178.453s][info][gc,heap        ] GC(1226) DefNew: 559232K(629120K)->463K(629120K) Eden: 559232K(559232K)->0K(559232K) From: 0K(69888K)->463K(69888K)
[178.453s][info][gc,heap        ] GC(1226) Tenured: 85058K(1398144K)->85058K(1398144K)
[178.453s][info][gc,metaspace   ] GC(1226) Metaspace: 11863K(12160K)->11863K(12160K) NonClass: 10334K(10496K)->10334K(10496K) Class: 1528K(1664K)->1528K(1664K)
[178.453s][info][gc             ] GC(1226) Pause Young (Allocation Failure) 629M->83M(1979M) 0.508ms
[178.453s][info][gc,cpu         ] GC(1226) User=0.00s Sys=0.00s Real=0.00s
[178.593s][info][gc,start       ] GC(1227) Pause Young (Allocation Failure)
[178.594s][info][gc,heap        ] GC(1227) DefNew: 559695K(629120K)->844K(629120K) Eden: 559232K(559232K)->0K(559232K) From: 463K(69888K)->844K(69888K)
[178.594s][info][gc,heap        ] GC(1227) Tenured: 85058K(1398144K)->85058K(1398144K)
[178.594s][info][gc,metaspace   ] GC(1227) Metaspace: 11863K(12160K)->11863K(12160K) NonClass: 10334K(10496K)->10334K(10496K) Class: 1528K(1664K)->1528K(1664K)
[178.594s][info][gc             ] GC(1227) Pause Young (Allocation Failure) 629M->83M(1979M) 0.623ms
[178.594s][info][gc,cpu         ] GC(1227) User=0.00s Sys=0.00s Real=0.00s
[178.730s][info][gc,start       ] GC(1228) Pause Young (Allocation Failure)
[178.731s][info][gc,heap        ] GC(1228) DefNew: 560076K(629120K)->1353K(629120K) Eden: 559232K(559232K)->0K(559232K) From: 844K(69888K)->1353K(69888K)
[178.731s][info][gc,heap        ] GC(1228) Tenured: 85058K(1398144K)->85058K(1398144K)
[178.731s][info][gc,metaspace   ] GC(1228) Metaspace: 11863K(12160K)->11863K(12160K) NonClass: 10334K(10496K)->10334K(10496K) Class: 1528K(1664K)->1528K(1664K)
[178.731s][info][gc             ] GC(1228) Pause Young (Allocation Failure) 630M->84M(1979M) 0.794ms
[178.731s][info][gc,cpu         ] GC(1228) User=0.00s Sys=0.00s Real=0.02s
[178.865s][info][gc,start       ] GC(1229) Pause Young (Allocation Failure)
[178.866s][info][gc,heap        ] GC(1229) DefNew: 560585K(629120K)->1799K(629120K) Eden: 559232K(559232K)->0K(559232K) From: 1353K(69888K)->1799K(69888K)
[178.866s][info][gc,heap        ] GC(1229) Tenured: 85058K(1398144K)->85058K(1398144K)
[178.866s][info][gc,metaspace   ] GC(1229) Metaspace: 11863K(12160K)->11863K(12160K) NonClass: 10334K(10496K)->10334K(10496K) Class: 1528K(1664K)->1528K(1664K)
[178.866s][info][gc             ] GC(1229) Pause Young (Allocation Failure) 630M->84M(1979M) 0.961ms
[178.866s][info][gc,cpu         ] GC(1229) User=0.00s Sys=0.00s Real=0.00s
[179.001s][info][gc,start       ] GC(1230) Pause Young (Allocation Failure)
[179.002s][info][gc,heap        ] GC(1230) DefNew: 561031K(629120K)->1992K(629120K) Eden: 559232K(559232K)->0K(559232K) From: 1799K(69888K)->1992K(69888K)
[179.002s][info][gc,heap        ] GC(1230) Tenured: 85058K(1398144K)->85058K(1398144K)
[179.002s][info][gc,metaspace   ] GC(1230) Metaspace: 11863K(12160K)->11863K(12160K) NonClass: 10334K(10496K)->10334K(10496K) Class: 1528K(1664K)->1528K(1664K)
[179.002s][info][gc             ] GC(1230) Pause Young (Allocation Failure) 630M->85M(1979M) 0.927ms
[179.002s][info][gc,cpu         ] GC(1230) User=0.00s Sys=0.00s Real=0.00s
[179.137s][info][gc,start       ] GC(1231) Pause Young (Allocation Failure)
[179.138s][info][gc,heap        ] GC(1231) DefNew: 561208K(629120K)->2567K(629120K) Eden: 559216K(559232K)->0K(559232K) From: 1992K(69888K)->2567K(69888K)
[179.139s][info][gc,heap        ] GC(1231) Tenured: 85058K(1398144K)->85058K(1398144K)
[179.139s][info][gc,metaspace   ] GC(1231) Metaspace: 11863K(12160K)->11863K(12160K) NonClass: 10334K(10496K)->10334K(10496K) Class: 1528K(1664K)->1528K(1664K)
[179.139s][info][gc             ] GC(1231) Pause Young (Allocation Failure) 631M->85M(1979M) 1.275ms
[179.139s][info][gc,cpu         ] GC(1231) User=0.00s Sys=0.00s Real=0.02s
[179.273s][info][gc,start       ] GC(1232) Pause Young (Allocation Failure)
[179.274s][info][gc,heap        ] GC(1232) DefNew: 561799K(629120K)->1959K(629120K) Eden: 559232K(559232K)->0K(559232K) From: 2567K(69888K)->1959K(69888K)
[179.274s][info][gc,heap        ] GC(1232) Tenured: 85058K(1398144K)->85058K(1398144K)
[179.274s][info][gc,metaspace   ] GC(1232) Metaspace: 11863K(12160K)->11863K(12160K) NonClass: 10334K(10496K)->10334K(10496K) Class: 1528K(1664K)->1528K(1664K)
[179.274s][info][gc             ] GC(1232) Pause Young (Allocation Failure) 631M->84M(1979M) 0.933ms
[179.274s][info][gc,cpu         ] GC(1232) User=0.00s Sys=0.00s Real=0.00s
[179.411s][info][gc,start       ] GC(1233) Pause Young (Allocation Failure)
[179.412s][info][gc,heap        ] GC(1233) DefNew: 561191K(629120K)->415K(629120K) Eden: 559232K(559232K)->0K(559232K) From: 1959K(69888K)->415K(69888K)
[179.412s][info][gc,heap        ] GC(1233) Tenured: 85058K(1398144K)->85058K(1398144K)
[179.412s][info][gc,metaspace   ] GC(1233) Metaspace: 11863K(12160K)->11863K(12160K) NonClass: 10334K(10496K)->10334K(10496K) Class: 1528K(1664K)->1528K(1664K)
[179.412s][info][gc             ] GC(1233) Pause Young (Allocation Failure) 631M->83M(1979M) 0.500ms
[179.412s][info][gc,cpu         ] GC(1233) User=0.00s Sys=0.00s Real=0.00s
[179.552s][info][gc,start       ] GC(1234) Pause Young (Allocation Failure)
[179.553s][info][gc,heap        ] GC(1234) DefNew: 559647K(629120K)->922K(629120K) Eden: 559232K(559232K)->0K(559232K) From: 415K(69888K)->922K(69888K)
[179.553s][info][gc,heap        ] GC(1234) Tenured: 85058K(1398144K)->85058K(1398144K)
[179.553s][info][gc,metaspace   ] GC(1234) Metaspace: 11863K(12160K)->11863K(12160K) NonClass: 10334K(10496K)->10334K(10496K) Class: 1528K(1664K)->1528K(1664K)
[179.553s][info][gc             ] GC(1234) Pause Young (Allocation Failure) 629M->83M(1979M) 0.735ms
[179.553s][info][gc,cpu         ] GC(1234) User=0.00s Sys=0.00s Real=0.00s
[179.687s][info][gc,start       ] GC(1235) Pause Young (Allocation Failure)
[179.688s][info][gc,heap        ] GC(1235) DefNew: 560154K(629120K)->1102K(629120K) Eden: 559232K(559232K)->0K(559232K) From: 922K(69888K)->1102K(69888K)
[179.688s][info][gc,heap        ] GC(1235) Tenured: 85058K(1398144K)->85058K(1398144K)
[179.688s][info][gc,metaspace   ] GC(1235) Metaspace: 11863K(12160K)->11863K(12160K) NonClass: 10334K(10496K)->10334K(10496K) Class: 1528K(1664K)->1528K(1664K)
[179.688s][info][gc             ] GC(1235) Pause Young (Allocation Failure) 630M->84M(1979M) 0.689ms
[179.688s][info][gc,cpu         ] GC(1235) User=0.00s Sys=0.00s Real=0.00s
[179.824s][info][gc,start       ] GC(1236) Pause Young (Allocation Failure)
[179.824s][info][gc,heap        ] GC(1236) DefNew: 560334K(629120K)->1533K(629120K) Eden: 559232K(559232K)->0K(559232K) From: 1102K(69888K)->1533K(69888K)
[179.825s][info][gc,heap        ] GC(1236) Tenured: 85058K(1398144K)->85058K(1398144K)
[179.825s][info][gc,metaspace   ] GC(1236) Metaspace: 11863K(12160K)->11863K(12160K) NonClass: 10334K(10496K)->10334K(10496K) Class: 1528K(1664K)->1528K(1664K)
[179.825s][info][gc             ] GC(1236) Pause Young (Allocation Failure) 630M->84M(1979M) 0.840ms
[179.825s][info][gc,cpu         ] GC(1236) User=0.00s Sys=0.00s Real=0.00s
[179.959s][info][gc,start       ] GC(1237) Pause Young (Allocation Failure)
[179.959s][info][gc,heap        ] GC(1237) DefNew: 560765K(629120K)->1807K(629120K) Eden: 559232K(559232K)->0K(559232K) From: 1533K(69888K)->1807K(69888K)
[179.959s][info][gc,heap        ] GC(1237) Tenured: 85058K(1398144K)->85058K(1398144K)
[179.960s][info][gc,metaspace   ] GC(1237) Metaspace: 11863K(12160K)->11863K(12160K) NonClass: 10334K(10496K)->10334K(10496K) Class: 1528K(1664K)->1528K(1664K)
[179.960s][info][gc             ] GC(1237) Pause Young (Allocation Failure) 630M->84M(1979M) 0.933ms
[179.960s][info][gc,cpu         ] GC(1237) User=0.00s Sys=0.00s Real=0.00s
[180.094s][info][gc,start       ] GC(1238) Pause Young (Allocation Failure)
[180.095s][info][gc,heap        ] GC(1238) DefNew: 561039K(629120K)->1983K(629120K) Eden: 559232K(559232K)->0K(559232K) From: 1807K(69888K)->1983K(69888K)
[180.095s][info][gc,heap        ] GC(1238) Tenured: 85058K(1398144K)->85058K(1398144K)
[180.095s][info][gc,metaspace   ] GC(1238) Metaspace: 11863K(12160K)->11863K(12160K) NonClass: 10334K(10496K)->10334K(10496K) Class: 1528K(1664K)->1528K(1664K)
[180.095s][info][gc             ] GC(1238) Pause Young (Allocation Failure) 630M->85M(1979M) 0.926ms
[180.095s][info][gc,cpu         ] GC(1238) User=0.00s Sys=0.00s Real=0.00s
[180.228s][info][gc,start       ] GC(1239) Pause Young (Allocation Failure)
[180.229s][info][gc,heap        ] GC(1239) DefNew: 561215K(629120K)->2641K(629120K) Eden: 559232K(559232K)->0K(559232K) From: 1983K(69888K)->2641K(69888K)
[180.229s][info][gc,heap        ] GC(1239) Tenured: 85058K(1398144K)->85058K(1398144K)
[180.229s][info][gc,metaspace   ] GC(1239) Metaspace: 11863K(12160K)->11863K(12160K) NonClass: 10334K(10496K)->10334K(10496K) Class: 1528K(1664K)->1528K(1664K)
[180.229s][info][gc             ] GC(1239) Pause Young (Allocation Failure) 631M->85M(1979M) 1.198ms
[180.229s][info][gc,cpu         ] GC(1239) User=0.00s Sys=0.00s Real=0.00s
[180.368s][info][gc,start       ] GC(1240) Pause Young (Allocation Failure)
[180.369s][info][gc,heap        ] GC(1240) DefNew: 561873K(629120K)->1960K(629120K) Eden: 559232K(559232K)->0K(559232K) From: 2641K(69888K)->1960K(69888K)
[180.369s][info][gc,heap        ] GC(1240) Tenured: 85058K(1398144K)->85058K(1398144K)
[180.369s][info][gc,metaspace   ] GC(1240) Metaspace: 11863K(12160K)->11863K(12160K) NonClass: 10334K(10496K)->10334K(10496K) Class: 1528K(1664K)->1528K(1664K)
[180.369s][info][gc             ] GC(1240) Pause Young (Allocation Failure) 631M->84M(1979M) 1.137ms
[180.369s][info][gc,cpu         ] GC(1240) User=0.00s Sys=0.00s Real=0.00s
[180.508s][info][gc,start       ] GC(1241) Pause Young (Allocation Failure)
[180.508s][info][gc,heap        ] GC(1241) DefNew: 561192K(629120K)->444K(629120K) Eden: 559232K(559232K)->0K(559232K) From: 1960K(69888K)->444K(69888K)
[180.508s][info][gc,heap        ] GC(1241) Tenured: 85058K(1398144K)->85058K(1398144K)
[180.508s][info][gc,metaspace   ] GC(1241) Metaspace: 11863K(12160K)->11863K(12160K) NonClass: 10334K(10496K)->10334K(10496K) Class: 1528K(1664K)->1528K(1664K)
[180.508s][info][gc             ] GC(1241) Pause Young (Allocation Failure) 631M->83M(1979M) 0.495ms
[180.508s][info][gc,cpu         ] GC(1241) User=0.00s Sys=0.00s Real=0.00s
[180.645s][info][gc,start       ] GC(1242) Pause Young (Allocation Failure)
[180.645s][info][gc,heap        ] GC(1242) DefNew: 559667K(629120K)->937K(629120K) Eden: 559222K(559232K)->0K(559232K) From: 444K(69888K)->937K(69888K)
[180.645s][info][gc,heap        ] GC(1242) Tenured: 85058K(1398144K)->85058K(1398144K)
[180.645s][info][gc,metaspace   ] GC(1242) Metaspace: 11863K(12160K)->11863K(12160K) NonClass: 10334K(10496K)->10334K(10496K) Class: 1528K(1664K)->1528K(1664K)
[180.645s][info][gc             ] GC(1242) Pause Young (Allocation Failure) 629M->83M(1979M) 0.648ms
[180.645s][info][gc,cpu         ] GC(1242) User=0.00s Sys=0.00s Real=0.00s
[180.778s][info][gc,start       ] GC(1243) Pause Full (System.gc())
[180.778s][info][gc,phases,start] GC(1243) Phase 1: Mark live objects
[180.831s][info][gc,phases      ] GC(1243) Phase 1: Mark live objects 53.195ms
[180.831s][info][gc,phases,start] GC(1243) Phase 2: Compute new object addresses
[180.885s][info][gc,phases      ] GC(1243) Phase 2: Compute new object addresses 53.986ms
[180.885s][info][gc,phases,start] GC(1243) Phase 3: Adjust pointers
[180.907s][info][gc,phases      ] GC(1243) Phase 3: Adjust pointers 21.158ms
[180.907s][info][gc,phases,start] GC(1243) Phase 4: Move objects
[180.907s][info][gc,phases      ] GC(1243) Phase 4: Move objects 0.009ms
[180.907s][info][gc,heap        ] GC(1243) DefNew: 541062K(629120K)->0K(629120K) Eden: 540124K(559232K)->0K(559232K) From: 937K(69888K)->0K(69888K)
[180.907s][info][gc,heap        ] GC(1243) Tenured: 85058K(1398144K)->85058K(1398144K)
[180.907s][info][gc,metaspace   ] GC(1243) Metaspace: 11863K(12160K)->11863K(12160K) NonClass: 10334K(10496K)->10334K(10496K) Class: 1528K(1664K)->1528K(1664K)
[180.907s][info][gc             ] GC(1243) Pause Full (System.gc()) 611M->83M(1979M) 128.643ms
[180.907s][info][gc,cpu         ] GC(1243) User=0.12s Sys=0.00s Real=0.12s
[181.050s][info][gc,start       ] GC(1244) Pause Young (Allocation Failure)
[181.050s][info][gc,heap        ] GC(1244) DefNew: 559232K(629120K)->448K(629120K) Eden: 559232K(559232K)->0K(559232K) From: 0K(69888K)->448K(69888K)
[181.050s][info][gc,heap        ] GC(1244) Tenured: 85058K(1398144K)->85058K(1398144K)
[181.050s][info][gc,metaspace   ] GC(1244) Metaspace: 11863K(12160K)->11863K(12160K) NonClass: 10334K(10496K)->10334K(10496K) Class: 1528K(1664K)->1528K(1664K)
[181.050s][info][gc             ] GC(1244) Pause Young (Allocation Failure) 629M->83M(1979M) 0.497ms
[181.050s][info][gc,cpu         ] GC(1244) User=0.00s Sys=0.00s Real=0.00s
[181.184s][info][gc,start       ] GC(1245) Pause Young (Allocation Failure)
[181.185s][info][gc,heap        ] GC(1245) DefNew: 559680K(629120K)->800K(629120K) Eden: 559232K(559232K)->0K(559232K) From: 448K(69888K)->800K(69888K)
[181.185s][info][gc,heap        ] GC(1245) Tenured: 85058K(1398144K)->85058K(1398144K)
[181.185s][info][gc,metaspace   ] GC(1245) Metaspace: 11863K(12160K)->11863K(12160K) NonClass: 10334K(10496K)->10334K(10496K) Class: 1528K(1664K)->1528K(1664K)
[181.185s][info][gc             ] GC(1245) Pause Young (Allocation Failure) 629M->83M(1979M) 0.586ms
[181.185s][info][gc,cpu         ] GC(1245) User=0.00s Sys=0.00s Real=0.00s
[181.319s][info][gc,start       ] GC(1246) Pause Young (Allocation Failure)
[181.319s][info][gc,heap        ] GC(1246) DefNew: 560032K(629120K)->1189K(629120K) Eden: 559232K(559232K)->0K(559232K) From: 800K(69888K)->1189K(69888K)
[181.319s][info][gc,heap        ] GC(1246) Tenured: 85058K(1398144K)->85058K(1398144K)
[181.319s][info][gc,metaspace   ] GC(1246) Metaspace: 11863K(12160K)->11863K(12160K) NonClass: 10334K(10496K)->10334K(10496K) Class: 1528K(1664K)->1528K(1664K)
[181.319s][info][gc             ] GC(1246) Pause Young (Allocation Failure) 629M->84M(1979M) 0.722ms
[181.319s][info][gc,cpu         ] GC(1246) User=0.00s Sys=0.00s Real=0.00s
[181.452s][info][gc,start       ] GC(1247) Pause Young (Allocation Failure)
[181.453s][info][gc,heap        ] GC(1247) DefNew: 560421K(629120K)->1654K(629120K) Eden: 559232K(559232K)->0K(559232K) From: 1189K(69888K)->1654K(69888K)
[181.453s][info][gc,heap        ] GC(1247) Tenured: 85058K(1398144K)->85058K(1398144K)
[181.453s][info][gc,metaspace   ] GC(1247) Metaspace: 11863K(12160K)->11863K(12160K) NonClass: 10334K(10496K)->10334K(10496K) Class: 1528K(1664K)->1528K(1664K)
[181.453s][info][gc             ] GC(1247) Pause Young (Allocation Failure) 630M->84M(1979M) 0.917ms
[181.453s][info][gc,cpu         ] GC(1247) User=0.00s Sys=0.00s Real=0.00s
[181.595s][info][gc,start       ] GC(1248) Pause Young (Allocation Failure)
[181.596s][info][gc,heap        ] GC(1248) DefNew: 560886K(629120K)->2084K(629120K) Eden: 559232K(559232K)->0K(559232K) From: 1654K(69888K)->2084K(69888K)
[181.596s][info][gc,heap        ] GC(1248) Tenured: 85058K(1398144K)->85058K(1398144K)
[181.596s][info][gc,metaspace   ] GC(1248) Metaspace: 11863K(12160K)->11863K(12160K) NonClass: 10334K(10496K)->10334K(10496K) Class: 1528K(1664K)->1528K(1664K)
[181.596s][info][gc             ] GC(1248) Pause Young (Allocation Failure) 630M->85M(1979M) 1.016ms
[181.596s][info][gc,cpu         ] GC(1248) User=0.00s Sys=0.00s Real=0.00s
[181.731s][info][gc,start       ] GC(1249) Pause Young (Allocation Failure)
[181.732s][info][gc,heap        ] GC(1249) DefNew: 561316K(629120K)->2178K(629120K) Eden: 559232K(559232K)->0K(559232K) From: 2084K(69888K)->2178K(69888K)
[181.732s][info][gc,heap        ] GC(1249) Tenured: 85058K(1398144K)->85058K(1398144K)
[181.732s][info][gc,metaspace   ] GC(1249) Metaspace: 11863K(12160K)->11863K(12160K) NonClass: 10334K(10496K)->10334K(10496K) Class: 1528K(1664K)->1528K(1664K)
[181.732s][info][gc             ] GC(1249) Pause Young (Allocation Failure) 631M->85M(1979M) 1.018ms
[181.732s][info][gc,cpu         ] GC(1249) User=0.00s Sys=0.00s Real=0.00s
[181.867s][info][gc,start       ] GC(1250) Pause Young (Allocation Failure)
[181.868s][info][gc,heap        ] GC(1250) DefNew: 561410K(629120K)->3322K(629120K) Eden: 559232K(559232K)->0K(559232K) From: 2178K(69888K)->3322K(69888K)
[181.868s][info][gc,heap        ] GC(1250) Tenured: 85058K(1398144K)->85058K(1398144K)
[181.868s][info][gc,metaspace   ] GC(1250) Metaspace: 11863K(12160K)->11863K(12160K) NonClass: 10334K(10496K)->10334K(10496K) Class: 1528K(1664K)->1528K(1664K)
[181.868s][info][gc             ] GC(1250) Pause Young (Allocation Failure) 631M->86M(1979M) 1.422ms
[181.868s][info][gc,cpu         ] GC(1250) User=0.00s Sys=0.00s Real=0.00s
[182.007s][info][gc,start       ] GC(1251) Pause Young (Allocation Failure)
[182.007s][info][gc,heap        ] GC(1251) DefNew: 562554K(629120K)->479K(629120K) Eden: 559232K(559232K)->0K(559232K) From: 3322K(69888K)->479K(69888K)
[182.007s][info][gc,heap        ] GC(1251) Tenured: 85058K(1398144K)->85058K(1398144K)
[182.007s][info][gc,metaspace   ] GC(1251) Metaspace: 11863K(12160K)->11863K(12160K) NonClass: 10334K(10496K)->10334K(10496K) Class: 1528K(1664K)->1528K(1664K)
[182.007s][info][gc             ] GC(1251) Pause Young (Allocation Failure) 632M->83M(1979M) 0.506ms
[182.007s][info][gc,cpu         ] GC(1251) User=0.00s Sys=0.00s Real=0.00s
[182.142s][info][gc,start       ] GC(1252) Pause Young (Allocation Failure)
[182.143s][info][gc,heap        ] GC(1252) DefNew: 559711K(629120K)->895K(629120K) Eden: 559232K(559232K)->0K(559232K) From: 479K(69888K)->895K(69888K)
[182.143s][info][gc,heap        ] GC(1252) Tenured: 85058K(1398144K)->85058K(1398144K)
[182.143s][info][gc,metaspace   ] GC(1252) Metaspace: 11863K(12160K)->11863K(12160K) NonClass: 10334K(10496K)->10334K(10496K) Class: 1528K(1664K)->1528K(1664K)
[182.143s][info][gc             ] GC(1252) Pause Young (Allocation Failure) 629M->83M(1979M) 0.610ms
[182.143s][info][gc,cpu         ] GC(1252) User=0.00s Sys=0.00s Real=0.00s
[182.278s][info][gc,start       ] GC(1253) Pause Young (Allocation Failure)
[182.279s][info][gc,heap        ] GC(1253) DefNew: 560127K(629120K)->1272K(629120K) Eden: 559232K(559232K)->0K(559232K) From: 895K(69888K)->1272K(69888K)
[182.279s][info][gc,heap        ] GC(1253) Tenured: 85058K(1398144K)->85058K(1398144K)
[182.279s][info][gc,metaspace   ] GC(1253) Metaspace: 11863K(12160K)->11863K(12160K) NonClass: 10334K(10496K)->10334K(10496K) Class: 1528K(1664K)->1528K(1664K)
[182.279s][info][gc             ] GC(1253) Pause Young (Allocation Failure) 630M->84M(1979M) 0.824ms
[182.279s][info][gc,cpu         ] GC(1253) User=0.00s Sys=0.00s Real=0.00s
[182.413s][info][gc,start       ] GC(1254) Pause Young (Allocation Failure)
[182.413s][info][gc,heap        ] GC(1254) DefNew: 560504K(629120K)->1823K(629120K) Eden: 559232K(559232K)->0K(559232K) From: 1272K(69888K)->1823K(69888K)
[182.413s][info][gc,heap        ] GC(1254) Tenured: 85058K(1398144K)->85058K(1398144K)
[182.413s][info][gc,metaspace   ] GC(1254) Metaspace: 11863K(12160K)->11863K(12160K) NonClass: 10334K(10496K)->10334K(10496K) Class: 1528K(1664K)->1528K(1664K)
[182.413s][info][gc             ] GC(1254) Pause Young (Allocation Failure) 630M->84M(1979M) 0.908ms
[182.413s][info][gc,cpu         ] GC(1254) User=0.00s Sys=0.00s Real=0.00s
[182.553s][info][gc,start       ] GC(1255) Pause Young (Allocation Failure)
[182.554s][info][gc,heap        ] GC(1255) DefNew: 561055K(629120K)->2062K(629120K) Eden: 559232K(559232K)->0K(559232K) From: 1823K(69888K)->2062K(69888K)
[182.554s][info][gc,heap        ] GC(1255) Tenured: 85058K(1398144K)->85058K(1398144K)
[182.554s][info][gc,metaspace   ] GC(1255) Metaspace: 11863K(12160K)->11863K(12160K) NonClass: 10334K(10496K)->10334K(10496K) Class: 1528K(1664K)->1528K(1664K)
[182.554s][info][gc             ] GC(1255) Pause Young (Allocation Failure) 630M->85M(1979M) 0.992ms
[182.554s][info][gc,cpu         ] GC(1255) User=0.00s Sys=0.00s Real=0.00s
[182.688s][info][gc,start       ] GC(1256) Pause Young (Allocation Failure)
[182.689s][info][gc,heap        ] GC(1256) DefNew: 561294K(629120K)->2398K(629120K) Eden: 559232K(559232K)->0K(559232K) From: 2062K(69888K)->2398K(69888K)
[182.690s][info][gc,heap        ] GC(1256) Tenured: 85058K(1398144K)->85058K(1398144K)
[182.690s][info][gc,metaspace   ] GC(1256) Metaspace: 11863K(12160K)->11863K(12160K) NonClass: 10334K(10496K)->10334K(10496K) Class: 1528K(1664K)->1528K(1664K)
[182.690s][info][gc             ] GC(1256) Pause Young (Allocation Failure) 631M->85M(1979M) 1.100ms
[182.690s][info][gc,cpu         ] GC(1256) User=0.00s Sys=0.00s Real=0.00s
[182.825s][info][gc,start       ] GC(1257) Pause Young (Allocation Failure)
[182.827s][info][gc,heap        ] GC(1257) DefNew: 561616K(629120K)->2932K(629120K) Eden: 559217K(559232K)->0K(559232K) From: 2398K(69888K)->2932K(69888K)
[182.827s][info][gc,heap        ] GC(1257) Tenured: 85058K(1398144K)->85058K(1398144K)
[182.827s][info][gc,metaspace   ] GC(1257) Metaspace: 11863K(12160K)->11863K(12160K) NonClass: 10334K(10496K)->10334K(10496K) Class: 1528K(1664K)->1528K(1664K)
[182.827s][info][gc             ] GC(1257) Pause Young (Allocation Failure) 631M->85M(1979M) 1.353ms
[182.827s][info][gc,cpu         ] GC(1257) User=0.00s Sys=0.00s Real=0.00s
[182.965s][info][gc,start       ] GC(1258) Pause Young (Allocation Failure)
[182.966s][info][gc,heap        ] GC(1258) DefNew: 562164K(629120K)->579K(629120K) Eden: 559232K(559232K)->0K(559232K) From: 2932K(69888K)->579K(69888K)
[182.966s][info][gc,heap        ] GC(1258) Tenured: 85058K(1398144K)->85058K(1398144K)
[182.966s][info][gc,metaspace   ] GC(1258) Metaspace: 11863K(12160K)->11863K(12160K) NonClass: 10334K(10496K)->10334K(10496K) Class: 1528K(1664K)->1528K(1664K)
[182.966s][info][gc             ] GC(1258) Pause Young (Allocation Failure) 632M->83M(1979M) 0.552ms
[182.966s][info][gc,cpu         ] GC(1258) User=0.00s Sys=0.00s Real=0.00s
[183.101s][info][gc,start       ] GC(1259) Pause Young (Allocation Failure)
[183.101s][info][gc,heap        ] GC(1259) DefNew: 559811K(629120K)->1017K(629120K) Eden: 559232K(559232K)->0K(559232K) From: 579K(69888K)->1017K(69888K)
[183.101s][info][gc,heap        ] GC(1259) Tenured: 85058K(1398144K)->85058K(1398144K)
[183.101s][info][gc,metaspace   ] GC(1259) Metaspace: 11863K(12160K)->11863K(12160K) NonClass: 10334K(10496K)->10334K(10496K) Class: 1528K(1664K)->1528K(1664K)
[183.101s][info][gc             ] GC(1259) Pause Young (Allocation Failure) 629M->84M(1979M) 0.741ms
[183.101s][info][gc,cpu         ] GC(1259) User=0.00s Sys=0.00s Real=0.00s
[183.236s][info][gc,start       ] GC(1260) Pause Young (Allocation Failure)
[183.237s][info][gc,heap        ] GC(1260) DefNew: 560249K(629120K)->1276K(629120K) Eden: 559232K(559232K)->0K(559232K) From: 1017K(69888K)->1276K(69888K)
[183.237s][info][gc,heap        ] GC(1260) Tenured: 85058K(1398144K)->85058K(1398144K)
[183.237s][info][gc,metaspace   ] GC(1260) Metaspace: 11863K(12160K)->11863K(12160K) NonClass: 10334K(10496K)->10334K(10496K) Class: 1528K(1664K)->1528K(1664K)
[183.237s][info][gc             ] GC(1260) Pause Young (Allocation Failure) 630M->84M(1979M) 0.760ms
[183.237s][info][gc,cpu         ] GC(1260) User=0.00s Sys=0.00s Real=0.00s
[183.368s][info][gc,start       ] GC(1261) Pause Full (System.gc())
[183.368s][info][gc,phases,start] GC(1261) Phase 1: Mark live objects
[183.419s][info][gc,phases      ] GC(1261) Phase 1: Mark live objects 51.531ms
[183.419s][info][gc,phases,start] GC(1261) Phase 2: Compute new object addresses
[183.473s][info][gc,phases      ] GC(1261) Phase 2: Compute new object addresses 53.330ms
[183.473s][info][gc,phases,start] GC(1261) Phase 3: Adjust pointers
[183.494s][info][gc,phases      ] GC(1261) Phase 3: Adjust pointers 21.893ms
[183.495s][info][gc,phases,start] GC(1261) Phase 4: Move objects
[183.495s][info][gc,phases      ] GC(1261) Phase 4: Move objects 0.009ms
[183.495s][info][gc,heap        ] GC(1261) DefNew: 531831K(629120K)->0K(629120K) Eden: 530555K(559232K)->0K(559232K) From: 1276K(69888K)->0K(69888K)
[183.495s][info][gc,heap        ] GC(1261) Tenured: 85058K(1398144K)->85058K(1398144K)
[183.495s][info][gc,metaspace   ] GC(1261) Metaspace: 11863K(12160K)->11863K(12160K) NonClass: 10334K(10496K)->10334K(10496K) Class: 1528K(1664K)->1528K(1664K)
[183.495s][info][gc             ] GC(1261) Pause Full (System.gc()) 602M->83M(1979M) 127.059ms
[183.495s][info][gc,cpu         ] GC(1261) User=0.11s Sys=0.00s Real=0.13s
[183.638s][info][gc,start       ] GC(1262) Pause Young (Allocation Failure)
[183.639s][info][gc,heap        ] GC(1262) DefNew: 559232K(629120K)->581K(629120K) Eden: 559232K(559232K)->0K(559232K) From: 0K(69888K)->581K(69888K)
[183.639s][info][gc,heap        ] GC(1262) Tenured: 85058K(1398144K)->85058K(1398144K)
[183.639s][info][gc,metaspace   ] GC(1262) Metaspace: 11863K(12160K)->11863K(12160K) NonClass: 10334K(10496K)->10334K(10496K) Class: 1528K(1664K)->1528K(1664K)
[183.639s][info][gc             ] GC(1262) Pause Young (Allocation Failure) 629M->83M(1979M) 0.555ms
[183.639s][info][gc,cpu         ] GC(1262) User=0.00s Sys=0.00s Real=0.00s
[183.774s][info][gc,start       ] GC(1263) Pause Young (Allocation Failure)
[183.775s][info][gc,heap        ] GC(1263) DefNew: 559800K(629120K)->868K(629120K) Eden: 559219K(559232K)->0K(559232K) From: 581K(69888K)->868K(69888K)
[183.775s][info][gc,heap        ] GC(1263) Tenured: 85058K(1398144K)->85058K(1398144K)
[183.775s][info][gc,metaspace   ] GC(1263) Metaspace: 11863K(12160K)->11863K(12160K) NonClass: 10334K(10496K)->10334K(10496K) Class: 1528K(1664K)->1528K(1664K)
[183.775s][info][gc             ] GC(1263) Pause Young (Allocation Failure) 629M->83M(1979M) 0.663ms
[183.775s][info][gc,cpu         ] GC(1263) User=0.00s Sys=0.00s Real=0.00s
[183.910s][info][gc,start       ] GC(1264) Pause Young (Allocation Failure)
[183.910s][info][gc,heap        ] GC(1264) DefNew: 560100K(629120K)->1191K(629120K) Eden: 559232K(559232K)->0K(559232K) From: 868K(69888K)->1191K(69888K)
[183.910s][info][gc,heap        ] GC(1264) Tenured: 85058K(1398144K)->85058K(1398144K)
[183.910s][info][gc,metaspace   ] GC(1264) Metaspace: 11863K(12160K)->11863K(12160K) NonClass: 10334K(10496K)->10334K(10496K) Class: 1528K(1664K)->1528K(1664K)
[183.910s][info][gc             ] GC(1264) Pause Young (Allocation Failure) 630M->84M(1979M) 0.708ms
[183.910s][info][gc,cpu         ] GC(1264) User=0.00s Sys=0.00s Real=0.00s
[184.044s][info][gc,start       ] GC(1265) Pause Young (Allocation Failure)
[184.045s][info][gc,heap        ] GC(1265) DefNew: 560423K(629120K)->1854K(629120K) Eden: 559232K(559232K)->0K(559232K) From: 1191K(69888K)->1854K(69888K)
[184.045s][info][gc,heap        ] GC(1265) Tenured: 85058K(1398144K)->85058K(1398144K)
[184.045s][info][gc,metaspace   ] GC(1265) Metaspace: 11863K(12160K)->11863K(12160K) NonClass: 10334K(10496K)->10334K(10496K) Class: 1528K(1664K)->1528K(1664K)
[184.045s][info][gc             ] GC(1265) Pause Young (Allocation Failure) 630M->84M(1979M) 0.906ms
[184.045s][info][gc,cpu         ] GC(1265) User=0.00s Sys=0.00s Real=0.00s
[184.180s][info][gc,start       ] GC(1266) Pause Young (Allocation Failure)
[184.181s][info][gc,heap        ] GC(1266) DefNew: 561086K(629120K)->1970K(629120K) Eden: 559232K(559232K)->0K(559232K) From: 1854K(69888K)->1970K(69888K)
[184.181s][info][gc,heap        ] GC(1266) Tenured: 85058K(1398144K)->85058K(1398144K)
[184.181s][info][gc,metaspace   ] GC(1266) Metaspace: 11863K(12160K)->11863K(12160K) NonClass: 10334K(10496K)->10334K(10496K) Class: 1528K(1664K)->1528K(1664K)
[184.181s][info][gc             ] GC(1266) Pause Young (Allocation Failure) 631M->84M(1979M) 1.010ms
[184.181s][info][gc,cpu         ] GC(1266) User=0.00s Sys=0.00s Real=0.00s
[184.315s][info][gc,start       ] GC(1267) Pause Young (Allocation Failure)
[184.316s][info][gc,heap        ] GC(1267) DefNew: 561188K(629120K)->2133K(629120K) Eden: 559218K(559232K)->0K(559232K) From: 1970K(69888K)->2133K(69888K)
[184.316s][info][gc,heap        ] GC(1267) Tenured: 85058K(1398144K)->85058K(1398144K)
[184.316s][info][gc,metaspace   ] GC(1267) Metaspace: 11863K(12160K)->11863K(12160K) NonClass: 10334K(10496K)->10334K(10496K) Class: 1528K(1664K)->1528K(1664K)
[184.316s][info][gc             ] GC(1267) Pause Young (Allocation Failure) 631M->85M(1979M) 1.037ms
[184.316s][info][gc,cpu         ] GC(1267) User=0.00s Sys=0.00s Real=0.00s
[184.450s][info][gc,start       ] GC(1268) Pause Young (Allocation Failure)
[184.451s][info][gc,heap        ] GC(1268) DefNew: 561365K(629120K)->2690K(629120K) Eden: 559232K(559232K)->0K(559232K) From: 2133K(69888K)->2690K(69888K)
[184.451s][info][gc,heap        ] GC(1268) Tenured: 85058K(1398144K)->85058K(1398144K)
[184.451s][info][gc,metaspace   ] GC(1268) Metaspace: 11863K(12160K)->11863K(12160K) NonClass: 10334K(10496K)->10334K(10496K) Class: 1528K(1664K)->1528K(1664K)
[184.451s][info][gc             ] GC(1268) Pause Young (Allocation Failure) 631M->85M(1979M) 1.218ms
[184.451s][info][gc,cpu         ] GC(1268) User=0.00s Sys=0.00s Real=0.00s
[184.591s][info][gc,start       ] GC(1269) Pause Young (Allocation Failure)
[184.592s][info][gc,heap        ] GC(1269) DefNew: 561891K(629120K)->2494K(629120K) Eden: 559201K(559232K)->0K(559232K) From: 2690K(69888K)->2494K(69888K)
[184.592s][info][gc,heap        ] GC(1269) Tenured: 85058K(1398144K)->85058K(1398144K)
[184.592s][info][gc,metaspace   ] GC(1269) Metaspace: 11863K(12160K)->11863K(12160K) NonClass: 10334K(10496K)->10334K(10496K) Class: 1528K(1664K)->1528K(1664K)
[184.592s][info][gc             ] GC(1269) Pause Young (Allocation Failure) 631M->85M(1979M) 1.162ms
[184.592s][info][gc,cpu         ] GC(1269) User=0.00s Sys=0.00s Real=0.00s
[184.732s][info][gc,start       ] GC(1270) Pause Young (Allocation Failure)
[184.732s][info][gc,heap        ] GC(1270) DefNew: 561726K(629120K)->120K(629120K) Eden: 559232K(559232K)->0K(559232K) From: 2494K(69888K)->120K(69888K)
[184.732s][info][gc,heap        ] GC(1270) Tenured: 85058K(1398144K)->85058K(1398144K)
[184.732s][info][gc,metaspace   ] GC(1270) Metaspace: 11863K(12160K)->11863K(12160K) NonClass: 10334K(10496K)->10334K(10496K) Class: 1528K(1664K)->1528K(1664K)
[184.732s][info][gc             ] GC(1270) Pause Young (Allocation Failure) 631M->83M(1979M) 0.396ms
[184.732s][info][gc,cpu         ] GC(1270) User=0.00s Sys=0.00s Real=0.00s
[184.867s][info][gc,start       ] GC(1271) Pause Young (Allocation Failure)
[184.868s][info][gc,heap        ] GC(1271) DefNew: 559352K(629120K)->475K(629120K) Eden: 559232K(559232K)->0K(559232K) From: 120K(69888K)->475K(69888K)
[184.868s][info][gc,heap        ] GC(1271) Tenured: 85058K(1398144K)->85058K(1398144K)
[184.868s][info][gc,metaspace   ] GC(1271) Metaspace: 11863K(12160K)->11863K(12160K) NonClass: 10334K(10496K)->10334K(10496K) Class: 1528K(1664K)->1528K(1664K)
[184.868s][info][gc             ] GC(1271) Pause Young (Allocation Failure) 629M->83M(1979M) 0.597ms
[184.868s][info][gc,cpu         ] GC(1271) User=0.00s Sys=0.00s Real=0.00s
[185.002s][info][gc,start       ] GC(1272) Pause Young (Allocation Failure)
[185.003s][info][gc,heap        ] GC(1272) DefNew: 559707K(629120K)->1005K(629120K) Eden: 559232K(559232K)->0K(559232K) From: 475K(69888K)->1005K(69888K)
[185.003s][info][gc,heap        ] GC(1272) Tenured: 85058K(1398144K)->85058K(1398144K)
[185.003s][info][gc,metaspace   ] GC(1272) Metaspace: 11863K(12160K)->11863K(12160K) NonClass: 10334K(10496K)->10334K(10496K) Class: 1528K(1664K)->1528K(1664K)
[185.003s][info][gc             ] GC(1272) Pause Young (Allocation Failure) 629M->84M(1979M) 0.681ms
[185.003s][info][gc,cpu         ] GC(1272) User=0.00s Sys=0.00s Real=0.00s
[185.137s][info][gc,start       ] GC(1273) Pause Young (Allocation Failure)
[185.138s][info][gc,heap        ] GC(1273) DefNew: 560237K(629120K)->1268K(629120K) Eden: 559232K(559232K)->0K(559232K) From: 1005K(69888K)->1268K(69888K)
[185.138s][info][gc,heap        ] GC(1273) Tenured: 85058K(1398144K)->85058K(1398144K)
[185.138s][info][gc,metaspace   ] GC(1273) Metaspace: 11863K(12160K)->11863K(12160K) NonClass: 10334K(10496K)->10334K(10496K) Class: 1528K(1664K)->1528K(1664K)
[185.138s][info][gc             ] GC(1273) Pause Young (Allocation Failure) 630M->84M(1979M) 0.768ms
[185.138s][info][gc,cpu         ] GC(1273) User=0.00s Sys=0.00s Real=0.00s
[185.273s][info][gc,start       ] GC(1274) Pause Young (Allocation Failure)
[185.273s][info][gc,heap        ] GC(1274) DefNew: 560500K(629120K)->1554K(629120K) Eden: 559232K(559232K)->0K(559232K) From: 1268K(69888K)->1554K(69888K)
[185.273s][info][gc,heap        ] GC(1274) Tenured: 85058K(1398144K)->85058K(1398144K)
[185.273s][info][gc,metaspace   ] GC(1274) Metaspace: 11863K(12160K)->11863K(12160K) NonClass: 10334K(10496K)->10334K(10496K) Class: 1528K(1664K)->1528K(1664K)
[185.273s][info][gc             ] GC(1274) Pause Young (Allocation Failure) 630M->84M(1979M) 0.888ms
[185.274s][info][gc,cpu         ] GC(1274) User=0.00s Sys=0.00s Real=0.00s
[185.409s][info][gc,start       ] GC(1275) Pause Young (Allocation Failure)
[185.410s][info][gc,heap        ] GC(1275) DefNew: 560786K(629120K)->1972K(629120K) Eden: 559232K(559232K)->0K(559232K) From: 1554K(69888K)->1972K(69888K)
[185.410s][info][gc,heap        ] GC(1275) Tenured: 85058K(1398144K)->85058K(1398144K)
[185.410s][info][gc,metaspace   ] GC(1275) Metaspace: 11863K(12160K)->11863K(12160K) NonClass: 10334K(10496K)->10334K(10496K) Class: 1528K(1664K)->1528K(1664K)
[185.410s][info][gc             ] GC(1275) Pause Young (Allocation Failure) 630M->84M(1979M) 0.974ms
[185.410s][info][gc,cpu         ] GC(1275) User=0.00s Sys=0.00s Real=0.00s
[185.549s][info][gc,start       ] GC(1276) Pause Young (Allocation Failure)
[185.550s][info][gc,heap        ] GC(1276) DefNew: 561204K(629120K)->2023K(629120K) Eden: 559232K(559232K)->0K(559232K) From: 1972K(69888K)->2023K(69888K)
[185.550s][info][gc,heap        ] GC(1276) Tenured: 85058K(1398144K)->85058K(1398144K)
[185.550s][info][gc,metaspace   ] GC(1276) Metaspace: 11863K(12160K)->11863K(12160K) NonClass: 10334K(10496K)->10334K(10496K) Class: 1528K(1664K)->1528K(1664K)
[185.550s][info][gc             ] GC(1276) Pause Young (Allocation Failure) 631M->85M(1979M) 0.968ms
[185.550s][info][gc,cpu         ] GC(1276) User=0.00s Sys=0.00s Real=0.00s
[185.683s][info][gc,start       ] GC(1277) Pause Young (Allocation Failure)
[185.685s][info][gc,heap        ] GC(1277) DefNew: 560876K(629120K)->2935K(629120K) Eden: 558853K(559232K)->0K(559232K) From: 2023K(69888K)->2935K(69888K)
[185.685s][info][gc,heap        ] GC(1277) Tenured: 85058K(1398144K)->85059K(1398144K)
[185.685s][info][gc,metaspace   ] GC(1277) Metaspace: 11863K(12160K)->11863K(12160K) NonClass: 10334K(10496K)->10334K(10496K) Class: 1528K(1664K)->1528K(1664K)
[185.685s][info][gc             ] GC(1277) Pause Young (Allocation Failure) 630M->85M(1979M) 1.280ms
[185.685s][info][gc,cpu         ] GC(1277) User=0.00s Sys=0.00s Real=0.00s
[185.824s][info][gc,start       ] GC(1278) Pause Young (Allocation Failure)
[185.824s][info][gc,heap        ] GC(1278) DefNew: 562167K(629120K)->308K(629120K) Eden: 559232K(559232K)->0K(559232K) From: 2935K(69888K)->308K(69888K)
[185.824s][info][gc,heap        ] GC(1278) Tenured: 85059K(1398144K)->85059K(1398144K)
[185.824s][info][gc,metaspace   ] GC(1278) Metaspace: 11863K(12160K)->11863K(12160K) NonClass: 10334K(10496K)->10334K(10496K) Class: 1528K(1664K)->1528K(1664K)
[185.824s][info][gc             ] GC(1278) Pause Young (Allocation Failure) 632M->83M(1979M) 0.470ms
[185.824s][info][gc,cpu         ] GC(1278) User=0.00s Sys=0.00s Real=0.00s
[185.959s][info][gc,start       ] GC(1279) Pause Full (System.gc())
[185.959s][info][gc,phases,start] GC(1279) Phase 1: Mark live objects
[186.011s][info][gc,phases      ] GC(1279) Phase 1: Mark live objects 52.382ms
[186.011s][info][gc,phases,start] GC(1279) Phase 2: Compute new object addresses
[186.066s][info][gc,phases      ] GC(1279) Phase 2: Compute new object addresses 54.509ms
[186.066s][info][gc,phases,start] GC(1279) Phase 3: Adjust pointers
[186.087s][info][gc,phases      ] GC(1279) Phase 3: Adjust pointers 21.412ms
[186.087s][info][gc,phases,start] GC(1279) Phase 4: Move objects
[186.087s][info][gc,phases      ] GC(1279) Phase 4: Move objects 0.009ms
[186.087s][info][gc,heap        ] GC(1279) DefNew: 551814K(629120K)->0K(629120K) Eden: 551506K(559232K)->0K(559232K) From: 308K(69888K)->0K(69888K)
[186.087s][info][gc,heap        ] GC(1279) Tenured: 85059K(1398144K)->85057K(1398144K)
[186.087s][info][gc,metaspace   ] GC(1279) Metaspace: 11863K(12160K)->11863K(12160K) NonClass: 10334K(10496K)->10334K(10496K) Class: 1528K(1664K)->1528K(1664K)
[186.087s][info][gc             ] GC(1279) Pause Full (System.gc()) 621M->83M(1979M) 128.609ms
[186.087s][info][gc,cpu         ] GC(1279) User=0.12s Sys=0.00s Real=0.13s
[186.231s][info][gc,start       ] GC(1280) Pause Young (Allocation Failure)
[186.231s][info][gc,heap        ] GC(1280) DefNew: 559232K(629120K)->415K(629120K) Eden: 559232K(559232K)->0K(559232K) From: 0K(69888K)->415K(69888K)
[186.231s][info][gc,heap        ] GC(1280) Tenured: 85057K(1398144K)->85057K(1398144K)
[186.231s][info][gc,metaspace   ] GC(1280) Metaspace: 11863K(12160K)->11863K(12160K) NonClass: 10334K(10496K)->10334K(10496K) Class: 1528K(1664K)->1528K(1664K)
[186.231s][info][gc             ] GC(1280) Pause Young (Allocation Failure) 629M->83M(1979M) 0.486ms
[186.231s][info][gc,cpu         ] GC(1280) User=0.00s Sys=0.00s Real=0.00s
[186.365s][info][gc,start       ] GC(1281) Pause Young (Allocation Failure)
[186.366s][info][gc,heap        ] GC(1281) DefNew: 559647K(629120K)->813K(629120K) Eden: 559232K(559232K)->0K(559232K) From: 415K(69888K)->813K(69888K)
[186.366s][info][gc,heap        ] GC(1281) Tenured: 85057K(1398144K)->85057K(1398144K)
[186.366s][info][gc,metaspace   ] GC(1281) Metaspace: 11863K(12160K)->11863K(12160K) NonClass: 10334K(10496K)->10334K(10496K) Class: 1528K(1664K)->1528K(1664K)
[186.366s][info][gc             ] GC(1281) Pause Young (Allocation Failure) 629M->83M(1979M) 0.585ms
[186.366s][info][gc,cpu         ] GC(1281) User=0.00s Sys=0.00s Real=0.00s
[186.505s][info][gc,start       ] GC(1282) Pause Young (Allocation Failure)
[186.506s][info][gc,heap        ] GC(1282) DefNew: 560045K(629120K)->1299K(629120K) Eden: 559232K(559232K)->0K(559232K) From: 813K(69888K)->1299K(69888K)
[186.506s][info][gc,heap        ] GC(1282) Tenured: 85057K(1398144K)->85057K(1398144K)
[186.506s][info][gc,metaspace   ] GC(1282) Metaspace: 11863K(12160K)->11863K(12160K) NonClass: 10334K(10496K)->10334K(10496K) Class: 1528K(1664K)->1528K(1664K)
[186.506s][info][gc             ] GC(1282) Pause Young (Allocation Failure) 629M->84M(1979M) 0.775ms
[186.506s][info][gc,cpu         ] GC(1282) User=0.00s Sys=0.00s Real=0.00s
[186.641s][info][gc,start       ] GC(1283) Pause Young (Allocation Failure)
[186.642s][info][gc,heap        ] GC(1283) DefNew: 560531K(629120K)->1901K(629120K) Eden: 559232K(559232K)->0K(559232K) From: 1299K(69888K)->1901K(69888K)
[186.642s][info][gc,heap        ] GC(1283) Tenured: 85057K(1398144K)->85057K(1398144K)
[186.642s][info][gc,metaspace   ] GC(1283) Metaspace: 11863K(12160K)->11863K(12160K) NonClass: 10334K(10496K)->10334K(10496K) Class: 1528K(1664K)->1528K(1664K)
[186.642s][info][gc             ] GC(1283) Pause Young (Allocation Failure) 630M->84M(1979M) 0.939ms
[186.642s][info][gc,cpu         ] GC(1283) User=0.00s Sys=0.00s Real=0.00s
[186.778s][info][gc,start       ] GC(1284) Pause Young (Allocation Failure)
[186.779s][info][gc,heap        ] GC(1284) DefNew: 561133K(629120K)->2368K(629120K) Eden: 559232K(559232K)->0K(559232K) From: 1901K(69888K)->2368K(69888K)
[186.779s][info][gc,heap        ] GC(1284) Tenured: 85057K(1398144K)->85057K(1398144K)
[186.779s][info][gc,metaspace   ] GC(1284) Metaspace: 11863K(12160K)->11863K(12160K) NonClass: 10334K(10496K)->10334K(10496K) Class: 1528K(1664K)->1528K(1664K)
[186.779s][info][gc             ] GC(1284) Pause Young (Allocation Failure) 631M->85M(1979M) 1.111ms
[186.779s][info][gc,cpu         ] GC(1284) User=0.00s Sys=0.00s Real=0.00s
[186.918s][info][gc,start       ] GC(1285) Pause Young (Allocation Failure)
[186.919s][info][gc,heap        ] GC(1285) DefNew: 561600K(629120K)->2468K(629120K) Eden: 559231K(559232K)->0K(559232K) From: 2368K(69888K)->2468K(69888K)
[186.919s][info][gc,heap        ] GC(1285) Tenured: 85057K(1398144K)->85057K(1398144K)
[186.919s][info][gc,metaspace   ] GC(1285) Metaspace: 11863K(12160K)->11863K(12160K) NonClass: 10334K(10496K)->10334K(10496K) Class: 1528K(1664K)->1528K(1664K)
[186.919s][info][gc             ] GC(1285) Pause Young (Allocation Failure) 631M->85M(1979M) 1.068ms
[186.919s][info][gc,cpu         ] GC(1285) User=0.00s Sys=0.00s Real=0.00s
[187.055s][info][gc,start       ] GC(1286) Pause Young (Allocation Failure)
[187.056s][info][gc,heap        ] GC(1286) DefNew: 561700K(629120K)->1959K(629120K) Eden: 559232K(559232K)->0K(559232K) From: 2468K(69888K)->1959K(69888K)
[187.056s][info][gc,heap        ] GC(1286) Tenured: 85057K(1398144K)->85057K(1398144K)
[187.056s][info][gc,metaspace   ] GC(1286) Metaspace: 11863K(12160K)->11863K(12160K) NonClass: 10334K(10496K)->10334K(10496K) Class: 1528K(1664K)->1528K(1664K)
[187.056s][info][gc             ] GC(1286) Pause Young (Allocation Failure) 631M->84M(1979M) 0.874ms
[187.056s][info][gc,cpu         ] GC(1286) User=0.00s Sys=0.00s Real=0.00s
[187.193s][info][gc,start       ] GC(1287) Pause Young (Allocation Failure)
[187.194s][info][gc,heap        ] GC(1287) DefNew: 561191K(629120K)->455K(629120K) Eden: 559232K(559232K)->0K(559232K) From: 1959K(69888K)->455K(69888K)
[187.194s][info][gc,heap        ] GC(1287) Tenured: 85057K(1398144K)->85057K(1398144K)
[187.194s][info][gc,metaspace   ] GC(1287) Metaspace: 11863K(12160K)->11863K(12160K) NonClass: 10334K(10496K)->10334K(10496K) Class: 1528K(1664K)->1528K(1664K)
[187.194s][info][gc             ] GC(1287) Pause Young (Allocation Failure) 631M->83M(1979M) 0.517ms
[187.194s][info][gc,cpu         ] GC(1287) User=0.00s Sys=0.00s Real=0.00s
[187.328s][info][gc,start       ] GC(1288) Pause Young (Allocation Failure)
[187.328s][info][gc,heap        ] GC(1288) DefNew: 559687K(629120K)->825K(629120K) Eden: 559232K(559232K)->0K(559232K) From: 455K(69888K)->825K(69888K)
[187.328s][info][gc,heap        ] GC(1288) Tenured: 85057K(1398144K)->85057K(1398144K)
[187.328s][info][gc,metaspace   ] GC(1288) Metaspace: 11863K(12160K)->11863K(12160K) NonClass: 10334K(10496K)->10334K(10496K) Class: 1528K(1664K)->1528K(1664K)
[187.328s][info][gc             ] GC(1288) Pause Young (Allocation Failure) 629M->83M(1979M) 0.609ms
[187.328s][info][gc,cpu         ] GC(1288) User=0.00s Sys=0.00s Real=0.00s
[187.463s][info][gc,start       ] GC(1289) Pause Young (Allocation Failure)
[187.463s][info][gc,heap        ] GC(1289) DefNew: 560057K(629120K)->1273K(629120K) Eden: 559232K(559232K)->0K(559232K) From: 825K(69888K)->1273K(69888K)
[187.463s][info][gc,heap        ] GC(1289) Tenured: 85057K(1398144K)->85057K(1398144K)
[187.463s][info][gc,metaspace   ] GC(1289) Metaspace: 11863K(12160K)->11863K(12160K) NonClass: 10334K(10496K)->10334K(10496K) Class: 1528K(1664K)->1528K(1664K)
[187.463s][info][gc             ] GC(1289) Pause Young (Allocation Failure) 629M->84M(1979M) 0.756ms
[187.463s][info][gc,cpu         ] GC(1289) User=0.00s Sys=0.00s Real=0.00s
[187.603s][info][gc,start       ] GC(1290) Pause Young (Allocation Failure)
[187.603s][info][gc,heap        ] GC(1290) DefNew: 560505K(629120K)->1651K(629120K) Eden: 559232K(559232K)->0K(559232K) From: 1273K(69888K)->1651K(69888K)
[187.603s][info][gc,heap        ] GC(1290) Tenured: 85057K(1398144K)->85057K(1398144K)
[187.603s][info][gc,metaspace   ] GC(1290) Metaspace: 11863K(12160K)->11863K(12160K) NonClass: 10334K(10496K)->10334K(10496K) Class: 1528K(1664K)->1528K(1664K)
[187.603s][info][gc             ] GC(1290) Pause Young (Allocation Failure) 630M->84M(1979M) 0.886ms
[187.603s][info][gc,cpu         ] GC(1290) User=0.00s Sys=0.00s Real=0.00s
[187.739s][info][gc,start       ] GC(1291) Pause Young (Allocation Failure)
[187.740s][info][gc,heap        ] GC(1291) DefNew: 560883K(629120K)->2271K(629120K) Eden: 559232K(559232K)->0K(559232K) From: 1651K(69888K)->2271K(69888K)
[187.740s][info][gc,heap        ] GC(1291) Tenured: 85057K(1398144K)->85057K(1398144K)
[187.740s][info][gc,metaspace   ] GC(1291) Metaspace: 11863K(12160K)->11863K(12160K) NonClass: 10334K(10496K)->10334K(10496K) Class: 1528K(1664K)->1528K(1664K)
[187.740s][info][gc             ] GC(1291) Pause Young (Allocation Failure) 630M->85M(1979M) 1.053ms
[187.740s][info][gc,cpu         ] GC(1291) User=0.00s Sys=0.00s Real=0.00s
[187.873s][info][gc,start       ] GC(1292) Pause Young (Allocation Failure)
[187.874s][info][gc,heap        ] GC(1292) DefNew: 561489K(629120K)->2521K(629120K) Eden: 559217K(559232K)->0K(559232K) From: 2271K(69888K)->2521K(69888K)
[187.874s][info][gc,heap        ] GC(1292) Tenured: 85057K(1398144K)->85057K(1398144K)
[187.874s][info][gc,metaspace   ] GC(1292) Metaspace: 11863K(12160K)->11863K(12160K) NonClass: 10334K(10496K)->10334K(10496K) Class: 1528K(1664K)->1528K(1664K)
[187.874s][info][gc             ] GC(1292) Pause Young (Allocation Failure) 631M->85M(1979M) 1.162ms
[187.874s][info][gc,cpu         ] GC(1292) User=0.00s Sys=0.00s Real=0.00s
[188.009s][info][gc,start       ] GC(1293) Pause Young (Allocation Failure)
[188.010s][info][gc,heap        ] GC(1293) DefNew: 561725K(629120K)->2446K(629120K) Eden: 559203K(559232K)->0K(559232K) From: 2521K(69888K)->2446K(69888K)
[188.010s][info][gc,heap        ] GC(1293) Tenured: 85057K(1398144K)->85057K(1398144K)
[188.010s][info][gc,metaspace   ] GC(1293) Metaspace: 11863K(12160K)->11863K(12160K) NonClass: 10334K(10496K)->10334K(10496K) Class: 1528K(1664K)->1528K(1664K)
[188.010s][info][gc             ] GC(1293) Pause Young (Allocation Failure) 631M->85M(1979M) 1.224ms
[188.010s][info][gc,cpu         ] GC(1293) User=0.00s Sys=0.00s Real=0.01s
[188.148s][info][gc,start       ] GC(1294) Pause Young (Allocation Failure)
[188.149s][info][gc,heap        ] GC(1294) DefNew: 561678K(629120K)->126K(629120K) Eden: 559232K(559232K)->0K(559232K) From: 2446K(69888K)->126K(69888K)
[188.149s][info][gc,heap        ] GC(1294) Tenured: 85057K(1398144K)->85057K(1398144K)
[188.149s][info][gc,metaspace   ] GC(1294) Metaspace: 11863K(12160K)->11863K(12160K) NonClass: 10334K(10496K)->10334K(10496K) Class: 1528K(1664K)->1528K(1664K)
[188.149s][info][gc             ] GC(1294) Pause Young (Allocation Failure) 631M->83M(1979M) 0.393ms
[188.149s][info][gc,cpu         ] GC(1294) User=0.00s Sys=0.00s Real=0.00s
[188.283s][info][gc,start       ] GC(1295) Pause Young (Allocation Failure)
[188.283s][info][gc,heap        ] GC(1295) DefNew: 559358K(629120K)->582K(629120K) Eden: 559232K(559232K)->0K(559232K) From: 126K(69888K)->582K(69888K)
[188.283s][info][gc,heap        ] GC(1295) Tenured: 85057K(1398144K)->85058K(1398144K)
[188.283s][info][gc,metaspace   ] GC(1295) Metaspace: 11863K(12160K)->11863K(12160K) NonClass: 10334K(10496K)->10334K(10496K) Class: 1528K(1664K)->1528K(1664K)
[188.283s][info][gc             ] GC(1295) Pause Young (Allocation Failure) 629M->83M(1979M) 0.558ms
[188.283s][info][gc,cpu         ] GC(1295) User=0.00s Sys=0.00s Real=0.00s
[188.418s][info][gc,start       ] GC(1296) Pause Young (Allocation Failure)
[188.419s][info][gc,heap        ] GC(1296) DefNew: 559814K(629120K)->1017K(629120K) Eden: 559232K(559232K)->0K(559232K) From: 582K(69888K)->1017K(69888K)
[188.419s][info][gc,heap        ] GC(1296) Tenured: 85058K(1398144K)->85058K(1398144K)
[188.419s][info][gc,metaspace   ] GC(1296) Metaspace: 11863K(12160K)->11863K(12160K) NonClass: 10334K(10496K)->10334K(10496K) Class: 1528K(1664K)->1528K(1664K)
[188.419s][info][gc             ] GC(1296) Pause Young (Allocation Failure) 629M->84M(1979M) 0.660ms
[188.419s][info][gc,cpu         ] GC(1296) User=0.00s Sys=0.00s Real=0.00s
[188.556s][info][gc,start       ] GC(1297) Pause Full (System.gc())
[188.556s][info][gc,phases,start] GC(1297) Phase 1: Mark live objects
[188.608s][info][gc,phases      ] GC(1297) Phase 1: Mark live objects 52.171ms
[188.608s][info][gc,phases,start] GC(1297) Phase 2: Compute new object addresses
[188.662s][info][gc,phases      ] GC(1297) Phase 2: Compute new object addresses 54.171ms
[188.662s][info][gc,phases,start] GC(1297) Phase 3: Adjust pointers
[188.683s][info][gc,phases      ] GC(1297) Phase 3: Adjust pointers 20.941ms
[188.683s][info][gc,phases,start] GC(1297) Phase 4: Move objects
[188.683s][info][gc,phases      ] GC(1297) Phase 4: Move objects 0.009ms
[188.683s][info][gc,heap        ] GC(1297) DefNew: 537890K(629120K)->0K(629120K) Eden: 536872K(559232K)->0K(559232K) From: 1017K(69888K)->0K(69888K)
[188.683s][info][gc,heap        ] GC(1297) Tenured: 85058K(1398144K)->85058K(1398144K)
[188.683s][info][gc,metaspace   ] GC(1297) Metaspace: 11863K(12160K)->11863K(12160K) NonClass: 10334K(10496K)->10334K(10496K) Class: 1528K(1664K)->1528K(1664K)
[188.683s][info][gc             ] GC(1297) Pause Full (System.gc()) 608M->83M(1979M) 127.582ms
[188.683s][info][gc,cpu         ] GC(1297) User=0.12s Sys=0.00s Real=0.14s
[188.826s][info][gc,start       ] GC(1298) Pause Young (Allocation Failure)
[188.826s][info][gc,heap        ] GC(1298) DefNew: 559232K(629120K)->452K(629120K) Eden: 559232K(559232K)->0K(559232K) From: 0K(69888K)->452K(69888K)
[188.826s][info][gc,heap        ] GC(1298) Tenured: 85058K(1398144K)->85058K(1398144K)
[188.826s][info][gc,metaspace   ] GC(1298) Metaspace: 11863K(12160K)->11863K(12160K) NonClass: 10334K(10496K)->10334K(10496K) Class: 1528K(1664K)->1528K(1664K)
[188.826s][info][gc             ] GC(1298) Pause Young (Allocation Failure) 629M->83M(1979M) 0.497ms
[188.826s][info][gc,cpu         ] GC(1298) User=0.00s Sys=0.00s Real=0.00s
[188.961s][info][gc,start       ] GC(1299) Pause Young (Allocation Failure)
[188.961s][info][gc,heap        ] GC(1299) DefNew: 559675K(629120K)->885K(629120K) Eden: 559222K(559232K)->0K(559232K) From: 452K(69888K)->885K(69888K)
[188.961s][info][gc,heap        ] GC(1299) Tenured: 85058K(1398144K)->85058K(1398144K)
[188.961s][info][gc,metaspace   ] GC(1299) Metaspace: 11863K(12160K)->11863K(12160K) NonClass: 10334K(10496K)->10334K(10496K) Class: 1528K(1664K)->1528K(1664K)
[188.961s][info][gc             ] GC(1299) Pause Young (Allocation Failure) 629M->83M(1979M) 0.617ms
[188.961s][info][gc,cpu         ] GC(1299) User=0.00s Sys=0.00s Real=0.00s
[189.096s][info][gc,start       ] GC(1300) Pause Young (Allocation Failure)
[189.097s][info][gc,heap        ] GC(1300) DefNew: 560117K(629120K)->1116K(629120K) Eden: 559232K(559232K)->0K(559232K) From: 885K(69888K)->1116K(69888K)
[189.097s][info][gc,heap        ] GC(1300) Tenured: 85058K(1398144K)->85058K(1398144K)
[189.097s][info][gc,metaspace   ] GC(1300) Metaspace: 11863K(12160K)->11863K(12160K) NonClass: 10334K(10496K)->10334K(10496K) Class: 1528K(1664K)->1528K(1664K)
[189.097s][info][gc             ] GC(1300) Pause Young (Allocation Failure) 630M->84M(1979M) 0.713ms
[189.097s][info][gc,cpu         ] GC(1300) User=0.00s Sys=0.00s Real=0.00s
[189.231s][info][gc,start       ] GC(1301) Pause Young (Allocation Failure)
[189.232s][info][gc,heap        ] GC(1301) DefNew: 560348K(629120K)->1402K(629120K) Eden: 559232K(559232K)->0K(559232K) From: 1116K(69888K)->1402K(69888K)
[189.232s][info][gc,heap        ] GC(1301) Tenured: 85058K(1398144K)->85058K(1398144K)
[189.232s][info][gc,metaspace   ] GC(1301) Metaspace: 11863K(12160K)->11863K(12160K) NonClass: 10334K(10496K)->10334K(10496K) Class: 1528K(1664K)->1528K(1664K)
[189.232s][info][gc             ] GC(1301) Pause Young (Allocation Failure) 630M->84M(1979M) 0.785ms
[189.232s][info][gc,cpu         ] GC(1301) User=0.00s Sys=0.00s Real=0.00s
[189.366s][info][gc,start       ] GC(1302) Pause Young (Allocation Failure)
[189.367s][info][gc,heap        ] GC(1302) DefNew: 560634K(629120K)->1570K(629120K) Eden: 559232K(559232K)->0K(559232K) From: 1402K(69888K)->1570K(69888K)
[189.367s][info][gc,heap        ] GC(1302) Tenured: 85058K(1398144K)->85058K(1398144K)
[189.367s][info][gc,metaspace   ] GC(1302) Metaspace: 11863K(12160K)->11863K(12160K) NonClass: 10334K(10496K)->10334K(10496K) Class: 1528K(1664K)->1528K(1664K)
[189.367s][info][gc             ] GC(1302) Pause Young (Allocation Failure) 630M->84M(1979M) 0.871ms
[189.367s][info][gc,cpu         ] GC(1302) User=0.00s Sys=0.00s Real=0.00s
[189.507s][info][gc,start       ] GC(1303) Pause Young (Allocation Failure)
[189.508s][info][gc,heap        ] GC(1303) DefNew: 560802K(629120K)->1823K(629120K) Eden: 559232K(559232K)->0K(559232K) From: 1570K(69888K)->1823K(69888K)
[189.508s][info][gc,heap        ] GC(1303) Tenured: 85058K(1398144K)->85058K(1398144K)
[189.508s][info][gc,metaspace   ] GC(1303) Metaspace: 11863K(12160K)->11863K(12160K) NonClass: 10334K(10496K)->10334K(10496K) Class: 1528K(1664K)->1528K(1664K)
[189.508s][info][gc             ] GC(1303) Pause Young (Allocation Failure) 630M->84M(1979M) 0.933ms
[189.508s][info][gc,cpu         ] GC(1303) User=0.00s Sys=0.00s Real=0.00s
[189.643s][info][gc,start       ] GC(1304) Pause Young (Allocation Failure)
[189.644s][info][gc,heap        ] GC(1304) DefNew: 561001K(629120K)->2495K(629120K) Eden: 559178K(559232K)->0K(559232K) From: 1823K(69888K)->2495K(69888K)
[189.644s][info][gc,heap        ] GC(1304) Tenured: 85058K(1398144K)->85058K(1398144K)
[189.644s][info][gc,metaspace   ] GC(1304) Metaspace: 11863K(12160K)->11863K(12160K) NonClass: 10334K(10496K)->10334K(10496K) Class: 1528K(1664K)->1528K(1664K)
[189.644s][info][gc             ] GC(1304) Pause Young (Allocation Failure) 630M->85M(1979M) 1.146ms
[189.644s][info][gc,cpu         ] GC(1304) User=0.00s Sys=0.00s Real=0.00s
[189.779s][info][gc,start       ] GC(1305) Pause Young (Allocation Failure)
[189.780s][info][gc,heap        ] GC(1305) DefNew: 561497K(629120K)->3126K(629120K) Eden: 559002K(559232K)->0K(559232K) From: 2495K(69888K)->3126K(69888K)
[189.780s][info][gc,heap        ] GC(1305) Tenured: 85058K(1398144K)->85058K(1398144K)
[189.780s][info][gc,metaspace   ] GC(1305) Metaspace: 11863K(12160K)->11863K(12160K) NonClass: 10334K(10496K)->10334K(10496K) Class: 1528K(1664K)->1528K(1664K)
[189.780s][info][gc             ] GC(1305) Pause Young (Allocation Failure) 631M->86M(1979M) 1.538ms
[189.780s][info][gc,cpu         ] GC(1305) User=0.00s Sys=0.00s Real=0.00s
[189.919s][info][gc,start       ] GC(1306) Pause Young (Allocation Failure)
[189.919s][info][gc,heap        ] GC(1306) DefNew: 562358K(629120K)->481K(629120K) Eden: 559232K(559232K)->0K(559232K) From: 3126K(69888K)->481K(69888K)
[189.919s][info][gc,heap        ] GC(1306) Tenured: 85058K(1398144K)->85058K(1398144K)
[189.919s][info][gc,metaspace   ] GC(1306) Metaspace: 11863K(12160K)->11863K(12160K) NonClass: 10334K(10496K)->10334K(10496K) Class: 1528K(1664K)->1528K(1664K)
[189.919s][info][gc             ] GC(1306) Pause Young (Allocation Failure) 632M->83M(1979M) 0.499ms
[189.919s][info][gc,cpu         ] GC(1306) User=0.00s Sys=0.00s Real=0.00s
[190.055s][info][gc,start       ] GC(1307) Pause Young (Allocation Failure)
[190.055s][info][gc,heap        ] GC(1307) DefNew: 559713K(629120K)->806K(629120K) Eden: 559232K(559232K)->0K(559232K) From: 481K(69888K)->806K(69888K)
[190.055s][info][gc,heap        ] GC(1307) Tenured: 85058K(1398144K)->85058K(1398144K)
[190.055s][info][gc,metaspace   ] GC(1307) Metaspace: 11863K(12160K)->11863K(12160K) NonClass: 10334K(10496K)->10334K(10496K) Class: 1528K(1664K)->1528K(1664K)
[190.055s][info][gc             ] GC(1307) Pause Young (Allocation Failure) 629M->83M(1979M) 0.611ms
[190.055s][info][gc,cpu         ] GC(1307) User=0.00s Sys=0.00s Real=0.00s
[190.190s][info][gc,start       ] GC(1308) Pause Young (Allocation Failure)
[190.191s][info][gc,heap        ] GC(1308) DefNew: 560038K(629120K)->1181K(629120K) Eden: 559232K(559232K)->0K(559232K) From: 806K(69888K)->1181K(69888K)
[190.191s][info][gc,heap        ] GC(1308) Tenured: 85058K(1398144K)->85058K(1398144K)
[190.191s][info][gc,metaspace   ] GC(1308) Metaspace: 11863K(12160K)->11863K(12160K) NonClass: 10334K(10496K)->10334K(10496K) Class: 1528K(1664K)->1528K(1664K)
[190.191s][info][gc             ] GC(1308) Pause Young (Allocation Failure) 629M->84M(1979M) 0.707ms
[190.191s][info][gc,cpu         ] GC(1308) User=0.00s Sys=0.00s Real=0.00s
[190.325s][info][gc,start       ] GC(1309) Pause Young (Allocation Failure)
[190.325s][info][gc,heap        ] GC(1309) DefNew: 560413K(629120K)->1577K(629120K) Eden: 559232K(559232K)->0K(559232K) From: 1181K(69888K)->1577K(69888K)
[190.325s][info][gc,heap        ] GC(1309) Tenured: 85058K(1398144K)->85058K(1398144K)
[190.325s][info][gc,metaspace   ] GC(1309) Metaspace: 11863K(12160K)->11863K(12160K) NonClass: 10334K(10496K)->10334K(10496K) Class: 1528K(1664K)->1528K(1664K)
[190.326s][info][gc             ] GC(1309) Pause Young (Allocation Failure) 630M->84M(1979M) 0.865ms
[190.326s][info][gc,cpu         ] GC(1309) User=0.00s Sys=0.00s Real=0.00s
[190.459s][info][gc,start       ] GC(1310) Pause Young (Allocation Failure)
[190.460s][info][gc,heap        ] GC(1310) DefNew: 560809K(629120K)->1685K(629120K) Eden: 559232K(559232K)->0K(559232K) From: 1577K(69888K)->1685K(69888K)
[190.460s][info][gc,heap        ] GC(1310) Tenured: 85058K(1398144K)->85058K(1398144K)
[190.460s][info][gc,metaspace   ] GC(1310) Metaspace: 11863K(12160K)->11863K(12160K) NonClass: 10334K(10496K)->10334K(10496K) Class: 1528K(1664K)->1528K(1664K)
[190.460s][info][gc             ] GC(1310) Pause Young (Allocation Failure) 630M->84M(1979M) 0.875ms
[190.460s][info][gc,cpu         ] GC(1310) User=0.00s Sys=0.00s Real=0.00s
[190.600s][info][gc,start       ] GC(1311) Pause Young (Allocation Failure)
[190.601s][info][gc,heap        ] GC(1311) DefNew: 560917K(629120K)->2619K(629120K) Eden: 559232K(559232K)->0K(559232K) From: 1685K(69888K)->2619K(69888K)
[190.601s][info][gc,heap        ] GC(1311) Tenured: 85058K(1398144K)->85058K(1398144K)
[190.601s][info][gc,metaspace   ] GC(1311) Metaspace: 11863K(12160K)->11863K(12160K) NonClass: 10334K(10496K)->10334K(10496K) Class: 1528K(1664K)->1528K(1664K)
[190.601s][info][gc             ] GC(1311) Pause Young (Allocation Failure) 630M->85M(1979M) 1.289ms
[190.601s][info][gc,cpu         ] GC(1311) User=0.00s Sys=0.00s Real=0.01s
[190.736s][info][gc,start       ] GC(1312) Pause Young (Allocation Failure)
[190.737s][info][gc,heap        ] GC(1312) DefNew: 561851K(629120K)->2983K(629120K) Eden: 559232K(559232K)->0K(559232K) From: 2619K(69888K)->2983K(69888K)
[190.737s][info][gc,heap        ] GC(1312) Tenured: 85058K(1398144K)->85058K(1398144K)
[190.737s][info][gc,metaspace   ] GC(1312) Metaspace: 11863K(12160K)->11863K(12160K) NonClass: 10334K(10496K)->10334K(10496K) Class: 1528K(1664K)->1528K(1664K)
[190.737s][info][gc             ] GC(1312) Pause Young (Allocation Failure) 631M->85M(1979M) 1.348ms
[190.737s][info][gc,cpu         ] GC(1312) User=0.00s Sys=0.00s Real=0.00s
[190.875s][info][gc,start       ] GC(1313) Pause Young (Allocation Failure)
[190.876s][info][gc,heap        ] GC(1313) DefNew: 562215K(629120K)->158K(629120K) Eden: 559232K(559232K)->0K(559232K) From: 2983K(69888K)->158K(69888K)
[190.876s][info][gc,heap        ] GC(1313) Tenured: 85058K(1398144K)->85058K(1398144K)
[190.876s][info][gc,metaspace   ] GC(1313) Metaspace: 11863K(12160K)->11863K(12160K) NonClass: 10334K(10496K)->10334K(10496K) Class: 1528K(1664K)->1528K(1664K)
[190.876s][info][gc             ] GC(1313) Pause Young (Allocation Failure) 632M->83M(1979M) 0.418ms
[190.876s][info][gc,cpu         ] GC(1313) User=0.00s Sys=0.00s Real=0.00s
[191.009s][info][gc,start       ] GC(1314) Pause Young (Allocation Failure)
[191.010s][info][gc,heap        ] GC(1314) DefNew: 559390K(629120K)->467K(629120K) Eden: 559232K(559232K)->0K(559232K) From: 158K(69888K)->467K(69888K)
[191.010s][info][gc,heap        ] GC(1314) Tenured: 85058K(1398144K)->85058K(1398144K)
[191.010s][info][gc,metaspace   ] GC(1314) Metaspace: 11863K(12160K)->11863K(12160K) NonClass: 10334K(10496K)->10334K(10496K) Class: 1528K(1664K)->1528K(1664K)
[191.010s][info][gc             ] GC(1314) Pause Young (Allocation Failure) 629M->83M(1979M) 0.504ms
[191.010s][info][gc,cpu         ] GC(1314) User=0.00s Sys=0.00s Real=0.00s
[191.143s][info][gc,start       ] GC(1315) Pause Full (System.gc())
[191.143s][info][gc,phases,start] GC(1315) Phase 1: Mark live objects
[191.196s][info][gc,phases      ] GC(1315) Phase 1: Mark live objects 52.649ms
[191.196s][info][gc,phases,start] GC(1315) Phase 2: Compute new object addresses
[191.251s][info][gc,phases      ] GC(1315) Phase 2: Compute new object addresses 54.430ms
[191.251s][info][gc,phases,start] GC(1315) Phase 3: Adjust pointers
[191.271s][info][gc,phases      ] GC(1315) Phase 3: Adjust pointers 20.885ms
[191.272s][info][gc,phases,start] GC(1315) Phase 4: Move objects
[191.272s][info][gc,phases      ] GC(1315) Phase 4: Move objects 0.009ms
[191.272s][info][gc,heap        ] GC(1315) DefNew: 546813K(629120K)->0K(629120K) Eden: 546345K(559232K)->0K(559232K) From: 467K(69888K)->0K(69888K)
[191.272s][info][gc,heap        ] GC(1315) Tenured: 85058K(1398144K)->85058K(1398144K)
[191.272s][info][gc,metaspace   ] GC(1315) Metaspace: 11863K(12160K)->11863K(12160K) NonClass: 10334K(10496K)->10334K(10496K) Class: 1528K(1664K)->1528K(1664K)
[191.272s][info][gc             ] GC(1315) Pause Full (System.gc()) 617M->83M(1979M) 128.264ms
[191.272s][info][gc,cpu         ] GC(1315) User=0.11s Sys=0.00s Real=0.12s
[191.413s][info][gc,start       ] GC(1316) Pause Young (Allocation Failure)
[191.414s][info][gc,heap        ] GC(1316) DefNew: 559232K(629120K)->405K(629120K) Eden: 559232K(559232K)->0K(559232K) From: 0K(69888K)->405K(69888K)
[191.414s][info][gc,heap        ] GC(1316) Tenured: 85058K(1398144K)->85058K(1398144K)
[191.414s][info][gc,metaspace   ] GC(1316) Metaspace: 11864K(12160K)->11864K(12160K) NonClass: 10335K(10496K)->10335K(10496K) Class: 1528K(1664K)->1528K(1664K)
[191.414s][info][gc             ] GC(1316) Pause Young (Allocation Failure) 629M->83M(1979M) 0.494ms
[191.414s][info][gc,cpu         ] GC(1316) User=0.00s Sys=0.00s Real=0.00s
[191.554s][info][gc,start       ] GC(1317) Pause Young (Allocation Failure)
[191.554s][info][gc,heap        ] GC(1317) DefNew: 559637K(629120K)->892K(629120K) Eden: 559232K(559232K)->0K(559232K) From: 405K(69888K)->892K(69888K)
[191.554s][info][gc,heap        ] GC(1317) Tenured: 85058K(1398144K)->85058K(1398144K)
[191.554s][info][gc,metaspace   ] GC(1317) Metaspace: 11864K(12160K)->11864K(12160K) NonClass: 10335K(10496K)->10335K(10496K) Class: 1528K(1664K)->1528K(1664K)
[191.554s][info][gc             ] GC(1317) Pause Young (Allocation Failure) 629M->83M(1979M) 0.620ms
[191.554s][info][gc,cpu         ] GC(1317) User=0.00s Sys=0.00s Real=0.00s
[191.689s][info][gc,start       ] GC(1318) Pause Young (Allocation Failure)
[191.690s][info][gc,heap        ] GC(1318) DefNew: 560118K(629120K)->1499K(629120K) Eden: 559226K(559232K)->0K(559232K) From: 892K(69888K)->1499K(69888K)
[191.690s][info][gc,heap        ] GC(1318) Tenured: 85058K(1398144K)->85058K(1398144K)
[191.690s][info][gc,metaspace   ] GC(1318) Metaspace: 11864K(12160K)->11864K(12160K) NonClass: 10335K(10496K)->10335K(10496K) Class: 1528K(1664K)->1528K(1664K)
[191.690s][info][gc             ] GC(1318) Pause Young (Allocation Failure) 630M->84M(1979M) 0.850ms
[191.690s][info][gc,cpu         ] GC(1318) User=0.00s Sys=0.00s Real=0.00s
[191.825s][info][gc,start       ] GC(1319) Pause Young (Allocation Failure)
[191.825s][info][gc,heap        ] GC(1319) DefNew: 560731K(629120K)->1723K(629120K) Eden: 559232K(559232K)->0K(559232K) From: 1499K(69888K)->1723K(69888K)
[191.826s][info][gc,heap        ] GC(1319) Tenured: 85058K(1398144K)->85058K(1398144K)
[191.826s][info][gc,metaspace   ] GC(1319) Metaspace: 11864K(12160K)->11864K(12160K) NonClass: 10335K(10496K)->10335K(10496K) Class: 1528K(1664K)->1528K(1664K)
[191.826s][info][gc             ] GC(1319) Pause Young (Allocation Failure) 630M->84M(1979M) 0.965ms
[191.826s][info][gc,cpu         ] GC(1319) User=0.00s Sys=0.00s Real=0.02s
[191.960s][info][gc,start       ] GC(1320) Pause Young (Allocation Failure)
[191.961s][info][gc,heap        ] GC(1320) DefNew: 560955K(629120K)->2122K(629120K) Eden: 559232K(559232K)->0K(559232K) From: 1723K(69888K)->2122K(69888K)
[191.961s][info][gc,heap        ] GC(1320) Tenured: 85058K(1398144K)->85058K(1398144K)
[191.961s][info][gc,metaspace   ] GC(1320) Metaspace: 11864K(12160K)->11864K(12160K) NonClass: 10335K(10496K)->10335K(10496K) Class: 1528K(1664K)->1528K(1664K)
[191.961s][info][gc             ] GC(1320) Pause Young (Allocation Failure) 630M->85M(1979M) 1.111ms
[191.961s][info][gc,cpu         ] GC(1320) User=0.00s Sys=0.00s Real=0.00s
[192.096s][info][gc,start       ] GC(1321) Pause Young (Allocation Failure)
[192.097s][info][gc,heap        ] GC(1321) DefNew: 561354K(629120K)->2204K(629120K) Eden: 559232K(559232K)->0K(559232K) From: 2122K(69888K)->2204K(69888K)
[192.097s][info][gc,heap        ] GC(1321) Tenured: 85058K(1398144K)->85058K(1398144K)
[192.097s][info][gc,metaspace   ] GC(1321) Metaspace: 11864K(12160K)->11864K(12160K) NonClass: 10335K(10496K)->10335K(10496K) Class: 1528K(1664K)->1528K(1664K)
[192.097s][info][gc             ] GC(1321) Pause Young (Allocation Failure) 631M->85M(1979M) 1.097ms
[192.097s][info][gc,cpu         ] GC(1321) User=0.00s Sys=0.00s Real=0.00s
[192.230s][info][gc,start       ] GC(1322) Pause Young (Allocation Failure)
[192.231s][info][gc,heap        ] GC(1322) DefNew: 561416K(629120K)->2395K(629120K) Eden: 559212K(559232K)->0K(559232K) From: 2204K(69888K)->2395K(69888K)
[192.231s][info][gc,heap        ] GC(1322) Tenured: 85058K(1398144K)->85058K(1398144K)
[192.231s][info][gc,metaspace   ] GC(1322) Metaspace: 11864K(12160K)->11864K(12160K) NonClass: 10335K(10496K)->10335K(10496K) Class: 1528K(1664K)->1528K(1664K)
[192.231s][info][gc             ] GC(1322) Pause Young (Allocation Failure) 631M->85M(1979M) 1.204ms
[192.231s][info][gc,cpu         ] GC(1322) User=0.00s Sys=0.00s Real=0.00s
[192.370s][info][gc,start       ] GC(1323) Pause Young (Allocation Failure)
[192.370s][info][gc,heap        ] GC(1323) DefNew: 561627K(629120K)->91K(629120K) Eden: 559232K(559232K)->0K(559232K) From: 2395K(69888K)->91K(69888K)
[192.370s][info][gc,heap        ] GC(1323) Tenured: 85058K(1398144K)->85058K(1398144K)
[192.370s][info][gc,metaspace   ] GC(1323) Metaspace: 11864K(12160K)->11864K(12160K) NonClass: 10335K(10496K)->10335K(10496K) Class: 1528K(1664K)->1528K(1664K)
[192.370s][info][gc             ] GC(1323) Pause Young (Allocation Failure) 631M->83M(1979M) 0.408ms
[192.370s][info][gc,cpu         ] GC(1323) User=0.00s Sys=0.00s Real=0.00s
[192.509s][info][gc,start       ] GC(1324) Pause Young (Allocation Failure)
[192.509s][info][gc,heap        ] GC(1324) DefNew: 559323K(629120K)->407K(629120K) Eden: 559232K(559232K)->0K(559232K) From: 91K(69888K)->407K(69888K)
[192.509s][info][gc,heap        ] GC(1324) Tenured: 85058K(1398144K)->85058K(1398144K)
[192.509s][info][gc,metaspace   ] GC(1324) Metaspace: 11864K(12160K)->11864K(12160K) NonClass: 10335K(10496K)->10335K(10496K) Class: 1528K(1664K)->1528K(1664K)
[192.509s][info][gc             ] GC(1324) Pause Young (Allocation Failure) 629M->83M(1979M) 0.616ms
[192.509s][info][gc,cpu         ] GC(1324) User=0.00s Sys=0.00s Real=0.00s
[192.646s][info][gc,start       ] GC(1325) Pause Young (Allocation Failure)
[192.646s][info][gc,heap        ] GC(1325) DefNew: 559639K(629120K)->908K(629120K) Eden: 559232K(559232K)->0K(559232K) From: 407K(69888K)->908K(69888K)
[192.646s][info][gc,heap        ] GC(1325) Tenured: 85058K(1398144K)->85058K(1398144K)
[192.646s][info][gc,metaspace   ] GC(1325) Metaspace: 11864K(12160K)->11864K(12160K) NonClass: 10335K(10496K)->10335K(10496K) Class: 1528K(1664K)->1528K(1664K)
[192.646s][info][gc             ] GC(1325) Pause Young (Allocation Failure) 629M->83M(1979M) 0.675ms
[192.646s][info][gc,cpu         ] GC(1325) User=0.00s Sys=0.00s Real=0.00s
[192.781s][info][gc,start       ] GC(1326) Pause Young (Allocation Failure)
[192.782s][info][gc,heap        ] GC(1326) DefNew: 560140K(629120K)->1156K(629120K) Eden: 559232K(559232K)->0K(559232K) From: 908K(69888K)->1156K(69888K)
[192.782s][info][gc,heap        ] GC(1326) Tenured: 85058K(1398144K)->85058K(1398144K)
[192.782s][info][gc,metaspace   ] GC(1326) Metaspace: 11864K(12160K)->11864K(12160K) NonClass: 10335K(10496K)->10335K(10496K) Class: 1528K(1664K)->1528K(1664K)
[192.782s][info][gc             ] GC(1326) Pause Young (Allocation Failure) 630M->84M(1979M) 0.706ms
[192.782s][info][gc,cpu         ] GC(1326) User=0.00s Sys=0.00s Real=0.00s
[192.916s][info][gc,start       ] GC(1327) Pause Young (Allocation Failure)
[192.917s][info][gc,heap        ] GC(1327) DefNew: 560388K(629120K)->1443K(629120K) Eden: 559232K(559232K)->0K(559232K) From: 1156K(69888K)->1443K(69888K)
[192.917s][info][gc,heap        ] GC(1327) Tenured: 85058K(1398144K)->85058K(1398144K)
[192.917s][info][gc,metaspace   ] GC(1327) Metaspace: 11864K(12160K)->11864K(12160K) NonClass: 10335K(10496K)->10335K(10496K) Class: 1528K(1664K)->1528K(1664K)
[192.917s][info][gc             ] GC(1327) Pause Young (Allocation Failure) 630M->84M(1979M) 0.827ms
[192.917s][info][gc,cpu         ] GC(1327) User=0.00s Sys=0.00s Real=0.00s
[193.051s][info][gc,start       ] GC(1328) Pause Young (Allocation Failure)
[193.052s][info][gc,heap        ] GC(1328) DefNew: 560675K(629120K)->1908K(629120K) Eden: 559232K(559232K)->0K(559232K) From: 1443K(69888K)->1908K(69888K)
[193.052s][info][gc,heap        ] GC(1328) Tenured: 85058K(1398144K)->85058K(1398144K)
[193.052s][info][gc,metaspace   ] GC(1328) Metaspace: 11864K(12160K)->11864K(12160K) NonClass: 10335K(10496K)->10335K(10496K) Class: 1528K(1664K)->1528K(1664K)
[193.052s][info][gc             ] GC(1328) Pause Young (Allocation Failure) 630M->84M(1979M) 0.980ms
[193.052s][info][gc,cpu         ] GC(1328) User=0.00s Sys=0.00s Real=0.00s
[193.187s][info][gc,start       ] GC(1329) Pause Young (Allocation Failure)
[193.188s][info][gc,heap        ] GC(1329) DefNew: 560959K(629120K)->2478K(629120K) Eden: 559050K(559232K)->0K(559232K) From: 1908K(69888K)->2478K(69888K)
[193.188s][info][gc,heap        ] GC(1329) Tenured: 85058K(1398144K)->85058K(1398144K)
[193.188s][info][gc,metaspace   ] GC(1329) Metaspace: 11864K(12160K)->11864K(12160K) NonClass: 10335K(10496K)->10335K(10496K) Class: 1528K(1664K)->1528K(1664K)
[193.188s][info][gc             ] GC(1329) Pause Young (Allocation Failure) 630M->85M(1979M) 1.139ms
[193.188s][info][gc,cpu         ] GC(1329) User=0.00s Sys=0.00s Real=0.00s
[193.322s][info][gc,start       ] GC(1330) Pause Young (Allocation Failure)
[193.323s][info][gc,heap        ] GC(1330) DefNew: 561654K(629120K)->2446K(629120K) Eden: 559176K(559232K)->0K(559232K) From: 2478K(69888K)->2446K(69888K)
[193.323s][info][gc,heap        ] GC(1330) Tenured: 85058K(1398144K)->85058K(1398144K)
[193.323s][info][gc,metaspace   ] GC(1330) Metaspace: 11864K(12160K)->11864K(12160K) NonClass: 10335K(10496K)->10335K(10496K) Class: 1528K(1664K)->1528K(1664K)
[193.323s][info][gc             ] GC(1330) Pause Young (Allocation Failure) 631M->85M(1979M) 1.169ms
[193.323s][info][gc,cpu         ] GC(1330) User=0.00s Sys=0.00s Real=0.00s
[193.462s][info][gc,start       ] GC(1331) Pause Young (Allocation Failure)
[193.462s][info][gc,heap        ] GC(1331) DefNew: 561678K(629120K)->175K(629120K) Eden: 559232K(559232K)->0K(559232K) From: 2446K(69888K)->175K(69888K)
[193.462s][info][gc,heap        ] GC(1331) Tenured: 85058K(1398144K)->85058K(1398144K)
[193.462s][info][gc,metaspace   ] GC(1331) Metaspace: 11864K(12160K)->11864K(12160K) NonClass: 10335K(10496K)->10335K(10496K) Class: 1528K(1664K)->1528K(1664K)
[193.462s][info][gc             ] GC(1331) Pause Young (Allocation Failure) 631M->83M(1979M) 0.425ms
[193.462s][info][gc,cpu         ] GC(1331) User=0.00s Sys=0.00s Real=0.00s
[193.603s][info][gc,start       ] GC(1332) Pause Young (Allocation Failure)
[193.603s][info][gc,heap        ] GC(1332) DefNew: 559407K(629120K)->527K(629120K) Eden: 559232K(559232K)->0K(559232K) From: 175K(69888K)->527K(69888K)
[193.603s][info][gc,heap        ] GC(1332) Tenured: 85058K(1398144K)->85058K(1398144K)
[193.603s][info][gc,metaspace   ] GC(1332) Metaspace: 11864K(12160K)->11864K(12160K) NonClass: 10335K(10496K)->10335K(10496K) Class: 1528K(1664K)->1528K(1664K)
[193.603s][info][gc             ] GC(1332) Pause Young (Allocation Failure) 629M->83M(1979M) 0.536ms
[193.603s][info][gc,cpu         ] GC(1332) User=0.00s Sys=0.00s Real=0.00s
[193.737s][info][gc,start       ] GC(1333) Pause Full (System.gc())
[193.737s][info][gc,phases,start] GC(1333) Phase 1: Mark live objects
[193.789s][info][gc,phases      ] GC(1333) Phase 1: Mark live objects 52.345ms
[193.789s][info][gc,phases,start] GC(1333) Phase 2: Compute new object addresses
[193.844s][info][gc,phases      ] GC(1333) Phase 2: Compute new object addresses 54.691ms
[193.844s][info][gc,phases,start] GC(1333) Phase 3: Adjust pointers
[193.865s][info][gc,phases      ] GC(1333) Phase 3: Adjust pointers 21.031ms
[193.865s][info][gc,phases,start] GC(1333) Phase 4: Move objects
[193.865s][info][gc,phases      ] GC(1333) Phase 4: Move objects 0.009ms
[193.865s][info][gc,heap        ] GC(1333) DefNew: 545002K(629120K)->0K(629120K) Eden: 544475K(559232K)->0K(559232K) From: 527K(69888K)->0K(69888K)
[193.865s][info][gc,heap        ] GC(1333) Tenured: 85058K(1398144K)->85058K(1398144K)
[193.865s][info][gc,metaspace   ] GC(1333) Metaspace: 11864K(12160K)->11864K(12160K) NonClass: 10335K(10496K)->10335K(10496K) Class: 1528K(1664K)->1528K(1664K)
[193.865s][info][gc             ] GC(1333) Pause Full (System.gc()) 615M->83M(1979M) 128.368ms
[193.865s][info][gc,cpu         ] GC(1333) User=0.12s Sys=0.00s Real=0.12s
[194.008s][info][gc,start       ] GC(1334) Pause Young (Allocation Failure)
[194.008s][info][gc,heap        ] GC(1334) DefNew: 559232K(629120K)->469K(629120K) Eden: 559232K(559232K)->0K(559232K) From: 0K(69888K)->469K(69888K)
[194.008s][info][gc,heap        ] GC(1334) Tenured: 85058K(1398144K)->85058K(1398144K)
[194.008s][info][gc,metaspace   ] GC(1334) Metaspace: 11864K(12160K)->11864K(12160K) NonClass: 10335K(10496K)->10335K(10496K) Class: 1528K(1664K)->1528K(1664K)
[194.008s][info][gc             ] GC(1334) Pause Young (Allocation Failure) 629M->83M(1979M) 0.533ms
[194.008s][info][gc,cpu         ] GC(1334) User=0.00s Sys=0.00s Real=0.00s
[194.143s][info][gc,start       ] GC(1335) Pause Young (Allocation Failure)
[194.143s][info][gc,heap        ] GC(1335) DefNew: 559701K(629120K)->930K(629120K) Eden: 559232K(559232K)->0K(559232K) From: 469K(69888K)->930K(69888K)
[194.143s][info][gc,heap        ] GC(1335) Tenured: 85058K(1398144K)->85058K(1398144K)
[194.143s][info][gc,metaspace   ] GC(1335) Metaspace: 11864K(12160K)->11864K(12160K) NonClass: 10335K(10496K)->10335K(10496K) Class: 1528K(1664K)->1528K(1664K)
[194.143s][info][gc             ] GC(1335) Pause Young (Allocation Failure) 629M->83M(1979M) 0.658ms
[194.143s][info][gc,cpu         ] GC(1335) User=0.00s Sys=0.00s Real=0.00s
[194.277s][info][gc,start       ] GC(1336) Pause Young (Allocation Failure)
[194.278s][info][gc,heap        ] GC(1336) DefNew: 560162K(629120K)->1608K(629120K) Eden: 559232K(559232K)->0K(559232K) From: 930K(69888K)->1608K(69888K)
[194.278s][info][gc,heap        ] GC(1336) Tenured: 85058K(1398144K)->85058K(1398144K)
[194.278s][info][gc,metaspace   ] GC(1336) Metaspace: 11864K(12160K)->11864K(12160K) NonClass: 10335K(10496K)->10335K(10496K) Class: 1528K(1664K)->1528K(1664K)
[194.278s][info][gc             ] GC(1336) Pause Young (Allocation Failure) 630M->84M(1979M) 0.865ms
[194.278s][info][gc,cpu         ] GC(1336) User=0.00s Sys=0.00s Real=0.00s
[194.413s][info][gc,start       ] GC(1337) Pause Young (Allocation Failure)
[194.413s][info][gc,heap        ] GC(1337) DefNew: 560840K(629120K)->1750K(629120K) Eden: 559232K(559232K)->0K(559232K) From: 1608K(69888K)->1750K(69888K)
[194.413s][info][gc,heap        ] GC(1337) Tenured: 85058K(1398144K)->85058K(1398144K)
[194.413s][info][gc,metaspace   ] GC(1337) Metaspace: 11864K(12160K)->11864K(12160K) NonClass: 10335K(10496K)->10335K(10496K) Class: 1528K(1664K)->1528K(1664K)
[194.413s][info][gc             ] GC(1337) Pause Young (Allocation Failure) 630M->84M(1979M) 0.911ms
[194.413s][info][gc,cpu         ] GC(1337) User=0.00s Sys=0.00s Real=0.00s
[194.554s][info][gc,start       ] GC(1338) Pause Young (Allocation Failure)
[194.555s][info][gc,heap        ] GC(1338) DefNew: 560982K(629120K)->2096K(629120K) Eden: 559232K(559232K)->0K(559232K) From: 1750K(69888K)->2096K(69888K)
[194.555s][info][gc,heap        ] GC(1338) Tenured: 85058K(1398144K)->85058K(1398144K)
[194.555s][info][gc,metaspace   ] GC(1338) Metaspace: 11864K(12160K)->11864K(12160K) NonClass: 10335K(10496K)->10335K(10496K) Class: 1528K(1664K)->1528K(1664K)
[194.555s][info][gc             ] GC(1338) Pause Young (Allocation Failure) 630M->85M(1979M) 0.982ms
[194.555s][info][gc,cpu         ] GC(1338) User=0.00s Sys=0.00s Real=0.00s
[194.690s][info][gc,start       ] GC(1339) Pause Young (Allocation Failure)
[194.691s][info][gc,heap        ] GC(1339) DefNew: 561249K(629120K)->3030K(629120K) Eden: 559153K(559232K)->0K(559232K) From: 2096K(69888K)->3030K(69888K)
[194.691s][info][gc,heap        ] GC(1339) Tenured: 85058K(1398144K)->85058K(1398144K)
[194.691s][info][gc,metaspace   ] GC(1339) Metaspace: 11864K(12160K)->11864K(12160K) NonClass: 10335K(10496K)->10335K(10496K) Class: 1528K(1664K)->1528K(1664K)
[194.691s][info][gc             ] GC(1339) Pause Young (Allocation Failure) 631M->86M(1979M) 1.424ms
[194.691s][info][gc,cpu         ] GC(1339) User=0.00s Sys=0.00s Real=0.00s
[194.828s][info][gc,start       ] GC(1340) Pause Young (Allocation Failure)
[194.829s][info][gc,heap        ] GC(1340) DefNew: 562262K(629120K)->1959K(629120K) Eden: 559232K(559232K)->0K(559232K) From: 3030K(69888K)->1959K(69888K)
[194.829s][info][gc,heap        ] GC(1340) Tenured: 85058K(1398144K)->85058K(1398144K)
[194.829s][info][gc,metaspace   ] GC(1340) Metaspace: 11864K(12160K)->11864K(12160K) NonClass: 10335K(10496K)->10335K(10496K) Class: 1528K(1664K)->1528K(1664K)
[194.829s][info][gc             ] GC(1340) Pause Young (Allocation Failure) 632M->84M(1979M) 0.875ms
[194.829s][info][gc,cpu         ] GC(1340) User=0.00s Sys=0.00s Real=0.00s
[194.971s][info][gc,start       ] GC(1341) Pause Young (Allocation Failure)
[194.972s][info][gc,heap        ] GC(1341) DefNew: 561191K(629120K)->470K(629120K) Eden: 559232K(559232K)->0K(559232K) From: 1959K(69888K)->470K(69888K)
[194.972s][info][gc,heap        ] GC(1341) Tenured: 85058K(1398144K)->85058K(1398144K)
[194.972s][info][gc,metaspace   ] GC(1341) Metaspace: 11864K(12160K)->11864K(12160K) NonClass: 10335K(10496K)->10335K(10496K) Class: 1528K(1664K)->1528K(1664K)
[194.972s][info][gc             ] GC(1341) Pause Young (Allocation Failure) 631M->83M(1979M) 0.635ms
[194.972s][info][gc,cpu         ] GC(1341) User=0.00s Sys=0.00s Real=0.00s
[195.118s][info][gc,start       ] GC(1342) Pause Young (Allocation Failure)
[195.119s][info][gc,heap        ] GC(1342) DefNew: 559702K(629120K)->789K(629120K) Eden: 559232K(559232K)->0K(559232K) From: 470K(69888K)->789K(69888K)
[195.119s][info][gc,heap        ] GC(1342) Tenured: 85058K(1398144K)->85058K(1398144K)
[195.119s][info][gc,metaspace   ] GC(1342) Metaspace: 11864K(12160K)->11864K(12160K) NonClass: 10335K(10496K)->10335K(10496K) Class: 1528K(1664K)->1528K(1664K)
[195.119s][info][gc             ] GC(1342) Pause Young (Allocation Failure) 629M->83M(1979M) 0.626ms
[195.119s][info][gc,cpu         ] GC(1342) User=0.00s Sys=0.00s Real=0.00s
[195.259s][info][gc,start       ] GC(1343) Pause Young (Allocation Failure)
[195.260s][info][gc,heap        ] GC(1343) DefNew: 560021K(629120K)->1191K(629120K) Eden: 559232K(559232K)->0K(559232K) From: 789K(69888K)->1191K(69888K)
[195.260s][info][gc,heap        ] GC(1343) Tenured: 85058K(1398144K)->85058K(1398144K)
[195.260s][info][gc,metaspace   ] GC(1343) Metaspace: 11864K(12160K)->11864K(12160K) NonClass: 10335K(10496K)->10335K(10496K) Class: 1528K(1664K)->1528K(1664K)
[195.260s][info][gc             ] GC(1343) Pause Young (Allocation Failure) 629M->84M(1979M) 0.731ms
[195.260s][info][gc,cpu         ] GC(1343) User=0.00s Sys=0.00s Real=0.00s
[195.401s][info][gc,start       ] GC(1344) Pause Young (Allocation Failure)
[195.402s][info][gc,heap        ] GC(1344) DefNew: 560423K(629120K)->1825K(629120K) Eden: 559232K(559232K)->0K(559232K) From: 1191K(69888K)->1825K(69888K)
[195.402s][info][gc,heap        ] GC(1344) Tenured: 85058K(1398144K)->85058K(1398144K)
[195.402s][info][gc,metaspace   ] GC(1344) Metaspace: 11864K(12160K)->11864K(12160K) NonClass: 10335K(10496K)->10335K(10496K) Class: 1528K(1664K)->1528K(1664K)
[195.402s][info][gc             ] GC(1344) Pause Young (Allocation Failure) 630M->84M(1979M) 1.001ms
[195.402s][info][gc,cpu         ] GC(1344) User=0.00s Sys=0.00s Real=0.00s
[195.550s][info][gc,start       ] GC(1345) Pause Young (Allocation Failure)
[195.551s][info][gc,heap        ] GC(1345) DefNew: 561057K(629120K)->1964K(629120K) Eden: 559232K(559232K)->0K(559232K) From: 1825K(69888K)->1964K(69888K)
[195.551s][info][gc,heap        ] GC(1345) Tenured: 85058K(1398144K)->85058K(1398144K)
[195.551s][info][gc,metaspace   ] GC(1345) Metaspace: 11864K(12160K)->11864K(12160K) NonClass: 10335K(10496K)->10335K(10496K) Class: 1528K(1664K)->1528K(1664K)
[195.551s][info][gc             ] GC(1345) Pause Young (Allocation Failure) 630M->84M(1979M) 1.062ms
[195.551s][info][gc,cpu         ] GC(1345) User=0.00s Sys=0.00s Real=0.00s
[195.692s][info][gc,start       ] GC(1346) Pause Young (Allocation Failure)
[195.693s][info][gc,heap        ] GC(1346) DefNew: 561196K(629120K)->2339K(629120K) Eden: 559232K(559232K)->0K(559232K) From: 1964K(69888K)->2339K(69888K)
[195.693s][info][gc,heap        ] GC(1346) Tenured: 85058K(1398144K)->85058K(1398144K)
[195.693s][info][gc,metaspace   ] GC(1346) Metaspace: 11864K(12160K)->11864K(12160K) NonClass: 10335K(10496K)->10335K(10496K) Class: 1528K(1664K)->1528K(1664K)
[195.693s][info][gc             ] GC(1346) Pause Young (Allocation Failure) 631M->85M(1979M) 1.167ms
[195.693s][info][gc,cpu         ] GC(1346) User=0.00s Sys=0.00s Real=0.00s
[195.834s][info][gc,start       ] GC(1347) Pause Young (Allocation Failure)
[195.835s][info][gc,heap        ] GC(1347) DefNew: 561516K(629120K)->2838K(629120K) Eden: 559176K(559232K)->0K(559232K) From: 2339K(69888K)->2838K(69888K)
[195.835s][info][gc,heap        ] GC(1347) Tenured: 85058K(1398144K)->85058K(1398144K)
[195.835s][info][gc,metaspace   ] GC(1347) Metaspace: 11864K(12160K)->11864K(12160K) NonClass: 10335K(10496K)->10335K(10496K) Class: 1528K(1664K)->1528K(1664K)
[195.835s][info][gc             ] GC(1347) Pause Young (Allocation Failure) 631M->85M(1979M) 1.322ms
[195.835s][info][gc,cpu         ] GC(1347) User=0.00s Sys=0.00s Real=0.00s
[195.973s][info][gc,start       ] GC(1348) Pause Young (Allocation Failure)
[195.974s][info][gc,heap        ] GC(1348) DefNew: 562070K(629120K)->88K(629120K) Eden: 559232K(559232K)->0K(559232K) From: 2838K(69888K)->88K(69888K)
[195.974s][info][gc,heap        ] GC(1348) Tenured: 85058K(1398144K)->85058K(1398144K)
[195.974s][info][gc,metaspace   ] GC(1348) Metaspace: 11864K(12160K)->11864K(12160K) NonClass: 10335K(10496K)->10335K(10496K) Class: 1528K(1664K)->1528K(1664K)
[195.974s][info][gc             ] GC(1348) Pause Young (Allocation Failure) 631M->83M(1979M) 0.390ms
[195.974s][info][gc,cpu         ] GC(1348) User=0.00s Sys=0.00s Real=0.00s
[196.108s][info][gc,start       ] GC(1349) Pause Young (Allocation Failure)
[196.109s][info][gc,heap        ] GC(1349) DefNew: 559320K(629120K)->618K(629120K) Eden: 559232K(559232K)->0K(559232K) From: 88K(69888K)->618K(69888K)
[196.109s][info][gc,heap        ] GC(1349) Tenured: 85058K(1398144K)->85059K(1398144K)
[196.109s][info][gc,metaspace   ] GC(1349) Metaspace: 11864K(12160K)->11864K(12160K) NonClass: 10335K(10496K)->10335K(10496K) Class: 1528K(1664K)->1528K(1664K)
[196.109s][info][gc             ] GC(1349) Pause Young (Allocation Failure) 629M->83M(1979M) 0.549ms
[196.109s][info][gc,cpu         ] GC(1349) User=0.00s Sys=0.00s Real=0.00s
[196.243s][info][gc,start       ] GC(1350) Pause Young (Allocation Failure)
[196.244s][info][gc,heap        ] GC(1350) DefNew: 559850K(629120K)->886K(629120K) Eden: 559232K(559232K)->0K(559232K) From: 618K(69888K)->886K(69888K)
[196.244s][info][gc,heap        ] GC(1350) Tenured: 85059K(1398144K)->85059K(1398144K)
[196.244s][info][gc,metaspace   ] GC(1350) Metaspace: 11864K(12160K)->11864K(12160K) NonClass: 10335K(10496K)->10335K(10496K) Class: 1528K(1664K)->1528K(1664K)
[196.244s][info][gc             ] GC(1350) Pause Young (Allocation Failure) 629M->83M(1979M) 0.664ms
[196.244s][info][gc,cpu         ] GC(1350) User=0.00s Sys=0.00s Real=0.00s
[196.376s][info][gc,start       ] GC(1351) Pause Full (System.gc())
[196.376s][info][gc,phases,start] GC(1351) Phase 1: Mark live objects
[196.428s][info][gc,phases      ] GC(1351) Phase 1: Mark live objects 51.879ms
[196.428s][info][gc,phases,start] GC(1351) Phase 2: Compute new object addresses
[196.483s][info][gc,phases      ] GC(1351) Phase 2: Compute new object addresses 54.663ms
[196.483s][info][gc,phases,start] GC(1351) Phase 3: Adjust pointers
[196.504s][info][gc,phases      ] GC(1351) Phase 3: Adjust pointers 21.453ms
[196.504s][info][gc,phases,start] GC(1351) Phase 4: Move objects
[196.504s][info][gc,phases      ] GC(1351) Phase 4: Move objects 0.008ms
[196.504s][info][gc,heap        ] GC(1351) DefNew: 539848K(629120K)->0K(629120K) Eden: 538962K(559232K)->0K(559232K) From: 886K(69888K)->0K(69888K)
[196.504s][info][gc,heap        ] GC(1351) Tenured: 85059K(1398144K)->85057K(1398144K)
[196.504s][info][gc,metaspace   ] GC(1351) Metaspace: 11864K(12160K)->11864K(12160K) NonClass: 10335K(10496K)->10335K(10496K) Class: 1528K(1664K)->1528K(1664K)
[196.504s][info][gc             ] GC(1351) Pause Full (System.gc()) 610M->83M(1979M) 128.299ms
[196.504s][info][gc,cpu         ] GC(1351) User=0.14s Sys=0.00s Real=0.14s
[196.647s][info][gc,start       ] GC(1352) Pause Young (Allocation Failure)
[196.647s][info][gc,heap        ] GC(1352) DefNew: 559232K(629120K)->448K(629120K) Eden: 559232K(559232K)->0K(559232K) From: 0K(69888K)->448K(69888K)
[196.647s][info][gc,heap        ] GC(1352) Tenured: 85057K(1398144K)->85057K(1398144K)
[196.647s][info][gc,metaspace   ] GC(1352) Metaspace: 11864K(12160K)->11864K(12160K) NonClass: 10335K(10496K)->10335K(10496K) Class: 1528K(1664K)->1528K(1664K)
[196.647s][info][gc             ] GC(1352) Pause Young (Allocation Failure) 629M->83M(1979M) 0.504ms
[196.647s][info][gc,cpu         ] GC(1352) User=0.00s Sys=0.00s Real=0.00s
[196.783s][info][gc,start       ] GC(1353) Pause Young (Allocation Failure)
[196.784s][info][gc,heap        ] GC(1353) DefNew: 559680K(629120K)->942K(629120K) Eden: 559232K(559232K)->0K(559232K) From: 448K(69888K)->942K(69888K)
[196.784s][info][gc,heap        ] GC(1353) Tenured: 85057K(1398144K)->85057K(1398144K)
[196.784s][info][gc,metaspace   ] GC(1353) Metaspace: 11864K(12160K)->11864K(12160K) NonClass: 10335K(10496K)->10335K(10496K) Class: 1528K(1664K)->1528K(1664K)
[196.784s][info][gc             ] GC(1353) Pause Young (Allocation Failure) 629M->83M(1979M) 0.681ms
[196.784s][info][gc,cpu         ] GC(1353) User=0.00s Sys=0.00s Real=0.00s
[196.918s][info][gc,start       ] GC(1354) Pause Young (Allocation Failure)
[196.919s][info][gc,heap        ] GC(1354) DefNew: 560174K(629120K)->1500K(629120K) Eden: 559232K(559232K)->0K(559232K) From: 942K(69888K)->1500K(69888K)
[196.919s][info][gc,heap        ] GC(1354) Tenured: 85057K(1398144K)->85057K(1398144K)
[196.919s][info][gc,metaspace   ] GC(1354) Metaspace: 11864K(12160K)->11864K(12160K) NonClass: 10335K(10496K)->10335K(10496K) Class: 1528K(1664K)->1528K(1664K)
[196.919s][info][gc             ] GC(1354) Pause Young (Allocation Failure) 630M->84M(1979M) 0.821ms
[196.919s][info][gc,cpu         ] GC(1354) User=0.00s Sys=0.00s Real=0.00s
[197.053s][info][gc,start       ] GC(1355) Pause Young (Allocation Failure)
[197.054s][info][gc,heap        ] GC(1355) DefNew: 560641K(629120K)->1916K(629120K) Eden: 559140K(559232K)->0K(559232K) From: 1500K(69888K)->1916K(69888K)
[197.054s][info][gc,heap        ] GC(1355) Tenured: 85057K(1398144K)->85057K(1398144K)
[197.054s][info][gc,metaspace   ] GC(1355) Metaspace: 11864K(12160K)->11864K(12160K) NonClass: 10335K(10496K)->10335K(10496K) Class: 1528K(1664K)->1528K(1664K)
[197.054s][info][gc             ] GC(1355) Pause Young (Allocation Failure) 630M->84M(1979M) 1.059ms
[197.054s][info][gc,cpu         ] GC(1355) User=0.00s Sys=0.00s Real=0.02s
[197.190s][info][gc,start       ] GC(1356) Pause Young (Allocation Failure)
[197.190s][info][gc,heap        ] GC(1356) DefNew: 561148K(629120K)->1992K(629120K) Eden: 559232K(559232K)->0K(559232K) From: 1916K(69888K)->1992K(69888K)
[197.191s][info][gc,heap        ] GC(1356) Tenured: 85057K(1398144K)->85057K(1398144K)
[197.191s][info][gc,metaspace   ] GC(1356) Metaspace: 11864K(12160K)->11864K(12160K) NonClass: 10335K(10496K)->10335K(10496K) Class: 1528K(1664K)->1528K(1664K)
[197.191s][info][gc             ] GC(1356) Pause Young (Allocation Failure) 631M->85M(1979M) 0.920ms
[197.191s][info][gc,cpu         ] GC(1356) User=0.00s Sys=0.00s Real=0.00s
[197.325s][info][gc,start       ] GC(1357) Pause Young (Allocation Failure)
[197.326s][info][gc,heap        ] GC(1357) DefNew: 561224K(629120K)->2297K(629120K) Eden: 559232K(559232K)->0K(559232K) From: 1992K(69888K)->2297K(69888K)
[197.326s][info][gc,heap        ] GC(1357) Tenured: 85057K(1398144K)->85057K(1398144K)
[197.326s][info][gc,metaspace   ] GC(1357) Metaspace: 11864K(12160K)->11864K(12160K) NonClass: 10335K(10496K)->10335K(10496K) Class: 1528K(1664K)->1528K(1664K)
[197.326s][info][gc             ] GC(1357) Pause Young (Allocation Failure) 631M->85M(1979M) 1.104ms
[197.326s][info][gc,cpu         ] GC(1357) User=0.00s Sys=0.00s Real=0.00s
[197.462s][info][gc,start       ] GC(1358) Pause Young (Allocation Failure)
[197.463s][info][gc,heap        ] GC(1358) DefNew: 561529K(629120K)->1961K(629120K) Eden: 559232K(559232K)->0K(559232K) From: 2297K(69888K)->1961K(69888K)
[197.463s][info][gc,heap        ] GC(1358) Tenured: 85057K(1398144K)->85057K(1398144K)
[197.463s][info][gc,metaspace   ] GC(1358) Metaspace: 11864K(12160K)->11864K(12160K) NonClass: 10335K(10496K)->10335K(10496K) Class: 1528K(1664K)->1528K(1664K)
[197.463s][info][gc             ] GC(1358) Pause Young (Allocation Failure) 631M->84M(1979M) 0.876ms
[197.463s][info][gc,cpu         ] GC(1358) User=0.00s Sys=0.00s Real=0.00s
[197.606s][info][gc,start       ] GC(1359) Pause Young (Allocation Failure)
[197.607s][info][gc,heap        ] GC(1359) DefNew: 561193K(629120K)->475K(629120K) Eden: 559232K(559232K)->0K(559232K) From: 1961K(69888K)->475K(69888K)
[197.607s][info][gc,heap        ] GC(1359) Tenured: 85057K(1398144K)->85057K(1398144K)
[197.607s][info][gc,metaspace   ] GC(1359) Metaspace: 11864K(12160K)->11864K(12160K) NonClass: 10335K(10496K)->10335K(10496K) Class: 1528K(1664K)->1528K(1664K)
[197.607s][info][gc             ] GC(1359) Pause Young (Allocation Failure) 631M->83M(1979M) 0.548ms
[197.607s][info][gc,cpu         ] GC(1359) User=0.00s Sys=0.00s Real=0.00s
[197.742s][info][gc,start       ] GC(1360) Pause Young (Allocation Failure)
[197.743s][info][gc,heap        ] GC(1360) DefNew: 559707K(629120K)->888K(629120K) Eden: 559232K(559232K)->0K(559232K) From: 475K(69888K)->888K(69888K)
[197.743s][info][gc,heap        ] GC(1360) Tenured: 85057K(1398144K)->85057K(1398144K)
[197.743s][info][gc,metaspace   ] GC(1360) Metaspace: 11864K(12160K)->11864K(12160K) NonClass: 10335K(10496K)->10335K(10496K) Class: 1528K(1664K)->1528K(1664K)
[197.743s][info][gc             ] GC(1360) Pause Young (Allocation Failure) 629M->83M(1979M) 0.628ms
[197.743s][info][gc,cpu         ] GC(1360) User=0.00s Sys=0.00s Real=0.00s
[197.877s][info][gc,start       ] GC(1361) Pause Young (Allocation Failure)
[197.878s][info][gc,heap        ] GC(1361) DefNew: 560120K(629120K)->1174K(629120K) Eden: 559232K(559232K)->0K(559232K) From: 888K(69888K)->1174K(69888K)
[197.878s][info][gc,heap        ] GC(1361) Tenured: 85057K(1398144K)->85057K(1398144K)
[197.878s][info][gc,metaspace   ] GC(1361) Metaspace: 11864K(12160K)->11864K(12160K) NonClass: 10335K(10496K)->10335K(10496K) Class: 1528K(1664K)->1528K(1664K)
[197.878s][info][gc             ] GC(1361) Pause Young (Allocation Failure) 630M->84M(1979M) 0.726ms
[197.878s][info][gc,cpu         ] GC(1361) User=0.00s Sys=0.00s Real=0.00s
[198.012s][info][gc,start       ] GC(1362) Pause Young (Allocation Failure)
[198.013s][info][gc,heap        ] GC(1362) DefNew: 560406K(629120K)->1603K(629120K) Eden: 559232K(559232K)->0K(559232K) From: 1174K(69888K)->1603K(69888K)
[198.013s][info][gc,heap        ] GC(1362) Tenured: 85057K(1398144K)->85057K(1398144K)
[198.013s][info][gc,metaspace   ] GC(1362) Metaspace: 11864K(12160K)->11864K(12160K) NonClass: 10335K(10496K)->10335K(10496K) Class: 1528K(1664K)->1528K(1664K)
[198.013s][info][gc             ] GC(1362) Pause Young (Allocation Failure) 630M->84M(1979M) 0.836ms
[198.013s][info][gc,cpu         ] GC(1362) User=0.00s Sys=0.00s Real=0.00s
[198.146s][info][gc,start       ] GC(1363) Pause Young (Allocation Failure)
[198.147s][info][gc,heap        ] GC(1363) DefNew: 560835K(629120K)->1755K(629120K) Eden: 559232K(559232K)->0K(559232K) From: 1603K(69888K)->1755K(69888K)
[198.147s][info][gc,heap        ] GC(1363) Tenured: 85057K(1398144K)->85057K(1398144K)
[198.147s][info][gc,metaspace   ] GC(1363) Metaspace: 11864K(12160K)->11864K(12160K) NonClass: 10335K(10496K)->10335K(10496K) Class: 1528K(1664K)->1528K(1664K)
[198.147s][info][gc             ] GC(1363) Pause Young (Allocation Failure) 630M->84M(1979M) 0.931ms
[198.147s][info][gc,cpu         ] GC(1363) User=0.00s Sys=0.00s Real=0.00s
[198.282s][info][gc,start       ] GC(1364) Pause Young (Allocation Failure)
[198.283s][info][gc,heap        ] GC(1364) DefNew: 560987K(629120K)->2381K(629120K) Eden: 559232K(559232K)->0K(559232K) From: 1755K(69888K)->2381K(69888K)
[198.283s][info][gc,heap        ] GC(1364) Tenured: 85057K(1398144K)->85057K(1398144K)
[198.283s][info][gc,metaspace   ] GC(1364) Metaspace: 11864K(12160K)->11864K(12160K) NonClass: 10335K(10496K)->10335K(10496K) Class: 1528K(1664K)->1528K(1664K)
[198.283s][info][gc             ] GC(1364) Pause Young (Allocation Failure) 630M->85M(1979M) 1.088ms
[198.283s][info][gc,cpu         ] GC(1364) User=0.00s Sys=0.00s Real=0.00s
[198.417s][info][gc,start       ] GC(1365) Pause Young (Allocation Failure)
[198.418s][info][gc,heap        ] GC(1365) DefNew: 561572K(629120K)->2436K(629120K) Eden: 559191K(559232K)->0K(559232K) From: 2381K(69888K)->2436K(69888K)
[198.418s][info][gc,heap        ] GC(1365) Tenured: 85057K(1398144K)->85057K(1398144K)
[198.418s][info][gc,metaspace   ] GC(1365) Metaspace: 11864K(12160K)->11864K(12160K) NonClass: 10335K(10496K)->10335K(10496K) Class: 1528K(1664K)->1528K(1664K)
[198.418s][info][gc             ] GC(1365) Pause Young (Allocation Failure) 631M->85M(1979M) 1.088ms
[198.418s][info][gc,cpu         ] GC(1365) User=0.00s Sys=0.00s Real=0.00s
[198.557s][info][gc,start       ] GC(1366) Pause Young (Allocation Failure)
[198.558s][info][gc,heap        ] GC(1366) DefNew: 561570K(629120K)->2496K(629120K) Eden: 559134K(559232K)->0K(559232K) From: 2436K(69888K)->2496K(69888K)
[198.558s][info][gc,heap        ] GC(1366) Tenured: 85057K(1398144K)->85057K(1398144K)
[198.558s][info][gc,metaspace   ] GC(1366) Metaspace: 11864K(12160K)->11864K(12160K) NonClass: 10335K(10496K)->10335K(10496K) Class: 1528K(1664K)->1528K(1664K)
[198.559s][info][gc             ] GC(1366) Pause Young (Allocation Failure) 631M->85M(1979M) 1.282ms
[198.559s][info][gc,cpu         ] GC(1366) User=0.00s Sys=0.00s Real=0.00s
[198.698s][info][gc,start       ] GC(1367) Pause Young (Allocation Failure)
[198.698s][info][gc,heap        ] GC(1367) DefNew: 561728K(629120K)->228K(629120K) Eden: 559232K(559232K)->0K(559232K) From: 2496K(69888K)->228K(69888K)
[198.698s][info][gc,heap        ] GC(1367) Tenured: 85057K(1398144K)->85058K(1398144K)
[198.698s][info][gc,metaspace   ] GC(1367) Metaspace: 11864K(12160K)->11864K(12160K) NonClass: 10335K(10496K)->10335K(10496K) Class: 1528K(1664K)->1528K(1664K)
[198.698s][info][gc             ] GC(1367) Pause Young (Allocation Failure) 631M->83M(1979M) 0.429ms
[198.698s][info][gc,cpu         ] GC(1367) User=0.00s Sys=0.00s Real=0.00s
[198.833s][info][gc,start       ] GC(1368) Pause Young (Allocation Failure)
[198.833s][info][gc,heap        ] GC(1368) DefNew: 559460K(629120K)->644K(629120K) Eden: 559232K(559232K)->0K(559232K) From: 228K(69888K)->644K(69888K)
[198.834s][info][gc,heap        ] GC(1368) Tenured: 85058K(1398144K)->85058K(1398144K)
[198.834s][info][gc,metaspace   ] GC(1368) Metaspace: 11864K(12160K)->11864K(12160K) NonClass: 10335K(10496K)->10335K(10496K) Class: 1528K(1664K)->1528K(1664K)
[198.834s][info][gc             ] GC(1368) Pause Young (Allocation Failure) 629M->83M(1979M) 0.550ms
[198.834s][info][gc,cpu         ] GC(1368) User=0.00s Sys=0.00s Real=0.00s
[198.966s][info][gc,start       ] GC(1369) Pause Full (System.gc())
[198.966s][info][gc,phases,start] GC(1369) Phase 1: Mark live objects
[199.019s][info][gc,phases      ] GC(1369) Phase 1: Mark live objects 53.070ms
[199.019s][info][gc,phases,start] GC(1369) Phase 2: Compute new object addresses
[199.073s][info][gc,phases      ] GC(1369) Phase 2: Compute new object addresses 54.096ms
[199.073s][info][gc,phases,start] GC(1369) Phase 3: Adjust pointers
[199.094s][info][gc,phases      ] GC(1369) Phase 3: Adjust pointers 21.058ms
[199.094s][info][gc,phases,start] GC(1369) Phase 4: Move objects
[199.094s][info][gc,phases      ] GC(1369) Phase 4: Move objects 0.009ms
[199.094s][info][gc,heap        ] GC(1369) DefNew: 543601K(629120K)->0K(629120K) Eden: 542956K(559232K)->0K(559232K) From: 644K(69888K)->0K(69888K)
[199.094s][info][gc,heap        ] GC(1369) Tenured: 85058K(1398144K)->85058K(1398144K)
[199.094s][info][gc,metaspace   ] GC(1369) Metaspace: 11864K(12160K)->11864K(12160K) NonClass: 10335K(10496K)->10335K(10496K) Class: 1528K(1664K)->1528K(1664K)
[199.094s][info][gc             ] GC(1369) Pause Full (System.gc()) 613M->83M(1979M) 128.526ms
[199.094s][info][gc,cpu         ] GC(1369) User=0.12s Sys=0.00s Real=0.14s
[199.237s][info][gc,start       ] GC(1370) Pause Young (Allocation Failure)
[199.237s][info][gc,heap        ] GC(1370) DefNew: 559232K(629120K)->438K(629120K) Eden: 559232K(559232K)->0K(559232K) From: 0K(69888K)->438K(69888K)
[199.237s][info][gc,heap        ] GC(1370) Tenured: 85058K(1398144K)->85058K(1398144K)
[199.237s][info][gc,metaspace   ] GC(1370) Metaspace: 11864K(12160K)->11864K(12160K) NonClass: 10335K(10496K)->10335K(10496K) Class: 1528K(1664K)->1528K(1664K)
[199.237s][info][gc             ] GC(1370) Pause Young (Allocation Failure) 629M->83M(1979M) 0.497ms
[199.237s][info][gc,cpu         ] GC(1370) User=0.00s Sys=0.00s Real=0.00s
[199.371s][info][gc,start       ] GC(1371) Pause Young (Allocation Failure)
[199.372s][info][gc,heap        ] GC(1371) DefNew: 559670K(629120K)->892K(629120K) Eden: 559232K(559232K)->0K(559232K) From: 438K(69888K)->892K(69888K)
[199.372s][info][gc,heap        ] GC(1371) Tenured: 85058K(1398144K)->85058K(1398144K)
[199.372s][info][gc,metaspace   ] GC(1371) Metaspace: 11864K(12160K)->11864K(12160K) NonClass: 10335K(10496K)->10335K(10496K) Class: 1528K(1664K)->1528K(1664K)
[199.372s][info][gc             ] GC(1371) Pause Young (Allocation Failure) 629M->83M(1979M) 0.666ms
[199.372s][info][gc,cpu         ] GC(1371) User=0.00s Sys=0.00s Real=0.00s
[199.513s][info][gc,start       ] GC(1372) Pause Young (Allocation Failure)
[199.514s][info][gc,heap        ] GC(1372) DefNew: 560124K(629120K)->1306K(629120K) Eden: 559232K(559232K)->0K(559232K) From: 892K(69888K)->1306K(69888K)
[199.514s][info][gc,heap        ] GC(1372) Tenured: 85058K(1398144K)->85058K(1398144K)
[199.514s][info][gc,metaspace   ] GC(1372) Metaspace: 11864K(12160K)->11864K(12160K) NonClass: 10335K(10496K)->10335K(10496K) Class: 1528K(1664K)->1528K(1664K)
[199.514s][info][gc             ] GC(1372) Pause Young (Allocation Failure) 630M->84M(1979M) 0.763ms
[199.514s][info][gc,cpu         ] GC(1372) User=0.00s Sys=0.00s Real=0.00s
[199.648s][info][gc,start       ] GC(1373) Pause Young (Allocation Failure)
[199.649s][info][gc,heap        ] GC(1373) DefNew: 560520K(629120K)->1810K(629120K) Eden: 559213K(559232K)->0K(559232K) From: 1306K(69888K)->1810K(69888K)
[199.649s][info][gc,heap        ] GC(1373) Tenured: 85058K(1398144K)->85058K(1398144K)
[199.649s][info][gc,metaspace   ] GC(1373) Metaspace: 11864K(12160K)->11864K(12160K) NonClass: 10335K(10496K)->10335K(10496K) Class: 1528K(1664K)->1528K(1664K)
[199.649s][info][gc             ] GC(1373) Pause Young (Allocation Failure) 630M->84M(1979M) 0.916ms
[199.649s][info][gc,cpu         ] GC(1373) User=0.00s Sys=0.00s Real=0.00s
[199.786s][info][gc,start       ] GC(1374) Pause Young (Allocation Failure)
[199.787s][info][gc,heap        ] GC(1374) DefNew: 561042K(629120K)->2095K(629120K) Eden: 559232K(559232K)->0K(559232K) From: 1810K(69888K)->2095K(69888K)
[199.787s][info][gc,heap        ] GC(1374) Tenured: 85058K(1398144K)->85058K(1398144K)
[199.787s][info][gc,metaspace   ] GC(1374) Metaspace: 11864K(12160K)->11864K(12160K) NonClass: 10335K(10496K)->10335K(10496K) Class: 1528K(1664K)->1528K(1664K)
[199.787s][info][gc             ] GC(1374) Pause Young (Allocation Failure) 630M->85M(1979M) 1.002ms
[199.787s][info][gc,cpu         ] GC(1374) User=0.00s Sys=0.00s Real=0.00s
[199.920s][info][gc,start       ] GC(1375) Pause Young (Allocation Failure)
[199.922s][info][gc,heap        ] GC(1375) DefNew: 561317K(629120K)->2541K(629120K) Eden: 559221K(559232K)->0K(559232K) From: 2095K(69888K)->2541K(69888K)
[199.922s][info][gc,heap        ] GC(1375) Tenured: 85058K(1398144K)->85058K(1398144K)
[199.922s][info][gc,metaspace   ] GC(1375) Metaspace: 11864K(12160K)->11864K(12160K) NonClass: 10335K(10496K)->10335K(10496K) Class: 1528K(1664K)->1528K(1664K)
[199.922s][info][gc             ] GC(1375) Pause Young (Allocation Failure) 631M->85M(1979M) 1.171ms
[199.922s][info][gc,cpu         ] GC(1375) User=0.00s Sys=0.00s Real=0.00s
[200.059s][info][gc,start       ] GC(1376) Pause Young (Allocation Failure)
[200.059s][info][gc,heap        ] GC(1376) DefNew: 561773K(629120K)->1960K(629120K) Eden: 559232K(559232K)->0K(559232K) From: 2541K(69888K)->1960K(69888K)
[200.059s][info][gc,heap        ] GC(1376) Tenured: 85058K(1398144K)->85058K(1398144K)
[200.059s][info][gc,metaspace   ] GC(1376) Metaspace: 11864K(12160K)->11864K(12160K) NonClass: 10335K(10496K)->10335K(10496K) Class: 1528K(1664K)->1528K(1664K)
[200.059s][info][gc             ] GC(1376) Pause Young (Allocation Failure) 631M->84M(1979M) 0.891ms
[200.059s][info][gc,cpu         ] GC(1376) User=0.00s Sys=0.00s Real=0.00s
[200.195s][info][gc,start       ] GC(1377) Pause Young (Allocation Failure)
[200.196s][info][gc,heap        ] GC(1377) DefNew: 561192K(629120K)->593K(629120K) Eden: 559232K(559232K)->0K(559232K) From: 1960K(69888K)->593K(69888K)
[200.196s][info][gc,heap        ] GC(1377) Tenured: 85058K(1398144K)->85058K(1398144K)
[200.196s][info][gc,metaspace   ] GC(1377) Metaspace: 11864K(12160K)->11864K(12160K) NonClass: 10335K(10496K)->10335K(10496K) Class: 1528K(1664K)->1528K(1664K)
[200.196s][info][gc             ] GC(1377) Pause Young (Allocation Failure) 631M->83M(1979M) 0.556ms
[200.196s][info][gc,cpu         ] GC(1377) User=0.00s Sys=0.00s Real=0.00s
[200.331s][info][gc,start       ] GC(1378) Pause Young (Allocation Failure)
[200.331s][info][gc,heap        ] GC(1378) DefNew: 559825K(629120K)->956K(629120K) Eden: 559232K(559232K)->0K(559232K) From: 593K(69888K)->956K(69888K)
[200.331s][info][gc,heap        ] GC(1378) Tenured: 85058K(1398144K)->85058K(1398144K)
[200.331s][info][gc,metaspace   ] GC(1378) Metaspace: 11864K(12160K)->11864K(12160K) NonClass: 10335K(10496K)->10335K(10496K) Class: 1528K(1664K)->1528K(1664K)
[200.331s][info][gc             ] GC(1378) Pause Young (Allocation Failure) 629M->83M(1979M) 0.666ms
[200.331s][info][gc,cpu         ] GC(1378) User=0.00s Sys=0.00s Real=0.00s
[200.466s][info][gc,start       ] GC(1379) Pause Young (Allocation Failure)
[200.466s][info][gc,heap        ] GC(1379) DefNew: 560188K(629120K)->1326K(629120K) Eden: 559232K(559232K)->0K(559232K) From: 956K(69888K)->1326K(69888K)
[200.466s][info][gc,heap        ] GC(1379) Tenured: 85058K(1398144K)->85058K(1398144K)
[200.466s][info][gc,metaspace   ] GC(1379) Metaspace: 11864K(12160K)->11864K(12160K) NonClass: 10335K(10496K)->10335K(10496K) Class: 1528K(1664K)->1528K(1664K)
[200.466s][info][gc             ] GC(1379) Pause Young (Allocation Failure) 630M->84M(1979M) 0.780ms
[200.466s][info][gc,cpu         ] GC(1379) User=0.00s Sys=0.00s Real=0.00s
[200.607s][info][gc,start       ] GC(1380) Pause Young (Allocation Failure)
[200.608s][info][gc,heap        ] GC(1380) DefNew: 560558K(629120K)->1697K(629120K) Eden: 559232K(559232K)->0K(559232K) From: 1326K(69888K)->1697K(69888K)
[200.608s][info][gc,heap        ] GC(1380) Tenured: 85058K(1398144K)->85058K(1398144K)
[200.608s][info][gc,metaspace   ] GC(1380) Metaspace: 11864K(12160K)->11864K(12160K) NonClass: 10335K(10496K)->10335K(10496K) Class: 1528K(1664K)->1528K(1664K)
[200.608s][info][gc             ] GC(1380) Pause Young (Allocation Failure) 630M->84M(1979M) 0.878ms
[200.608s][info][gc,cpu         ] GC(1380) User=0.00s Sys=0.00s Real=0.00s
[200.743s][info][gc,start       ] GC(1381) Pause Young (Allocation Failure)
[200.744s][info][gc,heap        ] GC(1381) DefNew: 560929K(629120K)->2173K(629120K) Eden: 559232K(559232K)->0K(559232K) From: 1697K(69888K)->2173K(69888K)
[200.744s][info][gc,heap        ] GC(1381) Tenured: 85058K(1398144K)->85058K(1398144K)
[200.744s][info][gc,metaspace   ] GC(1381) Metaspace: 11864K(12160K)->11864K(12160K) NonClass: 10335K(10496K)->10335K(10496K) Class: 1528K(1664K)->1528K(1664K)
[200.744s][info][gc             ] GC(1381) Pause Young (Allocation Failure) 630M->85M(1979M) 1.067ms
[200.744s][info][gc,cpu         ] GC(1381) User=0.00s Sys=0.00s Real=0.00s
[200.878s][info][gc,start       ] GC(1382) Pause Young (Allocation Failure)
[200.879s][info][gc,heap        ] GC(1382) DefNew: 561315K(629120K)->2447K(629120K) Eden: 559142K(559232K)->0K(559232K) From: 2173K(69888K)->2447K(69888K)
[200.879s][info][gc,heap        ] GC(1382) Tenured: 85058K(1398144K)->85058K(1398144K)
[200.879s][info][gc,metaspace   ] GC(1382) Metaspace: 11864K(12160K)->11864K(12160K) NonClass: 10335K(10496K)->10335K(10496K) Class: 1528K(1664K)->1528K(1664K)
[200.879s][info][gc             ] GC(1382) Pause Young (Allocation Failure) 631M->85M(1979M) 1.081ms
[200.879s][info][gc,cpu         ] GC(1382) User=0.00s Sys=0.00s Real=0.00s
[201.015s][info][gc,start       ] GC(1383) Pause Young (Allocation Failure)
[201.016s][info][gc,heap        ] GC(1383) DefNew: 561679K(629120K)->1961K(629120K) Eden: 559232K(559232K)->0K(559232K) From: 2447K(69888K)->1961K(69888K)
[201.016s][info][gc,heap        ] GC(1383) Tenured: 85058K(1398144K)->85058K(1398144K)
[201.016s][info][gc,metaspace   ] GC(1383) Metaspace: 11864K(12160K)->11864K(12160K) NonClass: 10335K(10496K)->10335K(10496K) Class: 1528K(1664K)->1528K(1664K)
[201.016s][info][gc             ] GC(1383) Pause Young (Allocation Failure) 631M->84M(1979M) 1.045ms
[201.016s][info][gc,cpu         ] GC(1383) User=0.00s Sys=0.00s Real=0.00s
[201.152s][info][gc,start       ] GC(1384) Pause Young (Allocation Failure)
[201.152s][info][gc,heap        ] GC(1384) DefNew: 561193K(629120K)->407K(629120K) Eden: 559232K(559232K)->0K(559232K) From: 1961K(69888K)->407K(69888K)
[201.152s][info][gc,heap        ] GC(1384) Tenured: 85058K(1398144K)->85058K(1398144K)
[201.152s][info][gc,metaspace   ] GC(1384) Metaspace: 11864K(12160K)->11864K(12160K) NonClass: 10335K(10496K)->10335K(10496K) Class: 1528K(1664K)->1528K(1664K)
[201.152s][info][gc             ] GC(1384) Pause Young (Allocation Failure) 631M->83M(1979M) 0.497ms
[201.152s][info][gc,cpu         ] GC(1384) User=0.00s Sys=0.00s Real=0.00s
[201.287s][info][gc,start       ] GC(1385) Pause Young (Allocation Failure)
[201.288s][info][gc,heap        ] GC(1385) DefNew: 559639K(629120K)->840K(629120K) Eden: 559232K(559232K)->0K(559232K) From: 407K(69888K)->840K(69888K)
[201.288s][info][gc,heap        ] GC(1385) Tenured: 85058K(1398144K)->85058K(1398144K)
[201.288s][info][gc,metaspace   ] GC(1385) Metaspace: 11864K(12160K)->11864K(12160K) NonClass: 10335K(10496K)->10335K(10496K) Class: 1528K(1664K)->1528K(1664K)
[201.288s][info][gc             ] GC(1385) Pause Young (Allocation Failure) 629M->83M(1979M) 0.608ms
[201.288s][info][gc,cpu         ] GC(1385) User=0.00s Sys=0.00s Real=0.00s
[201.422s][info][gc,start       ] GC(1386) Pause Young (Allocation Failure)
[201.422s][info][gc,heap        ] GC(1386) DefNew: 560072K(629120K)->1233K(629120K) Eden: 559232K(559232K)->0K(559232K) From: 840K(69888K)->1233K(69888K)
[201.422s][info][gc,heap        ] GC(1386) Tenured: 85058K(1398144K)->85058K(1398144K)
[201.422s][info][gc,metaspace   ] GC(1386) Metaspace: 11864K(12160K)->11864K(12160K) NonClass: 10335K(10496K)->10335K(10496K) Class: 1528K(1664K)->1528K(1664K)
[201.422s][info][gc             ] GC(1386) Pause Young (Allocation Failure) 630M->84M(1979M) 0.729ms
[201.422s][info][gc,cpu         ] GC(1386) User=0.00s Sys=0.00s Real=0.00s
[201.560s][info][gc,start       ] GC(1387) Pause Full (System.gc())
[201.560s][info][gc,phases,start] GC(1387) Phase 1: Mark live objects
[201.612s][info][gc,phases      ] GC(1387) Phase 1: Mark live objects 51.824ms
[201.612s][info][gc,phases,start] GC(1387) Phase 2: Compute new object addresses
[201.665s][info][gc,phases      ] GC(1387) Phase 2: Compute new object addresses 53.222ms
[201.665s][info][gc,phases,start] GC(1387) Phase 3: Adjust pointers
[201.686s][info][gc,phases      ] GC(1387) Phase 3: Adjust pointers 20.959ms
[201.686s][info][gc,phases,start] GC(1387) Phase 4: Move objects
[201.686s][info][gc,phases      ] GC(1387) Phase 4: Move objects 0.009ms
[201.686s][info][gc,heap        ] GC(1387) DefNew: 532940K(629120K)->0K(629120K) Eden: 531706K(559232K)->0K(559232K) From: 1233K(69888K)->0K(69888K)
[201.686s][info][gc,heap        ] GC(1387) Tenured: 85058K(1398144K)->85058K(1398144K)
[201.686s][info][gc,metaspace   ] GC(1387) Metaspace: 11864K(12160K)->11864K(12160K) NonClass: 10335K(10496K)->10335K(10496K) Class: 1528K(1664K)->1528K(1664K)
[201.686s][info][gc             ] GC(1387) Pause Full (System.gc()) 603M->83M(1979M) 126.311ms
[201.686s][info][gc,cpu         ] GC(1387) User=0.11s Sys=0.00s Real=0.12s
[201.826s][info][gc,start       ] GC(1388) Pause Young (Allocation Failure)
[201.827s][info][gc,heap        ] GC(1388) DefNew: 559232K(629120K)->505K(629120K) Eden: 559232K(559232K)->0K(559232K) From: 0K(69888K)->505K(69888K)
[201.827s][info][gc,heap        ] GC(1388) Tenured: 85058K(1398144K)->85058K(1398144K)
[201.827s][info][gc,metaspace   ] GC(1388) Metaspace: 11865K(12160K)->11865K(12160K) NonClass: 10337K(10496K)->10337K(10496K) Class: 1528K(1664K)->1528K(1664K)
[201.827s][info][gc             ] GC(1388) Pause Young (Allocation Failure) 629M->83M(1979M) 0.585ms
[201.827s][info][gc,cpu         ] GC(1388) User=0.00s Sys=0.00s Real=0.00s
[201.960s][info][gc,start       ] GC(1389) Pause Young (Allocation Failure)
[201.961s][info][gc,heap        ] GC(1389) DefNew: 559737K(629120K)->903K(629120K) Eden: 559232K(559232K)->0K(559232K) From: 505K(69888K)->903K(69888K)
[201.961s][info][gc,heap        ] GC(1389) Tenured: 85058K(1398144K)->85058K(1398144K)
[201.961s][info][gc,metaspace   ] GC(1389) Metaspace: 11865K(12160K)->11865K(12160K) NonClass: 10337K(10496K)->10337K(10496K) Class: 1528K(1664K)->1528K(1664K)
[201.961s][info][gc             ] GC(1389) Pause Young (Allocation Failure) 629M->83M(1979M) 0.620ms
[201.961s][info][gc,cpu         ] GC(1389) User=0.00s Sys=0.00s Real=0.00s
[202.094s][info][gc,start       ] GC(1390) Pause Young (Allocation Failure)
[202.095s][info][gc,heap        ] GC(1390) DefNew: 560135K(629120K)->1255K(629120K) Eden: 559232K(559232K)->0K(559232K) From: 903K(69888K)->1255K(69888K)
[202.095s][info][gc,heap        ] GC(1390) Tenured: 85058K(1398144K)->85058K(1398144K)
[202.095s][info][gc,metaspace   ] GC(1390) Metaspace: 11865K(12160K)->11865K(12160K) NonClass: 10337K(10496K)->10337K(10496K) Class: 1528K(1664K)->1528K(1664K)
[202.095s][info][gc             ] GC(1390) Pause Young (Allocation Failure) 630M->84M(1979M) 0.760ms
[202.095s][info][gc,cpu         ] GC(1390) User=0.00s Sys=0.00s Real=0.00s
[202.229s][info][gc,start       ] GC(1391) Pause Young (Allocation Failure)
[202.230s][info][gc,heap        ] GC(1391) DefNew: 560487K(629120K)->1910K(629120K) Eden: 559232K(559232K)->0K(559232K) From: 1255K(69888K)->1910K(69888K)
[202.230s][info][gc,heap        ] GC(1391) Tenured: 85058K(1398144K)->85058K(1398144K)
[202.230s][info][gc,metaspace   ] GC(1391) Metaspace: 11865K(12160K)->11865K(12160K) NonClass: 10337K(10496K)->10337K(10496K) Class: 1528K(1664K)->1528K(1664K)
[202.230s][info][gc             ] GC(1391) Pause Young (Allocation Failure) 630M->84M(1979M) 0.941ms
[202.230s][info][gc,cpu         ] GC(1391) User=0.00s Sys=0.00s Real=0.00s
[202.365s][info][gc,start       ] GC(1392) Pause Young (Allocation Failure)
[202.366s][info][gc,heap        ] GC(1392) DefNew: 561142K(629120K)->2175K(629120K) Eden: 559232K(559232K)->0K(559232K) From: 1910K(69888K)->2175K(69888K)
[202.366s][info][gc,heap        ] GC(1392) Tenured: 85058K(1398144K)->85058K(1398144K)
[202.366s][info][gc,metaspace   ] GC(1392) Metaspace: 11865K(12160K)->11865K(12160K) NonClass: 10337K(10496K)->10337K(10496K) Class: 1528K(1664K)->1528K(1664K)
[202.366s][info][gc             ] GC(1392) Pause Young (Allocation Failure) 631M->85M(1979M) 1.046ms
[202.366s][info][gc,cpu         ] GC(1392) User=0.00s Sys=0.00s Real=0.00s
[202.502s][info][gc,start       ] GC(1393) Pause Young (Allocation Failure)
[202.504s][info][gc,heap        ] GC(1393) DefNew: 561343K(629120K)->2692K(629120K) Eden: 559168K(559232K)->0K(559232K) From: 2175K(69888K)->2692K(69888K)
[202.504s][info][gc,heap        ] GC(1393) Tenured: 85058K(1398144K)->85058K(1398144K)
[202.504s][info][gc,metaspace   ] GC(1393) Metaspace: 11865K(12160K)->11865K(12160K) NonClass: 10337K(10496K)->10337K(10496K) Class: 1528K(1664K)->1528K(1664K)
[202.504s][info][gc             ] GC(1393) Pause Young (Allocation Failure) 631M->85M(1979M) 1.359ms
[202.504s][info][gc,cpu         ] GC(1393) User=0.00s Sys=0.00s Real=0.00s
[202.640s][info][gc,start       ] GC(1394) Pause Young (Allocation Failure)
[202.642s][info][gc,heap        ] GC(1394) DefNew: 561686K(629120K)->2639K(629120K) Eden: 558993K(559232K)->0K(559232K) From: 2692K(69888K)->2639K(69888K)
[202.642s][info][gc,heap        ] GC(1394) Tenured: 85058K(1398144K)->85058K(1398144K)
[202.642s][info][gc,metaspace   ] GC(1394) Metaspace: 11865K(12160K)->11865K(12160K) NonClass: 10337K(10496K)->10337K(10496K) Class: 1528K(1664K)->1528K(1664K)
[202.642s][info][gc             ] GC(1394) Pause Young (Allocation Failure) 631M->85M(1979M) 1.275ms
[202.642s][info][gc,cpu         ] GC(1394) User=0.00s Sys=0.00s Real=0.01s
[202.780s][info][gc,start       ] GC(1395) Pause Young (Allocation Failure)
[202.781s][info][gc,heap        ] GC(1395) DefNew: 561871K(629120K)->1958K(629120K) Eden: 559232K(559232K)->0K(559232K) From: 2639K(69888K)->1958K(69888K)
[202.781s][info][gc,heap        ] GC(1395) Tenured: 85058K(1398144K)->85058K(1398144K)
[202.781s][info][gc,metaspace   ] GC(1395) Metaspace: 11865K(12160K)->11865K(12160K) NonClass: 10337K(10496K)->10337K(10496K) Class: 1528K(1664K)->1528K(1664K)
[202.781s][info][gc             ] GC(1395) Pause Young (Allocation Failure) 631M->84M(1979M) 1.049ms
[202.781s][info][gc,cpu         ] GC(1395) User=0.00s Sys=0.00s Real=0.00s
[202.916s][info][gc,start       ] GC(1396) Pause Young (Allocation Failure)
[202.916s][info][gc,heap        ] GC(1396) DefNew: 561190K(629120K)->422K(629120K) Eden: 559232K(559232K)->0K(559232K) From: 1958K(69888K)->422K(69888K)
[202.916s][info][gc,heap        ] GC(1396) Tenured: 85058K(1398144K)->85058K(1398144K)
[202.916s][info][gc,metaspace   ] GC(1396) Metaspace: 11865K(12160K)->11865K(12160K) NonClass: 10337K(10496K)->10337K(10496K) Class: 1528K(1664K)->1528K(1664K)
[202.916s][info][gc             ] GC(1396) Pause Young (Allocation Failure) 631M->83M(1979M) 0.489ms
[202.916s][info][gc,cpu         ] GC(1396) User=0.00s Sys=0.00s Real=0.00s
[203.050s][info][gc,start       ] GC(1397) Pause Young (Allocation Failure)
[203.051s][info][gc,heap        ] GC(1397) DefNew: 559550K(629120K)->922K(629120K) Eden: 559128K(559232K)->0K(559232K) From: 422K(69888K)->922K(69888K)
[203.051s][info][gc,heap        ] GC(1397) Tenured: 85058K(1398144K)->85058K(1398144K)
[203.051s][info][gc,metaspace   ] GC(1397) Metaspace: 11865K(12160K)->11865K(12160K) NonClass: 10337K(10496K)->10337K(10496K) Class: 1528K(1664K)->1528K(1664K)
[203.051s][info][gc             ] GC(1397) Pause Young (Allocation Failure) 629M->83M(1979M) 0.649ms
[203.051s][info][gc,cpu         ] GC(1397) User=0.00s Sys=0.00s Real=0.00s
[203.185s][info][gc,start       ] GC(1398) Pause Young (Allocation Failure)
[203.185s][info][gc,heap        ] GC(1398) DefNew: 560154K(629120K)->1257K(629120K) Eden: 559232K(559232K)->0K(559232K) From: 922K(69888K)->1257K(69888K)
[203.186s][info][gc,heap        ] GC(1398) Tenured: 85058K(1398144K)->85058K(1398144K)
[203.186s][info][gc,metaspace   ] GC(1398) Metaspace: 11865K(12160K)->11865K(12160K) NonClass: 10337K(10496K)->10337K(10496K) Class: 1528K(1664K)->1528K(1664K)
[203.186s][info][gc             ] GC(1398) Pause Young (Allocation Failure) 630M->84M(1979M) 0.755ms
[203.186s][info][gc,cpu         ] GC(1398) User=0.00s Sys=0.00s Real=0.00s
[203.320s][info][gc,start       ] GC(1399) Pause Young (Allocation Failure)
[203.321s][info][gc,heap        ] GC(1399) DefNew: 560489K(629120K)->1591K(629120K) Eden: 559232K(559232K)->0K(559232K) From: 1257K(69888K)->1591K(69888K)
[203.321s][info][gc,heap        ] GC(1399) Tenured: 85058K(1398144K)->85058K(1398144K)
[203.321s][info][gc,metaspace   ] GC(1399) Metaspace: 11865K(12160K)->11865K(12160K) NonClass: 10337K(10496K)->10337K(10496K) Class: 1528K(1664K)->1528K(1664K)
[203.321s][info][gc             ] GC(1399) Pause Young (Allocation Failure) 630M->84M(1979M) 0.868ms
[203.321s][info][gc,cpu         ] GC(1399) User=0.00s Sys=0.00s Real=0.00s
[203.455s][info][gc,start       ] GC(1400) Pause Young (Allocation Failure)
[203.456s][info][gc,heap        ] GC(1400) DefNew: 560823K(629120K)->2409K(629120K) Eden: 559232K(559232K)->0K(559232K) From: 1591K(69888K)->2409K(69888K)
[203.456s][info][gc,heap        ] GC(1400) Tenured: 85058K(1398144K)->85058K(1398144K)
[203.456s][info][gc,metaspace   ] GC(1400) Metaspace: 11865K(12160K)->11865K(12160K) NonClass: 10337K(10496K)->10337K(10496K) Class: 1528K(1664K)->1528K(1664K)
[203.456s][info][gc             ] GC(1400) Pause Young (Allocation Failure) 630M->85M(1979M) 1.104ms
[203.456s][info][gc,cpu         ] GC(1400) User=0.00s Sys=0.00s Real=0.00s
[203.596s][info][gc,start       ] GC(1401) Pause Young (Allocation Failure)
[203.597s][info][gc,heap        ] GC(1401) DefNew: 561559K(629120K)->2340K(629120K) Eden: 559150K(559232K)->0K(559232K) From: 2409K(69888K)->2340K(69888K)
[203.597s][info][gc,heap        ] GC(1401) Tenured: 85058K(1398144K)->85058K(1398144K)
[203.597s][info][gc,metaspace   ] GC(1401) Metaspace: 11865K(12160K)->11865K(12160K) NonClass: 10337K(10496K)->10337K(10496K) Class: 1528K(1664K)->1528K(1664K)
[203.597s][info][gc             ] GC(1401) Pause Young (Allocation Failure) 631M->85M(1979M) 1.081ms
[203.597s][info][gc,cpu         ] GC(1401) User=0.00s Sys=0.00s Real=0.00s
[203.732s][info][gc,start       ] GC(1402) Pause Young (Allocation Failure)
[203.733s][info][gc,heap        ] GC(1402) DefNew: 561572K(629120K)->1957K(629120K) Eden: 559232K(559232K)->0K(559232K) From: 2340K(69888K)->1957K(69888K)
[203.733s][info][gc,heap        ] GC(1402) Tenured: 85058K(1398144K)->85058K(1398144K)
[203.733s][info][gc,metaspace   ] GC(1402) Metaspace: 11865K(12160K)->11865K(12160K) NonClass: 10337K(10496K)->10337K(10496K) Class: 1528K(1664K)->1528K(1664K)
[203.733s][info][gc             ] GC(1402) Pause Young (Allocation Failure) 631M->84M(1979M) 0.998ms
[203.733s][info][gc,cpu         ] GC(1402) User=0.00s Sys=0.00s Real=0.00s
[203.871s][info][gc,start       ] GC(1403) Pause Young (Allocation Failure)
[203.871s][info][gc,heap        ] GC(1403) DefNew: 561189K(629120K)->193K(629120K) Eden: 559232K(559232K)->0K(559232K) From: 1957K(69888K)->193K(69888K)
[203.871s][info][gc,heap        ] GC(1403) Tenured: 85058K(1398144K)->85058K(1398144K)
[203.871s][info][gc,metaspace   ] GC(1403) Metaspace: 11865K(12160K)->11865K(12160K) NonClass: 10337K(10496K)->10337K(10496K) Class: 1528K(1664K)->1528K(1664K)
[203.871s][info][gc             ] GC(1403) Pause Young (Allocation Failure) 631M->83M(1979M) 0.428ms
[203.871s][info][gc,cpu         ] GC(1403) User=0.00s Sys=0.00s Real=0.00s
[204.006s][info][gc,start       ] GC(1404) Pause Young (Allocation Failure)
[204.006s][info][gc,heap        ] GC(1404) DefNew: 559425K(629120K)->736K(629120K) Eden: 559232K(559232K)->0K(559232K) From: 193K(69888K)->736K(69888K)
[204.006s][info][gc,heap        ] GC(1404) Tenured: 85058K(1398144K)->85058K(1398144K)
[204.006s][info][gc,metaspace   ] GC(1404) Metaspace: 11865K(12160K)->11865K(12160K) NonClass: 10337K(10496K)->10337K(10496K) Class: 1528K(1664K)->1528K(1664K)
[204.006s][info][gc             ] GC(1404) Pause Young (Allocation Failure) 629M->83M(1979M) 0.596ms
[204.007s][info][gc,cpu         ] GC(1404) User=0.00s Sys=0.00s Real=0.00s
[204.138s][info][gc,start       ] GC(1405) Pause Full (System.gc())
[204.138s][info][gc,phases,start] GC(1405) Phase 1: Mark live objects
[204.190s][info][gc,phases      ] GC(1405) Phase 1: Mark live objects 52.183ms
[204.190s][info][gc,phases,start] GC(1405) Phase 2: Compute new object addresses
[204.244s][info][gc,phases      ] GC(1405) Phase 2: Compute new object addresses 54.002ms
[204.244s][info][gc,phases,start] GC(1405) Phase 3: Adjust pointers
[204.266s][info][gc,phases      ] GC(1405) Phase 3: Adjust pointers 21.484ms
[204.266s][info][gc,phases,start] GC(1405) Phase 4: Move objects
[204.266s][info][gc,phases      ] GC(1405) Phase 4: Move objects 0.009ms
[204.266s][info][gc,heap        ] GC(1405) DefNew: 546466K(629120K)->0K(629120K) Eden: 545730K(559232K)->0K(559232K) From: 736K(69888K)->0K(69888K)
[204.266s][info][gc,heap        ] GC(1405) Tenured: 85058K(1398144K)->85058K(1398144K)
[204.266s][info][gc,metaspace   ] GC(1405) Metaspace: 11865K(12160K)->11865K(12160K) NonClass: 10337K(10496K)->10337K(10496K) Class: 1528K(1664K)->1528K(1664K)
[204.266s][info][gc             ] GC(1405) Pause Full (System.gc()) 616M->83M(1979M) 127.967ms
[204.266s][info][gc,cpu         ] GC(1405) User=0.12s Sys=0.00s Real=0.13s
[204.409s][info][gc,start       ] GC(1406) Pause Young (Allocation Failure)
[204.409s][info][gc,heap        ] GC(1406) DefNew: 559232K(629120K)->489K(629120K) Eden: 559232K(559232K)->0K(559232K) From: 0K(69888K)->489K(69888K)
[204.409s][info][gc,heap        ] GC(1406) Tenured: 85058K(1398144K)->85058K(1398144K)
[204.409s][info][gc,metaspace   ] GC(1406) Metaspace: 11865K(12160K)->11865K(12160K) NonClass: 10337K(10496K)->10337K(10496K) Class: 1528K(1664K)->1528K(1664K)
[204.409s][info][gc             ] GC(1406) Pause Young (Allocation Failure) 629M->83M(1979M) 0.523ms
[204.410s][info][gc,cpu         ] GC(1406) User=0.00s Sys=0.00s Real=0.00s
[204.550s][info][gc,start       ] GC(1407) Pause Young (Allocation Failure)
[204.550s][info][gc,heap        ] GC(1407) DefNew: 559721K(629120K)->801K(629120K) Eden: 559232K(559232K)->0K(559232K) From: 489K(69888K)->801K(69888K)
[204.550s][info][gc,heap        ] GC(1407) Tenured: 85058K(1398144K)->85058K(1398144K)
[204.550s][info][gc,metaspace   ] GC(1407) Metaspace: 11865K(12160K)->11865K(12160K) NonClass: 10337K(10496K)->10337K(10496K) Class: 1528K(1664K)->1528K(1664K)
[204.550s][info][gc             ] GC(1407) Pause Young (Allocation Failure) 629M->83M(1979M) 0.634ms
[204.550s][info][gc,cpu         ] GC(1407) User=0.00s Sys=0.00s Real=0.00s
[204.684s][info][gc,start       ] GC(1408) Pause Young (Allocation Failure)
[204.685s][info][gc,heap        ] GC(1408) DefNew: 560033K(629120K)->1161K(629120K) Eden: 559232K(559232K)->0K(559232K) From: 801K(69888K)->1161K(69888K)
[204.685s][info][gc,heap        ] GC(1408) Tenured: 85058K(1398144K)->85058K(1398144K)
[204.685s][info][gc,metaspace   ] GC(1408) Metaspace: 11865K(12160K)->11865K(12160K) NonClass: 10337K(10496K)->10337K(10496K) Class: 1528K(1664K)->1528K(1664K)
[204.685s][info][gc             ] GC(1408) Pause Young (Allocation Failure) 629M->84M(1979M) 0.773ms
[204.685s][info][gc,cpu         ] GC(1408) User=0.00s Sys=0.00s Real=0.00s
[204.819s][info][gc,start       ] GC(1409) Pause Young (Allocation Failure)
[204.820s][info][gc,heap        ] GC(1409) DefNew: 560371K(629120K)->1490K(629120K) Eden: 559210K(559232K)->0K(559232K) From: 1161K(69888K)->1490K(69888K)
[204.820s][info][gc,heap        ] GC(1409) Tenured: 85058K(1398144K)->85058K(1398144K)
[204.820s][info][gc,metaspace   ] GC(1409) Metaspace: 11865K(12160K)->11865K(12160K) NonClass: 10337K(10496K)->10337K(10496K) Class: 1528K(1664K)->1528K(1664K)
[204.820s][info][gc             ] GC(1409) Pause Young (Allocation Failure) 630M->84M(1979M) 0.872ms
[204.820s][info][gc,cpu         ] GC(1409) User=0.00s Sys=0.00s Real=0.00s
[204.955s][info][gc,start       ] GC(1410) Pause Young (Allocation Failure)
[204.956s][info][gc,heap        ] GC(1410) DefNew: 560722K(629120K)->1989K(629120K) Eden: 559232K(559232K)->0K(559232K) From: 1490K(69888K)->1989K(69888K)
[204.956s][info][gc,heap        ] GC(1410) Tenured: 85058K(1398144K)->85058K(1398144K)
[204.956s][info][gc,metaspace   ] GC(1410) Metaspace: 11865K(12160K)->11865K(12160K) NonClass: 10337K(10496K)->10337K(10496K) Class: 1528K(1664K)->1528K(1664K)
[204.956s][info][gc             ] GC(1410) Pause Young (Allocation Failure) 630M->85M(1979M) 0.998ms
[204.956s][info][gc,cpu         ] GC(1410) User=0.00s Sys=0.00s Real=0.00s
[205.091s][info][gc,start       ] GC(1411) Pause Young (Allocation Failure)
[205.092s][info][gc,heap        ] GC(1411) DefNew: 561221K(629120K)->2521K(629120K) Eden: 559232K(559232K)->0K(559232K) From: 1989K(69888K)->2521K(69888K)
[205.092s][info][gc,heap        ] GC(1411) Tenured: 85058K(1398144K)->85058K(1398144K)
[205.092s][info][gc,metaspace   ] GC(1411) Metaspace: 11865K(12160K)->11865K(12160K) NonClass: 10337K(10496K)->10337K(10496K) Class: 1528K(1664K)->1528K(1664K)
[205.092s][info][gc             ] GC(1411) Pause Young (Allocation Failure) 631M->85M(1979M) 1.172ms
[205.092s][info][gc,cpu         ] GC(1411) User=0.00s Sys=0.00s Real=0.02s
[205.225s][info][gc,start       ] GC(1412) Pause Young (Allocation Failure)
[205.226s][info][gc,heap        ] GC(1412) DefNew: 561717K(629120K)->2151K(629120K) Eden: 559195K(559232K)->0K(559232K) From: 2521K(69888K)->2151K(69888K)
[205.226s][info][gc,heap        ] GC(1412) Tenured: 85058K(1398144K)->85058K(1398144K)
[205.226s][info][gc,metaspace   ] GC(1412) Metaspace: 11865K(12160K)->11865K(12160K) NonClass: 10337K(10496K)->10337K(10496K) Class: 1528K(1664K)->1528K(1664K)
[205.226s][info][gc             ] GC(1412) Pause Young (Allocation Failure) 631M->85M(1979M) 1.107ms
[205.226s][info][gc,cpu         ] GC(1412) User=0.00s Sys=0.00s Real=0.00s
[205.365s][info][gc,start       ] GC(1413) Pause Young (Allocation Failure)
[205.366s][info][gc,heap        ] GC(1413) DefNew: 561383K(629120K)->368K(629120K) Eden: 559232K(559232K)->0K(559232K) From: 2151K(69888K)->368K(69888K)
[205.366s][info][gc,heap        ] GC(1413) Tenured: 85058K(1398144K)->85058K(1398144K)
[205.366s][info][gc,metaspace   ] GC(1413) Metaspace: 11865K(12160K)->11865K(12160K) NonClass: 10337K(10496K)->10337K(10496K) Class: 1528K(1664K)->1528K(1664K)
[205.366s][info][gc             ] GC(1413) Pause Young (Allocation Failure) 631M->83M(1979M) 0.491ms
[205.366s][info][gc,cpu         ] GC(1413) User=0.00s Sys=0.00s Real=0.00s
[205.504s][info][gc,start       ] GC(1414) Pause Young (Allocation Failure)
[205.505s][info][gc,heap        ] GC(1414) DefNew: 559600K(629120K)->747K(629120K) Eden: 559232K(559232K)->0K(559232K) From: 368K(69888K)->747K(69888K)
[205.505s][info][gc,heap        ] GC(1414) Tenured: 85058K(1398144K)->85058K(1398144K)
[205.505s][info][gc,metaspace   ] GC(1414) Metaspace: 11865K(12160K)->11865K(12160K) NonClass: 10337K(10496K)->10337K(10496K) Class: 1528K(1664K)->1528K(1664K)
[205.505s][info][gc             ] GC(1414) Pause Young (Allocation Failure) 629M->83M(1979M) 0.588ms
[205.505s][info][gc,cpu         ] GC(1414) User=0.00s Sys=0.00s Real=0.00s
[205.641s][info][gc,start       ] GC(1415) Pause Young (Allocation Failure)
[205.642s][info][gc,heap        ] GC(1415) DefNew: 559979K(629120K)->1174K(629120K) Eden: 559232K(559232K)->0K(559232K) From: 747K(69888K)->1174K(69888K)
[205.642s][info][gc,heap        ] GC(1415) Tenured: 85058K(1398144K)->85058K(1398144K)
[205.642s][info][gc,metaspace   ] GC(1415) Metaspace: 11865K(12160K)->11865K(12160K) NonClass: 10337K(10496K)->10337K(10496K) Class: 1528K(1664K)->1528K(1664K)
[205.642s][info][gc             ] GC(1415) Pause Young (Allocation Failure) 629M->84M(1979M) 0.757ms
[205.642s][info][gc,cpu         ] GC(1415) User=0.00s Sys=0.00s Real=0.01s
[205.777s][info][gc,start       ] GC(1416) Pause Young (Allocation Failure)
[205.778s][info][gc,heap        ] GC(1416) DefNew: 560406K(629120K)->1612K(629120K) Eden: 559232K(559232K)->0K(559232K) From: 1174K(69888K)->1612K(69888K)
[205.778s][info][gc,heap        ] GC(1416) Tenured: 85058K(1398144K)->85058K(1398144K)
[205.778s][info][gc,metaspace   ] GC(1416) Metaspace: 11865K(12160K)->11865K(12160K) NonClass: 10337K(10496K)->10337K(10496K) Class: 1528K(1664K)->1528K(1664K)
[205.778s][info][gc             ] GC(1416) Pause Young (Allocation Failure) 630M->84M(1979M) 0.839ms
[205.778s][info][gc,cpu         ] GC(1416) User=0.00s Sys=0.00s Real=0.00s
[205.911s][info][gc,start       ] GC(1417) Pause Young (Allocation Failure)
[205.912s][info][gc,heap        ] GC(1417) DefNew: 560834K(629120K)->1913K(629120K) Eden: 559222K(559232K)->0K(559232K) From: 1612K(69888K)->1913K(69888K)
[205.912s][info][gc,heap        ] GC(1417) Tenured: 85058K(1398144K)->85058K(1398144K)
[205.912s][info][gc,metaspace   ] GC(1417) Metaspace: 11865K(12160K)->11865K(12160K) NonClass: 10337K(10496K)->10337K(10496K) Class: 1528K(1664K)->1528K(1664K)
[205.912s][info][gc             ] GC(1417) Pause Young (Allocation Failure) 630M->84M(1979M) 1.019ms
[205.912s][info][gc,cpu         ] GC(1417) User=0.00s Sys=0.00s Real=0.00s
[206.050s][info][gc,start       ] GC(1418) Pause Young (Allocation Failure)
[206.051s][info][gc,heap        ] GC(1418) DefNew: 561140K(629120K)->2516K(629120K) Eden: 559227K(559232K)->0K(559232K) From: 1913K(69888K)->2516K(69888K)
[206.051s][info][gc,heap        ] GC(1418) Tenured: 85058K(1398144K)->85058K(1398144K)
[206.051s][info][gc,metaspace   ] GC(1418) Metaspace: 11865K(12160K)->11865K(12160K) NonClass: 10337K(10496K)->10337K(10496K) Class: 1528K(1664K)->1528K(1664K)
[206.051s][info][gc             ] GC(1418) Pause Young (Allocation Failure) 631M->85M(1979M) 1.375ms
[206.051s][info][gc,cpu         ] GC(1418) User=0.00s Sys=0.00s Real=0.02s
[206.185s][info][gc,start       ] GC(1419) Pause Young (Allocation Failure)
[206.186s][info][gc,heap        ] GC(1419) DefNew: 561748K(629120K)->2739K(629120K) Eden: 559232K(559232K)->0K(559232K) From: 2516K(69888K)->2739K(69888K)
[206.186s][info][gc,heap        ] GC(1419) Tenured: 85058K(1398144K)->85058K(1398144K)
[206.186s][info][gc,metaspace   ] GC(1419) Metaspace: 11865K(12160K)->11865K(12160K) NonClass: 10337K(10496K)->10337K(10496K) Class: 1528K(1664K)->1528K(1664K)
[206.186s][info][gc             ] GC(1419) Pause Young (Allocation Failure) 631M->85M(1979M) 1.348ms
[206.186s][info][gc,cpu         ] GC(1419) User=0.00s Sys=0.00s Real=0.00s
[206.324s][info][gc,start       ] GC(1420) Pause Young (Allocation Failure)
[206.324s][info][gc,heap        ] GC(1420) DefNew: 561971K(629120K)->42K(629120K) Eden: 559232K(559232K)->0K(559232K) From: 2739K(69888K)->42K(69888K)
[206.324s][info][gc,heap        ] GC(1420) Tenured: 85058K(1398144K)->85058K(1398144K)
[206.324s][info][gc,metaspace   ] GC(1420) Metaspace: 11865K(12160K)->11865K(12160K) NonClass: 10337K(10496K)->10337K(10496K) Class: 1528K(1664K)->1528K(1664K)
[206.324s][info][gc             ] GC(1420) Pause Young (Allocation Failure) 631M->83M(1979M) 0.359ms
[206.324s][info][gc,cpu         ] GC(1420) User=0.00s Sys=0.00s Real=0.00s
[206.457s][info][gc,start       ] GC(1421) Pause Young (Allocation Failure)
[206.458s][info][gc,heap        ] GC(1421) DefNew: 559274K(629120K)->401K(629120K) Eden: 559232K(559232K)->0K(559232K) From: 42K(69888K)->401K(69888K)
[206.458s][info][gc,heap        ] GC(1421) Tenured: 85058K(1398144K)->85059K(1398144K)
[206.458s][info][gc,metaspace   ] GC(1421) Metaspace: 11865K(12160K)->11865K(12160K) NonClass: 10337K(10496K)->10337K(10496K) Class: 1528K(1664K)->1528K(1664K)
[206.458s][info][gc             ] GC(1421) Pause Young (Allocation Failure) 629M->83M(1979M) 0.495ms
[206.458s][info][gc,cpu         ] GC(1421) User=0.00s Sys=0.00s Real=0.00s
[206.597s][info][gc,start       ] GC(1422) Pause Young (Allocation Failure)
[206.598s][info][gc,heap        ] GC(1422) DefNew: 559633K(629120K)->780K(629120K) Eden: 559232K(559232K)->0K(559232K) From: 401K(69888K)->780K(69888K)
[206.598s][info][gc,heap        ] GC(1422) Tenured: 85059K(1398144K)->85059K(1398144K)
[206.598s][info][gc,metaspace   ] GC(1422) Metaspace: 11865K(12160K)->11865K(12160K) NonClass: 10337K(10496K)->10337K(10496K) Class: 1528K(1664K)->1528K(1664K)
[206.598s][info][gc             ] GC(1422) Pause Young (Allocation Failure) 629M->83M(1979M) 0.593ms
[206.598s][info][gc,cpu         ] GC(1422) User=0.00s Sys=0.00s Real=0.00s
[206.731s][info][gc,start       ] GC(1423) Pause Full (System.gc())
[206.731s][info][gc,phases,start] GC(1423) Phase 1: Mark live objects
[206.783s][info][gc,phases      ] GC(1423) Phase 1: Mark live objects 52.547ms
[206.783s][info][gc,phases,start] GC(1423) Phase 2: Compute new object addresses
[206.837s][info][gc,phases      ] GC(1423) Phase 2: Compute new object addresses 54.090ms
[206.837s][info][gc,phases,start] GC(1423) Phase 3: Adjust pointers
[206.858s][info][gc,phases      ] GC(1423) Phase 3: Adjust pointers 20.977ms
[206.858s][info][gc,phases,start] GC(1423) Phase 4: Move objects
[206.858s][info][gc,phases      ] GC(1423) Phase 4: Move objects 0.009ms
[206.858s][info][gc,heap        ] GC(1423) DefNew: 545002K(629120K)->0K(629120K) Eden: 544221K(559232K)->0K(559232K) From: 780K(69888K)->0K(69888K)
[206.858s][info][gc,heap        ] GC(1423) Tenured: 85059K(1398144K)->85057K(1398144K)
[206.858s][info][gc,metaspace   ] GC(1423) Metaspace: 11865K(12160K)->11865K(12160K) NonClass: 10337K(10496K)->10337K(10496K) Class: 1528K(1664K)->1528K(1664K)
[206.858s][info][gc             ] GC(1423) Pause Full (System.gc()) 615M->83M(1979M) 127.914ms
[206.858s][info][gc,cpu         ] GC(1423) User=0.11s Sys=0.00s Real=0.12s
[207.001s][info][gc,start       ] GC(1424) Pause Young (Allocation Failure)
[207.001s][info][gc,heap        ] GC(1424) DefNew: 559232K(629120K)->598K(629120K) Eden: 559232K(559232K)->0K(559232K) From: 0K(69888K)->598K(69888K)
[207.001s][info][gc,heap        ] GC(1424) Tenured: 85057K(1398144K)->85057K(1398144K)
[207.001s][info][gc,metaspace   ] GC(1424) Metaspace: 11865K(12160K)->11865K(12160K) NonClass: 10337K(10496K)->10337K(10496K) Class: 1528K(1664K)->1528K(1664K)
[207.001s][info][gc             ] GC(1424) Pause Young (Allocation Failure) 629M->83M(1979M) 0.553ms
[207.001s][info][gc,cpu         ] GC(1424) User=0.00s Sys=0.00s Real=0.00s
[207.136s][info][gc,start       ] GC(1425) Pause Young (Allocation Failure)
[207.136s][info][gc,heap        ] GC(1425) DefNew: 559830K(629120K)->882K(629120K) Eden: 559232K(559232K)->0K(559232K) From: 598K(69888K)->882K(69888K)
[207.136s][info][gc,heap        ] GC(1425) Tenured: 85057K(1398144K)->85057K(1398144K)
[207.136s][info][gc,metaspace   ] GC(1425) Metaspace: 11865K(12160K)->11865K(12160K) NonClass: 10337K(10496K)->10337K(10496K) Class: 1528K(1664K)->1528K(1664K)
[207.137s][info][gc             ] GC(1425) Pause Young (Allocation Failure) 629M->83M(1979M) 0.650ms
[207.137s][info][gc,cpu         ] GC(1425) User=0.00s Sys=0.00s Real=0.00s
[207.270s][info][gc,start       ] GC(1426) Pause Young (Allocation Failure)
[207.271s][info][gc,heap        ] GC(1426) DefNew: 560114K(629120K)->1341K(629120K) Eden: 559232K(559232K)->0K(559232K) From: 882K(69888K)->1341K(69888K)
[207.271s][info][gc,heap        ] GC(1426) Tenured: 85057K(1398144K)->85057K(1398144K)
[207.271s][info][gc,metaspace   ] GC(1426) Metaspace: 11865K(12160K)->11865K(12160K) NonClass: 10337K(10496K)->10337K(10496K) Class: 1528K(1664K)->1528K(1664K)
[207.271s][info][gc             ] GC(1426) Pause Young (Allocation Failure) 630M->84M(1979M) 0.774ms
[207.271s][info][gc,cpu         ] GC(1426) User=0.00s Sys=0.00s Real=0.00s
[207.405s][info][gc,start       ] GC(1427) Pause Young (Allocation Failure)
[207.406s][info][gc,heap        ] GC(1427) DefNew: 560573K(629120K)->1684K(629120K) Eden: 559232K(559232K)->0K(559232K) From: 1341K(69888K)->1684K(69888K)
[207.406s][info][gc,heap        ] GC(1427) Tenured: 85057K(1398144K)->85057K(1398144K)
[207.406s][info][gc,metaspace   ] GC(1427) Metaspace: 11865K(12160K)->11865K(12160K) NonClass: 10337K(10496K)->10337K(10496K) Class: 1528K(1664K)->1528K(1664K)
[207.406s][info][gc             ] GC(1427) Pause Young (Allocation Failure) 630M->84M(1979M) 0.915ms
[207.406s][info][gc,cpu         ] GC(1427) User=0.00s Sys=0.00s Real=0.00s
[207.545s][info][gc,start       ] GC(1428) Pause Young (Allocation Failure)
[207.546s][info][gc,heap        ] GC(1428) DefNew: 560916K(629120K)->1854K(629120K) Eden: 559232K(559232K)->0K(559232K) From: 1684K(69888K)->1854K(69888K)
[207.546s][info][gc,heap        ] GC(1428) Tenured: 85057K(1398144K)->85057K(1398144K)
[207.546s][info][gc,metaspace   ] GC(1428) Metaspace: 11865K(12160K)->11865K(12160K) NonClass: 10337K(10496K)->10337K(10496K) Class: 1528K(1664K)->1528K(1664K)
[207.546s][info][gc             ] GC(1428) Pause Young (Allocation Failure) 630M->84M(1979M) 0.928ms
[207.546s][info][gc,cpu         ] GC(1428) User=0.00s Sys=0.00s Real=0.00s
[207.682s][info][gc,start       ] GC(1429) Pause Young (Allocation Failure)
[207.682s][info][gc,heap        ] GC(1429) DefNew: 560231K(629120K)->1995K(629120K) Eden: 558377K(559232K)->0K(559232K) From: 1854K(69888K)->1995K(69888K)
[207.682s][info][gc,heap        ] GC(1429) Tenured: 85057K(1398144K)->85057K(1398144K)
[207.682s][info][gc,metaspace   ] GC(1429) Metaspace: 11865K(12160K)->11865K(12160K) NonClass: 10337K(10496K)->10337K(10496K) Class: 1528K(1664K)->1528K(1664K)
[207.683s][info][gc             ] GC(1429) Pause Young (Allocation Failure) 630M->85M(1979M) 0.968ms
[207.683s][info][gc,cpu         ] GC(1429) User=0.00s Sys=0.00s Real=0.00s
[207.817s][info][gc,start       ] GC(1430) Pause Young (Allocation Failure)
[207.818s][info][gc,heap        ] GC(1430) DefNew: 561181K(629120K)->2933K(629120K) Eden: 559186K(559232K)->0K(559232K) From: 1995K(69888K)->2933K(69888K)
[207.819s][info][gc,heap        ] GC(1430) Tenured: 85057K(1398144K)->85057K(1398144K)
[207.819s][info][gc,metaspace   ] GC(1430) Metaspace: 11865K(12160K)->11865K(12160K) NonClass: 10337K(10496K)->10337K(10496K) Class: 1528K(1664K)->1528K(1664K)
[207.819s][info][gc             ] GC(1430) Pause Young (Allocation Failure) 631M->85M(1979M) 1.280ms
[207.819s][info][gc,cpu         ] GC(1430) User=0.00s Sys=0.00s Real=0.00s
[207.956s][info][gc,start       ] GC(1431) Pause Young (Allocation Failure)
[207.956s][info][gc,heap        ] GC(1431) DefNew: 562165K(629120K)->125K(629120K) Eden: 559232K(559232K)->0K(559232K) From: 2933K(69888K)->125K(69888K)
[207.956s][info][gc,heap        ] GC(1431) Tenured: 85057K(1398144K)->85057K(1398144K)
[207.956s][info][gc,metaspace   ] GC(1431) Metaspace: 11865K(12160K)->11865K(12160K) NonClass: 10337K(10496K)->10337K(10496K) Class: 1528K(1664K)->1528K(1664K)
[207.956s][info][gc             ] GC(1431) Pause Young (Allocation Failure) 632M->83M(1979M) 0.404ms
[207.957s][info][gc,cpu         ] GC(1431) User=0.00s Sys=0.00s Real=0.00s
[208.090s][info][gc,start       ] GC(1432) Pause Young (Allocation Failure)
[208.091s][info][gc,heap        ] GC(1432) DefNew: 559357K(629120K)->519K(629120K) Eden: 559232K(559232K)->0K(559232K) From: 125K(69888K)->519K(69888K)
[208.091s][info][gc,heap        ] GC(1432) Tenured: 85057K(1398144K)->85057K(1398144K)
[208.091s][info][gc,metaspace   ] GC(1432) Metaspace: 11865K(12160K)->11865K(12160K) NonClass: 10337K(10496K)->10337K(10496K) Class: 1528K(1664K)->1528K(1664K)
[208.091s][info][gc             ] GC(1432) Pause Young (Allocation Failure) 629M->83M(1979M) 0.543ms
[208.091s][info][gc,cpu         ] GC(1432) User=0.00s Sys=0.00s Real=0.00s
[208.225s][info][gc,start       ] GC(1433) Pause Young (Allocation Failure)
[208.226s][info][gc,heap        ] GC(1433) DefNew: 559751K(629120K)->952K(629120K) Eden: 559232K(559232K)->0K(559232K) From: 519K(69888K)->952K(69888K)
[208.226s][info][gc,heap        ] GC(1433) Tenured: 85057K(1398144K)->85057K(1398144K)
[208.226s][info][gc,metaspace   ] GC(1433) Metaspace: 11865K(12160K)->11865K(12160K) NonClass: 10337K(10496K)->10337K(10496K) Class: 1528K(1664K)->1528K(1664K)
[208.226s][info][gc             ] GC(1433) Pause Young (Allocation Failure) 629M->83M(1979M) 0.653ms
[208.226s][info][gc,cpu         ] GC(1433) User=0.00s Sys=0.00s Real=0.00s
[208.359s][info][gc,start       ] GC(1434) Pause Young (Allocation Failure)
[208.360s][info][gc,heap        ] GC(1434) DefNew: 560184K(629120K)->1173K(629120K) Eden: 559232K(559232K)->0K(559232K) From: 952K(69888K)->1173K(69888K)
[208.360s][info][gc,heap        ] GC(1434) Tenured: 85057K(1398144K)->85057K(1398144K)
[208.360s][info][gc,metaspace   ] GC(1434) Metaspace: 11865K(12160K)->11865K(12160K) NonClass: 10337K(10496K)->10337K(10496K) Class: 1528K(1664K)->1528K(1664K)
[208.360s][info][gc             ] GC(1434) Pause Young (Allocation Failure) 630M->84M(1979M) 0.725ms
[208.360s][info][gc,cpu         ] GC(1434) User=0.00s Sys=0.00s Real=0.00s
[208.496s][info][gc,start       ] GC(1435) Pause Young (Allocation Failure)
[208.496s][info][gc,heap        ] GC(1435) DefNew: 560405K(629120K)->1431K(629120K) Eden: 559232K(559232K)->0K(559232K) From: 1173K(69888K)->1431K(69888K)
[208.496s][info][gc,heap        ] GC(1435) Tenured: 85057K(1398144K)->85057K(1398144K)
[208.496s][info][gc,metaspace   ] GC(1435) Metaspace: 11865K(12160K)->11865K(12160K) NonClass: 10337K(10496K)->10337K(10496K) Class: 1528K(1664K)->1528K(1664K)
[208.496s][info][gc             ] GC(1435) Pause Young (Allocation Failure) 630M->84M(1979M) 0.812ms
[208.496s][info][gc,cpu         ] GC(1435) User=0.00s Sys=0.00s Real=0.00s
[208.635s][info][gc,start       ] GC(1436) Pause Young (Allocation Failure)
[208.635s][info][gc,heap        ] GC(1436) DefNew: 560663K(629120K)->1844K(629120K) Eden: 559232K(559232K)->0K(559232K) From: 1431K(69888K)->1844K(69888K)
[208.636s][info][gc,heap        ] GC(1436) Tenured: 85057K(1398144K)->85057K(1398144K)
[208.636s][info][gc,metaspace   ] GC(1436) Metaspace: 11865K(12160K)->11865K(12160K) NonClass: 10337K(10496K)->10337K(10496K) Class: 1528K(1664K)->1528K(1664K)
[208.636s][info][gc             ] GC(1436) Pause Young (Allocation Failure) 630M->84M(1979M) 0.909ms
[208.636s][info][gc,cpu         ] GC(1436) User=0.00s Sys=0.00s Real=0.00s
[208.771s][info][gc,start       ] GC(1437) Pause Young (Allocation Failure)
[208.772s][info][gc,heap        ] GC(1437) DefNew: 561055K(629120K)->2584K(629120K) Eden: 559211K(559232K)->0K(559232K) From: 1844K(69888K)->2584K(69888K)
[208.773s][info][gc,heap        ] GC(1437) Tenured: 85057K(1398144K)->85057K(1398144K)
[208.773s][info][gc,metaspace   ] GC(1437) Metaspace: 11865K(12160K)->11865K(12160K) NonClass: 10337K(10496K)->10337K(10496K) Class: 1528K(1664K)->1528K(1664K)
[208.773s][info][gc             ] GC(1437) Pause Young (Allocation Failure) 630M->85M(1979M) 1.291ms
[208.773s][info][gc,cpu         ] GC(1437) User=0.00s Sys=0.00s Real=0.00s
[208.906s][info][gc,start       ] GC(1438) Pause Young (Allocation Failure)
[208.907s][info][gc,heap        ] GC(1438) DefNew: 561687K(629120K)->2252K(629120K) Eden: 559103K(559232K)->0K(559232K) From: 2584K(69888K)->2252K(69888K)
[208.907s][info][gc,heap        ] GC(1438) Tenured: 85057K(1398144K)->85057K(1398144K)
[208.907s][info][gc,metaspace   ] GC(1438) Metaspace: 11865K(12160K)->11865K(12160K) NonClass: 10337K(10496K)->10337K(10496K) Class: 1528K(1664K)->1528K(1664K)
[208.907s][info][gc             ] GC(1438) Pause Young (Allocation Failure) 631M->85M(1979M) 1.047ms
[208.907s][info][gc,cpu         ] GC(1438) User=0.00s Sys=0.00s Real=0.00s
[209.045s][info][gc,start       ] GC(1439) Pause Young (Allocation Failure)
[209.046s][info][gc,heap        ] GC(1439) DefNew: 561484K(629120K)->304K(629120K) Eden: 559232K(559232K)->0K(559232K) From: 2252K(69888K)->304K(69888K)
[209.046s][info][gc,heap        ] GC(1439) Tenured: 85057K(1398144K)->85058K(1398144K)
[209.046s][info][gc,metaspace   ] GC(1439) Metaspace: 11865K(12160K)->11865K(12160K) NonClass: 10337K(10496K)->10337K(10496K) Class: 1528K(1664K)->1528K(1664K)
[209.046s][info][gc             ] GC(1439) Pause Young (Allocation Failure) 631M->83M(1979M) 0.479ms
[209.046s][info][gc,cpu         ] GC(1439) User=0.00s Sys=0.00s Real=0.00s
[209.180s][info][gc,start       ] GC(1440) Pause Young (Allocation Failure)
[209.181s][info][gc,heap        ] GC(1440) DefNew: 559536K(629120K)->899K(629120K) Eden: 559232K(559232K)->0K(559232K) From: 304K(69888K)->899K(69888K)
[209.181s][info][gc,heap        ] GC(1440) Tenured: 85058K(1398144K)->85058K(1398144K)
[209.181s][info][gc,metaspace   ] GC(1440) Metaspace: 11865K(12160K)->11865K(12160K) NonClass: 10337K(10496K)->10337K(10496K) Class: 1528K(1664K)->1528K(1664K)
[209.181s][info][gc             ] GC(1440) Pause Young (Allocation Failure) 629M->83M(1979M) 0.647ms
[209.181s][info][gc,cpu         ] GC(1440) User=0.00s Sys=0.00s Real=0.00s
[209.312s][info][gc,start       ] GC(1441) Pause Full (System.gc())
[209.312s][info][gc,phases,start] GC(1441) Phase 1: Mark live objects
[209.365s][info][gc,phases      ] GC(1441) Phase 1: Mark live objects 53.346ms
[209.365s][info][gc,phases,start] GC(1441) Phase 2: Compute new object addresses
[209.420s][info][gc,phases      ] GC(1441) Phase 2: Compute new object addresses 54.380ms
[209.420s][info][gc,phases,start] GC(1441) Phase 3: Adjust pointers
[209.441s][info][gc,phases      ] GC(1441) Phase 3: Adjust pointers 21.077ms
[209.441s][info][gc,phases,start] GC(1441) Phase 4: Move objects
[209.441s][info][gc,phases      ] GC(1441) Phase 4: Move objects 0.009ms
[209.441s][info][gc,heap        ] GC(1441) DefNew: 542481K(629120K)->0K(629120K) Eden: 541581K(559232K)->0K(559232K) From: 899K(69888K)->0K(69888K)
[209.441s][info][gc,heap        ] GC(1441) Tenured: 85058K(1398144K)->85058K(1398144K)
[209.441s][info][gc,metaspace   ] GC(1441) Metaspace: 11865K(12160K)->11865K(12160K) NonClass: 10337K(10496K)->10337K(10496K) Class: 1528K(1664K)->1528K(1664K)
[209.441s][info][gc             ] GC(1441) Pause Full (System.gc()) 612M->83M(1979M) 129.107ms
[209.441s][info][gc,cpu         ] GC(1441) User=0.14s Sys=0.00s Real=0.13s
[209.590s][info][gc,start       ] GC(1442) Pause Young (Allocation Failure)
[209.590s][info][gc,heap        ] GC(1442) DefNew: 559232K(629120K)->547K(629120K) Eden: 559232K(559232K)->0K(559232K) From: 0K(69888K)->547K(69888K)
[209.590s][info][gc,heap        ] GC(1442) Tenured: 85058K(1398144K)->85058K(1398144K)
[209.590s][info][gc,metaspace   ] GC(1442) Metaspace: 11865K(12160K)->11865K(12160K) NonClass: 10337K(10496K)->10337K(10496K) Class: 1528K(1664K)->1528K(1664K)
[209.590s][info][gc             ] GC(1442) Pause Young (Allocation Failure) 629M->83M(1979M) 0.552ms
[209.590s][info][gc,cpu         ] GC(1442) User=0.00s Sys=0.00s Real=0.00s
[209.726s][info][gc,start       ] GC(1443) Pause Young (Allocation Failure)
[209.727s][info][gc,heap        ] GC(1443) DefNew: 559779K(629120K)->991K(629120K) Eden: 559232K(559232K)->0K(559232K) From: 547K(69888K)->991K(69888K)
[209.727s][info][gc,heap        ] GC(1443) Tenured: 85058K(1398144K)->85058K(1398144K)
[209.727s][info][gc,metaspace   ] GC(1443) Metaspace: 11865K(12160K)->11865K(12160K) NonClass: 10337K(10496K)->10337K(10496K) Class: 1528K(1664K)->1528K(1664K)
[209.727s][info][gc             ] GC(1443) Pause Young (Allocation Failure) 629M->84M(1979M) 0.675ms
[209.727s][info][gc,cpu         ] GC(1443) User=0.00s Sys=0.00s Real=0.00s
[209.861s][info][gc,start       ] GC(1444) Pause Young (Allocation Failure)
[209.861s][info][gc,heap        ] GC(1444) DefNew: 560223K(629120K)->1246K(629120K) Eden: 559232K(559232K)->0K(559232K) From: 991K(69888K)->1246K(69888K)
[209.861s][info][gc,heap        ] GC(1444) Tenured: 85058K(1398144K)->85058K(1398144K)
[209.861s][info][gc,metaspace   ] GC(1444) Metaspace: 11865K(12160K)->11865K(12160K) NonClass: 10337K(10496K)->10337K(10496K) Class: 1528K(1664K)->1528K(1664K)
[209.861s][info][gc             ] GC(1444) Pause Young (Allocation Failure) 630M->84M(1979M) 0.741ms
[209.861s][info][gc,cpu         ] GC(1444) User=0.00s Sys=0.00s Real=0.00s
[209.996s][info][gc,start       ] GC(1445) Pause Young (Allocation Failure)
[209.997s][info][gc,heap        ] GC(1445) DefNew: 560478K(629120K)->1749K(629120K) Eden: 559232K(559232K)->0K(559232K) From: 1246K(69888K)->1749K(69888K)
[209.997s][info][gc,heap        ] GC(1445) Tenured: 85058K(1398144K)->85058K(1398144K)
[209.997s][info][gc,metaspace   ] GC(1445) Metaspace: 11865K(12160K)->11865K(12160K) NonClass: 10337K(10496K)->10337K(10496K) Class: 1528K(1664K)->1528K(1664K)
[209.997s][info][gc             ] GC(1445) Pause Young (Allocation Failure) 630M->84M(1979M) 0.947ms
[209.997s][info][gc,cpu         ] GC(1445) User=0.00s Sys=0.00s Real=0.00s
[210.131s][info][gc,start       ] GC(1446) Pause Young (Allocation Failure)
[210.132s][info][gc,heap        ] GC(1446) DefNew: 560932K(629120K)->1848K(629120K) Eden: 559183K(559232K)->0K(559232K) From: 1749K(69888K)->1848K(69888K)
[210.132s][info][gc,heap        ] GC(1446) Tenured: 85058K(1398144K)->85058K(1398144K)
[210.132s][info][gc,metaspace   ] GC(1446) Metaspace: 11865K(12160K)->11865K(12160K) NonClass: 10337K(10496K)->10337K(10496K) Class: 1528K(1664K)->1528K(1664K)
[210.132s][info][gc             ] GC(1446) Pause Young (Allocation Failure) 630M->84M(1979M) 0.937ms
[210.132s][info][gc,cpu         ] GC(1446) User=0.00s Sys=0.00s Real=0.00s
[210.266s][info][gc,start       ] GC(1447) Pause Young (Allocation Failure)
[210.267s][info][gc,heap        ] GC(1447) DefNew: 561058K(629120K)->2560K(629120K) Eden: 559209K(559232K)->0K(559232K) From: 1848K(69888K)->2560K(69888K)
[210.267s][info][gc,heap        ] GC(1447) Tenured: 85058K(1398144K)->85058K(1398144K)
[210.267s][info][gc,metaspace   ] GC(1447) Metaspace: 11865K(12160K)->11865K(12160K) NonClass: 10337K(10496K)->10337K(10496K) Class: 1528K(1664K)->1528K(1664K)
[210.267s][info][gc             ] GC(1447) Pause Young (Allocation Failure) 630M->85M(1979M) 1.178ms
[210.268s][info][gc,cpu         ] GC(1447) User=0.00s Sys=0.00s Real=0.00s
[210.401s][info][gc,start       ] GC(1448) Pause Young (Allocation Failure)
[210.403s][info][gc,heap        ] GC(1448) DefNew: 561792K(629120K)->3128K(629120K) Eden: 559232K(559232K)->0K(559232K) From: 2560K(69888K)->3128K(69888K)
[210.403s][info][gc,heap        ] GC(1448) Tenured: 85058K(1398144K)->85058K(1398144K)
[210.403s][info][gc,metaspace   ] GC(1448) Metaspace: 11865K(12160K)->11865K(12160K) NonClass: 10337K(10496K)->10337K(10496K) Class: 1528K(1664K)->1528K(1664K)
[210.403s][info][gc             ] GC(1448) Pause Young (Allocation Failure) 631M->86M(1979M) 1.395ms
[210.403s][info][gc,cpu         ] GC(1448) User=0.00s Sys=0.00s Real=0.00s
[210.545s][info][gc,start       ] GC(1449) Pause Young (Allocation Failure)
[210.546s][info][gc,heap        ] GC(1449) DefNew: 562360K(629120K)->61K(629120K) Eden: 559232K(559232K)->0K(559232K) From: 3128K(69888K)->61K(69888K)
[210.546s][info][gc,heap        ] GC(1449) Tenured: 85058K(1398144K)->85058K(1398144K)
[210.546s][info][gc,metaspace   ] GC(1449) Metaspace: 11865K(12160K)->11865K(12160K) NonClass: 10337K(10496K)->10337K(10496K) Class: 1528K(1664K)->1528K(1664K)
[210.546s][info][gc             ] GC(1449) Pause Young (Allocation Failure) 632M->83M(1979M) 0.366ms
[210.546s][info][gc,cpu         ] GC(1449) User=0.00s Sys=0.00s Real=0.00s
[210.680s][info][gc,start       ] GC(1450) Pause Young (Allocation Failure)
[210.680s][info][gc,heap        ] GC(1450) DefNew: 559293K(629120K)->457K(629120K) Eden: 559232K(559232K)->0K(559232K) From: 61K(69888K)->457K(69888K)
[210.680s][info][gc,heap        ] GC(1450) Tenured: 85058K(1398144K)->85058K(1398144K)
[210.680s][info][gc,metaspace   ] GC(1450) Metaspace: 11865K(12160K)->11865K(12160K) NonClass: 10337K(10496K)->10337K(10496K) Class: 1528K(1664K)->1528K(1664K)
[210.680s][info][gc             ] GC(1450) Pause Young (Allocation Failure) 629M->83M(1979M) 0.502ms
[210.680s][info][gc,cpu         ] GC(1450) User=0.00s Sys=0.00s Real=0.00s
[210.816s][info][gc,start       ] GC(1451) Pause Young (Allocation Failure)
[210.817s][info][gc,heap        ] GC(1451) DefNew: 559689K(629120K)->800K(629120K) Eden: 559232K(559232K)->0K(559232K) From: 457K(69888K)->800K(69888K)
[210.817s][info][gc,heap        ] GC(1451) Tenured: 85058K(1398144K)->85058K(1398144K)
[210.817s][info][gc,metaspace   ] GC(1451) Metaspace: 11865K(12160K)->11865K(12160K) NonClass: 10337K(10496K)->10337K(10496K) Class: 1528K(1664K)->1528K(1664K)
[210.817s][info][gc             ] GC(1451) Pause Young (Allocation Failure) 629M->83M(1979M) 0.596ms
[210.817s][info][gc,cpu         ] GC(1451) User=0.00s Sys=0.00s Real=0.00s
[210.951s][info][gc,start       ] GC(1452) Pause Young (Allocation Failure)
[210.952s][info][gc,heap        ] GC(1452) DefNew: 560032K(629120K)->1160K(629120K) Eden: 559232K(559232K)->0K(559232K) From: 800K(69888K)->1160K(69888K)
[210.952s][info][gc,heap        ] GC(1452) Tenured: 85058K(1398144K)->85058K(1398144K)
[210.952s][info][gc,metaspace   ] GC(1452) Metaspace: 11865K(12160K)->11865K(12160K) NonClass: 10337K(10496K)->10337K(10496K) Class: 1528K(1664K)->1528K(1664K)
[210.952s][info][gc             ] GC(1452) Pause Young (Allocation Failure) 629M->84M(1979M) 0.710ms
[210.952s][info][gc,cpu         ] GC(1452) User=0.00s Sys=0.00s Real=0.00s
[211.086s][info][gc,start       ] GC(1453) Pause Young (Allocation Failure)
[211.087s][info][gc,heap        ] GC(1453) DefNew: 560392K(629120K)->1556K(629120K) Eden: 559232K(559232K)->0K(559232K) From: 1160K(69888K)->1556K(69888K)
[211.087s][info][gc,heap        ] GC(1453) Tenured: 85058K(1398144K)->85058K(1398144K)
[211.087s][info][gc,metaspace   ] GC(1453) Metaspace: 11865K(12160K)->11865K(12160K) NonClass: 10337K(10496K)->10337K(10496K) Class: 1528K(1664K)->1528K(1664K)
[211.087s][info][gc             ] GC(1453) Pause Young (Allocation Failure) 630M->84M(1979M) 0.835ms
[211.087s][info][gc,cpu         ] GC(1453) User=0.00s Sys=0.00s Real=0.00s
[211.221s][info][gc,start       ] GC(1454) Pause Young (Allocation Failure)
[211.222s][info][gc,heap        ] GC(1454) DefNew: 560788K(629120K)->1923K(629120K) Eden: 559232K(559232K)->0K(559232K) From: 1556K(69888K)->1923K(69888K)
[211.222s][info][gc,heap        ] GC(1454) Tenured: 85058K(1398144K)->85058K(1398144K)
[211.222s][info][gc,metaspace   ] GC(1454) Metaspace: 11865K(12160K)->11865K(12160K) NonClass: 10337K(10496K)->10337K(10496K) Class: 1528K(1664K)->1528K(1664K)
[211.222s][info][gc             ] GC(1454) Pause Young (Allocation Failure) 630M->84M(1979M) 0.965ms
[211.222s][info][gc,cpu         ] GC(1454) User=0.00s Sys=0.00s Real=0.00s
[211.356s][info][gc,start       ] GC(1455) Pause Young (Allocation Failure)
[211.357s][info][gc,heap        ] GC(1455) DefNew: 561146K(629120K)->2237K(629120K) Eden: 559222K(559232K)->0K(559232K) From: 1923K(69888K)->2237K(69888K)
[211.357s][info][gc,heap        ] GC(1455) Tenured: 85058K(1398144K)->85058K(1398144K)
[211.357s][info][gc,metaspace   ] GC(1455) Metaspace: 11865K(12160K)->11865K(12160K) NonClass: 10337K(10496K)->10337K(10496K) Class: 1528K(1664K)->1528K(1664K)
[211.357s][info][gc             ] GC(1455) Pause Young (Allocation Failure) 631M->85M(1979M) 1.056ms
[211.357s][info][gc,cpu         ] GC(1455) User=0.00s Sys=0.00s Real=0.00s
[211.492s][info][gc,start       ] GC(1456) Pause Young (Allocation Failure)
[211.493s][info][gc,heap        ] GC(1456) DefNew: 561469K(629120K)->2055K(629120K) Eden: 559232K(559232K)->0K(559232K) From: 2237K(69888K)->2055K(69888K)
[211.493s][info][gc,heap        ] GC(1456) Tenured: 85058K(1398144K)->85058K(1398144K)
[211.493s][info][gc,metaspace   ] GC(1456) Metaspace: 11865K(12160K)->11865K(12160K) NonClass: 10337K(10496K)->10337K(10496K) Class: 1528K(1664K)->1528K(1664K)
[211.493s][info][gc             ] GC(1456) Pause Young (Allocation Failure) 631M->85M(1979M) 1.134ms
[211.493s][info][gc,cpu         ] GC(1456) User=0.00s Sys=0.00s Real=0.00s
[211.632s][info][gc,start       ] GC(1457) Pause Young (Allocation Failure)
[211.633s][info][gc,heap        ] GC(1457) DefNew: 561287K(629120K)->1960K(629120K) Eden: 559232K(559232K)->0K(559232K) From: 2055K(69888K)->1960K(69888K)
[211.633s][info][gc,heap        ] GC(1457) Tenured: 85058K(1398144K)->85058K(1398144K)
[211.633s][info][gc,metaspace   ] GC(1457) Metaspace: 11865K(12160K)->11865K(12160K) NonClass: 10337K(10496K)->10337K(10496K) Class: 1528K(1664K)->1528K(1664K)
[211.634s][info][gc             ] GC(1457) Pause Young (Allocation Failure) 631M->84M(1979M) 1.280ms
[211.634s][info][gc,cpu         ] GC(1457) User=0.00s Sys=0.00s Real=0.00s
[211.772s][info][gc,start       ] GC(1458) Pause Young (Allocation Failure)
[211.773s][info][gc,heap        ] GC(1458) DefNew: 561192K(629120K)->415K(629120K) Eden: 559232K(559232K)->0K(559232K) From: 1960K(69888K)->415K(69888K)
[211.773s][info][gc,heap        ] GC(1458) Tenured: 85058K(1398144K)->85058K(1398144K)
[211.773s][info][gc,metaspace   ] GC(1458) Metaspace: 11865K(12160K)->11865K(12160K) NonClass: 10337K(10496K)->10337K(10496K) Class: 1528K(1664K)->1528K(1664K)
[211.773s][info][gc             ] GC(1458) Pause Young (Allocation Failure) 631M->83M(1979M) 0.471ms
[211.773s][info][gc,cpu         ] GC(1458) User=0.00s Sys=0.00s Real=0.00s
[211.905s][info][gc,start       ] GC(1459) Pause Full (System.gc())
[211.905s][info][gc,phases,start] GC(1459) Phase 1: Mark live objects
[211.956s][info][gc,phases      ] GC(1459) Phase 1: Mark live objects 50.970ms
[211.956s][info][gc,phases,start] GC(1459) Phase 2: Compute new object addresses
[212.011s][info][gc,phases      ] GC(1459) Phase 2: Compute new object addresses 54.426ms
[212.011s][info][gc,phases,start] GC(1459) Phase 3: Adjust pointers
[212.032s][info][gc,phases      ] GC(1459) Phase 3: Adjust pointers 21.060ms
[212.032s][info][gc,phases,start] GC(1459) Phase 4: Move objects
[212.032s][info][gc,phases      ] GC(1459) Phase 4: Move objects 0.009ms
[212.032s][info][gc,heap        ] GC(1459) DefNew: 547165K(629120K)->0K(629120K) Eden: 546749K(559232K)->0K(559232K) From: 415K(69888K)->0K(69888K)
[212.032s][info][gc,heap        ] GC(1459) Tenured: 85058K(1398144K)->85058K(1398144K)
[212.032s][info][gc,metaspace   ] GC(1459) Metaspace: 11865K(12160K)->11865K(12160K) NonClass: 10337K(10496K)->10337K(10496K) Class: 1528K(1664K)->1528K(1664K)
[212.032s][info][gc             ] GC(1459) Pause Full (System.gc()) 617M->83M(1979M) 126.760ms
[212.032s][info][gc,cpu         ] GC(1459) User=0.12s Sys=0.00s Real=0.14s
[212.174s][info][gc,start       ] GC(1460) Pause Young (Allocation Failure)
[212.175s][info][gc,heap        ] GC(1460) DefNew: 559232K(629120K)->467K(629120K) Eden: 559232K(559232K)->0K(559232K) From: 0K(69888K)->467K(69888K)
[212.175s][info][gc,heap        ] GC(1460) Tenured: 85058K(1398144K)->85058K(1398144K)
[212.175s][info][gc,metaspace   ] GC(1460) Metaspace: 11865K(12160K)->11865K(12160K) NonClass: 10337K(10496K)->10337K(10496K) Class: 1528K(1664K)->1528K(1664K)
[212.175s][info][gc             ] GC(1460) Pause Young (Allocation Failure) 629M->83M(1979M) 0.497ms
[212.175s][info][gc,cpu         ] GC(1460) User=0.00s Sys=0.00s Real=0.00s
[212.309s][info][gc,start       ] GC(1461) Pause Young (Allocation Failure)
[212.309s][info][gc,heap        ] GC(1461) DefNew: 559699K(629120K)->879K(629120K) Eden: 559232K(559232K)->0K(559232K) From: 467K(69888K)->879K(69888K)
[212.309s][info][gc,heap        ] GC(1461) Tenured: 85058K(1398144K)->85058K(1398144K)
[212.309s][info][gc,metaspace   ] GC(1461) Metaspace: 11865K(12160K)->11865K(12160K) NonClass: 10337K(10496K)->10337K(10496K) Class: 1528K(1664K)->1528K(1664K)
[212.309s][info][gc             ] GC(1461) Pause Young (Allocation Failure) 629M->83M(1979M) 0.624ms
[212.309s][info][gc,cpu         ] GC(1461) User=0.00s Sys=0.00s Real=0.00s
[212.444s][info][gc,start       ] GC(1462) Pause Young (Allocation Failure)
[212.444s][info][gc,heap        ] GC(1462) DefNew: 560111K(629120K)->1155K(629120K) Eden: 559232K(559232K)->0K(559232K) From: 879K(69888K)->1155K(69888K)
[212.444s][info][gc,heap        ] GC(1462) Tenured: 85058K(1398144K)->85058K(1398144K)
[212.444s][info][gc,metaspace   ] GC(1462) Metaspace: 11865K(12160K)->11865K(12160K) NonClass: 10337K(10496K)->10337K(10496K) Class: 1528K(1664K)->1528K(1664K)
[212.444s][info][gc             ] GC(1462) Pause Young (Allocation Failure) 630M->84M(1979M) 0.723ms
[212.444s][info][gc,cpu         ] GC(1462) User=0.00s Sys=0.00s Real=0.00s
[212.584s][info][gc,start       ] GC(1463) Pause Young (Allocation Failure)
[212.585s][info][gc,heap        ] GC(1463) DefNew: 560387K(629120K)->1731K(629120K) Eden: 559232K(559232K)->0K(559232K) From: 1155K(69888K)->1731K(69888K)
[212.585s][info][gc,heap        ] GC(1463) Tenured: 85058K(1398144K)->85058K(1398144K)
[212.585s][info][gc,metaspace   ] GC(1463) Metaspace: 11865K(12160K)->11865K(12160K) NonClass: 10337K(10496K)->10337K(10496K) Class: 1528K(1664K)->1528K(1664K)
[212.585s][info][gc             ] GC(1463) Pause Young (Allocation Failure) 630M->84M(1979M) 0.883ms
[212.585s][info][gc,cpu         ] GC(1463) User=0.00s Sys=0.00s Real=0.00s
[212.721s][info][gc,start       ] GC(1464) Pause Young (Allocation Failure)
[212.721s][info][gc,heap        ] GC(1464) DefNew: 560963K(629120K)->1856K(629120K) Eden: 559232K(559232K)->0K(559232K) From: 1731K(69888K)->1856K(69888K)
[212.721s][info][gc,heap        ] GC(1464) Tenured: 85058K(1398144K)->85058K(1398144K)
[212.721s][info][gc,metaspace   ] GC(1464) Metaspace: 11865K(12160K)->11865K(12160K) NonClass: 10337K(10496K)->10337K(10496K) Class: 1528K(1664K)->1528K(1664K)
[212.721s][info][gc             ] GC(1464) Pause Young (Allocation Failure) 630M->84M(1979M) 0.908ms
[212.721s][info][gc,cpu         ] GC(1464) User=0.00s Sys=0.00s Real=0.00s
[212.858s][info][gc,start       ] GC(1465) Pause Young (Allocation Failure)
[212.859s][info][gc,heap        ] GC(1465) DefNew: 561025K(629120K)->2593K(629120K) Eden: 559168K(559232K)->0K(559232K) From: 1856K(69888K)->2593K(69888K)
[212.859s][info][gc,heap        ] GC(1465) Tenured: 85058K(1398144K)->85058K(1398144K)
[212.859s][info][gc,metaspace   ] GC(1465) Metaspace: 11865K(12160K)->11865K(12160K) NonClass: 10337K(10496K)->10337K(10496K) Class: 1528K(1664K)->1528K(1664K)
[212.859s][info][gc             ] GC(1465) Pause Young (Allocation Failure) 630M->85M(1979M) 1.226ms
[212.859s][info][gc,cpu         ] GC(1465) User=0.00s Sys=0.00s Real=0.00s
[212.993s][info][gc,start       ] GC(1466) Pause Young (Allocation Failure)
[212.994s][info][gc,heap        ] GC(1466) DefNew: 561713K(629120K)->2543K(629120K) Eden: 559119K(559232K)->0K(559232K) From: 2593K(69888K)->2543K(69888K)
[212.994s][info][gc,heap        ] GC(1466) Tenured: 85058K(1398144K)->85058K(1398144K)
[212.994s][info][gc,metaspace   ] GC(1466) Metaspace: 11865K(12160K)->11865K(12160K) NonClass: 10337K(10496K)->10337K(10496K) Class: 1528K(1664K)->1528K(1664K)
[212.994s][info][gc             ] GC(1466) Pause Young (Allocation Failure) 631M->85M(1979M) 1.228ms
[212.994s][info][gc,cpu         ] GC(1466) User=0.00s Sys=0.00s Real=0.00s
[213.132s][info][gc,start       ] GC(1467) Pause Young (Allocation Failure)
[213.133s][info][gc,heap        ] GC(1467) DefNew: 561775K(629120K)->420K(629120K) Eden: 559232K(559232K)->0K(559232K) From: 2543K(69888K)->420K(69888K)
[213.133s][info][gc,heap        ] GC(1467) Tenured: 85058K(1398144K)->85058K(1398144K)
[213.133s][info][gc,metaspace   ] GC(1467) Metaspace: 11865K(12160K)->11865K(12160K) NonClass: 10337K(10496K)->10337K(10496K) Class: 1528K(1664K)->1528K(1664K)
[213.133s][info][gc             ] GC(1467) Pause Young (Allocation Failure) 631M->83M(1979M) 0.487ms
[213.133s][info][gc,cpu         ] GC(1467) User=0.00s Sys=0.00s Real=0.00s
[213.267s][info][gc,start       ] GC(1468) Pause Young (Allocation Failure)
[213.268s][info][gc,heap        ] GC(1468) DefNew: 559652K(629120K)->921K(629120K) Eden: 559232K(559232K)->0K(559232K) From: 420K(69888K)->921K(69888K)
[213.268s][info][gc,heap        ] GC(1468) Tenured: 85058K(1398144K)->85058K(1398144K)
[213.268s][info][gc,metaspace   ] GC(1468) Metaspace: 11865K(12160K)->11865K(12160K) NonClass: 10337K(10496K)->10337K(10496K) Class: 1528K(1664K)->1528K(1664K)
[213.268s][info][gc             ] GC(1468) Pause Young (Allocation Failure) 629M->83M(1979M) 0.602ms
[213.268s][info][gc,cpu         ] GC(1468) User=0.00s Sys=0.00s Real=0.00s
[213.403s][info][gc,start       ] GC(1469) Pause Young (Allocation Failure)
[213.403s][info][gc,heap        ] GC(1469) DefNew: 560153K(629120K)->1196K(629120K) Eden: 559232K(559232K)->0K(559232K) From: 921K(69888K)->1196K(69888K)
[213.403s][info][gc,heap        ] GC(1469) Tenured: 85058K(1398144K)->85058K(1398144K)
[213.403s][info][gc,metaspace   ] GC(1469) Metaspace: 11865K(12160K)->11865K(12160K) NonClass: 10337K(10496K)->10337K(10496K) Class: 1528K(1664K)->1528K(1664K)
[213.403s][info][gc             ] GC(1469) Pause Young (Allocation Failure) 630M->84M(1979M) 0.708ms
[213.404s][info][gc,cpu         ] GC(1469) User=0.00s Sys=0.00s Real=0.00s
[213.543s][info][gc,start       ] GC(1470) Pause Young (Allocation Failure)
[213.544s][info][gc,heap        ] GC(1470) DefNew: 560428K(629120K)->1837K(629120K) Eden: 559232K(559232K)->0K(559232K) From: 1196K(69888K)->1837K(69888K)
[213.544s][info][gc,heap        ] GC(1470) Tenured: 85058K(1398144K)->85058K(1398144K)
[213.544s][info][gc,metaspace   ] GC(1470) Metaspace: 11865K(12160K)->11865K(12160K) NonClass: 10337K(10496K)->10337K(10496K) Class: 1528K(1664K)->1528K(1664K)
[213.544s][info][gc             ] GC(1470) Pause Young (Allocation Failure) 630M->84M(1979M) 0.981ms
[213.544s][info][gc,cpu         ] GC(1470) User=0.00s Sys=0.00s Real=0.00s
[213.679s][info][gc,start       ] GC(1471) Pause Young (Allocation Failure)
[213.680s][info][gc,heap        ] GC(1471) DefNew: 561069K(629120K)->2042K(629120K) Eden: 559232K(559232K)->0K(559232K) From: 1837K(69888K)->2042K(69888K)
[213.680s][info][gc,heap        ] GC(1471) Tenured: 85058K(1398144K)->85058K(1398144K)
[213.680s][info][gc,metaspace   ] GC(1471) Metaspace: 11865K(12160K)->11865K(12160K) NonClass: 10337K(10496K)->10337K(10496K) Class: 1528K(1664K)->1528K(1664K)
[213.680s][info][gc             ] GC(1471) Pause Young (Allocation Failure) 630M->85M(1979M) 1.177ms
[213.680s][info][gc,cpu         ] GC(1471) User=0.00s Sys=0.00s Real=0.02s
[213.822s][info][gc,start       ] GC(1472) Pause Young (Allocation Failure)
[213.823s][info][gc,heap        ] GC(1472) DefNew: 561274K(629120K)->2153K(629120K) Eden: 559232K(559232K)->0K(559232K) From: 2042K(69888K)->2153K(69888K)
[213.823s][info][gc,heap        ] GC(1472) Tenured: 85058K(1398144K)->85058K(1398144K)
[213.823s][info][gc,metaspace   ] GC(1472) Metaspace: 11865K(12160K)->11865K(12160K) NonClass: 10337K(10496K)->10337K(10496K) Class: 1528K(1664K)->1528K(1664K)
[213.823s][info][gc             ] GC(1472) Pause Young (Allocation Failure) 631M->85M(1979M) 0.980ms
[213.823s][info][gc,cpu         ] GC(1472) User=0.00s Sys=0.00s Real=0.00s
[213.958s][info][gc,start       ] GC(1473) Pause Young (Allocation Failure)
[213.959s][info][gc,heap        ] GC(1473) DefNew: 561259K(629120K)->3130K(629120K) Eden: 559105K(559232K)->0K(559232K) From: 2153K(69888K)->3130K(69888K)
[213.959s][info][gc,heap        ] GC(1473) Tenured: 85058K(1398144K)->85058K(1398144K)
[213.959s][info][gc,metaspace   ] GC(1473) Metaspace: 11865K(12160K)->11865K(12160K) NonClass: 10337K(10496K)->10337K(10496K) Class: 1528K(1664K)->1528K(1664K)
[213.959s][info][gc             ] GC(1473) Pause Young (Allocation Failure) 631M->86M(1979M) 1.635ms
[213.959s][info][gc,cpu         ] GC(1473) User=0.00s Sys=0.00s Real=0.00s
[214.098s][info][gc,start       ] GC(1474) Pause Young (Allocation Failure)
[214.098s][info][gc,heap        ] GC(1474) DefNew: 562362K(629120K)->464K(629120K) Eden: 559232K(559232K)->0K(559232K) From: 3130K(69888K)->464K(69888K)
[214.098s][info][gc,heap        ] GC(1474) Tenured: 85058K(1398144K)->85058K(1398144K)
[214.098s][info][gc,metaspace   ] GC(1474) Metaspace: 11865K(12160K)->11865K(12160K) NonClass: 10337K(10496K)->10337K(10496K) Class: 1528K(1664K)->1528K(1664K)
[214.098s][info][gc             ] GC(1474) Pause Young (Allocation Failure) 632M->83M(1979M) 0.504ms
[214.098s][info][gc,cpu         ] GC(1474) User=0.00s Sys=0.00s Real=0.00s
[214.232s][info][gc,start       ] GC(1475) Pause Young (Allocation Failure)
[214.233s][info][gc,heap        ] GC(1475) DefNew: 559696K(629120K)->902K(629120K) Eden: 559232K(559232K)->0K(559232K) From: 464K(69888K)->902K(69888K)
[214.233s][info][gc,heap        ] GC(1475) Tenured: 85058K(1398144K)->85058K(1398144K)
[214.233s][info][gc,metaspace   ] GC(1475) Metaspace: 11865K(12160K)->11865K(12160K) NonClass: 10337K(10496K)->10337K(10496K) Class: 1528K(1664K)->1528K(1664K)
[214.233s][info][gc             ] GC(1475) Pause Young (Allocation Failure) 629M->83M(1979M) 0.611ms
[214.233s][info][gc,cpu         ] GC(1475) User=0.00s Sys=0.00s Real=0.00s
[214.367s][info][gc,start       ] GC(1476) Pause Young (Allocation Failure)
[214.368s][info][gc,heap        ] GC(1476) DefNew: 560134K(629120K)->1379K(629120K) Eden: 559232K(559232K)->0K(559232K) From: 902K(69888K)->1379K(69888K)
[214.368s][info][gc,heap        ] GC(1476) Tenured: 85058K(1398144K)->85058K(1398144K)
[214.368s][info][gc,metaspace   ] GC(1476) Metaspace: 11865K(12160K)->11865K(12160K) NonClass: 10337K(10496K)->10337K(10496K) Class: 1528K(1664K)->1528K(1664K)
[214.368s][info][gc             ] GC(1476) Pause Young (Allocation Failure) 630M->84M(1979M) 0.808ms
[214.368s][info][gc,cpu         ] GC(1476) User=0.00s Sys=0.00s Real=0.00s
[214.502s][info][gc,start       ] GC(1477) Pause Full (System.gc())
[214.502s][info][gc,phases,start] GC(1477) Phase 1: Mark live objects
[214.555s][info][gc,phases      ] GC(1477) Phase 1: Mark live objects 53.380ms
[214.556s][info][gc,phases,start] GC(1477) Phase 2: Compute new object addresses
[214.609s][info][gc,phases      ] GC(1477) Phase 2: Compute new object addresses 53.186ms
[214.609s][info][gc,phases,start] GC(1477) Phase 3: Adjust pointers
[214.630s][info][gc,phases      ] GC(1477) Phase 3: Adjust pointers 21.058ms
[214.630s][info][gc,phases,start] GC(1477) Phase 4: Move objects
[214.630s][info][gc,phases      ] GC(1477) Phase 4: Move objects 0.009ms
[214.630s][info][gc,heap        ] GC(1477) DefNew: 532891K(629120K)->0K(629120K) Eden: 531511K(559232K)->0K(559232K) From: 1379K(69888K)->0K(69888K)
[214.630s][info][gc,heap        ] GC(1477) Tenured: 85058K(1398144K)->85058K(1398144K)
[214.630s][info][gc,metaspace   ] GC(1477) Metaspace: 11865K(12160K)->11865K(12160K) NonClass: 10337K(10496K)->10337K(10496K) Class: 1528K(1664K)->1528K(1664K)
[214.630s][info][gc             ] GC(1477) Pause Full (System.gc()) 603M->83M(1979M) 127.932ms
[214.630s][info][gc,cpu         ] GC(1477) User=0.11s Sys=0.00s Real=0.13s
[214.774s][info][gc,start       ] GC(1478) Pause Young (Allocation Failure)
[214.774s][info][gc,heap        ] GC(1478) DefNew: 559232K(629120K)->442K(629120K) Eden: 559232K(559232K)->0K(559232K) From: 0K(69888K)->442K(69888K)
[214.774s][info][gc,heap        ] GC(1478) Tenured: 85058K(1398144K)->85058K(1398144K)
[214.774s][info][gc,metaspace   ] GC(1478) Metaspace: 11865K(12160K)->11865K(12160K) NonClass: 10337K(10496K)->10337K(10496K) Class: 1528K(1664K)->1528K(1664K)
[214.774s][info][gc             ] GC(1478) Pause Young (Allocation Failure) 629M->83M(1979M) 0.595ms
[214.774s][info][gc,cpu         ] GC(1478) User=0.00s Sys=0.00s Real=0.00s
[214.909s][info][gc,start       ] GC(1479) Pause Young (Allocation Failure)
[214.909s][info][gc,heap        ] GC(1479) DefNew: 559674K(629120K)->900K(629120K) Eden: 559232K(559232K)->0K(559232K) From: 442K(69888K)->900K(69888K)
[214.909s][info][gc,heap        ] GC(1479) Tenured: 85058K(1398144K)->85058K(1398144K)
[214.909s][info][gc,metaspace   ] GC(1479) Metaspace: 11865K(12160K)->11865K(12160K) NonClass: 10337K(10496K)->10337K(10496K) Class: 1528K(1664K)->1528K(1664K)
[214.909s][info][gc             ] GC(1479) Pause Young (Allocation Failure) 629M->83M(1979M) 0.622ms
[214.909s][info][gc,cpu         ] GC(1479) User=0.00s Sys=0.00s Real=0.00s
[215.043s][info][gc,start       ] GC(1480) Pause Young (Allocation Failure)
[215.044s][info][gc,heap        ] GC(1480) DefNew: 560132K(629120K)->1173K(629120K) Eden: 559232K(559232K)->0K(559232K) From: 900K(69888K)->1173K(69888K)
[215.044s][info][gc,heap        ] GC(1480) Tenured: 85058K(1398144K)->85058K(1398144K)
[215.044s][info][gc,metaspace   ] GC(1480) Metaspace: 11865K(12160K)->11865K(12160K) NonClass: 10337K(10496K)->10337K(10496K) Class: 1528K(1664K)->1528K(1664K)
[215.044s][info][gc             ] GC(1480) Pause Young (Allocation Failure) 630M->84M(1979M) 0.689ms
[215.044s][info][gc,cpu         ] GC(1480) User=0.00s Sys=0.00s Real=0.00s
[215.178s][info][gc,start       ] GC(1481) Pause Young (Allocation Failure)
[215.179s][info][gc,heap        ] GC(1481) DefNew: 560405K(629120K)->1630K(629120K) Eden: 559232K(559232K)->0K(559232K) From: 1173K(69888K)->1630K(69888K)
[215.179s][info][gc,heap        ] GC(1481) Tenured: 85058K(1398144K)->85058K(1398144K)
[215.179s][info][gc,metaspace   ] GC(1481) Metaspace: 11865K(12160K)->11865K(12160K) NonClass: 10337K(10496K)->10337K(10496K) Class: 1528K(1664K)->1528K(1664K)
[215.179s][info][gc             ] GC(1481) Pause Young (Allocation Failure) 630M->84M(1979M) 0.892ms
[215.179s][info][gc,cpu         ] GC(1481) User=0.00s Sys=0.00s Real=0.00s
[215.314s][info][gc,start       ] GC(1482) Pause Young (Allocation Failure)
[215.315s][info][gc,heap        ] GC(1482) DefNew: 560862K(629120K)->2144K(629120K) Eden: 559232K(559232K)->0K(559232K) From: 1630K(69888K)->2144K(69888K)
[215.315s][info][gc,heap        ] GC(1482) Tenured: 85058K(1398144K)->85058K(1398144K)
[215.315s][info][gc,metaspace   ] GC(1482) Metaspace: 11865K(12160K)->11865K(12160K) NonClass: 10337K(10496K)->10337K(10496K) Class: 1528K(1664K)->1528K(1664K)
[215.315s][info][gc             ] GC(1482) Pause Young (Allocation Failure) 630M->85M(1979M) 1.056ms
[215.315s][info][gc,cpu         ] GC(1482) User=0.00s Sys=0.00s Real=0.00s
[215.449s][info][gc,start       ] GC(1483) Pause Young (Allocation Failure)
[215.450s][info][gc,heap        ] GC(1483) DefNew: 561376K(629120K)->2520K(629120K) Eden: 559232K(559232K)->0K(559232K) From: 2144K(69888K)->2520K(69888K)
[215.450s][info][gc,heap        ] GC(1483) Tenured: 85058K(1398144K)->85058K(1398144K)
[215.450s][info][gc,metaspace   ] GC(1483) Metaspace: 11865K(12160K)->11865K(12160K) NonClass: 10337K(10496K)->10337K(10496K) Class: 1528K(1664K)->1528K(1664K)
[215.450s][info][gc             ] GC(1483) Pause Young (Allocation Failure) 631M->85M(1979M) 1.169ms
[215.450s][info][gc,cpu         ] GC(1483) User=0.00s Sys=0.00s Real=0.00s
[215.591s][info][gc,start       ] GC(1484) Pause Young (Allocation Failure)
[215.593s][info][gc,heap        ] GC(1484) DefNew: 561446K(629120K)->3128K(629120K) Eden: 558926K(559232K)->0K(559232K) From: 2520K(69888K)->3128K(69888K)
[215.593s][info][gc,heap        ] GC(1484) Tenured: 85058K(1398144K)->85058K(1398144K)
[215.593s][info][gc,metaspace   ] GC(1484) Metaspace: 11865K(12160K)->11865K(12160K) NonClass: 10337K(10496K)->10337K(10496K) Class: 1528K(1664K)->1528K(1664K)
[215.593s][info][gc             ] GC(1484) Pause Young (Allocation Failure) 631M->86M(1979M) 1.851ms
[215.593s][info][gc,cpu         ] GC(1484) User=0.00s Sys=0.00s Real=0.00s
[215.733s][info][gc,start       ] GC(1485) Pause Young (Allocation Failure)
[215.733s][info][gc,heap        ] GC(1485) DefNew: 562360K(629120K)->448K(629120K) Eden: 559232K(559232K)->0K(559232K) From: 3128K(69888K)->448K(69888K)
[215.733s][info][gc,heap        ] GC(1485) Tenured: 85058K(1398144K)->85058K(1398144K)
[215.733s][info][gc,metaspace   ] GC(1485) Metaspace: 11865K(12160K)->11865K(12160K) NonClass: 10337K(10496K)->10337K(10496K) Class: 1528K(1664K)->1528K(1664K)
[215.733s][info][gc             ] GC(1485) Pause Young (Allocation Failure) 632M->83M(1979M) 0.492ms
[215.733s][info][gc,cpu         ] GC(1485) User=0.00s Sys=0.00s Real=0.00s
[215.868s][info][gc,start       ] GC(1486) Pause Young (Allocation Failure)
[215.868s][info][gc,heap        ] GC(1486) DefNew: 559680K(629120K)->948K(629120K) Eden: 559232K(559232K)->0K(559232K) From: 448K(69888K)->948K(69888K)
[215.868s][info][gc,heap        ] GC(1486) Tenured: 85058K(1398144K)->85058K(1398144K)
[215.868s][info][gc,metaspace   ] GC(1486) Metaspace: 11865K(12160K)->11865K(12160K) NonClass: 10337K(10496K)->10337K(10496K) Class: 1528K(1664K)->1528K(1664K)
[215.868s][info][gc             ] GC(1486) Pause Young (Allocation Failure) 629M->83M(1979M) 0.635ms
[215.868s][info][gc,cpu         ] GC(1486) User=0.00s Sys=0.00s Real=0.00s
[216.003s][info][gc,start       ] GC(1487) Pause Young (Allocation Failure)
[216.004s][info][gc,heap        ] GC(1487) DefNew: 560180K(629120K)->1146K(629120K) Eden: 559232K(559232K)->0K(559232K) From: 948K(69888K)->1146K(69888K)
[216.004s][info][gc,heap        ] GC(1487) Tenured: 85058K(1398144K)->85058K(1398144K)
[216.004s][info][gc,metaspace   ] GC(1487) Metaspace: 11865K(12160K)->11865K(12160K) NonClass: 10337K(10496K)->10337K(10496K) Class: 1528K(1664K)->1528K(1664K)
[216.004s][info][gc             ] GC(1487) Pause Young (Allocation Failure) 630M->84M(1979M) 0.715ms
[216.004s][info][gc,cpu         ] GC(1487) User=0.00s Sys=0.00s Real=0.00s
[216.137s][info][gc,start       ] GC(1488) Pause Young (Allocation Failure)
[216.138s][info][gc,heap        ] GC(1488) DefNew: 560378K(629120K)->1499K(629120K) Eden: 559232K(559232K)->0K(559232K) From: 1146K(69888K)->1499K(69888K)
[216.138s][info][gc,heap        ] GC(1488) Tenured: 85058K(1398144K)->85058K(1398144K)
[216.138s][info][gc,metaspace   ] GC(1488) Metaspace: 11865K(12160K)->11865K(12160K) NonClass: 10337K(10496K)->10337K(10496K) Class: 1528K(1664K)->1528K(1664K)
[216.138s][info][gc             ] GC(1488) Pause Young (Allocation Failure) 630M->84M(1979M) 0.809ms
[216.138s][info][gc,cpu         ] GC(1488) User=0.00s Sys=0.00s Real=0.00s
[216.272s][info][gc,start       ] GC(1489) Pause Young (Allocation Failure)
[216.273s][info][gc,heap        ] GC(1489) DefNew: 560731K(629120K)->1576K(629120K) Eden: 559232K(559232K)->0K(559232K) From: 1499K(69888K)->1576K(69888K)
[216.273s][info][gc,heap        ] GC(1489) Tenured: 85058K(1398144K)->85058K(1398144K)
[216.273s][info][gc,metaspace   ] GC(1489) Metaspace: 11865K(12160K)->11865K(12160K) NonClass: 10337K(10496K)->10337K(10496K) Class: 1528K(1664K)->1528K(1664K)
[216.273s][info][gc             ] GC(1489) Pause Young (Allocation Failure) 630M->84M(1979M) 0.979ms
[216.273s][info][gc,cpu         ] GC(1489) User=0.00s Sys=0.00s Real=0.00s
[216.407s][info][gc,start       ] GC(1490) Pause Young (Allocation Failure)
[216.408s][info][gc,heap        ] GC(1490) DefNew: 560808K(629120K)->2264K(629120K) Eden: 559232K(559232K)->0K(559232K) From: 1576K(69888K)->2264K(69888K)
[216.408s][info][gc,heap        ] GC(1490) Tenured: 85058K(1398144K)->85058K(1398144K)
[216.408s][info][gc,metaspace   ] GC(1490) Metaspace: 11865K(12160K)->11865K(12160K) NonClass: 10337K(10496K)->10337K(10496K) Class: 1528K(1664K)->1528K(1664K)
[216.408s][info][gc             ] GC(1490) Pause Young (Allocation Failure) 630M->85M(1979M) 1.092ms
[216.408s][info][gc,cpu         ] GC(1490) User=0.00s Sys=0.00s Real=0.00s
[216.548s][info][gc,start       ] GC(1491) Pause Young (Allocation Failure)
[216.549s][info][gc,heap        ] GC(1491) DefNew: 561479K(629120K)->2228K(629120K) Eden: 559214K(559232K)->0K(559232K) From: 2264K(69888K)->2228K(69888K)
[216.549s][info][gc,heap        ] GC(1491) Tenured: 85058K(1398144K)->85058K(1398144K)
[216.549s][info][gc,metaspace   ] GC(1491) Metaspace: 11865K(12160K)->11865K(12160K) NonClass: 10337K(10496K)->10337K(10496K) Class: 1528K(1664K)->1528K(1664K)
[216.549s][info][gc             ] GC(1491) Pause Young (Allocation Failure) 631M->85M(1979M) 1.063ms
[216.549s][info][gc,cpu         ] GC(1491) User=0.00s Sys=0.00s Real=0.00s
[216.686s][info][gc,start       ] GC(1492) Pause Young (Allocation Failure)
[216.687s][info][gc,heap        ] GC(1492) DefNew: 561460K(629120K)->1960K(629120K) Eden: 559232K(559232K)->0K(559232K) From: 2228K(69888K)->1960K(69888K)
[216.687s][info][gc,heap        ] GC(1492) Tenured: 85058K(1398144K)->85058K(1398144K)
[216.687s][info][gc,metaspace   ] GC(1492) Metaspace: 11865K(12160K)->11865K(12160K) NonClass: 10337K(10496K)->10337K(10496K) Class: 1528K(1664K)->1528K(1664K)
[216.687s][info][gc             ] GC(1492) Pause Young (Allocation Failure) 631M->84M(1979M) 0.966ms
[216.687s][info][gc,cpu         ] GC(1492) User=0.00s Sys=0.00s Real=0.00s
[216.825s][info][gc,start       ] GC(1493) Pause Young (Allocation Failure)
[216.825s][info][gc,heap        ] GC(1493) DefNew: 561192K(629120K)->462K(629120K) Eden: 559232K(559232K)->0K(559232K) From: 1960K(69888K)->462K(69888K)
[216.825s][info][gc,heap        ] GC(1493) Tenured: 85058K(1398144K)->85059K(1398144K)
[216.825s][info][gc,metaspace   ] GC(1493) Metaspace: 11865K(12160K)->11865K(12160K) NonClass: 10337K(10496K)->10337K(10496K) Class: 1528K(1664K)->1528K(1664K)
[216.825s][info][gc             ] GC(1493) Pause Young (Allocation Failure) 631M->83M(1979M) 0.498ms
[216.825s][info][gc,cpu         ] GC(1493) User=0.00s Sys=0.00s Real=0.00s
[216.959s][info][gc,start       ] GC(1494) Pause Young (Allocation Failure)
[216.960s][info][gc,heap        ] GC(1494) DefNew: 559694K(629120K)->800K(629120K) Eden: 559232K(559232K)->0K(559232K) From: 462K(69888K)->800K(69888K)
[216.960s][info][gc,heap        ] GC(1494) Tenured: 85059K(1398144K)->85059K(1398144K)
[216.960s][info][gc,metaspace   ] GC(1494) Metaspace: 11865K(12160K)->11865K(12160K) NonClass: 10337K(10496K)->10337K(10496K) Class: 1528K(1664K)->1528K(1664K)
[216.960s][info][gc             ] GC(1494) Pause Young (Allocation Failure) 629M->83M(1979M) 0.586ms
[216.960s][info][gc,cpu         ] GC(1494) User=0.00s Sys=0.00s Real=0.00s
[217.092s][info][gc,start       ] GC(1495) Pause Full (System.gc())
[217.092s][info][gc,phases,start] GC(1495) Phase 1: Mark live objects
[217.144s][info][gc,phases      ] GC(1495) Phase 1: Mark live objects 52.585ms
[217.144s][info][gc,phases,start] GC(1495) Phase 2: Compute new object addresses
[217.198s][info][gc,phases      ] GC(1495) Phase 2: Compute new object addresses 53.730ms
[217.198s][info][gc,phases,start] GC(1495) Phase 3: Adjust pointers
[217.219s][info][gc,phases      ] GC(1495) Phase 3: Adjust pointers 21.333ms
[217.219s][info][gc,phases,start] GC(1495) Phase 4: Move objects
[217.219s][info][gc,phases      ] GC(1495) Phase 4: Move objects 0.009ms
[217.219s][info][gc,heap        ] GC(1495) DefNew: 539755K(629120K)->0K(629120K) Eden: 538955K(559232K)->0K(559232K) From: 800K(69888K)->0K(69888K)
[217.219s][info][gc,heap        ] GC(1495) Tenured: 85059K(1398144K)->85057K(1398144K)
[217.219s][info][gc,metaspace   ] GC(1495) Metaspace: 11866K(12160K)->11866K(12160K) NonClass: 10337K(10496K)->10337K(10496K) Class: 1528K(1664K)->1528K(1664K)
[217.220s][info][gc             ] GC(1495) Pause Full (System.gc()) 610M->83M(1979M) 127.954ms
[217.220s][info][gc,cpu         ] GC(1495) User=0.11s Sys=0.00s Real=0.12s
[217.361s][info][gc,start       ] GC(1496) Pause Young (Allocation Failure)
[217.362s][info][gc,heap        ] GC(1496) DefNew: 559232K(629120K)->515K(629120K) Eden: 559232K(559232K)->0K(559232K) From: 0K(69888K)->515K(69888K)
[217.362s][info][gc,heap        ] GC(1496) Tenured: 85057K(1398144K)->85057K(1398144K)
[217.362s][info][gc,metaspace   ] GC(1496) Metaspace: 11866K(12160K)->11866K(12160K) NonClass: 10337K(10496K)->10337K(10496K) Class: 1528K(1664K)->1528K(1664K)
[217.362s][info][gc             ] GC(1496) Pause Young (Allocation Failure) 629M->83M(1979M) 0.524ms
[217.362s][info][gc,cpu         ] GC(1496) User=0.00s Sys=0.00s Real=0.00s
[217.498s][info][gc,start       ] GC(1497) Pause Young (Allocation Failure)
[217.499s][info][gc,heap        ] GC(1497) DefNew: 559747K(629120K)->842K(629120K) Eden: 559232K(559232K)->0K(559232K) From: 515K(69888K)->842K(69888K)
[217.499s][info][gc,heap        ] GC(1497) Tenured: 85057K(1398144K)->85057K(1398144K)
[217.499s][info][gc,metaspace   ] GC(1497) Metaspace: 11866K(12160K)->11866K(12160K) NonClass: 10337K(10496K)->10337K(10496K) Class: 1528K(1664K)->1528K(1664K)
[217.499s][info][gc             ] GC(1497) Pause Young (Allocation Failure) 629M->83M(1979M) 0.720ms
[217.499s][info][gc,cpu         ] GC(1497) User=0.00s Sys=0.00s Real=0.00s
[217.637s][info][gc,start       ] GC(1498) Pause Young (Allocation Failure)
[217.637s][info][gc,heap        ] GC(1498) DefNew: 560074K(629120K)->1222K(629120K) Eden: 559232K(559232K)->0K(559232K) From: 842K(69888K)->1222K(69888K)
[217.637s][info][gc,heap        ] GC(1498) Tenured: 85057K(1398144K)->85057K(1398144K)
[217.637s][info][gc,metaspace   ] GC(1498) Metaspace: 11866K(12160K)->11866K(12160K) NonClass: 10337K(10496K)->10337K(10496K) Class: 1528K(1664K)->1528K(1664K)
[217.637s][info][gc             ] GC(1498) Pause Young (Allocation Failure) 630M->84M(1979M) 0.717ms
[217.637s][info][gc,cpu         ] GC(1498) User=0.00s Sys=0.00s Real=0.00s
[217.772s][info][gc,start       ] GC(1499) Pause Young (Allocation Failure)
[217.773s][info][gc,heap        ] GC(1499) DefNew: 560454K(629120K)->1840K(629120K) Eden: 559232K(559232K)->0K(559232K) From: 1222K(69888K)->1840K(69888K)
[217.773s][info][gc,heap        ] GC(1499) Tenured: 85057K(1398144K)->85057K(1398144K)
[217.773s][info][gc,metaspace   ] GC(1499) Metaspace: 11866K(12160K)->11866K(12160K) NonClass: 10337K(10496K)->10337K(10496K) Class: 1528K(1664K)->1528K(1664K)
[217.773s][info][gc             ] GC(1499) Pause Young (Allocation Failure) 630M->84M(1979M) 0.928ms
[217.773s][info][gc,cpu         ] GC(1499) User=0.00s Sys=0.00s Real=0.00s
[217.908s][info][gc,start       ] GC(1500) Pause Young (Allocation Failure)
[217.909s][info][gc,heap        ] GC(1500) DefNew: 561072K(629120K)->1838K(629120K) Eden: 559232K(559232K)->0K(559232K) From: 1840K(69888K)->1838K(69888K)
[217.909s][info][gc,heap        ] GC(1500) Tenured: 85057K(1398144K)->85057K(1398144K)
[217.909s][info][gc,metaspace   ] GC(1500) Metaspace: 11866K(12160K)->11866K(12160K) NonClass: 10337K(10496K)->10337K(10496K) Class: 1528K(1664K)->1528K(1664K)
[217.909s][info][gc             ] GC(1500) Pause Young (Allocation Failure) 630M->84M(1979M) 0.938ms
[217.909s][info][gc,cpu         ] GC(1500) User=0.00s Sys=0.00s Real=0.00s
[218.044s][info][gc,start       ] GC(1501) Pause Young (Allocation Failure)
[218.045s][info][gc,heap        ] GC(1501) DefNew: 561070K(629120K)->2284K(629120K) Eden: 559232K(559232K)->0K(559232K) From: 1838K(69888K)->2284K(69888K)
[218.045s][info][gc,heap        ] GC(1501) Tenured: 85057K(1398144K)->85057K(1398144K)
[218.045s][info][gc,metaspace   ] GC(1501) Metaspace: 11866K(12160K)->11866K(12160K) NonClass: 10337K(10496K)->10337K(10496K) Class: 1528K(1664K)->1528K(1664K)
[218.045s][info][gc             ] GC(1501) Pause Young (Allocation Failure) 630M->85M(1979M) 1.061ms
[218.045s][info][gc,cpu         ] GC(1501) User=0.00s Sys=0.00s Real=0.00s
[218.178s][info][gc,start       ] GC(1502) Pause Young (Allocation Failure)
[218.179s][info][gc,heap        ] GC(1502) DefNew: 561475K(629120K)->2444K(629120K) Eden: 559191K(559232K)->0K(559232K) From: 2284K(69888K)->2444K(69888K)
[218.179s][info][gc,heap        ] GC(1502) Tenured: 85057K(1398144K)->85057K(1398144K)
[218.179s][info][gc,metaspace   ] GC(1502) Metaspace: 11866K(12160K)->11866K(12160K) NonClass: 10337K(10496K)->10337K(10496K) Class: 1528K(1664K)->1528K(1664K)
[218.179s][info][gc             ] GC(1502) Pause Young (Allocation Failure) 631M->85M(1979M) 1.197ms
[218.179s][info][gc,cpu         ] GC(1502) User=0.00s Sys=0.00s Real=0.00s
[218.317s][info][gc,start       ] GC(1503) Pause Young (Allocation Failure)
[218.317s][info][gc,heap        ] GC(1503) DefNew: 561676K(629120K)->129K(629120K) Eden: 559232K(559232K)->0K(559232K) From: 2444K(69888K)->129K(69888K)
[218.317s][info][gc,heap        ] GC(1503) Tenured: 85057K(1398144K)->85057K(1398144K)
[218.317s][info][gc,metaspace   ] GC(1503) Metaspace: 11866K(12160K)->11866K(12160K) NonClass: 10337K(10496K)->10337K(10496K) Class: 1528K(1664K)->1528K(1664K)
[218.318s][info][gc             ] GC(1503) Pause Young (Allocation Failure) 631M->83M(1979M) 0.408ms
[218.318s][info][gc,cpu         ] GC(1503) User=0.00s Sys=0.00s Real=0.00s
[218.452s][info][gc,start       ] GC(1504) Pause Young (Allocation Failure)
[218.453s][info][gc,heap        ] GC(1504) DefNew: 559361K(629120K)->723K(629120K) Eden: 559232K(559232K)->0K(559232K) From: 129K(69888K)->723K(69888K)
[218.453s][info][gc,heap        ] GC(1504) Tenured: 85057K(1398144K)->85057K(1398144K)
[218.453s][info][gc,metaspace   ] GC(1504) Metaspace: 11866K(12160K)->11866K(12160K) NonClass: 10337K(10496K)->10337K(10496K) Class: 1528K(1664K)->1528K(1664K)
[218.453s][info][gc             ] GC(1504) Pause Young (Allocation Failure) 629M->83M(1979M) 0.582ms
[218.453s][info][gc,cpu         ] GC(1504) User=0.00s Sys=0.00s Real=0.00s
[218.594s][info][gc,start       ] GC(1505) Pause Young (Allocation Failure)
[218.595s][info][gc,heap        ] GC(1505) DefNew: 559955K(629120K)->1136K(629120K) Eden: 559232K(559232K)->0K(559232K) From: 723K(69888K)->1136K(69888K)
[218.595s][info][gc,heap        ] GC(1505) Tenured: 85057K(1398144K)->85057K(1398144K)
[218.595s][info][gc,metaspace   ] GC(1505) Metaspace: 11866K(12160K)->11866K(12160K) NonClass: 10337K(10496K)->10337K(10496K) Class: 1528K(1664K)->1528K(1664K)
[218.595s][info][gc             ] GC(1505) Pause Young (Allocation Failure) 629M->84M(1979M) 0.705ms
[218.595s][info][gc,cpu         ] GC(1505) User=0.00s Sys=0.00s Real=0.00s
[218.730s][info][gc,start       ] GC(1506) Pause Young (Allocation Failure)
[218.731s][info][gc,heap        ] GC(1506) DefNew: 560368K(629120K)->1716K(629120K) Eden: 559232K(559232K)->0K(559232K) From: 1136K(69888K)->1716K(69888K)
[218.731s][info][gc,heap        ] GC(1506) Tenured: 85057K(1398144K)->85057K(1398144K)
[218.731s][info][gc,metaspace   ] GC(1506) Metaspace: 11866K(12160K)->11866K(12160K) NonClass: 10337K(10496K)->10337K(10496K) Class: 1528K(1664K)->1528K(1664K)
[218.731s][info][gc             ] GC(1506) Pause Young (Allocation Failure) 630M->84M(1979M) 0.858ms
[218.731s][info][gc,cpu         ] GC(1506) User=0.00s Sys=0.00s Real=0.00s
[218.866s][info][gc,start       ] GC(1507) Pause Young (Allocation Failure)
[218.867s][info][gc,heap        ] GC(1507) DefNew: 560948K(629120K)->2222K(629120K) Eden: 559232K(559232K)->0K(559232K) From: 1716K(69888K)->2222K(69888K)
[218.867s][info][gc,heap        ] GC(1507) Tenured: 85057K(1398144K)->85057K(1398144K)
[218.867s][info][gc,metaspace   ] GC(1507) Metaspace: 11866K(12160K)->11866K(12160K) NonClass: 10337K(10496K)->10337K(10496K) Class: 1528K(1664K)->1528K(1664K)
[218.867s][info][gc             ] GC(1507) Pause Young (Allocation Failure) 630M->85M(1979M) 1.078ms
[218.867s][info][gc,cpu         ] GC(1507) User=0.00s Sys=0.00s Real=0.00s
[219.001s][info][gc,start       ] GC(1508) Pause Young (Allocation Failure)
[219.002s][info][gc,heap        ] GC(1508) DefNew: 561454K(629120K)->2421K(629120K) Eden: 559232K(559232K)->0K(559232K) From: 2222K(69888K)->2421K(69888K)
[219.002s][info][gc,heap        ] GC(1508) Tenured: 85057K(1398144K)->85057K(1398144K)
[219.002s][info][gc,metaspace   ] GC(1508) Metaspace: 11866K(12160K)->11866K(12160K) NonClass: 10337K(10496K)->10337K(10496K) Class: 1528K(1664K)->1528K(1664K)
[219.002s][info][gc             ] GC(1508) Pause Young (Allocation Failure) 631M->85M(1979M) 1.128ms
[219.002s][info][gc,cpu         ] GC(1508) User=0.00s Sys=0.00s Real=0.00s
[219.140s][info][gc,start       ] GC(1509) Pause Young (Allocation Failure)
[219.141s][info][gc,heap        ] GC(1509) DefNew: 561653K(629120K)->36K(629120K) Eden: 559232K(559232K)->0K(559232K) From: 2421K(69888K)->36K(69888K)
[219.141s][info][gc,heap        ] GC(1509) Tenured: 85057K(1398144K)->85057K(1398144K)
[219.141s][info][gc,metaspace   ] GC(1509) Metaspace: 11866K(12160K)->11866K(12160K) NonClass: 10337K(10496K)->10337K(10496K) Class: 1528K(1664K)->1528K(1664K)
[219.141s][info][gc             ] GC(1509) Pause Young (Allocation Failure) 631M->83M(1979M) 0.350ms
[219.141s][info][gc,cpu         ] GC(1509) User=0.00s Sys=0.00s Real=0.00s
[219.275s][info][gc,start       ] GC(1510) Pause Young (Allocation Failure)
[219.275s][info][gc,heap        ] GC(1510) DefNew: 559268K(629120K)->443K(629120K) Eden: 559232K(559232K)->0K(559232K) From: 36K(69888K)->443K(69888K)
[219.275s][info][gc,heap        ] GC(1510) Tenured: 85057K(1398144K)->85057K(1398144K)
[219.275s][info][gc,metaspace   ] GC(1510) Metaspace: 11866K(12160K)->11866K(12160K) NonClass: 10337K(10496K)->10337K(10496K) Class: 1528K(1664K)->1528K(1664K)
[219.275s][info][gc             ] GC(1510) Pause Young (Allocation Failure) 629M->83M(1979M) 0.494ms
[219.275s][info][gc,cpu         ] GC(1510) User=0.00s Sys=0.00s Real=0.00s
[219.409s][info][gc,start       ] GC(1511) Pause Young (Allocation Failure)
[219.410s][info][gc,heap        ] GC(1511) DefNew: 559675K(629120K)->892K(629120K) Eden: 559232K(559232K)->0K(559232K) From: 443K(69888K)->892K(69888K)
[219.410s][info][gc,heap        ] GC(1511) Tenured: 85057K(1398144K)->85058K(1398144K)
[219.410s][info][gc,metaspace   ] GC(1511) Metaspace: 11866K(12160K)->11866K(12160K) NonClass: 10337K(10496K)->10337K(10496K) Class: 1528K(1664K)->1528K(1664K)
[219.410s][info][gc             ] GC(1511) Pause Young (Allocation Failure) 629M->83M(1979M) 0.659ms
[219.410s][info][gc,cpu         ] GC(1511) User=0.00s Sys=0.00s Real=0.00s
[219.549s][info][gc,start       ] GC(1512) Pause Young (Allocation Failure)
[219.550s][info][gc,heap        ] GC(1512) DefNew: 560124K(629120K)->1297K(629120K) Eden: 559232K(559232K)->0K(559232K) From: 892K(69888K)->1297K(69888K)
[219.550s][info][gc,heap        ] GC(1512) Tenured: 85058K(1398144K)->85058K(1398144K)
[219.550s][info][gc,metaspace   ] GC(1512) Metaspace: 11866K(12160K)->11866K(12160K) NonClass: 10337K(10496K)->10337K(10496K) Class: 1528K(1664K)->1528K(1664K)
[219.550s][info][gc             ] GC(1512) Pause Young (Allocation Failure) 630M->84M(1979M) 0.769ms
[219.550s][info][gc,cpu         ] GC(1512) User=0.00s Sys=0.00s Real=0.00s
[219.681s][info][gc,start       ] GC(1513) Pause Full (System.gc())
[219.681s][info][gc,phases,start] GC(1513) Phase 1: Mark live objects
[219.734s][info][gc,phases      ] GC(1513) Phase 1: Mark live objects 52.539ms
[219.734s][info][gc,phases,start] GC(1513) Phase 2: Compute new object addresses
[219.787s][info][gc,phases      ] GC(1513) Phase 2: Compute new object addresses 53.636ms
[219.787s][info][gc,phases,start] GC(1513) Phase 3: Adjust pointers
[219.809s][info][gc,phases      ] GC(1513) Phase 3: Adjust pointers 21.207ms
[219.809s][info][gc,phases,start] GC(1513) Phase 4: Move objects
[219.809s][info][gc,phases      ] GC(1513) Phase 4: Move objects 0.010ms
[219.809s][info][gc,heap        ] GC(1513) DefNew: 532594K(629120K)->0K(629120K) Eden: 531296K(559232K)->0K(559232K) From: 1297K(69888K)->0K(69888K)
[219.809s][info][gc,heap        ] GC(1513) Tenured: 85058K(1398144K)->85058K(1398144K)
[219.809s][info][gc,metaspace   ] GC(1513) Metaspace: 11866K(12160K)->11866K(12160K) NonClass: 10337K(10496K)->10337K(10496K) Class: 1528K(1664K)->1528K(1664K)
[219.809s][info][gc             ] GC(1513) Pause Full (System.gc()) 603M->83M(1979M) 127.695ms
[219.809s][info][gc,cpu         ] GC(1513) User=0.11s Sys=0.00s Real=0.12s
[219.952s][info][gc,start       ] GC(1514) Pause Young (Allocation Failure)
[219.952s][info][gc,heap        ] GC(1514) DefNew: 559232K(629120K)->456K(629120K) Eden: 559232K(559232K)->0K(559232K) From: 0K(69888K)->456K(69888K)
[219.952s][info][gc,heap        ] GC(1514) Tenured: 85058K(1398144K)->85058K(1398144K)
[219.952s][info][gc,metaspace   ] GC(1514) Metaspace: 11871K(12160K)->11871K(12160K) NonClass: 10342K(10496K)->10342K(10496K) Class: 1528K(1664K)->1528K(1664K)
[219.952s][info][gc             ] GC(1514) Pause Young (Allocation Failure) 629M->83M(1979M) 0.490ms
[219.952s][info][gc,cpu         ] GC(1514) User=0.00s Sys=0.00s Real=0.00s
[220.086s][info][gc,start       ] GC(1515) Pause Young (Allocation Failure)
[220.087s][info][gc,heap        ] GC(1515) DefNew: 559688K(629120K)->862K(629120K) Eden: 559232K(559232K)->0K(559232K) From: 456K(69888K)->862K(69888K)
[220.087s][info][gc,heap        ] GC(1515) Tenured: 85058K(1398144K)->85058K(1398144K)
[220.087s][info][gc,metaspace   ] GC(1515) Metaspace: 11871K(12160K)->11871K(12160K) NonClass: 10342K(10496K)->10342K(10496K) Class: 1528K(1664K)->1528K(1664K)
[220.087s][info][gc             ] GC(1515) Pause Young (Allocation Failure) 629M->83M(1979M) 0.597ms
[220.087s][info][gc,cpu         ] GC(1515) User=0.00s Sys=0.00s Real=0.00s
[220.221s][info][gc,start       ] GC(1516) Pause Young (Allocation Failure)
[220.221s][info][gc,heap        ] GC(1516) DefNew: 560094K(629120K)->1150K(629120K) Eden: 559232K(559232K)->0K(559232K) From: 862K(69888K)->1150K(69888K)
[220.221s][info][gc,heap        ] GC(1516) Tenured: 85058K(1398144K)->85058K(1398144K)
[220.221s][info][gc,metaspace   ] GC(1516) Metaspace: 11871K(12160K)->11871K(12160K) NonClass: 10342K(10496K)->10342K(10496K) Class: 1528K(1664K)->1528K(1664K)
[220.221s][info][gc             ] GC(1516) Pause Young (Allocation Failure) 630M->84M(1979M) 0.712ms
[220.221s][info][gc,cpu         ] GC(1516) User=0.00s Sys=0.00s Real=0.00s
[220.355s][info][gc,start       ] GC(1517) Pause Young (Allocation Failure)
[220.356s][info][gc,heap        ] GC(1517) DefNew: 560382K(629120K)->1494K(629120K) Eden: 559232K(559232K)->0K(559232K) From: 1150K(69888K)->1494K(69888K)
[220.356s][info][gc,heap        ] GC(1517) Tenured: 85058K(1398144K)->85058K(1398144K)
[220.356s][info][gc,metaspace   ] GC(1517) Metaspace: 11871K(12160K)->11871K(12160K) NonClass: 10342K(10496K)->10342K(10496K) Class: 1528K(1664K)->1528K(1664K)
[220.356s][info][gc             ] GC(1517) Pause Young (Allocation Failure) 630M->84M(1979M) 0.810ms
[220.356s][info][gc,cpu         ] GC(1517) User=0.00s Sys=0.00s Real=0.00s
[220.491s][info][gc,start       ] GC(1518) Pause Young (Allocation Failure)
[220.492s][info][gc,heap        ] GC(1518) DefNew: 560726K(629120K)->1960K(629120K) Eden: 559232K(559232K)->0K(559232K) From: 1494K(69888K)->1960K(69888K)
[220.493s][info][gc,heap        ] GC(1518) Tenured: 85058K(1398144K)->85058K(1398144K)
[220.493s][info][gc,metaspace   ] GC(1518) Metaspace: 11871K(12160K)->11871K(12160K) NonClass: 10342K(10496K)->10342K(10496K) Class: 1528K(1664K)->1528K(1664K)
[220.493s][info][gc             ] GC(1518) Pause Young (Allocation Failure) 630M->84M(1979M) 1.061ms
[220.493s][info][gc,cpu         ] GC(1518) User=0.00s Sys=0.00s Real=0.00s
[220.633s][info][gc,start       ] GC(1519) Pause Young (Allocation Failure)
[220.634s][info][gc,heap        ] GC(1519) DefNew: 561183K(629120K)->2490K(629120K) Eden: 559222K(559232K)->0K(559232K) From: 1960K(69888K)->2490K(69888K)
[220.634s][info][gc,heap        ] GC(1519) Tenured: 85058K(1398144K)->85058K(1398144K)
[220.634s][info][gc,metaspace   ] GC(1519) Metaspace: 11871K(12160K)->11871K(12160K) NonClass: 10342K(10496K)->10342K(10496K) Class: 1528K(1664K)->1528K(1664K)
[220.634s][info][gc             ] GC(1519) Pause Young (Allocation Failure) 631M->85M(1979M) 1.134ms
[220.634s][info][gc,cpu         ] GC(1519) User=0.00s Sys=0.00s Real=0.00s
[220.769s][info][gc,start       ] GC(1520) Pause Young (Allocation Failure)
[220.770s][info][gc,heap        ] GC(1520) DefNew: 561722K(629120K)->2151K(629120K) Eden: 559232K(559232K)->0K(559232K) From: 2490K(69888K)->2151K(69888K)
[220.770s][info][gc,heap        ] GC(1520) Tenured: 85058K(1398144K)->85058K(1398144K)
[220.770s][info][gc,metaspace   ] GC(1520) Metaspace: 11871K(12160K)->11871K(12160K) NonClass: 10342K(10496K)->10342K(10496K) Class: 1528K(1664K)->1528K(1664K)
[220.770s][info][gc             ] GC(1520) Pause Young (Allocation Failure) 631M->85M(1979M) 0.966ms
[220.770s][info][gc,cpu         ] GC(1520) User=0.00s Sys=0.00s Real=0.00s
[220.908s][info][gc,start       ] GC(1521) Pause Young (Allocation Failure)
[220.909s][info][gc,heap        ] GC(1521) DefNew: 561383K(629120K)->249K(629120K) Eden: 559232K(559232K)->0K(559232K) From: 2151K(69888K)->249K(69888K)
[220.909s][info][gc,heap        ] GC(1521) Tenured: 85058K(1398144K)->85058K(1398144K)
[220.909s][info][gc,metaspace   ] GC(1521) Metaspace: 11871K(12160K)->11871K(12160K) NonClass: 10342K(10496K)->10342K(10496K) Class: 1528K(1664K)->1528K(1664K)
[220.909s][info][gc             ] GC(1521) Pause Young (Allocation Failure) 631M->83M(1979M) 0.441ms
[220.909s][info][gc,cpu         ] GC(1521) User=0.00s Sys=0.00s Real=0.00s
[221.043s][info][gc,start       ] GC(1522) Pause Young (Allocation Failure)
[221.044s][info][gc,heap        ] GC(1522) DefNew: 559481K(629120K)->692K(629120K) Eden: 559232K(559232K)->0K(559232K) From: 249K(69888K)->692K(69888K)
[221.044s][info][gc,heap        ] GC(1522) Tenured: 85058K(1398144K)->85058K(1398144K)
[221.044s][info][gc,metaspace   ] GC(1522) Metaspace: 11871K(12160K)->11871K(12160K) NonClass: 10342K(10496K)->10342K(10496K) Class: 1528K(1664K)->1528K(1664K)
[221.044s][info][gc             ] GC(1522) Pause Young (Allocation Failure) 629M->83M(1979M) 0.580ms
[221.044s][info][gc,cpu         ] GC(1522) User=0.00s Sys=0.00s Real=0.00s
[221.178s][info][gc,start       ] GC(1523) Pause Young (Allocation Failure)
[221.179s][info][gc,heap        ] GC(1523) DefNew: 559924K(629120K)->921K(629120K) Eden: 559232K(559232K)->0K(559232K) From: 692K(69888K)->921K(69888K)
[221.179s][info][gc,heap        ] GC(1523) Tenured: 85058K(1398144K)->85058K(1398144K)
[221.179s][info][gc,metaspace   ] GC(1523) Metaspace: 11871K(12160K)->11871K(12160K) NonClass: 10342K(10496K)->10342K(10496K) Class: 1528K(1664K)->1528K(1664K)
[221.179s][info][gc             ] GC(1523) Pause Young (Allocation Failure) 629M->83M(1979M) 0.667ms
[221.179s][info][gc,cpu         ] GC(1523) User=0.00s Sys=0.00s Real=0.00s
[221.313s][info][gc,start       ] GC(1524) Pause Young (Allocation Failure)
[221.314s][info][gc,heap        ] GC(1524) DefNew: 560153K(629120K)->1302K(629120K) Eden: 559232K(559232K)->0K(559232K) From: 921K(69888K)->1302K(69888K)
[221.314s][info][gc,heap        ] GC(1524) Tenured: 85058K(1398144K)->85058K(1398144K)
[221.314s][info][gc,metaspace   ] GC(1524) Metaspace: 11871K(12160K)->11871K(12160K) NonClass: 10342K(10496K)->10342K(10496K) Class: 1528K(1664K)->1528K(1664K)
[221.314s][info][gc             ] GC(1524) Pause Young (Allocation Failure) 630M->84M(1979M) 0.785ms
[221.314s][info][gc,cpu         ] GC(1524) User=0.00s Sys=0.00s Real=0.00s
[221.447s][info][gc,start       ] GC(1525) Pause Young (Allocation Failure)
[221.448s][info][gc,heap        ] GC(1525) DefNew: 560534K(629120K)->1643K(629120K) Eden: 559232K(559232K)->0K(559232K) From: 1302K(69888K)->1643K(69888K)
[221.448s][info][gc,heap        ] GC(1525) Tenured: 85058K(1398144K)->85058K(1398144K)
[221.448s][info][gc,metaspace   ] GC(1525) Metaspace: 11871K(12160K)->11871K(12160K) NonClass: 10342K(10496K)->10342K(10496K) Class: 1528K(1664K)->1528K(1664K)
[221.448s][info][gc             ] GC(1525) Pause Young (Allocation Failure) 630M->84M(1979M) 0.942ms
[221.448s][info][gc,cpu         ] GC(1525) User=0.00s Sys=0.00s Real=0.00s
[221.589s][info][gc,start       ] GC(1526) Pause Young (Allocation Failure)
[221.590s][info][gc,heap        ] GC(1526) DefNew: 560875K(629120K)->2205K(629120K) Eden: 559232K(559232K)->0K(559232K) From: 1643K(69888K)->2205K(69888K)
[221.590s][info][gc,heap        ] GC(1526) Tenured: 85058K(1398144K)->85058K(1398144K)
[221.590s][info][gc,metaspace   ] GC(1526) Metaspace: 11871K(12160K)->11871K(12160K) NonClass: 10342K(10496K)->10342K(10496K) Class: 1528K(1664K)->1528K(1664K)
[221.590s][info][gc             ] GC(1526) Pause Young (Allocation Failure) 630M->85M(1979M) 1.071ms
[221.590s][info][gc,cpu         ] GC(1526) User=0.00s Sys=0.00s Real=0.00s
[221.726s][info][gc,start       ] GC(1527) Pause Young (Allocation Failure)
[221.727s][info][gc,heap        ] GC(1527) DefNew: 561437K(629120K)->2423K(629120K) Eden: 559232K(559232K)->0K(559232K) From: 2205K(69888K)->2423K(69888K)
[221.728s][info][gc,heap        ] GC(1527) Tenured: 85058K(1398144K)->85058K(1398144K)
[221.728s][info][gc,metaspace   ] GC(1527) Metaspace: 11871K(12160K)->11871K(12160K) NonClass: 10342K(10496K)->10342K(10496K) Class: 1528K(1664K)->1528K(1664K)
[221.728s][info][gc             ] GC(1527) Pause Young (Allocation Failure) 631M->85M(1979M) 1.177ms
[221.728s][info][gc,cpu         ] GC(1527) User=0.00s Sys=0.00s Real=0.00s
[221.866s][info][gc,start       ] GC(1528) Pause Young (Allocation Failure)
[221.866s][info][gc,heap        ] GC(1528) DefNew: 561655K(629120K)->65K(629120K) Eden: 559232K(559232K)->0K(559232K) From: 2423K(69888K)->65K(69888K)
[221.866s][info][gc,heap        ] GC(1528) Tenured: 85058K(1398144K)->85058K(1398144K)
[221.866s][info][gc,metaspace   ] GC(1528) Metaspace: 11871K(12160K)->11871K(12160K) NonClass: 10342K(10496K)->10342K(10496K) Class: 1528K(1664K)->1528K(1664K)
[221.866s][info][gc             ] GC(1528) Pause Young (Allocation Failure) 631M->83M(1979M) 0.357ms
[221.866s][info][gc,cpu         ] GC(1528) User=0.00s Sys=0.00s Real=0.00s
[222.001s][info][gc,start       ] GC(1529) Pause Young (Allocation Failure)
[222.002s][info][gc,heap        ] GC(1529) DefNew: 559297K(629120K)->428K(629120K) Eden: 559232K(559232K)->0K(559232K) From: 65K(69888K)->428K(69888K)
[222.002s][info][gc,heap        ] GC(1529) Tenured: 85058K(1398144K)->85058K(1398144K)
[222.002s][info][gc,metaspace   ] GC(1529) Metaspace: 11871K(12160K)->11871K(12160K) NonClass: 10342K(10496K)->10342K(10496K) Class: 1528K(1664K)->1528K(1664K)
[222.002s][info][gc             ] GC(1529) Pause Young (Allocation Failure) 629M->83M(1979M) 0.497ms
[222.002s][info][gc,cpu         ] GC(1529) User=0.00s Sys=0.00s Real=0.00s
[222.136s][info][gc,start       ] GC(1530) Pause Young (Allocation Failure)
[222.137s][info][gc,heap        ] GC(1530) DefNew: 559660K(629120K)->797K(629120K) Eden: 559232K(559232K)->0K(559232K) From: 428K(69888K)->797K(69888K)
[222.137s][info][gc,heap        ] GC(1530) Tenured: 85058K(1398144K)->85058K(1398144K)
[222.137s][info][gc,metaspace   ] GC(1530) Metaspace: 11871K(12160K)->11871K(12160K) NonClass: 10342K(10496K)->10342K(10496K) Class: 1528K(1664K)->1528K(1664K)
[222.137s][info][gc             ] GC(1530) Pause Young (Allocation Failure) 629M->83M(1979M) 0.619ms
[222.137s][info][gc,cpu         ] GC(1530) User=0.00s Sys=0.00s Real=0.00s
[222.268s][info][gc,start       ] GC(1531) Pause Full (System.gc())
[222.268s][info][gc,phases,start] GC(1531) Phase 1: Mark live objects
[222.320s][info][gc,phases      ] GC(1531) Phase 1: Mark live objects 52.542ms
[222.321s][info][gc,phases,start] GC(1531) Phase 2: Compute new object addresses
[222.374s][info][gc,phases      ] GC(1531) Phase 2: Compute new object addresses 53.770ms
[222.374s][info][gc,phases,start] GC(1531) Phase 3: Adjust pointers
[222.395s][info][gc,phases      ] GC(1531) Phase 3: Adjust pointers 20.966ms
[222.395s][info][gc,phases,start] GC(1531) Phase 4: Move objects
[222.395s][info][gc,phases      ] GC(1531) Phase 4: Move objects 0.009ms
[222.395s][info][gc,heap        ] GC(1531) DefNew: 540246K(629120K)->0K(629120K) Eden: 539449K(559232K)->0K(559232K) From: 797K(69888K)->0K(69888K)
[222.396s][info][gc,heap        ] GC(1531) Tenured: 85058K(1398144K)->85058K(1398144K)
[222.396s][info][gc,metaspace   ] GC(1531) Metaspace: 11871K(12160K)->11871K(12160K) NonClass: 10342K(10496K)->10342K(10496K) Class: 1528K(1664K)->1528K(1664K)
[222.396s][info][gc             ] GC(1531) Pause Full (System.gc()) 610M->83M(1979M) 127.759ms
[222.396s][info][gc,cpu         ] GC(1531) User=0.11s Sys=0.00s Real=0.13s
[222.543s][info][gc,start       ] GC(1532) Pause Young (Allocation Failure)
[222.543s][info][gc,heap        ] GC(1532) DefNew: 559232K(629120K)->371K(629120K) Eden: 559232K(559232K)->0K(559232K) From: 0K(69888K)->371K(69888K)
[222.543s][info][gc,heap        ] GC(1532) Tenured: 85058K(1398144K)->85058K(1398144K)
[222.543s][info][gc,metaspace   ] GC(1532) Metaspace: 11872K(12160K)->11872K(12160K) NonClass: 10343K(10496K)->10343K(10496K) Class: 1528K(1664K)->1528K(1664K)
[222.543s][info][gc             ] GC(1532) Pause Young (Allocation Failure) 629M->83M(1979M) 0.498ms
[222.543s][info][gc,cpu         ] GC(1532) User=0.00s Sys=0.00s Real=0.00s
[222.678s][info][gc,start       ] GC(1533) Pause Young (Allocation Failure)
[222.679s][info][gc,heap        ] GC(1533) DefNew: 559603K(629120K)->902K(629120K) Eden: 559232K(559232K)->0K(559232K) From: 371K(69888K)->902K(69888K)
[222.679s][info][gc,heap        ] GC(1533) Tenured: 85058K(1398144K)->85058K(1398144K)
[222.679s][info][gc,metaspace   ] GC(1533) Metaspace: 11872K(12160K)->11872K(12160K) NonClass: 10343K(10496K)->10343K(10496K) Class: 1528K(1664K)->1528K(1664K)
[222.679s][info][gc             ] GC(1533) Pause Young (Allocation Failure) 629M->83M(1979M) 0.665ms
[222.679s][info][gc,cpu         ] GC(1533) User=0.00s Sys=0.00s Real=0.00s
[222.814s][info][gc,start       ] GC(1534) Pause Young (Allocation Failure)
[222.815s][info][gc,heap        ] GC(1534) DefNew: 560134K(629120K)->1200K(629120K) Eden: 559232K(559232K)->0K(559232K) From: 902K(69888K)->1200K(69888K)
[222.815s][info][gc,heap        ] GC(1534) Tenured: 85058K(1398144K)->85058K(1398144K)
[222.815s][info][gc,metaspace   ] GC(1534) Metaspace: 11872K(12160K)->11872K(12160K) NonClass: 10343K(10496K)->10343K(10496K) Class: 1528K(1664K)->1528K(1664K)
[222.815s][info][gc             ] GC(1534) Pause Young (Allocation Failure) 630M->84M(1979M) 0.734ms
[222.815s][info][gc,cpu         ] GC(1534) User=0.00s Sys=0.00s Real=0.00s
[222.949s][info][gc,start       ] GC(1535) Pause Young (Allocation Failure)
[222.950s][info][gc,heap        ] GC(1535) DefNew: 560432K(629120K)->1632K(629120K) Eden: 559232K(559232K)->0K(559232K) From: 1200K(69888K)->1632K(69888K)
[222.950s][info][gc,heap        ] GC(1535) Tenured: 85058K(1398144K)->85058K(1398144K)
[222.950s][info][gc,metaspace   ] GC(1535) Metaspace: 11872K(12160K)->11872K(12160K) NonClass: 10343K(10496K)->10343K(10496K) Class: 1528K(1664K)->1528K(1664K)
[222.950s][info][gc             ] GC(1535) Pause Young (Allocation Failure) 630M->84M(1979M) 0.896ms
[222.950s][info][gc,cpu         ] GC(1535) User=0.00s Sys=0.00s Real=0.00s
[223.084s][info][gc,start       ] GC(1536) Pause Young (Allocation Failure)
[223.085s][info][gc,heap        ] GC(1536) DefNew: 560864K(629120K)->1702K(629120K) Eden: 559232K(559232K)->0K(559232K) From: 1632K(69888K)->1702K(69888K)
[223.085s][info][gc,heap        ] GC(1536) Tenured: 85058K(1398144K)->85058K(1398144K)
[223.085s][info][gc,metaspace   ] GC(1536) Metaspace: 11872K(12160K)->11872K(12160K) NonClass: 10343K(10496K)->10343K(10496K) Class: 1528K(1664K)->1528K(1664K)
[223.085s][info][gc             ] GC(1536) Pause Young (Allocation Failure) 630M->84M(1979M) 0.888ms
[223.085s][info][gc,cpu         ] GC(1536) User=0.00s Sys=0.00s Real=0.00s
[223.219s][info][gc,start       ] GC(1537) Pause Young (Allocation Failure)
[223.220s][info][gc,heap        ] GC(1537) DefNew: 560923K(629120K)->2352K(629120K) Eden: 559221K(559232K)->0K(559232K) From: 1702K(69888K)->2352K(69888K)
[223.220s][info][gc,heap        ] GC(1537) Tenured: 85058K(1398144K)->85058K(1398144K)
[223.220s][info][gc,metaspace   ] GC(1537) Metaspace: 11872K(12160K)->11872K(12160K) NonClass: 10343K(10496K)->10343K(10496K) Class: 1528K(1664K)->1528K(1664K)
[223.220s][info][gc             ] GC(1537) Pause Young (Allocation Failure) 630M->85M(1979M) 1.237ms
[223.220s][info][gc,cpu         ] GC(1537) User=0.00s Sys=0.00s Real=0.00s
[223.354s][info][gc,start       ] GC(1538) Pause Young (Allocation Failure)
[223.355s][info][gc,heap        ] GC(1538) DefNew: 561584K(629120K)->2396K(629120K) Eden: 559232K(559232K)->0K(559232K) From: 2352K(69888K)->2396K(69888K)
[223.355s][info][gc,heap        ] GC(1538) Tenured: 85058K(1398144K)->85058K(1398144K)
[223.355s][info][gc,metaspace   ] GC(1538) Metaspace: 11872K(12160K)->11872K(12160K) NonClass: 10343K(10496K)->10343K(10496K) Class: 1528K(1664K)->1528K(1664K)
[223.355s][info][gc             ] GC(1538) Pause Young (Allocation Failure) 631M->85M(1979M) 1.205ms
[223.355s][info][gc,cpu         ] GC(1538) User=0.00s Sys=0.00s Real=0.00s
[223.493s][info][gc,start       ] GC(1539) Pause Young (Allocation Failure)
[223.493s][info][gc,heap        ] GC(1539) DefNew: 561628K(629120K)->62K(629120K) Eden: 559232K(559232K)->0K(559232K) From: 2396K(69888K)->62K(69888K)
[223.493s][info][gc,heap        ] GC(1539) Tenured: 85058K(1398144K)->85058K(1398144K)
[223.493s][info][gc,metaspace   ] GC(1539) Metaspace: 11872K(12160K)->11872K(12160K) NonClass: 10343K(10496K)->10343K(10496K) Class: 1528K(1664K)->1528K(1664K)
[223.493s][info][gc             ] GC(1539) Pause Young (Allocation Failure) 631M->83M(1979M) 0.366ms
[223.493s][info][gc,cpu         ] GC(1539) User=0.00s Sys=0.00s Real=0.00s
[223.634s][info][gc,start       ] GC(1540) Pause Young (Allocation Failure)
[223.634s][info][gc,heap        ] GC(1540) DefNew: 559294K(629120K)->423K(629120K) Eden: 559232K(559232K)->0K(559232K) From: 62K(69888K)->423K(69888K)
[223.634s][info][gc,heap        ] GC(1540) Tenured: 85058K(1398144K)->85058K(1398144K)
[223.634s][info][gc,metaspace   ] GC(1540) Metaspace: 11872K(12160K)->11872K(12160K) NonClass: 10343K(10496K)->10343K(10496K) Class: 1528K(1664K)->1528K(1664K)
[223.634s][info][gc             ] GC(1540) Pause Young (Allocation Failure) 629M->83M(1979M) 0.481ms
[223.634s][info][gc,cpu         ] GC(1540) User=0.00s Sys=0.00s Real=0.00s
[223.771s][info][gc,start       ] GC(1541) Pause Young (Allocation Failure)
[223.772s][info][gc,heap        ] GC(1541) DefNew: 559655K(629120K)->912K(629120K) Eden: 559232K(559232K)->0K(559232K) From: 423K(69888K)->912K(69888K)
[223.772s][info][gc,heap        ] GC(1541) Tenured: 85058K(1398144K)->85058K(1398144K)
[223.772s][info][gc,metaspace   ] GC(1541) Metaspace: 11872K(12160K)->11872K(12160K) NonClass: 10343K(10496K)->10343K(10496K) Class: 1528K(1664K)->1528K(1664K)
[223.772s][info][gc             ] GC(1541) Pause Young (Allocation Failure) 629M->83M(1979M) 0.661ms
[223.772s][info][gc,cpu         ] GC(1541) User=0.00s Sys=0.00s Real=0.00s
[223.907s][info][gc,start       ] GC(1542) Pause Young (Allocation Failure)
[223.907s][info][gc,heap        ] GC(1542) DefNew: 560144K(629120K)->1265K(629120K) Eden: 559232K(559232K)->0K(559232K) From: 912K(69888K)->1265K(69888K)
[223.907s][info][gc,heap        ] GC(1542) Tenured: 85058K(1398144K)->85058K(1398144K)
[223.907s][info][gc,metaspace   ] GC(1542) Metaspace: 11872K(12160K)->11872K(12160K) NonClass: 10343K(10496K)->10343K(10496K) Class: 1528K(1664K)->1528K(1664K)
[223.907s][info][gc             ] GC(1542) Pause Young (Allocation Failure) 630M->84M(1979M) 0.769ms
[223.907s][info][gc,cpu         ] GC(1542) User=0.00s Sys=0.00s Real=0.00s
[224.042s][info][gc,start       ] GC(1543) Pause Young (Allocation Failure)
[224.043s][info][gc,heap        ] GC(1543) DefNew: 560497K(629120K)->1707K(629120K) Eden: 559232K(559232K)->0K(559232K) From: 1265K(69888K)->1707K(69888K)
[224.043s][info][gc,heap        ] GC(1543) Tenured: 85058K(1398144K)->85058K(1398144K)
[224.043s][info][gc,metaspace   ] GC(1543) Metaspace: 11872K(12160K)->11872K(12160K) NonClass: 10343K(10496K)->10343K(10496K) Class: 1528K(1664K)->1528K(1664K)
[224.043s][info][gc             ] GC(1543) Pause Young (Allocation Failure) 630M->84M(1979M) 0.915ms
[224.043s][info][gc,cpu         ] GC(1543) User=0.00s Sys=0.00s Real=0.00s
[224.177s][info][gc,start       ] GC(1544) Pause Young (Allocation Failure)
[224.178s][info][gc,heap        ] GC(1544) DefNew: 560939K(629120K)->2111K(629120K) Eden: 559232K(559232K)->0K(559232K) From: 1707K(69888K)->2111K(69888K)
[224.178s][info][gc,heap        ] GC(1544) Tenured: 85058K(1398144K)->85058K(1398144K)
[224.178s][info][gc,metaspace   ] GC(1544) Metaspace: 11872K(12160K)->11872K(12160K) NonClass: 10343K(10496K)->10343K(10496K) Class: 1528K(1664K)->1528K(1664K)
[224.178s][info][gc             ] GC(1544) Pause Young (Allocation Failure) 630M->85M(1979M) 0.990ms
[224.178s][info][gc,cpu         ] GC(1544) User=0.00s Sys=0.00s Real=0.00s
[224.312s][info][gc,start       ] GC(1545) Pause Young (Allocation Failure)
[224.313s][info][gc,heap        ] GC(1545) DefNew: 561343K(629120K)->2353K(629120K) Eden: 559232K(559232K)->0K(559232K) From: 2111K(69888K)->2353K(69888K)
[224.313s][info][gc,heap        ] GC(1545) Tenured: 85058K(1398144K)->85058K(1398144K)
[224.313s][info][gc,metaspace   ] GC(1545) Metaspace: 11872K(12160K)->11872K(12160K) NonClass: 10343K(10496K)->10343K(10496K) Class: 1528K(1664K)->1528K(1664K)
[224.313s][info][gc             ] GC(1545) Pause Young (Allocation Failure) 631M->85M(1979M) 1.107ms
[224.313s][info][gc,cpu         ] GC(1545) User=0.00s Sys=0.00s Real=0.00s
[224.446s][info][gc,start       ] GC(1546) Pause Young (Allocation Failure)
[224.448s][info][gc,heap        ] GC(1546) DefNew: 561443K(629120K)->3131K(629120K) Eden: 559089K(559232K)->0K(559232K) From: 2353K(69888K)->3131K(69888K)
[224.448s][info][gc,heap        ] GC(1546) Tenured: 85058K(1398144K)->85058K(1398144K)
[224.448s][info][gc,metaspace   ] GC(1546) Metaspace: 11872K(12160K)->11872K(12160K) NonClass: 10343K(10496K)->10343K(10496K) Class: 1528K(1664K)->1528K(1664K)
[224.448s][info][gc             ] GC(1546) Pause Young (Allocation Failure) 631M->86M(1979M) 1.448ms
[224.448s][info][gc,cpu         ] GC(1546) User=0.00s Sys=0.00s Real=0.00s
[224.592s][info][gc,start       ] GC(1547) Pause Young (Allocation Failure)
[224.593s][info][gc,heap        ] GC(1547) DefNew: 562363K(629120K)->256K(629120K) Eden: 559232K(559232K)->0K(559232K) From: 3131K(69888K)->256K(69888K)
[224.593s][info][gc,heap        ] GC(1547) Tenured: 85058K(1398144K)->85059K(1398144K)
[224.593s][info][gc,metaspace   ] GC(1547) Metaspace: 11872K(12160K)->11872K(12160K) NonClass: 10343K(10496K)->10343K(10496K) Class: 1528K(1664K)->1528K(1664K)
[224.593s][info][gc             ] GC(1547) Pause Young (Allocation Failure) 632M->83M(1979M) 0.448ms
[224.593s][info][gc,cpu         ] GC(1547) User=0.00s Sys=0.00s Real=0.00s
[224.729s][info][gc,start       ] GC(1548) Pause Young (Allocation Failure)
[224.730s][info][gc,heap        ] GC(1548) DefNew: 559488K(629120K)->788K(629120K) Eden: 559232K(559232K)->0K(559232K) From: 256K(69888K)->788K(69888K)
[224.730s][info][gc,heap        ] GC(1548) Tenured: 85059K(1398144K)->85059K(1398144K)
[224.730s][info][gc,metaspace   ] GC(1548) Metaspace: 11872K(12160K)->11872K(12160K) NonClass: 10343K(10496K)->10343K(10496K) Class: 1528K(1664K)->1528K(1664K)
[224.730s][info][gc             ] GC(1548) Pause Young (Allocation Failure) 629M->83M(1979M) 0.601ms
[224.730s][info][gc,cpu         ] GC(1548) User=0.00s Sys=0.00s Real=0.00s
[224.862s][info][gc,start       ] GC(1549) Pause Full (System.gc())
[224.862s][info][gc,phases,start] GC(1549) Phase 1: Mark live objects
[224.912s][info][gc,phases      ] GC(1549) Phase 1: Mark live objects 50.413ms
[224.912s][info][gc,phases,start] GC(1549) Phase 2: Compute new object addresses
[224.967s][info][gc,phases      ] GC(1549) Phase 2: Compute new object addresses 54.216ms
[224.967s][info][gc,phases,start] GC(1549) Phase 3: Adjust pointers
[224.988s][info][gc,phases      ] GC(1549) Phase 3: Adjust pointers 21.288ms
[224.988s][info][gc,phases,start] GC(1549) Phase 4: Move objects
[224.988s][info][gc,phases      ] GC(1549) Phase 4: Move objects 0.009ms
[224.988s][info][gc,heap        ] GC(1549) DefNew: 546920K(629120K)->0K(629120K) Eden: 546132K(559232K)->0K(559232K) From: 788K(69888K)->0K(69888K)
[224.988s][info][gc,heap        ] GC(1549) Tenured: 85059K(1398144K)->85059K(1398144K)
[224.988s][info][gc,metaspace   ] GC(1549) Metaspace: 11872K(12160K)->11872K(12160K) NonClass: 10343K(10496K)->10343K(10496K) Class: 1528K(1664K)->1528K(1664K)
[224.988s][info][gc             ] GC(1549) Pause Full (System.gc()) 617M->83M(1979M) 126.281ms
[224.988s][info][gc,cpu         ] GC(1549) User=0.11s Sys=0.00s Real=0.13s
[225.130s][info][gc,start       ] GC(1550) Pause Young (Allocation Failure)
[225.130s][info][gc,heap        ] GC(1550) DefNew: 559232K(629120K)->443K(629120K) Eden: 559232K(559232K)->0K(559232K) From: 0K(69888K)->443K(69888K)
[225.130s][info][gc,heap        ] GC(1550) Tenured: 85059K(1398144K)->85059K(1398144K)
[225.130s][info][gc,metaspace   ] GC(1550) Metaspace: 11872K(12160K)->11872K(12160K) NonClass: 10343K(10496K)->10343K(10496K) Class: 1528K(1664K)->1528K(1664K)
[225.130s][info][gc             ] GC(1550) Pause Young (Allocation Failure) 629M->83M(1979M) 0.491ms
[225.130s][info][gc,cpu         ] GC(1550) User=0.00s Sys=0.00s Real=0.00s
[225.264s][info][gc,start       ] GC(1551) Pause Young (Allocation Failure)
[225.265s][info][gc,heap        ] GC(1551) DefNew: 559675K(629120K)->794K(629120K) Eden: 559232K(559232K)->0K(559232K) From: 443K(69888K)->794K(69888K)
[225.265s][info][gc,heap        ] GC(1551) Tenured: 85059K(1398144K)->85059K(1398144K)
[225.265s][info][gc,metaspace   ] GC(1551) Metaspace: 11872K(12160K)->11872K(12160K) NonClass: 10343K(10496K)->10343K(10496K) Class: 1528K(1664K)->1528K(1664K)
[225.265s][info][gc             ] GC(1551) Pause Young (Allocation Failure) 629M->83M(1979M) 0.585ms
[225.265s][info][gc,cpu         ] GC(1551) User=0.00s Sys=0.00s Real=0.00s
[225.398s][info][gc,start       ] GC(1552) Pause Young (Allocation Failure)
[225.399s][info][gc,heap        ] GC(1552) DefNew: 560026K(629120K)->1208K(629120K) Eden: 559232K(559232K)->0K(559232K) From: 794K(69888K)->1208K(69888K)
[225.399s][info][gc,heap        ] GC(1552) Tenured: 85059K(1398144K)->85059K(1398144K)
[225.399s][info][gc,metaspace   ] GC(1552) Metaspace: 11872K(12160K)->11872K(12160K) NonClass: 10343K(10496K)->10343K(10496K) Class: 1528K(1664K)->1528K(1664K)
[225.399s][info][gc             ] GC(1552) Pause Young (Allocation Failure) 629M->84M(1979M) 0.716ms
[225.399s][info][gc,cpu         ] GC(1552) User=0.00s Sys=0.00s Real=0.00s
[225.539s][info][gc,start       ] GC(1553) Pause Young (Allocation Failure)
[225.540s][info][gc,heap        ] GC(1553) DefNew: 560440K(629120K)->1893K(629120K) Eden: 559232K(559232K)->0K(559232K) From: 1208K(69888K)->1893K(69888K)
[225.540s][info][gc,heap        ] GC(1553) Tenured: 85059K(1398144K)->85059K(1398144K)
[225.540s][info][gc,metaspace   ] GC(1553) Metaspace: 11872K(12160K)->11872K(12160K) NonClass: 10343K(10496K)->10343K(10496K) Class: 1528K(1664K)->1528K(1664K)
[225.540s][info][gc             ] GC(1553) Pause Young (Allocation Failure) 630M->84M(1979M) 0.932ms
[225.540s][info][gc,cpu         ] GC(1553) User=0.00s Sys=0.00s Real=0.00s
[225.676s][info][gc,start       ] GC(1554) Pause Young (Allocation Failure)
[225.677s][info][gc,heap        ] GC(1554) DefNew: 561125K(629120K)->1827K(629120K) Eden: 559232K(559232K)->0K(559232K) From: 1893K(69888K)->1827K(69888K)
[225.677s][info][gc,heap        ] GC(1554) Tenured: 85059K(1398144K)->85059K(1398144K)
[225.677s][info][gc,metaspace   ] GC(1554) Metaspace: 11872K(12160K)->11872K(12160K) NonClass: 10343K(10496K)->10343K(10496K) Class: 1528K(1664K)->1528K(1664K)
[225.677s][info][gc             ] GC(1554) Pause Young (Allocation Failure) 631M->84M(1979M) 0.940ms
[225.677s][info][gc,cpu         ] GC(1554) User=0.00s Sys=0.00s Real=0.00s
[225.812s][info][gc,start       ] GC(1555) Pause Young (Allocation Failure)
[225.813s][info][gc,heap        ] GC(1555) DefNew: 561059K(629120K)->2344K(629120K) Eden: 559232K(559232K)->0K(559232K) From: 1827K(69888K)->2344K(69888K)
[225.813s][info][gc,heap        ] GC(1555) Tenured: 85059K(1398144K)->85059K(1398144K)
[225.813s][info][gc,metaspace   ] GC(1555) Metaspace: 11872K(12160K)->11872K(12160K) NonClass: 10343K(10496K)->10343K(10496K) Class: 1528K(1664K)->1528K(1664K)
[225.813s][info][gc             ] GC(1555) Pause Young (Allocation Failure) 630M->85M(1979M) 1.159ms
[225.813s][info][gc,cpu         ] GC(1555) User=0.00s Sys=0.00s Real=0.00s
[225.947s][info][gc,start       ] GC(1556) Pause Young (Allocation Failure)
[225.948s][info][gc,heap        ] GC(1556) DefNew: 561533K(629120K)->2542K(629120K) Eden: 559188K(559232K)->0K(559232K) From: 2344K(69888K)->2542K(69888K)
[225.948s][info][gc,heap        ] GC(1556) Tenured: 85059K(1398144K)->85059K(1398144K)
[225.948s][info][gc,metaspace   ] GC(1556) Metaspace: 11872K(12160K)->11872K(12160K) NonClass: 10343K(10496K)->10343K(10496K) Class: 1528K(1664K)->1528K(1664K)
[225.948s][info][gc             ] GC(1556) Pause Young (Allocation Failure) 631M->85M(1979M) 1.212ms
[225.948s][info][gc,cpu         ] GC(1556) User=0.00s Sys=0.00s Real=0.00s
[226.086s][info][gc,start       ] GC(1557) Pause Young (Allocation Failure)
[226.087s][info][gc,heap        ] GC(1557) DefNew: 561774K(629120K)->350K(629120K) Eden: 559232K(559232K)->0K(559232K) From: 2542K(69888K)->350K(69888K)
[226.087s][info][gc,heap        ] GC(1557) Tenured: 85059K(1398144K)->85059K(1398144K)
[226.087s][info][gc,metaspace   ] GC(1557) Metaspace: 11872K(12160K)->11872K(12160K) NonClass: 10343K(10496K)->10343K(10496K) Class: 1528K(1664K)->1528K(1664K)
[226.087s][info][gc             ] GC(1557) Pause Young (Allocation Failure) 631M->83M(1979M) 0.484ms
[226.087s][info][gc,cpu         ] GC(1557) User=0.00s Sys=0.00s Real=0.00s
[226.221s][info][gc,start       ] GC(1558) Pause Young (Allocation Failure)
[226.222s][info][gc,heap        ] GC(1558) DefNew: 559582K(629120K)->916K(629120K) Eden: 559232K(559232K)->0K(559232K) From: 350K(69888K)->916K(69888K)
[226.222s][info][gc,heap        ] GC(1558) Tenured: 85059K(1398144K)->85059K(1398144K)
[226.222s][info][gc,metaspace   ] GC(1558) Metaspace: 11872K(12160K)->11872K(12160K) NonClass: 10343K(10496K)->10343K(10496K) Class: 1528K(1664K)->1528K(1664K)
[226.222s][info][gc             ] GC(1558) Pause Young (Allocation Failure) 629M->83M(1979M) 0.627ms
[226.222s][info][gc,cpu         ] GC(1558) User=0.00s Sys=0.00s Real=0.00s
[226.357s][info][gc,start       ] GC(1559) Pause Young (Allocation Failure)
[226.357s][info][gc,heap        ] GC(1559) DefNew: 560148K(629120K)->1195K(629120K) Eden: 559232K(559232K)->0K(559232K) From: 916K(69888K)->1195K(69888K)
[226.357s][info][gc,heap        ] GC(1559) Tenured: 85059K(1398144K)->85059K(1398144K)
[226.357s][info][gc,metaspace   ] GC(1559) Metaspace: 11872K(12160K)->11872K(12160K) NonClass: 10343K(10496K)->10343K(10496K) Class: 1528K(1664K)->1528K(1664K)
[226.357s][info][gc             ] GC(1559) Pause Young (Allocation Failure) 630M->84M(1979M) 0.716ms
[226.357s][info][gc,cpu         ] GC(1559) User=0.00s Sys=0.00s Real=0.00s
[226.491s][info][gc,start       ] GC(1560) Pause Young (Allocation Failure)
[226.492s][info][gc,heap        ] GC(1560) DefNew: 560427K(629120K)->1634K(629120K) Eden: 559232K(559232K)->0K(559232K) From: 1195K(69888K)->1634K(69888K)
[226.492s][info][gc,heap        ] GC(1560) Tenured: 85059K(1398144K)->85059K(1398144K)
[226.492s][info][gc,metaspace   ] GC(1560) Metaspace: 11872K(12160K)->11872K(12160K) NonClass: 10343K(10496K)->10343K(10496K) Class: 1528K(1664K)->1528K(1664K)
[226.492s][info][gc             ] GC(1560) Pause Young (Allocation Failure) 630M->84M(1979M) 0.868ms
[226.492s][info][gc,cpu         ] GC(1560) User=0.00s Sys=0.00s Real=0.00s
[226.631s][info][gc,start       ] GC(1561) Pause Young (Allocation Failure)
[226.632s][info][gc,heap        ] GC(1561) DefNew: 560861K(629120K)->1728K(629120K) Eden: 559227K(559232K)->0K(559232K) From: 1634K(69888K)->1728K(69888K)
[226.632s][info][gc,heap        ] GC(1561) Tenured: 85059K(1398144K)->85059K(1398144K)
[226.632s][info][gc,metaspace   ] GC(1561) Metaspace: 11872K(12160K)->11872K(12160K) NonClass: 10343K(10496K)->10343K(10496K) Class: 1528K(1664K)->1528K(1664K)
[226.632s][info][gc             ] GC(1561) Pause Young (Allocation Failure) 630M->84M(1979M) 0.974ms
[226.632s][info][gc,cpu         ] GC(1561) User=0.00s Sys=0.00s Real=0.00s
[226.768s][info][gc,start       ] GC(1562) Pause Young (Allocation Failure)
[226.769s][info][gc,heap        ] GC(1562) DefNew: 560960K(629120K)->2254K(629120K) Eden: 559232K(559232K)->0K(559232K) From: 1728K(69888K)->2254K(69888K)
[226.769s][info][gc,heap        ] GC(1562) Tenured: 85059K(1398144K)->85059K(1398144K)
[226.769s][info][gc,metaspace   ] GC(1562) Metaspace: 11872K(12160K)->11872K(12160K) NonClass: 10343K(10496K)->10343K(10496K) Class: 1528K(1664K)->1528K(1664K)
[226.769s][info][gc             ] GC(1562) Pause Young (Allocation Failure) 630M->85M(1979M) 1.047ms
[226.769s][info][gc,cpu         ] GC(1562) User=0.00s Sys=0.00s Real=0.00s
[226.904s][info][gc,start       ] GC(1563) Pause Young (Allocation Failure)
[226.905s][info][gc,heap        ] GC(1563) DefNew: 561438K(629120K)->2544K(629120K) Eden: 559183K(559232K)->0K(559232K) From: 2254K(69888K)->2544K(69888K)
[226.905s][info][gc,heap        ] GC(1563) Tenured: 85059K(1398144K)->85059K(1398144K)
[226.905s][info][gc,metaspace   ] GC(1563) Metaspace: 11872K(12160K)->11872K(12160K) NonClass: 10343K(10496K)->10343K(10496K) Class: 1528K(1664K)->1528K(1664K)
[226.905s][info][gc             ] GC(1563) Pause Young (Allocation Failure) 631M->85M(1979M) 1.208ms
[226.905s][info][gc,cpu         ] GC(1563) User=0.00s Sys=0.00s Real=0.00s
[227.044s][info][gc,start       ] GC(1564) Pause Young (Allocation Failure)
[227.044s][info][gc,heap        ] GC(1564) DefNew: 561776K(629120K)->98K(629120K) Eden: 559232K(559232K)->0K(559232K) From: 2544K(69888K)->98K(69888K)
[227.044s][info][gc,heap        ] GC(1564) Tenured: 85059K(1398144K)->85059K(1398144K)
[227.044s][info][gc,metaspace   ] GC(1564) Metaspace: 11872K(12160K)->11872K(12160K) NonClass: 10343K(10496K)->10343K(10496K) Class: 1528K(1664K)->1528K(1664K)
[227.045s][info][gc             ] GC(1564) Pause Young (Allocation Failure) 631M->83M(1979M) 0.398ms
[227.045s][info][gc,cpu         ] GC(1564) User=0.00s Sys=0.00s Real=0.00s
[227.179s][info][gc,start       ] GC(1565) Pause Young (Allocation Failure)
[227.179s][info][gc,heap        ] GC(1565) DefNew: 559330K(629120K)->463K(629120K) Eden: 559232K(559232K)->0K(559232K) From: 98K(69888K)->463K(69888K)
[227.179s][info][gc,heap        ] GC(1565) Tenured: 85059K(1398144K)->85059K(1398144K)
[227.180s][info][gc,metaspace   ] GC(1565) Metaspace: 11872K(12160K)->11872K(12160K) NonClass: 10343K(10496K)->10343K(10496K) Class: 1528K(1664K)->1528K(1664K)
[227.180s][info][gc             ] GC(1565) Pause Young (Allocation Failure) 629M->83M(1979M) 0.506ms
[227.180s][info][gc,cpu         ] GC(1565) User=0.00s Sys=0.00s Real=0.00s
[227.313s][info][gc,start       ] GC(1566) Pause Young (Allocation Failure)
[227.314s][info][gc,heap        ] GC(1566) DefNew: 559695K(629120K)->822K(629120K) Eden: 559232K(559232K)->0K(559232K) From: 463K(69888K)->822K(69888K)
[227.314s][info][gc,heap        ] GC(1566) Tenured: 85059K(1398144K)->85059K(1398144K)
[227.314s][info][gc,metaspace   ] GC(1566) Metaspace: 11872K(12160K)->11872K(12160K) NonClass: 10343K(10496K)->10343K(10496K) Class: 1528K(1664K)->1528K(1664K)
[227.314s][info][gc             ] GC(1566) Pause Young (Allocation Failure) 629M->83M(1979M) 0.599ms
[227.314s][info][gc,cpu         ] GC(1566) User=0.00s Sys=0.00s Real=0.00s
[227.445s][info][gc,start       ] GC(1567) Pause Full (System.gc())
[227.445s][info][gc,phases,start] GC(1567) Phase 1: Mark live objects
[227.498s][info][gc,phases      ] GC(1567) Phase 1: Mark live objects 52.921ms
[227.498s][info][gc,phases,start] GC(1567) Phase 2: Compute new object addresses
[227.552s][info][gc,phases      ] GC(1567) Phase 2: Compute new object addresses 54.169ms
[227.552s][info][gc,phases,start] GC(1567) Phase 3: Adjust pointers
[227.574s][info][gc,phases      ] GC(1567) Phase 3: Adjust pointers 21.087ms
[227.574s][info][gc,phases,start] GC(1567) Phase 4: Move objects
[227.574s][info][gc,phases      ] GC(1567) Phase 4: Move objects 0.011ms
[227.574s][info][gc,heap        ] GC(1567) DefNew: 540398K(629120K)->0K(629120K) Eden: 539576K(559232K)->0K(559232K) From: 822K(69888K)->0K(69888K)
[227.574s][info][gc,heap        ] GC(1567) Tenured: 85059K(1398144K)->85057K(1398144K)
[227.574s][info][gc,metaspace   ] GC(1567) Metaspace: 11872K(12160K)->11872K(12160K) NonClass: 10343K(10496K)->10343K(10496K) Class: 1528K(1664K)->1528K(1664K)
[227.574s][info][gc             ] GC(1567) Pause Full (System.gc()) 610M->83M(1979M) 128.562ms
[227.574s][info][gc,cpu         ] GC(1567) User=0.12s Sys=0.00s Real=0.13s
[227.717s][info][gc,start       ] GC(1568) Pause Young (Allocation Failure)
[227.718s][info][gc,heap        ] GC(1568) DefNew: 559231K(629120K)->423K(629120K) Eden: 559231K(559232K)->0K(559232K) From: 0K(69888K)->423K(69888K)
[227.718s][info][gc,heap        ] GC(1568) Tenured: 85057K(1398144K)->85057K(1398144K)
[227.718s][info][gc,metaspace   ] GC(1568) Metaspace: 11872K(12160K)->11872K(12160K) NonClass: 10343K(10496K)->10343K(10496K) Class: 1528K(1664K)->1528K(1664K)
[227.718s][info][gc             ] GC(1568) Pause Young (Allocation Failure) 629M->83M(1979M) 0.505ms
[227.718s][info][gc,cpu         ] GC(1568) User=0.00s Sys=0.00s Real=0.00s
[227.854s][info][gc,start       ] GC(1569) Pause Young (Allocation Failure)
[227.855s][info][gc,heap        ] GC(1569) DefNew: 559655K(629120K)->898K(629120K) Eden: 559232K(559232K)->0K(559232K) From: 423K(69888K)->898K(69888K)
[227.855s][info][gc,heap        ] GC(1569) Tenured: 85057K(1398144K)->85057K(1398144K)
[227.855s][info][gc,metaspace   ] GC(1569) Metaspace: 11872K(12160K)->11872K(12160K) NonClass: 10343K(10496K)->10343K(10496K) Class: 1528K(1664K)->1528K(1664K)
[227.855s][info][gc             ] GC(1569) Pause Young (Allocation Failure) 629M->83M(1979M) 0.618ms
[227.855s][info][gc,cpu         ] GC(1569) User=0.00s Sys=0.00s Real=0.00s
[227.989s][info][gc,start       ] GC(1570) Pause Young (Allocation Failure)
[227.989s][info][gc,heap        ] GC(1570) DefNew: 560130K(629120K)->1176K(629120K) Eden: 559232K(559232K)->0K(559232K) From: 898K(69888K)->1176K(69888K)
[227.989s][info][gc,heap        ] GC(1570) Tenured: 85057K(1398144K)->85057K(1398144K)
[227.989s][info][gc,metaspace   ] GC(1570) Metaspace: 11872K(12160K)->11872K(12160K) NonClass: 10343K(10496K)->10343K(10496K) Class: 1528K(1664K)->1528K(1664K)
[227.989s][info][gc             ] GC(1570) Pause Young (Allocation Failure) 630M->84M(1979M) 0.729ms
[227.989s][info][gc,cpu         ] GC(1570) User=0.00s Sys=0.00s Real=0.00s
[228.124s][info][gc,start       ] GC(1571) Pause Young (Allocation Failure)
[228.125s][info][gc,heap        ] GC(1571) DefNew: 560408K(629120K)->1634K(629120K) Eden: 559232K(559232K)->0K(559232K) From: 1176K(69888K)->1634K(69888K)
[228.125s][info][gc,heap        ] GC(1571) Tenured: 85057K(1398144K)->85057K(1398144K)
[228.125s][info][gc,metaspace   ] GC(1571) Metaspace: 11872K(12160K)->11872K(12160K) NonClass: 10343K(10496K)->10343K(10496K) Class: 1528K(1664K)->1528K(1664K)
[228.125s][info][gc             ] GC(1571) Pause Young (Allocation Failure) 630M->84M(1979M) 0.851ms
[228.125s][info][gc,cpu         ] GC(1571) User=0.00s Sys=0.00s Real=0.00s
[228.260s][info][gc,start       ] GC(1572) Pause Young (Allocation Failure)
[228.260s][info][gc,heap        ] GC(1572) DefNew: 560866K(629120K)->1791K(629120K) Eden: 559232K(559232K)->0K(559232K) From: 1634K(69888K)->1791K(69888K)
[228.260s][info][gc,heap        ] GC(1572) Tenured: 85057K(1398144K)->85057K(1398144K)
[228.260s][info][gc,metaspace   ] GC(1572) Metaspace: 11872K(12160K)->11872K(12160K) NonClass: 10343K(10496K)->10343K(10496K) Class: 1528K(1664K)->1528K(1664K)
[228.260s][info][gc             ] GC(1572) Pause Young (Allocation Failure) 630M->84M(1979M) 0.923ms
[228.260s][info][gc,cpu         ] GC(1572) User=0.00s Sys=0.00s Real=0.00s
[228.394s][info][gc,start       ] GC(1573) Pause Young (Allocation Failure)
[228.395s][info][gc,heap        ] GC(1573) DefNew: 561023K(629120K)->2142K(629120K) Eden: 559232K(559232K)->0K(559232K) From: 1791K(69888K)->2142K(69888K)
[228.395s][info][gc,heap        ] GC(1573) Tenured: 85057K(1398144K)->85057K(1398144K)
[228.395s][info][gc,metaspace   ] GC(1573) Metaspace: 11872K(12160K)->11872K(12160K) NonClass: 10343K(10496K)->10343K(10496K) Class: 1528K(1664K)->1528K(1664K)
[228.395s][info][gc             ] GC(1573) Pause Young (Allocation Failure) 630M->85M(1979M) 1.121ms
[228.395s][info][gc,cpu         ] GC(1573) User=0.00s Sys=0.00s Real=0.00s
[228.533s][info][gc,start       ] GC(1574) Pause Young (Allocation Failure)
[228.534s][info][gc,heap        ] GC(1574) DefNew: 561327K(629120K)->2397K(629120K) Eden: 559185K(559232K)->0K(559232K) From: 2142K(69888K)->2397K(69888K)
[228.534s][info][gc,heap        ] GC(1574) Tenured: 85057K(1398144K)->85057K(1398144K)
[228.534s][info][gc,metaspace   ] GC(1574) Metaspace: 11872K(12160K)->11872K(12160K) NonClass: 10343K(10496K)->10343K(10496K) Class: 1528K(1664K)->1528K(1664K)
[228.535s][info][gc             ] GC(1574) Pause Young (Allocation Failure) 631M->85M(1979M) 1.232ms
[228.535s][info][gc,cpu         ] GC(1574) User=0.00s Sys=0.00s Real=0.02s
[228.672s][info][gc,start       ] GC(1575) Pause Young (Allocation Failure)
[228.672s][info][gc,heap        ] GC(1575) DefNew: 561629K(629120K)->1960K(629120K) Eden: 559232K(559232K)->0K(559232K) From: 2397K(69888K)->1960K(69888K)
[228.672s][info][gc,heap        ] GC(1575) Tenured: 85057K(1398144K)->85057K(1398144K)
[228.672s][info][gc,metaspace   ] GC(1575) Metaspace: 11872K(12160K)->11872K(12160K) NonClass: 10343K(10496K)->10343K(10496K) Class: 1528K(1664K)->1528K(1664K)
[228.672s][info][gc             ] GC(1575) Pause Young (Allocation Failure) 631M->84M(1979M) 0.876ms
[228.672s][info][gc,cpu         ] GC(1575) User=0.00s Sys=0.00s Real=0.00s
[228.810s][info][gc,start       ] GC(1576) Pause Young (Allocation Failure)
[228.810s][info][gc,heap        ] GC(1576) DefNew: 561192K(629120K)->433K(629120K) Eden: 559232K(559232K)->0K(559232K) From: 1960K(69888K)->433K(69888K)
[228.810s][info][gc,heap        ] GC(1576) Tenured: 85057K(1398144K)->85057K(1398144K)
[228.810s][info][gc,metaspace   ] GC(1576) Metaspace: 11872K(12160K)->11872K(12160K) NonClass: 10343K(10496K)->10343K(10496K) Class: 1528K(1664K)->1528K(1664K)
[228.810s][info][gc             ] GC(1576) Pause Young (Allocation Failure) 631M->83M(1979M) 0.485ms
[228.810s][info][gc,cpu         ] GC(1576) User=0.00s Sys=0.00s Real=0.00s
[228.945s][info][gc,start       ] GC(1577) Pause Young (Allocation Failure)
[228.946s][info][gc,heap        ] GC(1577) DefNew: 559665K(629120K)->866K(629120K) Eden: 559232K(559232K)->0K(559232K) From: 433K(69888K)->866K(69888K)
[228.946s][info][gc,heap        ] GC(1577) Tenured: 85057K(1398144K)->85057K(1398144K)
[228.946s][info][gc,metaspace   ] GC(1577) Metaspace: 11872K(12160K)->11872K(12160K) NonClass: 10343K(10496K)->10343K(10496K) Class: 1528K(1664K)->1528K(1664K)
[228.946s][info][gc             ] GC(1577) Pause Young (Allocation Failure) 629M->83M(1979M) 0.647ms
[228.946s][info][gc,cpu         ] GC(1577) User=0.00s Sys=0.00s Real=0.00s
[229.080s][info][gc,start       ] GC(1578) Pause Young (Allocation Failure)
[229.081s][info][gc,heap        ] GC(1578) DefNew: 560098K(629120K)->1175K(629120K) Eden: 559232K(559232K)->0K(559232K) From: 866K(69888K)->1175K(69888K)
[229.081s][info][gc,heap        ] GC(1578) Tenured: 85057K(1398144K)->85057K(1398144K)
[229.081s][info][gc,metaspace   ] GC(1578) Metaspace: 11872K(12160K)->11872K(12160K) NonClass: 10343K(10496K)->10343K(10496K) Class: 1528K(1664K)->1528K(1664K)
[229.081s][info][gc             ] GC(1578) Pause Young (Allocation Failure) 630M->84M(1979M) 0.727ms
[229.081s][info][gc,cpu         ] GC(1578) User=0.00s Sys=0.00s Real=0.00s
[229.216s][info][gc,start       ] GC(1579) Pause Young (Allocation Failure)
[229.216s][info][gc,heap        ] GC(1579) DefNew: 560407K(629120K)->1586K(629120K) Eden: 559232K(559232K)->0K(559232K) From: 1175K(69888K)->1586K(69888K)
[229.216s][info][gc,heap        ] GC(1579) Tenured: 85057K(1398144K)->85057K(1398144K)
[229.216s][info][gc,metaspace   ] GC(1579) Metaspace: 11872K(12160K)->11872K(12160K) NonClass: 10343K(10496K)->10343K(10496K) Class: 1528K(1664K)->1528K(1664K)
[229.216s][info][gc             ] GC(1579) Pause Young (Allocation Failure) 630M->84M(1979M) 0.904ms
[229.216s][info][gc,cpu         ] GC(1579) User=0.00s Sys=0.00s Real=0.00s
[229.351s][info][gc,start       ] GC(1580) Pause Young (Allocation Failure)
[229.352s][info][gc,heap        ] GC(1580) DefNew: 560818K(629120K)->1875K(629120K) Eden: 559232K(559232K)->0K(559232K) From: 1586K(69888K)->1875K(69888K)
[229.352s][info][gc,heap        ] GC(1580) Tenured: 85057K(1398144K)->85057K(1398144K)
[229.352s][info][gc,metaspace   ] GC(1580) Metaspace: 11872K(12160K)->11872K(12160K) NonClass: 10343K(10496K)->10343K(10496K) Class: 1528K(1664K)->1528K(1664K)
[229.352s][info][gc             ] GC(1580) Pause Young (Allocation Failure) 630M->84M(1979M) 1.048ms
[229.352s][info][gc,cpu         ] GC(1580) User=0.00s Sys=0.00s Real=0.00s
[229.490s][info][gc,start       ] GC(1581) Pause Young (Allocation Failure)
[229.491s][info][gc,heap        ] GC(1581) DefNew: 561107K(629120K)->2059K(629120K) Eden: 559232K(559232K)->0K(559232K) From: 1875K(69888K)->2059K(69888K)
[229.491s][info][gc,heap        ] GC(1581) Tenured: 85057K(1398144K)->85057K(1398144K)
[229.491s][info][gc,metaspace   ] GC(1581) Metaspace: 11872K(12160K)->11872K(12160K) NonClass: 10343K(10496K)->10343K(10496K) Class: 1528K(1664K)->1528K(1664K)
[229.491s][info][gc             ] GC(1581) Pause Young (Allocation Failure) 631M->85M(1979M) 0.993ms
[229.491s][info][gc,cpu         ] GC(1581) User=0.00s Sys=0.00s Real=0.00s
[229.633s][info][gc,start       ] GC(1582) Pause Young (Allocation Failure)
[229.634s][info][gc,heap        ] GC(1582) DefNew: 561132K(629120K)->2790K(629120K) Eden: 559072K(559232K)->0K(559232K) From: 2059K(69888K)->2790K(69888K)
[229.634s][info][gc,heap        ] GC(1582) Tenured: 85057K(1398144K)->85057K(1398144K)
[229.634s][info][gc,metaspace   ] GC(1582) Metaspace: 11872K(12160K)->11872K(12160K) NonClass: 10343K(10496K)->10343K(10496K) Class: 1528K(1664K)->1528K(1664K)
[229.634s][info][gc             ] GC(1582) Pause Young (Allocation Failure) 631M->85M(1979M) 1.416ms
[229.634s][info][gc,cpu         ] GC(1582) User=0.00s Sys=0.00s Real=0.02s
[229.773s][info][gc,start       ] GC(1583) Pause Young (Allocation Failure)
[229.774s][info][gc,heap        ] GC(1583) DefNew: 562022K(629120K)->3129K(629120K) Eden: 559232K(559232K)->0K(559232K) From: 2790K(69888K)->3129K(69888K)
[229.775s][info][gc,heap        ] GC(1583) Tenured: 85057K(1398144K)->85058K(1398144K)
[229.775s][info][gc,metaspace   ] GC(1583) Metaspace: 11872K(12160K)->11872K(12160K) NonClass: 10343K(10496K)->10343K(10496K) Class: 1528K(1664K)->1528K(1664K)
[229.775s][info][gc             ] GC(1583) Pause Young (Allocation Failure) 631M->86M(1979M) 1.548ms
[229.775s][info][gc,cpu         ] GC(1583) User=0.00s Sys=0.00s Real=0.02s
[229.918s][info][gc,start       ] GC(1584) Pause Young (Allocation Failure)
[229.918s][info][gc,heap        ] GC(1584) DefNew: 562361K(629120K)->367K(629120K) Eden: 559232K(559232K)->0K(559232K) From: 3129K(69888K)->367K(69888K)
[229.918s][info][gc,heap        ] GC(1584) Tenured: 85058K(1398144K)->85058K(1398144K)
[229.918s][info][gc,metaspace   ] GC(1584) Metaspace: 11872K(12160K)->11872K(12160K) NonClass: 10343K(10496K)->10343K(10496K) Class: 1528K(1664K)->1528K(1664K)
[229.918s][info][gc             ] GC(1584) Pause Young (Allocation Failure) 632M->83M(1979M) 0.483ms
[229.918s][info][gc,cpu         ] GC(1584) User=0.00s Sys=0.00s Real=0.00s
[230.057s][info][gc,start       ] GC(1585) Pause Full (System.gc())
[230.057s][info][gc,phases,start] GC(1585) Phase 1: Mark live objects
[230.110s][info][gc,phases      ] GC(1585) Phase 1: Mark live objects 52.603ms
[230.110s][info][gc,phases,start] GC(1585) Phase 2: Compute new object addresses
[230.165s][info][gc,phases      ] GC(1585) Phase 2: Compute new object addresses 55.410ms
[230.165s][info][gc,phases,start] GC(1585) Phase 3: Adjust pointers
[230.187s][info][gc,phases      ] GC(1585) Phase 3: Adjust pointers 21.562ms
[230.187s][info][gc,phases,start] GC(1585) Phase 4: Move objects
[230.187s][info][gc,phases      ] GC(1585) Phase 4: Move objects 0.009ms
[230.187s][info][gc,heap        ] GC(1585) DefNew: 547877K(629120K)->0K(629120K) Eden: 547510K(559232K)->0K(559232K) From: 367K(69888K)->0K(69888K)
[230.187s][info][gc,heap        ] GC(1585) Tenured: 85058K(1398144K)->85058K(1398144K)
[230.187s][info][gc,metaspace   ] GC(1585) Metaspace: 11872K(12160K)->11872K(12160K) NonClass: 10343K(10496K)->10343K(10496K) Class: 1528K(1664K)->1528K(1664K)
[230.187s][info][gc             ] GC(1585) Pause Full (System.gc()) 618M->83M(1979M) 129.904ms
[230.187s][info][gc,cpu         ] GC(1585) User=0.16s Sys=0.00s Real=0.14s
[230.336s][info][gc,start       ] GC(1586) Pause Young (Allocation Failure)
[230.336s][info][gc,heap        ] GC(1586) DefNew: 559232K(629120K)->520K(629120K) Eden: 559232K(559232K)->0K(559232K) From: 0K(69888K)->520K(69888K)
[230.336s][info][gc,heap        ] GC(1586) Tenured: 85058K(1398144K)->85058K(1398144K)
[230.336s][info][gc,metaspace   ] GC(1586) Metaspace: 11872K(12160K)->11872K(12160K) NonClass: 10343K(10496K)->10343K(10496K) Class: 1528K(1664K)->1528K(1664K)
[230.336s][info][gc             ] GC(1586) Pause Young (Allocation Failure) 629M->83M(1979M) 0.535ms
[230.336s][info][gc,cpu         ] GC(1586) User=0.00s Sys=0.00s Real=0.00s
[230.473s][info][gc,start       ] GC(1587) Pause Young (Allocation Failure)
[230.474s][info][gc,heap        ] GC(1587) DefNew: 559752K(629120K)->864K(629120K) Eden: 559232K(559232K)->0K(559232K) From: 520K(69888K)->864K(69888K)
[230.474s][info][gc,heap        ] GC(1587) Tenured: 85058K(1398144K)->85058K(1398144K)
[230.474s][info][gc,metaspace   ] GC(1587) Metaspace: 11872K(12160K)->11872K(12160K) NonClass: 10343K(10496K)->10343K(10496K) Class: 1528K(1664K)->1528K(1664K)
[230.474s][info][gc             ] GC(1587) Pause Young (Allocation Failure) 629M->83M(1979M) 0.654ms
[230.474s][info][gc,cpu         ] GC(1587) User=0.00s Sys=0.00s Real=0.00s
[230.614s][info][gc,start       ] GC(1588) Pause Young (Allocation Failure)
[230.615s][info][gc,heap        ] GC(1588) DefNew: 560096K(629120K)->1157K(629120K) Eden: 559232K(559232K)->0K(559232K) From: 864K(69888K)->1157K(69888K)
[230.615s][info][gc,heap        ] GC(1588) Tenured: 85058K(1398144K)->85058K(1398144K)
[230.615s][info][gc,metaspace   ] GC(1588) Metaspace: 11872K(12160K)->11872K(12160K) NonClass: 10343K(10496K)->10343K(10496K) Class: 1528K(1664K)->1528K(1664K)
[230.615s][info][gc             ] GC(1588) Pause Young (Allocation Failure) 630M->84M(1979M) 0.713ms
[230.615s][info][gc,cpu         ] GC(1588) User=0.00s Sys=0.00s Real=0.00s
[230.750s][info][gc,start       ] GC(1589) Pause Young (Allocation Failure)
[230.751s][info][gc,heap        ] GC(1589) DefNew: 560389K(629120K)->1608K(629120K) Eden: 559232K(559232K)->0K(559232K) From: 1157K(69888K)->1608K(69888K)
[230.751s][info][gc,heap        ] GC(1589) Tenured: 85058K(1398144K)->85058K(1398144K)
[230.751s][info][gc,metaspace   ] GC(1589) Metaspace: 11872K(12160K)->11872K(12160K) NonClass: 10343K(10496K)->10343K(10496K) Class: 1528K(1664K)->1528K(1664K)
[230.751s][info][gc             ] GC(1589) Pause Young (Allocation Failure) 630M->84M(1979M) 0.879ms
[230.751s][info][gc,cpu         ] GC(1589) User=0.00s Sys=0.00s Real=0.00s
[230.886s][info][gc,start       ] GC(1590) Pause Young (Allocation Failure)
[230.887s][info][gc,heap        ] GC(1590) DefNew: 560840K(629120K)->1917K(629120K) Eden: 559232K(559232K)->0K(559232K) From: 1608K(69888K)->1917K(69888K)
[230.887s][info][gc,heap        ] GC(1590) Tenured: 85058K(1398144K)->85058K(1398144K)
[230.887s][info][gc,metaspace   ] GC(1590) Metaspace: 11872K(12160K)->11872K(12160K) NonClass: 10343K(10496K)->10343K(10496K) Class: 1528K(1664K)->1528K(1664K)
[230.887s][info][gc             ] GC(1590) Pause Young (Allocation Failure) 630M->84M(1979M) 1.009ms
[230.887s][info][gc,cpu         ] GC(1590) User=0.00s Sys=0.00s Real=0.01s
[231.021s][info][gc,start       ] GC(1591) Pause Young (Allocation Failure)
[231.022s][info][gc,heap        ] GC(1591) DefNew: 561149K(629120K)->2050K(629120K) Eden: 559232K(559232K)->0K(559232K) From: 1917K(69888K)->2050K(69888K)
[231.022s][info][gc,heap        ] GC(1591) Tenured: 85058K(1398144K)->85058K(1398144K)
[231.022s][info][gc,metaspace   ] GC(1591) Metaspace: 11872K(12160K)->11872K(12160K) NonClass: 10343K(10496K)->10343K(10496K) Class: 1528K(1664K)->1528K(1664K)
[231.022s][info][gc             ] GC(1591) Pause Young (Allocation Failure) 631M->85M(1979M) 0.985ms
[231.022s][info][gc,cpu         ] GC(1591) User=0.00s Sys=0.00s Real=0.00s
[231.156s][info][gc,start       ] GC(1592) Pause Young (Allocation Failure)
[231.157s][info][gc,heap        ] GC(1592) DefNew: 561282K(629120K)->1956K(629120K) Eden: 559232K(559232K)->0K(559232K) From: 2050K(69888K)->1956K(69888K)
[231.157s][info][gc,heap        ] GC(1592) Tenured: 85058K(1398144K)->85058K(1398144K)
[231.157s][info][gc,metaspace   ] GC(1592) Metaspace: 11872K(12160K)->11872K(12160K) NonClass: 10343K(10496K)->10343K(10496K) Class: 1528K(1664K)->1528K(1664K)
[231.157s][info][gc             ] GC(1592) Pause Young (Allocation Failure) 631M->84M(1979M) 1.077ms
[231.157s][info][gc,cpu         ] GC(1592) User=0.00s Sys=0.00s Real=0.02s
[231.296s][info][gc,start       ] GC(1593) Pause Young (Allocation Failure)
[231.296s][info][gc,heap        ] GC(1593) DefNew: 561188K(629120K)->203K(629120K) Eden: 559232K(559232K)->0K(559232K) From: 1956K(69888K)->203K(69888K)
[231.296s][info][gc,heap        ] GC(1593) Tenured: 85058K(1398144K)->85058K(1398144K)
[231.296s][info][gc,metaspace   ] GC(1593) Metaspace: 11872K(12160K)->11872K(12160K) NonClass: 10343K(10496K)->10343K(10496K) Class: 1528K(1664K)->1528K(1664K)
[231.296s][info][gc             ] GC(1593) Pause Young (Allocation Failure) 631M->83M(1979M) 0.427ms
[231.296s][info][gc,cpu         ] GC(1593) User=0.00s Sys=0.00s Real=0.00s
[231.430s][info][gc,start       ] GC(1594) Pause Young (Allocation Failure)
[231.431s][info][gc,heap        ] GC(1594) DefNew: 559435K(629120K)->735K(629120K) Eden: 559232K(559232K)->0K(559232K) From: 203K(69888K)->735K(69888K)
[231.431s][info][gc,heap        ] GC(1594) Tenured: 85058K(1398144K)->85058K(1398144K)
[231.431s][info][gc,metaspace   ] GC(1594) Metaspace: 11872K(12160K)->11872K(12160K) NonClass: 10343K(10496K)->10343K(10496K) Class: 1528K(1664K)->1528K(1664K)
[231.431s][info][gc             ] GC(1594) Pause Young (Allocation Failure) 629M->83M(1979M) 0.599ms
[231.431s][info][gc,cpu         ] GC(1594) User=0.00s Sys=0.00s Real=0.00s
[231.572s][info][gc,start       ] GC(1595) Pause Young (Allocation Failure)
[231.572s][info][gc,heap        ] GC(1595) DefNew: 559967K(629120K)->966K(629120K) Eden: 559232K(559232K)->0K(559232K) From: 735K(69888K)->966K(69888K)
[231.572s][info][gc,heap        ] GC(1595) Tenured: 85058K(1398144K)->85058K(1398144K)
[231.572s][info][gc,metaspace   ] GC(1595) Metaspace: 11872K(12160K)->11872K(12160K) NonClass: 10343K(10496K)->10343K(10496K) Class: 1528K(1664K)->1528K(1664K)
[231.573s][info][gc             ] GC(1595) Pause Young (Allocation Failure) 629M->84M(1979M) 0.685ms
[231.573s][info][gc,cpu         ] GC(1595) User=0.00s Sys=0.00s Real=0.00s
[231.708s][info][gc,start       ] GC(1596) Pause Young (Allocation Failure)
[231.709s][info][gc,heap        ] GC(1596) DefNew: 560198K(629120K)->1228K(629120K) Eden: 559232K(559232K)->0K(559232K) From: 966K(69888K)->1228K(69888K)
[231.709s][info][gc,heap        ] GC(1596) Tenured: 85058K(1398144K)->85058K(1398144K)
[231.709s][info][gc,metaspace   ] GC(1596) Metaspace: 11872K(12160K)->11872K(12160K) NonClass: 10343K(10496K)->10343K(10496K) Class: 1528K(1664K)->1528K(1664K)
[231.709s][info][gc             ] GC(1596) Pause Young (Allocation Failure) 630M->84M(1979M) 0.754ms
[231.709s][info][gc,cpu         ] GC(1596) User=0.00s Sys=0.00s Real=0.00s
[231.842s][info][gc,start       ] GC(1597) Pause Young (Allocation Failure)
[231.843s][info][gc,heap        ] GC(1597) DefNew: 560460K(629120K)->1706K(629120K) Eden: 559232K(559232K)->0K(559232K) From: 1228K(69888K)->1706K(69888K)
[231.843s][info][gc,heap        ] GC(1597) Tenured: 85058K(1398144K)->85058K(1398144K)
[231.843s][info][gc,metaspace   ] GC(1597) Metaspace: 11872K(12160K)->11872K(12160K) NonClass: 10343K(10496K)->10343K(10496K) Class: 1528K(1664K)->1528K(1664K)
[231.843s][info][gc             ] GC(1597) Pause Young (Allocation Failure) 630M->84M(1979M) 0.884ms
[231.843s][info][gc,cpu         ] GC(1597) User=0.00s Sys=0.00s Real=0.00s
[231.979s][info][gc,start       ] GC(1598) Pause Young (Allocation Failure)
[231.979s][info][gc,heap        ] GC(1598) DefNew: 560938K(629120K)->2179K(629120K) Eden: 559232K(559232K)->0K(559232K) From: 1706K(69888K)->2179K(69888K)
[231.980s][info][gc,heap        ] GC(1598) Tenured: 85058K(1398144K)->85058K(1398144K)
[231.980s][info][gc,metaspace   ] GC(1598) Metaspace: 11872K(12160K)->11872K(12160K) NonClass: 10343K(10496K)->10343K(10496K) Class: 1528K(1664K)->1528K(1664K)
[231.980s][info][gc             ] GC(1598) Pause Young (Allocation Failure) 630M->85M(1979M) 1.038ms
[231.980s][info][gc,cpu         ] GC(1598) User=0.00s Sys=0.00s Real=0.00s
[232.113s][info][gc,start       ] GC(1599) Pause Young (Allocation Failure)
[232.114s][info][gc,heap        ] GC(1599) DefNew: 561411K(629120K)->1991K(629120K) Eden: 559232K(559232K)->0K(559232K) From: 2179K(69888K)->1991K(69888K)
[232.114s][info][gc,heap        ] GC(1599) Tenured: 85058K(1398144K)->85058K(1398144K)
[232.114s][info][gc,metaspace   ] GC(1599) Metaspace: 11872K(12160K)->11872K(12160K) NonClass: 10343K(10496K)->10343K(10496K) Class: 1528K(1664K)->1528K(1664K)
[232.114s][info][gc             ] GC(1599) Pause Young (Allocation Failure) 631M->85M(1979M) 0.970ms
[232.114s][info][gc,cpu         ] GC(1599) User=0.00s Sys=0.00s Real=0.00s
[232.248s][info][gc,start       ] GC(1600) Pause Young (Allocation Failure)
[232.249s][info][gc,heap        ] GC(1600) DefNew: 561223K(629120K)->2446K(629120K) Eden: 559232K(559232K)->0K(559232K) From: 1991K(69888K)->2446K(69888K)
[232.249s][info][gc,heap        ] GC(1600) Tenured: 85058K(1398144K)->85058K(1398144K)
[232.249s][info][gc,metaspace   ] GC(1600) Metaspace: 11872K(12160K)->11872K(12160K) NonClass: 10343K(10496K)->10343K(10496K) Class: 1528K(1664K)->1528K(1664K)
[232.250s][info][gc             ] GC(1600) Pause Young (Allocation Failure) 631M->85M(1979M) 1.210ms
[232.250s][info][gc,cpu         ] GC(1600) User=0.00s Sys=0.00s Real=0.00s
[232.388s][info][gc,start       ] GC(1601) Pause Young (Allocation Failure)
[232.388s][info][gc,heap        ] GC(1601) DefNew: 561678K(629120K)->142K(629120K) Eden: 559232K(559232K)->0K(559232K) From: 2446K(69888K)->142K(69888K)
[232.388s][info][gc,heap        ] GC(1601) Tenured: 85058K(1398144K)->85058K(1398144K)
[232.388s][info][gc,metaspace   ] GC(1601) Metaspace: 11872K(12160K)->11872K(12160K) NonClass: 10343K(10496K)->10343K(10496K) Class: 1528K(1664K)->1528K(1664K)
[232.388s][info][gc             ] GC(1601) Pause Young (Allocation Failure) 631M->83M(1979M) 0.400ms
[232.388s][info][gc,cpu         ] GC(1601) User=0.00s Sys=0.00s Real=0.00s
[232.527s][info][gc,start       ] GC(1602) Pause Young (Allocation Failure)
[232.527s][info][gc,heap        ] GC(1602) DefNew: 559374K(629120K)->595K(629120K) Eden: 559232K(559232K)->0K(559232K) From: 142K(69888K)->595K(69888K)
[232.527s][info][gc,heap        ] GC(1602) Tenured: 85058K(1398144K)->85058K(1398144K)
[232.527s][info][gc,metaspace   ] GC(1602) Metaspace: 11872K(12160K)->11872K(12160K) NonClass: 10343K(10496K)->10343K(10496K) Class: 1528K(1664K)->1528K(1664K)
[232.527s][info][gc             ] GC(1602) Pause Young (Allocation Failure) 629M->83M(1979M) 0.570ms
[232.527s][info][gc,cpu         ] GC(1602) User=0.00s Sys=0.00s Real=0.00s
[232.661s][info][gc,start       ] GC(1603) Pause Full (System.gc())
[232.661s][info][gc,phases,start] GC(1603) Phase 1: Mark live objects
[232.714s][info][gc,phases      ] GC(1603) Phase 1: Mark live objects 52.209ms
[232.714s][info][gc,phases,start] GC(1603) Phase 2: Compute new object addresses
[232.768s][info][gc,phases      ] GC(1603) Phase 2: Compute new object addresses 54.406ms
[232.768s][info][gc,phases,start] GC(1603) Phase 3: Adjust pointers
[232.789s][info][gc,phases      ] GC(1603) Phase 3: Adjust pointers 20.982ms
[232.789s][info][gc,phases,start] GC(1603) Phase 4: Move objects
[232.789s][info][gc,phases      ] GC(1603) Phase 4: Move objects 0.010ms
[232.789s][info][gc,heap        ] GC(1603) DefNew: 545378K(629120K)->0K(629120K) Eden: 544782K(559232K)->0K(559232K) From: 595K(69888K)->0K(69888K)
[232.789s][info][gc,heap        ] GC(1603) Tenured: 85058K(1398144K)->85058K(1398144K)
[232.789s][info][gc,metaspace   ] GC(1603) Metaspace: 11872K(12160K)->11872K(12160K) NonClass: 10343K(10496K)->10343K(10496K) Class: 1528K(1664K)->1528K(1664K)
[232.789s][info][gc             ] GC(1603) Pause Full (System.gc()) 615M->83M(1979M) 127.931ms
[232.789s][info][gc,cpu         ] GC(1603) User=0.11s Sys=0.02s Real=0.13s
[232.932s][info][gc,start       ] GC(1604) Pause Young (Allocation Failure)
[232.932s][info][gc,heap        ] GC(1604) DefNew: 559232K(629120K)->471K(629120K) Eden: 559232K(559232K)->0K(559232K) From: 0K(69888K)->471K(69888K)
[232.932s][info][gc,heap        ] GC(1604) Tenured: 85058K(1398144K)->85058K(1398144K)
[232.932s][info][gc,metaspace   ] GC(1604) Metaspace: 11872K(12160K)->11872K(12160K) NonClass: 10343K(10496K)->10343K(10496K) Class: 1528K(1664K)->1528K(1664K)
[232.932s][info][gc             ] GC(1604) Pause Young (Allocation Failure) 629M->83M(1979M) 0.513ms
[232.932s][info][gc,cpu         ] GC(1604) User=0.00s Sys=0.00s Real=0.00s
[233.067s][info][gc,start       ] GC(1605) Pause Young (Allocation Failure)
[233.067s][info][gc,heap        ] GC(1605) DefNew: 559703K(629120K)->879K(629120K) Eden: 559232K(559232K)->0K(559232K) From: 471K(69888K)->879K(69888K)
[233.067s][info][gc,heap        ] GC(1605) Tenured: 85058K(1398144K)->85058K(1398144K)
[233.067s][info][gc,metaspace   ] GC(1605) Metaspace: 11872K(12160K)->11872K(12160K) NonClass: 10343K(10496K)->10343K(10496K) Class: 1528K(1664K)->1528K(1664K)
[233.067s][info][gc             ] GC(1605) Pause Young (Allocation Failure) 629M->83M(1979M) 0.651ms
[233.067s][info][gc,cpu         ] GC(1605) User=0.00s Sys=0.00s Real=0.00s
[233.202s][info][gc,start       ] GC(1606) Pause Young (Allocation Failure)
[233.202s][info][gc,heap        ] GC(1606) DefNew: 560111K(629120K)->1318K(629120K) Eden: 559232K(559232K)->0K(559232K) From: 879K(69888K)->1318K(69888K)
[233.202s][info][gc,heap        ] GC(1606) Tenured: 85058K(1398144K)->85058K(1398144K)
[233.202s][info][gc,metaspace   ] GC(1606) Metaspace: 11872K(12160K)->11872K(12160K) NonClass: 10343K(10496K)->10343K(10496K) Class: 1528K(1664K)->1528K(1664K)
[233.202s][info][gc             ] GC(1606) Pause Young (Allocation Failure) 630M->84M(1979M) 0.760ms
[233.202s][info][gc,cpu         ] GC(1606) User=0.00s Sys=0.00s Real=0.00s
[233.336s][info][gc,start       ] GC(1607) Pause Young (Allocation Failure)
[233.337s][info][gc,heap        ] GC(1607) DefNew: 560550K(629120K)->1788K(629120K) Eden: 559232K(559232K)->0K(559232K) From: 1318K(69888K)->1788K(69888K)
[233.337s][info][gc,heap        ] GC(1607) Tenured: 85058K(1398144K)->85058K(1398144K)
[233.337s][info][gc,metaspace   ] GC(1607) Metaspace: 11872K(12160K)->11872K(12160K) NonClass: 10343K(10496K)->10343K(10496K) Class: 1528K(1664K)->1528K(1664K)
[233.337s][info][gc             ] GC(1607) Pause Young (Allocation Failure) 630M->84M(1979M) 0.962ms
[233.337s][info][gc,cpu         ] GC(1607) User=0.00s Sys=0.00s Real=0.00s
[233.472s][info][gc,start       ] GC(1608) Pause Young (Allocation Failure)
[233.473s][info][gc,heap        ] GC(1608) DefNew: 560976K(629120K)->2152K(629120K) Eden: 559188K(559232K)->0K(559232K) From: 1788K(69888K)->2152K(69888K)
[233.473s][info][gc,heap        ] GC(1608) Tenured: 85058K(1398144K)->85058K(1398144K)
[233.473s][info][gc,metaspace   ] GC(1608) Metaspace: 11872K(12160K)->11872K(12160K) NonClass: 10343K(10496K)->10343K(10496K) Class: 1528K(1664K)->1528K(1664K)
[233.473s][info][gc             ] GC(1608) Pause Young (Allocation Failure) 630M->85M(1979M) 1.012ms
[233.473s][info][gc,cpu         ] GC(1608) User=0.00s Sys=0.00s Real=0.00s
[233.613s][info][gc,start       ] GC(1609) Pause Young (Allocation Failure)
[233.615s][info][gc,heap        ] GC(1609) DefNew: 561384K(629120K)->2887K(629120K) Eden: 559232K(559232K)->0K(559232K) From: 2152K(69888K)->2887K(69888K)
[233.615s][info][gc,heap        ] GC(1609) Tenured: 85058K(1398144K)->85058K(1398144K)
[233.615s][info][gc,metaspace   ] GC(1609) Metaspace: 11872K(12160K)->11872K(12160K) NonClass: 10343K(10496K)->10343K(10496K) Class: 1528K(1664K)->1528K(1664K)
[233.615s][info][gc             ] GC(1609) Pause Young (Allocation Failure) 631M->85M(1979M) 1.283ms
[233.615s][info][gc,cpu         ] GC(1609) User=0.00s Sys=0.00s Real=0.00s
[233.750s][info][gc,start       ] GC(1610) Pause Young (Allocation Failure)
[233.751s][info][gc,heap        ] GC(1610) DefNew: 561611K(629120K)->3322K(629120K) Eden: 558724K(559232K)->0K(559232K) From: 2887K(69888K)->3322K(69888K)
[233.751s][info][gc,heap        ] GC(1610) Tenured: 85058K(1398144K)->85058K(1398144K)
[233.751s][info][gc,metaspace   ] GC(1610) Metaspace: 11872K(12160K)->11872K(12160K) NonClass: 10343K(10496K)->10343K(10496K) Class: 1528K(1664K)->1528K(1664K)
[233.751s][info][gc             ] GC(1610) Pause Young (Allocation Failure) 631M->86M(1979M) 1.392ms
[233.751s][info][gc,cpu         ] GC(1610) User=0.00s Sys=0.00s Real=0.00s
[233.890s][info][gc,start       ] GC(1611) Pause Young (Allocation Failure)
[233.890s][info][gc,heap        ] GC(1611) DefNew: 562554K(629120K)->582K(629120K) Eden: 559232K(559232K)->0K(559232K) From: 3322K(69888K)->582K(69888K)
[233.890s][info][gc,heap        ] GC(1611) Tenured: 85058K(1398144K)->85058K(1398144K)
[233.890s][info][gc,metaspace   ] GC(1611) Metaspace: 11872K(12160K)->11872K(12160K) NonClass: 10343K(10496K)->10343K(10496K) Class: 1528K(1664K)->1528K(1664K)
[233.890s][info][gc             ] GC(1611) Pause Young (Allocation Failure) 632M->83M(1979M) 0.539ms
[233.890s][info][gc,cpu         ] GC(1611) User=0.00s Sys=0.00s Real=0.00s
[234.025s][info][gc,start       ] GC(1612) Pause Young (Allocation Failure)
[234.026s][info][gc,heap        ] GC(1612) DefNew: 559814K(629120K)->1007K(629120K) Eden: 559232K(559232K)->0K(559232K) From: 582K(69888K)->1007K(69888K)
[234.026s][info][gc,heap        ] GC(1612) Tenured: 85058K(1398144K)->85058K(1398144K)
[234.026s][info][gc,metaspace   ] GC(1612) Metaspace: 11872K(12160K)->11872K(12160K) NonClass: 10343K(10496K)->10343K(10496K) Class: 1528K(1664K)->1528K(1664K)
[234.026s][info][gc             ] GC(1612) Pause Young (Allocation Failure) 629M->84M(1979M) 0.669ms
[234.026s][info][gc,cpu         ] GC(1612) User=0.00s Sys=0.00s Real=0.00s
[234.161s][info][gc,start       ] GC(1613) Pause Young (Allocation Failure)
[234.162s][info][gc,heap        ] GC(1613) DefNew: 560239K(629120K)->1302K(629120K) Eden: 559232K(559232K)->0K(559232K) From: 1007K(69888K)->1302K(69888K)
[234.162s][info][gc,heap        ] GC(1613) Tenured: 85058K(1398144K)->85058K(1398144K)
[234.162s][info][gc,metaspace   ] GC(1613) Metaspace: 11872K(12160K)->11872K(12160K) NonClass: 10343K(10496K)->10343K(10496K) Class: 1528K(1664K)->1528K(1664K)
[234.162s][info][gc             ] GC(1613) Pause Young (Allocation Failure) 630M->84M(1979M) 0.765ms
[234.162s][info][gc,cpu         ] GC(1613) User=0.00s Sys=0.00s Real=0.00s
[234.295s][info][gc,start       ] GC(1614) Pause Young (Allocation Failure)
[234.296s][info][gc,heap        ] GC(1614) DefNew: 560518K(629120K)->1912K(629120K) Eden: 559215K(559232K)->0K(559232K) From: 1302K(69888K)->1912K(69888K)
[234.296s][info][gc,heap        ] GC(1614) Tenured: 85058K(1398144K)->85058K(1398144K)
[234.296s][info][gc,metaspace   ] GC(1614) Metaspace: 11872K(12160K)->11872K(12160K) NonClass: 10343K(10496K)->10343K(10496K) Class: 1528K(1664K)->1528K(1664K)
[234.296s][info][gc             ] GC(1614) Pause Young (Allocation Failure) 630M->84M(1979M) 0.983ms
[234.296s][info][gc,cpu         ] GC(1614) User=0.00s Sys=0.00s Real=0.00s
[234.431s][info][gc,start       ] GC(1615) Pause Young (Allocation Failure)
[234.432s][info][gc,heap        ] GC(1615) DefNew: 561144K(629120K)->1885K(629120K) Eden: 559232K(559232K)->0K(559232K) From: 1912K(69888K)->1885K(69888K)
[234.432s][info][gc,heap        ] GC(1615) Tenured: 85058K(1398144K)->85058K(1398144K)
[234.432s][info][gc,metaspace   ] GC(1615) Metaspace: 11872K(12160K)->11872K(12160K) NonClass: 10343K(10496K)->10343K(10496K) Class: 1528K(1664K)->1528K(1664K)
[234.432s][info][gc             ] GC(1615) Pause Young (Allocation Failure) 631M->84M(1979M) 0.939ms
[234.432s][info][gc,cpu         ] GC(1615) User=0.00s Sys=0.00s Real=0.00s
[234.572s][info][gc,start       ] GC(1616) Pause Young (Allocation Failure)
[234.573s][info][gc,heap        ] GC(1616) DefNew: 561117K(629120K)->2228K(629120K) Eden: 559232K(559232K)->0K(559232K) From: 1885K(69888K)->2228K(69888K)
[234.573s][info][gc,heap        ] GC(1616) Tenured: 85058K(1398144K)->85058K(1398144K)
[234.573s][info][gc,metaspace   ] GC(1616) Metaspace: 11872K(12160K)->11872K(12160K) NonClass: 10343K(10496K)->10343K(10496K) Class: 1528K(1664K)->1528K(1664K)
[234.573s][info][gc             ] GC(1616) Pause Young (Allocation Failure) 631M->85M(1979M) 1.071ms
[234.573s][info][gc,cpu         ] GC(1616) User=0.00s Sys=0.00s Real=0.00s
[234.708s][info][gc,start       ] GC(1617) Pause Young (Allocation Failure)
[234.709s][info][gc,heap        ] GC(1617) DefNew: 561131K(629120K)->2251K(629120K) Eden: 558902K(559232K)->0K(559232K) From: 2228K(69888K)->2251K(69888K)
[234.709s][info][gc,heap        ] GC(1617) Tenured: 85058K(1398144K)->85058K(1398144K)
[234.709s][info][gc,metaspace   ] GC(1617) Metaspace: 11872K(12160K)->11872K(12160K) NonClass: 10343K(10496K)->10343K(10496K) Class: 1528K(1664K)->1528K(1664K)
[234.709s][info][gc             ] GC(1617) Pause Young (Allocation Failure) 631M->85M(1979M) 1.126ms
[234.709s][info][gc,cpu         ] GC(1617) User=0.00s Sys=0.00s Real=0.00s
[234.847s][info][gc,start       ] GC(1618) Pause Young (Allocation Failure)
[234.847s][info][gc,heap        ] GC(1618) DefNew: 561483K(629120K)->225K(629120K) Eden: 559232K(559232K)->0K(559232K) From: 2251K(69888K)->225K(69888K)
[234.847s][info][gc,heap        ] GC(1618) Tenured: 85058K(1398144K)->85058K(1398144K)
[234.847s][info][gc,metaspace   ] GC(1618) Metaspace: 11872K(12160K)->11872K(12160K) NonClass: 10343K(10496K)->10343K(10496K) Class: 1528K(1664K)->1528K(1664K)
[234.847s][info][gc             ] GC(1618) Pause Young (Allocation Failure) 631M->83M(1979M) 0.432ms
[234.847s][info][gc,cpu         ] GC(1618) User=0.00s Sys=0.00s Real=0.00s
[234.982s][info][gc,start       ] GC(1619) Pause Young (Allocation Failure)
[234.983s][info][gc,heap        ] GC(1619) DefNew: 559457K(629120K)->670K(629120K) Eden: 559232K(559232K)->0K(559232K) From: 225K(69888K)->670K(69888K)
[234.983s][info][gc,heap        ] GC(1619) Tenured: 85058K(1398144K)->85058K(1398144K)
[234.983s][info][gc,metaspace   ] GC(1619) Metaspace: 11872K(12160K)->11872K(12160K) NonClass: 10343K(10496K)->10343K(10496K) Class: 1528K(1664K)->1528K(1664K)
[234.983s][info][gc             ] GC(1619) Pause Young (Allocation Failure) 629M->83M(1979M) 0.580ms
[234.983s][info][gc,cpu         ] GC(1619) User=0.00s Sys=0.00s Real=0.00s
[235.116s][info][gc,start       ] GC(1620) Pause Young (Allocation Failure)
[235.117s][info][gc,heap        ] GC(1620) DefNew: 559902K(629120K)->985K(629120K) Eden: 559232K(559232K)->0K(559232K) From: 670K(69888K)->985K(69888K)
[235.117s][info][gc,heap        ] GC(1620) Tenured: 85058K(1398144K)->85058K(1398144K)
[235.117s][info][gc,metaspace   ] GC(1620) Metaspace: 11872K(12160K)->11872K(12160K) NonClass: 10343K(10496K)->10343K(10496K) Class: 1528K(1664K)->1528K(1664K)
[235.117s][info][gc             ] GC(1620) Pause Young (Allocation Failure) 629M->84M(1979M) 0.693ms
[235.117s][info][gc,cpu         ] GC(1620) User=0.00s Sys=0.00s Real=0.00s
[235.248s][info][gc,start       ] GC(1621) Pause Full (System.gc())
[235.248s][info][gc,phases,start] GC(1621) Phase 1: Mark live objects
[235.301s][info][gc,phases      ] GC(1621) Phase 1: Mark live objects 52.986ms
[235.301s][info][gc,phases,start] GC(1621) Phase 2: Compute new object addresses
[235.355s][info][gc,phases      ] GC(1621) Phase 2: Compute new object addresses 53.943ms
[235.355s][info][gc,phases,start] GC(1621) Phase 3: Adjust pointers
[235.376s][info][gc,phases      ] GC(1621) Phase 3: Adjust pointers 21.044ms
[235.376s][info][gc,phases,start] GC(1621) Phase 4: Move objects
[235.376s][info][gc,phases      ] GC(1621) Phase 4: Move objects 0.009ms
[235.376s][info][gc,heap        ] GC(1621) DefNew: 537104K(629120K)->0K(629120K) Eden: 536118K(559232K)->0K(559232K) From: 985K(69888K)->0K(69888K)
[235.376s][info][gc,heap        ] GC(1621) Tenured: 85058K(1398144K)->85058K(1398144K)
[235.376s][info][gc,metaspace   ] GC(1621) Metaspace: 11872K(12160K)->11872K(12160K) NonClass: 10343K(10496K)->10343K(10496K) Class: 1528K(1664K)->1528K(1664K)
[235.376s][info][gc             ] GC(1621) Pause Full (System.gc()) 607M->83M(1979M) 128.281ms
[235.376s][info][gc,cpu         ] GC(1621) User=0.11s Sys=0.00s Real=0.12s
[235.523s][info][gc,start       ] GC(1622) Pause Young (Allocation Failure)
[235.523s][info][gc,heap        ] GC(1622) DefNew: 559232K(629120K)->451K(629120K) Eden: 559232K(559232K)->0K(559232K) From: 0K(69888K)->451K(69888K)
[235.523s][info][gc,heap        ] GC(1622) Tenured: 85058K(1398144K)->85058K(1398144K)
[235.523s][info][gc,metaspace   ] GC(1622) Metaspace: 11872K(12160K)->11872K(12160K) NonClass: 10343K(10496K)->10343K(10496K) Class: 1528K(1664K)->1528K(1664K)
[235.523s][info][gc             ] GC(1622) Pause Young (Allocation Failure) 629M->83M(1979M) 0.499ms
[235.523s][info][gc,cpu         ] GC(1622) User=0.00s Sys=0.00s Real=0.00s
[235.659s][info][gc,start       ] GC(1623) Pause Young (Allocation Failure)
[235.659s][info][gc,heap        ] GC(1623) DefNew: 559683K(629120K)->878K(629120K) Eden: 559232K(559232K)->0K(559232K) From: 451K(69888K)->878K(69888K)
[235.659s][info][gc,heap        ] GC(1623) Tenured: 85058K(1398144K)->85058K(1398144K)
[235.659s][info][gc,metaspace   ] GC(1623) Metaspace: 11872K(12160K)->11872K(12160K) NonClass: 10343K(10496K)->10343K(10496K) Class: 1528K(1664K)->1528K(1664K)
[235.659s][info][gc             ] GC(1623) Pause Young (Allocation Failure) 629M->83M(1979M) 0.608ms
[235.659s][info][gc,cpu         ] GC(1623) User=0.00s Sys=0.00s Real=0.00s
[235.795s][info][gc,start       ] GC(1624) Pause Young (Allocation Failure)
[235.795s][info][gc,heap        ] GC(1624) DefNew: 560110K(629120K)->1187K(629120K) Eden: 559232K(559232K)->0K(559232K) From: 878K(69888K)->1187K(69888K)
[235.795s][info][gc,heap        ] GC(1624) Tenured: 85058K(1398144K)->85058K(1398144K)
[235.795s][info][gc,metaspace   ] GC(1624) Metaspace: 11872K(12160K)->11872K(12160K) NonClass: 10343K(10496K)->10343K(10496K) Class: 1528K(1664K)->1528K(1664K)
[235.795s][info][gc             ] GC(1624) Pause Young (Allocation Failure) 630M->84M(1979M) 0.732ms
[235.795s][info][gc,cpu         ] GC(1624) User=0.00s Sys=0.00s Real=0.00s
[235.929s][info][gc,start       ] GC(1625) Pause Young (Allocation Failure)
[235.930s][info][gc,heap        ] GC(1625) DefNew: 560419K(629120K)->1642K(629120K) Eden: 559232K(559232K)->0K(559232K) From: 1187K(69888K)->1642K(69888K)
[235.930s][info][gc,heap        ] GC(1625) Tenured: 85058K(1398144K)->85058K(1398144K)
[235.930s][info][gc,metaspace   ] GC(1625) Metaspace: 11872K(12160K)->11872K(12160K) NonClass: 10343K(10496K)->10343K(10496K) Class: 1528K(1664K)->1528K(1664K)
[235.930s][info][gc             ] GC(1625) Pause Young (Allocation Failure) 630M->84M(1979M) 0.891ms
[235.930s][info][gc,cpu         ] GC(1625) User=0.00s Sys=0.00s Real=0.00s
[236.065s][info][gc,start       ] GC(1626) Pause Young (Allocation Failure)
[236.066s][info][gc,heap        ] GC(1626) DefNew: 560874K(629120K)->2187K(629120K) Eden: 559232K(559232K)->0K(559232K) From: 1642K(69888K)->2187K(69888K)
[236.066s][info][gc,heap        ] GC(1626) Tenured: 85058K(1398144K)->85058K(1398144K)
[236.066s][info][gc,metaspace   ] GC(1626) Metaspace: 11872K(12160K)->11872K(12160K) NonClass: 10343K(10496K)->10343K(10496K) Class: 1528K(1664K)->1528K(1664K)
[236.066s][info][gc             ] GC(1626) Pause Young (Allocation Failure) 630M->85M(1979M) 1.045ms
[236.066s][info][gc,cpu         ] GC(1626) User=0.00s Sys=0.00s Real=0.00s
[236.200s][info][gc,start       ] GC(1627) Pause Young (Allocation Failure)
[236.201s][info][gc,heap        ] GC(1627) DefNew: 561419K(629120K)->2252K(629120K) Eden: 559232K(559232K)->0K(559232K) From: 2187K(69888K)->2252K(69888K)
[236.201s][info][gc,heap        ] GC(1627) Tenured: 85058K(1398144K)->85058K(1398144K)
[236.201s][info][gc,metaspace   ] GC(1627) Metaspace: 11872K(12160K)->11872K(12160K) NonClass: 10343K(10496K)->10343K(10496K) Class: 1528K(1664K)->1528K(1664K)
[236.201s][info][gc             ] GC(1627) Pause Young (Allocation Failure) 631M->85M(1979M) 1.083ms
[236.201s][info][gc,cpu         ] GC(1627) User=0.00s Sys=0.00s Real=0.00s
[236.335s][info][gc,start       ] GC(1628) Pause Young (Allocation Failure)
[236.336s][info][gc,heap        ] GC(1628) DefNew: 561135K(629120K)->2737K(629120K) Eden: 558883K(559232K)->0K(559232K) From: 2252K(69888K)->2737K(69888K)
[236.336s][info][gc,heap        ] GC(1628) Tenured: 85058K(1398144K)->85058K(1398144K)
[236.336s][info][gc,metaspace   ] GC(1628) Metaspace: 11872K(12160K)->11872K(12160K) NonClass: 10343K(10496K)->10343K(10496K) Class: 1528K(1664K)->1528K(1664K)
[236.336s][info][gc             ] GC(1628) Pause Young (Allocation Failure) 631M->85M(1979M) 1.339ms
[236.336s][info][gc,cpu         ] GC(1628) User=0.00s Sys=0.00s Real=0.02s
[236.474s][info][gc,start       ] GC(1629) Pause Young (Allocation Failure)
[236.474s][info][gc,heap        ] GC(1629) DefNew: 561969K(629120K)->217K(629120K) Eden: 559232K(559232K)->0K(559232K) From: 2737K(69888K)->217K(69888K)
[236.474s][info][gc,heap        ] GC(1629) Tenured: 85058K(1398144K)->85058K(1398144K)
[236.474s][info][gc,metaspace   ] GC(1629) Metaspace: 11872K(12160K)->11872K(12160K) NonClass: 10343K(10496K)->10343K(10496K) Class: 1528K(1664K)->1528K(1664K)
[236.474s][info][gc             ] GC(1629) Pause Young (Allocation Failure) 631M->83M(1979M) 0.430ms
[236.474s][info][gc,cpu         ] GC(1629) User=0.00s Sys=0.00s Real=0.00s
[236.615s][info][gc,start       ] GC(1630) Pause Young (Allocation Failure)
[236.615s][info][gc,heap        ] GC(1630) DefNew: 559449K(629120K)->590K(629120K) Eden: 559232K(559232K)->0K(559232K) From: 217K(69888K)->590K(69888K)
[236.615s][info][gc,heap        ] GC(1630) Tenured: 85058K(1398144K)->85058K(1398144K)
[236.615s][info][gc,metaspace   ] GC(1630) Metaspace: 11872K(12160K)->11872K(12160K) NonClass: 10343K(10496K)->10343K(10496K) Class: 1528K(1664K)->1528K(1664K)
[236.615s][info][gc             ] GC(1630) Pause Young (Allocation Failure) 629M->83M(1979M) 0.561ms
[236.615s][info][gc,cpu         ] GC(1630) User=0.00s Sys=0.00s Real=0.00s
[236.750s][info][gc,start       ] GC(1631) Pause Young (Allocation Failure)
[236.750s][info][gc,heap        ] GC(1631) DefNew: 559822K(629120K)->862K(629120K) Eden: 559232K(559232K)->0K(559232K) From: 590K(69888K)->862K(69888K)
[236.750s][info][gc,heap        ] GC(1631) Tenured: 85058K(1398144K)->85058K(1398144K)
[236.750s][info][gc,metaspace   ] GC(1631) Metaspace: 11872K(12160K)->11872K(12160K) NonClass: 10343K(10496K)->10343K(10496K) Class: 1528K(1664K)->1528K(1664K)
[236.750s][info][gc             ] GC(1631) Pause Young (Allocation Failure) 629M->83M(1979M) 0.645ms
[236.750s][info][gc,cpu         ] GC(1631) User=0.00s Sys=0.00s Real=0.00s
[236.884s][info][gc,start       ] GC(1632) Pause Young (Allocation Failure)
[236.885s][info][gc,heap        ] GC(1632) DefNew: 560094K(629120K)->1218K(629120K) Eden: 559232K(559232K)->0K(559232K) From: 862K(69888K)->1218K(69888K)
[236.885s][info][gc,heap        ] GC(1632) Tenured: 85058K(1398144K)->85058K(1398144K)
[236.885s][info][gc,metaspace   ] GC(1632) Metaspace: 11872K(12160K)->11872K(12160K) NonClass: 10343K(10496K)->10343K(10496K) Class: 1528K(1664K)->1528K(1664K)
[236.885s][info][gc             ] GC(1632) Pause Young (Allocation Failure) 630M->84M(1979M) 0.797ms
[236.885s][info][gc,cpu         ] GC(1632) User=0.00s Sys=0.00s Real=0.02s
[237.019s][info][gc,start       ] GC(1633) Pause Young (Allocation Failure)
[237.020s][info][gc,heap        ] GC(1633) DefNew: 560450K(629120K)->1691K(629120K) Eden: 559232K(559232K)->0K(559232K) From: 1218K(69888K)->1691K(69888K)
[237.020s][info][gc,heap        ] GC(1633) Tenured: 85058K(1398144K)->85058K(1398144K)
[237.020s][info][gc,metaspace   ] GC(1633) Metaspace: 11872K(12160K)->11872K(12160K) NonClass: 10343K(10496K)->10343K(10496K) Class: 1528K(1664K)->1528K(1664K)
[237.020s][info][gc             ] GC(1633) Pause Young (Allocation Failure) 630M->84M(1979M) 0.893ms
[237.020s][info][gc,cpu         ] GC(1633) User=0.00s Sys=0.00s Real=0.00s
[237.155s][info][gc,start       ] GC(1634) Pause Young (Allocation Failure)
[237.156s][info][gc,heap        ] GC(1634) DefNew: 560923K(629120K)->2070K(629120K) Eden: 559232K(559232K)->0K(559232K) From: 1691K(69888K)->2070K(69888K)
[237.156s][info][gc,heap        ] GC(1634) Tenured: 85058K(1398144K)->85058K(1398144K)
[237.156s][info][gc,metaspace   ] GC(1634) Metaspace: 11872K(12160K)->11872K(12160K) NonClass: 10343K(10496K)->10343K(10496K) Class: 1528K(1664K)->1528K(1664K)
[237.156s][info][gc             ] GC(1634) Pause Young (Allocation Failure) 630M->85M(1979M) 1.145ms
[237.156s][info][gc,cpu         ] GC(1634) User=0.00s Sys=0.00s Real=0.00s
[237.291s][info][gc,start       ] GC(1635) Pause Young (Allocation Failure)
[237.292s][info][gc,heap        ] GC(1635) DefNew: 561302K(629120K)->2203K(629120K) Eden: 559232K(559232K)->0K(559232K) From: 2070K(69888K)->2203K(69888K)
[237.292s][info][gc,heap        ] GC(1635) Tenured: 85058K(1398144K)->85058K(1398144K)
[237.292s][info][gc,metaspace   ] GC(1635) Metaspace: 11872K(12160K)->11872K(12160K) NonClass: 10343K(10496K)->10343K(10496K) Class: 1528K(1664K)->1528K(1664K)
[237.292s][info][gc             ] GC(1635) Pause Young (Allocation Failure) 631M->85M(1979M) 1.053ms
[237.292s][info][gc,cpu         ] GC(1635) User=0.00s Sys=0.00s Real=0.00s
[237.424s][info][gc,start       ] GC(1636) Pause Young (Allocation Failure)
[237.425s][info][gc,heap        ] GC(1636) DefNew: 561435K(629120K)->2495K(629120K) Eden: 559232K(559232K)->0K(559232K) From: 2203K(69888K)->2495K(69888K)
[237.425s][info][gc,heap        ] GC(1636) Tenured: 85058K(1398144K)->85058K(1398144K)
[237.425s][info][gc,metaspace   ] GC(1636) Metaspace: 11872K(12160K)->11872K(12160K) NonClass: 10343K(10496K)->10343K(10496K) Class: 1528K(1664K)->1528K(1664K)
[237.426s][info][gc             ] GC(1636) Pause Young (Allocation Failure) 631M->85M(1979M) 1.216ms
[237.426s][info][gc,cpu         ] GC(1636) User=0.00s Sys=0.00s Real=0.00s
[237.570s][info][gc,start       ] GC(1637) Pause Young (Allocation Failure)
[237.571s][info][gc,heap        ] GC(1637) DefNew: 561727K(629120K)->268K(629120K) Eden: 559232K(559232K)->0K(559232K) From: 2495K(69888K)->268K(69888K)
[237.571s][info][gc,heap        ] GC(1637) Tenured: 85058K(1398144K)->85059K(1398144K)
[237.571s][info][gc,metaspace   ] GC(1637) Metaspace: 11872K(12160K)->11872K(12160K) NonClass: 10343K(10496K)->10343K(10496K) Class: 1528K(1664K)->1528K(1664K)
[237.571s][info][gc             ] GC(1637) Pause Young (Allocation Failure) 631M->83M(1979M) 0.460ms
[237.571s][info][gc,cpu         ] GC(1637) User=0.00s Sys=0.00s Real=0.00s
[237.705s][info][gc,start       ] GC(1638) Pause Young (Allocation Failure)
[237.706s][info][gc,heap        ] GC(1638) DefNew: 559500K(629120K)->693K(629120K) Eden: 559232K(559232K)->0K(559232K) From: 268K(69888K)->693K(69888K)
[237.706s][info][gc,heap        ] GC(1638) Tenured: 85059K(1398144K)->85059K(1398144K)
[237.706s][info][gc,metaspace   ] GC(1638) Metaspace: 11872K(12160K)->11872K(12160K) NonClass: 10343K(10496K)->10343K(10496K) Class: 1528K(1664K)->1528K(1664K)
[237.706s][info][gc             ] GC(1638) Pause Young (Allocation Failure) 629M->83M(1979M) 0.675ms
[237.706s][info][gc,cpu         ] GC(1638) User=0.00s Sys=0.00s Real=0.00s
[237.838s][info][gc,start       ] GC(1639) Pause Full (System.gc())
[237.838s][info][gc,phases,start] GC(1639) Phase 1: Mark live objects
[237.891s][info][gc,phases      ] GC(1639) Phase 1: Mark live objects 52.551ms
[237.891s][info][gc,phases,start] GC(1639) Phase 2: Compute new object addresses
[237.945s][info][gc,phases      ] GC(1639) Phase 2: Compute new object addresses 54.146ms
[237.945s][info][gc,phases,start] GC(1639) Phase 3: Adjust pointers
[237.966s][info][gc,phases      ] GC(1639) Phase 3: Adjust pointers 20.974ms
[237.966s][info][gc,phases,start] GC(1639) Phase 4: Move objects
[237.966s][info][gc,phases      ] GC(1639) Phase 4: Move objects 0.009ms
[237.966s][info][gc,heap        ] GC(1639) DefNew: 544030K(629120K)->0K(629120K) Eden: 543336K(559232K)->0K(559232K) From: 693K(69888K)->0K(69888K)
[237.966s][info][gc,heap        ] GC(1639) Tenured: 85059K(1398144K)->85057K(1398144K)
[237.966s][info][gc,metaspace   ] GC(1639) Metaspace: 11872K(12160K)->11872K(12160K) NonClass: 10343K(10496K)->10343K(10496K) Class: 1528K(1664K)->1528K(1664K)
[237.966s][info][gc             ] GC(1639) Pause Full (System.gc()) 614M->83M(1979M) 127.972ms
[237.966s][info][gc,cpu         ] GC(1639) User=0.11s Sys=0.00s Real=0.12s
[238.108s][info][gc,start       ] GC(1640) Pause Young (Allocation Failure)
[238.109s][info][gc,heap        ] GC(1640) DefNew: 559232K(629120K)->455K(629120K) Eden: 559232K(559232K)->0K(559232K) From: 0K(69888K)->455K(69888K)
[238.109s][info][gc,heap        ] GC(1640) Tenured: 85057K(1398144K)->85057K(1398144K)
[238.109s][info][gc,metaspace   ] GC(1640) Metaspace: 11872K(12160K)->11872K(12160K) NonClass: 10343K(10496K)->10343K(10496K) Class: 1528K(1664K)->1528K(1664K)
[238.109s][info][gc             ] GC(1640) Pause Young (Allocation Failure) 629M->83M(1979M) 0.500ms
[238.109s][info][gc,cpu         ] GC(1640) User=0.00s Sys=0.00s Real=0.00s
[238.243s][info][gc,start       ] GC(1641) Pause Young (Allocation Failure)
[238.243s][info][gc,heap        ] GC(1641) DefNew: 559676K(629120K)->894K(629120K) Eden: 559221K(559232K)->0K(559232K) From: 455K(69888K)->894K(69888K)
[238.243s][info][gc,heap        ] GC(1641) Tenured: 85057K(1398144K)->85057K(1398144K)
[238.243s][info][gc,metaspace   ] GC(1641) Metaspace: 11872K(12160K)->11872K(12160K) NonClass: 10343K(10496K)->10343K(10496K) Class: 1528K(1664K)->1528K(1664K)
[238.243s][info][gc             ] GC(1641) Pause Young (Allocation Failure) 629M->83M(1979M) 0.610ms
[238.243s][info][gc,cpu         ] GC(1641) User=0.00s Sys=0.00s Real=0.00s
[238.378s][info][gc,start       ] GC(1642) Pause Young (Allocation Failure)
[238.378s][info][gc,heap        ] GC(1642) DefNew: 560126K(629120K)->1260K(629120K) Eden: 559232K(559232K)->0K(559232K) From: 894K(69888K)->1260K(69888K)
[238.378s][info][gc,heap        ] GC(1642) Tenured: 85057K(1398144K)->85057K(1398144K)
[238.378s][info][gc,metaspace   ] GC(1642) Metaspace: 11872K(12160K)->11872K(12160K) NonClass: 10343K(10496K)->10343K(10496K) Class: 1528K(1664K)->1528K(1664K)
[238.378s][info][gc             ] GC(1642) Pause Young (Allocation Failure) 630M->84M(1979M) 0.752ms
[238.378s][info][gc,cpu         ] GC(1642) User=0.00s Sys=0.00s Real=0.00s
[238.515s][info][gc,start       ] GC(1643) Pause Young (Allocation Failure)
[238.516s][info][gc,heap        ] GC(1643) DefNew: 560492K(629120K)->1646K(629120K) Eden: 559232K(559232K)->0K(559232K) From: 1260K(69888K)->1646K(69888K)
[238.516s][info][gc,heap        ] GC(1643) Tenured: 85057K(1398144K)->85057K(1398144K)
[238.516s][info][gc,metaspace   ] GC(1643) Metaspace: 11872K(12160K)->11872K(12160K) NonClass: 10343K(10496K)->10343K(10496K) Class: 1528K(1664K)->1528K(1664K)
[238.516s][info][gc             ] GC(1643) Pause Young (Allocation Failure) 630M->84M(1979M) 0.907ms
[238.516s][info][gc,cpu         ] GC(1643) User=0.00s Sys=0.00s Real=0.00s
[238.654s][info][gc,start       ] GC(1644) Pause Young (Allocation Failure)
[238.655s][info][gc,heap        ] GC(1644) DefNew: 560878K(629120K)->2030K(629120K) Eden: 559232K(559232K)->0K(559232K) From: 1646K(69888K)->2030K(69888K)
[238.655s][info][gc,heap        ] GC(1644) Tenured: 85057K(1398144K)->85057K(1398144K)
[238.655s][info][gc,metaspace   ] GC(1644) Metaspace: 11872K(12160K)->11872K(12160K) NonClass: 10343K(10496K)->10343K(10496K) Class: 1528K(1664K)->1528K(1664K)
[238.655s][info][gc             ] GC(1644) Pause Young (Allocation Failure) 630M->85M(1979M) 0.970ms
[238.655s][info][gc,cpu         ] GC(1644) User=0.00s Sys=0.00s Real=0.00s
[238.790s][info][gc,start       ] GC(1645) Pause Young (Allocation Failure)
[238.791s][info][gc,heap        ] GC(1645) DefNew: 561233K(629120K)->2543K(629120K) Eden: 559203K(559232K)->0K(559232K) From: 2030K(69888K)->2543K(69888K)
[238.791s][info][gc,heap        ] GC(1645) Tenured: 85057K(1398144K)->85057K(1398144K)
[238.791s][info][gc,metaspace   ] GC(1645) Metaspace: 11872K(12160K)->11872K(12160K) NonClass: 10343K(10496K)->10343K(10496K) Class: 1528K(1664K)->1528K(1664K)
[238.792s][info][gc             ] GC(1645) Pause Young (Allocation Failure) 631M->85M(1979M) 1.189ms
[238.792s][info][gc,cpu         ] GC(1645) User=0.00s Sys=0.00s Real=0.00s
[238.925s][info][gc,start       ] GC(1646) Pause Young (Allocation Failure)
[238.927s][info][gc,heap        ] GC(1646) DefNew: 561711K(629120K)->2932K(629120K) Eden: 559167K(559232K)->0K(559232K) From: 2543K(69888K)->2932K(69888K)
[238.927s][info][gc,heap        ] GC(1646) Tenured: 85057K(1398144K)->85057K(1398144K)
[238.927s][info][gc,metaspace   ] GC(1646) Metaspace: 11872K(12160K)->11872K(12160K) NonClass: 10343K(10496K)->10343K(10496K) Class: 1528K(1664K)->1528K(1664K)
[238.927s][info][gc             ] GC(1646) Pause Young (Allocation Failure) 631M->85M(1979M) 1.389ms
[238.927s][info][gc,cpu         ] GC(1646) User=0.00s Sys=0.00s Real=0.02s
[239.065s][info][gc,start       ] GC(1647) Pause Young (Allocation Failure)
[239.066s][info][gc,heap        ] GC(1647) DefNew: 562164K(629120K)->426K(629120K) Eden: 559232K(559232K)->0K(559232K) From: 2932K(69888K)->426K(69888K)
[239.066s][info][gc,heap        ] GC(1647) Tenured: 85057K(1398144K)->85057K(1398144K)
[239.066s][info][gc,metaspace   ] GC(1647) Metaspace: 11872K(12160K)->11872K(12160K) NonClass: 10343K(10496K)->10343K(10496K) Class: 1528K(1664K)->1528K(1664K)
[239.066s][info][gc             ] GC(1647) Pause Young (Allocation Failure) 632M->83M(1979M) 0.494ms
[239.066s][info][gc,cpu         ] GC(1647) User=0.00s Sys=0.00s Real=0.00s
[239.200s][info][gc,start       ] GC(1648) Pause Young (Allocation Failure)
[239.201s][info][gc,heap        ] GC(1648) DefNew: 559658K(629120K)->954K(629120K) Eden: 559232K(559232K)->0K(559232K) From: 426K(69888K)->954K(69888K)
[239.201s][info][gc,heap        ] GC(1648) Tenured: 85057K(1398144K)->85057K(1398144K)
[239.201s][info][gc,metaspace   ] GC(1648) Metaspace: 11872K(12160K)->11872K(12160K) NonClass: 10343K(10496K)->10343K(10496K) Class: 1528K(1664K)->1528K(1664K)
[239.201s][info][gc             ] GC(1648) Pause Young (Allocation Failure) 629M->83M(1979M) 0.647ms
[239.201s][info][gc,cpu         ] GC(1648) User=0.00s Sys=0.00s Real=0.00s
[239.336s][info][gc,start       ] GC(1649) Pause Young (Allocation Failure)
[239.337s][info][gc,heap        ] GC(1649) DefNew: 560186K(629120K)->1385K(629120K) Eden: 559232K(559232K)->0K(559232K) From: 954K(69888K)->1385K(69888K)
[239.337s][info][gc,heap        ] GC(1649) Tenured: 85057K(1398144K)->85057K(1398144K)
[239.337s][info][gc,metaspace   ] GC(1649) Metaspace: 11872K(12160K)->11872K(12160K) NonClass: 10343K(10496K)->10343K(10496K) Class: 1528K(1664K)->1528K(1664K)
[239.337s][info][gc             ] GC(1649) Pause Young (Allocation Failure) 630M->84M(1979M) 0.807ms
[239.337s][info][gc,cpu         ] GC(1649) User=0.00s Sys=0.00s Real=0.00s
[239.471s][info][gc,start       ] GC(1650) Pause Young (Allocation Failure)
[239.472s][info][gc,heap        ] GC(1650) DefNew: 560617K(629120K)->1735K(629120K) Eden: 559232K(559232K)->0K(559232K) From: 1385K(69888K)->1735K(69888K)
[239.472s][info][gc,heap        ] GC(1650) Tenured: 85057K(1398144K)->85057K(1398144K)
[239.472s][info][gc,metaspace   ] GC(1650) Metaspace: 11872K(12160K)->11872K(12160K) NonClass: 10343K(10496K)->10343K(10496K) Class: 1528K(1664K)->1528K(1664K)
[239.472s][info][gc             ] GC(1650) Pause Young (Allocation Failure) 630M->84M(1979M) 0.923ms
[239.472s][info][gc,cpu         ] GC(1650) User=0.00s Sys=0.00s Real=0.00s
[239.611s][info][gc,start       ] GC(1651) Pause Young (Allocation Failure)
[239.612s][info][gc,heap        ] GC(1651) DefNew: 560967K(629120K)->1982K(629120K) Eden: 559232K(559232K)->0K(559232K) From: 1735K(69888K)->1982K(69888K)
[239.612s][info][gc,heap        ] GC(1651) Tenured: 85057K(1398144K)->85057K(1398144K)
[239.612s][info][gc,metaspace   ] GC(1651) Metaspace: 11872K(12160K)->11872K(12160K) NonClass: 10343K(10496K)->10343K(10496K) Class: 1528K(1664K)->1528K(1664K)
[239.612s][info][gc             ] GC(1651) Pause Young (Allocation Failure) 630M->85M(1979M) 0.981ms
[239.612s][info][gc,cpu         ] GC(1651) User=0.00s Sys=0.00s Real=0.00s
[239.748s][info][gc,start       ] GC(1652) Pause Young (Allocation Failure)
[239.749s][info][gc,heap        ] GC(1652) DefNew: 561214K(629120K)->2250K(629120K) Eden: 559232K(559232K)->0K(559232K) From: 1982K(69888K)->2250K(69888K)
[239.749s][info][gc,heap        ] GC(1652) Tenured: 85057K(1398144K)->85057K(1398144K)
[239.749s][info][gc,metaspace   ] GC(1652) Metaspace: 11872K(12160K)->11872K(12160K) NonClass: 10343K(10496K)->10343K(10496K) Class: 1528K(1664K)->1528K(1664K)
[239.749s][info][gc             ] GC(1652) Pause Young (Allocation Failure) 631M->85M(1979M) 1.065ms
[239.749s][info][gc,cpu         ] GC(1652) User=0.00s Sys=0.00s Real=0.00s
[239.885s][info][gc,start       ] GC(1653) Pause Young (Allocation Failure)
[239.886s][info][gc,heap        ] GC(1653) DefNew: 560830K(629120K)->3128K(629120K) Eden: 558579K(559232K)->0K(559232K) From: 2250K(69888K)->3128K(69888K)
[239.886s][info][gc,heap        ] GC(1653) Tenured: 85057K(1398144K)->85057K(1398144K)
[239.886s][info][gc,metaspace   ] GC(1653) Metaspace: 11872K(12160K)->11872K(12160K) NonClass: 10343K(10496K)->10343K(10496K) Class: 1528K(1664K)->1528K(1664K)
[239.886s][info][gc             ] GC(1653) Pause Young (Allocation Failure) 630M->86M(1979M) 1.544ms
[239.886s][info][gc,cpu         ] GC(1653) User=0.00s Sys=0.00s Real=0.00s
[240.024s][info][gc,start       ] GC(1654) Pause Young (Allocation Failure)
[240.025s][info][gc,heap        ] GC(1654) DefNew: 562360K(629120K)->302K(629120K) Eden: 559232K(559232K)->0K(559232K) From: 3128K(69888K)->302K(69888K)
[240.025s][info][gc,heap        ] GC(1654) Tenured: 85057K(1398144K)->85057K(1398144K)
[240.025s][info][gc,metaspace   ] GC(1654) Metaspace: 11872K(12160K)->11872K(12160K) NonClass: 10343K(10496K)->10343K(10496K) Class: 1528K(1664K)->1528K(1664K)
[240.025s][info][gc             ] GC(1654) Pause Young (Allocation Failure) 632M->83M(1979M) 0.453ms
[240.025s][info][gc,cpu         ] GC(1654) User=0.00s Sys=0.00s Real=0.00s
[240.159s][info][gc,start       ] GC(1655) Pause Young (Allocation Failure)
[240.160s][info][gc,heap        ] GC(1655) DefNew: 559534K(629120K)->788K(629120K) Eden: 559232K(559232K)->0K(559232K) From: 302K(69888K)->788K(69888K)
[240.160s][info][gc,heap        ] GC(1655) Tenured: 85057K(1398144K)->85058K(1398144K)
[240.160s][info][gc,metaspace   ] GC(1655) Metaspace: 11872K(12160K)->11872K(12160K) NonClass: 10343K(10496K)->10343K(10496K) Class: 1528K(1664K)->1528K(1664K)
[240.160s][info][gc             ] GC(1655) Pause Young (Allocation Failure) 629M->83M(1979M) 0.630ms
[240.160s][info][gc,cpu         ] GC(1655) User=0.00s Sys=0.00s Real=0.00s
[240.294s][info][gc,start       ] GC(1656) Pause Young (Allocation Failure)
[240.295s][info][gc,heap        ] GC(1656) DefNew: 560020K(629120K)->1205K(629120K) Eden: 559232K(559232K)->0K(559232K) From: 788K(69888K)->1205K(69888K)
[240.295s][info][gc,heap        ] GC(1656) Tenured: 85058K(1398144K)->85058K(1398144K)
[240.295s][info][gc,metaspace   ] GC(1656) Metaspace: 11872K(12160K)->11872K(12160K) NonClass: 10343K(10496K)->10343K(10496K) Class: 1528K(1664K)->1528K(1664K)
[240.295s][info][gc             ] GC(1656) Pause Young (Allocation Failure) 629M->84M(1979M) 0.750ms
[240.295s][info][gc,cpu         ] GC(1656) User=0.00s Sys=0.00s Real=0.00s
[240.426s][info][gc,start       ] GC(1657) Pause Full (System.gc())
[240.426s][info][gc,phases,start] GC(1657) Phase 1: Mark live objects
[240.479s][info][gc,phases      ] GC(1657) Phase 1: Mark live objects 52.946ms
[240.479s][info][gc,phases,start] GC(1657) Phase 2: Compute new object addresses
[240.534s][info][gc,phases      ] GC(1657) Phase 2: Compute new object addresses 54.988ms
[240.534s][info][gc,phases,start] GC(1657) Phase 3: Adjust pointers
[240.555s][info][gc,phases      ] GC(1657) Phase 3: Adjust pointers 21.090ms
[240.555s][info][gc,phases,start] GC(1657) Phase 4: Move objects
[240.555s][info][gc,phases      ] GC(1657) Phase 4: Move objects 0.009ms
[240.555s][info][gc,heap        ] GC(1657) DefNew: 533260K(629120K)->0K(629120K) Eden: 532054K(559232K)->0K(559232K) From: 1205K(69888K)->0K(69888K)
[240.555s][info][gc,heap        ] GC(1657) Tenured: 85058K(1398144K)->85058K(1398144K)
[240.555s][info][gc,metaspace   ] GC(1657) Metaspace: 11872K(12160K)->11872K(12160K) NonClass: 10343K(10496K)->10343K(10496K) Class: 1528K(1664K)->1528K(1664K)
[240.555s][info][gc             ] GC(1657) Pause Full (System.gc()) 603M->83M(1979M) 129.325ms
[240.555s][info][gc,cpu         ] GC(1657) User=0.12s Sys=0.00s Real=0.13s
[240.698s][info][gc,start       ] GC(1658) Pause Young (Allocation Failure)
[240.699s][info][gc,heap        ] GC(1658) DefNew: 559232K(629120K)->490K(629120K) Eden: 559232K(559232K)->0K(559232K) From: 0K(69888K)->490K(69888K)
[240.699s][info][gc,heap        ] GC(1658) Tenured: 85058K(1398144K)->85058K(1398144K)
[240.699s][info][gc,metaspace   ] GC(1658) Metaspace: 11872K(12160K)->11872K(12160K) NonClass: 10343K(10496K)->10343K(10496K) Class: 1528K(1664K)->1528K(1664K)
[240.699s][info][gc             ] GC(1658) Pause Young (Allocation Failure) 629M->83M(1979M) 0.512ms
[240.699s][info][gc,cpu         ] GC(1658) User=0.00s Sys=0.00s Real=0.00s
[240.833s][info][gc,start       ] GC(1659) Pause Young (Allocation Failure)
[240.834s][info][gc,heap        ] GC(1659) DefNew: 559722K(629120K)->787K(629120K) Eden: 559232K(559232K)->0K(559232K) From: 490K(69888K)->787K(69888K)
[240.834s][info][gc,heap        ] GC(1659) Tenured: 85058K(1398144K)->85058K(1398144K)
[240.834s][info][gc,metaspace   ] GC(1659) Metaspace: 11872K(12160K)->11872K(12160K) NonClass: 10343K(10496K)->10343K(10496K) Class: 1528K(1664K)->1528K(1664K)
[240.834s][info][gc             ] GC(1659) Pause Young (Allocation Failure) 629M->83M(1979M) 0.582ms
[240.834s][info][gc,cpu         ] GC(1659) User=0.00s Sys=0.00s Real=0.00s
[240.968s][info][gc,start       ] GC(1660) Pause Young (Allocation Failure)
[240.969s][info][gc,heap        ] GC(1660) DefNew: 560019K(629120K)->1328K(629120K) Eden: 559232K(559232K)->0K(559232K) From: 787K(69888K)->1328K(69888K)
[240.969s][info][gc,heap        ] GC(1660) Tenured: 85058K(1398144K)->85058K(1398144K)
[240.969s][info][gc,metaspace   ] GC(1660) Metaspace: 11872K(12160K)->11872K(12160K) NonClass: 10343K(10496K)->10343K(10496K) Class: 1528K(1664K)->1528K(1664K)
[240.969s][info][gc             ] GC(1660) Pause Young (Allocation Failure) 629M->84M(1979M) 0.778ms
[240.969s][info][gc,cpu         ] GC(1660) User=0.00s Sys=0.00s Real=0.00s
[241.103s][info][gc,start       ] GC(1661) Pause Young (Allocation Failure)
[241.104s][info][gc,heap        ] GC(1661) DefNew: 560560K(629120K)->1893K(629120K) Eden: 559232K(559232K)->0K(559232K) From: 1328K(69888K)->1893K(69888K)
[241.104s][info][gc,heap        ] GC(1661) Tenured: 85058K(1398144K)->85058K(1398144K)
[241.104s][info][gc,metaspace   ] GC(1661) Metaspace: 11872K(12160K)->11872K(12160K) NonClass: 10343K(10496K)->10343K(10496K) Class: 1528K(1664K)->1528K(1664K)
[241.104s][info][gc             ] GC(1661) Pause Young (Allocation Failure) 630M->84M(1979M) 0.921ms
[241.104s][info][gc,cpu         ] GC(1661) User=0.00s Sys=0.00s Real=0.00s
[241.239s][info][gc,start       ] GC(1662) Pause Young (Allocation Failure)
[241.240s][info][gc,heap        ] GC(1662) DefNew: 561125K(629120K)->2468K(629120K) Eden: 559232K(559232K)->0K(559232K) From: 1893K(69888K)->2468K(69888K)
[241.240s][info][gc,heap        ] GC(1662) Tenured: 85058K(1398144K)->85058K(1398144K)
[241.240s][info][gc,metaspace   ] GC(1662) Metaspace: 11872K(12160K)->11872K(12160K) NonClass: 10343K(10496K)->10343K(10496K) Class: 1528K(1664K)->1528K(1664K)
[241.240s][info][gc             ] GC(1662) Pause Young (Allocation Failure) 631M->85M(1979M) 1.143ms
[241.240s][info][gc,cpu         ] GC(1662) User=0.00s Sys=0.00s Real=0.00s
[241.374s][info][gc,start       ] GC(1663) Pause Young (Allocation Failure)
[241.376s][info][gc,heap        ] GC(1663) DefNew: 561589K(629120K)->2640K(629120K) Eden: 559121K(559232K)->0K(559232K) From: 2468K(69888K)->2640K(69888K)
[241.376s][info][gc,heap        ] GC(1663) Tenured: 85058K(1398144K)->85058K(1398144K)
[241.376s][info][gc,metaspace   ] GC(1663) Metaspace: 11872K(12160K)->11872K(12160K) NonClass: 10343K(10496K)->10343K(10496K) Class: 1528K(1664K)->1528K(1664K)
[241.376s][info][gc             ] GC(1663) Pause Young (Allocation Failure) 631M->85M(1979M) 1.308ms
[241.376s][info][gc,cpu         ] GC(1663) User=0.00s Sys=0.00s Real=0.02s
[241.518s][info][gc,start       ] GC(1664) Pause Young (Allocation Failure)
[241.519s][info][gc,heap        ] GC(1664) DefNew: 561872K(629120K)->113K(629120K) Eden: 559232K(559232K)->0K(559232K) From: 2640K(69888K)->113K(69888K)
[241.519s][info][gc,heap        ] GC(1664) Tenured: 85058K(1398144K)->85058K(1398144K)
[241.519s][info][gc,metaspace   ] GC(1664) Metaspace: 11872K(12160K)->11872K(12160K) NonClass: 10343K(10496K)->10343K(10496K) Class: 1528K(1664K)->1528K(1664K)
[241.519s][info][gc             ] GC(1664) Pause Young (Allocation Failure) 631M->83M(1979M) 0.391ms
[241.519s][info][gc,cpu         ] GC(1664) User=0.00s Sys=0.00s Real=0.00s
[241.654s][info][gc,start       ] GC(1665) Pause Young (Allocation Failure)
[241.655s][info][gc,heap        ] GC(1665) DefNew: 559345K(629120K)->611K(629120K) Eden: 559232K(559232K)->0K(559232K) From: 113K(69888K)->611K(69888K)
[241.655s][info][gc,heap        ] GC(1665) Tenured: 85058K(1398144K)->85058K(1398144K)
[241.655s][info][gc,metaspace   ] GC(1665) Metaspace: 11872K(12160K)->11872K(12160K) NonClass: 10343K(10496K)->10343K(10496K) Class: 1528K(1664K)->1528K(1664K)
[241.655s][info][gc             ] GC(1665) Pause Young (Allocation Failure) 629M->83M(1979M) 0.556ms
[241.655s][info][gc,cpu         ] GC(1665) User=0.00s Sys=0.00s Real=0.00s
[241.791s][info][gc,start       ] GC(1666) Pause Young (Allocation Failure)
[241.791s][info][gc,heap        ] GC(1666) DefNew: 559843K(629120K)->1043K(629120K) Eden: 559232K(559232K)->0K(559232K) From: 611K(69888K)->1043K(69888K)
[241.791s][info][gc,heap        ] GC(1666) Tenured: 85058K(1398144K)->85058K(1398144K)
[241.791s][info][gc,metaspace   ] GC(1666) Metaspace: 11872K(12160K)->11872K(12160K) NonClass: 10343K(10496K)->10343K(10496K) Class: 1528K(1664K)->1528K(1664K)
[241.791s][info][gc             ] GC(1666) Pause Young (Allocation Failure) 629M->84M(1979M) 0.676ms
[241.791s][info][gc,cpu         ] GC(1666) User=0.00s Sys=0.00s Real=0.00s
[241.925s][info][gc,start       ] GC(1667) Pause Young (Allocation Failure)
[241.926s][info][gc,heap        ] GC(1667) DefNew: 560275K(629120K)->1439K(629120K) Eden: 559232K(559232K)->0K(559232K) From: 1043K(69888K)->1439K(69888K)
[241.926s][info][gc,heap        ] GC(1667) Tenured: 85058K(1398144K)->85058K(1398144K)
[241.926s][info][gc,metaspace   ] GC(1667) Metaspace: 11872K(12160K)->11872K(12160K) NonClass: 10343K(10496K)->10343K(10496K) Class: 1528K(1664K)->1528K(1664K)
[241.926s][info][gc             ] GC(1667) Pause Young (Allocation Failure) 630M->84M(1979M) 0.803ms
[241.926s][info][gc,cpu         ] GC(1667) User=0.00s Sys=0.00s Real=0.00s
[242.060s][info][gc,start       ] GC(1668) Pause Young (Allocation Failure)
[242.061s][info][gc,heap        ] GC(1668) DefNew: 560671K(629120K)->1926K(629120K) Eden: 559232K(559232K)->0K(559232K) From: 1439K(69888K)->1926K(69888K)
[242.061s][info][gc,heap        ] GC(1668) Tenured: 85058K(1398144K)->85058K(1398144K)
[242.061s][info][gc,metaspace   ] GC(1668) Metaspace: 11872K(12160K)->11872K(12160K) NonClass: 10343K(10496K)->10343K(10496K) Class: 1528K(1664K)->1528K(1664K)
[242.061s][info][gc             ] GC(1668) Pause Young (Allocation Failure) 630M->84M(1979M) 0.989ms
[242.061s][info][gc,cpu         ] GC(1668) User=0.00s Sys=0.00s Real=0.00s
[242.196s][info][gc,start       ] GC(1669) Pause Young (Allocation Failure)
[242.197s][info][gc,heap        ] GC(1669) DefNew: 561158K(629120K)->2299K(629120K) Eden: 559232K(559232K)->0K(559232K) From: 1926K(69888K)->2299K(69888K)
[242.197s][info][gc,heap        ] GC(1669) Tenured: 85058K(1398144K)->85058K(1398144K)
[242.197s][info][gc,metaspace   ] GC(1669) Metaspace: 11872K(12160K)->11872K(12160K) NonClass: 10343K(10496K)->10343K(10496K) Class: 1528K(1664K)->1528K(1664K)
[242.197s][info][gc             ] GC(1669) Pause Young (Allocation Failure) 631M->85M(1979M) 1.078ms
[242.197s][info][gc,cpu         ] GC(1669) User=0.00s Sys=0.00s Real=0.00s
[242.330s][info][gc,start       ] GC(1670) Pause Young (Allocation Failure)
[242.331s][info][gc,heap        ] GC(1670) DefNew: 561531K(629120K)->2277K(629120K) Eden: 559232K(559232K)->0K(559232K) From: 2299K(69888K)->2277K(69888K)
[242.331s][info][gc,heap        ] GC(1670) Tenured: 85058K(1398144K)->85058K(1398144K)
[242.331s][info][gc,metaspace   ] GC(1670) Metaspace: 11872K(12160K)->11872K(12160K) NonClass: 10343K(10496K)->10343K(10496K) Class: 1528K(1664K)->1528K(1664K)
[242.331s][info][gc             ] GC(1670) Pause Young (Allocation Failure) 631M->85M(1979M) 1.030ms
[242.331s][info][gc,cpu         ] GC(1670) User=0.00s Sys=0.00s Real=0.00s
[242.470s][info][gc,start       ] GC(1671) Pause Young (Allocation Failure)
[242.471s][info][gc,heap        ] GC(1671) DefNew: 561509K(629120K)->1958K(629120K) Eden: 559232K(559232K)->0K(559232K) From: 2277K(69888K)->1958K(69888K)
[242.471s][info][gc,heap        ] GC(1671) Tenured: 85058K(1398144K)->85058K(1398144K)
[242.471s][info][gc,metaspace   ] GC(1671) Metaspace: 11872K(12160K)->11872K(12160K) NonClass: 10343K(10496K)->10343K(10496K) Class: 1528K(1664K)->1528K(1664K)
[242.471s][info][gc             ] GC(1671) Pause Young (Allocation Failure) 631M->84M(1979M) 0.956ms
[242.471s][info][gc,cpu         ] GC(1671) User=0.00s Sys=0.00s Real=0.00s
[242.612s][info][gc,start       ] GC(1672) Pause Young (Allocation Failure)
[242.612s][info][gc,heap        ] GC(1672) DefNew: 561190K(629120K)->434K(629120K) Eden: 559232K(559232K)->0K(559232K) From: 1958K(69888K)->434K(69888K)
[242.612s][info][gc,heap        ] GC(1672) Tenured: 85058K(1398144K)->85058K(1398144K)
[242.612s][info][gc,metaspace   ] GC(1672) Metaspace: 11872K(12160K)->11872K(12160K) NonClass: 10343K(10496K)->10343K(10496K) Class: 1528K(1664K)->1528K(1664K)
[242.612s][info][gc             ] GC(1672) Pause Young (Allocation Failure) 631M->83M(1979M) 0.489ms
[242.612s][info][gc,cpu         ] GC(1672) User=0.00s Sys=0.00s Real=0.00s
[242.748s][info][gc,start       ] GC(1673) Pause Young (Allocation Failure)
[242.748s][info][gc,heap        ] GC(1673) DefNew: 559666K(629120K)->847K(629120K) Eden: 559232K(559232K)->0K(559232K) From: 434K(69888K)->847K(69888K)
[242.748s][info][gc,heap        ] GC(1673) Tenured: 85058K(1398144K)->85058K(1398144K)
[242.748s][info][gc,metaspace   ] GC(1673) Metaspace: 11872K(12160K)->11872K(12160K) NonClass: 10343K(10496K)->10343K(10496K) Class: 1528K(1664K)->1528K(1664K)
[242.748s][info][gc             ] GC(1673) Pause Young (Allocation Failure) 629M->83M(1979M) 0.625ms
[242.748s][info][gc,cpu         ] GC(1673) User=0.00s Sys=0.00s Real=0.00s
[242.883s][info][gc,start       ] GC(1674) Pause Young (Allocation Failure)
[242.884s][info][gc,heap        ] GC(1674) DefNew: 560079K(629120K)->1217K(629120K) Eden: 559232K(559232K)->0K(559232K) From: 847K(69888K)->1217K(69888K)
[242.884s][info][gc,heap        ] GC(1674) Tenured: 85058K(1398144K)->85058K(1398144K)
[242.884s][info][gc,metaspace   ] GC(1674) Metaspace: 11872K(12160K)->11872K(12160K) NonClass: 10343K(10496K)->10343K(10496K) Class: 1528K(1664K)->1528K(1664K)
[242.884s][info][gc             ] GC(1674) Pause Young (Allocation Failure) 630M->84M(1979M) 0.769ms
[242.884s][info][gc,cpu         ] GC(1674) User=0.00s Sys=0.00s Real=0.00s
[243.014s][info][gc,start       ] GC(1675) Pause Full (System.gc())
[243.014s][info][gc,phases,start] GC(1675) Phase 1: Mark live objects
[243.066s][info][gc,phases      ] GC(1675) Phase 1: Mark live objects 51.929ms
[243.066s][info][gc,phases,start] GC(1675) Phase 2: Compute new object addresses
[243.119s][info][gc,phases      ] GC(1675) Phase 2: Compute new object addresses 53.135ms
[243.119s][info][gc,phases,start] GC(1675) Phase 3: Adjust pointers
[243.141s][info][gc,phases      ] GC(1675) Phase 3: Adjust pointers 21.204ms
[243.141s][info][gc,phases,start] GC(1675) Phase 4: Move objects
[243.141s][info][gc,phases      ] GC(1675) Phase 4: Move objects 0.009ms
[243.141s][info][gc,heap        ] GC(1675) DefNew: 534108K(629120K)->0K(629120K) Eden: 532890K(559232K)->0K(559232K) From: 1217K(69888K)->0K(69888K)
[243.141s][info][gc,heap        ] GC(1675) Tenured: 85058K(1398144K)->85058K(1398144K)
[243.141s][info][gc,metaspace   ] GC(1675) Metaspace: 11872K(12160K)->11872K(12160K) NonClass: 10343K(10496K)->10343K(10496K) Class: 1528K(1664K)->1528K(1664K)
[243.141s][info][gc             ] GC(1675) Pause Full (System.gc()) 604M->83M(1979M) 126.583ms
[243.141s][info][gc,cpu         ] GC(1675) User=0.08s Sys=0.00s Real=0.13s
[243.282s][info][gc,start       ] GC(1676) Pause Young (Allocation Failure)
[243.283s][info][gc,heap        ] GC(1676) DefNew: 559232K(629120K)->439K(629120K) Eden: 559232K(559232K)->0K(559232K) From: 0K(69888K)->439K(69888K)
[243.283s][info][gc,heap        ] GC(1676) Tenured: 85058K(1398144K)->85058K(1398144K)
[243.283s][info][gc,metaspace   ] GC(1676) Metaspace: 11874K(12160K)->11874K(12160K) NonClass: 10345K(10496K)->10345K(10496K) Class: 1528K(1664K)->1528K(1664K)
[243.283s][info][gc             ] GC(1676) Pause Young (Allocation Failure) 629M->83M(1979M) 0.495ms
[243.283s][info][gc,cpu         ] GC(1676) User=0.00s Sys=0.00s Real=0.00s
[243.417s][info][gc,start       ] GC(1677) Pause Young (Allocation Failure)
[243.417s][info][gc,heap        ] GC(1677) DefNew: 559671K(629120K)->877K(629120K) Eden: 559232K(559232K)->0K(559232K) From: 439K(69888K)->877K(69888K)
[243.417s][info][gc,heap        ] GC(1677) Tenured: 85058K(1398144K)->85058K(1398144K)
[243.417s][info][gc,metaspace   ] GC(1677) Metaspace: 11874K(12160K)->11874K(12160K) NonClass: 10345K(10496K)->10345K(10496K) Class: 1528K(1664K)->1528K(1664K)
[243.417s][info][gc             ] GC(1677) Pause Young (Allocation Failure) 629M->83M(1979M) 0.669ms
[243.417s][info][gc,cpu         ] GC(1677) User=0.00s Sys=0.00s Real=0.00s
[243.559s][info][gc,start       ] GC(1678) Pause Young (Allocation Failure)
[243.560s][info][gc,heap        ] GC(1678) DefNew: 560109K(629120K)->1137K(629120K) Eden: 559232K(559232K)->0K(559232K) From: 877K(69888K)->1137K(69888K)
[243.560s][info][gc,heap        ] GC(1678) Tenured: 85058K(1398144K)->85058K(1398144K)
[243.560s][info][gc,metaspace   ] GC(1678) Metaspace: 11874K(12160K)->11874K(12160K) NonClass: 10345K(10496K)->10345K(10496K) Class: 1528K(1664K)->1528K(1664K)
[243.560s][info][gc             ] GC(1678) Pause Young (Allocation Failure) 630M->84M(1979M) 0.715ms
[243.560s][info][gc,cpu         ] GC(1678) User=0.00s Sys=0.00s Real=0.00s
[243.694s][info][gc,start       ] GC(1679) Pause Young (Allocation Failure)
[243.695s][info][gc,heap        ] GC(1679) DefNew: 560369K(629120K)->1431K(629120K) Eden: 559232K(559232K)->0K(559232K) From: 1137K(69888K)->1431K(69888K)
[243.695s][info][gc,heap        ] GC(1679) Tenured: 85058K(1398144K)->85058K(1398144K)
[243.695s][info][gc,metaspace   ] GC(1679) Metaspace: 11874K(12160K)->11874K(12160K) NonClass: 10345K(10496K)->10345K(10496K) Class: 1528K(1664K)->1528K(1664K)
[243.695s][info][gc             ] GC(1679) Pause Young (Allocation Failure) 630M->84M(1979M) 0.815ms
[243.695s][info][gc,cpu         ] GC(1679) User=0.00s Sys=0.00s Real=0.00s
[243.830s][info][gc,start       ] GC(1680) Pause Young (Allocation Failure)
[243.831s][info][gc,heap        ] GC(1680) DefNew: 560663K(629120K)->1656K(629120K) Eden: 559232K(559232K)->0K(559232K) From: 1431K(69888K)->1656K(69888K)
[243.831s][info][gc,heap        ] GC(1680) Tenured: 85058K(1398144K)->85058K(1398144K)
[243.831s][info][gc,metaspace   ] GC(1680) Metaspace: 11874K(12160K)->11874K(12160K) NonClass: 10345K(10496K)->10345K(10496K) Class: 1528K(1664K)->1528K(1664K)
[243.831s][info][gc             ] GC(1680) Pause Young (Allocation Failure) 630M->84M(1979M) 0.941ms
[243.831s][info][gc,cpu         ] GC(1680) User=0.00s Sys=0.00s Real=0.00s
[243.965s][info][gc,start       ] GC(1681) Pause Young (Allocation Failure)
[243.966s][info][gc,heap        ] GC(1681) DefNew: 560888K(629120K)->1953K(629120K) Eden: 559232K(559232K)->0K(559232K) From: 1656K(69888K)->1953K(69888K)
[243.966s][info][gc,heap        ] GC(1681) Tenured: 85058K(1398144K)->85058K(1398144K)
[243.966s][info][gc,metaspace   ] GC(1681) Metaspace: 11874K(12160K)->11874K(12160K) NonClass: 10345K(10496K)->10345K(10496K) Class: 1528K(1664K)->1528K(1664K)
[243.966s][info][gc             ] GC(1681) Pause Young (Allocation Failure) 630M->84M(1979M) 1.008ms
[243.966s][info][gc,cpu         ] GC(1681) User=0.00s Sys=0.00s Real=0.00s
[244.099s][info][gc,start       ] GC(1682) Pause Young (Allocation Failure)
[244.100s][info][gc,heap        ] GC(1682) DefNew: 561185K(629120K)->2282K(629120K) Eden: 559232K(559232K)->0K(559232K) From: 1953K(69888K)->2282K(69888K)
[244.100s][info][gc,heap        ] GC(1682) Tenured: 85058K(1398144K)->85058K(1398144K)
[244.100s][info][gc,metaspace   ] GC(1682) Metaspace: 11874K(12160K)->11874K(12160K) NonClass: 10345K(10496K)->10345K(10496K) Class: 1528K(1664K)->1528K(1664K)
[244.100s][info][gc             ] GC(1682) Pause Young (Allocation Failure) 631M->85M(1979M) 1.050ms
[244.100s][info][gc,cpu         ] GC(1682) User=0.00s Sys=0.00s Real=0.00s
[244.234s][info][gc,start       ] GC(1683) Pause Young (Allocation Failure)
[244.235s][info][gc,heap        ] GC(1683) DefNew: 561514K(629120K)->3031K(629120K) Eden: 559232K(559232K)->0K(559232K) From: 2282K(69888K)->3031K(69888K)
[244.235s][info][gc,heap        ] GC(1683) Tenured: 85058K(1398144K)->85058K(1398144K)
[244.235s][info][gc,metaspace   ] GC(1683) Metaspace: 11874K(12160K)->11874K(12160K) NonClass: 10345K(10496K)->10345K(10496K) Class: 1528K(1664K)->1528K(1664K)
[244.235s][info][gc             ] GC(1683) Pause Young (Allocation Failure) 631M->86M(1979M) 1.385ms
[244.235s][info][gc,cpu         ] GC(1683) User=0.00s Sys=0.00s Real=0.00s
[244.374s][info][gc,start       ] GC(1684) Pause Young (Allocation Failure)
[244.375s][info][gc,heap        ] GC(1684) DefNew: 562263K(629120K)->378K(629120K) Eden: 559232K(559232K)->0K(559232K) From: 3031K(69888K)->378K(69888K)
[244.375s][info][gc,heap        ] GC(1684) Tenured: 85058K(1398144K)->85058K(1398144K)
[244.375s][info][gc,metaspace   ] GC(1684) Metaspace: 11874K(12160K)->11874K(12160K) NonClass: 10345K(10496K)->10345K(10496K) Class: 1528K(1664K)->1528K(1664K)
[244.375s][info][gc             ] GC(1684) Pause Young (Allocation Failure) 632M->83M(1979M) 0.513ms
[244.375s][info][gc,cpu         ] GC(1684) User=0.00s Sys=0.00s Real=0.00s
[244.511s][info][gc,start       ] GC(1685) Pause Young (Allocation Failure)
[244.512s][info][gc,heap        ] GC(1685) DefNew: 559610K(629120K)->701K(629120K) Eden: 559232K(559232K)->0K(559232K) From: 378K(69888K)->701K(69888K)
[244.512s][info][gc,heap        ] GC(1685) Tenured: 85058K(1398144K)->85058K(1398144K)
[244.512s][info][gc,metaspace   ] GC(1685) Metaspace: 11874K(12160K)->11874K(12160K) NonClass: 10345K(10496K)->10345K(10496K) Class: 1528K(1664K)->1528K(1664K)
[244.512s][info][gc             ] GC(1685) Pause Young (Allocation Failure) 629M->83M(1979M) 0.619ms
[244.512s][info][gc,cpu         ] GC(1685) User=0.00s Sys=0.00s Real=0.00s
[244.650s][info][gc,start       ] GC(1686) Pause Young (Allocation Failure)
[244.650s][info][gc,heap        ] GC(1686) DefNew: 559933K(629120K)->1161K(629120K) Eden: 559232K(559232K)->0K(559232K) From: 701K(69888K)->1161K(69888K)
[244.650s][info][gc,heap        ] GC(1686) Tenured: 85058K(1398144K)->85058K(1398144K)
[244.650s][info][gc,metaspace   ] GC(1686) Metaspace: 11874K(12160K)->11874K(12160K) NonClass: 10345K(10496K)->10345K(10496K) Class: 1528K(1664K)->1528K(1664K)
[244.651s][info][gc             ] GC(1686) Pause Young (Allocation Failure) 629M->84M(1979M) 0.730ms
[244.651s][info][gc,cpu         ] GC(1686) User=0.00s Sys=0.00s Real=0.00s
[244.786s][info][gc,start       ] GC(1687) Pause Young (Allocation Failure)
[244.787s][info][gc,heap        ] GC(1687) DefNew: 560393K(629120K)->1720K(629120K) Eden: 559232K(559232K)->0K(559232K) From: 1161K(69888K)->1720K(69888K)
[244.787s][info][gc,heap        ] GC(1687) Tenured: 85058K(1398144K)->85058K(1398144K)
[244.787s][info][gc,metaspace   ] GC(1687) Metaspace: 11874K(12160K)->11874K(12160K) NonClass: 10345K(10496K)->10345K(10496K) Class: 1528K(1664K)->1528K(1664K)
[244.787s][info][gc             ] GC(1687) Pause Young (Allocation Failure) 630M->84M(1979M) 0.944ms
[244.787s][info][gc,cpu         ] GC(1687) User=0.00s Sys=0.00s Real=0.00s
[244.921s][info][gc,start       ] GC(1688) Pause Young (Allocation Failure)
[244.922s][info][gc,heap        ] GC(1688) DefNew: 560952K(629120K)->1719K(629120K) Eden: 559232K(559232K)->0K(559232K) From: 1720K(69888K)->1719K(69888K)
[244.922s][info][gc,heap        ] GC(1688) Tenured: 85058K(1398144K)->85058K(1398144K)
[244.922s][info][gc,metaspace   ] GC(1688) Metaspace: 11874K(12160K)->11874K(12160K) NonClass: 10345K(10496K)->10345K(10496K) Class: 1528K(1664K)->1528K(1664K)
[244.922s][info][gc             ] GC(1688) Pause Young (Allocation Failure) 630M->84M(1979M) 0.931ms
[244.922s][info][gc,cpu         ] GC(1688) User=0.00s Sys=0.00s Real=0.00s
[245.056s][info][gc,start       ] GC(1689) Pause Young (Allocation Failure)
[245.057s][info][gc,heap        ] GC(1689) DefNew: 560932K(629120K)->2351K(629120K) Eden: 559212K(559232K)->0K(559232K) From: 1719K(69888K)->2351K(69888K)
[245.057s][info][gc,heap        ] GC(1689) Tenured: 85058K(1398144K)->85058K(1398144K)
[245.057s][info][gc,metaspace   ] GC(1689) Metaspace: 11874K(12160K)->11874K(12160K) NonClass: 10345K(10496K)->10345K(10496K) Class: 1528K(1664K)->1528K(1664K)
[245.057s][info][gc             ] GC(1689) Pause Young (Allocation Failure) 630M->85M(1979M) 1.122ms
[245.057s][info][gc,cpu         ] GC(1689) User=0.00s Sys=0.00s Real=0.00s
[245.191s][info][gc,start       ] GC(1690) Pause Young (Allocation Failure)
[245.192s][info][gc,heap        ] GC(1690) DefNew: 561583K(629120K)->2347K(629120K) Eden: 559232K(559232K)->0K(559232K) From: 2351K(69888K)->2347K(69888K)
[245.192s][info][gc,heap        ] GC(1690) Tenured: 85058K(1398144K)->85058K(1398144K)
[245.192s][info][gc,metaspace   ] GC(1690) Metaspace: 11874K(12160K)->11874K(12160K) NonClass: 10345K(10496K)->10345K(10496K) Class: 1528K(1664K)->1528K(1664K)
[245.192s][info][gc             ] GC(1690) Pause Young (Allocation Failure) 631M->85M(1979M) 1.203ms
[245.192s][info][gc,cpu         ] GC(1690) User=0.00s Sys=0.00s Real=0.02s
[245.330s][info][gc,start       ] GC(1691) Pause Young (Allocation Failure)
[245.330s][info][gc,heap        ] GC(1691) DefNew: 561579K(629120K)->152K(629120K) Eden: 559232K(559232K)->0K(559232K) From: 2347K(69888K)->152K(69888K)
[245.330s][info][gc,heap        ] GC(1691) Tenured: 85058K(1398144K)->85058K(1398144K)
[245.330s][info][gc,metaspace   ] GC(1691) Metaspace: 11874K(12160K)->11874K(12160K) NonClass: 10345K(10496K)->10345K(10496K) Class: 1528K(1664K)->1528K(1664K)
[245.330s][info][gc             ] GC(1691) Pause Young (Allocation Failure) 631M->83M(1979M) 0.423ms
[245.330s][info][gc,cpu         ] GC(1691) User=0.00s Sys=0.00s Real=0.00s
[245.464s][info][gc,start       ] GC(1692) Pause Young (Allocation Failure)
[245.464s][info][gc,heap        ] GC(1692) DefNew: 559384K(629120K)->471K(629120K) Eden: 559232K(559232K)->0K(559232K) From: 152K(69888K)->471K(69888K)
[245.464s][info][gc,heap        ] GC(1692) Tenured: 85058K(1398144K)->85058K(1398144K)
[245.464s][info][gc,metaspace   ] GC(1692) Metaspace: 11874K(12160K)->11874K(12160K) NonClass: 10345K(10496K)->10345K(10496K) Class: 1528K(1664K)->1528K(1664K)
[245.464s][info][gc             ] GC(1692) Pause Young (Allocation Failure) 629M->83M(1979M) 0.508ms
[245.464s][info][gc,cpu         ] GC(1692) User=0.00s Sys=0.00s Real=0.00s
[245.604s][info][gc,start       ] GC(1693) Pause Full (System.gc())
[245.604s][info][gc,phases,start] GC(1693) Phase 1: Mark live objects
[245.657s][info][gc,phases      ] GC(1693) Phase 1: Mark live objects 53.174ms
[245.657s][info][gc,phases,start] GC(1693) Phase 2: Compute new object addresses
[245.712s][info][gc,phases      ] GC(1693) Phase 2: Compute new object addresses 54.938ms
[245.712s][info][gc,phases,start] GC(1693) Phase 3: Adjust pointers
[245.733s][info][gc,phases      ] GC(1693) Phase 3: Adjust pointers 21.092ms
[245.733s][info][gc,phases,start] GC(1693) Phase 4: Move objects
[245.733s][info][gc,phases      ] GC(1693) Phase 4: Move objects 0.009ms
[245.733s][info][gc,heap        ] GC(1693) DefNew: 544971K(629120K)->0K(629120K) Eden: 544499K(559232K)->0K(559232K) From: 471K(69888K)->0K(69888K)
[245.733s][info][gc,heap        ] GC(1693) Tenured: 85058K(1398144K)->85058K(1398144K)
[245.733s][info][gc,metaspace   ] GC(1693) Metaspace: 11874K(12160K)->11874K(12160K) NonClass: 10345K(10496K)->10345K(10496K) Class: 1528K(1664K)->1528K(1664K)
[245.733s][info][gc             ] GC(1693) Pause Full (System.gc()) 615M->83M(1979M) 129.509ms
[245.733s][info][gc,cpu         ] GC(1693) User=0.12s Sys=0.00s Real=0.13s
[245.875s][info][gc,start       ] GC(1694) Pause Young (Allocation Failure)
[245.876s][info][gc,heap        ] GC(1694) DefNew: 559232K(629120K)->432K(629120K) Eden: 559232K(559232K)->0K(559232K) From: 0K(69888K)->432K(69888K)
[245.876s][info][gc,heap        ] GC(1694) Tenured: 85058K(1398144K)->85058K(1398144K)
[245.876s][info][gc,metaspace   ] GC(1694) Metaspace: 11874K(12160K)->11874K(12160K) NonClass: 10345K(10496K)->10345K(10496K) Class: 1528K(1664K)->1528K(1664K)
[245.876s][info][gc             ] GC(1694) Pause Young (Allocation Failure) 629M->83M(1979M) 0.483ms
[245.876s][info][gc,cpu         ] GC(1694) User=0.00s Sys=0.00s Real=0.00s
[246.011s][info][gc,start       ] GC(1695) Pause Young (Allocation Failure)
[246.011s][info][gc,heap        ] GC(1695) DefNew: 559664K(629120K)->887K(629120K) Eden: 559232K(559232K)->0K(559232K) From: 432K(69888K)->887K(69888K)
[246.011s][info][gc,heap        ] GC(1695) Tenured: 85058K(1398144K)->85058K(1398144K)
[246.011s][info][gc,metaspace   ] GC(1695) Metaspace: 11874K(12160K)->11874K(12160K) NonClass: 10345K(10496K)->10345K(10496K) Class: 1528K(1664K)->1528K(1664K)
[246.011s][info][gc             ] GC(1695) Pause Young (Allocation Failure) 629M->83M(1979M) 0.653ms
[246.011s][info][gc,cpu         ] GC(1695) User=0.00s Sys=0.00s Real=0.00s
[246.145s][info][gc,start       ] GC(1696) Pause Young (Allocation Failure)
[246.146s][info][gc,heap        ] GC(1696) DefNew: 560119K(629120K)->1224K(629120K) Eden: 559232K(559232K)->0K(559232K) From: 887K(69888K)->1224K(69888K)
[246.146s][info][gc,heap        ] GC(1696) Tenured: 85058K(1398144K)->85058K(1398144K)
[246.146s][info][gc,metaspace   ] GC(1696) Metaspace: 11874K(12160K)->11874K(12160K) NonClass: 10345K(10496K)->10345K(10496K) Class: 1528K(1664K)->1528K(1664K)
[246.146s][info][gc             ] GC(1696) Pause Young (Allocation Failure) 630M->84M(1979M) 0.744ms
[246.146s][info][gc,cpu         ] GC(1696) User=0.00s Sys=0.00s Real=0.00s
[246.281s][info][gc,start       ] GC(1697) Pause Young (Allocation Failure)
[246.282s][info][gc,heap        ] GC(1697) DefNew: 560456K(629120K)->1891K(629120K) Eden: 559232K(559232K)->0K(559232K) From: 1224K(69888K)->1891K(69888K)
[246.282s][info][gc,heap        ] GC(1697) Tenured: 85058K(1398144K)->85058K(1398144K)
[246.282s][info][gc,metaspace   ] GC(1697) Metaspace: 11874K(12160K)->11874K(12160K) NonClass: 10345K(10496K)->10345K(10496K) Class: 1528K(1664K)->1528K(1664K)
[246.282s][info][gc             ] GC(1697) Pause Young (Allocation Failure) 630M->84M(1979M) 0.974ms
[246.282s][info][gc,cpu         ] GC(1697) User=0.00s Sys=0.00s Real=0.00s
[246.416s][info][gc,start       ] GC(1698) Pause Young (Allocation Failure)
[246.417s][info][gc,heap        ] GC(1698) DefNew: 561123K(629120K)->2047K(629120K) Eden: 559232K(559232K)->0K(559232K) From: 1891K(69888K)->2047K(69888K)
[246.417s][info][gc,heap        ] GC(1698) Tenured: 85058K(1398144K)->85058K(1398144K)
[246.417s][info][gc,metaspace   ] GC(1698) Metaspace: 11874K(12160K)->11874K(12160K) NonClass: 10345K(10496K)->10345K(10496K) Class: 1528K(1664K)->1528K(1664K)
[246.417s][info][gc             ] GC(1698) Pause Young (Allocation Failure) 631M->85M(1979M) 0.962ms
[246.417s][info][gc,cpu         ] GC(1698) User=0.00s Sys=0.00s Real=0.00s
[246.555s][info][gc,start       ] GC(1699) Pause Young (Allocation Failure)
[246.557s][info][gc,heap        ] GC(1699) DefNew: 561279K(629120K)->2640K(629120K) Eden: 559232K(559232K)->0K(559232K) From: 2047K(69888K)->2640K(69888K)
[246.557s][info][gc,heap        ] GC(1699) Tenured: 85058K(1398144K)->85058K(1398144K)
[246.557s][info][gc,metaspace   ] GC(1699) Metaspace: 11874K(12160K)->11874K(12160K) NonClass: 10345K(10496K)->10345K(10496K) Class: 1528K(1664K)->1528K(1664K)
[246.557s][info][gc             ] GC(1699) Pause Young (Allocation Failure) 631M->85M(1979M) 1.356ms
[246.557s][info][gc,cpu         ] GC(1699) User=0.00s Sys=0.00s Real=0.01s
[246.695s][info][gc,start       ] GC(1700) Pause Young (Allocation Failure)
[246.696s][info][gc,heap        ] GC(1700) DefNew: 561872K(629120K)->1961K(629120K) Eden: 559232K(559232K)->0K(559232K) From: 2640K(69888K)->1961K(69888K)
[246.696s][info][gc,heap        ] GC(1700) Tenured: 85058K(1398144K)->85058K(1398144K)
[246.696s][info][gc,metaspace   ] GC(1700) Metaspace: 11874K(12160K)->11874K(12160K) NonClass: 10345K(10496K)->10345K(10496K) Class: 1528K(1664K)->1528K(1664K)
[246.696s][info][gc             ] GC(1700) Pause Young (Allocation Failure) 631M->84M(1979M) 0.897ms
[246.696s][info][gc,cpu         ] GC(1700) User=0.00s Sys=0.00s Real=0.00s
[246.834s][info][gc,start       ] GC(1701) Pause Young (Allocation Failure)
[246.834s][info][gc,heap        ] GC(1701) DefNew: 561193K(629120K)->519K(629120K) Eden: 559232K(559232K)->0K(559232K) From: 1961K(69888K)->519K(69888K)
[246.834s][info][gc,heap        ] GC(1701) Tenured: 85058K(1398144K)->85058K(1398144K)
[246.834s][info][gc,metaspace   ] GC(1701) Metaspace: 11874K(12160K)->11874K(12160K) NonClass: 10345K(10496K)->10345K(10496K) Class: 1528K(1664K)->1528K(1664K)
[246.834s][info][gc             ] GC(1701) Pause Young (Allocation Failure) 631M->83M(1979M) 0.541ms
[246.834s][info][gc,cpu         ] GC(1701) User=0.00s Sys=0.00s Real=0.00s
[246.970s][info][gc,start       ] GC(1702) Pause Young (Allocation Failure)
[246.971s][info][gc,heap        ] GC(1702) DefNew: 559751K(629120K)->1001K(629120K) Eden: 559232K(559232K)->0K(559232K) From: 519K(69888K)->1001K(69888K)
[246.971s][info][gc,heap        ] GC(1702) Tenured: 85058K(1398144K)->85058K(1398144K)
[246.971s][info][gc,metaspace   ] GC(1702) Metaspace: 11874K(12160K)->11874K(12160K) NonClass: 10345K(10496K)->10345K(10496K) Class: 1528K(1664K)->1528K(1664K)
[246.971s][info][gc             ] GC(1702) Pause Young (Allocation Failure) 629M->84M(1979M) 0.687ms
[246.971s][info][gc,cpu         ] GC(1702) User=0.00s Sys=0.00s Real=0.00s
[247.105s][info][gc,start       ] GC(1703) Pause Young (Allocation Failure)
[247.105s][info][gc,heap        ] GC(1703) DefNew: 560233K(629120K)->1319K(629120K) Eden: 559232K(559232K)->0K(559232K) From: 1001K(69888K)->1319K(69888K)
[247.105s][info][gc,heap        ] GC(1703) Tenured: 85058K(1398144K)->85058K(1398144K)
[247.105s][info][gc,metaspace   ] GC(1703) Metaspace: 11874K(12160K)->11874K(12160K) NonClass: 10345K(10496K)->10345K(10496K) Class: 1528K(1664K)->1528K(1664K)
[247.105s][info][gc             ] GC(1703) Pause Young (Allocation Failure) 630M->84M(1979M) 0.846ms
[247.105s][info][gc,cpu         ] GC(1703) User=0.00s Sys=0.00s Real=0.02s
[247.240s][info][gc,start       ] GC(1704) Pause Young (Allocation Failure)
[247.241s][info][gc,heap        ] GC(1704) DefNew: 560551K(629120K)->1615K(629120K) Eden: 559232K(559232K)->0K(559232K) From: 1319K(69888K)->1615K(69888K)
[247.241s][info][gc,heap        ] GC(1704) Tenured: 85058K(1398144K)->85058K(1398144K)
[247.241s][info][gc,metaspace   ] GC(1704) Metaspace: 11874K(12160K)->11874K(12160K) NonClass: 10345K(10496K)->10345K(10496K) Class: 1528K(1664K)->1528K(1664K)
[247.241s][info][gc             ] GC(1704) Pause Young (Allocation Failure) 630M->84M(1979M) 0.860ms
[247.241s][info][gc,cpu         ] GC(1704) User=0.00s Sys=0.00s Real=0.00s
[247.374s][info][gc,start       ] GC(1705) Pause Young (Allocation Failure)
[247.375s][info][gc,heap        ] GC(1705) DefNew: 560821K(629120K)->1848K(629120K) Eden: 559206K(559232K)->0K(559232K) From: 1615K(69888K)->1848K(69888K)
[247.375s][info][gc,heap        ] GC(1705) Tenured: 85058K(1398144K)->85058K(1398144K)
[247.375s][info][gc,metaspace   ] GC(1705) Metaspace: 11874K(12160K)->11874K(12160K) NonClass: 10345K(10496K)->10345K(10496K) Class: 1528K(1664K)->1528K(1664K)
[247.375s][info][gc             ] GC(1705) Pause Young (Allocation Failure) 630M->84M(1979M) 1.013ms
[247.375s][info][gc,cpu         ] GC(1705) User=0.00s Sys=0.00s Real=0.00s
[247.512s][info][gc,start       ] GC(1706) Pause Young (Allocation Failure)
[247.513s][info][gc,heap        ] GC(1706) DefNew: 561080K(629120K)->2093K(629120K) Eden: 559232K(559232K)->0K(559232K) From: 1848K(69888K)->2093K(69888K)
[247.513s][info][gc,heap        ] GC(1706) Tenured: 85058K(1398144K)->85058K(1398144K)
[247.513s][info][gc,metaspace   ] GC(1706) Metaspace: 11874K(12160K)->11874K(12160K) NonClass: 10345K(10496K)->10345K(10496K) Class: 1528K(1664K)->1528K(1664K)
[247.513s][info][gc             ] GC(1706) Pause Young (Allocation Failure) 630M->85M(1979M) 1.022ms
[247.513s][info][gc,cpu         ] GC(1706) User=0.00s Sys=0.00s Real=0.00s
[247.650s][info][gc,start       ] GC(1707) Pause Young (Allocation Failure)
[247.651s][info][gc,heap        ] GC(1707) DefNew: 561325K(629120K)->2509K(629120K) Eden: 559232K(559232K)->0K(559232K) From: 2093K(69888K)->2509K(69888K)
[247.651s][info][gc,heap        ] GC(1707) Tenured: 85058K(1398144K)->85058K(1398144K)
[247.651s][info][gc,metaspace   ] GC(1707) Metaspace: 11874K(12160K)->11874K(12160K) NonClass: 10345K(10496K)->10345K(10496K) Class: 1528K(1664K)->1528K(1664K)
[247.652s][info][gc             ] GC(1707) Pause Young (Allocation Failure) 631M->85M(1979M) 1.179ms
[247.652s][info][gc,cpu         ] GC(1707) User=0.00s Sys=0.00s Real=0.00s
[247.786s][info][gc,start       ] GC(1708) Pause Young (Allocation Failure)
[247.787s][info][gc,heap        ] GC(1708) DefNew: 561623K(629120K)->2640K(629120K) Eden: 559114K(559232K)->0K(559232K) From: 2509K(69888K)->2640K(69888K)
[247.787s][info][gc,heap        ] GC(1708) Tenured: 85058K(1398144K)->85058K(1398144K)
[247.787s][info][gc,metaspace   ] GC(1708) Metaspace: 11874K(12160K)->11874K(12160K) NonClass: 10345K(10496K)->10345K(10496K) Class: 1528K(1664K)->1528K(1664K)
[247.788s][info][gc             ] GC(1708) Pause Young (Allocation Failure) 631M->85M(1979M) 1.214ms
[247.788s][info][gc,cpu         ] GC(1708) User=0.00s Sys=0.00s Real=0.00s
[247.925s][info][gc,start       ] GC(1709) Pause Young (Allocation Failure)
[247.925s][info][gc,heap        ] GC(1709) DefNew: 561872K(629120K)->227K(629120K) Eden: 559232K(559232K)->0K(559232K) From: 2640K(69888K)->227K(69888K)
[247.925s][info][gc,heap        ] GC(1709) Tenured: 85058K(1398144K)->85059K(1398144K)
[247.925s][info][gc,metaspace   ] GC(1709) Metaspace: 11874K(12160K)->11874K(12160K) NonClass: 10345K(10496K)->10345K(10496K) Class: 1528K(1664K)->1528K(1664K)
[247.925s][info][gc             ] GC(1709) Pause Young (Allocation Failure) 631M->83M(1979M) 0.427ms
[247.925s][info][gc,cpu         ] GC(1709) User=0.00s Sys=0.00s Real=0.00s
[248.060s][info][gc,start       ] GC(1710) Pause Young (Allocation Failure)
[248.060s][info][gc,heap        ] GC(1710) DefNew: 559459K(629120K)->554K(629120K) Eden: 559232K(559232K)->0K(559232K) From: 227K(69888K)->554K(69888K)
[248.060s][info][gc,heap        ] GC(1710) Tenured: 85059K(1398144K)->85059K(1398144K)
[248.060s][info][gc,metaspace   ] GC(1710) Metaspace: 11874K(12160K)->11874K(12160K) NonClass: 10345K(10496K)->10345K(10496K) Class: 1528K(1664K)->1528K(1664K)
[248.060s][info][gc             ] GC(1710) Pause Young (Allocation Failure) 629M->83M(1979M) 0.547ms
[248.060s][info][gc,cpu         ] GC(1710) User=0.00s Sys=0.00s Real=0.00s
[248.193s][info][gc,start       ] GC(1711) Pause Full (System.gc())
[248.193s][info][gc,phases,start] GC(1711) Phase 1: Mark live objects
[248.245s][info][gc,phases      ] GC(1711) Phase 1: Mark live objects 51.998ms
[248.245s][info][gc,phases,start] GC(1711) Phase 2: Compute new object addresses
[248.299s][info][gc,phases      ] GC(1711) Phase 2: Compute new object addresses 54.175ms
[248.299s][info][gc,phases,start] GC(1711) Phase 3: Adjust pointers
[248.321s][info][gc,phases      ] GC(1711) Phase 3: Adjust pointers 21.433ms
[248.321s][info][gc,phases,start] GC(1711) Phase 4: Move objects
[248.321s][info][gc,phases      ] GC(1711) Phase 4: Move objects 0.009ms
[248.321s][info][gc,heap        ] GC(1711) DefNew: 545165K(629120K)->0K(629120K) Eden: 544611K(559232K)->0K(559232K) From: 554K(69888K)->0K(69888K)
[248.321s][info][gc,heap        ] GC(1711) Tenured: 85059K(1398144K)->85057K(1398144K)
[248.321s][info][gc,metaspace   ] GC(1711) Metaspace: 11874K(12160K)->11874K(12160K) NonClass: 10345K(10496K)->10345K(10496K) Class: 1528K(1664K)->1528K(1664K)
[248.321s][info][gc             ] GC(1711) Pause Full (System.gc()) 615M->83M(1979M) 127.910ms
[248.321s][info][gc,cpu         ] GC(1711) User=0.11s Sys=0.00s Real=0.12s
[248.463s][info][gc,start       ] GC(1712) Pause Young (Allocation Failure)
[248.463s][info][gc,heap        ] GC(1712) DefNew: 559232K(629120K)->444K(629120K) Eden: 559232K(559232K)->0K(559232K) From: 0K(69888K)->444K(69888K)
[248.463s][info][gc,heap        ] GC(1712) Tenured: 85057K(1398144K)->85057K(1398144K)
[248.463s][info][gc,metaspace   ] GC(1712) Metaspace: 11874K(12160K)->11874K(12160K) NonClass: 10345K(10496K)->10345K(10496K) Class: 1528K(1664K)->1528K(1664K)
[248.463s][info][gc             ] GC(1712) Pause Young (Allocation Failure) 629M->83M(1979M) 0.489ms
[248.463s][info][gc,cpu         ] GC(1712) User=0.00s Sys=0.00s Real=0.00s
[248.604s][info][gc,start       ] GC(1713) Pause Young (Allocation Failure)
[248.604s][info][gc,heap        ] GC(1713) DefNew: 559676K(629120K)->931K(629120K) Eden: 559232K(559232K)->0K(559232K) From: 444K(69888K)->931K(69888K)
[248.604s][info][gc,heap        ] GC(1713) Tenured: 85057K(1398144K)->85057K(1398144K)
[248.604s][info][gc,metaspace   ] GC(1713) Metaspace: 11874K(12160K)->11874K(12160K) NonClass: 10345K(10496K)->10345K(10496K) Class: 1528K(1664K)->1528K(1664K)
[248.604s][info][gc             ] GC(1713) Pause Young (Allocation Failure) 629M->83M(1979M) 0.609ms
[248.604s][info][gc,cpu         ] GC(1713) User=0.00s Sys=0.00s Real=0.00s
[248.740s][info][gc,start       ] GC(1714) Pause Young (Allocation Failure)
[248.741s][info][gc,heap        ] GC(1714) DefNew: 560163K(629120K)->1204K(629120K) Eden: 559232K(559232K)->0K(559232K) From: 931K(69888K)->1204K(69888K)
[248.741s][info][gc,heap        ] GC(1714) Tenured: 85057K(1398144K)->85057K(1398144K)
[248.741s][info][gc,metaspace   ] GC(1714) Metaspace: 11874K(12160K)->11874K(12160K) NonClass: 10345K(10496K)->10345K(10496K) Class: 1528K(1664K)->1528K(1664K)
[248.741s][info][gc             ] GC(1714) Pause Young (Allocation Failure) 630M->84M(1979M) 0.723ms
[248.741s][info][gc,cpu         ] GC(1714) User=0.00s Sys=0.00s Real=0.00s
[248.874s][info][gc,start       ] GC(1715) Pause Young (Allocation Failure)
[248.875s][info][gc,heap        ] GC(1715) DefNew: 560436K(629120K)->1679K(629120K) Eden: 559232K(559232K)->0K(559232K) From: 1204K(69888K)->1679K(69888K)
[248.875s][info][gc,heap        ] GC(1715) Tenured: 85057K(1398144K)->85057K(1398144K)
[248.875s][info][gc,metaspace   ] GC(1715) Metaspace: 11874K(12160K)->11874K(12160K) NonClass: 10345K(10496K)->10345K(10496K) Class: 1528K(1664K)->1528K(1664K)
[248.875s][info][gc             ] GC(1715) Pause Young (Allocation Failure) 630M->84M(1979M) 0.955ms
[248.875s][info][gc,cpu         ] GC(1715) User=0.00s Sys=0.00s Real=0.00s
[249.009s][info][gc,start       ] GC(1716) Pause Young (Allocation Failure)
[249.010s][info][gc,heap        ] GC(1716) DefNew: 560911K(629120K)->1769K(629120K) Eden: 559232K(559232K)->0K(559232K) From: 1679K(69888K)->1769K(69888K)
[249.010s][info][gc,heap        ] GC(1716) Tenured: 85057K(1398144K)->85057K(1398144K)
[249.010s][info][gc,metaspace   ] GC(1716) Metaspace: 11874K(12160K)->11874K(12160K) NonClass: 10345K(10496K)->10345K(10496K) Class: 1528K(1664K)->1528K(1664K)
[249.010s][info][gc             ] GC(1716) Pause Young (Allocation Failure) 630M->84M(1979M) 0.890ms
[249.010s][info][gc,cpu         ] GC(1716) User=0.00s Sys=0.00s Real=0.00s
[249.145s][info][gc,start       ] GC(1717) Pause Young (Allocation Failure)
[249.146s][info][gc,heap        ] GC(1717) DefNew: 560930K(629120K)->2335K(629120K) Eden: 559161K(559232K)->0K(559232K) From: 1769K(69888K)->2335K(69888K)
[249.146s][info][gc,heap        ] GC(1717) Tenured: 85057K(1398144K)->85057K(1398144K)
[249.146s][info][gc,metaspace   ] GC(1717) Metaspace: 11874K(12160K)->11874K(12160K) NonClass: 10345K(10496K)->10345K(10496K) Class: 1528K(1664K)->1528K(1664K)
[249.146s][info][gc             ] GC(1717) Pause Young (Allocation Failure) 630M->85M(1979M) 1.085ms
[249.146s][info][gc,cpu         ] GC(1717) User=0.00s Sys=0.00s Real=0.00s
[249.280s][info][gc,start       ] GC(1718) Pause Young (Allocation Failure)
[249.281s][info][gc,heap        ] GC(1718) DefNew: 561567K(629120K)->2445K(629120K) Eden: 559232K(559232K)->0K(559232K) From: 2335K(69888K)->2445K(69888K)
[249.281s][info][gc,heap        ] GC(1718) Tenured: 85057K(1398144K)->85057K(1398144K)
[249.281s][info][gc,metaspace   ] GC(1718) Metaspace: 11874K(12160K)->11874K(12160K) NonClass: 10345K(10496K)->10345K(10496K) Class: 1528K(1664K)->1528K(1664K)
[249.281s][info][gc             ] GC(1718) Pause Young (Allocation Failure) 631M->85M(1979M) 1.180ms
[249.281s][info][gc,cpu         ] GC(1718) User=0.00s Sys=0.00s Real=0.00s
[249.420s][info][gc,start       ] GC(1719) Pause Young (Allocation Failure)
[249.421s][info][gc,heap        ] GC(1719) DefNew: 561677K(629120K)->450K(629120K) Eden: 559232K(559232K)->0K(559232K) From: 2445K(69888K)->450K(69888K)
[249.421s][info][gc,heap        ] GC(1719) Tenured: 85057K(1398144K)->85057K(1398144K)
[249.421s][info][gc,metaspace   ] GC(1719) Metaspace: 11874K(12160K)->11874K(12160K) NonClass: 10345K(10496K)->10345K(10496K) Class: 1528K(1664K)->1528K(1664K)
[249.421s][info][gc             ] GC(1719) Pause Young (Allocation Failure) 631M->83M(1979M) 0.511ms
[249.421s][info][gc,cpu         ] GC(1719) User=0.00s Sys=0.00s Real=0.00s
[249.561s][info][gc,start       ] GC(1720) Pause Young (Allocation Failure)
[249.562s][info][gc,heap        ] GC(1720) DefNew: 559682K(629120K)->862K(629120K) Eden: 559232K(559232K)->0K(559232K) From: 450K(69888K)->862K(69888K)
[249.562s][info][gc,heap        ] GC(1720) Tenured: 85057K(1398144K)->85057K(1398144K)
[249.562s][info][gc,metaspace   ] GC(1720) Metaspace: 11874K(12160K)->11874K(12160K) NonClass: 10345K(10496K)->10345K(10496K) Class: 1528K(1664K)->1528K(1664K)
[249.562s][info][gc             ] GC(1720) Pause Young (Allocation Failure) 629M->83M(1979M) 0.614ms
[249.562s][info][gc,cpu         ] GC(1720) User=0.00s Sys=0.00s Real=0.00s
[249.697s][info][gc,start       ] GC(1721) Pause Young (Allocation Failure)
[249.698s][info][gc,heap        ] GC(1721) DefNew: 560094K(629120K)->1078K(629120K) Eden: 559232K(559232K)->0K(559232K) From: 862K(69888K)->1078K(69888K)
[249.698s][info][gc,heap        ] GC(1721) Tenured: 85057K(1398144K)->85057K(1398144K)
[249.698s][info][gc,metaspace   ] GC(1721) Metaspace: 11874K(12160K)->11874K(12160K) NonClass: 10345K(10496K)->10345K(10496K) Class: 1528K(1664K)->1528K(1664K)
[249.698s][info][gc             ] GC(1721) Pause Young (Allocation Failure) 630M->84M(1979M) 0.766ms
[249.698s][info][gc,cpu         ] GC(1721) User=0.00s Sys=0.00s Real=0.00s
[249.832s][info][gc,start       ] GC(1722) Pause Young (Allocation Failure)
[249.833s][info][gc,heap        ] GC(1722) DefNew: 560310K(629120K)->1469K(629120K) Eden: 559232K(559232K)->0K(559232K) From: 1078K(69888K)->1469K(69888K)
[249.833s][info][gc,heap        ] GC(1722) Tenured: 85057K(1398144K)->85057K(1398144K)
[249.833s][info][gc,metaspace   ] GC(1722) Metaspace: 11874K(12160K)->11874K(12160K) NonClass: 10345K(10496K)->10345K(10496K) Class: 1528K(1664K)->1528K(1664K)
[249.833s][info][gc             ] GC(1722) Pause Young (Allocation Failure) 630M->84M(1979M) 0.808ms
[249.833s][info][gc,cpu         ] GC(1722) User=0.00s Sys=0.00s Real=0.00s
[249.968s][info][gc,start       ] GC(1723) Pause Young (Allocation Failure)
[249.969s][info][gc,heap        ] GC(1723) DefNew: 560701K(629120K)->1796K(629120K) Eden: 559232K(559232K)->0K(559232K) From: 1469K(69888K)->1796K(69888K)
[249.969s][info][gc,heap        ] GC(1723) Tenured: 85057K(1398144K)->85057K(1398144K)
[249.969s][info][gc,metaspace   ] GC(1723) Metaspace: 11874K(12160K)->11874K(12160K) NonClass: 10345K(10496K)->10345K(10496K) Class: 1528K(1664K)->1528K(1664K)
[249.969s][info][gc             ] GC(1723) Pause Young (Allocation Failure) 630M->84M(1979M) 1.063ms
[249.969s][info][gc,cpu         ] GC(1723) User=0.00s Sys=0.00s Real=0.00s
[250.103s][info][gc,start       ] GC(1724) Pause Young (Allocation Failure)
[250.104s][info][gc,heap        ] GC(1724) DefNew: 561028K(629120K)->2325K(629120K) Eden: 559232K(559232K)->0K(559232K) From: 1796K(69888K)->2325K(69888K)
[250.104s][info][gc,heap        ] GC(1724) Tenured: 85057K(1398144K)->85057K(1398144K)
[250.104s][info][gc,metaspace   ] GC(1724) Metaspace: 11874K(12160K)->11874K(12160K) NonClass: 10345K(10496K)->10345K(10496K) Class: 1528K(1664K)->1528K(1664K)
[250.104s][info][gc             ] GC(1724) Pause Young (Allocation Failure) 630M->85M(1979M) 1.131ms
[250.104s][info][gc,cpu         ] GC(1724) User=0.00s Sys=0.00s Real=0.00s
[250.239s][info][gc,start       ] GC(1725) Pause Young (Allocation Failure)
[250.240s][info][gc,heap        ] GC(1725) DefNew: 561542K(629120K)->2619K(629120K) Eden: 559217K(559232K)->0K(559232K) From: 2325K(69888K)->2619K(69888K)
[250.240s][info][gc,heap        ] GC(1725) Tenured: 85057K(1398144K)->85057K(1398144K)
[250.240s][info][gc,metaspace   ] GC(1725) Metaspace: 11876K(12160K)->11876K(12160K) NonClass: 10347K(10496K)->10347K(10496K) Class: 1528K(1664K)->1528K(1664K)
[250.240s][info][gc             ] GC(1725) Pause Young (Allocation Failure) 631M->85M(1979M) 1.186ms
[250.240s][info][gc,cpu         ] GC(1725) User=0.00s Sys=0.00s Real=0.00s
[250.374s][info][gc,start       ] GC(1726) Pause Young (Allocation Failure)
[250.376s][info][gc,heap        ] GC(1726) DefNew: 561551K(629120K)->2932K(629120K) Eden: 558932K(559232K)->0K(559232K) From: 2619K(69888K)->2932K(69888K)
[250.376s][info][gc,heap        ] GC(1726) Tenured: 85057K(1398144K)->85057K(1398144K)
[250.376s][info][gc,metaspace   ] GC(1726) Metaspace: 11876K(12160K)->11876K(12160K) NonClass: 10347K(10496K)->10347K(10496K) Class: 1528K(1664K)->1528K(1664K)
[250.376s][info][gc             ] GC(1726) Pause Young (Allocation Failure) 631M->85M(1979M) 1.225ms
[250.376s][info][gc,cpu         ] GC(1726) User=0.00s Sys=0.00s Real=0.00s
[250.519s][info][gc,start       ] GC(1727) Pause Young (Allocation Failure)
[250.519s][info][gc,heap        ] GC(1727) DefNew: 562164K(629120K)->454K(629120K) Eden: 559232K(559232K)->0K(559232K) From: 2932K(69888K)->454K(69888K)
[250.519s][info][gc,heap        ] GC(1727) Tenured: 85057K(1398144K)->85058K(1398144K)
[250.519s][info][gc,metaspace   ] GC(1727) Metaspace: 11876K(12160K)->11876K(12160K) NonClass: 10347K(10496K)->10347K(10496K) Class: 1528K(1664K)->1528K(1664K)
[250.519s][info][gc             ] GC(1727) Pause Young (Allocation Failure) 632M->83M(1979M) 0.581ms
[250.519s][info][gc,cpu         ] GC(1727) User=0.00s Sys=0.00s Real=0.00s
[250.655s][info][gc,start       ] GC(1728) Pause Young (Allocation Failure)
[250.655s][info][gc,heap        ] GC(1728) DefNew: 559686K(629120K)->980K(629120K) Eden: 559232K(559232K)->0K(559232K) From: 454K(69888K)->980K(69888K)
[250.655s][info][gc,heap        ] GC(1728) Tenured: 85058K(1398144K)->85058K(1398144K)
[250.655s][info][gc,metaspace   ] GC(1728) Metaspace: 11876K(12160K)->11876K(12160K) NonClass: 10347K(10496K)->10347K(10496K) Class: 1528K(1664K)->1528K(1664K)
[250.656s][info][gc             ] GC(1728) Pause Young (Allocation Failure) 629M->84M(1979M) 0.722ms
[250.656s][info][gc,cpu         ] GC(1728) User=0.00s Sys=0.00s Real=0.02s
[250.788s][info][gc,start       ] GC(1729) Pause Full (System.gc())
[250.788s][info][gc,phases,start] GC(1729) Phase 1: Mark live objects
[250.841s][info][gc,phases      ] GC(1729) Phase 1: Mark live objects 52.806ms
[250.841s][info][gc,phases,start] GC(1729) Phase 2: Compute new object addresses
[250.895s][info][gc,phases      ] GC(1729) Phase 2: Compute new object addresses 53.899ms
[250.895s][info][gc,phases,start] GC(1729) Phase 3: Adjust pointers
[250.916s][info][gc,phases      ] GC(1729) Phase 3: Adjust pointers 20.903ms
[250.916s][info][gc,phases,start] GC(1729) Phase 4: Move objects
[250.916s][info][gc,phases      ] GC(1729) Phase 4: Move objects 0.009ms
[250.916s][info][gc,heap        ] GC(1729) DefNew: 539286K(629120K)->0K(629120K) Eden: 538305K(559232K)->0K(559232K) From: 980K(69888K)->0K(69888K)
[250.916s][info][gc,heap        ] GC(1729) Tenured: 85058K(1398144K)->85058K(1398144K)
[250.916s][info][gc,metaspace   ] GC(1729) Metaspace: 11879K(12160K)->11879K(12160K) NonClass: 10350K(10496K)->10350K(10496K) Class: 1528K(1664K)->1528K(1664K)
[250.916s][info][gc             ] GC(1729) Pause Full (System.gc()) 609M->83M(1979M) 127.910ms
[250.916s][info][gc,cpu         ] GC(1729) User=0.11s Sys=0.00s Real=0.13s
[251.058s][info][gc,start       ] GC(1730) Pause Young (Allocation Failure)
[251.058s][info][gc,heap        ] GC(1730) DefNew: 559232K(629120K)->334K(629120K) Eden: 559232K(559232K)->0K(559232K) From: 0K(69888K)->334K(69888K)
[251.058s][info][gc,heap        ] GC(1730) Tenured: 85058K(1398144K)->85058K(1398144K)
[251.058s][info][gc,metaspace   ] GC(1730) Metaspace: 11886K(12160K)->11886K(12160K) NonClass: 10357K(10496K)->10357K(10496K) Class: 1528K(1664K)->1528K(1664K)
[251.058s][info][gc             ] GC(1730) Pause Young (Allocation Failure) 629M->83M(1979M) 0.487ms
[251.058s][info][gc,cpu         ] GC(1730) User=0.00s Sys=0.00s Real=0.00s
[251.192s][info][gc,start       ] GC(1731) Pause Young (Allocation Failure)
[251.193s][info][gc,heap        ] GC(1731) DefNew: 559566K(629120K)->659K(629120K) Eden: 559232K(559232K)->0K(559232K) From: 334K(69888K)->659K(69888K)
[251.193s][info][gc,heap        ] GC(1731) Tenured: 85058K(1398144K)->85058K(1398144K)
[251.193s][info][gc,metaspace   ] GC(1731) Metaspace: 11886K(12160K)->11886K(12160K) NonClass: 10357K(10496K)->10357K(10496K) Class: 1528K(1664K)->1528K(1664K)
[251.193s][info][gc             ] GC(1731) Pause Young (Allocation Failure) 629M->83M(1979M) 0.578ms
[251.193s][info][gc,cpu         ] GC(1731) User=0.00s Sys=0.00s Real=0.00s
[251.328s][info][gc,start       ] GC(1732) Pause Young (Allocation Failure)
[251.328s][info][gc,heap        ] GC(1732) DefNew: 559891K(629120K)->1096K(629120K) Eden: 559232K(559232K)->0K(559232K) From: 659K(69888K)->1096K(69888K)
[251.328s][info][gc,heap        ] GC(1732) Tenured: 85058K(1398144K)->85058K(1398144K)
[251.328s][info][gc,metaspace   ] GC(1732) Metaspace: 11886K(12160K)->11886K(12160K) NonClass: 10357K(10496K)->10357K(10496K) Class: 1528K(1664K)->1528K(1664K)
[251.328s][info][gc             ] GC(1732) Pause Young (Allocation Failure) 629M->84M(1979M) 0.691ms
[251.329s][info][gc,cpu         ] GC(1732) User=0.00s Sys=0.00s Real=0.00s
[251.463s][info][gc,start       ] GC(1733) Pause Young (Allocation Failure)
[251.464s][info][gc,heap        ] GC(1733) DefNew: 560328K(629120K)->1748K(629120K) Eden: 559232K(559232K)->0K(559232K) From: 1096K(69888K)->1748K(69888K)
[251.464s][info][gc,heap        ] GC(1733) Tenured: 85058K(1398144K)->85058K(1398144K)
[251.464s][info][gc,metaspace   ] GC(1733) Metaspace: 11886K(12160K)->11886K(12160K) NonClass: 10357K(10496K)->10357K(10496K) Class: 1528K(1664K)->1528K(1664K)
[251.464s][info][gc             ] GC(1733) Pause Young (Allocation Failure) 630M->84M(1979M) 0.918ms
[251.464s][info][gc,cpu         ] GC(1733) User=0.00s Sys=0.00s Real=0.00s
[251.603s][info][gc,start       ] GC(1734) Pause Young (Allocation Failure)
[251.604s][info][gc,heap        ] GC(1734) DefNew: 560980K(629120K)->1958K(629120K) Eden: 559232K(559232K)->0K(559232K) From: 1748K(69888K)->1958K(69888K)
[251.604s][info][gc,heap        ] GC(1734) Tenured: 85058K(1398144K)->85058K(1398144K)
[251.604s][info][gc,metaspace   ] GC(1734) Metaspace: 11886K(12160K)->11886K(12160K) NonClass: 10357K(10496K)->10357K(10496K) Class: 1528K(1664K)->1528K(1664K)
[251.604s][info][gc             ] GC(1734) Pause Young (Allocation Failure) 630M->84M(1979M) 0.963ms
[251.604s][info][gc,cpu         ] GC(1734) User=0.00s Sys=0.00s Real=0.00s
[251.739s][info][gc,start       ] GC(1735) Pause Young (Allocation Failure)
[251.740s][info][gc,heap        ] GC(1735) DefNew: 561190K(629120K)->2057K(629120K) Eden: 559232K(559232K)->0K(559232K) From: 1958K(69888K)->2057K(69888K)
[251.740s][info][gc,heap        ] GC(1735) Tenured: 85058K(1398144K)->85058K(1398144K)
[251.740s][info][gc,metaspace   ] GC(1735) Metaspace: 11886K(12160K)->11886K(12160K) NonClass: 10357K(10496K)->10357K(10496K) Class: 1528K(1664K)->1528K(1664K)
[251.740s][info][gc             ] GC(1735) Pause Young (Allocation Failure) 631M->85M(1979M) 0.953ms
[251.740s][info][gc,cpu         ] GC(1735) User=0.00s Sys=0.00s Real=0.00s
[251.874s][info][gc,start       ] GC(1736) Pause Young (Allocation Failure)
[251.876s][info][gc,heap        ] GC(1736) DefNew: 561289K(629120K)->2640K(629120K) Eden: 559232K(559232K)->0K(559232K) From: 2057K(69888K)->2640K(69888K)
[251.876s][info][gc,heap        ] GC(1736) Tenured: 85058K(1398144K)->85058K(1398144K)
[251.876s][info][gc,metaspace   ] GC(1736) Metaspace: 11886K(12160K)->11886K(12160K) NonClass: 10357K(10496K)->10357K(10496K) Class: 1528K(1664K)->1528K(1664K)
[251.876s][info][gc             ] GC(1736) Pause Young (Allocation Failure) 631M->85M(1979M) 1.417ms
[251.876s][info][gc,cpu         ] GC(1736) User=0.00s Sys=0.00s Real=0.00s
[252.014s][info][gc,start       ] GC(1737) Pause Young (Allocation Failure)
[252.015s][info][gc,heap        ] GC(1737) DefNew: 561872K(629120K)->366K(629120K) Eden: 559232K(559232K)->0K(559232K) From: 2640K(69888K)->366K(69888K)
[252.015s][info][gc,heap        ] GC(1737) Tenured: 85058K(1398144K)->85058K(1398144K)
[252.015s][info][gc,metaspace   ] GC(1737) Metaspace: 11886K(12160K)->11886K(12160K) NonClass: 10357K(10496K)->10357K(10496K) Class: 1528K(1664K)->1528K(1664K)
[252.015s][info][gc             ] GC(1737) Pause Young (Allocation Failure) 631M->83M(1979M) 0.490ms
[252.015s][info][gc,cpu         ] GC(1737) User=0.00s Sys=0.00s Real=0.00s
[252.148s][info][gc,start       ] GC(1738) Pause Young (Allocation Failure)
[252.149s][info][gc,heap        ] GC(1738) DefNew: 559598K(629120K)->721K(629120K) Eden: 559232K(559232K)->0K(559232K) From: 366K(69888K)->721K(69888K)
[252.149s][info][gc,heap        ] GC(1738) Tenured: 85058K(1398144K)->85058K(1398144K)
[252.149s][info][gc,metaspace   ] GC(1738) Metaspace: 11886K(12160K)->11886K(12160K) NonClass: 10357K(10496K)->10357K(10496K) Class: 1528K(1664K)->1528K(1664K)
[252.149s][info][gc             ] GC(1738) Pause Young (Allocation Failure) 629M->83M(1979M) 0.586ms
[252.149s][info][gc,cpu         ] GC(1738) User=0.00s Sys=0.00s Real=0.00s
[252.285s][info][gc,start       ] GC(1739) Pause Young (Allocation Failure)
[252.286s][info][gc,heap        ] GC(1739) DefNew: 559953K(629120K)->1066K(629120K) Eden: 559232K(559232K)->0K(559232K) From: 721K(69888K)->1066K(69888K)
[252.286s][info][gc,heap        ] GC(1739) Tenured: 85058K(1398144K)->85058K(1398144K)
[252.286s][info][gc,metaspace   ] GC(1739) Metaspace: 11886K(12160K)->11886K(12160K) NonClass: 10357K(10496K)->10357K(10496K) Class: 1528K(1664K)->1528K(1664K)
[252.286s][info][gc             ] GC(1739) Pause Young (Allocation Failure) 629M->84M(1979M) 1.576ms
[252.286s][info][gc,cpu         ] GC(1739) User=0.00s Sys=0.00s Real=0.00s
[252.420s][info][gc,start       ] GC(1740) Pause Young (Allocation Failure)
[252.421s][info][gc,heap        ] GC(1740) DefNew: 560298K(629120K)->1341K(629120K) Eden: 559232K(559232K)->0K(559232K) From: 1066K(69888K)->1341K(69888K)
[252.421s][info][gc,heap        ] GC(1740) Tenured: 85058K(1398144K)->85058K(1398144K)
[252.421s][info][gc,metaspace   ] GC(1740) Metaspace: 11886K(12160K)->11886K(12160K) NonClass: 10357K(10496K)->10357K(10496K) Class: 1528K(1664K)->1528K(1664K)
[252.421s][info][gc             ] GC(1740) Pause Young (Allocation Failure) 630M->84M(1979M) 0.778ms
[252.421s][info][gc,cpu         ] GC(1740) User=0.00s Sys=0.00s Real=0.00s
[252.560s][info][gc,start       ] GC(1741) Pause Young (Allocation Failure)
[252.561s][info][gc,heap        ] GC(1741) DefNew: 560573K(629120K)->1702K(629120K) Eden: 559232K(559232K)->0K(559232K) From: 1341K(69888K)->1702K(69888K)
[252.561s][info][gc,heap        ] GC(1741) Tenured: 85058K(1398144K)->85058K(1398144K)
[252.561s][info][gc,metaspace   ] GC(1741) Metaspace: 11886K(12160K)->11886K(12160K) NonClass: 10357K(10496K)->10357K(10496K) Class: 1528K(1664K)->1528K(1664K)
[252.561s][info][gc             ] GC(1741) Pause Young (Allocation Failure) 630M->84M(1979M) 1.035ms
[252.561s][info][gc,cpu         ] GC(1741) User=0.00s Sys=0.00s Real=0.00s
[252.696s][info][gc,start       ] GC(1742) Pause Young (Allocation Failure)
[252.697s][info][gc,heap        ] GC(1742) DefNew: 560929K(629120K)->2124K(629120K) Eden: 559227K(559232K)->0K(559232K) From: 1702K(69888K)->2124K(69888K)
[252.697s][info][gc,heap        ] GC(1742) Tenured: 85058K(1398144K)->85058K(1398144K)
[252.697s][info][gc,metaspace   ] GC(1742) Metaspace: 11886K(12160K)->11886K(12160K) NonClass: 10357K(10496K)->10357K(10496K) Class: 1528K(1664K)->1528K(1664K)
[252.697s][info][gc             ] GC(1742) Pause Young (Allocation Failure) 630M->85M(1979M) 1.057ms
[252.698s][info][gc,cpu         ] GC(1742) User=0.00s Sys=0.00s Real=0.00s
[252.831s][info][gc,start       ] GC(1743) Pause Young (Allocation Failure)
[252.832s][info][gc,heap        ] GC(1743) DefNew: 561356K(629120K)->2594K(629120K) Eden: 559232K(559232K)->0K(559232K) From: 2124K(69888K)->2594K(69888K)
[252.832s][info][gc,heap        ] GC(1743) Tenured: 85058K(1398144K)->85058K(1398144K)
[252.832s][info][gc,metaspace   ] GC(1743) Metaspace: 11886K(12160K)->11886K(12160K) NonClass: 10357K(10496K)->10357K(10496K) Class: 1528K(1664K)->1528K(1664K)
[252.832s][info][gc             ] GC(1743) Pause Young (Allocation Failure) 631M->85M(1979M) 1.231ms
[252.832s][info][gc,cpu         ] GC(1743) User=0.00s Sys=0.00s Real=0.00s
[252.966s][info][gc,start       ] GC(1744) Pause Young (Allocation Failure)
[252.967s][info][gc,heap        ] GC(1744) DefNew: 561826K(629120K)->3128K(629120K) Eden: 559232K(559232K)->0K(559232K) From: 2594K(69888K)->3128K(69888K)
[252.967s][info][gc,heap        ] GC(1744) Tenured: 85058K(1398144K)->85058K(1398144K)
[252.967s][info][gc,metaspace   ] GC(1744) Metaspace: 11886K(12160K)->11886K(12160K) NonClass: 10357K(10496K)->10357K(10496K) Class: 1528K(1664K)->1528K(1664K)
[252.967s][info][gc             ] GC(1744) Pause Young (Allocation Failure) 631M->86M(1979M) 1.483ms
[252.967s][info][gc,cpu         ] GC(1744) User=0.00s Sys=0.00s Real=0.00s
[253.106s][info][gc,start       ] GC(1745) Pause Young (Allocation Failure)
[253.106s][info][gc,heap        ] GC(1745) DefNew: 562360K(629120K)->365K(629120K) Eden: 559232K(559232K)->0K(559232K) From: 3128K(69888K)->365K(69888K)
[253.106s][info][gc,heap        ] GC(1745) Tenured: 85058K(1398144K)->85058K(1398144K)
[253.106s][info][gc,metaspace   ] GC(1745) Metaspace: 11886K(12160K)->11886K(12160K) NonClass: 10357K(10496K)->10357K(10496K) Class: 1528K(1664K)->1528K(1664K)
[253.106s][info][gc             ] GC(1745) Pause Young (Allocation Failure) 632M->83M(1979M) 0.555ms
[253.106s][info][gc,cpu         ] GC(1745) User=0.00s Sys=0.00s Real=0.00s
[253.241s][info][gc,start       ] GC(1746) Pause Young (Allocation Failure)
[253.242s][info][gc,heap        ] GC(1746) DefNew: 559597K(629120K)->700K(629120K) Eden: 559232K(559232K)->0K(559232K) From: 365K(69888K)->700K(69888K)
[253.242s][info][gc,heap        ] GC(1746) Tenured: 85058K(1398144K)->85058K(1398144K)
[253.242s][info][gc,metaspace   ] GC(1746) Metaspace: 11886K(12160K)->11886K(12160K) NonClass: 10357K(10496K)->10357K(10496K) Class: 1528K(1664K)->1528K(1664K)
[253.242s][info][gc             ] GC(1746) Pause Young (Allocation Failure) 629M->83M(1979M) 0.610ms
[253.242s][info][gc,cpu         ] GC(1746) User=0.00s Sys=0.00s Real=0.00s
[253.374s][info][gc,start       ] GC(1747) Pause Full (System.gc())
[253.375s][info][gc,phases,start] GC(1747) Phase 1: Mark live objects
[253.427s][info][gc,phases      ] GC(1747) Phase 1: Mark live objects 52.652ms
[253.427s][info][gc,phases,start] GC(1747) Phase 2: Compute new object addresses
[253.481s][info][gc,phases      ] GC(1747) Phase 2: Compute new object addresses 53.986ms
[253.481s][info][gc,phases,start] GC(1747) Phase 3: Adjust pointers
[253.503s][info][gc,phases      ] GC(1747) Phase 3: Adjust pointers 22.029ms
[253.503s][info][gc,phases,start] GC(1747) Phase 4: Move objects
[253.503s][info][gc,phases      ] GC(1747) Phase 4: Move objects 0.009ms
[253.503s][info][gc,heap        ] GC(1747) DefNew: 545092K(629120K)->0K(629120K) Eden: 544392K(559232K)->0K(559232K) From: 700K(69888K)->0K(69888K)
[253.503s][info][gc,heap        ] GC(1747) Tenured: 85058K(1398144K)->85058K(1398144K)
[253.503s][info][gc,metaspace   ] GC(1747) Metaspace: 11886K(12160K)->11886K(12160K) NonClass: 10357K(10496K)->10357K(10496K) Class: 1528K(1664K)->1528K(1664K)
[253.503s][info][gc             ] GC(1747) Pause Full (System.gc()) 615M->83M(1979M) 128.964ms
[253.503s][info][gc,cpu         ] GC(1747) User=0.12s Sys=0.00s Real=0.12s
[253.646s][info][gc,start       ] GC(1748) Pause Young (Allocation Failure)
[253.646s][info][gc,heap        ] GC(1748) DefNew: 559232K(629120K)->492K(629120K) Eden: 559232K(559232K)->0K(559232K) From: 0K(69888K)->492K(69888K)
[253.646s][info][gc,heap        ] GC(1748) Tenured: 85058K(1398144K)->85058K(1398144K)
[253.646s][info][gc,metaspace   ] GC(1748) Metaspace: 11886K(12160K)->11886K(12160K) NonClass: 10357K(10496K)->10357K(10496K) Class: 1528K(1664K)->1528K(1664K)
[253.646s][info][gc             ] GC(1748) Pause Young (Allocation Failure) 629M->83M(1979M) 0.521ms
[253.646s][info][gc,cpu         ] GC(1748) User=0.00s Sys=0.00s Real=0.00s
[253.781s][info][gc,start       ] GC(1749) Pause Young (Allocation Failure)
[253.782s][info][gc,heap        ] GC(1749) DefNew: 559724K(629120K)->892K(629120K) Eden: 559232K(559232K)->0K(559232K) From: 492K(69888K)->892K(69888K)
[253.782s][info][gc,heap        ] GC(1749) Tenured: 85058K(1398144K)->85058K(1398144K)
[253.782s][info][gc,metaspace   ] GC(1749) Metaspace: 11886K(12160K)->11886K(12160K) NonClass: 10357K(10496K)->10357K(10496K) Class: 1528K(1664K)->1528K(1664K)
[253.782s][info][gc             ] GC(1749) Pause Young (Allocation Failure) 629M->83M(1979M) 0.657ms
[253.782s][info][gc,cpu         ] GC(1749) User=0.00s Sys=0.00s Real=0.00s
[253.916s][info][gc,start       ] GC(1750) Pause Young (Allocation Failure)
[253.917s][info][gc,heap        ] GC(1750) DefNew: 560124K(629120K)->1310K(629120K) Eden: 559232K(559232K)->0K(559232K) From: 892K(69888K)->1310K(69888K)
[253.917s][info][gc,heap        ] GC(1750) Tenured: 85058K(1398144K)->85058K(1398144K)
[253.917s][info][gc,metaspace   ] GC(1750) Metaspace: 11886K(12160K)->11886K(12160K) NonClass: 10357K(10496K)->10357K(10496K) Class: 1528K(1664K)->1528K(1664K)
[253.917s][info][gc             ] GC(1750) Pause Young (Allocation Failure) 630M->84M(1979M) 0.772ms
[253.917s][info][gc,cpu         ] GC(1750) User=0.00s Sys=0.00s Real=0.00s
[254.051s][info][gc,start       ] GC(1751) Pause Young (Allocation Failure)
[254.052s][info][gc,heap        ] GC(1751) DefNew: 560542K(629120K)->1917K(629120K) Eden: 559232K(559232K)->0K(559232K) From: 1310K(69888K)->1917K(69888K)
[254.052s][info][gc,heap        ] GC(1751) Tenured: 85058K(1398144K)->85058K(1398144K)
[254.052s][info][gc,metaspace   ] GC(1751) Metaspace: 11886K(12160K)->11886K(12160K) NonClass: 10357K(10496K)->10357K(10496K) Class: 1528K(1664K)->1528K(1664K)
[254.052s][info][gc             ] GC(1751) Pause Young (Allocation Failure) 630M->84M(1979M) 0.964ms
[254.052s][info][gc,cpu         ] GC(1751) User=0.00s Sys=0.00s Real=0.00s
[254.186s][info][gc,start       ] GC(1752) Pause Young (Allocation Failure)
[254.187s][info][gc,heap        ] GC(1752) DefNew: 561149K(629120K)->2072K(629120K) Eden: 559232K(559232K)->0K(559232K) From: 1917K(69888K)->2072K(69888K)
[254.187s][info][gc,heap        ] GC(1752) Tenured: 85058K(1398144K)->85058K(1398144K)
[254.188s][info][gc,metaspace   ] GC(1752) Metaspace: 11886K(12160K)->11886K(12160K) NonClass: 10357K(10496K)->10357K(10496K) Class: 1528K(1664K)->1528K(1664K)
[254.188s][info][gc             ] GC(1752) Pause Young (Allocation Failure) 631M->85M(1979M) 1.111ms
[254.188s][info][gc,cpu         ] GC(1752) User=0.00s Sys=0.00s Real=0.02s
[254.321s][info][gc,start       ] GC(1753) Pause Young (Allocation Failure)
[254.323s][info][gc,heap        ] GC(1753) DefNew: 561304K(629120K)->2862K(629120K) Eden: 559232K(559232K)->0K(559232K) From: 2072K(69888K)->2862K(69888K)
[254.323s][info][gc,heap        ] GC(1753) Tenured: 85058K(1398144K)->85058K(1398144K)
[254.323s][info][gc,metaspace   ] GC(1753) Metaspace: 11886K(12160K)->11886K(12160K) NonClass: 10357K(10496K)->10357K(10496K) Class: 1528K(1664K)->1528K(1664K)
[254.323s][info][gc             ] GC(1753) Pause Young (Allocation Failure) 631M->85M(1979M) 1.297ms
[254.323s][info][gc,cpu         ] GC(1753) User=0.00s Sys=0.00s Real=0.00s
[254.460s][info][gc,start       ] GC(1754) Pause Young (Allocation Failure)
[254.461s][info][gc,heap        ] GC(1754) DefNew: 562094K(629120K)->1960K(629120K) Eden: 559232K(559232K)->0K(559232K) From: 2862K(69888K)->1960K(69888K)
[254.461s][info][gc,heap        ] GC(1754) Tenured: 85058K(1398144K)->85058K(1398144K)
[254.461s][info][gc,metaspace   ] GC(1754) Metaspace: 11886K(12160K)->11886K(12160K) NonClass: 10357K(10496K)->10357K(10496K) Class: 1528K(1664K)->1528K(1664K)
[254.461s][info][gc             ] GC(1754) Pause Young (Allocation Failure) 631M->84M(1979M) 0.966ms
[254.461s][info][gc,cpu         ] GC(1754) User=0.00s Sys=0.00s Real=0.00s
[254.603s][info][gc,start       ] GC(1755) Pause Young (Allocation Failure)
[254.603s][info][gc,heap        ] GC(1755) DefNew: 561192K(629120K)->538K(629120K) Eden: 559232K(559232K)->0K(559232K) From: 1960K(69888K)->538K(69888K)
[254.603s][info][gc,heap        ] GC(1755) Tenured: 85058K(1398144K)->85058K(1398144K)
[254.603s][info][gc,metaspace   ] GC(1755) Metaspace: 11886K(12160K)->11886K(12160K) NonClass: 10357K(10496K)->10357K(10496K) Class: 1528K(1664K)->1528K(1664K)
[254.603s][info][gc             ] GC(1755) Pause Young (Allocation Failure) 631M->83M(1979M) 0.557ms
[254.603s][info][gc,cpu         ] GC(1755) User=0.00s Sys=0.00s Real=0.00s
[254.739s][info][gc,start       ] GC(1756) Pause Young (Allocation Failure)
[254.740s][info][gc,heap        ] GC(1756) DefNew: 559770K(629120K)->957K(629120K) Eden: 559232K(559232K)->0K(559232K) From: 538K(69888K)->957K(69888K)
[254.740s][info][gc,heap        ] GC(1756) Tenured: 85058K(1398144K)->85058K(1398144K)
[254.740s][info][gc,metaspace   ] GC(1756) Metaspace: 11886K(12160K)->11886K(12160K) NonClass: 10357K(10496K)->10357K(10496K) Class: 1528K(1664K)->1528K(1664K)
[254.740s][info][gc             ] GC(1756) Pause Young (Allocation Failure) 629M->84M(1979M) 0.689ms
[254.740s][info][gc,cpu         ] GC(1756) User=0.00s Sys=0.00s Real=0.00s
[254.874s][info][gc,start       ] GC(1757) Pause Young (Allocation Failure)
[254.875s][info][gc,heap        ] GC(1757) DefNew: 560189K(629120K)->1294K(629120K) Eden: 559232K(559232K)->0K(559232K) From: 957K(69888K)->1294K(69888K)
[254.875s][info][gc,heap        ] GC(1757) Tenured: 85058K(1398144K)->85058K(1398144K)
[254.875s][info][gc,metaspace   ] GC(1757) Metaspace: 11886K(12160K)->11886K(12160K) NonClass: 10357K(10496K)->10357K(10496K) Class: 1528K(1664K)->1528K(1664K)
[254.875s][info][gc             ] GC(1757) Pause Young (Allocation Failure) 630M->84M(1979M) 0.784ms
[254.875s][info][gc,cpu         ] GC(1757) User=0.00s Sys=0.00s Real=0.00s
[255.009s][info][gc,start       ] GC(1758) Pause Young (Allocation Failure)
[255.010s][info][gc,heap        ] GC(1758) DefNew: 560526K(629120K)->1745K(629120K) Eden: 559232K(559232K)->0K(559232K) From: 1294K(69888K)->1745K(69888K)
[255.010s][info][gc,heap        ] GC(1758) Tenured: 85058K(1398144K)->85058K(1398144K)
[255.010s][info][gc,metaspace   ] GC(1758) Metaspace: 11886K(12160K)->11886K(12160K) NonClass: 10357K(10496K)->10357K(10496K) Class: 1528K(1664K)->1528K(1664K)
[255.010s][info][gc             ] GC(1758) Pause Young (Allocation Failure) 630M->84M(1979M) 0.909ms
[255.010s][info][gc,cpu         ] GC(1758) User=0.00s Sys=0.00s Real=0.00s
[255.144s][info][gc,start       ] GC(1759) Pause Young (Allocation Failure)
[255.145s][info][gc,heap        ] GC(1759) DefNew: 560977K(629120K)->2203K(629120K) Eden: 559232K(559232K)->0K(559232K) From: 1745K(69888K)->2203K(69888K)
[255.145s][info][gc,heap        ] GC(1759) Tenured: 85058K(1398144K)->85058K(1398144K)
[255.145s][info][gc,metaspace   ] GC(1759) Metaspace: 11886K(12160K)->11886K(12160K) NonClass: 10357K(10496K)->10357K(10496K) Class: 1528K(1664K)->1528K(1664K)
[255.146s][info][gc             ] GC(1759) Pause Young (Allocation Failure) 630M->85M(1979M) 1.078ms
[255.146s][info][gc,cpu         ] GC(1759) User=0.00s Sys=0.00s Real=0.02s
[255.279s][info][gc,start       ] GC(1760) Pause Young (Allocation Failure)
[255.281s][info][gc,heap        ] GC(1760) DefNew: 561280K(629120K)->2787K(629120K) Eden: 559076K(559232K)->0K(559232K) From: 2203K(69888K)->2787K(69888K)
[255.281s][info][gc,heap        ] GC(1760) Tenured: 85058K(1398144K)->85058K(1398144K)
[255.281s][info][gc,metaspace   ] GC(1760) Metaspace: 11886K(12160K)->11886K(12160K) NonClass: 10357K(10496K)->10357K(10496K) Class: 1528K(1664K)->1528K(1664K)
[255.281s][info][gc             ] GC(1760) Pause Young (Allocation Failure) 631M->85M(1979M) 1.364ms
[255.281s][info][gc,cpu         ] GC(1760) User=0.00s Sys=0.00s Real=0.00s
[255.420s][info][gc,start       ] GC(1761) Pause Young (Allocation Failure)
[255.420s][info][gc,heap        ] GC(1761) DefNew: 562019K(629120K)->56K(629120K) Eden: 559232K(559232K)->0K(559232K) From: 2787K(69888K)->56K(69888K)
[255.420s][info][gc,heap        ] GC(1761) Tenured: 85058K(1398144K)->85058K(1398144K)
[255.420s][info][gc,metaspace   ] GC(1761) Metaspace: 11886K(12160K)->11886K(12160K) NonClass: 10357K(10496K)->10357K(10496K) Class: 1528K(1664K)->1528K(1664K)
[255.420s][info][gc             ] GC(1761) Pause Young (Allocation Failure) 631M->83M(1979M) 0.369ms
[255.420s][info][gc,cpu         ] GC(1761) User=0.00s Sys=0.00s Real=0.00s
[255.558s][info][gc,start       ] GC(1762) Pause Young (Allocation Failure)
[255.559s][info][gc,heap        ] GC(1762) DefNew: 559288K(629120K)->477K(629120K) Eden: 559232K(559232K)->0K(559232K) From: 56K(69888K)->477K(69888K)
[255.559s][info][gc,heap        ] GC(1762) Tenured: 85058K(1398144K)->85058K(1398144K)
[255.559s][info][gc,metaspace   ] GC(1762) Metaspace: 11886K(12160K)->11886K(12160K) NonClass: 10357K(10496K)->10357K(10496K) Class: 1528K(1664K)->1528K(1664K)
[255.559s][info][gc             ] GC(1762) Pause Young (Allocation Failure) 629M->83M(1979M) 0.512ms
[255.559s][info][gc,cpu         ] GC(1762) User=0.00s Sys=0.00s Real=0.00s
[255.693s][info][gc,start       ] GC(1763) Pause Young (Allocation Failure)
[255.694s][info][gc,heap        ] GC(1763) DefNew: 559709K(629120K)->720K(629120K) Eden: 559232K(559232K)->0K(559232K) From: 477K(69888K)->720K(69888K)
[255.694s][info][gc,heap        ] GC(1763) Tenured: 85058K(1398144K)->85059K(1398144K)
[255.694s][info][gc,metaspace   ] GC(1763) Metaspace: 11886K(12160K)->11886K(12160K) NonClass: 10357K(10496K)->10357K(10496K) Class: 1528K(1664K)->1528K(1664K)
[255.694s][info][gc             ] GC(1763) Pause Young (Allocation Failure) 629M->83M(1979M) 0.597ms
[255.694s][info][gc,cpu         ] GC(1763) User=0.00s Sys=0.00s Real=0.00s
[255.829s][info][gc,start       ] GC(1764) Pause Young (Allocation Failure)
[255.830s][info][gc,heap        ] GC(1764) DefNew: 559952K(629120K)->1082K(629120K) Eden: 559232K(559232K)->0K(559232K) From: 720K(69888K)->1082K(69888K)
[255.830s][info][gc,heap        ] GC(1764) Tenured: 85059K(1398144K)->85059K(1398144K)
[255.830s][info][gc,metaspace   ] GC(1764) Metaspace: 11886K(12160K)->11886K(12160K) NonClass: 10357K(10496K)->10357K(10496K) Class: 1528K(1664K)->1528K(1664K)
[255.830s][info][gc             ] GC(1764) Pause Young (Allocation Failure) 629M->84M(1979M) 0.791ms
[255.830s][info][gc,cpu         ] GC(1764) User=0.00s Sys=0.00s Real=0.00s
[255.972s][info][gc,start       ] GC(1765) Pause Full (System.gc())
[255.972s][info][gc,phases,start] GC(1765) Phase 1: Mark live objects
[256.025s][info][gc,phases      ] GC(1765) Phase 1: Mark live objects 53.231ms
[256.025s][info][gc,phases,start] GC(1765) Phase 2: Compute new object addresses
[256.080s][info][gc,phases      ] GC(1765) Phase 2: Compute new object addresses 54.399ms
[256.080s][info][gc,phases,start] GC(1765) Phase 3: Adjust pointers
[256.102s][info][gc,phases      ] GC(1765) Phase 3: Adjust pointers 22.131ms
[256.102s][info][gc,phases,start] GC(1765) Phase 4: Move objects
[256.102s][info][gc,phases      ] GC(1765) Phase 4: Move objects 0.009ms
[256.102s][info][gc,heap        ] GC(1765) DefNew: 541006K(629120K)->0K(629120K) Eden: 539923K(559232K)->0K(559232K) From: 1082K(69888K)->0K(69888K)
[256.102s][info][gc,heap        ] GC(1765) Tenured: 85059K(1398144K)->85059K(1398144K)
[256.102s][info][gc,metaspace   ] GC(1765) Metaspace: 11886K(12160K)->11886K(12160K) NonClass: 10357K(10496K)->10357K(10496K) Class: 1528K(1664K)->1528K(1664K)
[256.102s][info][gc             ] GC(1765) Pause Full (System.gc()) 611M->83M(1979M) 130.044ms
[256.102s][info][gc,cpu         ] GC(1765) User=0.12s Sys=0.00s Real=0.12s
[256.252s][info][gc,start       ] GC(1766) Pause Young (Allocation Failure)
[256.253s][info][gc,heap        ] GC(1766) DefNew: 559232K(629120K)->466K(629120K) Eden: 559232K(559232K)->0K(559232K) From: 0K(69888K)->466K(69888K)
[256.253s][info][gc,heap        ] GC(1766) Tenured: 85059K(1398144K)->85059K(1398144K)
[256.253s][info][gc,metaspace   ] GC(1766) Metaspace: 11887K(12160K)->11887K(12160K) NonClass: 10359K(10496K)->10359K(10496K) Class: 1528K(1664K)->1528K(1664K)
[256.253s][info][gc             ] GC(1766) Pause Young (Allocation Failure) 629M->83M(1979M) 0.501ms
[256.253s][info][gc,cpu         ] GC(1766) User=0.00s Sys=0.00s Real=0.00s
[256.388s][info][gc,start       ] GC(1767) Pause Young (Allocation Failure)
[256.388s][info][gc,heap        ] GC(1767) DefNew: 559690K(629120K)->925K(629120K) Eden: 559224K(559232K)->0K(559232K) From: 466K(69888K)->925K(69888K)
[256.388s][info][gc,heap        ] GC(1767) Tenured: 85059K(1398144K)->85059K(1398144K)
[256.388s][info][gc,metaspace   ] GC(1767) Metaspace: 11887K(12160K)->11887K(12160K) NonClass: 10359K(10496K)->10359K(10496K) Class: 1528K(1664K)->1528K(1664K)
[256.388s][info][gc             ] GC(1767) Pause Young (Allocation Failure) 629M->83M(1979M) 0.652ms
[256.388s][info][gc,cpu         ] GC(1767) User=0.00s Sys=0.00s Real=0.00s
[256.527s][info][gc,start       ] GC(1768) Pause Young (Allocation Failure)
[256.528s][info][gc,heap        ] GC(1768) DefNew: 560157K(629120K)->1014K(629120K) Eden: 559232K(559232K)->0K(559232K) From: 925K(69888K)->1014K(69888K)
[256.528s][info][gc,heap        ] GC(1768) Tenured: 85059K(1398144K)->85059K(1398144K)
[256.528s][info][gc,metaspace   ] GC(1768) Metaspace: 11887K(12160K)->11887K(12160K) NonClass: 10359K(10496K)->10359K(10496K) Class: 1528K(1664K)->1528K(1664K)
[256.528s][info][gc             ] GC(1768) Pause Young (Allocation Failure) 630M->84M(1979M) 0.684ms
[256.528s][info][gc,cpu         ] GC(1768) User=0.00s Sys=0.00s Real=0.00s
[256.663s][info][gc,start       ] GC(1769) Pause Young (Allocation Failure)
[256.664s][info][gc,heap        ] GC(1769) DefNew: 560246K(629120K)->1341K(629120K) Eden: 559232K(559232K)->0K(559232K) From: 1014K(69888K)->1341K(69888K)
[256.664s][info][gc,heap        ] GC(1769) Tenured: 85059K(1398144K)->85059K(1398144K)
[256.664s][info][gc,metaspace   ] GC(1769) Metaspace: 11887K(12160K)->11887K(12160K) NonClass: 10359K(10496K)->10359K(10496K) Class: 1528K(1664K)->1528K(1664K)
[256.664s][info][gc             ] GC(1769) Pause Young (Allocation Failure) 630M->84M(1979M) 0.770ms
[256.664s][info][gc,cpu         ] GC(1769) User=0.00s Sys=0.00s Real=0.00s
[256.799s][info][gc,start       ] GC(1770) Pause Young (Allocation Failure)
[256.800s][info][gc,heap        ] GC(1770) DefNew: 560552K(629120K)->1611K(629120K) Eden: 559211K(559232K)->0K(559232K) From: 1341K(69888K)->1611K(69888K)
[256.800s][info][gc,heap        ] GC(1770) Tenured: 85059K(1398144K)->85059K(1398144K)
[256.800s][info][gc,metaspace   ] GC(1770) Metaspace: 11887K(12160K)->11887K(12160K) NonClass: 10359K(10496K)->10359K(10496K) Class: 1528K(1664K)->1528K(1664K)
[256.800s][info][gc             ] GC(1770) Pause Young (Allocation Failure) 630M->84M(1979M) 0.875ms
[256.800s][info][gc,cpu         ] GC(1770) User=0.00s Sys=0.00s Real=0.00s
[256.934s][info][gc,start       ] GC(1771) Pause Young (Allocation Failure)
[256.935s][info][gc,heap        ] GC(1771) DefNew: 560843K(629120K)->2079K(629120K) Eden: 559232K(559232K)->0K(559232K) From: 1611K(69888K)->2079K(69888K)
[256.935s][info][gc,heap        ] GC(1771) Tenured: 85059K(1398144K)->85059K(1398144K)
[256.935s][info][gc,metaspace   ] GC(1771) Metaspace: 11887K(12160K)->11887K(12160K) NonClass: 10359K(10496K)->10359K(10496K) Class: 1528K(1664K)->1528K(1664K)
[256.935s][info][gc             ] GC(1771) Pause Young (Allocation Failure) 630M->85M(1979M) 1.075ms
[256.935s][info][gc,cpu         ] GC(1771) User=0.00s Sys=0.00s Real=0.02s
[257.069s][info][gc,start       ] GC(1772) Pause Young (Allocation Failure)
[257.070s][info][gc,heap        ] GC(1772) DefNew: 561311K(629120K)->2331K(629120K) Eden: 559232K(559232K)->0K(559232K) From: 2079K(69888K)->2331K(69888K)
[257.070s][info][gc,heap        ] GC(1772) Tenured: 85059K(1398144K)->85059K(1398144K)
[257.070s][info][gc,metaspace   ] GC(1772) Metaspace: 11887K(12160K)->11887K(12160K) NonClass: 10359K(10496K)->10359K(10496K) Class: 1528K(1664K)->1528K(1664K)
[257.070s][info][gc             ] GC(1772) Pause Young (Allocation Failure) 631M->85M(1979M) 1.053ms
[257.070s][info][gc,cpu         ] GC(1772) User=0.00s Sys=0.00s Real=0.00s
[257.204s][info][gc,start       ] GC(1773) Pause Young (Allocation Failure)
[257.205s][info][gc,heap        ] GC(1773) DefNew: 561333K(629120K)->2345K(629120K) Eden: 559002K(559232K)->0K(559232K) From: 2331K(69888K)->2345K(69888K)
[257.205s][info][gc,heap        ] GC(1773) Tenured: 85059K(1398144K)->85059K(1398144K)
[257.205s][info][gc,metaspace   ] GC(1773) Metaspace: 11887K(12160K)->11887K(12160K) NonClass: 10359K(10496K)->10359K(10496K) Class: 1528K(1664K)->1528K(1664K)
[257.205s][info][gc             ] GC(1773) Pause Young (Allocation Failure) 631M->85M(1979M) 1.138ms
[257.205s][info][gc,cpu         ] GC(1773) User=0.00s Sys=0.00s Real=0.00s
[257.343s][info][gc,start       ] GC(1774) Pause Young (Allocation Failure)
[257.343s][info][gc,heap        ] GC(1774) DefNew: 561577K(629120K)->176K(629120K) Eden: 559232K(559232K)->0K(559232K) From: 2345K(69888K)->176K(69888K)
[257.343s][info][gc,heap        ] GC(1774) Tenured: 85059K(1398144K)->85059K(1398144K)
[257.343s][info][gc,metaspace   ] GC(1774) Metaspace: 11887K(12160K)->11887K(12160K) NonClass: 10359K(10496K)->10359K(10496K) Class: 1528K(1664K)->1528K(1664K)
[257.343s][info][gc             ] GC(1774) Pause Young (Allocation Failure) 631M->83M(1979M) 0.416ms
[257.343s][info][gc,cpu         ] GC(1774) User=0.00s Sys=0.00s Real=0.00s
[257.479s][info][gc,start       ] GC(1775) Pause Young (Allocation Failure)
[257.479s][info][gc,heap        ] GC(1775) DefNew: 559408K(629120K)->549K(629120K) Eden: 559232K(559232K)->0K(559232K) From: 176K(69888K)->549K(69888K)
[257.479s][info][gc,heap        ] GC(1775) Tenured: 85059K(1398144K)->85059K(1398144K)
[257.479s][info][gc,metaspace   ] GC(1775) Metaspace: 11887K(12160K)->11887K(12160K) NonClass: 10359K(10496K)->10359K(10496K) Class: 1528K(1664K)->1528K(1664K)
[257.479s][info][gc             ] GC(1775) Pause Young (Allocation Failure) 629M->83M(1979M) 0.579ms
[257.479s][info][gc,cpu         ] GC(1775) User=0.00s Sys=0.00s Real=0.00s
[257.619s][info][gc,start       ] GC(1776) Pause Young (Allocation Failure)
[257.620s][info][gc,heap        ] GC(1776) DefNew: 559781K(629120K)->879K(629120K) Eden: 559232K(559232K)->0K(559232K) From: 549K(69888K)->879K(69888K)
[257.620s][info][gc,heap        ] GC(1776) Tenured: 85059K(1398144K)->85059K(1398144K)
[257.620s][info][gc,metaspace   ] GC(1776) Metaspace: 11887K(12160K)->11887K(12160K) NonClass: 10359K(10496K)->10359K(10496K) Class: 1528K(1664K)->1528K(1664K)
[257.620s][info][gc             ] GC(1776) Pause Young (Allocation Failure) 629M->83M(1979M) 0.672ms
[257.620s][info][gc,cpu         ] GC(1776) User=0.00s Sys=0.00s Real=0.00s
[257.757s][info][gc,start       ] GC(1777) Pause Young (Allocation Failure)
[257.758s][info][gc,heap        ] GC(1777) DefNew: 560111K(629120K)->1488K(629120K) Eden: 559232K(559232K)->0K(559232K) From: 879K(69888K)->1488K(69888K)
[257.758s][info][gc,heap        ] GC(1777) Tenured: 85059K(1398144K)->85059K(1398144K)
[257.758s][info][gc,metaspace   ] GC(1777) Metaspace: 11887K(12160K)->11887K(12160K) NonClass: 10359K(10496K)->10359K(10496K) Class: 1528K(1664K)->1528K(1664K)
[257.758s][info][gc             ] GC(1777) Pause Young (Allocation Failure) 630M->84M(1979M) 0.858ms
[257.758s][info][gc,cpu         ] GC(1777) User=0.00s Sys=0.00s Real=0.00s
[257.891s][info][gc,start       ] GC(1778) Pause Young (Allocation Failure)
[257.892s][info][gc,heap        ] GC(1778) DefNew: 560720K(629120K)->1722K(629120K) Eden: 559232K(559232K)->0K(559232K) From: 1488K(69888K)->1722K(69888K)
[257.892s][info][gc,heap        ] GC(1778) Tenured: 85059K(1398144K)->85059K(1398144K)
[257.892s][info][gc,metaspace   ] GC(1778) Metaspace: 11887K(12160K)->11887K(12160K) NonClass: 10359K(10496K)->10359K(10496K) Class: 1528K(1664K)->1528K(1664K)
[257.892s][info][gc             ] GC(1778) Pause Young (Allocation Failure) 630M->84M(1979M) 0.914ms
[257.892s][info][gc,cpu         ] GC(1778) User=0.00s Sys=0.00s Real=0.00s
[258.027s][info][gc,start       ] GC(1779) Pause Young (Allocation Failure)
[258.028s][info][gc,heap        ] GC(1779) DefNew: 560954K(629120K)->2080K(629120K) Eden: 559232K(559232K)->0K(559232K) From: 1722K(69888K)->2080K(69888K)
[258.028s][info][gc,heap        ] GC(1779) Tenured: 85059K(1398144K)->85059K(1398144K)
[258.028s][info][gc,metaspace   ] GC(1779) Metaspace: 11887K(12160K)->11887K(12160K) NonClass: 10359K(10496K)->10359K(10496K) Class: 1528K(1664K)->1528K(1664K)
[258.028s][info][gc             ] GC(1779) Pause Young (Allocation Failure) 630M->85M(1979M) 1.004ms
[258.028s][info][gc,cpu         ] GC(1779) User=0.00s Sys=0.00s Real=0.00s
[258.161s][info][gc,start       ] GC(1780) Pause Young (Allocation Failure)
[258.162s][info][gc,heap        ] GC(1780) DefNew: 561296K(629120K)->2546K(629120K) Eden: 559215K(559232K)->0K(559232K) From: 2080K(69888K)->2546K(69888K)
[258.162s][info][gc,heap        ] GC(1780) Tenured: 85059K(1398144K)->85059K(1398144K)
[258.162s][info][gc,metaspace   ] GC(1780) Metaspace: 11887K(12160K)->11887K(12160K) NonClass: 10359K(10496K)->10359K(10496K) Class: 1528K(1664K)->1528K(1664K)
[258.162s][info][gc             ] GC(1780) Pause Young (Allocation Failure) 631M->85M(1979M) 1.211ms
[258.162s][info][gc,cpu         ] GC(1780) User=0.00s Sys=0.00s Real=0.00s
[258.298s][info][gc,start       ] GC(1781) Pause Young (Allocation Failure)
[258.299s][info][gc,heap        ] GC(1781) DefNew: 561778K(629120K)->1961K(629120K) Eden: 559232K(559232K)->0K(559232K) From: 2546K(69888K)->1961K(69888K)
[258.299s][info][gc,heap        ] GC(1781) Tenured: 85059K(1398144K)->85059K(1398144K)
[258.299s][info][gc,metaspace   ] GC(1781) Metaspace: 11887K(12160K)->11887K(12160K) NonClass: 10359K(10496K)->10359K(10496K) Class: 1528K(1664K)->1528K(1664K)
[258.299s][info][gc             ] GC(1781) Pause Young (Allocation Failure) 631M->84M(1979M) 0.881ms
[258.299s][info][gc,cpu         ] GC(1781) User=0.00s Sys=0.00s Real=0.00s
[258.436s][info][gc,start       ] GC(1782) Pause Young (Allocation Failure)
[258.437s][info][gc,heap        ] GC(1782) DefNew: 561193K(629120K)->485K(629120K) Eden: 559232K(559232K)->0K(559232K) From: 1961K(69888K)->485K(69888K)
[258.437s][info][gc,heap        ] GC(1782) Tenured: 85059K(1398144K)->85059K(1398144K)
[258.437s][info][gc,metaspace   ] GC(1782) Metaspace: 11887K(12160K)->11887K(12160K) NonClass: 10359K(10496K)->10359K(10496K) Class: 1528K(1664K)->1528K(1664K)
[258.437s][info][gc             ] GC(1782) Pause Young (Allocation Failure) 631M->83M(1979M) 0.501ms
[258.437s][info][gc,cpu         ] GC(1782) User=0.00s Sys=0.00s Real=0.00s
[258.574s][info][gc,start       ] GC(1783) Pause Full (System.gc())
[258.574s][info][gc,phases,start] GC(1783) Phase 1: Mark live objects
[258.627s][info][gc,phases      ] GC(1783) Phase 1: Mark live objects 53.010ms
[258.627s][info][gc,phases,start] GC(1783) Phase 2: Compute new object addresses
[258.682s][info][gc,phases      ] GC(1783) Phase 2: Compute new object addresses 54.655ms
[258.682s][info][gc,phases,start] GC(1783) Phase 3: Adjust pointers
[258.703s][info][gc,phases      ] GC(1783) Phase 3: Adjust pointers 21.070ms
[258.703s][info][gc,phases,start] GC(1783) Phase 4: Move objects
[258.703s][info][gc,phases      ] GC(1783) Phase 4: Move objects 0.009ms
[258.703s][info][gc,heap        ] GC(1783) DefNew: 546907K(629120K)->0K(629120K) Eden: 546422K(559232K)->0K(559232K) From: 485K(69888K)->0K(69888K)
[258.703s][info][gc,heap        ] GC(1783) Tenured: 85059K(1398144K)->85057K(1398144K)
[258.703s][info][gc,metaspace   ] GC(1783) Metaspace: 11887K(12160K)->11887K(12160K) NonClass: 10359K(10496K)->10359K(10496K) Class: 1528K(1664K)->1528K(1664K)
[258.703s][info][gc             ] GC(1783) Pause Full (System.gc()) 617M->83M(1979M) 129.043ms
[258.703s][info][gc,cpu         ] GC(1783) User=0.12s Sys=0.00s Real=0.13s
[258.845s][info][gc,start       ] GC(1784) Pause Young (Allocation Failure)
[258.846s][info][gc,heap        ] GC(1784) DefNew: 558895K(629120K)->375K(629120K) Eden: 558895K(559232K)->0K(559232K) From: 0K(69888K)->375K(69888K)
[258.846s][info][gc,heap        ] GC(1784) Tenured: 85057K(1398144K)->85057K(1398144K)
[258.846s][info][gc,metaspace   ] GC(1784) Metaspace: 11887K(12160K)->11887K(12160K) NonClass: 10359K(10496K)->10359K(10496K) Class: 1528K(1664K)->1528K(1664K)
[258.846s][info][gc             ] GC(1784) Pause Young (Allocation Failure) 628M->83M(1979M) 0.496ms
[258.846s][info][gc,cpu         ] GC(1784) User=0.00s Sys=0.00s Real=0.00s
[258.980s][info][gc,start       ] GC(1785) Pause Young (Allocation Failure)
[258.980s][info][gc,heap        ] GC(1785) DefNew: 559607K(629120K)->881K(629120K) Eden: 559232K(559232K)->0K(559232K) From: 375K(69888K)->881K(69888K)
[258.980s][info][gc,heap        ] GC(1785) Tenured: 85057K(1398144K)->85057K(1398144K)
[258.980s][info][gc,metaspace   ] GC(1785) Metaspace: 11887K(12160K)->11887K(12160K) NonClass: 10359K(10496K)->10359K(10496K) Class: 1528K(1664K)->1528K(1664K)
[258.980s][info][gc             ] GC(1785) Pause Young (Allocation Failure) 629M->83M(1979M) 0.608ms
[258.980s][info][gc,cpu         ] GC(1785) User=0.00s Sys=0.00s Real=0.00s
[259.114s][info][gc,start       ] GC(1786) Pause Young (Allocation Failure)
[259.115s][info][gc,heap        ] GC(1786) DefNew: 560113K(629120K)->1188K(629120K) Eden: 559232K(559232K)->0K(559232K) From: 881K(69888K)->1188K(69888K)
[259.115s][info][gc,heap        ] GC(1786) Tenured: 85057K(1398144K)->85057K(1398144K)
[259.115s][info][gc,metaspace   ] GC(1786) Metaspace: 11887K(12160K)->11887K(12160K) NonClass: 10359K(10496K)->10359K(10496K) Class: 1528K(1664K)->1528K(1664K)
[259.115s][info][gc             ] GC(1786) Pause Young (Allocation Failure) 630M->84M(1979M) 0.719ms
[259.115s][info][gc,cpu         ] GC(1786) User=0.00s Sys=0.00s Real=0.00s
[259.249s][info][gc,start       ] GC(1787) Pause Young (Allocation Failure)
[259.250s][info][gc,heap        ] GC(1787) DefNew: 560420K(629120K)->1526K(629120K) Eden: 559232K(559232K)->0K(559232K) From: 1188K(69888K)->1526K(69888K)
[259.250s][info][gc,heap        ] GC(1787) Tenured: 85057K(1398144K)->85057K(1398144K)
[259.250s][info][gc,metaspace   ] GC(1787) Metaspace: 11887K(12160K)->11887K(12160K) NonClass: 10359K(10496K)->10359K(10496K) Class: 1528K(1664K)->1528K(1664K)
[259.250s][info][gc             ] GC(1787) Pause Young (Allocation Failure) 630M->84M(1979M) 0.870ms
[259.250s][info][gc,cpu         ] GC(1787) User=0.00s Sys=0.00s Real=0.00s
[259.385s][info][gc,start       ] GC(1788) Pause Young (Allocation Failure)
[259.386s][info][gc,heap        ] GC(1788) DefNew: 560758K(629120K)->2269K(629120K) Eden: 559232K(559232K)->0K(559232K) From: 1526K(69888K)->2269K(69888K)
[259.386s][info][gc,heap        ] GC(1788) Tenured: 85057K(1398144K)->85057K(1398144K)
[259.386s][info][gc,metaspace   ] GC(1788) Metaspace: 11887K(12160K)->11887K(12160K) NonClass: 10359K(10496K)->10359K(10496K) Class: 1528K(1664K)->1528K(1664K)
[259.386s][info][gc             ] GC(1788) Pause Young (Allocation Failure) 630M->85M(1979M) 1.112ms
[259.386s][info][gc,cpu         ] GC(1788) User=0.02s Sys=0.00s Real=0.02s
[259.522s][info][gc,start       ] GC(1789) Pause Young (Allocation Failure)
[259.524s][info][gc,heap        ] GC(1789) DefNew: 561480K(629120K)->2594K(629120K) Eden: 559210K(559232K)->0K(559232K) From: 2269K(69888K)->2594K(69888K)
[259.524s][info][gc,heap        ] GC(1789) Tenured: 85057K(1398144K)->85057K(1398144K)
[259.524s][info][gc,metaspace   ] GC(1789) Metaspace: 11887K(12160K)->11887K(12160K) NonClass: 10359K(10496K)->10359K(10496K) Class: 1528K(1664K)->1528K(1664K)
[259.524s][info][gc             ] GC(1789) Pause Young (Allocation Failure) 631M->85M(1979M) 1.379ms
[259.524s][info][gc,cpu         ] GC(1789) User=0.00s Sys=0.00s Real=0.00s
[259.660s][info][gc,start       ] GC(1790) Pause Young (Allocation Failure)
[259.661s][info][gc,heap        ] GC(1790) DefNew: 561826K(629120K)->2932K(629120K) Eden: 559232K(559232K)->0K(559232K) From: 2594K(69888K)->2932K(69888K)
[259.661s][info][gc,heap        ] GC(1790) Tenured: 85057K(1398144K)->85057K(1398144K)
[259.661s][info][gc,metaspace   ] GC(1790) Metaspace: 11887K(12160K)->11887K(12160K) NonClass: 10359K(10496K)->10359K(10496K) Class: 1528K(1664K)->1528K(1664K)
[259.661s][info][gc             ] GC(1790) Pause Young (Allocation Failure) 631M->85M(1979M) 1.363ms
[259.661s][info][gc,cpu         ] GC(1790) User=0.00s Sys=0.00s Real=0.00s
[259.801s][info][gc,start       ] GC(1791) Pause Young (Allocation Failure)
[259.802s][info][gc,heap        ] GC(1791) DefNew: 562164K(629120K)->509K(629120K) Eden: 559232K(559232K)->0K(559232K) From: 2932K(69888K)->509K(69888K)
[259.802s][info][gc,heap        ] GC(1791) Tenured: 85057K(1398144K)->85057K(1398144K)
[259.802s][info][gc,metaspace   ] GC(1791) Metaspace: 11887K(12160K)->11887K(12160K) NonClass: 10359K(10496K)->10359K(10496K) Class: 1528K(1664K)->1528K(1664K)
[259.802s][info][gc             ] GC(1791) Pause Young (Allocation Failure) 632M->83M(1979M) 0.534ms
[259.802s][info][gc,cpu         ] GC(1791) User=0.00s Sys=0.00s Real=0.00s
[259.936s][info][gc,start       ] GC(1792) Pause Young (Allocation Failure)
[259.937s][info][gc,heap        ] GC(1792) DefNew: 559741K(629120K)->815K(629120K) Eden: 559232K(559232K)->0K(559232K) From: 509K(69888K)->815K(69888K)
[259.937s][info][gc,heap        ] GC(1792) Tenured: 85057K(1398144K)->85057K(1398144K)
[259.937s][info][gc,metaspace   ] GC(1792) Metaspace: 11887K(12160K)->11887K(12160K) NonClass: 10359K(10496K)->10359K(10496K) Class: 1528K(1664K)->1528K(1664K)
[259.937s][info][gc             ] GC(1792) Pause Young (Allocation Failure) 629M->83M(1979M) 0.629ms
[259.937s][info][gc,cpu         ] GC(1792) User=0.00s Sys=0.00s Real=0.00s
[260.071s][info][gc,start       ] GC(1793) Pause Young (Allocation Failure)
[260.072s][info][gc,heap        ] GC(1793) DefNew: 560047K(629120K)->1160K(629120K) Eden: 559232K(559232K)->0K(559232K) From: 815K(69888K)->1160K(69888K)
[260.072s][info][gc,heap        ] GC(1793) Tenured: 85057K(1398144K)->85057K(1398144K)
[260.072s][info][gc,metaspace   ] GC(1793) Metaspace: 11887K(12160K)->11887K(12160K) NonClass: 10359K(10496K)->10359K(10496K) Class: 1528K(1664K)->1528K(1664K)
[260.072s][info][gc             ] GC(1793) Pause Young (Allocation Failure) 629M->84M(1979M) 0.708ms
[260.072s][info][gc,cpu         ] GC(1793) User=0.00s Sys=0.00s Real=0.00s
[260.207s][info][gc,start       ] GC(1794) Pause Young (Allocation Failure)
[260.207s][info][gc,heap        ] GC(1794) DefNew: 560392K(629120K)->1783K(629120K) Eden: 559232K(559232K)->0K(559232K) From: 1160K(69888K)->1783K(69888K)
[260.207s][info][gc,heap        ] GC(1794) Tenured: 85057K(1398144K)->85057K(1398144K)
[260.207s][info][gc,metaspace   ] GC(1794) Metaspace: 11887K(12160K)->11887K(12160K) NonClass: 10359K(10496K)->10359K(10496K) Class: 1528K(1664K)->1528K(1664K)
[260.207s][info][gc             ] GC(1794) Pause Young (Allocation Failure) 630M->84M(1979M) 0.887ms
[260.207s][info][gc,cpu         ] GC(1794) User=0.00s Sys=0.00s Real=0.00s
[260.342s][info][gc,start       ] GC(1795) Pause Young (Allocation Failure)
[260.343s][info][gc,heap        ] GC(1795) DefNew: 561015K(629120K)->1887K(629120K) Eden: 559232K(559232K)->0K(559232K) From: 1783K(69888K)->1887K(69888K)
[260.343s][info][gc,heap        ] GC(1795) Tenured: 85057K(1398144K)->85057K(1398144K)
[260.343s][info][gc,metaspace   ] GC(1795) Metaspace: 11887K(12160K)->11887K(12160K) NonClass: 10359K(10496K)->10359K(10496K) Class: 1528K(1664K)->1528K(1664K)
[260.343s][info][gc             ] GC(1795) Pause Young (Allocation Failure) 630M->84M(1979M) 1.013ms
[260.343s][info][gc,cpu         ] GC(1795) User=0.00s Sys=0.00s Real=0.01s
[260.477s][info][gc,start       ] GC(1796) Pause Young (Allocation Failure)
[260.478s][info][gc,heap        ] GC(1796) DefNew: 561119K(629120K)->1995K(629120K) Eden: 559232K(559232K)->0K(559232K) From: 1887K(69888K)->1995K(69888K)
[260.478s][info][gc,heap        ] GC(1796) Tenured: 85057K(1398144K)->85057K(1398144K)
[260.478s][info][gc,metaspace   ] GC(1796) Metaspace: 11887K(12160K)->11887K(12160K) NonClass: 10359K(10496K)->10359K(10496K) Class: 1528K(1664K)->1528K(1664K)
[260.478s][info][gc             ] GC(1796) Pause Young (Allocation Failure) 631M->85M(1979M) 1.002ms
[260.478s][info][gc,cpu         ] GC(1796) User=0.00s Sys=0.00s Real=0.00s
[260.618s][info][gc,start       ] GC(1797) Pause Young (Allocation Failure)
[260.619s][info][gc,heap        ] GC(1797) DefNew: 561227K(629120K)->2349K(629120K) Eden: 559232K(559232K)->0K(559232K) From: 1995K(69888K)->2349K(69888K)
[260.619s][info][gc,heap        ] GC(1797) Tenured: 85057K(1398144K)->85057K(1398144K)
[260.619s][info][gc,metaspace   ] GC(1797) Metaspace: 11887K(12160K)->11887K(12160K) NonClass: 10359K(10496K)->10359K(10496K) Class: 1528K(1664K)->1528K(1664K)
[260.619s][info][gc             ] GC(1797) Pause Young (Allocation Failure) 631M->85M(1979M) 1.197ms
[260.619s][info][gc,cpu         ] GC(1797) User=0.00s Sys=0.00s Real=0.00s
[260.759s][info][gc,start       ] GC(1798) Pause Young (Allocation Failure)
[260.759s][info][gc,heap        ] GC(1798) DefNew: 561581K(629120K)->208K(629120K) Eden: 559232K(559232K)->0K(559232K) From: 2349K(69888K)->208K(69888K)
[260.759s][info][gc,heap        ] GC(1798) Tenured: 85057K(1398144K)->85057K(1398144K)
[260.759s][info][gc,metaspace   ] GC(1798) Metaspace: 11887K(12160K)->11887K(12160K) NonClass: 10359K(10496K)->10359K(10496K) Class: 1528K(1664K)->1528K(1664K)
[260.759s][info][gc             ] GC(1798) Pause Young (Allocation Failure) 631M->83M(1979M) 0.427ms
[260.759s][info][gc,cpu         ] GC(1798) User=0.00s Sys=0.00s Real=0.00s
[260.894s][info][gc,start       ] GC(1799) Pause Young (Allocation Failure)
[260.895s][info][gc,heap        ] GC(1799) DefNew: 559440K(629120K)->809K(629120K) Eden: 559232K(559232K)->0K(559232K) From: 208K(69888K)->809K(69888K)
[260.895s][info][gc,heap        ] GC(1799) Tenured: 85057K(1398144K)->85058K(1398144K)
[260.895s][info][gc,metaspace   ] GC(1799) Metaspace: 11887K(12160K)->11887K(12160K) NonClass: 10359K(10496K)->10359K(10496K) Class: 1528K(1664K)->1528K(1664K)
[260.895s][info][gc             ] GC(1799) Pause Young (Allocation Failure) 629M->83M(1979M) 0.610ms
[260.895s][info][gc,cpu         ] GC(1799) User=0.00s Sys=0.00s Real=0.00s
[261.029s][info][gc,start       ] GC(1800) Pause Young (Allocation Failure)
[261.030s][info][gc,heap        ] GC(1800) DefNew: 560041K(629120K)->1057K(629120K) Eden: 559232K(559232K)->0K(559232K) From: 809K(69888K)->1057K(69888K)
[261.030s][info][gc,heap        ] GC(1800) Tenured: 85058K(1398144K)->85058K(1398144K)
[261.030s][info][gc,metaspace   ] GC(1800) Metaspace: 11887K(12160K)->11887K(12160K) NonClass: 10359K(10496K)->10359K(10496K) Class: 1528K(1664K)->1528K(1664K)
[261.030s][info][gc             ] GC(1800) Pause Young (Allocation Failure) 629M->84M(1979M) 0.683ms
[261.030s][info][gc,cpu         ] GC(1800) User=0.00s Sys=0.00s Real=0.00s
[261.168s][info][gc,heap,exit   ] Heap
[261.168s][info][gc,heap,exit   ]  def new generation   total 629120K, used 542802K [0x0000000080000000, 0x00000000aaaa0000, 0x00000000aaaa0000)
[261.168s][info][gc,heap,exit   ]   eden space 559232K,  96% used [0x0000000080000000, 0x00000000a110c3c0, 0x00000000a2220000)
[261.168s][info][gc,heap,exit   ]   from space 69888K,   1% used [0x00000000a6660000, 0x00000000a67684e8, 0x00000000aaaa0000)
[261.169s][info][gc,heap,exit   ]   to   space 69888K,   0% used [0x00000000a2220000, 0x00000000a2220000, 0x00000000a6660000)
[261.169s][info][gc,heap,exit   ]  tenured generation   total 1398144K, used 85058K [0x00000000aaaa0000, 0x0000000100000000, 0x0000000100000000)
[261.169s][info][gc,heap,exit   ]    the space 1398144K,   6% used [0x00000000aaaa0000, 0x00000000afdb0860, 0x00000000afdb0a00, 0x0000000100000000)
[261.169s][info][gc,heap,exit   ]  Metaspace       used 11949K, committed 12224K, reserved 1114112K
[261.169s][info][gc,heap,exit   ]   class space    used 1538K, committed 1664K, reserved 1048576K
