OpenJDK 64-Bit Server VM (25.422-b05) for windows-amd64 JRE (1.8.0_422-422-b05), built on Jul 18 2024 05:34:18 by "Administrator" with MS VC++ 16.10 / 16.11 (VS2019)
Memory: 4k page, physical 15965620k(10199508k free), swap 19635636k(12792800k free)
CommandLine flags: -XX:InitialHeapSize=8589934592 -XX:MaxHeapSize=8589934592 -XX:+PrintGC -XX:+PrintGCApplicationConcurrentTime -XX:+PrintGCApplicationStoppedTime -XX:+PrintGCDateStamps -XX:+PrintGCDetails -XX:+PrintGCTimeStamps -XX:+UnlockExperimentalVMOptions -XX:+UseCompressedClassPointers -XX:+UseCompressedOops -XX:-UseLargePagesIndividualAllocation -XX:+UseSerialGC 
2024-10-02T10:24:27.483+0300: 0.076: Application time: 0.0179743 seconds
2024-10-02T10:24:27.483+0300: 0.076: Total time for which application threads were stopped: 0.0001109 seconds, Stopping threads took: 0.0000417 seconds
2024-10-02T10:24:27.499+0300: 0.085: Application time: 0.0082812 seconds
2024-10-02T10:24:27.499+0300: 0.085: Total time for which application threads were stopped: 0.0000908 seconds, Stopping threads took: 0.0000342 seconds
2024-10-02T10:24:27.671+0300: 0.256: Application time: 0.1715328 seconds
2024-10-02T10:24:27.671+0300: 0.256: [Full GC (System.gc()) 2024-10-02T10:24:27.671+0300: 0.257: [Tenured: 0K->3705K(5592448K), 0.0113808 secs] 178954K->3705K(8108992K), [Metaspace: 7078K->7078K(1056768K)], 0.0116240 secs] [Times: user=0.00 sys=0.00, real=0.02 secs] 
2024-10-02T10:24:27.687+0300: 0.268: Total time for which application threads were stopped: 0.0118647 seconds, Stopping threads took: 0.0000431 seconds
2024-10-02T10:24:27.687+0300: 0.268: Application time: 0.0001009 seconds
2024-10-02T10:24:27.687+0300: 0.268: [Full GC (System.gc()) 2024-10-02T10:24:27.687+0300: 0.268: [Tenured: 3705K->3705K(5592448K), 0.0064237 secs] 3705K->3705K(8108992K), [Metaspace: 7078K->7078K(1056768K)], 0.0064769 secs] [Times: user=0.00 sys=0.00, real=0.00 secs] 
2024-10-02T10:24:27.687+0300: 0.275: Total time for which application threads were stopped: 0.0065610 seconds, Stopping threads took: 0.0000242 seconds
2024-10-02T10:24:27.702+0300: 0.295: Application time: 0.0206787 seconds
2024-10-02T10:24:27.702+0300: 0.296: Total time for which application threads were stopped: 0.0001519 seconds, Stopping threads took: 0.0000316 seconds
2024-10-02T10:24:27.718+0300: 0.300: Application time: 0.0039391 seconds
2024-10-02T10:24:27.718+0300: 0.300: Total time for which application threads were stopped: 0.0001759 seconds, Stopping threads took: 0.0000605 seconds
2024-10-02T10:24:28.723+0300: 1.303: Application time: 1.0028869 seconds
2024-10-02T10:24:28.723+0300: 1.303: Total time for which application threads were stopped: 0.0002214 seconds, Stopping threads took: 0.0001598 seconds
2024-10-02T10:24:29.727+0300: 2.306: Application time: 1.0035527 seconds
2024-10-02T10:24:29.727+0300: 2.307: Total time for which application threads were stopped: 0.0002339 seconds, Stopping threads took: 0.0001814 seconds
2024-10-02T10:24:30.732+0300: 3.311: Application time: 1.0044487 seconds
2024-10-02T10:24:30.732+0300: 3.311: Total time for which application threads were stopped: 0.0002298 seconds, Stopping threads took: 0.0001845 seconds
2024-10-02T10:24:31.531+0300: 4.111: Application time: 0.7993623 seconds
2024-10-02T10:24:31.531+0300: 4.111: Total time for which application threads were stopped: 0.0003644 seconds, Stopping threads took: 0.0001874 seconds
2024-10-02T10:24:35.360+0300: 7.945: Application time: 3.8344065 seconds
2024-10-02T10:24:35.360+0300: 7.946: [GC (Allocation Failure) 2024-10-02T10:24:35.360+0300: 7.946: [DefNew: 2236928K->1850K(2516544K), 0.0024813 secs] 2240633K->5555K(8108992K), 0.0025491 secs] [Times: user=0.00 sys=0.00, real=0.00 secs] 
2024-10-02T10:24:35.360+0300: 7.948: Total time for which application threads were stopped: 0.0028317 seconds, Stopping threads took: 0.0001807 seconds
2024-10-02T10:24:35.360+0300: 7.948: Application time: 0.0002099 seconds
2024-10-02T10:24:35.360+0300: 7.949: Total time for which application threads were stopped: 0.0001640 seconds, Stopping threads took: 0.0001248 seconds
2024-10-02T10:24:35.360+0300: 7.949: Application time: 0.0000864 seconds
2024-10-02T10:24:35.360+0300: 7.949: Total time for which application threads were stopped: 0.0001339 seconds, Stopping threads took: 0.0001060 seconds
2024-10-02T10:24:35.360+0300: 7.949: Application time: 0.0000540 seconds
2024-10-02T10:24:35.360+0300: 7.949: Total time for which application threads were stopped: 0.0000879 seconds, Stopping threads took: 0.0000631 seconds
2024-10-02T10:24:35.360+0300: 7.949: Application time: 0.0000246 seconds
2024-10-02T10:24:35.360+0300: 7.949: Total time for which application threads were stopped: 0.0000776 seconds, Stopping threads took: 0.0000556 seconds
2024-10-02T10:24:35.360+0300: 7.949: Application time: 0.0000237 seconds
2024-10-02T10:24:35.360+0300: 7.949: Total time for which application threads were stopped: 0.0000626 seconds, Stopping threads took: 0.0000407 seconds
2024-10-02T10:24:35.360+0300: 7.949: Application time: 0.0000365 seconds
2024-10-02T10:24:35.360+0300: 7.949: Total time for which application threads were stopped: 0.0000739 seconds, Stopping threads took: 0.0000513 seconds
2024-10-02T10:24:35.360+0300: 7.949: Application time: 0.0000248 seconds
2024-10-02T10:24:35.360+0300: 7.949: Total time for which application threads were stopped: 0.0000853 seconds, Stopping threads took: 0.0000571 seconds
2024-10-02T10:24:35.360+0300: 7.949: Application time: 0.0000440 seconds
2024-10-02T10:24:35.360+0300: 7.950: Total time for which application threads were stopped: 0.0000906 seconds, Stopping threads took: 0.0000657 seconds
2024-10-02T10:24:35.360+0300: 7.950: Application time: 0.0000334 seconds
2024-10-02T10:24:35.360+0300: 7.950: Total time for which application threads were stopped: 0.0000870 seconds, Stopping threads took: 0.0000568 seconds
2024-10-02T10:24:35.360+0300: 7.950: Application time: 0.0000360 seconds
2024-10-02T10:24:35.360+0300: 7.950: Total time for which application threads were stopped: 0.0000762 seconds, Stopping threads took: 0.0000504 seconds
2024-10-02T10:24:35.360+0300: 7.950: Application time: 0.0000292 seconds
2024-10-02T10:24:35.360+0300: 7.950: Total time for which application threads were stopped: 0.0000849 seconds, Stopping threads took: 0.0000576 seconds
2024-10-02T10:24:35.360+0300: 7.950: Application time: 0.0000357 seconds
2024-10-02T10:24:35.360+0300: 7.950: Total time for which application threads were stopped: 0.0000878 seconds, Stopping threads took: 0.0000603 seconds
2024-10-02T10:24:35.360+0300: 7.950: Application time: 0.0000431 seconds
2024-10-02T10:24:35.360+0300: 7.950: Total time for which application threads were stopped: 0.0000848 seconds, Stopping threads took: 0.0000614 seconds
2024-10-02T10:24:35.360+0300: 7.950: Application time: 0.0000326 seconds
2024-10-02T10:24:35.360+0300: 7.950: Total time for which application threads were stopped: 0.0000803 seconds, Stopping threads took: 0.0000548 seconds
2024-10-02T10:24:35.360+0300: 7.950: Application time: 0.0000363 seconds
2024-10-02T10:24:35.360+0300: 7.950: Total time for which application threads were stopped: 0.0000855 seconds, Stopping threads took: 0.0000601 seconds
2024-10-02T10:24:35.360+0300: 7.950: Application time: 0.0000374 seconds
2024-10-02T10:24:35.360+0300: 7.951: Total time for which application threads were stopped: 0.0000908 seconds, Stopping threads took: 0.0000628 seconds
2024-10-02T10:24:35.360+0300: 7.951: Application time: 0.0000337 seconds
2024-10-02T10:24:35.360+0300: 7.951: Total time for which application threads were stopped: 0.0000718 seconds, Stopping threads took: 0.0000476 seconds
2024-10-02T10:24:35.360+0300: 7.951: Application time: 0.0000259 seconds
2024-10-02T10:24:35.360+0300: 7.951: Total time for which application threads were stopped: 0.0000782 seconds, Stopping threads took: 0.0000538 seconds
2024-10-02T10:24:35.360+0300: 7.951: Application time: 0.0000241 seconds
2024-10-02T10:24:35.360+0300: 7.951: Total time for which application threads were stopped: 0.0000656 seconds, Stopping threads took: 0.0000435 seconds
2024-10-02T10:24:35.360+0300: 7.951: Application time: 0.0000264 seconds
2024-10-02T10:24:35.360+0300: 7.951: Total time for which application threads were stopped: 0.0000893 seconds, Stopping threads took: 0.0000307 seconds
2024-10-02T10:24:36.365+0300: 8.945: Application time: 0.9936841 seconds
2024-10-02T10:24:36.365+0300: 8.945: Total time for which application threads were stopped: 0.0002602 seconds, Stopping threads took: 0.0001867 seconds
2024-10-02T10:24:43.098+0300: 15.680: Application time: 6.7348798 seconds
2024-10-02T10:24:43.098+0300: 15.680: [GC (Allocation Failure) 2024-10-02T10:24:43.098+0300: 15.680: [DefNew: 2238778K->1304K(2516544K), 0.0019485 secs] 2242483K->5009K(8108992K), 0.0020028 secs] [Times: user=0.00 sys=0.00, real=0.00 secs] 
2024-10-02T10:24:43.098+0300: 15.682: Total time for which application threads were stopped: 0.0022002 seconds, Stopping threads took: 0.0001197 seconds
2024-10-02T10:24:43.098+0300: 15.682: Application time: 0.0001216 seconds
2024-10-02T10:24:43.098+0300: 15.682: Total time for which application threads were stopped: 0.0001491 seconds, Stopping threads took: 0.0001096 seconds
2024-10-02T10:24:43.098+0300: 15.682: Application time: 0.0000294 seconds
2024-10-02T10:24:43.098+0300: 15.683: Total time for which application threads were stopped: 0.0001058 seconds, Stopping threads took: 0.0000756 seconds
2024-10-02T10:24:43.098+0300: 15.683: Application time: 0.0000488 seconds
2024-10-02T10:24:43.098+0300: 15.683: Total time for which application threads were stopped: 0.0001130 seconds, Stopping threads took: 0.0000829 seconds
2024-10-02T10:24:43.098+0300: 15.683: Application time: 0.0000486 seconds
2024-10-02T10:24:43.098+0300: 15.683: Total time for which application threads were stopped: 0.0001335 seconds, Stopping threads took: 0.0001027 seconds
2024-10-02T10:24:43.098+0300: 15.683: Application time: 0.0000466 seconds
2024-10-02T10:24:43.098+0300: 15.683: Total time for which application threads were stopped: 0.0000922 seconds, Stopping threads took: 0.0000687 seconds
2024-10-02T10:24:43.098+0300: 15.683: Application time: 0.0000280 seconds
2024-10-02T10:24:43.098+0300: 15.683: Total time for which application threads were stopped: 0.0000684 seconds, Stopping threads took: 0.0000477 seconds
2024-10-02T10:24:43.098+0300: 15.683: Application time: 0.0000505 seconds
2024-10-02T10:24:43.098+0300: 15.683: Total time for which application threads were stopped: 0.0001310 seconds, Stopping threads took: 0.0001013 seconds
2024-10-02T10:24:43.098+0300: 15.683: Application time: 0.0000669 seconds
2024-10-02T10:24:43.098+0300: 15.684: Total time for which application threads were stopped: 0.0001507 seconds, Stopping threads took: 0.0001190 seconds
2024-10-02T10:24:43.098+0300: 15.684: Application time: 0.0000274 seconds
2024-10-02T10:24:43.098+0300: 15.684: Total time for which application threads were stopped: 0.0000498 seconds, Stopping threads took: 0.0000339 seconds
2024-10-02T10:24:43.098+0300: 15.684: Application time: 0.0000386 seconds
2024-10-02T10:24:43.098+0300: 15.684: Total time for which application threads were stopped: 0.0000842 seconds, Stopping threads took: 0.0000667 seconds
2024-10-02T10:24:43.098+0300: 15.684: Application time: 0.0000251 seconds
2024-10-02T10:24:43.098+0300: 15.684: Total time for which application threads were stopped: 0.0000642 seconds, Stopping threads took: 0.0000413 seconds
2024-10-02T10:24:43.098+0300: 15.684: Application time: 0.0000224 seconds
2024-10-02T10:24:43.098+0300: 15.684: Total time for which application threads were stopped: 0.0000730 seconds, Stopping threads took: 0.0000516 seconds
2024-10-02T10:24:43.098+0300: 15.684: Application time: 0.0000213 seconds
2024-10-02T10:24:43.098+0300: 15.684: Total time for which application threads were stopped: 0.0000599 seconds, Stopping threads took: 0.0000393 seconds
2024-10-02T10:24:43.098+0300: 15.684: Application time: 0.0000221 seconds
2024-10-02T10:24:43.098+0300: 15.684: Total time for which application threads were stopped: 0.0000587 seconds, Stopping threads took: 0.0000384 seconds
2024-10-02T10:24:43.098+0300: 15.684: Application time: 0.0000211 seconds
2024-10-02T10:24:43.098+0300: 15.684: Total time for which application threads were stopped: 0.0000655 seconds, Stopping threads took: 0.0000446 seconds
2024-10-02T10:24:43.098+0300: 15.684: Application time: 0.0000212 seconds
2024-10-02T10:24:43.098+0300: 15.684: Total time for which application threads were stopped: 0.0000529 seconds, Stopping threads took: 0.0000320 seconds
2024-10-02T10:24:43.098+0300: 15.684: Application time: 0.0000252 seconds
2024-10-02T10:24:43.098+0300: 15.684: Total time for which application threads were stopped: 0.0000626 seconds, Stopping threads took: 0.0000410 seconds
2024-10-02T10:24:43.098+0300: 15.684: Application time: 0.0000211 seconds
2024-10-02T10:24:43.098+0300: 15.684: Total time for which application threads were stopped: 0.0000755 seconds, Stopping threads took: 0.0000346 seconds
2024-10-02T10:24:43.098+0300: 15.684: Application time: 0.0000227 seconds
2024-10-02T10:24:43.098+0300: 15.685: Total time for which application threads were stopped: 0.0000712 seconds, Stopping threads took: 0.0000492 seconds
2024-10-02T10:24:43.098+0300: 15.685: Application time: 0.0000222 seconds
2024-10-02T10:24:43.098+0300: 15.685: Total time for which application threads were stopped: 0.0001016 seconds, Stopping threads took: 0.0000341 seconds
2024-10-02T10:24:43.945+0300: 16.536: Application time: 0.8509613 seconds
2024-10-02T10:24:43.945+0300: 16.536: Total time for which application threads were stopped: 0.0002368 seconds, Stopping threads took: 0.0002070 seconds
2024-10-02T10:24:50.802+0300: 23.385: Application time: 6.8487742 seconds
2024-10-02T10:24:50.802+0300: 23.385: [GC (Allocation Failure) 2024-10-02T10:24:50.802+0300: 23.385: [DefNew: 2238232K->1642K(2516544K), 0.0013664 secs] 2241937K->5348K(8108992K), 0.0014209 secs] [Times: user=0.00 sys=0.00, real=0.00 secs] 
2024-10-02T10:24:50.802+0300: 23.386: Total time for which application threads were stopped: 0.0016979 seconds, Stopping threads took: 0.0001641 seconds
2024-10-02T10:24:51.807+0300: 24.387: Application time: 1.0002530 seconds
2024-10-02T10:24:51.807+0300: 24.387: Total time for which application threads were stopped: 0.0002748 seconds, Stopping threads took: 0.0002286 seconds
2024-10-02T10:24:53.816+0300: 26.396: Application time: 2.0087405 seconds
2024-10-02T10:24:53.816+0300: 26.396: Total time for which application threads were stopped: 0.0002647 seconds, Stopping threads took: 0.0002172 seconds
2024-10-02T10:24:58.553+0300: 31.143: Application time: 4.7471736 seconds
2024-10-02T10:24:58.553+0300: 31.143: [GC (Allocation Failure) 2024-10-02T10:24:58.553+0300: 31.143: [DefNew: 2238570K->1649K(2516544K), 0.0014152 secs] 2242276K->5354K(8108992K), 0.0014654 secs] [Times: user=0.00 sys=0.00, real=0.00 secs] 
2024-10-02T10:24:58.553+0300: 31.145: Total time for which application threads were stopped: 0.0017245 seconds, Stopping threads took: 0.0001741 seconds
2024-10-02T10:24:59.558+0300: 32.138: Application time: 0.9927843 seconds
2024-10-02T10:24:59.558+0300: 32.138: Total time for which application threads were stopped: 0.0002930 seconds, Stopping threads took: 0.0002340 seconds
2024-10-02T10:25:01.567+0300: 34.147: Application time: 2.0089713 seconds
2024-10-02T10:25:01.567+0300: 34.147: Total time for which application threads were stopped: 0.0002564 seconds, Stopping threads took: 0.0002074 seconds
2024-10-02T10:25:02.572+0300: 35.152: Application time: 1.0044948 seconds
2024-10-02T10:25:02.572+0300: 35.152: Total time for which application threads were stopped: 0.0002555 seconds, Stopping threads took: 0.0002150 seconds
2024-10-02T10:25:03.576+0300: 36.156: Application time: 1.0037242 seconds
2024-10-02T10:25:03.576+0300: 36.156: Total time for which application threads were stopped: 0.0002205 seconds, Stopping threads took: 0.0001668 seconds
2024-10-02T10:25:06.228+0300: 38.812: Application time: 2.6559996 seconds
2024-10-02T10:25:06.228+0300: 38.812: [GC (Allocation Failure) 2024-10-02T10:25:06.228+0300: 38.812: [DefNew: 2238577K->1651K(2516544K), 0.0013746 secs] 2242282K->5357K(8108992K), 0.0015093 secs] [Times: user=0.00 sys=0.00, real=0.00 secs] 
2024-10-02T10:25:06.228+0300: 38.814: Total time for which application threads were stopped: 0.0017580 seconds, Stopping threads took: 0.0001367 seconds
2024-10-02T10:25:13.979+0300: 46.565: Application time: 7.7511616 seconds
2024-10-02T10:25:13.979+0300: 46.565: [GC (Allocation Failure) 2024-10-02T10:25:13.979+0300: 46.565: [DefNew: 2238579K->1654K(2516544K), 0.0013724 secs] 2242285K->5359K(8108992K), 0.0014323 secs] [Times: user=0.00 sys=0.00, real=0.00 secs] 
2024-10-02T10:25:13.979+0300: 46.566: Total time for which application threads were stopped: 0.0016905 seconds, Stopping threads took: 0.0001499 seconds
2024-10-02T10:25:15.988+0300: 48.567: Application time: 2.0008415 seconds
2024-10-02T10:25:15.988+0300: 48.568: Total time for which application threads were stopped: 0.0003076 seconds, Stopping threads took: 0.0002295 seconds
2024-10-02T10:25:21.732+0300: 54.322: Application time: 5.7542945 seconds
2024-10-02T10:25:21.732+0300: 54.322: [GC (Allocation Failure) 2024-10-02T10:25:21.732+0300: 54.322: [DefNew: 2238582K->1648K(2516544K), 0.0015192 secs] 2242287K->5354K(8108992K), 0.0015792 secs] [Times: user=0.00 sys=0.00, real=0.00 secs] 
2024-10-02T10:25:21.732+0300: 54.324: Total time for which application threads were stopped: 0.0018489 seconds, Stopping threads took: 0.0001457 seconds
2024-10-02T10:25:29.540+0300: 62.120: Application time: 7.7966697 seconds
2024-10-02T10:25:29.540+0300: 62.121: [GC (Allocation Failure) 2024-10-02T10:25:29.540+0300: 62.121: [DefNew: 2238576K->1456K(2516544K), 0.0014071 secs] 2242282K->5161K(8108992K), 0.0014693 secs] [Times: user=0.00 sys=0.00, real=0.00 secs] 
2024-10-02T10:25:29.540+0300: 62.122: Total time for which application threads were stopped: 0.0017939 seconds, Stopping threads took: 0.0002257 seconds
2024-10-02T10:25:35.573+0300: 68.152: Application time: 6.0300733 seconds
2024-10-02T10:25:35.573+0300: 68.152: Total time for which application threads were stopped: 0.0002101 seconds, Stopping threads took: 0.0001573 seconds
2024-10-02T10:25:36.577+0300: 69.157: Application time: 1.0045678 seconds
2024-10-02T10:25:36.577+0300: 69.157: Total time for which application threads were stopped: 0.0003134 seconds, Stopping threads took: 0.0002436 seconds
2024-10-02T10:25:37.362+0300: 69.944: Application time: 0.7861472 seconds
2024-10-02T10:25:37.362+0300: 69.944: [GC (Allocation Failure) 2024-10-02T10:25:37.362+0300: 69.944: [DefNew: 2238384K->1659K(2516544K), 0.0014687 secs] 2242089K->5365K(8108992K), 0.0015333 secs] [Times: user=0.00 sys=0.00, real=0.00 secs] 
2024-10-02T10:25:37.362+0300: 69.945: Total time for which application threads were stopped: 0.0017705 seconds, Stopping threads took: 0.0001245 seconds
2024-10-02T10:25:39.371+0300: 71.951: Application time: 2.0054404 seconds
2024-10-02T10:25:39.371+0300: 71.951: Total time for which application threads were stopped: 0.0002340 seconds, Stopping threads took: 0.0001563 seconds
2024-10-02T10:25:40.376+0300: 72.955: Application time: 1.0041369 seconds
2024-10-02T10:25:40.376+0300: 72.955: Total time for which application threads were stopped: 0.0003085 seconds, Stopping threads took: 0.0002284 seconds
2024-10-02T10:25:41.380+0300: 73.960: Application time: 1.0043606 seconds
2024-10-02T10:25:41.380+0300: 73.960: Total time for which application threads were stopped: 0.0002491 seconds, Stopping threads took: 0.0001963 seconds
2024-10-02T10:25:45.114+0300: 77.708: Application time: 3.7479976 seconds
2024-10-02T10:25:45.114+0300: 77.708: [GC (Allocation Failure) 2024-10-02T10:25:45.114+0300: 77.708: [DefNew: 2238587K->1662K(2516544K), 0.0013979 secs] 2242293K->5368K(8108992K), 0.0014504 secs] [Times: user=0.00 sys=0.00, real=0.02 secs] 
2024-10-02T10:25:45.130+0300: 77.710: Total time for which application threads were stopped: 0.0017202 seconds, Stopping threads took: 0.0001736 seconds
2024-10-02T10:25:52.896+0300: 85.477: Application time: 7.7670002 seconds
2024-10-02T10:25:52.896+0300: 85.477: [GC (Allocation Failure) 2024-10-02T10:25:52.898+0300: 85.477: [DefNew: 2238590K->1666K(2516544K), 0.0015675 secs] 2242296K->5371K(8108992K), 0.0016584 secs] [Times: user=0.00 sys=0.00, real=0.00 secs] 
2024-10-02T10:25:52.898+0300: 85.479: Total time for which application threads were stopped: 0.0019551 seconds, Stopping threads took: 0.0001668 seconds
2024-10-02T10:25:57.919+0300: 90.499: Application time: 5.0202221 seconds
2024-10-02T10:25:57.919+0300: 90.499: Total time for which application threads were stopped: 0.0002445 seconds, Stopping threads took: 0.0001959 seconds
2024-10-02T10:26:00.681+0300: 93.268: Application time: 2.7687454 seconds
2024-10-02T10:26:00.681+0300: 93.268: [GC (Allocation Failure) 2024-10-02T10:26:00.681+0300: 93.268: [DefNew: 2238594K->1673K(2516544K), 0.0015170 secs] 2242299K->5379K(8108992K), 0.0015731 secs] [Times: user=0.00 sys=0.00, real=0.00 secs] 
2024-10-02T10:26:00.681+0300: 93.270: Total time for which application threads were stopped: 0.0018469 seconds, Stopping threads took: 0.0001761 seconds
2024-10-02T10:26:08.450+0300: 101.041: Application time: 7.7713256 seconds
2024-10-02T10:26:08.450+0300: 101.041: [GC (Allocation Failure) 2024-10-02T10:26:08.450+0300: 101.041: [DefNew: 2238601K->1676K(2516544K), 0.0013874 secs] 2242307K->5382K(8108992K), 0.0014387 secs] [Times: user=0.00 sys=0.00, real=0.00 secs] 
2024-10-02T10:26:08.450+0300: 101.043: Total time for which application threads were stopped: 0.0016880 seconds, Stopping threads took: 0.0001524 seconds
2024-10-02T10:26:16.234+0300: 108.813: Application time: 7.7706875 seconds
2024-10-02T10:26:16.234+0300: 108.814: [GC (Allocation Failure) 2024-10-02T10:26:16.234+0300: 108.814: [DefNew: 2238604K->1679K(2516544K), 0.0014202 secs] 2242310K->5385K(8108992K), 0.0014961 secs] [Times: user=0.00 sys=0.00, real=0.00 secs] 
2024-10-02T10:26:16.234+0300: 108.815: Total time for which application threads were stopped: 0.0019036 seconds, Stopping threads took: 0.0002641 seconds
2024-10-02T10:26:23.985+0300: 116.578: Application time: 7.7623739 seconds
2024-10-02T10:26:23.985+0300: 116.578: [GC (Allocation Failure) 2024-10-02T10:26:23.985+0300: 116.578: [DefNew: 2238607K->1678K(2516544K), 0.0015241 secs] 2242313K->5383K(8108992K), 0.0015882 secs] [Times: user=0.00 sys=0.00, real=0.02 secs] 
2024-10-02T10:26:24.000+0300: 116.580: Total time for which application threads were stopped: 0.0019079 seconds, Stopping threads took: 0.0001877 seconds
2024-10-02T10:26:28.017+0300: 120.596: Application time: 4.0168091 seconds
2024-10-02T10:26:28.017+0300: 120.597: Total time for which application threads were stopped: 0.0002108 seconds, Stopping threads took: 0.0001639 seconds
2024-10-02T10:26:31.752+0300: 124.343: Application time: 3.7458835 seconds
2024-10-02T10:26:31.752+0300: 124.343: [GC (Allocation Failure) 2024-10-02T10:26:31.752+0300: 124.343: [DefNew: 2238606K->1427K(2516544K), 0.0015262 secs] 2242311K->5390K(8108992K), 0.0015794 secs] [Times: user=0.00 sys=0.00, real=0.01 secs] 
2024-10-02T10:26:31.764+0300: 124.344: Total time for which application threads were stopped: 0.0018614 seconds, Stopping threads took: 0.0001816 seconds
2024-10-02T10:26:39.567+0300: 132.149: Application time: 7.8043696 seconds
2024-10-02T10:26:39.567+0300: 132.149: [GC (Allocation Failure) 2024-10-02T10:26:39.567+0300: 132.149: [DefNew: 2238355K->1426K(2516544K), 0.0011098 secs] 2242318K->5394K(8108992K), 0.0011647 secs] [Times: user=0.00 sys=0.00, real=0.00 secs] 
2024-10-02T10:26:39.570+0300: 132.150: Total time for which application threads were stopped: 0.0013902 seconds, Stopping threads took: 0.0001252 seconds
2024-10-02T10:26:47.335+0300: 139.928: Application time: 7.7782633 seconds
2024-10-02T10:26:47.335+0300: 139.929: [GC (Allocation Failure) 2024-10-02T10:26:47.335+0300: 139.929: [DefNew: 2238354K->1418K(2516544K), 0.0010609 secs] 2242322K->5398K(8108992K), 0.0011332 secs] [Times: user=0.00 sys=0.00, real=0.00 secs] 
2024-10-02T10:26:47.335+0300: 139.930: Total time for which application threads were stopped: 0.0014741 seconds, Stopping threads took: 0.0002174 seconds
2024-10-02T10:26:55.134+0300: 147.716: Application time: 7.7863436 seconds
2024-10-02T10:26:55.134+0300: 147.717: [GC (Allocation Failure) 2024-10-02T10:26:55.134+0300: 147.717: [DefNew: 2238346K->1418K(2516544K), 0.0012851 secs] 2242326K->5401K(8108992K), 0.0013649 secs] [Times: user=0.00 sys=0.00, real=0.00 secs] 
2024-10-02T10:26:55.134+0300: 147.718: Total time for which application threads were stopped: 0.0017646 seconds, Stopping threads took: 0.0002762 seconds
2024-10-02T10:27:02.904+0300: 155.486: Application time: 7.7683182 seconds
2024-10-02T10:27:02.904+0300: 155.487: [GC (Allocation Failure) 2024-10-02T10:27:02.904+0300: 155.487: [DefNew: 2238346K->1417K(2516544K), 0.0010648 secs] 2242329K->5404K(8108992K), 0.0011326 secs] [Times: user=0.00 sys=0.00, real=0.00 secs] 
2024-10-02T10:27:02.904+0300: 155.488: Total time for which application threads were stopped: 0.0013862 seconds, Stopping threads took: 0.0001429 seconds
2024-10-02T10:27:10.684+0300: 163.275: Application time: 7.7871578 seconds
2024-10-02T10:27:10.684+0300: 163.275: [GC (Allocation Failure) 2024-10-02T10:27:10.684+0300: 163.275: [DefNew: 2238345K->1417K(2516544K), 0.0010535 secs] 2242332K->5407K(8108992K), 0.0011102 secs] [Times: user=0.00 sys=0.00, real=0.00 secs] 
2024-10-02T10:27:10.684+0300: 163.276: Total time for which application threads were stopped: 0.0013717 seconds, Stopping threads took: 0.0001542 seconds
2024-10-02T10:27:18.451+0300: 171.040: Application time: 7.7634031 seconds
2024-10-02T10:27:18.451+0300: 171.040: [GC (Allocation Failure) 2024-10-02T10:27:18.451+0300: 171.040: [DefNew: 2238345K->1417K(2516544K), 0.0010955 secs] 2242335K->5410K(8108992K), 0.0011523 secs] [Times: user=0.00 sys=0.00, real=0.00 secs] 
2024-10-02T10:27:18.451+0300: 171.041: Total time for which application threads were stopped: 0.0013764 seconds, Stopping threads took: 0.0001019 seconds
2024-10-02T10:27:19.455+0300: 172.035: Application time: 0.9935193 seconds
2024-10-02T10:27:19.455+0300: 172.035: Total time for which application threads were stopped: 0.0002688 seconds, Stopping threads took: 0.0001789 seconds
2024-10-02T10:27:26.220+0300: 178.802: Application time: 6.7668292 seconds
2024-10-02T10:27:26.220+0300: 178.802: [GC (Allocation Failure) 2024-10-02T10:27:26.220+0300: 178.802: [DefNew: 2238345K->1417K(2516544K), 0.0009790 secs] 2242338K->5413K(8108992K), 0.0010408 secs] [Times: user=0.00 sys=0.00, real=0.00 secs] 
2024-10-02T10:27:26.220+0300: 178.803: Total time for which application threads were stopped: 0.0013012 seconds, Stopping threads took: 0.0001460 seconds
2024-10-02T10:27:33.986+0300: 186.576: Application time: 7.7729912 seconds
2024-10-02T10:27:33.986+0300: 186.576: [GC (Allocation Failure) 2024-10-02T10:27:33.986+0300: 186.576: [DefNew: 2238345K->1416K(2516544K), 0.0011361 secs] 2242341K->5415K(8108992K), 0.0012148 secs] [Times: user=0.00 sys=0.00, real=0.00 secs] 
2024-10-02T10:27:33.986+0300: 186.578: Total time for which application threads were stopped: 0.0015131 seconds, Stopping threads took: 0.0001676 seconds
2024-10-02T10:27:34.991+0300: 187.570: Application time: 0.9927449 seconds
2024-10-02T10:27:34.991+0300: 187.571: Total time for which application threads were stopped: 0.0002557 seconds, Stopping threads took: 0.0001927 seconds
2024-10-02T10:27:41.740+0300: 194.332: Application time: 6.7615282 seconds
2024-10-02T10:27:41.740+0300: 194.332: [GC (Allocation Failure) 2024-10-02T10:27:41.740+0300: 194.332: [DefNew: 2238344K->1412K(2516544K), 0.0011829 secs] 2242343K->5414K(8108992K), 0.0012534 secs] [Times: user=0.00 sys=0.00, real=0.01 secs] 
2024-10-02T10:27:41.754+0300: 194.334: Total time for which application threads were stopped: 0.0016102 seconds, Stopping threads took: 0.0002332 seconds
2024-10-02T10:27:49.557+0300: 202.141: Application time: 7.8071759 seconds
2024-10-02T10:27:49.557+0300: 202.141: [GC (Allocation Failure) 2024-10-02T10:27:49.557+0300: 202.141: [DefNew: 2238340K->1226K(2516544K), 0.0009890 secs] 2242342K->5231K(8108992K), 0.0010506 secs] [Times: user=0.00 sys=0.00, real=0.01 secs] 
2024-10-02T10:27:49.562+0300: 202.142: Total time for which application threads were stopped: 0.0012628 seconds, Stopping threads took: 0.0000972 seconds
2024-10-02T10:27:57.358+0300: 209.947: Application time: 7.8047131 seconds
2024-10-02T10:27:57.358+0300: 209.947: [GC (Allocation Failure) 2024-10-02T10:27:57.358+0300: 209.947: [DefNew: 2238154K->1416K(2516544K), 0.0009638 secs] 2242159K->5424K(8108992K), 0.0010221 secs] [Times: user=0.00 sys=0.00, real=0.00 secs] 
2024-10-02T10:27:57.358+0300: 209.948: Total time for which application threads were stopped: 0.0012218 seconds, Stopping threads took: 0.0001041 seconds
2024-10-02T10:28:05.630+0300: 218.218: Application time: 8.2695526 seconds
2024-10-02T10:28:05.630+0300: 218.218: [GC (Allocation Failure) 2024-10-02T10:28:05.630+0300: 218.218: [DefNew: 2238344K->1417K(2516544K), 0.0011882 secs] 2242352K->5427K(8108992K), 0.0012659 secs] [Times: user=0.00 sys=0.00, real=0.00 secs] 
2024-10-02T10:28:05.630+0300: 218.219: Total time for which application threads were stopped: 0.0015027 seconds, Stopping threads took: 0.0001246 seconds
2024-10-02T10:28:13.540+0300: 226.130: Application time: 7.9110931 seconds
2024-10-02T10:28:13.540+0300: 226.130: [GC (Allocation Failure) 2024-10-02T10:28:13.540+0300: 226.131: [DefNew: 2238345K->1408K(2516544K), 0.0010968 secs] 2242355K->5422K(8108992K), 0.0011637 secs] [Times: user=0.01 sys=0.00, real=0.01 secs] 
2024-10-02T10:28:13.552+0300: 226.132: Total time for which application threads were stopped: 0.0014639 seconds, Stopping threads took: 0.0001876 seconds
2024-10-02T10:28:17.574+0300: 230.154: Application time: 4.0221091 seconds
2024-10-02T10:28:17.574+0300: 230.154: Total time for which application threads were stopped: 0.0001910 seconds, Stopping threads took: 0.0001325 seconds
2024-10-02T10:28:21.388+0300: 233.975: Application time: 3.8210123 seconds
2024-10-02T10:28:21.388+0300: 233.975: [GC (Allocation Failure) 2024-10-02T10:28:21.388+0300: 233.975: [DefNew: 2238336K->1417K(2516544K), 0.0013341 secs] 2242350K->5434K(8108992K), 0.0013946 secs] [Times: user=0.02 sys=0.00, real=0.00 secs] 
2024-10-02T10:28:21.388+0300: 233.977: Total time for which application threads were stopped: 0.0016792 seconds, Stopping threads took: 0.0001262 seconds
2024-10-02T10:28:25.406+0300: 237.986: Application time: 4.0089577 seconds
2024-10-02T10:28:25.406+0300: 237.986: Total time for which application threads were stopped: 0.0002272 seconds, Stopping threads took: 0.0001517 seconds
2024-10-02T10:28:29.257+0300: 241.840: Application time: 3.8539613 seconds
2024-10-02T10:28:29.257+0300: 241.840: [GC (Allocation Failure) 2024-10-02T10:28:29.257+0300: 241.840: [DefNew: 2238345K->1412K(2516544K), 0.0010077 secs] 2242362K->5432K(8108992K), 0.0010765 secs] [Times: user=0.00 sys=0.00, real=0.00 secs] 
2024-10-02T10:28:29.261+0300: 241.841: Total time for which application threads were stopped: 0.0013069 seconds, Stopping threads took: 0.0001239 seconds
2024-10-02T10:28:37.071+0300: 249.655: Application time: 7.8141277 seconds
2024-10-02T10:28:37.071+0300: 249.656: [GC (Allocation Failure) 2024-10-02T10:28:37.071+0300: 249.656: [DefNew: 2238340K->1416K(2516544K), 0.0010564 secs] 2242360K->5439K(8108992K), 0.0011173 secs] [Times: user=0.00 sys=0.00, real=0.00 secs] 
2024-10-02T10:28:37.077+0300: 249.657: Total time for which application threads were stopped: 0.0016470 seconds, Stopping threads took: 0.0003106 seconds
2024-10-02T10:28:44.897+0300: 257.488: Application time: 7.8310228 seconds
2024-10-02T10:28:44.897+0300: 257.488: [GC (Allocation Failure) 2024-10-02T10:28:44.897+0300: 257.488: [DefNew: 2238344K->1415K(2516544K), 0.0011417 secs] 2242367K->5442K(8108992K), 0.0012034 secs] [Times: user=0.00 sys=0.00, real=0.00 secs] 
2024-10-02T10:28:44.897+0300: 257.489: Total time for which application threads were stopped: 0.0014614 seconds, Stopping threads took: 0.0001361 seconds
2024-10-02T10:28:44.991+0300: 257.572: Application time: 0.0821829 seconds
2024-10-02T10:28:44.991+0300: 257.572: Total time for which application threads were stopped: 0.0003380 seconds, Stopping threads took: 0.0002704 seconds
2024-10-02T10:28:45.116+0300: 257.703: Application time: 0.1308535 seconds
2024-10-02T10:28:45.116+0300: 257.703: Total time for which application threads were stopped: 0.0001792 seconds, Stopping threads took: 0.0001301 seconds
2024-10-02T10:28:45.195+0300: 257.781: Application time: 0.0780227 seconds
2024-10-02T10:28:45.195+0300: 257.781: Total time for which application threads were stopped: 0.0001203 seconds, Stopping threads took: 0.0000822 seconds
2024-10-02T10:28:45.336+0300: 257.925: Application time: 0.1443223 seconds
2024-10-02T10:28:45.336+0300: 257.926: Total time for which application threads were stopped: 0.0001429 seconds, Stopping threads took: 0.0001067 seconds
2024-10-02T10:28:45.399+0300: 257.984: Application time: 0.0583469 seconds
2024-10-02T10:28:45.399+0300: 257.984: Total time for which application threads were stopped: 0.0001079 seconds, Stopping threads took: 0.0000635 seconds
2024-10-02T10:28:45.493+0300: 258.085: Application time: 0.1010475 seconds
2024-10-02T10:28:45.509+0300: 258.089: Total time for which application threads were stopped: 0.0035027 seconds, Stopping threads took: 0.0034009 seconds
2024-10-02T10:28:46.513+0300: 259.093: Application time: 1.0043639 seconds
2024-10-02T10:28:46.513+0300: 259.093: Total time for which application threads were stopped: 0.0002616 seconds, Stopping threads took: 0.0001928 seconds
2024-10-02T10:28:51.536+0300: 264.116: Application time: 5.0224966 seconds
2024-10-02T10:28:51.536+0300: 264.116: Total time for which application threads were stopped: 0.0002621 seconds, Stopping threads took: 0.0002015 seconds
2024-10-02T10:28:52.839+0300: 265.427: Application time: 1.3108335 seconds
2024-10-02T10:28:52.839+0300: 265.427: [GC (Allocation Failure) 2024-10-02T10:28:52.839+0300: 265.427: [DefNew: 2238343K->1427K(2516544K), 0.0010629 secs] 2242370K->5456K(8108992K), 0.0012296 secs] [Times: user=0.00 sys=0.00, real=0.00 secs] 
2024-10-02T10:28:52.839+0300: 265.428: Total time for which application threads were stopped: 0.0014993 seconds, Stopping threads took: 0.0001444 seconds
2024-10-02T10:29:00.718+0300: 273.305: Application time: 7.8765495 seconds
2024-10-02T10:29:00.718+0300: 273.305: [GC (Allocation Failure) 2024-10-02T10:29:00.718+0300: 273.305: [DefNew: 2238355K->1428K(2516544K), 0.0012088 secs] 2242384K->5460K(8108992K), 0.0012695 secs] [Times: user=0.00 sys=0.00, real=0.01 secs] 
2024-10-02T10:29:00.727+0300: 273.306: Total time for which application threads were stopped: 0.0015131 seconds, Stopping threads took: 0.0001336 seconds
2024-10-02T10:29:08.550+0300: 281.137: Application time: 7.8305248 seconds
2024-10-02T10:29:08.550+0300: 281.137: [GC (Allocation Failure) 2024-10-02T10:29:08.550+0300: 281.137: [DefNew: 2238356K->1428K(2516544K), 0.0010022 secs] 2242388K->5463K(8108992K), 0.0010614 secs] [Times: user=0.00 sys=0.00, real=0.00 secs] 
2024-10-02T10:29:08.550+0300: 281.138: Total time for which application threads were stopped: 0.0013231 seconds, Stopping threads took: 0.0001593 seconds
2024-10-02T10:29:16.366+0300: 288.956: Application time: 7.8181576 seconds
2024-10-02T10:29:16.366+0300: 288.957: [GC (Allocation Failure) 2024-10-02T10:29:16.366+0300: 288.957: [DefNew: 2238356K->1428K(2516544K), 0.0013052 secs] 2242391K->5466K(8108992K), 0.0013829 secs] [Times: user=0.00 sys=0.00, real=0.00 secs] 
2024-10-02T10:29:16.366+0300: 288.958: Total time for which application threads were stopped: 0.0016826 seconds, Stopping threads took: 0.0001868 seconds
2024-10-02T10:29:24.150+0300: 296.732: Application time: 7.7738447 seconds
2024-10-02T10:29:24.150+0300: 296.732: [GC (Allocation Failure) 2024-10-02T10:29:24.150+0300: 296.732: [DefNew: 2238356K->1428K(2516544K), 0.0010362 secs] 2242394K->5469K(8108992K), 0.0011013 secs] [Times: user=0.00 sys=0.00, real=0.00 secs] 
2024-10-02T10:29:24.150+0300: 296.733: Total time for which application threads were stopped: 0.0013644 seconds, Stopping threads took: 0.0001539 seconds
2024-10-02T10:29:31.933+0300: 304.520: Application time: 7.7863682 seconds
2024-10-02T10:29:31.933+0300: 304.520: [GC (Allocation Failure) 2024-10-02T10:29:31.933+0300: 304.520: [DefNew: 2238356K->1428K(2516544K), 0.0010535 secs] 2242397K->5472K(8108992K), 0.0011095 secs] [Times: user=0.00 sys=0.00, real=0.00 secs] 
2024-10-02T10:29:31.933+0300: 304.521: Total time for which application threads were stopped: 0.0013591 seconds, Stopping threads took: 0.0001575 seconds
2024-10-02T10:29:39.717+0300: 312.303: Application time: 7.7820350 seconds
2024-10-02T10:29:39.717+0300: 312.303: [GC (Allocation Failure) 2024-10-02T10:29:39.717+0300: 312.303: [DefNew: 2238356K->1428K(2516544K), 0.0009595 secs] 2242400K->5475K(8108992K), 0.0010070 secs] [Times: user=0.00 sys=0.00, real=0.00 secs] 
2024-10-02T10:29:39.717+0300: 312.304: Total time for which application threads were stopped: 0.0012749 seconds, Stopping threads took: 0.0001752 seconds
2024-10-02T10:29:47.503+0300: 320.098: Application time: 7.7938747 seconds
2024-10-02T10:29:47.519+0300: 320.099: [GC (Allocation Failure) 2024-10-02T10:29:47.519+0300: 320.099: [DefNew: 2238356K->1428K(2516544K), 0.0009367 secs] 2242403K->5478K(8108992K), 0.0009957 secs] [Times: user=0.00 sys=0.00, real=0.00 secs] 
2024-10-02T10:29:47.519+0300: 320.100: Total time for which application threads were stopped: 0.0013163 seconds, Stopping threads took: 0.0001781 seconds
2024-10-02T10:29:55.309+0300: 327.891: Application time: 7.7917358 seconds
2024-10-02T10:29:55.309+0300: 327.892: [GC (Allocation Failure) 2024-10-02T10:29:55.309+0300: 327.892: [DefNew: 2238356K->1428K(2516544K), 0.0010681 secs] 2242406K->5481K(8108992K), 0.0011227 secs] [Times: user=0.00 sys=0.00, real=0.00 secs] 
2024-10-02T10:29:55.309+0300: 327.893: Total time for which application threads were stopped: 0.0013990 seconds, Stopping threads took: 0.0001720 seconds
2024-10-02T10:30:03.124+0300: 335.708: Application time: 7.8150922 seconds
2024-10-02T10:30:03.124+0300: 335.708: [GC (Allocation Failure) 2024-10-02T10:30:03.124+0300: 335.708: [DefNew: 2238356K->1428K(2516544K), 0.0009494 secs] 2242409K->5484K(8108992K), 0.0010019 secs] [Times: user=0.00 sys=0.00, real=0.00 secs] 
2024-10-02T10:30:03.124+0300: 335.709: Total time for which application threads were stopped: 0.0012548 seconds, Stopping threads took: 0.0001616 seconds
2024-10-02T10:30:10.938+0300: 343.519: Application time: 7.8101378 seconds
2024-10-02T10:30:10.938+0300: 343.519: [GC (Allocation Failure) 2024-10-02T10:30:10.938+0300: 343.519: [DefNew: 2238356K->1428K(2516544K), 0.0009473 secs] 2242412K->5487K(8108992K), 0.0009918 secs] [Times: user=0.00 sys=0.00, real=0.00 secs] 
2024-10-02T10:30:10.938+0300: 343.520: Total time for which application threads were stopped: 0.0012371 seconds, Stopping threads took: 0.0001473 seconds
2024-10-02T10:30:18.763+0300: 351.353: Application time: 7.8321162 seconds
2024-10-02T10:30:18.763+0300: 351.353: [GC (Allocation Failure) 2024-10-02T10:30:18.763+0300: 351.353: [DefNew: 2238356K->1428K(2516544K), 0.0009384 secs] 2242415K->5490K(8108992K), 0.0009911 secs] [Times: user=0.00 sys=0.00, real=0.00 secs] 
2024-10-02T10:30:18.763+0300: 351.354: Total time for which application threads were stopped: 0.0012283 seconds, Stopping threads took: 0.0001345 seconds
2024-10-02T10:30:26.609+0300: 359.204: Application time: 7.8498741 seconds
2024-10-02T10:30:26.609+0300: 359.204: [GC (Allocation Failure) 2024-10-02T10:30:26.609+0300: 359.204: [DefNew: 2238356K->1428K(2516544K), 0.0011968 secs] 2242418K->5493K(8108992K), 0.0012478 secs] [Times: user=0.00 sys=0.00, real=0.02 secs] 
2024-10-02T10:30:26.624+0300: 359.205: Total time for which application threads were stopped: 0.0014962 seconds, Stopping threads took: 0.0001455 seconds
2024-10-02T10:30:34.423+0300: 367.003: Application time: 7.7978648 seconds
2024-10-02T10:30:34.423+0300: 367.003: [GC (Allocation Failure) 2024-10-02T10:30:34.423+0300: 367.003: [DefNew: 2238356K->1428K(2516544K), 0.0010359 secs] 2242421K->5496K(8108992K), 0.0011004 secs] [Times: user=0.00 sys=0.00, real=0.00 secs] 
2024-10-02T10:30:34.423+0300: 367.004: Total time for which application threads were stopped: 0.0013517 seconds, Stopping threads took: 0.0001383 seconds
2024-10-02T10:30:42.240+0300: 374.825: Application time: 7.8211066 seconds
2024-10-02T10:30:42.240+0300: 374.826: [GC (Allocation Failure) 2024-10-02T10:30:42.240+0300: 374.826: [DefNew: 2238356K->1428K(2516544K), 0.0009159 secs] 2242424K->5499K(8108992K), 0.0009642 secs] [Times: user=0.00 sys=0.00, real=0.00 secs] 
2024-10-02T10:30:42.240+0300: 374.827: Total time for which application threads were stopped: 0.0011612 seconds, Stopping threads took: 0.0001012 seconds
2024-10-02T10:30:50.055+0300: 382.635: Application time: 7.8079102 seconds
2024-10-02T10:30:50.055+0300: 382.635: [GC (Allocation Failure) 2024-10-02T10:30:50.055+0300: 382.635: [DefNew: 2238356K->1415K(2516544K), 0.0009811 secs] 2242427K->5502K(8108992K), 0.0010324 secs] [Times: user=0.00 sys=0.00, real=0.00 secs] 
2024-10-02T10:30:50.055+0300: 382.636: Total time for which application threads were stopped: 0.0012776 seconds, Stopping threads took: 0.0001415 seconds
2024-10-02T10:30:57.870+0300: 390.457: Application time: 7.8211311 seconds
2024-10-02T10:30:57.870+0300: 390.457: [GC (Allocation Failure) 2024-10-02T10:30:57.870+0300: 390.457: [DefNew: 2238343K->1415K(2516544K), 0.0009348 secs] 2242430K->5505K(8108992K), 0.0009889 secs] [Times: user=0.00 sys=0.00, real=0.00 secs] 
2024-10-02T10:30:57.870+0300: 390.458: Total time for which application threads were stopped: 0.0012738 seconds, Stopping threads took: 0.0001888 seconds
2024-10-02T10:31:05.701+0300: 398.286: Application time: 7.8277588 seconds
2024-10-02T10:31:05.701+0300: 398.286: [GC (Allocation Failure) 2024-10-02T10:31:05.701+0300: 398.286: [DefNew: 2238343K->1287K(2516544K), 0.0009221 secs] 2242433K->5379K(8108992K), 0.0009703 secs] [Times: user=0.00 sys=0.00, real=0.00 secs] 
2024-10-02T10:31:05.701+0300: 398.287: Total time for which application threads were stopped: 0.0012365 seconds, Stopping threads took: 0.0001708 seconds
2024-10-02T10:31:13.512+0300: 406.094: Application time: 7.8063010 seconds
2024-10-02T10:31:13.512+0300: 406.094: [GC (Allocation Failure) 2024-10-02T10:31:13.512+0300: 406.094: [DefNew: 2238215K->1415K(2516544K), 0.0008766 secs] 2242307K->5510K(8108992K), 0.0009238 secs] [Times: user=0.00 sys=0.00, real=0.00 secs] 
2024-10-02T10:31:13.512+0300: 406.095: Total time for which application threads were stopped: 0.0011886 seconds, Stopping threads took: 0.0001672 seconds
2024-10-02T10:31:21.328+0300: 413.922: Application time: 7.8275854 seconds
2024-10-02T10:31:21.328+0300: 413.923: [GC (Allocation Failure) 2024-10-02T10:31:21.328+0300: 413.923: [DefNew: 2238343K->1416K(2516544K), 0.0011079 secs] 2242438K->5514K(8108992K), 0.0011601 secs] [Times: user=0.00 sys=0.00, real=0.01 secs] 
2024-10-02T10:31:21.343+0300: 413.924: Total time for which application threads were stopped: 0.0014267 seconds, Stopping threads took: 0.0001692 seconds
2024-10-02T10:31:29.223+0300: 421.809: Application time: 7.8853926 seconds
2024-10-02T10:31:29.223+0300: 421.809: [GC (Allocation Failure) 2024-10-02T10:31:29.223+0300: 421.809: [DefNew: 2238344K->1416K(2516544K), 0.0010566 secs] 2242442K->5517K(8108992K), 0.0011191 secs] [Times: user=0.00 sys=0.00, real=0.00 secs] 
2024-10-02T10:31:29.223+0300: 421.811: Total time for which application threads were stopped: 0.0013584 seconds, Stopping threads took: 0.0001185 seconds
2024-10-02T10:31:37.055+0300: 429.641: Application time: 7.8308148 seconds
2024-10-02T10:31:37.055+0300: 429.642: [GC (Allocation Failure) 2024-10-02T10:31:37.055+0300: 429.642: [DefNew: 2238344K->1416K(2516544K), 0.0010525 secs] 2242445K->5520K(8108992K), 0.0011016 secs] [Times: user=0.00 sys=0.00, real=0.00 secs] 
2024-10-02T10:31:37.055+0300: 429.643: Total time for which application threads were stopped: 0.0013644 seconds, Stopping threads took: 0.0001723 seconds
2024-10-02T10:31:44.868+0300: 437.448: Application time: 7.8054906 seconds
2024-10-02T10:31:44.868+0300: 437.448: [GC (Allocation Failure) 2024-10-02T10:31:44.868+0300: 437.448: [DefNew: 2238344K->1415K(2516544K), 0.0011527 secs] 2242448K->5522K(8108992K), 0.0012257 secs] [Times: user=0.00 sys=0.00, real=0.00 secs] 
2024-10-02T10:31:44.868+0300: 437.450: Total time for which application threads were stopped: 0.0014813 seconds, Stopping threads took: 0.0001326 seconds
2024-10-02T10:31:52.684+0300: 445.274: Application time: 7.8245039 seconds
2024-10-02T10:31:52.684+0300: 445.274: [GC (Allocation Failure) 2024-10-02T10:31:52.684+0300: 445.274: [DefNew: 2238343K->1410K(2516544K), 0.0009220 secs] 2242450K->5521K(8108992K), 0.0009715 secs] [Times: user=0.00 sys=0.00, real=0.00 secs] 
2024-10-02T10:31:52.684+0300: 445.275: Total time for which application threads were stopped: 0.0012734 seconds, Stopping threads took: 0.0001978 seconds
2024-10-02T10:32:00.514+0300: 453.094: Application time: 7.8189350 seconds
2024-10-02T10:32:00.514+0300: 453.095: [GC (Allocation Failure) 2024-10-02T10:32:00.514+0300: 453.095: [DefNew: 2238338K->1411K(2516544K), 0.0010403 secs] 2242449K->5524K(8108992K), 0.0011150 secs] [Times: user=0.00 sys=0.00, real=0.00 secs] 
2024-10-02T10:32:00.514+0300: 453.096: Total time for which application threads were stopped: 0.0014375 seconds, Stopping threads took: 0.0002212 seconds
2024-10-02T10:32:08.329+0300: 460.923: Application time: 7.8272173 seconds
2024-10-02T10:32:08.329+0300: 460.923: [GC (Allocation Failure) 2024-10-02T10:32:08.329+0300: 460.923: [DefNew: 2238339K->1415K(2516544K), 0.0009333 secs] 2242452K->5531K(8108992K), 0.0009804 secs] [Times: user=0.00 sys=0.00, real=0.00 secs] 
2024-10-02T10:32:08.329+0300: 460.924: Total time for which application threads were stopped: 0.0012339 seconds, Stopping threads took: 0.0001563 seconds
2024-10-02T10:32:16.143+0300: 468.726: Application time: 7.8022117 seconds
2024-10-02T10:32:16.143+0300: 468.727: [GC (Allocation Failure) 2024-10-02T10:32:16.143+0300: 468.727: [DefNew: 2238343K->1415K(2516544K), 0.0009129 secs] 2242459K->5534K(8108992K), 0.0009569 secs] [Times: user=0.00 sys=0.00, real=0.00 secs] 
2024-10-02T10:32:16.143+0300: 468.728: Total time for which application threads were stopped: 0.0011979 seconds, Stopping threads took: 0.0001521 seconds
2024-10-02T10:32:23.173+0300: 475.753: Application time: 7.0248716 seconds
2024-10-02T10:32:23.173+0300: 475.753: Total time for which application threads were stopped: 0.0002181 seconds, Stopping threads took: 0.0001673 seconds
2024-10-02T10:32:24.021+0300: 476.614: Application time: 0.8610396 seconds
2024-10-02T10:32:24.021+0300: 476.614: [GC (Allocation Failure) 2024-10-02T10:32:24.021+0300: 476.614: [DefNew: 2238343K->1415K(2516544K), 0.0009205 secs] 2242462K->5537K(8108992K), 0.0009683 secs] [Times: user=0.00 sys=0.00, real=0.00 secs] 
2024-10-02T10:32:24.021+0300: 476.615: Total time for which application threads were stopped: 0.0012168 seconds, Stopping threads took: 0.0001491 seconds
2024-10-02T10:32:31.851+0300: 484.433: Application time: 7.8176955 seconds
2024-10-02T10:32:31.851+0300: 484.433: [GC (Allocation Failure) 2024-10-02T10:32:31.851+0300: 484.433: [DefNew: 2238343K->1411K(2516544K), 0.0009486 secs] 2242465K->5536K(8108992K), 0.0010000 secs] [Times: user=0.00 sys=0.00, real=0.00 secs] 
2024-10-02T10:32:31.851+0300: 484.434: Total time for which application threads were stopped: 0.0012382 seconds, Stopping threads took: 0.0001403 seconds
2024-10-02T10:32:39.703+0300: 492.288: Application time: 7.8542885 seconds
2024-10-02T10:32:39.703+0300: 492.288: [GC (Allocation Failure) 2024-10-02T10:32:39.703+0300: 492.289: [DefNew: 2238339K->1415K(2516544K), 0.0009974 secs] 2242464K->5543K(8108992K), 0.0010528 secs] [Times: user=0.01 sys=0.00, real=0.00 secs] 
2024-10-02T10:32:39.703+0300: 492.290: Total time for which application threads were stopped: 0.0012999 seconds, Stopping threads took: 0.0001465 seconds
2024-10-02T10:32:47.278+0300: 499.868: Application time: 7.5783729 seconds
2024-10-02T10:32:47.278+0300: 499.868: Total time for which application threads were stopped: 0.0002379 seconds, Stopping threads took: 0.0001755 seconds
2024-10-02T10:32:47.294+0300: 499.878: Application time: 0.0096168 seconds
2024-10-02T10:32:47.294+0300: 499.878: Total time for which application threads were stopped: 0.0001117 seconds, Stopping threads took: 0.0000848 seconds
2024-10-02T10:32:47.357+0300: 499.951: Application time: 0.0730584 seconds
2024-10-02T10:32:47.357+0300: 499.951: Total time for which application threads were stopped: 0.0001554 seconds, Stopping threads took: 0.0001056 seconds
2024-10-02T10:32:47.592+0300: 500.176: Application time: 0.2246363 seconds
2024-10-02T10:32:47.608+0300: 500.188: Total time for which application threads were stopped: 0.0117156 seconds, Stopping threads took: 0.0116246 seconds
2024-10-02T10:32:47.764+0300: 500.347: Application time: 0.1591170 seconds
2024-10-02T10:32:47.764+0300: 500.347: [GC (Allocation Failure) 2024-10-02T10:32:47.764+0300: 500.347: [DefNew: 2238343K->1421K(2516544K), 0.0008886 secs] 2242471K->5552K(8108992K), 0.0009386 secs] [Times: user=0.00 sys=0.00, real=0.00 secs] 
2024-10-02T10:32:47.764+0300: 500.348: Total time for which application threads were stopped: 0.0011691 seconds, Stopping threads took: 0.0001430 seconds
2024-10-02T10:32:48.768+0300: 501.348: Application time: 0.9997027 seconds
2024-10-02T10:32:48.768+0300: 501.348: Total time for which application threads were stopped: 0.0002140 seconds, Stopping threads took: 0.0001535 seconds
2024-10-02T10:32:51.781+0300: 504.360: Application time: 3.0125783 seconds
2024-10-02T10:32:51.781+0300: 504.361: Total time for which application threads were stopped: 0.0002454 seconds, Stopping threads took: 0.0001828 seconds
2024-10-02T10:32:55.594+0300: 508.183: Application time: 3.8219573 seconds
2024-10-02T10:32:55.594+0300: 508.183: [GC (Allocation Failure) 2024-10-02T10:32:55.594+0300: 508.183: [DefNew: 2238349K->1421K(2516544K), 0.0011151 secs] 2242480K->5555K(8108992K), 0.0011842 secs] [Times: user=0.00 sys=0.00, real=0.00 secs] 
2024-10-02T10:32:55.594+0300: 508.184: Total time for which application threads were stopped: 0.0014437 seconds, Stopping threads took: 0.0001424 seconds
2024-10-02T10:33:03.546+0300: 516.125: Application time: 7.9411700 seconds
2024-10-02T10:33:03.546+0300: 516.125: [GC (Allocation Failure) 2024-10-02T10:33:03.546+0300: 516.125: [DefNew: 2238349K->1420K(2516544K), 0.0011149 secs] 2242483K->5557K(8108992K), 0.0011668 secs] [Times: user=0.00 sys=0.00, real=0.00 secs] 
2024-10-02T10:33:03.546+0300: 516.127: Total time for which application threads were stopped: 0.0014013 seconds, Stopping threads took: 0.0001174 seconds
2024-10-02T10:33:11.364+0300: 523.948: Application time: 7.8216785 seconds
2024-10-02T10:33:11.364+0300: 523.948: [GC (Allocation Failure) 2024-10-02T10:33:11.364+0300: 523.948: [DefNew: 2238348K->1421K(2516544K), 0.0009799 secs] 2242485K->5560K(8108992K), 0.0010410 secs] [Times: user=0.00 sys=0.00, real=0.00 secs] 
2024-10-02T10:33:11.364+0300: 523.950: Total time for which application threads were stopped: 0.0012936 seconds, Stopping threads took: 0.0001479 seconds
2024-10-02T10:33:19.181+0300: 531.766: Application time: 7.8167597 seconds
2024-10-02T10:33:19.181+0300: 531.767: [GC (Allocation Failure) 2024-10-02T10:33:19.181+0300: 531.767: [DefNew: 2238349K->1416K(2516544K), 0.0009868 secs] 2242488K->5559K(8108992K), 0.0010530 secs] [Times: user=0.00 sys=0.00, real=0.00 secs] 
2024-10-02T10:33:19.181+0300: 531.768: Total time for which application threads were stopped: 0.0013359 seconds, Stopping threads took: 0.0001812 seconds
2024-10-02T10:33:27.359+0300: 539.941: Application time: 8.1735816 seconds
2024-10-02T10:33:27.359+0300: 539.941: [GC (Allocation Failure) 2024-10-02T10:33:27.359+0300: 539.942: [DefNew: 2238344K->1416K(2516544K), 0.0012845 secs] 2242487K->5561K(8108992K), 0.0013449 secs] [Times: user=0.00 sys=0.00, real=0.00 secs] 
2024-10-02T10:33:27.359+0300: 539.943: Total time for which application threads were stopped: 0.0016675 seconds, Stopping threads took: 0.0002189 seconds
2024-10-02T10:33:35.159+0300: 547.754: Application time: 7.8115503 seconds
2024-10-02T10:33:35.175+0300: 547.755: [GC (Allocation Failure) 2024-10-02T10:33:35.175+0300: 547.755: [DefNew: 2238344K->1420K(2516544K), 0.0010904 secs] 2242489K->5568K(8108992K), 0.0011480 secs] [Times: user=0.00 sys=0.00, real=0.00 secs] 
2024-10-02T10:33:35.175+0300: 547.756: Total time for which application threads were stopped: 0.0014149 seconds, Stopping threads took: 0.0001678 seconds
2024-10-02T10:33:42.957+0300: 555.544: Application time: 7.7884546 seconds
2024-10-02T10:33:42.957+0300: 555.544: [GC (Allocation Failure) 2024-10-02T10:33:42.957+0300: 555.545: [DefNew: 2238348K->1420K(2516544K), 0.0009093 secs] 2242496K->5571K(8108992K), 0.0009569 secs] [Times: user=0.00 sys=0.00, real=0.00 secs] 
2024-10-02T10:33:42.957+0300: 555.545: Total time for which application threads were stopped: 0.0011851 seconds, Stopping threads took: 0.0001383 seconds
2024-10-02T10:33:50.833+0300: 563.426: Application time: 7.8807530 seconds
2024-10-02T10:33:50.833+0300: 563.426: [GC (Allocation Failure) 2024-10-02T10:33:50.833+0300: 563.426: [DefNew: 2238348K->1421K(2516544K), 0.0009107 secs] 2242499K->5575K(8108992K), 0.0009637 secs] [Times: user=0.00 sys=0.00, real=0.00 secs] 
2024-10-02T10:33:50.833+0300: 563.427: Total time for which application threads were stopped: 0.0012011 seconds, Stopping threads took: 0.0001387 seconds
2024-10-02T10:33:58.682+0300: 571.262: Application time: 7.8341682 seconds
2024-10-02T10:33:58.682+0300: 571.262: [GC (Allocation Failure) 2024-10-02T10:33:58.682+0300: 571.262: [DefNew: 2238349K->1421K(2516544K), 0.0010458 secs] 2242503K->5578K(8108992K), 0.0011104 secs] [Times: user=0.00 sys=0.00, real=0.00 secs] 
2024-10-02T10:33:58.683+0300: 571.263: Total time for which application threads were stopped: 0.0013815 seconds, Stopping threads took: 0.0001700 seconds
2024-10-02T10:34:06.481+0300: 579.065: Application time: 7.8023269 seconds
2024-10-02T10:34:06.481+0300: 579.066: [GC (Allocation Failure) 2024-10-02T10:34:06.481+0300: 579.066: [DefNew: 2238349K->1420K(2516544K), 0.0010485 secs] 2242506K->5581K(8108992K), 0.0010974 secs] [Times: user=0.00 sys=0.00, real=0.00 secs] 
2024-10-02T10:34:06.481+0300: 579.067: Total time for which application threads were stopped: 0.0013402 seconds, Stopping threads took: 0.0001527 seconds
2024-10-02T10:34:14.311+0300: 586.901: Application time: 7.8345562 seconds
2024-10-02T10:34:14.311+0300: 586.902: [GC (Allocation Failure) 2024-10-02T10:34:14.311+0300: 586.902: [DefNew: 2238348K->1287K(2516544K), 0.0012787 secs] 2242509K->5450K(8108992K), 0.0013853 secs] [Times: user=0.00 sys=0.00, real=0.00 secs] 
2024-10-02T10:34:14.311+0300: 586.903: Total time for which application threads were stopped: 0.0017542 seconds, Stopping threads took: 0.0002216 seconds
2024-10-02T10:34:17.324+0300: 589.904: Application time: 3.0009750 seconds
2024-10-02T10:34:17.324+0300: 589.904: Total time for which application threads were stopped: 0.0002130 seconds, Stopping threads took: 0.0001559 seconds
2024-10-02T10:34:22.111+0300: 594.702: Application time: 4.7982794 seconds
2024-10-02T10:34:22.111+0300: 594.703: [GC (Allocation Failure) 2024-10-02T10:34:22.111+0300: 594.703: [DefNew: 2238215K->1415K(2516544K), 0.0010251 secs] 2242378K->5581K(8108992K), 0.0010804 secs] [Times: user=0.00 sys=0.00, real=0.00 secs] 
2024-10-02T10:34:22.111+0300: 594.704: Total time for which application threads were stopped: 0.0013640 seconds, Stopping threads took: 0.0001756 seconds
2024-10-02T10:34:29.942+0300: 602.526: Application time: 7.8219577 seconds
2024-10-02T10:34:29.942+0300: 602.526: [GC (Allocation Failure) 2024-10-02T10:34:29.942+0300: 602.526: [DefNew: 2238343K->1416K(2516544K), 0.0009640 secs] 2242509K->5585K(8108992K), 0.0010124 secs] [Times: user=0.00 sys=0.00, real=0.00 secs] 
2024-10-02T10:34:29.942+0300: 602.527: Total time for which application threads were stopped: 0.0012699 seconds, Stopping threads took: 0.0001642 seconds
2024-10-02T10:34:37.824+0300: 610.416: Application time: 7.8894264 seconds
2024-10-02T10:34:37.824+0300: 610.417: [GC (Allocation Failure) 2024-10-02T10:34:37.824+0300: 610.417: [DefNew: 2238344K->1421K(2516544K), 0.0010033 secs] 2242513K->5593K(8108992K), 0.0010651 secs] [Times: user=0.00 sys=0.00, real=0.00 secs] 
2024-10-02T10:34:37.824+0300: 610.418: Total time for which application threads were stopped: 0.0013484 seconds, Stopping threads took: 0.0001772 seconds
2024-10-02T10:34:45.639+0300: 618.222: Application time: 7.8040243 seconds
2024-10-02T10:34:45.639+0300: 618.222: [GC (Allocation Failure) 2024-10-02T10:34:45.639+0300: 618.222: [DefNew: 2238349K->1415K(2516544K), 0.0010788 secs] 2242521K->5596K(8108992K), 0.0011384 secs] [Times: user=0.00 sys=0.00, real=0.00 secs] 
2024-10-02T10:34:45.639+0300: 618.223: Total time for which application threads were stopped: 0.0013780 seconds, Stopping threads took: 0.0001385 seconds
2024-10-02T10:34:53.442+0300: 626.031: Application time: 7.8072739 seconds
2024-10-02T10:34:53.442+0300: 626.031: [GC (Allocation Failure) 2024-10-02T10:34:53.442+0300: 626.031: [DefNew: 2238343K->1415K(2516544K), 0.0010063 secs] 2242524K->5599K(8108992K), 0.0010664 secs] [Times: user=0.00 sys=0.00, real=0.00 secs] 
2024-10-02T10:34:53.442+0300: 626.032: Total time for which application threads were stopped: 0.0013030 seconds, Stopping threads took: 0.0001262 seconds
2024-10-02T10:35:01.267+0300: 633.857: Application time: 7.8249635 seconds
2024-10-02T10:35:01.267+0300: 633.857: [GC (Allocation Failure) 2024-10-02T10:35:01.267+0300: 633.857: [DefNew: 2238343K->1415K(2516544K), 0.0010794 secs] 2242527K->5601K(8108992K), 0.0011379 secs] [Times: user=0.00 sys=0.00, real=0.00 secs] 
2024-10-02T10:35:01.267+0300: 633.858: Total time for which application threads were stopped: 0.0013649 seconds, Stopping threads took: 0.0001268 seconds
2024-10-02T10:35:09.114+0300: 641.702: Application time: 7.8439379 seconds
2024-10-02T10:35:09.114+0300: 641.702: [GC (Allocation Failure) 2024-10-02T10:35:09.114+0300: 641.702: [DefNew: 2238343K->1415K(2516544K), 0.0010318 secs] 2242529K->5604K(8108992K), 0.0010919 secs] [Times: user=0.00 sys=0.00, real=0.00 secs] 
2024-10-02T10:35:09.114+0300: 641.703: Total time for which application threads were stopped: 0.0013258 seconds, Stopping threads took: 0.0001278 seconds
2024-10-02T10:35:16.946+0300: 649.538: Application time: 7.8349411 seconds
2024-10-02T10:35:16.946+0300: 649.539: [GC (Allocation Failure) 2024-10-02T10:35:16.946+0300: 649.539: [DefNew: 2238343K->1410K(2516544K), 0.0010242 secs] 2242532K->5603K(8108992K), 0.0010814 secs] [Times: user=0.00 sys=0.00, real=0.00 secs] 
2024-10-02T10:35:16.946+0300: 649.540: Total time for which application threads were stopped: 0.0013185 seconds, Stopping threads took: 0.0001379 seconds
2024-10-02T10:35:24.776+0300: 657.363: Application time: 7.8230964 seconds
2024-10-02T10:35:24.776+0300: 657.363: [GC (Allocation Failure) 2024-10-02T10:35:24.776+0300: 657.363: [DefNew: 2238338K->1416K(2516544K), 0.0009738 secs] 2242531K->5611K(8108992K), 0.0010283 secs] [Times: user=0.00 sys=0.00, real=0.00 secs] 
2024-10-02T10:35:24.776+0300: 657.364: Total time for which application threads were stopped: 0.0013101 seconds, Stopping threads took: 0.0001750 seconds
2024-10-02T10:35:32.611+0300: 665.194: Application time: 7.8294855 seconds
2024-10-02T10:35:32.611+0300: 665.194: [GC (Allocation Failure) 2024-10-02T10:35:32.611+0300: 665.194: [DefNew: 2238344K->1411K(2516544K), 0.0010271 secs] 2242539K->5609K(8108992K), 0.0010880 secs] [Times: user=0.00 sys=0.00, real=0.00 secs] 
2024-10-02T10:35:32.611+0300: 665.195: Total time for which application threads were stopped: 0.0013665 seconds, Stopping threads took: 0.0001596 seconds
2024-10-02T10:35:40.440+0300: 673.033: Application time: 7.8382545 seconds
2024-10-02T10:35:40.440+0300: 673.033: [GC (Allocation Failure) 2024-10-02T10:35:40.440+0300: 673.033: [DefNew: 2238339K->1416K(2516544K), 0.0009871 secs] 2242537K->5616K(8108992K), 0.0010511 secs] [Times: user=0.00 sys=0.00, real=0.00 secs] 
2024-10-02T10:35:40.440+0300: 673.035: Total time for which application threads were stopped: 0.0013374 seconds, Stopping threads took: 0.0001753 seconds
2024-10-02T10:35:48.286+0300: 680.880: Application time: 7.8457350 seconds
2024-10-02T10:35:48.286+0300: 680.880: [GC (Allocation Failure) 2024-10-02T10:35:48.286+0300: 680.880: [DefNew: 2238344K->1416K(2516544K), 0.0012157 secs] 2242544K->5620K(8108992K), 0.0012813 secs] [Times: user=0.02 sys=0.00, real=0.02 secs] 
2024-10-02T10:35:48.302+0300: 680.882: Total time for which application threads were stopped: 0.0014949 seconds, Stopping threads took: 0.0001040 seconds
2024-10-02T10:35:56.134+0300: 688.719: Application time: 7.8372847 seconds
2024-10-02T10:35:56.134+0300: 688.719: [GC (Allocation Failure) 2024-10-02T10:35:56.134+0300: 688.719: [DefNew: 2238344K->1415K(2516544K), 0.0011215 secs] 2242548K->5622K(8108992K), 0.0011785 secs] [Times: user=0.00 sys=0.00, real=0.00 secs] 
2024-10-02T10:35:56.134+0300: 688.720: Total time for which application threads were stopped: 0.0014146 seconds, Stopping threads took: 0.0001272 seconds
2024-10-02T10:36:03.966+0300: 696.561: Application time: 7.8408834 seconds
2024-10-02T10:36:03.982+0300: 696.562: [GC (Allocation Failure) 2024-10-02T10:36:03.982+0300: 696.562: [DefNew: 2238343K->1416K(2516544K), 0.0011659 secs] 2242550K->5625K(8108992K), 0.0012357 secs] [Times: user=0.00 sys=0.00, real=0.00 secs] 
2024-10-02T10:36:03.982+0300: 696.563: Total time for which application threads were stopped: 0.0015815 seconds, Stopping threads took: 0.0002239 seconds
2024-10-02T10:36:11.846+0300: 704.433: Application time: 7.8695961 seconds
2024-10-02T10:36:11.846+0300: 704.433: [GC (Allocation Failure) 2024-10-02T10:36:11.846+0300: 704.433: [DefNew: 2238344K->1416K(2516544K), 0.0009955 secs] 2242553K->5628K(8108992K), 0.0010474 secs] [Times: user=0.00 sys=0.00, real=0.00 secs] 
2024-10-02T10:36:11.846+0300: 704.434: Total time for which application threads were stopped: 0.0013151 seconds, Stopping threads took: 0.0001772 seconds
2024-10-02T10:36:19.693+0300: 712.277: Application time: 7.8430493 seconds
2024-10-02T10:36:19.693+0300: 712.277: [GC (Allocation Failure) 2024-10-02T10:36:19.693+0300: 712.277: [DefNew: 2238344K->1416K(2516544K), 0.0009796 secs] 2242556K->5631K(8108992K), 0.0010362 secs] [Times: user=0.00 sys=0.00, real=0.01 secs] 
2024-10-02T10:36:19.699+0300: 712.278: Total time for which application threads were stopped: 0.0012533 seconds, Stopping threads took: 0.0001144 seconds
2024-10-02T10:36:27.696+0300: 720.281: Application time: 8.0031952 seconds
2024-10-02T10:36:27.696+0300: 720.282: [GC (Allocation Failure) 2024-10-02T10:36:27.696+0300: 720.282: [DefNew: 2238344K->1416K(2516544K), 0.0011565 secs] 2242559K->5634K(8108992K), 0.0012289 secs] [Times: user=0.00 sys=0.00, real=0.00 secs] 
2024-10-02T10:36:27.696+0300: 720.283: Total time for which application threads were stopped: 0.0015029 seconds, Stopping threads took: 0.0001520 seconds
2024-10-02T10:36:35.530+0300: 728.123: Application time: 7.8404970 seconds
2024-10-02T10:36:35.530+0300: 728.124: [GC (Allocation Failure) 2024-10-02T10:36:35.530+0300: 728.124: [DefNew: 2238344K->1416K(2516544K), 0.0009533 secs] 2242562K->5637K(8108992K), 0.0010172 secs] [Times: user=0.00 sys=0.00, real=0.00 secs] 
2024-10-02T10:36:35.530+0300: 728.125: Total time for which application threads were stopped: 0.0014021 seconds, Stopping threads took: 0.0002763 seconds
2024-10-02T10:36:43.378+0300: 735.966: Application time: 7.8412672 seconds
2024-10-02T10:36:43.378+0300: 735.966: [GC (Allocation Failure) 2024-10-02T10:36:43.378+0300: 735.966: [DefNew: 2238344K->1416K(2516544K), 0.0009496 secs] 2242565K->5640K(8108992K), 0.0010087 secs] [Times: user=0.00 sys=0.00, real=0.00 secs] 
2024-10-02T10:36:43.378+0300: 735.967: Total time for which application threads were stopped: 0.0012443 seconds, Stopping threads took: 0.0001351 seconds
2024-10-02T10:36:48.383+0300: 740.965: Application time: 4.9979126 seconds
2024-10-02T10:36:48.383+0300: 740.965: Total time for which application threads were stopped: 0.0001717 seconds, Stopping threads took: 0.0001238 seconds
2024-10-02T10:36:48.869+0300: 741.459: Application time: 0.4939873 seconds
2024-10-02T10:36:48.869+0300: 741.460: Total time for which application threads were stopped: 0.0001625 seconds, Stopping threads took: 0.0001202 seconds
2024-10-02T10:36:48.900+0300: 741.486: Application time: 0.0269179 seconds
2024-10-02T10:36:48.900+0300: 741.487: Total time for which application threads were stopped: 0.0001246 seconds, Stopping threads took: 0.0000817 seconds
2024-10-02T10:36:48.963+0300: 741.552: Application time: 0.0653023 seconds
2024-10-02T10:36:48.963+0300: 741.552: Total time for which application threads were stopped: 0.0001065 seconds, Stopping threads took: 0.0000685 seconds
2024-10-02T10:36:49.324+0300: 741.912: Application time: 0.3597293 seconds
2024-10-02T10:36:49.324+0300: 741.912: Total time for which application threads were stopped: 0.0001934 seconds, Stopping threads took: 0.0001728 seconds
2024-10-02T10:36:50.329+0300: 742.908: Application time: 0.9964420 seconds
2024-10-02T10:36:50.329+0300: 742.909: Total time for which application threads were stopped: 0.0002685 seconds, Stopping threads took: 0.0001651 seconds
2024-10-02T10:36:51.474+0300: 744.057: Application time: 1.1480016 seconds
2024-10-02T10:36:51.474+0300: 744.057: [GC (Allocation Failure) 2024-10-02T10:36:51.474+0300: 744.057: [DefNew: 2238344K->1418K(2516544K), 0.0012844 secs] 2242568K->5645K(8108992K), 0.0014787 secs] [Times: user=0.00 sys=0.00, real=0.00 secs] 
2024-10-02T10:36:51.474+0300: 744.058: Total time for which application threads were stopped: 0.0017339 seconds, Stopping threads took: 0.0001375 seconds
2024-10-02T10:36:59.320+0300: 751.906: Application time: 7.8480137 seconds
2024-10-02T10:36:59.320+0300: 751.907: [GC (Allocation Failure) 2024-10-02T10:36:59.320+0300: 751.907: [DefNew: 2238346K->1421K(2516544K), 0.0010309 secs] 2242573K->5651K(8108992K), 0.0010936 secs] [Times: user=0.00 sys=0.00, real=0.00 secs] 
2024-10-02T10:36:59.320+0300: 751.908: Total time for which application threads were stopped: 0.0013525 seconds, Stopping threads took: 0.0001510 seconds
2024-10-02T10:37:07.138+0300: 759.731: Application time: 7.8231605 seconds
2024-10-02T10:37:07.138+0300: 759.731: [GC (Allocation Failure) 2024-10-02T10:37:07.138+0300: 759.731: [DefNew: 2238349K->1421K(2516544K), 0.0010654 secs] 2242579K->5654K(8108992K), 0.0011302 secs] [Times: user=0.00 sys=0.00, real=0.00 secs] 
2024-10-02T10:37:07.138+0300: 759.732: Total time for which application threads were stopped: 0.0013962 seconds, Stopping threads took: 0.0001647 seconds
2024-10-02T10:37:14.970+0300: 767.554: Application time: 7.8218305 seconds
2024-10-02T10:37:14.970+0300: 767.554: [GC (Allocation Failure) 2024-10-02T10:37:14.970+0300: 767.554: [DefNew: 2238349K->1421K(2516544K), 0.0009901 secs] 2242582K->5657K(8108992K), 0.0010478 secs] [Times: user=0.00 sys=0.00, real=0.00 secs] 
2024-10-02T10:37:14.970+0300: 767.555: Total time for which application threads were stopped: 0.0012918 seconds, Stopping threads took: 0.0001289 seconds
2024-10-02T10:37:18.987+0300: 771.567: Application time: 4.0115537 seconds
2024-10-02T10:37:18.987+0300: 771.567: Total time for which application threads were stopped: 0.0003104 seconds, Stopping threads took: 0.0002527 seconds
2024-10-02T10:37:22.769+0300: 775.359: Application time: 3.7912434 seconds
2024-10-02T10:37:22.769+0300: 775.359: [GC (Allocation Failure) 2024-10-02T10:37:22.769+0300: 775.359: [DefNew: 2238349K->1421K(2516544K), 0.0009999 secs] 2242585K->5660K(8108992K), 0.0010676 secs] [Times: user=0.00 sys=0.00, real=0.00 secs] 
2024-10-02T10:37:22.769+0300: 775.360: Total time for which application threads were stopped: 0.0013319 seconds, Stopping threads took: 0.0001611 seconds
2024-10-02T10:37:30.586+0300: 783.176: Application time: 7.8158868 seconds
2024-10-02T10:37:30.586+0300: 783.176: [GC (Allocation Failure) 2024-10-02T10:37:30.586+0300: 783.176: [DefNew: 2238349K->1421K(2516544K), 0.0011172 secs] 2242588K->5663K(8108992K), 0.0011862 secs] [Times: user=0.00 sys=0.00, real=0.00 secs] 
2024-10-02T10:37:30.586+0300: 783.177: Total time for which application threads were stopped: 0.0015171 seconds, Stopping threads took: 0.0001935 seconds
2024-10-02T10:37:38.668+0300: 791.258: Application time: 8.0805508 seconds
2024-10-02T10:37:38.668+0300: 791.258: [GC (Allocation Failure) 2024-10-02T10:37:38.668+0300: 791.258: [DefNew: 2238349K->1416K(2516544K), 0.0010363 secs] 2242591K->5661K(8108992K), 0.0011020 secs] [Times: user=0.00 sys=0.00, real=0.00 secs] 
2024-10-02T10:37:38.668+0300: 791.259: Total time for which application threads were stopped: 0.0013044 seconds, Stopping threads took: 0.0000990 seconds
2024-10-02T10:37:47.002+0300: 799.596: Application time: 8.3365153 seconds
2024-10-02T10:37:47.002+0300: 799.596: [GC (Allocation Failure) 2024-10-02T10:37:47.002+0300: 799.596: [DefNew: 2238344K->1421K(2516544K), 0.0013616 secs] 2242589K->5669K(8108992K), 0.0014326 secs] [Times: user=0.00 sys=0.00, real=0.01 secs] 
2024-10-02T10:37:47.017+0300: 799.597: Total time for which application threads were stopped: 0.0016560 seconds, Stopping threads took: 0.0001056 seconds
2024-10-02T10:37:55.083+0300: 807.670: Application time: 8.0727197 seconds
2024-10-02T10:37:55.083+0300: 807.670: [GC (Allocation Failure) 2024-10-02T10:37:55.083+0300: 807.670: [DefNew: 2238349K->1422K(2516544K), 0.0010402 secs] 2242597K->5673K(8108992K), 0.0011072 secs] [Times: user=0.00 sys=0.00, real=0.00 secs] 
2024-10-02T10:37:55.083+0300: 807.671: Total time for which application threads were stopped: 0.0013547 seconds, Stopping threads took: 0.0001397 seconds
2024-10-02T10:38:03.242+0300: 815.830: Application time: 8.1590247 seconds
2024-10-02T10:38:03.242+0300: 815.831: [GC (Allocation Failure) 2024-10-02T10:38:03.242+0300: 815.831: [DefNew: 2238350K->1422K(2516544K), 0.0009990 secs] 2242601K->5675K(8108992K), 0.0010533 secs] [Times: user=0.00 sys=0.00, real=0.00 secs] 
2024-10-02T10:38:03.242+0300: 815.832: Total time for which application threads were stopped: 0.0012905 seconds, Stopping threads took: 0.0001375 seconds
2024-10-02T10:38:11.489+0300: 824.069: Application time: 8.2374427 seconds
2024-10-02T10:38:11.489+0300: 824.069: [GC (Allocation Failure) 2024-10-02T10:38:11.489+0300: 824.069: [DefNew: 2238350K->1417K(2516544K), 0.0012286 secs] 2242603K->5674K(8108992K), 0.0012911 secs] [Times: user=0.02 sys=0.00, real=0.00 secs] 
2024-10-02T10:38:11.489+0300: 824.071: Total time for which application threads were stopped: 0.0015130 seconds, Stopping threads took: 0.0001069 seconds
2024-10-02T10:38:19.627+0300: 832.209: Application time: 8.1387253 seconds
2024-10-02T10:38:19.627+0300: 832.210: [GC (Allocation Failure) 2024-10-02T10:38:19.627+0300: 832.210: [DefNew: 2238345K->1416K(2516544K), 0.0011310 secs] 2242602K->5676K(8108992K), 0.0012184 secs] [Times: user=0.02 sys=0.00, real=0.00 secs] 
2024-10-02T10:38:19.627+0300: 832.211: Total time for which application threads were stopped: 0.0015448 seconds, Stopping threads took: 0.0002025 seconds
2024-10-02T10:38:27.836+0300: 840.416: Application time: 8.2053686 seconds
2024-10-02T10:38:27.836+0300: 840.417: [GC (Allocation Failure) 2024-10-02T10:38:27.836+0300: 840.417: [DefNew: 2238344K->1420K(2516544K), 0.0010476 secs] 2242604K->5682K(8108992K), 0.0011187 secs] [Times: user=0.00 sys=0.00, real=0.00 secs] 
2024-10-02T10:38:27.836+0300: 840.418: Total time for which application threads were stopped: 0.0019820 seconds, Stopping threads took: 0.0007520 seconds
2024-10-02T10:38:40.068+0300: 852.651: Application time: 12.2331366 seconds
2024-10-02T10:38:40.077+0300: 852.658: [GC (Allocation Failure) 2024-10-02T10:38:40.077+0300: 852.658: [DefNew: 2238348K->1418K(2516544K), 0.0012722 secs] 2242610K->5684K(8108992K), 0.0013903 secs] [Times: user=0.00 sys=0.00, real=0.00 secs] 
2024-10-02T10:38:40.080+0300: 852.659: Total time for which application threads were stopped: 0.0079813 seconds, Stopping threads took: 0.0063823 seconds
2024-10-02T10:38:50.907+0300: 863.487: Application time: 10.8279637 seconds
2024-10-02T10:38:50.907+0300: 863.488: [GC (Allocation Failure) 2024-10-02T10:38:50.907+0300: 863.488: [DefNew: 2238346K->1420K(2516544K), 0.0011721 secs] 2242612K->5689K(8108992K), 0.0013266 secs] [Times: user=0.00 sys=0.00, real=0.00 secs] 
2024-10-02T10:38:50.909+0300: 863.489: Total time for which application threads were stopped: 0.0015516 seconds, Stopping threads took: 0.0001165 seconds
2024-10-02T10:38:59.617+0300: 872.196: Application time: 8.7071035 seconds
2024-10-02T10:38:59.617+0300: 872.196: [GC (Allocation Failure) 2024-10-02T10:38:59.617+0300: 872.196: [DefNew: 2238348K->1415K(2516544K), 0.0010611 secs] 2242617K->5691K(8108992K), 0.0011186 secs] [Times: user=0.00 sys=0.00, real=0.00 secs] 
2024-10-02T10:38:59.618+0300: 872.197: Total time for which application threads were stopped: 0.0013281 seconds, Stopping threads took: 0.0001083 seconds
2024-10-02T10:39:08.248+0300: 880.828: Application time: 8.6303782 seconds
2024-10-02T10:39:08.248+0300: 880.828: [GC (Allocation Failure) 2024-10-02T10:39:08.248+0300: 880.828: [DefNew: 2238343K->1413K(2516544K), 0.0010440 secs] 2242619K->5693K(8108992K), 0.0011023 secs] [Times: user=0.00 sys=0.00, real=0.00 secs] 
2024-10-02T10:39:08.249+0300: 880.829: Total time for which application threads were stopped: 0.0013491 seconds, Stopping threads took: 0.0001440 seconds
2024-10-02T10:39:16.897+0300: 889.477: Application time: 8.6480623 seconds
2024-10-02T10:39:16.897+0300: 889.477: [GC (Allocation Failure) 2024-10-02T10:39:16.897+0300: 889.477: [DefNew: 2238341K->1412K(2516544K), 0.0012124 secs] 2242621K->5695K(8108992K), 0.0012846 secs] [Times: user=0.00 sys=0.00, real=0.00 secs] 
2024-10-02T10:39:16.898+0300: 889.479: Total time for which application threads were stopped: 0.0015492 seconds, Stopping threads took: 0.0001550 seconds
2024-10-02T10:39:25.781+0300: 898.361: Application time: 8.8821926 seconds
2024-10-02T10:39:25.782+0300: 898.361: [GC (Allocation Failure) 2024-10-02T10:39:25.782+0300: 898.361: [DefNew: 2238340K->1415K(2516544K), 0.0010457 secs] 2242623K->5701K(8108992K), 0.0011081 secs] [Times: user=0.00 sys=0.00, real=0.00 secs] 
2024-10-02T10:39:25.783+0300: 898.362: Total time for which application threads were stopped: 0.0013466 seconds, Stopping threads took: 0.0001333 seconds
2024-10-02T10:39:34.063+0300: 906.657: Application time: 8.2944002 seconds
2024-10-02T10:39:34.063+0300: 906.657: [GC (Allocation Failure) 2024-10-02T10:39:34.063+0300: 906.657: [DefNew: 2238343K->1411K(2516544K), 0.0011798 secs] 2242629K->5700K(8108992K), 0.0012486 secs] [Times: user=0.00 sys=0.00, real=0.02 secs] 
2024-10-02T10:39:34.079+0300: 906.658: Total time for which application threads were stopped: 0.0015510 seconds, Stopping threads took: 0.0001868 seconds
2024-10-02T10:39:42.648+0300: 915.239: Application time: 8.5810035 seconds
2024-10-02T10:39:42.648+0300: 915.239: [GC (Allocation Failure) 2024-10-02T10:39:42.648+0300: 915.239: [DefNew: 2238339K->1416K(2516544K), 0.0010743 secs] 2242628K->5708K(8108992K), 0.0011402 secs] [Times: user=0.02 sys=0.00, real=0.00 secs] 
2024-10-02T10:39:42.648+0300: 915.241: Total time for which application threads were stopped: 0.0013688 seconds, Stopping threads took: 0.0001214 seconds
2024-10-02T10:39:51.198+0300: 923.786: Application time: 8.5453605 seconds
2024-10-02T10:39:51.198+0300: 923.786: [GC (Allocation Failure) 2024-10-02T10:39:51.198+0300: 923.786: [DefNew: 2238344K->1416K(2516544K), 0.0012482 secs] 2242636K->5710K(8108992K), 0.0013175 secs] [Times: user=0.00 sys=0.00, real=0.00 secs] 
2024-10-02T10:39:51.198+0300: 923.788: Total time for which application threads were stopped: 0.0015928 seconds, Stopping threads took: 0.0001411 seconds
2024-10-02T10:39:59.722+0300: 932.312: Application time: 8.5247562 seconds
2024-10-02T10:39:59.722+0300: 932.313: [GC (Allocation Failure) 2024-10-02T10:39:59.722+0300: 932.313: [DefNew: 2238344K->1416K(2516544K), 0.0011317 secs] 2242638K->5714K(8108992K), 0.0011989 secs] [Times: user=0.00 sys=0.00, real=0.00 secs] 
2024-10-02T10:39:59.722+0300: 932.314: Total time for which application threads were stopped: 0.0014073 seconds, Stopping threads took: 0.0000923 seconds
2024-10-02T10:40:07.873+0300: 940.457: Application time: 8.1435284 seconds
2024-10-02T10:40:07.873+0300: 940.457: [GC (Allocation Failure) 2024-10-02T10:40:07.873+0300: 940.458: [DefNew: 2238344K->1414K(2516544K), 0.0011314 secs] 2242642K->5715K(8108992K), 0.0012084 secs] [Times: user=0.00 sys=0.00, real=0.00 secs] 
2024-10-02T10:40:07.873+0300: 940.459: Total time for which application threads were stopped: 0.0014460 seconds, Stopping threads took: 0.0001269 seconds
2024-10-02T10:40:16.123+0300: 948.717: Application time: 8.2586133 seconds
2024-10-02T10:40:16.138+0300: 948.727: [GC (Allocation Failure) 2024-10-02T10:40:16.138+0300: 948.728: [DefNew: 2238342K->1415K(2516544K), 0.0009623 secs] 2242643K->5719K(8108992K), 0.0010497 secs] [Times: user=0.00 sys=0.00, real=0.00 secs] 
2024-10-02T10:40:16.138+0300: 948.729: Total time for which application threads were stopped: 0.0111908 seconds, Stopping threads took: 0.0100282 seconds
2024-10-02T10:40:24.661+0300: 957.243: Application time: 8.5146232 seconds
2024-10-02T10:40:24.661+0300: 957.243: [GC (Allocation Failure) 2024-10-02T10:40:24.661+0300: 957.243: [DefNew: 2238343K->1415K(2516544K), 0.0013866 secs] 2242647K->5722K(8108992K), 0.0014579 secs] [Times: user=0.00 sys=0.00, real=0.00 secs] 
2024-10-02T10:40:24.661+0300: 957.245: Total time for which application threads were stopped: 0.0017282 seconds, Stopping threads took: 0.0001476 seconds
2024-10-02T10:40:32.525+0300: 965.110: Application time: 7.8649894 seconds
2024-10-02T10:40:32.525+0300: 965.110: [GC (Allocation Failure) 2024-10-02T10:40:32.525+0300: 965.110: [DefNew: 2238343K->1415K(2516544K), 0.0010459 secs] 2242650K->5725K(8108992K), 0.0011270 secs] [Times: user=0.00 sys=0.00, real=0.00 secs] 
2024-10-02T10:40:32.525+0300: 965.111: Total time for which application threads were stopped: 0.0014067 seconds, Stopping threads took: 0.0001419 seconds
2024-10-02T10:40:40.371+0300: 972.963: Application time: 7.8513458 seconds
2024-10-02T10:40:40.371+0300: 972.963: [GC (Allocation Failure) 2024-10-02T10:40:40.371+0300: 972.963: [DefNew: 2238343K->1416K(2516544K), 0.0017587 secs] 2242653K->5728K(8108992K), 0.0018507 secs] [Times: user=0.00 sys=0.00, real=0.00 secs] 
2024-10-02T10:40:40.371+0300: 972.965: Total time for which application threads were stopped: 0.0021163 seconds, Stopping threads took: 0.0001375 seconds
2024-10-02T10:40:47.401+0300: 979.980: Application time: 7.0153430 seconds
2024-10-02T10:40:47.401+0300: 979.981: Total time for which application threads were stopped: 0.0006076 seconds, Stopping threads took: 0.0005300 seconds
2024-10-02T10:40:48.248+0300: 980.832: Application time: 0.8515141 seconds
2024-10-02T10:40:48.248+0300: 980.833: [GC (Allocation Failure) 2024-10-02T10:40:48.248+0300: 980.833: [DefNew: 2238344K->1416K(2516544K), 0.0019130 secs] 2242656K->5731K(8108992K), 0.0019994 secs] [Times: user=0.02 sys=0.00, real=0.00 secs] 
2024-10-02T10:40:48.248+0300: 980.835: Total time for which application threads were stopped: 0.0023303 seconds, Stopping threads took: 0.0001769 seconds
2024-10-02T10:40:49.989+0300: 982.577: Application time: 1.7426360 seconds
2024-10-02T10:40:49.989+0300: 982.577: Total time for which application threads were stopped: 0.0002106 seconds, Stopping threads took: 0.0000899 seconds
2024-10-02T10:40:51.088+0300: 983.678: Application time: 1.1007646 seconds
2024-10-02T10:40:51.088+0300: 983.678: Total time for which application threads were stopped: 0.0002147 seconds, Stopping threads took: 0.0001716 seconds
2024-10-02T10:40:56.331+0300: 988.924: Application time: 5.2460584 seconds
2024-10-02T10:40:56.331+0300: 988.925: [GC (Allocation Failure) 2024-10-02T10:40:56.331+0300: 988.925: [DefNew: 2238344K->1419K(2516544K), 0.0010886 secs] 2242659K->5738K(8108992K), 0.0011625 secs] [Times: user=0.00 sys=0.00, real=0.00 secs] 
2024-10-02T10:40:56.331+0300: 988.926: Total time for which application threads were stopped: 0.0014616 seconds, Stopping threads took: 0.0001486 seconds
2024-10-02T10:41:04.207+0300: 996.799: Application time: 7.8726485 seconds
2024-10-02T10:41:04.207+0300: 996.799: [GC (Allocation Failure) 2024-10-02T10:41:04.207+0300: 996.799: [DefNew: 2238347K->1421K(2516544K), 0.0012240 secs] 2242666K->5742K(8108992K), 0.0013004 secs] [Times: user=0.00 sys=0.00, real=0.01 secs] 
2024-10-02T10:41:04.220+0300: 996.800: Total time for which application threads were stopped: 0.0015874 seconds, Stopping threads took: 0.0001584 seconds
2024-10-02T10:41:12.131+0300: 1004.723: Application time: 7.9229344 seconds
2024-10-02T10:41:12.131+0300: 1004.723: [GC (Allocation Failure) 2024-10-02T10:41:12.131+0300: 1004.723: [DefNew: 2238349K->1421K(2516544K), 0.0012284 secs] 2242670K->5745K(8108992K), 0.0013003 secs] [Times: user=0.00 sys=0.00, real=0.01 secs] 
2024-10-02T10:41:12.144+0300: 1004.725: Total time for which application threads were stopped: 0.0015490 seconds, Stopping threads took: 0.0001362 seconds
2024-10-02T10:41:20.039+0300: 1012.626: Application time: 7.9017008 seconds
2024-10-02T10:41:20.039+0300: 1012.627: [GC (Allocation Failure) 2024-10-02T10:41:20.039+0300: 1012.627: [DefNew: 2238349K->1421K(2516544K), 0.0012756 secs] 2242673K->5748K(8108992K), 0.0013394 secs] [Times: user=0.00 sys=0.00, real=0.01 secs] 
2024-10-02T10:41:20.048+0300: 1012.628: Total time for which application threads were stopped: 0.0015799 seconds, Stopping threads took: 0.0001305 seconds
2024-10-02T10:41:24.072+0300: 1016.651: Application time: 4.0235151 seconds
2024-10-02T10:41:24.072+0300: 1016.652: Total time for which application threads were stopped: 0.0002463 seconds, Stopping threads took: 0.0001828 seconds
2024-10-02T10:41:27.885+0300: 1020.468: Application time: 3.8166669 seconds
2024-10-02T10:41:27.885+0300: 1020.469: [GC (Allocation Failure) 2024-10-02T10:41:27.885+0300: 1020.469: [DefNew: 2238349K->1421K(2516544K), 0.0012333 secs] 2242676K->5751K(8108992K), 0.0013060 secs] [Times: user=0.00 sys=0.00, real=0.00 secs] 
2024-10-02T10:41:27.885+0300: 1020.470: Total time for which application threads were stopped: 0.0015602 seconds, Stopping threads took: 0.0001367 seconds
2024-10-02T10:41:30.897+0300: 1023.477: Application time: 3.0066260 seconds
2024-10-02T10:41:30.897+0300: 1023.477: Total time for which application threads were stopped: 0.0002327 seconds, Stopping threads took: 0.0001647 seconds
2024-10-02T10:41:35.731+0300: 1028.322: Application time: 4.8449019 seconds
2024-10-02T10:41:35.731+0300: 1028.322: [GC (Allocation Failure) 2024-10-02T10:41:35.731+0300: 1028.322: [DefNew: 2238349K->1421K(2516544K), 0.0012463 secs] 2242679K->5754K(8108992K), 0.0013220 secs] [Times: user=0.00 sys=0.00, real=0.00 secs] 
2024-10-02T10:41:35.731+0300: 1028.323: Total time for which application threads were stopped: 0.0015797 seconds, Stopping threads took: 0.0001414 seconds
2024-10-02T10:41:43.595+0300: 1036.187: Application time: 7.8637300 seconds
2024-10-02T10:41:43.595+0300: 1036.187: [GC (Allocation Failure) 2024-10-02T10:41:43.595+0300: 1036.187: [DefNew: 2238349K->1421K(2516544K), 0.0012569 secs] 2242682K->5758K(8108992K), 0.0013294 secs] [Times: user=0.00 sys=0.00, real=0.00 secs] 
2024-10-02T10:41:43.595+0300: 1036.189: Total time for which application threads were stopped: 0.0015792 seconds, Stopping threads took: 0.0001338 seconds
2024-10-02T10:41:51.489+0300: 1044.080: Application time: 7.8913861 seconds
2024-10-02T10:41:51.489+0300: 1044.080: [GC (Allocation Failure) 2024-10-02T10:41:51.489+0300: 1044.080: [DefNew: 2238349K->1421K(2516544K), 0.0011344 secs] 2242686K->5761K(8108992K), 0.0011980 secs] [Times: user=0.00 sys=0.00, real=0.00 secs] 
2024-10-02T10:41:51.489+0300: 1044.081: Total time for which application threads were stopped: 0.0014707 seconds, Stopping threads took: 0.0001653 seconds
2024-10-02T10:41:59.303+0300: 1051.888: Application time: 7.8067371 seconds
2024-10-02T10:41:59.303+0300: 1051.888: [GC (Allocation Failure) 2024-10-02T10:41:59.303+0300: 1051.888: [DefNew: 2238349K->1421K(2516544K), 0.0010374 secs] 2242689K->5764K(8108992K), 0.0011000 secs] [Times: user=0.00 sys=0.00, real=0.00 secs] 
2024-10-02T10:41:59.303+0300: 1051.890: Total time for which application threads were stopped: 0.0014047 seconds, Stopping threads took: 0.0001991 seconds
2024-10-02T10:42:07.135+0300: 1059.725: Application time: 7.8355432 seconds
2024-10-02T10:42:07.135+0300: 1059.725: [GC (Allocation Failure) 2024-10-02T10:42:07.135+0300: 1059.725: [DefNew: 2238349K->1421K(2516544K), 0.0014143 secs] 2242692K->5766K(8108992K), 0.0014974 secs] [Times: user=0.01 sys=0.00, real=0.00 secs] 
2024-10-02T10:42:07.135+0300: 1059.727: Total time for which application threads were stopped: 0.0017898 seconds, Stopping threads took: 0.0001605 seconds
2024-10-02T10:42:14.949+0300: 1067.541: Application time: 7.8135899 seconds
2024-10-02T10:42:14.949+0300: 1067.541: [GC (Allocation Failure) 2024-10-02T10:42:14.949+0300: 1067.541: [DefNew: 2238349K->1422K(2516544K), 0.0011851 secs] 2242694K->5770K(8108992K), 0.0012602 secs] [Times: user=0.00 sys=0.00, real=0.00 secs] 
2024-10-02T10:42:14.949+0300: 1067.542: Total time for which application threads were stopped: 0.0015479 seconds, Stopping threads took: 0.0001294 seconds
2024-10-02T10:42:22.814+0300: 1075.405: Application time: 7.8625244 seconds
2024-10-02T10:42:22.814+0300: 1075.405: [GC (Allocation Failure) 2024-10-02T10:42:22.814+0300: 1075.405: [DefNew: 2238350K->1422K(2516544K), 0.0012280 secs] 2242698K->5773K(8108992K), 0.0012982 secs] [Times: user=0.00 sys=0.00, real=0.01 secs] 
2024-10-02T10:42:22.826+0300: 1075.406: Total time for which application threads were stopped: 0.0015436 seconds, Stopping threads took: 0.0001301 seconds
2024-10-02T10:42:30.659+0300: 1083.243: Application time: 7.8366005 seconds
2024-10-02T10:42:30.659+0300: 1083.243: [GC (Allocation Failure) 2024-10-02T10:42:30.659+0300: 1083.243: [DefNew: 2238350K->1422K(2516544K), 0.0012296 secs] 2242701K->5776K(8108992K), 0.0013124 secs] [Times: user=0.00 sys=0.00, real=0.01 secs] 
2024-10-02T10:42:30.664+0300: 1083.244: Total time for which application threads were stopped: 0.0016007 seconds, Stopping threads took: 0.0001658 seconds
2024-10-02T10:42:38.474+0300: 1091.064: Application time: 7.8195072 seconds
2024-10-02T10:42:38.474+0300: 1091.064: [GC (Allocation Failure) 2024-10-02T10:42:38.474+0300: 1091.064: [DefNew: 2238350K->1422K(2516544K), 0.0011466 secs] 2242704K->5779K(8108992K), 0.0012168 secs] [Times: user=0.00 sys=0.00, real=0.01 secs] 
2024-10-02T10:42:38.485+0300: 1091.065: Total time for which application threads were stopped: 0.0015550 seconds, Stopping threads took: 0.0002313 seconds
2024-10-02T10:42:46.305+0300: 1098.894: Application time: 7.8284611 seconds
2024-10-02T10:42:46.305+0300: 1098.894: [GC (Allocation Failure) 2024-10-02T10:42:46.305+0300: 1098.894: [DefNew: 2238350K->1421K(2516544K), 0.0011932 secs] 2242707K->5781K(8108992K), 0.0012587 secs] [Times: user=0.00 sys=0.00, real=0.01 secs] 
2024-10-02T10:42:46.315+0300: 1098.895: Total time for which application threads were stopped: 0.0014598 seconds, Stopping threads took: 0.0000982 seconds
2024-10-02T10:42:54.138+0300: 1106.731: Application time: 7.8357281 seconds
2024-10-02T10:42:54.138+0300: 1106.731: [GC (Allocation Failure) 2024-10-02T10:42:54.138+0300: 1106.731: [DefNew: 2238349K->1416K(2516544K), 0.0012185 secs] 2242709K->5785K(8108992K), 0.0013036 secs] [Times: user=0.00 sys=0.00, real=0.00 secs] 
2024-10-02T10:42:54.138+0300: 1106.733: Total time for which application threads were stopped: 0.0016022 seconds, Stopping threads took: 0.0001783 seconds
2024-10-02T10:43:01.987+0300: 1114.582: Application time: 7.8492013 seconds
2024-10-02T10:43:02.002+0300: 1114.582: [GC (Allocation Failure) 2024-10-02T10:43:02.002+0300: 1114.582: [DefNew: 2238344K->1415K(2516544K), 0.0012686 secs] 2242713K->5787K(8108992K), 0.0013521 secs] [Times: user=0.00 sys=0.00, real=0.00 secs] 
2024-10-02T10:43:02.002+0300: 1114.584: Total time for which application threads were stopped: 0.0016953 seconds, Stopping threads took: 0.0002050 seconds
2024-10-02T10:43:09.878+0300: 1122.468: Application time: 7.8846116 seconds
2024-10-02T10:43:09.878+0300: 1122.468: [GC (Allocation Failure) 2024-10-02T10:43:09.878+0300: 1122.469: [DefNew: 2238343K->1417K(2516544K), 0.0012173 secs] 2242715K->5791K(8108992K), 0.0013089 secs] [Times: user=0.00 sys=0.00, real=0.01 secs] 
2024-10-02T10:43:09.890+0300: 1122.470: Total time for which application threads were stopped: 0.0015951 seconds, Stopping threads took: 0.0001709 seconds
2024-10-02T10:43:17.740+0300: 1130.330: Application time: 7.8604559 seconds
2024-10-02T10:43:17.740+0300: 1130.330: [GC (Allocation Failure) 2024-10-02T10:43:17.740+0300: 1130.330: [DefNew: 2238345K->1416K(2516544K), 0.0010623 secs] 2242719K->5793K(8108992K), 0.0011249 secs] [Times: user=0.00 sys=0.00, real=0.00 secs] 
2024-10-02T10:43:17.740+0300: 1130.332: Total time for which application threads were stopped: 0.0013683 seconds, Stopping threads took: 0.0001336 seconds
2024-10-02T10:43:25.616+0300: 1138.196: Application time: 7.8638874 seconds
2024-10-02T10:43:25.616+0300: 1138.196: [GC (Allocation Failure) 2024-10-02T10:43:25.616+0300: 1138.196: [DefNew: 2238344K->1416K(2516544K), 0.0012103 secs] 2242721K->5796K(8108992K), 0.0012832 secs] [Times: user=0.00 sys=0.00, real=0.00 secs] 
2024-10-02T10:43:25.616+0300: 1138.197: Total time for which application threads were stopped: 0.0015326 seconds, Stopping threads took: 0.0001368 seconds
2024-10-02T10:43:33.509+0300: 1146.104: Application time: 7.9065390 seconds
2024-10-02T10:43:33.509+0300: 1146.104: [GC (Allocation Failure) 2024-10-02T10:43:33.509+0300: 1146.104: [DefNew: 2238344K->1416K(2516544K), 0.0010678 secs] 2242724K->5799K(8108992K), 0.0011266 secs] [Times: user=0.00 sys=0.00, real=0.02 secs] 
2024-10-02T10:43:33.525+0300: 1146.105: Total time for which application threads were stopped: 0.0014133 seconds, Stopping threads took: 0.0001797 seconds
2024-10-02T10:43:41.389+0300: 1153.980: Application time: 7.8753047 seconds
2024-10-02T10:43:41.389+0300: 1153.981: [GC (Allocation Failure) 2024-10-02T10:43:41.389+0300: 1153.981: [DefNew: 2238344K->1416K(2516544K), 0.0010080 secs] 2242727K->5802K(8108992K), 0.0010636 secs] [Times: user=0.00 sys=0.00, real=0.00 secs] 
2024-10-02T10:43:41.389+0300: 1153.982: Total time for which application threads were stopped: 0.0013253 seconds, Stopping threads took: 0.0001631 seconds
2024-10-02T10:43:49.236+0300: 1161.827: Application time: 7.8451774 seconds
2024-10-02T10:43:49.236+0300: 1161.827: [GC (Allocation Failure) 2024-10-02T10:43:49.236+0300: 1161.827: [DefNew: 2238344K->1416K(2516544K), 0.0012728 secs] 2242730K->5805K(8108992K), 0.0013448 secs] [Times: user=0.00 sys=0.00, real=0.00 secs] 
2024-10-02T10:43:49.236+0300: 1161.829: Total time for which application threads were stopped: 0.0016699 seconds, Stopping threads took: 0.0002115 seconds
2024-10-02T10:43:57.082+0300: 1169.666: Application time: 7.8374193 seconds
2024-10-02T10:43:57.082+0300: 1169.666: [GC (Allocation Failure) 2024-10-02T10:43:57.082+0300: 1169.666: [DefNew: 2238344K->1415K(2516544K), 0.0011589 secs] 2242733K->5807K(8108992K), 0.0012233 secs] [Times: user=0.00 sys=0.00, real=0.00 secs] 
2024-10-02T10:43:57.087+0300: 1169.667: Total time for which application threads were stopped: 0.0014971 seconds, Stopping threads took: 0.0001528 seconds
2024-10-02T10:44:04.929+0300: 1177.515: Application time: 7.8475499 seconds
2024-10-02T10:44:04.929+0300: 1177.515: [GC (Allocation Failure) 2024-10-02T10:44:04.929+0300: 1177.515: [DefNew: 2238343K->1411K(2516544K), 0.0011781 secs] 2242735K->5806K(8108992K), 0.0012527 secs] [Times: user=0.00 sys=0.00, real=0.01 secs] 
2024-10-02T10:44:04.936+0300: 1177.517: Total time for which application threads were stopped: 0.0015251 seconds, Stopping threads took: 0.0001493 seconds
2024-10-02T10:44:12.792+0300: 1185.384: Application time: 7.8675157 seconds
2024-10-02T10:44:12.792+0300: 1185.384: [GC (Allocation Failure) 2024-10-02T10:44:12.792+0300: 1185.384: [DefNew: 2238339K->1411K(2516544K), 0.0013184 secs] 2242734K->5810K(8108992K), 0.0013922 secs] [Times: user=0.00 sys=0.00, real=0.01 secs] 
2024-10-02T10:44:12.806+0300: 1185.386: Total time for which application threads were stopped: 0.0016658 seconds, Stopping threads took: 0.0001451 seconds
2024-10-02T10:44:20.652+0300: 1193.240: Application time: 7.8539059 seconds
2024-10-02T10:44:20.652+0300: 1193.240: [GC (Allocation Failure) 2024-10-02T10:44:20.652+0300: 1193.240: [DefNew: 2238339K->1415K(2516544K), 0.0010915 secs] 2242738K->5816K(8108992K), 0.0011540 secs] [Times: user=0.01 sys=0.00, real=0.00 secs] 
2024-10-02T10:44:20.652+0300: 1193.241: Total time for which application threads were stopped: 0.0014022 seconds, Stopping threads took: 0.0001400 seconds
2024-10-02T10:44:28.560+0300: 1201.145: Application time: 7.9042222 seconds
2024-10-02T10:44:28.560+0300: 1201.145: [GC (Allocation Failure) 2024-10-02T10:44:28.560+0300: 1201.145: [DefNew: 2238343K->1411K(2516544K), 0.0010917 secs] 2242744K->5816K(8108992K), 0.0011598 secs] [Times: user=0.00 sys=0.00, real=0.00 secs] 
2024-10-02T10:44:28.560+0300: 1201.147: Total time for which application threads were stopped: 0.0014209 seconds, Stopping threads took: 0.0001435 seconds
2024-10-02T10:44:36.394+0300: 1208.981: Application time: 7.8345451 seconds
2024-10-02T10:44:36.394+0300: 1208.981: [GC (Allocation Failure) 2024-10-02T10:44:36.394+0300: 1208.981: [DefNew: 2238339K->1414K(2516544K), 0.0010162 secs] 2242744K->5822K(8108992K), 0.0010771 secs] [Times: user=0.00 sys=0.00, real=0.00 secs] 
2024-10-02T10:44:36.394+0300: 1208.983: Total time for which application threads were stopped: 0.0013090 seconds, Stopping threads took: 0.0001224 seconds
2024-10-02T10:44:44.224+0300: 1216.814: Application time: 7.8315055 seconds
2024-10-02T10:44:44.224+0300: 1216.814: [GC (Allocation Failure) 2024-10-02T10:44:44.224+0300: 1216.814: [DefNew: 2238342K->1415K(2516544K), 0.0010273 secs] 2242750K->5825K(8108992K), 0.0010829 secs] [Times: user=0.00 sys=0.00, real=0.00 secs] 
2024-10-02T10:44:44.224+0300: 1216.815: Total time for which application threads were stopped: 0.0014217 seconds, Stopping threads took: 0.0002523 seconds
2024-10-02T10:44:52.086+0300: 1224.675: Application time: 7.8597815 seconds
2024-10-02T10:44:52.086+0300: 1224.676: [GC (Allocation Failure) 2024-10-02T10:44:52.086+0300: 1224.676: [DefNew: 2238343K->1415K(2516544K), 0.0009988 secs] 2242753K->5828K(8108992K), 0.0010535 secs] [Times: user=0.00 sys=0.00, real=0.00 secs] 
2024-10-02T10:44:52.086+0300: 1224.677: Total time for which application threads were stopped: 0.0013707 seconds, Stopping threads took: 0.0002171 seconds
2024-10-02T10:44:52.164+0300: 1224.744: Application time: 0.0674863 seconds
2024-10-02T10:44:52.164+0300: 1224.744: Total time for which application threads were stopped: 0.0001915 seconds, Stopping threads took: 0.0001425 seconds
2024-10-02T10:44:52.983+0300: 1225.568: Application time: 0.8241742 seconds
2024-10-02T10:44:52.983+0300: 1225.569: Total time for which application threads were stopped: 0.0001433 seconds, Stopping threads took: 0.0000988 seconds
2024-10-02T10:44:53.011+0300: 1225.605: Application time: 0.0368021 seconds
2024-10-02T10:44:53.011+0300: 1225.606: Total time for which application threads were stopped: 0.0001338 seconds, Stopping threads took: 0.0000953 seconds
2024-10-02T10:44:53.262+0300: 1225.856: Application time: 0.2501722 seconds
2024-10-02T10:44:53.262+0300: 1225.856: Total time for which application threads were stopped: 0.0002067 seconds, Stopping threads took: 0.0000333 seconds
2024-10-02T10:44:53.294+0300: 1225.887: Application time: 0.0314842 seconds
2024-10-02T10:44:53.294+0300: 1225.888: Total time for which application threads were stopped: 0.0001828 seconds, Stopping threads took: 0.0000204 seconds
2024-10-02T10:44:53.372+0300: 1225.958: Application time: 0.0707351 seconds
2024-10-02T10:44:53.372+0300: 1225.958: Total time for which application threads were stopped: 0.0000877 seconds, Stopping threads took: 0.0000319 seconds
2024-10-02T10:44:53.372+0300: 1225.959: Application time: 0.0003510 seconds
2024-10-02T10:44:53.372+0300: 1225.959: Total time for which application threads were stopped: 0.0001871 seconds, Stopping threads took: 0.0000158 seconds
2024-10-02T10:44:53.451+0300: 1226.045: Application time: 0.0856532 seconds
2024-10-02T10:44:53.451+0300: 1226.045: Total time for which application threads were stopped: 0.0000959 seconds, Stopping threads took: 0.0000199 seconds
2024-10-02T10:44:53.529+0300: 1226.124: Application time: 0.0789773 seconds
2024-10-02T10:44:53.529+0300: 1226.124: Total time for which application threads were stopped: 0.0001096 seconds, Stopping threads took: 0.0000605 seconds
2024-10-02T10:44:53.545+0300: 1226.126: Application time: 0.0023539 seconds
2024-10-02T10:44:53.545+0300: 1226.126: Total time for which application threads were stopped: 0.0000718 seconds, Stopping threads took: 0.0000348 seconds
2024-10-02T10:44:53.592+0300: 1226.187: Application time: 0.0609069 seconds
2024-10-02T10:44:53.608+0300: 1226.187: Total time for which application threads were stopped: 0.0002548 seconds, Stopping threads took: 0.0000195 seconds
2024-10-02T10:44:53.608+0300: 1226.189: Application time: 0.0017497 seconds
2024-10-02T10:44:53.608+0300: 1226.189: Total time for which application threads were stopped: 0.0001825 seconds, Stopping threads took: 0.0000179 seconds
2024-10-02T10:44:53.906+0300: 1226.489: Application time: 0.2997701 seconds
2024-10-02T10:44:53.906+0300: 1226.489: Total time for which application threads were stopped: 0.0000643 seconds, Stopping threads took: 0.0000214 seconds
2024-10-02T10:44:54.345+0300: 1226.928: Application time: 0.4389623 seconds
2024-10-02T10:44:54.345+0300: 1226.928: Total time for which application threads were stopped: 0.0001712 seconds, Stopping threads took: 0.0000460 seconds
2024-10-02T10:44:54.518+0300: 1227.098: Application time: 0.1700971 seconds
2024-10-02T10:44:54.518+0300: 1227.099: Total time for which application threads were stopped: 0.0001204 seconds, Stopping threads took: 0.0000358 seconds
2024-10-02T10:44:54.596+0300: 1227.176: Application time: 0.0771360 seconds
2024-10-02T10:44:54.596+0300: 1227.176: Total time for which application threads were stopped: 0.0000533 seconds, Stopping threads took: 0.0000275 seconds
2024-10-02T10:44:54.596+0300: 1227.176: Application time: 0.0003254 seconds
2024-10-02T10:44:54.596+0300: 1227.176: Total time for which application threads were stopped: 0.0000237 seconds, Stopping threads took: 0.0000097 seconds
2024-10-02T10:44:54.596+0300: 1227.176: Application time: 0.0002833 seconds
2024-10-02T10:44:54.596+0300: 1227.176: Total time for which application threads were stopped: 0.0000209 seconds, Stopping threads took: 0.0000133 seconds
2024-10-02T10:44:54.596+0300: 1227.176: Application time: 0.0000929 seconds
2024-10-02T10:44:54.596+0300: 1227.177: Total time for which application threads were stopped: 0.0000237 seconds, Stopping threads took: 0.0000123 seconds
2024-10-02T10:44:54.596+0300: 1227.177: Application time: 0.0004366 seconds
2024-10-02T10:44:54.596+0300: 1227.177: Total time for which application threads were stopped: 0.0000250 seconds, Stopping threads took: 0.0000134 seconds
2024-10-02T10:44:54.596+0300: 1227.185: Application time: 0.0081782 seconds
2024-10-02T10:44:54.596+0300: 1227.185: Total time for which application threads were stopped: 0.0000407 seconds, Stopping threads took: 0.0000218 seconds
Heap
 def new generation   total 2516544K, used 869539K [0x00000005c0000000, 0x000000066aaa0000, 0x000000066aaa0000)
  eden space 2236928K,  38% used [0x00000005c0000000, 0x00000005f4fc7040, 0x0000000648880000)
  from space 279616K,   0% used [0x0000000648880000, 0x00000006489e1c40, 0x0000000659990000)
  to   space 279616K,   0% used [0x0000000659990000, 0x0000000659990000, 0x000000066aaa0000)
 tenured generation   total 5592448K, used 4413K [0x000000066aaa0000, 0x00000007c0000000, 0x00000007c0000000)
   the space 5592448K,   0% used [0x000000066aaa0000, 0x000000066aeef570, 0x000000066aeef600, 0x00000007c0000000)
 Metaspace       used 16373K, capacity 16566K, committed 16640K, reserved 1064960K
  class space    used 1689K, capacity 1755K, committed 1792K, reserved 1048576K
2024-10-02T10:44:54.706+0300: 1227.286: Application time: 0.1005627 seconds
