[0.010s][info][gc] Using Parallel
[0.010s][info][gc,heap,coops] Heap address: 0x00000000c0000000, size: 1024 MB, Compressed Oops mode: 32-bit
[1.280s][info][gc,start     ] GC(0) Pause Young (System.gc())
[1.284s][info][gc,heap      ] GC(0) PSYoungGen: 47248K->4752K(305664K)
[1.284s][info][gc,heap      ] GC(0) ParOldGen: 0K->16K(699392K)
[1.284s][info][gc,metaspace ] GC(0) Metaspace: 20179K(20864K)->20179K(20864K) NonClass: 17775K(18176K)->17775K(18176K) Class: 2404K(2688K)->2404K(2688K)
[1.284s][info][gc           ] GC(0) Pause Young (System.gc()) 46M->4M(981M) 3.891ms
[1.284s][info][gc,cpu       ] GC(0) User=0.00s Sys=0.00s Real=0.00s
[1.287s][info][gc,start     ] GC(1) Pause Full (System.gc())
[1.287s][info][gc,phases,start] GC(1) Marking Phase
[1.291s][info][gc,phases      ] GC(1) Marking Phase 4.292ms
[1.291s][info][gc,phases,start] GC(1) Summary Phase
[1.291s][info][gc,phases      ] GC(1) Summary Phase 0.009ms
[1.291s][info][gc,phases,start] GC(1) Adjust Roots
[1.294s][info][gc,phases      ] GC(1) Adjust Roots 2.587ms
[1.294s][info][gc,phases,start] GC(1) Compaction Phase
[1.298s][info][gc,phases      ] GC(1) Compaction Phase 4.471ms
[1.298s][info][gc,phases,start] GC(1) Post Compact
[1.299s][info][gc,phases      ] GC(1) Post Compact 0.258ms
[1.299s][info][gc,heap        ] GC(1) PSYoungGen: 4752K->0K(305664K)
[1.299s][info][gc,heap        ] GC(1) ParOldGen: 16K->4667K(699392K)
[1.299s][info][gc,metaspace   ] GC(1) Metaspace: 20179K(20864K)->20179K(20864K) NonClass: 17775K(18176K)->17775K(18176K) Class: 2404K(2688K)->2404K(2688K)
[1.299s][info][gc             ] GC(1) Pause Full (System.gc()) 4M->4M(981M) 11.854ms
[1.299s][info][gc,cpu         ] GC(1) User=0.00s Sys=0.00s Real=0.02s
[2.935s][info][gc,start       ] GC(2) Pause Young (Allocation Failure)
[2.950s][info][gc,heap        ] GC(2) PSYoungGen: 262144K->26503K(305664K)
[2.950s][info][gc,heap        ] GC(2) ParOldGen: 4667K->4675K(699392K)
[2.950s][info][gc,metaspace   ] GC(2) Metaspace: 23307K(24192K)->23307K(24192K) NonClass: 20424K(20992K)->20424K(20992K) Class: 2882K(3200K)->2882K(3200K)
[2.950s][info][gc             ] GC(2) Pause Young (Allocation Failure) 260M->30M(981M) 14.582ms
[2.950s][info][gc,cpu         ] GC(2) User=0.02s Sys=0.00s Real=0.02s
[3.024s][info][gc,start       ] GC(3) Pause Young (Allocation Failure)
[3.034s][info][gc,heap        ] GC(3) PSYoungGen: 288647K->26503K(305664K)
[3.034s][info][gc,heap        ] GC(3) ParOldGen: 4675K->4683K(699392K)
[3.034s][info][gc,metaspace   ] GC(3) Metaspace: 23308K(24192K)->23308K(24192K) NonClass: 20426K(20992K)->20426K(20992K) Class: 2882K(3200K)->2882K(3200K)
[3.034s][info][gc             ] GC(3) Pause Young (Allocation Failure) 286M->30M(981M) 9.429ms
[3.034s][info][gc,cpu         ] GC(3) User=0.00s Sys=0.00s Real=0.00s
[3.084s][info][gc,start       ] GC(4) Pause Young (Allocation Failure)
[3.092s][info][gc,heap        ] GC(4) PSYoungGen: 288647K->26517K(305664K)
[3.092s][info][gc,heap        ] GC(4) ParOldGen: 4683K->4691K(699392K)
[3.092s][info][gc,metaspace   ] GC(4) Metaspace: 23308K(24192K)->23308K(24192K) NonClass: 20426K(20992K)->20426K(20992K) Class: 2882K(3200K)->2882K(3200K)
[3.092s][info][gc             ] GC(4) Pause Young (Allocation Failure) 286M->30M(981M) 7.355ms
[3.092s][info][gc,cpu         ] GC(4) User=0.00s Sys=0.00s Real=0.00s
[3.142s][info][gc,start       ] GC(5) Pause Young (Allocation Failure)
[3.149s][info][gc,heap        ] GC(5) PSYoungGen: 288661K->26503K(305664K)
[3.149s][info][gc,heap        ] GC(5) ParOldGen: 4691K->4691K(699392K)
[3.149s][info][gc,metaspace   ] GC(5) Metaspace: 23308K(24192K)->23308K(24192K) NonClass: 20426K(20992K)->20426K(20992K) Class: 2882K(3200K)->2882K(3200K)
[3.149s][info][gc             ] GC(5) Pause Young (Allocation Failure) 286M->30M(981M) 7.764ms
[3.149s][info][gc,cpu         ] GC(5) User=0.02s Sys=0.00s Real=0.02s
[3.199s][info][gc,start       ] GC(6) Pause Young (Allocation Failure)
[3.206s][info][gc,heap        ] GC(6) PSYoungGen: 288647K->26535K(310272K)
[3.206s][info][gc,heap        ] GC(6) ParOldGen: 4691K->4691K(699392K)
[3.206s][info][gc,metaspace   ] GC(6) Metaspace: 23308K(24192K)->23308K(24192K) NonClass: 20426K(20992K)->20426K(20992K) Class: 2882K(3200K)->2882K(3200K)
[3.206s][info][gc             ] GC(6) Pause Young (Allocation Failure) 286M->30M(986M) 7.589ms
[3.206s][info][gc,cpu         ] GC(6) User=0.00s Sys=0.00s Real=0.00s
[4.989s][info][gc,start       ] GC(7) Pause Young (Allocation Failure)
[5.001s][info][gc,heap        ] GC(7) PSYoungGen: 293287K->26503K(305664K)
[5.002s][info][gc,heap        ] GC(7) ParOldGen: 4691K->4699K(699392K)
[5.002s][info][gc,metaspace   ] GC(7) Metaspace: 23493K(24576K)->23493K(24576K) NonClass: 20572K(21248K)->20572K(21248K) Class: 2921K(3328K)->2921K(3328K)
[5.002s][info][gc             ] GC(7) Pause Young (Allocation Failure) 290M->30M(981M) 12.352ms
[5.002s][info][gc,cpu         ] GC(7) User=0.02s Sys=0.00s Real=0.02s
[5.056s][info][gc,start       ] GC(8) Pause Young (Allocation Failure)
[5.064s][info][gc,heap        ] GC(8) PSYoungGen: 293255K->26229K(311296K)
[5.064s][info][gc,heap        ] GC(8) ParOldGen: 4699K->5051K(699392K)
[5.064s][info][gc,metaspace   ] GC(8) Metaspace: 23493K(24576K)->23493K(24576K) NonClass: 20572K(21248K)->20572K(21248K) Class: 2921K(3328K)->2921K(3328K)
[5.064s][info][gc             ] GC(8) Pause Young (Allocation Failure) 290M->30M(987M) 7.849ms
[5.064s][info][gc,cpu         ] GC(8) User=0.02s Sys=0.00s Real=0.02s
[5.120s][info][gc,start       ] GC(9) Pause Young (Allocation Failure)
[5.128s][info][gc,heap        ] GC(9) PSYoungGen: 299125K->26197K(310784K)
[5.129s][info][gc,heap        ] GC(9) ParOldGen: 5051K->5051K(699392K)
[5.129s][info][gc,metaspace   ] GC(9) Metaspace: 23493K(24576K)->23493K(24576K) NonClass: 20572K(21248K)->20572K(21248K) Class: 2921K(3328K)->2921K(3328K)
[5.129s][info][gc             ] GC(9) Pause Young (Allocation Failure) 297M->30M(986M) 8.541ms
[5.129s][info][gc,cpu         ] GC(9) User=0.02s Sys=0.00s Real=0.02s
[5.184s][info][gc,start       ] GC(10) Pause Young (Allocation Failure)
[5.200s][info][gc,heap        ] GC(10) PSYoungGen: 299093K->0K(305664K)
[5.201s][info][gc,heap        ] GC(10) ParOldGen: 5051K->31242K(699392K)
[5.201s][info][gc,metaspace   ] GC(10) Metaspace: 23493K(24576K)->23493K(24576K) NonClass: 20572K(21248K)->20572K(21248K) Class: 2921K(3328K)->2921K(3328K)
[5.201s][info][gc             ] GC(10) Pause Young (Allocation Failure) 297M->30M(981M) 16.498ms
[5.201s][info][gc,cpu         ] GC(10) User=0.08s Sys=0.00s Real=0.01s
[5.255s][info][gc,start       ] GC(11) Pause Young (Allocation Failure)
[5.255s][info][gc,heap        ] GC(11) PSYoungGen: 268288K->0K(268800K)
[5.255s][info][gc,heap        ] GC(11) ParOldGen: 31242K->31242K(699392K)
[5.255s][info][gc,metaspace   ] GC(11) Metaspace: 23493K(24576K)->23493K(24576K) NonClass: 20572K(21248K)->20572K(21248K) Class: 2921K(3328K)->2921K(3328K)
[5.255s][info][gc             ] GC(11) Pause Young (Allocation Failure) 292M->30M(945M) 0.726ms
[5.256s][info][gc,cpu         ] GC(11) User=0.00s Sys=0.00s Real=0.00s
[5.292s][info][gc,start       ] GC(12) Pause Young (System.gc())
[5.294s][info][gc,heap        ] GC(12) PSYoungGen: 58974K->646K(305152K)
[5.294s][info][gc,heap        ] GC(12) ParOldGen: 31242K->31242K(699392K)
[5.294s][info][gc,metaspace   ] GC(12) Metaspace: 23530K(24576K)->23530K(24576K) NonClass: 20602K(21248K)->20602K(21248K) Class: 2927K(3328K)->2927K(3328K)
[5.294s][info][gc             ] GC(12) Pause Young (System.gc()) 88M->31M(981M) 1.157ms
[5.294s][info][gc,cpu         ] GC(12) User=0.00s Sys=0.00s Real=0.00s
[5.294s][info][gc,start       ] GC(13) Pause Full (System.gc())
[5.294s][info][gc,phases,start] GC(13) Marking Phase
[5.299s][info][gc,phases      ] GC(13) Marking Phase 4.841ms
[5.299s][info][gc,phases,start] GC(13) Summary Phase
[5.299s][info][gc,phases      ] GC(13) Summary Phase 0.011ms
[5.299s][info][gc,phases,start] GC(13) Adjust Roots
[5.303s][info][gc,phases      ] GC(13) Adjust Roots 4.096ms
[5.303s][info][gc,phases,start] GC(13) Compaction Phase
[5.317s][info][gc,phases      ] GC(13) Compaction Phase 14.551ms
[5.317s][info][gc,phases,start] GC(13) Post Compact
[5.318s][info][gc,phases      ] GC(13) Post Compact 0.395ms
[5.318s][info][gc,heap        ] GC(13) PSYoungGen: 646K->0K(305152K)
[5.318s][info][gc,heap        ] GC(13) ParOldGen: 31242K->4977K(699392K)
[5.318s][info][gc,metaspace   ] GC(13) Metaspace: 23530K(24576K)->23530K(24576K) NonClass: 20602K(21248K)->20602K(21248K) Class: 2927K(3328K)->2927K(3328K)
[5.318s][info][gc             ] GC(13) Pause Full (System.gc()) 31M->4M(981M) 24.184ms
[5.318s][info][gc,cpu         ] GC(13) User=0.00s Sys=0.00s Real=0.03s
[7.002s][info][gc,start       ] GC(14) Pause Young (Allocation Failure)
[7.013s][info][gc,heap        ] GC(14) PSYoungGen: 263168K->26133K(289792K)
[7.013s][info][gc,heap        ] GC(14) ParOldGen: 4977K->4977K(699392K)
[7.013s][info][gc,metaspace   ] GC(14) Metaspace: 23538K(24576K)->23538K(24576K) NonClass: 20610K(21248K)->20610K(21248K) Class: 2927K(3328K)->2927K(3328K)
[7.013s][info][gc             ] GC(14) Pause Young (Allocation Failure) 261M->30M(966M) 11.141ms
[7.013s][info][gc,cpu         ] GC(14) User=0.02s Sys=0.00s Real=0.02s
[7.067s][info][gc,start       ] GC(15) Pause Young (Allocation Failure)
[7.083s][info][gc,heap        ] GC(15) PSYoungGen: 289301K->0K(303616K)
[7.083s][info][gc,heap        ] GC(15) ParOldGen: 4977K->31128K(699392K)
[7.083s][info][gc,metaspace   ] GC(15) Metaspace: 23538K(24576K)->23538K(24576K) NonClass: 20610K(21248K)->20610K(21248K) Class: 2927K(3328K)->2927K(3328K)
[7.084s][info][gc             ] GC(15) Pause Young (Allocation Failure) 287M->30M(979M) 16.610ms
[7.084s][info][gc,cpu         ] GC(15) User=0.08s Sys=0.00s Real=0.02s
[7.136s][info][gc,start       ] GC(16) Pause Young (Allocation Failure)
[7.137s][info][gc,heap        ] GC(16) PSYoungGen: 260096K->0K(304640K)
[7.137s][info][gc,heap        ] GC(16) ParOldGen: 31128K->31128K(699392K)
[7.137s][info][gc,metaspace   ] GC(16) Metaspace: 23538K(24576K)->23538K(24576K) NonClass: 20610K(21248K)->20610K(21248K) Class: 2927K(3328K)->2927K(3328K)
[7.137s][info][gc             ] GC(16) Pause Young (Allocation Failure) 284M->30M(980M) 0.540ms
[7.137s][info][gc,cpu         ] GC(16) User=0.00s Sys=0.00s Real=0.00s
[7.189s][info][gc,start       ] GC(17) Pause Young (Allocation Failure)
[7.190s][info][gc,heap        ] GC(17) PSYoungGen: 260096K->0K(305152K)
[7.190s][info][gc,heap        ] GC(17) ParOldGen: 31128K->31128K(699392K)
[7.190s][info][gc,metaspace   ] GC(17) Metaspace: 23538K(24576K)->23538K(24576K) NonClass: 20610K(21248K)->20610K(21248K) Class: 2927K(3328K)->2927K(3328K)
[7.190s][info][gc             ] GC(17) Pause Young (Allocation Failure) 284M->30M(981M) 0.643ms
[7.190s][info][gc,cpu         ] GC(17) User=0.00s Sys=0.00s Real=0.00s
[7.243s][info][gc,start       ] GC(18) Pause Young (Allocation Failure)
[7.243s][info][gc,heap        ] GC(18) PSYoungGen: 260608K->0K(304640K)
[7.243s][info][gc,heap        ] GC(18) ParOldGen: 31128K->31128K(699392K)
[7.243s][info][gc,metaspace   ] GC(18) Metaspace: 23538K(24576K)->23538K(24576K) NonClass: 20610K(21248K)->20610K(21248K) Class: 2927K(3328K)->2927K(3328K)
[7.243s][info][gc             ] GC(18) Pause Young (Allocation Failure) 284M->30M(980M) 0.511ms
[7.243s][info][gc,cpu         ] GC(18) User=0.00s Sys=0.00s Real=0.00s
[8.938s][info][gc,start       ] GC(19) Pause Young (Allocation Failure)
[8.950s][info][gc,heap        ] GC(19) PSYoungGen: 260608K->26765K(301056K)
[8.950s][info][gc,heap        ] GC(19) ParOldGen: 31128K->31128K(699392K)
[8.950s][info][gc,metaspace   ] GC(19) Metaspace: 23542K(24576K)->23542K(24576K) NonClass: 20615K(21248K)->20615K(21248K) Class: 2927K(3328K)->2927K(3328K)
[8.950s][info][gc             ] GC(19) Pause Young (Allocation Failure) 284M->56M(977M) 11.936ms
[8.950s][info][gc,cpu         ] GC(19) User=0.02s Sys=0.00s Real=0.02s
[9.003s][info][gc,start       ] GC(20) Pause Young (Allocation Failure)
[9.020s][info][gc,heap        ] GC(20) PSYoungGen: 284813K->0K(303616K)
[9.020s][info][gc,heap        ] GC(20) ParOldGen: 31128K->57862K(699392K)
[9.020s][info][gc,metaspace   ] GC(20) Metaspace: 23542K(24576K)->23542K(24576K) NonClass: 20615K(21248K)->20615K(21248K) Class: 2927K(3328K)->2927K(3328K)
[9.020s][info][gc             ] GC(20) Pause Young (Allocation Failure) 308M->56M(979M) 17.626ms
[9.020s][info][gc,cpu         ] GC(20) User=0.06s Sys=0.02s Real=0.02s
[9.072s][info][gc,start       ] GC(21) Pause Young (Allocation Failure)
[9.073s][info][gc,heap        ] GC(21) PSYoungGen: 258048K->0K(305664K)
[9.073s][info][gc,heap        ] GC(21) ParOldGen: 57862K->57862K(699392K)
[9.073s][info][gc,metaspace   ] GC(21) Metaspace: 23542K(24576K)->23542K(24576K) NonClass: 20615K(21248K)->20615K(21248K) Class: 2927K(3328K)->2927K(3328K)
[9.073s][info][gc             ] GC(21) Pause Young (Allocation Failure) 308M->56M(981M) 0.804ms
[9.073s][info][gc,cpu         ] GC(21) User=0.00s Sys=0.00s Real=0.00s
[9.126s][info][gc,start       ] GC(22) Pause Young (Allocation Failure)
[9.126s][info][gc,heap        ] GC(22) PSYoungGen: 261120K->0K(304640K)
[9.126s][info][gc,heap        ] GC(22) ParOldGen: 57862K->57862K(699392K)
[9.126s][info][gc,metaspace   ] GC(22) Metaspace: 23542K(24576K)->23542K(24576K) NonClass: 20615K(21248K)->20615K(21248K) Class: 2927K(3328K)->2927K(3328K)
[9.126s][info][gc             ] GC(22) Pause Young (Allocation Failure) 311M->56M(980M) 0.634ms
[9.126s][info][gc,cpu         ] GC(22) User=0.00s Sys=0.00s Real=0.00s
[9.179s][info][gc,start       ] GC(23) Pause Young (Allocation Failure)
[9.180s][info][gc,heap        ] GC(23) PSYoungGen: 261120K->0K(308736K)
[9.180s][info][gc,heap        ] GC(23) ParOldGen: 57862K->57862K(699392K)
[9.180s][info][gc,metaspace   ] GC(23) Metaspace: 23542K(24576K)->23542K(24576K) NonClass: 20615K(21248K)->20615K(21248K) Class: 2927K(3328K)->2927K(3328K)
[9.180s][info][gc             ] GC(23) Pause Young (Allocation Failure) 311M->56M(984M) 0.984ms
[9.180s][info][gc,cpu         ] GC(23) User=0.00s Sys=0.00s Real=0.00s
[9.214s][info][gc,start       ] GC(24) Pause Young (System.gc())
[9.215s][info][gc,heap        ] GC(24) PSYoungGen: 74681K->646K(307200K)
[9.215s][info][gc,heap        ] GC(24) ParOldGen: 57862K->57862K(699392K)
[9.215s][info][gc,metaspace   ] GC(24) Metaspace: 23543K(24576K)->23543K(24576K) NonClass: 20615K(21248K)->20615K(21248K) Class: 2927K(3328K)->2927K(3328K)
[9.215s][info][gc             ] GC(24) Pause Young (System.gc()) 129M->57M(983M) 0.927ms
[9.215s][info][gc,cpu         ] GC(24) User=0.00s Sys=0.00s Real=0.00s
[9.215s][info][gc,start       ] GC(25) Pause Full (System.gc())
[9.215s][info][gc,phases,start] GC(25) Marking Phase
[9.219s][info][gc,phases      ] GC(25) Marking Phase 4.443ms
[9.219s][info][gc,phases,start] GC(25) Summary Phase
[9.219s][info][gc,phases      ] GC(25) Summary Phase 0.018ms
[9.219s][info][gc,phases,start] GC(25) Adjust Roots
[9.222s][info][gc,phases      ] GC(25) Adjust Roots 2.112ms
[9.222s][info][gc,phases,start] GC(25) Compaction Phase
[9.224s][info][gc,phases      ] GC(25) Compaction Phase 2.082ms
[9.224s][info][gc,phases,start] GC(25) Post Compact
[9.224s][info][gc,phases      ] GC(25) Post Compact 0.503ms
[9.224s][info][gc,heap        ] GC(25) PSYoungGen: 646K->0K(307200K)
[9.224s][info][gc,heap        ] GC(25) ParOldGen: 57862K->4978K(699392K)
[9.224s][info][gc,metaspace   ] GC(25) Metaspace: 23543K(24576K)->23543K(24576K) NonClass: 20615K(21248K)->20615K(21248K) Class: 2927K(3328K)->2927K(3328K)
[9.224s][info][gc             ] GC(25) Pause Full (System.gc()) 57M->4M(983M) 9.374ms
[9.224s][info][gc,cpu         ] GC(25) User=0.02s Sys=0.00s Real=0.02s
[10.899s][info][gc,start       ] GC(26) Pause Young (Allocation Failure)
[10.910s][info][gc,heap        ] GC(26) PSYoungGen: 266752K->26165K(303104K)
[10.910s][info][gc,heap        ] GC(26) ParOldGen: 4978K->4978K(699392K)
[10.910s][info][gc,metaspace   ] GC(26) Metaspace: 23547K(24576K)->23547K(24576K) NonClass: 20619K(21248K)->20619K(21248K) Class: 2927K(3328K)->2927K(3328K)
[10.910s][info][gc             ] GC(26) Pause Young (Allocation Failure) 265M->30M(979M) 11.739ms
[10.910s][info][gc,cpu         ] GC(26) User=0.02s Sys=0.00s Real=0.02s
[10.964s][info][gc,start       ] GC(27) Pause Young (Allocation Failure)
[10.980s][info][gc,heap        ] GC(27) PSYoungGen: 290357K->0K(306688K)
[10.980s][info][gc,heap        ] GC(27) ParOldGen: 4978K->31130K(699392K)
[10.980s][info][gc,metaspace   ] GC(27) Metaspace: 23547K(24576K)->23547K(24576K) NonClass: 20619K(21248K)->20619K(21248K) Class: 2927K(3328K)->2927K(3328K)
[10.980s][info][gc             ] GC(27) Pause Young (Allocation Failure) 288M->30M(982M) 15.519ms
[10.980s][info][gc,cpu         ] GC(27) User=0.00s Sys=0.00s Real=0.01s
[11.033s][info][gc,start       ] GC(28) Pause Young (Allocation Failure)
[11.034s][info][gc,heap        ] GC(28) PSYoungGen: 264192K->0K(309760K)
[11.034s][info][gc,heap        ] GC(28) ParOldGen: 31130K->31130K(699392K)
[11.034s][info][gc,metaspace   ] GC(28) Metaspace: 23547K(24576K)->23547K(24576K) NonClass: 20619K(21248K)->20619K(21248K) Class: 2927K(3328K)->2927K(3328K)
[11.034s][info][gc             ] GC(28) Pause Young (Allocation Failure) 288M->30M(985M) 0.784ms
[11.034s][info][gc,cpu         ] GC(28) User=0.00s Sys=0.00s Real=0.00s
[11.088s][info][gc,start       ] GC(29) Pause Young (Allocation Failure)
[11.089s][info][gc,heap        ] GC(29) PSYoungGen: 268800K->0K(308224K)
[11.089s][info][gc,heap        ] GC(29) ParOldGen: 31130K->31130K(699392K)
[11.089s][info][gc,metaspace   ] GC(29) Metaspace: 23547K(24576K)->23547K(24576K) NonClass: 20619K(21248K)->20619K(21248K) Class: 2927K(3328K)->2927K(3328K)
[11.089s][info][gc             ] GC(29) Pause Young (Allocation Failure) 292M->30M(984M) 0.638ms
[11.089s][info][gc,cpu         ] GC(29) User=0.00s Sys=0.00s Real=0.00s
[11.143s][info][gc,start       ] GC(30) Pause Young (Allocation Failure)
[11.144s][info][gc,heap        ] GC(30) PSYoungGen: 268800K->0K(313344K)
[11.144s][info][gc,heap        ] GC(30) ParOldGen: 31130K->31130K(699392K)
[11.144s][info][gc,metaspace   ] GC(30) Metaspace: 23547K(24576K)->23547K(24576K) NonClass: 20619K(21248K)->20619K(21248K) Class: 2927K(3328K)->2927K(3328K)
[11.144s][info][gc             ] GC(30) Pause Young (Allocation Failure) 292M->30M(989M) 0.624ms
[11.144s][info][gc,cpu         ] GC(30) User=0.00s Sys=0.00s Real=0.00s
[12.829s][info][gc,start       ] GC(31) Pause Young (Allocation Failure)
[12.841s][info][gc,heap        ] GC(31) PSYoungGen: 275968K->26733K(303104K)
[12.841s][info][gc,heap        ] GC(31) ParOldGen: 31130K->31130K(699392K)
[12.841s][info][gc,metaspace   ] GC(31) Metaspace: 23551K(24576K)->23551K(24576K) NonClass: 20624K(21248K)->20624K(21248K) Class: 2927K(3328K)->2927K(3328K)
[12.841s][info][gc             ] GC(31) Pause Young (Allocation Failure) 299M->56M(979M) 11.920ms
[12.841s][info][gc,cpu         ] GC(31) User=0.02s Sys=0.00s Real=0.02s
[12.898s][info][gc,start       ] GC(32) Pause Young (Allocation Failure)
[12.914s][info][gc,heap        ] GC(32) PSYoungGen: 302701K->0K(310784K)
[12.914s][info][gc,heap        ] GC(32) ParOldGen: 31130K->57879K(699392K)
[12.914s][info][gc,metaspace   ] GC(32) Metaspace: 23551K(24576K)->23551K(24576K) NonClass: 20624K(21248K)->20624K(21248K) Class: 2927K(3328K)->2927K(3328K)
[12.914s][info][gc             ] GC(32) Pause Young (Allocation Failure) 326M->56M(986M) 16.550ms
[12.914s][info][gc,cpu         ] GC(32) User=0.06s Sys=0.00s Real=0.02s
[12.969s][info][gc,start       ] GC(33) Pause Young (Allocation Failure)
[12.969s][info][gc,heap        ] GC(33) PSYoungGen: 270336K->0K(308736K)
[12.969s][info][gc,heap        ] GC(33) ParOldGen: 57879K->57879K(699392K)
[12.969s][info][gc,metaspace   ] GC(33) Metaspace: 23551K(24576K)->23551K(24576K) NonClass: 20624K(21248K)->20624K(21248K) Class: 2927K(3328K)->2927K(3328K)
[12.969s][info][gc             ] GC(33) Pause Young (Allocation Failure) 320M->56M(984M) 0.656ms
[12.969s][info][gc,cpu         ] GC(33) User=0.00s Sys=0.00s Real=0.00s
[13.025s][info][gc,start       ] GC(34) Pause Young (Allocation Failure)
[13.025s][info][gc,heap        ] GC(34) PSYoungGen: 270336K->0K(313856K)
[13.025s][info][gc,heap        ] GC(34) ParOldGen: 57879K->57879K(699392K)
[13.025s][info][gc,metaspace   ] GC(34) Metaspace: 23551K(24576K)->23551K(24576K) NonClass: 20624K(21248K)->20624K(21248K) Class: 2927K(3328K)->2927K(3328K)
[13.025s][info][gc             ] GC(34) Pause Young (Allocation Failure) 320M->56M(989M) 0.635ms
[13.025s][info][gc,cpu         ] GC(34) User=0.00s Sys=0.00s Real=0.00s
[13.095s][info][gc,start       ] GC(35) Pause Young (System.gc())
[13.096s][info][gc,heap        ] GC(35) PSYoungGen: 260287K->678K(312320K)
[13.096s][info][gc,heap        ] GC(35) ParOldGen: 57879K->57879K(699392K)
[13.096s][info][gc,metaspace   ] GC(35) Metaspace: 23552K(24576K)->23552K(24576K) NonClass: 20625K(21248K)->20625K(21248K) Class: 2927K(3328K)->2927K(3328K)
[13.096s][info][gc             ] GC(35) Pause Young (System.gc()) 310M->57M(988M) 1.199ms
[13.096s][info][gc,cpu         ] GC(35) User=0.00s Sys=0.00s Real=0.00s
[13.096s][info][gc,start       ] GC(36) Pause Full (System.gc())
[13.096s][info][gc,phases,start] GC(36) Marking Phase
[13.100s][info][gc,phases      ] GC(36) Marking Phase 4.386ms
[13.100s][info][gc,phases,start] GC(36) Summary Phase
[13.100s][info][gc,phases      ] GC(36) Summary Phase 0.009ms
[13.100s][info][gc,phases,start] GC(36) Adjust Roots
[13.103s][info][gc,phases      ] GC(36) Adjust Roots 2.344ms
[13.103s][info][gc,phases,start] GC(36) Compaction Phase
[13.105s][info][gc,phases      ] GC(36) Compaction Phase 2.277ms
[13.105s][info][gc,phases,start] GC(36) Post Compact
[13.105s][info][gc,phases      ] GC(36) Post Compact 0.372ms
[13.105s][info][gc,heap        ] GC(36) PSYoungGen: 678K->0K(312320K)
[13.105s][info][gc,heap        ] GC(36) ParOldGen: 57879K->4979K(699392K)
[13.105s][info][gc,metaspace   ] GC(36) Metaspace: 23552K(24576K)->23552K(24576K) NonClass: 20625K(21248K)->20625K(21248K) Class: 2927K(3328K)->2927K(3328K)
[13.105s][info][gc             ] GC(36) Pause Full (System.gc()) 57M->4M(988M) 9.611ms
[13.105s][info][gc,cpu         ] GC(36) User=0.02s Sys=0.00s Real=0.02s
[14.780s][info][gc,start       ] GC(37) Pause Young (Allocation Failure)
[14.791s][info][gc,heap        ] GC(37) PSYoungGen: 276992K->26165K(306688K)
[14.791s][info][gc,heap        ] GC(37) ParOldGen: 4979K->4979K(699392K)
[14.791s][info][gc,metaspace   ] GC(37) Metaspace: 23556K(24576K)->23556K(24576K) NonClass: 20629K(21248K)->20629K(21248K) Class: 2927K(3328K)->2927K(3328K)
[14.791s][info][gc             ] GC(37) Pause Young (Allocation Failure) 275M->30M(982M) 11.602ms
[14.791s][info][gc,cpu         ] GC(37) User=0.02s Sys=0.00s Real=0.01s
[14.847s][info][gc,start       ] GC(38) Pause Young (Allocation Failure)
[14.863s][info][gc,heap        ] GC(38) PSYoungGen: 299573K->0K(311296K)
[14.863s][info][gc,heap        ] GC(38) ParOldGen: 4979K->31138K(699392K)
[14.863s][info][gc,metaspace   ] GC(38) Metaspace: 23556K(24576K)->23556K(24576K) NonClass: 20629K(21248K)->20629K(21248K) Class: 2927K(3328K)->2927K(3328K)
[14.863s][info][gc             ] GC(38) Pause Young (Allocation Failure) 297M->30M(987M) 15.648ms
[14.863s][info][gc,cpu         ] GC(38) User=0.02s Sys=0.00s Real=0.02s
[14.918s][info][gc,start       ] GC(39) Pause Young (Allocation Failure)
[14.919s][info][gc,heap        ] GC(39) PSYoungGen: 273408K->0K(314368K)
[14.919s][info][gc,heap        ] GC(39) ParOldGen: 31138K->31138K(699392K)
[14.919s][info][gc,metaspace   ] GC(39) Metaspace: 23556K(24576K)->23556K(24576K) NonClass: 20629K(21248K)->20629K(21248K) Class: 2927K(3328K)->2927K(3328K)
[14.919s][info][gc             ] GC(39) Pause Young (Allocation Failure) 297M->30M(990M) 0.654ms
[14.919s][info][gc,cpu         ] GC(39) User=0.00s Sys=0.00s Real=0.00s
[14.975s][info][gc,start       ] GC(40) Pause Young (Allocation Failure)
[14.975s][info][gc,heap        ] GC(40) PSYoungGen: 278016K->0K(312832K)
[14.975s][info][gc,heap        ] GC(40) ParOldGen: 31138K->31138K(699392K)
[14.975s][info][gc,metaspace   ] GC(40) Metaspace: 23556K(24576K)->23556K(24576K) NonClass: 20629K(21248K)->20629K(21248K) Class: 2927K(3328K)->2927K(3328K)
[14.975s][info][gc             ] GC(40) Pause Young (Allocation Failure) 301M->30M(988M) 0.747ms
[14.975s][info][gc,cpu         ] GC(40) User=0.00s Sys=0.00s Real=0.00s
[15.063s][info][gc,start       ] GC(41) Pause Young (Allocation Failure)
[15.083s][info][gc,heap        ] GC(41) PSYoungGen: 278016K->14728K(315392K)
[15.083s][info][gc,heap        ] GC(41) ParOldGen: 31138K->31138K(699392K)
[15.083s][info][gc,metaspace   ] GC(41) Metaspace: 23556K(24576K)->23556K(24576K) NonClass: 20629K(21248K)->20629K(21248K) Class: 2927K(3328K)->2927K(3328K)
[15.083s][info][gc             ] GC(41) Pause Young (Allocation Failure) 301M->44M(991M) 20.068ms
[15.083s][info][gc,cpu         ] GC(41) User=0.08s Sys=0.00s Real=0.03s
[16.735s][info][gc,start       ] GC(42) Pause Young (Allocation Failure)
[16.749s][info][gc,heap        ] GC(42) PSYoungGen: 297352K->15346K(297984K)
[16.749s][info][gc,heap        ] GC(42) ParOldGen: 31138K->42587K(699392K)
[16.749s][info][gc,metaspace   ] GC(42) Metaspace: 23556K(24576K)->23556K(24576K) NonClass: 20629K(21248K)->20629K(21248K) Class: 2927K(3328K)->2927K(3328K)
[16.749s][info][gc             ] GC(42) Pause Young (Allocation Failure) 320M->56M(974M) 14.024ms
[16.749s][info][gc,cpu         ] GC(42) User=0.00s Sys=0.00s Real=0.02s
[16.807s][info][gc,start       ] GC(43) Pause Young (Allocation Failure)
[16.828s][info][gc,heap        ] GC(43) PSYoungGen: 297970K->0K(316416K)
[16.828s][info][gc,heap        ] GC(43) ParOldGen: 42587K->57912K(699392K)
[16.828s][info][gc,metaspace   ] GC(43) Metaspace: 23556K(24576K)->23556K(24576K) NonClass: 20629K(21248K)->20629K(21248K) Class: 2927K(3328K)->2927K(3328K)
[16.828s][info][gc             ] GC(43) Pause Young (Allocation Failure) 332M->56M(992M) 21.319ms
[16.828s][info][gc,cpu         ] GC(43) User=0.06s Sys=0.00s Real=0.03s
[16.885s][info][gc,start       ] GC(44) Pause Young (Allocation Failure)
[16.885s][info][gc,heap        ] GC(44) PSYoungGen: 282112K->0K(314880K)
[16.885s][info][gc,heap        ] GC(44) ParOldGen: 57912K->57912K(699392K)
[16.885s][info][gc,metaspace   ] GC(44) Metaspace: 23556K(24576K)->23556K(24576K) NonClass: 20629K(21248K)->20629K(21248K) Class: 2927K(3328K)->2927K(3328K)
[16.885s][info][gc             ] GC(44) Pause Young (Allocation Failure) 332M->56M(990M) 0.713ms
[16.885s][info][gc,cpu         ] GC(44) User=0.00s Sys=0.00s Real=0.01s
[16.942s][info][gc,start       ] GC(45) Pause Young (Allocation Failure)
[16.943s][info][gc,heap        ] GC(45) PSYoungGen: 282112K->0K(319488K)
[16.943s][info][gc,heap        ] GC(45) ParOldGen: 57912K->57912K(699392K)
[16.943s][info][gc,metaspace   ] GC(45) Metaspace: 23556K(24576K)->23556K(24576K) NonClass: 20629K(21248K)->20629K(21248K) Class: 2927K(3328K)->2927K(3328K)
[16.943s][info][gc             ] GC(45) Pause Young (Allocation Failure) 332M->56M(995M) 0.894ms
[16.943s][info][gc,cpu         ] GC(45) User=0.00s Sys=0.00s Real=0.00s
[16.994s][info][gc,start       ] GC(46) Pause Young (System.gc())
[16.996s][info][gc,heap        ] GC(46) PSYoungGen: 172907K->646K(317952K)
[16.996s][info][gc,heap        ] GC(46) ParOldGen: 57912K->57912K(699392K)
[16.996s][info][gc,metaspace   ] GC(46) Metaspace: 23557K(24576K)->23557K(24576K) NonClass: 20629K(21248K)->20629K(21248K) Class: 2927K(3328K)->2927K(3328K)
[16.996s][info][gc             ] GC(46) Pause Young (System.gc()) 225M->57M(993M) 1.198ms
[16.996s][info][gc,cpu         ] GC(46) User=0.00s Sys=0.02s Real=0.02s
[16.996s][info][gc,start       ] GC(47) Pause Full (System.gc())
[16.996s][info][gc,phases,start] GC(47) Marking Phase
[17.000s][info][gc,phases      ] GC(47) Marking Phase 4.605ms
[17.000s][info][gc,phases,start] GC(47) Summary Phase
[17.000s][info][gc,phases      ] GC(47) Summary Phase 0.010ms
[17.000s][info][gc,phases,start] GC(47) Adjust Roots
[17.003s][info][gc,phases      ] GC(47) Adjust Roots 2.275ms
[17.003s][info][gc,phases,start] GC(47) Compaction Phase
[17.005s][info][gc,phases      ] GC(47) Compaction Phase 2.483ms
[17.005s][info][gc,phases,start] GC(47) Post Compact
[17.006s][info][gc,phases      ] GC(47) Post Compact 0.361ms
[17.006s][info][gc,heap        ] GC(47) PSYoungGen: 646K->0K(317952K)
[17.006s][info][gc,heap        ] GC(47) ParOldGen: 57912K->4979K(699392K)
[17.006s][info][gc,metaspace   ] GC(47) Metaspace: 23557K(24576K)->23557K(24576K) NonClass: 20629K(21248K)->20629K(21248K) Class: 2927K(3328K)->2927K(3328K)
[17.006s][info][gc             ] GC(47) Pause Full (System.gc()) 57M->4M(993M) 9.974ms
[17.006s][info][gc,cpu         ] GC(47) User=0.00s Sys=0.00s Real=0.00s
[18.678s][info][gc,start       ] GC(48) Pause Young (Allocation Failure)
[18.689s][info][gc,heap        ] GC(48) PSYoungGen: 288256K->26197K(309760K)
[18.689s][info][gc,heap        ] GC(48) ParOldGen: 4979K->4979K(699392K)
[18.689s][info][gc,metaspace   ] GC(48) Metaspace: 23557K(24576K)->23557K(24576K) NonClass: 20630K(21248K)->20630K(21248K) Class: 2927K(3328K)->2927K(3328K)
[18.690s][info][gc             ] GC(48) Pause Young (Allocation Failure) 286M->30M(985M) 11.500ms
[18.690s][info][gc,cpu         ] GC(48) User=0.00s Sys=0.00s Real=0.00s
[18.748s][info][gc,start       ] GC(49) Pause Young (Allocation Failure)
[18.762s][info][gc,heap        ] GC(49) PSYoungGen: 307797K->0K(315392K)
[18.762s][info][gc,heap        ] GC(49) ParOldGen: 4979K->31139K(699392K)
[18.762s][info][gc,metaspace   ] GC(49) Metaspace: 23557K(24576K)->23557K(24576K) NonClass: 20630K(21248K)->20630K(21248K) Class: 2927K(3328K)->2927K(3328K)
[18.762s][info][gc             ] GC(49) Pause Young (Allocation Failure) 305M->30M(991M) 14.471ms
[18.762s][info][gc,cpu         ] GC(49) User=0.02s Sys=0.00s Real=0.02s
[18.819s][info][gc,start       ] GC(50) Pause Young (Allocation Failure)
[18.820s][info][gc,heap        ] GC(50) PSYoungGen: 281600K->0K(318464K)
[18.820s][info][gc,heap        ] GC(50) ParOldGen: 31139K->31139K(699392K)
[18.820s][info][gc,metaspace   ] GC(50) Metaspace: 23557K(24576K)->23557K(24576K) NonClass: 20630K(21248K)->20630K(21248K) Class: 2927K(3328K)->2927K(3328K)
[18.820s][info][gc             ] GC(50) Pause Young (Allocation Failure) 305M->30M(994M) 0.833ms
[18.820s][info][gc,cpu         ] GC(50) User=0.00s Sys=0.00s Real=0.00s
[18.878s][info][gc,start       ] GC(51) Pause Young (Allocation Failure)
[18.878s][info][gc,heap        ] GC(51) PSYoungGen: 286208K->0K(316928K)
[18.878s][info][gc,heap        ] GC(51) ParOldGen: 31139K->31139K(699392K)
[18.878s][info][gc,metaspace   ] GC(51) Metaspace: 23557K(24576K)->23557K(24576K) NonClass: 20630K(21248K)->20630K(21248K) Class: 2927K(3328K)->2927K(3328K)
[18.878s][info][gc             ] GC(51) Pause Young (Allocation Failure) 309M->30M(992M) 0.614ms
[18.878s][info][gc,cpu         ] GC(51) User=0.00s Sys=0.00s Real=0.02s
[20.552s][info][gc,start       ] GC(52) Pause Young (Allocation Failure)
[20.563s][info][gc,heap        ] GC(52) PSYoungGen: 286208K->25883K(308736K)
[20.563s][info][gc,heap        ] GC(52) ParOldGen: 31139K->31139K(699392K)
[20.563s][info][gc,metaspace   ] GC(52) Metaspace: 23557K(24576K)->23557K(24576K) NonClass: 20630K(21248K)->20630K(21248K) Class: 2927K(3328K)->2927K(3328K)
[20.563s][info][gc             ] GC(52) Pause Young (Allocation Failure) 309M->55M(984M) 11.127ms
[20.563s][info][gc,cpu         ] GC(52) User=0.02s Sys=0.00s Real=0.02s
[20.625s][info][gc,start       ] GC(53) Pause Young (Allocation Failure)
[20.642s][info][gc,heap        ] GC(53) PSYoungGen: 305435K->960K(314368K)
[20.642s][info][gc,heap        ] GC(53) ParOldGen: 31139K->57024K(699392K)
[20.642s][info][gc,metaspace   ] GC(53) Metaspace: 23557K(24576K)->23557K(24576K) NonClass: 20630K(21248K)->20630K(21248K) Class: 2927K(3328K)->2927K(3328K)
[20.642s][info][gc             ] GC(53) Pause Young (Allocation Failure) 328M->56M(990M) 16.839ms
[20.642s][info][gc,cpu         ] GC(53) User=0.08s Sys=0.00s Real=0.01s
[20.699s][info][gc,start       ] GC(54) Pause Young (Allocation Failure)
[20.704s][info][gc,heap        ] GC(54) PSYoungGen: 280512K->0K(317952K)
[20.704s][info][gc,heap        ] GC(54) ParOldGen: 57024K->57896K(699392K)
[20.704s][info][gc,metaspace   ] GC(54) Metaspace: 23557K(24576K)->23557K(24576K) NonClass: 20630K(21248K)->20630K(21248K) Class: 2927K(3328K)->2927K(3328K)
[20.704s][info][gc             ] GC(54) Pause Young (Allocation Failure) 329M->56M(993M) 5.474ms
[20.704s][info][gc,cpu         ] GC(54) User=0.00s Sys=0.00s Real=0.02s
[20.763s][info][gc,start       ] GC(55) Pause Young (Allocation Failure)
[20.764s][info][gc,heap        ] GC(55) PSYoungGen: 285184K->0K(316416K)
[20.764s][info][gc,heap        ] GC(55) ParOldGen: 57896K->57896K(699392K)
[20.764s][info][gc,metaspace   ] GC(55) Metaspace: 23557K(24576K)->23557K(24576K) NonClass: 20630K(21248K)->20630K(21248K) Class: 2927K(3328K)->2927K(3328K)
[20.764s][info][gc             ] GC(55) Pause Young (Allocation Failure) 335M->56M(992M) 0.603ms
[20.764s][info][gc,cpu         ] GC(55) User=0.00s Sys=0.00s Real=0.00s
[20.822s][info][gc,start       ] GC(56) Pause Young (Allocation Failure)
[20.823s][info][gc,heap        ] GC(56) PSYoungGen: 285184K->0K(321024K)
[20.823s][info][gc,heap        ] GC(56) ParOldGen: 57896K->57896K(699392K)
[20.823s][info][gc,metaspace   ] GC(56) Metaspace: 23557K(24576K)->23557K(24576K) NonClass: 20630K(21248K)->20630K(21248K) Class: 2927K(3328K)->2927K(3328K)
[20.823s][info][gc             ] GC(56) Pause Young (Allocation Failure) 335M->56M(996M) 0.760ms
[20.823s][info][gc,cpu         ] GC(56) User=0.00s Sys=0.00s Real=0.00s
[20.865s][info][gc,start       ] GC(57) Pause Young (System.gc())
[20.866s][info][gc,heap        ] GC(57) PSYoungGen: 128140K->678K(319488K)
[20.866s][info][gc,heap        ] GC(57) ParOldGen: 57896K->57896K(699392K)
[20.866s][info][gc,metaspace   ] GC(57) Metaspace: 23558K(24576K)->23558K(24576K) NonClass: 20630K(21248K)->20630K(21248K) Class: 2927K(3328K)->2927K(3328K)
[20.866s][info][gc             ] GC(57) Pause Young (System.gc()) 181M->57M(995M) 1.043ms
[20.866s][info][gc,cpu         ] GC(57) User=0.00s Sys=0.00s Real=0.00s
[20.866s][info][gc,start       ] GC(58) Pause Full (System.gc())
[20.866s][info][gc,phases,start] GC(58) Marking Phase
[20.870s][info][gc,phases      ] GC(58) Marking Phase 4.710ms
[20.870s][info][gc,phases,start] GC(58) Summary Phase
[20.870s][info][gc,phases      ] GC(58) Summary Phase 0.009ms
[20.870s][info][gc,phases,start] GC(58) Adjust Roots
[20.873s][info][gc,phases      ] GC(58) Adjust Roots 2.180ms
[20.873s][info][gc,phases,start] GC(58) Compaction Phase
[20.875s][info][gc,phases      ] GC(58) Compaction Phase 2.255ms
[20.875s][info][gc,phases,start] GC(58) Post Compact
[20.875s][info][gc,phases      ] GC(58) Post Compact 0.396ms
[20.875s][info][gc,heap        ] GC(58) PSYoungGen: 678K->0K(319488K)
[20.875s][info][gc,heap        ] GC(58) ParOldGen: 57896K->4979K(699392K)
[20.875s][info][gc,metaspace   ] GC(58) Metaspace: 23558K(24576K)->23558K(24576K) NonClass: 20630K(21248K)->20630K(21248K) Class: 2927K(3328K)->2927K(3328K)
[20.875s][info][gc             ] GC(58) Pause Full (System.gc()) 57M->4M(995M) 9.775ms
[20.875s][info][gc,cpu         ] GC(58) User=0.00s Sys=0.00s Real=0.02s
[22.545s][info][gc,start       ] GC(59) Pause Young (Allocation Failure)
[22.557s][info][gc,heap        ] GC(59) PSYoungGen: 291328K->26165K(310272K)
[22.557s][info][gc,heap        ] GC(59) ParOldGen: 4979K->4979K(699392K)
[22.557s][info][gc,metaspace   ] GC(59) Metaspace: 23559K(24576K)->23559K(24576K) NonClass: 20631K(21248K)->20631K(21248K) Class: 2927K(3328K)->2927K(3328K)
[22.557s][info][gc             ] GC(59) Pause Young (Allocation Failure) 289M->30M(986M) 12.163ms
[22.557s][info][gc,cpu         ] GC(59) User=0.02s Sys=0.00s Real=0.02s
[22.615s][info][gc,start       ] GC(60) Pause Young (Allocation Failure)
[22.631s][info][gc,heap        ] GC(60) PSYoungGen: 309813K->0K(316416K)
[22.631s][info][gc,heap        ] GC(60) ParOldGen: 4979K->31147K(699392K)
[22.631s][info][gc,metaspace   ] GC(60) Metaspace: 23559K(24576K)->23559K(24576K) NonClass: 20631K(21248K)->20631K(21248K) Class: 2927K(3328K)->2927K(3328K)
[22.631s][info][gc             ] GC(60) Pause Young (Allocation Failure) 307M->30M(992M) 16.109ms
[22.631s][info][gc,cpu         ] GC(60) User=0.02s Sys=0.00s Real=0.02s
[22.688s][info][gc,start       ] GC(61) Pause Young (Allocation Failure)
[22.689s][info][gc,heap        ] GC(61) PSYoungGen: 283648K->0K(319488K)
[22.689s][info][gc,heap        ] GC(61) ParOldGen: 31147K->31147K(699392K)
[22.689s][info][gc,metaspace   ] GC(61) Metaspace: 23559K(24576K)->23559K(24576K) NonClass: 20631K(21248K)->20631K(21248K) Class: 2927K(3328K)->2927K(3328K)
[22.689s][info][gc             ] GC(61) Pause Young (Allocation Failure) 307M->30M(995M) 0.743ms
[22.689s][info][gc,cpu         ] GC(61) User=0.00s Sys=0.00s Real=0.00s
[22.748s][info][gc,start       ] GC(62) Pause Young (Allocation Failure)
[22.749s][info][gc,heap        ] GC(62) PSYoungGen: 288256K->0K(317952K)
[22.749s][info][gc,heap        ] GC(62) ParOldGen: 31147K->31147K(699392K)
[22.749s][info][gc,metaspace   ] GC(62) Metaspace: 23559K(24576K)->23559K(24576K) NonClass: 20631K(21248K)->20631K(21248K) Class: 2927K(3328K)->2927K(3328K)
[22.749s][info][gc             ] GC(62) Pause Young (Allocation Failure) 311M->30M(993M) 0.817ms
[22.749s][info][gc,cpu         ] GC(62) User=0.00s Sys=0.00s Real=0.00s
[24.433s][info][gc,start       ] GC(63) Pause Young (Allocation Failure)
[24.445s][info][gc,heap        ] GC(63) PSYoungGen: 288256K->26747K(309760K)
[24.445s][info][gc,heap        ] GC(63) ParOldGen: 31147K->31147K(699392K)
[24.445s][info][gc,metaspace   ] GC(63) Metaspace: 23559K(24576K)->23559K(24576K) NonClass: 20631K(21248K)->20631K(21248K) Class: 2927K(3328K)->2927K(3328K)
[24.445s][info][gc             ] GC(63) Pause Young (Allocation Failure) 311M->56M(985M) 11.607ms
[24.445s][info][gc,cpu         ] GC(63) User=0.02s Sys=0.00s Real=0.01s
[24.502s][info][gc,start       ] GC(64) Pause Young (Allocation Failure)
[24.518s][info][gc,heap        ] GC(64) PSYoungGen: 308347K->0K(315392K)
[24.518s][info][gc,heap        ] GC(64) ParOldGen: 31147K->57896K(699392K)
[24.518s][info][gc,metaspace   ] GC(64) Metaspace: 23559K(24576K)->23559K(24576K) NonClass: 20631K(21248K)->20631K(21248K) Class: 2927K(3328K)->2927K(3328K)
[24.518s][info][gc             ] GC(64) Pause Young (Allocation Failure) 331M->56M(991M) 15.743ms
[24.518s][info][gc,cpu         ] GC(64) User=0.02s Sys=0.00s Real=0.02s
[24.575s][info][gc,start       ] GC(65) Pause Young (Allocation Failure)
[24.576s][info][gc,heap        ] GC(65) PSYoungGen: 281600K->0K(318464K)
[24.576s][info][gc,heap        ] GC(65) ParOldGen: 57896K->57896K(699392K)
[24.576s][info][gc,metaspace   ] GC(65) Metaspace: 23559K(24576K)->23559K(24576K) NonClass: 20631K(21248K)->20631K(21248K) Class: 2927K(3328K)->2927K(3328K)
[24.576s][info][gc             ] GC(65) Pause Young (Allocation Failure) 331M->56M(994M) 0.818ms
[24.576s][info][gc,cpu         ] GC(65) User=0.00s Sys=0.00s Real=0.00s
[24.633s][info][gc,start       ] GC(66) Pause Young (Allocation Failure)
[24.634s][info][gc,heap        ] GC(66) PSYoungGen: 286208K->0K(316928K)
[24.634s][info][gc,heap        ] GC(66) ParOldGen: 57896K->57896K(699392K)
[24.634s][info][gc,metaspace   ] GC(66) Metaspace: 23559K(24576K)->23559K(24576K) NonClass: 20631K(21248K)->20631K(21248K) Class: 2927K(3328K)->2927K(3328K)
[24.634s][info][gc             ] GC(66) Pause Young (Allocation Failure) 336M->56M(992M) 0.902ms
[24.634s][info][gc,cpu         ] GC(66) User=0.00s Sys=0.00s Real=0.00s
[24.693s][info][gc,start       ] GC(67) Pause Young (Allocation Failure)
[24.693s][info][gc,heap        ] GC(67) PSYoungGen: 286208K->0K(321536K)
[24.693s][info][gc,heap        ] GC(67) ParOldGen: 57896K->57896K(699392K)
[24.693s][info][gc,metaspace   ] GC(67) Metaspace: 23559K(24576K)->23559K(24576K) NonClass: 20631K(21248K)->20631K(21248K) Class: 2927K(3328K)->2927K(3328K)
[24.693s][info][gc             ] GC(67) Pause Young (Allocation Failure) 336M->56M(997M) 0.907ms
[24.693s][info][gc,cpu         ] GC(67) User=0.00s Sys=0.00s Real=0.00s
[24.731s][info][gc,start       ] GC(68) Pause Young (System.gc())
[24.732s][info][gc,heap        ] GC(68) PSYoungGen: 111081K->646K(320000K)
[24.732s][info][gc,heap        ] GC(68) ParOldGen: 57896K->57896K(699392K)
[24.732s][info][gc,metaspace   ] GC(68) Metaspace: 23559K(24576K)->23559K(24576K) NonClass: 20631K(21248K)->20631K(21248K) Class: 2927K(3328K)->2927K(3328K)
[24.732s][info][gc             ] GC(68) Pause Young (System.gc()) 165M->57M(995M) 1.054ms
[24.732s][info][gc,cpu         ] GC(68) User=0.00s Sys=0.00s Real=0.00s
[24.732s][info][gc,start       ] GC(69) Pause Full (System.gc())
[24.732s][info][gc,phases,start] GC(69) Marking Phase
[24.737s][info][gc,phases      ] GC(69) Marking Phase 5.036ms
[24.737s][info][gc,phases,start] GC(69) Summary Phase
[24.737s][info][gc,phases      ] GC(69) Summary Phase 0.009ms
[24.737s][info][gc,phases,start] GC(69) Adjust Roots
[24.739s][info][gc,phases      ] GC(69) Adjust Roots 2.280ms
[24.739s][info][gc,phases,start] GC(69) Compaction Phase
[24.741s][info][gc,phases      ] GC(69) Compaction Phase 1.853ms
[24.741s][info][gc,phases,start] GC(69) Post Compact
[24.742s][info][gc,phases      ] GC(69) Post Compact 0.416ms
[24.742s][info][gc,heap        ] GC(69) PSYoungGen: 646K->0K(320000K)
[24.742s][info][gc,heap        ] GC(69) ParOldGen: 57896K->4980K(699392K)
[24.742s][info][gc,metaspace   ] GC(69) Metaspace: 23559K(24576K)->23559K(24576K) NonClass: 20631K(21248K)->20631K(21248K) Class: 2927K(3328K)->2927K(3328K)
[24.742s][info][gc             ] GC(69) Pause Full (System.gc()) 57M->4M(995M) 9.867ms
[24.742s][info][gc,cpu         ] GC(69) User=0.02s Sys=0.00s Real=0.02s
[26.414s][info][gc,start       ] GC(70) Pause Young (Allocation Failure)
[26.425s][info][gc,heap        ] GC(70) PSYoungGen: 292352K->26101K(310784K)
[26.425s][info][gc,heap        ] GC(70) ParOldGen: 4980K->5004K(699392K)
[26.425s][info][gc,metaspace   ] GC(70) Metaspace: 23562K(24576K)->23562K(24576K) NonClass: 20634K(21248K)->20634K(21248K) Class: 2927K(3328K)->2927K(3328K)
[26.425s][info][gc             ] GC(70) Pause Young (Allocation Failure) 290M->30M(986M) 10.996ms
[26.425s][info][gc,cpu         ] GC(70) User=0.03s Sys=0.00s Real=0.02s
[26.484s][info][gc,start       ] GC(71) Pause Young (Allocation Failure)
[26.499s][info][gc,heap        ] GC(71) PSYoungGen: 310773K->0K(316928K)
[26.499s][info][gc,heap        ] GC(71) ParOldGen: 5004K->31147K(699392K)
[26.499s][info][gc,metaspace   ] GC(71) Metaspace: 23562K(24576K)->23562K(24576K) NonClass: 20634K(21248K)->20634K(21248K) Class: 2927K(3328K)->2927K(3328K)
[26.499s][info][gc             ] GC(71) Pause Young (Allocation Failure) 308M->30M(992M) 14.676ms
[26.499s][info][gc,cpu         ] GC(71) User=0.02s Sys=0.00s Real=0.02s
[26.556s][info][gc,start       ] GC(72) Pause Young (Allocation Failure)
[26.557s][info][gc,heap        ] GC(72) PSYoungGen: 284672K->0K(320000K)
[26.557s][info][gc,heap        ] GC(72) ParOldGen: 31147K->31147K(699392K)
[26.557s][info][gc,metaspace   ] GC(72) Metaspace: 23562K(24576K)->23562K(24576K) NonClass: 20634K(21248K)->20634K(21248K) Class: 2927K(3328K)->2927K(3328K)
[26.557s][info][gc             ] GC(72) Pause Young (Allocation Failure) 308M->30M(995M) 0.710ms
[26.557s][info][gc,cpu         ] GC(72) User=0.00s Sys=0.00s Real=0.00s
[26.615s][info][gc,start       ] GC(73) Pause Young (Allocation Failure)
[26.616s][info][gc,heap        ] GC(73) PSYoungGen: 289280K->0K(318464K)
[26.616s][info][gc,heap        ] GC(73) ParOldGen: 31147K->31147K(699392K)
[26.616s][info][gc,metaspace   ] GC(73) Metaspace: 23562K(24576K)->23562K(24576K) NonClass: 20634K(21248K)->20634K(21248K) Class: 2927K(3328K)->2927K(3328K)
[26.616s][info][gc             ] GC(73) Pause Young (Allocation Failure) 312M->30M(994M) 0.585ms
[26.616s][info][gc,cpu         ] GC(73) User=0.00s Sys=0.00s Real=0.00s
[28.299s][info][gc,start       ] GC(74) Pause Young (Allocation Failure)
[28.310s][info][gc,heap        ] GC(74) PSYoungGen: 289280K->26733K(309248K)
[28.310s][info][gc,heap        ] GC(74) ParOldGen: 31147K->31147K(699392K)
[28.310s][info][gc,metaspace   ] GC(74) Metaspace: 23563K(24576K)->23563K(24576K) NonClass: 20635K(21248K)->20635K(21248K) Class: 2927K(3328K)->2927K(3328K)
[28.310s][info][gc             ] GC(74) Pause Young (Allocation Failure) 312M->56M(985M) 11.431ms
[28.310s][info][gc,cpu         ] GC(74) User=0.00s Sys=0.00s Real=0.00s
[28.367s][info][gc,start       ] GC(75) Pause Young (Allocation Failure)
[28.383s][info][gc,heap        ] GC(75) PSYoungGen: 308333K->0K(315392K)
[28.383s][info][gc,heap        ] GC(75) ParOldGen: 31147K->57873K(699392K)
[28.383s][info][gc,metaspace   ] GC(75) Metaspace: 23563K(24576K)->23563K(24576K) NonClass: 20635K(21248K)->20635K(21248K) Class: 2927K(3328K)->2927K(3328K)
[28.383s][info][gc             ] GC(75) Pause Young (Allocation Failure) 331M->56M(991M) 16.165ms
[28.383s][info][gc,cpu         ] GC(75) User=0.02s Sys=0.00s Real=0.01s
[28.440s][info][gc,start       ] GC(76) Pause Young (Allocation Failure)
[28.441s][info][gc,heap        ] GC(76) PSYoungGen: 281600K->0K(318464K)
[28.441s][info][gc,heap        ] GC(76) ParOldGen: 57873K->57873K(699392K)
[28.441s][info][gc,metaspace   ] GC(76) Metaspace: 23563K(24576K)->23563K(24576K) NonClass: 20635K(21248K)->20635K(21248K) Class: 2927K(3328K)->2927K(3328K)
[28.441s][info][gc             ] GC(76) Pause Young (Allocation Failure) 331M->56M(994M) 0.715ms
[28.441s][info][gc,cpu         ] GC(76) User=0.00s Sys=0.00s Real=0.00s
[28.499s][info][gc,start       ] GC(77) Pause Young (Allocation Failure)
[28.500s][info][gc,heap        ] GC(77) PSYoungGen: 286208K->0K(316928K)
[28.500s][info][gc,heap        ] GC(77) ParOldGen: 57873K->57873K(699392K)
[28.500s][info][gc,metaspace   ] GC(77) Metaspace: 23563K(24576K)->23563K(24576K) NonClass: 20635K(21248K)->20635K(21248K) Class: 2927K(3328K)->2927K(3328K)
[28.500s][info][gc             ] GC(77) Pause Young (Allocation Failure) 336M->56M(992M) 0.616ms
[28.500s][info][gc,cpu         ] GC(77) User=0.00s Sys=0.00s Real=0.00s
[28.558s][info][gc,start       ] GC(78) Pause Young (Allocation Failure)
[28.558s][info][gc,heap        ] GC(78) PSYoungGen: 286208K->0K(321536K)
[28.558s][info][gc,heap        ] GC(78) ParOldGen: 57873K->57873K(699392K)
[28.558s][info][gc,metaspace   ] GC(78) Metaspace: 23563K(24576K)->23563K(24576K) NonClass: 20635K(21248K)->20635K(21248K) Class: 2927K(3328K)->2927K(3328K)
[28.558s][info][gc             ] GC(78) Pause Young (Allocation Failure) 336M->56M(997M) 0.675ms
[28.558s][info][gc,cpu         ] GC(78) User=0.00s Sys=0.00s Real=0.00s
[28.595s][info][gc,start       ] GC(79) Pause Young (System.gc())
[28.596s][info][gc,heap        ] GC(79) PSYoungGen: 105236K->678K(320000K)
[28.596s][info][gc,heap        ] GC(79) ParOldGen: 57873K->57873K(699392K)
[28.596s][info][gc,metaspace   ] GC(79) Metaspace: 23563K(24576K)->23563K(24576K) NonClass: 20635K(21248K)->20635K(21248K) Class: 2927K(3328K)->2927K(3328K)
[28.596s][info][gc             ] GC(79) Pause Young (System.gc()) 159M->57M(995M) 1.099ms
[28.596s][info][gc,cpu         ] GC(79) User=0.00s Sys=0.00s Real=0.02s
[28.596s][info][gc,start       ] GC(80) Pause Full (System.gc())
[28.596s][info][gc,phases,start] GC(80) Marking Phase
[28.600s][info][gc,phases      ] GC(80) Marking Phase 4.640ms
[28.601s][info][gc,phases,start] GC(80) Summary Phase
[28.601s][info][gc,phases      ] GC(80) Summary Phase 0.010ms
[28.601s][info][gc,phases,start] GC(80) Adjust Roots
[28.603s][info][gc,phases      ] GC(80) Adjust Roots 2.350ms
[28.603s][info][gc,phases,start] GC(80) Compaction Phase
[28.606s][info][gc,phases      ] GC(80) Compaction Phase 2.553ms
[28.606s][info][gc,phases,start] GC(80) Post Compact
[28.606s][info][gc,phases      ] GC(80) Post Compact 0.336ms
[28.606s][info][gc,heap        ] GC(80) PSYoungGen: 678K->0K(320000K)
[28.606s][info][gc,heap        ] GC(80) ParOldGen: 57873K->4980K(699392K)
[28.606s][info][gc,metaspace   ] GC(80) Metaspace: 23563K(24576K)->23563K(24576K) NonClass: 20635K(21248K)->20635K(21248K) Class: 2927K(3328K)->2927K(3328K)
[28.606s][info][gc             ] GC(80) Pause Full (System.gc()) 57M->4M(995M) 10.121ms
[28.606s][info][gc,cpu         ] GC(80) User=0.00s Sys=0.00s Real=0.00s
[30.278s][info][gc,start       ] GC(81) Pause Young (Allocation Failure)
[30.289s][info][gc,heap        ] GC(81) PSYoungGen: 292352K->26101K(311808K)
[30.289s][info][gc,heap        ] GC(81) ParOldGen: 4980K->5004K(699392K)
[30.289s][info][gc,metaspace   ] GC(81) Metaspace: 23568K(24576K)->23568K(24576K) NonClass: 20640K(21248K)->20640K(21248K) Class: 2927K(3328K)->2927K(3328K)
[30.289s][info][gc             ] GC(81) Pause Young (Allocation Failure) 290M->30M(987M) 11.072ms
[30.289s][info][gc,cpu         ] GC(81) User=0.00s Sys=0.00s Real=0.00s
[30.347s][info][gc,start       ] GC(82) Pause Young (Allocation Failure)
[30.363s][info][gc,heap        ] GC(82) PSYoungGen: 311797K->0K(317440K)
[30.363s][info][gc,heap        ] GC(82) ParOldGen: 5004K->31148K(699392K)
[30.363s][info][gc,metaspace   ] GC(82) Metaspace: 23568K(24576K)->23568K(24576K) NonClass: 20640K(21248K)->20640K(21248K) Class: 2927K(3328K)->2927K(3328K)
[30.363s][info][gc             ] GC(82) Pause Young (Allocation Failure) 309M->30M(993M) 15.695ms
[30.363s][info][gc,cpu         ] GC(82) User=0.02s Sys=0.00s Real=0.02s
[30.421s][info][gc,start       ] GC(83) Pause Young (Allocation Failure)
[30.421s][info][gc,heap        ] GC(83) PSYoungGen: 285696K->0K(320000K)
[30.421s][info][gc,heap        ] GC(83) ParOldGen: 31148K->31148K(699392K)
[30.421s][info][gc,metaspace   ] GC(83) Metaspace: 23568K(24576K)->23568K(24576K) NonClass: 20640K(21248K)->20640K(21248K) Class: 2927K(3328K)->2927K(3328K)
[30.421s][info][gc             ] GC(83) Pause Young (Allocation Failure) 309M->30M(995M) 0.681ms
[30.421s][info][gc,cpu         ] GC(83) User=0.00s Sys=0.00s Real=0.00s
[30.480s][info][gc,start       ] GC(84) Pause Young (Allocation Failure)
[30.480s][info][gc,heap        ] GC(84) PSYoungGen: 289792K->0K(318976K)
[30.480s][info][gc,heap        ] GC(84) ParOldGen: 31148K->31148K(699392K)
[30.480s][info][gc,metaspace   ] GC(84) Metaspace: 23568K(24576K)->23568K(24576K) NonClass: 20640K(21248K)->20640K(21248K) Class: 2927K(3328K)->2927K(3328K)
[30.480s][info][gc             ] GC(84) Pause Young (Allocation Failure) 313M->30M(994M) 0.543ms
[30.480s][info][gc,cpu         ] GC(84) User=0.00s Sys=0.00s Real=0.00s
[32.167s][info][gc,start       ] GC(85) Pause Young (Allocation Failure)
[32.178s][info][gc,heap        ] GC(85) PSYoungGen: 289792K->26747K(310272K)
[32.178s][info][gc,heap        ] GC(85) ParOldGen: 31148K->31148K(699392K)
[32.178s][info][gc,metaspace   ] GC(85) Metaspace: 23568K(24576K)->23568K(24576K) NonClass: 20640K(21248K)->20640K(21248K) Class: 2927K(3328K)->2927K(3328K)
[32.178s][info][gc             ] GC(85) Pause Young (Allocation Failure) 313M->56M(986M) 11.727ms
[32.178s][info][gc,cpu         ] GC(85) User=0.02s Sys=0.00s Real=0.02s
[32.236s][info][gc,start       ] GC(86) Pause Young (Allocation Failure)
[32.251s][info][gc,heap        ] GC(86) PSYoungGen: 309371K->0K(315904K)
[32.251s][info][gc,heap        ] GC(86) ParOldGen: 31148K->57898K(699392K)
[32.251s][info][gc,metaspace   ] GC(86) Metaspace: 23568K(24576K)->23568K(24576K) NonClass: 20640K(21248K)->20640K(21248K) Class: 2927K(3328K)->2927K(3328K)
[32.251s][info][gc             ] GC(86) Pause Young (Allocation Failure) 332M->56M(991M) 15.731ms
[32.251s][info][gc,cpu         ] GC(86) User=0.02s Sys=0.00s Real=0.01s
[32.309s][info][gc,start       ] GC(87) Pause Young (Allocation Failure)
[32.310s][info][gc,heap        ] GC(87) PSYoungGen: 282624K->0K(318976K)
[32.310s][info][gc,heap        ] GC(87) ParOldGen: 57898K->57898K(699392K)
[32.310s][info][gc,metaspace   ] GC(87) Metaspace: 23568K(24576K)->23568K(24576K) NonClass: 20640K(21248K)->20640K(21248K) Class: 2927K(3328K)->2927K(3328K)
[32.310s][info][gc             ] GC(87) Pause Young (Allocation Failure) 332M->56M(994M) 0.905ms
[32.310s][info][gc,cpu         ] GC(87) User=0.00s Sys=0.00s Real=0.00s
[32.368s][info][gc,start       ] GC(88) Pause Young (Allocation Failure)
[32.369s][info][gc,heap        ] GC(88) PSYoungGen: 287232K->0K(317440K)
[32.369s][info][gc,heap        ] GC(88) ParOldGen: 57898K->57898K(699392K)
[32.369s][info][gc,metaspace   ] GC(88) Metaspace: 23568K(24576K)->23568K(24576K) NonClass: 20640K(21248K)->20640K(21248K) Class: 2927K(3328K)->2927K(3328K)
[32.369s][info][gc             ] GC(88) Pause Young (Allocation Failure) 337M->56M(993M) 1.038ms
[32.369s][info][gc,cpu         ] GC(88) User=0.00s Sys=0.00s Real=0.00s
[32.427s][info][gc,start       ] GC(89) Pause Young (Allocation Failure)
[32.428s][info][gc,heap        ] GC(89) PSYoungGen: 287232K->0K(322048K)
[32.428s][info][gc,heap        ] GC(89) ParOldGen: 57898K->57898K(699392K)
[32.428s][info][gc,metaspace   ] GC(89) Metaspace: 23568K(24576K)->23568K(24576K) NonClass: 20640K(21248K)->20640K(21248K) Class: 2927K(3328K)->2927K(3328K)
[32.428s][info][gc             ] GC(89) Pause Young (Allocation Failure) 337M->56M(997M) 0.735ms
[32.428s][info][gc,cpu         ] GC(89) User=0.00s Sys=0.00s Real=0.00s
[32.463s][info][gc,start       ] GC(90) Pause Young (System.gc())
[32.464s][info][gc,heap        ] GC(90) PSYoungGen: 93871K->710K(320512K)
[32.464s][info][gc,heap        ] GC(90) ParOldGen: 57898K->57898K(699392K)
[32.464s][info][gc,metaspace   ] GC(90) Metaspace: 23568K(24576K)->23568K(24576K) NonClass: 20640K(21248K)->20640K(21248K) Class: 2927K(3328K)->2927K(3328K)
[32.464s][info][gc             ] GC(90) Pause Young (System.gc()) 148M->57M(996M) 0.981ms
[32.464s][info][gc,cpu         ] GC(90) User=0.00s Sys=0.00s Real=0.00s
[32.464s][info][gc,start       ] GC(91) Pause Full (System.gc())
[32.464s][info][gc,phases,start] GC(91) Marking Phase
[32.469s][info][gc,phases      ] GC(91) Marking Phase 4.752ms
[32.469s][info][gc,phases,start] GC(91) Summary Phase
[32.469s][info][gc,phases      ] GC(91) Summary Phase 0.009ms
[32.469s][info][gc,phases,start] GC(91) Adjust Roots
[32.471s][info][gc,phases      ] GC(91) Adjust Roots 2.246ms
[32.471s][info][gc,phases,start] GC(91) Compaction Phase
[32.474s][info][gc,phases      ] GC(91) Compaction Phase 2.305ms
[32.474s][info][gc,phases,start] GC(91) Post Compact
[32.474s][info][gc,phases      ] GC(91) Post Compact 0.344ms
[32.474s][info][gc,heap        ] GC(91) PSYoungGen: 710K->0K(320512K)
[32.474s][info][gc,heap        ] GC(91) ParOldGen: 57898K->4981K(699392K)
[32.474s][info][gc,metaspace   ] GC(91) Metaspace: 23568K(24576K)->23568K(24576K) NonClass: 20640K(21248K)->20640K(21248K) Class: 2927K(3328K)->2927K(3328K)
[32.474s][info][gc             ] GC(91) Pause Full (System.gc()) 57M->4M(996M) 9.860ms
[32.474s][info][gc,cpu         ] GC(91) User=0.02s Sys=0.00s Real=0.02s
[34.143s][info][gc,start       ] GC(92) Pause Young (Allocation Failure)
[34.154s][info][gc,heap        ] GC(92) PSYoungGen: 293376K->25589K(311296K)
[34.155s][info][gc,heap        ] GC(92) ParOldGen: 4981K->5501K(699392K)
[34.155s][info][gc,metaspace   ] GC(92) Metaspace: 23569K(24576K)->23569K(24576K) NonClass: 20641K(21248K)->20641K(21248K) Class: 2927K(3328K)->2927K(3328K)
[34.155s][info][gc             ] GC(92) Pause Young (Allocation Failure) 291M->30M(987M) 11.484ms
[34.155s][info][gc,cpu         ] GC(92) User=0.02s Sys=0.00s Real=0.01s
[34.212s][info][gc,start       ] GC(93) Pause Young (Allocation Failure)
[34.228s][info][gc,heap        ] GC(93) PSYoungGen: 311285K->0K(317440K)
[34.228s][info][gc,heap        ] GC(93) ParOldGen: 5501K->31180K(699392K)
[34.228s][info][gc,metaspace   ] GC(93) Metaspace: 23569K(24576K)->23569K(24576K) NonClass: 20641K(21248K)->20641K(21248K) Class: 2927K(3328K)->2927K(3328K)
[34.228s][info][gc             ] GC(93) Pause Young (Allocation Failure) 309M->30M(993M) 16.105ms
[34.228s][info][gc,cpu         ] GC(93) User=0.00s Sys=0.00s Real=0.00s
[34.287s][info][gc,start       ] GC(94) Pause Young (Allocation Failure)
[34.287s][info][gc,heap        ] GC(94) PSYoungGen: 285696K->0K(320512K)
[34.287s][info][gc,heap        ] GC(94) ParOldGen: 31180K->31180K(699392K)
[34.287s][info][gc,metaspace   ] GC(94) Metaspace: 23569K(24576K)->23569K(24576K) NonClass: 20641K(21248K)->20641K(21248K) Class: 2927K(3328K)->2927K(3328K)
[34.287s][info][gc             ] GC(94) Pause Young (Allocation Failure) 309M->30M(996M) 0.611ms
[34.287s][info][gc,cpu         ] GC(94) User=0.00s Sys=0.00s Real=0.00s
[34.346s][info][gc,start       ] GC(95) Pause Young (Allocation Failure)
[34.346s][info][gc,heap        ] GC(95) PSYoungGen: 290304K->0K(318976K)
[34.346s][info][gc,heap        ] GC(95) ParOldGen: 31180K->31180K(699392K)
[34.346s][info][gc,metaspace   ] GC(95) Metaspace: 23569K(24576K)->23569K(24576K) NonClass: 20641K(21248K)->20641K(21248K) Class: 2927K(3328K)->2927K(3328K)
[34.346s][info][gc             ] GC(95) Pause Young (Allocation Failure) 313M->30M(994M) 0.576ms
[34.347s][info][gc,cpu         ] GC(95) User=0.00s Sys=0.00s Real=0.00s
[36.032s][info][gc,start       ] GC(96) Pause Young (Allocation Failure)
[36.043s][info][gc,heap        ] GC(96) PSYoungGen: 290304K->26701K(309760K)
[36.043s][info][gc,heap        ] GC(96) ParOldGen: 31180K->31180K(699392K)
[36.043s][info][gc,metaspace   ] GC(96) Metaspace: 23569K(24576K)->23569K(24576K) NonClass: 20641K(21248K)->20641K(21248K) Class: 2927K(3328K)->2927K(3328K)
[36.043s][info][gc             ] GC(96) Pause Young (Allocation Failure) 313M->56M(985M) 11.665ms
[36.044s][info][gc,cpu         ] GC(96) User=0.02s Sys=0.00s Real=0.01s
[36.101s][info][gc,start       ] GC(97) Pause Young (Allocation Failure)
[36.117s][info][gc,heap        ] GC(97) PSYoungGen: 309325K->0K(315904K)
[36.118s][info][gc,heap        ] GC(97) ParOldGen: 31180K->57914K(699392K)
[36.118s][info][gc,metaspace   ] GC(97) Metaspace: 23569K(24576K)->23569K(24576K) NonClass: 20641K(21248K)->20641K(21248K) Class: 2927K(3328K)->2927K(3328K)
[36.118s][info][gc             ] GC(97) Pause Young (Allocation Failure) 332M->56M(991M) 16.326ms
[36.118s][info][gc,cpu         ] GC(97) User=0.08s Sys=0.00s Real=0.02s
[36.175s][info][gc,start       ] GC(98) Pause Young (Allocation Failure)
[36.175s][info][gc,heap        ] GC(98) PSYoungGen: 282624K->0K(318976K)
[36.175s][info][gc,heap        ] GC(98) ParOldGen: 57914K->57914K(699392K)
[36.175s][info][gc,metaspace   ] GC(98) Metaspace: 23569K(24576K)->23569K(24576K) NonClass: 20641K(21248K)->20641K(21248K) Class: 2927K(3328K)->2927K(3328K)
[36.175s][info][gc             ] GC(98) Pause Young (Allocation Failure) 332M->56M(994M) 0.670ms
[36.175s][info][gc,cpu         ] GC(98) User=0.00s Sys=0.00s Real=0.00s
[36.233s][info][gc,start       ] GC(99) Pause Young (Allocation Failure)
[36.234s][info][gc,heap        ] GC(99) PSYoungGen: 287232K->0K(317440K)
[36.234s][info][gc,heap        ] GC(99) ParOldGen: 57914K->57914K(699392K)
[36.234s][info][gc,metaspace   ] GC(99) Metaspace: 23569K(24576K)->23569K(24576K) NonClass: 20641K(21248K)->20641K(21248K) Class: 2927K(3328K)->2927K(3328K)
[36.234s][info][gc             ] GC(99) Pause Young (Allocation Failure) 337M->56M(993M) 0.757ms
[36.234s][info][gc,cpu         ] GC(99) User=0.00s Sys=0.00s Real=0.00s
[36.292s][info][gc,start       ] GC(100) Pause Young (Allocation Failure)
[36.292s][info][gc,heap        ] GC(100) PSYoungGen: 287232K->0K(322048K)
[36.292s][info][gc,heap        ] GC(100) ParOldGen: 57914K->57914K(699392K)
[36.292s][info][gc,metaspace   ] GC(100) Metaspace: 23569K(24576K)->23569K(24576K) NonClass: 20641K(21248K)->20641K(21248K) Class: 2927K(3328K)->2927K(3328K)
[36.292s][info][gc             ] GC(100) Pause Young (Allocation Failure) 337M->56M(997M) 0.580ms
[36.292s][info][gc,cpu         ] GC(100) User=0.00s Sys=0.00s Real=0.00s
[36.328s][info][gc,start       ] GC(101) Pause Young (System.gc())
[36.328s][info][gc,heap        ] GC(101) PSYoungGen: 93869K->678K(320512K)
[36.329s][info][gc,heap        ] GC(101) ParOldGen: 57914K->57914K(699392K)
[36.329s][info][gc,metaspace   ] GC(101) Metaspace: 23574K(24576K)->23574K(24576K) NonClass: 20646K(21248K)->20646K(21248K) Class: 2927K(3328K)->2927K(3328K)
[36.329s][info][gc             ] GC(101) Pause Young (System.gc()) 148M->57M(996M) 1.002ms
[36.329s][info][gc,cpu         ] GC(101) User=0.00s Sys=0.00s Real=0.00s
[36.329s][info][gc,start       ] GC(102) Pause Full (System.gc())
[36.329s][info][gc,phases,start] GC(102) Marking Phase
[36.333s][info][gc,phases      ] GC(102) Marking Phase 3.945ms
[36.333s][info][gc,phases,start] GC(102) Summary Phase
[36.333s][info][gc,phases      ] GC(102) Summary Phase 0.010ms
[36.333s][info][gc,phases,start] GC(102) Adjust Roots
[36.335s][info][gc,phases      ] GC(102) Adjust Roots 2.232ms
[36.335s][info][gc,phases,start] GC(102) Compaction Phase
[36.338s][info][gc,phases      ] GC(102) Compaction Phase 2.671ms
[36.338s][info][gc,phases,start] GC(102) Post Compact
[36.338s][info][gc,phases      ] GC(102) Post Compact 0.320ms
[36.338s][info][gc,heap        ] GC(102) PSYoungGen: 678K->0K(320512K)
[36.338s][info][gc,heap        ] GC(102) ParOldGen: 57914K->4981K(699392K)
[36.338s][info][gc,metaspace   ] GC(102) Metaspace: 23574K(24576K)->23574K(24576K) NonClass: 20646K(21248K)->20646K(21248K) Class: 2927K(3328K)->2927K(3328K)
[36.338s][info][gc             ] GC(102) Pause Full (System.gc()) 57M->4M(996M) 9.409ms
[36.338s][info][gc,cpu         ] GC(102) User=0.00s Sys=0.00s Real=0.02s
[38.009s][info][gc,start       ] GC(103) Pause Young (Allocation Failure)
[38.020s][info][gc,heap        ] GC(103) PSYoungGen: 293376K->25589K(311296K)
[38.020s][info][gc,heap        ] GC(103) ParOldGen: 4981K->5485K(699392K)
[38.020s][info][gc,metaspace   ] GC(103) Metaspace: 23578K(24576K)->23578K(24576K) NonClass: 20650K(21248K)->20650K(21248K) Class: 2927K(3328K)->2927K(3328K)
[38.020s][info][gc             ] GC(103) Pause Young (Allocation Failure) 291M->30M(987M) 11.159ms
[38.020s][info][gc,cpu         ] GC(103) User=0.02s Sys=0.00s Real=0.02s
[38.078s][info][gc,start       ] GC(104) Pause Young (Allocation Failure)
[38.094s][info][gc,heap        ] GC(104) PSYoungGen: 311285K->0K(317440K)
[38.094s][info][gc,heap        ] GC(104) ParOldGen: 5485K->31164K(699392K)
[38.094s][info][gc,metaspace   ] GC(104) Metaspace: 23578K(24576K)->23578K(24576K) NonClass: 20650K(21248K)->20650K(21248K) Class: 2927K(3328K)->2927K(3328K)
[38.094s][info][gc             ] GC(104) Pause Young (Allocation Failure) 309M->30M(993M) 15.856ms
[38.094s][info][gc,cpu         ] GC(104) User=0.02s Sys=0.00s Real=0.01s
[38.152s][info][gc,start       ] GC(105) Pause Young (Allocation Failure)
[38.153s][info][gc,heap        ] GC(105) PSYoungGen: 285696K->0K(320512K)
[38.153s][info][gc,heap        ] GC(105) ParOldGen: 31164K->31164K(699392K)
[38.153s][info][gc,metaspace   ] GC(105) Metaspace: 23578K(24576K)->23578K(24576K) NonClass: 20650K(21248K)->20650K(21248K) Class: 2927K(3328K)->2927K(3328K)
[38.153s][info][gc             ] GC(105) Pause Young (Allocation Failure) 309M->30M(996M) 0.614ms
[38.153s][info][gc,cpu         ] GC(105) User=0.00s Sys=0.00s Real=0.00s
[38.212s][info][gc,start       ] GC(106) Pause Young (Allocation Failure)
[38.212s][info][gc,heap        ] GC(106) PSYoungGen: 290304K->0K(318976K)
[38.213s][info][gc,heap        ] GC(106) ParOldGen: 31164K->31164K(699392K)
[38.213s][info][gc,metaspace   ] GC(106) Metaspace: 23578K(24576K)->23578K(24576K) NonClass: 20650K(21248K)->20650K(21248K) Class: 2927K(3328K)->2927K(3328K)
[38.213s][info][gc             ] GC(106) Pause Young (Allocation Failure) 313M->30M(994M) 0.959ms
[38.213s][info][gc,cpu         ] GC(106) User=0.00s Sys=0.00s Real=0.00s
[39.896s][info][gc,start       ] GC(107) Pause Young (Allocation Failure)
[39.908s][info][gc,heap        ] GC(107) PSYoungGen: 290304K->26765K(309760K)
[39.908s][info][gc,heap        ] GC(107) ParOldGen: 31164K->31164K(699392K)
[39.908s][info][gc,metaspace   ] GC(107) Metaspace: 23578K(24576K)->23578K(24576K) NonClass: 20650K(21248K)->20650K(21248K) Class: 2927K(3328K)->2927K(3328K)
[39.908s][info][gc             ] GC(107) Pause Young (Allocation Failure) 313M->56M(985M) 12.004ms
[39.908s][info][gc,cpu         ] GC(107) User=0.02s Sys=0.00s Real=0.01s
[39.966s][info][gc,start       ] GC(108) Pause Young (Allocation Failure)
[39.983s][info][gc,heap        ] GC(108) PSYoungGen: 309389K->0K(315904K)
[39.983s][info][gc,heap        ] GC(108) ParOldGen: 31164K->57890K(699392K)
[39.983s][info][gc,metaspace   ] GC(108) Metaspace: 23578K(24576K)->23578K(24576K) NonClass: 20650K(21248K)->20650K(21248K) Class: 2927K(3328K)->2927K(3328K)
[39.983s][info][gc             ] GC(108) Pause Young (Allocation Failure) 332M->56M(991M) 16.882ms
[39.983s][info][gc,cpu         ] GC(108) User=0.08s Sys=0.00s Real=0.02s
[40.040s][info][gc,start       ] GC(109) Pause Young (Allocation Failure)
[40.040s][info][gc,heap        ] GC(109) PSYoungGen: 282624K->0K(318976K)
[40.040s][info][gc,heap        ] GC(109) ParOldGen: 57890K->57890K(699392K)
[40.040s][info][gc,metaspace   ] GC(109) Metaspace: 23578K(24576K)->23578K(24576K) NonClass: 20650K(21248K)->20650K(21248K) Class: 2927K(3328K)->2927K(3328K)
[40.040s][info][gc             ] GC(109) Pause Young (Allocation Failure) 332M->56M(994M) 0.635ms
[40.040s][info][gc,cpu         ] GC(109) User=0.00s Sys=0.00s Real=0.01s
[40.098s][info][gc,start       ] GC(110) Pause Young (Allocation Failure)
[40.099s][info][gc,heap        ] GC(110) PSYoungGen: 287232K->0K(317440K)
[40.099s][info][gc,heap        ] GC(110) ParOldGen: 57890K->57890K(699392K)
[40.099s][info][gc,metaspace   ] GC(110) Metaspace: 23578K(24576K)->23578K(24576K) NonClass: 20650K(21248K)->20650K(21248K) Class: 2927K(3328K)->2927K(3328K)
[40.099s][info][gc             ] GC(110) Pause Young (Allocation Failure) 337M->56M(993M) 0.744ms
[40.099s][info][gc,cpu         ] GC(110) User=0.00s Sys=0.00s Real=0.00s
[40.157s][info][gc,start       ] GC(111) Pause Young (Allocation Failure)
[40.158s][info][gc,heap        ] GC(111) PSYoungGen: 287232K->0K(322048K)
[40.158s][info][gc,heap        ] GC(111) ParOldGen: 57890K->57890K(699392K)
[40.158s][info][gc,metaspace   ] GC(111) Metaspace: 23578K(24576K)->23578K(24576K) NonClass: 20650K(21248K)->20650K(21248K) Class: 2927K(3328K)->2927K(3328K)
[40.158s][info][gc             ] GC(111) Pause Young (Allocation Failure) 337M->56M(997M) 0.649ms
[40.158s][info][gc,cpu         ] GC(111) User=0.00s Sys=0.00s Real=0.00s
[40.192s][info][gc,start       ] GC(112) Pause Young (System.gc())
[40.193s][info][gc,heap        ] GC(112) PSYoungGen: 93866K->678K(320512K)
[40.193s][info][gc,heap        ] GC(112) ParOldGen: 57890K->57890K(699392K)
[40.193s][info][gc,metaspace   ] GC(112) Metaspace: 23578K(24576K)->23578K(24576K) NonClass: 20650K(21248K)->20650K(21248K) Class: 2927K(3328K)->2927K(3328K)
[40.193s][info][gc             ] GC(112) Pause Young (System.gc()) 148M->57M(996M) 1.033ms
[40.193s][info][gc,cpu         ] GC(112) User=0.00s Sys=0.00s Real=0.00s
[40.193s][info][gc,start       ] GC(113) Pause Full (System.gc())
[40.193s][info][gc,phases,start] GC(113) Marking Phase
[40.198s][info][gc,phases      ] GC(113) Marking Phase 4.732ms
[40.198s][info][gc,phases,start] GC(113) Summary Phase
[40.198s][info][gc,phases      ] GC(113) Summary Phase 0.010ms
[40.198s][info][gc,phases,start] GC(113) Adjust Roots
[40.201s][info][gc,phases      ] GC(113) Adjust Roots 2.425ms
[40.201s][info][gc,phases,start] GC(113) Compaction Phase
[40.203s][info][gc,phases      ] GC(113) Compaction Phase 2.732ms
[40.203s][info][gc,phases,start] GC(113) Post Compact
[40.204s][info][gc,phases      ] GC(113) Post Compact 0.337ms
[40.204s][info][gc,heap        ] GC(113) PSYoungGen: 678K->0K(320512K)
[40.204s][info][gc,heap        ] GC(113) ParOldGen: 57890K->4981K(699392K)
[40.204s][info][gc,metaspace   ] GC(113) Metaspace: 23578K(24576K)->23578K(24576K) NonClass: 20650K(21248K)->20650K(21248K) Class: 2927K(3328K)->2927K(3328K)
[40.204s][info][gc             ] GC(113) Pause Full (System.gc()) 57M->4M(996M) 10.485ms
[40.204s][info][gc,cpu         ] GC(113) User=0.00s Sys=0.00s Real=0.02s
[41.877s][info][gc,start       ] GC(114) Pause Young (Allocation Failure)
[41.888s][info][gc,heap        ] GC(114) PSYoungGen: 293376K->25589K(311296K)
[41.889s][info][gc,heap        ] GC(114) ParOldGen: 4981K->5485K(699392K)
[41.889s][info][gc,metaspace   ] GC(114) Metaspace: 23578K(24576K)->23578K(24576K) NonClass: 20650K(21248K)->20650K(21248K) Class: 2927K(3328K)->2927K(3328K)
[41.889s][info][gc             ] GC(114) Pause Young (Allocation Failure) 291M->30M(987M) 11.902ms
[41.889s][info][gc,cpu         ] GC(114) User=0.00s Sys=0.00s Real=0.00s
[41.947s][info][gc,start       ] GC(115) Pause Young (Allocation Failure)
[41.964s][info][gc,heap        ] GC(115) PSYoungGen: 311285K->0K(317440K)
[41.964s][info][gc,heap        ] GC(115) ParOldGen: 5485K->31164K(699392K)
[41.964s][info][gc,metaspace   ] GC(115) Metaspace: 23578K(24576K)->23578K(24576K) NonClass: 20650K(21248K)->20650K(21248K) Class: 2927K(3328K)->2927K(3328K)
[41.964s][info][gc             ] GC(115) Pause Young (Allocation Failure) 309M->30M(993M) 16.990ms
[41.964s][info][gc,cpu         ] GC(115) User=0.08s Sys=0.00s Real=0.01s
[42.022s][info][gc,start       ] GC(116) Pause Young (Allocation Failure)
[42.022s][info][gc,heap        ] GC(116) PSYoungGen: 285696K->0K(320512K)
[42.022s][info][gc,heap        ] GC(116) ParOldGen: 31164K->31164K(699392K)
[42.022s][info][gc,metaspace   ] GC(116) Metaspace: 23578K(24576K)->23578K(24576K) NonClass: 20650K(21248K)->20650K(21248K) Class: 2927K(3328K)->2927K(3328K)
[42.022s][info][gc             ] GC(116) Pause Young (Allocation Failure) 309M->30M(996M) 0.572ms
[42.022s][info][gc,cpu         ] GC(116) User=0.00s Sys=0.00s Real=0.00s
[42.081s][info][gc,start       ] GC(117) Pause Young (Allocation Failure)
[42.081s][info][gc,heap        ] GC(117) PSYoungGen: 290304K->0K(318976K)
[42.081s][info][gc,heap        ] GC(117) ParOldGen: 31164K->31164K(699392K)
[42.081s][info][gc,metaspace   ] GC(117) Metaspace: 23578K(24576K)->23578K(24576K) NonClass: 20650K(21248K)->20650K(21248K) Class: 2927K(3328K)->2927K(3328K)
[42.081s][info][gc             ] GC(117) Pause Young (Allocation Failure) 313M->30M(994M) 0.580ms
[42.081s][info][gc,cpu         ] GC(117) User=0.00s Sys=0.00s Real=0.00s
[43.767s][info][gc,start       ] GC(118) Pause Young (Allocation Failure)
[43.779s][info][gc,heap        ] GC(118) PSYoungGen: 290304K->26747K(309760K)
[43.779s][info][gc,heap        ] GC(118) ParOldGen: 31164K->31164K(699392K)
[43.779s][info][gc,metaspace   ] GC(118) Metaspace: 23580K(24576K)->23580K(24576K) NonClass: 20652K(21248K)->20652K(21248K) Class: 2927K(3328K)->2927K(3328K)
[43.779s][info][gc             ] GC(118) Pause Young (Allocation Failure) 313M->56M(985M) 12.042ms
[43.779s][info][gc,cpu         ] GC(118) User=0.02s Sys=0.00s Real=0.02s
[43.836s][info][gc,start       ] GC(119) Pause Young (Allocation Failure)
[43.853s][info][gc,heap        ] GC(119) PSYoungGen: 309371K->0K(315904K)
[43.853s][info][gc,heap        ] GC(119) ParOldGen: 31164K->57906K(699392K)
[43.853s][info][gc,metaspace   ] GC(119) Metaspace: 23580K(24576K)->23580K(24576K) NonClass: 20652K(21248K)->20652K(21248K) Class: 2927K(3328K)->2927K(3328K)
[43.853s][info][gc             ] GC(119) Pause Young (Allocation Failure) 332M->56M(991M) 16.777ms
[43.853s][info][gc,cpu         ] GC(119) User=0.03s Sys=0.00s Real=0.02s
[43.910s][info][gc,start       ] GC(120) Pause Young (Allocation Failure)
[43.911s][info][gc,heap        ] GC(120) PSYoungGen: 282624K->0K(318976K)
[43.911s][info][gc,heap        ] GC(120) ParOldGen: 57906K->57906K(699392K)
[43.911s][info][gc,metaspace   ] GC(120) Metaspace: 23580K(24576K)->23580K(24576K) NonClass: 20652K(21248K)->20652K(21248K) Class: 2927K(3328K)->2927K(3328K)
[43.911s][info][gc             ] GC(120) Pause Young (Allocation Failure) 332M->56M(994M) 0.840ms
[43.911s][info][gc,cpu         ] GC(120) User=0.00s Sys=0.00s Real=0.00s
[43.969s][info][gc,start       ] GC(121) Pause Young (Allocation Failure)
[43.970s][info][gc,heap        ] GC(121) PSYoungGen: 287232K->0K(317440K)
[43.970s][info][gc,heap        ] GC(121) ParOldGen: 57906K->57906K(699392K)
[43.970s][info][gc,metaspace   ] GC(121) Metaspace: 23580K(24576K)->23580K(24576K) NonClass: 20652K(21248K)->20652K(21248K) Class: 2927K(3328K)->2927K(3328K)
[43.970s][info][gc             ] GC(121) Pause Young (Allocation Failure) 337M->56M(993M) 0.869ms
[43.970s][info][gc,cpu         ] GC(121) User=0.00s Sys=0.00s Real=0.00s
[44.028s][info][gc,start       ] GC(122) Pause Young (Allocation Failure)
[44.028s][info][gc,heap        ] GC(122) PSYoungGen: 287232K->0K(322048K)
[44.028s][info][gc,heap        ] GC(122) ParOldGen: 57906K->57906K(699392K)
[44.028s][info][gc,metaspace   ] GC(122) Metaspace: 23580K(24576K)->23580K(24576K) NonClass: 20652K(21248K)->20652K(21248K) Class: 2927K(3328K)->2927K(3328K)
[44.028s][info][gc             ] GC(122) Pause Young (Allocation Failure) 337M->56M(997M) 0.459ms
[44.028s][info][gc,cpu         ] GC(122) User=0.00s Sys=0.00s Real=0.00s
[44.063s][info][gc,start       ] GC(123) Pause Young (System.gc())
[44.064s][info][gc,heap        ] GC(123) PSYoungGen: 93871K->646K(320512K)
[44.064s][info][gc,heap        ] GC(123) ParOldGen: 57906K->57906K(699392K)
[44.064s][info][gc,metaspace   ] GC(123) Metaspace: 23580K(24576K)->23580K(24576K) NonClass: 20652K(21248K)->20652K(21248K) Class: 2927K(3328K)->2927K(3328K)
[44.064s][info][gc             ] GC(123) Pause Young (System.gc()) 148M->57M(996M) 1.137ms
[44.064s][info][gc,cpu         ] GC(123) User=0.00s Sys=0.00s Real=0.00s
[44.064s][info][gc,start       ] GC(124) Pause Full (System.gc())
[44.064s][info][gc,phases,start] GC(124) Marking Phase
[44.068s][info][gc,phases      ] GC(124) Marking Phase 4.441ms
[44.069s][info][gc,phases,start] GC(124) Summary Phase
[44.069s][info][gc,phases      ] GC(124) Summary Phase 0.013ms
[44.069s][info][gc,phases,start] GC(124) Adjust Roots
[44.071s][info][gc,phases      ] GC(124) Adjust Roots 2.611ms
[44.071s][info][gc,phases,start] GC(124) Compaction Phase
[44.073s][info][gc,phases      ] GC(124) Compaction Phase 2.031ms
[44.073s][info][gc,phases,start] GC(124) Post Compact
[44.074s][info][gc,phases      ] GC(124) Post Compact 0.326ms
[44.074s][info][gc,heap        ] GC(124) PSYoungGen: 646K->0K(320512K)
[44.074s][info][gc,heap        ] GC(124) ParOldGen: 57906K->4981K(699392K)
[44.074s][info][gc,metaspace   ] GC(124) Metaspace: 23580K(24576K)->23580K(24576K) NonClass: 20652K(21248K)->20652K(21248K) Class: 2927K(3328K)->2927K(3328K)
[44.074s][info][gc             ] GC(124) Pause Full (System.gc()) 57M->4M(996M) 9.712ms
[44.074s][info][gc,cpu         ] GC(124) User=0.02s Sys=0.00s Real=0.02s
[45.744s][info][gc,start       ] GC(125) Pause Young (Allocation Failure)
[45.759s][info][gc,heap        ] GC(125) PSYoungGen: 293376K->25589K(311296K)
[45.759s][info][gc,heap        ] GC(125) ParOldGen: 4981K->5469K(699392K)
[45.759s][info][gc,metaspace   ] GC(125) Metaspace: 23583K(24576K)->23583K(24576K) NonClass: 20655K(21248K)->20655K(21248K) Class: 2927K(3328K)->2927K(3328K)
[45.759s][info][gc             ] GC(125) Pause Young (Allocation Failure) 291M->30M(987M) 15.249ms
[45.759s][info][gc,cpu         ] GC(125) User=0.02s Sys=0.00s Real=0.01s
[45.819s][info][gc,start       ] GC(126) Pause Young (Allocation Failure)
[45.835s][info][gc,heap        ] GC(126) PSYoungGen: 311285K->0K(317440K)
[45.835s][info][gc,heap        ] GC(126) ParOldGen: 5469K->31140K(699392K)
[45.835s][info][gc,metaspace   ] GC(126) Metaspace: 23583K(24576K)->23583K(24576K) NonClass: 20655K(21248K)->20655K(21248K) Class: 2927K(3328K)->2927K(3328K)
[45.835s][info][gc             ] GC(126) Pause Young (Allocation Failure) 309M->30M(993M) 16.249ms
[45.835s][info][gc,cpu         ] GC(126) User=0.05s Sys=0.00s Real=0.02s
[45.893s][info][gc,start       ] GC(127) Pause Young (Allocation Failure)
[45.894s][info][gc,heap        ] GC(127) PSYoungGen: 285696K->0K(320512K)
[45.894s][info][gc,heap        ] GC(127) ParOldGen: 31140K->31140K(699392K)
[45.894s][info][gc,metaspace   ] GC(127) Metaspace: 23583K(24576K)->23583K(24576K) NonClass: 20655K(21248K)->20655K(21248K) Class: 2927K(3328K)->2927K(3328K)
[45.894s][info][gc             ] GC(127) Pause Young (Allocation Failure) 309M->30M(996M) 0.634ms
[45.894s][info][gc,cpu         ] GC(127) User=0.00s Sys=0.00s Real=0.00s
[45.953s][info][gc,start       ] GC(128) Pause Young (Allocation Failure)
[45.954s][info][gc,heap        ] GC(128) PSYoungGen: 290304K->0K(318976K)
[45.954s][info][gc,heap        ] GC(128) ParOldGen: 31140K->31140K(699392K)
[45.954s][info][gc,metaspace   ] GC(128) Metaspace: 23583K(24576K)->23583K(24576K) NonClass: 20655K(21248K)->20655K(21248K) Class: 2927K(3328K)->2927K(3328K)
[45.954s][info][gc             ] GC(128) Pause Young (Allocation Failure) 313M->30M(994M) 0.533ms
[45.954s][info][gc,cpu         ] GC(128) User=0.00s Sys=0.00s Real=0.00s
[47.636s][info][gc,start       ] GC(129) Pause Young (Allocation Failure)
[47.648s][info][gc,heap        ] GC(129) PSYoungGen: 290304K->26715K(309760K)
[47.648s][info][gc,heap        ] GC(129) ParOldGen: 31140K->31140K(699392K)
[47.648s][info][gc,metaspace   ] GC(129) Metaspace: 23583K(24576K)->23583K(24576K) NonClass: 20655K(21248K)->20655K(21248K) Class: 2927K(3328K)->2927K(3328K)
[47.648s][info][gc             ] GC(129) Pause Young (Allocation Failure) 313M->56M(985M) 11.485ms
[47.648s][info][gc,cpu         ] GC(129) User=0.02s Sys=0.00s Real=0.01s
[47.705s][info][gc,start       ] GC(130) Pause Young (Allocation Failure)
[47.721s][info][gc,heap        ] GC(130) PSYoungGen: 309339K->0K(315904K)
[47.721s][info][gc,heap        ] GC(130) ParOldGen: 31140K->57882K(699392K)
[47.721s][info][gc,metaspace   ] GC(130) Metaspace: 23583K(24576K)->23583K(24576K) NonClass: 20655K(21248K)->20655K(21248K) Class: 2927K(3328K)->2927K(3328K)
[47.721s][info][gc             ] GC(130) Pause Young (Allocation Failure) 332M->56M(991M) 16.081ms
[47.721s][info][gc,cpu         ] GC(130) User=0.02s Sys=0.00s Real=0.02s
[47.779s][info][gc,start       ] GC(131) Pause Young (Allocation Failure)
[47.780s][info][gc,heap        ] GC(131) PSYoungGen: 282624K->0K(318976K)
[47.780s][info][gc,heap        ] GC(131) ParOldGen: 57882K->57882K(699392K)
[47.780s][info][gc,metaspace   ] GC(131) Metaspace: 23583K(24576K)->23583K(24576K) NonClass: 20655K(21248K)->20655K(21248K) Class: 2927K(3328K)->2927K(3328K)
[47.780s][info][gc             ] GC(131) Pause Young (Allocation Failure) 332M->56M(994M) 1.015ms
[47.780s][info][gc,cpu         ] GC(131) User=0.00s Sys=0.00s Real=0.00s
[47.840s][info][gc,start       ] GC(132) Pause Young (Allocation Failure)
[47.841s][info][gc,heap        ] GC(132) PSYoungGen: 287232K->0K(317440K)
[47.841s][info][gc,heap        ] GC(132) ParOldGen: 57882K->57882K(699392K)
[47.841s][info][gc,metaspace   ] GC(132) Metaspace: 23583K(24576K)->23583K(24576K) NonClass: 20655K(21248K)->20655K(21248K) Class: 2927K(3328K)->2927K(3328K)
[47.841s][info][gc             ] GC(132) Pause Young (Allocation Failure) 337M->56M(993M) 0.896ms
[47.841s][info][gc,cpu         ] GC(132) User=0.00s Sys=0.00s Real=0.00s
[47.899s][info][gc,start       ] GC(133) Pause Young (Allocation Failure)
[47.899s][info][gc,heap        ] GC(133) PSYoungGen: 287232K->0K(322048K)
[47.899s][info][gc,heap        ] GC(133) ParOldGen: 57882K->57882K(699392K)
[47.899s][info][gc,metaspace   ] GC(133) Metaspace: 23583K(24576K)->23583K(24576K) NonClass: 20655K(21248K)->20655K(21248K) Class: 2927K(3328K)->2927K(3328K)
[47.899s][info][gc             ] GC(133) Pause Young (Allocation Failure) 337M->56M(997M) 0.735ms
[47.899s][info][gc,cpu         ] GC(133) User=0.00s Sys=0.00s Real=0.00s
[47.934s][info][gc,start       ] GC(134) Pause Young (System.gc())
[47.935s][info][gc,heap        ] GC(134) PSYoungGen: 93871K->646K(320512K)
[47.935s][info][gc,heap        ] GC(134) ParOldGen: 57882K->57882K(699392K)
[47.935s][info][gc,metaspace   ] GC(134) Metaspace: 23583K(24576K)->23583K(24576K) NonClass: 20655K(21248K)->20655K(21248K) Class: 2927K(3328K)->2927K(3328K)
[47.935s][info][gc             ] GC(134) Pause Young (System.gc()) 148M->57M(996M) 1.071ms
[47.935s][info][gc,cpu         ] GC(134) User=0.00s Sys=0.00s Real=0.00s
[47.935s][info][gc,start       ] GC(135) Pause Full (System.gc())
[47.935s][info][gc,phases,start] GC(135) Marking Phase
[47.939s][info][gc,phases      ] GC(135) Marking Phase 4.182ms
[47.939s][info][gc,phases,start] GC(135) Summary Phase
[47.939s][info][gc,phases      ] GC(135) Summary Phase 0.009ms
[47.939s][info][gc,phases,start] GC(135) Adjust Roots
[47.942s][info][gc,phases      ] GC(135) Adjust Roots 2.443ms
[47.942s][info][gc,phases,start] GC(135) Compaction Phase
[47.943s][info][gc,phases      ] GC(135) Compaction Phase 1.672ms
[47.943s][info][gc,phases,start] GC(135) Post Compact
[47.944s][info][gc,phases      ] GC(135) Post Compact 0.294ms
[47.944s][info][gc,heap        ] GC(135) PSYoungGen: 646K->0K(320512K)
[47.944s][info][gc,heap        ] GC(135) ParOldGen: 57882K->4981K(699392K)
[47.944s][info][gc,metaspace   ] GC(135) Metaspace: 23583K(24576K)->23583K(24576K) NonClass: 20655K(21248K)->20655K(21248K) Class: 2927K(3328K)->2927K(3328K)
[47.944s][info][gc             ] GC(135) Pause Full (System.gc()) 57M->4M(996M) 8.840ms
[47.944s][info][gc,cpu         ] GC(135) User=0.00s Sys=0.00s Real=0.01s
[49.616s][info][gc,start       ] GC(136) Pause Young (Allocation Failure)
[49.627s][info][gc,heap        ] GC(136) PSYoungGen: 293376K->25589K(311296K)
[49.627s][info][gc,heap        ] GC(136) ParOldGen: 4981K->5493K(699392K)
[49.627s][info][gc,metaspace   ] GC(136) Metaspace: 23584K(24576K)->23584K(24576K) NonClass: 20656K(21248K)->20656K(21248K) Class: 2927K(3328K)->2927K(3328K)
[49.627s][info][gc             ] GC(136) Pause Young (Allocation Failure) 291M->30M(987M) 11.067ms
[49.627s][info][gc,cpu         ] GC(136) User=0.00s Sys=0.00s Real=0.00s
[49.685s][info][gc,start       ] GC(137) Pause Young (Allocation Failure)
[49.703s][info][gc,heap        ] GC(137) PSYoungGen: 311285K->0K(317440K)
[49.703s][info][gc,heap        ] GC(137) ParOldGen: 5493K->31164K(699392K)
[49.703s][info][gc,metaspace   ] GC(137) Metaspace: 23584K(24576K)->23584K(24576K) NonClass: 20656K(21248K)->20656K(21248K) Class: 2927K(3328K)->2927K(3328K)
[49.703s][info][gc             ] GC(137) Pause Young (Allocation Failure) 309M->30M(993M) 17.272ms
[49.703s][info][gc,cpu         ] GC(137) User=0.08s Sys=0.00s Real=0.02s
[49.762s][info][gc,start       ] GC(138) Pause Young (Allocation Failure)
[49.762s][info][gc,heap        ] GC(138) PSYoungGen: 285696K->0K(320512K)
[49.762s][info][gc,heap        ] GC(138) ParOldGen: 31164K->31164K(699392K)
[49.762s][info][gc,metaspace   ] GC(138) Metaspace: 23584K(24576K)->23584K(24576K) NonClass: 20656K(21248K)->20656K(21248K) Class: 2927K(3328K)->2927K(3328K)
[49.762s][info][gc             ] GC(138) Pause Young (Allocation Failure) 309M->30M(996M) 0.663ms
[49.762s][info][gc,cpu         ] GC(138) User=0.00s Sys=0.00s Real=0.00s
[49.822s][info][gc,start       ] GC(139) Pause Young (Allocation Failure)
[49.822s][info][gc,heap        ] GC(139) PSYoungGen: 290304K->0K(318976K)
[49.822s][info][gc,heap        ] GC(139) ParOldGen: 31164K->31164K(699392K)
[49.822s][info][gc,metaspace   ] GC(139) Metaspace: 23584K(24576K)->23584K(24576K) NonClass: 20656K(21248K)->20656K(21248K) Class: 2927K(3328K)->2927K(3328K)
[49.822s][info][gc             ] GC(139) Pause Young (Allocation Failure) 313M->30M(994M) 0.512ms
[49.822s][info][gc,cpu         ] GC(139) User=0.00s Sys=0.00s Real=0.00s
[51.504s][info][gc,start       ] GC(140) Pause Young (Allocation Failure)
[51.516s][info][gc,heap        ] GC(140) PSYoungGen: 290304K->26765K(309760K)
[51.517s][info][gc,heap        ] GC(140) ParOldGen: 31164K->31164K(699392K)
[51.517s][info][gc,metaspace   ] GC(140) Metaspace: 23584K(24576K)->23584K(24576K) NonClass: 20657K(21248K)->20657K(21248K) Class: 2927K(3328K)->2927K(3328K)
[51.517s][info][gc             ] GC(140) Pause Young (Allocation Failure) 313M->56M(985M) 12.239ms
[51.517s][info][gc,cpu         ] GC(140) User=0.02s Sys=0.00s Real=0.02s
[51.574s][info][gc,start       ] GC(141) Pause Young (Allocation Failure)
[51.590s][info][gc,heap        ] GC(141) PSYoungGen: 309389K->0K(315904K)
[51.590s][info][gc,heap        ] GC(141) ParOldGen: 31164K->57906K(699392K)
[51.590s][info][gc,metaspace   ] GC(141) Metaspace: 23584K(24576K)->23584K(24576K) NonClass: 20657K(21248K)->20657K(21248K) Class: 2927K(3328K)->2927K(3328K)
[51.590s][info][gc             ] GC(141) Pause Young (Allocation Failure) 332M->56M(991M) 16.085ms
[51.590s][info][gc,cpu         ] GC(141) User=0.02s Sys=0.00s Real=0.01s
[51.647s][info][gc,start       ] GC(142) Pause Young (Allocation Failure)
[51.648s][info][gc,heap        ] GC(142) PSYoungGen: 282624K->0K(318976K)
[51.648s][info][gc,heap        ] GC(142) ParOldGen: 57906K->57906K(699392K)
[51.648s][info][gc,metaspace   ] GC(142) Metaspace: 23584K(24576K)->23584K(24576K) NonClass: 20657K(21248K)->20657K(21248K) Class: 2927K(3328K)->2927K(3328K)
[51.648s][info][gc             ] GC(142) Pause Young (Allocation Failure) 332M->56M(994M) 0.792ms
[51.648s][info][gc,cpu         ] GC(142) User=0.00s Sys=0.00s Real=0.00s
[51.707s][info][gc,start       ] GC(143) Pause Young (Allocation Failure)
[51.708s][info][gc,heap        ] GC(143) PSYoungGen: 287232K->0K(317440K)
[51.708s][info][gc,heap        ] GC(143) ParOldGen: 57906K->57906K(699392K)
[51.708s][info][gc,metaspace   ] GC(143) Metaspace: 23584K(24576K)->23584K(24576K) NonClass: 20657K(21248K)->20657K(21248K) Class: 2927K(3328K)->2927K(3328K)
[51.708s][info][gc             ] GC(143) Pause Young (Allocation Failure) 337M->56M(993M) 0.880ms
[51.708s][info][gc,cpu         ] GC(143) User=0.00s Sys=0.00s Real=0.00s
[51.767s][info][gc,start       ] GC(144) Pause Young (Allocation Failure)
[51.768s][info][gc,heap        ] GC(144) PSYoungGen: 287232K->0K(322048K)
[51.768s][info][gc,heap        ] GC(144) ParOldGen: 57906K->57906K(699392K)
[51.768s][info][gc,metaspace   ] GC(144) Metaspace: 23584K(24576K)->23584K(24576K) NonClass: 20657K(21248K)->20657K(21248K) Class: 2927K(3328K)->2927K(3328K)
[51.768s][info][gc             ] GC(144) Pause Young (Allocation Failure) 337M->56M(997M) 0.932ms
[51.768s][info][gc,cpu         ] GC(144) User=0.00s Sys=0.00s Real=0.00s
[51.803s][info][gc,start       ] GC(145) Pause Young (System.gc())
[51.804s][info][gc,heap        ] GC(145) PSYoungGen: 93871K->646K(320512K)
[51.804s][info][gc,heap        ] GC(145) ParOldGen: 57906K->57906K(699392K)
[51.804s][info][gc,metaspace   ] GC(145) Metaspace: 23586K(24576K)->23586K(24576K) NonClass: 20659K(21248K)->20659K(21248K) Class: 2927K(3328K)->2927K(3328K)
[51.804s][info][gc             ] GC(145) Pause Young (System.gc()) 148M->57M(996M) 1.265ms
[51.804s][info][gc,cpu         ] GC(145) User=0.00s Sys=0.00s Real=0.00s
[51.804s][info][gc,start       ] GC(146) Pause Full (System.gc())
[51.804s][info][gc,phases,start] GC(146) Marking Phase
[51.808s][info][gc,phases      ] GC(146) Marking Phase 4.026ms
[51.808s][info][gc,phases,start] GC(146) Summary Phase
[51.808s][info][gc,phases      ] GC(146) Summary Phase 0.009ms
[51.808s][info][gc,phases,start] GC(146) Adjust Roots
[51.811s][info][gc,phases      ] GC(146) Adjust Roots 2.270ms
[51.811s][info][gc,phases,start] GC(146) Compaction Phase
[51.813s][info][gc,phases      ] GC(146) Compaction Phase 2.100ms
[51.813s][info][gc,phases,start] GC(146) Post Compact
[51.813s][info][gc,phases      ] GC(146) Post Compact 0.373ms
[51.813s][info][gc,heap        ] GC(146) PSYoungGen: 646K->0K(320512K)
[51.813s][info][gc,heap        ] GC(146) ParOldGen: 57906K->4981K(699392K)
[51.813s][info][gc,metaspace   ] GC(146) Metaspace: 23586K(24576K)->23586K(24576K) NonClass: 20659K(21248K)->20659K(21248K) Class: 2927K(3328K)->2927K(3328K)
[51.813s][info][gc             ] GC(146) Pause Full (System.gc()) 57M->4M(996M) 9.075ms
[51.813s][info][gc,cpu         ] GC(146) User=0.00s Sys=0.00s Real=0.02s
[53.483s][info][gc,start       ] GC(147) Pause Young (Allocation Failure)
[53.494s][info][gc,heap        ] GC(147) PSYoungGen: 293376K->25589K(311296K)
[53.494s][info][gc,heap        ] GC(147) ParOldGen: 4981K->5485K(699392K)
[53.494s][info][gc,metaspace   ] GC(147) Metaspace: 23588K(24576K)->23588K(24576K) NonClass: 20660K(21248K)->20660K(21248K) Class: 2927K(3328K)->2927K(3328K)
[53.494s][info][gc             ] GC(147) Pause Young (Allocation Failure) 291M->30M(987M) 11.366ms
[53.495s][info][gc,cpu         ] GC(147) User=0.02s Sys=0.00s Real=0.02s
[53.553s][info][gc,start       ] GC(148) Pause Young (Allocation Failure)
[53.569s][info][gc,heap        ] GC(148) PSYoungGen: 311285K->0K(317440K)
[53.569s][info][gc,heap        ] GC(148) ParOldGen: 5485K->31156K(699392K)
[53.569s][info][gc,metaspace   ] GC(148) Metaspace: 23588K(24576K)->23588K(24576K) NonClass: 20660K(21248K)->20660K(21248K) Class: 2927K(3328K)->2927K(3328K)
[53.569s][info][gc             ] GC(148) Pause Young (Allocation Failure) 309M->30M(993M) 16.103ms
[53.569s][info][gc,cpu         ] GC(148) User=0.02s Sys=0.00s Real=0.02s
[53.627s][info][gc,start       ] GC(149) Pause Young (Allocation Failure)
[53.627s][info][gc,heap        ] GC(149) PSYoungGen: 285696K->0K(320512K)
[53.627s][info][gc,heap        ] GC(149) ParOldGen: 31156K->31156K(699392K)
[53.627s][info][gc,metaspace   ] GC(149) Metaspace: 23588K(24576K)->23588K(24576K) NonClass: 20660K(21248K)->20660K(21248K) Class: 2927K(3328K)->2927K(3328K)
[53.627s][info][gc             ] GC(149) Pause Young (Allocation Failure) 309M->30M(996M) 0.656ms
[53.627s][info][gc,cpu         ] GC(149) User=0.00s Sys=0.00s Real=0.00s
[53.686s][info][gc,start       ] GC(150) Pause Young (Allocation Failure)
[53.686s][info][gc,heap        ] GC(150) PSYoungGen: 290304K->0K(318976K)
[53.686s][info][gc,heap        ] GC(150) ParOldGen: 31156K->31156K(699392K)
[53.686s][info][gc,metaspace   ] GC(150) Metaspace: 23588K(24576K)->23588K(24576K) NonClass: 20660K(21248K)->20660K(21248K) Class: 2927K(3328K)->2927K(3328K)
[53.686s][info][gc             ] GC(150) Pause Young (Allocation Failure) 313M->30M(994M) 0.747ms
[53.686s][info][gc,cpu         ] GC(150) User=0.00s Sys=0.00s Real=0.00s
[55.370s][info][gc,start       ] GC(151) Pause Young (Allocation Failure)
[55.382s][info][gc,heap        ] GC(151) PSYoungGen: 290304K->26715K(309760K)
[55.382s][info][gc,heap        ] GC(151) ParOldGen: 31156K->31164K(699392K)
[55.382s][info][gc,metaspace   ] GC(151) Metaspace: 23589K(24576K)->23589K(24576K) NonClass: 20662K(21248K)->20662K(21248K) Class: 2927K(3328K)->2927K(3328K)
[55.382s][info][gc             ] GC(151) Pause Young (Allocation Failure) 313M->56M(985M) 11.950ms
[55.382s][info][gc,cpu         ] GC(151) User=0.00s Sys=0.00s Real=0.01s
[55.439s][info][gc,start       ] GC(152) Pause Young (Allocation Failure)
[55.455s][info][gc,heap        ] GC(152) PSYoungGen: 309339K->0K(315904K)
[55.455s][info][gc,heap        ] GC(152) ParOldGen: 31164K->57890K(699392K)
[55.455s][info][gc,metaspace   ] GC(152) Metaspace: 23589K(24576K)->23589K(24576K) NonClass: 20662K(21248K)->20662K(21248K) Class: 2927K(3328K)->2927K(3328K)
[55.455s][info][gc             ] GC(152) Pause Young (Allocation Failure) 332M->56M(991M) 15.627ms
[55.455s][info][gc,cpu         ] GC(152) User=0.02s Sys=0.00s Real=0.02s
[55.512s][info][gc,start       ] GC(153) Pause Young (Allocation Failure)
[55.513s][info][gc,heap        ] GC(153) PSYoungGen: 282624K->0K(318976K)
[55.513s][info][gc,heap        ] GC(153) ParOldGen: 57890K->57890K(699392K)
[55.513s][info][gc,metaspace   ] GC(153) Metaspace: 23589K(24576K)->23589K(24576K) NonClass: 20662K(21248K)->20662K(21248K) Class: 2927K(3328K)->2927K(3328K)
[55.513s][info][gc             ] GC(153) Pause Young (Allocation Failure) 332M->56M(994M) 0.678ms
[55.513s][info][gc,cpu         ] GC(153) User=0.00s Sys=0.00s Real=0.00s
[55.571s][info][gc,start       ] GC(154) Pause Young (Allocation Failure)
[55.571s][info][gc,heap        ] GC(154) PSYoungGen: 287232K->0K(317440K)
[55.571s][info][gc,heap        ] GC(154) ParOldGen: 57890K->57890K(699392K)
[55.571s][info][gc,metaspace   ] GC(154) Metaspace: 23589K(24576K)->23589K(24576K) NonClass: 20662K(21248K)->20662K(21248K) Class: 2927K(3328K)->2927K(3328K)
[55.571s][info][gc             ] GC(154) Pause Young (Allocation Failure) 337M->56M(993M) 0.686ms
[55.571s][info][gc,cpu         ] GC(154) User=0.00s Sys=0.00s Real=0.00s
[55.629s][info][gc,start       ] GC(155) Pause Young (Allocation Failure)
[55.630s][info][gc,heap        ] GC(155) PSYoungGen: 287232K->0K(322048K)
[55.630s][info][gc,heap        ] GC(155) ParOldGen: 57890K->57890K(699392K)
[55.630s][info][gc,metaspace   ] GC(155) Metaspace: 23589K(24576K)->23589K(24576K) NonClass: 20662K(21248K)->20662K(21248K) Class: 2927K(3328K)->2927K(3328K)
[55.630s][info][gc             ] GC(155) Pause Young (Allocation Failure) 337M->56M(997M) 0.690ms
[55.630s][info][gc,cpu         ] GC(155) User=0.00s Sys=0.00s Real=0.00s
[55.665s][info][gc,start       ] GC(156) Pause Young (System.gc())
[55.666s][info][gc,heap        ] GC(156) PSYoungGen: 93854K->678K(320512K)
[55.666s][info][gc,heap        ] GC(156) ParOldGen: 57890K->57890K(699392K)
[55.666s][info][gc,metaspace   ] GC(156) Metaspace: 23591K(24576K)->23591K(24576K) NonClass: 20663K(21248K)->20663K(21248K) Class: 2927K(3328K)->2927K(3328K)
[55.666s][info][gc             ] GC(156) Pause Young (System.gc()) 148M->57M(996M) 1.223ms
[55.666s][info][gc,cpu         ] GC(156) User=0.00s Sys=0.00s Real=0.00s
[55.666s][info][gc,start       ] GC(157) Pause Full (System.gc())
[55.666s][info][gc,phases,start] GC(157) Marking Phase
[55.671s][info][gc,phases      ] GC(157) Marking Phase 4.250ms
[55.671s][info][gc,phases,start] GC(157) Summary Phase
[55.671s][info][gc,phases      ] GC(157) Summary Phase 0.009ms
[55.671s][info][gc,phases,start] GC(157) Adjust Roots
[55.673s][info][gc,phases      ] GC(157) Adjust Roots 2.525ms
[55.673s][info][gc,phases,start] GC(157) Compaction Phase
[55.675s][info][gc,phases      ] GC(157) Compaction Phase 2.241ms
[55.675s][info][gc,phases,start] GC(157) Post Compact
[55.676s][info][gc,phases      ] GC(157) Post Compact 0.306ms
[55.676s][info][gc,heap        ] GC(157) PSYoungGen: 678K->0K(320512K)
[55.676s][info][gc,heap        ] GC(157) ParOldGen: 57890K->4981K(699392K)
[55.676s][info][gc,metaspace   ] GC(157) Metaspace: 23591K(24576K)->23591K(24576K) NonClass: 20663K(21248K)->20663K(21248K) Class: 2927K(3328K)->2927K(3328K)
[55.676s][info][gc             ] GC(157) Pause Full (System.gc()) 57M->4M(996M) 9.560ms
[55.676s][info][gc,cpu         ] GC(157) User=0.00s Sys=0.00s Real=0.01s
[57.346s][info][gc,start       ] GC(158) Pause Young (Allocation Failure)
[57.358s][info][gc,heap        ] GC(158) PSYoungGen: 293376K->25589K(311296K)
[57.358s][info][gc,heap        ] GC(158) ParOldGen: 4981K->5485K(699392K)
[57.358s][info][gc,metaspace   ] GC(158) Metaspace: 23600K(24576K)->23600K(24576K) NonClass: 20672K(21248K)->20672K(21248K) Class: 2927K(3328K)->2927K(3328K)
[57.358s][info][gc             ] GC(158) Pause Young (Allocation Failure) 291M->30M(987M) 11.440ms
[57.358s][info][gc,cpu         ] GC(158) User=0.02s Sys=0.00s Real=0.02s
[57.416s][info][gc,start       ] GC(159) Pause Young (Allocation Failure)
[57.431s][info][gc,heap        ] GC(159) PSYoungGen: 311285K->0K(317440K)
[57.431s][info][gc,heap        ] GC(159) ParOldGen: 5485K->31157K(699392K)
[57.431s][info][gc,metaspace   ] GC(159) Metaspace: 23600K(24576K)->23600K(24576K) NonClass: 20672K(21248K)->20672K(21248K) Class: 2927K(3328K)->2927K(3328K)
[57.431s][info][gc             ] GC(159) Pause Young (Allocation Failure) 309M->30M(993M) 15.008ms
[57.431s][info][gc,cpu         ] GC(159) User=0.02s Sys=0.00s Real=0.02s
[57.489s][info][gc,start       ] GC(160) Pause Young (Allocation Failure)
[57.489s][info][gc,heap        ] GC(160) PSYoungGen: 285696K->0K(320512K)
[57.489s][info][gc,heap        ] GC(160) ParOldGen: 31157K->31157K(699392K)
[57.489s][info][gc,metaspace   ] GC(160) Metaspace: 23600K(24576K)->23600K(24576K) NonClass: 20672K(21248K)->20672K(21248K) Class: 2927K(3328K)->2927K(3328K)
[57.489s][info][gc             ] GC(160) Pause Young (Allocation Failure) 309M->30M(996M) 0.615ms
[57.489s][info][gc,cpu         ] GC(160) User=0.00s Sys=0.00s Real=0.00s
[57.548s][info][gc,start       ] GC(161) Pause Young (Allocation Failure)
[57.548s][info][gc,heap        ] GC(161) PSYoungGen: 290304K->0K(318976K)
[57.548s][info][gc,heap        ] GC(161) ParOldGen: 31157K->31157K(699392K)
[57.548s][info][gc,metaspace   ] GC(161) Metaspace: 23600K(24576K)->23600K(24576K) NonClass: 20672K(21248K)->20672K(21248K) Class: 2927K(3328K)->2927K(3328K)
[57.548s][info][gc             ] GC(161) Pause Young (Allocation Failure) 313M->30M(994M) 0.778ms
[57.548s][info][gc,cpu         ] GC(161) User=0.00s Sys=0.00s Real=0.00s
[59.232s][info][gc,start       ] GC(162) Pause Young (Allocation Failure)
[59.243s][info][gc,heap        ] GC(162) PSYoungGen: 290304K->26747K(309760K)
[59.243s][info][gc,heap        ] GC(162) ParOldGen: 31157K->31157K(699392K)
[59.243s][info][gc,metaspace   ] GC(162) Metaspace: 23602K(24576K)->23602K(24576K) NonClass: 20674K(21248K)->20674K(21248K) Class: 2927K(3328K)->2927K(3328K)
[59.243s][info][gc             ] GC(162) Pause Young (Allocation Failure) 313M->56M(985M) 11.764ms
[59.243s][info][gc,cpu         ] GC(162) User=0.02s Sys=0.00s Real=0.01s
[59.301s][info][gc,start       ] GC(163) Pause Young (Allocation Failure)
[59.315s][info][gc,heap        ] GC(163) PSYoungGen: 309371K->0K(315904K)
[59.315s][info][gc,heap        ] GC(163) ParOldGen: 31157K->57882K(699392K)
[59.315s][info][gc,metaspace   ] GC(163) Metaspace: 23602K(24576K)->23602K(24576K) NonClass: 20674K(21248K)->20674K(21248K) Class: 2927K(3328K)->2927K(3328K)
[59.315s][info][gc             ] GC(163) Pause Young (Allocation Failure) 332M->56M(991M) 13.984ms
[59.315s][info][gc,cpu         ] GC(163) User=0.00s Sys=0.00s Real=0.00s
[59.372s][info][gc,start       ] GC(164) Pause Young (Allocation Failure)
[59.373s][info][gc,heap        ] GC(164) PSYoungGen: 282624K->0K(318976K)
[59.373s][info][gc,heap        ] GC(164) ParOldGen: 57882K->57882K(699392K)
[59.373s][info][gc,metaspace   ] GC(164) Metaspace: 23602K(24576K)->23602K(24576K) NonClass: 20674K(21248K)->20674K(21248K) Class: 2927K(3328K)->2927K(3328K)
[59.373s][info][gc             ] GC(164) Pause Young (Allocation Failure) 332M->56M(994M) 0.736ms
[59.373s][info][gc,cpu         ] GC(164) User=0.00s Sys=0.00s Real=0.00s
[59.431s][info][gc,start       ] GC(165) Pause Young (Allocation Failure)
[59.431s][info][gc,heap        ] GC(165) PSYoungGen: 287232K->0K(317440K)
[59.431s][info][gc,heap        ] GC(165) ParOldGen: 57882K->57882K(699392K)
[59.431s][info][gc,metaspace   ] GC(165) Metaspace: 23602K(24576K)->23602K(24576K) NonClass: 20674K(21248K)->20674K(21248K) Class: 2927K(3328K)->2927K(3328K)
[59.431s][info][gc             ] GC(165) Pause Young (Allocation Failure) 337M->56M(993M) 0.703ms
[59.432s][info][gc,cpu         ] GC(165) User=0.00s Sys=0.00s Real=0.00s
[59.489s][info][gc,start       ] GC(166) Pause Young (Allocation Failure)
[59.490s][info][gc,heap        ] GC(166) PSYoungGen: 287232K->0K(322048K)
[59.490s][info][gc,heap        ] GC(166) ParOldGen: 57882K->57882K(699392K)
[59.490s][info][gc,metaspace   ] GC(166) Metaspace: 23602K(24576K)->23602K(24576K) NonClass: 20674K(21248K)->20674K(21248K) Class: 2927K(3328K)->2927K(3328K)
[59.490s][info][gc             ] GC(166) Pause Young (Allocation Failure) 337M->56M(997M) 0.662ms
[59.490s][info][gc,cpu         ] GC(166) User=0.00s Sys=0.00s Real=0.00s
[59.525s][info][gc,start       ] GC(167) Pause Young (System.gc())
[59.526s][info][gc,heap        ] GC(167) PSYoungGen: 93868K->646K(320512K)
[59.526s][info][gc,heap        ] GC(167) ParOldGen: 57882K->57882K(699392K)
[59.526s][info][gc,metaspace   ] GC(167) Metaspace: 23606K(24576K)->23606K(24576K) NonClass: 20678K(21248K)->20678K(21248K) Class: 2927K(3328K)->2927K(3328K)
[59.526s][info][gc             ] GC(167) Pause Young (System.gc()) 148M->57M(996M) 0.955ms
[59.526s][info][gc,cpu         ] GC(167) User=0.00s Sys=0.00s Real=0.00s
[59.526s][info][gc,start       ] GC(168) Pause Full (System.gc())
[59.526s][info][gc,phases,start] GC(168) Marking Phase
[59.530s][info][gc,phases      ] GC(168) Marking Phase 4.217ms
[59.530s][info][gc,phases,start] GC(168) Summary Phase
[59.530s][info][gc,phases      ] GC(168) Summary Phase 0.012ms
[59.530s][info][gc,phases,start] GC(168) Adjust Roots
[59.533s][info][gc,phases      ] GC(168) Adjust Roots 2.390ms
[59.533s][info][gc,phases,start] GC(168) Compaction Phase
[59.535s][info][gc,phases      ] GC(168) Compaction Phase 2.274ms
[59.535s][info][gc,phases,start] GC(168) Post Compact
[59.535s][info][gc,phases      ] GC(168) Post Compact 0.341ms
[59.535s][info][gc,heap        ] GC(168) PSYoungGen: 646K->0K(320512K)
[59.535s][info][gc,heap        ] GC(168) ParOldGen: 57882K->4981K(699392K)
[59.535s][info][gc,metaspace   ] GC(168) Metaspace: 23606K(24576K)->23606K(24576K) NonClass: 20678K(21248K)->20678K(21248K) Class: 2927K(3328K)->2927K(3328K)
[59.535s][info][gc             ] GC(168) Pause Full (System.gc()) 57M->4M(996M) 9.511ms
[59.535s][info][gc,cpu         ] GC(168) User=0.00s Sys=0.00s Real=0.02s
[61.215s][info][gc,start       ] GC(169) Pause Young (Allocation Failure)
[61.227s][info][gc,heap        ] GC(169) PSYoungGen: 293376K->25589K(311296K)
[61.227s][info][gc,heap        ] GC(169) ParOldGen: 4981K->5493K(699392K)
[61.227s][info][gc,metaspace   ] GC(169) Metaspace: 23606K(24576K)->23606K(24576K) NonClass: 20678K(21248K)->20678K(21248K) Class: 2927K(3328K)->2927K(3328K)
[61.227s][info][gc             ] GC(169) Pause Young (Allocation Failure) 291M->30M(987M) 12.114ms
[61.227s][info][gc,cpu         ] GC(169) User=0.08s Sys=0.00s Real=0.02s
[61.285s][info][gc,start       ] GC(170) Pause Young (Allocation Failure)
[61.302s][info][gc,heap        ] GC(170) PSYoungGen: 311285K->0K(317440K)
[61.302s][info][gc,heap        ] GC(170) ParOldGen: 5493K->31173K(699392K)
[61.302s][info][gc,metaspace   ] GC(170) Metaspace: 23606K(24576K)->23606K(24576K) NonClass: 20678K(21248K)->20678K(21248K) Class: 2927K(3328K)->2927K(3328K)
[61.302s][info][gc             ] GC(170) Pause Young (Allocation Failure) 309M->30M(993M) 16.558ms
[61.302s][info][gc,cpu         ] GC(170) User=0.02s Sys=0.00s Real=0.02s
[61.360s][info][gc,start       ] GC(171) Pause Young (Allocation Failure)
[61.360s][info][gc,heap        ] GC(171) PSYoungGen: 285696K->0K(320512K)
[61.360s][info][gc,heap        ] GC(171) ParOldGen: 31173K->31173K(699392K)
[61.360s][info][gc,metaspace   ] GC(171) Metaspace: 23606K(24576K)->23606K(24576K) NonClass: 20678K(21248K)->20678K(21248K) Class: 2927K(3328K)->2927K(3328K)
[61.360s][info][gc             ] GC(171) Pause Young (Allocation Failure) 309M->30M(996M) 0.696ms
[61.360s][info][gc,cpu         ] GC(171) User=0.00s Sys=0.00s Real=0.00s
[61.419s][info][gc,start       ] GC(172) Pause Young (Allocation Failure)
[61.419s][info][gc,heap        ] GC(172) PSYoungGen: 290304K->0K(318976K)
[61.420s][info][gc,heap        ] GC(172) ParOldGen: 31173K->31173K(699392K)
[61.420s][info][gc,metaspace   ] GC(172) Metaspace: 23606K(24576K)->23606K(24576K) NonClass: 20678K(21248K)->20678K(21248K) Class: 2927K(3328K)->2927K(3328K)
[61.420s][info][gc             ] GC(172) Pause Young (Allocation Failure) 313M->30M(994M) 0.831ms
[61.420s][info][gc,cpu         ] GC(172) User=0.00s Sys=0.00s Real=0.02s
[63.102s][info][gc,start       ] GC(173) Pause Young (Allocation Failure)
[63.113s][info][gc,heap        ] GC(173) PSYoungGen: 290304K->26701K(309760K)
[63.113s][info][gc,heap        ] GC(173) ParOldGen: 31173K->31173K(699392K)
[63.113s][info][gc,metaspace   ] GC(173) Metaspace: 23606K(24576K)->23606K(24576K) NonClass: 20678K(21248K)->20678K(21248K) Class: 2927K(3328K)->2927K(3328K)
[63.113s][info][gc             ] GC(173) Pause Young (Allocation Failure) 313M->56M(985M) 11.355ms
[63.113s][info][gc,cpu         ] GC(173) User=0.00s Sys=0.00s Real=0.00s
[63.171s][info][gc,start       ] GC(174) Pause Young (Allocation Failure)
[63.188s][info][gc,heap        ] GC(174) PSYoungGen: 309325K->0K(315904K)
[63.188s][info][gc,heap        ] GC(174) ParOldGen: 31173K->57898K(699392K)
[63.188s][info][gc,metaspace   ] GC(174) Metaspace: 23606K(24576K)->23606K(24576K) NonClass: 20678K(21248K)->20678K(21248K) Class: 2927K(3328K)->2927K(3328K)
[63.188s][info][gc             ] GC(174) Pause Young (Allocation Failure) 332M->56M(991M) 16.406ms
[63.188s][info][gc,cpu         ] GC(174) User=0.08s Sys=0.00s Real=0.02s
[63.245s][info][gc,start       ] GC(175) Pause Young (Allocation Failure)
[63.245s][info][gc,heap        ] GC(175) PSYoungGen: 282624K->0K(318976K)
[63.245s][info][gc,heap        ] GC(175) ParOldGen: 57898K->57898K(699392K)
[63.245s][info][gc,metaspace   ] GC(175) Metaspace: 23606K(24576K)->23606K(24576K) NonClass: 20678K(21248K)->20678K(21248K) Class: 2927K(3328K)->2927K(3328K)
[63.245s][info][gc             ] GC(175) Pause Young (Allocation Failure) 332M->56M(994M) 0.764ms
[63.245s][info][gc,cpu         ] GC(175) User=0.00s Sys=0.00s Real=0.00s
[63.303s][info][gc,start       ] GC(176) Pause Young (Allocation Failure)
[63.304s][info][gc,heap        ] GC(176) PSYoungGen: 287232K->0K(317440K)
[63.304s][info][gc,heap        ] GC(176) ParOldGen: 57898K->57898K(699392K)
[63.304s][info][gc,metaspace   ] GC(176) Metaspace: 23606K(24576K)->23606K(24576K) NonClass: 20678K(21248K)->20678K(21248K) Class: 2927K(3328K)->2927K(3328K)
[63.304s][info][gc             ] GC(176) Pause Young (Allocation Failure) 337M->56M(993M) 0.821ms
[63.304s][info][gc,cpu         ] GC(176) User=0.00s Sys=0.00s Real=0.00s
[63.362s][info][gc,start       ] GC(177) Pause Young (Allocation Failure)
[63.363s][info][gc,heap        ] GC(177) PSYoungGen: 287232K->0K(322048K)
[63.363s][info][gc,heap        ] GC(177) ParOldGen: 57898K->57898K(699392K)
[63.363s][info][gc,metaspace   ] GC(177) Metaspace: 23606K(24576K)->23606K(24576K) NonClass: 20678K(21248K)->20678K(21248K) Class: 2927K(3328K)->2927K(3328K)
[63.363s][info][gc             ] GC(177) Pause Young (Allocation Failure) 337M->56M(997M) 0.673ms
[63.363s][info][gc,cpu         ] GC(177) User=0.00s Sys=0.00s Real=0.00s
[63.397s][info][gc,start       ] GC(178) Pause Young (System.gc())
[63.398s][info][gc,heap        ] GC(178) PSYoungGen: 93871K->678K(320512K)
[63.398s][info][gc,heap        ] GC(178) ParOldGen: 57898K->57898K(699392K)
[63.398s][info][gc,metaspace   ] GC(178) Metaspace: 23606K(24576K)->23606K(24576K) NonClass: 20678K(21248K)->20678K(21248K) Class: 2927K(3328K)->2927K(3328K)
[63.398s][info][gc             ] GC(178) Pause Young (System.gc()) 148M->57M(996M) 1.228ms
[63.398s][info][gc,cpu         ] GC(178) User=0.02s Sys=0.00s Real=0.02s
[63.398s][info][gc,start       ] GC(179) Pause Full (System.gc())
[63.398s][info][gc,phases,start] GC(179) Marking Phase
[63.403s][info][gc,phases      ] GC(179) Marking Phase 4.549ms
[63.403s][info][gc,phases,start] GC(179) Summary Phase
[63.403s][info][gc,phases      ] GC(179) Summary Phase 0.011ms
[63.403s][info][gc,phases,start] GC(179) Adjust Roots
[63.405s][info][gc,phases      ] GC(179) Adjust Roots 2.282ms
[63.405s][info][gc,phases,start] GC(179) Compaction Phase
[63.408s][info][gc,phases      ] GC(179) Compaction Phase 2.666ms
[63.408s][info][gc,phases,start] GC(179) Post Compact
[63.408s][info][gc,phases      ] GC(179) Post Compact 0.341ms
[63.408s][info][gc,heap        ] GC(179) PSYoungGen: 678K->0K(320512K)
[63.408s][info][gc,heap        ] GC(179) ParOldGen: 57898K->4981K(699392K)
[63.408s][info][gc,metaspace   ] GC(179) Metaspace: 23606K(24576K)->23606K(24576K) NonClass: 20678K(21248K)->20678K(21248K) Class: 2927K(3328K)->2927K(3328K)
[63.408s][info][gc             ] GC(179) Pause Full (System.gc()) 57M->4M(996M) 10.068ms
[63.408s][info][gc,cpu         ] GC(179) User=0.00s Sys=0.00s Real=0.00s
[65.081s][info][gc,start       ] GC(180) Pause Young (Allocation Failure)
[65.092s][info][gc,heap        ] GC(180) PSYoungGen: 293376K->25575K(311296K)
[65.092s][info][gc,heap        ] GC(180) ParOldGen: 4981K->5485K(699392K)
[65.092s][info][gc,metaspace   ] GC(180) Metaspace: 23613K(24576K)->23613K(24576K) NonClass: 20685K(21248K)->20685K(21248K) Class: 2927K(3328K)->2927K(3328K)
[65.092s][info][gc             ] GC(180) Pause Young (Allocation Failure) 291M->30M(987M) 11.187ms
[65.092s][info][gc,cpu         ] GC(180) User=0.02s Sys=0.00s Real=0.01s
[65.150s][info][gc,start       ] GC(181) Pause Young (Allocation Failure)
[65.165s][info][gc,heap        ] GC(181) PSYoungGen: 311271K->0K(317440K)
[65.165s][info][gc,heap        ] GC(181) ParOldGen: 5485K->31149K(699392K)
[65.165s][info][gc,metaspace   ] GC(181) Metaspace: 23613K(24576K)->23613K(24576K) NonClass: 20685K(21248K)->20685K(21248K) Class: 2927K(3328K)->2927K(3328K)
[65.165s][info][gc             ] GC(181) Pause Young (Allocation Failure) 309M->30M(993M) 15.059ms
[65.165s][info][gc,cpu         ] GC(181) User=0.02s Sys=0.00s Real=0.02s
[65.223s][info][gc,start       ] GC(182) Pause Young (Allocation Failure)
[65.224s][info][gc,heap        ] GC(182) PSYoungGen: 285696K->0K(320512K)
[65.224s][info][gc,heap        ] GC(182) ParOldGen: 31149K->31149K(699392K)
[65.224s][info][gc,metaspace   ] GC(182) Metaspace: 23613K(24576K)->23613K(24576K) NonClass: 20685K(21248K)->20685K(21248K) Class: 2927K(3328K)->2927K(3328K)
[65.224s][info][gc             ] GC(182) Pause Young (Allocation Failure) 309M->30M(996M) 0.642ms
[65.224s][info][gc,cpu         ] GC(182) User=0.00s Sys=0.00s Real=0.00s
[65.282s][info][gc,start       ] GC(183) Pause Young (Allocation Failure)
[65.283s][info][gc,heap        ] GC(183) PSYoungGen: 290304K->0K(318976K)
[65.283s][info][gc,heap        ] GC(183) ParOldGen: 31149K->31149K(699392K)
[65.283s][info][gc,metaspace   ] GC(183) Metaspace: 23613K(24576K)->23613K(24576K) NonClass: 20685K(21248K)->20685K(21248K) Class: 2927K(3328K)->2927K(3328K)
[65.283s][info][gc             ] GC(183) Pause Young (Allocation Failure) 313M->30M(994M) 0.777ms
[65.283s][info][gc,cpu         ] GC(183) User=0.00s Sys=0.00s Real=0.00s
[66.964s][info][gc,start       ] GC(184) Pause Young (Allocation Failure)
[66.976s][info][gc,heap        ] GC(184) PSYoungGen: 290304K->26733K(309760K)
[66.976s][info][gc,heap        ] GC(184) ParOldGen: 31149K->31149K(699392K)
[66.976s][info][gc,metaspace   ] GC(184) Metaspace: 23614K(24576K)->23614K(24576K) NonClass: 20686K(21248K)->20686K(21248K) Class: 2927K(3328K)->2927K(3328K)
[66.976s][info][gc             ] GC(184) Pause Young (Allocation Failure) 313M->56M(985M) 11.755ms
[66.976s][info][gc,cpu         ] GC(184) User=0.00s Sys=0.00s Real=0.00s
[67.034s][info][gc,start       ] GC(185) Pause Young (Allocation Failure)
[67.050s][info][gc,heap        ] GC(185) PSYoungGen: 309357K->0K(315904K)
[67.050s][info][gc,heap        ] GC(185) ParOldGen: 31149K->57882K(699392K)
[67.050s][info][gc,metaspace   ] GC(185) Metaspace: 23614K(24576K)->23614K(24576K) NonClass: 20686K(21248K)->20686K(21248K) Class: 2927K(3328K)->2927K(3328K)
[67.050s][info][gc             ] GC(185) Pause Young (Allocation Failure) 332M->56M(991M) 16.067ms
[67.050s][info][gc,cpu         ] GC(185) User=0.02s Sys=0.00s Real=0.02s
[67.107s][info][gc,start       ] GC(186) Pause Young (Allocation Failure)
[67.108s][info][gc,heap        ] GC(186) PSYoungGen: 282624K->0K(318976K)
[67.108s][info][gc,heap        ] GC(186) ParOldGen: 57882K->57882K(699392K)
[67.108s][info][gc,metaspace   ] GC(186) Metaspace: 23614K(24576K)->23614K(24576K) NonClass: 20686K(21248K)->20686K(21248K) Class: 2927K(3328K)->2927K(3328K)
[67.108s][info][gc             ] GC(186) Pause Young (Allocation Failure) 332M->56M(994M) 0.534ms
[67.108s][info][gc,cpu         ] GC(186) User=0.00s Sys=0.00s Real=0.00s
[67.166s][info][gc,start       ] GC(187) Pause Young (Allocation Failure)
[67.167s][info][gc,heap        ] GC(187) PSYoungGen: 287232K->0K(317440K)
[67.167s][info][gc,heap        ] GC(187) ParOldGen: 57882K->57882K(699392K)
[67.167s][info][gc,metaspace   ] GC(187) Metaspace: 23614K(24576K)->23614K(24576K) NonClass: 20686K(21248K)->20686K(21248K) Class: 2927K(3328K)->2927K(3328K)
[67.167s][info][gc             ] GC(187) Pause Young (Allocation Failure) 337M->56M(993M) 0.886ms
[67.167s][info][gc,cpu         ] GC(187) User=0.00s Sys=0.00s Real=0.02s
[67.225s][info][gc,start       ] GC(188) Pause Young (Allocation Failure)
[67.225s][info][gc,heap        ] GC(188) PSYoungGen: 287232K->0K(322048K)
[67.225s][info][gc,heap        ] GC(188) ParOldGen: 57882K->57882K(699392K)
[67.225s][info][gc,metaspace   ] GC(188) Metaspace: 23614K(24576K)->23614K(24576K) NonClass: 20686K(21248K)->20686K(21248K) Class: 2927K(3328K)->2927K(3328K)
[67.225s][info][gc             ] GC(188) Pause Young (Allocation Failure) 337M->56M(997M) 0.598ms
[67.225s][info][gc,cpu         ] GC(188) User=0.00s Sys=0.00s Real=0.00s
[67.260s][info][gc,start       ] GC(189) Pause Young (System.gc())
[67.261s][info][gc,heap        ] GC(189) PSYoungGen: 93871K->678K(320512K)
[67.261s][info][gc,heap        ] GC(189) ParOldGen: 57882K->57882K(699392K)
[67.261s][info][gc,metaspace   ] GC(189) Metaspace: 23614K(24576K)->23614K(24576K) NonClass: 20686K(21248K)->20686K(21248K) Class: 2927K(3328K)->2927K(3328K)
[67.261s][info][gc             ] GC(189) Pause Young (System.gc()) 148M->57M(996M) 0.953ms
[67.261s][info][gc,cpu         ] GC(189) User=0.00s Sys=0.00s Real=0.00s
[67.261s][info][gc,start       ] GC(190) Pause Full (System.gc())
[67.261s][info][gc,phases,start] GC(190) Marking Phase
[67.266s][info][gc,phases      ] GC(190) Marking Phase 4.622ms
[67.266s][info][gc,phases,start] GC(190) Summary Phase
[67.266s][info][gc,phases      ] GC(190) Summary Phase 0.010ms
[67.266s][info][gc,phases,start] GC(190) Adjust Roots
[67.268s][info][gc,phases      ] GC(190) Adjust Roots 2.314ms
[67.268s][info][gc,phases,start] GC(190) Compaction Phase
[67.271s][info][gc,phases      ] GC(190) Compaction Phase 2.427ms
[67.271s][info][gc,phases,start] GC(190) Post Compact
[67.271s][info][gc,phases      ] GC(190) Post Compact 0.305ms
[67.271s][info][gc,heap        ] GC(190) PSYoungGen: 678K->0K(320512K)
[67.271s][info][gc,heap        ] GC(190) ParOldGen: 57882K->4981K(699392K)
[67.271s][info][gc,metaspace   ] GC(190) Metaspace: 23614K(24576K)->23614K(24576K) NonClass: 20686K(21248K)->20686K(21248K) Class: 2927K(3328K)->2927K(3328K)
[67.271s][info][gc             ] GC(190) Pause Full (System.gc()) 57M->4M(996M) 9.909ms
[67.271s][info][gc,cpu         ] GC(190) User=0.00s Sys=0.00s Real=0.00s
[68.943s][info][gc,start       ] GC(191) Pause Young (Allocation Failure)
[68.954s][info][gc,heap        ] GC(191) PSYoungGen: 293376K->25589K(311296K)
[68.954s][info][gc,heap        ] GC(191) ParOldGen: 4981K->5493K(699392K)
[68.954s][info][gc,metaspace   ] GC(191) Metaspace: 23614K(24576K)->23614K(24576K) NonClass: 20686K(21248K)->20686K(21248K) Class: 2927K(3328K)->2927K(3328K)
[68.954s][info][gc             ] GC(191) Pause Young (Allocation Failure) 291M->30M(987M) 11.275ms
[68.954s][info][gc,cpu         ] GC(191) User=0.00s Sys=0.00s Real=0.00s
[69.013s][info][gc,start       ] GC(192) Pause Young (Allocation Failure)
[69.030s][info][gc,heap        ] GC(192) PSYoungGen: 311285K->0K(317440K)
[69.030s][info][gc,heap        ] GC(192) ParOldGen: 5493K->31173K(699392K)
[69.030s][info][gc,metaspace   ] GC(192) Metaspace: 23614K(24576K)->23614K(24576K) NonClass: 20686K(21248K)->20686K(21248K) Class: 2927K(3328K)->2927K(3328K)
[69.030s][info][gc             ] GC(192) Pause Young (Allocation Failure) 309M->30M(993M) 16.768ms
[69.030s][info][gc,cpu         ] GC(192) User=0.09s Sys=0.00s Real=0.02s
[69.088s][info][gc,start       ] GC(193) Pause Young (Allocation Failure)
[69.089s][info][gc,heap        ] GC(193) PSYoungGen: 285696K->0K(320512K)
[69.089s][info][gc,heap        ] GC(193) ParOldGen: 31173K->31173K(699392K)
[69.089s][info][gc,metaspace   ] GC(193) Metaspace: 23614K(24576K)->23614K(24576K) NonClass: 20686K(21248K)->20686K(21248K) Class: 2927K(3328K)->2927K(3328K)
[69.089s][info][gc             ] GC(193) Pause Young (Allocation Failure) 309M->30M(996M) 0.812ms
[69.089s][info][gc,cpu         ] GC(193) User=0.00s Sys=0.00s Real=0.00s
[69.148s][info][gc,start       ] GC(194) Pause Young (Allocation Failure)
[69.149s][info][gc,heap        ] GC(194) PSYoungGen: 290304K->0K(318976K)
[69.149s][info][gc,heap        ] GC(194) ParOldGen: 31173K->31173K(699392K)
[69.149s][info][gc,metaspace   ] GC(194) Metaspace: 23614K(24576K)->23614K(24576K) NonClass: 20686K(21248K)->20686K(21248K) Class: 2927K(3328K)->2927K(3328K)
[69.149s][info][gc             ] GC(194) Pause Young (Allocation Failure) 313M->30M(994M) 0.873ms
[69.149s][info][gc,cpu         ] GC(194) User=0.00s Sys=0.00s Real=0.00s
[70.831s][info][gc,start       ] GC(195) Pause Young (Allocation Failure)
[70.843s][info][gc,heap        ] GC(195) PSYoungGen: 290304K->26747K(309760K)
[70.843s][info][gc,heap        ] GC(195) ParOldGen: 31173K->31173K(699392K)
[70.843s][info][gc,metaspace   ] GC(195) Metaspace: 23614K(24576K)->23614K(24576K) NonClass: 20686K(21248K)->20686K(21248K) Class: 2927K(3328K)->2927K(3328K)
[70.843s][info][gc             ] GC(195) Pause Young (Allocation Failure) 313M->56M(985M) 11.650ms
[70.843s][info][gc,cpu         ] GC(195) User=0.02s Sys=0.00s Real=0.01s
[70.901s][info][gc,start       ] GC(196) Pause Young (Allocation Failure)
[70.916s][info][gc,heap        ] GC(196) PSYoungGen: 309371K->0K(315904K)
[70.916s][info][gc,heap        ] GC(196) ParOldGen: 31173K->57914K(699392K)
[70.916s][info][gc,metaspace   ] GC(196) Metaspace: 23614K(24576K)->23614K(24576K) NonClass: 20686K(21248K)->20686K(21248K) Class: 2927K(3328K)->2927K(3328K)
[70.916s][info][gc             ] GC(196) Pause Young (Allocation Failure) 332M->56M(991M) 15.540ms
[70.916s][info][gc,cpu         ] GC(196) User=0.00s Sys=0.00s Real=0.00s
[70.973s][info][gc,start       ] GC(197) Pause Young (Allocation Failure)
[70.974s][info][gc,heap        ] GC(197) PSYoungGen: 282624K->0K(318976K)
[70.974s][info][gc,heap        ] GC(197) ParOldGen: 57914K->57914K(699392K)
[70.974s][info][gc,metaspace   ] GC(197) Metaspace: 23614K(24576K)->23614K(24576K) NonClass: 20686K(21248K)->20686K(21248K) Class: 2927K(3328K)->2927K(3328K)
[70.974s][info][gc             ] GC(197) Pause Young (Allocation Failure) 332M->56M(994M) 1.105ms
[70.974s][info][gc,cpu         ] GC(197) User=0.00s Sys=0.00s Real=0.00s
[71.032s][info][gc,start       ] GC(198) Pause Young (Allocation Failure)
[71.033s][info][gc,heap        ] GC(198) PSYoungGen: 287232K->0K(317440K)
[71.033s][info][gc,heap        ] GC(198) ParOldGen: 57914K->57914K(699392K)
[71.033s][info][gc,metaspace   ] GC(198) Metaspace: 23614K(24576K)->23614K(24576K) NonClass: 20686K(21248K)->20686K(21248K) Class: 2927K(3328K)->2927K(3328K)
[71.033s][info][gc             ] GC(198) Pause Young (Allocation Failure) 337M->56M(993M) 0.846ms
[71.033s][info][gc,cpu         ] GC(198) User=0.00s Sys=0.00s Real=0.00s
[71.092s][info][gc,start       ] GC(199) Pause Young (Allocation Failure)
[71.093s][info][gc,heap        ] GC(199) PSYoungGen: 287232K->0K(322048K)
[71.093s][info][gc,heap        ] GC(199) ParOldGen: 57914K->57914K(699392K)
[71.093s][info][gc,metaspace   ] GC(199) Metaspace: 23614K(24576K)->23614K(24576K) NonClass: 20686K(21248K)->20686K(21248K) Class: 2927K(3328K)->2927K(3328K)
[71.093s][info][gc             ] GC(199) Pause Young (Allocation Failure) 337M->56M(997M) 0.648ms
[71.093s][info][gc,cpu         ] GC(199) User=0.00s Sys=0.00s Real=0.00s
[71.127s][info][gc,start       ] GC(200) Pause Young (System.gc())
[71.128s][info][gc,heap        ] GC(200) PSYoungGen: 93871K->710K(320512K)
[71.128s][info][gc,heap        ] GC(200) ParOldGen: 57914K->57914K(699392K)
[71.128s][info][gc,metaspace   ] GC(200) Metaspace: 23615K(24576K)->23615K(24576K) NonClass: 20688K(21248K)->20688K(21248K) Class: 2927K(3328K)->2927K(3328K)
[71.128s][info][gc             ] GC(200) Pause Young (System.gc()) 148M->57M(996M) 1.027ms
[71.128s][info][gc,cpu         ] GC(200) User=0.00s Sys=0.00s Real=0.00s
[71.128s][info][gc,start       ] GC(201) Pause Full (System.gc())
[71.128s][info][gc,phases,start] GC(201) Marking Phase
[71.133s][info][gc,phases      ] GC(201) Marking Phase 4.312ms
[71.133s][info][gc,phases,start] GC(201) Summary Phase
[71.133s][info][gc,phases      ] GC(201) Summary Phase 0.010ms
[71.133s][info][gc,phases,start] GC(201) Adjust Roots
[71.135s][info][gc,phases      ] GC(201) Adjust Roots 2.484ms
[71.135s][info][gc,phases,start] GC(201) Compaction Phase
[71.138s][info][gc,phases      ] GC(201) Compaction Phase 2.459ms
[71.138s][info][gc,phases,start] GC(201) Post Compact
[71.138s][info][gc,phases      ] GC(201) Post Compact 0.323ms
[71.138s][info][gc,heap        ] GC(201) PSYoungGen: 710K->0K(320512K)
[71.138s][info][gc,heap        ] GC(201) ParOldGen: 57914K->4981K(699392K)
[71.138s][info][gc,metaspace   ] GC(201) Metaspace: 23615K(24576K)->23615K(24576K) NonClass: 20688K(21248K)->20688K(21248K) Class: 2927K(3328K)->2927K(3328K)
[71.138s][info][gc             ] GC(201) Pause Full (System.gc()) 57M->4M(996M) 9.810ms
[71.138s][info][gc,cpu         ] GC(201) User=0.02s Sys=0.00s Real=0.02s
[72.811s][info][gc,start       ] GC(202) Pause Young (Allocation Failure)
[72.822s][info][gc,heap        ] GC(202) PSYoungGen: 293376K->25589K(311296K)
[72.823s][info][gc,heap        ] GC(202) ParOldGen: 4981K->5477K(699392K)
[72.823s][info][gc,metaspace   ] GC(202) Metaspace: 23617K(24576K)->23617K(24576K) NonClass: 20689K(21248K)->20689K(21248K) Class: 2927K(3328K)->2927K(3328K)
[72.823s][info][gc             ] GC(202) Pause Young (Allocation Failure) 291M->30M(987M) 11.407ms
[72.823s][info][gc,cpu         ] GC(202) User=0.02s Sys=0.00s Real=0.02s
[72.881s][info][gc,start       ] GC(203) Pause Young (Allocation Failure)
[72.897s][info][gc,heap        ] GC(203) PSYoungGen: 311285K->0K(317440K)
[72.897s][info][gc,heap        ] GC(203) ParOldGen: 5477K->31157K(699392K)
[72.897s][info][gc,metaspace   ] GC(203) Metaspace: 23617K(24576K)->23617K(24576K) NonClass: 20689K(21248K)->20689K(21248K) Class: 2927K(3328K)->2927K(3328K)
[72.897s][info][gc             ] GC(203) Pause Young (Allocation Failure) 309M->30M(993M) 15.663ms
[72.897s][info][gc,cpu         ] GC(203) User=0.00s Sys=0.00s Real=0.02s
[72.955s][info][gc,start       ] GC(204) Pause Young (Allocation Failure)
[72.955s][info][gc,heap        ] GC(204) PSYoungGen: 285696K->0K(320512K)
[72.955s][info][gc,heap        ] GC(204) ParOldGen: 31157K->31157K(699392K)
[72.955s][info][gc,metaspace   ] GC(204) Metaspace: 23617K(24576K)->23617K(24576K) NonClass: 20689K(21248K)->20689K(21248K) Class: 2927K(3328K)->2927K(3328K)
[72.955s][info][gc             ] GC(204) Pause Young (Allocation Failure) 309M->30M(996M) 0.654ms
[72.955s][info][gc,cpu         ] GC(204) User=0.00s Sys=0.00s Real=0.00s
[73.014s][info][gc,start       ] GC(205) Pause Young (Allocation Failure)
[73.014s][info][gc,heap        ] GC(205) PSYoungGen: 290304K->0K(318976K)
[73.014s][info][gc,heap        ] GC(205) ParOldGen: 31157K->31157K(699392K)
[73.014s][info][gc,metaspace   ] GC(205) Metaspace: 23617K(24576K)->23617K(24576K) NonClass: 20689K(21248K)->20689K(21248K) Class: 2927K(3328K)->2927K(3328K)
[73.014s][info][gc             ] GC(205) Pause Young (Allocation Failure) 313M->30M(994M) 0.701ms
[73.014s][info][gc,cpu         ] GC(205) User=0.00s Sys=0.00s Real=0.00s
[74.696s][info][gc,start       ] GC(206) Pause Young (Allocation Failure)
[74.707s][info][gc,heap        ] GC(206) PSYoungGen: 290304K->26779K(309760K)
[74.707s][info][gc,heap        ] GC(206) ParOldGen: 31157K->31157K(699392K)
[74.707s][info][gc,metaspace   ] GC(206) Metaspace: 23621K(24576K)->23621K(24576K) NonClass: 20693K(21248K)->20693K(21248K) Class: 2927K(3328K)->2927K(3328K)
[74.707s][info][gc             ] GC(206) Pause Young (Allocation Failure) 313M->56M(985M) 11.539ms
[74.707s][info][gc,cpu         ] GC(206) User=0.03s Sys=0.00s Real=0.02s
[74.765s][info][gc,start       ] GC(207) Pause Young (Allocation Failure)
[74.781s][info][gc,heap        ] GC(207) PSYoungGen: 309403K->0K(315904K)
[74.781s][info][gc,heap        ] GC(207) ParOldGen: 31157K->57890K(699392K)
[74.781s][info][gc,metaspace   ] GC(207) Metaspace: 23621K(24576K)->23621K(24576K) NonClass: 20693K(21248K)->20693K(21248K) Class: 2927K(3328K)->2927K(3328K)
[74.781s][info][gc             ] GC(207) Pause Young (Allocation Failure) 332M->56M(991M) 16.360ms
[74.781s][info][gc,cpu         ] GC(207) User=0.11s Sys=0.00s Real=0.03s
[74.838s][info][gc,start       ] GC(208) Pause Young (Allocation Failure)
[74.839s][info][gc,heap        ] GC(208) PSYoungGen: 282624K->0K(318976K)
[74.839s][info][gc,heap        ] GC(208) ParOldGen: 57890K->57890K(699392K)
[74.839s][info][gc,metaspace   ] GC(208) Metaspace: 23621K(24576K)->23621K(24576K) NonClass: 20693K(21248K)->20693K(21248K) Class: 2927K(3328K)->2927K(3328K)
[74.839s][info][gc             ] GC(208) Pause Young (Allocation Failure) 332M->56M(994M) 0.723ms
[74.839s][info][gc,cpu         ] GC(208) User=0.00s Sys=0.00s Real=0.00s
[74.897s][info][gc,start       ] GC(209) Pause Young (Allocation Failure)
[74.897s][info][gc,heap        ] GC(209) PSYoungGen: 287232K->0K(317440K)
[74.898s][info][gc,heap        ] GC(209) ParOldGen: 57890K->57890K(699392K)
[74.898s][info][gc,metaspace   ] GC(209) Metaspace: 23621K(24576K)->23621K(24576K) NonClass: 20693K(21248K)->20693K(21248K) Class: 2927K(3328K)->2927K(3328K)
[74.898s][info][gc             ] GC(209) Pause Young (Allocation Failure) 337M->56M(993M) 0.832ms
[74.898s][info][gc,cpu         ] GC(209) User=0.00s Sys=0.00s Real=0.00s
[74.956s][info][gc,start       ] GC(210) Pause Young (Allocation Failure)
[74.956s][info][gc,heap        ] GC(210) PSYoungGen: 287232K->0K(322048K)
[74.956s][info][gc,heap        ] GC(210) ParOldGen: 57890K->57890K(699392K)
[74.956s][info][gc,metaspace   ] GC(210) Metaspace: 23621K(24576K)->23621K(24576K) NonClass: 20693K(21248K)->20693K(21248K) Class: 2927K(3328K)->2927K(3328K)
[74.956s][info][gc             ] GC(210) Pause Young (Allocation Failure) 337M->56M(997M) 0.497ms
[74.956s][info][gc,cpu         ] GC(210) User=0.00s Sys=0.00s Real=0.00s
[74.990s][info][gc,start       ] GC(211) Pause Young (System.gc())
[74.991s][info][gc,heap        ] GC(211) PSYoungGen: 93871K->710K(320512K)
[74.991s][info][gc,heap        ] GC(211) ParOldGen: 57890K->57890K(699392K)
[74.991s][info][gc,metaspace   ] GC(211) Metaspace: 23621K(24576K)->23621K(24576K) NonClass: 20694K(21248K)->20694K(21248K) Class: 2927K(3328K)->2927K(3328K)
[74.991s][info][gc             ] GC(211) Pause Young (System.gc()) 148M->57M(996M) 0.925ms
[74.991s][info][gc,cpu         ] GC(211) User=0.00s Sys=0.00s Real=0.00s
[74.991s][info][gc,start       ] GC(212) Pause Full (System.gc())
[74.991s][info][gc,phases,start] GC(212) Marking Phase
[74.996s][info][gc,phases      ] GC(212) Marking Phase 4.639ms
[74.996s][info][gc,phases,start] GC(212) Summary Phase
[74.996s][info][gc,phases      ] GC(212) Summary Phase 0.010ms
[74.996s][info][gc,phases,start] GC(212) Adjust Roots
[74.999s][info][gc,phases      ] GC(212) Adjust Roots 2.457ms
[74.999s][info][gc,phases,start] GC(212) Compaction Phase
[75.001s][info][gc,phases      ] GC(212) Compaction Phase 2.321ms
[75.001s][info][gc,phases,start] GC(212) Post Compact
[75.001s][info][gc,phases      ] GC(212) Post Compact 0.333ms
[75.001s][info][gc,heap        ] GC(212) PSYoungGen: 710K->0K(320512K)
[75.001s][info][gc,heap        ] GC(212) ParOldGen: 57890K->4981K(699392K)
[75.001s][info][gc,metaspace   ] GC(212) Metaspace: 23621K(24576K)->23621K(24576K) NonClass: 20694K(21248K)->20694K(21248K) Class: 2927K(3328K)->2927K(3328K)
[75.001s][info][gc             ] GC(212) Pause Full (System.gc()) 57M->4M(996M) 9.977ms
[75.001s][info][gc,cpu         ] GC(212) User=0.02s Sys=0.00s Real=0.01s
[76.671s][info][gc,start       ] GC(213) Pause Young (Allocation Failure)
[76.682s][info][gc,heap        ] GC(213) PSYoungGen: 293376K->25589K(311296K)
[76.682s][info][gc,heap        ] GC(213) ParOldGen: 4981K->5477K(699392K)
[76.683s][info][gc,metaspace   ] GC(213) Metaspace: 23621K(24576K)->23621K(24576K) NonClass: 20694K(21248K)->20694K(21248K) Class: 2927K(3328K)->2927K(3328K)
[76.683s][info][gc             ] GC(213) Pause Young (Allocation Failure) 291M->30M(987M) 11.355ms
[76.683s][info][gc,cpu         ] GC(213) User=0.02s Sys=0.00s Real=0.02s
[76.741s][info][gc,start       ] GC(214) Pause Young (Allocation Failure)
[76.757s][info][gc,heap        ] GC(214) PSYoungGen: 311285K->0K(317440K)
[76.757s][info][gc,heap        ] GC(214) ParOldGen: 5477K->31157K(699392K)
[76.757s][info][gc,metaspace   ] GC(214) Metaspace: 23621K(24576K)->23621K(24576K) NonClass: 20694K(21248K)->20694K(21248K) Class: 2927K(3328K)->2927K(3328K)
[76.757s][info][gc             ] GC(214) Pause Young (Allocation Failure) 309M->30M(993M) 16.460ms
[76.757s][info][gc,cpu         ] GC(214) User=0.05s Sys=0.00s Real=0.02s
[76.816s][info][gc,start       ] GC(215) Pause Young (Allocation Failure)
[76.817s][info][gc,heap        ] GC(215) PSYoungGen: 285696K->0K(320512K)
[76.817s][info][gc,heap        ] GC(215) ParOldGen: 31157K->31157K(699392K)
[76.817s][info][gc,metaspace   ] GC(215) Metaspace: 23621K(24576K)->23621K(24576K) NonClass: 20694K(21248K)->20694K(21248K) Class: 2927K(3328K)->2927K(3328K)
[76.817s][info][gc             ] GC(215) Pause Young (Allocation Failure) 309M->30M(996M) 0.812ms
[76.817s][info][gc,cpu         ] GC(215) User=0.00s Sys=0.00s Real=0.00s
[76.876s][info][gc,start       ] GC(216) Pause Young (Allocation Failure)
[76.877s][info][gc,heap        ] GC(216) PSYoungGen: 290304K->0K(318976K)
[76.877s][info][gc,heap        ] GC(216) ParOldGen: 31157K->31157K(699392K)
[76.877s][info][gc,metaspace   ] GC(216) Metaspace: 23621K(24576K)->23621K(24576K) NonClass: 20694K(21248K)->20694K(21248K) Class: 2927K(3328K)->2927K(3328K)
[76.877s][info][gc             ] GC(216) Pause Young (Allocation Failure) 313M->30M(994M) 0.650ms
[76.877s][info][gc,cpu         ] GC(216) User=0.00s Sys=0.00s Real=0.00s
[78.558s][info][gc,start       ] GC(217) Pause Young (Allocation Failure)
[78.570s][info][gc,heap        ] GC(217) PSYoungGen: 290304K->26747K(309760K)
[78.570s][info][gc,heap        ] GC(217) ParOldGen: 31157K->31157K(699392K)
[78.570s][info][gc,metaspace   ] GC(217) Metaspace: 23621K(24576K)->23621K(24576K) NonClass: 20694K(21248K)->20694K(21248K) Class: 2927K(3328K)->2927K(3328K)
[78.570s][info][gc             ] GC(217) Pause Young (Allocation Failure) 313M->56M(985M) 11.737ms
[78.570s][info][gc,cpu         ] GC(217) User=0.02s Sys=0.00s Real=0.02s
[78.627s][info][gc,start       ] GC(218) Pause Young (Allocation Failure)
[78.643s][info][gc,heap        ] GC(218) PSYoungGen: 309371K->0K(315904K)
[78.643s][info][gc,heap        ] GC(218) ParOldGen: 31157K->57914K(699392K)
[78.643s][info][gc,metaspace   ] GC(218) Metaspace: 23621K(24576K)->23621K(24576K) NonClass: 20694K(21248K)->20694K(21248K) Class: 2927K(3328K)->2927K(3328K)
[78.643s][info][gc             ] GC(218) Pause Young (Allocation Failure) 332M->56M(991M) 16.096ms
[78.643s][info][gc,cpu         ] GC(218) User=0.02s Sys=0.00s Real=0.03s
[78.700s][info][gc,start       ] GC(219) Pause Young (Allocation Failure)
[78.701s][info][gc,heap        ] GC(219) PSYoungGen: 282624K->0K(318976K)
[78.701s][info][gc,heap        ] GC(219) ParOldGen: 57914K->57914K(699392K)
[78.701s][info][gc,metaspace   ] GC(219) Metaspace: 23621K(24576K)->23621K(24576K) NonClass: 20694K(21248K)->20694K(21248K) Class: 2927K(3328K)->2927K(3328K)
[78.701s][info][gc             ] GC(219) Pause Young (Allocation Failure) 332M->56M(994M) 0.881ms
[78.701s][info][gc,cpu         ] GC(219) User=0.00s Sys=0.00s Real=0.00s
[78.759s][info][gc,start       ] GC(220) Pause Young (Allocation Failure)
[78.760s][info][gc,heap        ] GC(220) PSYoungGen: 287232K->0K(317440K)
[78.760s][info][gc,heap        ] GC(220) ParOldGen: 57914K->57914K(699392K)
[78.760s][info][gc,metaspace   ] GC(220) Metaspace: 23621K(24576K)->23621K(24576K) NonClass: 20694K(21248K)->20694K(21248K) Class: 2927K(3328K)->2927K(3328K)
[78.760s][info][gc             ] GC(220) Pause Young (Allocation Failure) 337M->56M(993M) 1.048ms
[78.760s][info][gc,cpu         ] GC(220) User=0.00s Sys=0.00s Real=0.00s
[78.820s][info][gc,start       ] GC(221) Pause Young (Allocation Failure)
[78.820s][info][gc,heap        ] GC(221) PSYoungGen: 287232K->0K(322048K)
[78.820s][info][gc,heap        ] GC(221) ParOldGen: 57914K->57914K(699392K)
[78.820s][info][gc,metaspace   ] GC(221) Metaspace: 23621K(24576K)->23621K(24576K) NonClass: 20694K(21248K)->20694K(21248K) Class: 2927K(3328K)->2927K(3328K)
[78.820s][info][gc             ] GC(221) Pause Young (Allocation Failure) 337M->56M(997M) 0.530ms
[78.820s][info][gc,cpu         ] GC(221) User=0.00s Sys=0.00s Real=0.00s
[78.855s][info][gc,start       ] GC(222) Pause Young (System.gc())
[78.856s][info][gc,heap        ] GC(222) PSYoungGen: 93871K->678K(320512K)
[78.856s][info][gc,heap        ] GC(222) ParOldGen: 57914K->57914K(699392K)
[78.856s][info][gc,metaspace   ] GC(222) Metaspace: 23624K(24576K)->23624K(24576K) NonClass: 20697K(21248K)->20697K(21248K) Class: 2927K(3328K)->2927K(3328K)
[78.856s][info][gc             ] GC(222) Pause Young (System.gc()) 148M->57M(996M) 1.146ms
[78.856s][info][gc,cpu         ] GC(222) User=0.00s Sys=0.00s Real=0.00s
[78.856s][info][gc,start       ] GC(223) Pause Full (System.gc())
[78.856s][info][gc,phases,start] GC(223) Marking Phase
[78.860s][info][gc,phases      ] GC(223) Marking Phase 4.413ms
[78.860s][info][gc,phases,start] GC(223) Summary Phase
[78.860s][info][gc,phases      ] GC(223) Summary Phase 0.009ms
[78.860s][info][gc,phases,start] GC(223) Adjust Roots
[78.863s][info][gc,phases      ] GC(223) Adjust Roots 2.402ms
[78.863s][info][gc,phases,start] GC(223) Compaction Phase
[78.864s][info][gc,phases      ] GC(223) Compaction Phase 1.672ms
[78.864s][info][gc,phases,start] GC(223) Post Compact
[78.865s][info][gc,phases      ] GC(223) Post Compact 0.352ms
[78.865s][info][gc,heap        ] GC(223) PSYoungGen: 678K->0K(320512K)
[78.865s][info][gc,heap        ] GC(223) ParOldGen: 57914K->4981K(699392K)
[78.865s][info][gc,metaspace   ] GC(223) Metaspace: 23624K(24576K)->23624K(24576K) NonClass: 20697K(21248K)->20697K(21248K) Class: 2927K(3328K)->2927K(3328K)
[78.865s][info][gc             ] GC(223) Pause Full (System.gc()) 57M->4M(996M) 9.116ms
[78.865s][info][gc,cpu         ] GC(223) User=0.00s Sys=0.00s Real=0.02s
[80.536s][info][gc,start       ] GC(224) Pause Young (Allocation Failure)
[80.547s][info][gc,heap        ] GC(224) PSYoungGen: 293376K->25589K(311296K)
[80.547s][info][gc,heap        ] GC(224) ParOldGen: 4981K->5493K(699392K)
[80.547s][info][gc,metaspace   ] GC(224) Metaspace: 23625K(24576K)->23625K(24576K) NonClass: 20697K(21248K)->20697K(21248K) Class: 2927K(3328K)->2927K(3328K)
[80.547s][info][gc             ] GC(224) Pause Young (Allocation Failure) 291M->30M(987M) 11.950ms
[80.547s][info][gc,cpu         ] GC(224) User=0.02s Sys=0.02s Real=0.02s
[80.606s][info][gc,start       ] GC(225) Pause Young (Allocation Failure)
[80.622s][info][gc,heap        ] GC(225) PSYoungGen: 311285K->0K(317440K)
[80.622s][info][gc,heap        ] GC(225) ParOldGen: 5493K->31173K(699392K)
[80.622s][info][gc,metaspace   ] GC(225) Metaspace: 23625K(24576K)->23625K(24576K) NonClass: 20697K(21248K)->20697K(21248K) Class: 2927K(3328K)->2927K(3328K)
[80.622s][info][gc             ] GC(225) Pause Young (Allocation Failure) 309M->30M(993M) 16.189ms
[80.622s][info][gc,cpu         ] GC(225) User=0.05s Sys=0.00s Real=0.02s
[80.680s][info][gc,start       ] GC(226) Pause Young (Allocation Failure)
[80.680s][info][gc,heap        ] GC(226) PSYoungGen: 285696K->0K(320512K)
[80.680s][info][gc,heap        ] GC(226) ParOldGen: 31173K->31173K(699392K)
[80.680s][info][gc,metaspace   ] GC(226) Metaspace: 23625K(24576K)->23625K(24576K) NonClass: 20697K(21248K)->20697K(21248K) Class: 2927K(3328K)->2927K(3328K)
[80.680s][info][gc             ] GC(226) Pause Young (Allocation Failure) 309M->30M(996M) 0.663ms
[80.680s][info][gc,cpu         ] GC(226) User=0.00s Sys=0.00s Real=0.00s
[80.739s][info][gc,start       ] GC(227) Pause Young (Allocation Failure)
[80.740s][info][gc,heap        ] GC(227) PSYoungGen: 290304K->0K(318976K)
[80.740s][info][gc,heap        ] GC(227) ParOldGen: 31173K->31173K(699392K)
[80.740s][info][gc,metaspace   ] GC(227) Metaspace: 23625K(24576K)->23625K(24576K) NonClass: 20697K(21248K)->20697K(21248K) Class: 2927K(3328K)->2927K(3328K)
[80.740s][info][gc             ] GC(227) Pause Young (Allocation Failure) 313M->30M(994M) 0.649ms
[80.740s][info][gc,cpu         ] GC(227) User=0.00s Sys=0.00s Real=0.00s
[82.421s][info][gc,start       ] GC(228) Pause Young (Allocation Failure)
[82.433s][info][gc,heap        ] GC(228) PSYoungGen: 290304K->26715K(309760K)
[82.433s][info][gc,heap        ] GC(228) ParOldGen: 31173K->31173K(699392K)
[82.433s][info][gc,metaspace   ] GC(228) Metaspace: 23625K(24576K)->23625K(24576K) NonClass: 20697K(21248K)->20697K(21248K) Class: 2927K(3328K)->2927K(3328K)
[82.433s][info][gc             ] GC(228) Pause Young (Allocation Failure) 313M->56M(985M) 11.817ms
[82.433s][info][gc,cpu         ] GC(228) User=0.02s Sys=0.00s Real=0.02s
[82.491s][info][gc,start       ] GC(229) Pause Young (Allocation Failure)
[82.506s][info][gc,heap        ] GC(229) PSYoungGen: 309339K->0K(315904K)
[82.507s][info][gc,heap        ] GC(229) ParOldGen: 31173K->57906K(699392K)
[82.507s][info][gc,metaspace   ] GC(229) Metaspace: 23625K(24576K)->23625K(24576K) NonClass: 20697K(21248K)->20697K(21248K) Class: 2927K(3328K)->2927K(3328K)
[82.507s][info][gc             ] GC(229) Pause Young (Allocation Failure) 332M->56M(991M) 16.682ms
[82.507s][info][gc,cpu         ] GC(229) User=0.02s Sys=0.00s Real=0.02s
[82.567s][info][gc,start       ] GC(230) Pause Young (Allocation Failure)
[82.567s][info][gc,heap        ] GC(230) PSYoungGen: 282624K->0K(318976K)
[82.567s][info][gc,heap        ] GC(230) ParOldGen: 57906K->57906K(699392K)
[82.567s][info][gc,metaspace   ] GC(230) Metaspace: 23625K(24576K)->23625K(24576K) NonClass: 20697K(21248K)->20697K(21248K) Class: 2927K(3328K)->2927K(3328K)
[82.567s][info][gc             ] GC(230) Pause Young (Allocation Failure) 332M->56M(994M) 0.626ms
[82.567s][info][gc,cpu         ] GC(230) User=0.00s Sys=0.00s Real=0.00s
[82.625s][info][gc,start       ] GC(231) Pause Young (Allocation Failure)
[82.626s][info][gc,heap        ] GC(231) PSYoungGen: 287232K->0K(317440K)
[82.626s][info][gc,heap        ] GC(231) ParOldGen: 57906K->57906K(699392K)
[82.626s][info][gc,metaspace   ] GC(231) Metaspace: 23625K(24576K)->23625K(24576K) NonClass: 20697K(21248K)->20697K(21248K) Class: 2927K(3328K)->2927K(3328K)
[82.626s][info][gc             ] GC(231) Pause Young (Allocation Failure) 337M->56M(993M) 0.660ms
[82.626s][info][gc,cpu         ] GC(231) User=0.00s Sys=0.00s Real=0.00s
[82.684s][info][gc,start       ] GC(232) Pause Young (Allocation Failure)
[82.684s][info][gc,heap        ] GC(232) PSYoungGen: 287232K->0K(322048K)
[82.684s][info][gc,heap        ] GC(232) ParOldGen: 57906K->57906K(699392K)
[82.684s][info][gc,metaspace   ] GC(232) Metaspace: 23625K(24576K)->23625K(24576K) NonClass: 20697K(21248K)->20697K(21248K) Class: 2927K(3328K)->2927K(3328K)
[82.684s][info][gc             ] GC(232) Pause Young (Allocation Failure) 337M->56M(997M) 0.552ms
[82.684s][info][gc,cpu         ] GC(232) User=0.00s Sys=0.00s Real=0.00s
[82.719s][info][gc,start       ] GC(233) Pause Young (System.gc())
[82.720s][info][gc,heap        ] GC(233) PSYoungGen: 93871K->710K(320512K)
[82.720s][info][gc,heap        ] GC(233) ParOldGen: 57906K->57906K(699392K)
[82.720s][info][gc,metaspace   ] GC(233) Metaspace: 23625K(24576K)->23625K(24576K) NonClass: 20697K(21248K)->20697K(21248K) Class: 2927K(3328K)->2927K(3328K)
[82.720s][info][gc             ] GC(233) Pause Young (System.gc()) 148M->57M(996M) 0.966ms
[82.720s][info][gc,cpu         ] GC(233) User=0.00s Sys=0.00s Real=0.00s
[82.720s][info][gc,start       ] GC(234) Pause Full (System.gc())
[82.720s][info][gc,phases,start] GC(234) Marking Phase
[82.725s][info][gc,phases      ] GC(234) Marking Phase 5.109ms
[82.725s][info][gc,phases,start] GC(234) Summary Phase
[82.725s][info][gc,phases      ] GC(234) Summary Phase 0.009ms
[82.725s][info][gc,phases,start] GC(234) Adjust Roots
[82.727s][info][gc,phases      ] GC(234) Adjust Roots 2.291ms
[82.727s][info][gc,phases,start] GC(234) Compaction Phase
[82.730s][info][gc,phases      ] GC(234) Compaction Phase 3.157ms
[82.730s][info][gc,phases,start] GC(234) Post Compact
[82.731s][info][gc,phases      ] GC(234) Post Compact 0.334ms
[82.731s][info][gc,heap        ] GC(234) PSYoungGen: 710K->0K(320512K)
[82.731s][info][gc,heap        ] GC(234) ParOldGen: 57906K->4981K(699392K)
[82.731s][info][gc,metaspace   ] GC(234) Metaspace: 23625K(24576K)->23625K(24576K) NonClass: 20697K(21248K)->20697K(21248K) Class: 2927K(3328K)->2927K(3328K)
[82.731s][info][gc             ] GC(234) Pause Full (System.gc()) 57M->4M(996M) 11.110ms
[82.731s][info][gc,cpu         ] GC(234) User=0.00s Sys=0.00s Real=0.02s
[84.403s][info][gc,start       ] GC(235) Pause Young (Allocation Failure)
[84.414s][info][gc,heap        ] GC(235) PSYoungGen: 293376K->25589K(311296K)
[84.414s][info][gc,heap        ] GC(235) ParOldGen: 4981K->5485K(699392K)
[84.414s][info][gc,metaspace   ] GC(235) Metaspace: 23635K(24576K)->23635K(24576K) NonClass: 20707K(21248K)->20707K(21248K) Class: 2927K(3328K)->2927K(3328K)
[84.414s][info][gc             ] GC(235) Pause Young (Allocation Failure) 291M->30M(987M) 11.423ms
[84.414s][info][gc,cpu         ] GC(235) User=0.02s Sys=0.00s Real=0.02s
[84.473s][info][gc,start       ] GC(236) Pause Young (Allocation Failure)
[84.489s][info][gc,heap        ] GC(236) PSYoungGen: 311285K->0K(317440K)
[84.489s][info][gc,heap        ] GC(236) ParOldGen: 5485K->31157K(699392K)
[84.489s][info][gc,metaspace   ] GC(236) Metaspace: 23635K(24576K)->23635K(24576K) NonClass: 20707K(21248K)->20707K(21248K) Class: 2927K(3328K)->2927K(3328K)
[84.489s][info][gc             ] GC(236) Pause Young (Allocation Failure) 309M->30M(993M) 15.782ms
[84.489s][info][gc,cpu         ] GC(236) User=0.02s Sys=0.00s Real=0.02s
[84.546s][info][gc,start       ] GC(237) Pause Young (Allocation Failure)
[84.547s][info][gc,heap        ] GC(237) PSYoungGen: 285696K->0K(320512K)
[84.547s][info][gc,heap        ] GC(237) ParOldGen: 31157K->31157K(699392K)
[84.547s][info][gc,metaspace   ] GC(237) Metaspace: 23635K(24576K)->23635K(24576K) NonClass: 20707K(21248K)->20707K(21248K) Class: 2927K(3328K)->2927K(3328K)
[84.547s][info][gc             ] GC(237) Pause Young (Allocation Failure) 309M->30M(996M) 0.664ms
[84.547s][info][gc,cpu         ] GC(237) User=0.00s Sys=0.00s Real=0.00s
[84.606s][info][gc,start       ] GC(238) Pause Young (Allocation Failure)
[84.606s][info][gc,heap        ] GC(238) PSYoungGen: 290304K->0K(318976K)
[84.606s][info][gc,heap        ] GC(238) ParOldGen: 31157K->31157K(699392K)
[84.606s][info][gc,metaspace   ] GC(238) Metaspace: 23635K(24576K)->23635K(24576K) NonClass: 20707K(21248K)->20707K(21248K) Class: 2927K(3328K)->2927K(3328K)
[84.606s][info][gc             ] GC(238) Pause Young (Allocation Failure) 313M->30M(994M) 0.764ms
[84.606s][info][gc,cpu         ] GC(238) User=0.00s Sys=0.00s Real=0.00s
[86.290s][info][gc,start       ] GC(239) Pause Young (Allocation Failure)
[86.301s][info][gc,heap        ] GC(239) PSYoungGen: 290304K->26733K(309760K)
[86.301s][info][gc,heap        ] GC(239) ParOldGen: 31157K->31157K(699392K)
[86.301s][info][gc,metaspace   ] GC(239) Metaspace: 23635K(24576K)->23635K(24576K) NonClass: 20707K(21248K)->20707K(21248K) Class: 2927K(3328K)->2927K(3328K)
[86.301s][info][gc             ] GC(239) Pause Young (Allocation Failure) 313M->56M(985M) 11.216ms
[86.301s][info][gc,cpu         ] GC(239) User=0.00s Sys=0.00s Real=0.00s
[86.358s][info][gc,start       ] GC(240) Pause Young (Allocation Failure)
[86.374s][info][gc,heap        ] GC(240) PSYoungGen: 309357K->0K(315904K)
[86.374s][info][gc,heap        ] GC(240) ParOldGen: 31157K->57890K(699392K)
[86.374s][info][gc,metaspace   ] GC(240) Metaspace: 23635K(24576K)->23635K(24576K) NonClass: 20707K(21248K)->20707K(21248K) Class: 2927K(3328K)->2927K(3328K)
[86.374s][info][gc             ] GC(240) Pause Young (Allocation Failure) 332M->56M(991M) 15.701ms
[86.374s][info][gc,cpu         ] GC(240) User=0.02s Sys=0.00s Real=0.02s
[86.431s][info][gc,start       ] GC(241) Pause Young (Allocation Failure)
[86.432s][info][gc,heap        ] GC(241) PSYoungGen: 282624K->0K(318976K)
[86.432s][info][gc,heap        ] GC(241) ParOldGen: 57890K->57890K(699392K)
[86.432s][info][gc,metaspace   ] GC(241) Metaspace: 23635K(24576K)->23635K(24576K) NonClass: 20707K(21248K)->20707K(21248K) Class: 2927K(3328K)->2927K(3328K)
[86.432s][info][gc             ] GC(241) Pause Young (Allocation Failure) 332M->56M(994M) 0.675ms
[86.432s][info][gc,cpu         ] GC(241) User=0.00s Sys=0.00s Real=0.00s
[86.490s][info][gc,start       ] GC(242) Pause Young (Allocation Failure)
[86.490s][info][gc,heap        ] GC(242) PSYoungGen: 287232K->0K(317440K)
[86.490s][info][gc,heap        ] GC(242) ParOldGen: 57890K->57890K(699392K)
[86.490s][info][gc,metaspace   ] GC(242) Metaspace: 23635K(24576K)->23635K(24576K) NonClass: 20707K(21248K)->20707K(21248K) Class: 2927K(3328K)->2927K(3328K)
[86.490s][info][gc             ] GC(242) Pause Young (Allocation Failure) 337M->56M(993M) 0.700ms
[86.491s][info][gc,cpu         ] GC(242) User=0.00s Sys=0.00s Real=0.00s
[86.548s][info][gc,start       ] GC(243) Pause Young (Allocation Failure)
[86.549s][info][gc,heap        ] GC(243) PSYoungGen: 287232K->0K(322048K)
[86.549s][info][gc,heap        ] GC(243) ParOldGen: 57890K->57890K(699392K)
[86.549s][info][gc,metaspace   ] GC(243) Metaspace: 23635K(24576K)->23635K(24576K) NonClass: 20707K(21248K)->20707K(21248K) Class: 2927K(3328K)->2927K(3328K)
[86.549s][info][gc             ] GC(243) Pause Young (Allocation Failure) 337M->56M(997M) 0.823ms
[86.549s][info][gc,cpu         ] GC(243) User=0.00s Sys=0.00s Real=0.00s
[86.584s][info][gc,start       ] GC(244) Pause Young (System.gc())
[86.585s][info][gc,heap        ] GC(244) PSYoungGen: 93871K->710K(320512K)
[86.585s][info][gc,heap        ] GC(244) ParOldGen: 57890K->57890K(699392K)
[86.585s][info][gc,metaspace   ] GC(244) Metaspace: 23639K(24576K)->23639K(24576K) NonClass: 20711K(21248K)->20711K(21248K) Class: 2927K(3328K)->2927K(3328K)
[86.586s][info][gc             ] GC(244) Pause Young (System.gc()) 148M->57M(996M) 1.220ms
[86.586s][info][gc,cpu         ] GC(244) User=0.00s Sys=0.00s Real=0.00s
[86.586s][info][gc,start       ] GC(245) Pause Full (System.gc())
[86.586s][info][gc,phases,start] GC(245) Marking Phase
[86.590s][info][gc,phases      ] GC(245) Marking Phase 4.491ms
[86.590s][info][gc,phases,start] GC(245) Summary Phase
[86.590s][info][gc,phases      ] GC(245) Summary Phase 0.010ms
[86.590s][info][gc,phases,start] GC(245) Adjust Roots
[86.593s][info][gc,phases      ] GC(245) Adjust Roots 2.525ms
[86.593s][info][gc,phases,start] GC(245) Compaction Phase
[86.595s][info][gc,phases      ] GC(245) Compaction Phase 2.488ms
[86.595s][info][gc,phases,start] GC(245) Post Compact
[86.596s][info][gc,phases      ] GC(245) Post Compact 0.320ms
[86.596s][info][gc,heap        ] GC(245) PSYoungGen: 710K->0K(320512K)
[86.596s][info][gc,heap        ] GC(245) ParOldGen: 57890K->4981K(699392K)
[86.596s][info][gc,metaspace   ] GC(245) Metaspace: 23639K(24576K)->23639K(24576K) NonClass: 20711K(21248K)->20711K(21248K) Class: 2927K(3328K)->2927K(3328K)
[86.596s][info][gc             ] GC(245) Pause Full (System.gc()) 57M->4M(996M) 10.082ms
[86.596s][info][gc,cpu         ] GC(245) User=0.02s Sys=0.00s Real=0.02s
[88.267s][info][gc,start       ] GC(246) Pause Young (Allocation Failure)
[88.278s][info][gc,heap        ] GC(246) PSYoungGen: 293376K->25589K(311296K)
[88.278s][info][gc,heap        ] GC(246) ParOldGen: 4981K->5485K(699392K)
[88.278s][info][gc,metaspace   ] GC(246) Metaspace: 23642K(24576K)->23642K(24576K) NonClass: 20714K(21248K)->20714K(21248K) Class: 2927K(3328K)->2927K(3328K)
[88.278s][info][gc             ] GC(246) Pause Young (Allocation Failure) 291M->30M(987M) 11.331ms
[88.278s][info][gc,cpu         ] GC(246) User=0.06s Sys=0.00s Real=0.02s
[88.337s][info][gc,start       ] GC(247) Pause Young (Allocation Failure)
[88.354s][info][gc,heap        ] GC(247) PSYoungGen: 311285K->0K(317440K)
[88.354s][info][gc,heap        ] GC(247) ParOldGen: 5485K->31173K(699392K)
[88.354s][info][gc,metaspace   ] GC(247) Metaspace: 23642K(24576K)->23642K(24576K) NonClass: 20714K(21248K)->20714K(21248K) Class: 2927K(3328K)->2927K(3328K)
[88.354s][info][gc             ] GC(247) Pause Young (Allocation Failure) 309M->30M(993M) 16.287ms
[88.354s][info][gc,cpu         ] GC(247) User=0.05s Sys=0.00s Real=0.01s
[88.411s][info][gc,start       ] GC(248) Pause Young (Allocation Failure)
[88.412s][info][gc,heap        ] GC(248) PSYoungGen: 285696K->0K(320512K)
[88.412s][info][gc,heap        ] GC(248) ParOldGen: 31173K->31173K(699392K)
[88.412s][info][gc,metaspace   ] GC(248) Metaspace: 23642K(24576K)->23642K(24576K) NonClass: 20714K(21248K)->20714K(21248K) Class: 2927K(3328K)->2927K(3328K)
[88.412s][info][gc             ] GC(248) Pause Young (Allocation Failure) 309M->30M(996M) 0.522ms
[88.412s][info][gc,cpu         ] GC(248) User=0.00s Sys=0.00s Real=0.00s
[88.470s][info][gc,start       ] GC(249) Pause Young (Allocation Failure)
[88.471s][info][gc,heap        ] GC(249) PSYoungGen: 290304K->0K(318976K)
[88.471s][info][gc,heap        ] GC(249) ParOldGen: 31173K->31173K(699392K)
[88.471s][info][gc,metaspace   ] GC(249) Metaspace: 23642K(24576K)->23642K(24576K) NonClass: 20714K(21248K)->20714K(21248K) Class: 2927K(3328K)->2927K(3328K)
[88.471s][info][gc             ] GC(249) Pause Young (Allocation Failure) 313M->30M(994M) 0.778ms
[88.471s][info][gc,cpu         ] GC(249) User=0.00s Sys=0.00s Real=0.00s
[90.152s][info][gc,start       ] GC(250) Pause Young (Allocation Failure)
[90.165s][info][gc,heap        ] GC(250) PSYoungGen: 290304K->26765K(309760K)
[90.165s][info][gc,heap        ] GC(250) ParOldGen: 31173K->31173K(699392K)
[90.165s][info][gc,metaspace   ] GC(250) Metaspace: 23643K(24576K)->23643K(24576K) NonClass: 20716K(21248K)->20716K(21248K) Class: 2927K(3328K)->2927K(3328K)
[90.165s][info][gc             ] GC(250) Pause Young (Allocation Failure) 313M->56M(985M) 12.805ms
[90.165s][info][gc,cpu         ] GC(250) User=0.00s Sys=0.00s Real=0.00s
[90.222s][info][gc,start       ] GC(251) Pause Young (Allocation Failure)
[90.239s][info][gc,heap        ] GC(251) PSYoungGen: 309389K->0K(315904K)
[90.239s][info][gc,heap        ] GC(251) ParOldGen: 31173K->57914K(699392K)
[90.239s][info][gc,metaspace   ] GC(251) Metaspace: 23643K(24576K)->23643K(24576K) NonClass: 20716K(21248K)->20716K(21248K) Class: 2927K(3328K)->2927K(3328K)
[90.239s][info][gc             ] GC(251) Pause Young (Allocation Failure) 332M->56M(991M) 16.319ms
[90.239s][info][gc,cpu         ] GC(251) User=0.06s Sys=0.00s Real=0.02s
[90.296s][info][gc,start       ] GC(252) Pause Young (Allocation Failure)
[90.296s][info][gc,heap        ] GC(252) PSYoungGen: 282624K->0K(318976K)
[90.296s][info][gc,heap        ] GC(252) ParOldGen: 57914K->57914K(699392K)
[90.296s][info][gc,metaspace   ] GC(252) Metaspace: 23643K(24576K)->23643K(24576K) NonClass: 20716K(21248K)->20716K(21248K) Class: 2927K(3328K)->2927K(3328K)
[90.297s][info][gc             ] GC(252) Pause Young (Allocation Failure) 332M->56M(994M) 0.757ms
[90.297s][info][gc,cpu         ] GC(252) User=0.00s Sys=0.00s Real=0.00s
[90.355s][info][gc,start       ] GC(253) Pause Young (Allocation Failure)
[90.355s][info][gc,heap        ] GC(253) PSYoungGen: 287232K->0K(317440K)
[90.355s][info][gc,heap        ] GC(253) ParOldGen: 57914K->57914K(699392K)
[90.355s][info][gc,metaspace   ] GC(253) Metaspace: 23643K(24576K)->23643K(24576K) NonClass: 20716K(21248K)->20716K(21248K) Class: 2927K(3328K)->2927K(3328K)
[90.355s][info][gc             ] GC(253) Pause Young (Allocation Failure) 337M->56M(993M) 0.791ms
[90.355s][info][gc,cpu         ] GC(253) User=0.00s Sys=0.00s Real=0.00s
[90.414s][info][gc,start       ] GC(254) Pause Young (Allocation Failure)
[90.415s][info][gc,heap        ] GC(254) PSYoungGen: 287232K->0K(322048K)
[90.415s][info][gc,heap        ] GC(254) ParOldGen: 57914K->57914K(699392K)
[90.415s][info][gc,metaspace   ] GC(254) Metaspace: 23643K(24576K)->23643K(24576K) NonClass: 20716K(21248K)->20716K(21248K) Class: 2927K(3328K)->2927K(3328K)
[90.415s][info][gc             ] GC(254) Pause Young (Allocation Failure) 337M->56M(997M) 0.874ms
[90.415s][info][gc,cpu         ] GC(254) User=0.00s Sys=0.00s Real=0.00s
[90.451s][info][gc,start       ] GC(255) Pause Young (System.gc())
[90.452s][info][gc,heap        ] GC(255) PSYoungGen: 93871K->646K(320512K)
[90.452s][info][gc,heap        ] GC(255) ParOldGen: 57914K->57914K(699392K)
[90.452s][info][gc,metaspace   ] GC(255) Metaspace: 23643K(24576K)->23643K(24576K) NonClass: 20716K(21248K)->20716K(21248K) Class: 2927K(3328K)->2927K(3328K)
[90.452s][info][gc             ] GC(255) Pause Young (System.gc()) 148M->57M(996M) 1.163ms
[90.452s][info][gc,cpu         ] GC(255) User=0.00s Sys=0.00s Real=0.00s
[90.452s][info][gc,start       ] GC(256) Pause Full (System.gc())
[90.452s][info][gc,phases,start] GC(256) Marking Phase
[90.456s][info][gc,phases      ] GC(256) Marking Phase 4.476ms
[90.456s][info][gc,phases,start] GC(256) Summary Phase
[90.456s][info][gc,phases      ] GC(256) Summary Phase 0.009ms
[90.456s][info][gc,phases,start] GC(256) Adjust Roots
[90.459s][info][gc,phases      ] GC(256) Adjust Roots 2.344ms
[90.459s][info][gc,phases,start] GC(256) Compaction Phase
[90.461s][info][gc,phases      ] GC(256) Compaction Phase 2.312ms
[90.461s][info][gc,phases,start] GC(256) Post Compact
[90.461s][info][gc,phases      ] GC(256) Post Compact 0.340ms
[90.461s][info][gc,heap        ] GC(256) PSYoungGen: 646K->0K(320512K)
[90.461s][info][gc,heap        ] GC(256) ParOldGen: 57914K->4981K(699392K)
[90.461s][info][gc,metaspace   ] GC(256) Metaspace: 23643K(24576K)->23643K(24576K) NonClass: 20716K(21248K)->20716K(21248K) Class: 2927K(3328K)->2927K(3328K)
[90.462s][info][gc             ] GC(256) Pause Full (System.gc()) 57M->4M(996M) 9.705ms
[90.462s][info][gc,cpu         ] GC(256) User=0.00s Sys=0.00s Real=0.00s
[92.132s][info][gc,start       ] GC(257) Pause Young (Allocation Failure)
[92.143s][info][gc,heap        ] GC(257) PSYoungGen: 293376K->25589K(311296K)
[92.143s][info][gc,heap        ] GC(257) ParOldGen: 4981K->5493K(699392K)
[92.143s][info][gc,metaspace   ] GC(257) Metaspace: 23644K(24576K)->23644K(24576K) NonClass: 20716K(21248K)->20716K(21248K) Class: 2927K(3328K)->2927K(3328K)
[92.143s][info][gc             ] GC(257) Pause Young (Allocation Failure) 291M->30M(987M) 11.101ms
[92.143s][info][gc,cpu         ] GC(257) User=0.00s Sys=0.00s Real=0.00s
[92.201s][info][gc,start       ] GC(258) Pause Young (Allocation Failure)
[92.217s][info][gc,heap        ] GC(258) PSYoungGen: 311285K->0K(317440K)
[92.217s][info][gc,heap        ] GC(258) ParOldGen: 5493K->31173K(699392K)
[92.217s][info][gc,metaspace   ] GC(258) Metaspace: 23644K(24576K)->23644K(24576K) NonClass: 20716K(21248K)->20716K(21248K) Class: 2927K(3328K)->2927K(3328K)
[92.217s][info][gc             ] GC(258) Pause Young (Allocation Failure) 309M->30M(993M) 16.393ms
[92.217s][info][gc,cpu         ] GC(258) User=0.08s Sys=0.00s Real=0.02s
[92.275s][info][gc,start       ] GC(259) Pause Young (Allocation Failure)
[92.276s][info][gc,heap        ] GC(259) PSYoungGen: 285696K->0K(320512K)
[92.276s][info][gc,heap        ] GC(259) ParOldGen: 31173K->31173K(699392K)
[92.276s][info][gc,metaspace   ] GC(259) Metaspace: 23644K(24576K)->23644K(24576K) NonClass: 20716K(21248K)->20716K(21248K) Class: 2927K(3328K)->2927K(3328K)
[92.276s][info][gc             ] GC(259) Pause Young (Allocation Failure) 309M->30M(996M) 0.638ms
[92.276s][info][gc,cpu         ] GC(259) User=0.00s Sys=0.00s Real=0.00s
[92.335s][info][gc,start       ] GC(260) Pause Young (Allocation Failure)
[92.336s][info][gc,heap        ] GC(260) PSYoungGen: 290304K->0K(318976K)
[92.336s][info][gc,heap        ] GC(260) ParOldGen: 31173K->31173K(699392K)
[92.336s][info][gc,metaspace   ] GC(260) Metaspace: 23644K(24576K)->23644K(24576K) NonClass: 20716K(21248K)->20716K(21248K) Class: 2927K(3328K)->2927K(3328K)
[92.336s][info][gc             ] GC(260) Pause Young (Allocation Failure) 313M->30M(994M) 0.787ms
[92.336s][info][gc,cpu         ] GC(260) User=0.00s Sys=0.00s Real=0.00s
[94.016s][info][gc,start       ] GC(261) Pause Young (Allocation Failure)
[94.028s][info][gc,heap        ] GC(261) PSYoungGen: 290304K->26747K(309760K)
[94.028s][info][gc,heap        ] GC(261) ParOldGen: 31173K->31173K(699392K)
[94.028s][info][gc,metaspace   ] GC(261) Metaspace: 23647K(24576K)->23647K(24576K) NonClass: 20719K(21248K)->20719K(21248K) Class: 2927K(3328K)->2927K(3328K)
[94.028s][info][gc             ] GC(261) Pause Young (Allocation Failure) 313M->56M(985M) 11.727ms
[94.028s][info][gc,cpu         ] GC(261) User=0.00s Sys=0.00s Real=0.00s
[94.086s][info][gc,start       ] GC(262) Pause Young (Allocation Failure)
[94.102s][info][gc,heap        ] GC(262) PSYoungGen: 309371K->0K(315904K)
[94.102s][info][gc,heap        ] GC(262) ParOldGen: 31173K->57914K(699392K)
[94.102s][info][gc,metaspace   ] GC(262) Metaspace: 23647K(24576K)->23647K(24576K) NonClass: 20719K(21248K)->20719K(21248K) Class: 2927K(3328K)->2927K(3328K)
[94.102s][info][gc             ] GC(262) Pause Young (Allocation Failure) 332M->56M(991M) 15.818ms
[94.102s][info][gc,cpu         ] GC(262) User=0.02s Sys=0.00s Real=0.02s
[94.159s][info][gc,start       ] GC(263) Pause Young (Allocation Failure)
[94.159s][info][gc,heap        ] GC(263) PSYoungGen: 282624K->0K(318976K)
[94.159s][info][gc,heap        ] GC(263) ParOldGen: 57914K->57914K(699392K)
[94.159s][info][gc,metaspace   ] GC(263) Metaspace: 23647K(24576K)->23647K(24576K) NonClass: 20719K(21248K)->20719K(21248K) Class: 2927K(3328K)->2927K(3328K)
[94.159s][info][gc             ] GC(263) Pause Young (Allocation Failure) 332M->56M(994M) 0.763ms
[94.159s][info][gc,cpu         ] GC(263) User=0.00s Sys=0.00s Real=0.00s
[94.217s][info][gc,start       ] GC(264) Pause Young (Allocation Failure)
[94.218s][info][gc,heap        ] GC(264) PSYoungGen: 287232K->0K(317440K)
[94.218s][info][gc,heap        ] GC(264) ParOldGen: 57914K->57914K(699392K)
[94.218s][info][gc,metaspace   ] GC(264) Metaspace: 23647K(24576K)->23647K(24576K) NonClass: 20719K(21248K)->20719K(21248K) Class: 2927K(3328K)->2927K(3328K)
[94.218s][info][gc             ] GC(264) Pause Young (Allocation Failure) 337M->56M(993M) 0.601ms
[94.218s][info][gc,cpu         ] GC(264) User=0.00s Sys=0.00s Real=0.00s
[94.276s][info][gc,start       ] GC(265) Pause Young (Allocation Failure)
[94.277s][info][gc,heap        ] GC(265) PSYoungGen: 287232K->0K(322048K)
[94.277s][info][gc,heap        ] GC(265) ParOldGen: 57914K->57914K(699392K)
[94.277s][info][gc,metaspace   ] GC(265) Metaspace: 23647K(24576K)->23647K(24576K) NonClass: 20719K(21248K)->20719K(21248K) Class: 2927K(3328K)->2927K(3328K)
[94.277s][info][gc             ] GC(265) Pause Young (Allocation Failure) 337M->56M(997M) 0.557ms
[94.277s][info][gc,cpu         ] GC(265) User=0.00s Sys=0.00s Real=0.00s
[94.311s][info][gc,start       ] GC(266) Pause Young (System.gc())
[94.313s][info][gc,heap        ] GC(266) PSYoungGen: 93870K->646K(320512K)
[94.313s][info][gc,heap        ] GC(266) ParOldGen: 57914K->57914K(699392K)
[94.313s][info][gc,metaspace   ] GC(266) Metaspace: 23647K(24576K)->23647K(24576K) NonClass: 20719K(21248K)->20719K(21248K) Class: 2927K(3328K)->2927K(3328K)
[94.313s][info][gc             ] GC(266) Pause Young (System.gc()) 148M->57M(996M) 1.285ms
[94.313s][info][gc,cpu         ] GC(266) User=0.00s Sys=0.00s Real=0.00s
[94.313s][info][gc,start       ] GC(267) Pause Full (System.gc())
[94.313s][info][gc,phases,start] GC(267) Marking Phase
[94.317s][info][gc,phases      ] GC(267) Marking Phase 3.859ms
[94.317s][info][gc,phases,start] GC(267) Summary Phase
[94.317s][info][gc,phases      ] GC(267) Summary Phase 0.009ms
[94.317s][info][gc,phases,start] GC(267) Adjust Roots
[94.319s][info][gc,phases      ] GC(267) Adjust Roots 2.335ms
[94.319s][info][gc,phases,start] GC(267) Compaction Phase
[94.322s][info][gc,phases      ] GC(267) Compaction Phase 2.738ms
[94.322s][info][gc,phases,start] GC(267) Post Compact
[94.322s][info][gc,phases      ] GC(267) Post Compact 0.333ms
[94.322s][info][gc,heap        ] GC(267) PSYoungGen: 646K->0K(320512K)
[94.322s][info][gc,heap        ] GC(267) ParOldGen: 57914K->4981K(699392K)
[94.322s][info][gc,metaspace   ] GC(267) Metaspace: 23647K(24576K)->23647K(24576K) NonClass: 20719K(21248K)->20719K(21248K) Class: 2927K(3328K)->2927K(3328K)
[94.322s][info][gc             ] GC(267) Pause Full (System.gc()) 57M->4M(996M) 9.485ms
[94.322s][info][gc,cpu         ] GC(267) User=0.00s Sys=0.00s Real=0.00s
[95.992s][info][gc,start       ] GC(268) Pause Young (Allocation Failure)
[96.003s][info][gc,heap        ] GC(268) PSYoungGen: 293376K->25589K(311296K)
[96.003s][info][gc,heap        ] GC(268) ParOldGen: 4981K->5485K(699392K)
[96.003s][info][gc,metaspace   ] GC(268) Metaspace: 23647K(24576K)->23647K(24576K) NonClass: 20719K(21248K)->20719K(21248K) Class: 2927K(3328K)->2927K(3328K)
[96.003s][info][gc             ] GC(268) Pause Young (Allocation Failure) 291M->30M(987M) 11.014ms
[96.003s][info][gc,cpu         ] GC(268) User=0.00s Sys=0.00s Real=0.00s
[96.061s][info][gc,start       ] GC(269) Pause Young (Allocation Failure)
[96.077s][info][gc,heap        ] GC(269) PSYoungGen: 311285K->0K(317440K)
[96.077s][info][gc,heap        ] GC(269) ParOldGen: 5485K->31157K(699392K)
[96.077s][info][gc,metaspace   ] GC(269) Metaspace: 23647K(24576K)->23647K(24576K) NonClass: 20719K(21248K)->20719K(21248K) Class: 2927K(3328K)->2927K(3328K)
[96.077s][info][gc             ] GC(269) Pause Young (Allocation Failure) 309M->30M(993M) 15.741ms
[96.077s][info][gc,cpu         ] GC(269) User=0.02s Sys=0.00s Real=0.01s
[96.134s][info][gc,start       ] GC(270) Pause Young (Allocation Failure)
[96.135s][info][gc,heap        ] GC(270) PSYoungGen: 285696K->0K(320512K)
[96.135s][info][gc,heap        ] GC(270) ParOldGen: 31157K->31157K(699392K)
[96.135s][info][gc,metaspace   ] GC(270) Metaspace: 23647K(24576K)->23647K(24576K) NonClass: 20719K(21248K)->20719K(21248K) Class: 2927K(3328K)->2927K(3328K)
[96.135s][info][gc             ] GC(270) Pause Young (Allocation Failure) 309M->30M(996M) 0.468ms
[96.135s][info][gc,cpu         ] GC(270) User=0.00s Sys=0.00s Real=0.00s
[96.193s][info][gc,start       ] GC(271) Pause Young (Allocation Failure)
[96.194s][info][gc,heap        ] GC(271) PSYoungGen: 290304K->0K(318976K)
[96.194s][info][gc,heap        ] GC(271) ParOldGen: 31157K->31157K(699392K)
[96.194s][info][gc,metaspace   ] GC(271) Metaspace: 23647K(24576K)->23647K(24576K) NonClass: 20719K(21248K)->20719K(21248K) Class: 2927K(3328K)->2927K(3328K)
[96.194s][info][gc             ] GC(271) Pause Young (Allocation Failure) 313M->30M(994M) 0.568ms
[96.194s][info][gc,cpu         ] GC(271) User=0.00s Sys=0.00s Real=0.00s
[97.878s][info][gc,start       ] GC(272) Pause Young (Allocation Failure)
[97.890s][info][gc,heap        ] GC(272) PSYoungGen: 290304K->26747K(309760K)
[97.890s][info][gc,heap        ] GC(272) ParOldGen: 31157K->31157K(699392K)
[97.890s][info][gc,metaspace   ] GC(272) Metaspace: 23647K(24576K)->23647K(24576K) NonClass: 20719K(21248K)->20719K(21248K) Class: 2927K(3328K)->2927K(3328K)
[97.890s][info][gc             ] GC(272) Pause Young (Allocation Failure) 313M->56M(985M) 11.488ms
[97.890s][info][gc,cpu         ] GC(272) User=0.00s Sys=0.00s Real=0.00s
[97.947s][info][gc,start       ] GC(273) Pause Young (Allocation Failure)
[97.963s][info][gc,heap        ] GC(273) PSYoungGen: 309371K->0K(315904K)
[97.964s][info][gc,heap        ] GC(273) ParOldGen: 31157K->57890K(699392K)
[97.964s][info][gc,metaspace   ] GC(273) Metaspace: 23647K(24576K)->23647K(24576K) NonClass: 20719K(21248K)->20719K(21248K) Class: 2927K(3328K)->2927K(3328K)
[97.964s][info][gc             ] GC(273) Pause Young (Allocation Failure) 332M->56M(991M) 16.599ms
[97.964s][info][gc,cpu         ] GC(273) User=0.08s Sys=0.00s Real=0.02s
[98.021s][info][gc,start       ] GC(274) Pause Young (Allocation Failure)
[98.021s][info][gc,heap        ] GC(274) PSYoungGen: 282624K->0K(318976K)
[98.021s][info][gc,heap        ] GC(274) ParOldGen: 57890K->57890K(699392K)
[98.021s][info][gc,metaspace   ] GC(274) Metaspace: 23647K(24576K)->23647K(24576K) NonClass: 20719K(21248K)->20719K(21248K) Class: 2927K(3328K)->2927K(3328K)
[98.021s][info][gc             ] GC(274) Pause Young (Allocation Failure) 332M->56M(994M) 0.835ms
[98.021s][info][gc,cpu         ] GC(274) User=0.00s Sys=0.00s Real=0.00s
[98.079s][info][gc,start       ] GC(275) Pause Young (Allocation Failure)
[98.080s][info][gc,heap        ] GC(275) PSYoungGen: 287232K->0K(317440K)
[98.080s][info][gc,heap        ] GC(275) ParOldGen: 57890K->57890K(699392K)
[98.080s][info][gc,metaspace   ] GC(275) Metaspace: 23647K(24576K)->23647K(24576K) NonClass: 20719K(21248K)->20719K(21248K) Class: 2927K(3328K)->2927K(3328K)
[98.080s][info][gc             ] GC(275) Pause Young (Allocation Failure) 337M->56M(993M) 0.625ms
[98.080s][info][gc,cpu         ] GC(275) User=0.00s Sys=0.00s Real=0.00s
[98.138s][info][gc,start       ] GC(276) Pause Young (Allocation Failure)
[98.138s][info][gc,heap        ] GC(276) PSYoungGen: 287232K->0K(322048K)
[98.139s][info][gc,heap        ] GC(276) ParOldGen: 57890K->57890K(699392K)
[98.139s][info][gc,metaspace   ] GC(276) Metaspace: 23647K(24576K)->23647K(24576K) NonClass: 20719K(21248K)->20719K(21248K) Class: 2927K(3328K)->2927K(3328K)
[98.139s][info][gc             ] GC(276) Pause Young (Allocation Failure) 337M->56M(997M) 0.708ms
[98.139s][info][gc,cpu         ] GC(276) User=0.00s Sys=0.00s Real=0.00s
[98.173s][info][gc,start       ] GC(277) Pause Young (System.gc())
[98.174s][info][gc,heap        ] GC(277) PSYoungGen: 93871K->678K(320512K)
[98.174s][info][gc,heap        ] GC(277) ParOldGen: 57890K->57890K(699392K)
[98.174s][info][gc,metaspace   ] GC(277) Metaspace: 23654K(24576K)->23654K(24576K) NonClass: 20726K(21248K)->20726K(21248K) Class: 2927K(3328K)->2927K(3328K)
[98.174s][info][gc             ] GC(277) Pause Young (System.gc()) 148M->57M(996M) 1.109ms
[98.174s][info][gc,cpu         ] GC(277) User=0.03s Sys=0.00s Real=0.02s
[98.174s][info][gc,start       ] GC(278) Pause Full (System.gc())
[98.174s][info][gc,phases,start] GC(278) Marking Phase
[98.179s][info][gc,phases      ] GC(278) Marking Phase 4.718ms
[98.179s][info][gc,phases,start] GC(278) Summary Phase
[98.179s][info][gc,phases      ] GC(278) Summary Phase 0.009ms
[98.179s][info][gc,phases,start] GC(278) Adjust Roots
[98.181s][info][gc,phases      ] GC(278) Adjust Roots 2.341ms
[98.181s][info][gc,phases,start] GC(278) Compaction Phase
[98.183s][info][gc,phases      ] GC(278) Compaction Phase 2.339ms
[98.183s][info][gc,phases,start] GC(278) Post Compact
[98.184s][info][gc,phases      ] GC(278) Post Compact 0.328ms
[98.184s][info][gc,heap        ] GC(278) PSYoungGen: 678K->0K(320512K)
[98.184s][info][gc,heap        ] GC(278) ParOldGen: 57890K->4981K(699392K)
[98.184s][info][gc,metaspace   ] GC(278) Metaspace: 23654K(24576K)->23654K(24576K) NonClass: 20726K(21248K)->20726K(21248K) Class: 2927K(3328K)->2927K(3328K)
[98.184s][info][gc             ] GC(278) Pause Full (System.gc()) 57M->4M(996M) 9.956ms
[98.184s][info][gc,cpu         ] GC(278) User=0.00s Sys=0.00s Real=0.00s
[99.856s][info][gc,start       ] GC(279) Pause Young (Allocation Failure)
[99.867s][info][gc,heap        ] GC(279) PSYoungGen: 293376K->25575K(311296K)
[99.867s][info][gc,heap        ] GC(279) ParOldGen: 4981K->5501K(699392K)
[99.867s][info][gc,metaspace   ] GC(279) Metaspace: 23655K(24576K)->23655K(24576K) NonClass: 20728K(21248K)->20728K(21248K) Class: 2927K(3328K)->2927K(3328K)
[99.867s][info][gc             ] GC(279) Pause Young (Allocation Failure) 291M->30M(987M) 11.260ms
[99.867s][info][gc,cpu         ] GC(279) User=0.02s Sys=0.00s Real=0.01s
[99.925s][info][gc,start       ] GC(280) Pause Young (Allocation Failure)
[99.941s][info][gc,heap        ] GC(280) PSYoungGen: 311271K->0K(317440K)
[99.941s][info][gc,heap        ] GC(280) ParOldGen: 5501K->31165K(699392K)
[99.941s][info][gc,metaspace   ] GC(280) Metaspace: 23655K(24576K)->23655K(24576K) NonClass: 20728K(21248K)->20728K(21248K) Class: 2927K(3328K)->2927K(3328K)
[99.941s][info][gc             ] GC(280) Pause Young (Allocation Failure) 309M->30M(993M) 15.942ms
[99.941s][info][gc,cpu         ] GC(280) User=0.02s Sys=0.00s Real=0.01s
[99.999s][info][gc,start       ] GC(281) Pause Young (Allocation Failure)
[100.000s][info][gc,heap        ] GC(281) PSYoungGen: 285696K->0K(320512K)
[100.000s][info][gc,heap        ] GC(281) ParOldGen: 31165K->31165K(699392K)
[100.000s][info][gc,metaspace   ] GC(281) Metaspace: 23655K(24576K)->23655K(24576K) NonClass: 20728K(21248K)->20728K(21248K) Class: 2927K(3328K)->2927K(3328K)
[100.000s][info][gc             ] GC(281) Pause Young (Allocation Failure) 309M->30M(996M) 0.656ms
[100.000s][info][gc,cpu         ] GC(281) User=0.00s Sys=0.00s Real=0.00s
[100.058s][info][gc,start       ] GC(282) Pause Young (Allocation Failure)
[100.059s][info][gc,heap        ] GC(282) PSYoungGen: 290304K->0K(318976K)
[100.059s][info][gc,heap        ] GC(282) ParOldGen: 31165K->31165K(699392K)
[100.059s][info][gc,metaspace   ] GC(282) Metaspace: 23655K(24576K)->23655K(24576K) NonClass: 20728K(21248K)->20728K(21248K) Class: 2927K(3328K)->2927K(3328K)
[100.059s][info][gc             ] GC(282) Pause Young (Allocation Failure) 313M->30M(994M) 0.610ms
[100.059s][info][gc,cpu         ] GC(282) User=0.00s Sys=0.00s Real=0.00s
[101.742s][info][gc,start       ] GC(283) Pause Young (Allocation Failure)
[101.758s][info][gc,heap        ] GC(283) PSYoungGen: 290304K->26715K(309760K)
[101.758s][info][gc,heap        ] GC(283) ParOldGen: 31165K->31165K(699392K)
[101.758s][info][gc,metaspace   ] GC(283) Metaspace: 23660K(24576K)->23660K(24576K) NonClass: 20732K(21248K)->20732K(21248K) Class: 2927K(3328K)->2927K(3328K)
[101.758s][info][gc             ] GC(283) Pause Young (Allocation Failure) 313M->56M(985M) 15.763ms
[101.758s][info][gc,cpu         ] GC(283) User=0.00s Sys=0.00s Real=0.02s
[101.815s][info][gc,start       ] GC(284) Pause Young (Allocation Failure)
[101.830s][info][gc,heap        ] GC(284) PSYoungGen: 309339K->0K(315904K)
[101.830s][info][gc,heap        ] GC(284) ParOldGen: 31165K->57914K(699392K)
[101.830s][info][gc,metaspace   ] GC(284) Metaspace: 23660K(24576K)->23660K(24576K) NonClass: 20732K(21248K)->20732K(21248K) Class: 2927K(3328K)->2927K(3328K)
[101.830s][info][gc             ] GC(284) Pause Young (Allocation Failure) 332M->56M(991M) 15.559ms
[101.830s][info][gc,cpu         ] GC(284) User=0.00s Sys=0.00s Real=0.02s
[101.887s][info][gc,start       ] GC(285) Pause Young (Allocation Failure)
[101.888s][info][gc,heap        ] GC(285) PSYoungGen: 282624K->0K(318976K)
[101.888s][info][gc,heap        ] GC(285) ParOldGen: 57914K->57914K(699392K)
[101.888s][info][gc,metaspace   ] GC(285) Metaspace: 23660K(24576K)->23660K(24576K) NonClass: 20732K(21248K)->20732K(21248K) Class: 2927K(3328K)->2927K(3328K)
[101.888s][info][gc             ] GC(285) Pause Young (Allocation Failure) 332M->56M(994M) 0.646ms
[101.888s][info][gc,cpu         ] GC(285) User=0.00s Sys=0.00s Real=0.00s
[101.946s][info][gc,start       ] GC(286) Pause Young (Allocation Failure)
[101.946s][info][gc,heap        ] GC(286) PSYoungGen: 287232K->0K(317440K)
[101.946s][info][gc,heap        ] GC(286) ParOldGen: 57914K->57914K(699392K)
[101.946s][info][gc,metaspace   ] GC(286) Metaspace: 23660K(24576K)->23660K(24576K) NonClass: 20732K(21248K)->20732K(21248K) Class: 2927K(3328K)->2927K(3328K)
[101.946s][info][gc             ] GC(286) Pause Young (Allocation Failure) 337M->56M(993M) 0.585ms
[101.947s][info][gc,cpu         ] GC(286) User=0.00s Sys=0.00s Real=0.00s
[102.004s][info][gc,start       ] GC(287) Pause Young (Allocation Failure)
[102.005s][info][gc,heap        ] GC(287) PSYoungGen: 287232K->0K(322048K)
[102.005s][info][gc,heap        ] GC(287) ParOldGen: 57914K->57914K(699392K)
[102.005s][info][gc,metaspace   ] GC(287) Metaspace: 23660K(24576K)->23660K(24576K) NonClass: 20732K(21248K)->20732K(21248K) Class: 2927K(3328K)->2927K(3328K)
[102.005s][info][gc             ] GC(287) Pause Young (Allocation Failure) 337M->56M(997M) 0.777ms
[102.005s][info][gc,cpu         ] GC(287) User=0.00s Sys=0.00s Real=0.00s
[102.039s][info][gc,start       ] GC(288) Pause Young (System.gc())
[102.040s][info][gc,heap        ] GC(288) PSYoungGen: 93871K->710K(320512K)
[102.040s][info][gc,heap        ] GC(288) ParOldGen: 57914K->57914K(699392K)
[102.040s][info][gc,metaspace   ] GC(288) Metaspace: 23666K(24576K)->23666K(24576K) NonClass: 20738K(21248K)->20738K(21248K) Class: 2927K(3328K)->2927K(3328K)
[102.040s][info][gc             ] GC(288) Pause Young (System.gc()) 148M->57M(996M) 1.068ms
[102.040s][info][gc,cpu         ] GC(288) User=0.00s Sys=0.00s Real=0.00s
[102.040s][info][gc,start       ] GC(289) Pause Full (System.gc())
[102.040s][info][gc,phases,start] GC(289) Marking Phase
[102.045s][info][gc,phases      ] GC(289) Marking Phase 4.971ms
[102.045s][info][gc,phases,start] GC(289) Summary Phase
[102.045s][info][gc,phases      ] GC(289) Summary Phase 0.009ms
[102.045s][info][gc,phases,start] GC(289) Adjust Roots
[102.048s][info][gc,phases      ] GC(289) Adjust Roots 2.404ms
[102.048s][info][gc,phases,start] GC(289) Compaction Phase
[102.050s][info][gc,phases      ] GC(289) Compaction Phase 2.234ms
[102.050s][info][gc,phases,start] GC(289) Post Compact
[102.051s][info][gc,phases      ] GC(289) Post Compact 0.348ms
[102.051s][info][gc,heap        ] GC(289) PSYoungGen: 710K->0K(320512K)
[102.051s][info][gc,heap        ] GC(289) ParOldGen: 57914K->4981K(699392K)
[102.051s][info][gc,metaspace   ] GC(289) Metaspace: 23666K(24576K)->23666K(24576K) NonClass: 20738K(21248K)->20738K(21248K) Class: 2927K(3328K)->2927K(3328K)
[102.051s][info][gc             ] GC(289) Pause Full (System.gc()) 57M->4M(996M) 10.215ms
[102.051s][info][gc,cpu         ] GC(289) User=0.00s Sys=0.00s Real=0.01s
[103.720s][info][gc,start       ] GC(290) Pause Young (Allocation Failure)
[103.731s][info][gc,heap        ] GC(290) PSYoungGen: 293376K->25589K(311296K)
[103.731s][info][gc,heap        ] GC(290) ParOldGen: 4981K->5485K(699392K)
[103.731s][info][gc,metaspace   ] GC(290) Metaspace: 23690K(24576K)->23690K(24576K) NonClass: 20762K(21248K)->20762K(21248K) Class: 2927K(3328K)->2927K(3328K)
[103.731s][info][gc             ] GC(290) Pause Young (Allocation Failure) 291M->30M(987M) 11.194ms
[103.731s][info][gc,cpu         ] GC(290) User=0.02s Sys=0.00s Real=0.02s
[103.790s][info][gc,start       ] GC(291) Pause Young (Allocation Failure)
[103.806s][info][gc,heap        ] GC(291) PSYoungGen: 311285K->0K(317440K)
[103.806s][info][gc,heap        ] GC(291) ParOldGen: 5485K->31157K(699392K)
[103.806s][info][gc,metaspace   ] GC(291) Metaspace: 23690K(24576K)->23690K(24576K) NonClass: 20762K(21248K)->20762K(21248K) Class: 2927K(3328K)->2927K(3328K)
[103.806s][info][gc             ] GC(291) Pause Young (Allocation Failure) 309M->30M(993M) 15.769ms
[103.806s][info][gc,cpu         ] GC(291) User=0.02s Sys=0.00s Real=0.02s
[103.863s][info][gc,start       ] GC(292) Pause Young (Allocation Failure)
[103.864s][info][gc,heap        ] GC(292) PSYoungGen: 285696K->0K(320512K)
[103.864s][info][gc,heap        ] GC(292) ParOldGen: 31157K->31157K(699392K)
[103.864s][info][gc,metaspace   ] GC(292) Metaspace: 23690K(24576K)->23690K(24576K) NonClass: 20762K(21248K)->20762K(21248K) Class: 2927K(3328K)->2927K(3328K)
[103.864s][info][gc             ] GC(292) Pause Young (Allocation Failure) 309M->30M(996M) 0.741ms
[103.864s][info][gc,cpu         ] GC(292) User=0.00s Sys=0.00s Real=0.00s
[103.923s][info][gc,start       ] GC(293) Pause Young (Allocation Failure)
[103.923s][info][gc,heap        ] GC(293) PSYoungGen: 290304K->0K(318976K)
[103.923s][info][gc,heap        ] GC(293) ParOldGen: 31157K->31157K(699392K)
[103.923s][info][gc,metaspace   ] GC(293) Metaspace: 23690K(24576K)->23690K(24576K) NonClass: 20762K(21248K)->20762K(21248K) Class: 2927K(3328K)->2927K(3328K)
[103.923s][info][gc             ] GC(293) Pause Young (Allocation Failure) 313M->30M(994M) 0.574ms
[103.923s][info][gc,cpu         ] GC(293) User=0.00s Sys=0.00s Real=0.00s
[105.604s][info][gc,start       ] GC(294) Pause Young (Allocation Failure)
[105.615s][info][gc,heap        ] GC(294) PSYoungGen: 290304K->26733K(309760K)
[105.615s][info][gc,heap        ] GC(294) ParOldGen: 31157K->31157K(699392K)
[105.615s][info][gc,metaspace   ] GC(294) Metaspace: 23690K(24576K)->23690K(24576K) NonClass: 20762K(21248K)->20762K(21248K) Class: 2927K(3328K)->2927K(3328K)
[105.615s][info][gc             ] GC(294) Pause Young (Allocation Failure) 313M->56M(985M) 11.832ms
[105.616s][info][gc,cpu         ] GC(294) User=0.02s Sys=0.00s Real=0.02s
[105.674s][info][gc,start       ] GC(295) Pause Young (Allocation Failure)
[105.690s][info][gc,heap        ] GC(295) PSYoungGen: 309357K->0K(315904K)
[105.693s][info][gc,heap        ] GC(295) ParOldGen: 31157K->57890K(699392K)
[105.693s][info][gc,metaspace   ] GC(295) Metaspace: 23690K(24576K)->23690K(24576K) NonClass: 20762K(21248K)->20762K(21248K) Class: 2927K(3328K)->2927K(3328K)
[105.693s][info][gc             ] GC(295) Pause Young (Allocation Failure) 332M->56M(991M) 18.805ms
[105.693s][info][gc,cpu         ] GC(295) User=0.00s Sys=0.00s Real=0.02s
[105.750s][info][gc,start       ] GC(296) Pause Young (Allocation Failure)
[105.751s][info][gc,heap        ] GC(296) PSYoungGen: 282624K->0K(318976K)
[105.751s][info][gc,heap        ] GC(296) ParOldGen: 57890K->57890K(699392K)
[105.751s][info][gc,metaspace   ] GC(296) Metaspace: 23690K(24576K)->23690K(24576K) NonClass: 20762K(21248K)->20762K(21248K) Class: 2927K(3328K)->2927K(3328K)
[105.751s][info][gc             ] GC(296) Pause Young (Allocation Failure) 332M->56M(994M) 0.584ms
[105.751s][info][gc,cpu         ] GC(296) User=0.00s Sys=0.00s Real=0.00s
[105.811s][info][gc,start       ] GC(297) Pause Young (Allocation Failure)
[105.812s][info][gc,heap        ] GC(297) PSYoungGen: 287232K->0K(317440K)
[105.812s][info][gc,heap        ] GC(297) ParOldGen: 57890K->57890K(699392K)
[105.812s][info][gc,metaspace   ] GC(297) Metaspace: 23690K(24576K)->23690K(24576K) NonClass: 20762K(21248K)->20762K(21248K) Class: 2927K(3328K)->2927K(3328K)
[105.812s][info][gc             ] GC(297) Pause Young (Allocation Failure) 337M->56M(993M) 0.782ms
[105.812s][info][gc,cpu         ] GC(297) User=0.00s Sys=0.00s Real=0.00s
[105.870s][info][gc,start       ] GC(298) Pause Young (Allocation Failure)
[105.870s][info][gc,heap        ] GC(298) PSYoungGen: 287232K->0K(322048K)
[105.870s][info][gc,heap        ] GC(298) ParOldGen: 57890K->57890K(699392K)
[105.870s][info][gc,metaspace   ] GC(298) Metaspace: 23690K(24576K)->23690K(24576K) NonClass: 20762K(21248K)->20762K(21248K) Class: 2927K(3328K)->2927K(3328K)
[105.870s][info][gc             ] GC(298) Pause Young (Allocation Failure) 337M->56M(997M) 0.601ms
[105.870s][info][gc,cpu         ] GC(298) User=0.00s Sys=0.00s Real=0.00s
[105.905s][info][gc,start       ] GC(299) Pause Young (System.gc())
[105.906s][info][gc,heap        ] GC(299) PSYoungGen: 93871K->646K(320512K)
[105.906s][info][gc,heap        ] GC(299) ParOldGen: 57890K->57890K(699392K)
[105.906s][info][gc,metaspace   ] GC(299) Metaspace: 23690K(24576K)->23690K(24576K) NonClass: 20762K(21248K)->20762K(21248K) Class: 2927K(3328K)->2927K(3328K)
[105.906s][info][gc             ] GC(299) Pause Young (System.gc()) 148M->57M(996M) 0.888ms
[105.906s][info][gc,cpu         ] GC(299) User=0.00s Sys=0.00s Real=0.00s
[105.906s][info][gc,start       ] GC(300) Pause Full (System.gc())
[105.906s][info][gc,phases,start] GC(300) Marking Phase
[105.911s][info][gc,phases      ] GC(300) Marking Phase 4.950ms
[105.911s][info][gc,phases,start] GC(300) Summary Phase
[105.911s][info][gc,phases      ] GC(300) Summary Phase 0.009ms
[105.911s][info][gc,phases,start] GC(300) Adjust Roots
[105.913s][info][gc,phases      ] GC(300) Adjust Roots 2.424ms
[105.913s][info][gc,phases,start] GC(300) Compaction Phase
[105.915s][info][gc,phases      ] GC(300) Compaction Phase 1.965ms
[105.915s][info][gc,phases,start] GC(300) Post Compact
[105.916s][info][gc,phases      ] GC(300) Post Compact 0.338ms
[105.916s][info][gc,heap        ] GC(300) PSYoungGen: 646K->0K(320512K)
[105.916s][info][gc,heap        ] GC(300) ParOldGen: 57890K->4983K(699392K)
[105.916s][info][gc,metaspace   ] GC(300) Metaspace: 23690K(24576K)->23690K(24576K) NonClass: 20762K(21248K)->20762K(21248K) Class: 2927K(3328K)->2927K(3328K)
[105.916s][info][gc             ] GC(300) Pause Full (System.gc()) 57M->4M(996M) 9.924ms
[105.916s][info][gc,cpu         ] GC(300) User=0.00s Sys=0.00s Real=0.02s
[107.585s][info][gc,start       ] GC(301) Pause Young (Allocation Failure)
[107.596s][info][gc,heap        ] GC(301) PSYoungGen: 293376K->25589K(311296K)
[107.596s][info][gc,heap        ] GC(301) ParOldGen: 4983K->5495K(699392K)
[107.596s][info][gc,metaspace   ] GC(301) Metaspace: 23691K(24576K)->23691K(24576K) NonClass: 20763K(21248K)->20763K(21248K) Class: 2927K(3328K)->2927K(3328K)
[107.596s][info][gc             ] GC(301) Pause Young (Allocation Failure) 291M->30M(987M) 11.217ms
[107.596s][info][gc,cpu         ] GC(301) User=0.00s Sys=0.00s Real=0.01s
[107.656s][info][gc,start       ] GC(302) Pause Young (Allocation Failure)
[107.671s][info][gc,heap        ] GC(302) PSYoungGen: 311285K->0K(317440K)
[107.671s][info][gc,heap        ] GC(302) ParOldGen: 5495K->31174K(699392K)
[107.671s][info][gc,metaspace   ] GC(302) Metaspace: 23691K(24576K)->23691K(24576K) NonClass: 20763K(21248K)->20763K(21248K) Class: 2927K(3328K)->2927K(3328K)
[107.671s][info][gc             ] GC(302) Pause Young (Allocation Failure) 309M->30M(993M) 15.191ms
[107.671s][info][gc,cpu         ] GC(302) User=0.02s Sys=0.00s Real=0.02s
[107.728s][info][gc,start       ] GC(303) Pause Young (Allocation Failure)
[107.729s][info][gc,heap        ] GC(303) PSYoungGen: 285696K->0K(320512K)
[107.729s][info][gc,heap        ] GC(303) ParOldGen: 31174K->31174K(699392K)
[107.729s][info][gc,metaspace   ] GC(303) Metaspace: 23691K(24576K)->23691K(24576K) NonClass: 20763K(21248K)->20763K(21248K) Class: 2927K(3328K)->2927K(3328K)
[107.729s][info][gc             ] GC(303) Pause Young (Allocation Failure) 309M->30M(996M) 0.647ms
[107.729s][info][gc,cpu         ] GC(303) User=0.00s Sys=0.00s Real=0.00s
[107.788s][info][gc,start       ] GC(304) Pause Young (Allocation Failure)
[107.789s][info][gc,heap        ] GC(304) PSYoungGen: 290304K->0K(318976K)
[107.789s][info][gc,heap        ] GC(304) ParOldGen: 31174K->31174K(699392K)
[107.789s][info][gc,metaspace   ] GC(304) Metaspace: 23691K(24576K)->23691K(24576K) NonClass: 20763K(21248K)->20763K(21248K) Class: 2927K(3328K)->2927K(3328K)
[107.789s][info][gc             ] GC(304) Pause Young (Allocation Failure) 313M->30M(994M) 0.846ms
[107.789s][info][gc,cpu         ] GC(304) User=0.00s Sys=0.00s Real=0.00s
[109.469s][info][gc,start       ] GC(305) Pause Young (Allocation Failure)
[109.481s][info][gc,heap        ] GC(305) PSYoungGen: 290304K->26747K(309760K)
[109.481s][info][gc,heap        ] GC(305) ParOldGen: 31174K->31174K(699392K)
[109.481s][info][gc,metaspace   ] GC(305) Metaspace: 23691K(24576K)->23691K(24576K) NonClass: 20763K(21248K)->20763K(21248K) Class: 2927K(3328K)->2927K(3328K)
[109.481s][info][gc             ] GC(305) Pause Young (Allocation Failure) 313M->56M(985M) 11.700ms
[109.481s][info][gc,cpu         ] GC(305) User=0.02s Sys=0.00s Real=0.02s
[109.538s][info][gc,start       ] GC(306) Pause Young (Allocation Failure)
[109.554s][info][gc,heap        ] GC(306) PSYoungGen: 309371K->0K(315904K)
[109.554s][info][gc,heap        ] GC(306) ParOldGen: 31174K->57900K(699392K)
[109.554s][info][gc,metaspace   ] GC(306) Metaspace: 23691K(24576K)->23691K(24576K) NonClass: 20763K(21248K)->20763K(21248K) Class: 2927K(3328K)->2927K(3328K)
[109.554s][info][gc             ] GC(306) Pause Young (Allocation Failure) 332M->56M(991M) 16.011ms
[109.554s][info][gc,cpu         ] GC(306) User=0.02s Sys=0.00s Real=0.02s
[109.611s][info][gc,start       ] GC(307) Pause Young (Allocation Failure)
[109.612s][info][gc,heap        ] GC(307) PSYoungGen: 282624K->0K(318976K)
[109.612s][info][gc,heap        ] GC(307) ParOldGen: 57900K->57900K(699392K)
[109.612s][info][gc,metaspace   ] GC(307) Metaspace: 23691K(24576K)->23691K(24576K) NonClass: 20763K(21248K)->20763K(21248K) Class: 2927K(3328K)->2927K(3328K)
[109.612s][info][gc             ] GC(307) Pause Young (Allocation Failure) 332M->56M(994M) 0.940ms
[109.612s][info][gc,cpu         ] GC(307) User=0.00s Sys=0.00s Real=0.00s
[109.670s][info][gc,start       ] GC(308) Pause Young (Allocation Failure)
[109.671s][info][gc,heap        ] GC(308) PSYoungGen: 287232K->0K(317440K)
[109.671s][info][gc,heap        ] GC(308) ParOldGen: 57900K->57900K(699392K)
[109.671s][info][gc,metaspace   ] GC(308) Metaspace: 23691K(24576K)->23691K(24576K) NonClass: 20763K(21248K)->20763K(21248K) Class: 2927K(3328K)->2927K(3328K)
[109.671s][info][gc             ] GC(308) Pause Young (Allocation Failure) 337M->56M(993M) 0.708ms
[109.671s][info][gc,cpu         ] GC(308) User=0.00s Sys=0.00s Real=0.00s
[109.730s][info][gc,start       ] GC(309) Pause Young (Allocation Failure)
[109.730s][info][gc,heap        ] GC(309) PSYoungGen: 287232K->0K(322048K)
[109.730s][info][gc,heap        ] GC(309) ParOldGen: 57900K->57900K(699392K)
[109.730s][info][gc,metaspace   ] GC(309) Metaspace: 23691K(24576K)->23691K(24576K) NonClass: 20763K(21248K)->20763K(21248K) Class: 2927K(3328K)->2927K(3328K)
[109.730s][info][gc             ] GC(309) Pause Young (Allocation Failure) 337M->56M(997M) 0.798ms
[109.730s][info][gc,cpu         ] GC(309) User=0.00s Sys=0.00s Real=0.00s
[109.766s][info][gc,start       ] GC(310) Pause Young (System.gc())
[109.767s][info][gc,heap        ] GC(310) PSYoungGen: 93871K->646K(320512K)
[109.767s][info][gc,heap        ] GC(310) ParOldGen: 57900K->57900K(699392K)
[109.768s][info][gc,metaspace   ] GC(310) Metaspace: 23691K(24576K)->23691K(24576K) NonClass: 20763K(21248K)->20763K(21248K) Class: 2927K(3328K)->2927K(3328K)
[109.768s][info][gc             ] GC(310) Pause Young (System.gc()) 148M->57M(996M) 1.238ms
[109.768s][info][gc,cpu         ] GC(310) User=0.00s Sys=0.00s Real=0.00s
[109.768s][info][gc,start       ] GC(311) Pause Full (System.gc())
[109.768s][info][gc,phases,start] GC(311) Marking Phase
[109.772s][info][gc,phases      ] GC(311) Marking Phase 4.013ms
[109.772s][info][gc,phases,start] GC(311) Summary Phase
[109.772s][info][gc,phases      ] GC(311) Summary Phase 0.010ms
[109.772s][info][gc,phases,start] GC(311) Adjust Roots
[109.774s][info][gc,phases      ] GC(311) Adjust Roots 2.380ms
[109.775s][info][gc,phases,start] GC(311) Compaction Phase
[109.776s][info][gc,phases      ] GC(311) Compaction Phase 1.696ms
[109.776s][info][gc,phases,start] GC(311) Post Compact
[109.777s][info][gc,phases      ] GC(311) Post Compact 0.336ms
[109.777s][info][gc,heap        ] GC(311) PSYoungGen: 646K->0K(320512K)
[109.777s][info][gc,heap        ] GC(311) ParOldGen: 57900K->4983K(699392K)
[109.777s][info][gc,metaspace   ] GC(311) Metaspace: 23691K(24576K)->23691K(24576K) NonClass: 20763K(21248K)->20763K(21248K) Class: 2927K(3328K)->2927K(3328K)
[109.777s][info][gc             ] GC(311) Pause Full (System.gc()) 57M->4M(996M) 9.257ms
[109.777s][info][gc,cpu         ] GC(311) User=0.00s Sys=0.00s Real=0.02s
[111.442s][info][gc,start       ] GC(312) Pause Young (Allocation Failure)
[111.454s][info][gc,heap        ] GC(312) PSYoungGen: 293376K->25589K(311296K)
[111.454s][info][gc,heap        ] GC(312) ParOldGen: 4983K->5495K(699392K)
[111.454s][info][gc,metaspace   ] GC(312) Metaspace: 23714K(24576K)->23714K(24576K) NonClass: 20787K(21248K)->20787K(21248K) Class: 2927K(3328K)->2927K(3328K)
[111.454s][info][gc             ] GC(312) Pause Young (Allocation Failure) 291M->30M(987M) 11.306ms
[111.454s][info][gc,cpu         ] GC(312) User=0.02s Sys=0.00s Real=0.02s
[111.512s][info][gc,start       ] GC(313) Pause Young (Allocation Failure)
[111.528s][info][gc,heap        ] GC(313) PSYoungGen: 311285K->0K(317440K)
[111.528s][info][gc,heap        ] GC(313) ParOldGen: 5495K->31166K(699392K)
[111.528s][info][gc,metaspace   ] GC(313) Metaspace: 23714K(24576K)->23714K(24576K) NonClass: 20787K(21248K)->20787K(21248K) Class: 2927K(3328K)->2927K(3328K)
[111.528s][info][gc             ] GC(313) Pause Young (Allocation Failure) 309M->30M(993M) 15.801ms
[111.528s][info][gc,cpu         ] GC(313) User=0.02s Sys=0.00s Real=0.02s
[111.586s][info][gc,start       ] GC(314) Pause Young (Allocation Failure)
[111.587s][info][gc,heap        ] GC(314) PSYoungGen: 285696K->0K(320512K)
[111.587s][info][gc,heap        ] GC(314) ParOldGen: 31166K->31166K(699392K)
[111.587s][info][gc,metaspace   ] GC(314) Metaspace: 23714K(24576K)->23714K(24576K) NonClass: 20787K(21248K)->20787K(21248K) Class: 2927K(3328K)->2927K(3328K)
[111.587s][info][gc             ] GC(314) Pause Young (Allocation Failure) 309M->30M(996M) 0.979ms
[111.587s][info][gc,cpu         ] GC(314) User=0.00s Sys=0.00s Real=0.01s
[111.646s][info][gc,start       ] GC(315) Pause Young (Allocation Failure)
[111.646s][info][gc,heap        ] GC(315) PSYoungGen: 290304K->0K(318976K)
[111.646s][info][gc,heap        ] GC(315) ParOldGen: 31166K->31166K(699392K)
[111.646s][info][gc,metaspace   ] GC(315) Metaspace: 23714K(24576K)->23714K(24576K) NonClass: 20787K(21248K)->20787K(21248K) Class: 2927K(3328K)->2927K(3328K)
[111.646s][info][gc             ] GC(315) Pause Young (Allocation Failure) 313M->30M(994M) 0.549ms
[111.646s][info][gc,cpu         ] GC(315) User=0.00s Sys=0.00s Real=0.00s
[113.330s][info][gc,start       ] GC(316) Pause Young (Allocation Failure)
[113.341s][info][gc,heap        ] GC(316) PSYoungGen: 290304K->26779K(309760K)
[113.341s][info][gc,heap        ] GC(316) ParOldGen: 31166K->31166K(699392K)
[113.341s][info][gc,metaspace   ] GC(316) Metaspace: 23714K(24576K)->23714K(24576K) NonClass: 20787K(21248K)->20787K(21248K) Class: 2927K(3328K)->2927K(3328K)
[113.341s][info][gc             ] GC(316) Pause Young (Allocation Failure) 313M->56M(985M) 11.489ms
[113.341s][info][gc,cpu         ] GC(316) User=0.02s Sys=0.00s Real=0.02s
[113.399s][info][gc,start       ] GC(317) Pause Young (Allocation Failure)
[113.415s][info][gc,heap        ] GC(317) PSYoungGen: 309403K->0K(315904K)
[113.415s][info][gc,heap        ] GC(317) ParOldGen: 31166K->57900K(699392K)
[113.415s][info][gc,metaspace   ] GC(317) Metaspace: 23714K(24576K)->23714K(24576K) NonClass: 20787K(21248K)->20787K(21248K) Class: 2927K(3328K)->2927K(3328K)
[113.415s][info][gc             ] GC(317) Pause Young (Allocation Failure) 332M->56M(991M) 16.058ms
[113.415s][info][gc,cpu         ] GC(317) User=0.00s Sys=0.00s Real=0.02s
[113.472s][info][gc,start       ] GC(318) Pause Young (Allocation Failure)
[113.472s][info][gc,heap        ] GC(318) PSYoungGen: 282624K->0K(318976K)
[113.472s][info][gc,heap        ] GC(318) ParOldGen: 57900K->57900K(699392K)
[113.472s][info][gc,metaspace   ] GC(318) Metaspace: 23714K(24576K)->23714K(24576K) NonClass: 20787K(21248K)->20787K(21248K) Class: 2927K(3328K)->2927K(3328K)
[113.473s][info][gc             ] GC(318) Pause Young (Allocation Failure) 332M->56M(994M) 0.853ms
[113.473s][info][gc,cpu         ] GC(318) User=0.00s Sys=0.00s Real=0.00s
[113.530s][info][gc,start       ] GC(319) Pause Young (Allocation Failure)
[113.531s][info][gc,heap        ] GC(319) PSYoungGen: 287232K->0K(317440K)
[113.531s][info][gc,heap        ] GC(319) ParOldGen: 57900K->57900K(699392K)
[113.531s][info][gc,metaspace   ] GC(319) Metaspace: 23714K(24576K)->23714K(24576K) NonClass: 20787K(21248K)->20787K(21248K) Class: 2927K(3328K)->2927K(3328K)
[113.531s][info][gc             ] GC(319) Pause Young (Allocation Failure) 337M->56M(993M) 0.757ms
[113.531s][info][gc,cpu         ] GC(319) User=0.00s Sys=0.00s Real=0.00s
[113.589s][info][gc,start       ] GC(320) Pause Young (Allocation Failure)
[113.590s][info][gc,heap        ] GC(320) PSYoungGen: 287232K->0K(322048K)
[113.590s][info][gc,heap        ] GC(320) ParOldGen: 57900K->57900K(699392K)
[113.590s][info][gc,metaspace   ] GC(320) Metaspace: 23714K(24576K)->23714K(24576K) NonClass: 20787K(21248K)->20787K(21248K) Class: 2927K(3328K)->2927K(3328K)
[113.590s][info][gc             ] GC(320) Pause Young (Allocation Failure) 337M->56M(997M) 0.965ms
[113.590s][info][gc,cpu         ] GC(320) User=0.00s Sys=0.00s Real=0.00s
[113.625s][info][gc,start       ] GC(321) Pause Young (System.gc())
[113.625s][info][gc,heap        ] GC(321) PSYoungGen: 93871K->678K(320512K)
[113.626s][info][gc,heap        ] GC(321) ParOldGen: 57900K->57900K(699392K)
[113.626s][info][gc,metaspace   ] GC(321) Metaspace: 23715K(24576K)->23715K(24576K) NonClass: 20787K(21248K)->20787K(21248K) Class: 2927K(3328K)->2927K(3328K)
[113.626s][info][gc             ] GC(321) Pause Young (System.gc()) 148M->57M(996M) 1.020ms
[113.626s][info][gc,cpu         ] GC(321) User=0.00s Sys=0.00s Real=0.00s
[113.626s][info][gc,start       ] GC(322) Pause Full (System.gc())
[113.626s][info][gc,phases,start] GC(322) Marking Phase
[113.630s][info][gc,phases      ] GC(322) Marking Phase 4.625ms
[113.630s][info][gc,phases,start] GC(322) Summary Phase
[113.630s][info][gc,phases      ] GC(322) Summary Phase 0.010ms
[113.630s][info][gc,phases,start] GC(322) Adjust Roots
[113.633s][info][gc,phases      ] GC(322) Adjust Roots 2.350ms
[113.633s][info][gc,phases,start] GC(322) Compaction Phase
[113.635s][info][gc,phases      ] GC(322) Compaction Phase 2.511ms
[113.635s][info][gc,phases,start] GC(322) Post Compact
[113.636s][info][gc,phases      ] GC(322) Post Compact 0.382ms
[113.636s][info][gc,heap        ] GC(322) PSYoungGen: 678K->0K(320512K)
[113.636s][info][gc,heap        ] GC(322) ParOldGen: 57900K->4983K(699392K)
[113.636s][info][gc,metaspace   ] GC(322) Metaspace: 23715K(24576K)->23715K(24576K) NonClass: 20787K(21248K)->20787K(21248K) Class: 2927K(3328K)->2927K(3328K)
[113.636s][info][gc             ] GC(322) Pause Full (System.gc()) 57M->4M(996M) 10.184ms
[113.636s][info][gc,cpu         ] GC(322) User=0.02s Sys=0.00s Real=0.02s
[115.308s][info][gc,start       ] GC(323) Pause Young (Allocation Failure)
[115.325s][info][gc,heap        ] GC(323) PSYoungGen: 293376K->25589K(311296K)
[115.325s][info][gc,heap        ] GC(323) ParOldGen: 4983K->5487K(699392K)
[115.325s][info][gc,metaspace   ] GC(323) Metaspace: 23715K(24576K)->23715K(24576K) NonClass: 20787K(21248K)->20787K(21248K) Class: 2927K(3328K)->2927K(3328K)
[115.325s][info][gc             ] GC(323) Pause Young (Allocation Failure) 291M->30M(987M) 17.213ms
[115.325s][info][gc,cpu         ] GC(323) User=0.08s Sys=0.00s Real=0.02s
[115.384s][info][gc,start       ] GC(324) Pause Young (Allocation Failure)
[115.401s][info][gc,heap        ] GC(324) PSYoungGen: 311285K->0K(317440K)
[115.401s][info][gc,heap        ] GC(324) ParOldGen: 5487K->31158K(699392K)
[115.401s][info][gc,metaspace   ] GC(324) Metaspace: 23715K(24576K)->23715K(24576K) NonClass: 20787K(21248K)->20787K(21248K) Class: 2927K(3328K)->2927K(3328K)
[115.401s][info][gc             ] GC(324) Pause Young (Allocation Failure) 309M->30M(993M) 16.869ms
[115.401s][info][gc,cpu         ] GC(324) User=0.08s Sys=0.00s Real=0.02s
[115.460s][info][gc,start       ] GC(325) Pause Young (Allocation Failure)
[115.460s][info][gc,heap        ] GC(325) PSYoungGen: 285696K->0K(320512K)
[115.460s][info][gc,heap        ] GC(325) ParOldGen: 31158K->31158K(699392K)
[115.460s][info][gc,metaspace   ] GC(325) Metaspace: 23715K(24576K)->23715K(24576K) NonClass: 20787K(21248K)->20787K(21248K) Class: 2927K(3328K)->2927K(3328K)
[115.460s][info][gc             ] GC(325) Pause Young (Allocation Failure) 309M->30M(996M) 0.594ms
[115.460s][info][gc,cpu         ] GC(325) User=0.00s Sys=0.00s Real=0.00s
[115.519s][info][gc,start       ] GC(326) Pause Young (Allocation Failure)
[115.519s][info][gc,heap        ] GC(326) PSYoungGen: 290304K->0K(318976K)
[115.519s][info][gc,heap        ] GC(326) ParOldGen: 31158K->31158K(699392K)
[115.519s][info][gc,metaspace   ] GC(326) Metaspace: 23715K(24576K)->23715K(24576K) NonClass: 20787K(21248K)->20787K(21248K) Class: 2927K(3328K)->2927K(3328K)
[115.519s][info][gc             ] GC(326) Pause Young (Allocation Failure) 313M->30M(994M) 0.645ms
[115.519s][info][gc,cpu         ] GC(326) User=0.00s Sys=0.00s Real=0.00s
[117.205s][info][gc,start       ] GC(327) Pause Young (Allocation Failure)
[117.217s][info][gc,heap        ] GC(327) PSYoungGen: 290304K->26747K(309760K)
[117.217s][info][gc,heap        ] GC(327) ParOldGen: 31158K->31158K(699392K)
[117.217s][info][gc,metaspace   ] GC(327) Metaspace: 23715K(24576K)->23715K(24576K) NonClass: 20787K(21248K)->20787K(21248K) Class: 2927K(3328K)->2927K(3328K)
[117.217s][info][gc             ] GC(327) Pause Young (Allocation Failure) 313M->56M(985M) 11.704ms
[117.217s][info][gc,cpu         ] GC(327) User=0.02s Sys=0.00s Real=0.01s
[117.274s][info][gc,start       ] GC(328) Pause Young (Allocation Failure)
[117.290s][info][gc,heap        ] GC(328) PSYoungGen: 309371K->0K(315904K)
[117.290s][info][gc,heap        ] GC(328) ParOldGen: 31158K->57900K(699392K)
[117.290s][info][gc,metaspace   ] GC(328) Metaspace: 23715K(24576K)->23715K(24576K) NonClass: 20787K(21248K)->20787K(21248K) Class: 2927K(3328K)->2927K(3328K)
[117.290s][info][gc             ] GC(328) Pause Young (Allocation Failure) 332M->56M(991M) 16.003ms
[117.290s][info][gc,cpu         ] GC(328) User=0.02s Sys=0.00s Real=0.02s
[117.347s][info][gc,start       ] GC(329) Pause Young (Allocation Failure)
[117.348s][info][gc,heap        ] GC(329) PSYoungGen: 282624K->0K(318976K)
[117.348s][info][gc,heap        ] GC(329) ParOldGen: 57900K->57900K(699392K)
[117.348s][info][gc,metaspace   ] GC(329) Metaspace: 23715K(24576K)->23715K(24576K) NonClass: 20787K(21248K)->20787K(21248K) Class: 2927K(3328K)->2927K(3328K)
[117.348s][info][gc             ] GC(329) Pause Young (Allocation Failure) 332M->56M(994M) 0.772ms
[117.348s][info][gc,cpu         ] GC(329) User=0.00s Sys=0.00s Real=0.00s
[117.406s][info][gc,start       ] GC(330) Pause Young (Allocation Failure)
[117.407s][info][gc,heap        ] GC(330) PSYoungGen: 287232K->0K(317440K)
[117.407s][info][gc,heap        ] GC(330) ParOldGen: 57900K->57900K(699392K)
[117.407s][info][gc,metaspace   ] GC(330) Metaspace: 23715K(24576K)->23715K(24576K) NonClass: 20787K(21248K)->20787K(21248K) Class: 2927K(3328K)->2927K(3328K)
[117.407s][info][gc             ] GC(330) Pause Young (Allocation Failure) 337M->56M(993M) 0.601ms
[117.407s][info][gc,cpu         ] GC(330) User=0.00s Sys=0.00s Real=0.00s
[117.464s][info][gc,start       ] GC(331) Pause Young (Allocation Failure)
[117.465s][info][gc,heap        ] GC(331) PSYoungGen: 287232K->0K(322048K)
[117.465s][info][gc,heap        ] GC(331) ParOldGen: 57900K->57900K(699392K)
[117.465s][info][gc,metaspace   ] GC(331) Metaspace: 23715K(24576K)->23715K(24576K) NonClass: 20787K(21248K)->20787K(21248K) Class: 2927K(3328K)->2927K(3328K)
[117.465s][info][gc             ] GC(331) Pause Young (Allocation Failure) 337M->56M(997M) 0.872ms
[117.465s][info][gc,cpu         ] GC(331) User=0.00s Sys=0.00s Real=0.02s
[117.500s][info][gc,start       ] GC(332) Pause Young (System.gc())
[117.501s][info][gc,heap        ] GC(332) PSYoungGen: 93871K->646K(320512K)
[117.501s][info][gc,heap        ] GC(332) ParOldGen: 57900K->57900K(699392K)
[117.501s][info][gc,metaspace   ] GC(332) Metaspace: 23731K(24832K)->23731K(24832K) NonClass: 20803K(21504K)->20803K(21504K) Class: 2927K(3328K)->2927K(3328K)
[117.501s][info][gc             ] GC(332) Pause Young (System.gc()) 148M->57M(996M) 1.042ms
[117.501s][info][gc,cpu         ] GC(332) User=0.00s Sys=0.00s Real=0.00s
[117.502s][info][gc,start       ] GC(333) Pause Full (System.gc())
[117.502s][info][gc,phases,start] GC(333) Marking Phase
[117.506s][info][gc,phases      ] GC(333) Marking Phase 4.599ms
[117.506s][info][gc,phases,start] GC(333) Summary Phase
[117.506s][info][gc,phases      ] GC(333) Summary Phase 0.009ms
[117.506s][info][gc,phases,start] GC(333) Adjust Roots
[117.509s][info][gc,phases      ] GC(333) Adjust Roots 2.456ms
[117.509s][info][gc,phases,start] GC(333) Compaction Phase
[117.511s][info][gc,phases      ] GC(333) Compaction Phase 1.913ms
[117.511s][info][gc,phases,start] GC(333) Post Compact
[117.511s][info][gc,phases      ] GC(333) Post Compact 0.342ms
[117.511s][info][gc,heap        ] GC(333) PSYoungGen: 646K->0K(320512K)
[117.511s][info][gc,heap        ] GC(333) ParOldGen: 57900K->4983K(699392K)
[117.511s][info][gc,metaspace   ] GC(333) Metaspace: 23731K(24832K)->23731K(24832K) NonClass: 20803K(21504K)->20803K(21504K) Class: 2927K(3328K)->2927K(3328K)
[117.511s][info][gc             ] GC(333) Pause Full (System.gc()) 57M->4M(996M) 9.584ms
[117.511s][info][gc,cpu         ] GC(333) User=0.00s Sys=0.00s Real=0.00s
[119.184s][info][gc,start       ] GC(334) Pause Young (Allocation Failure)
[119.195s][info][gc,heap        ] GC(334) PSYoungGen: 293376K->25589K(311296K)
[119.195s][info][gc,heap        ] GC(334) ParOldGen: 4983K->5479K(699392K)
[119.195s][info][gc,metaspace   ] GC(334) Metaspace: 23731K(24832K)->23731K(24832K) NonClass: 20803K(21504K)->20803K(21504K) Class: 2927K(3328K)->2927K(3328K)
[119.195s][info][gc             ] GC(334) Pause Young (Allocation Failure) 291M->30M(987M) 11.193ms
[119.195s][info][gc,cpu         ] GC(334) User=0.02s Sys=0.00s Real=0.02s
[119.254s][info][gc,start       ] GC(335) Pause Young (Allocation Failure)
[119.270s][info][gc,heap        ] GC(335) PSYoungGen: 311285K->0K(317440K)
[119.270s][info][gc,heap        ] GC(335) ParOldGen: 5479K->31142K(699392K)
[119.270s][info][gc,metaspace   ] GC(335) Metaspace: 23731K(24832K)->23731K(24832K) NonClass: 20803K(21504K)->20803K(21504K) Class: 2927K(3328K)->2927K(3328K)
[119.270s][info][gc             ] GC(335) Pause Young (Allocation Failure) 309M->30M(993M) 16.258ms
[119.270s][info][gc,cpu         ] GC(335) User=0.05s Sys=0.00s Real=0.01s
[119.328s][info][gc,start       ] GC(336) Pause Young (Allocation Failure)
[119.328s][info][gc,heap        ] GC(336) PSYoungGen: 285696K->0K(320512K)
[119.328s][info][gc,heap        ] GC(336) ParOldGen: 31142K->31142K(699392K)
[119.328s][info][gc,metaspace   ] GC(336) Metaspace: 23731K(24832K)->23731K(24832K) NonClass: 20803K(21504K)->20803K(21504K) Class: 2927K(3328K)->2927K(3328K)
[119.328s][info][gc             ] GC(336) Pause Young (Allocation Failure) 309M->30M(996M) 0.748ms
[119.328s][info][gc,cpu         ] GC(336) User=0.00s Sys=0.00s Real=0.00s
[119.387s][info][gc,start       ] GC(337) Pause Young (Allocation Failure)
[119.388s][info][gc,heap        ] GC(337) PSYoungGen: 290304K->0K(318976K)
[119.388s][info][gc,heap        ] GC(337) ParOldGen: 31142K->31142K(699392K)
[119.388s][info][gc,metaspace   ] GC(337) Metaspace: 23731K(24832K)->23731K(24832K) NonClass: 20803K(21504K)->20803K(21504K) Class: 2927K(3328K)->2927K(3328K)
[119.388s][info][gc             ] GC(337) Pause Young (Allocation Failure) 313M->30M(994M) 0.723ms
[119.388s][info][gc,cpu         ] GC(337) User=0.00s Sys=0.00s Real=0.00s
[121.075s][info][gc,start       ] GC(338) Pause Young (Allocation Failure)
[121.086s][info][gc,heap        ] GC(338) PSYoungGen: 290304K->26733K(309760K)
[121.086s][info][gc,heap        ] GC(338) ParOldGen: 31142K->31142K(699392K)
[121.086s][info][gc,metaspace   ] GC(338) Metaspace: 23731K(24832K)->23731K(24832K) NonClass: 20803K(21504K)->20803K(21504K) Class: 2927K(3328K)->2927K(3328K)
[121.086s][info][gc             ] GC(338) Pause Young (Allocation Failure) 313M->56M(985M) 11.064ms
[121.086s][info][gc,cpu         ] GC(338) User=0.02s Sys=0.00s Real=0.02s
[121.144s][info][gc,start       ] GC(339) Pause Young (Allocation Failure)
[121.160s][info][gc,heap        ] GC(339) PSYoungGen: 309357K->0K(315904K)
[121.160s][info][gc,heap        ] GC(339) ParOldGen: 31142K->57884K(699392K)
[121.160s][info][gc,metaspace   ] GC(339) Metaspace: 23731K(24832K)->23731K(24832K) NonClass: 20803K(21504K)->20803K(21504K) Class: 2927K(3328K)->2927K(3328K)
[121.160s][info][gc             ] GC(339) Pause Young (Allocation Failure) 332M->56M(991M) 15.942ms
[121.160s][info][gc,cpu         ] GC(339) User=0.05s Sys=0.00s Real=0.02s
[121.217s][info][gc,start       ] GC(340) Pause Young (Allocation Failure)
[121.218s][info][gc,heap        ] GC(340) PSYoungGen: 282624K->0K(318976K)
[121.218s][info][gc,heap        ] GC(340) ParOldGen: 57884K->57884K(699392K)
[121.218s][info][gc,metaspace   ] GC(340) Metaspace: 23731K(24832K)->23731K(24832K) NonClass: 20803K(21504K)->20803K(21504K) Class: 2927K(3328K)->2927K(3328K)
[121.218s][info][gc             ] GC(340) Pause Young (Allocation Failure) 332M->56M(994M) 0.561ms
[121.218s][info][gc,cpu         ] GC(340) User=0.00s Sys=0.00s Real=0.00s
[121.276s][info][gc,start       ] GC(341) Pause Young (Allocation Failure)
[121.277s][info][gc,heap        ] GC(341) PSYoungGen: 287232K->0K(317440K)
[121.277s][info][gc,heap        ] GC(341) ParOldGen: 57884K->57884K(699392K)
[121.277s][info][gc,metaspace   ] GC(341) Metaspace: 23731K(24832K)->23731K(24832K) NonClass: 20803K(21504K)->20803K(21504K) Class: 2927K(3328K)->2927K(3328K)
[121.277s][info][gc             ] GC(341) Pause Young (Allocation Failure) 337M->56M(993M) 0.679ms
[121.277s][info][gc,cpu         ] GC(341) User=0.00s Sys=0.00s Real=0.00s
[121.335s][info][gc,start       ] GC(342) Pause Young (Allocation Failure)
[121.336s][info][gc,heap        ] GC(342) PSYoungGen: 287232K->0K(322048K)
[121.336s][info][gc,heap        ] GC(342) ParOldGen: 57884K->57884K(699392K)
[121.336s][info][gc,metaspace   ] GC(342) Metaspace: 23731K(24832K)->23731K(24832K) NonClass: 20803K(21504K)->20803K(21504K) Class: 2927K(3328K)->2927K(3328K)
[121.336s][info][gc             ] GC(342) Pause Young (Allocation Failure) 337M->56M(997M) 0.867ms
[121.336s][info][gc,cpu         ] GC(342) User=0.00s Sys=0.00s Real=0.00s
[121.370s][info][gc,start       ] GC(343) Pause Young (System.gc())
[121.371s][info][gc,heap        ] GC(343) PSYoungGen: 93871K->678K(320512K)
[121.371s][info][gc,heap        ] GC(343) ParOldGen: 57884K->57884K(699392K)
[121.371s][info][gc,metaspace   ] GC(343) Metaspace: 23732K(24832K)->23732K(24832K) NonClass: 20804K(21504K)->20804K(21504K) Class: 2927K(3328K)->2927K(3328K)
[121.371s][info][gc             ] GC(343) Pause Young (System.gc()) 148M->57M(996M) 1.113ms
[121.371s][info][gc,cpu         ] GC(343) User=0.00s Sys=0.00s Real=0.00s
[121.371s][info][gc,start       ] GC(344) Pause Full (System.gc())
[121.371s][info][gc,phases,start] GC(344) Marking Phase
[121.376s][info][gc,phases      ] GC(344) Marking Phase 4.614ms
[121.376s][info][gc,phases,start] GC(344) Summary Phase
[121.376s][info][gc,phases      ] GC(344) Summary Phase 0.009ms
[121.376s][info][gc,phases,start] GC(344) Adjust Roots
[121.378s][info][gc,phases      ] GC(344) Adjust Roots 2.384ms
[121.378s][info][gc,phases,start] GC(344) Compaction Phase
[121.380s][info][gc,phases      ] GC(344) Compaction Phase 1.967ms
[121.380s][info][gc,phases,start] GC(344) Post Compact
[121.380s][info][gc,phases      ] GC(344) Post Compact 0.338ms
[121.380s][info][gc,heap        ] GC(344) PSYoungGen: 678K->0K(320512K)
[121.380s][info][gc,heap        ] GC(344) ParOldGen: 57884K->4983K(699392K)
[121.380s][info][gc,metaspace   ] GC(344) Metaspace: 23732K(24832K)->23732K(24832K) NonClass: 20804K(21504K)->20804K(21504K) Class: 2927K(3328K)->2927K(3328K)
[121.380s][info][gc             ] GC(344) Pause Full (System.gc()) 57M->4M(996M) 9.535ms
[121.381s][info][gc,cpu         ] GC(344) User=0.02s Sys=0.00s Real=0.02s
[123.052s][info][gc,start       ] GC(345) Pause Young (Allocation Failure)
[123.064s][info][gc,heap        ] GC(345) PSYoungGen: 293376K->25589K(311296K)
[123.064s][info][gc,heap        ] GC(345) ParOldGen: 4983K->5487K(699392K)
[123.064s][info][gc,metaspace   ] GC(345) Metaspace: 23732K(24832K)->23732K(24832K) NonClass: 20804K(21504K)->20804K(21504K) Class: 2927K(3328K)->2927K(3328K)
[123.064s][info][gc             ] GC(345) Pause Young (Allocation Failure) 291M->30M(987M) 11.263ms
[123.064s][info][gc,cpu         ] GC(345) User=0.02s Sys=0.00s Real=0.02s
[123.122s][info][gc,start       ] GC(346) Pause Young (Allocation Failure)
[123.137s][info][gc,heap        ] GC(346) PSYoungGen: 311285K->0K(317440K)
[123.137s][info][gc,heap        ] GC(346) ParOldGen: 5487K->31166K(699392K)
[123.137s][info][gc,metaspace   ] GC(346) Metaspace: 23732K(24832K)->23732K(24832K) NonClass: 20804K(21504K)->20804K(21504K) Class: 2927K(3328K)->2927K(3328K)
[123.137s][info][gc             ] GC(346) Pause Young (Allocation Failure) 309M->30M(993M) 15.649ms
[123.137s][info][gc,cpu         ] GC(346) User=0.02s Sys=0.00s Real=0.01s
[123.195s][info][gc,start       ] GC(347) Pause Young (Allocation Failure)
[123.195s][info][gc,heap        ] GC(347) PSYoungGen: 285696K->0K(320512K)
[123.195s][info][gc,heap        ] GC(347) ParOldGen: 31166K->31166K(699392K)
[123.195s][info][gc,metaspace   ] GC(347) Metaspace: 23732K(24832K)->23732K(24832K) NonClass: 20804K(21504K)->20804K(21504K) Class: 2927K(3328K)->2927K(3328K)
[123.196s][info][gc             ] GC(347) Pause Young (Allocation Failure) 309M->30M(996M) 0.577ms
[123.196s][info][gc,cpu         ] GC(347) User=0.00s Sys=0.00s Real=0.02s
[123.254s][info][gc,start       ] GC(348) Pause Young (Allocation Failure)
[123.255s][info][gc,heap        ] GC(348) PSYoungGen: 290304K->0K(318976K)
[123.255s][info][gc,heap        ] GC(348) ParOldGen: 31166K->31166K(699392K)
[123.255s][info][gc,metaspace   ] GC(348) Metaspace: 23732K(24832K)->23732K(24832K) NonClass: 20804K(21504K)->20804K(21504K) Class: 2927K(3328K)->2927K(3328K)
[123.255s][info][gc             ] GC(348) Pause Young (Allocation Failure) 313M->30M(994M) 0.656ms
[123.255s][info][gc,cpu         ] GC(348) User=0.00s Sys=0.00s Real=0.00s
[124.940s][info][gc,start       ] GC(349) Pause Young (Allocation Failure)
[124.953s][info][gc,heap        ] GC(349) PSYoungGen: 290304K->26779K(309760K)
[124.953s][info][gc,heap        ] GC(349) ParOldGen: 31166K->31166K(699392K)
[124.953s][info][gc,metaspace   ] GC(349) Metaspace: 23737K(24832K)->23737K(24832K) NonClass: 20810K(21504K)->20810K(21504K) Class: 2927K(3328K)->2927K(3328K)
[124.953s][info][gc             ] GC(349) Pause Young (Allocation Failure) 313M->56M(985M) 13.179ms
[124.953s][info][gc,cpu         ] GC(349) User=0.00s Sys=0.00s Real=0.00s
[125.011s][info][gc,start       ] GC(350) Pause Young (Allocation Failure)
[125.028s][info][gc,heap        ] GC(350) PSYoungGen: 309403K->0K(315904K)
[125.028s][info][gc,heap        ] GC(350) ParOldGen: 31166K->57900K(699392K)
[125.028s][info][gc,metaspace   ] GC(350) Metaspace: 23737K(24832K)->23737K(24832K) NonClass: 20810K(21504K)->20810K(21504K) Class: 2927K(3328K)->2927K(3328K)
[125.028s][info][gc             ] GC(350) Pause Young (Allocation Failure) 332M->56M(991M) 17.032ms
[125.028s][info][gc,cpu         ] GC(350) User=0.08s Sys=0.00s Real=0.02s
[125.085s][info][gc,start       ] GC(351) Pause Young (Allocation Failure)
[125.086s][info][gc,heap        ] GC(351) PSYoungGen: 282624K->0K(318976K)
[125.086s][info][gc,heap        ] GC(351) ParOldGen: 57900K->57900K(699392K)
[125.086s][info][gc,metaspace   ] GC(351) Metaspace: 23737K(24832K)->23737K(24832K) NonClass: 20810K(21504K)->20810K(21504K) Class: 2927K(3328K)->2927K(3328K)
[125.086s][info][gc             ] GC(351) Pause Young (Allocation Failure) 332M->56M(994M) 0.677ms
[125.086s][info][gc,cpu         ] GC(351) User=0.00s Sys=0.00s Real=0.00s
[125.144s][info][gc,start       ] GC(352) Pause Young (Allocation Failure)
[125.144s][info][gc,heap        ] GC(352) PSYoungGen: 287232K->0K(317440K)
[125.144s][info][gc,heap        ] GC(352) ParOldGen: 57900K->57900K(699392K)
[125.144s][info][gc,metaspace   ] GC(352) Metaspace: 23737K(24832K)->23737K(24832K) NonClass: 20810K(21504K)->20810K(21504K) Class: 2927K(3328K)->2927K(3328K)
[125.144s][info][gc             ] GC(352) Pause Young (Allocation Failure) 337M->56M(993M) 0.799ms
[125.144s][info][gc,cpu         ] GC(352) User=0.00s Sys=0.00s Real=0.00s
[125.202s][info][gc,start       ] GC(353) Pause Young (Allocation Failure)
[125.203s][info][gc,heap        ] GC(353) PSYoungGen: 287232K->0K(322048K)
[125.203s][info][gc,heap        ] GC(353) ParOldGen: 57900K->57900K(699392K)
[125.203s][info][gc,metaspace   ] GC(353) Metaspace: 23737K(24832K)->23737K(24832K) NonClass: 20810K(21504K)->20810K(21504K) Class: 2927K(3328K)->2927K(3328K)
[125.203s][info][gc             ] GC(353) Pause Young (Allocation Failure) 337M->56M(997M) 0.754ms
[125.203s][info][gc,cpu         ] GC(353) User=0.00s Sys=0.00s Real=0.00s
[125.237s][info][gc,start       ] GC(354) Pause Young (System.gc())
[125.238s][info][gc,heap        ] GC(354) PSYoungGen: 93871K->678K(320512K)
[125.238s][info][gc,heap        ] GC(354) ParOldGen: 57900K->57900K(699392K)
[125.238s][info][gc,metaspace   ] GC(354) Metaspace: 23738K(24832K)->23738K(24832K) NonClass: 20810K(21504K)->20810K(21504K) Class: 2927K(3328K)->2927K(3328K)
[125.238s][info][gc             ] GC(354) Pause Young (System.gc()) 148M->57M(996M) 0.981ms
[125.238s][info][gc,cpu         ] GC(354) User=0.00s Sys=0.00s Real=0.00s
[125.238s][info][gc,start       ] GC(355) Pause Full (System.gc())
[125.238s][info][gc,phases,start] GC(355) Marking Phase
[125.243s][info][gc,phases      ] GC(355) Marking Phase 4.254ms
[125.243s][info][gc,phases,start] GC(355) Summary Phase
[125.243s][info][gc,phases      ] GC(355) Summary Phase 0.009ms
[125.243s][info][gc,phases,start] GC(355) Adjust Roots
[125.245s][info][gc,phases      ] GC(355) Adjust Roots 2.606ms
[125.245s][info][gc,phases,start] GC(355) Compaction Phase
[125.248s][info][gc,phases      ] GC(355) Compaction Phase 2.462ms
[125.248s][info][gc,phases,start] GC(355) Post Compact
[125.248s][info][gc,phases      ] GC(355) Post Compact 0.338ms
[125.248s][info][gc,heap        ] GC(355) PSYoungGen: 678K->0K(320512K)
[125.248s][info][gc,heap        ] GC(355) ParOldGen: 57900K->4983K(699392K)
[125.248s][info][gc,metaspace   ] GC(355) Metaspace: 23738K(24832K)->23738K(24832K) NonClass: 20810K(21504K)->20810K(21504K) Class: 2927K(3328K)->2927K(3328K)
[125.248s][info][gc             ] GC(355) Pause Full (System.gc()) 57M->4M(996M) 9.899ms
[125.248s][info][gc,cpu         ] GC(355) User=0.00s Sys=0.00s Real=0.00s
[126.920s][info][gc,start       ] GC(356) Pause Young (Allocation Failure)
[126.931s][info][gc,heap        ] GC(356) PSYoungGen: 293376K->25589K(311296K)
[126.931s][info][gc,heap        ] GC(356) ParOldGen: 4983K->5487K(699392K)
[126.931s][info][gc,metaspace   ] GC(356) Metaspace: 23738K(24832K)->23738K(24832K) NonClass: 20810K(21504K)->20810K(21504K) Class: 2927K(3328K)->2927K(3328K)
[126.931s][info][gc             ] GC(356) Pause Young (Allocation Failure) 291M->30M(987M) 11.047ms
[126.931s][info][gc,cpu         ] GC(356) User=0.00s Sys=0.00s Real=0.00s
[126.989s][info][gc,start       ] GC(357) Pause Young (Allocation Failure)
[127.006s][info][gc,heap        ] GC(357) PSYoungGen: 311285K->0K(317440K)
[127.006s][info][gc,heap        ] GC(357) ParOldGen: 5487K->31166K(699392K)
[127.006s][info][gc,metaspace   ] GC(357) Metaspace: 23738K(24832K)->23738K(24832K) NonClass: 20810K(21504K)->20810K(21504K) Class: 2927K(3328K)->2927K(3328K)
[127.006s][info][gc             ] GC(357) Pause Young (Allocation Failure) 309M->30M(993M) 16.506ms
[127.006s][info][gc,cpu         ] GC(357) User=0.08s Sys=0.00s Real=0.02s
[127.063s][info][gc,start       ] GC(358) Pause Young (Allocation Failure)
[127.064s][info][gc,heap        ] GC(358) PSYoungGen: 285696K->0K(320512K)
[127.064s][info][gc,heap        ] GC(358) ParOldGen: 31166K->31166K(699392K)
[127.064s][info][gc,metaspace   ] GC(358) Metaspace: 23738K(24832K)->23738K(24832K) NonClass: 20810K(21504K)->20810K(21504K) Class: 2927K(3328K)->2927K(3328K)
[127.064s][info][gc             ] GC(358) Pause Young (Allocation Failure) 309M->30M(996M) 0.638ms
[127.064s][info][gc,cpu         ] GC(358) User=0.00s Sys=0.00s Real=0.00s
[127.123s][info][gc,start       ] GC(359) Pause Young (Allocation Failure)
[127.123s][info][gc,heap        ] GC(359) PSYoungGen: 290304K->0K(318976K)
[127.123s][info][gc,heap        ] GC(359) ParOldGen: 31166K->31166K(699392K)
[127.123s][info][gc,metaspace   ] GC(359) Metaspace: 23738K(24832K)->23738K(24832K) NonClass: 20810K(21504K)->20810K(21504K) Class: 2927K(3328K)->2927K(3328K)
[127.123s][info][gc             ] GC(359) Pause Young (Allocation Failure) 313M->30M(994M) 0.446ms
[127.123s][info][gc,cpu         ] GC(359) User=0.00s Sys=0.00s Real=0.00s
[128.834s][info][gc,start       ] GC(360) Pause Young (Allocation Failure)
[128.845s][info][gc,heap        ] GC(360) PSYoungGen: 290304K->26797K(309760K)
[128.845s][info][gc,heap        ] GC(360) ParOldGen: 31166K->31166K(699392K)
[128.845s][info][gc,metaspace   ] GC(360) Metaspace: 23739K(24832K)->23739K(24832K) NonClass: 20811K(21504K)->20811K(21504K) Class: 2927K(3328K)->2927K(3328K)
[128.845s][info][gc             ] GC(360) Pause Young (Allocation Failure) 313M->56M(985M) 11.390ms
[128.845s][info][gc,cpu         ] GC(360) User=0.00s Sys=0.00s Real=0.00s
[128.904s][info][gc,start       ] GC(361) Pause Young (Allocation Failure)
[128.920s][info][gc,heap        ] GC(361) PSYoungGen: 309421K->0K(315904K)
[128.920s][info][gc,heap        ] GC(361) ParOldGen: 31166K->57908K(699392K)
[128.920s][info][gc,metaspace   ] GC(361) Metaspace: 23739K(24832K)->23739K(24832K) NonClass: 20811K(21504K)->20811K(21504K) Class: 2927K(3328K)->2927K(3328K)
[128.920s][info][gc             ] GC(361) Pause Young (Allocation Failure) 332M->56M(991M) 16.660ms
[128.920s][info][gc,cpu         ] GC(361) User=0.02s Sys=0.00s Real=0.02s
[128.977s][info][gc,start       ] GC(362) Pause Young (Allocation Failure)
[128.978s][info][gc,heap        ] GC(362) PSYoungGen: 282624K->0K(318976K)
[128.978s][info][gc,heap        ] GC(362) ParOldGen: 57908K->57908K(699392K)
[128.978s][info][gc,metaspace   ] GC(362) Metaspace: 23739K(24832K)->23739K(24832K) NonClass: 20811K(21504K)->20811K(21504K) Class: 2927K(3328K)->2927K(3328K)
[128.978s][info][gc             ] GC(362) Pause Young (Allocation Failure) 332M->56M(994M) 0.612ms
[128.978s][info][gc,cpu         ] GC(362) User=0.00s Sys=0.00s Real=0.00s
[129.036s][info][gc,start       ] GC(363) Pause Young (Allocation Failure)
[129.036s][info][gc,heap        ] GC(363) PSYoungGen: 287232K->0K(317440K)
[129.036s][info][gc,heap        ] GC(363) ParOldGen: 57908K->57908K(699392K)
[129.036s][info][gc,metaspace   ] GC(363) Metaspace: 23739K(24832K)->23739K(24832K) NonClass: 20811K(21504K)->20811K(21504K) Class: 2927K(3328K)->2927K(3328K)
[129.037s][info][gc             ] GC(363) Pause Young (Allocation Failure) 337M->56M(993M) 0.699ms
[129.037s][info][gc,cpu         ] GC(363) User=0.00s Sys=0.00s Real=0.01s
[129.095s][info][gc,start       ] GC(364) Pause Young (Allocation Failure)
[129.095s][info][gc,heap        ] GC(364) PSYoungGen: 287232K->0K(322048K)
[129.095s][info][gc,heap        ] GC(364) ParOldGen: 57908K->57908K(699392K)
[129.095s][info][gc,metaspace   ] GC(364) Metaspace: 23739K(24832K)->23739K(24832K) NonClass: 20811K(21504K)->20811K(21504K) Class: 2927K(3328K)->2927K(3328K)
[129.095s][info][gc             ] GC(364) Pause Young (Allocation Failure) 337M->56M(997M) 0.642ms
[129.095s][info][gc,cpu         ] GC(364) User=0.00s Sys=0.00s Real=0.00s
[129.129s][info][gc,start       ] GC(365) Pause Young (System.gc())
[129.130s][info][gc,heap        ] GC(365) PSYoungGen: 93871K->646K(320512K)
[129.130s][info][gc,heap        ] GC(365) ParOldGen: 57908K->57908K(699392K)
[129.130s][info][gc,metaspace   ] GC(365) Metaspace: 23739K(24832K)->23739K(24832K) NonClass: 20811K(21504K)->20811K(21504K) Class: 2927K(3328K)->2927K(3328K)
[129.130s][info][gc             ] GC(365) Pause Young (System.gc()) 148M->57M(996M) 1.004ms
[129.130s][info][gc,cpu         ] GC(365) User=0.00s Sys=0.00s Real=0.00s
[129.130s][info][gc,start       ] GC(366) Pause Full (System.gc())
[129.131s][info][gc,phases,start] GC(366) Marking Phase
[129.135s][info][gc,phases      ] GC(366) Marking Phase 4.803ms
[129.135s][info][gc,phases,start] GC(366) Summary Phase
[129.135s][info][gc,phases      ] GC(366) Summary Phase 0.009ms
[129.135s][info][gc,phases,start] GC(366) Adjust Roots
[129.138s][info][gc,phases      ] GC(366) Adjust Roots 2.436ms
[129.138s][info][gc,phases,start] GC(366) Compaction Phase
[129.140s][info][gc,phases      ] GC(366) Compaction Phase 2.205ms
[129.140s][info][gc,phases,start] GC(366) Post Compact
[129.140s][info][gc,phases      ] GC(366) Post Compact 0.362ms
[129.140s][info][gc,heap        ] GC(366) PSYoungGen: 646K->0K(320512K)
[129.141s][info][gc,heap        ] GC(366) ParOldGen: 57908K->4983K(699392K)
[129.141s][info][gc,metaspace   ] GC(366) Metaspace: 23739K(24832K)->23739K(24832K) NonClass: 20811K(21504K)->20811K(21504K) Class: 2927K(3328K)->2927K(3328K)
[129.141s][info][gc             ] GC(366) Pause Full (System.gc()) 57M->4M(996M) 10.038ms
[129.141s][info][gc,cpu         ] GC(366) User=0.00s Sys=0.00s Real=0.00s
[130.834s][info][gc,start       ] GC(367) Pause Young (Allocation Failure)
[130.845s][info][gc,heap        ] GC(367) PSYoungGen: 293376K->25589K(311296K)
[130.845s][info][gc,heap        ] GC(367) ParOldGen: 4983K->5487K(699392K)
[130.845s][info][gc,metaspace   ] GC(367) Metaspace: 23739K(24832K)->23739K(24832K) NonClass: 20811K(21504K)->20811K(21504K) Class: 2927K(3328K)->2927K(3328K)
[130.845s][info][gc             ] GC(367) Pause Young (Allocation Failure) 291M->30M(987M) 11.317ms
[130.845s][info][gc,cpu         ] GC(367) User=0.00s Sys=0.00s Real=0.01s
[130.904s][info][gc,start       ] GC(368) Pause Young (Allocation Failure)
[130.920s][info][gc,heap        ] GC(368) PSYoungGen: 311285K->0K(317440K)
[130.920s][info][gc,heap        ] GC(368) ParOldGen: 5487K->31166K(699392K)
[130.920s][info][gc,metaspace   ] GC(368) Metaspace: 23739K(24832K)->23739K(24832K) NonClass: 20811K(21504K)->20811K(21504K) Class: 2927K(3328K)->2927K(3328K)
[130.920s][info][gc             ] GC(368) Pause Young (Allocation Failure) 309M->30M(993M) 16.085ms
[130.920s][info][gc,cpu         ] GC(368) User=0.03s Sys=0.00s Real=0.02s
[130.978s][info][gc,start       ] GC(369) Pause Young (Allocation Failure)
[130.979s][info][gc,heap        ] GC(369) PSYoungGen: 285696K->0K(320512K)
[130.979s][info][gc,heap        ] GC(369) ParOldGen: 31166K->31166K(699392K)
[130.979s][info][gc,metaspace   ] GC(369) Metaspace: 23739K(24832K)->23739K(24832K) NonClass: 20811K(21504K)->20811K(21504K) Class: 2927K(3328K)->2927K(3328K)
[130.979s][info][gc             ] GC(369) Pause Young (Allocation Failure) 309M->30M(996M) 0.491ms
[130.979s][info][gc,cpu         ] GC(369) User=0.00s Sys=0.00s Real=0.00s
[131.038s][info][gc,start       ] GC(370) Pause Young (Allocation Failure)
[131.039s][info][gc,heap        ] GC(370) PSYoungGen: 290304K->0K(318976K)
[131.039s][info][gc,heap        ] GC(370) ParOldGen: 31166K->31166K(699392K)
[131.039s][info][gc,metaspace   ] GC(370) Metaspace: 23739K(24832K)->23739K(24832K) NonClass: 20811K(21504K)->20811K(21504K) Class: 2927K(3328K)->2927K(3328K)
[131.039s][info][gc             ] GC(370) Pause Young (Allocation Failure) 313M->30M(994M) 0.865ms
[131.039s][info][gc,cpu         ] GC(370) User=0.00s Sys=0.00s Real=0.00s
[132.816s][info][gc,start       ] GC(371) Pause Young (Allocation Failure)
[132.827s][info][gc,heap        ] GC(371) PSYoungGen: 290304K->26747K(309760K)
[132.827s][info][gc,heap        ] GC(371) ParOldGen: 31166K->31166K(699392K)
[132.827s][info][gc,metaspace   ] GC(371) Metaspace: 23739K(24832K)->23739K(24832K) NonClass: 20811K(21504K)->20811K(21504K) Class: 2927K(3328K)->2927K(3328K)
[132.827s][info][gc             ] GC(371) Pause Young (Allocation Failure) 313M->56M(985M) 11.636ms
[132.827s][info][gc,cpu         ] GC(371) User=0.02s Sys=0.00s Real=0.02s
[132.885s][info][gc,start       ] GC(372) Pause Young (Allocation Failure)
[132.901s][info][gc,heap        ] GC(372) PSYoungGen: 309371K->0K(315904K)
[132.901s][info][gc,heap        ] GC(372) ParOldGen: 31166K->57900K(699392K)
[132.901s][info][gc,metaspace   ] GC(372) Metaspace: 23739K(24832K)->23739K(24832K) NonClass: 20811K(21504K)->20811K(21504K) Class: 2927K(3328K)->2927K(3328K)
[132.901s][info][gc             ] GC(372) Pause Young (Allocation Failure) 332M->56M(991M) 15.963ms
[132.901s][info][gc,cpu         ] GC(372) User=0.02s Sys=0.00s Real=0.02s
[132.959s][info][gc,start       ] GC(373) Pause Young (Allocation Failure)
[132.960s][info][gc,heap        ] GC(373) PSYoungGen: 282624K->0K(318976K)
[132.960s][info][gc,heap        ] GC(373) ParOldGen: 57900K->57900K(699392K)
[132.960s][info][gc,metaspace   ] GC(373) Metaspace: 23739K(24832K)->23739K(24832K) NonClass: 20811K(21504K)->20811K(21504K) Class: 2927K(3328K)->2927K(3328K)
[132.960s][info][gc             ] GC(373) Pause Young (Allocation Failure) 332M->56M(994M) 0.743ms
[132.960s][info][gc,cpu         ] GC(373) User=0.00s Sys=0.00s Real=0.00s
[133.019s][info][gc,start       ] GC(374) Pause Young (Allocation Failure)
[133.019s][info][gc,heap        ] GC(374) PSYoungGen: 287232K->0K(317440K)
[133.019s][info][gc,heap        ] GC(374) ParOldGen: 57900K->57900K(699392K)
[133.019s][info][gc,metaspace   ] GC(374) Metaspace: 23739K(24832K)->23739K(24832K) NonClass: 20811K(21504K)->20811K(21504K) Class: 2927K(3328K)->2927K(3328K)
[133.019s][info][gc             ] GC(374) Pause Young (Allocation Failure) 337M->56M(993M) 0.831ms
[133.020s][info][gc,cpu         ] GC(374) User=0.00s Sys=0.00s Real=0.00s
[133.077s][info][gc,start       ] GC(375) Pause Young (Allocation Failure)
[133.078s][info][gc,heap        ] GC(375) PSYoungGen: 287232K->0K(322048K)
[133.078s][info][gc,heap        ] GC(375) ParOldGen: 57900K->57900K(699392K)
[133.078s][info][gc,metaspace   ] GC(375) Metaspace: 23739K(24832K)->23739K(24832K) NonClass: 20811K(21504K)->20811K(21504K) Class: 2927K(3328K)->2927K(3328K)
[133.078s][info][gc             ] GC(375) Pause Young (Allocation Failure) 337M->56M(997M) 0.554ms
[133.078s][info][gc,cpu         ] GC(375) User=0.00s Sys=0.00s Real=0.00s
[133.113s][info][gc,start       ] GC(376) Pause Young (System.gc())
[133.114s][info][gc,heap        ] GC(376) PSYoungGen: 93871K->678K(320512K)
[133.114s][info][gc,heap        ] GC(376) ParOldGen: 57900K->57900K(699392K)
[133.114s][info][gc,metaspace   ] GC(376) Metaspace: 23739K(24832K)->23739K(24832K) NonClass: 20811K(21504K)->20811K(21504K) Class: 2927K(3328K)->2927K(3328K)
[133.114s][info][gc             ] GC(376) Pause Young (System.gc()) 148M->57M(996M) 0.912ms
[133.114s][info][gc,cpu         ] GC(376) User=0.00s Sys=0.00s Real=0.00s
[133.114s][info][gc,start       ] GC(377) Pause Full (System.gc())
[133.114s][info][gc,phases,start] GC(377) Marking Phase
[133.119s][info][gc,phases      ] GC(377) Marking Phase 4.567ms
[133.119s][info][gc,phases,start] GC(377) Summary Phase
[133.119s][info][gc,phases      ] GC(377) Summary Phase 0.011ms
[133.119s][info][gc,phases,start] GC(377) Adjust Roots
[133.121s][info][gc,phases      ] GC(377) Adjust Roots 2.568ms
[133.121s][info][gc,phases,start] GC(377) Compaction Phase
[133.124s][info][gc,phases      ] GC(377) Compaction Phase 2.794ms
[133.124s][info][gc,phases,start] GC(377) Post Compact
[133.124s][info][gc,phases      ] GC(377) Post Compact 0.333ms
[133.125s][info][gc,heap        ] GC(377) PSYoungGen: 678K->0K(320512K)
[133.125s][info][gc,heap        ] GC(377) ParOldGen: 57900K->4983K(699392K)
[133.125s][info][gc,metaspace   ] GC(377) Metaspace: 23739K(24832K)->23739K(24832K) NonClass: 20811K(21504K)->20811K(21504K) Class: 2927K(3328K)->2927K(3328K)
[133.125s][info][gc             ] GC(377) Pause Full (System.gc()) 57M->4M(996M) 10.521ms
[133.125s][info][gc,cpu         ] GC(377) User=0.00s Sys=0.00s Real=0.02s
[134.882s][info][gc,start       ] GC(378) Pause Young (Allocation Failure)
[134.894s][info][gc,heap        ] GC(378) PSYoungGen: 293376K->25589K(311296K)
[134.894s][info][gc,heap        ] GC(378) ParOldGen: 4983K->5479K(699392K)
[134.894s][info][gc,metaspace   ] GC(378) Metaspace: 23740K(24832K)->23740K(24832K) NonClass: 20812K(21504K)->20812K(21504K) Class: 2927K(3328K)->2927K(3328K)
[134.894s][info][gc             ] GC(378) Pause Young (Allocation Failure) 291M->30M(987M) 11.384ms
[134.894s][info][gc,cpu         ] GC(378) User=0.02s Sys=0.00s Real=0.02s
[134.952s][info][gc,start       ] GC(379) Pause Young (Allocation Failure)
[134.968s][info][gc,heap        ] GC(379) PSYoungGen: 311285K->0K(317440K)
[134.968s][info][gc,heap        ] GC(379) ParOldGen: 5479K->31151K(699392K)
[134.968s][info][gc,metaspace   ] GC(379) Metaspace: 23740K(24832K)->23740K(24832K) NonClass: 20812K(21504K)->20812K(21504K) Class: 2927K(3328K)->2927K(3328K)
[134.968s][info][gc             ] GC(379) Pause Young (Allocation Failure) 309M->30M(993M) 16.278ms
[134.968s][info][gc,cpu         ] GC(379) User=0.03s Sys=0.02s Real=0.01s
[135.026s][info][gc,start       ] GC(380) Pause Young (Allocation Failure)
[135.026s][info][gc,heap        ] GC(380) PSYoungGen: 285696K->0K(320512K)
[135.026s][info][gc,heap        ] GC(380) ParOldGen: 31151K->31151K(699392K)
[135.026s][info][gc,metaspace   ] GC(380) Metaspace: 23740K(24832K)->23740K(24832K) NonClass: 20812K(21504K)->20812K(21504K) Class: 2927K(3328K)->2927K(3328K)
[135.027s][info][gc             ] GC(380) Pause Young (Allocation Failure) 309M->30M(996M) 0.678ms
[135.027s][info][gc,cpu         ] GC(380) User=0.00s Sys=0.00s Real=0.00s
[135.086s][info][gc,start       ] GC(381) Pause Young (Allocation Failure)
[135.086s][info][gc,heap        ] GC(381) PSYoungGen: 290304K->0K(318976K)
[135.086s][info][gc,heap        ] GC(381) ParOldGen: 31151K->31151K(699392K)
[135.086s][info][gc,metaspace   ] GC(381) Metaspace: 23740K(24832K)->23740K(24832K) NonClass: 20812K(21504K)->20812K(21504K) Class: 2927K(3328K)->2927K(3328K)
[135.086s][info][gc             ] GC(381) Pause Young (Allocation Failure) 313M->30M(994M) 0.625ms
[135.086s][info][gc,cpu         ] GC(381) User=0.00s Sys=0.00s Real=0.00s
[136.856s][info][gc,start       ] GC(382) Pause Young (Allocation Failure)
[136.868s][info][gc,heap        ] GC(382) PSYoungGen: 290304K->26747K(309760K)
[136.868s][info][gc,heap        ] GC(382) ParOldGen: 31151K->31151K(699392K)
[136.868s][info][gc,metaspace   ] GC(382) Metaspace: 23740K(24832K)->23740K(24832K) NonClass: 20812K(21504K)->20812K(21504K) Class: 2927K(3328K)->2927K(3328K)
[136.868s][info][gc             ] GC(382) Pause Young (Allocation Failure) 313M->56M(985M) 11.306ms
[136.868s][info][gc,cpu         ] GC(382) User=0.00s Sys=0.00s Real=0.00s
[136.925s][info][gc,start       ] GC(383) Pause Young (Allocation Failure)
[136.941s][info][gc,heap        ] GC(383) PSYoungGen: 309371K->0K(315904K)
[136.941s][info][gc,heap        ] GC(383) ParOldGen: 31151K->57892K(699392K)
[136.941s][info][gc,metaspace   ] GC(383) Metaspace: 23740K(24832K)->23740K(24832K) NonClass: 20812K(21504K)->20812K(21504K) Class: 2927K(3328K)->2927K(3328K)
[136.941s][info][gc             ] GC(383) Pause Young (Allocation Failure) 332M->56M(991M) 15.521ms
[136.941s][info][gc,cpu         ] GC(383) User=0.02s Sys=0.00s Real=0.02s
[136.998s][info][gc,start       ] GC(384) Pause Young (Allocation Failure)
[136.999s][info][gc,heap        ] GC(384) PSYoungGen: 282624K->0K(318976K)
[136.999s][info][gc,heap        ] GC(384) ParOldGen: 57892K->57892K(699392K)
[136.999s][info][gc,metaspace   ] GC(384) Metaspace: 23740K(24832K)->23740K(24832K) NonClass: 20812K(21504K)->20812K(21504K) Class: 2927K(3328K)->2927K(3328K)
[136.999s][info][gc             ] GC(384) Pause Young (Allocation Failure) 332M->56M(994M) 0.650ms
[136.999s][info][gc,cpu         ] GC(384) User=0.00s Sys=0.00s Real=0.00s
[137.057s][info][gc,start       ] GC(385) Pause Young (Allocation Failure)
[137.057s][info][gc,heap        ] GC(385) PSYoungGen: 287232K->0K(317440K)
[137.057s][info][gc,heap        ] GC(385) ParOldGen: 57892K->57892K(699392K)
[137.057s][info][gc,metaspace   ] GC(385) Metaspace: 23740K(24832K)->23740K(24832K) NonClass: 20812K(21504K)->20812K(21504K) Class: 2927K(3328K)->2927K(3328K)
[137.057s][info][gc             ] GC(385) Pause Young (Allocation Failure) 337M->56M(993M) 0.751ms
[137.057s][info][gc,cpu         ] GC(385) User=0.00s Sys=0.00s Real=0.00s
[137.115s][info][gc,start       ] GC(386) Pause Young (Allocation Failure)
[137.116s][info][gc,heap        ] GC(386) PSYoungGen: 287232K->0K(322048K)
[137.116s][info][gc,heap        ] GC(386) ParOldGen: 57892K->57892K(699392K)
[137.116s][info][gc,metaspace   ] GC(386) Metaspace: 23740K(24832K)->23740K(24832K) NonClass: 20812K(21504K)->20812K(21504K) Class: 2927K(3328K)->2927K(3328K)
[137.116s][info][gc             ] GC(386) Pause Young (Allocation Failure) 337M->56M(997M) 0.637ms
[137.116s][info][gc,cpu         ] GC(386) User=0.00s Sys=0.00s Real=0.00s
[137.151s][info][gc,start       ] GC(387) Pause Young (System.gc())
[137.152s][info][gc,heap        ] GC(387) PSYoungGen: 93871K->678K(320512K)
[137.152s][info][gc,heap        ] GC(387) ParOldGen: 57892K->57892K(699392K)
[137.152s][info][gc,metaspace   ] GC(387) Metaspace: 23740K(24832K)->23740K(24832K) NonClass: 20812K(21504K)->20812K(21504K) Class: 2927K(3328K)->2927K(3328K)
[137.152s][info][gc             ] GC(387) Pause Young (System.gc()) 148M->57M(996M) 1.103ms
[137.152s][info][gc,cpu         ] GC(387) User=0.00s Sys=0.00s Real=0.00s
[137.152s][info][gc,start       ] GC(388) Pause Full (System.gc())
[137.152s][info][gc,phases,start] GC(388) Marking Phase
[137.157s][info][gc,phases      ] GC(388) Marking Phase 4.897ms
[137.157s][info][gc,phases,start] GC(388) Summary Phase
[137.157s][info][gc,phases      ] GC(388) Summary Phase 0.009ms
[137.157s][info][gc,phases,start] GC(388) Adjust Roots
[137.159s][info][gc,phases      ] GC(388) Adjust Roots 2.506ms
[137.159s][info][gc,phases,start] GC(388) Compaction Phase
[137.161s][info][gc,phases      ] GC(388) Compaction Phase 1.911ms
[137.161s][info][gc,phases,start] GC(388) Post Compact
[137.162s][info][gc,phases      ] GC(388) Post Compact 0.348ms
[137.162s][info][gc,heap        ] GC(388) PSYoungGen: 678K->0K(320512K)
[137.162s][info][gc,heap        ] GC(388) ParOldGen: 57892K->4983K(699392K)
[137.162s][info][gc,metaspace   ] GC(388) Metaspace: 23740K(24832K)->23740K(24832K) NonClass: 20812K(21504K)->20812K(21504K) Class: 2927K(3328K)->2927K(3328K)
[137.162s][info][gc             ] GC(388) Pause Full (System.gc()) 57M->4M(996M) 9.936ms
[137.162s][info][gc,cpu         ] GC(388) User=0.00s Sys=0.00s Real=0.01s
[138.920s][info][gc,start       ] GC(389) Pause Young (Allocation Failure)
[138.931s][info][gc,heap        ] GC(389) PSYoungGen: 293376K->25589K(311296K)
[138.931s][info][gc,heap        ] GC(389) ParOldGen: 4983K->5503K(699392K)
[138.931s][info][gc,metaspace   ] GC(389) Metaspace: 23746K(24832K)->23746K(24832K) NonClass: 20818K(21504K)->20818K(21504K) Class: 2927K(3328K)->2927K(3328K)
[138.931s][info][gc             ] GC(389) Pause Young (Allocation Failure) 291M->30M(987M) 11.238ms
[138.931s][info][gc,cpu         ] GC(389) User=0.02s Sys=0.00s Real=0.02s
[138.989s][info][gc,start       ] GC(390) Pause Young (Allocation Failure)
[139.006s][info][gc,heap        ] GC(390) PSYoungGen: 311285K->0K(317440K)
[139.006s][info][gc,heap        ] GC(390) ParOldGen: 5503K->31183K(699392K)
[139.006s][info][gc,metaspace   ] GC(390) Metaspace: 23746K(24832K)->23746K(24832K) NonClass: 20818K(21504K)->20818K(21504K) Class: 2927K(3328K)->2927K(3328K)
[139.006s][info][gc             ] GC(390) Pause Young (Allocation Failure) 309M->30M(993M) 16.583ms
[139.006s][info][gc,cpu         ] GC(390) User=0.08s Sys=0.00s Real=0.02s
[139.064s][info][gc,start       ] GC(391) Pause Young (Allocation Failure)
[139.064s][info][gc,heap        ] GC(391) PSYoungGen: 285696K->0K(320512K)
[139.064s][info][gc,heap        ] GC(391) ParOldGen: 31183K->31183K(699392K)
[139.064s][info][gc,metaspace   ] GC(391) Metaspace: 23746K(24832K)->23746K(24832K) NonClass: 20818K(21504K)->20818K(21504K) Class: 2927K(3328K)->2927K(3328K)
[139.064s][info][gc             ] GC(391) Pause Young (Allocation Failure) 309M->30M(996M) 0.798ms
[139.064s][info][gc,cpu         ] GC(391) User=0.00s Sys=0.00s Real=0.00s
[139.123s][info][gc,start       ] GC(392) Pause Young (Allocation Failure)
[139.124s][info][gc,heap        ] GC(392) PSYoungGen: 290304K->0K(318976K)
[139.124s][info][gc,heap        ] GC(392) ParOldGen: 31183K->31183K(699392K)
[139.124s][info][gc,metaspace   ] GC(392) Metaspace: 23746K(24832K)->23746K(24832K) NonClass: 20818K(21504K)->20818K(21504K) Class: 2927K(3328K)->2927K(3328K)
[139.124s][info][gc             ] GC(392) Pause Young (Allocation Failure) 313M->30M(994M) 0.703ms
[139.124s][info][gc,cpu         ] GC(392) User=0.00s Sys=0.00s Real=0.00s
[140.898s][info][gc,start       ] GC(393) Pause Young (Allocation Failure)
[140.909s][info][gc,heap        ] GC(393) PSYoungGen: 290304K->26747K(309760K)
[140.909s][info][gc,heap        ] GC(393) ParOldGen: 31183K->31183K(699392K)
[140.909s][info][gc,metaspace   ] GC(393) Metaspace: 23746K(24832K)->23746K(24832K) NonClass: 20818K(21504K)->20818K(21504K) Class: 2927K(3328K)->2927K(3328K)
[140.909s][info][gc             ] GC(393) Pause Young (Allocation Failure) 313M->56M(985M) 11.916ms
[140.909s][info][gc,cpu         ] GC(393) User=0.02s Sys=0.00s Real=0.02s
[140.967s][info][gc,start       ] GC(394) Pause Young (Allocation Failure)
[140.983s][info][gc,heap        ] GC(394) PSYoungGen: 309371K->0K(315904K)
[140.983s][info][gc,heap        ] GC(394) ParOldGen: 31183K->57909K(699392K)
[140.983s][info][gc,metaspace   ] GC(394) Metaspace: 23746K(24832K)->23746K(24832K) NonClass: 20818K(21504K)->20818K(21504K) Class: 2927K(3328K)->2927K(3328K)
[140.983s][info][gc             ] GC(394) Pause Young (Allocation Failure) 332M->56M(991M) 15.806ms
[140.983s][info][gc,cpu         ] GC(394) User=0.02s Sys=0.00s Real=0.02s
[141.040s][info][gc,start       ] GC(395) Pause Young (Allocation Failure)
[141.041s][info][gc,heap        ] GC(395) PSYoungGen: 282624K->0K(318976K)
[141.041s][info][gc,heap        ] GC(395) ParOldGen: 57909K->57909K(699392K)
[141.041s][info][gc,metaspace   ] GC(395) Metaspace: 23746K(24832K)->23746K(24832K) NonClass: 20818K(21504K)->20818K(21504K) Class: 2927K(3328K)->2927K(3328K)
[141.041s][info][gc             ] GC(395) Pause Young (Allocation Failure) 332M->56M(994M) 0.715ms
[141.041s][info][gc,cpu         ] GC(395) User=0.00s Sys=0.00s Real=0.00s
[141.099s][info][gc,start       ] GC(396) Pause Young (Allocation Failure)
[141.099s][info][gc,heap        ] GC(396) PSYoungGen: 287232K->0K(317440K)
[141.099s][info][gc,heap        ] GC(396) ParOldGen: 57909K->57909K(699392K)
[141.099s][info][gc,metaspace   ] GC(396) Metaspace: 23746K(24832K)->23746K(24832K) NonClass: 20818K(21504K)->20818K(21504K) Class: 2927K(3328K)->2927K(3328K)
[141.099s][info][gc             ] GC(396) Pause Young (Allocation Failure) 337M->56M(993M) 0.668ms
[141.099s][info][gc,cpu         ] GC(396) User=0.00s Sys=0.00s Real=0.00s
[141.157s][info][gc,start       ] GC(397) Pause Young (Allocation Failure)
[141.158s][info][gc,heap        ] GC(397) PSYoungGen: 287232K->0K(322048K)
[141.158s][info][gc,heap        ] GC(397) ParOldGen: 57909K->57909K(699392K)
[141.158s][info][gc,metaspace   ] GC(397) Metaspace: 23746K(24832K)->23746K(24832K) NonClass: 20818K(21504K)->20818K(21504K) Class: 2927K(3328K)->2927K(3328K)
[141.158s][info][gc             ] GC(397) Pause Young (Allocation Failure) 337M->56M(997M) 0.695ms
[141.158s][info][gc,cpu         ] GC(397) User=0.00s Sys=0.00s Real=0.00s
[141.192s][info][gc,start       ] GC(398) Pause Young (System.gc())
[141.193s][info][gc,heap        ] GC(398) PSYoungGen: 93871K->678K(320512K)
[141.193s][info][gc,heap        ] GC(398) ParOldGen: 57909K->57909K(699392K)
[141.193s][info][gc,metaspace   ] GC(398) Metaspace: 23746K(24832K)->23746K(24832K) NonClass: 20818K(21504K)->20818K(21504K) Class: 2927K(3328K)->2927K(3328K)
[141.193s][info][gc             ] GC(398) Pause Young (System.gc()) 148M->57M(996M) 0.980ms
[141.193s][info][gc,cpu         ] GC(398) User=0.00s Sys=0.00s Real=0.00s
[141.193s][info][gc,start       ] GC(399) Pause Full (System.gc())
[141.193s][info][gc,phases,start] GC(399) Marking Phase
[141.198s][info][gc,phases      ] GC(399) Marking Phase 4.587ms
[141.198s][info][gc,phases,start] GC(399) Summary Phase
[141.198s][info][gc,phases      ] GC(399) Summary Phase 0.009ms
[141.198s][info][gc,phases,start] GC(399) Adjust Roots
[141.200s][info][gc,phases      ] GC(399) Adjust Roots 2.506ms
[141.200s][info][gc,phases,start] GC(399) Compaction Phase
[141.203s][info][gc,phases      ] GC(399) Compaction Phase 2.171ms
[141.203s][info][gc,phases,start] GC(399) Post Compact
[141.203s][info][gc,phases      ] GC(399) Post Compact 0.335ms
[141.203s][info][gc,heap        ] GC(399) PSYoungGen: 678K->0K(320512K)
[141.203s][info][gc,heap        ] GC(399) ParOldGen: 57909K->4983K(699392K)
[141.203s][info][gc,metaspace   ] GC(399) Metaspace: 23746K(24832K)->23746K(24832K) NonClass: 20818K(21504K)->20818K(21504K) Class: 2927K(3328K)->2927K(3328K)
[141.203s][info][gc             ] GC(399) Pause Full (System.gc()) 57M->4M(996M) 9.855ms
[141.203s][info][gc,cpu         ] GC(399) User=0.00s Sys=0.00s Real=0.00s
[142.960s][info][gc,start       ] GC(400) Pause Young (Allocation Failure)
[142.971s][info][gc,heap        ] GC(400) PSYoungGen: 293376K->25589K(311296K)
[142.971s][info][gc,heap        ] GC(400) ParOldGen: 4983K->5487K(699392K)
[142.971s][info][gc,metaspace   ] GC(400) Metaspace: 23746K(24832K)->23746K(24832K) NonClass: 20818K(21504K)->20818K(21504K) Class: 2927K(3328K)->2927K(3328K)
[142.971s][info][gc             ] GC(400) Pause Young (Allocation Failure) 291M->30M(987M) 11.233ms
[142.971s][info][gc,cpu         ] GC(400) User=0.00s Sys=0.00s Real=0.01s
[143.029s][info][gc,start       ] GC(401) Pause Young (Allocation Failure)
[143.046s][info][gc,heap        ] GC(401) PSYoungGen: 311285K->0K(317440K)
[143.046s][info][gc,heap        ] GC(401) ParOldGen: 5487K->31167K(699392K)
[143.046s][info][gc,metaspace   ] GC(401) Metaspace: 23746K(24832K)->23746K(24832K) NonClass: 20818K(21504K)->20818K(21504K) Class: 2927K(3328K)->2927K(3328K)
[143.046s][info][gc             ] GC(401) Pause Young (Allocation Failure) 309M->30M(993M) 16.415ms
[143.046s][info][gc,cpu         ] GC(401) User=0.08s Sys=0.00s Real=0.02s
[143.103s][info][gc,start       ] GC(402) Pause Young (Allocation Failure)
[143.104s][info][gc,heap        ] GC(402) PSYoungGen: 285696K->0K(320512K)
[143.104s][info][gc,heap        ] GC(402) ParOldGen: 31167K->31167K(699392K)
[143.104s][info][gc,metaspace   ] GC(402) Metaspace: 23746K(24832K)->23746K(24832K) NonClass: 20818K(21504K)->20818K(21504K) Class: 2927K(3328K)->2927K(3328K)
[143.104s][info][gc             ] GC(402) Pause Young (Allocation Failure) 309M->30M(996M) 0.889ms
[143.104s][info][gc,cpu         ] GC(402) User=0.00s Sys=0.00s Real=0.02s
[143.163s][info][gc,start       ] GC(403) Pause Young (Allocation Failure)
[143.163s][info][gc,heap        ] GC(403) PSYoungGen: 290304K->0K(318976K)
[143.163s][info][gc,heap        ] GC(403) ParOldGen: 31167K->31167K(699392K)
[143.163s][info][gc,metaspace   ] GC(403) Metaspace: 23746K(24832K)->23746K(24832K) NonClass: 20818K(21504K)->20818K(21504K) Class: 2927K(3328K)->2927K(3328K)
[143.163s][info][gc             ] GC(403) Pause Young (Allocation Failure) 313M->30M(994M) 0.630ms
[143.163s][info][gc,cpu         ] GC(403) User=0.00s Sys=0.00s Real=0.00s
[144.936s][info][gc,start       ] GC(404) Pause Young (Allocation Failure)
[144.948s][info][gc,heap        ] GC(404) PSYoungGen: 290304K->26765K(309760K)
[144.948s][info][gc,heap        ] GC(404) ParOldGen: 31167K->31167K(699392K)
[144.948s][info][gc,metaspace   ] GC(404) Metaspace: 23746K(24832K)->23746K(24832K) NonClass: 20818K(21504K)->20818K(21504K) Class: 2927K(3328K)->2927K(3328K)
[144.948s][info][gc             ] GC(404) Pause Young (Allocation Failure) 313M->56M(985M) 11.972ms
[144.948s][info][gc,cpu         ] GC(404) User=0.02s Sys=0.00s Real=0.02s
[145.006s][info][gc,start       ] GC(405) Pause Young (Allocation Failure)
[145.021s][info][gc,heap        ] GC(405) PSYoungGen: 309389K->0K(315904K)
[145.021s][info][gc,heap        ] GC(405) ParOldGen: 31167K->57917K(699392K)
[145.021s][info][gc,metaspace   ] GC(405) Metaspace: 23746K(24832K)->23746K(24832K) NonClass: 20818K(21504K)->20818K(21504K) Class: 2927K(3328K)->2927K(3328K)
[145.021s][info][gc             ] GC(405) Pause Young (Allocation Failure) 332M->56M(991M) 14.982ms
[145.021s][info][gc,cpu         ] GC(405) User=0.02s Sys=0.00s Real=0.02s
[145.078s][info][gc,start       ] GC(406) Pause Young (Allocation Failure)
[145.079s][info][gc,heap        ] GC(406) PSYoungGen: 282624K->0K(318976K)
[145.079s][info][gc,heap        ] GC(406) ParOldGen: 57917K->57917K(699392K)
[145.079s][info][gc,metaspace   ] GC(406) Metaspace: 23746K(24832K)->23746K(24832K) NonClass: 20818K(21504K)->20818K(21504K) Class: 2927K(3328K)->2927K(3328K)
[145.079s][info][gc             ] GC(406) Pause Young (Allocation Failure) 332M->56M(994M) 0.920ms
[145.079s][info][gc,cpu         ] GC(406) User=0.00s Sys=0.00s Real=0.00s
[145.137s][info][gc,start       ] GC(407) Pause Young (Allocation Failure)
[145.138s][info][gc,heap        ] GC(407) PSYoungGen: 287232K->0K(317440K)
[145.138s][info][gc,heap        ] GC(407) ParOldGen: 57917K->57917K(699392K)
[145.138s][info][gc,metaspace   ] GC(407) Metaspace: 23746K(24832K)->23746K(24832K) NonClass: 20818K(21504K)->20818K(21504K) Class: 2927K(3328K)->2927K(3328K)
[145.138s][info][gc             ] GC(407) Pause Young (Allocation Failure) 337M->56M(993M) 0.717ms
[145.138s][info][gc,cpu         ] GC(407) User=0.00s Sys=0.00s Real=0.00s
[145.196s][info][gc,start       ] GC(408) Pause Young (Allocation Failure)
[145.196s][info][gc,heap        ] GC(408) PSYoungGen: 287232K->0K(322048K)
[145.196s][info][gc,heap        ] GC(408) ParOldGen: 57917K->57917K(699392K)
[145.196s][info][gc,metaspace   ] GC(408) Metaspace: 23746K(24832K)->23746K(24832K) NonClass: 20818K(21504K)->20818K(21504K) Class: 2927K(3328K)->2927K(3328K)
[145.196s][info][gc             ] GC(408) Pause Young (Allocation Failure) 337M->56M(997M) 0.698ms
[145.196s][info][gc,cpu         ] GC(408) User=0.00s Sys=0.00s Real=0.00s
[145.231s][info][gc,start       ] GC(409) Pause Young (System.gc())
[145.232s][info][gc,heap        ] GC(409) PSYoungGen: 93871K->646K(320512K)
[145.232s][info][gc,heap        ] GC(409) ParOldGen: 57917K->57917K(699392K)
[145.232s][info][gc,metaspace   ] GC(409) Metaspace: 23746K(24832K)->23746K(24832K) NonClass: 20818K(21504K)->20818K(21504K) Class: 2927K(3328K)->2927K(3328K)
[145.232s][info][gc             ] GC(409) Pause Young (System.gc()) 148M->57M(996M) 0.992ms
[145.232s][info][gc,cpu         ] GC(409) User=0.00s Sys=0.00s Real=0.00s
[145.232s][info][gc,start       ] GC(410) Pause Full (System.gc())
[145.232s][info][gc,phases,start] GC(410) Marking Phase
[145.237s][info][gc,phases      ] GC(410) Marking Phase 4.736ms
[145.237s][info][gc,phases,start] GC(410) Summary Phase
[145.237s][info][gc,phases      ] GC(410) Summary Phase 0.011ms
[145.237s][info][gc,phases,start] GC(410) Adjust Roots
[145.239s][info][gc,phases      ] GC(410) Adjust Roots 2.564ms
[145.240s][info][gc,phases,start] GC(410) Compaction Phase
[145.241s][info][gc,phases      ] GC(410) Compaction Phase 1.871ms
[145.241s][info][gc,phases,start] GC(410) Post Compact
[145.242s][info][gc,phases      ] GC(410) Post Compact 0.318ms
[145.242s][info][gc,heap        ] GC(410) PSYoungGen: 646K->0K(320512K)
[145.242s][info][gc,heap        ] GC(410) ParOldGen: 57917K->4983K(699392K)
[145.242s][info][gc,metaspace   ] GC(410) Metaspace: 23746K(24832K)->23746K(24832K) NonClass: 20818K(21504K)->20818K(21504K) Class: 2927K(3328K)->2927K(3328K)
[145.242s][info][gc             ] GC(410) Pause Full (System.gc()) 57M->4M(996M) 9.771ms
[145.242s][info][gc,cpu         ] GC(410) User=0.00s Sys=0.00s Real=0.02s
[146.999s][info][gc,start       ] GC(411) Pause Young (Allocation Failure)
[147.010s][info][gc,heap        ] GC(411) PSYoungGen: 293376K->25589K(311296K)
[147.010s][info][gc,heap        ] GC(411) ParOldGen: 4983K->5487K(699392K)
[147.010s][info][gc,metaspace   ] GC(411) Metaspace: 23756K(24832K)->23756K(24832K) NonClass: 20828K(21504K)->20828K(21504K) Class: 2927K(3328K)->2927K(3328K)
[147.010s][info][gc             ] GC(411) Pause Young (Allocation Failure) 291M->30M(987M) 11.151ms
[147.010s][info][gc,cpu         ] GC(411) User=0.00s Sys=0.00s Real=0.00s
[147.069s][info][gc,start       ] GC(412) Pause Young (Allocation Failure)
[147.085s][info][gc,heap        ] GC(412) PSYoungGen: 311285K->0K(317440K)
[147.085s][info][gc,heap        ] GC(412) ParOldGen: 5487K->31167K(699392K)
[147.085s][info][gc,metaspace   ] GC(412) Metaspace: 23756K(24832K)->23756K(24832K) NonClass: 20828K(21504K)->20828K(21504K) Class: 2927K(3328K)->2927K(3328K)
[147.085s][info][gc             ] GC(412) Pause Young (Allocation Failure) 309M->30M(993M) 16.180ms
[147.085s][info][gc,cpu         ] GC(412) User=0.00s Sys=0.00s Real=0.01s
[147.143s][info][gc,start       ] GC(413) Pause Young (Allocation Failure)
[147.143s][info][gc,heap        ] GC(413) PSYoungGen: 285696K->0K(320512K)
[147.143s][info][gc,heap        ] GC(413) ParOldGen: 31167K->31167K(699392K)
[147.143s][info][gc,metaspace   ] GC(413) Metaspace: 23756K(24832K)->23756K(24832K) NonClass: 20828K(21504K)->20828K(21504K) Class: 2927K(3328K)->2927K(3328K)
[147.143s][info][gc             ] GC(413) Pause Young (Allocation Failure) 309M->30M(996M) 0.479ms
[147.143s][info][gc,cpu         ] GC(413) User=0.00s Sys=0.00s Real=0.00s
[147.202s][info][gc,start       ] GC(414) Pause Young (Allocation Failure)
[147.203s][info][gc,heap        ] GC(414) PSYoungGen: 290304K->0K(318976K)
[147.203s][info][gc,heap        ] GC(414) ParOldGen: 31167K->31167K(699392K)
[147.203s][info][gc,metaspace   ] GC(414) Metaspace: 23756K(24832K)->23756K(24832K) NonClass: 20828K(21504K)->20828K(21504K) Class: 2927K(3328K)->2927K(3328K)
[147.203s][info][gc             ] GC(414) Pause Young (Allocation Failure) 313M->30M(994M) 0.507ms
[147.203s][info][gc,cpu         ] GC(414) User=0.00s Sys=0.00s Real=0.00s
[148.974s][info][gc,start       ] GC(415) Pause Young (Allocation Failure)
[148.985s][info][gc,heap        ] GC(415) PSYoungGen: 290304K->26683K(309760K)
[148.985s][info][gc,heap        ] GC(415) ParOldGen: 31167K->31167K(699392K)
[148.985s][info][gc,metaspace   ] GC(415) Metaspace: 23756K(24832K)->23756K(24832K) NonClass: 20828K(21504K)->20828K(21504K) Class: 2927K(3328K)->2927K(3328K)
[148.985s][info][gc             ] GC(415) Pause Young (Allocation Failure) 313M->56M(985M) 11.548ms
[148.985s][info][gc,cpu         ] GC(415) User=0.00s Sys=0.00s Real=0.01s
[149.043s][info][gc,start       ] GC(416) Pause Young (Allocation Failure)
[149.059s][info][gc,heap        ] GC(416) PSYoungGen: 309307K->0K(315904K)
[149.059s][info][gc,heap        ] GC(416) ParOldGen: 31167K->57885K(699392K)
[149.059s][info][gc,metaspace   ] GC(416) Metaspace: 23756K(24832K)->23756K(24832K) NonClass: 20828K(21504K)->20828K(21504K) Class: 2927K(3328K)->2927K(3328K)
[149.059s][info][gc             ] GC(416) Pause Young (Allocation Failure) 332M->56M(991M) 15.790ms
[149.059s][info][gc,cpu         ] GC(416) User=0.02s Sys=0.00s Real=0.02s
[149.116s][info][gc,start       ] GC(417) Pause Young (Allocation Failure)
[149.117s][info][gc,heap        ] GC(417) PSYoungGen: 282624K->0K(318976K)
[149.117s][info][gc,heap        ] GC(417) ParOldGen: 57885K->57885K(699392K)
[149.117s][info][gc,metaspace   ] GC(417) Metaspace: 23756K(24832K)->23756K(24832K) NonClass: 20828K(21504K)->20828K(21504K) Class: 2927K(3328K)->2927K(3328K)
[149.117s][info][gc             ] GC(417) Pause Young (Allocation Failure) 332M->56M(994M) 0.756ms
[149.117s][info][gc,cpu         ] GC(417) User=0.00s Sys=0.00s Real=0.00s
[149.175s][info][gc,start       ] GC(418) Pause Young (Allocation Failure)
[149.175s][info][gc,heap        ] GC(418) PSYoungGen: 287232K->0K(317440K)
[149.175s][info][gc,heap        ] GC(418) ParOldGen: 57885K->57885K(699392K)
[149.175s][info][gc,metaspace   ] GC(418) Metaspace: 23756K(24832K)->23756K(24832K) NonClass: 20828K(21504K)->20828K(21504K) Class: 2927K(3328K)->2927K(3328K)
[149.175s][info][gc             ] GC(418) Pause Young (Allocation Failure) 337M->56M(993M) 0.594ms
[149.175s][info][gc,cpu         ] GC(418) User=0.00s Sys=0.00s Real=0.00s
[149.233s][info][gc,start       ] GC(419) Pause Young (Allocation Failure)
[149.234s][info][gc,heap        ] GC(419) PSYoungGen: 287232K->0K(322048K)
[149.234s][info][gc,heap        ] GC(419) ParOldGen: 57885K->57885K(699392K)
[149.234s][info][gc,metaspace   ] GC(419) Metaspace: 23756K(24832K)->23756K(24832K) NonClass: 20828K(21504K)->20828K(21504K) Class: 2927K(3328K)->2927K(3328K)
[149.234s][info][gc             ] GC(419) Pause Young (Allocation Failure) 337M->56M(997M) 0.981ms
[149.234s][info][gc,cpu         ] GC(419) User=0.00s Sys=0.00s Real=0.00s
[149.268s][info][gc,start       ] GC(420) Pause Young (System.gc())
[149.270s][info][gc,heap        ] GC(420) PSYoungGen: 93871K->678K(320512K)
[149.270s][info][gc,heap        ] GC(420) ParOldGen: 57885K->57885K(699392K)
[149.270s][info][gc,metaspace   ] GC(420) Metaspace: 23757K(24832K)->23757K(24832K) NonClass: 20829K(21504K)->20829K(21504K) Class: 2927K(3328K)->2927K(3328K)
[149.270s][info][gc             ] GC(420) Pause Young (System.gc()) 148M->57M(996M) 1.094ms
[149.270s][info][gc,cpu         ] GC(420) User=0.00s Sys=0.00s Real=0.00s
[149.270s][info][gc,start       ] GC(421) Pause Full (System.gc())
[149.270s][info][gc,phases,start] GC(421) Marking Phase
[149.274s][info][gc,phases      ] GC(421) Marking Phase 4.675ms
[149.274s][info][gc,phases,start] GC(421) Summary Phase
[149.274s][info][gc,phases      ] GC(421) Summary Phase 0.009ms
[149.274s][info][gc,phases,start] GC(421) Adjust Roots
[149.277s][info][gc,phases      ] GC(421) Adjust Roots 2.497ms
[149.277s][info][gc,phases,start] GC(421) Compaction Phase
[149.279s][info][gc,phases      ] GC(421) Compaction Phase 2.091ms
[149.279s][info][gc,phases,start] GC(421) Post Compact
[149.279s][info][gc,phases      ] GC(421) Post Compact 0.376ms
[149.279s][info][gc,heap        ] GC(421) PSYoungGen: 678K->0K(320512K)
[149.279s][info][gc,heap        ] GC(421) ParOldGen: 57885K->4983K(699392K)
[149.279s][info][gc,metaspace   ] GC(421) Metaspace: 23757K(24832K)->23757K(24832K) NonClass: 20829K(21504K)->20829K(21504K) Class: 2927K(3328K)->2927K(3328K)
[149.279s][info][gc             ] GC(421) Pause Full (System.gc()) 57M->4M(996M) 9.885ms
[149.280s][info][gc,cpu         ] GC(421) User=0.02s Sys=0.00s Real=0.02s
[151.042s][info][gc,start       ] GC(422) Pause Young (Allocation Failure)
[151.053s][info][gc,heap        ] GC(422) PSYoungGen: 293376K->25589K(311296K)
[151.053s][info][gc,heap        ] GC(422) ParOldGen: 4983K->5479K(699392K)
[151.053s][info][gc,metaspace   ] GC(422) Metaspace: 23759K(24832K)->23759K(24832K) NonClass: 20831K(21504K)->20831K(21504K) Class: 2927K(3328K)->2927K(3328K)
[151.053s][info][gc             ] GC(422) Pause Young (Allocation Failure) 291M->30M(987M) 11.801ms
[151.053s][info][gc,cpu         ] GC(422) User=0.02s Sys=0.00s Real=0.02s
[151.112s][info][gc,start       ] GC(423) Pause Young (Allocation Failure)
[151.128s][info][gc,heap        ] GC(423) PSYoungGen: 311285K->0K(317440K)
[151.128s][info][gc,heap        ] GC(423) ParOldGen: 5479K->31159K(699392K)
[151.128s][info][gc,metaspace   ] GC(423) Metaspace: 23759K(24832K)->23759K(24832K) NonClass: 20831K(21504K)->20831K(21504K) Class: 2927K(3328K)->2927K(3328K)
[151.128s][info][gc             ] GC(423) Pause Young (Allocation Failure) 309M->30M(993M) 16.253ms
[151.128s][info][gc,cpu         ] GC(423) User=0.05s Sys=0.00s Real=0.02s
[151.186s][info][gc,start       ] GC(424) Pause Young (Allocation Failure)
[151.186s][info][gc,heap        ] GC(424) PSYoungGen: 285696K->0K(320512K)
[151.186s][info][gc,heap        ] GC(424) ParOldGen: 31159K->31159K(699392K)
[151.186s][info][gc,metaspace   ] GC(424) Metaspace: 23759K(24832K)->23759K(24832K) NonClass: 20831K(21504K)->20831K(21504K) Class: 2927K(3328K)->2927K(3328K)
[151.186s][info][gc             ] GC(424) Pause Young (Allocation Failure) 309M->30M(996M) 0.618ms
[151.186s][info][gc,cpu         ] GC(424) User=0.00s Sys=0.00s Real=0.00s
[151.245s][info][gc,start       ] GC(425) Pause Young (Allocation Failure)
[151.246s][info][gc,heap        ] GC(425) PSYoungGen: 290304K->0K(318976K)
[151.246s][info][gc,heap        ] GC(425) ParOldGen: 31159K->31159K(699392K)
[151.246s][info][gc,metaspace   ] GC(425) Metaspace: 23759K(24832K)->23759K(24832K) NonClass: 20831K(21504K)->20831K(21504K) Class: 2927K(3328K)->2927K(3328K)
[151.246s][info][gc             ] GC(425) Pause Young (Allocation Failure) 313M->30M(994M) 0.897ms
[151.246s][info][gc,cpu         ] GC(425) User=0.00s Sys=0.00s Real=0.00s
[153.023s][info][gc,start       ] GC(426) Pause Young (Allocation Failure)
[153.035s][info][gc,heap        ] GC(426) PSYoungGen: 290304K->26733K(309760K)
[153.035s][info][gc,heap        ] GC(426) ParOldGen: 31159K->31159K(699392K)
[153.035s][info][gc,metaspace   ] GC(426) Metaspace: 23759K(24832K)->23759K(24832K) NonClass: 20831K(21504K)->20831K(21504K) Class: 2927K(3328K)->2927K(3328K)
[153.035s][info][gc             ] GC(426) Pause Young (Allocation Failure) 313M->56M(985M) 11.795ms
[153.035s][info][gc,cpu         ] GC(426) User=0.02s Sys=0.00s Real=0.02s
[153.092s][info][gc,start       ] GC(427) Pause Young (Allocation Failure)
[153.108s][info][gc,heap        ] GC(427) PSYoungGen: 309357K->0K(315904K)
[153.108s][info][gc,heap        ] GC(427) ParOldGen: 31159K->57893K(699392K)
[153.108s][info][gc,metaspace   ] GC(427) Metaspace: 23759K(24832K)->23759K(24832K) NonClass: 20831K(21504K)->20831K(21504K) Class: 2927K(3328K)->2927K(3328K)
[153.108s][info][gc             ] GC(427) Pause Young (Allocation Failure) 332M->56M(991M) 15.877ms
[153.108s][info][gc,cpu         ] GC(427) User=0.02s Sys=0.00s Real=0.02s
[153.165s][info][gc,start       ] GC(428) Pause Young (Allocation Failure)
[153.166s][info][gc,heap        ] GC(428) PSYoungGen: 282624K->0K(318976K)
[153.166s][info][gc,heap        ] GC(428) ParOldGen: 57893K->57893K(699392K)
[153.166s][info][gc,metaspace   ] GC(428) Metaspace: 23759K(24832K)->23759K(24832K) NonClass: 20831K(21504K)->20831K(21504K) Class: 2927K(3328K)->2927K(3328K)
[153.166s][info][gc             ] GC(428) Pause Young (Allocation Failure) 332M->56M(994M) 0.875ms
[153.166s][info][gc,cpu         ] GC(428) User=0.00s Sys=0.00s Real=0.00s
[153.224s][info][gc,start       ] GC(429) Pause Young (Allocation Failure)
[153.225s][info][gc,heap        ] GC(429) PSYoungGen: 287232K->0K(317440K)
[153.225s][info][gc,heap        ] GC(429) ParOldGen: 57893K->57893K(699392K)
[153.225s][info][gc,metaspace   ] GC(429) Metaspace: 23759K(24832K)->23759K(24832K) NonClass: 20831K(21504K)->20831K(21504K) Class: 2927K(3328K)->2927K(3328K)
[153.225s][info][gc             ] GC(429) Pause Young (Allocation Failure) 337M->56M(993M) 0.637ms
[153.225s][info][gc,cpu         ] GC(429) User=0.00s Sys=0.00s Real=0.00s
[153.283s][info][gc,start       ] GC(430) Pause Young (Allocation Failure)
[153.283s][info][gc,heap        ] GC(430) PSYoungGen: 287232K->0K(322048K)
[153.283s][info][gc,heap        ] GC(430) ParOldGen: 57893K->57893K(699392K)
[153.283s][info][gc,metaspace   ] GC(430) Metaspace: 23759K(24832K)->23759K(24832K) NonClass: 20831K(21504K)->20831K(21504K) Class: 2927K(3328K)->2927K(3328K)
[153.283s][info][gc             ] GC(430) Pause Young (Allocation Failure) 337M->56M(997M) 0.606ms
[153.283s][info][gc,cpu         ] GC(430) User=0.00s Sys=0.00s Real=0.00s
[153.318s][info][gc,start       ] GC(431) Pause Young (System.gc())
[153.319s][info][gc,heap        ] GC(431) PSYoungGen: 93871K->646K(320512K)
[153.319s][info][gc,heap        ] GC(431) ParOldGen: 57893K->57893K(699392K)
[153.319s][info][gc,metaspace   ] GC(431) Metaspace: 23760K(24832K)->23760K(24832K) NonClass: 20832K(21504K)->20832K(21504K) Class: 2927K(3328K)->2927K(3328K)
[153.319s][info][gc             ] GC(431) Pause Young (System.gc()) 148M->57M(996M) 0.978ms
[153.319s][info][gc,cpu         ] GC(431) User=0.00s Sys=0.00s Real=0.00s
[153.319s][info][gc,start       ] GC(432) Pause Full (System.gc())
[153.319s][info][gc,phases,start] GC(432) Marking Phase
[153.324s][info][gc,phases      ] GC(432) Marking Phase 4.823ms
[153.324s][info][gc,phases,start] GC(432) Summary Phase
[153.324s][info][gc,phases      ] GC(432) Summary Phase 0.010ms
[153.324s][info][gc,phases,start] GC(432) Adjust Roots
[153.327s][info][gc,phases      ] GC(432) Adjust Roots 2.432ms
[153.327s][info][gc,phases,start] GC(432) Compaction Phase
[153.330s][info][gc,phases      ] GC(432) Compaction Phase 2.982ms
[153.330s][info][gc,phases,start] GC(432) Post Compact
[153.330s][info][gc,phases      ] GC(432) Post Compact 0.321ms
[153.330s][info][gc,heap        ] GC(432) PSYoungGen: 646K->0K(320512K)
[153.330s][info][gc,heap        ] GC(432) ParOldGen: 57893K->4983K(699392K)
[153.330s][info][gc,metaspace   ] GC(432) Metaspace: 23760K(24832K)->23760K(24832K) NonClass: 20832K(21504K)->20832K(21504K) Class: 2927K(3328K)->2927K(3328K)
[153.330s][info][gc             ] GC(432) Pause Full (System.gc()) 57M->4M(996M) 10.809ms
[153.330s][info][gc,cpu         ] GC(432) User=0.00s Sys=0.00s Real=0.01s
[155.090s][info][gc,start       ] GC(433) Pause Young (Allocation Failure)
[155.102s][info][gc,heap        ] GC(433) PSYoungGen: 293376K->25589K(311296K)
[155.102s][info][gc,heap        ] GC(433) ParOldGen: 4983K->5495K(699392K)
[155.102s][info][gc,metaspace   ] GC(433) Metaspace: 23760K(24832K)->23760K(24832K) NonClass: 20833K(21504K)->20833K(21504K) Class: 2927K(3328K)->2927K(3328K)
[155.102s][info][gc             ] GC(433) Pause Young (Allocation Failure) 291M->30M(987M) 11.509ms
[155.102s][info][gc,cpu         ] GC(433) User=0.02s Sys=0.00s Real=0.02s
[155.160s][info][gc,start       ] GC(434) Pause Young (Allocation Failure)
[155.176s][info][gc,heap        ] GC(434) PSYoungGen: 311285K->0K(317440K)
[155.176s][info][gc,heap        ] GC(434) ParOldGen: 5495K->31175K(699392K)
[155.176s][info][gc,metaspace   ] GC(434) Metaspace: 23760K(24832K)->23760K(24832K) NonClass: 20833K(21504K)->20833K(21504K) Class: 2927K(3328K)->2927K(3328K)
[155.177s][info][gc             ] GC(434) Pause Young (Allocation Failure) 309M->30M(993M) 16.309ms
[155.177s][info][gc,cpu         ] GC(434) User=0.03s Sys=0.00s Real=0.03s
[155.234s][info][gc,start       ] GC(435) Pause Young (Allocation Failure)
[155.235s][info][gc,heap        ] GC(435) PSYoungGen: 285696K->0K(320512K)
[155.235s][info][gc,heap        ] GC(435) ParOldGen: 31175K->31175K(699392K)
[155.235s][info][gc,metaspace   ] GC(435) Metaspace: 23760K(24832K)->23760K(24832K) NonClass: 20833K(21504K)->20833K(21504K) Class: 2927K(3328K)->2927K(3328K)
[155.235s][info][gc             ] GC(435) Pause Young (Allocation Failure) 309M->30M(996M) 0.705ms
[155.235s][info][gc,cpu         ] GC(435) User=0.00s Sys=0.00s Real=0.00s
[155.294s][info][gc,start       ] GC(436) Pause Young (Allocation Failure)
[155.294s][info][gc,heap        ] GC(436) PSYoungGen: 290304K->0K(318976K)
[155.294s][info][gc,heap        ] GC(436) ParOldGen: 31175K->31175K(699392K)
[155.294s][info][gc,metaspace   ] GC(436) Metaspace: 23760K(24832K)->23760K(24832K) NonClass: 20833K(21504K)->20833K(21504K) Class: 2927K(3328K)->2927K(3328K)
[155.295s][info][gc             ] GC(436) Pause Young (Allocation Failure) 313M->30M(994M) 0.723ms
[155.295s][info][gc,cpu         ] GC(436) User=0.00s Sys=0.00s Real=0.00s
[157.068s][info][gc,start       ] GC(437) Pause Young (Allocation Failure)
[157.079s][info][gc,heap        ] GC(437) PSYoungGen: 290304K->26747K(309760K)
[157.079s][info][gc,heap        ] GC(437) ParOldGen: 31175K->31175K(699392K)
[157.079s][info][gc,metaspace   ] GC(437) Metaspace: 23760K(24832K)->23760K(24832K) NonClass: 20833K(21504K)->20833K(21504K) Class: 2927K(3328K)->2927K(3328K)
[157.079s][info][gc             ] GC(437) Pause Young (Allocation Failure) 313M->56M(985M) 11.705ms
[157.079s][info][gc,cpu         ] GC(437) User=0.02s Sys=0.00s Real=0.02s
[157.137s][info][gc,start       ] GC(438) Pause Young (Allocation Failure)
[157.153s][info][gc,heap        ] GC(438) PSYoungGen: 309371K->0K(315904K)
[157.153s][info][gc,heap        ] GC(438) ParOldGen: 31175K->57909K(699392K)
[157.153s][info][gc,metaspace   ] GC(438) Metaspace: 23760K(24832K)->23760K(24832K) NonClass: 20833K(21504K)->20833K(21504K) Class: 2927K(3328K)->2927K(3328K)
[157.153s][info][gc             ] GC(438) Pause Young (Allocation Failure) 332M->56M(991M) 16.092ms
[157.153s][info][gc,cpu         ] GC(438) User=0.00s Sys=0.00s Real=0.00s
[157.210s][info][gc,start       ] GC(439) Pause Young (Allocation Failure)
[157.211s][info][gc,heap        ] GC(439) PSYoungGen: 282624K->0K(318976K)
[157.211s][info][gc,heap        ] GC(439) ParOldGen: 57909K->57909K(699392K)
[157.211s][info][gc,metaspace   ] GC(439) Metaspace: 23760K(24832K)->23760K(24832K) NonClass: 20833K(21504K)->20833K(21504K) Class: 2927K(3328K)->2927K(3328K)
[157.211s][info][gc             ] GC(439) Pause Young (Allocation Failure) 332M->56M(994M) 0.615ms
[157.211s][info][gc,cpu         ] GC(439) User=0.00s Sys=0.00s Real=0.00s
[157.269s][info][gc,start       ] GC(440) Pause Young (Allocation Failure)
[157.270s][info][gc,heap        ] GC(440) PSYoungGen: 287232K->0K(317440K)
[157.270s][info][gc,heap        ] GC(440) ParOldGen: 57909K->57909K(699392K)
[157.270s][info][gc,metaspace   ] GC(440) Metaspace: 23760K(24832K)->23760K(24832K) NonClass: 20833K(21504K)->20833K(21504K) Class: 2927K(3328K)->2927K(3328K)
[157.270s][info][gc             ] GC(440) Pause Young (Allocation Failure) 337M->56M(993M) 0.835ms
[157.270s][info][gc,cpu         ] GC(440) User=0.00s Sys=0.00s Real=0.00s
[157.328s][info][gc,start       ] GC(441) Pause Young (Allocation Failure)
[157.328s][info][gc,heap        ] GC(441) PSYoungGen: 287232K->0K(322048K)
[157.328s][info][gc,heap        ] GC(441) ParOldGen: 57909K->57909K(699392K)
[157.328s][info][gc,metaspace   ] GC(441) Metaspace: 23760K(24832K)->23760K(24832K) NonClass: 20833K(21504K)->20833K(21504K) Class: 2927K(3328K)->2927K(3328K)
[157.328s][info][gc             ] GC(441) Pause Young (Allocation Failure) 337M->56M(997M) 0.739ms
[157.328s][info][gc,cpu         ] GC(441) User=0.00s Sys=0.00s Real=0.00s
[157.362s][info][gc,start       ] GC(442) Pause Young (System.gc())
[157.364s][info][gc,heap        ] GC(442) PSYoungGen: 93871K->646K(320512K)
[157.364s][info][gc,heap        ] GC(442) ParOldGen: 57909K->57909K(699392K)
[157.364s][info][gc,metaspace   ] GC(442) Metaspace: 23760K(24832K)->23760K(24832K) NonClass: 20833K(21504K)->20833K(21504K) Class: 2927K(3328K)->2927K(3328K)
[157.364s][info][gc             ] GC(442) Pause Young (System.gc()) 148M->57M(996M) 1.166ms
[157.364s][info][gc,cpu         ] GC(442) User=0.00s Sys=0.00s Real=0.00s
[157.364s][info][gc,start       ] GC(443) Pause Full (System.gc())
[157.364s][info][gc,phases,start] GC(443) Marking Phase
[157.368s][info][gc,phases      ] GC(443) Marking Phase 4.649ms
[157.368s][info][gc,phases,start] GC(443) Summary Phase
[157.368s][info][gc,phases      ] GC(443) Summary Phase 0.010ms
[157.368s][info][gc,phases,start] GC(443) Adjust Roots
[157.371s][info][gc,phases      ] GC(443) Adjust Roots 2.610ms
[157.371s][info][gc,phases,start] GC(443) Compaction Phase
[157.373s][info][gc,phases      ] GC(443) Compaction Phase 2.063ms
[157.373s][info][gc,phases,start] GC(443) Post Compact
[157.373s][info][gc,phases      ] GC(443) Post Compact 0.341ms
[157.374s][info][gc,heap        ] GC(443) PSYoungGen: 646K->0K(320512K)
[157.374s][info][gc,heap        ] GC(443) ParOldGen: 57909K->4984K(699392K)
[157.374s][info][gc,metaspace   ] GC(443) Metaspace: 23760K(24832K)->23760K(24832K) NonClass: 20833K(21504K)->20833K(21504K) Class: 2927K(3328K)->2927K(3328K)
[157.374s][info][gc             ] GC(443) Pause Full (System.gc()) 57M->4M(996M) 9.968ms
[157.374s][info][gc,cpu         ] GC(443) User=0.00s Sys=0.00s Real=0.00s
[159.134s][info][gc,start       ] GC(444) Pause Young (Allocation Failure)
[159.145s][info][gc,heap        ] GC(444) PSYoungGen: 293376K->25589K(311296K)
[159.146s][info][gc,heap        ] GC(444) ParOldGen: 4984K->5504K(699392K)
[159.146s][info][gc,metaspace   ] GC(444) Metaspace: 23760K(24832K)->23760K(24832K) NonClass: 20833K(21504K)->20833K(21504K) Class: 2927K(3328K)->2927K(3328K)
[159.146s][info][gc             ] GC(444) Pause Young (Allocation Failure) 291M->30M(987M) 11.518ms
[159.146s][info][gc,cpu         ] GC(444) User=0.00s Sys=0.00s Real=0.00s
[159.204s][info][gc,start       ] GC(445) Pause Young (Allocation Failure)
[159.221s][info][gc,heap        ] GC(445) PSYoungGen: 311285K->0K(317440K)
[159.221s][info][gc,heap        ] GC(445) ParOldGen: 5504K->31183K(699392K)
[159.221s][info][gc,metaspace   ] GC(445) Metaspace: 23760K(24832K)->23760K(24832K) NonClass: 20833K(21504K)->20833K(21504K) Class: 2927K(3328K)->2927K(3328K)
[159.221s][info][gc             ] GC(445) Pause Young (Allocation Failure) 309M->30M(993M) 16.783ms
[159.221s][info][gc,cpu         ] GC(445) User=0.05s Sys=0.00s Real=0.02s
[159.278s][info][gc,start       ] GC(446) Pause Young (Allocation Failure)
[159.279s][info][gc,heap        ] GC(446) PSYoungGen: 285696K->0K(320512K)
[159.279s][info][gc,heap        ] GC(446) ParOldGen: 31183K->31183K(699392K)
[159.279s][info][gc,metaspace   ] GC(446) Metaspace: 23760K(24832K)->23760K(24832K) NonClass: 20833K(21504K)->20833K(21504K) Class: 2927K(3328K)->2927K(3328K)
[159.279s][info][gc             ] GC(446) Pause Young (Allocation Failure) 309M->30M(996M) 0.719ms
[159.279s][info][gc,cpu         ] GC(446) User=0.00s Sys=0.00s Real=0.00s
[159.338s][info][gc,start       ] GC(447) Pause Young (Allocation Failure)
[159.339s][info][gc,heap        ] GC(447) PSYoungGen: 290304K->0K(318976K)
[159.339s][info][gc,heap        ] GC(447) ParOldGen: 31183K->31183K(699392K)
[159.339s][info][gc,metaspace   ] GC(447) Metaspace: 23760K(24832K)->23760K(24832K) NonClass: 20833K(21504K)->20833K(21504K) Class: 2927K(3328K)->2927K(3328K)
[159.339s][info][gc             ] GC(447) Pause Young (Allocation Failure) 313M->30M(994M) 0.971ms
[159.339s][info][gc,cpu         ] GC(447) User=0.00s Sys=0.00s Real=0.00s
[161.112s][info][gc,start       ] GC(448) Pause Young (Allocation Failure)
[161.123s][info][gc,heap        ] GC(448) PSYoungGen: 290304K->26765K(309760K)
[161.123s][info][gc,heap        ] GC(448) ParOldGen: 31183K->31183K(699392K)
[161.123s][info][gc,metaspace   ] GC(448) Metaspace: 23760K(24832K)->23760K(24832K) NonClass: 20833K(21504K)->20833K(21504K) Class: 2927K(3328K)->2927K(3328K)
[161.123s][info][gc             ] GC(448) Pause Young (Allocation Failure) 313M->56M(985M) 11.478ms
[161.123s][info][gc,cpu         ] GC(448) User=0.00s Sys=0.00s Real=0.00s
[161.181s][info][gc,start       ] GC(449) Pause Young (Allocation Failure)
[161.197s][info][gc,heap        ] GC(449) PSYoungGen: 309389K->0K(315904K)
[161.197s][info][gc,heap        ] GC(449) ParOldGen: 31183K->57909K(699392K)
[161.197s][info][gc,metaspace   ] GC(449) Metaspace: 23760K(24832K)->23760K(24832K) NonClass: 20833K(21504K)->20833K(21504K) Class: 2927K(3328K)->2927K(3328K)
[161.197s][info][gc             ] GC(449) Pause Young (Allocation Failure) 332M->56M(991M) 16.598ms
[161.197s][info][gc,cpu         ] GC(449) User=0.08s Sys=0.00s Real=0.02s
[161.254s][info][gc,start       ] GC(450) Pause Young (Allocation Failure)
[161.255s][info][gc,heap        ] GC(450) PSYoungGen: 282624K->0K(318976K)
[161.255s][info][gc,heap        ] GC(450) ParOldGen: 57909K->57909K(699392K)
[161.255s][info][gc,metaspace   ] GC(450) Metaspace: 23760K(24832K)->23760K(24832K) NonClass: 20833K(21504K)->20833K(21504K) Class: 2927K(3328K)->2927K(3328K)
[161.255s][info][gc             ] GC(450) Pause Young (Allocation Failure) 332M->56M(994M) 0.582ms
[161.255s][info][gc,cpu         ] GC(450) User=0.00s Sys=0.00s Real=0.00s
[161.313s][info][gc,start       ] GC(451) Pause Young (Allocation Failure)
[161.314s][info][gc,heap        ] GC(451) PSYoungGen: 287232K->0K(317440K)
[161.314s][info][gc,heap        ] GC(451) ParOldGen: 57909K->57909K(699392K)
[161.314s][info][gc,metaspace   ] GC(451) Metaspace: 23760K(24832K)->23760K(24832K) NonClass: 20833K(21504K)->20833K(21504K) Class: 2927K(3328K)->2927K(3328K)
[161.314s][info][gc             ] GC(451) Pause Young (Allocation Failure) 337M->56M(993M) 0.706ms
[161.314s][info][gc,cpu         ] GC(451) User=0.00s Sys=0.00s Real=0.01s
[161.372s][info][gc,start       ] GC(452) Pause Young (Allocation Failure)
[161.373s][info][gc,heap        ] GC(452) PSYoungGen: 287232K->0K(322048K)
[161.373s][info][gc,heap        ] GC(452) ParOldGen: 57909K->57909K(699392K)
[161.373s][info][gc,metaspace   ] GC(452) Metaspace: 23760K(24832K)->23760K(24832K) NonClass: 20833K(21504K)->20833K(21504K) Class: 2927K(3328K)->2927K(3328K)
[161.373s][info][gc             ] GC(452) Pause Young (Allocation Failure) 337M->56M(997M) 1.037ms
[161.373s][info][gc,cpu         ] GC(452) User=0.00s Sys=0.00s Real=0.00s
[161.407s][info][gc,start       ] GC(453) Pause Young (System.gc())
[161.408s][info][gc,heap        ] GC(453) PSYoungGen: 93871K->710K(320512K)
[161.408s][info][gc,heap        ] GC(453) ParOldGen: 57909K->57909K(699392K)
[161.408s][info][gc,metaspace   ] GC(453) Metaspace: 23760K(24832K)->23760K(24832K) NonClass: 20833K(21504K)->20833K(21504K) Class: 2927K(3328K)->2927K(3328K)
[161.408s][info][gc             ] GC(453) Pause Young (System.gc()) 148M->57M(996M) 1.171ms
[161.408s][info][gc,cpu         ] GC(453) User=0.00s Sys=0.00s Real=0.01s
[161.408s][info][gc,start       ] GC(454) Pause Full (System.gc())
[161.408s][info][gc,phases,start] GC(454) Marking Phase
[161.413s][info][gc,phases      ] GC(454) Marking Phase 4.688ms
[161.413s][info][gc,phases,start] GC(454) Summary Phase
[161.413s][info][gc,phases      ] GC(454) Summary Phase 0.009ms
[161.413s][info][gc,phases,start] GC(454) Adjust Roots
[161.415s][info][gc,phases      ] GC(454) Adjust Roots 2.633ms
[161.416s][info][gc,phases,start] GC(454) Compaction Phase
[161.418s][info][gc,phases      ] GC(454) Compaction Phase 2.192ms
[161.418s][info][gc,phases,start] GC(454) Post Compact
[161.418s][info][gc,phases      ] GC(454) Post Compact 0.292ms
[161.418s][info][gc,heap        ] GC(454) PSYoungGen: 710K->0K(320512K)
[161.418s][info][gc,heap        ] GC(454) ParOldGen: 57909K->4984K(699392K)
[161.418s][info][gc,metaspace   ] GC(454) Metaspace: 23760K(24832K)->23760K(24832K) NonClass: 20833K(21504K)->20833K(21504K) Class: 2927K(3328K)->2927K(3328K)
[161.418s][info][gc             ] GC(454) Pause Full (System.gc()) 57M->4M(996M) 10.062ms
[161.418s][info][gc,cpu         ] GC(454) User=0.00s Sys=0.00s Real=0.00s
[163.176s][info][gc,start       ] GC(455) Pause Young (Allocation Failure)
[163.187s][info][gc,heap        ] GC(455) PSYoungGen: 293376K->25589K(311296K)
[163.188s][info][gc,heap        ] GC(455) ParOldGen: 4984K->5504K(699392K)
[163.188s][info][gc,metaspace   ] GC(455) Metaspace: 23768K(24832K)->23768K(24832K) NonClass: 20840K(21504K)->20840K(21504K) Class: 2927K(3328K)->2927K(3328K)
[163.188s][info][gc             ] GC(455) Pause Young (Allocation Failure) 291M->30M(987M) 11.442ms
[163.188s][info][gc,cpu         ] GC(455) User=0.02s Sys=0.00s Real=0.02s
[163.246s][info][gc,start       ] GC(456) Pause Young (Allocation Failure)
[163.263s][info][gc,heap        ] GC(456) PSYoungGen: 311285K->0K(317440K)
[163.263s][info][gc,heap        ] GC(456) ParOldGen: 5504K->31183K(699392K)
[163.263s][info][gc,metaspace   ] GC(456) Metaspace: 23768K(24832K)->23768K(24832K) NonClass: 20840K(21504K)->20840K(21504K) Class: 2927K(3328K)->2927K(3328K)
[163.263s][info][gc             ] GC(456) Pause Young (Allocation Failure) 309M->30M(993M) 16.792ms
[163.263s][info][gc,cpu         ] GC(456) User=0.08s Sys=0.00s Real=0.02s
[163.321s][info][gc,start       ] GC(457) Pause Young (Allocation Failure)
[163.321s][info][gc,heap        ] GC(457) PSYoungGen: 285696K->0K(320512K)
[163.321s][info][gc,heap        ] GC(457) ParOldGen: 31183K->31183K(699392K)
[163.321s][info][gc,metaspace   ] GC(457) Metaspace: 23768K(24832K)->23768K(24832K) NonClass: 20840K(21504K)->20840K(21504K) Class: 2927K(3328K)->2927K(3328K)
[163.321s][info][gc             ] GC(457) Pause Young (Allocation Failure) 309M->30M(996M) 0.748ms
[163.321s][info][gc,cpu         ] GC(457) User=0.00s Sys=0.00s Real=0.00s
[163.380s][info][gc,start       ] GC(458) Pause Young (Allocation Failure)
[163.380s][info][gc,heap        ] GC(458) PSYoungGen: 290304K->0K(318976K)
[163.380s][info][gc,heap        ] GC(458) ParOldGen: 31183K->31183K(699392K)
[163.380s][info][gc,metaspace   ] GC(458) Metaspace: 23768K(24832K)->23768K(24832K) NonClass: 20840K(21504K)->20840K(21504K) Class: 2927K(3328K)->2927K(3328K)
[163.381s][info][gc             ] GC(458) Pause Young (Allocation Failure) 313M->30M(994M) 0.637ms
[163.381s][info][gc,cpu         ] GC(458) User=0.00s Sys=0.00s Real=0.00s
[165.152s][info][gc,start       ] GC(459) Pause Young (Allocation Failure)
[165.164s][info][gc,heap        ] GC(459) PSYoungGen: 290304K->26715K(309760K)
[165.164s][info][gc,heap        ] GC(459) ParOldGen: 31183K->31183K(699392K)
[165.164s][info][gc,metaspace   ] GC(459) Metaspace: 23769K(24832K)->23769K(24832K) NonClass: 20841K(21504K)->20841K(21504K) Class: 2927K(3328K)->2927K(3328K)
[165.164s][info][gc             ] GC(459) Pause Young (Allocation Failure) 313M->56M(985M) 11.622ms
[165.164s][info][gc,cpu         ] GC(459) User=0.02s Sys=0.00s Real=0.02s
[165.221s][info][gc,start       ] GC(460) Pause Young (Allocation Failure)
[165.237s][info][gc,heap        ] GC(460) PSYoungGen: 309339K->0K(315904K)
[165.237s][info][gc,heap        ] GC(460) ParOldGen: 31183K->57925K(699392K)
[165.237s][info][gc,metaspace   ] GC(460) Metaspace: 23769K(24832K)->23769K(24832K) NonClass: 20841K(21504K)->20841K(21504K) Class: 2927K(3328K)->2927K(3328K)
[165.237s][info][gc             ] GC(460) Pause Young (Allocation Failure) 332M->56M(991M) 15.987ms
[165.237s][info][gc,cpu         ] GC(460) User=0.02s Sys=0.00s Real=0.02s
[165.294s][info][gc,start       ] GC(461) Pause Young (Allocation Failure)
[165.295s][info][gc,heap        ] GC(461) PSYoungGen: 282624K->0K(318976K)
[165.295s][info][gc,heap        ] GC(461) ParOldGen: 57925K->57925K(699392K)
[165.295s][info][gc,metaspace   ] GC(461) Metaspace: 23769K(24832K)->23769K(24832K) NonClass: 20841K(21504K)->20841K(21504K) Class: 2927K(3328K)->2927K(3328K)
[165.295s][info][gc             ] GC(461) Pause Young (Allocation Failure) 332M->56M(994M) 0.881ms
[165.295s][info][gc,cpu         ] GC(461) User=0.00s Sys=0.00s Real=0.00s
[165.353s][info][gc,start       ] GC(462) Pause Young (Allocation Failure)
[165.354s][info][gc,heap        ] GC(462) PSYoungGen: 287232K->0K(317440K)
[165.354s][info][gc,heap        ] GC(462) ParOldGen: 57925K->57925K(699392K)
[165.354s][info][gc,metaspace   ] GC(462) Metaspace: 23769K(24832K)->23769K(24832K) NonClass: 20841K(21504K)->20841K(21504K) Class: 2927K(3328K)->2927K(3328K)
[165.354s][info][gc             ] GC(462) Pause Young (Allocation Failure) 337M->56M(993M) 0.880ms
[165.354s][info][gc,cpu         ] GC(462) User=0.00s Sys=0.00s Real=0.00s
[165.412s][info][gc,start       ] GC(463) Pause Young (Allocation Failure)
[165.413s][info][gc,heap        ] GC(463) PSYoungGen: 287232K->0K(322048K)
[165.413s][info][gc,heap        ] GC(463) ParOldGen: 57925K->57925K(699392K)
[165.413s][info][gc,metaspace   ] GC(463) Metaspace: 23769K(24832K)->23769K(24832K) NonClass: 20841K(21504K)->20841K(21504K) Class: 2927K(3328K)->2927K(3328K)
[165.413s][info][gc             ] GC(463) Pause Young (Allocation Failure) 337M->56M(997M) 0.876ms
[165.413s][info][gc,cpu         ] GC(463) User=0.00s Sys=0.00s Real=0.00s
[165.447s][info][gc,start       ] GC(464) Pause Young (System.gc())
[165.448s][info][gc,heap        ] GC(464) PSYoungGen: 93871K->646K(320512K)
[165.448s][info][gc,heap        ] GC(464) ParOldGen: 57925K->57925K(699392K)
[165.448s][info][gc,metaspace   ] GC(464) Metaspace: 23769K(24832K)->23769K(24832K) NonClass: 20841K(21504K)->20841K(21504K) Class: 2927K(3328K)->2927K(3328K)
[165.449s][info][gc             ] GC(464) Pause Young (System.gc()) 148M->57M(996M) 1.099ms
[165.449s][info][gc,cpu         ] GC(464) User=0.00s Sys=0.00s Real=0.00s
[165.449s][info][gc,start       ] GC(465) Pause Full (System.gc())
[165.449s][info][gc,phases,start] GC(465) Marking Phase
[165.453s][info][gc,phases      ] GC(465) Marking Phase 4.602ms
[165.453s][info][gc,phases,start] GC(465) Summary Phase
[165.453s][info][gc,phases      ] GC(465) Summary Phase 0.009ms
[165.453s][info][gc,phases,start] GC(465) Adjust Roots
[165.456s][info][gc,phases      ] GC(465) Adjust Roots 2.631ms
[165.456s][info][gc,phases,start] GC(465) Compaction Phase
[165.458s][info][gc,phases      ] GC(465) Compaction Phase 2.051ms
[165.458s][info][gc,phases,start] GC(465) Post Compact
[165.458s][info][gc,phases      ] GC(465) Post Compact 0.346ms
[165.458s][info][gc,heap        ] GC(465) PSYoungGen: 646K->0K(320512K)
[165.458s][info][gc,heap        ] GC(465) ParOldGen: 57925K->4984K(699392K)
[165.458s][info][gc,metaspace   ] GC(465) Metaspace: 23769K(24832K)->23769K(24832K) NonClass: 20841K(21504K)->20841K(21504K) Class: 2927K(3328K)->2927K(3328K)
[165.458s][info][gc             ] GC(465) Pause Full (System.gc()) 57M->4M(996M) 9.893ms
[165.459s][info][gc,cpu         ] GC(465) User=0.00s Sys=0.00s Real=0.01s
[167.221s][info][gc,start       ] GC(466) Pause Young (Allocation Failure)
[167.232s][info][gc,heap        ] GC(466) PSYoungGen: 293376K->25589K(311296K)
[167.232s][info][gc,heap        ] GC(466) ParOldGen: 4984K->5488K(699392K)
[167.232s][info][gc,metaspace   ] GC(466) Metaspace: 23772K(24832K)->23772K(24832K) NonClass: 20845K(21504K)->20845K(21504K) Class: 2927K(3328K)->2927K(3328K)
[167.232s][info][gc             ] GC(466) Pause Young (Allocation Failure) 291M->30M(987M) 11.368ms
[167.232s][info][gc,cpu         ] GC(466) User=0.02s Sys=0.00s Real=0.02s
[167.290s][info][gc,start       ] GC(467) Pause Young (Allocation Failure)
[167.307s][info][gc,heap        ] GC(467) PSYoungGen: 311285K->0K(317440K)
[167.307s][info][gc,heap        ] GC(467) ParOldGen: 5488K->31175K(699392K)
[167.307s][info][gc,metaspace   ] GC(467) Metaspace: 23772K(24832K)->23772K(24832K) NonClass: 20845K(21504K)->20845K(21504K) Class: 2927K(3328K)->2927K(3328K)
[167.307s][info][gc             ] GC(467) Pause Young (Allocation Failure) 309M->30M(993M) 16.178ms
[167.307s][info][gc,cpu         ] GC(467) User=0.02s Sys=0.02s Real=0.02s
[167.364s][info][gc,start       ] GC(468) Pause Young (Allocation Failure)
[167.365s][info][gc,heap        ] GC(468) PSYoungGen: 285696K->0K(320512K)
[167.365s][info][gc,heap        ] GC(468) ParOldGen: 31175K->31175K(699392K)
[167.365s][info][gc,metaspace   ] GC(468) Metaspace: 23772K(24832K)->23772K(24832K) NonClass: 20845K(21504K)->20845K(21504K) Class: 2927K(3328K)->2927K(3328K)
[167.365s][info][gc             ] GC(468) Pause Young (Allocation Failure) 309M->30M(996M) 0.713ms
[167.365s][info][gc,cpu         ] GC(468) User=0.00s Sys=0.00s Real=0.00s
[167.424s][info][gc,start       ] GC(469) Pause Young (Allocation Failure)
[167.425s][info][gc,heap        ] GC(469) PSYoungGen: 290304K->0K(318976K)
[167.425s][info][gc,heap        ] GC(469) ParOldGen: 31175K->31175K(699392K)
[167.425s][info][gc,metaspace   ] GC(469) Metaspace: 23772K(24832K)->23772K(24832K) NonClass: 20845K(21504K)->20845K(21504K) Class: 2927K(3328K)->2927K(3328K)
[167.425s][info][gc             ] GC(469) Pause Young (Allocation Failure) 313M->30M(994M) 0.770ms
[167.425s][info][gc,cpu         ] GC(469) User=0.00s Sys=0.00s Real=0.00s
[169.195s][info][gc,start       ] GC(470) Pause Young (Allocation Failure)
[169.207s][info][gc,heap        ] GC(470) PSYoungGen: 290304K->26765K(309760K)
[169.207s][info][gc,heap        ] GC(470) ParOldGen: 31175K->31175K(699392K)
[169.207s][info][gc,metaspace   ] GC(470) Metaspace: 23773K(24832K)->23773K(24832K) NonClass: 20846K(21504K)->20846K(21504K) Class: 2927K(3328K)->2927K(3328K)
[169.207s][info][gc             ] GC(470) Pause Young (Allocation Failure) 313M->56M(985M) 12.059ms
[169.207s][info][gc,cpu         ] GC(470) User=0.00s Sys=0.00s Real=0.00s
[169.266s][info][gc,start       ] GC(471) Pause Young (Allocation Failure)
[169.283s][info][gc,heap        ] GC(471) PSYoungGen: 309389K->0K(315904K)
[169.283s][info][gc,heap        ] GC(471) ParOldGen: 31175K->57917K(699392K)
[169.283s][info][gc,metaspace   ] GC(471) Metaspace: 23773K(24832K)->23773K(24832K) NonClass: 20846K(21504K)->20846K(21504K) Class: 2927K(3328K)->2927K(3328K)
[169.283s][info][gc             ] GC(471) Pause Young (Allocation Failure) 332M->56M(991M) 16.607ms
[169.283s][info][gc,cpu         ] GC(471) User=0.08s Sys=0.00s Real=0.02s
[169.340s][info][gc,start       ] GC(472) Pause Young (Allocation Failure)
[169.341s][info][gc,heap        ] GC(472) PSYoungGen: 282624K->0K(318976K)
[169.341s][info][gc,heap        ] GC(472) ParOldGen: 57917K->57917K(699392K)
[169.341s][info][gc,metaspace   ] GC(472) Metaspace: 23773K(24832K)->23773K(24832K) NonClass: 20846K(21504K)->20846K(21504K) Class: 2927K(3328K)->2927K(3328K)
[169.341s][info][gc             ] GC(472) Pause Young (Allocation Failure) 332M->56M(994M) 0.800ms
[169.341s][info][gc,cpu         ] GC(472) User=0.00s Sys=0.00s Real=0.00s
[169.399s][info][gc,start       ] GC(473) Pause Young (Allocation Failure)
[169.399s][info][gc,heap        ] GC(473) PSYoungGen: 287232K->0K(317440K)
[169.399s][info][gc,heap        ] GC(473) ParOldGen: 57917K->57917K(699392K)
[169.399s][info][gc,metaspace   ] GC(473) Metaspace: 23773K(24832K)->23773K(24832K) NonClass: 20846K(21504K)->20846K(21504K) Class: 2927K(3328K)->2927K(3328K)
[169.399s][info][gc             ] GC(473) Pause Young (Allocation Failure) 337M->56M(993M) 0.868ms
[169.399s][info][gc,cpu         ] GC(473) User=0.00s Sys=0.00s Real=0.00s
[169.458s][info][gc,start       ] GC(474) Pause Young (Allocation Failure)
[169.459s][info][gc,heap        ] GC(474) PSYoungGen: 287232K->0K(322048K)
[169.459s][info][gc,heap        ] GC(474) ParOldGen: 57917K->57917K(699392K)
[169.459s][info][gc,metaspace   ] GC(474) Metaspace: 23773K(24832K)->23773K(24832K) NonClass: 20846K(21504K)->20846K(21504K) Class: 2927K(3328K)->2927K(3328K)
[169.459s][info][gc             ] GC(474) Pause Young (Allocation Failure) 337M->56M(997M) 0.848ms
[169.459s][info][gc,cpu         ] GC(474) User=0.00s Sys=0.00s Real=0.00s
[169.493s][info][gc,start       ] GC(475) Pause Young (System.gc())
[169.494s][info][gc,heap        ] GC(475) PSYoungGen: 93871K->646K(320512K)
[169.494s][info][gc,heap        ] GC(475) ParOldGen: 57917K->57917K(699392K)
[169.494s][info][gc,metaspace   ] GC(475) Metaspace: 23774K(24832K)->23774K(24832K) NonClass: 20846K(21504K)->20846K(21504K) Class: 2927K(3328K)->2927K(3328K)
[169.494s][info][gc             ] GC(475) Pause Young (System.gc()) 148M->57M(996M) 0.904ms
[169.494s][info][gc,cpu         ] GC(475) User=0.00s Sys=0.00s Real=0.00s
[169.494s][info][gc,start       ] GC(476) Pause Full (System.gc())
[169.494s][info][gc,phases,start] GC(476) Marking Phase
[169.499s][info][gc,phases      ] GC(476) Marking Phase 4.825ms
[169.499s][info][gc,phases,start] GC(476) Summary Phase
[169.499s][info][gc,phases      ] GC(476) Summary Phase 0.009ms
[169.499s][info][gc,phases,start] GC(476) Adjust Roots
[169.501s][info][gc,phases      ] GC(476) Adjust Roots 2.488ms
[169.501s][info][gc,phases,start] GC(476) Compaction Phase
[169.504s][info][gc,phases      ] GC(476) Compaction Phase 2.548ms
[169.504s][info][gc,phases,start] GC(476) Post Compact
[169.504s][info][gc,phases      ] GC(476) Post Compact 0.317ms
[169.504s][info][gc,heap        ] GC(476) PSYoungGen: 646K->0K(320512K)
[169.504s][info][gc,heap        ] GC(476) ParOldGen: 57917K->4984K(699392K)
[169.504s][info][gc,metaspace   ] GC(476) Metaspace: 23774K(24832K)->23774K(24832K) NonClass: 20846K(21504K)->20846K(21504K) Class: 2927K(3328K)->2927K(3328K)
[169.504s][info][gc             ] GC(476) Pause Full (System.gc()) 57M->4M(996M) 10.434ms
[169.504s][info][gc,cpu         ] GC(476) User=0.00s Sys=0.00s Real=0.00s
[171.265s][info][gc,start       ] GC(477) Pause Young (Allocation Failure)
[171.276s][info][gc,heap        ] GC(477) PSYoungGen: 293376K->25589K(311296K)
[171.276s][info][gc,heap        ] GC(477) ParOldGen: 4984K->5488K(699392K)
[171.276s][info][gc,metaspace   ] GC(477) Metaspace: 23774K(24832K)->23774K(24832K) NonClass: 20846K(21504K)->20846K(21504K) Class: 2927K(3328K)->2927K(3328K)
[171.276s][info][gc             ] GC(477) Pause Young (Allocation Failure) 291M->30M(987M) 11.416ms
[171.276s][info][gc,cpu         ] GC(477) User=0.03s Sys=0.00s Real=0.02s
[171.335s][info][gc,start       ] GC(478) Pause Young (Allocation Failure)
[171.351s][info][gc,heap        ] GC(478) PSYoungGen: 311285K->0K(317440K)
[171.351s][info][gc,heap        ] GC(478) ParOldGen: 5488K->31159K(699392K)
[171.351s][info][gc,metaspace   ] GC(478) Metaspace: 23774K(24832K)->23774K(24832K) NonClass: 20846K(21504K)->20846K(21504K) Class: 2927K(3328K)->2927K(3328K)
[171.351s][info][gc             ] GC(478) Pause Young (Allocation Failure) 309M->30M(993M) 15.879ms
[171.351s][info][gc,cpu         ] GC(478) User=0.02s Sys=0.00s Real=0.02s
[171.408s][info][gc,start       ] GC(479) Pause Young (Allocation Failure)
[171.409s][info][gc,heap        ] GC(479) PSYoungGen: 285696K->0K(320512K)
[171.409s][info][gc,heap        ] GC(479) ParOldGen: 31159K->31159K(699392K)
[171.409s][info][gc,metaspace   ] GC(479) Metaspace: 23774K(24832K)->23774K(24832K) NonClass: 20846K(21504K)->20846K(21504K) Class: 2927K(3328K)->2927K(3328K)
[171.409s][info][gc             ] GC(479) Pause Young (Allocation Failure) 309M->30M(996M) 0.710ms
[171.409s][info][gc,cpu         ] GC(479) User=0.00s Sys=0.00s Real=0.00s
[171.468s][info][gc,start       ] GC(480) Pause Young (Allocation Failure)
[171.468s][info][gc,heap        ] GC(480) PSYoungGen: 290304K->0K(318976K)
[171.468s][info][gc,heap        ] GC(480) ParOldGen: 31159K->31159K(699392K)
[171.468s][info][gc,metaspace   ] GC(480) Metaspace: 23774K(24832K)->23774K(24832K) NonClass: 20846K(21504K)->20846K(21504K) Class: 2927K(3328K)->2927K(3328K)
[171.468s][info][gc             ] GC(480) Pause Young (Allocation Failure) 313M->30M(994M) 0.510ms
[171.468s][info][gc,cpu         ] GC(480) User=0.00s Sys=0.00s Real=0.00s
[173.238s][info][gc,start       ] GC(481) Pause Young (Allocation Failure)
[173.249s][info][gc,heap        ] GC(481) PSYoungGen: 290304K->26701K(309760K)
[173.249s][info][gc,heap        ] GC(481) ParOldGen: 31159K->31159K(699392K)
[173.249s][info][gc,metaspace   ] GC(481) Metaspace: 23774K(24832K)->23774K(24832K) NonClass: 20846K(21504K)->20846K(21504K) Class: 2927K(3328K)->2927K(3328K)
[173.249s][info][gc             ] GC(481) Pause Young (Allocation Failure) 313M->56M(985M) 11.908ms
[173.249s][info][gc,cpu         ] GC(481) User=0.02s Sys=0.00s Real=0.02s
[173.307s][info][gc,start       ] GC(482) Pause Young (Allocation Failure)
[173.322s][info][gc,heap        ] GC(482) PSYoungGen: 309325K->0K(315904K)
[173.322s][info][gc,heap        ] GC(482) ParOldGen: 31159K->57885K(699392K)
[173.322s][info][gc,metaspace   ] GC(482) Metaspace: 23774K(24832K)->23774K(24832K) NonClass: 20846K(21504K)->20846K(21504K) Class: 2927K(3328K)->2927K(3328K)
[173.322s][info][gc             ] GC(482) Pause Young (Allocation Failure) 332M->56M(991M) 15.610ms
[173.322s][info][gc,cpu         ] GC(482) User=0.02s Sys=0.00s Real=0.01s
[173.380s][info][gc,start       ] GC(483) Pause Young (Allocation Failure)
[173.380s][info][gc,heap        ] GC(483) PSYoungGen: 282624K->0K(318976K)
[173.380s][info][gc,heap        ] GC(483) ParOldGen: 57885K->57885K(699392K)
[173.380s][info][gc,metaspace   ] GC(483) Metaspace: 23774K(24832K)->23774K(24832K) NonClass: 20846K(21504K)->20846K(21504K) Class: 2927K(3328K)->2927K(3328K)
[173.380s][info][gc             ] GC(483) Pause Young (Allocation Failure) 332M->56M(994M) 0.820ms
[173.380s][info][gc,cpu         ] GC(483) User=0.00s Sys=0.00s Real=0.00s
[173.439s][info][gc,start       ] GC(484) Pause Young (Allocation Failure)
[173.440s][info][gc,heap        ] GC(484) PSYoungGen: 287232K->0K(317440K)
[173.440s][info][gc,heap        ] GC(484) ParOldGen: 57885K->57885K(699392K)
[173.440s][info][gc,metaspace   ] GC(484) Metaspace: 23774K(24832K)->23774K(24832K) NonClass: 20846K(21504K)->20846K(21504K) Class: 2927K(3328K)->2927K(3328K)
[173.440s][info][gc             ] GC(484) Pause Young (Allocation Failure) 337M->56M(993M) 0.836ms
[173.440s][info][gc,cpu         ] GC(484) User=0.00s Sys=0.00s Real=0.00s
[173.498s][info][gc,start       ] GC(485) Pause Young (Allocation Failure)
[173.499s][info][gc,heap        ] GC(485) PSYoungGen: 287232K->0K(322048K)
[173.499s][info][gc,heap        ] GC(485) ParOldGen: 57885K->57885K(699392K)
[173.499s][info][gc,metaspace   ] GC(485) Metaspace: 23774K(24832K)->23774K(24832K) NonClass: 20846K(21504K)->20846K(21504K) Class: 2927K(3328K)->2927K(3328K)
[173.499s][info][gc             ] GC(485) Pause Young (Allocation Failure) 337M->56M(997M) 0.656ms
[173.499s][info][gc,cpu         ] GC(485) User=0.00s Sys=0.00s Real=0.00s
[173.533s][info][gc,start       ] GC(486) Pause Young (System.gc())
[173.534s][info][gc,heap        ] GC(486) PSYoungGen: 93871K->710K(320512K)
[173.534s][info][gc,heap        ] GC(486) ParOldGen: 57885K->57885K(699392K)
[173.534s][info][gc,metaspace   ] GC(486) Metaspace: 23774K(24832K)->23774K(24832K) NonClass: 20846K(21504K)->20846K(21504K) Class: 2927K(3328K)->2927K(3328K)
[173.534s][info][gc             ] GC(486) Pause Young (System.gc()) 148M->57M(996M) 0.985ms
[173.534s][info][gc,cpu         ] GC(486) User=0.00s Sys=0.00s Real=0.00s
[173.534s][info][gc,start       ] GC(487) Pause Full (System.gc())
[173.534s][info][gc,phases,start] GC(487) Marking Phase
[173.538s][info][gc,phases      ] GC(487) Marking Phase 4.383ms
[173.538s][info][gc,phases,start] GC(487) Summary Phase
[173.539s][info][gc,phases      ] GC(487) Summary Phase 0.014ms
[173.539s][info][gc,phases,start] GC(487) Adjust Roots
[173.541s][info][gc,phases      ] GC(487) Adjust Roots 2.831ms
[173.541s][info][gc,phases,start] GC(487) Compaction Phase
[173.544s][info][gc,phases      ] GC(487) Compaction Phase 2.528ms
[173.544s][info][gc,phases,start] GC(487) Post Compact
[173.544s][info][gc,phases      ] GC(487) Post Compact 0.323ms
[173.544s][info][gc,heap        ] GC(487) PSYoungGen: 710K->0K(320512K)
[173.544s][info][gc,heap        ] GC(487) ParOldGen: 57885K->4984K(699392K)
[173.544s][info][gc,metaspace   ] GC(487) Metaspace: 23774K(24832K)->23774K(24832K) NonClass: 20846K(21504K)->20846K(21504K) Class: 2927K(3328K)->2927K(3328K)
[173.544s][info][gc             ] GC(487) Pause Full (System.gc()) 57M->4M(996M) 10.343ms
[173.544s][info][gc,cpu         ] GC(487) User=0.02s Sys=0.00s Real=0.01s
[175.307s][info][gc,start       ] GC(488) Pause Young (Allocation Failure)
[175.323s][info][gc,heap        ] GC(488) PSYoungGen: 293376K->25575K(311296K)
[175.323s][info][gc,heap        ] GC(488) ParOldGen: 4984K->5496K(699392K)
[175.323s][info][gc,metaspace   ] GC(488) Metaspace: 23774K(24832K)->23774K(24832K) NonClass: 20846K(21504K)->20846K(21504K) Class: 2927K(3328K)->2927K(3328K)
[175.323s][info][gc             ] GC(488) Pause Young (Allocation Failure) 291M->30M(987M) 16.092ms
[175.323s][info][gc,cpu         ] GC(488) User=0.06s Sys=0.00s Real=0.02s
[175.382s][info][gc,start       ] GC(489) Pause Young (Allocation Failure)
[175.395s][info][gc,heap        ] GC(489) PSYoungGen: 311271K->0K(317440K)
[175.395s][info][gc,heap        ] GC(489) ParOldGen: 5496K->31151K(699392K)
[175.395s][info][gc,metaspace   ] GC(489) Metaspace: 23774K(24832K)->23774K(24832K) NonClass: 20846K(21504K)->20846K(21504K) Class: 2927K(3328K)->2927K(3328K)
[175.395s][info][gc             ] GC(489) Pause Young (Allocation Failure) 309M->30M(993M) 13.191ms
[175.395s][info][gc,cpu         ] GC(489) User=0.00s Sys=0.00s Real=0.00s
[175.454s][info][gc,start       ] GC(490) Pause Young (Allocation Failure)
[175.454s][info][gc,heap        ] GC(490) PSYoungGen: 285696K->0K(320512K)
[175.454s][info][gc,heap        ] GC(490) ParOldGen: 31151K->31151K(699392K)
[175.454s][info][gc,metaspace   ] GC(490) Metaspace: 23774K(24832K)->23774K(24832K) NonClass: 20846K(21504K)->20846K(21504K) Class: 2927K(3328K)->2927K(3328K)
[175.455s][info][gc             ] GC(490) Pause Young (Allocation Failure) 309M->30M(996M) 0.697ms
[175.455s][info][gc,cpu         ] GC(490) User=0.00s Sys=0.00s Real=0.00s
[175.515s][info][gc,start       ] GC(491) Pause Young (Allocation Failure)
[175.516s][info][gc,heap        ] GC(491) PSYoungGen: 290304K->0K(318976K)
[175.516s][info][gc,heap        ] GC(491) ParOldGen: 31151K->31151K(699392K)
[175.516s][info][gc,metaspace   ] GC(491) Metaspace: 23774K(24832K)->23774K(24832K) NonClass: 20846K(21504K)->20846K(21504K) Class: 2927K(3328K)->2927K(3328K)
[175.516s][info][gc             ] GC(491) Pause Young (Allocation Failure) 313M->30M(994M) 0.570ms
[175.516s][info][gc,cpu         ] GC(491) User=0.00s Sys=0.00s Real=0.00s
[177.314s][info][gc,start       ] GC(492) Pause Young (Allocation Failure)
[177.327s][info][gc,heap        ] GC(492) PSYoungGen: 290304K->26733K(309760K)
[177.327s][info][gc,heap        ] GC(492) ParOldGen: 31151K->31151K(699392K)
[177.327s][info][gc,metaspace   ] GC(492) Metaspace: 23774K(24832K)->23774K(24832K) NonClass: 20846K(21504K)->20846K(21504K) Class: 2927K(3328K)->2927K(3328K)
[177.327s][info][gc             ] GC(492) Pause Young (Allocation Failure) 313M->56M(985M) 12.848ms
[177.327s][info][gc,cpu         ] GC(492) User=0.00s Sys=0.00s Real=0.01s
[177.422s][info][gc,start       ] GC(493) Pause Young (Allocation Failure)
[177.438s][info][gc,heap        ] GC(493) PSYoungGen: 309357K->0K(315904K)
[177.438s][info][gc,heap        ] GC(493) ParOldGen: 31151K->57885K(699392K)
[177.438s][info][gc,metaspace   ] GC(493) Metaspace: 23774K(24832K)->23774K(24832K) NonClass: 20846K(21504K)->20846K(21504K) Class: 2927K(3328K)->2927K(3328K)
[177.438s][info][gc             ] GC(493) Pause Young (Allocation Failure) 332M->56M(991M) 15.697ms
[177.438s][info][gc,cpu         ] GC(493) User=0.02s Sys=0.00s Real=0.02s
[177.495s][info][gc,start       ] GC(494) Pause Young (Allocation Failure)
[177.496s][info][gc,heap        ] GC(494) PSYoungGen: 282624K->0K(318976K)
[177.496s][info][gc,heap        ] GC(494) ParOldGen: 57885K->57885K(699392K)
[177.496s][info][gc,metaspace   ] GC(494) Metaspace: 23774K(24832K)->23774K(24832K) NonClass: 20846K(21504K)->20846K(21504K) Class: 2927K(3328K)->2927K(3328K)
[177.496s][info][gc             ] GC(494) Pause Young (Allocation Failure) 332M->56M(994M) 0.759ms
[177.496s][info][gc,cpu         ] GC(494) User=0.00s Sys=0.00s Real=0.00s
[177.554s][info][gc,start       ] GC(495) Pause Young (Allocation Failure)
[177.554s][info][gc,heap        ] GC(495) PSYoungGen: 287232K->0K(317440K)
[177.554s][info][gc,heap        ] GC(495) ParOldGen: 57885K->57885K(699392K)
[177.554s][info][gc,metaspace   ] GC(495) Metaspace: 23774K(24832K)->23774K(24832K) NonClass: 20846K(21504K)->20846K(21504K) Class: 2927K(3328K)->2927K(3328K)
[177.554s][info][gc             ] GC(495) Pause Young (Allocation Failure) 337M->56M(993M) 0.705ms
[177.554s][info][gc,cpu         ] GC(495) User=0.00s Sys=0.00s Real=0.00s
[177.612s][info][gc,start       ] GC(496) Pause Young (Allocation Failure)
[177.613s][info][gc,heap        ] GC(496) PSYoungGen: 287232K->0K(322048K)
[177.613s][info][gc,heap        ] GC(496) ParOldGen: 57885K->57885K(699392K)
[177.613s][info][gc,metaspace   ] GC(496) Metaspace: 23774K(24832K)->23774K(24832K) NonClass: 20846K(21504K)->20846K(21504K) Class: 2927K(3328K)->2927K(3328K)
[177.613s][info][gc             ] GC(496) Pause Young (Allocation Failure) 337M->56M(997M) 0.656ms
[177.613s][info][gc,cpu         ] GC(496) User=0.00s Sys=0.00s Real=0.00s
[177.648s][info][gc,start       ] GC(497) Pause Young (System.gc())
[177.649s][info][gc,heap        ] GC(497) PSYoungGen: 93871K->742K(320512K)
[177.649s][info][gc,heap        ] GC(497) ParOldGen: 57885K->57885K(699392K)
[177.649s][info][gc,metaspace   ] GC(497) Metaspace: 23774K(24832K)->23774K(24832K) NonClass: 20846K(21504K)->20846K(21504K) Class: 2927K(3328K)->2927K(3328K)
[177.649s][info][gc             ] GC(497) Pause Young (System.gc()) 148M->57M(996M) 0.994ms
[177.649s][info][gc,cpu         ] GC(497) User=0.00s Sys=0.00s Real=0.00s
[177.649s][info][gc,start       ] GC(498) Pause Full (System.gc())
[177.649s][info][gc,phases,start] GC(498) Marking Phase
[177.653s][info][gc,phases      ] GC(498) Marking Phase 4.582ms
[177.654s][info][gc,phases,start] GC(498) Summary Phase
[177.654s][info][gc,phases      ] GC(498) Summary Phase 0.018ms
[177.654s][info][gc,phases,start] GC(498) Adjust Roots
[177.656s][info][gc,phases      ] GC(498) Adjust Roots 2.483ms
[177.656s][info][gc,phases,start] GC(498) Compaction Phase
[177.660s][info][gc,phases      ] GC(498) Compaction Phase 3.481ms
[177.660s][info][gc,phases,start] GC(498) Post Compact
[177.661s][info][gc,phases      ] GC(498) Post Compact 1.131ms
[177.661s][info][gc,heap        ] GC(498) PSYoungGen: 742K->0K(320512K)
[177.661s][info][gc,heap        ] GC(498) ParOldGen: 57885K->4984K(699392K)
[177.661s][info][gc,metaspace   ] GC(498) Metaspace: 23774K(24832K)->23774K(24832K) NonClass: 20846K(21504K)->20846K(21504K) Class: 2927K(3328K)->2927K(3328K)
[177.661s][info][gc             ] GC(498) Pause Full (System.gc()) 57M->4M(996M) 11.975ms
[177.661s][info][gc,cpu         ] GC(498) User=0.02s Sys=0.00s Real=0.02s
[179.422s][info][gc,start       ] GC(499) Pause Young (Allocation Failure)
[179.433s][info][gc,heap        ] GC(499) PSYoungGen: 293376K->25589K(311296K)
[179.433s][info][gc,heap        ] GC(499) ParOldGen: 4984K->5480K(699392K)
[179.433s][info][gc,metaspace   ] GC(499) Metaspace: 23774K(24832K)->23774K(24832K) NonClass: 20846K(21504K)->20846K(21504K) Class: 2927K(3328K)->2927K(3328K)
[179.433s][info][gc             ] GC(499) Pause Young (Allocation Failure) 291M->30M(987M) 11.281ms
[179.433s][info][gc,cpu         ] GC(499) User=0.02s Sys=0.00s Real=0.02s
[179.492s][info][gc,start       ] GC(500) Pause Young (Allocation Failure)
[179.508s][info][gc,heap        ] GC(500) PSYoungGen: 311285K->0K(317440K)
[179.508s][info][gc,heap        ] GC(500) ParOldGen: 5480K->31159K(699392K)
[179.508s][info][gc,metaspace   ] GC(500) Metaspace: 23774K(24832K)->23774K(24832K) NonClass: 20846K(21504K)->20846K(21504K) Class: 2927K(3328K)->2927K(3328K)
[179.508s][info][gc             ] GC(500) Pause Young (Allocation Failure) 309M->30M(993M) 16.605ms
[179.508s][info][gc,cpu         ] GC(500) User=0.08s Sys=0.00s Real=0.02s
[179.566s][info][gc,start       ] GC(501) Pause Young (Allocation Failure)
[179.566s][info][gc,heap        ] GC(501) PSYoungGen: 285696K->0K(320512K)
[179.566s][info][gc,heap        ] GC(501) ParOldGen: 31159K->31159K(699392K)
[179.566s][info][gc,metaspace   ] GC(501) Metaspace: 23774K(24832K)->23774K(24832K) NonClass: 20846K(21504K)->20846K(21504K) Class: 2927K(3328K)->2927K(3328K)
[179.566s][info][gc             ] GC(501) Pause Young (Allocation Failure) 309M->30M(996M) 0.666ms
[179.567s][info][gc,cpu         ] GC(501) User=0.00s Sys=0.00s Real=0.00s
[179.625s][info][gc,start       ] GC(502) Pause Young (Allocation Failure)
[179.626s][info][gc,heap        ] GC(502) PSYoungGen: 290304K->0K(318976K)
[179.626s][info][gc,heap        ] GC(502) ParOldGen: 31159K->31159K(699392K)
[179.626s][info][gc,metaspace   ] GC(502) Metaspace: 23774K(24832K)->23774K(24832K) NonClass: 20846K(21504K)->20846K(21504K) Class: 2927K(3328K)->2927K(3328K)
[179.626s][info][gc             ] GC(502) Pause Young (Allocation Failure) 313M->30M(994M) 0.826ms
[179.626s][info][gc,cpu         ] GC(502) User=0.00s Sys=0.00s Real=0.00s
[181.402s][info][gc,start       ] GC(503) Pause Young (Allocation Failure)
[181.414s][info][gc,heap        ] GC(503) PSYoungGen: 290304K->26733K(309760K)
[181.414s][info][gc,heap        ] GC(503) ParOldGen: 31159K->31159K(699392K)
[181.414s][info][gc,metaspace   ] GC(503) Metaspace: 23774K(24832K)->23774K(24832K) NonClass: 20846K(21504K)->20846K(21504K) Class: 2927K(3328K)->2927K(3328K)
[181.414s][info][gc             ] GC(503) Pause Young (Allocation Failure) 313M->56M(985M) 11.760ms
[181.414s][info][gc,cpu         ] GC(503) User=0.02s Sys=0.00s Real=0.02s
[181.471s][info][gc,start       ] GC(504) Pause Young (Allocation Failure)
[181.488s][info][gc,heap        ] GC(504) PSYoungGen: 309357K->0K(315904K)
[181.488s][info][gc,heap        ] GC(504) ParOldGen: 31159K->57893K(699392K)
[181.488s][info][gc,metaspace   ] GC(504) Metaspace: 23774K(24832K)->23774K(24832K) NonClass: 20846K(21504K)->20846K(21504K) Class: 2927K(3328K)->2927K(3328K)
[181.488s][info][gc             ] GC(504) Pause Young (Allocation Failure) 332M->56M(991M) 16.495ms
[181.488s][info][gc,cpu         ] GC(504) User=0.08s Sys=0.00s Real=0.02s
[181.545s][info][gc,start       ] GC(505) Pause Young (Allocation Failure)
[181.546s][info][gc,heap        ] GC(505) PSYoungGen: 282624K->0K(318976K)
[181.546s][info][gc,heap        ] GC(505) ParOldGen: 57893K->57893K(699392K)
[181.546s][info][gc,metaspace   ] GC(505) Metaspace: 23774K(24832K)->23774K(24832K) NonClass: 20846K(21504K)->20846K(21504K) Class: 2927K(3328K)->2927K(3328K)
[181.546s][info][gc             ] GC(505) Pause Young (Allocation Failure) 332M->56M(994M) 0.766ms
[181.546s][info][gc,cpu         ] GC(505) User=0.00s Sys=0.00s Real=0.00s
[181.604s][info][gc,start       ] GC(506) Pause Young (Allocation Failure)
[181.604s][info][gc,heap        ] GC(506) PSYoungGen: 287232K->0K(317440K)
[181.604s][info][gc,heap        ] GC(506) ParOldGen: 57893K->57893K(699392K)
[181.604s][info][gc,metaspace   ] GC(506) Metaspace: 23774K(24832K)->23774K(24832K) NonClass: 20846K(21504K)->20846K(21504K) Class: 2927K(3328K)->2927K(3328K)
[181.604s][info][gc             ] GC(506) Pause Young (Allocation Failure) 337M->56M(993M) 0.633ms
[181.604s][info][gc,cpu         ] GC(506) User=0.00s Sys=0.00s Real=0.00s
[181.662s][info][gc,start       ] GC(507) Pause Young (Allocation Failure)
[181.663s][info][gc,heap        ] GC(507) PSYoungGen: 287232K->0K(322048K)
[181.663s][info][gc,heap        ] GC(507) ParOldGen: 57893K->57893K(699392K)
[181.663s][info][gc,metaspace   ] GC(507) Metaspace: 23774K(24832K)->23774K(24832K) NonClass: 20846K(21504K)->20846K(21504K) Class: 2927K(3328K)->2927K(3328K)
[181.663s][info][gc             ] GC(507) Pause Young (Allocation Failure) 337M->56M(997M) 0.810ms
[181.663s][info][gc,cpu         ] GC(507) User=0.00s Sys=0.00s Real=0.00s
[181.697s][info][gc,start       ] GC(508) Pause Young (System.gc())
[181.698s][info][gc,heap        ] GC(508) PSYoungGen: 93871K->678K(320512K)
[181.698s][info][gc,heap        ] GC(508) ParOldGen: 57893K->57893K(699392K)
[181.698s][info][gc,metaspace   ] GC(508) Metaspace: 23774K(24832K)->23774K(24832K) NonClass: 20846K(21504K)->20846K(21504K) Class: 2927K(3328K)->2927K(3328K)
[181.698s][info][gc             ] GC(508) Pause Young (System.gc()) 148M->57M(996M) 1.103ms
[181.698s][info][gc,cpu         ] GC(508) User=0.00s Sys=0.00s Real=0.00s
[181.698s][info][gc,start       ] GC(509) Pause Full (System.gc())
[181.698s][info][gc,phases,start] GC(509) Marking Phase
[181.703s][info][gc,phases      ] GC(509) Marking Phase 4.758ms
[181.703s][info][gc,phases,start] GC(509) Summary Phase
[181.703s][info][gc,phases      ] GC(509) Summary Phase 0.010ms
[181.703s][info][gc,phases,start] GC(509) Adjust Roots
[181.706s][info][gc,phases      ] GC(509) Adjust Roots 2.671ms
[181.706s][info][gc,phases,start] GC(509) Compaction Phase
[181.708s][info][gc,phases      ] GC(509) Compaction Phase 2.009ms
[181.708s][info][gc,phases,start] GC(509) Post Compact
[181.708s][info][gc,phases      ] GC(509) Post Compact 0.304ms
[181.708s][info][gc,heap        ] GC(509) PSYoungGen: 678K->0K(320512K)
[181.708s][info][gc,heap        ] GC(509) ParOldGen: 57893K->4984K(699392K)
[181.708s][info][gc,metaspace   ] GC(509) Metaspace: 23774K(24832K)->23774K(24832K) NonClass: 20846K(21504K)->20846K(21504K) Class: 2927K(3328K)->2927K(3328K)
[181.708s][info][gc             ] GC(509) Pause Full (System.gc()) 57M->4M(996M) 10.000ms
[181.708s][info][gc,cpu         ] GC(509) User=0.00s Sys=0.00s Real=0.00s
[183.474s][info][gc,start       ] GC(510) Pause Young (Allocation Failure)
[183.485s][info][gc,heap        ] GC(510) PSYoungGen: 293376K->25589K(311296K)
[183.485s][info][gc,heap        ] GC(510) ParOldGen: 4984K->5488K(699392K)
[183.485s][info][gc,metaspace   ] GC(510) Metaspace: 23774K(24832K)->23774K(24832K) NonClass: 20846K(21504K)->20846K(21504K) Class: 2927K(3328K)->2927K(3328K)
[183.485s][info][gc             ] GC(510) Pause Young (Allocation Failure) 291M->30M(987M) 11.536ms
[183.485s][info][gc,cpu         ] GC(510) User=0.02s Sys=0.00s Real=0.02s
[183.543s][info][gc,start       ] GC(511) Pause Young (Allocation Failure)
[183.560s][info][gc,heap        ] GC(511) PSYoungGen: 311285K->0K(317440K)
[183.560s][info][gc,heap        ] GC(511) ParOldGen: 5488K->31151K(699392K)
[183.560s][info][gc,metaspace   ] GC(511) Metaspace: 23774K(24832K)->23774K(24832K) NonClass: 20846K(21504K)->20846K(21504K) Class: 2927K(3328K)->2927K(3328K)
[183.560s][info][gc             ] GC(511) Pause Young (Allocation Failure) 309M->30M(993M) 16.797ms
[183.560s][info][gc,cpu         ] GC(511) User=0.09s Sys=0.03s Real=0.02s
[183.618s][info][gc,start       ] GC(512) Pause Young (Allocation Failure)
[183.618s][info][gc,heap        ] GC(512) PSYoungGen: 285696K->0K(320512K)
[183.618s][info][gc,heap        ] GC(512) ParOldGen: 31151K->31151K(699392K)
[183.618s][info][gc,metaspace   ] GC(512) Metaspace: 23774K(24832K)->23774K(24832K) NonClass: 20846K(21504K)->20846K(21504K) Class: 2927K(3328K)->2927K(3328K)
[183.619s][info][gc             ] GC(512) Pause Young (Allocation Failure) 309M->30M(996M) 0.772ms
[183.619s][info][gc,cpu         ] GC(512) User=0.00s Sys=0.00s Real=0.00s
[183.677s][info][gc,start       ] GC(513) Pause Young (Allocation Failure)
[183.678s][info][gc,heap        ] GC(513) PSYoungGen: 290304K->0K(318976K)
[183.678s][info][gc,heap        ] GC(513) ParOldGen: 31151K->31151K(699392K)
[183.678s][info][gc,metaspace   ] GC(513) Metaspace: 23774K(24832K)->23774K(24832K) NonClass: 20846K(21504K)->20846K(21504K) Class: 2927K(3328K)->2927K(3328K)
[183.678s][info][gc             ] GC(513) Pause Young (Allocation Failure) 313M->30M(994M) 0.758ms
[183.678s][info][gc,cpu         ] GC(513) User=0.00s Sys=0.00s Real=0.00s
[185.451s][info][gc,start       ] GC(514) Pause Young (Allocation Failure)
[185.464s][info][gc,heap        ] GC(514) PSYoungGen: 290304K->26715K(309760K)
[185.464s][info][gc,heap        ] GC(514) ParOldGen: 31151K->31151K(699392K)
[185.464s][info][gc,metaspace   ] GC(514) Metaspace: 23775K(24832K)->23775K(24832K) NonClass: 20847K(21504K)->20847K(21504K) Class: 2927K(3328K)->2927K(3328K)
[185.464s][info][gc             ] GC(514) Pause Young (Allocation Failure) 313M->56M(985M) 12.983ms
[185.464s][info][gc,cpu         ] GC(514) User=0.02s Sys=0.00s Real=0.01s
[185.521s][info][gc,start       ] GC(515) Pause Young (Allocation Failure)
[185.538s][info][gc,heap        ] GC(515) PSYoungGen: 309339K->0K(315904K)
[185.538s][info][gc,heap        ] GC(515) ParOldGen: 31151K->57885K(699392K)
[185.538s][info][gc,metaspace   ] GC(515) Metaspace: 23775K(24832K)->23775K(24832K) NonClass: 20847K(21504K)->20847K(21504K) Class: 2927K(3328K)->2927K(3328K)
[185.538s][info][gc             ] GC(515) Pause Young (Allocation Failure) 332M->56M(991M) 16.458ms
[185.538s][info][gc,cpu         ] GC(515) User=0.05s Sys=0.00s Real=0.03s
[185.595s][info][gc,start       ] GC(516) Pause Young (Allocation Failure)
[185.596s][info][gc,heap        ] GC(516) PSYoungGen: 282624K->0K(318976K)
[185.596s][info][gc,heap        ] GC(516) ParOldGen: 57885K->57885K(699392K)
[185.596s][info][gc,metaspace   ] GC(516) Metaspace: 23775K(24832K)->23775K(24832K) NonClass: 20847K(21504K)->20847K(21504K) Class: 2927K(3328K)->2927K(3328K)
[185.596s][info][gc             ] GC(516) Pause Young (Allocation Failure) 332M->56M(994M) 0.775ms
[185.596s][info][gc,cpu         ] GC(516) User=0.00s Sys=0.00s Real=0.00s
[185.654s][info][gc,start       ] GC(517) Pause Young (Allocation Failure)
[185.654s][info][gc,heap        ] GC(517) PSYoungGen: 287232K->0K(317440K)
[185.654s][info][gc,heap        ] GC(517) ParOldGen: 57885K->57885K(699392K)
[185.654s][info][gc,metaspace   ] GC(517) Metaspace: 23775K(24832K)->23775K(24832K) NonClass: 20847K(21504K)->20847K(21504K) Class: 2927K(3328K)->2927K(3328K)
[185.654s][info][gc             ] GC(517) Pause Young (Allocation Failure) 337M->56M(993M) 0.806ms
[185.654s][info][gc,cpu         ] GC(517) User=0.00s Sys=0.00s Real=0.00s
[185.712s][info][gc,start       ] GC(518) Pause Young (Allocation Failure)
[185.713s][info][gc,heap        ] GC(518) PSYoungGen: 287232K->0K(322048K)
[185.713s][info][gc,heap        ] GC(518) ParOldGen: 57885K->57885K(699392K)
[185.713s][info][gc,metaspace   ] GC(518) Metaspace: 23775K(24832K)->23775K(24832K) NonClass: 20847K(21504K)->20847K(21504K) Class: 2927K(3328K)->2927K(3328K)
[185.713s][info][gc             ] GC(518) Pause Young (Allocation Failure) 337M->56M(997M) 0.760ms
[185.713s][info][gc,cpu         ] GC(518) User=0.00s Sys=0.00s Real=0.00s
[185.748s][info][gc,start       ] GC(519) Pause Young (System.gc())
[185.749s][info][gc,heap        ] GC(519) PSYoungGen: 93871K->646K(320512K)
[185.750s][info][gc,heap        ] GC(519) ParOldGen: 57885K->57885K(699392K)
[185.750s][info][gc,metaspace   ] GC(519) Metaspace: 23775K(24832K)->23775K(24832K) NonClass: 20847K(21504K)->20847K(21504K) Class: 2927K(3328K)->2927K(3328K)
[185.750s][info][gc             ] GC(519) Pause Young (System.gc()) 148M->57M(996M) 1.177ms
[185.750s][info][gc,cpu         ] GC(519) User=0.00s Sys=0.00s Real=0.00s
[185.750s][info][gc,start       ] GC(520) Pause Full (System.gc())
[185.750s][info][gc,phases,start] GC(520) Marking Phase
[185.756s][info][gc,phases      ] GC(520) Marking Phase 6.181ms
[185.756s][info][gc,phases,start] GC(520) Summary Phase
[185.756s][info][gc,phases      ] GC(520) Summary Phase 0.009ms
[185.756s][info][gc,phases,start] GC(520) Adjust Roots
[185.758s][info][gc,phases      ] GC(520) Adjust Roots 2.521ms
[185.758s][info][gc,phases,start] GC(520) Compaction Phase
[185.760s][info][gc,phases      ] GC(520) Compaction Phase 1.761ms
[185.760s][info][gc,phases,start] GC(520) Post Compact
[185.761s][info][gc,phases      ] GC(520) Post Compact 0.491ms
[185.761s][info][gc,heap        ] GC(520) PSYoungGen: 646K->0K(320512K)
[185.761s][info][gc,heap        ] GC(520) ParOldGen: 57885K->4984K(699392K)
[185.761s][info][gc,metaspace   ] GC(520) Metaspace: 23775K(24832K)->23775K(24832K) NonClass: 20847K(21504K)->20847K(21504K) Class: 2927K(3328K)->2927K(3328K)
[185.761s][info][gc             ] GC(520) Pause Full (System.gc()) 57M->4M(996M) 11.202ms
[185.761s][info][gc,cpu         ] GC(520) User=0.02s Sys=0.00s Real=0.02s
[187.521s][info][gc,start       ] GC(521) Pause Young (Allocation Failure)
[187.532s][info][gc,heap        ] GC(521) PSYoungGen: 293376K->25589K(311296K)
[187.532s][info][gc,heap        ] GC(521) ParOldGen: 4984K->5488K(699392K)
[187.532s][info][gc,metaspace   ] GC(521) Metaspace: 23790K(24832K)->23790K(24832K) NonClass: 20863K(21504K)->20863K(21504K) Class: 2927K(3328K)->2927K(3328K)
[187.532s][info][gc             ] GC(521) Pause Young (Allocation Failure) 291M->30M(987M) 11.291ms
[187.532s][info][gc,cpu         ] GC(521) User=0.02s Sys=0.00s Real=0.02s
[187.590s][info][gc,start       ] GC(522) Pause Young (Allocation Failure)
[187.607s][info][gc,heap        ] GC(522) PSYoungGen: 311285K->0K(317440K)
[187.607s][info][gc,heap        ] GC(522) ParOldGen: 5488K->31159K(699392K)
[187.607s][info][gc,metaspace   ] GC(522) Metaspace: 23790K(24832K)->23790K(24832K) NonClass: 20863K(21504K)->20863K(21504K) Class: 2927K(3328K)->2927K(3328K)
[187.607s][info][gc             ] GC(522) Pause Young (Allocation Failure) 309M->30M(993M) 16.930ms
[187.607s][info][gc,cpu         ] GC(522) User=0.08s Sys=0.00s Real=0.02s
[187.665s][info][gc,start       ] GC(523) Pause Young (Allocation Failure)
[187.665s][info][gc,heap        ] GC(523) PSYoungGen: 285696K->0K(320512K)
[187.665s][info][gc,heap        ] GC(523) ParOldGen: 31159K->31159K(699392K)
[187.665s][info][gc,metaspace   ] GC(523) Metaspace: 23790K(24832K)->23790K(24832K) NonClass: 20863K(21504K)->20863K(21504K) Class: 2927K(3328K)->2927K(3328K)
[187.665s][info][gc             ] GC(523) Pause Young (Allocation Failure) 309M->30M(996M) 0.685ms
[187.665s][info][gc,cpu         ] GC(523) User=0.00s Sys=0.00s Real=0.00s
[187.724s][info][gc,start       ] GC(524) Pause Young (Allocation Failure)
[187.725s][info][gc,heap        ] GC(524) PSYoungGen: 290304K->0K(318976K)
[187.725s][info][gc,heap        ] GC(524) ParOldGen: 31159K->31159K(699392K)
[187.725s][info][gc,metaspace   ] GC(524) Metaspace: 23790K(24832K)->23790K(24832K) NonClass: 20863K(21504K)->20863K(21504K) Class: 2927K(3328K)->2927K(3328K)
[187.725s][info][gc             ] GC(524) Pause Young (Allocation Failure) 313M->30M(994M) 0.827ms
[187.725s][info][gc,cpu         ] GC(524) User=0.00s Sys=0.00s Real=0.00s
[189.499s][info][gc,start       ] GC(525) Pause Young (Allocation Failure)
[189.510s][info][gc,heap        ] GC(525) PSYoungGen: 290304K->26733K(309760K)
[189.510s][info][gc,heap        ] GC(525) ParOldGen: 31159K->31159K(699392K)
[189.510s][info][gc,metaspace   ] GC(525) Metaspace: 23790K(24832K)->23790K(24832K) NonClass: 20863K(21504K)->20863K(21504K) Class: 2927K(3328K)->2927K(3328K)
[189.510s][info][gc             ] GC(525) Pause Young (Allocation Failure) 313M->56M(985M) 11.494ms
[189.510s][info][gc,cpu         ] GC(525) User=0.00s Sys=0.00s Real=0.01s
[189.568s][info][gc,start       ] GC(526) Pause Young (Allocation Failure)
[189.583s][info][gc,heap        ] GC(526) PSYoungGen: 309357K->0K(315904K)
[189.583s][info][gc,heap        ] GC(526) ParOldGen: 31159K->57901K(699392K)
[189.583s][info][gc,metaspace   ] GC(526) Metaspace: 23790K(24832K)->23790K(24832K) NonClass: 20863K(21504K)->20863K(21504K) Class: 2927K(3328K)->2927K(3328K)
[189.583s][info][gc             ] GC(526) Pause Young (Allocation Failure) 332M->56M(991M) 14.766ms
[189.583s][info][gc,cpu         ] GC(526) User=0.02s Sys=0.00s Real=0.01s
[189.640s][info][gc,start       ] GC(527) Pause Young (Allocation Failure)
[189.641s][info][gc,heap        ] GC(527) PSYoungGen: 282624K->0K(318976K)
[189.641s][info][gc,heap        ] GC(527) ParOldGen: 57901K->57901K(699392K)
[189.641s][info][gc,metaspace   ] GC(527) Metaspace: 23790K(24832K)->23790K(24832K) NonClass: 20863K(21504K)->20863K(21504K) Class: 2927K(3328K)->2927K(3328K)
[189.641s][info][gc             ] GC(527) Pause Young (Allocation Failure) 332M->56M(994M) 0.804ms
[189.641s][info][gc,cpu         ] GC(527) User=0.00s Sys=0.00s Real=0.00s
[189.699s][info][gc,start       ] GC(528) Pause Young (Allocation Failure)
[189.700s][info][gc,heap        ] GC(528) PSYoungGen: 287232K->0K(317440K)
[189.700s][info][gc,heap        ] GC(528) ParOldGen: 57901K->57901K(699392K)
[189.700s][info][gc,metaspace   ] GC(528) Metaspace: 23790K(24832K)->23790K(24832K) NonClass: 20863K(21504K)->20863K(21504K) Class: 2927K(3328K)->2927K(3328K)
[189.700s][info][gc             ] GC(528) Pause Young (Allocation Failure) 337M->56M(993M) 0.733ms
[189.700s][info][gc,cpu         ] GC(528) User=0.00s Sys=0.00s Real=0.00s
[189.758s][info][gc,start       ] GC(529) Pause Young (Allocation Failure)
[189.759s][info][gc,heap        ] GC(529) PSYoungGen: 287232K->0K(322048K)
[189.759s][info][gc,heap        ] GC(529) ParOldGen: 57901K->57901K(699392K)
[189.759s][info][gc,metaspace   ] GC(529) Metaspace: 23790K(24832K)->23790K(24832K) NonClass: 20863K(21504K)->20863K(21504K) Class: 2927K(3328K)->2927K(3328K)
[189.759s][info][gc             ] GC(529) Pause Young (Allocation Failure) 337M->56M(997M) 0.679ms
[189.759s][info][gc,cpu         ] GC(529) User=0.00s Sys=0.00s Real=0.00s
[189.794s][info][gc,start       ] GC(530) Pause Young (System.gc())
[189.795s][info][gc,heap        ] GC(530) PSYoungGen: 93871K->678K(320512K)
[189.795s][info][gc,heap        ] GC(530) ParOldGen: 57901K->57901K(699392K)
[189.795s][info][gc,metaspace   ] GC(530) Metaspace: 23792K(24832K)->23792K(24832K) NonClass: 20864K(21504K)->20864K(21504K) Class: 2927K(3328K)->2927K(3328K)
[189.795s][info][gc             ] GC(530) Pause Young (System.gc()) 148M->57M(996M) 1.043ms
[189.795s][info][gc,cpu         ] GC(530) User=0.00s Sys=0.00s Real=0.00s
[189.795s][info][gc,start       ] GC(531) Pause Full (System.gc())
[189.795s][info][gc,phases,start] GC(531) Marking Phase
[189.799s][info][gc,phases      ] GC(531) Marking Phase 4.329ms
[189.799s][info][gc,phases,start] GC(531) Summary Phase
[189.799s][info][gc,phases      ] GC(531) Summary Phase 0.009ms
[189.799s][info][gc,phases,start] GC(531) Adjust Roots
[189.802s][info][gc,phases      ] GC(531) Adjust Roots 2.478ms
[189.802s][info][gc,phases,start] GC(531) Compaction Phase
[189.803s][info][gc,phases      ] GC(531) Compaction Phase 1.664ms
[189.803s][info][gc,phases,start] GC(531) Post Compact
[189.804s][info][gc,phases      ] GC(531) Post Compact 0.348ms
[189.804s][info][gc,heap        ] GC(531) PSYoungGen: 678K->0K(320512K)
[189.804s][info][gc,heap        ] GC(531) ParOldGen: 57901K->4984K(699392K)
[189.804s][info][gc,metaspace   ] GC(531) Metaspace: 23792K(24832K)->23792K(24832K) NonClass: 20864K(21504K)->20864K(21504K) Class: 2927K(3328K)->2927K(3328K)
[189.804s][info][gc             ] GC(531) Pause Full (System.gc()) 57M->4M(996M) 9.092ms
[189.804s][info][gc,cpu         ] GC(531) User=0.00s Sys=0.00s Real=0.00s
[191.563s][info][gc,start       ] GC(532) Pause Young (Allocation Failure)
[191.574s][info][gc,heap        ] GC(532) PSYoungGen: 293376K->25589K(311296K)
[191.574s][info][gc,heap        ] GC(532) ParOldGen: 4984K->5480K(699392K)
[191.574s][info][gc,metaspace   ] GC(532) Metaspace: 23792K(24832K)->23792K(24832K) NonClass: 20864K(21504K)->20864K(21504K) Class: 2927K(3328K)->2927K(3328K)
[191.574s][info][gc             ] GC(532) Pause Young (Allocation Failure) 291M->30M(987M) 11.237ms
[191.574s][info][gc,cpu         ] GC(532) User=0.02s Sys=0.00s Real=0.02s
[191.632s][info][gc,start       ] GC(533) Pause Young (Allocation Failure)
[191.648s][info][gc,heap        ] GC(533) PSYoungGen: 311285K->0K(317440K)
[191.648s][info][gc,heap        ] GC(533) ParOldGen: 5480K->31159K(699392K)
[191.648s][info][gc,metaspace   ] GC(533) Metaspace: 23792K(24832K)->23792K(24832K) NonClass: 20864K(21504K)->20864K(21504K) Class: 2927K(3328K)->2927K(3328K)
[191.648s][info][gc             ] GC(533) Pause Young (Allocation Failure) 309M->30M(993M) 15.892ms
[191.648s][info][gc,cpu         ] GC(533) User=0.02s Sys=0.00s Real=0.01s
[191.706s][info][gc,start       ] GC(534) Pause Young (Allocation Failure)
[191.707s][info][gc,heap        ] GC(534) PSYoungGen: 285696K->0K(320512K)
[191.707s][info][gc,heap        ] GC(534) ParOldGen: 31159K->31159K(699392K)
[191.707s][info][gc,metaspace   ] GC(534) Metaspace: 23792K(24832K)->23792K(24832K) NonClass: 20864K(21504K)->20864K(21504K) Class: 2927K(3328K)->2927K(3328K)
[191.707s][info][gc             ] GC(534) Pause Young (Allocation Failure) 309M->30M(996M) 0.843ms
[191.707s][info][gc,cpu         ] GC(534) User=0.00s Sys=0.00s Real=0.00s
[191.766s][info][gc,start       ] GC(535) Pause Young (Allocation Failure)
[191.766s][info][gc,heap        ] GC(535) PSYoungGen: 290304K->0K(318976K)
[191.766s][info][gc,heap        ] GC(535) ParOldGen: 31159K->31159K(699392K)
[191.766s][info][gc,metaspace   ] GC(535) Metaspace: 23792K(24832K)->23792K(24832K) NonClass: 20864K(21504K)->20864K(21504K) Class: 2927K(3328K)->2927K(3328K)
[191.767s][info][gc             ] GC(535) Pause Young (Allocation Failure) 313M->30M(994M) 0.891ms
[191.767s][info][gc,cpu         ] GC(535) User=0.00s Sys=0.00s Real=0.00s
[193.537s][info][gc,start       ] GC(536) Pause Young (Allocation Failure)
[193.548s][info][gc,heap        ] GC(536) PSYoungGen: 290304K->26765K(309760K)
[193.548s][info][gc,heap        ] GC(536) ParOldGen: 31159K->31159K(699392K)
[193.548s][info][gc,metaspace   ] GC(536) Metaspace: 23792K(24832K)->23792K(24832K) NonClass: 20864K(21504K)->20864K(21504K) Class: 2927K(3328K)->2927K(3328K)
[193.548s][info][gc             ] GC(536) Pause Young (Allocation Failure) 313M->56M(985M) 11.861ms
[193.549s][info][gc,cpu         ] GC(536) User=0.02s Sys=0.00s Real=0.02s
[193.606s][info][gc,start       ] GC(537) Pause Young (Allocation Failure)
[193.622s][info][gc,heap        ] GC(537) PSYoungGen: 309389K->0K(315904K)
[193.622s][info][gc,heap        ] GC(537) ParOldGen: 31159K->57901K(699392K)
[193.622s][info][gc,metaspace   ] GC(537) Metaspace: 23792K(24832K)->23792K(24832K) NonClass: 20864K(21504K)->20864K(21504K) Class: 2927K(3328K)->2927K(3328K)
[193.622s][info][gc             ] GC(537) Pause Young (Allocation Failure) 332M->56M(991M) 15.741ms
[193.622s][info][gc,cpu         ] GC(537) User=0.02s Sys=0.00s Real=0.02s
[193.679s][info][gc,start       ] GC(538) Pause Young (Allocation Failure)
[193.680s][info][gc,heap        ] GC(538) PSYoungGen: 282624K->0K(318976K)
[193.680s][info][gc,heap        ] GC(538) ParOldGen: 57901K->57901K(699392K)
[193.680s][info][gc,metaspace   ] GC(538) Metaspace: 23792K(24832K)->23792K(24832K) NonClass: 20864K(21504K)->20864K(21504K) Class: 2927K(3328K)->2927K(3328K)
[193.680s][info][gc             ] GC(538) Pause Young (Allocation Failure) 332M->56M(994M) 0.652ms
[193.680s][info][gc,cpu         ] GC(538) User=0.00s Sys=0.00s Real=0.00s
[193.738s][info][gc,start       ] GC(539) Pause Young (Allocation Failure)
[193.739s][info][gc,heap        ] GC(539) PSYoungGen: 287232K->0K(317440K)
[193.739s][info][gc,heap        ] GC(539) ParOldGen: 57901K->57901K(699392K)
[193.739s][info][gc,metaspace   ] GC(539) Metaspace: 23792K(24832K)->23792K(24832K) NonClass: 20864K(21504K)->20864K(21504K) Class: 2927K(3328K)->2927K(3328K)
[193.739s][info][gc             ] GC(539) Pause Young (Allocation Failure) 337M->56M(993M) 0.490ms
[193.739s][info][gc,cpu         ] GC(539) User=0.00s Sys=0.00s Real=0.00s
[193.797s][info][gc,start       ] GC(540) Pause Young (Allocation Failure)
[193.798s][info][gc,heap        ] GC(540) PSYoungGen: 287232K->0K(322048K)
[193.798s][info][gc,heap        ] GC(540) ParOldGen: 57901K->57901K(699392K)
[193.798s][info][gc,metaspace   ] GC(540) Metaspace: 23792K(24832K)->23792K(24832K) NonClass: 20864K(21504K)->20864K(21504K) Class: 2927K(3328K)->2927K(3328K)
[193.798s][info][gc             ] GC(540) Pause Young (Allocation Failure) 337M->56M(997M) 0.569ms
[193.798s][info][gc,cpu         ] GC(540) User=0.00s Sys=0.00s Real=0.00s
[193.832s][info][gc,start       ] GC(541) Pause Young (System.gc())
[193.833s][info][gc,heap        ] GC(541) PSYoungGen: 93871K->678K(320512K)
[193.833s][info][gc,heap        ] GC(541) ParOldGen: 57901K->57901K(699392K)
[193.833s][info][gc,metaspace   ] GC(541) Metaspace: 23792K(24832K)->23792K(24832K) NonClass: 20864K(21504K)->20864K(21504K) Class: 2927K(3328K)->2927K(3328K)
[193.833s][info][gc             ] GC(541) Pause Young (System.gc()) 148M->57M(996M) 1.071ms
[193.833s][info][gc,cpu         ] GC(541) User=0.00s Sys=0.00s Real=0.00s
[193.833s][info][gc,start       ] GC(542) Pause Full (System.gc())
[193.833s][info][gc,phases,start] GC(542) Marking Phase
[193.838s][info][gc,phases      ] GC(542) Marking Phase 4.894ms
[193.838s][info][gc,phases,start] GC(542) Summary Phase
[193.838s][info][gc,phases      ] GC(542) Summary Phase 0.009ms
[193.838s][info][gc,phases,start] GC(542) Adjust Roots
[193.840s][info][gc,phases      ] GC(542) Adjust Roots 2.479ms
[193.841s][info][gc,phases,start] GC(542) Compaction Phase
[193.843s][info][gc,phases      ] GC(542) Compaction Phase 2.602ms
[193.843s][info][gc,phases,start] GC(542) Post Compact
[193.844s][info][gc,phases      ] GC(542) Post Compact 0.339ms
[193.844s][info][gc,heap        ] GC(542) PSYoungGen: 678K->0K(320512K)
[193.844s][info][gc,heap        ] GC(542) ParOldGen: 57901K->4984K(699392K)
[193.844s][info][gc,metaspace   ] GC(542) Metaspace: 23792K(24832K)->23792K(24832K) NonClass: 20864K(21504K)->20864K(21504K) Class: 2927K(3328K)->2927K(3328K)
[193.844s][info][gc             ] GC(542) Pause Full (System.gc()) 57M->4M(996M) 10.517ms
[193.844s][info][gc,cpu         ] GC(542) User=0.00s Sys=0.00s Real=0.00s
[195.604s][info][gc,start       ] GC(543) Pause Young (Allocation Failure)
[195.615s][info][gc,heap        ] GC(543) PSYoungGen: 293376K->25589K(311296K)
[195.615s][info][gc,heap        ] GC(543) ParOldGen: 4984K->5480K(699392K)
[195.615s][info][gc,metaspace   ] GC(543) Metaspace: 23792K(24832K)->23792K(24832K) NonClass: 20864K(21504K)->20864K(21504K) Class: 2927K(3328K)->2927K(3328K)
[195.615s][info][gc             ] GC(543) Pause Young (Allocation Failure) 291M->30M(987M) 11.247ms
[195.615s][info][gc,cpu         ] GC(543) User=0.00s Sys=0.00s Real=0.00s
[195.674s][info][gc,start       ] GC(544) Pause Young (Allocation Failure)
[195.691s][info][gc,heap        ] GC(544) PSYoungGen: 311285K->0K(317440K)
[195.691s][info][gc,heap        ] GC(544) ParOldGen: 5480K->31159K(699392K)
[195.691s][info][gc,metaspace   ] GC(544) Metaspace: 23792K(24832K)->23792K(24832K) NonClass: 20864K(21504K)->20864K(21504K) Class: 2927K(3328K)->2927K(3328K)
[195.691s][info][gc             ] GC(544) Pause Young (Allocation Failure) 309M->30M(993M) 16.896ms
[195.691s][info][gc,cpu         ] GC(544) User=0.08s Sys=0.00s Real=0.02s
[195.750s][info][gc,start       ] GC(545) Pause Young (Allocation Failure)
[195.750s][info][gc,heap        ] GC(545) PSYoungGen: 285696K->0K(320512K)
[195.750s][info][gc,heap        ] GC(545) ParOldGen: 31159K->31159K(699392K)
[195.750s][info][gc,metaspace   ] GC(545) Metaspace: 23792K(24832K)->23792K(24832K) NonClass: 20864K(21504K)->20864K(21504K) Class: 2927K(3328K)->2927K(3328K)
[195.750s][info][gc             ] GC(545) Pause Young (Allocation Failure) 309M->30M(996M) 0.420ms
[195.750s][info][gc,cpu         ] GC(545) User=0.00s Sys=0.00s Real=0.00s
[195.809s][info][gc,start       ] GC(546) Pause Young (Allocation Failure)
[195.809s][info][gc,heap        ] GC(546) PSYoungGen: 290304K->0K(318976K)
[195.810s][info][gc,heap        ] GC(546) ParOldGen: 31159K->31159K(699392K)
[195.810s][info][gc,metaspace   ] GC(546) Metaspace: 23792K(24832K)->23792K(24832K) NonClass: 20864K(21504K)->20864K(21504K) Class: 2927K(3328K)->2927K(3328K)
[195.810s][info][gc             ] GC(546) Pause Young (Allocation Failure) 313M->30M(994M) 0.643ms
[195.810s][info][gc,cpu         ] GC(546) User=0.00s Sys=0.00s Real=0.00s
[197.580s][info][gc,start       ] GC(547) Pause Young (Allocation Failure)
[197.592s][info][gc,heap        ] GC(547) PSYoungGen: 290304K->26733K(309760K)
[197.592s][info][gc,heap        ] GC(547) ParOldGen: 31159K->31159K(699392K)
[197.592s][info][gc,metaspace   ] GC(547) Metaspace: 23792K(24832K)->23792K(24832K) NonClass: 20864K(21504K)->20864K(21504K) Class: 2927K(3328K)->2927K(3328K)
[197.592s][info][gc             ] GC(547) Pause Young (Allocation Failure) 313M->56M(985M) 11.594ms
[197.592s][info][gc,cpu         ] GC(547) User=0.00s Sys=0.00s Real=0.00s
[197.649s][info][gc,start       ] GC(548) Pause Young (Allocation Failure)
[197.667s][info][gc,heap        ] GC(548) PSYoungGen: 309357K->0K(315904K)
[197.667s][info][gc,heap        ] GC(548) ParOldGen: 31159K->57893K(699392K)
[197.667s][info][gc,metaspace   ] GC(548) Metaspace: 23792K(24832K)->23792K(24832K) NonClass: 20864K(21504K)->20864K(21504K) Class: 2927K(3328K)->2927K(3328K)
[197.667s][info][gc             ] GC(548) Pause Young (Allocation Failure) 332M->56M(991M) 17.296ms
[197.667s][info][gc,cpu         ] GC(548) User=0.08s Sys=0.00s Real=0.01s
[197.725s][info][gc,start       ] GC(549) Pause Young (Allocation Failure)
[197.725s][info][gc,heap        ] GC(549) PSYoungGen: 282624K->0K(318976K)
[197.725s][info][gc,heap        ] GC(549) ParOldGen: 57893K->57893K(699392K)
[197.725s][info][gc,metaspace   ] GC(549) Metaspace: 23792K(24832K)->23792K(24832K) NonClass: 20864K(21504K)->20864K(21504K) Class: 2927K(3328K)->2927K(3328K)
[197.725s][info][gc             ] GC(549) Pause Young (Allocation Failure) 332M->56M(994M) 0.521ms
[197.725s][info][gc,cpu         ] GC(549) User=0.00s Sys=0.00s Real=0.00s
[197.784s][info][gc,start       ] GC(550) Pause Young (Allocation Failure)
[197.785s][info][gc,heap        ] GC(550) PSYoungGen: 287232K->0K(317440K)
[197.785s][info][gc,heap        ] GC(550) ParOldGen: 57893K->57893K(699392K)
[197.785s][info][gc,metaspace   ] GC(550) Metaspace: 23792K(24832K)->23792K(24832K) NonClass: 20864K(21504K)->20864K(21504K) Class: 2927K(3328K)->2927K(3328K)
[197.785s][info][gc             ] GC(550) Pause Young (Allocation Failure) 337M->56M(993M) 0.811ms
[197.785s][info][gc,cpu         ] GC(550) User=0.00s Sys=0.00s Real=0.01s
[197.843s][info][gc,start       ] GC(551) Pause Young (Allocation Failure)
[197.844s][info][gc,heap        ] GC(551) PSYoungGen: 287232K->0K(322048K)
[197.844s][info][gc,heap        ] GC(551) ParOldGen: 57893K->57893K(699392K)
[197.844s][info][gc,metaspace   ] GC(551) Metaspace: 23792K(24832K)->23792K(24832K) NonClass: 20864K(21504K)->20864K(21504K) Class: 2927K(3328K)->2927K(3328K)
[197.844s][info][gc             ] GC(551) Pause Young (Allocation Failure) 337M->56M(997M) 0.590ms
[197.844s][info][gc,cpu         ] GC(551) User=0.00s Sys=0.00s Real=0.00s
[197.879s][info][gc,start       ] GC(552) Pause Young (System.gc())
[197.880s][info][gc,heap        ] GC(552) PSYoungGen: 93871K->646K(320512K)
[197.880s][info][gc,heap        ] GC(552) ParOldGen: 57893K->57893K(699392K)
[197.880s][info][gc,metaspace   ] GC(552) Metaspace: 23792K(24832K)->23792K(24832K) NonClass: 20864K(21504K)->20864K(21504K) Class: 2927K(3328K)->2927K(3328K)
[197.880s][info][gc             ] GC(552) Pause Young (System.gc()) 148M->57M(996M) 1.011ms
[197.880s][info][gc,cpu         ] GC(552) User=0.00s Sys=0.00s Real=0.00s
[197.880s][info][gc,start       ] GC(553) Pause Full (System.gc())
[197.880s][info][gc,phases,start] GC(553) Marking Phase
[197.884s][info][gc,phases      ] GC(553) Marking Phase 4.678ms
[197.884s][info][gc,phases,start] GC(553) Summary Phase
[197.884s][info][gc,phases      ] GC(553) Summary Phase 0.015ms
[197.884s][info][gc,phases,start] GC(553) Adjust Roots
[197.887s][info][gc,phases      ] GC(553) Adjust Roots 2.558ms
[197.887s][info][gc,phases,start] GC(553) Compaction Phase
[197.889s][info][gc,phases      ] GC(553) Compaction Phase 2.221ms
[197.889s][info][gc,phases,start] GC(553) Post Compact
[197.890s][info][gc,phases      ] GC(553) Post Compact 0.339ms
[197.890s][info][gc,heap        ] GC(553) PSYoungGen: 646K->0K(320512K)
[197.890s][info][gc,heap        ] GC(553) ParOldGen: 57893K->4984K(699392K)
[197.890s][info][gc,metaspace   ] GC(553) Metaspace: 23792K(24832K)->23792K(24832K) NonClass: 20864K(21504K)->20864K(21504K) Class: 2927K(3328K)->2927K(3328K)
[197.890s][info][gc             ] GC(553) Pause Full (System.gc()) 57M->4M(996M) 10.056ms
[197.890s][info][gc,cpu         ] GC(553) User=0.00s Sys=0.00s Real=0.00s
[199.649s][info][gc,start       ] GC(554) Pause Young (Allocation Failure)
[199.660s][info][gc,heap        ] GC(554) PSYoungGen: 293376K->25589K(311296K)
[199.660s][info][gc,heap        ] GC(554) ParOldGen: 4984K->5480K(699392K)
[199.660s][info][gc,metaspace   ] GC(554) Metaspace: 23792K(24832K)->23792K(24832K) NonClass: 20864K(21504K)->20864K(21504K) Class: 2927K(3328K)->2927K(3328K)
[199.660s][info][gc             ] GC(554) Pause Young (Allocation Failure) 291M->30M(987M) 11.275ms
[199.660s][info][gc,cpu         ] GC(554) User=0.02s Sys=0.00s Real=0.01s
[199.719s][info][gc,start       ] GC(555) Pause Young (Allocation Failure)
[199.736s][info][gc,heap        ] GC(555) PSYoungGen: 311285K->0K(317440K)
[199.738s][info][gc,heap        ] GC(555) ParOldGen: 5480K->31167K(699392K)
[199.738s][info][gc,metaspace   ] GC(555) Metaspace: 23792K(24832K)->23792K(24832K) NonClass: 20864K(21504K)->20864K(21504K) Class: 2927K(3328K)->2927K(3328K)
[199.738s][info][gc             ] GC(555) Pause Young (Allocation Failure) 309M->30M(993M) 19.222ms
[199.738s][info][gc,cpu         ] GC(555) User=0.08s Sys=0.00s Real=0.02s
[199.797s][info][gc,start       ] GC(556) Pause Young (Allocation Failure)
[199.797s][info][gc,heap        ] GC(556) PSYoungGen: 285696K->0K(320512K)
[199.797s][info][gc,heap        ] GC(556) ParOldGen: 31167K->31167K(699392K)
[199.797s][info][gc,metaspace   ] GC(556) Metaspace: 23792K(24832K)->23792K(24832K) NonClass: 20864K(21504K)->20864K(21504K) Class: 2927K(3328K)->2927K(3328K)
[199.797s][info][gc             ] GC(556) Pause Young (Allocation Failure) 309M->30M(996M) 0.634ms
[199.797s][info][gc,cpu         ] GC(556) User=0.00s Sys=0.00s Real=0.00s
[199.856s][info][gc,start       ] GC(557) Pause Young (Allocation Failure)
[199.856s][info][gc,heap        ] GC(557) PSYoungGen: 290304K->0K(318976K)
[199.856s][info][gc,heap        ] GC(557) ParOldGen: 31167K->31167K(699392K)
[199.856s][info][gc,metaspace   ] GC(557) Metaspace: 23792K(24832K)->23792K(24832K) NonClass: 20864K(21504K)->20864K(21504K) Class: 2927K(3328K)->2927K(3328K)
[199.856s][info][gc             ] GC(557) Pause Young (Allocation Failure) 313M->30M(994M) 0.596ms
[199.856s][info][gc,cpu         ] GC(557) User=0.00s Sys=0.00s Real=0.01s
[201.629s][info][gc,start       ] GC(558) Pause Young (Allocation Failure)
[201.641s][info][gc,heap        ] GC(558) PSYoungGen: 290304K->26747K(309760K)
[201.641s][info][gc,heap        ] GC(558) ParOldGen: 31167K->31167K(699392K)
[201.641s][info][gc,metaspace   ] GC(558) Metaspace: 23792K(24832K)->23792K(24832K) NonClass: 20864K(21504K)->20864K(21504K) Class: 2927K(3328K)->2927K(3328K)
[201.641s][info][gc             ] GC(558) Pause Young (Allocation Failure) 313M->56M(985M) 11.586ms
[201.641s][info][gc,cpu         ] GC(558) User=0.02s Sys=0.00s Real=0.02s
[201.699s][info][gc,start       ] GC(559) Pause Young (Allocation Failure)
[201.715s][info][gc,heap        ] GC(559) PSYoungGen: 309371K->0K(315904K)
[201.715s][info][gc,heap        ] GC(559) ParOldGen: 31167K->57901K(699392K)
[201.715s][info][gc,metaspace   ] GC(559) Metaspace: 23792K(24832K)->23792K(24832K) NonClass: 20864K(21504K)->20864K(21504K) Class: 2927K(3328K)->2927K(3328K)
[201.715s][info][gc             ] GC(559) Pause Young (Allocation Failure) 332M->56M(991M) 16.125ms
[201.715s][info][gc,cpu         ] GC(559) User=0.02s Sys=0.00s Real=0.02s
[201.772s][info][gc,start       ] GC(560) Pause Young (Allocation Failure)
[201.773s][info][gc,heap        ] GC(560) PSYoungGen: 282624K->0K(318976K)
[201.773s][info][gc,heap        ] GC(560) ParOldGen: 57901K->57901K(699392K)
[201.773s][info][gc,metaspace   ] GC(560) Metaspace: 23792K(24832K)->23792K(24832K) NonClass: 20864K(21504K)->20864K(21504K) Class: 2927K(3328K)->2927K(3328K)
[201.773s][info][gc             ] GC(560) Pause Young (Allocation Failure) 332M->56M(994M) 0.791ms
[201.773s][info][gc,cpu         ] GC(560) User=0.00s Sys=0.00s Real=0.00s
[201.831s][info][gc,start       ] GC(561) Pause Young (Allocation Failure)
[201.832s][info][gc,heap        ] GC(561) PSYoungGen: 287232K->0K(317440K)
[201.832s][info][gc,heap        ] GC(561) ParOldGen: 57901K->57901K(699392K)
[201.832s][info][gc,metaspace   ] GC(561) Metaspace: 23792K(24832K)->23792K(24832K) NonClass: 20864K(21504K)->20864K(21504K) Class: 2927K(3328K)->2927K(3328K)
[201.832s][info][gc             ] GC(561) Pause Young (Allocation Failure) 337M->56M(993M) 0.986ms
[201.832s][info][gc,cpu         ] GC(561) User=0.00s Sys=0.00s Real=0.00s
[201.890s][info][gc,start       ] GC(562) Pause Young (Allocation Failure)
[201.891s][info][gc,heap        ] GC(562) PSYoungGen: 287232K->0K(322048K)
[201.891s][info][gc,heap        ] GC(562) ParOldGen: 57901K->57901K(699392K)
[201.891s][info][gc,metaspace   ] GC(562) Metaspace: 23792K(24832K)->23792K(24832K) NonClass: 20864K(21504K)->20864K(21504K) Class: 2927K(3328K)->2927K(3328K)
[201.891s][info][gc             ] GC(562) Pause Young (Allocation Failure) 337M->56M(997M) 0.920ms
[201.891s][info][gc,cpu         ] GC(562) User=0.00s Sys=0.00s Real=0.00s
[201.925s][info][gc,start       ] GC(563) Pause Young (System.gc())
[201.926s][info][gc,heap        ] GC(563) PSYoungGen: 93871K->678K(320512K)
[201.926s][info][gc,heap        ] GC(563) ParOldGen: 57901K->57901K(699392K)
[201.926s][info][gc,metaspace   ] GC(563) Metaspace: 23792K(24832K)->23792K(24832K) NonClass: 20864K(21504K)->20864K(21504K) Class: 2927K(3328K)->2927K(3328K)
[201.927s][info][gc             ] GC(563) Pause Young (System.gc()) 148M->57M(996M) 1.041ms
[201.927s][info][gc,cpu         ] GC(563) User=0.00s Sys=0.00s Real=0.00s
[201.927s][info][gc,start       ] GC(564) Pause Full (System.gc())
[201.927s][info][gc,phases,start] GC(564) Marking Phase
[201.931s][info][gc,phases      ] GC(564) Marking Phase 4.474ms
[201.931s][info][gc,phases,start] GC(564) Summary Phase
[201.931s][info][gc,phases      ] GC(564) Summary Phase 0.009ms
[201.931s][info][gc,phases,start] GC(564) Adjust Roots
[201.934s][info][gc,phases      ] GC(564) Adjust Roots 2.596ms
[201.934s][info][gc,phases,start] GC(564) Compaction Phase
[201.936s][info][gc,phases      ] GC(564) Compaction Phase 2.365ms
[201.936s][info][gc,phases,start] GC(564) Post Compact
[201.936s][info][gc,phases      ] GC(564) Post Compact 0.295ms
[201.937s][info][gc,heap        ] GC(564) PSYoungGen: 678K->0K(320512K)
[201.937s][info][gc,heap        ] GC(564) ParOldGen: 57901K->4984K(699392K)
[201.937s][info][gc,metaspace   ] GC(564) Metaspace: 23792K(24832K)->23792K(24832K) NonClass: 20864K(21504K)->20864K(21504K) Class: 2927K(3328K)->2927K(3328K)
[201.937s][info][gc             ] GC(564) Pause Full (System.gc()) 57M->4M(996M) 10.000ms
[201.937s][info][gc,cpu         ] GC(564) User=0.00s Sys=0.00s Real=0.02s
[203.698s][info][gc,start       ] GC(565) Pause Young (Allocation Failure)
[203.709s][info][gc,heap        ] GC(565) PSYoungGen: 293376K->25589K(311296K)
[203.709s][info][gc,heap        ] GC(565) ParOldGen: 4984K->5488K(699392K)
[203.709s][info][gc,metaspace   ] GC(565) Metaspace: 23792K(24832K)->23792K(24832K) NonClass: 20864K(21504K)->20864K(21504K) Class: 2927K(3328K)->2927K(3328K)
[203.709s][info][gc             ] GC(565) Pause Young (Allocation Failure) 291M->30M(987M) 11.378ms
[203.709s][info][gc,cpu         ] GC(565) User=0.00s Sys=0.00s Real=0.01s
[203.769s][info][gc,start       ] GC(566) Pause Young (Allocation Failure)
[203.786s][info][gc,heap        ] GC(566) PSYoungGen: 311285K->0K(317440K)
[203.786s][info][gc,heap        ] GC(566) ParOldGen: 5488K->31167K(699392K)
[203.786s][info][gc,metaspace   ] GC(566) Metaspace: 23792K(24832K)->23792K(24832K) NonClass: 20864K(21504K)->20864K(21504K) Class: 2927K(3328K)->2927K(3328K)
[203.786s][info][gc             ] GC(566) Pause Young (Allocation Failure) 309M->30M(993M) 17.621ms
[203.786s][info][gc,cpu         ] GC(566) User=0.03s Sys=0.00s Real=0.02s
[203.845s][info][gc,start       ] GC(567) Pause Young (Allocation Failure)
[203.845s][info][gc,heap        ] GC(567) PSYoungGen: 285696K->0K(320512K)
[203.845s][info][gc,heap        ] GC(567) ParOldGen: 31167K->31167K(699392K)
[203.845s][info][gc,metaspace   ] GC(567) Metaspace: 23792K(24832K)->23792K(24832K) NonClass: 20864K(21504K)->20864K(21504K) Class: 2927K(3328K)->2927K(3328K)
[203.845s][info][gc             ] GC(567) Pause Young (Allocation Failure) 309M->30M(996M) 0.662ms
[203.845s][info][gc,cpu         ] GC(567) User=0.00s Sys=0.00s Real=0.00s
[203.904s][info][gc,start       ] GC(568) Pause Young (Allocation Failure)
[203.904s][info][gc,heap        ] GC(568) PSYoungGen: 290304K->0K(318976K)
[203.904s][info][gc,heap        ] GC(568) ParOldGen: 31167K->31167K(699392K)
[203.904s][info][gc,metaspace   ] GC(568) Metaspace: 23792K(24832K)->23792K(24832K) NonClass: 20864K(21504K)->20864K(21504K) Class: 2927K(3328K)->2927K(3328K)
[203.905s][info][gc             ] GC(568) Pause Young (Allocation Failure) 313M->30M(994M) 0.789ms
[203.905s][info][gc,cpu         ] GC(568) User=0.00s Sys=0.00s Real=0.00s
[205.672s][info][gc,start       ] GC(569) Pause Young (Allocation Failure)
[205.684s][info][gc,heap        ] GC(569) PSYoungGen: 290304K->26715K(309760K)
[205.684s][info][gc,heap        ] GC(569) ParOldGen: 31167K->31167K(699392K)
[205.684s][info][gc,metaspace   ] GC(569) Metaspace: 23792K(24832K)->23792K(24832K) NonClass: 20864K(21504K)->20864K(21504K) Class: 2927K(3328K)->2927K(3328K)
[205.684s][info][gc             ] GC(569) Pause Young (Allocation Failure) 313M->56M(985M) 11.712ms
[205.684s][info][gc,cpu         ] GC(569) User=0.02s Sys=0.00s Real=0.02s
[205.741s][info][gc,start       ] GC(570) Pause Young (Allocation Failure)
[205.757s][info][gc,heap        ] GC(570) PSYoungGen: 309339K->0K(315904K)
[205.757s][info][gc,heap        ] GC(570) ParOldGen: 31167K->57893K(699392K)
[205.757s][info][gc,metaspace   ] GC(570) Metaspace: 23792K(24832K)->23792K(24832K) NonClass: 20864K(21504K)->20864K(21504K) Class: 2927K(3328K)->2927K(3328K)
[205.757s][info][gc             ] GC(570) Pause Young (Allocation Failure) 332M->56M(991M) 15.785ms
[205.757s][info][gc,cpu         ] GC(570) User=0.02s Sys=0.00s Real=0.01s
[205.815s][info][gc,start       ] GC(571) Pause Young (Allocation Failure)
[205.815s][info][gc,heap        ] GC(571) PSYoungGen: 282624K->0K(318976K)
[205.815s][info][gc,heap        ] GC(571) ParOldGen: 57893K->57893K(699392K)
[205.815s][info][gc,metaspace   ] GC(571) Metaspace: 23792K(24832K)->23792K(24832K) NonClass: 20864K(21504K)->20864K(21504K) Class: 2927K(3328K)->2927K(3328K)
[205.815s][info][gc             ] GC(571) Pause Young (Allocation Failure) 332M->56M(994M) 0.653ms
[205.815s][info][gc,cpu         ] GC(571) User=0.00s Sys=0.00s Real=0.00s
[205.873s][info][gc,start       ] GC(572) Pause Young (Allocation Failure)
[205.874s][info][gc,heap        ] GC(572) PSYoungGen: 287232K->0K(317440K)
[205.874s][info][gc,heap        ] GC(572) ParOldGen: 57893K->57893K(699392K)
[205.874s][info][gc,metaspace   ] GC(572) Metaspace: 23792K(24832K)->23792K(24832K) NonClass: 20864K(21504K)->20864K(21504K) Class: 2927K(3328K)->2927K(3328K)
[205.874s][info][gc             ] GC(572) Pause Young (Allocation Failure) 337M->56M(993M) 0.713ms
[205.874s][info][gc,cpu         ] GC(572) User=0.00s Sys=0.00s Real=0.00s
[205.932s][info][gc,start       ] GC(573) Pause Young (Allocation Failure)
[205.932s][info][gc,heap        ] GC(573) PSYoungGen: 287232K->0K(322048K)
[205.933s][info][gc,heap        ] GC(573) ParOldGen: 57893K->57893K(699392K)
[205.933s][info][gc,metaspace   ] GC(573) Metaspace: 23792K(24832K)->23792K(24832K) NonClass: 20864K(21504K)->20864K(21504K) Class: 2927K(3328K)->2927K(3328K)
[205.933s][info][gc             ] GC(573) Pause Young (Allocation Failure) 337M->56M(997M) 0.684ms
[205.933s][info][gc,cpu         ] GC(573) User=0.00s Sys=0.00s Real=0.00s
[205.967s][info][gc,start       ] GC(574) Pause Young (System.gc())
[205.968s][info][gc,heap        ] GC(574) PSYoungGen: 93871K->646K(320512K)
[205.968s][info][gc,heap        ] GC(574) ParOldGen: 57893K->57893K(699392K)
[205.968s][info][gc,metaspace   ] GC(574) Metaspace: 23792K(24832K)->23792K(24832K) NonClass: 20864K(21504K)->20864K(21504K) Class: 2927K(3328K)->2927K(3328K)
[205.968s][info][gc             ] GC(574) Pause Young (System.gc()) 148M->57M(996M) 1.006ms
[205.968s][info][gc,cpu         ] GC(574) User=0.00s Sys=0.00s Real=0.00s
[205.968s][info][gc,start       ] GC(575) Pause Full (System.gc())
[205.968s][info][gc,phases,start] GC(575) Marking Phase
[205.972s][info][gc,phases      ] GC(575) Marking Phase 4.772ms
[205.973s][info][gc,phases,start] GC(575) Summary Phase
[205.973s][info][gc,phases      ] GC(575) Summary Phase 0.010ms
[205.973s][info][gc,phases,start] GC(575) Adjust Roots
[205.975s][info][gc,phases      ] GC(575) Adjust Roots 2.468ms
[205.975s][info][gc,phases,start] GC(575) Compaction Phase
[205.978s][info][gc,phases      ] GC(575) Compaction Phase 2.623ms
[205.978s][info][gc,phases,start] GC(575) Post Compact
[205.978s][info][gc,phases      ] GC(575) Post Compact 0.337ms
[205.978s][info][gc,heap        ] GC(575) PSYoungGen: 646K->0K(320512K)
[205.978s][info][gc,heap        ] GC(575) ParOldGen: 57893K->4984K(699392K)
[205.978s][info][gc,metaspace   ] GC(575) Metaspace: 23792K(24832K)->23792K(24832K) NonClass: 20864K(21504K)->20864K(21504K) Class: 2927K(3328K)->2927K(3328K)
[205.978s][info][gc             ] GC(575) Pause Full (System.gc()) 57M->4M(996M) 10.477ms
[205.978s][info][gc,cpu         ] GC(575) User=0.00s Sys=0.00s Real=0.00s
[207.737s][info][gc,start       ] GC(576) Pause Young (Allocation Failure)
[207.749s][info][gc,heap        ] GC(576) PSYoungGen: 293376K->25575K(311296K)
[207.749s][info][gc,heap        ] GC(576) ParOldGen: 4984K->5520K(699392K)
[207.749s][info][gc,metaspace   ] GC(576) Metaspace: 23794K(24832K)->23794K(24832K) NonClass: 20866K(21504K)->20866K(21504K) Class: 2927K(3328K)->2927K(3328K)
[207.749s][info][gc             ] GC(576) Pause Young (Allocation Failure) 291M->30M(987M) 11.422ms
[207.749s][info][gc,cpu         ] GC(576) User=0.02s Sys=0.00s Real=0.01s
[207.807s][info][gc,start       ] GC(577) Pause Young (Allocation Failure)
[207.823s][info][gc,heap        ] GC(577) PSYoungGen: 311271K->0K(317440K)
[207.823s][info][gc,heap        ] GC(577) ParOldGen: 5520K->31183K(699392K)
[207.823s][info][gc,metaspace   ] GC(577) Metaspace: 23794K(24832K)->23794K(24832K) NonClass: 20866K(21504K)->20866K(21504K) Class: 2927K(3328K)->2927K(3328K)
[207.823s][info][gc             ] GC(577) Pause Young (Allocation Failure) 309M->30M(993M) 16.324ms
[207.823s][info][gc,cpu         ] GC(577) User=0.05s Sys=0.00s Real=0.01s
[207.881s][info][gc,start       ] GC(578) Pause Young (Allocation Failure)
[207.882s][info][gc,heap        ] GC(578) PSYoungGen: 285696K->0K(320512K)
[207.882s][info][gc,heap        ] GC(578) ParOldGen: 31183K->31183K(699392K)
[207.882s][info][gc,metaspace   ] GC(578) Metaspace: 23794K(24832K)->23794K(24832K) NonClass: 20866K(21504K)->20866K(21504K) Class: 2927K(3328K)->2927K(3328K)
[207.882s][info][gc             ] GC(578) Pause Young (Allocation Failure) 309M->30M(996M) 0.877ms
[207.882s][info][gc,cpu         ] GC(578) User=0.00s Sys=0.00s Real=0.00s
[207.942s][info][gc,start       ] GC(579) Pause Young (Allocation Failure)
[207.943s][info][gc,heap        ] GC(579) PSYoungGen: 290304K->0K(318976K)
[207.943s][info][gc,heap        ] GC(579) ParOldGen: 31183K->31183K(699392K)
[207.943s][info][gc,metaspace   ] GC(579) Metaspace: 23794K(24832K)->23794K(24832K) NonClass: 20866K(21504K)->20866K(21504K) Class: 2927K(3328K)->2927K(3328K)
[207.943s][info][gc             ] GC(579) Pause Young (Allocation Failure) 313M->30M(994M) 0.637ms
[207.943s][info][gc,cpu         ] GC(579) User=0.00s Sys=0.00s Real=0.02s
[209.713s][info][gc,start       ] GC(580) Pause Young (Allocation Failure)
[209.725s][info][gc,heap        ] GC(580) PSYoungGen: 290304K->26733K(309760K)
[209.725s][info][gc,heap        ] GC(580) ParOldGen: 31183K->31183K(699392K)
[209.725s][info][gc,metaspace   ] GC(580) Metaspace: 23794K(24832K)->23794K(24832K) NonClass: 20866K(21504K)->20866K(21504K) Class: 2927K(3328K)->2927K(3328K)
[209.725s][info][gc             ] GC(580) Pause Young (Allocation Failure) 313M->56M(985M) 11.921ms
[209.725s][info][gc,cpu         ] GC(580) User=0.00s Sys=0.00s Real=0.01s
[209.784s][info][gc,start       ] GC(581) Pause Young (Allocation Failure)
[209.801s][info][gc,heap        ] GC(581) PSYoungGen: 309357K->0K(315904K)
[209.801s][info][gc,heap        ] GC(581) ParOldGen: 31183K->57917K(699392K)
[209.801s][info][gc,metaspace   ] GC(581) Metaspace: 23794K(24832K)->23794K(24832K) NonClass: 20866K(21504K)->20866K(21504K) Class: 2927K(3328K)->2927K(3328K)
[209.801s][info][gc             ] GC(581) Pause Young (Allocation Failure) 332M->56M(991M) 17.430ms
[209.801s][info][gc,cpu         ] GC(581) User=0.08s Sys=0.00s Real=0.02s
[209.858s][info][gc,start       ] GC(582) Pause Young (Allocation Failure)
[209.859s][info][gc,heap        ] GC(582) PSYoungGen: 282624K->0K(318976K)
[209.859s][info][gc,heap        ] GC(582) ParOldGen: 57917K->57917K(699392K)
[209.859s][info][gc,metaspace   ] GC(582) Metaspace: 23794K(24832K)->23794K(24832K) NonClass: 20866K(21504K)->20866K(21504K) Class: 2927K(3328K)->2927K(3328K)
[209.859s][info][gc             ] GC(582) Pause Young (Allocation Failure) 332M->56M(994M) 0.666ms
[209.859s][info][gc,cpu         ] GC(582) User=0.00s Sys=0.00s Real=0.00s
[209.917s][info][gc,start       ] GC(583) Pause Young (Allocation Failure)
[209.917s][info][gc,heap        ] GC(583) PSYoungGen: 287232K->0K(317440K)
[209.917s][info][gc,heap        ] GC(583) ParOldGen: 57917K->57917K(699392K)
[209.917s][info][gc,metaspace   ] GC(583) Metaspace: 23794K(24832K)->23794K(24832K) NonClass: 20866K(21504K)->20866K(21504K) Class: 2927K(3328K)->2927K(3328K)
[209.917s][info][gc             ] GC(583) Pause Young (Allocation Failure) 337M->56M(993M) 0.670ms
[209.917s][info][gc,cpu         ] GC(583) User=0.00s Sys=0.00s Real=0.00s
[209.975s][info][gc,start       ] GC(584) Pause Young (Allocation Failure)
[209.976s][info][gc,heap        ] GC(584) PSYoungGen: 287232K->0K(322048K)
[209.976s][info][gc,heap        ] GC(584) ParOldGen: 57917K->57917K(699392K)
[209.976s][info][gc,metaspace   ] GC(584) Metaspace: 23794K(24832K)->23794K(24832K) NonClass: 20866K(21504K)->20866K(21504K) Class: 2927K(3328K)->2927K(3328K)
[209.976s][info][gc             ] GC(584) Pause Young (Allocation Failure) 337M->56M(997M) 0.739ms
[209.976s][info][gc,cpu         ] GC(584) User=0.00s Sys=0.00s Real=0.00s
[210.010s][info][gc,start       ] GC(585) Pause Young (System.gc())
[210.011s][info][gc,heap        ] GC(585) PSYoungGen: 93871K->710K(320512K)
[210.011s][info][gc,heap        ] GC(585) ParOldGen: 57917K->57917K(699392K)
[210.011s][info][gc,metaspace   ] GC(585) Metaspace: 23795K(24832K)->23795K(24832K) NonClass: 20867K(21504K)->20867K(21504K) Class: 2927K(3328K)->2927K(3328K)
[210.011s][info][gc             ] GC(585) Pause Young (System.gc()) 148M->57M(996M) 1.028ms
[210.011s][info][gc,cpu         ] GC(585) User=0.00s Sys=0.00s Real=0.00s
[210.011s][info][gc,start       ] GC(586) Pause Full (System.gc())
[210.011s][info][gc,phases,start] GC(586) Marking Phase
[210.016s][info][gc,phases      ] GC(586) Marking Phase 4.294ms
[210.016s][info][gc,phases,start] GC(586) Summary Phase
[210.016s][info][gc,phases      ] GC(586) Summary Phase 0.009ms
[210.016s][info][gc,phases,start] GC(586) Adjust Roots
[210.019s][info][gc,phases      ] GC(586) Adjust Roots 2.797ms
[210.019s][info][gc,phases,start] GC(586) Compaction Phase
[210.021s][info][gc,phases      ] GC(586) Compaction Phase 2.096ms
[210.021s][info][gc,phases,start] GC(586) Post Compact
[210.021s][info][gc,phases      ] GC(586) Post Compact 0.301ms
[210.021s][info][gc,heap        ] GC(586) PSYoungGen: 710K->0K(320512K)
[210.021s][info][gc,heap        ] GC(586) ParOldGen: 57917K->4984K(699392K)
[210.021s][info][gc,metaspace   ] GC(586) Metaspace: 23795K(24832K)->23795K(24832K) NonClass: 20867K(21504K)->20867K(21504K) Class: 2927K(3328K)->2927K(3328K)
[210.021s][info][gc             ] GC(586) Pause Full (System.gc()) 57M->4M(996M) 9.723ms
[210.021s][info][gc,cpu         ] GC(586) User=0.00s Sys=0.00s Real=0.01s
[211.780s][info][gc,start       ] GC(587) Pause Young (Allocation Failure)
[211.792s][info][gc,heap        ] GC(587) PSYoungGen: 293376K->25589K(311296K)
[211.792s][info][gc,heap        ] GC(587) ParOldGen: 4984K->5488K(699392K)
[211.792s][info][gc,metaspace   ] GC(587) Metaspace: 23796K(24832K)->23796K(24832K) NonClass: 20868K(21504K)->20868K(21504K) Class: 2927K(3328K)->2927K(3328K)
[211.792s][info][gc             ] GC(587) Pause Young (Allocation Failure) 291M->30M(987M) 11.961ms
[211.792s][info][gc,cpu         ] GC(587) User=0.02s Sys=0.00s Real=0.02s
[211.850s][info][gc,start       ] GC(588) Pause Young (Allocation Failure)
[211.867s][info][gc,heap        ] GC(588) PSYoungGen: 311285K->0K(317440K)
[211.867s][info][gc,heap        ] GC(588) ParOldGen: 5488K->31167K(699392K)
[211.867s][info][gc,metaspace   ] GC(588) Metaspace: 23796K(24832K)->23796K(24832K) NonClass: 20868K(21504K)->20868K(21504K) Class: 2927K(3328K)->2927K(3328K)
[211.867s][info][gc             ] GC(588) Pause Young (Allocation Failure) 309M->30M(993M) 16.548ms
[211.867s][info][gc,cpu         ] GC(588) User=0.08s Sys=0.00s Real=0.03s
[211.924s][info][gc,start       ] GC(589) Pause Young (Allocation Failure)
[211.925s][info][gc,heap        ] GC(589) PSYoungGen: 285696K->0K(320512K)
[211.925s][info][gc,heap        ] GC(589) ParOldGen: 31167K->31167K(699392K)
[211.925s][info][gc,metaspace   ] GC(589) Metaspace: 23796K(24832K)->23796K(24832K) NonClass: 20868K(21504K)->20868K(21504K) Class: 2927K(3328K)->2927K(3328K)
[211.925s][info][gc             ] GC(589) Pause Young (Allocation Failure) 309M->30M(996M) 0.600ms
[211.925s][info][gc,cpu         ] GC(589) User=0.00s Sys=0.00s Real=0.00s
[211.984s][info][gc,start       ] GC(590) Pause Young (Allocation Failure)
[211.984s][info][gc,heap        ] GC(590) PSYoungGen: 290304K->0K(318976K)
[211.984s][info][gc,heap        ] GC(590) ParOldGen: 31167K->31167K(699392K)
[211.984s][info][gc,metaspace   ] GC(590) Metaspace: 23796K(24832K)->23796K(24832K) NonClass: 20868K(21504K)->20868K(21504K) Class: 2927K(3328K)->2927K(3328K)
[211.984s][info][gc             ] GC(590) Pause Young (Allocation Failure) 313M->30M(994M) 0.746ms
[211.984s][info][gc,cpu         ] GC(590) User=0.00s Sys=0.00s Real=0.00s
[213.760s][info][gc,start       ] GC(591) Pause Young (Allocation Failure)
[213.773s][info][gc,heap        ] GC(591) PSYoungGen: 290304K->26747K(309760K)
[213.773s][info][gc,heap        ] GC(591) ParOldGen: 31167K->31167K(699392K)
[213.773s][info][gc,metaspace   ] GC(591) Metaspace: 23796K(24832K)->23796K(24832K) NonClass: 20868K(21504K)->20868K(21504K) Class: 2927K(3328K)->2927K(3328K)
[213.773s][info][gc             ] GC(591) Pause Young (Allocation Failure) 313M->56M(985M) 13.452ms
[213.773s][info][gc,cpu         ] GC(591) User=0.00s Sys=0.00s Real=0.02s
[213.832s][info][gc,start       ] GC(592) Pause Young (Allocation Failure)
[213.848s][info][gc,heap        ] GC(592) PSYoungGen: 309371K->0K(315904K)
[213.848s][info][gc,heap        ] GC(592) ParOldGen: 31167K->57901K(699392K)
[213.848s][info][gc,metaspace   ] GC(592) Metaspace: 23796K(24832K)->23796K(24832K) NonClass: 20868K(21504K)->20868K(21504K) Class: 2927K(3328K)->2927K(3328K)
[213.848s][info][gc             ] GC(592) Pause Young (Allocation Failure) 332M->56M(991M) 16.322ms
[213.848s][info][gc,cpu         ] GC(592) User=0.02s Sys=0.00s Real=0.02s
[213.905s][info][gc,start       ] GC(593) Pause Young (Allocation Failure)
[213.906s][info][gc,heap        ] GC(593) PSYoungGen: 282624K->0K(318976K)
[213.906s][info][gc,heap        ] GC(593) ParOldGen: 57901K->57901K(699392K)
[213.906s][info][gc,metaspace   ] GC(593) Metaspace: 23796K(24832K)->23796K(24832K) NonClass: 20868K(21504K)->20868K(21504K) Class: 2927K(3328K)->2927K(3328K)
[213.906s][info][gc             ] GC(593) Pause Young (Allocation Failure) 332M->56M(994M) 0.680ms
[213.906s][info][gc,cpu         ] GC(593) User=0.00s Sys=0.00s Real=0.00s
[213.964s][info][gc,start       ] GC(594) Pause Young (Allocation Failure)
[213.965s][info][gc,heap        ] GC(594) PSYoungGen: 287232K->0K(317440K)
[213.965s][info][gc,heap        ] GC(594) ParOldGen: 57901K->57901K(699392K)
[213.965s][info][gc,metaspace   ] GC(594) Metaspace: 23796K(24832K)->23796K(24832K) NonClass: 20868K(21504K)->20868K(21504K) Class: 2927K(3328K)->2927K(3328K)
[213.965s][info][gc             ] GC(594) Pause Young (Allocation Failure) 337M->56M(993M) 0.758ms
[213.965s][info][gc,cpu         ] GC(594) User=0.00s Sys=0.00s Real=0.00s
[214.023s][info][gc,start       ] GC(595) Pause Young (Allocation Failure)
[214.023s][info][gc,heap        ] GC(595) PSYoungGen: 287232K->0K(322048K)
[214.023s][info][gc,heap        ] GC(595) ParOldGen: 57901K->57901K(699392K)
[214.023s][info][gc,metaspace   ] GC(595) Metaspace: 23796K(24832K)->23796K(24832K) NonClass: 20868K(21504K)->20868K(21504K) Class: 2927K(3328K)->2927K(3328K)
[214.023s][info][gc             ] GC(595) Pause Young (Allocation Failure) 337M->56M(997M) 0.543ms
[214.023s][info][gc,cpu         ] GC(595) User=0.00s Sys=0.00s Real=0.00s
[214.057s][info][gc,start       ] GC(596) Pause Young (System.gc())
[214.058s][info][gc,heap        ] GC(596) PSYoungGen: 93871K->678K(320512K)
[214.058s][info][gc,heap        ] GC(596) ParOldGen: 57901K->57901K(699392K)
[214.058s][info][gc,metaspace   ] GC(596) Metaspace: 23796K(24832K)->23796K(24832K) NonClass: 20868K(21504K)->20868K(21504K) Class: 2927K(3328K)->2927K(3328K)
[214.058s][info][gc             ] GC(596) Pause Young (System.gc()) 148M->57M(996M) 1.010ms
[214.058s][info][gc,cpu         ] GC(596) User=0.00s Sys=0.00s Real=0.00s
[214.058s][info][gc,start       ] GC(597) Pause Full (System.gc())
[214.058s][info][gc,phases,start] GC(597) Marking Phase
[214.063s][info][gc,phases      ] GC(597) Marking Phase 4.786ms
[214.063s][info][gc,phases,start] GC(597) Summary Phase
[214.063s][info][gc,phases      ] GC(597) Summary Phase 0.013ms
[214.063s][info][gc,phases,start] GC(597) Adjust Roots
[214.066s][info][gc,phases      ] GC(597) Adjust Roots 2.509ms
[214.066s][info][gc,phases,start] GC(597) Compaction Phase
[214.068s][info][gc,phases      ] GC(597) Compaction Phase 2.014ms
[214.068s][info][gc,phases,start] GC(597) Post Compact
[214.068s][info][gc,phases      ] GC(597) Post Compact 0.353ms
[214.068s][info][gc,heap        ] GC(597) PSYoungGen: 678K->0K(320512K)
[214.068s][info][gc,heap        ] GC(597) ParOldGen: 57901K->4984K(699392K)
[214.068s][info][gc,metaspace   ] GC(597) Metaspace: 23796K(24832K)->23796K(24832K) NonClass: 20868K(21504K)->20868K(21504K) Class: 2927K(3328K)->2927K(3328K)
[214.068s][info][gc             ] GC(597) Pause Full (System.gc()) 57M->4M(996M) 10.075ms
[214.068s][info][gc,cpu         ] GC(597) User=0.00s Sys=0.00s Real=0.02s
[215.827s][info][gc,start       ] GC(598) Pause Young (Allocation Failure)
[215.838s][info][gc,heap        ] GC(598) PSYoungGen: 293376K->25589K(311296K)
[215.839s][info][gc,heap        ] GC(598) ParOldGen: 4984K->5480K(699392K)
[215.839s][info][gc,metaspace   ] GC(598) Metaspace: 23796K(24832K)->23796K(24832K) NonClass: 20868K(21504K)->20868K(21504K) Class: 2927K(3328K)->2927K(3328K)
[215.839s][info][gc             ] GC(598) Pause Young (Allocation Failure) 291M->30M(987M) 11.110ms
[215.839s][info][gc,cpu         ] GC(598) User=0.00s Sys=0.00s Real=0.00s
[215.897s][info][gc,start       ] GC(599) Pause Young (Allocation Failure)
[215.914s][info][gc,heap        ] GC(599) PSYoungGen: 311285K->0K(317440K)
[215.914s][info][gc,heap        ] GC(599) ParOldGen: 5480K->31159K(699392K)
[215.914s][info][gc,metaspace   ] GC(599) Metaspace: 23796K(24832K)->23796K(24832K) NonClass: 20868K(21504K)->20868K(21504K) Class: 2927K(3328K)->2927K(3328K)
[215.914s][info][gc             ] GC(599) Pause Young (Allocation Failure) 309M->30M(993M) 16.942ms
[215.914s][info][gc,cpu         ] GC(599) User=0.08s Sys=0.00s Real=0.01s
[215.971s][info][gc,start       ] GC(600) Pause Young (Allocation Failure)
[215.972s][info][gc,heap        ] GC(600) PSYoungGen: 285696K->0K(320512K)
[215.972s][info][gc,heap        ] GC(600) ParOldGen: 31159K->31159K(699392K)
[215.972s][info][gc,metaspace   ] GC(600) Metaspace: 23796K(24832K)->23796K(24832K) NonClass: 20868K(21504K)->20868K(21504K) Class: 2927K(3328K)->2927K(3328K)
[215.972s][info][gc             ] GC(600) Pause Young (Allocation Failure) 309M->30M(996M) 0.689ms
[215.972s][info][gc,cpu         ] GC(600) User=0.00s Sys=0.00s Real=0.00s
[216.031s][info][gc,start       ] GC(601) Pause Young (Allocation Failure)
[216.031s][info][gc,heap        ] GC(601) PSYoungGen: 290304K->0K(318976K)
[216.031s][info][gc,heap        ] GC(601) ParOldGen: 31159K->31159K(699392K)
[216.031s][info][gc,metaspace   ] GC(601) Metaspace: 23796K(24832K)->23796K(24832K) NonClass: 20868K(21504K)->20868K(21504K) Class: 2927K(3328K)->2927K(3328K)
[216.031s][info][gc             ] GC(601) Pause Young (Allocation Failure) 313M->30M(994M) 0.646ms
[216.031s][info][gc,cpu         ] GC(601) User=0.00s Sys=0.00s Real=0.00s
[217.803s][info][gc,start       ] GC(602) Pause Young (Allocation Failure)
[217.814s][info][gc,heap        ] GC(602) PSYoungGen: 290304K->26765K(309760K)
[217.814s][info][gc,heap        ] GC(602) ParOldGen: 31159K->31159K(699392K)
[217.814s][info][gc,metaspace   ] GC(602) Metaspace: 23796K(24832K)->23796K(24832K) NonClass: 20868K(21504K)->20868K(21504K) Class: 2927K(3328K)->2927K(3328K)
[217.814s][info][gc             ] GC(602) Pause Young (Allocation Failure) 313M->56M(985M) 11.434ms
[217.814s][info][gc,cpu         ] GC(602) User=0.00s Sys=0.00s Real=0.00s
[217.872s][info][gc,start       ] GC(603) Pause Young (Allocation Failure)
[217.887s][info][gc,heap        ] GC(603) PSYoungGen: 309389K->0K(315904K)
[217.887s][info][gc,heap        ] GC(603) ParOldGen: 31159K->57893K(699392K)
[217.887s][info][gc,metaspace   ] GC(603) Metaspace: 23796K(24832K)->23796K(24832K) NonClass: 20868K(21504K)->20868K(21504K) Class: 2927K(3328K)->2927K(3328K)
[217.887s][info][gc             ] GC(603) Pause Young (Allocation Failure) 332M->56M(991M) 15.002ms
[217.887s][info][gc,cpu         ] GC(603) User=0.02s Sys=0.00s Real=0.02s
[217.944s][info][gc,start       ] GC(604) Pause Young (Allocation Failure)
[217.944s][info][gc,heap        ] GC(604) PSYoungGen: 282624K->0K(318976K)
[217.945s][info][gc,heap        ] GC(604) ParOldGen: 57893K->57893K(699392K)
[217.945s][info][gc,metaspace   ] GC(604) Metaspace: 23796K(24832K)->23796K(24832K) NonClass: 20868K(21504K)->20868K(21504K) Class: 2927K(3328K)->2927K(3328K)
[217.945s][info][gc             ] GC(604) Pause Young (Allocation Failure) 332M->56M(994M) 0.903ms
[217.945s][info][gc,cpu         ] GC(604) User=0.00s Sys=0.00s Real=0.00s
[218.002s][info][gc,start       ] GC(605) Pause Young (Allocation Failure)
[218.003s][info][gc,heap        ] GC(605) PSYoungGen: 287232K->0K(317440K)
[218.003s][info][gc,heap        ] GC(605) ParOldGen: 57893K->57893K(699392K)
[218.003s][info][gc,metaspace   ] GC(605) Metaspace: 23796K(24832K)->23796K(24832K) NonClass: 20868K(21504K)->20868K(21504K) Class: 2927K(3328K)->2927K(3328K)
[218.003s][info][gc             ] GC(605) Pause Young (Allocation Failure) 337M->56M(993M) 0.553ms
[218.003s][info][gc,cpu         ] GC(605) User=0.00s Sys=0.00s Real=0.00s
[218.061s][info][gc,start       ] GC(606) Pause Young (Allocation Failure)
[218.061s][info][gc,heap        ] GC(606) PSYoungGen: 287232K->0K(322048K)
[218.061s][info][gc,heap        ] GC(606) ParOldGen: 57893K->57893K(699392K)
[218.062s][info][gc,metaspace   ] GC(606) Metaspace: 23796K(24832K)->23796K(24832K) NonClass: 20868K(21504K)->20868K(21504K) Class: 2927K(3328K)->2927K(3328K)
[218.062s][info][gc             ] GC(606) Pause Young (Allocation Failure) 337M->56M(997M) 0.764ms
[218.062s][info][gc,cpu         ] GC(606) User=0.00s Sys=0.00s Real=0.00s
[218.096s][info][gc,start       ] GC(607) Pause Young (System.gc())
[218.097s][info][gc,heap        ] GC(607) PSYoungGen: 93871K->678K(320512K)
[218.097s][info][gc,heap        ] GC(607) ParOldGen: 57893K->57893K(699392K)
[218.097s][info][gc,metaspace   ] GC(607) Metaspace: 23796K(24832K)->23796K(24832K) NonClass: 20868K(21504K)->20868K(21504K) Class: 2927K(3328K)->2927K(3328K)
[218.097s][info][gc             ] GC(607) Pause Young (System.gc()) 148M->57M(996M) 1.233ms
[218.097s][info][gc,cpu         ] GC(607) User=0.00s Sys=0.00s Real=0.00s
[218.097s][info][gc,start       ] GC(608) Pause Full (System.gc())
[218.097s][info][gc,phases,start] GC(608) Marking Phase
[218.102s][info][gc,phases      ] GC(608) Marking Phase 4.454ms
[218.102s][info][gc,phases,start] GC(608) Summary Phase
[218.102s][info][gc,phases      ] GC(608) Summary Phase 0.010ms
[218.102s][info][gc,phases,start] GC(608) Adjust Roots
[218.105s][info][gc,phases      ] GC(608) Adjust Roots 2.887ms
[218.105s][info][gc,phases,start] GC(608) Compaction Phase
[218.107s][info][gc,phases      ] GC(608) Compaction Phase 2.011ms
[218.107s][info][gc,phases,start] GC(608) Post Compact
[218.107s][info][gc,phases      ] GC(608) Post Compact 0.328ms
[218.107s][info][gc,heap        ] GC(608) PSYoungGen: 678K->0K(320512K)
[218.107s][info][gc,heap        ] GC(608) ParOldGen: 57893K->4984K(699392K)
[218.107s][info][gc,metaspace   ] GC(608) Metaspace: 23796K(24832K)->23796K(24832K) NonClass: 20868K(21504K)->20868K(21504K) Class: 2927K(3328K)->2927K(3328K)
[218.107s][info][gc             ] GC(608) Pause Full (System.gc()) 57M->4M(996M) 9.923ms
[218.107s][info][gc,cpu         ] GC(608) User=0.00s Sys=0.00s Real=0.02s
[219.865s][info][gc,start       ] GC(609) Pause Young (Allocation Failure)
[219.876s][info][gc,heap        ] GC(609) PSYoungGen: 293376K->25589K(311296K)
[219.876s][info][gc,heap        ] GC(609) ParOldGen: 4984K->5496K(699392K)
[219.876s][info][gc,metaspace   ] GC(609) Metaspace: 23796K(24832K)->23796K(24832K) NonClass: 20868K(21504K)->20868K(21504K) Class: 2927K(3328K)->2927K(3328K)
[219.876s][info][gc             ] GC(609) Pause Young (Allocation Failure) 291M->30M(987M) 11.481ms
[219.876s][info][gc,cpu         ] GC(609) User=0.02s Sys=0.00s Real=0.02s
[219.935s][info][gc,start       ] GC(610) Pause Young (Allocation Failure)
[219.951s][info][gc,heap        ] GC(610) PSYoungGen: 311285K->0K(317440K)
[219.951s][info][gc,heap        ] GC(610) ParOldGen: 5496K->31167K(699392K)
[219.951s][info][gc,metaspace   ] GC(610) Metaspace: 23796K(24832K)->23796K(24832K) NonClass: 20868K(21504K)->20868K(21504K) Class: 2927K(3328K)->2927K(3328K)
[219.951s][info][gc             ] GC(610) Pause Young (Allocation Failure) 309M->30M(993M) 16.701ms
[219.951s][info][gc,cpu         ] GC(610) User=0.00s Sys=0.00s Real=0.01s
[220.009s][info][gc,start       ] GC(611) Pause Young (Allocation Failure)
[220.010s][info][gc,heap        ] GC(611) PSYoungGen: 285696K->0K(320512K)
[220.010s][info][gc,heap        ] GC(611) ParOldGen: 31167K->31167K(699392K)
[220.010s][info][gc,metaspace   ] GC(611) Metaspace: 23796K(24832K)->23796K(24832K) NonClass: 20868K(21504K)->20868K(21504K) Class: 2927K(3328K)->2927K(3328K)
[220.010s][info][gc             ] GC(611) Pause Young (Allocation Failure) 309M->30M(996M) 0.664ms
[220.010s][info][gc,cpu         ] GC(611) User=0.00s Sys=0.00s Real=0.00s
[220.068s][info][gc,start       ] GC(612) Pause Young (Allocation Failure)
[220.069s][info][gc,heap        ] GC(612) PSYoungGen: 290304K->0K(318976K)
[220.069s][info][gc,heap        ] GC(612) ParOldGen: 31167K->31167K(699392K)
[220.069s][info][gc,metaspace   ] GC(612) Metaspace: 23796K(24832K)->23796K(24832K) NonClass: 20868K(21504K)->20868K(21504K) Class: 2927K(3328K)->2927K(3328K)
[220.069s][info][gc             ] GC(612) Pause Young (Allocation Failure) 313M->30M(994M) 0.492ms
[220.069s][info][gc,cpu         ] GC(612) User=0.00s Sys=0.00s Real=0.00s
[221.839s][info][gc,start       ] GC(613) Pause Young (Allocation Failure)
[221.851s][info][gc,heap        ] GC(613) PSYoungGen: 290304K->26747K(309760K)
[221.851s][info][gc,heap        ] GC(613) ParOldGen: 31167K->31167K(699392K)
[221.851s][info][gc,metaspace   ] GC(613) Metaspace: 23796K(24832K)->23796K(24832K) NonClass: 20868K(21504K)->20868K(21504K) Class: 2927K(3328K)->2927K(3328K)
[221.851s][info][gc             ] GC(613) Pause Young (Allocation Failure) 313M->56M(985M) 11.554ms
[221.851s][info][gc,cpu         ] GC(613) User=0.00s Sys=0.00s Real=0.00s
[221.909s][info][gc,start       ] GC(614) Pause Young (Allocation Failure)
[221.926s][info][gc,heap        ] GC(614) PSYoungGen: 309371K->0K(315904K)
[221.926s][info][gc,heap        ] GC(614) ParOldGen: 31167K->57917K(699392K)
[221.926s][info][gc,metaspace   ] GC(614) Metaspace: 23796K(24832K)->23796K(24832K) NonClass: 20868K(21504K)->20868K(21504K) Class: 2927K(3328K)->2927K(3328K)
[221.926s][info][gc             ] GC(614) Pause Young (Allocation Failure) 332M->56M(991M) 17.117ms
[221.926s][info][gc,cpu         ] GC(614) User=0.08s Sys=0.00s Real=0.01s
[221.983s][info][gc,start       ] GC(615) Pause Young (Allocation Failure)
[221.983s][info][gc,heap        ] GC(615) PSYoungGen: 282624K->0K(318976K)
[221.983s][info][gc,heap        ] GC(615) ParOldGen: 57917K->57917K(699392K)
[221.983s][info][gc,metaspace   ] GC(615) Metaspace: 23796K(24832K)->23796K(24832K) NonClass: 20868K(21504K)->20868K(21504K) Class: 2927K(3328K)->2927K(3328K)
[221.983s][info][gc             ] GC(615) Pause Young (Allocation Failure) 332M->56M(994M) 0.709ms
[221.983s][info][gc,cpu         ] GC(615) User=0.00s Sys=0.00s Real=0.00s
[222.041s][info][gc,start       ] GC(616) Pause Young (Allocation Failure)
[222.042s][info][gc,heap        ] GC(616) PSYoungGen: 287232K->0K(317440K)
[222.042s][info][gc,heap        ] GC(616) ParOldGen: 57917K->57917K(699392K)
[222.042s][info][gc,metaspace   ] GC(616) Metaspace: 23796K(24832K)->23796K(24832K) NonClass: 20868K(21504K)->20868K(21504K) Class: 2927K(3328K)->2927K(3328K)
[222.042s][info][gc             ] GC(616) Pause Young (Allocation Failure) 337M->56M(993M) 0.700ms
[222.042s][info][gc,cpu         ] GC(616) User=0.00s Sys=0.00s Real=0.00s
[222.100s][info][gc,start       ] GC(617) Pause Young (Allocation Failure)
[222.101s][info][gc,heap        ] GC(617) PSYoungGen: 287232K->0K(322048K)
[222.101s][info][gc,heap        ] GC(617) ParOldGen: 57917K->57917K(699392K)
[222.101s][info][gc,metaspace   ] GC(617) Metaspace: 23796K(24832K)->23796K(24832K) NonClass: 20868K(21504K)->20868K(21504K) Class: 2927K(3328K)->2927K(3328K)
[222.101s][info][gc             ] GC(617) Pause Young (Allocation Failure) 337M->56M(997M) 0.676ms
[222.101s][info][gc,cpu         ] GC(617) User=0.00s Sys=0.00s Real=0.00s
[222.135s][info][gc,start       ] GC(618) Pause Young (System.gc())
[222.136s][info][gc,heap        ] GC(618) PSYoungGen: 93871K->710K(320512K)
[222.136s][info][gc,heap        ] GC(618) ParOldGen: 57917K->57917K(699392K)
[222.136s][info][gc,metaspace   ] GC(618) Metaspace: 23796K(24832K)->23796K(24832K) NonClass: 20868K(21504K)->20868K(21504K) Class: 2927K(3328K)->2927K(3328K)
[222.136s][info][gc             ] GC(618) Pause Young (System.gc()) 148M->57M(996M) 1.102ms
[222.136s][info][gc,cpu         ] GC(618) User=0.00s Sys=0.00s Real=0.02s
[222.136s][info][gc,start       ] GC(619) Pause Full (System.gc())
[222.136s][info][gc,phases,start] GC(619) Marking Phase
[222.141s][info][gc,phases      ] GC(619) Marking Phase 4.607ms
[222.141s][info][gc,phases,start] GC(619) Summary Phase
[222.141s][info][gc,phases      ] GC(619) Summary Phase 0.009ms
[222.141s][info][gc,phases,start] GC(619) Adjust Roots
[222.143s][info][gc,phases      ] GC(619) Adjust Roots 2.569ms
[222.143s][info][gc,phases,start] GC(619) Compaction Phase
[222.146s][info][gc,phases      ] GC(619) Compaction Phase 2.751ms
[222.146s][info][gc,phases,start] GC(619) Post Compact
[222.146s][info][gc,phases      ] GC(619) Post Compact 0.338ms
[222.146s][info][gc,heap        ] GC(619) PSYoungGen: 710K->0K(320512K)
[222.146s][info][gc,heap        ] GC(619) ParOldGen: 57917K->4984K(699392K)
[222.146s][info][gc,metaspace   ] GC(619) Metaspace: 23796K(24832K)->23796K(24832K) NonClass: 20868K(21504K)->20868K(21504K) Class: 2927K(3328K)->2927K(3328K)
[222.146s][info][gc             ] GC(619) Pause Full (System.gc()) 57M->4M(996M) 10.478ms
[222.147s][info][gc,cpu         ] GC(619) User=0.00s Sys=0.00s Real=0.00s
[223.907s][info][gc,start       ] GC(620) Pause Young (Allocation Failure)
[223.919s][info][gc,heap        ] GC(620) PSYoungGen: 293376K->25589K(311296K)
[223.919s][info][gc,heap        ] GC(620) ParOldGen: 4984K->5496K(699392K)
[223.919s][info][gc,metaspace   ] GC(620) Metaspace: 23796K(24832K)->23796K(24832K) NonClass: 20868K(21504K)->20868K(21504K) Class: 2927K(3328K)->2927K(3328K)
[223.919s][info][gc             ] GC(620) Pause Young (Allocation Failure) 291M->30M(987M) 11.288ms
[223.919s][info][gc,cpu         ] GC(620) User=0.02s Sys=0.00s Real=0.01s
[223.978s][info][gc,start       ] GC(621) Pause Young (Allocation Failure)
[223.993s][info][gc,heap        ] GC(621) PSYoungGen: 311285K->0K(317440K)
[223.993s][info][gc,heap        ] GC(621) ParOldGen: 5496K->31167K(699392K)
[223.993s][info][gc,metaspace   ] GC(621) Metaspace: 23796K(24832K)->23796K(24832K) NonClass: 20868K(21504K)->20868K(21504K) Class: 2927K(3328K)->2927K(3328K)
[223.993s][info][gc             ] GC(621) Pause Young (Allocation Failure) 309M->30M(993M) 15.648ms
[223.993s][info][gc,cpu         ] GC(621) User=0.02s Sys=0.00s Real=0.02s
[224.051s][info][gc,start       ] GC(622) Pause Young (Allocation Failure)
[224.052s][info][gc,heap        ] GC(622) PSYoungGen: 285696K->0K(320512K)
[224.052s][info][gc,heap        ] GC(622) ParOldGen: 31167K->31167K(699392K)
[224.052s][info][gc,metaspace   ] GC(622) Metaspace: 23796K(24832K)->23796K(24832K) NonClass: 20868K(21504K)->20868K(21504K) Class: 2927K(3328K)->2927K(3328K)
[224.052s][info][gc             ] GC(622) Pause Young (Allocation Failure) 309M->30M(996M) 0.738ms
[224.052s][info][gc,cpu         ] GC(622) User=0.00s Sys=0.00s Real=0.00s
[224.110s][info][gc,start       ] GC(623) Pause Young (Allocation Failure)
[224.111s][info][gc,heap        ] GC(623) PSYoungGen: 290304K->0K(318976K)
[224.111s][info][gc,heap        ] GC(623) ParOldGen: 31167K->31167K(699392K)
[224.111s][info][gc,metaspace   ] GC(623) Metaspace: 23796K(24832K)->23796K(24832K) NonClass: 20868K(21504K)->20868K(21504K) Class: 2927K(3328K)->2927K(3328K)
[224.111s][info][gc             ] GC(623) Pause Young (Allocation Failure) 313M->30M(994M) 0.701ms
[224.111s][info][gc,cpu         ] GC(623) User=0.00s Sys=0.00s Real=0.00s
[225.881s][info][gc,start       ] GC(624) Pause Young (Allocation Failure)
[225.893s][info][gc,heap        ] GC(624) PSYoungGen: 290304K->26701K(309760K)
[225.893s][info][gc,heap        ] GC(624) ParOldGen: 31167K->31167K(699392K)
[225.893s][info][gc,metaspace   ] GC(624) Metaspace: 23796K(24832K)->23796K(24832K) NonClass: 20868K(21504K)->20868K(21504K) Class: 2927K(3328K)->2927K(3328K)
[225.893s][info][gc             ] GC(624) Pause Young (Allocation Failure) 313M->56M(985M) 12.167ms
[225.893s][info][gc,cpu         ] GC(624) User=0.02s Sys=0.00s Real=0.01s
[225.951s][info][gc,start       ] GC(625) Pause Young (Allocation Failure)
[225.967s][info][gc,heap        ] GC(625) PSYoungGen: 309325K->0K(315904K)
[225.967s][info][gc,heap        ] GC(625) ParOldGen: 31167K->57901K(699392K)
[225.967s][info][gc,metaspace   ] GC(625) Metaspace: 23796K(24832K)->23796K(24832K) NonClass: 20868K(21504K)->20868K(21504K) Class: 2927K(3328K)->2927K(3328K)
[225.967s][info][gc             ] GC(625) Pause Young (Allocation Failure) 332M->56M(991M) 15.781ms
[225.967s][info][gc,cpu         ] GC(625) User=0.00s Sys=0.00s Real=0.01s
[226.024s][info][gc,start       ] GC(626) Pause Young (Allocation Failure)
[226.024s][info][gc,heap        ] GC(626) PSYoungGen: 282624K->0K(318976K)
[226.024s][info][gc,heap        ] GC(626) ParOldGen: 57901K->57901K(699392K)
[226.024s][info][gc,metaspace   ] GC(626) Metaspace: 23796K(24832K)->23796K(24832K) NonClass: 20868K(21504K)->20868K(21504K) Class: 2927K(3328K)->2927K(3328K)
[226.024s][info][gc             ] GC(626) Pause Young (Allocation Failure) 332M->56M(994M) 0.640ms
[226.024s][info][gc,cpu         ] GC(626) User=0.00s Sys=0.00s Real=0.00s
[226.082s][info][gc,start       ] GC(627) Pause Young (Allocation Failure)
[226.083s][info][gc,heap        ] GC(627) PSYoungGen: 287232K->0K(317440K)
[226.083s][info][gc,heap        ] GC(627) ParOldGen: 57901K->57901K(699392K)
[226.083s][info][gc,metaspace   ] GC(627) Metaspace: 23796K(24832K)->23796K(24832K) NonClass: 20868K(21504K)->20868K(21504K) Class: 2927K(3328K)->2927K(3328K)
[226.083s][info][gc             ] GC(627) Pause Young (Allocation Failure) 337M->56M(993M) 0.906ms
[226.083s][info][gc,cpu         ] GC(627) User=0.00s Sys=0.00s Real=0.00s
[226.141s][info][gc,start       ] GC(628) Pause Young (Allocation Failure)
[226.142s][info][gc,heap        ] GC(628) PSYoungGen: 287232K->0K(322048K)
[226.142s][info][gc,heap        ] GC(628) ParOldGen: 57901K->57901K(699392K)
[226.142s][info][gc,metaspace   ] GC(628) Metaspace: 23796K(24832K)->23796K(24832K) NonClass: 20868K(21504K)->20868K(21504K) Class: 2927K(3328K)->2927K(3328K)
[226.142s][info][gc             ] GC(628) Pause Young (Allocation Failure) 337M->56M(997M) 0.650ms
[226.142s][info][gc,cpu         ] GC(628) User=0.00s Sys=0.00s Real=0.00s
[226.176s][info][gc,start       ] GC(629) Pause Young (System.gc())
[226.177s][info][gc,heap        ] GC(629) PSYoungGen: 93871K->678K(320512K)
[226.177s][info][gc,heap        ] GC(629) ParOldGen: 57901K->57901K(699392K)
[226.177s][info][gc,metaspace   ] GC(629) Metaspace: 23799K(24832K)->23799K(24832K) NonClass: 20871K(21504K)->20871K(21504K) Class: 2927K(3328K)->2927K(3328K)
[226.177s][info][gc             ] GC(629) Pause Young (System.gc()) 148M->57M(996M) 1.047ms
[226.177s][info][gc,cpu         ] GC(629) User=0.00s Sys=0.00s Real=0.00s
[226.177s][info][gc,start       ] GC(630) Pause Full (System.gc())
[226.177s][info][gc,phases,start] GC(630) Marking Phase
[226.182s][info][gc,phases      ] GC(630) Marking Phase 4.700ms
[226.182s][info][gc,phases,start] GC(630) Summary Phase
[226.182s][info][gc,phases      ] GC(630) Summary Phase 0.009ms
[226.182s][info][gc,phases,start] GC(630) Adjust Roots
[226.184s][info][gc,phases      ] GC(630) Adjust Roots 2.491ms
[226.184s][info][gc,phases,start] GC(630) Compaction Phase
[226.187s][info][gc,phases      ] GC(630) Compaction Phase 2.892ms
[226.187s][info][gc,phases,start] GC(630) Post Compact
[226.188s][info][gc,phases      ] GC(630) Post Compact 0.324ms
[226.188s][info][gc,heap        ] GC(630) PSYoungGen: 678K->0K(320512K)
[226.188s][info][gc,heap        ] GC(630) ParOldGen: 57901K->4984K(699392K)
[226.188s][info][gc,metaspace   ] GC(630) Metaspace: 23799K(24832K)->23799K(24832K) NonClass: 20871K(21504K)->20871K(21504K) Class: 2927K(3328K)->2927K(3328K)
[226.188s][info][gc             ] GC(630) Pause Full (System.gc()) 57M->4M(996M) 10.624ms
[226.188s][info][gc,cpu         ] GC(630) User=0.02s Sys=0.00s Real=0.02s
[227.948s][info][gc,start       ] GC(631) Pause Young (Allocation Failure)
[227.959s][info][gc,heap        ] GC(631) PSYoungGen: 293376K->25589K(311296K)
[227.959s][info][gc,heap        ] GC(631) ParOldGen: 4984K->5480K(699392K)
[227.959s][info][gc,metaspace   ] GC(631) Metaspace: 23806K(24832K)->23806K(24832K) NonClass: 20879K(21504K)->20879K(21504K) Class: 2927K(3328K)->2927K(3328K)
[227.959s][info][gc             ] GC(631) Pause Young (Allocation Failure) 291M->30M(987M) 11.305ms
[227.959s][info][gc,cpu         ] GC(631) User=0.00s Sys=0.00s Real=0.01s
[228.018s][info][gc,start       ] GC(632) Pause Young (Allocation Failure)
[228.035s][info][gc,heap        ] GC(632) PSYoungGen: 311285K->0K(317440K)
[228.035s][info][gc,heap        ] GC(632) ParOldGen: 5480K->31167K(699392K)
[228.035s][info][gc,metaspace   ] GC(632) Metaspace: 23806K(24832K)->23806K(24832K) NonClass: 20879K(21504K)->20879K(21504K) Class: 2927K(3328K)->2927K(3328K)
[228.035s][info][gc             ] GC(632) Pause Young (Allocation Failure) 309M->30M(993M) 17.100ms
[228.035s][info][gc,cpu         ] GC(632) User=0.08s Sys=0.00s Real=0.02s
[228.092s][info][gc,start       ] GC(633) Pause Young (Allocation Failure)
[228.093s][info][gc,heap        ] GC(633) PSYoungGen: 285696K->0K(320512K)
[228.093s][info][gc,heap        ] GC(633) ParOldGen: 31167K->31167K(699392K)
[228.093s][info][gc,metaspace   ] GC(633) Metaspace: 23806K(24832K)->23806K(24832K) NonClass: 20879K(21504K)->20879K(21504K) Class: 2927K(3328K)->2927K(3328K)
[228.093s][info][gc             ] GC(633) Pause Young (Allocation Failure) 309M->30M(996M) 0.816ms
[228.093s][info][gc,cpu         ] GC(633) User=0.00s Sys=0.00s Real=0.00s
[228.152s][info][gc,start       ] GC(634) Pause Young (Allocation Failure)
[228.152s][info][gc,heap        ] GC(634) PSYoungGen: 290304K->0K(318976K)
[228.152s][info][gc,heap        ] GC(634) ParOldGen: 31167K->31167K(699392K)
[228.152s][info][gc,metaspace   ] GC(634) Metaspace: 23806K(24832K)->23806K(24832K) NonClass: 20879K(21504K)->20879K(21504K) Class: 2927K(3328K)->2927K(3328K)
[228.152s][info][gc             ] GC(634) Pause Young (Allocation Failure) 313M->30M(994M) 0.633ms
[228.152s][info][gc,cpu         ] GC(634) User=0.00s Sys=0.00s Real=0.00s
[229.928s][info][gc,start       ] GC(635) Pause Young (Allocation Failure)
[229.941s][info][gc,heap        ] GC(635) PSYoungGen: 290304K->26765K(309760K)
[229.941s][info][gc,heap        ] GC(635) ParOldGen: 31167K->31167K(699392K)
[229.941s][info][gc,metaspace   ] GC(635) Metaspace: 23806K(24832K)->23806K(24832K) NonClass: 20879K(21504K)->20879K(21504K) Class: 2927K(3328K)->2927K(3328K)
[229.941s][info][gc             ] GC(635) Pause Young (Allocation Failure) 313M->56M(985M) 13.396ms
[229.941s][info][gc,cpu         ] GC(635) User=0.02s Sys=0.00s Real=0.01s
[229.999s][info][gc,start       ] GC(636) Pause Young (Allocation Failure)
[230.016s][info][gc,heap        ] GC(636) PSYoungGen: 309389K->0K(315904K)
[230.016s][info][gc,heap        ] GC(636) ParOldGen: 31167K->57893K(699392K)
[230.016s][info][gc,metaspace   ] GC(636) Metaspace: 23806K(24832K)->23806K(24832K) NonClass: 20879K(21504K)->20879K(21504K) Class: 2927K(3328K)->2927K(3328K)
[230.016s][info][gc             ] GC(636) Pause Young (Allocation Failure) 332M->56M(991M) 16.735ms
[230.016s][info][gc,cpu         ] GC(636) User=0.08s Sys=0.00s Real=0.01s
[230.073s][info][gc,start       ] GC(637) Pause Young (Allocation Failure)
[230.074s][info][gc,heap        ] GC(637) PSYoungGen: 282624K->0K(318976K)
[230.074s][info][gc,heap        ] GC(637) ParOldGen: 57893K->57893K(699392K)
[230.074s][info][gc,metaspace   ] GC(637) Metaspace: 23806K(24832K)->23806K(24832K) NonClass: 20879K(21504K)->20879K(21504K) Class: 2927K(3328K)->2927K(3328K)
[230.074s][info][gc             ] GC(637) Pause Young (Allocation Failure) 332M->56M(994M) 0.859ms
[230.074s][info][gc,cpu         ] GC(637) User=0.00s Sys=0.00s Real=0.00s
[230.132s][info][gc,start       ] GC(638) Pause Young (Allocation Failure)
[230.132s][info][gc,heap        ] GC(638) PSYoungGen: 287232K->0K(317440K)
[230.132s][info][gc,heap        ] GC(638) ParOldGen: 57893K->57893K(699392K)
[230.132s][info][gc,metaspace   ] GC(638) Metaspace: 23806K(24832K)->23806K(24832K) NonClass: 20879K(21504K)->20879K(21504K) Class: 2927K(3328K)->2927K(3328K)
[230.132s][info][gc             ] GC(638) Pause Young (Allocation Failure) 337M->56M(993M) 0.669ms
[230.132s][info][gc,cpu         ] GC(638) User=0.00s Sys=0.00s Real=0.00s
[230.190s][info][gc,start       ] GC(639) Pause Young (Allocation Failure)
[230.191s][info][gc,heap        ] GC(639) PSYoungGen: 287232K->0K(322048K)
[230.191s][info][gc,heap        ] GC(639) ParOldGen: 57893K->57893K(699392K)
[230.191s][info][gc,metaspace   ] GC(639) Metaspace: 23806K(24832K)->23806K(24832K) NonClass: 20879K(21504K)->20879K(21504K) Class: 2927K(3328K)->2927K(3328K)
[230.191s][info][gc             ] GC(639) Pause Young (Allocation Failure) 337M->56M(997M) 0.843ms
[230.191s][info][gc,cpu         ] GC(639) User=0.00s Sys=0.00s Real=0.00s
[230.226s][info][gc,start       ] GC(640) Pause Young (System.gc())
[230.227s][info][gc,heap        ] GC(640) PSYoungGen: 93869K->710K(320512K)
[230.227s][info][gc,heap        ] GC(640) ParOldGen: 57893K->57893K(699392K)
[230.227s][info][gc,metaspace   ] GC(640) Metaspace: 23806K(24832K)->23806K(24832K) NonClass: 20879K(21504K)->20879K(21504K) Class: 2927K(3328K)->2927K(3328K)
[230.227s][info][gc             ] GC(640) Pause Young (System.gc()) 148M->57M(996M) 1.169ms
[230.227s][info][gc,cpu         ] GC(640) User=0.00s Sys=0.00s Real=0.00s
[230.227s][info][gc,start       ] GC(641) Pause Full (System.gc())
[230.227s][info][gc,phases,start] GC(641) Marking Phase
[230.232s][info][gc,phases      ] GC(641) Marking Phase 4.908ms
[230.232s][info][gc,phases,start] GC(641) Summary Phase
[230.232s][info][gc,phases      ] GC(641) Summary Phase 0.010ms
[230.232s][info][gc,phases,start] GC(641) Adjust Roots
[230.234s][info][gc,phases      ] GC(641) Adjust Roots 2.504ms
[230.234s][info][gc,phases,start] GC(641) Compaction Phase
[230.236s][info][gc,phases      ] GC(641) Compaction Phase 2.108ms
[230.236s][info][gc,phases,start] GC(641) Post Compact
[230.237s][info][gc,phases      ] GC(641) Post Compact 0.432ms
[230.237s][info][gc,heap        ] GC(641) PSYoungGen: 710K->0K(320512K)
[230.237s][info][gc,heap        ] GC(641) ParOldGen: 57893K->4984K(699392K)
[230.237s][info][gc,metaspace   ] GC(641) Metaspace: 23806K(24832K)->23806K(24832K) NonClass: 20879K(21504K)->20879K(21504K) Class: 2927K(3328K)->2927K(3328K)
[230.237s][info][gc             ] GC(641) Pause Full (System.gc()) 57M->4M(996M) 10.196ms
[230.237s][info][gc,cpu         ] GC(641) User=0.00s Sys=0.00s Real=0.02s
[231.996s][info][gc,start       ] GC(642) Pause Young (Allocation Failure)
[232.007s][info][gc,heap        ] GC(642) PSYoungGen: 293376K->25589K(311296K)
[232.007s][info][gc,heap        ] GC(642) ParOldGen: 4984K->5480K(699392K)
[232.007s][info][gc,metaspace   ] GC(642) Metaspace: 23806K(24832K)->23806K(24832K) NonClass: 20879K(21504K)->20879K(21504K) Class: 2927K(3328K)->2927K(3328K)
[232.007s][info][gc             ] GC(642) Pause Young (Allocation Failure) 291M->30M(987M) 11.435ms
[232.007s][info][gc,cpu         ] GC(642) User=0.00s Sys=0.00s Real=0.00s
[232.067s][info][gc,start       ] GC(643) Pause Young (Allocation Failure)
[232.084s][info][gc,heap        ] GC(643) PSYoungGen: 311285K->0K(317440K)
[232.084s][info][gc,heap        ] GC(643) ParOldGen: 5480K->31151K(699392K)
[232.084s][info][gc,metaspace   ] GC(643) Metaspace: 23806K(24832K)->23806K(24832K) NonClass: 20879K(21504K)->20879K(21504K) Class: 2927K(3328K)->2927K(3328K)
[232.084s][info][gc             ] GC(643) Pause Young (Allocation Failure) 309M->30M(993M) 16.824ms
[232.084s][info][gc,cpu         ] GC(643) User=0.08s Sys=0.00s Real=0.01s
[232.141s][info][gc,start       ] GC(644) Pause Young (Allocation Failure)
[232.142s][info][gc,heap        ] GC(644) PSYoungGen: 285696K->0K(320512K)
[232.142s][info][gc,heap        ] GC(644) ParOldGen: 31151K->31151K(699392K)
[232.142s][info][gc,metaspace   ] GC(644) Metaspace: 23806K(24832K)->23806K(24832K) NonClass: 20879K(21504K)->20879K(21504K) Class: 2927K(3328K)->2927K(3328K)
[232.142s][info][gc             ] GC(644) Pause Young (Allocation Failure) 309M->30M(996M) 0.826ms
[232.142s][info][gc,cpu         ] GC(644) User=0.00s Sys=0.00s Real=0.00s
[232.200s][info][gc,start       ] GC(645) Pause Young (Allocation Failure)
[232.201s][info][gc,heap        ] GC(645) PSYoungGen: 290304K->0K(318976K)
[232.201s][info][gc,heap        ] GC(645) ParOldGen: 31151K->31151K(699392K)
[232.201s][info][gc,metaspace   ] GC(645) Metaspace: 23806K(24832K)->23806K(24832K) NonClass: 20879K(21504K)->20879K(21504K) Class: 2927K(3328K)->2927K(3328K)
[232.201s][info][gc             ] GC(645) Pause Young (Allocation Failure) 313M->30M(994M) 0.423ms
[232.201s][info][gc,cpu         ] GC(645) User=0.00s Sys=0.00s Real=0.00s
[233.973s][info][gc,start       ] GC(646) Pause Young (Allocation Failure)
[233.984s][info][gc,heap        ] GC(646) PSYoungGen: 290304K->26779K(309760K)
[233.984s][info][gc,heap        ] GC(646) ParOldGen: 31151K->31151K(699392K)
[233.984s][info][gc,metaspace   ] GC(646) Metaspace: 23806K(24832K)->23806K(24832K) NonClass: 20879K(21504K)->20879K(21504K) Class: 2927K(3328K)->2927K(3328K)
[233.984s][info][gc             ] GC(646) Pause Young (Allocation Failure) 313M->56M(985M) 11.733ms
[233.984s][info][gc,cpu         ] GC(646) User=0.00s Sys=0.00s Real=0.00s
[234.042s][info][gc,start       ] GC(647) Pause Young (Allocation Failure)
[234.057s][info][gc,heap        ] GC(647) PSYoungGen: 309403K->0K(315904K)
[234.057s][info][gc,heap        ] GC(647) ParOldGen: 31151K->57877K(699392K)
[234.057s][info][gc,metaspace   ] GC(647) Metaspace: 23806K(24832K)->23806K(24832K) NonClass: 20879K(21504K)->20879K(21504K) Class: 2927K(3328K)->2927K(3328K)
[234.057s][info][gc             ] GC(647) Pause Young (Allocation Failure) 332M->56M(991M) 15.404ms
[234.057s][info][gc,cpu         ] GC(647) User=0.02s Sys=0.00s Real=0.01s
[234.114s][info][gc,start       ] GC(648) Pause Young (Allocation Failure)
[234.115s][info][gc,heap        ] GC(648) PSYoungGen: 282624K->0K(318976K)
[234.115s][info][gc,heap        ] GC(648) ParOldGen: 57877K->57877K(699392K)
[234.115s][info][gc,metaspace   ] GC(648) Metaspace: 23806K(24832K)->23806K(24832K) NonClass: 20879K(21504K)->20879K(21504K) Class: 2927K(3328K)->2927K(3328K)
[234.115s][info][gc             ] GC(648) Pause Young (Allocation Failure) 332M->56M(994M) 0.681ms
[234.115s][info][gc,cpu         ] GC(648) User=0.00s Sys=0.00s Real=0.00s
[234.174s][info][gc,start       ] GC(649) Pause Young (Allocation Failure)
[234.174s][info][gc,heap        ] GC(649) PSYoungGen: 287232K->0K(317440K)
[234.174s][info][gc,heap        ] GC(649) ParOldGen: 57877K->57877K(699392K)
[234.174s][info][gc,metaspace   ] GC(649) Metaspace: 23806K(24832K)->23806K(24832K) NonClass: 20879K(21504K)->20879K(21504K) Class: 2927K(3328K)->2927K(3328K)
[234.174s][info][gc             ] GC(649) Pause Young (Allocation Failure) 337M->56M(993M) 0.728ms
[234.174s][info][gc,cpu         ] GC(649) User=0.00s Sys=0.00s Real=0.00s
[234.232s][info][gc,start       ] GC(650) Pause Young (Allocation Failure)
[234.233s][info][gc,heap        ] GC(650) PSYoungGen: 287232K->0K(322048K)
[234.233s][info][gc,heap        ] GC(650) ParOldGen: 57877K->57877K(699392K)
[234.233s][info][gc,metaspace   ] GC(650) Metaspace: 23806K(24832K)->23806K(24832K) NonClass: 20879K(21504K)->20879K(21504K) Class: 2927K(3328K)->2927K(3328K)
[234.233s][info][gc             ] GC(650) Pause Young (Allocation Failure) 337M->56M(997M) 0.613ms
[234.233s][info][gc,cpu         ] GC(650) User=0.00s Sys=0.00s Real=0.00s
[234.267s][info][gc,start       ] GC(651) Pause Young (System.gc())
[234.268s][info][gc,heap        ] GC(651) PSYoungGen: 93871K->710K(320512K)
[234.268s][info][gc,heap        ] GC(651) ParOldGen: 57877K->57877K(699392K)
[234.268s][info][gc,metaspace   ] GC(651) Metaspace: 23806K(24832K)->23806K(24832K) NonClass: 20879K(21504K)->20879K(21504K) Class: 2927K(3328K)->2927K(3328K)
[234.268s][info][gc             ] GC(651) Pause Young (System.gc()) 148M->57M(996M) 1.002ms
[234.268s][info][gc,cpu         ] GC(651) User=0.00s Sys=0.00s Real=0.00s
[234.268s][info][gc,start       ] GC(652) Pause Full (System.gc())
[234.268s][info][gc,phases,start] GC(652) Marking Phase
[234.273s][info][gc,phases      ] GC(652) Marking Phase 4.691ms
[234.273s][info][gc,phases,start] GC(652) Summary Phase
[234.273s][info][gc,phases      ] GC(652) Summary Phase 0.010ms
[234.273s][info][gc,phases,start] GC(652) Adjust Roots
[234.276s][info][gc,phases      ] GC(652) Adjust Roots 2.589ms
[234.276s][info][gc,phases,start] GC(652) Compaction Phase
[234.278s][info][gc,phases      ] GC(652) Compaction Phase 2.190ms
[234.278s][info][gc,phases,start] GC(652) Post Compact
[234.278s][info][gc,phases      ] GC(652) Post Compact 0.335ms
[234.278s][info][gc,heap        ] GC(652) PSYoungGen: 710K->0K(320512K)
[234.278s][info][gc,heap        ] GC(652) ParOldGen: 57877K->4984K(699392K)
[234.278s][info][gc,metaspace   ] GC(652) Metaspace: 23806K(24832K)->23806K(24832K) NonClass: 20879K(21504K)->20879K(21504K) Class: 2927K(3328K)->2927K(3328K)
[234.278s][info][gc             ] GC(652) Pause Full (System.gc()) 57M->4M(996M) 10.041ms
[234.278s][info][gc,cpu         ] GC(652) User=0.00s Sys=0.00s Real=0.01s
[236.038s][info][gc,start       ] GC(653) Pause Young (Allocation Failure)
[236.050s][info][gc,heap        ] GC(653) PSYoungGen: 293376K->25589K(311296K)
[236.050s][info][gc,heap        ] GC(653) ParOldGen: 4984K->5488K(699392K)
[236.050s][info][gc,metaspace   ] GC(653) Metaspace: 23806K(24832K)->23806K(24832K) NonClass: 20879K(21504K)->20879K(21504K) Class: 2927K(3328K)->2927K(3328K)
[236.050s][info][gc             ] GC(653) Pause Young (Allocation Failure) 291M->30M(987M) 11.583ms
[236.050s][info][gc,cpu         ] GC(653) User=0.02s Sys=0.00s Real=0.02s
[236.108s][info][gc,start       ] GC(654) Pause Young (Allocation Failure)
[236.124s][info][gc,heap        ] GC(654) PSYoungGen: 311285K->0K(317440K)
[236.124s][info][gc,heap        ] GC(654) ParOldGen: 5488K->31159K(699392K)
[236.124s][info][gc,metaspace   ] GC(654) Metaspace: 23806K(24832K)->23806K(24832K) NonClass: 20879K(21504K)->20879K(21504K) Class: 2927K(3328K)->2927K(3328K)
[236.124s][info][gc             ] GC(654) Pause Young (Allocation Failure) 309M->30M(993M) 15.773ms
[236.124s][info][gc,cpu         ] GC(654) User=0.02s Sys=0.00s Real=0.02s
[236.182s][info][gc,start       ] GC(655) Pause Young (Allocation Failure)
[236.182s][info][gc,heap        ] GC(655) PSYoungGen: 285696K->0K(320512K)
[236.182s][info][gc,heap        ] GC(655) ParOldGen: 31159K->31159K(699392K)
[236.182s][info][gc,metaspace   ] GC(655) Metaspace: 23806K(24832K)->23806K(24832K) NonClass: 20879K(21504K)->20879K(21504K) Class: 2927K(3328K)->2927K(3328K)
[236.182s][info][gc             ] GC(655) Pause Young (Allocation Failure) 309M->30M(996M) 0.676ms
[236.182s][info][gc,cpu         ] GC(655) User=0.00s Sys=0.00s Real=0.00s
[236.241s][info][gc,start       ] GC(656) Pause Young (Allocation Failure)
[236.242s][info][gc,heap        ] GC(656) PSYoungGen: 290304K->0K(318976K)
[236.242s][info][gc,heap        ] GC(656) ParOldGen: 31159K->31159K(699392K)
[236.242s][info][gc,metaspace   ] GC(656) Metaspace: 23806K(24832K)->23806K(24832K) NonClass: 20879K(21504K)->20879K(21504K) Class: 2927K(3328K)->2927K(3328K)
[236.242s][info][gc             ] GC(656) Pause Young (Allocation Failure) 313M->30M(994M) 0.726ms
[236.242s][info][gc,cpu         ] GC(656) User=0.00s Sys=0.00s Real=0.00s
[238.015s][info][gc,start       ] GC(657) Pause Young (Allocation Failure)
[238.028s][info][gc,heap        ] GC(657) PSYoungGen: 290304K->26747K(309760K)
[238.028s][info][gc,heap        ] GC(657) ParOldGen: 31159K->31159K(699392K)
[238.028s][info][gc,metaspace   ] GC(657) Metaspace: 23806K(24832K)->23806K(24832K) NonClass: 20879K(21504K)->20879K(21504K) Class: 2927K(3328K)->2927K(3328K)
[238.028s][info][gc             ] GC(657) Pause Young (Allocation Failure) 313M->56M(985M) 12.996ms
[238.028s][info][gc,cpu         ] GC(657) User=0.02s Sys=0.00s Real=0.02s
[238.086s][info][gc,start       ] GC(658) Pause Young (Allocation Failure)
[238.102s][info][gc,heap        ] GC(658) PSYoungGen: 309371K->0K(315904K)
[238.102s][info][gc,heap        ] GC(658) ParOldGen: 31159K->57893K(699392K)
[238.102s][info][gc,metaspace   ] GC(658) Metaspace: 23806K(24832K)->23806K(24832K) NonClass: 20879K(21504K)->20879K(21504K) Class: 2927K(3328K)->2927K(3328K)
[238.102s][info][gc             ] GC(658) Pause Young (Allocation Failure) 332M->56M(991M) 15.713ms
[238.102s][info][gc,cpu         ] GC(658) User=0.02s Sys=0.00s Real=0.02s
[238.159s][info][gc,start       ] GC(659) Pause Young (Allocation Failure)
[238.159s][info][gc,heap        ] GC(659) PSYoungGen: 282624K->0K(318976K)
[238.159s][info][gc,heap        ] GC(659) ParOldGen: 57893K->57893K(699392K)
[238.159s][info][gc,metaspace   ] GC(659) Metaspace: 23806K(24832K)->23806K(24832K) NonClass: 20879K(21504K)->20879K(21504K) Class: 2927K(3328K)->2927K(3328K)
[238.159s][info][gc             ] GC(659) Pause Young (Allocation Failure) 332M->56M(994M) 0.757ms
[238.159s][info][gc,cpu         ] GC(659) User=0.00s Sys=0.00s Real=0.00s
[238.217s][info][gc,start       ] GC(660) Pause Young (Allocation Failure)
[238.218s][info][gc,heap        ] GC(660) PSYoungGen: 287232K->0K(317440K)
[238.218s][info][gc,heap        ] GC(660) ParOldGen: 57893K->57893K(699392K)
[238.218s][info][gc,metaspace   ] GC(660) Metaspace: 23806K(24832K)->23806K(24832K) NonClass: 20879K(21504K)->20879K(21504K) Class: 2927K(3328K)->2927K(3328K)
[238.218s][info][gc             ] GC(660) Pause Young (Allocation Failure) 337M->56M(993M) 0.620ms
[238.218s][info][gc,cpu         ] GC(660) User=0.00s Sys=0.00s Real=0.00s
[238.276s][info][gc,start       ] GC(661) Pause Young (Allocation Failure)
[238.277s][info][gc,heap        ] GC(661) PSYoungGen: 287232K->0K(322048K)
[238.277s][info][gc,heap        ] GC(661) ParOldGen: 57893K->57893K(699392K)
[238.277s][info][gc,metaspace   ] GC(661) Metaspace: 23806K(24832K)->23806K(24832K) NonClass: 20879K(21504K)->20879K(21504K) Class: 2927K(3328K)->2927K(3328K)
[238.277s][info][gc             ] GC(661) Pause Young (Allocation Failure) 337M->56M(997M) 0.980ms
[238.277s][info][gc,cpu         ] GC(661) User=0.00s Sys=0.00s Real=0.00s
[238.313s][info][gc,start       ] GC(662) Pause Young (System.gc())
[238.314s][info][gc,heap        ] GC(662) PSYoungGen: 93871K->710K(320512K)
[238.314s][info][gc,heap        ] GC(662) ParOldGen: 57893K->57893K(699392K)
[238.314s][info][gc,metaspace   ] GC(662) Metaspace: 23806K(24832K)->23806K(24832K) NonClass: 20879K(21504K)->20879K(21504K) Class: 2927K(3328K)->2927K(3328K)
[238.314s][info][gc             ] GC(662) Pause Young (System.gc()) 148M->57M(996M) 1.302ms
[238.314s][info][gc,cpu         ] GC(662) User=0.00s Sys=0.00s Real=0.00s
[238.314s][info][gc,start       ] GC(663) Pause Full (System.gc())
[238.314s][info][gc,phases,start] GC(663) Marking Phase
[238.319s][info][gc,phases      ] GC(663) Marking Phase 4.110ms
[238.319s][info][gc,phases,start] GC(663) Summary Phase
[238.319s][info][gc,phases      ] GC(663) Summary Phase 0.009ms
[238.319s][info][gc,phases,start] GC(663) Adjust Roots
[238.321s][info][gc,phases      ] GC(663) Adjust Roots 2.527ms
[238.321s][info][gc,phases,start] GC(663) Compaction Phase
[238.323s][info][gc,phases      ] GC(663) Compaction Phase 1.898ms
[238.323s][info][gc,phases,start] GC(663) Post Compact
[238.323s][info][gc,phases      ] GC(663) Post Compact 0.341ms
[238.323s][info][gc,heap        ] GC(663) PSYoungGen: 710K->0K(320512K)
[238.323s][info][gc,heap        ] GC(663) ParOldGen: 57893K->4984K(699392K)
[238.323s][info][gc,metaspace   ] GC(663) Metaspace: 23806K(24832K)->23806K(24832K) NonClass: 20879K(21504K)->20879K(21504K) Class: 2927K(3328K)->2927K(3328K)
[238.324s][info][gc             ] GC(663) Pause Full (System.gc()) 57M->4M(996M) 9.089ms
[238.324s][info][gc,cpu         ] GC(663) User=0.00s Sys=0.00s Real=0.02s
[240.083s][info][gc,start       ] GC(664) Pause Young (Allocation Failure)
[240.094s][info][gc,heap        ] GC(664) PSYoungGen: 293376K->25589K(311296K)
[240.095s][info][gc,heap        ] GC(664) ParOldGen: 4984K->5488K(699392K)
[240.095s][info][gc,metaspace   ] GC(664) Metaspace: 23806K(24832K)->23806K(24832K) NonClass: 20879K(21504K)->20879K(21504K) Class: 2927K(3328K)->2927K(3328K)
[240.095s][info][gc             ] GC(664) Pause Young (Allocation Failure) 291M->30M(987M) 11.662ms
[240.095s][info][gc,cpu         ] GC(664) User=0.02s Sys=0.00s Real=0.01s
[240.153s][info][gc,start       ] GC(665) Pause Young (Allocation Failure)
[240.169s][info][gc,heap        ] GC(665) PSYoungGen: 311285K->0K(317440K)
[240.169s][info][gc,heap        ] GC(665) ParOldGen: 5488K->31167K(699392K)
[240.169s][info][gc,metaspace   ] GC(665) Metaspace: 23806K(24832K)->23806K(24832K) NonClass: 20879K(21504K)->20879K(21504K) Class: 2927K(3328K)->2927K(3328K)
[240.169s][info][gc             ] GC(665) Pause Young (Allocation Failure) 309M->30M(993M) 16.348ms
[240.169s][info][gc,cpu         ] GC(665) User=0.06s Sys=0.02s Real=0.02s
[240.227s][info][gc,start       ] GC(666) Pause Young (Allocation Failure)
[240.227s][info][gc,heap        ] GC(666) PSYoungGen: 285696K->0K(320512K)
[240.228s][info][gc,heap        ] GC(666) ParOldGen: 31167K->31167K(699392K)
[240.228s][info][gc,metaspace   ] GC(666) Metaspace: 23806K(24832K)->23806K(24832K) NonClass: 20879K(21504K)->20879K(21504K) Class: 2927K(3328K)->2927K(3328K)
[240.228s][info][gc             ] GC(666) Pause Young (Allocation Failure) 309M->30M(996M) 0.707ms
[240.228s][info][gc,cpu         ] GC(666) User=0.00s Sys=0.00s Real=0.00s
[240.286s][info][gc,start       ] GC(667) Pause Young (Allocation Failure)
[240.287s][info][gc,heap        ] GC(667) PSYoungGen: 290304K->0K(318976K)
[240.287s][info][gc,heap        ] GC(667) ParOldGen: 31167K->31167K(699392K)
[240.287s][info][gc,metaspace   ] GC(667) Metaspace: 23806K(24832K)->23806K(24832K) NonClass: 20879K(21504K)->20879K(21504K) Class: 2927K(3328K)->2927K(3328K)
[240.287s][info][gc             ] GC(667) Pause Young (Allocation Failure) 313M->30M(994M) 0.834ms
[240.287s][info][gc,cpu         ] GC(667) User=0.00s Sys=0.00s Real=0.00s
[242.065s][info][gc,start       ] GC(668) Pause Young (Allocation Failure)
[242.077s][info][gc,heap        ] GC(668) PSYoungGen: 290304K->26733K(309760K)
[242.077s][info][gc,heap        ] GC(668) ParOldGen: 31167K->31167K(699392K)
[242.077s][info][gc,metaspace   ] GC(668) Metaspace: 23806K(24832K)->23806K(24832K) NonClass: 20879K(21504K)->20879K(21504K) Class: 2927K(3328K)->2927K(3328K)
[242.077s][info][gc             ] GC(668) Pause Young (Allocation Failure) 313M->56M(985M) 11.558ms
[242.077s][info][gc,cpu         ] GC(668) User=0.02s Sys=0.00s Real=0.02s
[242.135s][info][gc,start       ] GC(669) Pause Young (Allocation Failure)
[242.151s][info][gc,heap        ] GC(669) PSYoungGen: 309357K->0K(315904K)
[242.151s][info][gc,heap        ] GC(669) ParOldGen: 31167K->57885K(699392K)
[242.151s][info][gc,metaspace   ] GC(669) Metaspace: 23806K(24832K)->23806K(24832K) NonClass: 20879K(21504K)->20879K(21504K) Class: 2927K(3328K)->2927K(3328K)
[242.151s][info][gc             ] GC(669) Pause Young (Allocation Failure) 332M->56M(991M) 16.104ms
[242.151s][info][gc,cpu         ] GC(669) User=0.02s Sys=0.00s Real=0.01s
[242.208s][info][gc,start       ] GC(670) Pause Young (Allocation Failure)
[242.208s][info][gc,heap        ] GC(670) PSYoungGen: 282624K->0K(318976K)
[242.208s][info][gc,heap        ] GC(670) ParOldGen: 57885K->57885K(699392K)
[242.209s][info][gc,metaspace   ] GC(670) Metaspace: 23806K(24832K)->23806K(24832K) NonClass: 20879K(21504K)->20879K(21504K) Class: 2927K(3328K)->2927K(3328K)
[242.209s][info][gc             ] GC(670) Pause Young (Allocation Failure) 332M->56M(994M) 0.629ms
[242.209s][info][gc,cpu         ] GC(670) User=0.00s Sys=0.00s Real=0.00s
[242.266s][info][gc,start       ] GC(671) Pause Young (Allocation Failure)
[242.267s][info][gc,heap        ] GC(671) PSYoungGen: 287232K->0K(317440K)
[242.267s][info][gc,heap        ] GC(671) ParOldGen: 57885K->57885K(699392K)
[242.267s][info][gc,metaspace   ] GC(671) Metaspace: 23806K(24832K)->23806K(24832K) NonClass: 20879K(21504K)->20879K(21504K) Class: 2927K(3328K)->2927K(3328K)
[242.267s][info][gc             ] GC(671) Pause Young (Allocation Failure) 337M->56M(993M) 0.926ms
[242.267s][info][gc,cpu         ] GC(671) User=0.00s Sys=0.00s Real=0.00s
[242.327s][info][gc,start       ] GC(672) Pause Young (Allocation Failure)
[242.328s][info][gc,heap        ] GC(672) PSYoungGen: 287232K->0K(322048K)
[242.328s][info][gc,heap        ] GC(672) ParOldGen: 57885K->57885K(699392K)
[242.328s][info][gc,metaspace   ] GC(672) Metaspace: 23806K(24832K)->23806K(24832K) NonClass: 20879K(21504K)->20879K(21504K) Class: 2927K(3328K)->2927K(3328K)
[242.328s][info][gc             ] GC(672) Pause Young (Allocation Failure) 337M->56M(997M) 0.714ms
[242.328s][info][gc,cpu         ] GC(672) User=0.00s Sys=0.00s Real=0.00s
[242.363s][info][gc,start       ] GC(673) Pause Young (System.gc())
[242.364s][info][gc,heap        ] GC(673) PSYoungGen: 93871K->646K(320512K)
[242.364s][info][gc,heap        ] GC(673) ParOldGen: 57885K->57885K(699392K)
[242.364s][info][gc,metaspace   ] GC(673) Metaspace: 23806K(24832K)->23806K(24832K) NonClass: 20879K(21504K)->20879K(21504K) Class: 2927K(3328K)->2927K(3328K)
[242.364s][info][gc             ] GC(673) Pause Young (System.gc()) 148M->57M(996M) 1.070ms
[242.364s][info][gc,cpu         ] GC(673) User=0.00s Sys=0.00s Real=0.00s
[242.364s][info][gc,start       ] GC(674) Pause Full (System.gc())
[242.364s][info][gc,phases,start] GC(674) Marking Phase
[242.369s][info][gc,phases      ] GC(674) Marking Phase 4.640ms
[242.369s][info][gc,phases,start] GC(674) Summary Phase
[242.369s][info][gc,phases      ] GC(674) Summary Phase 0.011ms
[242.369s][info][gc,phases,start] GC(674) Adjust Roots
[242.372s][info][gc,phases      ] GC(674) Adjust Roots 2.693ms
[242.372s][info][gc,phases,start] GC(674) Compaction Phase
[242.374s][info][gc,phases      ] GC(674) Compaction Phase 2.385ms
[242.374s][info][gc,phases,start] GC(674) Post Compact
[242.374s][info][gc,phases      ] GC(674) Post Compact 0.309ms
[242.374s][info][gc,heap        ] GC(674) PSYoungGen: 646K->0K(320512K)
[242.374s][info][gc,heap        ] GC(674) ParOldGen: 57885K->4984K(699392K)
[242.374s][info][gc,metaspace   ] GC(674) Metaspace: 23806K(24832K)->23806K(24832K) NonClass: 20879K(21504K)->20879K(21504K) Class: 2927K(3328K)->2927K(3328K)
[242.374s][info][gc             ] GC(674) Pause Full (System.gc()) 57M->4M(996M) 10.262ms
[242.374s][info][gc,cpu         ] GC(674) User=0.00s Sys=0.00s Real=0.02s
[244.134s][info][gc,start       ] GC(675) Pause Young (Allocation Failure)
[244.146s][info][gc,heap        ] GC(675) PSYoungGen: 293376K->25589K(311296K)
[244.146s][info][gc,heap        ] GC(675) ParOldGen: 4984K->5496K(699392K)
[244.146s][info][gc,metaspace   ] GC(675) Metaspace: 23806K(24832K)->23806K(24832K) NonClass: 20879K(21504K)->20879K(21504K) Class: 2927K(3328K)->2927K(3328K)
[244.146s][info][gc             ] GC(675) Pause Young (Allocation Failure) 291M->30M(987M) 11.578ms
[244.146s][info][gc,cpu         ] GC(675) User=0.02s Sys=0.00s Real=0.02s
[244.204s][info][gc,start       ] GC(676) Pause Young (Allocation Failure)
[244.220s][info][gc,heap        ] GC(676) PSYoungGen: 311285K->0K(317440K)
[244.221s][info][gc,heap        ] GC(676) ParOldGen: 5496K->31183K(699392K)
[244.221s][info][gc,metaspace   ] GC(676) Metaspace: 23806K(24832K)->23806K(24832K) NonClass: 20879K(21504K)->20879K(21504K) Class: 2927K(3328K)->2927K(3328K)
[244.221s][info][gc             ] GC(676) Pause Young (Allocation Failure) 309M->30M(993M) 16.280ms
[244.221s][info][gc,cpu         ] GC(676) User=0.05s Sys=0.00s Real=0.02s
[244.278s][info][gc,start       ] GC(677) Pause Young (Allocation Failure)
[244.279s][info][gc,heap        ] GC(677) PSYoungGen: 285696K->0K(320512K)
[244.279s][info][gc,heap        ] GC(677) ParOldGen: 31183K->31183K(699392K)
[244.279s][info][gc,metaspace   ] GC(677) Metaspace: 23806K(24832K)->23806K(24832K) NonClass: 20879K(21504K)->20879K(21504K) Class: 2927K(3328K)->2927K(3328K)
[244.279s][info][gc             ] GC(677) Pause Young (Allocation Failure) 309M->30M(996M) 0.635ms
[244.279s][info][gc,cpu         ] GC(677) User=0.00s Sys=0.00s Real=0.00s
[244.337s][info][gc,start       ] GC(678) Pause Young (Allocation Failure)
[244.338s][info][gc,heap        ] GC(678) PSYoungGen: 290304K->0K(318976K)
[244.338s][info][gc,heap        ] GC(678) ParOldGen: 31183K->31183K(699392K)
[244.338s][info][gc,metaspace   ] GC(678) Metaspace: 23806K(24832K)->23806K(24832K) NonClass: 20879K(21504K)->20879K(21504K) Class: 2927K(3328K)->2927K(3328K)
[244.338s][info][gc             ] GC(678) Pause Young (Allocation Failure) 313M->30M(994M) 0.630ms
[244.338s][info][gc,cpu         ] GC(678) User=0.00s Sys=0.00s Real=0.00s
[246.109s][info][gc,start       ] GC(679) Pause Young (Allocation Failure)
[246.121s][info][gc,heap        ] GC(679) PSYoungGen: 290304K->26765K(309760K)
[246.121s][info][gc,heap        ] GC(679) ParOldGen: 31183K->31183K(699392K)
[246.121s][info][gc,metaspace   ] GC(679) Metaspace: 23806K(24832K)->23806K(24832K) NonClass: 20879K(21504K)->20879K(21504K) Class: 2927K(3328K)->2927K(3328K)
[246.121s][info][gc             ] GC(679) Pause Young (Allocation Failure) 313M->56M(985M) 11.536ms
[246.121s][info][gc,cpu         ] GC(679) User=0.00s Sys=0.00s Real=0.00s
[246.179s][info][gc,start       ] GC(680) Pause Young (Allocation Failure)
[246.194s][info][gc,heap        ] GC(680) PSYoungGen: 309389K->0K(315904K)
[246.194s][info][gc,heap        ] GC(680) ParOldGen: 31183K->57917K(699392K)
[246.194s][info][gc,metaspace   ] GC(680) Metaspace: 23806K(24832K)->23806K(24832K) NonClass: 20879K(21504K)->20879K(21504K) Class: 2927K(3328K)->2927K(3328K)
[246.194s][info][gc             ] GC(680) Pause Young (Allocation Failure) 332M->56M(991M) 15.700ms
[246.194s][info][gc,cpu         ] GC(680) User=0.03s Sys=0.00s Real=0.02s
[246.251s][info][gc,start       ] GC(681) Pause Young (Allocation Failure)
[246.252s][info][gc,heap        ] GC(681) PSYoungGen: 282624K->0K(318976K)
[246.252s][info][gc,heap        ] GC(681) ParOldGen: 57917K->57917K(699392K)
[246.252s][info][gc,metaspace   ] GC(681) Metaspace: 23806K(24832K)->23806K(24832K) NonClass: 20879K(21504K)->20879K(21504K) Class: 2927K(3328K)->2927K(3328K)
[246.252s][info][gc             ] GC(681) Pause Young (Allocation Failure) 332M->56M(994M) 0.772ms
[246.252s][info][gc,cpu         ] GC(681) User=0.00s Sys=0.00s Real=0.00s
[246.310s][info][gc,start       ] GC(682) Pause Young (Allocation Failure)
[246.311s][info][gc,heap        ] GC(682) PSYoungGen: 287232K->0K(317440K)
[246.311s][info][gc,heap        ] GC(682) ParOldGen: 57917K->57917K(699392K)
[246.311s][info][gc,metaspace   ] GC(682) Metaspace: 23806K(24832K)->23806K(24832K) NonClass: 20879K(21504K)->20879K(21504K) Class: 2927K(3328K)->2927K(3328K)
[246.312s][info][gc             ] GC(682) Pause Young (Allocation Failure) 337M->56M(993M) 1.063ms
[246.312s][info][gc,cpu         ] GC(682) User=0.00s Sys=0.00s Real=0.00s
[246.369s][info][gc,start       ] GC(683) Pause Young (Allocation Failure)
[246.370s][info][gc,heap        ] GC(683) PSYoungGen: 287232K->0K(322048K)
[246.370s][info][gc,heap        ] GC(683) ParOldGen: 57917K->57917K(699392K)
[246.370s][info][gc,metaspace   ] GC(683) Metaspace: 23806K(24832K)->23806K(24832K) NonClass: 20879K(21504K)->20879K(21504K) Class: 2927K(3328K)->2927K(3328K)
[246.370s][info][gc             ] GC(683) Pause Young (Allocation Failure) 337M->56M(997M) 0.567ms
[246.370s][info][gc,cpu         ] GC(683) User=0.00s Sys=0.00s Real=0.00s
[246.404s][info][gc,start       ] GC(684) Pause Young (System.gc())
[246.405s][info][gc,heap        ] GC(684) PSYoungGen: 93871K->678K(320512K)
[246.405s][info][gc,heap        ] GC(684) ParOldGen: 57917K->57917K(699392K)
[246.405s][info][gc,metaspace   ] GC(684) Metaspace: 23806K(24832K)->23806K(24832K) NonClass: 20879K(21504K)->20879K(21504K) Class: 2927K(3328K)->2927K(3328K)
[246.405s][info][gc             ] GC(684) Pause Young (System.gc()) 148M->57M(996M) 1.035ms
[246.405s][info][gc,cpu         ] GC(684) User=0.00s Sys=0.00s Real=0.00s
[246.405s][info][gc,start       ] GC(685) Pause Full (System.gc())
[246.405s][info][gc,phases,start] GC(685) Marking Phase
[246.410s][info][gc,phases      ] GC(685) Marking Phase 4.720ms
[246.410s][info][gc,phases,start] GC(685) Summary Phase
[246.410s][info][gc,phases      ] GC(685) Summary Phase 0.010ms
[246.410s][info][gc,phases,start] GC(685) Adjust Roots
[246.412s][info][gc,phases      ] GC(685) Adjust Roots 2.516ms
[246.412s][info][gc,phases,start] GC(685) Compaction Phase
[246.415s][info][gc,phases      ] GC(685) Compaction Phase 2.348ms
[246.415s][info][gc,phases,start] GC(685) Post Compact
[246.415s][info][gc,phases      ] GC(685) Post Compact 0.334ms
[246.415s][info][gc,heap        ] GC(685) PSYoungGen: 678K->0K(320512K)
[246.415s][info][gc,heap        ] GC(685) ParOldGen: 57917K->4984K(699392K)
[246.415s][info][gc,metaspace   ] GC(685) Metaspace: 23806K(24832K)->23806K(24832K) NonClass: 20879K(21504K)->20879K(21504K) Class: 2927K(3328K)->2927K(3328K)
[246.415s][info][gc             ] GC(685) Pause Full (System.gc()) 57M->4M(996M) 10.137ms
[246.415s][info][gc,cpu         ] GC(685) User=0.00s Sys=0.00s Real=0.00s
[248.175s][info][gc,start       ] GC(686) Pause Young (Allocation Failure)
[248.186s][info][gc,heap        ] GC(686) PSYoungGen: 293376K->25589K(311296K)
[248.186s][info][gc,heap        ] GC(686) ParOldGen: 4984K->5488K(699392K)
[248.186s][info][gc,metaspace   ] GC(686) Metaspace: 23806K(24832K)->23806K(24832K) NonClass: 20879K(21504K)->20879K(21504K) Class: 2927K(3328K)->2927K(3328K)
[248.186s][info][gc             ] GC(686) Pause Young (Allocation Failure) 291M->30M(987M) 11.352ms
[248.186s][info][gc,cpu         ] GC(686) User=0.02s Sys=0.00s Real=0.01s
[248.245s][info][gc,start       ] GC(687) Pause Young (Allocation Failure)
[248.260s][info][gc,heap        ] GC(687) PSYoungGen: 311285K->0K(317440K)
[248.260s][info][gc,heap        ] GC(687) ParOldGen: 5488K->31167K(699392K)
[248.260s][info][gc,metaspace   ] GC(687) Metaspace: 23806K(24832K)->23806K(24832K) NonClass: 20879K(21504K)->20879K(21504K) Class: 2927K(3328K)->2927K(3328K)
[248.260s][info][gc             ] GC(687) Pause Young (Allocation Failure) 309M->30M(993M) 15.537ms
[248.260s][info][gc,cpu         ] GC(687) User=0.02s Sys=0.00s Real=0.02s
[248.318s][info][gc,start       ] GC(688) Pause Young (Allocation Failure)
[248.319s][info][gc,heap        ] GC(688) PSYoungGen: 285696K->0K(320512K)
[248.319s][info][gc,heap        ] GC(688) ParOldGen: 31167K->31167K(699392K)
[248.319s][info][gc,metaspace   ] GC(688) Metaspace: 23806K(24832K)->23806K(24832K) NonClass: 20879K(21504K)->20879K(21504K) Class: 2927K(3328K)->2927K(3328K)
[248.319s][info][gc             ] GC(688) Pause Young (Allocation Failure) 309M->30M(996M) 0.733ms
[248.319s][info][gc,cpu         ] GC(688) User=0.00s Sys=0.00s Real=0.00s
[248.379s][info][gc,start       ] GC(689) Pause Young (Allocation Failure)
[248.379s][info][gc,heap        ] GC(689) PSYoungGen: 290304K->0K(318976K)
[248.379s][info][gc,heap        ] GC(689) ParOldGen: 31167K->31167K(699392K)
[248.379s][info][gc,metaspace   ] GC(689) Metaspace: 23806K(24832K)->23806K(24832K) NonClass: 20879K(21504K)->20879K(21504K) Class: 2927K(3328K)->2927K(3328K)
[248.379s][info][gc             ] GC(689) Pause Young (Allocation Failure) 313M->30M(994M) 0.758ms
[248.379s][info][gc,cpu         ] GC(689) User=0.00s Sys=0.00s Real=0.00s
[250.153s][info][gc,start       ] GC(690) Pause Young (Allocation Failure)
[250.164s][info][gc,heap        ] GC(690) PSYoungGen: 290304K->26747K(309760K)
[250.165s][info][gc,heap        ] GC(690) ParOldGen: 31167K->31167K(699392K)
[250.165s][info][gc,metaspace   ] GC(690) Metaspace: 23806K(24832K)->23806K(24832K) NonClass: 20879K(21504K)->20879K(21504K) Class: 2927K(3328K)->2927K(3328K)
[250.165s][info][gc             ] GC(690) Pause Young (Allocation Failure) 313M->56M(985M) 11.460ms
[250.165s][info][gc,cpu         ] GC(690) User=0.02s Sys=0.00s Real=0.01s
[250.222s][info][gc,start       ] GC(691) Pause Young (Allocation Failure)
[250.238s][info][gc,heap        ] GC(691) PSYoungGen: 309371K->0K(315904K)
[250.238s][info][gc,heap        ] GC(691) ParOldGen: 31167K->57909K(699392K)
[250.238s][info][gc,metaspace   ] GC(691) Metaspace: 23806K(24832K)->23806K(24832K) NonClass: 20879K(21504K)->20879K(21504K) Class: 2927K(3328K)->2927K(3328K)
[250.238s][info][gc             ] GC(691) Pause Young (Allocation Failure) 332M->56M(991M) 15.579ms
[250.238s][info][gc,cpu         ] GC(691) User=0.02s Sys=0.00s Real=0.02s
[250.295s][info][gc,start       ] GC(692) Pause Young (Allocation Failure)
[250.295s][info][gc,heap        ] GC(692) PSYoungGen: 282624K->0K(318976K)
[250.295s][info][gc,heap        ] GC(692) ParOldGen: 57909K->57909K(699392K)
[250.295s][info][gc,metaspace   ] GC(692) Metaspace: 23806K(24832K)->23806K(24832K) NonClass: 20879K(21504K)->20879K(21504K) Class: 2927K(3328K)->2927K(3328K)
[250.295s][info][gc             ] GC(692) Pause Young (Allocation Failure) 332M->56M(994M) 0.658ms
[250.295s][info][gc,cpu         ] GC(692) User=0.00s Sys=0.00s Real=0.00s
[250.353s][info][gc,start       ] GC(693) Pause Young (Allocation Failure)
[250.354s][info][gc,heap        ] GC(693) PSYoungGen: 287232K->0K(317440K)
[250.354s][info][gc,heap        ] GC(693) ParOldGen: 57909K->57909K(699392K)
[250.354s][info][gc,metaspace   ] GC(693) Metaspace: 23806K(24832K)->23806K(24832K) NonClass: 20879K(21504K)->20879K(21504K) Class: 2927K(3328K)->2927K(3328K)
[250.354s][info][gc             ] GC(693) Pause Young (Allocation Failure) 337M->56M(993M) 0.802ms
[250.354s][info][gc,cpu         ] GC(693) User=0.00s Sys=0.00s Real=0.00s
[250.412s][info][gc,start       ] GC(694) Pause Young (Allocation Failure)
[250.413s][info][gc,heap        ] GC(694) PSYoungGen: 287232K->0K(322048K)
[250.413s][info][gc,heap        ] GC(694) ParOldGen: 57909K->57909K(699392K)
[250.413s][info][gc,metaspace   ] GC(694) Metaspace: 23806K(24832K)->23806K(24832K) NonClass: 20879K(21504K)->20879K(21504K) Class: 2927K(3328K)->2927K(3328K)
[250.413s][info][gc             ] GC(694) Pause Young (Allocation Failure) 337M->56M(997M) 0.575ms
[250.413s][info][gc,cpu         ] GC(694) User=0.00s Sys=0.00s Real=0.00s
[250.447s][info][gc,start       ] GC(695) Pause Young (System.gc())
[250.448s][info][gc,heap        ] GC(695) PSYoungGen: 93871K->678K(320512K)
[250.448s][info][gc,heap        ] GC(695) ParOldGen: 57909K->57909K(699392K)
[250.448s][info][gc,metaspace   ] GC(695) Metaspace: 23806K(24832K)->23806K(24832K) NonClass: 20879K(21504K)->20879K(21504K) Class: 2927K(3328K)->2927K(3328K)
[250.448s][info][gc             ] GC(695) Pause Young (System.gc()) 148M->57M(996M) 1.024ms
[250.448s][info][gc,cpu         ] GC(695) User=0.00s Sys=0.00s Real=0.00s
[250.448s][info][gc,start       ] GC(696) Pause Full (System.gc())
[250.448s][info][gc,phases,start] GC(696) Marking Phase
[250.454s][info][gc,phases      ] GC(696) Marking Phase 5.378ms
[250.454s][info][gc,phases,start] GC(696) Summary Phase
[250.454s][info][gc,phases      ] GC(696) Summary Phase 0.010ms
[250.454s][info][gc,phases,start] GC(696) Adjust Roots
[250.456s][info][gc,phases      ] GC(696) Adjust Roots 2.522ms
[250.456s][info][gc,phases,start] GC(696) Compaction Phase
[250.458s][info][gc,phases      ] GC(696) Compaction Phase 2.152ms
[250.458s][info][gc,phases,start] GC(696) Post Compact
[250.459s][info][gc,phases      ] GC(696) Post Compact 0.340ms
[250.459s][info][gc,heap        ] GC(696) PSYoungGen: 678K->0K(320512K)
[250.459s][info][gc,heap        ] GC(696) ParOldGen: 57909K->4984K(699392K)
[250.459s][info][gc,metaspace   ] GC(696) Metaspace: 23806K(24832K)->23806K(24832K) NonClass: 20879K(21504K)->20879K(21504K) Class: 2927K(3328K)->2927K(3328K)
[250.459s][info][gc             ] GC(696) Pause Full (System.gc()) 57M->4M(996M) 10.614ms
[250.459s][info][gc,cpu         ] GC(696) User=0.00s Sys=0.00s Real=0.01s
[252.219s][info][gc,start       ] GC(697) Pause Young (Allocation Failure)
[252.230s][info][gc,heap        ] GC(697) PSYoungGen: 293376K->25589K(311296K)
[252.230s][info][gc,heap        ] GC(697) ParOldGen: 4984K->5488K(699392K)
[252.230s][info][gc,metaspace   ] GC(697) Metaspace: 23806K(24832K)->23806K(24832K) NonClass: 20879K(21504K)->20879K(21504K) Class: 2927K(3328K)->2927K(3328K)
[252.230s][info][gc             ] GC(697) Pause Young (Allocation Failure) 291M->30M(987M) 10.967ms
[252.230s][info][gc,cpu         ] GC(697) User=0.02s Sys=0.00s Real=0.02s
[252.288s][info][gc,start       ] GC(698) Pause Young (Allocation Failure)
[252.305s][info][gc,heap        ] GC(698) PSYoungGen: 311285K->0K(317440K)
[252.305s][info][gc,heap        ] GC(698) ParOldGen: 5488K->31167K(699392K)
[252.305s][info][gc,metaspace   ] GC(698) Metaspace: 23806K(24832K)->23806K(24832K) NonClass: 20879K(21504K)->20879K(21504K) Class: 2927K(3328K)->2927K(3328K)
[252.305s][info][gc             ] GC(698) Pause Young (Allocation Failure) 309M->30M(993M) 16.846ms
[252.305s][info][gc,cpu         ] GC(698) User=0.09s Sys=0.00s Real=0.03s
[252.363s][info][gc,start       ] GC(699) Pause Young (Allocation Failure)
[252.363s][info][gc,heap        ] GC(699) PSYoungGen: 285696K->0K(320512K)
[252.363s][info][gc,heap        ] GC(699) ParOldGen: 31167K->31167K(699392K)
[252.363s][info][gc,metaspace   ] GC(699) Metaspace: 23806K(24832K)->23806K(24832K) NonClass: 20879K(21504K)->20879K(21504K) Class: 2927K(3328K)->2927K(3328K)
[252.363s][info][gc             ] GC(699) Pause Young (Allocation Failure) 309M->30M(996M) 0.698ms
[252.363s][info][gc,cpu         ] GC(699) User=0.00s Sys=0.00s Real=0.00s
[252.422s][info][gc,start       ] GC(700) Pause Young (Allocation Failure)
[252.422s][info][gc,heap        ] GC(700) PSYoungGen: 290304K->0K(318976K)
[252.422s][info][gc,heap        ] GC(700) ParOldGen: 31167K->31167K(699392K)
[252.422s][info][gc,metaspace   ] GC(700) Metaspace: 23806K(24832K)->23806K(24832K) NonClass: 20879K(21504K)->20879K(21504K) Class: 2927K(3328K)->2927K(3328K)
[252.422s][info][gc             ] GC(700) Pause Young (Allocation Failure) 313M->30M(994M) 0.651ms
[252.422s][info][gc,cpu         ] GC(700) User=0.00s Sys=0.00s Real=0.00s
[254.193s][info][gc,start       ] GC(701) Pause Young (Allocation Failure)
[254.205s][info][gc,heap        ] GC(701) PSYoungGen: 290304K->26701K(309760K)
[254.205s][info][gc,heap        ] GC(701) ParOldGen: 31167K->31167K(699392K)
[254.205s][info][gc,metaspace   ] GC(701) Metaspace: 23809K(24832K)->23809K(24832K) NonClass: 20882K(21504K)->20882K(21504K) Class: 2927K(3328K)->2927K(3328K)
[254.205s][info][gc             ] GC(701) Pause Young (Allocation Failure) 313M->56M(985M) 11.832ms
[254.205s][info][gc,cpu         ] GC(701) User=0.02s Sys=0.00s Real=0.01s
[254.262s][info][gc,start       ] GC(702) Pause Young (Allocation Failure)
[254.279s][info][gc,heap        ] GC(702) PSYoungGen: 309325K->0K(315904K)
[254.279s][info][gc,heap        ] GC(702) ParOldGen: 31167K->57909K(699392K)
[254.279s][info][gc,metaspace   ] GC(702) Metaspace: 23809K(24832K)->23809K(24832K) NonClass: 20882K(21504K)->20882K(21504K) Class: 2927K(3328K)->2927K(3328K)
[254.279s][info][gc             ] GC(702) Pause Young (Allocation Failure) 332M->56M(991M) 16.948ms
[254.279s][info][gc,cpu         ] GC(702) User=0.08s Sys=0.00s Real=0.01s
[254.337s][info][gc,start       ] GC(703) Pause Young (Allocation Failure)
[254.338s][info][gc,heap        ] GC(703) PSYoungGen: 282624K->0K(318976K)
[254.338s][info][gc,heap        ] GC(703) ParOldGen: 57909K->57909K(699392K)
[254.338s][info][gc,metaspace   ] GC(703) Metaspace: 23809K(24832K)->23809K(24832K) NonClass: 20882K(21504K)->20882K(21504K) Class: 2927K(3328K)->2927K(3328K)
[254.338s][info][gc             ] GC(703) Pause Young (Allocation Failure) 332M->56M(994M) 0.976ms
[254.338s][info][gc,cpu         ] GC(703) User=0.00s Sys=0.00s Real=0.00s
[254.396s][info][gc,start       ] GC(704) Pause Young (Allocation Failure)
[254.396s][info][gc,heap        ] GC(704) PSYoungGen: 287232K->0K(317440K)
[254.396s][info][gc,heap        ] GC(704) ParOldGen: 57909K->57909K(699392K)
[254.396s][info][gc,metaspace   ] GC(704) Metaspace: 23809K(24832K)->23809K(24832K) NonClass: 20882K(21504K)->20882K(21504K) Class: 2927K(3328K)->2927K(3328K)
[254.396s][info][gc             ] GC(704) Pause Young (Allocation Failure) 337M->56M(993M) 0.626ms
[254.397s][info][gc,cpu         ] GC(704) User=0.00s Sys=0.00s Real=0.00s
[254.454s][info][gc,start       ] GC(705) Pause Young (Allocation Failure)
[254.455s][info][gc,heap        ] GC(705) PSYoungGen: 287232K->0K(322048K)
[254.455s][info][gc,heap        ] GC(705) ParOldGen: 57909K->57909K(699392K)
[254.455s][info][gc,metaspace   ] GC(705) Metaspace: 23809K(24832K)->23809K(24832K) NonClass: 20882K(21504K)->20882K(21504K) Class: 2927K(3328K)->2927K(3328K)
[254.455s][info][gc             ] GC(705) Pause Young (Allocation Failure) 337M->56M(997M) 0.863ms
[254.455s][info][gc,cpu         ] GC(705) User=0.00s Sys=0.00s Real=0.00s
[254.489s][info][gc,start       ] GC(706) Pause Young (System.gc())
[254.490s][info][gc,heap        ] GC(706) PSYoungGen: 94092K->710K(320512K)
[254.490s][info][gc,heap        ] GC(706) ParOldGen: 57909K->57909K(699392K)
[254.490s][info][gc,metaspace   ] GC(706) Metaspace: 23820K(24832K)->23820K(24832K) NonClass: 20893K(21504K)->20893K(21504K) Class: 2927K(3328K)->2927K(3328K)
[254.490s][info][gc             ] GC(706) Pause Young (System.gc()) 148M->57M(996M) 1.056ms
[254.490s][info][gc,cpu         ] GC(706) User=0.00s Sys=0.00s Real=0.00s
[254.490s][info][gc,start       ] GC(707) Pause Full (System.gc())
[254.490s][info][gc,phases,start] GC(707) Marking Phase
[254.495s][info][gc,phases      ] GC(707) Marking Phase 4.910ms
[254.495s][info][gc,phases,start] GC(707) Summary Phase
[254.495s][info][gc,phases      ] GC(707) Summary Phase 0.009ms
[254.495s][info][gc,phases,start] GC(707) Adjust Roots
[254.498s][info][gc,phases      ] GC(707) Adjust Roots 2.604ms
[254.498s][info][gc,phases,start] GC(707) Compaction Phase
[254.500s][info][gc,phases      ] GC(707) Compaction Phase 1.868ms
[254.500s][info][gc,phases,start] GC(707) Post Compact
[254.500s][info][gc,phases      ] GC(707) Post Compact 0.318ms
[254.500s][info][gc,heap        ] GC(707) PSYoungGen: 710K->0K(320512K)
[254.500s][info][gc,heap        ] GC(707) ParOldGen: 57909K->4984K(699392K)
[254.500s][info][gc,metaspace   ] GC(707) Metaspace: 23820K(24832K)->23820K(24832K) NonClass: 20893K(21504K)->20893K(21504K) Class: 2927K(3328K)->2927K(3328K)
[254.500s][info][gc             ] GC(707) Pause Full (System.gc()) 57M->4M(996M) 9.944ms
[254.500s][info][gc,cpu         ] GC(707) User=0.00s Sys=0.00s Real=0.00s
[256.265s][info][gc,start       ] GC(708) Pause Young (Allocation Failure)
[256.276s][info][gc,heap        ] GC(708) PSYoungGen: 293376K->25575K(311296K)
[256.276s][info][gc,heap        ] GC(708) ParOldGen: 4984K->5504K(699392K)
[256.276s][info][gc,metaspace   ] GC(708) Metaspace: 23820K(24832K)->23820K(24832K) NonClass: 20893K(21504K)->20893K(21504K) Class: 2927K(3328K)->2927K(3328K)
[256.276s][info][gc             ] GC(708) Pause Young (Allocation Failure) 291M->30M(987M) 11.217ms
[256.276s][info][gc,cpu         ] GC(708) User=0.00s Sys=0.00s Real=0.00s
[256.335s][info][gc,start       ] GC(709) Pause Young (Allocation Failure)
[256.351s][info][gc,heap        ] GC(709) PSYoungGen: 311271K->0K(317440K)
[256.351s][info][gc,heap        ] GC(709) ParOldGen: 5504K->31151K(699392K)
[256.351s][info][gc,metaspace   ] GC(709) Metaspace: 23820K(24832K)->23820K(24832K) NonClass: 20893K(21504K)->20893K(21504K) Class: 2927K(3328K)->2927K(3328K)
[256.351s][info][gc             ] GC(709) Pause Young (Allocation Failure) 309M->30M(993M) 16.298ms
[256.351s][info][gc,cpu         ] GC(709) User=0.03s Sys=0.00s Real=0.02s
[256.409s][info][gc,start       ] GC(710) Pause Young (Allocation Failure)
[256.409s][info][gc,heap        ] GC(710) PSYoungGen: 285696K->0K(320512K)
[256.409s][info][gc,heap        ] GC(710) ParOldGen: 31151K->31151K(699392K)
[256.409s][info][gc,metaspace   ] GC(710) Metaspace: 23820K(24832K)->23820K(24832K) NonClass: 20893K(21504K)->20893K(21504K) Class: 2927K(3328K)->2927K(3328K)
[256.409s][info][gc             ] GC(710) Pause Young (Allocation Failure) 309M->30M(996M) 0.600ms
[256.409s][info][gc,cpu         ] GC(710) User=0.00s Sys=0.00s Real=0.00s
[256.468s][info][gc,start       ] GC(711) Pause Young (Allocation Failure)
[256.468s][info][gc,heap        ] GC(711) PSYoungGen: 290304K->0K(318976K)
[256.468s][info][gc,heap        ] GC(711) ParOldGen: 31151K->31151K(699392K)
[256.468s][info][gc,metaspace   ] GC(711) Metaspace: 23820K(24832K)->23820K(24832K) NonClass: 20893K(21504K)->20893K(21504K) Class: 2927K(3328K)->2927K(3328K)
[256.468s][info][gc             ] GC(711) Pause Young (Allocation Failure) 313M->30M(994M) 0.552ms
[256.468s][info][gc,cpu         ] GC(711) User=0.00s Sys=0.00s Real=0.00s
[258.240s][info][gc,start       ] GC(712) Pause Young (Allocation Failure)
[258.253s][info][gc,heap        ] GC(712) PSYoungGen: 290304K->26715K(309760K)
[258.253s][info][gc,heap        ] GC(712) ParOldGen: 31151K->31151K(699392K)
[258.253s][info][gc,metaspace   ] GC(712) Metaspace: 23820K(24832K)->23820K(24832K) NonClass: 20893K(21504K)->20893K(21504K) Class: 2927K(3328K)->2927K(3328K)
[258.253s][info][gc             ] GC(712) Pause Young (Allocation Failure) 313M->56M(985M) 13.228ms
[258.253s][info][gc,cpu         ] GC(712) User=0.00s Sys=0.00s Real=0.00s
[258.311s][info][gc,start       ] GC(713) Pause Young (Allocation Failure)
[258.328s][info][gc,heap        ] GC(713) PSYoungGen: 309339K->0K(315904K)
[258.328s][info][gc,heap        ] GC(713) ParOldGen: 31151K->57877K(699392K)
[258.328s][info][gc,metaspace   ] GC(713) Metaspace: 23820K(24832K)->23820K(24832K) NonClass: 20893K(21504K)->20893K(21504K) Class: 2927K(3328K)->2927K(3328K)
[258.328s][info][gc             ] GC(713) Pause Young (Allocation Failure) 332M->56M(991M) 17.249ms
[258.328s][info][gc,cpu         ] GC(713) User=0.08s Sys=0.00s Real=0.02s
[258.385s][info][gc,start       ] GC(714) Pause Young (Allocation Failure)
[258.386s][info][gc,heap        ] GC(714) PSYoungGen: 282624K->0K(318976K)
[258.386s][info][gc,heap        ] GC(714) ParOldGen: 57877K->57877K(699392K)
[258.386s][info][gc,metaspace   ] GC(714) Metaspace: 23820K(24832K)->23820K(24832K) NonClass: 20893K(21504K)->20893K(21504K) Class: 2927K(3328K)->2927K(3328K)
[258.386s][info][gc             ] GC(714) Pause Young (Allocation Failure) 332M->56M(994M) 0.919ms
[258.386s][info][gc,cpu         ] GC(714) User=0.00s Sys=0.00s Real=0.00s
[258.444s][info][gc,start       ] GC(715) Pause Young (Allocation Failure)
[258.444s][info][gc,heap        ] GC(715) PSYoungGen: 287232K->0K(317440K)
[258.444s][info][gc,heap        ] GC(715) ParOldGen: 57877K->57877K(699392K)
[258.444s][info][gc,metaspace   ] GC(715) Metaspace: 23820K(24832K)->23820K(24832K) NonClass: 20893K(21504K)->20893K(21504K) Class: 2927K(3328K)->2927K(3328K)
[258.444s][info][gc             ] GC(715) Pause Young (Allocation Failure) 337M->56M(993M) 0.555ms
[258.444s][info][gc,cpu         ] GC(715) User=0.00s Sys=0.00s Real=0.00s
[258.502s][info][gc,start       ] GC(716) Pause Young (Allocation Failure)
[258.503s][info][gc,heap        ] GC(716) PSYoungGen: 287232K->0K(322048K)
[258.503s][info][gc,heap        ] GC(716) ParOldGen: 57877K->57877K(699392K)
[258.503s][info][gc,metaspace   ] GC(716) Metaspace: 23820K(24832K)->23820K(24832K) NonClass: 20893K(21504K)->20893K(21504K) Class: 2927K(3328K)->2927K(3328K)
[258.503s][info][gc             ] GC(716) Pause Young (Allocation Failure) 337M->56M(997M) 1.087ms
[258.503s][info][gc,cpu         ] GC(716) User=0.00s Sys=0.00s Real=0.00s
[258.537s][info][gc,start       ] GC(717) Pause Young (System.gc())
[258.538s][info][gc,heap        ] GC(717) PSYoungGen: 93871K->678K(320512K)
[258.538s][info][gc,heap        ] GC(717) ParOldGen: 57877K->57877K(699392K)
[258.538s][info][gc,metaspace   ] GC(717) Metaspace: 23820K(24832K)->23820K(24832K) NonClass: 20893K(21504K)->20893K(21504K) Class: 2927K(3328K)->2927K(3328K)
[258.538s][info][gc             ] GC(717) Pause Young (System.gc()) 148M->57M(996M) 1.028ms
[258.538s][info][gc,cpu         ] GC(717) User=0.00s Sys=0.00s Real=0.00s
[258.539s][info][gc,start       ] GC(718) Pause Full (System.gc())
[258.539s][info][gc,phases,start] GC(718) Marking Phase
[258.543s][info][gc,phases      ] GC(718) Marking Phase 4.805ms
[258.543s][info][gc,phases,start] GC(718) Summary Phase
[258.543s][info][gc,phases      ] GC(718) Summary Phase 0.010ms
[258.543s][info][gc,phases,start] GC(718) Adjust Roots
[258.546s][info][gc,phases      ] GC(718) Adjust Roots 2.589ms
[258.546s][info][gc,phases,start] GC(718) Compaction Phase
[258.549s][info][gc,phases      ] GC(718) Compaction Phase 2.645ms
[258.549s][info][gc,phases,start] GC(718) Post Compact
[258.549s][info][gc,phases      ] GC(718) Post Compact 0.326ms
[258.549s][info][gc,heap        ] GC(718) PSYoungGen: 678K->0K(320512K)
[258.549s][info][gc,heap        ] GC(718) ParOldGen: 57877K->4984K(699392K)
[258.549s][info][gc,metaspace   ] GC(718) Metaspace: 23820K(24832K)->23820K(24832K) NonClass: 20893K(21504K)->20893K(21504K) Class: 2927K(3328K)->2927K(3328K)
[258.549s][info][gc             ] GC(718) Pause Full (System.gc()) 57M->4M(996M) 10.600ms
[258.549s][info][gc,cpu         ] GC(718) User=0.00s Sys=0.00s Real=0.00s
[260.306s][info][gc,start       ] GC(719) Pause Young (Allocation Failure)
[260.320s][info][gc,heap        ] GC(719) PSYoungGen: 293376K->25589K(311296K)
[260.320s][info][gc,heap        ] GC(719) ParOldGen: 4984K->5488K(699392K)
[260.320s][info][gc,metaspace   ] GC(719) Metaspace: 23820K(24832K)->23820K(24832K) NonClass: 20893K(21504K)->20893K(21504K) Class: 2927K(3328K)->2927K(3328K)
[260.320s][info][gc             ] GC(719) Pause Young (Allocation Failure) 291M->30M(987M) 14.715ms
[260.320s][info][gc,cpu         ] GC(719) User=0.02s Sys=0.00s Real=0.02s
[260.379s][info][gc,start       ] GC(720) Pause Young (Allocation Failure)
[260.395s][info][gc,heap        ] GC(720) PSYoungGen: 311285K->0K(317440K)
[260.395s][info][gc,heap        ] GC(720) ParOldGen: 5488K->31167K(699392K)
[260.395s][info][gc,metaspace   ] GC(720) Metaspace: 23820K(24832K)->23820K(24832K) NonClass: 20893K(21504K)->20893K(21504K) Class: 2927K(3328K)->2927K(3328K)
[260.395s][info][gc             ] GC(720) Pause Young (Allocation Failure) 309M->30M(993M) 16.668ms
[260.395s][info][gc,cpu         ] GC(720) User=0.08s Sys=0.00s Real=0.01s
[260.453s][info][gc,start       ] GC(721) Pause Young (Allocation Failure)
[260.454s][info][gc,heap        ] GC(721) PSYoungGen: 285696K->0K(320512K)
[260.454s][info][gc,heap        ] GC(721) ParOldGen: 31167K->31167K(699392K)
[260.454s][info][gc,metaspace   ] GC(721) Metaspace: 23820K(24832K)->23820K(24832K) NonClass: 20893K(21504K)->20893K(21504K) Class: 2927K(3328K)->2927K(3328K)
[260.454s][info][gc             ] GC(721) Pause Young (Allocation Failure) 309M->30M(996M) 0.817ms
[260.454s][info][gc,cpu         ] GC(721) User=0.00s Sys=0.00s Real=0.00s
[260.513s][info][gc,start       ] GC(722) Pause Young (Allocation Failure)
[260.513s][info][gc,heap        ] GC(722) PSYoungGen: 290304K->0K(318976K)
[260.513s][info][gc,heap        ] GC(722) ParOldGen: 31167K->31167K(699392K)
[260.513s][info][gc,metaspace   ] GC(722) Metaspace: 23820K(24832K)->23820K(24832K) NonClass: 20893K(21504K)->20893K(21504K) Class: 2927K(3328K)->2927K(3328K)
[260.513s][info][gc             ] GC(722) Pause Young (Allocation Failure) 313M->30M(994M) 0.527ms
[260.513s][info][gc,cpu         ] GC(722) User=0.00s Sys=0.00s Real=0.00s
[262.289s][info][gc,start       ] GC(723) Pause Young (Allocation Failure)
[262.300s][info][gc,heap        ] GC(723) PSYoungGen: 290304K->26779K(309760K)
[262.300s][info][gc,heap        ] GC(723) ParOldGen: 31167K->31167K(699392K)
[262.300s][info][gc,metaspace   ] GC(723) Metaspace: 23821K(24832K)->23821K(24832K) NonClass: 20893K(21504K)->20893K(21504K) Class: 2927K(3328K)->2927K(3328K)
[262.300s][info][gc             ] GC(723) Pause Young (Allocation Failure) 313M->56M(985M) 11.411ms
[262.300s][info][gc,cpu         ] GC(723) User=0.00s Sys=0.00s Real=0.00s
[262.357s][info][gc,start       ] GC(724) Pause Young (Allocation Failure)
[262.374s][info][gc,heap        ] GC(724) PSYoungGen: 309403K->0K(315904K)
[262.374s][info][gc,heap        ] GC(724) ParOldGen: 31167K->57893K(699392K)
[262.374s][info][gc,metaspace   ] GC(724) Metaspace: 23821K(24832K)->23821K(24832K) NonClass: 20893K(21504K)->20893K(21504K) Class: 2927K(3328K)->2927K(3328K)
[262.374s][info][gc             ] GC(724) Pause Young (Allocation Failure) 332M->56M(991M) 16.814ms
[262.374s][info][gc,cpu         ] GC(724) User=0.08s Sys=0.00s Real=0.01s
[262.431s][info][gc,start       ] GC(725) Pause Young (Allocation Failure)
[262.432s][info][gc,heap        ] GC(725) PSYoungGen: 282624K->0K(318976K)
[262.432s][info][gc,heap        ] GC(725) ParOldGen: 57893K->57893K(699392K)
[262.432s][info][gc,metaspace   ] GC(725) Metaspace: 23821K(24832K)->23821K(24832K) NonClass: 20893K(21504K)->20893K(21504K) Class: 2927K(3328K)->2927K(3328K)
[262.432s][info][gc             ] GC(725) Pause Young (Allocation Failure) 332M->56M(994M) 0.515ms
[262.432s][info][gc,cpu         ] GC(725) User=0.00s Sys=0.00s Real=0.00s
[262.490s][info][gc,start       ] GC(726) Pause Young (Allocation Failure)
[262.490s][info][gc,heap        ] GC(726) PSYoungGen: 287232K->0K(317440K)
[262.490s][info][gc,heap        ] GC(726) ParOldGen: 57893K->57893K(699392K)
[262.490s][info][gc,metaspace   ] GC(726) Metaspace: 23821K(24832K)->23821K(24832K) NonClass: 20893K(21504K)->20893K(21504K) Class: 2927K(3328K)->2927K(3328K)
[262.490s][info][gc             ] GC(726) Pause Young (Allocation Failure) 337M->56M(993M) 0.503ms
[262.490s][info][gc,cpu         ] GC(726) User=0.00s Sys=0.00s Real=0.00s
[262.548s][info][gc,start       ] GC(727) Pause Young (Allocation Failure)
[262.549s][info][gc,heap        ] GC(727) PSYoungGen: 287232K->0K(322048K)
[262.549s][info][gc,heap        ] GC(727) ParOldGen: 57893K->57893K(699392K)
[262.549s][info][gc,metaspace   ] GC(727) Metaspace: 23821K(24832K)->23821K(24832K) NonClass: 20893K(21504K)->20893K(21504K) Class: 2927K(3328K)->2927K(3328K)
[262.549s][info][gc             ] GC(727) Pause Young (Allocation Failure) 337M->56M(997M) 0.634ms
[262.549s][info][gc,cpu         ] GC(727) User=0.00s Sys=0.00s Real=0.00s
[262.583s][info][gc,start       ] GC(728) Pause Young (System.gc())
[262.584s][info][gc,heap        ] GC(728) PSYoungGen: 93871K->646K(320512K)
[262.584s][info][gc,heap        ] GC(728) ParOldGen: 57893K->57893K(699392K)
[262.584s][info][gc,metaspace   ] GC(728) Metaspace: 23821K(24832K)->23821K(24832K) NonClass: 20893K(21504K)->20893K(21504K) Class: 2927K(3328K)->2927K(3328K)
[262.584s][info][gc             ] GC(728) Pause Young (System.gc()) 148M->57M(996M) 1.112ms
[262.584s][info][gc,cpu         ] GC(728) User=0.00s Sys=0.00s Real=0.00s
[262.585s][info][gc,start       ] GC(729) Pause Full (System.gc())
[262.585s][info][gc,phases,start] GC(729) Marking Phase
[262.589s][info][gc,phases      ] GC(729) Marking Phase 4.607ms
[262.589s][info][gc,phases,start] GC(729) Summary Phase
[262.589s][info][gc,phases      ] GC(729) Summary Phase 0.013ms
[262.589s][info][gc,phases,start] GC(729) Adjust Roots
[262.592s][info][gc,phases      ] GC(729) Adjust Roots 2.618ms
[262.592s][info][gc,phases,start] GC(729) Compaction Phase
[262.594s][info][gc,phases      ] GC(729) Compaction Phase 2.385ms
[262.594s][info][gc,phases,start] GC(729) Post Compact
[262.595s][info][gc,phases      ] GC(729) Post Compact 0.306ms
[262.595s][info][gc,heap        ] GC(729) PSYoungGen: 646K->0K(320512K)
[262.595s][info][gc,heap        ] GC(729) ParOldGen: 57893K->4984K(699392K)
[262.595s][info][gc,metaspace   ] GC(729) Metaspace: 23821K(24832K)->23821K(24832K) NonClass: 20893K(21504K)->20893K(21504K) Class: 2927K(3328K)->2927K(3328K)
[262.595s][info][gc             ] GC(729) Pause Full (System.gc()) 57M->4M(996M) 10.188ms
[262.595s][info][gc,cpu         ] GC(729) User=0.02s Sys=0.00s Real=0.02s
[264.357s][info][gc,start       ] GC(730) Pause Young (Allocation Failure)
[264.368s][info][gc,heap        ] GC(730) PSYoungGen: 293376K->25589K(311296K)
[264.368s][info][gc,heap        ] GC(730) ParOldGen: 4984K->5472K(699392K)
[264.368s][info][gc,metaspace   ] GC(730) Metaspace: 23821K(24832K)->23821K(24832K) NonClass: 20893K(21504K)->20893K(21504K) Class: 2927K(3328K)->2927K(3328K)
[264.368s][info][gc             ] GC(730) Pause Young (Allocation Failure) 291M->30M(987M) 11.560ms
[264.368s][info][gc,cpu         ] GC(730) User=0.02s Sys=0.00s Real=0.02s
[264.427s][info][gc,start       ] GC(731) Pause Young (Allocation Failure)
[264.442s][info][gc,heap        ] GC(731) PSYoungGen: 311285K->0K(317440K)
[264.442s][info][gc,heap        ] GC(731) ParOldGen: 5472K->31143K(699392K)
[264.442s][info][gc,metaspace   ] GC(731) Metaspace: 23821K(24832K)->23821K(24832K) NonClass: 20893K(21504K)->20893K(21504K) Class: 2927K(3328K)->2927K(3328K)
[264.442s][info][gc             ] GC(731) Pause Young (Allocation Failure) 309M->30M(993M) 15.595ms
[264.442s][info][gc,cpu         ] GC(731) User=0.02s Sys=0.00s Real=0.02s
[264.500s][info][gc,start       ] GC(732) Pause Young (Allocation Failure)
[264.501s][info][gc,heap        ] GC(732) PSYoungGen: 285696K->0K(320512K)
[264.501s][info][gc,heap        ] GC(732) ParOldGen: 31143K->31143K(699392K)
[264.501s][info][gc,metaspace   ] GC(732) Metaspace: 23821K(24832K)->23821K(24832K) NonClass: 20893K(21504K)->20893K(21504K) Class: 2927K(3328K)->2927K(3328K)
[264.501s][info][gc             ] GC(732) Pause Young (Allocation Failure) 309M->30M(996M) 0.776ms
[264.501s][info][gc,cpu         ] GC(732) User=0.00s Sys=0.00s Real=0.00s
[264.559s][info][gc,start       ] GC(733) Pause Young (Allocation Failure)
[264.560s][info][gc,heap        ] GC(733) PSYoungGen: 290304K->0K(318976K)
[264.560s][info][gc,heap        ] GC(733) ParOldGen: 31143K->31143K(699392K)
[264.560s][info][gc,metaspace   ] GC(733) Metaspace: 23821K(24832K)->23821K(24832K) NonClass: 20893K(21504K)->20893K(21504K) Class: 2927K(3328K)->2927K(3328K)
[264.560s][info][gc             ] GC(733) Pause Young (Allocation Failure) 313M->30M(994M) 0.678ms
[264.560s][info][gc,cpu         ] GC(733) User=0.00s Sys=0.00s Real=0.00s
[266.330s][info][gc,start       ] GC(734) Pause Young (Allocation Failure)
[266.341s][info][gc,heap        ] GC(734) PSYoungGen: 290304K->26715K(309760K)
[266.341s][info][gc,heap        ] GC(734) ParOldGen: 31143K->31143K(699392K)
[266.341s][info][gc,metaspace   ] GC(734) Metaspace: 23821K(24832K)->23821K(24832K) NonClass: 20893K(21504K)->20893K(21504K) Class: 2927K(3328K)->2927K(3328K)
[266.341s][info][gc             ] GC(734) Pause Young (Allocation Failure) 313M->56M(985M) 11.430ms
[266.341s][info][gc,cpu         ] GC(734) User=0.02s Sys=0.00s Real=0.02s
[266.399s][info][gc,start       ] GC(735) Pause Young (Allocation Failure)
[266.415s][info][gc,heap        ] GC(735) PSYoungGen: 309339K->0K(315904K)
[266.415s][info][gc,heap        ] GC(735) ParOldGen: 31143K->57877K(699392K)
[266.415s][info][gc,metaspace   ] GC(735) Metaspace: 23821K(24832K)->23821K(24832K) NonClass: 20893K(21504K)->20893K(21504K) Class: 2927K(3328K)->2927K(3328K)
[266.415s][info][gc             ] GC(735) Pause Young (Allocation Failure) 332M->56M(991M) 15.869ms
[266.415s][info][gc,cpu         ] GC(735) User=0.02s Sys=0.00s Real=0.02s
[266.472s][info][gc,start       ] GC(736) Pause Young (Allocation Failure)
[266.473s][info][gc,heap        ] GC(736) PSYoungGen: 282624K->0K(318976K)
[266.473s][info][gc,heap        ] GC(736) ParOldGen: 57877K->57877K(699392K)
[266.473s][info][gc,metaspace   ] GC(736) Metaspace: 23821K(24832K)->23821K(24832K) NonClass: 20893K(21504K)->20893K(21504K) Class: 2927K(3328K)->2927K(3328K)
[266.473s][info][gc             ] GC(736) Pause Young (Allocation Failure) 332M->56M(994M) 0.764ms
[266.473s][info][gc,cpu         ] GC(736) User=0.00s Sys=0.00s Real=0.00s
[266.531s][info][gc,start       ] GC(737) Pause Young (Allocation Failure)
[266.531s][info][gc,heap        ] GC(737) PSYoungGen: 287232K->0K(317440K)
[266.531s][info][gc,heap        ] GC(737) ParOldGen: 57877K->57877K(699392K)
[266.531s][info][gc,metaspace   ] GC(737) Metaspace: 23821K(24832K)->23821K(24832K) NonClass: 20893K(21504K)->20893K(21504K) Class: 2927K(3328K)->2927K(3328K)
[266.531s][info][gc             ] GC(737) Pause Young (Allocation Failure) 337M->56M(993M) 0.838ms
[266.532s][info][gc,cpu         ] GC(737) User=0.00s Sys=0.00s Real=0.00s
[266.589s][info][gc,start       ] GC(738) Pause Young (Allocation Failure)
[266.590s][info][gc,heap        ] GC(738) PSYoungGen: 287232K->0K(322048K)
[266.590s][info][gc,heap        ] GC(738) ParOldGen: 57877K->57877K(699392K)
[266.590s][info][gc,metaspace   ] GC(738) Metaspace: 23821K(24832K)->23821K(24832K) NonClass: 20893K(21504K)->20893K(21504K) Class: 2927K(3328K)->2927K(3328K)
[266.590s][info][gc             ] GC(738) Pause Young (Allocation Failure) 337M->56M(997M) 0.488ms
[266.590s][info][gc,cpu         ] GC(738) User=0.00s Sys=0.00s Real=0.00s
[266.624s][info][gc,start       ] GC(739) Pause Young (System.gc())
[266.625s][info][gc,heap        ] GC(739) PSYoungGen: 93871K->710K(320512K)
[266.625s][info][gc,heap        ] GC(739) ParOldGen: 57877K->57877K(699392K)
[266.625s][info][gc,metaspace   ] GC(739) Metaspace: 23821K(24832K)->23821K(24832K) NonClass: 20893K(21504K)->20893K(21504K) Class: 2927K(3328K)->2927K(3328K)
[266.625s][info][gc             ] GC(739) Pause Young (System.gc()) 148M->57M(996M) 1.152ms
[266.625s][info][gc,cpu         ] GC(739) User=0.00s Sys=0.00s Real=0.00s
[266.625s][info][gc,start       ] GC(740) Pause Full (System.gc())
[266.625s][info][gc,phases,start] GC(740) Marking Phase
[266.630s][info][gc,phases      ] GC(740) Marking Phase 4.719ms
[266.630s][info][gc,phases,start] GC(740) Summary Phase
[266.630s][info][gc,phases      ] GC(740) Summary Phase 0.010ms
[266.630s][info][gc,phases,start] GC(740) Adjust Roots
[266.633s][info][gc,phases      ] GC(740) Adjust Roots 2.633ms
[266.633s][info][gc,phases,start] GC(740) Compaction Phase
[266.636s][info][gc,phases      ] GC(740) Compaction Phase 2.895ms
[266.636s][info][gc,phases,start] GC(740) Post Compact
[266.636s][info][gc,phases      ] GC(740) Post Compact 0.333ms
[266.636s][info][gc,heap        ] GC(740) PSYoungGen: 710K->0K(320512K)
[266.636s][info][gc,heap        ] GC(740) ParOldGen: 57877K->4984K(699392K)
[266.636s][info][gc,metaspace   ] GC(740) Metaspace: 23821K(24832K)->23821K(24832K) NonClass: 20893K(21504K)->20893K(21504K) Class: 2927K(3328K)->2927K(3328K)
[266.636s][info][gc             ] GC(740) Pause Full (System.gc()) 57M->4M(996M) 10.798ms
[266.636s][info][gc,cpu         ] GC(740) User=0.02s Sys=0.00s Real=0.01s
[268.397s][info][gc,start       ] GC(741) Pause Young (Allocation Failure)
[268.408s][info][gc,heap        ] GC(741) PSYoungGen: 293376K->25589K(311296K)
[268.408s][info][gc,heap        ] GC(741) ParOldGen: 4984K->5480K(699392K)
[268.408s][info][gc,metaspace   ] GC(741) Metaspace: 23821K(24832K)->23821K(24832K) NonClass: 20894K(21504K)->20894K(21504K) Class: 2927K(3328K)->2927K(3328K)
[268.408s][info][gc             ] GC(741) Pause Young (Allocation Failure) 291M->30M(987M) 11.388ms
[268.408s][info][gc,cpu         ] GC(741) User=0.00s Sys=0.00s Real=0.00s
[268.466s][info][gc,start       ] GC(742) Pause Young (Allocation Failure)
[268.483s][info][gc,heap        ] GC(742) PSYoungGen: 311285K->0K(317440K)
[268.483s][info][gc,heap        ] GC(742) ParOldGen: 5480K->31159K(699392K)
[268.483s][info][gc,metaspace   ] GC(742) Metaspace: 23821K(24832K)->23821K(24832K) NonClass: 20894K(21504K)->20894K(21504K) Class: 2927K(3328K)->2927K(3328K)
[268.483s][info][gc             ] GC(742) Pause Young (Allocation Failure) 309M->30M(993M) 16.242ms
[268.483s][info][gc,cpu         ] GC(742) User=0.02s Sys=0.00s Real=0.02s
[268.540s][info][gc,start       ] GC(743) Pause Young (Allocation Failure)
[268.541s][info][gc,heap        ] GC(743) PSYoungGen: 285696K->0K(320512K)
[268.541s][info][gc,heap        ] GC(743) ParOldGen: 31159K->31159K(699392K)
[268.541s][info][gc,metaspace   ] GC(743) Metaspace: 23821K(24832K)->23821K(24832K) NonClass: 20894K(21504K)->20894K(21504K) Class: 2927K(3328K)->2927K(3328K)
[268.541s][info][gc             ] GC(743) Pause Young (Allocation Failure) 309M->30M(996M) 0.639ms
[268.541s][info][gc,cpu         ] GC(743) User=0.00s Sys=0.00s Real=0.00s
[268.600s][info][gc,start       ] GC(744) Pause Young (Allocation Failure)
[268.600s][info][gc,heap        ] GC(744) PSYoungGen: 290304K->0K(318976K)
[268.600s][info][gc,heap        ] GC(744) ParOldGen: 31159K->31159K(699392K)
[268.600s][info][gc,metaspace   ] GC(744) Metaspace: 23821K(24832K)->23821K(24832K) NonClass: 20894K(21504K)->20894K(21504K) Class: 2927K(3328K)->2927K(3328K)
[268.600s][info][gc             ] GC(744) Pause Young (Allocation Failure) 313M->30M(994M) 0.739ms
[268.600s][info][gc,cpu         ] GC(744) User=0.00s Sys=0.00s Real=0.00s
[270.369s][info][gc,start       ] GC(745) Pause Young (Allocation Failure)
[270.381s][info][gc,heap        ] GC(745) PSYoungGen: 290304K->26701K(309760K)
[270.381s][info][gc,heap        ] GC(745) ParOldGen: 31159K->31159K(699392K)
[270.381s][info][gc,metaspace   ] GC(745) Metaspace: 23821K(24832K)->23821K(24832K) NonClass: 20894K(21504K)->20894K(21504K) Class: 2927K(3328K)->2927K(3328K)
[270.381s][info][gc             ] GC(745) Pause Young (Allocation Failure) 313M->56M(985M) 11.854ms
[270.381s][info][gc,cpu         ] GC(745) User=0.02s Sys=0.00s Real=0.02s
[270.438s][info][gc,start       ] GC(746) Pause Young (Allocation Failure)
[270.455s][info][gc,heap        ] GC(746) PSYoungGen: 309325K->0K(315904K)
[270.455s][info][gc,heap        ] GC(746) ParOldGen: 31159K->57893K(699392K)
[270.455s][info][gc,metaspace   ] GC(746) Metaspace: 23821K(24832K)->23821K(24832K) NonClass: 20894K(21504K)->20894K(21504K) Class: 2927K(3328K)->2927K(3328K)
[270.455s][info][gc             ] GC(746) Pause Young (Allocation Failure) 332M->56M(991M) 16.624ms
[270.455s][info][gc,cpu         ] GC(746) User=0.08s Sys=0.00s Real=0.02s
[270.512s][info][gc,start       ] GC(747) Pause Young (Allocation Failure)
[270.512s][info][gc,heap        ] GC(747) PSYoungGen: 282624K->0K(318976K)
[270.512s][info][gc,heap        ] GC(747) ParOldGen: 57893K->57893K(699392K)
[270.512s][info][gc,metaspace   ] GC(747) Metaspace: 23821K(24832K)->23821K(24832K) NonClass: 20894K(21504K)->20894K(21504K) Class: 2927K(3328K)->2927K(3328K)
[270.512s][info][gc             ] GC(747) Pause Young (Allocation Failure) 332M->56M(994M) 0.789ms
[270.512s][info][gc,cpu         ] GC(747) User=0.00s Sys=0.00s Real=0.00s
[270.570s][info][gc,start       ] GC(748) Pause Young (Allocation Failure)
[270.571s][info][gc,heap        ] GC(748) PSYoungGen: 287232K->0K(317440K)
[270.571s][info][gc,heap        ] GC(748) ParOldGen: 57893K->57893K(699392K)
[270.571s][info][gc,metaspace   ] GC(748) Metaspace: 23821K(24832K)->23821K(24832K) NonClass: 20894K(21504K)->20894K(21504K) Class: 2927K(3328K)->2927K(3328K)
[270.571s][info][gc             ] GC(748) Pause Young (Allocation Failure) 337M->56M(993M) 0.485ms
[270.571s][info][gc,cpu         ] GC(748) User=0.00s Sys=0.00s Real=0.00s
[270.630s][info][gc,start       ] GC(749) Pause Young (Allocation Failure)
[270.630s][info][gc,heap        ] GC(749) PSYoungGen: 287232K->0K(322048K)
[270.630s][info][gc,heap        ] GC(749) ParOldGen: 57893K->57893K(699392K)
[270.630s][info][gc,metaspace   ] GC(749) Metaspace: 23821K(24832K)->23821K(24832K) NonClass: 20894K(21504K)->20894K(21504K) Class: 2927K(3328K)->2927K(3328K)
[270.630s][info][gc             ] GC(749) Pause Young (Allocation Failure) 337M->56M(997M) 0.862ms
[270.630s][info][gc,cpu         ] GC(749) User=0.00s Sys=0.00s Real=0.00s
[270.665s][info][gc,start       ] GC(750) Pause Young (System.gc())
[270.666s][info][gc,heap        ] GC(750) PSYoungGen: 93871K->646K(320512K)
[270.666s][info][gc,heap        ] GC(750) ParOldGen: 57893K->57893K(699392K)
[270.666s][info][gc,metaspace   ] GC(750) Metaspace: 23821K(24832K)->23821K(24832K) NonClass: 20894K(21504K)->20894K(21504K) Class: 2927K(3328K)->2927K(3328K)
[270.666s][info][gc             ] GC(750) Pause Young (System.gc()) 148M->57M(996M) 0.971ms
[270.666s][info][gc,cpu         ] GC(750) User=0.00s Sys=0.00s Real=0.00s
[270.666s][info][gc,start       ] GC(751) Pause Full (System.gc())
[270.666s][info][gc,phases,start] GC(751) Marking Phase
[270.671s][info][gc,phases      ] GC(751) Marking Phase 4.899ms
[270.671s][info][gc,phases,start] GC(751) Summary Phase
[270.671s][info][gc,phases      ] GC(751) Summary Phase 0.010ms
[270.671s][info][gc,phases,start] GC(751) Adjust Roots
[270.674s][info][gc,phases      ] GC(751) Adjust Roots 2.501ms
[270.674s][info][gc,phases,start] GC(751) Compaction Phase
[270.676s][info][gc,phases      ] GC(751) Compaction Phase 2.404ms
[270.676s][info][gc,phases,start] GC(751) Post Compact
[270.676s][info][gc,phases      ] GC(751) Post Compact 0.284ms
[270.676s][info][gc,heap        ] GC(751) PSYoungGen: 646K->0K(320512K)
[270.676s][info][gc,heap        ] GC(751) ParOldGen: 57893K->4984K(699392K)
[270.677s][info][gc,metaspace   ] GC(751) Metaspace: 23821K(24832K)->23821K(24832K) NonClass: 20894K(21504K)->20894K(21504K) Class: 2927K(3328K)->2927K(3328K)
[270.677s][info][gc             ] GC(751) Pause Full (System.gc()) 57M->4M(996M) 10.309ms
[270.677s][info][gc,cpu         ] GC(751) User=0.02s Sys=0.00s Real=0.02s
[272.436s][info][gc,start       ] GC(752) Pause Young (Allocation Failure)
[272.448s][info][gc,heap        ] GC(752) PSYoungGen: 293376K->25589K(311296K)
[272.448s][info][gc,heap        ] GC(752) ParOldGen: 4984K->5496K(699392K)
[272.448s][info][gc,metaspace   ] GC(752) Metaspace: 23821K(24832K)->23821K(24832K) NonClass: 20894K(21504K)->20894K(21504K) Class: 2927K(3328K)->2927K(3328K)
[272.448s][info][gc             ] GC(752) Pause Young (Allocation Failure) 291M->30M(987M) 11.538ms
[272.448s][info][gc,cpu         ] GC(752) User=0.02s Sys=0.00s Real=0.02s
[272.506s][info][gc,start       ] GC(753) Pause Young (Allocation Failure)
[272.522s][info][gc,heap        ] GC(753) PSYoungGen: 311285K->0K(317440K)
[272.524s][info][gc,heap        ] GC(753) ParOldGen: 5496K->31175K(699392K)
[272.524s][info][gc,metaspace   ] GC(753) Metaspace: 23821K(24832K)->23821K(24832K) NonClass: 20894K(21504K)->20894K(21504K) Class: 2927K(3328K)->2927K(3328K)
[272.524s][info][gc             ] GC(753) Pause Young (Allocation Failure) 309M->30M(993M) 18.064ms
[272.524s][info][gc,cpu         ] GC(753) User=0.02s Sys=0.00s Real=0.03s
[272.582s][info][gc,start       ] GC(754) Pause Young (Allocation Failure)
[272.583s][info][gc,heap        ] GC(754) PSYoungGen: 285696K->0K(320512K)
[272.583s][info][gc,heap        ] GC(754) ParOldGen: 31175K->31175K(699392K)
[272.583s][info][gc,metaspace   ] GC(754) Metaspace: 23821K(24832K)->23821K(24832K) NonClass: 20894K(21504K)->20894K(21504K) Class: 2927K(3328K)->2927K(3328K)
[272.583s][info][gc             ] GC(754) Pause Young (Allocation Failure) 309M->30M(996M) 0.884ms
[272.583s][info][gc,cpu         ] GC(754) User=0.00s Sys=0.00s Real=0.00s
[272.642s][info][gc,start       ] GC(755) Pause Young (Allocation Failure)
[272.642s][info][gc,heap        ] GC(755) PSYoungGen: 290304K->0K(318976K)
[272.643s][info][gc,heap        ] GC(755) ParOldGen: 31175K->31175K(699392K)
[272.643s][info][gc,metaspace   ] GC(755) Metaspace: 23821K(24832K)->23821K(24832K) NonClass: 20894K(21504K)->20894K(21504K) Class: 2927K(3328K)->2927K(3328K)
[272.643s][info][gc             ] GC(755) Pause Young (Allocation Failure) 313M->30M(994M) 0.616ms
[272.643s][info][gc,cpu         ] GC(755) User=0.00s Sys=0.00s Real=0.00s
[274.415s][info][gc,start       ] GC(756) Pause Young (Allocation Failure)
[274.426s][info][gc,heap        ] GC(756) PSYoungGen: 290304K->26715K(309760K)
[274.426s][info][gc,heap        ] GC(756) ParOldGen: 31175K->31175K(699392K)
[274.426s][info][gc,metaspace   ] GC(756) Metaspace: 23821K(24832K)->23821K(24832K) NonClass: 20894K(21504K)->20894K(21504K) Class: 2927K(3328K)->2927K(3328K)
[274.426s][info][gc             ] GC(756) Pause Young (Allocation Failure) 313M->56M(985M) 11.747ms
[274.426s][info][gc,cpu         ] GC(756) User=0.02s Sys=0.00s Real=0.02s
[274.484s][info][gc,start       ] GC(757) Pause Young (Allocation Failure)
[274.500s][info][gc,heap        ] GC(757) PSYoungGen: 309339K->0K(315904K)
[274.500s][info][gc,heap        ] GC(757) ParOldGen: 31175K->57917K(699392K)
[274.500s][info][gc,metaspace   ] GC(757) Metaspace: 23821K(24832K)->23821K(24832K) NonClass: 20894K(21504K)->20894K(21504K) Class: 2927K(3328K)->2927K(3328K)
[274.500s][info][gc             ] GC(757) Pause Young (Allocation Failure) 332M->56M(991M) 16.518ms
[274.500s][info][gc,cpu         ] GC(757) User=0.08s Sys=0.00s Real=0.02s
[274.557s][info][gc,start       ] GC(758) Pause Young (Allocation Failure)
[274.558s][info][gc,heap        ] GC(758) PSYoungGen: 282624K->0K(318976K)
[274.558s][info][gc,heap        ] GC(758) ParOldGen: 57917K->57917K(699392K)
[274.558s][info][gc,metaspace   ] GC(758) Metaspace: 23821K(24832K)->23821K(24832K) NonClass: 20894K(21504K)->20894K(21504K) Class: 2927K(3328K)->2927K(3328K)
[274.558s][info][gc             ] GC(758) Pause Young (Allocation Failure) 332M->56M(994M) 0.901ms
[274.558s][info][gc,cpu         ] GC(758) User=0.00s Sys=0.00s Real=0.00s
[274.616s][info][gc,start       ] GC(759) Pause Young (Allocation Failure)
[274.617s][info][gc,heap        ] GC(759) PSYoungGen: 287232K->0K(317440K)
[274.617s][info][gc,heap        ] GC(759) ParOldGen: 57917K->57917K(699392K)
[274.617s][info][gc,metaspace   ] GC(759) Metaspace: 23821K(24832K)->23821K(24832K) NonClass: 20894K(21504K)->20894K(21504K) Class: 2927K(3328K)->2927K(3328K)
[274.617s][info][gc             ] GC(759) Pause Young (Allocation Failure) 337M->56M(993M) 0.582ms
[274.617s][info][gc,cpu         ] GC(759) User=0.00s Sys=0.00s Real=0.00s
[274.675s][info][gc,start       ] GC(760) Pause Young (Allocation Failure)
[274.675s][info][gc,heap        ] GC(760) PSYoungGen: 287232K->0K(322048K)
[274.675s][info][gc,heap        ] GC(760) ParOldGen: 57917K->57917K(699392K)
[274.675s][info][gc,metaspace   ] GC(760) Metaspace: 23821K(24832K)->23821K(24832K) NonClass: 20894K(21504K)->20894K(21504K) Class: 2927K(3328K)->2927K(3328K)
[274.675s][info][gc             ] GC(760) Pause Young (Allocation Failure) 337M->56M(997M) 0.728ms
[274.675s][info][gc,cpu         ] GC(760) User=0.00s Sys=0.00s Real=0.00s
[274.709s][info][gc,start       ] GC(761) Pause Young (System.gc())
[274.710s][info][gc,heap        ] GC(761) PSYoungGen: 93871K->710K(320512K)
[274.710s][info][gc,heap        ] GC(761) ParOldGen: 57917K->57917K(699392K)
[274.710s][info][gc,metaspace   ] GC(761) Metaspace: 23821K(24832K)->23821K(24832K) NonClass: 20894K(21504K)->20894K(21504K) Class: 2927K(3328K)->2927K(3328K)
[274.710s][info][gc             ] GC(761) Pause Young (System.gc()) 148M->57M(996M) 0.995ms
[274.710s][info][gc,cpu         ] GC(761) User=0.00s Sys=0.00s Real=0.00s
[274.710s][info][gc,start       ] GC(762) Pause Full (System.gc())
[274.710s][info][gc,phases,start] GC(762) Marking Phase
[274.715s][info][gc,phases      ] GC(762) Marking Phase 5.003ms
[274.715s][info][gc,phases,start] GC(762) Summary Phase
[274.715s][info][gc,phases      ] GC(762) Summary Phase 0.009ms
[274.715s][info][gc,phases,start] GC(762) Adjust Roots
[274.718s][info][gc,phases      ] GC(762) Adjust Roots 2.511ms
[274.718s][info][gc,phases,start] GC(762) Compaction Phase
[274.720s][info][gc,phases      ] GC(762) Compaction Phase 2.439ms
[274.720s][info][gc,phases,start] GC(762) Post Compact
[274.721s][info][gc,phases      ] GC(762) Post Compact 0.388ms
[274.721s][info][gc,heap        ] GC(762) PSYoungGen: 710K->0K(320512K)
[274.721s][info][gc,heap        ] GC(762) ParOldGen: 57917K->4984K(699392K)
[274.721s][info][gc,metaspace   ] GC(762) Metaspace: 23821K(24832K)->23821K(24832K) NonClass: 20894K(21504K)->20894K(21504K) Class: 2927K(3328K)->2927K(3328K)
[274.721s][info][gc             ] GC(762) Pause Full (System.gc()) 57M->4M(996M) 10.629ms
[274.721s][info][gc,cpu         ] GC(762) User=0.00s Sys=0.00s Real=0.02s
[276.480s][info][gc,start       ] GC(763) Pause Young (Allocation Failure)
[276.491s][info][gc,heap        ] GC(763) PSYoungGen: 293376K->25589K(311296K)
[276.491s][info][gc,heap        ] GC(763) ParOldGen: 4984K->5488K(699392K)
[276.491s][info][gc,metaspace   ] GC(763) Metaspace: 23821K(24832K)->23821K(24832K) NonClass: 20894K(21504K)->20894K(21504K) Class: 2927K(3328K)->2927K(3328K)
[276.491s][info][gc             ] GC(763) Pause Young (Allocation Failure) 291M->30M(987M) 11.122ms
[276.491s][info][gc,cpu         ] GC(763) User=0.00s Sys=0.00s Real=0.00s
[276.550s][info][gc,start       ] GC(764) Pause Young (Allocation Failure)
[276.565s][info][gc,heap        ] GC(764) PSYoungGen: 311285K->0K(317440K)
[276.565s][info][gc,heap        ] GC(764) ParOldGen: 5488K->31167K(699392K)
[276.565s][info][gc,metaspace   ] GC(764) Metaspace: 23821K(24832K)->23821K(24832K) NonClass: 20894K(21504K)->20894K(21504K) Class: 2927K(3328K)->2927K(3328K)
[276.565s][info][gc             ] GC(764) Pause Young (Allocation Failure) 309M->30M(993M) 15.521ms
[276.565s][info][gc,cpu         ] GC(764) User=0.02s Sys=0.00s Real=0.02s
[276.623s][info][gc,start       ] GC(765) Pause Young (Allocation Failure)
[276.624s][info][gc,heap        ] GC(765) PSYoungGen: 285696K->0K(320512K)
[276.624s][info][gc,heap        ] GC(765) ParOldGen: 31167K->31167K(699392K)
[276.624s][info][gc,metaspace   ] GC(765) Metaspace: 23821K(24832K)->23821K(24832K) NonClass: 20894K(21504K)->20894K(21504K) Class: 2927K(3328K)->2927K(3328K)
[276.624s][info][gc             ] GC(765) Pause Young (Allocation Failure) 309M->30M(996M) 0.555ms
[276.624s][info][gc,cpu         ] GC(765) User=0.00s Sys=0.00s Real=0.00s
[276.682s][info][gc,start       ] GC(766) Pause Young (Allocation Failure)
[276.683s][info][gc,heap        ] GC(766) PSYoungGen: 290304K->0K(318976K)
[276.683s][info][gc,heap        ] GC(766) ParOldGen: 31167K->31167K(699392K)
[276.683s][info][gc,metaspace   ] GC(766) Metaspace: 23821K(24832K)->23821K(24832K) NonClass: 20894K(21504K)->20894K(21504K) Class: 2927K(3328K)->2927K(3328K)
[276.683s][info][gc             ] GC(766) Pause Young (Allocation Failure) 313M->30M(994M) 0.639ms
[276.683s][info][gc,cpu         ] GC(766) User=0.00s Sys=0.00s Real=0.00s
[278.454s][info][gc,start       ] GC(767) Pause Young (Allocation Failure)
[278.465s][info][gc,heap        ] GC(767) PSYoungGen: 290304K->26733K(309760K)
[278.465s][info][gc,heap        ] GC(767) ParOldGen: 31167K->31167K(699392K)
[278.465s][info][gc,metaspace   ] GC(767) Metaspace: 23821K(24832K)->23821K(24832K) NonClass: 20894K(21504K)->20894K(21504K) Class: 2927K(3328K)->2927K(3328K)
[278.465s][info][gc             ] GC(767) Pause Young (Allocation Failure) 313M->56M(985M) 11.519ms
[278.466s][info][gc,cpu         ] GC(767) User=0.02s Sys=0.00s Real=0.02s
[278.523s][info][gc,start       ] GC(768) Pause Young (Allocation Failure)
[278.540s][info][gc,heap        ] GC(768) PSYoungGen: 309357K->0K(315904K)
[278.540s][info][gc,heap        ] GC(768) ParOldGen: 31167K->57893K(699392K)
[278.540s][info][gc,metaspace   ] GC(768) Metaspace: 23821K(24832K)->23821K(24832K) NonClass: 20894K(21504K)->20894K(21504K) Class: 2927K(3328K)->2927K(3328K)
[278.540s][info][gc             ] GC(768) Pause Young (Allocation Failure) 332M->56M(991M) 16.611ms
[278.540s][info][gc,cpu         ] GC(768) User=0.02s Sys=0.00s Real=0.01s
[278.597s][info][gc,start       ] GC(769) Pause Young (Allocation Failure)
[278.597s][info][gc,heap        ] GC(769) PSYoungGen: 282624K->0K(318976K)
[278.597s][info][gc,heap        ] GC(769) ParOldGen: 57893K->57893K(699392K)
[278.597s][info][gc,metaspace   ] GC(769) Metaspace: 23821K(24832K)->23821K(24832K) NonClass: 20894K(21504K)->20894K(21504K) Class: 2927K(3328K)->2927K(3328K)
[278.597s][info][gc             ] GC(769) Pause Young (Allocation Failure) 332M->56M(994M) 0.550ms
[278.597s][info][gc,cpu         ] GC(769) User=0.00s Sys=0.00s Real=0.00s
[278.656s][info][gc,start       ] GC(770) Pause Young (Allocation Failure)
[278.657s][info][gc,heap        ] GC(770) PSYoungGen: 287232K->0K(317440K)
[278.657s][info][gc,heap        ] GC(770) ParOldGen: 57893K->57893K(699392K)
[278.657s][info][gc,metaspace   ] GC(770) Metaspace: 23821K(24832K)->23821K(24832K) NonClass: 20894K(21504K)->20894K(21504K) Class: 2927K(3328K)->2927K(3328K)
[278.657s][info][gc             ] GC(770) Pause Young (Allocation Failure) 337M->56M(993M) 0.756ms
[278.657s][info][gc,cpu         ] GC(770) User=0.00s Sys=0.00s Real=0.00s
[278.715s][info][gc,start       ] GC(771) Pause Young (Allocation Failure)
[278.716s][info][gc,heap        ] GC(771) PSYoungGen: 287232K->0K(322048K)
[278.716s][info][gc,heap        ] GC(771) ParOldGen: 57893K->57893K(699392K)
[278.716s][info][gc,metaspace   ] GC(771) Metaspace: 23821K(24832K)->23821K(24832K) NonClass: 20894K(21504K)->20894K(21504K) Class: 2927K(3328K)->2927K(3328K)
[278.716s][info][gc             ] GC(771) Pause Young (Allocation Failure) 337M->56M(997M) 0.615ms
[278.716s][info][gc,cpu         ] GC(771) User=0.00s Sys=0.00s Real=0.00s
[278.753s][info][gc,start       ] GC(772) Pause Young (System.gc())
[278.754s][info][gc,heap        ] GC(772) PSYoungGen: 93871K->646K(320512K)
[278.754s][info][gc,heap        ] GC(772) ParOldGen: 57893K->57893K(699392K)
[278.754s][info][gc,metaspace   ] GC(772) Metaspace: 23821K(24832K)->23821K(24832K) NonClass: 20894K(21504K)->20894K(21504K) Class: 2927K(3328K)->2927K(3328K)
[278.754s][info][gc             ] GC(772) Pause Young (System.gc()) 148M->57M(996M) 1.056ms
[278.754s][info][gc,cpu         ] GC(772) User=0.00s Sys=0.00s Real=0.00s
[278.754s][info][gc,start       ] GC(773) Pause Full (System.gc())
[278.754s][info][gc,phases,start] GC(773) Marking Phase
[278.759s][info][gc,phases      ] GC(773) Marking Phase 5.370ms
[278.759s][info][gc,phases,start] GC(773) Summary Phase
[278.759s][info][gc,phases      ] GC(773) Summary Phase 0.010ms
[278.759s][info][gc,phases,start] GC(773) Adjust Roots
[278.762s][info][gc,phases      ] GC(773) Adjust Roots 2.609ms
[278.762s][info][gc,phases,start] GC(773) Compaction Phase
[278.765s][info][gc,phases      ] GC(773) Compaction Phase 3.166ms
[278.765s][info][gc,phases,start] GC(773) Post Compact
[278.765s][info][gc,phases      ] GC(773) Post Compact 0.304ms
[278.765s][info][gc,heap        ] GC(773) PSYoungGen: 646K->0K(320512K)
[278.766s][info][gc,heap        ] GC(773) ParOldGen: 57893K->4985K(699392K)
[278.766s][info][gc,metaspace   ] GC(773) Metaspace: 23821K(24832K)->23821K(24832K) NonClass: 20894K(21504K)->20894K(21504K) Class: 2927K(3328K)->2927K(3328K)
[278.766s][info][gc             ] GC(773) Pause Full (System.gc()) 57M->4M(996M) 11.705ms
[278.766s][info][gc,cpu         ] GC(773) User=0.00s Sys=0.00s Real=0.02s
[280.524s][info][gc,start       ] GC(774) Pause Young (Allocation Failure)
[280.536s][info][gc,heap        ] GC(774) PSYoungGen: 293376K->25589K(311296K)
[280.536s][info][gc,heap        ] GC(774) ParOldGen: 4985K->5497K(699392K)
[280.536s][info][gc,metaspace   ] GC(774) Metaspace: 23821K(24832K)->23821K(24832K) NonClass: 20894K(21504K)->20894K(21504K) Class: 2927K(3328K)->2927K(3328K)
[280.536s][info][gc             ] GC(774) Pause Young (Allocation Failure) 291M->30M(987M) 11.434ms
[280.536s][info][gc,cpu         ] GC(774) User=0.02s Sys=0.00s Real=0.02s
[280.594s][info][gc,start       ] GC(775) Pause Young (Allocation Failure)
[280.610s][info][gc,heap        ] GC(775) PSYoungGen: 311285K->0K(317440K)
[280.610s][info][gc,heap        ] GC(775) ParOldGen: 5497K->31177K(699392K)
[280.610s][info][gc,metaspace   ] GC(775) Metaspace: 23821K(24832K)->23821K(24832K) NonClass: 20894K(21504K)->20894K(21504K) Class: 2927K(3328K)->2927K(3328K)
[280.610s][info][gc             ] GC(775) Pause Young (Allocation Failure) 309M->30M(993M) 15.897ms
[280.610s][info][gc,cpu         ] GC(775) User=0.02s Sys=0.00s Real=0.02s
[280.668s][info][gc,start       ] GC(776) Pause Young (Allocation Failure)
[280.669s][info][gc,heap        ] GC(776) PSYoungGen: 285696K->0K(320512K)
[280.669s][info][gc,heap        ] GC(776) ParOldGen: 31177K->31177K(699392K)
[280.669s][info][gc,metaspace   ] GC(776) Metaspace: 23821K(24832K)->23821K(24832K) NonClass: 20894K(21504K)->20894K(21504K) Class: 2927K(3328K)->2927K(3328K)
[280.669s][info][gc             ] GC(776) Pause Young (Allocation Failure) 309M->30M(996M) 0.786ms
[280.669s][info][gc,cpu         ] GC(776) User=0.00s Sys=0.00s Real=0.00s
[280.727s][info][gc,start       ] GC(777) Pause Young (Allocation Failure)
[280.728s][info][gc,heap        ] GC(777) PSYoungGen: 290304K->0K(318976K)
[280.728s][info][gc,heap        ] GC(777) ParOldGen: 31177K->31177K(699392K)
[280.728s][info][gc,metaspace   ] GC(777) Metaspace: 23821K(24832K)->23821K(24832K) NonClass: 20894K(21504K)->20894K(21504K) Class: 2927K(3328K)->2927K(3328K)
[280.728s][info][gc             ] GC(777) Pause Young (Allocation Failure) 313M->30M(994M) 0.974ms
[280.728s][info][gc,cpu         ] GC(777) User=0.00s Sys=0.00s Real=0.00s
[282.499s][info][gc,start       ] GC(778) Pause Young (Allocation Failure)
[282.511s][info][gc,heap        ] GC(778) PSYoungGen: 290304K->26733K(309760K)
[282.511s][info][gc,heap        ] GC(778) ParOldGen: 31177K->31177K(699392K)
[282.511s][info][gc,metaspace   ] GC(778) Metaspace: 23821K(24832K)->23821K(24832K) NonClass: 20894K(21504K)->20894K(21504K) Class: 2927K(3328K)->2927K(3328K)
[282.511s][info][gc             ] GC(778) Pause Young (Allocation Failure) 313M->56M(985M) 11.878ms
[282.511s][info][gc,cpu         ] GC(778) User=0.02s Sys=0.00s Real=0.02s
[282.569s][info][gc,start       ] GC(779) Pause Young (Allocation Failure)
[282.584s][info][gc,heap        ] GC(779) PSYoungGen: 309357K->0K(315904K)
[282.584s][info][gc,heap        ] GC(779) ParOldGen: 31177K->57910K(699392K)
[282.584s][info][gc,metaspace   ] GC(779) Metaspace: 23821K(24832K)->23821K(24832K) NonClass: 20894K(21504K)->20894K(21504K) Class: 2927K(3328K)->2927K(3328K)
[282.584s][info][gc             ] GC(779) Pause Young (Allocation Failure) 332M->56M(991M) 15.252ms
[282.584s][info][gc,cpu         ] GC(779) User=0.02s Sys=0.00s Real=0.02s
[282.641s][info][gc,start       ] GC(780) Pause Young (Allocation Failure)
[282.642s][info][gc,heap        ] GC(780) PSYoungGen: 282624K->0K(318976K)
[282.642s][info][gc,heap        ] GC(780) ParOldGen: 57910K->57910K(699392K)
[282.642s][info][gc,metaspace   ] GC(780) Metaspace: 23821K(24832K)->23821K(24832K) NonClass: 20894K(21504K)->20894K(21504K) Class: 2927K(3328K)->2927K(3328K)
[282.642s][info][gc             ] GC(780) Pause Young (Allocation Failure) 332M->56M(994M) 0.643ms
[282.642s][info][gc,cpu         ] GC(780) User=0.00s Sys=0.00s Real=0.00s
[282.700s][info][gc,start       ] GC(781) Pause Young (Allocation Failure)
[282.700s][info][gc,heap        ] GC(781) PSYoungGen: 287232K->0K(317440K)
[282.700s][info][gc,heap        ] GC(781) ParOldGen: 57910K->57910K(699392K)
[282.700s][info][gc,metaspace   ] GC(781) Metaspace: 23821K(24832K)->23821K(24832K) NonClass: 20894K(21504K)->20894K(21504K) Class: 2927K(3328K)->2927K(3328K)
[282.700s][info][gc             ] GC(781) Pause Young (Allocation Failure) 337M->56M(993M) 0.521ms
[282.700s][info][gc,cpu         ] GC(781) User=0.00s Sys=0.00s Real=0.00s
[282.758s][info][gc,start       ] GC(782) Pause Young (Allocation Failure)
[282.759s][info][gc,heap        ] GC(782) PSYoungGen: 287232K->0K(322048K)
[282.759s][info][gc,heap        ] GC(782) ParOldGen: 57910K->57910K(699392K)
[282.759s][info][gc,metaspace   ] GC(782) Metaspace: 23821K(24832K)->23821K(24832K) NonClass: 20894K(21504K)->20894K(21504K) Class: 2927K(3328K)->2927K(3328K)
[282.759s][info][gc             ] GC(782) Pause Young (Allocation Failure) 337M->56M(997M) 0.560ms
[282.759s][info][gc,cpu         ] GC(782) User=0.00s Sys=0.00s Real=0.00s
[282.793s][info][gc,start       ] GC(783) Pause Young (System.gc())
[282.794s][info][gc,heap        ] GC(783) PSYoungGen: 93871K->646K(320512K)
[282.795s][info][gc,heap        ] GC(783) ParOldGen: 57910K->57910K(699392K)
[282.795s][info][gc,metaspace   ] GC(783) Metaspace: 23821K(24832K)->23821K(24832K) NonClass: 20894K(21504K)->20894K(21504K) Class: 2927K(3328K)->2927K(3328K)
[282.795s][info][gc             ] GC(783) Pause Young (System.gc()) 148M->57M(996M) 1.322ms
[282.795s][info][gc,cpu         ] GC(783) User=0.00s Sys=0.00s Real=0.00s
[282.795s][info][gc,start       ] GC(784) Pause Full (System.gc())
[282.795s][info][gc,phases,start] GC(784) Marking Phase
[282.799s][info][gc,phases      ] GC(784) Marking Phase 4.264ms
[282.799s][info][gc,phases,start] GC(784) Summary Phase
[282.799s][info][gc,phases      ] GC(784) Summary Phase 0.009ms
[282.799s][info][gc,phases,start] GC(784) Adjust Roots
[282.801s][info][gc,phases      ] GC(784) Adjust Roots 2.527ms
[282.802s][info][gc,phases,start] GC(784) Compaction Phase
[282.805s][info][gc,phases      ] GC(784) Compaction Phase 3.126ms
[282.805s][info][gc,phases,start] GC(784) Post Compact
[282.805s][info][gc,phases      ] GC(784) Post Compact 0.337ms
[282.805s][info][gc,heap        ] GC(784) PSYoungGen: 646K->0K(320512K)
[282.805s][info][gc,heap        ] GC(784) ParOldGen: 57910K->4985K(699392K)
[282.805s][info][gc,metaspace   ] GC(784) Metaspace: 23821K(24832K)->23821K(24832K) NonClass: 20894K(21504K)->20894K(21504K) Class: 2927K(3328K)->2927K(3328K)
[282.805s][info][gc             ] GC(784) Pause Full (System.gc()) 57M->4M(996M) 10.474ms
[282.805s][info][gc,cpu         ] GC(784) User=0.00s Sys=0.00s Real=0.00s
[284.560s][info][gc,start       ] GC(785) Pause Young (Allocation Failure)
[284.572s][info][gc,heap        ] GC(785) PSYoungGen: 293376K->25589K(311296K)
[284.572s][info][gc,heap        ] GC(785) ParOldGen: 4985K->5505K(699392K)
[284.572s][info][gc,metaspace   ] GC(785) Metaspace: 23821K(24832K)->23821K(24832K) NonClass: 20894K(21504K)->20894K(21504K) Class: 2927K(3328K)->2927K(3328K)
[284.572s][info][gc             ] GC(785) Pause Young (Allocation Failure) 291M->30M(987M) 12.217ms
[284.572s][info][gc,cpu         ] GC(785) User=0.02s Sys=0.00s Real=0.02s
[284.631s][info][gc,start       ] GC(786) Pause Young (Allocation Failure)
[284.647s][info][gc,heap        ] GC(786) PSYoungGen: 311285K->0K(317440K)
[284.647s][info][gc,heap        ] GC(786) ParOldGen: 5505K->31177K(699392K)
[284.647s][info][gc,metaspace   ] GC(786) Metaspace: 23821K(24832K)->23821K(24832K) NonClass: 20894K(21504K)->20894K(21504K) Class: 2927K(3328K)->2927K(3328K)
[284.647s][info][gc             ] GC(786) Pause Young (Allocation Failure) 309M->30M(993M) 16.350ms
[284.647s][info][gc,cpu         ] GC(786) User=0.08s Sys=0.00s Real=0.02s
[284.704s][info][gc,start       ] GC(787) Pause Young (Allocation Failure)
[284.705s][info][gc,heap        ] GC(787) PSYoungGen: 285696K->0K(320512K)
[284.705s][info][gc,heap        ] GC(787) ParOldGen: 31177K->31177K(699392K)
[284.705s][info][gc,metaspace   ] GC(787) Metaspace: 23821K(24832K)->23821K(24832K) NonClass: 20894K(21504K)->20894K(21504K) Class: 2927K(3328K)->2927K(3328K)
[284.705s][info][gc             ] GC(787) Pause Young (Allocation Failure) 309M->30M(996M) 0.534ms
[284.705s][info][gc,cpu         ] GC(787) User=0.00s Sys=0.00s Real=0.00s
[284.764s][info][gc,start       ] GC(788) Pause Young (Allocation Failure)
[284.765s][info][gc,heap        ] GC(788) PSYoungGen: 290304K->0K(318976K)
[284.765s][info][gc,heap        ] GC(788) ParOldGen: 31177K->31177K(699392K)
[284.765s][info][gc,metaspace   ] GC(788) Metaspace: 23821K(24832K)->23821K(24832K) NonClass: 20894K(21504K)->20894K(21504K) Class: 2927K(3328K)->2927K(3328K)
[284.765s][info][gc             ] GC(788) Pause Young (Allocation Failure) 313M->30M(994M) 0.687ms
[284.765s][info][gc,cpu         ] GC(788) User=0.00s Sys=0.00s Real=0.00s
[286.538s][info][gc,start       ] GC(789) Pause Young (Allocation Failure)
[286.550s][info][gc,heap        ] GC(789) PSYoungGen: 290304K->26733K(309760K)
[286.550s][info][gc,heap        ] GC(789) ParOldGen: 31177K->31177K(699392K)
[286.550s][info][gc,metaspace   ] GC(789) Metaspace: 23821K(24832K)->23821K(24832K) NonClass: 20894K(21504K)->20894K(21504K) Class: 2927K(3328K)->2927K(3328K)
[286.550s][info][gc             ] GC(789) Pause Young (Allocation Failure) 313M->56M(985M) 11.991ms
[286.550s][info][gc,cpu         ] GC(789) User=0.02s Sys=0.00s Real=0.02s
[286.608s][info][gc,start       ] GC(790) Pause Young (Allocation Failure)
[286.624s][info][gc,heap        ] GC(790) PSYoungGen: 309357K->0K(315904K)
[286.624s][info][gc,heap        ] GC(790) ParOldGen: 31177K->57910K(699392K)
[286.624s][info][gc,metaspace   ] GC(790) Metaspace: 23821K(24832K)->23821K(24832K) NonClass: 20894K(21504K)->20894K(21504K) Class: 2927K(3328K)->2927K(3328K)
[286.625s][info][gc             ] GC(790) Pause Young (Allocation Failure) 332M->56M(991M) 16.824ms
[286.625s][info][gc,cpu         ] GC(790) User=0.08s Sys=0.00s Real=0.02s
[286.681s][info][gc,start       ] GC(791) Pause Young (Allocation Failure)
[286.682s][info][gc,heap        ] GC(791) PSYoungGen: 282624K->0K(318976K)
[286.682s][info][gc,heap        ] GC(791) ParOldGen: 57910K->57910K(699392K)
[286.682s][info][gc,metaspace   ] GC(791) Metaspace: 23821K(24832K)->23821K(24832K) NonClass: 20894K(21504K)->20894K(21504K) Class: 2927K(3328K)->2927K(3328K)
[286.682s][info][gc             ] GC(791) Pause Young (Allocation Failure) 332M->56M(994M) 0.539ms
[286.682s][info][gc,cpu         ] GC(791) User=0.00s Sys=0.00s Real=0.00s
[286.740s][info][gc,start       ] GC(792) Pause Young (Allocation Failure)
[286.740s][info][gc,heap        ] GC(792) PSYoungGen: 287232K->0K(317440K)
[286.741s][info][gc,heap        ] GC(792) ParOldGen: 57910K->57910K(699392K)
[286.741s][info][gc,metaspace   ] GC(792) Metaspace: 23821K(24832K)->23821K(24832K) NonClass: 20894K(21504K)->20894K(21504K) Class: 2927K(3328K)->2927K(3328K)
[286.741s][info][gc             ] GC(792) Pause Young (Allocation Failure) 337M->56M(993M) 0.802ms
[286.741s][info][gc,cpu         ] GC(792) User=0.00s Sys=0.00s Real=0.00s
[286.799s][info][gc,start       ] GC(793) Pause Young (Allocation Failure)
[286.800s][info][gc,heap        ] GC(793) PSYoungGen: 287232K->0K(322048K)
[286.800s][info][gc,heap        ] GC(793) ParOldGen: 57910K->57910K(699392K)
[286.800s][info][gc,metaspace   ] GC(793) Metaspace: 23821K(24832K)->23821K(24832K) NonClass: 20894K(21504K)->20894K(21504K) Class: 2927K(3328K)->2927K(3328K)
[286.800s][info][gc             ] GC(793) Pause Young (Allocation Failure) 337M->56M(997M) 0.844ms
[286.800s][info][gc,cpu         ] GC(793) User=0.00s Sys=0.00s Real=0.00s
[286.834s][info][gc,start       ] GC(794) Pause Young (System.gc())
[286.835s][info][gc,heap        ] GC(794) PSYoungGen: 93871K->678K(320512K)
[286.835s][info][gc,heap        ] GC(794) ParOldGen: 57910K->57910K(699392K)
[286.835s][info][gc,metaspace   ] GC(794) Metaspace: 23821K(24832K)->23821K(24832K) NonClass: 20894K(21504K)->20894K(21504K) Class: 2927K(3328K)->2927K(3328K)
[286.835s][info][gc             ] GC(794) Pause Young (System.gc()) 148M->57M(996M) 1.086ms
[286.835s][info][gc,cpu         ] GC(794) User=0.00s Sys=0.00s Real=0.00s
[286.835s][info][gc,start       ] GC(795) Pause Full (System.gc())
[286.835s][info][gc,phases,start] GC(795) Marking Phase
[286.840s][info][gc,phases      ] GC(795) Marking Phase 4.457ms
[286.840s][info][gc,phases,start] GC(795) Summary Phase
[286.840s][info][gc,phases      ] GC(795) Summary Phase 0.012ms
[286.840s][info][gc,phases,start] GC(795) Adjust Roots
[286.843s][info][gc,phases      ] GC(795) Adjust Roots 2.716ms
[286.843s][info][gc,phases,start] GC(795) Compaction Phase
[286.844s][info][gc,phases      ] GC(795) Compaction Phase 1.746ms
[286.844s][info][gc,phases,start] GC(795) Post Compact
[286.845s][info][gc,phases      ] GC(795) Post Compact 0.296ms
[286.845s][info][gc,heap        ] GC(795) PSYoungGen: 678K->0K(320512K)
[286.845s][info][gc,heap        ] GC(795) ParOldGen: 57910K->4985K(699392K)
[286.845s][info][gc,metaspace   ] GC(795) Metaspace: 23821K(24832K)->23821K(24832K) NonClass: 20894K(21504K)->20894K(21504K) Class: 2927K(3328K)->2927K(3328K)
[286.845s][info][gc             ] GC(795) Pause Full (System.gc()) 57M->4M(996M) 9.481ms
[286.845s][info][gc,cpu         ] GC(795) User=0.02s Sys=0.00s Real=0.02s
[288.602s][info][gc,start       ] GC(796) Pause Young (Allocation Failure)
[288.614s][info][gc,heap        ] GC(796) PSYoungGen: 293376K->25589K(311296K)
[288.614s][info][gc,heap        ] GC(796) ParOldGen: 4985K->5481K(699392K)
[288.614s][info][gc,metaspace   ] GC(796) Metaspace: 23821K(24832K)->23821K(24832K) NonClass: 20894K(21504K)->20894K(21504K) Class: 2927K(3328K)->2927K(3328K)
[288.614s][info][gc             ] GC(796) Pause Young (Allocation Failure) 291M->30M(987M) 11.246ms
[288.614s][info][gc,cpu         ] GC(796) User=0.00s Sys=0.00s Real=0.00s
[288.672s][info][gc,start       ] GC(797) Pause Young (Allocation Failure)
[288.688s][info][gc,heap        ] GC(797) PSYoungGen: 311285K->0K(317440K)
[288.688s][info][gc,heap        ] GC(797) ParOldGen: 5481K->31161K(699392K)
[288.688s][info][gc,metaspace   ] GC(797) Metaspace: 23821K(24832K)->23821K(24832K) NonClass: 20894K(21504K)->20894K(21504K) Class: 2927K(3328K)->2927K(3328K)
[288.688s][info][gc             ] GC(797) Pause Young (Allocation Failure) 309M->30M(993M) 16.135ms
[288.688s][info][gc,cpu         ] GC(797) User=0.02s Sys=0.00s Real=0.03s
[288.746s][info][gc,start       ] GC(798) Pause Young (Allocation Failure)
[288.746s][info][gc,heap        ] GC(798) PSYoungGen: 285696K->0K(320512K)
[288.746s][info][gc,heap        ] GC(798) ParOldGen: 31161K->31161K(699392K)
[288.746s][info][gc,metaspace   ] GC(798) Metaspace: 23821K(24832K)->23821K(24832K) NonClass: 20894K(21504K)->20894K(21504K) Class: 2927K(3328K)->2927K(3328K)
[288.746s][info][gc             ] GC(798) Pause Young (Allocation Failure) 309M->30M(996M) 0.445ms
[288.746s][info][gc,cpu         ] GC(798) User=0.00s Sys=0.00s Real=0.00s
[288.805s][info][gc,start       ] GC(799) Pause Young (Allocation Failure)
[288.806s][info][gc,heap        ] GC(799) PSYoungGen: 290304K->0K(318976K)
[288.806s][info][gc,heap        ] GC(799) ParOldGen: 31161K->31161K(699392K)
[288.806s][info][gc,metaspace   ] GC(799) Metaspace: 23821K(24832K)->23821K(24832K) NonClass: 20894K(21504K)->20894K(21504K) Class: 2927K(3328K)->2927K(3328K)
[288.806s][info][gc             ] GC(799) Pause Young (Allocation Failure) 313M->30M(994M) 0.445ms
[288.806s][info][gc,cpu         ] GC(799) User=0.00s Sys=0.00s Real=0.00s
[290.581s][info][gc,start       ] GC(800) Pause Young (Allocation Failure)
[290.593s][info][gc,heap        ] GC(800) PSYoungGen: 290304K->26715K(309760K)
[290.593s][info][gc,heap        ] GC(800) ParOldGen: 31161K->31161K(699392K)
[290.593s][info][gc,metaspace   ] GC(800) Metaspace: 23821K(24832K)->23821K(24832K) NonClass: 20894K(21504K)->20894K(21504K) Class: 2927K(3328K)->2927K(3328K)
[290.593s][info][gc             ] GC(800) Pause Young (Allocation Failure) 313M->56M(985M) 11.603ms
[290.593s][info][gc,cpu         ] GC(800) User=0.02s Sys=0.00s Real=0.01s
[290.650s][info][gc,start       ] GC(801) Pause Young (Allocation Failure)
[290.666s][info][gc,heap        ] GC(801) PSYoungGen: 309339K->0K(315904K)
[290.666s][info][gc,heap        ] GC(801) ParOldGen: 31161K->57902K(699392K)
[290.666s][info][gc,metaspace   ] GC(801) Metaspace: 23821K(24832K)->23821K(24832K) NonClass: 20894K(21504K)->20894K(21504K) Class: 2927K(3328K)->2927K(3328K)
[290.666s][info][gc             ] GC(801) Pause Young (Allocation Failure) 332M->56M(991M) 16.008ms
[290.666s][info][gc,cpu         ] GC(801) User=0.02s Sys=0.00s Real=0.02s
[290.724s][info][gc,start       ] GC(802) Pause Young (Allocation Failure)
[290.725s][info][gc,heap        ] GC(802) PSYoungGen: 282624K->0K(318976K)
[290.725s][info][gc,heap        ] GC(802) ParOldGen: 57902K->57902K(699392K)
[290.725s][info][gc,metaspace   ] GC(802) Metaspace: 23821K(24832K)->23821K(24832K) NonClass: 20894K(21504K)->20894K(21504K) Class: 2927K(3328K)->2927K(3328K)
[290.725s][info][gc             ] GC(802) Pause Young (Allocation Failure) 332M->56M(994M) 1.057ms
[290.725s][info][gc,cpu         ] GC(802) User=0.00s Sys=0.00s Real=0.00s
[290.783s][info][gc,start       ] GC(803) Pause Young (Allocation Failure)
[290.784s][info][gc,heap        ] GC(803) PSYoungGen: 287232K->0K(317440K)
[290.784s][info][gc,heap        ] GC(803) ParOldGen: 57902K->57902K(699392K)
[290.784s][info][gc,metaspace   ] GC(803) Metaspace: 23821K(24832K)->23821K(24832K) NonClass: 20894K(21504K)->20894K(21504K) Class: 2927K(3328K)->2927K(3328K)
[290.784s][info][gc             ] GC(803) Pause Young (Allocation Failure) 337M->56M(993M) 0.603ms
[290.784s][info][gc,cpu         ] GC(803) User=0.00s Sys=0.00s Real=0.00s
[290.842s][info][gc,start       ] GC(804) Pause Young (Allocation Failure)
[290.842s][info][gc,heap        ] GC(804) PSYoungGen: 287232K->0K(322048K)
[290.842s][info][gc,heap        ] GC(804) ParOldGen: 57902K->57902K(699392K)
[290.842s][info][gc,metaspace   ] GC(804) Metaspace: 23821K(24832K)->23821K(24832K) NonClass: 20894K(21504K)->20894K(21504K) Class: 2927K(3328K)->2927K(3328K)
[290.842s][info][gc             ] GC(804) Pause Young (Allocation Failure) 337M->56M(997M) 0.772ms
[290.843s][info][gc,cpu         ] GC(804) User=0.00s Sys=0.00s Real=0.00s
[290.876s][info][gc,start       ] GC(805) Pause Young (System.gc())
[290.877s][info][gc,heap        ] GC(805) PSYoungGen: 93871K->646K(320512K)
[290.877s][info][gc,heap        ] GC(805) ParOldGen: 57902K->57902K(699392K)
[290.877s][info][gc,metaspace   ] GC(805) Metaspace: 23821K(24832K)->23821K(24832K) NonClass: 20894K(21504K)->20894K(21504K) Class: 2927K(3328K)->2927K(3328K)
[290.877s][info][gc             ] GC(805) Pause Young (System.gc()) 148M->57M(996M) 0.994ms
[290.877s][info][gc,cpu         ] GC(805) User=0.00s Sys=0.00s Real=0.00s
[290.877s][info][gc,start       ] GC(806) Pause Full (System.gc())
[290.877s][info][gc,phases,start] GC(806) Marking Phase
[290.882s][info][gc,phases      ] GC(806) Marking Phase 4.687ms
[290.882s][info][gc,phases,start] GC(806) Summary Phase
[290.882s][info][gc,phases      ] GC(806) Summary Phase 0.020ms
[290.882s][info][gc,phases,start] GC(806) Adjust Roots
[290.885s][info][gc,phases      ] GC(806) Adjust Roots 2.715ms
[290.885s][info][gc,phases,start] GC(806) Compaction Phase
[290.887s][info][gc,phases      ] GC(806) Compaction Phase 2.178ms
[290.887s][info][gc,phases,start] GC(806) Post Compact
[290.888s][info][gc,phases      ] GC(806) Post Compact 0.303ms
[290.888s][info][gc,heap        ] GC(806) PSYoungGen: 646K->0K(320512K)
[290.888s][info][gc,heap        ] GC(806) ParOldGen: 57902K->4985K(699392K)
[290.888s][info][gc,metaspace   ] GC(806) Metaspace: 23821K(24832K)->23821K(24832K) NonClass: 20894K(21504K)->20894K(21504K) Class: 2927K(3328K)->2927K(3328K)
[290.888s][info][gc             ] GC(806) Pause Full (System.gc()) 57M->4M(996M) 10.169ms
[290.888s][info][gc,cpu         ] GC(806) User=0.00s Sys=0.00s Real=0.00s
[292.646s][info][gc,start       ] GC(807) Pause Young (Allocation Failure)
[292.657s][info][gc,heap        ] GC(807) PSYoungGen: 293376K->25589K(311296K)
[292.657s][info][gc,heap        ] GC(807) ParOldGen: 4985K->5481K(699392K)
[292.657s][info][gc,metaspace   ] GC(807) Metaspace: 23821K(24832K)->23821K(24832K) NonClass: 20894K(21504K)->20894K(21504K) Class: 2927K(3328K)->2927K(3328K)
[292.657s][info][gc             ] GC(807) Pause Young (Allocation Failure) 291M->30M(987M) 11.067ms
[292.657s][info][gc,cpu         ] GC(807) User=0.02s Sys=0.00s Real=0.02s
[292.716s][info][gc,start       ] GC(808) Pause Young (Allocation Failure)
[292.731s][info][gc,heap        ] GC(808) PSYoungGen: 311285K->0K(317440K)
[292.731s][info][gc,heap        ] GC(808) ParOldGen: 5481K->31161K(699392K)
[292.731s][info][gc,metaspace   ] GC(808) Metaspace: 23821K(24832K)->23821K(24832K) NonClass: 20894K(21504K)->20894K(21504K) Class: 2927K(3328K)->2927K(3328K)
[292.731s][info][gc             ] GC(808) Pause Young (Allocation Failure) 309M->30M(993M) 15.632ms
[292.731s][info][gc,cpu         ] GC(808) User=0.02s Sys=0.00s Real=0.02s
[292.789s][info][gc,start       ] GC(809) Pause Young (Allocation Failure)
[292.790s][info][gc,heap        ] GC(809) PSYoungGen: 285696K->0K(320512K)
[292.790s][info][gc,heap        ] GC(809) ParOldGen: 31161K->31161K(699392K)
[292.790s][info][gc,metaspace   ] GC(809) Metaspace: 23821K(24832K)->23821K(24832K) NonClass: 20894K(21504K)->20894K(21504K) Class: 2927K(3328K)->2927K(3328K)
[292.790s][info][gc             ] GC(809) Pause Young (Allocation Failure) 309M->30M(996M) 0.716ms
[292.790s][info][gc,cpu         ] GC(809) User=0.00s Sys=0.00s Real=0.00s
[292.850s][info][gc,start       ] GC(810) Pause Young (Allocation Failure)
[292.851s][info][gc,heap        ] GC(810) PSYoungGen: 290304K->0K(318976K)
[292.851s][info][gc,heap        ] GC(810) ParOldGen: 31161K->31161K(699392K)
[292.851s][info][gc,metaspace   ] GC(810) Metaspace: 23821K(24832K)->23821K(24832K) NonClass: 20894K(21504K)->20894K(21504K) Class: 2927K(3328K)->2927K(3328K)
[292.851s][info][gc             ] GC(810) Pause Young (Allocation Failure) 313M->30M(994M) 0.975ms
[292.851s][info][gc,cpu         ] GC(810) User=0.00s Sys=0.00s Real=0.00s
[294.618s][info][gc,start       ] GC(811) Pause Young (Allocation Failure)
[294.632s][info][gc,heap        ] GC(811) PSYoungGen: 290304K->26733K(309760K)
[294.632s][info][gc,heap        ] GC(811) ParOldGen: 31161K->31161K(699392K)
[294.632s][info][gc,metaspace   ] GC(811) Metaspace: 23821K(24832K)->23821K(24832K) NonClass: 20894K(21504K)->20894K(21504K) Class: 2927K(3328K)->2927K(3328K)
[294.632s][info][gc             ] GC(811) Pause Young (Allocation Failure) 313M->56M(985M) 13.300ms
[294.632s][info][gc,cpu         ] GC(811) User=0.02s Sys=0.00s Real=0.02s
[294.689s][info][gc,start       ] GC(812) Pause Young (Allocation Failure)
[294.705s][info][gc,heap        ] GC(812) PSYoungGen: 309357K->0K(315904K)
[294.705s][info][gc,heap        ] GC(812) ParOldGen: 31161K->57902K(699392K)
[294.705s][info][gc,metaspace   ] GC(812) Metaspace: 23821K(24832K)->23821K(24832K) NonClass: 20894K(21504K)->20894K(21504K) Class: 2927K(3328K)->2927K(3328K)
[294.705s][info][gc             ] GC(812) Pause Young (Allocation Failure) 332M->56M(991M) 15.713ms
[294.705s][info][gc,cpu         ] GC(812) User=0.02s Sys=0.00s Real=0.03s
[294.763s][info][gc,start       ] GC(813) Pause Young (Allocation Failure)
[294.763s][info][gc,heap        ] GC(813) PSYoungGen: 282624K->0K(318976K)
[294.764s][info][gc,heap        ] GC(813) ParOldGen: 57902K->57902K(699392K)
[294.764s][info][gc,metaspace   ] GC(813) Metaspace: 23821K(24832K)->23821K(24832K) NonClass: 20894K(21504K)->20894K(21504K) Class: 2927K(3328K)->2927K(3328K)
[294.764s][info][gc             ] GC(813) Pause Young (Allocation Failure) 332M->56M(994M) 0.650ms
[294.764s][info][gc,cpu         ] GC(813) User=0.00s Sys=0.00s Real=0.00s
[294.822s][info][gc,start       ] GC(814) Pause Young (Allocation Failure)
[294.822s][info][gc,heap        ] GC(814) PSYoungGen: 287232K->0K(317440K)
[294.822s][info][gc,heap        ] GC(814) ParOldGen: 57902K->57902K(699392K)
[294.822s][info][gc,metaspace   ] GC(814) Metaspace: 23821K(24832K)->23821K(24832K) NonClass: 20894K(21504K)->20894K(21504K) Class: 2927K(3328K)->2927K(3328K)
[294.822s][info][gc             ] GC(814) Pause Young (Allocation Failure) 337M->56M(993M) 0.913ms
[294.823s][info][gc,cpu         ] GC(814) User=0.00s Sys=0.00s Real=0.00s
[294.880s][info][gc,start       ] GC(815) Pause Young (Allocation Failure)
[294.881s][info][gc,heap        ] GC(815) PSYoungGen: 287232K->0K(322048K)
[294.881s][info][gc,heap        ] GC(815) ParOldGen: 57902K->57902K(699392K)
[294.881s][info][gc,metaspace   ] GC(815) Metaspace: 23821K(24832K)->23821K(24832K) NonClass: 20894K(21504K)->20894K(21504K) Class: 2927K(3328K)->2927K(3328K)
[294.881s][info][gc             ] GC(815) Pause Young (Allocation Failure) 337M->56M(997M) 0.662ms
[294.881s][info][gc,cpu         ] GC(815) User=0.00s Sys=0.00s Real=0.00s
[294.916s][info][gc,start       ] GC(816) Pause Young (System.gc())
[294.917s][info][gc,heap        ] GC(816) PSYoungGen: 93871K->710K(320512K)
[294.917s][info][gc,heap        ] GC(816) ParOldGen: 57902K->57902K(699392K)
[294.917s][info][gc,metaspace   ] GC(816) Metaspace: 23821K(24832K)->23821K(24832K) NonClass: 20894K(21504K)->20894K(21504K) Class: 2927K(3328K)->2927K(3328K)
[294.917s][info][gc             ] GC(816) Pause Young (System.gc()) 148M->57M(996M) 0.959ms
[294.917s][info][gc,cpu         ] GC(816) User=0.00s Sys=0.00s Real=0.00s
[294.917s][info][gc,start       ] GC(817) Pause Full (System.gc())
[294.917s][info][gc,phases,start] GC(817) Marking Phase
[294.922s][info][gc,phases      ] GC(817) Marking Phase 4.725ms
[294.922s][info][gc,phases,start] GC(817) Summary Phase
[294.922s][info][gc,phases      ] GC(817) Summary Phase 0.010ms
[294.922s][info][gc,phases,start] GC(817) Adjust Roots
[294.925s][info][gc,phases      ] GC(817) Adjust Roots 2.699ms
[294.925s][info][gc,phases,start] GC(817) Compaction Phase
[294.927s][info][gc,phases      ] GC(817) Compaction Phase 2.186ms
[294.927s][info][gc,phases,start] GC(817) Post Compact
[294.927s][info][gc,phases      ] GC(817) Post Compact 0.370ms
[294.927s][info][gc,heap        ] GC(817) PSYoungGen: 710K->0K(320512K)
[294.927s][info][gc,heap        ] GC(817) ParOldGen: 57902K->4985K(699392K)
[294.927s][info][gc,metaspace   ] GC(817) Metaspace: 23821K(24832K)->23821K(24832K) NonClass: 20894K(21504K)->20894K(21504K) Class: 2927K(3328K)->2927K(3328K)
[294.927s][info][gc             ] GC(817) Pause Full (System.gc()) 57M->4M(996M) 10.228ms
[294.927s][info][gc,cpu         ] GC(817) User=0.02s Sys=0.00s Real=0.02s
[296.687s][info][gc,start       ] GC(818) Pause Young (Allocation Failure)
[296.698s][info][gc,heap        ] GC(818) PSYoungGen: 293376K->25589K(311296K)
[296.698s][info][gc,heap        ] GC(818) ParOldGen: 4985K->5481K(699392K)
[296.698s][info][gc,metaspace   ] GC(818) Metaspace: 23821K(24832K)->23821K(24832K) NonClass: 20894K(21504K)->20894K(21504K) Class: 2927K(3328K)->2927K(3328K)
[296.698s][info][gc             ] GC(818) Pause Young (Allocation Failure) 291M->30M(987M) 10.990ms
[296.698s][info][gc,cpu         ] GC(818) User=0.00s Sys=0.00s Real=0.00s
[296.756s][info][gc,start       ] GC(819) Pause Young (Allocation Failure)
[296.780s][info][gc,heap        ] GC(819) PSYoungGen: 311285K->0K(317440K)
[296.780s][info][gc,heap        ] GC(819) ParOldGen: 5481K->31145K(699392K)
[296.780s][info][gc,metaspace   ] GC(819) Metaspace: 23821K(24832K)->23821K(24832K) NonClass: 20894K(21504K)->20894K(21504K) Class: 2927K(3328K)->2927K(3328K)
[296.780s][info][gc             ] GC(819) Pause Young (Allocation Failure) 309M->30M(993M) 23.865ms
[296.780s][info][gc,cpu         ] GC(819) User=0.09s Sys=0.00s Real=0.03s
[296.838s][info][gc,start       ] GC(820) Pause Young (Allocation Failure)
[296.839s][info][gc,heap        ] GC(820) PSYoungGen: 285696K->0K(320512K)
[296.839s][info][gc,heap        ] GC(820) ParOldGen: 31145K->31145K(699392K)
[296.839s][info][gc,metaspace   ] GC(820) Metaspace: 23821K(24832K)->23821K(24832K) NonClass: 20894K(21504K)->20894K(21504K) Class: 2927K(3328K)->2927K(3328K)
[296.839s][info][gc             ] GC(820) Pause Young (Allocation Failure) 309M->30M(996M) 0.812ms
[296.839s][info][gc,cpu         ] GC(820) User=0.00s Sys=0.00s Real=0.00s
[296.897s][info][gc,start       ] GC(821) Pause Young (Allocation Failure)
[296.898s][info][gc,heap        ] GC(821) PSYoungGen: 290304K->0K(318976K)
[296.898s][info][gc,heap        ] GC(821) ParOldGen: 31145K->31145K(699392K)
[296.898s][info][gc,metaspace   ] GC(821) Metaspace: 23821K(24832K)->23821K(24832K) NonClass: 20894K(21504K)->20894K(21504K) Class: 2927K(3328K)->2927K(3328K)
[296.898s][info][gc             ] GC(821) Pause Young (Allocation Failure) 313M->30M(994M) 0.705ms
[296.898s][info][gc,cpu         ] GC(821) User=0.00s Sys=0.00s Real=0.00s
[298.668s][info][gc,start       ] GC(822) Pause Young (Allocation Failure)
[298.680s][info][gc,heap        ] GC(822) PSYoungGen: 290304K->26733K(309760K)
[298.680s][info][gc,heap        ] GC(822) ParOldGen: 31145K->31145K(699392K)
[298.680s][info][gc,metaspace   ] GC(822) Metaspace: 23821K(24832K)->23821K(24832K) NonClass: 20894K(21504K)->20894K(21504K) Class: 2927K(3328K)->2927K(3328K)
[298.680s][info][gc             ] GC(822) Pause Young (Allocation Failure) 313M->56M(985M) 11.768ms
[298.680s][info][gc,cpu         ] GC(822) User=0.02s Sys=0.00s Real=0.02s
[298.738s][info][gc,start       ] GC(823) Pause Young (Allocation Failure)
[298.754s][info][gc,heap        ] GC(823) PSYoungGen: 309357K->0K(315904K)
[298.754s][info][gc,heap        ] GC(823) ParOldGen: 31145K->57878K(699392K)
[298.754s][info][gc,metaspace   ] GC(823) Metaspace: 23821K(24832K)->23821K(24832K) NonClass: 20894K(21504K)->20894K(21504K) Class: 2927K(3328K)->2927K(3328K)
[298.754s][info][gc             ] GC(823) Pause Young (Allocation Failure) 332M->56M(991M) 16.616ms
[298.754s][info][gc,cpu         ] GC(823) User=0.02s Sys=0.00s Real=0.02s
[298.812s][info][gc,start       ] GC(824) Pause Young (Allocation Failure)
[298.812s][info][gc,heap        ] GC(824) PSYoungGen: 282624K->0K(318976K)
[298.812s][info][gc,heap        ] GC(824) ParOldGen: 57878K->57878K(699392K)
[298.812s][info][gc,metaspace   ] GC(824) Metaspace: 23821K(24832K)->23821K(24832K) NonClass: 20894K(21504K)->20894K(21504K) Class: 2927K(3328K)->2927K(3328K)
[298.812s][info][gc             ] GC(824) Pause Young (Allocation Failure) 332M->56M(994M) 0.760ms
[298.812s][info][gc,cpu         ] GC(824) User=0.00s Sys=0.00s Real=0.00s
[298.871s][info][gc,start       ] GC(825) Pause Young (Allocation Failure)
[298.872s][info][gc,heap        ] GC(825) PSYoungGen: 287232K->0K(317440K)
[298.872s][info][gc,heap        ] GC(825) ParOldGen: 57878K->57878K(699392K)
[298.872s][info][gc,metaspace   ] GC(825) Metaspace: 23821K(24832K)->23821K(24832K) NonClass: 20894K(21504K)->20894K(21504K) Class: 2927K(3328K)->2927K(3328K)
[298.872s][info][gc             ] GC(825) Pause Young (Allocation Failure) 337M->56M(993M) 0.754ms
[298.872s][info][gc,cpu         ] GC(825) User=0.00s Sys=0.00s Real=0.00s
[298.930s][info][gc,start       ] GC(826) Pause Young (Allocation Failure)
[298.931s][info][gc,heap        ] GC(826) PSYoungGen: 287232K->0K(322048K)
[298.931s][info][gc,heap        ] GC(826) ParOldGen: 57878K->57878K(699392K)
[298.931s][info][gc,metaspace   ] GC(826) Metaspace: 23821K(24832K)->23821K(24832K) NonClass: 20894K(21504K)->20894K(21504K) Class: 2927K(3328K)->2927K(3328K)
[298.931s][info][gc             ] GC(826) Pause Young (Allocation Failure) 337M->56M(997M) 0.696ms
[298.931s][info][gc,cpu         ] GC(826) User=0.00s Sys=0.00s Real=0.00s
[298.965s][info][gc,start       ] GC(827) Pause Young (System.gc())
[298.966s][info][gc,heap        ] GC(827) PSYoungGen: 93871K->646K(320512K)
[298.966s][info][gc,heap        ] GC(827) ParOldGen: 57878K->57878K(699392K)
[298.966s][info][gc,metaspace   ] GC(827) Metaspace: 23821K(24832K)->23821K(24832K) NonClass: 20894K(21504K)->20894K(21504K) Class: 2927K(3328K)->2927K(3328K)
[298.966s][info][gc             ] GC(827) Pause Young (System.gc()) 148M->57M(996M) 1.161ms
[298.966s][info][gc,cpu         ] GC(827) User=0.00s Sys=0.00s Real=0.00s
[298.966s][info][gc,start       ] GC(828) Pause Full (System.gc())
[298.966s][info][gc,phases,start] GC(828) Marking Phase
[298.971s][info][gc,phases      ] GC(828) Marking Phase 4.671ms
[298.971s][info][gc,phases,start] GC(828) Summary Phase
[298.971s][info][gc,phases      ] GC(828) Summary Phase 0.012ms
[298.971s][info][gc,phases,start] GC(828) Adjust Roots
[298.974s][info][gc,phases      ] GC(828) Adjust Roots 2.546ms
[298.974s][info][gc,phases,start] GC(828) Compaction Phase
[298.976s][info][gc,phases      ] GC(828) Compaction Phase 2.159ms
[298.976s][info][gc,phases,start] GC(828) Post Compact
[298.976s][info][gc,phases      ] GC(828) Post Compact 0.341ms
[298.976s][info][gc,heap        ] GC(828) PSYoungGen: 646K->0K(320512K)
[298.976s][info][gc,heap        ] GC(828) ParOldGen: 57878K->4985K(699392K)
[298.976s][info][gc,metaspace   ] GC(828) Metaspace: 23821K(24832K)->23821K(24832K) NonClass: 20894K(21504K)->20894K(21504K) Class: 2927K(3328K)->2927K(3328K)
[298.976s][info][gc             ] GC(828) Pause Full (System.gc()) 57M->4M(996M) 9.943ms
[298.976s][info][gc,cpu         ] GC(828) User=0.02s Sys=0.00s Real=0.02s
[300.737s][info][gc,start       ] GC(829) Pause Young (Allocation Failure)
[300.748s][info][gc,heap        ] GC(829) PSYoungGen: 293376K->25575K(311296K)
[300.748s][info][gc,heap        ] GC(829) ParOldGen: 4985K->5505K(699392K)
[300.748s][info][gc,metaspace   ] GC(829) Metaspace: 23821K(24832K)->23821K(24832K) NonClass: 20894K(21504K)->20894K(21504K) Class: 2927K(3328K)->2927K(3328K)
[300.748s][info][gc             ] GC(829) Pause Young (Allocation Failure) 291M->30M(987M) 11.120ms
[300.748s][info][gc,cpu         ] GC(829) User=0.02s Sys=0.00s Real=0.02s
[300.807s][info][gc,start       ] GC(830) Pause Young (Allocation Failure)
[300.823s][info][gc,heap        ] GC(830) PSYoungGen: 311271K->0K(317440K)
[300.823s][info][gc,heap        ] GC(830) ParOldGen: 5505K->31169K(699392K)
[300.823s][info][gc,metaspace   ] GC(830) Metaspace: 23821K(24832K)->23821K(24832K) NonClass: 20894K(21504K)->20894K(21504K) Class: 2927K(3328K)->2927K(3328K)
[300.823s][info][gc             ] GC(830) Pause Young (Allocation Failure) 309M->30M(993M) 16.137ms
[300.823s][info][gc,cpu         ] GC(830) User=0.03s Sys=0.00s Real=0.02s
[300.881s][info][gc,start       ] GC(831) Pause Young (Allocation Failure)
[300.881s][info][gc,heap        ] GC(831) PSYoungGen: 285696K->0K(320512K)
[300.881s][info][gc,heap        ] GC(831) ParOldGen: 31169K->31169K(699392K)
[300.881s][info][gc,metaspace   ] GC(831) Metaspace: 23821K(24832K)->23821K(24832K) NonClass: 20894K(21504K)->20894K(21504K) Class: 2927K(3328K)->2927K(3328K)
[300.881s][info][gc             ] GC(831) Pause Young (Allocation Failure) 309M->30M(996M) 0.544ms
[300.881s][info][gc,cpu         ] GC(831) User=0.00s Sys=0.00s Real=0.00s
[300.940s][info][gc,start       ] GC(832) Pause Young (Allocation Failure)
[300.941s][info][gc,heap        ] GC(832) PSYoungGen: 290304K->0K(318976K)
[300.941s][info][gc,heap        ] GC(832) ParOldGen: 31169K->31169K(699392K)
[300.941s][info][gc,metaspace   ] GC(832) Metaspace: 23821K(24832K)->23821K(24832K) NonClass: 20894K(21504K)->20894K(21504K) Class: 2927K(3328K)->2927K(3328K)
[300.941s][info][gc             ] GC(832) Pause Young (Allocation Failure) 313M->30M(994M) 0.708ms
[300.941s][info][gc,cpu         ] GC(832) User=0.00s Sys=0.00s Real=0.00s
[302.723s][info][gc,start       ] GC(833) Pause Young (Allocation Failure)
[302.734s][info][gc,heap        ] GC(833) PSYoungGen: 290304K->26733K(309760K)
[302.734s][info][gc,heap        ] GC(833) ParOldGen: 31169K->31169K(699392K)
[302.734s][info][gc,metaspace   ] GC(833) Metaspace: 23821K(24832K)->23821K(24832K) NonClass: 20894K(21504K)->20894K(21504K) Class: 2927K(3328K)->2927K(3328K)
[302.734s][info][gc             ] GC(833) Pause Young (Allocation Failure) 313M->56M(985M) 11.481ms
[302.734s][info][gc,cpu         ] GC(833) User=0.02s Sys=0.00s Real=0.01s
[302.793s][info][gc,start       ] GC(834) Pause Young (Allocation Failure)
[302.809s][info][gc,heap        ] GC(834) PSYoungGen: 309357K->0K(315904K)
[302.809s][info][gc,heap        ] GC(834) ParOldGen: 31169K->57910K(699392K)
[302.809s][info][gc,metaspace   ] GC(834) Metaspace: 23823K(24832K)->23823K(24832K) NonClass: 20895K(21504K)->20895K(21504K) Class: 2927K(3328K)->2927K(3328K)
[302.809s][info][gc             ] GC(834) Pause Young (Allocation Failure) 332M->56M(991M) 16.766ms
[302.809s][info][gc,cpu         ] GC(834) User=0.08s Sys=0.00s Real=0.02s
[302.866s][info][gc,start       ] GC(835) Pause Young (Allocation Failure)
[302.867s][info][gc,heap        ] GC(835) PSYoungGen: 282624K->0K(318976K)
[302.867s][info][gc,heap        ] GC(835) ParOldGen: 57910K->57910K(699392K)
[302.867s][info][gc,metaspace   ] GC(835) Metaspace: 23823K(24832K)->23823K(24832K) NonClass: 20895K(21504K)->20895K(21504K) Class: 2927K(3328K)->2927K(3328K)
[302.867s][info][gc             ] GC(835) Pause Young (Allocation Failure) 332M->56M(994M) 0.843ms
[302.867s][info][gc,cpu         ] GC(835) User=0.00s Sys=0.00s Real=0.02s
[302.926s][info][gc,start       ] GC(836) Pause Young (Allocation Failure)
[302.927s][info][gc,heap        ] GC(836) PSYoungGen: 287232K->0K(317440K)
[302.927s][info][gc,heap        ] GC(836) ParOldGen: 57910K->57910K(699392K)
[302.927s][info][gc,metaspace   ] GC(836) Metaspace: 23823K(24832K)->23823K(24832K) NonClass: 20895K(21504K)->20895K(21504K) Class: 2927K(3328K)->2927K(3328K)
[302.927s][info][gc             ] GC(836) Pause Young (Allocation Failure) 337M->56M(993M) 0.605ms
[302.927s][info][gc,cpu         ] GC(836) User=0.00s Sys=0.00s Real=0.00s
[302.985s][info][gc,start       ] GC(837) Pause Young (Allocation Failure)
[302.985s][info][gc,heap        ] GC(837) PSYoungGen: 287232K->0K(322048K)
[302.985s][info][gc,heap        ] GC(837) ParOldGen: 57910K->57910K(699392K)
[302.985s][info][gc,metaspace   ] GC(837) Metaspace: 23823K(24832K)->23823K(24832K) NonClass: 20895K(21504K)->20895K(21504K) Class: 2927K(3328K)->2927K(3328K)
[302.985s][info][gc             ] GC(837) Pause Young (Allocation Failure) 337M->56M(997M) 0.705ms
[302.985s][info][gc,cpu         ] GC(837) User=0.00s Sys=0.00s Real=0.00s
[303.020s][info][gc,start       ] GC(838) Pause Young (System.gc())
[303.021s][info][gc,heap        ] GC(838) PSYoungGen: 93871K->678K(320512K)
[303.021s][info][gc,heap        ] GC(838) ParOldGen: 57910K->57910K(699392K)
[303.021s][info][gc,metaspace   ] GC(838) Metaspace: 23823K(24832K)->23823K(24832K) NonClass: 20895K(21504K)->20895K(21504K) Class: 2927K(3328K)->2927K(3328K)
[303.021s][info][gc             ] GC(838) Pause Young (System.gc()) 148M->57M(996M) 1.099ms
[303.021s][info][gc,cpu         ] GC(838) User=0.00s Sys=0.00s Real=0.00s
[303.021s][info][gc,start       ] GC(839) Pause Full (System.gc())
[303.021s][info][gc,phases,start] GC(839) Marking Phase
[303.026s][info][gc,phases      ] GC(839) Marking Phase 4.687ms
[303.026s][info][gc,phases,start] GC(839) Summary Phase
[303.026s][info][gc,phases      ] GC(839) Summary Phase 0.010ms
[303.026s][info][gc,phases,start] GC(839) Adjust Roots
[303.029s][info][gc,phases      ] GC(839) Adjust Roots 2.990ms
[303.029s][info][gc,phases,start] GC(839) Compaction Phase
[303.031s][info][gc,phases      ] GC(839) Compaction Phase 1.708ms
[303.031s][info][gc,phases,start] GC(839) Post Compact
[303.031s][info][gc,phases      ] GC(839) Post Compact 0.297ms
[303.031s][info][gc,heap        ] GC(839) PSYoungGen: 678K->0K(320512K)
[303.031s][info][gc,heap        ] GC(839) ParOldGen: 57910K->4985K(699392K)
[303.031s][info][gc,metaspace   ] GC(839) Metaspace: 23823K(24832K)->23823K(24832K) NonClass: 20895K(21504K)->20895K(21504K) Class: 2927K(3328K)->2927K(3328K)
[303.031s][info][gc             ] GC(839) Pause Full (System.gc()) 57M->4M(996M) 9.958ms
[303.031s][info][gc,cpu         ] GC(839) User=0.00s Sys=0.00s Real=0.01s
[304.788s][info][gc,start       ] GC(840) Pause Young (Allocation Failure)
[304.800s][info][gc,heap        ] GC(840) PSYoungGen: 293376K->25589K(311296K)
[304.800s][info][gc,heap        ] GC(840) ParOldGen: 4985K->5481K(699392K)
[304.800s][info][gc,metaspace   ] GC(840) Metaspace: 23823K(24832K)->23823K(24832K) NonClass: 20895K(21504K)->20895K(21504K) Class: 2927K(3328K)->2927K(3328K)
[304.800s][info][gc             ] GC(840) Pause Young (Allocation Failure) 291M->30M(987M) 11.707ms
[304.800s][info][gc,cpu         ] GC(840) User=0.02s Sys=0.00s Real=0.02s
[304.859s][info][gc,start       ] GC(841) Pause Young (Allocation Failure)
[304.876s][info][gc,heap        ] GC(841) PSYoungGen: 311285K->0K(317440K)
[304.876s][info][gc,heap        ] GC(841) ParOldGen: 5481K->31161K(699392K)
[304.876s][info][gc,metaspace   ] GC(841) Metaspace: 23823K(24832K)->23823K(24832K) NonClass: 20895K(21504K)->20895K(21504K) Class: 2927K(3328K)->2927K(3328K)
[304.876s][info][gc             ] GC(841) Pause Young (Allocation Failure) 309M->30M(993M) 16.614ms
[304.876s][info][gc,cpu         ] GC(841) User=0.08s Sys=0.00s Real=0.02s
[304.935s][info][gc,start       ] GC(842) Pause Young (Allocation Failure)
[304.935s][info][gc,heap        ] GC(842) PSYoungGen: 285696K->0K(320512K)
[304.935s][info][gc,heap        ] GC(842) ParOldGen: 31161K->31161K(699392K)
[304.935s][info][gc,metaspace   ] GC(842) Metaspace: 23823K(24832K)->23823K(24832K) NonClass: 20895K(21504K)->20895K(21504K) Class: 2927K(3328K)->2927K(3328K)
[304.935s][info][gc             ] GC(842) Pause Young (Allocation Failure) 309M->30M(996M) 0.752ms
[304.935s][info][gc,cpu         ] GC(842) User=0.00s Sys=0.00s Real=0.00s
[304.994s][info][gc,start       ] GC(843) Pause Young (Allocation Failure)
[304.995s][info][gc,heap        ] GC(843) PSYoungGen: 290304K->0K(318976K)
[304.995s][info][gc,heap        ] GC(843) ParOldGen: 31161K->31161K(699392K)
[304.995s][info][gc,metaspace   ] GC(843) Metaspace: 23823K(24832K)->23823K(24832K) NonClass: 20895K(21504K)->20895K(21504K) Class: 2927K(3328K)->2927K(3328K)
[304.995s][info][gc             ] GC(843) Pause Young (Allocation Failure) 313M->30M(994M) 0.569ms
[304.995s][info][gc,cpu         ] GC(843) User=0.00s Sys=0.00s Real=0.00s
[306.768s][info][gc,start       ] GC(844) Pause Young (Allocation Failure)
[306.781s][info][gc,heap        ] GC(844) PSYoungGen: 290304K->26733K(309760K)
[306.781s][info][gc,heap        ] GC(844) ParOldGen: 31161K->31161K(699392K)
[306.781s][info][gc,metaspace   ] GC(844) Metaspace: 23823K(24832K)->23823K(24832K) NonClass: 20895K(21504K)->20895K(21504K) Class: 2927K(3328K)->2927K(3328K)
[306.781s][info][gc             ] GC(844) Pause Young (Allocation Failure) 313M->56M(985M) 12.317ms
[306.781s][info][gc,cpu         ] GC(844) User=0.02s Sys=0.00s Real=0.02s
[306.838s][info][gc,start       ] GC(845) Pause Young (Allocation Failure)
[306.854s][info][gc,heap        ] GC(845) PSYoungGen: 309357K->0K(315904K)
[306.854s][info][gc,heap        ] GC(845) ParOldGen: 31161K->57902K(699392K)
[306.854s][info][gc,metaspace   ] GC(845) Metaspace: 23823K(24832K)->23823K(24832K) NonClass: 20895K(21504K)->20895K(21504K) Class: 2927K(3328K)->2927K(3328K)
[306.854s][info][gc             ] GC(845) Pause Young (Allocation Failure) 332M->56M(991M) 16.100ms
[306.854s][info][gc,cpu         ] GC(845) User=0.02s Sys=0.00s Real=0.01s
[306.911s][info][gc,start       ] GC(846) Pause Young (Allocation Failure)
[306.912s][info][gc,heap        ] GC(846) PSYoungGen: 282624K->0K(318976K)
[306.912s][info][gc,heap        ] GC(846) ParOldGen: 57902K->57902K(699392K)
[306.912s][info][gc,metaspace   ] GC(846) Metaspace: 23823K(24832K)->23823K(24832K) NonClass: 20895K(21504K)->20895K(21504K) Class: 2927K(3328K)->2927K(3328K)
[306.912s][info][gc             ] GC(846) Pause Young (Allocation Failure) 332M->56M(994M) 0.928ms
[306.912s][info][gc,cpu         ] GC(846) User=0.00s Sys=0.00s Real=0.00s
[306.970s][info][gc,start       ] GC(847) Pause Young (Allocation Failure)
[306.971s][info][gc,heap        ] GC(847) PSYoungGen: 287232K->0K(317440K)
[306.971s][info][gc,heap        ] GC(847) ParOldGen: 57902K->57902K(699392K)
[306.971s][info][gc,metaspace   ] GC(847) Metaspace: 23823K(24832K)->23823K(24832K) NonClass: 20895K(21504K)->20895K(21504K) Class: 2927K(3328K)->2927K(3328K)
[306.971s][info][gc             ] GC(847) Pause Young (Allocation Failure) 337M->56M(993M) 0.754ms
[306.971s][info][gc,cpu         ] GC(847) User=0.00s Sys=0.00s Real=0.00s
[307.029s][info][gc,start       ] GC(848) Pause Young (Allocation Failure)
[307.029s][info][gc,heap        ] GC(848) PSYoungGen: 287232K->0K(322048K)
[307.029s][info][gc,heap        ] GC(848) ParOldGen: 57902K->57902K(699392K)
[307.029s][info][gc,metaspace   ] GC(848) Metaspace: 23823K(24832K)->23823K(24832K) NonClass: 20895K(21504K)->20895K(21504K) Class: 2927K(3328K)->2927K(3328K)
[307.029s][info][gc             ] GC(848) Pause Young (Allocation Failure) 337M->56M(997M) 0.612ms
[307.029s][info][gc,cpu         ] GC(848) User=0.00s Sys=0.00s Real=0.00s
[307.064s][info][gc,start       ] GC(849) Pause Young (System.gc())
[307.065s][info][gc,heap        ] GC(849) PSYoungGen: 93871K->678K(320512K)
[307.065s][info][gc,heap        ] GC(849) ParOldGen: 57902K->57902K(699392K)
[307.065s][info][gc,metaspace   ] GC(849) Metaspace: 23823K(24832K)->23823K(24832K) NonClass: 20895K(21504K)->20895K(21504K) Class: 2927K(3328K)->2927K(3328K)
[307.065s][info][gc             ] GC(849) Pause Young (System.gc()) 148M->57M(996M) 1.083ms
[307.065s][info][gc,cpu         ] GC(849) User=0.00s Sys=0.00s Real=0.00s
[307.065s][info][gc,start       ] GC(850) Pause Full (System.gc())
[307.065s][info][gc,phases,start] GC(850) Marking Phase
[307.069s][info][gc,phases      ] GC(850) Marking Phase 4.575ms
[307.069s][info][gc,phases,start] GC(850) Summary Phase
[307.069s][info][gc,phases      ] GC(850) Summary Phase 0.009ms
[307.069s][info][gc,phases,start] GC(850) Adjust Roots
[307.072s][info][gc,phases      ] GC(850) Adjust Roots 2.594ms
[307.072s][info][gc,phases,start] GC(850) Compaction Phase
[307.074s][info][gc,phases      ] GC(850) Compaction Phase 2.057ms
[307.074s][info][gc,phases,start] GC(850) Post Compact
[307.074s][info][gc,phases      ] GC(850) Post Compact 0.304ms
[307.075s][info][gc,heap        ] GC(850) PSYoungGen: 678K->0K(320512K)
[307.075s][info][gc,heap        ] GC(850) ParOldGen: 57902K->4985K(699392K)
[307.075s][info][gc,metaspace   ] GC(850) Metaspace: 23823K(24832K)->23823K(24832K) NonClass: 20895K(21504K)->20895K(21504K) Class: 2927K(3328K)->2927K(3328K)
[307.075s][info][gc             ] GC(850) Pause Full (System.gc()) 57M->4M(996M) 9.785ms
[307.075s][info][gc,cpu         ] GC(850) User=0.00s Sys=0.00s Real=0.00s
[308.833s][info][gc,start       ] GC(851) Pause Young (Allocation Failure)
[308.844s][info][gc,heap        ] GC(851) PSYoungGen: 293376K->25589K(311296K)
[308.844s][info][gc,heap        ] GC(851) ParOldGen: 4985K->5473K(699392K)
[308.844s][info][gc,metaspace   ] GC(851) Metaspace: 23823K(24832K)->23823K(24832K) NonClass: 20895K(21504K)->20895K(21504K) Class: 2927K(3328K)->2927K(3328K)
[308.844s][info][gc             ] GC(851) Pause Young (Allocation Failure) 291M->30M(987M) 11.166ms
[308.844s][info][gc,cpu         ] GC(851) User=0.00s Sys=0.00s Real=0.00s
[308.903s][info][gc,start       ] GC(852) Pause Young (Allocation Failure)
[308.920s][info][gc,heap        ] GC(852) PSYoungGen: 311285K->0K(317440K)
[308.920s][info][gc,heap        ] GC(852) ParOldGen: 5473K->31153K(699392K)
[308.920s][info][gc,metaspace   ] GC(852) Metaspace: 23823K(24832K)->23823K(24832K) NonClass: 20895K(21504K)->20895K(21504K) Class: 2927K(3328K)->2927K(3328K)
[308.920s][info][gc             ] GC(852) Pause Young (Allocation Failure) 309M->30M(993M) 17.083ms
[308.920s][info][gc,cpu         ] GC(852) User=0.08s Sys=0.00s Real=0.02s
[308.977s][info][gc,start       ] GC(853) Pause Young (Allocation Failure)
[308.978s][info][gc,heap        ] GC(853) PSYoungGen: 285696K->0K(320512K)
[308.978s][info][gc,heap        ] GC(853) ParOldGen: 31153K->31153K(699392K)
[308.978s][info][gc,metaspace   ] GC(853) Metaspace: 23823K(24832K)->23823K(24832K) NonClass: 20895K(21504K)->20895K(21504K) Class: 2927K(3328K)->2927K(3328K)
[308.978s][info][gc             ] GC(853) Pause Young (Allocation Failure) 309M->30M(996M) 0.483ms
[308.978s][info][gc,cpu         ] GC(853) User=0.00s Sys=0.00s Real=0.00s
[309.036s][info][gc,start       ] GC(854) Pause Young (Allocation Failure)
[309.037s][info][gc,heap        ] GC(854) PSYoungGen: 290304K->0K(318976K)
[309.037s][info][gc,heap        ] GC(854) ParOldGen: 31153K->31153K(699392K)
[309.037s][info][gc,metaspace   ] GC(854) Metaspace: 23823K(24832K)->23823K(24832K) NonClass: 20895K(21504K)->20895K(21504K) Class: 2927K(3328K)->2927K(3328K)
[309.037s][info][gc             ] GC(854) Pause Young (Allocation Failure) 313M->30M(994M) 0.763ms
[309.037s][info][gc,cpu         ] GC(854) User=0.00s Sys=0.00s Real=0.00s
[310.808s][info][gc,start       ] GC(855) Pause Young (Allocation Failure)
[310.820s][info][gc,heap        ] GC(855) PSYoungGen: 290304K->26747K(309760K)
[310.820s][info][gc,heap        ] GC(855) ParOldGen: 31153K->31153K(699392K)
[310.820s][info][gc,metaspace   ] GC(855) Metaspace: 23823K(24832K)->23823K(24832K) NonClass: 20895K(21504K)->20895K(21504K) Class: 2927K(3328K)->2927K(3328K)
[310.820s][info][gc             ] GC(855) Pause Young (Allocation Failure) 313M->56M(985M) 11.843ms
[310.820s][info][gc,cpu         ] GC(855) User=0.02s Sys=0.00s Real=0.01s
[310.877s][info][gc,start       ] GC(856) Pause Young (Allocation Failure)
[310.894s][info][gc,heap        ] GC(856) PSYoungGen: 309371K->0K(315904K)
[310.894s][info][gc,heap        ] GC(856) ParOldGen: 31153K->57878K(699392K)
[310.894s][info][gc,metaspace   ] GC(856) Metaspace: 23823K(24832K)->23823K(24832K) NonClass: 20895K(21504K)->20895K(21504K) Class: 2927K(3328K)->2927K(3328K)
[310.894s][info][gc             ] GC(856) Pause Young (Allocation Failure) 332M->56M(991M) 16.432ms
[310.894s][info][gc,cpu         ] GC(856) User=0.08s Sys=0.00s Real=0.02s
[310.951s][info][gc,start       ] GC(857) Pause Young (Allocation Failure)
[310.952s][info][gc,heap        ] GC(857) PSYoungGen: 282624K->0K(318976K)
[310.952s][info][gc,heap        ] GC(857) ParOldGen: 57878K->57878K(699392K)
[310.952s][info][gc,metaspace   ] GC(857) Metaspace: 23823K(24832K)->23823K(24832K) NonClass: 20895K(21504K)->20895K(21504K) Class: 2927K(3328K)->2927K(3328K)
[310.952s][info][gc             ] GC(857) Pause Young (Allocation Failure) 332M->56M(994M) 1.027ms
[310.952s][info][gc,cpu         ] GC(857) User=0.00s Sys=0.00s Real=0.02s
[311.010s][info][gc,start       ] GC(858) Pause Young (Allocation Failure)
[311.011s][info][gc,heap        ] GC(858) PSYoungGen: 287232K->0K(317440K)
[311.011s][info][gc,heap        ] GC(858) ParOldGen: 57878K->57878K(699392K)
[311.011s][info][gc,metaspace   ] GC(858) Metaspace: 23823K(24832K)->23823K(24832K) NonClass: 20895K(21504K)->20895K(21504K) Class: 2927K(3328K)->2927K(3328K)
[311.011s][info][gc             ] GC(858) Pause Young (Allocation Failure) 337M->56M(993M) 0.798ms
[311.011s][info][gc,cpu         ] GC(858) User=0.00s Sys=0.00s Real=0.00s
[311.070s][info][gc,start       ] GC(859) Pause Young (Allocation Failure)
[311.070s][info][gc,heap        ] GC(859) PSYoungGen: 287232K->0K(322048K)
[311.070s][info][gc,heap        ] GC(859) ParOldGen: 57878K->57878K(699392K)
[311.070s][info][gc,metaspace   ] GC(859) Metaspace: 23823K(24832K)->23823K(24832K) NonClass: 20895K(21504K)->20895K(21504K) Class: 2927K(3328K)->2927K(3328K)
[311.070s][info][gc             ] GC(859) Pause Young (Allocation Failure) 337M->56M(997M) 0.639ms
[311.070s][info][gc,cpu         ] GC(859) User=0.00s Sys=0.00s Real=0.00s
[311.104s][info][gc,start       ] GC(860) Pause Young (System.gc())
[311.105s][info][gc,heap        ] GC(860) PSYoungGen: 93871K->710K(320512K)
[311.105s][info][gc,heap        ] GC(860) ParOldGen: 57878K->57878K(699392K)
[311.105s][info][gc,metaspace   ] GC(860) Metaspace: 23823K(24832K)->23823K(24832K) NonClass: 20895K(21504K)->20895K(21504K) Class: 2927K(3328K)->2927K(3328K)
[311.106s][info][gc             ] GC(860) Pause Young (System.gc()) 148M->57M(996M) 1.065ms
[311.106s][info][gc,cpu         ] GC(860) User=0.00s Sys=0.00s Real=0.00s
[311.106s][info][gc,start       ] GC(861) Pause Full (System.gc())
[311.106s][info][gc,phases,start] GC(861) Marking Phase
[311.110s][info][gc,phases      ] GC(861) Marking Phase 4.918ms
[311.111s][info][gc,phases,start] GC(861) Summary Phase
[311.111s][info][gc,phases      ] GC(861) Summary Phase 0.010ms
[311.111s][info][gc,phases,start] GC(861) Adjust Roots
[311.113s][info][gc,phases      ] GC(861) Adjust Roots 2.580ms
[311.113s][info][gc,phases,start] GC(861) Compaction Phase
[311.116s][info][gc,phases      ] GC(861) Compaction Phase 2.754ms
[311.116s][info][gc,phases,start] GC(861) Post Compact
[311.116s][info][gc,phases      ] GC(861) Post Compact 0.338ms
[311.116s][info][gc,heap        ] GC(861) PSYoungGen: 710K->0K(320512K)
[311.116s][info][gc,heap        ] GC(861) ParOldGen: 57878K->4985K(699392K)
[311.116s][info][gc,metaspace   ] GC(861) Metaspace: 23823K(24832K)->23823K(24832K) NonClass: 20895K(21504K)->20895K(21504K) Class: 2927K(3328K)->2927K(3328K)
[311.116s][info][gc             ] GC(861) Pause Full (System.gc()) 57M->4M(996M) 10.808ms
[311.116s][info][gc,cpu         ] GC(861) User=0.00s Sys=0.00s Real=0.02s
[312.877s][info][gc,start       ] GC(862) Pause Young (Allocation Failure)
[312.889s][info][gc,heap        ] GC(862) PSYoungGen: 293376K->25575K(311296K)
[312.889s][info][gc,heap        ] GC(862) ParOldGen: 4985K->5489K(699392K)
[312.889s][info][gc,metaspace   ] GC(862) Metaspace: 23823K(24832K)->23823K(24832K) NonClass: 20895K(21504K)->20895K(21504K) Class: 2927K(3328K)->2927K(3328K)
[312.889s][info][gc             ] GC(862) Pause Young (Allocation Failure) 291M->30M(987M) 12.284ms
[312.889s][info][gc,cpu         ] GC(862) User=0.02s Sys=0.00s Real=0.02s
[312.947s][info][gc,start       ] GC(863) Pause Young (Allocation Failure)
[312.964s][info][gc,heap        ] GC(863) PSYoungGen: 311271K->0K(317440K)
[312.964s][info][gc,heap        ] GC(863) ParOldGen: 5489K->31153K(699392K)
[312.964s][info][gc,metaspace   ] GC(863) Metaspace: 23823K(24832K)->23823K(24832K) NonClass: 20895K(21504K)->20895K(21504K) Class: 2927K(3328K)->2927K(3328K)
[312.964s][info][gc             ] GC(863) Pause Young (Allocation Failure) 309M->30M(993M) 16.537ms
[312.964s][info][gc,cpu         ] GC(863) User=0.08s Sys=0.00s Real=0.02s
[313.022s][info][gc,start       ] GC(864) Pause Young (Allocation Failure)
[313.022s][info][gc,heap        ] GC(864) PSYoungGen: 285696K->0K(320512K)
[313.022s][info][gc,heap        ] GC(864) ParOldGen: 31153K->31153K(699392K)
[313.022s][info][gc,metaspace   ] GC(864) Metaspace: 23823K(24832K)->23823K(24832K) NonClass: 20895K(21504K)->20895K(21504K) Class: 2927K(3328K)->2927K(3328K)
[313.022s][info][gc             ] GC(864) Pause Young (Allocation Failure) 309M->30M(996M) 0.610ms
[313.022s][info][gc,cpu         ] GC(864) User=0.00s Sys=0.00s Real=0.00s
[313.081s][info][gc,start       ] GC(865) Pause Young (Allocation Failure)
[313.081s][info][gc,heap        ] GC(865) PSYoungGen: 290304K->0K(318976K)
[313.081s][info][gc,heap        ] GC(865) ParOldGen: 31153K->31153K(699392K)
[313.081s][info][gc,metaspace   ] GC(865) Metaspace: 23823K(24832K)->23823K(24832K) NonClass: 20895K(21504K)->20895K(21504K) Class: 2927K(3328K)->2927K(3328K)
[313.082s][info][gc             ] GC(865) Pause Young (Allocation Failure) 313M->30M(994M) 0.793ms
[313.082s][info][gc,cpu         ] GC(865) User=0.00s Sys=0.00s Real=0.00s
[314.852s][info][gc,start       ] GC(866) Pause Young (Allocation Failure)
[314.863s][info][gc,heap        ] GC(866) PSYoungGen: 290304K->26765K(309760K)
[314.863s][info][gc,heap        ] GC(866) ParOldGen: 31153K->31153K(699392K)
[314.863s][info][gc,metaspace   ] GC(866) Metaspace: 23823K(24832K)->23823K(24832K) NonClass: 20895K(21504K)->20895K(21504K) Class: 2927K(3328K)->2927K(3328K)
[314.863s][info][gc             ] GC(866) Pause Young (Allocation Failure) 313M->56M(985M) 11.538ms
[314.863s][info][gc,cpu         ] GC(866) User=0.02s Sys=0.00s Real=0.02s
[314.921s][info][gc,start       ] GC(867) Pause Young (Allocation Failure)
[314.937s][info][gc,heap        ] GC(867) PSYoungGen: 309389K->0K(315904K)
[314.937s][info][gc,heap        ] GC(867) ParOldGen: 31153K->57886K(699392K)
[314.937s][info][gc,metaspace   ] GC(867) Metaspace: 23823K(24832K)->23823K(24832K) NonClass: 20895K(21504K)->20895K(21504K) Class: 2927K(3328K)->2927K(3328K)
[314.937s][info][gc             ] GC(867) Pause Young (Allocation Failure) 332M->56M(991M) 16.553ms
[314.937s][info][gc,cpu         ] GC(867) User=0.08s Sys=0.00s Real=0.02s
[314.994s][info][gc,start       ] GC(868) Pause Young (Allocation Failure)
[314.995s][info][gc,heap        ] GC(868) PSYoungGen: 282624K->0K(318976K)
[314.995s][info][gc,heap        ] GC(868) ParOldGen: 57886K->57886K(699392K)
[314.995s][info][gc,metaspace   ] GC(868) Metaspace: 23823K(24832K)->23823K(24832K) NonClass: 20895K(21504K)->20895K(21504K) Class: 2927K(3328K)->2927K(3328K)
[314.995s][info][gc             ] GC(868) Pause Young (Allocation Failure) 332M->56M(994M) 0.565ms
[314.995s][info][gc,cpu         ] GC(868) User=0.00s Sys=0.00s Real=0.00s
[315.053s][info][gc,start       ] GC(869) Pause Young (Allocation Failure)
[315.053s][info][gc,heap        ] GC(869) PSYoungGen: 287232K->0K(317440K)
[315.053s][info][gc,heap        ] GC(869) ParOldGen: 57886K->57886K(699392K)
[315.054s][info][gc,metaspace   ] GC(869) Metaspace: 23823K(24832K)->23823K(24832K) NonClass: 20895K(21504K)->20895K(21504K) Class: 2927K(3328K)->2927K(3328K)
[315.054s][info][gc             ] GC(869) Pause Young (Allocation Failure) 337M->56M(993M) 0.731ms
[315.054s][info][gc,cpu         ] GC(869) User=0.00s Sys=0.00s Real=0.00s
[315.111s][info][gc,start       ] GC(870) Pause Young (Allocation Failure)
[315.112s][info][gc,heap        ] GC(870) PSYoungGen: 287232K->0K(322048K)
[315.112s][info][gc,heap        ] GC(870) ParOldGen: 57886K->57886K(699392K)
[315.112s][info][gc,metaspace   ] GC(870) Metaspace: 23823K(24832K)->23823K(24832K) NonClass: 20895K(21504K)->20895K(21504K) Class: 2927K(3328K)->2927K(3328K)
[315.112s][info][gc             ] GC(870) Pause Young (Allocation Failure) 337M->56M(997M) 0.633ms
[315.112s][info][gc,cpu         ] GC(870) User=0.00s Sys=0.00s Real=0.00s
[315.146s][info][gc,start       ] GC(871) Pause Young (System.gc())
[315.147s][info][gc,heap        ] GC(871) PSYoungGen: 93871K->678K(320512K)
[315.147s][info][gc,heap        ] GC(871) ParOldGen: 57886K->57886K(699392K)
[315.147s][info][gc,metaspace   ] GC(871) Metaspace: 23823K(24832K)->23823K(24832K) NonClass: 20895K(21504K)->20895K(21504K) Class: 2927K(3328K)->2927K(3328K)
[315.147s][info][gc             ] GC(871) Pause Young (System.gc()) 148M->57M(996M) 1.183ms
[315.147s][info][gc,cpu         ] GC(871) User=0.00s Sys=0.00s Real=0.00s
[315.147s][info][gc,start       ] GC(872) Pause Full (System.gc())
[315.147s][info][gc,phases,start] GC(872) Marking Phase
[315.152s][info][gc,phases      ] GC(872) Marking Phase 4.746ms
[315.152s][info][gc,phases,start] GC(872) Summary Phase
[315.152s][info][gc,phases      ] GC(872) Summary Phase 0.009ms
[315.152s][info][gc,phases,start] GC(872) Adjust Roots
[315.155s][info][gc,phases      ] GC(872) Adjust Roots 2.543ms
[315.155s][info][gc,phases,start] GC(872) Compaction Phase
[315.157s][info][gc,phases      ] GC(872) Compaction Phase 2.483ms
[315.157s][info][gc,phases,start] GC(872) Post Compact
[315.157s][info][gc,phases      ] GC(872) Post Compact 0.337ms
[315.157s][info][gc,heap        ] GC(872) PSYoungGen: 678K->0K(320512K)
[315.157s][info][gc,heap        ] GC(872) ParOldGen: 57886K->4985K(699392K)
[315.157s][info][gc,metaspace   ] GC(872) Metaspace: 23823K(24832K)->23823K(24832K) NonClass: 20895K(21504K)->20895K(21504K) Class: 2927K(3328K)->2927K(3328K)
[315.158s][info][gc             ] GC(872) Pause Full (System.gc()) 57M->4M(996M) 10.347ms
[315.158s][info][gc,cpu         ] GC(872) User=0.00s Sys=0.00s Real=0.00s
[316.916s][info][gc,start       ] GC(873) Pause Young (Allocation Failure)
[316.927s][info][gc,heap        ] GC(873) PSYoungGen: 293376K->25589K(311296K)
[316.927s][info][gc,heap        ] GC(873) ParOldGen: 4985K->5489K(699392K)
[316.927s][info][gc,metaspace   ] GC(873) Metaspace: 23823K(24832K)->23823K(24832K) NonClass: 20895K(21504K)->20895K(21504K) Class: 2927K(3328K)->2927K(3328K)
[316.927s][info][gc             ] GC(873) Pause Young (Allocation Failure) 291M->30M(987M) 11.107ms
[316.927s][info][gc,cpu         ] GC(873) User=0.02s Sys=0.00s Real=0.01s
[316.985s][info][gc,start       ] GC(874) Pause Young (Allocation Failure)
[317.002s][info][gc,heap        ] GC(874) PSYoungGen: 311285K->0K(317440K)
[317.002s][info][gc,heap        ] GC(874) ParOldGen: 5489K->31169K(699392K)
[317.002s][info][gc,metaspace   ] GC(874) Metaspace: 23823K(24832K)->23823K(24832K) NonClass: 20895K(21504K)->20895K(21504K) Class: 2927K(3328K)->2927K(3328K)
[317.002s][info][gc             ] GC(874) Pause Young (Allocation Failure) 309M->30M(993M) 16.360ms
[317.002s][info][gc,cpu         ] GC(874) User=0.06s Sys=0.00s Real=0.02s
[317.059s][info][gc,start       ] GC(875) Pause Young (Allocation Failure)
[317.060s][info][gc,heap        ] GC(875) PSYoungGen: 285696K->0K(320512K)
[317.060s][info][gc,heap        ] GC(875) ParOldGen: 31169K->31169K(699392K)
[317.060s][info][gc,metaspace   ] GC(875) Metaspace: 23823K(24832K)->23823K(24832K) NonClass: 20895K(21504K)->20895K(21504K) Class: 2927K(3328K)->2927K(3328K)
[317.060s][info][gc             ] GC(875) Pause Young (Allocation Failure) 309M->30M(996M) 0.717ms
[317.060s][info][gc,cpu         ] GC(875) User=0.00s Sys=0.00s Real=0.01s
[317.119s][info][gc,start       ] GC(876) Pause Young (Allocation Failure)
[317.119s][info][gc,heap        ] GC(876) PSYoungGen: 290304K->0K(318976K)
[317.119s][info][gc,heap        ] GC(876) ParOldGen: 31169K->31169K(699392K)
[317.119s][info][gc,metaspace   ] GC(876) Metaspace: 23823K(24832K)->23823K(24832K) NonClass: 20895K(21504K)->20895K(21504K) Class: 2927K(3328K)->2927K(3328K)
[317.119s][info][gc             ] GC(876) Pause Young (Allocation Failure) 313M->30M(994M) 0.595ms
[317.119s][info][gc,cpu         ] GC(876) User=0.00s Sys=0.00s Real=0.00s
[318.886s][info][gc,start       ] GC(877) Pause Young (Allocation Failure)
[318.898s][info][gc,heap        ] GC(877) PSYoungGen: 290304K->26733K(309760K)
[318.898s][info][gc,heap        ] GC(877) ParOldGen: 31169K->31169K(699392K)
[318.898s][info][gc,metaspace   ] GC(877) Metaspace: 23823K(24832K)->23823K(24832K) NonClass: 20895K(21504K)->20895K(21504K) Class: 2927K(3328K)->2927K(3328K)
[318.898s][info][gc             ] GC(877) Pause Young (Allocation Failure) 313M->56M(985M) 12.131ms
[318.898s][info][gc,cpu         ] GC(877) User=0.02s Sys=0.00s Real=0.02s
[318.955s][info][gc,start       ] GC(878) Pause Young (Allocation Failure)
[318.972s][info][gc,heap        ] GC(878) PSYoungGen: 309357K->0K(315904K)
[318.972s][info][gc,heap        ] GC(878) ParOldGen: 31169K->57918K(699392K)
[318.972s][info][gc,metaspace   ] GC(878) Metaspace: 23823K(24832K)->23823K(24832K) NonClass: 20895K(21504K)->20895K(21504K) Class: 2927K(3328K)->2927K(3328K)
[318.972s][info][gc             ] GC(878) Pause Young (Allocation Failure) 332M->56M(991M) 16.435ms
[318.972s][info][gc,cpu         ] GC(878) User=0.05s Sys=0.00s Real=0.02s
[319.029s][info][gc,start       ] GC(879) Pause Young (Allocation Failure)
[319.030s][info][gc,heap        ] GC(879) PSYoungGen: 282624K->0K(318976K)
[319.030s][info][gc,heap        ] GC(879) ParOldGen: 57918K->57918K(699392K)
[319.030s][info][gc,metaspace   ] GC(879) Metaspace: 23823K(24832K)->23823K(24832K) NonClass: 20895K(21504K)->20895K(21504K) Class: 2927K(3328K)->2927K(3328K)
[319.030s][info][gc             ] GC(879) Pause Young (Allocation Failure) 332M->56M(994M) 0.639ms
[319.030s][info][gc,cpu         ] GC(879) User=0.00s Sys=0.00s Real=0.00s
[319.088s][info][gc,start       ] GC(880) Pause Young (Allocation Failure)
[319.088s][info][gc,heap        ] GC(880) PSYoungGen: 287232K->0K(317440K)
[319.088s][info][gc,heap        ] GC(880) ParOldGen: 57918K->57918K(699392K)
[319.089s][info][gc,metaspace   ] GC(880) Metaspace: 23823K(24832K)->23823K(24832K) NonClass: 20895K(21504K)->20895K(21504K) Class: 2927K(3328K)->2927K(3328K)
[319.089s][info][gc             ] GC(880) Pause Young (Allocation Failure) 337M->56M(993M) 0.855ms
[319.089s][info][gc,cpu         ] GC(880) User=0.00s Sys=0.00s Real=0.00s
[319.146s][info][gc,start       ] GC(881) Pause Young (Allocation Failure)
[319.147s][info][gc,heap        ] GC(881) PSYoungGen: 287232K->0K(322048K)
[319.147s][info][gc,heap        ] GC(881) ParOldGen: 57918K->57918K(699392K)
[319.147s][info][gc,metaspace   ] GC(881) Metaspace: 23823K(24832K)->23823K(24832K) NonClass: 20895K(21504K)->20895K(21504K) Class: 2927K(3328K)->2927K(3328K)
[319.147s][info][gc             ] GC(881) Pause Young (Allocation Failure) 337M->56M(997M) 0.626ms
[319.147s][info][gc,cpu         ] GC(881) User=0.00s Sys=0.00s Real=0.00s
[319.182s][info][gc,start       ] GC(882) Pause Young (System.gc())
[319.183s][info][gc,heap        ] GC(882) PSYoungGen: 93871K->678K(320512K)
[319.183s][info][gc,heap        ] GC(882) ParOldGen: 57918K->57918K(699392K)
[319.183s][info][gc,metaspace   ] GC(882) Metaspace: 23823K(24832K)->23823K(24832K) NonClass: 20895K(21504K)->20895K(21504K) Class: 2927K(3328K)->2927K(3328K)
[319.183s][info][gc             ] GC(882) Pause Young (System.gc()) 148M->57M(996M) 1.079ms
[319.183s][info][gc,cpu         ] GC(882) User=0.00s Sys=0.00s Real=0.00s
[319.183s][info][gc,start       ] GC(883) Pause Full (System.gc())
[319.183s][info][gc,phases,start] GC(883) Marking Phase
[319.188s][info][gc,phases      ] GC(883) Marking Phase 4.711ms
[319.188s][info][gc,phases,start] GC(883) Summary Phase
[319.188s][info][gc,phases      ] GC(883) Summary Phase 0.010ms
[319.188s][info][gc,phases,start] GC(883) Adjust Roots
[319.191s][info][gc,phases      ] GC(883) Adjust Roots 2.578ms
[319.191s][info][gc,phases,start] GC(883) Compaction Phase
[319.194s][info][gc,phases      ] GC(883) Compaction Phase 2.949ms
[319.194s][info][gc,phases,start] GC(883) Post Compact
[319.194s][info][gc,phases      ] GC(883) Post Compact 0.338ms
[319.194s][info][gc,heap        ] GC(883) PSYoungGen: 678K->0K(320512K)
[319.194s][info][gc,heap        ] GC(883) ParOldGen: 57918K->4985K(699392K)
[319.194s][info][gc,metaspace   ] GC(883) Metaspace: 23823K(24832K)->23823K(24832K) NonClass: 20895K(21504K)->20895K(21504K) Class: 2927K(3328K)->2927K(3328K)
[319.194s][info][gc             ] GC(883) Pause Full (System.gc()) 57M->4M(996M) 10.818ms
[319.194s][info][gc,cpu         ] GC(883) User=0.00s Sys=0.00s Real=0.00s
[320.953s][info][gc,start       ] GC(884) Pause Young (Allocation Failure)
[320.965s][info][gc,heap        ] GC(884) PSYoungGen: 293376K->25589K(311296K)
[320.965s][info][gc,heap        ] GC(884) ParOldGen: 4985K->5481K(699392K)
[320.965s][info][gc,metaspace   ] GC(884) Metaspace: 23823K(24832K)->23823K(24832K) NonClass: 20896K(21504K)->20896K(21504K) Class: 2927K(3328K)->2927K(3328K)
[320.965s][info][gc             ] GC(884) Pause Young (Allocation Failure) 291M->30M(987M) 11.283ms
[320.965s][info][gc,cpu         ] GC(884) User=0.02s Sys=0.00s Real=0.01s
[321.023s][info][gc,start       ] GC(885) Pause Young (Allocation Failure)
[321.039s][info][gc,heap        ] GC(885) PSYoungGen: 311285K->0K(317440K)
[321.039s][info][gc,heap        ] GC(885) ParOldGen: 5481K->31153K(699392K)
[321.039s][info][gc,metaspace   ] GC(885) Metaspace: 23823K(24832K)->23823K(24832K) NonClass: 20896K(21504K)->20896K(21504K) Class: 2927K(3328K)->2927K(3328K)
[321.039s][info][gc             ] GC(885) Pause Young (Allocation Failure) 309M->30M(993M) 15.877ms
[321.039s][info][gc,cpu         ] GC(885) User=0.02s Sys=0.00s Real=0.02s
[321.097s][info][gc,start       ] GC(886) Pause Young (Allocation Failure)
[321.098s][info][gc,heap        ] GC(886) PSYoungGen: 285696K->0K(320512K)
[321.098s][info][gc,heap        ] GC(886) ParOldGen: 31153K->31153K(699392K)
[321.098s][info][gc,metaspace   ] GC(886) Metaspace: 23823K(24832K)->23823K(24832K) NonClass: 20896K(21504K)->20896K(21504K) Class: 2927K(3328K)->2927K(3328K)
[321.098s][info][gc             ] GC(886) Pause Young (Allocation Failure) 309M->30M(996M) 0.664ms
[321.098s][info][gc,cpu         ] GC(886) User=0.00s Sys=0.00s Real=0.00s
[321.156s][info][gc,start       ] GC(887) Pause Young (Allocation Failure)
[321.157s][info][gc,heap        ] GC(887) PSYoungGen: 290304K->0K(318976K)
[321.157s][info][gc,heap        ] GC(887) ParOldGen: 31153K->31153K(699392K)
[321.157s][info][gc,metaspace   ] GC(887) Metaspace: 23823K(24832K)->23823K(24832K) NonClass: 20896K(21504K)->20896K(21504K) Class: 2927K(3328K)->2927K(3328K)
[321.157s][info][gc             ] GC(887) Pause Young (Allocation Failure) 313M->30M(994M) 0.656ms
[321.157s][info][gc,cpu         ] GC(887) User=0.00s Sys=0.00s Real=0.00s
[322.929s][info][gc,start       ] GC(888) Pause Young (Allocation Failure)
[322.940s][info][gc,heap        ] GC(888) PSYoungGen: 290304K->26765K(309760K)
[322.940s][info][gc,heap        ] GC(888) ParOldGen: 31153K->31153K(699392K)
[322.940s][info][gc,metaspace   ] GC(888) Metaspace: 23823K(24832K)->23823K(24832K) NonClass: 20896K(21504K)->20896K(21504K) Class: 2927K(3328K)->2927K(3328K)
[322.940s][info][gc             ] GC(888) Pause Young (Allocation Failure) 313M->56M(985M) 11.580ms
[322.940s][info][gc,cpu         ] GC(888) User=0.02s Sys=0.00s Real=0.02s
[322.998s][info][gc,start       ] GC(889) Pause Young (Allocation Failure)
[323.014s][info][gc,heap        ] GC(889) PSYoungGen: 309389K->0K(315904K)
[323.014s][info][gc,heap        ] GC(889) ParOldGen: 31153K->57894K(699392K)
[323.014s][info][gc,metaspace   ] GC(889) Metaspace: 23823K(24832K)->23823K(24832K) NonClass: 20896K(21504K)->20896K(21504K) Class: 2927K(3328K)->2927K(3328K)
[323.014s][info][gc             ] GC(889) Pause Young (Allocation Failure) 332M->56M(991M) 16.054ms
[323.014s][info][gc,cpu         ] GC(889) User=0.02s Sys=0.00s Real=0.02s
[323.071s][info][gc,start       ] GC(890) Pause Young (Allocation Failure)
[323.073s][info][gc,heap        ] GC(890) PSYoungGen: 282624K->0K(318976K)
[323.073s][info][gc,heap        ] GC(890) ParOldGen: 57894K->57894K(699392K)
[323.073s][info][gc,metaspace   ] GC(890) Metaspace: 23823K(24832K)->23823K(24832K) NonClass: 20896K(21504K)->20896K(21504K) Class: 2927K(3328K)->2927K(3328K)
[323.073s][info][gc             ] GC(890) Pause Young (Allocation Failure) 332M->56M(994M) 1.131ms
[323.073s][info][gc,cpu         ] GC(890) User=0.00s Sys=0.00s Real=0.01s
[323.130s][info][gc,start       ] GC(891) Pause Young (Allocation Failure)
[323.131s][info][gc,heap        ] GC(891) PSYoungGen: 287232K->0K(317440K)
[323.131s][info][gc,heap        ] GC(891) ParOldGen: 57894K->57894K(699392K)
[323.131s][info][gc,metaspace   ] GC(891) Metaspace: 23823K(24832K)->23823K(24832K) NonClass: 20896K(21504K)->20896K(21504K) Class: 2927K(3328K)->2927K(3328K)
[323.131s][info][gc             ] GC(891) Pause Young (Allocation Failure) 337M->56M(993M) 0.830ms
[323.131s][info][gc,cpu         ] GC(891) User=0.00s Sys=0.00s Real=0.00s
[323.190s][info][gc,start       ] GC(892) Pause Young (Allocation Failure)
[323.191s][info][gc,heap        ] GC(892) PSYoungGen: 287232K->0K(322048K)
[323.191s][info][gc,heap        ] GC(892) ParOldGen: 57894K->57894K(699392K)
[323.191s][info][gc,metaspace   ] GC(892) Metaspace: 23823K(24832K)->23823K(24832K) NonClass: 20896K(21504K)->20896K(21504K) Class: 2927K(3328K)->2927K(3328K)
[323.191s][info][gc             ] GC(892) Pause Young (Allocation Failure) 337M->56M(997M) 0.975ms
[323.191s][info][gc,cpu         ] GC(892) User=0.00s Sys=0.00s Real=0.00s
[323.225s][info][gc,start       ] GC(893) Pause Young (System.gc())
[323.226s][info][gc,heap        ] GC(893) PSYoungGen: 93871K->646K(320512K)
[323.226s][info][gc,heap        ] GC(893) ParOldGen: 57894K->57894K(699392K)
[323.226s][info][gc,metaspace   ] GC(893) Metaspace: 23823K(24832K)->23823K(24832K) NonClass: 20896K(21504K)->20896K(21504K) Class: 2927K(3328K)->2927K(3328K)
[323.226s][info][gc             ] GC(893) Pause Young (System.gc()) 148M->57M(996M) 1.130ms
[323.226s][info][gc,cpu         ] GC(893) User=0.00s Sys=0.00s Real=0.00s
[323.226s][info][gc,start       ] GC(894) Pause Full (System.gc())
[323.226s][info][gc,phases,start] GC(894) Marking Phase
[323.231s][info][gc,phases      ] GC(894) Marking Phase 4.865ms
[323.231s][info][gc,phases,start] GC(894) Summary Phase
[323.231s][info][gc,phases      ] GC(894) Summary Phase 0.009ms
[323.231s][info][gc,phases,start] GC(894) Adjust Roots
[323.234s][info][gc,phases      ] GC(894) Adjust Roots 2.526ms
[323.234s][info][gc,phases,start] GC(894) Compaction Phase
[323.237s][info][gc,phases      ] GC(894) Compaction Phase 2.770ms
[323.237s][info][gc,phases,start] GC(894) Post Compact
[323.237s][info][gc,phases      ] GC(894) Post Compact 0.285ms
[323.237s][info][gc,heap        ] GC(894) PSYoungGen: 646K->0K(320512K)
[323.237s][info][gc,heap        ] GC(894) ParOldGen: 57894K->4985K(699392K)
[323.237s][info][gc,metaspace   ] GC(894) Metaspace: 23823K(24832K)->23823K(24832K) NonClass: 20896K(21504K)->20896K(21504K) Class: 2927K(3328K)->2927K(3328K)
[323.237s][info][gc             ] GC(894) Pause Full (System.gc()) 57M->4M(996M) 10.677ms
[323.237s][info][gc,cpu         ] GC(894) User=0.00s Sys=0.00s Real=0.01s
[324.999s][info][gc,start       ] GC(895) Pause Young (Allocation Failure)
[325.010s][info][gc,heap        ] GC(895) PSYoungGen: 293376K->25575K(311296K)
[325.010s][info][gc,heap        ] GC(895) ParOldGen: 4985K->5513K(699392K)
[325.010s][info][gc,metaspace   ] GC(895) Metaspace: 23823K(24832K)->23823K(24832K) NonClass: 20896K(21504K)->20896K(21504K) Class: 2927K(3328K)->2927K(3328K)
[325.010s][info][gc             ] GC(895) Pause Young (Allocation Failure) 291M->30M(987M) 11.418ms
[325.010s][info][gc,cpu         ] GC(895) User=0.02s Sys=0.00s Real=0.02s
[325.069s][info][gc,start       ] GC(896) Pause Young (Allocation Failure)
[325.085s][info][gc,heap        ] GC(896) PSYoungGen: 311271K->0K(317440K)
[325.086s][info][gc,heap        ] GC(896) ParOldGen: 5513K->31185K(699392K)
[325.086s][info][gc,metaspace   ] GC(896) Metaspace: 23823K(24832K)->23823K(24832K) NonClass: 20896K(21504K)->20896K(21504K) Class: 2927K(3328K)->2927K(3328K)
[325.086s][info][gc             ] GC(896) Pause Young (Allocation Failure) 309M->30M(993M) 16.581ms
[325.086s][info][gc,cpu         ] GC(896) User=0.08s Sys=0.00s Real=0.02s
[325.143s][info][gc,start       ] GC(897) Pause Young (Allocation Failure)
[325.144s][info][gc,heap        ] GC(897) PSYoungGen: 285696K->0K(320512K)
[325.144s][info][gc,heap        ] GC(897) ParOldGen: 31185K->31185K(699392K)
[325.144s][info][gc,metaspace   ] GC(897) Metaspace: 23823K(24832K)->23823K(24832K) NonClass: 20896K(21504K)->20896K(21504K) Class: 2927K(3328K)->2927K(3328K)
[325.144s][info][gc             ] GC(897) Pause Young (Allocation Failure) 309M->30M(996M) 0.582ms
[325.144s][info][gc,cpu         ] GC(897) User=0.00s Sys=0.00s Real=0.00s
[325.202s][info][gc,start       ] GC(898) Pause Young (Allocation Failure)
[325.203s][info][gc,heap        ] GC(898) PSYoungGen: 290304K->0K(318976K)
[325.203s][info][gc,heap        ] GC(898) ParOldGen: 31185K->31185K(699392K)
[325.203s][info][gc,metaspace   ] GC(898) Metaspace: 23823K(24832K)->23823K(24832K) NonClass: 20896K(21504K)->20896K(21504K) Class: 2927K(3328K)->2927K(3328K)
[325.203s][info][gc             ] GC(898) Pause Young (Allocation Failure) 313M->30M(994M) 0.780ms
[325.203s][info][gc,cpu         ] GC(898) User=0.00s Sys=0.00s Real=0.00s
[326.978s][info][gc,start       ] GC(899) Pause Young (Allocation Failure)
[326.991s][info][gc,heap        ] GC(899) PSYoungGen: 290304K->26733K(309760K)
[326.991s][info][gc,heap        ] GC(899) ParOldGen: 31185K->31185K(699392K)
[326.991s][info][gc,metaspace   ] GC(899) Metaspace: 23823K(24832K)->23823K(24832K) NonClass: 20896K(21504K)->20896K(21504K) Class: 2927K(3328K)->2927K(3328K)
[326.991s][info][gc             ] GC(899) Pause Young (Allocation Failure) 313M->56M(985M) 13.205ms
[326.991s][info][gc,cpu         ] GC(899) User=0.00s Sys=0.00s Real=0.01s
[327.048s][info][gc,start       ] GC(900) Pause Young (Allocation Failure)
[327.064s][info][gc,heap        ] GC(900) PSYoungGen: 309357K->0K(315904K)
[327.064s][info][gc,heap        ] GC(900) ParOldGen: 31185K->57926K(699392K)
[327.064s][info][gc,metaspace   ] GC(900) Metaspace: 23823K(24832K)->23823K(24832K) NonClass: 20896K(21504K)->20896K(21504K) Class: 2927K(3328K)->2927K(3328K)
[327.064s][info][gc             ] GC(900) Pause Young (Allocation Failure) 332M->56M(991M) 16.147ms
[327.064s][info][gc,cpu         ] GC(900) User=0.03s Sys=0.00s Real=0.01s
[327.122s][info][gc,start       ] GC(901) Pause Young (Allocation Failure)
[327.122s][info][gc,heap        ] GC(901) PSYoungGen: 282624K->0K(318976K)
[327.122s][info][gc,heap        ] GC(901) ParOldGen: 57926K->57926K(699392K)
[327.122s][info][gc,metaspace   ] GC(901) Metaspace: 23823K(24832K)->23823K(24832K) NonClass: 20896K(21504K)->20896K(21504K) Class: 2927K(3328K)->2927K(3328K)
[327.122s][info][gc             ] GC(901) Pause Young (Allocation Failure) 332M->56M(994M) 0.776ms
[327.122s][info][gc,cpu         ] GC(901) User=0.00s Sys=0.00s Real=0.01s
[327.180s][info][gc,start       ] GC(902) Pause Young (Allocation Failure)
[327.181s][info][gc,heap        ] GC(902) PSYoungGen: 287232K->0K(317440K)
[327.181s][info][gc,heap        ] GC(902) ParOldGen: 57926K->57926K(699392K)
[327.181s][info][gc,metaspace   ] GC(902) Metaspace: 23823K(24832K)->23823K(24832K) NonClass: 20896K(21504K)->20896K(21504K) Class: 2927K(3328K)->2927K(3328K)
[327.181s][info][gc             ] GC(902) Pause Young (Allocation Failure) 337M->56M(993M) 0.835ms
[327.181s][info][gc,cpu         ] GC(902) User=0.00s Sys=0.00s Real=0.00s
[327.239s][info][gc,start       ] GC(903) Pause Young (Allocation Failure)
[327.240s][info][gc,heap        ] GC(903) PSYoungGen: 287232K->0K(322048K)
[327.240s][info][gc,heap        ] GC(903) ParOldGen: 57926K->57926K(699392K)
[327.240s][info][gc,metaspace   ] GC(903) Metaspace: 23823K(24832K)->23823K(24832K) NonClass: 20896K(21504K)->20896K(21504K) Class: 2927K(3328K)->2927K(3328K)
[327.240s][info][gc             ] GC(903) Pause Young (Allocation Failure) 337M->56M(997M) 0.620ms
[327.240s][info][gc,cpu         ] GC(903) User=0.00s Sys=0.00s Real=0.00s
[327.275s][info][gc,start       ] GC(904) Pause Young (System.gc())
[327.276s][info][gc,heap        ] GC(904) PSYoungGen: 93871K->646K(320512K)
[327.276s][info][gc,heap        ] GC(904) ParOldGen: 57926K->57926K(699392K)
[327.276s][info][gc,metaspace   ] GC(904) Metaspace: 23823K(24832K)->23823K(24832K) NonClass: 20896K(21504K)->20896K(21504K) Class: 2927K(3328K)->2927K(3328K)
[327.276s][info][gc             ] GC(904) Pause Young (System.gc()) 148M->57M(996M) 1.007ms
[327.276s][info][gc,cpu         ] GC(904) User=0.03s Sys=0.00s Real=0.01s
[327.276s][info][gc,start       ] GC(905) Pause Full (System.gc())
[327.276s][info][gc,phases,start] GC(905) Marking Phase
[327.280s][info][gc,phases      ] GC(905) Marking Phase 4.438ms
[327.280s][info][gc,phases,start] GC(905) Summary Phase
[327.280s][info][gc,phases      ] GC(905) Summary Phase 0.009ms
[327.280s][info][gc,phases,start] GC(905) Adjust Roots
[327.283s][info][gc,phases      ] GC(905) Adjust Roots 2.717ms
[327.283s][info][gc,phases,start] GC(905) Compaction Phase
[327.285s][info][gc,phases      ] GC(905) Compaction Phase 2.246ms
[327.285s][info][gc,phases,start] GC(905) Post Compact
[327.286s][info][gc,phases      ] GC(905) Post Compact 0.345ms
[327.286s][info][gc,heap        ] GC(905) PSYoungGen: 646K->0K(320512K)
[327.286s][info][gc,heap        ] GC(905) ParOldGen: 57926K->4985K(699392K)
[327.286s][info][gc,metaspace   ] GC(905) Metaspace: 23823K(24832K)->23823K(24832K) NonClass: 20896K(21504K)->20896K(21504K) Class: 2927K(3328K)->2927K(3328K)
[327.286s][info][gc             ] GC(905) Pause Full (System.gc()) 57M->4M(996M) 9.999ms
[327.286s][info][gc,cpu         ] GC(905) User=0.00s Sys=0.00s Real=0.00s
[329.043s][info][gc,start       ] GC(906) Pause Young (Allocation Failure)
[329.055s][info][gc,heap        ] GC(906) PSYoungGen: 293376K->25589K(311296K)
[329.055s][info][gc,heap        ] GC(906) ParOldGen: 4985K->5497K(699392K)
[329.055s][info][gc,metaspace   ] GC(906) Metaspace: 23823K(24832K)->23823K(24832K) NonClass: 20896K(21504K)->20896K(21504K) Class: 2927K(3328K)->2927K(3328K)
[329.055s][info][gc             ] GC(906) Pause Young (Allocation Failure) 291M->30M(987M) 11.695ms
[329.055s][info][gc,cpu         ] GC(906) User=0.02s Sys=0.00s Real=0.02s
[329.113s][info][gc,start       ] GC(907) Pause Young (Allocation Failure)
[329.129s][info][gc,heap        ] GC(907) PSYoungGen: 311285K->0K(317440K)
[329.129s][info][gc,heap        ] GC(907) ParOldGen: 5497K->31185K(699392K)
[329.129s][info][gc,metaspace   ] GC(907) Metaspace: 23823K(24832K)->23823K(24832K) NonClass: 20896K(21504K)->20896K(21504K) Class: 2927K(3328K)->2927K(3328K)
[329.129s][info][gc             ] GC(907) Pause Young (Allocation Failure) 309M->30M(993M) 15.953ms
[329.129s][info][gc,cpu         ] GC(907) User=0.02s Sys=0.00s Real=0.02s
[329.187s][info][gc,start       ] GC(908) Pause Young (Allocation Failure)
[329.187s][info][gc,heap        ] GC(908) PSYoungGen: 285696K->0K(320512K)
[329.187s][info][gc,heap        ] GC(908) ParOldGen: 31185K->31185K(699392K)
[329.187s][info][gc,metaspace   ] GC(908) Metaspace: 23823K(24832K)->23823K(24832K) NonClass: 20896K(21504K)->20896K(21504K) Class: 2927K(3328K)->2927K(3328K)
[329.187s][info][gc             ] GC(908) Pause Young (Allocation Failure) 309M->30M(996M) 0.557ms
[329.187s][info][gc,cpu         ] GC(908) User=0.00s Sys=0.00s Real=0.00s
[329.246s][info][gc,start       ] GC(909) Pause Young (Allocation Failure)
[329.246s][info][gc,heap        ] GC(909) PSYoungGen: 290304K->0K(318976K)
[329.246s][info][gc,heap        ] GC(909) ParOldGen: 31185K->31185K(699392K)
[329.246s][info][gc,metaspace   ] GC(909) Metaspace: 23823K(24832K)->23823K(24832K) NonClass: 20896K(21504K)->20896K(21504K) Class: 2927K(3328K)->2927K(3328K)
[329.246s][info][gc             ] GC(909) Pause Young (Allocation Failure) 313M->30M(994M) 0.552ms
[329.246s][info][gc,cpu         ] GC(909) User=0.00s Sys=0.00s Real=0.00s
[331.022s][info][gc,start       ] GC(910) Pause Young (Allocation Failure)
[331.033s][info][gc,heap        ] GC(910) PSYoungGen: 290304K->26765K(309760K)
[331.033s][info][gc,heap        ] GC(910) ParOldGen: 31185K->31185K(699392K)
[331.033s][info][gc,metaspace   ] GC(910) Metaspace: 23823K(24832K)->23823K(24832K) NonClass: 20896K(21504K)->20896K(21504K) Class: 2927K(3328K)->2927K(3328K)
[331.033s][info][gc             ] GC(910) Pause Young (Allocation Failure) 313M->56M(985M) 11.626ms
[331.033s][info][gc,cpu         ] GC(910) User=0.03s Sys=0.00s Real=0.02s
[331.091s][info][gc,start       ] GC(911) Pause Young (Allocation Failure)
[331.107s][info][gc,heap        ] GC(911) PSYoungGen: 309389K->0K(315904K)
[331.107s][info][gc,heap        ] GC(911) ParOldGen: 31185K->57926K(699392K)
[331.107s][info][gc,metaspace   ] GC(911) Metaspace: 23823K(24832K)->23823K(24832K) NonClass: 20896K(21504K)->20896K(21504K) Class: 2927K(3328K)->2927K(3328K)
[331.107s][info][gc             ] GC(911) Pause Young (Allocation Failure) 332M->56M(991M) 15.764ms
[331.107s][info][gc,cpu         ] GC(911) User=0.02s Sys=0.00s Real=0.01s
[331.164s][info][gc,start       ] GC(912) Pause Young (Allocation Failure)
[331.164s][info][gc,heap        ] GC(912) PSYoungGen: 282624K->0K(318976K)
[331.164s][info][gc,heap        ] GC(912) ParOldGen: 57926K->57926K(699392K)
[331.164s][info][gc,metaspace   ] GC(912) Metaspace: 23823K(24832K)->23823K(24832K) NonClass: 20896K(21504K)->20896K(21504K) Class: 2927K(3328K)->2927K(3328K)
[331.164s][info][gc             ] GC(912) Pause Young (Allocation Failure) 332M->56M(994M) 0.713ms
[331.164s][info][gc,cpu         ] GC(912) User=0.00s Sys=0.00s Real=0.00s
[331.222s][info][gc,start       ] GC(913) Pause Young (Allocation Failure)
[331.223s][info][gc,heap        ] GC(913) PSYoungGen: 287232K->0K(317440K)
[331.223s][info][gc,heap        ] GC(913) ParOldGen: 57926K->57926K(699392K)
[331.223s][info][gc,metaspace   ] GC(913) Metaspace: 23823K(24832K)->23823K(24832K) NonClass: 20896K(21504K)->20896K(21504K) Class: 2927K(3328K)->2927K(3328K)
[331.223s][info][gc             ] GC(913) Pause Young (Allocation Failure) 337M->56M(993M) 0.623ms
[331.223s][info][gc,cpu         ] GC(913) User=0.00s Sys=0.00s Real=0.00s
[331.281s][info][gc,start       ] GC(914) Pause Young (Allocation Failure)
[331.281s][info][gc,heap        ] GC(914) PSYoungGen: 287232K->0K(322048K)
[331.281s][info][gc,heap        ] GC(914) ParOldGen: 57926K->57926K(699392K)
[331.281s][info][gc,metaspace   ] GC(914) Metaspace: 23823K(24832K)->23823K(24832K) NonClass: 20896K(21504K)->20896K(21504K) Class: 2927K(3328K)->2927K(3328K)
[331.282s][info][gc             ] GC(914) Pause Young (Allocation Failure) 337M->56M(997M) 0.765ms
[331.282s][info][gc,cpu         ] GC(914) User=0.00s Sys=0.00s Real=0.00s
[331.316s][info][gc,start       ] GC(915) Pause Young (System.gc())
[331.317s][info][gc,heap        ] GC(915) PSYoungGen: 93871K->678K(320512K)
[331.317s][info][gc,heap        ] GC(915) ParOldGen: 57926K->57926K(699392K)
[331.317s][info][gc,metaspace   ] GC(915) Metaspace: 23823K(24832K)->23823K(24832K) NonClass: 20896K(21504K)->20896K(21504K) Class: 2927K(3328K)->2927K(3328K)
[331.317s][info][gc             ] GC(915) Pause Young (System.gc()) 148M->57M(996M) 1.047ms
[331.317s][info][gc,cpu         ] GC(915) User=0.00s Sys=0.00s Real=0.00s
[331.317s][info][gc,start       ] GC(916) Pause Full (System.gc())
[331.317s][info][gc,phases,start] GC(916) Marking Phase
[331.321s][info][gc,phases      ] GC(916) Marking Phase 4.217ms
[331.321s][info][gc,phases,start] GC(916) Summary Phase
[331.321s][info][gc,phases      ] GC(916) Summary Phase 0.010ms
[331.321s][info][gc,phases,start] GC(916) Adjust Roots
[331.324s][info][gc,phases      ] GC(916) Adjust Roots 2.688ms
[331.324s][info][gc,phases,start] GC(916) Compaction Phase
[331.326s][info][gc,phases      ] GC(916) Compaction Phase 1.649ms
[331.326s][info][gc,phases,start] GC(916) Post Compact
[331.326s][info][gc,phases      ] GC(916) Post Compact 0.359ms
[331.326s][info][gc,heap        ] GC(916) PSYoungGen: 678K->0K(320512K)
[331.326s][info][gc,heap        ] GC(916) ParOldGen: 57926K->4985K(699392K)
[331.326s][info][gc,metaspace   ] GC(916) Metaspace: 23823K(24832K)->23823K(24832K) NonClass: 20896K(21504K)->20896K(21504K) Class: 2927K(3328K)->2927K(3328K)
[331.326s][info][gc             ] GC(916) Pause Full (System.gc()) 57M->4M(996M) 9.147ms
[331.326s][info][gc,cpu         ] GC(916) User=0.00s Sys=0.00s Real=0.00s
[333.085s][info][gc,start       ] GC(917) Pause Young (Allocation Failure)
[333.096s][info][gc,heap        ] GC(917) PSYoungGen: 293376K->25589K(311296K)
[333.096s][info][gc,heap        ] GC(917) ParOldGen: 4985K->5473K(699392K)
[333.096s][info][gc,metaspace   ] GC(917) Metaspace: 23823K(24832K)->23823K(24832K) NonClass: 20896K(21504K)->20896K(21504K) Class: 2927K(3328K)->2927K(3328K)
[333.096s][info][gc             ] GC(917) Pause Young (Allocation Failure) 291M->30M(987M) 10.984ms
[333.096s][info][gc,cpu         ] GC(917) User=0.02s Sys=0.00s Real=0.02s
[333.155s][info][gc,start       ] GC(918) Pause Young (Allocation Failure)
[333.171s][info][gc,heap        ] GC(918) PSYoungGen: 311285K->0K(317440K)
[333.171s][info][gc,heap        ] GC(918) ParOldGen: 5473K->31153K(699392K)
[333.171s][info][gc,metaspace   ] GC(918) Metaspace: 23823K(24832K)->23823K(24832K) NonClass: 20896K(21504K)->20896K(21504K) Class: 2927K(3328K)->2927K(3328K)
[333.171s][info][gc             ] GC(918) Pause Young (Allocation Failure) 309M->30M(993M) 15.960ms
[333.171s][info][gc,cpu         ] GC(918) User=0.02s Sys=0.00s Real=0.02s
[333.229s][info][gc,start       ] GC(919) Pause Young (Allocation Failure)
[333.229s][info][gc,heap        ] GC(919) PSYoungGen: 285696K->0K(320512K)
[333.230s][info][gc,heap        ] GC(919) ParOldGen: 31153K->31153K(699392K)
[333.230s][info][gc,metaspace   ] GC(919) Metaspace: 23823K(24832K)->23823K(24832K) NonClass: 20896K(21504K)->20896K(21504K) Class: 2927K(3328K)->2927K(3328K)
[333.230s][info][gc             ] GC(919) Pause Young (Allocation Failure) 309M->30M(996M) 0.652ms
[333.230s][info][gc,cpu         ] GC(919) User=0.02s Sys=0.00s Real=0.02s
[333.288s][info][gc,start       ] GC(920) Pause Young (Allocation Failure)
[333.289s][info][gc,heap        ] GC(920) PSYoungGen: 290304K->0K(318976K)
[333.289s][info][gc,heap        ] GC(920) ParOldGen: 31153K->31153K(699392K)
[333.289s][info][gc,metaspace   ] GC(920) Metaspace: 23823K(24832K)->23823K(24832K) NonClass: 20896K(21504K)->20896K(21504K) Class: 2927K(3328K)->2927K(3328K)
[333.289s][info][gc             ] GC(920) Pause Young (Allocation Failure) 313M->30M(994M) 0.800ms
[333.289s][info][gc,cpu         ] GC(920) User=0.00s Sys=0.00s Real=0.00s
[335.060s][info][gc,start       ] GC(921) Pause Young (Allocation Failure)
[335.074s][info][gc,heap        ] GC(921) PSYoungGen: 290304K->26747K(309760K)
[335.074s][info][gc,heap        ] GC(921) ParOldGen: 31153K->31153K(699392K)
[335.074s][info][gc,metaspace   ] GC(921) Metaspace: 23823K(24832K)->23823K(24832K) NonClass: 20896K(21504K)->20896K(21504K) Class: 2927K(3328K)->2927K(3328K)
[335.074s][info][gc             ] GC(921) Pause Young (Allocation Failure) 313M->56M(985M) 14.313ms
[335.074s][info][gc,cpu         ] GC(921) User=0.02s Sys=0.00s Real=0.02s
[335.132s][info][gc,start       ] GC(922) Pause Young (Allocation Failure)
[335.149s][info][gc,heap        ] GC(922) PSYoungGen: 309371K->0K(315904K)
[335.149s][info][gc,heap        ] GC(922) ParOldGen: 31153K->57902K(699392K)
[335.149s][info][gc,metaspace   ] GC(922) Metaspace: 23823K(24832K)->23823K(24832K) NonClass: 20896K(21504K)->20896K(21504K) Class: 2927K(3328K)->2927K(3328K)
[335.149s][info][gc             ] GC(922) Pause Young (Allocation Failure) 332M->56M(991M) 17.012ms
[335.149s][info][gc,cpu         ] GC(922) User=0.08s Sys=0.00s Real=0.02s
[335.206s][info][gc,start       ] GC(923) Pause Young (Allocation Failure)
[335.207s][info][gc,heap        ] GC(923) PSYoungGen: 282624K->0K(318976K)
[335.209s][info][gc,heap        ] GC(923) ParOldGen: 57902K->57902K(699392K)
[335.209s][info][gc,metaspace   ] GC(923) Metaspace: 23823K(24832K)->23823K(24832K) NonClass: 20896K(21504K)->20896K(21504K) Class: 2927K(3328K)->2927K(3328K)
[335.209s][info][gc             ] GC(923) Pause Young (Allocation Failure) 332M->56M(994M) 2.936ms
[335.209s][info][gc,cpu         ] GC(923) User=0.02s Sys=0.00s Real=0.01s
[335.267s][info][gc,start       ] GC(924) Pause Young (Allocation Failure)
[335.268s][info][gc,heap        ] GC(924) PSYoungGen: 287232K->0K(317440K)
[335.268s][info][gc,heap        ] GC(924) ParOldGen: 57902K->57902K(699392K)
[335.268s][info][gc,metaspace   ] GC(924) Metaspace: 23823K(24832K)->23823K(24832K) NonClass: 20896K(21504K)->20896K(21504K) Class: 2927K(3328K)->2927K(3328K)
[335.268s][info][gc             ] GC(924) Pause Young (Allocation Failure) 337M->56M(993M) 0.920ms
[335.268s][info][gc,cpu         ] GC(924) User=0.00s Sys=0.00s Real=0.00s
[335.326s][info][gc,start       ] GC(925) Pause Young (Allocation Failure)
[335.327s][info][gc,heap        ] GC(925) PSYoungGen: 287232K->0K(322048K)
[335.327s][info][gc,heap        ] GC(925) ParOldGen: 57902K->57902K(699392K)
[335.327s][info][gc,metaspace   ] GC(925) Metaspace: 23823K(24832K)->23823K(24832K) NonClass: 20896K(21504K)->20896K(21504K) Class: 2927K(3328K)->2927K(3328K)
[335.327s][info][gc             ] GC(925) Pause Young (Allocation Failure) 337M->56M(997M) 1.016ms
[335.327s][info][gc,cpu         ] GC(925) User=0.00s Sys=0.00s Real=0.00s
[335.362s][info][gc,start       ] GC(926) Pause Young (System.gc())
[335.363s][info][gc,heap        ] GC(926) PSYoungGen: 93871K->678K(320512K)
[335.363s][info][gc,heap        ] GC(926) ParOldGen: 57902K->57902K(699392K)
[335.363s][info][gc,metaspace   ] GC(926) Metaspace: 23823K(24832K)->23823K(24832K) NonClass: 20896K(21504K)->20896K(21504K) Class: 2927K(3328K)->2927K(3328K)
[335.363s][info][gc             ] GC(926) Pause Young (System.gc()) 148M->57M(996M) 1.118ms
[335.363s][info][gc,cpu         ] GC(926) User=0.00s Sys=0.00s Real=0.00s
[335.363s][info][gc,start       ] GC(927) Pause Full (System.gc())
[335.363s][info][gc,phases,start] GC(927) Marking Phase
[335.368s][info][gc,phases      ] GC(927) Marking Phase 5.023ms
[335.368s][info][gc,phases,start] GC(927) Summary Phase
[335.368s][info][gc,phases      ] GC(927) Summary Phase 0.010ms
[335.368s][info][gc,phases,start] GC(927) Adjust Roots
[335.370s][info][gc,phases      ] GC(927) Adjust Roots 2.528ms
[335.370s][info][gc,phases,start] GC(927) Compaction Phase
[335.373s][info][gc,phases      ] GC(927) Compaction Phase 2.660ms
[335.373s][info][gc,phases,start] GC(927) Post Compact
[335.373s][info][gc,phases      ] GC(927) Post Compact 0.294ms
[335.373s][info][gc,heap        ] GC(927) PSYoungGen: 678K->0K(320512K)
[335.373s][info][gc,heap        ] GC(927) ParOldGen: 57902K->4985K(699392K)
[335.373s][info][gc,metaspace   ] GC(927) Metaspace: 23823K(24832K)->23823K(24832K) NonClass: 20896K(21504K)->20896K(21504K) Class: 2927K(3328K)->2927K(3328K)
[335.374s][info][gc             ] GC(927) Pause Full (System.gc()) 57M->4M(996M) 10.738ms
[335.374s][info][gc,cpu         ] GC(927) User=0.02s Sys=0.00s Real=0.02s
[337.133s][info][gc,start       ] GC(928) Pause Young (Allocation Failure)
[337.145s][info][gc,heap        ] GC(928) PSYoungGen: 293376K->25589K(311296K)
[337.145s][info][gc,heap        ] GC(928) ParOldGen: 4985K->5481K(699392K)
[337.145s][info][gc,metaspace   ] GC(928) Metaspace: 23823K(24832K)->23823K(24832K) NonClass: 20896K(21504K)->20896K(21504K) Class: 2927K(3328K)->2927K(3328K)
[337.145s][info][gc             ] GC(928) Pause Young (Allocation Failure) 291M->30M(987M) 11.658ms
[337.145s][info][gc,cpu         ] GC(928) User=0.02s Sys=0.00s Real=0.01s
[337.203s][info][gc,start       ] GC(929) Pause Young (Allocation Failure)
[337.220s][info][gc,heap        ] GC(929) PSYoungGen: 311285K->0K(317440K)
[337.220s][info][gc,heap        ] GC(929) ParOldGen: 5481K->31161K(699392K)
[337.220s][info][gc,metaspace   ] GC(929) Metaspace: 23823K(24832K)->23823K(24832K) NonClass: 20896K(21504K)->20896K(21504K) Class: 2927K(3328K)->2927K(3328K)
[337.220s][info][gc             ] GC(929) Pause Young (Allocation Failure) 309M->30M(993M) 16.598ms
[337.220s][info][gc,cpu         ] GC(929) User=0.08s Sys=0.00s Real=0.02s
[337.277s][info][gc,start       ] GC(930) Pause Young (Allocation Failure)
[337.278s][info][gc,heap        ] GC(930) PSYoungGen: 285696K->0K(320512K)
[337.278s][info][gc,heap        ] GC(930) ParOldGen: 31161K->31161K(699392K)
[337.278s][info][gc,metaspace   ] GC(930) Metaspace: 23823K(24832K)->23823K(24832K) NonClass: 20896K(21504K)->20896K(21504K) Class: 2927K(3328K)->2927K(3328K)
[337.278s][info][gc             ] GC(930) Pause Young (Allocation Failure) 309M->30M(996M) 0.636ms
[337.278s][info][gc,cpu         ] GC(930) User=0.00s Sys=0.00s Real=0.01s
[337.337s][info][gc,start       ] GC(931) Pause Young (Allocation Failure)
[337.337s][info][gc,heap        ] GC(931) PSYoungGen: 290304K->0K(318976K)
[337.337s][info][gc,heap        ] GC(931) ParOldGen: 31161K->31161K(699392K)
[337.337s][info][gc,metaspace   ] GC(931) Metaspace: 23823K(24832K)->23823K(24832K) NonClass: 20896K(21504K)->20896K(21504K) Class: 2927K(3328K)->2927K(3328K)
[337.337s][info][gc             ] GC(931) Pause Young (Allocation Failure) 313M->30M(994M) 0.523ms
[337.337s][info][gc,cpu         ] GC(931) User=0.00s Sys=0.00s Real=0.00s
[339.114s][info][gc,start       ] GC(932) Pause Young (Allocation Failure)
[339.125s][info][gc,heap        ] GC(932) PSYoungGen: 290304K->26733K(309760K)
[339.125s][info][gc,heap        ] GC(932) ParOldGen: 31161K->31161K(699392K)
[339.125s][info][gc,metaspace   ] GC(932) Metaspace: 23823K(24832K)->23823K(24832K) NonClass: 20896K(21504K)->20896K(21504K) Class: 2927K(3328K)->2927K(3328K)
[339.125s][info][gc             ] GC(932) Pause Young (Allocation Failure) 313M->56M(985M) 11.534ms
[339.125s][info][gc,cpu         ] GC(932) User=0.02s Sys=0.00s Real=0.01s
[339.183s][info][gc,start       ] GC(933) Pause Young (Allocation Failure)
[339.199s][info][gc,heap        ] GC(933) PSYoungGen: 309357K->0K(315904K)
[339.199s][info][gc,heap        ] GC(933) ParOldGen: 31161K->57894K(699392K)
[339.199s][info][gc,metaspace   ] GC(933) Metaspace: 23823K(24832K)->23823K(24832K) NonClass: 20896K(21504K)->20896K(21504K) Class: 2927K(3328K)->2927K(3328K)
[339.199s][info][gc             ] GC(933) Pause Young (Allocation Failure) 332M->56M(991M) 15.766ms
[339.199s][info][gc,cpu         ] GC(933) User=0.02s Sys=0.00s Real=0.02s
[339.256s][info][gc,start       ] GC(934) Pause Young (Allocation Failure)
[339.256s][info][gc,heap        ] GC(934) PSYoungGen: 282624K->0K(318976K)
[339.256s][info][gc,heap        ] GC(934) ParOldGen: 57894K->57894K(699392K)
[339.256s][info][gc,metaspace   ] GC(934) Metaspace: 23823K(24832K)->23823K(24832K) NonClass: 20896K(21504K)->20896K(21504K) Class: 2927K(3328K)->2927K(3328K)
[339.256s][info][gc             ] GC(934) Pause Young (Allocation Failure) 332M->56M(994M) 0.650ms
[339.256s][info][gc,cpu         ] GC(934) User=0.00s Sys=0.00s Real=0.02s
[339.314s][info][gc,start       ] GC(935) Pause Young (Allocation Failure)
[339.315s][info][gc,heap        ] GC(935) PSYoungGen: 287232K->0K(317440K)
[339.315s][info][gc,heap        ] GC(935) ParOldGen: 57894K->57894K(699392K)
[339.315s][info][gc,metaspace   ] GC(935) Metaspace: 23823K(24832K)->23823K(24832K) NonClass: 20896K(21504K)->20896K(21504K) Class: 2927K(3328K)->2927K(3328K)
[339.315s][info][gc             ] GC(935) Pause Young (Allocation Failure) 337M->56M(993M) 0.689ms
[339.315s][info][gc,cpu         ] GC(935) User=0.00s Sys=0.00s Real=0.00s
[339.373s][info][gc,start       ] GC(936) Pause Young (Allocation Failure)
[339.374s][info][gc,heap        ] GC(936) PSYoungGen: 287232K->0K(322048K)
[339.374s][info][gc,heap        ] GC(936) ParOldGen: 57894K->57894K(699392K)
[339.374s][info][gc,metaspace   ] GC(936) Metaspace: 23823K(24832K)->23823K(24832K) NonClass: 20896K(21504K)->20896K(21504K) Class: 2927K(3328K)->2927K(3328K)
[339.374s][info][gc             ] GC(936) Pause Young (Allocation Failure) 337M->56M(997M) 0.784ms
[339.374s][info][gc,cpu         ] GC(936) User=0.00s Sys=0.00s Real=0.00s
[339.409s][info][gc,start       ] GC(937) Pause Young (System.gc())
[339.410s][info][gc,heap        ] GC(937) PSYoungGen: 93871K->678K(320512K)
[339.410s][info][gc,heap        ] GC(937) ParOldGen: 57894K->57894K(699392K)
[339.410s][info][gc,metaspace   ] GC(937) Metaspace: 23824K(24832K)->23824K(24832K) NonClass: 20896K(21504K)->20896K(21504K) Class: 2927K(3328K)->2927K(3328K)
[339.410s][info][gc             ] GC(937) Pause Young (System.gc()) 148M->57M(996M) 1.066ms
[339.410s][info][gc,cpu         ] GC(937) User=0.00s Sys=0.00s Real=0.00s
[339.410s][info][gc,start       ] GC(938) Pause Full (System.gc())
[339.410s][info][gc,phases,start] GC(938) Marking Phase
[339.415s][info][gc,phases      ] GC(938) Marking Phase 5.192ms
[339.415s][info][gc,phases,start] GC(938) Summary Phase
[339.415s][info][gc,phases      ] GC(938) Summary Phase 0.009ms
[339.415s][info][gc,phases,start] GC(938) Adjust Roots
[339.417s][info][gc,phases      ] GC(938) Adjust Roots 2.516ms
[339.418s][info][gc,phases,start] GC(938) Compaction Phase
[339.420s][info][gc,phases      ] GC(938) Compaction Phase 2.827ms
[339.420s][info][gc,phases,start] GC(938) Post Compact
[339.421s][info][gc,phases      ] GC(938) Post Compact 0.296ms
[339.421s][info][gc,heap        ] GC(938) PSYoungGen: 678K->0K(320512K)
[339.421s][info][gc,heap        ] GC(938) ParOldGen: 57894K->4985K(699392K)
[339.421s][info][gc,metaspace   ] GC(938) Metaspace: 23824K(24832K)->23824K(24832K) NonClass: 20896K(21504K)->20896K(21504K) Class: 2927K(3328K)->2927K(3328K)
[339.421s][info][gc             ] GC(938) Pause Full (System.gc()) 57M->4M(996M) 11.053ms
[339.421s][info][gc,cpu         ] GC(938) User=0.02s Sys=0.00s Real=0.01s
[341.179s][info][gc,start       ] GC(939) Pause Young (Allocation Failure)
[341.190s][info][gc,heap        ] GC(939) PSYoungGen: 293376K->25589K(311296K)
[341.190s][info][gc,heap        ] GC(939) ParOldGen: 4985K->5497K(699392K)
[341.190s][info][gc,metaspace   ] GC(939) Metaspace: 23824K(24832K)->23824K(24832K) NonClass: 20896K(21504K)->20896K(21504K) Class: 2927K(3328K)->2927K(3328K)
[341.190s][info][gc             ] GC(939) Pause Young (Allocation Failure) 291M->30M(987M) 11.318ms
[341.190s][info][gc,cpu         ] GC(939) User=0.02s Sys=0.00s Real=0.02s
[341.248s][info][gc,start       ] GC(940) Pause Young (Allocation Failure)
[341.264s][info][gc,heap        ] GC(940) PSYoungGen: 311285K->0K(317440K)
[341.264s][info][gc,heap        ] GC(940) ParOldGen: 5497K->31161K(699392K)
[341.264s][info][gc,metaspace   ] GC(940) Metaspace: 23824K(24832K)->23824K(24832K) NonClass: 20896K(21504K)->20896K(21504K) Class: 2927K(3328K)->2927K(3328K)
[341.264s][info][gc             ] GC(940) Pause Young (Allocation Failure) 309M->30M(993M) 15.680ms
[341.264s][info][gc,cpu         ] GC(940) User=0.03s Sys=0.00s Real=0.01s
[341.322s][info][gc,start       ] GC(941) Pause Young (Allocation Failure)
[341.323s][info][gc,heap        ] GC(941) PSYoungGen: 285696K->0K(320512K)
[341.323s][info][gc,heap        ] GC(941) ParOldGen: 31161K->31161K(699392K)
[341.323s][info][gc,metaspace   ] GC(941) Metaspace: 23824K(24832K)->23824K(24832K) NonClass: 20896K(21504K)->20896K(21504K) Class: 2927K(3328K)->2927K(3328K)
[341.323s][info][gc             ] GC(941) Pause Young (Allocation Failure) 309M->30M(996M) 0.705ms
[341.323s][info][gc,cpu         ] GC(941) User=0.00s Sys=0.00s Real=0.00s
[341.382s][info][gc,start       ] GC(942) Pause Young (Allocation Failure)
[341.382s][info][gc,heap        ] GC(942) PSYoungGen: 290304K->0K(318976K)
[341.382s][info][gc,heap        ] GC(942) ParOldGen: 31161K->31161K(699392K)
[341.382s][info][gc,metaspace   ] GC(942) Metaspace: 23824K(24832K)->23824K(24832K) NonClass: 20896K(21504K)->20896K(21504K) Class: 2927K(3328K)->2927K(3328K)
[341.382s][info][gc             ] GC(942) Pause Young (Allocation Failure) 313M->30M(994M) 0.681ms
[341.382s][info][gc,cpu         ] GC(942) User=0.00s Sys=0.00s Real=0.00s
[343.153s][info][gc,start       ] GC(943) Pause Young (Allocation Failure)
[343.164s][info][gc,heap        ] GC(943) PSYoungGen: 290304K->26747K(309760K)
[343.164s][info][gc,heap        ] GC(943) ParOldGen: 31161K->31161K(699392K)
[343.164s][info][gc,metaspace   ] GC(943) Metaspace: 23824K(24832K)->23824K(24832K) NonClass: 20896K(21504K)->20896K(21504K) Class: 2927K(3328K)->2927K(3328K)
[343.164s][info][gc             ] GC(943) Pause Young (Allocation Failure) 313M->56M(985M) 11.467ms
[343.164s][info][gc,cpu         ] GC(943) User=0.00s Sys=0.00s Real=0.00s
[343.222s][info][gc,start       ] GC(944) Pause Young (Allocation Failure)
[343.239s][info][gc,heap        ] GC(944) PSYoungGen: 309371K->0K(315904K)
[343.239s][info][gc,heap        ] GC(944) ParOldGen: 31161K->57894K(699392K)
[343.239s][info][gc,metaspace   ] GC(944) Metaspace: 23824K(24832K)->23824K(24832K) NonClass: 20896K(21504K)->20896K(21504K) Class: 2927K(3328K)->2927K(3328K)
[343.239s][info][gc             ] GC(944) Pause Young (Allocation Failure) 332M->56M(991M) 16.858ms
[343.239s][info][gc,cpu         ] GC(944) User=0.08s Sys=0.00s Real=0.01s
[343.296s][info][gc,start       ] GC(945) Pause Young (Allocation Failure)
[343.297s][info][gc,heap        ] GC(945) PSYoungGen: 282624K->0K(318976K)
[343.297s][info][gc,heap        ] GC(945) ParOldGen: 57894K->57894K(699392K)
[343.297s][info][gc,metaspace   ] GC(945) Metaspace: 23824K(24832K)->23824K(24832K) NonClass: 20896K(21504K)->20896K(21504K) Class: 2927K(3328K)->2927K(3328K)
[343.297s][info][gc             ] GC(945) Pause Young (Allocation Failure) 332M->56M(994M) 0.578ms
[343.297s][info][gc,cpu         ] GC(945) User=0.00s Sys=0.00s Real=0.00s
[343.355s][info][gc,start       ] GC(946) Pause Young (Allocation Failure)
[343.356s][info][gc,heap        ] GC(946) PSYoungGen: 287232K->0K(317440K)
[343.356s][info][gc,heap        ] GC(946) ParOldGen: 57894K->57894K(699392K)
[343.356s][info][gc,metaspace   ] GC(946) Metaspace: 23824K(24832K)->23824K(24832K) NonClass: 20896K(21504K)->20896K(21504K) Class: 2927K(3328K)->2927K(3328K)
[343.356s][info][gc             ] GC(946) Pause Young (Allocation Failure) 337M->56M(993M) 0.511ms
[343.356s][info][gc,cpu         ] GC(946) User=0.00s Sys=0.00s Real=0.00s
[343.414s][info][gc,start       ] GC(947) Pause Young (Allocation Failure)
[343.414s][info][gc,heap        ] GC(947) PSYoungGen: 287232K->0K(322048K)
[343.414s][info][gc,heap        ] GC(947) ParOldGen: 57894K->57894K(699392K)
[343.415s][info][gc,metaspace   ] GC(947) Metaspace: 23824K(24832K)->23824K(24832K) NonClass: 20896K(21504K)->20896K(21504K) Class: 2927K(3328K)->2927K(3328K)
[343.415s][info][gc             ] GC(947) Pause Young (Allocation Failure) 337M->56M(997M) 0.900ms
[343.415s][info][gc,cpu         ] GC(947) User=0.00s Sys=0.00s Real=0.01s
[343.448s][info][gc,start       ] GC(948) Pause Young (System.gc())
[343.449s][info][gc,heap        ] GC(948) PSYoungGen: 93871K->678K(320512K)
[343.449s][info][gc,heap        ] GC(948) ParOldGen: 57894K->57894K(699392K)
[343.449s][info][gc,metaspace   ] GC(948) Metaspace: 23824K(24832K)->23824K(24832K) NonClass: 20896K(21504K)->20896K(21504K) Class: 2927K(3328K)->2927K(3328K)
[343.449s][info][gc             ] GC(948) Pause Young (System.gc()) 148M->57M(996M) 0.960ms
[343.449s][info][gc,cpu         ] GC(948) User=0.00s Sys=0.00s Real=0.00s
[343.450s][info][gc,start       ] GC(949) Pause Full (System.gc())
[343.450s][info][gc,phases,start] GC(949) Marking Phase
[343.454s][info][gc,phases      ] GC(949) Marking Phase 4.778ms
[343.454s][info][gc,phases,start] GC(949) Summary Phase
[343.454s][info][gc,phases      ] GC(949) Summary Phase 0.010ms
[343.455s][info][gc,phases,start] GC(949) Adjust Roots
[343.457s][info][gc,phases      ] GC(949) Adjust Roots 2.550ms
[343.457s][info][gc,phases,start] GC(949) Compaction Phase
[343.460s][info][gc,phases      ] GC(949) Compaction Phase 3.124ms
[343.460s][info][gc,phases,start] GC(949) Post Compact
[343.461s][info][gc,phases      ] GC(949) Post Compact 0.298ms
[343.461s][info][gc,heap        ] GC(949) PSYoungGen: 678K->0K(320512K)
[343.461s][info][gc,heap        ] GC(949) ParOldGen: 57894K->4985K(699392K)
[343.461s][info][gc,metaspace   ] GC(949) Metaspace: 23824K(24832K)->23824K(24832K) NonClass: 20896K(21504K)->20896K(21504K) Class: 2927K(3328K)->2927K(3328K)
[343.461s][info][gc             ] GC(949) Pause Full (System.gc()) 57M->4M(996M) 11.132ms
[343.461s][info][gc,cpu         ] GC(949) User=0.00s Sys=0.00s Real=0.00s
[345.223s][info][gc,start       ] GC(950) Pause Young (Allocation Failure)
[345.234s][info][gc,heap        ] GC(950) PSYoungGen: 293376K->25589K(311296K)
[345.234s][info][gc,heap        ] GC(950) ParOldGen: 4985K->5489K(699392K)
[345.234s][info][gc,metaspace   ] GC(950) Metaspace: 23824K(24832K)->23824K(24832K) NonClass: 20896K(21504K)->20896K(21504K) Class: 2927K(3328K)->2927K(3328K)
[345.234s][info][gc             ] GC(950) Pause Young (Allocation Failure) 291M->30M(987M) 11.149ms
[345.234s][info][gc,cpu         ] GC(950) User=0.02s Sys=0.00s Real=0.01s
[345.291s][info][gc,start       ] GC(951) Pause Young (Allocation Failure)
[345.307s][info][gc,heap        ] GC(951) PSYoungGen: 311285K->0K(317440K)
[345.307s][info][gc,heap        ] GC(951) ParOldGen: 5489K->31161K(699392K)
[345.307s][info][gc,metaspace   ] GC(951) Metaspace: 23824K(24832K)->23824K(24832K) NonClass: 20896K(21504K)->20896K(21504K) Class: 2927K(3328K)->2927K(3328K)
[345.307s][info][gc             ] GC(951) Pause Young (Allocation Failure) 309M->30M(993M) 15.752ms
[345.307s][info][gc,cpu         ] GC(951) User=0.02s Sys=0.00s Real=0.02s
[345.367s][info][gc,start       ] GC(952) Pause Young (Allocation Failure)
[345.368s][info][gc,heap        ] GC(952) PSYoungGen: 285696K->0K(320512K)
[345.368s][info][gc,heap        ] GC(952) ParOldGen: 31161K->31161K(699392K)
[345.368s][info][gc,metaspace   ] GC(952) Metaspace: 23824K(24832K)->23824K(24832K) NonClass: 20896K(21504K)->20896K(21504K) Class: 2927K(3328K)->2927K(3328K)
[345.368s][info][gc             ] GC(952) Pause Young (Allocation Failure) 309M->30M(996M) 1.210ms
[345.368s][info][gc,cpu         ] GC(952) User=0.00s Sys=0.00s Real=0.00s
[345.426s][info][gc,start       ] GC(953) Pause Young (Allocation Failure)
[345.427s][info][gc,heap        ] GC(953) PSYoungGen: 290304K->0K(318976K)
[345.427s][info][gc,heap        ] GC(953) ParOldGen: 31161K->31161K(699392K)
[345.427s][info][gc,metaspace   ] GC(953) Metaspace: 23824K(24832K)->23824K(24832K) NonClass: 20896K(21504K)->20896K(21504K) Class: 2927K(3328K)->2927K(3328K)
[345.427s][info][gc             ] GC(953) Pause Young (Allocation Failure) 313M->30M(994M) 0.552ms
[345.427s][info][gc,cpu         ] GC(953) User=0.00s Sys=0.00s Real=0.00s
[347.198s][info][gc,start       ] GC(954) Pause Young (Allocation Failure)
[347.210s][info][gc,heap        ] GC(954) PSYoungGen: 290304K->26733K(309760K)
[347.210s][info][gc,heap        ] GC(954) ParOldGen: 31161K->31161K(699392K)
[347.210s][info][gc,metaspace   ] GC(954) Metaspace: 23824K(24832K)->23824K(24832K) NonClass: 20896K(21504K)->20896K(21504K) Class: 2927K(3328K)->2927K(3328K)
[347.210s][info][gc             ] GC(954) Pause Young (Allocation Failure) 313M->56M(985M) 11.505ms
[347.210s][info][gc,cpu         ] GC(954) User=0.02s Sys=0.00s Real=0.02s
[347.267s][info][gc,start       ] GC(955) Pause Young (Allocation Failure)
[347.284s][info][gc,heap        ] GC(955) PSYoungGen: 309357K->0K(315904K)
[347.284s][info][gc,heap        ] GC(955) ParOldGen: 31161K->57894K(699392K)
[347.284s][info][gc,metaspace   ] GC(955) Metaspace: 23824K(24832K)->23824K(24832K) NonClass: 20896K(21504K)->20896K(21504K) Class: 2927K(3328K)->2927K(3328K)
[347.284s][info][gc             ] GC(955) Pause Young (Allocation Failure) 332M->56M(991M) 16.896ms
[347.284s][info][gc,cpu         ] GC(955) User=0.09s Sys=0.00s Real=0.02s
[347.341s][info][gc,start       ] GC(956) Pause Young (Allocation Failure)
[347.342s][info][gc,heap        ] GC(956) PSYoungGen: 282624K->0K(318976K)
[347.342s][info][gc,heap        ] GC(956) ParOldGen: 57894K->57894K(699392K)
[347.342s][info][gc,metaspace   ] GC(956) Metaspace: 23824K(24832K)->23824K(24832K) NonClass: 20896K(21504K)->20896K(21504K) Class: 2927K(3328K)->2927K(3328K)
[347.342s][info][gc             ] GC(956) Pause Young (Allocation Failure) 332M->56M(994M) 0.819ms
[347.342s][info][gc,cpu         ] GC(956) User=0.00s Sys=0.00s Real=0.00s
[347.400s][info][gc,start       ] GC(957) Pause Young (Allocation Failure)
[347.401s][info][gc,heap        ] GC(957) PSYoungGen: 287232K->0K(317440K)
[347.401s][info][gc,heap        ] GC(957) ParOldGen: 57894K->57894K(699392K)
[347.401s][info][gc,metaspace   ] GC(957) Metaspace: 23824K(24832K)->23824K(24832K) NonClass: 20896K(21504K)->20896K(21504K) Class: 2927K(3328K)->2927K(3328K)
[347.401s][info][gc             ] GC(957) Pause Young (Allocation Failure) 337M->56M(993M) 0.747ms
[347.401s][info][gc,cpu         ] GC(957) User=0.00s Sys=0.00s Real=0.00s
[347.459s][info][gc,start       ] GC(958) Pause Young (Allocation Failure)
[347.459s][info][gc,heap        ] GC(958) PSYoungGen: 287232K->0K(322048K)
[347.459s][info][gc,heap        ] GC(958) ParOldGen: 57894K->57894K(699392K)
[347.459s][info][gc,metaspace   ] GC(958) Metaspace: 23824K(24832K)->23824K(24832K) NonClass: 20896K(21504K)->20896K(21504K) Class: 2927K(3328K)->2927K(3328K)
[347.460s][info][gc             ] GC(958) Pause Young (Allocation Failure) 337M->56M(997M) 0.792ms
[347.460s][info][gc,cpu         ] GC(958) User=0.00s Sys=0.00s Real=0.00s
[347.494s][info][gc,start       ] GC(959) Pause Young (System.gc())
[347.495s][info][gc,heap        ] GC(959) PSYoungGen: 93871K->678K(320512K)
[347.495s][info][gc,heap        ] GC(959) ParOldGen: 57894K->57894K(699392K)
[347.495s][info][gc,metaspace   ] GC(959) Metaspace: 23824K(24832K)->23824K(24832K) NonClass: 20896K(21504K)->20896K(21504K) Class: 2927K(3328K)->2927K(3328K)
[347.495s][info][gc             ] GC(959) Pause Young (System.gc()) 148M->57M(996M) 1.022ms
[347.495s][info][gc,cpu         ] GC(959) User=0.00s Sys=0.00s Real=0.00s
[347.495s][info][gc,start       ] GC(960) Pause Full (System.gc())
[347.495s][info][gc,phases,start] GC(960) Marking Phase
[347.500s][info][gc,phases      ] GC(960) Marking Phase 4.636ms
[347.500s][info][gc,phases,start] GC(960) Summary Phase
[347.500s][info][gc,phases      ] GC(960) Summary Phase 0.010ms
[347.500s][info][gc,phases,start] GC(960) Adjust Roots
[347.502s][info][gc,phases      ] GC(960) Adjust Roots 2.630ms
[347.502s][info][gc,phases,start] GC(960) Compaction Phase
[347.504s][info][gc,phases      ] GC(960) Compaction Phase 1.909ms
[347.504s][info][gc,phases,start] GC(960) Post Compact
[347.505s][info][gc,phases      ] GC(960) Post Compact 0.333ms
[347.505s][info][gc,heap        ] GC(960) PSYoungGen: 678K->0K(320512K)
[347.505s][info][gc,heap        ] GC(960) ParOldGen: 57894K->4985K(699392K)
[347.505s][info][gc,metaspace   ] GC(960) Metaspace: 23824K(24832K)->23824K(24832K) NonClass: 20896K(21504K)->20896K(21504K) Class: 2927K(3328K)->2927K(3328K)
[347.505s][info][gc             ] GC(960) Pause Full (System.gc()) 57M->4M(996M) 9.754ms
[347.505s][info][gc,cpu         ] GC(960) User=0.00s Sys=0.00s Real=0.02s
[349.267s][info][gc,start       ] GC(961) Pause Young (Allocation Failure)
[349.278s][info][gc,heap        ] GC(961) PSYoungGen: 293376K->25589K(311296K)
[349.278s][info][gc,heap        ] GC(961) ParOldGen: 4985K->5489K(699392K)
[349.278s][info][gc,metaspace   ] GC(961) Metaspace: 23824K(24832K)->23824K(24832K) NonClass: 20896K(21504K)->20896K(21504K) Class: 2927K(3328K)->2927K(3328K)
[349.278s][info][gc             ] GC(961) Pause Young (Allocation Failure) 291M->30M(987M) 11.265ms
[349.278s][info][gc,cpu         ] GC(961) User=0.02s Sys=0.00s Real=0.01s
[349.337s][info][gc,start       ] GC(962) Pause Young (Allocation Failure)
[349.354s][info][gc,heap        ] GC(962) PSYoungGen: 311285K->0K(317440K)
[349.354s][info][gc,heap        ] GC(962) ParOldGen: 5489K->31177K(699392K)
[349.354s][info][gc,metaspace   ] GC(962) Metaspace: 23824K(24832K)->23824K(24832K) NonClass: 20896K(21504K)->20896K(21504K) Class: 2927K(3328K)->2927K(3328K)
[349.354s][info][gc             ] GC(962) Pause Young (Allocation Failure) 309M->30M(993M) 16.894ms
[349.354s][info][gc,cpu         ] GC(962) User=0.06s Sys=0.00s Real=0.03s
[349.412s][info][gc,start       ] GC(963) Pause Young (Allocation Failure)
[349.412s][info][gc,heap        ] GC(963) PSYoungGen: 285696K->0K(320512K)
[349.412s][info][gc,heap        ] GC(963) ParOldGen: 31177K->31177K(699392K)
[349.412s][info][gc,metaspace   ] GC(963) Metaspace: 23824K(24832K)->23824K(24832K) NonClass: 20896K(21504K)->20896K(21504K) Class: 2927K(3328K)->2927K(3328K)
[349.412s][info][gc             ] GC(963) Pause Young (Allocation Failure) 309M->30M(996M) 0.675ms
[349.412s][info][gc,cpu         ] GC(963) User=0.00s Sys=0.00s Real=0.00s
[349.471s][info][gc,start       ] GC(964) Pause Young (Allocation Failure)
[349.472s][info][gc,heap        ] GC(964) PSYoungGen: 290304K->0K(318976K)
[349.472s][info][gc,heap        ] GC(964) ParOldGen: 31177K->31177K(699392K)
[349.472s][info][gc,metaspace   ] GC(964) Metaspace: 23824K(24832K)->23824K(24832K) NonClass: 20896K(21504K)->20896K(21504K) Class: 2927K(3328K)->2927K(3328K)
[349.472s][info][gc             ] GC(964) Pause Young (Allocation Failure) 313M->30M(994M) 0.669ms
[349.472s][info][gc,cpu         ] GC(964) User=0.00s Sys=0.00s Real=0.00s
[351.249s][info][gc,start       ] GC(965) Pause Young (Allocation Failure)
[351.261s][info][gc,heap        ] GC(965) PSYoungGen: 290304K->26733K(309760K)
[351.261s][info][gc,heap        ] GC(965) ParOldGen: 31177K->31177K(699392K)
[351.261s][info][gc,metaspace   ] GC(965) Metaspace: 23824K(24832K)->23824K(24832K) NonClass: 20896K(21504K)->20896K(21504K) Class: 2927K(3328K)->2927K(3328K)
[351.261s][info][gc             ] GC(965) Pause Young (Allocation Failure) 313M->56M(985M) 12.072ms
[351.261s][info][gc,cpu         ] GC(965) User=0.02s Sys=0.00s Real=0.02s
[351.318s][info][gc,start       ] GC(966) Pause Young (Allocation Failure)
[351.334s][info][gc,heap        ] GC(966) PSYoungGen: 309357K->0K(315904K)
[351.334s][info][gc,heap        ] GC(966) ParOldGen: 31177K->57910K(699392K)
[351.334s][info][gc,metaspace   ] GC(966) Metaspace: 23824K(24832K)->23824K(24832K) NonClass: 20896K(21504K)->20896K(21504K) Class: 2927K(3328K)->2927K(3328K)
[351.334s][info][gc             ] GC(966) Pause Young (Allocation Failure) 332M->56M(991M) 16.279ms
[351.334s][info][gc,cpu         ] GC(966) User=0.03s Sys=0.00s Real=0.02s
[351.392s][info][gc,start       ] GC(967) Pause Young (Allocation Failure)
[351.392s][info][gc,heap        ] GC(967) PSYoungGen: 282624K->0K(318976K)
[351.392s][info][gc,heap        ] GC(967) ParOldGen: 57910K->57910K(699392K)
[351.392s][info][gc,metaspace   ] GC(967) Metaspace: 23824K(24832K)->23824K(24832K) NonClass: 20896K(21504K)->20896K(21504K) Class: 2927K(3328K)->2927K(3328K)
[351.392s][info][gc             ] GC(967) Pause Young (Allocation Failure) 332M->56M(994M) 0.659ms
[351.392s][info][gc,cpu         ] GC(967) User=0.00s Sys=0.00s Real=0.00s
[351.450s][info][gc,start       ] GC(968) Pause Young (Allocation Failure)
[351.451s][info][gc,heap        ] GC(968) PSYoungGen: 287232K->0K(317440K)
[351.451s][info][gc,heap        ] GC(968) ParOldGen: 57910K->57910K(699392K)
[351.451s][info][gc,metaspace   ] GC(968) Metaspace: 23824K(24832K)->23824K(24832K) NonClass: 20896K(21504K)->20896K(21504K) Class: 2927K(3328K)->2927K(3328K)
[351.451s][info][gc             ] GC(968) Pause Young (Allocation Failure) 337M->56M(993M) 0.523ms
[351.451s][info][gc,cpu         ] GC(968) User=0.00s Sys=0.00s Real=0.00s
[351.509s][info][gc,start       ] GC(969) Pause Young (Allocation Failure)
[351.509s][info][gc,heap        ] GC(969) PSYoungGen: 287232K->0K(322048K)
[351.509s][info][gc,heap        ] GC(969) ParOldGen: 57910K->57910K(699392K)
[351.509s][info][gc,metaspace   ] GC(969) Metaspace: 23824K(24832K)->23824K(24832K) NonClass: 20896K(21504K)->20896K(21504K) Class: 2927K(3328K)->2927K(3328K)
[351.509s][info][gc             ] GC(969) Pause Young (Allocation Failure) 337M->56M(997M) 0.778ms
[351.509s][info][gc,cpu         ] GC(969) User=0.00s Sys=0.00s Real=0.00s
[351.543s][info][gc,start       ] GC(970) Pause Young (System.gc())
[351.544s][info][gc,heap        ] GC(970) PSYoungGen: 93871K->678K(320512K)
[351.544s][info][gc,heap        ] GC(970) ParOldGen: 57910K->57910K(699392K)
[351.544s][info][gc,metaspace   ] GC(970) Metaspace: 23824K(24832K)->23824K(24832K) NonClass: 20896K(21504K)->20896K(21504K) Class: 2927K(3328K)->2927K(3328K)
[351.544s][info][gc             ] GC(970) Pause Young (System.gc()) 148M->57M(996M) 0.868ms
[351.544s][info][gc,cpu         ] GC(970) User=0.00s Sys=0.00s Real=0.00s
[351.544s][info][gc,start       ] GC(971) Pause Full (System.gc())
[351.544s][info][gc,phases,start] GC(971) Marking Phase
[351.549s][info][gc,phases      ] GC(971) Marking Phase 4.957ms
[351.549s][info][gc,phases,start] GC(971) Summary Phase
[351.549s][info][gc,phases      ] GC(971) Summary Phase 0.009ms
[351.549s][info][gc,phases,start] GC(971) Adjust Roots
[351.552s][info][gc,phases      ] GC(971) Adjust Roots 2.563ms
[351.552s][info][gc,phases,start] GC(971) Compaction Phase
[351.554s][info][gc,phases      ] GC(971) Compaction Phase 2.548ms
[351.554s][info][gc,phases,start] GC(971) Post Compact
[351.555s][info][gc,phases      ] GC(971) Post Compact 0.350ms
[351.555s][info][gc,heap        ] GC(971) PSYoungGen: 678K->0K(320512K)
[351.555s][info][gc,heap        ] GC(971) ParOldGen: 57910K->4985K(699392K)
[351.555s][info][gc,metaspace   ] GC(971) Metaspace: 23824K(24832K)->23824K(24832K) NonClass: 20896K(21504K)->20896K(21504K) Class: 2927K(3328K)->2927K(3328K)
[351.555s][info][gc             ] GC(971) Pause Full (System.gc()) 57M->4M(996M) 10.663ms
[351.555s][info][gc,cpu         ] GC(971) User=0.00s Sys=0.00s Real=0.02s
[353.317s][info][gc,start       ] GC(972) Pause Young (Allocation Failure)
[353.328s][info][gc,heap        ] GC(972) PSYoungGen: 293376K->25589K(311296K)
[353.328s][info][gc,heap        ] GC(972) ParOldGen: 4985K->5489K(699392K)
[353.328s][info][gc,metaspace   ] GC(972) Metaspace: 23824K(24832K)->23824K(24832K) NonClass: 20896K(21504K)->20896K(21504K) Class: 2927K(3328K)->2927K(3328K)
[353.328s][info][gc             ] GC(972) Pause Young (Allocation Failure) 291M->30M(987M) 11.403ms
[353.328s][info][gc,cpu         ] GC(972) User=0.02s Sys=0.00s Real=0.02s
[353.387s][info][gc,start       ] GC(973) Pause Young (Allocation Failure)
[353.402s][info][gc,heap        ] GC(973) PSYoungGen: 311285K->0K(317440K)
[353.402s][info][gc,heap        ] GC(973) ParOldGen: 5489K->31161K(699392K)
[353.402s][info][gc,metaspace   ] GC(973) Metaspace: 23824K(24832K)->23824K(24832K) NonClass: 20896K(21504K)->20896K(21504K) Class: 2927K(3328K)->2927K(3328K)
[353.402s][info][gc             ] GC(973) Pause Young (Allocation Failure) 309M->30M(993M) 15.484ms
[353.402s][info][gc,cpu         ] GC(973) User=0.00s Sys=0.00s Real=0.02s
[353.460s][info][gc,start       ] GC(974) Pause Young (Allocation Failure)
[353.461s][info][gc,heap        ] GC(974) PSYoungGen: 285696K->0K(320512K)
[353.461s][info][gc,heap        ] GC(974) ParOldGen: 31161K->31161K(699392K)
[353.461s][info][gc,metaspace   ] GC(974) Metaspace: 23824K(24832K)->23824K(24832K) NonClass: 20896K(21504K)->20896K(21504K) Class: 2927K(3328K)->2927K(3328K)
[353.461s][info][gc             ] GC(974) Pause Young (Allocation Failure) 309M->30M(996M) 0.824ms
[353.461s][info][gc,cpu         ] GC(974) User=0.00s Sys=0.00s Real=0.00s
[353.519s][info][gc,start       ] GC(975) Pause Young (Allocation Failure)
[353.520s][info][gc,heap        ] GC(975) PSYoungGen: 290304K->0K(318976K)
[353.520s][info][gc,heap        ] GC(975) ParOldGen: 31161K->31161K(699392K)
[353.520s][info][gc,metaspace   ] GC(975) Metaspace: 23824K(24832K)->23824K(24832K) NonClass: 20896K(21504K)->20896K(21504K) Class: 2927K(3328K)->2927K(3328K)
[353.520s][info][gc             ] GC(975) Pause Young (Allocation Failure) 313M->30M(994M) 0.775ms
[353.520s][info][gc,cpu         ] GC(975) User=0.00s Sys=0.00s Real=0.00s
[355.294s][info][gc,start       ] GC(976) Pause Young (Allocation Failure)
[355.306s][info][gc,heap        ] GC(976) PSYoungGen: 290304K->26715K(309760K)
[355.306s][info][gc,heap        ] GC(976) ParOldGen: 31161K->31161K(699392K)
[355.306s][info][gc,metaspace   ] GC(976) Metaspace: 23824K(24832K)->23824K(24832K) NonClass: 20896K(21504K)->20896K(21504K) Class: 2927K(3328K)->2927K(3328K)
[355.306s][info][gc             ] GC(976) Pause Young (Allocation Failure) 313M->56M(985M) 11.625ms
[355.306s][info][gc,cpu         ] GC(976) User=0.02s Sys=0.00s Real=0.01s
[355.363s][info][gc,start       ] GC(977) Pause Young (Allocation Failure)
[355.380s][info][gc,heap        ] GC(977) PSYoungGen: 309339K->0K(315904K)
[355.380s][info][gc,heap        ] GC(977) ParOldGen: 31161K->57902K(699392K)
[355.380s][info][gc,metaspace   ] GC(977) Metaspace: 23824K(24832K)->23824K(24832K) NonClass: 20896K(21504K)->20896K(21504K) Class: 2927K(3328K)->2927K(3328K)
[355.380s][info][gc             ] GC(977) Pause Young (Allocation Failure) 332M->56M(991M) 16.968ms
[355.380s][info][gc,cpu         ] GC(977) User=0.09s Sys=0.00s Real=0.02s
[355.437s][info][gc,start       ] GC(978) Pause Young (Allocation Failure)
[355.438s][info][gc,heap        ] GC(978) PSYoungGen: 282624K->0K(318976K)
[355.438s][info][gc,heap        ] GC(978) ParOldGen: 57902K->57902K(699392K)
[355.438s][info][gc,metaspace   ] GC(978) Metaspace: 23824K(24832K)->23824K(24832K) NonClass: 20896K(21504K)->20896K(21504K) Class: 2927K(3328K)->2927K(3328K)
[355.438s][info][gc             ] GC(978) Pause Young (Allocation Failure) 332M->56M(994M) 0.622ms
[355.438s][info][gc,cpu         ] GC(978) User=0.00s Sys=0.00s Real=0.00s
[355.495s][info][gc,start       ] GC(979) Pause Young (Allocation Failure)
[355.496s][info][gc,heap        ] GC(979) PSYoungGen: 287232K->0K(317440K)
[355.496s][info][gc,heap        ] GC(979) ParOldGen: 57902K->57902K(699392K)
[355.496s][info][gc,metaspace   ] GC(979) Metaspace: 23824K(24832K)->23824K(24832K) NonClass: 20896K(21504K)->20896K(21504K) Class: 2927K(3328K)->2927K(3328K)
[355.496s][info][gc             ] GC(979) Pause Young (Allocation Failure) 337M->56M(993M) 0.895ms
[355.496s][info][gc,cpu         ] GC(979) User=0.00s Sys=0.00s Real=0.00s
[355.554s][info][gc,start       ] GC(980) Pause Young (Allocation Failure)
[355.555s][info][gc,heap        ] GC(980) PSYoungGen: 287232K->0K(322048K)
[355.555s][info][gc,heap        ] GC(980) ParOldGen: 57902K->57902K(699392K)
[355.555s][info][gc,metaspace   ] GC(980) Metaspace: 23824K(24832K)->23824K(24832K) NonClass: 20896K(21504K)->20896K(21504K) Class: 2927K(3328K)->2927K(3328K)
[355.555s][info][gc             ] GC(980) Pause Young (Allocation Failure) 337M->56M(997M) 0.960ms
[355.555s][info][gc,cpu         ] GC(980) User=0.02s Sys=0.00s Real=0.01s
[355.590s][info][gc,start       ] GC(981) Pause Young (System.gc())
[355.591s][info][gc,heap        ] GC(981) PSYoungGen: 93871K->646K(320512K)
[355.591s][info][gc,heap        ] GC(981) ParOldGen: 57902K->57902K(699392K)
[355.591s][info][gc,metaspace   ] GC(981) Metaspace: 23824K(24832K)->23824K(24832K) NonClass: 20896K(21504K)->20896K(21504K) Class: 2927K(3328K)->2927K(3328K)
[355.591s][info][gc             ] GC(981) Pause Young (System.gc()) 148M->57M(996M) 1.224ms
[355.591s][info][gc,cpu         ] GC(981) User=0.00s Sys=0.00s Real=0.00s
[355.591s][info][gc,start       ] GC(982) Pause Full (System.gc())
[355.591s][info][gc,phases,start] GC(982) Marking Phase
[355.596s][info][gc,phases      ] GC(982) Marking Phase 5.235ms
[355.597s][info][gc,phases,start] GC(982) Summary Phase
[355.597s][info][gc,phases      ] GC(982) Summary Phase 0.010ms
[355.597s][info][gc,phases,start] GC(982) Adjust Roots
[355.599s][info][gc,phases      ] GC(982) Adjust Roots 2.588ms
[355.599s][info][gc,phases,start] GC(982) Compaction Phase
[355.601s][info][gc,phases      ] GC(982) Compaction Phase 2.205ms
[355.601s][info][gc,phases,start] GC(982) Post Compact
[355.602s][info][gc,phases      ] GC(982) Post Compact 0.420ms
[355.602s][info][gc,heap        ] GC(982) PSYoungGen: 646K->0K(320512K)
[355.602s][info][gc,heap        ] GC(982) ParOldGen: 57902K->4985K(699392K)
[355.602s][info][gc,metaspace   ] GC(982) Metaspace: 23824K(24832K)->23824K(24832K) NonClass: 20896K(21504K)->20896K(21504K) Class: 2927K(3328K)->2927K(3328K)
[355.602s][info][gc             ] GC(982) Pause Full (System.gc()) 57M->4M(996M) 10.729ms
[355.602s][info][gc,cpu         ] GC(982) User=0.02s Sys=0.00s Real=0.02s
[357.364s][info][gc,start       ] GC(983) Pause Young (Allocation Failure)
[357.375s][info][gc,heap        ] GC(983) PSYoungGen: 293376K->25589K(311296K)
[357.375s][info][gc,heap        ] GC(983) ParOldGen: 4985K->5497K(699392K)
[357.375s][info][gc,metaspace   ] GC(983) Metaspace: 23824K(24832K)->23824K(24832K) NonClass: 20896K(21504K)->20896K(21504K) Class: 2927K(3328K)->2927K(3328K)
[357.375s][info][gc             ] GC(983) Pause Young (Allocation Failure) 291M->30M(987M) 11.260ms
[357.375s][info][gc,cpu         ] GC(983) User=0.00s Sys=0.00s Real=0.00s
[357.434s][info][gc,start       ] GC(984) Pause Young (Allocation Failure)
[357.450s][info][gc,heap        ] GC(984) PSYoungGen: 311285K->0K(317440K)
[357.450s][info][gc,heap        ] GC(984) ParOldGen: 5497K->31169K(699392K)
[357.450s][info][gc,metaspace   ] GC(984) Metaspace: 23824K(24832K)->23824K(24832K) NonClass: 20896K(21504K)->20896K(21504K) Class: 2927K(3328K)->2927K(3328K)
[357.450s][info][gc             ] GC(984) Pause Young (Allocation Failure) 309M->30M(993M) 16.109ms
[357.450s][info][gc,cpu         ] GC(984) User=0.02s Sys=0.00s Real=0.02s
[357.508s][info][gc,start       ] GC(985) Pause Young (Allocation Failure)
[357.508s][info][gc,heap        ] GC(985) PSYoungGen: 285696K->0K(320512K)
[357.508s][info][gc,heap        ] GC(985) ParOldGen: 31169K->31169K(699392K)
[357.508s][info][gc,metaspace   ] GC(985) Metaspace: 23824K(24832K)->23824K(24832K) NonClass: 20896K(21504K)->20896K(21504K) Class: 2927K(3328K)->2927K(3328K)
[357.508s][info][gc             ] GC(985) Pause Young (Allocation Failure) 309M->30M(996M) 0.714ms
[357.508s][info][gc,cpu         ] GC(985) User=0.00s Sys=0.00s Real=0.00s
[357.567s][info][gc,start       ] GC(986) Pause Young (Allocation Failure)
[357.567s][info][gc,heap        ] GC(986) PSYoungGen: 290304K->0K(318976K)
[357.567s][info][gc,heap        ] GC(986) ParOldGen: 31169K->31169K(699392K)
[357.567s][info][gc,metaspace   ] GC(986) Metaspace: 23824K(24832K)->23824K(24832K) NonClass: 20896K(21504K)->20896K(21504K) Class: 2927K(3328K)->2927K(3328K)
[357.567s][info][gc             ] GC(986) Pause Young (Allocation Failure) 313M->30M(994M) 0.485ms
[357.567s][info][gc,cpu         ] GC(986) User=0.00s Sys=0.00s Real=0.00s
[359.336s][info][gc,start       ] GC(987) Pause Young (Allocation Failure)
[359.348s][info][gc,heap        ] GC(987) PSYoungGen: 290304K->26747K(309760K)
[359.349s][info][gc,heap        ] GC(987) ParOldGen: 31169K->31169K(699392K)
[359.349s][info][gc,metaspace   ] GC(987) Metaspace: 23824K(24832K)->23824K(24832K) NonClass: 20896K(21504K)->20896K(21504K) Class: 2927K(3328K)->2927K(3328K)
[359.349s][info][gc             ] GC(987) Pause Young (Allocation Failure) 313M->56M(985M) 12.726ms
[359.349s][info][gc,cpu         ] GC(987) User=0.02s Sys=0.00s Real=0.02s
[359.406s][info][gc,start       ] GC(988) Pause Young (Allocation Failure)
[359.421s][info][gc,heap        ] GC(988) PSYoungGen: 309371K->0K(315904K)
[359.421s][info][gc,heap        ] GC(988) ParOldGen: 31169K->57910K(699392K)
[359.421s][info][gc,metaspace   ] GC(988) Metaspace: 23824K(24832K)->23824K(24832K) NonClass: 20896K(21504K)->20896K(21504K) Class: 2927K(3328K)->2927K(3328K)
[359.421s][info][gc             ] GC(988) Pause Young (Allocation Failure) 332M->56M(991M) 15.577ms
[359.421s][info][gc,cpu         ] GC(988) User=0.02s Sys=0.00s Real=0.02s
[359.478s][info][gc,start       ] GC(989) Pause Young (Allocation Failure)
[359.479s][info][gc,heap        ] GC(989) PSYoungGen: 282624K->0K(318976K)
[359.479s][info][gc,heap        ] GC(989) ParOldGen: 57910K->57910K(699392K)
[359.479s][info][gc,metaspace   ] GC(989) Metaspace: 23824K(24832K)->23824K(24832K) NonClass: 20896K(21504K)->20896K(21504K) Class: 2927K(3328K)->2927K(3328K)
[359.479s][info][gc             ] GC(989) Pause Young (Allocation Failure) 332M->56M(994M) 0.651ms
[359.479s][info][gc,cpu         ] GC(989) User=0.00s Sys=0.00s Real=0.00s
[359.537s][info][gc,start       ] GC(990) Pause Young (Allocation Failure)
[359.538s][info][gc,heap        ] GC(990) PSYoungGen: 287232K->0K(317440K)
[359.538s][info][gc,heap        ] GC(990) ParOldGen: 57910K->57910K(699392K)
[359.538s][info][gc,metaspace   ] GC(990) Metaspace: 23824K(24832K)->23824K(24832K) NonClass: 20896K(21504K)->20896K(21504K) Class: 2927K(3328K)->2927K(3328K)
[359.538s][info][gc             ] GC(990) Pause Young (Allocation Failure) 337M->56M(993M) 0.794ms
[359.538s][info][gc,cpu         ] GC(990) User=0.00s Sys=0.00s Real=0.00s
[359.596s][info][gc,start       ] GC(991) Pause Young (Allocation Failure)
[359.596s][info][gc,heap        ] GC(991) PSYoungGen: 287232K->0K(322048K)
[359.596s][info][gc,heap        ] GC(991) ParOldGen: 57910K->57910K(699392K)
[359.596s][info][gc,metaspace   ] GC(991) Metaspace: 23824K(24832K)->23824K(24832K) NonClass: 20896K(21504K)->20896K(21504K) Class: 2927K(3328K)->2927K(3328K)
[359.596s][info][gc             ] GC(991) Pause Young (Allocation Failure) 337M->56M(997M) 0.676ms
[359.596s][info][gc,cpu         ] GC(991) User=0.00s Sys=0.00s Real=0.00s
[359.631s][info][gc,start       ] GC(992) Pause Young (System.gc())
[359.632s][info][gc,heap        ] GC(992) PSYoungGen: 93871K->678K(320512K)
[359.632s][info][gc,heap        ] GC(992) ParOldGen: 57910K->57910K(699392K)
[359.632s][info][gc,metaspace   ] GC(992) Metaspace: 23824K(24832K)->23824K(24832K) NonClass: 20896K(21504K)->20896K(21504K) Class: 2927K(3328K)->2927K(3328K)
[359.632s][info][gc             ] GC(992) Pause Young (System.gc()) 148M->57M(996M) 1.022ms
[359.632s][info][gc,cpu         ] GC(992) User=0.00s Sys=0.00s Real=0.00s
[359.632s][info][gc,start       ] GC(993) Pause Full (System.gc())
[359.632s][info][gc,phases,start] GC(993) Marking Phase
[359.637s][info][gc,phases      ] GC(993) Marking Phase 5.144ms
[359.637s][info][gc,phases,start] GC(993) Summary Phase
[359.637s][info][gc,phases      ] GC(993) Summary Phase 0.009ms
[359.637s][info][gc,phases,start] GC(993) Adjust Roots
[359.640s][info][gc,phases      ] GC(993) Adjust Roots 2.539ms
[359.640s][info][gc,phases,start] GC(993) Compaction Phase
[359.642s][info][gc,phases      ] GC(993) Compaction Phase 2.601ms
[359.642s][info][gc,phases,start] GC(993) Post Compact
[359.643s][info][gc,phases      ] GC(993) Post Compact 0.343ms
[359.643s][info][gc,heap        ] GC(993) PSYoungGen: 678K->0K(320512K)
[359.643s][info][gc,heap        ] GC(993) ParOldGen: 57910K->4985K(699392K)
[359.643s][info][gc,metaspace   ] GC(993) Metaspace: 23824K(24832K)->23824K(24832K) NonClass: 20896K(21504K)->20896K(21504K) Class: 2927K(3328K)->2927K(3328K)
[359.643s][info][gc             ] GC(993) Pause Full (System.gc()) 57M->4M(996M) 10.837ms
[359.643s][info][gc,cpu         ] GC(993) User=0.00s Sys=0.00s Real=0.02s
[361.405s][info][gc,start       ] GC(994) Pause Young (Allocation Failure)
[361.417s][info][gc,heap        ] GC(994) PSYoungGen: 293376K->25589K(311296K)
[361.417s][info][gc,heap        ] GC(994) ParOldGen: 4985K->5489K(699392K)
[361.417s][info][gc,metaspace   ] GC(994) Metaspace: 23826K(24832K)->23826K(24832K) NonClass: 20898K(21504K)->20898K(21504K) Class: 2927K(3328K)->2927K(3328K)
[361.417s][info][gc             ] GC(994) Pause Young (Allocation Failure) 291M->30M(987M) 12.472ms
[361.417s][info][gc,cpu         ] GC(994) User=0.02s Sys=0.00s Real=0.02s
[361.476s][info][gc,start       ] GC(995) Pause Young (Allocation Failure)
[361.492s][info][gc,heap        ] GC(995) PSYoungGen: 311285K->0K(317440K)
[361.492s][info][gc,heap        ] GC(995) ParOldGen: 5489K->31169K(699392K)
[361.492s][info][gc,metaspace   ] GC(995) Metaspace: 23826K(24832K)->23826K(24832K) NonClass: 20898K(21504K)->20898K(21504K) Class: 2927K(3328K)->2927K(3328K)
[361.493s][info][gc             ] GC(995) Pause Young (Allocation Failure) 309M->30M(993M) 16.858ms
[361.493s][info][gc,cpu         ] GC(995) User=0.08s Sys=0.00s Real=0.02s
[361.550s][info][gc,start       ] GC(996) Pause Young (Allocation Failure)
[361.551s][info][gc,heap        ] GC(996) PSYoungGen: 285696K->0K(320512K)
[361.551s][info][gc,heap        ] GC(996) ParOldGen: 31169K->31169K(699392K)
[361.551s][info][gc,metaspace   ] GC(996) Metaspace: 23826K(24832K)->23826K(24832K) NonClass: 20898K(21504K)->20898K(21504K) Class: 2927K(3328K)->2927K(3328K)
[361.551s][info][gc             ] GC(996) Pause Young (Allocation Failure) 309M->30M(996M) 0.742ms
[361.551s][info][gc,cpu         ] GC(996) User=0.00s Sys=0.00s Real=0.00s
[361.610s][info][gc,start       ] GC(997) Pause Young (Allocation Failure)
[361.610s][info][gc,heap        ] GC(997) PSYoungGen: 290304K->0K(318976K)
[361.610s][info][gc,heap        ] GC(997) ParOldGen: 31169K->31169K(699392K)
[361.610s][info][gc,metaspace   ] GC(997) Metaspace: 23826K(24832K)->23826K(24832K) NonClass: 20898K(21504K)->20898K(21504K) Class: 2927K(3328K)->2927K(3328K)
[361.610s][info][gc             ] GC(997) Pause Young (Allocation Failure) 313M->30M(994M) 0.734ms
[361.610s][info][gc,cpu         ] GC(997) User=0.00s Sys=0.00s Real=0.00s
[363.387s][info][gc,start       ] GC(998) Pause Young (Allocation Failure)
[363.400s][info][gc,heap        ] GC(998) PSYoungGen: 290304K->26701K(309760K)
[363.400s][info][gc,heap        ] GC(998) ParOldGen: 31169K->31169K(699392K)
[363.400s][info][gc,metaspace   ] GC(998) Metaspace: 23826K(24832K)->23826K(24832K) NonClass: 20898K(21504K)->20898K(21504K) Class: 2927K(3328K)->2927K(3328K)
[363.400s][info][gc             ] GC(998) Pause Young (Allocation Failure) 313M->56M(985M) 13.170ms
[363.400s][info][gc,cpu         ] GC(998) User=0.02s Sys=0.00s Real=0.02s
[363.457s][info][gc,start       ] GC(999) Pause Young (Allocation Failure)
[363.474s][info][gc,heap        ] GC(999) PSYoungGen: 309325K->0K(315904K)
[363.474s][info][gc,heap        ] GC(999) ParOldGen: 31169K->57902K(699392K)
[363.474s][info][gc,metaspace   ] GC(999) Metaspace: 23826K(24832K)->23826K(24832K) NonClass: 20898K(21504K)->20898K(21504K) Class: 2927K(3328K)->2927K(3328K)
[363.474s][info][gc             ] GC(999) Pause Young (Allocation Failure) 332M->56M(991M) 16.983ms
[363.474s][info][gc,cpu         ] GC(999) User=0.08s Sys=0.00s Real=0.02s
[363.531s][info][gc,start       ] GC(1000) Pause Young (Allocation Failure)
[363.532s][info][gc,heap        ] GC(1000) PSYoungGen: 282624K->0K(318976K)
[363.532s][info][gc,heap        ] GC(1000) ParOldGen: 57902K->57902K(699392K)
[363.532s][info][gc,metaspace   ] GC(1000) Metaspace: 23826K(24832K)->23826K(24832K) NonClass: 20898K(21504K)->20898K(21504K) Class: 2927K(3328K)->2927K(3328K)
[363.532s][info][gc             ] GC(1000) Pause Young (Allocation Failure) 332M->56M(994M) 0.578ms
[363.532s][info][gc,cpu         ] GC(1000) User=0.00s Sys=0.00s Real=0.00s
[363.590s][info][gc,start       ] GC(1001) Pause Young (Allocation Failure)
[363.591s][info][gc,heap        ] GC(1001) PSYoungGen: 287232K->0K(317440K)
[363.591s][info][gc,heap        ] GC(1001) ParOldGen: 57902K->57902K(699392K)
[363.591s][info][gc,metaspace   ] GC(1001) Metaspace: 23826K(24832K)->23826K(24832K) NonClass: 20898K(21504K)->20898K(21504K) Class: 2927K(3328K)->2927K(3328K)
[363.591s][info][gc             ] GC(1001) Pause Young (Allocation Failure) 337M->56M(993M) 0.798ms
[363.591s][info][gc,cpu         ] GC(1001) User=0.00s Sys=0.00s Real=0.00s
[363.649s][info][gc,start       ] GC(1002) Pause Young (Allocation Failure)
[363.649s][info][gc,heap        ] GC(1002) PSYoungGen: 287232K->0K(322048K)
[363.649s][info][gc,heap        ] GC(1002) ParOldGen: 57902K->57902K(699392K)
[363.649s][info][gc,metaspace   ] GC(1002) Metaspace: 23826K(24832K)->23826K(24832K) NonClass: 20898K(21504K)->20898K(21504K) Class: 2927K(3328K)->2927K(3328K)
[363.649s][info][gc             ] GC(1002) Pause Young (Allocation Failure) 337M->56M(997M) 0.498ms
[363.649s][info][gc,cpu         ] GC(1002) User=0.00s Sys=0.00s Real=0.00s
[363.684s][info][gc,start       ] GC(1003) Pause Young (System.gc())
[363.685s][info][gc,heap        ] GC(1003) PSYoungGen: 93871K->678K(320512K)
[363.685s][info][gc,heap        ] GC(1003) ParOldGen: 57902K->57902K(699392K)
[363.685s][info][gc,metaspace   ] GC(1003) Metaspace: 23826K(24832K)->23826K(24832K) NonClass: 20898K(21504K)->20898K(21504K) Class: 2927K(3328K)->2927K(3328K)
[363.685s][info][gc             ] GC(1003) Pause Young (System.gc()) 148M->57M(996M) 1.023ms
[363.685s][info][gc,cpu         ] GC(1003) User=0.00s Sys=0.00s Real=0.00s
[363.685s][info][gc,start       ] GC(1004) Pause Full (System.gc())
[363.685s][info][gc,phases,start] GC(1004) Marking Phase
[363.690s][info][gc,phases      ] GC(1004) Marking Phase 4.980ms
[363.690s][info][gc,phases,start] GC(1004) Summary Phase
[363.690s][info][gc,phases      ] GC(1004) Summary Phase 0.009ms
[363.690s][info][gc,phases,start] GC(1004) Adjust Roots
[363.693s][info][gc,phases      ] GC(1004) Adjust Roots 2.582ms
[363.693s][info][gc,phases,start] GC(1004) Compaction Phase
[363.695s][info][gc,phases      ] GC(1004) Compaction Phase 2.080ms
[363.695s][info][gc,phases,start] GC(1004) Post Compact
[363.696s][info][gc,phases      ] GC(1004) Post Compact 0.345ms
[363.696s][info][gc,heap        ] GC(1004) PSYoungGen: 678K->0K(320512K)
[363.696s][info][gc,heap        ] GC(1004) ParOldGen: 57902K->4985K(699392K)
[363.696s][info][gc,metaspace   ] GC(1004) Metaspace: 23826K(24832K)->23826K(24832K) NonClass: 20898K(21504K)->20898K(21504K) Class: 2927K(3328K)->2927K(3328K)
[363.696s][info][gc             ] GC(1004) Pause Full (System.gc()) 57M->4M(996M) 10.240ms
[363.696s][info][gc,cpu         ] GC(1004) User=0.00s Sys=0.00s Real=0.02s
[365.455s][info][gc,start       ] GC(1005) Pause Young (Allocation Failure)
[365.467s][info][gc,heap        ] GC(1005) PSYoungGen: 293376K->25589K(311296K)
[365.467s][info][gc,heap        ] GC(1005) ParOldGen: 4985K->5481K(699392K)
[365.467s][info][gc,metaspace   ] GC(1005) Metaspace: 23826K(24832K)->23826K(24832K) NonClass: 20898K(21504K)->20898K(21504K) Class: 2927K(3328K)->2927K(3328K)
[365.467s][info][gc             ] GC(1005) Pause Young (Allocation Failure) 291M->30M(987M) 11.586ms
[365.467s][info][gc,cpu         ] GC(1005) User=0.02s Sys=0.00s Real=0.02s
[365.525s][info][gc,start       ] GC(1006) Pause Young (Allocation Failure)
[365.541s][info][gc,heap        ] GC(1006) PSYoungGen: 311285K->0K(317440K)
[365.541s][info][gc,heap        ] GC(1006) ParOldGen: 5481K->31161K(699392K)
[365.541s][info][gc,metaspace   ] GC(1006) Metaspace: 23826K(24832K)->23826K(24832K) NonClass: 20898K(21504K)->20898K(21504K) Class: 2927K(3328K)->2927K(3328K)
[365.541s][info][gc             ] GC(1006) Pause Young (Allocation Failure) 309M->30M(993M) 15.992ms
[365.541s][info][gc,cpu         ] GC(1006) User=0.02s Sys=0.00s Real=0.02s
[365.599s][info][gc,start       ] GC(1007) Pause Young (Allocation Failure)
[365.600s][info][gc,heap        ] GC(1007) PSYoungGen: 285696K->0K(320512K)
[365.600s][info][gc,heap        ] GC(1007) ParOldGen: 31161K->31161K(699392K)
[365.600s][info][gc,metaspace   ] GC(1007) Metaspace: 23826K(24832K)->23826K(24832K) NonClass: 20898K(21504K)->20898K(21504K) Class: 2927K(3328K)->2927K(3328K)
[365.600s][info][gc             ] GC(1007) Pause Young (Allocation Failure) 309M->30M(996M) 0.779ms
[365.600s][info][gc,cpu         ] GC(1007) User=0.00s Sys=0.00s Real=0.00s
[365.659s][info][gc,start       ] GC(1008) Pause Young (Allocation Failure)
[365.659s][info][gc,heap        ] GC(1008) PSYoungGen: 290304K->0K(318976K)
[365.659s][info][gc,heap        ] GC(1008) ParOldGen: 31161K->31161K(699392K)
[365.659s][info][gc,metaspace   ] GC(1008) Metaspace: 23826K(24832K)->23826K(24832K) NonClass: 20898K(21504K)->20898K(21504K) Class: 2927K(3328K)->2927K(3328K)
[365.659s][info][gc             ] GC(1008) Pause Young (Allocation Failure) 313M->30M(994M) 0.688ms
[365.659s][info][gc,cpu         ] GC(1008) User=0.00s Sys=0.00s Real=0.00s
[367.437s][info][gc,start       ] GC(1009) Pause Young (Allocation Failure)
[367.449s][info][gc,heap        ] GC(1009) PSYoungGen: 290304K->26733K(309760K)
[367.449s][info][gc,heap        ] GC(1009) ParOldGen: 31161K->31161K(699392K)
[367.449s][info][gc,metaspace   ] GC(1009) Metaspace: 23826K(24832K)->23826K(24832K) NonClass: 20898K(21504K)->20898K(21504K) Class: 2927K(3328K)->2927K(3328K)
[367.449s][info][gc             ] GC(1009) Pause Young (Allocation Failure) 313M->56M(985M) 12.327ms
[367.449s][info][gc,cpu         ] GC(1009) User=0.02s Sys=0.00s Real=0.02s
[367.507s][info][gc,start       ] GC(1010) Pause Young (Allocation Failure)
[367.524s][info][gc,heap        ] GC(1010) PSYoungGen: 309357K->0K(315904K)
[367.524s][info][gc,heap        ] GC(1010) ParOldGen: 31161K->57894K(699392K)
[367.524s][info][gc,metaspace   ] GC(1010) Metaspace: 23826K(24832K)->23826K(24832K) NonClass: 20898K(21504K)->20898K(21504K) Class: 2927K(3328K)->2927K(3328K)
[367.524s][info][gc             ] GC(1010) Pause Young (Allocation Failure) 332M->56M(991M) 16.744ms
[367.524s][info][gc,cpu         ] GC(1010) User=0.08s Sys=0.00s Real=0.02s
[367.581s][info][gc,start       ] GC(1011) Pause Young (Allocation Failure)
[367.582s][info][gc,heap        ] GC(1011) PSYoungGen: 282624K->0K(318976K)
[367.582s][info][gc,heap        ] GC(1011) ParOldGen: 57894K->57894K(699392K)
[367.582s][info][gc,metaspace   ] GC(1011) Metaspace: 23826K(24832K)->23826K(24832K) NonClass: 20898K(21504K)->20898K(21504K) Class: 2927K(3328K)->2927K(3328K)
[367.582s][info][gc             ] GC(1011) Pause Young (Allocation Failure) 332M->56M(994M) 0.945ms
[367.582s][info][gc,cpu         ] GC(1011) User=0.00s Sys=0.00s Real=0.00s
[367.640s][info][gc,start       ] GC(1012) Pause Young (Allocation Failure)
[367.640s][info][gc,heap        ] GC(1012) PSYoungGen: 287232K->0K(317440K)
[367.640s][info][gc,heap        ] GC(1012) ParOldGen: 57894K->57894K(699392K)
[367.640s][info][gc,metaspace   ] GC(1012) Metaspace: 23826K(24832K)->23826K(24832K) NonClass: 20898K(21504K)->20898K(21504K) Class: 2927K(3328K)->2927K(3328K)
[367.640s][info][gc             ] GC(1012) Pause Young (Allocation Failure) 337M->56M(993M) 0.671ms
[367.640s][info][gc,cpu         ] GC(1012) User=0.00s Sys=0.00s Real=0.00s
[367.698s][info][gc,start       ] GC(1013) Pause Young (Allocation Failure)
[367.699s][info][gc,heap        ] GC(1013) PSYoungGen: 287232K->0K(322048K)
[367.699s][info][gc,heap        ] GC(1013) ParOldGen: 57894K->57894K(699392K)
[367.699s][info][gc,metaspace   ] GC(1013) Metaspace: 23826K(24832K)->23826K(24832K) NonClass: 20898K(21504K)->20898K(21504K) Class: 2927K(3328K)->2927K(3328K)
[367.699s][info][gc             ] GC(1013) Pause Young (Allocation Failure) 337M->56M(997M) 0.664ms
[367.699s][info][gc,cpu         ] GC(1013) User=0.00s Sys=0.00s Real=0.00s
[367.733s][info][gc,start       ] GC(1014) Pause Young (System.gc())
[367.734s][info][gc,heap        ] GC(1014) PSYoungGen: 93871K->678K(320512K)
[367.734s][info][gc,heap        ] GC(1014) ParOldGen: 57894K->57894K(699392K)
[367.734s][info][gc,metaspace   ] GC(1014) Metaspace: 23826K(24832K)->23826K(24832K) NonClass: 20898K(21504K)->20898K(21504K) Class: 2927K(3328K)->2927K(3328K)
[367.734s][info][gc             ] GC(1014) Pause Young (System.gc()) 148M->57M(996M) 0.993ms
[367.734s][info][gc,cpu         ] GC(1014) User=0.00s Sys=0.00s Real=0.00s
[367.734s][info][gc,start       ] GC(1015) Pause Full (System.gc())
[367.734s][info][gc,phases,start] GC(1015) Marking Phase
[367.739s][info][gc,phases      ] GC(1015) Marking Phase 4.746ms
[367.739s][info][gc,phases,start] GC(1015) Summary Phase
[367.739s][info][gc,phases      ] GC(1015) Summary Phase 0.012ms
[367.739s][info][gc,phases,start] GC(1015) Adjust Roots
[367.742s][info][gc,phases      ] GC(1015) Adjust Roots 2.725ms
[367.742s][info][gc,phases,start] GC(1015) Compaction Phase
[367.744s][info][gc,phases      ] GC(1015) Compaction Phase 1.856ms
[367.744s][info][gc,phases,start] GC(1015) Post Compact
[367.744s][info][gc,phases      ] GC(1015) Post Compact 0.367ms
[367.744s][info][gc,heap        ] GC(1015) PSYoungGen: 678K->0K(320512K)
[367.744s][info][gc,heap        ] GC(1015) ParOldGen: 57894K->4985K(699392K)
[367.744s][info][gc,metaspace   ] GC(1015) Metaspace: 23826K(24832K)->23826K(24832K) NonClass: 20898K(21504K)->20898K(21504K) Class: 2927K(3328K)->2927K(3328K)
[367.744s][info][gc             ] GC(1015) Pause Full (System.gc()) 57M->4M(996M) 9.959ms
[367.744s][info][gc,cpu         ] GC(1015) User=0.00s Sys=0.00s Real=0.02s
[369.502s][info][gc,start       ] GC(1016) Pause Young (Allocation Failure)
[369.513s][info][gc,heap        ] GC(1016) PSYoungGen: 293376K->25589K(311296K)
[369.513s][info][gc,heap        ] GC(1016) ParOldGen: 4985K->5489K(699392K)
[369.513s][info][gc,metaspace   ] GC(1016) Metaspace: 23826K(24832K)->23826K(24832K) NonClass: 20898K(21504K)->20898K(21504K) Class: 2927K(3328K)->2927K(3328K)
[369.513s][info][gc             ] GC(1016) Pause Young (Allocation Failure) 291M->30M(987M) 11.261ms
[369.513s][info][gc,cpu         ] GC(1016) User=0.02s Sys=0.00s Real=0.02s
[369.572s][info][gc,start       ] GC(1017) Pause Young (Allocation Failure)
[369.588s][info][gc,heap        ] GC(1017) PSYoungGen: 311285K->0K(317440K)
[369.588s][info][gc,heap        ] GC(1017) ParOldGen: 5489K->31169K(699392K)
[369.588s][info][gc,metaspace   ] GC(1017) Metaspace: 23826K(24832K)->23826K(24832K) NonClass: 20898K(21504K)->20898K(21504K) Class: 2927K(3328K)->2927K(3328K)
[369.588s][info][gc             ] GC(1017) Pause Young (Allocation Failure) 309M->30M(993M) 16.572ms
[369.588s][info][gc,cpu         ] GC(1017) User=0.08s Sys=0.00s Real=0.02s
[369.646s][info][gc,start       ] GC(1018) Pause Young (Allocation Failure)
[369.647s][info][gc,heap        ] GC(1018) PSYoungGen: 285696K->0K(320512K)
[369.647s][info][gc,heap        ] GC(1018) ParOldGen: 31169K->31169K(699392K)
[369.647s][info][gc,metaspace   ] GC(1018) Metaspace: 23826K(24832K)->23826K(24832K) NonClass: 20898K(21504K)->20898K(21504K) Class: 2927K(3328K)->2927K(3328K)
[369.647s][info][gc             ] GC(1018) Pause Young (Allocation Failure) 309M->30M(996M) 0.779ms
[369.647s][info][gc,cpu         ] GC(1018) User=0.00s Sys=0.00s Real=0.00s
[369.705s][info][gc,start       ] GC(1019) Pause Young (Allocation Failure)
[369.706s][info][gc,heap        ] GC(1019) PSYoungGen: 290304K->0K(318976K)
[369.706s][info][gc,heap        ] GC(1019) ParOldGen: 31169K->31169K(699392K)
[369.706s][info][gc,metaspace   ] GC(1019) Metaspace: 23826K(24832K)->23826K(24832K) NonClass: 20898K(21504K)->20898K(21504K) Class: 2927K(3328K)->2927K(3328K)
[369.706s][info][gc             ] GC(1019) Pause Young (Allocation Failure) 313M->30M(994M) 0.592ms
[369.706s][info][gc,cpu         ] GC(1019) User=0.00s Sys=0.00s Real=0.00s
[371.480s][info][gc,start       ] GC(1020) Pause Young (Allocation Failure)
[371.492s][info][gc,heap        ] GC(1020) PSYoungGen: 290304K->26733K(309760K)
[371.492s][info][gc,heap        ] GC(1020) ParOldGen: 31169K->31169K(699392K)
[371.492s][info][gc,metaspace   ] GC(1020) Metaspace: 23826K(24832K)->23826K(24832K) NonClass: 20898K(21504K)->20898K(21504K) Class: 2927K(3328K)->2927K(3328K)
[371.492s][info][gc             ] GC(1020) Pause Young (Allocation Failure) 313M->56M(985M) 11.584ms
[371.492s][info][gc,cpu         ] GC(1020) User=0.02s Sys=0.00s Real=0.01s
[371.550s][info][gc,start       ] GC(1021) Pause Young (Allocation Failure)
[371.565s][info][gc,heap        ] GC(1021) PSYoungGen: 309357K->0K(315904K)
[371.565s][info][gc,heap        ] GC(1021) ParOldGen: 31169K->57910K(699392K)
[371.565s][info][gc,metaspace   ] GC(1021) Metaspace: 23826K(24832K)->23826K(24832K) NonClass: 20898K(21504K)->20898K(21504K) Class: 2927K(3328K)->2927K(3328K)
[371.566s][info][gc             ] GC(1021) Pause Young (Allocation Failure) 332M->56M(991M) 15.952ms
[371.566s][info][gc,cpu         ] GC(1021) User=0.02s Sys=0.00s Real=0.01s
[371.623s][info][gc,start       ] GC(1022) Pause Young (Allocation Failure)
[371.623s][info][gc,heap        ] GC(1022) PSYoungGen: 282624K->0K(318976K)
[371.623s][info][gc,heap        ] GC(1022) ParOldGen: 57910K->57910K(699392K)
[371.623s][info][gc,metaspace   ] GC(1022) Metaspace: 23826K(24832K)->23826K(24832K) NonClass: 20898K(21504K)->20898K(21504K) Class: 2927K(3328K)->2927K(3328K)
[371.623s][info][gc             ] GC(1022) Pause Young (Allocation Failure) 332M->56M(994M) 0.729ms
[371.623s][info][gc,cpu         ] GC(1022) User=0.00s Sys=0.00s Real=0.00s
[371.681s][info][gc,start       ] GC(1023) Pause Young (Allocation Failure)
[371.682s][info][gc,heap        ] GC(1023) PSYoungGen: 287232K->0K(317440K)
[371.682s][info][gc,heap        ] GC(1023) ParOldGen: 57910K->57910K(699392K)
[371.682s][info][gc,metaspace   ] GC(1023) Metaspace: 23826K(24832K)->23826K(24832K) NonClass: 20898K(21504K)->20898K(21504K) Class: 2927K(3328K)->2927K(3328K)
[371.682s][info][gc             ] GC(1023) Pause Young (Allocation Failure) 337M->56M(993M) 0.529ms
[371.682s][info][gc,cpu         ] GC(1023) User=0.00s Sys=0.00s Real=0.00s
[371.740s][info][gc,start       ] GC(1024) Pause Young (Allocation Failure)
[371.740s][info][gc,heap        ] GC(1024) PSYoungGen: 287232K->0K(322048K)
[371.740s][info][gc,heap        ] GC(1024) ParOldGen: 57910K->57910K(699392K)
[371.740s][info][gc,metaspace   ] GC(1024) Metaspace: 23826K(24832K)->23826K(24832K) NonClass: 20898K(21504K)->20898K(21504K) Class: 2927K(3328K)->2927K(3328K)
[371.740s][info][gc             ] GC(1024) Pause Young (Allocation Failure) 337M->56M(997M) 0.840ms
[371.740s][info][gc,cpu         ] GC(1024) User=0.00s Sys=0.00s Real=0.00s
[371.776s][info][gc,start       ] GC(1025) Pause Young (System.gc())
[371.777s][info][gc,heap        ] GC(1025) PSYoungGen: 93871K->646K(320512K)
[371.777s][info][gc,heap        ] GC(1025) ParOldGen: 57910K->57910K(699392K)
[371.778s][info][gc,metaspace   ] GC(1025) Metaspace: 23826K(24832K)->23826K(24832K) NonClass: 20898K(21504K)->20898K(21504K) Class: 2927K(3328K)->2927K(3328K)
[371.778s][info][gc             ] GC(1025) Pause Young (System.gc()) 148M->57M(996M) 1.146ms
[371.778s][info][gc,cpu         ] GC(1025) User=0.00s Sys=0.00s Real=0.00s
[371.778s][info][gc,start       ] GC(1026) Pause Full (System.gc())
[371.778s][info][gc,phases,start] GC(1026) Marking Phase
[371.782s][info][gc,phases      ] GC(1026) Marking Phase 4.207ms
[371.782s][info][gc,phases,start] GC(1026) Summary Phase
[371.782s][info][gc,phases      ] GC(1026) Summary Phase 0.009ms
[371.782s][info][gc,phases,start] GC(1026) Adjust Roots
[371.784s][info][gc,phases      ] GC(1026) Adjust Roots 2.550ms
[371.784s][info][gc,phases,start] GC(1026) Compaction Phase
[371.787s][info][gc,phases      ] GC(1026) Compaction Phase 2.882ms
[371.787s][info][gc,phases,start] GC(1026) Post Compact
[371.788s][info][gc,phases      ] GC(1026) Post Compact 0.337ms
[371.788s][info][gc,heap        ] GC(1026) PSYoungGen: 646K->0K(320512K)
[371.788s][info][gc,heap        ] GC(1026) ParOldGen: 57910K->4985K(699392K)
[371.788s][info][gc,metaspace   ] GC(1026) Metaspace: 23826K(24832K)->23826K(24832K) NonClass: 20898K(21504K)->20898K(21504K) Class: 2927K(3328K)->2927K(3328K)
[371.788s][info][gc             ] GC(1026) Pause Full (System.gc()) 57M->4M(996M) 10.195ms
[371.788s][info][gc,cpu         ] GC(1026) User=0.00s Sys=0.00s Real=0.01s
[373.547s][info][gc,start       ] GC(1027) Pause Young (Allocation Failure)
[373.559s][info][gc,heap        ] GC(1027) PSYoungGen: 293376K->25589K(311296K)
[373.559s][info][gc,heap        ] GC(1027) ParOldGen: 4985K->5489K(699392K)
[373.559s][info][gc,metaspace   ] GC(1027) Metaspace: 23826K(24832K)->23826K(24832K) NonClass: 20898K(21504K)->20898K(21504K) Class: 2927K(3328K)->2927K(3328K)
[373.559s][info][gc             ] GC(1027) Pause Young (Allocation Failure) 291M->30M(987M) 12.233ms
[373.559s][info][gc,cpu         ] GC(1027) User=0.00s Sys=0.00s Real=0.00s
[373.617s][info][gc,start       ] GC(1028) Pause Young (Allocation Failure)
[373.633s][info][gc,heap        ] GC(1028) PSYoungGen: 311285K->0K(317440K)
[373.633s][info][gc,heap        ] GC(1028) ParOldGen: 5489K->31177K(699392K)
[373.633s][info][gc,metaspace   ] GC(1028) Metaspace: 23826K(24832K)->23826K(24832K) NonClass: 20898K(21504K)->20898K(21504K) Class: 2927K(3328K)->2927K(3328K)
[373.633s][info][gc             ] GC(1028) Pause Young (Allocation Failure) 309M->30M(993M) 15.322ms
[373.633s][info][gc,cpu         ] GC(1028) User=0.02s Sys=0.00s Real=0.02s
[373.690s][info][gc,start       ] GC(1029) Pause Young (Allocation Failure)
[373.691s][info][gc,heap        ] GC(1029) PSYoungGen: 285696K->0K(320512K)
[373.691s][info][gc,heap        ] GC(1029) ParOldGen: 31177K->31177K(699392K)
[373.691s][info][gc,metaspace   ] GC(1029) Metaspace: 23826K(24832K)->23826K(24832K) NonClass: 20898K(21504K)->20898K(21504K) Class: 2927K(3328K)->2927K(3328K)
[373.691s][info][gc             ] GC(1029) Pause Young (Allocation Failure) 309M->30M(996M) 0.810ms
[373.691s][info][gc,cpu         ] GC(1029) User=0.00s Sys=0.00s Real=0.00s
[373.751s][info][gc,start       ] GC(1030) Pause Young (Allocation Failure)
[373.752s][info][gc,heap        ] GC(1030) PSYoungGen: 290304K->0K(318976K)
[373.752s][info][gc,heap        ] GC(1030) ParOldGen: 31177K->31177K(699392K)
[373.752s][info][gc,metaspace   ] GC(1030) Metaspace: 23826K(24832K)->23826K(24832K) NonClass: 20898K(21504K)->20898K(21504K) Class: 2927K(3328K)->2927K(3328K)
[373.752s][info][gc             ] GC(1030) Pause Young (Allocation Failure) 313M->30M(994M) 0.564ms
[373.752s][info][gc,cpu         ] GC(1030) User=0.00s Sys=0.00s Real=0.00s
[375.526s][info][gc,start       ] GC(1031) Pause Young (Allocation Failure)
[375.537s][info][gc,heap        ] GC(1031) PSYoungGen: 290304K->26765K(309760K)
[375.537s][info][gc,heap        ] GC(1031) ParOldGen: 31177K->31177K(699392K)
[375.537s][info][gc,metaspace   ] GC(1031) Metaspace: 23826K(24832K)->23826K(24832K) NonClass: 20898K(21504K)->20898K(21504K) Class: 2927K(3328K)->2927K(3328K)
[375.537s][info][gc             ] GC(1031) Pause Young (Allocation Failure) 313M->56M(985M) 11.432ms
[375.537s][info][gc,cpu         ] GC(1031) User=0.00s Sys=0.00s Real=0.00s
[375.595s][info][gc,start       ] GC(1032) Pause Young (Allocation Failure)
[375.612s][info][gc,heap        ] GC(1032) PSYoungGen: 309389K->0K(315904K)
[375.612s][info][gc,heap        ] GC(1032) ParOldGen: 31177K->57918K(699392K)
[375.612s][info][gc,metaspace   ] GC(1032) Metaspace: 23826K(24832K)->23826K(24832K) NonClass: 20898K(21504K)->20898K(21504K) Class: 2927K(3328K)->2927K(3328K)
[375.612s][info][gc             ] GC(1032) Pause Young (Allocation Failure) 332M->56M(991M) 16.796ms
[375.612s][info][gc,cpu         ] GC(1032) User=0.08s Sys=0.00s Real=0.01s
[375.669s][info][gc,start       ] GC(1033) Pause Young (Allocation Failure)
[375.669s][info][gc,heap        ] GC(1033) PSYoungGen: 282624K->0K(318976K)
[375.669s][info][gc,heap        ] GC(1033) ParOldGen: 57918K->57918K(699392K)
[375.669s][info][gc,metaspace   ] GC(1033) Metaspace: 23826K(24832K)->23826K(24832K) NonClass: 20898K(21504K)->20898K(21504K) Class: 2927K(3328K)->2927K(3328K)
[375.669s][info][gc             ] GC(1033) Pause Young (Allocation Failure) 332M->56M(994M) 0.827ms
[375.669s][info][gc,cpu         ] GC(1033) User=0.00s Sys=0.00s Real=0.00s
[375.727s][info][gc,start       ] GC(1034) Pause Young (Allocation Failure)
[375.728s][info][gc,heap        ] GC(1034) PSYoungGen: 287232K->0K(317440K)
[375.728s][info][gc,heap        ] GC(1034) ParOldGen: 57918K->57918K(699392K)
[375.728s][info][gc,metaspace   ] GC(1034) Metaspace: 23826K(24832K)->23826K(24832K) NonClass: 20898K(21504K)->20898K(21504K) Class: 2927K(3328K)->2927K(3328K)
[375.728s][info][gc             ] GC(1034) Pause Young (Allocation Failure) 337M->56M(993M) 0.553ms
[375.728s][info][gc,cpu         ] GC(1034) User=0.00s Sys=0.00s Real=0.00s
[375.786s][info][gc,start       ] GC(1035) Pause Young (Allocation Failure)
[375.787s][info][gc,heap        ] GC(1035) PSYoungGen: 287232K->0K(322048K)
[375.787s][info][gc,heap        ] GC(1035) ParOldGen: 57918K->57918K(699392K)
[375.787s][info][gc,metaspace   ] GC(1035) Metaspace: 23826K(24832K)->23826K(24832K) NonClass: 20898K(21504K)->20898K(21504K) Class: 2927K(3328K)->2927K(3328K)
[375.787s][info][gc             ] GC(1035) Pause Young (Allocation Failure) 337M->56M(997M) 0.661ms
[375.787s][info][gc,cpu         ] GC(1035) User=0.00s Sys=0.00s Real=0.00s
[375.821s][info][gc,start       ] GC(1036) Pause Young (System.gc())
[375.822s][info][gc,heap        ] GC(1036) PSYoungGen: 93871K->646K(320512K)
[375.822s][info][gc,heap        ] GC(1036) ParOldGen: 57918K->57918K(699392K)
[375.822s][info][gc,metaspace   ] GC(1036) Metaspace: 23826K(24832K)->23826K(24832K) NonClass: 20898K(21504K)->20898K(21504K) Class: 2927K(3328K)->2927K(3328K)
[375.822s][info][gc             ] GC(1036) Pause Young (System.gc()) 148M->57M(996M) 1.205ms
[375.822s][info][gc,cpu         ] GC(1036) User=0.00s Sys=0.00s Real=0.00s
[375.822s][info][gc,start       ] GC(1037) Pause Full (System.gc())
[375.822s][info][gc,phases,start] GC(1037) Marking Phase
[375.827s][info][gc,phases      ] GC(1037) Marking Phase 4.645ms
[375.827s][info][gc,phases,start] GC(1037) Summary Phase
[375.827s][info][gc,phases      ] GC(1037) Summary Phase 0.016ms
[375.827s][info][gc,phases,start] GC(1037) Adjust Roots
[375.830s][info][gc,phases      ] GC(1037) Adjust Roots 2.804ms
[375.830s][info][gc,phases,start] GC(1037) Compaction Phase
[375.833s][info][gc,phases      ] GC(1037) Compaction Phase 2.735ms
[375.833s][info][gc,phases,start] GC(1037) Post Compact
[375.833s][info][gc,phases      ] GC(1037) Post Compact 0.303ms
[375.833s][info][gc,heap        ] GC(1037) PSYoungGen: 646K->0K(320512K)
[375.833s][info][gc,heap        ] GC(1037) ParOldGen: 57918K->4985K(699392K)
[375.833s][info][gc,metaspace   ] GC(1037) Metaspace: 23826K(24832K)->23826K(24832K) NonClass: 20898K(21504K)->20898K(21504K) Class: 2927K(3328K)->2927K(3328K)
[375.833s][info][gc             ] GC(1037) Pause Full (System.gc()) 57M->4M(996M) 10.816ms
[375.833s][info][gc,cpu         ] GC(1037) User=0.00s Sys=0.00s Real=0.00s
[377.592s][info][gc,start       ] GC(1038) Pause Young (Allocation Failure)
[377.603s][info][gc,heap        ] GC(1038) PSYoungGen: 293376K->25589K(311296K)
[377.603s][info][gc,heap        ] GC(1038) ParOldGen: 4985K->5473K(699392K)
[377.603s][info][gc,metaspace   ] GC(1038) Metaspace: 23826K(24832K)->23826K(24832K) NonClass: 20898K(21504K)->20898K(21504K) Class: 2927K(3328K)->2927K(3328K)
[377.603s][info][gc             ] GC(1038) Pause Young (Allocation Failure) 291M->30M(987M) 11.320ms
[377.603s][info][gc,cpu         ] GC(1038) User=0.02s Sys=0.00s Real=0.02s
[377.662s][info][gc,start       ] GC(1039) Pause Young (Allocation Failure)
[377.678s][info][gc,heap        ] GC(1039) PSYoungGen: 311285K->0K(317440K)
[377.678s][info][gc,heap        ] GC(1039) ParOldGen: 5473K->31153K(699392K)
[377.678s][info][gc,metaspace   ] GC(1039) Metaspace: 23826K(24832K)->23826K(24832K) NonClass: 20898K(21504K)->20898K(21504K) Class: 2927K(3328K)->2927K(3328K)
[377.678s][info][gc             ] GC(1039) Pause Young (Allocation Failure) 309M->30M(993M) 16.184ms
[377.678s][info][gc,cpu         ] GC(1039) User=0.03s Sys=0.00s Real=0.01s
[377.735s][info][gc,start       ] GC(1040) Pause Young (Allocation Failure)
[377.736s][info][gc,heap        ] GC(1040) PSYoungGen: 285696K->0K(320512K)
[377.736s][info][gc,heap        ] GC(1040) ParOldGen: 31153K->31153K(699392K)
[377.736s][info][gc,metaspace   ] GC(1040) Metaspace: 23826K(24832K)->23826K(24832K) NonClass: 20898K(21504K)->20898K(21504K) Class: 2927K(3328K)->2927K(3328K)
[377.736s][info][gc             ] GC(1040) Pause Young (Allocation Failure) 309M->30M(996M) 0.716ms
[377.736s][info][gc,cpu         ] GC(1040) User=0.00s Sys=0.00s Real=0.00s
[377.795s][info][gc,start       ] GC(1041) Pause Young (Allocation Failure)
[377.796s][info][gc,heap        ] GC(1041) PSYoungGen: 290304K->0K(318976K)
[377.796s][info][gc,heap        ] GC(1041) ParOldGen: 31153K->31153K(699392K)
[377.796s][info][gc,metaspace   ] GC(1041) Metaspace: 23826K(24832K)->23826K(24832K) NonClass: 20898K(21504K)->20898K(21504K) Class: 2927K(3328K)->2927K(3328K)
[377.796s][info][gc             ] GC(1041) Pause Young (Allocation Failure) 313M->30M(994M) 0.825ms
[377.796s][info][gc,cpu         ] GC(1041) User=0.00s Sys=0.00s Real=0.00s
[379.565s][info][gc,start       ] GC(1042) Pause Young (Allocation Failure)
[379.577s][info][gc,heap        ] GC(1042) PSYoungGen: 290304K->26747K(309760K)
[379.577s][info][gc,heap        ] GC(1042) ParOldGen: 31153K->31153K(699392K)
[379.577s][info][gc,metaspace   ] GC(1042) Metaspace: 23826K(24832K)->23826K(24832K) NonClass: 20898K(21504K)->20898K(21504K) Class: 2927K(3328K)->2927K(3328K)
[379.577s][info][gc             ] GC(1042) Pause Young (Allocation Failure) 313M->56M(985M) 11.708ms
[379.577s][info][gc,cpu         ] GC(1042) User=0.02s Sys=0.00s Real=0.02s
[379.635s][info][gc,start       ] GC(1043) Pause Young (Allocation Failure)
[379.651s][info][gc,heap        ] GC(1043) PSYoungGen: 309371K->0K(315904K)
[379.651s][info][gc,heap        ] GC(1043) ParOldGen: 31153K->57886K(699392K)
[379.651s][info][gc,metaspace   ] GC(1043) Metaspace: 23826K(24832K)->23826K(24832K) NonClass: 20898K(21504K)->20898K(21504K) Class: 2927K(3328K)->2927K(3328K)
[379.651s][info][gc             ] GC(1043) Pause Young (Allocation Failure) 332M->56M(991M) 16.232ms
[379.651s][info][gc,cpu         ] GC(1043) User=0.03s Sys=0.00s Real=0.02s
[379.709s][info][gc,start       ] GC(1044) Pause Young (Allocation Failure)
[379.710s][info][gc,heap        ] GC(1044) PSYoungGen: 282624K->0K(318976K)
[379.710s][info][gc,heap        ] GC(1044) ParOldGen: 57886K->57886K(699392K)
[379.710s][info][gc,metaspace   ] GC(1044) Metaspace: 23826K(24832K)->23826K(24832K) NonClass: 20898K(21504K)->20898K(21504K) Class: 2927K(3328K)->2927K(3328K)
[379.710s][info][gc             ] GC(1044) Pause Young (Allocation Failure) 332M->56M(994M) 0.744ms
[379.710s][info][gc,cpu         ] GC(1044) User=0.00s Sys=0.00s Real=0.00s
[379.768s][info][gc,start       ] GC(1045) Pause Young (Allocation Failure)
[379.769s][info][gc,heap        ] GC(1045) PSYoungGen: 287232K->0K(317440K)
[379.769s][info][gc,heap        ] GC(1045) ParOldGen: 57886K->57886K(699392K)
[379.769s][info][gc,metaspace   ] GC(1045) Metaspace: 23826K(24832K)->23826K(24832K) NonClass: 20898K(21504K)->20898K(21504K) Class: 2927K(3328K)->2927K(3328K)
[379.769s][info][gc             ] GC(1045) Pause Young (Allocation Failure) 337M->56M(993M) 0.669ms
[379.769s][info][gc,cpu         ] GC(1045) User=0.00s Sys=0.00s Real=0.00s
[379.827s][info][gc,start       ] GC(1046) Pause Young (Allocation Failure)
[379.828s][info][gc,heap        ] GC(1046) PSYoungGen: 287232K->0K(322048K)
[379.828s][info][gc,heap        ] GC(1046) ParOldGen: 57886K->57886K(699392K)
[379.828s][info][gc,metaspace   ] GC(1046) Metaspace: 23826K(24832K)->23826K(24832K) NonClass: 20898K(21504K)->20898K(21504K) Class: 2927K(3328K)->2927K(3328K)
[379.828s][info][gc             ] GC(1046) Pause Young (Allocation Failure) 337M->56M(997M) 0.644ms
[379.828s][info][gc,cpu         ] GC(1046) User=0.00s Sys=0.00s Real=0.00s
[379.862s][info][gc,start       ] GC(1047) Pause Young (System.gc())
[379.863s][info][gc,heap        ] GC(1047) PSYoungGen: 93871K->678K(320512K)
[379.863s][info][gc,heap        ] GC(1047) ParOldGen: 57886K->57886K(699392K)
[379.863s][info][gc,metaspace   ] GC(1047) Metaspace: 23826K(24832K)->23826K(24832K) NonClass: 20898K(21504K)->20898K(21504K) Class: 2927K(3328K)->2927K(3328K)
[379.863s][info][gc             ] GC(1047) Pause Young (System.gc()) 148M->57M(996M) 1.077ms
[379.863s][info][gc,cpu         ] GC(1047) User=0.00s Sys=0.00s Real=0.00s
[379.863s][info][gc,start       ] GC(1048) Pause Full (System.gc())
[379.863s][info][gc,phases,start] GC(1048) Marking Phase
[379.868s][info][gc,phases      ] GC(1048) Marking Phase 4.743ms
[379.868s][info][gc,phases,start] GC(1048) Summary Phase
[379.868s][info][gc,phases      ] GC(1048) Summary Phase 0.009ms
[379.868s][info][gc,phases,start] GC(1048) Adjust Roots
[379.870s][info][gc,phases      ] GC(1048) Adjust Roots 2.752ms
[379.870s][info][gc,phases,start] GC(1048) Compaction Phase
[379.872s][info][gc,phases      ] GC(1048) Compaction Phase 2.000ms
[379.873s][info][gc,phases,start] GC(1048) Post Compact
[379.873s][info][gc,phases      ] GC(1048) Post Compact 0.434ms
[379.873s][info][gc,heap        ] GC(1048) PSYoungGen: 678K->0K(320512K)
[379.873s][info][gc,heap        ] GC(1048) ParOldGen: 57886K->4985K(699392K)
[379.873s][info][gc,metaspace   ] GC(1048) Metaspace: 23826K(24832K)->23826K(24832K) NonClass: 20898K(21504K)->20898K(21504K) Class: 2927K(3328K)->2927K(3328K)
[379.873s][info][gc             ] GC(1048) Pause Full (System.gc()) 57M->4M(996M) 10.162ms
[379.873s][info][gc,cpu         ] GC(1048) User=0.00s Sys=0.00s Real=0.02s
[381.632s][info][gc,start       ] GC(1049) Pause Young (Allocation Failure)
[381.645s][info][gc,heap        ] GC(1049) PSYoungGen: 293376K->25589K(311296K)
[381.645s][info][gc,heap        ] GC(1049) ParOldGen: 4985K->5489K(699392K)
[381.645s][info][gc,metaspace   ] GC(1049) Metaspace: 23826K(24832K)->23826K(24832K) NonClass: 20898K(21504K)->20898K(21504K) Class: 2927K(3328K)->2927K(3328K)
[381.645s][info][gc             ] GC(1049) Pause Young (Allocation Failure) 291M->30M(987M) 13.540ms
[381.645s][info][gc,cpu         ] GC(1049) User=0.03s Sys=0.00s Real=0.01s
[381.704s][info][gc,start       ] GC(1050) Pause Young (Allocation Failure)
[381.720s][info][gc,heap        ] GC(1050) PSYoungGen: 311285K->0K(317440K)
[381.720s][info][gc,heap        ] GC(1050) ParOldGen: 5489K->31161K(699392K)
[381.720s][info][gc,metaspace   ] GC(1050) Metaspace: 23826K(24832K)->23826K(24832K) NonClass: 20898K(21504K)->20898K(21504K) Class: 2927K(3328K)->2927K(3328K)
[381.720s][info][gc             ] GC(1050) Pause Young (Allocation Failure) 309M->30M(993M) 16.308ms
[381.720s][info][gc,cpu         ] GC(1050) User=0.00s Sys=0.00s Real=0.01s
[381.778s][info][gc,start       ] GC(1051) Pause Young (Allocation Failure)
[381.779s][info][gc,heap        ] GC(1051) PSYoungGen: 285696K->0K(320512K)
[381.779s][info][gc,heap        ] GC(1051) ParOldGen: 31161K->31161K(699392K)
[381.779s][info][gc,metaspace   ] GC(1051) Metaspace: 23826K(24832K)->23826K(24832K) NonClass: 20898K(21504K)->20898K(21504K) Class: 2927K(3328K)->2927K(3328K)
[381.779s][info][gc             ] GC(1051) Pause Young (Allocation Failure) 309M->30M(996M) 0.906ms
[381.779s][info][gc,cpu         ] GC(1051) User=0.00s Sys=0.00s Real=0.00s
[381.838s][info][gc,start       ] GC(1052) Pause Young (Allocation Failure)
[381.838s][info][gc,heap        ] GC(1052) PSYoungGen: 290304K->0K(318976K)
[381.838s][info][gc,heap        ] GC(1052) ParOldGen: 31161K->31161K(699392K)
[381.838s][info][gc,metaspace   ] GC(1052) Metaspace: 23826K(24832K)->23826K(24832K) NonClass: 20898K(21504K)->20898K(21504K) Class: 2927K(3328K)->2927K(3328K)
[381.838s][info][gc             ] GC(1052) Pause Young (Allocation Failure) 313M->30M(994M) 0.640ms
[381.838s][info][gc,cpu         ] GC(1052) User=0.00s Sys=0.00s Real=0.00s
[383.612s][info][gc,start       ] GC(1053) Pause Young (Allocation Failure)
[383.624s][info][gc,heap        ] GC(1053) PSYoungGen: 290304K->26733K(309760K)
[383.624s][info][gc,heap        ] GC(1053) ParOldGen: 31161K->31161K(699392K)
[383.624s][info][gc,metaspace   ] GC(1053) Metaspace: 23826K(24832K)->23826K(24832K) NonClass: 20899K(21504K)->20899K(21504K) Class: 2927K(3328K)->2927K(3328K)
[383.624s][info][gc             ] GC(1053) Pause Young (Allocation Failure) 313M->56M(985M) 11.998ms
[383.624s][info][gc,cpu         ] GC(1053) User=0.00s Sys=0.00s Real=0.00s
[383.682s][info][gc,start       ] GC(1054) Pause Young (Allocation Failure)
[383.699s][info][gc,heap        ] GC(1054) PSYoungGen: 309357K->0K(315904K)
[383.699s][info][gc,heap        ] GC(1054) ParOldGen: 31161K->57902K(699392K)
[383.699s][info][gc,metaspace   ] GC(1054) Metaspace: 23826K(24832K)->23826K(24832K) NonClass: 20899K(21504K)->20899K(21504K) Class: 2927K(3328K)->2927K(3328K)
[383.699s][info][gc             ] GC(1054) Pause Young (Allocation Failure) 332M->56M(991M) 17.226ms
[383.699s][info][gc,cpu         ] GC(1054) User=0.08s Sys=0.00s Real=0.01s
[383.757s][info][gc,start       ] GC(1055) Pause Young (Allocation Failure)
[383.757s][info][gc,heap        ] GC(1055) PSYoungGen: 282624K->0K(318976K)
[383.757s][info][gc,heap        ] GC(1055) ParOldGen: 57902K->57902K(699392K)
[383.757s][info][gc,metaspace   ] GC(1055) Metaspace: 23826K(24832K)->23826K(24832K) NonClass: 20899K(21504K)->20899K(21504K) Class: 2927K(3328K)->2927K(3328K)
[383.757s][info][gc             ] GC(1055) Pause Young (Allocation Failure) 332M->56M(994M) 0.744ms
[383.758s][info][gc,cpu         ] GC(1055) User=0.00s Sys=0.00s Real=0.00s
[383.816s][info][gc,start       ] GC(1056) Pause Young (Allocation Failure)
[383.816s][info][gc,heap        ] GC(1056) PSYoungGen: 287232K->0K(317440K)
[383.816s][info][gc,heap        ] GC(1056) ParOldGen: 57902K->57902K(699392K)
[383.816s][info][gc,metaspace   ] GC(1056) Metaspace: 23826K(24832K)->23826K(24832K) NonClass: 20899K(21504K)->20899K(21504K) Class: 2927K(3328K)->2927K(3328K)
[383.816s][info][gc             ] GC(1056) Pause Young (Allocation Failure) 337M->56M(993M) 0.659ms
[383.816s][info][gc,cpu         ] GC(1056) User=0.00s Sys=0.00s Real=0.00s
[383.874s][info][gc,start       ] GC(1057) Pause Young (Allocation Failure)
[383.875s][info][gc,heap        ] GC(1057) PSYoungGen: 287232K->0K(322048K)
[383.875s][info][gc,heap        ] GC(1057) ParOldGen: 57902K->57902K(699392K)
[383.875s][info][gc,metaspace   ] GC(1057) Metaspace: 23826K(24832K)->23826K(24832K) NonClass: 20899K(21504K)->20899K(21504K) Class: 2927K(3328K)->2927K(3328K)
[383.875s][info][gc             ] GC(1057) Pause Young (Allocation Failure) 337M->56M(997M) 0.754ms
[383.875s][info][gc,cpu         ] GC(1057) User=0.00s Sys=0.00s Real=0.00s
[383.909s][info][gc,start       ] GC(1058) Pause Young (System.gc())
[383.910s][info][gc,heap        ] GC(1058) PSYoungGen: 93871K->710K(320512K)
[383.910s][info][gc,heap        ] GC(1058) ParOldGen: 57902K->57902K(699392K)
[383.910s][info][gc,metaspace   ] GC(1058) Metaspace: 23831K(24832K)->23831K(24832K) NonClass: 20904K(21504K)->20904K(21504K) Class: 2927K(3328K)->2927K(3328K)
[383.910s][info][gc             ] GC(1058) Pause Young (System.gc()) 148M->57M(996M) 1.081ms
[383.910s][info][gc,cpu         ] GC(1058) User=0.00s Sys=0.00s Real=0.00s
[383.910s][info][gc,start       ] GC(1059) Pause Full (System.gc())
[383.910s][info][gc,phases,start] GC(1059) Marking Phase
[383.915s][info][gc,phases      ] GC(1059) Marking Phase 4.877ms
[383.915s][info][gc,phases,start] GC(1059) Summary Phase
[383.915s][info][gc,phases      ] GC(1059) Summary Phase 0.009ms
[383.915s][info][gc,phases,start] GC(1059) Adjust Roots
[383.918s][info][gc,phases      ] GC(1059) Adjust Roots 2.537ms
[383.918s][info][gc,phases,start] GC(1059) Compaction Phase
[383.921s][info][gc,phases      ] GC(1059) Compaction Phase 2.844ms
[383.921s][info][gc,phases,start] GC(1059) Post Compact
[383.921s][info][gc,phases      ] GC(1059) Post Compact 0.335ms
[383.921s][info][gc,heap        ] GC(1059) PSYoungGen: 710K->0K(320512K)
[383.921s][info][gc,heap        ] GC(1059) ParOldGen: 57902K->4985K(699392K)
[383.921s][info][gc,metaspace   ] GC(1059) Metaspace: 23831K(24832K)->23831K(24832K) NonClass: 20904K(21504K)->20904K(21504K) Class: 2927K(3328K)->2927K(3328K)
[383.921s][info][gc             ] GC(1059) Pause Full (System.gc()) 57M->4M(996M) 10.805ms
[383.921s][info][gc,cpu         ] GC(1059) User=0.00s Sys=0.00s Real=0.00s
[385.682s][info][gc,start       ] GC(1060) Pause Young (Allocation Failure)
[385.693s][info][gc,heap        ] GC(1060) PSYoungGen: 293376K->25589K(311296K)
[385.693s][info][gc,heap        ] GC(1060) ParOldGen: 4985K->5489K(699392K)
[385.693s][info][gc,metaspace   ] GC(1060) Metaspace: 23832K(24832K)->23832K(24832K) NonClass: 20904K(21504K)->20904K(21504K) Class: 2927K(3328K)->2927K(3328K)
[385.693s][info][gc             ] GC(1060) Pause Young (Allocation Failure) 291M->30M(987M) 11.103ms
[385.693s][info][gc,cpu         ] GC(1060) User=0.00s Sys=0.00s Real=0.00s
[385.751s][info][gc,start       ] GC(1061) Pause Young (Allocation Failure)
[385.767s][info][gc,heap        ] GC(1061) PSYoungGen: 311285K->0K(317440K)
[385.767s][info][gc,heap        ] GC(1061) ParOldGen: 5489K->31169K(699392K)
[385.767s][info][gc,metaspace   ] GC(1061) Metaspace: 23832K(24832K)->23832K(24832K) NonClass: 20904K(21504K)->20904K(21504K) Class: 2927K(3328K)->2927K(3328K)
[385.767s][info][gc             ] GC(1061) Pause Young (Allocation Failure) 309M->30M(993M) 15.348ms
[385.767s][info][gc,cpu         ] GC(1061) User=0.02s Sys=0.00s Real=0.02s
[385.824s][info][gc,start       ] GC(1062) Pause Young (Allocation Failure)
[385.825s][info][gc,heap        ] GC(1062) PSYoungGen: 285696K->0K(320512K)
[385.825s][info][gc,heap        ] GC(1062) ParOldGen: 31169K->31169K(699392K)
[385.825s][info][gc,metaspace   ] GC(1062) Metaspace: 23832K(24832K)->23832K(24832K) NonClass: 20904K(21504K)->20904K(21504K) Class: 2927K(3328K)->2927K(3328K)
[385.825s][info][gc             ] GC(1062) Pause Young (Allocation Failure) 309M->30M(996M) 0.550ms
[385.825s][info][gc,cpu         ] GC(1062) User=0.00s Sys=0.00s Real=0.00s
[385.883s][info][gc,start       ] GC(1063) Pause Young (Allocation Failure)
[385.884s][info][gc,heap        ] GC(1063) PSYoungGen: 290304K->0K(318976K)
[385.884s][info][gc,heap        ] GC(1063) ParOldGen: 31169K->31169K(699392K)
[385.884s][info][gc,metaspace   ] GC(1063) Metaspace: 23832K(24832K)->23832K(24832K) NonClass: 20904K(21504K)->20904K(21504K) Class: 2927K(3328K)->2927K(3328K)
[385.884s][info][gc             ] GC(1063) Pause Young (Allocation Failure) 313M->30M(994M) 0.972ms
[385.884s][info][gc,cpu         ] GC(1063) User=0.00s Sys=0.00s Real=0.02s
[387.658s][info][gc,start       ] GC(1064) Pause Young (Allocation Failure)
[387.669s][info][gc,heap        ] GC(1064) PSYoungGen: 290304K->26733K(309760K)
[387.669s][info][gc,heap        ] GC(1064) ParOldGen: 31169K->31169K(699392K)
[387.669s][info][gc,metaspace   ] GC(1064) Metaspace: 23832K(24832K)->23832K(24832K) NonClass: 20904K(21504K)->20904K(21504K) Class: 2927K(3328K)->2927K(3328K)
[387.669s][info][gc             ] GC(1064) Pause Young (Allocation Failure) 313M->56M(985M) 11.326ms
[387.669s][info][gc,cpu         ] GC(1064) User=0.03s Sys=0.00s Real=0.01s
[387.727s][info][gc,start       ] GC(1065) Pause Young (Allocation Failure)
[387.743s][info][gc,heap        ] GC(1065) PSYoungGen: 309357K->0K(315904K)
[387.743s][info][gc,heap        ] GC(1065) ParOldGen: 31169K->57902K(699392K)
[387.743s][info][gc,metaspace   ] GC(1065) Metaspace: 23832K(24832K)->23832K(24832K) NonClass: 20904K(21504K)->20904K(21504K) Class: 2927K(3328K)->2927K(3328K)
[387.743s][info][gc             ] GC(1065) Pause Young (Allocation Failure) 332M->56M(991M) 16.343ms
[387.743s][info][gc,cpu         ] GC(1065) User=0.03s Sys=0.00s Real=0.02s
[387.802s][info][gc,start       ] GC(1066) Pause Young (Allocation Failure)
[387.802s][info][gc,heap        ] GC(1066) PSYoungGen: 282624K->0K(318976K)
[387.802s][info][gc,heap        ] GC(1066) ParOldGen: 57902K->57902K(699392K)
[387.802s][info][gc,metaspace   ] GC(1066) Metaspace: 23832K(24832K)->23832K(24832K) NonClass: 20904K(21504K)->20904K(21504K) Class: 2927K(3328K)->2927K(3328K)
[387.802s][info][gc             ] GC(1066) Pause Young (Allocation Failure) 332M->56M(994M) 0.567ms
[387.802s][info][gc,cpu         ] GC(1066) User=0.00s Sys=0.00s Real=0.00s
[387.861s][info][gc,start       ] GC(1067) Pause Young (Allocation Failure)
[387.861s][info][gc,heap        ] GC(1067) PSYoungGen: 287232K->0K(317440K)
[387.861s][info][gc,heap        ] GC(1067) ParOldGen: 57902K->57902K(699392K)
[387.861s][info][gc,metaspace   ] GC(1067) Metaspace: 23832K(24832K)->23832K(24832K) NonClass: 20904K(21504K)->20904K(21504K) Class: 2927K(3328K)->2927K(3328K)
[387.861s][info][gc             ] GC(1067) Pause Young (Allocation Failure) 337M->56M(993M) 0.643ms
[387.861s][info][gc,cpu         ] GC(1067) User=0.00s Sys=0.00s Real=0.00s
[387.919s][info][gc,start       ] GC(1068) Pause Young (Allocation Failure)
[387.920s][info][gc,heap        ] GC(1068) PSYoungGen: 287232K->0K(322048K)
[387.920s][info][gc,heap        ] GC(1068) ParOldGen: 57902K->57902K(699392K)
[387.920s][info][gc,metaspace   ] GC(1068) Metaspace: 23832K(24832K)->23832K(24832K) NonClass: 20904K(21504K)->20904K(21504K) Class: 2927K(3328K)->2927K(3328K)
[387.920s][info][gc             ] GC(1068) Pause Young (Allocation Failure) 337M->56M(997M) 0.772ms
[387.920s][info][gc,cpu         ] GC(1068) User=0.00s Sys=0.00s Real=0.00s
[387.955s][info][gc,start       ] GC(1069) Pause Young (System.gc())
[387.955s][info][gc,heap        ] GC(1069) PSYoungGen: 93871K->646K(320512K)
[387.955s][info][gc,heap        ] GC(1069) ParOldGen: 57902K->57902K(699392K)
[387.956s][info][gc,metaspace   ] GC(1069) Metaspace: 23832K(24832K)->23832K(24832K) NonClass: 20904K(21504K)->20904K(21504K) Class: 2927K(3328K)->2927K(3328K)
[387.956s][info][gc             ] GC(1069) Pause Young (System.gc()) 148M->57M(996M) 0.955ms
[387.956s][info][gc,cpu         ] GC(1069) User=0.00s Sys=0.00s Real=0.00s
[387.956s][info][gc,start       ] GC(1070) Pause Full (System.gc())
[387.956s][info][gc,phases,start] GC(1070) Marking Phase
[387.960s][info][gc,phases      ] GC(1070) Marking Phase 4.458ms
[387.960s][info][gc,phases,start] GC(1070) Summary Phase
[387.960s][info][gc,phases      ] GC(1070) Summary Phase 0.009ms
[387.960s][info][gc,phases,start] GC(1070) Adjust Roots
[387.963s][info][gc,phases      ] GC(1070) Adjust Roots 2.731ms
[387.963s][info][gc,phases,start] GC(1070) Compaction Phase
[387.964s][info][gc,phases      ] GC(1070) Compaction Phase 1.592ms
[387.965s][info][gc,phases,start] GC(1070) Post Compact
[387.965s][info][gc,phases      ] GC(1070) Post Compact 0.341ms
[387.965s][info][gc,heap        ] GC(1070) PSYoungGen: 646K->0K(320512K)
[387.965s][info][gc,heap        ] GC(1070) ParOldGen: 57902K->4985K(699392K)
[387.965s][info][gc,metaspace   ] GC(1070) Metaspace: 23832K(24832K)->23832K(24832K) NonClass: 20904K(21504K)->20904K(21504K) Class: 2927K(3328K)->2927K(3328K)
[387.965s][info][gc             ] GC(1070) Pause Full (System.gc()) 57M->4M(996M) 9.355ms
[387.965s][info][gc,cpu         ] GC(1070) User=0.02s Sys=0.00s Real=0.02s
[389.723s][info][gc,start       ] GC(1071) Pause Young (Allocation Failure)
[389.734s][info][gc,heap        ] GC(1071) PSYoungGen: 293376K->25589K(311296K)
[389.736s][info][gc,heap        ] GC(1071) ParOldGen: 4985K->5497K(699392K)
[389.736s][info][gc,metaspace   ] GC(1071) Metaspace: 23832K(24832K)->23832K(24832K) NonClass: 20904K(21504K)->20904K(21504K) Class: 2927K(3328K)->2927K(3328K)
[389.736s][info][gc             ] GC(1071) Pause Young (Allocation Failure) 291M->30M(987M) 13.541ms
[389.736s][info][gc,cpu         ] GC(1071) User=0.00s Sys=0.00s Real=0.01s
[389.796s][info][gc,start       ] GC(1072) Pause Young (Allocation Failure)
[389.812s][info][gc,heap        ] GC(1072) PSYoungGen: 311285K->0K(317440K)
[389.812s][info][gc,heap        ] GC(1072) ParOldGen: 5497K->31177K(699392K)
[389.812s][info][gc,metaspace   ] GC(1072) Metaspace: 23832K(24832K)->23832K(24832K) NonClass: 20904K(21504K)->20904K(21504K) Class: 2927K(3328K)->2927K(3328K)
[389.812s][info][gc             ] GC(1072) Pause Young (Allocation Failure) 309M->30M(993M) 16.252ms
[389.812s][info][gc,cpu         ] GC(1072) User=0.05s Sys=0.02s Real=0.01s
[389.870s][info][gc,start       ] GC(1073) Pause Young (Allocation Failure)
[389.870s][info][gc,heap        ] GC(1073) PSYoungGen: 285696K->0K(320512K)
[389.870s][info][gc,heap        ] GC(1073) ParOldGen: 31177K->31177K(699392K)
[389.871s][info][gc,metaspace   ] GC(1073) Metaspace: 23832K(24832K)->23832K(24832K) NonClass: 20904K(21504K)->20904K(21504K) Class: 2927K(3328K)->2927K(3328K)
[389.871s][info][gc             ] GC(1073) Pause Young (Allocation Failure) 309M->30M(996M) 0.685ms
[389.871s][info][gc,cpu         ] GC(1073) User=0.00s Sys=0.00s Real=0.00s
[389.929s][info][gc,start       ] GC(1074) Pause Young (Allocation Failure)
[389.930s][info][gc,heap        ] GC(1074) PSYoungGen: 290304K->0K(318976K)
[389.930s][info][gc,heap        ] GC(1074) ParOldGen: 31177K->31177K(699392K)
[389.930s][info][gc,metaspace   ] GC(1074) Metaspace: 23832K(24832K)->23832K(24832K) NonClass: 20904K(21504K)->20904K(21504K) Class: 2927K(3328K)->2927K(3328K)
[389.930s][info][gc             ] GC(1074) Pause Young (Allocation Failure) 313M->30M(994M) 0.819ms
[389.930s][info][gc,cpu         ] GC(1074) User=0.00s Sys=0.00s Real=0.00s
[391.699s][info][gc,start       ] GC(1075) Pause Young (Allocation Failure)
[391.711s][info][gc,heap        ] GC(1075) PSYoungGen: 290304K->26715K(309760K)
[391.711s][info][gc,heap        ] GC(1075) ParOldGen: 31177K->31177K(699392K)
[391.711s][info][gc,metaspace   ] GC(1075) Metaspace: 23832K(24832K)->23832K(24832K) NonClass: 20904K(21504K)->20904K(21504K) Class: 2927K(3328K)->2927K(3328K)
[391.711s][info][gc             ] GC(1075) Pause Young (Allocation Failure) 313M->56M(985M) 11.699ms
[391.711s][info][gc,cpu         ] GC(1075) User=0.02s Sys=0.00s Real=0.02s
[391.768s][info][gc,start       ] GC(1076) Pause Young (Allocation Failure)
[391.784s][info][gc,heap        ] GC(1076) PSYoungGen: 309339K->0K(315904K)
[391.784s][info][gc,heap        ] GC(1076) ParOldGen: 31177K->57918K(699392K)
[391.784s][info][gc,metaspace   ] GC(1076) Metaspace: 23832K(24832K)->23832K(24832K) NonClass: 20904K(21504K)->20904K(21504K) Class: 2927K(3328K)->2927K(3328K)
[391.784s][info][gc             ] GC(1076) Pause Young (Allocation Failure) 332M->56M(991M) 16.005ms
[391.784s][info][gc,cpu         ] GC(1076) User=0.02s Sys=0.00s Real=0.02s
[391.841s][info][gc,start       ] GC(1077) Pause Young (Allocation Failure)
[391.842s][info][gc,heap        ] GC(1077) PSYoungGen: 282624K->0K(318976K)
[391.842s][info][gc,heap        ] GC(1077) ParOldGen: 57918K->57918K(699392K)
[391.842s][info][gc,metaspace   ] GC(1077) Metaspace: 23832K(24832K)->23832K(24832K) NonClass: 20904K(21504K)->20904K(21504K) Class: 2927K(3328K)->2927K(3328K)
[391.842s][info][gc             ] GC(1077) Pause Young (Allocation Failure) 332M->56M(994M) 0.792ms
[391.842s][info][gc,cpu         ] GC(1077) User=0.00s Sys=0.00s Real=0.00s
[391.900s][info][gc,start       ] GC(1078) Pause Young (Allocation Failure)
[391.901s][info][gc,heap        ] GC(1078) PSYoungGen: 287232K->0K(317440K)
[391.901s][info][gc,heap        ] GC(1078) ParOldGen: 57918K->57918K(699392K)
[391.901s][info][gc,metaspace   ] GC(1078) Metaspace: 23832K(24832K)->23832K(24832K) NonClass: 20904K(21504K)->20904K(21504K) Class: 2927K(3328K)->2927K(3328K)
[391.901s][info][gc             ] GC(1078) Pause Young (Allocation Failure) 337M->56M(993M) 0.722ms
[391.901s][info][gc,cpu         ] GC(1078) User=0.00s Sys=0.00s Real=0.00s
[391.959s][info][gc,start       ] GC(1079) Pause Young (Allocation Failure)
[391.959s][info][gc,heap        ] GC(1079) PSYoungGen: 287232K->0K(322048K)
[391.959s][info][gc,heap        ] GC(1079) ParOldGen: 57918K->57918K(699392K)
[391.959s][info][gc,metaspace   ] GC(1079) Metaspace: 23832K(24832K)->23832K(24832K) NonClass: 20904K(21504K)->20904K(21504K) Class: 2927K(3328K)->2927K(3328K)
[391.959s][info][gc             ] GC(1079) Pause Young (Allocation Failure) 337M->56M(997M) 0.600ms
[391.959s][info][gc,cpu         ] GC(1079) User=0.00s Sys=0.00s Real=0.00s
[391.993s][info][gc,start       ] GC(1080) Pause Young (System.gc())
[391.994s][info][gc,heap        ] GC(1080) PSYoungGen: 93871K->678K(320512K)
[391.994s][info][gc,heap        ] GC(1080) ParOldGen: 57918K->57918K(699392K)
[391.994s][info][gc,metaspace   ] GC(1080) Metaspace: 23832K(24832K)->23832K(24832K) NonClass: 20904K(21504K)->20904K(21504K) Class: 2927K(3328K)->2927K(3328K)
[391.994s][info][gc             ] GC(1080) Pause Young (System.gc()) 148M->57M(996M) 0.953ms
[391.994s][info][gc,cpu         ] GC(1080) User=0.00s Sys=0.00s Real=0.00s
[391.994s][info][gc,start       ] GC(1081) Pause Full (System.gc())
[391.994s][info][gc,phases,start] GC(1081) Marking Phase
[391.999s][info][gc,phases      ] GC(1081) Marking Phase 4.769ms
[391.999s][info][gc,phases,start] GC(1081) Summary Phase
[391.999s][info][gc,phases      ] GC(1081) Summary Phase 0.009ms
[391.999s][info][gc,phases,start] GC(1081) Adjust Roots
[392.002s][info][gc,phases      ] GC(1081) Adjust Roots 2.744ms
[392.002s][info][gc,phases,start] GC(1081) Compaction Phase
[392.004s][info][gc,phases      ] GC(1081) Compaction Phase 2.032ms
[392.004s][info][gc,phases,start] GC(1081) Post Compact
[392.005s][info][gc,phases      ] GC(1081) Post Compact 0.358ms
[392.005s][info][gc,heap        ] GC(1081) PSYoungGen: 678K->0K(320512K)
[392.005s][info][gc,heap        ] GC(1081) ParOldGen: 57918K->4985K(699392K)
[392.005s][info][gc,metaspace   ] GC(1081) Metaspace: 23832K(24832K)->23832K(24832K) NonClass: 20904K(21504K)->20904K(21504K) Class: 2927K(3328K)->2927K(3328K)
[392.005s][info][gc             ] GC(1081) Pause Full (System.gc()) 57M->4M(996M) 10.133ms
[392.005s][info][gc,cpu         ] GC(1081) User=0.00s Sys=0.00s Real=0.00s
[393.766s][info][gc,start       ] GC(1082) Pause Young (Allocation Failure)
[393.778s][info][gc,heap        ] GC(1082) PSYoungGen: 293376K->25589K(311296K)
[393.778s][info][gc,heap        ] GC(1082) ParOldGen: 4985K->5489K(699392K)
[393.778s][info][gc,metaspace   ] GC(1082) Metaspace: 23832K(24832K)->23832K(24832K) NonClass: 20904K(21504K)->20904K(21504K) Class: 2927K(3328K)->2927K(3328K)
[393.778s][info][gc             ] GC(1082) Pause Young (Allocation Failure) 291M->30M(987M) 12.140ms
[393.778s][info][gc,cpu         ] GC(1082) User=0.00s Sys=0.00s Real=0.00s
[393.837s][info][gc,start       ] GC(1083) Pause Young (Allocation Failure)
[393.853s][info][gc,heap        ] GC(1083) PSYoungGen: 311285K->0K(317440K)
[393.853s][info][gc,heap        ] GC(1083) ParOldGen: 5489K->31169K(699392K)
[393.853s][info][gc,metaspace   ] GC(1083) Metaspace: 23832K(24832K)->23832K(24832K) NonClass: 20904K(21504K)->20904K(21504K) Class: 2927K(3328K)->2927K(3328K)
[393.853s][info][gc             ] GC(1083) Pause Young (Allocation Failure) 309M->30M(993M) 16.564ms
[393.853s][info][gc,cpu         ] GC(1083) User=0.06s Sys=0.00s Real=0.02s
[393.911s][info][gc,start       ] GC(1084) Pause Young (Allocation Failure)
[393.911s][info][gc,heap        ] GC(1084) PSYoungGen: 285696K->0K(320512K)
[393.912s][info][gc,heap        ] GC(1084) ParOldGen: 31169K->31169K(699392K)
[393.912s][info][gc,metaspace   ] GC(1084) Metaspace: 23832K(24832K)->23832K(24832K) NonClass: 20904K(21504K)->20904K(21504K) Class: 2927K(3328K)->2927K(3328K)
[393.912s][info][gc             ] GC(1084) Pause Young (Allocation Failure) 309M->30M(996M) 0.774ms
[393.912s][info][gc,cpu         ] GC(1084) User=0.00s Sys=0.00s Real=0.00s
[393.970s][info][gc,start       ] GC(1085) Pause Young (Allocation Failure)
[393.971s][info][gc,heap        ] GC(1085) PSYoungGen: 290304K->0K(318976K)
[393.971s][info][gc,heap        ] GC(1085) ParOldGen: 31169K->31169K(699392K)
[393.971s][info][gc,metaspace   ] GC(1085) Metaspace: 23832K(24832K)->23832K(24832K) NonClass: 20904K(21504K)->20904K(21504K) Class: 2927K(3328K)->2927K(3328K)
[393.971s][info][gc             ] GC(1085) Pause Young (Allocation Failure) 313M->30M(994M) 0.703ms
[393.971s][info][gc,cpu         ] GC(1085) User=0.00s Sys=0.00s Real=0.00s
[395.740s][info][gc,start       ] GC(1086) Pause Young (Allocation Failure)
[395.752s][info][gc,heap        ] GC(1086) PSYoungGen: 290304K->26715K(309760K)
[395.752s][info][gc,heap        ] GC(1086) ParOldGen: 31169K->31169K(699392K)
[395.752s][info][gc,metaspace   ] GC(1086) Metaspace: 23832K(24832K)->23832K(24832K) NonClass: 20904K(21504K)->20904K(21504K) Class: 2927K(3328K)->2927K(3328K)
[395.752s][info][gc             ] GC(1086) Pause Young (Allocation Failure) 313M->56M(985M) 11.758ms
[395.752s][info][gc,cpu         ] GC(1086) User=0.02s Sys=0.00s Real=0.01s
[395.810s][info][gc,start       ] GC(1087) Pause Young (Allocation Failure)
[395.826s][info][gc,heap        ] GC(1087) PSYoungGen: 309339K->0K(315904K)
[395.826s][info][gc,heap        ] GC(1087) ParOldGen: 31169K->57894K(699392K)
[395.826s][info][gc,metaspace   ] GC(1087) Metaspace: 23832K(24832K)->23832K(24832K) NonClass: 20904K(21504K)->20904K(21504K) Class: 2927K(3328K)->2927K(3328K)
[395.826s][info][gc             ] GC(1087) Pause Young (Allocation Failure) 332M->56M(991M) 16.812ms
[395.826s][info][gc,cpu         ] GC(1087) User=0.08s Sys=0.00s Real=0.02s
[395.883s][info][gc,start       ] GC(1088) Pause Young (Allocation Failure)
[395.884s][info][gc,heap        ] GC(1088) PSYoungGen: 282624K->0K(318976K)
[395.884s][info][gc,heap        ] GC(1088) ParOldGen: 57894K->57894K(699392K)
[395.884s][info][gc,metaspace   ] GC(1088) Metaspace: 23832K(24832K)->23832K(24832K) NonClass: 20904K(21504K)->20904K(21504K) Class: 2927K(3328K)->2927K(3328K)
[395.884s][info][gc             ] GC(1088) Pause Young (Allocation Failure) 332M->56M(994M) 0.833ms
[395.884s][info][gc,cpu         ] GC(1088) User=0.00s Sys=0.00s Real=0.00s
[395.942s][info][gc,start       ] GC(1089) Pause Young (Allocation Failure)
[395.943s][info][gc,heap        ] GC(1089) PSYoungGen: 287232K->0K(317440K)
[395.943s][info][gc,heap        ] GC(1089) ParOldGen: 57894K->57894K(699392K)
[395.943s][info][gc,metaspace   ] GC(1089) Metaspace: 23832K(24832K)->23832K(24832K) NonClass: 20904K(21504K)->20904K(21504K) Class: 2927K(3328K)->2927K(3328K)
[395.943s][info][gc             ] GC(1089) Pause Young (Allocation Failure) 337M->56M(993M) 0.801ms
[395.943s][info][gc,cpu         ] GC(1089) User=0.00s Sys=0.00s Real=0.00s
[396.001s][info][gc,start       ] GC(1090) Pause Young (Allocation Failure)
[396.002s][info][gc,heap        ] GC(1090) PSYoungGen: 287232K->0K(322048K)
[396.002s][info][gc,heap        ] GC(1090) ParOldGen: 57894K->57894K(699392K)
[396.002s][info][gc,metaspace   ] GC(1090) Metaspace: 23832K(24832K)->23832K(24832K) NonClass: 20904K(21504K)->20904K(21504K) Class: 2927K(3328K)->2927K(3328K)
[396.002s][info][gc             ] GC(1090) Pause Young (Allocation Failure) 337M->56M(997M) 0.840ms
[396.002s][info][gc,cpu         ] GC(1090) User=0.00s Sys=0.00s Real=0.00s
[396.036s][info][gc,start       ] GC(1091) Pause Young (System.gc())
[396.037s][info][gc,heap        ] GC(1091) PSYoungGen: 93871K->614K(320512K)
[396.037s][info][gc,heap        ] GC(1091) ParOldGen: 57894K->57894K(699392K)
[396.037s][info][gc,metaspace   ] GC(1091) Metaspace: 23832K(24832K)->23832K(24832K) NonClass: 20904K(21504K)->20904K(21504K) Class: 2927K(3328K)->2927K(3328K)
[396.037s][info][gc             ] GC(1091) Pause Young (System.gc()) 148M->57M(996M) 1.044ms
[396.037s][info][gc,cpu         ] GC(1091) User=0.00s Sys=0.00s Real=0.00s
[396.037s][info][gc,start       ] GC(1092) Pause Full (System.gc())
[396.037s][info][gc,phases,start] GC(1092) Marking Phase
[396.042s][info][gc,phases      ] GC(1092) Marking Phase 4.752ms
[396.042s][info][gc,phases,start] GC(1092) Summary Phase
[396.042s][info][gc,phases      ] GC(1092) Summary Phase 0.010ms
[396.042s][info][gc,phases,start] GC(1092) Adjust Roots
[396.045s][info][gc,phases      ] GC(1092) Adjust Roots 2.630ms
[396.045s][info][gc,phases,start] GC(1092) Compaction Phase
[396.048s][info][gc,phases      ] GC(1092) Compaction Phase 2.907ms
[396.048s][info][gc,phases,start] GC(1092) Post Compact
[396.048s][info][gc,phases      ] GC(1092) Post Compact 0.370ms
[396.048s][info][gc,heap        ] GC(1092) PSYoungGen: 614K->0K(320512K)
[396.048s][info][gc,heap        ] GC(1092) ParOldGen: 57894K->4985K(699392K)
[396.048s][info][gc,metaspace   ] GC(1092) Metaspace: 23832K(24832K)->23832K(24832K) NonClass: 20904K(21504K)->20904K(21504K) Class: 2927K(3328K)->2927K(3328K)
[396.048s][info][gc             ] GC(1092) Pause Full (System.gc()) 57M->4M(996M) 10.909ms
[396.048s][info][gc,cpu         ] GC(1092) User=0.00s Sys=0.00s Real=0.01s
[397.807s][info][gc,start       ] GC(1093) Pause Young (Allocation Failure)
[397.818s][info][gc,heap        ] GC(1093) PSYoungGen: 293376K->25589K(311296K)
[397.818s][info][gc,heap        ] GC(1093) ParOldGen: 4985K->5489K(699392K)
[397.818s][info][gc,metaspace   ] GC(1093) Metaspace: 23832K(24832K)->23832K(24832K) NonClass: 20904K(21504K)->20904K(21504K) Class: 2927K(3328K)->2927K(3328K)
[397.818s][info][gc             ] GC(1093) Pause Young (Allocation Failure) 291M->30M(987M) 11.446ms
[397.818s][info][gc,cpu         ] GC(1093) User=0.02s Sys=0.00s Real=0.02s
[397.877s][info][gc,start       ] GC(1094) Pause Young (Allocation Failure)
[397.894s][info][gc,heap        ] GC(1094) PSYoungGen: 311285K->0K(317440K)
[397.894s][info][gc,heap        ] GC(1094) ParOldGen: 5489K->31169K(699392K)
[397.894s][info][gc,metaspace   ] GC(1094) Metaspace: 23832K(24832K)->23832K(24832K) NonClass: 20904K(21504K)->20904K(21504K) Class: 2927K(3328K)->2927K(3328K)
[397.894s][info][gc             ] GC(1094) Pause Young (Allocation Failure) 309M->30M(993M) 16.740ms
[397.894s][info][gc,cpu         ] GC(1094) User=0.02s Sys=0.00s Real=0.01s
[397.951s][info][gc,start       ] GC(1095) Pause Young (Allocation Failure)
[397.952s][info][gc,heap        ] GC(1095) PSYoungGen: 285696K->0K(320512K)
[397.952s][info][gc,heap        ] GC(1095) ParOldGen: 31169K->31169K(699392K)
[397.952s][info][gc,metaspace   ] GC(1095) Metaspace: 23832K(24832K)->23832K(24832K) NonClass: 20904K(21504K)->20904K(21504K) Class: 2927K(3328K)->2927K(3328K)
[397.952s][info][gc             ] GC(1095) Pause Young (Allocation Failure) 309M->30M(996M) 0.719ms
[397.952s][info][gc,cpu         ] GC(1095) User=0.00s Sys=0.00s Real=0.00s
[398.011s][info][gc,start       ] GC(1096) Pause Young (Allocation Failure)
[398.011s][info][gc,heap        ] GC(1096) PSYoungGen: 290304K->0K(318976K)
[398.011s][info][gc,heap        ] GC(1096) ParOldGen: 31169K->31169K(699392K)
[398.011s][info][gc,metaspace   ] GC(1096) Metaspace: 23832K(24832K)->23832K(24832K) NonClass: 20904K(21504K)->20904K(21504K) Class: 2927K(3328K)->2927K(3328K)
[398.012s][info][gc             ] GC(1096) Pause Young (Allocation Failure) 313M->30M(994M) 0.750ms
[398.012s][info][gc,cpu         ] GC(1096) User=0.00s Sys=0.00s Real=0.00s
[399.783s][info][gc,start       ] GC(1097) Pause Young (Allocation Failure)
[399.795s][info][gc,heap        ] GC(1097) PSYoungGen: 290304K->26765K(309760K)
[399.795s][info][gc,heap        ] GC(1097) ParOldGen: 31169K->31169K(699392K)
[399.796s][info][gc,metaspace   ] GC(1097) Metaspace: 23832K(24832K)->23832K(24832K) NonClass: 20904K(21504K)->20904K(21504K) Class: 2927K(3328K)->2927K(3328K)
[399.796s][info][gc             ] GC(1097) Pause Young (Allocation Failure) 313M->56M(985M) 12.578ms
[399.796s][info][gc,cpu         ] GC(1097) User=0.02s Sys=0.00s Real=0.02s
[399.853s][info][gc,start       ] GC(1098) Pause Young (Allocation Failure)
[399.870s][info][gc,heap        ] GC(1098) PSYoungGen: 309389K->0K(315904K)
[399.870s][info][gc,heap        ] GC(1098) ParOldGen: 31169K->57918K(699392K)
[399.870s][info][gc,metaspace   ] GC(1098) Metaspace: 23832K(24832K)->23832K(24832K) NonClass: 20904K(21504K)->20904K(21504K) Class: 2927K(3328K)->2927K(3328K)
[399.870s][info][gc             ] GC(1098) Pause Young (Allocation Failure) 332M->56M(991M) 16.525ms
[399.870s][info][gc,cpu         ] GC(1098) User=0.00s Sys=0.00s Real=0.01s
[399.927s][info][gc,start       ] GC(1099) Pause Young (Allocation Failure)
[399.928s][info][gc,heap        ] GC(1099) PSYoungGen: 282624K->0K(318976K)
[399.928s][info][gc,heap        ] GC(1099) ParOldGen: 57918K->57918K(699392K)
[399.928s][info][gc,metaspace   ] GC(1099) Metaspace: 23832K(24832K)->23832K(24832K) NonClass: 20904K(21504K)->20904K(21504K) Class: 2927K(3328K)->2927K(3328K)
[399.928s][info][gc             ] GC(1099) Pause Young (Allocation Failure) 332M->56M(994M) 0.786ms
[399.928s][info][gc,cpu         ] GC(1099) User=0.00s Sys=0.00s Real=0.00s
[399.986s][info][gc,start       ] GC(1100) Pause Young (Allocation Failure)
[399.986s][info][gc,heap        ] GC(1100) PSYoungGen: 287232K->0K(317440K)
[399.986s][info][gc,heap        ] GC(1100) ParOldGen: 57918K->57918K(699392K)
[399.986s][info][gc,metaspace   ] GC(1100) Metaspace: 23832K(24832K)->23832K(24832K) NonClass: 20904K(21504K)->20904K(21504K) Class: 2927K(3328K)->2927K(3328K)
[399.986s][info][gc             ] GC(1100) Pause Young (Allocation Failure) 337M->56M(993M) 0.760ms
[399.986s][info][gc,cpu         ] GC(1100) User=0.00s Sys=0.00s Real=0.00s
[400.044s][info][gc,start       ] GC(1101) Pause Young (Allocation Failure)
[400.045s][info][gc,heap        ] GC(1101) PSYoungGen: 287232K->0K(322048K)
[400.045s][info][gc,heap        ] GC(1101) ParOldGen: 57918K->57918K(699392K)
[400.045s][info][gc,metaspace   ] GC(1101) Metaspace: 23832K(24832K)->23832K(24832K) NonClass: 20904K(21504K)->20904K(21504K) Class: 2927K(3328K)->2927K(3328K)
[400.045s][info][gc             ] GC(1101) Pause Young (Allocation Failure) 337M->56M(997M) 0.735ms
[400.045s][info][gc,cpu         ] GC(1101) User=0.00s Sys=0.00s Real=0.02s
[400.084s][info][gc,heap,exit   ] Heap
[400.084s][info][gc,heap,exit   ]  PSYoungGen      total 322048K, used 117341K [0x00000000eab00000, 0x0000000100000000, 0x0000000100000000)
[400.084s][info][gc,heap,exit   ]   eden space 293376K, 39% used [0x00000000eab00000,0x00000000f1d97628,0x00000000fc980000)
[400.084s][info][gc,heap,exit   ]   from space 28672K, 0% used [0x00000000fe400000,0x00000000fe400000,0x0000000100000000)
[400.084s][info][gc,heap,exit   ]   to   space 27136K, 0% used [0x00000000fc980000,0x00000000fc980000,0x00000000fe400000)
[400.084s][info][gc,heap,exit   ]  ParOldGen       total 699392K, used 57918K [0x00000000c0000000, 0x00000000eab00000, 0x00000000eab00000)
[400.084s][info][gc,heap,exit   ]   object space 699392K, 8% used [0x00000000c0000000,0x00000000c388fb08,0x00000000eab00000)
[400.084s][info][gc,heap,exit   ]  Metaspace       used 23905K, capacity 24681K, committed 24832K, reserved 1071104K
[400.084s][info][gc,heap,exit   ]   class space    used 2938K, capacity 3245K, committed 3328K, reserved 1048576K
