[0.018s][info][gc] Using Parallel
[0.019s][info][gc,heap,coops] Heap address: 0x0000000700000000, size: 4096 MB, Compressed Oops mode: Zero based, Oop shift amount: 3
[0.986s][info][gc,start     ] GC(0) Pause Young (System.gc())
[0.990s][info][gc,heap      ] GC(0) PSYoungGen: 83886K->3737K(1223168K)
[0.990s][info][gc,heap      ] GC(0) PSOldGen: 0K->16K(2796544K)
[0.990s][info][gc,metaspace ] GC(0) Metaspace: 17163K(17792K)->17163K(17792K) NonClass: 15189K(15616K)->15189K(15616K) Class: 1973K(2176K)->1973K(2176K)
[0.990s][info][gc           ] GC(0) Pause Young (System.gc()) 81M->3M(3925M) 3.666ms
[0.993s][info][gc,cpu       ] GC(0) User=0.00s Sys=0.02s Real=0.01s
[0.993s][info][gc,start     ] GC(1) Pause Full (System.gc())
[0.993s][info][gc,phases,start] GC(1) Phase 1: Mark live objects
[0.997s][info][gc,phases      ] GC(1) Phase 1: Mark live objects 4.252ms
[0.997s][info][gc,phases,start] GC(1) Phase 2: Compute new object addresses
[0.998s][info][gc,phases      ] GC(1) Phase 2: Compute new object addresses 1.124ms
[0.998s][info][gc,phases,start] GC(1) Phase 3: Adjust pointers
[1.000s][info][gc,phases      ] GC(1) Phase 3: Adjust pointers 2.208ms
[1.000s][info][gc,phases,start] GC(1) Phase 4: Move objects
[1.002s][info][gc,phases      ] GC(1) Phase 4: Move objects 1.292ms
[1.002s][info][gc,heap        ] GC(1) PSYoungGen: 3737K->0K(1223168K)
[1.003s][info][gc,heap        ] GC(1) PSOldGen: 16K->3621K(2796544K)
[1.003s][info][gc,metaspace   ] GC(1) Metaspace: 17163K(17792K)->17163K(17792K) NonClass: 15189K(15616K)->15189K(15616K) Class: 1973K(2176K)->1973K(2176K)
[1.003s][info][gc             ] GC(1) Pause Full (System.gc()) 3M->3M(3925M) 9.906ms
[1.003s][info][gc,cpu         ] GC(1) User=0.00s Sys=0.00s Real=0.00s
[1.317s][info][gc,start       ] GC(2) Pause Young (Allocation Failure)
[1.319s][info][gc,heap        ] GC(2) PSYoungGen: 1048576K->3536K(1223168K)
[1.319s][info][gc,heap        ] GC(2) PSOldGen: 3621K->3629K(2796544K)
[1.319s][info][gc,metaspace   ] GC(2) Metaspace: 17704K(18432K)->17704K(18432K) NonClass: 15655K(16128K)->15655K(16128K) Class: 2048K(2304K)->2048K(2304K)
[1.319s][info][gc             ] GC(2) Pause Young (Allocation Failure) 1027M->6M(3925M) 2.401ms
[1.319s][info][gc,cpu         ] GC(2) User=0.00s Sys=0.00s Real=0.01s
[1.515s][info][gc,start       ] GC(3) Pause Young (Allocation Failure)
[1.519s][info][gc,heap        ] GC(3) PSYoungGen: 1052112K->6656K(1223168K)
[1.519s][info][gc,heap        ] GC(3) PSOldGen: 3629K->3637K(2796544K)
[1.519s][info][gc,metaspace   ] GC(3) Metaspace: 17705K(18432K)->17705K(18432K) NonClass: 15656K(16128K)->15656K(16128K) Class: 2048K(2304K)->2048K(2304K)
[1.519s][info][gc             ] GC(3) Pause Young (Allocation Failure) 1030M->10M(3925M) 4.202ms
[1.519s][info][gc,cpu         ] GC(3) User=0.00s Sys=0.00s Real=0.01s
[1.770s][info][gc,start       ] GC(4) Pause Young (Allocation Failure)
[1.775s][info][gc,heap        ] GC(4) PSYoungGen: 1055232K->10016K(1223168K)
[1.775s][info][gc,heap        ] GC(4) PSOldGen: 3637K->3637K(2796544K)
[1.775s][info][gc,metaspace   ] GC(4) Metaspace: 17709K(18432K)->17709K(18432K) NonClass: 15660K(16128K)->15660K(16128K) Class: 2049K(2304K)->2049K(2304K)
[1.775s][info][gc             ] GC(4) Pause Young (Allocation Failure) 1034M->13M(3925M) 5.457ms
[1.776s][info][gc,cpu         ] GC(4) User=0.05s Sys=0.05s Real=0.02s
[2.145s][info][gc,start       ] GC(5) Pause Young (Allocation Failure)
[2.151s][info][gc,heap        ] GC(5) PSYoungGen: 1058592K->13184K(1223168K)
[2.151s][info][gc,heap        ] GC(5) PSOldGen: 3637K->3645K(2796544K)
[2.151s][info][gc,metaspace   ] GC(5) Metaspace: 17709K(18432K)->17709K(18432K) NonClass: 15660K(16128K)->15660K(16128K) Class: 2049K(2304K)->2049K(2304K)
[2.151s][info][gc             ] GC(5) Pause Young (Allocation Failure) 1037M->16M(3925M) 5.450ms
[2.151s][info][gc,cpu         ] GC(5) User=0.08s Sys=0.02s Real=0.01s
[2.562s][info][gc,start       ] GC(6) Pause Young (Allocation Failure)
[2.570s][info][gc,heap        ] GC(6) PSYoungGen: 1061760K->16544K(1378816K)
[2.570s][info][gc,heap        ] GC(6) PSOldGen: 3645K->3645K(2796544K)
[2.570s][info][gc,metaspace   ] GC(6) Metaspace: 17713K(18432K)->17713K(18432K) NonClass: 15663K(16128K)->15663K(16128K) Class: 2049K(2304K)->2049K(2304K)
[2.570s][info][gc             ] GC(6) Pause Young (Allocation Failure) 1040M->19M(4077M) 7.875ms
[2.570s][info][gc,cpu         ] GC(6) User=0.00s Sys=0.02s Real=0.01s
[3.012s][info][gc,start       ] GC(7) Pause Young (Allocation Failure)
[3.021s][info][gc,heap        ] GC(7) PSYoungGen: 1220768K->18912K(1223168K)
[3.021s][info][gc,heap        ] GC(7) PSOldGen: 3645K->4997K(2796544K)
[3.021s][info][gc,metaspace   ] GC(7) Metaspace: 17713K(18432K)->17713K(18432K) NonClass: 15663K(16128K)->15663K(16128K) Class: 2049K(2304K)->2049K(2304K)
[3.021s][info][gc             ] GC(7) Pause Young (Allocation Failure) 1195M->23M(3925M) 9.397ms
[3.021s][info][gc,cpu         ] GC(7) User=0.00s Sys=0.00s Real=0.02s
[3.603s][info][gc,start       ] GC(8) Pause Young (System.gc())
[3.603s][info][gc,heap        ] GC(8) PSYoungGen: 675902K->384K(1373696K)
[3.603s][info][gc,heap        ] GC(8) PSOldGen: 4997K->5381K(2796544K)
[3.603s][info][gc,metaspace   ] GC(8) Metaspace: 17902K(18688K)->17902K(18688K) NonClass: 15826K(16384K)->15826K(16384K) Class: 2076K(2304K)->2076K(2304K)
[3.603s][info][gc             ] GC(8) Pause Young (System.gc()) 664M->5M(4072M) 0.911ms
[3.603s][info][gc,cpu         ] GC(8) User=0.00s Sys=0.00s Real=0.00s
[3.604s][info][gc,start       ] GC(9) Pause Full (System.gc())
[3.604s][info][gc,phases,start] GC(9) Phase 1: Mark live objects
[3.610s][info][gc,phases      ] GC(9) Phase 1: Mark live objects 6.413ms
[3.610s][info][gc,phases,start] GC(9) Phase 2: Compute new object addresses
[3.611s][info][gc,phases      ] GC(9) Phase 2: Compute new object addresses 1.404ms
[3.611s][info][gc,phases,start] GC(9) Phase 3: Adjust pointers
[3.614s][info][gc,phases      ] GC(9) Phase 3: Adjust pointers 2.773ms
[3.614s][info][gc,phases,start] GC(9) Phase 4: Move objects
[3.614s][info][gc,phases      ] GC(9) Phase 4: Move objects 0.041ms
[3.615s][info][gc,heap        ] GC(9) PSYoungGen: 384K->0K(1373696K)
[3.615s][info][gc,heap        ] GC(9) PSOldGen: 5381K->5405K(2796544K)
[3.615s][info][gc,metaspace   ] GC(9) Metaspace: 17902K(18688K)->17831K(18688K) NonClass: 15826K(16384K)->15776K(16384K) Class: 2076K(2304K)->2054K(2304K)
[3.615s][info][gc             ] GC(9) Pause Full (System.gc()) 5M->5M(4072M) 11.431ms
[3.615s][info][gc,cpu         ] GC(9) User=0.00s Sys=0.00s Real=0.02s
[3.937s][info][gc,start       ] GC(10) Pause Young (Allocation Failure)
[3.940s][info][gc,heap        ] GC(10) PSYoungGen: 1350656K->4032K(1374208K)
[3.940s][info][gc,heap        ] GC(10) PSOldGen: 5405K->5405K(2796544K)
[3.940s][info][gc,metaspace   ] GC(10) Metaspace: 17831K(18688K)->17831K(18688K) NonClass: 15777K(16384K)->15777K(16384K) Class: 2054K(2304K)->2054K(2304K)
[3.940s][info][gc             ] GC(10) Pause Young (Allocation Failure) 1324M->9M(4073M) 2.598ms
[3.940s][info][gc,cpu         ] GC(10) User=0.00s Sys=0.00s Real=0.01s
[4.333s][info][gc,start       ] GC(11) Pause Young (Allocation Failure)
[4.337s][info][gc,heap        ] GC(11) PSYoungGen: 1354688K->7680K(1375744K)
[4.337s][info][gc,heap        ] GC(11) PSOldGen: 5405K->5405K(2796544K)
[4.337s][info][gc,metaspace   ] GC(11) Metaspace: 17831K(18688K)->17831K(18688K) NonClass: 15777K(16384K)->15777K(16384K) Class: 2054K(2304K)->2054K(2304K)
[4.337s][info][gc             ] GC(11) Pause Young (Allocation Failure) 1328M->12M(4074M) 3.885ms
[4.337s][info][gc,cpu         ] GC(11) User=0.09s Sys=0.00s Real=0.01s
[4.845s][info][gc,start       ] GC(12) Pause Young (Allocation Failure)
[4.852s][info][gc,heap        ] GC(12) PSYoungGen: 1360384K->11808K(1374720K)
[4.852s][info][gc,heap        ] GC(12) PSOldGen: 5405K->5453K(2796544K)
[4.852s][info][gc,metaspace   ] GC(12) Metaspace: 17831K(18688K)->17831K(18688K) NonClass: 15777K(16384K)->15777K(16384K) Class: 2054K(2304K)->2054K(2304K)
[4.852s][info][gc             ] GC(12) Pause Young (Allocation Failure) 1333M->16M(4073M) 6.849ms
[4.852s][info][gc,cpu         ] GC(12) User=0.03s Sys=0.03s Real=0.01s
[5.422s][info][gc,start       ] GC(13) Pause Young (Allocation Failure)
[5.433s][info][gc,heap        ] GC(13) PSYoungGen: 1364512K->16128K(1373184K)
[5.433s][info][gc,heap        ] GC(13) PSOldGen: 5453K->13845K(2796544K)
[5.433s][info][gc,metaspace   ] GC(13) Metaspace: 17831K(18688K)->17831K(18688K) NonClass: 15777K(16384K)->15777K(16384K) Class: 2054K(2304K)->2054K(2304K)
[5.433s][info][gc             ] GC(13) Pause Young (Allocation Failure) 1337M->29M(4072M) 11.714ms
[5.433s][info][gc,cpu         ] GC(13) User=0.08s Sys=0.02s Real=0.02s
[5.987s][info][gc,start       ] GC(14) Pause Young (Allocation Failure)
[5.996s][info][gc,heap        ] GC(14) PSYoungGen: 1367808K->6880K(1374720K)
[5.996s][info][gc,heap        ] GC(14) PSOldGen: 13845K->27069K(2796544K)
[5.996s][info][gc,metaspace   ] GC(14) Metaspace: 17831K(18688K)->17831K(18688K) NonClass: 15777K(16384K)->15777K(16384K) Class: 2054K(2304K)->2054K(2304K)
[5.996s][info][gc             ] GC(14) Pause Young (Allocation Failure) 1349M->33M(4073M) 9.725ms
[5.996s][info][gc,cpu         ] GC(14) User=0.09s Sys=0.00s Real=0.01s
[6.554s][info][gc,start       ] GC(15) Pause Young (System.gc())
[6.584s][info][gc,heap        ] GC(15) PSYoungGen: 743973K->22496K(1345536K)
[6.584s][info][gc,heap        ] GC(15) PSOldGen: 27069K->58381K(2796544K)
[6.584s][info][gc,metaspace   ] GC(15) Metaspace: 17831K(18688K)->17831K(18688K) NonClass: 15777K(16384K)->15777K(16384K) Class: 2054K(2304K)->2054K(2304K)
[6.584s][info][gc             ] GC(15) Pause Young (System.gc()) 752M->78M(4045M) 30.396ms
[6.584s][info][gc,cpu         ] GC(15) User=0.08s Sys=0.06s Real=0.03s
[6.584s][info][gc,start       ] GC(16) Pause Full (System.gc())
[6.584s][info][gc,phases,start] GC(16) Phase 1: Mark live objects
[6.589s][info][gc,phases      ] GC(16) Phase 1: Mark live objects 4.518ms
[6.589s][info][gc,phases,start] GC(16) Phase 2: Compute new object addresses
[6.599s][info][gc,phases      ] GC(16) Phase 2: Compute new object addresses 9.889ms
[6.599s][info][gc,phases,start] GC(16) Phase 3: Adjust pointers
[6.602s][info][gc,phases      ] GC(16) Phase 3: Adjust pointers 2.844ms
[6.602s][info][gc,phases,start] GC(16) Phase 4: Move objects
[6.602s][info][gc,phases      ] GC(16) Phase 4: Move objects 0.020ms
[6.602s][info][gc,heap        ] GC(16) PSYoungGen: 22496K->0K(1345536K)
[6.602s][info][gc,heap        ] GC(16) PSOldGen: 58381K->58381K(2796544K)
[6.602s][info][gc,metaspace   ] GC(16) Metaspace: 17831K(18688K)->17831K(18688K) NonClass: 15777K(16384K)->15777K(16384K) Class: 2054K(2304K)->2054K(2304K)
[6.602s][info][gc             ] GC(16) Pause Full (System.gc()) 78M->57M(4045M) 17.993ms
[6.602s][info][gc,cpu         ] GC(16) User=0.03s Sys=0.00s Real=0.02s
[7.060s][info][gc,start       ] GC(17) Pause Young (Allocation Failure)
[7.062s][info][gc,heap        ] GC(17) PSYoungGen: 1323008K->3904K(1360384K)
[7.062s][info][gc,heap        ] GC(17) PSOldGen: 58381K->58381K(2796544K)
[7.062s][info][gc,metaspace   ] GC(17) Metaspace: 17831K(18688K)->17831K(18688K) NonClass: 15777K(16384K)->15777K(16384K) Class: 2054K(2304K)->2054K(2304K)
[7.062s][info][gc             ] GC(17) Pause Young (Allocation Failure) 1349M->60M(4059M) 2.286ms
[7.062s][info][gc,cpu         ] GC(17) User=0.00s Sys=0.00s Real=0.00s
[7.462s][info][gc,start       ] GC(18) Pause Young (Allocation Failure)
[7.466s][info][gc,heap        ] GC(18) PSYoungGen: 1326912K->4224K(1361920K)
[7.467s][info][gc,heap        ] GC(18) PSOldGen: 58381K->61693K(2796544K)
[7.467s][info][gc,metaspace   ] GC(18) Metaspace: 17831K(18688K)->17831K(18688K) NonClass: 15777K(16384K)->15777K(16384K) Class: 2054K(2304K)->2054K(2304K)
[7.467s][info][gc             ] GC(18) Pause Young (Allocation Failure) 1352M->64M(4061M) 4.075ms
[7.467s][info][gc,cpu         ] GC(18) User=0.00s Sys=0.00s Real=0.00s
[7.963s][info][gc,start       ] GC(19) Pause Young (Allocation Failure)
[7.971s][info][gc,heap        ] GC(19) PSYoungGen: 1329280K->14528K(1360896K)
[7.971s][info][gc,heap        ] GC(19) PSOldGen: 61693K->64141K(2796544K)
[7.971s][info][gc,metaspace   ] GC(19) Metaspace: 17831K(18688K)->17831K(18688K) NonClass: 15777K(16384K)->15777K(16384K) Class: 2054K(2304K)->2054K(2304K)
[7.971s][info][gc             ] GC(19) Pause Young (Allocation Failure) 1358M->76M(4060M) 7.550ms
[7.971s][info][gc,cpu         ] GC(19) User=0.00s Sys=0.00s Real=0.01s
[8.549s][info][gc,start       ] GC(20) Pause Young (Allocation Failure)
[8.562s][info][gc,heap        ] GC(20) PSYoungGen: 1339584K->15744K(1363968K)
[8.562s][info][gc,heap        ] GC(20) PSOldGen: 64141K->75461K(2796544K)
[8.562s][info][gc,metaspace   ] GC(20) Metaspace: 17831K(18688K)->17831K(18688K) NonClass: 15777K(16384K)->15777K(16384K) Class: 2054K(2304K)->2054K(2304K)
[8.562s][info][gc             ] GC(20) Pause Young (Allocation Failure) 1370M->89M(4063M) 12.896ms
[8.562s][info][gc,cpu         ] GC(20) User=0.08s Sys=0.02s Real=0.02s
[9.109s][info][gc,start       ] GC(21) Pause Young (Allocation Failure)
[9.119s][info][gc,heap        ] GC(21) PSYoungGen: 1345408K->6544K(1363456K)
[9.119s][info][gc,heap        ] GC(21) PSOldGen: 75461K->88685K(2796544K)
[9.119s][info][gc,metaspace   ] GC(21) Metaspace: 17831K(18688K)->17831K(18688K) NonClass: 15777K(16384K)->15777K(16384K) Class: 2054K(2304K)->2054K(2304K)
[9.119s][info][gc             ] GC(21) Pause Young (Allocation Failure) 1387M->92M(4062M) 10.111ms
[9.119s][info][gc,cpu         ] GC(21) User=0.09s Sys=0.00s Real=0.01s
[9.730s][info][gc,start       ] GC(22) Pause Young (System.gc())
[9.757s][info][gc,heap        ] GC(22) PSYoungGen: 866015K->32736K(1338368K)
[9.757s][info][gc,heap        ] GC(22) PSOldGen: 88685K->109709K(2796544K)
[9.757s][info][gc,metaspace   ] GC(22) Metaspace: 17832K(18688K)->17832K(18688K) NonClass: 15778K(16384K)->15778K(16384K) Class: 2054K(2304K)->2054K(2304K)
[9.757s][info][gc             ] GC(22) Pause Young (System.gc()) 932M->139M(4038M) 27.324ms
[9.757s][info][gc,cpu         ] GC(22) User=0.08s Sys=0.02s Real=0.03s
[9.757s][info][gc,start       ] GC(23) Pause Full (System.gc())
[9.758s][info][gc,phases,start] GC(23) Phase 1: Mark live objects
[9.762s][info][gc,phases      ] GC(23) Phase 1: Mark live objects 4.312ms
[9.762s][info][gc,phases,start] GC(23) Phase 2: Compute new object addresses
[9.773s][info][gc,phases      ] GC(23) Phase 2: Compute new object addresses 11.117ms
[9.773s][info][gc,phases,start] GC(23) Phase 3: Adjust pointers
[9.776s][info][gc,phases      ] GC(23) Phase 3: Adjust pointers 2.805ms
[9.776s][info][gc,phases,start] GC(23) Phase 4: Move objects
[9.777s][info][gc,phases      ] GC(23) Phase 4: Move objects 0.854ms
[9.778s][info][gc,heap        ] GC(23) PSYoungGen: 32736K->0K(1338368K)
[9.778s][info][gc,heap        ] GC(23) PSOldGen: 109709K->3950K(2796544K)
[9.778s][info][gc,metaspace   ] GC(23) Metaspace: 17832K(18688K)->17832K(18688K) NonClass: 15778K(16384K)->15778K(16384K) Class: 2054K(2304K)->2054K(2304K)
[9.778s][info][gc             ] GC(23) Pause Full (System.gc()) 139M->3M(4038M) 20.141ms
[9.778s][info][gc,cpu         ] GC(23) User=0.02s Sys=0.00s Real=0.02s
[10.076s][info][gc,start       ] GC(24) Pause Young (Allocation Failure)
[10.079s][info][gc,heap        ] GC(24) PSYoungGen: 1305600K->3904K(1351680K)
[10.079s][info][gc,heap        ] GC(24) PSOldGen: 3950K->3950K(2796544K)
[10.079s][info][gc,metaspace   ] GC(24) Metaspace: 17844K(18688K)->17844K(18688K) NonClass: 15790K(16384K)->15790K(16384K) Class: 2054K(2304K)->2054K(2304K)
[10.079s][info][gc             ] GC(24) Pause Young (Allocation Failure) 1278M->7M(4051M) 2.473ms
[10.079s][info][gc,cpu         ] GC(24) User=0.00s Sys=0.00s Real=0.00s
[10.507s][info][gc,start       ] GC(25) Pause Young (Allocation Failure)
[10.511s][info][gc,heap        ] GC(25) PSYoungGen: 1309504K->4160K(1353728K)
[10.511s][info][gc,heap        ] GC(25) PSOldGen: 3950K->7270K(2796544K)
[10.511s][info][gc,metaspace   ] GC(25) Metaspace: 17844K(18688K)->17844K(18688K) NonClass: 15790K(16384K)->15790K(16384K) Class: 2054K(2304K)->2054K(2304K)
[10.511s][info][gc             ] GC(25) Pause Young (Allocation Failure) 1282M->11M(4053M) 3.770ms
[10.511s][info][gc,cpu         ] GC(25) User=0.00s Sys=0.00s Real=0.01s
[11.013s][info][gc,start       ] GC(26) Pause Young (Allocation Failure)
[11.020s][info][gc,heap        ] GC(26) PSYoungGen: 1312832K->14368K(1352704K)
[11.020s][info][gc,heap        ] GC(26) PSOldGen: 7270K->9710K(2796544K)
[11.020s][info][gc,metaspace   ] GC(26) Metaspace: 17844K(18688K)->17844K(18688K) NonClass: 15790K(16384K)->15790K(16384K) Class: 2054K(2304K)->2054K(2304K)
[11.020s][info][gc             ] GC(26) Pause Young (Allocation Failure) 1289M->23M(4052M) 7.323ms
[11.020s][info][gc,cpu         ] GC(26) User=0.00s Sys=0.00s Real=0.01s
[11.579s][info][gc,start       ] GC(27) Pause Young (Allocation Failure)
[11.591s][info][gc,heap        ] GC(27) PSYoungGen: 1323040K->15552K(1358848K)
[11.591s][info][gc,heap        ] GC(27) PSOldGen: 9710K->21030K(2796544K)
[11.591s][info][gc,metaspace   ] GC(27) Metaspace: 17844K(18688K)->17844K(18688K) NonClass: 15790K(16384K)->15790K(16384K) Class: 2054K(2304K)->2054K(2304K)
[11.591s][info][gc             ] GC(27) Pause Young (Allocation Failure) 1301M->35M(4058M) 11.561ms
[11.591s][info][gc,cpu         ] GC(27) User=0.09s Sys=0.00s Real=0.02s
[12.132s][info][gc,start       ] GC(28) Pause Young (Allocation Failure)
[12.141s][info][gc,heap        ] GC(28) PSYoungGen: 1333440K->6304K(1356800K)
[12.143s][info][gc,heap        ] GC(28) PSOldGen: 21030K->34254K(2796544K)
[12.143s][info][gc,metaspace   ] GC(28) Metaspace: 17844K(18688K)->17844K(18688K) NonClass: 15790K(16384K)->15790K(16384K) Class: 2054K(2304K)->2054K(2304K)
[12.143s][info][gc             ] GC(28) Pause Young (Allocation Failure) 1322M->39M(4056M) 11.233ms
[12.143s][info][gc,cpu         ] GC(28) User=0.02s Sys=0.00s Real=0.02s
[12.787s][info][gc,start       ] GC(29) Pause Young (System.gc())
[12.813s][info][gc,heap        ] GC(29) PSYoungGen: 947679K->37856K(1335296K)
[12.813s][info][gc,heap        ] GC(29) PSOldGen: 34254K->50142K(2796544K)
[12.813s][info][gc,metaspace   ] GC(29) Metaspace: 17844K(18688K)->17844K(18688K) NonClass: 15790K(16384K)->15790K(16384K) Class: 2054K(2304K)->2054K(2304K)
[12.813s][info][gc             ] GC(29) Pause Young (System.gc()) 958M->85M(4035M) 25.740ms
[12.813s][info][gc,cpu         ] GC(29) User=0.19s Sys=0.00s Real=0.04s
[12.813s][info][gc,start       ] GC(30) Pause Full (System.gc())
[12.813s][info][gc,phases,start] GC(30) Phase 1: Mark live objects
[12.817s][info][gc,phases      ] GC(30) Phase 1: Mark live objects 4.236ms
[12.817s][info][gc,phases,start] GC(30) Phase 2: Compute new object addresses
[12.828s][info][gc,phases      ] GC(30) Phase 2: Compute new object addresses 10.797ms
[12.828s][info][gc,phases,start] GC(30) Phase 3: Adjust pointers
[12.831s][info][gc,phases      ] GC(30) Phase 3: Adjust pointers 2.807ms
[12.831s][info][gc,phases,start] GC(30) Phase 4: Move objects
[12.831s][info][gc,phases      ] GC(30) Phase 4: Move objects 0.008ms
[12.832s][info][gc,heap        ] GC(30) PSYoungGen: 37856K->0K(1335296K)
[12.832s][info][gc,heap        ] GC(30) PSOldGen: 50142K->50142K(2796544K)
[12.832s][info][gc,metaspace   ] GC(30) Metaspace: 17844K(18688K)->17844K(18688K) NonClass: 15790K(16384K)->15790K(16384K) Class: 2054K(2304K)->2054K(2304K)
[12.832s][info][gc             ] GC(30) Pause Full (System.gc()) 85M->48M(4035M) 18.524ms
[12.832s][info][gc,cpu         ] GC(30) User=0.02s Sys=0.00s Real=0.02s
[13.213s][info][gc,start       ] GC(31) Pause Young (Allocation Failure)
[13.215s][info][gc,heap        ] GC(31) PSYoungGen: 1297408K->3872K(1347584K)
[13.215s][info][gc,heap        ] GC(31) PSOldGen: 50142K->50142K(2796544K)
[13.215s][info][gc,metaspace   ] GC(31) Metaspace: 17844K(18688K)->17844K(18688K) NonClass: 15790K(16384K)->15790K(16384K) Class: 2054K(2304K)->2054K(2304K)
[13.215s][info][gc             ] GC(31) Pause Young (Allocation Failure) 1315M->52M(4047M) 2.329ms
[13.215s][info][gc,cpu         ] GC(31) User=0.00s Sys=0.00s Real=0.01s
[13.585s][info][gc,start       ] GC(32) Pause Young (Allocation Failure)
[13.589s][info][gc,heap        ] GC(32) PSYoungGen: 1301280K->4096K(1349632K)
[13.589s][info][gc,heap        ] GC(32) PSOldGen: 50142K->53470K(2796544K)
[13.589s][info][gc,metaspace   ] GC(32) Metaspace: 17844K(18688K)->17844K(18688K) NonClass: 15790K(16384K)->15790K(16384K) Class: 2054K(2304K)->2054K(2304K)
[13.589s][info][gc             ] GC(32) Pause Young (Allocation Failure) 1319M->56M(4049M) 3.784ms
[13.589s][info][gc,cpu         ] GC(32) User=0.08s Sys=0.02s Real=0.01s
[14.053s][info][gc,start       ] GC(33) Pause Young (Allocation Failure)
[14.061s][info][gc,heap        ] GC(33) PSYoungGen: 1304064K->14336K(1348096K)
[14.061s][info][gc,heap        ] GC(33) PSOldGen: 53470K->55910K(2796544K)
[14.061s][info][gc,metaspace   ] GC(33) Metaspace: 17844K(18688K)->17844K(18688K) NonClass: 15790K(16384K)->15790K(16384K) Class: 2054K(2304K)->2054K(2304K)
[14.061s][info][gc             ] GC(33) Pause Young (Allocation Failure) 1325M->68M(4047M) 7.667ms
[14.061s][info][gc,cpu         ] GC(33) User=0.09s Sys=0.00s Real=0.02s
[14.615s][info][gc,start       ] GC(34) Pause Young (Allocation Failure)
[14.626s][info][gc,heap        ] GC(34) PSYoungGen: 1314304K->15456K(1355776K)
[14.626s][info][gc,heap        ] GC(34) PSOldGen: 55910K->67230K(2796544K)
[14.626s][info][gc,metaspace   ] GC(34) Metaspace: 17844K(18688K)->17844K(18688K) NonClass: 15790K(16384K)->15790K(16384K) Class: 2054K(2304K)->2054K(2304K)
[14.626s][info][gc             ] GC(34) Pause Young (Allocation Failure) 1338M->80M(4055M) 11.087ms
[14.626s][info][gc,cpu         ] GC(34) User=0.09s Sys=0.00s Real=0.01s
[15.165s][info][gc,start       ] GC(35) Pause Young (Allocation Failure)
[15.174s][info][gc,heap        ] GC(35) PSYoungGen: 1326176K->6144K(1352704K)
[15.174s][info][gc,heap        ] GC(35) PSOldGen: 67230K->80446K(2796544K)
[15.174s][info][gc,metaspace   ] GC(35) Metaspace: 17844K(18688K)->17844K(18688K) NonClass: 15790K(16384K)->15790K(16384K) Class: 2054K(2304K)->2054K(2304K)
[15.174s][info][gc             ] GC(35) Pause Young (Allocation Failure) 1360M->84M(4052M) 8.736ms
[15.174s][info][gc,cpu         ] GC(35) User=0.00s Sys=0.00s Real=0.02s
[15.834s][info][gc,start       ] GC(36) Pause Young (System.gc())
[15.860s][info][gc,heap        ] GC(36) PSYoungGen: 989181K->40928K(1333248K)
[15.860s][info][gc,heap        ] GC(36) PSOldGen: 80446K->93246K(2796544K)
[15.860s][info][gc,metaspace   ] GC(36) Metaspace: 17846K(18688K)->17846K(18688K) NonClass: 15791K(16384K)->15791K(16384K) Class: 2054K(2304K)->2054K(2304K)
[15.860s][info][gc             ] GC(36) Pause Young (System.gc()) 1044M->131M(4033M) 25.556ms
[15.860s][info][gc,cpu         ] GC(36) User=0.14s Sys=0.02s Real=0.03s
[15.860s][info][gc,start       ] GC(37) Pause Full (System.gc())
[15.860s][info][gc,phases,start] GC(37) Phase 1: Mark live objects
[15.864s][info][gc,phases      ] GC(37) Phase 1: Mark live objects 4.252ms
[15.864s][info][gc,phases,start] GC(37) Phase 2: Compute new object addresses
[15.875s][info][gc,phases      ] GC(37) Phase 2: Compute new object addresses 10.724ms
[15.875s][info][gc,phases,start] GC(37) Phase 3: Adjust pointers
[15.878s][info][gc,phases      ] GC(37) Phase 3: Adjust pointers 2.903ms
[15.878s][info][gc,phases,start] GC(37) Phase 4: Move objects
[15.878s][info][gc,phases      ] GC(37) Phase 4: Move objects 0.008ms
[15.879s][info][gc,heap        ] GC(37) PSYoungGen: 40928K->0K(1333248K)
[15.879s][info][gc,heap        ] GC(37) PSOldGen: 93246K->93246K(2796544K)
[15.879s][info][gc,metaspace   ] GC(37) Metaspace: 17846K(18688K)->17846K(18688K) NonClass: 15791K(16384K)->15791K(16384K) Class: 2054K(2304K)->2054K(2304K)
[15.879s][info][gc             ] GC(37) Pause Full (System.gc()) 131M->91M(4033M) 18.588ms
[15.879s][info][gc,cpu         ] GC(37) User=0.02s Sys=0.00s Real=0.02s
[16.331s][info][gc,start       ] GC(38) Pause Young (Allocation Failure)
[16.333s][info][gc,heap        ] GC(38) PSYoungGen: 1292288K->3904K(1345024K)
[16.333s][info][gc,heap        ] GC(38) PSOldGen: 93246K->93246K(2796544K)
[16.333s][info][gc,metaspace   ] GC(38) Metaspace: 17850K(18688K)->17850K(18688K) NonClass: 15796K(16384K)->15796K(16384K) Class: 2054K(2304K)->2054K(2304K)
[16.333s][info][gc             ] GC(38) Pause Young (Allocation Failure) 1353M->94M(4044M) 2.076ms
[16.333s][info][gc,cpu         ] GC(38) User=0.00s Sys=0.00s Real=0.00s
[16.680s][info][gc,start       ] GC(39) Pause Young (Allocation Failure)
[16.684s][info][gc,heap        ] GC(39) PSYoungGen: 1296192K->4128K(1347072K)
[16.684s][info][gc,heap        ] GC(39) PSOldGen: 93246K->96559K(2796544K)
[16.684s][info][gc,metaspace   ] GC(39) Metaspace: 17850K(18688K)->17850K(18688K) NonClass: 15796K(16384K)->15796K(16384K) Class: 2054K(2304K)->2054K(2304K)
[16.684s][info][gc             ] GC(39) Pause Young (Allocation Failure) 1356M->98M(4046M) 3.792ms
[16.684s][info][gc,cpu         ] GC(39) User=0.00s Sys=0.00s Real=0.00s
[17.197s][info][gc,start       ] GC(40) Pause Young (Allocation Failure)
[17.204s][info][gc,heap        ] GC(40) PSYoungGen: 1299488K->14336K(1346048K)
[17.204s][info][gc,heap        ] GC(40) PSOldGen: 96559K->99007K(2796544K)
[17.204s][info][gc,metaspace   ] GC(40) Metaspace: 17850K(18688K)->17850K(18688K) NonClass: 15796K(16384K)->15796K(16384K) Class: 2054K(2304K)->2054K(2304K)
[17.204s][info][gc             ] GC(40) Pause Young (Allocation Failure) 1363M->110M(4045M) 7.542ms
[17.204s][info][gc,cpu         ] GC(40) User=0.00s Sys=0.00s Real=0.02s
[17.758s][info][gc,start       ] GC(41) Pause Young (Allocation Failure)
[17.769s][info][gc,heap        ] GC(41) PSYoungGen: 1309696K->15504K(1353728K)
[17.769s][info][gc,heap        ] GC(41) PSOldGen: 99007K->110327K(2796544K)
[17.769s][info][gc,metaspace   ] GC(41) Metaspace: 17850K(18688K)->17850K(18688K) NonClass: 15796K(16384K)->15796K(16384K) Class: 2054K(2304K)->2054K(2304K)
[17.769s][info][gc             ] GC(41) Pause Young (Allocation Failure) 1375M->122M(4053M) 11.073ms
[17.769s][info][gc,cpu         ] GC(41) User=0.00s Sys=0.00s Real=0.01s
[18.308s][info][gc,start       ] GC(42) Pause Young (Allocation Failure)
[18.317s][info][gc,heap        ] GC(42) PSYoungGen: 1322128K->6176K(1350656K)
[18.317s][info][gc,heap        ] GC(42) PSOldGen: 110327K->123543K(2796544K)
[18.317s][info][gc,metaspace   ] GC(42) Metaspace: 17850K(18688K)->17850K(18688K) NonClass: 15796K(16384K)->15796K(16384K) Class: 2054K(2304K)->2054K(2304K)
[18.317s][info][gc             ] GC(42) Pause Young (Allocation Failure) 1398M->126M(4050M) 9.514ms
[18.317s][info][gc,cpu         ] GC(42) User=0.00s Sys=0.00s Real=0.02s
[18.973s][info][gc,start       ] GC(43) Pause Young (System.gc())
[18.998s][info][gc,heap        ] GC(43) PSYoungGen: 973580K->42976K(1331200K)
[18.998s][info][gc,heap        ] GC(43) PSOldGen: 123543K->134287K(2796544K)
[18.999s][info][gc,metaspace   ] GC(43) Metaspace: 17850K(18688K)->17850K(18688K) NonClass: 15796K(16384K)->15796K(16384K) Class: 2054K(2304K)->2054K(2304K)
[18.999s][info][gc             ] GC(43) Pause Young (System.gc()) 1071M->173M(4031M) 25.421ms
[18.999s][info][gc,cpu         ] GC(43) User=0.19s Sys=0.00s Real=0.02s
[18.999s][info][gc,start       ] GC(44) Pause Full (System.gc())
[18.999s][info][gc,phases,start] GC(44) Phase 1: Mark live objects
[19.003s][info][gc,phases      ] GC(44) Phase 1: Mark live objects 4.229ms
[19.003s][info][gc,phases,start] GC(44) Phase 2: Compute new object addresses
[19.014s][info][gc,phases      ] GC(44) Phase 2: Compute new object addresses 11.024ms
[19.014s][info][gc,phases,start] GC(44) Phase 3: Adjust pointers
[19.017s][info][gc,phases      ] GC(44) Phase 3: Adjust pointers 2.812ms
[19.017s][info][gc,phases,start] GC(44) Phase 4: Move objects
[19.017s][info][gc,phases      ] GC(44) Phase 4: Move objects 0.020ms
[19.017s][info][gc,heap        ] GC(44) PSYoungGen: 42976K->0K(1331200K)
[19.017s][info][gc,heap        ] GC(44) PSOldGen: 134287K->134287K(2796544K)
[19.017s][info][gc,metaspace   ] GC(44) Metaspace: 17850K(18688K)->17850K(18688K) NonClass: 15796K(16384K)->15796K(16384K) Class: 2054K(2304K)->2054K(2304K)
[19.017s][info][gc             ] GC(44) Pause Full (System.gc()) 173M->131M(4031M) 18.856ms
[19.017s][info][gc,cpu         ] GC(44) User=0.02s Sys=0.00s Real=0.02s
[19.323s][info][gc,start       ] GC(45) Pause Young (Allocation Failure)
[19.325s][info][gc,heap        ] GC(45) PSYoungGen: 1288192K->3904K(1342976K)
[19.325s][info][gc,heap        ] GC(45) PSOldGen: 134287K->134287K(2796544K)
[19.325s][info][gc,metaspace   ] GC(45) Metaspace: 17854K(18688K)->17854K(18688K) NonClass: 15799K(16384K)->15799K(16384K) Class: 2054K(2304K)->2054K(2304K)
[19.326s][info][gc             ] GC(45) Pause Young (Allocation Failure) 1389M->134M(4042M) 2.461ms
[19.326s][info][gc,cpu         ] GC(45) User=0.00s Sys=0.00s Real=0.00s
[19.628s][info][gc,start       ] GC(46) Pause Young (Allocation Failure)
[19.632s][info][gc,heap        ] GC(46) PSYoungGen: 1292096K->4096K(1346048K)
[19.632s][info][gc,heap        ] GC(46) PSOldGen: 134287K->137607K(2796544K)
[19.632s][info][gc,metaspace   ] GC(46) Metaspace: 17854K(18688K)->17854K(18688K) NonClass: 15799K(16384K)->15799K(16384K) Class: 2054K(2304K)->2054K(2304K)
[19.632s][info][gc             ] GC(46) Pause Young (Allocation Failure) 1392M->138M(4045M) 4.095ms
[19.632s][info][gc,cpu         ] GC(46) User=0.00s Sys=0.00s Real=0.00s
[20.097s][info][gc,start       ] GC(47) Pause Young (Allocation Failure)
[20.105s][info][gc,heap        ] GC(47) PSYoungGen: 1296896K->14272K(1344512K)
[20.106s][info][gc,heap        ] GC(47) PSOldGen: 137607K->140047K(2796544K)
[20.106s][info][gc,metaspace   ] GC(47) Metaspace: 17854K(18688K)->17854K(18688K) NonClass: 15799K(16384K)->15799K(16384K) Class: 2054K(2304K)->2054K(2304K)
[20.106s][info][gc             ] GC(47) Pause Young (Allocation Failure) 1400M->150M(4044M) 8.210ms
[20.106s][info][gc,cpu         ] GC(47) User=0.08s Sys=0.00s Real=0.01s
[20.657s][info][gc,start       ] GC(48) Pause Young (Allocation Failure)
[20.669s][info][gc,heap        ] GC(48) PSYoungGen: 1307072K->15408K(1352704K)
[20.669s][info][gc,heap        ] GC(48) PSOldGen: 140047K->151367K(2796544K)
[20.669s][info][gc,metaspace   ] GC(48) Metaspace: 17854K(18688K)->17854K(18688K) NonClass: 15799K(16384K)->15799K(16384K) Class: 2054K(2304K)->2054K(2304K)
[20.669s][info][gc             ] GC(48) Pause Young (Allocation Failure) 1413M->162M(4052M) 12.064ms
[20.669s][info][gc,cpu         ] GC(48) User=0.09s Sys=0.00s Real=0.01s
[21.208s][info][gc,start       ] GC(49) Pause Young (Allocation Failure)
[21.217s][info][gc,heap        ] GC(49) PSYoungGen: 1319472K->6112K(1349120K)
[21.217s][info][gc,heap        ] GC(49) PSOldGen: 151367K->164599K(2796544K)
[21.217s][info][gc,metaspace   ] GC(49) Metaspace: 17854K(18688K)->17854K(18688K) NonClass: 15799K(16384K)->15799K(16384K) Class: 2054K(2304K)->2054K(2304K)
[21.217s][info][gc             ] GC(49) Pause Young (Allocation Failure) 1436M->166M(4048M) 9.735ms
[21.217s][info][gc,cpu         ] GC(49) User=0.09s Sys=0.00s Real=0.02s
[21.887s][info][gc,start       ] GC(50) Pause Young (System.gc())
[21.912s][info][gc,heap        ] GC(50) PSYoungGen: 1005035K->44000K(1331200K)
[21.912s][info][gc,heap        ] GC(50) PSOldGen: 164599K->174327K(2796544K)
[21.912s][info][gc,metaspace   ] GC(50) Metaspace: 17857K(18688K)->17857K(18688K) NonClass: 15802K(16384K)->15802K(16384K) Class: 2054K(2304K)->2054K(2304K)
[21.912s][info][gc             ] GC(50) Pause Young (System.gc()) 1142M->213M(4031M) 24.941ms
[21.912s][info][gc,cpu         ] GC(50) User=0.09s Sys=0.00s Real=0.03s
[21.912s][info][gc,start       ] GC(51) Pause Full (System.gc())
[21.913s][info][gc,phases,start] GC(51) Phase 1: Mark live objects
[21.917s][info][gc,phases      ] GC(51) Phase 1: Mark live objects 4.248ms
[21.917s][info][gc,phases,start] GC(51) Phase 2: Compute new object addresses
[21.928s][info][gc,phases      ] GC(51) Phase 2: Compute new object addresses 10.993ms
[21.928s][info][gc,phases,start] GC(51) Phase 3: Adjust pointers
[21.931s][info][gc,phases      ] GC(51) Phase 3: Adjust pointers 2.812ms
[21.931s][info][gc,phases,start] GC(51) Phase 4: Move objects
[21.931s][info][gc,phases      ] GC(51) Phase 4: Move objects 0.014ms
[21.931s][info][gc,heap        ] GC(51) PSYoungGen: 44000K->0K(1331200K)
[21.931s][info][gc,heap        ] GC(51) PSOldGen: 174327K->3950K(2796544K)
[21.931s][info][gc,metaspace   ] GC(51) Metaspace: 17857K(18688K)->17857K(18688K) NonClass: 15802K(16384K)->15802K(16384K) Class: 2054K(2304K)->2054K(2304K)
[21.931s][info][gc             ] GC(51) Pause Full (System.gc()) 213M->3M(4031M) 18.851ms
[21.931s][info][gc,cpu         ] GC(51) User=0.02s Sys=0.02s Real=0.02s
[22.272s][info][gc,start       ] GC(52) Pause Young (Allocation Failure)
[22.274s][info][gc,heap        ] GC(52) PSYoungGen: 1287168K->3840K(1342464K)
[22.275s][info][gc,heap        ] GC(52) PSOldGen: 3950K->3950K(2796544K)
[22.275s][info][gc,metaspace   ] GC(52) Metaspace: 17864K(18688K)->17864K(18688K) NonClass: 15809K(16384K)->15809K(16384K) Class: 2054K(2304K)->2054K(2304K)
[22.275s][info][gc             ] GC(52) Pause Young (Allocation Failure) 1260M->7M(4042M) 2.263ms
[22.275s][info][gc,cpu         ] GC(52) User=0.09s Sys=0.00s Real=0.00s
[22.618s][info][gc,start       ] GC(53) Pause Young (Allocation Failure)
[22.621s][info][gc,heap        ] GC(53) PSYoungGen: 1291008K->4064K(1345024K)
[22.621s][info][gc,heap        ] GC(53) PSOldGen: 3950K->7262K(2796544K)
[22.621s][info][gc,metaspace   ] GC(53) Metaspace: 17864K(18688K)->17864K(18688K) NonClass: 15809K(16384K)->15809K(16384K) Class: 2054K(2304K)->2054K(2304K)
[22.621s][info][gc             ] GC(53) Pause Young (Allocation Failure) 1264M->11M(4044M) 3.576ms
[22.621s][info][gc,cpu         ] GC(53) User=0.00s Sys=0.00s Real=0.00s
[23.081s][info][gc,start       ] GC(54) Pause Young (Allocation Failure)
[23.089s][info][gc,heap        ] GC(54) PSYoungGen: 1294816K->14240K(1343488K)
[23.089s][info][gc,heap        ] GC(54) PSOldGen: 7262K->9710K(2796544K)
[23.089s][info][gc,metaspace   ] GC(54) Metaspace: 17864K(18688K)->17864K(18688K) NonClass: 15809K(16384K)->15809K(16384K) Class: 2054K(2304K)->2054K(2304K)
[23.089s][info][gc             ] GC(54) Pause Young (Allocation Failure) 1271M->23M(4043M) 7.987ms
[23.089s][info][gc,cpu         ] GC(54) User=0.08s Sys=0.00s Real=0.01s
[23.642s][info][gc,start       ] GC(55) Pause Young (Allocation Failure)
[23.654s][info][gc,heap        ] GC(55) PSYoungGen: 1304992K->15344K(1351680K)
[23.654s][info][gc,heap        ] GC(55) PSOldGen: 9710K->21038K(2796544K)
[23.654s][info][gc,metaspace   ] GC(55) Metaspace: 17864K(18688K)->17864K(18688K) NonClass: 15809K(16384K)->15809K(16384K) Class: 2054K(2304K)->2054K(2304K)
[23.654s][info][gc             ] GC(55) Pause Young (Allocation Failure) 1283M->35M(4051M) 11.380ms
[23.654s][info][gc,cpu         ] GC(55) User=0.09s Sys=0.00s Real=0.02s
[24.190s][info][gc,start       ] GC(56) Pause Young (Allocation Failure)
[24.198s][info][gc,heap        ] GC(56) PSYoungGen: 1317872K->6208K(1348608K)
[24.198s][info][gc,heap        ] GC(56) PSOldGen: 21038K->34254K(2796544K)
[24.198s][info][gc,metaspace   ] GC(56) Metaspace: 17864K(18688K)->17864K(18688K) NonClass: 15809K(16384K)->15809K(16384K) Class: 2054K(2304K)->2054K(2304K)
[24.198s][info][gc             ] GC(56) Pause Young (Allocation Failure) 1307M->39M(4048M) 8.518ms
[24.198s][info][gc,cpu         ] GC(56) User=0.09s Sys=0.00s Real=0.01s
[24.874s][info][gc,start       ] GC(57) Pause Young (System.gc())
[24.898s][info][gc,heap        ] GC(57) PSYoungGen: 1021890K->44512K(1330688K)
[24.898s][info][gc,heap        ] GC(57) PSOldGen: 34254K->43470K(2796544K)
[24.898s][info][gc,metaspace   ] GC(57) Metaspace: 17868K(18688K)->17868K(18688K) NonClass: 15814K(16384K)->15814K(16384K) Class: 2054K(2304K)->2054K(2304K)
[24.898s][info][gc             ] GC(57) Pause Young (System.gc()) 1031M->85M(4030M) 24.472ms
[24.898s][info][gc,cpu         ] GC(57) User=0.19s Sys=0.00s Real=0.03s
[24.898s][info][gc,start       ] GC(58) Pause Full (System.gc())
[24.899s][info][gc,phases,start] GC(58) Phase 1: Mark live objects
[24.903s][info][gc,phases      ] GC(58) Phase 1: Mark live objects 4.811ms
[24.903s][info][gc,phases,start] GC(58) Phase 2: Compute new object addresses
[24.914s][info][gc,phases      ] GC(58) Phase 2: Compute new object addresses 10.678ms
[24.914s][info][gc,phases,start] GC(58) Phase 3: Adjust pointers
[24.917s][info][gc,phases      ] GC(58) Phase 3: Adjust pointers 2.824ms
[24.917s][info][gc,phases,start] GC(58) Phase 4: Move objects
[24.917s][info][gc,phases      ] GC(58) Phase 4: Move objects 0.009ms
[24.918s][info][gc,heap        ] GC(58) PSYoungGen: 44512K->0K(1330688K)
[24.918s][info][gc,heap        ] GC(58) PSOldGen: 43470K->43470K(2796544K)
[24.918s][info][gc,metaspace   ] GC(58) Metaspace: 17868K(18688K)->17868K(18688K) NonClass: 15814K(16384K)->15814K(16384K) Class: 2054K(2304K)->2054K(2304K)
[24.918s][info][gc             ] GC(58) Pause Full (System.gc()) 85M->42M(4030M) 19.093ms
[24.918s][info][gc,cpu         ] GC(58) User=0.02s Sys=0.00s Real=0.01s
[25.227s][info][gc,start       ] GC(59) Pause Young (Allocation Failure)
[25.229s][info][gc,heap        ] GC(59) PSYoungGen: 1286144K->3840K(1341952K)
[25.229s][info][gc,heap        ] GC(59) PSOldGen: 43470K->43478K(2796544K)
[25.229s][info][gc,metaspace   ] GC(59) Metaspace: 17873K(18688K)->17873K(18688K) NonClass: 15819K(16384K)->15819K(16384K) Class: 2054K(2304K)->2054K(2304K)
[25.229s][info][gc             ] GC(59) Pause Young (Allocation Failure) 1298M->46M(4041M) 2.224ms
[25.229s][info][gc,cpu         ] GC(59) User=0.00s Sys=0.00s Real=0.01s
[25.607s][info][gc,start       ] GC(60) Pause Young (Allocation Failure)
[25.610s][info][gc,heap        ] GC(60) PSYoungGen: 1289984K->4064K(1344512K)
[25.610s][info][gc,heap        ] GC(60) PSOldGen: 43478K->46798K(2796544K)
[25.610s][info][gc,metaspace   ] GC(60) Metaspace: 17873K(18688K)->17873K(18688K) NonClass: 15819K(16384K)->15819K(16384K) Class: 2054K(2304K)->2054K(2304K)
[25.610s][info][gc             ] GC(60) Pause Young (Allocation Failure) 1302M->49M(4044M) 3.457ms
[25.610s][info][gc,cpu         ] GC(60) User=0.00s Sys=0.00s Real=0.00s
[26.104s][info][gc,start       ] GC(61) Pause Young (Allocation Failure)
[26.111s][info][gc,heap        ] GC(61) PSYoungGen: 1293792K->14208K(1342976K)
[26.111s][info][gc,heap        ] GC(61) PSOldGen: 46798K->49238K(2796544K)
[26.111s][info][gc,metaspace   ] GC(61) Metaspace: 17873K(18688K)->17873K(18688K) NonClass: 15819K(16384K)->15819K(16384K) Class: 2054K(2304K)->2054K(2304K)
[26.111s][info][gc             ] GC(61) Pause Young (Allocation Failure) 1309M->61M(4042M) 7.894ms
[26.111s][info][gc,cpu         ] GC(61) User=0.00s Sys=0.00s Real=0.01s
[26.665s][info][gc,start       ] GC(62) Pause Young (Allocation Failure)
[26.676s][info][gc,heap        ] GC(62) PSYoungGen: 1303936K->15344K(1351168K)
[26.676s][info][gc,heap        ] GC(62) PSOldGen: 49238K->60542K(2796544K)
[26.676s][info][gc,metaspace   ] GC(62) Metaspace: 17873K(18688K)->17873K(18688K) NonClass: 15819K(16384K)->15819K(16384K) Class: 2054K(2304K)->2054K(2304K)
[26.676s][info][gc             ] GC(62) Pause Young (Allocation Failure) 1321M->74M(4050M) 11.214ms
[26.676s][info][gc,cpu         ] GC(62) User=0.00s Sys=0.00s Real=0.01s
[27.209s][info][gc,start       ] GC(63) Pause Young (Allocation Failure)
[27.218s][info][gc,heap        ] GC(63) PSYoungGen: 1316848K->5904K(1348096K)
[27.218s][info][gc,heap        ] GC(63) PSOldGen: 60542K->73758K(2796544K)
[27.218s][info][gc,metaspace   ] GC(63) Metaspace: 17873K(18688K)->17873K(18688K) NonClass: 15819K(16384K)->15819K(16384K) Class: 2054K(2304K)->2054K(2304K)
[27.218s][info][gc             ] GC(63) Pause Young (Allocation Failure) 1345M->77M(4047M) 8.484ms
[27.218s][info][gc,cpu         ] GC(63) User=0.08s Sys=0.02s Real=0.01s
[27.900s][info][gc,start       ] GC(64) Pause Young (System.gc())
[27.924s][info][gc,heap        ] GC(64) PSYoungGen: 1045886K->45024K(1330176K)
[27.925s][info][gc,heap        ] GC(64) PSOldGen: 73758K->82462K(2796544K)
[27.925s][info][gc,metaspace   ] GC(64) Metaspace: 17878K(18688K)->17878K(18688K) NonClass: 15824K(16384K)->15824K(16384K) Class: 2054K(2304K)->2054K(2304K)
[27.925s][info][gc             ] GC(64) Pause Young (System.gc()) 1093M->124M(4030M) 24.432ms
[27.925s][info][gc,cpu         ] GC(64) User=0.09s Sys=0.00s Real=0.04s
[27.925s][info][gc,start       ] GC(65) Pause Full (System.gc())
[27.925s][info][gc,phases,start] GC(65) Phase 1: Mark live objects
[27.929s][info][gc,phases      ] GC(65) Phase 1: Mark live objects 4.259ms
[27.929s][info][gc,phases,start] GC(65) Phase 2: Compute new object addresses
[27.940s][info][gc,phases      ] GC(65) Phase 2: Compute new object addresses 11.032ms
[27.940s][info][gc,phases,start] GC(65) Phase 3: Adjust pointers
[27.943s][info][gc,phases      ] GC(65) Phase 3: Adjust pointers 2.848ms
[27.943s][info][gc,phases,start] GC(65) Phase 4: Move objects
[27.943s][info][gc,phases      ] GC(65) Phase 4: Move objects 0.009ms
[27.943s][info][gc,heap        ] GC(65) PSYoungGen: 45024K->0K(1330176K)
[27.943s][info][gc,heap        ] GC(65) PSOldGen: 82462K->82462K(2796544K)
[27.943s][info][gc,metaspace   ] GC(65) Metaspace: 17878K(18688K)->17878K(18688K) NonClass: 15824K(16384K)->15824K(16384K) Class: 2054K(2304K)->2054K(2304K)
[27.943s][info][gc             ] GC(65) Pause Full (System.gc()) 124M->80M(4030M) 18.838ms
[27.943s][info][gc,cpu         ] GC(65) User=0.02s Sys=0.00s Real=0.01s
[28.338s][info][gc,start       ] GC(66) Pause Young (Allocation Failure)
[28.340s][info][gc,heap        ] GC(66) PSYoungGen: 1285120K->3840K(1341440K)
[28.340s][info][gc,heap        ] GC(66) PSOldGen: 82462K->82462K(2796544K)
[28.340s][info][gc,metaspace   ] GC(66) Metaspace: 17883K(18688K)->17883K(18688K) NonClass: 15829K(16384K)->15829K(16384K) Class: 2054K(2304K)->2054K(2304K)
[28.340s][info][gc             ] GC(66) Pause Young (Allocation Failure) 1335M->84M(4041M) 2.169ms
[28.340s][info][gc,cpu         ] GC(66) User=0.00s Sys=0.00s Real=0.00s
[28.663s][info][gc,start       ] GC(67) Pause Young (Allocation Failure)
[28.667s][info][gc,heap        ] GC(67) PSYoungGen: 1288960K->4064K(1344000K)
[28.667s][info][gc,heap        ] GC(67) PSOldGen: 82462K->85783K(2796544K)
[28.667s][info][gc,metaspace   ] GC(67) Metaspace: 17883K(18688K)->17883K(18688K) NonClass: 15829K(16384K)->15829K(16384K) Class: 2054K(2304K)->2054K(2304K)
[28.667s][info][gc             ] GC(67) Pause Young (Allocation Failure) 1339M->87M(4043M) 3.945ms
[28.667s][info][gc,cpu         ] GC(67) User=0.02s Sys=0.00s Real=0.02s
[29.125s][info][gc,start       ] GC(68) Pause Young (Allocation Failure)
[29.133s][info][gc,heap        ] GC(68) PSYoungGen: 1292768K->14240K(1342464K)
[29.133s][info][gc,heap        ] GC(68) PSOldGen: 85783K->88223K(2796544K)
[29.133s][info][gc,metaspace   ] GC(68) Metaspace: 17883K(18688K)->17883K(18688K) NonClass: 15829K(16384K)->15829K(16384K) Class: 2054K(2304K)->2054K(2304K)
[29.133s][info][gc             ] GC(68) Pause Young (Allocation Failure) 1346M->100M(4042M) 7.981ms
[29.133s][info][gc,cpu         ] GC(68) User=0.09s Sys=0.00s Real=0.02s
[29.684s][info][gc,start       ] GC(69) Pause Young (Allocation Failure)
[29.695s][info][gc,heap        ] GC(69) PSYoungGen: 1302944K->15344K(1351168K)
[29.695s][info][gc,heap        ] GC(69) PSOldGen: 88223K->99543K(2796544K)
[29.695s][info][gc,metaspace   ] GC(69) Metaspace: 17883K(18688K)->17883K(18688K) NonClass: 15829K(16384K)->15829K(16384K) Class: 2054K(2304K)->2054K(2304K)
[29.695s][info][gc             ] GC(69) Pause Young (Allocation Failure) 1358M->112M(4050M) 11.273ms
[29.695s][info][gc,cpu         ] GC(69) User=0.09s Sys=0.00s Real=0.01s
[30.228s][info][gc,start       ] GC(70) Pause Young (Allocation Failure)
[30.237s][info][gc,heap        ] GC(70) PSYoungGen: 1316336K->5968K(1347584K)
[30.237s][info][gc,heap        ] GC(70) PSOldGen: 99543K->112759K(2796544K)
[30.237s][info][gc,metaspace   ] GC(70) Metaspace: 17883K(18688K)->17883K(18688K) NonClass: 15829K(16384K)->15829K(16384K) Class: 2054K(2304K)->2054K(2304K)
[30.237s][info][gc             ] GC(70) Pause Young (Allocation Failure) 1382M->115M(4047M) 8.639ms
[30.237s][info][gc,cpu         ] GC(70) User=0.00s Sys=0.00s Real=0.02s
[30.921s][info][gc,start       ] GC(71) Pause Young (System.gc())
[30.945s][info][gc,heap        ] GC(71) PSYoungGen: 1038298K->45024K(1329152K)
[30.945s][info][gc,heap        ] GC(71) PSOldGen: 112759K->121455K(2796544K)
[30.945s][info][gc,metaspace   ] GC(71) Metaspace: 17884K(18688K)->17884K(18688K) NonClass: 15830K(16384K)->15830K(16384K) Class: 2054K(2304K)->2054K(2304K)
[30.945s][info][gc             ] GC(71) Pause Young (System.gc()) 1124M->162M(4029M) 24.525ms
[30.945s][info][gc,cpu         ] GC(71) User=0.08s Sys=0.00s Real=0.03s
[30.945s][info][gc,start       ] GC(72) Pause Full (System.gc())
[30.945s][info][gc,phases,start] GC(72) Phase 1: Mark live objects
[30.950s][info][gc,phases      ] GC(72) Phase 1: Mark live objects 4.692ms
[30.950s][info][gc,phases,start] GC(72) Phase 2: Compute new object addresses
[30.961s][info][gc,phases      ] GC(72) Phase 2: Compute new object addresses 10.697ms
[30.961s][info][gc,phases,start] GC(72) Phase 3: Adjust pointers
[30.964s][info][gc,phases      ] GC(72) Phase 3: Adjust pointers 2.892ms
[30.964s][info][gc,phases,start] GC(72) Phase 4: Move objects
[30.964s][info][gc,phases      ] GC(72) Phase 4: Move objects 0.009ms
[30.964s][info][gc,heap        ] GC(72) PSYoungGen: 45024K->0K(1329152K)
[30.964s][info][gc,heap        ] GC(72) PSOldGen: 121455K->121455K(2796544K)
[30.964s][info][gc,metaspace   ] GC(72) Metaspace: 17884K(18688K)->17884K(18688K) NonClass: 15830K(16384K)->15830K(16384K) Class: 2054K(2304K)->2054K(2304K)
[30.964s][info][gc             ] GC(72) Pause Full (System.gc()) 162M->118M(4029M) 19.022ms
[30.964s][info][gc,cpu         ] GC(72) User=0.02s Sys=0.00s Real=0.02s
[31.343s][info][gc,start       ] GC(73) Pause Young (Allocation Failure)
[31.345s][info][gc,heap        ] GC(73) PSYoungGen: 1284096K->3840K(1340928K)
[31.345s][info][gc,heap        ] GC(73) PSOldGen: 121455K->121455K(2796544K)
[31.345s][info][gc,metaspace   ] GC(73) Metaspace: 17893K(18688K)->17893K(18688K) NonClass: 15839K(16384K)->15839K(16384K) Class: 2054K(2304K)->2054K(2304K)
[31.345s][info][gc             ] GC(73) Pause Young (Allocation Failure) 1372M->122M(4040M) 2.408ms
[31.345s][info][gc,cpu         ] GC(73) User=0.00s Sys=0.00s Real=0.00s
[31.650s][info][gc,start       ] GC(74) Pause Young (Allocation Failure)
[31.654s][info][gc,heap        ] GC(74) PSYoungGen: 1287936K->4096K(1344000K)
[31.654s][info][gc,heap        ] GC(74) PSOldGen: 121455K->124783K(2796544K)
[31.654s][info][gc,metaspace   ] GC(74) Metaspace: 17893K(18688K)->17893K(18688K) NonClass: 15839K(16384K)->15839K(16384K) Class: 2054K(2304K)->2054K(2304K)
[31.654s][info][gc             ] GC(74) Pause Young (Allocation Failure) 1376M->125M(4043M) 3.797ms
[31.654s][info][gc,cpu         ] GC(74) User=0.00s Sys=0.00s Real=0.01s
[32.115s][info][gc,start       ] GC(75) Pause Young (Allocation Failure)
[32.123s][info][gc,heap        ] GC(75) PSYoungGen: 1292800K->14176K(1342464K)
[32.123s][info][gc,heap        ] GC(75) PSOldGen: 124783K->127239K(2796544K)
[32.123s][info][gc,metaspace   ] GC(75) Metaspace: 17893K(18688K)->17893K(18688K) NonClass: 15839K(16384K)->15839K(16384K) Class: 2054K(2304K)->2054K(2304K)
[32.123s][info][gc             ] GC(75) Pause Young (Allocation Failure) 1384M->138M(4042M) 7.633ms
[32.123s][info][gc,cpu         ] GC(75) User=0.09s Sys=0.00s Real=0.02s
[32.673s][info][gc,start       ] GC(76) Pause Young (Allocation Failure)
[32.684s][info][gc,heap        ] GC(76) PSYoungGen: 1302880K->15344K(1350656K)
[32.684s][info][gc,heap        ] GC(76) PSOldGen: 127239K->138559K(2796544K)
[32.684s][info][gc,metaspace   ] GC(76) Metaspace: 17893K(18688K)->17893K(18688K) NonClass: 15839K(16384K)->15839K(16384K) Class: 2054K(2304K)->2054K(2304K)
[32.684s][info][gc             ] GC(76) Pause Young (Allocation Failure) 1396M->150M(4050M) 11.388ms
[32.684s][info][gc,cpu         ] GC(76) User=0.09s Sys=0.00s Real=0.02s
[33.219s][info][gc,start       ] GC(77) Pause Young (Allocation Failure)
[33.227s][info][gc,heap        ] GC(77) PSYoungGen: 1315824K->6240K(1347584K)
[33.227s][info][gc,heap        ] GC(77) PSOldGen: 138559K->151783K(2796544K)
[33.227s][info][gc,metaspace   ] GC(77) Metaspace: 17893K(18688K)->17893K(18688K) NonClass: 15839K(16384K)->15839K(16384K) Class: 2054K(2304K)->2054K(2304K)
[33.227s][info][gc             ] GC(77) Pause Young (Allocation Failure) 1420M->154M(4047M) 8.630ms
[33.227s][info][gc,cpu         ] GC(77) User=0.09s Sys=0.00s Real=0.02s
[33.907s][info][gc,start       ] GC(78) Pause Young (System.gc())
[33.931s][info][gc,heap        ] GC(78) PSYoungGen: 1035559K->45536K(1329664K)
[33.931s][info][gc,heap        ] GC(78) PSOldGen: 151783K->159967K(2796544K)
[33.932s][info][gc,metaspace   ] GC(78) Metaspace: 17893K(18688K)->17893K(18688K) NonClass: 15839K(16384K)->15839K(16384K) Class: 2054K(2304K)->2054K(2304K)
[33.932s][info][gc             ] GC(78) Pause Young (System.gc()) 1159M->200M(4029M) 24.816ms
[33.932s][info][gc,cpu         ] GC(78) User=0.19s Sys=0.00s Real=0.04s
[33.932s][info][gc,start       ] GC(79) Pause Full (System.gc())
[33.932s][info][gc,phases,start] GC(79) Phase 1: Mark live objects
[33.936s][info][gc,phases      ] GC(79) Phase 1: Mark live objects 4.351ms
[33.936s][info][gc,phases,start] GC(79) Phase 2: Compute new object addresses
[33.947s][info][gc,phases      ] GC(79) Phase 2: Compute new object addresses 10.674ms
[33.947s][info][gc,phases,start] GC(79) Phase 3: Adjust pointers
[33.950s][info][gc,phases      ] GC(79) Phase 3: Adjust pointers 2.857ms
[33.950s][info][gc,phases,start] GC(79) Phase 4: Move objects
[33.950s][info][gc,phases      ] GC(79) Phase 4: Move objects 0.009ms
[33.950s][info][gc,heap        ] GC(79) PSYoungGen: 45536K->0K(1329664K)
[33.950s][info][gc,heap        ] GC(79) PSOldGen: 159967K->3951K(2796544K)
[33.950s][info][gc,metaspace   ] GC(79) Metaspace: 17893K(18688K)->17893K(18688K) NonClass: 15839K(16384K)->15839K(16384K) Class: 2054K(2304K)->2054K(2304K)
[33.950s][info][gc             ] GC(79) Pause Full (System.gc()) 200M->3M(4029M) 18.591ms
[33.950s][info][gc,cpu         ] GC(79) User=0.02s Sys=0.00s Real=0.01s
[34.359s][info][gc,start       ] GC(80) Pause Young (Allocation Failure)
[34.361s][info][gc,heap        ] GC(80) PSYoungGen: 1284096K->3872K(1340928K)
[34.362s][info][gc,heap        ] GC(80) PSOldGen: 3951K->3951K(2796544K)
[34.362s][info][gc,metaspace   ] GC(80) Metaspace: 17895K(18688K)->17895K(18688K) NonClass: 15841K(16384K)->15841K(16384K) Class: 2054K(2304K)->2054K(2304K)
[34.362s][info][gc             ] GC(80) Pause Young (Allocation Failure) 1257M->7M(4040M) 2.214ms
[34.362s][info][gc,cpu         ] GC(80) User=0.00s Sys=0.00s Real=0.02s
[34.806s][info][gc,start       ] GC(81) Pause Young (Allocation Failure)
[34.810s][info][gc,heap        ] GC(81) PSYoungGen: 1287968K->4064K(1344000K)
[34.810s][info][gc,heap        ] GC(81) PSOldGen: 3951K->7279K(2796544K)
[34.810s][info][gc,metaspace   ] GC(81) Metaspace: 17895K(18688K)->17895K(18688K) NonClass: 15841K(16384K)->15841K(16384K) Class: 2054K(2304K)->2054K(2304K)
[34.810s][info][gc             ] GC(81) Pause Young (Allocation Failure) 1261M->11M(4043M) 3.634ms
[34.810s][info][gc,cpu         ] GC(81) User=0.00s Sys=0.00s Real=0.02s
[35.314s][info][gc,start       ] GC(82) Pause Young (Allocation Failure)
[35.324s][info][gc,heap        ] GC(82) PSYoungGen: 1292768K->14208K(1342464K)
[35.324s][info][gc,heap        ] GC(82) PSOldGen: 7279K->9719K(2796544K)
[35.324s][info][gc,metaspace   ] GC(82) Metaspace: 17895K(18688K)->17895K(18688K) NonClass: 15841K(16384K)->15841K(16384K) Class: 2054K(2304K)->2054K(2304K)
[35.324s][info][gc             ] GC(82) Pause Young (Allocation Failure) 1269M->23M(4042M) 9.661ms
[35.324s][info][gc,cpu         ] GC(82) User=0.09s Sys=0.00s Real=0.01s
[35.875s][info][gc,start       ] GC(83) Pause Young (Allocation Failure)
[35.887s][info][gc,heap        ] GC(83) PSYoungGen: 1302912K->15376K(1350656K)
[35.887s][info][gc,heap        ] GC(83) PSOldGen: 9719K->21031K(2796544K)
[35.887s][info][gc,metaspace   ] GC(83) Metaspace: 17895K(18688K)->17895K(18688K) NonClass: 15841K(16384K)->15841K(16384K) Class: 2054K(2304K)->2054K(2304K)
[35.887s][info][gc             ] GC(83) Pause Young (Allocation Failure) 1281M->35M(4050M) 11.289ms
[35.887s][info][gc,cpu         ] GC(83) User=0.09s Sys=0.00s Real=0.01s
[36.419s][info][gc,start       ] GC(84) Pause Young (Allocation Failure)
[36.428s][info][gc,heap        ] GC(84) PSYoungGen: 1315856K->6704K(1347584K)
[36.428s][info][gc,heap        ] GC(84) PSOldGen: 21031K->34255K(2796544K)
[36.428s][info][gc,metaspace   ] GC(84) Metaspace: 17895K(18688K)->17895K(18688K) NonClass: 15841K(16384K)->15841K(16384K) Class: 2054K(2304K)->2054K(2304K)
[36.428s][info][gc             ] GC(84) Pause Young (Allocation Failure) 1305M->39M(4047M) 8.899ms
[36.428s][info][gc,cpu         ] GC(84) User=0.00s Sys=0.00s Real=0.02s
[37.106s][info][gc,start       ] GC(85) Pause Young (System.gc())
[37.131s][info][gc,heap        ] GC(85) PSYoungGen: 1022640K->45536K(1329664K)
[37.131s][info][gc,heap        ] GC(85) PSOldGen: 34255K->42439K(2796544K)
[37.131s][info][gc,metaspace   ] GC(85) Metaspace: 17897K(18688K)->17897K(18688K) NonClass: 15843K(16384K)->15843K(16384K) Class: 2054K(2304K)->2054K(2304K)
[37.131s][info][gc             ] GC(85) Pause Young (System.gc()) 1032M->85M(4029M) 25.051ms
[37.131s][info][gc,cpu         ] GC(85) User=0.09s Sys=0.00s Real=0.03s
[37.131s][info][gc,start       ] GC(86) Pause Full (System.gc())
[37.132s][info][gc,phases,start] GC(86) Phase 1: Mark live objects
[37.136s][info][gc,phases      ] GC(86) Phase 1: Mark live objects 4.435ms
[37.136s][info][gc,phases,start] GC(86) Phase 2: Compute new object addresses
[37.147s][info][gc,phases      ] GC(86) Phase 2: Compute new object addresses 10.797ms
[37.147s][info][gc,phases,start] GC(86) Phase 3: Adjust pointers
[37.150s][info][gc,phases      ] GC(86) Phase 3: Adjust pointers 2.879ms
[37.150s][info][gc,phases,start] GC(86) Phase 4: Move objects
[37.150s][info][gc,phases      ] GC(86) Phase 4: Move objects 0.009ms
[37.150s][info][gc,heap        ] GC(86) PSYoungGen: 45536K->0K(1329664K)
[37.150s][info][gc,heap        ] GC(86) PSOldGen: 42439K->42439K(2796544K)
[37.150s][info][gc,metaspace   ] GC(86) Metaspace: 17897K(18688K)->17897K(18688K) NonClass: 15843K(16384K)->15843K(16384K) Class: 2054K(2304K)->2054K(2304K)
[37.150s][info][gc             ] GC(86) Pause Full (System.gc()) 85M->41M(4029M) 18.800ms
[37.150s][info][gc,cpu         ] GC(86) User=0.03s Sys=0.00s Real=0.02s
[37.555s][info][gc,start       ] GC(87) Pause Young (Allocation Failure)
[37.557s][info][gc,heap        ] GC(87) PSYoungGen: 1284096K->3840K(1340928K)
[37.557s][info][gc,heap        ] GC(87) PSOldGen: 42439K->42439K(2796544K)
[37.557s][info][gc,metaspace   ] GC(87) Metaspace: 17916K(18688K)->17916K(18688K) NonClass: 15862K(16384K)->15862K(16384K) Class: 2054K(2304K)->2054K(2304K)
[37.557s][info][gc             ] GC(87) Pause Young (Allocation Failure) 1295M->45M(4040M) 2.432ms
[37.557s][info][gc,cpu         ] GC(87) User=0.00s Sys=0.00s Real=0.00s
[37.979s][info][gc,start       ] GC(88) Pause Young (Allocation Failure)
[37.983s][info][gc,heap        ] GC(88) PSYoungGen: 1287936K->4032K(1344000K)
[37.983s][info][gc,heap        ] GC(88) PSOldGen: 42439K->45759K(2796544K)
[37.983s][info][gc,metaspace   ] GC(88) Metaspace: 17916K(18688K)->17916K(18688K) NonClass: 15862K(16384K)->15862K(16384K) Class: 2054K(2304K)->2054K(2304K)
[37.983s][info][gc             ] GC(88) Pause Young (Allocation Failure) 1299M->48M(4043M) 3.666ms
[37.983s][info][gc,cpu         ] GC(88) User=0.00s Sys=0.00s Real=0.01s
[38.482s][info][gc,start       ] GC(89) Pause Young (Allocation Failure)
[38.489s][info][gc,heap        ] GC(89) PSYoungGen: 1292736K->14304K(1342464K)
[38.489s][info][gc,heap        ] GC(89) PSOldGen: 45759K->48199K(2796544K)
[38.489s][info][gc,metaspace   ] GC(89) Metaspace: 17916K(18688K)->17916K(18688K) NonClass: 15862K(16384K)->15862K(16384K) Class: 2054K(2304K)->2054K(2304K)
[38.489s][info][gc             ] GC(89) Pause Young (Allocation Failure) 1307M->61M(4042M) 7.153ms
[38.489s][info][gc,cpu         ] GC(89) User=0.00s Sys=0.00s Real=0.01s
[39.040s][info][gc,start       ] GC(90) Pause Young (Allocation Failure)
[39.051s][info][gc,heap        ] GC(90) PSYoungGen: 1303008K->15344K(1350656K)
[39.051s][info][gc,heap        ] GC(90) PSOldGen: 48199K->59519K(2796544K)
[39.051s][info][gc,metaspace   ] GC(90) Metaspace: 17916K(18688K)->17916K(18688K) NonClass: 15862K(16384K)->15862K(16384K) Class: 2054K(2304K)->2054K(2304K)
[39.051s][info][gc             ] GC(90) Pause Young (Allocation Failure) 1319M->73M(4050M) 11.416ms
[39.051s][info][gc,cpu         ] GC(90) User=0.00s Sys=0.00s Real=0.03s
[39.581s][info][gc,start       ] GC(91) Pause Young (Allocation Failure)
[39.589s][info][gc,heap        ] GC(91) PSYoungGen: 1315824K->5984K(1347584K)
[39.590s][info][gc,heap        ] GC(91) PSOldGen: 59519K->72743K(2796544K)
[39.590s][info][gc,metaspace   ] GC(91) Metaspace: 17916K(18688K)->17916K(18688K) NonClass: 15862K(16384K)->15862K(16384K) Class: 2054K(2304K)->2054K(2304K)
[39.590s][info][gc             ] GC(91) Pause Young (Allocation Failure) 1343M->76M(4047M) 8.488ms
[39.590s][info][gc,cpu         ] GC(91) User=0.09s Sys=0.00s Real=0.03s
[40.275s][info][gc,start       ] GC(92) Pause Young (System.gc())
[40.299s][info][gc,heap        ] GC(92) PSYoungGen: 1024586K->45536K(1329664K)
[40.299s][info][gc,heap        ] GC(92) PSOldGen: 72743K->80919K(2796544K)
[40.299s][info][gc,metaspace   ] GC(92) Metaspace: 17918K(18688K)->17918K(18688K) NonClass: 15864K(16384K)->15864K(16384K) Class: 2054K(2304K)->2054K(2304K)
[40.299s][info][gc             ] GC(92) Pause Young (System.gc()) 1071M->123M(4029M) 24.494ms
[40.299s][info][gc,cpu         ] GC(92) User=0.06s Sys=0.00s Real=0.03s
[40.299s][info][gc,start       ] GC(93) Pause Full (System.gc())
[40.299s][info][gc,phases,start] GC(93) Phase 1: Mark live objects
[40.304s][info][gc,phases      ] GC(93) Phase 1: Mark live objects 4.262ms
[40.304s][info][gc,phases,start] GC(93) Phase 2: Compute new object addresses
[40.315s][info][gc,phases      ] GC(93) Phase 2: Compute new object addresses 11.078ms
[40.315s][info][gc,phases,start] GC(93) Phase 3: Adjust pointers
[40.318s][info][gc,phases      ] GC(93) Phase 3: Adjust pointers 2.876ms
[40.318s][info][gc,phases,start] GC(93) Phase 4: Move objects
[40.318s][info][gc,phases      ] GC(93) Phase 4: Move objects 0.009ms
[40.318s][info][gc,heap        ] GC(93) PSYoungGen: 45536K->0K(1329664K)
[40.318s][info][gc,heap        ] GC(93) PSOldGen: 80919K->80919K(2796544K)
[40.318s][info][gc,metaspace   ] GC(93) Metaspace: 17918K(18688K)->17918K(18688K) NonClass: 15864K(16384K)->15864K(16384K) Class: 2054K(2304K)->2054K(2304K)
[40.318s][info][gc             ] GC(93) Pause Full (System.gc()) 123M->79M(4029M) 18.899ms
[40.318s][info][gc,cpu         ] GC(93) User=0.02s Sys=0.00s Real=0.02s
[40.685s][info][gc,start       ] GC(94) Pause Young (Allocation Failure)
[40.687s][info][gc,heap        ] GC(94) PSYoungGen: 1284096K->3840K(1340928K)
[40.687s][info][gc,heap        ] GC(94) PSOldGen: 80919K->80919K(2796544K)
[40.687s][info][gc,metaspace   ] GC(94) Metaspace: 17920K(18688K)->17920K(18688K) NonClass: 15865K(16384K)->15865K(16384K) Class: 2054K(2304K)->2054K(2304K)
[40.687s][info][gc             ] GC(94) Pause Young (Allocation Failure) 1333M->82M(4040M) 2.219ms
[40.687s][info][gc,cpu         ] GC(94) User=0.00s Sys=0.00s Real=0.00s
[41.124s][info][gc,start       ] GC(95) Pause Young (Allocation Failure)
[41.128s][info][gc,heap        ] GC(95) PSYoungGen: 1287936K->4000K(1344000K)
[41.128s][info][gc,heap        ] GC(95) PSOldGen: 80919K->84239K(2796544K)
[41.128s][info][gc,metaspace   ] GC(95) Metaspace: 17920K(18688K)->17920K(18688K) NonClass: 15865K(16384K)->15865K(16384K) Class: 2054K(2304K)->2054K(2304K)
[41.128s][info][gc             ] GC(95) Pause Young (Allocation Failure) 1336M->86M(4043M) 3.780ms
[41.128s][info][gc,cpu         ] GC(95) User=0.00s Sys=0.00s Real=0.00s
[41.630s][info][gc,start       ] GC(96) Pause Young (Allocation Failure)
[41.637s][info][gc,heap        ] GC(96) PSYoungGen: 1292192K->14208K(1341952K)
[41.637s][info][gc,heap        ] GC(96) PSOldGen: 84239K->86679K(2796544K)
[41.637s][info][gc,metaspace   ] GC(96) Metaspace: 17920K(18688K)->17920K(18688K) NonClass: 15865K(16384K)->15865K(16384K) Class: 2054K(2304K)->2054K(2304K)
[41.637s][info][gc             ] GC(96) Pause Young (Allocation Failure) 1344M->98M(4041M) 7.224ms
[41.637s][info][gc,cpu         ] GC(96) User=0.09s Sys=0.00s Real=0.01s
[42.190s][info][gc,start       ] GC(97) Pause Young (Allocation Failure)
[42.201s][info][gc,heap        ] GC(97) PSYoungGen: 1302400K->15312K(1350656K)
[42.201s][info][gc,heap        ] GC(97) PSOldGen: 86679K->97991K(2796544K)
[42.201s][info][gc,metaspace   ] GC(97) Metaspace: 17920K(18688K)->17920K(18688K) NonClass: 15865K(16384K)->15865K(16384K) Class: 2054K(2304K)->2054K(2304K)
[42.201s][info][gc             ] GC(97) Pause Young (Allocation Failure) 1356M->110M(4050M) 11.074ms
[42.201s][info][gc,cpu         ] GC(97) User=0.09s Sys=0.00s Real=0.01s
[42.731s][info][gc,start       ] GC(98) Pause Young (Allocation Failure)
[42.740s][info][gc,heap        ] GC(98) PSYoungGen: 1315280K->5936K(1347072K)
[42.740s][info][gc,heap        ] GC(98) PSOldGen: 97991K->111215K(2796544K)
[42.740s][info][gc,metaspace   ] GC(98) Metaspace: 17920K(18688K)->17920K(18688K) NonClass: 15865K(16384K)->15865K(16384K) Class: 2054K(2304K)->2054K(2304K)
[42.740s][info][gc             ] GC(98) Pause Young (Allocation Failure) 1380M->114M(4046M) 8.597ms
[42.740s][info][gc,cpu         ] GC(98) User=0.00s Sys=0.00s Real=0.02s
[43.429s][info][gc,start       ] GC(99) Pause Young (System.gc())
[43.454s][info][gc,heap        ] GC(99) PSYoungGen: 1063240K->45536K(1329664K)
[43.454s][info][gc,heap        ] GC(99) PSOldGen: 111215K->119399K(2796544K)
[43.454s][info][gc,metaspace   ] GC(99) Metaspace: 17920K(18688K)->17920K(18688K) NonClass: 15865K(16384K)->15865K(16384K) Class: 2054K(2304K)->2054K(2304K)
[43.454s][info][gc             ] GC(99) Pause Young (System.gc()) 1146M->161M(4029M) 24.980ms
[43.454s][info][gc,cpu         ] GC(99) User=0.09s Sys=0.00s Real=0.04s
[43.454s][info][gc,start       ] GC(100) Pause Full (System.gc())
[43.455s][info][gc,phases,start] GC(100) Phase 1: Mark live objects
[43.459s][info][gc,phases      ] GC(100) Phase 1: Mark live objects 4.271ms
[43.459s][info][gc,phases,start] GC(100) Phase 2: Compute new object addresses
[43.469s][info][gc,phases      ] GC(100) Phase 2: Compute new object addresses 10.659ms
[43.470s][info][gc,phases,start] GC(100) Phase 3: Adjust pointers
[43.472s][info][gc,phases      ] GC(100) Phase 3: Adjust pointers 2.937ms
[43.473s][info][gc,phases,start] GC(100) Phase 4: Move objects
[43.473s][info][gc,phases      ] GC(100) Phase 4: Move objects 0.009ms
[43.473s][info][gc,heap        ] GC(100) PSYoungGen: 45536K->0K(1329664K)
[43.473s][info][gc,heap        ] GC(100) PSOldGen: 119399K->119399K(2796544K)
[43.473s][info][gc,metaspace   ] GC(100) Metaspace: 17920K(18688K)->17920K(18688K) NonClass: 15865K(16384K)->15865K(16384K) Class: 2054K(2304K)->2054K(2304K)
[43.473s][info][gc             ] GC(100) Pause Full (System.gc()) 161M->116M(4029M) 18.555ms
[43.473s][info][gc,cpu         ] GC(100) User=0.02s Sys=0.00s Real=0.01s
[43.899s][info][gc,start       ] GC(101) Pause Young (Allocation Failure)
[43.901s][info][gc,heap        ] GC(101) PSYoungGen: 1284096K->3840K(1340928K)
[43.902s][info][gc,heap        ] GC(101) PSOldGen: 119399K->119399K(2796544K)
[43.902s][info][gc,metaspace   ] GC(101) Metaspace: 17920K(18688K)->17920K(18688K) NonClass: 15866K(16384K)->15866K(16384K) Class: 2054K(2304K)->2054K(2304K)
[43.902s][info][gc             ] GC(101) Pause Young (Allocation Failure) 1370M->120M(4040M) 2.180ms
[43.902s][info][gc,cpu         ] GC(101) User=0.00s Sys=0.00s Real=0.00s
[44.243s][info][gc,start       ] GC(102) Pause Young (Allocation Failure)
[44.246s][info][gc,heap        ] GC(102) PSYoungGen: 1287936K->4064K(1343488K)
[44.246s][info][gc,heap        ] GC(102) PSOldGen: 119399K->122720K(2796544K)
[44.246s][info][gc,metaspace   ] GC(102) Metaspace: 17920K(18688K)->17920K(18688K) NonClass: 15866K(16384K)->15866K(16384K) Class: 2054K(2304K)->2054K(2304K)
[44.246s][info][gc             ] GC(102) Pause Young (Allocation Failure) 1374M->123M(4043M) 3.792ms
[44.246s][info][gc,cpu         ] GC(102) User=0.00s Sys=0.00s Real=0.00s
[44.704s][info][gc,start       ] GC(103) Pause Young (Allocation Failure)
[44.712s][info][gc,heap        ] GC(103) PSYoungGen: 1291744K->14208K(1341952K)
[44.712s][info][gc,heap        ] GC(103) PSOldGen: 122720K->125168K(2796544K)
[44.712s][info][gc,metaspace   ] GC(103) Metaspace: 17920K(18688K)->17920K(18688K) NonClass: 15866K(16384K)->15866K(16384K) Class: 2054K(2304K)->2054K(2304K)
[44.712s][info][gc             ] GC(103) Pause Young (Allocation Failure) 1381M->136M(4041M) 7.439ms
[44.712s][info][gc,cpu         ] GC(103) User=0.09s Sys=0.00s Real=0.02s
[45.263s][info][gc,start       ] GC(104) Pause Young (Allocation Failure)
[45.274s][info][gc,heap        ] GC(104) PSYoungGen: 1301888K->15344K(1350656K)
[45.274s][info][gc,heap        ] GC(104) PSOldGen: 125168K->136488K(2796544K)
[45.274s][info][gc,metaspace   ] GC(104) Metaspace: 17923K(18688K)->17923K(18688K) NonClass: 15869K(16384K)->15869K(16384K) Class: 2054K(2304K)->2054K(2304K)
[45.274s][info][gc             ] GC(104) Pause Young (Allocation Failure) 1393M->148M(4050M) 11.218ms
[45.274s][info][gc,cpu         ] GC(104) User=0.09s Sys=0.00s Real=0.01s
[45.802s][info][gc,start       ] GC(105) Pause Young (Allocation Failure)
[45.811s][info][gc,heap        ] GC(105) PSYoungGen: 1315312K->5936K(1347072K)
[45.811s][info][gc,heap        ] GC(105) PSOldGen: 136488K->149712K(2796544K)
[45.811s][info][gc,metaspace   ] GC(105) Metaspace: 17923K(18688K)->17923K(18688K) NonClass: 15869K(16384K)->15869K(16384K) Class: 2054K(2304K)->2054K(2304K)
[45.811s][info][gc             ] GC(105) Pause Young (Allocation Failure) 1417M->152M(4046M) 8.481ms
[45.811s][info][gc,cpu         ] GC(105) User=0.09s Sys=0.00s Real=0.01s
[46.495s][info][gc,start       ] GC(106) Pause Young (System.gc())
[46.520s][info][gc,heap        ] GC(106) PSYoungGen: 1039041K->45536K(1329664K)
[46.520s][info][gc,heap        ] GC(106) PSOldGen: 149712K->157896K(2796544K)
[46.520s][info][gc,metaspace   ] GC(106) Metaspace: 17925K(18688K)->17925K(18688K) NonClass: 15870K(16384K)->15870K(16384K) Class: 2054K(2304K)->2054K(2304K)
[46.520s][info][gc             ] GC(106) Pause Young (System.gc()) 1160M->198M(4029M) 25.699ms
[46.520s][info][gc,cpu         ] GC(106) User=0.09s Sys=0.00s Real=0.03s
[46.520s][info][gc,start       ] GC(107) Pause Full (System.gc())
[46.520s][info][gc,phases,start] GC(107) Phase 1: Mark live objects
[46.525s][info][gc,phases      ] GC(107) Phase 1: Mark live objects 4.367ms
[46.525s][info][gc,phases,start] GC(107) Phase 2: Compute new object addresses
[46.535s][info][gc,phases      ] GC(107) Phase 2: Compute new object addresses 10.723ms
[46.536s][info][gc,phases,start] GC(107) Phase 3: Adjust pointers
[46.538s][info][gc,phases      ] GC(107) Phase 3: Adjust pointers 2.894ms
[46.538s][info][gc,phases,start] GC(107) Phase 4: Move objects
[46.538s][info][gc,phases      ] GC(107) Phase 4: Move objects 0.009ms
[46.539s][info][gc,heap        ] GC(107) PSYoungGen: 45536K->0K(1329664K)
[46.539s][info][gc,heap        ] GC(107) PSOldGen: 157896K->3951K(2796544K)
[46.539s][info][gc,metaspace   ] GC(107) Metaspace: 17925K(18688K)->17925K(18688K) NonClass: 15870K(16384K)->15870K(16384K) Class: 2054K(2304K)->2054K(2304K)
[46.539s][info][gc             ] GC(107) Pause Full (System.gc()) 198M->3M(4029M) 18.665ms
[46.539s][info][gc,cpu         ] GC(107) User=0.02s Sys=0.00s Real=0.02s
[46.958s][info][gc,start       ] GC(108) Pause Young (Allocation Failure)
[46.960s][info][gc,heap        ] GC(108) PSYoungGen: 1284096K->3840K(1340928K)
[46.960s][info][gc,heap        ] GC(108) PSOldGen: 3951K->3951K(2796544K)
[46.960s][info][gc,metaspace   ] GC(108) Metaspace: 17929K(18688K)->17929K(18688K) NonClass: 15875K(16384K)->15875K(16384K) Class: 2054K(2304K)->2054K(2304K)
[46.960s][info][gc             ] GC(108) Pause Young (Allocation Failure) 1257M->7M(4040M) 2.252ms
[46.960s][info][gc,cpu         ] GC(108) User=0.00s Sys=0.00s Real=0.00s
[47.363s][info][gc,start       ] GC(109) Pause Young (Allocation Failure)
[47.367s][info][gc,heap        ] GC(109) PSYoungGen: 1287936K->4064K(1343488K)
[47.367s][info][gc,heap        ] GC(109) PSOldGen: 3951K->7271K(2796544K)
[47.367s][info][gc,metaspace   ] GC(109) Metaspace: 17929K(18688K)->17929K(18688K) NonClass: 15875K(16384K)->15875K(16384K) Class: 2054K(2304K)->2054K(2304K)
[47.367s][info][gc             ] GC(109) Pause Young (Allocation Failure) 1261M->11M(4043M) 3.792ms
[47.367s][info][gc,cpu         ] GC(109) User=0.09s Sys=0.00s Real=0.02s
[47.845s][info][gc,start       ] GC(110) Pause Young (Allocation Failure)
[47.853s][info][gc,heap        ] GC(110) PSYoungGen: 1291744K->14176K(1341952K)
[47.853s][info][gc,heap        ] GC(110) PSOldGen: 7271K->9719K(2796544K)
[47.853s][info][gc,metaspace   ] GC(110) Metaspace: 17929K(18688K)->17929K(18688K) NonClass: 15875K(16384K)->15875K(16384K) Class: 2054K(2304K)->2054K(2304K)
[47.853s][info][gc             ] GC(110) Pause Young (Allocation Failure) 1268M->23M(4041M) 7.798ms
[47.853s][info][gc,cpu         ] GC(110) User=0.09s Sys=0.00s Real=0.01s
[48.409s][info][gc,start       ] GC(111) Pause Young (Allocation Failure)
[48.420s][info][gc,heap        ] GC(111) PSYoungGen: 1301856K->15344K(1350656K)
[48.420s][info][gc,heap        ] GC(111) PSOldGen: 9719K->21031K(2796544K)
[48.420s][info][gc,metaspace   ] GC(111) Metaspace: 17929K(18688K)->17929K(18688K) NonClass: 15875K(16384K)->15875K(16384K) Class: 2054K(2304K)->2054K(2304K)
[48.421s][info][gc             ] GC(111) Pause Young (Allocation Failure) 1280M->35M(4050M) 11.117ms
[48.421s][info][gc,cpu         ] GC(111) User=0.09s Sys=0.00s Real=0.02s
[48.950s][info][gc,start       ] GC(112) Pause Young (Allocation Failure)
[48.958s][info][gc,heap        ] GC(112) PSYoungGen: 1315312K->5936K(1347072K)
[48.958s][info][gc,heap        ] GC(112) PSOldGen: 21031K->34255K(2796544K)
[48.958s][info][gc,metaspace   ] GC(112) Metaspace: 17929K(18688K)->17929K(18688K) NonClass: 15875K(16384K)->15875K(16384K) Class: 2054K(2304K)->2054K(2304K)
[48.958s][info][gc             ] GC(112) Pause Young (Allocation Failure) 1305M->39M(4046M) 8.499ms
[48.958s][info][gc,cpu         ] GC(112) User=0.00s Sys=0.00s Real=0.02s
[49.645s][info][gc,start       ] GC(113) Pause Young (System.gc())
[49.670s][info][gc,heap        ] GC(113) PSYoungGen: 1045983K->45536K(1329664K)
[49.670s][info][gc,heap        ] GC(113) PSOldGen: 34255K->42431K(2796544K)
[49.670s][info][gc,metaspace   ] GC(113) Metaspace: 17931K(18688K)->17931K(18688K) NonClass: 15877K(16384K)->15877K(16384K) Class: 2054K(2304K)->2054K(2304K)
[49.670s][info][gc             ] GC(113) Pause Young (System.gc()) 1054M->85M(4029M) 24.713ms
[49.670s][info][gc,cpu         ] GC(113) User=0.16s Sys=0.00s Real=0.04s
[49.670s][info][gc,start       ] GC(114) Pause Full (System.gc())
[49.670s][info][gc,phases,start] GC(114) Phase 1: Mark live objects
[49.674s][info][gc,phases      ] GC(114) Phase 1: Mark live objects 4.301ms
[49.674s][info][gc,phases,start] GC(114) Phase 2: Compute new object addresses
[49.685s][info][gc,phases      ] GC(114) Phase 2: Compute new object addresses 10.720ms
[49.685s][info][gc,phases,start] GC(114) Phase 3: Adjust pointers
[49.688s][info][gc,phases      ] GC(114) Phase 3: Adjust pointers 2.889ms
[49.688s][info][gc,phases,start] GC(114) Phase 4: Move objects
[49.688s][info][gc,phases      ] GC(114) Phase 4: Move objects 0.009ms
[49.689s][info][gc,heap        ] GC(114) PSYoungGen: 45536K->0K(1329664K)
[49.689s][info][gc,heap        ] GC(114) PSOldGen: 42431K->42431K(2796544K)
[49.689s][info][gc,metaspace   ] GC(114) Metaspace: 17931K(18688K)->17931K(18688K) NonClass: 15877K(16384K)->15877K(16384K) Class: 2054K(2304K)->2054K(2304K)
[49.689s][info][gc             ] GC(114) Pause Full (System.gc()) 85M->41M(4029M) 18.594ms
[49.689s][info][gc,cpu         ] GC(114) User=0.02s Sys=0.00s Real=0.01s
[49.986s][info][gc,start       ] GC(115) Pause Young (Allocation Failure)
[49.988s][info][gc,heap        ] GC(115) PSYoungGen: 1284096K->3872K(1340928K)
[49.988s][info][gc,heap        ] GC(115) PSOldGen: 42431K->42431K(2796544K)
[49.988s][info][gc,metaspace   ] GC(115) Metaspace: 17936K(18688K)->17936K(18688K) NonClass: 15881K(16384K)->15881K(16384K) Class: 2054K(2304K)->2054K(2304K)
[49.988s][info][gc             ] GC(115) Pause Young (Allocation Failure) 1295M->45M(4040M) 2.295ms
[49.988s][info][gc,cpu         ] GC(115) User=0.00s Sys=0.00s Real=0.00s
[50.377s][info][gc,start       ] GC(116) Pause Young (Allocation Failure)
[50.380s][info][gc,heap        ] GC(116) PSYoungGen: 1287968K->4128K(1343488K)
[50.380s][info][gc,heap        ] GC(116) PSOldGen: 42431K->45759K(2796544K)
[50.380s][info][gc,metaspace   ] GC(116) Metaspace: 17936K(18688K)->17936K(18688K) NonClass: 15881K(16384K)->15881K(16384K) Class: 2054K(2304K)->2054K(2304K)
[50.380s][info][gc             ] GC(116) Pause Young (Allocation Failure) 1299M->48M(4043M) 3.772ms
[50.380s][info][gc,cpu         ] GC(116) User=0.00s Sys=0.00s Real=0.00s
[50.842s][info][gc,start       ] GC(117) Pause Young (Allocation Failure)
[50.851s][info][gc,heap        ] GC(117) PSYoungGen: 1291808K->14208K(1341952K)
[50.851s][info][gc,heap        ] GC(117) PSOldGen: 45759K->48207K(2796544K)
[50.851s][info][gc,metaspace   ] GC(117) Metaspace: 17936K(18688K)->17936K(18688K) NonClass: 15881K(16384K)->15881K(16384K) Class: 2054K(2304K)->2054K(2304K)
[50.851s][info][gc             ] GC(117) Pause Young (Allocation Failure) 1306M->60M(4041M) 8.705ms
[50.851s][info][gc,cpu         ] GC(117) User=0.00s Sys=0.00s Real=0.02s
[51.402s][info][gc,start       ] GC(118) Pause Young (Allocation Failure)
[51.413s][info][gc,heap        ] GC(118) PSYoungGen: 1301888K->15344K(1350656K)
[51.413s][info][gc,heap        ] GC(118) PSOldGen: 48207K->59527K(2796544K)
[51.413s][info][gc,metaspace   ] GC(118) Metaspace: 17936K(18688K)->17936K(18688K) NonClass: 15881K(16384K)->15881K(16384K) Class: 2054K(2304K)->2054K(2304K)
[51.413s][info][gc             ] GC(118) Pause Young (Allocation Failure) 1318M->73M(4050M) 11.155ms
[51.413s][info][gc,cpu         ] GC(118) User=0.00s Sys=0.00s Real=0.01s
[51.949s][info][gc,start       ] GC(119) Pause Young (Allocation Failure)
[51.957s][info][gc,heap        ] GC(119) PSYoungGen: 1315312K->6672K(1347072K)
[51.957s][info][gc,heap        ] GC(119) PSOldGen: 59527K->72743K(2796544K)
[51.957s][info][gc,metaspace   ] GC(119) Metaspace: 17936K(18688K)->17936K(18688K) NonClass: 15881K(16384K)->15881K(16384K) Class: 2054K(2304K)->2054K(2304K)
[51.957s][info][gc             ] GC(119) Pause Young (Allocation Failure) 1342M->77M(4046M) 8.759ms
[51.957s][info][gc,cpu         ] GC(119) User=0.00s Sys=0.00s Real=0.02s
[52.632s][info][gc,start       ] GC(120) Pause Young (System.gc())
[52.656s][info][gc,heap        ] GC(120) PSYoungGen: 1019699K->45536K(1329664K)
[52.656s][info][gc,heap        ] GC(120) PSOldGen: 72743K->80919K(2796544K)
[52.656s][info][gc,metaspace   ] GC(120) Metaspace: 17936K(18688K)->17936K(18688K) NonClass: 15881K(16384K)->15881K(16384K) Class: 2054K(2304K)->2054K(2304K)
[52.656s][info][gc             ] GC(120) Pause Young (System.gc()) 1066M->123M(4029M) 24.354ms
[52.656s][info][gc,cpu         ] GC(120) User=0.19s Sys=0.00s Real=0.03s
[52.656s][info][gc,start       ] GC(121) Pause Full (System.gc())
[52.656s][info][gc,phases,start] GC(121) Phase 1: Mark live objects
[52.661s][info][gc,phases      ] GC(121) Phase 1: Mark live objects 4.319ms
[52.661s][info][gc,phases,start] GC(121) Phase 2: Compute new object addresses
[52.672s][info][gc,phases      ] GC(121) Phase 2: Compute new object addresses 10.967ms
[52.672s][info][gc,phases,start] GC(121) Phase 3: Adjust pointers
[52.675s][info][gc,phases      ] GC(121) Phase 3: Adjust pointers 2.917ms
[52.675s][info][gc,phases,start] GC(121) Phase 4: Move objects
[52.675s][info][gc,phases      ] GC(121) Phase 4: Move objects 0.008ms
[52.675s][info][gc,heap        ] GC(121) PSYoungGen: 45536K->0K(1329664K)
[52.675s][info][gc,heap        ] GC(121) PSOldGen: 80919K->80919K(2796544K)
[52.675s][info][gc,metaspace   ] GC(121) Metaspace: 17936K(18688K)->17936K(18688K) NonClass: 15881K(16384K)->15881K(16384K) Class: 2054K(2304K)->2054K(2304K)
[52.675s][info][gc             ] GC(121) Pause Full (System.gc()) 123M->79M(4029M) 18.921ms
[52.675s][info][gc,cpu         ] GC(121) User=0.02s Sys=0.00s Real=0.02s
[53.001s][info][gc,start       ] GC(122) Pause Young (Allocation Failure)
[53.003s][info][gc,heap        ] GC(122) PSYoungGen: 1284096K->3840K(1340928K)
[53.003s][info][gc,heap        ] GC(122) PSOldGen: 80919K->80919K(2796544K)
[53.003s][info][gc,metaspace   ] GC(122) Metaspace: 17937K(18688K)->17937K(18688K) NonClass: 15883K(16384K)->15883K(16384K) Class: 2054K(2304K)->2054K(2304K)
[53.003s][info][gc             ] GC(122) Pause Young (Allocation Failure) 1333M->82M(4040M) 2.374ms
[53.003s][info][gc,cpu         ] GC(122) User=0.00s Sys=0.00s Real=0.00s
[53.370s][info][gc,start       ] GC(123) Pause Young (Allocation Failure)
[53.374s][info][gc,heap        ] GC(123) PSYoungGen: 1287936K->4064K(1344000K)
[53.374s][info][gc,heap        ] GC(123) PSOldGen: 80919K->84231K(2796544K)
[53.374s][info][gc,metaspace   ] GC(123) Metaspace: 17937K(18688K)->17937K(18688K) NonClass: 15883K(16384K)->15883K(16384K) Class: 2054K(2304K)->2054K(2304K)
[53.374s][info][gc             ] GC(123) Pause Young (Allocation Failure) 1336M->86M(4043M) 3.849ms
[53.374s][info][gc,cpu         ] GC(123) User=0.00s Sys=0.00s Real=0.02s
[53.834s][info][gc,start       ] GC(124) Pause Young (Allocation Failure)
[53.842s][info][gc,heap        ] GC(124) PSYoungGen: 1292256K->14208K(1341952K)
[53.842s][info][gc,heap        ] GC(124) PSOldGen: 84231K->86671K(2796544K)
[53.842s][info][gc,metaspace   ] GC(124) Metaspace: 17937K(18688K)->17937K(18688K) NonClass: 15883K(16384K)->15883K(16384K) Class: 2054K(2304K)->2054K(2304K)
[53.842s][info][gc             ] GC(124) Pause Young (Allocation Failure) 1344M->98M(4041M) 7.853ms
[53.842s][info][gc,cpu         ] GC(124) User=0.08s Sys=0.00s Real=0.01s
[54.393s][info][gc,start       ] GC(125) Pause Young (Allocation Failure)
[54.404s][info][gc,heap        ] GC(125) PSYoungGen: 1302400K->15408K(1350656K)
[54.404s][info][gc,heap        ] GC(125) PSOldGen: 86671K->97991K(2796544K)
[54.404s][info][gc,metaspace   ] GC(125) Metaspace: 17937K(18688K)->17937K(18688K) NonClass: 15883K(16384K)->15883K(16384K) Class: 2054K(2304K)->2054K(2304K)
[54.404s][info][gc             ] GC(125) Pause Young (Allocation Failure) 1356M->110M(4050M) 10.923ms
[54.404s][info][gc,cpu         ] GC(125) User=0.09s Sys=0.00s Real=0.01s
[54.933s][info][gc,start       ] GC(126) Pause Young (Allocation Failure)
[54.942s][info][gc,heap        ] GC(126) PSYoungGen: 1315376K->5936K(1347072K)
[54.942s][info][gc,heap        ] GC(126) PSOldGen: 97991K->111207K(2796544K)
[54.942s][info][gc,metaspace   ] GC(126) Metaspace: 17937K(18688K)->17937K(18688K) NonClass: 15883K(16384K)->15883K(16384K) Class: 2054K(2304K)->2054K(2304K)
[54.942s][info][gc             ] GC(126) Pause Young (Allocation Failure) 1380M->114M(4046M) 8.419ms
[54.942s][info][gc,cpu         ] GC(126) User=0.00s Sys=0.00s Real=0.01s
[55.622s][info][gc,start       ] GC(127) Pause Young (System.gc())
[55.647s][info][gc,heap        ] GC(127) PSYoungGen: 1038300K->45536K(1329664K)
[55.647s][info][gc,heap        ] GC(127) PSOldGen: 111207K->119383K(2796544K)
[55.647s][info][gc,metaspace   ] GC(127) Metaspace: 17937K(18688K)->17937K(18688K) NonClass: 15883K(16384K)->15883K(16384K) Class: 2054K(2304K)->2054K(2304K)
[55.647s][info][gc             ] GC(127) Pause Young (System.gc()) 1122M->161M(4029M) 24.952ms
[55.647s][info][gc,cpu         ] GC(127) User=0.09s Sys=0.00s Real=0.03s
[55.647s][info][gc,start       ] GC(128) Pause Full (System.gc())
[55.647s][info][gc,phases,start] GC(128) Phase 1: Mark live objects
[55.652s][info][gc,phases      ] GC(128) Phase 1: Mark live objects 4.622ms
[55.652s][info][gc,phases,start] GC(128) Phase 2: Compute new object addresses
[55.662s][info][gc,phases      ] GC(128) Phase 2: Compute new object addresses 10.650ms
[55.662s][info][gc,phases,start] GC(128) Phase 3: Adjust pointers
[55.665s][info][gc,phases      ] GC(128) Phase 3: Adjust pointers 2.881ms
[55.665s][info][gc,phases,start] GC(128) Phase 4: Move objects
[55.665s][info][gc,phases      ] GC(128) Phase 4: Move objects 0.008ms
[55.666s][info][gc,heap        ] GC(128) PSYoungGen: 45536K->0K(1329664K)
[55.666s][info][gc,heap        ] GC(128) PSOldGen: 119383K->119383K(2796544K)
[55.666s][info][gc,metaspace   ] GC(128) Metaspace: 17937K(18688K)->17937K(18688K) NonClass: 15883K(16384K)->15883K(16384K) Class: 2054K(2304K)->2054K(2304K)
[55.666s][info][gc             ] GC(128) Pause Full (System.gc()) 161M->116M(4029M) 18.878ms
[55.666s][info][gc,cpu         ] GC(128) User=0.03s Sys=0.00s Real=0.01s
[55.964s][info][gc,start       ] GC(129) Pause Young (Allocation Failure)
[55.966s][info][gc,heap        ] GC(129) PSYoungGen: 1284096K->3872K(1340928K)
[55.966s][info][gc,heap        ] GC(129) PSOldGen: 119383K->119383K(2796544K)
[55.966s][info][gc,metaspace   ] GC(129) Metaspace: 17938K(18688K)->17938K(18688K) NonClass: 15884K(16384K)->15884K(16384K) Class: 2054K(2304K)->2054K(2304K)
[55.966s][info][gc             ] GC(129) Pause Young (Allocation Failure) 1370M->120M(4040M) 2.339ms
[55.966s][info][gc,cpu         ] GC(129) User=0.00s Sys=0.00s Real=0.01s
[56.317s][info][gc,start       ] GC(130) Pause Young (Allocation Failure)
[56.321s][info][gc,heap        ] GC(130) PSYoungGen: 1287968K->4128K(1344000K)
[56.321s][info][gc,heap        ] GC(130) PSOldGen: 119383K->122712K(2796544K)
[56.321s][info][gc,metaspace   ] GC(130) Metaspace: 17938K(18688K)->17938K(18688K) NonClass: 15884K(16384K)->15884K(16384K) Class: 2054K(2304K)->2054K(2304K)
[56.321s][info][gc             ] GC(130) Pause Young (Allocation Failure) 1374M->123M(4043M) 3.806ms
[56.321s][info][gc,cpu         ] GC(130) User=0.09s Sys=0.00s Real=0.01s
[56.784s][info][gc,start       ] GC(131) Pause Young (Allocation Failure)
[56.791s][info][gc,heap        ] GC(131) PSYoungGen: 1292320K->14272K(1341952K)
[56.791s][info][gc,heap        ] GC(131) PSOldGen: 122712K->125152K(2796544K)
[56.791s][info][gc,metaspace   ] GC(131) Metaspace: 17938K(18688K)->17938K(18688K) NonClass: 15884K(16384K)->15884K(16384K) Class: 2054K(2304K)->2054K(2304K)
[56.791s][info][gc             ] GC(131) Pause Young (Allocation Failure) 1381M->136M(4041M) 7.669ms
[56.791s][info][gc,cpu         ] GC(131) User=0.09s Sys=0.00s Real=0.01s
[57.343s][info][gc,start       ] GC(132) Pause Young (Allocation Failure)
[57.354s][info][gc,heap        ] GC(132) PSYoungGen: 1302464K->15376K(1350656K)
[57.354s][info][gc,heap        ] GC(132) PSOldGen: 125152K->136464K(2796544K)
[57.354s][info][gc,metaspace   ] GC(132) Metaspace: 17938K(18688K)->17938K(18688K) NonClass: 15884K(16384K)->15884K(16384K) Class: 2054K(2304K)->2054K(2304K)
[57.354s][info][gc             ] GC(132) Pause Young (Allocation Failure) 1394M->148M(4050M) 11.165ms
[57.354s][info][gc,cpu         ] GC(132) User=0.09s Sys=0.00s Real=0.01s
[57.890s][info][gc,start       ] GC(133) Pause Young (Allocation Failure)
[57.898s][info][gc,heap        ] GC(133) PSYoungGen: 1315344K->6048K(1347072K)
[57.898s][info][gc,heap        ] GC(133) PSOldGen: 136464K->149688K(2796544K)
[57.898s][info][gc,metaspace   ] GC(133) Metaspace: 17938K(18688K)->17938K(18688K) NonClass: 15884K(16384K)->15884K(16384K) Class: 2054K(2304K)->2054K(2304K)
[57.898s][info][gc             ] GC(133) Pause Young (Allocation Failure) 1417M->152M(4046M) 8.610ms
[57.898s][info][gc,cpu         ] GC(133) User=0.09s Sys=0.00s Real=0.01s
[58.571s][info][gc,start       ] GC(134) Pause Young (System.gc())
[58.596s][info][gc,heap        ] GC(134) PSYoungGen: 1020375K->45536K(1329664K)
[58.596s][info][gc,heap        ] GC(134) PSOldGen: 149688K->157864K(2796544K)
[58.596s][info][gc,metaspace   ] GC(134) Metaspace: 17938K(18688K)->17938K(18688K) NonClass: 15884K(16384K)->15884K(16384K) Class: 2054K(2304K)->2054K(2304K)
[58.596s][info][gc             ] GC(134) Pause Young (System.gc()) 1142M->198M(4029M) 24.958ms
[58.596s][info][gc,cpu         ] GC(134) User=0.09s Sys=0.00s Real=0.03s
[58.596s][info][gc,start       ] GC(135) Pause Full (System.gc())
[58.596s][info][gc,phases,start] GC(135) Phase 1: Mark live objects
[58.600s][info][gc,phases      ] GC(135) Phase 1: Mark live objects 4.323ms
[58.600s][info][gc,phases,start] GC(135) Phase 2: Compute new object addresses
[58.611s][info][gc,phases      ] GC(135) Phase 2: Compute new object addresses 10.709ms
[58.611s][info][gc,phases,start] GC(135) Phase 3: Adjust pointers
[58.614s][info][gc,phases      ] GC(135) Phase 3: Adjust pointers 3.017ms
[58.614s][info][gc,phases,start] GC(135) Phase 4: Move objects
[58.614s][info][gc,phases      ] GC(135) Phase 4: Move objects 0.009ms
[58.615s][info][gc,heap        ] GC(135) PSYoungGen: 45536K->0K(1329664K)
[58.615s][info][gc,heap        ] GC(135) PSOldGen: 157864K->3951K(2796544K)
[58.615s][info][gc,metaspace   ] GC(135) Metaspace: 17938K(18688K)->17938K(18688K) NonClass: 15884K(16384K)->15884K(16384K) Class: 2054K(2304K)->2054K(2304K)
[58.615s][info][gc             ] GC(135) Pause Full (System.gc()) 198M->3M(4029M) 18.761ms
[58.615s][info][gc,cpu         ] GC(135) User=0.02s Sys=0.00s Real=0.02s
[58.930s][info][gc,start       ] GC(136) Pause Young (Allocation Failure)
[58.933s][info][gc,heap        ] GC(136) PSYoungGen: 1284096K->3904K(1340928K)
[58.933s][info][gc,heap        ] GC(136) PSOldGen: 3951K->3951K(2796544K)
[58.933s][info][gc,metaspace   ] GC(136) Metaspace: 17940K(18688K)->17940K(18688K) NonClass: 15886K(16384K)->15886K(16384K) Class: 2054K(2304K)->2054K(2304K)
[58.933s][info][gc             ] GC(136) Pause Young (Allocation Failure) 1257M->7M(4040M) 2.411ms
[58.933s][info][gc,cpu         ] GC(136) User=0.00s Sys=0.00s Real=0.02s
[59.288s][info][gc,start       ] GC(137) Pause Young (Allocation Failure)
[59.291s][info][gc,heap        ] GC(137) PSYoungGen: 1288000K->4096K(1343488K)
[59.291s][info][gc,heap        ] GC(137) PSOldGen: 3951K->7271K(2796544K)
[59.291s][info][gc,metaspace   ] GC(137) Metaspace: 17940K(18688K)->17940K(18688K) NonClass: 15886K(16384K)->15886K(16384K) Class: 2054K(2304K)->2054K(2304K)
[59.291s][info][gc             ] GC(137) Pause Young (Allocation Failure) 1261M->11M(4043M) 3.922ms
[59.291s][info][gc,cpu         ] GC(137) User=0.09s Sys=0.00s Real=0.01s
[59.769s][info][gc,start       ] GC(138) Pause Young (Allocation Failure)
[59.776s][info][gc,heap        ] GC(138) PSYoungGen: 1291776K->14304K(1341952K)
[59.776s][info][gc,heap        ] GC(138) PSOldGen: 7271K->9711K(2796544K)
[59.776s][info][gc,metaspace   ] GC(138) Metaspace: 17940K(18688K)->17940K(18688K) NonClass: 15886K(16384K)->15886K(16384K) Class: 2054K(2304K)->2054K(2304K)
[59.776s][info][gc             ] GC(138) Pause Young (Allocation Failure) 1268M->23M(4041M) 7.784ms
[59.776s][info][gc,cpu         ] GC(138) User=0.09s Sys=0.00s Real=0.01s
[60.328s][info][gc,start       ] GC(139) Pause Young (Allocation Failure)
[60.339s][info][gc,heap        ] GC(139) PSYoungGen: 1301984K->15408K(1350656K)
[60.339s][info][gc,heap        ] GC(139) PSOldGen: 9711K->21031K(2796544K)
[60.339s][info][gc,metaspace   ] GC(139) Metaspace: 17940K(18688K)->17940K(18688K) NonClass: 15886K(16384K)->15886K(16384K) Class: 2054K(2304K)->2054K(2304K)
[60.340s][info][gc             ] GC(139) Pause Young (Allocation Failure) 1280M->35M(4050M) 11.335ms
[60.340s][info][gc,cpu         ] GC(139) User=0.09s Sys=0.00s Real=0.02s
[60.875s][info][gc,start       ] GC(140) Pause Young (Allocation Failure)
[60.883s][info][gc,heap        ] GC(140) PSYoungGen: 1315376K->6080K(1347072K)
[60.883s][info][gc,heap        ] GC(140) PSOldGen: 21031K->34255K(2796544K)
[60.883s][info][gc,metaspace   ] GC(140) Metaspace: 17940K(18688K)->17940K(18688K) NonClass: 15886K(16384K)->15886K(16384K) Class: 2054K(2304K)->2054K(2304K)
[60.883s][info][gc             ] GC(140) Pause Young (Allocation Failure) 1305M->39M(4046M) 8.153ms
[60.883s][info][gc,cpu         ] GC(140) User=0.09s Sys=0.00s Real=0.01s
[61.554s][info][gc,start       ] GC(141) Pause Young (System.gc())
[61.579s][info][gc,heap        ] GC(141) PSYoungGen: 1022293K->45536K(1329664K)
[61.579s][info][gc,heap        ] GC(141) PSOldGen: 34255K->42439K(2796544K)
[61.579s][info][gc,metaspace   ] GC(141) Metaspace: 17940K(18688K)->17940K(18688K) NonClass: 15886K(16384K)->15886K(16384K) Class: 2054K(2304K)->2054K(2304K)
[61.579s][info][gc             ] GC(141) Pause Young (System.gc()) 1031M->85M(4029M) 24.424ms
[61.579s][info][gc,cpu         ] GC(141) User=0.09s Sys=0.00s Real=0.02s
[61.579s][info][gc,start       ] GC(142) Pause Full (System.gc())
[61.579s][info][gc,phases,start] GC(142) Phase 1: Mark live objects
[61.583s][info][gc,phases      ] GC(142) Phase 1: Mark live objects 4.275ms
[61.583s][info][gc,phases,start] GC(142) Phase 2: Compute new object addresses
[61.594s][info][gc,phases      ] GC(142) Phase 2: Compute new object addresses 10.802ms
[61.594s][info][gc,phases,start] GC(142) Phase 3: Adjust pointers
[61.597s][info][gc,phases      ] GC(142) Phase 3: Adjust pointers 2.906ms
[61.597s][info][gc,phases,start] GC(142) Phase 4: Move objects
[61.597s][info][gc,phases      ] GC(142) Phase 4: Move objects 0.009ms
[61.597s][info][gc,heap        ] GC(142) PSYoungGen: 45536K->0K(1329664K)
[61.597s][info][gc,heap        ] GC(142) PSOldGen: 42439K->42439K(2796544K)
[61.597s][info][gc,metaspace   ] GC(142) Metaspace: 17940K(18688K)->17940K(18688K) NonClass: 15886K(16384K)->15886K(16384K) Class: 2054K(2304K)->2054K(2304K)
[61.597s][info][gc             ] GC(142) Pause Full (System.gc()) 85M->41M(4029M) 18.694ms
[61.597s][info][gc,cpu         ] GC(142) User=0.02s Sys=0.00s Real=0.01s
[61.961s][info][gc,start       ] GC(143) Pause Young (Allocation Failure)
[61.963s][info][gc,heap        ] GC(143) PSYoungGen: 1284096K->3936K(1340928K)
[61.963s][info][gc,heap        ] GC(143) PSOldGen: 42439K->42439K(2796544K)
[61.963s][info][gc,metaspace   ] GC(143) Metaspace: 17941K(18688K)->17941K(18688K) NonClass: 15886K(16384K)->15886K(16384K) Class: 2054K(2304K)->2054K(2304K)
[61.963s][info][gc             ] GC(143) Pause Young (Allocation Failure) 1295M->45M(4040M) 2.285ms
[61.963s][info][gc,cpu         ] GC(143) User=0.00s Sys=0.00s Real=0.00s
[62.313s][info][gc,start       ] GC(144) Pause Young (Allocation Failure)
[62.317s][info][gc,heap        ] GC(144) PSYoungGen: 1288032K->4064K(1343488K)
[62.317s][info][gc,heap        ] GC(144) PSOldGen: 42439K->45759K(2796544K)
[62.317s][info][gc,metaspace   ] GC(144) Metaspace: 17941K(18688K)->17941K(18688K) NonClass: 15886K(16384K)->15886K(16384K) Class: 2054K(2304K)->2054K(2304K)
[62.317s][info][gc             ] GC(144) Pause Young (Allocation Failure) 1299M->48M(4043M) 3.545ms
[62.317s][info][gc,cpu         ] GC(144) User=0.00s Sys=0.00s Real=0.00s
[62.783s][info][gc,start       ] GC(145) Pause Young (Allocation Failure)
[62.790s][info][gc,heap        ] GC(145) PSYoungGen: 1291744K->14240K(1341952K)
[62.790s][info][gc,heap        ] GC(145) PSOldGen: 45759K->48191K(2796544K)
[62.790s][info][gc,metaspace   ] GC(145) Metaspace: 17941K(18688K)->17941K(18688K) NonClass: 15886K(16384K)->15886K(16384K) Class: 2054K(2304K)->2054K(2304K)
[62.790s][info][gc             ] GC(145) Pause Young (Allocation Failure) 1306M->60M(4041M) 7.751ms
[62.790s][info][gc,cpu         ] GC(145) User=0.06s Sys=0.00s Real=0.01s
[63.341s][info][gc,start       ] GC(146) Pause Young (Allocation Failure)
[63.352s][info][gc,heap        ] GC(146) PSYoungGen: 1301920K->15408K(1350656K)
[63.352s][info][gc,heap        ] GC(146) PSOldGen: 48191K->59503K(2796544K)
[63.352s][info][gc,metaspace   ] GC(146) Metaspace: 17941K(18688K)->17941K(18688K) NonClass: 15886K(16384K)->15886K(16384K) Class: 2054K(2304K)->2054K(2304K)
[63.352s][info][gc             ] GC(146) Pause Young (Allocation Failure) 1318M->73M(4050M) 11.256ms
[63.352s][info][gc,cpu         ] GC(146) User=0.09s Sys=0.00s Real=0.02s
[63.881s][info][gc,start       ] GC(147) Pause Young (Allocation Failure)
[63.889s][info][gc,heap        ] GC(147) PSYoungGen: 1315376K->6048K(1347072K)
[63.889s][info][gc,heap        ] GC(147) PSOldGen: 59503K->72735K(2796544K)
[63.889s][info][gc,metaspace   ] GC(147) Metaspace: 17941K(18688K)->17941K(18688K) NonClass: 15886K(16384K)->15886K(16384K) Class: 2054K(2304K)->2054K(2304K)
[63.889s][info][gc             ] GC(147) Pause Young (Allocation Failure) 1342M->76M(4046M) 8.542ms
[63.889s][info][gc,cpu         ] GC(147) User=0.09s Sys=0.00s Real=0.02s
[64.568s][info][gc,start       ] GC(148) Pause Young (System.gc())
[64.593s][info][gc,heap        ] GC(148) PSYoungGen: 1029855K->45536K(1329664K)
[64.593s][info][gc,heap        ] GC(148) PSOldGen: 72735K->80911K(2796544K)
[64.593s][info][gc,metaspace   ] GC(148) Metaspace: 17948K(18688K)->17948K(18688K) NonClass: 15894K(16384K)->15894K(16384K) Class: 2054K(2304K)->2054K(2304K)
[64.593s][info][gc             ] GC(148) Pause Young (System.gc()) 1076M->123M(4029M) 25.192ms
[64.593s][info][gc,cpu         ] GC(148) User=0.16s Sys=0.00s Real=0.04s
[64.593s][info][gc,start       ] GC(149) Pause Full (System.gc())
[64.593s][info][gc,phases,start] GC(149) Phase 1: Mark live objects
[64.598s][info][gc,phases      ] GC(149) Phase 1: Mark live objects 4.327ms
[64.598s][info][gc,phases,start] GC(149) Phase 2: Compute new object addresses
[64.609s][info][gc,phases      ] GC(149) Phase 2: Compute new object addresses 11.008ms
[64.609s][info][gc,phases,start] GC(149) Phase 3: Adjust pointers
[64.612s][info][gc,phases      ] GC(149) Phase 3: Adjust pointers 2.897ms
[64.612s][info][gc,phases,start] GC(149) Phase 4: Move objects
[64.612s][info][gc,phases      ] GC(149) Phase 4: Move objects 0.008ms
[64.612s][info][gc,heap        ] GC(149) PSYoungGen: 45536K->0K(1329664K)
[64.612s][info][gc,heap        ] GC(149) PSOldGen: 80911K->80911K(2796544K)
[64.612s][info][gc,metaspace   ] GC(149) Metaspace: 17948K(18688K)->17948K(18688K) NonClass: 15894K(16384K)->15894K(16384K) Class: 2054K(2304K)->2054K(2304K)
[64.612s][info][gc             ] GC(149) Pause Full (System.gc()) 123M->79M(4029M) 18.955ms
[64.612s][info][gc,cpu         ] GC(149) User=0.02s Sys=0.00s Real=0.01s
[64.958s][info][gc,start       ] GC(150) Pause Young (Allocation Failure)
[64.961s][info][gc,heap        ] GC(150) PSYoungGen: 1284096K->3904K(1340928K)
[64.961s][info][gc,heap        ] GC(150) PSOldGen: 80911K->80911K(2796544K)
[64.961s][info][gc,metaspace   ] GC(150) Metaspace: 17948K(18688K)->17948K(18688K) NonClass: 15894K(16384K)->15894K(16384K) Class: 2054K(2304K)->2054K(2304K)
[64.961s][info][gc             ] GC(150) Pause Young (Allocation Failure) 1333M->82M(4040M) 2.367ms
[64.961s][info][gc,cpu         ] GC(150) User=0.08s Sys=0.00s Real=0.01s
[65.295s][info][gc,start       ] GC(151) Pause Young (Allocation Failure)
[65.298s][info][gc,heap        ] GC(151) PSYoungGen: 1288000K->4096K(1343488K)
[65.298s][info][gc,heap        ] GC(151) PSOldGen: 80911K->84239K(2796544K)
[65.298s][info][gc,metaspace   ] GC(151) Metaspace: 17948K(18688K)->17948K(18688K) NonClass: 15894K(16384K)->15894K(16384K) Class: 2054K(2304K)->2054K(2304K)
[65.298s][info][gc             ] GC(151) Pause Young (Allocation Failure) 1336M->86M(4043M) 3.792ms
[65.298s][info][gc,cpu         ] GC(151) User=0.00s Sys=0.00s Real=0.00s
[65.760s][info][gc,start       ] GC(152) Pause Young (Allocation Failure)
[65.767s][info][gc,heap        ] GC(152) PSYoungGen: 1291776K->14240K(1341952K)
[65.767s][info][gc,heap        ] GC(152) PSOldGen: 84239K->86671K(2796544K)
[65.767s][info][gc,metaspace   ] GC(152) Metaspace: 17948K(18688K)->17948K(18688K) NonClass: 15894K(16384K)->15894K(16384K) Class: 2054K(2304K)->2054K(2304K)
[65.767s][info][gc             ] GC(152) Pause Young (Allocation Failure) 1343M->98M(4041M) 7.444ms
[65.767s][info][gc,cpu         ] GC(152) User=0.00s Sys=0.00s Real=0.01s
[66.320s][info][gc,start       ] GC(153) Pause Young (Allocation Failure)
[66.332s][info][gc,heap        ] GC(153) PSYoungGen: 1301920K->15376K(1350656K)
[66.332s][info][gc,heap        ] GC(153) PSOldGen: 86671K->97983K(2796544K)
[66.332s][info][gc,metaspace   ] GC(153) Metaspace: 17948K(18688K)->17948K(18688K) NonClass: 15894K(16384K)->15894K(16384K) Class: 2054K(2304K)->2054K(2304K)
[66.332s][info][gc             ] GC(153) Pause Young (Allocation Failure) 1356M->110M(4050M) 11.559ms
[66.332s][info][gc,cpu         ] GC(153) User=0.00s Sys=0.00s Real=0.01s
[66.863s][info][gc,start       ] GC(154) Pause Young (Allocation Failure)
[66.872s][info][gc,heap        ] GC(154) PSYoungGen: 1315344K->5968K(1347072K)
[66.872s][info][gc,heap        ] GC(154) PSOldGen: 97983K->111199K(2796544K)
[66.872s][info][gc,metaspace   ] GC(154) Metaspace: 17948K(18688K)->17948K(18688K) NonClass: 15894K(16384K)->15894K(16384K) Class: 2054K(2304K)->2054K(2304K)
[66.872s][info][gc             ] GC(154) Pause Young (Allocation Failure) 1380M->114M(4046M) 8.512ms
[66.872s][info][gc,cpu         ] GC(154) User=0.09s Sys=0.00s Real=0.02s
[67.560s][info][gc,start       ] GC(155) Pause Young (System.gc())
[67.584s][info][gc,heap        ] GC(155) PSYoungGen: 1043328K->45536K(1329664K)
[67.584s][info][gc,heap        ] GC(155) PSOldGen: 111199K->119375K(2796544K)
[67.584s][info][gc,metaspace   ] GC(155) Metaspace: 17948K(18688K)->17948K(18688K) NonClass: 15894K(16384K)->15894K(16384K) Class: 2054K(2304K)->2054K(2304K)
[67.584s][info][gc             ] GC(155) Pause Young (System.gc()) 1127M->161M(4029M) 24.842ms
[67.584s][info][gc,cpu         ] GC(155) User=0.09s Sys=0.00s Real=0.03s
[67.585s][info][gc,start       ] GC(156) Pause Full (System.gc())
[67.585s][info][gc,phases,start] GC(156) Phase 1: Mark live objects
[67.589s][info][gc,phases      ] GC(156) Phase 1: Mark live objects 4.309ms
[67.589s][info][gc,phases,start] GC(156) Phase 2: Compute new object addresses
[67.600s][info][gc,phases      ] GC(156) Phase 2: Compute new object addresses 10.672ms
[67.600s][info][gc,phases,start] GC(156) Phase 3: Adjust pointers
[67.603s][info][gc,phases      ] GC(156) Phase 3: Adjust pointers 2.951ms
[67.603s][info][gc,phases,start] GC(156) Phase 4: Move objects
[67.603s][info][gc,phases      ] GC(156) Phase 4: Move objects 0.008ms
[67.603s][info][gc,heap        ] GC(156) PSYoungGen: 45536K->0K(1329664K)
[67.603s][info][gc,heap        ] GC(156) PSOldGen: 119375K->119375K(2796544K)
[67.603s][info][gc,metaspace   ] GC(156) Metaspace: 17948K(18688K)->17948K(18688K) NonClass: 15894K(16384K)->15894K(16384K) Class: 2054K(2304K)->2054K(2304K)
[67.603s][info][gc             ] GC(156) Pause Full (System.gc()) 161M->116M(4029M) 18.646ms
[67.603s][info][gc,cpu         ] GC(156) User=0.03s Sys=0.00s Real=0.02s
[67.937s][info][gc,start       ] GC(157) Pause Young (Allocation Failure)
[67.939s][info][gc,heap        ] GC(157) PSYoungGen: 1284096K->3872K(1340928K)
[67.939s][info][gc,heap        ] GC(157) PSOldGen: 119375K->119375K(2796544K)
[67.939s][info][gc,metaspace   ] GC(157) Metaspace: 17952K(18688K)->17952K(18688K) NonClass: 15898K(16384K)->15898K(16384K) Class: 2054K(2304K)->2054K(2304K)
[67.939s][info][gc             ] GC(157) Pause Young (Allocation Failure) 1370M->120M(4040M) 2.324ms
[67.939s][info][gc,cpu         ] GC(157) User=0.00s Sys=0.00s Real=0.01s
[68.275s][info][gc,start       ] GC(158) Pause Young (Allocation Failure)
[68.279s][info][gc,heap        ] GC(158) PSYoungGen: 1287968K->4032K(1343488K)
[68.279s][info][gc,heap        ] GC(158) PSOldGen: 119375K->122696K(2796544K)
[68.279s][info][gc,metaspace   ] GC(158) Metaspace: 17952K(18688K)->17952K(18688K) NonClass: 15898K(16384K)->15898K(16384K) Class: 2054K(2304K)->2054K(2304K)
[68.279s][info][gc             ] GC(158) Pause Young (Allocation Failure) 1374M->123M(4043M) 3.701ms
[68.279s][info][gc,cpu         ] GC(158) User=0.00s Sys=0.00s Real=0.00s
[68.774s][info][gc,start       ] GC(159) Pause Young (Allocation Failure)
[68.782s][info][gc,heap        ] GC(159) PSYoungGen: 1291712K->14240K(1341952K)
[68.782s][info][gc,heap        ] GC(159) PSOldGen: 122696K->125144K(2796544K)
[68.782s][info][gc,metaspace   ] GC(159) Metaspace: 17952K(18688K)->17952K(18688K) NonClass: 15898K(16384K)->15898K(16384K) Class: 2054K(2304K)->2054K(2304K)
[68.782s][info][gc             ] GC(159) Pause Young (Allocation Failure) 1381M->136M(4041M) 7.460ms
[68.782s][info][gc,cpu         ] GC(159) User=0.00s Sys=0.00s Real=0.01s
[69.333s][info][gc,start       ] GC(160) Pause Young (Allocation Failure)
[69.345s][info][gc,heap        ] GC(160) PSYoungGen: 1301920K->15344K(1350656K)
[69.345s][info][gc,heap        ] GC(160) PSOldGen: 125144K->136456K(2796544K)
[69.345s][info][gc,metaspace   ] GC(160) Metaspace: 17952K(18688K)->17952K(18688K) NonClass: 15898K(16384K)->15898K(16384K) Class: 2054K(2304K)->2054K(2304K)
[69.345s][info][gc             ] GC(160) Pause Young (Allocation Failure) 1393M->148M(4050M) 11.492ms
[69.345s][info][gc,cpu         ] GC(160) User=0.09s Sys=0.00s Real=0.02s
[69.876s][info][gc,start       ] GC(161) Pause Young (Allocation Failure)
[69.884s][info][gc,heap        ] GC(161) PSYoungGen: 1315312K->6160K(1347072K)
[69.884s][info][gc,heap        ] GC(161) PSOldGen: 136456K->149680K(2796544K)
[69.884s][info][gc,metaspace   ] GC(161) Metaspace: 17952K(18688K)->17952K(18688K) NonClass: 15898K(16384K)->15898K(16384K) Class: 2054K(2304K)->2054K(2304K)
[69.884s][info][gc             ] GC(161) Pause Young (Allocation Failure) 1417M->152M(4046M) 8.575ms
[69.884s][info][gc,cpu         ] GC(161) User=0.09s Sys=0.00s Real=0.02s
[70.561s][info][gc,start       ] GC(162) Pause Young (System.gc())
[70.586s][info][gc,heap        ] GC(162) PSYoungGen: 1038550K->45536K(1329664K)
[70.586s][info][gc,heap        ] GC(162) PSOldGen: 149680K->157856K(2796544K)
[70.586s][info][gc,metaspace   ] GC(162) Metaspace: 17966K(18688K)->17966K(18688K) NonClass: 15912K(16384K)->15912K(16384K) Class: 2054K(2304K)->2054K(2304K)
[70.586s][info][gc             ] GC(162) Pause Young (System.gc()) 1160M->198M(4029M) 24.879ms
[70.586s][info][gc,cpu         ] GC(162) User=0.17s Sys=0.00s Real=0.03s
[70.586s][info][gc,start       ] GC(163) Pause Full (System.gc())
[70.586s][info][gc,phases,start] GC(163) Phase 1: Mark live objects
[70.591s][info][gc,phases      ] GC(163) Phase 1: Mark live objects 4.316ms
[70.591s][info][gc,phases,start] GC(163) Phase 2: Compute new object addresses
[70.602s][info][gc,phases      ] GC(163) Phase 2: Compute new object addresses 10.801ms
[70.602s][info][gc,phases,start] GC(163) Phase 3: Adjust pointers
[70.605s][info][gc,phases      ] GC(163) Phase 3: Adjust pointers 2.912ms
[70.605s][info][gc,phases,start] GC(163) Phase 4: Move objects
[70.605s][info][gc,phases      ] GC(163) Phase 4: Move objects 0.008ms
[70.605s][info][gc,heap        ] GC(163) PSYoungGen: 45536K->0K(1329664K)
[70.605s][info][gc,heap        ] GC(163) PSOldGen: 157856K->3951K(2796544K)
[70.605s][info][gc,metaspace   ] GC(163) Metaspace: 17966K(18688K)->17966K(18688K) NonClass: 15912K(16384K)->15912K(16384K) Class: 2054K(2304K)->2054K(2304K)
[70.605s][info][gc             ] GC(163) Pause Full (System.gc()) 198M->3M(4029M) 18.712ms
[70.605s][info][gc,cpu         ] GC(163) User=0.02s Sys=0.00s Real=0.01s
[70.919s][info][gc,start       ] GC(164) Pause Young (Allocation Failure)
[70.921s][info][gc,heap        ] GC(164) PSYoungGen: 1284096K->3840K(1340928K)
[70.921s][info][gc,heap        ] GC(164) PSOldGen: 3951K->3951K(2796544K)
[70.921s][info][gc,metaspace   ] GC(164) Metaspace: 17971K(18688K)->17971K(18688K) NonClass: 15917K(16384K)->15917K(16384K) Class: 2054K(2304K)->2054K(2304K)
[70.921s][info][gc             ] GC(164) Pause Young (Allocation Failure) 1257M->7M(4040M) 2.419ms
[70.921s][info][gc,cpu         ] GC(164) User=0.00s Sys=0.00s Real=0.01s
[71.333s][info][gc,start       ] GC(165) Pause Young (Allocation Failure)
[71.337s][info][gc,heap        ] GC(165) PSYoungGen: 1287936K->4064K(1343488K)
[71.337s][info][gc,heap        ] GC(165) PSOldGen: 3951K->7271K(2796544K)
[71.337s][info][gc,metaspace   ] GC(165) Metaspace: 17971K(18688K)->17971K(18688K) NonClass: 15917K(16384K)->15917K(16384K) Class: 2054K(2304K)->2054K(2304K)
[71.337s][info][gc             ] GC(165) Pause Young (Allocation Failure) 1261M->11M(4043M) 3.566ms
[71.337s][info][gc,cpu         ] GC(165) User=0.09s Sys=0.00s Real=0.00s
[71.839s][info][gc,start       ] GC(166) Pause Young (Allocation Failure)
[71.847s][info][gc,heap        ] GC(166) PSYoungGen: 1291744K->14208K(1341952K)
[71.847s][info][gc,heap        ] GC(166) PSOldGen: 7271K->9711K(2796544K)
[71.847s][info][gc,metaspace   ] GC(166) Metaspace: 17971K(18688K)->17971K(18688K) NonClass: 15917K(16384K)->15917K(16384K) Class: 2054K(2304K)->2054K(2304K)
[71.847s][info][gc             ] GC(166) Pause Young (Allocation Failure) 1268M->23M(4041M) 7.550ms
[71.847s][info][gc,cpu         ] GC(166) User=0.00s Sys=0.00s Real=0.01s
[72.398s][info][gc,start       ] GC(167) Pause Young (Allocation Failure)
[72.409s][info][gc,heap        ] GC(167) PSYoungGen: 1301888K->15344K(1350656K)
[72.409s][info][gc,heap        ] GC(167) PSOldGen: 9711K->21023K(2796544K)
[72.410s][info][gc,metaspace   ] GC(167) Metaspace: 17971K(18688K)->17971K(18688K) NonClass: 15917K(16384K)->15917K(16384K) Class: 2054K(2304K)->2054K(2304K)
[72.410s][info][gc             ] GC(167) Pause Young (Allocation Failure) 1280M->35M(4050M) 11.323ms
[72.410s][info][gc,cpu         ] GC(167) User=0.00s Sys=0.00s Real=0.02s
[72.939s][info][gc,start       ] GC(168) Pause Young (Allocation Failure)
[72.948s][info][gc,heap        ] GC(168) PSYoungGen: 1315312K->6096K(1347072K)
[72.949s][info][gc,heap        ] GC(168) PSOldGen: 21023K->34239K(2796544K)
[72.949s][info][gc,metaspace   ] GC(168) Metaspace: 17971K(18688K)->17971K(18688K) NonClass: 15917K(16384K)->15917K(16384K) Class: 2054K(2304K)->2054K(2304K)
[72.949s][info][gc             ] GC(168) Pause Young (Allocation Failure) 1305M->39M(4046M) 9.406ms
[72.949s][info][gc,cpu         ] GC(168) User=0.08s Sys=0.00s Real=0.02s
[73.632s][info][gc,start       ] GC(169) Pause Young (System.gc())
[73.659s][info][gc,heap        ] GC(169) PSYoungGen: 1026682K->45536K(1329664K)
[73.659s][info][gc,heap        ] GC(169) PSOldGen: 34239K->42455K(2796544K)
[73.659s][info][gc,metaspace   ] GC(169) Metaspace: 17971K(18688K)->17971K(18688K) NonClass: 15917K(16384K)->15917K(16384K) Class: 2054K(2304K)->2054K(2304K)
[73.659s][info][gc             ] GC(169) Pause Young (System.gc()) 1036M->85M(4029M) 27.072ms
[73.659s][info][gc,cpu         ] GC(169) User=0.14s Sys=0.00s Real=0.03s
[73.659s][info][gc,start       ] GC(170) Pause Full (System.gc())
[73.659s][info][gc,phases,start] GC(170) Phase 1: Mark live objects
[73.664s][info][gc,phases      ] GC(170) Phase 1: Mark live objects 4.992ms
[73.664s][info][gc,phases,start] GC(170) Phase 2: Compute new object addresses
[73.675s][info][gc,phases      ] GC(170) Phase 2: Compute new object addresses 10.587ms
[73.675s][info][gc,phases,start] GC(170) Phase 3: Adjust pointers
[73.678s][info][gc,phases      ] GC(170) Phase 3: Adjust pointers 3.055ms
[73.678s][info][gc,phases,start] GC(170) Phase 4: Move objects
[73.678s][info][gc,phases      ] GC(170) Phase 4: Move objects 0.009ms
[73.678s][info][gc,heap        ] GC(170) PSYoungGen: 45536K->0K(1329664K)
[73.678s][info][gc,heap        ] GC(170) PSOldGen: 42455K->42455K(2796544K)
[73.678s][info][gc,metaspace   ] GC(170) Metaspace: 17971K(18688K)->17971K(18688K) NonClass: 15917K(16384K)->15917K(16384K) Class: 2054K(2304K)->2054K(2304K)
[73.678s][info][gc             ] GC(170) Pause Full (System.gc()) 85M->41M(4029M) 19.524ms
[73.678s][info][gc,cpu         ] GC(170) User=0.02s Sys=0.00s Real=0.02s
[74.093s][info][gc,start       ] GC(171) Pause Young (Allocation Failure)
[74.096s][info][gc,heap        ] GC(171) PSYoungGen: 1284096K->3872K(1340928K)
[74.096s][info][gc,heap        ] GC(171) PSOldGen: 42455K->42455K(2796544K)
[74.096s][info][gc,metaspace   ] GC(171) Metaspace: 17972K(18688K)->17972K(18688K) NonClass: 15918K(16384K)->15918K(16384K) Class: 2054K(2304K)->2054K(2304K)
[74.096s][info][gc             ] GC(171) Pause Young (Allocation Failure) 1295M->45M(4040M) 2.549ms
[74.096s][info][gc,cpu         ] GC(171) User=0.00s Sys=0.00s Real=0.00s
[74.477s][info][gc,start       ] GC(172) Pause Young (Allocation Failure)
[74.481s][info][gc,heap        ] GC(172) PSYoungGen: 1287968K->4096K(1343488K)
[74.481s][info][gc,heap        ] GC(172) PSOldGen: 42455K->45775K(2796544K)
[74.481s][info][gc,metaspace   ] GC(172) Metaspace: 17972K(18688K)->17972K(18688K) NonClass: 15918K(16384K)->15918K(16384K) Class: 2054K(2304K)->2054K(2304K)
[74.481s][info][gc             ] GC(172) Pause Young (Allocation Failure) 1299M->48M(4043M) 3.771ms
[74.481s][info][gc,cpu         ] GC(172) User=0.00s Sys=0.00s Real=0.00s
[74.946s][info][gc,start       ] GC(173) Pause Young (Allocation Failure)
[74.954s][info][gc,heap        ] GC(173) PSYoungGen: 1291776K->14240K(1341952K)
[74.954s][info][gc,heap        ] GC(173) PSOldGen: 45775K->48215K(2796544K)
[74.954s][info][gc,metaspace   ] GC(173) Metaspace: 17972K(18688K)->17972K(18688K) NonClass: 15918K(16384K)->15918K(16384K) Class: 2054K(2304K)->2054K(2304K)
[74.954s][info][gc             ] GC(173) Pause Young (Allocation Failure) 1306M->60M(4041M) 7.580ms
[74.954s][info][gc,cpu         ] GC(173) User=0.00s Sys=0.00s Real=0.01s
[75.506s][info][gc,start       ] GC(174) Pause Young (Allocation Failure)
[75.517s][info][gc,heap        ] GC(174) PSYoungGen: 1301920K->15408K(1350656K)
[75.517s][info][gc,heap        ] GC(174) PSOldGen: 48215K->59535K(2796544K)
[75.517s][info][gc,metaspace   ] GC(174) Metaspace: 17972K(18688K)->17972K(18688K) NonClass: 15918K(16384K)->15918K(16384K) Class: 2054K(2304K)->2054K(2304K)
[75.517s][info][gc             ] GC(174) Pause Young (Allocation Failure) 1318M->73M(4050M) 11.189ms
[75.517s][info][gc,cpu         ] GC(174) User=0.09s Sys=0.00s Real=0.02s
[76.053s][info][gc,start       ] GC(175) Pause Young (Allocation Failure)
[76.062s][info][gc,heap        ] GC(175) PSYoungGen: 1315376K->6048K(1347072K)
[76.062s][info][gc,heap        ] GC(175) PSOldGen: 59535K->72751K(2796544K)
[76.062s][info][gc,metaspace   ] GC(175) Metaspace: 17972K(18688K)->17972K(18688K) NonClass: 15918K(16384K)->15918K(16384K) Class: 2054K(2304K)->2054K(2304K)
[76.062s][info][gc             ] GC(175) Pause Young (Allocation Failure) 1342M->76M(4046M) 8.559ms
[76.062s][info][gc,cpu         ] GC(175) User=0.09s Sys=0.00s Real=0.01s
[76.734s][info][gc,start       ] GC(176) Pause Young (System.gc())
[76.759s][info][gc,heap        ] GC(176) PSYoungGen: 1017051K->45536K(1329664K)
[76.759s][info][gc,heap        ] GC(176) PSOldGen: 72751K->80927K(2796544K)
[76.759s][info][gc,metaspace   ] GC(176) Metaspace: 17972K(18688K)->17972K(18688K) NonClass: 15918K(16384K)->15918K(16384K) Class: 2054K(2304K)->2054K(2304K)
[76.759s][info][gc             ] GC(176) Pause Young (System.gc()) 1064M->123M(4029M) 24.418ms
[76.759s][info][gc,cpu         ] GC(176) User=0.19s Sys=0.00s Real=0.02s
[76.759s][info][gc,start       ] GC(177) Pause Full (System.gc())
[76.759s][info][gc,phases,start] GC(177) Phase 1: Mark live objects
[76.764s][info][gc,phases      ] GC(177) Phase 1: Mark live objects 4.755ms
[76.764s][info][gc,phases,start] GC(177) Phase 2: Compute new object addresses
[76.776s][info][gc,phases      ] GC(177) Phase 2: Compute new object addresses 12.571ms
[76.776s][info][gc,phases,start] GC(177) Phase 3: Adjust pointers
[76.779s][info][gc,phases      ] GC(177) Phase 3: Adjust pointers 2.965ms
[76.779s][info][gc,phases,start] GC(177) Phase 4: Move objects
[76.779s][info][gc,phases      ] GC(177) Phase 4: Move objects 0.009ms
[76.782s][info][gc,heap        ] GC(177) PSYoungGen: 45536K->0K(1329664K)
[76.782s][info][gc,heap        ] GC(177) PSOldGen: 80927K->80927K(2796544K)
[76.782s][info][gc,metaspace   ] GC(177) Metaspace: 17972K(18688K)->17972K(18688K) NonClass: 15918K(16384K)->15918K(16384K) Class: 2054K(2304K)->2054K(2304K)
[76.782s][info][gc             ] GC(177) Pause Full (System.gc()) 123M->79M(4029M) 23.023ms
[76.782s][info][gc,cpu         ] GC(177) User=0.02s Sys=0.00s Real=0.02s
[77.120s][info][gc,start       ] GC(178) Pause Young (Allocation Failure)
[77.122s][info][gc,heap        ] GC(178) PSYoungGen: 1284096K->3872K(1340928K)
[77.122s][info][gc,heap        ] GC(178) PSOldGen: 80927K->80927K(2796544K)
[77.122s][info][gc,metaspace   ] GC(178) Metaspace: 17977K(18688K)->17977K(18688K) NonClass: 15923K(16384K)->15923K(16384K) Class: 2054K(2304K)->2054K(2304K)
[77.122s][info][gc             ] GC(178) Pause Young (Allocation Failure) 1333M->82M(4040M) 2.355ms
[77.122s][info][gc,cpu         ] GC(178) User=0.00s Sys=0.00s Real=0.00s
[77.518s][info][gc,start       ] GC(179) Pause Young (Allocation Failure)
[77.521s][info][gc,heap        ] GC(179) PSYoungGen: 1287968K->4064K(1343488K)
[77.521s][info][gc,heap        ] GC(179) PSOldGen: 80927K->84247K(2796544K)
[77.521s][info][gc,metaspace   ] GC(179) Metaspace: 17977K(18688K)->17977K(18688K) NonClass: 15923K(16384K)->15923K(16384K) Class: 2054K(2304K)->2054K(2304K)
[77.521s][info][gc             ] GC(179) Pause Young (Allocation Failure) 1336M->86M(4043M) 3.816ms
[77.521s][info][gc,cpu         ] GC(179) User=0.00s Sys=0.00s Real=0.00s
[77.980s][info][gc,start       ] GC(180) Pause Young (Allocation Failure)
[77.988s][info][gc,heap        ] GC(180) PSYoungGen: 1291744K->14176K(1341952K)
[77.988s][info][gc,heap        ] GC(180) PSOldGen: 84247K->86687K(2796544K)
[77.988s][info][gc,metaspace   ] GC(180) Metaspace: 17979K(18688K)->17979K(18688K) NonClass: 15925K(16384K)->15925K(16384K) Class: 2054K(2304K)->2054K(2304K)
[77.988s][info][gc             ] GC(180) Pause Young (Allocation Failure) 1343M->98M(4041M) 7.590ms
[77.988s][info][gc,cpu         ] GC(180) User=0.00s Sys=0.00s Real=0.01s
[78.540s][info][gc,start       ] GC(181) Pause Young (Allocation Failure)
[78.551s][info][gc,heap        ] GC(181) PSYoungGen: 1301856K->15344K(1350656K)
[78.551s][info][gc,heap        ] GC(181) PSOldGen: 86687K->98015K(2796544K)
[78.551s][info][gc,metaspace   ] GC(181) Metaspace: 17979K(18688K)->17979K(18688K) NonClass: 15925K(16384K)->15925K(16384K) Class: 2054K(2304K)->2054K(2304K)
[78.551s][info][gc             ] GC(181) Pause Young (Allocation Failure) 1355M->110M(4050M) 11.252ms
[78.551s][info][gc,cpu         ] GC(181) User=0.00s Sys=0.00s Real=0.02s
[79.082s][info][gc,start       ] GC(182) Pause Young (Allocation Failure)
[79.090s][info][gc,heap        ] GC(182) PSYoungGen: 1315312K->5984K(1347072K)
[79.090s][info][gc,heap        ] GC(182) PSOldGen: 98015K->111239K(2796544K)
[79.090s][info][gc,metaspace   ] GC(182) Metaspace: 17979K(18688K)->17979K(18688K) NonClass: 15925K(16384K)->15925K(16384K) Class: 2054K(2304K)->2054K(2304K)
[79.090s][info][gc             ] GC(182) Pause Young (Allocation Failure) 1380M->114M(4046M) 8.799ms
[79.090s][info][gc,cpu         ] GC(182) User=0.09s Sys=0.00s Real=0.01s
[79.776s][info][gc,start       ] GC(183) Pause Young (System.gc())
[79.800s][info][gc,heap        ] GC(183) PSYoungGen: 1040285K->45536K(1329664K)
[79.800s][info][gc,heap        ] GC(183) PSOldGen: 111239K->119431K(2796544K)
[79.800s][info][gc,metaspace   ] GC(183) Metaspace: 17981K(18688K)->17981K(18688K) NonClass: 15926K(16384K)->15926K(16384K) Class: 2054K(2304K)->2054K(2304K)
[79.800s][info][gc             ] GC(183) Pause Young (System.gc()) 1124M->161M(4029M) 24.387ms
[79.800s][info][gc,cpu         ] GC(183) User=0.09s Sys=0.00s Real=0.03s
[79.800s][info][gc,start       ] GC(184) Pause Full (System.gc())
[79.800s][info][gc,phases,start] GC(184) Phase 1: Mark live objects
[79.804s][info][gc,phases      ] GC(184) Phase 1: Mark live objects 4.342ms
[79.804s][info][gc,phases,start] GC(184) Phase 2: Compute new object addresses
[79.815s][info][gc,phases      ] GC(184) Phase 2: Compute new object addresses 10.913ms
[79.815s][info][gc,phases,start] GC(184) Phase 3: Adjust pointers
[79.818s][info][gc,phases      ] GC(184) Phase 3: Adjust pointers 2.983ms
[79.818s][info][gc,phases,start] GC(184) Phase 4: Move objects
[79.818s][info][gc,phases      ] GC(184) Phase 4: Move objects 0.020ms
[79.819s][info][gc,heap        ] GC(184) PSYoungGen: 45536K->0K(1329664K)
[79.819s][info][gc,heap        ] GC(184) PSOldGen: 119431K->119431K(2796544K)
[79.819s][info][gc,metaspace   ] GC(184) Metaspace: 17981K(18688K)->17981K(18688K) NonClass: 15926K(16384K)->15926K(16384K) Class: 2054K(2304K)->2054K(2304K)
[79.819s][info][gc             ] GC(184) Pause Full (System.gc()) 161M->116M(4029M) 19.037ms
[79.819s][info][gc,cpu         ] GC(184) User=0.02s Sys=0.00s Real=0.02s
[80.239s][info][gc,start       ] GC(185) Pause Young (Allocation Failure)
[80.242s][info][gc,heap        ] GC(185) PSYoungGen: 1284096K->3904K(1340928K)
[80.242s][info][gc,heap        ] GC(185) PSOldGen: 119431K->119431K(2796544K)
[80.242s][info][gc,metaspace   ] GC(185) Metaspace: 17981K(18688K)->17981K(18688K) NonClass: 15926K(16384K)->15926K(16384K) Class: 2054K(2304K)->2054K(2304K)
[80.242s][info][gc             ] GC(185) Pause Young (Allocation Failure) 1370M->120M(4040M) 2.400ms
[80.242s][info][gc,cpu         ] GC(185) User=0.00s Sys=0.00s Real=0.01s
[80.635s][info][gc,start       ] GC(186) Pause Young (Allocation Failure)
[80.639s][info][gc,heap        ] GC(186) PSYoungGen: 1288000K->4064K(1343488K)
[80.639s][info][gc,heap        ] GC(186) PSOldGen: 119431K->122760K(2796544K)
[80.639s][info][gc,metaspace   ] GC(186) Metaspace: 17981K(18688K)->17981K(18688K) NonClass: 15926K(16384K)->15926K(16384K) Class: 2054K(2304K)->2054K(2304K)
[80.639s][info][gc             ] GC(186) Pause Young (Allocation Failure) 1374M->123M(4043M) 3.705ms
[80.639s][info][gc,cpu         ] GC(186) User=0.00s Sys=0.00s Real=0.00s
[81.142s][info][gc,start       ] GC(187) Pause Young (Allocation Failure)
[81.149s][info][gc,heap        ] GC(187) PSYoungGen: 1291744K->14208K(1341952K)
[81.149s][info][gc,heap        ] GC(187) PSOldGen: 122760K->125200K(2796544K)
[81.149s][info][gc,metaspace   ] GC(187) Metaspace: 17981K(18688K)->17981K(18688K) NonClass: 15926K(16384K)->15926K(16384K) Class: 2054K(2304K)->2054K(2304K)
[81.149s][info][gc             ] GC(187) Pause Young (Allocation Failure) 1381M->136M(4041M) 7.364ms
[81.149s][info][gc,cpu         ] GC(187) User=0.08s Sys=0.00s Real=0.01s
[81.698s][info][gc,start       ] GC(188) Pause Young (Allocation Failure)
[81.709s][info][gc,heap        ] GC(188) PSYoungGen: 1301888K->15344K(1350656K)
[81.709s][info][gc,heap        ] GC(188) PSOldGen: 125200K->136520K(2796544K)
[81.709s][info][gc,metaspace   ] GC(188) Metaspace: 17981K(18688K)->17981K(18688K) NonClass: 15926K(16384K)->15926K(16384K) Class: 2054K(2304K)->2054K(2304K)
[81.709s][info][gc             ] GC(188) Pause Young (Allocation Failure) 1393M->148M(4050M) 11.157ms
[81.709s][info][gc,cpu         ] GC(188) User=0.00s Sys=0.00s Real=0.01s
[82.242s][info][gc,start       ] GC(189) Pause Young (Allocation Failure)
[82.251s][info][gc,heap        ] GC(189) PSYoungGen: 1315312K->5984K(1347072K)
[82.251s][info][gc,heap        ] GC(189) PSOldGen: 136520K->149744K(2796544K)
[82.251s][info][gc,metaspace   ] GC(189) Metaspace: 17981K(18688K)->17981K(18688K) NonClass: 15926K(16384K)->15926K(16384K) Class: 2054K(2304K)->2054K(2304K)
[82.251s][info][gc             ] GC(189) Pause Young (Allocation Failure) 1417M->152M(4046M) 8.469ms
[82.251s][info][gc,cpu         ] GC(189) User=0.00s Sys=0.00s Real=0.01s
[82.932s][info][gc,start       ] GC(190) Pause Young (System.gc())
[82.957s][info][gc,heap        ] GC(190) PSYoungGen: 1025447K->45536K(1329664K)
[82.957s][info][gc,heap        ] GC(190) PSOldGen: 149744K->157928K(2796544K)
[82.957s][info][gc,metaspace   ] GC(190) Metaspace: 17981K(18688K)->17981K(18688K) NonClass: 15926K(16384K)->15926K(16384K) Class: 2054K(2304K)->2054K(2304K)
[82.957s][info][gc             ] GC(190) Pause Young (System.gc()) 1147M->198M(4029M) 25.000ms
[82.957s][info][gc,cpu         ] GC(190) User=0.09s Sys=0.00s Real=0.03s
[82.957s][info][gc,start       ] GC(191) Pause Full (System.gc())
[82.957s][info][gc,phases,start] GC(191) Phase 1: Mark live objects
[82.961s][info][gc,phases      ] GC(191) Phase 1: Mark live objects 4.304ms
[82.961s][info][gc,phases,start] GC(191) Phase 2: Compute new object addresses
[82.972s][info][gc,phases      ] GC(191) Phase 2: Compute new object addresses 10.716ms
[82.972s][info][gc,phases,start] GC(191) Phase 3: Adjust pointers
[82.975s][info][gc,phases      ] GC(191) Phase 3: Adjust pointers 3.010ms
[82.975s][info][gc,phases,start] GC(191) Phase 4: Move objects
[82.975s][info][gc,phases      ] GC(191) Phase 4: Move objects 0.009ms
[82.975s][info][gc,heap        ] GC(191) PSYoungGen: 45536K->0K(1329664K)
[82.975s][info][gc,heap        ] GC(191) PSOldGen: 157928K->3952K(2796544K)
[82.975s][info][gc,metaspace   ] GC(191) Metaspace: 17981K(18688K)->17981K(18688K) NonClass: 15926K(16384K)->15926K(16384K) Class: 2054K(2304K)->2054K(2304K)
[82.975s][info][gc             ] GC(191) Pause Full (System.gc()) 198M->3M(4029M) 18.829ms
[82.975s][info][gc,cpu         ] GC(191) User=0.00s Sys=0.00s Real=0.02s
[83.291s][info][gc,start       ] GC(192) Pause Young (Allocation Failure)
[83.294s][info][gc,heap        ] GC(192) PSYoungGen: 1284096K->3936K(1340928K)
[83.294s][info][gc,heap        ] GC(192) PSOldGen: 3952K->3952K(2796544K)
[83.294s][info][gc,metaspace   ] GC(192) Metaspace: 17982K(18688K)->17982K(18688K) NonClass: 15928K(16384K)->15928K(16384K) Class: 2054K(2304K)->2054K(2304K)
[83.294s][info][gc             ] GC(192) Pause Young (Allocation Failure) 1257M->7M(4040M) 2.338ms
[83.294s][info][gc,cpu         ] GC(192) User=0.00s Sys=0.00s Real=0.00s
[83.665s][info][gc,start       ] GC(193) Pause Young (Allocation Failure)
[83.668s][info][gc,heap        ] GC(193) PSYoungGen: 1288032K->4096K(1343488K)
[83.668s][info][gc,heap        ] GC(193) PSOldGen: 3952K->7280K(2796544K)
[83.668s][info][gc,metaspace   ] GC(193) Metaspace: 17982K(18688K)->17982K(18688K) NonClass: 15928K(16384K)->15928K(16384K) Class: 2054K(2304K)->2054K(2304K)
[83.668s][info][gc             ] GC(193) Pause Young (Allocation Failure) 1261M->11M(4043M) 3.457ms
[83.668s][info][gc,cpu         ] GC(193) User=0.00s Sys=0.00s Real=0.00s
[84.132s][info][gc,start       ] GC(194) Pause Young (Allocation Failure)
[84.139s][info][gc,heap        ] GC(194) PSYoungGen: 1291776K->14304K(1341952K)
[84.139s][info][gc,heap        ] GC(194) PSOldGen: 7280K->9720K(2796544K)
[84.139s][info][gc,metaspace   ] GC(194) Metaspace: 17982K(18688K)->17982K(18688K) NonClass: 15928K(16384K)->15928K(16384K) Class: 2054K(2304K)->2054K(2304K)
[84.139s][info][gc             ] GC(194) Pause Young (Allocation Failure) 1268M->23M(4041M) 7.280ms
[84.139s][info][gc,cpu         ] GC(194) User=0.09s Sys=0.00s Real=0.01s
[84.689s][info][gc,start       ] GC(195) Pause Young (Allocation Failure)
[84.700s][info][gc,heap        ] GC(195) PSYoungGen: 1301984K->15440K(1350656K)
[84.700s][info][gc,heap        ] GC(195) PSOldGen: 9720K->21040K(2796544K)
[84.700s][info][gc,metaspace   ] GC(195) Metaspace: 17982K(18688K)->17982K(18688K) NonClass: 15928K(16384K)->15928K(16384K) Class: 2054K(2304K)->2054K(2304K)
[84.700s][info][gc             ] GC(195) Pause Young (Allocation Failure) 1280M->35M(4050M) 11.265ms
[84.700s][info][gc,cpu         ] GC(195) User=0.09s Sys=0.00s Real=0.01s
[85.235s][info][gc,start       ] GC(196) Pause Young (Allocation Failure)
[85.244s][info][gc,heap        ] GC(196) PSYoungGen: 1315408K->6080K(1347072K)
[85.244s][info][gc,heap        ] GC(196) PSOldGen: 21040K->34256K(2796544K)
[85.244s][info][gc,metaspace   ] GC(196) Metaspace: 17982K(18688K)->17982K(18688K) NonClass: 15928K(16384K)->15928K(16384K) Class: 2054K(2304K)->2054K(2304K)
[85.244s][info][gc             ] GC(196) Pause Young (Allocation Failure) 1305M->39M(4046M) 8.750ms
[85.244s][info][gc,cpu         ] GC(196) User=0.09s Sys=0.00s Real=0.01s
[85.919s][info][gc,start       ] GC(197) Pause Young (System.gc())
[85.943s][info][gc,heap        ] GC(197) PSYoungGen: 1020161K->45536K(1329664K)
[85.943s][info][gc,heap        ] GC(197) PSOldGen: 34256K->42440K(2796544K)
[85.943s][info][gc,metaspace   ] GC(197) Metaspace: 17982K(18688K)->17982K(18688K) NonClass: 15928K(16384K)->15928K(16384K) Class: 2054K(2304K)->2054K(2304K)
[85.943s][info][gc             ] GC(197) Pause Young (System.gc()) 1029M->85M(4029M) 24.431ms
[85.943s][info][gc,cpu         ] GC(197) User=0.09s Sys=0.00s Real=0.03s
[85.943s][info][gc,start       ] GC(198) Pause Full (System.gc())
[85.943s][info][gc,phases,start] GC(198) Phase 1: Mark live objects
[85.948s][info][gc,phases      ] GC(198) Phase 1: Mark live objects 4.261ms
[85.948s][info][gc,phases,start] GC(198) Phase 2: Compute new object addresses
[85.959s][info][gc,phases      ] GC(198) Phase 2: Compute new object addresses 11.244ms
[85.959s][info][gc,phases,start] GC(198) Phase 3: Adjust pointers
[85.962s][info][gc,phases      ] GC(198) Phase 3: Adjust pointers 2.906ms
[85.962s][info][gc,phases,start] GC(198) Phase 4: Move objects
[85.962s][info][gc,phases      ] GC(198) Phase 4: Move objects 0.009ms
[85.962s][info][gc,heap        ] GC(198) PSYoungGen: 45536K->0K(1329664K)
[85.962s][info][gc,heap        ] GC(198) PSOldGen: 42440K->42440K(2796544K)
[85.962s][info][gc,metaspace   ] GC(198) Metaspace: 17982K(18688K)->17982K(18688K) NonClass: 15928K(16384K)->15928K(16384K) Class: 2054K(2304K)->2054K(2304K)
[85.962s][info][gc             ] GC(198) Pause Full (System.gc()) 85M->41M(4029M) 19.181ms
[85.962s][info][gc,cpu         ] GC(198) User=0.03s Sys=0.00s Real=0.02s
[86.289s][info][gc,start       ] GC(199) Pause Young (Allocation Failure)
[86.291s][info][gc,heap        ] GC(199) PSYoungGen: 1284096K->3840K(1340928K)
[86.291s][info][gc,heap        ] GC(199) PSOldGen: 42440K->42440K(2796544K)
[86.291s][info][gc,metaspace   ] GC(199) Metaspace: 17982K(18688K)->17982K(18688K) NonClass: 15928K(16384K)->15928K(16384K) Class: 2054K(2304K)->2054K(2304K)
[86.291s][info][gc             ] GC(199) Pause Young (Allocation Failure) 1295M->45M(4040M) 2.272ms
[86.291s][info][gc,cpu         ] GC(199) User=0.00s Sys=0.00s Real=0.02s
[86.676s][info][gc,start       ] GC(200) Pause Young (Allocation Failure)
[86.679s][info][gc,heap        ] GC(200) PSYoungGen: 1287936K->4032K(1343488K)
[86.679s][info][gc,heap        ] GC(200) PSOldGen: 42440K->45769K(2796544K)
[86.679s][info][gc,metaspace   ] GC(200) Metaspace: 17982K(18688K)->17982K(18688K) NonClass: 15928K(16384K)->15928K(16384K) Class: 2054K(2304K)->2054K(2304K)
[86.679s][info][gc             ] GC(200) Pause Young (Allocation Failure) 1299M->48M(4043M) 3.730ms
[86.679s][info][gc,cpu         ] GC(200) User=0.09s Sys=0.00s Real=0.00s
[87.138s][info][gc,start       ] GC(201) Pause Young (Allocation Failure)
[87.145s][info][gc,heap        ] GC(201) PSYoungGen: 1291712K->14176K(1341952K)
[87.145s][info][gc,heap        ] GC(201) PSOldGen: 45769K->48209K(2796544K)
[87.145s][info][gc,metaspace   ] GC(201) Metaspace: 17982K(18688K)->17982K(18688K) NonClass: 15928K(16384K)->15928K(16384K) Class: 2054K(2304K)->2054K(2304K)
[87.145s][info][gc             ] GC(201) Pause Young (Allocation Failure) 1306M->60M(4041M) 7.139ms
[87.145s][info][gc,cpu         ] GC(201) User=0.00s Sys=0.00s Real=0.01s
[87.697s][info][gc,start       ] GC(202) Pause Young (Allocation Failure)
[87.708s][info][gc,heap        ] GC(202) PSYoungGen: 1301856K->15280K(1350656K)
[87.708s][info][gc,heap        ] GC(202) PSOldGen: 48209K->59529K(2796544K)
[87.708s][info][gc,metaspace   ] GC(202) Metaspace: 17982K(18688K)->17982K(18688K) NonClass: 15928K(16384K)->15928K(16384K) Class: 2054K(2304K)->2054K(2304K)
[87.708s][info][gc             ] GC(202) Pause Young (Allocation Failure) 1318M->73M(4050M) 11.061ms
[87.708s][info][gc,cpu         ] GC(202) User=0.00s Sys=0.00s Real=0.01s
[88.240s][info][gc,start       ] GC(203) Pause Young (Allocation Failure)
[88.248s][info][gc,heap        ] GC(203) PSYoungGen: 1315248K->5888K(1347072K)
[88.248s][info][gc,heap        ] GC(203) PSOldGen: 59529K->72745K(2796544K)
[88.248s][info][gc,metaspace   ] GC(203) Metaspace: 17982K(18688K)->17982K(18688K) NonClass: 15928K(16384K)->15928K(16384K) Class: 2054K(2304K)->2054K(2304K)
[88.248s][info][gc             ] GC(203) Pause Young (Allocation Failure) 1342M->76M(4046M) 8.465ms
[88.248s][info][gc,cpu         ] GC(203) User=0.09s Sys=0.00s Real=0.01s
[88.938s][info][gc,start       ] GC(204) Pause Young (System.gc())
[88.963s][info][gc,heap        ] GC(204) PSYoungGen: 1053432K->45536K(1329664K)
[88.963s][info][gc,heap        ] GC(204) PSOldGen: 72745K->80929K(2796544K)
[88.963s][info][gc,metaspace   ] GC(204) Metaspace: 17982K(18688K)->17982K(18688K) NonClass: 15928K(16384K)->15928K(16384K) Class: 2054K(2304K)->2054K(2304K)
[88.963s][info][gc             ] GC(204) Pause Young (System.gc()) 1099M->123M(4029M) 24.386ms
[88.963s][info][gc,cpu         ] GC(204) User=0.17s Sys=0.00s Real=0.03s
[88.963s][info][gc,start       ] GC(205) Pause Full (System.gc())
[88.963s][info][gc,phases,start] GC(205) Phase 1: Mark live objects
[88.968s][info][gc,phases      ] GC(205) Phase 1: Mark live objects 5.016ms
[88.968s][info][gc,phases,start] GC(205) Phase 2: Compute new object addresses
[88.979s][info][gc,phases      ] GC(205) Phase 2: Compute new object addresses 10.730ms
[88.979s][info][gc,phases,start] GC(205) Phase 3: Adjust pointers
[88.982s][info][gc,phases      ] GC(205) Phase 3: Adjust pointers 2.917ms
[88.982s][info][gc,phases,start] GC(205) Phase 4: Move objects
[88.982s][info][gc,phases      ] GC(205) Phase 4: Move objects 0.008ms
[88.982s][info][gc,heap        ] GC(205) PSYoungGen: 45536K->0K(1329664K)
[88.982s][info][gc,heap        ] GC(205) PSOldGen: 80929K->80929K(2796544K)
[88.982s][info][gc,metaspace   ] GC(205) Metaspace: 17982K(18688K)->17982K(18688K) NonClass: 15928K(16384K)->15928K(16384K) Class: 2054K(2304K)->2054K(2304K)
[88.982s][info][gc             ] GC(205) Pause Full (System.gc()) 123M->79M(4029M) 19.465ms
[88.982s][info][gc,cpu         ] GC(205) User=0.02s Sys=0.00s Real=0.02s
[89.309s][info][gc,start       ] GC(206) Pause Young (Allocation Failure)
[89.311s][info][gc,heap        ] GC(206) PSYoungGen: 1284096K->3872K(1340928K)
[89.312s][info][gc,heap        ] GC(206) PSOldGen: 80929K->80929K(2796544K)
[89.312s][info][gc,metaspace   ] GC(206) Metaspace: 17983K(18688K)->17983K(18688K) NonClass: 15928K(16384K)->15928K(16384K) Class: 2054K(2304K)->2054K(2304K)
[89.312s][info][gc             ] GC(206) Pause Young (Allocation Failure) 1333M->82M(4040M) 2.248ms
[89.312s][info][gc,cpu         ] GC(206) User=0.00s Sys=0.00s Real=0.00s
[89.750s][info][gc,start       ] GC(207) Pause Young (Allocation Failure)
[89.753s][info][gc,heap        ] GC(207) PSYoungGen: 1287968K->4032K(1343488K)
[89.753s][info][gc,heap        ] GC(207) PSOldGen: 80929K->84249K(2796544K)
[89.753s][info][gc,metaspace   ] GC(207) Metaspace: 17983K(18688K)->17983K(18688K) NonClass: 15928K(16384K)->15928K(16384K) Class: 2054K(2304K)->2054K(2304K)
[89.753s][info][gc             ] GC(207) Pause Young (Allocation Failure) 1336M->86M(4043M) 3.615ms
[89.753s][info][gc,cpu         ] GC(207) User=0.00s Sys=0.00s Real=0.02s
[90.217s][info][gc,start       ] GC(208) Pause Young (Allocation Failure)
[90.224s][info][gc,heap        ] GC(208) PSYoungGen: 1291712K->14176K(1341952K)
[90.224s][info][gc,heap        ] GC(208) PSOldGen: 84249K->86689K(2796544K)
[90.224s][info][gc,metaspace   ] GC(208) Metaspace: 17983K(18688K)->17983K(18688K) NonClass: 15928K(16384K)->15928K(16384K) Class: 2054K(2304K)->2054K(2304K)
[90.224s][info][gc             ] GC(208) Pause Young (Allocation Failure) 1343M->98M(4041M) 7.435ms
[90.224s][info][gc,cpu         ] GC(208) User=0.00s Sys=0.00s Real=0.01s
[90.775s][info][gc,start       ] GC(209) Pause Young (Allocation Failure)
[90.787s][info][gc,heap        ] GC(209) PSYoungGen: 1301856K->15376K(1350656K)
[90.787s][info][gc,heap        ] GC(209) PSOldGen: 86689K->98001K(2796544K)
[90.787s][info][gc,metaspace   ] GC(209) Metaspace: 17983K(18688K)->17983K(18688K) NonClass: 15928K(16384K)->15928K(16384K) Class: 2054K(2304K)->2054K(2304K)
[90.787s][info][gc             ] GC(209) Pause Young (Allocation Failure) 1356M->110M(4050M) 11.741ms
[90.787s][info][gc,cpu         ] GC(209) User=0.00s Sys=0.00s Real=0.02s
[91.318s][info][gc,start       ] GC(210) Pause Young (Allocation Failure)
[91.327s][info][gc,heap        ] GC(210) PSYoungGen: 1315344K->5952K(1347072K)
[91.327s][info][gc,heap        ] GC(210) PSOldGen: 98001K->111217K(2796544K)
[91.327s][info][gc,metaspace   ] GC(210) Metaspace: 17983K(18688K)->17983K(18688K) NonClass: 15928K(16384K)->15928K(16384K) Class: 2054K(2304K)->2054K(2304K)
[91.327s][info][gc             ] GC(210) Pause Young (Allocation Failure) 1380M->114M(4046M) 8.763ms
[91.327s][info][gc,cpu         ] GC(210) User=0.09s Sys=0.00s Real=0.02s
[92.012s][info][gc,start       ] GC(211) Pause Young (System.gc())
[92.037s][info][gc,heap        ] GC(211) PSYoungGen: 1043802K->45536K(1329664K)
[92.037s][info][gc,heap        ] GC(211) PSOldGen: 111217K->119401K(2796544K)
[92.037s][info][gc,metaspace   ] GC(211) Metaspace: 17995K(18688K)->17995K(18688K) NonClass: 15941K(16384K)->15941K(16384K) Class: 2054K(2304K)->2054K(2304K)
[92.037s][info][gc             ] GC(211) Pause Young (System.gc()) 1127M->161M(4029M) 24.452ms
[92.037s][info][gc,cpu         ] GC(211) User=0.09s Sys=0.00s Real=0.02s
[92.037s][info][gc,start       ] GC(212) Pause Full (System.gc())
[92.037s][info][gc,phases,start] GC(212) Phase 1: Mark live objects
[92.041s][info][gc,phases      ] GC(212) Phase 1: Mark live objects 4.282ms
[92.041s][info][gc,phases,start] GC(212) Phase 2: Compute new object addresses
[92.052s][info][gc,phases      ] GC(212) Phase 2: Compute new object addresses 10.855ms
[92.052s][info][gc,phases,start] GC(212) Phase 3: Adjust pointers
[92.055s][info][gc,phases      ] GC(212) Phase 3: Adjust pointers 2.939ms
[92.055s][info][gc,phases,start] GC(212) Phase 4: Move objects
[92.055s][info][gc,phases      ] GC(212) Phase 4: Move objects 0.009ms
[92.056s][info][gc,heap        ] GC(212) PSYoungGen: 45536K->0K(1329664K)
[92.056s][info][gc,heap        ] GC(212) PSOldGen: 119401K->119401K(2796544K)
[92.056s][info][gc,metaspace   ] GC(212) Metaspace: 17995K(18688K)->17995K(18688K) NonClass: 15941K(16384K)->15941K(16384K) Class: 2054K(2304K)->2054K(2304K)
[92.056s][info][gc             ] GC(212) Pause Full (System.gc()) 161M->116M(4029M) 18.803ms
[92.056s][info][gc,cpu         ] GC(212) User=0.03s Sys=0.00s Real=0.02s
[92.371s][info][gc,start       ] GC(213) Pause Young (Allocation Failure)
[92.374s][info][gc,heap        ] GC(213) PSYoungGen: 1284096K->3872K(1340928K)
[92.374s][info][gc,heap        ] GC(213) PSOldGen: 119401K->119401K(2796544K)
[92.374s][info][gc,metaspace   ] GC(213) Metaspace: 17999K(18688K)->17999K(18688K) NonClass: 15945K(16384K)->15945K(16384K) Class: 2054K(2304K)->2054K(2304K)
[92.374s][info][gc             ] GC(213) Pause Young (Allocation Failure) 1370M->120M(4040M) 2.455ms
[92.374s][info][gc,cpu         ] GC(213) User=0.00s Sys=0.00s Real=0.01s
[92.722s][info][gc,start       ] GC(214) Pause Young (Allocation Failure)
[92.726s][info][gc,heap        ] GC(214) PSYoungGen: 1287968K->4064K(1343488K)
[92.726s][info][gc,heap        ] GC(214) PSOldGen: 119401K->122713K(2796544K)
[92.726s][info][gc,metaspace   ] GC(214) Metaspace: 17999K(18688K)->17999K(18688K) NonClass: 15945K(16384K)->15945K(16384K) Class: 2054K(2304K)->2054K(2304K)
[92.726s][info][gc             ] GC(214) Pause Young (Allocation Failure) 1374M->123M(4043M) 3.843ms
[92.726s][info][gc,cpu         ] GC(214) User=0.00s Sys=0.00s Real=0.01s
[93.203s][info][gc,start       ] GC(215) Pause Young (Allocation Failure)
[93.210s][info][gc,heap        ] GC(215) PSYoungGen: 1291744K->14208K(1341952K)
[93.210s][info][gc,heap        ] GC(215) PSOldGen: 122713K->125153K(2796544K)
[93.210s][info][gc,metaspace   ] GC(215) Metaspace: 17999K(18688K)->17999K(18688K) NonClass: 15945K(16384K)->15945K(16384K) Class: 2054K(2304K)->2054K(2304K)
[93.210s][info][gc             ] GC(215) Pause Young (Allocation Failure) 1381M->136M(4041M) 7.566ms
[93.210s][info][gc,cpu         ] GC(215) User=0.00s Sys=0.00s Real=0.01s
[93.763s][info][gc,start       ] GC(216) Pause Young (Allocation Failure)
[93.775s][info][gc,heap        ] GC(216) PSYoungGen: 1301888K->15376K(1350656K)
[93.775s][info][gc,heap        ] GC(216) PSOldGen: 125153K->136473K(2796544K)
[93.775s][info][gc,metaspace   ] GC(216) Metaspace: 17999K(18688K)->17999K(18688K) NonClass: 15945K(16384K)->15945K(16384K) Class: 2054K(2304K)->2054K(2304K)
[93.775s][info][gc             ] GC(216) Pause Young (Allocation Failure) 1393M->148M(4050M) 11.447ms
[93.775s][info][gc,cpu         ] GC(216) User=0.09s Sys=0.00s Real=0.02s
[94.304s][info][gc,start       ] GC(217) Pause Young (Allocation Failure)
[94.313s][info][gc,heap        ] GC(217) PSYoungGen: 1315344K->5968K(1347072K)
[94.313s][info][gc,heap        ] GC(217) PSOldGen: 136473K->149697K(2796544K)
[94.313s][info][gc,metaspace   ] GC(217) Metaspace: 17999K(18688K)->17999K(18688K) NonClass: 15945K(16384K)->15945K(16384K) Class: 2054K(2304K)->2054K(2304K)
[94.313s][info][gc             ] GC(217) Pause Young (Allocation Failure) 1417M->152M(4046M) 8.689ms
[94.313s][info][gc,cpu         ] GC(217) User=0.02s Sys=0.00s Real=0.02s
[94.997s][info][gc,start       ] GC(218) Pause Young (System.gc())
[95.022s][info][gc,heap        ] GC(218) PSYoungGen: 1038234K->45536K(1329664K)
[95.022s][info][gc,heap        ] GC(218) PSOldGen: 149697K->157881K(2796544K)
[95.022s][info][gc,metaspace   ] GC(218) Metaspace: 18000K(18688K)->18000K(18688K) NonClass: 15945K(16384K)->15945K(16384K) Class: 2054K(2304K)->2054K(2304K)
[95.022s][info][gc             ] GC(218) Pause Young (System.gc()) 1160M->198M(4029M) 24.858ms
[95.022s][info][gc,cpu         ] GC(218) User=0.09s Sys=0.00s Real=0.03s
[95.022s][info][gc,start       ] GC(219) Pause Full (System.gc())
[95.022s][info][gc,phases,start] GC(219) Phase 1: Mark live objects
[95.027s][info][gc,phases      ] GC(219) Phase 1: Mark live objects 4.381ms
[95.027s][info][gc,phases,start] GC(219) Phase 2: Compute new object addresses
[95.038s][info][gc,phases      ] GC(219) Phase 2: Compute new object addresses 11.066ms
[95.038s][info][gc,phases,start] GC(219) Phase 3: Adjust pointers
[95.041s][info][gc,phases      ] GC(219) Phase 3: Adjust pointers 3.013ms
[95.041s][info][gc,phases,start] GC(219) Phase 4: Move objects
[95.041s][info][gc,phases      ] GC(219) Phase 4: Move objects 0.008ms
[95.041s][info][gc,heap        ] GC(219) PSYoungGen: 45536K->0K(1329664K)
[95.041s][info][gc,heap        ] GC(219) PSOldGen: 157881K->3952K(2796544K)
[95.041s][info][gc,metaspace   ] GC(219) Metaspace: 18000K(18688K)->18000K(18688K) NonClass: 15945K(16384K)->15945K(16384K) Class: 2054K(2304K)->2054K(2304K)
[95.041s][info][gc             ] GC(219) Pause Full (System.gc()) 198M->3M(4029M) 19.201ms
[95.041s][info][gc,cpu         ] GC(219) User=0.03s Sys=0.00s Real=0.02s
[95.479s][info][gc,start       ] GC(220) Pause Young (Allocation Failure)
[95.481s][info][gc,heap        ] GC(220) PSYoungGen: 1284096K->3904K(1340928K)
[95.481s][info][gc,heap        ] GC(220) PSOldGen: 3952K->3952K(2796544K)
[95.481s][info][gc,metaspace   ] GC(220) Metaspace: 18000K(18688K)->18000K(18688K) NonClass: 15945K(16384K)->15945K(16384K) Class: 2054K(2304K)->2054K(2304K)
[95.481s][info][gc             ] GC(220) Pause Young (Allocation Failure) 1257M->7M(4040M) 2.134ms
[95.481s][info][gc,cpu         ] GC(220) User=0.00s Sys=0.00s Real=0.00s
[95.829s][info][gc,start       ] GC(221) Pause Young (Allocation Failure)
[95.833s][info][gc,heap        ] GC(221) PSYoungGen: 1288000K->4128K(1343488K)
[95.833s][info][gc,heap        ] GC(221) PSOldGen: 3952K->7280K(2796544K)
[95.833s][info][gc,metaspace   ] GC(221) Metaspace: 18000K(18688K)->18000K(18688K) NonClass: 15945K(16384K)->15945K(16384K) Class: 2054K(2304K)->2054K(2304K)
[95.833s][info][gc             ] GC(221) Pause Young (Allocation Failure) 1261M->11M(4043M) 3.699ms
[95.833s][info][gc,cpu         ] GC(221) User=0.00s Sys=0.00s Real=0.02s
[96.294s][info][gc,start       ] GC(222) Pause Young (Allocation Failure)
[96.302s][info][gc,heap        ] GC(222) PSYoungGen: 1291808K->14208K(1341952K)
[96.302s][info][gc,heap        ] GC(222) PSOldGen: 7280K->9728K(2796544K)
[96.302s][info][gc,metaspace   ] GC(222) Metaspace: 18000K(18688K)->18000K(18688K) NonClass: 15945K(16384K)->15945K(16384K) Class: 2054K(2304K)->2054K(2304K)
[96.302s][info][gc             ] GC(222) Pause Young (Allocation Failure) 1268M->23M(4041M) 7.478ms
[96.302s][info][gc,cpu         ] GC(222) User=0.00s Sys=0.00s Real=0.01s
[96.853s][info][gc,start       ] GC(223) Pause Young (Allocation Failure)
[96.865s][info][gc,heap        ] GC(223) PSYoungGen: 1301888K->15344K(1350656K)
[96.865s][info][gc,heap        ] GC(223) PSOldGen: 9728K->21048K(2796544K)
[96.865s][info][gc,metaspace   ] GC(223) Metaspace: 18000K(18688K)->18000K(18688K) NonClass: 15945K(16384K)->15945K(16384K) Class: 2054K(2304K)->2054K(2304K)
[96.865s][info][gc             ] GC(223) Pause Young (Allocation Failure) 1280M->35M(4050M) 11.462ms
[96.865s][info][gc,cpu         ] GC(223) User=0.00s Sys=0.00s Real=0.01s
[97.396s][info][gc,start       ] GC(224) Pause Young (Allocation Failure)
[97.404s][info][gc,heap        ] GC(224) PSYoungGen: 1315312K->5968K(1347072K)
[97.404s][info][gc,heap        ] GC(224) PSOldGen: 21048K->34264K(2796544K)
[97.404s][info][gc,metaspace   ] GC(224) Metaspace: 18000K(18688K)->18000K(18688K) NonClass: 15945K(16384K)->15945K(16384K) Class: 2054K(2304K)->2054K(2304K)
[97.404s][info][gc             ] GC(224) Pause Young (Allocation Failure) 1305M->39M(4046M) 8.488ms
[97.404s][info][gc,cpu         ] GC(224) User=0.09s Sys=0.00s Real=0.01s
[98.089s][info][gc,start       ] GC(225) Pause Young (System.gc())
[98.115s][info][gc,heap        ] GC(225) PSYoungGen: 1028681K->45536K(1329664K)
[98.116s][info][gc,heap        ] GC(225) PSOldGen: 34264K->42432K(2796544K)
[98.116s][info][gc,metaspace   ] GC(225) Metaspace: 18000K(18688K)->18000K(18688K) NonClass: 15945K(16384K)->15945K(16384K) Class: 2054K(2304K)->2054K(2304K)
[98.116s][info][gc             ] GC(225) Pause Young (System.gc()) 1038M->85M(4029M) 26.981ms
[98.116s][info][gc,cpu         ] GC(225) User=0.08s Sys=0.00s Real=0.03s
[98.116s][info][gc,start       ] GC(226) Pause Full (System.gc())
[98.116s][info][gc,phases,start] GC(226) Phase 1: Mark live objects
[98.120s][info][gc,phases      ] GC(226) Phase 1: Mark live objects 4.455ms
[98.120s][info][gc,phases,start] GC(226) Phase 2: Compute new object addresses
[98.131s][info][gc,phases      ] GC(226) Phase 2: Compute new object addresses 10.668ms
[98.131s][info][gc,phases,start] GC(226) Phase 3: Adjust pointers
[98.134s][info][gc,phases      ] GC(226) Phase 3: Adjust pointers 2.969ms
[98.134s][info][gc,phases,start] GC(226) Phase 4: Move objects
[98.134s][info][gc,phases      ] GC(226) Phase 4: Move objects 0.008ms
[98.134s][info][gc,heap        ] GC(226) PSYoungGen: 45536K->0K(1329664K)
[98.134s][info][gc,heap        ] GC(226) PSOldGen: 42432K->42432K(2796544K)
[98.134s][info][gc,metaspace   ] GC(226) Metaspace: 18000K(18688K)->18000K(18688K) NonClass: 15945K(16384K)->15945K(16384K) Class: 2054K(2304K)->2054K(2304K)
[98.134s][info][gc             ] GC(226) Pause Full (System.gc()) 85M->41M(4029M) 18.836ms
[98.134s][info][gc,cpu         ] GC(226) User=0.03s Sys=0.00s Real=0.01s
[98.555s][info][gc,start       ] GC(227) Pause Young (Allocation Failure)
[98.557s][info][gc,heap        ] GC(227) PSYoungGen: 1284096K->3840K(1340928K)
[98.557s][info][gc,heap        ] GC(227) PSOldGen: 42432K->42432K(2796544K)
[98.557s][info][gc,metaspace   ] GC(227) Metaspace: 18000K(18688K)->18000K(18688K) NonClass: 15945K(16384K)->15945K(16384K) Class: 2054K(2304K)->2054K(2304K)
[98.557s][info][gc             ] GC(227) Pause Young (Allocation Failure) 1295M->45M(4040M) 2.156ms
[98.557s][info][gc,cpu         ] GC(227) User=0.00s Sys=0.00s Real=0.00s
[99.015s][info][gc,start       ] GC(228) Pause Young (Allocation Failure)
[99.019s][info][gc,heap        ] GC(228) PSYoungGen: 1287936K->4064K(1343488K)
[99.019s][info][gc,heap        ] GC(228) PSOldGen: 42432K->45745K(2796544K)
[99.019s][info][gc,metaspace   ] GC(228) Metaspace: 18000K(18688K)->18000K(18688K) NonClass: 15945K(16384K)->15945K(16384K) Class: 2054K(2304K)->2054K(2304K)
[99.019s][info][gc             ] GC(228) Pause Young (Allocation Failure) 1299M->48M(4043M) 3.623ms
[99.019s][info][gc,cpu         ] GC(228) User=0.00s Sys=0.00s Real=0.00s
[99.504s][info][gc,start       ] GC(229) Pause Young (Allocation Failure)
[99.511s][info][gc,heap        ] GC(229) PSYoungGen: 1291744K->14176K(1341952K)
[99.511s][info][gc,heap        ] GC(229) PSOldGen: 45745K->48185K(2796544K)
[99.511s][info][gc,metaspace   ] GC(229) Metaspace: 18000K(18688K)->18000K(18688K) NonClass: 15945K(16384K)->15945K(16384K) Class: 2054K(2304K)->2054K(2304K)
[99.511s][info][gc             ] GC(229) Pause Young (Allocation Failure) 1306M->60M(4041M) 7.471ms
[99.511s][info][gc,cpu         ] GC(229) User=0.09s Sys=0.00s Real=0.01s
[100.063s][info][gc,start       ] GC(230) Pause Young (Allocation Failure)
[100.074s][info][gc,heap        ] GC(230) PSYoungGen: 1301856K->15376K(1350656K)
[100.074s][info][gc,heap        ] GC(230) PSOldGen: 48185K->59505K(2796544K)
[100.074s][info][gc,metaspace   ] GC(230) Metaspace: 18000K(18688K)->18000K(18688K) NonClass: 15945K(16384K)->15945K(16384K) Class: 2054K(2304K)->2054K(2304K)
[100.074s][info][gc             ] GC(230) Pause Young (Allocation Failure) 1318M->73M(4050M) 11.387ms
[100.074s][info][gc,cpu         ] GC(230) User=0.09s Sys=0.00s Real=0.02s
[100.604s][info][gc,start       ] GC(231) Pause Young (Allocation Failure)
[100.612s][info][gc,heap        ] GC(231) PSYoungGen: 1315344K->5984K(1347072K)
[100.612s][info][gc,heap        ] GC(231) PSOldGen: 59505K->72721K(2796544K)
[100.612s][info][gc,metaspace   ] GC(231) Metaspace: 18000K(18688K)->18000K(18688K) NonClass: 15945K(16384K)->15945K(16384K) Class: 2054K(2304K)->2054K(2304K)
[100.612s][info][gc             ] GC(231) Pause Young (Allocation Failure) 1342M->76M(4046M) 8.389ms
[100.612s][info][gc,cpu         ] GC(231) User=0.00s Sys=0.00s Real=0.01s
[101.297s][info][gc,start       ] GC(232) Pause Young (System.gc())
[101.321s][info][gc,heap        ] GC(232) PSYoungGen: 1038579K->45536K(1329664K)
[101.321s][info][gc,heap        ] GC(232) PSOldGen: 72721K->80905K(2796544K)
[101.321s][info][gc,metaspace   ] GC(232) Metaspace: 18000K(18688K)->18000K(18688K) NonClass: 15945K(16384K)->15945K(16384K) Class: 2054K(2304K)->2054K(2304K)
[101.321s][info][gc             ] GC(232) Pause Young (System.gc()) 1085M->123M(4029M) 24.374ms
[101.321s][info][gc,cpu         ] GC(232) User=0.17s Sys=0.02s Real=0.04s
[101.322s][info][gc,start       ] GC(233) Pause Full (System.gc())
[101.322s][info][gc,phases,start] GC(233) Phase 1: Mark live objects
[101.326s][info][gc,phases      ] GC(233) Phase 1: Mark live objects 4.752ms
[101.326s][info][gc,phases,start] GC(233) Phase 2: Compute new object addresses
[101.337s][info][gc,phases      ] GC(233) Phase 2: Compute new object addresses 10.778ms
[101.337s][info][gc,phases,start] GC(233) Phase 3: Adjust pointers
[101.340s][info][gc,phases      ] GC(233) Phase 3: Adjust pointers 2.979ms
[101.340s][info][gc,phases,start] GC(233) Phase 4: Move objects
[101.340s][info][gc,phases      ] GC(233) Phase 4: Move objects 0.009ms
[101.341s][info][gc,heap        ] GC(233) PSYoungGen: 45536K->0K(1329664K)
[101.341s][info][gc,heap        ] GC(233) PSOldGen: 80905K->80905K(2796544K)
[101.341s][info][gc,metaspace   ] GC(233) Metaspace: 18000K(18688K)->18000K(18688K) NonClass: 15945K(16384K)->15945K(16384K) Class: 2054K(2304K)->2054K(2304K)
[101.341s][info][gc             ] GC(233) Pause Full (System.gc()) 123M->79M(4029M) 19.487ms
[101.341s][info][gc,cpu         ] GC(233) User=0.02s Sys=0.00s Real=0.01s
[101.638s][info][gc,start       ] GC(234) Pause Young (Allocation Failure)
[101.640s][info][gc,heap        ] GC(234) PSYoungGen: 1284096K->3840K(1340928K)
[101.640s][info][gc,heap        ] GC(234) PSOldGen: 80905K->80905K(2796544K)
[101.640s][info][gc,metaspace   ] GC(234) Metaspace: 18000K(18688K)->18000K(18688K) NonClass: 15945K(16384K)->15945K(16384K) Class: 2054K(2304K)->2054K(2304K)
[101.640s][info][gc             ] GC(234) Pause Young (Allocation Failure) 1333M->82M(4040M) 2.192ms
[101.640s][info][gc,cpu         ] GC(234) User=0.00s Sys=0.00s Real=0.00s
[102.032s][info][gc,start       ] GC(235) Pause Young (Allocation Failure)
[102.035s][info][gc,heap        ] GC(235) PSYoungGen: 1287936K->4096K(1343488K)
[102.035s][info][gc,heap        ] GC(235) PSOldGen: 80905K->84225K(2796544K)
[102.035s][info][gc,metaspace   ] GC(235) Metaspace: 18000K(18688K)->18000K(18688K) NonClass: 15945K(16384K)->15945K(16384K) Class: 2054K(2304K)->2054K(2304K)
[102.035s][info][gc             ] GC(235) Pause Young (Allocation Failure) 1336M->86M(4043M) 3.963ms
[102.035s][info][gc,cpu         ] GC(235) User=0.00s Sys=0.00s Real=0.02s
[102.508s][info][gc,start       ] GC(236) Pause Young (Allocation Failure)
[102.516s][info][gc,heap        ] GC(236) PSYoungGen: 1291776K->14480K(1341952K)
[102.516s][info][gc,heap        ] GC(236) PSOldGen: 84225K->86665K(2796544K)
[102.516s][info][gc,metaspace   ] GC(236) Metaspace: 18000K(18688K)->18000K(18688K) NonClass: 15945K(16384K)->15945K(16384K) Class: 2054K(2304K)->2054K(2304K)
[102.516s][info][gc             ] GC(236) Pause Young (Allocation Failure) 1343M->98M(4041M) 7.806ms
[102.516s][info][gc,cpu         ] GC(236) User=0.00s Sys=0.00s Real=0.02s
[103.065s][info][gc,start       ] GC(237) Pause Young (Allocation Failure)
[103.076s][info][gc,heap        ] GC(237) PSYoungGen: 1302160K->15376K(1350656K)
[103.076s][info][gc,heap        ] GC(237) PSOldGen: 86665K->97977K(2796544K)
[103.076s][info][gc,metaspace   ] GC(237) Metaspace: 18000K(18688K)->18000K(18688K) NonClass: 15945K(16384K)->15945K(16384K) Class: 2054K(2304K)->2054K(2304K)
[103.076s][info][gc             ] GC(237) Pause Young (Allocation Failure) 1356M->110M(4050M) 11.252ms
[103.076s][info][gc,cpu         ] GC(237) User=0.08s Sys=0.02s Real=0.01s
[103.606s][info][gc,start       ] GC(238) Pause Young (Allocation Failure)
[103.614s][info][gc,heap        ] GC(238) PSYoungGen: 1315344K->6000K(1347072K)
[103.614s][info][gc,heap        ] GC(238) PSOldGen: 97977K->111193K(2796544K)
[103.614s][info][gc,metaspace   ] GC(238) Metaspace: 18000K(18688K)->18000K(18688K) NonClass: 15945K(16384K)->15945K(16384K) Class: 2054K(2304K)->2054K(2304K)
[103.614s][info][gc             ] GC(238) Pause Young (Allocation Failure) 1380M->114M(4046M) 8.549ms
[103.614s][info][gc,cpu         ] GC(238) User=0.00s Sys=0.00s Real=0.01s
[104.297s][info][gc,start       ] GC(239) Pause Young (System.gc())
[104.322s][info][gc,heap        ] GC(239) PSYoungGen: 1040494K->45536K(1329664K)
[104.322s][info][gc,heap        ] GC(239) PSOldGen: 111193K->119369K(2796544K)
[104.322s][info][gc,metaspace   ] GC(239) Metaspace: 18001K(18688K)->18001K(18688K) NonClass: 15947K(16384K)->15947K(16384K) Class: 2054K(2304K)->2054K(2304K)
[104.322s][info][gc             ] GC(239) Pause Young (System.gc()) 1124M->161M(4029M) 24.665ms
[104.322s][info][gc,cpu         ] GC(239) User=0.14s Sys=0.02s Real=0.03s
[104.322s][info][gc,start       ] GC(240) Pause Full (System.gc())
[104.322s][info][gc,phases,start] GC(240) Phase 1: Mark live objects
[104.326s][info][gc,phases      ] GC(240) Phase 1: Mark live objects 4.382ms
[104.326s][info][gc,phases,start] GC(240) Phase 2: Compute new object addresses
[104.337s][info][gc,phases      ] GC(240) Phase 2: Compute new object addresses 10.771ms
[104.337s][info][gc,phases,start] GC(240) Phase 3: Adjust pointers
[104.340s][info][gc,phases      ] GC(240) Phase 3: Adjust pointers 2.989ms
[104.340s][info][gc,phases,start] GC(240) Phase 4: Move objects
[104.340s][info][gc,phases      ] GC(240) Phase 4: Move objects 0.009ms
[104.341s][info][gc,heap        ] GC(240) PSYoungGen: 45536K->0K(1329664K)
[104.341s][info][gc,heap        ] GC(240) PSOldGen: 119369K->119369K(2796544K)
[104.341s][info][gc,metaspace   ] GC(240) Metaspace: 18001K(18688K)->18001K(18688K) NonClass: 15947K(16384K)->15947K(16384K) Class: 2054K(2304K)->2054K(2304K)
[104.341s][info][gc             ] GC(240) Pause Full (System.gc()) 161M->116M(4029M) 18.963ms
[104.341s][info][gc,cpu         ] GC(240) User=0.02s Sys=0.00s Real=0.02s
[104.685s][info][gc,start       ] GC(241) Pause Young (Allocation Failure)
[104.687s][info][gc,heap        ] GC(241) PSYoungGen: 1284096K->3872K(1340928K)
[104.687s][info][gc,heap        ] GC(241) PSOldGen: 119369K->119369K(2796544K)
[104.687s][info][gc,metaspace   ] GC(241) Metaspace: 18001K(18688K)->18001K(18688K) NonClass: 15947K(16384K)->15947K(16384K) Class: 2054K(2304K)->2054K(2304K)
[104.687s][info][gc             ] GC(241) Pause Young (Allocation Failure) 1370M->120M(4040M) 2.362ms
[104.687s][info][gc,cpu         ] GC(241) User=0.00s Sys=0.00s Real=0.00s
[104.998s][info][gc,start       ] GC(242) Pause Young (Allocation Failure)
[105.001s][info][gc,heap        ] GC(242) PSYoungGen: 1287968K->4096K(1344000K)
[105.001s][info][gc,heap        ] GC(242) PSOldGen: 119369K->122697K(2796544K)
[105.001s][info][gc,metaspace   ] GC(242) Metaspace: 18001K(18688K)->18001K(18688K) NonClass: 15947K(16384K)->15947K(16384K) Class: 2054K(2304K)->2054K(2304K)
[105.001s][info][gc             ] GC(242) Pause Young (Allocation Failure) 1374M->123M(4043M) 3.532ms
[105.001s][info][gc,cpu         ] GC(242) User=0.00s Sys=0.00s Real=0.00s
[105.472s][info][gc,start       ] GC(243) Pause Young (Allocation Failure)
[105.480s][info][gc,heap        ] GC(243) PSYoungGen: 1292288K->14144K(1341952K)
[105.480s][info][gc,heap        ] GC(243) PSOldGen: 122697K->125129K(2796544K)
[105.480s][info][gc,metaspace   ] GC(243) Metaspace: 18001K(18688K)->18001K(18688K) NonClass: 15947K(16384K)->15947K(16384K) Class: 2054K(2304K)->2054K(2304K)
[105.480s][info][gc             ] GC(243) Pause Young (Allocation Failure) 1381M->136M(4041M) 7.965ms
[105.480s][info][gc,cpu         ] GC(243) User=0.08s Sys=0.00s Real=0.01s
[106.039s][info][gc,start       ] GC(244) Pause Young (Allocation Failure)
[106.050s][info][gc,heap        ] GC(244) PSYoungGen: 1302336K->15344K(1350656K)
[106.050s][info][gc,heap        ] GC(244) PSOldGen: 125129K->136441K(2796544K)
[106.050s][info][gc,metaspace   ] GC(244) Metaspace: 18001K(18688K)->18001K(18688K) NonClass: 15947K(16384K)->15947K(16384K) Class: 2054K(2304K)->2054K(2304K)
[106.050s][info][gc             ] GC(244) Pause Young (Allocation Failure) 1394M->148M(4050M) 10.931ms
[106.050s][info][gc,cpu         ] GC(244) User=0.00s Sys=0.00s Real=0.01s
[106.587s][info][gc,start       ] GC(245) Pause Young (Allocation Failure)
[106.596s][info][gc,heap        ] GC(245) PSYoungGen: 1315312K->5936K(1347072K)
[106.596s][info][gc,heap        ] GC(245) PSOldGen: 136441K->149657K(2796544K)
[106.596s][info][gc,metaspace   ] GC(245) Metaspace: 18001K(18688K)->18001K(18688K) NonClass: 15947K(16384K)->15947K(16384K) Class: 2054K(2304K)->2054K(2304K)
[106.596s][info][gc             ] GC(245) Pause Young (Allocation Failure) 1417M->151M(4046M) 9.024ms
[106.596s][info][gc,cpu         ] GC(245) User=0.00s Sys=0.00s Real=0.02s
[107.299s][info][gc,start       ] GC(246) Pause Young (System.gc())
[107.325s][info][gc,heap        ] GC(246) PSYoungGen: 1034069K->45536K(1329664K)
[107.326s][info][gc,heap        ] GC(246) PSOldGen: 149657K->157873K(2796544K)
[107.326s][info][gc,metaspace   ] GC(246) Metaspace: 18001K(18688K)->18001K(18688K) NonClass: 15947K(16384K)->15947K(16384K) Class: 2054K(2304K)->2054K(2304K)
[107.326s][info][gc             ] GC(246) Pause Young (System.gc()) 1155M->198M(4029M) 26.106ms
[107.326s][info][gc,cpu         ] GC(246) User=0.16s Sys=0.00s Real=0.03s
[107.326s][info][gc,start       ] GC(247) Pause Full (System.gc())
[107.326s][info][gc,phases,start] GC(247) Phase 1: Mark live objects
[107.331s][info][gc,phases      ] GC(247) Phase 1: Mark live objects 5.162ms
[107.331s][info][gc,phases,start] GC(247) Phase 2: Compute new object addresses
[107.342s][info][gc,phases      ] GC(247) Phase 2: Compute new object addresses 11.306ms
[107.342s][info][gc,phases,start] GC(247) Phase 3: Adjust pointers
[107.345s][info][gc,phases      ] GC(247) Phase 3: Adjust pointers 2.929ms
[107.345s][info][gc,phases,start] GC(247) Phase 4: Move objects
[107.345s][info][gc,phases      ] GC(247) Phase 4: Move objects 0.008ms
[107.346s][info][gc,heap        ] GC(247) PSYoungGen: 45536K->0K(1329664K)
[107.346s][info][gc,heap        ] GC(247) PSOldGen: 157873K->3952K(2796544K)
[107.346s][info][gc,metaspace   ] GC(247) Metaspace: 18001K(18688K)->18001K(18688K) NonClass: 15947K(16384K)->15947K(16384K) Class: 2054K(2304K)->2054K(2304K)
[107.346s][info][gc             ] GC(247) Pause Full (System.gc()) 198M->3M(4029M) 20.198ms
[107.346s][info][gc,cpu         ] GC(247) User=0.02s Sys=0.00s Real=0.01s
[107.688s][info][gc,start       ] GC(248) Pause Young (Allocation Failure)
[107.690s][info][gc,heap        ] GC(248) PSYoungGen: 1284096K->3872K(1340928K)
[107.690s][info][gc,heap        ] GC(248) PSOldGen: 3952K->3952K(2796544K)
[107.690s][info][gc,metaspace   ] GC(248) Metaspace: 18001K(18688K)->18001K(18688K) NonClass: 15947K(16384K)->15947K(16384K) Class: 2054K(2304K)->2054K(2304K)
[107.690s][info][gc             ] GC(248) Pause Young (Allocation Failure) 1257M->7M(4040M) 2.105ms
[107.690s][info][gc,cpu         ] GC(248) User=0.00s Sys=0.00s Real=0.00s
[108.050s][info][gc,start       ] GC(249) Pause Young (Allocation Failure)
[108.053s][info][gc,heap        ] GC(249) PSYoungGen: 1287968K->4032K(1343488K)
[108.053s][info][gc,heap        ] GC(249) PSOldGen: 3952K->7272K(2796544K)
[108.053s][info][gc,metaspace   ] GC(249) Metaspace: 18001K(18688K)->18001K(18688K) NonClass: 15947K(16384K)->15947K(16384K) Class: 2054K(2304K)->2054K(2304K)
[108.053s][info][gc             ] GC(249) Pause Young (Allocation Failure) 1261M->11M(4043M) 3.453ms
[108.054s][info][gc,cpu         ] GC(249) User=0.00s Sys=0.00s Real=0.00s
[108.544s][info][gc,start       ] GC(250) Pause Young (Allocation Failure)
[108.552s][info][gc,heap        ] GC(250) PSYoungGen: 1291712K->14240K(1341952K)
[108.552s][info][gc,heap        ] GC(250) PSOldGen: 7272K->9720K(2796544K)
[108.552s][info][gc,metaspace   ] GC(250) Metaspace: 18001K(18688K)->18001K(18688K) NonClass: 15947K(16384K)->15947K(16384K) Class: 2054K(2304K)->2054K(2304K)
[108.552s][info][gc             ] GC(250) Pause Young (Allocation Failure) 1268M->23M(4041M) 7.269ms
[108.552s][info][gc,cpu         ] GC(250) User=0.00s Sys=0.00s Real=0.01s
[109.103s][info][gc,start       ] GC(251) Pause Young (Allocation Failure)
[109.117s][info][gc,heap        ] GC(251) PSYoungGen: 1301920K->15376K(1350656K)
[109.117s][info][gc,heap        ] GC(251) PSOldGen: 9720K->21040K(2796544K)
[109.117s][info][gc,metaspace   ] GC(251) Metaspace: 18001K(18688K)->18001K(18688K) NonClass: 15947K(16384K)->15947K(16384K) Class: 2054K(2304K)->2054K(2304K)
[109.117s][info][gc             ] GC(251) Pause Young (Allocation Failure) 1280M->35M(4050M) 13.807ms
[109.117s][info][gc,cpu         ] GC(251) User=0.06s Sys=0.00s Real=0.01s
[109.647s][info][gc,start       ] GC(252) Pause Young (Allocation Failure)
[109.656s][info][gc,heap        ] GC(252) PSYoungGen: 1315344K->5968K(1347072K)
[109.656s][info][gc,heap        ] GC(252) PSOldGen: 21040K->34264K(2796544K)
[109.656s][info][gc,metaspace   ] GC(252) Metaspace: 18001K(18688K)->18001K(18688K) NonClass: 15947K(16384K)->15947K(16384K) Class: 2054K(2304K)->2054K(2304K)
[109.656s][info][gc             ] GC(252) Pause Young (Allocation Failure) 1305M->39M(4046M) 8.530ms
[109.656s][info][gc,cpu         ] GC(252) User=0.09s Sys=0.00s Real=0.01s
[110.336s][info][gc,start       ] GC(253) Pause Young (System.gc())
[110.360s][info][gc,heap        ] GC(253) PSYoungGen: 1042659K->45536K(1329664K)
[110.360s][info][gc,heap        ] GC(253) PSOldGen: 34264K->42448K(2796544K)
[110.360s][info][gc,metaspace   ] GC(253) Metaspace: 18002K(18688K)->18002K(18688K) NonClass: 15948K(16384K)->15948K(16384K) Class: 2054K(2304K)->2054K(2304K)
[110.360s][info][gc             ] GC(253) Pause Young (System.gc()) 1051M->85M(4029M) 24.102ms
[110.360s][info][gc,cpu         ] GC(253) User=0.08s Sys=0.00s Real=0.03s
[110.360s][info][gc,start       ] GC(254) Pause Full (System.gc())
[110.360s][info][gc,phases,start] GC(254) Phase 1: Mark live objects
[110.365s][info][gc,phases      ] GC(254) Phase 1: Mark live objects 4.353ms
[110.365s][info][gc,phases,start] GC(254) Phase 2: Compute new object addresses
[110.376s][info][gc,phases      ] GC(254) Phase 2: Compute new object addresses 11.184ms
[110.376s][info][gc,phases,start] GC(254) Phase 3: Adjust pointers
[110.379s][info][gc,phases      ] GC(254) Phase 3: Adjust pointers 2.949ms
[110.379s][info][gc,phases,start] GC(254) Phase 4: Move objects
[110.379s][info][gc,phases      ] GC(254) Phase 4: Move objects 0.009ms
[110.380s][info][gc,heap        ] GC(254) PSYoungGen: 45536K->0K(1329664K)
[110.380s][info][gc,heap        ] GC(254) PSOldGen: 42448K->42448K(2796544K)
[110.380s][info][gc,metaspace   ] GC(254) Metaspace: 18002K(18688K)->18002K(18688K) NonClass: 15948K(16384K)->15948K(16384K) Class: 2054K(2304K)->2054K(2304K)
[110.380s][info][gc             ] GC(254) Pause Full (System.gc()) 85M->41M(4029M) 19.225ms
[110.380s][info][gc,cpu         ] GC(254) User=0.02s Sys=0.00s Real=0.02s
[110.831s][info][gc,start       ] GC(255) Pause Young (Allocation Failure)
[110.833s][info][gc,heap        ] GC(255) PSYoungGen: 1284096K->3872K(1340928K)
[110.833s][info][gc,heap        ] GC(255) PSOldGen: 42448K->42448K(2796544K)
[110.833s][info][gc,metaspace   ] GC(255) Metaspace: 18005K(18688K)->18005K(18688K) NonClass: 15951K(16384K)->15951K(16384K) Class: 2054K(2304K)->2054K(2304K)
[110.833s][info][gc             ] GC(255) Pause Young (Allocation Failure) 1295M->45M(4040M) 2.253ms
[110.833s][info][gc,cpu         ] GC(255) User=0.00s Sys=0.00s Real=0.00s
[111.190s][info][gc,start       ] GC(256) Pause Young (Allocation Failure)
[111.193s][info][gc,heap        ] GC(256) PSYoungGen: 1287968K->4128K(1343488K)
[111.193s][info][gc,heap        ] GC(256) PSOldGen: 42448K->45761K(2796544K)
[111.193s][info][gc,metaspace   ] GC(256) Metaspace: 18005K(18688K)->18005K(18688K) NonClass: 15951K(16384K)->15951K(16384K) Class: 2054K(2304K)->2054K(2304K)
[111.193s][info][gc             ] GC(256) Pause Young (Allocation Failure) 1299M->48M(4043M) 3.570ms
[111.193s][info][gc,cpu         ] GC(256) User=0.00s Sys=0.00s Real=0.00s
[111.658s][info][gc,start       ] GC(257) Pause Young (Allocation Failure)
[111.665s][info][gc,heap        ] GC(257) PSYoungGen: 1291808K->14272K(1341952K)
[111.665s][info][gc,heap        ] GC(257) PSOldGen: 45761K->48201K(2796544K)
[111.665s][info][gc,metaspace   ] GC(257) Metaspace: 18005K(18688K)->18005K(18688K) NonClass: 15951K(16384K)->15951K(16384K) Class: 2054K(2304K)->2054K(2304K)
[111.665s][info][gc             ] GC(257) Pause Young (Allocation Failure) 1306M->61M(4041M) 7.482ms
[111.665s][info][gc,cpu         ] GC(257) User=0.09s Sys=0.00s Real=0.01s
[112.220s][info][gc,start       ] GC(258) Pause Young (Allocation Failure)
[112.231s][info][gc,heap        ] GC(258) PSYoungGen: 1301952K->15392K(1350656K)
[112.231s][info][gc,heap        ] GC(258) PSOldGen: 48201K->59521K(2796544K)
[112.231s][info][gc,metaspace   ] GC(258) Metaspace: 18005K(18688K)->18005K(18688K) NonClass: 15951K(16384K)->15951K(16384K) Class: 2054K(2304K)->2054K(2304K)
[112.231s][info][gc             ] GC(258) Pause Young (Allocation Failure) 1318M->73M(4050M) 11.238ms
[112.231s][info][gc,cpu         ] GC(258) User=0.06s Sys=0.00s Real=0.02s
[112.765s][info][gc,start       ] GC(259) Pause Young (Allocation Failure)
[112.774s][info][gc,heap        ] GC(259) PSYoungGen: 1315360K->6080K(1347072K)
[112.774s][info][gc,heap        ] GC(259) PSOldGen: 59521K->72737K(2796544K)
[112.774s][info][gc,metaspace   ] GC(259) Metaspace: 18005K(18688K)->18005K(18688K) NonClass: 15951K(16384K)->15951K(16384K) Class: 2054K(2304K)->2054K(2304K)
[112.774s][info][gc             ] GC(259) Pause Young (Allocation Failure) 1342M->76M(4046M) 8.717ms
[112.774s][info][gc,cpu         ] GC(259) User=0.08s Sys=0.02s Real=0.02s
[113.453s][info][gc,start       ] GC(260) Pause Young (System.gc())
[113.478s][info][gc,heap        ] GC(260) PSYoungGen: 1027806K->45536K(1329664K)
[113.478s][info][gc,heap        ] GC(260) PSOldGen: 72737K->80921K(2796544K)
[113.478s][info][gc,metaspace   ] GC(260) Metaspace: 18005K(18688K)->18005K(18688K) NonClass: 15951K(16384K)->15951K(16384K) Class: 2054K(2304K)->2054K(2304K)
[113.478s][info][gc             ] GC(260) Pause Young (System.gc()) 1074M->123M(4029M) 24.344ms
[113.478s][info][gc,cpu         ] GC(260) User=0.17s Sys=0.02s Real=0.03s
[113.478s][info][gc,start       ] GC(261) Pause Full (System.gc())
[113.478s][info][gc,phases,start] GC(261) Phase 1: Mark live objects
[113.483s][info][gc,phases      ] GC(261) Phase 1: Mark live objects 4.921ms
[113.483s][info][gc,phases,start] GC(261) Phase 2: Compute new object addresses
[113.494s][info][gc,phases      ] GC(261) Phase 2: Compute new object addresses 10.714ms
[113.494s][info][gc,phases,start] GC(261) Phase 3: Adjust pointers
[113.497s][info][gc,phases      ] GC(261) Phase 3: Adjust pointers 2.950ms
[113.497s][info][gc,phases,start] GC(261) Phase 4: Move objects
[113.497s][info][gc,phases      ] GC(261) Phase 4: Move objects 0.009ms
[113.497s][info][gc,heap        ] GC(261) PSYoungGen: 45536K->0K(1329664K)
[113.497s][info][gc,heap        ] GC(261) PSOldGen: 80921K->80921K(2796544K)
[113.497s][info][gc,metaspace   ] GC(261) Metaspace: 18005K(18688K)->18005K(18688K) NonClass: 15951K(16384K)->15951K(16384K) Class: 2054K(2304K)->2054K(2304K)
[113.497s][info][gc             ] GC(261) Pause Full (System.gc()) 123M->79M(4029M) 19.364ms
[113.497s][info][gc,cpu         ] GC(261) User=0.02s Sys=0.00s Real=0.01s
[113.935s][info][gc,start       ] GC(262) Pause Young (Allocation Failure)
[113.937s][info][gc,heap        ] GC(262) PSYoungGen: 1284096K->3840K(1340928K)
[113.937s][info][gc,heap        ] GC(262) PSOldGen: 80921K->80921K(2796544K)
[113.937s][info][gc,metaspace   ] GC(262) Metaspace: 18013K(18688K)->18013K(18688K) NonClass: 15959K(16384K)->15959K(16384K) Class: 2054K(2304K)->2054K(2304K)
[113.937s][info][gc             ] GC(262) Pause Young (Allocation Failure) 1333M->82M(4040M) 2.153ms
[113.937s][info][gc,cpu         ] GC(262) User=0.00s Sys=0.00s Real=0.00s
[114.307s][info][gc,start       ] GC(263) Pause Young (Allocation Failure)
[114.311s][info][gc,heap        ] GC(263) PSYoungGen: 1287936K->4096K(1343488K)
[114.311s][info][gc,heap        ] GC(263) PSOldGen: 80921K->84249K(2796544K)
[114.311s][info][gc,metaspace   ] GC(263) Metaspace: 18013K(18688K)->18013K(18688K) NonClass: 15959K(16384K)->15959K(16384K) Class: 2054K(2304K)->2054K(2304K)
[114.311s][info][gc             ] GC(263) Pause Young (Allocation Failure) 1336M->86M(4043M) 3.694ms
[114.311s][info][gc,cpu         ] GC(263) User=0.00s Sys=0.00s Real=0.01s
[114.812s][info][gc,start       ] GC(264) Pause Young (Allocation Failure)
[114.820s][info][gc,heap        ] GC(264) PSYoungGen: 1291776K->14272K(1341952K)
[114.820s][info][gc,heap        ] GC(264) PSOldGen: 84249K->86689K(2796544K)
[114.820s][info][gc,metaspace   ] GC(264) Metaspace: 18013K(18688K)->18013K(18688K) NonClass: 15959K(16384K)->15959K(16384K) Class: 2054K(2304K)->2054K(2304K)
[114.820s][info][gc             ] GC(264) Pause Young (Allocation Failure) 1343M->98M(4041M) 7.298ms
[114.820s][info][gc,cpu         ] GC(264) User=0.00s Sys=0.00s Real=0.01s
[115.374s][info][gc,start       ] GC(265) Pause Young (Allocation Failure)
[115.385s][info][gc,heap        ] GC(265) PSYoungGen: 1301952K->15344K(1350656K)
[115.385s][info][gc,heap        ] GC(265) PSOldGen: 86689K->98009K(2796544K)
[115.385s][info][gc,metaspace   ] GC(265) Metaspace: 18013K(18688K)->18013K(18688K) NonClass: 15959K(16384K)->15959K(16384K) Class: 2054K(2304K)->2054K(2304K)
[115.385s][info][gc             ] GC(265) Pause Young (Allocation Failure) 1356M->110M(4050M) 11.207ms
[115.385s][info][gc,cpu         ] GC(265) User=0.09s Sys=0.00s Real=0.01s
[115.921s][info][gc,start       ] GC(266) Pause Young (Allocation Failure)
[115.930s][info][gc,heap        ] GC(266) PSYoungGen: 1315312K->6704K(1347072K)
[115.930s][info][gc,heap        ] GC(266) PSOldGen: 98009K->111233K(2796544K)
[115.930s][info][gc,metaspace   ] GC(266) Metaspace: 18013K(18688K)->18013K(18688K) NonClass: 15959K(16384K)->15959K(16384K) Class: 2054K(2304K)->2054K(2304K)
[115.930s][info][gc             ] GC(266) Pause Young (Allocation Failure) 1380M->115M(4046M) 8.772ms
[115.930s][info][gc,cpu         ] GC(266) User=0.09s Sys=0.00s Real=0.02s
[116.610s][info][gc,start       ] GC(267) Pause Young (System.gc())
[116.634s][info][gc,heap        ] GC(267) PSYoungGen: 1032197K->45536K(1329664K)
[116.634s][info][gc,heap        ] GC(267) PSOldGen: 111233K->119417K(2796544K)
[116.634s][info][gc,metaspace   ] GC(267) Metaspace: 18013K(18688K)->18013K(18688K) NonClass: 15959K(16384K)->15959K(16384K) Class: 2054K(2304K)->2054K(2304K)
[116.634s][info][gc             ] GC(267) Pause Young (System.gc()) 1116M->161M(4029M) 24.185ms
[116.634s][info][gc,cpu         ] GC(267) User=0.19s Sys=0.00s Real=0.02s
[116.634s][info][gc,start       ] GC(268) Pause Full (System.gc())
[116.634s][info][gc,phases,start] GC(268) Phase 1: Mark live objects
[116.639s][info][gc,phases      ] GC(268) Phase 1: Mark live objects 4.324ms
[116.639s][info][gc,phases,start] GC(268) Phase 2: Compute new object addresses
[116.650s][info][gc,phases      ] GC(268) Phase 2: Compute new object addresses 10.790ms
[116.650s][info][gc,phases,start] GC(268) Phase 3: Adjust pointers
[116.653s][info][gc,phases      ] GC(268) Phase 3: Adjust pointers 2.981ms
[116.653s][info][gc,phases,start] GC(268) Phase 4: Move objects
[116.653s][info][gc,phases      ] GC(268) Phase 4: Move objects 0.009ms
[116.653s][info][gc,heap        ] GC(268) PSYoungGen: 45536K->0K(1329664K)
[116.653s][info][gc,heap        ] GC(268) PSOldGen: 119417K->119417K(2796544K)
[116.653s][info][gc,metaspace   ] GC(268) Metaspace: 18013K(18688K)->18013K(18688K) NonClass: 15959K(16384K)->15959K(16384K) Class: 2054K(2304K)->2054K(2304K)
[116.653s][info][gc             ] GC(268) Pause Full (System.gc()) 161M->116M(4029M) 18.840ms
[116.653s][info][gc,cpu         ] GC(268) User=0.02s Sys=0.00s Real=0.02s
[117.106s][info][gc,start       ] GC(269) Pause Young (Allocation Failure)
[117.109s][info][gc,heap        ] GC(269) PSYoungGen: 1284096K->3872K(1340928K)
[117.109s][info][gc,heap        ] GC(269) PSOldGen: 119417K->119417K(2796544K)
[117.109s][info][gc,metaspace   ] GC(269) Metaspace: 18014K(18688K)->18014K(18688K) NonClass: 15960K(16384K)->15960K(16384K) Class: 2054K(2304K)->2054K(2304K)
[117.109s][info][gc             ] GC(269) Pause Young (Allocation Failure) 1370M->120M(4040M) 2.906ms
[117.109s][info][gc,cpu         ] GC(269) User=0.00s Sys=0.00s Real=0.00s
[117.484s][info][gc,start       ] GC(270) Pause Young (Allocation Failure)
[117.487s][info][gc,heap        ] GC(270) PSYoungGen: 1287968K->4096K(1344000K)
[117.487s][info][gc,heap        ] GC(270) PSOldGen: 119417K->122745K(2796544K)
[117.487s][info][gc,metaspace   ] GC(270) Metaspace: 18014K(18688K)->18014K(18688K) NonClass: 15960K(16384K)->15960K(16384K) Class: 2054K(2304K)->2054K(2304K)
[117.487s][info][gc             ] GC(270) Pause Young (Allocation Failure) 1374M->123M(4043M) 3.741ms
[117.487s][info][gc,cpu         ] GC(270) User=0.00s Sys=0.00s Real=0.01s
[117.991s][info][gc,start       ] GC(271) Pause Young (Allocation Failure)
[117.999s][info][gc,heap        ] GC(271) PSYoungGen: 1292288K->14240K(1341952K)
[117.999s][info][gc,heap        ] GC(271) PSOldGen: 122745K->125185K(2796544K)
[117.999s][info][gc,metaspace   ] GC(271) Metaspace: 18014K(18688K)->18014K(18688K) NonClass: 15960K(16384K)->15960K(16384K) Class: 2054K(2304K)->2054K(2304K)
[117.999s][info][gc             ] GC(271) Pause Young (Allocation Failure) 1381M->136M(4041M) 7.798ms
[117.999s][info][gc,cpu         ] GC(271) User=0.09s Sys=0.00s Real=0.01s
[118.550s][info][gc,start       ] GC(272) Pause Young (Allocation Failure)
[118.561s][info][gc,heap        ] GC(272) PSYoungGen: 1302432K->15408K(1350656K)
[118.561s][info][gc,heap        ] GC(272) PSOldGen: 125185K->136505K(2796544K)
[118.561s][info][gc,metaspace   ] GC(272) Metaspace: 18014K(18688K)->18014K(18688K) NonClass: 15960K(16384K)->15960K(16384K) Class: 2054K(2304K)->2054K(2304K)
[118.561s][info][gc             ] GC(272) Pause Young (Allocation Failure) 1394M->148M(4050M) 11.270ms
[118.561s][info][gc,cpu         ] GC(272) User=0.09s Sys=0.00s Real=0.01s
[119.095s][info][gc,start       ] GC(273) Pause Young (Allocation Failure)
[119.103s][info][gc,heap        ] GC(273) PSYoungGen: 1315376K->6064K(1347072K)
[119.104s][info][gc,heap        ] GC(273) PSOldGen: 136505K->149721K(2796544K)
[119.104s][info][gc,metaspace   ] GC(273) Metaspace: 18014K(18688K)->18014K(18688K) NonClass: 15960K(16384K)->15960K(16384K) Class: 2054K(2304K)->2054K(2304K)
[119.104s][info][gc             ] GC(273) Pause Young (Allocation Failure) 1417M->152M(4046M) 8.442ms
[119.104s][info][gc,cpu         ] GC(273) User=0.09s Sys=0.00s Real=0.01s
[119.782s][info][gc,start       ] GC(274) Pause Young (System.gc())
[119.806s][info][gc,heap        ] GC(274) PSYoungGen: 1039557K->45536K(1329664K)
[119.806s][info][gc,heap        ] GC(274) PSOldGen: 149721K->157905K(2796544K)
[119.806s][info][gc,metaspace   ] GC(274) Metaspace: 18014K(18688K)->18014K(18688K) NonClass: 15960K(16384K)->15960K(16384K) Class: 2054K(2304K)->2054K(2304K)
[119.806s][info][gc             ] GC(274) Pause Young (System.gc()) 1161M->198M(4029M) 24.553ms
[119.806s][info][gc,cpu         ] GC(274) User=0.19s Sys=0.00s Real=0.04s
[119.806s][info][gc,start       ] GC(275) Pause Full (System.gc())
[119.806s][info][gc,phases,start] GC(275) Phase 1: Mark live objects
[119.811s][info][gc,phases      ] GC(275) Phase 1: Mark live objects 4.743ms
[119.811s][info][gc,phases,start] GC(275) Phase 2: Compute new object addresses
[119.822s][info][gc,phases      ] GC(275) Phase 2: Compute new object addresses 10.701ms
[119.822s][info][gc,phases,start] GC(275) Phase 3: Adjust pointers
[119.825s][info][gc,phases      ] GC(275) Phase 3: Adjust pointers 2.952ms
[119.825s][info][gc,phases,start] GC(275) Phase 4: Move objects
[119.825s][info][gc,phases      ] GC(275) Phase 4: Move objects 0.009ms
[119.825s][info][gc,heap        ] GC(275) PSYoungGen: 45536K->0K(1329664K)
[119.825s][info][gc,heap        ] GC(275) PSOldGen: 157905K->3953K(2796544K)
[119.825s][info][gc,metaspace   ] GC(275) Metaspace: 18014K(18688K)->18014K(18688K) NonClass: 15960K(16384K)->15960K(16384K) Class: 2054K(2304K)->2054K(2304K)
[119.825s][info][gc             ] GC(275) Pause Full (System.gc()) 198M->3M(4029M) 19.194ms
[119.825s][info][gc,cpu         ] GC(275) User=0.02s Sys=0.00s Real=0.01s
[120.137s][info][gc,start       ] GC(276) Pause Young (Allocation Failure)
[120.139s][info][gc,heap        ] GC(276) PSYoungGen: 1284096K->3744K(1340928K)
[120.139s][info][gc,heap        ] GC(276) PSOldGen: 3953K->3953K(2796544K)
[120.139s][info][gc,metaspace   ] GC(276) Metaspace: 18014K(18688K)->18014K(18688K) NonClass: 15960K(16384K)->15960K(16384K) Class: 2054K(2304K)->2054K(2304K)
[120.139s][info][gc             ] GC(276) Pause Young (Allocation Failure) 1257M->7M(4040M) 2.233ms
[120.139s][info][gc,cpu         ] GC(276) User=0.00s Sys=0.00s Real=0.00s
[120.440s][info][gc,start       ] GC(277) Pause Young (Allocation Failure)
[120.444s][info][gc,heap        ] GC(277) PSYoungGen: 1287840K->3936K(1343488K)
[120.444s][info][gc,heap        ] GC(277) PSOldGen: 3953K->7273K(2796544K)
[120.444s][info][gc,metaspace   ] GC(277) Metaspace: 18014K(18688K)->18014K(18688K) NonClass: 15960K(16384K)->15960K(16384K) Class: 2054K(2304K)->2054K(2304K)
[120.444s][info][gc             ] GC(277) Pause Young (Allocation Failure) 1261M->10M(4043M) 3.520ms
[120.444s][info][gc,cpu         ] GC(277) User=0.00s Sys=0.00s Real=0.00s
[120.902s][info][gc,start       ] GC(278) Pause Young (Allocation Failure)
[120.909s][info][gc,heap        ] GC(278) PSYoungGen: 1291616K->14112K(1341952K)
[120.909s][info][gc,heap        ] GC(278) PSOldGen: 7273K->9721K(2796544K)
[120.909s][info][gc,metaspace   ] GC(278) Metaspace: 18014K(18688K)->18014K(18688K) NonClass: 15960K(16384K)->15960K(16384K) Class: 2054K(2304K)->2054K(2304K)
[120.909s][info][gc             ] GC(278) Pause Young (Allocation Failure) 1268M->23M(4041M) 7.430ms
[120.909s][info][gc,cpu         ] GC(278) User=0.00s Sys=0.00s Real=0.01s
[121.464s][info][gc,start       ] GC(279) Pause Young (Allocation Failure)
[121.475s][info][gc,heap        ] GC(279) PSYoungGen: 1301792K->15280K(1350656K)
[121.475s][info][gc,heap        ] GC(279) PSOldGen: 9721K->21041K(2796544K)
[121.475s][info][gc,metaspace   ] GC(279) Metaspace: 18014K(18688K)->18014K(18688K) NonClass: 15960K(16384K)->15960K(16384K) Class: 2054K(2304K)->2054K(2304K)
[121.475s][info][gc             ] GC(279) Pause Young (Allocation Failure) 1280M->35M(4050M) 11.450ms
[121.475s][info][gc,cpu         ] GC(279) User=0.00s Sys=0.00s Real=0.01s
[122.004s][info][gc,start       ] GC(280) Pause Young (Allocation Failure)
[122.013s][info][gc,heap        ] GC(280) PSYoungGen: 1315248K->5872K(1347072K)
[122.013s][info][gc,heap        ] GC(280) PSOldGen: 21041K->34257K(2796544K)
[122.013s][info][gc,metaspace   ] GC(280) Metaspace: 18014K(18688K)->18014K(18688K) NonClass: 15960K(16384K)->15960K(16384K) Class: 2054K(2304K)->2054K(2304K)
[122.013s][info][gc             ] GC(280) Pause Young (Allocation Failure) 1304M->39M(4046M) 8.705ms
[122.013s][info][gc,cpu         ] GC(280) User=0.09s Sys=0.00s Real=0.02s
[122.712s][info][gc,start       ] GC(281) Pause Young (System.gc())
[122.736s][info][gc,heap        ] GC(281) PSYoungGen: 1066058K->45536K(1329664K)
[122.736s][info][gc,heap        ] GC(281) PSOldGen: 34257K->42441K(2796544K)
[122.737s][info][gc,metaspace   ] GC(281) Metaspace: 18014K(18688K)->18014K(18688K) NonClass: 15960K(16384K)->15960K(16384K) Class: 2054K(2304K)->2054K(2304K)
[122.737s][info][gc             ] GC(281) Pause Young (System.gc()) 1074M->85M(4029M) 24.720ms
[122.737s][info][gc,cpu         ] GC(281) User=0.09s Sys=0.00s Real=0.03s
[122.737s][info][gc,start       ] GC(282) Pause Full (System.gc())
[122.737s][info][gc,phases,start] GC(282) Phase 1: Mark live objects
[122.742s][info][gc,phases      ] GC(282) Phase 1: Mark live objects 4.912ms
[122.742s][info][gc,phases,start] GC(282) Phase 2: Compute new object addresses
[122.752s][info][gc,phases      ] GC(282) Phase 2: Compute new object addresses 10.725ms
[122.752s][info][gc,phases,start] GC(282) Phase 3: Adjust pointers
[122.755s][info][gc,phases      ] GC(282) Phase 3: Adjust pointers 2.980ms
[122.755s][info][gc,phases,start] GC(282) Phase 4: Move objects
[122.755s][info][gc,phases      ] GC(282) Phase 4: Move objects 0.009ms
[122.756s][info][gc,heap        ] GC(282) PSYoungGen: 45536K->0K(1329664K)
[122.756s][info][gc,heap        ] GC(282) PSOldGen: 42441K->42441K(2796544K)
[122.756s][info][gc,metaspace   ] GC(282) Metaspace: 18014K(18688K)->18014K(18688K) NonClass: 15960K(16384K)->15960K(16384K) Class: 2054K(2304K)->2054K(2304K)
[122.756s][info][gc             ] GC(282) Pause Full (System.gc()) 85M->41M(4029M) 19.469ms
[122.756s][info][gc,cpu         ] GC(282) User=0.02s Sys=0.00s Real=0.02s
[123.178s][info][gc,start       ] GC(283) Pause Young (Allocation Failure)
[123.180s][info][gc,heap        ] GC(283) PSYoungGen: 1284096K->3808K(1340928K)
[123.180s][info][gc,heap        ] GC(283) PSOldGen: 42441K->42441K(2796544K)
[123.180s][info][gc,metaspace   ] GC(283) Metaspace: 18014K(18688K)->18014K(18688K) NonClass: 15960K(16384K)->15960K(16384K) Class: 2054K(2304K)->2054K(2304K)
[123.180s][info][gc             ] GC(283) Pause Young (Allocation Failure) 1295M->45M(4040M) 2.307ms
[123.180s][info][gc,cpu         ] GC(283) User=0.09s Sys=0.00s Real=0.01s
[123.602s][info][gc,start       ] GC(284) Pause Young (Allocation Failure)
[123.606s][info][gc,heap        ] GC(284) PSYoungGen: 1287904K->4096K(1343488K)
[123.606s][info][gc,heap        ] GC(284) PSOldGen: 42441K->45769K(2796544K)
[123.606s][info][gc,metaspace   ] GC(284) Metaspace: 18014K(18688K)->18014K(18688K) NonClass: 15960K(16384K)->15960K(16384K) Class: 2054K(2304K)->2054K(2304K)
[123.606s][info][gc             ] GC(284) Pause Young (Allocation Failure) 1299M->48M(4043M) 3.670ms
[123.606s][info][gc,cpu         ] GC(284) User=0.00s Sys=0.00s Real=0.00s
[124.094s][info][gc,start       ] GC(285) Pause Young (Allocation Failure)
[124.101s][info][gc,heap        ] GC(285) PSYoungGen: 1291776K->14176K(1341952K)
[124.101s][info][gc,heap        ] GC(285) PSOldGen: 45769K->48201K(2796544K)
[124.101s][info][gc,metaspace   ] GC(285) Metaspace: 18014K(18688K)->18014K(18688K) NonClass: 15960K(16384K)->15960K(16384K) Class: 2054K(2304K)->2054K(2304K)
[124.101s][info][gc             ] GC(285) Pause Young (Allocation Failure) 1306M->60M(4041M) 7.620ms
[124.101s][info][gc,cpu         ] GC(285) User=0.09s Sys=0.00s Real=0.02s
[124.659s][info][gc,start       ] GC(286) Pause Young (Allocation Failure)
[124.670s][info][gc,heap        ] GC(286) PSYoungGen: 1301856K->15312K(1350656K)
[124.670s][info][gc,heap        ] GC(286) PSOldGen: 48201K->59513K(2796544K)
[124.670s][info][gc,metaspace   ] GC(286) Metaspace: 18014K(18688K)->18014K(18688K) NonClass: 15960K(16384K)->15960K(16384K) Class: 2054K(2304K)->2054K(2304K)
[124.670s][info][gc             ] GC(286) Pause Young (Allocation Failure) 1318M->73M(4050M) 11.336ms
[124.670s][info][gc,cpu         ] GC(286) User=0.09s Sys=0.00s Real=0.01s
[125.202s][info][gc,start       ] GC(287) Pause Young (Allocation Failure)
[125.211s][info][gc,heap        ] GC(287) PSYoungGen: 1315280K->5936K(1347072K)
[125.211s][info][gc,heap        ] GC(287) PSOldGen: 59513K->72737K(2796544K)
[125.211s][info][gc,metaspace   ] GC(287) Metaspace: 18014K(18688K)->18014K(18688K) NonClass: 15960K(16384K)->15960K(16384K) Class: 2054K(2304K)->2054K(2304K)
[125.211s][info][gc             ] GC(287) Pause Young (Allocation Failure) 1342M->76M(4046M) 8.888ms
[125.211s][info][gc,cpu         ] GC(287) User=0.09s Sys=0.00s Real=0.01s
[125.899s][info][gc,start       ] GC(288) Pause Young (System.gc())
[125.924s][info][gc,heap        ] GC(288) PSYoungGen: 1059018K->45536K(1329664K)
[125.924s][info][gc,heap        ] GC(288) PSOldGen: 72737K->80913K(2796544K)
[125.924s][info][gc,metaspace   ] GC(288) Metaspace: 18014K(18688K)->18014K(18688K) NonClass: 15960K(16384K)->15960K(16384K) Class: 2054K(2304K)->2054K(2304K)
[125.924s][info][gc             ] GC(288) Pause Young (System.gc()) 1105M->123M(4029M) 24.892ms
[125.924s][info][gc,cpu         ] GC(288) User=0.09s Sys=0.00s Real=0.04s
[125.924s][info][gc,start       ] GC(289) Pause Full (System.gc())
[125.924s][info][gc,phases,start] GC(289) Phase 1: Mark live objects
[125.928s][info][gc,phases      ] GC(289) Phase 1: Mark live objects 4.338ms
[125.928s][info][gc,phases,start] GC(289) Phase 2: Compute new object addresses
[125.939s][info][gc,phases      ] GC(289) Phase 2: Compute new object addresses 10.794ms
[125.939s][info][gc,phases,start] GC(289) Phase 3: Adjust pointers
[125.942s][info][gc,phases      ] GC(289) Phase 3: Adjust pointers 3.010ms
[125.942s][info][gc,phases,start] GC(289) Phase 4: Move objects
[125.942s][info][gc,phases      ] GC(289) Phase 4: Move objects 0.008ms
[125.943s][info][gc,heap        ] GC(289) PSYoungGen: 45536K->0K(1329664K)
[125.943s][info][gc,heap        ] GC(289) PSOldGen: 80913K->80913K(2796544K)
[125.943s][info][gc,metaspace   ] GC(289) Metaspace: 18014K(18688K)->18014K(18688K) NonClass: 15960K(16384K)->15960K(16384K) Class: 2054K(2304K)->2054K(2304K)
[125.943s][info][gc             ] GC(289) Pause Full (System.gc()) 123M->79M(4029M) 18.879ms
[125.943s][info][gc,cpu         ] GC(289) User=0.02s Sys=0.00s Real=0.02s
[126.250s][info][gc,start       ] GC(290) Pause Young (Allocation Failure)
[126.252s][info][gc,heap        ] GC(290) PSYoungGen: 1284096K->3840K(1340928K)
[126.252s][info][gc,heap        ] GC(290) PSOldGen: 80913K->80913K(2796544K)
[126.252s][info][gc,metaspace   ] GC(290) Metaspace: 18022K(18944K)->18022K(18944K) NonClass: 15967K(16640K)->15967K(16640K) Class: 2054K(2304K)->2054K(2304K)
[126.253s][info][gc             ] GC(290) Pause Young (Allocation Failure) 1333M->82M(4040M) 2.382ms
[126.253s][info][gc,cpu         ] GC(290) User=0.00s Sys=0.00s Real=0.02s
[126.703s][info][gc,start       ] GC(291) Pause Young (Allocation Failure)
[126.707s][info][gc,heap        ] GC(291) PSYoungGen: 1287936K->4064K(1343488K)
[126.707s][info][gc,heap        ] GC(291) PSOldGen: 80913K->84233K(2796544K)
[126.707s][info][gc,metaspace   ] GC(291) Metaspace: 18022K(18944K)->18022K(18944K) NonClass: 15967K(16640K)->15967K(16640K) Class: 2054K(2304K)->2054K(2304K)
[126.707s][info][gc             ] GC(291) Pause Young (Allocation Failure) 1336M->86M(4043M) 3.937ms
[126.707s][info][gc,cpu         ] GC(291) User=0.00s Sys=0.00s Real=0.00s
[127.174s][info][gc,start       ] GC(292) Pause Young (Allocation Failure)
[127.181s][info][gc,heap        ] GC(292) PSYoungGen: 1291744K->14208K(1341952K)
[127.181s][info][gc,heap        ] GC(292) PSOldGen: 84233K->86681K(2796544K)
[127.181s][info][gc,metaspace   ] GC(292) Metaspace: 18022K(18944K)->18022K(18944K) NonClass: 15967K(16640K)->15967K(16640K) Class: 2054K(2304K)->2054K(2304K)
[127.181s][info][gc             ] GC(292) Pause Young (Allocation Failure) 1343M->98M(4041M) 7.844ms
[127.181s][info][gc,cpu         ] GC(292) User=0.09s Sys=0.00s Real=0.02s
[127.733s][info][gc,start       ] GC(293) Pause Young (Allocation Failure)
[127.744s][info][gc,heap        ] GC(293) PSYoungGen: 1301888K->15344K(1350656K)
[127.744s][info][gc,heap        ] GC(293) PSOldGen: 86681K->98002K(2796544K)
[127.744s][info][gc,metaspace   ] GC(293) Metaspace: 18022K(18944K)->18022K(18944K) NonClass: 15967K(16640K)->15967K(16640K) Class: 2054K(2304K)->2054K(2304K)
[127.744s][info][gc             ] GC(293) Pause Young (Allocation Failure) 1356M->110M(4050M) 11.401ms
[127.744s][info][gc,cpu         ] GC(293) User=0.09s Sys=0.00s Real=0.01s
[128.274s][info][gc,start       ] GC(294) Pause Young (Allocation Failure)
[128.283s][info][gc,heap        ] GC(294) PSYoungGen: 1315312K->5968K(1347072K)
[128.283s][info][gc,heap        ] GC(294) PSOldGen: 98002K->111218K(2796544K)
[128.283s][info][gc,metaspace   ] GC(294) Metaspace: 18022K(18944K)->18022K(18944K) NonClass: 15967K(16640K)->15967K(16640K) Class: 2054K(2304K)->2054K(2304K)
[128.283s][info][gc             ] GC(294) Pause Young (Allocation Failure) 1380M->114M(4046M) 8.808ms
[128.283s][info][gc,cpu         ] GC(294) User=0.00s Sys=0.00s Real=0.01s
[128.980s][info][gc,start       ] GC(295) Pause Young (System.gc())
[129.005s][info][gc,heap        ] GC(295) PSYoungGen: 1039378K->45536K(1329664K)
[129.005s][info][gc,heap        ] GC(295) PSOldGen: 111218K->119402K(2796544K)
[129.005s][info][gc,metaspace   ] GC(295) Metaspace: 18023K(18944K)->18023K(18944K) NonClass: 15968K(16640K)->15968K(16640K) Class: 2054K(2304K)->2054K(2304K)
[129.005s][info][gc             ] GC(295) Pause Young (System.gc()) 1123M->161M(4029M) 24.963ms
[129.005s][info][gc,cpu         ] GC(295) User=0.09s Sys=0.00s Real=0.03s
[129.005s][info][gc,start       ] GC(296) Pause Full (System.gc())
[129.005s][info][gc,phases,start] GC(296) Phase 1: Mark live objects
[129.009s][info][gc,phases      ] GC(296) Phase 1: Mark live objects 4.296ms
[129.009s][info][gc,phases,start] GC(296) Phase 2: Compute new object addresses
[129.020s][info][gc,phases      ] GC(296) Phase 2: Compute new object addresses 10.861ms
[129.020s][info][gc,phases,start] GC(296) Phase 3: Adjust pointers
[129.023s][info][gc,phases      ] GC(296) Phase 3: Adjust pointers 2.967ms
[129.023s][info][gc,phases,start] GC(296) Phase 4: Move objects
[129.023s][info][gc,phases      ] GC(296) Phase 4: Move objects 0.008ms
[129.024s][info][gc,heap        ] GC(296) PSYoungGen: 45536K->0K(1329664K)
[129.024s][info][gc,heap        ] GC(296) PSOldGen: 119402K->119402K(2796544K)
[129.024s][info][gc,metaspace   ] GC(296) Metaspace: 18023K(18944K)->18023K(18944K) NonClass: 15968K(16640K)->15968K(16640K) Class: 2054K(2304K)->2054K(2304K)
[129.024s][info][gc             ] GC(296) Pause Full (System.gc()) 161M->116M(4029M) 18.941ms
[129.024s][info][gc,cpu         ] GC(296) User=0.03s Sys=0.00s Real=0.02s
[129.350s][info][gc,start       ] GC(297) Pause Young (Allocation Failure)
[129.352s][info][gc,heap        ] GC(297) PSYoungGen: 1284096K->3808K(1340928K)
[129.352s][info][gc,heap        ] GC(297) PSOldGen: 119402K->119402K(2796544K)
[129.352s][info][gc,metaspace   ] GC(297) Metaspace: 18023K(18944K)->18023K(18944K) NonClass: 15968K(16640K)->15968K(16640K) Class: 2054K(2304K)->2054K(2304K)
[129.352s][info][gc             ] GC(297) Pause Young (Allocation Failure) 1370M->120M(4040M) 2.313ms
[129.352s][info][gc,cpu         ] GC(297) User=0.09s Sys=0.00s Real=0.00s
[129.653s][info][gc,start       ] GC(298) Pause Young (Allocation Failure)
[129.657s][info][gc,heap        ] GC(298) PSYoungGen: 1287904K->4000K(1343488K)
[129.657s][info][gc,heap        ] GC(298) PSOldGen: 119402K->122714K(2796544K)
[129.657s][info][gc,metaspace   ] GC(298) Metaspace: 18023K(18944K)->18023K(18944K) NonClass: 15968K(16640K)->15968K(16640K) Class: 2054K(2304K)->2054K(2304K)
[129.657s][info][gc             ] GC(298) Pause Young (Allocation Failure) 1374M->123M(4043M) 3.696ms
[129.657s][info][gc,cpu         ] GC(298) User=0.00s Sys=0.00s Real=0.01s
[130.118s][info][gc,start       ] GC(299) Pause Young (Allocation Failure)
[130.125s][info][gc,heap        ] GC(299) PSYoungGen: 1291680K->14208K(1341952K)
[130.125s][info][gc,heap        ] GC(299) PSOldGen: 122714K->125154K(2796544K)
[130.125s][info][gc,metaspace   ] GC(299) Metaspace: 18023K(18944K)->18023K(18944K) NonClass: 15968K(16640K)->15968K(16640K) Class: 2054K(2304K)->2054K(2304K)
[130.125s][info][gc             ] GC(299) Pause Young (Allocation Failure) 1381M->136M(4041M) 7.447ms
[130.125s][info][gc,cpu         ] GC(299) User=0.00s Sys=0.00s Real=0.01s
[130.676s][info][gc,start       ] GC(300) Pause Young (Allocation Failure)
[130.688s][info][gc,heap        ] GC(300) PSYoungGen: 1301888K->15376K(1350656K)
[130.688s][info][gc,heap        ] GC(300) PSOldGen: 125154K->136474K(2796544K)
[130.688s][info][gc,metaspace   ] GC(300) Metaspace: 18023K(18944K)->18023K(18944K) NonClass: 15968K(16640K)->15968K(16640K) Class: 2054K(2304K)->2054K(2304K)
[130.688s][info][gc             ] GC(300) Pause Young (Allocation Failure) 1393M->148M(4050M) 11.393ms
[130.688s][info][gc,cpu         ] GC(300) User=0.08s Sys=0.02s Real=0.02s
[131.220s][info][gc,start       ] GC(301) Pause Young (Allocation Failure)
[131.228s][info][gc,heap        ] GC(301) PSYoungGen: 1315344K->5984K(1347072K)
[131.229s][info][gc,heap        ] GC(301) PSOldGen: 136474K->149690K(2796544K)
[131.229s][info][gc,metaspace   ] GC(301) Metaspace: 18023K(18944K)->18023K(18944K) NonClass: 15968K(16640K)->15968K(16640K) Class: 2054K(2304K)->2054K(2304K)
[131.229s][info][gc             ] GC(301) Pause Young (Allocation Failure) 1417M->152M(4046M) 8.676ms
[131.229s][info][gc,cpu         ] GC(301) User=0.08s Sys=0.00s Real=0.02s
[131.914s][info][gc,start       ] GC(302) Pause Young (System.gc())
[131.938s][info][gc,heap        ] GC(302) PSYoungGen: 1041809K->45536K(1329664K)
[131.938s][info][gc,heap        ] GC(302) PSOldGen: 149690K->157866K(2796544K)
[131.938s][info][gc,metaspace   ] GC(302) Metaspace: 18023K(18944K)->18023K(18944K) NonClass: 15968K(16640K)->15968K(16640K) Class: 2054K(2304K)->2054K(2304K)
[131.938s][info][gc             ] GC(302) Pause Young (System.gc()) 1163M->198M(4029M) 24.168ms
[131.938s][info][gc,cpu         ] GC(302) User=0.09s Sys=0.00s Real=0.02s
[131.938s][info][gc,start       ] GC(303) Pause Full (System.gc())
[131.938s][info][gc,phases,start] GC(303) Phase 1: Mark live objects
[131.943s][info][gc,phases      ] GC(303) Phase 1: Mark live objects 4.336ms
[131.943s][info][gc,phases,start] GC(303) Phase 2: Compute new object addresses
[131.953s][info][gc,phases      ] GC(303) Phase 2: Compute new object addresses 10.669ms
[131.953s][info][gc,phases,start] GC(303) Phase 3: Adjust pointers
[131.956s][info][gc,phases      ] GC(303) Phase 3: Adjust pointers 2.951ms
[131.956s][info][gc,phases,start] GC(303) Phase 4: Move objects
[131.956s][info][gc,phases      ] GC(303) Phase 4: Move objects 0.008ms
[131.957s][info][gc,heap        ] GC(303) PSYoungGen: 45536K->0K(1329664K)
[131.957s][info][gc,heap        ] GC(303) PSOldGen: 157866K->3953K(2796544K)
[131.957s][info][gc,metaspace   ] GC(303) Metaspace: 18023K(18944K)->18023K(18944K) NonClass: 15968K(16640K)->15968K(16640K) Class: 2054K(2304K)->2054K(2304K)
[131.957s][info][gc             ] GC(303) Pause Full (System.gc()) 198M->3M(4029M) 18.694ms
[131.957s][info][gc,cpu         ] GC(303) User=0.02s Sys=0.00s Real=0.01s
[132.250s][info][gc,start       ] GC(304) Pause Young (Allocation Failure)
[132.253s][info][gc,heap        ] GC(304) PSYoungGen: 1284096K->3840K(1340928K)
[132.253s][info][gc,heap        ] GC(304) PSOldGen: 3953K->3953K(2796544K)
[132.253s][info][gc,metaspace   ] GC(304) Metaspace: 18023K(18944K)->18023K(18944K) NonClass: 15968K(16640K)->15968K(16640K) Class: 2054K(2304K)->2054K(2304K)
[132.253s][info][gc             ] GC(304) Pause Young (Allocation Failure) 1257M->7M(4040M) 2.310ms
[132.253s][info][gc,cpu         ] GC(304) User=0.00s Sys=0.00s Real=0.00s
[132.609s][info][gc,start       ] GC(305) Pause Young (Allocation Failure)
[132.612s][info][gc,heap        ] GC(305) PSYoungGen: 1287936K->4032K(1343488K)
[132.612s][info][gc,heap        ] GC(305) PSOldGen: 3953K->7281K(2796544K)
[132.612s][info][gc,metaspace   ] GC(305) Metaspace: 18023K(18944K)->18023K(18944K) NonClass: 15968K(16640K)->15968K(16640K) Class: 2054K(2304K)->2054K(2304K)
[132.612s][info][gc             ] GC(305) Pause Young (Allocation Failure) 1261M->11M(4043M) 3.645ms
[132.612s][info][gc,cpu         ] GC(305) User=0.00s Sys=0.00s Real=0.02s
[133.068s][info][gc,start       ] GC(306) Pause Young (Allocation Failure)
[133.076s][info][gc,heap        ] GC(306) PSYoungGen: 1291712K->14240K(1341952K)
[133.076s][info][gc,heap        ] GC(306) PSOldGen: 7281K->9721K(2796544K)
[133.076s][info][gc,metaspace   ] GC(306) Metaspace: 18023K(18944K)->18023K(18944K) NonClass: 15968K(16640K)->15968K(16640K) Class: 2054K(2304K)->2054K(2304K)
[133.076s][info][gc             ] GC(306) Pause Young (Allocation Failure) 1268M->23M(4041M) 7.600ms
[133.076s][info][gc,cpu         ] GC(306) User=0.09s Sys=0.00s Real=0.02s
[133.627s][info][gc,start       ] GC(307) Pause Young (Allocation Failure)
[133.638s][info][gc,heap        ] GC(307) PSYoungGen: 1301920K->15312K(1350656K)
[133.638s][info][gc,heap        ] GC(307) PSOldGen: 9721K->21041K(2796544K)
[133.638s][info][gc,metaspace   ] GC(307) Metaspace: 18023K(18944K)->18023K(18944K) NonClass: 15968K(16640K)->15968K(16640K) Class: 2054K(2304K)->2054K(2304K)
[133.638s][info][gc             ] GC(307) Pause Young (Allocation Failure) 1280M->35M(4050M) 11.340ms
[133.638s][info][gc,cpu         ] GC(307) User=0.09s Sys=0.00s Real=0.02s
[134.168s][info][gc,start       ] GC(308) Pause Young (Allocation Failure)
[134.177s][info][gc,heap        ] GC(308) PSYoungGen: 1315280K->5952K(1347072K)
[134.177s][info][gc,heap        ] GC(308) PSOldGen: 21041K->34265K(2796544K)
[134.177s][info][gc,metaspace   ] GC(308) Metaspace: 18023K(18944K)->18023K(18944K) NonClass: 15968K(16640K)->15968K(16640K) Class: 2054K(2304K)->2054K(2304K)
[134.177s][info][gc             ] GC(308) Pause Young (Allocation Failure) 1305M->39M(4046M) 8.522ms
[134.177s][info][gc,cpu         ] GC(308) User=0.00s Sys=0.00s Real=0.02s
[134.864s][info][gc,start       ] GC(309) Pause Young (System.gc())
[134.888s][info][gc,heap        ] GC(309) PSYoungGen: 1038433K->45536K(1329664K)
[134.888s][info][gc,heap        ] GC(309) PSOldGen: 34265K->42441K(2796544K)
[134.888s][info][gc,metaspace   ] GC(309) Metaspace: 18023K(18944K)->18023K(18944K) NonClass: 15968K(16640K)->15968K(16640K) Class: 2054K(2304K)->2054K(2304K)
[134.888s][info][gc             ] GC(309) Pause Young (System.gc()) 1047M->85M(4029M) 24.190ms
[134.888s][info][gc,cpu         ] GC(309) User=0.17s Sys=0.00s Real=0.03s
[134.888s][info][gc,start       ] GC(310) Pause Full (System.gc())
[134.888s][info][gc,phases,start] GC(310) Phase 1: Mark live objects
[134.893s][info][gc,phases      ] GC(310) Phase 1: Mark live objects 4.598ms
[134.893s][info][gc,phases,start] GC(310) Phase 2: Compute new object addresses
[134.904s][info][gc,phases      ] GC(310) Phase 2: Compute new object addresses 11.276ms
[134.904s][info][gc,phases,start] GC(310) Phase 3: Adjust pointers
[134.907s][info][gc,phases      ] GC(310) Phase 3: Adjust pointers 3.002ms
[134.907s][info][gc,phases,start] GC(310) Phase 4: Move objects
[134.907s][info][gc,phases      ] GC(310) Phase 4: Move objects 0.009ms
[134.908s][info][gc,heap        ] GC(310) PSYoungGen: 45536K->0K(1329664K)
[134.908s][info][gc,heap        ] GC(310) PSOldGen: 42441K->42441K(2796544K)
[134.908s][info][gc,metaspace   ] GC(310) Metaspace: 18023K(18944K)->18023K(18944K) NonClass: 15968K(16640K)->15968K(16640K) Class: 2054K(2304K)->2054K(2304K)
[134.908s][info][gc             ] GC(310) Pause Full (System.gc()) 85M->41M(4029M) 19.770ms
[134.908s][info][gc,cpu         ] GC(310) User=0.02s Sys=0.00s Real=0.02s
[135.318s][info][gc,start       ] GC(311) Pause Young (Allocation Failure)
[135.320s][info][gc,heap        ] GC(311) PSYoungGen: 1284096K->3808K(1340928K)
[135.321s][info][gc,heap        ] GC(311) PSOldGen: 42441K->42441K(2796544K)
[135.321s][info][gc,metaspace   ] GC(311) Metaspace: 18023K(18944K)->18023K(18944K) NonClass: 15968K(16640K)->15968K(16640K) Class: 2054K(2304K)->2054K(2304K)
[135.321s][info][gc             ] GC(311) Pause Young (Allocation Failure) 1295M->45M(4040M) 2.187ms
[135.321s][info][gc,cpu         ] GC(311) User=0.09s Sys=0.00s Real=0.01s
[135.647s][info][gc,start       ] GC(312) Pause Young (Allocation Failure)
[135.651s][info][gc,heap        ] GC(312) PSYoungGen: 1287904K->4064K(1343488K)
[135.651s][info][gc,heap        ] GC(312) PSOldGen: 42441K->45769K(2796544K)
[135.651s][info][gc,metaspace   ] GC(312) Metaspace: 18023K(18944K)->18023K(18944K) NonClass: 15968K(16640K)->15968K(16640K) Class: 2054K(2304K)->2054K(2304K)
[135.651s][info][gc             ] GC(312) Pause Young (Allocation Failure) 1299M->48M(4043M) 3.582ms
[135.651s][info][gc,cpu         ] GC(312) User=0.09s Sys=0.00s Real=0.01s
[136.151s][info][gc,start       ] GC(313) Pause Young (Allocation Failure)
[136.160s][info][gc,heap        ] GC(313) PSYoungGen: 1291744K->14240K(1341952K)
[136.161s][info][gc,heap        ] GC(313) PSOldGen: 45769K->48209K(2796544K)
[136.161s][info][gc,metaspace   ] GC(313) Metaspace: 18023K(18944K)->18023K(18944K) NonClass: 15968K(16640K)->15968K(16640K) Class: 2054K(2304K)->2054K(2304K)
[136.161s][info][gc             ] GC(313) Pause Young (Allocation Failure) 1306M->60M(4041M) 9.532ms
[136.161s][info][gc,cpu         ] GC(313) User=0.00s Sys=0.00s Real=0.02s
[136.712s][info][gc,start       ] GC(314) Pause Young (Allocation Failure)
[136.723s][info][gc,heap        ] GC(314) PSYoungGen: 1301920K->15376K(1350656K)
[136.723s][info][gc,heap        ] GC(314) PSOldGen: 48209K->59521K(2796544K)
[136.723s][info][gc,metaspace   ] GC(314) Metaspace: 18023K(18944K)->18023K(18944K) NonClass: 15968K(16640K)->15968K(16640K) Class: 2054K(2304K)->2054K(2304K)
[136.723s][info][gc             ] GC(314) Pause Young (Allocation Failure) 1318M->73M(4050M) 11.113ms
[136.723s][info][gc,cpu         ] GC(314) User=0.00s Sys=0.00s Real=0.01s
[137.257s][info][gc,start       ] GC(315) Pause Young (Allocation Failure)
[137.265s][info][gc,heap        ] GC(315) PSYoungGen: 1315344K->5968K(1347072K)
[137.265s][info][gc,heap        ] GC(315) PSOldGen: 59521K->72737K(2796544K)
[137.265s][info][gc,metaspace   ] GC(315) Metaspace: 18023K(18944K)->18023K(18944K) NonClass: 15968K(16640K)->15968K(16640K) Class: 2054K(2304K)->2054K(2304K)
[137.265s][info][gc             ] GC(315) Pause Young (Allocation Failure) 1342M->76M(4046M) 8.467ms
[137.265s][info][gc,cpu         ] GC(315) User=0.08s Sys=0.00s Real=0.01s
[137.950s][info][gc,start       ] GC(316) Pause Young (System.gc())
[137.974s][info][gc,heap        ] GC(316) PSYoungGen: 1041090K->45536K(1329664K)
[137.974s][info][gc,heap        ] GC(316) PSOldGen: 72737K->80921K(2796544K)
[137.974s][info][gc,metaspace   ] GC(316) Metaspace: 18023K(18944K)->18023K(18944K) NonClass: 15968K(16640K)->15968K(16640K) Class: 2054K(2304K)->2054K(2304K)
[137.974s][info][gc             ] GC(316) Pause Young (System.gc()) 1087M->123M(4029M) 24.296ms
[137.974s][info][gc,cpu         ] GC(316) User=0.06s Sys=0.00s Real=0.03s
[137.974s][info][gc,start       ] GC(317) Pause Full (System.gc())
[137.974s][info][gc,phases,start] GC(317) Phase 1: Mark live objects
[137.979s][info][gc,phases      ] GC(317) Phase 1: Mark live objects 4.902ms
[137.979s][info][gc,phases,start] GC(317) Phase 2: Compute new object addresses
[137.990s][info][gc,phases      ] GC(317) Phase 2: Compute new object addresses 10.744ms
[137.990s][info][gc,phases,start] GC(317) Phase 3: Adjust pointers
[137.993s][info][gc,phases      ] GC(317) Phase 3: Adjust pointers 2.959ms
[137.993s][info][gc,phases,start] GC(317) Phase 4: Move objects
[137.993s][info][gc,phases      ] GC(317) Phase 4: Move objects 0.008ms
[137.994s][info][gc,heap        ] GC(317) PSYoungGen: 45536K->0K(1329664K)
[137.994s][info][gc,heap        ] GC(317) PSOldGen: 80921K->80921K(2796544K)
[137.994s][info][gc,metaspace   ] GC(317) Metaspace: 18023K(18944K)->18023K(18944K) NonClass: 15968K(16640K)->15968K(16640K) Class: 2054K(2304K)->2054K(2304K)
[137.994s][info][gc             ] GC(317) Pause Full (System.gc()) 123M->79M(4029M) 19.406ms
[137.994s][info][gc,cpu         ] GC(317) User=0.03s Sys=0.00s Real=0.01s
[138.356s][info][gc,start       ] GC(318) Pause Young (Allocation Failure)
[138.358s][info][gc,heap        ] GC(318) PSYoungGen: 1284096K->3872K(1340928K)
[138.358s][info][gc,heap        ] GC(318) PSOldGen: 80921K->80921K(2796544K)
[138.358s][info][gc,metaspace   ] GC(318) Metaspace: 18023K(18944K)->18023K(18944K) NonClass: 15968K(16640K)->15968K(16640K) Class: 2054K(2304K)->2054K(2304K)
[138.358s][info][gc             ] GC(318) Pause Young (Allocation Failure) 1333M->82M(4040M) 2.019ms
[138.358s][info][gc,cpu         ] GC(318) User=0.00s Sys=0.00s Real=0.00s
[138.796s][info][gc,start       ] GC(319) Pause Young (Allocation Failure)
[138.799s][info][gc,heap        ] GC(319) PSYoungGen: 1287968K->4000K(1343488K)
[138.799s][info][gc,heap        ] GC(319) PSOldGen: 80921K->84241K(2796544K)
[138.799s][info][gc,metaspace   ] GC(319) Metaspace: 18023K(18944K)->18023K(18944K) NonClass: 15968K(16640K)->15968K(16640K) Class: 2054K(2304K)->2054K(2304K)
[138.799s][info][gc             ] GC(319) Pause Young (Allocation Failure) 1336M->86M(4043M) 3.739ms
[138.799s][info][gc,cpu         ] GC(319) User=0.00s Sys=0.00s Real=0.01s
[139.260s][info][gc,start       ] GC(320) Pause Young (Allocation Failure)
[139.268s][info][gc,heap        ] GC(320) PSYoungGen: 1291680K->14272K(1341952K)
[139.268s][info][gc,heap        ] GC(320) PSOldGen: 84241K->86681K(2796544K)
[139.268s][info][gc,metaspace   ] GC(320) Metaspace: 18023K(18944K)->18023K(18944K) NonClass: 15968K(16640K)->15968K(16640K) Class: 2054K(2304K)->2054K(2304K)
[139.268s][info][gc             ] GC(320) Pause Young (Allocation Failure) 1343M->98M(4041M) 7.485ms
[139.268s][info][gc,cpu         ] GC(320) User=0.00s Sys=0.00s Real=0.01s
[139.819s][info][gc,start       ] GC(321) Pause Young (Allocation Failure)
[139.830s][info][gc,heap        ] GC(321) PSYoungGen: 1301952K->15408K(1350656K)
[139.830s][info][gc,heap        ] GC(321) PSOldGen: 86681K->98002K(2796544K)
[139.830s][info][gc,metaspace   ] GC(321) Metaspace: 18023K(18944K)->18023K(18944K) NonClass: 15968K(16640K)->15968K(16640K) Class: 2054K(2304K)->2054K(2304K)
[139.830s][info][gc             ] GC(321) Pause Young (Allocation Failure) 1356M->110M(4050M) 11.271ms
[139.830s][info][gc,cpu         ] GC(321) User=0.09s Sys=0.00s Real=0.02s
[140.364s][info][gc,start       ] GC(322) Pause Young (Allocation Failure)
[140.372s][info][gc,heap        ] GC(322) PSYoungGen: 1315376K->6128K(1347072K)
[140.372s][info][gc,heap        ] GC(322) PSOldGen: 98002K->111218K(2796544K)
[140.372s][info][gc,metaspace   ] GC(322) Metaspace: 18023K(18944K)->18023K(18944K) NonClass: 15968K(16640K)->15968K(16640K) Class: 2054K(2304K)->2054K(2304K)
[140.372s][info][gc             ] GC(322) Pause Young (Allocation Failure) 1380M->114M(4046M) 8.708ms
[140.373s][info][gc,cpu         ] GC(322) User=0.09s Sys=0.00s Real=0.02s
[141.048s][info][gc,start       ] GC(323) Pause Young (System.gc())
[141.073s][info][gc,heap        ] GC(323) PSYoungGen: 1035316K->45536K(1329664K)
[141.073s][info][gc,heap        ] GC(323) PSOldGen: 111218K->119410K(2796544K)
[141.073s][info][gc,metaspace   ] GC(323) Metaspace: 18023K(18944K)->18023K(18944K) NonClass: 15968K(16640K)->15968K(16640K) Class: 2054K(2304K)->2054K(2304K)
[141.073s][info][gc             ] GC(323) Pause Young (System.gc()) 1119M->161M(4029M) 24.466ms
[141.073s][info][gc,cpu         ] GC(323) User=0.19s Sys=0.00s Real=0.03s
[141.073s][info][gc,start       ] GC(324) Pause Full (System.gc())
[141.073s][info][gc,phases,start] GC(324) Phase 1: Mark live objects
[141.078s][info][gc,phases      ] GC(324) Phase 1: Mark live objects 4.725ms
[141.078s][info][gc,phases,start] GC(324) Phase 2: Compute new object addresses
[141.089s][info][gc,phases      ] GC(324) Phase 2: Compute new object addresses 10.733ms
[141.089s][info][gc,phases,start] GC(324) Phase 3: Adjust pointers
[141.092s][info][gc,phases      ] GC(324) Phase 3: Adjust pointers 2.959ms
[141.092s][info][gc,phases,start] GC(324) Phase 4: Move objects
[141.092s][info][gc,phases      ] GC(324) Phase 4: Move objects 0.009ms
[141.092s][info][gc,heap        ] GC(324) PSYoungGen: 45536K->0K(1329664K)
[141.092s][info][gc,heap        ] GC(324) PSOldGen: 119410K->119410K(2796544K)
[141.092s][info][gc,metaspace   ] GC(324) Metaspace: 18023K(18944K)->18023K(18944K) NonClass: 15968K(16640K)->15968K(16640K) Class: 2054K(2304K)->2054K(2304K)
[141.092s][info][gc             ] GC(324) Pause Full (System.gc()) 161M->116M(4029M) 19.322ms
[141.092s][info][gc,cpu         ] GC(324) User=0.02s Sys=0.00s Real=0.01s
[141.534s][info][gc,start       ] GC(325) Pause Young (Allocation Failure)
[141.536s][info][gc,heap        ] GC(325) PSYoungGen: 1284096K->3904K(1340928K)
[141.536s][info][gc,heap        ] GC(325) PSOldGen: 119410K->119410K(2796544K)
[141.536s][info][gc,metaspace   ] GC(325) Metaspace: 18039K(18944K)->18039K(18944K) NonClass: 15984K(16640K)->15984K(16640K) Class: 2054K(2304K)->2054K(2304K)
[141.537s][info][gc             ] GC(325) Pause Young (Allocation Failure) 1370M->120M(4040M) 2.090ms
[141.537s][info][gc,cpu         ] GC(325) User=0.00s Sys=0.00s Real=0.00s
[141.996s][info][gc,start       ] GC(326) Pause Young (Allocation Failure)
[142.000s][info][gc,heap        ] GC(326) PSYoungGen: 1288000K->4096K(1344000K)
[142.000s][info][gc,heap        ] GC(326) PSOldGen: 119410K->122738K(2796544K)
[142.000s][info][gc,metaspace   ] GC(326) Metaspace: 18039K(18944K)->18039K(18944K) NonClass: 15984K(16640K)->15984K(16640K) Class: 2054K(2304K)->2054K(2304K)
[142.000s][info][gc             ] GC(326) Pause Young (Allocation Failure) 1374M->123M(4043M) 3.742ms
[142.000s][info][gc,cpu         ] GC(326) User=0.00s Sys=0.00s Real=0.02s
[142.511s][info][gc,start       ] GC(327) Pause Young (Allocation Failure)
[142.519s][info][gc,heap        ] GC(327) PSYoungGen: 1292288K->14272K(1341952K)
[142.519s][info][gc,heap        ] GC(327) PSOldGen: 122738K->125186K(2796544K)
[142.519s][info][gc,metaspace   ] GC(327) Metaspace: 18039K(18944K)->18039K(18944K) NonClass: 15984K(16640K)->15984K(16640K) Class: 2054K(2304K)->2054K(2304K)
[142.519s][info][gc             ] GC(327) Pause Young (Allocation Failure) 1381M->136M(4041M) 7.532ms
[142.519s][info][gc,cpu         ] GC(327) User=0.00s Sys=0.00s Real=0.01s
[143.068s][info][gc,start       ] GC(328) Pause Young (Allocation Failure)
[143.079s][info][gc,heap        ] GC(328) PSYoungGen: 1302464K->15408K(1350656K)
[143.079s][info][gc,heap        ] GC(328) PSOldGen: 125186K->136498K(2796544K)
[143.079s][info][gc,metaspace   ] GC(328) Metaspace: 18039K(18944K)->18039K(18944K) NonClass: 15984K(16640K)->15984K(16640K) Class: 2054K(2304K)->2054K(2304K)
[143.079s][info][gc             ] GC(328) Pause Young (Allocation Failure) 1394M->148M(4050M) 11.202ms
[143.079s][info][gc,cpu         ] GC(328) User=0.09s Sys=0.00s Real=0.03s
[143.616s][info][gc,start       ] GC(329) Pause Young (Allocation Failure)
[143.625s][info][gc,heap        ] GC(329) PSYoungGen: 1315376K->6048K(1347072K)
[143.625s][info][gc,heap        ] GC(329) PSOldGen: 136498K->149722K(2796544K)
[143.625s][info][gc,metaspace   ] GC(329) Metaspace: 18039K(18944K)->18039K(18944K) NonClass: 15984K(16640K)->15984K(16640K) Class: 2054K(2304K)->2054K(2304K)
[143.625s][info][gc             ] GC(329) Pause Young (Allocation Failure) 1417M->152M(4046M) 8.998ms
[143.625s][info][gc,cpu         ] GC(329) User=0.06s Sys=0.00s Real=0.01s
[144.300s][info][gc,start       ] GC(330) Pause Young (System.gc())
[144.324s][info][gc,heap        ] GC(330) PSYoungGen: 1021376K->45536K(1329664K)
[144.324s][info][gc,heap        ] GC(330) PSOldGen: 149722K->157898K(2796544K)
[144.324s][info][gc,metaspace   ] GC(330) Metaspace: 18039K(18944K)->18039K(18944K) NonClass: 15984K(16640K)->15984K(16640K) Class: 2054K(2304K)->2054K(2304K)
[144.324s][info][gc             ] GC(330) Pause Young (System.gc()) 1143M->198M(4029M) 24.678ms
[144.324s][info][gc,cpu         ] GC(330) User=0.19s Sys=0.00s Real=0.03s
[144.324s][info][gc,start       ] GC(331) Pause Full (System.gc())
[144.324s][info][gc,phases,start] GC(331) Phase 1: Mark live objects
[144.329s][info][gc,phases      ] GC(331) Phase 1: Mark live objects 4.454ms
[144.329s][info][gc,phases,start] GC(331) Phase 2: Compute new object addresses
[144.340s][info][gc,phases      ] GC(331) Phase 2: Compute new object addresses 11.465ms
[144.340s][info][gc,phases,start] GC(331) Phase 3: Adjust pointers
[144.343s][info][gc,phases      ] GC(331) Phase 3: Adjust pointers 2.976ms
[144.343s][info][gc,phases,start] GC(331) Phase 4: Move objects
[144.343s][info][gc,phases      ] GC(331) Phase 4: Move objects 0.008ms
[144.344s][info][gc,heap        ] GC(331) PSYoungGen: 45536K->0K(1329664K)
[144.344s][info][gc,heap        ] GC(331) PSOldGen: 157898K->3953K(2796544K)
[144.344s][info][gc,metaspace   ] GC(331) Metaspace: 18039K(18944K)->18039K(18944K) NonClass: 15984K(16640K)->15984K(16640K) Class: 2054K(2304K)->2054K(2304K)
[144.344s][info][gc             ] GC(331) Pause Full (System.gc()) 198M->3M(4029M) 19.696ms
[144.344s][info][gc,cpu         ] GC(331) User=0.02s Sys=0.00s Real=0.02s
[144.787s][info][gc,start       ] GC(332) Pause Young (Allocation Failure)
[144.789s][info][gc,heap        ] GC(332) PSYoungGen: 1284096K->3904K(1340928K)
[144.789s][info][gc,heap        ] GC(332) PSOldGen: 3953K->3953K(2796544K)
[144.789s][info][gc,metaspace   ] GC(332) Metaspace: 18039K(18944K)->18039K(18944K) NonClass: 15984K(16640K)->15984K(16640K) Class: 2054K(2304K)->2054K(2304K)
[144.789s][info][gc             ] GC(332) Pause Young (Allocation Failure) 1257M->7M(4040M) 2.363ms
[144.789s][info][gc,cpu         ] GC(332) User=0.09s Sys=0.00s Real=0.00s
[145.236s][info][gc,start       ] GC(333) Pause Young (Allocation Failure)
[145.240s][info][gc,heap        ] GC(333) PSYoungGen: 1288000K->4096K(1344000K)
[145.240s][info][gc,heap        ] GC(333) PSOldGen: 3953K->7281K(2796544K)
[145.240s][info][gc,metaspace   ] GC(333) Metaspace: 18039K(18944K)->18039K(18944K) NonClass: 15984K(16640K)->15984K(16640K) Class: 2054K(2304K)->2054K(2304K)
[145.240s][info][gc             ] GC(333) Pause Young (Allocation Failure) 1261M->11M(4043M) 3.522ms
[145.240s][info][gc,cpu         ] GC(333) User=0.00s Sys=0.00s Real=0.01s
[145.746s][info][gc,start       ] GC(334) Pause Young (Allocation Failure)
[145.754s][info][gc,heap        ] GC(334) PSYoungGen: 1292288K->14208K(1341952K)
[145.754s][info][gc,heap        ] GC(334) PSOldGen: 7281K->9729K(2796544K)
[145.754s][info][gc,metaspace   ] GC(334) Metaspace: 18039K(18944K)->18039K(18944K) NonClass: 15984K(16640K)->15984K(16640K) Class: 2054K(2304K)->2054K(2304K)
[145.754s][info][gc             ] GC(334) Pause Young (Allocation Failure) 1269M->23M(4041M) 7.449ms
[145.754s][info][gc,cpu         ] GC(334) User=0.00s Sys=0.00s Real=0.01s
[146.305s][info][gc,start       ] GC(335) Pause Young (Allocation Failure)
[146.316s][info][gc,heap        ] GC(335) PSYoungGen: 1302400K->15376K(1350656K)
[146.316s][info][gc,heap        ] GC(335) PSOldGen: 9729K->21049K(2796544K)
[146.316s][info][gc,metaspace   ] GC(335) Metaspace: 18039K(18944K)->18039K(18944K) NonClass: 15984K(16640K)->15984K(16640K) Class: 2054K(2304K)->2054K(2304K)
[146.316s][info][gc             ] GC(335) Pause Young (Allocation Failure) 1281M->35M(4050M) 11.336ms
[146.316s][info][gc,cpu         ] GC(335) User=0.00s Sys=0.00s Real=0.01s
[146.846s][info][gc,start       ] GC(336) Pause Young (Allocation Failure)
[146.854s][info][gc,heap        ] GC(336) PSYoungGen: 1315344K->6016K(1347072K)
[146.854s][info][gc,heap        ] GC(336) PSOldGen: 21049K->34257K(2796544K)
[146.854s][info][gc,metaspace   ] GC(336) Metaspace: 18039K(18944K)->18039K(18944K) NonClass: 15984K(16640K)->15984K(16640K) Class: 2054K(2304K)->2054K(2304K)
[146.855s][info][gc             ] GC(336) Pause Young (Allocation Failure) 1305M->39M(4046M) 8.494ms
[146.855s][info][gc,cpu         ] GC(336) User=0.09s Sys=0.00s Real=0.01s
[147.542s][info][gc,start       ] GC(337) Pause Young (System.gc())
[147.566s][info][gc,heap        ] GC(337) PSYoungGen: 1033829K->45536K(1329664K)
[147.566s][info][gc,heap        ] GC(337) PSOldGen: 34257K->42441K(2796544K)
[147.566s][info][gc,metaspace   ] GC(337) Metaspace: 18039K(18944K)->18039K(18944K) NonClass: 15984K(16640K)->15984K(16640K) Class: 2054K(2304K)->2054K(2304K)
[147.566s][info][gc             ] GC(337) Pause Young (System.gc()) 1043M->85M(4029M) 24.286ms
[147.566s][info][gc,cpu         ] GC(337) User=0.06s Sys=0.00s Real=0.03s
[147.566s][info][gc,start       ] GC(338) Pause Full (System.gc())
[147.566s][info][gc,phases,start] GC(338) Phase 1: Mark live objects
[147.571s][info][gc,phases      ] GC(338) Phase 1: Mark live objects 4.990ms
[147.571s][info][gc,phases,start] GC(338) Phase 2: Compute new object addresses
[147.582s][info][gc,phases      ] GC(338) Phase 2: Compute new object addresses 10.755ms
[147.582s][info][gc,phases,start] GC(338) Phase 3: Adjust pointers
[147.585s][info][gc,phases      ] GC(338) Phase 3: Adjust pointers 2.969ms
[147.585s][info][gc,phases,start] GC(338) Phase 4: Move objects
[147.585s][info][gc,phases      ] GC(338) Phase 4: Move objects 0.008ms
[147.585s][info][gc,heap        ] GC(338) PSYoungGen: 45536K->0K(1329664K)
[147.585s][info][gc,heap        ] GC(338) PSOldGen: 42441K->42441K(2796544K)
[147.585s][info][gc,metaspace   ] GC(338) Metaspace: 18039K(18944K)->18039K(18944K) NonClass: 15984K(16640K)->15984K(16640K) Class: 2054K(2304K)->2054K(2304K)
[147.585s][info][gc             ] GC(338) Pause Full (System.gc()) 85M->41M(4029M) 19.460ms
[147.585s][info][gc,cpu         ] GC(338) User=0.02s Sys=0.00s Real=0.01s
[147.925s][info][gc,start       ] GC(339) Pause Young (Allocation Failure)
[147.927s][info][gc,heap        ] GC(339) PSYoungGen: 1284096K->3808K(1340928K)
[147.927s][info][gc,heap        ] GC(339) PSOldGen: 42441K->42449K(2796544K)
[147.927s][info][gc,metaspace   ] GC(339) Metaspace: 18049K(18944K)->18049K(18944K) NonClass: 15995K(16640K)->15995K(16640K) Class: 2054K(2304K)->2054K(2304K)
[147.927s][info][gc             ] GC(339) Pause Young (Allocation Failure) 1295M->45M(4040M) 2.235ms
[147.927s][info][gc,cpu         ] GC(339) User=0.00s Sys=0.00s Real=0.00s
[148.274s][info][gc,start       ] GC(340) Pause Young (Allocation Failure)
[148.278s][info][gc,heap        ] GC(340) PSYoungGen: 1287904K->4096K(1343488K)
[148.278s][info][gc,heap        ] GC(340) PSOldGen: 42449K->45769K(2796544K)
[148.278s][info][gc,metaspace   ] GC(340) Metaspace: 18049K(18944K)->18049K(18944K) NonClass: 15995K(16640K)->15995K(16640K) Class: 2054K(2304K)->2054K(2304K)
[148.278s][info][gc             ] GC(340) Pause Young (Allocation Failure) 1299M->48M(4043M) 3.476ms
[148.278s][info][gc,cpu         ] GC(340) User=0.00s Sys=0.00s Real=0.01s
[148.740s][info][gc,start       ] GC(341) Pause Young (Allocation Failure)
[148.748s][info][gc,heap        ] GC(341) PSYoungGen: 1291776K->14208K(1341952K)
[148.748s][info][gc,heap        ] GC(341) PSOldGen: 45769K->48217K(2796544K)
[148.748s][info][gc,metaspace   ] GC(341) Metaspace: 18049K(18944K)->18049K(18944K) NonClass: 15995K(16640K)->15995K(16640K) Class: 2054K(2304K)->2054K(2304K)
[148.748s][info][gc             ] GC(341) Pause Young (Allocation Failure) 1306M->60M(4041M) 7.691ms
[148.748s][info][gc,cpu         ] GC(341) User=0.09s Sys=0.00s Real=0.01s
[149.299s][info][gc,start       ] GC(342) Pause Young (Allocation Failure)
[149.310s][info][gc,heap        ] GC(342) PSYoungGen: 1301888K->15344K(1350656K)
[149.310s][info][gc,heap        ] GC(342) PSOldGen: 48217K->59537K(2796544K)
[149.310s][info][gc,metaspace   ] GC(342) Metaspace: 18049K(18944K)->18049K(18944K) NonClass: 15995K(16640K)->15995K(16640K) Class: 2054K(2304K)->2054K(2304K)
[149.310s][info][gc             ] GC(342) Pause Young (Allocation Failure) 1318M->73M(4050M) 11.485ms
[149.310s][info][gc,cpu         ] GC(342) User=0.09s Sys=0.00s Real=0.01s
[149.840s][info][gc,start       ] GC(343) Pause Young (Allocation Failure)
[149.849s][info][gc,heap        ] GC(343) PSYoungGen: 1315312K->5952K(1347072K)
[149.849s][info][gc,heap        ] GC(343) PSOldGen: 59537K->72761K(2796544K)
[149.849s][info][gc,metaspace   ] GC(343) Metaspace: 18049K(18944K)->18049K(18944K) NonClass: 15995K(16640K)->15995K(16640K) Class: 2054K(2304K)->2054K(2304K)
[149.849s][info][gc             ] GC(343) Pause Young (Allocation Failure) 1342M->76M(4046M) 8.394ms
[149.849s][info][gc,cpu         ] GC(343) User=0.00s Sys=0.00s Real=0.01s
[150.534s][info][gc,start       ] GC(344) Pause Young (System.gc())
[150.559s][info][gc,heap        ] GC(344) PSYoungGen: 1029029K->45536K(1329664K)
[150.559s][info][gc,heap        ] GC(344) PSOldGen: 72761K->80937K(2796544K)
[150.559s][info][gc,metaspace   ] GC(344) Metaspace: 18049K(18944K)->18049K(18944K) NonClass: 15995K(16640K)->15995K(16640K) Class: 2054K(2304K)->2054K(2304K)
[150.559s][info][gc             ] GC(344) Pause Young (System.gc()) 1075M->123M(4029M) 24.435ms
[150.559s][info][gc,cpu         ] GC(344) User=0.19s Sys=0.00s Real=0.04s
[150.559s][info][gc,start       ] GC(345) Pause Full (System.gc())
[150.559s][info][gc,phases,start] GC(345) Phase 1: Mark live objects
[150.563s][info][gc,phases      ] GC(345) Phase 1: Mark live objects 4.320ms
[150.563s][info][gc,phases,start] GC(345) Phase 2: Compute new object addresses
[150.574s][info][gc,phases      ] GC(345) Phase 2: Compute new object addresses 11.016ms
[150.574s][info][gc,phases,start] GC(345) Phase 3: Adjust pointers
[150.577s][info][gc,phases      ] GC(345) Phase 3: Adjust pointers 2.991ms
[150.577s][info][gc,phases,start] GC(345) Phase 4: Move objects
[150.578s][info][gc,phases      ] GC(345) Phase 4: Move objects 0.008ms
[150.578s][info][gc,heap        ] GC(345) PSYoungGen: 45536K->0K(1329664K)
[150.578s][info][gc,heap        ] GC(345) PSOldGen: 80937K->80937K(2796544K)
[150.578s][info][gc,metaspace   ] GC(345) Metaspace: 18049K(18944K)->18049K(18944K) NonClass: 15995K(16640K)->15995K(16640K) Class: 2054K(2304K)->2054K(2304K)
[150.578s][info][gc             ] GC(345) Pause Full (System.gc()) 123M->79M(4029M) 19.060ms
[150.578s][info][gc,cpu         ] GC(345) User=0.02s Sys=0.00s Real=0.01s
[150.980s][info][gc,start       ] GC(346) Pause Young (Allocation Failure)
[150.983s][info][gc,heap        ] GC(346) PSYoungGen: 1284096K->3840K(1340928K)
[150.983s][info][gc,heap        ] GC(346) PSOldGen: 80937K->80937K(2796544K)
[150.983s][info][gc,metaspace   ] GC(346) Metaspace: 18049K(18944K)->18049K(18944K) NonClass: 15995K(16640K)->15995K(16640K) Class: 2054K(2304K)->2054K(2304K)
[150.983s][info][gc             ] GC(346) Pause Young (Allocation Failure) 1333M->82M(4040M) 2.703ms
[150.983s][info][gc,cpu         ] GC(346) User=0.00s Sys=0.00s Real=0.00s
[151.347s][info][gc,start       ] GC(347) Pause Young (Allocation Failure)
[151.351s][info][gc,heap        ] GC(347) PSYoungGen: 1287936K->4096K(1343488K)
[151.351s][info][gc,heap        ] GC(347) PSOldGen: 80937K->84257K(2796544K)
[151.351s][info][gc,metaspace   ] GC(347) Metaspace: 18049K(18944K)->18049K(18944K) NonClass: 15995K(16640K)->15995K(16640K) Class: 2054K(2304K)->2054K(2304K)
[151.351s][info][gc             ] GC(347) Pause Young (Allocation Failure) 1336M->86M(4043M) 3.681ms
[151.351s][info][gc,cpu         ] GC(347) User=0.00s Sys=0.00s Real=0.00s
[151.810s][info][gc,start       ] GC(348) Pause Young (Allocation Failure)
[151.818s][info][gc,heap        ] GC(348) PSYoungGen: 1291776K->14240K(1341952K)
[151.818s][info][gc,heap        ] GC(348) PSOldGen: 84257K->86697K(2796544K)
[151.818s][info][gc,metaspace   ] GC(348) Metaspace: 18049K(18944K)->18049K(18944K) NonClass: 15995K(16640K)->15995K(16640K) Class: 2054K(2304K)->2054K(2304K)
[151.819s][info][gc             ] GC(348) Pause Young (Allocation Failure) 1343M->98M(4041M) 8.052ms
[151.819s][info][gc,cpu         ] GC(348) User=0.00s Sys=0.00s Real=0.01s
[152.371s][info][gc,start       ] GC(349) Pause Young (Allocation Failure)
[152.382s][info][gc,heap        ] GC(349) PSYoungGen: 1301920K->15376K(1350656K)
[152.382s][info][gc,heap        ] GC(349) PSOldGen: 86697K->98002K(2796544K)
[152.382s][info][gc,metaspace   ] GC(349) Metaspace: 18049K(18944K)->18049K(18944K) NonClass: 15995K(16640K)->15995K(16640K) Class: 2054K(2304K)->2054K(2304K)
[152.382s][info][gc             ] GC(349) Pause Young (Allocation Failure) 1356M->110M(4050M) 11.431ms
[152.382s][info][gc,cpu         ] GC(349) User=0.00s Sys=0.00s Real=0.02s
[152.913s][info][gc,start       ] GC(350) Pause Young (Allocation Failure)
[152.922s][info][gc,heap        ] GC(350) PSYoungGen: 1315344K->5968K(1347072K)
[152.922s][info][gc,heap        ] GC(350) PSOldGen: 98002K->111218K(2796544K)
[152.922s][info][gc,metaspace   ] GC(350) Metaspace: 18049K(18944K)->18049K(18944K) NonClass: 15995K(16640K)->15995K(16640K) Class: 2054K(2304K)->2054K(2304K)
[152.922s][info][gc             ] GC(350) Pause Young (Allocation Failure) 1380M->114M(4046M) 8.762ms
[152.922s][info][gc,cpu         ] GC(350) User=0.00s Sys=0.00s Real=0.01s
[153.608s][info][gc,start       ] GC(351) Pause Young (System.gc())
[153.633s][info][gc,heap        ] GC(351) PSYoungGen: 1038738K->45536K(1329664K)
[153.633s][info][gc,heap        ] GC(351) PSOldGen: 111218K->119394K(2796544K)
[153.633s][info][gc,metaspace   ] GC(351) Metaspace: 18049K(18944K)->18049K(18944K) NonClass: 15995K(16640K)->15995K(16640K) Class: 2054K(2304K)->2054K(2304K)
[153.633s][info][gc             ] GC(351) Pause Young (System.gc()) 1123M->161M(4029M) 24.960ms
[153.633s][info][gc,cpu         ] GC(351) User=0.14s Sys=0.05s Real=0.03s
[153.633s][info][gc,start       ] GC(352) Pause Full (System.gc())
[153.633s][info][gc,phases,start] GC(352) Phase 1: Mark live objects
[153.637s][info][gc,phases      ] GC(352) Phase 1: Mark live objects 4.311ms
[153.637s][info][gc,phases,start] GC(352) Phase 2: Compute new object addresses
[153.648s][info][gc,phases      ] GC(352) Phase 2: Compute new object addresses 10.708ms
[153.648s][info][gc,phases,start] GC(352) Phase 3: Adjust pointers
[153.651s][info][gc,phases      ] GC(352) Phase 3: Adjust pointers 3.067ms
[153.651s][info][gc,phases,start] GC(352) Phase 4: Move objects
[153.651s][info][gc,phases      ] GC(352) Phase 4: Move objects 0.008ms
[153.652s][info][gc,heap        ] GC(352) PSYoungGen: 45536K->0K(1329664K)
[153.652s][info][gc,heap        ] GC(352) PSOldGen: 119394K->119394K(2796544K)
[153.652s][info][gc,metaspace   ] GC(352) Metaspace: 18049K(18944K)->18049K(18944K) NonClass: 15995K(16640K)->15995K(16640K) Class: 2054K(2304K)->2054K(2304K)
[153.652s][info][gc             ] GC(352) Pause Full (System.gc()) 161M->116M(4029M) 18.843ms
[153.652s][info][gc,cpu         ] GC(352) User=0.02s Sys=0.00s Real=0.02s
[154.007s][info][gc,start       ] GC(353) Pause Young (Allocation Failure)
[154.009s][info][gc,heap        ] GC(353) PSYoungGen: 1284096K->3872K(1340928K)
[154.009s][info][gc,heap        ] GC(353) PSOldGen: 119394K->119394K(2796544K)
[154.009s][info][gc,metaspace   ] GC(353) Metaspace: 18049K(18944K)->18049K(18944K) NonClass: 15995K(16640K)->15995K(16640K) Class: 2054K(2304K)->2054K(2304K)
[154.009s][info][gc             ] GC(353) Pause Young (Allocation Failure) 1370M->120M(4040M) 2.244ms
[154.009s][info][gc,cpu         ] GC(353) User=0.02s Sys=0.00s Real=0.00s
[154.436s][info][gc,start       ] GC(354) Pause Young (Allocation Failure)
[154.439s][info][gc,heap        ] GC(354) PSYoungGen: 1287968K->4064K(1343488K)
[154.439s][info][gc,heap        ] GC(354) PSOldGen: 119394K->122714K(2796544K)
[154.439s][info][gc,metaspace   ] GC(354) Metaspace: 18049K(18944K)->18049K(18944K) NonClass: 15995K(16640K)->15995K(16640K) Class: 2054K(2304K)->2054K(2304K)
[154.439s][info][gc             ] GC(354) Pause Young (Allocation Failure) 1374M->123M(4043M) 3.792ms
[154.439s][info][gc,cpu         ] GC(354) User=0.00s Sys=0.00s Real=0.02s
[154.924s][info][gc,start       ] GC(355) Pause Young (Allocation Failure)
[154.932s][info][gc,heap        ] GC(355) PSYoungGen: 1291744K->14240K(1341952K)
[154.932s][info][gc,heap        ] GC(355) PSOldGen: 122714K->125154K(2796544K)
[154.932s][info][gc,metaspace   ] GC(355) Metaspace: 18049K(18944K)->18049K(18944K) NonClass: 15995K(16640K)->15995K(16640K) Class: 2054K(2304K)->2054K(2304K)
[154.932s][info][gc             ] GC(355) Pause Young (Allocation Failure) 1381M->136M(4041M) 7.641ms
[154.932s][info][gc,cpu         ] GC(355) User=0.09s Sys=0.00s Real=0.02s
[155.483s][info][gc,start       ] GC(356) Pause Young (Allocation Failure)
[155.494s][info][gc,heap        ] GC(356) PSYoungGen: 1301920K->15344K(1350656K)
[155.495s][info][gc,heap        ] GC(356) PSOldGen: 125154K->136466K(2796544K)
[155.495s][info][gc,metaspace   ] GC(356) Metaspace: 18049K(18944K)->18049K(18944K) NonClass: 15995K(16640K)->15995K(16640K) Class: 2054K(2304K)->2054K(2304K)
[155.495s][info][gc             ] GC(356) Pause Young (Allocation Failure) 1393M->148M(4050M) 11.358ms
[155.495s][info][gc,cpu         ] GC(356) User=0.09s Sys=0.00s Real=0.02s
[156.029s][info][gc,start       ] GC(357) Pause Young (Allocation Failure)
[156.038s][info][gc,heap        ] GC(357) PSYoungGen: 1315312K->6016K(1347072K)
[156.038s][info][gc,heap        ] GC(357) PSOldGen: 136466K->149682K(2796544K)
[156.038s][info][gc,metaspace   ] GC(357) Metaspace: 18049K(18944K)->18049K(18944K) NonClass: 15995K(16640K)->15995K(16640K) Class: 2054K(2304K)->2054K(2304K)
[156.038s][info][gc             ] GC(357) Pause Young (Allocation Failure) 1417M->152M(4046M) 8.508ms
[156.038s][info][gc,cpu         ] GC(357) User=0.00s Sys=0.00s Real=0.01s
[156.716s][info][gc,start       ] GC(358) Pause Young (System.gc())
[156.741s][info][gc,heap        ] GC(358) PSYoungGen: 1038082K->45536K(1329664K)
[156.741s][info][gc,heap        ] GC(358) PSOldGen: 149682K->157866K(2796544K)
[156.741s][info][gc,metaspace   ] GC(358) Metaspace: 18049K(18944K)->18049K(18944K) NonClass: 15995K(16640K)->15995K(16640K) Class: 2054K(2304K)->2054K(2304K)
[156.741s][info][gc             ] GC(358) Pause Young (System.gc()) 1159M->198M(4029M) 24.676ms
[156.741s][info][gc,cpu         ] GC(358) User=0.09s Sys=0.00s Real=0.04s
[156.741s][info][gc,start       ] GC(359) Pause Full (System.gc())
[156.741s][info][gc,phases,start] GC(359) Phase 1: Mark live objects
[156.745s][info][gc,phases      ] GC(359) Phase 1: Mark live objects 4.502ms
[156.745s][info][gc,phases,start] GC(359) Phase 2: Compute new object addresses
[156.756s][info][gc,phases      ] GC(359) Phase 2: Compute new object addresses 11.090ms
[156.756s][info][gc,phases,start] GC(359) Phase 3: Adjust pointers
[156.759s][info][gc,phases      ] GC(359) Phase 3: Adjust pointers 2.972ms
[156.760s][info][gc,phases,start] GC(359) Phase 4: Move objects
[156.760s][info][gc,phases      ] GC(359) Phase 4: Move objects 0.009ms
[156.760s][info][gc,heap        ] GC(359) PSYoungGen: 45536K->0K(1329664K)
[156.760s][info][gc,heap        ] GC(359) PSOldGen: 157866K->3953K(2796544K)
[156.760s][info][gc,metaspace   ] GC(359) Metaspace: 18049K(18944K)->18049K(18944K) NonClass: 15995K(16640K)->15995K(16640K) Class: 2054K(2304K)->2054K(2304K)
[156.760s][info][gc             ] GC(359) Pause Full (System.gc()) 198M->3M(4029M) 19.353ms
[156.760s][info][gc,cpu         ] GC(359) User=0.03s Sys=0.00s Real=0.02s
[157.137s][info][gc,start       ] GC(360) Pause Young (Allocation Failure)
[157.140s][info][gc,heap        ] GC(360) PSYoungGen: 1284096K->3872K(1340928K)
[157.140s][info][gc,heap        ] GC(360) PSOldGen: 3953K->3953K(2796544K)
[157.140s][info][gc,metaspace   ] GC(360) Metaspace: 18049K(18944K)->18049K(18944K) NonClass: 15995K(16640K)->15995K(16640K) Class: 2054K(2304K)->2054K(2304K)
[157.140s][info][gc             ] GC(360) Pause Young (Allocation Failure) 1257M->7M(4040M) 2.607ms
[157.140s][info][gc,cpu         ] GC(360) User=0.00s Sys=0.00s Real=0.01s
[157.566s][info][gc,start       ] GC(361) Pause Young (Allocation Failure)
[157.570s][info][gc,heap        ] GC(361) PSYoungGen: 1287968K->4032K(1343488K)
[157.570s][info][gc,heap        ] GC(361) PSOldGen: 3953K->7273K(2796544K)
[157.570s][info][gc,metaspace   ] GC(361) Metaspace: 18049K(18944K)->18049K(18944K) NonClass: 15995K(16640K)->15995K(16640K) Class: 2054K(2304K)->2054K(2304K)
[157.570s][info][gc             ] GC(361) Pause Young (Allocation Failure) 1261M->11M(4043M) 3.633ms
[157.570s][info][gc,cpu         ] GC(361) User=0.09s Sys=0.00s Real=0.00s
[158.031s][info][gc,start       ] GC(362) Pause Young (Allocation Failure)
[158.038s][info][gc,heap        ] GC(362) PSYoungGen: 1291712K->14240K(1341952K)
[158.039s][info][gc,heap        ] GC(362) PSOldGen: 7273K->9713K(2796544K)
[158.039s][info][gc,metaspace   ] GC(362) Metaspace: 18049K(18944K)->18049K(18944K) NonClass: 15995K(16640K)->15995K(16640K) Class: 2054K(2304K)->2054K(2304K)
[158.039s][info][gc             ] GC(362) Pause Young (Allocation Failure) 1268M->23M(4041M) 7.873ms
[158.039s][info][gc,cpu         ] GC(362) User=0.02s Sys=0.00s Real=0.02s
[158.589s][info][gc,start       ] GC(363) Pause Young (Allocation Failure)
[158.600s][info][gc,heap        ] GC(363) PSYoungGen: 1301920K->15408K(1350656K)
[158.600s][info][gc,heap        ] GC(363) PSOldGen: 9713K->21033K(2796544K)
[158.600s][info][gc,metaspace   ] GC(363) Metaspace: 18050K(18944K)->18050K(18944K) NonClass: 15995K(16640K)->15995K(16640K) Class: 2054K(2304K)->2054K(2304K)
[158.600s][info][gc             ] GC(363) Pause Young (Allocation Failure) 1280M->35M(4050M) 11.158ms
[158.600s][info][gc,cpu         ] GC(363) User=0.00s Sys=0.00s Real=0.02s
[159.128s][info][gc,start       ] GC(364) Pause Young (Allocation Failure)
[159.137s][info][gc,heap        ] GC(364) PSYoungGen: 1315376K->5952K(1347072K)
[159.137s][info][gc,heap        ] GC(364) PSOldGen: 21033K->34249K(2796544K)
[159.137s][info][gc,metaspace   ] GC(364) Metaspace: 18050K(18944K)->18050K(18944K) NonClass: 15995K(16640K)->15995K(16640K) Class: 2054K(2304K)->2054K(2304K)
[159.137s][info][gc             ] GC(364) Pause Young (Allocation Failure) 1305M->39M(4046M) 8.612ms
[159.137s][info][gc,cpu         ] GC(364) User=0.09s Sys=0.00s Real=0.02s
[159.821s][info][gc,start       ] GC(365) Pause Young (System.gc())
[159.847s][info][gc,heap        ] GC(365) PSYoungGen: 1035334K->45536K(1329664K)
[159.847s][info][gc,heap        ] GC(365) PSOldGen: 34249K->42433K(2796544K)
[159.847s][info][gc,metaspace   ] GC(365) Metaspace: 18050K(18944K)->18050K(18944K) NonClass: 15995K(16640K)->15995K(16640K) Class: 2054K(2304K)->2054K(2304K)
[159.847s][info][gc             ] GC(365) Pause Young (System.gc()) 1044M->85M(4029M) 25.520ms
[159.847s][info][gc,cpu         ] GC(365) User=0.09s Sys=0.00s Real=0.04s
[159.847s][info][gc,start       ] GC(366) Pause Full (System.gc())
[159.847s][info][gc,phases,start] GC(366) Phase 1: Mark live objects
[159.851s][info][gc,phases      ] GC(366) Phase 1: Mark live objects 4.330ms
[159.851s][info][gc,phases,start] GC(366) Phase 2: Compute new object addresses
[159.862s][info][gc,phases      ] GC(366) Phase 2: Compute new object addresses 10.800ms
[159.862s][info][gc,phases,start] GC(366) Phase 3: Adjust pointers
[159.865s][info][gc,phases      ] GC(366) Phase 3: Adjust pointers 3.001ms
[159.865s][info][gc,phases,start] GC(366) Phase 4: Move objects
[159.865s][info][gc,phases      ] GC(366) Phase 4: Move objects 0.009ms
[159.866s][info][gc,heap        ] GC(366) PSYoungGen: 45536K->0K(1329664K)
[159.866s][info][gc,heap        ] GC(366) PSOldGen: 42433K->42433K(2796544K)
[159.866s][info][gc,metaspace   ] GC(366) Metaspace: 18050K(18944K)->18050K(18944K) NonClass: 15995K(16640K)->15995K(16640K) Class: 2054K(2304K)->2054K(2304K)
[159.866s][info][gc             ] GC(366) Pause Full (System.gc()) 85M->41M(4029M) 18.878ms
[159.866s][info][gc,cpu         ] GC(366) User=0.02s Sys=0.00s Real=0.01s
[160.268s][info][gc,start       ] GC(367) Pause Young (Allocation Failure)
[160.270s][info][gc,heap        ] GC(367) PSYoungGen: 1284096K->3904K(1340928K)
[160.270s][info][gc,heap        ] GC(367) PSOldGen: 42433K->42433K(2796544K)
[160.270s][info][gc,metaspace   ] GC(367) Metaspace: 18050K(18944K)->18050K(18944K) NonClass: 15995K(16640K)->15995K(16640K) Class: 2054K(2304K)->2054K(2304K)
[160.270s][info][gc             ] GC(367) Pause Young (Allocation Failure) 1295M->45M(4040M) 2.441ms
[160.270s][info][gc,cpu         ] GC(367) User=0.00s Sys=0.00s Real=0.01s
[160.700s][info][gc,start       ] GC(368) Pause Young (Allocation Failure)
[160.703s][info][gc,heap        ] GC(368) PSYoungGen: 1288000K->4128K(1343488K)
[160.703s][info][gc,heap        ] GC(368) PSOldGen: 42433K->45745K(2796544K)
[160.703s][info][gc,metaspace   ] GC(368) Metaspace: 18050K(18944K)->18050K(18944K) NonClass: 15995K(16640K)->15995K(16640K) Class: 2054K(2304K)->2054K(2304K)
[160.703s][info][gc             ] GC(368) Pause Young (Allocation Failure) 1299M->48M(4043M) 3.553ms
[160.703s][info][gc,cpu         ] GC(368) User=0.00s Sys=0.00s Real=0.00s
[161.165s][info][gc,start       ] GC(369) Pause Young (Allocation Failure)
[161.173s][info][gc,heap        ] GC(369) PSYoungGen: 1291808K->14272K(1341952K)
[161.173s][info][gc,heap        ] GC(369) PSOldGen: 45745K->48193K(2796544K)
[161.173s][info][gc,metaspace   ] GC(369) Metaspace: 18050K(18944K)->18050K(18944K) NonClass: 15995K(16640K)->15995K(16640K) Class: 2054K(2304K)->2054K(2304K)
[161.173s][info][gc             ] GC(369) Pause Young (Allocation Failure) 1306M->61M(4041M) 7.810ms
[161.173s][info][gc,cpu         ] GC(369) User=0.00s Sys=0.00s Real=0.01s
[161.723s][info][gc,start       ] GC(370) Pause Young (Allocation Failure)
[161.734s][info][gc,heap        ] GC(370) PSYoungGen: 1301952K->15408K(1350656K)
[161.735s][info][gc,heap        ] GC(370) PSOldGen: 48193K->59505K(2796544K)
[161.735s][info][gc,metaspace   ] GC(370) Metaspace: 18050K(18944K)->18050K(18944K) NonClass: 15995K(16640K)->15995K(16640K) Class: 2054K(2304K)->2054K(2304K)
[161.735s][info][gc             ] GC(370) Pause Young (Allocation Failure) 1318M->73M(4050M) 11.447ms
[161.735s][info][gc,cpu         ] GC(370) User=0.09s Sys=0.00s Real=0.02s
[162.270s][info][gc,start       ] GC(371) Pause Young (Allocation Failure)
[162.279s][info][gc,heap        ] GC(371) PSYoungGen: 1315376K->6080K(1347072K)
[162.279s][info][gc,heap        ] GC(371) PSOldGen: 59505K->72722K(2796544K)
[162.279s][info][gc,metaspace   ] GC(371) Metaspace: 18050K(18944K)->18050K(18944K) NonClass: 15995K(16640K)->15995K(16640K) Class: 2054K(2304K)->2054K(2304K)
[162.279s][info][gc             ] GC(371) Pause Young (Allocation Failure) 1342M->76M(4046M) 8.786ms
[162.279s][info][gc,cpu         ] GC(371) User=0.08s Sys=0.02s Real=0.01s
[162.952s][info][gc,start       ] GC(372) Pause Young (System.gc())
[162.977s][info][gc,heap        ] GC(372) PSYoungGen: 1014373K->45536K(1329664K)
[162.977s][info][gc,heap        ] GC(372) PSOldGen: 72722K->80898K(2796544K)
[162.977s][info][gc,metaspace   ] GC(372) Metaspace: 18050K(18944K)->18050K(18944K) NonClass: 15995K(16640K)->15995K(16640K) Class: 2054K(2304K)->2054K(2304K)
[162.977s][info][gc             ] GC(372) Pause Young (System.gc()) 1061M->123M(4029M) 24.831ms
[162.977s][info][gc,cpu         ] GC(372) User=0.19s Sys=0.00s Real=0.03s
[162.977s][info][gc,start       ] GC(373) Pause Full (System.gc())
[162.977s][info][gc,phases,start] GC(373) Phase 1: Mark live objects
[162.982s][info][gc,phases      ] GC(373) Phase 1: Mark live objects 4.313ms
[162.982s][info][gc,phases,start] GC(373) Phase 2: Compute new object addresses
[162.992s][info][gc,phases      ] GC(373) Phase 2: Compute new object addresses 10.810ms
[162.993s][info][gc,phases,start] GC(373) Phase 3: Adjust pointers
[162.996s][info][gc,phases      ] GC(373) Phase 3: Adjust pointers 3.001ms
[162.996s][info][gc,phases,start] GC(373) Phase 4: Move objects
[162.996s][info][gc,phases      ] GC(373) Phase 4: Move objects 0.008ms
[162.996s][info][gc,heap        ] GC(373) PSYoungGen: 45536K->0K(1329664K)
[162.996s][info][gc,heap        ] GC(373) PSOldGen: 80898K->80898K(2796544K)
[162.996s][info][gc,metaspace   ] GC(373) Metaspace: 18050K(18944K)->18050K(18944K) NonClass: 15995K(16640K)->15995K(16640K) Class: 2054K(2304K)->2054K(2304K)
[162.996s][info][gc             ] GC(373) Pause Full (System.gc()) 123M->79M(4029M) 18.869ms
[162.996s][info][gc,cpu         ] GC(373) User=0.02s Sys=0.00s Real=0.02s
[163.393s][info][gc,start       ] GC(374) Pause Young (Allocation Failure)
[163.395s][info][gc,heap        ] GC(374) PSYoungGen: 1284096K->3808K(1340928K)
[163.395s][info][gc,heap        ] GC(374) PSOldGen: 80898K->80898K(2796544K)
[163.395s][info][gc,metaspace   ] GC(374) Metaspace: 18050K(18944K)->18050K(18944K) NonClass: 15995K(16640K)->15995K(16640K) Class: 2054K(2304K)->2054K(2304K)
[163.395s][info][gc             ] GC(374) Pause Young (Allocation Failure) 1333M->82M(4040M) 2.109ms
[163.395s][info][gc,cpu         ] GC(374) User=0.00s Sys=0.00s Real=0.00s
[163.836s][info][gc,start       ] GC(375) Pause Young (Allocation Failure)
[163.840s][info][gc,heap        ] GC(375) PSYoungGen: 1287904K->4000K(1343488K)
[163.840s][info][gc,heap        ] GC(375) PSOldGen: 80898K->84210K(2796544K)
[163.840s][info][gc,metaspace   ] GC(375) Metaspace: 18050K(18944K)->18050K(18944K) NonClass: 15995K(16640K)->15995K(16640K) Class: 2054K(2304K)->2054K(2304K)
[163.840s][info][gc             ] GC(375) Pause Young (Allocation Failure) 1336M->86M(4043M) 3.637ms
[163.840s][info][gc,cpu         ] GC(375) User=0.00s Sys=0.00s Real=0.00s
[164.302s][info][gc,start       ] GC(376) Pause Young (Allocation Failure)
[164.310s][info][gc,heap        ] GC(376) PSYoungGen: 1291680K->14176K(1341952K)
[164.310s][info][gc,heap        ] GC(376) PSOldGen: 84210K->86650K(2796544K)
[164.310s][info][gc,metaspace   ] GC(376) Metaspace: 18050K(18944K)->18050K(18944K) NonClass: 15995K(16640K)->15995K(16640K) Class: 2054K(2304K)->2054K(2304K)
[164.310s][info][gc             ] GC(376) Pause Young (Allocation Failure) 1343M->98M(4041M) 7.557ms
[164.310s][info][gc,cpu         ] GC(376) User=0.09s Sys=0.00s Real=0.01s
[164.863s][info][gc,start       ] GC(377) Pause Young (Allocation Failure)
[164.874s][info][gc,heap        ] GC(377) PSYoungGen: 1301856K->15312K(1350656K)
[164.874s][info][gc,heap        ] GC(377) PSOldGen: 86650K->97970K(2796544K)
[164.874s][info][gc,metaspace   ] GC(377) Metaspace: 18050K(18944K)->18050K(18944K) NonClass: 15995K(16640K)->15995K(16640K) Class: 2054K(2304K)->2054K(2304K)
[164.874s][info][gc             ] GC(377) Pause Young (Allocation Failure) 1355M->110M(4050M) 11.428ms
[164.874s][info][gc,cpu         ] GC(377) User=0.09s Sys=0.00s Real=0.01s
[165.405s][info][gc,start       ] GC(378) Pause Young (Allocation Failure)
[165.414s][info][gc,heap        ] GC(378) PSYoungGen: 1315280K->5968K(1347072K)
[165.414s][info][gc,heap        ] GC(378) PSOldGen: 97970K->111186K(2796544K)
[165.414s][info][gc,metaspace   ] GC(378) Metaspace: 18050K(18944K)->18050K(18944K) NonClass: 15995K(16640K)->15995K(16640K) Class: 2054K(2304K)->2054K(2304K)
[165.414s][info][gc             ] GC(378) Pause Young (Allocation Failure) 1380M->114M(4046M) 8.674ms
[165.414s][info][gc,cpu         ] GC(378) User=0.09s Sys=0.00s Real=0.01s
[166.100s][info][gc,start       ] GC(379) Pause Young (System.gc())
[166.124s][info][gc,heap        ] GC(379) PSYoungGen: 1052207K->45536K(1329664K)
[166.124s][info][gc,heap        ] GC(379) PSOldGen: 111186K->119362K(2796544K)
[166.124s][info][gc,metaspace   ] GC(379) Metaspace: 18050K(18944K)->18050K(18944K) NonClass: 15995K(16640K)->15995K(16640K) Class: 2054K(2304K)->2054K(2304K)
[166.124s][info][gc             ] GC(379) Pause Young (System.gc()) 1136M->161M(4029M) 24.781ms
[166.124s][info][gc,cpu         ] GC(379) User=0.17s Sys=0.00s Real=0.03s
[166.124s][info][gc,start       ] GC(380) Pause Full (System.gc())
[166.125s][info][gc,phases,start] GC(380) Phase 1: Mark live objects
[166.129s][info][gc,phases      ] GC(380) Phase 1: Mark live objects 4.316ms
[166.129s][info][gc,phases,start] GC(380) Phase 2: Compute new object addresses
[166.140s][info][gc,phases      ] GC(380) Phase 2: Compute new object addresses 10.908ms
[166.140s][info][gc,phases,start] GC(380) Phase 3: Adjust pointers
[166.143s][info][gc,phases      ] GC(380) Phase 3: Adjust pointers 2.991ms
[166.143s][info][gc,phases,start] GC(380) Phase 4: Move objects
[166.143s][info][gc,phases      ] GC(380) Phase 4: Move objects 0.008ms
[166.143s][info][gc,heap        ] GC(380) PSYoungGen: 45536K->0K(1329664K)
[166.143s][info][gc,heap        ] GC(380) PSOldGen: 119362K->119362K(2796544K)
[166.143s][info][gc,metaspace   ] GC(380) Metaspace: 18050K(18944K)->18050K(18944K) NonClass: 15995K(16640K)->15995K(16640K) Class: 2054K(2304K)->2054K(2304K)
[166.143s][info][gc             ] GC(380) Pause Full (System.gc()) 161M->116M(4029M) 18.997ms
[166.143s][info][gc,cpu         ] GC(380) User=0.02s Sys=0.00s Real=0.01s
[166.516s][info][gc,start       ] GC(381) Pause Young (Allocation Failure)
[166.518s][info][gc,heap        ] GC(381) PSYoungGen: 1284096K->3872K(1340928K)
[166.518s][info][gc,heap        ] GC(381) PSOldGen: 119362K->119362K(2796544K)
[166.518s][info][gc,metaspace   ] GC(381) Metaspace: 18050K(18944K)->18050K(18944K) NonClass: 15995K(16640K)->15995K(16640K) Class: 2054K(2304K)->2054K(2304K)
[166.518s][info][gc             ] GC(381) Pause Young (Allocation Failure) 1370M->120M(4040M) 2.212ms
[166.518s][info][gc,cpu         ] GC(381) User=0.00s Sys=0.00s Real=0.00s
[166.867s][info][gc,start       ] GC(382) Pause Young (Allocation Failure)
[166.871s][info][gc,heap        ] GC(382) PSYoungGen: 1287968K->4032K(1343488K)
[166.871s][info][gc,heap        ] GC(382) PSOldGen: 119362K->122682K(2796544K)
[166.871s][info][gc,metaspace   ] GC(382) Metaspace: 18050K(18944K)->18050K(18944K) NonClass: 15995K(16640K)->15995K(16640K) Class: 2054K(2304K)->2054K(2304K)
[166.871s][info][gc             ] GC(382) Pause Young (Allocation Failure) 1374M->123M(4043M) 3.906ms
[166.871s][info][gc,cpu         ] GC(382) User=0.00s Sys=0.00s Real=0.00s
[167.378s][info][gc,start       ] GC(383) Pause Young (Allocation Failure)
[167.386s][info][gc,heap        ] GC(383) PSYoungGen: 1291712K->14304K(1341952K)
[167.386s][info][gc,heap        ] GC(383) PSOldGen: 122682K->125122K(2796544K)
[167.386s][info][gc,metaspace   ] GC(383) Metaspace: 18050K(18944K)->18050K(18944K) NonClass: 15995K(16640K)->15995K(16640K) Class: 2054K(2304K)->2054K(2304K)
[167.386s][info][gc             ] GC(383) Pause Young (Allocation Failure) 1381M->136M(4041M) 7.466ms
[167.386s][info][gc,cpu         ] GC(383) User=0.09s Sys=0.00s Real=0.01s
[167.938s][info][gc,start       ] GC(384) Pause Young (Allocation Failure)
[167.949s][info][gc,heap        ] GC(384) PSYoungGen: 1301984K->15376K(1350656K)
[167.949s][info][gc,heap        ] GC(384) PSOldGen: 125122K->136434K(2796544K)
[167.949s][info][gc,metaspace   ] GC(384) Metaspace: 18050K(18944K)->18050K(18944K) NonClass: 15995K(16640K)->15995K(16640K) Class: 2054K(2304K)->2054K(2304K)
[167.949s][info][gc             ] GC(384) Pause Young (Allocation Failure) 1393M->148M(4050M) 11.267ms
[167.949s][info][gc,cpu         ] GC(384) User=0.08s Sys=0.02s Real=0.01s
[168.481s][info][gc,start       ] GC(385) Pause Young (Allocation Failure)
[168.490s][info][gc,heap        ] GC(385) PSYoungGen: 1315344K->6736K(1347072K)
[168.490s][info][gc,heap        ] GC(385) PSOldGen: 136434K->149650K(2796544K)
[168.490s][info][gc,metaspace   ] GC(385) Metaspace: 18050K(18944K)->18050K(18944K) NonClass: 15995K(16640K)->15995K(16640K) Class: 2054K(2304K)->2054K(2304K)
[168.490s][info][gc             ] GC(385) Pause Young (Allocation Failure) 1417M->152M(4046M) 8.777ms
[168.490s][info][gc,cpu         ] GC(385) User=0.00s Sys=0.00s Real=0.01s
[169.173s][info][gc,start       ] GC(386) Pause Young (System.gc())
[169.196s][info][gc,heap        ] GC(386) PSYoungGen: 1043988K->45536K(1329664K)
[169.196s][info][gc,heap        ] GC(386) PSOldGen: 149650K->157834K(2796544K)
[169.196s][info][gc,metaspace   ] GC(386) Metaspace: 18053K(18944K)->18053K(18944K) NonClass: 15998K(16640K)->15998K(16640K) Class: 2054K(2304K)->2054K(2304K)
[169.196s][info][gc             ] GC(386) Pause Young (System.gc()) 1165M->198M(4029M) 23.926ms
[169.196s][info][gc,cpu         ] GC(386) User=0.19s Sys=0.00s Real=0.02s
[169.197s][info][gc,start       ] GC(387) Pause Full (System.gc())
[169.197s][info][gc,phases,start] GC(387) Phase 1: Mark live objects
[169.201s][info][gc,phases      ] GC(387) Phase 1: Mark live objects 4.374ms
[169.201s][info][gc,phases,start] GC(387) Phase 2: Compute new object addresses
[169.212s][info][gc,phases      ] GC(387) Phase 2: Compute new object addresses 11.209ms
[169.212s][info][gc,phases,start] GC(387) Phase 3: Adjust pointers
[169.215s][info][gc,phases      ] GC(387) Phase 3: Adjust pointers 2.982ms
[169.215s][info][gc,phases,start] GC(387) Phase 4: Move objects
[169.215s][info][gc,phases      ] GC(387) Phase 4: Move objects 0.008ms
[169.216s][info][gc,heap        ] GC(387) PSYoungGen: 45536K->0K(1329664K)
[169.216s][info][gc,heap        ] GC(387) PSOldGen: 157834K->3953K(2796544K)
[169.216s][info][gc,metaspace   ] GC(387) Metaspace: 18053K(18944K)->18053K(18944K) NonClass: 15998K(16640K)->15998K(16640K) Class: 2054K(2304K)->2054K(2304K)
[169.216s][info][gc             ] GC(387) Pause Full (System.gc()) 198M->3M(4029M) 19.319ms
[169.216s][info][gc,cpu         ] GC(387) User=0.02s Sys=0.00s Real=0.02s
[169.555s][info][gc,start       ] GC(388) Pause Young (Allocation Failure)
[169.557s][info][gc,heap        ] GC(388) PSYoungGen: 1284096K->3872K(1340928K)
[169.557s][info][gc,heap        ] GC(388) PSOldGen: 3953K->3953K(2796544K)
[169.557s][info][gc,metaspace   ] GC(388) Metaspace: 18053K(18944K)->18053K(18944K) NonClass: 15998K(16640K)->15998K(16640K) Class: 2054K(2304K)->2054K(2304K)
[169.557s][info][gc             ] GC(388) Pause Young (Allocation Failure) 1257M->7M(4040M) 2.423ms
[169.557s][info][gc,cpu         ] GC(388) User=0.00s Sys=0.00s Real=0.00s
[169.950s][info][gc,start       ] GC(389) Pause Young (Allocation Failure)
[169.954s][info][gc,heap        ] GC(389) PSYoungGen: 1287968K->4032K(1344000K)
[169.954s][info][gc,heap        ] GC(389) PSOldGen: 3953K->7265K(2796544K)
[169.954s][info][gc,metaspace   ] GC(389) Metaspace: 18053K(18944K)->18053K(18944K) NonClass: 15998K(16640K)->15998K(16640K) Class: 2054K(2304K)->2054K(2304K)
[169.954s][info][gc             ] GC(389) Pause Young (Allocation Failure) 1261M->11M(4043M) 3.710ms
[169.954s][info][gc,cpu         ] GC(389) User=0.00s Sys=0.00s Real=0.00s
[170.445s][info][gc,start       ] GC(390) Pause Young (Allocation Failure)
[170.452s][info][gc,heap        ] GC(390) PSYoungGen: 1292736K->14208K(1342464K)
[170.453s][info][gc,heap        ] GC(390) PSOldGen: 7265K->9705K(2796544K)
[170.453s][info][gc,metaspace   ] GC(390) Metaspace: 18053K(18944K)->18053K(18944K) NonClass: 15998K(16640K)->15998K(16640K) Class: 2054K(2304K)->2054K(2304K)
[170.453s][info][gc             ] GC(390) Pause Young (Allocation Failure) 1269M->23M(4042M) 7.361ms
[170.453s][info][gc,cpu         ] GC(390) User=0.00s Sys=0.00s Real=0.01s
[171.005s][info][gc,start       ] GC(391) Pause Young (Allocation Failure)
[171.016s][info][gc,heap        ] GC(391) PSYoungGen: 1302912K->15344K(1350656K)
[171.016s][info][gc,heap        ] GC(391) PSOldGen: 9705K->21017K(2796544K)
[171.016s][info][gc,metaspace   ] GC(391) Metaspace: 18053K(18944K)->18053K(18944K) NonClass: 15998K(16640K)->15998K(16640K) Class: 2054K(2304K)->2054K(2304K)
[171.016s][info][gc             ] GC(391) Pause Young (Allocation Failure) 1281M->35M(4050M) 11.229ms
[171.016s][info][gc,cpu         ] GC(391) User=0.09s Sys=0.00s Real=0.02s
[171.546s][info][gc,start       ] GC(392) Pause Young (Allocation Failure)
[171.555s][info][gc,heap        ] GC(392) PSYoungGen: 1315312K->5984K(1347072K)
[171.555s][info][gc,heap        ] GC(392) PSOldGen: 21017K->34225K(2796544K)
[171.555s][info][gc,metaspace   ] GC(392) Metaspace: 18053K(18944K)->18053K(18944K) NonClass: 15998K(16640K)->15998K(16640K) Class: 2054K(2304K)->2054K(2304K)
[171.555s][info][gc             ] GC(392) Pause Young (Allocation Failure) 1305M->39M(4046M) 8.616ms
[171.555s][info][gc,cpu         ] GC(392) User=0.09s Sys=0.00s Real=0.01s
[172.249s][info][gc,start       ] GC(393) Pause Young (System.gc())
[172.274s][info][gc,heap        ] GC(393) PSYoungGen: 1035665K->45536K(1329664K)
[172.274s][info][gc,heap        ] GC(393) PSOldGen: 34225K->42409K(2796544K)
[172.274s][info][gc,metaspace   ] GC(393) Metaspace: 18053K(18944K)->18053K(18944K) NonClass: 15998K(16640K)->15998K(16640K) Class: 2054K(2304K)->2054K(2304K)
[172.274s][info][gc             ] GC(393) Pause Young (System.gc()) 1044M->85M(4029M) 24.690ms
[172.274s][info][gc,cpu         ] GC(393) User=0.16s Sys=0.03s Real=0.03s
[172.274s][info][gc,start       ] GC(394) Pause Full (System.gc())
[172.274s][info][gc,phases,start] GC(394) Phase 1: Mark live objects
[172.278s][info][gc,phases      ] GC(394) Phase 1: Mark live objects 4.305ms
[172.278s][info][gc,phases,start] GC(394) Phase 2: Compute new object addresses
[172.289s][info][gc,phases      ] GC(394) Phase 2: Compute new object addresses 10.788ms
[172.289s][info][gc,phases,start] GC(394) Phase 3: Adjust pointers
[172.292s][info][gc,phases      ] GC(394) Phase 3: Adjust pointers 2.988ms
[172.292s][info][gc,phases,start] GC(394) Phase 4: Move objects
[172.292s][info][gc,phases      ] GC(394) Phase 4: Move objects 0.008ms
[172.293s][info][gc,heap        ] GC(394) PSYoungGen: 45536K->0K(1329664K)
[172.293s][info][gc,heap        ] GC(394) PSOldGen: 42409K->42409K(2796544K)
[172.293s][info][gc,metaspace   ] GC(394) Metaspace: 18053K(18944K)->18053K(18944K) NonClass: 15998K(16640K)->15998K(16640K) Class: 2054K(2304K)->2054K(2304K)
[172.293s][info][gc             ] GC(394) Pause Full (System.gc()) 85M->41M(4029M) 18.806ms
[172.293s][info][gc,cpu         ] GC(394) User=0.02s Sys=0.00s Real=0.01s
[172.630s][info][gc,start       ] GC(395) Pause Young (Allocation Failure)
[172.632s][info][gc,heap        ] GC(395) PSYoungGen: 1284096K->3872K(1340928K)
[172.632s][info][gc,heap        ] GC(395) PSOldGen: 42409K->42409K(2796544K)
[172.632s][info][gc,metaspace   ] GC(395) Metaspace: 18054K(18944K)->18054K(18944K) NonClass: 16000K(16640K)->16000K(16640K) Class: 2054K(2304K)->2054K(2304K)
[172.632s][info][gc             ] GC(395) Pause Young (Allocation Failure) 1295M->45M(4040M) 2.377ms
[172.632s][info][gc,cpu         ] GC(395) User=0.00s Sys=0.00s Real=0.00s
[172.987s][info][gc,start       ] GC(396) Pause Young (Allocation Failure)
[172.990s][info][gc,heap        ] GC(396) PSYoungGen: 1287968K->4064K(1343488K)
[172.990s][info][gc,heap        ] GC(396) PSOldGen: 42409K->45729K(2796544K)
[172.990s][info][gc,metaspace   ] GC(396) Metaspace: 18054K(18944K)->18054K(18944K) NonClass: 16000K(16640K)->16000K(16640K) Class: 2054K(2304K)->2054K(2304K)
[172.990s][info][gc             ] GC(396) Pause Young (Allocation Failure) 1299M->48M(4043M) 3.582ms
[172.990s][info][gc,cpu         ] GC(396) User=0.00s Sys=0.00s Real=0.01s
[173.451s][info][gc,start       ] GC(397) Pause Young (Allocation Failure)
[173.459s][info][gc,heap        ] GC(397) PSYoungGen: 1291744K->14176K(1341952K)
[173.459s][info][gc,heap        ] GC(397) PSOldGen: 45729K->48177K(2796544K)
[173.459s][info][gc,metaspace   ] GC(397) Metaspace: 18054K(18944K)->18054K(18944K) NonClass: 16000K(16640K)->16000K(16640K) Class: 2054K(2304K)->2054K(2304K)
[173.459s][info][gc             ] GC(397) Pause Young (Allocation Failure) 1306M->60M(4041M) 7.466ms
[173.459s][info][gc,cpu         ] GC(397) User=0.00s Sys=0.00s Real=0.01s
[174.009s][info][gc,start       ] GC(398) Pause Young (Allocation Failure)
[174.020s][info][gc,heap        ] GC(398) PSYoungGen: 1301856K->15408K(1350656K)
[174.021s][info][gc,heap        ] GC(398) PSOldGen: 48177K->59497K(2796544K)
[174.021s][info][gc,metaspace   ] GC(398) Metaspace: 18054K(18944K)->18054K(18944K) NonClass: 16000K(16640K)->16000K(16640K) Class: 2054K(2304K)->2054K(2304K)
[174.021s][info][gc             ] GC(398) Pause Young (Allocation Failure) 1318M->73M(4050M) 11.402ms
[174.021s][info][gc,cpu         ] GC(398) User=0.00s Sys=0.00s Real=0.02s
[174.552s][info][gc,start       ] GC(399) Pause Young (Allocation Failure)
[174.561s][info][gc,heap        ] GC(399) PSYoungGen: 1315376K->5984K(1347072K)
[174.561s][info][gc,heap        ] GC(399) PSOldGen: 59497K->72722K(2796544K)
[174.561s][info][gc,metaspace   ] GC(399) Metaspace: 18054K(18944K)->18054K(18944K) NonClass: 16000K(16640K)->16000K(16640K) Class: 2054K(2304K)->2054K(2304K)
[174.561s][info][gc             ] GC(399) Pause Young (Allocation Failure) 1342M->76M(4046M) 8.650ms
[174.561s][info][gc,cpu         ] GC(399) User=0.08s Sys=0.02s Real=0.02s
[175.247s][info][gc,start       ] GC(400) Pause Young (System.gc())
[175.271s][info][gc,heap        ] GC(400) PSYoungGen: 1039956K->45536K(1329664K)
[175.271s][info][gc,heap        ] GC(400) PSOldGen: 72722K->80906K(2796544K)
[175.271s][info][gc,metaspace   ] GC(400) Metaspace: 18054K(18944K)->18054K(18944K) NonClass: 16000K(16640K)->16000K(16640K) Class: 2054K(2304K)->2054K(2304K)
[175.271s][info][gc             ] GC(400) Pause Young (System.gc()) 1086M->123M(4029M) 24.329ms
[175.271s][info][gc,cpu         ] GC(400) User=0.09s Sys=0.00s Real=0.03s
[175.271s][info][gc,start       ] GC(401) Pause Full (System.gc())
[175.271s][info][gc,phases,start] GC(401) Phase 1: Mark live objects
[175.276s][info][gc,phases      ] GC(401) Phase 1: Mark live objects 4.349ms
[175.276s][info][gc,phases,start] GC(401) Phase 2: Compute new object addresses
[175.287s][info][gc,phases      ] GC(401) Phase 2: Compute new object addresses 11.050ms
[175.287s][info][gc,phases,start] GC(401) Phase 3: Adjust pointers
[175.290s][info][gc,phases      ] GC(401) Phase 3: Adjust pointers 3.046ms
[175.290s][info][gc,phases,start] GC(401) Phase 4: Move objects
[175.290s][info][gc,phases      ] GC(401) Phase 4: Move objects 0.009ms
[175.290s][info][gc,heap        ] GC(401) PSYoungGen: 45536K->0K(1329664K)
[175.290s][info][gc,heap        ] GC(401) PSOldGen: 80906K->80906K(2796544K)
[175.290s][info][gc,metaspace   ] GC(401) Metaspace: 18054K(18944K)->18054K(18944K) NonClass: 16000K(16640K)->16000K(16640K) Class: 2054K(2304K)->2054K(2304K)
[175.290s][info][gc             ] GC(401) Pause Full (System.gc()) 123M->79M(4029M) 19.191ms
[175.290s][info][gc,cpu         ] GC(401) User=0.03s Sys=0.00s Real=0.02s
[175.703s][info][gc,start       ] GC(402) Pause Young (Allocation Failure)
[175.706s][info][gc,heap        ] GC(402) PSYoungGen: 1284096K->3904K(1340928K)
[175.706s][info][gc,heap        ] GC(402) PSOldGen: 80906K->80906K(2796544K)
[175.706s][info][gc,metaspace   ] GC(402) Metaspace: 18055K(18944K)->18055K(18944K) NonClass: 16000K(16640K)->16000K(16640K) Class: 2054K(2304K)->2054K(2304K)
[175.706s][info][gc             ] GC(402) Pause Young (Allocation Failure) 1333M->82M(4040M) 2.236ms
[175.706s][info][gc,cpu         ] GC(402) User=0.00s Sys=0.00s Real=0.00s
[176.043s][info][gc,start       ] GC(403) Pause Young (Allocation Failure)
[176.047s][info][gc,heap        ] GC(403) PSYoungGen: 1288000K->4032K(1343488K)
[176.047s][info][gc,heap        ] GC(403) PSOldGen: 80906K->84226K(2796544K)
[176.047s][info][gc,metaspace   ] GC(403) Metaspace: 18055K(18944K)->18055K(18944K) NonClass: 16000K(16640K)->16000K(16640K) Class: 2054K(2304K)->2054K(2304K)
[176.047s][info][gc             ] GC(403) Pause Young (Allocation Failure) 1336M->86M(4043M) 3.985ms
[176.047s][info][gc,cpu         ] GC(403) User=0.00s Sys=0.00s Real=0.02s
[176.510s][info][gc,start       ] GC(404) Pause Young (Allocation Failure)
[176.517s][info][gc,heap        ] GC(404) PSYoungGen: 1291712K->14208K(1341952K)
[176.517s][info][gc,heap        ] GC(404) PSOldGen: 84226K->86666K(2796544K)
[176.517s][info][gc,metaspace   ] GC(404) Metaspace: 18055K(18944K)->18055K(18944K) NonClass: 16000K(16640K)->16000K(16640K) Class: 2054K(2304K)->2054K(2304K)
[176.517s][info][gc             ] GC(404) Pause Young (Allocation Failure) 1343M->98M(4041M) 7.354ms
[176.517s][info][gc,cpu         ] GC(404) User=0.00s Sys=0.00s Real=0.01s
[177.068s][info][gc,start       ] GC(405) Pause Young (Allocation Failure)
[177.079s][info][gc,heap        ] GC(405) PSYoungGen: 1301888K->15376K(1350656K)
[177.079s][info][gc,heap        ] GC(405) PSOldGen: 86666K->97986K(2796544K)
[177.079s][info][gc,metaspace   ] GC(405) Metaspace: 18055K(18944K)->18055K(18944K) NonClass: 16000K(16640K)->16000K(16640K) Class: 2054K(2304K)->2054K(2304K)
[177.079s][info][gc             ] GC(405) Pause Young (Allocation Failure) 1356M->110M(4050M) 11.447ms
[177.079s][info][gc,cpu         ] GC(405) User=0.09s Sys=0.00s Real=0.01s
[177.609s][info][gc,start       ] GC(406) Pause Young (Allocation Failure)
[177.618s][info][gc,heap        ] GC(406) PSYoungGen: 1315344K->6000K(1347072K)
[177.618s][info][gc,heap        ] GC(406) PSOldGen: 97986K->111210K(2796544K)
[177.618s][info][gc,metaspace   ] GC(406) Metaspace: 18055K(18944K)->18055K(18944K) NonClass: 16000K(16640K)->16000K(16640K) Class: 2054K(2304K)->2054K(2304K)
[177.618s][info][gc             ] GC(406) Pause Young (Allocation Failure) 1380M->114M(4046M) 8.603ms
[177.618s][info][gc,cpu         ] GC(406) User=0.09s Sys=0.00s Real=0.01s
[178.302s][info][gc,start       ] GC(407) Pause Young (System.gc())
[178.327s][info][gc,heap        ] GC(407) PSYoungGen: 1035371K->45536K(1329664K)
[178.327s][info][gc,heap        ] GC(407) PSOldGen: 111210K->119394K(2796544K)
[178.327s][info][gc,metaspace   ] GC(407) Metaspace: 18055K(18944K)->18055K(18944K) NonClass: 16000K(16640K)->16000K(16640K) Class: 2054K(2304K)->2054K(2304K)
[178.327s][info][gc             ] GC(407) Pause Young (System.gc()) 1119M->161M(4029M) 24.583ms
[178.327s][info][gc,cpu         ] GC(407) User=0.16s Sys=0.00s Real=0.03s
[178.327s][info][gc,start       ] GC(408) Pause Full (System.gc())
[178.327s][info][gc,phases,start] GC(408) Phase 1: Mark live objects
[178.332s][info][gc,phases      ] GC(408) Phase 1: Mark live objects 4.792ms
[178.332s][info][gc,phases,start] GC(408) Phase 2: Compute new object addresses
[178.343s][info][gc,phases      ] GC(408) Phase 2: Compute new object addresses 10.739ms
[178.343s][info][gc,phases,start] GC(408) Phase 3: Adjust pointers
[178.346s][info][gc,phases      ] GC(408) Phase 3: Adjust pointers 3.018ms
[178.346s][info][gc,phases,start] GC(408) Phase 4: Move objects
[178.346s][info][gc,phases      ] GC(408) Phase 4: Move objects 0.010ms
[178.346s][info][gc,heap        ] GC(408) PSYoungGen: 45536K->0K(1329664K)
[178.346s][info][gc,heap        ] GC(408) PSOldGen: 119394K->119394K(2796544K)
[178.346s][info][gc,metaspace   ] GC(408) Metaspace: 18055K(18944K)->18055K(18944K) NonClass: 16000K(16640K)->16000K(16640K) Class: 2054K(2304K)->2054K(2304K)
[178.346s][info][gc             ] GC(408) Pause Full (System.gc()) 161M->116M(4029M) 19.449ms
[178.346s][info][gc,cpu         ] GC(408) User=0.02s Sys=0.00s Real=0.01s
[178.686s][info][gc,start       ] GC(409) Pause Young (Allocation Failure)
[178.688s][info][gc,heap        ] GC(409) PSYoungGen: 1284096K->3904K(1340928K)
[178.688s][info][gc,heap        ] GC(409) PSOldGen: 119394K->119394K(2796544K)
[178.688s][info][gc,metaspace   ] GC(409) Metaspace: 18055K(18944K)->18055K(18944K) NonClass: 16000K(16640K)->16000K(16640K) Class: 2054K(2304K)->2054K(2304K)
[178.688s][info][gc             ] GC(409) Pause Young (Allocation Failure) 1370M->120M(4040M) 2.172ms
[178.688s][info][gc,cpu         ] GC(409) User=0.00s Sys=0.00s Real=0.00s
[179.006s][info][gc,start       ] GC(410) Pause Young (Allocation Failure)
[179.010s][info][gc,heap        ] GC(410) PSYoungGen: 1288000K->4128K(1343488K)
[179.010s][info][gc,heap        ] GC(410) PSOldGen: 119394K->122722K(2796544K)
[179.010s][info][gc,metaspace   ] GC(410) Metaspace: 18055K(18944K)->18055K(18944K) NonClass: 16000K(16640K)->16000K(16640K) Class: 2054K(2304K)->2054K(2304K)
[179.010s][info][gc             ] GC(410) Pause Young (Allocation Failure) 1374M->123M(4043M) 3.684ms
[179.010s][info][gc,cpu         ] GC(410) User=0.08s Sys=0.02s Real=0.01s
[179.474s][info][gc,start       ] GC(411) Pause Young (Allocation Failure)
[179.481s][info][gc,heap        ] GC(411) PSYoungGen: 1291808K->14272K(1341952K)
[179.481s][info][gc,heap        ] GC(411) PSOldGen: 122722K->125170K(2796544K)
[179.481s][info][gc,metaspace   ] GC(411) Metaspace: 18055K(18944K)->18055K(18944K) NonClass: 16000K(16640K)->16000K(16640K) Class: 2054K(2304K)->2054K(2304K)
[179.481s][info][gc             ] GC(411) Pause Young (Allocation Failure) 1381M->136M(4041M) 7.309ms
[179.481s][info][gc,cpu         ] GC(411) User=0.08s Sys=0.02s Real=0.01s
[180.034s][info][gc,start       ] GC(412) Pause Young (Allocation Failure)
[180.045s][info][gc,heap        ] GC(412) PSYoungGen: 1301952K->15408K(1350656K)
[180.045s][info][gc,heap        ] GC(412) PSOldGen: 125170K->136490K(2796544K)
[180.045s][info][gc,metaspace   ] GC(412) Metaspace: 18055K(18944K)->18055K(18944K) NonClass: 16000K(16640K)->16000K(16640K) Class: 2054K(2304K)->2054K(2304K)
[180.045s][info][gc             ] GC(412) Pause Young (Allocation Failure) 1393M->148M(4050M) 11.521ms
[180.045s][info][gc,cpu         ] GC(412) User=0.09s Sys=0.00s Real=0.03s
[180.581s][info][gc,start       ] GC(413) Pause Young (Allocation Failure)
[180.589s][info][gc,heap        ] GC(413) PSYoungGen: 1315376K->6144K(1347072K)
[180.589s][info][gc,heap        ] GC(413) PSOldGen: 136490K->149706K(2796544K)
[180.589s][info][gc,metaspace   ] GC(413) Metaspace: 18055K(18944K)->18055K(18944K) NonClass: 16000K(16640K)->16000K(16640K) Class: 2054K(2304K)->2054K(2304K)
[180.589s][info][gc             ] GC(413) Pause Young (Allocation Failure) 1417M->152M(4046M) 8.692ms
[180.589s][info][gc,cpu         ] GC(413) User=0.09s Sys=0.00s Real=0.01s
[181.262s][info][gc,start       ] GC(414) Pause Young (System.gc())
[181.286s][info][gc,heap        ] GC(414) PSYoungGen: 1019668K->45536K(1329664K)
[181.286s][info][gc,heap        ] GC(414) PSOldGen: 149706K->157882K(2796544K)
[181.286s][info][gc,metaspace   ] GC(414) Metaspace: 18055K(18944K)->18055K(18944K) NonClass: 16000K(16640K)->16000K(16640K) Class: 2054K(2304K)->2054K(2304K)
[181.286s][info][gc             ] GC(414) Pause Young (System.gc()) 1141M->198M(4029M) 24.375ms
[181.286s][info][gc,cpu         ] GC(414) User=0.09s Sys=0.00s Real=0.02s
[181.286s][info][gc,start       ] GC(415) Pause Full (System.gc())
[181.286s][info][gc,phases,start] GC(415) Phase 1: Mark live objects
[181.290s][info][gc,phases      ] GC(415) Phase 1: Mark live objects 4.357ms
[181.290s][info][gc,phases,start] GC(415) Phase 2: Compute new object addresses
[181.301s][info][gc,phases      ] GC(415) Phase 2: Compute new object addresses 11.010ms
[181.302s][info][gc,phases,start] GC(415) Phase 3: Adjust pointers
[181.305s][info][gc,phases      ] GC(415) Phase 3: Adjust pointers 3.058ms
[181.305s][info][gc,phases,start] GC(415) Phase 4: Move objects
[181.305s][info][gc,phases      ] GC(415) Phase 4: Move objects 0.009ms
[181.305s][info][gc,heap        ] GC(415) PSYoungGen: 45536K->0K(1329664K)
[181.305s][info][gc,heap        ] GC(415) PSOldGen: 157882K->3953K(2796544K)
[181.305s][info][gc,metaspace   ] GC(415) Metaspace: 18055K(18944K)->18055K(18944K) NonClass: 16000K(16640K)->16000K(16640K) Class: 2054K(2304K)->2054K(2304K)
[181.305s][info][gc             ] GC(415) Pause Full (System.gc()) 198M->3M(4029M) 19.166ms
[181.305s][info][gc,cpu         ] GC(415) User=0.02s Sys=0.00s Real=0.02s
[181.692s][info][gc,start       ] GC(416) Pause Young (Allocation Failure)
[181.695s][info][gc,heap        ] GC(416) PSYoungGen: 1284096K->3872K(1340928K)
[181.695s][info][gc,heap        ] GC(416) PSOldGen: 3953K->3953K(2796544K)
[181.695s][info][gc,metaspace   ] GC(416) Metaspace: 18055K(18944K)->18055K(18944K) NonClass: 16000K(16640K)->16000K(16640K) Class: 2054K(2304K)->2054K(2304K)
[181.695s][info][gc             ] GC(416) Pause Young (Allocation Failure) 1257M->7M(4040M) 2.243ms
[181.695s][info][gc,cpu         ] GC(416) User=0.02s Sys=0.00s Real=0.00s
[182.082s][info][gc,start       ] GC(417) Pause Young (Allocation Failure)
[182.086s][info][gc,heap        ] GC(417) PSYoungGen: 1287968K->4064K(1343488K)
[182.086s][info][gc,heap        ] GC(417) PSOldGen: 3953K->7273K(2796544K)
[182.086s][info][gc,metaspace   ] GC(417) Metaspace: 18055K(18944K)->18055K(18944K) NonClass: 16000K(16640K)->16000K(16640K) Class: 2054K(2304K)->2054K(2304K)
[182.086s][info][gc             ] GC(417) Pause Young (Allocation Failure) 1261M->11M(4043M) 3.684ms
[182.086s][info][gc,cpu         ] GC(417) User=0.09s Sys=0.00s Real=0.01s
[182.585s][info][gc,start       ] GC(418) Pause Young (Allocation Failure)
[182.592s][info][gc,heap        ] GC(418) PSYoungGen: 1291744K->14272K(1341952K)
[182.592s][info][gc,heap        ] GC(418) PSOldGen: 7273K->9721K(2796544K)
[182.592s][info][gc,metaspace   ] GC(418) Metaspace: 18055K(18944K)->18055K(18944K) NonClass: 16000K(16640K)->16000K(16640K) Class: 2054K(2304K)->2054K(2304K)
[182.592s][info][gc             ] GC(418) Pause Young (Allocation Failure) 1268M->23M(4041M) 7.243ms
[182.592s][info][gc,cpu         ] GC(418) User=0.09s Sys=0.00s Real=0.01s
[183.143s][info][gc,start       ] GC(419) Pause Young (Allocation Failure)
[183.155s][info][gc,heap        ] GC(419) PSYoungGen: 1301952K->15376K(1350656K)
[183.155s][info][gc,heap        ] GC(419) PSOldGen: 9721K->21049K(2796544K)
[183.155s][info][gc,metaspace   ] GC(419) Metaspace: 18055K(18944K)->18055K(18944K) NonClass: 16000K(16640K)->16000K(16640K) Class: 2054K(2304K)->2054K(2304K)
[183.155s][info][gc             ] GC(419) Pause Young (Allocation Failure) 1280M->35M(4050M) 12.511ms
[183.155s][info][gc,cpu         ] GC(419) User=0.06s Sys=0.02s Real=0.02s
[183.688s][info][gc,start       ] GC(420) Pause Young (Allocation Failure)
[183.697s][info][gc,heap        ] GC(420) PSYoungGen: 1315344K->6432K(1347072K)
[183.697s][info][gc,heap        ] GC(420) PSOldGen: 21049K->34265K(2796544K)
[183.697s][info][gc,metaspace   ] GC(420) Metaspace: 18055K(18944K)->18055K(18944K) NonClass: 16000K(16640K)->16000K(16640K) Class: 2054K(2304K)->2054K(2304K)
[183.697s][info][gc             ] GC(420) Pause Young (Allocation Failure) 1305M->39M(4046M) 8.610ms
[183.697s][info][gc,cpu         ] GC(420) User=0.09s Sys=0.00s Real=0.02s
[184.375s][info][gc,start       ] GC(421) Pause Young (System.gc())
[184.399s][info][gc,heap        ] GC(421) PSYoungGen: 1029530K->45536K(1329664K)
[184.399s][info][gc,heap        ] GC(421) PSOldGen: 34265K->42441K(2796544K)
[184.399s][info][gc,metaspace   ] GC(421) Metaspace: 18055K(18944K)->18055K(18944K) NonClass: 16000K(16640K)->16000K(16640K) Class: 2054K(2304K)->2054K(2304K)
[184.399s][info][gc             ] GC(421) Pause Young (System.gc()) 1038M->85M(4029M) 24.357ms
[184.400s][info][gc,cpu         ] GC(421) User=0.19s Sys=0.00s Real=0.04s
[184.400s][info][gc,start       ] GC(422) Pause Full (System.gc())
[184.400s][info][gc,phases,start] GC(422) Phase 1: Mark live objects
[184.404s][info][gc,phases      ] GC(422) Phase 1: Mark live objects 4.362ms
[184.404s][info][gc,phases,start] GC(422) Phase 2: Compute new object addresses
[184.415s][info][gc,phases      ] GC(422) Phase 2: Compute new object addresses 10.987ms
[184.415s][info][gc,phases,start] GC(422) Phase 3: Adjust pointers
[184.418s][info][gc,phases      ] GC(422) Phase 3: Adjust pointers 3.009ms
[184.418s][info][gc,phases,start] GC(422) Phase 4: Move objects
[184.418s][info][gc,phases      ] GC(422) Phase 4: Move objects 0.008ms
[184.419s][info][gc,heap        ] GC(422) PSYoungGen: 45536K->0K(1329664K)
[184.419s][info][gc,heap        ] GC(422) PSOldGen: 42441K->42441K(2796544K)
[184.419s][info][gc,metaspace   ] GC(422) Metaspace: 18055K(18944K)->18055K(18944K) NonClass: 16000K(16640K)->16000K(16640K) Class: 2054K(2304K)->2054K(2304K)
[184.419s][info][gc             ] GC(422) Pause Full (System.gc()) 85M->41M(4029M) 19.098ms
[184.419s][info][gc,cpu         ] GC(422) User=0.02s Sys=0.00s Real=0.01s
[184.735s][info][gc,start       ] GC(423) Pause Young (Allocation Failure)
[184.737s][info][gc,heap        ] GC(423) PSYoungGen: 1284096K->3904K(1340928K)
[184.737s][info][gc,heap        ] GC(423) PSOldGen: 42441K->42441K(2796544K)
[184.737s][info][gc,metaspace   ] GC(423) Metaspace: 18055K(18944K)->18055K(18944K) NonClass: 16000K(16640K)->16000K(16640K) Class: 2054K(2304K)->2054K(2304K)
[184.737s][info][gc             ] GC(423) Pause Young (Allocation Failure) 1295M->45M(4040M) 2.131ms
[184.737s][info][gc,cpu         ] GC(423) User=0.00s Sys=0.00s Real=0.00s
[185.102s][info][gc,start       ] GC(424) Pause Young (Allocation Failure)
[185.106s][info][gc,heap        ] GC(424) PSYoungGen: 1288000K->4096K(1344000K)
[185.106s][info][gc,heap        ] GC(424) PSOldGen: 42441K->45761K(2796544K)
[185.106s][info][gc,metaspace   ] GC(424) Metaspace: 18055K(18944K)->18055K(18944K) NonClass: 16000K(16640K)->16000K(16640K) Class: 2054K(2304K)->2054K(2304K)
[185.106s][info][gc             ] GC(424) Pause Young (Allocation Failure) 1299M->48M(4043M) 3.710ms
[185.106s][info][gc,cpu         ] GC(424) User=0.00s Sys=0.00s Real=0.01s
[185.595s][info][gc,start       ] GC(425) Pause Young (Allocation Failure)
[185.603s][info][gc,heap        ] GC(425) PSYoungGen: 1292288K->14272K(1341952K)
[185.603s][info][gc,heap        ] GC(425) PSOldGen: 45761K->48209K(2796544K)
[185.603s][info][gc,metaspace   ] GC(425) Metaspace: 18055K(18944K)->18055K(18944K) NonClass: 16000K(16640K)->16000K(16640K) Class: 2054K(2304K)->2054K(2304K)
[185.603s][info][gc             ] GC(425) Pause Young (Allocation Failure) 1306M->61M(4041M) 7.383ms
[185.603s][info][gc,cpu         ] GC(425) User=0.08s Sys=0.02s Real=0.01s
[186.159s][info][gc,start       ] GC(426) Pause Young (Allocation Failure)
[186.170s][info][gc,heap        ] GC(426) PSYoungGen: 1302464K->15392K(1350656K)
[186.170s][info][gc,heap        ] GC(426) PSOldGen: 48209K->59529K(2796544K)
[186.170s][info][gc,metaspace   ] GC(426) Metaspace: 18055K(18944K)->18055K(18944K) NonClass: 16000K(16640K)->16000K(16640K) Class: 2054K(2304K)->2054K(2304K)
[186.170s][info][gc             ] GC(426) Pause Young (Allocation Failure) 1319M->73M(4050M) 11.353ms
[186.170s][info][gc,cpu         ] GC(426) User=0.08s Sys=0.02s Real=0.02s
[186.705s][info][gc,start       ] GC(427) Pause Young (Allocation Failure)
[186.714s][info][gc,heap        ] GC(427) PSYoungGen: 1315360K->6048K(1347072K)
[186.714s][info][gc,heap        ] GC(427) PSOldGen: 59529K->72746K(2796544K)
[186.714s][info][gc,metaspace   ] GC(427) Metaspace: 18055K(18944K)->18055K(18944K) NonClass: 16000K(16640K)->16000K(16640K) Class: 2054K(2304K)->2054K(2304K)
[186.714s][info][gc             ] GC(427) Pause Young (Allocation Failure) 1342M->76M(4046M) 8.973ms
[186.714s][info][gc,cpu         ] GC(427) User=0.09s Sys=0.00s Real=0.02s
[187.391s][info][gc,start       ] GC(428) Pause Young (System.gc())
[187.415s][info][gc,heap        ] GC(428) PSYoungGen: 1014942K->45536K(1329664K)
[187.415s][info][gc,heap        ] GC(428) PSOldGen: 72746K->80922K(2796544K)
[187.415s][info][gc,metaspace   ] GC(428) Metaspace: 18055K(18944K)->18055K(18944K) NonClass: 16000K(16640K)->16000K(16640K) Class: 2054K(2304K)->2054K(2304K)
[187.415s][info][gc             ] GC(428) Pause Young (System.gc()) 1062M->123M(4029M) 24.248ms
[187.415s][info][gc,cpu         ] GC(428) User=0.17s Sys=0.02s Real=0.02s
[187.415s][info][gc,start       ] GC(429) Pause Full (System.gc())
[187.415s][info][gc,phases,start] GC(429) Phase 1: Mark live objects
[187.419s][info][gc,phases      ] GC(429) Phase 1: Mark live objects 4.355ms
[187.419s][info][gc,phases,start] GC(429) Phase 2: Compute new object addresses
[187.430s][info][gc,phases      ] GC(429) Phase 2: Compute new object addresses 11.090ms
[187.431s][info][gc,phases,start] GC(429) Phase 3: Adjust pointers
[187.434s][info][gc,phases      ] GC(429) Phase 3: Adjust pointers 2.984ms
[187.434s][info][gc,phases,start] GC(429) Phase 4: Move objects
[187.434s][info][gc,phases      ] GC(429) Phase 4: Move objects 0.018ms
[187.434s][info][gc,heap        ] GC(429) PSYoungGen: 45536K->0K(1329664K)
[187.434s][info][gc,heap        ] GC(429) PSOldGen: 80922K->80922K(2796544K)
[187.434s][info][gc,metaspace   ] GC(429) Metaspace: 18055K(18944K)->18055K(18944K) NonClass: 16000K(16640K)->16000K(16640K) Class: 2054K(2304K)->2054K(2304K)
[187.434s][info][gc             ] GC(429) Pause Full (System.gc()) 123M->79M(4029M) 19.203ms
[187.434s][info][gc,cpu         ] GC(429) User=0.02s Sys=0.00s Real=0.01s
[187.863s][info][gc,start       ] GC(430) Pause Young (Allocation Failure)
[187.865s][info][gc,heap        ] GC(430) PSYoungGen: 1284096K->3904K(1340928K)
[187.865s][info][gc,heap        ] GC(430) PSOldGen: 80922K->80922K(2796544K)
[187.865s][info][gc,metaspace   ] GC(430) Metaspace: 18055K(18944K)->18055K(18944K) NonClass: 16000K(16640K)->16000K(16640K) Class: 2054K(2304K)->2054K(2304K)
[187.865s][info][gc             ] GC(430) Pause Young (Allocation Failure) 1333M->82M(4040M) 2.294ms
[187.865s][info][gc,cpu         ] GC(430) User=0.00s Sys=0.00s Real=0.00s
[188.228s][info][gc,start       ] GC(431) Pause Young (Allocation Failure)
[188.232s][info][gc,heap        ] GC(431) PSYoungGen: 1288000K->4064K(1343488K)
[188.232s][info][gc,heap        ] GC(431) PSOldGen: 80922K->84250K(2796544K)
[188.232s][info][gc,metaspace   ] GC(431) Metaspace: 18055K(18944K)->18055K(18944K) NonClass: 16000K(16640K)->16000K(16640K) Class: 2054K(2304K)->2054K(2304K)
[188.232s][info][gc             ] GC(431) Pause Young (Allocation Failure) 1336M->86M(4043M) 3.639ms
[188.232s][info][gc,cpu         ] GC(431) User=0.00s Sys=0.00s Real=0.01s
[188.701s][info][gc,start       ] GC(432) Pause Young (Allocation Failure)
[188.711s][info][gc,heap        ] GC(432) PSYoungGen: 1291744K->14240K(1341952K)
[188.711s][info][gc,heap        ] GC(432) PSOldGen: 84250K->86682K(2796544K)
[188.711s][info][gc,metaspace   ] GC(432) Metaspace: 18055K(18944K)->18055K(18944K) NonClass: 16000K(16640K)->16000K(16640K) Class: 2054K(2304K)->2054K(2304K)
[188.711s][info][gc             ] GC(432) Pause Young (Allocation Failure) 1343M->98M(4041M) 9.411ms
[188.711s][info][gc,cpu         ] GC(432) User=0.06s Sys=0.00s Real=0.02s
[189.267s][info][gc,start       ] GC(433) Pause Young (Allocation Failure)
[189.278s][info][gc,heap        ] GC(433) PSYoungGen: 1301920K->15360K(1350656K)
[189.278s][info][gc,heap        ] GC(433) PSOldGen: 86682K->97994K(2796544K)
[189.278s][info][gc,metaspace   ] GC(433) Metaspace: 18055K(18944K)->18055K(18944K) NonClass: 16000K(16640K)->16000K(16640K) Class: 2054K(2304K)->2054K(2304K)
[189.278s][info][gc             ] GC(433) Pause Young (Allocation Failure) 1356M->110M(4050M) 11.175ms
[189.278s][info][gc,cpu         ] GC(433) User=0.09s Sys=0.00s Real=0.01s
[189.808s][info][gc,start       ] GC(434) Pause Young (Allocation Failure)
[189.817s][info][gc,heap        ] GC(434) PSYoungGen: 1315328K->6000K(1347072K)
[189.817s][info][gc,heap        ] GC(434) PSOldGen: 97994K->111218K(2796544K)
[189.817s][info][gc,metaspace   ] GC(434) Metaspace: 18055K(18944K)->18055K(18944K) NonClass: 16000K(16640K)->16000K(16640K) Class: 2054K(2304K)->2054K(2304K)
[189.817s][info][gc             ] GC(434) Pause Young (Allocation Failure) 1380M->114M(4046M) 8.417ms
[189.817s][info][gc,cpu         ] GC(434) User=0.00s Sys=0.00s Real=0.01s
[190.515s][info][gc,start       ] GC(435) Pause Young (System.gc())
[190.540s][info][gc,heap        ] GC(435) PSYoungGen: 1028366K->45536K(1329664K)
[190.540s][info][gc,heap        ] GC(435) PSOldGen: 111218K->119402K(2796544K)
[190.540s][info][gc,metaspace   ] GC(435) Metaspace: 18055K(18944K)->18055K(18944K) NonClass: 16000K(16640K)->16000K(16640K) Class: 2054K(2304K)->2054K(2304K)
[190.540s][info][gc             ] GC(435) Pause Young (System.gc()) 1112M->161M(4029M) 25.220ms
[190.540s][info][gc,cpu         ] GC(435) User=0.19s Sys=0.00s Real=0.03s
[190.540s][info][gc,start       ] GC(436) Pause Full (System.gc())
[190.540s][info][gc,phases,start] GC(436) Phase 1: Mark live objects
[190.545s][info][gc,phases      ] GC(436) Phase 1: Mark live objects 4.457ms
[190.545s][info][gc,phases,start] GC(436) Phase 2: Compute new object addresses
[190.556s][info][gc,phases      ] GC(436) Phase 2: Compute new object addresses 10.823ms
[190.556s][info][gc,phases,start] GC(436) Phase 3: Adjust pointers
[190.559s][info][gc,phases      ] GC(436) Phase 3: Adjust pointers 3.011ms
[190.559s][info][gc,phases,start] GC(436) Phase 4: Move objects
[190.559s][info][gc,phases      ] GC(436) Phase 4: Move objects 0.008ms
[190.559s][info][gc,heap        ] GC(436) PSYoungGen: 45536K->0K(1329664K)
[190.559s][info][gc,heap        ] GC(436) PSOldGen: 119402K->119402K(2796544K)
[190.559s][info][gc,metaspace   ] GC(436) Metaspace: 18055K(18944K)->18055K(18944K) NonClass: 16000K(16640K)->16000K(16640K) Class: 2054K(2304K)->2054K(2304K)
[190.559s][info][gc             ] GC(436) Pause Full (System.gc()) 161M->116M(4029M) 19.044ms
[190.559s][info][gc,cpu         ] GC(436) User=0.02s Sys=0.00s Real=0.01s
[190.880s][info][gc,start       ] GC(437) Pause Young (Allocation Failure)
[190.883s][info][gc,heap        ] GC(437) PSYoungGen: 1284096K->3872K(1340928K)
[190.883s][info][gc,heap        ] GC(437) PSOldGen: 119402K->119402K(2796544K)
[190.883s][info][gc,metaspace   ] GC(437) Metaspace: 18055K(18944K)->18055K(18944K) NonClass: 16000K(16640K)->16000K(16640K) Class: 2054K(2304K)->2054K(2304K)
[190.883s][info][gc             ] GC(437) Pause Young (Allocation Failure) 1370M->120M(4040M) 2.420ms
[190.883s][info][gc,cpu         ] GC(437) User=0.09s Sys=0.00s Real=0.01s
[191.260s][info][gc,start       ] GC(438) Pause Young (Allocation Failure)
[191.263s][info][gc,heap        ] GC(438) PSYoungGen: 1287968K->4064K(1343488K)
[191.264s][info][gc,heap        ] GC(438) PSOldGen: 119402K->122730K(2796544K)
[191.264s][info][gc,metaspace   ] GC(438) Metaspace: 18055K(18944K)->18055K(18944K) NonClass: 16000K(16640K)->16000K(16640K) Class: 2054K(2304K)->2054K(2304K)
[191.264s][info][gc             ] GC(438) Pause Young (Allocation Failure) 1374M->123M(4043M) 3.786ms
[191.264s][info][gc,cpu         ] GC(438) User=0.00s Sys=0.00s Real=0.01s
[191.725s][info][gc,start       ] GC(439) Pause Young (Allocation Failure)
[191.732s][info][gc,heap        ] GC(439) PSYoungGen: 1291744K->14288K(1341952K)
[191.732s][info][gc,heap        ] GC(439) PSOldGen: 122730K->125186K(2796544K)
[191.732s][info][gc,metaspace   ] GC(439) Metaspace: 18055K(18944K)->18055K(18944K) NonClass: 16000K(16640K)->16000K(16640K) Class: 2054K(2304K)->2054K(2304K)
[191.732s][info][gc             ] GC(439) Pause Young (Allocation Failure) 1381M->136M(4041M) 7.433ms
[191.732s][info][gc,cpu         ] GC(439) User=0.09s Sys=0.00s Real=0.01s
[192.286s][info][gc,start       ] GC(440) Pause Young (Allocation Failure)
[192.297s][info][gc,heap        ] GC(440) PSYoungGen: 1301968K->15408K(1350656K)
[192.297s][info][gc,heap        ] GC(440) PSOldGen: 125186K->136498K(2796544K)
[192.297s][info][gc,metaspace   ] GC(440) Metaspace: 18055K(18944K)->18055K(18944K) NonClass: 16000K(16640K)->16000K(16640K) Class: 2054K(2304K)->2054K(2304K)
[192.297s][info][gc             ] GC(440) Pause Young (Allocation Failure) 1393M->148M(4050M) 11.370ms
[192.297s][info][gc,cpu         ] GC(440) User=0.09s Sys=0.00s Real=0.02s
[192.828s][info][gc,start       ] GC(441) Pause Young (Allocation Failure)
[192.836s][info][gc,heap        ] GC(441) PSYoungGen: 1315376K->5936K(1347072K)
[192.836s][info][gc,heap        ] GC(441) PSOldGen: 136498K->149706K(2796544K)
[192.836s][info][gc,metaspace   ] GC(441) Metaspace: 18055K(18944K)->18055K(18944K) NonClass: 16000K(16640K)->16000K(16640K) Class: 2054K(2304K)->2054K(2304K)
[192.836s][info][gc             ] GC(441) Pause Young (Allocation Failure) 1417M->151M(4046M) 8.662ms
[192.836s][info][gc,cpu         ] GC(441) User=0.09s Sys=0.00s Real=0.01s
[193.521s][info][gc,start       ] GC(442) Pause Young (System.gc())
[193.546s][info][gc,heap        ] GC(442) PSYoungGen: 1046806K->45536K(1329664K)
[193.546s][info][gc,heap        ] GC(442) PSOldGen: 149706K->157882K(2796544K)
[193.546s][info][gc,metaspace   ] GC(442) Metaspace: 18055K(18944K)->18055K(18944K) NonClass: 16000K(16640K)->16000K(16640K) Class: 2054K(2304K)->2054K(2304K)
[193.546s][info][gc             ] GC(442) Pause Young (System.gc()) 1168M->198M(4029M) 24.535ms
[193.546s][info][gc,cpu         ] GC(442) User=0.17s Sys=0.00s Real=0.03s
[193.546s][info][gc,start       ] GC(443) Pause Full (System.gc())
[193.546s][info][gc,phases,start] GC(443) Phase 1: Mark live objects
[193.551s][info][gc,phases      ] GC(443) Phase 1: Mark live objects 5.376ms
[193.551s][info][gc,phases,start] GC(443) Phase 2: Compute new object addresses
[193.562s][info][gc,phases      ] GC(443) Phase 2: Compute new object addresses 10.608ms
[193.562s][info][gc,phases,start] GC(443) Phase 3: Adjust pointers
[193.565s][info][gc,phases      ] GC(443) Phase 3: Adjust pointers 3.037ms
[193.565s][info][gc,phases,start] GC(443) Phase 4: Move objects
[193.565s][info][gc,phases      ] GC(443) Phase 4: Move objects 0.009ms
[193.566s][info][gc,heap        ] GC(443) PSYoungGen: 45536K->0K(1329664K)
[193.566s][info][gc,heap        ] GC(443) PSOldGen: 157882K->3953K(2796544K)
[193.566s][info][gc,metaspace   ] GC(443) Metaspace: 18055K(18944K)->18055K(18944K) NonClass: 16000K(16640K)->16000K(16640K) Class: 2054K(2304K)->2054K(2304K)
[193.566s][info][gc             ] GC(443) Pause Full (System.gc()) 198M->3M(4029M) 19.918ms
[193.566s][info][gc,cpu         ] GC(443) User=0.02s Sys=0.00s Real=0.02s
[193.863s][info][gc,start       ] GC(444) Pause Young (Allocation Failure)
[193.865s][info][gc,heap        ] GC(444) PSYoungGen: 1284096K->3840K(1340928K)
[193.865s][info][gc,heap        ] GC(444) PSOldGen: 3953K->3953K(2796544K)
[193.865s][info][gc,metaspace   ] GC(444) Metaspace: 18056K(18944K)->18056K(18944K) NonClass: 16001K(16640K)->16001K(16640K) Class: 2054K(2304K)->2054K(2304K)
[193.865s][info][gc             ] GC(444) Pause Young (Allocation Failure) 1257M->7M(4040M) 2.483ms
[193.865s][info][gc,cpu         ] GC(444) User=0.00s Sys=0.00s Real=0.00s
[194.248s][info][gc,start       ] GC(445) Pause Young (Allocation Failure)
[194.252s][info][gc,heap        ] GC(445) PSYoungGen: 1287936K->4096K(1343488K)
[194.252s][info][gc,heap        ] GC(445) PSOldGen: 3953K->7265K(2796544K)
[194.252s][info][gc,metaspace   ] GC(445) Metaspace: 18056K(18944K)->18056K(18944K) NonClass: 16001K(16640K)->16001K(16640K) Class: 2054K(2304K)->2054K(2304K)
[194.252s][info][gc             ] GC(445) Pause Young (Allocation Failure) 1261M->11M(4043M) 3.401ms
[194.252s][info][gc,cpu         ] GC(445) User=0.00s Sys=0.00s Real=0.00s
[194.712s][info][gc,start       ] GC(446) Pause Young (Allocation Failure)
[194.720s][info][gc,heap        ] GC(446) PSYoungGen: 1291776K->14240K(1341952K)
[194.720s][info][gc,heap        ] GC(446) PSOldGen: 7265K->9705K(2796544K)
[194.720s][info][gc,metaspace   ] GC(446) Metaspace: 18056K(18944K)->18056K(18944K) NonClass: 16001K(16640K)->16001K(16640K) Class: 2054K(2304K)->2054K(2304K)
[194.720s][info][gc             ] GC(446) Pause Young (Allocation Failure) 1268M->23M(4041M) 7.438ms
[194.720s][info][gc,cpu         ] GC(446) User=0.00s Sys=0.00s Real=0.02s
[195.272s][info][gc,start       ] GC(447) Pause Young (Allocation Failure)
[195.283s][info][gc,heap        ] GC(447) PSYoungGen: 1301920K->15376K(1350656K)
[195.283s][info][gc,heap        ] GC(447) PSOldGen: 9705K->21033K(2796544K)
[195.283s][info][gc,metaspace   ] GC(447) Metaspace: 18056K(18944K)->18056K(18944K) NonClass: 16001K(16640K)->16001K(16640K) Class: 2054K(2304K)->2054K(2304K)
[195.283s][info][gc             ] GC(447) Pause Young (Allocation Failure) 1280M->35M(4050M) 11.207ms
[195.283s][info][gc,cpu         ] GC(447) User=0.09s Sys=0.00s Real=0.01s
[195.816s][info][gc,start       ] GC(448) Pause Young (Allocation Failure)
[195.825s][info][gc,heap        ] GC(448) PSYoungGen: 1315344K->7120K(1347072K)
[195.825s][info][gc,heap        ] GC(448) PSOldGen: 21033K->34257K(2796544K)
[195.825s][info][gc,metaspace   ] GC(448) Metaspace: 18056K(18944K)->18056K(18944K) NonClass: 16001K(16640K)->16001K(16640K) Class: 2054K(2304K)->2054K(2304K)
[195.825s][info][gc             ] GC(448) Pause Young (Allocation Failure) 1305M->40M(4046M) 8.735ms
[195.825s][info][gc,cpu         ] GC(448) User=0.09s Sys=0.00s Real=0.01s
[196.503s][info][gc,start       ] GC(449) Pause Young (System.gc())
[196.527s][info][gc,heap        ] GC(449) PSYoungGen: 1021807K->45536K(1329664K)
[196.527s][info][gc,heap        ] GC(449) PSOldGen: 34257K->42433K(2796544K)
[196.527s][info][gc,metaspace   ] GC(449) Metaspace: 18063K(18944K)->18063K(18944K) NonClass: 16009K(16640K)->16009K(16640K) Class: 2054K(2304K)->2054K(2304K)
[196.527s][info][gc             ] GC(449) Pause Young (System.gc()) 1031M->85M(4029M) 24.240ms
[196.527s][info][gc,cpu         ] GC(449) User=0.19s Sys=0.00s Real=0.03s
[196.527s][info][gc,start       ] GC(450) Pause Full (System.gc())
[196.527s][info][gc,phases,start] GC(450) Phase 1: Mark live objects
[196.532s][info][gc,phases      ] GC(450) Phase 1: Mark live objects 5.006ms
[196.532s][info][gc,phases,start] GC(450) Phase 2: Compute new object addresses
[196.543s][info][gc,phases      ] GC(450) Phase 2: Compute new object addresses 10.714ms
[196.543s][info][gc,phases,start] GC(450) Phase 3: Adjust pointers
[196.546s][info][gc,phases      ] GC(450) Phase 3: Adjust pointers 3.023ms
[196.546s][info][gc,phases,start] GC(450) Phase 4: Move objects
[196.546s][info][gc,phases      ] GC(450) Phase 4: Move objects 0.008ms
[196.546s][info][gc,heap        ] GC(450) PSYoungGen: 45536K->0K(1329664K)
[196.547s][info][gc,heap        ] GC(450) PSOldGen: 42433K->42433K(2796544K)
[196.547s][info][gc,metaspace   ] GC(450) Metaspace: 18063K(18944K)->18063K(18944K) NonClass: 16009K(16640K)->16009K(16640K) Class: 2054K(2304K)->2054K(2304K)
[196.547s][info][gc             ] GC(450) Pause Full (System.gc()) 85M->41M(4029M) 19.554ms
[196.547s][info][gc,cpu         ] GC(450) User=0.02s Sys=0.00s Real=0.02s
[196.896s][info][gc,start       ] GC(451) Pause Young (Allocation Failure)
[196.898s][info][gc,heap        ] GC(451) PSYoungGen: 1284096K->3872K(1340928K)
[196.898s][info][gc,heap        ] GC(451) PSOldGen: 42433K->42433K(2796544K)
[196.898s][info][gc,metaspace   ] GC(451) Metaspace: 18065K(18944K)->18065K(18944K) NonClass: 16011K(16640K)->16011K(16640K) Class: 2054K(2304K)->2054K(2304K)
[196.898s][info][gc             ] GC(451) Pause Young (Allocation Failure) 1295M->45M(4040M) 2.122ms
[196.898s][info][gc,cpu         ] GC(451) User=0.00s Sys=0.00s Real=0.00s
[197.300s][info][gc,start       ] GC(452) Pause Young (Allocation Failure)
[197.304s][info][gc,heap        ] GC(452) PSYoungGen: 1287968K->4064K(1344000K)
[197.304s][info][gc,heap        ] GC(452) PSOldGen: 42433K->45753K(2796544K)
[197.304s][info][gc,metaspace   ] GC(452) Metaspace: 18065K(18944K)->18065K(18944K) NonClass: 16011K(16640K)->16011K(16640K) Class: 2054K(2304K)->2054K(2304K)
[197.304s][info][gc             ] GC(452) Pause Young (Allocation Failure) 1299M->48M(4043M) 3.663ms
[197.304s][info][gc,cpu         ] GC(452) User=0.00s Sys=0.00s Real=0.00s
[197.797s][info][gc,start       ] GC(453) Pause Young (Allocation Failure)
[197.804s][info][gc,heap        ] GC(453) PSYoungGen: 1292768K->14240K(1342464K)
[197.804s][info][gc,heap        ] GC(453) PSOldGen: 45753K->48193K(2796544K)
[197.804s][info][gc,metaspace   ] GC(453) Metaspace: 18065K(18944K)->18065K(18944K) NonClass: 16011K(16640K)->16011K(16640K) Class: 2054K(2304K)->2054K(2304K)
[197.804s][info][gc             ] GC(453) Pause Young (Allocation Failure) 1307M->60M(4042M) 7.381ms
[197.804s][info][gc,cpu         ] GC(453) User=0.00s Sys=0.00s Real=0.01s
[198.356s][info][gc,start       ] GC(454) Pause Young (Allocation Failure)
[198.367s][info][gc,heap        ] GC(454) PSYoungGen: 1302944K->15408K(1350656K)
[198.367s][info][gc,heap        ] GC(454) PSOldGen: 48193K->59513K(2796544K)
[198.367s][info][gc,metaspace   ] GC(454) Metaspace: 18065K(18944K)->18065K(18944K) NonClass: 16011K(16640K)->16011K(16640K) Class: 2054K(2304K)->2054K(2304K)
[198.367s][info][gc             ] GC(454) Pause Young (Allocation Failure) 1319M->73M(4050M) 11.293ms
[198.367s][info][gc,cpu         ] GC(454) User=0.09s Sys=0.00s Real=0.02s
[198.901s][info][gc,start       ] GC(455) Pause Young (Allocation Failure)
[198.909s][info][gc,heap        ] GC(455) PSYoungGen: 1315888K->5936K(1347584K)
[198.909s][info][gc,heap        ] GC(455) PSOldGen: 59513K->72738K(2796544K)
[198.909s][info][gc,metaspace   ] GC(455) Metaspace: 18065K(18944K)->18065K(18944K) NonClass: 16011K(16640K)->16011K(16640K) Class: 2054K(2304K)->2054K(2304K)
[198.909s][info][gc             ] GC(455) Pause Young (Allocation Failure) 1343M->76M(4047M) 8.571ms
[198.909s][info][gc,cpu         ] GC(455) User=0.00s Sys=0.00s Real=0.02s
[199.587s][info][gc,start       ] GC(456) Pause Young (System.gc())
[199.611s][info][gc,heap        ] GC(456) PSYoungGen: 1035081K->45536K(1329664K)
[199.611s][info][gc,heap        ] GC(456) PSOldGen: 72738K->80906K(2796544K)
[199.611s][info][gc,metaspace   ] GC(456) Metaspace: 18065K(18944K)->18065K(18944K) NonClass: 16011K(16640K)->16011K(16640K) Class: 2054K(2304K)->2054K(2304K)
[199.611s][info][gc             ] GC(456) Pause Young (System.gc()) 1081M->123M(4029M) 24.560ms
[199.611s][info][gc,cpu         ] GC(456) User=0.09s Sys=0.00s Real=0.03s
[199.611s][info][gc,start       ] GC(457) Pause Full (System.gc())
[199.611s][info][gc,phases,start] GC(457) Phase 1: Mark live objects
[199.616s][info][gc,phases      ] GC(457) Phase 1: Mark live objects 4.740ms
[199.616s][info][gc,phases,start] GC(457) Phase 2: Compute new object addresses
[199.627s][info][gc,phases      ] GC(457) Phase 2: Compute new object addresses 10.750ms
[199.627s][info][gc,phases,start] GC(457) Phase 3: Adjust pointers
[199.631s][info][gc,phases      ] GC(457) Phase 3: Adjust pointers 4.153ms
[199.631s][info][gc,phases,start] GC(457) Phase 4: Move objects
[199.631s][info][gc,phases      ] GC(457) Phase 4: Move objects 0.010ms
[199.632s][info][gc,heap        ] GC(457) PSYoungGen: 45536K->0K(1329664K)
[199.632s][info][gc,heap        ] GC(457) PSOldGen: 80906K->80906K(2796544K)
[199.632s][info][gc,metaspace   ] GC(457) Metaspace: 18065K(18944K)->18065K(18944K) NonClass: 16011K(16640K)->16011K(16640K) Class: 2054K(2304K)->2054K(2304K)
[199.632s][info][gc             ] GC(457) Pause Full (System.gc()) 123M->79M(4029M) 20.433ms
[199.632s][info][gc,cpu         ] GC(457) User=0.02s Sys=0.00s Real=0.02s
[199.924s][info][gc,start       ] GC(458) Pause Young (Allocation Failure)
[199.926s][info][gc,heap        ] GC(458) PSYoungGen: 1284096K->3872K(1340928K)
[199.926s][info][gc,heap        ] GC(458) PSOldGen: 80906K->80906K(2796544K)
[199.926s][info][gc,metaspace   ] GC(458) Metaspace: 18066K(18944K)->18066K(18944K) NonClass: 16011K(16640K)->16011K(16640K) Class: 2054K(2304K)->2054K(2304K)
[199.926s][info][gc             ] GC(458) Pause Young (Allocation Failure) 1333M->82M(4040M) 2.290ms
[199.926s][info][gc,cpu         ] GC(458) User=0.00s Sys=0.00s Real=0.01s
[200.226s][info][gc,start       ] GC(459) Pause Young (Allocation Failure)
[200.229s][info][gc,heap        ] GC(459) PSYoungGen: 1287968K->4064K(1343488K)
[200.230s][info][gc,heap        ] GC(459) PSOldGen: 80906K->84218K(2796544K)
[200.230s][info][gc,metaspace   ] GC(459) Metaspace: 18066K(18944K)->18066K(18944K) NonClass: 16011K(16640K)->16011K(16640K) Class: 2054K(2304K)->2054K(2304K)
[200.230s][info][gc             ] GC(459) Pause Young (Allocation Failure) 1336M->86M(4043M) 3.574ms
[200.230s][info][gc,cpu         ] GC(459) User=0.02s Sys=0.00s Real=0.01s
[200.694s][info][gc,start       ] GC(460) Pause Young (Allocation Failure)
[200.701s][info][gc,heap        ] GC(460) PSYoungGen: 1291744K->14272K(1341952K)
[200.701s][info][gc,heap        ] GC(460) PSOldGen: 84218K->86666K(2796544K)
[200.701s][info][gc,metaspace   ] GC(460) Metaspace: 18066K(18944K)->18066K(18944K) NonClass: 16011K(16640K)->16011K(16640K) Class: 2054K(2304K)->2054K(2304K)
[200.701s][info][gc             ] GC(460) Pause Young (Allocation Failure) 1343M->98M(4041M) 7.373ms
[200.701s][info][gc,cpu         ] GC(460) User=0.09s Sys=0.00s Real=0.01s
[201.252s][info][gc,start       ] GC(461) Pause Young (Allocation Failure)
[201.263s][info][gc,heap        ] GC(461) PSYoungGen: 1301952K->15376K(1350656K)
[201.263s][info][gc,heap        ] GC(461) PSOldGen: 86666K->97986K(2796544K)
[201.263s][info][gc,metaspace   ] GC(461) Metaspace: 18066K(18944K)->18066K(18944K) NonClass: 16011K(16640K)->16011K(16640K) Class: 2054K(2304K)->2054K(2304K)
[201.263s][info][gc             ] GC(461) Pause Young (Allocation Failure) 1356M->110M(4050M) 11.415ms
[201.263s][info][gc,cpu         ] GC(461) User=0.09s Sys=0.00s Real=0.02s
[201.793s][info][gc,start       ] GC(462) Pause Young (Allocation Failure)
[201.801s][info][gc,heap        ] GC(462) PSYoungGen: 1315344K->6080K(1347072K)
[201.801s][info][gc,heap        ] GC(462) PSOldGen: 97986K->111210K(2796544K)
[201.801s][info][gc,metaspace   ] GC(462) Metaspace: 18066K(18944K)->18066K(18944K) NonClass: 16011K(16640K)->16011K(16640K) Class: 2054K(2304K)->2054K(2304K)
[201.801s][info][gc             ] GC(462) Pause Young (Allocation Failure) 1380M->114M(4046M) 8.608ms
[201.801s][info][gc,cpu         ] GC(462) User=0.00s Sys=0.00s Real=0.01s
[202.482s][info][gc,start       ] GC(463) Pause Young (System.gc())
[202.506s][info][gc,heap        ] GC(463) PSYoungGen: 1020904K->45536K(1329664K)
[202.506s][info][gc,heap        ] GC(463) PSOldGen: 111210K->119386K(2796544K)
[202.506s][info][gc,metaspace   ] GC(463) Metaspace: 18066K(18944K)->18066K(18944K) NonClass: 16011K(16640K)->16011K(16640K) Class: 2054K(2304K)->2054K(2304K)
[202.506s][info][gc             ] GC(463) Pause Young (System.gc()) 1105M->161M(4029M) 24.177ms
[202.506s][info][gc,cpu         ] GC(463) User=0.06s Sys=0.00s Real=0.03s
[202.506s][info][gc,start       ] GC(464) Pause Full (System.gc())
[202.506s][info][gc,phases,start] GC(464) Phase 1: Mark live objects
[202.511s][info][gc,phases      ] GC(464) Phase 1: Mark live objects 5.170ms
[202.511s][info][gc,phases,start] GC(464) Phase 2: Compute new object addresses
[202.522s][info][gc,phases      ] GC(464) Phase 2: Compute new object addresses 10.764ms
[202.522s][info][gc,phases,start] GC(464) Phase 3: Adjust pointers
[202.525s][info][gc,phases      ] GC(464) Phase 3: Adjust pointers 3.047ms
[202.525s][info][gc,phases,start] GC(464) Phase 4: Move objects
[202.525s][info][gc,phases      ] GC(464) Phase 4: Move objects 0.008ms
[202.526s][info][gc,heap        ] GC(464) PSYoungGen: 45536K->0K(1329664K)
[202.526s][info][gc,heap        ] GC(464) PSOldGen: 119386K->119386K(2796544K)
[202.526s][info][gc,metaspace   ] GC(464) Metaspace: 18066K(18944K)->18066K(18944K) NonClass: 16011K(16640K)->16011K(16640K) Class: 2054K(2304K)->2054K(2304K)
[202.526s][info][gc             ] GC(464) Pause Full (System.gc()) 161M->116M(4029M) 19.869ms
[202.526s][info][gc,cpu         ] GC(464) User=0.03s Sys=0.00s Real=0.02s
[202.911s][info][gc,start       ] GC(465) Pause Young (Allocation Failure)
[202.913s][info][gc,heap        ] GC(465) PSYoungGen: 1284096K->3872K(1340928K)
[202.913s][info][gc,heap        ] GC(465) PSOldGen: 119386K->119386K(2796544K)
[202.913s][info][gc,metaspace   ] GC(465) Metaspace: 18066K(18944K)->18066K(18944K) NonClass: 16011K(16640K)->16011K(16640K) Class: 2054K(2304K)->2054K(2304K)
[202.913s][info][gc             ] GC(465) Pause Young (Allocation Failure) 1370M->120M(4040M) 2.368ms
[202.913s][info][gc,cpu         ] GC(465) User=0.00s Sys=0.00s Real=0.01s
[203.291s][info][gc,start       ] GC(466) Pause Young (Allocation Failure)
[203.294s][info][gc,heap        ] GC(466) PSYoungGen: 1287968K->4128K(1343488K)
[203.294s][info][gc,heap        ] GC(466) PSOldGen: 119386K->122706K(2796544K)
[203.294s][info][gc,metaspace   ] GC(466) Metaspace: 18066K(18944K)->18066K(18944K) NonClass: 16011K(16640K)->16011K(16640K) Class: 2054K(2304K)->2054K(2304K)
[203.294s][info][gc             ] GC(466) Pause Young (Allocation Failure) 1374M->123M(4043M) 3.677ms
[203.294s][info][gc,cpu         ] GC(466) User=0.00s Sys=0.00s Real=0.01s
[203.796s][info][gc,start       ] GC(467) Pause Young (Allocation Failure)
[203.804s][info][gc,heap        ] GC(467) PSYoungGen: 1291808K->14240K(1341952K)
[203.804s][info][gc,heap        ] GC(467) PSOldGen: 122706K->125154K(2796544K)
[203.804s][info][gc,metaspace   ] GC(467) Metaspace: 18066K(18944K)->18066K(18944K) NonClass: 16011K(16640K)->16011K(16640K) Class: 2054K(2304K)->2054K(2304K)
[203.804s][info][gc             ] GC(467) Pause Young (Allocation Failure) 1381M->136M(4041M) 7.467ms
[203.804s][info][gc,cpu         ] GC(467) User=0.00s Sys=0.00s Real=0.02s
[204.357s][info][gc,start       ] GC(468) Pause Young (Allocation Failure)
[204.368s][info][gc,heap        ] GC(468) PSYoungGen: 1301920K->15408K(1350656K)
[204.368s][info][gc,heap        ] GC(468) PSOldGen: 125154K->136458K(2796544K)
[204.368s][info][gc,metaspace   ] GC(468) Metaspace: 18066K(18944K)->18066K(18944K) NonClass: 16011K(16640K)->16011K(16640K) Class: 2054K(2304K)->2054K(2304K)
[204.368s][info][gc             ] GC(468) Pause Young (Allocation Failure) 1393M->148M(4050M) 11.338ms
[204.368s][info][gc,cpu         ] GC(468) User=0.09s Sys=0.00s Real=0.01s
[204.902s][info][gc,start       ] GC(469) Pause Young (Allocation Failure)
[204.911s][info][gc,heap        ] GC(469) PSYoungGen: 1315376K->6544K(1347072K)
[204.911s][info][gc,heap        ] GC(469) PSOldGen: 136458K->149674K(2796544K)
[204.911s][info][gc,metaspace   ] GC(469) Metaspace: 18066K(18944K)->18066K(18944K) NonClass: 16011K(16640K)->16011K(16640K) Class: 2054K(2304K)->2054K(2304K)
[204.911s][info][gc             ] GC(469) Pause Young (Allocation Failure) 1417M->152M(4046M) 8.688ms
[204.911s][info][gc,cpu         ] GC(469) User=0.00s Sys=0.00s Real=0.01s
[205.587s][info][gc,start       ] GC(470) Pause Young (System.gc())
[205.612s][info][gc,heap        ] GC(470) PSYoungGen: 1018133K->45536K(1329664K)
[205.612s][info][gc,heap        ] GC(470) PSOldGen: 149674K->157850K(2796544K)
[205.612s][info][gc,metaspace   ] GC(470) Metaspace: 18066K(18944K)->18066K(18944K) NonClass: 16011K(16640K)->16011K(16640K) Class: 2054K(2304K)->2054K(2304K)
[205.612s][info][gc             ] GC(470) Pause Young (System.gc()) 1140M->198M(4029M) 24.489ms
[205.612s][info][gc,cpu         ] GC(470) User=0.08s Sys=0.02s Real=0.02s
[205.612s][info][gc,start       ] GC(471) Pause Full (System.gc())
[205.612s][info][gc,phases,start] GC(471) Phase 1: Mark live objects
[205.616s][info][gc,phases      ] GC(471) Phase 1: Mark live objects 4.351ms
[205.616s][info][gc,phases,start] GC(471) Phase 2: Compute new object addresses
[205.627s][info][gc,phases      ] GC(471) Phase 2: Compute new object addresses 10.733ms
[205.627s][info][gc,phases,start] GC(471) Phase 3: Adjust pointers
[205.630s][info][gc,phases      ] GC(471) Phase 3: Adjust pointers 3.011ms
[205.630s][info][gc,phases,start] GC(471) Phase 4: Move objects
[205.630s][info][gc,phases      ] GC(471) Phase 4: Move objects 0.010ms
[205.631s][info][gc,heap        ] GC(471) PSYoungGen: 45536K->0K(1329664K)
[205.631s][info][gc,heap        ] GC(471) PSOldGen: 157850K->3953K(2796544K)
[205.631s][info][gc,metaspace   ] GC(471) Metaspace: 18066K(18944K)->18066K(18944K) NonClass: 16011K(16640K)->16011K(16640K) Class: 2054K(2304K)->2054K(2304K)
[205.631s][info][gc             ] GC(471) Pause Full (System.gc()) 198M->3M(4029M) 18.840ms
[205.631s][info][gc,cpu         ] GC(471) User=0.02s Sys=0.00s Real=0.01s
[205.980s][info][gc,start       ] GC(472) Pause Young (Allocation Failure)
[205.982s][info][gc,heap        ] GC(472) PSYoungGen: 1284096K->3936K(1340928K)
[205.982s][info][gc,heap        ] GC(472) PSOldGen: 3953K->3953K(2796544K)
[205.982s][info][gc,metaspace   ] GC(472) Metaspace: 18066K(18944K)->18066K(18944K) NonClass: 16011K(16640K)->16011K(16640K) Class: 2054K(2304K)->2054K(2304K)
[205.982s][info][gc             ] GC(472) Pause Young (Allocation Failure) 1257M->7M(4040M) 2.255ms
[205.982s][info][gc,cpu         ] GC(472) User=0.00s Sys=0.00s Real=0.00s
[206.355s][info][gc,start       ] GC(473) Pause Young (Allocation Failure)
[206.358s][info][gc,heap        ] GC(473) PSYoungGen: 1288032K->4096K(1344000K)
[206.358s][info][gc,heap        ] GC(473) PSOldGen: 3953K->7273K(2796544K)
[206.358s][info][gc,metaspace   ] GC(473) Metaspace: 18066K(18944K)->18066K(18944K) NonClass: 16011K(16640K)->16011K(16640K) Class: 2054K(2304K)->2054K(2304K)
[206.358s][info][gc             ] GC(473) Pause Young (Allocation Failure) 1261M->11M(4043M) 3.494ms
[206.358s][info][gc,cpu         ] GC(473) User=0.00s Sys=0.00s Real=0.00s
[206.844s][info][gc,start       ] GC(474) Pause Young (Allocation Failure)
[206.852s][info][gc,heap        ] GC(474) PSYoungGen: 1292288K->14304K(1341952K)
[206.852s][info][gc,heap        ] GC(474) PSOldGen: 7273K->9721K(2796544K)
[206.852s][info][gc,metaspace   ] GC(474) Metaspace: 18066K(18944K)->18066K(18944K) NonClass: 16011K(16640K)->16011K(16640K) Class: 2054K(2304K)->2054K(2304K)
[206.852s][info][gc             ] GC(474) Pause Young (Allocation Failure) 1269M->23M(4041M) 7.717ms
[206.852s][info][gc,cpu         ] GC(474) User=0.09s Sys=0.00s Real=0.01s
[207.403s][info][gc,start       ] GC(475) Pause Young (Allocation Failure)
[207.414s][info][gc,heap        ] GC(475) PSYoungGen: 1302496K->15440K(1350656K)
[207.414s][info][gc,heap        ] GC(475) PSOldGen: 9721K->21033K(2796544K)
[207.414s][info][gc,metaspace   ] GC(475) Metaspace: 18066K(18944K)->18066K(18944K) NonClass: 16011K(16640K)->16011K(16640K) Class: 2054K(2304K)->2054K(2304K)
[207.414s][info][gc             ] GC(475) Pause Young (Allocation Failure) 1281M->35M(4050M) 11.183ms
[207.414s][info][gc,cpu         ] GC(475) User=0.09s Sys=0.00s Real=0.01s
[207.957s][info][gc,start       ] GC(476) Pause Young (Allocation Failure)
[207.965s][info][gc,heap        ] GC(476) PSYoungGen: 1315408K->6048K(1347072K)
[207.965s][info][gc,heap        ] GC(476) PSOldGen: 21033K->34265K(2796544K)
[207.965s][info][gc,metaspace   ] GC(476) Metaspace: 18066K(18944K)->18066K(18944K) NonClass: 16011K(16640K)->16011K(16640K) Class: 2054K(2304K)->2054K(2304K)
[207.965s][info][gc             ] GC(476) Pause Young (Allocation Failure) 1305M->39M(4046M) 8.618ms
[207.965s][info][gc,cpu         ] GC(476) User=0.09s Sys=0.00s Real=0.01s
[208.634s][info][gc,start       ] GC(477) Pause Young (System.gc())
[208.659s][info][gc,heap        ] GC(477) PSYoungGen: 1009348K->45536K(1329664K)
[208.659s][info][gc,heap        ] GC(477) PSOldGen: 34265K->42449K(2796544K)
[208.659s][info][gc,metaspace   ] GC(477) Metaspace: 18066K(18944K)->18066K(18944K) NonClass: 16011K(16640K)->16011K(16640K) Class: 2054K(2304K)->2054K(2304K)
[208.659s][info][gc             ] GC(477) Pause Young (System.gc()) 1019M->85M(4029M) 24.875ms
[208.659s][info][gc,cpu         ] GC(477) User=0.09s Sys=0.00s Real=0.02s
[208.659s][info][gc,start       ] GC(478) Pause Full (System.gc())
[208.659s][info][gc,phases,start] GC(478) Phase 1: Mark live objects
[208.664s][info][gc,phases      ] GC(478) Phase 1: Mark live objects 4.330ms
[208.664s][info][gc,phases,start] GC(478) Phase 2: Compute new object addresses
[208.674s][info][gc,phases      ] GC(478) Phase 2: Compute new object addresses 10.761ms
[208.674s][info][gc,phases,start] GC(478) Phase 3: Adjust pointers
[208.677s][info][gc,phases      ] GC(478) Phase 3: Adjust pointers 3.019ms
[208.677s][info][gc,phases,start] GC(478) Phase 4: Move objects
[208.677s][info][gc,phases      ] GC(478) Phase 4: Move objects 0.008ms
[208.678s][info][gc,heap        ] GC(478) PSYoungGen: 45536K->0K(1329664K)
[208.678s][info][gc,heap        ] GC(478) PSOldGen: 42449K->42449K(2796544K)
[208.678s][info][gc,metaspace   ] GC(478) Metaspace: 18066K(18944K)->18066K(18944K) NonClass: 16011K(16640K)->16011K(16640K) Class: 2054K(2304K)->2054K(2304K)
[208.678s][info][gc             ] GC(478) Pause Full (System.gc()) 85M->41M(4029M) 18.888ms
[208.678s][info][gc,cpu         ] GC(478) User=0.02s Sys=0.00s Real=0.01s
[209.037s][info][gc,start       ] GC(479) Pause Young (Allocation Failure)
[209.039s][info][gc,heap        ] GC(479) PSYoungGen: 1284096K->3872K(1340928K)
[209.039s][info][gc,heap        ] GC(479) PSOldGen: 42449K->42449K(2796544K)
[209.039s][info][gc,metaspace   ] GC(479) Metaspace: 18066K(18944K)->18066K(18944K) NonClass: 16011K(16640K)->16011K(16640K) Class: 2054K(2304K)->2054K(2304K)
[209.039s][info][gc             ] GC(479) Pause Young (Allocation Failure) 1295M->45M(4040M) 2.359ms
[209.039s][info][gc,cpu         ] GC(479) User=0.09s Sys=0.00s Real=0.00s
[209.440s][info][gc,start       ] GC(480) Pause Young (Allocation Failure)
[209.443s][info][gc,heap        ] GC(480) PSYoungGen: 1287968K->4064K(1343488K)
[209.443s][info][gc,heap        ] GC(480) PSOldGen: 42449K->45785K(2796544K)
[209.443s][info][gc,metaspace   ] GC(480) Metaspace: 18066K(18944K)->18066K(18944K) NonClass: 16011K(16640K)->16011K(16640K) Class: 2054K(2304K)->2054K(2304K)
[209.443s][info][gc             ] GC(480) Pause Young (Allocation Failure) 1299M->48M(4043M) 3.628ms
[209.443s][info][gc,cpu         ] GC(480) User=0.00s Sys=0.00s Real=0.00s
[209.938s][info][gc,start       ] GC(481) Pause Young (Allocation Failure)
[209.945s][info][gc,heap        ] GC(481) PSYoungGen: 1291744K->14240K(1341952K)
[209.946s][info][gc,heap        ] GC(481) PSOldGen: 45785K->48233K(2796544K)
[209.946s][info][gc,metaspace   ] GC(481) Metaspace: 18066K(18944K)->18066K(18944K) NonClass: 16011K(16640K)->16011K(16640K) Class: 2054K(2304K)->2054K(2304K)
[209.946s][info][gc             ] GC(481) Pause Young (Allocation Failure) 1306M->61M(4041M) 7.491ms
[209.946s][info][gc,cpu         ] GC(481) User=0.09s Sys=0.00s Real=0.02s
[210.497s][info][gc,start       ] GC(482) Pause Young (Allocation Failure)
[210.508s][info][gc,heap        ] GC(482) PSYoungGen: 1301920K->15376K(1350656K)
[210.508s][info][gc,heap        ] GC(482) PSOldGen: 48233K->59553K(2796544K)
[210.508s][info][gc,metaspace   ] GC(482) Metaspace: 18066K(18944K)->18066K(18944K) NonClass: 16011K(16640K)->16011K(16640K) Class: 2054K(2304K)->2054K(2304K)
[210.508s][info][gc             ] GC(482) Pause Young (Allocation Failure) 1318M->73M(4050M) 11.240ms
[210.508s][info][gc,cpu         ] GC(482) User=0.08s Sys=0.00s Real=0.02s
[211.041s][info][gc,start       ] GC(483) Pause Young (Allocation Failure)
[211.049s][info][gc,heap        ] GC(483) PSYoungGen: 1315344K->5968K(1347072K)
[211.049s][info][gc,heap        ] GC(483) PSOldGen: 59553K->72778K(2796544K)
[211.049s][info][gc,metaspace   ] GC(483) Metaspace: 18066K(18944K)->18066K(18944K) NonClass: 16011K(16640K)->16011K(16640K) Class: 2054K(2304K)->2054K(2304K)
[211.050s][info][gc             ] GC(483) Pause Young (Allocation Failure) 1342M->76M(4046M) 8.572ms
[211.050s][info][gc,cpu         ] GC(483) User=0.00s Sys=0.00s Real=0.02s
[211.736s][info][gc,start       ] GC(484) Pause Young (System.gc())
[211.760s][info][gc,heap        ] GC(484) PSYoungGen: 1034412K->45536K(1329664K)
[211.760s][info][gc,heap        ] GC(484) PSOldGen: 72778K->80970K(2796544K)
[211.760s][info][gc,metaspace   ] GC(484) Metaspace: 18066K(18944K)->18066K(18944K) NonClass: 16011K(16640K)->16011K(16640K) Class: 2054K(2304K)->2054K(2304K)
[211.760s][info][gc             ] GC(484) Pause Young (System.gc()) 1081M->123M(4029M) 24.390ms
[211.760s][info][gc,cpu         ] GC(484) User=0.16s Sys=0.02s Real=0.03s
[211.760s][info][gc,start       ] GC(485) Pause Full (System.gc())
[211.760s][info][gc,phases,start] GC(485) Phase 1: Mark live objects
[211.765s][info][gc,phases      ] GC(485) Phase 1: Mark live objects 4.598ms
[211.765s][info][gc,phases,start] GC(485) Phase 2: Compute new object addresses
[211.776s][info][gc,phases      ] GC(485) Phase 2: Compute new object addresses 10.927ms
[211.776s][info][gc,phases,start] GC(485) Phase 3: Adjust pointers
[211.779s][info][gc,phases      ] GC(485) Phase 3: Adjust pointers 3.000ms
[211.779s][info][gc,phases,start] GC(485) Phase 4: Move objects
[211.779s][info][gc,phases      ] GC(485) Phase 4: Move objects 0.008ms
[211.779s][info][gc,heap        ] GC(485) PSYoungGen: 45536K->0K(1329664K)
[211.779s][info][gc,heap        ] GC(485) PSOldGen: 80970K->80970K(2796544K)
[211.779s][info][gc,metaspace   ] GC(485) Metaspace: 18066K(18944K)->18066K(18944K) NonClass: 16011K(16640K)->16011K(16640K) Class: 2054K(2304K)->2054K(2304K)
[211.779s][info][gc             ] GC(485) Pause Full (System.gc()) 123M->79M(4029M) 19.344ms
[211.779s][info][gc,cpu         ] GC(485) User=0.02s Sys=0.00s Real=0.02s
[212.082s][info][gc,start       ] GC(486) Pause Young (Allocation Failure)
[212.084s][info][gc,heap        ] GC(486) PSYoungGen: 1284096K->3408K(1340928K)
[212.084s][info][gc,heap        ] GC(486) PSOldGen: 80970K->80970K(2796544K)
[212.084s][info][gc,metaspace   ] GC(486) Metaspace: 18066K(18944K)->18066K(18944K) NonClass: 16011K(16640K)->16011K(16640K) Class: 2054K(2304K)->2054K(2304K)
[212.084s][info][gc             ] GC(486) Pause Young (Allocation Failure) 1333M->82M(4040M) 2.018ms
[212.084s][info][gc,cpu         ] GC(486) User=0.00s Sys=0.00s Real=0.00s
[212.453s][info][gc,start       ] GC(487) Pause Young (Allocation Failure)
[212.456s][info][gc,heap        ] GC(487) PSYoungGen: 1287504K->4976K(1344000K)
[212.456s][info][gc,heap        ] GC(487) PSOldGen: 80970K->82962K(2796544K)
[212.456s][info][gc,metaspace   ] GC(487) Metaspace: 18066K(18944K)->18066K(18944K) NonClass: 16011K(16640K)->16011K(16640K) Class: 2054K(2304K)->2054K(2304K)
[212.456s][info][gc             ] GC(487) Pause Young (Allocation Failure) 1336M->85M(4043M) 3.320ms
[212.456s][info][gc,cpu         ] GC(487) User=0.00s Sys=0.00s Real=0.01s
[212.964s][info][gc,start       ] GC(488) Pause Young (Allocation Failure)
[212.971s][info][gc,heap        ] GC(488) PSYoungGen: 1293168K->13824K(1341952K)
[212.971s][info][gc,heap        ] GC(488) PSOldGen: 82962K->86610K(2796544K)
[212.971s][info][gc,metaspace   ] GC(488) Metaspace: 18066K(18944K)->18066K(18944K) NonClass: 16011K(16640K)->16011K(16640K) Class: 2054K(2304K)->2054K(2304K)
[212.971s][info][gc             ] GC(488) Pause Young (Allocation Failure) 1343M->98M(4041M) 7.685ms
[212.971s][info][gc,cpu         ] GC(488) User=0.00s Sys=0.00s Real=0.01s
[213.523s][info][gc,start       ] GC(489) Pause Young (Allocation Failure)
[213.534s][info][gc,heap        ] GC(489) PSYoungGen: 1302016K->14976K(1350656K)
[213.534s][info][gc,heap        ] GC(489) PSOldGen: 86610K->97922K(2796544K)
[213.534s][info][gc,metaspace   ] GC(489) Metaspace: 18066K(18944K)->18066K(18944K) NonClass: 16011K(16640K)->16011K(16640K) Class: 2054K(2304K)->2054K(2304K)
[213.534s][info][gc             ] GC(489) Pause Young (Allocation Failure) 1356M->110M(4050M) 11.289ms
[213.534s][info][gc,cpu         ] GC(489) User=0.00s Sys=0.00s Real=0.02s
[214.064s][info][gc,start       ] GC(490) Pause Young (Allocation Failure)
[214.073s][info][gc,heap        ] GC(490) PSYoungGen: 1314944K->5584K(1347072K)
[214.073s][info][gc,heap        ] GC(490) PSOldGen: 97922K->111138K(2796544K)
[214.073s][info][gc,metaspace   ] GC(490) Metaspace: 18066K(18944K)->18066K(18944K) NonClass: 16011K(16640K)->16011K(16640K) Class: 2054K(2304K)->2054K(2304K)
[214.073s][info][gc             ] GC(490) Pause Young (Allocation Failure) 1379M->113M(4046M) 8.454ms
[214.073s][info][gc,cpu         ] GC(490) User=0.09s Sys=0.00s Real=0.01s
[214.812s][info][gc,start       ] GC(491) Pause Young (System.gc())
[214.838s][info][gc,heap        ] GC(491) PSYoungGen: 1160236K->45536K(1328640K)
[214.838s][info][gc,heap        ] GC(491) PSOldGen: 111138K->119322K(2796544K)
[214.838s][info][gc,metaspace   ] GC(491) Metaspace: 18066K(18944K)->18066K(18944K) NonClass: 16011K(16640K)->16011K(16640K) Class: 2054K(2304K)->2054K(2304K)
[214.838s][info][gc             ] GC(491) Pause Young (System.gc()) 1241M->160M(4028M) 25.620ms
[214.838s][info][gc,cpu         ] GC(491) User=0.19s Sys=0.00s Real=0.03s
[214.838s][info][gc,start       ] GC(492) Pause Full (System.gc())
[214.838s][info][gc,phases,start] GC(492) Phase 1: Mark live objects
[214.842s][info][gc,phases      ] GC(492) Phase 1: Mark live objects 4.549ms
[214.843s][info][gc,phases,start] GC(492) Phase 2: Compute new object addresses
[214.853s][info][gc,phases      ] GC(492) Phase 2: Compute new object addresses 10.785ms
[214.853s][info][gc,phases,start] GC(492) Phase 3: Adjust pointers
[214.856s][info][gc,phases      ] GC(492) Phase 3: Adjust pointers 3.049ms
[214.856s][info][gc,phases,start] GC(492) Phase 4: Move objects
[214.856s][info][gc,phases      ] GC(492) Phase 4: Move objects 0.009ms
[214.857s][info][gc,heap        ] GC(492) PSYoungGen: 45536K->0K(1328640K)
[214.857s][info][gc,heap        ] GC(492) PSOldGen: 119322K->119322K(2796544K)
[214.857s][info][gc,metaspace   ] GC(492) Metaspace: 18066K(18944K)->18066K(18944K) NonClass: 16011K(16640K)->16011K(16640K) Class: 2054K(2304K)->2054K(2304K)
[214.857s][info][gc             ] GC(492) Pause Full (System.gc()) 160M->116M(4028M) 19.186ms
[214.857s][info][gc,cpu         ] GC(492) User=0.02s Sys=0.00s Real=0.02s
[215.202s][info][gc,start       ] GC(493) Pause Young (Allocation Failure)
[215.205s][info][gc,heap        ] GC(493) PSYoungGen: 1283072K->3904K(1340416K)
[215.205s][info][gc,heap        ] GC(493) PSOldGen: 119322K->119322K(2796544K)
[215.205s][info][gc,metaspace   ] GC(493) Metaspace: 18066K(18944K)->18066K(18944K) NonClass: 16011K(16640K)->16011K(16640K) Class: 2054K(2304K)->2054K(2304K)
[215.205s][info][gc             ] GC(493) Pause Young (Allocation Failure) 1369M->120M(4040M) 2.444ms
[215.205s][info][gc,cpu         ] GC(493) User=0.00s Sys=0.00s Real=0.02s
[215.615s][info][gc,start       ] GC(494) Pause Young (Allocation Failure)
[215.618s][info][gc,heap        ] GC(494) PSYoungGen: 1286976K->4064K(1343488K)
[215.618s][info][gc,heap        ] GC(494) PSOldGen: 119322K->122642K(2796544K)
[215.618s][info][gc,metaspace   ] GC(494) Metaspace: 18066K(18944K)->18066K(18944K) NonClass: 16011K(16640K)->16011K(16640K) Class: 2054K(2304K)->2054K(2304K)
[215.618s][info][gc             ] GC(494) Pause Young (Allocation Failure) 1373M->123M(4043M) 3.676ms
[215.618s][info][gc,cpu         ] GC(494) User=0.09s Sys=0.00s Real=0.02s
[216.125s][info][gc,start       ] GC(495) Pause Young (Allocation Failure)
[216.132s][info][gc,heap        ] GC(495) PSYoungGen: 1291744K->14208K(1341952K)
[216.132s][info][gc,heap        ] GC(495) PSOldGen: 122642K->125090K(2796544K)
[216.132s][info][gc,metaspace   ] GC(495) Metaspace: 18066K(18944K)->18066K(18944K) NonClass: 16011K(16640K)->16011K(16640K) Class: 2054K(2304K)->2054K(2304K)
[216.132s][info][gc             ] GC(495) Pause Young (Allocation Failure) 1381M->136M(4041M) 7.357ms
[216.132s][info][gc,cpu         ] GC(495) User=0.02s Sys=0.00s Real=0.01s
[216.684s][info][gc,start       ] GC(496) Pause Young (Allocation Failure)
[216.696s][info][gc,heap        ] GC(496) PSYoungGen: 1301888K->15376K(1350656K)
[216.696s][info][gc,heap        ] GC(496) PSOldGen: 125090K->136410K(2796544K)
[216.696s][info][gc,metaspace   ] GC(496) Metaspace: 18066K(18944K)->18066K(18944K) NonClass: 16011K(16640K)->16011K(16640K) Class: 2054K(2304K)->2054K(2304K)
[216.696s][info][gc             ] GC(496) Pause Young (Allocation Failure) 1393M->148M(4050M) 11.482ms
[216.696s][info][gc,cpu         ] GC(496) User=0.09s Sys=0.00s Real=0.01s
[217.229s][info][gc,start       ] GC(497) Pause Young (Allocation Failure)
[217.238s][info][gc,heap        ] GC(497) PSYoungGen: 1315344K->5984K(1347072K)
[217.238s][info][gc,heap        ] GC(497) PSOldGen: 136410K->149626K(2796544K)
[217.238s][info][gc,metaspace   ] GC(497) Metaspace: 18066K(18944K)->18066K(18944K) NonClass: 16011K(16640K)->16011K(16640K) Class: 2054K(2304K)->2054K(2304K)
[217.238s][info][gc             ] GC(497) Pause Young (Allocation Failure) 1417M->151M(4046M) 9.028ms
[217.238s][info][gc,cpu         ] GC(497) User=0.00s Sys=0.00s Real=0.01s
[217.923s][info][gc,start       ] GC(498) Pause Young (System.gc())
[217.947s][info][gc,heap        ] GC(498) PSYoungGen: 1037823K->45536K(1329664K)
[217.947s][info][gc,heap        ] GC(498) PSOldGen: 149626K->157802K(2796544K)
[217.947s][info][gc,metaspace   ] GC(498) Metaspace: 18066K(18944K)->18066K(18944K) NonClass: 16011K(16640K)->16011K(16640K) Class: 2054K(2304K)->2054K(2304K)
[217.947s][info][gc             ] GC(498) Pause Young (System.gc()) 1159M->198M(4029M) 24.901ms
[217.948s][info][gc,cpu         ] GC(498) User=0.17s Sys=0.00s Real=0.04s
[217.948s][info][gc,start       ] GC(499) Pause Full (System.gc())
[217.948s][info][gc,phases,start] GC(499) Phase 1: Mark live objects
[217.952s][info][gc,phases      ] GC(499) Phase 1: Mark live objects 4.380ms
[217.952s][info][gc,phases,start] GC(499) Phase 2: Compute new object addresses
[217.963s][info][gc,phases      ] GC(499) Phase 2: Compute new object addresses 10.716ms
[217.963s][info][gc,phases,start] GC(499) Phase 3: Adjust pointers
[217.966s][info][gc,phases      ] GC(499) Phase 3: Adjust pointers 3.033ms
[217.966s][info][gc,phases,start] GC(499) Phase 4: Move objects
[217.966s][info][gc,phases      ] GC(499) Phase 4: Move objects 0.008ms
[217.966s][info][gc,heap        ] GC(499) PSYoungGen: 45536K->0K(1329664K)
[217.966s][info][gc,heap        ] GC(499) PSOldGen: 157802K->3953K(2796544K)
[217.966s][info][gc,metaspace   ] GC(499) Metaspace: 18066K(18944K)->18066K(18944K) NonClass: 16011K(16640K)->16011K(16640K) Class: 2054K(2304K)->2054K(2304K)
[217.966s][info][gc             ] GC(499) Pause Full (System.gc()) 198M->3M(4029M) 18.942ms
[217.967s][info][gc,cpu         ] GC(499) User=0.02s Sys=0.00s Real=0.02s
[218.374s][info][gc,start       ] GC(500) Pause Young (Allocation Failure)
[218.376s][info][gc,heap        ] GC(500) PSYoungGen: 1284096K->3872K(1340928K)
[218.377s][info][gc,heap        ] GC(500) PSOldGen: 3953K->3953K(2796544K)
[218.377s][info][gc,metaspace   ] GC(500) Metaspace: 18066K(18944K)->18066K(18944K) NonClass: 16011K(16640K)->16011K(16640K) Class: 2054K(2304K)->2054K(2304K)
[218.377s][info][gc             ] GC(500) Pause Young (Allocation Failure) 1257M->7M(4040M) 2.184ms
[218.377s][info][gc,cpu         ] GC(500) User=0.00s Sys=0.00s Real=0.00s
[218.834s][info][gc,start       ] GC(501) Pause Young (Allocation Failure)
[218.838s][info][gc,heap        ] GC(501) PSYoungGen: 1287968K->4064K(1343488K)
[218.838s][info][gc,heap        ] GC(501) PSOldGen: 3953K->7273K(2796544K)
[218.838s][info][gc,metaspace   ] GC(501) Metaspace: 18066K(18944K)->18066K(18944K) NonClass: 16011K(16640K)->16011K(16640K) Class: 2054K(2304K)->2054K(2304K)
[218.838s][info][gc             ] GC(501) Pause Young (Allocation Failure) 1261M->11M(4043M) 3.658ms
[218.838s][info][gc,cpu         ] GC(501) User=0.08s Sys=0.02s Real=0.01s
[219.302s][info][gc,start       ] GC(502) Pause Young (Allocation Failure)
[219.309s][info][gc,heap        ] GC(502) PSYoungGen: 1291744K->14240K(1341952K)
[219.309s][info][gc,heap        ] GC(502) PSOldGen: 7273K->9713K(2796544K)
[219.309s][info][gc,metaspace   ] GC(502) Metaspace: 18066K(18944K)->18066K(18944K) NonClass: 16011K(16640K)->16011K(16640K) Class: 2054K(2304K)->2054K(2304K)
[219.310s][info][gc             ] GC(502) Pause Young (Allocation Failure) 1268M->23M(4041M) 7.489ms
[219.310s][info][gc,cpu         ] GC(502) User=0.09s Sys=0.00s Real=0.02s
[219.859s][info][gc,start       ] GC(503) Pause Young (Allocation Failure)
[219.870s][info][gc,heap        ] GC(503) PSYoungGen: 1301920K->15408K(1350656K)
[219.870s][info][gc,heap        ] GC(503) PSOldGen: 9713K->21025K(2796544K)
[219.870s][info][gc,metaspace   ] GC(503) Metaspace: 18066K(18944K)->18066K(18944K) NonClass: 16011K(16640K)->16011K(16640K) Class: 2054K(2304K)->2054K(2304K)
[219.870s][info][gc             ] GC(503) Pause Young (Allocation Failure) 1280M->35M(4050M) 10.963ms
[219.870s][info][gc,cpu         ] GC(503) User=0.09s Sys=0.00s Real=0.01s
[220.402s][info][gc,start       ] GC(504) Pause Young (Allocation Failure)
[220.411s][info][gc,heap        ] GC(504) PSYoungGen: 1315376K->6272K(1347072K)
[220.411s][info][gc,heap        ] GC(504) PSOldGen: 21025K->34233K(2796544K)
[220.411s][info][gc,metaspace   ] GC(504) Metaspace: 18066K(18944K)->18066K(18944K) NonClass: 16011K(16640K)->16011K(16640K) Class: 2054K(2304K)->2054K(2304K)
[220.411s][info][gc             ] GC(504) Pause Young (Allocation Failure) 1305M->39M(4046M) 8.671ms
[220.411s][info][gc,cpu         ] GC(504) User=0.00s Sys=0.00s Real=0.01s
[221.090s][info][gc,start       ] GC(505) Pause Young (System.gc())
[221.115s][info][gc,heap        ] GC(505) PSYoungGen: 1027560K->45536K(1329664K)
[221.115s][info][gc,heap        ] GC(505) PSOldGen: 34233K->42417K(2796544K)
[221.115s][info][gc,metaspace   ] GC(505) Metaspace: 18066K(18944K)->18066K(18944K) NonClass: 16011K(16640K)->16011K(16640K) Class: 2054K(2304K)->2054K(2304K)
[221.115s][info][gc             ] GC(505) Pause Young (System.gc()) 1036M->85M(4029M) 24.856ms
[221.115s][info][gc,cpu         ] GC(505) User=0.09s Sys=0.00s Real=0.03s
[221.115s][info][gc,start       ] GC(506) Pause Full (System.gc())
[221.115s][info][gc,phases,start] GC(506) Phase 1: Mark live objects
[221.120s][info][gc,phases      ] GC(506) Phase 1: Mark live objects 4.345ms
[221.120s][info][gc,phases,start] GC(506) Phase 2: Compute new object addresses
[221.131s][info][gc,phases      ] GC(506) Phase 2: Compute new object addresses 10.770ms
[221.131s][info][gc,phases,start] GC(506) Phase 3: Adjust pointers
[221.134s][info][gc,phases      ] GC(506) Phase 3: Adjust pointers 3.018ms
[221.134s][info][gc,phases,start] GC(506) Phase 4: Move objects
[221.134s][info][gc,phases      ] GC(506) Phase 4: Move objects 0.009ms
[221.134s][info][gc,heap        ] GC(506) PSYoungGen: 45536K->0K(1329664K)
[221.134s][info][gc,heap        ] GC(506) PSOldGen: 42417K->42417K(2796544K)
[221.134s][info][gc,metaspace   ] GC(506) Metaspace: 18066K(18944K)->18066K(18944K) NonClass: 16011K(16640K)->16011K(16640K) Class: 2054K(2304K)->2054K(2304K)
[221.134s][info][gc             ] GC(506) Pause Full (System.gc()) 85M->41M(4029M) 18.868ms
[221.134s][info][gc,cpu         ] GC(506) User=0.03s Sys=0.00s Real=0.01s
[221.456s][info][gc,start       ] GC(507) Pause Young (Allocation Failure)
[221.458s][info][gc,heap        ] GC(507) PSYoungGen: 1284096K->3872K(1340928K)
[221.458s][info][gc,heap        ] GC(507) PSOldGen: 42417K->42417K(2796544K)
[221.458s][info][gc,metaspace   ] GC(507) Metaspace: 18066K(18944K)->18066K(18944K) NonClass: 16011K(16640K)->16011K(16640K) Class: 2054K(2304K)->2054K(2304K)
[221.458s][info][gc             ] GC(507) Pause Young (Allocation Failure) 1295M->45M(4040M) 2.331ms
[221.458s][info][gc,cpu         ] GC(507) User=0.00s Sys=0.00s Real=0.01s
[221.840s][info][gc,start       ] GC(508) Pause Young (Allocation Failure)
[221.844s][info][gc,heap        ] GC(508) PSYoungGen: 1287968K->4096K(1344000K)
[221.844s][info][gc,heap        ] GC(508) PSOldGen: 42417K->45737K(2796544K)
[221.844s][info][gc,metaspace   ] GC(508) Metaspace: 18066K(18944K)->18066K(18944K) NonClass: 16011K(16640K)->16011K(16640K) Class: 2054K(2304K)->2054K(2304K)
[221.844s][info][gc             ] GC(508) Pause Young (Allocation Failure) 1299M->48M(4043M) 3.722ms
[221.844s][info][gc,cpu         ] GC(508) User=0.00s Sys=0.00s Real=0.02s
[222.307s][info][gc,start       ] GC(509) Pause Young (Allocation Failure)
[222.315s][info][gc,heap        ] GC(509) PSYoungGen: 1292288K->14176K(1341952K)
[222.315s][info][gc,heap        ] GC(509) PSOldGen: 45737K->48177K(2796544K)
[222.315s][info][gc,metaspace   ] GC(509) Metaspace: 18066K(18944K)->18066K(18944K) NonClass: 16011K(16640K)->16011K(16640K) Class: 2054K(2304K)->2054K(2304K)
[222.315s][info][gc             ] GC(509) Pause Young (Allocation Failure) 1306M->60M(4041M) 7.373ms
[222.315s][info][gc,cpu         ] GC(509) User=0.00s Sys=0.00s Real=0.01s
[222.865s][info][gc,start       ] GC(510) Pause Young (Allocation Failure)
[222.876s][info][gc,heap        ] GC(510) PSYoungGen: 1302368K->15344K(1350656K)
[222.876s][info][gc,heap        ] GC(510) PSOldGen: 48177K->59489K(2796544K)
[222.876s][info][gc,metaspace   ] GC(510) Metaspace: 18066K(18944K)->18066K(18944K) NonClass: 16011K(16640K)->16011K(16640K) Class: 2054K(2304K)->2054K(2304K)
[222.876s][info][gc             ] GC(510) Pause Young (Allocation Failure) 1318M->73M(4050M) 11.580ms
[222.876s][info][gc,cpu         ] GC(510) User=0.09s Sys=0.00s Real=0.02s
[223.406s][info][gc,start       ] GC(511) Pause Young (Allocation Failure)
[223.415s][info][gc,heap        ] GC(511) PSYoungGen: 1315312K->5952K(1347072K)
[223.415s][info][gc,heap        ] GC(511) PSOldGen: 59489K->72722K(2796544K)
[223.415s][info][gc,metaspace   ] GC(511) Metaspace: 18066K(18944K)->18066K(18944K) NonClass: 16011K(16640K)->16011K(16640K) Class: 2054K(2304K)->2054K(2304K)
[223.415s][info][gc             ] GC(511) Pause Young (Allocation Failure) 1342M->76M(4046M) 8.694ms
[223.415s][info][gc,cpu         ] GC(511) User=0.09s Sys=0.00s Real=0.01s
[224.098s][info][gc,start       ] GC(512) Pause Young (System.gc())
[224.122s][info][gc,heap        ] GC(512) PSYoungGen: 1034395K->45536K(1329664K)
[224.122s][info][gc,heap        ] GC(512) PSOldGen: 72722K->80906K(2796544K)
[224.122s][info][gc,metaspace   ] GC(512) Metaspace: 18066K(18944K)->18066K(18944K) NonClass: 16011K(16640K)->16011K(16640K) Class: 2054K(2304K)->2054K(2304K)
[224.122s][info][gc             ] GC(512) Pause Young (System.gc()) 1081M->123M(4029M) 24.414ms
[224.122s][info][gc,cpu         ] GC(512) User=0.17s Sys=0.02s Real=0.03s
[224.122s][info][gc,start       ] GC(513) Pause Full (System.gc())
[224.122s][info][gc,phases,start] GC(513) Phase 1: Mark live objects
[224.127s][info][gc,phases      ] GC(513) Phase 1: Mark live objects 5.037ms
[224.127s][info][gc,phases,start] GC(513) Phase 2: Compute new object addresses
[224.138s][info][gc,phases      ] GC(513) Phase 2: Compute new object addresses 10.733ms
[224.138s][info][gc,phases,start] GC(513) Phase 3: Adjust pointers
[224.141s][info][gc,phases      ] GC(513) Phase 3: Adjust pointers 3.004ms
[224.141s][info][gc,phases,start] GC(513) Phase 4: Move objects
[224.141s][info][gc,phases      ] GC(513) Phase 4: Move objects 0.008ms
[224.142s][info][gc,heap        ] GC(513) PSYoungGen: 45536K->0K(1329664K)
[224.142s][info][gc,heap        ] GC(513) PSOldGen: 80906K->80906K(2796544K)
[224.142s][info][gc,metaspace   ] GC(513) Metaspace: 18066K(18944K)->18066K(18944K) NonClass: 16011K(16640K)->16011K(16640K) Class: 2054K(2304K)->2054K(2304K)
[224.142s][info][gc             ] GC(513) Pause Full (System.gc()) 123M->79M(4029M) 19.589ms
[224.142s][info][gc,cpu         ] GC(513) User=0.02s Sys=0.00s Real=0.02s
[224.514s][info][gc,start       ] GC(514) Pause Young (Allocation Failure)
[224.516s][info][gc,heap        ] GC(514) PSYoungGen: 1284096K->3904K(1340928K)
[224.516s][info][gc,heap        ] GC(514) PSOldGen: 80906K->80906K(2796544K)
[224.516s][info][gc,metaspace   ] GC(514) Metaspace: 18066K(18944K)->18066K(18944K) NonClass: 16011K(16640K)->16011K(16640K) Class: 2054K(2304K)->2054K(2304K)
[224.516s][info][gc             ] GC(514) Pause Young (Allocation Failure) 1333M->82M(4040M) 2.269ms
[224.516s][info][gc,cpu         ] GC(514) User=0.00s Sys=0.00s Real=0.00s
[224.919s][info][gc,start       ] GC(515) Pause Young (Allocation Failure)
[224.923s][info][gc,heap        ] GC(515) PSYoungGen: 1288000K->4064K(1343488K)
[224.923s][info][gc,heap        ] GC(515) PSOldGen: 80906K->84226K(2796544K)
[224.923s][info][gc,metaspace   ] GC(515) Metaspace: 18066K(18944K)->18066K(18944K) NonClass: 16011K(16640K)->16011K(16640K) Class: 2054K(2304K)->2054K(2304K)
[224.923s][info][gc             ] GC(515) Pause Young (Allocation Failure) 1336M->86M(4043M) 3.679ms
[224.923s][info][gc,cpu         ] GC(515) User=0.00s Sys=0.00s Real=0.02s
[225.408s][info][gc,start       ] GC(516) Pause Young (Allocation Failure)
[225.415s][info][gc,heap        ] GC(516) PSYoungGen: 1291744K->14208K(1341952K)
[225.415s][info][gc,heap        ] GC(516) PSOldGen: 84226K->86682K(2796544K)
[225.415s][info][gc,metaspace   ] GC(516) Metaspace: 18066K(18944K)->18066K(18944K) NonClass: 16011K(16640K)->16011K(16640K) Class: 2054K(2304K)->2054K(2304K)
[225.415s][info][gc             ] GC(516) Pause Young (Allocation Failure) 1343M->98M(4041M) 7.534ms
[225.415s][info][gc,cpu         ] GC(516) User=0.08s Sys=0.00s Real=0.01s
[225.965s][info][gc,start       ] GC(517) Pause Young (Allocation Failure)
[225.976s][info][gc,heap        ] GC(517) PSYoungGen: 1301888K->15376K(1350656K)
[225.976s][info][gc,heap        ] GC(517) PSOldGen: 86682K->98002K(2796544K)
[225.976s][info][gc,metaspace   ] GC(517) Metaspace: 18066K(18944K)->18066K(18944K) NonClass: 16011K(16640K)->16011K(16640K) Class: 2054K(2304K)->2054K(2304K)
[225.976s][info][gc             ] GC(517) Pause Young (Allocation Failure) 1356M->110M(4050M) 11.390ms
[225.976s][info][gc,cpu         ] GC(517) User=0.00s Sys=0.00s Real=0.01s
[226.508s][info][gc,start       ] GC(518) Pause Young (Allocation Failure)
[226.517s][info][gc,heap        ] GC(518) PSYoungGen: 1315344K->6752K(1347072K)
[226.517s][info][gc,heap        ] GC(518) PSOldGen: 98002K->111210K(2796544K)
[226.517s][info][gc,metaspace   ] GC(518) Metaspace: 18066K(18944K)->18066K(18944K) NonClass: 16011K(16640K)->16011K(16640K) Class: 2054K(2304K)->2054K(2304K)
[226.517s][info][gc             ] GC(518) Pause Young (Allocation Failure) 1380M->115M(4046M) 8.428ms
[226.517s][info][gc,cpu         ] GC(518) User=0.00s Sys=0.00s Real=0.01s
[227.198s][info][gc,start       ] GC(519) Pause Young (System.gc())
[227.221s][info][gc,heap        ] GC(519) PSYoungGen: 1040756K->45536K(1329664K)
[227.221s][info][gc,heap        ] GC(519) PSOldGen: 111210K->119386K(2796544K)
[227.221s][info][gc,metaspace   ] GC(519) Metaspace: 18066K(18944K)->18066K(18944K) NonClass: 16011K(16640K)->16011K(16640K) Class: 2054K(2304K)->2054K(2304K)
[227.221s][info][gc             ] GC(519) Pause Young (System.gc()) 1124M->161M(4029M) 23.953ms
[227.222s][info][gc,cpu         ] GC(519) User=0.06s Sys=0.03s Real=0.03s
[227.222s][info][gc,start       ] GC(520) Pause Full (System.gc())
[227.222s][info][gc,phases,start] GC(520) Phase 1: Mark live objects
[227.227s][info][gc,phases      ] GC(520) Phase 1: Mark live objects 4.823ms
[227.227s][info][gc,phases,start] GC(520) Phase 2: Compute new object addresses
[227.237s][info][gc,phases      ] GC(520) Phase 2: Compute new object addresses 10.653ms
[227.237s][info][gc,phases,start] GC(520) Phase 3: Adjust pointers
[227.240s][info][gc,phases      ] GC(520) Phase 3: Adjust pointers 3.086ms
[227.240s][info][gc,phases,start] GC(520) Phase 4: Move objects
[227.240s][info][gc,phases      ] GC(520) Phase 4: Move objects 0.010ms
[227.241s][info][gc,heap        ] GC(520) PSYoungGen: 45536K->0K(1329664K)
[227.241s][info][gc,heap        ] GC(520) PSOldGen: 119386K->119386K(2796544K)
[227.241s][info][gc,metaspace   ] GC(520) Metaspace: 18066K(18944K)->18066K(18944K) NonClass: 16011K(16640K)->16011K(16640K) Class: 2054K(2304K)->2054K(2304K)
[227.241s][info][gc             ] GC(520) Pause Full (System.gc()) 161M->116M(4029M) 19.364ms
[227.241s][info][gc,cpu         ] GC(520) User=0.02s Sys=0.00s Real=0.02s
[227.576s][info][gc,start       ] GC(521) Pause Young (Allocation Failure)
[227.578s][info][gc,heap        ] GC(521) PSYoungGen: 1284096K->3904K(1340928K)
[227.578s][info][gc,heap        ] GC(521) PSOldGen: 119386K->119386K(2796544K)
[227.578s][info][gc,metaspace   ] GC(521) Metaspace: 18068K(18944K)->18068K(18944K) NonClass: 16013K(16640K)->16013K(16640K) Class: 2054K(2304K)->2054K(2304K)
[227.578s][info][gc             ] GC(521) Pause Young (Allocation Failure) 1370M->120M(4040M) 2.336ms
[227.578s][info][gc,cpu         ] GC(521) User=0.00s Sys=0.00s Real=0.00s
[227.880s][info][gc,start       ] GC(522) Pause Young (Allocation Failure)
[227.884s][info][gc,heap        ] GC(522) PSYoungGen: 1288000K->4096K(1344000K)
[227.884s][info][gc,heap        ] GC(522) PSOldGen: 119386K->122714K(2796544K)
[227.884s][info][gc,metaspace   ] GC(522) Metaspace: 18068K(18944K)->18068K(18944K) NonClass: 16013K(16640K)->16013K(16640K) Class: 2054K(2304K)->2054K(2304K)
[227.884s][info][gc             ] GC(522) Pause Young (Allocation Failure) 1374M->123M(4043M) 3.732ms
[227.884s][info][gc,cpu         ] GC(522) User=0.08s Sys=0.02s Real=0.01s
[228.347s][info][gc,start       ] GC(523) Pause Young (Allocation Failure)
[228.355s][info][gc,heap        ] GC(523) PSYoungGen: 1292800K->14304K(1342464K)
[228.355s][info][gc,heap        ] GC(523) PSOldGen: 122714K->125154K(2796544K)
[228.355s][info][gc,metaspace   ] GC(523) Metaspace: 18068K(18944K)->18068K(18944K) NonClass: 16013K(16640K)->16013K(16640K) Class: 2054K(2304K)->2054K(2304K)
[228.355s][info][gc             ] GC(523) Pause Young (Allocation Failure) 1382M->136M(4042M) 7.635ms
[228.355s][info][gc,cpu         ] GC(523) User=0.09s Sys=0.00s Real=0.02s
[228.907s][info][gc,start       ] GC(524) Pause Young (Allocation Failure)
[228.918s][info][gc,heap        ] GC(524) PSYoungGen: 1303008K->15376K(1350656K)
[228.918s][info][gc,heap        ] GC(524) PSOldGen: 125154K->136466K(2796544K)
[228.918s][info][gc,metaspace   ] GC(524) Metaspace: 18068K(18944K)->18068K(18944K) NonClass: 16013K(16640K)->16013K(16640K) Class: 2054K(2304K)->2054K(2304K)
[228.918s][info][gc             ] GC(524) Pause Young (Allocation Failure) 1394M->148M(4050M) 11.248ms
[228.918s][info][gc,cpu         ] GC(524) User=0.09s Sys=0.00s Real=0.02s
[229.454s][info][gc,start       ] GC(525) Pause Young (Allocation Failure)
[229.463s][info][gc,heap        ] GC(525) PSYoungGen: 1315856K->6080K(1347584K)
[229.463s][info][gc,heap        ] GC(525) PSOldGen: 136466K->149690K(2796544K)
[229.463s][info][gc,metaspace   ] GC(525) Metaspace: 18068K(18944K)->18068K(18944K) NonClass: 16013K(16640K)->16013K(16640K) Class: 2054K(2304K)->2054K(2304K)
[229.463s][info][gc             ] GC(525) Pause Young (Allocation Failure) 1418M->152M(4047M) 8.639ms
[229.463s][info][gc,cpu         ] GC(525) User=0.09s Sys=0.00s Real=0.01s
[230.133s][info][gc,start       ] GC(526) Pause Young (System.gc())
[230.159s][info][gc,heap        ] GC(526) PSYoungGen: 1012078K->45536K(1329664K)
[230.159s][info][gc,heap        ] GC(526) PSOldGen: 149690K->157874K(2796544K)
[230.159s][info][gc,metaspace   ] GC(526) Metaspace: 18068K(18944K)->18068K(18944K) NonClass: 16013K(16640K)->16013K(16640K) Class: 2054K(2304K)->2054K(2304K)
[230.159s][info][gc             ] GC(526) Pause Young (System.gc()) 1134M->198M(4029M) 26.150ms
[230.159s][info][gc,cpu         ] GC(526) User=0.09s Sys=0.00s Real=0.04s
[230.159s][info][gc,start       ] GC(527) Pause Full (System.gc())
[230.159s][info][gc,phases,start] GC(527) Phase 1: Mark live objects
[230.164s][info][gc,phases      ] GC(527) Phase 1: Mark live objects 4.846ms
[230.164s][info][gc,phases,start] GC(527) Phase 2: Compute new object addresses
[230.175s][info][gc,phases      ] GC(527) Phase 2: Compute new object addresses 10.761ms
[230.175s][info][gc,phases,start] GC(527) Phase 3: Adjust pointers
[230.178s][info][gc,phases      ] GC(527) Phase 3: Adjust pointers 3.042ms
[230.178s][info][gc,phases,start] GC(527) Phase 4: Move objects
[230.178s][info][gc,phases      ] GC(527) Phase 4: Move objects 0.008ms
[230.179s][info][gc,heap        ] GC(527) PSYoungGen: 45536K->0K(1329664K)
[230.179s][info][gc,heap        ] GC(527) PSOldGen: 157874K->3953K(2796544K)
[230.179s][info][gc,metaspace   ] GC(527) Metaspace: 18068K(18944K)->18068K(18944K) NonClass: 16013K(16640K)->16013K(16640K) Class: 2054K(2304K)->2054K(2304K)
[230.179s][info][gc             ] GC(527) Pause Full (System.gc()) 198M->3M(4029M) 19.460ms
[230.179s][info][gc,cpu         ] GC(527) User=0.02s Sys=0.00s Real=0.01s
[230.626s][info][gc,start       ] GC(528) Pause Young (Allocation Failure)
[230.629s][info][gc,heap        ] GC(528) PSYoungGen: 1284096K->3808K(1340928K)
[230.629s][info][gc,heap        ] GC(528) PSOldGen: 3953K->3953K(2796544K)
[230.629s][info][gc,metaspace   ] GC(528) Metaspace: 18068K(18944K)->18068K(18944K) NonClass: 16013K(16640K)->16013K(16640K) Class: 2054K(2304K)->2054K(2304K)
[230.629s][info][gc             ] GC(528) Pause Young (Allocation Failure) 1257M->7M(4040M) 2.129ms
[230.629s][info][gc,cpu         ] GC(528) User=0.00s Sys=0.00s Real=0.00s
[231.058s][info][gc,start       ] GC(529) Pause Young (Allocation Failure)
[231.062s][info][gc,heap        ] GC(529) PSYoungGen: 1287904K->4096K(1343488K)
[231.062s][info][gc,heap        ] GC(529) PSOldGen: 3953K->7265K(2796544K)
[231.062s][info][gc,metaspace   ] GC(529) Metaspace: 18068K(18944K)->18068K(18944K) NonClass: 16013K(16640K)->16013K(16640K) Class: 2054K(2304K)->2054K(2304K)
[231.062s][info][gc             ] GC(529) Pause Young (Allocation Failure) 1261M->11M(4043M) 3.641ms
[231.062s][info][gc,cpu         ] GC(529) User=0.00s Sys=0.00s Real=0.01s
[231.569s][info][gc,start       ] GC(530) Pause Young (Allocation Failure)
[231.576s][info][gc,heap        ] GC(530) PSYoungGen: 1291776K->14272K(1341952K)
[231.576s][info][gc,heap        ] GC(530) PSOldGen: 7265K->9713K(2796544K)
[231.576s][info][gc,metaspace   ] GC(530) Metaspace: 18068K(18944K)->18068K(18944K) NonClass: 16013K(16640K)->16013K(16640K) Class: 2054K(2304K)->2054K(2304K)
[231.577s][info][gc             ] GC(530) Pause Young (Allocation Failure) 1268M->23M(4041M) 7.437ms
[231.577s][info][gc,cpu         ] GC(530) User=0.09s Sys=0.00s Real=0.02s
[232.129s][info][gc,start       ] GC(531) Pause Young (Allocation Failure)
[232.140s][info][gc,heap        ] GC(531) PSYoungGen: 1301952K->15376K(1350656K)
[232.140s][info][gc,heap        ] GC(531) PSOldGen: 9713K->21025K(2796544K)
[232.140s][info][gc,metaspace   ] GC(531) Metaspace: 18068K(18944K)->18068K(18944K) NonClass: 16013K(16640K)->16013K(16640K) Class: 2054K(2304K)->2054K(2304K)
[232.140s][info][gc             ] GC(531) Pause Young (Allocation Failure) 1280M->35M(4050M) 11.278ms
[232.140s][info][gc,cpu         ] GC(531) User=0.09s Sys=0.00s Real=0.01s
[232.675s][info][gc,start       ] GC(532) Pause Young (Allocation Failure)
[232.684s][info][gc,heap        ] GC(532) PSYoungGen: 1315344K->6256K(1347072K)
[232.684s][info][gc,heap        ] GC(532) PSOldGen: 21025K->34249K(2796544K)
[232.684s][info][gc,metaspace   ] GC(532) Metaspace: 18068K(18944K)->18068K(18944K) NonClass: 16013K(16640K)->16013K(16640K) Class: 2054K(2304K)->2054K(2304K)
[232.684s][info][gc             ] GC(532) Pause Young (Allocation Failure) 1305M->39M(4046M) 8.594ms
[232.684s][info][gc,cpu         ] GC(532) User=0.09s Sys=0.00s Real=0.02s
[233.362s][info][gc,start       ] GC(533) Pause Young (System.gc())
[233.386s][info][gc,heap        ] GC(533) PSYoungGen: 1024476K->45536K(1329664K)
[233.386s][info][gc,heap        ] GC(533) PSOldGen: 34249K->42433K(2796544K)
[233.386s][info][gc,metaspace   ] GC(533) Metaspace: 18068K(18944K)->18068K(18944K) NonClass: 16013K(16640K)->16013K(16640K) Class: 2054K(2304K)->2054K(2304K)
[233.386s][info][gc             ] GC(533) Pause Young (System.gc()) 1033M->85M(4029M) 24.627ms
[233.386s][info][gc,cpu         ] GC(533) User=0.17s Sys=0.02s Real=0.03s
[233.386s][info][gc,start       ] GC(534) Pause Full (System.gc())
[233.386s][info][gc,phases,start] GC(534) Phase 1: Mark live objects
[233.391s][info][gc,phases      ] GC(534) Phase 1: Mark live objects 4.546ms
[233.391s][info][gc,phases,start] GC(534) Phase 2: Compute new object addresses
[233.402s][info][gc,phases      ] GC(534) Phase 2: Compute new object addresses 10.694ms
[233.402s][info][gc,phases,start] GC(534) Phase 3: Adjust pointers
[233.405s][info][gc,phases      ] GC(534) Phase 3: Adjust pointers 3.061ms
[233.405s][info][gc,phases,start] GC(534) Phase 4: Move objects
[233.405s][info][gc,phases      ] GC(534) Phase 4: Move objects 0.008ms
[233.405s][info][gc,heap        ] GC(534) PSYoungGen: 45536K->0K(1329664K)
[233.405s][info][gc,heap        ] GC(534) PSOldGen: 42433K->42433K(2796544K)
[233.405s][info][gc,metaspace   ] GC(534) Metaspace: 18068K(18944K)->18068K(18944K) NonClass: 16013K(16640K)->16013K(16640K) Class: 2054K(2304K)->2054K(2304K)
[233.405s][info][gc             ] GC(534) Pause Full (System.gc()) 85M->41M(4029M) 19.050ms
[233.405s][info][gc,cpu         ] GC(534) User=0.02s Sys=0.00s Real=0.01s
[233.848s][info][gc,start       ] GC(535) Pause Young (Allocation Failure)
[233.850s][info][gc,heap        ] GC(535) PSYoungGen: 1284096K->3872K(1340928K)
[233.850s][info][gc,heap        ] GC(535) PSOldGen: 42433K->42433K(2796544K)
[233.850s][info][gc,metaspace   ] GC(535) Metaspace: 18068K(18944K)->18068K(18944K) NonClass: 16013K(16640K)->16013K(16640K) Class: 2054K(2304K)->2054K(2304K)
[233.850s][info][gc             ] GC(535) Pause Young (Allocation Failure) 1295M->45M(4040M) 2.189ms
[233.850s][info][gc,cpu         ] GC(535) User=0.00s Sys=0.00s Real=0.01s
[234.233s][info][gc,start       ] GC(536) Pause Young (Allocation Failure)
[234.237s][info][gc,heap        ] GC(536) PSYoungGen: 1287968K->4096K(1343488K)
[234.237s][info][gc,heap        ] GC(536) PSOldGen: 42433K->45745K(2796544K)
[234.237s][info][gc,metaspace   ] GC(536) Metaspace: 18068K(18944K)->18068K(18944K) NonClass: 16013K(16640K)->16013K(16640K) Class: 2054K(2304K)->2054K(2304K)
[234.237s][info][gc             ] GC(536) Pause Young (Allocation Failure) 1299M->48M(4043M) 3.727ms
[234.237s][info][gc,cpu         ] GC(536) User=0.00s Sys=0.00s Real=0.01s
[234.732s][info][gc,start       ] GC(537) Pause Young (Allocation Failure)
[234.739s][info][gc,heap        ] GC(537) PSYoungGen: 1291776K->14240K(1341952K)
[234.739s][info][gc,heap        ] GC(537) PSOldGen: 45745K->48185K(2796544K)
[234.739s][info][gc,metaspace   ] GC(537) Metaspace: 18068K(18944K)->18068K(18944K) NonClass: 16013K(16640K)->16013K(16640K) Class: 2054K(2304K)->2054K(2304K)
[234.739s][info][gc             ] GC(537) Pause Young (Allocation Failure) 1306M->60M(4041M) 7.270ms
[234.739s][info][gc,cpu         ] GC(537) User=0.00s Sys=0.00s Real=0.01s
[235.290s][info][gc,start       ] GC(538) Pause Young (Allocation Failure)
[235.301s][info][gc,heap        ] GC(538) PSYoungGen: 1301920K->15376K(1350656K)
[235.301s][info][gc,heap        ] GC(538) PSOldGen: 48185K->59505K(2796544K)
[235.301s][info][gc,metaspace   ] GC(538) Metaspace: 18068K(18944K)->18068K(18944K) NonClass: 16013K(16640K)->16013K(16640K) Class: 2054K(2304K)->2054K(2304K)
[235.301s][info][gc             ] GC(538) Pause Young (Allocation Failure) 1318M->73M(4050M) 11.267ms
[235.301s][info][gc,cpu         ] GC(538) User=0.00s Sys=0.00s Real=0.01s
[235.834s][info][gc,start       ] GC(539) Pause Young (Allocation Failure)
[235.843s][info][gc,heap        ] GC(539) PSYoungGen: 1315344K->6016K(1347072K)
[235.843s][info][gc,heap        ] GC(539) PSOldGen: 59505K->72722K(2796544K)
[235.843s][info][gc,metaspace   ] GC(539) Metaspace: 18068K(18944K)->18068K(18944K) NonClass: 16013K(16640K)->16013K(16640K) Class: 2054K(2304K)->2054K(2304K)
[235.843s][info][gc             ] GC(539) Pause Young (Allocation Failure) 1342M->76M(4046M) 8.660ms
[235.843s][info][gc,cpu         ] GC(539) User=0.09s Sys=0.00s Real=0.02s
[236.529s][info][gc,start       ] GC(540) Pause Young (System.gc())
[236.554s][info][gc,heap        ] GC(540) PSYoungGen: 1040458K->45536K(1329664K)
[236.554s][info][gc,heap        ] GC(540) PSOldGen: 72722K->80906K(2796544K)
[236.554s][info][gc,metaspace   ] GC(540) Metaspace: 18068K(18944K)->18068K(18944K) NonClass: 16013K(16640K)->16013K(16640K) Class: 2054K(2304K)->2054K(2304K)
[236.554s][info][gc             ] GC(540) Pause Young (System.gc()) 1087M->123M(4029M) 24.780ms
[236.554s][info][gc,cpu         ] GC(540) User=0.09s Sys=0.00s Real=0.03s
[236.554s][info][gc,start       ] GC(541) Pause Full (System.gc())
[236.554s][info][gc,phases,start] GC(541) Phase 1: Mark live objects
[236.558s][info][gc,phases      ] GC(541) Phase 1: Mark live objects 4.371ms
[236.558s][info][gc,phases,start] GC(541) Phase 2: Compute new object addresses
[236.569s][info][gc,phases      ] GC(541) Phase 2: Compute new object addresses 10.777ms
[236.569s][info][gc,phases,start] GC(541) Phase 3: Adjust pointers
[236.572s][info][gc,phases      ] GC(541) Phase 3: Adjust pointers 3.030ms
[236.572s][info][gc,phases,start] GC(541) Phase 4: Move objects
[236.572s][info][gc,phases      ] GC(541) Phase 4: Move objects 0.008ms
[236.573s][info][gc,heap        ] GC(541) PSYoungGen: 45536K->0K(1329664K)
[236.573s][info][gc,heap        ] GC(541) PSOldGen: 80906K->80906K(2796544K)
[236.573s][info][gc,metaspace   ] GC(541) Metaspace: 18068K(18944K)->18068K(18944K) NonClass: 16013K(16640K)->16013K(16640K) Class: 2054K(2304K)->2054K(2304K)
[236.573s][info][gc             ] GC(541) Pause Full (System.gc()) 123M->79M(4029M) 18.915ms
[236.573s][info][gc,cpu         ] GC(541) User=0.03s Sys=0.00s Real=0.01s
[236.902s][info][gc,start       ] GC(542) Pause Young (Allocation Failure)
[236.904s][info][gc,heap        ] GC(542) PSYoungGen: 1284096K->3872K(1340928K)
[236.904s][info][gc,heap        ] GC(542) PSOldGen: 80906K->80906K(2796544K)
[236.904s][info][gc,metaspace   ] GC(542) Metaspace: 18068K(18944K)->18068K(18944K) NonClass: 16013K(16640K)->16013K(16640K) Class: 2054K(2304K)->2054K(2304K)
[236.905s][info][gc             ] GC(542) Pause Young (Allocation Failure) 1333M->82M(4040M) 2.136ms
[236.905s][info][gc,cpu         ] GC(542) User=0.00s Sys=0.00s Real=0.00s
[237.297s][info][gc,start       ] GC(543) Pause Young (Allocation Failure)
[237.301s][info][gc,heap        ] GC(543) PSYoungGen: 1287968K->4096K(1343488K)
[237.301s][info][gc,heap        ] GC(543) PSOldGen: 80906K->84218K(2796544K)
[237.301s][info][gc,metaspace   ] GC(543) Metaspace: 18068K(18944K)->18068K(18944K) NonClass: 16013K(16640K)->16013K(16640K) Class: 2054K(2304K)->2054K(2304K)
[237.301s][info][gc             ] GC(543) Pause Young (Allocation Failure) 1336M->86M(4043M) 3.635ms
[237.301s][info][gc,cpu         ] GC(543) User=0.00s Sys=0.00s Real=0.00s
[237.765s][info][gc,start       ] GC(544) Pause Young (Allocation Failure)
[237.772s][info][gc,heap        ] GC(544) PSYoungGen: 1291776K->14240K(1341952K)
[237.773s][info][gc,heap        ] GC(544) PSOldGen: 84218K->86666K(2796544K)
[237.773s][info][gc,metaspace   ] GC(544) Metaspace: 18068K(18944K)->18068K(18944K) NonClass: 16013K(16640K)->16013K(16640K) Class: 2054K(2304K)->2054K(2304K)
[237.773s][info][gc             ] GC(544) Pause Young (Allocation Failure) 1343M->98M(4041M) 7.365ms
[237.773s][info][gc,cpu         ] GC(544) User=0.00s Sys=0.00s Real=0.01s
[238.323s][info][gc,start       ] GC(545) Pause Young (Allocation Failure)
[238.334s][info][gc,heap        ] GC(545) PSYoungGen: 1301920K->15376K(1350656K)
[238.334s][info][gc,heap        ] GC(545) PSOldGen: 86666K->97978K(2796544K)
[238.334s][info][gc,metaspace   ] GC(545) Metaspace: 18068K(18944K)->18068K(18944K) NonClass: 16013K(16640K)->16013K(16640K) Class: 2054K(2304K)->2054K(2304K)
[238.334s][info][gc             ] GC(545) Pause Young (Allocation Failure) 1356M->110M(4050M) 11.425ms
[238.334s][info][gc,cpu         ] GC(545) User=0.00s Sys=0.00s Real=0.01s
[238.870s][info][gc,start       ] GC(546) Pause Young (Allocation Failure)
[238.878s][info][gc,heap        ] GC(546) PSYoungGen: 1315344K->5920K(1347072K)
[238.878s][info][gc,heap        ] GC(546) PSOldGen: 97978K->111202K(2796544K)
[238.878s][info][gc,metaspace   ] GC(546) Metaspace: 18068K(18944K)->18068K(18944K) NonClass: 16013K(16640K)->16013K(16640K) Class: 2054K(2304K)->2054K(2304K)
[238.878s][info][gc             ] GC(546) Pause Young (Allocation Failure) 1380M->114M(4046M) 8.486ms
[238.878s][info][gc,cpu         ] GC(546) User=0.00s Sys=0.00s Real=0.02s
[239.557s][info][gc,start       ] GC(547) Pause Young (System.gc())
[239.582s][info][gc,heap        ] GC(547) PSYoungGen: 1016733K->45536K(1329664K)
[239.582s][info][gc,heap        ] GC(547) PSOldGen: 111202K->119386K(2796544K)
[239.582s][info][gc,metaspace   ] GC(547) Metaspace: 18068K(18944K)->18068K(18944K) NonClass: 16013K(16640K)->16013K(16640K) Class: 2054K(2304K)->2054K(2304K)
[239.582s][info][gc             ] GC(547) Pause Young (System.gc()) 1101M->161M(4029M) 25.111ms
[239.582s][info][gc,cpu         ] GC(547) User=0.09s Sys=0.00s Real=0.03s
[239.582s][info][gc,start       ] GC(548) Pause Full (System.gc())
[239.582s][info][gc,phases,start] GC(548) Phase 1: Mark live objects
[239.587s][info][gc,phases      ] GC(548) Phase 1: Mark live objects 4.350ms
[239.587s][info][gc,phases,start] GC(548) Phase 2: Compute new object addresses
[239.598s][info][gc,phases      ] GC(548) Phase 2: Compute new object addresses 10.777ms
[239.598s][info][gc,phases,start] GC(548) Phase 3: Adjust pointers
[239.601s][info][gc,phases      ] GC(548) Phase 3: Adjust pointers 3.020ms
[239.601s][info][gc,phases,start] GC(548) Phase 4: Move objects
[239.601s][info][gc,phases      ] GC(548) Phase 4: Move objects 0.021ms
[239.601s][info][gc,heap        ] GC(548) PSYoungGen: 45536K->0K(1329664K)
[239.601s][info][gc,heap        ] GC(548) PSOldGen: 119386K->119386K(2796544K)
[239.601s][info][gc,metaspace   ] GC(548) Metaspace: 18068K(18944K)->18068K(18944K) NonClass: 16013K(16640K)->16013K(16640K) Class: 2054K(2304K)->2054K(2304K)
[239.601s][info][gc             ] GC(548) Pause Full (System.gc()) 161M->116M(4029M) 18.910ms
[239.601s][info][gc,cpu         ] GC(548) User=0.02s Sys=0.00s Real=0.01s
[240.014s][info][gc,start       ] GC(549) Pause Young (Allocation Failure)
[240.017s][info][gc,heap        ] GC(549) PSYoungGen: 1284096K->3872K(1340928K)
[240.017s][info][gc,heap        ] GC(549) PSOldGen: 119386K->119386K(2796544K)
[240.017s][info][gc,metaspace   ] GC(549) Metaspace: 18068K(18944K)->18068K(18944K) NonClass: 16013K(16640K)->16013K(16640K) Class: 2054K(2304K)->2054K(2304K)
[240.017s][info][gc             ] GC(549) Pause Young (Allocation Failure) 1370M->120M(4040M) 2.551ms
[240.017s][info][gc,cpu         ] GC(549) User=0.00s Sys=0.00s Real=0.00s
[240.344s][info][gc,start       ] GC(550) Pause Young (Allocation Failure)
[240.348s][info][gc,heap        ] GC(550) PSYoungGen: 1287968K->4096K(1343488K)
[240.348s][info][gc,heap        ] GC(550) PSOldGen: 119386K->122698K(2796544K)
[240.348s][info][gc,metaspace   ] GC(550) Metaspace: 18068K(18944K)->18068K(18944K) NonClass: 16013K(16640K)->16013K(16640K) Class: 2054K(2304K)->2054K(2304K)
[240.348s][info][gc             ] GC(550) Pause Young (Allocation Failure) 1374M->123M(4043M) 3.765ms
[240.348s][info][gc,cpu         ] GC(550) User=0.00s Sys=0.00s Real=0.00s
[240.808s][info][gc,start       ] GC(551) Pause Young (Allocation Failure)
[240.816s][info][gc,heap        ] GC(551) PSYoungGen: 1291776K->14240K(1341952K)
[240.816s][info][gc,heap        ] GC(551) PSOldGen: 122698K->125146K(2796544K)
[240.816s][info][gc,metaspace   ] GC(551) Metaspace: 18068K(18944K)->18068K(18944K) NonClass: 16013K(16640K)->16013K(16640K) Class: 2054K(2304K)->2054K(2304K)
[240.816s][info][gc             ] GC(551) Pause Young (Allocation Failure) 1381M->136M(4041M) 7.713ms
[240.816s][info][gc,cpu         ] GC(551) User=0.00s Sys=0.00s Real=0.01s
[241.366s][info][gc,start       ] GC(552) Pause Young (Allocation Failure)
[241.378s][info][gc,heap        ] GC(552) PSYoungGen: 1301920K->15344K(1350656K)
[241.378s][info][gc,heap        ] GC(552) PSOldGen: 125146K->136474K(2796544K)
[241.378s][info][gc,metaspace   ] GC(552) Metaspace: 18068K(18944K)->18068K(18944K) NonClass: 16013K(16640K)->16013K(16640K) Class: 2054K(2304K)->2054K(2304K)
[241.378s][info][gc             ] GC(552) Pause Young (Allocation Failure) 1393M->148M(4050M) 11.555ms
[241.378s][info][gc,cpu         ] GC(552) User=0.02s Sys=0.00s Real=0.02s
[241.908s][info][gc,start       ] GC(553) Pause Young (Allocation Failure)
[241.916s][info][gc,heap        ] GC(553) PSYoungGen: 1315312K->5984K(1347072K)
[241.916s][info][gc,heap        ] GC(553) PSOldGen: 136474K->149698K(2796544K)
[241.916s][info][gc,metaspace   ] GC(553) Metaspace: 18068K(18944K)->18068K(18944K) NonClass: 16013K(16640K)->16013K(16640K) Class: 2054K(2304K)->2054K(2304K)
[241.916s][info][gc             ] GC(553) Pause Young (Allocation Failure) 1417M->152M(4046M) 8.660ms
[241.916s][info][gc,cpu         ] GC(553) User=0.08s Sys=0.02s Real=0.02s
[242.599s][info][gc,start       ] GC(554) Pause Young (System.gc())
[242.623s][info][gc,heap        ] GC(554) PSYoungGen: 1030154K->45536K(1329664K)
[242.623s][info][gc,heap        ] GC(554) PSOldGen: 149698K->157874K(2796544K)
[242.623s][info][gc,metaspace   ] GC(554) Metaspace: 18068K(18944K)->18068K(18944K) NonClass: 16013K(16640K)->16013K(16640K) Class: 2054K(2304K)->2054K(2304K)
[242.623s][info][gc             ] GC(554) Pause Young (System.gc()) 1152M->198M(4029M) 24.316ms
[242.623s][info][gc,cpu         ] GC(554) User=0.19s Sys=0.00s Real=0.02s
[242.623s][info][gc,start       ] GC(555) Pause Full (System.gc())
[242.623s][info][gc,phases,start] GC(555) Phase 1: Mark live objects
[242.628s][info][gc,phases      ] GC(555) Phase 1: Mark live objects 4.845ms
[242.628s][info][gc,phases,start] GC(555) Phase 2: Compute new object addresses
[242.639s][info][gc,phases      ] GC(555) Phase 2: Compute new object addresses 10.980ms
[242.639s][info][gc,phases,start] GC(555) Phase 3: Adjust pointers
[242.642s][info][gc,phases      ] GC(555) Phase 3: Adjust pointers 3.018ms
[242.642s][info][gc,phases,start] GC(555) Phase 4: Move objects
[242.642s][info][gc,phases      ] GC(555) Phase 4: Move objects 0.008ms
[242.643s][info][gc,heap        ] GC(555) PSYoungGen: 45536K->0K(1329664K)
[242.643s][info][gc,heap        ] GC(555) PSOldGen: 157874K->3953K(2796544K)
[242.643s][info][gc,metaspace   ] GC(555) Metaspace: 18068K(18944K)->18068K(18944K) NonClass: 16013K(16640K)->16013K(16640K) Class: 2054K(2304K)->2054K(2304K)
[242.643s][info][gc             ] GC(555) Pause Full (System.gc()) 198M->3M(4029M) 19.607ms
[242.643s][info][gc,cpu         ] GC(555) User=0.02s Sys=0.00s Real=0.01s
[243.015s][info][gc,start       ] GC(556) Pause Young (Allocation Failure)
[243.018s][info][gc,heap        ] GC(556) PSYoungGen: 1284096K->3840K(1340928K)
[243.018s][info][gc,heap        ] GC(556) PSOldGen: 3953K->3953K(2796544K)
[243.018s][info][gc,metaspace   ] GC(556) Metaspace: 18068K(18944K)->18068K(18944K) NonClass: 16013K(16640K)->16013K(16640K) Class: 2054K(2304K)->2054K(2304K)
[243.018s][info][gc             ] GC(556) Pause Young (Allocation Failure) 1257M->7M(4040M) 2.331ms
[243.018s][info][gc,cpu         ] GC(556) User=0.00s Sys=0.00s Real=0.00s
[243.402s][info][gc,start       ] GC(557) Pause Young (Allocation Failure)
[243.405s][info][gc,heap        ] GC(557) PSYoungGen: 1287936K->4096K(1343488K)
[243.406s][info][gc,heap        ] GC(557) PSOldGen: 3953K->7273K(2796544K)
[243.406s][info][gc,metaspace   ] GC(557) Metaspace: 18068K(18944K)->18068K(18944K) NonClass: 16013K(16640K)->16013K(16640K) Class: 2054K(2304K)->2054K(2304K)
[243.406s][info][gc             ] GC(557) Pause Young (Allocation Failure) 1261M->11M(4043M) 3.729ms
[243.406s][info][gc,cpu         ] GC(557) User=0.00s Sys=0.00s Real=0.01s
[243.866s][info][gc,start       ] GC(558) Pause Young (Allocation Failure)
[243.873s][info][gc,heap        ] GC(558) PSYoungGen: 1291776K->14176K(1341952K)
[243.873s][info][gc,heap        ] GC(558) PSOldGen: 7273K->9713K(2796544K)
[243.873s][info][gc,metaspace   ] GC(558) Metaspace: 18068K(18944K)->18068K(18944K) NonClass: 16013K(16640K)->16013K(16640K) Class: 2054K(2304K)->2054K(2304K)
[243.873s][info][gc             ] GC(558) Pause Young (Allocation Failure) 1268M->23M(4041M) 7.433ms
[243.873s][info][gc,cpu         ] GC(558) User=0.09s Sys=0.00s Real=0.01s
[244.425s][info][gc,start       ] GC(559) Pause Young (Allocation Failure)
[244.436s][info][gc,heap        ] GC(559) PSYoungGen: 1301856K->15344K(1350656K)
[244.436s][info][gc,heap        ] GC(559) PSOldGen: 9713K->21033K(2796544K)
[244.436s][info][gc,metaspace   ] GC(559) Metaspace: 18068K(18944K)->18068K(18944K) NonClass: 16013K(16640K)->16013K(16640K) Class: 2054K(2304K)->2054K(2304K)
[244.436s][info][gc             ] GC(559) Pause Young (Allocation Failure) 1280M->35M(4050M) 11.205ms
[244.437s][info][gc,cpu         ] GC(559) User=0.08s Sys=0.02s Real=0.02s
[244.968s][info][gc,start       ] GC(560) Pause Young (Allocation Failure)
[244.976s][info][gc,heap        ] GC(560) PSYoungGen: 1315312K->6000K(1347072K)
[244.976s][info][gc,heap        ] GC(560) PSOldGen: 21033K->34249K(2796544K)
[244.976s][info][gc,metaspace   ] GC(560) Metaspace: 18068K(18944K)->18068K(18944K) NonClass: 16013K(16640K)->16013K(16640K) Class: 2054K(2304K)->2054K(2304K)
[244.976s][info][gc             ] GC(560) Pause Young (Allocation Failure) 1305M->39M(4046M) 8.589ms
[244.977s][info][gc,cpu         ] GC(560) User=0.08s Sys=0.00s Real=0.01s
[245.660s][info][gc,start       ] GC(561) Pause Young (System.gc())
[245.684s][info][gc,heap        ] GC(561) PSYoungGen: 1032480K->45536K(1329664K)
[245.684s][info][gc,heap        ] GC(561) PSOldGen: 34249K->42425K(2796544K)
[245.684s][info][gc,metaspace   ] GC(561) Metaspace: 18068K(18944K)->18068K(18944K) NonClass: 16013K(16640K)->16013K(16640K) Class: 2054K(2304K)->2054K(2304K)
[245.684s][info][gc             ] GC(561) Pause Young (System.gc()) 1041M->85M(4029M) 24.383ms
[245.684s][info][gc,cpu         ] GC(561) User=0.19s Sys=0.00s Real=0.04s
[245.684s][info][gc,start       ] GC(562) Pause Full (System.gc())
[245.684s][info][gc,phases,start] GC(562) Phase 1: Mark live objects
[245.689s][info][gc,phases      ] GC(562) Phase 1: Mark live objects 4.347ms
[245.689s][info][gc,phases,start] GC(562) Phase 2: Compute new object addresses
[245.700s][info][gc,phases      ] GC(562) Phase 2: Compute new object addresses 11.062ms
[245.700s][info][gc,phases,start] GC(562) Phase 3: Adjust pointers
[245.703s][info][gc,phases      ] GC(562) Phase 3: Adjust pointers 3.041ms
[245.703s][info][gc,phases,start] GC(562) Phase 4: Move objects
[245.703s][info][gc,phases      ] GC(562) Phase 4: Move objects 0.009ms
[245.703s][info][gc,heap        ] GC(562) PSYoungGen: 45536K->0K(1329664K)
[245.704s][info][gc,heap        ] GC(562) PSOldGen: 42425K->42425K(2796544K)
[245.704s][info][gc,metaspace   ] GC(562) Metaspace: 18068K(18944K)->18068K(18944K) NonClass: 16013K(16640K)->16013K(16640K) Class: 2054K(2304K)->2054K(2304K)
[245.704s][info][gc             ] GC(562) Pause Full (System.gc()) 85M->41M(4029M) 19.191ms
[245.704s][info][gc,cpu         ] GC(562) User=0.02s Sys=0.00s Real=0.02s
[245.998s][info][gc,start       ] GC(563) Pause Young (Allocation Failure)
[246.000s][info][gc,heap        ] GC(563) PSYoungGen: 1284096K->3840K(1340928K)
[246.000s][info][gc,heap        ] GC(563) PSOldGen: 42425K->42425K(2796544K)
[246.000s][info][gc,metaspace   ] GC(563) Metaspace: 18068K(18944K)->18068K(18944K) NonClass: 16013K(16640K)->16013K(16640K) Class: 2054K(2304K)->2054K(2304K)
[246.000s][info][gc             ] GC(563) Pause Young (Allocation Failure) 1295M->45M(4040M) 2.272ms
[246.000s][info][gc,cpu         ] GC(563) User=0.00s Sys=0.00s Real=0.02s
[246.388s][info][gc,start       ] GC(564) Pause Young (Allocation Failure)
[246.391s][info][gc,heap        ] GC(564) PSYoungGen: 1287936K->4064K(1343488K)
[246.391s][info][gc,heap        ] GC(564) PSOldGen: 42425K->45753K(2796544K)
[246.391s][info][gc,metaspace   ] GC(564) Metaspace: 18068K(18944K)->18068K(18944K) NonClass: 16013K(16640K)->16013K(16640K) Class: 2054K(2304K)->2054K(2304K)
[246.391s][info][gc             ] GC(564) Pause Young (Allocation Failure) 1299M->48M(4043M) 3.791ms
[246.391s][info][gc,cpu         ] GC(564) User=0.00s Sys=0.00s Real=0.01s
[246.875s][info][gc,start       ] GC(565) Pause Young (Allocation Failure)
[246.882s][info][gc,heap        ] GC(565) PSYoungGen: 1291744K->14208K(1341952K)
[246.882s][info][gc,heap        ] GC(565) PSOldGen: 45753K->48201K(2796544K)
[246.882s][info][gc,metaspace   ] GC(565) Metaspace: 18068K(18944K)->18068K(18944K) NonClass: 16013K(16640K)->16013K(16640K) Class: 2054K(2304K)->2054K(2304K)
[246.882s][info][gc             ] GC(565) Pause Young (Allocation Failure) 1306M->60M(4041M) 7.492ms
[246.882s][info][gc,cpu         ] GC(565) User=0.00s Sys=0.00s Real=0.02s
[247.433s][info][gc,start       ] GC(566) Pause Young (Allocation Failure)
[247.444s][info][gc,heap        ] GC(566) PSYoungGen: 1301888K->15344K(1350656K)
[247.444s][info][gc,heap        ] GC(566) PSOldGen: 48201K->59505K(2796544K)
[247.444s][info][gc,metaspace   ] GC(566) Metaspace: 18068K(18944K)->18068K(18944K) NonClass: 16013K(16640K)->16013K(16640K) Class: 2054K(2304K)->2054K(2304K)
[247.444s][info][gc             ] GC(566) Pause Young (Allocation Failure) 1318M->73M(4050M) 11.283ms
[247.444s][info][gc,cpu         ] GC(566) User=0.00s Sys=0.00s Real=0.02s
[247.974s][info][gc,start       ] GC(567) Pause Young (Allocation Failure)
[247.983s][info][gc,heap        ] GC(567) PSYoungGen: 1315312K->5920K(1347072K)
[247.983s][info][gc,heap        ] GC(567) PSOldGen: 59505K->72730K(2796544K)
[247.983s][info][gc,metaspace   ] GC(567) Metaspace: 18068K(18944K)->18068K(18944K) NonClass: 16013K(16640K)->16013K(16640K) Class: 2054K(2304K)->2054K(2304K)
[247.983s][info][gc             ] GC(567) Pause Young (Allocation Failure) 1342M->76M(4046M) 8.314ms
[247.983s][info][gc,cpu         ] GC(567) User=0.08s Sys=0.02s Real=0.01s
[248.669s][info][gc,start       ] GC(568) Pause Young (System.gc())
[248.693s][info][gc,heap        ] GC(568) PSYoungGen: 1051456K->45536K(1329664K)
[248.693s][info][gc,heap        ] GC(568) PSOldGen: 72730K->80922K(2796544K)
[248.693s][info][gc,metaspace   ] GC(568) Metaspace: 18068K(18944K)->18068K(18944K) NonClass: 16013K(16640K)->16013K(16640K) Class: 2054K(2304K)->2054K(2304K)
[248.693s][info][gc             ] GC(568) Pause Young (System.gc()) 1097M->123M(4029M) 24.679ms
[248.693s][info][gc,cpu         ] GC(568) User=0.09s Sys=0.00s Real=0.03s
[248.694s][info][gc,start       ] GC(569) Pause Full (System.gc())
[248.694s][info][gc,phases,start] GC(569) Phase 1: Mark live objects
[248.698s][info][gc,phases      ] GC(569) Phase 1: Mark live objects 4.508ms
[248.698s][info][gc,phases,start] GC(569) Phase 2: Compute new object addresses
[248.709s][info][gc,phases      ] GC(569) Phase 2: Compute new object addresses 11.208ms
[248.709s][info][gc,phases,start] GC(569) Phase 3: Adjust pointers
[248.712s][info][gc,phases      ] GC(569) Phase 3: Adjust pointers 3.023ms
[248.712s][info][gc,phases,start] GC(569) Phase 4: Move objects
[248.712s][info][gc,phases      ] GC(569) Phase 4: Move objects 0.008ms
[248.713s][info][gc,heap        ] GC(569) PSYoungGen: 45536K->0K(1329664K)
[248.713s][info][gc,heap        ] GC(569) PSOldGen: 80922K->80922K(2796544K)
[248.713s][info][gc,metaspace   ] GC(569) Metaspace: 18068K(18944K)->18068K(18944K) NonClass: 16013K(16640K)->16013K(16640K) Class: 2054K(2304K)->2054K(2304K)
[248.713s][info][gc             ] GC(569) Pause Full (System.gc()) 123M->79M(4029M) 19.509ms
[248.713s][info][gc,cpu         ] GC(569) User=0.03s Sys=0.00s Real=0.01s
[249.091s][info][gc,start       ] GC(570) Pause Young (Allocation Failure)
[249.093s][info][gc,heap        ] GC(570) PSYoungGen: 1284096K->3904K(1340928K)
[249.093s][info][gc,heap        ] GC(570) PSOldGen: 80922K->80922K(2796544K)
[249.093s][info][gc,metaspace   ] GC(570) Metaspace: 18069K(18944K)->18069K(18944K) NonClass: 16015K(16640K)->16015K(16640K) Class: 2054K(2304K)->2054K(2304K)
[249.094s][info][gc             ] GC(570) Pause Young (Allocation Failure) 1333M->82M(4040M) 2.073ms
[249.094s][info][gc,cpu         ] GC(570) User=0.00s Sys=0.00s Real=0.00s
[249.420s][info][gc,start       ] GC(571) Pause Young (Allocation Failure)
[249.423s][info][gc,heap        ] GC(571) PSYoungGen: 1288000K->4032K(1343488K)
[249.423s][info][gc,heap        ] GC(571) PSOldGen: 80922K->84250K(2796544K)
[249.423s][info][gc,metaspace   ] GC(571) Metaspace: 18069K(18944K)->18069K(18944K) NonClass: 16015K(16640K)->16015K(16640K) Class: 2054K(2304K)->2054K(2304K)
[249.424s][info][gc             ] GC(571) Pause Young (Allocation Failure) 1336M->86M(4043M) 3.824ms
[249.424s][info][gc,cpu         ] GC(571) User=0.00s Sys=0.00s Real=0.00s
[249.889s][info][gc,start       ] GC(572) Pause Young (Allocation Failure)
[249.896s][info][gc,heap        ] GC(572) PSYoungGen: 1291712K->14240K(1341952K)
[249.896s][info][gc,heap        ] GC(572) PSOldGen: 84250K->86690K(2796544K)
[249.896s][info][gc,metaspace   ] GC(572) Metaspace: 18069K(18944K)->18069K(18944K) NonClass: 16015K(16640K)->16015K(16640K) Class: 2054K(2304K)->2054K(2304K)
[249.896s][info][gc             ] GC(572) Pause Young (Allocation Failure) 1343M->98M(4041M) 7.357ms
[249.896s][info][gc,cpu         ] GC(572) User=0.00s Sys=0.00s Real=0.01s
[250.447s][info][gc,start       ] GC(573) Pause Young (Allocation Failure)
[250.459s][info][gc,heap        ] GC(573) PSYoungGen: 1301920K->15376K(1350656K)
[250.459s][info][gc,heap        ] GC(573) PSOldGen: 86690K->98002K(2796544K)
[250.459s][info][gc,metaspace   ] GC(573) Metaspace: 18069K(18944K)->18069K(18944K) NonClass: 16015K(16640K)->16015K(16640K) Class: 2054K(2304K)->2054K(2304K)
[250.459s][info][gc             ] GC(573) Pause Young (Allocation Failure) 1356M->110M(4050M) 11.363ms
[250.459s][info][gc,cpu         ] GC(573) User=0.00s Sys=0.00s Real=0.01s
[250.993s][info][gc,start       ] GC(574) Pause Young (Allocation Failure)
[251.002s][info][gc,heap        ] GC(574) PSYoungGen: 1315344K->6048K(1347072K)
[251.002s][info][gc,heap        ] GC(574) PSOldGen: 98002K->111218K(2796544K)
[251.002s][info][gc,metaspace   ] GC(574) Metaspace: 18069K(18944K)->18069K(18944K) NonClass: 16015K(16640K)->16015K(16640K) Class: 2054K(2304K)->2054K(2304K)
[251.002s][info][gc             ] GC(574) Pause Young (Allocation Failure) 1380M->114M(4046M) 8.761ms
[251.002s][info][gc,cpu         ] GC(574) User=0.00s Sys=0.00s Real=0.02s
[251.677s][info][gc,start       ] GC(575) Pause Young (System.gc())
[251.701s][info][gc,heap        ] GC(575) PSYoungGen: 1018665K->45536K(1329664K)
[251.701s][info][gc,heap        ] GC(575) PSOldGen: 111218K->119394K(2796544K)
[251.701s][info][gc,metaspace   ] GC(575) Metaspace: 18069K(18944K)->18069K(18944K) NonClass: 16015K(16640K)->16015K(16640K) Class: 2054K(2304K)->2054K(2304K)
[251.701s][info][gc             ] GC(575) Pause Young (System.gc()) 1103M->161M(4029M) 24.376ms
[251.701s][info][gc,cpu         ] GC(575) User=0.11s Sys=0.00s Real=0.04s
[251.701s][info][gc,start       ] GC(576) Pause Full (System.gc())
[251.701s][info][gc,phases,start] GC(576) Phase 1: Mark live objects
[251.706s][info][gc,phases      ] GC(576) Phase 1: Mark live objects 4.795ms
[251.706s][info][gc,phases,start] GC(576) Phase 2: Compute new object addresses
[251.717s][info][gc,phases      ] GC(576) Phase 2: Compute new object addresses 10.699ms
[251.717s][info][gc,phases,start] GC(576) Phase 3: Adjust pointers
[251.720s][info][gc,phases      ] GC(576) Phase 3: Adjust pointers 3.027ms
[251.720s][info][gc,phases,start] GC(576) Phase 4: Move objects
[251.720s][info][gc,phases      ] GC(576) Phase 4: Move objects 0.010ms
[251.721s][info][gc,heap        ] GC(576) PSYoungGen: 45536K->0K(1329664K)
[251.721s][info][gc,heap        ] GC(576) PSOldGen: 119394K->119394K(2796544K)
[251.721s][info][gc,metaspace   ] GC(576) Metaspace: 18069K(18944K)->18069K(18944K) NonClass: 16015K(16640K)->16015K(16640K) Class: 2054K(2304K)->2054K(2304K)
[251.721s][info][gc             ] GC(576) Pause Full (System.gc()) 161M->116M(4029M) 19.363ms
[251.721s][info][gc,cpu         ] GC(576) User=0.02s Sys=0.00s Real=0.01s
[252.062s][info][gc,start       ] GC(577) Pause Young (Allocation Failure)
[252.064s][info][gc,heap        ] GC(577) PSYoungGen: 1284096K->3872K(1340928K)
[252.064s][info][gc,heap        ] GC(577) PSOldGen: 119394K->119394K(2796544K)
[252.064s][info][gc,metaspace   ] GC(577) Metaspace: 18069K(18944K)->18069K(18944K) NonClass: 16015K(16640K)->16015K(16640K) Class: 2054K(2304K)->2054K(2304K)
[252.064s][info][gc             ] GC(577) Pause Young (Allocation Failure) 1370M->120M(4040M) 2.175ms
[252.064s][info][gc,cpu         ] GC(577) User=0.00s Sys=0.00s Real=0.00s
[252.411s][info][gc,start       ] GC(578) Pause Young (Allocation Failure)
[252.415s][info][gc,heap        ] GC(578) PSYoungGen: 1287968K->4096K(1343488K)
[252.415s][info][gc,heap        ] GC(578) PSOldGen: 119394K->122714K(2796544K)
[252.415s][info][gc,metaspace   ] GC(578) Metaspace: 18069K(18944K)->18069K(18944K) NonClass: 16015K(16640K)->16015K(16640K) Class: 2054K(2304K)->2054K(2304K)
[252.415s][info][gc             ] GC(578) Pause Young (Allocation Failure) 1374M->123M(4043M) 3.636ms
[252.415s][info][gc,cpu         ] GC(578) User=0.09s Sys=0.00s Real=0.01s
[252.923s][info][gc,start       ] GC(579) Pause Young (Allocation Failure)
[252.930s][info][gc,heap        ] GC(579) PSYoungGen: 1291776K->14272K(1341952K)
[252.930s][info][gc,heap        ] GC(579) PSOldGen: 122714K->125146K(2796544K)
[252.930s][info][gc,metaspace   ] GC(579) Metaspace: 18069K(18944K)->18069K(18944K) NonClass: 16015K(16640K)->16015K(16640K) Class: 2054K(2304K)->2054K(2304K)
[252.931s][info][gc             ] GC(579) Pause Young (Allocation Failure) 1381M->136M(4041M) 7.757ms
[252.931s][info][gc,cpu         ] GC(579) User=0.08s Sys=0.00s Real=0.02s
[253.484s][info][gc,start       ] GC(580) Pause Young (Allocation Failure)
[253.495s][info][gc,heap        ] GC(580) PSYoungGen: 1301952K->15408K(1350656K)
[253.495s][info][gc,heap        ] GC(580) PSOldGen: 125146K->136466K(2796544K)
[253.495s][info][gc,metaspace   ] GC(580) Metaspace: 18069K(18944K)->18069K(18944K) NonClass: 16015K(16640K)->16015K(16640K) Class: 2054K(2304K)->2054K(2304K)
[253.495s][info][gc             ] GC(580) Pause Young (Allocation Failure) 1393M->148M(4050M) 11.411ms
[253.495s][info][gc,cpu         ] GC(580) User=0.09s Sys=0.00s Real=0.01s
[254.026s][info][gc,start       ] GC(581) Pause Young (Allocation Failure)
[254.035s][info][gc,heap        ] GC(581) PSYoungGen: 1315376K->6016K(1347072K)
[254.035s][info][gc,heap        ] GC(581) PSOldGen: 136466K->149690K(2796544K)
[254.035s][info][gc,metaspace   ] GC(581) Metaspace: 18069K(18944K)->18069K(18944K) NonClass: 16015K(16640K)->16015K(16640K) Class: 2054K(2304K)->2054K(2304K)
[254.035s][info][gc             ] GC(581) Pause Young (Allocation Failure) 1417M->152M(4046M) 8.634ms
[254.035s][info][gc,cpu         ] GC(581) User=0.00s Sys=0.00s Real=0.01s
[254.717s][info][gc,start       ] GC(582) Pause Young (System.gc())
[254.742s][info][gc,heap        ] GC(582) PSYoungGen: 1040356K->45536K(1329664K)
[254.742s][info][gc,heap        ] GC(582) PSOldGen: 149690K->157882K(2796544K)
[254.742s][info][gc,metaspace   ] GC(582) Metaspace: 18069K(18944K)->18069K(18944K) NonClass: 16015K(16640K)->16015K(16640K) Class: 2054K(2304K)->2054K(2304K)
[254.742s][info][gc             ] GC(582) Pause Young (System.gc()) 1162M->198M(4029M) 24.408ms
[254.742s][info][gc,cpu         ] GC(582) User=0.09s Sys=0.00s Real=0.03s
[254.742s][info][gc,start       ] GC(583) Pause Full (System.gc())
[254.742s][info][gc,phases,start] GC(583) Phase 1: Mark live objects
[254.746s][info][gc,phases      ] GC(583) Phase 1: Mark live objects 4.349ms
[254.746s][info][gc,phases,start] GC(583) Phase 2: Compute new object addresses
[254.757s][info][gc,phases      ] GC(583) Phase 2: Compute new object addresses 10.951ms
[254.757s][info][gc,phases,start] GC(583) Phase 3: Adjust pointers
[254.760s][info][gc,phases      ] GC(583) Phase 3: Adjust pointers 3.023ms
[254.760s][info][gc,phases,start] GC(583) Phase 4: Move objects
[254.760s][info][gc,phases      ] GC(583) Phase 4: Move objects 0.009ms
[254.761s][info][gc,heap        ] GC(583) PSYoungGen: 45536K->0K(1329664K)
[254.761s][info][gc,heap        ] GC(583) PSOldGen: 157882K->3953K(2796544K)
[254.761s][info][gc,metaspace   ] GC(583) Metaspace: 18069K(18944K)->18069K(18944K) NonClass: 16015K(16640K)->16015K(16640K) Class: 2054K(2304K)->2054K(2304K)
[254.761s][info][gc             ] GC(583) Pause Full (System.gc()) 198M->3M(4029M) 19.063ms
[254.761s][info][gc,cpu         ] GC(583) User=0.02s Sys=0.00s Real=0.02s
[255.145s][info][gc,start       ] GC(584) Pause Young (Allocation Failure)
[255.148s][info][gc,heap        ] GC(584) PSYoungGen: 1284096K->3840K(1340928K)
[255.148s][info][gc,heap        ] GC(584) PSOldGen: 3953K->3953K(2796544K)
[255.148s][info][gc,metaspace   ] GC(584) Metaspace: 18069K(18944K)->18069K(18944K) NonClass: 16015K(16640K)->16015K(16640K) Class: 2054K(2304K)->2054K(2304K)
[255.148s][info][gc             ] GC(584) Pause Young (Allocation Failure) 1257M->7M(4040M) 2.578ms
[255.148s][info][gc,cpu         ] GC(584) User=0.00s Sys=0.00s Real=0.00s
[255.574s][info][gc,start       ] GC(585) Pause Young (Allocation Failure)
[255.577s][info][gc,heap        ] GC(585) PSYoungGen: 1287936K->4064K(1343488K)
[255.577s][info][gc,heap        ] GC(585) PSOldGen: 3953K->7273K(2796544K)
[255.577s][info][gc,metaspace   ] GC(585) Metaspace: 18069K(18944K)->18069K(18944K) NonClass: 16015K(16640K)->16015K(16640K) Class: 2054K(2304K)->2054K(2304K)
[255.577s][info][gc             ] GC(585) Pause Young (Allocation Failure) 1261M->11M(4043M) 3.512ms
[255.577s][info][gc,cpu         ] GC(585) User=0.00s Sys=0.00s Real=0.00s
[256.040s][info][gc,start       ] GC(586) Pause Young (Allocation Failure)
[256.047s][info][gc,heap        ] GC(586) PSYoungGen: 1291744K->14240K(1341952K)
[256.047s][info][gc,heap        ] GC(586) PSOldGen: 7273K->9713K(2796544K)
[256.047s][info][gc,metaspace   ] GC(586) Metaspace: 18069K(18944K)->18069K(18944K) NonClass: 16015K(16640K)->16015K(16640K) Class: 2054K(2304K)->2054K(2304K)
[256.047s][info][gc             ] GC(586) Pause Young (Allocation Failure) 1268M->23M(4041M) 7.141ms
[256.047s][info][gc,cpu         ] GC(586) User=0.00s Sys=0.00s Real=0.01s
[256.597s][info][gc,start       ] GC(587) Pause Young (Allocation Failure)
[256.608s][info][gc,heap        ] GC(587) PSYoungGen: 1301920K->15376K(1350656K)
[256.608s][info][gc,heap        ] GC(587) PSOldGen: 9713K->21017K(2796544K)
[256.608s][info][gc,metaspace   ] GC(587) Metaspace: 18069K(18944K)->18069K(18944K) NonClass: 16015K(16640K)->16015K(16640K) Class: 2054K(2304K)->2054K(2304K)
[256.608s][info][gc             ] GC(587) Pause Young (Allocation Failure) 1280M->35M(4050M) 11.141ms
[256.608s][info][gc,cpu         ] GC(587) User=0.09s Sys=0.00s Real=0.03s
[257.139s][info][gc,start       ] GC(588) Pause Young (Allocation Failure)
[257.147s][info][gc,heap        ] GC(588) PSYoungGen: 1315344K->5936K(1347072K)
[257.147s][info][gc,heap        ] GC(588) PSOldGen: 21017K->34233K(2796544K)
[257.148s][info][gc,metaspace   ] GC(588) Metaspace: 18069K(18944K)->18069K(18944K) NonClass: 16015K(16640K)->16015K(16640K) Class: 2054K(2304K)->2054K(2304K)
[257.148s][info][gc             ] GC(588) Pause Young (Allocation Failure) 1305M->39M(4046M) 8.632ms
[257.148s][info][gc,cpu         ] GC(588) User=0.00s Sys=0.00s Real=0.01s
[257.832s][info][gc,start       ] GC(589) Pause Young (System.gc())
[257.856s][info][gc,heap        ] GC(589) PSYoungGen: 1039068K->45536K(1329664K)
[257.856s][info][gc,heap        ] GC(589) PSOldGen: 34233K->42409K(2796544K)
[257.856s][info][gc,metaspace   ] GC(589) Metaspace: 18069K(18944K)->18069K(18944K) NonClass: 16015K(16640K)->16015K(16640K) Class: 2054K(2304K)->2054K(2304K)
[257.856s][info][gc             ] GC(589) Pause Young (System.gc()) 1048M->85M(4029M) 24.370ms
[257.856s][info][gc,cpu         ] GC(589) User=0.19s Sys=0.00s Real=0.03s
[257.856s][info][gc,start       ] GC(590) Pause Full (System.gc())
[257.856s][info][gc,phases,start] GC(590) Phase 1: Mark live objects
[257.860s][info][gc,phases      ] GC(590) Phase 1: Mark live objects 4.343ms
[257.860s][info][gc,phases,start] GC(590) Phase 2: Compute new object addresses
[257.871s][info][gc,phases      ] GC(590) Phase 2: Compute new object addresses 10.998ms
[257.871s][info][gc,phases,start] GC(590) Phase 3: Adjust pointers
[257.874s][info][gc,phases      ] GC(590) Phase 3: Adjust pointers 3.026ms
[257.875s][info][gc,phases,start] GC(590) Phase 4: Move objects
[257.875s][info][gc,phases      ] GC(590) Phase 4: Move objects 0.008ms
[257.875s][info][gc,heap        ] GC(590) PSYoungGen: 45536K->0K(1329664K)
[257.875s][info][gc,heap        ] GC(590) PSOldGen: 42409K->42409K(2796544K)
[257.875s][info][gc,metaspace   ] GC(590) Metaspace: 18069K(18944K)->18069K(18944K) NonClass: 16015K(16640K)->16015K(16640K) Class: 2054K(2304K)->2054K(2304K)
[257.875s][info][gc             ] GC(590) Pause Full (System.gc()) 85M->41M(4029M) 19.114ms
[257.875s][info][gc,cpu         ] GC(590) User=0.02s Sys=0.00s Real=0.01s
[258.207s][info][gc,start       ] GC(591) Pause Young (Allocation Failure)
[258.209s][info][gc,heap        ] GC(591) PSYoungGen: 1284096K->3808K(1340928K)
[258.209s][info][gc,heap        ] GC(591) PSOldGen: 42409K->42409K(2796544K)
[258.209s][info][gc,metaspace   ] GC(591) Metaspace: 18069K(18944K)->18069K(18944K) NonClass: 16015K(16640K)->16015K(16640K) Class: 2054K(2304K)->2054K(2304K)
[258.209s][info][gc             ] GC(591) Pause Young (Allocation Failure) 1295M->45M(4040M) 2.357ms
[258.209s][info][gc,cpu         ] GC(591) User=0.00s Sys=0.00s Real=0.01s
[258.511s][info][gc,start       ] GC(592) Pause Young (Allocation Failure)
[258.515s][info][gc,heap        ] GC(592) PSYoungGen: 1287904K->4064K(1343488K)
[258.515s][info][gc,heap        ] GC(592) PSOldGen: 42409K->45729K(2796544K)
[258.515s][info][gc,metaspace   ] GC(592) Metaspace: 18069K(18944K)->18069K(18944K) NonClass: 16015K(16640K)->16015K(16640K) Class: 2054K(2304K)->2054K(2304K)
[258.515s][info][gc             ] GC(592) Pause Young (Allocation Failure) 1299M->48M(4043M) 3.782ms
[258.515s][info][gc,cpu         ] GC(592) User=0.00s Sys=0.00s Real=0.01s
[258.975s][info][gc,start       ] GC(593) Pause Young (Allocation Failure)
[258.982s][info][gc,heap        ] GC(593) PSYoungGen: 1291744K->14240K(1341952K)
[258.982s][info][gc,heap        ] GC(593) PSOldGen: 45729K->48169K(2796544K)
[258.982s][info][gc,metaspace   ] GC(593) Metaspace: 18069K(18944K)->18069K(18944K) NonClass: 16015K(16640K)->16015K(16640K) Class: 2054K(2304K)->2054K(2304K)
[258.982s][info][gc             ] GC(593) Pause Young (Allocation Failure) 1306M->60M(4041M) 7.561ms
[258.982s][info][gc,cpu         ] GC(593) User=0.09s Sys=0.00s Real=0.02s
[259.533s][info][gc,start       ] GC(594) Pause Young (Allocation Failure)
[259.544s][info][gc,heap        ] GC(594) PSYoungGen: 1301920K->15344K(1350656K)
[259.544s][info][gc,heap        ] GC(594) PSOldGen: 48169K->59489K(2796544K)
[259.544s][info][gc,metaspace   ] GC(594) Metaspace: 18069K(18944K)->18069K(18944K) NonClass: 16015K(16640K)->16015K(16640K) Class: 2054K(2304K)->2054K(2304K)
[259.544s][info][gc             ] GC(594) Pause Young (Allocation Failure) 1318M->73M(4050M) 11.311ms
[259.544s][info][gc,cpu         ] GC(594) User=0.09s Sys=0.00s Real=0.02s
[260.075s][info][gc,start       ] GC(595) Pause Young (Allocation Failure)
[260.084s][info][gc,heap        ] GC(595) PSYoungGen: 1315312K->5952K(1347072K)
[260.084s][info][gc,heap        ] GC(595) PSOldGen: 59489K->72714K(2796544K)
[260.084s][info][gc,metaspace   ] GC(595) Metaspace: 18069K(18944K)->18069K(18944K) NonClass: 16015K(16640K)->16015K(16640K) Class: 2054K(2304K)->2054K(2304K)
[260.084s][info][gc             ] GC(595) Pause Young (Allocation Failure) 1342M->76M(4046M) 8.519ms
[260.084s][info][gc,cpu         ] GC(595) User=0.00s Sys=0.00s Real=0.01s
[260.772s][info][gc,start       ] GC(596) Pause Young (System.gc())
[260.797s][info][gc,heap        ] GC(596) PSYoungGen: 1038644K->45536K(1329664K)
[260.797s][info][gc,heap        ] GC(596) PSOldGen: 72714K->80890K(2796544K)
[260.797s][info][gc,metaspace   ] GC(596) Metaspace: 18075K(18944K)->18075K(18944K) NonClass: 16021K(16640K)->16021K(16640K) Class: 2054K(2304K)->2054K(2304K)
[260.797s][info][gc             ] GC(596) Pause Young (System.gc()) 1085M->123M(4029M) 24.903ms
[260.797s][info][gc,cpu         ] GC(596) User=0.16s Sys=0.02s Real=0.03s
[260.797s][info][gc,start       ] GC(597) Pause Full (System.gc())
[260.797s][info][gc,phases,start] GC(597) Phase 1: Mark live objects
[260.801s][info][gc,phases      ] GC(597) Phase 1: Mark live objects 4.436ms
[260.801s][info][gc,phases,start] GC(597) Phase 2: Compute new object addresses
[260.812s][info][gc,phases      ] GC(597) Phase 2: Compute new object addresses 10.686ms
[260.812s][info][gc,phases,start] GC(597) Phase 3: Adjust pointers
[260.815s][info][gc,phases      ] GC(597) Phase 3: Adjust pointers 3.065ms
[260.815s][info][gc,phases,start] GC(597) Phase 4: Move objects
[260.815s][info][gc,phases      ] GC(597) Phase 4: Move objects 0.008ms
[260.816s][info][gc,heap        ] GC(597) PSYoungGen: 45536K->0K(1329664K)
[260.816s][info][gc,heap        ] GC(597) PSOldGen: 80890K->80890K(2796544K)
[260.816s][info][gc,metaspace   ] GC(597) Metaspace: 18075K(18944K)->18075K(18944K) NonClass: 16021K(16640K)->16021K(16640K) Class: 2054K(2304K)->2054K(2304K)
[260.816s][info][gc             ] GC(597) Pause Full (System.gc()) 123M->78M(4029M) 19.147ms
[260.816s][info][gc,cpu         ] GC(597) User=0.02s Sys=0.00s Real=0.02s
[261.157s][info][gc,start       ] GC(598) Pause Young (Allocation Failure)
[261.159s][info][gc,heap        ] GC(598) PSYoungGen: 1284096K->3808K(1340928K)
[261.159s][info][gc,heap        ] GC(598) PSOldGen: 80890K->80890K(2796544K)
[261.159s][info][gc,metaspace   ] GC(598) Metaspace: 18076K(18944K)->18076K(18944K) NonClass: 16021K(16640K)->16021K(16640K) Class: 2054K(2304K)->2054K(2304K)
[261.159s][info][gc             ] GC(598) Pause Young (Allocation Failure) 1332M->82M(4040M) 2.223ms
[261.159s][info][gc,cpu         ] GC(598) User=0.00s Sys=0.00s Real=0.01s
[261.549s][info][gc,start       ] GC(599) Pause Young (Allocation Failure)
[261.553s][info][gc,heap        ] GC(599) PSYoungGen: 1287904K->4064K(1343488K)
[261.553s][info][gc,heap        ] GC(599) PSOldGen: 80890K->84202K(2796544K)
[261.553s][info][gc,metaspace   ] GC(599) Metaspace: 18076K(18944K)->18076K(18944K) NonClass: 16021K(16640K)->16021K(16640K) Class: 2054K(2304K)->2054K(2304K)
[261.553s][info][gc             ] GC(599) Pause Young (Allocation Failure) 1336M->86M(4043M) 3.740ms
[261.553s][info][gc,cpu         ] GC(599) User=0.00s Sys=0.00s Real=0.00s
[262.014s][info][gc,start       ] GC(600) Pause Young (Allocation Failure)
[262.021s][info][gc,heap        ] GC(600) PSYoungGen: 1291744K->14208K(1341952K)
[262.021s][info][gc,heap        ] GC(600) PSOldGen: 84202K->86642K(2796544K)
[262.021s][info][gc,metaspace   ] GC(600) Metaspace: 18076K(18944K)->18076K(18944K) NonClass: 16021K(16640K)->16021K(16640K) Class: 2054K(2304K)->2054K(2304K)
[262.021s][info][gc             ] GC(600) Pause Young (Allocation Failure) 1343M->98M(4041M) 7.511ms
[262.021s][info][gc,cpu         ] GC(600) User=0.00s Sys=0.00s Real=0.02s
[262.571s][info][gc,start       ] GC(601) Pause Young (Allocation Failure)
[262.582s][info][gc,heap        ] GC(601) PSYoungGen: 1301888K->15312K(1350656K)
[262.582s][info][gc,heap        ] GC(601) PSOldGen: 86642K->97962K(2796544K)
[262.582s][info][gc,metaspace   ] GC(601) Metaspace: 18076K(18944K)->18076K(18944K) NonClass: 16021K(16640K)->16021K(16640K) Class: 2054K(2304K)->2054K(2304K)
[262.582s][info][gc             ] GC(601) Pause Young (Allocation Failure) 1355M->110M(4050M) 11.364ms
[262.582s][info][gc,cpu         ] GC(601) User=0.00s Sys=0.00s Real=0.02s
[263.115s][info][gc,start       ] GC(602) Pause Young (Allocation Failure)
[263.123s][info][gc,heap        ] GC(602) PSYoungGen: 1315280K->5968K(1347072K)
[263.123s][info][gc,heap        ] GC(602) PSOldGen: 97962K->111186K(2796544K)
[263.123s][info][gc,metaspace   ] GC(602) Metaspace: 18076K(18944K)->18076K(18944K) NonClass: 16021K(16640K)->16021K(16640K) Class: 2054K(2304K)->2054K(2304K)
[263.123s][info][gc             ] GC(602) Pause Young (Allocation Failure) 1380M->114M(4046M) 8.683ms
[263.123s][info][gc,cpu         ] GC(602) User=0.09s Sys=0.00s Real=0.02s
[263.809s][info][gc,start       ] GC(603) Pause Young (System.gc())
[263.834s][info][gc,heap        ] GC(603) PSYoungGen: 1041595K->45536K(1329664K)
[263.834s][info][gc,heap        ] GC(603) PSOldGen: 111186K->119378K(2796544K)
[263.834s][info][gc,metaspace   ] GC(603) Metaspace: 18076K(18944K)->18076K(18944K) NonClass: 16021K(16640K)->16021K(16640K) Class: 2054K(2304K)->2054K(2304K)
[263.834s][info][gc             ] GC(603) Pause Young (System.gc()) 1125M->161M(4029M) 24.230ms
[263.834s][info][gc,cpu         ] GC(603) User=0.09s Sys=0.00s Real=0.03s
[263.834s][info][gc,start       ] GC(604) Pause Full (System.gc())
[263.834s][info][gc,phases,start] GC(604) Phase 1: Mark live objects
[263.838s][info][gc,phases      ] GC(604) Phase 1: Mark live objects 4.562ms
[263.838s][info][gc,phases,start] GC(604) Phase 2: Compute new object addresses
[263.850s][info][gc,phases      ] GC(604) Phase 2: Compute new object addresses 11.104ms
[263.850s][info][gc,phases,start] GC(604) Phase 3: Adjust pointers
[263.853s][info][gc,phases      ] GC(604) Phase 3: Adjust pointers 3.016ms
[263.853s][info][gc,phases,start] GC(604) Phase 4: Move objects
[263.853s][info][gc,phases      ] GC(604) Phase 4: Move objects 0.008ms
[263.853s][info][gc,heap        ] GC(604) PSYoungGen: 45536K->0K(1329664K)
[263.853s][info][gc,heap        ] GC(604) PSOldGen: 119378K->119378K(2796544K)
[263.853s][info][gc,metaspace   ] GC(604) Metaspace: 18076K(18944K)->18076K(18944K) NonClass: 16021K(16640K)->16021K(16640K) Class: 2054K(2304K)->2054K(2304K)
[263.853s][info][gc             ] GC(604) Pause Full (System.gc()) 161M->116M(4029M) 19.553ms
[263.853s][info][gc,cpu         ] GC(604) User=0.03s Sys=0.00s Real=0.02s
[264.147s][info][gc,start       ] GC(605) Pause Young (Allocation Failure)
[264.149s][info][gc,heap        ] GC(605) PSYoungGen: 1284096K->3840K(1340928K)
[264.149s][info][gc,heap        ] GC(605) PSOldGen: 119378K->119378K(2796544K)
[264.149s][info][gc,metaspace   ] GC(605) Metaspace: 18076K(18944K)->18076K(18944K) NonClass: 16021K(16640K)->16021K(16640K) Class: 2054K(2304K)->2054K(2304K)
[264.149s][info][gc             ] GC(605) Pause Young (Allocation Failure) 1370M->120M(4040M) 2.481ms
[264.149s][info][gc,cpu         ] GC(605) User=0.08s Sys=0.00s Real=0.00s
[264.491s][info][gc,start       ] GC(606) Pause Young (Allocation Failure)
[264.495s][info][gc,heap        ] GC(606) PSYoungGen: 1287936K->4064K(1343488K)
[264.495s][info][gc,heap        ] GC(606) PSOldGen: 119378K->122690K(2796544K)
[264.495s][info][gc,metaspace   ] GC(606) Metaspace: 18076K(18944K)->18076K(18944K) NonClass: 16021K(16640K)->16021K(16640K) Class: 2054K(2304K)->2054K(2304K)
[264.495s][info][gc             ] GC(606) Pause Young (Allocation Failure) 1374M->123M(4043M) 3.763ms
[264.495s][info][gc,cpu         ] GC(606) User=0.09s Sys=0.00s Real=0.01s
[264.958s][info][gc,start       ] GC(607) Pause Young (Allocation Failure)
[264.966s][info][gc,heap        ] GC(607) PSYoungGen: 1291744K->14240K(1341952K)
[264.966s][info][gc,heap        ] GC(607) PSOldGen: 122690K->125130K(2796544K)
[264.966s][info][gc,metaspace   ] GC(607) Metaspace: 18076K(18944K)->18076K(18944K) NonClass: 16021K(16640K)->16021K(16640K) Class: 2054K(2304K)->2054K(2304K)
[264.966s][info][gc             ] GC(607) Pause Young (Allocation Failure) 1381M->136M(4041M) 7.560ms
[264.966s][info][gc,cpu         ] GC(607) User=0.09s Sys=0.00s Real=0.01s
[265.517s][info][gc,start       ] GC(608) Pause Young (Allocation Failure)
[265.528s][info][gc,heap        ] GC(608) PSYoungGen: 1301920K->15376K(1350656K)
[265.528s][info][gc,heap        ] GC(608) PSOldGen: 125130K->136450K(2796544K)
[265.528s][info][gc,metaspace   ] GC(608) Metaspace: 18076K(18944K)->18076K(18944K) NonClass: 16021K(16640K)->16021K(16640K) Class: 2054K(2304K)->2054K(2304K)
[265.528s][info][gc             ] GC(608) Pause Young (Allocation Failure) 1393M->148M(4050M) 11.492ms
[265.528s][info][gc,cpu         ] GC(608) User=0.09s Sys=0.00s Real=0.01s
[266.060s][info][gc,start       ] GC(609) Pause Young (Allocation Failure)
[266.069s][info][gc,heap        ] GC(609) PSYoungGen: 1315344K->6464K(1347072K)
[266.069s][info][gc,heap        ] GC(609) PSOldGen: 136450K->149666K(2796544K)
[266.069s][info][gc,metaspace   ] GC(609) Metaspace: 18076K(18944K)->18076K(18944K) NonClass: 16021K(16640K)->16021K(16640K) Class: 2054K(2304K)->2054K(2304K)
[266.069s][info][gc             ] GC(609) Pause Young (Allocation Failure) 1417M->152M(4046M) 8.802ms
[266.069s][info][gc,cpu         ] GC(609) User=0.00s Sys=0.00s Real=0.02s
[266.748s][info][gc,start       ] GC(610) Pause Young (System.gc())
[266.772s][info][gc,heap        ] GC(610) PSYoungGen: 1028234K->45536K(1329664K)
[266.772s][info][gc,heap        ] GC(610) PSOldGen: 149666K->157850K(2796544K)
[266.772s][info][gc,metaspace   ] GC(610) Metaspace: 18083K(18944K)->18083K(18944K) NonClass: 16029K(16640K)->16029K(16640K) Class: 2054K(2304K)->2054K(2304K)
[266.772s][info][gc             ] GC(610) Pause Young (System.gc()) 1150M->198M(4029M) 24.276ms
[266.772s][info][gc,cpu         ] GC(610) User=0.06s Sys=0.00s Real=0.03s
[266.772s][info][gc,start       ] GC(611) Pause Full (System.gc())
[266.772s][info][gc,phases,start] GC(611) Phase 1: Mark live objects
[266.777s][info][gc,phases      ] GC(611) Phase 1: Mark live objects 4.770ms
[266.777s][info][gc,phases,start] GC(611) Phase 2: Compute new object addresses
[266.788s][info][gc,phases      ] GC(611) Phase 2: Compute new object addresses 10.735ms
[266.788s][info][gc,phases,start] GC(611) Phase 3: Adjust pointers
[266.791s][info][gc,phases      ] GC(611) Phase 3: Adjust pointers 3.096ms
[266.791s][info][gc,phases,start] GC(611) Phase 4: Move objects
[266.791s][info][gc,phases      ] GC(611) Phase 4: Move objects 0.009ms
[266.792s][info][gc,heap        ] GC(611) PSYoungGen: 45536K->0K(1329664K)
[266.792s][info][gc,heap        ] GC(611) PSOldGen: 157850K->3953K(2796544K)
[266.792s][info][gc,metaspace   ] GC(611) Metaspace: 18083K(18944K)->18083K(18944K) NonClass: 16029K(16640K)->16029K(16640K) Class: 2054K(2304K)->2054K(2304K)
[266.792s][info][gc             ] GC(611) Pause Full (System.gc()) 198M->3M(4029M) 19.479ms
[266.792s][info][gc,cpu         ] GC(611) User=0.03s Sys=0.00s Real=0.02s
[267.158s][info][gc,start       ] GC(612) Pause Young (Allocation Failure)
[267.161s][info][gc,heap        ] GC(612) PSYoungGen: 1284096K->3840K(1340928K)
[267.161s][info][gc,heap        ] GC(612) PSOldGen: 3953K->3953K(2796544K)
[267.161s][info][gc,metaspace   ] GC(612) Metaspace: 18083K(18944K)->18083K(18944K) NonClass: 16029K(16640K)->16029K(16640K) Class: 2054K(2304K)->2054K(2304K)
[267.161s][info][gc             ] GC(612) Pause Young (Allocation Failure) 1257M->7M(4040M) 2.424ms
[267.161s][info][gc,cpu         ] GC(612) User=0.00s Sys=0.00s Real=0.00s
[267.479s][info][gc,start       ] GC(613) Pause Young (Allocation Failure)
[267.482s][info][gc,heap        ] GC(613) PSYoungGen: 1287936K->4064K(1344000K)
[267.482s][info][gc,heap        ] GC(613) PSOldGen: 3953K->7273K(2796544K)
[267.482s][info][gc,metaspace   ] GC(613) Metaspace: 18083K(18944K)->18083K(18944K) NonClass: 16029K(16640K)->16029K(16640K) Class: 2054K(2304K)->2054K(2304K)
[267.482s][info][gc             ] GC(613) Pause Young (Allocation Failure) 1261M->11M(4043M) 3.594ms
[267.482s][info][gc,cpu         ] GC(613) User=0.00s Sys=0.00s Real=0.00s
[267.944s][info][gc,start       ] GC(614) Pause Young (Allocation Failure)
[267.951s][info][gc,heap        ] GC(614) PSYoungGen: 1292256K->14208K(1341952K)
[267.951s][info][gc,heap        ] GC(614) PSOldGen: 7273K->9713K(2796544K)
[267.951s][info][gc,metaspace   ] GC(614) Metaspace: 18083K(18944K)->18083K(18944K) NonClass: 16029K(16640K)->16029K(16640K) Class: 2054K(2304K)->2054K(2304K)
[267.951s][info][gc             ] GC(614) Pause Young (Allocation Failure) 1269M->23M(4041M) 7.588ms
[267.951s][info][gc,cpu         ] GC(614) User=0.08s Sys=0.02s Real=0.02s
[268.504s][info][gc,start       ] GC(615) Pause Young (Allocation Failure)
[268.515s][info][gc,heap        ] GC(615) PSYoungGen: 1302400K->15376K(1350656K)
[268.515s][info][gc,heap        ] GC(615) PSOldGen: 9713K->21033K(2796544K)
[268.515s][info][gc,metaspace   ] GC(615) Metaspace: 18083K(18944K)->18083K(18944K) NonClass: 16029K(16640K)->16029K(16640K) Class: 2054K(2304K)->2054K(2304K)
[268.515s][info][gc             ] GC(615) Pause Young (Allocation Failure) 1281M->35M(4050M) 11.212ms
[268.515s][info][gc,cpu         ] GC(615) User=0.09s Sys=0.00s Real=0.03s
[269.045s][info][gc,start       ] GC(616) Pause Young (Allocation Failure)
[269.053s][info][gc,heap        ] GC(616) PSYoungGen: 1315344K->5920K(1347072K)
[269.053s][info][gc,heap        ] GC(616) PSOldGen: 21033K->34257K(2796544K)
[269.053s][info][gc,metaspace   ] GC(616) Metaspace: 18083K(18944K)->18083K(18944K) NonClass: 16029K(16640K)->16029K(16640K) Class: 2054K(2304K)->2054K(2304K)
[269.053s][info][gc             ] GC(616) Pause Young (Allocation Failure) 1305M->39M(4046M) 8.443ms
[269.053s][info][gc,cpu         ] GC(616) User=0.00s Sys=0.00s Real=0.01s
[269.736s][info][gc,start       ] GC(617) Pause Young (System.gc())
[269.761s][info][gc,heap        ] GC(617) PSYoungGen: 1035213K->45536K(1329664K)
[269.761s][info][gc,heap        ] GC(617) PSOldGen: 34257K->42425K(2796544K)
[269.761s][info][gc,metaspace   ] GC(617) Metaspace: 18083K(18944K)->18083K(18944K) NonClass: 16029K(16640K)->16029K(16640K) Class: 2054K(2304K)->2054K(2304K)
[269.761s][info][gc             ] GC(617) Pause Young (System.gc()) 1044M->85M(4029M) 24.851ms
[269.761s][info][gc,cpu         ] GC(617) User=0.19s Sys=0.00s Real=0.03s
[269.761s][info][gc,start       ] GC(618) Pause Full (System.gc())
[269.761s][info][gc,phases,start] GC(618) Phase 1: Mark live objects
[269.766s][info][gc,phases      ] GC(618) Phase 1: Mark live objects 4.356ms
[269.766s][info][gc,phases,start] GC(618) Phase 2: Compute new object addresses
[269.776s][info][gc,phases      ] GC(618) Phase 2: Compute new object addresses 10.816ms
[269.779s][info][gc,phases,start] GC(618) Phase 3: Adjust pointers
[269.782s][info][gc,phases      ] GC(618) Phase 3: Adjust pointers 3.522ms
[269.782s][info][gc,phases,start] GC(618) Phase 4: Move objects
[269.782s][info][gc,phases      ] GC(618) Phase 4: Move objects 0.008ms
[269.783s][info][gc,heap        ] GC(618) PSYoungGen: 45536K->0K(1329664K)
[269.783s][info][gc,heap        ] GC(618) PSOldGen: 42425K->42426K(2796544K)
[269.783s][info][gc,metaspace   ] GC(618) Metaspace: 18083K(18944K)->18083K(18944K) NonClass: 16029K(16640K)->16029K(16640K) Class: 2054K(2304K)->2054K(2304K)
[269.783s][info][gc             ] GC(618) Pause Full (System.gc()) 85M->41M(4029M) 21.750ms
[269.783s][info][gc,cpu         ] GC(618) User=0.02s Sys=0.00s Real=0.02s
[270.153s][info][gc,start       ] GC(619) Pause Young (Allocation Failure)
[270.155s][info][gc,heap        ] GC(619) PSYoungGen: 1284096K->3872K(1340928K)
[270.155s][info][gc,heap        ] GC(619) PSOldGen: 42426K->42426K(2796544K)
[270.155s][info][gc,metaspace   ] GC(619) Metaspace: 18083K(18944K)->18083K(18944K) NonClass: 16029K(16640K)->16029K(16640K) Class: 2054K(2304K)->2054K(2304K)
[270.155s][info][gc             ] GC(619) Pause Young (Allocation Failure) 1295M->45M(4040M) 2.100ms
[270.155s][info][gc,cpu         ] GC(619) User=0.00s Sys=0.00s Real=0.00s
[270.573s][info][gc,start       ] GC(620) Pause Young (Allocation Failure)
[270.576s][info][gc,heap        ] GC(620) PSYoungGen: 1287968K->4096K(1343488K)
[270.576s][info][gc,heap        ] GC(620) PSOldGen: 42426K->45746K(2796544K)
[270.576s][info][gc,metaspace   ] GC(620) Metaspace: 18083K(18944K)->18083K(18944K) NonClass: 16029K(16640K)->16029K(16640K) Class: 2054K(2304K)->2054K(2304K)
[270.576s][info][gc             ] GC(620) Pause Young (Allocation Failure) 1299M->48M(4043M) 3.685ms
[270.576s][info][gc,cpu         ] GC(620) User=0.00s Sys=0.00s Real=0.01s
[271.037s][info][gc,start       ] GC(621) Pause Young (Allocation Failure)
[271.045s][info][gc,heap        ] GC(621) PSYoungGen: 1291776K->14240K(1341952K)
[271.045s][info][gc,heap        ] GC(621) PSOldGen: 45746K->48178K(2796544K)
[271.045s][info][gc,metaspace   ] GC(621) Metaspace: 18083K(18944K)->18083K(18944K) NonClass: 16029K(16640K)->16029K(16640K) Class: 2054K(2304K)->2054K(2304K)
[271.045s][info][gc             ] GC(621) Pause Young (Allocation Failure) 1306M->60M(4041M) 7.583ms
[271.045s][info][gc,cpu         ] GC(621) User=0.06s Sys=0.00s Real=0.02s
[271.594s][info][gc,start       ] GC(622) Pause Young (Allocation Failure)
[271.605s][info][gc,heap        ] GC(622) PSYoungGen: 1301920K->15376K(1350656K)
[271.605s][info][gc,heap        ] GC(622) PSOldGen: 48178K->59498K(2796544K)
[271.605s][info][gc,metaspace   ] GC(622) Metaspace: 18083K(18944K)->18083K(18944K) NonClass: 16029K(16640K)->16029K(16640K) Class: 2054K(2304K)->2054K(2304K)
[271.605s][info][gc             ] GC(622) Pause Young (Allocation Failure) 1318M->73M(4050M) 11.253ms
[271.605s][info][gc,cpu         ] GC(622) User=0.09s Sys=0.00s Real=0.02s
[272.138s][info][gc,start       ] GC(623) Pause Young (Allocation Failure)
[272.147s][info][gc,heap        ] GC(623) PSYoungGen: 1315344K->6544K(1347072K)
[272.147s][info][gc,heap        ] GC(623) PSOldGen: 59498K->72714K(2796544K)
[272.147s][info][gc,metaspace   ] GC(623) Metaspace: 18083K(18944K)->18083K(18944K) NonClass: 16029K(16640K)->16029K(16640K) Class: 2054K(2304K)->2054K(2304K)
[272.147s][info][gc             ] GC(623) Pause Young (Allocation Failure) 1342M->77M(4046M) 8.723ms
[272.147s][info][gc,cpu         ] GC(623) User=0.00s Sys=0.00s Real=0.02s
[272.823s][info][gc,start       ] GC(624) Pause Young (System.gc())
[272.847s][info][gc,heap        ] GC(624) PSYoungGen: 1018758K->45536K(1329664K)
[272.847s][info][gc,heap        ] GC(624) PSOldGen: 72714K->80890K(2796544K)
[272.847s][info][gc,metaspace   ] GC(624) Metaspace: 18083K(18944K)->18083K(18944K) NonClass: 16029K(16640K)->16029K(16640K) Class: 2054K(2304K)->2054K(2304K)
[272.847s][info][gc             ] GC(624) Pause Young (System.gc()) 1065M->123M(4029M) 24.789ms
[272.847s][info][gc,cpu         ] GC(624) User=0.08s Sys=0.00s Real=0.04s
[272.847s][info][gc,start       ] GC(625) Pause Full (System.gc())
[272.847s][info][gc,phases,start] GC(625) Phase 1: Mark live objects
[272.852s][info][gc,phases      ] GC(625) Phase 1: Mark live objects 4.382ms
[272.852s][info][gc,phases,start] GC(625) Phase 2: Compute new object addresses
[272.863s][info][gc,phases      ] GC(625) Phase 2: Compute new object addresses 11.267ms
[272.863s][info][gc,phases,start] GC(625) Phase 3: Adjust pointers
[272.866s][info][gc,phases      ] GC(625) Phase 3: Adjust pointers 3.021ms
[272.866s][info][gc,phases,start] GC(625) Phase 4: Move objects
[272.866s][info][gc,phases      ] GC(625) Phase 4: Move objects 0.008ms
[272.867s][info][gc,heap        ] GC(625) PSYoungGen: 45536K->0K(1329664K)
[272.867s][info][gc,heap        ] GC(625) PSOldGen: 80890K->80890K(2796544K)
[272.867s][info][gc,metaspace   ] GC(625) Metaspace: 18083K(18944K)->18083K(18944K) NonClass: 16029K(16640K)->16029K(16640K) Class: 2054K(2304K)->2054K(2304K)
[272.867s][info][gc             ] GC(625) Pause Full (System.gc()) 123M->78M(4029M) 19.413ms
[272.867s][info][gc,cpu         ] GC(625) User=0.02s Sys=0.00s Real=0.02s
[273.279s][info][gc,start       ] GC(626) Pause Young (Allocation Failure)
[273.281s][info][gc,heap        ] GC(626) PSYoungGen: 1284096K->3872K(1340928K)
[273.281s][info][gc,heap        ] GC(626) PSOldGen: 80890K->80890K(2796544K)
[273.281s][info][gc,metaspace   ] GC(626) Metaspace: 18083K(18944K)->18083K(18944K) NonClass: 16029K(16640K)->16029K(16640K) Class: 2054K(2304K)->2054K(2304K)
[273.281s][info][gc             ] GC(626) Pause Young (Allocation Failure) 1332M->82M(4040M) 2.191ms
[273.281s][info][gc,cpu         ] GC(626) User=0.00s Sys=0.00s Real=0.00s
[273.721s][info][gc,start       ] GC(627) Pause Young (Allocation Failure)
[273.724s][info][gc,heap        ] GC(627) PSYoungGen: 1287968K->4096K(1344000K)
[273.724s][info][gc,heap        ] GC(627) PSOldGen: 80890K->84210K(2796544K)
[273.724s][info][gc,metaspace   ] GC(627) Metaspace: 18083K(18944K)->18083K(18944K) NonClass: 16029K(16640K)->16029K(16640K) Class: 2054K(2304K)->2054K(2304K)
[273.725s][info][gc             ] GC(627) Pause Young (Allocation Failure) 1336M->86M(4043M) 3.631ms
[273.725s][info][gc,cpu         ] GC(627) User=0.00s Sys=0.00s Real=0.00s
[274.186s][info][gc,start       ] GC(628) Pause Young (Allocation Failure)
[274.193s][info][gc,heap        ] GC(628) PSYoungGen: 1292288K->14208K(1341952K)
[274.193s][info][gc,heap        ] GC(628) PSOldGen: 84210K->86658K(2796544K)
[274.193s][info][gc,metaspace   ] GC(628) Metaspace: 18083K(18944K)->18083K(18944K) NonClass: 16029K(16640K)->16029K(16640K) Class: 2054K(2304K)->2054K(2304K)
[274.193s][info][gc             ] GC(628) Pause Young (Allocation Failure) 1344M->98M(4041M) 7.848ms
[274.193s][info][gc,cpu         ] GC(628) User=0.00s Sys=0.00s Real=0.01s
[274.743s][info][gc,start       ] GC(629) Pause Young (Allocation Failure)
[274.755s][info][gc,heap        ] GC(629) PSYoungGen: 1302400K->15376K(1350656K)
[274.755s][info][gc,heap        ] GC(629) PSOldGen: 86658K->97970K(2796544K)
[274.755s][info][gc,metaspace   ] GC(629) Metaspace: 18083K(18944K)->18083K(18944K) NonClass: 16029K(16640K)->16029K(16640K) Class: 2054K(2304K)->2054K(2304K)
[274.755s][info][gc             ] GC(629) Pause Young (Allocation Failure) 1356M->110M(4050M) 11.387ms
[274.755s][info][gc,cpu         ] GC(629) User=0.00s Sys=0.00s Real=0.01s
[275.287s][info][gc,start       ] GC(630) Pause Young (Allocation Failure)
[275.296s][info][gc,heap        ] GC(630) PSYoungGen: 1315344K->5952K(1347072K)
[275.296s][info][gc,heap        ] GC(630) PSOldGen: 97970K->111202K(2796544K)
[275.296s][info][gc,metaspace   ] GC(630) Metaspace: 18083K(18944K)->18083K(18944K) NonClass: 16029K(16640K)->16029K(16640K) Class: 2054K(2304K)->2054K(2304K)
[275.296s][info][gc             ] GC(630) Pause Young (Allocation Failure) 1380M->114M(4046M) 8.696ms
[275.296s][info][gc,cpu         ] GC(630) User=0.08s Sys=0.02s Real=0.02s
[275.979s][info][gc,start       ] GC(631) Pause Young (System.gc())
[276.004s][info][gc,heap        ] GC(631) PSYoungGen: 1042282K->45536K(1329664K)
[276.004s][info][gc,heap        ] GC(631) PSOldGen: 111202K->119370K(2796544K)
[276.004s][info][gc,metaspace   ] GC(631) Metaspace: 18083K(18944K)->18083K(18944K) NonClass: 16029K(16640K)->16029K(16640K) Class: 2054K(2304K)->2054K(2304K)
[276.004s][info][gc             ] GC(631) Pause Young (System.gc()) 1126M->161M(4029M) 24.919ms
[276.004s][info][gc,cpu         ] GC(631) User=0.09s Sys=0.00s Real=0.03s
[276.004s][info][gc,start       ] GC(632) Pause Full (System.gc())
[276.004s][info][gc,phases,start] GC(632) Phase 1: Mark live objects
[276.009s][info][gc,phases      ] GC(632) Phase 1: Mark live objects 4.474ms
[276.009s][info][gc,phases,start] GC(632) Phase 2: Compute new object addresses
[276.020s][info][gc,phases      ] GC(632) Phase 2: Compute new object addresses 10.697ms
[276.020s][info][gc,phases,start] GC(632) Phase 3: Adjust pointers
[276.023s][info][gc,phases      ] GC(632) Phase 3: Adjust pointers 3.048ms
[276.023s][info][gc,phases,start] GC(632) Phase 4: Move objects
[276.023s][info][gc,phases      ] GC(632) Phase 4: Move objects 0.009ms
[276.023s][info][gc,heap        ] GC(632) PSYoungGen: 45536K->0K(1329664K)
[276.023s][info][gc,heap        ] GC(632) PSOldGen: 119370K->119370K(2796544K)
[276.023s][info][gc,metaspace   ] GC(632) Metaspace: 18083K(18944K)->18083K(18944K) NonClass: 16029K(16640K)->16029K(16640K) Class: 2054K(2304K)->2054K(2304K)
[276.023s][info][gc             ] GC(632) Pause Full (System.gc()) 161M->116M(4029M) 18.964ms
[276.023s][info][gc,cpu         ] GC(632) User=0.02s Sys=0.00s Real=0.01s
[276.375s][info][gc,start       ] GC(633) Pause Young (Allocation Failure)
[276.377s][info][gc,heap        ] GC(633) PSYoungGen: 1284096K->3872K(1340928K)
[276.377s][info][gc,heap        ] GC(633) PSOldGen: 119370K->119370K(2796544K)
[276.377s][info][gc,metaspace   ] GC(633) Metaspace: 18083K(18944K)->18083K(18944K) NonClass: 16029K(16640K)->16029K(16640K) Class: 2054K(2304K)->2054K(2304K)
[276.377s][info][gc             ] GC(633) Pause Young (Allocation Failure) 1370M->120M(4040M) 2.313ms
[276.377s][info][gc,cpu         ] GC(633) User=0.00s Sys=0.00s Real=0.01s
[276.694s][info][gc,start       ] GC(634) Pause Young (Allocation Failure)
[276.698s][info][gc,heap        ] GC(634) PSYoungGen: 1287968K->4064K(1343488K)
[276.698s][info][gc,heap        ] GC(634) PSOldGen: 119370K->122682K(2796544K)
[276.698s][info][gc,metaspace   ] GC(634) Metaspace: 18083K(18944K)->18083K(18944K) NonClass: 16029K(16640K)->16029K(16640K) Class: 2054K(2304K)->2054K(2304K)
[276.698s][info][gc             ] GC(634) Pause Young (Allocation Failure) 1374M->123M(4043M) 3.693ms
[276.698s][info][gc,cpu         ] GC(634) User=0.02s Sys=0.00s Real=0.01s
[277.206s][info][gc,start       ] GC(635) Pause Young (Allocation Failure)
[277.213s][info][gc,heap        ] GC(635) PSYoungGen: 1291744K->14208K(1341952K)
[277.213s][info][gc,heap        ] GC(635) PSOldGen: 122682K->125130K(2796544K)
[277.213s][info][gc,metaspace   ] GC(635) Metaspace: 18083K(18944K)->18083K(18944K) NonClass: 16029K(16640K)->16029K(16640K) Class: 2054K(2304K)->2054K(2304K)
[277.213s][info][gc             ] GC(635) Pause Young (Allocation Failure) 1381M->136M(4041M) 7.747ms
[277.213s][info][gc,cpu         ] GC(635) User=0.09s Sys=0.00s Real=0.01s
[277.762s][info][gc,start       ] GC(636) Pause Young (Allocation Failure)
[277.773s][info][gc,heap        ] GC(636) PSYoungGen: 1301888K->15344K(1350656K)
[277.773s][info][gc,heap        ] GC(636) PSOldGen: 125130K->136450K(2796544K)
[277.773s][info][gc,metaspace   ] GC(636) Metaspace: 18083K(18944K)->18083K(18944K) NonClass: 16029K(16640K)->16029K(16640K) Class: 2054K(2304K)->2054K(2304K)
[277.773s][info][gc             ] GC(636) Pause Young (Allocation Failure) 1393M->148M(4050M) 11.369ms
[277.773s][info][gc,cpu         ] GC(636) User=0.00s Sys=0.00s Real=0.02s
[278.305s][info][gc,start       ] GC(637) Pause Young (Allocation Failure)
[278.314s][info][gc,heap        ] GC(637) PSYoungGen: 1315312K->5968K(1347072K)
[278.314s][info][gc,heap        ] GC(637) PSOldGen: 136450K->149674K(2796544K)
[278.314s][info][gc,metaspace   ] GC(637) Metaspace: 18083K(18944K)->18083K(18944K) NonClass: 16029K(16640K)->16029K(16640K) Class: 2054K(2304K)->2054K(2304K)
[278.314s][info][gc             ] GC(637) Pause Young (Allocation Failure) 1417M->151M(4046M) 8.653ms
[278.314s][info][gc,cpu         ] GC(637) User=0.00s Sys=0.00s Real=0.02s
[278.995s][info][gc,start       ] GC(638) Pause Young (System.gc())
[279.020s][info][gc,heap        ] GC(638) PSYoungGen: 1040986K->45536K(1329664K)
[279.020s][info][gc,heap        ] GC(638) PSOldGen: 149674K->157858K(2796544K)
[279.020s][info][gc,metaspace   ] GC(638) Metaspace: 18083K(18944K)->18083K(18944K) NonClass: 16029K(16640K)->16029K(16640K) Class: 2054K(2304K)->2054K(2304K)
[279.020s][info][gc             ] GC(638) Pause Young (System.gc()) 1162M->198M(4029M) 24.980ms
[279.020s][info][gc,cpu         ] GC(638) User=0.09s Sys=0.00s Real=0.03s
[279.020s][info][gc,start       ] GC(639) Pause Full (System.gc())
[279.020s][info][gc,phases,start] GC(639) Phase 1: Mark live objects
[279.025s][info][gc,phases      ] GC(639) Phase 1: Mark live objects 4.446ms
[279.025s][info][gc,phases,start] GC(639) Phase 2: Compute new object addresses
[279.035s][info][gc,phases      ] GC(639) Phase 2: Compute new object addresses 10.724ms
[279.035s][info][gc,phases,start] GC(639) Phase 3: Adjust pointers
[279.039s][info][gc,phases      ] GC(639) Phase 3: Adjust pointers 3.086ms
[279.039s][info][gc,phases,start] GC(639) Phase 4: Move objects
[279.039s][info][gc,phases      ] GC(639) Phase 4: Move objects 0.008ms
[279.039s][info][gc,heap        ] GC(639) PSYoungGen: 45536K->0K(1329664K)
[279.039s][info][gc,heap        ] GC(639) PSOldGen: 157858K->3953K(2796544K)
[279.039s][info][gc,metaspace   ] GC(639) Metaspace: 18083K(18944K)->18083K(18944K) NonClass: 16029K(16640K)->16029K(16640K) Class: 2054K(2304K)->2054K(2304K)
[279.039s][info][gc             ] GC(639) Pause Full (System.gc()) 198M->3M(4029M) 19.031ms
[279.039s][info][gc,cpu         ] GC(639) User=0.02s Sys=0.00s Real=0.02s
[279.368s][info][gc,start       ] GC(640) Pause Young (Allocation Failure)
[279.371s][info][gc,heap        ] GC(640) PSYoungGen: 1284096K->3840K(1340928K)
[279.371s][info][gc,heap        ] GC(640) PSOldGen: 3953K->3953K(2796544K)
[279.371s][info][gc,metaspace   ] GC(640) Metaspace: 18083K(18944K)->18083K(18944K) NonClass: 16029K(16640K)->16029K(16640K) Class: 2054K(2304K)->2054K(2304K)
[279.371s][info][gc             ] GC(640) Pause Young (Allocation Failure) 1257M->7M(4040M) 2.376ms
[279.371s][info][gc,cpu         ] GC(640) User=0.00s Sys=0.00s Real=0.02s
[279.675s][info][gc,start       ] GC(641) Pause Young (Allocation Failure)
[279.678s][info][gc,heap        ] GC(641) PSYoungGen: 1287936K->4064K(1343488K)
[279.678s][info][gc,heap        ] GC(641) PSOldGen: 3953K->7273K(2796544K)
[279.678s][info][gc,metaspace   ] GC(641) Metaspace: 18083K(18944K)->18083K(18944K) NonClass: 16029K(16640K)->16029K(16640K) Class: 2054K(2304K)->2054K(2304K)
[279.679s][info][gc             ] GC(641) Pause Young (Allocation Failure) 1261M->11M(4043M) 3.643ms
[279.679s][info][gc,cpu         ] GC(641) User=0.00s Sys=0.00s Real=0.00s
[280.140s][info][gc,start       ] GC(642) Pause Young (Allocation Failure)
[280.147s][info][gc,heap        ] GC(642) PSYoungGen: 1291744K->14240K(1341952K)
[280.147s][info][gc,heap        ] GC(642) PSOldGen: 7273K->9721K(2796544K)
[280.147s][info][gc,metaspace   ] GC(642) Metaspace: 18083K(18944K)->18083K(18944K) NonClass: 16029K(16640K)->16029K(16640K) Class: 2054K(2304K)->2054K(2304K)
[280.147s][info][gc             ] GC(642) Pause Young (Allocation Failure) 1268M->23M(4041M) 7.431ms
[280.147s][info][gc,cpu         ] GC(642) User=0.00s Sys=0.00s Real=0.01s
[280.698s][info][gc,start       ] GC(643) Pause Young (Allocation Failure)
[280.709s][info][gc,heap        ] GC(643) PSYoungGen: 1301920K->15312K(1350656K)
[280.709s][info][gc,heap        ] GC(643) PSOldGen: 9721K->21049K(2796544K)
[280.709s][info][gc,metaspace   ] GC(643) Metaspace: 18083K(18944K)->18083K(18944K) NonClass: 16029K(16640K)->16029K(16640K) Class: 2054K(2304K)->2054K(2304K)
[280.709s][info][gc             ] GC(643) Pause Young (Allocation Failure) 1280M->35M(4050M) 11.296ms
[280.709s][info][gc,cpu         ] GC(643) User=0.00s Sys=0.00s Real=0.02s
[281.242s][info][gc,start       ] GC(644) Pause Young (Allocation Failure)
[281.250s][info][gc,heap        ] GC(644) PSYoungGen: 1315280K->6016K(1347072K)
[281.250s][info][gc,heap        ] GC(644) PSOldGen: 21049K->34265K(2796544K)
[281.250s][info][gc,metaspace   ] GC(644) Metaspace: 18083K(18944K)->18083K(18944K) NonClass: 16029K(16640K)->16029K(16640K) Class: 2054K(2304K)->2054K(2304K)
[281.250s][info][gc             ] GC(644) Pause Young (Allocation Failure) 1305M->39M(4046M) 8.588ms
[281.250s][info][gc,cpu         ] GC(644) User=0.02s Sys=0.00s Real=0.02s
[281.931s][info][gc,start       ] GC(645) Pause Young (System.gc())
[281.956s][info][gc,heap        ] GC(645) PSYoungGen: 1036732K->45536K(1329664K)
[281.956s][info][gc,heap        ] GC(645) PSOldGen: 34265K->42449K(2796544K)
[281.956s][info][gc,metaspace   ] GC(645) Metaspace: 18083K(18944K)->18083K(18944K) NonClass: 16029K(16640K)->16029K(16640K) Class: 2054K(2304K)->2054K(2304K)
[281.956s][info][gc             ] GC(645) Pause Young (System.gc()) 1045M->85M(4029M) 24.241ms
[281.956s][info][gc,cpu         ] GC(645) User=0.08s Sys=0.00s Real=0.04s
[281.956s][info][gc,start       ] GC(646) Pause Full (System.gc())
[281.956s][info][gc,phases,start] GC(646) Phase 1: Mark live objects
[281.960s][info][gc,phases      ] GC(646) Phase 1: Mark live objects 4.366ms
[281.960s][info][gc,phases,start] GC(646) Phase 2: Compute new object addresses
[281.971s][info][gc,phases      ] GC(646) Phase 2: Compute new object addresses 11.096ms
[281.971s][info][gc,phases,start] GC(646) Phase 3: Adjust pointers
[281.974s][info][gc,phases      ] GC(646) Phase 3: Adjust pointers 3.021ms
[281.974s][info][gc,phases,start] GC(646) Phase 4: Move objects
[281.974s][info][gc,phases      ] GC(646) Phase 4: Move objects 0.008ms
[281.975s][info][gc,heap        ] GC(646) PSYoungGen: 45536K->0K(1329664K)
[281.975s][info][gc,heap        ] GC(646) PSOldGen: 42449K->42450K(2796544K)
[281.975s][info][gc,metaspace   ] GC(646) Metaspace: 18083K(18944K)->18083K(18944K) NonClass: 16029K(16640K)->16029K(16640K) Class: 2054K(2304K)->2054K(2304K)
[281.975s][info][gc             ] GC(646) Pause Full (System.gc()) 85M->41M(4029M) 19.244ms
[281.975s][info][gc,cpu         ] GC(646) User=0.02s Sys=0.00s Real=0.01s
[282.334s][info][gc,start       ] GC(647) Pause Young (Allocation Failure)
[282.337s][info][gc,heap        ] GC(647) PSYoungGen: 1284096K->3872K(1340928K)
[282.337s][info][gc,heap        ] GC(647) PSOldGen: 42450K->42450K(2796544K)
[282.337s][info][gc,metaspace   ] GC(647) Metaspace: 18083K(18944K)->18083K(18944K) NonClass: 16029K(16640K)->16029K(16640K) Class: 2054K(2304K)->2054K(2304K)
[282.337s][info][gc             ] GC(647) Pause Young (Allocation Failure) 1295M->45M(4040M) 2.453ms
[282.337s][info][gc,cpu         ] GC(647) User=0.09s Sys=0.00s Real=0.01s
[282.761s][info][gc,start       ] GC(648) Pause Young (Allocation Failure)
[282.765s][info][gc,heap        ] GC(648) PSYoungGen: 1287968K->4096K(1343488K)
[282.765s][info][gc,heap        ] GC(648) PSOldGen: 42450K->45770K(2796544K)
[282.765s][info][gc,metaspace   ] GC(648) Metaspace: 18083K(18944K)->18083K(18944K) NonClass: 16029K(16640K)->16029K(16640K) Class: 2054K(2304K)->2054K(2304K)
[282.765s][info][gc             ] GC(648) Pause Young (Allocation Failure) 1299M->48M(4043M) 3.581ms
[282.765s][info][gc,cpu         ] GC(648) User=0.00s Sys=0.00s Real=0.02s
[283.270s][info][gc,start       ] GC(649) Pause Young (Allocation Failure)
[283.277s][info][gc,heap        ] GC(649) PSYoungGen: 1291776K->14240K(1341952K)
[283.277s][info][gc,heap        ] GC(649) PSOldGen: 45770K->48210K(2796544K)
[283.277s][info][gc,metaspace   ] GC(649) Metaspace: 18083K(18944K)->18083K(18944K) NonClass: 16029K(16640K)->16029K(16640K) Class: 2054K(2304K)->2054K(2304K)
[283.277s][info][gc             ] GC(649) Pause Young (Allocation Failure) 1306M->60M(4041M) 7.469ms
[283.277s][info][gc,cpu         ] GC(649) User=0.09s Sys=0.00s Real=0.02s
[283.826s][info][gc,start       ] GC(650) Pause Young (Allocation Failure)
[283.838s][info][gc,heap        ] GC(650) PSYoungGen: 1301920K->15344K(1350656K)
[283.838s][info][gc,heap        ] GC(650) PSOldGen: 48210K->59522K(2796544K)
[283.838s][info][gc,metaspace   ] GC(650) Metaspace: 18083K(18944K)->18083K(18944K) NonClass: 16029K(16640K)->16029K(16640K) Class: 2054K(2304K)->2054K(2304K)
[283.838s][info][gc             ] GC(650) Pause Young (Allocation Failure) 1318M->73M(4050M) 11.336ms
[283.838s][info][gc,cpu         ] GC(650) User=0.09s Sys=0.00s Real=0.02s
[284.369s][info][gc,start       ] GC(651) Pause Young (Allocation Failure)
[284.377s][info][gc,heap        ] GC(651) PSYoungGen: 1315312K->5952K(1347072K)
[284.377s][info][gc,heap        ] GC(651) PSOldGen: 59522K->72746K(2796544K)
[284.377s][info][gc,metaspace   ] GC(651) Metaspace: 18083K(18944K)->18083K(18944K) NonClass: 16029K(16640K)->16029K(16640K) Class: 2054K(2304K)->2054K(2304K)
[284.377s][info][gc             ] GC(651) Pause Young (Allocation Failure) 1342M->76M(4046M) 8.623ms
[284.377s][info][gc,cpu         ] GC(651) User=0.00s Sys=0.00s Real=0.01s
[285.057s][info][gc,start       ] GC(652) Pause Young (System.gc())
[285.082s][info][gc,heap        ] GC(652) PSYoungGen: 1039374K->45536K(1329664K)
[285.082s][info][gc,heap        ] GC(652) PSOldGen: 72746K->80930K(2796544K)
[285.082s][info][gc,metaspace   ] GC(652) Metaspace: 18083K(18944K)->18083K(18944K) NonClass: 16029K(16640K)->16029K(16640K) Class: 2054K(2304K)->2054K(2304K)
[285.082s][info][gc             ] GC(652) Pause Young (System.gc()) 1086M->123M(4029M) 24.901ms
[285.082s][info][gc,cpu         ] GC(652) User=0.09s Sys=0.00s Real=0.04s
[285.082s][info][gc,start       ] GC(653) Pause Full (System.gc())
[285.082s][info][gc,phases,start] GC(653) Phase 1: Mark live objects
[285.087s][info][gc,phases      ] GC(653) Phase 1: Mark live objects 4.490ms
[285.087s][info][gc,phases,start] GC(653) Phase 2: Compute new object addresses
[285.098s][info][gc,phases      ] GC(653) Phase 2: Compute new object addresses 11.071ms
[285.098s][info][gc,phases,start] GC(653) Phase 3: Adjust pointers
[285.101s][info][gc,phases      ] GC(653) Phase 3: Adjust pointers 3.051ms
[285.101s][info][gc,phases,start] GC(653) Phase 4: Move objects
[285.101s][info][gc,phases      ] GC(653) Phase 4: Move objects 0.008ms
[285.101s][info][gc,heap        ] GC(653) PSYoungGen: 45536K->0K(1329664K)
[285.101s][info][gc,heap        ] GC(653) PSOldGen: 80930K->80930K(2796544K)
[285.101s][info][gc,metaspace   ] GC(653) Metaspace: 18083K(18944K)->18083K(18944K) NonClass: 16029K(16640K)->16029K(16640K) Class: 2054K(2304K)->2054K(2304K)
[285.101s][info][gc             ] GC(653) Pause Full (System.gc()) 123M->79M(4029M) 19.434ms
[285.101s][info][gc,cpu         ] GC(653) User=0.02s Sys=0.00s Real=0.01s
[285.407s][info][gc,start       ] GC(654) Pause Young (Allocation Failure)
[285.409s][info][gc,heap        ] GC(654) PSYoungGen: 1284096K->3904K(1340928K)
[285.409s][info][gc,heap        ] GC(654) PSOldGen: 80930K->80930K(2796544K)
[285.409s][info][gc,metaspace   ] GC(654) Metaspace: 18083K(18944K)->18083K(18944K) NonClass: 16029K(16640K)->16029K(16640K) Class: 2054K(2304K)->2054K(2304K)
[285.409s][info][gc             ] GC(654) Pause Young (Allocation Failure) 1333M->82M(4040M) 2.355ms
[285.409s][info][gc,cpu         ] GC(654) User=0.00s Sys=0.00s Real=0.00s
[285.836s][info][gc,start       ] GC(655) Pause Young (Allocation Failure)
[285.840s][info][gc,heap        ] GC(655) PSYoungGen: 1288000K->4096K(1343488K)
[285.840s][info][gc,heap        ] GC(655) PSOldGen: 80930K->84250K(2796544K)
[285.840s][info][gc,metaspace   ] GC(655) Metaspace: 18083K(18944K)->18083K(18944K) NonClass: 16029K(16640K)->16029K(16640K) Class: 2054K(2304K)->2054K(2304K)
[285.840s][info][gc             ] GC(655) Pause Young (Allocation Failure) 1336M->86M(4043M) 3.916ms
[285.840s][info][gc,cpu         ] GC(655) User=0.00s Sys=0.00s Real=0.02s
[286.339s][info][gc,start       ] GC(656) Pause Young (Allocation Failure)
[286.347s][info][gc,heap        ] GC(656) PSYoungGen: 1291776K->14272K(1341952K)
[286.347s][info][gc,heap        ] GC(656) PSOldGen: 84250K->86698K(2796544K)
[286.347s][info][gc,metaspace   ] GC(656) Metaspace: 18083K(18944K)->18083K(18944K) NonClass: 16029K(16640K)->16029K(16640K) Class: 2054K(2304K)->2054K(2304K)
[286.347s][info][gc             ] GC(656) Pause Young (Allocation Failure) 1343M->98M(4041M) 7.514ms
[286.347s][info][gc,cpu         ] GC(656) User=0.00s Sys=0.00s Real=0.01s
[286.895s][info][gc,start       ] GC(657) Pause Young (Allocation Failure)
[286.907s][info][gc,heap        ] GC(657) PSYoungGen: 1301952K->15408K(1350656K)
[286.907s][info][gc,heap        ] GC(657) PSOldGen: 86698K->98010K(2796544K)
[286.907s][info][gc,metaspace   ] GC(657) Metaspace: 18083K(18944K)->18083K(18944K) NonClass: 16029K(16640K)->16029K(16640K) Class: 2054K(2304K)->2054K(2304K)
[286.907s][info][gc             ] GC(657) Pause Young (Allocation Failure) 1356M->110M(4050M) 11.504ms
[286.907s][info][gc,cpu         ] GC(657) User=0.09s Sys=0.00s Real=0.02s
[287.446s][info][gc,start       ] GC(658) Pause Young (Allocation Failure)
[287.455s][info][gc,heap        ] GC(658) PSYoungGen: 1315376K->6048K(1347072K)
[287.455s][info][gc,heap        ] GC(658) PSOldGen: 98010K->111234K(2796544K)
[287.455s][info][gc,metaspace   ] GC(658) Metaspace: 18083K(18944K)->18083K(18944K) NonClass: 16029K(16640K)->16029K(16640K) Class: 2054K(2304K)->2054K(2304K)
[287.455s][info][gc             ] GC(658) Pause Young (Allocation Failure) 1380M->114M(4046M) 8.980ms
[287.455s][info][gc,cpu         ] GC(658) User=0.00s Sys=0.00s Real=0.01s
[288.127s][info][gc,start       ] GC(659) Pause Young (System.gc())
[288.151s][info][gc,heap        ] GC(659) PSYoungGen: 1020586K->45536K(1329664K)
[288.151s][info][gc,heap        ] GC(659) PSOldGen: 111234K->119418K(2796544K)
[288.151s][info][gc,metaspace   ] GC(659) Metaspace: 18083K(18944K)->18083K(18944K) NonClass: 16029K(16640K)->16029K(16640K) Class: 2054K(2304K)->2054K(2304K)
[288.151s][info][gc             ] GC(659) Pause Young (System.gc()) 1105M->161M(4029M) 24.399ms
[288.151s][info][gc,cpu         ] GC(659) User=0.19s Sys=0.00s Real=0.03s
[288.151s][info][gc,start       ] GC(660) Pause Full (System.gc())
[288.151s][info][gc,phases,start] GC(660) Phase 1: Mark live objects
[288.156s][info][gc,phases      ] GC(660) Phase 1: Mark live objects 4.332ms
[288.156s][info][gc,phases,start] GC(660) Phase 2: Compute new object addresses
[288.167s][info][gc,phases      ] GC(660) Phase 2: Compute new object addresses 10.899ms
[288.167s][info][gc,phases,start] GC(660) Phase 3: Adjust pointers
[288.170s][info][gc,phases      ] GC(660) Phase 3: Adjust pointers 3.201ms
[288.170s][info][gc,phases,start] GC(660) Phase 4: Move objects
[288.170s][info][gc,phases      ] GC(660) Phase 4: Move objects 0.009ms
[288.170s][info][gc,heap        ] GC(660) PSYoungGen: 45536K->0K(1329664K)
[288.170s][info][gc,heap        ] GC(660) PSOldGen: 119418K->119418K(2796544K)
[288.171s][info][gc,metaspace   ] GC(660) Metaspace: 18083K(18944K)->18083K(18944K) NonClass: 16029K(16640K)->16029K(16640K) Class: 2054K(2304K)->2054K(2304K)
[288.171s][info][gc             ] GC(660) Pause Full (System.gc()) 161M->116M(4029M) 19.285ms
[288.171s][info][gc,cpu         ] GC(660) User=0.02s Sys=0.00s Real=0.01s
[288.609s][info][gc,start       ] GC(661) Pause Young (Allocation Failure)
[288.611s][info][gc,heap        ] GC(661) PSYoungGen: 1284096K->3904K(1340928K)
[288.611s][info][gc,heap        ] GC(661) PSOldGen: 119418K->119418K(2796544K)
[288.611s][info][gc,metaspace   ] GC(661) Metaspace: 18083K(18944K)->18083K(18944K) NonClass: 16029K(16640K)->16029K(16640K) Class: 2054K(2304K)->2054K(2304K)
[288.611s][info][gc             ] GC(661) Pause Young (Allocation Failure) 1370M->120M(4040M) 2.280ms
[288.611s][info][gc,cpu         ] GC(661) User=0.00s Sys=0.00s Real=0.00s
[288.997s][info][gc,start       ] GC(662) Pause Young (Allocation Failure)
[289.001s][info][gc,heap        ] GC(662) PSYoungGen: 1288000K->4096K(1343488K)
[289.001s][info][gc,heap        ] GC(662) PSOldGen: 119418K->122738K(2796544K)
[289.001s][info][gc,metaspace   ] GC(662) Metaspace: 18083K(18944K)->18083K(18944K) NonClass: 16029K(16640K)->16029K(16640K) Class: 2054K(2304K)->2054K(2304K)
[289.001s][info][gc             ] GC(662) Pause Young (Allocation Failure) 1374M->123M(4043M) 3.841ms
[289.001s][info][gc,cpu         ] GC(662) User=0.00s Sys=0.00s Real=0.01s
[289.506s][info][gc,start       ] GC(663) Pause Young (Allocation Failure)
[289.513s][info][gc,heap        ] GC(663) PSYoungGen: 1291776K->14240K(1341952K)
[289.513s][info][gc,heap        ] GC(663) PSOldGen: 122738K->125186K(2796544K)
[289.513s][info][gc,metaspace   ] GC(663) Metaspace: 18083K(18944K)->18083K(18944K) NonClass: 16029K(16640K)->16029K(16640K) Class: 2054K(2304K)->2054K(2304K)
[289.513s][info][gc             ] GC(663) Pause Young (Allocation Failure) 1381M->136M(4041M) 7.535ms
[289.513s][info][gc,cpu         ] GC(663) User=0.09s Sys=0.00s Real=0.01s
[290.064s][info][gc,start       ] GC(664) Pause Young (Allocation Failure)
[290.075s][info][gc,heap        ] GC(664) PSYoungGen: 1301920K->15408K(1350656K)
[290.075s][info][gc,heap        ] GC(664) PSOldGen: 125186K->136506K(2796544K)
[290.075s][info][gc,metaspace   ] GC(664) Metaspace: 18083K(18944K)->18083K(18944K) NonClass: 16029K(16640K)->16029K(16640K) Class: 2054K(2304K)->2054K(2304K)
[290.075s][info][gc             ] GC(664) Pause Young (Allocation Failure) 1393M->148M(4050M) 11.247ms
[290.075s][info][gc,cpu         ] GC(664) User=0.09s Sys=0.00s Real=0.01s
[290.613s][info][gc,start       ] GC(665) Pause Young (Allocation Failure)
[290.621s][info][gc,heap        ] GC(665) PSYoungGen: 1315376K->6112K(1347072K)
[290.621s][info][gc,heap        ] GC(665) PSOldGen: 136506K->149730K(2796544K)
[290.621s][info][gc,metaspace   ] GC(665) Metaspace: 18083K(18944K)->18083K(18944K) NonClass: 16029K(16640K)->16029K(16640K) Class: 2054K(2304K)->2054K(2304K)
[290.621s][info][gc             ] GC(665) Pause Young (Allocation Failure) 1417M->152M(4046M) 8.890ms
[290.621s][info][gc,cpu         ] GC(665) User=0.09s Sys=0.00s Real=0.02s
[291.297s][info][gc,start       ] GC(666) Pause Young (System.gc())
[291.322s][info][gc,heap        ] GC(666) PSYoungGen: 1017750K->45536K(1329664K)
[291.322s][info][gc,heap        ] GC(666) PSOldGen: 149730K->157906K(2796544K)
[291.322s][info][gc,metaspace   ] GC(666) Metaspace: 18083K(18944K)->18083K(18944K) NonClass: 16029K(16640K)->16029K(16640K) Class: 2054K(2304K)->2054K(2304K)
[291.322s][info][gc             ] GC(666) Pause Young (System.gc()) 1140M->198M(4029M) 24.975ms
[291.322s][info][gc,cpu         ] GC(666) User=0.16s Sys=0.00s Real=0.03s
[291.322s][info][gc,start       ] GC(667) Pause Full (System.gc())
[291.322s][info][gc,phases,start] GC(667) Phase 1: Mark live objects
[291.326s][info][gc,phases      ] GC(667) Phase 1: Mark live objects 4.668ms
[291.326s][info][gc,phases,start] GC(667) Phase 2: Compute new object addresses
[291.337s][info][gc,phases      ] GC(667) Phase 2: Compute new object addresses 10.711ms
[291.337s][info][gc,phases,start] GC(667) Phase 3: Adjust pointers
[291.341s][info][gc,phases      ] GC(667) Phase 3: Adjust pointers 3.282ms
[291.341s][info][gc,phases,start] GC(667) Phase 4: Move objects
[291.341s][info][gc,phases      ] GC(667) Phase 4: Move objects 0.013ms
[291.341s][info][gc,heap        ] GC(667) PSYoungGen: 45536K->0K(1329664K)
[291.341s][info][gc,heap        ] GC(667) PSOldGen: 157906K->3953K(2796544K)
[291.341s][info][gc,metaspace   ] GC(667) Metaspace: 18083K(18944K)->18083K(18944K) NonClass: 16029K(16640K)->16029K(16640K) Class: 2054K(2304K)->2054K(2304K)
[291.341s][info][gc             ] GC(667) Pause Full (System.gc()) 198M->3M(4029M) 19.455ms
[291.341s][info][gc,cpu         ] GC(667) User=0.02s Sys=0.00s Real=0.02s
[291.788s][info][gc,start       ] GC(668) Pause Young (Allocation Failure)
[291.790s][info][gc,heap        ] GC(668) PSYoungGen: 1284096K->3904K(1340928K)
[291.791s][info][gc,heap        ] GC(668) PSOldGen: 3953K->3953K(2796544K)
[291.791s][info][gc,metaspace   ] GC(668) Metaspace: 18083K(18944K)->18083K(18944K) NonClass: 16029K(16640K)->16029K(16640K) Class: 2054K(2304K)->2054K(2304K)
[291.791s][info][gc             ] GC(668) Pause Young (Allocation Failure) 1257M->7M(4040M) 2.349ms
[291.791s][info][gc,cpu         ] GC(668) User=0.00s Sys=0.00s Real=0.00s
[292.232s][info][gc,start       ] GC(669) Pause Young (Allocation Failure)
[292.236s][info][gc,heap        ] GC(669) PSYoungGen: 1288000K->4032K(1343488K)
[292.236s][info][gc,heap        ] GC(669) PSOldGen: 3953K->7265K(2796544K)
[292.236s][info][gc,metaspace   ] GC(669) Metaspace: 18083K(18944K)->18083K(18944K) NonClass: 16029K(16640K)->16029K(16640K) Class: 2054K(2304K)->2054K(2304K)
[292.236s][info][gc             ] GC(669) Pause Young (Allocation Failure) 1261M->11M(4043M) 3.626ms
[292.236s][info][gc,cpu         ] GC(669) User=0.00s Sys=0.00s Real=0.00s
[292.706s][info][gc,start       ] GC(670) Pause Young (Allocation Failure)
[292.713s][info][gc,heap        ] GC(670) PSYoungGen: 1291712K->14240K(1341952K)
[292.713s][info][gc,heap        ] GC(670) PSOldGen: 7265K->9713K(2796544K)
[292.713s][info][gc,metaspace   ] GC(670) Metaspace: 18083K(18944K)->18083K(18944K) NonClass: 16029K(16640K)->16029K(16640K) Class: 2054K(2304K)->2054K(2304K)
[292.713s][info][gc             ] GC(670) Pause Young (Allocation Failure) 1268M->23M(4041M) 7.496ms
[292.713s][info][gc,cpu         ] GC(670) User=0.09s Sys=0.00s Real=0.01s
[293.265s][info][gc,start       ] GC(671) Pause Young (Allocation Failure)
[293.277s][info][gc,heap        ] GC(671) PSYoungGen: 1301920K->15344K(1350656K)
[293.277s][info][gc,heap        ] GC(671) PSOldGen: 9713K->21017K(2796544K)
[293.277s][info][gc,metaspace   ] GC(671) Metaspace: 18083K(18944K)->18083K(18944K) NonClass: 16029K(16640K)->16029K(16640K) Class: 2054K(2304K)->2054K(2304K)
[293.277s][info][gc             ] GC(671) Pause Young (Allocation Failure) 1280M->35M(4050M) 11.312ms
[293.277s][info][gc,cpu         ] GC(671) User=0.09s Sys=0.00s Real=0.02s
[293.808s][info][gc,start       ] GC(672) Pause Young (Allocation Failure)
[293.816s][info][gc,heap        ] GC(672) PSYoungGen: 1315312K->5952K(1347072K)
[293.816s][info][gc,heap        ] GC(672) PSOldGen: 21017K->34241K(2796544K)
[293.817s][info][gc,metaspace   ] GC(672) Metaspace: 18083K(18944K)->18083K(18944K) NonClass: 16029K(16640K)->16029K(16640K) Class: 2054K(2304K)->2054K(2304K)
[293.817s][info][gc             ] GC(672) Pause Young (Allocation Failure) 1305M->39M(4046M) 8.674ms
[293.817s][info][gc,cpu         ] GC(672) User=0.00s Sys=0.00s Real=0.02s
[294.500s][info][gc,start       ] GC(673) Pause Young (System.gc())
[294.524s][info][gc,heap        ] GC(673) PSYoungGen: 1028458K->45536K(1329664K)
[294.524s][info][gc,heap        ] GC(673) PSOldGen: 34241K->42425K(2796544K)
[294.524s][info][gc,metaspace   ] GC(673) Metaspace: 18083K(18944K)->18083K(18944K) NonClass: 16029K(16640K)->16029K(16640K) Class: 2054K(2304K)->2054K(2304K)
[294.524s][info][gc             ] GC(673) Pause Young (System.gc()) 1037M->85M(4029M) 24.400ms
[294.524s][info][gc,cpu         ] GC(673) User=0.19s Sys=0.00s Real=0.03s
[294.524s][info][gc,start       ] GC(674) Pause Full (System.gc())
[294.524s][info][gc,phases,start] GC(674) Phase 1: Mark live objects
[294.529s][info][gc,phases      ] GC(674) Phase 1: Mark live objects 4.432ms
[294.529s][info][gc,phases,start] GC(674) Phase 2: Compute new object addresses
[294.540s][info][gc,phases      ] GC(674) Phase 2: Compute new object addresses 10.763ms
[294.540s][info][gc,phases,start] GC(674) Phase 3: Adjust pointers
[294.543s][info][gc,phases      ] GC(674) Phase 3: Adjust pointers 3.043ms
[294.543s][info][gc,phases,start] GC(674) Phase 4: Move objects
[294.543s][info][gc,phases      ] GC(674) Phase 4: Move objects 0.008ms
[294.543s][info][gc,heap        ] GC(674) PSYoungGen: 45536K->0K(1329664K)
[294.543s][info][gc,heap        ] GC(674) PSOldGen: 42425K->42426K(2796544K)
[294.543s][info][gc,metaspace   ] GC(674) Metaspace: 18083K(18944K)->18083K(18944K) NonClass: 16029K(16640K)->16029K(16640K) Class: 2054K(2304K)->2054K(2304K)
[294.543s][info][gc             ] GC(674) Pause Full (System.gc()) 85M->41M(4029M) 19.080ms
[294.543s][info][gc,cpu         ] GC(674) User=0.02s Sys=0.00s Real=0.02s
[294.843s][info][gc,start       ] GC(675) Pause Young (Allocation Failure)
[294.846s][info][gc,heap        ] GC(675) PSYoungGen: 1284096K->3872K(1340928K)
[294.846s][info][gc,heap        ] GC(675) PSOldGen: 42426K->42426K(2796544K)
[294.846s][info][gc,metaspace   ] GC(675) Metaspace: 18089K(18944K)->18089K(18944K) NonClass: 16034K(16640K)->16034K(16640K) Class: 2054K(2304K)->2054K(2304K)
[294.846s][info][gc             ] GC(675) Pause Young (Allocation Failure) 1295M->45M(4040M) 2.112ms
[294.846s][info][gc,cpu         ] GC(675) User=0.00s Sys=0.00s Real=0.00s
[295.296s][info][gc,start       ] GC(676) Pause Young (Allocation Failure)
[295.300s][info][gc,heap        ] GC(676) PSYoungGen: 1287968K->4096K(1343488K)
[295.300s][info][gc,heap        ] GC(676) PSOldGen: 42426K->45746K(2796544K)
[295.300s][info][gc,metaspace   ] GC(676) Metaspace: 18089K(18944K)->18089K(18944K) NonClass: 16034K(16640K)->16034K(16640K) Class: 2054K(2304K)->2054K(2304K)
[295.300s][info][gc             ] GC(676) Pause Young (Allocation Failure) 1299M->48M(4043M) 3.727ms
[295.300s][info][gc,cpu         ] GC(676) User=0.00s Sys=0.00s Real=0.00s
[295.809s][info][gc,start       ] GC(677) Pause Young (Allocation Failure)
[295.816s][info][gc,heap        ] GC(677) PSYoungGen: 1291776K->14272K(1341952K)
[295.816s][info][gc,heap        ] GC(677) PSOldGen: 45746K->48194K(2796544K)
[295.816s][info][gc,metaspace   ] GC(677) Metaspace: 18089K(18944K)->18089K(18944K) NonClass: 16034K(16640K)->16034K(16640K) Class: 2054K(2304K)->2054K(2304K)
[295.816s][info][gc             ] GC(677) Pause Young (Allocation Failure) 1306M->61M(4041M) 7.526ms
[295.816s][info][gc,cpu         ] GC(677) User=0.00s Sys=0.00s Real=0.01s
[296.368s][info][gc,start       ] GC(678) Pause Young (Allocation Failure)
[296.379s][info][gc,heap        ] GC(678) PSYoungGen: 1301952K->15344K(1350656K)
[296.379s][info][gc,heap        ] GC(678) PSOldGen: 48194K->59506K(2796544K)
[296.379s][info][gc,metaspace   ] GC(678) Metaspace: 18089K(18944K)->18089K(18944K) NonClass: 16034K(16640K)->16034K(16640K) Class: 2054K(2304K)->2054K(2304K)
[296.379s][info][gc             ] GC(678) Pause Young (Allocation Failure) 1318M->73M(4050M) 11.097ms
[296.379s][info][gc,cpu         ] GC(678) User=0.00s Sys=0.00s Real=0.03s
[296.912s][info][gc,start       ] GC(679) Pause Young (Allocation Failure)
[296.920s][info][gc,heap        ] GC(679) PSYoungGen: 1315312K->5936K(1347072K)
[296.920s][info][gc,heap        ] GC(679) PSOldGen: 59506K->72730K(2796544K)
[296.920s][info][gc,metaspace   ] GC(679) Metaspace: 18089K(18944K)->18089K(18944K) NonClass: 16034K(16640K)->16034K(16640K) Class: 2054K(2304K)->2054K(2304K)
[296.920s][info][gc             ] GC(679) Pause Young (Allocation Failure) 1342M->76M(4046M) 8.382ms
[296.920s][info][gc,cpu         ] GC(679) User=0.08s Sys=0.02s Real=0.01s
[297.598s][info][gc,start       ] GC(680) Pause Young (System.gc())
[297.622s][info][gc,heap        ] GC(680) PSYoungGen: 1033199K->45536K(1329664K)
[297.623s][info][gc,heap        ] GC(680) PSOldGen: 72730K->80914K(2796544K)
[297.623s][info][gc,metaspace   ] GC(680) Metaspace: 18089K(18944K)->18089K(18944K) NonClass: 16034K(16640K)->16034K(16640K) Class: 2054K(2304K)->2054K(2304K)
[297.623s][info][gc             ] GC(680) Pause Young (System.gc()) 1080M->123M(4029M) 24.553ms
[297.623s][info][gc,cpu         ] GC(680) User=0.17s Sys=0.00s Real=0.04s
[297.623s][info][gc,start       ] GC(681) Pause Full (System.gc())
[297.623s][info][gc,phases,start] GC(681) Phase 1: Mark live objects
[297.627s][info][gc,phases      ] GC(681) Phase 1: Mark live objects 4.353ms
[297.627s][info][gc,phases,start] GC(681) Phase 2: Compute new object addresses
[297.638s][info][gc,phases      ] GC(681) Phase 2: Compute new object addresses 10.834ms
[297.638s][info][gc,phases,start] GC(681) Phase 3: Adjust pointers
[297.641s][info][gc,phases      ] GC(681) Phase 3: Adjust pointers 3.053ms
[297.641s][info][gc,phases,start] GC(681) Phase 4: Move objects
[297.641s][info][gc,phases      ] GC(681) Phase 4: Move objects 0.008ms
[297.642s][info][gc,heap        ] GC(681) PSYoungGen: 45536K->0K(1329664K)
[297.642s][info][gc,heap        ] GC(681) PSOldGen: 80914K->80914K(2796544K)
[297.642s][info][gc,metaspace   ] GC(681) Metaspace: 18089K(18944K)->18089K(18944K) NonClass: 16034K(16640K)->16034K(16640K) Class: 2054K(2304K)->2054K(2304K)
[297.642s][info][gc             ] GC(681) Pause Full (System.gc()) 123M->79M(4029M) 18.977ms
[297.642s][info][gc,cpu         ] GC(681) User=0.02s Sys=0.00s Real=0.01s
[298.078s][info][gc,start       ] GC(682) Pause Young (Allocation Failure)
[298.080s][info][gc,heap        ] GC(682) PSYoungGen: 1284096K->3872K(1340928K)
[298.080s][info][gc,heap        ] GC(682) PSOldGen: 80914K->80914K(2796544K)
[298.080s][info][gc,metaspace   ] GC(682) Metaspace: 18089K(18944K)->18089K(18944K) NonClass: 16034K(16640K)->16034K(16640K) Class: 2054K(2304K)->2054K(2304K)
[298.080s][info][gc             ] GC(682) Pause Young (Allocation Failure) 1333M->82M(4040M) 2.687ms
[298.080s][info][gc,cpu         ] GC(682) User=0.00s Sys=0.00s Real=0.00s
[298.431s][info][gc,start       ] GC(683) Pause Young (Allocation Failure)
[298.435s][info][gc,heap        ] GC(683) PSYoungGen: 1287968K->4160K(1343488K)
[298.435s][info][gc,heap        ] GC(683) PSOldGen: 80914K->84234K(2796544K)
[298.435s][info][gc,metaspace   ] GC(683) Metaspace: 18089K(18944K)->18089K(18944K) NonClass: 16034K(16640K)->16034K(16640K) Class: 2054K(2304K)->2054K(2304K)
[298.435s][info][gc             ] GC(683) Pause Young (Allocation Failure) 1336M->86M(4043M) 3.816ms
[298.435s][info][gc,cpu         ] GC(683) User=0.00s Sys=0.00s Real=0.00s
[298.922s][info][gc,start       ] GC(684) Pause Young (Allocation Failure)
[298.930s][info][gc,heap        ] GC(684) PSYoungGen: 1291840K->14240K(1341952K)
[298.930s][info][gc,heap        ] GC(684) PSOldGen: 84234K->86674K(2796544K)
[298.930s][info][gc,metaspace   ] GC(684) Metaspace: 18089K(18944K)->18089K(18944K) NonClass: 16034K(16640K)->16034K(16640K) Class: 2054K(2304K)->2054K(2304K)
[298.930s][info][gc             ] GC(684) Pause Young (Allocation Failure) 1343M->98M(4041M) 7.415ms
[298.930s][info][gc,cpu         ] GC(684) User=0.09s Sys=0.00s Real=0.01s
[299.483s][info][gc,start       ] GC(685) Pause Young (Allocation Failure)
[299.494s][info][gc,heap        ] GC(685) PSYoungGen: 1301920K->15392K(1350656K)
[299.494s][info][gc,heap        ] GC(685) PSOldGen: 86674K->97994K(2796544K)
[299.494s][info][gc,metaspace   ] GC(685) Metaspace: 18089K(18944K)->18089K(18944K) NonClass: 16034K(16640K)->16034K(16640K) Class: 2054K(2304K)->2054K(2304K)
[299.494s][info][gc             ] GC(685) Pause Young (Allocation Failure) 1356M->110M(4050M) 11.452ms
[299.494s][info][gc,cpu         ] GC(685) User=0.09s Sys=0.00s Real=0.01s
[300.029s][info][gc,start       ] GC(686) Pause Young (Allocation Failure)
[300.038s][info][gc,heap        ] GC(686) PSYoungGen: 1315360K->6112K(1347072K)
[300.038s][info][gc,heap        ] GC(686) PSOldGen: 97994K->111226K(2796544K)
[300.038s][info][gc,metaspace   ] GC(686) Metaspace: 18089K(18944K)->18089K(18944K) NonClass: 16034K(16640K)->16034K(16640K) Class: 2054K(2304K)->2054K(2304K)
[300.038s][info][gc             ] GC(686) Pause Young (Allocation Failure) 1380M->114M(4046M) 8.955ms
[300.038s][info][gc,cpu         ] GC(686) User=0.00s Sys=0.00s Real=0.01s
[300.712s][info][gc,start       ] GC(687) Pause Young (System.gc())
[300.737s][info][gc,heap        ] GC(687) PSYoungGen: 1019670K->45536K(1329664K)
[300.737s][info][gc,heap        ] GC(687) PSOldGen: 111226K->119402K(2796544K)
[300.737s][info][gc,metaspace   ] GC(687) Metaspace: 18089K(18944K)->18089K(18944K) NonClass: 16034K(16640K)->16034K(16640K) Class: 2054K(2304K)->2054K(2304K)
[300.737s][info][gc             ] GC(687) Pause Young (System.gc()) 1104M->161M(4029M) 24.773ms
[300.737s][info][gc,cpu         ] GC(687) User=0.09s Sys=0.00s Real=0.03s
[300.737s][info][gc,start       ] GC(688) Pause Full (System.gc())
[300.737s][info][gc,phases,start] GC(688) Phase 1: Mark live objects
[300.742s][info][gc,phases      ] GC(688) Phase 1: Mark live objects 4.898ms
[300.742s][info][gc,phases,start] GC(688) Phase 2: Compute new object addresses
[300.753s][info][gc,phases      ] GC(688) Phase 2: Compute new object addresses 10.867ms
[300.753s][info][gc,phases,start] GC(688) Phase 3: Adjust pointers
[300.756s][info][gc,phases      ] GC(688) Phase 3: Adjust pointers 3.033ms
[300.756s][info][gc,phases,start] GC(688) Phase 4: Move objects
[300.756s][info][gc,phases      ] GC(688) Phase 4: Move objects 0.008ms
[300.757s][info][gc,heap        ] GC(688) PSYoungGen: 45536K->0K(1329664K)
[300.757s][info][gc,heap        ] GC(688) PSOldGen: 119402K->119402K(2796544K)
[300.757s][info][gc,metaspace   ] GC(688) Metaspace: 18089K(18944K)->18089K(18944K) NonClass: 16034K(16640K)->16034K(16640K) Class: 2054K(2304K)->2054K(2304K)
[300.757s][info][gc             ] GC(688) Pause Full (System.gc()) 161M->116M(4029M) 19.605ms
[300.757s][info][gc,cpu         ] GC(688) User=0.02s Sys=0.00s Real=0.02s
[301.050s][info][gc,start       ] GC(689) Pause Young (Allocation Failure)
[301.052s][info][gc,heap        ] GC(689) PSYoungGen: 1284096K->3872K(1340928K)
[301.052s][info][gc,heap        ] GC(689) PSOldGen: 119402K->119402K(2796544K)
[301.052s][info][gc,metaspace   ] GC(689) Metaspace: 18089K(18944K)->18089K(18944K) NonClass: 16034K(16640K)->16034K(16640K) Class: 2054K(2304K)->2054K(2304K)
[301.052s][info][gc             ] GC(689) Pause Young (Allocation Failure) 1370M->120M(4040M) 2.389ms
[301.052s][info][gc,cpu         ] GC(689) User=0.00s Sys=0.00s Real=0.00s
[301.371s][info][gc,start       ] GC(690) Pause Young (Allocation Failure)
[301.375s][info][gc,heap        ] GC(690) PSYoungGen: 1287968K->4064K(1343488K)
[301.375s][info][gc,heap        ] GC(690) PSOldGen: 119402K->122730K(2796544K)
[301.375s][info][gc,metaspace   ] GC(690) Metaspace: 18089K(18944K)->18089K(18944K) NonClass: 16034K(16640K)->16034K(16640K) Class: 2054K(2304K)->2054K(2304K)
[301.375s][info][gc             ] GC(690) Pause Young (Allocation Failure) 1374M->123M(4043M) 3.625ms
[301.375s][info][gc,cpu         ] GC(690) User=0.00s Sys=0.00s Real=0.00s
[301.849s][info][gc,start       ] GC(691) Pause Young (Allocation Failure)
[301.857s][info][gc,heap        ] GC(691) PSYoungGen: 1291744K->14208K(1341952K)
[301.857s][info][gc,heap        ] GC(691) PSOldGen: 122730K->125162K(2796544K)
[301.857s][info][gc,metaspace   ] GC(691) Metaspace: 18089K(18944K)->18089K(18944K) NonClass: 16034K(16640K)->16034K(16640K) Class: 2054K(2304K)->2054K(2304K)
[301.857s][info][gc             ] GC(691) Pause Young (Allocation Failure) 1381M->136M(4041M) 7.203ms
[301.857s][info][gc,cpu         ] GC(691) User=0.09s Sys=0.00s Real=0.01s
[302.407s][info][gc,start       ] GC(692) Pause Young (Allocation Failure)
[302.418s][info][gc,heap        ] GC(692) PSYoungGen: 1301888K->15408K(1350656K)
[302.418s][info][gc,heap        ] GC(692) PSOldGen: 125162K->136474K(2796544K)
[302.418s][info][gc,metaspace   ] GC(692) Metaspace: 18089K(18944K)->18089K(18944K) NonClass: 16034K(16640K)->16034K(16640K) Class: 2054K(2304K)->2054K(2304K)
[302.418s][info][gc             ] GC(692) Pause Young (Allocation Failure) 1393M->148M(4050M) 11.232ms
[302.418s][info][gc,cpu         ] GC(692) User=0.09s Sys=0.00s Real=0.01s
[302.948s][info][gc,start       ] GC(693) Pause Young (Allocation Failure)
[302.957s][info][gc,heap        ] GC(693) PSYoungGen: 1315376K->5984K(1347072K)
[302.957s][info][gc,heap        ] GC(693) PSOldGen: 136474K->149706K(2796544K)
[302.957s][info][gc,metaspace   ] GC(693) Metaspace: 18089K(18944K)->18089K(18944K) NonClass: 16034K(16640K)->16034K(16640K) Class: 2054K(2304K)->2054K(2304K)
[302.957s][info][gc             ] GC(693) Pause Young (Allocation Failure) 1417M->152M(4046M) 8.799ms
[302.957s][info][gc,cpu         ] GC(693) User=0.00s Sys=0.00s Real=0.02s
[303.639s][info][gc,start       ] GC(694) Pause Young (System.gc())
[303.664s][info][gc,heap        ] GC(694) PSYoungGen: 1026703K->45536K(1329664K)
[303.664s][info][gc,heap        ] GC(694) PSOldGen: 149706K->157890K(2796544K)
[303.664s][info][gc,metaspace   ] GC(694) Metaspace: 18089K(18944K)->18089K(18944K) NonClass: 16034K(16640K)->16034K(16640K) Class: 2054K(2304K)->2054K(2304K)
[303.664s][info][gc             ] GC(694) Pause Young (System.gc()) 1148M->198M(4029M) 24.722ms
[303.664s][info][gc,cpu         ] GC(694) User=0.19s Sys=0.00s Real=0.03s
[303.664s][info][gc,start       ] GC(695) Pause Full (System.gc())
[303.664s][info][gc,phases,start] GC(695) Phase 1: Mark live objects
[303.668s][info][gc,phases      ] GC(695) Phase 1: Mark live objects 4.342ms
[303.668s][info][gc,phases,start] GC(695) Phase 2: Compute new object addresses
[303.679s][info][gc,phases      ] GC(695) Phase 2: Compute new object addresses 10.743ms
[303.679s][info][gc,phases,start] GC(695) Phase 3: Adjust pointers
[303.682s][info][gc,phases      ] GC(695) Phase 3: Adjust pointers 3.076ms
[303.682s][info][gc,phases,start] GC(695) Phase 4: Move objects
[303.682s][info][gc,phases      ] GC(695) Phase 4: Move objects 0.009ms
[303.683s][info][gc,heap        ] GC(695) PSYoungGen: 45536K->0K(1329664K)
[303.683s][info][gc,heap        ] GC(695) PSOldGen: 157890K->3953K(2796544K)
[303.683s][info][gc,metaspace   ] GC(695) Metaspace: 18089K(18944K)->18089K(18944K) NonClass: 16034K(16640K)->16034K(16640K) Class: 2054K(2304K)->2054K(2304K)
[303.683s][info][gc             ] GC(695) Pause Full (System.gc()) 198M->3M(4029M) 18.914ms
[303.683s][info][gc,cpu         ] GC(695) User=0.02s Sys=0.00s Real=0.02s
[304.117s][info][gc,start       ] GC(696) Pause Young (Allocation Failure)
[304.119s][info][gc,heap        ] GC(696) PSYoungGen: 1284096K->3840K(1340928K)
[304.119s][info][gc,heap        ] GC(696) PSOldGen: 3953K->3953K(2796544K)
[304.119s][info][gc,metaspace   ] GC(696) Metaspace: 18089K(18944K)->18089K(18944K) NonClass: 16034K(16640K)->16034K(16640K) Class: 2054K(2304K)->2054K(2304K)
[304.119s][info][gc             ] GC(696) Pause Young (Allocation Failure) 1257M->7M(4040M) 2.124ms
[304.119s][info][gc,cpu         ] GC(696) User=0.00s Sys=0.00s Real=0.00s
[304.480s][info][gc,start       ] GC(697) Pause Young (Allocation Failure)
[304.484s][info][gc,heap        ] GC(697) PSYoungGen: 1287936K->4128K(1343488K)
[304.484s][info][gc,heap        ] GC(697) PSOldGen: 3953K->7273K(2796544K)
[304.484s][info][gc,metaspace   ] GC(697) Metaspace: 18089K(18944K)->18089K(18944K) NonClass: 16034K(16640K)->16034K(16640K) Class: 2054K(2304K)->2054K(2304K)
[304.484s][info][gc             ] GC(697) Pause Young (Allocation Failure) 1261M->11M(4043M) 3.624ms
[304.484s][info][gc,cpu         ] GC(697) User=0.00s Sys=0.00s Real=0.00s
[304.967s][info][gc,start       ] GC(698) Pause Young (Allocation Failure)
[304.974s][info][gc,heap        ] GC(698) PSYoungGen: 1291808K->14304K(1341952K)
[304.974s][info][gc,heap        ] GC(698) PSOldGen: 7273K->9713K(2796544K)
[304.974s][info][gc,metaspace   ] GC(698) Metaspace: 18089K(18944K)->18089K(18944K) NonClass: 16034K(16640K)->16034K(16640K) Class: 2054K(2304K)->2054K(2304K)
[304.974s][info][gc             ] GC(698) Pause Young (Allocation Failure) 1268M->23M(4041M) 7.365ms
[304.974s][info][gc,cpu         ] GC(698) User=0.00s Sys=0.00s Real=0.01s
[305.527s][info][gc,start       ] GC(699) Pause Young (Allocation Failure)
[305.538s][info][gc,heap        ] GC(699) PSYoungGen: 1301984K->15376K(1350656K)
[305.538s][info][gc,heap        ] GC(699) PSOldGen: 9713K->21025K(2796544K)
[305.538s][info][gc,metaspace   ] GC(699) Metaspace: 18089K(18944K)->18089K(18944K) NonClass: 16034K(16640K)->16034K(16640K) Class: 2054K(2304K)->2054K(2304K)
[305.538s][info][gc             ] GC(699) Pause Young (Allocation Failure) 1280M->35M(4050M) 11.281ms
[305.538s][info][gc,cpu         ] GC(699) User=0.00s Sys=0.00s Real=0.02s
[306.072s][info][gc,start       ] GC(700) Pause Young (Allocation Failure)
[306.081s][info][gc,heap        ] GC(700) PSYoungGen: 1315344K->7040K(1347072K)
[306.081s][info][gc,heap        ] GC(700) PSOldGen: 21025K->34249K(2796544K)
[306.081s][info][gc,metaspace   ] GC(700) Metaspace: 18089K(18944K)->18089K(18944K) NonClass: 16034K(16640K)->16034K(16640K) Class: 2054K(2304K)->2054K(2304K)
[306.081s][info][gc             ] GC(700) Pause Young (Allocation Failure) 1305M->40M(4046M) 8.623ms
[306.081s][info][gc,cpu         ] GC(700) User=0.00s Sys=0.00s Real=0.01s
[306.762s][info][gc,heap,exit   ] Heap
[306.762s][info][gc,heap,exit   ]  PSYoungGen      total 1347072K, used 1091226K [0x00000007aab00000, 0x0000000800000000, 0x0000000800000000)
[306.762s][info][gc,heap,exit   ]   eden space 1299968K, 83% used [0x00000007aab00000,0x00000007ecdc6850,0x00000007fa080000)
[306.762s][info][gc,heap,exit   ]   from space 47104K, 14% used [0x00000007fa080000,0x00000007fa760030,0x00000007fce80000)
[306.762s][info][gc,heap,exit   ]   to   space 45568K, 0% used [0x00000007fd380000,0x00000007fd380000,0x0000000800000000)
[306.762s][info][gc,heap,exit   ]  PSOldGen        total 2796544K, used 34249K [0x0000000700000000, 0x00000007aab00000, 0x00000007aab00000)
[306.762s][info][gc,heap,exit   ]   object space 2796544K, 1% used [0x0000000700000000,0x00000007021727e8,0x00000007aab00000)
[306.762s][info][gc,heap,exit   ]  Metaspace       used 18163K, capacity 18767K, committed 19072K, reserved 1067008K
[306.762s][info][gc,heap,exit   ]   class space    used 2065K, capacity 2296K, committed 2432K, reserved 1048576K
