[0.023s][info][gc,init] Initializing The Z Garbage Collector
[0.023s][info][gc,init] Version: 17.0.12+7-adhoc..jdk17u (release)
[0.023s][info][gc,init] NUMA Support: Disabled
[0.023s][info][gc,init] CPUs: 6 total, 6 available
[0.023s][info][gc,init] Memory: 15591M
[0.023s][info][gc,init] Large Page Support: Disabled
[0.023s][info][gc,init] GC Workers: 2 (dynamic)
[0.024s][info][gc,init] Address Space Type: Contiguous/Unrestricted/Complete
[0.024s][info][gc,init] Address Space Size: 16384M x 3 = 49152M
[0.024s][info][gc,init] Min Capacity: 1024M
[0.024s][info][gc,init] Initial Capacity: 1024M
[0.024s][info][gc,init] Max Capacity: 1024M
[0.024s][info][gc,init] Medium Page Size: 32M
[0.024s][info][gc,init] Pre-touch: Disabled
[0.024s][info][gc,init] Uncommit: Implicitly Disabled (-Xms equals -Xmx)
[0.054s][info][gc,init] Runtime Workers: 4
[0.055s][info][gc     ] Using The Z Garbage Collector
[0.078s][info][gc,metaspace] CDS archive(s) mapped at: [0x00000215b0000000-0x00000215b0bc0000-0x00000215b0bc0000), size 12320768, SharedBaseAddress: 0x00000215b0000000, ArchiveRelocationMode: 1.
[0.078s][info][gc,metaspace] Compressed class space mapped at: 0x00000215b1000000-0x00000215f1000000, reserved size: 1073741824
[0.078s][info][gc,metaspace] Narrow klass base: 0x00000215b0000000, Narrow klass shift: 0, Narrow klass range: 0x100000000
[0.455s][info][gc,start    ] GC(0) Garbage Collection (System.gc())
[0.455s][info][gc,task     ] GC(0) Using 2 workers
[0.455s][info][gc,phases   ] GC(0) Pause Mark Start 0.005ms
[0.463s][info][gc,phases   ] GC(0) Concurrent Mark 8.012ms
[0.464s][info][gc,phases   ] GC(0) Pause Mark End 0.040ms
[0.464s][info][gc,phases   ] GC(0) Concurrent Mark Free 0.002ms
[0.465s][info][gc,phases   ] GC(0) Concurrent Process Non-Strong References 1.208ms
[0.465s][info][gc,phases   ] GC(0) Concurrent Reset Relocation Set 0.004ms
[0.468s][info][gc,phases   ] GC(0) Concurrent Select Relocation Set 2.959ms
[0.468s][info][gc,phases   ] GC(0) Pause Relocate Start 0.010ms
[0.471s][info][gc,phases   ] GC(0) Concurrent Relocate 2.738ms
[0.471s][info][gc,load     ] GC(0) Load: 0.00/0.00/0.00
[0.471s][info][gc,mmu      ] GC(0) MMU: 2ms/98.0%, 5ms/99.0%, 10ms/99.5%, 20ms/99.7%, 50ms/99.9%, 100ms/99.9%
[0.471s][info][gc,marking  ] GC(0) Mark: 2 stripe(s), 1 proactive flush(es), 1 terminate flush(es), 0 completion(s), 0 continuation(s) 
[0.471s][info][gc,marking  ] GC(0) Mark Stack Usage: 32M
[0.471s][info][gc,nmethod  ] GC(0) NMethods: 787 registered, 0 unregistered
[0.471s][info][gc,metaspace] GC(0) Metaspace: 2M used, 3M committed, 1088M reserved
[0.471s][info][gc,ref      ] GC(0) Soft: 123 encountered, 0 discovered, 0 enqueued
[0.471s][info][gc,ref      ] GC(0) Weak: 333 encountered, 68 discovered, 64 enqueued
[0.471s][info][gc,ref      ] GC(0) Final: 3 encountered, 0 discovered, 0 enqueued
[0.471s][info][gc,ref      ] GC(0) Phantom: 51 encountered, 43 discovered, 33 enqueued
[0.472s][info][gc,reloc    ] GC(0) Small Pages: 27 / 54M, Empty: 0M, Relocated: 3M, In-Place: 0
[0.472s][info][gc,reloc    ] GC(0) Medium Pages: 0 / 0M, Empty: 0M, Relocated: 0M, In-Place: 0
[0.472s][info][gc,reloc    ] GC(0) Large Pages: 0 / 0M, Empty: 0M, Relocated: 0M, In-Place: 0
[0.472s][info][gc,reloc    ] GC(0) Forwarding Usage: 1M
[0.472s][info][gc,heap     ] GC(0) Min Capacity: 1024M(100%)
[0.472s][info][gc,heap     ] GC(0) Max Capacity: 1024M(100%)
[0.472s][info][gc,heap     ] GC(0) Soft Max Capacity: 1024M(100%)
[0.472s][info][gc,heap     ] GC(0)                Mark Start          Mark End        Relocate Start      Relocate End           High               Low         
[0.472s][info][gc,heap     ] GC(0)  Capacity:     1024M (100%)       1024M (100%)       1024M (100%)       1024M (100%)       1024M (100%)       1024M (100%)   
[0.472s][info][gc,heap     ] GC(0)      Free:      970M (95%)         970M (95%)         970M (95%)        1020M (100%)       1020M (100%)        966M (94%)    
[0.472s][info][gc,heap     ] GC(0)      Used:       54M (5%)           54M (5%)           54M (5%)            4M (0%)           58M (6%)            4M (0%)     
[0.472s][info][gc,heap     ] GC(0)      Live:         -                 3M (0%)            3M (0%)            3M (0%)             -                  -          
[0.472s][info][gc,heap     ] GC(0) Allocated:         -                 0M (0%)            0M (0%)            0M (0%)             -                  -          
[0.472s][info][gc,heap     ] GC(0)   Garbage:         -                50M (5%)           50M (5%)            0M (0%)             -                  -          
[0.472s][info][gc,heap     ] GC(0) Reclaimed:         -                  -                 0M (0%)           50M (5%)             -                  -          
[0.472s][info][gc          ] GC(0) Garbage Collection (System.gc()) 54M(5%)->4M(0%)
[7.400s][info][gc,start    ] GC(1) Garbage Collection (Warmup)
[7.400s][info][gc,task     ] GC(1) Using 2 workers
[7.400s][info][gc,phases   ] GC(1) Pause Mark Start 0.007ms
[7.407s][info][gc,phases   ] GC(1) Concurrent Mark 7.123ms
[7.408s][info][gc,phases   ] GC(1) Pause Mark End 0.008ms
[7.408s][info][gc,phases   ] GC(1) Concurrent Mark Free 0.000ms
[7.409s][info][gc,phases   ] GC(1) Concurrent Process Non-Strong References 1.712ms
[7.409s][info][gc,phases   ] GC(1) Concurrent Reset Relocation Set 0.002ms
[7.411s][info][gc,phases   ] GC(1) Concurrent Select Relocation Set 1.574ms
[7.411s][info][gc,phases   ] GC(1) Pause Relocate Start 0.007ms
[7.412s][info][gc,phases   ] GC(1) Concurrent Relocate 0.727ms
[7.412s][info][gc,load     ] GC(1) Load: 0.00/0.00/0.00
[7.412s][info][gc,mmu      ] GC(1) MMU: 2ms/98.0%, 5ms/99.0%, 10ms/99.5%, 20ms/99.7%, 50ms/99.9%, 100ms/99.9%
[7.412s][info][gc,marking  ] GC(1) Mark: 2 stripe(s), 2 proactive flush(es), 1 terminate flush(es), 0 completion(s), 0 continuation(s) 
[7.412s][info][gc,marking  ] GC(1) Mark Stack Usage: 32M
[7.412s][info][gc,nmethod  ] GC(1) NMethods: 1977 registered, 0 unregistered
[7.412s][info][gc,metaspace] GC(1) Metaspace: 5M used, 5M committed, 1088M reserved
[7.412s][info][gc,ref      ] GC(1) Soft: 129 encountered, 0 discovered, 0 enqueued
[7.412s][info][gc,ref      ] GC(1) Weak: 277 encountered, 87 discovered, 0 enqueued
[7.412s][info][gc,ref      ] GC(1) Final: 3 encountered, 0 discovered, 0 enqueued
[7.412s][info][gc,ref      ] GC(1) Phantom: 20 encountered, 16 discovered, 4 enqueued
[7.412s][info][gc,reloc    ] GC(1) Small Pages: 53 / 106M, Empty: 64M, Relocated: 1M, In-Place: 0
[7.412s][info][gc,reloc    ] GC(1) Medium Pages: 0 / 0M, Empty: 0M, Relocated: 0M, In-Place: 0
[7.412s][info][gc,reloc    ] GC(1) Large Pages: 0 / 0M, Empty: 0M, Relocated: 0M, In-Place: 0
[7.412s][info][gc,reloc    ] GC(1) Forwarding Usage: 0M
[7.412s][info][gc,heap     ] GC(1) Min Capacity: 1024M(100%)
[7.412s][info][gc,heap     ] GC(1) Max Capacity: 1024M(100%)
[7.412s][info][gc,heap     ] GC(1) Soft Max Capacity: 1024M(100%)
[7.412s][info][gc,heap     ] GC(1)                Mark Start          Mark End        Relocate Start      Relocate End           High               Low         
[7.412s][info][gc,heap     ] GC(1)  Capacity:     1024M (100%)       1024M (100%)       1024M (100%)       1024M (100%)       1024M (100%)       1024M (100%)   
[7.412s][info][gc,heap     ] GC(1)      Free:      918M (90%)         910M (89%)         974M (95%)        1002M (98%)        1002M (98%)         910M (89%)    
[7.412s][info][gc,heap     ] GC(1)      Used:      106M (10%)         114M (11%)          50M (5%)           22M (2%)          114M (11%)          22M (2%)     
[7.412s][info][gc,heap     ] GC(1)      Live:         -                 5M (1%)            5M (1%)            5M (1%)             -                  -          
[7.412s][info][gc,heap     ] GC(1) Allocated:         -                 8M (1%)            8M (1%)           11M (1%)             -                  -          
[7.412s][info][gc,heap     ] GC(1)   Garbage:         -               100M (10%)          36M (4%)            4M (0%)             -                  -          
[7.412s][info][gc,heap     ] GC(1) Reclaimed:         -                  -                64M (6%)           95M (9%)             -                  -          
[7.412s][info][gc          ] GC(1) Garbage Collection (Warmup) 106M(10%)->22M(2%)
[7.790s][info][gc,start    ] GC(2) Garbage Collection (System.gc())
[7.790s][info][gc,task     ] GC(2) Using 2 workers
[7.790s][info][gc,phases   ] GC(2) Pause Mark Start 0.009ms
[7.808s][info][gc,phases   ] GC(2) Concurrent Mark 18.147ms
[7.808s][info][gc,phases   ] GC(2) Pause Mark End 0.029ms
[7.808s][info][gc,phases   ] GC(2) Concurrent Mark Free 0.002ms
[7.811s][info][gc,phases   ] GC(2) Concurrent Process Non-Strong References 2.225ms
[7.811s][info][gc,phases   ] GC(2) Concurrent Reset Relocation Set 0.002ms
[7.812s][info][gc,phases   ] GC(2) Concurrent Select Relocation Set 1.442ms
[7.812s][info][gc,phases   ] GC(2) Pause Relocate Start 0.010ms
[7.813s][info][gc,phases   ] GC(2) Concurrent Relocate 0.712ms
[7.813s][info][gc,load     ] GC(2) Load: 0.00/0.00/0.00
[7.813s][info][gc,mmu      ] GC(2) MMU: 2ms/98.0%, 5ms/99.0%, 10ms/99.5%, 20ms/99.7%, 50ms/99.9%, 100ms/99.9%
[7.813s][info][gc,marking  ] GC(2) Mark: 2 stripe(s), 1 proactive flush(es), 1 terminate flush(es), 0 completion(s), 0 continuation(s) 
[7.813s][info][gc,marking  ] GC(2) Mark Stack Usage: 32M
[7.813s][info][gc,nmethod  ] GC(2) NMethods: 1983 registered, 0 unregistered
[7.813s][info][gc,metaspace] GC(2) Metaspace: 5M used, 5M committed, 1088M reserved
[7.813s][info][gc,ref      ] GC(2) Soft: 130 encountered, 0 discovered, 0 enqueued
[7.813s][info][gc,ref      ] GC(2) Weak: 280 encountered, 2 discovered, 2 enqueued
[7.813s][info][gc,ref      ] GC(2) Final: 3 encountered, 0 discovered, 0 enqueued
[7.813s][info][gc,ref      ] GC(2) Phantom: 14 encountered, 8 discovered, 0 enqueued
[7.813s][info][gc,reloc    ] GC(2) Small Pages: 11 / 22M, Empty: 2M, Relocated: 1M, In-Place: 0
[7.813s][info][gc,reloc    ] GC(2) Medium Pages: 0 / 0M, Empty: 0M, Relocated: 0M, In-Place: 0
[7.813s][info][gc,reloc    ] GC(2) Large Pages: 0 / 0M, Empty: 0M, Relocated: 0M, In-Place: 0
[7.813s][info][gc,reloc    ] GC(2) Forwarding Usage: 0M
[7.813s][info][gc,heap     ] GC(2) Min Capacity: 1024M(100%)
[7.813s][info][gc,heap     ] GC(2) Max Capacity: 1024M(100%)
[7.813s][info][gc,heap     ] GC(2) Soft Max Capacity: 1024M(100%)
[7.813s][info][gc,heap     ] GC(2)                Mark Start          Mark End        Relocate Start      Relocate End           High               Low         
[7.813s][info][gc,heap     ] GC(2)  Capacity:     1024M (100%)       1024M (100%)       1024M (100%)       1024M (100%)       1024M (100%)       1024M (100%)   
[7.813s][info][gc,heap     ] GC(2)      Free:     1002M (98%)        1002M (98%)        1004M (98%)        1018M (99%)        1018M (99%)        1002M (98%)    
[7.813s][info][gc,heap     ] GC(2)      Used:       22M (2%)           22M (2%)           20M (2%)            6M (1%)           22M (2%)            6M (1%)     
[7.813s][info][gc,heap     ] GC(2)      Live:         -                 3M (0%)            3M (0%)            3M (0%)             -                  -          
[7.813s][info][gc,heap     ] GC(2) Allocated:         -                 0M (0%)            0M (0%)            0M (0%)             -                  -          
[7.813s][info][gc,heap     ] GC(2)   Garbage:         -                18M (2%)           16M (2%)            2M (0%)             -                  -          
[7.813s][info][gc,heap     ] GC(2) Reclaimed:         -                  -                 2M (0%)           16M (2%)             -                  -          
[7.813s][info][gc          ] GC(2) Garbage Collection (System.gc()) 22M(2%)->6M(1%)
[10.094s][info][gc,stats    ] === Garbage Collection Statistics =======================================================================================================================
[10.094s][info][gc,stats    ]                                                              Last 10s              Last 10m              Last 10h                Total
[10.094s][info][gc,stats    ]                                                              Avg / Max             Avg / Max             Avg / Max             Avg / Max
[10.094s][info][gc,stats    ]   Collector: Garbage Collection Cycle                     17.159 / 23.562       17.159 / 23.562       17.159 / 23.562       17.159 / 23.562      ms
[10.094s][info][gc,stats    ]  Contention: Mark Segment Reset Contention                     0 / 0                 0 / 0                 0 / 0                 0 / 0           ops/s
[10.094s][info][gc,stats    ]  Contention: Mark SeqNum Reset Contention                      0 / 0                 0 / 0                 0 / 0                 0 / 0           ops/s
[10.094s][info][gc,stats    ]    Critical: Allocation Stall                                  0 / 0                 0 / 0                 0 / 0                 0 / 0           ops/s
[10.094s][info][gc,stats    ]    Critical: Allocation Stall                              0.000 / 0.000         0.000 / 0.000         0.000 / 0.000         0.000 / 0.000       ms
[10.094s][info][gc,stats    ]    Critical: GC Locker Stall                                   0 / 0                 0 / 0                 0 / 0                 0 / 0           ops/s
[10.094s][info][gc,stats    ]    Critical: GC Locker Stall                               0.000 / 0.000         0.000 / 0.000         0.000 / 0.000         0.000 / 0.000       ms
[10.094s][info][gc,stats    ]    Critical: Relocation Stall                                  0 / 0                 0 / 0                 0 / 0                 0 / 0           ops/s
[10.094s][info][gc,stats    ]    Critical: Relocation Stall                              0.000 / 0.000         0.000 / 0.000         0.000 / 0.000         0.000 / 0.000       ms
[10.094s][info][gc,stats    ]      Memory: Allocation Rate                                  20 / 70               20 / 70               20 / 70               20 / 70          MB/s
[10.094s][info][gc,stats    ]      Memory: Out Of Memory                                     0 / 0                 0 / 0                 0 / 0                 0 / 0           ops/s
[10.094s][info][gc,stats    ]      Memory: Page Cache Flush                                  0 / 0                 0 / 0                 0 / 0                 0 / 0           MB/s
[10.094s][info][gc,stats    ]      Memory: Page Cache Hit L1                                 5 / 12                5 / 12                5 / 12                5 / 12          ops/s
[10.094s][info][gc,stats    ]      Memory: Page Cache Hit L2                                 0 / 0                 0 / 0                 0 / 0                 0 / 0           ops/s
[10.094s][info][gc,stats    ]      Memory: Page Cache Hit L3                                 5 / 29                5 / 29                5 / 29                5 / 29          ops/s
[10.094s][info][gc,stats    ]      Memory: Page Cache Miss                                   0 / 1                 0 / 1                 0 / 1                 0 / 1           ops/s
[10.094s][info][gc,stats    ]      Memory: Uncommit                                          0 / 0                 0 / 0                 0 / 0                 0 / 0           MB/s
[10.094s][info][gc,stats    ]      Memory: Undo Object Allocation Failed                     0 / 0                 0 / 0                 0 / 0                 0 / 0           ops/s
[10.094s][info][gc,stats    ]      Memory: Undo Object Allocation Succeeded                  0 / 1                 0 / 1                 0 / 1                 0 / 1           ops/s
[10.094s][info][gc,stats    ]      Memory: Undo Page Allocation                              0 / 0                 0 / 0                 0 / 0                 0 / 0           ops/s
[10.094s][info][gc,stats    ]       Phase: Concurrent Mark                              11.094 / 18.147       11.094 / 18.147       11.094 / 18.147       11.094 / 18.147      ms
[10.094s][info][gc,stats    ]       Phase: Concurrent Mark Continue                      0.000 / 0.000         0.000 / 0.000         0.000 / 0.000         0.000 / 0.000       ms
[10.094s][info][gc,stats    ]       Phase: Concurrent Mark Free                          0.001 / 0.002         0.001 / 0.002         0.001 / 0.002         0.001 / 0.002       ms
[10.094s][info][gc,stats    ]       Phase: Concurrent Process Non-Strong References      1.715 / 2.225         1.715 / 2.225         1.715 / 2.225         1.715 / 2.225       ms
[10.094s][info][gc,stats    ]       Phase: Concurrent Relocate                           1.392 / 2.738         1.392 / 2.738         1.392 / 2.738         1.392 / 2.738       ms
[10.094s][info][gc,stats    ]       Phase: Concurrent Reset Relocation Set               0.003 / 0.004         0.003 / 0.004         0.003 / 0.004         0.003 / 0.004       ms
[10.094s][info][gc,stats    ]       Phase: Concurrent Select Relocation Set              1.992 / 2.959         1.992 / 2.959         1.992 / 2.959         1.992 / 2.959       ms
[10.094s][info][gc,stats    ]       Phase: Pause Mark End                                0.026 / 0.040         0.026 / 0.040         0.026 / 0.040         0.026 / 0.040       ms
[10.094s][info][gc,stats    ]       Phase: Pause Mark Start                              0.007 / 0.009         0.007 / 0.009         0.007 / 0.009         0.007 / 0.009       ms
[10.094s][info][gc,stats    ]       Phase: Pause Relocate Start                          0.009 / 0.010         0.009 / 0.010         0.009 / 0.010         0.009 / 0.010       ms
[10.094s][info][gc,stats    ]    Subphase: Concurrent Classes Purge                      0.101 / 0.109         0.101 / 0.109         0.101 / 0.109         0.101 / 0.109       ms
[10.094s][info][gc,stats    ]    Subphase: Concurrent Classes Unlink                     1.263 / 1.677         1.263 / 1.677         1.263 / 1.677         1.263 / 1.677       ms
[10.094s][info][gc,stats    ]    Subphase: Concurrent Mark                               7.204 / 17.646        7.204 / 17.646        7.204 / 17.646        7.204 / 17.646      ms
[10.094s][info][gc,stats    ]    Subphase: Concurrent Mark Try Flush                     0.054 / 0.103         0.054 / 0.103         0.054 / 0.103         0.054 / 0.103       ms
[10.094s][info][gc,stats    ]    Subphase: Concurrent Mark Try Terminate                 2.303 / 15.010        2.303 / 15.010        2.303 / 15.010        2.303 / 15.010      ms
[10.094s][info][gc,stats    ]    Subphase: Concurrent References Enqueue                 0.005 / 0.006         0.005 / 0.006         0.005 / 0.006         0.005 / 0.006       ms
[10.094s][info][gc,stats    ]    Subphase: Concurrent References Process                 0.070 / 0.084         0.070 / 0.084         0.070 / 0.084         0.070 / 0.084       ms
[10.094s][info][gc,stats    ]    Subphase: Concurrent Roots ClassLoaderDataGraph         0.073 / 0.213         0.073 / 0.213         0.073 / 0.213         0.073 / 0.213       ms
[10.095s][info][gc,stats    ]    Subphase: Concurrent Roots CodeCache                    0.000 / 0.000         0.000 / 0.000         0.000 / 0.000         0.000 / 0.000       ms
[10.095s][info][gc,stats    ]    Subphase: Concurrent Roots JavaThreads                  0.254 / 0.405         0.254 / 0.405         0.254 / 0.405         0.254 / 0.405       ms
[10.095s][info][gc,stats    ]    Subphase: Concurrent Roots OopStorageSet                0.043 / 0.084         0.043 / 0.084         0.043 / 0.084         0.043 / 0.084       ms
[10.095s][info][gc,stats    ]    Subphase: Concurrent Weak Roots OopStorageSet           0.137 / 0.201         0.137 / 0.201         0.137 / 0.201         0.137 / 0.201       ms
[10.095s][info][gc,stats    ]    Subphase: Pause Mark Try Complete                       0.000 / 0.000         0.000 / 0.000         0.000 / 0.000         0.000 / 0.000       ms
[10.095s][info][gc,stats    ]      System: Java Threads                                     15 / 21               15 / 21               15 / 21               15 / 21          threads
[10.095s][info][gc,stats    ] =========================================================================================================================================================
[14.904s][info][gc,start    ] GC(3) Garbage Collection (System.gc())
[14.904s][info][gc,task     ] GC(3) Using 2 workers
[14.904s][info][gc,phases   ] GC(3) Pause Mark Start 0.006ms
[14.918s][info][gc,phases   ] GC(3) Concurrent Mark 13.229ms
[14.918s][info][gc,phases   ] GC(3) Pause Mark End 0.019ms
[14.918s][info][gc,phases   ] GC(3) Concurrent Mark Free 0.002ms
[14.921s][info][gc,phases   ] GC(3) Concurrent Process Non-Strong References 2.672ms
[14.921s][info][gc,phases   ] GC(3) Concurrent Reset Relocation Set 0.002ms
[14.924s][info][gc,phases   ] GC(3) Concurrent Select Relocation Set 3.403ms
[14.924s][info][gc,phases   ] GC(3) Pause Relocate Start 0.010ms
[14.925s][info][gc,phases   ] GC(3) Concurrent Relocate 1.001ms
[14.925s][info][gc,load     ] GC(3) Load: 0.00/0.00/0.00
[14.925s][info][gc,mmu      ] GC(3) MMU: 2ms/98.0%, 5ms/99.0%, 10ms/99.5%, 20ms/99.7%, 50ms/99.9%, 100ms/99.9%
[14.925s][info][gc,marking  ] GC(3) Mark: 2 stripe(s), 1 proactive flush(es), 1 terminate flush(es), 0 completion(s), 0 continuation(s) 
[14.925s][info][gc,marking  ] GC(3) Mark Stack Usage: 32M
[14.925s][info][gc,nmethod  ] GC(3) NMethods: 2087 registered, 0 unregistered
[14.926s][info][gc,metaspace] GC(3) Metaspace: 5M used, 5M committed, 1088M reserved
[14.926s][info][gc,ref      ] GC(3) Soft: 130 encountered, 0 discovered, 0 enqueued
[14.926s][info][gc,ref      ] GC(3) Weak: 278 encountered, 86 discovered, 0 enqueued
[14.926s][info][gc,ref      ] GC(3) Final: 3 encountered, 1 discovered, 0 enqueued
[14.926s][info][gc,ref      ] GC(3) Phantom: 16 encountered, 9 discovered, 2 enqueued
[14.926s][info][gc,reloc    ] GC(3) Small Pages: 52 / 104M, Empty: 92M, Relocated: 1M, In-Place: 0
[14.926s][info][gc,reloc    ] GC(3) Medium Pages: 0 / 0M, Empty: 0M, Relocated: 0M, In-Place: 0
[14.926s][info][gc,reloc    ] GC(3) Large Pages: 0 / 0M, Empty: 0M, Relocated: 0M, In-Place: 0
[14.926s][info][gc,reloc    ] GC(3) Forwarding Usage: 0M
[14.926s][info][gc,heap     ] GC(3) Min Capacity: 1024M(100%)
[14.926s][info][gc,heap     ] GC(3) Max Capacity: 1024M(100%)
[14.926s][info][gc,heap     ] GC(3) Soft Max Capacity: 1024M(100%)
[14.926s][info][gc,heap     ] GC(3)                Mark Start          Mark End        Relocate Start      Relocate End           High               Low         
[14.926s][info][gc,heap     ] GC(3)  Capacity:     1024M (100%)       1024M (100%)       1024M (100%)       1024M (100%)       1024M (100%)       1024M (100%)   
[14.926s][info][gc,heap     ] GC(3)      Free:      920M (90%)         920M (90%)        1012M (99%)        1018M (99%)        1018M (99%)         920M (90%)    
[14.926s][info][gc,heap     ] GC(3)      Used:      104M (10%)         104M (10%)          12M (1%)            6M (1%)          104M (10%)           6M (1%)     
[14.926s][info][gc,heap     ] GC(3)      Live:         -                 3M (0%)            3M (0%)            3M (0%)             -                  -          
[14.926s][info][gc,heap     ] GC(3) Allocated:         -                 0M (0%)            0M (0%)            0M (0%)             -                  -          
[14.926s][info][gc,heap     ] GC(3)   Garbage:         -               100M (10%)           8M (1%)            2M (0%)             -                  -          
[14.926s][info][gc,heap     ] GC(3) Reclaimed:         -                  -                92M (9%)           98M (10%)            -                  -          
[14.926s][info][gc          ] GC(3) Garbage Collection (System.gc()) 104M(10%)->6M(1%)
[20.096s][info][gc,stats    ] === Garbage Collection Statistics =======================================================================================================================
[20.096s][info][gc,stats    ]                                                              Last 10s              Last 10m              Last 10h                Total
[20.096s][info][gc,stats    ]                                                              Avg / Max             Avg / Max             Avg / Max             Avg / Max
[20.096s][info][gc,stats    ]   Collector: Garbage Collection Cycle                     21.180 / 21.180       18.164 / 23.562       18.164 / 23.562       18.164 / 23.562      ms
[20.096s][info][gc,stats    ]  Contention: Mark Segment Reset Contention                     0 / 0                 0 / 0                 0 / 0                 0 / 0           ops/s
[20.096s][info][gc,stats    ]  Contention: Mark SeqNum Reset Contention                      0 / 1                 0 / 1                 0 / 1                 0 / 1           ops/s
[20.096s][info][gc,stats    ]    Critical: Allocation Stall                                  0 / 0                 0 / 0                 0 / 0                 0 / 0           ops/s
[20.096s][info][gc,stats    ]    Critical: Allocation Stall                              0.000 / 0.000         0.000 / 0.000         0.000 / 0.000         0.000 / 0.000       ms
[20.096s][info][gc,stats    ]    Critical: GC Locker Stall                                   0 / 0                 0 / 0                 0 / 0                 0 / 0           ops/s
[20.096s][info][gc,stats    ]    Critical: GC Locker Stall                               0.000 / 0.000         0.000 / 0.000         0.000 / 0.000         0.000 / 0.000       ms
[20.096s][info][gc,stats    ]    Critical: Relocation Stall                                  0 / 0                 0 / 0                 0 / 0                 0 / 0           ops/s
[20.096s][info][gc,stats    ]    Critical: Relocation Stall                              0.000 / 0.000         0.000 / 0.000         0.000 / 0.000         0.000 / 0.000       ms
[20.096s][info][gc,stats    ]      Memory: Allocation Rate                                  13 / 24               16 / 70               16 / 70               16 / 70          MB/s
[20.096s][info][gc,stats    ]      Memory: Out Of Memory                                     0 / 0                 0 / 0                 0 / 0                 0 / 0           ops/s
[20.096s][info][gc,stats    ]      Memory: Page Cache Flush                                  0 / 0                 0 / 0                 0 / 0                 0 / 0           MB/s
[20.096s][info][gc,stats    ]      Memory: Page Cache Hit L1                                 6 / 14                6 / 14                6 / 14                6 / 14          ops/s
[20.096s][info][gc,stats    ]      Memory: Page Cache Hit L2                                 0 / 0                 0 / 0                 0 / 0                 0 / 0           ops/s
[20.096s][info][gc,stats    ]      Memory: Page Cache Hit L3                                 0 / 0                 2 / 29                2 / 29                2 / 29          ops/s
[20.096s][info][gc,stats    ]      Memory: Page Cache Miss                                   0 / 0                 0 / 1                 0 / 1                 0 / 1           ops/s
[20.096s][info][gc,stats    ]      Memory: Uncommit                                          0 / 0                 0 / 0                 0 / 0                 0 / 0           MB/s
[20.096s][info][gc,stats    ]      Memory: Undo Object Allocation Failed                     0 / 0                 0 / 0                 0 / 0                 0 / 0           ops/s
[20.096s][info][gc,stats    ]      Memory: Undo Object Allocation Succeeded                  0 / 0                 0 / 1                 0 / 1                 0 / 1           ops/s
[20.096s][info][gc,stats    ]      Memory: Undo Page Allocation                              0 / 0                 0 / 0                 0 / 0                 0 / 0           ops/s
[20.096s][info][gc,stats    ]       Phase: Concurrent Mark                              13.229 / 13.229       11.628 / 18.147       11.628 / 18.147       11.628 / 18.147      ms
[20.096s][info][gc,stats    ]       Phase: Concurrent Mark Continue                      0.000 / 0.000         0.000 / 0.000         0.000 / 0.000         0.000 / 0.000       ms
[20.096s][info][gc,stats    ]       Phase: Concurrent Mark Free                          0.002 / 0.002         0.001 / 0.002         0.001 / 0.002         0.001 / 0.002       ms
[20.096s][info][gc,stats    ]       Phase: Concurrent Process Non-Strong References      2.672 / 2.672         1.954 / 2.672         1.954 / 2.672         1.954 / 2.672       ms
[20.096s][info][gc,stats    ]       Phase: Concurrent Relocate                           1.001 / 1.001         1.294 / 2.738         1.294 / 2.738         1.294 / 2.738       ms
[20.096s][info][gc,stats    ]       Phase: Concurrent Reset Relocation Set               0.002 / 0.002         0.002 / 0.004         0.002 / 0.004         0.002 / 0.004       ms
[20.096s][info][gc,stats    ]       Phase: Concurrent Select Relocation Set              3.403 / 3.403         2.344 / 3.403         2.344 / 3.403         2.344 / 3.403       ms
[20.096s][info][gc,stats    ]       Phase: Pause Mark End                                0.019 / 0.019         0.024 / 0.040         0.024 / 0.040         0.024 / 0.040       ms
[20.096s][info][gc,stats    ]       Phase: Pause Mark Start                              0.006 / 0.006         0.007 / 0.009         0.007 / 0.009         0.007 / 0.009       ms
[20.096s][info][gc,stats    ]       Phase: Pause Relocate Start                          0.010 / 0.010         0.009 / 0.010         0.009 / 0.010         0.009 / 0.010       ms
[20.096s][info][gc,stats    ]    Subphase: Concurrent Classes Purge                      0.303 / 0.303         0.152 / 0.303         0.152 / 0.303         0.152 / 0.303       ms
[20.096s][info][gc,stats    ]    Subphase: Concurrent Classes Unlink                     1.853 / 1.853         1.410 / 1.853         1.410 / 1.853         1.410 / 1.853       ms
[20.096s][info][gc,stats    ]    Subphase: Concurrent Mark                               7.919 / 12.945        7.383 / 17.646        7.383 / 17.646        7.383 / 17.646      ms
[20.096s][info][gc,stats    ]    Subphase: Concurrent Mark Try Flush                     0.037 / 0.049         0.051 / 0.103         0.051 / 0.103         0.051 / 0.103       ms
[20.096s][info][gc,stats    ]    Subphase: Concurrent Mark Try Terminate                 3.690 / 11.043        2.649 / 15.010        2.649 / 15.010        2.649 / 15.010      ms
[20.096s][info][gc,stats    ]    Subphase: Concurrent References Enqueue                 0.006 / 0.006         0.005 / 0.006         0.005 / 0.006         0.005 / 0.006       ms
[20.096s][info][gc,stats    ]    Subphase: Concurrent References Process                 0.097 / 0.097         0.077 / 0.097         0.077 / 0.097         0.077 / 0.097       ms
[20.096s][info][gc,stats    ]    Subphase: Concurrent Roots ClassLoaderDataGraph         0.040 / 0.080         0.065 / 0.213         0.065 / 0.213         0.065 / 0.213       ms
[20.096s][info][gc,stats    ]    Subphase: Concurrent Roots CodeCache                    0.000 / 0.000         0.000 / 0.000         0.000 / 0.000         0.000 / 0.000       ms
[20.096s][info][gc,stats    ]    Subphase: Concurrent Roots JavaThreads                  0.127 / 0.151         0.222 / 0.405         0.222 / 0.405         0.222 / 0.405       ms
[20.096s][info][gc,stats    ]    Subphase: Concurrent Roots OopStorageSet                0.006 / 0.008         0.032 / 0.084         0.032 / 0.084         0.032 / 0.084       ms
[20.096s][info][gc,stats    ]    Subphase: Concurrent Weak Roots OopStorageSet           0.173 / 0.177         0.146 / 0.201         0.146 / 0.201         0.146 / 0.201       ms
[20.096s][info][gc,stats    ]    Subphase: Pause Mark Try Complete                       0.000 / 0.000         0.000 / 0.000         0.000 / 0.000         0.000 / 0.000       ms
[20.096s][info][gc,stats    ]      System: Java Threads                                     12 / 12               14 / 21               14 / 21               14 / 21          threads
[20.096s][info][gc,stats    ] =========================================================================================================================================================
[22.036s][info][gc,start    ] GC(4) Garbage Collection (System.gc())
[22.036s][info][gc,task     ] GC(4) Using 2 workers
[22.036s][info][gc,phases   ] GC(4) Pause Mark Start 0.005ms
[22.050s][info][gc,phases   ] GC(4) Concurrent Mark 13.269ms
[22.050s][info][gc,phases   ] GC(4) Pause Mark End 0.024ms
[22.050s][info][gc,phases   ] GC(4) Concurrent Mark Free 0.002ms
[22.053s][info][gc,phases   ] GC(4) Concurrent Process Non-Strong References 2.680ms
[22.053s][info][gc,phases   ] GC(4) Concurrent Reset Relocation Set 0.001ms
[22.054s][info][gc,phases   ] GC(4) Concurrent Select Relocation Set 1.242ms
[22.054s][info][gc,phases   ] GC(4) Pause Relocate Start 0.010ms
[22.055s][info][gc,phases   ] GC(4) Concurrent Relocate 0.973ms
[22.055s][info][gc,load     ] GC(4) Load: 0.00/0.00/0.00
[22.055s][info][gc,mmu      ] GC(4) MMU: 2ms/98.0%, 5ms/99.0%, 10ms/99.5%, 20ms/99.7%, 50ms/99.9%, 100ms/99.9%
[22.055s][info][gc,marking  ] GC(4) Mark: 2 stripe(s), 1 proactive flush(es), 1 terminate flush(es), 0 completion(s), 0 continuation(s) 
[22.055s][info][gc,marking  ] GC(4) Mark Stack Usage: 32M
[22.055s][info][gc,nmethod  ] GC(4) NMethods: 2134 registered, 0 unregistered
[22.055s][info][gc,metaspace] GC(4) Metaspace: 5M used, 5M committed, 1088M reserved
[22.055s][info][gc,ref      ] GC(4) Soft: 130 encountered, 0 discovered, 0 enqueued
[22.055s][info][gc,ref      ] GC(4) Weak: 278 encountered, 4 discovered, 0 enqueued
[22.055s][info][gc,ref      ] GC(4) Final: 3 encountered, 2 discovered, 0 enqueued
[22.055s][info][gc,ref      ] GC(4) Phantom: 16 encountered, 10 discovered, 2 enqueued
[22.055s][info][gc,reloc    ] GC(4) Small Pages: 54 / 108M, Empty: 96M, Relocated: 1M, In-Place: 0
[22.055s][info][gc,reloc    ] GC(4) Medium Pages: 0 / 0M, Empty: 0M, Relocated: 0M, In-Place: 0
[22.055s][info][gc,reloc    ] GC(4) Large Pages: 0 / 0M, Empty: 0M, Relocated: 0M, In-Place: 0
[22.055s][info][gc,reloc    ] GC(4) Forwarding Usage: 0M
[22.055s][info][gc,heap     ] GC(4) Min Capacity: 1024M(100%)
[22.055s][info][gc,heap     ] GC(4) Max Capacity: 1024M(100%)
[22.055s][info][gc,heap     ] GC(4) Soft Max Capacity: 1024M(100%)
[22.055s][info][gc,heap     ] GC(4)                Mark Start          Mark End        Relocate Start      Relocate End           High               Low         
[22.055s][info][gc,heap     ] GC(4)  Capacity:     1024M (100%)       1024M (100%)       1024M (100%)       1024M (100%)       1024M (100%)       1024M (100%)   
[22.055s][info][gc,heap     ] GC(4)      Free:      916M (89%)         916M (89%)        1012M (99%)        1018M (99%)        1018M (99%)         916M (89%)    
[22.055s][info][gc,heap     ] GC(4)      Used:      108M (11%)         108M (11%)          12M (1%)            6M (1%)          108M (11%)           6M (1%)     
[22.055s][info][gc,heap     ] GC(4)      Live:         -                 3M (0%)            3M (0%)            3M (0%)             -                  -          
[22.055s][info][gc,heap     ] GC(4) Allocated:         -                 0M (0%)            0M (0%)            0M (0%)             -                  -          
[22.055s][info][gc,heap     ] GC(4)   Garbage:         -               104M (10%)           8M (1%)            2M (0%)             -                  -          
[22.055s][info][gc,heap     ] GC(4) Reclaimed:         -                  -                96M (9%)          102M (10%)            -                  -          
[22.055s][info][gc          ] GC(4) Garbage Collection (System.gc()) 108M(11%)->6M(1%)
[29.084s][info][gc,start    ] GC(5) Garbage Collection (System.gc())
[29.084s][info][gc,task     ] GC(5) Using 2 workers
[29.084s][info][gc,phases   ] GC(5) Pause Mark Start 0.005ms
[29.097s][info][gc,phases   ] GC(5) Concurrent Mark 13.261ms
[29.098s][info][gc,phases   ] GC(5) Pause Mark End 0.023ms
[29.098s][info][gc,phases   ] GC(5) Concurrent Mark Free 0.002ms
[29.100s][info][gc,phases   ] GC(5) Concurrent Process Non-Strong References 2.472ms
[29.100s][info][gc,phases   ] GC(5) Concurrent Reset Relocation Set 0.001ms
[29.102s][info][gc,phases   ] GC(5) Concurrent Select Relocation Set 1.460ms
[29.102s][info][gc,phases   ] GC(5) Pause Relocate Start 0.010ms
[29.103s][info][gc,phases   ] GC(5) Concurrent Relocate 0.962ms
[29.103s][info][gc,load     ] GC(5) Load: 0.00/0.00/0.00
[29.103s][info][gc,mmu      ] GC(5) MMU: 2ms/98.0%, 5ms/99.0%, 10ms/99.5%, 20ms/99.7%, 50ms/99.9%, 100ms/99.9%
[29.103s][info][gc,marking  ] GC(5) Mark: 2 stripe(s), 2 proactive flush(es), 1 terminate flush(es), 0 completion(s), 0 continuation(s) 
[29.103s][info][gc,marking  ] GC(5) Mark Stack Usage: 32M
[29.103s][info][gc,nmethod  ] GC(5) NMethods: 2163 registered, 0 unregistered
[29.103s][info][gc,metaspace] GC(5) Metaspace: 5M used, 5M committed, 1088M reserved
[29.103s][info][gc,ref      ] GC(5) Soft: 130 encountered, 0 discovered, 0 enqueued
[29.103s][info][gc,ref      ] GC(5) Weak: 278 encountered, 6 discovered, 0 enqueued
[29.103s][info][gc,ref      ] GC(5) Final: 3 encountered, 2 discovered, 0 enqueued
[29.103s][info][gc,ref      ] GC(5) Phantom: 16 encountered, 12 discovered, 2 enqueued
[29.103s][info][gc,reloc    ] GC(5) Small Pages: 52 / 104M, Empty: 92M, Relocated: 1M, In-Place: 0
[29.103s][info][gc,reloc    ] GC(5) Medium Pages: 0 / 0M, Empty: 0M, Relocated: 0M, In-Place: 0
[29.103s][info][gc,reloc    ] GC(5) Large Pages: 0 / 0M, Empty: 0M, Relocated: 0M, In-Place: 0
[29.103s][info][gc,reloc    ] GC(5) Forwarding Usage: 0M
[29.103s][info][gc,heap     ] GC(5) Min Capacity: 1024M(100%)
[29.103s][info][gc,heap     ] GC(5) Max Capacity: 1024M(100%)
[29.103s][info][gc,heap     ] GC(5) Soft Max Capacity: 1024M(100%)
[29.103s][info][gc,heap     ] GC(5)                Mark Start          Mark End        Relocate Start      Relocate End           High               Low         
[29.103s][info][gc,heap     ] GC(5)  Capacity:     1024M (100%)       1024M (100%)       1024M (100%)       1024M (100%)       1024M (100%)       1024M (100%)   
[29.103s][info][gc,heap     ] GC(5)      Free:      920M (90%)         920M (90%)        1012M (99%)        1018M (99%)        1018M (99%)         920M (90%)    
[29.103s][info][gc,heap     ] GC(5)      Used:      104M (10%)         104M (10%)          12M (1%)            6M (1%)          104M (10%)           6M (1%)     
[29.103s][info][gc,heap     ] GC(5)      Live:         -                 3M (0%)            3M (0%)            3M (0%)             -                  -          
[29.103s][info][gc,heap     ] GC(5) Allocated:         -                 0M (0%)            0M (0%)            0M (0%)             -                  -          
[29.103s][info][gc,heap     ] GC(5)   Garbage:         -               100M (10%)           8M (1%)            2M (0%)             -                  -          
[29.103s][info][gc,heap     ] GC(5) Reclaimed:         -                  -                92M (9%)           98M (10%)            -                  -          
[29.103s][info][gc          ] GC(5) Garbage Collection (System.gc()) 104M(10%)->6M(1%)
[30.105s][info][gc,stats    ] === Garbage Collection Statistics =======================================================================================================================
[30.105s][info][gc,stats    ]                                                              Last 10s              Last 10m              Last 10h                Total
[30.105s][info][gc,stats    ]                                                              Avg / Max             Avg / Max             Avg / Max             Avg / Max
[30.105s][info][gc,stats    ]   Collector: Garbage Collection Cycle                     19.090 / 19.116       18.473 / 23.562       18.473 / 23.562       18.473 / 23.562      ms
[30.105s][info][gc,stats    ]  Contention: Mark Segment Reset Contention                     0 / 0                 0 / 0                 0 / 0                 0 / 0           ops/s
[30.105s][info][gc,stats    ]  Contention: Mark SeqNum Reset Contention                      0 / 1                 0 / 1                 0 / 1                 0 / 1           ops/s
[30.105s][info][gc,stats    ]    Critical: Allocation Stall                                  0 / 0                 0 / 0                 0 / 0                 0 / 0           ops/s
[30.105s][info][gc,stats    ]    Critical: Allocation Stall                              0.000 / 0.000         0.000 / 0.000         0.000 / 0.000         0.000 / 0.000       ms
[30.105s][info][gc,stats    ]    Critical: GC Locker Stall                                   0 / 0                 0 / 0                 0 / 0                 0 / 0           ops/s
[30.105s][info][gc,stats    ]    Critical: GC Locker Stall                               0.000 / 0.000         0.000 / 0.000         0.000 / 0.000         0.000 / 0.000       ms
[30.105s][info][gc,stats    ]    Critical: Relocation Stall                                  0 / 0                 0 / 0                 0 / 0                 0 / 0           ops/s
[30.105s][info][gc,stats    ]    Critical: Relocation Stall                              0.000 / 0.000         0.000 / 0.000         0.000 / 0.000         0.000 / 0.000       ms
[30.105s][info][gc,stats    ]      Memory: Allocation Rate                                  14 / 24               16 / 70               16 / 70               16 / 70          MB/s
[30.105s][info][gc,stats    ]      Memory: Out Of Memory                                     0 / 0                 0 / 0                 0 / 0                 0 / 0           ops/s
[30.105s][info][gc,stats    ]      Memory: Page Cache Flush                                  0 / 0                 0 / 0                 0 / 0                 0 / 0           MB/s
[30.105s][info][gc,stats    ]      Memory: Page Cache Hit L1                                 7 / 14                6 / 14                6 / 14                6 / 14          ops/s
[30.105s][info][gc,stats    ]      Memory: Page Cache Hit L2                                 0 / 0                 0 / 0                 0 / 0                 0 / 0           ops/s
[30.105s][info][gc,stats    ]      Memory: Page Cache Hit L3                                 0 / 0                 1 / 29                1 / 29                1 / 29          ops/s
[30.105s][info][gc,stats    ]      Memory: Page Cache Miss                                   0 / 0                 0 / 1                 0 / 1                 0 / 1           ops/s
[30.105s][info][gc,stats    ]      Memory: Uncommit                                          0 / 0                 0 / 0                 0 / 0                 0 / 0           MB/s
[30.105s][info][gc,stats    ]      Memory: Undo Object Allocation Failed                     0 / 0                 0 / 0                 0 / 0                 0 / 0           ops/s
[30.105s][info][gc,stats    ]      Memory: Undo Object Allocation Succeeded                  0 / 0                 0 / 1                 0 / 1                 0 / 1           ops/s
[30.105s][info][gc,stats    ]      Memory: Undo Page Allocation                              0 / 0                 0 / 0                 0 / 0                 0 / 0           ops/s
[30.105s][info][gc,stats    ]       Phase: Concurrent Mark                              13.265 / 13.269       12.173 / 18.147       12.173 / 18.147       12.173 / 18.147      ms
[30.105s][info][gc,stats    ]       Phase: Concurrent Mark Continue                      0.000 / 0.000         0.000 / 0.000         0.000 / 0.000         0.000 / 0.000       ms
[30.105s][info][gc,stats    ]       Phase: Concurrent Mark Free                          0.002 / 0.002         0.002 / 0.002         0.002 / 0.002         0.002 / 0.002       ms
[30.105s][info][gc,stats    ]       Phase: Concurrent Process Non-Strong References      2.576 / 2.680         2.161 / 2.680         2.161 / 2.680         2.161 / 2.680       ms
[30.105s][info][gc,stats    ]       Phase: Concurrent Relocate                           0.967 / 0.973         1.185 / 2.738         1.185 / 2.738         1.185 / 2.738       ms
[30.105s][info][gc,stats    ]       Phase: Concurrent Reset Relocation Set               0.001 / 0.001         0.002 / 0.004         0.002 / 0.004         0.002 / 0.004       ms
[30.105s][info][gc,stats    ]       Phase: Concurrent Select Relocation Set              1.351 / 1.460         2.013 / 3.403         2.013 / 3.403         2.013 / 3.403       ms
[30.105s][info][gc,stats    ]       Phase: Pause Mark End                                0.024 / 0.024         0.024 / 0.040         0.024 / 0.040         0.024 / 0.040       ms
[30.105s][info][gc,stats    ]       Phase: Pause Mark Start                              0.005 / 0.005         0.006 / 0.009         0.006 / 0.009         0.006 / 0.009       ms
[30.105s][info][gc,stats    ]       Phase: Pause Relocate Start                          0.010 / 0.010         0.009 / 0.010         0.009 / 0.010         0.009 / 0.010       ms
[30.105s][info][gc,stats    ]    Subphase: Concurrent Classes Purge                      0.120 / 0.122         0.141 / 0.303         0.141 / 0.303         0.141 / 0.303       ms
[30.105s][info][gc,stats    ]    Subphase: Concurrent Classes Unlink                     1.830 / 1.897         1.550 / 1.897         1.550 / 1.897         1.550 / 1.897       ms
[30.105s][info][gc,stats    ]    Subphase: Concurrent Mark                               8.033 / 12.933        7.600 / 17.646        7.600 / 17.646        7.600 / 17.646      ms
[30.105s][info][gc,stats    ]    Subphase: Concurrent Mark Try Flush                     0.051 / 0.116         0.051 / 0.116         0.051 / 0.116         0.051 / 0.116       ms
[30.105s][info][gc,stats    ]    Subphase: Concurrent Mark Try Terminate                 3.525 / 11.064        2.942 / 15.010        2.942 / 15.010        2.942 / 15.010      ms
[30.105s][info][gc,stats    ]    Subphase: Concurrent References Enqueue                 0.006 / 0.006         0.006 / 0.006         0.006 / 0.006         0.006 / 0.006       ms
[30.105s][info][gc,stats    ]    Subphase: Concurrent References Process                 0.123 / 0.128         0.092 / 0.128         0.092 / 0.128         0.092 / 0.128       ms
[30.105s][info][gc,stats    ]    Subphase: Concurrent Roots ClassLoaderDataGraph         0.041 / 0.081         0.057 / 0.213         0.057 / 0.213         0.057 / 0.213       ms
[30.105s][info][gc,stats    ]    Subphase: Concurrent Roots CodeCache                    0.000 / 0.000         0.000 / 0.000         0.000 / 0.000         0.000 / 0.000       ms
[30.105s][info][gc,stats    ]    Subphase: Concurrent Roots JavaThreads                  0.127 / 0.156         0.191 / 0.405         0.191 / 0.405         0.191 / 0.405       ms
[30.105s][info][gc,stats    ]    Subphase: Concurrent Roots OopStorageSet                0.007 / 0.008         0.023 / 0.084         0.023 / 0.084         0.023 / 0.084       ms
[30.105s][info][gc,stats    ]    Subphase: Concurrent Weak Roots OopStorageSet           0.259 / 0.329         0.183 / 0.329         0.183 / 0.329         0.183 / 0.329       ms
[30.105s][info][gc,stats    ]    Subphase: Pause Mark Try Complete                       0.000 / 0.000         0.000 / 0.000         0.000 / 0.000         0.000 / 0.000       ms
[30.105s][info][gc,stats    ]      System: Java Threads                                     12 / 12               13 / 21               13 / 21               13 / 21          threads
[30.105s][info][gc,stats    ] =========================================================================================================================================================
[36.147s][info][gc,start    ] GC(6) Garbage Collection (System.gc())
[36.147s][info][gc,task     ] GC(6) Using 2 workers
[36.148s][info][gc,phases   ] GC(6) Pause Mark Start 0.006ms
[36.161s][info][gc,phases   ] GC(6) Concurrent Mark 13.521ms
[36.161s][info][gc,phases   ] GC(6) Pause Mark End 0.024ms
[36.161s][info][gc,phases   ] GC(6) Concurrent Mark Free 0.002ms
[36.164s][info][gc,phases   ] GC(6) Concurrent Process Non-Strong References 2.687ms
[36.164s][info][gc,phases   ] GC(6) Concurrent Reset Relocation Set 0.002ms
[36.166s][info][gc,phases   ] GC(6) Concurrent Select Relocation Set 1.688ms
[36.166s][info][gc,phases   ] GC(6) Pause Relocate Start 0.009ms
[36.167s][info][gc,phases   ] GC(6) Concurrent Relocate 0.650ms
[36.167s][info][gc,load     ] GC(6) Load: 0.00/0.00/0.00
[36.167s][info][gc,mmu      ] GC(6) MMU: 2ms/98.0%, 5ms/99.0%, 10ms/99.5%, 20ms/99.7%, 50ms/99.9%, 100ms/99.9%
[36.167s][info][gc,marking  ] GC(6) Mark: 2 stripe(s), 2 proactive flush(es), 1 terminate flush(es), 0 completion(s), 0 continuation(s) 
[36.167s][info][gc,marking  ] GC(6) Mark Stack Usage: 32M
[36.167s][info][gc,nmethod  ] GC(6) NMethods: 2188 registered, 0 unregistered
[36.167s][info][gc,metaspace] GC(6) Metaspace: 5M used, 5M committed, 1088M reserved
[36.167s][info][gc,ref      ] GC(6) Soft: 130 encountered, 0 discovered, 0 enqueued
[36.167s][info][gc,ref      ] GC(6) Weak: 278 encountered, 6 discovered, 0 enqueued
[36.167s][info][gc,ref      ] GC(6) Final: 3 encountered, 2 discovered, 0 enqueued
[36.167s][info][gc,ref      ] GC(6) Phantom: 16 encountered, 11 discovered, 2 enqueued
[36.167s][info][gc,reloc    ] GC(6) Small Pages: 52 / 104M, Empty: 96M, Relocated: 1M, In-Place: 0
[36.167s][info][gc,reloc    ] GC(6) Medium Pages: 0 / 0M, Empty: 0M, Relocated: 0M, In-Place: 0
[36.167s][info][gc,reloc    ] GC(6) Large Pages: 0 / 0M, Empty: 0M, Relocated: 0M, In-Place: 0
[36.167s][info][gc,reloc    ] GC(6) Forwarding Usage: 0M
[36.167s][info][gc,heap     ] GC(6) Min Capacity: 1024M(100%)
[36.167s][info][gc,heap     ] GC(6) Max Capacity: 1024M(100%)
[36.167s][info][gc,heap     ] GC(6) Soft Max Capacity: 1024M(100%)
[36.167s][info][gc,heap     ] GC(6)                Mark Start          Mark End        Relocate Start      Relocate End           High               Low         
[36.167s][info][gc,heap     ] GC(6)  Capacity:     1024M (100%)       1024M (100%)       1024M (100%)       1024M (100%)       1024M (100%)       1024M (100%)   
[36.167s][info][gc,heap     ] GC(6)      Free:      920M (90%)         920M (90%)        1016M (99%)        1018M (99%)        1018M (99%)         920M (90%)    
[36.167s][info][gc,heap     ] GC(6)      Used:      104M (10%)         104M (10%)           8M (1%)            6M (1%)          104M (10%)           6M (1%)     
[36.167s][info][gc,heap     ] GC(6)      Live:         -                 3M (0%)            3M (0%)            3M (0%)             -                  -          
[36.167s][info][gc,heap     ] GC(6) Allocated:         -                 0M (0%)            0M (0%)            0M (0%)             -                  -          
[36.167s][info][gc,heap     ] GC(6)   Garbage:         -               100M (10%)           4M (0%)            2M (0%)             -                  -          
[36.167s][info][gc,heap     ] GC(6) Reclaimed:         -                  -                96M (9%)           98M (10%)            -                  -          
[36.167s][info][gc          ] GC(6) Garbage Collection (System.gc()) 104M(10%)->6M(1%)
[40.093s][info][gc,stats    ] === Garbage Collection Statistics =======================================================================================================================
[40.093s][info][gc,stats    ]                                                              Last 10s              Last 10m              Last 10h                Total
[40.093s][info][gc,stats    ]                                                              Avg / Max             Avg / Max             Avg / Max             Avg / Max
[40.093s][info][gc,stats    ]   Collector: Garbage Collection Cycle                     19.428 / 19.428       18.609 / 23.562       18.609 / 23.562       18.609 / 23.562      ms
[40.093s][info][gc,stats    ]  Contention: Mark Segment Reset Contention                     0 / 0                 0 / 0                 0 / 0                 0 / 0           ops/s
[40.093s][info][gc,stats    ]  Contention: Mark SeqNum Reset Contention                      0 / 0                 0 / 1                 0 / 1                 0 / 1           ops/s
[40.093s][info][gc,stats    ]    Critical: Allocation Stall                                  0 / 0                 0 / 0                 0 / 0                 0 / 0           ops/s
[40.093s][info][gc,stats    ]    Critical: Allocation Stall                              0.000 / 0.000         0.000 / 0.000         0.000 / 0.000         0.000 / 0.000       ms
[40.093s][info][gc,stats    ]    Critical: GC Locker Stall                                   0 / 0                 0 / 0                 0 / 0                 0 / 0           ops/s
[40.093s][info][gc,stats    ]    Critical: GC Locker Stall                               0.000 / 0.000         0.000 / 0.000         0.000 / 0.000         0.000 / 0.000       ms
[40.093s][info][gc,stats    ]    Critical: Relocation Stall                                  0 / 0                 0 / 0                 0 / 0                 0 / 0           ops/s
[40.093s][info][gc,stats    ]    Critical: Relocation Stall                              0.000 / 0.000         0.000 / 0.000         0.000 / 0.000         0.000 / 0.000       ms
[40.093s][info][gc,stats    ]      Memory: Allocation Rate                                  13 / 22               15 / 70               15 / 70               15 / 70          MB/s
[40.093s][info][gc,stats    ]      Memory: Out Of Memory                                     0 / 0                 0 / 0                 0 / 0                 0 / 0           ops/s
[40.093s][info][gc,stats    ]      Memory: Page Cache Flush                                  0 / 0                 0 / 0                 0 / 0                 0 / 0           MB/s
[40.093s][info][gc,stats    ]      Memory: Page Cache Hit L1                                 7 / 13                6 / 14                6 / 14                6 / 14          ops/s
[40.093s][info][gc,stats    ]      Memory: Page Cache Hit L2                                 0 / 0                 0 / 0                 0 / 0                 0 / 0           ops/s
[40.093s][info][gc,stats    ]      Memory: Page Cache Hit L3                                 0 / 0                 1 / 29                1 / 29                1 / 29          ops/s
[40.093s][info][gc,stats    ]      Memory: Page Cache Miss                                   0 / 0                 0 / 1                 0 / 1                 0 / 1           ops/s
[40.093s][info][gc,stats    ]      Memory: Uncommit                                          0 / 0                 0 / 0                 0 / 0                 0 / 0           MB/s
[40.093s][info][gc,stats    ]      Memory: Undo Object Allocation Failed                     0 / 0                 0 / 0                 0 / 0                 0 / 0           ops/s
[40.093s][info][gc,stats    ]      Memory: Undo Object Allocation Succeeded                  0 / 0                 0 / 1                 0 / 1                 0 / 1           ops/s
[40.093s][info][gc,stats    ]      Memory: Undo Page Allocation                              0 / 0                 0 / 0                 0 / 0                 0 / 0           ops/s
[40.093s][info][gc,stats    ]       Phase: Concurrent Mark                              13.521 / 13.521       12.366 / 18.147       12.366 / 18.147       12.366 / 18.147      ms
[40.093s][info][gc,stats    ]       Phase: Concurrent Mark Continue                      0.000 / 0.000         0.000 / 0.000         0.000 / 0.000         0.000 / 0.000       ms
[40.093s][info][gc,stats    ]       Phase: Concurrent Mark Free                          0.002 / 0.002         0.002 / 0.002         0.002 / 0.002         0.002 / 0.002       ms
[40.094s][info][gc,stats    ]       Phase: Concurrent Process Non-Strong References      2.687 / 2.687         2.237 / 2.687         2.237 / 2.687         2.237 / 2.687       ms
[40.094s][info][gc,stats    ]       Phase: Concurrent Relocate                           0.650 / 0.650         1.109 / 2.738         1.109 / 2.738         1.109 / 2.738       ms
[40.094s][info][gc,stats    ]       Phase: Concurrent Reset Relocation Set               0.002 / 0.002         0.002 / 0.004         0.002 / 0.004         0.002 / 0.004       ms
[40.094s][info][gc,stats    ]       Phase: Concurrent Select Relocation Set              1.688 / 1.688         1.967 / 3.403         1.967 / 3.403         1.967 / 3.403       ms
[40.094s][info][gc,stats    ]       Phase: Pause Mark End                                0.024 / 0.024         0.024 / 0.040         0.024 / 0.040         0.024 / 0.040       ms
[40.094s][info][gc,stats    ]       Phase: Pause Mark Start                              0.006 / 0.006         0.006 / 0.009         0.006 / 0.009         0.006 / 0.009       ms
[40.094s][info][gc,stats    ]       Phase: Pause Relocate Start                          0.009 / 0.009         0.009 / 0.010         0.009 / 0.010         0.009 / 0.010       ms
[40.094s][info][gc,stats    ]    Subphase: Concurrent Classes Purge                      0.119 / 0.119         0.138 / 0.303         0.138 / 0.303         0.138 / 0.303       ms
[40.094s][info][gc,stats    ]    Subphase: Concurrent Classes Unlink                     1.946 / 1.946         1.607 / 1.946         1.607 / 1.946         1.607 / 1.946       ms
[40.094s][info][gc,stats    ]    Subphase: Concurrent Mark                               7.791 / 13.210        7.627 / 17.646        7.627 / 17.646        7.627 / 17.646      ms
[40.094s][info][gc,stats    ]    Subphase: Concurrent Mark Try Flush                     0.059 / 0.091         0.052 / 0.116         0.052 / 0.116         0.052 / 0.116       ms
[40.094s][info][gc,stats    ]    Subphase: Concurrent Mark Try Terminate                 3.658 / 10.930        3.044 / 15.010        3.044 / 15.010        3.044 / 15.010      ms
[40.094s][info][gc,stats    ]    Subphase: Concurrent References Enqueue                 0.006 / 0.006         0.006 / 0.006         0.006 / 0.006         0.006 / 0.006       ms
[40.094s][info][gc,stats    ]    Subphase: Concurrent References Process                 0.133 / 0.133         0.098 / 0.133         0.098 / 0.133         0.098 / 0.133       ms
[40.094s][info][gc,stats    ]    Subphase: Concurrent Roots ClassLoaderDataGraph         0.040 / 0.079         0.054 / 0.213         0.054 / 0.213         0.054 / 0.213       ms
[40.094s][info][gc,stats    ]    Subphase: Concurrent Roots CodeCache                    0.000 / 0.000         0.000 / 0.000         0.000 / 0.000         0.000 / 0.000       ms
[40.094s][info][gc,stats    ]    Subphase: Concurrent Roots JavaThreads                  0.133 / 0.154         0.182 / 0.405         0.182 / 0.405         0.182 / 0.405       ms
[40.094s][info][gc,stats    ]    Subphase: Concurrent Roots OopStorageSet                0.006 / 0.008         0.020 / 0.084         0.020 / 0.084         0.020 / 0.084       ms
[40.094s][info][gc,stats    ]    Subphase: Concurrent Weak Roots OopStorageSet           0.221 / 0.221         0.189 / 0.329         0.189 / 0.329         0.189 / 0.329       ms
[40.094s][info][gc,stats    ]    Subphase: Pause Mark Try Complete                       0.000 / 0.000         0.000 / 0.000         0.000 / 0.000         0.000 / 0.000       ms
[40.094s][info][gc,stats    ]      System: Java Threads                                     12 / 12               13 / 21               13 / 21               13 / 21          threads
[40.094s][info][gc,stats    ] =========================================================================================================================================================
[43.181s][info][gc,start    ] GC(7) Garbage Collection (System.gc())
[43.181s][info][gc,task     ] GC(7) Using 2 workers
[43.181s][info][gc,phases   ] GC(7) Pause Mark Start 0.006ms
[43.195s][info][gc,phases   ] GC(7) Concurrent Mark 13.210ms
[43.195s][info][gc,phases   ] GC(7) Pause Mark End 0.013ms
[43.195s][info][gc,phases   ] GC(7) Concurrent Mark Free 0.001ms
[43.197s][info][gc,phases   ] GC(7) Concurrent Process Non-Strong References 2.483ms
[43.197s][info][gc,phases   ] GC(7) Concurrent Reset Relocation Set 0.002ms
[43.200s][info][gc,phases   ] GC(7) Concurrent Select Relocation Set 2.307ms
[43.200s][info][gc,phases   ] GC(7) Pause Relocate Start 0.010ms
[43.201s][info][gc,phases   ] GC(7) Concurrent Relocate 1.202ms
[43.201s][info][gc,load     ] GC(7) Load: 0.00/0.00/0.00
[43.201s][info][gc,mmu      ] GC(7) MMU: 2ms/98.0%, 5ms/99.0%, 10ms/99.5%, 20ms/99.7%, 50ms/99.9%, 100ms/99.9%
[43.201s][info][gc,marking  ] GC(7) Mark: 2 stripe(s), 2 proactive flush(es), 1 terminate flush(es), 0 completion(s), 0 continuation(s) 
[43.201s][info][gc,marking  ] GC(7) Mark Stack Usage: 32M
[43.201s][info][gc,nmethod  ] GC(7) NMethods: 2214 registered, 0 unregistered
[43.201s][info][gc,metaspace] GC(7) Metaspace: 5M used, 5M committed, 1088M reserved
[43.201s][info][gc,ref      ] GC(7) Soft: 130 encountered, 0 discovered, 0 enqueued
[43.201s][info][gc,ref      ] GC(7) Weak: 278 encountered, 0 discovered, 0 enqueued
[43.201s][info][gc,ref      ] GC(7) Final: 3 encountered, 0 discovered, 0 enqueued
[43.201s][info][gc,ref      ] GC(7) Phantom: 16 encountered, 8 discovered, 2 enqueued
[43.201s][info][gc,reloc    ] GC(7) Small Pages: 52 / 104M, Empty: 96M, Relocated: 1M, In-Place: 0
[43.201s][info][gc,reloc    ] GC(7) Medium Pages: 0 / 0M, Empty: 0M, Relocated: 0M, In-Place: 0
[43.201s][info][gc,reloc    ] GC(7) Large Pages: 0 / 0M, Empty: 0M, Relocated: 0M, In-Place: 0
[43.201s][info][gc,reloc    ] GC(7) Forwarding Usage: 0M
[43.201s][info][gc,heap     ] GC(7) Min Capacity: 1024M(100%)
[43.201s][info][gc,heap     ] GC(7) Max Capacity: 1024M(100%)
[43.201s][info][gc,heap     ] GC(7) Soft Max Capacity: 1024M(100%)
[43.201s][info][gc,heap     ] GC(7)                Mark Start          Mark End        Relocate Start      Relocate End           High               Low         
[43.201s][info][gc,heap     ] GC(7)  Capacity:     1024M (100%)       1024M (100%)       1024M (100%)       1024M (100%)       1024M (100%)       1024M (100%)   
[43.201s][info][gc,heap     ] GC(7)      Free:      920M (90%)         920M (90%)        1016M (99%)        1018M (99%)        1018M (99%)         920M (90%)    
[43.201s][info][gc,heap     ] GC(7)      Used:      104M (10%)         104M (10%)           8M (1%)            6M (1%)          104M (10%)           6M (1%)     
[43.201s][info][gc,heap     ] GC(7)      Live:         -                 3M (0%)            3M (0%)            3M (0%)             -                  -          
[43.201s][info][gc,heap     ] GC(7) Allocated:         -                 0M (0%)            0M (0%)            0M (0%)             -                  -          
[43.201s][info][gc,heap     ] GC(7)   Garbage:         -               100M (10%)           4M (0%)            2M (0%)             -                  -          
[43.201s][info][gc,heap     ] GC(7) Reclaimed:         -                  -                96M (9%)           98M (10%)            -                  -          
[43.201s][info][gc          ] GC(7) Garbage Collection (System.gc()) 104M(10%)->6M(1%)
[50.098s][info][gc,stats    ] === Garbage Collection Statistics =======================================================================================================================
[50.098s][info][gc,stats    ]                                                              Last 10s              Last 10m              Last 10h                Total
[50.098s][info][gc,stats    ]                                                              Avg / Max             Avg / Max             Avg / Max             Avg / Max
[50.098s][info][gc,stats    ]   Collector: Garbage Collection Cycle                     19.902 / 19.902       18.771 / 23.562       18.771 / 23.562       18.771 / 23.562      ms
[50.098s][info][gc,stats    ]  Contention: Mark Segment Reset Contention                     0 / 0                 0 / 0                 0 / 0                 0 / 0           ops/s
[50.098s][info][gc,stats    ]  Contention: Mark SeqNum Reset Contention                      0 / 0                 0 / 1                 0 / 1                 0 / 1           ops/s
[50.098s][info][gc,stats    ]    Critical: Allocation Stall                                  0 / 0                 0 / 0                 0 / 0                 0 / 0           ops/s
[50.098s][info][gc,stats    ]    Critical: Allocation Stall                              0.000 / 0.000         0.000 / 0.000         0.000 / 0.000         0.000 / 0.000       ms
[50.098s][info][gc,stats    ]    Critical: GC Locker Stall                                   0 / 0                 0 / 0                 0 / 0                 0 / 0           ops/s
[50.098s][info][gc,stats    ]    Critical: GC Locker Stall                               0.000 / 0.000         0.000 / 0.000         0.000 / 0.000         0.000 / 0.000       ms
[50.098s][info][gc,stats    ]    Critical: Relocation Stall                                  0 / 0                 0 / 0                 0 / 0                 0 / 0           ops/s
[50.098s][info][gc,stats    ]    Critical: Relocation Stall                              0.000 / 0.000         0.000 / 0.000         0.000 / 0.000         0.000 / 0.000       ms
[50.098s][info][gc,stats    ]      Memory: Allocation Rate                                  13 / 22               15 / 70               15 / 70               15 / 70          MB/s
[50.098s][info][gc,stats    ]      Memory: Out Of Memory                                     0 / 0                 0 / 0                 0 / 0                 0 / 0           ops/s
[50.098s][info][gc,stats    ]      Memory: Page Cache Flush                                  0 / 0                 0 / 0                 0 / 0                 0 / 0           MB/s
[50.098s][info][gc,stats    ]      Memory: Page Cache Hit L1                                 7 / 13                6 / 14                6 / 14                6 / 14          ops/s
[50.098s][info][gc,stats    ]      Memory: Page Cache Hit L2                                 0 / 0                 0 / 0                 0 / 0                 0 / 0           ops/s
[50.098s][info][gc,stats    ]      Memory: Page Cache Hit L3                                 0 / 0                 1 / 29                1 / 29                1 / 29          ops/s
[50.098s][info][gc,stats    ]      Memory: Page Cache Miss                                   0 / 0                 0 / 1                 0 / 1                 0 / 1           ops/s
[50.098s][info][gc,stats    ]      Memory: Uncommit                                          0 / 0                 0 / 0                 0 / 0                 0 / 0           MB/s
[50.098s][info][gc,stats    ]      Memory: Undo Object Allocation Failed                     0 / 0                 0 / 0                 0 / 0                 0 / 0           ops/s
[50.098s][info][gc,stats    ]      Memory: Undo Object Allocation Succeeded                  0 / 0                 0 / 1                 0 / 1                 0 / 1           ops/s
[50.098s][info][gc,stats    ]      Memory: Undo Page Allocation                              0 / 0                 0 / 0                 0 / 0                 0 / 0           ops/s
[50.098s][info][gc,stats    ]       Phase: Concurrent Mark                              13.210 / 13.210       12.471 / 18.147       12.471 / 18.147       12.471 / 18.147      ms
[50.098s][info][gc,stats    ]       Phase: Concurrent Mark Continue                      0.000 / 0.000         0.000 / 0.000         0.000 / 0.000         0.000 / 0.000       ms
[50.098s][info][gc,stats    ]       Phase: Concurrent Mark Free                          0.001 / 0.001         0.002 / 0.002         0.002 / 0.002         0.002 / 0.002       ms
[50.098s][info][gc,stats    ]       Phase: Concurrent Process Non-Strong References      2.483 / 2.483         2.267 / 2.687         2.267 / 2.687         2.267 / 2.687       ms
[50.098s][info][gc,stats    ]       Phase: Concurrent Relocate                           1.202 / 1.202         1.121 / 2.738         1.121 / 2.738         1.121 / 2.738       ms
[50.098s][info][gc,stats    ]       Phase: Concurrent Reset Relocation Set               0.002 / 0.002         0.002 / 0.004         0.002 / 0.004         0.002 / 0.004       ms
[50.098s][info][gc,stats    ]       Phase: Concurrent Select Relocation Set              2.307 / 2.307         2.009 / 3.403         2.009 / 3.403         2.009 / 3.403       ms
[50.098s][info][gc,stats    ]       Phase: Pause Mark End                                0.013 / 0.013         0.022 / 0.040         0.022 / 0.040         0.022 / 0.040       ms
[50.098s][info][gc,stats    ]       Phase: Pause Mark Start                              0.006 / 0.006         0.006 / 0.009         0.006 / 0.009         0.006 / 0.009       ms
[50.098s][info][gc,stats    ]       Phase: Pause Relocate Start                          0.010 / 0.010         0.009 / 0.010         0.009 / 0.010         0.009 / 0.010       ms
[50.098s][info][gc,stats    ]    Subphase: Concurrent Classes Purge                      0.153 / 0.153         0.140 / 0.303         0.140 / 0.303         0.140 / 0.303       ms
[50.098s][info][gc,stats    ]    Subphase: Concurrent Classes Unlink                     1.826 / 1.826         1.634 / 1.946         1.634 / 1.946         1.634 / 1.946       ms
[50.098s][info][gc,stats    ]    Subphase: Concurrent Mark                               7.604 / 12.739        7.624 / 17.646        7.624 / 17.646        7.624 / 17.646      ms
[50.098s][info][gc,stats    ]    Subphase: Concurrent Mark Try Flush                     0.041 / 0.065         0.051 / 0.116         0.051 / 0.116         0.051 / 0.116       ms
[50.098s][info][gc,stats    ]    Subphase: Concurrent Mark Try Terminate                 3.452 / 10.337        3.095 / 15.010        3.095 / 15.010        3.095 / 15.010      ms
[50.098s][info][gc,stats    ]    Subphase: Concurrent References Enqueue                 0.008 / 0.008         0.006 / 0.008         0.006 / 0.008         0.006 / 0.008       ms
[50.098s][info][gc,stats    ]    Subphase: Concurrent References Process                 0.124 / 0.124         0.101 / 0.133         0.101 / 0.133         0.101 / 0.133       ms
[50.098s][info][gc,stats    ]    Subphase: Concurrent Roots ClassLoaderDataGraph         0.042 / 0.082         0.053 / 0.213         0.053 / 0.213         0.053 / 0.213       ms
[50.098s][info][gc,stats    ]    Subphase: Concurrent Roots CodeCache                    0.000 / 0.000         0.000 / 0.000         0.000 / 0.000         0.000 / 0.000       ms
[50.098s][info][gc,stats    ]    Subphase: Concurrent Roots JavaThreads                  0.203 / 0.311         0.185 / 0.405         0.185 / 0.405         0.185 / 0.405       ms
[50.098s][info][gc,stats    ]    Subphase: Concurrent Roots OopStorageSet                0.006 / 0.009         0.018 / 0.084         0.018 / 0.084         0.018 / 0.084       ms
[50.098s][info][gc,stats    ]    Subphase: Concurrent Weak Roots OopStorageSet           0.101 / 0.101         0.178 / 0.329         0.178 / 0.329         0.178 / 0.329       ms
[50.098s][info][gc,stats    ]    Subphase: Pause Mark Try Complete                       0.000 / 0.000         0.000 / 0.000         0.000 / 0.000         0.000 / 0.000       ms
[50.098s][info][gc,stats    ]      System: Java Threads                                     12 / 12               13 / 21               13 / 21               13 / 21          threads
[50.098s][info][gc,stats    ] =========================================================================================================================================================
[50.265s][info][gc,start    ] GC(8) Garbage Collection (System.gc())
[50.265s][info][gc,task     ] GC(8) Using 2 workers
[50.265s][info][gc,phases   ] GC(8) Pause Mark Start 0.005ms
[50.278s][info][gc,phases   ] GC(8) Concurrent Mark 13.286ms
[50.278s][info][gc,phases   ] GC(8) Pause Mark End 0.023ms
[50.279s][info][gc,phases   ] GC(8) Concurrent Mark Free 0.001ms
[50.281s][info][gc,phases   ] GC(8) Concurrent Process Non-Strong References 1.958ms
[50.281s][info][gc,phases   ] GC(8) Concurrent Reset Relocation Set 0.001ms
[50.282s][info][gc,phases   ] GC(8) Concurrent Select Relocation Set 1.198ms
[50.282s][info][gc,phases   ] GC(8) Pause Relocate Start 0.003ms
[50.283s][info][gc,phases   ] GC(8) Concurrent Relocate 0.655ms
[50.283s][info][gc,load     ] GC(8) Load: 0.00/0.00/0.00
[50.283s][info][gc,mmu      ] GC(8) MMU: 2ms/98.0%, 5ms/99.0%, 10ms/99.5%, 20ms/99.7%, 50ms/99.9%, 100ms/99.9%
[50.283s][info][gc,marking  ] GC(8) Mark: 2 stripe(s), 1 proactive flush(es), 1 terminate flush(es), 0 completion(s), 0 continuation(s) 
[50.283s][info][gc,marking  ] GC(8) Mark Stack Usage: 32M
[50.283s][info][gc,nmethod  ] GC(8) NMethods: 2225 registered, 0 unregistered
[50.283s][info][gc,metaspace] GC(8) Metaspace: 5M used, 5M committed, 1088M reserved
[50.283s][info][gc,ref      ] GC(8) Soft: 130 encountered, 0 discovered, 0 enqueued
[50.283s][info][gc,ref      ] GC(8) Weak: 278 encountered, 4 discovered, 0 enqueued
[50.283s][info][gc,ref      ] GC(8) Final: 3 encountered, 2 discovered, 0 enqueued
[50.283s][info][gc,ref      ] GC(8) Phantom: 16 encountered, 10 discovered, 2 enqueued
[50.283s][info][gc,reloc    ] GC(8) Small Pages: 52 / 104M, Empty: 94M, Relocated: 1M, In-Place: 0
[50.283s][info][gc,reloc    ] GC(8) Medium Pages: 0 / 0M, Empty: 0M, Relocated: 0M, In-Place: 0
[50.283s][info][gc,reloc    ] GC(8) Large Pages: 0 / 0M, Empty: 0M, Relocated: 0M, In-Place: 0
[50.283s][info][gc,reloc    ] GC(8) Forwarding Usage: 0M
[50.283s][info][gc,heap     ] GC(8) Min Capacity: 1024M(100%)
[50.283s][info][gc,heap     ] GC(8) Max Capacity: 1024M(100%)
[50.283s][info][gc,heap     ] GC(8) Soft Max Capacity: 1024M(100%)
[50.283s][info][gc,heap     ] GC(8)                Mark Start          Mark End        Relocate Start      Relocate End           High               Low         
[50.283s][info][gc,heap     ] GC(8)  Capacity:     1024M (100%)       1024M (100%)       1024M (100%)       1024M (100%)       1024M (100%)       1024M (100%)   
[50.283s][info][gc,heap     ] GC(8)      Free:      920M (90%)         920M (90%)        1014M (99%)        1018M (99%)        1018M (99%)         920M (90%)    
[50.283s][info][gc,heap     ] GC(8)      Used:      104M (10%)         104M (10%)          10M (1%)            6M (1%)          104M (10%)           6M (1%)     
[50.283s][info][gc,heap     ] GC(8)      Live:         -                 3M (0%)            3M (0%)            3M (0%)             -                  -          
[50.283s][info][gc,heap     ] GC(8) Allocated:         -                 0M (0%)            0M (0%)            0M (0%)             -                  -          
[50.283s][info][gc,heap     ] GC(8)   Garbage:         -               100M (10%)           6M (1%)            2M (0%)             -                  -          
[50.283s][info][gc,heap     ] GC(8) Reclaimed:         -                  -                94M (9%)           98M (10%)            -                  -          
[50.283s][info][gc          ] GC(8) Garbage Collection (System.gc()) 104M(10%)->6M(1%)
[57.282s][info][gc,start    ] GC(9) Garbage Collection (System.gc())
[57.282s][info][gc,task     ] GC(9) Using 2 workers
[57.282s][info][gc,phases   ] GC(9) Pause Mark Start 0.008ms
[57.291s][info][gc,phases   ] GC(9) Concurrent Mark 8.652ms
[57.291s][info][gc,phases   ] GC(9) Pause Mark End 0.017ms
[57.291s][info][gc,phases   ] GC(9) Concurrent Mark Free 0.002ms
[57.293s][info][gc,phases   ] GC(9) Concurrent Process Non-Strong References 2.510ms
[57.293s][info][gc,phases   ] GC(9) Concurrent Reset Relocation Set 0.002ms
[57.295s][info][gc,phases   ] GC(9) Concurrent Select Relocation Set 1.470ms
[57.295s][info][gc,phases   ] GC(9) Pause Relocate Start 0.008ms
[57.296s][info][gc,phases   ] GC(9) Concurrent Relocate 0.759ms
[57.296s][info][gc,load     ] GC(9) Load: 0.00/0.00/0.00
[57.296s][info][gc,mmu      ] GC(9) MMU: 2ms/98.0%, 5ms/99.0%, 10ms/99.5%, 20ms/99.7%, 50ms/99.9%, 100ms/99.9%
[57.296s][info][gc,marking  ] GC(9) Mark: 2 stripe(s), 2 proactive flush(es), 1 terminate flush(es), 0 completion(s), 0 continuation(s) 
[57.296s][info][gc,marking  ] GC(9) Mark Stack Usage: 32M
[57.296s][info][gc,nmethod  ] GC(9) NMethods: 2251 registered, 0 unregistered
[57.296s][info][gc,metaspace] GC(9) Metaspace: 5M used, 5M committed, 1088M reserved
[57.296s][info][gc,ref      ] GC(9) Soft: 131 encountered, 0 discovered, 0 enqueued
[57.296s][info][gc,ref      ] GC(9) Weak: 279 encountered, 85 discovered, 0 enqueued
[57.296s][info][gc,ref      ] GC(9) Final: 3 encountered, 1 discovered, 0 enqueued
[57.296s][info][gc,ref      ] GC(9) Phantom: 16 encountered, 8 discovered, 2 enqueued
[57.296s][info][gc,reloc    ] GC(9) Small Pages: 52 / 104M, Empty: 94M, Relocated: 1M, In-Place: 0
[57.296s][info][gc,reloc    ] GC(9) Medium Pages: 0 / 0M, Empty: 0M, Relocated: 0M, In-Place: 0
[57.296s][info][gc,reloc    ] GC(9) Large Pages: 0 / 0M, Empty: 0M, Relocated: 0M, In-Place: 0
[57.296s][info][gc,reloc    ] GC(9) Forwarding Usage: 0M
[57.296s][info][gc,heap     ] GC(9) Min Capacity: 1024M(100%)
[57.296s][info][gc,heap     ] GC(9) Max Capacity: 1024M(100%)
[57.296s][info][gc,heap     ] GC(9) Soft Max Capacity: 1024M(100%)
[57.296s][info][gc,heap     ] GC(9)                Mark Start          Mark End        Relocate Start      Relocate End           High               Low         
[57.296s][info][gc,heap     ] GC(9)  Capacity:     1024M (100%)       1024M (100%)       1024M (100%)       1024M (100%)       1024M (100%)       1024M (100%)   
[57.296s][info][gc,heap     ] GC(9)      Free:      920M (90%)         920M (90%)        1014M (99%)        1018M (99%)        1018M (99%)         920M (90%)    
[57.296s][info][gc,heap     ] GC(9)      Used:      104M (10%)         104M (10%)          10M (1%)            6M (1%)          104M (10%)           6M (1%)     
[57.296s][info][gc,heap     ] GC(9)      Live:         -                 3M (0%)            3M (0%)            3M (0%)             -                  -          
[57.296s][info][gc,heap     ] GC(9) Allocated:         -                 0M (0%)            0M (0%)            0M (0%)             -                  -          
[57.296s][info][gc,heap     ] GC(9)   Garbage:         -               100M (10%)           6M (1%)            2M (0%)             -                  -          
[57.296s][info][gc,heap     ] GC(9) Reclaimed:         -                  -                94M (9%)           98M (10%)            -                  -          
[57.296s][info][gc          ] GC(9) Garbage Collection (System.gc()) 104M(10%)->6M(1%)
[60.099s][info][gc,stats    ] === Garbage Collection Statistics =======================================================================================================================
[60.099s][info][gc,stats    ]                                                              Last 10s              Last 10m              Last 10h                Total
[60.099s][info][gc,stats    ]                                                              Avg / Max             Avg / Max             Avg / Max             Avg / Max
[60.099s][info][gc,stats    ]   Collector: Garbage Collection Cycle                     16.028 / 17.895       18.222 / 23.562       18.222 / 23.562       18.222 / 23.562      ms
[60.099s][info][gc,stats    ]  Contention: Mark Segment Reset Contention                     0 / 0                 0 / 0                 0 / 0                 0 / 0           ops/s
[60.099s][info][gc,stats    ]  Contention: Mark SeqNum Reset Contention                      0 / 0                 0 / 1                 0 / 1                 0 / 1           ops/s
[60.099s][info][gc,stats    ]    Critical: Allocation Stall                                  0 / 0                 0 / 0                 0 / 0                 0 / 0           ops/s
[60.099s][info][gc,stats    ]    Critical: Allocation Stall                              0.000 / 0.000         0.000 / 0.000         0.000 / 0.000         0.000 / 0.000       ms
[60.099s][info][gc,stats    ]    Critical: GC Locker Stall                                   0 / 0                 0 / 0                 0 / 0                 0 / 0           ops/s
[60.099s][info][gc,stats    ]    Critical: GC Locker Stall                               0.000 / 0.000         0.000 / 0.000         0.000 / 0.000         0.000 / 0.000       ms
[60.099s][info][gc,stats    ]    Critical: Relocation Stall                                  0 / 0                 0 / 0                 0 / 0                 0 / 0           ops/s
[60.099s][info][gc,stats    ]    Critical: Relocation Stall                              0.000 / 0.000         0.000 / 0.000         0.000 / 0.000         0.000 / 0.000       ms
[60.100s][info][gc,stats    ]      Memory: Allocation Rate                                  14 / 20               14 / 70               14 / 70               14 / 70          MB/s
[60.100s][info][gc,stats    ]      Memory: Out Of Memory                                     0 / 0                 0 / 0                 0 / 0                 0 / 0           ops/s
[60.100s][info][gc,stats    ]      Memory: Page Cache Flush                                  0 / 0                 0 / 0                 0 / 0                 0 / 0           MB/s
[60.100s][info][gc,stats    ]      Memory: Page Cache Hit L1                                 7 / 12                6 / 14                6 / 14                6 / 14          ops/s
[60.100s][info][gc,stats    ]      Memory: Page Cache Hit L2                                 0 / 0                 0 / 0                 0 / 0                 0 / 0           ops/s
[60.100s][info][gc,stats    ]      Memory: Page Cache Hit L3                                 0 / 0                 0 / 29                0 / 29                0 / 29          ops/s
[60.100s][info][gc,stats    ]      Memory: Page Cache Miss                                   0 / 0                 0 / 1                 0 / 1                 0 / 1           ops/s
[60.100s][info][gc,stats    ]      Memory: Uncommit                                          0 / 0                 0 / 0                 0 / 0                 0 / 0           MB/s
[60.100s][info][gc,stats    ]      Memory: Undo Object Allocation Failed                     0 / 0                 0 / 0                 0 / 0                 0 / 0           ops/s
[60.100s][info][gc,stats    ]      Memory: Undo Object Allocation Succeeded                  0 / 0                 0 / 1                 0 / 1                 0 / 1           ops/s
[60.100s][info][gc,stats    ]      Memory: Undo Page Allocation                              0 / 0                 0 / 0                 0 / 0                 0 / 0           ops/s
[60.100s][info][gc,stats    ]       Phase: Concurrent Mark                              10.969 / 13.286       12.171 / 18.147       12.171 / 18.147       12.171 / 18.147      ms
[60.100s][info][gc,stats    ]       Phase: Concurrent Mark Continue                      0.000 / 0.000         0.000 / 0.000         0.000 / 0.000         0.000 / 0.000       ms
[60.100s][info][gc,stats    ]       Phase: Concurrent Mark Free                          0.002 / 0.002         0.002 / 0.002         0.002 / 0.002         0.002 / 0.002       ms
[60.100s][info][gc,stats    ]       Phase: Concurrent Process Non-Strong References      2.234 / 2.510         2.261 / 2.687         2.261 / 2.687         2.261 / 2.687       ms
[60.100s][info][gc,stats    ]       Phase: Concurrent Relocate                           0.707 / 0.759         1.038 / 2.738         1.038 / 2.738         1.038 / 2.738       ms
[60.100s][info][gc,stats    ]       Phase: Concurrent Reset Relocation Set               0.001 / 0.002         0.002 / 0.004         0.002 / 0.004         0.002 / 0.004       ms
[60.100s][info][gc,stats    ]       Phase: Concurrent Select Relocation Set              1.334 / 1.470         1.874 / 3.403         1.874 / 3.403         1.874 / 3.403       ms
[60.100s][info][gc,stats    ]       Phase: Pause Mark End                                0.020 / 0.023         0.022 / 0.040         0.022 / 0.040         0.022 / 0.040       ms
[60.100s][info][gc,stats    ]       Phase: Pause Mark Start                              0.006 / 0.008         0.006 / 0.009         0.006 / 0.009         0.006 / 0.009       ms
[60.100s][info][gc,stats    ]       Phase: Pause Relocate Start                          0.005 / 0.008         0.009 / 0.010         0.009 / 0.010         0.009 / 0.010       ms
[60.100s][info][gc,stats    ]    Subphase: Concurrent Classes Purge                      0.127 / 0.183         0.137 / 0.303         0.137 / 0.303         0.137 / 0.303       ms
[60.100s][info][gc,stats    ]    Subphase: Concurrent Classes Unlink                     1.581 / 1.714         1.623 / 1.946         1.623 / 1.946         1.623 / 1.946       ms
[60.100s][info][gc,stats    ]    Subphase: Concurrent Mark                               6.776 / 12.974        7.455 / 17.646        7.455 / 17.646        7.455 / 17.646      ms
[60.100s][info][gc,stats    ]    Subphase: Concurrent Mark Try Flush                     0.051 / 0.112         0.051 / 0.116         0.051 / 0.116         0.051 / 0.116       ms
[60.100s][info][gc,stats    ]    Subphase: Concurrent Mark Try Terminate                 2.824 / 11.145        3.041 / 15.010        3.041 / 15.010        3.041 / 15.010      ms
[60.100s][info][gc,stats    ]    Subphase: Concurrent References Enqueue                 0.006 / 0.008         0.006 / 0.008         0.006 / 0.008         0.006 / 0.008       ms
[60.100s][info][gc,stats    ]    Subphase: Concurrent References Process                 0.119 / 0.148         0.105 / 0.148         0.105 / 0.148         0.105 / 0.148       ms
[60.100s][info][gc,stats    ]    Subphase: Concurrent Roots ClassLoaderDataGraph         0.040 / 0.080         0.050 / 0.213         0.050 / 0.213         0.050 / 0.213       ms
[60.100s][info][gc,stats    ]    Subphase: Concurrent Roots CodeCache                    0.000 / 0.000         0.000 / 0.000         0.000 / 0.000         0.000 / 0.000       ms
[60.100s][info][gc,stats    ]    Subphase: Concurrent Roots JavaThreads                  0.118 / 0.151         0.172 / 0.405         0.172 / 0.405         0.172 / 0.405       ms
[60.100s][info][gc,stats    ]    Subphase: Concurrent Roots OopStorageSet                0.006 / 0.008         0.016 / 0.084         0.016 / 0.084         0.016 / 0.084       ms
[60.100s][info][gc,stats    ]    Subphase: Concurrent Weak Roots OopStorageSet           0.210 / 0.230         0.184 / 0.329         0.184 / 0.329         0.184 / 0.329       ms
[60.100s][info][gc,stats    ]    Subphase: Pause Mark Try Complete                       0.000 / 0.000         0.000 / 0.000         0.000 / 0.000         0.000 / 0.000       ms
[60.100s][info][gc,stats    ]      System: Java Threads                                     12 / 12               13 / 21               13 / 21               13 / 21          threads
[60.100s][info][gc,stats    ] =========================================================================================================================================================
[64.345s][info][gc,start    ] GC(10) Garbage Collection (System.gc())
[64.345s][info][gc,task     ] GC(10) Using 2 workers
[64.345s][info][gc,phases   ] GC(10) Pause Mark Start 0.005ms
[64.359s][info][gc,phases   ] GC(10) Concurrent Mark 13.295ms
[64.359s][info][gc,phases   ] GC(10) Pause Mark End 0.016ms
[64.359s][info][gc,phases   ] GC(10) Concurrent Mark Free 0.001ms
[64.361s][info][gc,phases   ] GC(10) Concurrent Process Non-Strong References 2.214ms
[64.361s][info][gc,phases   ] GC(10) Concurrent Reset Relocation Set 0.001ms
[64.363s][info][gc,phases   ] GC(10) Concurrent Select Relocation Set 1.269ms
[64.363s][info][gc,phases   ] GC(10) Pause Relocate Start 0.008ms
[64.363s][info][gc,phases   ] GC(10) Concurrent Relocate 0.648ms
[64.363s][info][gc,load     ] GC(10) Load: 0.00/0.00/0.00
[64.363s][info][gc,mmu      ] GC(10) MMU: 2ms/98.0%, 5ms/99.0%, 10ms/99.5%, 20ms/99.7%, 50ms/99.9%, 100ms/99.9%
[64.363s][info][gc,marking  ] GC(10) Mark: 2 stripe(s), 1 proactive flush(es), 1 terminate flush(es), 0 completion(s), 0 continuation(s) 
[64.363s][info][gc,marking  ] GC(10) Mark Stack Usage: 32M
[64.363s][info][gc,nmethod  ] GC(10) NMethods: 2271 registered, 0 unregistered
[64.364s][info][gc,metaspace] GC(10) Metaspace: 5M used, 5M committed, 1088M reserved
[64.364s][info][gc,ref      ] GC(10) Soft: 131 encountered, 0 discovered, 0 enqueued
[64.364s][info][gc,ref      ] GC(10) Weak: 279 encountered, 8 discovered, 0 enqueued
[64.364s][info][gc,ref      ] GC(10) Final: 3 encountered, 2 discovered, 0 enqueued
[64.364s][info][gc,ref      ] GC(10) Phantom: 16 encountered, 8 discovered, 2 enqueued
[64.364s][info][gc,reloc    ] GC(10) Small Pages: 52 / 104M, Empty: 96M, Relocated: 1M, In-Place: 0
[64.364s][info][gc,reloc    ] GC(10) Medium Pages: 0 / 0M, Empty: 0M, Relocated: 0M, In-Place: 0
[64.364s][info][gc,reloc    ] GC(10) Large Pages: 0 / 0M, Empty: 0M, Relocated: 0M, In-Place: 0
[64.364s][info][gc,reloc    ] GC(10) Forwarding Usage: 0M
[64.364s][info][gc,heap     ] GC(10) Min Capacity: 1024M(100%)
[64.364s][info][gc,heap     ] GC(10) Max Capacity: 1024M(100%)
[64.364s][info][gc,heap     ] GC(10) Soft Max Capacity: 1024M(100%)
[64.364s][info][gc,heap     ] GC(10)                Mark Start          Mark End        Relocate Start      Relocate End           High               Low         
[64.364s][info][gc,heap     ] GC(10)  Capacity:     1024M (100%)       1024M (100%)       1024M (100%)       1024M (100%)       1024M (100%)       1024M (100%)   
[64.364s][info][gc,heap     ] GC(10)      Free:      920M (90%)         920M (90%)        1016M (99%)        1018M (99%)        1018M (99%)         920M (90%)    
[64.364s][info][gc,heap     ] GC(10)      Used:      104M (10%)         104M (10%)           8M (1%)            6M (1%)          104M (10%)           6M (1%)     
[64.364s][info][gc,heap     ] GC(10)      Live:         -                 3M (0%)            3M (0%)            3M (0%)             -                  -          
[64.364s][info][gc,heap     ] GC(10) Allocated:         -                 0M (0%)            0M (0%)            0M (0%)             -                  -          
[64.364s][info][gc,heap     ] GC(10)   Garbage:         -               100M (10%)           4M (0%)            2M (0%)             -                  -          
[64.364s][info][gc,heap     ] GC(10) Reclaimed:         -                  -                96M (9%)           98M (10%)            -                  -          
[64.364s][info][gc          ] GC(10) Garbage Collection (System.gc()) 104M(10%)->6M(1%)
[70.094s][info][gc,stats    ] === Garbage Collection Statistics =======================================================================================================================
[70.094s][info][gc,stats    ]                                                              Last 10s              Last 10m              Last 10h                Total
[70.094s][info][gc,stats    ]                                                              Avg / Max             Avg / Max             Avg / Max             Avg / Max
[70.094s][info][gc,stats    ]   Collector: Garbage Collection Cycle                     18.117 / 18.117       18.212 / 23.562       18.212 / 23.562       18.212 / 23.562      ms
[70.094s][info][gc,stats    ]  Contention: Mark Segment Reset Contention                     0 / 0                 0 / 0                 0 / 0                 0 / 0           ops/s
[70.094s][info][gc,stats    ]  Contention: Mark SeqNum Reset Contention                      0 / 1                 0 / 1                 0 / 1                 0 / 1           ops/s
[70.094s][info][gc,stats    ]    Critical: Allocation Stall                                  0 / 0                 0 / 0                 0 / 0                 0 / 0           ops/s
[70.094s][info][gc,stats    ]    Critical: Allocation Stall                              0.000 / 0.000         0.000 / 0.000         0.000 / 0.000         0.000 / 0.000       ms
[70.094s][info][gc,stats    ]    Critical: GC Locker Stall                                   0 / 0                 0 / 0                 0 / 0                 0 / 0           ops/s
[70.094s][info][gc,stats    ]    Critical: GC Locker Stall                               0.000 / 0.000         0.000 / 0.000         0.000 / 0.000         0.000 / 0.000       ms
[70.094s][info][gc,stats    ]    Critical: Relocation Stall                                  0 / 0                 0 / 0                 0 / 0                 0 / 0           ops/s
[70.094s][info][gc,stats    ]    Critical: Relocation Stall                              0.000 / 0.000         0.000 / 0.000         0.000 / 0.000         0.000 / 0.000       ms
[70.094s][info][gc,stats    ]      Memory: Allocation Rate                                  13 / 22               14 / 70               14 / 70               14 / 70          MB/s
[70.094s][info][gc,stats    ]      Memory: Out Of Memory                                     0 / 0                 0 / 0                 0 / 0                 0 / 0           ops/s
[70.094s][info][gc,stats    ]      Memory: Page Cache Flush                                  0 / 0                 0 / 0                 0 / 0                 0 / 0           MB/s
[70.094s][info][gc,stats    ]      Memory: Page Cache Hit L1                                 6 / 13                6 / 14                6 / 14                6 / 14          ops/s
[70.094s][info][gc,stats    ]      Memory: Page Cache Hit L2                                 0 / 0                 0 / 0                 0 / 0                 0 / 0           ops/s
[70.094s][info][gc,stats    ]      Memory: Page Cache Hit L3                                 0 / 0                 0 / 29                0 / 29                0 / 29          ops/s
[70.095s][info][gc,stats    ]      Memory: Page Cache Miss                                   0 / 0                 0 / 1                 0 / 1                 0 / 1           ops/s
[70.095s][info][gc,stats    ]      Memory: Uncommit                                          0 / 0                 0 / 0                 0 / 0                 0 / 0           MB/s
[70.095s][info][gc,stats    ]      Memory: Undo Object Allocation Failed                     0 / 0                 0 / 0                 0 / 0                 0 / 0           ops/s
[70.095s][info][gc,stats    ]      Memory: Undo Object Allocation Succeeded                  0 / 0                 0 / 1                 0 / 1                 0 / 1           ops/s
[70.095s][info][gc,stats    ]      Memory: Undo Page Allocation                              0 / 0                 0 / 0                 0 / 0                 0 / 0           ops/s
[70.095s][info][gc,stats    ]       Phase: Concurrent Mark                              13.295 / 13.295       12.273 / 18.147       12.273 / 18.147       12.273 / 18.147      ms
[70.095s][info][gc,stats    ]       Phase: Concurrent Mark Continue                      0.000 / 0.000         0.000 / 0.000         0.000 / 0.000         0.000 / 0.000       ms
[70.095s][info][gc,stats    ]       Phase: Concurrent Mark Free                          0.001 / 0.001         0.001 / 0.002         0.001 / 0.002         0.001 / 0.002       ms
[70.095s][info][gc,stats    ]       Phase: Concurrent Process Non-Strong References      2.214 / 2.214         2.256 / 2.687         2.256 / 2.687         2.256 / 2.687       ms
[70.095s][info][gc,stats    ]       Phase: Concurrent Relocate                           0.648 / 0.648         1.002 / 2.738         1.002 / 2.738         1.002 / 2.738       ms
[70.095s][info][gc,stats    ]       Phase: Concurrent Reset Relocation Set               0.001 / 0.001         0.002 / 0.004         0.002 / 0.004         0.002 / 0.004       ms
[70.095s][info][gc,stats    ]       Phase: Concurrent Select Relocation Set              1.269 / 1.269         1.819 / 3.403         1.819 / 3.403         1.819 / 3.403       ms
[70.095s][info][gc,stats    ]       Phase: Pause Mark End                                0.016 / 0.016         0.021 / 0.040         0.021 / 0.040         0.021 / 0.040       ms
[70.095s][info][gc,stats    ]       Phase: Pause Mark Start                              0.005 / 0.005         0.006 / 0.009         0.006 / 0.009         0.006 / 0.009       ms
[70.095s][info][gc,stats    ]       Phase: Pause Relocate Start                          0.008 / 0.008         0.009 / 0.010         0.009 / 0.010         0.009 / 0.010       ms
[70.095s][info][gc,stats    ]    Subphase: Concurrent Classes Purge                      0.115 / 0.115         0.135 / 0.303         0.135 / 0.303         0.135 / 0.303       ms
[70.095s][info][gc,stats    ]    Subphase: Concurrent Classes Unlink                     1.669 / 1.669         1.628 / 1.946         1.628 / 1.946         1.628 / 1.946       ms
[70.095s][info][gc,stats    ]    Subphase: Concurrent Mark                               7.825 / 13.034        7.488 / 17.646        7.488 / 17.646        7.488 / 17.646      ms
[70.095s][info][gc,stats    ]    Subphase: Concurrent Mark Try Flush                     0.037 / 0.049         0.050 / 0.116         0.050 / 0.116         0.050 / 0.116       ms
[70.095s][info][gc,stats    ]    Subphase: Concurrent Mark Try Terminate                 3.548 / 10.618        3.087 / 15.010        3.087 / 15.010        3.087 / 15.010      ms
[70.095s][info][gc,stats    ]    Subphase: Concurrent References Enqueue                 0.006 / 0.006         0.006 / 0.008         0.006 / 0.008         0.006 / 0.008       ms
[70.095s][info][gc,stats    ]    Subphase: Concurrent References Process                 0.096 / 0.096         0.104 / 0.148         0.104 / 0.148         0.104 / 0.148       ms
[70.095s][info][gc,stats    ]    Subphase: Concurrent Roots ClassLoaderDataGraph         0.041 / 0.081         0.049 / 0.213         0.049 / 0.213         0.049 / 0.213       ms
[70.095s][info][gc,stats    ]    Subphase: Concurrent Roots CodeCache                    0.000 / 0.000         0.000 / 0.000         0.000 / 0.000         0.000 / 0.000       ms
[70.095s][info][gc,stats    ]    Subphase: Concurrent Roots JavaThreads                  0.122 / 0.153         0.167 / 0.405         0.167 / 0.405         0.167 / 0.405       ms
[70.095s][info][gc,stats    ]    Subphase: Concurrent Roots OopStorageSet                0.006 / 0.008         0.015 / 0.084         0.015 / 0.084         0.015 / 0.084       ms
[70.095s][info][gc,stats    ]    Subphase: Concurrent Weak Roots OopStorageSet           0.126 / 0.132         0.179 / 0.329         0.179 / 0.329         0.179 / 0.329       ms
[70.095s][info][gc,stats    ]    Subphase: Pause Mark Try Complete                       0.000 / 0.000         0.000 / 0.000         0.000 / 0.000         0.000 / 0.000       ms
[70.095s][info][gc,stats    ]      System: Java Threads                                     12 / 12               12 / 21               12 / 21               12 / 21          threads
[70.095s][info][gc,stats    ] =========================================================================================================================================================
[71.400s][info][gc,heap,exit] Heap
[71.400s][info][gc,heap,exit]  ZHeap           used 104M, capacity 1024M, max capacity 1024M
[71.400s][info][gc,heap,exit]  Metaspace       used 5503K, committed 5696K, reserved 1114112K
[71.400s][info][gc,heap,exit]   class space    used 603K, committed 704K, reserved 1048576K
