[0.010s][info][gc,init] Initializing The Z Garbage Collector
[0.010s][info][gc,init] Version: 17.0.12+7-adhoc..jdk17u (release)
[0.010s][info][gc,init] NUMA Support: Disabled
[0.010s][info][gc,init] CPUs: 6 total, 6 available
[0.010s][info][gc,init] Memory: 15591M
[0.010s][info][gc,init] Large Page Support: Disabled
[0.010s][info][gc,init] GC Workers: 2 (dynamic)
[0.011s][info][gc,init] Address Space Type: Contiguous/Unrestricted/Complete
[0.011s][info][gc,init] Address Space Size: 131072M x 3 = 393216M
[0.011s][info][gc,init] Min Capacity: 8192M
[0.011s][info][gc,init] Initial Capacity: 8192M
[0.011s][info][gc,init] Max Capacity: 8192M
[0.011s][info][gc,init] Medium Page Size: 32M
[0.011s][info][gc,init] Pre-touch: Disabled
[0.011s][info][gc,init] Uncommit: Implicitly Disabled (-Xms equals -Xmx)
[0.248s][info][gc,init] Runtime Workers: 4
[0.250s][info][gc     ] Using The Z Garbage Collector
[0.256s][info][gc,metaspace] CDS archive(s) mapped at: [0x000001ea80000000-0x000001ea80bc0000-0x000001ea80bc0000), size 12320768, SharedBaseAddress: 0x000001ea80000000, ArchiveRelocationMode: 1.
[0.256s][info][gc,metaspace] Compressed class space mapped at: 0x000001ea81000000-0x000001eac1000000, reserved size: 1073741824
[0.256s][info][gc,metaspace] Narrow klass base: 0x000001ea80000000, Narrow klass shift: 0, Narrow klass range: 0x100000000
[0.648s][info][gc,start    ] GC(0) Garbage Collection (System.gc())
[0.648s][info][gc,task     ] GC(0) Using 2 workers
[0.648s][info][gc,phases   ] GC(0) Pause Mark Start 0.006ms
[0.654s][info][gc,phases   ] GC(0) Concurrent Mark 5.832ms
[0.654s][info][gc,phases   ] GC(0) Pause Mark End 0.018ms
[0.654s][info][gc,phases   ] GC(0) Concurrent Mark Free 0.001ms
[0.655s][info][gc,phases   ] GC(0) Concurrent Process Non-Strong References 1.384ms
[0.655s][info][gc,phases   ] GC(0) Concurrent Reset Relocation Set 0.003ms
[0.659s][info][gc,phases   ] GC(0) Concurrent Select Relocation Set 3.127ms
[0.659s][info][gc,phases   ] GC(0) Pause Relocate Start 0.008ms
[0.660s][info][gc,phases   ] GC(0) Concurrent Relocate 1.594ms
[0.660s][info][gc,load     ] GC(0) Load: 0.00/0.00/0.00
[0.660s][info][gc,mmu      ] GC(0) MMU: 2ms/99.1%, 5ms/99.5%, 10ms/99.7%, 20ms/99.8%, 50ms/99.9%, 100ms/100.0%
[0.660s][info][gc,marking  ] GC(0) Mark: 2 stripe(s), 1 proactive flush(es), 1 terminate flush(es), 0 completion(s), 0 continuation(s) 
[0.660s][info][gc,marking  ] GC(0) Mark Stack Usage: 32M
[0.660s][info][gc,nmethod  ] GC(0) NMethods: 724 registered, 0 unregistered
[0.660s][info][gc,metaspace] GC(0) Metaspace: 4M used, 4M committed, 1088M reserved
[0.660s][info][gc,ref      ] GC(0) Soft: 191 encountered, 0 discovered, 0 enqueued
[0.660s][info][gc,ref      ] GC(0) Weak: 509 encountered, 109 discovered, 93 enqueued
[0.660s][info][gc,ref      ] GC(0) Final: 9 encountered, 2 discovered, 0 enqueued
[0.660s][info][gc,ref      ] GC(0) Phantom: 89 encountered, 77 discovered, 66 enqueued
[0.660s][info][gc,reloc    ] GC(0) Small Pages: 19 / 38M, Empty: 20M, Relocated: 2M, In-Place: 0
[0.660s][info][gc,reloc    ] GC(0) Medium Pages: 1 / 32M, Empty: 32M, Relocated: 0M, In-Place: 0
[0.660s][info][gc,reloc    ] GC(0) Large Pages: 2 / 12M, Empty: 0M, Relocated: 0M, In-Place: 0
[0.660s][info][gc,reloc    ] GC(0) Forwarding Usage: 1M
[0.660s][info][gc,heap     ] GC(0) Min Capacity: 8192M(100%)
[0.660s][info][gc,heap     ] GC(0) Max Capacity: 8192M(100%)
[0.660s][info][gc,heap     ] GC(0) Soft Max Capacity: 8192M(100%)
[0.660s][info][gc,heap     ] GC(0)                Mark Start          Mark End        Relocate Start      Relocate End           High               Low         
[0.660s][info][gc,heap     ] GC(0)  Capacity:     8192M (100%)       8192M (100%)       8192M (100%)       8192M (100%)       8192M (100%)       8192M (100%)   
[0.660s][info][gc,heap     ] GC(0)      Free:     8110M (99%)        8110M (99%)        8162M (100%)       8174M (100%)       8174M (100%)       8110M (99%)    
[0.660s][info][gc,heap     ] GC(0)      Used:       82M (1%)           82M (1%)           30M (0%)           18M (0%)           82M (1%)           18M (0%)     
[0.661s][info][gc,heap     ] GC(0)      Live:         -                14M (0%)           14M (0%)           14M (0%)             -                  -          
[0.661s][info][gc,heap     ] GC(0) Allocated:         -                 0M (0%)            0M (0%)            0M (0%)             -                  -          
[0.661s][info][gc,heap     ] GC(0)   Garbage:         -                67M (1%)           15M (0%)            3M (0%)             -                  -          
[0.661s][info][gc,heap     ] GC(0) Reclaimed:         -                  -                52M (1%)           64M (1%)             -                  -          
[0.661s][info][gc          ] GC(0) Garbage Collection (System.gc()) 82M(1%)->18M(0%)
[1.374s][info][gc,start    ] GC(1) Garbage Collection (Warmup)
[1.374s][info][gc,task     ] GC(1) Using 2 workers
[1.374s][info][gc,phases   ] GC(1) Pause Mark Start 0.005ms
[1.406s][info][gc,phases   ] GC(1) Concurrent Mark 25.451ms
[1.406s][info][gc,phases   ] GC(1) Pause Mark End 0.026ms
[1.425s][info][gc,phases   ] GC(1) Concurrent Mark Free 0.002ms
[1.430s][info][gc,phases   ] GC(1) Concurrent Process Non-Strong References 5.120ms
[1.430s][info][gc,phases   ] GC(1) Concurrent Reset Relocation Set 0.002ms
[1.433s][info][gc,phases   ] GC(1) Concurrent Select Relocation Set 2.704ms
[1.434s][info][gc,phases   ] GC(1) Pause Relocate Start 0.008ms
[1.439s][info][gc,phases   ] GC(1) Concurrent Relocate 2.389ms
[1.439s][info][gc,load     ] GC(1) Load: 0.00/0.00/0.00
[1.439s][info][gc,mmu      ] GC(1) MMU: 2ms/98.7%, 5ms/99.5%, 10ms/99.7%, 20ms/99.8%, 50ms/99.9%, 100ms/100.0%
[1.439s][info][gc,marking  ] GC(1) Mark: 2 stripe(s), 2 proactive flush(es), 1 terminate flush(es), 0 completion(s), 0 continuation(s) 
[1.439s][info][gc,marking  ] GC(1) Mark Stack Usage: 32M
[1.439s][info][gc,nmethod  ] GC(1) NMethods: 1304 registered, 0 unregistered
[1.439s][info][gc,metaspace] GC(1) Metaspace: 5M used, 6M committed, 1088M reserved
[1.439s][info][gc,ref      ] GC(1) Soft: 248 encountered, 0 discovered, 0 enqueued
[1.439s][info][gc,ref      ] GC(1) Weak: 449 encountered, 18 discovered, 8 enqueued
[1.439s][info][gc,ref      ] GC(1) Final: 9 encountered, 2 discovered, 0 enqueued
[1.439s][info][gc,ref      ] GC(1) Phantom: 35 encountered, 27 discovered, 14 enqueued
[1.439s][info][gc,reloc    ] GC(1) Small Pages: 490 / 980M, Empty: 896M, Relocated: 4M, In-Place: 0
[1.439s][info][gc,reloc    ] GC(1) Medium Pages: 0 / 0M, Empty: 0M, Relocated: 0M, In-Place: 0
[1.439s][info][gc,reloc    ] GC(1) Large Pages: 2 / 12M, Empty: 0M, Relocated: 0M, In-Place: 0
[1.439s][info][gc,reloc    ] GC(1) Forwarding Usage: 1M
[1.439s][info][gc,heap     ] GC(1) Min Capacity: 8192M(100%)
[1.439s][info][gc,heap     ] GC(1) Max Capacity: 8192M(100%)
[1.439s][info][gc,heap     ] GC(1) Soft Max Capacity: 8192M(100%)
[1.439s][info][gc,heap     ] GC(1)                Mark Start          Mark End        Relocate Start      Relocate End           High               Low         
[1.439s][info][gc,heap     ] GC(1)  Capacity:     8192M (100%)       8192M (100%)       8192M (100%)       8192M (100%)       8192M (100%)       8192M (100%)   
[1.439s][info][gc,heap     ] GC(1)      Free:     7200M (88%)        7138M (87%)        8012M (98%)        8078M (99%)        8080M (99%)        7118M (87%)    
[1.439s][info][gc,heap     ] GC(1)      Used:      992M (12%)        1054M (13%)         180M (2%)          114M (1%)         1074M (13%)         112M (1%)     
[1.439s][info][gc,heap     ] GC(1)      Live:         -                19M (0%)           19M (0%)           19M (0%)             -                  -          
[1.439s][info][gc,heap     ] GC(1) Allocated:         -                62M (1%)           84M (1%)           89M (1%)             -                  -          
[1.439s][info][gc,heap     ] GC(1)   Garbage:         -               972M (12%)          76M (1%)            4M (0%)             -                  -          
[1.439s][info][gc,heap     ] GC(1) Reclaimed:         -                  -               896M (11%)         967M (12%)            -                  -          
[1.439s][info][gc          ] GC(1) Garbage Collection (Warmup) 992M(12%)->114M(1%)
[2.480s][info][gc,start    ] GC(2) Garbage Collection (Warmup)
[2.480s][info][gc,task     ] GC(2) Using 2 workers
[2.480s][info][gc,phases   ] GC(2) Pause Mark Start 0.010ms
[2.527s][info][gc,phases   ] GC(2) Concurrent Mark 47.087ms
[2.528s][info][gc,phases   ] GC(2) Pause Mark End 0.031ms
[2.535s][info][gc,phases   ] GC(2) Concurrent Mark Free 0.001ms
[2.543s][info][gc,phases   ] GC(2) Concurrent Process Non-Strong References 7.822ms
[2.543s][info][gc,phases   ] GC(2) Concurrent Reset Relocation Set 0.004ms
[2.545s][info][gc,phases   ] GC(2) Concurrent Select Relocation Set 1.693ms
[2.545s][info][gc,phases   ] GC(2) Pause Relocate Start 0.010ms
[2.551s][info][gc,phases   ] GC(2) Concurrent Relocate 2.344ms
[2.551s][info][gc,load     ] GC(2) Load: 0.00/0.00/0.00
[2.551s][info][gc,mmu      ] GC(2) MMU: 2ms/98.5%, 5ms/99.4%, 10ms/99.7%, 20ms/99.8%, 50ms/99.9%, 100ms/99.9%
[2.551s][info][gc,marking  ] GC(2) Mark: 2 stripe(s), 2 proactive flush(es), 1 terminate flush(es), 0 completion(s), 0 continuation(s) 
[2.551s][info][gc,marking  ] GC(2) Mark Stack Usage: 32M
[2.551s][info][gc,nmethod  ] GC(2) NMethods: 1344 registered, 0 unregistered
[2.551s][info][gc,metaspace] GC(2) Metaspace: 5M used, 6M committed, 1088M reserved
[2.551s][info][gc,ref      ] GC(2) Soft: 248 encountered, 0 discovered, 0 enqueued
[2.551s][info][gc,ref      ] GC(2) Weak: 441 encountered, 161 discovered, 0 enqueued
[2.551s][info][gc,ref      ] GC(2) Final: 9 encountered, 0 discovered, 0 enqueued
[2.552s][info][gc,ref      ] GC(2) Phantom: 21 encountered, 12 discovered, 0 enqueued
[2.552s][info][gc,reloc    ] GC(2) Small Pages: 854 / 1708M, Empty: 1612M, Relocated: 5M, In-Place: 0
[2.552s][info][gc,reloc    ] GC(2) Medium Pages: 0 / 0M, Empty: 0M, Relocated: 0M, In-Place: 0
[2.552s][info][gc,reloc    ] GC(2) Large Pages: 2 / 12M, Empty: 0M, Relocated: 0M, In-Place: 0
[2.552s][info][gc,reloc    ] GC(2) Forwarding Usage: 1M
[2.552s][info][gc,heap     ] GC(2) Min Capacity: 8192M(100%)
[2.552s][info][gc,heap     ] GC(2) Max Capacity: 8192M(100%)
[2.552s][info][gc,heap     ] GC(2) Soft Max Capacity: 8192M(100%)
[2.552s][info][gc,heap     ] GC(2)                Mark Start          Mark End        Relocate Start      Relocate End           High               Low         
[2.552s][info][gc,heap     ] GC(2)  Capacity:     8192M (100%)       8192M (100%)       8192M (100%)       8192M (100%)       8192M (100%)       8192M (100%)   
[2.552s][info][gc,heap     ] GC(2)      Free:     6472M (79%)        6390M (78%)        7974M (97%)        8046M (98%)        8048M (98%)        6362M (78%)    
[2.552s][info][gc,heap     ] GC(2)      Used:     1720M (21%)        1802M (22%)         218M (3%)          146M (2%)         1830M (22%)         144M (2%)     
[2.552s][info][gc,heap     ] GC(2)      Live:         -                19M (0%)           19M (0%)           19M (0%)             -                  -          
[2.552s][info][gc,heap     ] GC(2) Allocated:         -                82M (1%)          110M (1%)          123M (2%)             -                  -          
[2.552s][info][gc,heap     ] GC(2)   Garbage:         -              1700M (21%)          88M (1%)            3M (0%)             -                  -          
[2.552s][info][gc,heap     ] GC(2) Reclaimed:         -                  -              1612M (20%)        1697M (21%)            -                  -          
[2.552s][info][gc          ] GC(2) Garbage Collection (Warmup) 1720M(21%)->146M(2%)
[4.074s][info][gc,start    ] GC(3) Garbage Collection (Warmup)
[4.074s][info][gc,task     ] GC(3) Using 2 workers
[4.074s][info][gc,phases   ] GC(3) Pause Mark Start 0.007ms
[4.106s][info][gc,phases   ] GC(3) Concurrent Mark 31.279ms
[4.106s][info][gc,phases   ] GC(3) Pause Mark End 0.014ms
[4.116s][info][gc,phases   ] GC(3) Concurrent Mark Free 0.001ms
[4.121s][info][gc,phases   ] GC(3) Concurrent Process Non-Strong References 5.825ms
[4.121s][info][gc,phases   ] GC(3) Concurrent Reset Relocation Set 0.004ms
[4.125s][info][gc,phases   ] GC(3) Concurrent Select Relocation Set 3.644ms
[4.125s][info][gc,phases   ] GC(3) Pause Relocate Start 0.010ms
[4.129s][info][gc,phases   ] GC(3) Concurrent Relocate 2.411ms
[4.129s][info][gc,load     ] GC(3) Load: 0.00/0.00/0.00
[4.129s][info][gc,mmu      ] GC(3) MMU: 2ms/98.5%, 5ms/99.4%, 10ms/99.7%, 20ms/99.8%, 50ms/99.9%, 100ms/99.9%
[4.129s][info][gc,marking  ] GC(3) Mark: 2 stripe(s), 3 proactive flush(es), 1 terminate flush(es), 0 completion(s), 0 continuation(s) 
[4.129s][info][gc,marking  ] GC(3) Mark Stack Usage: 32M
[4.129s][info][gc,nmethod  ] GC(3) NMethods: 1384 registered, 0 unregistered
[4.129s][info][gc,metaspace] GC(3) Metaspace: 6M used, 6M committed, 1088M reserved
[4.129s][info][gc,ref      ] GC(3) Soft: 248 encountered, 0 discovered, 0 enqueued
[4.129s][info][gc,ref      ] GC(3) Weak: 441 encountered, 35 discovered, 0 enqueued
[4.129s][info][gc,ref      ] GC(3) Final: 9 encountered, 0 discovered, 0 enqueued
[4.129s][info][gc,ref      ] GC(3) Phantom: 21 encountered, 10 discovered, 0 enqueued
[4.129s][info][gc,reloc    ] GC(3) Small Pages: 1266 / 2532M, Empty: 2444M, Relocated: 5M, In-Place: 0
[4.129s][info][gc,reloc    ] GC(3) Medium Pages: 0 / 0M, Empty: 0M, Relocated: 0M, In-Place: 0
[4.129s][info][gc,reloc    ] GC(3) Large Pages: 2 / 12M, Empty: 0M, Relocated: 0M, In-Place: 0
[4.129s][info][gc,reloc    ] GC(3) Forwarding Usage: 1M
[4.129s][info][gc,heap     ] GC(3) Min Capacity: 8192M(100%)
[4.129s][info][gc,heap     ] GC(3) Max Capacity: 8192M(100%)
[4.129s][info][gc,heap     ] GC(3) Soft Max Capacity: 8192M(100%)
[4.129s][info][gc,heap     ] GC(3)                Mark Start          Mark End        Relocate Start      Relocate End           High               Low         
[4.129s][info][gc,heap     ] GC(3)  Capacity:     8192M (100%)       8192M (100%)       8192M (100%)       8192M (100%)       8192M (100%)       8192M (100%)   
[4.129s][info][gc,heap     ] GC(3)      Free:     5648M (69%)        5596M (68%)        8012M (98%)        8084M (99%)        8086M (99%)        5572M (68%)    
[4.129s][info][gc,heap     ] GC(3)      Used:     2544M (31%)        2596M (32%)         180M (2%)          108M (1%)         2620M (32%)         106M (1%)     
[4.129s][info][gc,heap     ] GC(3)      Live:         -                19M (0%)           19M (0%)           19M (0%)             -                  -          
[4.129s][info][gc,heap     ] GC(3) Allocated:         -                52M (1%)           80M (1%)           85M (1%)             -                  -          
[4.129s][info][gc,heap     ] GC(3)   Garbage:         -              2524M (31%)          80M (1%)            3M (0%)             -                  -          
[4.129s][info][gc,heap     ] GC(3) Reclaimed:         -                  -              2444M (30%)        2521M (31%)            -                  -          
[4.129s][info][gc          ] GC(3) Garbage Collection (Warmup) 2544M(31%)->108M(1%)
[9.076s][info][gc,start    ] GC(4) Garbage Collection (Proactive)
[9.076s][info][gc,task     ] GC(4) Using 2 workers
[9.077s][info][gc,phases   ] GC(4) Pause Mark Start 0.008ms
[9.124s][info][gc,phases   ] GC(4) Concurrent Mark 33.258ms
[9.124s][info][gc,phases   ] GC(4) Pause Mark End 0.014ms
[9.130s][info][gc,phases   ] GC(4) Concurrent Mark Free 0.001ms
[9.139s][info][gc,phases   ] GC(4) Concurrent Process Non-Strong References 9.262ms
[9.139s][info][gc,phases   ] GC(4) Concurrent Reset Relocation Set 0.006ms
[9.142s][info][gc,phases   ] GC(4) Concurrent Select Relocation Set 2.623ms
[9.142s][info][gc,phases   ] GC(4) Pause Relocate Start 0.009ms
[9.150s][info][gc,phases   ] GC(4) Concurrent Relocate 2.733ms
[9.150s][info][gc,load     ] GC(4) Load: 0.00/0.00/0.00
[9.150s][info][gc,mmu      ] GC(4) MMU: 2ms/98.5%, 5ms/99.4%, 10ms/99.7%, 20ms/99.8%, 50ms/99.9%, 100ms/99.9%
[9.150s][info][gc,marking  ] GC(4) Mark: 2 stripe(s), 3 proactive flush(es), 1 terminate flush(es), 0 completion(s), 0 continuation(s) 
[9.150s][info][gc,marking  ] GC(4) Mark Stack Usage: 32M
[9.150s][info][gc,nmethod  ] GC(4) NMethods: 1412 registered, 0 unregistered
[9.150s][info][gc,metaspace] GC(4) Metaspace: 6M used, 6M committed, 1088M reserved
[9.150s][info][gc,ref      ] GC(4) Soft: 248 encountered, 0 discovered, 0 enqueued
[9.150s][info][gc,ref      ] GC(4) Weak: 441 encountered, 16 discovered, 0 enqueued
[9.150s][info][gc,ref      ] GC(4) Final: 9 encountered, 1 discovered, 0 enqueued
[9.150s][info][gc,ref      ] GC(4) Phantom: 21 encountered, 13 discovered, 0 enqueued
[9.150s][info][gc,reloc    ] GC(4) Small Pages: 3662 / 7324M, Empty: 7194M, Relocated: 5M, In-Place: 0
[9.150s][info][gc,reloc    ] GC(4) Medium Pages: 0 / 0M, Empty: 0M, Relocated: 0M, In-Place: 0
[9.150s][info][gc,reloc    ] GC(4) Large Pages: 2 / 12M, Empty: 0M, Relocated: 0M, In-Place: 0
[9.150s][info][gc,reloc    ] GC(4) Forwarding Usage: 1M
[9.150s][info][gc,heap     ] GC(4) Min Capacity: 8192M(100%)
[9.150s][info][gc,heap     ] GC(4) Max Capacity: 8192M(100%)
[9.150s][info][gc,heap     ] GC(4) Soft Max Capacity: 8192M(100%)
[9.150s][info][gc,heap     ] GC(4)                Mark Start          Mark End        Relocate Start      Relocate End           High               Low         
[9.150s][info][gc,heap     ] GC(4)  Capacity:     8192M (100%)       8192M (100%)       8192M (100%)       8192M (100%)       8192M (100%)       8192M (100%)   
[9.150s][info][gc,heap     ] GC(4)      Free:      856M (10%)         796M (10%)        7966M (97%)        8082M (99%)        8084M (99%)         780M (10%)    
[9.150s][info][gc,heap     ] GC(4)      Used:     7336M (90%)        7396M (90%)         226M (3%)          110M (1%)         7412M (90%)         108M (1%)     
[9.150s][info][gc,heap     ] GC(4)      Live:         -                19M (0%)           19M (0%)           19M (0%)             -                  -          
[9.150s][info][gc,heap     ] GC(4) Allocated:         -                60M (1%)           84M (1%)           87M (1%)             -                  -          
[9.150s][info][gc,heap     ] GC(4)   Garbage:         -              7316M (89%)         122M (1%)            3M (0%)             -                  -          
[9.150s][info][gc,heap     ] GC(4) Reclaimed:         -                  -              7194M (88%)        7313M (89%)            -                  -          
[9.150s][info][gc          ] GC(4) Garbage Collection (Proactive) 7336M(90%)->110M(1%)
[10.275s][info][gc,stats    ] === Garbage Collection Statistics =======================================================================================================================
[10.275s][info][gc,stats    ]                                                              Last 10s              Last 10m              Last 10h                Total
[10.275s][info][gc,stats    ]                                                              Avg / Max             Avg / Max             Avg / Max             Avg / Max
[10.275s][info][gc,stats    ]   Collector: Garbage Collection Cycle                     55.486 / 73.269       55.486 / 73.269       55.486 / 73.269       55.486 / 73.269      ms
[10.275s][info][gc,stats    ]  Contention: Mark Segment Reset Contention                     0 / 0                 0 / 0                 0 / 0                 0 / 0           ops/s
[10.275s][info][gc,stats    ]  Contention: Mark SeqNum Reset Contention                      0 / 1                 0 / 1                 0 / 1                 0 / 1           ops/s
[10.275s][info][gc,stats    ]    Critical: Allocation Stall                                  0 / 0                 0 / 0                 0 / 0                 0 / 0           ops/s
[10.275s][info][gc,stats    ]    Critical: Allocation Stall                              0.000 / 0.000         0.000 / 0.000         0.000 / 0.000         0.000 / 0.000       ms
[10.275s][info][gc,stats    ]    Critical: GC Locker Stall                                   0 / 0                 0 / 0                 0 / 0                 0 / 0           ops/s
[10.275s][info][gc,stats    ]    Critical: GC Locker Stall                               0.000 / 0.000         0.000 / 0.000         0.000 / 0.000         0.000 / 0.000       ms
[10.275s][info][gc,stats    ]    Critical: Relocation Stall                                  0 / 0                 0 / 0                 0 / 0                 0 / 0           ops/s
[10.275s][info][gc,stats    ]    Critical: Relocation Stall                              0.000 / 0.000         0.000 / 0.000         0.000 / 0.000         0.000 / 0.000       ms
[10.275s][info][gc,stats    ]      Memory: Allocation Rate                                1433 / 1776           1433 / 1776           1433 / 1776           1433 / 1776        MB/s
[10.275s][info][gc,stats    ]      Memory: Out Of Memory                                     0 / 0                 0 / 0                 0 / 0                 0 / 0           ops/s
[10.275s][info][gc,stats    ]      Memory: Page Cache Flush                                  0 / 0                 0 / 0                 0 / 0                 0 / 0           MB/s
[10.275s][info][gc,stats    ]      Memory: Page Cache Hit L1                               346 / 888             346 / 888             346 / 888             346 / 888         ops/s
[10.275s][info][gc,stats    ]      Memory: Page Cache Hit L2                                 0 / 0                 0 / 0                 0 / 0                 0 / 0           ops/s
[10.275s][info][gc,stats    ]      Memory: Page Cache Hit L3                               370 / 668             370 / 668             370 / 668             370 / 668         ops/s
[10.275s][info][gc,stats    ]      Memory: Page Cache Miss                                   0 / 1                 0 / 1                 0 / 1                 0 / 1           ops/s
[10.275s][info][gc,stats    ]      Memory: Uncommit                                          0 / 0                 0 / 0                 0 / 0                 0 / 0           MB/s
[10.275s][info][gc,stats    ]      Memory: Undo Object Allocation Failed                     0 / 0                 0 / 0                 0 / 0                 0 / 0           ops/s
[10.275s][info][gc,stats    ]      Memory: Undo Object Allocation Succeeded                 10 / 54               10 / 54               10 / 54               10 / 54          ops/s
[10.275s][info][gc,stats    ]      Memory: Undo Page Allocation                              0 / 1                 0 / 1                 0 / 1                 0 / 1           ops/s
[10.275s][info][gc,stats    ]       Phase: Concurrent Mark                              28.581 / 47.087       28.581 / 47.087       28.581 / 47.087       28.581 / 47.087      ms
[10.275s][info][gc,stats    ]       Phase: Concurrent Mark Continue                      0.000 / 0.000         0.000 / 0.000         0.000 / 0.000         0.000 / 0.000       ms
[10.275s][info][gc,stats    ]       Phase: Concurrent Mark Free                          0.001 / 0.002         0.001 / 0.002         0.001 / 0.002         0.001 / 0.002       ms
[10.275s][info][gc,stats    ]       Phase: Concurrent Process Non-Strong References      5.882 / 9.262         5.882 / 9.262         5.882 / 9.262         5.882 / 9.262       ms
[10.275s][info][gc,stats    ]       Phase: Concurrent Relocate                           2.294 / 2.733         2.294 / 2.733         2.294 / 2.733         2.294 / 2.733       ms
[10.275s][info][gc,stats    ]       Phase: Concurrent Reset Relocation Set               0.004 / 0.006         0.004 / 0.006         0.004 / 0.006         0.004 / 0.006       ms
[10.275s][info][gc,stats    ]       Phase: Concurrent Select Relocation Set              2.758 / 3.644         2.758 / 3.644         2.758 / 3.644         2.758 / 3.644       ms
[10.275s][info][gc,stats    ]       Phase: Pause Mark End                                0.021 / 0.031         0.021 / 0.031         0.021 / 0.031         0.021 / 0.031       ms
[10.275s][info][gc,stats    ]       Phase: Pause Mark Start                              0.008 / 0.010         0.008 / 0.010         0.008 / 0.010         0.008 / 0.010       ms
[10.275s][info][gc,stats    ]       Phase: Pause Relocate Start                          0.009 / 0.010         0.009 / 0.010         0.009 / 0.010         0.009 / 0.010       ms
[10.275s][info][gc,stats    ]    Subphase: Concurrent Classes Purge                      0.074 / 0.086         0.074 / 0.086         0.074 / 0.086         0.074 / 0.086       ms
[10.275s][info][gc,stats    ]    Subphase: Concurrent Classes Unlink                     1.063 / 1.756         1.063 / 1.756         1.063 / 1.756         1.063 / 1.756       ms
[10.275s][info][gc,stats    ]    Subphase: Concurrent Mark                              24.085 / 46.625       24.085 / 46.625       24.085 / 46.625       24.085 / 46.625      ms
[10.275s][info][gc,stats    ]    Subphase: Concurrent Mark Try Flush                     4.436 / 19.177        4.436 / 19.177        4.436 / 19.177        4.436 / 19.177      ms
[10.275s][info][gc,stats    ]    Subphase: Concurrent Mark Try Terminate                 6.416 / 15.822        6.416 / 15.822        6.416 / 15.822        6.416 / 15.822      ms
[10.275s][info][gc,stats    ]    Subphase: Concurrent References Enqueue                 0.002 / 0.006         0.002 / 0.006         0.002 / 0.006         0.002 / 0.006       ms
[10.275s][info][gc,stats    ]    Subphase: Concurrent References Process                 0.047 / 0.082         0.047 / 0.082         0.047 / 0.082         0.047 / 0.082       ms
[10.275s][info][gc,stats    ]    Subphase: Concurrent Roots ClassLoaderDataGraph         0.105 / 0.275         0.105 / 0.275         0.105 / 0.275         0.105 / 0.275       ms
[10.275s][info][gc,stats    ]    Subphase: Concurrent Roots CodeCache                    0.000 / 0.000         0.000 / 0.000         0.000 / 0.000         0.000 / 0.000       ms
[10.275s][info][gc,stats    ]    Subphase: Concurrent Roots JavaThreads                  0.284 / 0.442         0.284 / 0.442         0.284 / 0.442         0.284 / 0.442       ms
[10.275s][info][gc,stats    ]    Subphase: Concurrent Roots OopStorageSet                0.037 / 0.086         0.037 / 0.086         0.037 / 0.086         0.037 / 0.086       ms
[10.275s][info][gc,stats    ]    Subphase: Concurrent Weak Roots OopStorageSet           0.246 / 0.563         0.246 / 0.563         0.246 / 0.563         0.246 / 0.563       ms
[10.275s][info][gc,stats    ]    Subphase: Pause Mark Try Complete                       0.000 / 0.000         0.000 / 0.000         0.000 / 0.000         0.000 / 0.000       ms
[10.276s][info][gc,stats    ]      System: Java Threads                                     18 / 20               18 / 20               18 / 20               18 / 20          threads
[10.276s][info][gc,stats    ] =========================================================================================================================================================
[13.488s][info][gc,start    ] GC(5) Garbage Collection (System.gc())
[13.488s][info][gc,task     ] GC(5) Using 2 workers
[13.488s][info][gc,phases   ] GC(5) Pause Mark Start 0.006ms
[13.494s][info][gc,phases   ] GC(5) Concurrent Mark 6.083ms
[13.495s][info][gc,phases   ] GC(5) Pause Mark End 0.014ms
[13.495s][info][gc,phases   ] GC(5) Concurrent Mark Free 0.001ms
[13.496s][info][gc,phases   ] GC(5) Concurrent Process Non-Strong References 1.385ms
[13.496s][info][gc,phases   ] GC(5) Concurrent Reset Relocation Set 0.013ms
[13.498s][info][gc,phases   ] GC(5) Concurrent Select Relocation Set 2.454ms
[13.499s][info][gc,phases   ] GC(5) Pause Relocate Start 0.009ms
[13.499s][info][gc,phases   ] GC(5) Concurrent Relocate 0.702ms
[13.499s][info][gc,load     ] GC(5) Load: 0.00/0.00/0.00
[13.499s][info][gc,mmu      ] GC(5) MMU: 2ms/98.5%, 5ms/99.4%, 10ms/99.7%, 20ms/99.8%, 50ms/99.9%, 100ms/99.9%
[13.499s][info][gc,marking  ] GC(5) Mark: 2 stripe(s), 1 proactive flush(es), 1 terminate flush(es), 0 completion(s), 0 continuation(s) 
[13.499s][info][gc,marking  ] GC(5) Mark Stack Usage: 32M
[13.499s][info][gc,nmethod  ] GC(5) NMethods: 1438 registered, 0 unregistered
[13.499s][info][gc,metaspace] GC(5) Metaspace: 6M used, 6M committed, 1088M reserved
[13.499s][info][gc,ref      ] GC(5) Soft: 248 encountered, 0 discovered, 0 enqueued
[13.499s][info][gc,ref      ] GC(5) Weak: 442 encountered, 21 discovered, 0 enqueued
[13.499s][info][gc,ref      ] GC(5) Final: 9 encountered, 2 discovered, 0 enqueued
[13.499s][info][gc,ref      ] GC(5) Phantom: 20 encountered, 9 discovered, 1 enqueued
[13.499s][info][gc,reloc    ] GC(5) Small Pages: 2991 / 5982M, Empty: 5958M, Relocated: 1M, In-Place: 0
[13.499s][info][gc,reloc    ] GC(5) Medium Pages: 1 / 32M, Empty: 32M, Relocated: 0M, In-Place: 0
[13.499s][info][gc,reloc    ] GC(5) Large Pages: 4 / 24M, Empty: 12M, Relocated: 0M, In-Place: 0
[13.499s][info][gc,reloc    ] GC(5) Forwarding Usage: 0M
[13.500s][info][gc,heap     ] GC(5) Min Capacity: 8192M(100%)
[13.500s][info][gc,heap     ] GC(5) Max Capacity: 8192M(100%)
[13.500s][info][gc,heap     ] GC(5) Soft Max Capacity: 8192M(100%)
[13.500s][info][gc,heap     ] GC(5)                Mark Start          Mark End        Relocate Start      Relocate End           High               Low         
[13.500s][info][gc,heap     ] GC(5)  Capacity:     8192M (100%)       8192M (100%)       8192M (100%)       8192M (100%)       8192M (100%)       8192M (100%)   
[13.500s][info][gc,heap     ] GC(5)      Free:     2154M (26%)        2154M (26%)        8156M (100%)       8172M (100%)       8172M (100%)       2154M (26%)    
[13.500s][info][gc,heap     ] GC(5)      Used:     6038M (74%)        6038M (74%)          36M (0%)           20M (0%)         6038M (74%)          20M (0%)     
[13.500s][info][gc,heap     ] GC(5)      Live:         -                16M (0%)           16M (0%)           16M (0%)             -                  -          
[13.500s][info][gc,heap     ] GC(5) Allocated:         -                 0M (0%)            0M (0%)            0M (0%)             -                  -          
[13.500s][info][gc,heap     ] GC(5)   Garbage:         -              6021M (74%)          19M (0%)            3M (0%)             -                  -          
[13.500s][info][gc,heap     ] GC(5) Reclaimed:         -                  -              6002M (73%)        6018M (73%)            -                  -          
[13.500s][info][gc          ] GC(5) Garbage Collection (System.gc()) 6038M(74%)->20M(0%)
[16.373s][info][gc,start    ] GC(6) Garbage Collection (Allocation Rate)
[16.373s][info][gc,task     ] GC(6) Using 1 workers
[16.373s][info][gc,phases   ] GC(6) Pause Mark Start 0.009ms
[16.410s][info][gc,phases   ] GC(6) Concurrent Mark 35.829ms
[16.411s][info][gc,phases   ] GC(6) Pause Mark End 0.020ms
[16.420s][info][gc,phases   ] GC(6) Concurrent Mark Free 0.001ms
[16.436s][info][gc,phases   ] GC(6) Concurrent Process Non-Strong References 15.153ms
[16.436s][info][gc,phases   ] GC(6) Concurrent Reset Relocation Set 0.003ms
[16.438s][info][gc,phases   ] GC(6) Concurrent Select Relocation Set 2.427ms
[16.438s][info][gc,phases   ] GC(6) Pause Relocate Start 0.012ms
[16.445s][info][gc,phases   ] GC(6) Concurrent Relocate 4.799ms
[16.445s][info][gc,load     ] GC(6) Load: 0.00/0.00/0.00
[16.445s][info][gc,mmu      ] GC(6) MMU: 2ms/98.5%, 5ms/99.4%, 10ms/99.7%, 20ms/99.8%, 50ms/99.9%, 100ms/99.9%
[16.445s][info][gc,marking  ] GC(6) Mark: 1 stripe(s), 2 proactive flush(es), 1 terminate flush(es), 0 completion(s), 0 continuation(s) 
[16.445s][info][gc,marking  ] GC(6) Mark Stack Usage: 32M
[16.445s][info][gc,nmethod  ] GC(6) NMethods: 1485 registered, 0 unregistered
[16.445s][info][gc,metaspace] GC(6) Metaspace: 6M used, 6M committed, 1088M reserved
[16.445s][info][gc,ref      ] GC(6) Soft: 248 encountered, 0 discovered, 0 enqueued
[16.445s][info][gc,ref      ] GC(6) Weak: 442 encountered, 193 discovered, 0 enqueued
[16.445s][info][gc,ref      ] GC(6) Final: 9 encountered, 7 discovered, 0 enqueued
[16.445s][info][gc,ref      ] GC(6) Phantom: 21 encountered, 12 discovered, 0 enqueued
[16.445s][info][gc,reloc    ] GC(6) Small Pages: 3676 / 7352M, Empty: 7116M, Relocated: 4M, In-Place: 0
[16.445s][info][gc,reloc    ] GC(6) Medium Pages: 0 / 0M, Empty: 0M, Relocated: 0M, In-Place: 0
[16.445s][info][gc,reloc    ] GC(6) Large Pages: 2 / 12M, Empty: 0M, Relocated: 0M, In-Place: 0
[16.445s][info][gc,reloc    ] GC(6) Forwarding Usage: 1M
[16.445s][info][gc,heap     ] GC(6) Min Capacity: 8192M(100%)
[16.445s][info][gc,heap     ] GC(6) Max Capacity: 8192M(100%)
[16.445s][info][gc,heap     ] GC(6) Soft Max Capacity: 8192M(100%)
[16.445s][info][gc,heap     ] GC(6)                Mark Start          Mark End        Relocate Start      Relocate End           High               Low         
[16.445s][info][gc,heap     ] GC(6)  Capacity:     8192M (100%)       8192M (100%)       8192M (100%)       8192M (100%)       8192M (100%)       8192M (100%)   
[16.445s][info][gc,heap     ] GC(6)      Free:      828M (10%)         742M (9%)         7804M (95%)        8020M (98%)        8020M (98%)         696M (8%)     
[16.445s][info][gc,heap     ] GC(6)      Used:     7364M (90%)        7450M (91%)         388M (5%)          172M (2%)         7496M (92%)         172M (2%)     
[16.445s][info][gc,heap     ] GC(6)      Live:         -                19M (0%)           19M (0%)           19M (0%)             -                  -          
[16.445s][info][gc,heap     ] GC(6) Allocated:         -                86M (1%)          140M (2%)          149M (2%)             -                  -          
[16.445s][info][gc,heap     ] GC(6)   Garbage:         -              7344M (90%)         228M (3%)            3M (0%)             -                  -          
[16.445s][info][gc,heap     ] GC(6) Reclaimed:         -                  -              7116M (87%)        7341M (90%)            -                  -          
[16.445s][info][gc          ] GC(6) Garbage Collection (Allocation Rate) 7364M(90%)->172M(2%)
[20.272s][info][gc,stats    ] === Garbage Collection Statistics =======================================================================================================================
[20.272s][info][gc,stats    ]                                                              Last 10s              Last 10m              Last 10h                Total
[20.272s][info][gc,stats    ]                                                              Avg / Max             Avg / Max             Avg / Max             Avg / Max
[20.272s][info][gc,stats    ]   Collector: Garbage Collection Cycle                     41.853 / 72.448       51.591 / 73.269       51.591 / 73.269       51.591 / 73.269      ms
[20.272s][info][gc,stats    ]  Contention: Mark Segment Reset Contention                     0 / 0                 0 / 0                 0 / 0                 0 / 0           ops/s
[20.272s][info][gc,stats    ]  Contention: Mark SeqNum Reset Contention                      0 / 0                 0 / 1                 0 / 1                 0 / 1           ops/s
[20.272s][info][gc,stats    ]    Critical: Allocation Stall                                  0 / 0                 0 / 0                 0 / 0                 0 / 0           ops/s
[20.273s][info][gc,stats    ]    Critical: Allocation Stall                              0.000 / 0.000         0.000 / 0.000         0.000 / 0.000         0.000 / 0.000       ms
[20.273s][info][gc,stats    ]    Critical: GC Locker Stall                                   0 / 0                 0 / 0                 0 / 0                 0 / 0           ops/s
[20.273s][info][gc,stats    ]    Critical: GC Locker Stall                               0.000 / 0.000         0.000 / 0.000         0.000 / 0.000         0.000 / 0.000       ms
[20.273s][info][gc,stats    ]    Critical: Relocation Stall                                  0 / 0                 0 / 0                 0 / 0                 0 / 0           ops/s
[20.273s][info][gc,stats    ]    Critical: Relocation Stall                              0.000 / 0.000         0.000 / 0.000         0.000 / 0.000         0.000 / 0.000       ms
[20.273s][info][gc,stats    ]      Memory: Allocation Rate                                1819 / 2720           1626 / 2720           1626 / 2720           1626 / 2720        MB/s
[20.273s][info][gc,stats    ]      Memory: Out Of Memory                                     0 / 0                 0 / 0                 0 / 0                 0 / 0           ops/s
[20.273s][info][gc,stats    ]      Memory: Page Cache Flush                                  0 / 0                 0 / 0                 0 / 0                 0 / 0           MB/s
[20.273s][info][gc,stats    ]      Memory: Page Cache Hit L1                               904 / 1360            625 / 1360            625 / 1360            625 / 1360        ops/s
[20.273s][info][gc,stats    ]      Memory: Page Cache Hit L2                                 0 / 0                 0 / 0                 0 / 0                 0 / 0           ops/s
[20.273s][info][gc,stats    ]      Memory: Page Cache Hit L3                                 4 / 40              187 / 668             187 / 668             187 / 668         ops/s
[20.273s][info][gc,stats    ]      Memory: Page Cache Miss                                   0 / 0                 0 / 1                 0 / 1                 0 / 1           ops/s
[20.273s][info][gc,stats    ]      Memory: Uncommit                                          0 / 0                 0 / 0                 0 / 0                 0 / 0           MB/s
[20.273s][info][gc,stats    ]      Memory: Undo Object Allocation Failed                     0 / 0                 0 / 0                 0 / 0                 0 / 0           ops/s
[20.273s][info][gc,stats    ]      Memory: Undo Object Allocation Succeeded                  7 / 76                9 / 76                9 / 76                9 / 76          ops/s
[20.273s][info][gc,stats    ]      Memory: Undo Page Allocation                              0 / 1                 0 / 1                 0 / 1                 0 / 1           ops/s
[20.273s][info][gc,stats    ]       Phase: Concurrent Mark                              20.956 / 35.829       26.403 / 47.087       26.403 / 47.087       26.403 / 47.087      ms
[20.273s][info][gc,stats    ]       Phase: Concurrent Mark Continue                      0.000 / 0.000         0.000 / 0.000         0.000 / 0.000         0.000 / 0.000       ms
[20.273s][info][gc,stats    ]       Phase: Concurrent Mark Free                          0.001 / 0.001         0.001 / 0.002         0.001 / 0.002         0.001 / 0.002       ms
[20.273s][info][gc,stats    ]       Phase: Concurrent Process Non-Strong References      8.269 / 15.153        6.564 / 15.153        6.564 / 15.153        6.564 / 15.153      ms
[20.273s][info][gc,stats    ]       Phase: Concurrent Relocate                           2.751 / 4.799         2.425 / 4.799         2.425 / 4.799         2.425 / 4.799       ms
[20.273s][info][gc,stats    ]       Phase: Concurrent Reset Relocation Set               0.008 / 0.013         0.005 / 0.013         0.005 / 0.013         0.005 / 0.013       ms
[20.273s][info][gc,stats    ]       Phase: Concurrent Select Relocation Set              2.441 / 2.454         2.667 / 3.644         2.667 / 3.644         2.667 / 3.644       ms
[20.273s][info][gc,stats    ]       Phase: Pause Mark End                                0.017 / 0.020         0.020 / 0.031         0.020 / 0.031         0.020 / 0.031       ms
[20.273s][info][gc,stats    ]       Phase: Pause Mark Start                              0.008 / 0.009         0.008 / 0.010         0.008 / 0.010         0.008 / 0.010       ms
[20.273s][info][gc,stats    ]       Phase: Pause Relocate Start                          0.010 / 0.012         0.009 / 0.012         0.009 / 0.012         0.009 / 0.012       ms
[20.273s][info][gc,stats    ]    Subphase: Concurrent Classes Purge                      0.104 / 0.145         0.083 / 0.145         0.083 / 0.145         0.083 / 0.145       ms
[20.273s][info][gc,stats    ]    Subphase: Concurrent Classes Unlink                     1.412 / 1.892         1.163 / 1.892         1.163 / 1.892         1.163 / 1.892       ms
[20.273s][info][gc,stats    ]    Subphase: Concurrent Mark                              14.909 / 35.067       21.967 / 46.625       21.967 / 46.625       21.967 / 46.625      ms
[20.273s][info][gc,stats    ]    Subphase: Concurrent Mark Try Flush                     2.981 / 7.746         4.089 / 19.177        4.089 / 19.177        4.089 / 19.177      ms
[20.273s][info][gc,stats    ]    Subphase: Concurrent Mark Try Terminate                 0.812 / 2.043         5.295 / 15.822        5.295 / 15.822        5.295 / 15.822      ms
[20.273s][info][gc,stats    ]    Subphase: Concurrent References Enqueue                 0.003 / 0.005         0.002 / 0.006         0.002 / 0.006         0.002 / 0.006       ms
[20.273s][info][gc,stats    ]    Subphase: Concurrent References Process                 0.048 / 0.058         0.048 / 0.082         0.048 / 0.082         0.048 / 0.082       ms
[20.273s][info][gc,stats    ]    Subphase: Concurrent Roots ClassLoaderDataGraph         0.127 / 0.213         0.110 / 0.275         0.110 / 0.275         0.110 / 0.275       ms
[20.273s][info][gc,stats    ]    Subphase: Concurrent Roots CodeCache                    0.000 / 0.000         0.000 / 0.000         0.000 / 0.000         0.000 / 0.000       ms
[20.273s][info][gc,stats    ]    Subphase: Concurrent Roots JavaThreads                  0.294 / 0.488         0.287 / 0.488         0.287 / 0.488         0.287 / 0.488       ms
[20.273s][info][gc,stats    ]    Subphase: Concurrent Roots OopStorageSet                0.027 / 0.032         0.035 / 0.086         0.035 / 0.086         0.035 / 0.086       ms
[20.273s][info][gc,stats    ]    Subphase: Concurrent Weak Roots OopStorageSet           0.284 / 0.327         0.255 / 0.563         0.255 / 0.563         0.255 / 0.563       ms
[20.273s][info][gc,stats    ]    Subphase: Pause Mark Try Complete                       0.000 / 0.000         0.000 / 0.000         0.000 / 0.000         0.000 / 0.000       ms
[20.273s][info][gc,stats    ]      System: Java Threads                                     16 / 19               17 / 20               17 / 20               17 / 20          threads
[20.273s][info][gc,stats    ] =========================================================================================================================================================
[20.872s][info][gc,start    ] GC(7) Garbage Collection (Allocation Rate)
[20.872s][info][gc,task     ] GC(7) Using 1 workers
[20.872s][info][gc,phases   ] GC(7) Pause Mark Start 0.010ms
[20.909s][info][gc,phases   ] GC(7) Concurrent Mark 33.843ms
[20.909s][info][gc,phases   ] GC(7) Pause Mark End 0.022ms
[20.911s][info][gc,phases   ] GC(7) Concurrent Mark Free 0.001ms
[20.919s][info][gc,phases   ] GC(7) Concurrent Process Non-Strong References 7.676ms
[20.919s][info][gc,phases   ] GC(7) Concurrent Reset Relocation Set 0.007ms
[20.922s][info][gc,phases   ] GC(7) Concurrent Select Relocation Set 3.382ms
[20.923s][info][gc,phases   ] GC(7) Pause Relocate Start 0.011ms
[20.928s][info][gc,phases   ] GC(7) Concurrent Relocate 3.474ms
[20.928s][info][gc,load     ] GC(7) Load: 0.00/0.00/0.00
[20.928s][info][gc,mmu      ] GC(7) MMU: 2ms/98.5%, 5ms/99.4%, 10ms/99.7%, 20ms/99.8%, 50ms/99.9%, 100ms/99.9%
[20.928s][info][gc,marking  ] GC(7) Mark: 1 stripe(s), 2 proactive flush(es), 1 terminate flush(es), 0 completion(s), 0 continuation(s) 
[20.928s][info][gc,marking  ] GC(7) Mark Stack Usage: 32M
[20.928s][info][gc,nmethod  ] GC(7) NMethods: 1485 registered, 0 unregistered
[20.928s][info][gc,metaspace] GC(7) Metaspace: 6M used, 6M committed, 1088M reserved
[20.928s][info][gc,ref      ] GC(7) Soft: 248 encountered, 0 discovered, 0 enqueued
[20.928s][info][gc,ref      ] GC(7) Weak: 442 encountered, 193 discovered, 0 enqueued
[20.928s][info][gc,ref      ] GC(7) Final: 9 encountered, 7 discovered, 0 enqueued
[20.928s][info][gc,ref      ] GC(7) Phantom: 21 encountered, 12 discovered, 0 enqueued
[20.928s][info][gc,reloc    ] GC(7) Small Pages: 3836 / 7672M, Empty: 7400M, Relocated: 3M, In-Place: 0
[20.928s][info][gc,reloc    ] GC(7) Medium Pages: 0 / 0M, Empty: 0M, Relocated: 0M, In-Place: 0
[20.928s][info][gc,reloc    ] GC(7) Large Pages: 2 / 12M, Empty: 0M, Relocated: 0M, In-Place: 0
[20.928s][info][gc,reloc    ] GC(7) Forwarding Usage: 1M
[20.928s][info][gc,heap     ] GC(7) Min Capacity: 8192M(100%)
[20.928s][info][gc,heap     ] GC(7) Max Capacity: 8192M(100%)
[20.928s][info][gc,heap     ] GC(7) Soft Max Capacity: 8192M(100%)
[20.928s][info][gc,heap     ] GC(7)                Mark Start          Mark End        Relocate Start      Relocate End           High               Low         
[20.928s][info][gc,heap     ] GC(7)  Capacity:     8192M (100%)       8192M (100%)       8192M (100%)       8192M (100%)       8192M (100%)       8192M (100%)   
[20.928s][info][gc,heap     ] GC(7)      Free:      508M (6%)          456M (6%)         7840M (96%)        8094M (99%)        8094M (99%)         444M (5%)     
[20.928s][info][gc,heap     ] GC(7)      Used:     7684M (94%)        7736M (94%)         352M (4%)           98M (1%)         7748M (95%)          98M (1%)     
[20.928s][info][gc,heap     ] GC(7)      Live:         -                19M (0%)           19M (0%)           19M (0%)             -                  -          
[20.928s][info][gc,heap     ] GC(7) Allocated:         -                52M (1%)           68M (1%)           75M (1%)             -                  -          
[20.928s][info][gc,heap     ] GC(7)   Garbage:         -              7664M (94%)         264M (3%)            3M (0%)             -                  -          
[20.928s][info][gc,heap     ] GC(7) Reclaimed:         -                  -              7400M (90%)        7661M (94%)            -                  -          
[20.928s][info][gc          ] GC(7) Garbage Collection (Allocation Rate) 7684M(94%)->98M(1%)
[22.880s][info][gc,start    ] GC(8) Garbage Collection (System.gc())
[22.880s][info][gc,task     ] GC(8) Using 2 workers
[22.880s][info][gc,phases   ] GC(8) Pause Mark Start 0.006ms
[22.893s][info][gc,phases   ] GC(8) Concurrent Mark 13.684ms
[22.894s][info][gc,phases   ] GC(8) Pause Mark End 0.015ms
[22.894s][info][gc,phases   ] GC(8) Concurrent Mark Free 0.001ms
[22.895s][info][gc,phases   ] GC(8) Concurrent Process Non-Strong References 1.417ms
[22.895s][info][gc,phases   ] GC(8) Concurrent Reset Relocation Set 0.008ms
[22.897s][info][gc,phases   ] GC(8) Concurrent Select Relocation Set 1.577ms
[22.897s][info][gc,phases   ] GC(8) Pause Relocate Start 0.008ms
[22.898s][info][gc,phases   ] GC(8) Concurrent Relocate 0.781ms
[22.898s][info][gc,load     ] GC(8) Load: 0.00/0.00/0.00
[22.898s][info][gc,mmu      ] GC(8) MMU: 2ms/98.5%, 5ms/99.4%, 10ms/99.7%, 20ms/99.8%, 50ms/99.9%, 100ms/99.9%
[22.898s][info][gc,marking  ] GC(8) Mark: 2 stripe(s), 1 proactive flush(es), 1 terminate flush(es), 0 completion(s), 0 continuation(s) 
[22.898s][info][gc,marking  ] GC(8) Mark Stack Usage: 32M
[22.898s][info][gc,nmethod  ] GC(8) NMethods: 1494 registered, 0 unregistered
[22.898s][info][gc,metaspace] GC(8) Metaspace: 6M used, 6M committed, 1088M reserved
[22.898s][info][gc,ref      ] GC(8) Soft: 248 encountered, 0 discovered, 0 enqueued
[22.898s][info][gc,ref      ] GC(8) Weak: 442 encountered, 4 discovered, 0 enqueued
[22.898s][info][gc,ref      ] GC(8) Final: 9 encountered, 0 discovered, 0 enqueued
[22.898s][info][gc,ref      ] GC(8) Phantom: 20 encountered, 9 discovered, 1 enqueued
[22.898s][info][gc,reloc    ] GC(8) Small Pages: 1723 / 3446M, Empty: 3426M, Relocated: 1M, In-Place: 0
[22.898s][info][gc,reloc    ] GC(8) Medium Pages: 1 / 32M, Empty: 32M, Relocated: 0M, In-Place: 0
[22.898s][info][gc,reloc    ] GC(8) Large Pages: 4 / 24M, Empty: 12M, Relocated: 0M, In-Place: 0
[22.898s][info][gc,reloc    ] GC(8) Forwarding Usage: 0M
[22.898s][info][gc,heap     ] GC(8) Min Capacity: 8192M(100%)
[22.898s][info][gc,heap     ] GC(8) Max Capacity: 8192M(100%)
[22.898s][info][gc,heap     ] GC(8) Soft Max Capacity: 8192M(100%)
[22.898s][info][gc,heap     ] GC(8)                Mark Start          Mark End        Relocate Start      Relocate End           High               Low         
[22.898s][info][gc,heap     ] GC(8)  Capacity:     8192M (100%)       8192M (100%)       8192M (100%)       8192M (100%)       8192M (100%)       8192M (100%)   
[22.898s][info][gc,heap     ] GC(8)      Free:     4690M (57%)        4690M (57%)        8160M (100%)       8172M (100%)       8172M (100%)       4690M (57%)    
[22.898s][info][gc,heap     ] GC(8)      Used:     3502M (43%)        3502M (43%)          32M (0%)           20M (0%)         3502M (43%)          20M (0%)     
[22.898s][info][gc,heap     ] GC(8)      Live:         -                16M (0%)           16M (0%)           16M (0%)             -                  -          
[22.898s][info][gc,heap     ] GC(8) Allocated:         -                 0M (0%)            0M (0%)            0M (0%)             -                  -          
[22.898s][info][gc,heap     ] GC(8)   Garbage:         -              3485M (43%)          15M (0%)            3M (0%)             -                  -          
[22.898s][info][gc,heap     ] GC(8) Reclaimed:         -                  -              3470M (42%)        3482M (43%)            -                  -          
[22.898s][info][gc          ] GC(8) Garbage Collection (System.gc()) 3502M(43%)->20M(0%)
[25.879s][info][gc,start    ] GC(9) Garbage Collection (Allocation Rate)
[25.879s][info][gc,task     ] GC(9) Using 1 workers
[25.879s][info][gc,phases   ] GC(9) Pause Mark Start 0.007ms
[25.915s][info][gc,phases   ] GC(9) Concurrent Mark 32.108ms
[25.915s][info][gc,phases   ] GC(9) Pause Mark End 0.015ms
[25.917s][info][gc,phases   ] GC(9) Concurrent Mark Free 0.008ms
[25.942s][info][gc,phases   ] GC(9) Concurrent Process Non-Strong References 24.943ms
[25.942s][info][gc,phases   ] GC(9) Concurrent Reset Relocation Set 0.001ms
[25.946s][info][gc,phases   ] GC(9) Concurrent Select Relocation Set 3.698ms
[25.946s][info][gc,phases   ] GC(9) Pause Relocate Start 0.013ms
[25.950s][info][gc,phases   ] GC(9) Concurrent Relocate 3.071ms
[25.950s][info][gc,load     ] GC(9) Load: 0.00/0.00/0.00
[25.950s][info][gc,mmu      ] GC(9) MMU: 2ms/98.5%, 5ms/99.4%, 10ms/99.7%, 20ms/99.8%, 50ms/99.9%, 100ms/99.9%
[25.950s][info][gc,marking  ] GC(9) Mark: 1 stripe(s), 2 proactive flush(es), 1 terminate flush(es), 0 completion(s), 0 continuation(s) 
[25.950s][info][gc,marking  ] GC(9) Mark Stack Usage: 32M
[25.950s][info][gc,nmethod  ] GC(9) NMethods: 1526 registered, 0 unregistered
[25.950s][info][gc,metaspace] GC(9) Metaspace: 6M used, 6M committed, 1088M reserved
[25.950s][info][gc,ref      ] GC(9) Soft: 248 encountered, 0 discovered, 0 enqueued
[25.950s][info][gc,ref      ] GC(9) Weak: 442 encountered, 193 discovered, 0 enqueued
[25.950s][info][gc,ref      ] GC(9) Final: 9 encountered, 7 discovered, 0 enqueued
[25.950s][info][gc,ref      ] GC(9) Phantom: 21 encountered, 12 discovered, 0 enqueued
[25.950s][info][gc,reloc    ] GC(9) Small Pages: 3827 / 7654M, Empty: 7476M, Relocated: 3M, In-Place: 0
[25.951s][info][gc,reloc    ] GC(9) Medium Pages: 0 / 0M, Empty: 0M, Relocated: 0M, In-Place: 0
[25.951s][info][gc,reloc    ] GC(9) Large Pages: 2 / 12M, Empty: 0M, Relocated: 0M, In-Place: 0
[25.951s][info][gc,reloc    ] GC(9) Forwarding Usage: 1M
[25.951s][info][gc,heap     ] GC(9) Min Capacity: 8192M(100%)
[25.951s][info][gc,heap     ] GC(9) Max Capacity: 8192M(100%)
[25.951s][info][gc,heap     ] GC(9) Soft Max Capacity: 8192M(100%)
[25.951s][info][gc,heap     ] GC(9)                Mark Start          Mark End        Relocate Start      Relocate End           High               Low         
[25.951s][info][gc,heap     ] GC(9)  Capacity:     8192M (100%)       8192M (100%)       8192M (100%)       8192M (100%)       8192M (100%)       8192M (100%)   
[25.951s][info][gc,heap     ] GC(9)      Free:      526M (6%)          454M (6%)         7880M (96%)        8038M (98%)        8038M (98%)         412M (5%)     
[25.951s][info][gc,heap     ] GC(9)      Used:     7666M (94%)        7738M (94%)         312M (4%)          154M (2%)         7780M (95%)         154M (2%)     
[25.951s][info][gc,heap     ] GC(9)      Live:         -                19M (0%)           19M (0%)           19M (0%)             -                  -          
[25.951s][info][gc,heap     ] GC(9) Allocated:         -                72M (1%)          122M (1%)          131M (2%)             -                  -          
[25.951s][info][gc,heap     ] GC(9)   Garbage:         -              7646M (93%)         170M (2%)            3M (0%)             -                  -          
[25.951s][info][gc,heap     ] GC(9) Reclaimed:         -                  -              7476M (91%)        7643M (93%)            -                  -          
[25.951s][info][gc          ] GC(9) Garbage Collection (Allocation Rate) 7666M(94%)->154M(2%)
[30.280s][info][gc,stats    ] === Garbage Collection Statistics =======================================================================================================================
[30.280s][info][gc,stats    ]                                                              Last 10s              Last 10m              Last 10h                Total
[30.280s][info][gc,stats    ]                                                              Avg / Max             Avg / Max             Avg / Max             Avg / Max
[30.280s][info][gc,stats    ]   Collector: Garbage Collection Cycle                     48.603 / 71.284       50.694 / 73.269       50.694 / 73.269       50.694 / 73.269      ms
[30.280s][info][gc,stats    ]  Contention: Mark Segment Reset Contention                     0 / 0                 0 / 0                 0 / 0                 0 / 0           ops/s
[30.280s][info][gc,stats    ]  Contention: Mark SeqNum Reset Contention                      0 / 0                 0 / 1                 0 / 1                 0 / 1           ops/s
[30.280s][info][gc,stats    ]    Critical: Allocation Stall                                  0 / 0                 0 / 0                 0 / 0                 0 / 0           ops/s
[30.280s][info][gc,stats    ]    Critical: Allocation Stall                              0.000 / 0.000         0.000 / 0.000         0.000 / 0.000         0.000 / 0.000       ms
[30.280s][info][gc,stats    ]    Critical: GC Locker Stall                                   0 / 0                 0 / 0                 0 / 0                 0 / 0           ops/s
[30.280s][info][gc,stats    ]    Critical: GC Locker Stall                               0.000 / 0.000         0.000 / 0.000         0.000 / 0.000         0.000 / 0.000       ms
[30.280s][info][gc,stats    ]    Critical: Relocation Stall                                  0 / 0                 0 / 0                 0 / 0                 0 / 0           ops/s
[30.280s][info][gc,stats    ]    Critical: Relocation Stall                              0.000 / 0.000         0.000 / 0.000         0.000 / 0.000         0.000 / 0.000       ms
[30.280s][info][gc,stats    ]      Memory: Allocation Rate                                1964 / 2568           1739 / 2720           1739 / 2720           1739 / 2720        MB/s
[30.280s][info][gc,stats    ]      Memory: Out Of Memory                                     0 / 0                 0 / 0                 0 / 0                 0 / 0           ops/s
[30.280s][info][gc,stats    ]      Memory: Page Cache Flush                                  0 / 0                 0 / 0                 0 / 0                 0 / 0           MB/s
[30.280s][info][gc,stats    ]      Memory: Page Cache Hit L1                               966 / 1284            739 / 1360            739 / 1360            739 / 1360        ops/s
[30.280s][info][gc,stats    ]      Memory: Page Cache Hit L2                                 0 / 0                 0 / 0                 0 / 0                 0 / 0           ops/s
[30.280s][info][gc,stats    ]      Memory: Page Cache Hit L3                                14 / 126             129 / 668             129 / 668             129 / 668         ops/s
[30.280s][info][gc,stats    ]      Memory: Page Cache Miss                                   0 / 0                 0 / 1                 0 / 1                 0 / 1           ops/s
[30.280s][info][gc,stats    ]      Memory: Uncommit                                          0 / 0                 0 / 0                 0 / 0                 0 / 0           MB/s
[30.280s][info][gc,stats    ]      Memory: Undo Object Allocation Failed                     0 / 0                 0 / 0                 0 / 0                 0 / 0           ops/s
[30.280s][info][gc,stats    ]      Memory: Undo Object Allocation Succeeded                  4 / 34                7 / 76                7 / 76                7 / 76          ops/s
[30.280s][info][gc,stats    ]      Memory: Undo Page Allocation                              0 / 1                 0 / 1                 0 / 1                 0 / 1           ops/s
[30.281s][info][gc,stats    ]       Phase: Concurrent Mark                              26.545 / 33.843       26.445 / 47.087       26.445 / 47.087       26.445 / 47.087      ms
[30.281s][info][gc,stats    ]       Phase: Concurrent Mark Continue                      0.000 / 0.000         0.000 / 0.000         0.000 / 0.000         0.000 / 0.000       ms
[30.281s][info][gc,stats    ]       Phase: Concurrent Mark Free                          0.003 / 0.008         0.002 / 0.008         0.002 / 0.008         0.002 / 0.008       ms
[30.281s][info][gc,stats    ]       Phase: Concurrent Process Non-Strong References     11.346 / 24.943        7.999 / 24.943        7.999 / 24.943        7.999 / 24.943      ms
[30.281s][info][gc,stats    ]       Phase: Concurrent Relocate                           2.442 / 3.474         2.430 / 4.799         2.430 / 4.799         2.430 / 4.799       ms
[30.281s][info][gc,stats    ]       Phase: Concurrent Reset Relocation Set               0.005 / 0.008         0.005 / 0.013         0.005 / 0.013         0.005 / 0.013       ms
[30.281s][info][gc,stats    ]       Phase: Concurrent Select Relocation Set              2.885 / 3.698         2.733 / 3.698         2.733 / 3.698         2.733 / 3.698       ms
[30.281s][info][gc,stats    ]       Phase: Pause Mark End                                0.017 / 0.022         0.019 / 0.031         0.019 / 0.031         0.019 / 0.031       ms
[30.281s][info][gc,stats    ]       Phase: Pause Mark Start                              0.008 / 0.010         0.008 / 0.010         0.008 / 0.010         0.008 / 0.010       ms
[30.281s][info][gc,stats    ]       Phase: Pause Relocate Start                          0.010 / 0.013         0.010 / 0.013         0.010 / 0.013         0.010 / 0.013       ms
[30.281s][info][gc,stats    ]    Subphase: Concurrent Classes Purge                      0.098 / 0.149         0.087 / 0.149         0.087 / 0.149         0.087 / 0.149       ms
[30.281s][info][gc,stats    ]    Subphase: Concurrent Classes Unlink                     1.655 / 2.044         1.310 / 2.044         1.310 / 2.044         1.310 / 2.044       ms
[30.281s][info][gc,stats    ]    Subphase: Concurrent Mark                              20.050 / 33.101       21.516 / 46.625       21.516 / 46.625       21.516 / 46.625      ms
[30.281s][info][gc,stats    ]    Subphase: Concurrent Mark Try Flush                     3.688 / 13.400        3.979 / 19.177        3.979 / 19.177        3.979 / 19.177      ms
[30.281s][info][gc,stats    ]    Subphase: Concurrent Mark Try Terminate                 3.000 / 11.074        4.793 / 15.822        4.793 / 15.822        4.793 / 15.822      ms
[30.281s][info][gc,stats    ]    Subphase: Concurrent References Enqueue                 0.002 / 0.004         0.002 / 0.006         0.002 / 0.006         0.002 / 0.006       ms
[30.281s][info][gc,stats    ]    Subphase: Concurrent References Process                 0.048 / 0.052         0.048 / 0.082         0.048 / 0.082         0.048 / 0.082       ms
[30.281s][info][gc,stats    ]    Subphase: Concurrent Roots ClassLoaderDataGraph         0.092 / 0.160         0.106 / 0.275         0.106 / 0.275         0.106 / 0.275       ms
[30.281s][info][gc,stats    ]    Subphase: Concurrent Roots CodeCache                    0.000 / 0.000         0.000 / 0.000         0.000 / 0.000         0.000 / 0.000       ms
[30.281s][info][gc,stats    ]    Subphase: Concurrent Roots JavaThreads                  0.323 / 0.488         0.295 / 0.488         0.295 / 0.488         0.295 / 0.488       ms
[30.281s][info][gc,stats    ]    Subphase: Concurrent Roots OopStorageSet                0.021 / 0.029         0.032 / 0.086         0.032 / 0.086         0.032 / 0.086       ms
[30.281s][info][gc,stats    ]    Subphase: Concurrent Weak Roots OopStorageSet           0.187 / 0.310         0.238 / 0.563         0.238 / 0.563         0.238 / 0.563       ms
[30.281s][info][gc,stats    ]    Subphase: Pause Mark Try Complete                       0.000 / 0.000         0.000 / 0.000         0.000 / 0.000         0.000 / 0.000       ms
[30.281s][info][gc,stats    ]      System: Java Threads                                     17 / 20               17 / 20               17 / 20               17 / 20          threads
[30.281s][info][gc,stats    ] =========================================================================================================================================================
[30.470s][info][gc,start    ] GC(10) Garbage Collection (Allocation Rate)
[30.470s][info][gc,task     ] GC(10) Using 1 workers
[30.470s][info][gc,phases   ] GC(10) Pause Mark Start 0.014ms
[30.549s][info][gc,phases   ] GC(10) Concurrent Mark 65.396ms
[30.549s][info][gc,phases   ] GC(10) Pause Mark End 0.017ms
[30.553s][info][gc,phases   ] GC(10) Concurrent Mark Free 0.002ms
[30.565s][info][gc,phases   ] GC(10) Concurrent Process Non-Strong References 11.736ms
[30.565s][info][gc,phases   ] GC(10) Concurrent Reset Relocation Set 0.007ms
[30.568s][info][gc,phases   ] GC(10) Concurrent Select Relocation Set 2.909ms
[30.568s][info][gc,phases   ] GC(10) Pause Relocate Start 0.013ms
[30.577s][info][gc,phases   ] GC(10) Concurrent Relocate 3.720ms
[30.577s][info][gc,load     ] GC(10) Load: 0.00/0.00/0.00
[30.577s][info][gc,mmu      ] GC(10) MMU: 2ms/98.5%, 5ms/99.4%, 10ms/99.7%, 20ms/99.8%, 50ms/99.9%, 100ms/99.9%
[30.577s][info][gc,marking  ] GC(10) Mark: 1 stripe(s), 2 proactive flush(es), 1 terminate flush(es), 0 completion(s), 0 continuation(s) 
[30.577s][info][gc,marking  ] GC(10) Mark Stack Usage: 32M
[30.577s][info][gc,nmethod  ] GC(10) NMethods: 1526 registered, 0 unregistered
[30.577s][info][gc,metaspace] GC(10) Metaspace: 6M used, 6M committed, 1088M reserved
[30.577s][info][gc,ref      ] GC(10) Soft: 248 encountered, 0 discovered, 0 enqueued
[30.577s][info][gc,ref      ] GC(10) Weak: 442 encountered, 193 discovered, 0 enqueued
[30.577s][info][gc,ref      ] GC(10) Final: 9 encountered, 7 discovered, 0 enqueued
[30.577s][info][gc,ref      ] GC(10) Phantom: 21 encountered, 12 discovered, 0 enqueued
[30.577s][info][gc,reloc    ] GC(10) Small Pages: 3876 / 7752M, Empty: 7572M, Relocated: 3M, In-Place: 0
[30.577s][info][gc,reloc    ] GC(10) Medium Pages: 0 / 0M, Empty: 0M, Relocated: 0M, In-Place: 0
[30.577s][info][gc,reloc    ] GC(10) Large Pages: 2 / 12M, Empty: 0M, Relocated: 0M, In-Place: 0
[30.577s][info][gc,reloc    ] GC(10) Forwarding Usage: 1M
[30.577s][info][gc,heap     ] GC(10) Min Capacity: 8192M(100%)
[30.577s][info][gc,heap     ] GC(10) Max Capacity: 8192M(100%)
[30.577s][info][gc,heap     ] GC(10) Soft Max Capacity: 8192M(100%)
[30.577s][info][gc,heap     ] GC(10)                Mark Start          Mark End        Relocate Start      Relocate End           High               Low         
[30.577s][info][gc,heap     ] GC(10)  Capacity:     8192M (100%)       8192M (100%)       8192M (100%)       8192M (100%)       8192M (100%)       8192M (100%)   
[30.577s][info][gc,heap     ] GC(10)      Free:      428M (5%)          328M (4%)         7882M (96%)        8038M (98%)        8038M (98%)         310M (4%)     
[30.577s][info][gc,heap     ] GC(10)      Used:     7764M (95%)        7864M (96%)         310M (4%)          154M (2%)         7882M (96%)         154M (2%)     
[30.577s][info][gc,heap     ] GC(10)      Live:         -                19M (0%)           19M (0%)           19M (0%)             -                  -          
[30.577s][info][gc,heap     ] GC(10) Allocated:         -               100M (1%)          118M (1%)          131M (2%)             -                  -          
[30.577s][info][gc,heap     ] GC(10)   Garbage:         -              7744M (95%)         172M (2%)            3M (0%)             -                  -          
[30.577s][info][gc,heap     ] GC(10) Reclaimed:         -                  -              7572M (92%)        7741M (95%)            -                  -          
[30.577s][info][gc          ] GC(10) Garbage Collection (Allocation Rate) 7764M(95%)->154M(2%)
[32.411s][info][gc,start    ] GC(11) Garbage Collection (System.gc())
[32.411s][info][gc,task     ] GC(11) Using 2 workers
[32.411s][info][gc,phases   ] GC(11) Pause Mark Start 0.012ms
[32.427s][info][gc,phases   ] GC(11) Concurrent Mark 15.928ms
[32.427s][info][gc,phases   ] GC(11) Pause Mark End 0.015ms
[32.427s][info][gc,phases   ] GC(11) Concurrent Mark Free 0.001ms
[32.429s][info][gc,phases   ] GC(11) Concurrent Process Non-Strong References 1.432ms
[32.429s][info][gc,phases   ] GC(11) Concurrent Reset Relocation Set 0.006ms
[32.430s][info][gc,phases   ] GC(11) Concurrent Select Relocation Set 1.316ms
[32.430s][info][gc,phases   ] GC(11) Pause Relocate Start 0.008ms
[32.431s][info][gc,phases   ] GC(11) Concurrent Relocate 0.623ms
[32.431s][info][gc,load     ] GC(11) Load: 0.00/0.00/0.00
[32.431s][info][gc,mmu      ] GC(11) MMU: 2ms/98.5%, 5ms/99.4%, 10ms/99.7%, 20ms/99.8%, 50ms/99.9%, 100ms/99.9%
[32.431s][info][gc,marking  ] GC(11) Mark: 2 stripe(s), 2 proactive flush(es), 1 terminate flush(es), 0 completion(s), 0 continuation(s) 
[32.431s][info][gc,marking  ] GC(11) Mark Stack Usage: 32M
[32.431s][info][gc,nmethod  ] GC(11) NMethods: 1531 registered, 0 unregistered
[32.431s][info][gc,metaspace] GC(11) Metaspace: 6M used, 6M committed, 1088M reserved
[32.431s][info][gc,ref      ] GC(11) Soft: 248 encountered, 0 discovered, 0 enqueued
[32.431s][info][gc,ref      ] GC(11) Weak: 442 encountered, 164 discovered, 0 enqueued
[32.431s][info][gc,ref      ] GC(11) Final: 9 encountered, 9 discovered, 0 enqueued
[32.431s][info][gc,ref      ] GC(11) Phantom: 20 encountered, 12 discovered, 1 enqueued
[32.431s][info][gc,reloc    ] GC(11) Small Pages: 1530 / 3060M, Empty: 3042M, Relocated: 1M, In-Place: 0
[32.431s][info][gc,reloc    ] GC(11) Medium Pages: 1 / 32M, Empty: 32M, Relocated: 0M, In-Place: 0
[32.431s][info][gc,reloc    ] GC(11) Large Pages: 4 / 24M, Empty: 12M, Relocated: 0M, In-Place: 0
[32.431s][info][gc,reloc    ] GC(11) Forwarding Usage: 0M
[32.431s][info][gc,heap     ] GC(11) Min Capacity: 8192M(100%)
[32.431s][info][gc,heap     ] GC(11) Max Capacity: 8192M(100%)
[32.431s][info][gc,heap     ] GC(11) Soft Max Capacity: 8192M(100%)
[32.431s][info][gc,heap     ] GC(11)                Mark Start          Mark End        Relocate Start      Relocate End           High               Low         
[32.431s][info][gc,heap     ] GC(11)  Capacity:     8192M (100%)       8192M (100%)       8192M (100%)       8192M (100%)       8192M (100%)       8192M (100%)   
[32.431s][info][gc,heap     ] GC(11)      Free:     5076M (62%)        5076M (62%)        8162M (100%)       8172M (100%)       8172M (100%)       5076M (62%)    
[32.431s][info][gc,heap     ] GC(11)      Used:     3116M (38%)        3116M (38%)          30M (0%)           20M (0%)         3116M (38%)          20M (0%)     
[32.431s][info][gc,heap     ] GC(11)      Live:         -                16M (0%)           16M (0%)           16M (0%)             -                  -          
[32.431s][info][gc,heap     ] GC(11) Allocated:         -                 0M (0%)            0M (0%)            0M (0%)             -                  -          
[32.431s][info][gc,heap     ] GC(11)   Garbage:         -              3099M (38%)          13M (0%)            3M (0%)             -                  -          
[32.431s][info][gc,heap     ] GC(11) Reclaimed:         -                  -              3086M (38%)        3096M (38%)            -                  -          
[32.431s][info][gc          ] GC(11) Garbage Collection (System.gc()) 3116M(38%)->20M(0%)
[35.274s][info][gc,start    ] GC(12) Garbage Collection (Allocation Rate)
[35.274s][info][gc,task     ] GC(12) Using 1 workers
[35.274s][info][gc,phases   ] GC(12) Pause Mark Start 0.006ms
[35.315s][info][gc,phases   ] GC(12) Concurrent Mark 33.330ms
[35.316s][info][gc,phases   ] GC(12) Pause Mark End 0.012ms
[35.317s][info][gc,phases   ] GC(12) Concurrent Mark Free 0.001ms
[35.321s][info][gc,phases   ] GC(12) Concurrent Process Non-Strong References 4.092ms
[35.321s][info][gc,phases   ] GC(12) Concurrent Reset Relocation Set 0.001ms
[35.324s][info][gc,phases   ] GC(12) Concurrent Select Relocation Set 2.550ms
[35.324s][info][gc,phases   ] GC(12) Pause Relocate Start 0.010ms
[35.336s][info][gc,phases   ] GC(12) Concurrent Relocate 4.512ms
[35.336s][info][gc,load     ] GC(12) Load: 0.00/0.00/0.00
[35.336s][info][gc,mmu      ] GC(12) MMU: 2ms/98.5%, 5ms/99.4%, 10ms/99.7%, 20ms/99.8%, 50ms/99.9%, 100ms/99.9%
[35.336s][info][gc,marking  ] GC(12) Mark: 1 stripe(s), 2 proactive flush(es), 1 terminate flush(es), 0 completion(s), 0 continuation(s) 
[35.336s][info][gc,marking  ] GC(12) Mark Stack Usage: 32M
[35.336s][info][gc,nmethod  ] GC(12) NMethods: 1557 registered, 0 unregistered
[35.336s][info][gc,metaspace] GC(12) Metaspace: 6M used, 6M committed, 1088M reserved
[35.336s][info][gc,ref      ] GC(12) Soft: 248 encountered, 0 discovered, 0 enqueued
[35.336s][info][gc,ref      ] GC(12) Weak: 442 encountered, 193 discovered, 0 enqueued
[35.336s][info][gc,ref      ] GC(12) Final: 9 encountered, 7 discovered, 0 enqueued
[35.336s][info][gc,ref      ] GC(12) Phantom: 21 encountered, 12 discovered, 0 enqueued
[35.336s][info][gc,reloc    ] GC(12) Small Pages: 3684 / 7368M, Empty: 7196M, Relocated: 5M, In-Place: 0
[35.336s][info][gc,reloc    ] GC(12) Medium Pages: 0 / 0M, Empty: 0M, Relocated: 0M, In-Place: 0
[35.336s][info][gc,reloc    ] GC(12) Large Pages: 2 / 12M, Empty: 0M, Relocated: 0M, In-Place: 0
[35.336s][info][gc,reloc    ] GC(12) Forwarding Usage: 1M
[35.336s][info][gc,heap     ] GC(12) Min Capacity: 8192M(100%)
[35.336s][info][gc,heap     ] GC(12) Max Capacity: 8192M(100%)
[35.336s][info][gc,heap     ] GC(12) Soft Max Capacity: 8192M(100%)
[35.336s][info][gc,heap     ] GC(12)                Mark Start          Mark End        Relocate Start      Relocate End           High               Low         
[35.336s][info][gc,heap     ] GC(12)  Capacity:     8192M (100%)       8192M (100%)       8192M (100%)       8192M (100%)       8192M (100%)       8192M (100%)   
[35.336s][info][gc,heap     ] GC(12)      Free:      812M (10%)         718M (9%)         7896M (96%)        8042M (98%)        8044M (98%)         704M (9%)     
[35.336s][info][gc,heap     ] GC(12)      Used:     7380M (90%)        7474M (91%)         296M (4%)          150M (2%)         7488M (91%)         148M (2%)     
[35.336s][info][gc,heap     ] GC(12)      Live:         -                19M (0%)           19M (0%)           19M (0%)             -                  -          
[35.336s][info][gc,heap     ] GC(12) Allocated:         -                94M (1%)          112M (1%)          129M (2%)             -                  -          
[35.336s][info][gc,heap     ] GC(12)   Garbage:         -              7360M (90%)         164M (2%)            1M (0%)             -                  -          
[35.336s][info][gc,heap     ] GC(12) Reclaimed:         -                  -              7196M (88%)        7359M (90%)            -                  -          
[35.336s][info][gc          ] GC(12) Garbage Collection (Allocation Rate) 7380M(90%)->150M(2%)
[39.472s][info][gc,start    ] GC(13) Garbage Collection (Proactive)
[39.472s][info][gc,task     ] GC(13) Using 2 workers
[39.472s][info][gc,phases   ] GC(13) Pause Mark Start 0.010ms
[39.503s][info][gc,phases   ] GC(13) Concurrent Mark 20.091ms
[39.503s][info][gc,phases   ] GC(13) Pause Mark End 0.015ms
[39.517s][info][gc,phases   ] GC(13) Concurrent Mark Free 0.001ms
[39.519s][info][gc,phases   ] GC(13) Concurrent Process Non-Strong References 1.543ms
[39.519s][info][gc,phases   ] GC(13) Concurrent Reset Relocation Set 0.006ms
[39.521s][info][gc,phases   ] GC(13) Concurrent Select Relocation Set 1.897ms
[39.521s][info][gc,phases   ] GC(13) Pause Relocate Start 0.011ms
[39.537s][info][gc,phases   ] GC(13) Concurrent Relocate 2.119ms
[39.537s][info][gc,load     ] GC(13) Load: 0.00/0.00/0.00
[39.537s][info][gc,mmu      ] GC(13) MMU: 2ms/98.5%, 5ms/99.4%, 10ms/99.7%, 20ms/99.8%, 50ms/99.9%, 100ms/99.9%
[39.537s][info][gc,marking  ] GC(13) Mark: 2 stripe(s), 2 proactive flush(es), 1 terminate flush(es), 0 completion(s), 0 continuation(s) 
[39.537s][info][gc,marking  ] GC(13) Mark Stack Usage: 32M
[39.537s][info][gc,nmethod  ] GC(13) NMethods: 1557 registered, 0 unregistered
[39.537s][info][gc,metaspace] GC(13) Metaspace: 6M used, 6M committed, 1088M reserved
[39.537s][info][gc,ref      ] GC(13) Soft: 248 encountered, 0 discovered, 0 enqueued
[39.537s][info][gc,ref      ] GC(13) Weak: 442 encountered, 108 discovered, 0 enqueued
[39.537s][info][gc,ref      ] GC(13) Final: 9 encountered, 8 discovered, 0 enqueued
[39.537s][info][gc,ref      ] GC(13) Phantom: 21 encountered, 14 discovered, 0 enqueued
[39.537s][info][gc,reloc    ] GC(13) Small Pages: 3133 / 6266M, Empty: 6124M, Relocated: 3M, In-Place: 0
[39.537s][info][gc,reloc    ] GC(13) Medium Pages: 0 / 0M, Empty: 0M, Relocated: 0M, In-Place: 0
[39.537s][info][gc,reloc    ] GC(13) Large Pages: 2 / 12M, Empty: 0M, Relocated: 0M, In-Place: 0
[39.537s][info][gc,reloc    ] GC(13) Forwarding Usage: 1M
[39.537s][info][gc,heap     ] GC(13) Min Capacity: 8192M(100%)
[39.537s][info][gc,heap     ] GC(13) Max Capacity: 8192M(100%)
[39.537s][info][gc,heap     ] GC(13) Soft Max Capacity: 8192M(100%)
[39.537s][info][gc,heap     ] GC(13)                Mark Start          Mark End        Relocate Start      Relocate End           High               Low         
[39.537s][info][gc,heap     ] GC(13)  Capacity:     8192M (100%)       8192M (100%)       8192M (100%)       8192M (100%)       8192M (100%)       8192M (100%)   
[39.537s][info][gc,heap     ] GC(13)      Free:     1914M (23%)        1858M (23%)        7958M (97%)        8062M (98%)        8062M (98%)        1836M (22%)    
[39.537s][info][gc,heap     ] GC(13)      Used:     6278M (77%)        6334M (77%)         234M (3%)          130M (2%)         6356M (78%)         130M (2%)     
[39.537s][info][gc,heap     ] GC(13)      Live:         -                19M (0%)           19M (0%)           19M (0%)             -                  -          
[39.537s][info][gc,heap     ] GC(13) Allocated:         -                56M (1%)           80M (1%)          107M (1%)             -                  -          
[39.537s][info][gc,heap     ] GC(13)   Garbage:         -              6258M (76%)         134M (2%)            3M (0%)             -                  -          
[39.537s][info][gc,heap     ] GC(13) Reclaimed:         -                  -              6124M (75%)        6255M (76%)            -                  -          
[39.537s][info][gc          ] GC(13) Garbage Collection (Proactive) 6278M(77%)->130M(2%)
[40.277s][info][gc,stats    ] === Garbage Collection Statistics =======================================================================================================================
[40.277s][info][gc,stats    ]                                                              Last 10s              Last 10m              Last 10h                Total
[40.277s][info][gc,stats    ]                                                              Avg / Max             Avg / Max             Avg / Max             Avg / Max
[40.277s][info][gc,stats    ]   Collector: Garbage Collection Cycle                     63.803 / 107.600      54.440 / 107.600      54.440 / 107.600      54.440 / 107.600     ms
[40.277s][info][gc,stats    ]  Contention: Mark Segment Reset Contention                     0 / 0                 0 / 0                 0 / 0                 0 / 0           ops/s
[40.277s][info][gc,stats    ]  Contention: Mark SeqNum Reset Contention                      0 / 0                 0 / 1                 0 / 1                 0 / 1           ops/s
[40.277s][info][gc,stats    ]    Critical: Allocation Stall                                  0 / 0                 0 / 0                 0 / 0                 0 / 0           ops/s
[40.277s][info][gc,stats    ]    Critical: Allocation Stall                              0.000 / 0.000         0.000 / 0.000         0.000 / 0.000         0.000 / 0.000       ms
[40.277s][info][gc,stats    ]    Critical: GC Locker Stall                                   0 / 0                 0 / 0                 0 / 0                 0 / 0           ops/s
[40.277s][info][gc,stats    ]    Critical: GC Locker Stall                               0.000 / 0.000         0.000 / 0.000         0.000 / 0.000         0.000 / 0.000       ms
[40.277s][info][gc,stats    ]    Critical: Relocation Stall                                  0 / 0                 0 / 0                 0 / 0                 0 / 0           ops/s
[40.277s][info][gc,stats    ]    Critical: Relocation Stall                              0.000 / 0.000         0.000 / 0.000         0.000 / 0.000         0.000 / 0.000       ms
[40.277s][info][gc,stats    ]      Memory: Allocation Rate                                1810 / 2764           1757 / 2764           1757 / 2764           1757 / 2764        MB/s
[40.277s][info][gc,stats    ]      Memory: Out Of Memory                                     0 / 0                 0 / 0                 0 / 0                 0 / 0           ops/s
[40.277s][info][gc,stats    ]      Memory: Page Cache Flush                                  0 / 0                 0 / 0                 0 / 0                 0 / 0           MB/s
[40.277s][info][gc,stats    ]      Memory: Page Cache Hit L1                               899 / 1382            779 / 1382            779 / 1382            779 / 1382        ops/s
[40.277s][info][gc,stats    ]      Memory: Page Cache Hit L2                                 0 / 0                 0 / 0                 0 / 0                 0 / 0           ops/s
[40.277s][info][gc,stats    ]      Memory: Page Cache Hit L3                                 5 / 51               98 / 668              98 / 668              98 / 668         ops/s
[40.277s][info][gc,stats    ]      Memory: Page Cache Miss                                   0 / 0                 0 / 1                 0 / 1                 0 / 1           ops/s
[40.277s][info][gc,stats    ]      Memory: Uncommit                                          0 / 0                 0 / 0                 0 / 0                 0 / 0           MB/s
[40.277s][info][gc,stats    ]      Memory: Undo Object Allocation Failed                     0 / 0                 0 / 0                 0 / 0                 0 / 0           ops/s
[40.277s][info][gc,stats    ]      Memory: Undo Object Allocation Succeeded                 22 / 189              11 / 189              11 / 189              11 / 189         ops/s
[40.277s][info][gc,stats    ]      Memory: Undo Page Allocation                              0 / 0                 0 / 1                 0 / 1                 0 / 1           ops/s
[40.277s][info][gc,stats    ]       Phase: Concurrent Mark                              33.686 / 65.396       28.514 / 65.396       28.514 / 65.396       28.514 / 65.396      ms
[40.277s][info][gc,stats    ]       Phase: Concurrent Mark Continue                      0.000 / 0.000         0.000 / 0.000         0.000 / 0.000         0.000 / 0.000       ms
[40.277s][info][gc,stats    ]       Phase: Concurrent Mark Free                          0.001 / 0.002         0.002 / 0.008         0.002 / 0.008         0.002 / 0.008       ms
[40.277s][info][gc,stats    ]       Phase: Concurrent Process Non-Strong References      4.701 / 11.736        7.057 / 24.943        7.057 / 24.943        7.057 / 24.943      ms
[40.277s][info][gc,stats    ]       Phase: Concurrent Relocate                           2.743 / 4.512         2.519 / 4.799         2.519 / 4.799         2.519 / 4.799       ms
[40.277s][info][gc,stats    ]       Phase: Concurrent Reset Relocation Set               0.005 / 0.007         0.005 / 0.013         0.005 / 0.013         0.005 / 0.013       ms
[40.277s][info][gc,stats    ]       Phase: Concurrent Select Relocation Set              2.168 / 2.909         2.571 / 3.698         2.571 / 3.698         2.571 / 3.698       ms
[40.277s][info][gc,stats    ]       Phase: Pause Mark End                                0.014 / 0.017         0.018 / 0.031         0.018 / 0.031         0.018 / 0.031       ms
[40.277s][info][gc,stats    ]       Phase: Pause Mark Start                              0.010 / 0.014         0.008 / 0.014         0.008 / 0.014         0.008 / 0.014       ms
[40.277s][info][gc,stats    ]       Phase: Pause Relocate Start                          0.011 / 0.013         0.010 / 0.013         0.010 / 0.013         0.010 / 0.013       ms
[40.277s][info][gc,stats    ]    Subphase: Concurrent Classes Purge                      0.089 / 0.136         0.088 / 0.149         0.088 / 0.149         0.088 / 0.149       ms
[40.277s][info][gc,stats    ]    Subphase: Concurrent Classes Unlink                     1.510 / 2.042         1.367 / 2.044         1.367 / 2.044         1.367 / 2.044       ms
[40.277s][info][gc,stats    ]    Subphase: Concurrent Mark                              25.816 / 64.769       22.638 / 64.769       22.638 / 64.769       22.638 / 64.769      ms
[40.277s][info][gc,stats    ]    Subphase: Concurrent Mark Try Flush                     6.389 / 17.959        4.684 / 19.177        4.684 / 19.177        4.684 / 19.177      ms
[40.277s][info][gc,stats    ]    Subphase: Concurrent Mark Try Terminate                 5.370 / 15.774        4.931 / 15.822        4.931 / 15.822        4.931 / 15.822      ms
[40.277s][info][gc,stats    ]    Subphase: Concurrent References Enqueue                 0.001 / 0.003         0.002 / 0.006         0.002 / 0.006         0.002 / 0.006       ms
[40.277s][info][gc,stats    ]    Subphase: Concurrent References Process                 0.059 / 0.083         0.051 / 0.083         0.051 / 0.083         0.051 / 0.083       ms
[40.277s][info][gc,stats    ]    Subphase: Concurrent Roots ClassLoaderDataGraph         0.083 / 0.208         0.100 / 0.275         0.100 / 0.275         0.100 / 0.275       ms
[40.277s][info][gc,stats    ]    Subphase: Concurrent Roots CodeCache                    0.000 / 0.000         0.000 / 0.000         0.000 / 0.000         0.000 / 0.000       ms
[40.277s][info][gc,stats    ]    Subphase: Concurrent Roots JavaThreads                  0.312 / 0.491         0.299 / 0.491         0.299 / 0.491         0.299 / 0.491       ms
[40.277s][info][gc,stats    ]    Subphase: Concurrent Roots OopStorageSet                0.020 / 0.031         0.029 / 0.086         0.029 / 0.086         0.029 / 0.086       ms
[40.277s][info][gc,stats    ]    Subphase: Concurrent Weak Roots OopStorageSet           0.200 / 0.282         0.228 / 0.563         0.228 / 0.563         0.228 / 0.563       ms
[40.277s][info][gc,stats    ]    Subphase: Pause Mark Try Complete                       0.000 / 0.000         0.000 / 0.000         0.000 / 0.000         0.000 / 0.000       ms
[40.277s][info][gc,stats    ]      System: Java Threads                                     17 / 19               17 / 20               17 / 20               17 / 20          threads
[40.277s][info][gc,stats    ] =========================================================================================================================================================
[42.933s][info][gc,start    ] GC(14) Garbage Collection (System.gc())
[42.933s][info][gc,task     ] GC(14) Using 2 workers
[42.933s][info][gc,phases   ] GC(14) Pause Mark Start 0.011ms
[42.947s][info][gc,phases   ] GC(14) Concurrent Mark 14.034ms
[42.947s][info][gc,phases   ] GC(14) Pause Mark End 0.011ms
[42.947s][info][gc,phases   ] GC(14) Concurrent Mark Free 0.001ms
[42.950s][info][gc,phases   ] GC(14) Concurrent Process Non-Strong References 2.414ms
[42.950s][info][gc,phases   ] GC(14) Concurrent Reset Relocation Set 0.025ms
[42.954s][info][gc,phases   ] GC(14) Concurrent Select Relocation Set 4.050ms
[42.954s][info][gc,phases   ] GC(14) Pause Relocate Start 0.007ms
[42.955s][info][gc,phases   ] GC(14) Concurrent Relocate 1.409ms
[42.955s][info][gc,load     ] GC(14) Load: 0.00/0.00/0.00
[42.955s][info][gc,mmu      ] GC(14) MMU: 2ms/98.5%, 5ms/99.4%, 10ms/99.7%, 20ms/99.8%, 50ms/99.9%, 100ms/99.9%
[42.955s][info][gc,marking  ] GC(14) Mark: 2 stripe(s), 1 proactive flush(es), 1 terminate flush(es), 0 completion(s), 0 continuation(s) 
[42.955s][info][gc,marking  ] GC(14) Mark Stack Usage: 32M
[42.955s][info][gc,nmethod  ] GC(14) NMethods: 1562 registered, 0 unregistered
[42.955s][info][gc,metaspace] GC(14) Metaspace: 6M used, 6M committed, 1088M reserved
[42.955s][info][gc,ref      ] GC(14) Soft: 248 encountered, 0 discovered, 0 enqueued
[42.955s][info][gc,ref      ] GC(14) Weak: 442 encountered, 285 discovered, 0 enqueued
[42.955s][info][gc,ref      ] GC(14) Final: 9 encountered, 7 discovered, 0 enqueued
[42.955s][info][gc,ref      ] GC(14) Phantom: 20 encountered, 10 discovered, 1 enqueued
[42.955s][info][gc,reloc    ] GC(14) Small Pages: 2415 / 4830M, Empty: 4812M, Relocated: 1M, In-Place: 0
[42.955s][info][gc,reloc    ] GC(14) Medium Pages: 1 / 32M, Empty: 32M, Relocated: 0M, In-Place: 0
[42.955s][info][gc,reloc    ] GC(14) Large Pages: 4 / 24M, Empty: 12M, Relocated: 0M, In-Place: 0
[42.955s][info][gc,reloc    ] GC(14) Forwarding Usage: 0M
[42.955s][info][gc,heap     ] GC(14) Min Capacity: 8192M(100%)
[42.955s][info][gc,heap     ] GC(14) Max Capacity: 8192M(100%)
[42.955s][info][gc,heap     ] GC(14) Soft Max Capacity: 8192M(100%)
[42.955s][info][gc,heap     ] GC(14)                Mark Start          Mark End        Relocate Start      Relocate End           High               Low         
[42.955s][info][gc,heap     ] GC(14)  Capacity:     8192M (100%)       8192M (100%)       8192M (100%)       8192M (100%)       8192M (100%)       8192M (100%)   
[42.955s][info][gc,heap     ] GC(14)      Free:     3306M (40%)        3306M (40%)        8162M (100%)       8172M (100%)       8172M (100%)       3306M (40%)    
[42.955s][info][gc,heap     ] GC(14)      Used:     4886M (60%)        4886M (60%)          30M (0%)           20M (0%)         4886M (60%)          20M (0%)     
[42.955s][info][gc,heap     ] GC(14)      Live:         -                16M (0%)           16M (0%)           16M (0%)             -                  -          
[42.955s][info][gc,heap     ] GC(14) Allocated:         -                 0M (0%)            0M (0%)            0M (0%)             -                  -          
[42.955s][info][gc,heap     ] GC(14)   Garbage:         -              4869M (59%)          13M (0%)            3M (0%)             -                  -          
[42.955s][info][gc,heap     ] GC(14) Reclaimed:         -                  -              4856M (59%)        4866M (59%)            -                  -          
[42.955s][info][gc          ] GC(14) Garbage Collection (System.gc()) 4886M(60%)->20M(0%)
[45.780s][info][gc,start    ] GC(15) Garbage Collection (Allocation Rate)
[45.781s][info][gc,task     ] GC(15) Using 1 workers
[45.781s][info][gc,phases   ] GC(15) Pause Mark Start 0.013ms
[45.816s][info][gc,phases   ] GC(15) Concurrent Mark 30.605ms
[45.817s][info][gc,phases   ] GC(15) Pause Mark End 0.017ms
[45.820s][info][gc,phases   ] GC(15) Concurrent Mark Free 0.002ms
[45.828s][info][gc,phases   ] GC(15) Concurrent Process Non-Strong References 8.538ms
[45.828s][info][gc,phases   ] GC(15) Concurrent Reset Relocation Set 0.002ms
[45.831s][info][gc,phases   ] GC(15) Concurrent Select Relocation Set 2.222ms
[45.831s][info][gc,phases   ] GC(15) Pause Relocate Start 0.015ms
[45.844s][info][gc,phases   ] GC(15) Concurrent Relocate 3.633ms
[45.844s][info][gc,load     ] GC(15) Load: 0.00/0.00/0.00
[45.844s][info][gc,mmu      ] GC(15) MMU: 2ms/98.5%, 5ms/99.4%, 10ms/99.7%, 20ms/99.8%, 50ms/99.9%, 100ms/99.9%
[45.844s][info][gc,marking  ] GC(15) Mark: 1 stripe(s), 2 proactive flush(es), 1 terminate flush(es), 0 completion(s), 0 continuation(s) 
[45.844s][info][gc,marking  ] GC(15) Mark Stack Usage: 32M
[45.844s][info][gc,nmethod  ] GC(15) NMethods: 1589 registered, 0 unregistered
[45.844s][info][gc,metaspace] GC(15) Metaspace: 6M used, 6M committed, 1088M reserved
[45.844s][info][gc,ref      ] GC(15) Soft: 248 encountered, 0 discovered, 0 enqueued
[45.844s][info][gc,ref      ] GC(15) Weak: 442 encountered, 193 discovered, 0 enqueued
[45.844s][info][gc,ref      ] GC(15) Final: 9 encountered, 7 discovered, 0 enqueued
[45.844s][info][gc,ref      ] GC(15) Phantom: 21 encountered, 12 discovered, 0 enqueued
[45.844s][info][gc,reloc    ] GC(15) Small Pages: 3721 / 7442M, Empty: 7204M, Relocated: 3M, In-Place: 0
[45.844s][info][gc,reloc    ] GC(15) Medium Pages: 0 / 0M, Empty: 0M, Relocated: 0M, In-Place: 0
[45.844s][info][gc,reloc    ] GC(15) Large Pages: 2 / 12M, Empty: 0M, Relocated: 0M, In-Place: 0
[45.844s][info][gc,reloc    ] GC(15) Forwarding Usage: 1M
[45.844s][info][gc,heap     ] GC(15) Min Capacity: 8192M(100%)
[45.844s][info][gc,heap     ] GC(15) Max Capacity: 8192M(100%)
[45.844s][info][gc,heap     ] GC(15) Soft Max Capacity: 8192M(100%)
[45.844s][info][gc,heap     ] GC(15)                Mark Start          Mark End        Relocate Start      Relocate End           High               Low         
[45.844s][info][gc,heap     ] GC(15)  Capacity:     8192M (100%)       8192M (100%)       8192M (100%)       8192M (100%)       8192M (100%)       8192M (100%)   
[45.844s][info][gc,heap     ] GC(15)      Free:      738M (9%)          656M (8%)         7834M (96%)        8044M (98%)        8044M (98%)         634M (8%)     
[45.844s][info][gc,heap     ] GC(15)      Used:     7454M (91%)        7536M (92%)         358M (4%)          148M (2%)         7558M (92%)         148M (2%)     
[45.844s][info][gc,heap     ] GC(15)      Live:         -                19M (0%)           19M (0%)           19M (0%)             -                  -          
[45.844s][info][gc,heap     ] GC(15) Allocated:         -                82M (1%)          108M (1%)          125M (2%)             -                  -          
[45.844s][info][gc,heap     ] GC(15)   Garbage:         -              7434M (91%)         230M (3%)            3M (0%)             -                  -          
[45.844s][info][gc,heap     ] GC(15) Reclaimed:         -                  -              7204M (88%)        7431M (91%)            -                  -          
[45.844s][info][gc          ] GC(15) Garbage Collection (Allocation Rate) 7454M(91%)->148M(2%)
[49.773s][info][gc,start    ] GC(16) Garbage Collection (Proactive)
[49.773s][info][gc,task     ] GC(16) Using 2 workers
[49.773s][info][gc,phases   ] GC(16) Pause Mark Start 0.007ms
[49.835s][info][gc,phases   ] GC(16) Concurrent Mark 52.866ms
[49.836s][info][gc,phases   ] GC(16) Pause Mark End 0.022ms
[49.837s][info][gc,phases   ] GC(16) Concurrent Mark Free 0.001ms
[49.851s][info][gc,phases   ] GC(16) Concurrent Process Non-Strong References 13.874ms
[49.851s][info][gc,phases   ] GC(16) Concurrent Reset Relocation Set 0.008ms
[49.854s][info][gc,phases   ] GC(16) Concurrent Select Relocation Set 2.540ms
[49.854s][info][gc,phases   ] GC(16) Pause Relocate Start 0.012ms
[49.859s][info][gc,phases   ] GC(16) Concurrent Relocate 1.568ms
[49.859s][info][gc,load     ] GC(16) Load: 0.00/0.00/0.00
[49.859s][info][gc,mmu      ] GC(16) MMU: 2ms/98.5%, 5ms/99.4%, 10ms/99.7%, 20ms/99.8%, 50ms/99.9%, 100ms/99.9%
[49.859s][info][gc,marking  ] GC(16) Mark: 2 stripe(s), 2 proactive flush(es), 1 terminate flush(es), 0 completion(s), 0 continuation(s) 
[49.859s][info][gc,marking  ] GC(16) Mark Stack Usage: 32M
[49.859s][info][gc,nmethod  ] GC(16) NMethods: 1589 registered, 0 unregistered
[49.859s][info][gc,metaspace] GC(16) Metaspace: 6M used, 6M committed, 1088M reserved
[49.859s][info][gc,ref      ] GC(16) Soft: 248 encountered, 0 discovered, 0 enqueued
[49.859s][info][gc,ref      ] GC(16) Weak: 442 encountered, 250 discovered, 0 enqueued
[49.859s][info][gc,ref      ] GC(16) Final: 9 encountered, 6 discovered, 0 enqueued
[49.859s][info][gc,ref      ] GC(16) Phantom: 21 encountered, 13 discovered, 0 enqueued
[49.859s][info][gc,reloc    ] GC(16) Small Pages: 2507 / 5014M, Empty: 4868M, Relocated: 3M, In-Place: 0
[49.859s][info][gc,reloc    ] GC(16) Medium Pages: 0 / 0M, Empty: 0M, Relocated: 0M, In-Place: 0
[49.859s][info][gc,reloc    ] GC(16) Large Pages: 2 / 12M, Empty: 0M, Relocated: 0M, In-Place: 0
[49.859s][info][gc,reloc    ] GC(16) Forwarding Usage: 1M
[49.859s][info][gc,heap     ] GC(16) Min Capacity: 8192M(100%)
[49.859s][info][gc,heap     ] GC(16) Max Capacity: 8192M(100%)
[49.859s][info][gc,heap     ] GC(16) Soft Max Capacity: 8192M(100%)
[49.859s][info][gc,heap     ] GC(16)                Mark Start          Mark End        Relocate Start      Relocate End           High               Low         
[49.859s][info][gc,heap     ] GC(16)  Capacity:     8192M (100%)       8192M (100%)       8192M (100%)       8192M (100%)       8192M (100%)       8192M (100%)   
[49.859s][info][gc,heap     ] GC(16)      Free:     3166M (39%)        3102M (38%)        7952M (97%)        8084M (99%)        8084M (99%)        3088M (38%)    
[49.859s][info][gc,heap     ] GC(16)      Used:     5026M (61%)        5090M (62%)         240M (3%)          108M (1%)         5104M (62%)         108M (1%)     
[49.859s][info][gc,heap     ] GC(16)      Live:         -                19M (0%)           19M (0%)           19M (0%)             -                  -          
[49.859s][info][gc,heap     ] GC(16) Allocated:         -                64M (1%)           82M (1%)           85M (1%)             -                  -          
[49.859s][info][gc,heap     ] GC(16)   Garbage:         -              5006M (61%)         138M (2%)            3M (0%)             -                  -          
[49.859s][info][gc,heap     ] GC(16) Reclaimed:         -                  -              4868M (59%)        5003M (61%)            -                  -          
[49.859s][info][gc          ] GC(16) Garbage Collection (Proactive) 5026M(61%)->108M(1%)
[50.277s][info][gc,stats    ] === Garbage Collection Statistics =======================================================================================================================
[50.277s][info][gc,stats    ]                                                              Last 10s              Last 10m              Last 10h                Total
[50.277s][info][gc,stats    ]                                                              Avg / Max             Avg / Max             Avg / Max             Avg / Max
[50.277s][info][gc,stats    ]   Collector: Garbage Collection Cycle                     57.596 / 86.400       54.997 / 107.600      54.997 / 107.600      54.997 / 107.600     ms
[50.277s][info][gc,stats    ]  Contention: Mark Segment Reset Contention                     0 / 4                 0 / 4                 0 / 4                 0 / 4           ops/s
[50.277s][info][gc,stats    ]  Contention: Mark SeqNum Reset Contention                      0 / 0                 0 / 1                 0 / 1                 0 / 1           ops/s
[50.277s][info][gc,stats    ]    Critical: Allocation Stall                                  0 / 0                 0 / 0                 0 / 0                 0 / 0           ops/s
[50.277s][info][gc,stats    ]    Critical: Allocation Stall                              0.000 / 0.000         0.000 / 0.000         0.000 / 0.000         0.000 / 0.000       ms
[50.277s][info][gc,stats    ]    Critical: GC Locker Stall                                   0 / 0                 0 / 0                 0 / 0                 0 / 0           ops/s
[50.277s][info][gc,stats    ]    Critical: GC Locker Stall                               0.000 / 0.000         0.000 / 0.000         0.000 / 0.000         0.000 / 0.000       ms
[50.277s][info][gc,stats    ]    Critical: Relocation Stall                                  0 / 0                 0 / 0                 0 / 0                 0 / 0           ops/s
[50.277s][info][gc,stats    ]    Critical: Relocation Stall                              0.000 / 0.000         0.000 / 0.000         0.000 / 0.000         0.000 / 0.000       ms
[50.277s][info][gc,stats    ]      Memory: Allocation Rate                                1676 / 2620           1740 / 2764           1740 / 2764           1740 / 2764        MB/s
[50.277s][info][gc,stats    ]      Memory: Out Of Memory                                     0 / 0                 0 / 0                 0 / 0                 0 / 0           ops/s
[50.277s][info][gc,stats    ]      Memory: Page Cache Flush                                  0 / 0                 0 / 0                 0 / 0                 0 / 0           MB/s
[50.277s][info][gc,stats    ]      Memory: Page Cache Hit L1                               836 / 1310            790 / 1382            790 / 1382            790 / 1382        ops/s
[50.277s][info][gc,stats    ]      Memory: Page Cache Hit L2                                 0 / 0                 0 / 0                 0 / 0                 0 / 0           ops/s
[50.277s][info][gc,stats    ]      Memory: Page Cache Hit L3                                 0 / 0                78 / 668              78 / 668              78 / 668         ops/s
[50.277s][info][gc,stats    ]      Memory: Page Cache Miss                                   0 / 0                 0 / 1                 0 / 1                 0 / 1           ops/s
[50.277s][info][gc,stats    ]      Memory: Uncommit                                          0 / 0                 0 / 0                 0 / 0                 0 / 0           MB/s
[50.277s][info][gc,stats    ]      Memory: Undo Object Allocation Failed                     0 / 0                 0 / 0                 0 / 0                 0 / 0           ops/s
[50.277s][info][gc,stats    ]      Memory: Undo Object Allocation Succeeded                 15 / 139              12 / 189              12 / 189              12 / 189         ops/s
[50.277s][info][gc,stats    ]      Memory: Undo Page Allocation                              0 / 0                 0 / 1                 0 / 1                 0 / 1           ops/s
[50.277s][info][gc,stats    ]       Phase: Concurrent Mark                              32.502 / 52.866       29.218 / 65.396       29.218 / 65.396       29.218 / 65.396      ms
[50.277s][info][gc,stats    ]       Phase: Concurrent Mark Continue                      0.000 / 0.000         0.000 / 0.000         0.000 / 0.000         0.000 / 0.000       ms
[50.277s][info][gc,stats    ]       Phase: Concurrent Mark Free                          0.001 / 0.002         0.002 / 0.008         0.002 / 0.008         0.002 / 0.008       ms
[50.277s][info][gc,stats    ]       Phase: Concurrent Process Non-Strong References      8.275 / 13.874        7.272 / 24.943        7.272 / 24.943        7.272 / 24.943      ms
[50.277s][info][gc,stats    ]       Phase: Concurrent Relocate                           2.204 / 3.633         2.464 / 4.799         2.464 / 4.799         2.464 / 4.799       ms
[50.277s][info][gc,stats    ]       Phase: Concurrent Reset Relocation Set               0.012 / 0.025         0.006 / 0.025         0.006 / 0.025         0.006 / 0.025       ms
[50.277s][info][gc,stats    ]       Phase: Concurrent Select Relocation Set              2.937 / 4.050         2.636 / 4.050         2.636 / 4.050         2.636 / 4.050       ms
[50.277s][info][gc,stats    ]       Phase: Pause Mark End                                0.017 / 0.022         0.018 / 0.031         0.018 / 0.031         0.018 / 0.031       ms
[50.277s][info][gc,stats    ]       Phase: Pause Mark Start                              0.010 / 0.013         0.009 / 0.014         0.009 / 0.014         0.009 / 0.014       ms
[50.277s][info][gc,stats    ]       Phase: Pause Relocate Start                          0.011 / 0.015         0.010 / 0.015         0.010 / 0.015         0.010 / 0.015       ms
[50.277s][info][gc,stats    ]    Subphase: Concurrent Classes Purge                      0.107 / 0.132         0.091 / 0.149         0.091 / 0.149         0.091 / 0.149       ms
[50.277s][info][gc,stats    ]    Subphase: Concurrent Classes Unlink                     1.592 / 2.043         1.407 / 2.044         1.407 / 2.044         1.407 / 2.044       ms
[50.277s][info][gc,stats    ]    Subphase: Concurrent Mark                              27.299 / 52.509       23.470 / 64.769       23.470 / 64.769       23.470 / 64.769      ms
[50.277s][info][gc,stats    ]    Subphase: Concurrent Mark Try Flush                     5.780 / 13.724        4.863 / 19.177        4.863 / 19.177        4.863 / 19.177      ms
[50.277s][info][gc,stats    ]    Subphase: Concurrent Mark Try Terminate                 7.308 / 15.767        5.388 / 15.822        5.388 / 15.822        5.388 / 15.822      ms
[50.277s][info][gc,stats    ]    Subphase: Concurrent References Enqueue                 0.002 / 0.006         0.002 / 0.006         0.002 / 0.006         0.002 / 0.006       ms
[50.277s][info][gc,stats    ]    Subphase: Concurrent References Process                 0.111 / 0.201         0.061 / 0.201         0.061 / 0.201         0.061 / 0.201       ms
[50.277s][info][gc,stats    ]    Subphase: Concurrent Roots ClassLoaderDataGraph         0.067 / 0.134         0.094 / 0.275         0.094 / 0.275         0.094 / 0.275       ms
[50.277s][info][gc,stats    ]    Subphase: Concurrent Roots CodeCache                    0.000 / 0.000         0.000 / 0.000         0.000 / 0.000         0.000 / 0.000       ms
[50.277s][info][gc,stats    ]    Subphase: Concurrent Roots JavaThreads                  0.273 / 0.477         0.295 / 0.491         0.295 / 0.491         0.295 / 0.491       ms
[50.277s][info][gc,stats    ]    Subphase: Concurrent Roots OopStorageSet                0.013 / 0.018         0.026 / 0.086         0.026 / 0.086         0.026 / 0.086       ms
[50.277s][info][gc,stats    ]    Subphase: Concurrent Weak Roots OopStorageSet           0.197 / 0.285         0.222 / 0.563         0.222 / 0.563         0.222 / 0.563       ms
[50.277s][info][gc,stats    ]    Subphase: Pause Mark Try Complete                       0.000 / 0.000         0.000 / 0.000         0.000 / 0.000         0.000 / 0.000       ms
[50.277s][info][gc,stats    ]      System: Java Threads                                     17 / 19               17 / 20               17 / 20               17 / 20          threads
[50.277s][info][gc,stats    ] =========================================================================================================================================================
[54.273s][info][gc,start    ] GC(17) Garbage Collection (System.gc())
[54.273s][info][gc,task     ] GC(17) Using 2 workers
[54.273s][info][gc,phases   ] GC(17) Pause Mark Start 0.014ms
[54.287s][info][gc,phases   ] GC(17) Concurrent Mark 14.307ms
[54.288s][info][gc,phases   ] GC(17) Pause Mark End 0.011ms
[54.288s][info][gc,phases   ] GC(17) Concurrent Mark Free 0.002ms
[54.290s][info][gc,phases   ] GC(17) Concurrent Process Non-Strong References 2.185ms
[54.290s][info][gc,phases   ] GC(17) Concurrent Reset Relocation Set 0.009ms
[54.292s][info][gc,phases   ] GC(17) Concurrent Select Relocation Set 1.846ms
[54.292s][info][gc,phases   ] GC(17) Pause Relocate Start 0.007ms
[54.293s][info][gc,phases   ] GC(17) Concurrent Relocate 0.555ms
[54.293s][info][gc,load     ] GC(17) Load: 0.00/0.00/0.00
[54.293s][info][gc,mmu      ] GC(17) MMU: 2ms/98.5%, 5ms/99.4%, 10ms/99.7%, 20ms/99.8%, 50ms/99.9%, 100ms/99.9%
[54.293s][info][gc,marking  ] GC(17) Mark: 2 stripe(s), 1 proactive flush(es), 1 terminate flush(es), 0 completion(s), 0 continuation(s) 
[54.293s][info][gc,marking  ] GC(17) Mark Stack Usage: 32M
[54.293s][info][gc,nmethod  ] GC(17) NMethods: 1602 registered, 0 unregistered
[54.293s][info][gc,metaspace] GC(17) Metaspace: 6M used, 6M committed, 1088M reserved
[54.293s][info][gc,ref      ] GC(17) Soft: 248 encountered, 0 discovered, 0 enqueued
[54.293s][info][gc,ref      ] GC(17) Weak: 442 encountered, 128 discovered, 0 enqueued
[54.293s][info][gc,ref      ] GC(17) Final: 9 encountered, 8 discovered, 0 enqueued
[54.293s][info][gc,ref      ] GC(17) Phantom: 20 encountered, 13 discovered, 1 enqueued
[54.293s][info][gc,reloc    ] GC(17) Small Pages: 3007 / 6014M, Empty: 5994M, Relocated: 1M, In-Place: 0
[54.293s][info][gc,reloc    ] GC(17) Medium Pages: 1 / 32M, Empty: 32M, Relocated: 0M, In-Place: 0
[54.293s][info][gc,reloc    ] GC(17) Large Pages: 4 / 24M, Empty: 12M, Relocated: 0M, In-Place: 0
[54.293s][info][gc,reloc    ] GC(17) Forwarding Usage: 0M
[54.293s][info][gc,heap     ] GC(17) Min Capacity: 8192M(100%)
[54.293s][info][gc,heap     ] GC(17) Max Capacity: 8192M(100%)
[54.293s][info][gc,heap     ] GC(17) Soft Max Capacity: 8192M(100%)
[54.293s][info][gc,heap     ] GC(17)                Mark Start          Mark End        Relocate Start      Relocate End           High               Low         
[54.293s][info][gc,heap     ] GC(17)  Capacity:     8192M (100%)       8192M (100%)       8192M (100%)       8192M (100%)       8192M (100%)       8192M (100%)   
[54.293s][info][gc,heap     ] GC(17)      Free:     2122M (26%)        2122M (26%)        8160M (100%)       8172M (100%)       8172M (100%)       2122M (26%)    
[54.293s][info][gc,heap     ] GC(17)      Used:     6070M (74%)        6070M (74%)          32M (0%)           20M (0%)         6070M (74%)          20M (0%)     
[54.293s][info][gc,heap     ] GC(17)      Live:         -                16M (0%)           16M (0%)           16M (0%)             -                  -          
[54.293s][info][gc,heap     ] GC(17) Allocated:         -                 0M (0%)            0M (0%)            0M (0%)             -                  -          
[54.293s][info][gc,heap     ] GC(17)   Garbage:         -              6053M (74%)          15M (0%)            3M (0%)             -                  -          
[54.293s][info][gc,heap     ] GC(17) Reclaimed:         -                  -              6038M (74%)        6050M (74%)            -                  -          
[54.293s][info][gc          ] GC(17) Garbage Collection (System.gc()) 6070M(74%)->20M(0%)
[57.069s][info][gc,start    ] GC(18) Garbage Collection (Allocation Rate)
[57.069s][info][gc,task     ] GC(18) Using 1 workers
[57.069s][info][gc,phases   ] GC(18) Pause Mark Start 0.012ms
[57.114s][info][gc,phases   ] GC(18) Concurrent Mark 34.919ms
[57.114s][info][gc,phases   ] GC(18) Pause Mark End 0.017ms
[57.116s][info][gc,phases   ] GC(18) Concurrent Mark Free 0.001ms
[57.128s][info][gc,phases   ] GC(18) Concurrent Process Non-Strong References 11.929ms
[57.128s][info][gc,phases   ] GC(18) Concurrent Reset Relocation Set 0.001ms
[57.130s][info][gc,phases   ] GC(18) Concurrent Select Relocation Set 2.402ms
[57.130s][info][gc,phases   ] GC(18) Pause Relocate Start 0.013ms
[57.137s][info][gc,phases   ] GC(18) Concurrent Relocate 4.840ms
[57.137s][info][gc,load     ] GC(18) Load: 0.00/0.00/0.00
[57.137s][info][gc,mmu      ] GC(18) MMU: 2ms/98.5%, 5ms/99.4%, 10ms/99.7%, 20ms/99.8%, 50ms/99.9%, 100ms/99.9%
[57.137s][info][gc,marking  ] GC(18) Mark: 1 stripe(s), 2 proactive flush(es), 1 terminate flush(es), 0 completion(s), 0 continuation(s) 
[57.137s][info][gc,marking  ] GC(18) Mark Stack Usage: 32M
[57.137s][info][gc,nmethod  ] GC(18) NMethods: 1631 registered, 0 unregistered
[57.137s][info][gc,metaspace] GC(18) Metaspace: 6M used, 6M committed, 1088M reserved
[57.137s][info][gc,ref      ] GC(18) Soft: 248 encountered, 0 discovered, 0 enqueued
[57.137s][info][gc,ref      ] GC(18) Weak: 442 encountered, 193 discovered, 0 enqueued
[57.137s][info][gc,ref      ] GC(18) Final: 9 encountered, 7 discovered, 0 enqueued
[57.137s][info][gc,ref      ] GC(18) Phantom: 21 encountered, 12 discovered, 0 enqueued
[57.137s][info][gc,reloc    ] GC(18) Small Pages: 3644 / 7288M, Empty: 6994M, Relocated: 4M, In-Place: 0
[57.137s][info][gc,reloc    ] GC(18) Medium Pages: 0 / 0M, Empty: 0M, Relocated: 0M, In-Place: 0
[57.137s][info][gc,reloc    ] GC(18) Large Pages: 2 / 12M, Empty: 0M, Relocated: 0M, In-Place: 0
[57.137s][info][gc,reloc    ] GC(18) Forwarding Usage: 1M
[57.137s][info][gc,heap     ] GC(18) Min Capacity: 8192M(100%)
[57.137s][info][gc,heap     ] GC(18) Max Capacity: 8192M(100%)
[57.137s][info][gc,heap     ] GC(18) Soft Max Capacity: 8192M(100%)
[57.137s][info][gc,heap     ] GC(18)                Mark Start          Mark End        Relocate Start      Relocate End           High               Low         
[57.137s][info][gc,heap     ] GC(18)  Capacity:     8192M (100%)       8192M (100%)       8192M (100%)       8192M (100%)       8192M (100%)       8192M (100%)   
[57.137s][info][gc,heap     ] GC(18)      Free:      892M (11%)         784M (10%)        7736M (94%)        8010M (98%)        8010M (98%)         746M (9%)     
[57.137s][info][gc,heap     ] GC(18)      Used:     7300M (89%)        7408M (90%)         456M (6%)          182M (2%)         7446M (91%)         182M (2%)     
[57.137s][info][gc,heap     ] GC(18)      Live:         -                19M (0%)           19M (0%)           19M (0%)             -                  -          
[57.137s][info][gc,heap     ] GC(18) Allocated:         -               108M (1%)          150M (2%)          161M (2%)             -                  -          
[57.137s][info][gc,heap     ] GC(18)   Garbage:         -              7280M (89%)         286M (3%)            1M (0%)             -                  -          
[57.137s][info][gc,heap     ] GC(18) Reclaimed:         -                  -              6994M (85%)        7279M (89%)            -                  -          
[57.137s][info][gc          ] GC(18) Garbage Collection (Allocation Rate) 7300M(89%)->182M(2%)
[60.273s][info][gc,stats    ] === Garbage Collection Statistics =======================================================================================================================
[60.273s][info][gc,stats    ]                                                              Last 10s              Last 10m              Last 10h                Total
[60.273s][info][gc,stats    ]                                                              Avg / Max             Avg / Max             Avg / Max             Avg / Max
[60.273s][info][gc,stats    ]   Collector: Garbage Collection Cycle                     44.023 / 68.418       53.842 / 107.600      53.842 / 107.600      53.842 / 107.600     ms
[60.273s][info][gc,stats    ]  Contention: Mark Segment Reset Contention                     0 / 0                 0 / 4                 0 / 4                 0 / 4           ops/s
[60.273s][info][gc,stats    ]  Contention: Mark SeqNum Reset Contention                      0 / 0                 0 / 1                 0 / 1                 0 / 1           ops/s
[60.273s][info][gc,stats    ]    Critical: Allocation Stall                                  0 / 0                 0 / 0                 0 / 0                 0 / 0           ops/s
[60.273s][info][gc,stats    ]    Critical: Allocation Stall                              0.000 / 0.000         0.000 / 0.000         0.000 / 0.000         0.000 / 0.000       ms
[60.273s][info][gc,stats    ]    Critical: GC Locker Stall                                   0 / 0                 0 / 0                 0 / 0                 0 / 0           ops/s
[60.273s][info][gc,stats    ]    Critical: GC Locker Stall                               0.000 / 0.000         0.000 / 0.000         0.000 / 0.000         0.000 / 0.000       ms
[60.273s][info][gc,stats    ]    Critical: Relocation Stall                                  0 / 0                 0 / 0                 0 / 0                 0 / 0           ops/s
[60.273s][info][gc,stats    ]    Critical: Relocation Stall                              0.000 / 0.000         0.000 / 0.000         0.000 / 0.000         0.000 / 0.000       ms
[60.273s][info][gc,stats    ]      Memory: Allocation Rate                                1713 / 2650           1736 / 2764           1736 / 2764           1736 / 2764        MB/s
[60.273s][info][gc,stats    ]      Memory: Out Of Memory                                     0 / 0                 0 / 0                 0 / 0                 0 / 0           ops/s
[60.273s][info][gc,stats    ]      Memory: Page Cache Flush                                  0 / 0                 0 / 0                 0 / 0                 0 / 0           MB/s
[60.273s][info][gc,stats    ]      Memory: Page Cache Hit L1                               855 / 1327            801 / 1382            801 / 1382            801 / 1382        ops/s
[60.273s][info][gc,stats    ]      Memory: Page Cache Hit L2                                 0 / 0                 0 / 0                 0 / 0                 0 / 0           ops/s
[60.273s][info][gc,stats    ]      Memory: Page Cache Hit L3                                 0 / 0                65 / 668              65 / 668              65 / 668         ops/s
[60.273s][info][gc,stats    ]      Memory: Page Cache Miss                                   0 / 0                 0 / 1                 0 / 1                 0 / 1           ops/s
[60.273s][info][gc,stats    ]      Memory: Uncommit                                          0 / 0                 0 / 0                 0 / 0                 0 / 0           MB/s
[60.274s][info][gc,stats    ]      Memory: Undo Object Allocation Failed                     0 / 0                 0 / 0                 0 / 0                 0 / 0           ops/s
[60.274s][info][gc,stats    ]      Memory: Undo Object Allocation Succeeded                  6 / 66               11 / 189              11 / 189              11 / 189         ops/s
[60.274s][info][gc,stats    ]      Memory: Undo Page Allocation                              0 / 0                 0 / 1                 0 / 1                 0 / 1           ops/s
[60.274s][info][gc,stats    ]       Phase: Concurrent Mark                              24.613 / 34.919       28.733 / 65.396       28.733 / 65.396       28.733 / 65.396      ms
[60.274s][info][gc,stats    ]       Phase: Concurrent Mark Continue                      0.000 / 0.000         0.000 / 0.000         0.000 / 0.000         0.000 / 0.000       ms
[60.274s][info][gc,stats    ]       Phase: Concurrent Mark Free                          0.001 / 0.002         0.002 / 0.008         0.002 / 0.008         0.002 / 0.008       ms
[60.274s][info][gc,stats    ]       Phase: Concurrent Process Non-Strong References      7.057 / 11.929        7.249 / 24.943        7.249 / 24.943        7.249 / 24.943      ms
[60.274s][info][gc,stats    ]       Phase: Concurrent Relocate                           2.698 / 4.840         2.488 / 4.840         2.488 / 4.840         2.488 / 4.840       ms
[60.274s][info][gc,stats    ]       Phase: Concurrent Reset Relocation Set               0.005 / 0.009         0.006 / 0.025         0.006 / 0.025         0.006 / 0.025       ms
[60.274s][info][gc,stats    ]       Phase: Concurrent Select Relocation Set              2.124 / 2.402         2.582 / 4.050         2.582 / 4.050         2.582 / 4.050       ms
[60.274s][info][gc,stats    ]       Phase: Pause Mark End                                0.014 / 0.017         0.017 / 0.031         0.017 / 0.031         0.017 / 0.031       ms
[60.274s][info][gc,stats    ]       Phase: Pause Mark Start                              0.013 / 0.014         0.009 / 0.014         0.009 / 0.014         0.009 / 0.014       ms
[60.274s][info][gc,stats    ]       Phase: Pause Relocate Start                          0.010 / 0.013         0.010 / 0.015         0.010 / 0.015         0.010 / 0.015       ms
[60.274s][info][gc,stats    ]    Subphase: Concurrent Classes Purge                      0.126 / 0.128         0.095 / 0.149         0.095 / 0.149         0.095 / 0.149       ms
[60.274s][info][gc,stats    ]    Subphase: Concurrent Classes Unlink                     1.971 / 2.273         1.466 / 2.273         1.466 / 2.273         1.466 / 2.273       ms
[60.274s][info][gc,stats    ]    Subphase: Concurrent Mark                              16.811 / 34.201       22.826 / 64.769       22.826 / 64.769       22.826 / 64.769      ms
[60.274s][info][gc,stats    ]    Subphase: Concurrent Mark Try Flush                     2.475 / 7.755         4.642 / 19.177        4.642 / 19.177        4.642 / 19.177      ms
[60.274s][info][gc,stats    ]    Subphase: Concurrent Mark Try Terminate                 2.806 / 11.150        5.161 / 15.822        5.161 / 15.822        5.161 / 15.822      ms
[60.274s][info][gc,stats    ]    Subphase: Concurrent References Enqueue                 0.005 / 0.010         0.002 / 0.010         0.002 / 0.010         0.002 / 0.010       ms
[60.274s][info][gc,stats    ]    Subphase: Concurrent References Process                 0.094 / 0.135         0.065 / 0.201         0.065 / 0.201         0.065 / 0.201       ms
[60.274s][info][gc,stats    ]    Subphase: Concurrent Roots ClassLoaderDataGraph         0.108 / 0.171         0.095 / 0.275         0.095 / 0.275         0.095 / 0.275       ms
[60.274s][info][gc,stats    ]    Subphase: Concurrent Roots CodeCache                    0.000 / 0.000         0.000 / 0.000         0.000 / 0.000         0.000 / 0.000       ms
[60.274s][info][gc,stats    ]    Subphase: Concurrent Roots JavaThreads                  0.396 / 0.473         0.305 / 0.491         0.305 / 0.491         0.305 / 0.491       ms
[60.274s][info][gc,stats    ]    Subphase: Concurrent Roots OopStorageSet                0.017 / 0.023         0.025 / 0.086         0.025 / 0.086         0.025 / 0.086       ms
[60.274s][info][gc,stats    ]    Subphase: Concurrent Weak Roots OopStorageSet           0.165 / 0.286         0.216 / 0.563         0.216 / 0.563         0.216 / 0.563       ms
[60.274s][info][gc,stats    ]    Subphase: Pause Mark Try Complete                       0.000 / 0.000         0.000 / 0.000         0.000 / 0.000         0.000 / 0.000       ms
[60.274s][info][gc,stats    ]      System: Java Threads                                     16 / 19               17 / 20               17 / 20               17 / 20          threads
[60.274s][info][gc,stats    ] =========================================================================================================================================================
[62.279s][info][gc,start    ] GC(19) Garbage Collection (Proactive)
[62.279s][info][gc,task     ] GC(19) Using 2 workers
[62.279s][info][gc,phases   ] GC(19) Pause Mark Start 0.010ms
[62.310s][info][gc,phases   ] GC(19) Concurrent Mark 23.298ms
[62.310s][info][gc,phases   ] GC(19) Pause Mark End 0.018ms
[62.326s][info][gc,phases   ] GC(19) Concurrent Mark Free 0.001ms
[62.335s][info][gc,phases   ] GC(19) Concurrent Process Non-Strong References 9.165ms
[62.335s][info][gc,phases   ] GC(19) Concurrent Reset Relocation Set 0.009ms
[62.337s][info][gc,phases   ] GC(19) Concurrent Select Relocation Set 1.768ms
[62.337s][info][gc,phases   ] GC(19) Pause Relocate Start 0.009ms
[62.341s][info][gc,phases   ] GC(19) Concurrent Relocate 1.598ms
[62.341s][info][gc,load     ] GC(19) Load: 0.00/0.00/0.00
[62.341s][info][gc,mmu      ] GC(19) MMU: 2ms/98.5%, 5ms/99.4%, 10ms/99.7%, 20ms/99.8%, 50ms/99.9%, 100ms/99.9%
[62.341s][info][gc,marking  ] GC(19) Mark: 2 stripe(s), 2 proactive flush(es), 1 terminate flush(es), 0 completion(s), 0 continuation(s) 
[62.341s][info][gc,marking  ] GC(19) Mark Stack Usage: 32M
[62.341s][info][gc,nmethod  ] GC(19) NMethods: 1631 registered, 0 unregistered
[62.341s][info][gc,metaspace] GC(19) Metaspace: 6M used, 6M committed, 1088M reserved
[62.341s][info][gc,ref      ] GC(19) Soft: 248 encountered, 0 discovered, 0 enqueued
[62.341s][info][gc,ref      ] GC(19) Weak: 442 encountered, 220 discovered, 0 enqueued
[62.341s][info][gc,ref      ] GC(19) Final: 9 encountered, 6 discovered, 0 enqueued
[62.341s][info][gc,ref      ] GC(19) Phantom: 21 encountered, 12 discovered, 0 enqueued
[62.341s][info][gc,reloc    ] GC(19) Small Pages: 3657 / 7314M, Empty: 7184M, Relocated: 3M, In-Place: 0
[62.341s][info][gc,reloc    ] GC(19) Medium Pages: 0 / 0M, Empty: 0M, Relocated: 0M, In-Place: 0
[62.341s][info][gc,reloc    ] GC(19) Large Pages: 2 / 12M, Empty: 0M, Relocated: 0M, In-Place: 0
[62.341s][info][gc,reloc    ] GC(19) Forwarding Usage: 1M
[62.341s][info][gc,heap     ] GC(19) Min Capacity: 8192M(100%)
[62.341s][info][gc,heap     ] GC(19) Max Capacity: 8192M(100%)
[62.341s][info][gc,heap     ] GC(19) Soft Max Capacity: 8192M(100%)
[62.341s][info][gc,heap     ] GC(19)                Mark Start          Mark End        Relocate Start      Relocate End           High               Low         
[62.341s][info][gc,heap     ] GC(19)  Capacity:     8192M (100%)       8192M (100%)       8192M (100%)       8192M (100%)       8192M (100%)       8192M (100%)   
[62.341s][info][gc,heap     ] GC(19)      Free:      866M (11%)         820M (10%)        7972M (97%)        8082M (99%)        8082M (99%)         788M (10%)    
[62.341s][info][gc,heap     ] GC(19)      Used:     7326M (89%)        7372M (90%)         220M (3%)          110M (1%)         7404M (90%)         110M (1%)     
[62.341s][info][gc,heap     ] GC(19)      Live:         -                19M (0%)           19M (0%)           19M (0%)             -                  -          
[62.341s][info][gc,heap     ] GC(19) Allocated:         -                46M (1%)           78M (1%)           87M (1%)             -                  -          
[62.341s][info][gc,heap     ] GC(19)   Garbage:         -              7306M (89%)         122M (1%)            2M (0%)             -                  -          
[62.341s][info][gc,heap     ] GC(19) Reclaimed:         -                  -              7184M (88%)        7303M (89%)            -                  -          
[62.341s][info][gc          ] GC(19) Garbage Collection (Proactive) 7326M(89%)->110M(1%)
[64.904s][info][gc,start    ] GC(20) Garbage Collection (System.gc())
[64.904s][info][gc,task     ] GC(20) Using 2 workers
[64.904s][info][gc,phases   ] GC(20) Pause Mark Start 0.015ms
[64.915s][info][gc,phases   ] GC(20) Concurrent Mark 10.977ms
[64.915s][info][gc,phases   ] GC(20) Pause Mark End 0.010ms
[64.915s][info][gc,phases   ] GC(20) Concurrent Mark Free 0.002ms
[64.917s][info][gc,phases   ] GC(20) Concurrent Process Non-Strong References 1.677ms
[64.917s][info][gc,phases   ] GC(20) Concurrent Reset Relocation Set 0.004ms
[64.919s][info][gc,phases   ] GC(20) Concurrent Select Relocation Set 1.899ms
[64.919s][info][gc,phases   ] GC(20) Pause Relocate Start 0.007ms
[64.921s][info][gc,phases   ] GC(20) Concurrent Relocate 1.343ms
[64.921s][info][gc,load     ] GC(20) Load: 0.00/0.00/0.00
[64.921s][info][gc,mmu      ] GC(20) MMU: 2ms/98.5%, 5ms/99.4%, 10ms/99.7%, 20ms/99.8%, 50ms/99.9%, 100ms/99.9%
[64.921s][info][gc,marking  ] GC(20) Mark: 2 stripe(s), 1 proactive flush(es), 1 terminate flush(es), 0 completion(s), 0 continuation(s) 
[64.921s][info][gc,marking  ] GC(20) Mark Stack Usage: 32M
[64.921s][info][gc,nmethod  ] GC(20) NMethods: 1638 registered, 0 unregistered
[64.921s][info][gc,metaspace] GC(20) Metaspace: 6M used, 6M committed, 1088M reserved
[64.921s][info][gc,ref      ] GC(20) Soft: 248 encountered, 0 discovered, 0 enqueued
[64.921s][info][gc,ref      ] GC(20) Weak: 442 encountered, 282 discovered, 0 enqueued
[64.921s][info][gc,ref      ] GC(20) Final: 9 encountered, 7 discovered, 0 enqueued
[64.921s][info][gc,ref      ] GC(20) Phantom: 20 encountered, 10 discovered, 1 enqueued
[64.921s][info][gc,reloc    ] GC(20) Small Pages: 1934 / 3868M, Empty: 3850M, Relocated: 1M, In-Place: 0
[64.921s][info][gc,reloc    ] GC(20) Medium Pages: 1 / 32M, Empty: 32M, Relocated: 0M, In-Place: 0
[64.921s][info][gc,reloc    ] GC(20) Large Pages: 4 / 24M, Empty: 12M, Relocated: 0M, In-Place: 0
[64.921s][info][gc,reloc    ] GC(20) Forwarding Usage: 0M
[64.921s][info][gc,heap     ] GC(20) Min Capacity: 8192M(100%)
[64.921s][info][gc,heap     ] GC(20) Max Capacity: 8192M(100%)
[64.921s][info][gc,heap     ] GC(20) Soft Max Capacity: 8192M(100%)
[64.921s][info][gc,heap     ] GC(20)                Mark Start          Mark End        Relocate Start      Relocate End           High               Low         
[64.921s][info][gc,heap     ] GC(20)  Capacity:     8192M (100%)       8192M (100%)       8192M (100%)       8192M (100%)       8192M (100%)       8192M (100%)   
[64.921s][info][gc,heap     ] GC(20)      Free:     4268M (52%)        4268M (52%)        8162M (100%)       8172M (100%)       8172M (100%)       4268M (52%)    
[64.921s][info][gc,heap     ] GC(20)      Used:     3924M (48%)        3924M (48%)          30M (0%)           20M (0%)         3924M (48%)          20M (0%)     
[64.921s][info][gc,heap     ] GC(20)      Live:         -                16M (0%)           16M (0%)           16M (0%)             -                  -          
[64.921s][info][gc,heap     ] GC(20) Allocated:         -                 0M (0%)            0M (0%)            0M (0%)             -                  -          
[64.921s][info][gc,heap     ] GC(20)   Garbage:         -              3907M (48%)          13M (0%)            3M (0%)             -                  -          
[64.921s][info][gc,heap     ] GC(20) Reclaimed:         -                  -              3894M (48%)        3904M (48%)            -                  -          
[64.921s][info][gc          ] GC(20) Garbage Collection (System.gc()) 3924M(48%)->20M(0%)
[67.781s][info][gc,start    ] GC(21) Garbage Collection (Allocation Rate)
[67.781s][info][gc,task     ] GC(21) Using 1 workers
[67.781s][info][gc,phases   ] GC(21) Pause Mark Start 0.009ms
[67.811s][info][gc,phases   ] GC(21) Concurrent Mark 26.803ms
[67.811s][info][gc,phases   ] GC(21) Pause Mark End 0.020ms
[67.821s][info][gc,phases   ] GC(21) Concurrent Mark Free 0.002ms
[67.827s][info][gc,phases   ] GC(21) Concurrent Process Non-Strong References 6.222ms
[67.827s][info][gc,phases   ] GC(21) Concurrent Reset Relocation Set 0.001ms
[67.829s][info][gc,phases   ] GC(21) Concurrent Select Relocation Set 2.345ms
[67.829s][info][gc,phases   ] GC(21) Pause Relocate Start 0.011ms
[67.847s][info][gc,phases   ] GC(21) Concurrent Relocate 3.982ms
[67.847s][info][gc,load     ] GC(21) Load: 0.00/0.00/0.00
[67.847s][info][gc,mmu      ] GC(21) MMU: 2ms/98.5%, 5ms/99.4%, 10ms/99.7%, 20ms/99.8%, 50ms/99.9%, 100ms/99.9%
[67.847s][info][gc,marking  ] GC(21) Mark: 1 stripe(s), 2 proactive flush(es), 1 terminate flush(es), 0 completion(s), 0 continuation(s) 
[67.847s][info][gc,marking  ] GC(21) Mark Stack Usage: 32M
[67.847s][info][gc,nmethod  ] GC(21) NMethods: 1648 registered, 0 unregistered
[67.847s][info][gc,metaspace] GC(21) Metaspace: 6M used, 6M committed, 1088M reserved
[67.847s][info][gc,ref      ] GC(21) Soft: 248 encountered, 0 discovered, 0 enqueued
[67.847s][info][gc,ref      ] GC(21) Weak: 442 encountered, 193 discovered, 0 enqueued
[67.847s][info][gc,ref      ] GC(21) Final: 9 encountered, 7 discovered, 0 enqueued
[67.847s][info][gc,ref      ] GC(21) Phantom: 21 encountered, 12 discovered, 0 enqueued
[67.847s][info][gc,reloc    ] GC(21) Small Pages: 3723 / 7446M, Empty: 7204M, Relocated: 3M, In-Place: 0
[67.847s][info][gc,reloc    ] GC(21) Medium Pages: 0 / 0M, Empty: 0M, Relocated: 0M, In-Place: 0
[67.847s][info][gc,reloc    ] GC(21) Large Pages: 2 / 12M, Empty: 0M, Relocated: 0M, In-Place: 0
[67.847s][info][gc,reloc    ] GC(21) Forwarding Usage: 1M
[67.847s][info][gc,heap     ] GC(21) Min Capacity: 8192M(100%)
[67.847s][info][gc,heap     ] GC(21) Max Capacity: 8192M(100%)
[67.847s][info][gc,heap     ] GC(21) Soft Max Capacity: 8192M(100%)
[67.847s][info][gc,heap     ] GC(21)                Mark Start          Mark End        Relocate Start      Relocate End           High               Low         
[67.847s][info][gc,heap     ] GC(21)  Capacity:     8192M (100%)       8192M (100%)       8192M (100%)       8192M (100%)       8192M (100%)       8192M (100%)   
[67.847s][info][gc,heap     ] GC(21)      Free:      734M (9%)          670M (8%)         7838M (96%)        8042M (98%)        8042M (98%)         636M (8%)     
[67.847s][info][gc,heap     ] GC(21)      Used:     7458M (91%)        7522M (92%)         354M (4%)          150M (2%)         7556M (92%)         150M (2%)     
[67.847s][info][gc,heap     ] GC(21)      Live:         -                19M (0%)           19M (0%)           19M (0%)             -                  -          
[67.847s][info][gc,heap     ] GC(21) Allocated:         -                64M (1%)          100M (1%)          127M (2%)             -                  -          
[67.847s][info][gc,heap     ] GC(21)   Garbage:         -              7438M (91%)         234M (3%)            3M (0%)             -                  -          
[67.847s][info][gc,heap     ] GC(21) Reclaimed:         -                  -              7204M (88%)        7435M (91%)            -                  -          
[67.847s][info][gc          ] GC(21) Garbage Collection (Allocation Rate) 7458M(91%)->150M(2%)
[70.274s][info][gc,stats    ] === Garbage Collection Statistics =======================================================================================================================
[70.274s][info][gc,stats    ]                                                              Last 10s              Last 10m              Last 10h                Total
[70.274s][info][gc,stats    ]                                                              Avg / Max             Avg / Max             Avg / Max             Avg / Max
[70.275s][info][gc,stats    ]   Collector: Garbage Collection Cycle                     48.351 / 66.241       53.093 / 107.600      53.093 / 107.600      53.093 / 107.600     ms
[70.275s][info][gc,stats    ]  Contention: Mark Segment Reset Contention                     0 / 2                 0 / 4                 0 / 4                 0 / 4           ops/s
[70.275s][info][gc,stats    ]  Contention: Mark SeqNum Reset Contention                      0 / 1                 0 / 1                 0 / 1                 0 / 1           ops/s
[70.275s][info][gc,stats    ]    Critical: Allocation Stall                                  0 / 0                 0 / 0                 0 / 0                 0 / 0           ops/s
[70.275s][info][gc,stats    ]    Critical: Allocation Stall                              0.000 / 0.000         0.000 / 0.000         0.000 / 0.000         0.000 / 0.000       ms
[70.275s][info][gc,stats    ]    Critical: GC Locker Stall                                   0 / 0                 0 / 0                 0 / 0                 0 / 0           ops/s
[70.275s][info][gc,stats    ]    Critical: GC Locker Stall                               0.000 / 0.000         0.000 / 0.000         0.000 / 0.000         0.000 / 0.000       ms
[70.275s][info][gc,stats    ]    Critical: Relocation Stall                                  0 / 0                 0 / 0                 0 / 0                 0 / 0           ops/s
[70.275s][info][gc,stats    ]    Critical: Relocation Stall                              0.000 / 0.000         0.000 / 0.000         0.000 / 0.000         0.000 / 0.000       ms
[70.275s][info][gc,stats    ]      Memory: Allocation Rate                                1787 / 2558           1743 / 2764           1743 / 2764           1743 / 2764        MB/s
[70.275s][info][gc,stats    ]      Memory: Out Of Memory                                     0 / 0                 0 / 0                 0 / 0                 0 / 0           ops/s
[70.275s][info][gc,stats    ]      Memory: Page Cache Flush                                  0 / 0                 0 / 0                 0 / 0                 0 / 0           MB/s
[70.275s][info][gc,stats    ]      Memory: Page Cache Hit L1                               892 / 1279            814 / 1382            814 / 1382            814 / 1382        ops/s
[70.275s][info][gc,stats    ]      Memory: Page Cache Hit L2                                 0 / 0                 0 / 0                 0 / 0                 0 / 0           ops/s
[70.275s][info][gc,stats    ]      Memory: Page Cache Hit L3                                 0 / 0                56 / 668              56 / 668              56 / 668         ops/s
[70.275s][info][gc,stats    ]      Memory: Page Cache Miss                                   0 / 0                 0 / 1                 0 / 1                 0 / 1           ops/s
[70.275s][info][gc,stats    ]      Memory: Uncommit                                          0 / 0                 0 / 0                 0 / 0                 0 / 0           MB/s
[70.275s][info][gc,stats    ]      Memory: Undo Object Allocation Failed                     0 / 1                 0 / 1                 0 / 1                 0 / 1           ops/s
[70.275s][info][gc,stats    ]      Memory: Undo Object Allocation Succeeded                  4 / 37               10 / 189              10 / 189              10 / 189         ops/s
[70.275s][info][gc,stats    ]      Memory: Undo Page Allocation                              0 / 1                 0 / 1                 0 / 1                 0 / 1           ops/s
[70.275s][info][gc,stats    ]       Phase: Concurrent Mark                              20.360 / 26.803       27.591 / 65.396       27.591 / 65.396       27.591 / 65.396      ms
[70.275s][info][gc,stats    ]       Phase: Concurrent Mark Continue                      0.000 / 0.000         0.000 / 0.000         0.000 / 0.000         0.000 / 0.000       ms
[70.275s][info][gc,stats    ]       Phase: Concurrent Mark Free                          0.001 / 0.002         0.002 / 0.008         0.002 / 0.008         0.002 / 0.008       ms
[70.275s][info][gc,stats    ]       Phase: Concurrent Process Non-Strong References      5.688 / 9.165         7.036 / 24.943        7.036 / 24.943        7.036 / 24.943      ms
[70.275s][info][gc,stats    ]       Phase: Concurrent Relocate                           2.308 / 3.982         2.464 / 4.840         2.464 / 4.840         2.464 / 4.840       ms
[70.275s][info][gc,stats    ]       Phase: Concurrent Reset Relocation Set               0.005 / 0.009         0.006 / 0.025         0.006 / 0.025         0.006 / 0.025       ms
[70.275s][info][gc,stats    ]       Phase: Concurrent Select Relocation Set              2.004 / 2.345         2.503 / 4.050         2.503 / 4.050         2.503 / 4.050       ms
[70.275s][info][gc,stats    ]       Phase: Pause Mark End                                0.016 / 0.020         0.017 / 0.031         0.017 / 0.031         0.017 / 0.031       ms
[70.275s][info][gc,stats    ]       Phase: Pause Mark Start                              0.011 / 0.015         0.009 / 0.015         0.009 / 0.015         0.009 / 0.015       ms
[70.275s][info][gc,stats    ]       Phase: Pause Relocate Start                          0.009 / 0.011         0.010 / 0.015         0.010 / 0.015         0.010 / 0.015       ms
[70.275s][info][gc,stats    ]    Subphase: Concurrent Classes Purge                      0.105 / 0.141         0.096 / 0.149         0.096 / 0.149         0.096 / 0.149       ms
[70.275s][info][gc,stats    ]    Subphase: Concurrent Classes Unlink                     1.467 / 2.179         1.466 / 2.273         1.466 / 2.273         1.466 / 2.273       ms
[70.275s][info][gc,stats    ]    Subphase: Concurrent Mark                              13.898 / 26.057       21.586 / 64.769       21.586 / 64.769       21.586 / 64.769      ms
[70.275s][info][gc,stats    ]    Subphase: Concurrent Mark Try Flush                     1.975 / 6.441         4.298 / 19.177        4.298 / 19.177        4.298 / 19.177      ms
[70.275s][info][gc,stats    ]    Subphase: Concurrent Mark Try Terminate                 3.138 / 15.790        4.886 / 15.822        4.886 / 15.822        4.886 / 15.822      ms
[70.275s][info][gc,stats    ]    Subphase: Concurrent References Enqueue                 0.002 / 0.004         0.002 / 0.010         0.002 / 0.010         0.002 / 0.010       ms
[70.275s][info][gc,stats    ]    Subphase: Concurrent References Process                 0.104 / 0.184         0.070 / 0.201         0.070 / 0.201         0.070 / 0.201       ms
[70.275s][info][gc,stats    ]    Subphase: Concurrent Roots ClassLoaderDataGraph         0.088 / 0.155         0.095 / 0.275         0.095 / 0.275         0.095 / 0.275       ms
[70.275s][info][gc,stats    ]    Subphase: Concurrent Roots CodeCache                    0.000 / 0.000         0.000 / 0.000         0.000 / 0.000         0.000 / 0.000       ms
[70.275s][info][gc,stats    ]    Subphase: Concurrent Roots JavaThreads                  0.320 / 0.485         0.307 / 0.491         0.307 / 0.491         0.307 / 0.491       ms
[70.275s][info][gc,stats    ]    Subphase: Concurrent Roots OopStorageSet                0.025 / 0.038         0.025 / 0.086         0.025 / 0.086         0.025 / 0.086       ms
[70.275s][info][gc,stats    ]    Subphase: Concurrent Weak Roots OopStorageSet           0.180 / 0.289         0.211 / 0.563         0.211 / 0.563         0.211 / 0.563       ms
[70.275s][info][gc,stats    ]    Subphase: Pause Mark Try Complete                       0.000 / 0.000         0.000 / 0.000         0.000 / 0.000         0.000 / 0.000       ms
[70.275s][info][gc,stats    ]      System: Java Threads                                     17 / 19               17 / 20               17 / 20               17 / 20          threads
[70.275s][info][gc,stats    ] =========================================================================================================================================================
[72.580s][info][gc,start    ] GC(22) Garbage Collection (Proactive)
[72.580s][info][gc,task     ] GC(22) Using 2 workers
[72.580s][info][gc,phases   ] GC(22) Pause Mark Start 0.008ms
[72.612s][info][gc,phases   ] GC(22) Concurrent Mark 30.977ms
[72.612s][info][gc,phases   ] GC(22) Pause Mark End 0.020ms
[72.616s][info][gc,phases   ] GC(22) Concurrent Mark Free 0.001ms
[72.625s][info][gc,phases   ] GC(22) Concurrent Process Non-Strong References 8.070ms
[72.625s][info][gc,phases   ] GC(22) Concurrent Reset Relocation Set 0.008ms
[72.628s][info][gc,phases   ] GC(22) Concurrent Select Relocation Set 3.352ms
[72.628s][info][gc,phases   ] GC(22) Pause Relocate Start 0.012ms
[72.636s][info][gc,phases   ] GC(22) Concurrent Relocate 2.344ms
[72.636s][info][gc,load     ] GC(22) Load: 0.00/0.00/0.00
[72.636s][info][gc,mmu      ] GC(22) MMU: 2ms/98.5%, 5ms/99.4%, 10ms/99.7%, 20ms/99.8%, 50ms/99.9%, 100ms/99.9%
[72.636s][info][gc,marking  ] GC(22) Mark: 2 stripe(s), 3 proactive flush(es), 1 terminate flush(es), 0 completion(s), 0 continuation(s) 
[72.636s][info][gc,marking  ] GC(22) Mark Stack Usage: 32M
[72.636s][info][gc,nmethod  ] GC(22) NMethods: 1648 registered, 0 unregistered
[72.636s][info][gc,metaspace] GC(22) Metaspace: 6M used, 6M committed, 1088M reserved
[72.636s][info][gc,ref      ] GC(22) Soft: 248 encountered, 0 discovered, 0 enqueued
[72.636s][info][gc,ref      ] GC(22) Weak: 442 encountered, 117 discovered, 0 enqueued
[72.636s][info][gc,ref      ] GC(22) Final: 9 encountered, 4 discovered, 0 enqueued
[72.636s][info][gc,ref      ] GC(22) Phantom: 21 encountered, 14 discovered, 0 enqueued
[72.636s][info][gc,reloc    ] GC(22) Small Pages: 3565 / 7130M, Empty: 7014M, Relocated: 5M, In-Place: 0
[72.636s][info][gc,reloc    ] GC(22) Medium Pages: 0 / 0M, Empty: 0M, Relocated: 0M, In-Place: 0
[72.636s][info][gc,reloc    ] GC(22) Large Pages: 2 / 12M, Empty: 0M, Relocated: 0M, In-Place: 0
[72.636s][info][gc,reloc    ] GC(22) Forwarding Usage: 1M
[72.636s][info][gc,heap     ] GC(22) Min Capacity: 8192M(100%)
[72.636s][info][gc,heap     ] GC(22) Max Capacity: 8192M(100%)
[72.636s][info][gc,heap     ] GC(22) Soft Max Capacity: 8192M(100%)
[72.636s][info][gc,heap     ] GC(22)                Mark Start          Mark End        Relocate Start      Relocate End           High               Low         
[72.636s][info][gc,heap     ] GC(22)  Capacity:     8192M (100%)       8192M (100%)       8192M (100%)       8192M (100%)       8192M (100%)       8192M (100%)   
[72.636s][info][gc,heap     ] GC(22)      Free:     1050M (13%)        1000M (12%)        7990M (98%)        8086M (99%)        8086M (99%)         978M (12%)    
[72.636s][info][gc,heap     ] GC(22)      Used:     7142M (87%)        7192M (88%)         202M (2%)          106M (1%)         7214M (88%)         106M (1%)     
[72.636s][info][gc,heap     ] GC(22)      Live:         -                19M (0%)           19M (0%)           19M (0%)             -                  -          
[72.637s][info][gc,heap     ] GC(22) Allocated:         -                50M (1%)           74M (1%)           83M (1%)             -                  -          
[72.637s][info][gc,heap     ] GC(22)   Garbage:         -              7122M (87%)         108M (1%)            3M (0%)             -                  -          
[72.637s][info][gc,heap     ] GC(22) Reclaimed:         -                  -              7014M (86%)        7119M (87%)            -                  -          
[72.637s][info][gc          ] GC(22) Garbage Collection (Proactive) 7142M(87%)->106M(1%)
[75.533s][info][gc,start    ] GC(23) Garbage Collection (System.gc())
[75.533s][info][gc,task     ] GC(23) Using 2 workers
[75.533s][info][gc,phases   ] GC(23) Pause Mark Start 0.006ms
[75.550s][info][gc,phases   ] GC(23) Concurrent Mark 16.954ms
[75.550s][info][gc,phases   ] GC(23) Pause Mark End 0.010ms
[75.550s][info][gc,phases   ] GC(23) Concurrent Mark Free 0.002ms
[75.553s][info][gc,phases   ] GC(23) Concurrent Process Non-Strong References 2.893ms
[75.553s][info][gc,phases   ] GC(23) Concurrent Reset Relocation Set 0.008ms
[75.555s][info][gc,phases   ] GC(23) Concurrent Select Relocation Set 2.244ms
[75.555s][info][gc,phases   ] GC(23) Pause Relocate Start 0.006ms
[75.556s][info][gc,phases   ] GC(23) Concurrent Relocate 0.711ms
[75.556s][info][gc,load     ] GC(23) Load: 0.00/0.00/0.00
[75.556s][info][gc,mmu      ] GC(23) MMU: 2ms/98.5%, 5ms/99.4%, 10ms/99.7%, 20ms/99.8%, 50ms/99.9%, 100ms/99.9%
[75.556s][info][gc,marking  ] GC(23) Mark: 2 stripe(s), 1 proactive flush(es), 1 terminate flush(es), 0 completion(s), 0 continuation(s) 
[75.556s][info][gc,marking  ] GC(23) Mark Stack Usage: 32M
[75.556s][info][gc,nmethod  ] GC(23) NMethods: 1657 registered, 0 unregistered
[75.556s][info][gc,metaspace] GC(23) Metaspace: 6M used, 6M committed, 1088M reserved
[75.556s][info][gc,ref      ] GC(23) Soft: 249 encountered, 0 discovered, 0 enqueued
[75.556s][info][gc,ref      ] GC(23) Weak: 443 encountered, 177 discovered, 0 enqueued
[75.556s][info][gc,ref      ] GC(23) Final: 9 encountered, 2 discovered, 0 enqueued
[75.556s][info][gc,ref      ] GC(23) Phantom: 20 encountered, 12 discovered, 1 enqueued
[75.556s][info][gc,reloc    ] GC(23) Small Pages: 1946 / 3892M, Empty: 3872M, Relocated: 1M, In-Place: 0
[75.556s][info][gc,reloc    ] GC(23) Medium Pages: 1 / 32M, Empty: 32M, Relocated: 0M, In-Place: 0
[75.556s][info][gc,reloc    ] GC(23) Large Pages: 4 / 24M, Empty: 12M, Relocated: 0M, In-Place: 0
[75.556s][info][gc,reloc    ] GC(23) Forwarding Usage: 0M
[75.556s][info][gc,heap     ] GC(23) Min Capacity: 8192M(100%)
[75.556s][info][gc,heap     ] GC(23) Max Capacity: 8192M(100%)
[75.556s][info][gc,heap     ] GC(23) Soft Max Capacity: 8192M(100%)
[75.556s][info][gc,heap     ] GC(23)                Mark Start          Mark End        Relocate Start      Relocate End           High               Low         
[75.556s][info][gc,heap     ] GC(23)  Capacity:     8192M (100%)       8192M (100%)       8192M (100%)       8192M (100%)       8192M (100%)       8192M (100%)   
[75.556s][info][gc,heap     ] GC(23)      Free:     4244M (52%)        4244M (52%)        8160M (100%)       8172M (100%)       8172M (100%)       4244M (52%)    
[75.556s][info][gc,heap     ] GC(23)      Used:     3948M (48%)        3948M (48%)          32M (0%)           20M (0%)         3948M (48%)          20M (0%)     
[75.556s][info][gc,heap     ] GC(23)      Live:         -                16M (0%)           16M (0%)           16M (0%)             -                  -          
[75.556s][info][gc,heap     ] GC(23) Allocated:         -                 0M (0%)            0M (0%)            0M (0%)             -                  -          
[75.556s][info][gc,heap     ] GC(23)   Garbage:         -              3931M (48%)          15M (0%)            3M (0%)             -                  -          
[75.556s][info][gc,heap     ] GC(23) Reclaimed:         -                  -              3916M (48%)        3928M (48%)            -                  -          
[75.556s][info][gc          ] GC(23) Garbage Collection (System.gc()) 3948M(48%)->20M(0%)
[78.370s][info][gc,start    ] GC(24) Garbage Collection (Allocation Rate)
[78.370s][info][gc,task     ] GC(24) Using 1 workers
[78.370s][info][gc,phases   ] GC(24) Pause Mark Start 0.017ms
[78.404s][info][gc,phases   ] GC(24) Concurrent Mark 23.999ms
[78.404s][info][gc,phases   ] GC(24) Pause Mark End 0.016ms
[78.414s][info][gc,phases   ] GC(24) Concurrent Mark Free 0.002ms
[78.422s][info][gc,phases   ] GC(24) Concurrent Process Non-Strong References 7.495ms
[78.422s][info][gc,phases   ] GC(24) Concurrent Reset Relocation Set 0.002ms
[78.424s][info][gc,phases   ] GC(24) Concurrent Select Relocation Set 2.595ms
[78.424s][info][gc,phases   ] GC(24) Pause Relocate Start 0.013ms
[78.435s][info][gc,phases   ] GC(24) Concurrent Relocate 4.946ms
[78.435s][info][gc,load     ] GC(24) Load: 0.00/0.00/0.00
[78.435s][info][gc,mmu      ] GC(24) MMU: 2ms/98.5%, 5ms/99.4%, 10ms/99.7%, 20ms/99.8%, 50ms/99.9%, 100ms/99.9%
[78.435s][info][gc,marking  ] GC(24) Mark: 1 stripe(s), 2 proactive flush(es), 1 terminate flush(es), 0 completion(s), 0 continuation(s) 
[78.435s][info][gc,marking  ] GC(24) Mark Stack Usage: 32M
[78.435s][info][gc,nmethod  ] GC(24) NMethods: 1672 registered, 0 unregistered
[78.435s][info][gc,metaspace] GC(24) Metaspace: 6M used, 6M committed, 1088M reserved
[78.435s][info][gc,ref      ] GC(24) Soft: 249 encountered, 0 discovered, 0 enqueued
[78.435s][info][gc,ref      ] GC(24) Weak: 443 encountered, 193 discovered, 0 enqueued
[78.435s][info][gc,ref      ] GC(24) Final: 9 encountered, 7 discovered, 0 enqueued
[78.435s][info][gc,ref      ] GC(24) Phantom: 21 encountered, 14 discovered, 0 enqueued
[78.435s][info][gc,reloc    ] GC(24) Small Pages: 3679 / 7358M, Empty: 7088M, Relocated: 4M, In-Place: 0
[78.435s][info][gc,reloc    ] GC(24) Medium Pages: 0 / 0M, Empty: 0M, Relocated: 0M, In-Place: 0
[78.435s][info][gc,reloc    ] GC(24) Large Pages: 2 / 12M, Empty: 0M, Relocated: 0M, In-Place: 0
[78.435s][info][gc,reloc    ] GC(24) Forwarding Usage: 1M
[78.435s][info][gc,heap     ] GC(24) Min Capacity: 8192M(100%)
[78.435s][info][gc,heap     ] GC(24) Max Capacity: 8192M(100%)
[78.435s][info][gc,heap     ] GC(24) Soft Max Capacity: 8192M(100%)
[78.435s][info][gc,heap     ] GC(24)                Mark Start          Mark End        Relocate Start      Relocate End           High               Low         
[78.435s][info][gc,heap     ] GC(24)  Capacity:     8192M (100%)       8192M (100%)       8192M (100%)       8192M (100%)       8192M (100%)       8192M (100%)   
[78.435s][info][gc,heap     ] GC(24)      Free:      822M (10%)         736M (9%)         7780M (95%)        8026M (98%)        8026M (98%)         698M (9%)     
[78.435s][info][gc,heap     ] GC(24)      Used:     7370M (90%)        7456M (91%)         412M (5%)          166M (2%)         7494M (91%)         166M (2%)     
[78.435s][info][gc,heap     ] GC(24)      Live:         -                19M (0%)           19M (0%)           19M (0%)             -                  -          
[78.435s][info][gc,heap     ] GC(24) Allocated:         -                86M (1%)          130M (2%)          143M (2%)             -                  -          
[78.435s][info][gc,heap     ] GC(24)   Garbage:         -              7350M (90%)         262M (3%)            2M (0%)             -                  -          
[78.435s][info][gc,heap     ] GC(24) Reclaimed:         -                  -              7088M (87%)        7347M (90%)            -                  -          
[78.435s][info][gc          ] GC(24) Garbage Collection (Allocation Rate) 7370M(90%)->166M(2%)
[80.280s][info][gc,stats    ] === Garbage Collection Statistics =======================================================================================================================
[80.280s][info][gc,stats    ]                                                              Last 10s              Last 10m              Last 10h                Total
[80.280s][info][gc,stats    ]                                                              Avg / Max             Avg / Max             Avg / Max             Avg / Max
[80.280s][info][gc,stats    ]   Collector: Garbage Collection Cycle                     48.293 / 65.139       52.517 / 107.600      52.517 / 107.600      52.517 / 107.600     ms
[80.280s][info][gc,stats    ]  Contention: Mark Segment Reset Contention                     0 / 0                 0 / 4                 0 / 4                 0 / 4           ops/s
[80.280s][info][gc,stats    ]  Contention: Mark SeqNum Reset Contention                      0 / 0                 0 / 1                 0 / 1                 0 / 1           ops/s
[80.280s][info][gc,stats    ]    Critical: Allocation Stall                                  0 / 0                 0 / 0                 0 / 0                 0 / 0           ops/s
[80.280s][info][gc,stats    ]    Critical: Allocation Stall                              0.000 / 0.000         0.000 / 0.000         0.000 / 0.000         0.000 / 0.000       ms
[80.280s][info][gc,stats    ]    Critical: GC Locker Stall                                   0 / 0                 0 / 0                 0 / 0                 0 / 0           ops/s
[80.280s][info][gc,stats    ]    Critical: GC Locker Stall                               0.000 / 0.000         0.000 / 0.000         0.000 / 0.000         0.000 / 0.000       ms
[80.280s][info][gc,stats    ]    Critical: Relocation Stall                                  0 / 0                 0 / 0                 0 / 0                 0 / 0           ops/s
[80.280s][info][gc,stats    ]    Critical: Relocation Stall                              0.000 / 0.000         0.000 / 0.000         0.000 / 0.000         0.000 / 0.000       ms
[80.280s][info][gc,stats    ]      Memory: Allocation Rate                                1735 / 2738           1742 / 2764           1742 / 2764           1742 / 2764        MB/s
[80.280s][info][gc,stats    ]      Memory: Out Of Memory                                     0 / 0                 0 / 0                 0 / 0                 0 / 0           ops/s
[80.280s][info][gc,stats    ]      Memory: Page Cache Flush                                  0 / 0                 0 / 0                 0 / 0                 0 / 0           MB/s
[80.280s][info][gc,stats    ]      Memory: Page Cache Hit L1                               866 / 1369            820 / 1382            820 / 1382            820 / 1382        ops/s
[80.280s][info][gc,stats    ]      Memory: Page Cache Hit L2                                 0 / 0                 0 / 0                 0 / 0                 0 / 0           ops/s
[80.280s][info][gc,stats    ]      Memory: Page Cache Hit L3                                 0 / 0                49 / 668              49 / 668              49 / 668         ops/s
[80.280s][info][gc,stats    ]      Memory: Page Cache Miss                                   0 / 0                 0 / 1                 0 / 1                 0 / 1           ops/s
[80.280s][info][gc,stats    ]      Memory: Uncommit                                          0 / 0                 0 / 0                 0 / 0                 0 / 0           MB/s
[80.280s][info][gc,stats    ]      Memory: Undo Object Allocation Failed                     0 / 0                 0 / 1                 0 / 1                 0 / 1           ops/s
[80.280s][info][gc,stats    ]      Memory: Undo Object Allocation Succeeded                 15 / 115              10 / 189              10 / 189              10 / 189         ops/s
[80.280s][info][gc,stats    ]      Memory: Undo Page Allocation                              0 / 0                 0 / 1                 0 / 1                 0 / 1           ops/s
[80.280s][info][gc,stats    ]       Phase: Concurrent Mark                              23.977 / 30.977       27.158 / 65.396       27.158 / 65.396       27.158 / 65.396      ms
[80.280s][info][gc,stats    ]       Phase: Concurrent Mark Continue                      0.000 / 0.000         0.000 / 0.000         0.000 / 0.000         0.000 / 0.000       ms
[80.280s][info][gc,stats    ]       Phase: Concurrent Mark Free                          0.001 / 0.002         0.002 / 0.008         0.002 / 0.008         0.002 / 0.008       ms
[80.280s][info][gc,stats    ]       Phase: Concurrent Process Non-Strong References      6.153 / 8.070         6.930 / 24.943        6.930 / 24.943        6.930 / 24.943      ms
[80.280s][info][gc,stats    ]       Phase: Concurrent Relocate                           2.667 / 4.946         2.488 / 4.946         2.488 / 4.946         2.488 / 4.946       ms
[80.280s][info][gc,stats    ]       Phase: Concurrent Reset Relocation Set               0.006 / 0.008         0.006 / 0.025         0.006 / 0.025         0.006 / 0.025       ms
[80.280s][info][gc,stats    ]       Phase: Concurrent Select Relocation Set              2.730 / 3.352         2.531 / 4.050         2.531 / 4.050         2.531 / 4.050       ms
[80.280s][info][gc,stats    ]       Phase: Pause Mark End                                0.015 / 0.020         0.017 / 0.031         0.017 / 0.031         0.017 / 0.031       ms
[80.280s][info][gc,stats    ]       Phase: Pause Mark Start                              0.010 / 0.017         0.010 / 0.017         0.010 / 0.017         0.010 / 0.017       ms
[80.280s][info][gc,stats    ]       Phase: Pause Relocate Start                          0.010 / 0.013         0.010 / 0.015         0.010 / 0.015         0.010 / 0.015       ms
[80.280s][info][gc,stats    ]    Subphase: Concurrent Classes Purge                      0.114 / 0.139         0.098 / 0.149         0.098 / 0.149         0.098 / 0.149       ms
[80.280s][info][gc,stats    ]    Subphase: Concurrent Classes Unlink                     1.793 / 2.210         1.505 / 2.273         1.505 / 2.273         1.505 / 2.273       ms
[80.280s][info][gc,stats    ]    Subphase: Concurrent Mark                              18.119 / 30.532       21.163 / 64.769       21.163 / 64.769       21.163 / 64.769      ms
[80.280s][info][gc,stats    ]    Subphase: Concurrent Mark Try Flush                     2.101 / 6.154         4.019 / 19.177        4.019 / 19.177        4.019 / 19.177      ms
[80.280s][info][gc,stats    ]    Subphase: Concurrent Mark Try Terminate                 5.075 / 15.780        4.908 / 15.822        4.908 / 15.822        4.908 / 15.822      ms
[80.280s][info][gc,stats    ]    Subphase: Concurrent References Enqueue                 0.003 / 0.007         0.002 / 0.010         0.002 / 0.010         0.002 / 0.010       ms
[80.280s][info][gc,stats    ]    Subphase: Concurrent References Process                 0.096 / 0.167         0.073 / 0.201         0.073 / 0.201         0.073 / 0.201       ms
[80.280s][info][gc,stats    ]    Subphase: Concurrent Roots ClassLoaderDataGraph         0.122 / 0.366         0.098 / 0.366         0.098 / 0.366         0.098 / 0.366       ms
[80.280s][info][gc,stats    ]    Subphase: Concurrent Roots CodeCache                    0.000 / 0.000         0.000 / 0.000         0.000 / 0.000         0.000 / 0.000       ms
[80.280s][info][gc,stats    ]    Subphase: Concurrent Roots JavaThreads                  0.343 / 0.559         0.311 / 0.559         0.311 / 0.559         0.311 / 0.559       ms
[80.280s][info][gc,stats    ]    Subphase: Concurrent Roots OopStorageSet                0.023 / 0.028         0.025 / 0.086         0.025 / 0.086         0.025 / 0.086       ms
[80.280s][info][gc,stats    ]    Subphase: Concurrent Weak Roots OopStorageSet           0.245 / 0.377         0.215 / 0.563         0.215 / 0.563         0.215 / 0.563       ms
[80.280s][info][gc,stats    ]    Subphase: Pause Mark Try Complete                       0.000 / 0.000         0.000 / 0.000         0.000 / 0.000         0.000 / 0.000       ms
[80.280s][info][gc,stats    ]      System: Java Threads                                     17 / 19               17 / 20               17 / 20               17 / 20          threads
[80.280s][info][gc,stats    ] =========================================================================================================================================================
[83.371s][info][gc,start    ] GC(25) Garbage Collection (Proactive)
[83.371s][info][gc,task     ] GC(25) Using 2 workers
[83.371s][info][gc,phases   ] GC(25) Pause Mark Start 0.006ms
[83.403s][info][gc,phases   ] GC(25) Concurrent Mark 25.805ms
[83.403s][info][gc,phases   ] GC(25) Pause Mark End 0.018ms
[83.411s][info][gc,phases   ] GC(25) Concurrent Mark Free 0.001ms
[83.419s][info][gc,phases   ] GC(25) Concurrent Process Non-Strong References 7.878ms
[83.419s][info][gc,phases   ] GC(25) Concurrent Reset Relocation Set 0.010ms
[83.421s][info][gc,phases   ] GC(25) Concurrent Select Relocation Set 1.876ms
[83.421s][info][gc,phases   ] GC(25) Pause Relocate Start 0.012ms
[83.431s][info][gc,phases   ] GC(25) Concurrent Relocate 2.179ms
[83.431s][info][gc,load     ] GC(25) Load: 0.00/0.00/0.00
[83.431s][info][gc,mmu      ] GC(25) MMU: 2ms/98.5%, 5ms/99.4%, 10ms/99.7%, 20ms/99.8%, 50ms/99.9%, 100ms/99.9%
[83.431s][info][gc,marking  ] GC(25) Mark: 2 stripe(s), 2 proactive flush(es), 1 terminate flush(es), 0 completion(s), 0 continuation(s) 
[83.431s][info][gc,marking  ] GC(25) Mark Stack Usage: 32M
[83.431s][info][gc,nmethod  ] GC(25) NMethods: 1672 registered, 0 unregistered
[83.431s][info][gc,metaspace] GC(25) Metaspace: 6M used, 6M committed, 1088M reserved
[83.431s][info][gc,ref      ] GC(25) Soft: 249 encountered, 0 discovered, 0 enqueued
[83.431s][info][gc,ref      ] GC(25) Weak: 443 encountered, 4 discovered, 0 enqueued
[83.431s][info][gc,ref      ] GC(25) Final: 9 encountered, 5 discovered, 0 enqueued
[83.431s][info][gc,ref      ] GC(25) Phantom: 21 encountered, 11 discovered, 0 enqueued
[83.431s][info][gc,reloc    ] GC(25) Small Pages: 3331 / 6662M, Empty: 6428M, Relocated: 3M, In-Place: 0
[83.431s][info][gc,reloc    ] GC(25) Medium Pages: 0 / 0M, Empty: 0M, Relocated: 0M, In-Place: 0
[83.431s][info][gc,reloc    ] GC(25) Large Pages: 2 / 12M, Empty: 0M, Relocated: 0M, In-Place: 0
[83.431s][info][gc,reloc    ] GC(25) Forwarding Usage: 1M
[83.431s][info][gc,heap     ] GC(25) Min Capacity: 8192M(100%)
[83.431s][info][gc,heap     ] GC(25) Max Capacity: 8192M(100%)
[83.431s][info][gc,heap     ] GC(25) Soft Max Capacity: 8192M(100%)
[83.431s][info][gc,heap     ] GC(25)                Mark Start          Mark End        Relocate Start      Relocate End           High               Low         
[83.431s][info][gc,heap     ] GC(25)  Capacity:     8192M (100%)       8192M (100%)       8192M (100%)       8192M (100%)       8192M (100%)       8192M (100%)   
[83.431s][info][gc,heap     ] GC(25)      Free:     1518M (19%)        1468M (18%)        7870M (96%)        8072M (99%)        8072M (99%)        1448M (18%)    
[83.431s][info][gc,heap     ] GC(25)      Used:     6674M (81%)        6724M (82%)         322M (4%)          120M (1%)         6744M (82%)         120M (1%)     
[83.431s][info][gc,heap     ] GC(25)      Live:         -                19M (0%)           19M (0%)           19M (0%)             -                  -          
[83.431s][info][gc,heap     ] GC(25) Allocated:         -                50M (1%)           76M (1%)           97M (1%)             -                  -          
[83.431s][info][gc,heap     ] GC(25)   Garbage:         -              6654M (81%)         226M (3%)            3M (0%)             -                  -          
[83.431s][info][gc,heap     ] GC(25) Reclaimed:         -                  -              6428M (78%)        6651M (81%)            -                  -          
[83.431s][info][gc          ] GC(25) Garbage Collection (Proactive) 6674M(81%)->120M(1%)
[86.502s][info][gc,start    ] GC(26) Garbage Collection (System.gc())
[86.502s][info][gc,task     ] GC(26) Using 2 workers
[86.502s][info][gc,phases   ] GC(26) Pause Mark Start 0.012ms
[86.513s][info][gc,phases   ] GC(26) Concurrent Mark 10.213ms
[86.513s][info][gc,phases   ] GC(26) Pause Mark End 0.013ms
[86.513s][info][gc,phases   ] GC(26) Concurrent Mark Free 0.002ms
[86.515s][info][gc,phases   ] GC(26) Concurrent Process Non-Strong References 1.869ms
[86.515s][info][gc,phases   ] GC(26) Concurrent Reset Relocation Set 0.009ms
[86.517s][info][gc,phases   ] GC(26) Concurrent Select Relocation Set 1.813ms
[86.517s][info][gc,phases   ] GC(26) Pause Relocate Start 0.005ms
[86.517s][info][gc,phases   ] GC(26) Concurrent Relocate 0.517ms
[86.517s][info][gc,load     ] GC(26) Load: 0.00/0.00/0.00
[86.517s][info][gc,mmu      ] GC(26) MMU: 2ms/98.5%, 5ms/99.4%, 10ms/99.7%, 20ms/99.8%, 50ms/99.9%, 100ms/99.9%
[86.518s][info][gc,marking  ] GC(26) Mark: 2 stripe(s), 1 proactive flush(es), 1 terminate flush(es), 0 completion(s), 0 continuation(s) 
[86.518s][info][gc,marking  ] GC(26) Mark Stack Usage: 32M
[86.518s][info][gc,nmethod  ] GC(26) NMethods: 1674 registered, 0 unregistered
[86.518s][info][gc,metaspace] GC(26) Metaspace: 6M used, 6M committed, 1088M reserved
[86.518s][info][gc,ref      ] GC(26) Soft: 249 encountered, 0 discovered, 0 enqueued
[86.518s][info][gc,ref      ] GC(26) Weak: 443 encountered, 0 discovered, 0 enqueued
[86.518s][info][gc,ref      ] GC(26) Final: 9 encountered, 0 discovered, 0 enqueued
[86.518s][info][gc,ref      ] GC(26) Phantom: 20 encountered, 9 discovered, 1 enqueued
[86.518s][info][gc,reloc    ] GC(26) Small Pages: 2223 / 4446M, Empty: 4434M, Relocated: 1M, In-Place: 0
[86.518s][info][gc,reloc    ] GC(26) Medium Pages: 1 / 32M, Empty: 32M, Relocated: 0M, In-Place: 0
[86.518s][info][gc,reloc    ] GC(26) Large Pages: 4 / 24M, Empty: 12M, Relocated: 0M, In-Place: 0
[86.518s][info][gc,reloc    ] GC(26) Forwarding Usage: 0M
[86.518s][info][gc,heap     ] GC(26) Min Capacity: 8192M(100%)
[86.518s][info][gc,heap     ] GC(26) Max Capacity: 8192M(100%)
[86.518s][info][gc,heap     ] GC(26) Soft Max Capacity: 8192M(100%)
[86.518s][info][gc,heap     ] GC(26)                Mark Start          Mark End        Relocate Start      Relocate End           High               Low         
[86.518s][info][gc,heap     ] GC(26)  Capacity:     8192M (100%)       8192M (100%)       8192M (100%)       8192M (100%)       8192M (100%)       8192M (100%)   
[86.518s][info][gc,heap     ] GC(26)      Free:     3690M (45%)        3690M (45%)        8168M (100%)       8172M (100%)       8172M (100%)       3690M (45%)    
[86.518s][info][gc,heap     ] GC(26)      Used:     4502M (55%)        4502M (55%)          24M (0%)           20M (0%)         4502M (55%)          20M (0%)     
[86.518s][info][gc,heap     ] GC(26)      Live:         -                16M (0%)           16M (0%)           16M (0%)             -                  -          
[86.518s][info][gc,heap     ] GC(26) Allocated:         -                 0M (0%)            0M (0%)            0M (0%)             -                  -          
[86.518s][info][gc,heap     ] GC(26)   Garbage:         -              4485M (55%)           7M (0%)            3M (0%)             -                  -          
[86.518s][info][gc,heap     ] GC(26) Reclaimed:         -                  -              4478M (55%)        4482M (55%)            -                  -          
[86.518s][info][gc          ] GC(26) Garbage Collection (System.gc()) 4502M(55%)->20M(0%)
[89.370s][info][gc,start    ] GC(27) Garbage Collection (Allocation Rate)
[89.370s][info][gc,task     ] GC(27) Using 1 workers
[89.370s][info][gc,phases   ] GC(27) Pause Mark Start 0.006ms
[89.402s][info][gc,phases   ] GC(27) Concurrent Mark 30.562ms
[89.402s][info][gc,phases   ] GC(27) Pause Mark End 0.014ms
[89.404s][info][gc,phases   ] GC(27) Concurrent Mark Free 0.001ms
[89.411s][info][gc,phases   ] GC(27) Concurrent Process Non-Strong References 7.078ms
[89.411s][info][gc,phases   ] GC(27) Concurrent Reset Relocation Set 0.001ms
[89.414s][info][gc,phases   ] GC(27) Concurrent Select Relocation Set 2.298ms
[89.414s][info][gc,phases   ] GC(27) Pause Relocate Start 0.016ms
[89.423s][info][gc,phases   ] GC(27) Concurrent Relocate 3.719ms
[89.423s][info][gc,load     ] GC(27) Load: 0.00/0.00/0.00
[89.423s][info][gc,mmu      ] GC(27) MMU: 2ms/98.5%, 5ms/99.4%, 10ms/99.7%, 20ms/99.8%, 50ms/99.9%, 100ms/99.9%
[89.423s][info][gc,marking  ] GC(27) Mark: 1 stripe(s), 2 proactive flush(es), 1 terminate flush(es), 0 completion(s), 0 continuation(s) 
[89.423s][info][gc,marking  ] GC(27) Mark Stack Usage: 32M
[89.423s][info][gc,nmethod  ] GC(27) NMethods: 1682 registered, 0 unregistered
[89.423s][info][gc,metaspace] GC(27) Metaspace: 6M used, 6M committed, 1088M reserved
[89.423s][info][gc,ref      ] GC(27) Soft: 249 encountered, 0 discovered, 0 enqueued
[89.423s][info][gc,ref      ] GC(27) Weak: 443 encountered, 193 discovered, 0 enqueued
[89.423s][info][gc,ref      ] GC(27) Final: 9 encountered, 7 discovered, 0 enqueued
[89.423s][info][gc,ref      ] GC(27) Phantom: 21 encountered, 14 discovered, 0 enqueued
[89.423s][info][gc,reloc    ] GC(27) Small Pages: 3776 / 7552M, Empty: 7376M, Relocated: 4M, In-Place: 0
[89.423s][info][gc,reloc    ] GC(27) Medium Pages: 0 / 0M, Empty: 0M, Relocated: 0M, In-Place: 0
[89.423s][info][gc,reloc    ] GC(27) Large Pages: 2 / 12M, Empty: 0M, Relocated: 0M, In-Place: 0
[89.423s][info][gc,reloc    ] GC(27) Forwarding Usage: 1M
[89.423s][info][gc,heap     ] GC(27) Min Capacity: 8192M(100%)
[89.423s][info][gc,heap     ] GC(27) Max Capacity: 8192M(100%)
[89.423s][info][gc,heap     ] GC(27) Soft Max Capacity: 8192M(100%)
[89.423s][info][gc,heap     ] GC(27)                Mark Start          Mark End        Relocate Start      Relocate End           High               Low         
[89.423s][info][gc,heap     ] GC(27)  Capacity:     8192M (100%)       8192M (100%)       8192M (100%)       8192M (100%)       8192M (100%)       8192M (100%)   
[89.423s][info][gc,heap     ] GC(27)      Free:      628M (8%)          558M (7%)         7910M (97%)        8066M (98%)        8066M (98%)         536M (7%)     
[89.423s][info][gc,heap     ] GC(27)      Used:     7564M (92%)        7634M (93%)         282M (3%)          126M (2%)         7656M (93%)         126M (2%)     
[89.423s][info][gc,heap     ] GC(27)      Live:         -                19M (0%)           19M (0%)           19M (0%)             -                  -          
[89.423s][info][gc,heap     ] GC(27) Allocated:         -                70M (1%)           94M (1%)          105M (1%)             -                  -          
[89.423s][info][gc,heap     ] GC(27)   Garbage:         -              7544M (92%)         168M (2%)            1M (0%)             -                  -          
[89.423s][info][gc,heap     ] GC(27) Reclaimed:         -                  -              7376M (90%)        7543M (92%)            -                  -          
[89.423s][info][gc          ] GC(27) Garbage Collection (Allocation Rate) 7564M(92%)->126M(2%)
[90.269s][info][gc,stats    ] === Garbage Collection Statistics =======================================================================================================================
[90.269s][info][gc,stats    ]                                                              Last 10s              Last 10m              Last 10h                Total
[90.269s][info][gc,stats    ]                                                              Avg / Max             Avg / Max             Avg / Max             Avg / Max
[90.269s][info][gc,stats    ]   Collector: Garbage Collection Cycle                     42.717 / 59.871       51.467 / 107.600      51.467 / 107.600      51.467 / 107.600     ms
[90.269s][info][gc,stats    ]  Contention: Mark Segment Reset Contention                     0 / 6                 0 / 6                 0 / 6                 0 / 6           ops/s
[90.269s][info][gc,stats    ]  Contention: Mark SeqNum Reset Contention                      0 / 1                 0 / 1                 0 / 1                 0 / 1           ops/s
[90.269s][info][gc,stats    ]    Critical: Allocation Stall                                  0 / 0                 0 / 0                 0 / 0                 0 / 0           ops/s
[90.269s][info][gc,stats    ]    Critical: Allocation Stall                              0.000 / 0.000         0.000 / 0.000         0.000 / 0.000         0.000 / 0.000       ms
[90.269s][info][gc,stats    ]    Critical: GC Locker Stall                                   0 / 0                 0 / 0                 0 / 0                 0 / 0           ops/s
[90.269s][info][gc,stats    ]    Critical: GC Locker Stall                               0.000 / 0.000         0.000 / 0.000         0.000 / 0.000         0.000 / 0.000       ms
[90.269s][info][gc,stats    ]    Critical: Relocation Stall                                  0 / 0                 0 / 0                 0 / 0                 0 / 0           ops/s
[90.269s][info][gc,stats    ]    Critical: Relocation Stall                              0.000 / 0.000         0.000 / 0.000         0.000 / 0.000         0.000 / 0.000       ms
[90.269s][info][gc,stats    ]      Memory: Allocation Rate                                1757 / 2786           1744 / 2786           1744 / 2786           1744 / 2786        MB/s
[90.269s][info][gc,stats    ]      Memory: Out Of Memory                                     0 / 0                 0 / 0                 0 / 0                 0 / 0           ops/s
[90.269s][info][gc,stats    ]      Memory: Page Cache Flush                                  0 / 0                 0 / 0                 0 / 0                 0 / 0           MB/s
[90.269s][info][gc,stats    ]      Memory: Page Cache Hit L1                               877 / 1393            827 / 1393            827 / 1393            827 / 1393        ops/s
[90.269s][info][gc,stats    ]      Memory: Page Cache Hit L2                                 0 / 0                 0 / 0                 0 / 0                 0 / 0           ops/s
[90.269s][info][gc,stats    ]      Memory: Page Cache Hit L3                                 0 / 0                43 / 668              43 / 668              43 / 668         ops/s
[90.269s][info][gc,stats    ]      Memory: Page Cache Miss                                   0 / 0                 0 / 1                 0 / 1                 0 / 1           ops/s
[90.269s][info][gc,stats    ]      Memory: Uncommit                                          0 / 0                 0 / 0                 0 / 0                 0 / 0           MB/s
[90.269s][info][gc,stats    ]      Memory: Undo Object Allocation Failed                     0 / 0                 0 / 1                 0 / 1                 0 / 1           ops/s
[90.269s][info][gc,stats    ]      Memory: Undo Object Allocation Succeeded                 27 / 275              12 / 275              12 / 275              12 / 275         ops/s
[90.269s][info][gc,stats    ]      Memory: Undo Page Allocation                              0 / 0                 0 / 1                 0 / 1                 0 / 1           ops/s
[90.269s][info][gc,stats    ]       Phase: Concurrent Mark                              22.194 / 30.562       26.626 / 65.396       26.626 / 65.396       26.626 / 65.396      ms
[90.269s][info][gc,stats    ]       Phase: Concurrent Mark Continue                      0.000 / 0.000         0.000 / 0.000         0.000 / 0.000         0.000 / 0.000       ms
[90.269s][info][gc,stats    ]       Phase: Concurrent Mark Free                          0.001 / 0.002         0.002 / 0.008         0.002 / 0.008         0.002 / 0.008       ms
[90.269s][info][gc,stats    ]       Phase: Concurrent Process Non-Strong References      5.608 / 7.878         6.788 / 24.943        6.788 / 24.943        6.788 / 24.943      ms
[90.269s][info][gc,stats    ]       Phase: Concurrent Relocate                           2.138 / 3.719         2.450 / 4.946         2.450 / 4.946         2.450 / 4.946       ms
[90.269s][info][gc,stats    ]       Phase: Concurrent Reset Relocation Set               0.007 / 0.010         0.006 / 0.025         0.006 / 0.025         0.006 / 0.025       ms
[90.269s][info][gc,stats    ]       Phase: Concurrent Select Relocation Set              1.996 / 2.298         2.473 / 4.050         2.473 / 4.050         2.473 / 4.050       ms
[90.269s][info][gc,stats    ]       Phase: Pause Mark End                                0.015 / 0.018         0.017 / 0.031         0.017 / 0.031         0.017 / 0.031       ms
[90.269s][info][gc,stats    ]       Phase: Pause Mark Start                              0.008 / 0.012         0.009 / 0.017         0.009 / 0.017         0.009 / 0.017       ms
[90.269s][info][gc,stats    ]       Phase: Pause Relocate Start                          0.011 / 0.016         0.010 / 0.016         0.010 / 0.016         0.010 / 0.016       ms
[90.269s][info][gc,stats    ]    Subphase: Concurrent Classes Purge                      0.083 / 0.102         0.097 / 0.149         0.097 / 0.149         0.097 / 0.149       ms
[90.269s][info][gc,stats    ]    Subphase: Concurrent Classes Unlink                     1.570 / 2.181         1.512 / 2.273         1.512 / 2.273         1.512 / 2.273       ms
[90.269s][info][gc,stats    ]    Subphase: Concurrent Mark                              16.499 / 29.838       20.656 / 64.769       20.656 / 64.769       20.656 / 64.769      ms
[90.269s][info][gc,stats    ]    Subphase: Concurrent Mark Try Flush                     3.272 / 16.031        3.944 / 19.177        3.944 / 19.177        3.944 / 19.177      ms
[90.269s][info][gc,stats    ]    Subphase: Concurrent Mark Try Terminate                 5.136 / 16.050        4.933 / 16.050        4.933 / 16.050        4.933 / 16.050      ms
[90.269s][info][gc,stats    ]    Subphase: Concurrent References Enqueue                 0.002 / 0.004         0.002 / 0.010         0.002 / 0.010         0.002 / 0.010       ms
[90.269s][info][gc,stats    ]    Subphase: Concurrent References Process                 0.072 / 0.134         0.073 / 0.201         0.073 / 0.201         0.073 / 0.201       ms
[90.269s][info][gc,stats    ]    Subphase: Concurrent Roots ClassLoaderDataGraph         0.096 / 0.200         0.098 / 0.366         0.098 / 0.366         0.098 / 0.366       ms
[90.269s][info][gc,stats    ]    Subphase: Concurrent Roots CodeCache                    0.000 / 0.000         0.000 / 0.000         0.000 / 0.000         0.000 / 0.000       ms
[90.269s][info][gc,stats    ]    Subphase: Concurrent Roots JavaThreads                  0.330 / 0.490         0.313 / 0.559         0.313 / 0.559         0.313 / 0.559       ms
[90.269s][info][gc,stats    ]    Subphase: Concurrent Roots OopStorageSet                0.023 / 0.043         0.025 / 0.086         0.025 / 0.086         0.025 / 0.086       ms
[90.269s][info][gc,stats    ]    Subphase: Concurrent Weak Roots OopStorageSet           0.234 / 0.308         0.217 / 0.563         0.217 / 0.563         0.217 / 0.563       ms
[90.269s][info][gc,stats    ]    Subphase: Pause Mark Try Complete                       0.000 / 0.000         0.000 / 0.000         0.000 / 0.000         0.000 / 0.000       ms
[90.269s][info][gc,stats    ]      System: Java Threads                                     17 / 19               17 / 20               17 / 20               17 / 20          threads
[90.269s][info][gc,stats    ] =========================================================================================================================================================
[92.872s][info][gc,start    ] GC(28) Garbage Collection (Proactive)
[92.872s][info][gc,task     ] GC(28) Using 2 workers
[92.872s][info][gc,phases   ] GC(28) Pause Mark Start 0.007ms
[92.903s][info][gc,phases   ] GC(28) Concurrent Mark 27.298ms
[92.903s][info][gc,phases   ] GC(28) Pause Mark End 0.017ms
[92.909s][info][gc,phases   ] GC(28) Concurrent Mark Free 0.001ms
[92.919s][info][gc,phases   ] GC(28) Concurrent Process Non-Strong References 9.872ms
[92.919s][info][gc,phases   ] GC(28) Concurrent Reset Relocation Set 0.007ms
[92.921s][info][gc,phases   ] GC(28) Concurrent Select Relocation Set 1.736ms
[92.921s][info][gc,phases   ] GC(28) Pause Relocate Start 0.009ms
[92.924s][info][gc,phases   ] GC(28) Concurrent Relocate 1.944ms
[92.924s][info][gc,load     ] GC(28) Load: 0.00/0.00/0.00
[92.924s][info][gc,mmu      ] GC(28) MMU: 2ms/98.5%, 5ms/99.4%, 10ms/99.7%, 20ms/99.8%, 50ms/99.9%, 100ms/99.9%
[92.924s][info][gc,marking  ] GC(28) Mark: 2 stripe(s), 2 proactive flush(es), 1 terminate flush(es), 0 completion(s), 0 continuation(s) 
[92.924s][info][gc,marking  ] GC(28) Mark Stack Usage: 32M
[92.924s][info][gc,nmethod  ] GC(28) NMethods: 1682 registered, 0 unregistered
[92.924s][info][gc,metaspace] GC(28) Metaspace: 6M used, 6M committed, 1088M reserved
[92.924s][info][gc,ref      ] GC(28) Soft: 249 encountered, 0 discovered, 0 enqueued
[92.924s][info][gc,ref      ] GC(28) Weak: 443 encountered, 5 discovered, 0 enqueued
[92.924s][info][gc,ref      ] GC(28) Final: 9 encountered, 0 discovered, 0 enqueued
[92.924s][info][gc,ref      ] GC(28) Phantom: 21 encountered, 11 discovered, 0 enqueued
[92.924s][info][gc,reloc    ] GC(28) Small Pages: 2583 / 5166M, Empty: 5014M, Relocated: 2M, In-Place: 0
[92.924s][info][gc,reloc    ] GC(28) Medium Pages: 0 / 0M, Empty: 0M, Relocated: 0M, In-Place: 0
[92.924s][info][gc,reloc    ] GC(28) Large Pages: 2 / 12M, Empty: 0M, Relocated: 0M, In-Place: 0
[92.924s][info][gc,reloc    ] GC(28) Forwarding Usage: 1M
[92.924s][info][gc,heap     ] GC(28) Min Capacity: 8192M(100%)
[92.925s][info][gc,heap     ] GC(28) Max Capacity: 8192M(100%)
[92.925s][info][gc,heap     ] GC(28) Soft Max Capacity: 8192M(100%)
[92.925s][info][gc,heap     ] GC(28)                Mark Start          Mark End        Relocate Start      Relocate End           High               Low         
[92.925s][info][gc,heap     ] GC(28)  Capacity:     8192M (100%)       8192M (100%)       8192M (100%)       8192M (100%)       8192M (100%)       8192M (100%)   
[92.925s][info][gc,heap     ] GC(28)      Free:     3014M (37%)        2970M (36%)        7962M (97%)        8100M (99%)        8100M (99%)        2948M (36%)    
[92.925s][info][gc,heap     ] GC(28)      Used:     5178M (63%)        5222M (64%)         230M (3%)           92M (1%)         5244M (64%)          92M (1%)     
[92.925s][info][gc,heap     ] GC(28)      Live:         -                19M (0%)           19M (0%)           19M (0%)             -                  -          
[92.925s][info][gc,heap     ] GC(28) Allocated:         -                44M (1%)           66M (1%)           69M (1%)             -                  -          
[92.925s][info][gc,heap     ] GC(28)   Garbage:         -              5158M (63%)         144M (2%)            2M (0%)             -                  -          
[92.925s][info][gc,heap     ] GC(28) Reclaimed:         -                  -              5014M (61%)        5155M (63%)            -                  -          
[92.925s][info][gc          ] GC(28) Garbage Collection (Proactive) 5178M(63%)->92M(1%)
[96.769s][info][gc,start    ] GC(29) Garbage Collection (System.gc())
[96.769s][info][gc,task     ] GC(29) Using 2 workers
[96.769s][info][gc,phases   ] GC(29) Pause Mark Start 0.016ms
[96.788s][info][gc,phases   ] GC(29) Concurrent Mark 19.475ms
[96.789s][info][gc,phases   ] GC(29) Pause Mark End 0.010ms
[96.789s][info][gc,phases   ] GC(29) Concurrent Mark Free 0.002ms
[96.791s][info][gc,phases   ] GC(29) Concurrent Process Non-Strong References 2.687ms
[96.791s][info][gc,phases   ] GC(29) Concurrent Reset Relocation Set 0.010ms
[96.794s][info][gc,phases   ] GC(29) Concurrent Select Relocation Set 2.173ms
[96.794s][info][gc,phases   ] GC(29) Pause Relocate Start 0.007ms
[96.795s][info][gc,phases   ] GC(29) Concurrent Relocate 0.896ms
[96.795s][info][gc,load     ] GC(29) Load: 0.00/0.00/0.00
[96.795s][info][gc,mmu      ] GC(29) MMU: 2ms/98.5%, 5ms/99.4%, 10ms/99.7%, 20ms/99.8%, 50ms/99.9%, 100ms/99.9%
[96.795s][info][gc,marking  ] GC(29) Mark: 2 stripe(s), 1 proactive flush(es), 1 terminate flush(es), 0 completion(s), 0 continuation(s) 
[96.795s][info][gc,marking  ] GC(29) Mark Stack Usage: 32M
[96.795s][info][gc,nmethod  ] GC(29) NMethods: 1684 registered, 0 unregistered
[96.795s][info][gc,metaspace] GC(29) Metaspace: 6M used, 6M committed, 1088M reserved
[96.795s][info][gc,ref      ] GC(29) Soft: 249 encountered, 0 discovered, 0 enqueued
[96.795s][info][gc,ref      ] GC(29) Weak: 443 encountered, 19 discovered, 0 enqueued
[96.795s][info][gc,ref      ] GC(29) Final: 9 encountered, 0 discovered, 0 enqueued
[96.795s][info][gc,ref      ] GC(29) Phantom: 20 encountered, 9 discovered, 1 enqueued
[96.795s][info][gc,reloc    ] GC(29) Small Pages: 2876 / 5752M, Empty: 5744M, Relocated: 1M, In-Place: 0
[96.795s][info][gc,reloc    ] GC(29) Medium Pages: 1 / 32M, Empty: 32M, Relocated: 0M, In-Place: 0
[96.795s][info][gc,reloc    ] GC(29) Large Pages: 4 / 24M, Empty: 12M, Relocated: 0M, In-Place: 0
[96.795s][info][gc,reloc    ] GC(29) Forwarding Usage: 0M
[96.795s][info][gc,heap     ] GC(29) Min Capacity: 8192M(100%)
[96.795s][info][gc,heap     ] GC(29) Max Capacity: 8192M(100%)
[96.795s][info][gc,heap     ] GC(29) Soft Max Capacity: 8192M(100%)
[96.795s][info][gc,heap     ] GC(29)                Mark Start          Mark End        Relocate Start      Relocate End           High               Low         
[96.795s][info][gc,heap     ] GC(29)  Capacity:     8192M (100%)       8192M (100%)       8192M (100%)       8192M (100%)       8192M (100%)       8192M (100%)   
[96.795s][info][gc,heap     ] GC(29)      Free:     2384M (29%)        2384M (29%)        8172M (100%)       8172M (100%)       8172M (100%)       2384M (29%)    
[96.795s][info][gc,heap     ] GC(29)      Used:     5808M (71%)        5808M (71%)          20M (0%)           20M (0%)         5808M (71%)          20M (0%)     
[96.795s][info][gc,heap     ] GC(29)      Live:         -                16M (0%)           16M (0%)           16M (0%)             -                  -          
[96.795s][info][gc,heap     ] GC(29) Allocated:         -                 0M (0%)            0M (0%)            0M (0%)             -                  -          
[96.795s][info][gc,heap     ] GC(29)   Garbage:         -              5791M (71%)           3M (0%)            3M (0%)             -                  -          
[96.795s][info][gc,heap     ] GC(29) Reclaimed:         -                  -              5788M (71%)        5788M (71%)            -                  -          
[96.795s][info][gc          ] GC(29) Garbage Collection (System.gc()) 5808M(71%)->20M(0%)
[99.672s][info][gc,start    ] GC(30) Garbage Collection (Allocation Rate)
[99.672s][info][gc,task     ] GC(30) Using 1 workers
[99.672s][info][gc,phases   ] GC(30) Pause Mark Start 0.007ms
[99.693s][info][gc,phases   ] GC(30) Concurrent Mark 21.354ms
[99.694s][info][gc,phases   ] GC(30) Pause Mark End 0.017ms
[99.696s][info][gc,phases   ] GC(30) Concurrent Mark Free 0.001ms
[99.705s][info][gc,phases   ] GC(30) Concurrent Process Non-Strong References 8.878ms
[99.705s][info][gc,phases   ] GC(30) Concurrent Reset Relocation Set 0.001ms
[99.707s][info][gc,phases   ] GC(30) Concurrent Select Relocation Set 2.246ms
[99.707s][info][gc,phases   ] GC(30) Pause Relocate Start 0.013ms
[99.716s][info][gc,phases   ] GC(30) Concurrent Relocate 2.770ms
[99.716s][info][gc,load     ] GC(30) Load: 0.00/0.00/0.00
[99.716s][info][gc,mmu      ] GC(30) MMU: 2ms/98.5%, 5ms/99.4%, 10ms/99.7%, 20ms/99.8%, 50ms/99.9%, 100ms/99.9%
[99.716s][info][gc,marking  ] GC(30) Mark: 1 stripe(s), 2 proactive flush(es), 1 terminate flush(es), 0 completion(s), 0 continuation(s) 
[99.716s][info][gc,marking  ] GC(30) Mark Stack Usage: 32M
[99.716s][info][gc,nmethod  ] GC(30) NMethods: 1702 registered, 0 unregistered
[99.716s][info][gc,metaspace] GC(30) Metaspace: 6M used, 6M committed, 1088M reserved
[99.716s][info][gc,ref      ] GC(30) Soft: 249 encountered, 0 discovered, 0 enqueued
[99.716s][info][gc,ref      ] GC(30) Weak: 443 encountered, 193 discovered, 0 enqueued
[99.716s][info][gc,ref      ] GC(30) Final: 9 encountered, 7 discovered, 0 enqueued
[99.716s][info][gc,ref      ] GC(30) Phantom: 21 encountered, 14 discovered, 0 enqueued
[99.716s][info][gc,reloc    ] GC(30) Small Pages: 3799 / 7598M, Empty: 7436M, Relocated: 3M, In-Place: 0
[99.716s][info][gc,reloc    ] GC(30) Medium Pages: 0 / 0M, Empty: 0M, Relocated: 0M, In-Place: 0
[99.716s][info][gc,reloc    ] GC(30) Large Pages: 2 / 12M, Empty: 0M, Relocated: 0M, In-Place: 0
[99.716s][info][gc,reloc    ] GC(30) Forwarding Usage: 1M
[99.716s][info][gc,heap     ] GC(30) Min Capacity: 8192M(100%)
[99.716s][info][gc,heap     ] GC(30) Max Capacity: 8192M(100%)
[99.716s][info][gc,heap     ] GC(30) Soft Max Capacity: 8192M(100%)
[99.716s][info][gc,heap     ] GC(30)                Mark Start          Mark End        Relocate Start      Relocate End           High               Low         
[99.716s][info][gc,heap     ] GC(30)  Capacity:     8192M (100%)       8192M (100%)       8192M (100%)       8192M (100%)       8192M (100%)       8192M (100%)   
[99.716s][info][gc,heap     ] GC(30)      Free:      582M (7%)          534M (7%)         7942M (97%)        8082M (99%)        8082M (99%)         510M (6%)     
[99.716s][info][gc,heap     ] GC(30)      Used:     7610M (93%)        7658M (93%)         250M (3%)          110M (1%)         7682M (94%)         110M (1%)     
[99.716s][info][gc,heap     ] GC(30)      Live:         -                19M (0%)           19M (0%)           19M (0%)             -                  -          
[99.717s][info][gc,heap     ] GC(30) Allocated:         -                48M (1%)           76M (1%)           87M (1%)             -                  -          
[99.717s][info][gc,heap     ] GC(30)   Garbage:         -              7590M (93%)         154M (2%)            3M (0%)             -                  -          
[99.717s][info][gc,heap     ] GC(30) Reclaimed:         -                  -              7436M (91%)        7587M (93%)            -                  -          
[99.717s][info][gc          ] GC(30) Garbage Collection (Allocation Rate) 7610M(93%)->110M(1%)
[100.272s][info][gc,stats    ] === Garbage Collection Statistics =======================================================================================================================
[100.272s][info][gc,stats    ]                                                              Last 10s              Last 10m              Last 10h                Total
[100.272s][info][gc,stats    ]                                                              Avg / Max             Avg / Max             Avg / Max             Avg / Max
[100.272s][info][gc,stats    ]   Collector: Garbage Collection Cycle                     41.166 / 52.834       50.470 / 107.600      50.470 / 107.600      50.470 / 107.600     ms
[100.272s][info][gc,stats    ]  Contention: Mark Segment Reset Contention                     0 / 1                 0 / 6                 0 / 6                 0 / 6           ops/s
[100.272s][info][gc,stats    ]  Contention: Mark SeqNum Reset Contention                      0 / 1                 0 / 1                 0 / 1                 0 / 1           ops/s
[100.272s][info][gc,stats    ]    Critical: Allocation Stall                                  0 / 0                 0 / 0                 0 / 0                 0 / 0           ops/s
[100.272s][info][gc,stats    ]    Critical: Allocation Stall                              0.000 / 0.000         0.000 / 0.000         0.000 / 0.000         0.000 / 0.000       ms
[100.272s][info][gc,stats    ]    Critical: GC Locker Stall                                   0 / 0                 0 / 0                 0 / 0                 0 / 0           ops/s
[100.272s][info][gc,stats    ]    Critical: GC Locker Stall                               0.000 / 0.000         0.000 / 0.000         0.000 / 0.000         0.000 / 0.000       ms
[100.272s][info][gc,stats    ]    Critical: Relocation Stall                                  0 / 0                 0 / 0                 0 / 0                 0 / 0           ops/s
[100.272s][info][gc,stats    ]    Critical: Relocation Stall                              0.000 / 0.000         0.000 / 0.000         0.000 / 0.000         0.000 / 0.000       ms
[100.272s][info][gc,stats    ]      Memory: Allocation Rate                                1814 / 2524           1751 / 2786           1751 / 2786           1751 / 2786        MB/s
[100.272s][info][gc,stats    ]      Memory: Out Of Memory                                     0 / 0                 0 / 0                 0 / 0                 0 / 0           ops/s
[100.272s][info][gc,stats    ]      Memory: Page Cache Flush                                  0 / 0                 0 / 0                 0 / 0                 0 / 0           MB/s
[100.272s][info][gc,stats    ]      Memory: Page Cache Hit L1                               905 / 1262            835 / 1393            835 / 1393            835 / 1393        ops/s
[100.272s][info][gc,stats    ]      Memory: Page Cache Hit L2                                 0 / 0                 0 / 0                 0 / 0                 0 / 0           ops/s
[100.272s][info][gc,stats    ]      Memory: Page Cache Hit L3                                 0 / 0                39 / 668              39 / 668              39 / 668         ops/s
[100.272s][info][gc,stats    ]      Memory: Page Cache Miss                                   0 / 0                 0 / 1                 0 / 1                 0 / 1           ops/s
[100.272s][info][gc,stats    ]      Memory: Uncommit                                          0 / 0                 0 / 0                 0 / 0                 0 / 0           MB/s
[100.272s][info][gc,stats    ]      Memory: Undo Object Allocation Failed                     0 / 0                 0 / 1                 0 / 1                 0 / 1           ops/s
[100.272s][info][gc,stats    ]      Memory: Undo Object Allocation Succeeded                 25 / 243              14 / 275              14 / 275              14 / 275         ops/s
[100.272s][info][gc,stats    ]      Memory: Undo Page Allocation                              0 / 0                 0 / 1                 0 / 1                 0 / 1           ops/s
[100.272s][info][gc,stats    ]       Phase: Concurrent Mark                              22.709 / 27.298       26.247 / 65.396       26.247 / 65.396       26.247 / 65.396      ms
[100.272s][info][gc,stats    ]       Phase: Concurrent Mark Continue                      0.000 / 0.000         0.000 / 0.000         0.000 / 0.000         0.000 / 0.000       ms
[100.272s][info][gc,stats    ]       Phase: Concurrent Mark Free                          0.001 / 0.002         0.001 / 0.008         0.001 / 0.008         0.001 / 0.008       ms
[100.272s][info][gc,stats    ]       Phase: Concurrent Process Non-Strong References      7.145 / 9.872         6.823 / 24.943        6.823 / 24.943        6.823 / 24.943      ms
[100.272s][info][gc,stats    ]       Phase: Concurrent Relocate                           1.870 / 2.770         2.394 / 4.946         2.394 / 4.946         2.394 / 4.946       ms
[100.272s][info][gc,stats    ]       Phase: Concurrent Reset Relocation Set               0.006 / 0.010         0.006 / 0.025         0.006 / 0.025         0.006 / 0.025       ms
[100.272s][info][gc,stats    ]       Phase: Concurrent Select Relocation Set              2.052 / 2.246         2.432 / 4.050         2.432 / 4.050         2.432 / 4.050       ms
[100.272s][info][gc,stats    ]       Phase: Pause Mark End                                0.015 / 0.017         0.016 / 0.031         0.016 / 0.031         0.016 / 0.031       ms
[100.272s][info][gc,stats    ]       Phase: Pause Mark Start                              0.010 / 0.016         0.009 / 0.017         0.009 / 0.017         0.009 / 0.017       ms
[100.272s][info][gc,stats    ]       Phase: Pause Relocate Start                          0.009 / 0.013         0.010 / 0.016         0.010 / 0.016         0.010 / 0.016       ms
[100.272s][info][gc,stats    ]    Subphase: Concurrent Classes Purge                      0.117 / 0.129         0.099 / 0.149         0.099 / 0.149         0.099 / 0.149       ms
[100.272s][info][gc,stats    ]    Subphase: Concurrent Classes Unlink                     1.787 / 2.195         1.539 / 2.273         1.539 / 2.273         1.539 / 2.273       ms
[100.272s][info][gc,stats    ]    Subphase: Concurrent Mark                              17.172 / 26.902       20.314 / 64.769       20.314 / 64.769       20.314 / 64.769      ms
[100.272s][info][gc,stats    ]    Subphase: Concurrent Mark Try Flush                     2.486 / 5.920         3.810 / 19.177        3.810 / 19.177        3.810 / 19.177      ms
[100.272s][info][gc,stats    ]    Subphase: Concurrent Mark Try Terminate                 5.000 / 16.303        4.939 / 16.303        4.939 / 16.303        4.939 / 16.303      ms
[100.272s][info][gc,stats    ]    Subphase: Concurrent References Enqueue                 0.003 / 0.010         0.002 / 0.010         0.002 / 0.010         0.002 / 0.010       ms
[100.272s][info][gc,stats    ]    Subphase: Concurrent References Process                 0.065 / 0.105         0.072 / 0.201         0.072 / 0.201         0.072 / 0.201       ms
[100.272s][info][gc,stats    ]    Subphase: Concurrent Roots ClassLoaderDataGraph         0.088 / 0.152         0.097 / 0.366         0.097 / 0.366         0.097 / 0.366       ms
[100.272s][info][gc,stats    ]    Subphase: Concurrent Roots CodeCache                    0.000 / 0.000         0.000 / 0.000         0.000 / 0.000         0.000 / 0.000       ms
[100.272s][info][gc,stats    ]    Subphase: Concurrent Roots JavaThreads                  0.331 / 0.481         0.315 / 0.559         0.315 / 0.559         0.315 / 0.559       ms
[100.272s][info][gc,stats    ]    Subphase: Concurrent Roots OopStorageSet                0.018 / 0.028         0.024 / 0.086         0.024 / 0.086         0.024 / 0.086       ms
[100.272s][info][gc,stats    ]    Subphase: Concurrent Weak Roots OopStorageSet           0.189 / 0.288         0.214 / 0.563         0.214 / 0.563         0.214 / 0.563       ms
[100.272s][info][gc,stats    ]    Subphase: Pause Mark Try Complete                       0.000 / 0.000         0.000 / 0.000         0.000 / 0.000         0.000 / 0.000       ms
[100.272s][info][gc,stats    ]      System: Java Threads                                     17 / 19               17 / 20               17 / 20               17 / 20          threads
[100.272s][info][gc,stats    ] =========================================================================================================================================================
[103.175s][info][gc,start    ] GC(31) Garbage Collection (Proactive)
[103.175s][info][gc,task     ] GC(31) Using 2 workers
[103.175s][info][gc,phases   ] GC(31) Pause Mark Start 0.009ms
[103.207s][info][gc,phases   ] GC(31) Concurrent Mark 25.863ms
[103.207s][info][gc,phases   ] GC(31) Pause Mark End 0.013ms
[103.208s][info][gc,phases   ] GC(31) Concurrent Mark Free 0.002ms
[103.222s][info][gc,phases   ] GC(31) Concurrent Process Non-Strong References 14.023ms
[103.223s][info][gc,phases   ] GC(31) Concurrent Reset Relocation Set 0.006ms
[103.225s][info][gc,phases   ] GC(31) Concurrent Select Relocation Set 2.203ms
[103.225s][info][gc,phases   ] GC(31) Pause Relocate Start 0.014ms
[103.233s][info][gc,phases   ] GC(31) Concurrent Relocate 2.492ms
[103.233s][info][gc,load     ] GC(31) Load: 0.00/0.00/0.00
[103.233s][info][gc,mmu      ] GC(31) MMU: 2ms/98.5%, 5ms/99.4%, 10ms/99.7%, 20ms/99.8%, 50ms/99.9%, 100ms/99.9%
[103.233s][info][gc,marking  ] GC(31) Mark: 2 stripe(s), 3 proactive flush(es), 1 terminate flush(es), 0 completion(s), 0 continuation(s) 
[103.233s][info][gc,marking  ] GC(31) Mark Stack Usage: 32M
[103.233s][info][gc,nmethod  ] GC(31) NMethods: 1702 registered, 0 unregistered
[103.233s][info][gc,metaspace] GC(31) Metaspace: 6M used, 6M committed, 1088M reserved
[103.233s][info][gc,ref      ] GC(31) Soft: 249 encountered, 0 discovered, 0 enqueued
[103.233s][info][gc,ref      ] GC(31) Weak: 443 encountered, 3 discovered, 0 enqueued
[103.233s][info][gc,ref      ] GC(31) Final: 9 encountered, 0 discovered, 0 enqueued
[103.233s][info][gc,ref      ] GC(31) Phantom: 21 encountered, 14 discovered, 0 enqueued
[103.233s][info][gc,reloc    ] GC(31) Small Pages: 2567 / 5134M, Empty: 5022M, Relocated: 5M, In-Place: 0
[103.233s][info][gc,reloc    ] GC(31) Medium Pages: 0 / 0M, Empty: 0M, Relocated: 0M, In-Place: 0
[103.233s][info][gc,reloc    ] GC(31) Large Pages: 2 / 12M, Empty: 0M, Relocated: 0M, In-Place: 0
[103.233s][info][gc,reloc    ] GC(31) Forwarding Usage: 1M
[103.233s][info][gc,heap     ] GC(31) Min Capacity: 8192M(100%)
[103.233s][info][gc,heap     ] GC(31) Max Capacity: 8192M(100%)
[103.233s][info][gc,heap     ] GC(31) Soft Max Capacity: 8192M(100%)
[103.233s][info][gc,heap     ] GC(31)                Mark Start          Mark End        Relocate Start      Relocate End           High               Low         
[103.233s][info][gc,heap     ] GC(31)  Capacity:     8192M (100%)       8192M (100%)       8192M (100%)       8192M (100%)       8192M (100%)       8192M (100%)   
[103.233s][info][gc,heap     ] GC(31)      Free:     3046M (37%)        2998M (37%)        8000M (98%)        8094M (99%)        8096M (99%)        2982M (36%)    
[103.233s][info][gc,heap     ] GC(31)      Used:     5146M (63%)        5194M (63%)         192M (2%)           98M (1%)         5210M (64%)          96M (1%)     
[103.233s][info][gc,heap     ] GC(31)      Live:         -                19M (0%)           19M (0%)           19M (0%)             -                  -          
[103.233s][info][gc,heap     ] GC(31) Allocated:         -                48M (1%)           68M (1%)           75M (1%)             -                  -          
[103.233s][info][gc,heap     ] GC(31)   Garbage:         -              5126M (63%)         104M (1%)            3M (0%)             -                  -          
[103.233s][info][gc,heap     ] GC(31) Reclaimed:         -                  -              5022M (61%)        5123M (63%)            -                  -          
[103.233s][info][gc          ] GC(31) Garbage Collection (Proactive) 5146M(63%)->98M(1%)
[107.012s][info][gc,heap,exit] Heap
[107.012s][info][gc,heap,exit]  ZHeap           used 5722M, capacity 8192M, max capacity 8192M
[107.012s][info][gc,heap,exit]  Metaspace       used 6506K, committed 6784K, reserved 1114112K
[107.012s][info][gc,heap,exit]   class space    used 620K, committed 768K, reserved 1048576K
