[0.010s][info][gc,init] CardTable entry size: 512
[0.010s][info][gc     ] Using Parallel
[0.352s][info][gc,init] Version: 21.0.4+7-adhoc.Administrator.jdk21u (release)
[0.352s][info][gc,init] CPUs: 6 total, 6 available
[0.352s][info][gc,init] Memory: 15591M
[0.352s][info][gc,init] Large Page Support: Disabled
[0.352s][info][gc,init] NUMA Support: Disabled
[0.352s][info][gc,init] Compressed Oops: Enabled (Zero based)
[0.352s][info][gc,init] Alignments: Space 512K, Generation 512K, Heap 2M
[0.352s][info][gc,init] Heap Min Capacity: 8G
[0.352s][info][gc,init] Heap Initial Capacity: 8G
[0.352s][info][gc,init] Heap Max Capacity: 8G
[0.357s][info][gc,init] Pre-touch: Disabled
[0.357s][info][gc,init] Parallel Workers: 6
[0.392s][info][gc,metaspace] CDS archive(s) mapped at: [0x000001caa9000000-0x000001caa9c90000-0x000001caa9c90000), size 13172736, SharedBaseAddress: 0x000001caa9000000, ArchiveRelocationMode: 1.
[0.392s][info][gc,metaspace] Compressed class space mapped at: 0x000001caaa000000-0x000001caea000000, reserved size: 1073741824
[0.392s][info][gc,metaspace] Narrow klass base: 0x000001caa9000000, Narrow klass shift: 0, Narrow klass range: 0x100000000
[1.707s][info][gc,start    ] GC(0) Pause Young (System.gc())
[1.714s][info][gc,heap     ] GC(0) PSYoungGen: 209766K(2446848K)->3893K(2446848K) Eden: 209766K(2097664K)->0K(2097664K) From: 0K(349184K)->3893K(349184K)
[1.714s][info][gc,heap     ] GC(0) ParOldGen: 0K(5592576K)->16K(5592576K)
[1.714s][info][gc,metaspace] GC(0) Metaspace: 8630K(8832K)->8630K(8832K) NonClass: 7505K(7616K)->7505K(7616K) Class: 1124K(1216K)->1124K(1216K)
[1.714s][info][gc          ] GC(0) Pause Young (System.gc()) 204M->3M(7851M) 6.495ms
[1.714s][info][gc,cpu      ] GC(0) User=0.00s Sys=0.00s Real=0.01s
[1.714s][info][gc,start    ] GC(1) Pause Full (System.gc())
[1.714s][info][gc,phases,start] GC(1) Marking Phase
[1.719s][info][gc,phases      ] GC(1) Marking Phase 5.124ms
[1.719s][info][gc,phases,start] GC(1) Summary Phase
[1.719s][info][gc,phases      ] GC(1) Summary Phase 0.021ms
[1.719s][info][gc,phases,start] GC(1) Adjust Roots
[1.722s][info][gc,phases      ] GC(1) Adjust Roots 2.221ms
[1.722s][info][gc,phases,start] GC(1) Compaction Phase
[1.728s][info][gc,phases      ] GC(1) Compaction Phase 6.180ms
[1.728s][info][gc,phases,start] GC(1) Post Compact
[1.730s][info][gc,phases      ] GC(1) Post Compact 1.638ms
[1.730s][info][gc,heap        ] GC(1) PSYoungGen: 3893K(2446848K)->0K(2446848K) Eden: 0K(2097664K)->0K(2097664K) From: 3893K(349184K)->0K(349184K)
[1.730s][info][gc,heap        ] GC(1) ParOldGen: 16K(5592576K)->3821K(5592576K)
[1.730s][info][gc,metaspace   ] GC(1) Metaspace: 8630K(8832K)->8630K(8832K) NonClass: 7505K(7616K)->7505K(7616K) Class: 1124K(1216K)->1124K(1216K)
[1.730s][info][gc             ] GC(1) Pause Full (System.gc()) 3M->3M(7851M) 15.517ms
[1.730s][info][gc,cpu         ] GC(1) User=0.00s Sys=0.00s Real=0.01s
[4.425s][info][gc,start       ] GC(2) Pause Young (System.gc())
[4.426s][info][gc,heap        ] GC(2) PSYoungGen: 1817999K(2446848K)->416K(2446848K) Eden: 1817999K(2097664K)->0K(2097664K) From: 0K(349184K)->416K(349184K)
[4.426s][info][gc,heap        ] GC(2) ParOldGen: 3821K(5592576K)->3829K(5592576K)
[4.426s][info][gc,metaspace   ] GC(2) Metaspace: 10213K(10496K)->10213K(10496K) NonClass: 8879K(9024K)->8879K(9024K) Class: 1333K(1472K)->1333K(1472K)
[4.426s][info][gc             ] GC(2) Pause Young (System.gc()) 1779M->4M(7851M) 1.002ms
[4.426s][info][gc,cpu         ] GC(2) User=0.00s Sys=0.00s Real=0.00s
[4.426s][info][gc,start       ] GC(3) Pause Full (System.gc())
[4.426s][info][gc,phases,start] GC(3) Marking Phase
[4.433s][info][gc,phases      ] GC(3) Marking Phase 6.407ms
[4.433s][info][gc,phases,start] GC(3) Summary Phase
[4.433s][info][gc,phases      ] GC(3) Summary Phase 0.011ms
[4.433s][info][gc,phases,start] GC(3) Adjust Roots
[4.435s][info][gc,phases      ] GC(3) Adjust Roots 2.241ms
[4.435s][info][gc,phases,start] GC(3) Compaction Phase
[4.440s][info][gc,phases      ] GC(3) Compaction Phase 4.626ms
[4.440s][info][gc,phases,start] GC(3) Post Compact
[4.441s][info][gc,phases      ] GC(3) Post Compact 0.938ms
[4.441s][info][gc,heap        ] GC(3) PSYoungGen: 416K(2446848K)->0K(2446848K) Eden: 0K(2097664K)->0K(2097664K) From: 416K(349184K)->0K(349184K)
[4.441s][info][gc,heap        ] GC(3) ParOldGen: 3829K(5592576K)->4071K(5592576K)
[4.441s][info][gc,metaspace   ] GC(3) Metaspace: 10213K(10496K)->10168K(10496K) NonClass: 8879K(9024K)->8847K(9024K) Class: 1333K(1472K)->1320K(1472K)
[4.441s][info][gc             ] GC(3) Pause Full (System.gc()) 4M->3M(7851M) 14.506ms
[4.441s][info][gc,cpu         ] GC(3) User=0.02s Sys=0.00s Real=0.02s
[6.129s][info][gc,start       ] GC(4) Pause Young (System.gc())
[6.130s][info][gc,heap        ] GC(4) PSYoungGen: 1646351K(2446848K)->96K(2446848K) Eden: 1646351K(2097664K)->0K(2097664K) From: 0K(349184K)->96K(349184K)
[6.130s][info][gc,heap        ] GC(4) ParOldGen: 4071K(5592576K)->4071K(5592576K)
[6.130s][info][gc,metaspace   ] GC(4) Metaspace: 10168K(10496K)->10168K(10496K) NonClass: 8847K(9024K)->8847K(9024K) Class: 1320K(1472K)->1320K(1472K)
[6.130s][info][gc             ] GC(4) Pause Young (System.gc()) 1611M->4M(7851M) 0.306ms
[6.130s][info][gc,cpu         ] GC(4) User=0.00s Sys=0.00s Real=0.00s
[6.130s][info][gc,start       ] GC(5) Pause Full (System.gc())
[6.130s][info][gc,phases,start] GC(5) Marking Phase
[6.135s][info][gc,phases      ] GC(5) Marking Phase 4.686ms
[6.135s][info][gc,phases,start] GC(5) Summary Phase
[6.135s][info][gc,phases      ] GC(5) Summary Phase 0.009ms
[6.135s][info][gc,phases,start] GC(5) Adjust Roots
[6.136s][info][gc,phases      ] GC(5) Adjust Roots 1.762ms
[6.136s][info][gc,phases,start] GC(5) Compaction Phase
[6.138s][info][gc,phases      ] GC(5) Compaction Phase 2.001ms
[6.138s][info][gc,phases,start] GC(5) Post Compact
[6.139s][info][gc,phases      ] GC(5) Post Compact 0.473ms
[6.139s][info][gc,heap        ] GC(5) PSYoungGen: 96K(2446848K)->0K(2446848K) Eden: 0K(2097664K)->0K(2097664K) From: 96K(349184K)->0K(349184K)
[6.139s][info][gc,heap        ] GC(5) ParOldGen: 4071K(5592576K)->4061K(5592576K)
[6.139s][info][gc,metaspace   ] GC(5) Metaspace: 10168K(10496K)->10168K(10496K) NonClass: 8847K(9024K)->8847K(9024K) Class: 1320K(1472K)->1320K(1472K)
[6.139s][info][gc             ] GC(5) Pause Full (System.gc()) 4M->3M(7851M) 9.113ms
[6.139s][info][gc,cpu         ] GC(5) User=0.00s Sys=0.00s Real=0.01s
[7.628s][info][gc,start       ] GC(6) Pause Young (System.gc())
[7.628s][info][gc,heap        ] GC(6) PSYoungGen: 1613931K(2446848K)->32K(2446848K) Eden: 1613931K(2097664K)->0K(2097664K) From: 0K(349184K)->32K(349184K)
[7.628s][info][gc,heap        ] GC(6) ParOldGen: 4061K(5592576K)->4061K(5592576K)
[7.628s][info][gc,metaspace   ] GC(6) Metaspace: 10171K(10496K)->10171K(10496K) NonClass: 8851K(9024K)->8851K(9024K) Class: 1320K(1472K)->1320K(1472K)
[7.628s][info][gc             ] GC(6) Pause Young (System.gc()) 1580M->3M(7851M) 0.270ms
[7.628s][info][gc,cpu         ] GC(6) User=0.00s Sys=0.00s Real=0.00s
[7.628s][info][gc,start       ] GC(7) Pause Full (System.gc())
[7.628s][info][gc,phases,start] GC(7) Marking Phase
[7.633s][info][gc,phases      ] GC(7) Marking Phase 4.268ms
[7.633s][info][gc,phases,start] GC(7) Summary Phase
[7.633s][info][gc,phases      ] GC(7) Summary Phase 0.008ms
[7.633s][info][gc,phases,start] GC(7) Adjust Roots
[7.634s][info][gc,phases      ] GC(7) Adjust Roots 1.429ms
[7.634s][info][gc,phases,start] GC(7) Compaction Phase
[7.636s][info][gc,phases      ] GC(7) Compaction Phase 1.867ms
[7.636s][info][gc,phases,start] GC(7) Post Compact
[7.637s][info][gc,phases      ] GC(7) Post Compact 0.503ms
[7.637s][info][gc,heap        ] GC(7) PSYoungGen: 32K(2446848K)->0K(2446848K) Eden: 0K(2097664K)->0K(2097664K) From: 32K(349184K)->0K(349184K)
[7.637s][info][gc,heap        ] GC(7) ParOldGen: 4061K(5592576K)->4061K(5592576K)
[7.637s][info][gc,metaspace   ] GC(7) Metaspace: 10171K(10496K)->10171K(10496K) NonClass: 8851K(9024K)->8851K(9024K) Class: 1320K(1472K)->1320K(1472K)
[7.637s][info][gc             ] GC(7) Pause Full (System.gc()) 3M->3M(7851M) 8.283ms
[7.637s][info][gc,cpu         ] GC(7) User=0.00s Sys=0.00s Real=0.00s
[9.135s][info][gc,start       ] GC(8) Pause Young (System.gc())
[9.136s][info][gc,heap        ] GC(8) PSYoungGen: 1605766K(2446848K)->160K(2446848K) Eden: 1605766K(2097664K)->0K(2097664K) From: 0K(349184K)->160K(349184K)
[9.136s][info][gc,heap        ] GC(8) ParOldGen: 4061K(5592576K)->4061K(5592576K)
[9.136s][info][gc,metaspace   ] GC(8) Metaspace: 10176K(10496K)->10176K(10496K) NonClass: 8856K(9024K)->8856K(9024K) Class: 1320K(1472K)->1320K(1472K)
[9.136s][info][gc             ] GC(8) Pause Young (System.gc()) 1572M->4M(7851M) 0.272ms
[9.136s][info][gc,cpu         ] GC(8) User=0.00s Sys=0.00s Real=0.00s
[9.136s][info][gc,start       ] GC(9) Pause Full (System.gc())
[9.136s][info][gc,phases,start] GC(9) Marking Phase
[9.140s][info][gc,phases      ] GC(9) Marking Phase 4.010ms
[9.140s][info][gc,phases,start] GC(9) Summary Phase
[9.140s][info][gc,phases      ] GC(9) Summary Phase 0.009ms
[9.140s][info][gc,phases,start] GC(9) Adjust Roots
[9.141s][info][gc,phases      ] GC(9) Adjust Roots 1.426ms
[9.141s][info][gc,phases,start] GC(9) Compaction Phase
[9.143s][info][gc,phases      ] GC(9) Compaction Phase 1.834ms
[9.143s][info][gc,phases,start] GC(9) Post Compact
[9.144s][info][gc,phases      ] GC(9) Post Compact 0.526ms
[9.144s][info][gc,heap        ] GC(9) PSYoungGen: 160K(2446848K)->0K(2446848K) Eden: 0K(2097664K)->0K(2097664K) From: 160K(349184K)->0K(349184K)
[9.144s][info][gc,heap        ] GC(9) ParOldGen: 4061K(5592576K)->4061K(5592576K)
[9.144s][info][gc,metaspace   ] GC(9) Metaspace: 10176K(10496K)->10176K(10496K) NonClass: 8856K(9024K)->8856K(9024K) Class: 1320K(1472K)->1320K(1472K)
[9.144s][info][gc             ] GC(9) Pause Full (System.gc()) 4M->3M(7851M) 7.977ms
[9.144s][info][gc,cpu         ] GC(9) User=0.00s Sys=0.00s Real=0.00s
[10.961s][info][gc,start       ] GC(10) Pause Young (System.gc())
[10.961s][info][gc,heap        ] GC(10) PSYoungGen: 1615325K(2446848K)->64K(2446848K) Eden: 1615325K(2097664K)->0K(2097664K) From: 0K(349184K)->64K(349184K)
[10.961s][info][gc,heap        ] GC(10) ParOldGen: 4061K(5592576K)->4069K(5592576K)
[10.961s][info][gc,metaspace   ] GC(10) Metaspace: 10178K(10496K)->10178K(10496K) NonClass: 8857K(9024K)->8857K(9024K) Class: 1320K(1472K)->1320K(1472K)
[10.961s][info][gc             ] GC(10) Pause Young (System.gc()) 1581M->4M(7851M) 0.356ms
[10.961s][info][gc,cpu         ] GC(10) User=0.00s Sys=0.00s Real=0.00s
[10.961s][info][gc,start       ] GC(11) Pause Full (System.gc())
[10.961s][info][gc,phases,start] GC(11) Marking Phase
[10.967s][info][gc,phases      ] GC(11) Marking Phase 5.844ms
[10.967s][info][gc,phases,start] GC(11) Summary Phase
[10.967s][info][gc,phases      ] GC(11) Summary Phase 0.014ms
[10.967s][info][gc,phases,start] GC(11) Adjust Roots
[10.970s][info][gc,phases      ] GC(11) Adjust Roots 2.872ms
[10.970s][info][gc,phases,start] GC(11) Compaction Phase
[10.973s][info][gc,phases      ] GC(11) Compaction Phase 3.132ms
[10.973s][info][gc,phases,start] GC(11) Post Compact
[10.974s][info][gc,phases      ] GC(11) Post Compact 0.559ms
[10.974s][info][gc,heap        ] GC(11) PSYoungGen: 64K(2446848K)->0K(2446848K) Eden: 0K(2097664K)->0K(2097664K) From: 64K(349184K)->0K(349184K)
[10.974s][info][gc,heap        ] GC(11) ParOldGen: 4069K(5592576K)->4061K(5592576K)
[10.974s][info][gc,metaspace   ] GC(11) Metaspace: 10178K(10496K)->10178K(10496K) NonClass: 8857K(9024K)->8857K(9024K) Class: 1320K(1472K)->1320K(1472K)
[10.974s][info][gc             ] GC(11) Pause Full (System.gc()) 4M->3M(7851M) 12.708ms
[10.974s][info][gc,cpu         ] GC(11) User=0.02s Sys=0.00s Real=0.01s
[13.250s][info][gc,start       ] GC(12) Pause Young (System.gc())
[13.250s][info][gc,heap        ] GC(12) PSYoungGen: 1605778K(2446848K)->128K(2446848K) Eden: 1605778K(2097664K)->0K(2097664K) From: 0K(349184K)->128K(349184K)
[13.250s][info][gc,heap        ] GC(12) ParOldGen: 4061K(5592576K)->4061K(5592576K)
[13.250s][info][gc,metaspace   ] GC(12) Metaspace: 10181K(10496K)->10181K(10496K) NonClass: 8861K(9024K)->8861K(9024K) Class: 1320K(1472K)->1320K(1472K)
[13.250s][info][gc             ] GC(12) Pause Young (System.gc()) 1572M->4M(7851M) 0.439ms
[13.250s][info][gc,cpu         ] GC(12) User=0.00s Sys=0.00s Real=0.00s
[13.250s][info][gc,start       ] GC(13) Pause Full (System.gc())
[13.250s][info][gc,phases,start] GC(13) Marking Phase
[13.256s][info][gc,phases      ] GC(13) Marking Phase 5.581ms
[13.256s][info][gc,phases,start] GC(13) Summary Phase
[13.256s][info][gc,phases      ] GC(13) Summary Phase 0.015ms
[13.256s][info][gc,phases,start] GC(13) Adjust Roots
[13.258s][info][gc,phases      ] GC(13) Adjust Roots 2.549ms
[13.258s][info][gc,phases,start] GC(13) Compaction Phase
[13.261s][info][gc,phases      ] GC(13) Compaction Phase 2.690ms
[13.261s][info][gc,phases,start] GC(13) Post Compact
[13.262s][info][gc,phases      ] GC(13) Post Compact 0.423ms
[13.262s][info][gc,heap        ] GC(13) PSYoungGen: 128K(2446848K)->0K(2446848K) Eden: 0K(2097664K)->0K(2097664K) From: 128K(349184K)->0K(349184K)
[13.262s][info][gc,heap        ] GC(13) ParOldGen: 4061K(5592576K)->4061K(5592576K)
[13.262s][info][gc,metaspace   ] GC(13) Metaspace: 10181K(10496K)->10181K(10496K) NonClass: 8861K(9024K)->8861K(9024K) Class: 1320K(1472K)->1320K(1472K)
[13.262s][info][gc             ] GC(13) Pause Full (System.gc()) 4M->3M(7851M) 11.518ms
[13.262s][info][gc,cpu         ] GC(13) User=0.02s Sys=0.00s Real=0.01s
[15.543s][info][gc,start       ] GC(14) Pause Young (System.gc())
[15.544s][info][gc,heap        ] GC(14) PSYoungGen: 1599022K(2446848K)->32K(2446848K) Eden: 1599022K(2097664K)->0K(2097664K) From: 0K(349184K)->32K(349184K)
[15.544s][info][gc,heap        ] GC(14) ParOldGen: 4061K(5592576K)->4061K(5592576K)
[15.544s][info][gc,metaspace   ] GC(14) Metaspace: 10187K(10496K)->10187K(10496K) NonClass: 8866K(9024K)->8866K(9024K) Class: 1320K(1472K)->1320K(1472K)
[15.544s][info][gc             ] GC(14) Pause Young (System.gc()) 1565M->3M(7851M) 0.435ms
[15.544s][info][gc,cpu         ] GC(14) User=0.00s Sys=0.00s Real=0.00s
[15.544s][info][gc,start       ] GC(15) Pause Full (System.gc())
[15.544s][info][gc,phases,start] GC(15) Marking Phase
[15.549s][info][gc,phases      ] GC(15) Marking Phase 5.620ms
[15.550s][info][gc,phases,start] GC(15) Summary Phase
[15.550s][info][gc,phases      ] GC(15) Summary Phase 0.014ms
[15.550s][info][gc,phases,start] GC(15) Adjust Roots
[15.552s][info][gc,phases      ] GC(15) Adjust Roots 2.108ms
[15.552s][info][gc,phases,start] GC(15) Compaction Phase
[15.555s][info][gc,phases      ] GC(15) Compaction Phase 3.484ms
[15.555s][info][gc,phases,start] GC(15) Post Compact
[15.556s][info][gc,phases      ] GC(15) Post Compact 0.592ms
[15.556s][info][gc,heap        ] GC(15) PSYoungGen: 32K(2446848K)->0K(2446848K) Eden: 0K(2097664K)->0K(2097664K) From: 32K(349184K)->0K(349184K)
[15.556s][info][gc,heap        ] GC(15) ParOldGen: 4061K(5592576K)->4061K(5592576K)
[15.556s][info][gc,metaspace   ] GC(15) Metaspace: 10187K(10496K)->10187K(10496K) NonClass: 8866K(9024K)->8866K(9024K) Class: 1320K(1472K)->1320K(1472K)
[15.556s][info][gc             ] GC(15) Pause Full (System.gc()) 3M->3M(7851M) 12.079ms
[15.556s][info][gc,cpu         ] GC(15) User=0.00s Sys=0.00s Real=0.02s
[17.806s][info][gc,start       ] GC(16) Pause Young (System.gc())
[17.806s][info][gc,heap        ] GC(16) PSYoungGen: 1597723K(2446848K)->32K(2446848K) Eden: 1597723K(2097664K)->0K(2097664K) From: 0K(349184K)->32K(349184K)
[17.806s][info][gc,heap        ] GC(16) ParOldGen: 4061K(5592576K)->4061K(5592576K)
[17.806s][info][gc,metaspace   ] GC(16) Metaspace: 10187K(10496K)->10187K(10496K) NonClass: 8867K(9024K)->8867K(9024K) Class: 1320K(1472K)->1320K(1472K)
[17.806s][info][gc             ] GC(16) Pause Young (System.gc()) 1564M->3M(7851M) 0.347ms
[17.806s][info][gc,cpu         ] GC(16) User=0.00s Sys=0.00s Real=0.00s
[17.806s][info][gc,start       ] GC(17) Pause Full (System.gc())
[17.806s][info][gc,phases,start] GC(17) Marking Phase
[17.812s][info][gc,phases      ] GC(17) Marking Phase 5.976ms
[17.812s][info][gc,phases,start] GC(17) Summary Phase
[17.812s][info][gc,phases      ] GC(17) Summary Phase 0.019ms
[17.812s][info][gc,phases,start] GC(17) Adjust Roots
[17.815s][info][gc,phases      ] GC(17) Adjust Roots 2.175ms
[17.815s][info][gc,phases,start] GC(17) Compaction Phase
[17.818s][info][gc,phases      ] GC(17) Compaction Phase 2.985ms
[17.818s][info][gc,phases,start] GC(17) Post Compact
[17.818s][info][gc,phases      ] GC(17) Post Compact 0.504ms
[17.818s][info][gc,heap        ] GC(17) PSYoungGen: 32K(2446848K)->0K(2446848K) Eden: 0K(2097664K)->0K(2097664K) From: 32K(349184K)->0K(349184K)
[17.818s][info][gc,heap        ] GC(17) ParOldGen: 4061K(5592576K)->4061K(5592576K)
[17.818s][info][gc,metaspace   ] GC(17) Metaspace: 10187K(10496K)->10187K(10496K) NonClass: 8867K(9024K)->8867K(9024K) Class: 1320K(1472K)->1320K(1472K)
[17.818s][info][gc             ] GC(17) Pause Full (System.gc()) 3M->3M(7851M) 11.980ms
[17.818s][info][gc,cpu         ] GC(17) User=0.02s Sys=0.00s Real=0.02s
[20.092s][info][gc,start       ] GC(18) Pause Young (System.gc())
[20.092s][info][gc,heap        ] GC(18) PSYoungGen: 1617628K(2446848K)->32K(2446848K) Eden: 1617628K(2097664K)->0K(2097664K) From: 0K(349184K)->32K(349184K)
[20.092s][info][gc,heap        ] GC(18) ParOldGen: 4061K(5592576K)->4061K(5592576K)
[20.092s][info][gc,metaspace   ] GC(18) Metaspace: 10189K(10496K)->10189K(10496K) NonClass: 8869K(9024K)->8869K(9024K) Class: 1320K(1472K)->1320K(1472K)
[20.092s][info][gc             ] GC(18) Pause Young (System.gc()) 1583M->3M(7851M) 0.411ms
[20.092s][info][gc,cpu         ] GC(18) User=0.00s Sys=0.00s Real=0.00s
[20.092s][info][gc,start       ] GC(19) Pause Full (System.gc())
[20.092s][info][gc,phases,start] GC(19) Marking Phase
[20.098s][info][gc,phases      ] GC(19) Marking Phase 5.660ms
[20.098s][info][gc,phases,start] GC(19) Summary Phase
[20.098s][info][gc,phases      ] GC(19) Summary Phase 0.014ms
[20.098s][info][gc,phases,start] GC(19) Adjust Roots
[20.101s][info][gc,phases      ] GC(19) Adjust Roots 2.622ms
[20.101s][info][gc,phases,start] GC(19) Compaction Phase
[20.103s][info][gc,phases      ] GC(19) Compaction Phase 2.750ms
[20.104s][info][gc,phases,start] GC(19) Post Compact
[20.104s][info][gc,phases      ] GC(19) Post Compact 0.440ms
[20.104s][info][gc,heap        ] GC(19) PSYoungGen: 32K(2446848K)->0K(2446848K) Eden: 0K(2097664K)->0K(2097664K) From: 32K(349184K)->0K(349184K)
[20.104s][info][gc,heap        ] GC(19) ParOldGen: 4061K(5592576K)->4061K(5592576K)
[20.104s][info][gc,metaspace   ] GC(19) Metaspace: 10189K(10496K)->10189K(10496K) NonClass: 8869K(9024K)->8869K(9024K) Class: 1320K(1472K)->1320K(1472K)
[20.104s][info][gc             ] GC(19) Pause Full (System.gc()) 3M->3M(7851M) 11.770ms
[20.104s][info][gc,cpu         ] GC(19) User=0.02s Sys=0.00s Real=0.02s
[22.371s][info][gc,start       ] GC(20) Pause Young (System.gc())
[22.372s][info][gc,heap        ] GC(20) PSYoungGen: 1597180K(2446848K)->32K(2446848K) Eden: 1597180K(2097664K)->0K(2097664K) From: 0K(349184K)->32K(349184K)
[22.372s][info][gc,heap        ] GC(20) ParOldGen: 4061K(5592576K)->4061K(5592576K)
[22.372s][info][gc,metaspace   ] GC(20) Metaspace: 10190K(10496K)->10190K(10496K) NonClass: 8870K(9024K)->8870K(9024K) Class: 1320K(1472K)->1320K(1472K)
[22.372s][info][gc             ] GC(20) Pause Young (System.gc()) 1563M->3M(7851M) 0.451ms
[22.372s][info][gc,cpu         ] GC(20) User=0.00s Sys=0.00s Real=0.00s
[22.372s][info][gc,start       ] GC(21) Pause Full (System.gc())
[22.372s][info][gc,phases,start] GC(21) Marking Phase
[22.378s][info][gc,phases      ] GC(21) Marking Phase 5.850ms
[22.378s][info][gc,phases,start] GC(21) Summary Phase
[22.378s][info][gc,phases      ] GC(21) Summary Phase 0.015ms
[22.378s][info][gc,phases,start] GC(21) Adjust Roots
[22.380s][info][gc,phases      ] GC(21) Adjust Roots 2.471ms
[22.380s][info][gc,phases,start] GC(21) Compaction Phase
[22.383s][info][gc,phases      ] GC(21) Compaction Phase 2.984ms
[22.383s][info][gc,phases,start] GC(21) Post Compact
[22.384s][info][gc,phases      ] GC(21) Post Compact 0.427ms
[22.384s][info][gc,heap        ] GC(21) PSYoungGen: 32K(2446848K)->0K(2446848K) Eden: 0K(2097664K)->0K(2097664K) From: 32K(349184K)->0K(349184K)
[22.384s][info][gc,heap        ] GC(21) ParOldGen: 4061K(5592576K)->4061K(5592576K)
[22.384s][info][gc,metaspace   ] GC(21) Metaspace: 10190K(10496K)->10190K(10496K) NonClass: 8870K(9024K)->8870K(9024K) Class: 1320K(1472K)->1320K(1472K)
[22.384s][info][gc             ] GC(21) Pause Full (System.gc()) 3M->3M(7851M) 12.041ms
[22.384s][info][gc,cpu         ] GC(21) User=0.00s Sys=0.00s Real=0.02s
[24.660s][info][gc,start       ] GC(22) Pause Young (System.gc())
[24.660s][info][gc,heap        ] GC(22) PSYoungGen: 1600145K(2446848K)->32K(2446848K) Eden: 1600145K(2097664K)->0K(2097664K) From: 0K(349184K)->32K(349184K)
[24.660s][info][gc,heap        ] GC(22) ParOldGen: 4061K(5592576K)->4061K(5592576K)
[24.660s][info][gc,metaspace   ] GC(22) Metaspace: 10194K(10496K)->10194K(10496K) NonClass: 8874K(9024K)->8874K(9024K) Class: 1320K(1472K)->1320K(1472K)
[24.660s][info][gc             ] GC(22) Pause Young (System.gc()) 1566M->3M(7851M) 0.445ms
[24.660s][info][gc,cpu         ] GC(22) User=0.00s Sys=0.00s Real=0.00s
[24.660s][info][gc,start       ] GC(23) Pause Full (System.gc())
[24.661s][info][gc,phases,start] GC(23) Marking Phase
[24.667s][info][gc,phases      ] GC(23) Marking Phase 6.402ms
[24.667s][info][gc,phases,start] GC(23) Summary Phase
[24.667s][info][gc,phases      ] GC(23) Summary Phase 0.023ms
[24.667s][info][gc,phases,start] GC(23) Adjust Roots
[24.669s][info][gc,phases      ] GC(23) Adjust Roots 2.274ms
[24.669s][info][gc,phases,start] GC(23) Compaction Phase
[24.672s][info][gc,phases      ] GC(23) Compaction Phase 2.656ms
[24.672s][info][gc,phases,start] GC(23) Post Compact
[24.673s][info][gc,phases      ] GC(23) Post Compact 0.530ms
[24.673s][info][gc,heap        ] GC(23) PSYoungGen: 32K(2446848K)->0K(2446848K) Eden: 0K(2097664K)->0K(2097664K) From: 32K(349184K)->0K(349184K)
[24.673s][info][gc,heap        ] GC(23) ParOldGen: 4061K(5592576K)->4061K(5592576K)
[24.673s][info][gc,metaspace   ] GC(23) Metaspace: 10194K(10496K)->10194K(10496K) NonClass: 8874K(9024K)->8874K(9024K) Class: 1320K(1472K)->1320K(1472K)
[24.673s][info][gc             ] GC(23) Pause Full (System.gc()) 3M->3M(7851M) 12.176ms
[24.673s][info][gc,cpu         ] GC(23) User=0.02s Sys=0.00s Real=0.02s
[26.944s][info][gc,start       ] GC(24) Pause Young (System.gc())
[26.945s][info][gc,heap        ] GC(24) PSYoungGen: 1589761K(2446848K)->32K(2446848K) Eden: 1589761K(2097664K)->0K(2097664K) From: 0K(349184K)->32K(349184K)
[26.945s][info][gc,heap        ] GC(24) ParOldGen: 4061K(5592576K)->4061K(5592576K)
[26.945s][info][gc,metaspace   ] GC(24) Metaspace: 10207K(10560K)->10207K(10560K) NonClass: 8887K(9088K)->8887K(9088K) Class: 1320K(1472K)->1320K(1472K)
[26.945s][info][gc             ] GC(24) Pause Young (System.gc()) 1556M->3M(7851M) 0.399ms
[26.945s][info][gc,cpu         ] GC(24) User=0.00s Sys=0.00s Real=0.00s
[26.945s][info][gc,start       ] GC(25) Pause Full (System.gc())
[26.945s][info][gc,phases,start] GC(25) Marking Phase
[26.951s][info][gc,phases      ] GC(25) Marking Phase 5.723ms
[26.951s][info][gc,phases,start] GC(25) Summary Phase
[26.951s][info][gc,phases      ] GC(25) Summary Phase 0.014ms
[26.951s][info][gc,phases,start] GC(25) Adjust Roots
[26.953s][info][gc,phases      ] GC(25) Adjust Roots 2.466ms
[26.953s][info][gc,phases,start] GC(25) Compaction Phase
[26.956s][info][gc,phases      ] GC(25) Compaction Phase 2.657ms
[26.956s][info][gc,phases,start] GC(25) Post Compact
[26.956s][info][gc,phases      ] GC(25) Post Compact 0.413ms
[26.956s][info][gc,heap        ] GC(25) PSYoungGen: 32K(2446848K)->0K(2446848K) Eden: 0K(2097664K)->0K(2097664K) From: 32K(349184K)->0K(349184K)
[26.956s][info][gc,heap        ] GC(25) ParOldGen: 4061K(5592576K)->4061K(5592576K)
[26.956s][info][gc,metaspace   ] GC(25) Metaspace: 10207K(10560K)->10207K(10560K) NonClass: 8887K(9088K)->8887K(9088K) Class: 1320K(1472K)->1320K(1472K)
[26.956s][info][gc             ] GC(25) Pause Full (System.gc()) 3M->3M(7851M) 11.508ms
[26.956s][info][gc,cpu         ] GC(25) User=0.00s Sys=0.00s Real=0.01s
[29.216s][info][gc,start       ] GC(26) Pause Young (System.gc())
[29.216s][info][gc,heap        ] GC(26) PSYoungGen: 1581584K(2446848K)->128K(2446848K) Eden: 1581584K(2097664K)->0K(2097664K) From: 0K(349184K)->128K(349184K)
[29.216s][info][gc,heap        ] GC(26) ParOldGen: 4061K(5592576K)->4061K(5592576K)
[29.217s][info][gc,metaspace   ] GC(26) Metaspace: 10210K(10560K)->10210K(10560K) NonClass: 8890K(9088K)->8890K(9088K) Class: 1320K(1472K)->1320K(1472K)
[29.217s][info][gc             ] GC(26) Pause Young (System.gc()) 1548M->4M(7851M) 0.430ms
[29.217s][info][gc,cpu         ] GC(26) User=0.00s Sys=0.00s Real=0.00s
[29.217s][info][gc,start       ] GC(27) Pause Full (System.gc())
[29.217s][info][gc,phases,start] GC(27) Marking Phase
[29.223s][info][gc,phases      ] GC(27) Marking Phase 6.030ms
[29.223s][info][gc,phases,start] GC(27) Summary Phase
[29.223s][info][gc,phases      ] GC(27) Summary Phase 0.016ms
[29.223s][info][gc,phases,start] GC(27) Adjust Roots
[29.225s][info][gc,phases      ] GC(27) Adjust Roots 2.614ms
[29.225s][info][gc,phases,start] GC(27) Compaction Phase
[29.228s][info][gc,phases      ] GC(27) Compaction Phase 2.846ms
[29.228s][info][gc,phases,start] GC(27) Post Compact
[29.229s][info][gc,phases      ] GC(27) Post Compact 0.423ms
[29.229s][info][gc,heap        ] GC(27) PSYoungGen: 128K(2446848K)->0K(2446848K) Eden: 0K(2097664K)->0K(2097664K) From: 128K(349184K)->0K(349184K)
[29.229s][info][gc,heap        ] GC(27) ParOldGen: 4061K(5592576K)->4061K(5592576K)
[29.229s][info][gc,metaspace   ] GC(27) Metaspace: 10210K(10560K)->10210K(10560K) NonClass: 8890K(9088K)->8890K(9088K) Class: 1320K(1472K)->1320K(1472K)
[29.229s][info][gc             ] GC(27) Pause Full (System.gc()) 4M->3M(7851M) 12.209ms
[29.229s][info][gc,cpu         ] GC(27) User=0.02s Sys=0.00s Real=0.02s
[31.490s][info][gc,start       ] GC(28) Pause Young (System.gc())
[31.491s][info][gc,heap        ] GC(28) PSYoungGen: 1595281K(2446848K)->96K(2446848K) Eden: 1595281K(2097664K)->0K(2097664K) From: 0K(349184K)->96K(349184K)
[31.491s][info][gc,heap        ] GC(28) ParOldGen: 4061K(5592576K)->4061K(5592576K)
[31.491s][info][gc,metaspace   ] GC(28) Metaspace: 10214K(10560K)->10214K(10560K) NonClass: 8894K(9088K)->8894K(9088K) Class: 1320K(1472K)->1320K(1472K)
[31.491s][info][gc             ] GC(28) Pause Young (System.gc()) 1561M->4M(7851M) 0.436ms
[31.491s][info][gc,cpu         ] GC(28) User=0.00s Sys=0.00s Real=0.00s
[31.491s][info][gc,start       ] GC(29) Pause Full (System.gc())
[31.491s][info][gc,phases,start] GC(29) Marking Phase
[31.497s][info][gc,phases      ] GC(29) Marking Phase 5.789ms
[31.497s][info][gc,phases,start] GC(29) Summary Phase
[31.497s][info][gc,phases      ] GC(29) Summary Phase 0.014ms
[31.497s][info][gc,phases,start] GC(29) Adjust Roots
[31.499s][info][gc,phases      ] GC(29) Adjust Roots 2.317ms
[31.499s][info][gc,phases,start] GC(29) Compaction Phase
[31.503s][info][gc,phases      ] GC(29) Compaction Phase 3.596ms
[31.503s][info][gc,phases,start] GC(29) Post Compact
[31.503s][info][gc,phases      ] GC(29) Post Compact 0.420ms
[31.503s][info][gc,heap        ] GC(29) PSYoungGen: 96K(2446848K)->0K(2446848K) Eden: 0K(2097664K)->0K(2097664K) From: 96K(349184K)->0K(349184K)
[31.503s][info][gc,heap        ] GC(29) ParOldGen: 4061K(5592576K)->4061K(5592576K)
[31.503s][info][gc,metaspace   ] GC(29) Metaspace: 10214K(10560K)->10214K(10560K) NonClass: 8894K(9088K)->8894K(9088K) Class: 1320K(1472K)->1320K(1472K)
[31.503s][info][gc             ] GC(29) Pause Full (System.gc()) 4M->3M(7851M) 12.386ms
[31.503s][info][gc,cpu         ] GC(29) User=0.00s Sys=0.00s Real=0.02s
[33.751s][info][gc,start       ] GC(30) Pause Young (System.gc())
[33.751s][info][gc,heap        ] GC(30) PSYoungGen: 1587733K(2446848K)->32K(2446848K) Eden: 1587733K(2097664K)->0K(2097664K) From: 0K(349184K)->32K(349184K)
[33.751s][info][gc,heap        ] GC(30) ParOldGen: 4061K(5592576K)->4061K(5592576K)
[33.751s][info][gc,metaspace   ] GC(30) Metaspace: 10217K(10560K)->10217K(10560K) NonClass: 8897K(9088K)->8897K(9088K) Class: 1320K(1472K)->1320K(1472K)
[33.751s][info][gc             ] GC(30) Pause Young (System.gc()) 1554M->3M(7851M) 0.387ms
[33.751s][info][gc,cpu         ] GC(30) User=0.00s Sys=0.00s Real=0.00s
[33.751s][info][gc,start       ] GC(31) Pause Full (System.gc())
[33.751s][info][gc,phases,start] GC(31) Marking Phase
[33.757s][info][gc,phases      ] GC(31) Marking Phase 5.744ms
[33.757s][info][gc,phases,start] GC(31) Summary Phase
[33.757s][info][gc,phases      ] GC(31) Summary Phase 0.014ms
[33.757s][info][gc,phases,start] GC(31) Adjust Roots
[33.760s][info][gc,phases      ] GC(31) Adjust Roots 2.226ms
[33.760s][info][gc,phases,start] GC(31) Compaction Phase
[33.762s][info][gc,phases      ] GC(31) Compaction Phase 2.853ms
[33.762s][info][gc,phases,start] GC(31) Post Compact
[33.763s][info][gc,phases      ] GC(31) Post Compact 0.434ms
[33.763s][info][gc,heap        ] GC(31) PSYoungGen: 32K(2446848K)->0K(2446848K) Eden: 0K(2097664K)->0K(2097664K) From: 32K(349184K)->0K(349184K)
[33.763s][info][gc,heap        ] GC(31) ParOldGen: 4061K(5592576K)->4061K(5592576K)
[33.763s][info][gc,metaspace   ] GC(31) Metaspace: 10217K(10560K)->10217K(10560K) NonClass: 8897K(9088K)->8897K(9088K) Class: 1320K(1472K)->1320K(1472K)
[33.763s][info][gc             ] GC(31) Pause Full (System.gc()) 3M->3M(7851M) 11.550ms
[33.763s][info][gc,cpu         ] GC(31) User=0.02s Sys=0.00s Real=0.01s
[36.033s][info][gc,start       ] GC(32) Pause Young (System.gc())
[36.034s][info][gc,heap        ] GC(32) PSYoungGen: 1595868K(2446848K)->32K(2446848K) Eden: 1595868K(2097664K)->0K(2097664K) From: 0K(349184K)->32K(349184K)
[36.034s][info][gc,heap        ] GC(32) ParOldGen: 4061K(5592576K)->4061K(5592576K)
[36.034s][info][gc,metaspace   ] GC(32) Metaspace: 10218K(10560K)->10218K(10560K) NonClass: 8898K(9088K)->8898K(9088K) Class: 1320K(1472K)->1320K(1472K)
[36.034s][info][gc             ] GC(32) Pause Young (System.gc()) 1562M->3M(7851M) 0.410ms
[36.034s][info][gc,cpu         ] GC(32) User=0.00s Sys=0.00s Real=0.00s
[36.034s][info][gc,start       ] GC(33) Pause Full (System.gc())
[36.034s][info][gc,phases,start] GC(33) Marking Phase
[36.040s][info][gc,phases      ] GC(33) Marking Phase 5.946ms
[36.040s][info][gc,phases,start] GC(33) Summary Phase
[36.040s][info][gc,phases      ] GC(33) Summary Phase 0.014ms
[36.040s][info][gc,phases,start] GC(33) Adjust Roots
[36.043s][info][gc,phases      ] GC(33) Adjust Roots 3.081ms
[36.043s][info][gc,phases,start] GC(33) Compaction Phase
[36.046s][info][gc,phases      ] GC(33) Compaction Phase 2.653ms
[36.046s][info][gc,phases,start] GC(33) Post Compact
[36.046s][info][gc,phases      ] GC(33) Post Compact 0.484ms
[36.046s][info][gc,heap        ] GC(33) PSYoungGen: 32K(2446848K)->0K(2446848K) Eden: 0K(2097664K)->0K(2097664K) From: 32K(349184K)->0K(349184K)
[36.046s][info][gc,heap        ] GC(33) ParOldGen: 4061K(5592576K)->4061K(5592576K)
[36.046s][info][gc,metaspace   ] GC(33) Metaspace: 10218K(10560K)->10218K(10560K) NonClass: 8898K(9088K)->8898K(9088K) Class: 1320K(1472K)->1320K(1472K)
[36.046s][info][gc             ] GC(33) Pause Full (System.gc()) 3M->3M(7851M) 12.416ms
[36.046s][info][gc,cpu         ] GC(33) User=0.00s Sys=0.00s Real=0.02s
[38.305s][info][gc,start       ] GC(34) Pause Young (System.gc())
[38.305s][info][gc,heap        ] GC(34) PSYoungGen: 1602280K(2446848K)->32K(2446848K) Eden: 1602280K(2097664K)->0K(2097664K) From: 0K(349184K)->32K(349184K)
[38.305s][info][gc,heap        ] GC(34) ParOldGen: 4061K(5592576K)->4061K(5592576K)
[38.305s][info][gc,metaspace   ] GC(34) Metaspace: 10218K(10560K)->10218K(10560K) NonClass: 8898K(9088K)->8898K(9088K) Class: 1320K(1472K)->1320K(1472K)
[38.305s][info][gc             ] GC(34) Pause Young (System.gc()) 1568M->3M(7851M) 0.486ms
[38.305s][info][gc,cpu         ] GC(34) User=0.00s Sys=0.02s Real=0.02s
[38.305s][info][gc,start       ] GC(35) Pause Full (System.gc())
[38.305s][info][gc,phases,start] GC(35) Marking Phase
[38.311s][info][gc,phases      ] GC(35) Marking Phase 5.758ms
[38.311s][info][gc,phases,start] GC(35) Summary Phase
[38.311s][info][gc,phases      ] GC(35) Summary Phase 0.016ms
[38.311s][info][gc,phases,start] GC(35) Adjust Roots
[38.313s][info][gc,phases      ] GC(35) Adjust Roots 2.130ms
[38.313s][info][gc,phases,start] GC(35) Compaction Phase
[38.317s][info][gc,phases      ] GC(35) Compaction Phase 3.235ms
[38.317s][info][gc,phases,start] GC(35) Post Compact
[38.317s][info][gc,phases      ] GC(35) Post Compact 0.519ms
[38.317s][info][gc,heap        ] GC(35) PSYoungGen: 32K(2446848K)->0K(2446848K) Eden: 0K(2097664K)->0K(2097664K) From: 32K(349184K)->0K(349184K)
[38.317s][info][gc,heap        ] GC(35) ParOldGen: 4061K(5592576K)->4061K(5592576K)
[38.317s][info][gc,metaspace   ] GC(35) Metaspace: 10218K(10560K)->10218K(10560K) NonClass: 8898K(9088K)->8898K(9088K) Class: 1320K(1472K)->1320K(1472K)
[38.317s][info][gc             ] GC(35) Pause Full (System.gc()) 3M->3M(7851M) 12.033ms
[38.317s][info][gc,cpu         ] GC(35) User=0.00s Sys=0.00s Real=0.00s
[40.573s][info][gc,start       ] GC(36) Pause Young (System.gc())
[40.574s][info][gc,heap        ] GC(36) PSYoungGen: 1594733K(2446848K)->32K(2446848K) Eden: 1594733K(2097664K)->0K(2097664K) From: 0K(349184K)->32K(349184K)
[40.574s][info][gc,heap        ] GC(36) ParOldGen: 4061K(5592576K)->4061K(5592576K)
[40.574s][info][gc,metaspace   ] GC(36) Metaspace: 10220K(10560K)->10220K(10560K) NonClass: 8900K(9088K)->8900K(9088K) Class: 1320K(1472K)->1320K(1472K)
[40.574s][info][gc             ] GC(36) Pause Young (System.gc()) 1561M->3M(7851M) 0.394ms
[40.574s][info][gc,cpu         ] GC(36) User=0.00s Sys=0.00s Real=0.00s
[40.574s][info][gc,start       ] GC(37) Pause Full (System.gc())
[40.574s][info][gc,phases,start] GC(37) Marking Phase
[40.580s][info][gc,phases      ] GC(37) Marking Phase 5.924ms
[40.580s][info][gc,phases,start] GC(37) Summary Phase
[40.580s][info][gc,phases      ] GC(37) Summary Phase 0.015ms
[40.580s][info][gc,phases,start] GC(37) Adjust Roots
[40.582s][info][gc,phases      ] GC(37) Adjust Roots 2.315ms
[40.582s][info][gc,phases,start] GC(37) Compaction Phase
[40.585s][info][gc,phases      ] GC(37) Compaction Phase 2.705ms
[40.585s][info][gc,phases,start] GC(37) Post Compact
[40.586s][info][gc,phases      ] GC(37) Post Compact 0.765ms
[40.586s][info][gc,heap        ] GC(37) PSYoungGen: 32K(2446848K)->0K(2446848K) Eden: 0K(2097664K)->0K(2097664K) From: 32K(349184K)->0K(349184K)
[40.586s][info][gc,heap        ] GC(37) ParOldGen: 4061K(5592576K)->4061K(5592576K)
[40.586s][info][gc,metaspace   ] GC(37) Metaspace: 10220K(10560K)->10220K(10560K) NonClass: 8900K(9088K)->8900K(9088K) Class: 1320K(1472K)->1320K(1472K)
[40.586s][info][gc             ] GC(37) Pause Full (System.gc()) 3M->3M(7851M) 12.062ms
[40.586s][info][gc,cpu         ] GC(37) User=0.02s Sys=0.00s Real=0.02s
[42.855s][info][gc,start       ] GC(38) Pause Young (System.gc())
[42.856s][info][gc,heap        ] GC(38) PSYoungGen: 1593512K(2446848K)->32K(2446848K) Eden: 1593512K(2097664K)->0K(2097664K) From: 0K(349184K)->32K(349184K)
[42.856s][info][gc,heap        ] GC(38) ParOldGen: 4061K(5592576K)->4061K(5592576K)
[42.856s][info][gc,metaspace   ] GC(38) Metaspace: 10221K(10560K)->10221K(10560K) NonClass: 8901K(9088K)->8901K(9088K) Class: 1320K(1472K)->1320K(1472K)
[42.856s][info][gc             ] GC(38) Pause Young (System.gc()) 1560M->3M(7851M) 0.548ms
[42.856s][info][gc,cpu         ] GC(38) User=0.00s Sys=0.00s Real=0.00s
[42.856s][info][gc,start       ] GC(39) Pause Full (System.gc())
[42.856s][info][gc,phases,start] GC(39) Marking Phase
[42.862s][info][gc,phases      ] GC(39) Marking Phase 6.142ms
[42.862s][info][gc,phases,start] GC(39) Summary Phase
[42.862s][info][gc,phases      ] GC(39) Summary Phase 0.015ms
[42.862s][info][gc,phases,start] GC(39) Adjust Roots
[42.865s][info][gc,phases      ] GC(39) Adjust Roots 3.058ms
[42.865s][info][gc,phases,start] GC(39) Compaction Phase
[42.868s][info][gc,phases      ] GC(39) Compaction Phase 2.708ms
[42.868s][info][gc,phases,start] GC(39) Post Compact
[42.869s][info][gc,phases      ] GC(39) Post Compact 0.424ms
[42.869s][info][gc,heap        ] GC(39) PSYoungGen: 32K(2446848K)->0K(2446848K) Eden: 0K(2097664K)->0K(2097664K) From: 32K(349184K)->0K(349184K)
[42.869s][info][gc,heap        ] GC(39) ParOldGen: 4061K(5592576K)->4061K(5592576K)
[42.869s][info][gc,metaspace   ] GC(39) Metaspace: 10221K(10560K)->10221K(10560K) NonClass: 8901K(9088K)->8901K(9088K) Class: 1320K(1472K)->1320K(1472K)
[42.869s][info][gc             ] GC(39) Pause Full (System.gc()) 3M->3M(7851M) 12.615ms
[42.869s][info][gc,cpu         ] GC(39) User=0.02s Sys=0.00s Real=0.02s
[45.143s][info][gc,start       ] GC(40) Pause Young (System.gc())
[45.143s][info][gc,heap        ] GC(40) PSYoungGen: 1593455K(2446848K)->32K(2446848K) Eden: 1593455K(2097664K)->0K(2097664K) From: 0K(349184K)->32K(349184K)
[45.144s][info][gc,heap        ] GC(40) ParOldGen: 4061K(5592576K)->4061K(5592576K)
[45.144s][info][gc,metaspace   ] GC(40) Metaspace: 10223K(10560K)->10223K(10560K) NonClass: 8903K(9088K)->8903K(9088K) Class: 1320K(1472K)->1320K(1472K)
[45.144s][info][gc             ] GC(40) Pause Young (System.gc()) 1560M->3M(7851M) 0.498ms
[45.144s][info][gc,cpu         ] GC(40) User=0.00s Sys=0.00s Real=0.00s
[45.144s][info][gc,start       ] GC(41) Pause Full (System.gc())
[45.144s][info][gc,phases,start] GC(41) Marking Phase
[45.150s][info][gc,phases      ] GC(41) Marking Phase 6.210ms
[45.150s][info][gc,phases,start] GC(41) Summary Phase
[45.150s][info][gc,phases      ] GC(41) Summary Phase 0.015ms
[45.150s][info][gc,phases,start] GC(41) Adjust Roots
[45.152s][info][gc,phases      ] GC(41) Adjust Roots 2.248ms
[45.152s][info][gc,phases,start] GC(41) Compaction Phase
[45.155s][info][gc,phases      ] GC(41) Compaction Phase 2.588ms
[45.155s][info][gc,phases,start] GC(41) Post Compact
[45.155s][info][gc,phases      ] GC(41) Post Compact 0.528ms
[45.156s][info][gc,heap        ] GC(41) PSYoungGen: 32K(2446848K)->0K(2446848K) Eden: 0K(2097664K)->0K(2097664K) From: 32K(349184K)->0K(349184K)
[45.156s][info][gc,heap        ] GC(41) ParOldGen: 4061K(5592576K)->4061K(5592576K)
[45.156s][info][gc,metaspace   ] GC(41) Metaspace: 10223K(10560K)->10223K(10560K) NonClass: 8903K(9088K)->8903K(9088K) Class: 1320K(1472K)->1320K(1472K)
[45.156s][info][gc             ] GC(41) Pause Full (System.gc()) 3M->3M(7851M) 11.879ms
[45.156s][info][gc,cpu         ] GC(41) User=0.00s Sys=0.00s Real=0.02s
[47.411s][info][gc,start       ] GC(42) Pause Young (System.gc())
[47.411s][info][gc,heap        ] GC(42) PSYoungGen: 1594007K(2446848K)->32K(2446848K) Eden: 1594007K(2097664K)->0K(2097664K) From: 0K(349184K)->32K(349184K)
[47.411s][info][gc,heap        ] GC(42) ParOldGen: 4061K(5592576K)->4061K(5592576K)
[47.411s][info][gc,metaspace   ] GC(42) Metaspace: 10236K(10560K)->10236K(10560K) NonClass: 8915K(9088K)->8915K(9088K) Class: 1320K(1472K)->1320K(1472K)
[47.411s][info][gc             ] GC(42) Pause Young (System.gc()) 1560M->3M(7851M) 0.426ms
[47.411s][info][gc,cpu         ] GC(42) User=0.00s Sys=0.00s Real=0.00s
[47.411s][info][gc,start       ] GC(43) Pause Full (System.gc())
[47.411s][info][gc,phases,start] GC(43) Marking Phase
[47.417s][info][gc,phases      ] GC(43) Marking Phase 6.225ms
[47.418s][info][gc,phases,start] GC(43) Summary Phase
[47.418s][info][gc,phases      ] GC(43) Summary Phase 0.014ms
[47.418s][info][gc,phases,start] GC(43) Adjust Roots
[47.420s][info][gc,phases      ] GC(43) Adjust Roots 2.214ms
[47.420s][info][gc,phases,start] GC(43) Compaction Phase
[47.423s][info][gc,phases      ] GC(43) Compaction Phase 2.888ms
[47.423s][info][gc,phases,start] GC(43) Post Compact
[47.423s][info][gc,phases      ] GC(43) Post Compact 0.420ms
[47.423s][info][gc,heap        ] GC(43) PSYoungGen: 32K(2446848K)->0K(2446848K) Eden: 0K(2097664K)->0K(2097664K) From: 32K(349184K)->0K(349184K)
[47.423s][info][gc,heap        ] GC(43) ParOldGen: 4061K(5592576K)->4061K(5592576K)
[47.423s][info][gc,metaspace   ] GC(43) Metaspace: 10236K(10560K)->10236K(10560K) NonClass: 8915K(9088K)->8915K(9088K) Class: 1320K(1472K)->1320K(1472K)
[47.423s][info][gc             ] GC(43) Pause Full (System.gc()) 3M->3M(7851M) 12.101ms
[47.423s][info][gc,cpu         ] GC(43) User=0.00s Sys=0.00s Real=0.00s
[49.698s][info][gc,start       ] GC(44) Pause Young (System.gc())
[49.699s][info][gc,heap        ] GC(44) PSYoungGen: 1610034K(2446848K)->32K(2446848K) Eden: 1610034K(2097664K)->0K(2097664K) From: 0K(349184K)->32K(349184K)
[49.699s][info][gc,heap        ] GC(44) ParOldGen: 4061K(5592576K)->4061K(5592576K)
[49.699s][info][gc,metaspace   ] GC(44) Metaspace: 10239K(10560K)->10239K(10560K) NonClass: 8919K(9088K)->8919K(9088K) Class: 1320K(1472K)->1320K(1472K)
[49.699s][info][gc             ] GC(44) Pause Young (System.gc()) 1576M->3M(7851M) 0.483ms
[49.699s][info][gc,cpu         ] GC(44) User=0.00s Sys=0.00s Real=0.00s
[49.699s][info][gc,start       ] GC(45) Pause Full (System.gc())
[49.699s][info][gc,phases,start] GC(45) Marking Phase
[49.706s][info][gc,phases      ] GC(45) Marking Phase 6.690ms
[49.706s][info][gc,phases,start] GC(45) Summary Phase
[49.706s][info][gc,phases      ] GC(45) Summary Phase 0.015ms
[49.706s][info][gc,phases,start] GC(45) Adjust Roots
[49.708s][info][gc,phases      ] GC(45) Adjust Roots 2.434ms
[49.708s][info][gc,phases,start] GC(45) Compaction Phase
[49.711s][info][gc,phases      ] GC(45) Compaction Phase 3.013ms
[49.712s][info][gc,phases,start] GC(45) Post Compact
[49.712s][info][gc,phases      ] GC(45) Post Compact 0.525ms
[49.712s][info][gc,heap        ] GC(45) PSYoungGen: 32K(2446848K)->0K(2446848K) Eden: 0K(2097664K)->0K(2097664K) From: 32K(349184K)->0K(349184K)
[49.712s][info][gc,heap        ] GC(45) ParOldGen: 4061K(5592576K)->4061K(5592576K)
[49.712s][info][gc,metaspace   ] GC(45) Metaspace: 10239K(10560K)->10239K(10560K) NonClass: 8919K(9088K)->8919K(9088K) Class: 1320K(1472K)->1320K(1472K)
[49.712s][info][gc             ] GC(45) Pause Full (System.gc()) 3M->3M(7851M) 13.229ms
[49.712s][info][gc,cpu         ] GC(45) User=0.00s Sys=0.00s Real=0.00s
[51.977s][info][gc,start       ] GC(46) Pause Young (System.gc())
[51.977s][info][gc,heap        ] GC(46) PSYoungGen: 1607384K(2446848K)->64K(2446848K) Eden: 1607384K(2097664K)->0K(2097664K) From: 0K(349184K)->64K(349184K)
[51.977s][info][gc,heap        ] GC(46) ParOldGen: 4061K(5592576K)->4061K(5592576K)
[51.977s][info][gc,metaspace   ] GC(46) Metaspace: 10247K(10560K)->10247K(10560K) NonClass: 8927K(9088K)->8927K(9088K) Class: 1320K(1472K)->1320K(1472K)
[51.978s][info][gc             ] GC(46) Pause Young (System.gc()) 1573M->4M(7851M) 0.392ms
[51.978s][info][gc,cpu         ] GC(46) User=0.00s Sys=0.00s Real=0.00s
[51.978s][info][gc,start       ] GC(47) Pause Full (System.gc())
[51.978s][info][gc,phases,start] GC(47) Marking Phase
[51.983s][info][gc,phases      ] GC(47) Marking Phase 5.574ms
[51.983s][info][gc,phases,start] GC(47) Summary Phase
[51.983s][info][gc,phases      ] GC(47) Summary Phase 0.015ms
[51.983s][info][gc,phases,start] GC(47) Adjust Roots
[51.986s][info][gc,phases      ] GC(47) Adjust Roots 2.332ms
[51.986s][info][gc,phases,start] GC(47) Compaction Phase
[51.988s][info][gc,phases      ] GC(47) Compaction Phase 2.820ms
[51.989s][info][gc,phases,start] GC(47) Post Compact
[51.989s][info][gc,phases      ] GC(47) Post Compact 0.518ms
[51.989s][info][gc,heap        ] GC(47) PSYoungGen: 64K(2446848K)->0K(2446848K) Eden: 0K(2097664K)->0K(2097664K) From: 64K(349184K)->0K(349184K)
[51.989s][info][gc,heap        ] GC(47) ParOldGen: 4061K(5592576K)->4061K(5592576K)
[51.989s][info][gc,metaspace   ] GC(47) Metaspace: 10247K(10560K)->10247K(10560K) NonClass: 8927K(9088K)->8927K(9088K) Class: 1320K(1472K)->1320K(1472K)
[51.989s][info][gc             ] GC(47) Pause Full (System.gc()) 4M->3M(7851M) 11.521ms
[51.989s][info][gc,cpu         ] GC(47) User=0.00s Sys=0.00s Real=0.00s
[54.249s][info][gc,start       ] GC(48) Pause Young (System.gc())
[54.249s][info][gc,heap        ] GC(48) PSYoungGen: 1589587K(2446848K)->32K(2446848K) Eden: 1589587K(2097664K)->0K(2097664K) From: 0K(349184K)->32K(349184K)
[54.249s][info][gc,heap        ] GC(48) ParOldGen: 4061K(5592576K)->4061K(5592576K)
[54.249s][info][gc,metaspace   ] GC(48) Metaspace: 10247K(10560K)->10247K(10560K) NonClass: 8927K(9088K)->8927K(9088K) Class: 1320K(1472K)->1320K(1472K)
[54.249s][info][gc             ] GC(48) Pause Young (System.gc()) 1556M->3M(7851M) 0.412ms
[54.249s][info][gc,cpu         ] GC(48) User=0.00s Sys=0.00s Real=0.00s
[54.250s][info][gc,start       ] GC(49) Pause Full (System.gc())
[54.250s][info][gc,phases,start] GC(49) Marking Phase
[54.255s][info][gc,phases      ] GC(49) Marking Phase 5.856ms
[54.255s][info][gc,phases,start] GC(49) Summary Phase
[54.255s][info][gc,phases      ] GC(49) Summary Phase 0.014ms
[54.255s][info][gc,phases,start] GC(49) Adjust Roots
[54.258s][info][gc,phases      ] GC(49) Adjust Roots 2.308ms
[54.258s][info][gc,phases,start] GC(49) Compaction Phase
[54.261s][info][gc,phases      ] GC(49) Compaction Phase 3.064ms
[54.261s][info][gc,phases,start] GC(49) Post Compact
[54.261s][info][gc,phases      ] GC(49) Post Compact 0.419ms
[54.261s][info][gc,heap        ] GC(49) PSYoungGen: 32K(2446848K)->0K(2446848K) Eden: 0K(2097664K)->0K(2097664K) From: 32K(349184K)->0K(349184K)
[54.261s][info][gc,heap        ] GC(49) ParOldGen: 4061K(5592576K)->4061K(5592576K)
[54.261s][info][gc,metaspace   ] GC(49) Metaspace: 10247K(10560K)->10247K(10560K) NonClass: 8927K(9088K)->8927K(9088K) Class: 1320K(1472K)->1320K(1472K)
[54.261s][info][gc             ] GC(49) Pause Full (System.gc()) 3M->3M(7851M) 11.926ms
[54.261s][info][gc,cpu         ] GC(49) User=0.02s Sys=0.00s Real=0.02s
[56.521s][info][gc,start       ] GC(50) Pause Young (System.gc())
[56.521s][info][gc,heap        ] GC(50) PSYoungGen: 1591160K(2446848K)->32K(2446848K) Eden: 1591160K(2097664K)->0K(2097664K) From: 0K(349184K)->32K(349184K)
[56.521s][info][gc,heap        ] GC(50) ParOldGen: 4061K(5592576K)->4061K(5592576K)
[56.521s][info][gc,metaspace   ] GC(50) Metaspace: 10247K(10560K)->10247K(10560K) NonClass: 8927K(9088K)->8927K(9088K) Class: 1320K(1472K)->1320K(1472K)
[56.522s][info][gc             ] GC(50) Pause Young (System.gc()) 1557M->3M(7851M) 0.446ms
[56.522s][info][gc,cpu         ] GC(50) User=0.00s Sys=0.00s Real=0.00s
[56.522s][info][gc,start       ] GC(51) Pause Full (System.gc())
[56.522s][info][gc,phases,start] GC(51) Marking Phase
[56.528s][info][gc,phases      ] GC(51) Marking Phase 6.139ms
[56.528s][info][gc,phases,start] GC(51) Summary Phase
[56.528s][info][gc,phases      ] GC(51) Summary Phase 0.015ms
[56.528s][info][gc,phases,start] GC(51) Adjust Roots
[56.531s][info][gc,phases      ] GC(51) Adjust Roots 2.973ms
[56.531s][info][gc,phases,start] GC(51) Compaction Phase
[56.534s][info][gc,phases      ] GC(51) Compaction Phase 2.851ms
[56.534s][info][gc,phases,start] GC(51) Post Compact
[56.534s][info][gc,phases      ] GC(51) Post Compact 0.420ms
[56.534s][info][gc,heap        ] GC(51) PSYoungGen: 32K(2446848K)->0K(2446848K) Eden: 0K(2097664K)->0K(2097664K) From: 32K(349184K)->0K(349184K)
[56.534s][info][gc,heap        ] GC(51) ParOldGen: 4061K(5592576K)->4061K(5592576K)
[56.534s][info][gc,metaspace   ] GC(51) Metaspace: 10247K(10560K)->10247K(10560K) NonClass: 8927K(9088K)->8927K(9088K) Class: 1320K(1472K)->1320K(1472K)
[56.534s][info][gc             ] GC(51) Pause Full (System.gc()) 3M->3M(7851M) 12.646ms
[56.534s][info][gc,cpu         ] GC(51) User=0.00s Sys=0.00s Real=0.01s
[58.808s][info][gc,start       ] GC(52) Pause Young (System.gc())
[58.808s][info][gc,heap        ] GC(52) PSYoungGen: 1592167K(2446848K)->32K(2446848K) Eden: 1592167K(2097664K)->0K(2097664K) From: 0K(349184K)->32K(349184K)
[58.808s][info][gc,heap        ] GC(52) ParOldGen: 4061K(5592576K)->4061K(5592576K)
[58.808s][info][gc,metaspace   ] GC(52) Metaspace: 10248K(10560K)->10248K(10560K) NonClass: 8928K(9088K)->8928K(9088K) Class: 1320K(1472K)->1320K(1472K)
[58.808s][info][gc             ] GC(52) Pause Young (System.gc()) 1558M->3M(7851M) 0.428ms
[58.808s][info][gc,cpu         ] GC(52) User=0.00s Sys=0.00s Real=0.00s
[58.808s][info][gc,start       ] GC(53) Pause Full (System.gc())
[58.808s][info][gc,phases,start] GC(53) Marking Phase
[58.814s][info][gc,phases      ] GC(53) Marking Phase 5.773ms
[58.814s][info][gc,phases,start] GC(53) Summary Phase
[58.814s][info][gc,phases      ] GC(53) Summary Phase 0.014ms
[58.814s][info][gc,phases,start] GC(53) Adjust Roots
[58.817s][info][gc,phases      ] GC(53) Adjust Roots 2.299ms
[58.817s][info][gc,phases,start] GC(53) Compaction Phase
[58.820s][info][gc,phases      ] GC(53) Compaction Phase 3.006ms
[58.820s][info][gc,phases,start] GC(53) Post Compact
[58.820s][info][gc,phases      ] GC(53) Post Compact 0.609ms
[58.820s][info][gc,heap        ] GC(53) PSYoungGen: 32K(2446848K)->0K(2446848K) Eden: 0K(2097664K)->0K(2097664K) From: 32K(349184K)->0K(349184K)
[58.820s][info][gc,heap        ] GC(53) ParOldGen: 4061K(5592576K)->4061K(5592576K)
[58.820s][info][gc,metaspace   ] GC(53) Metaspace: 10248K(10560K)->10248K(10560K) NonClass: 8928K(9088K)->8928K(9088K) Class: 1320K(1472K)->1320K(1472K)
[58.820s][info][gc             ] GC(53) Pause Full (System.gc()) 3M->3M(7851M) 11.954ms
[58.820s][info][gc,cpu         ] GC(53) User=0.02s Sys=0.00s Real=0.01s
[61.082s][info][gc,start       ] GC(54) Pause Young (System.gc())
[61.082s][info][gc,heap        ] GC(54) PSYoungGen: 1593298K(2446848K)->32K(2446848K) Eden: 1593298K(2097664K)->0K(2097664K) From: 0K(349184K)->32K(349184K)
[61.082s][info][gc,heap        ] GC(54) ParOldGen: 4061K(5592576K)->4061K(5592576K)
[61.082s][info][gc,metaspace   ] GC(54) Metaspace: 10258K(10560K)->10258K(10560K) NonClass: 8938K(9088K)->8938K(9088K) Class: 1320K(1472K)->1320K(1472K)
[61.082s][info][gc             ] GC(54) Pause Young (System.gc()) 1559M->3M(7851M) 0.389ms
[61.082s][info][gc,cpu         ] GC(54) User=0.00s Sys=0.00s Real=0.00s
[61.082s][info][gc,start       ] GC(55) Pause Full (System.gc())
[61.082s][info][gc,phases,start] GC(55) Marking Phase
[61.088s][info][gc,phases      ] GC(55) Marking Phase 5.875ms
[61.088s][info][gc,phases,start] GC(55) Summary Phase
[61.088s][info][gc,phases      ] GC(55) Summary Phase 0.014ms
[61.088s][info][gc,phases,start] GC(55) Adjust Roots
[61.091s][info][gc,phases      ] GC(55) Adjust Roots 2.622ms
[61.091s][info][gc,phases,start] GC(55) Compaction Phase
[61.094s][info][gc,phases      ] GC(55) Compaction Phase 3.446ms
[61.094s][info][gc,phases,start] GC(55) Post Compact
[61.095s][info][gc,phases      ] GC(55) Post Compact 0.427ms
[61.095s][info][gc,heap        ] GC(55) PSYoungGen: 32K(2446848K)->0K(2446848K) Eden: 0K(2097664K)->0K(2097664K) From: 32K(349184K)->0K(349184K)
[61.095s][info][gc,heap        ] GC(55) ParOldGen: 4061K(5592576K)->4061K(5592576K)
[61.095s][info][gc,metaspace   ] GC(55) Metaspace: 10258K(10560K)->10258K(10560K) NonClass: 8938K(9088K)->8938K(9088K) Class: 1320K(1472K)->1320K(1472K)
[61.095s][info][gc             ] GC(55) Pause Full (System.gc()) 3M->3M(7851M) 12.646ms
[61.095s][info][gc,cpu         ] GC(55) User=0.02s Sys=0.00s Real=0.01s
[63.360s][info][gc,start       ] GC(56) Pause Young (System.gc())
[63.360s][info][gc,heap        ] GC(56) PSYoungGen: 1593374K(2446848K)->32K(2446848K) Eden: 1593374K(2097664K)->0K(2097664K) From: 0K(349184K)->32K(349184K)
[63.360s][info][gc,heap        ] GC(56) ParOldGen: 4061K(5592576K)->4061K(5592576K)
[63.360s][info][gc,metaspace   ] GC(56) Metaspace: 10262K(10560K)->10262K(10560K) NonClass: 8941K(9088K)->8941K(9088K) Class: 1320K(1472K)->1320K(1472K)
[63.360s][info][gc             ] GC(56) Pause Young (System.gc()) 1559M->3M(7851M) 0.439ms
[63.360s][info][gc,cpu         ] GC(56) User=0.00s Sys=0.00s Real=0.00s
[63.360s][info][gc,start       ] GC(57) Pause Full (System.gc())
[63.360s][info][gc,phases,start] GC(57) Marking Phase
[63.366s][info][gc,phases      ] GC(57) Marking Phase 6.003ms
[63.366s][info][gc,phases,start] GC(57) Summary Phase
[63.366s][info][gc,phases      ] GC(57) Summary Phase 0.013ms
[63.366s][info][gc,phases,start] GC(57) Adjust Roots
[63.369s][info][gc,phases      ] GC(57) Adjust Roots 2.915ms
[63.369s][info][gc,phases,start] GC(57) Compaction Phase
[63.373s][info][gc,phases      ] GC(57) Compaction Phase 3.211ms
[63.373s][info][gc,phases,start] GC(57) Post Compact
[63.373s][info][gc,phases      ] GC(57) Post Compact 0.420ms
[63.373s][info][gc,heap        ] GC(57) PSYoungGen: 32K(2446848K)->0K(2446848K) Eden: 0K(2097664K)->0K(2097664K) From: 32K(349184K)->0K(349184K)
[63.373s][info][gc,heap        ] GC(57) ParOldGen: 4061K(5592576K)->4061K(5592576K)
[63.373s][info][gc,metaspace   ] GC(57) Metaspace: 10262K(10560K)->10262K(10560K) NonClass: 8941K(9088K)->8941K(9088K) Class: 1320K(1472K)->1320K(1472K)
[63.373s][info][gc             ] GC(57) Pause Full (System.gc()) 3M->3M(7851M) 12.836ms
[63.373s][info][gc,cpu         ] GC(57) User=0.00s Sys=0.00s Real=0.00s
[65.620s][info][gc,start       ] GC(58) Pause Young (System.gc())
[65.620s][info][gc,heap        ] GC(58) PSYoungGen: 1607655K(2446848K)->64K(2446848K) Eden: 1607655K(2097664K)->0K(2097664K) From: 0K(349184K)->64K(349184K)
[65.620s][info][gc,heap        ] GC(58) ParOldGen: 4061K(5592576K)->4061K(5592576K)
[65.620s][info][gc,metaspace   ] GC(58) Metaspace: 10263K(10560K)->10263K(10560K) NonClass: 8943K(9088K)->8943K(9088K) Class: 1320K(1472K)->1320K(1472K)
[65.621s][info][gc             ] GC(58) Pause Young (System.gc()) 1573M->4M(7851M) 0.462ms
[65.621s][info][gc,cpu         ] GC(58) User=0.00s Sys=0.00s Real=0.00s
[65.621s][info][gc,start       ] GC(59) Pause Full (System.gc())
[65.621s][info][gc,phases,start] GC(59) Marking Phase
[65.627s][info][gc,phases      ] GC(59) Marking Phase 6.273ms
[65.627s][info][gc,phases,start] GC(59) Summary Phase
[65.627s][info][gc,phases      ] GC(59) Summary Phase 0.015ms
[65.627s][info][gc,phases,start] GC(59) Adjust Roots
[65.629s][info][gc,phases      ] GC(59) Adjust Roots 2.398ms
[65.629s][info][gc,phases,start] GC(59) Compaction Phase
[65.633s][info][gc,phases      ] GC(59) Compaction Phase 3.552ms
[65.633s][info][gc,phases,start] GC(59) Post Compact
[65.633s][info][gc,phases      ] GC(59) Post Compact 0.424ms
[65.633s][info][gc,heap        ] GC(59) PSYoungGen: 64K(2446848K)->0K(2446848K) Eden: 0K(2097664K)->0K(2097664K) From: 64K(349184K)->0K(349184K)
[65.633s][info][gc,heap        ] GC(59) ParOldGen: 4061K(5592576K)->4061K(5592576K)
[65.633s][info][gc,metaspace   ] GC(59) Metaspace: 10263K(10560K)->10263K(10560K) NonClass: 8943K(9088K)->8943K(9088K) Class: 1320K(1472K)->1320K(1472K)
[65.634s][info][gc             ] GC(59) Pause Full (System.gc()) 4M->3M(7851M) 12.945ms
[65.634s][info][gc,cpu         ] GC(59) User=0.02s Sys=0.00s Real=0.01s
[67.897s][info][gc,start       ] GC(60) Pause Young (System.gc())
[67.898s][info][gc,heap        ] GC(60) PSYoungGen: 1604550K(2446848K)->32K(2446848K) Eden: 1604550K(2097664K)->0K(2097664K) From: 0K(349184K)->32K(349184K)
[67.898s][info][gc,heap        ] GC(60) ParOldGen: 4061K(5592576K)->4061K(5592576K)
[67.898s][info][gc,metaspace   ] GC(60) Metaspace: 10268K(10624K)->10268K(10624K) NonClass: 8947K(9152K)->8947K(9152K) Class: 1320K(1472K)->1320K(1472K)
[67.898s][info][gc             ] GC(60) Pause Young (System.gc()) 1570M->3M(7851M) 0.360ms
[67.898s][info][gc,cpu         ] GC(60) User=0.00s Sys=0.00s Real=0.00s
[67.898s][info][gc,start       ] GC(61) Pause Full (System.gc())
[67.898s][info][gc,phases,start] GC(61) Marking Phase
[67.904s][info][gc,phases      ] GC(61) Marking Phase 5.815ms
[67.904s][info][gc,phases,start] GC(61) Summary Phase
[67.904s][info][gc,phases      ] GC(61) Summary Phase 0.013ms
[67.904s][info][gc,phases,start] GC(61) Adjust Roots
[67.906s][info][gc,phases      ] GC(61) Adjust Roots 2.242ms
[67.906s][info][gc,phases,start] GC(61) Compaction Phase
[67.909s][info][gc,phases      ] GC(61) Compaction Phase 2.898ms
[67.909s][info][gc,phases,start] GC(61) Post Compact
[67.910s][info][gc,phases      ] GC(61) Post Compact 0.595ms
[67.910s][info][gc,heap        ] GC(61) PSYoungGen: 32K(2446848K)->0K(2446848K) Eden: 0K(2097664K)->0K(2097664K) From: 32K(349184K)->0K(349184K)
[67.910s][info][gc,heap        ] GC(61) ParOldGen: 4061K(5592576K)->4061K(5592576K)
[67.910s][info][gc,metaspace   ] GC(61) Metaspace: 10268K(10624K)->10268K(10624K) NonClass: 8947K(9152K)->8947K(9152K) Class: 1320K(1472K)->1320K(1472K)
[67.910s][info][gc             ] GC(61) Pause Full (System.gc()) 3M->3M(7851M) 11.841ms
[67.910s][info][gc,cpu         ] GC(61) User=0.00s Sys=0.00s Real=0.00s
[70.169s][info][gc,start       ] GC(62) Pause Young (System.gc())
[70.170s][info][gc,heap        ] GC(62) PSYoungGen: 1590615K(2446848K)->32K(2446848K) Eden: 1590615K(2097664K)->0K(2097664K) From: 0K(349184K)->32K(349184K)
[70.170s][info][gc,heap        ] GC(62) ParOldGen: 4061K(5592576K)->4061K(5592576K)
[70.170s][info][gc,metaspace   ] GC(62) Metaspace: 10269K(10624K)->10269K(10624K) NonClass: 8948K(9152K)->8948K(9152K) Class: 1320K(1472K)->1320K(1472K)
[70.170s][info][gc             ] GC(62) Pause Young (System.gc()) 1557M->3M(7851M) 0.391ms
[70.170s][info][gc,cpu         ] GC(62) User=0.00s Sys=0.00s Real=0.00s
[70.170s][info][gc,start       ] GC(63) Pause Full (System.gc())
[70.170s][info][gc,phases,start] GC(63) Marking Phase
[70.176s][info][gc,phases      ] GC(63) Marking Phase 5.829ms
[70.176s][info][gc,phases,start] GC(63) Summary Phase
[70.176s][info][gc,phases      ] GC(63) Summary Phase 0.017ms
[70.176s][info][gc,phases,start] GC(63) Adjust Roots
[70.178s][info][gc,phases      ] GC(63) Adjust Roots 2.347ms
[70.178s][info][gc,phases,start] GC(63) Compaction Phase
[70.181s][info][gc,phases      ] GC(63) Compaction Phase 2.828ms
[70.181s][info][gc,phases,start] GC(63) Post Compact
[70.181s][info][gc,phases      ] GC(63) Post Compact 0.421ms
[70.181s][info][gc,heap        ] GC(63) PSYoungGen: 32K(2446848K)->0K(2446848K) Eden: 0K(2097664K)->0K(2097664K) From: 32K(349184K)->0K(349184K)
[70.181s][info][gc,heap        ] GC(63) ParOldGen: 4061K(5592576K)->4061K(5592576K)
[70.181s][info][gc,metaspace   ] GC(63) Metaspace: 10269K(10624K)->10269K(10624K) NonClass: 8948K(9152K)->8948K(9152K) Class: 1320K(1472K)->1320K(1472K)
[70.181s][info][gc             ] GC(63) Pause Full (System.gc()) 3M->3M(7851M) 11.708ms
[70.181s][info][gc,cpu         ] GC(63) User=0.02s Sys=0.00s Real=0.02s
[72.433s][info][gc,start       ] GC(64) Pause Young (System.gc())
[72.434s][info][gc,heap        ] GC(64) PSYoungGen: 1584235K(2446848K)->32K(2446848K) Eden: 1584235K(2097664K)->0K(2097664K) From: 0K(349184K)->32K(349184K)
[72.434s][info][gc,heap        ] GC(64) ParOldGen: 4061K(5592576K)->4061K(5592576K)
[72.434s][info][gc,metaspace   ] GC(64) Metaspace: 10269K(10624K)->10269K(10624K) NonClass: 8949K(9152K)->8949K(9152K) Class: 1320K(1472K)->1320K(1472K)
[72.434s][info][gc             ] GC(64) Pause Young (System.gc()) 1551M->3M(7851M) 0.401ms
[72.434s][info][gc,cpu         ] GC(64) User=0.00s Sys=0.00s Real=0.00s
[72.434s][info][gc,start       ] GC(65) Pause Full (System.gc())
[72.434s][info][gc,phases,start] GC(65) Marking Phase
[72.440s][info][gc,phases      ] GC(65) Marking Phase 6.672ms
[72.440s][info][gc,phases,start] GC(65) Summary Phase
[72.440s][info][gc,phases      ] GC(65) Summary Phase 0.013ms
[72.441s][info][gc,phases,start] GC(65) Adjust Roots
[72.444s][info][gc,phases      ] GC(65) Adjust Roots 3.032ms
[72.444s][info][gc,phases,start] GC(65) Compaction Phase
[72.448s][info][gc,phases      ] GC(65) Compaction Phase 4.027ms
[72.448s][info][gc,phases,start] GC(65) Post Compact
[72.448s][info][gc,phases      ] GC(65) Post Compact 0.523ms
[72.448s][info][gc,heap        ] GC(65) PSYoungGen: 32K(2446848K)->0K(2446848K) Eden: 0K(2097664K)->0K(2097664K) From: 32K(349184K)->0K(349184K)
[72.448s][info][gc,heap        ] GC(65) ParOldGen: 4061K(5592576K)->4061K(5592576K)
[72.448s][info][gc,metaspace   ] GC(65) Metaspace: 10269K(10624K)->10269K(10624K) NonClass: 8949K(9152K)->8949K(9152K) Class: 1320K(1472K)->1320K(1472K)
[72.448s][info][gc             ] GC(65) Pause Full (System.gc()) 3M->3M(7851M) 14.547ms
[72.448s][info][gc,cpu         ] GC(65) User=0.00s Sys=0.00s Real=0.02s
[74.726s][info][gc,start       ] GC(66) Pause Young (System.gc())
[74.727s][info][gc,heap        ] GC(66) PSYoungGen: 1600724K(2446848K)->32K(2446848K) Eden: 1600724K(2097664K)->0K(2097664K) From: 0K(349184K)->32K(349184K)
[74.727s][info][gc,heap        ] GC(66) ParOldGen: 4061K(5592576K)->4061K(5592576K)
[74.727s][info][gc,metaspace   ] GC(66) Metaspace: 10269K(10624K)->10269K(10624K) NonClass: 8949K(9152K)->8949K(9152K) Class: 1320K(1472K)->1320K(1472K)
[74.727s][info][gc             ] GC(66) Pause Young (System.gc()) 1567M->3M(7851M) 0.410ms
[74.727s][info][gc,cpu         ] GC(66) User=0.00s Sys=0.00s Real=0.00s
[74.727s][info][gc,start       ] GC(67) Pause Full (System.gc())
[74.727s][info][gc,phases,start] GC(67) Marking Phase
[74.732s][info][gc,phases      ] GC(67) Marking Phase 5.383ms
[74.732s][info][gc,phases,start] GC(67) Summary Phase
[74.732s][info][gc,phases      ] GC(67) Summary Phase 0.014ms
[74.732s][info][gc,phases,start] GC(67) Adjust Roots
[74.735s][info][gc,phases      ] GC(67) Adjust Roots 2.977ms
[74.735s][info][gc,phases,start] GC(67) Compaction Phase
[74.739s][info][gc,phases      ] GC(67) Compaction Phase 3.511ms
[74.739s][info][gc,phases,start] GC(67) Post Compact
[74.740s][info][gc,phases      ] GC(67) Post Compact 0.589ms
[74.740s][info][gc,heap        ] GC(67) PSYoungGen: 32K(2446848K)->0K(2446848K) Eden: 0K(2097664K)->0K(2097664K) From: 32K(349184K)->0K(349184K)
[74.740s][info][gc,heap        ] GC(67) ParOldGen: 4061K(5592576K)->4061K(5592576K)
[74.740s][info][gc,metaspace   ] GC(67) Metaspace: 10269K(10624K)->10269K(10624K) NonClass: 8949K(9152K)->8949K(9152K) Class: 1320K(1472K)->1320K(1472K)
[74.740s][info][gc             ] GC(67) Pause Full (System.gc()) 3M->3M(7851M) 12.747ms
[74.740s][info][gc,cpu         ] GC(67) User=0.00s Sys=0.00s Real=0.02s
[77.024s][info][gc,start       ] GC(68) Pause Young (System.gc())
[77.024s][info][gc,heap        ] GC(68) PSYoungGen: 1600708K(2446848K)->32K(2446848K) Eden: 1600708K(2097664K)->0K(2097664K) From: 0K(349184K)->32K(349184K)
[77.024s][info][gc,heap        ] GC(68) ParOldGen: 4061K(5592576K)->4061K(5592576K)
[77.024s][info][gc,metaspace   ] GC(68) Metaspace: 10269K(10624K)->10269K(10624K) NonClass: 8949K(9152K)->8949K(9152K) Class: 1320K(1472K)->1320K(1472K)
[77.024s][info][gc             ] GC(68) Pause Young (System.gc()) 1567M->3M(7851M) 0.430ms
[77.024s][info][gc,cpu         ] GC(68) User=0.00s Sys=0.00s Real=0.00s
[77.024s][info][gc,start       ] GC(69) Pause Full (System.gc())
[77.024s][info][gc,phases,start] GC(69) Marking Phase
[77.030s][info][gc,phases      ] GC(69) Marking Phase 5.997ms
[77.030s][info][gc,phases,start] GC(69) Summary Phase
[77.030s][info][gc,phases      ] GC(69) Summary Phase 0.014ms
[77.030s][info][gc,phases,start] GC(69) Adjust Roots
[77.033s][info][gc,phases      ] GC(69) Adjust Roots 2.599ms
[77.033s][info][gc,phases,start] GC(69) Compaction Phase
[77.036s][info][gc,phases      ] GC(69) Compaction Phase 2.763ms
[77.036s][info][gc,phases,start] GC(69) Post Compact
[77.036s][info][gc,phases      ] GC(69) Post Compact 0.504ms
[77.036s][info][gc,heap        ] GC(69) PSYoungGen: 32K(2446848K)->0K(2446848K) Eden: 0K(2097664K)->0K(2097664K) From: 32K(349184K)->0K(349184K)
[77.036s][info][gc,heap        ] GC(69) ParOldGen: 4061K(5592576K)->4061K(5592576K)
[77.036s][info][gc,metaspace   ] GC(69) Metaspace: 10269K(10624K)->10269K(10624K) NonClass: 8949K(9152K)->8949K(9152K) Class: 1320K(1472K)->1320K(1472K)
[77.036s][info][gc             ] GC(69) Pause Full (System.gc()) 3M->3M(7851M) 12.128ms
[77.036s][info][gc,cpu         ] GC(69) User=0.02s Sys=0.00s Real=0.02s
[79.315s][info][gc,start       ] GC(70) Pause Young (System.gc())
[79.316s][info][gc,heap        ] GC(70) PSYoungGen: 1600830K(2446848K)->32K(2446848K) Eden: 1600830K(2097664K)->0K(2097664K) From: 0K(349184K)->32K(349184K)
[79.316s][info][gc,heap        ] GC(70) ParOldGen: 4061K(5592576K)->4061K(5592576K)
[79.316s][info][gc,metaspace   ] GC(70) Metaspace: 10269K(10624K)->10269K(10624K) NonClass: 8949K(9152K)->8949K(9152K) Class: 1320K(1472K)->1320K(1472K)
[79.316s][info][gc             ] GC(70) Pause Young (System.gc()) 1567M->3M(7851M) 0.420ms
[79.316s][info][gc,cpu         ] GC(70) User=0.00s Sys=0.00s Real=0.00s
[79.316s][info][gc,start       ] GC(71) Pause Full (System.gc())
[79.316s][info][gc,phases,start] GC(71) Marking Phase
[79.322s][info][gc,phases      ] GC(71) Marking Phase 5.802ms
[79.322s][info][gc,phases,start] GC(71) Summary Phase
[79.322s][info][gc,phases      ] GC(71) Summary Phase 0.015ms
[79.322s][info][gc,phases,start] GC(71) Adjust Roots
[79.324s][info][gc,phases      ] GC(71) Adjust Roots 2.299ms
[79.324s][info][gc,phases,start] GC(71) Compaction Phase
[79.327s][info][gc,phases      ] GC(71) Compaction Phase 3.459ms
[79.328s][info][gc,phases,start] GC(71) Post Compact
[79.328s][info][gc,phases      ] GC(71) Post Compact 0.425ms
[79.328s][info][gc,heap        ] GC(71) PSYoungGen: 32K(2446848K)->0K(2446848K) Eden: 0K(2097664K)->0K(2097664K) From: 32K(349184K)->0K(349184K)
[79.328s][info][gc,heap        ] GC(71) ParOldGen: 4061K(5592576K)->4061K(5592576K)
[79.328s][info][gc,metaspace   ] GC(71) Metaspace: 10269K(10624K)->10269K(10624K) NonClass: 8949K(9152K)->8949K(9152K) Class: 1320K(1472K)->1320K(1472K)
[79.328s][info][gc             ] GC(71) Pause Full (System.gc()) 3M->3M(7851M) 12.267ms
[79.328s][info][gc,cpu         ] GC(71) User=0.00s Sys=0.00s Real=0.02s
[81.594s][info][gc,start       ] GC(72) Pause Young (System.gc())
[81.594s][info][gc,heap        ] GC(72) PSYoungGen: 1585135K(2446848K)->32K(2446848K) Eden: 1585135K(2097664K)->0K(2097664K) From: 0K(349184K)->32K(349184K)
[81.594s][info][gc,heap        ] GC(72) ParOldGen: 4061K(5592576K)->4061K(5592576K)
[81.594s][info][gc,metaspace   ] GC(72) Metaspace: 10269K(10624K)->10269K(10624K) NonClass: 8949K(9152K)->8949K(9152K) Class: 1320K(1472K)->1320K(1472K)
[81.594s][info][gc             ] GC(72) Pause Young (System.gc()) 1551M->3M(7851M) 0.431ms
[81.594s][info][gc,cpu         ] GC(72) User=0.00s Sys=0.00s Real=0.00s
[81.594s][info][gc,start       ] GC(73) Pause Full (System.gc())
[81.594s][info][gc,phases,start] GC(73) Marking Phase
[81.600s][info][gc,phases      ] GC(73) Marking Phase 6.047ms
[81.600s][info][gc,phases,start] GC(73) Summary Phase
[81.601s][info][gc,phases      ] GC(73) Summary Phase 0.014ms
[81.601s][info][gc,phases,start] GC(73) Adjust Roots
[81.603s][info][gc,phases      ] GC(73) Adjust Roots 2.449ms
[81.603s][info][gc,phases,start] GC(73) Compaction Phase
[81.606s][info][gc,phases      ] GC(73) Compaction Phase 2.744ms
[81.606s][info][gc,phases,start] GC(73) Post Compact
[81.606s][info][gc,phases      ] GC(73) Post Compact 0.422ms
[81.606s][info][gc,heap        ] GC(73) PSYoungGen: 32K(2446848K)->0K(2446848K) Eden: 0K(2097664K)->0K(2097664K) From: 32K(349184K)->0K(349184K)
[81.606s][info][gc,heap        ] GC(73) ParOldGen: 4061K(5592576K)->4061K(5592576K)
[81.606s][info][gc,metaspace   ] GC(73) Metaspace: 10269K(10624K)->10269K(10624K) NonClass: 8949K(9152K)->8949K(9152K) Class: 1320K(1472K)->1320K(1472K)
[81.606s][info][gc             ] GC(73) Pause Full (System.gc()) 3M->3M(7851M) 11.940ms
[81.606s][info][gc,cpu         ] GC(73) User=0.02s Sys=0.00s Real=0.02s
[83.873s][info][gc,start       ] GC(74) Pause Young (System.gc())
[83.874s][info][gc,heap        ] GC(74) PSYoungGen: 1593563K(2446848K)->32K(2446848K) Eden: 1593563K(2097664K)->0K(2097664K) From: 0K(349184K)->32K(349184K)
[83.874s][info][gc,heap        ] GC(74) ParOldGen: 4061K(5592576K)->4061K(5592576K)
[83.874s][info][gc,metaspace   ] GC(74) Metaspace: 10270K(10624K)->10270K(10624K) NonClass: 8950K(9152K)->8950K(9152K) Class: 1320K(1472K)->1320K(1472K)
[83.874s][info][gc             ] GC(74) Pause Young (System.gc()) 1560M->3M(7851M) 0.389ms
[83.874s][info][gc,cpu         ] GC(74) User=0.00s Sys=0.00s Real=0.00s
[83.874s][info][gc,start       ] GC(75) Pause Full (System.gc())
[83.874s][info][gc,phases,start] GC(75) Marking Phase
[83.880s][info][gc,phases      ] GC(75) Marking Phase 6.291ms
[83.880s][info][gc,phases,start] GC(75) Summary Phase
[83.880s][info][gc,phases      ] GC(75) Summary Phase 0.020ms
[83.880s][info][gc,phases,start] GC(75) Adjust Roots
[83.883s][info][gc,phases      ] GC(75) Adjust Roots 2.586ms
[83.883s][info][gc,phases,start] GC(75) Compaction Phase
[83.886s][info][gc,phases      ] GC(75) Compaction Phase 2.770ms
[83.886s][info][gc,phases,start] GC(75) Post Compact
[83.886s][info][gc,phases      ] GC(75) Post Compact 0.426ms
[83.886s][info][gc,heap        ] GC(75) PSYoungGen: 32K(2446848K)->0K(2446848K) Eden: 0K(2097664K)->0K(2097664K) From: 32K(349184K)->0K(349184K)
[83.886s][info][gc,heap        ] GC(75) ParOldGen: 4061K(5592576K)->4061K(5592576K)
[83.886s][info][gc,metaspace   ] GC(75) Metaspace: 10270K(10624K)->10270K(10624K) NonClass: 8950K(9152K)->8950K(9152K) Class: 1320K(1472K)->1320K(1472K)
[83.886s][info][gc             ] GC(75) Pause Full (System.gc()) 3M->3M(7851M) 12.387ms
[83.886s][info][gc,cpu         ] GC(75) User=0.00s Sys=0.00s Real=0.00s
[86.155s][info][gc,start       ] GC(76) Pause Young (System.gc())
[86.156s][info][gc,heap        ] GC(76) PSYoungGen: 1594023K(2446848K)->96K(2446848K) Eden: 1594023K(2097664K)->0K(2097664K) From: 0K(349184K)->96K(349184K)
[86.156s][info][gc,heap        ] GC(76) ParOldGen: 4061K(5592576K)->4061K(5592576K)
[86.156s][info][gc,metaspace   ] GC(76) Metaspace: 10270K(10624K)->10270K(10624K) NonClass: 8950K(9152K)->8950K(9152K) Class: 1320K(1472K)->1320K(1472K)
[86.156s][info][gc             ] GC(76) Pause Young (System.gc()) 1560M->4M(7851M) 0.419ms
[86.156s][info][gc,cpu         ] GC(76) User=0.00s Sys=0.00s Real=0.00s
[86.156s][info][gc,start       ] GC(77) Pause Full (System.gc())
[86.156s][info][gc,phases,start] GC(77) Marking Phase
[86.161s][info][gc,phases      ] GC(77) Marking Phase 5.601ms
[86.162s][info][gc,phases,start] GC(77) Summary Phase
[86.162s][info][gc,phases      ] GC(77) Summary Phase 0.015ms
[86.162s][info][gc,phases,start] GC(77) Adjust Roots
[86.164s][info][gc,phases      ] GC(77) Adjust Roots 2.361ms
[86.164s][info][gc,phases,start] GC(77) Compaction Phase
[86.167s][info][gc,phases      ] GC(77) Compaction Phase 2.913ms
[86.167s][info][gc,phases,start] GC(77) Post Compact
[86.167s][info][gc,phases      ] GC(77) Post Compact 0.420ms
[86.167s][info][gc,heap        ] GC(77) PSYoungGen: 96K(2446848K)->0K(2446848K) Eden: 0K(2097664K)->0K(2097664K) From: 96K(349184K)->0K(349184K)
[86.167s][info][gc,heap        ] GC(77) ParOldGen: 4061K(5592576K)->4061K(5592576K)
[86.167s][info][gc,metaspace   ] GC(77) Metaspace: 10270K(10624K)->10270K(10624K) NonClass: 8950K(9152K)->8950K(9152K) Class: 1320K(1472K)->1320K(1472K)
[86.167s][info][gc             ] GC(77) Pause Full (System.gc()) 4M->3M(7851M) 11.583ms
[86.167s][info][gc,cpu         ] GC(77) User=0.00s Sys=0.00s Real=0.02s
[88.436s][info][gc,start       ] GC(78) Pause Young (System.gc())
[88.436s][info][gc,heap        ] GC(78) PSYoungGen: 1586175K(2446848K)->128K(2446848K) Eden: 1586175K(2097664K)->0K(2097664K) From: 0K(349184K)->128K(349184K)
[88.436s][info][gc,heap        ] GC(78) ParOldGen: 4061K(5592576K)->4061K(5592576K)
[88.436s][info][gc,metaspace   ] GC(78) Metaspace: 10270K(10624K)->10270K(10624K) NonClass: 8950K(9152K)->8950K(9152K) Class: 1320K(1472K)->1320K(1472K)
[88.436s][info][gc             ] GC(78) Pause Young (System.gc()) 1552M->4M(7851M) 0.440ms
[88.436s][info][gc,cpu         ] GC(78) User=0.00s Sys=0.00s Real=0.00s
[88.436s][info][gc,start       ] GC(79) Pause Full (System.gc())
[88.436s][info][gc,phases,start] GC(79) Marking Phase
[88.442s][info][gc,phases      ] GC(79) Marking Phase 5.953ms
[88.442s][info][gc,phases,start] GC(79) Summary Phase
[88.442s][info][gc,phases      ] GC(79) Summary Phase 0.015ms
[88.442s][info][gc,phases,start] GC(79) Adjust Roots
[88.446s][info][gc,phases      ] GC(79) Adjust Roots 3.191ms
[88.446s][info][gc,phases,start] GC(79) Compaction Phase
[88.449s][info][gc,phases      ] GC(79) Compaction Phase 2.882ms
[88.449s][info][gc,phases,start] GC(79) Post Compact
[88.449s][info][gc,phases      ] GC(79) Post Compact 0.422ms
[88.449s][info][gc,heap        ] GC(79) PSYoungGen: 128K(2446848K)->0K(2446848K) Eden: 0K(2097664K)->0K(2097664K) From: 128K(349184K)->0K(349184K)
[88.449s][info][gc,heap        ] GC(79) ParOldGen: 4061K(5592576K)->4063K(5592576K)
[88.449s][info][gc,metaspace   ] GC(79) Metaspace: 10270K(10624K)->10270K(10624K) NonClass: 8950K(9152K)->8950K(9152K) Class: 1320K(1472K)->1320K(1472K)
[88.449s][info][gc             ] GC(79) Pause Full (System.gc()) 4M->3M(7851M) 12.704ms
[88.449s][info][gc,cpu         ] GC(79) User=0.02s Sys=0.00s Real=0.02s
[90.733s][info][gc,start       ] GC(80) Pause Young (System.gc())
[90.734s][info][gc,heap        ] GC(80) PSYoungGen: 1586027K(2446848K)->32K(2446848K) Eden: 1586027K(2097664K)->0K(2097664K) From: 0K(349184K)->32K(349184K)
[90.734s][info][gc,heap        ] GC(80) ParOldGen: 4063K(5592576K)->4063K(5592576K)
[90.734s][info][gc,metaspace   ] GC(80) Metaspace: 10270K(10624K)->10270K(10624K) NonClass: 8950K(9152K)->8950K(9152K) Class: 1320K(1472K)->1320K(1472K)
[90.734s][info][gc             ] GC(80) Pause Young (System.gc()) 1552M->3M(7851M) 0.397ms
[90.734s][info][gc,cpu         ] GC(80) User=0.00s Sys=0.00s Real=0.00s
[90.734s][info][gc,start       ] GC(81) Pause Full (System.gc())
[90.734s][info][gc,phases,start] GC(81) Marking Phase
[90.739s][info][gc,phases      ] GC(81) Marking Phase 5.451ms
[90.739s][info][gc,phases,start] GC(81) Summary Phase
[90.739s][info][gc,phases      ] GC(81) Summary Phase 0.012ms
[90.739s][info][gc,phases,start] GC(81) Adjust Roots
[90.742s][info][gc,phases      ] GC(81) Adjust Roots 3.195ms
[90.743s][info][gc,phases,start] GC(81) Compaction Phase
[90.745s][info][gc,phases      ] GC(81) Compaction Phase 2.890ms
[90.745s][info][gc,phases,start] GC(81) Post Compact
[90.746s][info][gc,phases      ] GC(81) Post Compact 0.747ms
[90.746s][info][gc,heap        ] GC(81) PSYoungGen: 32K(2446848K)->0K(2446848K) Eden: 0K(2097664K)->0K(2097664K) From: 32K(349184K)->0K(349184K)
[90.746s][info][gc,heap        ] GC(81) ParOldGen: 4063K(5592576K)->4063K(5592576K)
[90.746s][info][gc,metaspace   ] GC(81) Metaspace: 10270K(10624K)->10270K(10624K) NonClass: 8950K(9152K)->8950K(9152K) Class: 1320K(1472K)->1320K(1472K)
[90.746s][info][gc             ] GC(81) Pause Full (System.gc()) 3M->3M(7851M) 12.549ms
[90.746s][info][gc,cpu         ] GC(81) User=0.02s Sys=0.00s Real=0.02s
[93.033s][info][gc,start       ] GC(82) Pause Young (System.gc())
[93.034s][info][gc,heap        ] GC(82) PSYoungGen: 1593591K(2446848K)->32K(2446848K) Eden: 1593591K(2097664K)->0K(2097664K) From: 0K(349184K)->32K(349184K)
[93.034s][info][gc,heap        ] GC(82) ParOldGen: 4063K(5592576K)->4063K(5592576K)
[93.034s][info][gc,metaspace   ] GC(82) Metaspace: 10272K(10624K)->10272K(10624K) NonClass: 8951K(9152K)->8951K(9152K) Class: 1320K(1472K)->1320K(1472K)
[93.034s][info][gc             ] GC(82) Pause Young (System.gc()) 1560M->3M(7851M) 0.430ms
[93.034s][info][gc,cpu         ] GC(82) User=0.00s Sys=0.00s Real=0.00s
[93.034s][info][gc,start       ] GC(83) Pause Full (System.gc())
[93.034s][info][gc,phases,start] GC(83) Marking Phase
[93.040s][info][gc,phases      ] GC(83) Marking Phase 6.212ms
[93.040s][info][gc,phases,start] GC(83) Summary Phase
[93.040s][info][gc,phases      ] GC(83) Summary Phase 0.017ms
[93.040s][info][gc,phases,start] GC(83) Adjust Roots
[93.043s][info][gc,phases      ] GC(83) Adjust Roots 2.396ms
[93.043s][info][gc,phases,start] GC(83) Compaction Phase
[93.046s][info][gc,phases      ] GC(83) Compaction Phase 2.805ms
[93.046s][info][gc,phases,start] GC(83) Post Compact
[93.046s][info][gc,phases      ] GC(83) Post Compact 0.424ms
[93.046s][info][gc,heap        ] GC(83) PSYoungGen: 32K(2446848K)->0K(2446848K) Eden: 0K(2097664K)->0K(2097664K) From: 32K(349184K)->0K(349184K)
[93.046s][info][gc,heap        ] GC(83) ParOldGen: 4063K(5592576K)->4063K(5592576K)
[93.046s][info][gc,metaspace   ] GC(83) Metaspace: 10272K(10624K)->10272K(10624K) NonClass: 8951K(9152K)->8951K(9152K) Class: 1320K(1472K)->1320K(1472K)
[93.046s][info][gc             ] GC(83) Pause Full (System.gc()) 3M->3M(7851M) 12.186ms
[93.046s][info][gc,cpu         ] GC(83) User=0.00s Sys=0.00s Real=0.02s
[95.320s][info][gc,start       ] GC(84) Pause Young (System.gc())
[95.321s][info][gc,heap        ] GC(84) PSYoungGen: 1594052K(2446848K)->32K(2446848K) Eden: 1594052K(2097664K)->0K(2097664K) From: 0K(349184K)->32K(349184K)
[95.321s][info][gc,heap        ] GC(84) ParOldGen: 4063K(5592576K)->4063K(5592576K)
[95.321s][info][gc,metaspace   ] GC(84) Metaspace: 10281K(10624K)->10281K(10624K) NonClass: 8961K(9152K)->8961K(9152K) Class: 1320K(1472K)->1320K(1472K)
[95.321s][info][gc             ] GC(84) Pause Young (System.gc()) 1560M->3M(7851M) 0.418ms
[95.321s][info][gc,cpu         ] GC(84) User=0.00s Sys=0.00s Real=0.00s
[95.321s][info][gc,start       ] GC(85) Pause Full (System.gc())
[95.321s][info][gc,phases,start] GC(85) Marking Phase
[95.327s][info][gc,phases      ] GC(85) Marking Phase 5.858ms
[95.327s][info][gc,phases,start] GC(85) Summary Phase
[95.327s][info][gc,phases      ] GC(85) Summary Phase 0.014ms
[95.327s][info][gc,phases,start] GC(85) Adjust Roots
[95.330s][info][gc,phases      ] GC(85) Adjust Roots 2.913ms
[95.330s][info][gc,phases,start] GC(85) Compaction Phase
[95.332s][info][gc,phases      ] GC(85) Compaction Phase 2.786ms
[95.333s][info][gc,phases,start] GC(85) Post Compact
[95.333s][info][gc,phases      ] GC(85) Post Compact 0.421ms
[95.333s][info][gc,heap        ] GC(85) PSYoungGen: 32K(2446848K)->0K(2446848K) Eden: 0K(2097664K)->0K(2097664K) From: 32K(349184K)->0K(349184K)
[95.333s][info][gc,heap        ] GC(85) ParOldGen: 4063K(5592576K)->4063K(5592576K)
[95.333s][info][gc,metaspace   ] GC(85) Metaspace: 10281K(10624K)->10281K(10624K) NonClass: 8961K(9152K)->8961K(9152K) Class: 1320K(1472K)->1320K(1472K)
[95.333s][info][gc             ] GC(85) Pause Full (System.gc()) 3M->3M(7851M) 12.277ms
[95.333s][info][gc,cpu         ] GC(85) User=0.00s Sys=0.00s Real=0.02s
[97.596s][info][gc,start       ] GC(86) Pause Young (System.gc())
[97.597s][info][gc,heap        ] GC(86) PSYoungGen: 1586457K(2446848K)->32K(2446848K) Eden: 1586457K(2097664K)->0K(2097664K) From: 0K(349184K)->32K(349184K)
[97.597s][info][gc,heap        ] GC(86) ParOldGen: 4063K(5592576K)->4063K(5592576K)
[97.597s][info][gc,metaspace   ] GC(86) Metaspace: 10286K(10624K)->10286K(10624K) NonClass: 8966K(9152K)->8966K(9152K) Class: 1320K(1472K)->1320K(1472K)
[97.597s][info][gc             ] GC(86) Pause Young (System.gc()) 1553M->3M(7851M) 0.421ms
[97.597s][info][gc,cpu         ] GC(86) User=0.00s Sys=0.00s Real=0.00s
[97.597s][info][gc,start       ] GC(87) Pause Full (System.gc())
[97.597s][info][gc,phases,start] GC(87) Marking Phase
[97.603s][info][gc,phases      ] GC(87) Marking Phase 5.950ms
[97.603s][info][gc,phases,start] GC(87) Summary Phase
[97.603s][info][gc,phases      ] GC(87) Summary Phase 0.017ms
[97.603s][info][gc,phases,start] GC(87) Adjust Roots
[97.605s][info][gc,phases      ] GC(87) Adjust Roots 2.707ms
[97.606s][info][gc,phases,start] GC(87) Compaction Phase
[97.608s][info][gc,phases      ] GC(87) Compaction Phase 2.927ms
[97.609s][info][gc,phases,start] GC(87) Post Compact
[97.609s][info][gc,phases      ] GC(87) Post Compact 0.469ms
[97.609s][info][gc,heap        ] GC(87) PSYoungGen: 32K(2446848K)->0K(2446848K) Eden: 0K(2097664K)->0K(2097664K) From: 32K(349184K)->0K(349184K)
[97.609s][info][gc,heap        ] GC(87) ParOldGen: 4063K(5592576K)->4063K(5592576K)
[97.609s][info][gc,metaspace   ] GC(87) Metaspace: 10286K(10624K)->10286K(10624K) NonClass: 8966K(9152K)->8966K(9152K) Class: 1320K(1472K)->1320K(1472K)
[97.609s][info][gc             ] GC(87) Pause Full (System.gc()) 3M->3M(7851M) 12.367ms
[97.609s][info][gc,cpu         ] GC(87) User=0.00s Sys=0.00s Real=0.02s
[99.872s][info][gc,start       ] GC(88) Pause Young (System.gc())
[99.872s][info][gc,heap        ] GC(88) PSYoungGen: 1593876K(2446848K)->32K(2446848K) Eden: 1593876K(2097664K)->0K(2097664K) From: 0K(349184K)->32K(349184K)
[99.872s][info][gc,heap        ] GC(88) ParOldGen: 4063K(5592576K)->4063K(5592576K)
[99.872s][info][gc,metaspace   ] GC(88) Metaspace: 10286K(10624K)->10286K(10624K) NonClass: 8966K(9152K)->8966K(9152K) Class: 1320K(1472K)->1320K(1472K)
[99.872s][info][gc             ] GC(88) Pause Young (System.gc()) 1560M->3M(7851M) 0.427ms
[99.872s][info][gc,cpu         ] GC(88) User=0.00s Sys=0.00s Real=0.00s
[99.872s][info][gc,start       ] GC(89) Pause Full (System.gc())
[99.872s][info][gc,phases,start] GC(89) Marking Phase
[99.878s][info][gc,phases      ] GC(89) Marking Phase 5.528ms
[99.878s][info][gc,phases,start] GC(89) Summary Phase
[99.878s][info][gc,phases      ] GC(89) Summary Phase 0.013ms
[99.878s][info][gc,phases,start] GC(89) Adjust Roots
[99.880s][info][gc,phases      ] GC(89) Adjust Roots 2.255ms
[99.880s][info][gc,phases,start] GC(89) Compaction Phase
[99.883s][info][gc,phases      ] GC(89) Compaction Phase 3.331ms
[99.883s][info][gc,phases,start] GC(89) Post Compact
[99.884s][info][gc,phases      ] GC(89) Post Compact 0.474ms
[99.884s][info][gc,heap        ] GC(89) PSYoungGen: 32K(2446848K)->0K(2446848K) Eden: 0K(2097664K)->0K(2097664K) From: 32K(349184K)->0K(349184K)
[99.884s][info][gc,heap        ] GC(89) ParOldGen: 4063K(5592576K)->4063K(5592576K)
[99.884s][info][gc,metaspace   ] GC(89) Metaspace: 10286K(10624K)->10286K(10624K) NonClass: 8966K(9152K)->8966K(9152K) Class: 1320K(1472K)->1320K(1472K)
[99.884s][info][gc             ] GC(89) Pause Full (System.gc()) 3M->3M(7851M) 11.871ms
[99.884s][info][gc,cpu         ] GC(89) User=0.02s Sys=0.00s Real=0.02s
[102.149s][info][gc,start       ] GC(90) Pause Young (System.gc())
[102.149s][info][gc,heap        ] GC(90) PSYoungGen: 1593616K(2446848K)->32K(2446848K) Eden: 1593616K(2097664K)->0K(2097664K) From: 0K(349184K)->32K(349184K)
[102.149s][info][gc,heap        ] GC(90) ParOldGen: 4063K(5592576K)->4063K(5592576K)
[102.149s][info][gc,metaspace   ] GC(90) Metaspace: 10286K(10624K)->10286K(10624K) NonClass: 8966K(9152K)->8966K(9152K) Class: 1320K(1472K)->1320K(1472K)
[102.149s][info][gc             ] GC(90) Pause Young (System.gc()) 1560M->3M(7851M) 0.491ms
[102.149s][info][gc,cpu         ] GC(90) User=0.00s Sys=0.00s Real=0.00s
[102.149s][info][gc,start       ] GC(91) Pause Full (System.gc())
[102.149s][info][gc,phases,start] GC(91) Marking Phase
[102.155s][info][gc,phases      ] GC(91) Marking Phase 6.051ms
[102.155s][info][gc,phases,start] GC(91) Summary Phase
[102.155s][info][gc,phases      ] GC(91) Summary Phase 0.014ms
[102.155s][info][gc,phases,start] GC(91) Adjust Roots
[102.158s][info][gc,phases      ] GC(91) Adjust Roots 2.754ms
[102.158s][info][gc,phases,start] GC(91) Compaction Phase
[102.161s][info][gc,phases      ] GC(91) Compaction Phase 2.802ms
[102.161s][info][gc,phases,start] GC(91) Post Compact
[102.161s][info][gc,phases      ] GC(91) Post Compact 0.421ms
[102.161s][info][gc,heap        ] GC(91) PSYoungGen: 32K(2446848K)->0K(2446848K) Eden: 0K(2097664K)->0K(2097664K) From: 32K(349184K)->0K(349184K)
[102.161s][info][gc,heap        ] GC(91) ParOldGen: 4063K(5592576K)->4063K(5592576K)
[102.161s][info][gc,metaspace   ] GC(91) Metaspace: 10286K(10624K)->10286K(10624K) NonClass: 8966K(9152K)->8966K(9152K) Class: 1320K(1472K)->1320K(1472K)
[102.161s][info][gc             ] GC(91) Pause Full (System.gc()) 3M->3M(7851M) 12.310ms
[102.161s][info][gc,cpu         ] GC(91) User=0.00s Sys=0.00s Real=0.01s
[104.433s][info][gc,start       ] GC(92) Pause Young (System.gc())
[104.433s][info][gc,heap        ] GC(92) PSYoungGen: 1594023K(2446848K)->32K(2446848K) Eden: 1594023K(2097664K)->0K(2097664K) From: 0K(349184K)->32K(349184K)
[104.433s][info][gc,heap        ] GC(92) ParOldGen: 4063K(5592576K)->4063K(5592576K)
[104.433s][info][gc,metaspace   ] GC(92) Metaspace: 10286K(10624K)->10286K(10624K) NonClass: 8966K(9152K)->8966K(9152K) Class: 1320K(1472K)->1320K(1472K)
[104.433s][info][gc             ] GC(92) Pause Young (System.gc()) 1560M->3M(7851M) 0.381ms
[104.433s][info][gc,cpu         ] GC(92) User=0.00s Sys=0.00s Real=0.00s
[104.433s][info][gc,start       ] GC(93) Pause Full (System.gc())
[104.433s][info][gc,phases,start] GC(93) Marking Phase
[104.440s][info][gc,phases      ] GC(93) Marking Phase 6.475ms
[104.440s][info][gc,phases,start] GC(93) Summary Phase
[104.440s][info][gc,phases      ] GC(93) Summary Phase 0.014ms
[104.440s][info][gc,phases,start] GC(93) Adjust Roots
[104.442s][info][gc,phases      ] GC(93) Adjust Roots 2.289ms
[104.442s][info][gc,phases,start] GC(93) Compaction Phase
[104.445s][info][gc,phases      ] GC(93) Compaction Phase 2.841ms
[104.445s][info][gc,phases,start] GC(93) Post Compact
[104.445s][info][gc,phases      ] GC(93) Post Compact 0.424ms
[104.445s][info][gc,heap        ] GC(93) PSYoungGen: 32K(2446848K)->0K(2446848K) Eden: 0K(2097664K)->0K(2097664K) From: 32K(349184K)->0K(349184K)
[104.445s][info][gc,heap        ] GC(93) ParOldGen: 4063K(5592576K)->4063K(5592576K)
[104.445s][info][gc,metaspace   ] GC(93) Metaspace: 10286K(10624K)->10286K(10624K) NonClass: 8966K(9152K)->8966K(9152K) Class: 1320K(1472K)->1320K(1472K)
[104.445s][info][gc             ] GC(93) Pause Full (System.gc()) 3M->3M(7851M) 12.287ms
[104.445s][info][gc,cpu         ] GC(93) User=0.02s Sys=0.00s Real=0.02s
[106.713s][info][gc,start       ] GC(94) Pause Young (System.gc())
[106.713s][info][gc,heap        ] GC(94) PSYoungGen: 1594359K(2446848K)->32K(2446848K) Eden: 1594359K(2097664K)->0K(2097664K) From: 0K(349184K)->32K(349184K)
[106.713s][info][gc,heap        ] GC(94) ParOldGen: 4063K(5592576K)->4063K(5592576K)
[106.713s][info][gc,metaspace   ] GC(94) Metaspace: 10286K(10624K)->10286K(10624K) NonClass: 8966K(9152K)->8966K(9152K) Class: 1320K(1472K)->1320K(1472K)
[106.713s][info][gc             ] GC(94) Pause Young (System.gc()) 1560M->3M(7851M) 0.434ms
[106.713s][info][gc,cpu         ] GC(94) User=0.00s Sys=0.00s Real=0.00s
[106.713s][info][gc,start       ] GC(95) Pause Full (System.gc())
[106.713s][info][gc,phases,start] GC(95) Marking Phase
[106.719s][info][gc,phases      ] GC(95) Marking Phase 5.497ms
[106.719s][info][gc,phases,start] GC(95) Summary Phase
[106.719s][info][gc,phases      ] GC(95) Summary Phase 0.014ms
[106.719s][info][gc,phases,start] GC(95) Adjust Roots
[106.722s][info][gc,phases      ] GC(95) Adjust Roots 2.636ms
[106.722s][info][gc,phases,start] GC(95) Compaction Phase
[106.725s][info][gc,phases      ] GC(95) Compaction Phase 2.905ms
[106.725s][info][gc,phases,start] GC(95) Post Compact
[106.725s][info][gc,phases      ] GC(95) Post Compact 0.425ms
[106.725s][info][gc,heap        ] GC(95) PSYoungGen: 32K(2446848K)->0K(2446848K) Eden: 0K(2097664K)->0K(2097664K) From: 32K(349184K)->0K(349184K)
[106.725s][info][gc,heap        ] GC(95) ParOldGen: 4063K(5592576K)->4063K(5592576K)
[106.725s][info][gc,metaspace   ] GC(95) Metaspace: 10286K(10624K)->10286K(10624K) NonClass: 8966K(9152K)->8966K(9152K) Class: 1320K(1472K)->1320K(1472K)
[106.725s][info][gc             ] GC(95) Pause Full (System.gc()) 3M->3M(7851M) 11.732ms
[106.725s][info][gc,cpu         ] GC(95) User=0.00s Sys=0.00s Real=0.00s
[108.993s][info][gc,start       ] GC(96) Pause Young (System.gc())
[108.994s][info][gc,heap        ] GC(96) PSYoungGen: 1593355K(2446848K)->32K(2446848K) Eden: 1593355K(2097664K)->0K(2097664K) From: 0K(349184K)->32K(349184K)
[108.994s][info][gc,heap        ] GC(96) ParOldGen: 4063K(5592576K)->4063K(5592576K)
[108.994s][info][gc,metaspace   ] GC(96) Metaspace: 10286K(10624K)->10286K(10624K) NonClass: 8966K(9152K)->8966K(9152K) Class: 1320K(1472K)->1320K(1472K)
[108.994s][info][gc             ] GC(96) Pause Young (System.gc()) 1559M->3M(7851M) 0.415ms
[108.994s][info][gc,cpu         ] GC(96) User=0.00s Sys=0.00s Real=0.00s
[108.994s][info][gc,start       ] GC(97) Pause Full (System.gc())
[108.994s][info][gc,phases,start] GC(97) Marking Phase
[109.000s][info][gc,phases      ] GC(97) Marking Phase 5.793ms
[109.000s][info][gc,phases,start] GC(97) Summary Phase
[109.000s][info][gc,phases      ] GC(97) Summary Phase 0.015ms
[109.000s][info][gc,phases,start] GC(97) Adjust Roots
[109.003s][info][gc,phases      ] GC(97) Adjust Roots 2.746ms
[109.003s][info][gc,phases,start] GC(97) Compaction Phase
[109.006s][info][gc,phases      ] GC(97) Compaction Phase 3.526ms
[109.006s][info][gc,phases,start] GC(97) Post Compact
[109.007s][info][gc,phases      ] GC(97) Post Compact 0.420ms
[109.007s][info][gc,heap        ] GC(97) PSYoungGen: 32K(2446848K)->0K(2446848K) Eden: 0K(2097664K)->0K(2097664K) From: 32K(349184K)->0K(349184K)
[109.007s][info][gc,heap        ] GC(97) ParOldGen: 4063K(5592576K)->4063K(5592576K)
[109.007s][info][gc,metaspace   ] GC(97) Metaspace: 10286K(10624K)->10286K(10624K) NonClass: 8966K(9152K)->8966K(9152K) Class: 1320K(1472K)->1320K(1472K)
[109.007s][info][gc             ] GC(97) Pause Full (System.gc()) 3M->3M(7851M) 12.780ms
[109.007s][info][gc,cpu         ] GC(97) User=0.02s Sys=0.00s Real=0.02s
[111.276s][info][gc,start       ] GC(98) Pause Young (System.gc())
[111.276s][info][gc,heap        ] GC(98) PSYoungGen: 1594017K(2446848K)->96K(2446848K) Eden: 1594017K(2097664K)->0K(2097664K) From: 0K(349184K)->96K(349184K)
[111.276s][info][gc,heap        ] GC(98) ParOldGen: 4063K(5592576K)->4063K(5592576K)
[111.276s][info][gc,metaspace   ] GC(98) Metaspace: 10286K(10624K)->10286K(10624K) NonClass: 8966K(9152K)->8966K(9152K) Class: 1320K(1472K)->1320K(1472K)
[111.276s][info][gc             ] GC(98) Pause Young (System.gc()) 1560M->4M(7851M) 0.444ms
[111.276s][info][gc,cpu         ] GC(98) User=0.00s Sys=0.00s Real=0.00s
[111.276s][info][gc,start       ] GC(99) Pause Full (System.gc())
[111.276s][info][gc,phases,start] GC(99) Marking Phase
[111.282s][info][gc,phases      ] GC(99) Marking Phase 5.881ms
[111.282s][info][gc,phases,start] GC(99) Summary Phase
[111.282s][info][gc,phases      ] GC(99) Summary Phase 0.014ms
[111.282s][info][gc,phases,start] GC(99) Adjust Roots
[111.285s][info][gc,phases      ] GC(99) Adjust Roots 2.764ms
[111.285s][info][gc,phases,start] GC(99) Compaction Phase
[111.288s][info][gc,phases      ] GC(99) Compaction Phase 2.743ms
[111.288s][info][gc,phases,start] GC(99) Post Compact
[111.288s][info][gc,phases      ] GC(99) Post Compact 0.418ms
[111.288s][info][gc,heap        ] GC(99) PSYoungGen: 96K(2446848K)->0K(2446848K) Eden: 0K(2097664K)->0K(2097664K) From: 96K(349184K)->0K(349184K)
[111.288s][info][gc,heap        ] GC(99) ParOldGen: 4063K(5592576K)->4063K(5592576K)
[111.288s][info][gc,metaspace   ] GC(99) Metaspace: 10286K(10624K)->10286K(10624K) NonClass: 8966K(9152K)->8966K(9152K) Class: 1320K(1472K)->1320K(1472K)
[111.288s][info][gc             ] GC(99) Pause Full (System.gc()) 4M->3M(7851M) 12.060ms
[111.288s][info][gc,cpu         ] GC(99) User=0.00s Sys=0.00s Real=0.02s
[113.556s][info][gc,start       ] GC(100) Pause Young (System.gc())
[113.557s][info][gc,heap        ] GC(100) PSYoungGen: 1595262K(2446848K)->32K(2446848K) Eden: 1595262K(2097664K)->0K(2097664K) From: 0K(349184K)->32K(349184K)
[113.557s][info][gc,heap        ] GC(100) ParOldGen: 4063K(5592576K)->4063K(5592576K)
[113.557s][info][gc,metaspace   ] GC(100) Metaspace: 10286K(10624K)->10286K(10624K) NonClass: 8966K(9152K)->8966K(9152K) Class: 1320K(1472K)->1320K(1472K)
[113.557s][info][gc             ] GC(100) Pause Young (System.gc()) 1561M->3M(7851M) 0.422ms
[113.557s][info][gc,cpu         ] GC(100) User=0.00s Sys=0.00s Real=0.00s
[113.557s][info][gc,start       ] GC(101) Pause Full (System.gc())
[113.557s][info][gc,phases,start] GC(101) Marking Phase
[113.563s][info][gc,phases      ] GC(101) Marking Phase 5.904ms
[113.563s][info][gc,phases,start] GC(101) Summary Phase
[113.563s][info][gc,phases      ] GC(101) Summary Phase 0.014ms
[113.563s][info][gc,phases,start] GC(101) Adjust Roots
[113.565s][info][gc,phases      ] GC(101) Adjust Roots 2.699ms
[113.565s][info][gc,phases,start] GC(101) Compaction Phase
[113.569s][info][gc,phases      ] GC(101) Compaction Phase 3.924ms
[113.569s][info][gc,phases,start] GC(101) Post Compact
[113.570s][info][gc,phases      ] GC(101) Post Compact 0.513ms
[113.570s][info][gc,heap        ] GC(101) PSYoungGen: 32K(2446848K)->0K(2446848K) Eden: 0K(2097664K)->0K(2097664K) From: 32K(349184K)->0K(349184K)
[113.570s][info][gc,heap        ] GC(101) ParOldGen: 4063K(5592576K)->4063K(5592576K)
[113.570s][info][gc,metaspace   ] GC(101) Metaspace: 10286K(10624K)->10286K(10624K) NonClass: 8966K(9152K)->8966K(9152K) Class: 1320K(1472K)->1320K(1472K)
[113.570s][info][gc             ] GC(101) Pause Full (System.gc()) 3M->3M(7851M) 13.316ms
[113.570s][info][gc,cpu         ] GC(101) User=0.00s Sys=0.00s Real=0.00s
[115.850s][info][gc,start       ] GC(102) Pause Young (System.gc())
[115.850s][info][gc,heap        ] GC(102) PSYoungGen: 1594791K(2446848K)->32K(2446848K) Eden: 1594791K(2097664K)->0K(2097664K) From: 0K(349184K)->32K(349184K)
[115.850s][info][gc,heap        ] GC(102) ParOldGen: 4063K(5592576K)->4063K(5592576K)
[115.850s][info][gc,metaspace   ] GC(102) Metaspace: 10286K(10624K)->10286K(10624K) NonClass: 8966K(9152K)->8966K(9152K) Class: 1320K(1472K)->1320K(1472K)
[115.850s][info][gc             ] GC(102) Pause Young (System.gc()) 1561M->3M(7851M) 0.372ms
[115.850s][info][gc,cpu         ] GC(102) User=0.00s Sys=0.00s Real=0.00s
[115.850s][info][gc,start       ] GC(103) Pause Full (System.gc())
[115.850s][info][gc,phases,start] GC(103) Marking Phase
[115.856s][info][gc,phases      ] GC(103) Marking Phase 5.920ms
[115.856s][info][gc,phases,start] GC(103) Summary Phase
[115.856s][info][gc,phases      ] GC(103) Summary Phase 0.013ms
[115.856s][info][gc,phases,start] GC(103) Adjust Roots
[115.859s][info][gc,phases      ] GC(103) Adjust Roots 2.475ms
[115.859s][info][gc,phases,start] GC(103) Compaction Phase
[115.862s][info][gc,phases      ] GC(103) Compaction Phase 2.851ms
[115.862s][info][gc,phases,start] GC(103) Post Compact
[115.862s][info][gc,phases      ] GC(103) Post Compact 0.582ms
[115.862s][info][gc,heap        ] GC(103) PSYoungGen: 32K(2446848K)->0K(2446848K) Eden: 0K(2097664K)->0K(2097664K) From: 32K(349184K)->0K(349184K)
[115.862s][info][gc,heap        ] GC(103) ParOldGen: 4063K(5592576K)->4063K(5592576K)
[115.863s][info][gc,metaspace   ] GC(103) Metaspace: 10286K(10624K)->10286K(10624K) NonClass: 8966K(9152K)->8966K(9152K) Class: 1320K(1472K)->1320K(1472K)
[115.863s][info][gc             ] GC(103) Pause Full (System.gc()) 3M->3M(7851M) 12.126ms
[115.863s][info][gc,cpu         ] GC(103) User=0.00s Sys=0.00s Real=0.02s
[118.121s][info][gc,start       ] GC(104) Pause Young (System.gc())
[118.121s][info][gc,heap        ] GC(104) PSYoungGen: 1601296K(2446848K)->32K(2446848K) Eden: 1601296K(2097664K)->0K(2097664K) From: 0K(349184K)->32K(349184K)
[118.121s][info][gc,heap        ] GC(104) ParOldGen: 4063K(5592576K)->4063K(5592576K)
[118.121s][info][gc,metaspace   ] GC(104) Metaspace: 10287K(10624K)->10287K(10624K) NonClass: 8967K(9152K)->8967K(9152K) Class: 1320K(1472K)->1320K(1472K)
[118.121s][info][gc             ] GC(104) Pause Young (System.gc()) 1567M->3M(7851M) 0.397ms
[118.121s][info][gc,cpu         ] GC(104) User=0.00s Sys=0.00s Real=0.00s
[118.121s][info][gc,start       ] GC(105) Pause Full (System.gc())
[118.121s][info][gc,phases,start] GC(105) Marking Phase
[118.128s][info][gc,phases      ] GC(105) Marking Phase 6.247ms
[118.128s][info][gc,phases,start] GC(105) Summary Phase
[118.128s][info][gc,phases      ] GC(105) Summary Phase 0.014ms
[118.128s][info][gc,phases,start] GC(105) Adjust Roots
[118.130s][info][gc,phases      ] GC(105) Adjust Roots 2.685ms
[118.130s][info][gc,phases,start] GC(105) Compaction Phase
[118.133s][info][gc,phases      ] GC(105) Compaction Phase 2.921ms
[118.133s][info][gc,phases,start] GC(105) Post Compact
[118.134s][info][gc,phases      ] GC(105) Post Compact 0.415ms
[118.134s][info][gc,heap        ] GC(105) PSYoungGen: 32K(2446848K)->0K(2446848K) Eden: 0K(2097664K)->0K(2097664K) From: 32K(349184K)->0K(349184K)
[118.134s][info][gc,heap        ] GC(105) ParOldGen: 4063K(5592576K)->4063K(5592576K)
[118.134s][info][gc,metaspace   ] GC(105) Metaspace: 10287K(10624K)->10287K(10624K) NonClass: 8967K(9152K)->8967K(9152K) Class: 1320K(1472K)->1320K(1472K)
[118.134s][info][gc             ] GC(105) Pause Full (System.gc()) 3M->3M(7851M) 12.515ms
[118.134s][info][gc,cpu         ] GC(105) User=0.02s Sys=0.00s Real=0.01s
[120.404s][info][gc,start       ] GC(106) Pause Young (System.gc())
[120.405s][info][gc,heap        ] GC(106) PSYoungGen: 1614116K(2446848K)->160K(2446848K) Eden: 1614116K(2097664K)->0K(2097664K) From: 0K(349184K)->160K(349184K)
[120.405s][info][gc,heap        ] GC(106) ParOldGen: 4063K(5592576K)->4063K(5592576K)
[120.405s][info][gc,metaspace   ] GC(106) Metaspace: 10287K(10624K)->10287K(10624K) NonClass: 8967K(9152K)->8967K(9152K) Class: 1320K(1472K)->1320K(1472K)
[120.405s][info][gc             ] GC(106) Pause Young (System.gc()) 1580M->4M(7851M) 0.348ms
[120.405s][info][gc,cpu         ] GC(106) User=0.00s Sys=0.00s Real=0.00s
[120.405s][info][gc,start       ] GC(107) Pause Full (System.gc())
[120.405s][info][gc,phases,start] GC(107) Marking Phase
[120.410s][info][gc,phases      ] GC(107) Marking Phase 5.724ms
[120.410s][info][gc,phases,start] GC(107) Summary Phase
[120.410s][info][gc,phases      ] GC(107) Summary Phase 0.015ms
[120.411s][info][gc,phases,start] GC(107) Adjust Roots
[120.413s][info][gc,phases      ] GC(107) Adjust Roots 2.784ms
[120.413s][info][gc,phases,start] GC(107) Compaction Phase
[120.416s][info][gc,phases      ] GC(107) Compaction Phase 2.686ms
[120.416s][info][gc,phases,start] GC(107) Post Compact
[120.416s][info][gc,phases      ] GC(107) Post Compact 0.415ms
[120.416s][info][gc,heap        ] GC(107) PSYoungGen: 160K(2446848K)->0K(2446848K) Eden: 0K(2097664K)->0K(2097664K) From: 160K(349184K)->0K(349184K)
[120.417s][info][gc,heap        ] GC(107) ParOldGen: 4063K(5592576K)->4064K(5592576K)
[120.417s][info][gc,metaspace   ] GC(107) Metaspace: 10287K(10624K)->10287K(10624K) NonClass: 8967K(9152K)->8967K(9152K) Class: 1320K(1472K)->1320K(1472K)
[120.417s][info][gc             ] GC(107) Pause Full (System.gc()) 4M->3M(7851M) 11.877ms
[120.417s][info][gc,cpu         ] GC(107) User=0.02s Sys=0.00s Real=0.02s
[122.679s][info][gc,start       ] GC(108) Pause Young (System.gc())
[122.680s][info][gc,heap        ] GC(108) PSYoungGen: 1599662K(2446848K)->96K(2446848K) Eden: 1599662K(2097664K)->0K(2097664K) From: 0K(349184K)->96K(349184K)
[122.680s][info][gc,heap        ] GC(108) ParOldGen: 4064K(5592576K)->4064K(5592576K)
[122.680s][info][gc,metaspace   ] GC(108) Metaspace: 10287K(10624K)->10287K(10624K) NonClass: 8967K(9152K)->8967K(9152K) Class: 1320K(1472K)->1320K(1472K)
[122.680s][info][gc             ] GC(108) Pause Young (System.gc()) 1566M->4M(7851M) 0.839ms
[122.680s][info][gc,cpu         ] GC(108) User=0.00s Sys=0.00s Real=0.00s
[122.680s][info][gc,start       ] GC(109) Pause Full (System.gc())
[122.680s][info][gc,phases,start] GC(109) Marking Phase
[122.687s][info][gc,phases      ] GC(109) Marking Phase 7.001ms
[122.687s][info][gc,phases,start] GC(109) Summary Phase
[122.687s][info][gc,phases      ] GC(109) Summary Phase 0.014ms
[122.687s][info][gc,phases,start] GC(109) Adjust Roots
[122.689s][info][gc,phases      ] GC(109) Adjust Roots 2.309ms
[122.689s][info][gc,phases,start] GC(109) Compaction Phase
[122.692s][info][gc,phases      ] GC(109) Compaction Phase 2.631ms
[122.692s][info][gc,phases,start] GC(109) Post Compact
[122.692s][info][gc,phases      ] GC(109) Post Compact 0.541ms
[122.692s][info][gc,heap        ] GC(109) PSYoungGen: 96K(2446848K)->0K(2446848K) Eden: 0K(2097664K)->0K(2097664K) From: 96K(349184K)->0K(349184K)
[122.692s][info][gc,heap        ] GC(109) ParOldGen: 4064K(5592576K)->4064K(5592576K)
[122.692s][info][gc,metaspace   ] GC(109) Metaspace: 10287K(10624K)->10287K(10624K) NonClass: 8967K(9152K)->8967K(9152K) Class: 1320K(1472K)->1320K(1472K)
[122.693s][info][gc             ] GC(109) Pause Full (System.gc()) 4M->3M(7851M) 12.786ms
[122.693s][info][gc,cpu         ] GC(109) User=0.00s Sys=0.00s Real=0.02s
[124.977s][info][gc,start       ] GC(110) Pause Young (System.gc())
[124.978s][info][gc,heap        ] GC(110) PSYoungGen: 1609600K(2446848K)->64K(2446848K) Eden: 1609600K(2097664K)->0K(2097664K) From: 0K(349184K)->64K(349184K)
[124.978s][info][gc,heap        ] GC(110) ParOldGen: 4064K(5592576K)->4064K(5592576K)
[124.978s][info][gc,metaspace   ] GC(110) Metaspace: 10291K(10624K)->10291K(10624K) NonClass: 8970K(9152K)->8970K(9152K) Class: 1320K(1472K)->1320K(1472K)
[124.978s][info][gc             ] GC(110) Pause Young (System.gc()) 1575M->4M(7851M) 0.412ms
[124.978s][info][gc,cpu         ] GC(110) User=0.00s Sys=0.00s Real=0.00s
[124.978s][info][gc,start       ] GC(111) Pause Full (System.gc())
[124.978s][info][gc,phases,start] GC(111) Marking Phase
[124.984s][info][gc,phases      ] GC(111) Marking Phase 6.270ms
[124.984s][info][gc,phases,start] GC(111) Summary Phase
[124.984s][info][gc,phases      ] GC(111) Summary Phase 0.014ms
[124.984s][info][gc,phases,start] GC(111) Adjust Roots
[124.987s][info][gc,phases      ] GC(111) Adjust Roots 2.253ms
[124.987s][info][gc,phases,start] GC(111) Compaction Phase
[124.990s][info][gc,phases      ] GC(111) Compaction Phase 3.586ms
[124.990s][info][gc,phases,start] GC(111) Post Compact
[124.991s][info][gc,phases      ] GC(111) Post Compact 0.611ms
[124.991s][info][gc,heap        ] GC(111) PSYoungGen: 64K(2446848K)->0K(2446848K) Eden: 0K(2097664K)->0K(2097664K) From: 64K(349184K)->0K(349184K)
[124.991s][info][gc,heap        ] GC(111) ParOldGen: 4064K(5592576K)->4064K(5592576K)
[124.991s][info][gc,metaspace   ] GC(111) Metaspace: 10291K(10624K)->10291K(10624K) NonClass: 8970K(9152K)->8970K(9152K) Class: 1320K(1472K)->1320K(1472K)
[124.991s][info][gc             ] GC(111) Pause Full (System.gc()) 4M->3M(7851M) 13.000ms
[124.991s][info][gc,cpu         ] GC(111) User=0.00s Sys=0.00s Real=0.02s
[127.266s][info][gc,start       ] GC(112) Pause Young (System.gc())
[127.267s][info][gc,heap        ] GC(112) PSYoungGen: 1606725K(2446848K)->96K(2446848K) Eden: 1606725K(2097664K)->0K(2097664K) From: 0K(349184K)->96K(349184K)
[127.267s][info][gc,heap        ] GC(112) ParOldGen: 4064K(5592576K)->4064K(5592576K)
[127.267s][info][gc,metaspace   ] GC(112) Metaspace: 10291K(10624K)->10291K(10624K) NonClass: 8970K(9152K)->8970K(9152K) Class: 1320K(1472K)->1320K(1472K)
[127.267s][info][gc             ] GC(112) Pause Young (System.gc()) 1573M->4M(7851M) 0.440ms
[127.267s][info][gc,cpu         ] GC(112) User=0.00s Sys=0.00s Real=0.00s
[127.267s][info][gc,start       ] GC(113) Pause Full (System.gc())
[127.267s][info][gc,phases,start] GC(113) Marking Phase
[127.273s][info][gc,phases      ] GC(113) Marking Phase 5.906ms
[127.273s][info][gc,phases,start] GC(113) Summary Phase
[127.273s][info][gc,phases      ] GC(113) Summary Phase 0.014ms
[127.273s][info][gc,phases,start] GC(113) Adjust Roots
[127.276s][info][gc,phases      ] GC(113) Adjust Roots 2.770ms
[127.276s][info][gc,phases,start] GC(113) Compaction Phase
[127.278s][info][gc,phases      ] GC(113) Compaction Phase 2.492ms
[127.278s][info][gc,phases,start] GC(113) Post Compact
[127.279s][info][gc,phases      ] GC(113) Post Compact 0.472ms
[127.279s][info][gc,heap        ] GC(113) PSYoungGen: 96K(2446848K)->0K(2446848K) Eden: 0K(2097664K)->0K(2097664K) From: 96K(349184K)->0K(349184K)
[127.279s][info][gc,heap        ] GC(113) ParOldGen: 4064K(5592576K)->4064K(5592576K)
[127.279s][info][gc,metaspace   ] GC(113) Metaspace: 10291K(10624K)->10291K(10624K) NonClass: 8970K(9152K)->8970K(9152K) Class: 1320K(1472K)->1320K(1472K)
[127.279s][info][gc             ] GC(113) Pause Full (System.gc()) 4M->3M(7851M) 11.897ms
[127.279s][info][gc,cpu         ] GC(113) User=0.00s Sys=0.00s Real=0.02s
[129.533s][info][gc,start       ] GC(114) Pause Young (System.gc())
[129.534s][info][gc,heap        ] GC(114) PSYoungGen: 1591767K(2446848K)->32K(2446848K) Eden: 1591767K(2097664K)->0K(2097664K) From: 0K(349184K)->32K(349184K)
[129.534s][info][gc,heap        ] GC(114) ParOldGen: 4064K(5592576K)->4064K(5592576K)
[129.534s][info][gc,metaspace   ] GC(114) Metaspace: 10291K(10624K)->10291K(10624K) NonClass: 8970K(9152K)->8970K(9152K) Class: 1320K(1472K)->1320K(1472K)
[129.534s][info][gc             ] GC(114) Pause Young (System.gc()) 1558M->4M(7851M) 0.447ms
[129.534s][info][gc,cpu         ] GC(114) User=0.02s Sys=0.00s Real=0.01s
[129.534s][info][gc,start       ] GC(115) Pause Full (System.gc())
[129.534s][info][gc,phases,start] GC(115) Marking Phase
[129.540s][info][gc,phases      ] GC(115) Marking Phase 5.935ms
[129.540s][info][gc,phases,start] GC(115) Summary Phase
[129.540s][info][gc,phases      ] GC(115) Summary Phase 0.014ms
[129.540s][info][gc,phases,start] GC(115) Adjust Roots
[129.542s][info][gc,phases      ] GC(115) Adjust Roots 2.522ms
[129.542s][info][gc,phases,start] GC(115) Compaction Phase
[129.546s][info][gc,phases      ] GC(115) Compaction Phase 3.813ms
[129.546s][info][gc,phases,start] GC(115) Post Compact
[129.547s][info][gc,phases      ] GC(115) Post Compact 0.491ms
[129.547s][info][gc,heap        ] GC(115) PSYoungGen: 32K(2446848K)->0K(2446848K) Eden: 0K(2097664K)->0K(2097664K) From: 32K(349184K)->0K(349184K)
[129.547s][info][gc,heap        ] GC(115) ParOldGen: 4064K(5592576K)->4064K(5592576K)
[129.547s][info][gc,metaspace   ] GC(115) Metaspace: 10291K(10624K)->10291K(10624K) NonClass: 8970K(9152K)->8970K(9152K) Class: 1320K(1472K)->1320K(1472K)
[129.547s][info][gc             ] GC(115) Pause Full (System.gc()) 4M->3M(7851M) 13.067ms
[129.547s][info][gc,cpu         ] GC(115) User=0.00s Sys=0.00s Real=0.00s
[131.815s][info][gc,start       ] GC(116) Pause Young (System.gc())
[131.815s][info][gc,heap        ] GC(116) PSYoungGen: 1600468K(2446848K)->96K(2446848K) Eden: 1600468K(2097664K)->0K(2097664K) From: 0K(349184K)->96K(349184K)
[131.815s][info][gc,heap        ] GC(116) ParOldGen: 4064K(5592576K)->4064K(5592576K)
[131.815s][info][gc,metaspace   ] GC(116) Metaspace: 10291K(10624K)->10291K(10624K) NonClass: 8970K(9152K)->8970K(9152K) Class: 1320K(1472K)->1320K(1472K)
[131.815s][info][gc             ] GC(116) Pause Young (System.gc()) 1566M->4M(7851M) 0.442ms
[131.815s][info][gc,cpu         ] GC(116) User=0.00s Sys=0.00s Real=0.00s
[131.815s][info][gc,start       ] GC(117) Pause Full (System.gc())
[131.816s][info][gc,phases,start] GC(117) Marking Phase
[131.821s][info][gc,phases      ] GC(117) Marking Phase 5.955ms
[131.822s][info][gc,phases,start] GC(117) Summary Phase
[131.822s][info][gc,phases      ] GC(117) Summary Phase 0.014ms
[131.822s][info][gc,phases,start] GC(117) Adjust Roots
[131.825s][info][gc,phases      ] GC(117) Adjust Roots 3.276ms
[131.825s][info][gc,phases,start] GC(117) Compaction Phase
[131.828s][info][gc,phases      ] GC(117) Compaction Phase 3.118ms
[131.828s][info][gc,phases,start] GC(117) Post Compact
[131.829s][info][gc,phases      ] GC(117) Post Compact 0.473ms
[131.829s][info][gc,heap        ] GC(117) PSYoungGen: 96K(2446848K)->0K(2446848K) Eden: 0K(2097664K)->0K(2097664K) From: 96K(349184K)->0K(349184K)
[131.829s][info][gc,heap        ] GC(117) ParOldGen: 4064K(5592576K)->4065K(5592576K)
[131.829s][info][gc,metaspace   ] GC(117) Metaspace: 10291K(10624K)->10291K(10624K) NonClass: 8970K(9152K)->8970K(9152K) Class: 1320K(1472K)->1320K(1472K)
[131.829s][info][gc             ] GC(117) Pause Full (System.gc()) 4M->3M(7851M) 13.122ms
[131.829s][info][gc,cpu         ] GC(117) User=0.02s Sys=0.00s Real=0.01s
[134.089s][info][gc,start       ] GC(118) Pause Young (System.gc())
[134.089s][info][gc,heap        ] GC(118) PSYoungGen: 1584908K(2446848K)->96K(2446848K) Eden: 1584908K(2097664K)->0K(2097664K) From: 0K(349184K)->96K(349184K)
[134.089s][info][gc,heap        ] GC(118) ParOldGen: 4065K(5592576K)->4065K(5592576K)
[134.089s][info][gc,metaspace   ] GC(118) Metaspace: 10291K(10624K)->10291K(10624K) NonClass: 8970K(9152K)->8970K(9152K) Class: 1320K(1472K)->1320K(1472K)
[134.089s][info][gc             ] GC(118) Pause Young (System.gc()) 1551M->4M(7851M) 0.397ms
[134.089s][info][gc,cpu         ] GC(118) User=0.00s Sys=0.00s Real=0.00s
[134.089s][info][gc,start       ] GC(119) Pause Full (System.gc())
[134.089s][info][gc,phases,start] GC(119) Marking Phase
[134.095s][info][gc,phases      ] GC(119) Marking Phase 5.956ms
[134.095s][info][gc,phases,start] GC(119) Summary Phase
[134.095s][info][gc,phases      ] GC(119) Summary Phase 0.014ms
[134.095s][info][gc,phases,start] GC(119) Adjust Roots
[134.098s][info][gc,phases      ] GC(119) Adjust Roots 2.972ms
[134.098s][info][gc,phases,start] GC(119) Compaction Phase
[134.102s][info][gc,phases      ] GC(119) Compaction Phase 3.503ms
[134.102s][info][gc,phases,start] GC(119) Post Compact
[134.102s][info][gc,phases      ] GC(119) Post Compact 0.651ms
[134.102s][info][gc,heap        ] GC(119) PSYoungGen: 96K(2446848K)->0K(2446848K) Eden: 0K(2097664K)->0K(2097664K) From: 96K(349184K)->0K(349184K)
[134.102s][info][gc,heap        ] GC(119) ParOldGen: 4065K(5592576K)->4065K(5592576K)
[134.102s][info][gc,metaspace   ] GC(119) Metaspace: 10291K(10624K)->10291K(10624K) NonClass: 8970K(9152K)->8970K(9152K) Class: 1320K(1472K)->1320K(1472K)
[134.102s][info][gc             ] GC(119) Pause Full (System.gc()) 4M->3M(7851M) 13.417ms
[134.103s][info][gc,cpu         ] GC(119) User=0.02s Sys=0.00s Real=0.02s
[136.359s][info][gc,start       ] GC(120) Pause Young (System.gc())
[136.359s][info][gc,heap        ] GC(120) PSYoungGen: 1593463K(2446848K)->32K(2446848K) Eden: 1593463K(2097664K)->0K(2097664K) From: 0K(349184K)->32K(349184K)
[136.359s][info][gc,heap        ] GC(120) ParOldGen: 4065K(5592576K)->4065K(5592576K)
[136.359s][info][gc,metaspace   ] GC(120) Metaspace: 10291K(10624K)->10291K(10624K) NonClass: 8970K(9152K)->8970K(9152K) Class: 1320K(1472K)->1320K(1472K)
[136.360s][info][gc             ] GC(120) Pause Young (System.gc()) 1560M->4M(7851M) 0.437ms
[136.360s][info][gc,cpu         ] GC(120) User=0.00s Sys=0.00s Real=0.00s
[136.360s][info][gc,start       ] GC(121) Pause Full (System.gc())
[136.360s][info][gc,phases,start] GC(121) Marking Phase
[136.366s][info][gc,phases      ] GC(121) Marking Phase 6.373ms
[136.366s][info][gc,phases,start] GC(121) Summary Phase
[136.366s][info][gc,phases      ] GC(121) Summary Phase 0.014ms
[136.366s][info][gc,phases,start] GC(121) Adjust Roots
[136.369s][info][gc,phases      ] GC(121) Adjust Roots 2.555ms
[136.369s][info][gc,phases,start] GC(121) Compaction Phase
[136.372s][info][gc,phases      ] GC(121) Compaction Phase 3.654ms
[136.372s][info][gc,phases,start] GC(121) Post Compact
[136.373s][info][gc,phases      ] GC(121) Post Compact 0.493ms
[136.373s][info][gc,heap        ] GC(121) PSYoungGen: 32K(2446848K)->0K(2446848K) Eden: 0K(2097664K)->0K(2097664K) From: 32K(349184K)->0K(349184K)
[136.373s][info][gc,heap        ] GC(121) ParOldGen: 4065K(5592576K)->4064K(5592576K)
[136.373s][info][gc,metaspace   ] GC(121) Metaspace: 10291K(10624K)->10291K(10624K) NonClass: 8970K(9152K)->8970K(9152K) Class: 1320K(1472K)->1320K(1472K)
[136.373s][info][gc             ] GC(121) Pause Full (System.gc()) 4M->3M(7851M) 13.338ms
[136.373s][info][gc,cpu         ] GC(121) User=0.02s Sys=0.00s Real=0.02s
[138.640s][info][gc,start       ] GC(122) Pause Young (System.gc())
[138.641s][info][gc,heap        ] GC(122) PSYoungGen: 1593854K(2446848K)->32K(2446848K) Eden: 1593854K(2097664K)->0K(2097664K) From: 0K(349184K)->32K(349184K)
[138.641s][info][gc,heap        ] GC(122) ParOldGen: 4064K(5592576K)->4064K(5592576K)
[138.641s][info][gc,metaspace   ] GC(122) Metaspace: 10292K(10624K)->10292K(10624K) NonClass: 8971K(9152K)->8971K(9152K) Class: 1320K(1472K)->1320K(1472K)
[138.641s][info][gc             ] GC(122) Pause Young (System.gc()) 1560M->4M(7851M) 0.426ms
[138.641s][info][gc,cpu         ] GC(122) User=0.00s Sys=0.00s Real=0.00s
[138.641s][info][gc,start       ] GC(123) Pause Full (System.gc())
[138.641s][info][gc,phases,start] GC(123) Marking Phase
[138.647s][info][gc,phases      ] GC(123) Marking Phase 5.871ms
[138.647s][info][gc,phases,start] GC(123) Summary Phase
[138.647s][info][gc,phases      ] GC(123) Summary Phase 0.014ms
[138.647s][info][gc,phases,start] GC(123) Adjust Roots
[138.649s][info][gc,phases      ] GC(123) Adjust Roots 2.327ms
[138.649s][info][gc,phases,start] GC(123) Compaction Phase
[138.652s][info][gc,phases      ] GC(123) Compaction Phase 2.749ms
[138.652s][info][gc,phases,start] GC(123) Post Compact
[138.652s][info][gc,phases      ] GC(123) Post Compact 0.420ms
[138.652s][info][gc,heap        ] GC(123) PSYoungGen: 32K(2446848K)->0K(2446848K) Eden: 0K(2097664K)->0K(2097664K) From: 32K(349184K)->0K(349184K)
[138.652s][info][gc,heap        ] GC(123) ParOldGen: 4064K(5592576K)->4064K(5592576K)
[138.652s][info][gc,metaspace   ] GC(123) Metaspace: 10292K(10624K)->10292K(10624K) NonClass: 8971K(9152K)->8971K(9152K) Class: 1320K(1472K)->1320K(1472K)
[138.652s][info][gc             ] GC(123) Pause Full (System.gc()) 4M->3M(7851M) 11.667ms
[138.652s][info][gc,cpu         ] GC(123) User=0.00s Sys=0.00s Real=0.01s
[140.924s][info][gc,start       ] GC(124) Pause Young (System.gc())
[140.924s][info][gc,heap        ] GC(124) PSYoungGen: 1608900K(2446848K)->32K(2446848K) Eden: 1608900K(2097664K)->0K(2097664K) From: 0K(349184K)->32K(349184K)
[140.924s][info][gc,heap        ] GC(124) ParOldGen: 4064K(5592576K)->4064K(5592576K)
[140.924s][info][gc,metaspace   ] GC(124) Metaspace: 10294K(10624K)->10294K(10624K) NonClass: 8974K(9152K)->8974K(9152K) Class: 1320K(1472K)->1320K(1472K)
[140.924s][info][gc             ] GC(124) Pause Young (System.gc()) 1575M->4M(7851M) 0.381ms
[140.924s][info][gc,cpu         ] GC(124) User=0.00s Sys=0.00s Real=0.00s
[140.924s][info][gc,start       ] GC(125) Pause Full (System.gc())
[140.924s][info][gc,phases,start] GC(125) Marking Phase
[140.930s][info][gc,phases      ] GC(125) Marking Phase 5.792ms
[140.930s][info][gc,phases,start] GC(125) Summary Phase
[140.930s][info][gc,phases      ] GC(125) Summary Phase 0.014ms
[140.930s][info][gc,phases,start] GC(125) Adjust Roots
[140.932s][info][gc,phases      ] GC(125) Adjust Roots 2.265ms
[140.932s][info][gc,phases,start] GC(125) Compaction Phase
[140.935s][info][gc,phases      ] GC(125) Compaction Phase 2.532ms
[140.935s][info][gc,phases,start] GC(125) Post Compact
[140.935s][info][gc,phases      ] GC(125) Post Compact 0.593ms
[140.935s][info][gc,heap        ] GC(125) PSYoungGen: 32K(2446848K)->0K(2446848K) Eden: 0K(2097664K)->0K(2097664K) From: 32K(349184K)->0K(349184K)
[140.936s][info][gc,heap        ] GC(125) ParOldGen: 4064K(5592576K)->4064K(5592576K)
[140.936s][info][gc,metaspace   ] GC(125) Metaspace: 10294K(10624K)->10294K(10624K) NonClass: 8974K(9152K)->8974K(9152K) Class: 1320K(1472K)->1320K(1472K)
[140.936s][info][gc             ] GC(125) Pause Full (System.gc()) 4M->3M(7851M) 11.487ms
[140.936s][info][gc,cpu         ] GC(125) User=0.00s Sys=0.00s Real=0.02s
[143.206s][info][gc,start       ] GC(126) Pause Young (System.gc())
[143.206s][info][gc,heap        ] GC(126) PSYoungGen: 1593650K(2446848K)->32K(2446848K) Eden: 1593650K(2097664K)->0K(2097664K) From: 0K(349184K)->32K(349184K)
[143.206s][info][gc,heap        ] GC(126) ParOldGen: 4064K(5592576K)->4064K(5592576K)
[143.206s][info][gc,metaspace   ] GC(126) Metaspace: 10295K(10624K)->10295K(10624K) NonClass: 8975K(9152K)->8975K(9152K) Class: 1320K(1472K)->1320K(1472K)
[143.206s][info][gc             ] GC(126) Pause Young (System.gc()) 1560M->4M(7851M) 0.448ms
[143.206s][info][gc,cpu         ] GC(126) User=0.00s Sys=0.00s Real=0.00s
[143.206s][info][gc,start       ] GC(127) Pause Full (System.gc())
[143.206s][info][gc,phases,start] GC(127) Marking Phase
[143.212s][info][gc,phases      ] GC(127) Marking Phase 6.135ms
[143.212s][info][gc,phases,start] GC(127) Summary Phase
[143.212s][info][gc,phases      ] GC(127) Summary Phase 0.016ms
[143.212s][info][gc,phases,start] GC(127) Adjust Roots
[143.215s][info][gc,phases      ] GC(127) Adjust Roots 2.922ms
[143.215s][info][gc,phases,start] GC(127) Compaction Phase
[143.218s][info][gc,phases      ] GC(127) Compaction Phase 2.845ms
[143.218s][info][gc,phases,start] GC(127) Post Compact
[143.219s][info][gc,phases      ] GC(127) Post Compact 0.488ms
[143.219s][info][gc,heap        ] GC(127) PSYoungGen: 32K(2446848K)->0K(2446848K) Eden: 0K(2097664K)->0K(2097664K) From: 32K(349184K)->0K(349184K)
[143.219s][info][gc,heap        ] GC(127) ParOldGen: 4064K(5592576K)->4064K(5592576K)
[143.219s][info][gc,metaspace   ] GC(127) Metaspace: 10295K(10624K)->10295K(10624K) NonClass: 8975K(9152K)->8975K(9152K) Class: 1320K(1472K)->1320K(1472K)
[143.219s][info][gc             ] GC(127) Pause Full (System.gc()) 4M->3M(7851M) 12.702ms
[143.219s][info][gc,cpu         ] GC(127) User=0.02s Sys=0.00s Real=0.02s
[145.493s][info][gc,start       ] GC(128) Pause Young (System.gc())
[145.493s][info][gc,heap        ] GC(128) PSYoungGen: 1602893K(2446848K)->128K(2446848K) Eden: 1602893K(2097664K)->0K(2097664K) From: 0K(349184K)->128K(349184K)
[145.493s][info][gc,heap        ] GC(128) ParOldGen: 4064K(5592576K)->4064K(5592576K)
[145.493s][info][gc,metaspace   ] GC(128) Metaspace: 10306K(10624K)->10306K(10624K) NonClass: 8986K(9152K)->8986K(9152K) Class: 1320K(1472K)->1320K(1472K)
[145.493s][info][gc             ] GC(128) Pause Young (System.gc()) 1569M->4M(7851M) 0.442ms
[145.493s][info][gc,cpu         ] GC(128) User=0.00s Sys=0.00s Real=0.00s
[145.493s][info][gc,start       ] GC(129) Pause Full (System.gc())
[145.493s][info][gc,phases,start] GC(129) Marking Phase
[145.499s][info][gc,phases      ] GC(129) Marking Phase 6.162ms
[145.499s][info][gc,phases,start] GC(129) Summary Phase
[145.499s][info][gc,phases      ] GC(129) Summary Phase 0.014ms
[145.499s][info][gc,phases,start] GC(129) Adjust Roots
[145.502s][info][gc,phases      ] GC(129) Adjust Roots 2.387ms
[145.502s][info][gc,phases,start] GC(129) Compaction Phase
[145.505s][info][gc,phases      ] GC(129) Compaction Phase 2.766ms
[145.505s][info][gc,phases,start] GC(129) Post Compact
[145.505s][info][gc,phases      ] GC(129) Post Compact 0.423ms
[145.505s][info][gc,heap        ] GC(129) PSYoungGen: 128K(2446848K)->0K(2446848K) Eden: 0K(2097664K)->0K(2097664K) From: 128K(349184K)->0K(349184K)
[145.505s][info][gc,heap        ] GC(129) ParOldGen: 4064K(5592576K)->4065K(5592576K)
[145.505s][info][gc,metaspace   ] GC(129) Metaspace: 10306K(10624K)->10306K(10624K) NonClass: 8986K(9152K)->8986K(9152K) Class: 1320K(1472K)->1320K(1472K)
[145.505s][info][gc             ] GC(129) Pause Full (System.gc()) 4M->3M(7851M) 12.015ms
[145.505s][info][gc,cpu         ] GC(129) User=0.00s Sys=0.00s Real=0.02s
[147.768s][info][gc,start       ] GC(130) Pause Young (System.gc())
[147.768s][info][gc,heap        ] GC(130) PSYoungGen: 1585121K(2446848K)->160K(2446848K) Eden: 1585121K(2097664K)->0K(2097664K) From: 0K(349184K)->160K(349184K)
[147.768s][info][gc,heap        ] GC(130) ParOldGen: 4065K(5592576K)->4065K(5592576K)
[147.768s][info][gc,metaspace   ] GC(130) Metaspace: 10313K(10624K)->10313K(10624K) NonClass: 8992K(9152K)->8992K(9152K) Class: 1320K(1472K)->1320K(1472K)
[147.769s][info][gc             ] GC(130) Pause Young (System.gc()) 1551M->4M(7851M) 0.352ms
[147.769s][info][gc,cpu         ] GC(130) User=0.00s Sys=0.00s Real=0.00s
[147.769s][info][gc,start       ] GC(131) Pause Full (System.gc())
[147.769s][info][gc,phases,start] GC(131) Marking Phase
[147.774s][info][gc,phases      ] GC(131) Marking Phase 5.766ms
[147.774s][info][gc,phases,start] GC(131) Summary Phase
[147.774s][info][gc,phases      ] GC(131) Summary Phase 0.017ms
[147.774s][info][gc,phases,start] GC(131) Adjust Roots
[147.778s][info][gc,phases      ] GC(131) Adjust Roots 3.197ms
[147.778s][info][gc,phases,start] GC(131) Compaction Phase
[147.781s][info][gc,phases      ] GC(131) Compaction Phase 2.864ms
[147.781s][info][gc,phases,start] GC(131) Post Compact
[147.781s][info][gc,phases      ] GC(131) Post Compact 0.535ms
[147.781s][info][gc,heap        ] GC(131) PSYoungGen: 160K(2446848K)->0K(2446848K) Eden: 0K(2097664K)->0K(2097664K) From: 160K(349184K)->0K(349184K)
[147.781s][info][gc,heap        ] GC(131) ParOldGen: 4065K(5592576K)->4065K(5592576K)
[147.781s][info][gc,metaspace   ] GC(131) Metaspace: 10313K(10624K)->10313K(10624K) NonClass: 8992K(9152K)->8992K(9152K) Class: 1320K(1472K)->1320K(1472K)
[147.781s][info][gc             ] GC(131) Pause Full (System.gc()) 4M->3M(7851M) 12.669ms
[147.781s][info][gc,cpu         ] GC(131) User=0.00s Sys=0.00s Real=0.01s
[150.038s][info][gc,start       ] GC(132) Pause Young (System.gc())
[150.038s][info][gc,heap        ] GC(132) PSYoungGen: 1597599K(2446848K)->96K(2446848K) Eden: 1597599K(2097664K)->0K(2097664K) From: 0K(349184K)->96K(349184K)
[150.038s][info][gc,heap        ] GC(132) ParOldGen: 4065K(5592576K)->4073K(5592576K)
[150.038s][info][gc,metaspace   ] GC(132) Metaspace: 10313K(10624K)->10313K(10624K) NonClass: 8993K(9152K)->8993K(9152K) Class: 1320K(1472K)->1320K(1472K)
[150.038s][info][gc             ] GC(132) Pause Young (System.gc()) 1564M->4M(7851M) 0.430ms
[150.039s][info][gc,cpu         ] GC(132) User=0.00s Sys=0.00s Real=0.00s
[150.039s][info][gc,start       ] GC(133) Pause Full (System.gc())
[150.039s][info][gc,phases,start] GC(133) Marking Phase
[150.045s][info][gc,phases      ] GC(133) Marking Phase 5.987ms
[150.045s][info][gc,phases,start] GC(133) Summary Phase
[150.045s][info][gc,phases      ] GC(133) Summary Phase 0.013ms
[150.045s][info][gc,phases,start] GC(133) Adjust Roots
[150.047s][info][gc,phases      ] GC(133) Adjust Roots 2.279ms
[150.047s][info][gc,phases,start] GC(133) Compaction Phase
[150.050s][info][gc,phases      ] GC(133) Compaction Phase 2.895ms
[150.050s][info][gc,phases,start] GC(133) Post Compact
[150.050s][info][gc,phases      ] GC(133) Post Compact 0.424ms
[150.050s][info][gc,heap        ] GC(133) PSYoungGen: 96K(2446848K)->0K(2446848K) Eden: 0K(2097664K)->0K(2097664K) From: 96K(349184K)->0K(349184K)
[150.050s][info][gc,heap        ] GC(133) ParOldGen: 4073K(5592576K)->4066K(5592576K)
[150.050s][info][gc,metaspace   ] GC(133) Metaspace: 10313K(10624K)->10313K(10624K) NonClass: 8993K(9152K)->8993K(9152K) Class: 1320K(1472K)->1320K(1472K)
[150.050s][info][gc             ] GC(133) Pause Full (System.gc()) 4M->3M(7851M) 11.838ms
[150.050s][info][gc,cpu         ] GC(133) User=0.00s Sys=0.00s Real=0.00s
[152.300s][info][gc,start       ] GC(134) Pause Young (System.gc())
[152.300s][info][gc,heap        ] GC(134) PSYoungGen: 1599076K(2446848K)->32K(2446848K) Eden: 1599076K(2097664K)->0K(2097664K) From: 0K(349184K)->32K(349184K)
[152.300s][info][gc,heap        ] GC(134) ParOldGen: 4066K(5592576K)->4066K(5592576K)
[152.300s][info][gc,metaspace   ] GC(134) Metaspace: 10314K(10624K)->10314K(10624K) NonClass: 8994K(9152K)->8994K(9152K) Class: 1320K(1472K)->1320K(1472K)
[152.300s][info][gc             ] GC(134) Pause Young (System.gc()) 1565M->4M(7851M) 0.402ms
[152.300s][info][gc,cpu         ] GC(134) User=0.00s Sys=0.00s Real=0.00s
[152.300s][info][gc,start       ] GC(135) Pause Full (System.gc())
[152.300s][info][gc,phases,start] GC(135) Marking Phase
[152.306s][info][gc,phases      ] GC(135) Marking Phase 6.062ms
[152.306s][info][gc,phases,start] GC(135) Summary Phase
[152.306s][info][gc,phases      ] GC(135) Summary Phase 0.013ms
[152.306s][info][gc,phases,start] GC(135) Adjust Roots
[152.309s][info][gc,phases      ] GC(135) Adjust Roots 2.451ms
[152.309s][info][gc,phases,start] GC(135) Compaction Phase
[152.312s][info][gc,phases      ] GC(135) Compaction Phase 3.296ms
[152.312s][info][gc,phases,start] GC(135) Post Compact
[152.313s][info][gc,phases      ] GC(135) Post Compact 0.617ms
[152.313s][info][gc,heap        ] GC(135) PSYoungGen: 32K(2446848K)->0K(2446848K) Eden: 0K(2097664K)->0K(2097664K) From: 32K(349184K)->0K(349184K)
[152.313s][info][gc,heap        ] GC(135) ParOldGen: 4066K(5592576K)->4066K(5592576K)
[152.313s][info][gc,metaspace   ] GC(135) Metaspace: 10314K(10624K)->10314K(10624K) NonClass: 8994K(9152K)->8994K(9152K) Class: 1320K(1472K)->1320K(1472K)
[152.313s][info][gc             ] GC(135) Pause Full (System.gc()) 4M->3M(7851M) 12.683ms
[152.313s][info][gc,cpu         ] GC(135) User=0.00s Sys=0.00s Real=0.00s
[154.575s][info][gc,start       ] GC(136) Pause Young (System.gc())
[154.575s][info][gc,heap        ] GC(136) PSYoungGen: 1600041K(2446848K)->32K(2446848K) Eden: 1600041K(2097664K)->0K(2097664K) From: 0K(349184K)->32K(349184K)
[154.575s][info][gc,heap        ] GC(136) ParOldGen: 4066K(5592576K)->4066K(5592576K)
[154.575s][info][gc,metaspace   ] GC(136) Metaspace: 10314K(10624K)->10314K(10624K) NonClass: 8994K(9152K)->8994K(9152K) Class: 1320K(1472K)->1320K(1472K)
[154.575s][info][gc             ] GC(136) Pause Young (System.gc()) 1566M->4M(7851M) 0.433ms
[154.575s][info][gc,cpu         ] GC(136) User=0.00s Sys=0.00s Real=0.00s
[154.575s][info][gc,start       ] GC(137) Pause Full (System.gc())
[154.575s][info][gc,phases,start] GC(137) Marking Phase
[154.581s][info][gc,phases      ] GC(137) Marking Phase 6.172ms
[154.581s][info][gc,phases,start] GC(137) Summary Phase
[154.581s][info][gc,phases      ] GC(137) Summary Phase 0.014ms
[154.581s][info][gc,phases,start] GC(137) Adjust Roots
[154.584s][info][gc,phases      ] GC(137) Adjust Roots 2.354ms
[154.584s][info][gc,phases,start] GC(137) Compaction Phase
[154.587s][info][gc,phases      ] GC(137) Compaction Phase 2.916ms
[154.587s][info][gc,phases,start] GC(137) Post Compact
[154.587s][info][gc,phases      ] GC(137) Post Compact 0.421ms
[154.587s][info][gc,heap        ] GC(137) PSYoungGen: 32K(2446848K)->0K(2446848K) Eden: 0K(2097664K)->0K(2097664K) From: 32K(349184K)->0K(349184K)
[154.587s][info][gc,heap        ] GC(137) ParOldGen: 4066K(5592576K)->4066K(5592576K)
[154.587s][info][gc,metaspace   ] GC(137) Metaspace: 10314K(10624K)->10314K(10624K) NonClass: 8994K(9152K)->8994K(9152K) Class: 1320K(1472K)->1320K(1472K)
[154.587s][info][gc             ] GC(137) Pause Full (System.gc()) 4M->3M(7851M) 12.124ms
[154.587s][info][gc,cpu         ] GC(137) User=0.02s Sys=0.00s Real=0.00s
[156.842s][info][gc,start       ] GC(138) Pause Young (System.gc())
[156.842s][info][gc,heap        ] GC(138) PSYoungGen: 1600071K(2446848K)->32K(2446848K) Eden: 1600071K(2097664K)->0K(2097664K) From: 0K(349184K)->32K(349184K)
[156.842s][info][gc,heap        ] GC(138) ParOldGen: 4066K(5592576K)->4066K(5592576K)
[156.842s][info][gc,metaspace   ] GC(138) Metaspace: 10314K(10624K)->10314K(10624K) NonClass: 8994K(9152K)->8994K(9152K) Class: 1320K(1472K)->1320K(1472K)
[156.842s][info][gc             ] GC(138) Pause Young (System.gc()) 1566M->4M(7851M) 0.363ms
[156.842s][info][gc,cpu         ] GC(138) User=0.00s Sys=0.00s Real=0.00s
[156.842s][info][gc,start       ] GC(139) Pause Full (System.gc())
[156.842s][info][gc,phases,start] GC(139) Marking Phase
[156.848s][info][gc,phases      ] GC(139) Marking Phase 5.653ms
[156.848s][info][gc,phases,start] GC(139) Summary Phase
[156.848s][info][gc,phases      ] GC(139) Summary Phase 0.016ms
[156.848s][info][gc,phases,start] GC(139) Adjust Roots
[156.850s][info][gc,phases      ] GC(139) Adjust Roots 2.517ms
[156.850s][info][gc,phases,start] GC(139) Compaction Phase
[156.853s][info][gc,phases      ] GC(139) Compaction Phase 2.395ms
[156.853s][info][gc,phases,start] GC(139) Post Compact
[156.853s][info][gc,phases      ] GC(139) Post Compact 0.421ms
[156.853s][info][gc,heap        ] GC(139) PSYoungGen: 32K(2446848K)->0K(2446848K) Eden: 0K(2097664K)->0K(2097664K) From: 32K(349184K)->0K(349184K)
[156.853s][info][gc,heap        ] GC(139) ParOldGen: 4066K(5592576K)->4066K(5592576K)
[156.853s][info][gc,metaspace   ] GC(139) Metaspace: 10314K(10624K)->10314K(10624K) NonClass: 8994K(9152K)->8994K(9152K) Class: 1320K(1472K)->1320K(1472K)
[156.853s][info][gc             ] GC(139) Pause Full (System.gc()) 4M->3M(7851M) 11.248ms
[156.853s][info][gc,cpu         ] GC(139) User=0.00s Sys=0.00s Real=0.02s
[159.127s][info][gc,start       ] GC(140) Pause Young (System.gc())
[159.128s][info][gc,heap        ] GC(140) PSYoungGen: 1600894K(2446848K)->32K(2446848K) Eden: 1600894K(2097664K)->0K(2097664K) From: 0K(349184K)->32K(349184K)
[159.128s][info][gc,heap        ] GC(140) ParOldGen: 4066K(5592576K)->4066K(5592576K)
[159.128s][info][gc,metaspace   ] GC(140) Metaspace: 10314K(10624K)->10314K(10624K) NonClass: 8994K(9152K)->8994K(9152K) Class: 1320K(1472K)->1320K(1472K)
[159.128s][info][gc             ] GC(140) Pause Young (System.gc()) 1567M->4M(7851M) 0.604ms
[159.128s][info][gc,cpu         ] GC(140) User=0.02s Sys=0.00s Real=0.02s
[159.128s][info][gc,start       ] GC(141) Pause Full (System.gc())
[159.128s][info][gc,phases,start] GC(141) Marking Phase
[159.134s][info][gc,phases      ] GC(141) Marking Phase 6.319ms
[159.134s][info][gc,phases,start] GC(141) Summary Phase
[159.134s][info][gc,phases      ] GC(141) Summary Phase 0.014ms
[159.134s][info][gc,phases,start] GC(141) Adjust Roots
[159.137s][info][gc,phases      ] GC(141) Adjust Roots 2.318ms
[159.137s][info][gc,phases,start] GC(141) Compaction Phase
[159.140s][info][gc,phases      ] GC(141) Compaction Phase 2.731ms
[159.140s][info][gc,phases,start] GC(141) Post Compact
[159.141s][info][gc,phases      ] GC(141) Post Compact 0.883ms
[159.141s][info][gc,heap        ] GC(141) PSYoungGen: 32K(2446848K)->0K(2446848K) Eden: 0K(2097664K)->0K(2097664K) From: 32K(349184K)->0K(349184K)
[159.141s][info][gc,heap        ] GC(141) ParOldGen: 4066K(5592576K)->4066K(5592576K)
[159.141s][info][gc,metaspace   ] GC(141) Metaspace: 10314K(10624K)->10314K(10624K) NonClass: 8994K(9152K)->8994K(9152K) Class: 1320K(1472K)->1320K(1472K)
[159.141s][info][gc             ] GC(141) Pause Full (System.gc()) 4M->3M(7851M) 12.570ms
[159.141s][info][gc,cpu         ] GC(141) User=0.00s Sys=0.00s Real=0.00s
[161.389s][info][gc,start       ] GC(142) Pause Young (System.gc())
[161.389s][info][gc,heap        ] GC(142) PSYoungGen: 1585427K(2446848K)->32K(2446848K) Eden: 1585427K(2097664K)->0K(2097664K) From: 0K(349184K)->32K(349184K)
[161.389s][info][gc,heap        ] GC(142) ParOldGen: 4066K(5592576K)->4066K(5592576K)
[161.389s][info][gc,metaspace   ] GC(142) Metaspace: 10315K(10624K)->10315K(10624K) NonClass: 8995K(9152K)->8995K(9152K) Class: 1320K(1472K)->1320K(1472K)
[161.389s][info][gc             ] GC(142) Pause Young (System.gc()) 1552M->4M(7851M) 0.387ms
[161.389s][info][gc,cpu         ] GC(142) User=0.02s Sys=0.00s Real=0.00s
[161.389s][info][gc,start       ] GC(143) Pause Full (System.gc())
[161.389s][info][gc,phases,start] GC(143) Marking Phase
[161.395s][info][gc,phases      ] GC(143) Marking Phase 5.839ms
[161.395s][info][gc,phases,start] GC(143) Summary Phase
[161.395s][info][gc,phases      ] GC(143) Summary Phase 0.017ms
[161.395s][info][gc,phases,start] GC(143) Adjust Roots
[161.398s][info][gc,phases      ] GC(143) Adjust Roots 3.021ms
[161.398s][info][gc,phases,start] GC(143) Compaction Phase
[161.401s][info][gc,phases      ] GC(143) Compaction Phase 2.719ms
[161.401s][info][gc,phases,start] GC(143) Post Compact
[161.401s][info][gc,phases      ] GC(143) Post Compact 0.573ms
[161.402s][info][gc,heap        ] GC(143) PSYoungGen: 32K(2446848K)->0K(2446848K) Eden: 0K(2097664K)->0K(2097664K) From: 32K(349184K)->0K(349184K)
[161.402s][info][gc,heap        ] GC(143) ParOldGen: 4066K(5592576K)->4066K(5592576K)
[161.402s][info][gc,metaspace   ] GC(143) Metaspace: 10315K(10624K)->10315K(10624K) NonClass: 8995K(9152K)->8995K(9152K) Class: 1320K(1472K)->1320K(1472K)
[161.402s][info][gc             ] GC(143) Pause Full (System.gc()) 4M->3M(7851M) 12.485ms
[161.402s][info][gc,cpu         ] GC(143) User=0.00s Sys=0.00s Real=0.00s
[163.665s][info][gc,start       ] GC(144) Pause Young (System.gc())
[163.665s][info][gc,heap        ] GC(144) PSYoungGen: 1593622K(2446848K)->32K(2446848K) Eden: 1593622K(2097664K)->0K(2097664K) From: 0K(349184K)->32K(349184K)
[163.665s][info][gc,heap        ] GC(144) ParOldGen: 4066K(5592576K)->4066K(5592576K)
[163.665s][info][gc,metaspace   ] GC(144) Metaspace: 10315K(10624K)->10315K(10624K) NonClass: 8995K(9152K)->8995K(9152K) Class: 1320K(1472K)->1320K(1472K)
[163.665s][info][gc             ] GC(144) Pause Young (System.gc()) 1560M->4M(7851M) 0.428ms
[163.665s][info][gc,cpu         ] GC(144) User=0.00s Sys=0.00s Real=0.00s
[163.665s][info][gc,start       ] GC(145) Pause Full (System.gc())
[163.665s][info][gc,phases,start] GC(145) Marking Phase
[163.671s][info][gc,phases      ] GC(145) Marking Phase 6.046ms
[163.671s][info][gc,phases,start] GC(145) Summary Phase
[163.671s][info][gc,phases      ] GC(145) Summary Phase 0.013ms
[163.671s][info][gc,phases,start] GC(145) Adjust Roots
[163.674s][info][gc,phases      ] GC(145) Adjust Roots 2.439ms
[163.674s][info][gc,phases,start] GC(145) Compaction Phase
[163.677s][info][gc,phases      ] GC(145) Compaction Phase 3.329ms
[163.677s][info][gc,phases,start] GC(145) Post Compact
[163.677s][info][gc,phases      ] GC(145) Post Compact 0.424ms
[163.677s][info][gc,heap        ] GC(145) PSYoungGen: 32K(2446848K)->0K(2446848K) Eden: 0K(2097664K)->0K(2097664K) From: 32K(349184K)->0K(349184K)
[163.677s][info][gc,heap        ] GC(145) ParOldGen: 4066K(5592576K)->4066K(5592576K)
[163.677s][info][gc,metaspace   ] GC(145) Metaspace: 10315K(10624K)->10315K(10624K) NonClass: 8995K(9152K)->8995K(9152K) Class: 1320K(1472K)->1320K(1472K)
[163.677s][info][gc             ] GC(145) Pause Full (System.gc()) 4M->3M(7851M) 12.482ms
[163.678s][info][gc,cpu         ] GC(145) User=0.00s Sys=0.00s Real=0.00s
[165.949s][info][gc,start       ] GC(146) Pause Young (System.gc())
[165.950s][info][gc,heap        ] GC(146) PSYoungGen: 1593714K(2446848K)->32K(2446848K) Eden: 1593714K(2097664K)->0K(2097664K) From: 0K(349184K)->32K(349184K)
[165.950s][info][gc,heap        ] GC(146) ParOldGen: 4066K(5592576K)->4066K(5592576K)
[165.950s][info][gc,metaspace   ] GC(146) Metaspace: 10315K(10624K)->10315K(10624K) NonClass: 8995K(9152K)->8995K(9152K) Class: 1320K(1472K)->1320K(1472K)
[165.950s][info][gc             ] GC(146) Pause Young (System.gc()) 1560M->4M(7851M) 0.377ms
[165.950s][info][gc,cpu         ] GC(146) User=0.00s Sys=0.00s Real=0.00s
[165.950s][info][gc,start       ] GC(147) Pause Full (System.gc())
[165.950s][info][gc,phases,start] GC(147) Marking Phase
[165.956s][info][gc,phases      ] GC(147) Marking Phase 5.956ms
[165.956s][info][gc,phases,start] GC(147) Summary Phase
[165.956s][info][gc,phases      ] GC(147) Summary Phase 0.015ms
[165.956s][info][gc,phases,start] GC(147) Adjust Roots
[165.958s][info][gc,phases      ] GC(147) Adjust Roots 2.257ms
[165.958s][info][gc,phases,start] GC(147) Compaction Phase
[165.961s][info][gc,phases      ] GC(147) Compaction Phase 2.905ms
[165.961s][info][gc,phases,start] GC(147) Post Compact
[165.961s][info][gc,phases      ] GC(147) Post Compact 0.420ms
[165.961s][info][gc,heap        ] GC(147) PSYoungGen: 32K(2446848K)->0K(2446848K) Eden: 0K(2097664K)->0K(2097664K) From: 32K(349184K)->0K(349184K)
[165.961s][info][gc,heap        ] GC(147) ParOldGen: 4066K(5592576K)->4066K(5592576K)
[165.962s][info][gc,metaspace   ] GC(147) Metaspace: 10315K(10624K)->10315K(10624K) NonClass: 8995K(9152K)->8995K(9152K) Class: 1320K(1472K)->1320K(1472K)
[165.962s][info][gc             ] GC(147) Pause Full (System.gc()) 4M->3M(7851M) 11.784ms
[165.962s][info][gc,cpu         ] GC(147) User=0.00s Sys=0.00s Real=0.02s
[168.226s][info][gc,start       ] GC(148) Pause Young (System.gc())
[168.226s][info][gc,heap        ] GC(148) PSYoungGen: 1593927K(2446848K)->32K(2446848K) Eden: 1593927K(2097664K)->0K(2097664K) From: 0K(349184K)->32K(349184K)
[168.226s][info][gc,heap        ] GC(148) ParOldGen: 4066K(5592576K)->4066K(5592576K)
[168.226s][info][gc,metaspace   ] GC(148) Metaspace: 10315K(10624K)->10315K(10624K) NonClass: 8995K(9152K)->8995K(9152K) Class: 1320K(1472K)->1320K(1472K)
[168.226s][info][gc             ] GC(148) Pause Young (System.gc()) 1560M->4M(7851M) 0.475ms
[168.226s][info][gc,cpu         ] GC(148) User=0.00s Sys=0.00s Real=0.00s
[168.226s][info][gc,start       ] GC(149) Pause Full (System.gc())
[168.226s][info][gc,phases,start] GC(149) Marking Phase
[168.233s][info][gc,phases      ] GC(149) Marking Phase 6.423ms
[168.233s][info][gc,phases,start] GC(149) Summary Phase
[168.233s][info][gc,phases      ] GC(149) Summary Phase 0.014ms
[168.233s][info][gc,phases,start] GC(149) Adjust Roots
[168.235s][info][gc,phases      ] GC(149) Adjust Roots 2.369ms
[168.235s][info][gc,phases,start] GC(149) Compaction Phase
[168.238s][info][gc,phases      ] GC(149) Compaction Phase 2.734ms
[168.238s][info][gc,phases,start] GC(149) Post Compact
[168.238s][info][gc,phases      ] GC(149) Post Compact 0.417ms
[168.238s][info][gc,heap        ] GC(149) PSYoungGen: 32K(2446848K)->0K(2446848K) Eden: 0K(2097664K)->0K(2097664K) From: 32K(349184K)->0K(349184K)
[168.238s][info][gc,heap        ] GC(149) ParOldGen: 4066K(5592576K)->4066K(5592576K)
[168.238s][info][gc,metaspace   ] GC(149) Metaspace: 10315K(10624K)->10315K(10624K) NonClass: 8995K(9152K)->8995K(9152K) Class: 1320K(1472K)->1320K(1472K)
[168.239s][info][gc             ] GC(149) Pause Full (System.gc()) 4M->3M(7851M) 12.207ms
[168.239s][info][gc,cpu         ] GC(149) User=0.02s Sys=0.00s Real=0.01s
[170.505s][info][gc,start       ] GC(150) Pause Young (System.gc())
[170.505s][info][gc,heap        ] GC(150) PSYoungGen: 1601443K(2446848K)->32K(2446848K) Eden: 1601443K(2097664K)->0K(2097664K) From: 0K(349184K)->32K(349184K)
[170.505s][info][gc,heap        ] GC(150) ParOldGen: 4066K(5592576K)->4066K(5592576K)
[170.505s][info][gc,metaspace   ] GC(150) Metaspace: 10315K(10624K)->10315K(10624K) NonClass: 8995K(9152K)->8995K(9152K) Class: 1320K(1472K)->1320K(1472K)
[170.505s][info][gc             ] GC(150) Pause Young (System.gc()) 1567M->4M(7851M) 0.447ms
[170.505s][info][gc,cpu         ] GC(150) User=0.00s Sys=0.00s Real=0.00s
[170.505s][info][gc,start       ] GC(151) Pause Full (System.gc())
[170.505s][info][gc,phases,start] GC(151) Marking Phase
[170.512s][info][gc,phases      ] GC(151) Marking Phase 6.101ms
[170.512s][info][gc,phases,start] GC(151) Summary Phase
[170.512s][info][gc,phases      ] GC(151) Summary Phase 0.018ms
[170.512s][info][gc,phases,start] GC(151) Adjust Roots
[170.515s][info][gc,phases      ] GC(151) Adjust Roots 3.611ms
[170.515s][info][gc,phases,start] GC(151) Compaction Phase
[170.518s][info][gc,phases      ] GC(151) Compaction Phase 2.843ms
[170.518s][info][gc,phases,start] GC(151) Post Compact
[170.519s][info][gc,phases      ] GC(151) Post Compact 0.420ms
[170.519s][info][gc,heap        ] GC(151) PSYoungGen: 32K(2446848K)->0K(2446848K) Eden: 0K(2097664K)->0K(2097664K) From: 32K(349184K)->0K(349184K)
[170.519s][info][gc,heap        ] GC(151) ParOldGen: 4066K(5592576K)->4066K(5592576K)
[170.519s][info][gc,metaspace   ] GC(151) Metaspace: 10315K(10624K)->10315K(10624K) NonClass: 8995K(9152K)->8995K(9152K) Class: 1320K(1472K)->1320K(1472K)
[170.519s][info][gc             ] GC(151) Pause Full (System.gc()) 4M->3M(7851M) 13.293ms
[170.519s][info][gc,cpu         ] GC(151) User=0.00s Sys=0.00s Real=0.00s
[172.799s][info][gc,start       ] GC(152) Pause Young (System.gc())
[172.800s][info][gc,heap        ] GC(152) PSYoungGen: 1585988K(2446848K)->32K(2446848K) Eden: 1585988K(2097664K)->0K(2097664K) From: 0K(349184K)->32K(349184K)
[172.800s][info][gc,heap        ] GC(152) ParOldGen: 4066K(5592576K)->4066K(5592576K)
[172.800s][info][gc,metaspace   ] GC(152) Metaspace: 10316K(10624K)->10316K(10624K) NonClass: 8996K(9152K)->8996K(9152K) Class: 1320K(1472K)->1320K(1472K)
[172.800s][info][gc             ] GC(152) Pause Young (System.gc()) 1552M->4M(7851M) 0.526ms
[172.800s][info][gc,cpu         ] GC(152) User=0.00s Sys=0.00s Real=0.00s
[172.800s][info][gc,start       ] GC(153) Pause Full (System.gc())
[172.800s][info][gc,phases,start] GC(153) Marking Phase
[172.805s][info][gc,phases      ] GC(153) Marking Phase 5.663ms
[172.805s][info][gc,phases,start] GC(153) Summary Phase
[172.805s][info][gc,phases      ] GC(153) Summary Phase 0.014ms
[172.805s][info][gc,phases,start] GC(153) Adjust Roots
[172.809s][info][gc,phases      ] GC(153) Adjust Roots 3.071ms
[172.809s][info][gc,phases,start] GC(153) Compaction Phase
[172.811s][info][gc,phases      ] GC(153) Compaction Phase 2.865ms
[172.811s][info][gc,phases,start] GC(153) Post Compact
[172.812s][info][gc,phases      ] GC(153) Post Compact 0.524ms
[172.812s][info][gc,heap        ] GC(153) PSYoungGen: 32K(2446848K)->0K(2446848K) Eden: 0K(2097664K)->0K(2097664K) From: 32K(349184K)->0K(349184K)
[172.812s][info][gc,heap        ] GC(153) ParOldGen: 4066K(5592576K)->4066K(5592576K)
[172.812s][info][gc,metaspace   ] GC(153) Metaspace: 10316K(10624K)->10316K(10624K) NonClass: 8996K(9152K)->8996K(9152K) Class: 1320K(1472K)->1320K(1472K)
[172.812s][info][gc             ] GC(153) Pause Full (System.gc()) 4M->3M(7851M) 12.415ms
[172.812s][info][gc,cpu         ] GC(153) User=0.00s Sys=0.00s Real=0.01s
[175.085s][info][gc,start       ] GC(154) Pause Young (System.gc())
[175.085s][info][gc,heap        ] GC(154) PSYoungGen: 1593979K(2446848K)->32K(2446848K) Eden: 1593979K(2097664K)->0K(2097664K) From: 0K(349184K)->32K(349184K)
[175.085s][info][gc,heap        ] GC(154) ParOldGen: 4066K(5592576K)->4066K(5592576K)
[175.085s][info][gc,metaspace   ] GC(154) Metaspace: 10316K(10624K)->10316K(10624K) NonClass: 8996K(9152K)->8996K(9152K) Class: 1320K(1472K)->1320K(1472K)
[175.085s][info][gc             ] GC(154) Pause Young (System.gc()) 1560M->4M(7851M) 0.444ms
[175.085s][info][gc,cpu         ] GC(154) User=0.00s Sys=0.00s Real=0.00s
[175.085s][info][gc,start       ] GC(155) Pause Full (System.gc())
[175.085s][info][gc,phases,start] GC(155) Marking Phase
[175.092s][info][gc,phases      ] GC(155) Marking Phase 6.262ms
[175.092s][info][gc,phases,start] GC(155) Summary Phase
[175.092s][info][gc,phases      ] GC(155) Summary Phase 0.014ms
[175.092s][info][gc,phases,start] GC(155) Adjust Roots
[175.095s][info][gc,phases      ] GC(155) Adjust Roots 3.091ms
[175.095s][info][gc,phases,start] GC(155) Compaction Phase
[175.098s][info][gc,phases      ] GC(155) Compaction Phase 2.848ms
[175.098s][info][gc,phases,start] GC(155) Post Compact
[175.098s][info][gc,phases      ] GC(155) Post Compact 0.420ms
[175.098s][info][gc,heap        ] GC(155) PSYoungGen: 32K(2446848K)->0K(2446848K) Eden: 0K(2097664K)->0K(2097664K) From: 32K(349184K)->0K(349184K)
[175.098s][info][gc,heap        ] GC(155) ParOldGen: 4066K(5592576K)->4066K(5592576K)
[175.098s][info][gc,metaspace   ] GC(155) Metaspace: 10316K(10624K)->10316K(10624K) NonClass: 8996K(9152K)->8996K(9152K) Class: 1320K(1472K)->1320K(1472K)
[175.098s][info][gc             ] GC(155) Pause Full (System.gc()) 4M->3M(7851M) 12.903ms
[175.098s][info][gc,cpu         ] GC(155) User=0.00s Sys=0.00s Real=0.02s
[177.371s][info][gc,start       ] GC(156) Pause Young (System.gc())
[177.371s][info][gc,heap        ] GC(156) PSYoungGen: 1586194K(2446848K)->32K(2446848K) Eden: 1586194K(2097664K)->0K(2097664K) From: 0K(349184K)->32K(349184K)
[177.372s][info][gc,heap        ] GC(156) ParOldGen: 4066K(5592576K)->4066K(5592576K)
[177.372s][info][gc,metaspace   ] GC(156) Metaspace: 10316K(10624K)->10316K(10624K) NonClass: 8996K(9152K)->8996K(9152K) Class: 1320K(1472K)->1320K(1472K)
[177.372s][info][gc             ] GC(156) Pause Young (System.gc()) 1552M->4M(7851M) 0.415ms
[177.372s][info][gc,cpu         ] GC(156) User=0.00s Sys=0.00s Real=0.00s
[177.372s][info][gc,start       ] GC(157) Pause Full (System.gc())
[177.372s][info][gc,phases,start] GC(157) Marking Phase
[177.378s][info][gc,phases      ] GC(157) Marking Phase 5.993ms
[177.378s][info][gc,phases,start] GC(157) Summary Phase
[177.378s][info][gc,phases      ] GC(157) Summary Phase 0.018ms
[177.378s][info][gc,phases,start] GC(157) Adjust Roots
[177.380s][info][gc,phases      ] GC(157) Adjust Roots 2.584ms
[177.380s][info][gc,phases,start] GC(157) Compaction Phase
[177.383s][info][gc,phases      ] GC(157) Compaction Phase 2.878ms
[177.383s][info][gc,phases,start] GC(157) Post Compact
[177.384s][info][gc,phases      ] GC(157) Post Compact 0.419ms
[177.384s][info][gc,heap        ] GC(157) PSYoungGen: 32K(2446848K)->0K(2446848K) Eden: 0K(2097664K)->0K(2097664K) From: 32K(349184K)->0K(349184K)
[177.384s][info][gc,heap        ] GC(157) ParOldGen: 4066K(5592576K)->4066K(5592576K)
[177.384s][info][gc,metaspace   ] GC(157) Metaspace: 10316K(10624K)->10316K(10624K) NonClass: 8996K(9152K)->8996K(9152K) Class: 1320K(1472K)->1320K(1472K)
[177.384s][info][gc             ] GC(157) Pause Full (System.gc()) 4M->3M(7851M) 12.159ms
[177.384s][info][gc,cpu         ] GC(157) User=0.00s Sys=0.00s Real=0.02s
[179.652s][info][gc,start       ] GC(158) Pause Young (System.gc())
[179.652s][info][gc,heap        ] GC(158) PSYoungGen: 1601998K(2446848K)->32K(2446848K) Eden: 1601998K(2097664K)->0K(2097664K) From: 0K(349184K)->32K(349184K)
[179.652s][info][gc,heap        ] GC(158) ParOldGen: 4066K(5592576K)->4066K(5592576K)
[179.652s][info][gc,metaspace   ] GC(158) Metaspace: 10316K(10624K)->10316K(10624K) NonClass: 8996K(9152K)->8996K(9152K) Class: 1320K(1472K)->1320K(1472K)
[179.652s][info][gc             ] GC(158) Pause Young (System.gc()) 1568M->4M(7851M) 0.452ms
[179.652s][info][gc,cpu         ] GC(158) User=0.00s Sys=0.00s Real=0.00s
[179.652s][info][gc,start       ] GC(159) Pause Full (System.gc())
[179.652s][info][gc,phases,start] GC(159) Marking Phase
[179.658s][info][gc,phases      ] GC(159) Marking Phase 5.837ms
[179.658s][info][gc,phases,start] GC(159) Summary Phase
[179.658s][info][gc,phases      ] GC(159) Summary Phase 0.013ms
[179.658s][info][gc,phases,start] GC(159) Adjust Roots
[179.661s][info][gc,phases      ] GC(159) Adjust Roots 2.238ms
[179.661s][info][gc,phases,start] GC(159) Compaction Phase
[179.663s][info][gc,phases      ] GC(159) Compaction Phase 2.725ms
[179.663s][info][gc,phases,start] GC(159) Post Compact
[179.664s][info][gc,phases      ] GC(159) Post Compact 0.420ms
[179.664s][info][gc,heap        ] GC(159) PSYoungGen: 32K(2446848K)->0K(2446848K) Eden: 0K(2097664K)->0K(2097664K) From: 32K(349184K)->0K(349184K)
[179.664s][info][gc,heap        ] GC(159) ParOldGen: 4066K(5592576K)->4066K(5592576K)
[179.664s][info][gc,metaspace   ] GC(159) Metaspace: 10316K(10624K)->10316K(10624K) NonClass: 8996K(9152K)->8996K(9152K) Class: 1320K(1472K)->1320K(1472K)
[179.664s][info][gc             ] GC(159) Pause Full (System.gc()) 4M->3M(7851M) 11.470ms
[179.664s][info][gc,cpu         ] GC(159) User=0.00s Sys=0.00s Real=0.02s
[181.939s][info][gc,start       ] GC(160) Pause Young (System.gc())
[181.939s][info][gc,heap        ] GC(160) PSYoungGen: 1593916K(2446848K)->64K(2446848K) Eden: 1593916K(2097664K)->0K(2097664K) From: 0K(349184K)->64K(349184K)
[181.939s][info][gc,heap        ] GC(160) ParOldGen: 4066K(5592576K)->4066K(5592576K)
[181.939s][info][gc,metaspace   ] GC(160) Metaspace: 10316K(10624K)->10316K(10624K) NonClass: 8996K(9152K)->8996K(9152K) Class: 1320K(1472K)->1320K(1472K)
[181.939s][info][gc             ] GC(160) Pause Young (System.gc()) 1560M->4M(7851M) 0.378ms
[181.939s][info][gc,cpu         ] GC(160) User=0.00s Sys=0.00s Real=0.00s
[181.939s][info][gc,start       ] GC(161) Pause Full (System.gc())
[181.939s][info][gc,phases,start] GC(161) Marking Phase
[181.945s][info][gc,phases      ] GC(161) Marking Phase 5.852ms
[181.945s][info][gc,phases,start] GC(161) Summary Phase
[181.945s][info][gc,phases      ] GC(161) Summary Phase 0.014ms
[181.945s][info][gc,phases,start] GC(161) Adjust Roots
[181.948s][info][gc,phases      ] GC(161) Adjust Roots 2.770ms
[181.948s][info][gc,phases,start] GC(161) Compaction Phase
[181.951s][info][gc,phases      ] GC(161) Compaction Phase 2.940ms
[181.951s][info][gc,phases,start] GC(161) Post Compact
[181.952s][info][gc,phases      ] GC(161) Post Compact 0.543ms
[181.952s][info][gc,heap        ] GC(161) PSYoungGen: 64K(2446848K)->0K(2446848K) Eden: 0K(2097664K)->0K(2097664K) From: 64K(349184K)->0K(349184K)
[181.952s][info][gc,heap        ] GC(161) ParOldGen: 4066K(5592576K)->4066K(5592576K)
[181.952s][info][gc,metaspace   ] GC(161) Metaspace: 10316K(10624K)->10316K(10624K) NonClass: 8996K(9152K)->8996K(9152K) Class: 1320K(1472K)->1320K(1472K)
[181.952s][info][gc             ] GC(161) Pause Full (System.gc()) 4M->3M(7851M) 12.415ms
[181.952s][info][gc,cpu         ] GC(161) User=0.02s Sys=0.00s Real=0.02s
[184.212s][info][gc,start       ] GC(162) Pause Young (System.gc())
[184.212s][info][gc,heap        ] GC(162) PSYoungGen: 1586770K(2446848K)->32K(2446848K) Eden: 1586770K(2097664K)->0K(2097664K) From: 0K(349184K)->32K(349184K)
[184.212s][info][gc,heap        ] GC(162) ParOldGen: 4066K(5592576K)->4066K(5592576K)
[184.212s][info][gc,metaspace   ] GC(162) Metaspace: 10316K(10624K)->10316K(10624K) NonClass: 8996K(9152K)->8996K(9152K) Class: 1320K(1472K)->1320K(1472K)
[184.212s][info][gc             ] GC(162) Pause Young (System.gc()) 1553M->4M(7851M) 0.398ms
[184.212s][info][gc,cpu         ] GC(162) User=0.00s Sys=0.00s Real=0.00s
[184.212s][info][gc,start       ] GC(163) Pause Full (System.gc())
[184.212s][info][gc,phases,start] GC(163) Marking Phase
[184.218s][info][gc,phases      ] GC(163) Marking Phase 6.373ms
[184.218s][info][gc,phases,start] GC(163) Summary Phase
[184.218s][info][gc,phases      ] GC(163) Summary Phase 0.014ms
[184.218s][info][gc,phases,start] GC(163) Adjust Roots
[184.221s][info][gc,phases      ] GC(163) Adjust Roots 2.355ms
[184.221s][info][gc,phases,start] GC(163) Compaction Phase
[184.224s][info][gc,phases      ] GC(163) Compaction Phase 2.839ms
[184.224s][info][gc,phases,start] GC(163) Post Compact
[184.224s][info][gc,phases      ] GC(163) Post Compact 0.418ms
[184.224s][info][gc,heap        ] GC(163) PSYoungGen: 32K(2446848K)->0K(2446848K) Eden: 0K(2097664K)->0K(2097664K) From: 32K(349184K)->0K(349184K)
[184.224s][info][gc,heap        ] GC(163) ParOldGen: 4066K(5592576K)->4066K(5592576K)
[184.224s][info][gc,metaspace   ] GC(163) Metaspace: 10316K(10624K)->10316K(10624K) NonClass: 8996K(9152K)->8996K(9152K) Class: 1320K(1472K)->1320K(1472K)
[184.224s][info][gc             ] GC(163) Pause Full (System.gc()) 4M->3M(7851M) 12.236ms
[184.224s][info][gc,cpu         ] GC(163) User=0.00s Sys=0.00s Real=0.00s
[186.471s][info][gc,start       ] GC(164) Pause Young (System.gc())
[186.471s][info][gc,heap        ] GC(164) PSYoungGen: 1600192K(2446848K)->32K(2446848K) Eden: 1600192K(2097664K)->0K(2097664K) From: 0K(349184K)->32K(349184K)
[186.471s][info][gc,heap        ] GC(164) ParOldGen: 4066K(5592576K)->4066K(5592576K)
[186.471s][info][gc,metaspace   ] GC(164) Metaspace: 10316K(10624K)->10316K(10624K) NonClass: 8996K(9152K)->8996K(9152K) Class: 1320K(1472K)->1320K(1472K)
[186.471s][info][gc             ] GC(164) Pause Young (System.gc()) 1566M->4M(7851M) 0.426ms
[186.471s][info][gc,cpu         ] GC(164) User=0.00s Sys=0.00s Real=0.00s
[186.471s][info][gc,start       ] GC(165) Pause Full (System.gc())
[186.471s][info][gc,phases,start] GC(165) Marking Phase
[186.477s][info][gc,phases      ] GC(165) Marking Phase 6.002ms
[186.477s][info][gc,phases,start] GC(165) Summary Phase
[186.477s][info][gc,phases      ] GC(165) Summary Phase 0.014ms
[186.477s][info][gc,phases,start] GC(165) Adjust Roots
[186.480s][info][gc,phases      ] GC(165) Adjust Roots 2.342ms
[186.480s][info][gc,phases,start] GC(165) Compaction Phase
[186.482s][info][gc,phases      ] GC(165) Compaction Phase 2.726ms
[186.483s][info][gc,phases,start] GC(165) Post Compact
[186.483s][info][gc,phases      ] GC(165) Post Compact 0.495ms
[186.483s][info][gc,heap        ] GC(165) PSYoungGen: 32K(2446848K)->0K(2446848K) Eden: 0K(2097664K)->0K(2097664K) From: 32K(349184K)->0K(349184K)
[186.483s][info][gc,heap        ] GC(165) ParOldGen: 4066K(5592576K)->4066K(5592576K)
[186.483s][info][gc,metaspace   ] GC(165) Metaspace: 10316K(10624K)->10316K(10624K) NonClass: 8996K(9152K)->8996K(9152K) Class: 1320K(1472K)->1320K(1472K)
[186.483s][info][gc             ] GC(165) Pause Full (System.gc()) 4M->3M(7851M) 11.861ms
[186.483s][info][gc,cpu         ] GC(165) User=0.00s Sys=0.00s Real=0.00s
[188.744s][info][gc,start       ] GC(166) Pause Young (System.gc())
[188.745s][info][gc,heap        ] GC(166) PSYoungGen: 1592242K(2446848K)->32K(2446848K) Eden: 1592242K(2097664K)->0K(2097664K) From: 0K(349184K)->32K(349184K)
[188.745s][info][gc,heap        ] GC(166) ParOldGen: 4066K(5592576K)->4066K(5592576K)
[188.745s][info][gc,metaspace   ] GC(166) Metaspace: 10316K(10624K)->10316K(10624K) NonClass: 8996K(9152K)->8996K(9152K) Class: 1320K(1472K)->1320K(1472K)
[188.745s][info][gc             ] GC(166) Pause Young (System.gc()) 1558M->4M(7851M) 0.448ms
[188.745s][info][gc,cpu         ] GC(166) User=0.00s Sys=0.00s Real=0.00s
[188.745s][info][gc,start       ] GC(167) Pause Full (System.gc())
[188.745s][info][gc,phases,start] GC(167) Marking Phase
[188.751s][info][gc,phases      ] GC(167) Marking Phase 5.773ms
[188.751s][info][gc,phases,start] GC(167) Summary Phase
[188.751s][info][gc,phases      ] GC(167) Summary Phase 0.018ms
[188.751s][info][gc,phases,start] GC(167) Adjust Roots
[188.753s][info][gc,phases      ] GC(167) Adjust Roots 2.359ms
[188.753s][info][gc,phases,start] GC(167) Compaction Phase
[188.756s][info][gc,phases      ] GC(167) Compaction Phase 3.119ms
[188.756s][info][gc,phases,start] GC(167) Post Compact
[188.757s][info][gc,phases      ] GC(167) Post Compact 0.421ms
[188.757s][info][gc,heap        ] GC(167) PSYoungGen: 32K(2446848K)->0K(2446848K) Eden: 0K(2097664K)->0K(2097664K) From: 32K(349184K)->0K(349184K)
[188.757s][info][gc,heap        ] GC(167) ParOldGen: 4066K(5592576K)->4066K(5592576K)
[188.757s][info][gc,metaspace   ] GC(167) Metaspace: 10316K(10624K)->10316K(10624K) NonClass: 8996K(9152K)->8996K(9152K) Class: 1320K(1472K)->1320K(1472K)
[188.757s][info][gc             ] GC(167) Pause Full (System.gc()) 4M->3M(7851M) 11.985ms
[188.757s][info][gc,cpu         ] GC(167) User=0.00s Sys=0.00s Real=0.01s
[191.014s][info][gc,start       ] GC(168) Pause Young (System.gc())
[191.014s][info][gc,heap        ] GC(168) PSYoungGen: 1585559K(2446848K)->32K(2446848K) Eden: 1585559K(2097664K)->0K(2097664K) From: 0K(349184K)->32K(349184K)
[191.014s][info][gc,heap        ] GC(168) ParOldGen: 4066K(5592576K)->4066K(5592576K)
[191.014s][info][gc,metaspace   ] GC(168) Metaspace: 10318K(10624K)->10318K(10624K) NonClass: 8998K(9152K)->8998K(9152K) Class: 1320K(1472K)->1320K(1472K)
[191.014s][info][gc             ] GC(168) Pause Young (System.gc()) 1552M->4M(7851M) 0.408ms
[191.014s][info][gc,cpu         ] GC(168) User=0.00s Sys=0.00s Real=0.00s
[191.014s][info][gc,start       ] GC(169) Pause Full (System.gc())
[191.014s][info][gc,phases,start] GC(169) Marking Phase
[191.020s][info][gc,phases      ] GC(169) Marking Phase 6.111ms
[191.020s][info][gc,phases,start] GC(169) Summary Phase
[191.020s][info][gc,phases      ] GC(169) Summary Phase 0.014ms
[191.020s][info][gc,phases,start] GC(169) Adjust Roots
[191.023s][info][gc,phases      ] GC(169) Adjust Roots 2.341ms
[191.023s][info][gc,phases,start] GC(169) Compaction Phase
[191.026s][info][gc,phases      ] GC(169) Compaction Phase 2.668ms
[191.026s][info][gc,phases,start] GC(169) Post Compact
[191.026s][info][gc,phases      ] GC(169) Post Compact 0.463ms
[191.026s][info][gc,heap        ] GC(169) PSYoungGen: 32K(2446848K)->0K(2446848K) Eden: 0K(2097664K)->0K(2097664K) From: 32K(349184K)->0K(349184K)
[191.026s][info][gc,heap        ] GC(169) ParOldGen: 4066K(5592576K)->4066K(5592576K)
[191.026s][info][gc,metaspace   ] GC(169) Metaspace: 10318K(10624K)->10318K(10624K) NonClass: 8998K(9152K)->8998K(9152K) Class: 1320K(1472K)->1320K(1472K)
[191.026s][info][gc             ] GC(169) Pause Full (System.gc()) 4M->3M(7851M) 11.919ms
[191.026s][info][gc,cpu         ] GC(169) User=0.00s Sys=0.00s Real=0.02s
[193.275s][info][gc,start       ] GC(170) Pause Young (System.gc())
[193.275s][info][gc,heap        ] GC(170) PSYoungGen: 1593648K(2446848K)->32K(2446848K) Eden: 1593648K(2097664K)->0K(2097664K) From: 0K(349184K)->32K(349184K)
[193.275s][info][gc,heap        ] GC(170) ParOldGen: 4066K(5592576K)->4066K(5592576K)
[193.275s][info][gc,metaspace   ] GC(170) Metaspace: 10318K(10624K)->10318K(10624K) NonClass: 8998K(9152K)->8998K(9152K) Class: 1320K(1472K)->1320K(1472K)
[193.275s][info][gc             ] GC(170) Pause Young (System.gc()) 1560M->4M(7851M) 0.409ms
[193.275s][info][gc,cpu         ] GC(170) User=0.00s Sys=0.00s Real=0.00s
[193.275s][info][gc,start       ] GC(171) Pause Full (System.gc())
[193.275s][info][gc,phases,start] GC(171) Marking Phase
[193.282s][info][gc,phases      ] GC(171) Marking Phase 6.435ms
[193.282s][info][gc,phases,start] GC(171) Summary Phase
[193.282s][info][gc,phases      ] GC(171) Summary Phase 0.013ms
[193.282s][info][gc,phases,start] GC(171) Adjust Roots
[193.284s][info][gc,phases      ] GC(171) Adjust Roots 2.309ms
[193.284s][info][gc,phases,start] GC(171) Compaction Phase
[193.287s][info][gc,phases      ] GC(171) Compaction Phase 2.934ms
[193.287s][info][gc,phases,start] GC(171) Post Compact
[193.287s][info][gc,phases      ] GC(171) Post Compact 0.488ms
[193.287s][info][gc,heap        ] GC(171) PSYoungGen: 32K(2446848K)->0K(2446848K) Eden: 0K(2097664K)->0K(2097664K) From: 32K(349184K)->0K(349184K)
[193.287s][info][gc,heap        ] GC(171) ParOldGen: 4066K(5592576K)->4066K(5592576K)
[193.287s][info][gc,metaspace   ] GC(171) Metaspace: 10318K(10624K)->10318K(10624K) NonClass: 8998K(9152K)->8998K(9152K) Class: 1320K(1472K)->1320K(1472K)
[193.288s][info][gc             ] GC(171) Pause Full (System.gc()) 4M->3M(7851M) 12.453ms
[193.288s][info][gc,cpu         ] GC(171) User=0.00s Sys=0.00s Real=0.02s
[195.539s][info][gc,start       ] GC(172) Pause Young (System.gc())
[195.539s][info][gc,heap        ] GC(172) PSYoungGen: 1600560K(2446848K)->32K(2446848K) Eden: 1600560K(2097664K)->0K(2097664K) From: 0K(349184K)->32K(349184K)
[195.539s][info][gc,heap        ] GC(172) ParOldGen: 4066K(5592576K)->4066K(5592576K)
[195.539s][info][gc,metaspace   ] GC(172) Metaspace: 10319K(10624K)->10319K(10624K) NonClass: 8999K(9152K)->8999K(9152K) Class: 1320K(1472K)->1320K(1472K)
[195.540s][info][gc             ] GC(172) Pause Young (System.gc()) 1567M->4M(7851M) 0.404ms
[195.540s][info][gc,cpu         ] GC(172) User=0.00s Sys=0.00s Real=0.00s
[195.540s][info][gc,start       ] GC(173) Pause Full (System.gc())
[195.540s][info][gc,phases,start] GC(173) Marking Phase
[195.546s][info][gc,phases      ] GC(173) Marking Phase 6.115ms
[195.546s][info][gc,phases,start] GC(173) Summary Phase
[195.546s][info][gc,phases      ] GC(173) Summary Phase 0.013ms
[195.546s][info][gc,phases,start] GC(173) Adjust Roots
[195.548s][info][gc,phases      ] GC(173) Adjust Roots 2.296ms
[195.548s][info][gc,phases,start] GC(173) Compaction Phase
[195.551s][info][gc,phases      ] GC(173) Compaction Phase 2.749ms
[195.551s][info][gc,phases,start] GC(173) Post Compact
[195.551s][info][gc,phases      ] GC(173) Post Compact 0.420ms
[195.551s][info][gc,heap        ] GC(173) PSYoungGen: 32K(2446848K)->0K(2446848K) Eden: 0K(2097664K)->0K(2097664K) From: 32K(349184K)->0K(349184K)
[195.551s][info][gc,heap        ] GC(173) ParOldGen: 4066K(5592576K)->4066K(5592576K)
[195.551s][info][gc,metaspace   ] GC(173) Metaspace: 10319K(10624K)->10319K(10624K) NonClass: 8999K(9152K)->8999K(9152K) Class: 1320K(1472K)->1320K(1472K)
[195.551s][info][gc             ] GC(173) Pause Full (System.gc()) 4M->3M(7851M) 11.855ms
[195.551s][info][gc,cpu         ] GC(173) User=0.00s Sys=0.00s Real=0.02s
[197.816s][info][gc,start       ] GC(174) Pause Young (System.gc())
[197.816s][info][gc,heap        ] GC(174) PSYoungGen: 1596896K(2446848K)->32K(2446848K) Eden: 1596896K(2097664K)->0K(2097664K) From: 0K(349184K)->32K(349184K)
[197.816s][info][gc,heap        ] GC(174) ParOldGen: 4066K(5592576K)->4066K(5592576K)
[197.816s][info][gc,metaspace   ] GC(174) Metaspace: 10326K(10624K)->10326K(10624K) NonClass: 9006K(9152K)->9006K(9152K) Class: 1320K(1472K)->1320K(1472K)
[197.816s][info][gc             ] GC(174) Pause Young (System.gc()) 1563M->4M(7851M) 0.472ms
[197.816s][info][gc,cpu         ] GC(174) User=0.00s Sys=0.00s Real=0.00s
[197.816s][info][gc,start       ] GC(175) Pause Full (System.gc())
[197.816s][info][gc,phases,start] GC(175) Marking Phase
[197.822s][info][gc,phases      ] GC(175) Marking Phase 5.722ms
[197.822s][info][gc,phases,start] GC(175) Summary Phase
[197.822s][info][gc,phases      ] GC(175) Summary Phase 0.022ms
[197.822s][info][gc,phases,start] GC(175) Adjust Roots
[197.825s][info][gc,phases      ] GC(175) Adjust Roots 2.632ms
[197.825s][info][gc,phases,start] GC(175) Compaction Phase
[197.827s][info][gc,phases      ] GC(175) Compaction Phase 2.617ms
[197.827s][info][gc,phases,start] GC(175) Post Compact
[197.828s][info][gc,phases      ] GC(175) Post Compact 0.422ms
[197.828s][info][gc,heap        ] GC(175) PSYoungGen: 32K(2446848K)->0K(2446848K) Eden: 0K(2097664K)->0K(2097664K) From: 32K(349184K)->0K(349184K)
[197.828s][info][gc,heap        ] GC(175) ParOldGen: 4066K(5592576K)->4066K(5592576K)
[197.828s][info][gc,metaspace   ] GC(175) Metaspace: 10326K(10624K)->10326K(10624K) NonClass: 9006K(9152K)->9006K(9152K) Class: 1320K(1472K)->1320K(1472K)
[197.828s][info][gc             ] GC(175) Pause Full (System.gc()) 4M->3M(7851M) 11.701ms
[197.828s][info][gc,cpu         ] GC(175) User=0.00s Sys=0.00s Real=0.01s
[200.088s][info][gc,start       ] GC(176) Pause Young (System.gc())
[200.088s][info][gc,heap        ] GC(176) PSYoungGen: 1593351K(2446848K)->32K(2446848K) Eden: 1593351K(2097664K)->0K(2097664K) From: 0K(349184K)->32K(349184K)
[200.088s][info][gc,heap        ] GC(176) ParOldGen: 4066K(5592576K)->4066K(5592576K)
[200.088s][info][gc,metaspace   ] GC(176) Metaspace: 10327K(10624K)->10327K(10624K) NonClass: 9006K(9152K)->9006K(9152K) Class: 1320K(1472K)->1320K(1472K)
[200.088s][info][gc             ] GC(176) Pause Young (System.gc()) 1559M->4M(7851M) 0.414ms
[200.088s][info][gc,cpu         ] GC(176) User=0.00s Sys=0.00s Real=0.00s
[200.088s][info][gc,start       ] GC(177) Pause Full (System.gc())
[200.088s][info][gc,phases,start] GC(177) Marking Phase
[200.094s][info][gc,phases      ] GC(177) Marking Phase 6.090ms
[200.094s][info][gc,phases,start] GC(177) Summary Phase
[200.094s][info][gc,phases      ] GC(177) Summary Phase 0.015ms
[200.094s][info][gc,phases,start] GC(177) Adjust Roots
[200.097s][info][gc,phases      ] GC(177) Adjust Roots 2.835ms
[200.097s][info][gc,phases,start] GC(177) Compaction Phase
[200.101s][info][gc,phases      ] GC(177) Compaction Phase 3.538ms
[200.101s][info][gc,phases,start] GC(177) Post Compact
[200.102s][info][gc,phases      ] GC(177) Post Compact 0.638ms
[200.102s][info][gc,heap        ] GC(177) PSYoungGen: 32K(2446848K)->0K(2446848K) Eden: 0K(2097664K)->0K(2097664K) From: 32K(349184K)->0K(349184K)
[200.102s][info][gc,heap        ] GC(177) ParOldGen: 4066K(5592576K)->4066K(5592576K)
[200.102s][info][gc,metaspace   ] GC(177) Metaspace: 10327K(10624K)->10327K(10624K) NonClass: 9006K(9152K)->9006K(9152K) Class: 1320K(1472K)->1320K(1472K)
[200.102s][info][gc             ] GC(177) Pause Full (System.gc()) 4M->3M(7851M) 13.380ms
[200.102s][info][gc,cpu         ] GC(177) User=0.00s Sys=0.00s Real=0.02s
[202.350s][info][gc,start       ] GC(178) Pause Young (System.gc())
[202.350s][info][gc,heap        ] GC(178) PSYoungGen: 1601967K(2446848K)->32K(2446848K) Eden: 1601967K(2097664K)->0K(2097664K) From: 0K(349184K)->32K(349184K)
[202.350s][info][gc,heap        ] GC(178) ParOldGen: 4066K(5592576K)->4066K(5592576K)
[202.350s][info][gc,metaspace   ] GC(178) Metaspace: 10327K(10624K)->10327K(10624K) NonClass: 9006K(9152K)->9006K(9152K) Class: 1320K(1472K)->1320K(1472K)
[202.350s][info][gc             ] GC(178) Pause Young (System.gc()) 1568M->4M(7851M) 0.406ms
[202.350s][info][gc,cpu         ] GC(178) User=0.00s Sys=0.00s Real=0.00s
[202.350s][info][gc,start       ] GC(179) Pause Full (System.gc())
[202.350s][info][gc,phases,start] GC(179) Marking Phase
[202.356s][info][gc,phases      ] GC(179) Marking Phase 6.137ms
[202.357s][info][gc,phases,start] GC(179) Summary Phase
[202.357s][info][gc,phases      ] GC(179) Summary Phase 0.017ms
[202.357s][info][gc,phases,start] GC(179) Adjust Roots
[202.359s][info][gc,phases      ] GC(179) Adjust Roots 2.338ms
[202.359s][info][gc,phases,start] GC(179) Compaction Phase
[202.362s][info][gc,phases      ] GC(179) Compaction Phase 3.153ms
[202.362s][info][gc,phases,start] GC(179) Post Compact
[202.363s][info][gc,phases      ] GC(179) Post Compact 0.417ms
[202.363s][info][gc,heap        ] GC(179) PSYoungGen: 32K(2446848K)->0K(2446848K) Eden: 0K(2097664K)->0K(2097664K) From: 32K(349184K)->0K(349184K)
[202.363s][info][gc,heap        ] GC(179) ParOldGen: 4066K(5592576K)->4066K(5592576K)
[202.363s][info][gc,metaspace   ] GC(179) Metaspace: 10327K(10624K)->10327K(10624K) NonClass: 9006K(9152K)->9006K(9152K) Class: 1320K(1472K)->1320K(1472K)
[202.363s][info][gc             ] GC(179) Pause Full (System.gc()) 4M->3M(7851M) 12.313ms
[202.363s][info][gc,cpu         ] GC(179) User=0.00s Sys=0.00s Real=0.02s
[204.624s][info][gc,start       ] GC(180) Pause Young (System.gc())
[204.624s][info][gc,heap        ] GC(180) PSYoungGen: 1586234K(2446848K)->32K(2446848K) Eden: 1586234K(2097664K)->0K(2097664K) From: 0K(349184K)->32K(349184K)
[204.624s][info][gc,heap        ] GC(180) ParOldGen: 4066K(5592576K)->4066K(5592576K)
[204.624s][info][gc,metaspace   ] GC(180) Metaspace: 10327K(10624K)->10327K(10624K) NonClass: 9006K(9152K)->9006K(9152K) Class: 1320K(1472K)->1320K(1472K)
[204.624s][info][gc             ] GC(180) Pause Young (System.gc()) 1553M->4M(7851M) 0.404ms
[204.624s][info][gc,cpu         ] GC(180) User=0.00s Sys=0.00s Real=0.00s
[204.624s][info][gc,start       ] GC(181) Pause Full (System.gc())
[204.624s][info][gc,phases,start] GC(181) Marking Phase
[204.630s][info][gc,phases      ] GC(181) Marking Phase 5.878ms
[204.630s][info][gc,phases,start] GC(181) Summary Phase
[204.630s][info][gc,phases      ] GC(181) Summary Phase 0.013ms
[204.630s][info][gc,phases,start] GC(181) Adjust Roots
[204.633s][info][gc,phases      ] GC(181) Adjust Roots 2.782ms
[204.633s][info][gc,phases,start] GC(181) Compaction Phase
[204.636s][info][gc,phases      ] GC(181) Compaction Phase 2.998ms
[204.636s][info][gc,phases,start] GC(181) Post Compact
[204.637s][info][gc,phases      ] GC(181) Post Compact 0.532ms
[204.637s][info][gc,heap        ] GC(181) PSYoungGen: 32K(2446848K)->0K(2446848K) Eden: 0K(2097664K)->0K(2097664K) From: 32K(349184K)->0K(349184K)
[204.637s][info][gc,heap        ] GC(181) ParOldGen: 4066K(5592576K)->4066K(5592576K)
[204.637s][info][gc,metaspace   ] GC(181) Metaspace: 10327K(10624K)->10327K(10624K) NonClass: 9006K(9152K)->9006K(9152K) Class: 1320K(1472K)->1320K(1472K)
[204.637s][info][gc             ] GC(181) Pause Full (System.gc()) 4M->3M(7851M) 12.460ms
[204.637s][info][gc,cpu         ] GC(181) User=0.00s Sys=0.00s Real=0.02s
[206.877s][info][gc,start       ] GC(182) Pause Young (System.gc())
[206.878s][info][gc,heap        ] GC(182) PSYoungGen: 1584971K(2446848K)->32K(2446848K) Eden: 1584971K(2097664K)->0K(2097664K) From: 0K(349184K)->32K(349184K)
[206.878s][info][gc,heap        ] GC(182) ParOldGen: 4066K(5592576K)->4066K(5592576K)
[206.878s][info][gc,metaspace   ] GC(182) Metaspace: 10327K(10624K)->10327K(10624K) NonClass: 9006K(9152K)->9006K(9152K) Class: 1320K(1472K)->1320K(1472K)
[206.878s][info][gc             ] GC(182) Pause Young (System.gc()) 1551M->4M(7851M) 0.423ms
[206.878s][info][gc,cpu         ] GC(182) User=0.00s Sys=0.00s Real=0.01s
[206.878s][info][gc,start       ] GC(183) Pause Full (System.gc())
[206.878s][info][gc,phases,start] GC(183) Marking Phase
[206.883s][info][gc,phases      ] GC(183) Marking Phase 5.234ms
[206.883s][info][gc,phases,start] GC(183) Summary Phase
[206.883s][info][gc,phases      ] GC(183) Summary Phase 0.013ms
[206.883s][info][gc,phases,start] GC(183) Adjust Roots
[206.885s][info][gc,phases      ] GC(183) Adjust Roots 2.363ms
[206.885s][info][gc,phases,start] GC(183) Compaction Phase
[206.888s][info][gc,phases      ] GC(183) Compaction Phase 2.841ms
[206.888s][info][gc,phases,start] GC(183) Post Compact
[206.889s][info][gc,phases      ] GC(183) Post Compact 0.452ms
[206.889s][info][gc,heap        ] GC(183) PSYoungGen: 32K(2446848K)->0K(2446848K) Eden: 0K(2097664K)->0K(2097664K) From: 32K(349184K)->0K(349184K)
[206.889s][info][gc,heap        ] GC(183) ParOldGen: 4066K(5592576K)->4066K(5592576K)
[206.889s][info][gc,metaspace   ] GC(183) Metaspace: 10327K(10624K)->10327K(10624K) NonClass: 9006K(9152K)->9006K(9152K) Class: 1320K(1472K)->1320K(1472K)
[206.889s][info][gc             ] GC(183) Pause Full (System.gc()) 4M->3M(7851M) 11.197ms
[206.889s][info][gc,cpu         ] GC(183) User=0.00s Sys=0.00s Real=0.00s
[209.149s][info][gc,start       ] GC(184) Pause Young (System.gc())
[209.150s][info][gc,heap        ] GC(184) PSYoungGen: 1593797K(2446848K)->32K(2446848K) Eden: 1593797K(2097664K)->0K(2097664K) From: 0K(349184K)->32K(349184K)
[209.150s][info][gc,heap        ] GC(184) ParOldGen: 4066K(5592576K)->4066K(5592576K)
[209.150s][info][gc,metaspace   ] GC(184) Metaspace: 10327K(10624K)->10327K(10624K) NonClass: 9006K(9152K)->9006K(9152K) Class: 1320K(1472K)->1320K(1472K)
[209.150s][info][gc             ] GC(184) Pause Young (System.gc()) 1560M->4M(7851M) 0.425ms
[209.150s][info][gc,cpu         ] GC(184) User=0.00s Sys=0.00s Real=0.00s
[209.150s][info][gc,start       ] GC(185) Pause Full (System.gc())
[209.150s][info][gc,phases,start] GC(185) Marking Phase
[209.156s][info][gc,phases      ] GC(185) Marking Phase 6.065ms
[209.156s][info][gc,phases,start] GC(185) Summary Phase
[209.156s][info][gc,phases      ] GC(185) Summary Phase 0.013ms
[209.156s][info][gc,phases,start] GC(185) Adjust Roots
[209.159s][info][gc,phases      ] GC(185) Adjust Roots 2.753ms
[209.159s][info][gc,phases,start] GC(185) Compaction Phase
[209.161s][info][gc,phases      ] GC(185) Compaction Phase 2.721ms
[209.161s][info][gc,phases,start] GC(185) Post Compact
[209.162s][info][gc,phases      ] GC(185) Post Compact 0.421ms
[209.162s][info][gc,heap        ] GC(185) PSYoungGen: 32K(2446848K)->0K(2446848K) Eden: 0K(2097664K)->0K(2097664K) From: 32K(349184K)->0K(349184K)
[209.162s][info][gc,heap        ] GC(185) ParOldGen: 4066K(5592576K)->4066K(5592576K)
[209.162s][info][gc,metaspace   ] GC(185) Metaspace: 10327K(10624K)->10327K(10624K) NonClass: 9006K(9152K)->9006K(9152K) Class: 1320K(1472K)->1320K(1472K)
[209.162s][info][gc             ] GC(185) Pause Full (System.gc()) 4M->3M(7851M) 12.233ms
[209.162s][info][gc,cpu         ] GC(185) User=0.00s Sys=0.00s Real=0.02s
[211.413s][info][gc,start       ] GC(186) Pause Young (System.gc())
[211.413s][info][gc,heap        ] GC(186) PSYoungGen: 1585204K(2446848K)->32K(2446848K) Eden: 1585204K(2097664K)->0K(2097664K) From: 0K(349184K)->32K(349184K)
[211.413s][info][gc,heap        ] GC(186) ParOldGen: 4066K(5592576K)->4066K(5592576K)
[211.413s][info][gc,metaspace   ] GC(186) Metaspace: 10327K(10624K)->10327K(10624K) NonClass: 9007K(9152K)->9007K(9152K) Class: 1320K(1472K)->1320K(1472K)
[211.413s][info][gc             ] GC(186) Pause Young (System.gc()) 1552M->4M(7851M) 0.414ms
[211.413s][info][gc,cpu         ] GC(186) User=0.00s Sys=0.00s Real=0.00s
[211.413s][info][gc,start       ] GC(187) Pause Full (System.gc())
[211.413s][info][gc,phases,start] GC(187) Marking Phase
[211.419s][info][gc,phases      ] GC(187) Marking Phase 5.993ms
[211.419s][info][gc,phases,start] GC(187) Summary Phase
[211.419s][info][gc,phases      ] GC(187) Summary Phase 0.015ms
[211.419s][info][gc,phases,start] GC(187) Adjust Roots
[211.422s][info][gc,phases      ] GC(187) Adjust Roots 2.690ms
[211.422s][info][gc,phases,start] GC(187) Compaction Phase
[211.425s][info][gc,phases      ] GC(187) Compaction Phase 2.736ms
[211.425s][info][gc,phases,start] GC(187) Post Compact
[211.425s][info][gc,phases      ] GC(187) Post Compact 0.418ms
[211.425s][info][gc,heap        ] GC(187) PSYoungGen: 32K(2446848K)->0K(2446848K) Eden: 0K(2097664K)->0K(2097664K) From: 32K(349184K)->0K(349184K)
[211.425s][info][gc,heap        ] GC(187) ParOldGen: 4066K(5592576K)->4066K(5592576K)
[211.425s][info][gc,metaspace   ] GC(187) Metaspace: 10327K(10624K)->10327K(10624K) NonClass: 9007K(9152K)->9007K(9152K) Class: 1320K(1472K)->1320K(1472K)
[211.425s][info][gc             ] GC(187) Pause Full (System.gc()) 4M->3M(7851M) 12.136ms
[211.425s][info][gc,cpu         ] GC(187) User=0.02s Sys=0.00s Real=0.02s
[213.673s][info][gc,start       ] GC(188) Pause Young (System.gc())
[213.674s][info][gc,heap        ] GC(188) PSYoungGen: 1586187K(2446848K)->32K(2446848K) Eden: 1586187K(2097664K)->0K(2097664K) From: 0K(349184K)->32K(349184K)
[213.674s][info][gc,heap        ] GC(188) ParOldGen: 4066K(5592576K)->4066K(5592576K)
[213.674s][info][gc,metaspace   ] GC(188) Metaspace: 10327K(10624K)->10327K(10624K) NonClass: 9007K(9152K)->9007K(9152K) Class: 1320K(1472K)->1320K(1472K)
[213.674s][info][gc             ] GC(188) Pause Young (System.gc()) 1552M->4M(7851M) 0.447ms
[213.674s][info][gc,cpu         ] GC(188) User=0.00s Sys=0.00s Real=0.00s
[213.674s][info][gc,start       ] GC(189) Pause Full (System.gc())
[213.674s][info][gc,phases,start] GC(189) Marking Phase
[213.681s][info][gc,phases      ] GC(189) Marking Phase 6.838ms
[213.681s][info][gc,phases,start] GC(189) Summary Phase
[213.681s][info][gc,phases      ] GC(189) Summary Phase 0.023ms
[213.681s][info][gc,phases,start] GC(189) Adjust Roots
[213.683s][info][gc,phases      ] GC(189) Adjust Roots 2.563ms
[213.683s][info][gc,phases,start] GC(189) Compaction Phase
[213.686s][info][gc,phases      ] GC(189) Compaction Phase 2.792ms
[213.686s][info][gc,phases,start] GC(189) Post Compact
[213.687s][info][gc,phases      ] GC(189) Post Compact 0.481ms
[213.687s][info][gc,heap        ] GC(189) PSYoungGen: 32K(2446848K)->0K(2446848K) Eden: 0K(2097664K)->0K(2097664K) From: 32K(349184K)->0K(349184K)
[213.687s][info][gc,heap        ] GC(189) ParOldGen: 4066K(5592576K)->4066K(5592576K)
[213.687s][info][gc,metaspace   ] GC(189) Metaspace: 10327K(10624K)->10327K(10624K) NonClass: 9007K(9152K)->9007K(9152K) Class: 1320K(1472K)->1320K(1472K)
[213.687s][info][gc             ] GC(189) Pause Full (System.gc()) 4M->3M(7851M) 12.999ms
[213.687s][info][gc,cpu         ] GC(189) User=0.02s Sys=0.00s Real=0.02s
[215.945s][info][gc,start       ] GC(190) Pause Young (System.gc())
[215.945s][info][gc,heap        ] GC(190) PSYoungGen: 1592062K(2446848K)->32K(2446848K) Eden: 1592062K(2097664K)->0K(2097664K) From: 0K(349184K)->32K(349184K)
[215.945s][info][gc,heap        ] GC(190) ParOldGen: 4066K(5592576K)->4066K(5592576K)
[215.945s][info][gc,metaspace   ] GC(190) Metaspace: 10327K(10624K)->10327K(10624K) NonClass: 9007K(9152K)->9007K(9152K) Class: 1320K(1472K)->1320K(1472K)
[215.945s][info][gc             ] GC(190) Pause Young (System.gc()) 1558M->4M(7851M) 0.346ms
[215.945s][info][gc,cpu         ] GC(190) User=0.00s Sys=0.00s Real=0.00s
[215.945s][info][gc,start       ] GC(191) Pause Full (System.gc())
[215.945s][info][gc,phases,start] GC(191) Marking Phase
[215.951s][info][gc,phases      ] GC(191) Marking Phase 5.728ms
[215.951s][info][gc,phases,start] GC(191) Summary Phase
[215.951s][info][gc,phases      ] GC(191) Summary Phase 0.023ms
[215.951s][info][gc,phases,start] GC(191) Adjust Roots
[215.954s][info][gc,phases      ] GC(191) Adjust Roots 2.369ms
[215.954s][info][gc,phases,start] GC(191) Compaction Phase
[215.957s][info][gc,phases      ] GC(191) Compaction Phase 2.918ms
[215.957s][info][gc,phases,start] GC(191) Post Compact
[215.957s][info][gc,phases      ] GC(191) Post Compact 0.418ms
[215.957s][info][gc,heap        ] GC(191) PSYoungGen: 32K(2446848K)->0K(2446848K) Eden: 0K(2097664K)->0K(2097664K) From: 32K(349184K)->0K(349184K)
[215.957s][info][gc,heap        ] GC(191) ParOldGen: 4066K(5592576K)->4066K(5592576K)
[215.957s][info][gc,metaspace   ] GC(191) Metaspace: 10327K(10624K)->10327K(10624K) NonClass: 9007K(9152K)->9007K(9152K) Class: 1320K(1472K)->1320K(1472K)
[215.957s][info][gc             ] GC(191) Pause Full (System.gc()) 4M->3M(7851M) 11.739ms
[215.957s][info][gc,cpu         ] GC(191) User=0.00s Sys=0.00s Real=0.02s
[218.207s][info][gc,start       ] GC(192) Pause Young (System.gc())
[218.207s][info][gc,heap        ] GC(192) PSYoungGen: 1585273K(2446848K)->32K(2446848K) Eden: 1585273K(2097664K)->0K(2097664K) From: 0K(349184K)->32K(349184K)
[218.207s][info][gc,heap        ] GC(192) ParOldGen: 4066K(5592576K)->4066K(5592576K)
[218.207s][info][gc,metaspace   ] GC(192) Metaspace: 10334K(10688K)->10334K(10688K) NonClass: 9014K(9216K)->9014K(9216K) Class: 1320K(1472K)->1320K(1472K)
[218.207s][info][gc             ] GC(192) Pause Young (System.gc()) 1552M->4M(7851M) 0.417ms
[218.207s][info][gc,cpu         ] GC(192) User=0.00s Sys=0.00s Real=0.00s
[218.207s][info][gc,start       ] GC(193) Pause Full (System.gc())
[218.207s][info][gc,phases,start] GC(193) Marking Phase
[218.214s][info][gc,phases      ] GC(193) Marking Phase 6.254ms
[218.214s][info][gc,phases,start] GC(193) Summary Phase
[218.214s][info][gc,phases      ] GC(193) Summary Phase 0.014ms
[218.214s][info][gc,phases,start] GC(193) Adjust Roots
[218.216s][info][gc,phases      ] GC(193) Adjust Roots 2.571ms
[218.216s][info][gc,phases,start] GC(193) Compaction Phase
[218.221s][info][gc,phases      ] GC(193) Compaction Phase 4.171ms
[218.221s][info][gc,phases,start] GC(193) Post Compact
[218.221s][info][gc,phases      ] GC(193) Post Compact 0.423ms
[218.221s][info][gc,heap        ] GC(193) PSYoungGen: 32K(2446848K)->0K(2446848K) Eden: 0K(2097664K)->0K(2097664K) From: 32K(349184K)->0K(349184K)
[218.221s][info][gc,heap        ] GC(193) ParOldGen: 4066K(5592576K)->4066K(5592576K)
[218.221s][info][gc,metaspace   ] GC(193) Metaspace: 10334K(10688K)->10334K(10688K) NonClass: 9014K(9216K)->9014K(9216K) Class: 1320K(1472K)->1320K(1472K)
[218.221s][info][gc             ] GC(193) Pause Full (System.gc()) 4M->3M(7851M) 13.702ms
[218.221s][info][gc,cpu         ] GC(193) User=0.00s Sys=0.00s Real=0.01s
[220.470s][info][gc,start       ] GC(194) Pause Young (System.gc())
[220.470s][info][gc,heap        ] GC(194) PSYoungGen: 1605808K(2446848K)->64K(2446848K) Eden: 1605808K(2097664K)->0K(2097664K) From: 0K(349184K)->64K(349184K)
[220.470s][info][gc,heap        ] GC(194) ParOldGen: 4066K(5592576K)->4074K(5592576K)
[220.470s][info][gc,metaspace   ] GC(194) Metaspace: 10341K(10688K)->10341K(10688K) NonClass: 9021K(9216K)->9021K(9216K) Class: 1320K(1472K)->1320K(1472K)
[220.470s][info][gc             ] GC(194) Pause Young (System.gc()) 1572M->4M(7851M) 0.399ms
[220.470s][info][gc,cpu         ] GC(194) User=0.00s Sys=0.00s Real=0.00s
[220.471s][info][gc,start       ] GC(195) Pause Full (System.gc())
[220.471s][info][gc,phases,start] GC(195) Marking Phase
[220.476s][info][gc,phases      ] GC(195) Marking Phase 5.804ms
[220.476s][info][gc,phases,start] GC(195) Summary Phase
[220.476s][info][gc,phases      ] GC(195) Summary Phase 0.014ms
[220.476s][info][gc,phases,start] GC(195) Adjust Roots
[220.479s][info][gc,phases      ] GC(195) Adjust Roots 2.365ms
[220.479s][info][gc,phases,start] GC(195) Compaction Phase
[220.483s][info][gc,phases      ] GC(195) Compaction Phase 3.981ms
[220.483s][info][gc,phases,start] GC(195) Post Compact
[220.483s][info][gc,phases      ] GC(195) Post Compact 0.420ms
[220.483s][info][gc,heap        ] GC(195) PSYoungGen: 64K(2446848K)->0K(2446848K) Eden: 0K(2097664K)->0K(2097664K) From: 64K(349184K)->0K(349184K)
[220.483s][info][gc,heap        ] GC(195) ParOldGen: 4074K(5592576K)->4066K(5592576K)
[220.483s][info][gc,metaspace   ] GC(195) Metaspace: 10341K(10688K)->10341K(10688K) NonClass: 9021K(9216K)->9021K(9216K) Class: 1320K(1472K)->1320K(1472K)
[220.483s][info][gc             ] GC(195) Pause Full (System.gc()) 4M->3M(7851M) 12.803ms
[220.483s][info][gc,cpu         ] GC(195) User=0.02s Sys=0.00s Real=0.01s
[222.764s][info][gc,start       ] GC(196) Pause Young (System.gc())
[222.765s][info][gc,heap        ] GC(196) PSYoungGen: 1602422K(2446848K)->64K(2446848K) Eden: 1602422K(2097664K)->0K(2097664K) From: 0K(349184K)->64K(349184K)
[222.765s][info][gc,heap        ] GC(196) ParOldGen: 4066K(5592576K)->4074K(5592576K)
[222.765s][info][gc,metaspace   ] GC(196) Metaspace: 10344K(10688K)->10344K(10688K) NonClass: 9024K(9216K)->9024K(9216K) Class: 1320K(1472K)->1320K(1472K)
[222.765s][info][gc             ] GC(196) Pause Young (System.gc()) 1568M->4M(7851M) 0.347ms
[222.765s][info][gc,cpu         ] GC(196) User=0.00s Sys=0.00s Real=0.00s
[222.765s][info][gc,start       ] GC(197) Pause Full (System.gc())
[222.765s][info][gc,phases,start] GC(197) Marking Phase
[222.771s][info][gc,phases      ] GC(197) Marking Phase 5.759ms
[222.771s][info][gc,phases,start] GC(197) Summary Phase
[222.771s][info][gc,phases      ] GC(197) Summary Phase 0.014ms
[222.771s][info][gc,phases,start] GC(197) Adjust Roots
[222.773s][info][gc,phases      ] GC(197) Adjust Roots 2.384ms
[222.773s][info][gc,phases,start] GC(197) Compaction Phase
[222.776s][info][gc,phases      ] GC(197) Compaction Phase 2.630ms
[222.776s][info][gc,phases,start] GC(197) Post Compact
[222.776s][info][gc,phases      ] GC(197) Post Compact 0.426ms
[222.776s][info][gc,heap        ] GC(197) PSYoungGen: 64K(2446848K)->0K(2446848K) Eden: 0K(2097664K)->0K(2097664K) From: 64K(349184K)->0K(349184K)
[222.776s][info][gc,heap        ] GC(197) ParOldGen: 4074K(5592576K)->4066K(5592576K)
[222.776s][info][gc,metaspace   ] GC(197) Metaspace: 10344K(10688K)->10344K(10688K) NonClass: 9024K(9216K)->9024K(9216K) Class: 1320K(1472K)->1320K(1472K)
[222.776s][info][gc             ] GC(197) Pause Full (System.gc()) 4M->3M(7851M) 11.467ms
[222.776s][info][gc,cpu         ] GC(197) User=0.00s Sys=0.00s Real=0.00s
[225.036s][info][gc,start       ] GC(198) Pause Young (System.gc())
[225.036s][info][gc,heap        ] GC(198) PSYoungGen: 1600424K(2446848K)->96K(2446848K) Eden: 1600424K(2097664K)->0K(2097664K) From: 0K(349184K)->96K(349184K)
[225.036s][info][gc,heap        ] GC(198) ParOldGen: 4066K(5592576K)->4066K(5592576K)
[225.036s][info][gc,metaspace   ] GC(198) Metaspace: 10344K(10688K)->10344K(10688K) NonClass: 9024K(9216K)->9024K(9216K) Class: 1320K(1472K)->1320K(1472K)
[225.036s][info][gc             ] GC(198) Pause Young (System.gc()) 1566M->4M(7851M) 0.377ms
[225.036s][info][gc,cpu         ] GC(198) User=0.00s Sys=0.00s Real=0.00s
[225.037s][info][gc,start       ] GC(199) Pause Full (System.gc())
[225.037s][info][gc,phases,start] GC(199) Marking Phase
[225.043s][info][gc,phases      ] GC(199) Marking Phase 5.979ms
[225.043s][info][gc,phases,start] GC(199) Summary Phase
[225.043s][info][gc,phases      ] GC(199) Summary Phase 0.014ms
[225.043s][info][gc,phases,start] GC(199) Adjust Roots
[225.045s][info][gc,phases      ] GC(199) Adjust Roots 2.245ms
[225.045s][info][gc,phases,start] GC(199) Compaction Phase
[225.048s][info][gc,phases      ] GC(199) Compaction Phase 2.658ms
[225.048s][info][gc,phases,start] GC(199) Post Compact
[225.048s][info][gc,phases      ] GC(199) Post Compact 0.479ms
[225.048s][info][gc,heap        ] GC(199) PSYoungGen: 96K(2446848K)->0K(2446848K) Eden: 0K(2097664K)->0K(2097664K) From: 96K(349184K)->0K(349184K)
[225.048s][info][gc,heap        ] GC(199) ParOldGen: 4066K(5592576K)->4067K(5592576K)
[225.048s][info][gc,metaspace   ] GC(199) Metaspace: 10344K(10688K)->10344K(10688K) NonClass: 9024K(9216K)->9024K(9216K) Class: 1320K(1472K)->1320K(1472K)
[225.048s][info][gc             ] GC(199) Pause Full (System.gc()) 4M->3M(7851M) 11.664ms
[225.048s][info][gc,cpu         ] GC(199) User=0.00s Sys=0.00s Real=0.01s
[227.322s][info][gc,heap,exit   ] Heap
[227.322s][info][gc,heap,exit   ]  PSYoungGen      total 2446848K, used 1608697K [0x0000000755580000, 0x0000000800000000, 0x0000000800000000)
[227.322s][info][gc,heap,exit   ]   eden space 2097664K, 76% used [0x0000000755580000,0x00000007b787e638,0x00000007d5600000)
[227.322s][info][gc,heap,exit   ]   from space 349184K, 0% used [0x00000007eab00000,0x00000007eab00000,0x0000000800000000)
[227.322s][info][gc,heap,exit   ]   to   space 349184K, 0% used [0x00000007d5600000,0x00000007d5600000,0x00000007eab00000)
[227.322s][info][gc,heap,exit   ]  ParOldGen       total 5592576K, used 4067K [0x0000000600000000, 0x0000000755580000, 0x0000000755580000)
[227.322s][info][gc,heap,exit   ]   object space 5592576K, 0% used [0x0000000600000000,0x00000006003f8c48,0x0000000755580000)
[227.322s][info][gc,heap,exit   ]  Metaspace       used 10407K, committed 10688K, reserved 1114112K
[227.322s][info][gc,heap,exit   ]   class space    used 1329K, committed 1472K, reserved 1048576K
