[0.008s][info][gc] Using G1
[0.022s][info][gc,init] Version: 17.0.12+7-adhoc..jdk17u (release)
[0.022s][info][gc,init] CPUs: 6 total, 6 available
[0.022s][info][gc,init] Memory: 15591M
[0.022s][info][gc,init] Large Page Support: Disabled
[0.022s][info][gc,init] NUMA Support: Disabled
[0.022s][info][gc,init] Compressed Oops: Enabled (Zero based)
[0.022s][info][gc,init] Heap Region Size: 2M
[0.022s][info][gc,init] Heap Min Capacity: 4G
[0.022s][info][gc,init] Heap Initial Capacity: 4G
[0.022s][info][gc,init] Heap Max Capacity: 4G
[0.022s][info][gc,init] Pre-touch: Disabled
[0.022s][info][gc,init] Parallel Workers: 6
[0.022s][info][gc,init] Concurrent Workers: 2
[0.027s][info][gc,init] Concurrent Refinement Workers: 6
[0.027s][info][gc,init] Periodic GC: Disabled
[0.034s][info][gc,metaspace] CDS archive(s) mapped at: [0x000001b100000000-0x000001b100bc0000-0x000001b100bc0000), size 12320768, SharedBaseAddress: 0x000001b100000000, ArchiveRelocationMode: 1.
[0.035s][info][gc,metaspace] Compressed class space mapped at: 0x000001b101000000-0x000001b141000000, reserved size: 1073741824
[0.035s][info][gc,metaspace] Narrow klass base: 0x000001b100000000, Narrow klass shift: 0, Narrow klass range: 0x100000000
[7.234s][info][gc,start    ] GC(0) Pause Young (Concurrent Start) (Metadata GC Threshold)
[7.235s][info][gc,task     ] GC(0) Using 6 workers of 6 for evacuation
[7.243s][info][gc,phases   ] GC(0)   Pre Evacuate Collection Set: 0.3ms
[7.243s][info][gc,phases   ] GC(0)   Merge Heap Roots: 0.1ms
[7.243s][info][gc,phases   ] GC(0)   Evacuate Collection Set: 6.8ms
[7.243s][info][gc,phases   ] GC(0)   Post Evacuate Collection Set: 0.7ms
[7.243s][info][gc,phases   ] GC(0)   Other: 0.4ms
[7.243s][info][gc,heap     ] GC(0) Eden regions: 39->0(94)
[7.243s][info][gc,heap     ] GC(0) Survivor regions: 0->8(13)
[7.243s][info][gc,heap     ] GC(0) Old regions: 0->0
[7.243s][info][gc,heap     ] GC(0) Archive regions: 0->0
[7.243s][info][gc,heap     ] GC(0) Humongous regions: 3->3
[7.243s][info][gc,metaspace] GC(0) Metaspace: 21271K(21504K)->21271K(21504K) NonClass: 18558K(18688K)->18558K(18688K) Class: 2712K(2816K)->2712K(2816K)
[7.243s][info][gc          ] GC(0) Pause Young (Concurrent Start) (Metadata GC Threshold) 84M->21M(4096M) 8.487ms
[7.243s][info][gc,cpu      ] GC(0) User=0.06s Sys=0.03s Real=0.01s
[7.243s][info][gc          ] GC(1) Concurrent Mark Cycle
[7.243s][info][gc,marking  ] GC(1) Concurrent Clear Claimed Marks
[7.243s][info][gc,marking  ] GC(1) Concurrent Clear Claimed Marks 0.025ms
[7.243s][info][gc,marking  ] GC(1) Concurrent Scan Root Regions
[7.245s][info][gc,marking  ] GC(1) Concurrent Scan Root Regions 2.059ms
[7.245s][info][gc,marking  ] GC(1) Concurrent Mark
[7.245s][info][gc,marking  ] GC(1) Concurrent Mark From Roots
[7.245s][info][gc,task     ] GC(1) Using 2 workers of 2 for marking
[7.246s][info][gc,marking  ] GC(1) Concurrent Mark From Roots 0.440ms
[7.246s][info][gc,marking  ] GC(1) Concurrent Preclean
[7.246s][info][gc,marking  ] GC(1) Concurrent Preclean 0.032ms
[7.246s][info][gc,start    ] GC(1) Pause Remark
[7.248s][info][gc          ] GC(1) Pause Remark 22M->22M(4096M) 1.873ms
[7.248s][info][gc,cpu      ] GC(1) User=0.00s Sys=0.00s Real=0.00s
[7.248s][info][gc,marking  ] GC(1) Concurrent Mark 2.651ms
[7.248s][info][gc,marking  ] GC(1) Concurrent Rebuild Remembered Sets
[7.248s][info][gc,marking  ] GC(1) Concurrent Rebuild Remembered Sets 0.009ms
[7.248s][info][gc,start    ] GC(1) Pause Cleanup
[7.248s][info][gc          ] GC(1) Pause Cleanup 22M->22M(4096M) 0.025ms
[7.248s][info][gc,cpu      ] GC(1) User=0.00s Sys=0.00s Real=0.00s
[7.248s][info][gc,marking  ] GC(1) Concurrent Cleanup for Next Mark
[7.258s][info][gc,marking  ] GC(1) Concurrent Cleanup for Next Mark 9.892ms
[7.258s][info][gc          ] GC(1) Concurrent Mark Cycle 15.055ms
[8.117s][info][gc,start    ] GC(2) Pause Young (Concurrent Start) (Metadata GC Threshold)
[8.117s][info][gc,task     ] GC(2) Using 6 workers of 6 for evacuation
[8.127s][info][gc,phases   ] GC(2)   Pre Evacuate Collection Set: 0.2ms
[8.127s][info][gc,phases   ] GC(2)   Merge Heap Roots: 0.1ms
[8.127s][info][gc,phases   ] GC(2)   Evacuate Collection Set: 8.2ms
[8.127s][info][gc,phases   ] GC(2)   Post Evacuate Collection Set: 0.9ms
[8.127s][info][gc,phases   ] GC(2)   Other: 0.2ms
[8.127s][info][gc,heap     ] GC(2) Eden regions: 28->0(99)
[8.127s][info][gc,heap     ] GC(2) Survivor regions: 8->3(13)
[8.127s][info][gc,heap     ] GC(2) Old regions: 0->8
[8.127s][info][gc,heap     ] GC(2) Archive regions: 0->0
[8.127s][info][gc,heap     ] GC(2) Humongous regions: 3->3
[8.127s][info][gc,metaspace] GC(2) Metaspace: 35587K(35968K)->35587K(35968K) NonClass: 31086K(31296K)->31086K(31296K) Class: 4501K(4672K)->4501K(4672K)
[8.127s][info][gc          ] GC(2) Pause Young (Concurrent Start) (Metadata GC Threshold) 77M->25M(4096M) 9.806ms
[8.127s][info][gc,cpu      ] GC(2) User=0.00s Sys=0.00s Real=0.01s
[8.127s][info][gc          ] GC(3) Concurrent Mark Cycle
[8.127s][info][gc,marking  ] GC(3) Concurrent Clear Claimed Marks
[8.127s][info][gc,marking  ] GC(3) Concurrent Clear Claimed Marks 0.031ms
[8.127s][info][gc,marking  ] GC(3) Concurrent Scan Root Regions
[8.130s][info][gc,marking  ] GC(3) Concurrent Scan Root Regions 2.887ms
[8.130s][info][gc,marking  ] GC(3) Concurrent Mark
[8.130s][info][gc,marking  ] GC(3) Concurrent Mark From Roots
[8.130s][info][gc,task     ] GC(3) Using 2 workers of 2 for marking
[8.131s][info][gc,marking  ] GC(3) Concurrent Mark From Roots 0.406ms
[8.131s][info][gc,marking  ] GC(3) Concurrent Preclean
[8.131s][info][gc,marking  ] GC(3) Concurrent Preclean 0.031ms
[8.131s][info][gc,start    ] GC(3) Pause Remark
[8.133s][info][gc          ] GC(3) Pause Remark 26M->26M(4096M) 1.811ms
[8.133s][info][gc,cpu      ] GC(3) User=0.03s Sys=0.02s Real=0.00s
[8.133s][info][gc,marking  ] GC(3) Concurrent Mark 2.756ms
[8.133s][info][gc,marking  ] GC(3) Concurrent Rebuild Remembered Sets
[8.135s][info][gc,marking  ] GC(3) Concurrent Rebuild Remembered Sets 2.080ms
[8.135s][info][gc,start    ] GC(3) Pause Cleanup
[8.136s][info][gc          ] GC(3) Pause Cleanup 26M->26M(4096M) 0.248ms
[8.136s][info][gc,cpu      ] GC(3) User=0.00s Sys=0.00s Real=0.00s
[8.136s][info][gc,marking  ] GC(3) Concurrent Cleanup for Next Mark
[8.145s][info][gc,marking  ] GC(3) Concurrent Cleanup for Next Mark 9.387ms
[8.145s][info][gc          ] GC(3) Concurrent Mark Cycle 17.969ms
[8.878s][info][gc,start    ] GC(4) Pause Young (Normal) (G1 Evacuation Pause)
[8.878s][info][gc,task     ] GC(4) Using 6 workers of 6 for evacuation
[8.910s][info][gc,phases   ] GC(4)   Pre Evacuate Collection Set: 0.2ms
[8.910s][info][gc,phases   ] GC(4)   Merge Heap Roots: 0.1ms
[8.910s][info][gc,phases   ] GC(4)   Evacuate Collection Set: 30.7ms
[8.910s][info][gc,phases   ] GC(4)   Post Evacuate Collection Set: 1.0ms
[8.910s][info][gc,phases   ] GC(4)   Other: 0.2ms
[8.910s][info][gc,heap     ] GC(4) Eden regions: 99->0(89)
[8.910s][info][gc,heap     ] GC(4) Survivor regions: 3->13(13)
[8.910s][info][gc,heap     ] GC(4) Old regions: 8->38
[8.910s][info][gc,heap     ] GC(4) Archive regions: 0->0
[8.910s][info][gc,heap     ] GC(4) Humongous regions: 3->3
[8.910s][info][gc,metaspace] GC(4) Metaspace: 47578K(48064K)->47578K(48064K) NonClass: 41588K(41856K)->41588K(41856K) Class: 5990K(6208K)->5990K(6208K)
[8.910s][info][gc          ] GC(4) Pause Young (Normal) (G1 Evacuation Pause) 223M->107M(4096M) 32.291ms
[8.910s][info][gc,cpu      ] GC(4) User=0.09s Sys=0.08s Real=0.04s
[9.010s][info][gc,start    ] GC(5) Pause Young (Normal) (G1 Evacuation Pause)
[9.010s][info][gc,task     ] GC(5) Using 6 workers of 6 for evacuation
[9.035s][info][gc,phases   ] GC(5)   Pre Evacuate Collection Set: 0.2ms
[9.035s][info][gc,phases   ] GC(5)   Merge Heap Roots: 0.1ms
[9.035s][info][gc,phases   ] GC(5)   Evacuate Collection Set: 23.9ms
[9.035s][info][gc,phases   ] GC(5)   Post Evacuate Collection Set: 0.6ms
[9.035s][info][gc,phases   ] GC(5)   Other: 0.2ms
[9.035s][info][gc,heap     ] GC(5) Eden regions: 89->0(89)
[9.035s][info][gc,heap     ] GC(5) Survivor regions: 13->13(13)
[9.035s][info][gc,heap     ] GC(5) Old regions: 38->55
[9.035s][info][gc,heap     ] GC(5) Archive regions: 0->0
[9.035s][info][gc,heap     ] GC(5) Humongous regions: 3->3
[9.035s][info][gc,metaspace] GC(5) Metaspace: 47578K(48064K)->47578K(48064K) NonClass: 41588K(41856K)->41588K(41856K) Class: 5990K(6208K)->5990K(6208K)
[9.035s][info][gc          ] GC(5) Pause Young (Normal) (G1 Evacuation Pause) 285M->141M(4096M) 25.204ms
[9.036s][info][gc,cpu      ] GC(5) User=0.09s Sys=0.00s Real=0.04s
[9.135s][info][gc,start    ] GC(6) Pause Young (Normal) (G1 Evacuation Pause)
[9.135s][info][gc,task     ] GC(6) Using 6 workers of 6 for evacuation
[9.159s][info][gc,phases   ] GC(6)   Pre Evacuate Collection Set: 0.1ms
[9.159s][info][gc,phases   ] GC(6)   Merge Heap Roots: 0.1ms
[9.159s][info][gc,phases   ] GC(6)   Evacuate Collection Set: 22.5ms
[9.159s][info][gc,phases   ] GC(6)   Post Evacuate Collection Set: 0.5ms
[9.159s][info][gc,phases   ] GC(6)   Other: 0.2ms
[9.159s][info][gc,heap     ] GC(6) Eden regions: 89->0(89)
[9.159s][info][gc,heap     ] GC(6) Survivor regions: 13->13(13)
[9.159s][info][gc,heap     ] GC(6) Old regions: 55->71
[9.159s][info][gc,heap     ] GC(6) Archive regions: 0->0
[9.159s][info][gc,heap     ] GC(6) Humongous regions: 3->3
[9.159s][info][gc,metaspace] GC(6) Metaspace: 47578K(48064K)->47578K(48064K) NonClass: 41588K(41856K)->41588K(41856K) Class: 5990K(6208K)->5990K(6208K)
[9.159s][info][gc          ] GC(6) Pause Young (Normal) (G1 Evacuation Pause) 319M->174M(4096M) 23.497ms
[9.159s][info][gc,cpu      ] GC(6) User=0.06s Sys=0.03s Real=0.03s
[9.235s][info][gc,start    ] GC(7) Pause Young (Normal) (G1 Evacuation Pause)
[9.235s][info][gc,task     ] GC(7) Using 6 workers of 6 for evacuation
[9.258s][info][gc,phases   ] GC(7)   Pre Evacuate Collection Set: 0.2ms
[9.258s][info][gc,phases   ] GC(7)   Merge Heap Roots: 0.1ms
[9.258s][info][gc,phases   ] GC(7)   Evacuate Collection Set: 22.5ms
[9.258s][info][gc,phases   ] GC(7)   Post Evacuate Collection Set: 0.4ms
[9.258s][info][gc,phases   ] GC(7)   Other: 0.2ms
[9.258s][info][gc,heap     ] GC(7) Eden regions: 89->0(89)
[9.258s][info][gc,heap     ] GC(7) Survivor regions: 13->13(13)
[9.258s][info][gc,heap     ] GC(7) Old regions: 71->88
[9.258s][info][gc,heap     ] GC(7) Archive regions: 0->0
[9.258s][info][gc,heap     ] GC(7) Humongous regions: 3->3
[9.258s][info][gc,metaspace] GC(7) Metaspace: 47587K(48064K)->47587K(48064K) NonClass: 41594K(41856K)->41594K(41856K) Class: 5992K(6208K)->5992K(6208K)
[9.259s][info][gc          ] GC(7) Pause Young (Normal) (G1 Evacuation Pause) 352M->207M(4096M) 23.598ms
[9.259s][info][gc,cpu      ] GC(7) User=0.17s Sys=0.02s Real=0.02s
[9.851s][info][gc,start    ] GC(8) Pause Young (Normal) (G1 Evacuation Pause)
[9.851s][info][gc,task     ] GC(8) Using 6 workers of 6 for evacuation
[9.869s][info][gc,phases   ] GC(8)   Pre Evacuate Collection Set: 0.2ms
[9.869s][info][gc,phases   ] GC(8)   Merge Heap Roots: 0.1ms
[9.869s][info][gc,phases   ] GC(8)   Evacuate Collection Set: 17.2ms
[9.869s][info][gc,phases   ] GC(8)   Post Evacuate Collection Set: 0.6ms
[9.869s][info][gc,phases   ] GC(8)   Other: 0.1ms
[9.869s][info][gc,heap     ] GC(8) Eden regions: 89->0(97)
[9.869s][info][gc,heap     ] GC(8) Survivor regions: 13->11(13)
[9.869s][info][gc,heap     ] GC(8) Old regions: 88->102
[9.869s][info][gc,heap     ] GC(8) Archive regions: 0->0
[9.869s][info][gc,heap     ] GC(8) Humongous regions: 3->3
[9.869s][info][gc,metaspace] GC(8) Metaspace: 55520K(55936K)->55520K(55936K) NonClass: 48677K(48896K)->48677K(48896K) Class: 6843K(7040K)->6843K(7040K)
[9.869s][info][gc          ] GC(8) Pause Young (Normal) (G1 Evacuation Pause) 385M->231M(4096M) 18.307ms
[9.869s][info][gc,cpu      ] GC(8) User=0.09s Sys=0.00s Real=0.02s
[10.046s][info][gc,start    ] GC(9) Pause Young (Concurrent Start) (Metadata GC Threshold)
[10.047s][info][gc,task     ] GC(9) Using 6 workers of 6 for evacuation
[10.053s][info][gc,phases   ] GC(9)   Pre Evacuate Collection Set: 0.2ms
[10.053s][info][gc,phases   ] GC(9)   Merge Heap Roots: 0.1ms
[10.053s][info][gc,phases   ] GC(9)   Evacuate Collection Set: 5.1ms
[10.053s][info][gc,phases   ] GC(9)   Post Evacuate Collection Set: 0.7ms
[10.053s][info][gc,phases   ] GC(9)   Other: 0.2ms
[10.053s][info][gc,heap     ] GC(9) Eden regions: 8->0(226)
[10.053s][info][gc,heap     ] GC(9) Survivor regions: 11->2(14)
[10.053s][info][gc,heap     ] GC(9) Old regions: 102->113
[10.053s][info][gc,heap     ] GC(9) Archive regions: 0->0
[10.053s][info][gc,heap     ] GC(9) Humongous regions: 3->3
[10.053s][info][gc,metaspace] GC(9) Metaspace: 59732K(60096K)->59732K(60096K) NonClass: 52428K(52608K)->52428K(52608K) Class: 7303K(7488K)->7303K(7488K)
[10.053s][info][gc          ] GC(9) Pause Young (Concurrent Start) (Metadata GC Threshold) 247M->236M(4096M) 6.526ms
[10.053s][info][gc,cpu      ] GC(9) User=0.00s Sys=0.00s Real=0.01s
[10.053s][info][gc          ] GC(10) Concurrent Mark Cycle
[10.053s][info][gc,marking  ] GC(10) Concurrent Clear Claimed Marks
[10.053s][info][gc,marking  ] GC(10) Concurrent Clear Claimed Marks 0.038ms
[10.053s][info][gc,marking  ] GC(10) Concurrent Scan Root Regions
[10.056s][info][gc,marking  ] GC(10) Concurrent Scan Root Regions 3.315ms
[10.057s][info][gc,marking  ] GC(10) Concurrent Mark
[10.057s][info][gc,marking  ] GC(10) Concurrent Mark From Roots
[10.057s][info][gc,task     ] GC(10) Using 2 workers of 2 for marking
[10.067s][info][gc,marking  ] GC(10) Concurrent Mark From Roots 10.054ms
[10.067s][info][gc,marking  ] GC(10) Concurrent Preclean
[10.067s][info][gc,marking  ] GC(10) Concurrent Preclean 0.258ms
[10.076s][info][gc,start    ] GC(10) Pause Remark
[10.080s][info][gc          ] GC(10) Pause Remark 237M->75M(4096M) 3.651ms
[10.080s][info][gc,cpu      ] GC(10) User=0.00s Sys=0.00s Real=0.00s
[10.080s][info][gc,marking  ] GC(10) Concurrent Mark 23.403ms
[10.080s][info][gc,marking  ] GC(10) Concurrent Rebuild Remembered Sets
[10.090s][info][gc,marking  ] GC(10) Concurrent Rebuild Remembered Sets 10.119ms
[10.091s][info][gc,start    ] GC(10) Pause Cleanup
[10.091s][info][gc          ] GC(10) Pause Cleanup 76M->76M(4096M) 0.263ms
[10.091s][info][gc,cpu      ] GC(10) User=0.00s Sys=0.00s Real=0.00s
[10.091s][info][gc,marking  ] GC(10) Concurrent Cleanup for Next Mark
[10.099s][info][gc,marking  ] GC(10) Concurrent Cleanup for Next Mark 8.134ms
[10.099s][info][gc          ] GC(10) Concurrent Mark Cycle 45.994ms
[11.241s][info][gc,start    ] GC(11) Pause Full (System.gc())
[11.241s][info][gc,task     ] GC(11) Using 6 workers of 6 for full compaction
[11.242s][info][gc,phases,start] GC(11) Phase 1: Mark live objects
[11.250s][info][gc,phases      ] GC(11) Phase 1: Mark live objects 8.397ms
[11.250s][info][gc,phases,start] GC(11) Phase 2: Prepare for compaction
[11.255s][info][gc,phases      ] GC(11) Phase 2: Prepare for compaction 4.932ms
[11.255s][info][gc,phases,start] GC(11) Phase 3: Adjust pointers
[11.260s][info][gc,phases      ] GC(11) Phase 3: Adjust pointers 4.645ms
[11.260s][info][gc,phases,start] GC(11) Phase 4: Compact heap
[11.263s][info][gc,phases      ] GC(11) Phase 4: Compact heap 3.063ms
[11.273s][info][gc,heap        ] GC(11) Eden regions: 42->0(268)
[11.273s][info][gc,heap        ] GC(11) Survivor regions: 2->0(14)
[11.273s][info][gc,heap        ] GC(11) Old regions: 32->18
[11.273s][info][gc,heap        ] GC(11) Archive regions: 0->0
[11.273s][info][gc,heap        ] GC(11) Humongous regions: 3->3
[11.273s][info][gc,metaspace   ] GC(11) Metaspace: 80978K(81472K)->80978K(81472K) NonClass: 70753K(71040K)->70753K(71040K) Class: 10225K(10432K)->10225K(10432K)
[11.273s][info][gc             ] GC(11) Pause Full (System.gc()) 157M->35M(4096M) 31.855ms
[11.273s][info][gc,cpu         ] GC(11) User=0.11s Sys=0.00s Real=0.04s
[12.968s][info][gc,start       ] GC(12) Pause Young (Normal) (G1 Evacuation Pause)
[12.968s][info][gc,task        ] GC(12) Using 6 workers of 6 for evacuation
[12.975s][info][gc,phases      ] GC(12)   Pre Evacuate Collection Set: 0.1ms
[12.975s][info][gc,phases      ] GC(12)   Merge Heap Roots: 0.1ms
[12.975s][info][gc,phases      ] GC(12)   Evacuate Collection Set: 6.0ms
[12.976s][info][gc,phases      ] GC(12)   Post Evacuate Collection Set: 1.0ms
[12.976s][info][gc,phases      ] GC(12)   Other: 0.2ms
[12.976s][info][gc,heap        ] GC(12) Eden regions: 264->0(1204)
[12.976s][info][gc,heap        ] GC(12) Survivor regions: 0->7(33)
[12.976s][info][gc,heap        ] GC(12) Old regions: 18->18
[12.976s][info][gc,heap        ] GC(12) Archive regions: 0->0
[12.976s][info][gc,heap        ] GC(12) Humongous regions: 22->13
[12.976s][info][gc,metaspace   ] GC(12) Metaspace: 101185K(102464K)->101185K(102464K) NonClass: 87607K(88320K)->87607K(88320K) Class: 13577K(14144K)->13577K(14144K)
[12.976s][info][gc             ] GC(12) Pause Young (Normal) (G1 Evacuation Pause) 601M->67M(4096M) 7.648ms
[12.976s][info][gc,cpu         ] GC(12) User=0.08s Sys=0.00s Real=0.01s
[16.391s][info][gc,start       ] GC(13) Pause Young (Normal) (G1 Evacuation Pause)
[16.391s][info][gc,task        ] GC(13) Using 6 workers of 6 for evacuation
[16.409s][info][gc,phases      ] GC(13)   Pre Evacuate Collection Set: 0.2ms
[16.409s][info][gc,phases      ] GC(13)   Merge Heap Roots: 0.2ms
[16.409s][info][gc,phases      ] GC(13)   Evacuate Collection Set: 15.6ms
[16.409s][info][gc,phases      ] GC(13)   Post Evacuate Collection Set: 2.0ms
[16.409s][info][gc,phases      ] GC(13)   Other: 0.5ms
[16.409s][info][gc,heap        ] GC(13) Eden regions: 1189->0(546)
[16.409s][info][gc,heap        ] GC(13) Survivor regions: 7->41(99)
[16.409s][info][gc,heap        ] GC(13) Old regions: 18->18
[16.409s][info][gc,heap        ] GC(13) Archive regions: 0->0
[16.409s][info][gc,heap        ] GC(13) Humongous regions: 735->3
[16.409s][info][gc,metaspace   ] GC(13) Metaspace: 108511K(110272K)->108511K(110272K) NonClass: 93830K(94784K)->93830K(94784K) Class: 14681K(15488K)->14681K(15488K)
[16.409s][info][gc             ] GC(13) Pause Young (Normal) (G1 Evacuation Pause) 3889M->117M(4096M) 18.622ms
[16.409s][info][gc,cpu         ] GC(13) User=0.09s Sys=0.00s Real=0.01s
[21.570s][info][gc,start       ] GC(14) Pause Young (Normal) (G1 Evacuation Pause)
[21.570s][info][gc,task        ] GC(14) Using 6 workers of 6 for evacuation
[21.586s][info][gc,phases      ] GC(14)   Pre Evacuate Collection Set: 0.2ms
[21.586s][info][gc,phases      ] GC(14)   Merge Heap Roots: 0.1ms
[21.586s][info][gc,phases      ] GC(14)   Evacuate Collection Set: 13.5ms
[21.586s][info][gc,phases      ] GC(14)   Post Evacuate Collection Set: 1.5ms
[21.586s][info][gc,phases      ] GC(14)   Other: 0.2ms
[21.586s][info][gc,heap        ] GC(14) Eden regions: 494->0(661)
[21.586s][info][gc,heap        ] GC(14) Survivor regions: 41->39(67)
[21.586s][info][gc,heap        ] GC(14) Old regions: 18->23
[21.586s][info][gc,heap        ] GC(14) Archive regions: 0->0
[21.586s][info][gc,heap        ] GC(14) Humongous regions: 194->3
[21.586s][info][gc,metaspace   ] GC(14) Metaspace: 112805K(114752K)->112805K(114752K) NonClass: 97748K(98816K)->97748K(98816K) Class: 15056K(15936K)->15056K(15936K)
[21.586s][info][gc             ] GC(14) Pause Young (Normal) (G1 Evacuation Pause) 1487M->121M(4096M) 15.522ms
[21.586s][info][gc,cpu         ] GC(14) User=0.00s Sys=0.02s Real=0.01s
[24.222s][info][gc,start       ] GC(15) Pause Full (System.gc())
[24.222s][info][gc,task        ] GC(15) Using 6 workers of 6 for full compaction
[24.222s][info][gc,phases,start] GC(15) Phase 1: Mark live objects
[24.248s][info][gc,phases      ] GC(15) Phase 1: Mark live objects 25.949ms
[24.248s][info][gc,phases,start] GC(15) Phase 2: Prepare for compaction
[24.254s][info][gc,phases      ] GC(15) Phase 2: Prepare for compaction 5.147ms
[24.254s][info][gc,phases,start] GC(15) Phase 3: Adjust pointers
[24.265s][info][gc,phases      ] GC(15) Phase 3: Adjust pointers 11.422ms
[24.265s][info][gc,phases,start] GC(15) Phase 4: Compact heap
[24.270s][info][gc,phases      ] GC(15) Phase 4: Compact heap 5.047ms
[24.285s][info][gc,heap        ] GC(15) Eden regions: 290->0(1228)
[24.285s][info][gc,heap        ] GC(15) Survivor regions: 39->0(67)
[24.285s][info][gc,heap        ] GC(15) Old regions: 23->31
[24.285s][info][gc,heap        ] GC(15) Archive regions: 0->0
[24.285s][info][gc,heap        ] GC(15) Humongous regions: 98->3
[24.285s][info][gc,metaspace   ] GC(15) Metaspace: 126405K(128448K)->125125K(128448K) NonClass: 109688K(110784K)->108744K(110784K) Class: 16716K(17664K)->16380K(17664K)
[24.286s][info][gc             ] GC(15) Pause Full (System.gc()) 891M->62M(4096M) 63.472ms
[24.286s][info][gc,cpu         ] GC(15) User=0.31s Sys=0.03s Real=0.06s
[28.140s][info][gc,start       ] GC(16) Pause Young (Normal) (G1 Preventive Collection)
[28.140s][info][gc,task        ] GC(16) Using 6 workers of 6 for evacuation
[28.151s][info][gc,phases      ] GC(16)   Pre Evacuate Collection Set: 0.2ms
[28.151s][info][gc,phases      ] GC(16)   Merge Heap Roots: 0.2ms
[28.151s][info][gc,phases      ] GC(16)   Evacuate Collection Set: 8.7ms
[28.151s][info][gc,phases      ] GC(16)   Post Evacuate Collection Set: 1.4ms
[28.151s][info][gc,phases      ] GC(16)   Other: 0.2ms
[28.151s][info][gc,heap        ] GC(16) Eden regions: 1120->0(1196)
[28.151s][info][gc,heap        ] GC(16) Survivor regions: 0->32(57)
[28.151s][info][gc,heap        ] GC(16) Old regions: 31->31
[28.151s][info][gc,heap        ] GC(16) Archive regions: 0->0
[28.151s][info][gc,heap        ] GC(16) Humongous regions: 840->3
[28.151s][info][gc,metaspace   ] GC(16) Metaspace: 125490K(128512K)->125490K(128512K) NonClass: 109109K(110848K)->109109K(110848K) Class: 16381K(17664K)->16381K(17664K)
[28.151s][info][gc             ] GC(16) Pause Young (Normal) (G1 Preventive Collection) 3976M->124M(4096M) 10.812ms
[28.151s][info][gc,cpu         ] GC(16) User=0.09s Sys=0.00s Real=0.01s
[31.487s][info][gc,start       ] GC(17) Pause Full (System.gc())
[31.487s][info][gc,task        ] GC(17) Using 6 workers of 6 for full compaction
[31.487s][info][gc,phases,start] GC(17) Phase 1: Mark live objects
[31.503s][info][gc,phases      ] GC(17) Phase 1: Mark live objects 15.912ms
[31.503s][info][gc,phases,start] GC(17) Phase 2: Prepare for compaction
[31.507s][info][gc,phases      ] GC(17) Phase 2: Prepare for compaction 4.451ms
[31.507s][info][gc,phases,start] GC(17) Phase 3: Adjust pointers
[31.518s][info][gc,phases      ] GC(17) Phase 3: Adjust pointers 10.408ms
[31.518s][info][gc,phases,start] GC(17) Phase 4: Compact heap
[31.521s][info][gc,phases      ] GC(17) Phase 4: Compact heap 3.023ms
[31.536s][info][gc,heap        ] GC(17) Eden regions: 435->0(1228)
[31.536s][info][gc,heap        ] GC(17) Survivor regions: 32->0(57)
[31.536s][info][gc,heap        ] GC(17) Old regions: 31->33
[31.536s][info][gc,heap        ] GC(17) Archive regions: 0->0
[31.536s][info][gc,heap        ] GC(17) Humongous regions: 169->3
[31.536s][info][gc,metaspace   ] GC(17) Metaspace: 125864K(128640K)->125864K(128640K) NonClass: 109483K(110976K)->109483K(110976K) Class: 16381K(17664K)->16381K(17664K)
[31.536s][info][gc             ] GC(17) Pause Full (System.gc()) 1325M->65M(4096M) 49.666ms
[31.536s][info][gc,cpu         ] GC(17) User=0.28s Sys=0.00s Real=0.05s
[34.700s][info][gc,start       ] GC(18) Pause Young (Normal) (G1 Preventive Collection)
[34.700s][info][gc,task        ] GC(18) Using 6 workers of 6 for evacuation
[34.712s][info][gc,phases      ] GC(18)   Pre Evacuate Collection Set: 0.2ms
[34.712s][info][gc,phases      ] GC(18)   Merge Heap Roots: 0.2ms
[34.712s][info][gc,phases      ] GC(18)   Evacuate Collection Set: 9.9ms
[34.712s][info][gc,phases      ] GC(18)   Post Evacuate Collection Set: 1.6ms
[34.712s][info][gc,phases      ] GC(18)   Other: 0.2ms
[34.712s][info][gc,heap        ] GC(18) Eden regions: 1142->0(1193)
[34.712s][info][gc,heap        ] GC(18) Survivor regions: 0->35(55)
[34.712s][info][gc,heap        ] GC(18) Old regions: 33->33
[34.712s][info][gc,heap        ] GC(18) Archive regions: 0->0
[34.712s][info][gc,heap        ] GC(18) Humongous regions: 818->3
[34.712s][info][gc,metaspace   ] GC(18) Metaspace: 126188K(128768K)->126188K(128768K) NonClass: 109789K(111104K)->109789K(111104K) Class: 16398K(17664K)->16398K(17664K)
[34.712s][info][gc             ] GC(18) Pause Young (Normal) (G1 Preventive Collection) 3978M->134M(4096M) 12.134ms
[34.712s][info][gc,cpu         ] GC(18) User=0.08s Sys=0.00s Real=0.01s
[38.416s][info][gc,start       ] GC(19) Pause Full (System.gc())
[38.416s][info][gc,task        ] GC(19) Using 6 workers of 6 for full compaction
[38.416s][info][gc,phases,start] GC(19) Phase 1: Mark live objects
[38.433s][info][gc,phases      ] GC(19) Phase 1: Mark live objects 16.807ms
[38.433s][info][gc,phases,start] GC(19) Phase 2: Prepare for compaction
[38.437s][info][gc,phases      ] GC(19) Phase 2: Prepare for compaction 4.194ms
[38.437s][info][gc,phases,start] GC(19) Phase 3: Adjust pointers
[38.449s][info][gc,phases      ] GC(19) Phase 3: Adjust pointers 11.529ms
[38.449s][info][gc,phases,start] GC(19) Phase 4: Compact heap
[38.452s][info][gc,phases      ] GC(19) Phase 4: Compact heap 2.760ms
[38.468s][info][gc,heap        ] GC(19) Eden regions: 446->0(1228)
[38.468s][info][gc,heap        ] GC(19) Survivor regions: 35->0(55)
[38.468s][info][gc,heap        ] GC(19) Old regions: 33->34
[38.468s][info][gc,heap        ] GC(19) Archive regions: 0->0
[38.468s][info][gc,heap        ] GC(19) Humongous regions: 191->3
[38.468s][info][gc,metaspace   ] GC(19) Metaspace: 126316K(128832K)->126316K(128832K) NonClass: 109917K(111168K)->109917K(111168K) Class: 16398K(17664K)->16398K(17664K)
[38.468s][info][gc             ] GC(19) Pause Full (System.gc()) 1402M->65M(4096M) 51.906ms
[38.468s][info][gc,cpu         ] GC(19) User=0.08s Sys=0.02s Real=0.05s
[41.714s][info][gc,start       ] GC(20) Pause Young (Normal) (G1 Preventive Collection)
[41.714s][info][gc,task        ] GC(20) Using 6 workers of 6 for evacuation
[41.725s][info][gc,phases      ] GC(20)   Pre Evacuate Collection Set: 0.2ms
[41.725s][info][gc,phases      ] GC(20)   Merge Heap Roots: 0.1ms
[41.725s][info][gc,phases      ] GC(20)   Evacuate Collection Set: 8.8ms
[41.725s][info][gc,phases      ] GC(20)   Post Evacuate Collection Set: 1.4ms
[41.725s][info][gc,phases      ] GC(20)   Other: 0.2ms
[41.725s][info][gc,heap        ] GC(20) Eden regions: 1129->0(1195)
[41.725s][info][gc,heap        ] GC(20) Survivor regions: 0->33(58)
[41.725s][info][gc,heap        ] GC(20) Old regions: 34->34
[41.725s][info][gc,heap        ] GC(20) Archive regions: 0->0
[41.725s][info][gc,heap        ] GC(20) Humongous regions: 827->3
[41.725s][info][gc,metaspace   ] GC(20) Metaspace: 126523K(128960K)->126523K(128960K) NonClass: 110123K(111296K)->110123K(111296K) Class: 16399K(17664K)->16399K(17664K)
[41.725s][info][gc             ] GC(20) Pause Young (Normal) (G1 Preventive Collection) 3971M->130M(4096M) 10.903ms
[41.725s][info][gc,cpu         ] GC(20) User=0.02s Sys=0.00s Real=0.01s
[45.346s][info][gc,start       ] GC(21) Pause Full (System.gc())
[45.347s][info][gc,task        ] GC(21) Using 6 workers of 6 for full compaction
[45.347s][info][gc,phases,start] GC(21) Phase 1: Mark live objects
[45.363s][info][gc,phases      ] GC(21) Phase 1: Mark live objects 16.441ms
[45.363s][info][gc,phases,start] GC(21) Phase 2: Prepare for compaction
[45.367s][info][gc,phases      ] GC(21) Phase 2: Prepare for compaction 4.057ms
[45.367s][info][gc,phases,start] GC(21) Phase 3: Adjust pointers
[45.379s][info][gc,phases      ] GC(21) Phase 3: Adjust pointers 11.254ms
[45.379s][info][gc,phases,start] GC(21) Phase 4: Compact heap
[45.381s][info][gc,phases      ] GC(21) Phase 4: Compact heap 2.672ms
[45.398s][info][gc,heap        ] GC(21) Eden regions: 435->0(1228)
[45.398s][info][gc,heap        ] GC(21) Survivor regions: 33->0(58)
[45.398s][info][gc,heap        ] GC(21) Old regions: 34->33
[45.398s][info][gc,heap        ] GC(21) Archive regions: 0->0
[45.398s][info][gc,heap        ] GC(21) Humongous regions: 182->3
[45.398s][info][gc,metaspace   ] GC(21) Metaspace: 126624K(129024K)->126624K(129024K) NonClass: 110223K(111360K)->110223K(111360K) Class: 16400K(17664K)->16400K(17664K)
[45.398s][info][gc             ] GC(21) Pause Full (System.gc()) 1357M->66M(4096M) 51.629ms
[45.398s][info][gc,cpu         ] GC(21) User=0.20s Sys=0.00s Real=0.05s
[48.797s][info][gc,start       ] GC(22) Pause Young (Normal) (G1 Preventive Collection)
[48.797s][info][gc,task        ] GC(22) Using 6 workers of 6 for evacuation
[48.809s][info][gc,phases      ] GC(22)   Pre Evacuate Collection Set: 0.2ms
[48.809s][info][gc,phases      ] GC(22)   Merge Heap Roots: 0.3ms
[48.809s][info][gc,phases      ] GC(22)   Evacuate Collection Set: 9.6ms
[48.809s][info][gc,phases      ] GC(22)   Post Evacuate Collection Set: 1.7ms
[48.809s][info][gc,phases      ] GC(22)   Other: 0.2ms
[48.809s][info][gc,heap        ] GC(22) Eden regions: 1127->0(1196)
[48.809s][info][gc,heap        ] GC(22) Survivor regions: 0->32(58)
[48.809s][info][gc,heap        ] GC(22) Old regions: 33->33
[48.809s][info][gc,heap        ] GC(22) Archive regions: 0->0
[48.809s][info][gc,heap        ] GC(22) Humongous regions: 830->3
[48.810s][info][gc,metaspace   ] GC(22) Metaspace: 126794K(129152K)->126794K(129152K) NonClass: 110393K(111488K)->110393K(111488K) Class: 16400K(17664K)->16400K(17664K)
[48.810s][info][gc             ] GC(22) Pause Young (Normal) (G1 Preventive Collection) 3974M->129M(4096M) 12.159ms
[48.810s][info][gc,cpu         ] GC(22) User=0.09s Sys=0.00s Real=0.01s
[52.223s][info][gc,start       ] GC(23) Pause Full (System.gc())
[52.223s][info][gc,task        ] GC(23) Using 6 workers of 6 for full compaction
[52.223s][info][gc,phases,start] GC(23) Phase 1: Mark live objects
[52.240s][info][gc,phases      ] GC(23) Phase 1: Mark live objects 16.747ms
[52.240s][info][gc,phases,start] GC(23) Phase 2: Prepare for compaction
[52.244s][info][gc,phases      ] GC(23) Phase 2: Prepare for compaction 4.284ms
[52.244s][info][gc,phases,start] GC(23) Phase 3: Adjust pointers
[52.256s][info][gc,phases      ] GC(23) Phase 3: Adjust pointers 12.057ms
[52.256s][info][gc,phases,start] GC(23) Phase 4: Compact heap
[52.259s][info][gc,phases      ] GC(23) Phase 4: Compact heap 3.009ms
[52.277s][info][gc,heap        ] GC(23) Eden regions: 416->0(1228)
[52.277s][info][gc,heap        ] GC(23) Survivor regions: 32->0(58)
[52.277s][info][gc,heap        ] GC(23) Old regions: 33->34
[52.277s][info][gc,heap        ] GC(23) Archive regions: 0->0
[52.277s][info][gc,heap        ] GC(23) Humongous regions: 179->3
[52.277s][info][gc,metaspace   ] GC(23) Metaspace: 126889K(129216K)->126889K(129216K) NonClass: 110489K(111552K)->110489K(111552K) Class: 16400K(17664K)->16400K(17664K)
[52.277s][info][gc             ] GC(23) Pause Full (System.gc()) 1313M->66M(4096M) 54.175ms
[52.277s][info][gc,cpu         ] GC(23) User=0.25s Sys=0.00s Real=0.06s
[55.609s][info][gc,start       ] GC(24) Pause Young (Normal) (G1 Preventive Collection)
[55.609s][info][gc,task        ] GC(24) Using 6 workers of 6 for evacuation
[55.619s][info][gc,phases      ] GC(24)   Pre Evacuate Collection Set: 0.2ms
[55.620s][info][gc,phases      ] GC(24)   Merge Heap Roots: 0.2ms
[55.620s][info][gc,phases      ] GC(24)   Evacuate Collection Set: 8.8ms
[55.620s][info][gc,phases      ] GC(24)   Post Evacuate Collection Set: 1.4ms
[55.620s][info][gc,phases      ] GC(24)   Other: 0.2ms
[55.620s][info][gc,heap        ] GC(24) Eden regions: 1122->0(1194)
[55.620s][info][gc,heap        ] GC(24) Survivor regions: 0->34(59)
[55.620s][info][gc,heap        ] GC(24) Old regions: 34->34
[55.620s][info][gc,heap        ] GC(24) Archive regions: 0->0
[55.620s][info][gc,heap        ] GC(24) Humongous regions: 833->3
[55.620s][info][gc,metaspace   ] GC(24) Metaspace: 126989K(129344K)->126989K(129344K) NonClass: 110586K(111680K)->110586K(111680K) Class: 16402K(17664K)->16402K(17664K)
[55.620s][info][gc             ] GC(24) Pause Young (Normal) (G1 Preventive Collection) 3970M->134M(4096M) 10.826ms
[55.620s][info][gc,cpu         ] GC(24) User=0.08s Sys=0.00s Real=0.01s
[58.947s][info][gc,start       ] GC(25) Pause Full (System.gc())
[58.947s][info][gc,task        ] GC(25) Using 6 workers of 6 for full compaction
[58.947s][info][gc,phases,start] GC(25) Phase 1: Mark live objects
[58.964s][info][gc,phases      ] GC(25) Phase 1: Mark live objects 17.059ms
[58.964s][info][gc,phases,start] GC(25) Phase 2: Prepare for compaction
[58.968s][info][gc,phases      ] GC(25) Phase 2: Prepare for compaction 3.884ms
[58.968s][info][gc,phases,start] GC(25) Phase 3: Adjust pointers
[58.980s][info][gc,phases      ] GC(25) Phase 3: Adjust pointers 11.666ms
[58.980s][info][gc,phases,start] GC(25) Phase 4: Compact heap
[58.983s][info][gc,phases      ] GC(25) Phase 4: Compact heap 2.940ms
[59.000s][info][gc,heap        ] GC(25) Eden regions: 412->0(1228)
[59.000s][info][gc,heap        ] GC(25) Survivor regions: 34->0(59)
[59.000s][info][gc,heap        ] GC(25) Old regions: 34->34
[59.000s][info][gc,heap        ] GC(25) Archive regions: 0->0
[59.000s][info][gc,heap        ] GC(25) Humongous regions: 176->3
[59.000s][info][gc,metaspace   ] GC(25) Metaspace: 127057K(129344K)->127057K(129344K) NonClass: 110654K(111680K)->110654K(111680K) Class: 16402K(17664K)->16402K(17664K)
[59.000s][info][gc             ] GC(25) Pause Full (System.gc()) 1303M->67M(4096M) 53.102ms
[59.000s][info][gc,cpu         ] GC(25) User=0.08s Sys=0.02s Real=0.06s
[62.530s][info][gc,start       ] GC(26) Pause Young (Normal) (G1 Preventive Collection)
[62.530s][info][gc,task        ] GC(26) Using 6 workers of 6 for evacuation
[62.541s][info][gc,phases      ] GC(26)   Pre Evacuate Collection Set: 0.3ms
[62.541s][info][gc,phases      ] GC(26)   Merge Heap Roots: 0.2ms
[62.541s][info][gc,phases      ] GC(26)   Evacuate Collection Set: 8.4ms
[62.541s][info][gc,phases      ] GC(26)   Post Evacuate Collection Set: 1.6ms
[62.541s][info][gc,phases      ] GC(26)   Other: 0.3ms
[62.541s][info][gc,heap        ] GC(26) Eden regions: 1120->0(1197)
[62.541s][info][gc,heap        ] GC(26) Survivor regions: 0->31(58)
[62.541s][info][gc,heap        ] GC(26) Old regions: 34->34
[62.541s][info][gc,heap        ] GC(26) Archive regions: 0->0
[62.541s][info][gc,heap        ] GC(26) Humongous regions: 836->3
[62.541s][info][gc,metaspace   ] GC(26) Metaspace: 127212K(129536K)->127212K(129536K) NonClass: 110809K(111872K)->110809K(111872K) Class: 16402K(17664K)->16402K(17664K)
[62.541s][info][gc             ] GC(26) Pause Young (Normal) (G1 Preventive Collection) 3971M->127M(4096M) 10.888ms
[62.541s][info][gc,cpu         ] GC(26) User=0.09s Sys=0.00s Real=0.02s
[65.691s][info][gc,start       ] GC(27) Pause Full (System.gc())
[65.691s][info][gc,task        ] GC(27) Using 6 workers of 6 for full compaction
[65.692s][info][gc,phases,start] GC(27) Phase 1: Mark live objects
[65.708s][info][gc,phases      ] GC(27) Phase 1: Mark live objects 16.412ms
[65.708s][info][gc,phases,start] GC(27) Phase 2: Prepare for compaction
[65.713s][info][gc,phases      ] GC(27) Phase 2: Prepare for compaction 4.488ms
[65.713s][info][gc,phases,start] GC(27) Phase 3: Adjust pointers
[65.724s][info][gc,phases      ] GC(27) Phase 3: Adjust pointers 11.810ms
[65.725s][info][gc,phases,start] GC(27) Phase 4: Compact heap
[65.727s][info][gc,phases      ] GC(27) Phase 4: Compact heap 2.821ms
[65.745s][info][gc,heap        ] GC(27) Eden regions: 406->0(1228)
[65.745s][info][gc,heap        ] GC(27) Survivor regions: 31->0(58)
[65.745s][info][gc,heap        ] GC(27) Old regions: 34->34
[65.745s][info][gc,heap        ] GC(27) Archive regions: 0->0
[65.745s][info][gc,heap        ] GC(27) Humongous regions: 173->3
[65.745s][info][gc,metaspace   ] GC(27) Metaspace: 127278K(129536K)->127278K(129536K) NonClass: 110875K(111872K)->110875K(111872K) Class: 16402K(17664K)->16402K(17664K)
[65.745s][info][gc             ] GC(27) Pause Full (System.gc()) 1279M->67M(4096M) 54.120ms
[65.745s][info][gc,cpu         ] GC(27) User=0.28s Sys=0.00s Real=0.05s
[69.239s][info][gc,start       ] GC(28) Pause Young (Normal) (G1 Preventive Collection)
[69.239s][info][gc,task        ] GC(28) Using 6 workers of 6 for evacuation
[69.251s][info][gc,phases      ] GC(28)   Pre Evacuate Collection Set: 0.3ms
[69.251s][info][gc,phases      ] GC(28)   Merge Heap Roots: 0.2ms
[69.251s][info][gc,phases      ] GC(28)   Evacuate Collection Set: 9.6ms
[69.251s][info][gc,phases      ] GC(28)   Post Evacuate Collection Set: 1.4ms
[69.251s][info][gc,phases      ] GC(28)   Other: 0.2ms
[69.251s][info][gc,heap        ] GC(28) Eden regions: 1116->0(1195)
[69.251s][info][gc,heap        ] GC(28) Survivor regions: 0->33(58)
[69.251s][info][gc,heap        ] GC(28) Old regions: 34->34
[69.251s][info][gc,heap        ] GC(28) Archive regions: 0->0
[69.251s][info][gc,heap        ] GC(28) Humongous regions: 840->3
[69.251s][info][gc,metaspace   ] GC(28) Metaspace: 127387K(129664K)->127387K(129664K) NonClass: 110985K(112000K)->110985K(112000K) Class: 16402K(17664K)->16402K(17664K)
[69.251s][info][gc             ] GC(28) Pause Young (Normal) (G1 Preventive Collection) 3973M->132M(4096M) 11.860ms
[69.251s][info][gc,cpu         ] GC(28) User=0.03s Sys=0.00s Real=0.01s
[72.422s][info][gc,start       ] GC(29) Pause Full (System.gc())
[72.422s][info][gc,task        ] GC(29) Using 6 workers of 6 for full compaction
[72.422s][info][gc,phases,start] GC(29) Phase 1: Mark live objects
[72.440s][info][gc,phases      ] GC(29) Phase 1: Mark live objects 18.001ms
[72.440s][info][gc,phases,start] GC(29) Phase 2: Prepare for compaction
[72.444s][info][gc,phases      ] GC(29) Phase 2: Prepare for compaction 3.893ms
[72.444s][info][gc,phases,start] GC(29) Phase 3: Adjust pointers
[72.456s][info][gc,phases      ] GC(29) Phase 3: Adjust pointers 12.041ms
[72.457s][info][gc,phases,start] GC(29) Phase 4: Compact heap
[72.459s][info][gc,phases      ] GC(29) Phase 4: Compact heap 2.410ms
[72.476s][info][gc,heap        ] GC(29) Eden regions: 402->0(1228)
[72.476s][info][gc,heap        ] GC(29) Survivor regions: 33->0(58)
[72.476s][info][gc,heap        ] GC(29) Old regions: 34->35
[72.476s][info][gc,heap        ] GC(29) Archive regions: 0->0
[72.476s][info][gc,heap        ] GC(29) Humongous regions: 169->3
[72.476s][info][gc,metaspace   ] GC(29) Metaspace: 127461K(129664K)->127461K(129664K) NonClass: 111059K(112000K)->111059K(112000K) Class: 16402K(17664K)->16402K(17664K)
[72.476s][info][gc             ] GC(29) Pause Full (System.gc()) 1267M->67M(4096M) 54.092ms
[72.476s][info][gc,cpu         ] GC(29) User=0.23s Sys=0.02s Real=0.06s
[75.985s][info][gc,start       ] GC(30) Pause Young (Normal) (G1 Preventive Collection)
[75.985s][info][gc,task        ] GC(30) Using 6 workers of 6 for evacuation
[75.996s][info][gc,phases      ] GC(30)   Pre Evacuate Collection Set: 0.2ms
[75.996s][info][gc,phases      ] GC(30)   Merge Heap Roots: 0.2ms
[75.996s][info][gc,phases      ] GC(30)   Evacuate Collection Set: 9.0ms
[75.996s][info][gc,phases      ] GC(30)   Post Evacuate Collection Set: 1.5ms
[75.996s][info][gc,phases      ] GC(30)   Other: 0.2ms
[75.996s][info][gc,heap        ] GC(30) Eden regions: 1117->0(1194)
[75.996s][info][gc,heap        ] GC(30) Survivor regions: 0->34(56)
[75.996s][info][gc,heap        ] GC(30) Old regions: 35->35
[75.996s][info][gc,heap        ] GC(30) Archive regions: 0->0
[75.996s][info][gc,heap        ] GC(30) Humongous regions: 840->3
[75.996s][info][gc,metaspace   ] GC(30) Metaspace: 127517K(129728K)->127517K(129728K) NonClass: 111115K(112064K)->111115K(112064K) Class: 16402K(17664K)->16402K(17664K)
[75.996s][info][gc             ] GC(30) Pause Young (Normal) (G1 Preventive Collection) 3975M->135M(4096M) 11.288ms
[75.996s][info][gc,cpu         ] GC(30) User=0.09s Sys=0.00s Real=0.01s
[79.309s][info][gc,start       ] GC(31) Pause Full (System.gc())
[79.309s][info][gc,task        ] GC(31) Using 6 workers of 6 for full compaction
[79.310s][info][gc,phases,start] GC(31) Phase 1: Mark live objects
[79.327s][info][gc,phases      ] GC(31) Phase 1: Mark live objects 17.260ms
[79.327s][info][gc,phases,start] GC(31) Phase 2: Prepare for compaction
[79.331s][info][gc,phases      ] GC(31) Phase 2: Prepare for compaction 3.977ms
[79.331s][info][gc,phases,start] GC(31) Phase 3: Adjust pointers
[79.344s][info][gc,phases      ] GC(31) Phase 3: Adjust pointers 12.756ms
[79.344s][info][gc,phases,start] GC(31) Phase 4: Compact heap
[79.347s][info][gc,phases      ] GC(31) Phase 4: Compact heap 2.501ms
[79.364s][info][gc,heap        ] GC(31) Eden regions: 396->0(1228)
[79.364s][info][gc,heap        ] GC(31) Survivor regions: 34->0(56)
[79.364s][info][gc,heap        ] GC(31) Old regions: 35->35
[79.364s][info][gc,heap        ] GC(31) Archive regions: 0->0
[79.364s][info][gc,heap        ] GC(31) Humongous regions: 169->3
[79.364s][info][gc,metaspace   ] GC(31) Metaspace: 127554K(129728K)->127554K(129728K) NonClass: 111152K(112064K)->111152K(112064K) Class: 16402K(17664K)->16402K(17664K)
[79.364s][info][gc             ] GC(31) Pause Full (System.gc()) 1258M->68M(4096M) 54.974ms
[79.364s][info][gc,cpu         ] GC(31) User=0.28s Sys=0.00s Real=0.05s
[82.932s][info][gc,start       ] GC(32) Pause Young (Normal) (G1 Preventive Collection)
[82.932s][info][gc,task        ] GC(32) Using 6 workers of 6 for evacuation
[82.944s][info][gc,phases      ] GC(32)   Pre Evacuate Collection Set: 0.2ms
[82.944s][info][gc,phases      ] GC(32)   Merge Heap Roots: 0.2ms
[82.944s][info][gc,phases      ] GC(32)   Evacuate Collection Set: 9.7ms
[82.944s][info][gc,phases      ] GC(32)   Post Evacuate Collection Set: 1.6ms
[82.944s][info][gc,phases      ] GC(32)   Other: 0.3ms
[82.944s][info][gc,heap        ] GC(32) Eden regions: 1117->0(1194)
[82.944s][info][gc,heap        ] GC(32) Survivor regions: 0->34(56)
[82.944s][info][gc,heap        ] GC(32) Old regions: 35->35
[82.944s][info][gc,heap        ] GC(32) Archive regions: 0->0
[82.944s][info][gc,heap        ] GC(32) Humongous regions: 840->3
[82.944s][info][gc,metaspace   ] GC(32) Metaspace: 127669K(129792K)->127669K(129792K) NonClass: 111267K(112128K)->111267K(112128K) Class: 16402K(17664K)->16402K(17664K)
[82.944s][info][gc             ] GC(32) Pause Young (Normal) (G1 Preventive Collection) 3976M->134M(4096M) 12.051ms
[82.944s][info][gc,cpu         ] GC(32) User=0.02s Sys=0.00s Real=0.02s
[86.156s][info][gc,start       ] GC(33) Pause Full (System.gc())
[86.156s][info][gc,task        ] GC(33) Using 6 workers of 6 for full compaction
[86.157s][info][gc,phases,start] GC(33) Phase 1: Mark live objects
[86.175s][info][gc,phases      ] GC(33) Phase 1: Mark live objects 18.877ms
[86.176s][info][gc,phases,start] GC(33) Phase 2: Prepare for compaction
[86.181s][info][gc,phases      ] GC(33) Phase 2: Prepare for compaction 4.973ms
[86.181s][info][gc,phases,start] GC(33) Phase 3: Adjust pointers
[86.194s][info][gc,phases      ] GC(33) Phase 3: Adjust pointers 13.063ms
[86.194s][info][gc,phases,start] GC(33) Phase 4: Compact heap
[86.196s][info][gc,phases      ] GC(33) Phase 4: Compact heap 2.664ms
[86.215s][info][gc,heap        ] GC(33) Eden regions: 391->0(1228)
[86.215s][info][gc,heap        ] GC(33) Survivor regions: 34->0(56)
[86.215s][info][gc,heap        ] GC(33) Old regions: 35->35
[86.215s][info][gc,heap        ] GC(33) Archive regions: 0->0
[86.215s][info][gc,heap        ] GC(33) Humongous regions: 169->3
[86.215s][info][gc,metaspace   ] GC(33) Metaspace: 127715K(129856K)->127715K(129856K) NonClass: 111312K(112192K)->111312K(112192K) Class: 16402K(17664K)->16402K(17664K)
[86.215s][info][gc             ] GC(33) Pause Full (System.gc()) 1248M->68M(4096M) 59.024ms
[86.215s][info][gc,cpu         ] GC(33) User=0.23s Sys=0.00s Real=0.06s
[89.725s][info][gc,start       ] GC(34) Pause Young (Normal) (G1 Preventive Collection)
[89.725s][info][gc,task        ] GC(34) Using 6 workers of 6 for evacuation
[89.737s][info][gc,phases      ] GC(34)   Pre Evacuate Collection Set: 0.2ms
[89.737s][info][gc,phases      ] GC(34)   Merge Heap Roots: 0.2ms
[89.737s][info][gc,phases      ] GC(34)   Evacuate Collection Set: 9.8ms
[89.737s][info][gc,phases      ] GC(34)   Post Evacuate Collection Set: 1.4ms
[89.737s][info][gc,phases      ] GC(34)   Other: 0.2ms
[89.737s][info][gc,heap        ] GC(34) Eden regions: 1117->0(1193)
[89.737s][info][gc,heap        ] GC(34) Survivor regions: 0->35(56)
[89.737s][info][gc,heap        ] GC(34) Old regions: 35->35
[89.737s][info][gc,heap        ] GC(34) Archive regions: 0->0
[89.737s][info][gc,heap        ] GC(34) Humongous regions: 840->3
[89.737s][info][gc,metaspace   ] GC(34) Metaspace: 127777K(129856K)->127777K(129856K) NonClass: 111375K(112192K)->111375K(112192K) Class: 16402K(17664K)->16402K(17664K)
[89.737s][info][gc             ] GC(34) Pause Young (Normal) (G1 Preventive Collection) 3976M->136M(4096M) 11.873ms
[89.737s][info][gc,cpu         ] GC(34) User=0.00s Sys=0.00s Real=0.01s
[92.867s][info][gc,start       ] GC(35) Pause Full (System.gc())
[92.867s][info][gc,task        ] GC(35) Using 6 workers of 6 for full compaction
[92.867s][info][gc,phases,start] GC(35) Phase 1: Mark live objects
[92.884s][info][gc,phases      ] GC(35) Phase 1: Mark live objects 17.042ms
[92.884s][info][gc,phases,start] GC(35) Phase 2: Prepare for compaction
[92.888s][info][gc,phases      ] GC(35) Phase 2: Prepare for compaction 4.309ms
[92.888s][info][gc,phases,start] GC(35) Phase 3: Adjust pointers
[92.901s][info][gc,phases      ] GC(35) Phase 3: Adjust pointers 12.822ms
[92.901s][info][gc,phases,start] GC(35) Phase 4: Compact heap
[92.904s][info][gc,phases      ] GC(35) Phase 4: Compact heap 2.411ms
[92.923s][info][gc,heap        ] GC(35) Eden regions: 390->0(1228)
[92.923s][info][gc,heap        ] GC(35) Survivor regions: 35->0(56)
[92.923s][info][gc,heap        ] GC(35) Old regions: 35->36
[92.923s][info][gc,heap        ] GC(35) Archive regions: 0->0
[92.923s][info][gc,heap        ] GC(35) Humongous regions: 169->3
[92.923s][info][gc,metaspace   ] GC(35) Metaspace: 127838K(129920K)->127838K(129920K) NonClass: 111436K(112256K)->111436K(112256K) Class: 16402K(17664K)->16402K(17664K)
[92.923s][info][gc             ] GC(35) Pause Full (System.gc()) 1247M->69M(4096M) 56.094ms
[92.923s][info][gc,cpu         ] GC(35) User=0.08s Sys=0.03s Real=0.06s
[96.446s][info][gc,start       ] GC(36) Pause Young (Normal) (G1 Preventive Collection)
[96.446s][info][gc,task        ] GC(36) Using 6 workers of 6 for evacuation
[96.458s][info][gc,phases      ] GC(36)   Pre Evacuate Collection Set: 0.2ms
[96.458s][info][gc,phases      ] GC(36)   Merge Heap Roots: 0.2ms
[96.458s][info][gc,phases      ] GC(36)   Evacuate Collection Set: 9.8ms
[96.458s][info][gc,phases      ] GC(36)   Post Evacuate Collection Set: 1.5ms
[96.458s][info][gc,phases      ] GC(36)   Other: 0.2ms
[96.458s][info][gc,heap        ] GC(36) Eden regions: 1116->0(1194)
[96.458s][info][gc,heap        ] GC(36) Survivor regions: 0->34(56)
[96.458s][info][gc,heap        ] GC(36) Old regions: 36->36
[96.458s][info][gc,heap        ] GC(36) Archive regions: 0->0
[96.458s][info][gc,heap        ] GC(36) Humongous regions: 840->3
[96.458s][info][gc,metaspace   ] GC(36) Metaspace: 127907K(129984K)->127907K(129984K) NonClass: 111503K(112320K)->111503K(112320K) Class: 16404K(17664K)->16404K(17664K)
[96.458s][info][gc             ] GC(36) Pause Young (Normal) (G1 Preventive Collection) 3975M->136M(4096M) 12.022ms
[96.458s][info][gc,cpu         ] GC(36) User=0.00s Sys=0.00s Real=0.01s
[99.570s][info][gc,start       ] GC(37) Pause Full (System.gc())
[99.570s][info][gc,task        ] GC(37) Using 6 workers of 6 for full compaction
[99.571s][info][gc,phases,start] GC(37) Phase 1: Mark live objects
[99.587s][info][gc,phases      ] GC(37) Phase 1: Mark live objects 16.267ms
[99.587s][info][gc,phases,start] GC(37) Phase 2: Prepare for compaction
[99.591s][info][gc,phases      ] GC(37) Phase 2: Prepare for compaction 3.729ms
[99.591s][info][gc,phases,start] GC(37) Phase 3: Adjust pointers
[99.604s][info][gc,phases      ] GC(37) Phase 3: Adjust pointers 13.022ms
[99.604s][info][gc,phases,start] GC(37) Phase 4: Compact heap
[99.606s][info][gc,phases      ] GC(37) Phase 4: Compact heap 2.170ms
[99.625s][info][gc,heap        ] GC(37) Eden regions: 390->0(1228)
[99.625s][info][gc,heap        ] GC(37) Survivor regions: 34->0(56)
[99.625s][info][gc,heap        ] GC(37) Old regions: 36->34
[99.625s][info][gc,heap        ] GC(37) Archive regions: 0->0
[99.625s][info][gc,heap        ] GC(37) Humongous regions: 169->3
[99.625s][info][gc,metaspace   ] GC(37) Metaspace: 127952K(129984K)->127952K(129984K) NonClass: 111548K(112320K)->111548K(112320K) Class: 16404K(17664K)->16404K(17664K)
[99.625s][info][gc             ] GC(37) Pause Full (System.gc()) 1247M->69M(4096M) 54.660ms
[99.625s][info][gc,cpu         ] GC(37) User=0.12s Sys=0.00s Real=0.06s
[103.168s][info][gc,start       ] GC(38) Pause Young (Normal) (G1 Preventive Collection)
[103.168s][info][gc,task        ] GC(38) Using 6 workers of 6 for evacuation
[103.180s][info][gc,phases      ] GC(38)   Pre Evacuate Collection Set: 0.2ms
[103.180s][info][gc,phases      ] GC(38)   Merge Heap Roots: 0.2ms
[103.180s][info][gc,phases      ] GC(38)   Evacuate Collection Set: 10.2ms
[103.180s][info][gc,phases      ] GC(38)   Post Evacuate Collection Set: 1.5ms
[103.180s][info][gc,phases      ] GC(38)   Other: 0.3ms
[103.180s][info][gc,heap        ] GC(38) Eden regions: 1119->0(1193)
[103.180s][info][gc,heap        ] GC(38) Survivor regions: 0->35(55)
[103.180s][info][gc,heap        ] GC(38) Old regions: 34->34
[103.180s][info][gc,heap        ] GC(38) Archive regions: 0->0
[103.180s][info][gc,heap        ] GC(38) Humongous regions: 840->3
[103.180s][info][gc,metaspace   ] GC(38) Metaspace: 128025K(130048K)->128025K(130048K) NonClass: 111621K(112384K)->111621K(112384K) Class: 16404K(17664K)->16404K(17664K)
[103.180s][info][gc             ] GC(38) Pause Young (Normal) (G1 Preventive Collection) 3981M->138M(4096M) 12.438ms
[103.180s][info][gc,cpu         ] GC(38) User=0.09s Sys=0.00s Real=0.02s
[106.274s][info][gc,start       ] GC(39) Pause Full (System.gc())
[106.274s][info][gc,task        ] GC(39) Using 6 workers of 6 for full compaction
[106.274s][info][gc,phases,start] GC(39) Phase 1: Mark live objects
[106.291s][info][gc,phases      ] GC(39) Phase 1: Mark live objects 16.706ms
[106.291s][info][gc,phases,start] GC(39) Phase 2: Prepare for compaction
[106.295s][info][gc,phases      ] GC(39) Phase 2: Prepare for compaction 4.513ms
[106.296s][info][gc,phases,start] GC(39) Phase 3: Adjust pointers
[106.308s][info][gc,phases      ] GC(39) Phase 3: Adjust pointers 12.773ms
[106.308s][info][gc,phases,start] GC(39) Phase 4: Compact heap
[106.311s][info][gc,phases      ] GC(39) Phase 4: Compact heap 2.662ms
[106.329s][info][gc,heap        ] GC(39) Eden regions: 387->0(1228)
[106.329s][info][gc,heap        ] GC(39) Survivor regions: 35->0(55)
[106.329s][info][gc,heap        ] GC(39) Old regions: 34->35
[106.329s][info][gc,heap        ] GC(39) Archive regions: 0->0
[106.329s][info][gc,heap        ] GC(39) Humongous regions: 169->3
[106.329s][info][gc,metaspace   ] GC(39) Metaspace: 128058K(130048K)->128058K(130048K) NonClass: 111652K(112384K)->111652K(112384K) Class: 16406K(17664K)->16406K(17664K)
[106.329s][info][gc             ] GC(39) Pause Full (System.gc()) 1242M->69M(4096M) 55.147ms
[106.329s][info][gc,cpu         ] GC(39) User=0.12s Sys=0.00s Real=0.06s
[109.824s][info][gc,start       ] GC(40) Pause Young (Normal) (G1 Preventive Collection)
[109.824s][info][gc,task        ] GC(40) Using 6 workers of 6 for evacuation
[109.836s][info][gc,phases      ] GC(40)   Pre Evacuate Collection Set: 0.2ms
[109.836s][info][gc,phases      ] GC(40)   Merge Heap Roots: 0.2ms
[109.836s][info][gc,phases      ] GC(40)   Evacuate Collection Set: 9.8ms
[109.837s][info][gc,phases      ] GC(40)   Post Evacuate Collection Set: 1.7ms
[109.837s][info][gc,phases      ] GC(40)   Other: 0.3ms
[109.837s][info][gc,heap        ] GC(40) Eden regions: 1117->0(1193)
[109.837s][info][gc,heap        ] GC(40) Survivor regions: 0->35(56)
[109.837s][info][gc,heap        ] GC(40) Old regions: 35->35
[109.837s][info][gc,heap        ] GC(40) Archive regions: 0->0
[109.837s][info][gc,heap        ] GC(40) Humongous regions: 840->3
[109.837s][info][gc,metaspace   ] GC(40) Metaspace: 128095K(130112K)->128095K(130112K) NonClass: 111689K(112448K)->111689K(112448K) Class: 16406K(17664K)->16406K(17664K)
[109.837s][info][gc             ] GC(40) Pause Young (Normal) (G1 Preventive Collection) 3977M->139M(4096M) 12.374ms
[109.837s][info][gc,cpu         ] GC(40) User=0.09s Sys=0.00s Real=0.02s
[112.934s][info][gc,start       ] GC(41) Pause Full (System.gc())
[112.934s][info][gc,task        ] GC(41) Using 6 workers of 6 for full compaction
[112.934s][info][gc,phases,start] GC(41) Phase 1: Mark live objects
[112.950s][info][gc,phases      ] GC(41) Phase 1: Mark live objects 15.876ms
[112.950s][info][gc,phases,start] GC(41) Phase 2: Prepare for compaction
[112.954s][info][gc,phases      ] GC(41) Phase 2: Prepare for compaction 4.209ms
[112.954s][info][gc,phases,start] GC(41) Phase 3: Adjust pointers
[112.967s][info][gc,phases      ] GC(41) Phase 3: Adjust pointers 12.871ms
[112.967s][info][gc,phases,start] GC(41) Phase 4: Compact heap
[112.970s][info][gc,phases      ] GC(41) Phase 4: Compact heap 2.748ms
[112.989s][info][gc,heap        ] GC(41) Eden regions: 387->0(1228)
[112.989s][info][gc,heap        ] GC(41) Survivor regions: 35->0(56)
[112.989s][info][gc,heap        ] GC(41) Old regions: 35->35
[112.989s][info][gc,heap        ] GC(41) Archive regions: 0->0
[112.989s][info][gc,heap        ] GC(41) Humongous regions: 169->3
[112.989s][info][gc,metaspace   ] GC(41) Metaspace: 128204K(130240K)->128204K(130240K) NonClass: 111798K(112576K)->111798K(112576K) Class: 16406K(17664K)->16406K(17664K)
[112.989s][info][gc             ] GC(41) Pause Full (System.gc()) 1244M->70M(4096M) 54.909ms
[112.989s][info][gc,cpu         ] GC(41) User=0.28s Sys=0.00s Real=0.06s
[116.527s][info][gc,start       ] GC(42) Pause Young (Normal) (G1 Preventive Collection)
[116.527s][info][gc,task        ] GC(42) Using 6 workers of 6 for evacuation
[116.540s][info][gc,phases      ] GC(42)   Pre Evacuate Collection Set: 0.2ms
[116.540s][info][gc,phases      ] GC(42)   Merge Heap Roots: 0.2ms
[116.540s][info][gc,phases      ] GC(42)   Evacuate Collection Set: 10.2ms
[116.540s][info][gc,phases      ] GC(42)   Post Evacuate Collection Set: 1.5ms
[116.540s][info][gc,phases      ] GC(42)   Other: 0.2ms
[116.540s][info][gc,heap        ] GC(42) Eden regions: 1118->0(1193)
[116.540s][info][gc,heap        ] GC(42) Survivor regions: 0->35(55)
[116.540s][info][gc,heap        ] GC(42) Old regions: 35->35
[116.540s][info][gc,heap        ] GC(42) Archive regions: 0->0
[116.540s][info][gc,heap        ] GC(42) Humongous regions: 840->3
[116.540s][info][gc,metaspace   ] GC(42) Metaspace: 128282K(130304K)->128282K(130304K) NonClass: 111875K(112640K)->111875K(112640K) Class: 16407K(17664K)->16407K(17664K)
[116.540s][info][gc             ] GC(42) Pause Young (Normal) (G1 Preventive Collection) 3980M->140M(4096M) 12.461ms
[116.540s][info][gc,cpu         ] GC(42) User=0.09s Sys=0.00s Real=0.02s
[119.629s][info][gc,start       ] GC(43) Pause Full (System.gc())
[119.629s][info][gc,task        ] GC(43) Using 6 workers of 6 for full compaction
[119.629s][info][gc,phases,start] GC(43) Phase 1: Mark live objects
[119.647s][info][gc,phases      ] GC(43) Phase 1: Mark live objects 18.398ms
[119.648s][info][gc,phases,start] GC(43) Phase 2: Prepare for compaction
[119.652s][info][gc,phases      ] GC(43) Phase 2: Prepare for compaction 4.850ms
[119.652s][info][gc,phases,start] GC(43) Phase 3: Adjust pointers
[119.666s][info][gc,phases      ] GC(43) Phase 3: Adjust pointers 13.092ms
[119.666s][info][gc,phases,start] GC(43) Phase 4: Compact heap
[119.668s][info][gc,phases      ] GC(43) Phase 4: Compact heap 2.488ms
[119.687s][info][gc,heap        ] GC(43) Eden regions: 384->0(1228)
[119.687s][info][gc,heap        ] GC(43) Survivor regions: 35->0(55)
[119.687s][info][gc,heap        ] GC(43) Old regions: 35->36
[119.687s][info][gc,heap        ] GC(43) Archive regions: 0->0
[119.687s][info][gc,heap        ] GC(43) Humongous regions: 169->3
[119.687s][info][gc,metaspace   ] GC(43) Metaspace: 128336K(130304K)->128336K(130304K) NonClass: 111929K(112640K)->111929K(112640K) Class: 16407K(17664K)->16407K(17664K)
[119.687s][info][gc             ] GC(43) Pause Full (System.gc()) 1239M->70M(4096M) 58.047ms
[119.687s][info][gc,cpu         ] GC(43) User=0.19s Sys=0.00s Real=0.06s
[123.187s][info][gc,start       ] GC(44) Pause Young (Normal) (G1 Preventive Collection)
[123.187s][info][gc,task        ] GC(44) Using 6 workers of 6 for evacuation
[123.200s][info][gc,phases      ] GC(44)   Pre Evacuate Collection Set: 0.2ms
[123.200s][info][gc,phases      ] GC(44)   Merge Heap Roots: 0.2ms
[123.200s][info][gc,phases      ] GC(44)   Evacuate Collection Set: 10.2ms
[123.200s][info][gc,phases      ] GC(44)   Post Evacuate Collection Set: 1.8ms
[123.200s][info][gc,phases      ] GC(44)   Other: 0.3ms
[123.200s][info][gc,heap        ] GC(44) Eden regions: 1118->0(1193)
[123.200s][info][gc,heap        ] GC(44) Survivor regions: 0->35(54)
[123.200s][info][gc,heap        ] GC(44) Old regions: 36->36
[123.200s][info][gc,heap        ] GC(44) Archive regions: 0->0
[123.200s][info][gc,heap        ] GC(44) Humongous regions: 840->3
[123.200s][info][gc,metaspace   ] GC(44) Metaspace: 128420K(130368K)->128420K(130368K) NonClass: 112003K(112704K)->112003K(112704K) Class: 16417K(17664K)->16417K(17664K)
[123.200s][info][gc             ] GC(44) Pause Young (Normal) (G1 Preventive Collection) 3980M->140M(4096M) 12.842ms
[123.200s][info][gc,cpu         ] GC(44) User=0.09s Sys=0.00s Real=0.01s
[126.251s][info][gc,start       ] GC(45) Pause Full (System.gc())
[126.251s][info][gc,task        ] GC(45) Using 6 workers of 6 for full compaction
[126.251s][info][gc,phases,start] GC(45) Phase 1: Mark live objects
[126.269s][info][gc,phases      ] GC(45) Phase 1: Mark live objects 17.671ms
[126.269s][info][gc,phases,start] GC(45) Phase 2: Prepare for compaction
[126.273s][info][gc,phases      ] GC(45) Phase 2: Prepare for compaction 3.913ms
[126.273s][info][gc,phases,start] GC(45) Phase 3: Adjust pointers
[126.288s][info][gc,phases      ] GC(45) Phase 3: Adjust pointers 14.649ms
[126.288s][info][gc,phases,start] GC(45) Phase 4: Compact heap
[126.290s][info][gc,phases      ] GC(45) Phase 4: Compact heap 2.308ms
[126.309s][info][gc,heap        ] GC(45) Eden regions: 383->0(1228)
[126.309s][info][gc,heap        ] GC(45) Survivor regions: 35->0(54)
[126.309s][info][gc,heap        ] GC(45) Old regions: 36->36
[126.309s][info][gc,heap        ] GC(45) Archive regions: 0->0
[126.309s][info][gc,heap        ] GC(45) Humongous regions: 169->3
[126.309s][info][gc,metaspace   ] GC(45) Metaspace: 128471K(130368K)->128471K(130368K) NonClass: 112051K(112704K)->112051K(112704K) Class: 16419K(17664K)->16419K(17664K)
[126.309s][info][gc             ] GC(45) Pause Full (System.gc()) 1238M->70M(4096M) 57.909ms
[126.309s][info][gc,cpu         ] GC(45) User=0.22s Sys=0.00s Real=0.05s
[129.758s][info][gc,start       ] GC(46) Pause Young (Normal) (G1 Preventive Collection)
[129.758s][info][gc,task        ] GC(46) Using 6 workers of 6 for evacuation
[129.771s][info][gc,phases      ] GC(46)   Pre Evacuate Collection Set: 0.2ms
[129.771s][info][gc,phases      ] GC(46)   Merge Heap Roots: 0.2ms
[129.771s][info][gc,phases      ] GC(46)   Evacuate Collection Set: 10.0ms
[129.771s][info][gc,phases      ] GC(46)   Post Evacuate Collection Set: 1.6ms
[129.771s][info][gc,phases      ] GC(46)   Other: 0.2ms
[129.771s][info][gc,heap        ] GC(46) Eden regions: 1119->0(1192)
[129.771s][info][gc,heap        ] GC(46) Survivor regions: 0->36(53)
[129.771s][info][gc,heap        ] GC(46) Old regions: 36->36
[129.771s][info][gc,heap        ] GC(46) Archive regions: 0->0
[129.771s][info][gc,heap        ] GC(46) Humongous regions: 840->3
[129.771s][info][gc,metaspace   ] GC(46) Metaspace: 128509K(130432K)->128509K(130432K) NonClass: 112089K(112768K)->112089K(112768K) Class: 16419K(17664K)->16419K(17664K)
[129.771s][info][gc             ] GC(46) Pause Young (Normal) (G1 Preventive Collection) 3982M->142M(4096M) 12.338ms
[129.771s][info][gc,cpu         ] GC(46) User=0.00s Sys=0.00s Real=0.01s
[132.834s][info][gc,start       ] GC(47) Pause Full (System.gc())
[132.834s][info][gc,task        ] GC(47) Using 6 workers of 6 for full compaction
[132.834s][info][gc,phases,start] GC(47) Phase 1: Mark live objects
[132.851s][info][gc,phases      ] GC(47) Phase 1: Mark live objects 16.732ms
[132.851s][info][gc,phases,start] GC(47) Phase 2: Prepare for compaction
[132.855s][info][gc,phases      ] GC(47) Phase 2: Prepare for compaction 3.924ms
[132.855s][info][gc,phases,start] GC(47) Phase 3: Adjust pointers
[132.868s][info][gc,phases      ] GC(47) Phase 3: Adjust pointers 13.000ms
[132.868s][info][gc,phases,start] GC(47) Phase 4: Compact heap
[132.870s][info][gc,phases      ] GC(47) Phase 4: Compact heap 2.461ms
[132.889s][info][gc,heap        ] GC(47) Eden regions: 384->0(1228)
[132.889s][info][gc,heap        ] GC(47) Survivor regions: 36->0(53)
[132.889s][info][gc,heap        ] GC(47) Old regions: 36->34
[132.889s][info][gc,heap        ] GC(47) Archive regions: 0->0
[132.889s][info][gc,heap        ] GC(47) Humongous regions: 169->3
[132.889s][info][gc,metaspace   ] GC(47) Metaspace: 128563K(130496K)->128563K(130496K) NonClass: 112143K(112832K)->112143K(112832K) Class: 16419K(17664K)->16419K(17664K)
[132.889s][info][gc             ] GC(47) Pause Full (System.gc()) 1241M->71M(4096M) 55.648ms
[132.890s][info][gc,cpu         ] GC(47) User=0.12s Sys=0.02s Real=0.05s
[136.372s][info][gc,start       ] GC(48) Pause Young (Normal) (G1 Preventive Collection)
[136.372s][info][gc,task        ] GC(48) Using 6 workers of 6 for evacuation
[136.385s][info][gc,phases      ] GC(48)   Pre Evacuate Collection Set: 0.2ms
[136.385s][info][gc,phases      ] GC(48)   Merge Heap Roots: 0.2ms
[136.385s][info][gc,phases      ] GC(48)   Evacuate Collection Set: 10.0ms
[136.385s][info][gc,phases      ] GC(48)   Post Evacuate Collection Set: 1.7ms
[136.385s][info][gc,phases      ] GC(48)   Other: 0.2ms
[136.385s][info][gc,heap        ] GC(48) Eden regions: 1121->0(1191)
[136.385s][info][gc,heap        ] GC(48) Survivor regions: 0->37(53)
[136.385s][info][gc,heap        ] GC(48) Old regions: 34->34
[136.385s][info][gc,heap        ] GC(48) Archive regions: 0->0
[136.385s][info][gc,heap        ] GC(48) Humongous regions: 840->3
[136.385s][info][gc,metaspace   ] GC(48) Metaspace: 128609K(130496K)->128609K(130496K) NonClass: 112189K(112832K)->112189K(112832K) Class: 16419K(17664K)->16419K(17664K)
[136.385s][info][gc             ] GC(48) Pause Young (Normal) (G1 Preventive Collection) 3987M->143M(4096M) 12.279ms
[136.385s][info][gc,cpu         ] GC(48) User=0.09s Sys=0.00s Real=0.01s
[139.466s][info][gc,start       ] GC(49) Pause Full (System.gc())
[139.467s][info][gc,task        ] GC(49) Using 6 workers of 6 for full compaction
[139.467s][info][gc,phases,start] GC(49) Phase 1: Mark live objects
[139.484s][info][gc,phases      ] GC(49) Phase 1: Mark live objects 17.137ms
[139.484s][info][gc,phases,start] GC(49) Phase 2: Prepare for compaction
[139.488s][info][gc,phases      ] GC(49) Phase 2: Prepare for compaction 4.077ms
[139.488s][info][gc,phases,start] GC(49) Phase 3: Adjust pointers
[139.501s][info][gc,phases      ] GC(49) Phase 3: Adjust pointers 13.038ms
[139.501s][info][gc,phases,start] GC(49) Phase 4: Compact heap
[139.504s][info][gc,phases      ] GC(49) Phase 4: Compact heap 2.360ms
[139.522s][info][gc,heap        ] GC(49) Eden regions: 382->0(1228)
[139.522s][info][gc,heap        ] GC(49) Survivor regions: 37->0(53)
[139.522s][info][gc,heap        ] GC(49) Old regions: 34->36
[139.522s][info][gc,heap        ] GC(49) Archive regions: 0->0
[139.522s][info][gc,heap        ] GC(49) Humongous regions: 169->3
[139.522s][info][gc,metaspace   ] GC(49) Metaspace: 128631K(130560K)->128631K(130560K) NonClass: 112211K(112896K)->112211K(112896K) Class: 16419K(17664K)->16419K(17664K)
[139.522s][info][gc             ] GC(49) Pause Full (System.gc()) 1238M->71M(4096M) 55.897ms
[139.522s][info][gc,cpu         ] GC(49) User=0.28s Sys=0.00s Real=0.06s
[142.993s][info][gc,start       ] GC(50) Pause Young (Normal) (G1 Preventive Collection)
[142.993s][info][gc,task        ] GC(50) Using 6 workers of 6 for evacuation
[143.005s][info][gc,phases      ] GC(50)   Pre Evacuate Collection Set: 0.2ms
[143.005s][info][gc,phases      ] GC(50)   Merge Heap Roots: 0.2ms
[143.005s][info][gc,phases      ] GC(50)   Evacuate Collection Set: 10.1ms
[143.005s][info][gc,phases      ] GC(50)   Post Evacuate Collection Set: 1.7ms
[143.005s][info][gc,phases      ] GC(50)   Other: 0.3ms
[143.005s][info][gc,heap        ] GC(50) Eden regions: 1120->0(1192)
[143.005s][info][gc,heap        ] GC(50) Survivor regions: 0->36(52)
[143.005s][info][gc,heap        ] GC(50) Old regions: 36->36
[143.005s][info][gc,heap        ] GC(50) Archive regions: 0->0
[143.005s][info][gc,heap        ] GC(50) Humongous regions: 840->3
[143.005s][info][gc,metaspace   ] GC(50) Metaspace: 128783K(130624K)->128783K(130624K) NonClass: 112348K(112960K)->112348K(112960K) Class: 16435K(17664K)->16435K(17664K)
[143.005s][info][gc             ] GC(50) Pause Young (Normal) (G1 Preventive Collection) 3985M->141M(4096M) 12.587ms
[143.005s][info][gc,cpu         ] GC(50) User=0.00s Sys=0.00s Real=0.01s
[146.074s][info][gc,start       ] GC(51) Pause Full (System.gc())
[146.074s][info][gc,task        ] GC(51) Using 6 workers of 6 for full compaction
[146.074s][info][gc,phases,start] GC(51) Phase 1: Mark live objects
[146.092s][info][gc,phases      ] GC(51) Phase 1: Mark live objects 17.785ms
[146.092s][info][gc,phases,start] GC(51) Phase 2: Prepare for compaction
[146.097s][info][gc,phases      ] GC(51) Phase 2: Prepare for compaction 5.075ms
[146.097s][info][gc,phases,start] GC(51) Phase 3: Adjust pointers
[146.111s][info][gc,phases      ] GC(51) Phase 3: Adjust pointers 13.755ms
[146.111s][info][gc,phases,start] GC(51) Phase 4: Compact heap
[146.114s][info][gc,phases      ] GC(51) Phase 4: Compact heap 2.781ms
[146.133s][info][gc,heap        ] GC(51) Eden regions: 383->0(1228)
[146.133s][info][gc,heap        ] GC(51) Survivor regions: 36->0(52)
[146.133s][info][gc,heap        ] GC(51) Old regions: 36->36
[146.133s][info][gc,heap        ] GC(51) Archive regions: 0->0
[146.133s][info][gc,heap        ] GC(51) Humongous regions: 169->3
[146.133s][info][gc,metaspace   ] GC(51) Metaspace: 128821K(130688K)->128821K(130688K) NonClass: 112384K(113024K)->112384K(113024K) Class: 16436K(17664K)->16436K(17664K)
[146.133s][info][gc             ] GC(51) Pause Full (System.gc()) 1239M->71M(4096M) 58.885ms
[146.133s][info][gc,cpu         ] GC(51) User=0.23s Sys=0.00s Real=0.07s
[149.651s][info][gc,start       ] GC(52) Pause Young (Normal) (G1 Preventive Collection)
[149.651s][info][gc,task        ] GC(52) Using 6 workers of 6 for evacuation
[149.664s][info][gc,phases      ] GC(52)   Pre Evacuate Collection Set: 0.2ms
[149.664s][info][gc,phases      ] GC(52)   Merge Heap Roots: 0.2ms
[149.664s][info][gc,phases      ] GC(52)   Evacuate Collection Set: 9.9ms
[149.664s][info][gc,phases      ] GC(52)   Post Evacuate Collection Set: 2.6ms
[149.664s][info][gc,phases      ] GC(52)   Other: 0.2ms
[149.664s][info][gc,heap        ] GC(52) Eden regions: 1120->0(1193)
[149.664s][info][gc,heap        ] GC(52) Survivor regions: 0->35(52)
[149.664s][info][gc,heap        ] GC(52) Old regions: 36->36
[149.664s][info][gc,heap        ] GC(52) Archive regions: 0->0
[149.664s][info][gc,heap        ] GC(52) Humongous regions: 840->3
[149.664s][info][gc,metaspace   ] GC(52) Metaspace: 128856K(130688K)->128856K(130688K) NonClass: 112419K(113024K)->112419K(113024K) Class: 16436K(17664K)->16436K(17664K)
[149.665s][info][gc             ] GC(52) Pause Young (Normal) (G1 Preventive Collection) 3985M->141M(4096M) 13.100ms
[149.665s][info][gc,cpu         ] GC(52) User=0.02s Sys=0.00s Real=0.01s
[152.736s][info][gc,start       ] GC(53) Pause Full (System.gc())
[152.736s][info][gc,task        ] GC(53) Using 6 workers of 6 for full compaction
[152.736s][info][gc,phases,start] GC(53) Phase 1: Mark live objects
[152.756s][info][gc,phases      ] GC(53) Phase 1: Mark live objects 19.357ms
[152.756s][info][gc,phases,start] GC(53) Phase 2: Prepare for compaction
[152.760s][info][gc,phases      ] GC(53) Phase 2: Prepare for compaction 4.402ms
[152.760s][info][gc,phases,start] GC(53) Phase 3: Adjust pointers
[152.774s][info][gc,phases      ] GC(53) Phase 3: Adjust pointers 13.427ms
[152.774s][info][gc,phases,start] GC(53) Phase 4: Compact heap
[152.776s][info][gc,phases      ] GC(53) Phase 4: Compact heap 2.415ms
[152.795s][info][gc,heap        ] GC(53) Eden regions: 380->0(1228)
[152.795s][info][gc,heap        ] GC(53) Survivor regions: 35->0(52)
[152.795s][info][gc,heap        ] GC(53) Old regions: 36->36
[152.795s][info][gc,heap        ] GC(53) Archive regions: 0->0
[152.795s][info][gc,heap        ] GC(53) Humongous regions: 169->3
[152.795s][info][gc,metaspace   ] GC(53) Metaspace: 128870K(130688K)->128870K(130688K) NonClass: 112434K(113024K)->112434K(113024K) Class: 16436K(17664K)->16436K(17664K)
[152.795s][info][gc             ] GC(53) Pause Full (System.gc()) 1233M->72M(4096M) 58.852ms
[152.795s][info][gc,cpu         ] GC(53) User=0.19s Sys=0.00s Real=0.06s
[156.347s][info][gc,start       ] GC(54) Pause Young (Normal) (G1 Preventive Collection)
[156.347s][info][gc,task        ] GC(54) Using 6 workers of 6 for evacuation
[156.359s][info][gc,phases      ] GC(54)   Pre Evacuate Collection Set: 0.2ms
[156.359s][info][gc,phases      ] GC(54)   Merge Heap Roots: 0.2ms
[156.359s][info][gc,phases      ] GC(54)   Evacuate Collection Set: 10.0ms
[156.359s][info][gc,phases      ] GC(54)   Post Evacuate Collection Set: 1.6ms
[156.359s][info][gc,phases      ] GC(54)   Other: 0.3ms
[156.359s][info][gc,heap        ] GC(54) Eden regions: 1121->0(1192)
[156.359s][info][gc,heap        ] GC(54) Survivor regions: 0->36(51)
[156.359s][info][gc,heap        ] GC(54) Old regions: 36->36
[156.359s][info][gc,heap        ] GC(54) Archive regions: 0->0
[156.359s][info][gc,heap        ] GC(54) Humongous regions: 840->3
[156.359s][info][gc,metaspace   ] GC(54) Metaspace: 128948K(130752K)->128948K(130752K) NonClass: 112511K(113088K)->112511K(113088K) Class: 16436K(17664K)->16436K(17664K)
[156.359s][info][gc             ] GC(54) Pause Young (Normal) (G1 Preventive Collection) 3988M->142M(4096M) 12.297ms
[156.359s][info][gc,cpu         ] GC(54) User=0.09s Sys=0.00s Real=0.01s
[159.433s][info][gc,start       ] GC(55) Pause Full (System.gc())
[159.433s][info][gc,task        ] GC(55) Using 6 workers of 6 for full compaction
[159.433s][info][gc,phases,start] GC(55) Phase 1: Mark live objects
[159.450s][info][gc,phases      ] GC(55) Phase 1: Mark live objects 17.139ms
[159.450s][info][gc,phases,start] GC(55) Phase 2: Prepare for compaction
[159.454s][info][gc,phases      ] GC(55) Phase 2: Prepare for compaction 4.092ms
[159.455s][info][gc,phases,start] GC(55) Phase 3: Adjust pointers
[159.469s][info][gc,phases      ] GC(55) Phase 3: Adjust pointers 14.981ms
[159.470s][info][gc,phases,start] GC(55) Phase 4: Compact heap
[159.472s][info][gc,phases      ] GC(55) Phase 4: Compact heap 2.424ms
[159.491s][info][gc,heap        ] GC(55) Eden regions: 381->0(1228)
[159.491s][info][gc,heap        ] GC(55) Survivor regions: 36->0(51)
[159.491s][info][gc,heap        ] GC(55) Old regions: 36->37
[159.491s][info][gc,heap        ] GC(55) Archive regions: 0->0
[159.491s][info][gc,heap        ] GC(55) Humongous regions: 169->3
[159.491s][info][gc,metaspace   ] GC(55) Metaspace: 128980K(130816K)->128980K(130816K) NonClass: 112543K(113152K)->112543K(113152K) Class: 16436K(17664K)->16436K(17664K)
[159.491s][info][gc             ] GC(55) Pause Full (System.gc()) 1235M->72M(4096M) 58.585ms
[159.491s][info][gc,cpu         ] GC(55) User=0.28s Sys=0.00s Real=0.06s
[163.005s][info][gc,start       ] GC(56) Pause Young (Normal) (G1 Preventive Collection)
[163.005s][info][gc,task        ] GC(56) Using 6 workers of 6 for evacuation
[163.018s][info][gc,phases      ] GC(56)   Pre Evacuate Collection Set: 0.2ms
[163.018s][info][gc,phases      ] GC(56)   Merge Heap Roots: 0.2ms
[163.018s][info][gc,phases      ] GC(56)   Evacuate Collection Set: 10.1ms
[163.018s][info][gc,phases      ] GC(56)   Post Evacuate Collection Set: 1.8ms
[163.018s][info][gc,phases      ] GC(56)   Other: 0.2ms
[163.018s][info][gc,heap        ] GC(56) Eden regions: 1121->0(1191)
[163.018s][info][gc,heap        ] GC(56) Survivor regions: 0->37(50)
[163.018s][info][gc,heap        ] GC(56) Old regions: 37->37
[163.018s][info][gc,heap        ] GC(56) Archive regions: 0->0
[163.018s][info][gc,heap        ] GC(56) Humongous regions: 840->3
[163.018s][info][gc,metaspace   ] GC(56) Metaspace: 129034K(130944K)->129034K(130944K) NonClass: 112597K(113280K)->112597K(113280K) Class: 16436K(17664K)->16436K(17664K)
[163.018s][info][gc             ] GC(56) Pause Young (Normal) (G1 Preventive Collection) 3988M->145M(4096M) 12.603ms
[163.018s][info][gc,cpu         ] GC(56) User=0.09s Sys=0.00s Real=0.01s
[166.128s][info][gc,start       ] GC(57) Pause Full (System.gc())
[166.128s][info][gc,task        ] GC(57) Using 6 workers of 6 for full compaction
[166.129s][info][gc,phases,start] GC(57) Phase 1: Mark live objects
[166.147s][info][gc,phases      ] GC(57) Phase 1: Mark live objects 17.947ms
[166.147s][info][gc,phases,start] GC(57) Phase 2: Prepare for compaction
[166.151s][info][gc,phases      ] GC(57) Phase 2: Prepare for compaction 4.122ms
[166.151s][info][gc,phases,start] GC(57) Phase 3: Adjust pointers
[166.165s][info][gc,phases      ] GC(57) Phase 3: Adjust pointers 13.887ms
[166.165s][info][gc,phases,start] GC(57) Phase 4: Compact heap
[166.167s][info][gc,phases      ] GC(57) Phase 4: Compact heap 2.475ms
[166.186s][info][gc,heap        ] GC(57) Eden regions: 381->0(1228)
[166.186s][info][gc,heap        ] GC(57) Survivor regions: 37->0(50)
[166.186s][info][gc,heap        ] GC(57) Old regions: 37->37
[166.186s][info][gc,heap        ] GC(57) Archive regions: 0->0
[166.186s][info][gc,heap        ] GC(57) Humongous regions: 169->3
[166.186s][info][gc,metaspace   ] GC(57) Metaspace: 129041K(130944K)->129041K(130944K) NonClass: 112604K(113280K)->112604K(113280K) Class: 16437K(17664K)->16437K(17664K)
[166.186s][info][gc             ] GC(57) Pause Full (System.gc()) 1239M->72M(4096M) 58.117ms
[166.186s][info][gc,cpu         ] GC(57) User=0.22s Sys=0.00s Real=0.06s
[169.634s][info][gc,start       ] GC(58) Pause Young (Normal) (G1 Preventive Collection)
[169.634s][info][gc,task        ] GC(58) Using 6 workers of 6 for evacuation
[169.646s][info][gc,phases      ] GC(58)   Pre Evacuate Collection Set: 0.2ms
[169.647s][info][gc,phases      ] GC(58)   Merge Heap Roots: 0.2ms
[169.647s][info][gc,phases      ] GC(58)   Evacuate Collection Set: 10.0ms
[169.647s][info][gc,phases      ] GC(58)   Post Evacuate Collection Set: 1.7ms
[169.647s][info][gc,phases      ] GC(58)   Other: 0.2ms
[169.647s][info][gc,heap        ] GC(58) Eden regions: 1121->0(1192)
[169.647s][info][gc,heap        ] GC(58) Survivor regions: 0->36(50)
[169.647s][info][gc,heap        ] GC(58) Old regions: 37->37
[169.647s][info][gc,heap        ] GC(58) Archive regions: 0->0
[169.647s][info][gc,heap        ] GC(58) Humongous regions: 840->3
[169.647s][info][gc,metaspace   ] GC(58) Metaspace: 129070K(130944K)->129070K(130944K) NonClass: 112633K(113280K)->112633K(113280K) Class: 16437K(17664K)->16437K(17664K)
[169.647s][info][gc             ] GC(58) Pause Young (Normal) (G1 Preventive Collection) 3988M->144M(4096M) 12.420ms
[169.647s][info][gc,cpu         ] GC(58) User=0.00s Sys=0.00s Real=0.02s
[172.735s][info][gc,start       ] GC(59) Pause Full (System.gc())
[172.735s][info][gc,task        ] GC(59) Using 6 workers of 6 for full compaction
[172.736s][info][gc,phases,start] GC(59) Phase 1: Mark live objects
[172.753s][info][gc,phases      ] GC(59) Phase 1: Mark live objects 17.775ms
[172.753s][info][gc,phases,start] GC(59) Phase 2: Prepare for compaction
[172.758s][info][gc,phases      ] GC(59) Phase 2: Prepare for compaction 4.720ms
[172.758s][info][gc,phases,start] GC(59) Phase 3: Adjust pointers
[172.772s][info][gc,phases      ] GC(59) Phase 3: Adjust pointers 14.347ms
[172.773s][info][gc,phases,start] GC(59) Phase 4: Compact heap
[172.775s][info][gc,phases      ] GC(59) Phase 4: Compact heap 2.834ms
[172.795s][info][gc,heap        ] GC(59) Eden regions: 381->0(1228)
[172.795s][info][gc,heap        ] GC(59) Survivor regions: 36->0(50)
[172.795s][info][gc,heap        ] GC(59) Old regions: 37->36
[172.795s][info][gc,heap        ] GC(59) Archive regions: 0->0
[172.795s][info][gc,heap        ] GC(59) Humongous regions: 169->3
[172.795s][info][gc,metaspace   ] GC(59) Metaspace: 129101K(130944K)->129101K(130944K) NonClass: 112663K(113280K)->112663K(113280K) Class: 16437K(17664K)->16437K(17664K)
[172.795s][info][gc             ] GC(59) Pause Full (System.gc()) 1237M->72M(4096M) 59.778ms
[172.795s][info][gc,cpu         ] GC(59) User=0.20s Sys=0.00s Real=0.06s
[176.372s][info][gc,start       ] GC(60) Pause Young (Normal) (G1 Preventive Collection)
[176.372s][info][gc,task        ] GC(60) Using 6 workers of 6 for evacuation
[176.383s][info][gc,phases      ] GC(60)   Pre Evacuate Collection Set: 0.2ms
[176.383s][info][gc,phases      ] GC(60)   Merge Heap Roots: 0.2ms
[176.383s][info][gc,phases      ] GC(60)   Evacuate Collection Set: 9.2ms
[176.383s][info][gc,phases      ] GC(60)   Post Evacuate Collection Set: 1.5ms
[176.383s][info][gc,phases      ] GC(60)   Other: 0.2ms
[176.383s][info][gc,heap        ] GC(60) Eden regions: 1123->0(1194)
[176.383s][info][gc,heap        ] GC(60) Survivor regions: 0->34(49)
[176.383s][info][gc,heap        ] GC(60) Old regions: 36->36
[176.383s][info][gc,heap        ] GC(60) Archive regions: 0->0
[176.383s][info][gc,heap        ] GC(60) Humongous regions: 840->3
[176.383s][info][gc,metaspace   ] GC(60) Metaspace: 129110K(131008K)->129110K(131008K) NonClass: 112672K(113344K)->112672K(113344K) Class: 16437K(17664K)->16437K(17664K)
[176.383s][info][gc             ] GC(60) Pause Young (Normal) (G1 Preventive Collection) 3992M->140M(4096M) 11.389ms
[176.383s][info][gc,cpu         ] GC(60) User=0.09s Sys=0.00s Real=0.01s
[179.455s][info][gc,start       ] GC(61) Pause Full (System.gc())
[179.455s][info][gc,task        ] GC(61) Using 6 workers of 6 for full compaction
[179.456s][info][gc,phases,start] GC(61) Phase 1: Mark live objects
[179.474s][info][gc,phases      ] GC(61) Phase 1: Mark live objects 18.764ms
[179.474s][info][gc,phases,start] GC(61) Phase 2: Prepare for compaction
[179.478s][info][gc,phases      ] GC(61) Phase 2: Prepare for compaction 4.054ms
[179.479s][info][gc,phases,start] GC(61) Phase 3: Adjust pointers
[179.493s][info][gc,phases      ] GC(61) Phase 3: Adjust pointers 14.284ms
[179.493s][info][gc,phases,start] GC(61) Phase 4: Compact heap
[179.495s][info][gc,phases      ] GC(61) Phase 4: Compact heap 2.576ms
[179.515s][info][gc,heap        ] GC(61) Eden regions: 377->0(1228)
[179.515s][info][gc,heap        ] GC(61) Survivor regions: 34->0(49)
[179.515s][info][gc,heap        ] GC(61) Old regions: 36->37
[179.515s][info][gc,heap        ] GC(61) Archive regions: 0->0
[179.515s][info][gc,heap        ] GC(61) Humongous regions: 169->3
[179.515s][info][gc,metaspace   ] GC(61) Metaspace: 129126K(131008K)->129126K(131008K) NonClass: 112688K(113344K)->112688K(113344K) Class: 16437K(17664K)->16437K(17664K)
[179.515s][info][gc             ] GC(61) Pause Full (System.gc()) 1226M->73M(4096M) 60.115ms
[179.515s][info][gc,cpu         ] GC(61) User=0.22s Sys=0.00s Real=0.05s
[183.000s][info][gc,start       ] GC(62) Pause Young (Normal) (G1 Preventive Collection)
[183.000s][info][gc,task        ] GC(62) Using 6 workers of 6 for evacuation
[183.012s][info][gc,phases      ] GC(62)   Pre Evacuate Collection Set: 0.2ms
[183.012s][info][gc,phases      ] GC(62)   Merge Heap Roots: 0.2ms
[183.012s][info][gc,phases      ] GC(62)   Evacuate Collection Set: 10.1ms
[183.012s][info][gc,phases      ] GC(62)   Post Evacuate Collection Set: 1.4ms
[183.012s][info][gc,phases      ] GC(62)   Other: 0.2ms
[183.012s][info][gc,heap        ] GC(62) Eden regions: 1120->0(1192)
[183.012s][info][gc,heap        ] GC(62) Survivor regions: 0->36(51)
[183.012s][info][gc,heap        ] GC(62) Old regions: 37->37
[183.012s][info][gc,heap        ] GC(62) Archive regions: 0->0
[183.012s][info][gc,heap        ] GC(62) Humongous regions: 840->3
[183.012s][info][gc,metaspace   ] GC(62) Metaspace: 129155K(131008K)->129155K(131008K) NonClass: 112717K(113344K)->112717K(113344K) Class: 16437K(17664K)->16437K(17664K)
[183.012s][info][gc             ] GC(62) Pause Young (Normal) (G1 Preventive Collection) 3987M->143M(4096M) 12.223ms
[183.012s][info][gc,cpu         ] GC(62) User=0.09s Sys=0.00s Real=0.02s
[186.079s][info][gc,start       ] GC(63) Pause Full (System.gc())
[186.079s][info][gc,task        ] GC(63) Using 6 workers of 6 for full compaction
[186.079s][info][gc,phases,start] GC(63) Phase 1: Mark live objects
[186.098s][info][gc,phases      ] GC(63) Phase 1: Mark live objects 18.440ms
[186.098s][info][gc,phases,start] GC(63) Phase 2: Prepare for compaction
[186.102s][info][gc,phases      ] GC(63) Phase 2: Prepare for compaction 4.114ms
[186.102s][info][gc,phases,start] GC(63) Phase 3: Adjust pointers
[186.116s][info][gc,phases      ] GC(63) Phase 3: Adjust pointers 13.896ms
[186.116s][info][gc,phases,start] GC(63) Phase 4: Compact heap
[186.118s][info][gc,phases      ] GC(63) Phase 4: Compact heap 2.637ms
[186.138s][info][gc,heap        ] GC(63) Eden regions: 382->0(1228)
[186.138s][info][gc,heap        ] GC(63) Survivor regions: 36->0(51)
[186.138s][info][gc,heap        ] GC(63) Old regions: 37->37
[186.138s][info][gc,heap        ] GC(63) Archive regions: 0->0
[186.138s][info][gc,heap        ] GC(63) Humongous regions: 169->3
[186.138s][info][gc,metaspace   ] GC(63) Metaspace: 129159K(131008K)->129159K(131008K) NonClass: 112721K(113344K)->112721K(113344K) Class: 16437K(17664K)->16437K(17664K)
[186.138s][info][gc             ] GC(63) Pause Full (System.gc()) 1237M->73M(4096M) 58.848ms
[186.138s][info][gc,cpu         ] GC(63) User=0.22s Sys=0.00s Real=0.06s
[189.671s][info][gc,start       ] GC(64) Pause Young (Normal) (G1 Preventive Collection)
[189.671s][info][gc,task        ] GC(64) Using 6 workers of 6 for evacuation
[189.682s][info][gc,phases      ] GC(64)   Pre Evacuate Collection Set: 0.2ms
[189.682s][info][gc,phases      ] GC(64)   Merge Heap Roots: 0.2ms
[189.682s][info][gc,phases      ] GC(64)   Evacuate Collection Set: 9.1ms
[189.682s][info][gc,phases      ] GC(64)   Post Evacuate Collection Set: 1.4ms
[189.682s][info][gc,phases      ] GC(64)   Other: 0.2ms
[189.682s][info][gc,heap        ] GC(64) Eden regions: 1121->0(1194)
[189.682s][info][gc,heap        ] GC(64) Survivor regions: 0->34(50)
[189.682s][info][gc,heap        ] GC(64) Old regions: 37->37
[189.682s][info][gc,heap        ] GC(64) Archive regions: 0->0
[189.682s][info][gc,heap        ] GC(64) Humongous regions: 840->3
[189.682s][info][gc,metaspace   ] GC(64) Metaspace: 129210K(131072K)->129210K(131072K) NonClass: 112773K(113408K)->112773K(113408K) Class: 16437K(17664K)->16437K(17664K)
[189.682s][info][gc             ] GC(64) Pause Young (Normal) (G1 Preventive Collection) 3989M->139M(4096M) 11.230ms
[189.682s][info][gc,cpu         ] GC(64) User=0.09s Sys=0.00s Real=0.01s
[192.754s][info][gc,start       ] GC(65) Pause Full (System.gc())
[192.754s][info][gc,task        ] GC(65) Using 6 workers of 6 for full compaction
[192.754s][info][gc,phases,start] GC(65) Phase 1: Mark live objects
[192.772s][info][gc,phases      ] GC(65) Phase 1: Mark live objects 17.981ms
[192.772s][info][gc,phases,start] GC(65) Phase 2: Prepare for compaction
[192.776s][info][gc,phases      ] GC(65) Phase 2: Prepare for compaction 4.142ms
[192.776s][info][gc,phases,start] GC(65) Phase 3: Adjust pointers
[192.790s][info][gc,phases      ] GC(65) Phase 3: Adjust pointers 13.484ms
[192.790s][info][gc,phases,start] GC(65) Phase 4: Compact heap
[192.793s][info][gc,phases      ] GC(65) Phase 4: Compact heap 3.267ms
[192.812s][info][gc,heap        ] GC(65) Eden regions: 381->0(1228)
[192.813s][info][gc,heap        ] GC(65) Survivor regions: 34->0(50)
[192.813s][info][gc,heap        ] GC(65) Old regions: 37->38
[192.813s][info][gc,heap        ] GC(65) Archive regions: 0->0
[192.813s][info][gc,heap        ] GC(65) Humongous regions: 169->3
[192.813s][info][gc,metaspace   ] GC(65) Metaspace: 129241K(131072K)->129241K(131072K) NonClass: 112800K(113408K)->112800K(113408K) Class: 16440K(17664K)->16440K(17664K)
[192.813s][info][gc             ] GC(65) Pause Full (System.gc()) 1233M->73M(4096M) 58.891ms
[192.813s][info][gc,cpu         ] GC(65) User=0.22s Sys=0.00s Real=0.05s
[196.289s][info][gc,start       ] GC(66) Pause Young (Normal) (G1 Preventive Collection)
[196.289s][info][gc,task        ] GC(66) Using 6 workers of 6 for evacuation
[196.300s][info][gc,phases      ] GC(66)   Pre Evacuate Collection Set: 0.2ms
[196.300s][info][gc,phases      ] GC(66)   Merge Heap Roots: 0.2ms
[196.300s][info][gc,phases      ] GC(66)   Evacuate Collection Set: 9.4ms
[196.300s][info][gc,phases      ] GC(66)   Post Evacuate Collection Set: 1.5ms
[196.300s][info][gc,phases      ] GC(66)   Other: 0.2ms
[196.300s][info][gc,heap        ] GC(66) Eden regions: 1121->0(1193)
[196.300s][info][gc,heap        ] GC(66) Survivor regions: 0->35(49)
[196.300s][info][gc,heap        ] GC(66) Old regions: 38->38
[196.300s][info][gc,heap        ] GC(66) Archive regions: 0->0
[196.300s][info][gc,heap        ] GC(66) Humongous regions: 840->3
[196.300s][info][gc,metaspace   ] GC(66) Metaspace: 129243K(131072K)->129243K(131072K) NonClass: 112802K(113408K)->112802K(113408K) Class: 16440K(17664K)->16440K(17664K)
[196.300s][info][gc             ] GC(66) Pause Young (Normal) (G1 Preventive Collection) 3989M->142M(4096M) 11.570ms
[196.300s][info][gc,cpu         ] GC(66) User=0.00s Sys=0.00s Real=0.01s
[199.325s][info][gc,start       ] GC(67) Pause Full (System.gc())
[199.325s][info][gc,task        ] GC(67) Using 6 workers of 6 for full compaction
[199.325s][info][gc,phases,start] GC(67) Phase 1: Mark live objects
[199.344s][info][gc,phases      ] GC(67) Phase 1: Mark live objects 19.443ms
[199.344s][info][gc,phases,start] GC(67) Phase 2: Prepare for compaction
[199.348s][info][gc,phases      ] GC(67) Phase 2: Prepare for compaction 3.898ms
[199.348s][info][gc,phases,start] GC(67) Phase 3: Adjust pointers
[199.362s][info][gc,phases      ] GC(67) Phase 3: Adjust pointers 13.949ms
[199.362s][info][gc,phases,start] GC(67) Phase 4: Compact heap
[199.365s][info][gc,phases      ] GC(67) Phase 4: Compact heap 2.403ms
[199.385s][info][gc,heap        ] GC(67) Eden regions: 380->0(1228)
[199.385s][info][gc,heap        ] GC(67) Survivor regions: 35->0(49)
[199.385s][info][gc,heap        ] GC(67) Old regions: 38->37
[199.385s][info][gc,heap        ] GC(67) Archive regions: 0->0
[199.385s][info][gc,heap        ] GC(67) Humongous regions: 169->3
[199.385s][info][gc,metaspace   ] GC(67) Metaspace: 129445K(131328K)->129445K(131328K) NonClass: 113005K(113664K)->113005K(113664K) Class: 16440K(17664K)->16440K(17664K)
[199.385s][info][gc             ] GC(67) Pause Full (System.gc()) 1232M->73M(4096M) 60.040ms
[199.385s][info][gc,cpu         ] GC(67) User=0.20s Sys=0.00s Real=0.06s
[202.841s][info][gc,start       ] GC(68) Pause Young (Normal) (G1 Preventive Collection)
[202.841s][info][gc,task        ] GC(68) Using 6 workers of 6 for evacuation
[202.853s][info][gc,phases      ] GC(68)   Pre Evacuate Collection Set: 0.2ms
[202.853s][info][gc,phases      ] GC(68)   Merge Heap Roots: 0.2ms
[202.853s][info][gc,phases      ] GC(68)   Evacuate Collection Set: 9.3ms
[202.853s][info][gc,phases      ] GC(68)   Post Evacuate Collection Set: 1.6ms
[202.853s][info][gc,phases      ] GC(68)   Other: 0.2ms
[202.853s][info][gc,heap        ] GC(68) Eden regions: 1122->0(1194)
[202.853s][info][gc,heap        ] GC(68) Survivor regions: 0->34(49)
[202.853s][info][gc,heap        ] GC(68) Old regions: 37->37
[202.853s][info][gc,heap        ] GC(68) Archive regions: 0->0
[202.853s][info][gc,heap        ] GC(68) Humongous regions: 840->3
[202.853s][info][gc,metaspace   ] GC(68) Metaspace: 129487K(131328K)->129487K(131328K) NonClass: 113046K(113664K)->113046K(113664K) Class: 16440K(17664K)->16440K(17664K)
[202.853s][info][gc             ] GC(68) Pause Young (Normal) (G1 Preventive Collection) 3991M->140M(4096M) 11.569ms
[202.853s][info][gc,cpu         ] GC(68) User=0.09s Sys=0.00s Real=0.01s
[205.850s][info][gc,start       ] GC(69) Pause Full (System.gc())
[205.850s][info][gc,task        ] GC(69) Using 6 workers of 6 for full compaction
[205.850s][info][gc,phases,start] GC(69) Phase 1: Mark live objects
[205.868s][info][gc,phases      ] GC(69) Phase 1: Mark live objects 17.974ms
[205.868s][info][gc,phases,start] GC(69) Phase 2: Prepare for compaction
[205.873s][info][gc,phases      ] GC(69) Phase 2: Prepare for compaction 4.114ms
[205.873s][info][gc,phases,start] GC(69) Phase 3: Adjust pointers
[205.886s][info][gc,phases      ] GC(69) Phase 3: Adjust pointers 13.843ms
[205.887s][info][gc,phases,start] GC(69) Phase 4: Compact heap
[205.889s][info][gc,phases      ] GC(69) Phase 4: Compact heap 2.631ms
[205.914s][info][gc,heap        ] GC(69) Eden regions: 379->0(1228)
[205.914s][info][gc,heap        ] GC(69) Survivor regions: 34->0(49)
[205.914s][info][gc,heap        ] GC(69) Old regions: 37->38
[205.914s][info][gc,heap        ] GC(69) Archive regions: 0->0
[205.914s][info][gc,heap        ] GC(69) Humongous regions: 169->3
[205.914s][info][gc,metaspace   ] GC(69) Metaspace: 129518K(131392K)->129518K(131392K) NonClass: 113077K(113728K)->113077K(113728K) Class: 16440K(17664K)->16440K(17664K)
[205.914s][info][gc             ] GC(69) Pause Full (System.gc()) 1229M->73M(4096M) 63.677ms
[205.914s][info][gc,cpu         ] GC(69) User=0.14s Sys=0.00s Real=0.06s
[209.507s][info][gc,start       ] GC(70) Pause Young (Normal) (G1 Preventive Collection)
[209.507s][info][gc,task        ] GC(70) Using 6 workers of 6 for evacuation
[209.519s][info][gc,phases      ] GC(70)   Pre Evacuate Collection Set: 0.2ms
[209.519s][info][gc,phases      ] GC(70)   Merge Heap Roots: 0.2ms
[209.519s][info][gc,phases      ] GC(70)   Evacuate Collection Set: 9.1ms
[209.519s][info][gc,phases      ] GC(70)   Post Evacuate Collection Set: 2.0ms
[209.519s][info][gc,phases      ] GC(70)   Other: 0.2ms
[209.519s][info][gc,heap        ] GC(70) Eden regions: 1122->0(1195)
[209.519s][info][gc,heap        ] GC(70) Survivor regions: 0->33(48)
[209.519s][info][gc,heap        ] GC(70) Old regions: 38->38
[209.519s][info][gc,heap        ] GC(70) Archive regions: 0->0
[209.519s][info][gc,heap        ] GC(70) Humongous regions: 840->3
[209.519s][info][gc,metaspace   ] GC(70) Metaspace: 129563K(131392K)->129563K(131392K) NonClass: 113122K(113728K)->113122K(113728K) Class: 16440K(17664K)->16440K(17664K)
[209.519s][info][gc             ] GC(70) Pause Young (Normal) (G1 Preventive Collection) 3991M->137M(4096M) 11.843ms
[209.519s][info][gc,cpu         ] GC(70) User=0.00s Sys=0.00s Real=0.01s
[212.694s][info][gc,start       ] GC(71) Pause Full (System.gc())
[212.694s][info][gc,task        ] GC(71) Using 6 workers of 6 for full compaction
[212.695s][info][gc,phases,start] GC(71) Phase 1: Mark live objects
[212.713s][info][gc,phases      ] GC(71) Phase 1: Mark live objects 18.401ms
[212.713s][info][gc,phases,start] GC(71) Phase 2: Prepare for compaction
[212.722s][info][gc,phases      ] GC(71) Phase 2: Prepare for compaction 9.006ms
[212.722s][info][gc,phases,start] GC(71) Phase 3: Adjust pointers
[212.736s][info][gc,phases      ] GC(71) Phase 3: Adjust pointers 14.303ms
[212.737s][info][gc,phases,start] GC(71) Phase 4: Compact heap
[212.740s][info][gc,phases      ] GC(71) Phase 4: Compact heap 3.798ms
[212.761s][info][gc,heap        ] GC(71) Eden regions: 380->0(1228)
[212.761s][info][gc,heap        ] GC(71) Survivor regions: 33->0(48)
[212.761s][info][gc,heap        ] GC(71) Old regions: 38->37
[212.761s][info][gc,heap        ] GC(71) Archive regions: 0->0
[212.761s][info][gc,heap        ] GC(71) Humongous regions: 169->3
[212.761s][info][gc,metaspace   ] GC(71) Metaspace: 129577K(131456K)->129577K(131456K) NonClass: 113136K(113792K)->113136K(113792K) Class: 16440K(17664K)->16440K(17664K)
[212.761s][info][gc             ] GC(71) Pause Full (System.gc()) 1228M->74M(4096M) 66.606ms
[212.761s][info][gc,cpu         ] GC(71) User=0.19s Sys=0.03s Real=0.07s
[216.503s][info][gc,start       ] GC(72) Pause Young (Normal) (G1 Preventive Collection)
[216.503s][info][gc,task        ] GC(72) Using 6 workers of 6 for evacuation
[216.516s][info][gc,phases      ] GC(72)   Pre Evacuate Collection Set: 0.2ms
[216.516s][info][gc,phases      ] GC(72)   Merge Heap Roots: 0.2ms
[216.516s][info][gc,phases      ] GC(72)   Evacuate Collection Set: 9.5ms
[216.516s][info][gc,phases      ] GC(72)   Post Evacuate Collection Set: 2.9ms
[216.516s][info][gc,phases      ] GC(72)   Other: 0.2ms
[216.516s][info][gc,heap        ] GC(72) Eden regions: 1123->0(1197)
[216.516s][info][gc,heap        ] GC(72) Survivor regions: 0->31(48)
[216.516s][info][gc,heap        ] GC(72) Old regions: 37->37
[216.516s][info][gc,heap        ] GC(72) Archive regions: 0->0
[216.516s][info][gc,heap        ] GC(72) Humongous regions: 840->3
[216.516s][info][gc,metaspace   ] GC(72) Metaspace: 129595K(131456K)->129595K(131456K) NonClass: 113153K(113792K)->113153K(113792K) Class: 16442K(17664K)->16442K(17664K)
[216.516s][info][gc             ] GC(72) Pause Young (Normal) (G1 Preventive Collection) 3994M->134M(4096M) 13.115ms
[216.516s][info][gc,cpu         ] GC(72) User=0.05s Sys=0.05s Real=0.01s
[219.538s][info][gc,start       ] GC(73) Pause Full (System.gc())
[219.538s][info][gc,task        ] GC(73) Using 6 workers of 6 for full compaction
[219.538s][info][gc,phases,start] GC(73) Phase 1: Mark live objects
[219.556s][info][gc,phases      ] GC(73) Phase 1: Mark live objects 17.598ms
[219.556s][info][gc,phases,start] GC(73) Phase 2: Prepare for compaction
[219.560s][info][gc,phases      ] GC(73) Phase 2: Prepare for compaction 4.541ms
[219.561s][info][gc,phases,start] GC(73) Phase 3: Adjust pointers
[219.575s][info][gc,phases      ] GC(73) Phase 3: Adjust pointers 14.638ms
[219.575s][info][gc,phases,start] GC(73) Phase 4: Compact heap
[219.578s][info][gc,phases      ] GC(73) Phase 4: Compact heap 3.153ms
[219.599s][info][gc,heap        ] GC(73) Eden regions: 378->0(1228)
[219.599s][info][gc,heap        ] GC(73) Survivor regions: 31->0(48)
[219.599s][info][gc,heap        ] GC(73) Old regions: 37->37
[219.599s][info][gc,heap        ] GC(73) Archive regions: 0->0
[219.599s][info][gc,heap        ] GC(73) Humongous regions: 169->3
[219.599s][info][gc,metaspace   ] GC(73) Metaspace: 129652K(131520K)->129652K(131520K) NonClass: 113210K(113856K)->113210K(113856K) Class: 16442K(17664K)->16442K(17664K)
[219.599s][info][gc             ] GC(73) Pause Full (System.gc()) 1222M->74M(4096M) 61.398ms
[219.599s][info][gc,cpu         ] GC(73) User=0.12s Sys=0.06s Real=0.06s
[223.093s][info][gc,start       ] GC(74) Pause Young (Normal) (G1 Preventive Collection)
[223.093s][info][gc,task        ] GC(74) Using 6 workers of 6 for evacuation
[223.108s][info][gc,phases      ] GC(74)   Pre Evacuate Collection Set: 0.2ms
[223.108s][info][gc,phases      ] GC(74)   Merge Heap Roots: 0.2ms
[223.108s][info][gc,phases      ] GC(74)   Evacuate Collection Set: 13.3ms
[223.108s][info][gc,phases      ] GC(74)   Post Evacuate Collection Set: 1.4ms
[223.108s][info][gc,phases      ] GC(74)   Other: 0.2ms
[223.108s][info][gc,heap        ] GC(74) Eden regions: 1124->0(1193)
[223.108s][info][gc,heap        ] GC(74) Survivor regions: 0->35(47)
[223.108s][info][gc,heap        ] GC(74) Old regions: 37->37
[223.108s][info][gc,heap        ] GC(74) Archive regions: 0->0
[223.108s][info][gc,heap        ] GC(74) Humongous regions: 840->3
[223.108s][info][gc,metaspace   ] GC(74) Metaspace: 129666K(131520K)->129666K(131520K) NonClass: 113224K(113856K)->113224K(113856K) Class: 16442K(17664K)->16442K(17664K)
[223.108s][info][gc             ] GC(74) Pause Young (Normal) (G1 Preventive Collection) 3996M->142M(4096M) 15.301ms
[223.108s][info][gc,cpu         ] GC(74) User=0.06s Sys=0.02s Real=0.01s
[226.123s][info][gc,start       ] GC(75) Pause Full (System.gc())
[226.123s][info][gc,task        ] GC(75) Using 6 workers of 6 for full compaction
[226.123s][info][gc,phases,start] GC(75) Phase 1: Mark live objects
[226.142s][info][gc,phases      ] GC(75) Phase 1: Mark live objects 19.020ms
[226.143s][info][gc,phases,start] GC(75) Phase 2: Prepare for compaction
[226.147s][info][gc,phases      ] GC(75) Phase 2: Prepare for compaction 4.041ms
[226.147s][info][gc,phases,start] GC(75) Phase 3: Adjust pointers
[226.161s][info][gc,phases      ] GC(75) Phase 3: Adjust pointers 14.056ms
[226.161s][info][gc,phases,start] GC(75) Phase 4: Compact heap
[226.163s][info][gc,phases      ] GC(75) Phase 4: Compact heap 2.454ms
[226.183s][info][gc,heap        ] GC(75) Eden regions: 378->0(1228)
[226.183s][info][gc,heap        ] GC(75) Survivor regions: 35->0(47)
[226.183s][info][gc,heap        ] GC(75) Old regions: 37->38
[226.183s][info][gc,heap        ] GC(75) Archive regions: 0->0
[226.183s][info][gc,heap        ] GC(75) Humongous regions: 169->3
[226.183s][info][gc,metaspace   ] GC(75) Metaspace: 129674K(131520K)->129674K(131520K) NonClass: 113232K(113856K)->113232K(113856K) Class: 16442K(17664K)->16442K(17664K)
[226.183s][info][gc             ] GC(75) Pause Full (System.gc()) 1230M->74M(4096M) 60.228ms
[226.183s][info][gc,cpu         ] GC(75) User=0.20s Sys=0.00s Real=0.06s
[229.668s][info][gc,start       ] GC(76) Pause Young (Normal) (G1 Preventive Collection)
[229.668s][info][gc,task        ] GC(76) Using 6 workers of 6 for evacuation
[229.680s][info][gc,phases      ] GC(76)   Pre Evacuate Collection Set: 0.2ms
[229.680s][info][gc,phases      ] GC(76)   Merge Heap Roots: 0.2ms
[229.680s][info][gc,phases      ] GC(76)   Evacuate Collection Set: 9.7ms
[229.680s][info][gc,phases      ] GC(76)   Post Evacuate Collection Set: 1.6ms
[229.680s][info][gc,phases      ] GC(76)   Other: 0.2ms
[229.680s][info][gc,heap        ] GC(76) Eden regions: 1123->0(1193)
[229.680s][info][gc,heap        ] GC(76) Survivor regions: 0->35(47)
[229.680s][info][gc,heap        ] GC(76) Old regions: 38->38
[229.680s][info][gc,heap        ] GC(76) Archive regions: 0->0
[229.680s][info][gc,heap        ] GC(76) Humongous regions: 840->3
[229.680s][info][gc,metaspace   ] GC(76) Metaspace: 129741K(131584K)->129741K(131584K) NonClass: 113299K(113920K)->113299K(113920K) Class: 16442K(17664K)->16442K(17664K)
[229.680s][info][gc             ] GC(76) Pause Young (Normal) (G1 Preventive Collection) 3994M->142M(4096M) 11.919ms
[229.680s][info][gc,cpu         ] GC(76) User=0.09s Sys=0.00s Real=0.01s
[232.736s][info][gc,start       ] GC(77) Pause Full (System.gc())
[232.736s][info][gc,task        ] GC(77) Using 6 workers of 6 for full compaction
[232.736s][info][gc,phases,start] GC(77) Phase 1: Mark live objects
[232.756s][info][gc,phases      ] GC(77) Phase 1: Mark live objects 19.868ms
[232.756s][info][gc,phases,start] GC(77) Phase 2: Prepare for compaction
[232.761s][info][gc,phases      ] GC(77) Phase 2: Prepare for compaction 4.490ms
[232.761s][info][gc,phases,start] GC(77) Phase 3: Adjust pointers
[232.775s][info][gc,phases      ] GC(77) Phase 3: Adjust pointers 14.024ms
[232.775s][info][gc,phases,start] GC(77) Phase 4: Compact heap
[232.777s][info][gc,phases      ] GC(77) Phase 4: Compact heap 2.358ms
[232.797s][info][gc,heap        ] GC(77) Eden regions: 379->0(1228)
[232.797s][info][gc,heap        ] GC(77) Survivor regions: 35->0(47)
[232.797s][info][gc,heap        ] GC(77) Old regions: 38->38
[232.797s][info][gc,heap        ] GC(77) Archive regions: 0->0
[232.797s][info][gc,heap        ] GC(77) Humongous regions: 169->3
[232.797s][info][gc,metaspace   ] GC(77) Metaspace: 129788K(131648K)->129788K(131648K) NonClass: 113346K(113984K)->113346K(113984K) Class: 16442K(17664K)->16442K(17664K)
[232.797s][info][gc             ] GC(77) Pause Full (System.gc()) 1232M->74M(4096M) 60.955ms
[232.797s][info][gc,cpu         ] GC(77) User=0.11s Sys=0.02s Real=0.05s
[236.251s][info][gc,start       ] GC(78) Pause Young (Normal) (G1 Preventive Collection)
[236.251s][info][gc,task        ] GC(78) Using 6 workers of 6 for evacuation
[236.263s][info][gc,phases      ] GC(78)   Pre Evacuate Collection Set: 0.2ms
[236.263s][info][gc,phases      ] GC(78)   Merge Heap Roots: 0.2ms
[236.264s][info][gc,phases      ] GC(78)   Evacuate Collection Set: 10.0ms
[236.264s][info][gc,phases      ] GC(78)   Post Evacuate Collection Set: 1.9ms
[236.264s][info][gc,phases      ] GC(78)   Other: 0.2ms
[236.264s][info][gc,heap        ] GC(78) Eden regions: 1123->0(1194)
[236.264s][info][gc,heap        ] GC(78) Survivor regions: 0->34(47)
[236.264s][info][gc,heap        ] GC(78) Old regions: 38->38
[236.264s][info][gc,heap        ] GC(78) Archive regions: 0->0
[236.264s][info][gc,heap        ] GC(78) Humongous regions: 840->3
[236.264s][info][gc,metaspace   ] GC(78) Metaspace: 129798K(131648K)->129798K(131648K) NonClass: 113356K(113984K)->113356K(113984K) Class: 16442K(17664K)->16442K(17664K)
[236.264s][info][gc             ] GC(78) Pause Young (Normal) (G1 Preventive Collection) 3994M->141M(4096M) 12.592ms
[236.264s][info][gc,cpu         ] GC(78) User=0.08s Sys=0.02s Real=0.01s
[239.283s][info][gc,start       ] GC(79) Pause Full (System.gc())
[239.283s][info][gc,task        ] GC(79) Using 6 workers of 6 for full compaction
[239.284s][info][gc,phases,start] GC(79) Phase 1: Mark live objects
[239.303s][info][gc,phases      ] GC(79) Phase 1: Mark live objects 19.844ms
[239.303s][info][gc,phases,start] GC(79) Phase 2: Prepare for compaction
[239.307s][info][gc,phases      ] GC(79) Phase 2: Prepare for compaction 3.963ms
[239.307s][info][gc,phases,start] GC(79) Phase 3: Adjust pointers
[239.322s][info][gc,phases      ] GC(79) Phase 3: Adjust pointers 14.111ms
[239.322s][info][gc,phases,start] GC(79) Phase 4: Compact heap
[239.324s][info][gc,phases      ] GC(79) Phase 4: Compact heap 2.356ms
[239.344s][info][gc,heap        ] GC(79) Eden regions: 378->0(1228)
[239.344s][info][gc,heap        ] GC(79) Survivor regions: 34->0(47)
[239.344s][info][gc,heap        ] GC(79) Old regions: 38->37
[239.344s][info][gc,heap        ] GC(79) Archive regions: 0->0
[239.344s][info][gc,heap        ] GC(79) Humongous regions: 169->3
[239.344s][info][gc,metaspace   ] GC(79) Metaspace: 129800K(131648K)->129800K(131648K) NonClass: 113357K(113984K)->113357K(113984K) Class: 16442K(17664K)->16442K(17664K)
[239.344s][info][gc             ] GC(79) Pause Full (System.gc()) 1228M->74M(4096M) 60.661ms
[239.344s][info][gc,cpu         ] GC(79) User=0.19s Sys=0.00s Real=0.06s
[242.800s][info][gc,start       ] GC(80) Pause Young (Normal) (G1 Preventive Collection)
[242.800s][info][gc,task        ] GC(80) Using 6 workers of 6 for evacuation
[242.811s][info][gc,phases      ] GC(80)   Pre Evacuate Collection Set: 0.2ms
[242.811s][info][gc,phases      ] GC(80)   Merge Heap Roots: 0.2ms
[242.811s][info][gc,phases      ] GC(80)   Evacuate Collection Set: 9.4ms
[242.811s][info][gc,phases      ] GC(80)   Post Evacuate Collection Set: 1.6ms
[242.811s][info][gc,phases      ] GC(80)   Other: 0.2ms
[242.811s][info][gc,heap        ] GC(80) Eden regions: 1123->0(1194)
[242.811s][info][gc,heap        ] GC(80) Survivor regions: 0->34(48)
[242.811s][info][gc,heap        ] GC(80) Old regions: 37->37
[242.811s][info][gc,heap        ] GC(80) Archive regions: 0->0
[242.811s][info][gc,heap        ] GC(80) Humongous regions: 840->3
[242.811s][info][gc,metaspace   ] GC(80) Metaspace: 129807K(131648K)->129807K(131648K) NonClass: 113365K(113984K)->113365K(113984K) Class: 16442K(17664K)->16442K(17664K)
[242.811s][info][gc             ] GC(80) Pause Young (Normal) (G1 Preventive Collection) 3994M->142M(4096M) 11.647ms
[242.811s][info][gc,cpu         ] GC(80) User=0.09s Sys=0.00s Real=0.01s
[245.839s][info][gc,start       ] GC(81) Pause Full (System.gc())
[245.839s][info][gc,task        ] GC(81) Using 6 workers of 6 for full compaction
[245.840s][info][gc,phases,start] GC(81) Phase 1: Mark live objects
[245.858s][info][gc,phases      ] GC(81) Phase 1: Mark live objects 18.456ms
[245.858s][info][gc,phases,start] GC(81) Phase 2: Prepare for compaction
[245.862s][info][gc,phases      ] GC(81) Phase 2: Prepare for compaction 4.167ms
[245.863s][info][gc,phases,start] GC(81) Phase 3: Adjust pointers
[245.877s][info][gc,phases      ] GC(81) Phase 3: Adjust pointers 14.784ms
[245.877s][info][gc,phases,start] GC(81) Phase 4: Compact heap
[245.880s][info][gc,phases      ] GC(81) Phase 4: Compact heap 2.674ms
[245.900s][info][gc,heap        ] GC(81) Eden regions: 378->0(1228)
[245.900s][info][gc,heap        ] GC(81) Survivor regions: 34->0(48)
[245.900s][info][gc,heap        ] GC(81) Old regions: 37->39
[245.900s][info][gc,heap        ] GC(81) Archive regions: 0->0
[245.900s][info][gc,heap        ] GC(81) Humongous regions: 169->3
[245.900s][info][gc,metaspace   ] GC(81) Metaspace: 129825K(131648K)->129825K(131648K) NonClass: 113383K(113984K)->113383K(113984K) Class: 16442K(17664K)->16442K(17664K)
[245.900s][info][gc             ] GC(81) Pause Full (System.gc()) 1228M->74M(4096M) 60.876ms
[245.900s][info][gc,cpu         ] GC(81) User=0.28s Sys=0.00s Real=0.05s
[249.370s][info][gc,start       ] GC(82) Pause Young (Normal) (G1 Preventive Collection)
[249.370s][info][gc,task        ] GC(82) Using 6 workers of 6 for evacuation
[249.381s][info][gc,phases      ] GC(82)   Pre Evacuate Collection Set: 0.2ms
[249.381s][info][gc,phases      ] GC(82)   Merge Heap Roots: 0.2ms
[249.381s][info][gc,phases      ] GC(82)   Evacuate Collection Set: 9.2ms
[249.381s][info][gc,phases      ] GC(82)   Post Evacuate Collection Set: 1.4ms
[249.381s][info][gc,phases      ] GC(82)   Other: 0.2ms
[249.381s][info][gc,heap        ] GC(82) Eden regions: 1122->0(1195)
[249.381s][info][gc,heap        ] GC(82) Survivor regions: 0->33(47)
[249.381s][info][gc,heap        ] GC(82) Old regions: 39->39
[249.381s][info][gc,heap        ] GC(82) Archive regions: 0->0
[249.381s][info][gc,heap        ] GC(82) Humongous regions: 840->3
[249.381s][info][gc,metaspace   ] GC(82) Metaspace: 129846K(131712K)->129846K(131712K) NonClass: 113404K(114048K)->113404K(114048K) Class: 16442K(17664K)->16442K(17664K)
[249.381s][info][gc             ] GC(82) Pause Young (Normal) (G1 Preventive Collection) 3992M->139M(4096M) 11.270ms
[249.381s][info][gc,cpu         ] GC(82) User=0.00s Sys=0.00s Real=0.01s
[252.395s][info][gc,start       ] GC(83) Pause Full (System.gc())
[252.395s][info][gc,task        ] GC(83) Using 6 workers of 6 for full compaction
[252.396s][info][gc,phases,start] GC(83) Phase 1: Mark live objects
[252.414s][info][gc,phases      ] GC(83) Phase 1: Mark live objects 18.279ms
[252.414s][info][gc,phases,start] GC(83) Phase 2: Prepare for compaction
[252.418s][info][gc,phases      ] GC(83) Phase 2: Prepare for compaction 4.202ms
[252.418s][info][gc,phases,start] GC(83) Phase 3: Adjust pointers
[252.433s][info][gc,phases      ] GC(83) Phase 3: Adjust pointers 14.226ms
[252.433s][info][gc,phases,start] GC(83) Phase 4: Compact heap
[252.435s][info][gc,phases      ] GC(83) Phase 4: Compact heap 2.676ms
[252.456s][info][gc,heap        ] GC(83) Eden regions: 381->0(1228)
[252.456s][info][gc,heap        ] GC(83) Survivor regions: 33->0(47)
[252.456s][info][gc,heap        ] GC(83) Old regions: 39->38
[252.456s][info][gc,heap        ] GC(83) Archive regions: 0->0
[252.456s][info][gc,heap        ] GC(83) Humongous regions: 169->3
[252.456s][info][gc,metaspace   ] GC(83) Metaspace: 129853K(131712K)->129853K(131712K) NonClass: 113411K(114048K)->113411K(114048K) Class: 16442K(17664K)->16442K(17664K)
[252.456s][info][gc             ] GC(83) Pause Full (System.gc()) 1232M->75M(4096M) 60.384ms
[252.456s][info][gc,cpu         ] GC(83) User=0.20s Sys=0.02s Real=0.05s
[255.915s][info][gc,start       ] GC(84) Pause Young (Normal) (G1 Preventive Collection)
[255.915s][info][gc,task        ] GC(84) Using 6 workers of 6 for evacuation
[255.926s][info][gc,phases      ] GC(84)   Pre Evacuate Collection Set: 0.2ms
[255.926s][info][gc,phases      ] GC(84)   Merge Heap Roots: 0.2ms
[255.926s][info][gc,phases      ] GC(84)   Evacuate Collection Set: 9.3ms
[255.926s][info][gc,phases      ] GC(84)   Post Evacuate Collection Set: 1.5ms
[255.926s][info][gc,phases      ] GC(84)   Other: 0.2ms
[255.926s][info][gc,heap        ] GC(84) Eden regions: 1123->0(1194)
[255.926s][info][gc,heap        ] GC(84) Survivor regions: 0->34(47)
[255.926s][info][gc,heap        ] GC(84) Old regions: 38->38
[255.926s][info][gc,heap        ] GC(84) Archive regions: 0->0
[255.926s][info][gc,heap        ] GC(84) Humongous regions: 840->3
[255.926s][info][gc,metaspace   ] GC(84) Metaspace: 129871K(131712K)->129871K(131712K) NonClass: 113429K(114048K)->113429K(114048K) Class: 16442K(17664K)->16442K(17664K)
[255.926s][info][gc             ] GC(84) Pause Young (Normal) (G1 Preventive Collection) 3995M->142M(4096M) 11.435ms
[255.926s][info][gc,cpu         ] GC(84) User=0.00s Sys=0.00s Real=0.01s
[258.925s][info][gc,start       ] GC(85) Pause Full (System.gc())
[258.925s][info][gc,task        ] GC(85) Using 6 workers of 6 for full compaction
[258.925s][info][gc,phases,start] GC(85) Phase 1: Mark live objects
[258.944s][info][gc,phases      ] GC(85) Phase 1: Mark live objects 18.770ms
[258.944s][info][gc,phases,start] GC(85) Phase 2: Prepare for compaction
[258.949s][info][gc,phases      ] GC(85) Phase 2: Prepare for compaction 4.739ms
[258.949s][info][gc,phases,start] GC(85) Phase 3: Adjust pointers
[258.964s][info][gc,phases      ] GC(85) Phase 3: Adjust pointers 14.951ms
[258.964s][info][gc,phases,start] GC(85) Phase 4: Compact heap
[258.967s][info][gc,phases      ] GC(85) Phase 4: Compact heap 3.160ms
[258.988s][info][gc,heap        ] GC(85) Eden regions: 379->0(1228)
[258.988s][info][gc,heap        ] GC(85) Survivor regions: 34->0(47)
[258.988s][info][gc,heap        ] GC(85) Old regions: 38->38
[258.988s][info][gc,heap        ] GC(85) Archive regions: 0->0
[258.988s][info][gc,heap        ] GC(85) Humongous regions: 169->3
[258.988s][info][gc,metaspace   ] GC(85) Metaspace: 129876K(131712K)->129876K(131712K) NonClass: 113434K(114048K)->113434K(114048K) Class: 16442K(17664K)->16442K(17664K)
[258.988s][info][gc             ] GC(85) Pause Full (System.gc()) 1231M->74M(4096M) 63.032ms
[258.988s][info][gc,cpu         ] GC(85) User=0.28s Sys=0.00s Real=0.06s
[262.423s][info][gc,start       ] GC(86) Pause Young (Normal) (G1 Preventive Collection)
[262.423s][info][gc,task        ] GC(86) Using 6 workers of 6 for evacuation
[262.434s][info][gc,phases      ] GC(86)   Pre Evacuate Collection Set: 0.2ms
[262.434s][info][gc,phases      ] GC(86)   Merge Heap Roots: 0.2ms
[262.434s][info][gc,phases      ] GC(86)   Evacuate Collection Set: 9.2ms
[262.434s][info][gc,phases      ] GC(86)   Post Evacuate Collection Set: 1.5ms
[262.434s][info][gc,phases      ] GC(86)   Other: 0.2ms
[262.434s][info][gc,heap        ] GC(86) Eden regions: 1123->0(1193)
[262.434s][info][gc,heap        ] GC(86) Survivor regions: 0->35(47)
[262.434s][info][gc,heap        ] GC(86) Old regions: 38->38
[262.434s][info][gc,heap        ] GC(86) Archive regions: 0->0
[262.434s][info][gc,heap        ] GC(86) Humongous regions: 840->3
[262.434s][info][gc,metaspace   ] GC(86) Metaspace: 129965K(131776K)->129965K(131776K) NonClass: 113523K(114112K)->113523K(114112K) Class: 16442K(17664K)->16442K(17664K)
[262.434s][info][gc             ] GC(86) Pause Young (Normal) (G1 Preventive Collection) 3994M->144M(4096M) 11.420ms
[262.434s][info][gc,cpu         ] GC(86) User=0.09s Sys=0.00s Real=0.01s
[265.444s][info][gc,start       ] GC(87) Pause Full (System.gc())
[265.444s][info][gc,task        ] GC(87) Using 6 workers of 6 for full compaction
[265.444s][info][gc,phases,start] GC(87) Phase 1: Mark live objects
[265.463s][info][gc,phases      ] GC(87) Phase 1: Mark live objects 18.900ms
[265.463s][info][gc,phases,start] GC(87) Phase 2: Prepare for compaction
[265.468s][info][gc,phases      ] GC(87) Phase 2: Prepare for compaction 4.927ms
[265.468s][info][gc,phases,start] GC(87) Phase 3: Adjust pointers
[265.482s][info][gc,phases      ] GC(87) Phase 3: Adjust pointers 14.144ms
[265.482s][info][gc,phases,start] GC(87) Phase 4: Compact heap
[265.485s][info][gc,phases      ] GC(87) Phase 4: Compact heap 2.222ms
[265.504s][info][gc,heap        ] GC(87) Eden regions: 378->0(1228)
[265.504s][info][gc,heap        ] GC(87) Survivor regions: 35->0(47)
[265.504s][info][gc,heap        ] GC(87) Old regions: 38->38
[265.504s][info][gc,heap        ] GC(87) Archive regions: 0->0
[265.504s][info][gc,heap        ] GC(87) Humongous regions: 169->3
[265.505s][info][gc,metaspace   ] GC(87) Metaspace: 129991K(131840K)->129991K(131840K) NonClass: 113549K(114176K)->113549K(114176K) Class: 16442K(17664K)->16442K(17664K)
[265.505s][info][gc             ] GC(87) Pause Full (System.gc()) 1232M->75M(4096M) 60.676ms
[265.505s][info][gc,cpu         ] GC(87) User=0.20s Sys=0.00s Real=0.05s
[268.944s][info][gc,start       ] GC(88) Pause Young (Normal) (G1 Preventive Collection)
[268.944s][info][gc,task        ] GC(88) Using 6 workers of 6 for evacuation
[268.956s][info][gc,phases      ] GC(88)   Pre Evacuate Collection Set: 0.2ms
[268.956s][info][gc,phases      ] GC(88)   Merge Heap Roots: 0.2ms
[268.956s][info][gc,phases      ] GC(88)   Evacuate Collection Set: 9.6ms
[268.956s][info][gc,phases      ] GC(88)   Post Evacuate Collection Set: 1.5ms
[268.956s][info][gc,phases      ] GC(88)   Other: 0.2ms
[268.956s][info][gc,heap        ] GC(88) Eden regions: 1123->0(1194)
[268.956s][info][gc,heap        ] GC(88) Survivor regions: 0->34(47)
[268.956s][info][gc,heap        ] GC(88) Old regions: 38->38
[268.956s][info][gc,heap        ] GC(88) Archive regions: 0->0
[268.956s][info][gc,heap        ] GC(88) Humongous regions: 840->3
[268.956s][info][gc,metaspace   ] GC(88) Metaspace: 130017K(131840K)->130017K(131840K) NonClass: 113575K(114176K)->113575K(114176K) Class: 16442K(17664K)->16442K(17664K)
[268.956s][info][gc             ] GC(88) Pause Young (Normal) (G1 Preventive Collection) 3995M->141M(4096M) 11.727ms
[268.956s][info][gc,cpu         ] GC(88) User=0.00s Sys=0.00s Real=0.01s
[271.976s][info][gc,start       ] GC(89) Pause Full (System.gc())
[271.976s][info][gc,task        ] GC(89) Using 6 workers of 6 for full compaction
[271.976s][info][gc,phases,start] GC(89) Phase 1: Mark live objects
[271.995s][info][gc,phases      ] GC(89) Phase 1: Mark live objects 19.176ms
[271.995s][info][gc,phases,start] GC(89) Phase 2: Prepare for compaction
[272.000s][info][gc,phases      ] GC(89) Phase 2: Prepare for compaction 4.627ms
[272.000s][info][gc,phases,start] GC(89) Phase 3: Adjust pointers
[272.015s][info][gc,phases      ] GC(89) Phase 3: Adjust pointers 14.619ms
[272.015s][info][gc,phases,start] GC(89) Phase 4: Compact heap
[272.018s][info][gc,phases      ] GC(89) Phase 4: Compact heap 3.060ms
[272.039s][info][gc,heap        ] GC(89) Eden regions: 379->0(1228)
[272.039s][info][gc,heap        ] GC(89) Survivor regions: 34->0(47)
[272.039s][info][gc,heap        ] GC(89) Old regions: 38->39
[272.039s][info][gc,heap        ] GC(89) Archive regions: 0->0
[272.039s][info][gc,heap        ] GC(89) Humongous regions: 169->3
[272.039s][info][gc,metaspace   ] GC(89) Metaspace: 130021K(131840K)->130021K(131840K) NonClass: 113579K(114176K)->113579K(114176K) Class: 16442K(17664K)->16442K(17664K)
[272.039s][info][gc             ] GC(89) Pause Full (System.gc()) 1230M->74M(4096M) 62.859ms
[272.039s][info][gc,cpu         ] GC(89) User=0.23s Sys=0.00s Real=0.06s
[275.516s][info][gc,start       ] GC(90) Pause Young (Normal) (G1 Preventive Collection)
[275.516s][info][gc,task        ] GC(90) Using 6 workers of 6 for evacuation
[275.527s][info][gc,phases      ] GC(90)   Pre Evacuate Collection Set: 0.2ms
[275.527s][info][gc,phases      ] GC(90)   Merge Heap Roots: 0.2ms
[275.527s][info][gc,phases      ] GC(90)   Evacuate Collection Set: 9.1ms
[275.527s][info][gc,phases      ] GC(90)   Post Evacuate Collection Set: 1.5ms
[275.527s][info][gc,phases      ] GC(90)   Other: 0.2ms
[275.527s][info][gc,heap        ] GC(90) Eden regions: 1123->0(1195)
[275.527s][info][gc,heap        ] GC(90) Survivor regions: 0->33(46)
[275.527s][info][gc,heap        ] GC(90) Old regions: 39->39
[275.527s][info][gc,heap        ] GC(90) Archive regions: 0->0
[275.527s][info][gc,heap        ] GC(90) Humongous regions: 840->3
[275.527s][info][gc,metaspace   ] GC(90) Metaspace: 130053K(131904K)->130053K(131904K) NonClass: 113611K(114240K)->113611K(114240K) Class: 16442K(17664K)->16442K(17664K)
[275.527s][info][gc             ] GC(90) Pause Young (Normal) (G1 Preventive Collection) 3994M->140M(4096M) 11.319ms
[275.527s][info][gc,cpu         ] GC(90) User=0.09s Sys=0.00s Real=0.01s
[278.518s][info][gc,start       ] GC(91) Pause Full (System.gc())
[278.518s][info][gc,task        ] GC(91) Using 6 workers of 6 for full compaction
[278.518s][info][gc,phases,start] GC(91) Phase 1: Mark live objects
[278.536s][info][gc,phases      ] GC(91) Phase 1: Mark live objects 17.854ms
[278.536s][info][gc,phases,start] GC(91) Phase 2: Prepare for compaction
[278.541s][info][gc,phases      ] GC(91) Phase 2: Prepare for compaction 5.254ms
[278.541s][info][gc,phases,start] GC(91) Phase 3: Adjust pointers
[278.556s][info][gc,phases      ] GC(91) Phase 3: Adjust pointers 15.060ms
[278.556s][info][gc,phases,start] GC(91) Phase 4: Compact heap
[278.559s][info][gc,phases      ] GC(91) Phase 4: Compact heap 3.075ms
[278.579s][info][gc,heap        ] GC(91) Eden regions: 380->0(1228)
[278.579s][info][gc,heap        ] GC(91) Survivor regions: 33->0(46)
[278.579s][info][gc,heap        ] GC(91) Old regions: 39->38
[278.579s][info][gc,heap        ] GC(91) Archive regions: 0->0
[278.580s][info][gc,heap        ] GC(91) Humongous regions: 169->3
[278.580s][info][gc,metaspace   ] GC(91) Metaspace: 130065K(131904K)->130065K(131904K) NonClass: 113623K(114240K)->113623K(114240K) Class: 16442K(17664K)->16442K(17664K)
[278.580s][info][gc             ] GC(91) Pause Full (System.gc()) 1231M->74M(4096M) 62.013ms
[278.580s][info][gc,cpu         ] GC(91) User=0.20s Sys=0.00s Real=0.06s
[282.056s][info][gc,start       ] GC(92) Pause Young (Normal) (G1 Preventive Collection)
[282.056s][info][gc,task        ] GC(92) Using 6 workers of 6 for evacuation
[282.067s][info][gc,phases      ] GC(92)   Pre Evacuate Collection Set: 0.2ms
[282.067s][info][gc,phases      ] GC(92)   Merge Heap Roots: 0.2ms
[282.067s][info][gc,phases      ] GC(92)   Evacuate Collection Set: 9.0ms
[282.067s][info][gc,phases      ] GC(92)   Post Evacuate Collection Set: 1.6ms
[282.067s][info][gc,phases      ] GC(92)   Other: 0.2ms
[282.067s][info][gc,heap        ] GC(92) Eden regions: 1124->0(1195)
[282.067s][info][gc,heap        ] GC(92) Survivor regions: 0->33(46)
[282.067s][info][gc,heap        ] GC(92) Old regions: 38->38
[282.067s][info][gc,heap        ] GC(92) Archive regions: 0->0
[282.067s][info][gc,heap        ] GC(92) Humongous regions: 840->3
[282.067s][info][gc,metaspace   ] GC(92) Metaspace: 130194K(132032K)->130194K(132032K) NonClass: 113752K(114368K)->113752K(114368K) Class: 16442K(17664K)->16442K(17664K)
[282.067s][info][gc             ] GC(92) Pause Young (Normal) (G1 Preventive Collection) 3996M->139M(4096M) 11.227ms
[282.068s][info][gc,cpu         ] GC(92) User=0.00s Sys=0.00s Real=0.01s
[285.062s][info][gc,start       ] GC(93) Pause Full (System.gc())
[285.062s][info][gc,task        ] GC(93) Using 6 workers of 6 for full compaction
[285.062s][info][gc,phases,start] GC(93) Phase 1: Mark live objects
[285.081s][info][gc,phases      ] GC(93) Phase 1: Mark live objects 18.275ms
[285.081s][info][gc,phases,start] GC(93) Phase 2: Prepare for compaction
[285.086s][info][gc,phases      ] GC(93) Phase 2: Prepare for compaction 4.778ms
[285.086s][info][gc,phases,start] GC(93) Phase 3: Adjust pointers
[285.101s][info][gc,phases      ] GC(93) Phase 3: Adjust pointers 15.254ms
[285.101s][info][gc,phases,start] GC(93) Phase 4: Compact heap
[285.103s][info][gc,phases      ] GC(93) Phase 4: Compact heap 2.495ms
[285.124s][info][gc,heap        ] GC(93) Eden regions: 378->0(1228)
[285.124s][info][gc,heap        ] GC(93) Survivor regions: 33->0(46)
[285.124s][info][gc,heap        ] GC(93) Old regions: 38->38
[285.124s][info][gc,heap        ] GC(93) Archive regions: 0->0
[285.124s][info][gc,heap        ] GC(93) Humongous regions: 169->3
[285.124s][info][gc,metaspace   ] GC(93) Metaspace: 130201K(132032K)->130201K(132032K) NonClass: 113759K(114368K)->113759K(114368K) Class: 16442K(17664K)->16442K(17664K)
[285.124s][info][gc             ] GC(93) Pause Full (System.gc()) 1227M->74M(4096M) 61.779ms
[285.124s][info][gc,cpu         ] GC(93) User=0.22s Sys=0.00s Real=0.06s
[288.594s][info][gc,start       ] GC(94) Pause Young (Normal) (G1 Preventive Collection)
[288.594s][info][gc,task        ] GC(94) Using 6 workers of 6 for evacuation
[288.606s][info][gc,phases      ] GC(94)   Pre Evacuate Collection Set: 0.2ms
[288.606s][info][gc,phases      ] GC(94)   Merge Heap Roots: 0.2ms
[288.606s][info][gc,phases      ] GC(94)   Evacuate Collection Set: 9.1ms
[288.606s][info][gc,phases      ] GC(94)   Post Evacuate Collection Set: 1.8ms
[288.606s][info][gc,phases      ] GC(94)   Other: 0.2ms
[288.606s][info][gc,heap        ] GC(94) Eden regions: 1125->0(1194)
[288.606s][info][gc,heap        ] GC(94) Survivor regions: 0->34(45)
[288.606s][info][gc,heap        ] GC(94) Old regions: 38->38
[288.606s][info][gc,heap        ] GC(94) Archive regions: 0->0
[288.606s][info][gc,heap        ] GC(94) Humongous regions: 840->3
[288.606s][info][gc,metaspace   ] GC(94) Metaspace: 130247K(132096K)->130247K(132096K) NonClass: 113805K(114432K)->113805K(114432K) Class: 16442K(17664K)->16442K(17664K)
[288.606s][info][gc             ] GC(94) Pause Young (Normal) (G1 Preventive Collection) 3998M->141M(4096M) 11.665ms
[288.606s][info][gc,cpu         ] GC(94) User=0.08s Sys=0.02s Real=0.01s
[291.633s][info][gc,start       ] GC(95) Pause Full (System.gc())
[291.633s][info][gc,task        ] GC(95) Using 6 workers of 6 for full compaction
[291.634s][info][gc,phases,start] GC(95) Phase 1: Mark live objects
[291.652s][info][gc,phases      ] GC(95) Phase 1: Mark live objects 18.472ms
[291.652s][info][gc,phases,start] GC(95) Phase 2: Prepare for compaction
[291.657s][info][gc,phases      ] GC(95) Phase 2: Prepare for compaction 4.336ms
[291.657s][info][gc,phases,start] GC(95) Phase 3: Adjust pointers
[291.672s][info][gc,phases      ] GC(95) Phase 3: Adjust pointers 14.958ms
[291.672s][info][gc,phases,start] GC(95) Phase 4: Compact heap
[291.675s][info][gc,phases      ] GC(95) Phase 4: Compact heap 2.860ms
[291.696s][info][gc,heap        ] GC(95) Eden regions: 377->0(1228)
[291.696s][info][gc,heap        ] GC(95) Survivor regions: 34->0(45)
[291.696s][info][gc,heap        ] GC(95) Old regions: 38->38
[291.696s][info][gc,heap        ] GC(95) Archive regions: 0->0
[291.696s][info][gc,heap        ] GC(95) Humongous regions: 169->3
[291.696s][info][gc,metaspace   ] GC(95) Metaspace: 130249K(132096K)->130249K(132096K) NonClass: 113807K(114432K)->113807K(114432K) Class: 16442K(17664K)->16442K(17664K)
[291.696s][info][gc             ] GC(95) Pause Full (System.gc()) 1227M->74M(4096M) 62.164ms
[291.696s][info][gc,cpu         ] GC(95) User=0.22s Sys=0.00s Real=0.05s
[295.197s][info][gc,start       ] GC(96) Pause Young (Normal) (G1 Preventive Collection)
[295.197s][info][gc,task        ] GC(96) Using 6 workers of 6 for evacuation
[295.208s][info][gc,phases      ] GC(96)   Pre Evacuate Collection Set: 0.2ms
[295.208s][info][gc,phases      ] GC(96)   Merge Heap Roots: 0.2ms
[295.208s][info][gc,phases      ] GC(96)   Evacuate Collection Set: 8.8ms
[295.208s][info][gc,phases      ] GC(96)   Post Evacuate Collection Set: 1.9ms
[295.209s][info][gc,phases      ] GC(96)   Other: 0.2ms
[295.209s][info][gc,heap        ] GC(96) Eden regions: 1125->0(1196)
[295.209s][info][gc,heap        ] GC(96) Survivor regions: 0->32(45)
[295.209s][info][gc,heap        ] GC(96) Old regions: 38->38
[295.209s][info][gc,heap        ] GC(96) Archive regions: 0->0
[295.209s][info][gc,heap        ] GC(96) Humongous regions: 840->3
[295.209s][info][gc,metaspace   ] GC(96) Metaspace: 130292K(132160K)->130292K(132160K) NonClass: 113850K(114496K)->113850K(114496K) Class: 16442K(17664K)->16442K(17664K)
[295.209s][info][gc             ] GC(96) Pause Young (Normal) (G1 Preventive Collection) 3997M->138M(4096M) 11.389ms
[295.209s][info][gc,cpu         ] GC(96) User=0.00s Sys=0.00s Real=0.01s
[298.177s][info][gc,start       ] GC(97) Pause Full (System.gc())
[298.177s][info][gc,task        ] GC(97) Using 6 workers of 6 for full compaction
[298.178s][info][gc,phases,start] GC(97) Phase 1: Mark live objects
[298.196s][info][gc,phases      ] GC(97) Phase 1: Mark live objects 18.021ms
[298.196s][info][gc,phases,start] GC(97) Phase 2: Prepare for compaction
[298.200s][info][gc,phases      ] GC(97) Phase 2: Prepare for compaction 3.759ms
[298.200s][info][gc,phases,start] GC(97) Phase 3: Adjust pointers
[298.214s][info][gc,phases      ] GC(97) Phase 3: Adjust pointers 14.481ms
[298.214s][info][gc,phases,start] GC(97) Phase 4: Compact heap
[298.216s][info][gc,phases      ] GC(97) Phase 4: Compact heap 2.103ms
[298.237s][info][gc,heap        ] GC(97) Eden regions: 377->0(1228)
[298.237s][info][gc,heap        ] GC(97) Survivor regions: 32->0(45)
[298.237s][info][gc,heap        ] GC(97) Old regions: 38->38
[298.237s][info][gc,heap        ] GC(97) Archive regions: 0->0
[298.237s][info][gc,heap        ] GC(97) Humongous regions: 169->3
[298.237s][info][gc,metaspace   ] GC(97) Metaspace: 130306K(132160K)->130306K(132160K) NonClass: 113864K(114496K)->113864K(114496K) Class: 16442K(17664K)->16442K(17664K)
[298.237s][info][gc             ] GC(97) Pause Full (System.gc()) 1223M->75M(4096M) 59.619ms
[298.237s][info][gc,cpu         ] GC(97) User=0.22s Sys=0.00s Real=0.06s
[301.702s][info][gc,start       ] GC(98) Pause Young (Normal) (G1 Preventive Collection)
[301.702s][info][gc,task        ] GC(98) Using 6 workers of 6 for evacuation
[301.713s][info][gc,phases      ] GC(98)   Pre Evacuate Collection Set: 0.2ms
[301.713s][info][gc,phases      ] GC(98)   Merge Heap Roots: 0.2ms
[301.713s][info][gc,phases      ] GC(98)   Evacuate Collection Set: 8.8ms
[301.713s][info][gc,phases      ] GC(98)   Post Evacuate Collection Set: 1.8ms
[301.713s][info][gc,phases      ] GC(98)   Other: 0.2ms
[301.713s][info][gc,heap        ] GC(98) Eden regions: 1125->0(1195)
[301.713s][info][gc,heap        ] GC(98) Survivor regions: 0->33(45)
[301.713s][info][gc,heap        ] GC(98) Old regions: 38->38
[301.713s][info][gc,heap        ] GC(98) Archive regions: 0->0
[301.713s][info][gc,heap        ] GC(98) Humongous regions: 840->3
[301.713s][info][gc,metaspace   ] GC(98) Metaspace: 130410K(132224K)->130410K(132224K) NonClass: 113968K(114560K)->113968K(114560K) Class: 16442K(17664K)->16442K(17664K)
[301.713s][info][gc             ] GC(98) Pause Young (Normal) (G1 Preventive Collection) 3999M->140M(4096M) 11.305ms
[301.714s][info][gc,cpu         ] GC(98) User=0.09s Sys=0.00s Real=0.01s
[304.750s][info][gc,start       ] GC(99) Pause Full (System.gc())
[304.750s][info][gc,task        ] GC(99) Using 6 workers of 6 for full compaction
[304.750s][info][gc,phases,start] GC(99) Phase 1: Mark live objects
[304.770s][info][gc,phases      ] GC(99) Phase 1: Mark live objects 19.564ms
[304.770s][info][gc,phases,start] GC(99) Phase 2: Prepare for compaction
[304.775s][info][gc,phases      ] GC(99) Phase 2: Prepare for compaction 4.731ms
[304.775s][info][gc,phases,start] GC(99) Phase 3: Adjust pointers
[304.790s][info][gc,phases      ] GC(99) Phase 3: Adjust pointers 15.308ms
[304.790s][info][gc,phases,start] GC(99) Phase 4: Compact heap
[304.793s][info][gc,phases      ] GC(99) Phase 4: Compact heap 3.195ms
[304.814s][info][gc,heap        ] GC(99) Eden regions: 378->0(1228)
[304.814s][info][gc,heap        ] GC(99) Survivor regions: 33->0(45)
[304.814s][info][gc,heap        ] GC(99) Old regions: 38->38
[304.814s][info][gc,heap        ] GC(99) Archive regions: 0->0
[304.814s][info][gc,heap        ] GC(99) Humongous regions: 169->3
[304.814s][info][gc,metaspace   ] GC(99) Metaspace: 130467K(132288K)->130467K(132288K) NonClass: 114025K(114624K)->114025K(114624K) Class: 16442K(17664K)->16442K(17664K)
[304.814s][info][gc             ] GC(99) Pause Full (System.gc()) 1227M->74M(4096M) 64.119ms
[304.814s][info][gc,cpu         ] GC(99) User=0.22s Sys=0.00s Real=0.07s
[308.323s][info][gc,start       ] GC(100) Pause Young (Normal) (G1 Preventive Collection)
[308.323s][info][gc,task        ] GC(100) Using 6 workers of 6 for evacuation
[308.335s][info][gc,phases      ] GC(100)   Pre Evacuate Collection Set: 0.2ms
[308.335s][info][gc,phases      ] GC(100)   Merge Heap Roots: 0.5ms
[308.335s][info][gc,phases      ] GC(100)   Evacuate Collection Set: 8.6ms
[308.335s][info][gc,phases      ] GC(100)   Post Evacuate Collection Set: 2.0ms
[308.335s][info][gc,phases      ] GC(100)   Other: 0.3ms
[308.335s][info][gc,heap        ] GC(100) Eden regions: 1125->0(1196)
[308.335s][info][gc,heap        ] GC(100) Survivor regions: 0->32(45)
[308.335s][info][gc,heap        ] GC(100) Old regions: 38->38
[308.335s][info][gc,heap        ] GC(100) Archive regions: 0->0
[308.335s][info][gc,heap        ] GC(100) Humongous regions: 840->3
[308.335s][info][gc,metaspace   ] GC(100) Metaspace: 130478K(132288K)->130478K(132288K) NonClass: 114036K(114624K)->114036K(114624K) Class: 16442K(17664K)->16442K(17664K)
[308.335s][info][gc             ] GC(100) Pause Young (Normal) (G1 Preventive Collection) 3998M->137M(4096M) 11.660ms
[308.335s][info][gc,cpu         ] GC(100) User=0.02s Sys=0.00s Real=0.01s
[311.273s][info][gc,start       ] GC(101) Pause Full (System.gc())
[311.273s][info][gc,task        ] GC(101) Using 6 workers of 6 for full compaction
[311.273s][info][gc,phases,start] GC(101) Phase 1: Mark live objects
[311.293s][info][gc,phases      ] GC(101) Phase 1: Mark live objects 19.488ms
[311.293s][info][gc,phases,start] GC(101) Phase 2: Prepare for compaction
[311.297s][info][gc,phases      ] GC(101) Phase 2: Prepare for compaction 3.936ms
[311.297s][info][gc,phases,start] GC(101) Phase 3: Adjust pointers
[311.311s][info][gc,phases      ] GC(101) Phase 3: Adjust pointers 14.658ms
[311.311s][info][gc,phases,start] GC(101) Phase 4: Compact heap
[311.314s][info][gc,phases      ] GC(101) Phase 4: Compact heap 2.603ms
[311.335s][info][gc,heap        ] GC(101) Eden regions: 378->0(1228)
[311.335s][info][gc,heap        ] GC(101) Survivor regions: 32->0(45)
[311.335s][info][gc,heap        ] GC(101) Old regions: 38->38
[311.335s][info][gc,heap        ] GC(101) Archive regions: 0->0
[311.335s][info][gc,heap        ] GC(101) Humongous regions: 169->3
[311.335s][info][gc,metaspace   ] GC(101) Metaspace: 130481K(132288K)->130481K(132288K) NonClass: 114039K(114624K)->114039K(114624K) Class: 16442K(17664K)->16442K(17664K)
[311.335s][info][gc             ] GC(101) Pause Full (System.gc()) 1224M->75M(4096M) 62.658ms
[311.335s][info][gc,cpu         ] GC(101) User=0.12s Sys=0.00s Real=0.07s
[314.865s][info][gc,start       ] GC(102) Pause Young (Normal) (G1 Preventive Collection)
[314.865s][info][gc,task        ] GC(102) Using 6 workers of 6 for evacuation
[314.877s][info][gc,phases      ] GC(102)   Pre Evacuate Collection Set: 0.2ms
[314.877s][info][gc,phases      ] GC(102)   Merge Heap Roots: 0.2ms
[314.877s][info][gc,phases      ] GC(102)   Evacuate Collection Set: 8.5ms
[314.877s][info][gc,phases      ] GC(102)   Post Evacuate Collection Set: 2.0ms
[314.877s][info][gc,phases      ] GC(102)   Other: 0.3ms
[314.877s][info][gc,heap        ] GC(102) Eden regions: 1125->0(1196)
[314.877s][info][gc,heap        ] GC(102) Survivor regions: 0->32(45)
[314.877s][info][gc,heap        ] GC(102) Old regions: 38->38
[314.877s][info][gc,heap        ] GC(102) Archive regions: 0->0
[314.877s][info][gc,heap        ] GC(102) Humongous regions: 840->3
[314.877s][info][gc,metaspace   ] GC(102) Metaspace: 130485K(132352K)->130485K(132352K) NonClass: 114043K(114688K)->114043K(114688K) Class: 16442K(17664K)->16442K(17664K)
[314.877s][info][gc             ] GC(102) Pause Young (Normal) (G1 Preventive Collection) 3998M->138M(4096M) 11.261ms
[314.877s][info][gc,cpu         ] GC(102) User=0.02s Sys=0.00s Real=0.01s
[317.834s][info][gc,start       ] GC(103) Pause Full (System.gc())
[317.834s][info][gc,task        ] GC(103) Using 6 workers of 6 for full compaction
[317.835s][info][gc,phases,start] GC(103) Phase 1: Mark live objects
[317.855s][info][gc,phases      ] GC(103) Phase 1: Mark live objects 20.373ms
[317.855s][info][gc,phases,start] GC(103) Phase 2: Prepare for compaction
[317.860s][info][gc,phases      ] GC(103) Phase 2: Prepare for compaction 5.092ms
[317.860s][info][gc,phases,start] GC(103) Phase 3: Adjust pointers
[317.875s][info][gc,phases      ] GC(103) Phase 3: Adjust pointers 14.822ms
[317.875s][info][gc,phases,start] GC(103) Phase 4: Compact heap
[317.878s][info][gc,phases      ] GC(103) Phase 4: Compact heap 2.792ms
[317.898s][info][gc,heap        ] GC(103) Eden regions: 377->0(1228)
[317.898s][info][gc,heap        ] GC(103) Survivor regions: 32->0(45)
[317.898s][info][gc,heap        ] GC(103) Old regions: 38->38
[317.898s][info][gc,heap        ] GC(103) Archive regions: 0->0
[317.898s][info][gc,heap        ] GC(103) Humongous regions: 169->3
[317.898s][info][gc,metaspace   ] GC(103) Metaspace: 130495K(132352K)->130495K(132352K) NonClass: 114053K(114688K)->114053K(114688K) Class: 16442K(17664K)->16442K(17664K)
[317.898s][info][gc             ] GC(103) Pause Full (System.gc()) 1224M->74M(4096M) 64.154ms
[317.899s][info][gc,cpu         ] GC(103) User=0.31s Sys=0.00s Real=0.06s
[321.424s][info][gc,start       ] GC(104) Pause Young (Normal) (G1 Preventive Collection)
[321.424s][info][gc,task        ] GC(104) Using 6 workers of 6 for evacuation
[321.435s][info][gc,phases      ] GC(104)   Pre Evacuate Collection Set: 0.2ms
[321.435s][info][gc,phases      ] GC(104)   Merge Heap Roots: 0.2ms
[321.435s][info][gc,phases      ] GC(104)   Evacuate Collection Set: 8.8ms
[321.435s][info][gc,phases      ] GC(104)   Post Evacuate Collection Set: 2.0ms
[321.435s][info][gc,phases      ] GC(104)   Other: 0.2ms
[321.435s][info][gc,heap        ] GC(104) Eden regions: 1124->0(1195)
[321.435s][info][gc,heap        ] GC(104) Survivor regions: 0->33(44)
[321.435s][info][gc,heap        ] GC(104) Old regions: 38->38
[321.435s][info][gc,heap        ] GC(104) Archive regions: 0->0
[321.435s][info][gc,heap        ] GC(104) Humongous regions: 842->3
[321.435s][info][gc,metaspace   ] GC(104) Metaspace: 130499K(132352K)->130499K(132352K) NonClass: 114057K(114688K)->114057K(114688K) Class: 16442K(17664K)->16442K(17664K)
[321.435s][info][gc             ] GC(104) Pause Young (Normal) (G1 Preventive Collection) 4000M->139M(4096M) 11.373ms
[321.435s][info][gc,cpu         ] GC(104) User=0.09s Sys=0.00s Real=0.01s
[324.394s][info][gc,start       ] GC(105) Pause Full (System.gc())
[324.394s][info][gc,task        ] GC(105) Using 6 workers of 6 for full compaction
[324.394s][info][gc,phases,start] GC(105) Phase 1: Mark live objects
[324.413s][info][gc,phases      ] GC(105) Phase 1: Mark live objects 18.870ms
[324.413s][info][gc,phases,start] GC(105) Phase 2: Prepare for compaction
[324.417s][info][gc,phases      ] GC(105) Phase 2: Prepare for compaction 3.819ms
[324.417s][info][gc,phases,start] GC(105) Phase 3: Adjust pointers
[324.432s][info][gc,phases      ] GC(105) Phase 3: Adjust pointers 14.812ms
[324.432s][info][gc,phases,start] GC(105) Phase 4: Compact heap
[324.434s][info][gc,phases      ] GC(105) Phase 4: Compact heap 2.220ms
[324.455s][info][gc,heap        ] GC(105) Eden regions: 376->0(1228)
[324.455s][info][gc,heap        ] GC(105) Survivor regions: 33->0(44)
[324.455s][info][gc,heap        ] GC(105) Old regions: 38->38
[324.455s][info][gc,heap        ] GC(105) Archive regions: 0->0
[324.455s][info][gc,heap        ] GC(105) Humongous regions: 167->3
[324.455s][info][gc,metaspace   ] GC(105) Metaspace: 130499K(132352K)->130499K(132352K) NonClass: 114057K(114688K)->114057K(114688K) Class: 16442K(17664K)->16442K(17664K)
[324.455s][info][gc             ] GC(105) Pause Full (System.gc()) 1219M->75M(4096M) 61.652ms
[324.455s][info][gc,cpu         ] GC(105) User=0.22s Sys=0.00s Real=0.06s
[327.959s][info][gc,start       ] GC(106) Pause Young (Normal) (G1 Preventive Collection)
[327.959s][info][gc,task        ] GC(106) Using 6 workers of 6 for evacuation
[327.970s][info][gc,phases      ] GC(106)   Pre Evacuate Collection Set: 0.2ms
[327.970s][info][gc,phases      ] GC(106)   Merge Heap Roots: 0.2ms
[327.970s][info][gc,phases      ] GC(106)   Evacuate Collection Set: 8.7ms
[327.970s][info][gc,phases      ] GC(106)   Post Evacuate Collection Set: 1.8ms
[327.970s][info][gc,phases      ] GC(106)   Other: 0.3ms
[327.970s][info][gc,heap        ] GC(106) Eden regions: 1125->0(1196)
[327.970s][info][gc,heap        ] GC(106) Survivor regions: 0->32(44)
[327.970s][info][gc,heap        ] GC(106) Old regions: 38->38
[327.970s][info][gc,heap        ] GC(106) Archive regions: 0->0
[327.970s][info][gc,heap        ] GC(106) Humongous regions: 841->3
[327.970s][info][gc,metaspace   ] GC(106) Metaspace: 130512K(132352K)->130512K(132352K) NonClass: 114070K(114688K)->114070K(114688K) Class: 16442K(17664K)->16442K(17664K)
[327.970s][info][gc             ] GC(106) Pause Young (Normal) (G1 Preventive Collection) 4001M->138M(4096M) 11.160ms
[327.970s][info][gc,cpu         ] GC(106) User=0.02s Sys=0.00s Real=0.01s
[330.928s][info][gc,start       ] GC(107) Pause Full (System.gc())
[330.928s][info][gc,task        ] GC(107) Using 6 workers of 6 for full compaction
[330.928s][info][gc,phases,start] GC(107) Phase 1: Mark live objects
[330.947s][info][gc,phases      ] GC(107) Phase 1: Mark live objects 19.095ms
[330.947s][info][gc,phases,start] GC(107) Phase 2: Prepare for compaction
[330.952s][info][gc,phases      ] GC(107) Phase 2: Prepare for compaction 4.068ms
[330.952s][info][gc,phases,start] GC(107) Phase 3: Adjust pointers
[330.967s][info][gc,phases      ] GC(107) Phase 3: Adjust pointers 15.279ms
[330.967s][info][gc,phases,start] GC(107) Phase 4: Compact heap
[330.969s][info][gc,phases      ] GC(107) Phase 4: Compact heap 2.471ms
[330.990s][info][gc,heap        ] GC(107) Eden regions: 377->0(1228)
[330.990s][info][gc,heap        ] GC(107) Survivor regions: 32->0(44)
[330.990s][info][gc,heap        ] GC(107) Old regions: 38->38
[330.990s][info][gc,heap        ] GC(107) Archive regions: 0->0
[330.990s][info][gc,heap        ] GC(107) Humongous regions: 168->3
[330.990s][info][gc,metaspace   ] GC(107) Metaspace: 130514K(132352K)->130514K(132352K) NonClass: 114072K(114688K)->114072K(114688K) Class: 16442K(17664K)->16442K(17664K)
[330.990s][info][gc             ] GC(107) Pause Full (System.gc()) 1221M->75M(4096M) 62.599ms
[330.990s][info][gc,cpu         ] GC(107) User=0.23s Sys=0.00s Real=0.05s
[334.511s][info][gc,start       ] GC(108) Pause Young (Normal) (G1 Preventive Collection)
[334.511s][info][gc,task        ] GC(108) Using 6 workers of 6 for evacuation
[334.523s][info][gc,phases      ] GC(108)   Pre Evacuate Collection Set: 0.2ms
[334.523s][info][gc,phases      ] GC(108)   Merge Heap Roots: 0.2ms
[334.523s][info][gc,phases      ] GC(108)   Evacuate Collection Set: 8.7ms
[334.523s][info][gc,phases      ] GC(108)   Post Evacuate Collection Set: 1.9ms
[334.523s][info][gc,phases      ] GC(108)   Other: 0.3ms
[334.523s][info][gc,heap        ] GC(108) Eden regions: 1125->0(1195)
[334.523s][info][gc,heap        ] GC(108) Survivor regions: 0->33(44)
[334.523s][info][gc,heap        ] GC(108) Old regions: 38->38
[334.523s][info][gc,heap        ] GC(108) Archive regions: 0->0
[334.523s][info][gc,heap        ] GC(108) Humongous regions: 841->3
[334.523s][info][gc,metaspace   ] GC(108) Metaspace: 130543K(132352K)->130543K(132352K) NonClass: 114101K(114688K)->114101K(114688K) Class: 16442K(17664K)->16442K(17664K)
[334.523s][info][gc             ] GC(108) Pause Young (Normal) (G1 Preventive Collection) 4001M->140M(4096M) 11.300ms
[334.523s][info][gc,cpu         ] GC(108) User=0.02s Sys=0.00s Real=0.01s
[337.519s][info][gc,start       ] GC(109) Pause Full (System.gc())
[337.519s][info][gc,task        ] GC(109) Using 6 workers of 6 for full compaction
[337.520s][info][gc,phases,start] GC(109) Phase 1: Mark live objects
[337.538s][info][gc,phases      ] GC(109) Phase 1: Mark live objects 18.476ms
[337.538s][info][gc,phases,start] GC(109) Phase 2: Prepare for compaction
[337.544s][info][gc,phases      ] GC(109) Phase 2: Prepare for compaction 5.389ms
[337.544s][info][gc,phases,start] GC(109) Phase 3: Adjust pointers
[337.559s][info][gc,phases      ] GC(109) Phase 3: Adjust pointers 15.431ms
[337.559s][info][gc,phases,start] GC(109) Phase 4: Compact heap
[337.562s][info][gc,phases      ] GC(109) Phase 4: Compact heap 2.477ms
[337.583s][info][gc,heap        ] GC(109) Eden regions: 378->0(1228)
[337.583s][info][gc,heap        ] GC(109) Survivor regions: 33->0(44)
[337.583s][info][gc,heap        ] GC(109) Old regions: 38->37
[337.583s][info][gc,heap        ] GC(109) Archive regions: 0->0
[337.583s][info][gc,heap        ] GC(109) Humongous regions: 168->3
[337.583s][info][gc,metaspace   ] GC(109) Metaspace: 130567K(132416K)->130567K(132416K) NonClass: 114125K(114752K)->114125K(114752K) Class: 16442K(17664K)->16442K(17664K)
[337.583s][info][gc             ] GC(109) Pause Full (System.gc()) 1225M->75M(4096M) 63.403ms
[337.583s][info][gc,cpu         ] GC(109) User=0.28s Sys=0.00s Real=0.06s
[341.069s][info][gc,start       ] GC(110) Pause Young (Normal) (G1 Preventive Collection)
[341.070s][info][gc,task        ] GC(110) Using 6 workers of 6 for evacuation
[341.081s][info][gc,phases      ] GC(110)   Pre Evacuate Collection Set: 0.2ms
[341.081s][info][gc,phases      ] GC(110)   Merge Heap Roots: 0.2ms
[341.081s][info][gc,phases      ] GC(110)   Evacuate Collection Set: 8.8ms
[341.081s][info][gc,phases      ] GC(110)   Post Evacuate Collection Set: 1.8ms
[341.081s][info][gc,phases      ] GC(110)   Other: 0.3ms
[341.081s][info][gc,heap        ] GC(110) Eden regions: 1126->0(1194)
[341.081s][info][gc,heap        ] GC(110) Survivor regions: 0->34(43)
[341.081s][info][gc,heap        ] GC(110) Old regions: 37->37
[341.081s][info][gc,heap        ] GC(110) Archive regions: 0->0
[341.081s][info][gc,heap        ] GC(110) Humongous regions: 842->3
[341.081s][info][gc,metaspace   ] GC(110) Metaspace: 130567K(132416K)->130567K(132416K) NonClass: 114125K(114752K)->114125K(114752K) Class: 16442K(17664K)->16442K(17664K)
[341.081s][info][gc             ] GC(110) Pause Young (Normal) (G1 Preventive Collection) 4005M->142M(4096M) 11.374ms
[341.081s][info][gc,cpu         ] GC(110) User=0.00s Sys=0.00s Real=0.01s
[344.032s][info][gc,start       ] GC(111) Pause Full (System.gc())
[344.032s][info][gc,task        ] GC(111) Using 6 workers of 6 for full compaction
[344.032s][info][gc,phases,start] GC(111) Phase 1: Mark live objects
[344.052s][info][gc,phases      ] GC(111) Phase 1: Mark live objects 20.130ms
[344.052s][info][gc,phases,start] GC(111) Phase 2: Prepare for compaction
[344.057s][info][gc,phases      ] GC(111) Phase 2: Prepare for compaction 5.003ms
[344.057s][info][gc,phases,start] GC(111) Phase 3: Adjust pointers
[344.073s][info][gc,phases      ] GC(111) Phase 3: Adjust pointers 15.459ms
[344.073s][info][gc,phases,start] GC(111) Phase 4: Compact heap
[344.076s][info][gc,phases      ] GC(111) Phase 4: Compact heap 3.201ms
[344.097s][info][gc,heap        ] GC(111) Eden regions: 377->0(1228)
[344.097s][info][gc,heap        ] GC(111) Survivor regions: 34->0(43)
[344.097s][info][gc,heap        ] GC(111) Old regions: 37->38
[344.097s][info][gc,heap        ] GC(111) Archive regions: 0->0
[344.097s][info][gc,heap        ] GC(111) Humongous regions: 167->3
[344.097s][info][gc,metaspace   ] GC(111) Metaspace: 130569K(132416K)->130569K(132416K) NonClass: 114127K(114752K)->114127K(114752K) Class: 16442K(17664K)->16442K(17664K)
[344.097s][info][gc             ] GC(111) Pause Full (System.gc()) 1223M->74M(4096M) 65.133ms
[344.097s][info][gc,cpu         ] GC(111) User=0.22s Sys=0.00s Real=0.06s
[347.600s][info][gc,start       ] GC(112) Pause Young (Normal) (G1 Preventive Collection)
[347.600s][info][gc,task        ] GC(112) Using 6 workers of 6 for evacuation
[347.611s][info][gc,phases      ] GC(112)   Pre Evacuate Collection Set: 0.2ms
[347.611s][info][gc,phases      ] GC(112)   Merge Heap Roots: 0.2ms
[347.611s][info][gc,phases      ] GC(112)   Evacuate Collection Set: 8.7ms
[347.611s][info][gc,phases      ] GC(112)   Post Evacuate Collection Set: 1.8ms
[347.611s][info][gc,phases      ] GC(112)   Other: 0.3ms
[347.611s][info][gc,heap        ] GC(112) Eden regions: 1124->0(1196)
[347.611s][info][gc,heap        ] GC(112) Survivor regions: 0->32(44)
[347.611s][info][gc,heap        ] GC(112) Old regions: 38->38
[347.611s][info][gc,heap        ] GC(112) Archive regions: 0->0
[347.611s][info][gc,heap        ] GC(112) Humongous regions: 842->3
[347.611s][info][gc,metaspace   ] GC(112) Metaspace: 130618K(132416K)->130618K(132416K) NonClass: 114176K(114752K)->114176K(114752K) Class: 16442K(17664K)->16442K(17664K)
[347.611s][info][gc             ] GC(112) Pause Young (Normal) (G1 Preventive Collection) 4000M->138M(4096M) 11.229ms
[347.611s][info][gc,cpu         ] GC(112) User=0.00s Sys=0.00s Real=0.01s
[350.567s][info][gc,start       ] GC(113) Pause Full (System.gc())
[350.567s][info][gc,task        ] GC(113) Using 6 workers of 6 for full compaction
[350.567s][info][gc,phases,start] GC(113) Phase 1: Mark live objects
[350.586s][info][gc,phases      ] GC(113) Phase 1: Mark live objects 18.754ms
[350.586s][info][gc,phases,start] GC(113) Phase 2: Prepare for compaction
[350.590s][info][gc,phases      ] GC(113) Phase 2: Prepare for compaction 4.445ms
[350.590s][info][gc,phases,start] GC(113) Phase 3: Adjust pointers
[350.606s][info][gc,phases      ] GC(113) Phase 3: Adjust pointers 15.470ms
[350.606s][info][gc,phases,start] GC(113) Phase 4: Compact heap
[350.609s][info][gc,phases      ] GC(113) Phase 4: Compact heap 2.730ms
[350.630s][info][gc,heap        ] GC(113) Eden regions: 377->0(1228)
[350.630s][info][gc,heap        ] GC(113) Survivor regions: 32->0(44)
[350.630s][info][gc,heap        ] GC(113) Old regions: 38->37
[350.630s][info][gc,heap        ] GC(113) Archive regions: 0->0
[350.630s][info][gc,heap        ] GC(113) Humongous regions: 167->3
[350.630s][info][gc,metaspace   ] GC(113) Metaspace: 130618K(132416K)->130618K(132416K) NonClass: 114176K(114752K)->114176K(114752K) Class: 16442K(17664K)->16442K(17664K)
[350.630s][info][gc             ] GC(113) Pause Full (System.gc()) 1219M->74M(4096M) 63.201ms
[350.630s][info][gc,cpu         ] GC(113) User=0.23s Sys=0.00s Real=0.06s
[354.160s][info][gc,start       ] GC(114) Pause Young (Normal) (G1 Preventive Collection)
[354.160s][info][gc,task        ] GC(114) Using 6 workers of 6 for evacuation
[354.172s][info][gc,phases      ] GC(114)   Pre Evacuate Collection Set: 0.3ms
[354.172s][info][gc,phases      ] GC(114)   Merge Heap Roots: 0.2ms
[354.172s][info][gc,phases      ] GC(114)   Evacuate Collection Set: 9.1ms
[354.172s][info][gc,phases      ] GC(114)   Post Evacuate Collection Set: 1.8ms
[354.172s][info][gc,phases      ] GC(114)   Other: 0.3ms
[354.172s][info][gc,heap        ] GC(114) Eden regions: 1127->0(1194)
[354.172s][info][gc,heap        ] GC(114) Survivor regions: 0->34(43)
[354.172s][info][gc,heap        ] GC(114) Old regions: 37->37
[354.172s][info][gc,heap        ] GC(114) Archive regions: 0->0
[354.172s][info][gc,heap        ] GC(114) Humongous regions: 841->3
[354.172s][info][gc,metaspace   ] GC(114) Metaspace: 130657K(132480K)->130657K(132480K) NonClass: 114215K(114816K)->114215K(114816K) Class: 16442K(17664K)->16442K(17664K)
[354.172s][info][gc             ] GC(114) Pause Young (Normal) (G1 Preventive Collection) 4004M->141M(4096M) 11.609ms
[354.172s][info][gc,cpu         ] GC(114) User=0.09s Sys=0.00s Real=0.01s
[357.117s][info][gc,start       ] GC(115) Pause Full (System.gc())
[357.118s][info][gc,task        ] GC(115) Using 6 workers of 6 for full compaction
[357.118s][info][gc,phases,start] GC(115) Phase 1: Mark live objects
[357.136s][info][gc,phases      ] GC(115) Phase 1: Mark live objects 18.203ms
[357.136s][info][gc,phases,start] GC(115) Phase 2: Prepare for compaction
[357.140s][info][gc,phases      ] GC(115) Phase 2: Prepare for compaction 4.014ms
[357.140s][info][gc,phases,start] GC(115) Phase 3: Adjust pointers
[357.156s][info][gc,phases      ] GC(115) Phase 3: Adjust pointers 15.693ms
[357.156s][info][gc,phases,start] GC(115) Phase 4: Compact heap
[357.159s][info][gc,phases      ] GC(115) Phase 4: Compact heap 2.656ms
[357.180s][info][gc,heap        ] GC(115) Eden regions: 375->0(1228)
[357.180s][info][gc,heap        ] GC(115) Survivor regions: 34->0(43)
[357.180s][info][gc,heap        ] GC(115) Old regions: 37->39
[357.180s][info][gc,heap        ] GC(115) Archive regions: 0->0
[357.180s][info][gc,heap        ] GC(115) Humongous regions: 168->3
[357.180s][info][gc,metaspace   ] GC(115) Metaspace: 130673K(132480K)->130673K(132480K) NonClass: 114231K(114816K)->114231K(114816K) Class: 16442K(17664K)->16442K(17664K)
[357.180s][info][gc             ] GC(115) Pause Full (System.gc()) 1220M->75M(4096M) 62.601ms
[357.180s][info][gc,cpu         ] GC(115) User=0.20s Sys=0.02s Real=0.08s
[360.653s][info][gc,start       ] GC(116) Pause Young (Normal) (G1 Preventive Collection)
[360.653s][info][gc,task        ] GC(116) Using 6 workers of 6 for evacuation
[360.664s][info][gc,phases      ] GC(116)   Pre Evacuate Collection Set: 0.2ms
[360.664s][info][gc,phases      ] GC(116)   Merge Heap Roots: 0.1ms
[360.664s][info][gc,phases      ] GC(116)   Evacuate Collection Set: 8.7ms
[360.664s][info][gc,phases      ] GC(116)   Post Evacuate Collection Set: 1.9ms
[360.664s][info][gc,phases      ] GC(116)   Other: 0.3ms
[360.664s][info][gc,heap        ] GC(116) Eden regions: 1124->0(1196)
[360.664s][info][gc,heap        ] GC(116) Survivor regions: 0->32(44)
[360.664s][info][gc,heap        ] GC(116) Old regions: 39->39
[360.664s][info][gc,heap        ] GC(116) Archive regions: 0->0
[360.664s][info][gc,heap        ] GC(116) Humongous regions: 841->3
[360.664s][info][gc,metaspace   ] GC(116) Metaspace: 130697K(132544K)->130697K(132544K) NonClass: 114255K(114880K)->114255K(114880K) Class: 16442K(17664K)->16442K(17664K)
[360.664s][info][gc             ] GC(116) Pause Young (Normal) (G1 Preventive Collection) 3999M->138M(4096M) 11.263ms
[360.664s][info][gc,cpu         ] GC(116) User=0.09s Sys=0.00s Real=0.01s
[363.615s][info][gc,start       ] GC(117) Pause Full (System.gc())
[363.615s][info][gc,task        ] GC(117) Using 6 workers of 6 for full compaction
[363.615s][info][gc,phases,start] GC(117) Phase 1: Mark live objects
[363.635s][info][gc,phases      ] GC(117) Phase 1: Mark live objects 19.413ms
[363.635s][info][gc,phases,start] GC(117) Phase 2: Prepare for compaction
[363.640s][info][gc,phases      ] GC(117) Phase 2: Prepare for compaction 5.131ms
[363.640s][info][gc,phases,start] GC(117) Phase 3: Adjust pointers
[363.656s][info][gc,phases      ] GC(117) Phase 3: Adjust pointers 15.630ms
[363.656s][info][gc,phases,start] GC(117) Phase 4: Compact heap
[363.659s][info][gc,phases      ] GC(117) Phase 4: Compact heap 2.816ms
[363.680s][info][gc,heap        ] GC(117) Eden regions: 377->0(1228)
[363.680s][info][gc,heap        ] GC(117) Survivor regions: 32->0(44)
[363.680s][info][gc,heap        ] GC(117) Old regions: 39->38
[363.680s][info][gc,heap        ] GC(117) Archive regions: 0->0
[363.680s][info][gc,heap        ] GC(117) Humongous regions: 168->3
[363.680s][info][gc,metaspace   ] GC(117) Metaspace: 130709K(132544K)->130709K(132544K) NonClass: 114267K(114880K)->114267K(114880K) Class: 16442K(17664K)->16442K(17664K)
[363.680s][info][gc             ] GC(117) Pause Full (System.gc()) 1221M->74M(4096M) 64.587ms
[363.680s][info][gc,cpu         ] GC(117) User=0.20s Sys=0.00s Real=0.08s
[367.212s][info][gc,start       ] GC(118) Pause Young (Normal) (G1 Preventive Collection)
[367.212s][info][gc,task        ] GC(118) Using 6 workers of 6 for evacuation
[367.223s][info][gc,phases      ] GC(118)   Pre Evacuate Collection Set: 0.2ms
[367.223s][info][gc,phases      ] GC(118)   Merge Heap Roots: 0.2ms
[367.223s][info][gc,phases      ] GC(118)   Evacuate Collection Set: 8.6ms
[367.223s][info][gc,phases      ] GC(118)   Post Evacuate Collection Set: 1.9ms
[367.223s][info][gc,phases      ] GC(118)   Other: 0.3ms
[367.223s][info][gc,heap        ] GC(118) Eden regions: 1125->0(1196)
[367.223s][info][gc,heap        ] GC(118) Survivor regions: 0->32(44)
[367.223s][info][gc,heap        ] GC(118) Old regions: 38->38
[367.223s][info][gc,heap        ] GC(118) Archive regions: 0->0
[367.223s][info][gc,heap        ] GC(118) Humongous regions: 841->3
[367.223s][info][gc,metaspace   ] GC(118) Metaspace: 130709K(132544K)->130709K(132544K) NonClass: 114267K(114880K)->114267K(114880K) Class: 16442K(17664K)->16442K(17664K)
[367.223s][info][gc             ] GC(118) Pause Young (Normal) (G1 Preventive Collection) 4000M->138M(4096M) 11.248ms
[367.223s][info][gc,cpu         ] GC(118) User=0.00s Sys=0.00s Real=0.01s
[370.184s][info][gc,start       ] GC(119) Pause Full (System.gc())
[370.184s][info][gc,task        ] GC(119) Using 6 workers of 6 for full compaction
[370.184s][info][gc,phases,start] GC(119) Phase 1: Mark live objects
[370.203s][info][gc,phases      ] GC(119) Phase 1: Mark live objects 19.143ms
[370.203s][info][gc,phases,start] GC(119) Phase 2: Prepare for compaction
[370.207s][info][gc,phases      ] GC(119) Phase 2: Prepare for compaction 3.770ms
[370.207s][info][gc,phases,start] GC(119) Phase 3: Adjust pointers
[370.222s][info][gc,phases      ] GC(119) Phase 3: Adjust pointers 15.304ms
[370.222s][info][gc,phases,start] GC(119) Phase 4: Compact heap
[370.225s][info][gc,phases      ] GC(119) Phase 4: Compact heap 2.222ms
[370.246s][info][gc,heap        ] GC(119) Eden regions: 377->0(1228)
[370.246s][info][gc,heap        ] GC(119) Survivor regions: 32->0(44)
[370.246s][info][gc,heap        ] GC(119) Old regions: 38->38
[370.246s][info][gc,heap        ] GC(119) Archive regions: 0->0
[370.246s][info][gc,heap        ] GC(119) Humongous regions: 168->3
[370.246s][info][gc,metaspace   ] GC(119) Metaspace: 130710K(132544K)->130710K(132544K) NonClass: 114268K(114880K)->114268K(114880K) Class: 16442K(17664K)->16442K(17664K)
[370.246s][info][gc             ] GC(119) Pause Full (System.gc()) 1221M->75M(4096M) 62.761ms
[370.246s][info][gc,cpu         ] GC(119) User=0.28s Sys=0.00s Real=0.06s
[373.806s][info][gc,start       ] GC(120) Pause Young (Normal) (G1 Preventive Collection)
[373.806s][info][gc,task        ] GC(120) Using 6 workers of 6 for evacuation
[373.817s][info][gc,phases      ] GC(120)   Pre Evacuate Collection Set: 0.2ms
[373.817s][info][gc,phases      ] GC(120)   Merge Heap Roots: 0.2ms
[373.817s][info][gc,phases      ] GC(120)   Evacuate Collection Set: 8.6ms
[373.817s][info][gc,phases      ] GC(120)   Post Evacuate Collection Set: 1.8ms
[373.817s][info][gc,phases      ] GC(120)   Other: 0.2ms
[373.817s][info][gc,heap        ] GC(120) Eden regions: 1126->0(1196)
[373.817s][info][gc,heap        ] GC(120) Survivor regions: 0->32(43)
[373.817s][info][gc,heap        ] GC(120) Old regions: 38->38
[373.817s][info][gc,heap        ] GC(120) Archive regions: 0->0
[373.817s][info][gc,heap        ] GC(120) Humongous regions: 841->3
[373.817s][info][gc,metaspace   ] GC(120) Metaspace: 130722K(132544K)->130722K(132544K) NonClass: 114280K(114880K)->114280K(114880K) Class: 16442K(17664K)->16442K(17664K)
[373.817s][info][gc             ] GC(120) Pause Young (Normal) (G1 Preventive Collection) 4002M->138M(4096M) 11.124ms
[373.817s][info][gc,cpu         ] GC(120) User=0.00s Sys=0.00s Real=0.01s
[376.767s][info][gc,start       ] GC(121) Pause Full (System.gc())
[376.767s][info][gc,task        ] GC(121) Using 6 workers of 6 for full compaction
[376.768s][info][gc,phases,start] GC(121) Phase 1: Mark live objects
[376.787s][info][gc,phases      ] GC(121) Phase 1: Mark live objects 19.712ms
[376.788s][info][gc,phases,start] GC(121) Phase 2: Prepare for compaction
[376.792s][info][gc,phases      ] GC(121) Phase 2: Prepare for compaction 4.353ms
[376.792s][info][gc,phases,start] GC(121) Phase 3: Adjust pointers
[376.808s][info][gc,phases      ] GC(121) Phase 3: Adjust pointers 15.608ms
[376.808s][info][gc,phases,start] GC(121) Phase 4: Compact heap
[376.811s][info][gc,phases      ] GC(121) Phase 4: Compact heap 3.058ms
[376.832s][info][gc,heap        ] GC(121) Eden regions: 377->0(1228)
[376.832s][info][gc,heap        ] GC(121) Survivor regions: 32->0(43)
[376.832s][info][gc,heap        ] GC(121) Old regions: 38->38
[376.832s][info][gc,heap        ] GC(121) Archive regions: 0->0
[376.832s][info][gc,heap        ] GC(121) Humongous regions: 168->3
[376.832s][info][gc,metaspace   ] GC(121) Metaspace: 130722K(132544K)->130722K(132544K) NonClass: 114280K(114880K)->114280K(114880K) Class: 16442K(17664K)->16442K(17664K)
[376.832s][info][gc             ] GC(121) Pause Full (System.gc()) 1221M->74M(4096M) 64.703ms
[376.832s][info][gc,cpu         ] GC(121) User=0.14s Sys=0.02s Real=0.08s
[380.327s][info][gc,start       ] GC(122) Pause Young (Normal) (G1 Preventive Collection)
[380.327s][info][gc,task        ] GC(122) Using 6 workers of 6 for evacuation
[380.338s][info][gc,phases      ] GC(122)   Pre Evacuate Collection Set: 0.2ms
[380.338s][info][gc,phases      ] GC(122)   Merge Heap Roots: 0.2ms
[380.338s][info][gc,phases      ] GC(122)   Evacuate Collection Set: 8.9ms
[380.338s][info][gc,phases      ] GC(122)   Post Evacuate Collection Set: 1.9ms
[380.338s][info][gc,phases      ] GC(122)   Other: 0.2ms
[380.338s][info][gc,heap        ] GC(122) Eden regions: 1125->0(1195)
[380.338s][info][gc,heap        ] GC(122) Survivor regions: 0->33(43)
[380.338s][info][gc,heap        ] GC(122) Old regions: 38->38
[380.338s][info][gc,heap        ] GC(122) Archive regions: 0->0
[380.338s][info][gc,heap        ] GC(122) Humongous regions: 842->3
[380.338s][info][gc,metaspace   ] GC(122) Metaspace: 130735K(132544K)->130735K(132544K) NonClass: 114293K(114880K)->114293K(114880K) Class: 16442K(17664K)->16442K(17664K)
[380.338s][info][gc             ] GC(122) Pause Young (Normal) (G1 Preventive Collection) 4002M->139M(4096M) 11.467ms
[380.338s][info][gc,cpu         ] GC(122) User=0.09s Sys=0.00s Real=0.01s
[383.290s][info][gc,start       ] GC(123) Pause Full (System.gc())
[383.290s][info][gc,task        ] GC(123) Using 6 workers of 6 for full compaction
[383.291s][info][gc,phases,start] GC(123) Phase 1: Mark live objects
[383.309s][info][gc,phases      ] GC(123) Phase 1: Mark live objects 18.101ms
[383.309s][info][gc,phases,start] GC(123) Phase 2: Prepare for compaction
[383.313s][info][gc,phases      ] GC(123) Phase 2: Prepare for compaction 4.038ms
[383.313s][info][gc,phases,start] GC(123) Phase 3: Adjust pointers
[383.328s][info][gc,phases      ] GC(123) Phase 3: Adjust pointers 15.198ms
[383.328s][info][gc,phases,start] GC(123) Phase 4: Compact heap
[383.330s][info][gc,phases      ] GC(123) Phase 4: Compact heap 2.185ms
[383.352s][info][gc,heap        ] GC(123) Eden regions: 376->0(1228)
[383.352s][info][gc,heap        ] GC(123) Survivor regions: 33->0(43)
[383.352s][info][gc,heap        ] GC(123) Old regions: 38->39
[383.352s][info][gc,heap        ] GC(123) Archive regions: 0->0
[383.352s][info][gc,heap        ] GC(123) Humongous regions: 167->3
[383.352s][info][gc,metaspace   ] GC(123) Metaspace: 130748K(132544K)->130748K(132544K) NonClass: 114306K(114880K)->114306K(114880K) Class: 16442K(17664K)->16442K(17664K)
[383.352s][info][gc             ] GC(123) Pause Full (System.gc()) 1218M->75M(4096M) 61.444ms
[383.352s][info][gc,cpu         ] GC(123) User=0.14s Sys=0.00s Real=0.05s
[386.822s][info][gc,start       ] GC(124) Pause Young (Normal) (G1 Preventive Collection)
[386.823s][info][gc,task        ] GC(124) Using 6 workers of 6 for evacuation
[386.834s][info][gc,phases      ] GC(124)   Pre Evacuate Collection Set: 0.2ms
[386.834s][info][gc,phases      ] GC(124)   Merge Heap Roots: 0.2ms
[386.834s][info][gc,phases      ] GC(124)   Evacuate Collection Set: 8.7ms
[386.834s][info][gc,phases      ] GC(124)   Post Evacuate Collection Set: 1.9ms
[386.834s][info][gc,phases      ] GC(124)   Other: 0.3ms
[386.834s][info][gc,heap        ] GC(124) Eden regions: 1125->0(1195)
[386.834s][info][gc,heap        ] GC(124) Survivor regions: 0->33(43)
[386.834s][info][gc,heap        ] GC(124) Old regions: 39->39
[386.834s][info][gc,heap        ] GC(124) Archive regions: 0->0
[386.834s][info][gc,heap        ] GC(124) Humongous regions: 841->3
[386.834s][info][gc,metaspace   ] GC(124) Metaspace: 130769K(132608K)->130769K(132608K) NonClass: 114327K(114944K)->114327K(114944K) Class: 16442K(17664K)->16442K(17664K)
[386.834s][info][gc             ] GC(124) Pause Young (Normal) (G1 Preventive Collection) 4001M->139M(4096M) 11.410ms
[386.834s][info][gc,cpu         ] GC(124) User=0.00s Sys=0.00s Real=0.01s
[389.817s][info][gc,start       ] GC(125) Pause Full (System.gc())
[389.818s][info][gc,task        ] GC(125) Using 6 workers of 6 for full compaction
[389.818s][info][gc,phases,start] GC(125) Phase 1: Mark live objects
[389.836s][info][gc,phases      ] GC(125) Phase 1: Mark live objects 18.525ms
[389.836s][info][gc,phases,start] GC(125) Phase 2: Prepare for compaction
[389.841s][info][gc,phases      ] GC(125) Phase 2: Prepare for compaction 4.534ms
[389.841s][info][gc,phases,start] GC(125) Phase 3: Adjust pointers
[389.857s][info][gc,phases      ] GC(125) Phase 3: Adjust pointers 15.615ms
[389.857s][info][gc,phases,start] GC(125) Phase 4: Compact heap
[389.860s][info][gc,phases      ] GC(125) Phase 4: Compact heap 2.898ms
[389.882s][info][gc,heap        ] GC(125) Eden regions: 377->0(1228)
[389.882s][info][gc,heap        ] GC(125) Survivor regions: 33->0(43)
[389.882s][info][gc,heap        ] GC(125) Old regions: 39->38
[389.882s][info][gc,heap        ] GC(125) Archive regions: 0->0
[389.882s][info][gc,heap        ] GC(125) Humongous regions: 168->3
[389.882s][info][gc,metaspace   ] GC(125) Metaspace: 130777K(132608K)->130777K(132608K) NonClass: 114335K(114944K)->114335K(114944K) Class: 16442K(17664K)->16442K(17664K)
[389.882s][info][gc             ] GC(125) Pause Full (System.gc()) 1223M->74M(4096M) 64.294ms
[389.882s][info][gc,cpu         ] GC(125) User=0.28s Sys=0.00s Real=0.06s
[393.426s][info][gc,start       ] GC(126) Pause Young (Normal) (G1 Preventive Collection)
[393.426s][info][gc,task        ] GC(126) Using 6 workers of 6 for evacuation
[393.437s][info][gc,phases      ] GC(126)   Pre Evacuate Collection Set: 0.2ms
[393.437s][info][gc,phases      ] GC(126)   Merge Heap Roots: 0.2ms
[393.437s][info][gc,phases      ] GC(126)   Evacuate Collection Set: 8.7ms
[393.437s][info][gc,phases      ] GC(126)   Post Evacuate Collection Set: 1.9ms
[393.437s][info][gc,phases      ] GC(126)   Other: 0.2ms
[393.437s][info][gc,heap        ] GC(126) Eden regions: 1126->0(1195)
[393.437s][info][gc,heap        ] GC(126) Survivor regions: 0->33(43)
[393.437s][info][gc,heap        ] GC(126) Old regions: 38->38
[393.437s][info][gc,heap        ] GC(126) Archive regions: 0->0
[393.437s][info][gc,heap        ] GC(126) Humongous regions: 841->3
[393.437s][info][gc,metaspace   ] GC(126) Metaspace: 130783K(132608K)->130783K(132608K) NonClass: 114341K(114944K)->114341K(114944K) Class: 16442K(17664K)->16442K(17664K)
[393.437s][info][gc             ] GC(126) Pause Young (Normal) (G1 Preventive Collection) 4001M->140M(4096M) 11.296ms
[393.437s][info][gc,cpu         ] GC(126) User=0.06s Sys=0.00s Real=0.01s
[396.378s][info][gc,start       ] GC(127) Pause Full (System.gc())
[396.379s][info][gc,task        ] GC(127) Using 6 workers of 6 for full compaction
[396.379s][info][gc,phases,start] GC(127) Phase 1: Mark live objects
[396.399s][info][gc,phases      ] GC(127) Phase 1: Mark live objects 19.629ms
[396.399s][info][gc,phases,start] GC(127) Phase 2: Prepare for compaction
[396.403s][info][gc,phases      ] GC(127) Phase 2: Prepare for compaction 4.173ms
[396.403s][info][gc,phases,start] GC(127) Phase 3: Adjust pointers
[396.419s][info][gc,phases      ] GC(127) Phase 3: Adjust pointers 15.723ms
[396.419s][info][gc,phases,start] GC(127) Phase 4: Compact heap
[396.421s][info][gc,phases      ] GC(127) Phase 4: Compact heap 2.528ms
[396.443s][info][gc,heap        ] GC(127) Eden regions: 376->0(1228)
[396.443s][info][gc,heap        ] GC(127) Survivor regions: 33->0(43)
[396.443s][info][gc,heap        ] GC(127) Old regions: 38->38
[396.443s][info][gc,heap        ] GC(127) Archive regions: 0->0
[396.443s][info][gc,heap        ] GC(127) Humongous regions: 168->3
[396.443s][info][gc,metaspace   ] GC(127) Metaspace: 130784K(132608K)->130784K(132608K) NonClass: 114342K(114944K)->114342K(114944K) Class: 16442K(17664K)->16442K(17664K)
[396.443s][info][gc             ] GC(127) Pause Full (System.gc()) 1222M->75M(4096M) 64.351ms
[396.443s][info][gc,cpu         ] GC(127) User=0.22s Sys=0.02s Real=0.05s
[399.988s][info][gc,start       ] GC(128) Pause Young (Normal) (G1 Preventive Collection)
[399.988s][info][gc,task        ] GC(128) Using 6 workers of 6 for evacuation
[400.000s][info][gc,phases      ] GC(128)   Pre Evacuate Collection Set: 0.2ms
[400.000s][info][gc,phases      ] GC(128)   Merge Heap Roots: 0.2ms
[400.000s][info][gc,phases      ] GC(128)   Evacuate Collection Set: 9.0ms
[400.000s][info][gc,phases      ] GC(128)   Post Evacuate Collection Set: 1.9ms
[400.000s][info][gc,phases      ] GC(128)   Other: 0.2ms
[400.000s][info][gc,heap        ] GC(128) Eden regions: 1126->0(1196)
[400.000s][info][gc,heap        ] GC(128) Survivor regions: 0->32(44)
[400.000s][info][gc,heap        ] GC(128) Old regions: 38->38
[400.000s][info][gc,heap        ] GC(128) Archive regions: 0->0
[400.000s][info][gc,heap        ] GC(128) Humongous regions: 840->3
[400.000s][info][gc,metaspace   ] GC(128) Metaspace: 130795K(132608K)->130795K(132608K) NonClass: 114353K(114944K)->114353K(114944K) Class: 16442K(17664K)->16442K(17664K)
[400.000s][info][gc             ] GC(128) Pause Young (Normal) (G1 Preventive Collection) 4000M->138M(4096M) 11.587ms
[400.000s][info][gc,cpu         ] GC(128) User=0.08s Sys=0.00s Real=0.01s
[402.961s][info][gc,start       ] GC(129) Pause Full (System.gc())
[402.961s][info][gc,task        ] GC(129) Using 6 workers of 6 for full compaction
[402.961s][info][gc,phases,start] GC(129) Phase 1: Mark live objects
[402.980s][info][gc,phases      ] GC(129) Phase 1: Mark live objects 18.739ms
[402.980s][info][gc,phases,start] GC(129) Phase 2: Prepare for compaction
[402.985s][info][gc,phases      ] GC(129) Phase 2: Prepare for compaction 4.523ms
[402.985s][info][gc,phases,start] GC(129) Phase 3: Adjust pointers
[403.002s][info][gc,phases      ] GC(129) Phase 3: Adjust pointers 17.594ms
[403.003s][info][gc,phases,start] GC(129) Phase 4: Compact heap
[403.005s][info][gc,phases      ] GC(129) Phase 4: Compact heap 2.834ms
[403.026s][info][gc,heap        ] GC(129) Eden regions: 377->0(1228)
[403.026s][info][gc,heap        ] GC(129) Survivor regions: 32->0(44)
[403.026s][info][gc,heap        ] GC(129) Old regions: 38->37
[403.026s][info][gc,heap        ] GC(129) Archive regions: 0->0
[403.026s][info][gc,heap        ] GC(129) Humongous regions: 169->3
[403.026s][info][gc,metaspace   ] GC(129) Metaspace: 130795K(132608K)->130795K(132608K) NonClass: 114353K(114944K)->114353K(114944K) Class: 16442K(17664K)->16442K(17664K)
[403.026s][info][gc             ] GC(129) Pause Full (System.gc()) 1223M->74M(4096M) 65.289ms
[403.026s][info][gc,cpu         ] GC(129) User=0.14s Sys=0.00s Real=0.07s
[406.577s][info][gc,start       ] GC(130) Pause Young (Normal) (G1 Preventive Collection)
[406.577s][info][gc,task        ] GC(130) Using 6 workers of 6 for evacuation
[406.588s][info][gc,phases      ] GC(130)   Pre Evacuate Collection Set: 0.2ms
[406.588s][info][gc,phases      ] GC(130)   Merge Heap Roots: 0.1ms
[406.588s][info][gc,phases      ] GC(130)   Evacuate Collection Set: 8.8ms
[406.588s][info][gc,phases      ] GC(130)   Post Evacuate Collection Set: 1.8ms
[406.588s][info][gc,phases      ] GC(130)   Other: 0.3ms
[406.588s][info][gc,heap        ] GC(130) Eden regions: 1126->0(1195)
[406.588s][info][gc,heap        ] GC(130) Survivor regions: 0->33(43)
[406.588s][info][gc,heap        ] GC(130) Old regions: 37->37
[406.588s][info][gc,heap        ] GC(130) Archive regions: 0->0
[406.588s][info][gc,heap        ] GC(130) Humongous regions: 842->3
[406.588s][info][gc,metaspace   ] GC(130) Metaspace: 130797K(132608K)->130797K(132608K) NonClass: 114355K(114944K)->114355K(114944K) Class: 16442K(17664K)->16442K(17664K)
[406.589s][info][gc             ] GC(130) Pause Young (Normal) (G1 Preventive Collection) 4004M->140M(4096M) 11.360ms
[406.589s][info][gc,cpu         ] GC(130) User=0.09s Sys=0.00s Real=0.01s
[409.542s][info][gc,start       ] GC(131) Pause Full (System.gc())
[409.542s][info][gc,task        ] GC(131) Using 6 workers of 6 for full compaction
[409.542s][info][gc,phases,start] GC(131) Phase 1: Mark live objects
[409.562s][info][gc,phases      ] GC(131) Phase 1: Mark live objects 20.055ms
[409.563s][info][gc,phases,start] GC(131) Phase 2: Prepare for compaction
[409.567s][info][gc,phases      ] GC(131) Phase 2: Prepare for compaction 4.381ms
[409.567s][info][gc,phases,start] GC(131) Phase 3: Adjust pointers
[409.582s][info][gc,phases      ] GC(131) Phase 3: Adjust pointers 14.944ms
[409.582s][info][gc,phases,start] GC(131) Phase 4: Compact heap
[409.585s][info][gc,phases      ] GC(131) Phase 4: Compact heap 3.317ms
[409.606s][info][gc,heap        ] GC(131) Eden regions: 375->0(1228)
[409.606s][info][gc,heap        ] GC(131) Survivor regions: 33->0(43)
[409.606s][info][gc,heap        ] GC(131) Old regions: 37->38
[409.606s][info][gc,heap        ] GC(131) Archive regions: 0->0
[409.606s][info][gc,heap        ] GC(131) Humongous regions: 167->3
[409.606s][info][gc,metaspace   ] GC(131) Metaspace: 130799K(132608K)->130799K(132608K) NonClass: 114357K(114944K)->114357K(114944K) Class: 16442K(17664K)->16442K(17664K)
[409.606s][info][gc             ] GC(131) Pause Full (System.gc()) 1217M->75M(4096M) 63.998ms
[409.606s][info][gc,cpu         ] GC(131) User=0.25s Sys=0.00s Real=0.06s
[413.137s][info][gc,start       ] GC(132) Pause Young (Normal) (G1 Preventive Collection)
[413.137s][info][gc,task        ] GC(132) Using 6 workers of 6 for evacuation
[413.149s][info][gc,phases      ] GC(132)   Pre Evacuate Collection Set: 0.2ms
[413.149s][info][gc,phases      ] GC(132)   Merge Heap Roots: 0.2ms
[413.149s][info][gc,phases      ] GC(132)   Evacuate Collection Set: 8.8ms
[413.149s][info][gc,phases      ] GC(132)   Post Evacuate Collection Set: 1.9ms
[413.149s][info][gc,phases      ] GC(132)   Other: 0.3ms
[413.149s][info][gc,heap        ] GC(132) Eden regions: 1126->0(1195)
[413.149s][info][gc,heap        ] GC(132) Survivor regions: 0->33(44)
[413.149s][info][gc,heap        ] GC(132) Old regions: 38->38
[413.149s][info][gc,heap        ] GC(132) Archive regions: 0->0
[413.149s][info][gc,heap        ] GC(132) Humongous regions: 840->3
[413.149s][info][gc,metaspace   ] GC(132) Metaspace: 130800K(132608K)->130800K(132608K) NonClass: 114358K(114944K)->114358K(114944K) Class: 16442K(17664K)->16442K(17664K)
[413.149s][info][gc             ] GC(132) Pause Young (Normal) (G1 Preventive Collection) 4000M->141M(4096M) 11.423ms
[413.149s][info][gc,cpu         ] GC(132) User=0.03s Sys=0.00s Real=0.01s
[416.091s][info][gc,start       ] GC(133) Pause Full (System.gc())
[416.091s][info][gc,task        ] GC(133) Using 6 workers of 6 for full compaction
[416.092s][info][gc,phases,start] GC(133) Phase 1: Mark live objects
[416.110s][info][gc,phases      ] GC(133) Phase 1: Mark live objects 17.847ms
[416.110s][info][gc,phases,start] GC(133) Phase 2: Prepare for compaction
[416.115s][info][gc,phases      ] GC(133) Phase 2: Prepare for compaction 5.137ms
[416.115s][info][gc,phases,start] GC(133) Phase 3: Adjust pointers
[416.130s][info][gc,phases      ] GC(133) Phase 3: Adjust pointers 15.108ms
[416.130s][info][gc,phases,start] GC(133) Phase 4: Compact heap
[416.133s][info][gc,phases      ] GC(133) Phase 4: Compact heap 2.791ms
[416.154s][info][gc,heap        ] GC(133) Eden regions: 377->0(1228)
[416.154s][info][gc,heap        ] GC(133) Survivor regions: 33->0(44)
[416.154s][info][gc,heap        ] GC(133) Old regions: 38->37
[416.154s][info][gc,heap        ] GC(133) Archive regions: 0->0
[416.154s][info][gc,heap        ] GC(133) Humongous regions: 169->3
[416.154s][info][gc,metaspace   ] GC(133) Metaspace: 130800K(132608K)->130800K(132608K) NonClass: 114358K(114944K)->114358K(114944K) Class: 16442K(17664K)->16442K(17664K)
[416.154s][info][gc             ] GC(133) Pause Full (System.gc()) 1226M->74M(4096M) 62.846ms
[416.154s][info][gc,cpu         ] GC(133) User=0.25s Sys=0.02s Real=0.06s
[419.696s][info][gc,start       ] GC(134) Pause Young (Normal) (G1 Preventive Collection)
[419.696s][info][gc,task        ] GC(134) Using 6 workers of 6 for evacuation
[419.707s][info][gc,phases      ] GC(134)   Pre Evacuate Collection Set: 0.2ms
[419.707s][info][gc,phases      ] GC(134)   Merge Heap Roots: 0.2ms
[419.707s][info][gc,phases      ] GC(134)   Evacuate Collection Set: 8.8ms
[419.707s][info][gc,phases      ] GC(134)   Post Evacuate Collection Set: 1.8ms
[419.707s][info][gc,phases      ] GC(134)   Other: 0.3ms
[419.707s][info][gc,heap        ] GC(134) Eden regions: 1127->0(1195)
[419.707s][info][gc,heap        ] GC(134) Survivor regions: 0->33(43)
[419.707s][info][gc,heap        ] GC(134) Old regions: 37->37
[419.707s][info][gc,heap        ] GC(134) Archive regions: 0->0
[419.707s][info][gc,heap        ] GC(134) Humongous regions: 841->3
[419.707s][info][gc,metaspace   ] GC(134) Metaspace: 130803K(132608K)->130803K(132608K) NonClass: 114361K(114944K)->114361K(114944K) Class: 16442K(17664K)->16442K(17664K)
[419.707s][info][gc             ] GC(134) Pause Young (Normal) (G1 Preventive Collection) 4003M->139M(4096M) 11.393ms
[419.707s][info][gc,cpu         ] GC(134) User=0.00s Sys=0.00s Real=0.01s
[422.677s][info][gc,start       ] GC(135) Pause Full (System.gc())
[422.677s][info][gc,task        ] GC(135) Using 6 workers of 6 for full compaction
[422.677s][info][gc,phases,start] GC(135) Phase 1: Mark live objects
[422.696s][info][gc,phases      ] GC(135) Phase 1: Mark live objects 18.391ms
[422.696s][info][gc,phases,start] GC(135) Phase 2: Prepare for compaction
[422.699s][info][gc,phases      ] GC(135) Phase 2: Prepare for compaction 3.776ms
[422.700s][info][gc,phases,start] GC(135) Phase 3: Adjust pointers
[422.714s][info][gc,phases      ] GC(135) Phase 3: Adjust pointers 14.820ms
[422.714s][info][gc,phases,start] GC(135) Phase 4: Compact heap
[422.717s][info][gc,phases      ] GC(135) Phase 4: Compact heap 2.268ms
[422.738s][info][gc,heap        ] GC(135) Eden regions: 376->0(1228)
[422.738s][info][gc,heap        ] GC(135) Survivor regions: 33->0(43)
[422.738s][info][gc,heap        ] GC(135) Old regions: 37->38
[422.738s][info][gc,heap        ] GC(135) Archive regions: 0->0
[422.738s][info][gc,heap        ] GC(135) Humongous regions: 168->3
[422.738s][info][gc,metaspace   ] GC(135) Metaspace: 130804K(132608K)->130804K(132608K) NonClass: 114362K(114944K)->114362K(114944K) Class: 16442K(17664K)->16442K(17664K)
[422.738s][info][gc             ] GC(135) Pause Full (System.gc()) 1220M->75M(4096M) 60.938ms
[422.738s][info][gc,cpu         ] GC(135) User=0.20s Sys=0.00s Real=0.07s
[426.217s][info][gc,start       ] GC(136) Pause Young (Normal) (G1 Preventive Collection)
[426.217s][info][gc,task        ] GC(136) Using 6 workers of 6 for evacuation
[426.229s][info][gc,phases      ] GC(136)   Pre Evacuate Collection Set: 0.2ms
[426.229s][info][gc,phases      ] GC(136)   Merge Heap Roots: 0.2ms
[426.229s][info][gc,phases      ] GC(136)   Evacuate Collection Set: 8.8ms
[426.229s][info][gc,phases      ] GC(136)   Post Evacuate Collection Set: 1.9ms
[426.229s][info][gc,phases      ] GC(136)   Other: 0.3ms
[426.229s][info][gc,heap        ] GC(136) Eden regions: 1126->0(1196)
[426.229s][info][gc,heap        ] GC(136) Survivor regions: 0->32(43)
[426.229s][info][gc,heap        ] GC(136) Old regions: 38->38
[426.229s][info][gc,heap        ] GC(136) Archive regions: 0->0
[426.229s][info][gc,heap        ] GC(136) Humongous regions: 841->3
[426.229s][info][gc,metaspace   ] GC(136) Metaspace: 130804K(132608K)->130804K(132608K) NonClass: 114362K(114944K)->114362K(114944K) Class: 16442K(17664K)->16442K(17664K)
[426.229s][info][gc             ] GC(136) Pause Young (Normal) (G1 Preventive Collection) 4003M->138M(4096M) 11.411ms
[426.229s][info][gc,cpu         ] GC(136) User=0.09s Sys=0.00s Real=0.01s
[429.173s][info][gc,start       ] GC(137) Pause Full (System.gc())
[429.173s][info][gc,task        ] GC(137) Using 6 workers of 6 for full compaction
[429.174s][info][gc,phases,start] GC(137) Phase 1: Mark live objects
[429.192s][info][gc,phases      ] GC(137) Phase 1: Mark live objects 17.830ms
[429.192s][info][gc,phases,start] GC(137) Phase 2: Prepare for compaction
[429.196s][info][gc,phases      ] GC(137) Phase 2: Prepare for compaction 4.634ms
[429.196s][info][gc,phases,start] GC(137) Phase 3: Adjust pointers
[429.212s][info][gc,phases      ] GC(137) Phase 3: Adjust pointers 15.323ms
[429.212s][info][gc,phases,start] GC(137) Phase 4: Compact heap
[429.215s][info][gc,phases      ] GC(137) Phase 4: Compact heap 2.986ms
[429.237s][info][gc,heap        ] GC(137) Eden regions: 378->0(1228)
[429.237s][info][gc,heap        ] GC(137) Survivor regions: 32->0(43)
[429.237s][info][gc,heap        ] GC(137) Old regions: 38->38
[429.237s][info][gc,heap        ] GC(137) Archive regions: 0->0
[429.237s][info][gc,heap        ] GC(137) Humongous regions: 168->3
[429.237s][info][gc,metaspace   ] GC(137) Metaspace: 130806K(132608K)->130806K(132608K) NonClass: 114364K(114944K)->114364K(114944K) Class: 16442K(17664K)->16442K(17664K)
[429.237s][info][gc             ] GC(137) Pause Full (System.gc()) 1223M->74M(4096M) 63.862ms
[429.237s][info][gc,cpu         ] GC(137) User=0.19s Sys=0.02s Real=0.06s
[432.785s][info][gc,start       ] GC(138) Pause Young (Normal) (G1 Preventive Collection)
[432.785s][info][gc,task        ] GC(138) Using 6 workers of 6 for evacuation
[432.796s][info][gc,phases      ] GC(138)   Pre Evacuate Collection Set: 0.2ms
[432.797s][info][gc,phases      ] GC(138)   Merge Heap Roots: 0.2ms
[432.797s][info][gc,phases      ] GC(138)   Evacuate Collection Set: 8.9ms
[432.797s][info][gc,phases      ] GC(138)   Post Evacuate Collection Set: 2.0ms
[432.797s][info][gc,phases      ] GC(138)   Other: 0.2ms
[432.797s][info][gc,heap        ] GC(138) Eden regions: 1126->0(1195)
[432.797s][info][gc,heap        ] GC(138) Survivor regions: 0->33(43)
[432.797s][info][gc,heap        ] GC(138) Old regions: 38->38
[432.797s][info][gc,heap        ] GC(138) Archive regions: 0->0
[432.797s][info][gc,heap        ] GC(138) Humongous regions: 841->3
[432.797s][info][gc,metaspace   ] GC(138) Metaspace: 130829K(132672K)->130829K(132672K) NonClass: 114387K(115008K)->114387K(115008K) Class: 16442K(17664K)->16442K(17664K)
[432.797s][info][gc             ] GC(138) Pause Young (Normal) (G1 Preventive Collection) 4002M->139M(4096M) 11.536ms
[432.797s][info][gc,cpu         ] GC(138) User=0.09s Sys=0.00s Real=0.01s
[435.775s][info][gc,start       ] GC(139) Pause Full (System.gc())
[435.775s][info][gc,task        ] GC(139) Using 6 workers of 6 for full compaction
[435.776s][info][gc,phases,start] GC(139) Phase 1: Mark live objects
[435.793s][info][gc,phases      ] GC(139) Phase 1: Mark live objects 17.658ms
[435.793s][info][gc,phases,start] GC(139) Phase 2: Prepare for compaction
[435.798s][info][gc,phases      ] GC(139) Phase 2: Prepare for compaction 4.859ms
[435.798s][info][gc,phases,start] GC(139) Phase 3: Adjust pointers
[435.813s][info][gc,phases      ] GC(139) Phase 3: Adjust pointers 15.035ms
[435.813s][info][gc,phases,start] GC(139) Phase 4: Compact heap
[435.816s][info][gc,phases      ] GC(139) Phase 4: Compact heap 2.593ms
[435.837s][info][gc,heap        ] GC(139) Eden regions: 376->0(1228)
[435.837s][info][gc,heap        ] GC(139) Survivor regions: 33->0(43)
[435.837s][info][gc,heap        ] GC(139) Old regions: 38->38
[435.837s][info][gc,heap        ] GC(139) Archive regions: 0->0
[435.837s][info][gc,heap        ] GC(139) Humongous regions: 168->3
[435.837s][info][gc,metaspace   ] GC(139) Metaspace: 130829K(132672K)->130829K(132672K) NonClass: 114387K(115008K)->114387K(115008K) Class: 16442K(17664K)->16442K(17664K)
[435.837s][info][gc             ] GC(139) Pause Full (System.gc()) 1220M->74M(4096M) 61.348ms
[435.837s][info][gc,cpu         ] GC(139) User=0.27s Sys=0.03s Real=0.07s
[439.346s][info][gc,start       ] GC(140) Pause Young (Normal) (G1 Preventive Collection)
[439.346s][info][gc,task        ] GC(140) Using 6 workers of 6 for evacuation
[439.357s][info][gc,phases      ] GC(140)   Pre Evacuate Collection Set: 0.2ms
[439.357s][info][gc,phases      ] GC(140)   Merge Heap Roots: 0.2ms
[439.357s][info][gc,phases      ] GC(140)   Evacuate Collection Set: 8.7ms
[439.357s][info][gc,phases      ] GC(140)   Post Evacuate Collection Set: 1.9ms
[439.357s][info][gc,phases      ] GC(140)   Other: 0.3ms
[439.357s][info][gc,heap        ] GC(140) Eden regions: 1126->0(1196)
[439.357s][info][gc,heap        ] GC(140) Survivor regions: 0->32(43)
[439.357s][info][gc,heap        ] GC(140) Old regions: 38->38
[439.357s][info][gc,heap        ] GC(140) Archive regions: 0->0
[439.357s][info][gc,heap        ] GC(140) Humongous regions: 841->3
[439.357s][info][gc,metaspace   ] GC(140) Metaspace: 130892K(132736K)->130892K(132736K) NonClass: 114450K(115072K)->114450K(115072K) Class: 16442K(17664K)->16442K(17664K)
[439.357s][info][gc             ] GC(140) Pause Young (Normal) (G1 Preventive Collection) 4002M->137M(4096M) 11.318ms
[439.357s][info][gc,cpu         ] GC(140) User=0.09s Sys=0.00s Real=0.01s
[442.314s][info][gc,start       ] GC(141) Pause Full (System.gc())
[442.314s][info][gc,task        ] GC(141) Using 6 workers of 6 for full compaction
[442.314s][info][gc,phases,start] GC(141) Phase 1: Mark live objects
[442.334s][info][gc,phases      ] GC(141) Phase 1: Mark live objects 19.610ms
[442.334s][info][gc,phases,start] GC(141) Phase 2: Prepare for compaction
[442.338s][info][gc,phases      ] GC(141) Phase 2: Prepare for compaction 4.085ms
[442.338s][info][gc,phases,start] GC(141) Phase 3: Adjust pointers
[442.353s][info][gc,phases      ] GC(141) Phase 3: Adjust pointers 15.238ms
[442.353s][info][gc,phases,start] GC(141) Phase 4: Compact heap
[442.356s][info][gc,phases      ] GC(141) Phase 4: Compact heap 2.645ms
[442.377s][info][gc,heap        ] GC(141) Eden regions: 376->0(1228)
[442.377s][info][gc,heap        ] GC(141) Survivor regions: 32->0(43)
[442.377s][info][gc,heap        ] GC(141) Old regions: 38->38
[442.377s][info][gc,heap        ] GC(141) Archive regions: 0->0
[442.377s][info][gc,heap        ] GC(141) Humongous regions: 168->3
[442.377s][info][gc,metaspace   ] GC(141) Metaspace: 131027K(132864K)->131027K(132864K) NonClass: 114585K(115200K)->114585K(115200K) Class: 16442K(17664K)->16442K(17664K)
[442.377s][info][gc             ] GC(141) Pause Full (System.gc()) 1218M->75M(4096M) 63.444ms
[442.377s][info][gc,cpu         ] GC(141) User=0.20s Sys=0.02s Real=0.07s
[445.907s][info][gc,start       ] GC(142) Pause Young (Normal) (G1 Preventive Collection)
[445.907s][info][gc,task        ] GC(142) Using 6 workers of 6 for evacuation
[445.919s][info][gc,phases      ] GC(142)   Pre Evacuate Collection Set: 0.2ms
[445.919s][info][gc,phases      ] GC(142)   Merge Heap Roots: 0.2ms
[445.919s][info][gc,phases      ] GC(142)   Evacuate Collection Set: 9.2ms
[445.919s][info][gc,phases      ] GC(142)   Post Evacuate Collection Set: 1.6ms
[445.919s][info][gc,phases      ] GC(142)   Other: 0.2ms
[445.919s][info][gc,heap        ] GC(142) Eden regions: 1125->0(1195)
[445.919s][info][gc,heap        ] GC(142) Survivor regions: 0->33(42)
[445.919s][info][gc,heap        ] GC(142) Old regions: 38->38
[445.919s][info][gc,heap        ] GC(142) Archive regions: 0->0
[445.919s][info][gc,heap        ] GC(142) Humongous regions: 843->3
[445.919s][info][gc,metaspace   ] GC(142) Metaspace: 131030K(132864K)->131030K(132864K) NonClass: 114588K(115200K)->114588K(115200K) Class: 16442K(17664K)->16442K(17664K)
[445.919s][info][gc             ] GC(142) Pause Young (Normal) (G1 Preventive Collection) 4005M->140M(4096M) 11.434ms
[445.919s][info][gc,cpu         ] GC(142) User=0.06s Sys=0.02s Real=0.01s
[448.885s][info][gc,start       ] GC(143) Pause Full (System.gc())
[448.885s][info][gc,task        ] GC(143) Using 6 workers of 6 for full compaction
[448.885s][info][gc,phases,start] GC(143) Phase 1: Mark live objects
[448.905s][info][gc,phases      ] GC(143) Phase 1: Mark live objects 19.895ms
[448.905s][info][gc,phases,start] GC(143) Phase 2: Prepare for compaction
[448.910s][info][gc,phases      ] GC(143) Phase 2: Prepare for compaction 4.468ms
[448.910s][info][gc,phases,start] GC(143) Phase 3: Adjust pointers
[448.925s][info][gc,phases      ] GC(143) Phase 3: Adjust pointers 15.532ms
[448.925s][info][gc,phases,start] GC(143) Phase 4: Compact heap
[448.928s][info][gc,phases      ] GC(143) Phase 4: Compact heap 2.731ms
[448.950s][info][gc,heap        ] GC(143) Eden regions: 376->0(1228)
[448.950s][info][gc,heap        ] GC(143) Survivor regions: 33->0(42)
[448.950s][info][gc,heap        ] GC(143) Old regions: 38->38
[448.950s][info][gc,heap        ] GC(143) Archive regions: 0->0
[448.950s][info][gc,heap        ] GC(143) Humongous regions: 166->3
[448.950s][info][gc,metaspace   ] GC(143) Metaspace: 131030K(132864K)->131030K(132864K) NonClass: 114588K(115200K)->114588K(115200K) Class: 16442K(17664K)->16442K(17664K)
[448.950s][info][gc             ] GC(143) Pause Full (System.gc()) 1218M->74M(4096M) 64.665ms
[448.950s][info][gc,cpu         ] GC(143) User=0.25s Sys=0.02s Real=0.08s
[452.474s][info][gc,start       ] GC(144) Pause Young (Normal) (G1 Preventive Collection)
[452.474s][info][gc,task        ] GC(144) Using 6 workers of 6 for evacuation
[452.485s][info][gc,phases      ] GC(144)   Pre Evacuate Collection Set: 0.2ms
[452.485s][info][gc,phases      ] GC(144)   Merge Heap Roots: 0.2ms
[452.485s][info][gc,phases      ] GC(144)   Evacuate Collection Set: 8.8ms
[452.485s][info][gc,phases      ] GC(144)   Post Evacuate Collection Set: 1.8ms
[452.485s][info][gc,phases      ] GC(144)   Other: 0.3ms
[452.485s][info][gc,heap        ] GC(144) Eden regions: 1125->0(1195)
[452.485s][info][gc,heap        ] GC(144) Survivor regions: 0->33(42)
[452.485s][info][gc,heap        ] GC(144) Old regions: 38->38
[452.485s][info][gc,heap        ] GC(144) Archive regions: 0->0
[452.485s][info][gc,heap        ] GC(144) Humongous regions: 843->3
[452.485s][info][gc,metaspace   ] GC(144) Metaspace: 131034K(132864K)->131034K(132864K) NonClass: 114592K(115200K)->114592K(115200K) Class: 16442K(17664K)->16442K(17664K)
[452.485s][info][gc             ] GC(144) Pause Young (Normal) (G1 Preventive Collection) 4004M->138M(4096M) 11.310ms
[452.485s][info][gc,cpu         ] GC(144) User=0.09s Sys=0.00s Real=0.01s
[455.419s][info][gc,start       ] GC(145) Pause Full (System.gc())
[455.420s][info][gc,task        ] GC(145) Using 6 workers of 6 for full compaction
[455.420s][info][gc,phases,start] GC(145) Phase 1: Mark live objects
[455.440s][info][gc,phases      ] GC(145) Phase 1: Mark live objects 20.165ms
[455.440s][info][gc,phases,start] GC(145) Phase 2: Prepare for compaction
[455.444s][info][gc,phases      ] GC(145) Phase 2: Prepare for compaction 4.107ms
[455.444s][info][gc,phases,start] GC(145) Phase 3: Adjust pointers
[455.460s][info][gc,phases      ] GC(145) Phase 3: Adjust pointers 15.350ms
[455.460s][info][gc,phases,start] GC(145) Phase 4: Compact heap
[455.462s][info][gc,phases      ] GC(145) Phase 4: Compact heap 2.573ms
[455.484s][info][gc,heap        ] GC(145) Eden regions: 376->0(1228)
[455.484s][info][gc,heap        ] GC(145) Survivor regions: 33->0(42)
[455.484s][info][gc,heap        ] GC(145) Old regions: 38->39
[455.484s][info][gc,heap        ] GC(145) Archive regions: 0->0
[455.484s][info][gc,heap        ] GC(145) Humongous regions: 166->3
[455.484s][info][gc,metaspace   ] GC(145) Metaspace: 131038K(132864K)->131038K(132864K) NonClass: 114596K(115200K)->114596K(115200K) Class: 16442K(17664K)->16442K(17664K)
[455.484s][info][gc             ] GC(145) Pause Full (System.gc()) 1215M->75M(4096M) 64.410ms
[455.484s][info][gc,cpu         ] GC(145) User=0.20s Sys=0.02s Real=0.05s
[458.969s][info][gc,start       ] GC(146) Pause Young (Normal) (G1 Preventive Collection)
[458.969s][info][gc,task        ] GC(146) Using 6 workers of 6 for evacuation
[458.980s][info][gc,phases      ] GC(146)   Pre Evacuate Collection Set: 0.2ms
[458.980s][info][gc,phases      ] GC(146)   Merge Heap Roots: 0.2ms
[458.980s][info][gc,phases      ] GC(146)   Evacuate Collection Set: 8.8ms
[458.980s][info][gc,phases      ] GC(146)   Post Evacuate Collection Set: 1.8ms
[458.980s][info][gc,phases      ] GC(146)   Other: 0.3ms
[458.980s][info][gc,heap        ] GC(146) Eden regions: 1125->0(1194)
[458.980s][info][gc,heap        ] GC(146) Survivor regions: 0->34(43)
[458.980s][info][gc,heap        ] GC(146) Old regions: 39->39
[458.980s][info][gc,heap        ] GC(146) Archive regions: 0->0
[458.980s][info][gc,heap        ] GC(146) Humongous regions: 841->3
[458.980s][info][gc,metaspace   ] GC(146) Metaspace: 131046K(132864K)->131046K(132864K) NonClass: 114604K(115200K)->114604K(115200K) Class: 16442K(17664K)->16442K(17664K)
[458.980s][info][gc             ] GC(146) Pause Young (Normal) (G1 Preventive Collection) 4001M->141M(4096M) 11.325ms
[458.980s][info][gc,cpu         ] GC(146) User=0.09s Sys=0.00s Real=0.01s
[461.941s][info][gc,start       ] GC(147) Pause Full (System.gc())
[461.941s][info][gc,task        ] GC(147) Using 6 workers of 6 for full compaction
[461.941s][info][gc,phases,start] GC(147) Phase 1: Mark live objects
[461.960s][info][gc,phases      ] GC(147) Phase 1: Mark live objects 19.027ms
[461.960s][info][gc,phases,start] GC(147) Phase 2: Prepare for compaction
[461.965s][info][gc,phases      ] GC(147) Phase 2: Prepare for compaction 4.427ms
[461.965s][info][gc,phases,start] GC(147) Phase 3: Adjust pointers
[461.981s][info][gc,phases      ] GC(147) Phase 3: Adjust pointers 16.103ms
[461.981s][info][gc,phases,start] GC(147) Phase 4: Compact heap
[461.984s][info][gc,phases      ] GC(147) Phase 4: Compact heap 2.728ms
[462.005s][info][gc,heap        ] GC(147) Eden regions: 378->0(1228)
[462.005s][info][gc,heap        ] GC(147) Survivor regions: 34->0(43)
[462.005s][info][gc,heap        ] GC(147) Old regions: 39->38
[462.005s][info][gc,heap        ] GC(147) Archive regions: 0->0
[462.005s][info][gc,heap        ] GC(147) Humongous regions: 168->3
[462.005s][info][gc,metaspace   ] GC(147) Metaspace: 131047K(132864K)->131047K(132864K) NonClass: 114605K(115200K)->114605K(115200K) Class: 16442K(17664K)->16442K(17664K)
[462.005s][info][gc             ] GC(147) Pause Full (System.gc()) 1226M->74M(4096M) 64.264ms
[462.005s][info][gc,cpu         ] GC(147) User=0.28s Sys=0.00s Real=0.08s
[465.504s][info][gc,start       ] GC(148) Pause Young (Normal) (G1 Preventive Collection)
[465.504s][info][gc,task        ] GC(148) Using 6 workers of 6 for evacuation
[465.514s][info][gc,phases      ] GC(148)   Pre Evacuate Collection Set: 0.2ms
[465.515s][info][gc,phases      ] GC(148)   Merge Heap Roots: 0.2ms
[465.515s][info][gc,phases      ] GC(148)   Evacuate Collection Set: 8.6ms
[465.515s][info][gc,phases      ] GC(148)   Post Evacuate Collection Set: 1.7ms
[465.515s][info][gc,phases      ] GC(148)   Other: 0.2ms
[465.515s][info][gc,heap        ] GC(148) Eden regions: 1126->0(1196)
[465.515s][info][gc,heap        ] GC(148) Survivor regions: 0->32(43)
[465.515s][info][gc,heap        ] GC(148) Old regions: 38->38
[465.515s][info][gc,heap        ] GC(148) Archive regions: 0->0
[465.515s][info][gc,heap        ] GC(148) Humongous regions: 841->3
[465.515s][info][gc,metaspace   ] GC(148) Metaspace: 131048K(132864K)->131048K(132864K) NonClass: 114606K(115200K)->114606K(115200K) Class: 16442K(17664K)->16442K(17664K)
[465.515s][info][gc             ] GC(148) Pause Young (Normal) (G1 Preventive Collection) 4002M->137M(4096M) 11.092ms
[465.515s][info][gc,cpu         ] GC(148) User=0.08s Sys=0.00s Real=0.01s
[468.452s][info][gc,start       ] GC(149) Pause Full (System.gc())
[468.452s][info][gc,task        ] GC(149) Using 6 workers of 6 for full compaction
[468.452s][info][gc,phases,start] GC(149) Phase 1: Mark live objects
[468.471s][info][gc,phases      ] GC(149) Phase 1: Mark live objects 18.801ms
[468.471s][info][gc,phases,start] GC(149) Phase 2: Prepare for compaction
[468.475s][info][gc,phases      ] GC(149) Phase 2: Prepare for compaction 4.476ms
[468.475s][info][gc,phases,start] GC(149) Phase 3: Adjust pointers
[468.491s][info][gc,phases      ] GC(149) Phase 3: Adjust pointers 15.351ms
[468.491s][info][gc,phases,start] GC(149) Phase 4: Compact heap
[468.494s][info][gc,phases      ] GC(149) Phase 4: Compact heap 2.941ms
[468.515s][info][gc,heap        ] GC(149) Eden regions: 377->0(1228)
[468.515s][info][gc,heap        ] GC(149) Survivor regions: 32->0(43)
[468.515s][info][gc,heap        ] GC(149) Old regions: 38->39
[468.515s][info][gc,heap        ] GC(149) Archive regions: 0->0
[468.515s][info][gc,heap        ] GC(149) Humongous regions: 168->3
[468.515s][info][gc,metaspace   ] GC(149) Metaspace: 131048K(132864K)->131048K(132864K) NonClass: 114606K(115200K)->114606K(115200K) Class: 16442K(17664K)->16442K(17664K)
[468.515s][info][gc             ] GC(149) Pause Full (System.gc()) 1220M->75M(4096M) 63.791ms
[468.515s][info][gc,cpu         ] GC(149) User=0.22s Sys=0.00s Real=0.06s
[472.036s][info][gc,start       ] GC(150) Pause Young (Normal) (G1 Preventive Collection)
[472.036s][info][gc,task        ] GC(150) Using 6 workers of 6 for evacuation
[472.047s][info][gc,phases      ] GC(150)   Pre Evacuate Collection Set: 0.2ms
[472.047s][info][gc,phases      ] GC(150)   Merge Heap Roots: 0.2ms
[472.047s][info][gc,phases      ] GC(150)   Evacuate Collection Set: 8.6ms
[472.047s][info][gc,phases      ] GC(150)   Post Evacuate Collection Set: 2.0ms
[472.047s][info][gc,phases      ] GC(150)   Other: 0.2ms
[472.047s][info][gc,heap        ] GC(150) Eden regions: 1126->0(1196)
[472.047s][info][gc,heap        ] GC(150) Survivor regions: 0->32(42)
[472.047s][info][gc,heap        ] GC(150) Old regions: 39->39
[472.047s][info][gc,heap        ] GC(150) Archive regions: 0->0
[472.047s][info][gc,heap        ] GC(150) Humongous regions: 841->3
[472.047s][info][gc,metaspace   ] GC(150) Metaspace: 131050K(132864K)->131050K(132864K) NonClass: 114608K(115200K)->114608K(115200K) Class: 16442K(17664K)->16442K(17664K)
[472.047s][info][gc             ] GC(150) Pause Young (Normal) (G1 Preventive Collection) 4002M->137M(4096M) 11.280ms
[472.047s][info][gc,cpu         ] GC(150) User=0.08s Sys=0.02s Real=0.01s
[475.040s][info][gc,start       ] GC(151) Pause Full (System.gc())
[475.040s][info][gc,task        ] GC(151) Using 6 workers of 6 for full compaction
[475.040s][info][gc,phases,start] GC(151) Phase 1: Mark live objects
[475.059s][info][gc,phases      ] GC(151) Phase 1: Mark live objects 18.920ms
[475.059s][info][gc,phases,start] GC(151) Phase 2: Prepare for compaction
[475.064s][info][gc,phases      ] GC(151) Phase 2: Prepare for compaction 4.376ms
[475.064s][info][gc,phases,start] GC(151) Phase 3: Adjust pointers
[475.079s][info][gc,phases      ] GC(151) Phase 3: Adjust pointers 15.846ms
[475.079s][info][gc,phases,start] GC(151) Phase 4: Compact heap
[475.083s][info][gc,phases      ] GC(151) Phase 4: Compact heap 3.438ms
[475.104s][info][gc,heap        ] GC(151) Eden regions: 376->0(1228)
[475.104s][info][gc,heap        ] GC(151) Survivor regions: 32->0(42)
[475.104s][info][gc,heap        ] GC(151) Old regions: 39->38
[475.104s][info][gc,heap        ] GC(151) Archive regions: 0->0
[475.104s][info][gc,heap        ] GC(151) Humongous regions: 168->3
[475.104s][info][gc,metaspace   ] GC(151) Metaspace: 131051K(132864K)->131051K(132864K) NonClass: 114609K(115200K)->114609K(115200K) Class: 16442K(17664K)->16442K(17664K)
[475.104s][info][gc             ] GC(151) Pause Full (System.gc()) 1218M->74M(4096M) 63.988ms
[475.104s][info][gc,cpu         ] GC(151) User=0.30s Sys=0.00s Real=0.06s
[478.609s][info][gc,start       ] GC(152) Pause Young (Normal) (G1 Preventive Collection)
[478.609s][info][gc,task        ] GC(152) Using 6 workers of 6 for evacuation
[478.621s][info][gc,phases      ] GC(152)   Pre Evacuate Collection Set: 0.2ms
[478.621s][info][gc,phases      ] GC(152)   Merge Heap Roots: 0.2ms
[478.621s][info][gc,phases      ] GC(152)   Evacuate Collection Set: 8.8ms
[478.621s][info][gc,phases      ] GC(152)   Post Evacuate Collection Set: 1.9ms
[478.621s][info][gc,phases      ] GC(152)   Other: 0.3ms
[478.621s][info][gc,heap        ] GC(152) Eden regions: 1125->0(1196)
[478.621s][info][gc,heap        ] GC(152) Survivor regions: 0->32(43)
[478.621s][info][gc,heap        ] GC(152) Old regions: 38->38
[478.621s][info][gc,heap        ] GC(152) Archive regions: 0->0
[478.621s][info][gc,heap        ] GC(152) Humongous regions: 842->3
[478.621s][info][gc,metaspace   ] GC(152) Metaspace: 131051K(132864K)->131051K(132864K) NonClass: 114609K(115200K)->114609K(115200K) Class: 16442K(17664K)->16442K(17664K)
[478.621s][info][gc             ] GC(152) Pause Young (Normal) (G1 Preventive Collection) 4002M->138M(4096M) 11.393ms
[478.621s][info][gc,cpu         ] GC(152) User=0.08s Sys=0.02s Real=0.01s
[481.580s][info][gc,start       ] GC(153) Pause Full (System.gc())
[481.580s][info][gc,task        ] GC(153) Using 6 workers of 6 for full compaction
[481.580s][info][gc,phases,start] GC(153) Phase 1: Mark live objects
[481.600s][info][gc,phases      ] GC(153) Phase 1: Mark live objects 19.755ms
[481.600s][info][gc,phases,start] GC(153) Phase 2: Prepare for compaction
[481.604s][info][gc,phases      ] GC(153) Phase 2: Prepare for compaction 3.990ms
[481.604s][info][gc,phases,start] GC(153) Phase 3: Adjust pointers
[481.620s][info][gc,phases      ] GC(153) Phase 3: Adjust pointers 15.484ms
[481.620s][info][gc,phases,start] GC(153) Phase 4: Compact heap
[481.622s][info][gc,phases      ] GC(153) Phase 4: Compact heap 2.312ms
[481.644s][info][gc,heap        ] GC(153) Eden regions: 376->0(1228)
[481.644s][info][gc,heap        ] GC(153) Survivor regions: 32->0(43)
[481.644s][info][gc,heap        ] GC(153) Old regions: 38->37
[481.644s][info][gc,heap        ] GC(153) Archive regions: 0->0
[481.644s][info][gc,heap        ] GC(153) Humongous regions: 167->3
[481.644s][info][gc,metaspace   ] GC(153) Metaspace: 131051K(132864K)->131051K(132864K) NonClass: 114609K(115200K)->114609K(115200K) Class: 16442K(17664K)->16442K(17664K)
[481.644s][info][gc             ] GC(153) Pause Full (System.gc()) 1218M->75M(4096M) 63.791ms
[481.644s][info][gc,cpu         ] GC(153) User=0.12s Sys=0.00s Real=0.06s
[485.141s][info][gc,start       ] GC(154) Pause Young (Normal) (G1 Preventive Collection)
[485.141s][info][gc,task        ] GC(154) Using 6 workers of 6 for evacuation
[485.153s][info][gc,phases      ] GC(154)   Pre Evacuate Collection Set: 0.2ms
[485.153s][info][gc,phases      ] GC(154)   Merge Heap Roots: 0.2ms
[485.153s][info][gc,phases      ] GC(154)   Evacuate Collection Set: 8.6ms
[485.153s][info][gc,phases      ] GC(154)   Post Evacuate Collection Set: 2.0ms
[485.153s][info][gc,phases      ] GC(154)   Other: 0.3ms
[485.153s][info][gc,heap        ] GC(154) Eden regions: 1126->0(1196)
[485.153s][info][gc,heap        ] GC(154) Survivor regions: 0->32(44)
[485.153s][info][gc,heap        ] GC(154) Old regions: 37->37
[485.153s][info][gc,heap        ] GC(154) Archive regions: 0->0
[485.153s][info][gc,heap        ] GC(154) Humongous regions: 841->3
[485.153s][info][gc,metaspace   ] GC(154) Metaspace: 131051K(132864K)->131051K(132864K) NonClass: 114609K(115200K)->114609K(115200K) Class: 16442K(17664K)->16442K(17664K)
[485.153s][info][gc             ] GC(154) Pause Young (Normal) (G1 Preventive Collection) 4002M->138M(4096M) 11.307ms
[485.153s][info][gc,cpu         ] GC(154) User=0.09s Sys=0.00s Real=0.01s
[488.086s][info][gc,start       ] GC(155) Pause Full (System.gc())
[488.086s][info][gc,task        ] GC(155) Using 6 workers of 6 for full compaction
[488.086s][info][gc,phases,start] GC(155) Phase 1: Mark live objects
[488.106s][info][gc,phases      ] GC(155) Phase 1: Mark live objects 19.967ms
[488.106s][info][gc,phases,start] GC(155) Phase 2: Prepare for compaction
[488.111s][info][gc,phases      ] GC(155) Phase 2: Prepare for compaction 4.489ms
[488.111s][info][gc,phases,start] GC(155) Phase 3: Adjust pointers
[488.126s][info][gc,phases      ] GC(155) Phase 3: Adjust pointers 15.289ms
[488.126s][info][gc,phases,start] GC(155) Phase 4: Compact heap
[488.129s][info][gc,phases      ] GC(155) Phase 4: Compact heap 2.872ms
[488.151s][info][gc,heap        ] GC(155) Eden regions: 377->0(1228)
[488.151s][info][gc,heap        ] GC(155) Survivor regions: 32->0(44)
[488.151s][info][gc,heap        ] GC(155) Old regions: 37->37
[488.151s][info][gc,heap        ] GC(155) Archive regions: 0->0
[488.151s][info][gc,heap        ] GC(155) Humongous regions: 168->3
[488.151s][info][gc,metaspace   ] GC(155) Metaspace: 131051K(132864K)->131051K(132864K) NonClass: 114609K(115200K)->114609K(115200K) Class: 16442K(17664K)->16442K(17664K)
[488.151s][info][gc             ] GC(155) Pause Full (System.gc()) 1221M->74M(4096M) 64.892ms
[488.151s][info][gc,cpu         ] GC(155) User=0.20s Sys=0.02s Real=0.06s
[491.665s][info][gc,start       ] GC(156) Pause Young (Normal) (G1 Preventive Collection)
[491.665s][info][gc,task        ] GC(156) Using 6 workers of 6 for evacuation
[491.676s][info][gc,phases      ] GC(156)   Pre Evacuate Collection Set: 0.2ms
[491.676s][info][gc,phases      ] GC(156)   Merge Heap Roots: 0.2ms
[491.676s][info][gc,phases      ] GC(156)   Evacuate Collection Set: 8.7ms
[491.676s][info][gc,phases      ] GC(156)   Post Evacuate Collection Set: 1.9ms
[491.676s][info][gc,phases      ] GC(156)   Other: 0.3ms
[491.676s][info][gc,heap        ] GC(156) Eden regions: 1126->0(1196)
[491.676s][info][gc,heap        ] GC(156) Survivor regions: 0->32(45)
[491.676s][info][gc,heap        ] GC(156) Old regions: 37->37
[491.676s][info][gc,heap        ] GC(156) Archive regions: 0->0
[491.676s][info][gc,heap        ] GC(156) Humongous regions: 840->3
[491.676s][info][gc,metaspace   ] GC(156) Metaspace: 131054K(132864K)->131054K(132864K) NonClass: 114611K(115200K)->114611K(115200K) Class: 16442K(17664K)->16442K(17664K)
[491.676s][info][gc             ] GC(156) Pause Young (Normal) (G1 Preventive Collection) 3999M->138M(4096M) 11.210ms
[491.676s][info][gc,cpu         ] GC(156) User=0.00s Sys=0.00s Real=0.01s
[494.627s][info][gc,start       ] GC(157) Pause Full (System.gc())
[494.627s][info][gc,task        ] GC(157) Using 6 workers of 6 for full compaction
[494.627s][info][gc,phases,start] GC(157) Phase 1: Mark live objects
[494.646s][info][gc,phases      ] GC(157) Phase 1: Mark live objects 18.937ms
[494.646s][info][gc,phases,start] GC(157) Phase 2: Prepare for compaction
[494.650s][info][gc,phases      ] GC(157) Phase 2: Prepare for compaction 4.069ms
[494.650s][info][gc,phases,start] GC(157) Phase 3: Adjust pointers
[494.668s][info][gc,phases      ] GC(157) Phase 3: Adjust pointers 18.031ms
[494.668s][info][gc,phases,start] GC(157) Phase 4: Compact heap
[494.670s][info][gc,phases      ] GC(157) Phase 4: Compact heap 2.091ms
[494.692s][info][gc,heap        ] GC(157) Eden regions: 378->0(1228)
[494.692s][info][gc,heap        ] GC(157) Survivor regions: 32->0(45)
[494.692s][info][gc,heap        ] GC(157) Old regions: 37->39
[494.692s][info][gc,heap        ] GC(157) Archive regions: 0->0
[494.692s][info][gc,heap        ] GC(157) Humongous regions: 169->3
[494.692s][info][gc,metaspace   ] GC(157) Metaspace: 131054K(132864K)->131054K(132864K) NonClass: 114612K(115200K)->114612K(115200K) Class: 16442K(17664K)->16442K(17664K)
[494.692s][info][gc             ] GC(157) Pause Full (System.gc()) 1226M->75M(4096M) 65.167ms
[494.692s][info][gc,cpu         ] GC(157) User=0.19s Sys=0.00s Real=0.07s
[498.255s][info][gc,start       ] GC(158) Pause Young (Normal) (G1 Preventive Collection)
[498.255s][info][gc,task        ] GC(158) Using 6 workers of 6 for evacuation
[498.267s][info][gc,phases      ] GC(158)   Pre Evacuate Collection Set: 0.2ms
[498.267s][info][gc,phases      ] GC(158)   Merge Heap Roots: 0.1ms
[498.267s][info][gc,phases      ] GC(158)   Evacuate Collection Set: 9.5ms
[498.267s][info][gc,phases      ] GC(158)   Post Evacuate Collection Set: 1.6ms
[498.267s][info][gc,phases      ] GC(158)   Other: 0.2ms
[498.267s][info][gc,heap        ] GC(158) Eden regions: 1125->0(1194)
[498.267s][info][gc,heap        ] GC(158) Survivor regions: 0->34(44)
[498.267s][info][gc,heap        ] GC(158) Old regions: 39->39
[498.267s][info][gc,heap        ] GC(158) Archive regions: 0->0
[498.267s][info][gc,heap        ] GC(158) Humongous regions: 840->3
[498.267s][info][gc,metaspace   ] GC(158) Metaspace: 131058K(132864K)->131058K(132864K) NonClass: 114616K(115200K)->114616K(115200K) Class: 16442K(17664K)->16442K(17664K)
[498.267s][info][gc             ] GC(158) Pause Young (Normal) (G1 Preventive Collection) 3999M->141M(4096M) 11.758ms
[498.267s][info][gc,cpu         ] GC(158) User=0.08s Sys=0.00s Real=0.01s
[501.279s][info][gc,start       ] GC(159) Pause Full (System.gc())
[501.279s][info][gc,task        ] GC(159) Using 6 workers of 6 for full compaction
[501.280s][info][gc,phases,start] GC(159) Phase 1: Mark live objects
[501.299s][info][gc,phases      ] GC(159) Phase 1: Mark live objects 19.352ms
[501.299s][info][gc,phases,start] GC(159) Phase 2: Prepare for compaction
[501.303s][info][gc,phases      ] GC(159) Phase 2: Prepare for compaction 4.186ms
[501.303s][info][gc,phases,start] GC(159) Phase 3: Adjust pointers
[501.318s][info][gc,phases      ] GC(159) Phase 3: Adjust pointers 14.910ms
[501.318s][info][gc,phases,start] GC(159) Phase 4: Compact heap
[501.321s][info][gc,phases      ] GC(159) Phase 4: Compact heap 2.454ms
[501.343s][info][gc,heap        ] GC(159) Eden regions: 378->0(1228)
[501.343s][info][gc,heap        ] GC(159) Survivor regions: 34->0(44)
[501.343s][info][gc,heap        ] GC(159) Old regions: 39->38
[501.343s][info][gc,heap        ] GC(159) Archive regions: 0->0
[501.343s][info][gc,heap        ] GC(159) Humongous regions: 169->3
[501.343s][info][gc,metaspace   ] GC(159) Metaspace: 131067K(132864K)->131067K(132864K) NonClass: 114625K(115200K)->114625K(115200K) Class: 16442K(17664K)->16442K(17664K)
[501.343s][info][gc             ] GC(159) Pause Full (System.gc()) 1228M->75M(4096M) 63.648ms
[501.343s][info][gc,cpu         ] GC(159) User=0.30s Sys=0.00s Real=0.07s
[504.858s][info][gc,start       ] GC(160) Pause Young (Normal) (G1 Preventive Collection)
[504.858s][info][gc,task        ] GC(160) Using 6 workers of 6 for evacuation
[504.869s][info][gc,phases      ] GC(160)   Pre Evacuate Collection Set: 0.2ms
[504.869s][info][gc,phases      ] GC(160)   Merge Heap Roots: 0.2ms
[504.869s][info][gc,phases      ] GC(160)   Evacuate Collection Set: 8.6ms
[504.869s][info][gc,phases      ] GC(160)   Post Evacuate Collection Set: 1.8ms
[504.869s][info][gc,phases      ] GC(160)   Other: 0.3ms
[504.869s][info][gc,heap        ] GC(160) Eden regions: 1125->0(1196)
[504.869s][info][gc,heap        ] GC(160) Survivor regions: 0->32(44)
[504.869s][info][gc,heap        ] GC(160) Old regions: 38->38
[504.869s][info][gc,heap        ] GC(160) Archive regions: 0->0
[504.869s][info][gc,heap        ] GC(160) Humongous regions: 841->3
[504.869s][info][gc,metaspace   ] GC(160) Metaspace: 131069K(132864K)->131069K(132864K) NonClass: 114627K(115200K)->114627K(115200K) Class: 16442K(17664K)->16442K(17664K)
[504.869s][info][gc             ] GC(160) Pause Young (Normal) (G1 Preventive Collection) 4001M->137M(4096M) 11.141ms
[504.869s][info][gc,cpu         ] GC(160) User=0.09s Sys=0.00s Real=0.01s
[507.827s][info][gc,start       ] GC(161) Pause Full (System.gc())
[507.827s][info][gc,task        ] GC(161) Using 6 workers of 6 for full compaction
[507.827s][info][gc,phases,start] GC(161) Phase 1: Mark live objects
[507.845s][info][gc,phases      ] GC(161) Phase 1: Mark live objects 18.372ms
[507.845s][info][gc,phases,start] GC(161) Phase 2: Prepare for compaction
[507.850s][info][gc,phases      ] GC(161) Phase 2: Prepare for compaction 4.228ms
[507.850s][info][gc,phases,start] GC(161) Phase 3: Adjust pointers
[507.865s][info][gc,phases      ] GC(161) Phase 3: Adjust pointers 15.297ms
[507.865s][info][gc,phases,start] GC(161) Phase 4: Compact heap
[507.868s][info][gc,phases      ] GC(161) Phase 4: Compact heap 2.558ms
[507.890s][info][gc,heap        ] GC(161) Eden regions: 377->0(1228)
[507.890s][info][gc,heap        ] GC(161) Survivor regions: 32->0(44)
[507.890s][info][gc,heap        ] GC(161) Old regions: 38->39
[507.890s][info][gc,heap        ] GC(161) Archive regions: 0->0
[507.890s][info][gc,heap        ] GC(161) Humongous regions: 168->3
[507.890s][info][gc,metaspace   ] GC(161) Metaspace: 131094K(132928K)->131094K(132928K) NonClass: 114652K(115264K)->114652K(115264K) Class: 16442K(17664K)->16442K(17664K)
[507.890s][info][gc             ] GC(161) Pause Full (System.gc()) 1221M->75M(4096M) 62.957ms
[507.890s][info][gc,cpu         ] GC(161) User=0.22s Sys=0.00s Real=0.08s
[511.391s][info][gc,start       ] GC(162) Pause Young (Normal) (G1 Preventive Collection)
[511.391s][info][gc,task        ] GC(162) Using 6 workers of 6 for evacuation
[511.402s][info][gc,phases      ] GC(162)   Pre Evacuate Collection Set: 0.2ms
[511.402s][info][gc,phases      ] GC(162)   Merge Heap Roots: 0.2ms
[511.402s][info][gc,phases      ] GC(162)   Evacuate Collection Set: 8.7ms
[511.402s][info][gc,phases      ] GC(162)   Post Evacuate Collection Set: 1.9ms
[511.402s][info][gc,phases      ] GC(162)   Other: 0.2ms
[511.402s][info][gc,heap        ] GC(162) Eden regions: 1125->0(1196)
[511.402s][info][gc,heap        ] GC(162) Survivor regions: 0->32(44)
[511.402s][info][gc,heap        ] GC(162) Old regions: 39->39
[511.402s][info][gc,heap        ] GC(162) Archive regions: 0->0
[511.402s][info][gc,heap        ] GC(162) Humongous regions: 840->3
[511.402s][info][gc,metaspace   ] GC(162) Metaspace: 131096K(132928K)->131096K(132928K) NonClass: 114654K(115264K)->114654K(115264K) Class: 16442K(17664K)->16442K(17664K)
[511.402s][info][gc             ] GC(162) Pause Young (Normal) (G1 Preventive Collection) 3999M->138M(4096M) 11.315ms
[511.402s][info][gc,cpu         ] GC(162) User=0.09s Sys=0.00s Real=0.01s
[514.388s][info][gc,start       ] GC(163) Pause Full (System.gc())
[514.388s][info][gc,task        ] GC(163) Using 6 workers of 6 for full compaction
[514.388s][info][gc,phases,start] GC(163) Phase 1: Mark live objects
[514.406s][info][gc,phases      ] GC(163) Phase 1: Mark live objects 18.038ms
[514.406s][info][gc,phases,start] GC(163) Phase 2: Prepare for compaction
[514.411s][info][gc,phases      ] GC(163) Phase 2: Prepare for compaction 4.456ms
[514.411s][info][gc,phases,start] GC(163) Phase 3: Adjust pointers
[514.428s][info][gc,phases      ] GC(163) Phase 3: Adjust pointers 16.980ms
[514.428s][info][gc,phases,start] GC(163) Phase 4: Compact heap
[514.431s][info][gc,phases      ] GC(163) Phase 4: Compact heap 2.738ms
[514.452s][info][gc,heap        ] GC(163) Eden regions: 377->0(1228)
[514.452s][info][gc,heap        ] GC(163) Survivor regions: 32->0(44)
[514.452s][info][gc,heap        ] GC(163) Old regions: 39->38
[514.452s][info][gc,heap        ] GC(163) Archive regions: 0->0
[514.452s][info][gc,heap        ] GC(163) Humongous regions: 169->3
[514.452s][info][gc,metaspace   ] GC(163) Metaspace: 131096K(132928K)->131096K(132928K) NonClass: 114654K(115264K)->114654K(115264K) Class: 16442K(17664K)->16442K(17664K)
[514.452s][info][gc             ] GC(163) Pause Full (System.gc()) 1224M->75M(4096M) 64.348ms
[514.452s][info][gc,cpu         ] GC(163) User=0.20s Sys=0.00s Real=0.06s
[517.981s][info][gc,start       ] GC(164) Pause Young (Normal) (G1 Preventive Collection)
[517.981s][info][gc,task        ] GC(164) Using 6 workers of 6 for evacuation
[517.992s][info][gc,phases      ] GC(164)   Pre Evacuate Collection Set: 0.2ms
[517.992s][info][gc,phases      ] GC(164)   Merge Heap Roots: 0.1ms
[517.992s][info][gc,phases      ] GC(164)   Evacuate Collection Set: 8.7ms
[517.992s][info][gc,phases      ] GC(164)   Post Evacuate Collection Set: 1.8ms
[517.992s][info][gc,phases      ] GC(164)   Other: 0.3ms
[517.992s][info][gc,heap        ] GC(164) Eden regions: 1124->0(1196)
[517.992s][info][gc,heap        ] GC(164) Survivor regions: 0->32(43)
[517.992s][info][gc,heap        ] GC(164) Old regions: 38->38
[517.992s][info][gc,heap        ] GC(164) Archive regions: 0->0
[517.992s][info][gc,heap        ] GC(164) Humongous regions: 843->3
[517.992s][info][gc,metaspace   ] GC(164) Metaspace: 131113K(132928K)->131113K(132928K) NonClass: 114670K(115264K)->114670K(115264K) Class: 16442K(17664K)->16442K(17664K)
[517.992s][info][gc             ] GC(164) Pause Young (Normal) (G1 Preventive Collection) 4003M->138M(4096M) 11.222ms
[517.992s][info][gc,cpu         ] GC(164) User=0.02s Sys=0.00s Real=0.01s
[520.941s][info][gc,start       ] GC(165) Pause Full (System.gc())
[520.941s][info][gc,task        ] GC(165) Using 6 workers of 6 for full compaction
[520.941s][info][gc,phases,start] GC(165) Phase 1: Mark live objects
[520.961s][info][gc,phases      ] GC(165) Phase 1: Mark live objects 19.287ms
[520.961s][info][gc,phases,start] GC(165) Phase 2: Prepare for compaction
[520.965s][info][gc,phases      ] GC(165) Phase 2: Prepare for compaction 4.607ms
[520.965s][info][gc,phases,start] GC(165) Phase 3: Adjust pointers
[520.981s][info][gc,phases      ] GC(165) Phase 3: Adjust pointers 15.492ms
[520.981s][info][gc,phases,start] GC(165) Phase 4: Compact heap
[520.984s][info][gc,phases      ] GC(165) Phase 4: Compact heap 2.816ms
[521.005s][info][gc,heap        ] GC(165) Eden regions: 376->0(1228)
[521.005s][info][gc,heap        ] GC(165) Survivor regions: 32->0(43)
[521.005s][info][gc,heap        ] GC(165) Old regions: 38->38
[521.005s][info][gc,heap        ] GC(165) Archive regions: 0->0
[521.005s][info][gc,heap        ] GC(165) Humongous regions: 166->3
[521.005s][info][gc,metaspace   ] GC(165) Metaspace: 131116K(132928K)->131116K(132928K) NonClass: 114674K(115264K)->114674K(115264K) Class: 16442K(17664K)->16442K(17664K)
[521.005s][info][gc             ] GC(165) Pause Full (System.gc()) 1215M->74M(4096M) 64.078ms
[521.005s][info][gc,cpu         ] GC(165) User=0.25s Sys=0.00s Real=0.06s
[524.507s][info][gc,start       ] GC(166) Pause Young (Normal) (G1 Preventive Collection)
[524.507s][info][gc,task        ] GC(166) Using 6 workers of 6 for evacuation
[524.518s][info][gc,phases      ] GC(166)   Pre Evacuate Collection Set: 0.2ms
[524.518s][info][gc,phases      ] GC(166)   Merge Heap Roots: 0.2ms
[524.518s][info][gc,phases      ] GC(166)   Evacuate Collection Set: 8.6ms
[524.518s][info][gc,phases      ] GC(166)   Post Evacuate Collection Set: 1.8ms
[524.518s][info][gc,phases      ] GC(166)   Other: 0.2ms
[524.518s][info][gc,heap        ] GC(166) Eden regions: 1126->0(1197)
[524.518s][info][gc,heap        ] GC(166) Survivor regions: 0->31(43)
[524.518s][info][gc,heap        ] GC(166) Old regions: 38->38
[524.518s][info][gc,heap        ] GC(166) Archive regions: 0->0
[524.518s][info][gc,heap        ] GC(166) Humongous regions: 841->3
[524.518s][info][gc,metaspace   ] GC(166) Metaspace: 131156K(132992K)->131156K(132992K) NonClass: 114713K(115328K)->114713K(115328K) Class: 16443K(17664K)->16443K(17664K)
[524.518s][info][gc             ] GC(166) Pause Young (Normal) (G1 Preventive Collection) 4001M->136M(4096M) 11.191ms
[524.519s][info][gc,cpu         ] GC(166) User=0.00s Sys=0.00s Real=0.01s
[527.455s][info][gc,start       ] GC(167) Pause Full (System.gc())
[527.455s][info][gc,task        ] GC(167) Using 6 workers of 6 for full compaction
[527.455s][info][gc,phases,start] GC(167) Phase 1: Mark live objects
[527.474s][info][gc,phases      ] GC(167) Phase 1: Mark live objects 18.828ms
[527.474s][info][gc,phases,start] GC(167) Phase 2: Prepare for compaction
[527.478s][info][gc,phases      ] GC(167) Phase 2: Prepare for compaction 4.379ms
[527.479s][info][gc,phases,start] GC(167) Phase 3: Adjust pointers
[527.494s][info][gc,phases      ] GC(167) Phase 3: Adjust pointers 15.611ms
[527.494s][info][gc,phases,start] GC(167) Phase 4: Compact heap
[527.497s][info][gc,phases      ] GC(167) Phase 4: Compact heap 2.651ms
[527.519s][info][gc,heap        ] GC(167) Eden regions: 376->0(1228)
[527.519s][info][gc,heap        ] GC(167) Survivor regions: 31->0(43)
[527.519s][info][gc,heap        ] GC(167) Old regions: 38->39
[527.519s][info][gc,heap        ] GC(167) Archive regions: 0->0
[527.519s][info][gc,heap        ] GC(167) Humongous regions: 168->3
[527.519s][info][gc,metaspace   ] GC(167) Metaspace: 131161K(132992K)->131161K(132992K) NonClass: 114717K(115328K)->114717K(115328K) Class: 16443K(17664K)->16443K(17664K)
[527.519s][info][gc             ] GC(167) Pause Full (System.gc()) 1217M->75M(4096M) 63.843ms
[527.519s][info][gc,cpu         ] GC(167) User=0.20s Sys=0.00s Real=0.06s
[531.025s][info][gc,start       ] GC(168) Pause Young (Normal) (G1 Preventive Collection)
[531.025s][info][gc,task        ] GC(168) Using 6 workers of 6 for evacuation
[531.036s][info][gc,phases      ] GC(168)   Pre Evacuate Collection Set: 0.2ms
[531.036s][info][gc,phases      ] GC(168)   Merge Heap Roots: 0.2ms
[531.036s][info][gc,phases      ] GC(168)   Evacuate Collection Set: 8.8ms
[531.036s][info][gc,phases      ] GC(168)   Post Evacuate Collection Set: 2.0ms
[531.036s][info][gc,phases      ] GC(168)   Other: 0.3ms
[531.036s][info][gc,heap        ] GC(168) Eden regions: 1124->0(1196)
[531.036s][info][gc,heap        ] GC(168) Survivor regions: 0->32(44)
[531.036s][info][gc,heap        ] GC(168) Old regions: 39->39
[531.036s][info][gc,heap        ] GC(168) Archive regions: 0->0
[531.036s][info][gc,heap        ] GC(168) Humongous regions: 841->3
[531.036s][info][gc,metaspace   ] GC(168) Metaspace: 131163K(132992K)->131163K(132992K) NonClass: 114720K(115328K)->114720K(115328K) Class: 16443K(17664K)->16443K(17664K)
[531.036s][info][gc             ] GC(168) Pause Young (Normal) (G1 Preventive Collection) 3999M->137M(4096M) 11.517ms
[531.036s][info][gc,cpu         ] GC(168) User=0.00s Sys=0.00s Real=0.01s
[534.047s][info][gc,start       ] GC(169) Pause Full (System.gc())
[534.047s][info][gc,task        ] GC(169) Using 6 workers of 6 for full compaction
[534.047s][info][gc,phases,start] GC(169) Phase 1: Mark live objects
[534.065s][info][gc,phases      ] GC(169) Phase 1: Mark live objects 18.354ms
[534.065s][info][gc,phases,start] GC(169) Phase 2: Prepare for compaction
[534.071s][info][gc,phases      ] GC(169) Phase 2: Prepare for compaction 5.201ms
[534.071s][info][gc,phases,start] GC(169) Phase 3: Adjust pointers
[534.087s][info][gc,phases      ] GC(169) Phase 3: Adjust pointers 16.471ms
[534.087s][info][gc,phases,start] GC(169) Phase 4: Compact heap
[534.090s][info][gc,phases      ] GC(169) Phase 4: Compact heap 2.956ms
[534.112s][info][gc,heap        ] GC(169) Eden regions: 377->0(1228)
[534.112s][info][gc,heap        ] GC(169) Survivor regions: 32->0(44)
[534.112s][info][gc,heap        ] GC(169) Old regions: 39->37
[534.112s][info][gc,heap        ] GC(169) Archive regions: 0->0
[534.112s][info][gc,heap        ] GC(169) Humongous regions: 168->3
[534.112s][info][gc,metaspace   ] GC(169) Metaspace: 131165K(132992K)->131165K(132992K) NonClass: 114721K(115328K)->114721K(115328K) Class: 16443K(17664K)->16443K(17664K)
[534.112s][info][gc             ] GC(169) Pause Full (System.gc()) 1221M->74M(4096M) 65.214ms
[534.112s][info][gc,cpu         ] GC(169) User=0.22s Sys=0.00s Real=0.05s
[537.645s][info][gc,start       ] GC(170) Pause Young (Normal) (G1 Preventive Collection)
[537.645s][info][gc,task        ] GC(170) Using 6 workers of 6 for evacuation
[537.656s][info][gc,phases      ] GC(170)   Pre Evacuate Collection Set: 0.2ms
[537.656s][info][gc,phases      ] GC(170)   Merge Heap Roots: 0.2ms
[537.656s][info][gc,phases      ] GC(170)   Evacuate Collection Set: 8.7ms
[537.656s][info][gc,phases      ] GC(170)   Post Evacuate Collection Set: 1.9ms
[537.656s][info][gc,phases      ] GC(170)   Other: 0.2ms
[537.656s][info][gc,heap        ] GC(170) Eden regions: 1126->0(1195)
[537.656s][info][gc,heap        ] GC(170) Survivor regions: 0->33(44)
[537.656s][info][gc,heap        ] GC(170) Old regions: 37->37
[537.656s][info][gc,heap        ] GC(170) Archive regions: 0->0
[537.656s][info][gc,heap        ] GC(170) Humongous regions: 841->3
[537.656s][info][gc,metaspace   ] GC(170) Metaspace: 131165K(132992K)->131165K(132992K) NonClass: 114721K(115328K)->114721K(115328K) Class: 16443K(17664K)->16443K(17664K)
[537.656s][info][gc             ] GC(170) Pause Young (Normal) (G1 Preventive Collection) 4001M->139M(4096M) 11.247ms
[537.656s][info][gc,cpu         ] GC(170) User=0.09s Sys=0.00s Real=0.01s
[540.622s][info][gc,start       ] GC(171) Pause Full (System.gc())
[540.622s][info][gc,task        ] GC(171) Using 6 workers of 6 for full compaction
[540.623s][info][gc,phases,start] GC(171) Phase 1: Mark live objects
[540.641s][info][gc,phases      ] GC(171) Phase 1: Mark live objects 18.756ms
[540.642s][info][gc,phases,start] GC(171) Phase 2: Prepare for compaction
[540.646s][info][gc,phases      ] GC(171) Phase 2: Prepare for compaction 4.168ms
[540.646s][info][gc,phases,start] GC(171) Phase 3: Adjust pointers
[540.661s][info][gc,phases      ] GC(171) Phase 3: Adjust pointers 15.712ms
[540.662s][info][gc,phases,start] GC(171) Phase 4: Compact heap
[540.664s][info][gc,phases      ] GC(171) Phase 4: Compact heap 2.786ms
[540.686s][info][gc,heap        ] GC(171) Eden regions: 376->0(1228)
[540.686s][info][gc,heap        ] GC(171) Survivor regions: 33->0(44)
[540.686s][info][gc,heap        ] GC(171) Old regions: 37->38
[540.686s][info][gc,heap        ] GC(171) Archive regions: 0->0
[540.686s][info][gc,heap        ] GC(171) Humongous regions: 168->3
[540.686s][info][gc,metaspace   ] GC(171) Metaspace: 131165K(132992K)->131165K(132992K) NonClass: 114721K(115328K)->114721K(115328K) Class: 16443K(17664K)->16443K(17664K)
[540.686s][info][gc             ] GC(171) Pause Full (System.gc()) 1221M->75M(4096M) 63.331ms
[540.686s][info][gc,cpu         ] GC(171) User=0.25s Sys=0.02s Real=0.08s
[544.183s][info][gc,start       ] GC(172) Pause Young (Normal) (G1 Preventive Collection)
[544.183s][info][gc,task        ] GC(172) Using 6 workers of 6 for evacuation
[544.194s][info][gc,phases      ] GC(172)   Pre Evacuate Collection Set: 0.2ms
[544.194s][info][gc,phases      ] GC(172)   Merge Heap Roots: 0.2ms
[544.194s][info][gc,phases      ] GC(172)   Evacuate Collection Set: 8.7ms
[544.194s][info][gc,phases      ] GC(172)   Post Evacuate Collection Set: 1.9ms
[544.194s][info][gc,phases      ] GC(172)   Other: 0.2ms
[544.194s][info][gc,heap        ] GC(172) Eden regions: 1126->0(1195)
[544.194s][info][gc,heap        ] GC(172) Survivor regions: 0->33(44)
[544.194s][info][gc,heap        ] GC(172) Old regions: 38->38
[544.194s][info][gc,heap        ] GC(172) Archive regions: 0->0
[544.194s][info][gc,heap        ] GC(172) Humongous regions: 840->3
[544.194s][info][gc,metaspace   ] GC(172) Metaspace: 131167K(132992K)->131167K(132992K) NonClass: 114723K(115328K)->114723K(115328K) Class: 16443K(17664K)->16443K(17664K)
[544.194s][info][gc             ] GC(172) Pause Young (Normal) (G1 Preventive Collection) 4000M->140M(4096M) 11.296ms
[544.194s][info][gc,cpu         ] GC(172) User=0.02s Sys=0.00s Real=0.01s
[547.137s][info][gc,start       ] GC(173) Pause Full (System.gc())
[547.137s][info][gc,task        ] GC(173) Using 6 workers of 6 for full compaction
[547.138s][info][gc,phases,start] GC(173) Phase 1: Mark live objects
[547.156s][info][gc,phases      ] GC(173) Phase 1: Mark live objects 18.430ms
[547.156s][info][gc,phases,start] GC(173) Phase 2: Prepare for compaction
[547.161s][info][gc,phases      ] GC(173) Phase 2: Prepare for compaction 4.784ms
[547.161s][info][gc,phases,start] GC(173) Phase 3: Adjust pointers
[547.177s][info][gc,phases      ] GC(173) Phase 3: Adjust pointers 15.928ms
[547.177s][info][gc,phases,start] GC(173) Phase 4: Compact heap
[547.180s][info][gc,phases      ] GC(173) Phase 4: Compact heap 2.949ms
[547.201s][info][gc,heap        ] GC(173) Eden regions: 378->0(1228)
[547.201s][info][gc,heap        ] GC(173) Survivor regions: 33->0(44)
[547.201s][info][gc,heap        ] GC(173) Old regions: 38->38
[547.201s][info][gc,heap        ] GC(173) Archive regions: 0->0
[547.201s][info][gc,heap        ] GC(173) Humongous regions: 169->3
[547.201s][info][gc,metaspace   ] GC(173) Metaspace: 131173K(132992K)->131173K(132992K) NonClass: 114729K(115328K)->114729K(115328K) Class: 16443K(17664K)->16443K(17664K)
[547.201s][info][gc             ] GC(173) Pause Full (System.gc()) 1227M->74M(4096M) 64.093ms
[547.201s][info][gc,cpu         ] GC(173) User=0.28s Sys=0.00s Real=0.06s
[550.749s][info][gc,start       ] GC(174) Pause Young (Normal) (G1 Preventive Collection)
[550.749s][info][gc,task        ] GC(174) Using 6 workers of 6 for evacuation
[550.760s][info][gc,phases      ] GC(174)   Pre Evacuate Collection Set: 0.2ms
[550.760s][info][gc,phases      ] GC(174)   Merge Heap Roots: 0.2ms
[550.760s][info][gc,phases      ] GC(174)   Evacuate Collection Set: 8.6ms
[550.760s][info][gc,phases      ] GC(174)   Post Evacuate Collection Set: 1.9ms
[550.760s][info][gc,phases      ] GC(174)   Other: 0.3ms
[550.760s][info][gc,heap        ] GC(174) Eden regions: 1126->0(1196)
[550.760s][info][gc,heap        ] GC(174) Survivor regions: 0->32(43)
[550.760s][info][gc,heap        ] GC(174) Old regions: 38->38
[550.760s][info][gc,heap        ] GC(174) Archive regions: 0->0
[550.760s][info][gc,heap        ] GC(174) Humongous regions: 841->3
[550.760s][info][gc,metaspace   ] GC(174) Metaspace: 131174K(132992K)->131174K(132992K) NonClass: 114730K(115328K)->114730K(115328K) Class: 16443K(17664K)->16443K(17664K)
[550.760s][info][gc             ] GC(174) Pause Young (Normal) (G1 Preventive Collection) 4002M->137M(4096M) 11.302ms
[550.760s][info][gc,cpu         ] GC(174) User=0.09s Sys=0.00s Real=0.01s
[553.726s][info][gc,start       ] GC(175) Pause Full (System.gc())
[553.726s][info][gc,task        ] GC(175) Using 6 workers of 6 for full compaction
[553.727s][info][gc,phases,start] GC(175) Phase 1: Mark live objects
[553.746s][info][gc,phases      ] GC(175) Phase 1: Mark live objects 19.293ms
[553.746s][info][gc,phases,start] GC(175) Phase 2: Prepare for compaction
[553.750s][info][gc,phases      ] GC(175) Phase 2: Prepare for compaction 4.027ms
[553.750s][info][gc,phases,start] GC(175) Phase 3: Adjust pointers
[553.766s][info][gc,phases      ] GC(175) Phase 3: Adjust pointers 15.644ms
[553.766s][info][gc,phases,start] GC(175) Phase 4: Compact heap
[553.768s][info][gc,phases      ] GC(175) Phase 4: Compact heap 2.551ms
[553.790s][info][gc,heap        ] GC(175) Eden regions: 377->0(1228)
[553.790s][info][gc,heap        ] GC(175) Survivor regions: 32->0(43)
[553.790s][info][gc,heap        ] GC(175) Old regions: 38->38
[553.790s][info][gc,heap        ] GC(175) Archive regions: 0->0
[553.790s][info][gc,heap        ] GC(175) Humongous regions: 168->3
[553.790s][info][gc,metaspace   ] GC(175) Metaspace: 131184K(132992K)->131184K(132992K) NonClass: 114741K(115328K)->114741K(115328K) Class: 16443K(17664K)->16443K(17664K)
[553.790s][info][gc             ] GC(175) Pause Full (System.gc()) 1221M->75M(4096M) 63.889ms
[553.790s][info][gc,cpu         ] GC(175) User=0.27s Sys=0.00s Real=0.06s
[557.280s][info][gc,start       ] GC(176) Pause Young (Normal) (G1 Preventive Collection)
[557.280s][info][gc,task        ] GC(176) Using 6 workers of 6 for evacuation
[557.291s][info][gc,phases      ] GC(176)   Pre Evacuate Collection Set: 0.2ms
[557.291s][info][gc,phases      ] GC(176)   Merge Heap Roots: 0.2ms
[557.291s][info][gc,phases      ] GC(176)   Evacuate Collection Set: 8.7ms
[557.291s][info][gc,phases      ] GC(176)   Post Evacuate Collection Set: 1.9ms
[557.291s][info][gc,phases      ] GC(176)   Other: 0.3ms
[557.291s][info][gc,heap        ] GC(176) Eden regions: 1125->0(1194)
[557.291s][info][gc,heap        ] GC(176) Survivor regions: 0->34(43)
[557.291s][info][gc,heap        ] GC(176) Old regions: 38->38
[557.291s][info][gc,heap        ] GC(176) Archive regions: 0->0
[557.291s][info][gc,heap        ] GC(176) Humongous regions: 842->3
[557.291s][info][gc,metaspace   ] GC(176) Metaspace: 131194K(132992K)->131194K(132992K) NonClass: 114750K(115328K)->114750K(115328K) Class: 16443K(17664K)->16443K(17664K)
[557.291s][info][gc             ] GC(176) Pause Young (Normal) (G1 Preventive Collection) 4003M->142M(4096M) 11.230ms
[557.291s][info][gc,cpu         ] GC(176) User=0.09s Sys=0.00s Real=0.01s
[560.246s][info][gc,start       ] GC(177) Pause Full (System.gc())
[560.246s][info][gc,task        ] GC(177) Using 6 workers of 6 for full compaction
[560.246s][info][gc,phases,start] GC(177) Phase 1: Mark live objects
[560.266s][info][gc,phases      ] GC(177) Phase 1: Mark live objects 19.572ms
[560.266s][info][gc,phases,start] GC(177) Phase 2: Prepare for compaction
[560.270s][info][gc,phases      ] GC(177) Phase 2: Prepare for compaction 4.568ms
[560.270s][info][gc,phases,start] GC(177) Phase 3: Adjust pointers
[560.286s][info][gc,phases      ] GC(177) Phase 3: Adjust pointers 15.672ms
[560.286s][info][gc,phases,start] GC(177) Phase 4: Compact heap
[560.289s][info][gc,phases      ] GC(177) Phase 4: Compact heap 2.741ms
[560.311s][info][gc,heap        ] GC(177) Eden regions: 377->0(1228)
[560.311s][info][gc,heap        ] GC(177) Survivor regions: 34->0(43)
[560.311s][info][gc,heap        ] GC(177) Old regions: 38->38
[560.311s][info][gc,heap        ] GC(177) Archive regions: 0->0
[560.311s][info][gc,heap        ] GC(177) Humongous regions: 167->3
[560.311s][info][gc,metaspace   ] GC(177) Metaspace: 131194K(132992K)->131194K(132992K) NonClass: 114750K(115328K)->114750K(115328K) Class: 16443K(17664K)->16443K(17664K)
[560.311s][info][gc             ] GC(177) Pause Full (System.gc()) 1223M->74M(4096M) 65.587ms
[560.311s][info][gc,cpu         ] GC(177) User=0.28s Sys=0.00s Real=0.08s
[563.831s][info][gc,start       ] GC(178) Pause Young (Normal) (G1 Preventive Collection)
[563.831s][info][gc,task        ] GC(178) Using 6 workers of 6 for evacuation
[563.842s][info][gc,phases      ] GC(178)   Pre Evacuate Collection Set: 0.2ms
[563.842s][info][gc,phases      ] GC(178)   Merge Heap Roots: 0.1ms
[563.842s][info][gc,phases      ] GC(178)   Evacuate Collection Set: 8.8ms
[563.842s][info][gc,phases      ] GC(178)   Post Evacuate Collection Set: 1.7ms
[563.842s][info][gc,phases      ] GC(178)   Other: 0.3ms
[563.842s][info][gc,heap        ] GC(178) Eden regions: 1126->0(1194)
[563.842s][info][gc,heap        ] GC(178) Survivor regions: 0->34(42)
[563.842s][info][gc,heap        ] GC(178) Old regions: 38->38
[563.842s][info][gc,heap        ] GC(178) Archive regions: 0->0
[563.842s][info][gc,heap        ] GC(178) Humongous regions: 842->3
[563.842s][info][gc,metaspace   ] GC(178) Metaspace: 131196K(132992K)->131196K(132992K) NonClass: 114752K(115328K)->114752K(115328K) Class: 16443K(17664K)->16443K(17664K)
[563.842s][info][gc             ] GC(178) Pause Young (Normal) (G1 Preventive Collection) 4004M->141M(4096M) 11.119ms
[563.842s][info][gc,cpu         ] GC(178) User=0.09s Sys=0.00s Real=0.01s
[566.795s][info][gc,start       ] GC(179) Pause Full (System.gc())
[566.795s][info][gc,task        ] GC(179) Using 6 workers of 6 for full compaction
[566.795s][info][gc,phases,start] GC(179) Phase 1: Mark live objects
[566.813s][info][gc,phases      ] GC(179) Phase 1: Mark live objects 17.622ms
[566.813s][info][gc,phases,start] GC(179) Phase 2: Prepare for compaction
[566.817s][info][gc,phases      ] GC(179) Phase 2: Prepare for compaction 4.416ms
[566.817s][info][gc,phases,start] GC(179) Phase 3: Adjust pointers
[566.833s][info][gc,phases      ] GC(179) Phase 3: Adjust pointers 15.565ms
[566.833s][info][gc,phases,start] GC(179) Phase 4: Compact heap
[566.836s][info][gc,phases      ] GC(179) Phase 4: Compact heap 2.768ms
[566.857s][info][gc,heap        ] GC(179) Eden regions: 376->0(1228)
[566.857s][info][gc,heap        ] GC(179) Survivor regions: 34->0(42)
[566.857s][info][gc,heap        ] GC(179) Old regions: 38->39
[566.857s][info][gc,heap        ] GC(179) Archive regions: 0->0
[566.857s][info][gc,heap        ] GC(179) Humongous regions: 167->3
[566.857s][info][gc,metaspace   ] GC(179) Metaspace: 131196K(132992K)->131196K(132992K) NonClass: 114752K(115328K)->114752K(115328K) Class: 16443K(17664K)->16443K(17664K)
[566.857s][info][gc             ] GC(179) Pause Full (System.gc()) 1220M->75M(4096M) 62.459ms
[566.857s][info][gc,cpu         ] GC(179) User=0.30s Sys=0.00s Real=0.06s
[570.324s][info][gc,start       ] GC(180) Pause Young (Normal) (G1 Preventive Collection)
[570.324s][info][gc,task        ] GC(180) Using 6 workers of 6 for evacuation
[570.335s][info][gc,phases      ] GC(180)   Pre Evacuate Collection Set: 0.2ms
[570.335s][info][gc,phases      ] GC(180)   Merge Heap Roots: 0.2ms
[570.335s][info][gc,phases      ] GC(180)   Evacuate Collection Set: 8.7ms
[570.335s][info][gc,phases      ] GC(180)   Post Evacuate Collection Set: 1.9ms
[570.335s][info][gc,phases      ] GC(180)   Other: 0.3ms
[570.335s][info][gc,heap        ] GC(180) Eden regions: 1126->0(1195)
[570.335s][info][gc,heap        ] GC(180) Survivor regions: 0->33(42)
[570.335s][info][gc,heap        ] GC(180) Old regions: 39->39
[570.335s][info][gc,heap        ] GC(180) Archive regions: 0->0
[570.335s][info][gc,heap        ] GC(180) Humongous regions: 841->3
[570.335s][info][gc,metaspace   ] GC(180) Metaspace: 131229K(133056K)->131229K(133056K) NonClass: 114785K(115392K)->114785K(115392K) Class: 16443K(17664K)->16443K(17664K)
[570.335s][info][gc             ] GC(180) Pause Young (Normal) (G1 Preventive Collection) 4003M->139M(4096M) 11.384ms
[570.335s][info][gc,cpu         ] GC(180) User=0.02s Sys=0.00s Real=0.01s
[573.307s][info][gc,start       ] GC(181) Pause Full (System.gc())
[573.307s][info][gc,task        ] GC(181) Using 6 workers of 6 for full compaction
[573.307s][info][gc,phases,start] GC(181) Phase 1: Mark live objects
[573.326s][info][gc,phases      ] GC(181) Phase 1: Mark live objects 18.590ms
[573.326s][info][gc,phases,start] GC(181) Phase 2: Prepare for compaction
[573.330s][info][gc,phases      ] GC(181) Phase 2: Prepare for compaction 4.167ms
[573.330s][info][gc,phases,start] GC(181) Phase 3: Adjust pointers
[573.346s][info][gc,phases      ] GC(181) Phase 3: Adjust pointers 15.803ms
[573.346s][info][gc,phases,start] GC(181) Phase 4: Compact heap
[573.349s][info][gc,phases      ] GC(181) Phase 4: Compact heap 2.554ms
[573.370s][info][gc,heap        ] GC(181) Eden regions: 377->0(1228)
[573.370s][info][gc,heap        ] GC(181) Survivor regions: 33->0(42)
[573.371s][info][gc,heap        ] GC(181) Old regions: 39->39
[573.371s][info][gc,heap        ] GC(181) Archive regions: 0->0
[573.371s][info][gc,heap        ] GC(181) Humongous regions: 168->3
[573.371s][info][gc,metaspace   ] GC(181) Metaspace: 131229K(133056K)->131229K(133056K) NonClass: 114785K(115392K)->114785K(115392K) Class: 16443K(17664K)->16443K(17664K)
[573.371s][info][gc             ] GC(181) Pause Full (System.gc()) 1222M->75M(4096M) 63.757ms
[573.371s][info][gc,cpu         ] GC(181) User=0.23s Sys=0.03s Real=0.05s
[576.847s][info][gc,start       ] GC(182) Pause Young (Normal) (G1 Preventive Collection)
[576.847s][info][gc,task        ] GC(182) Using 6 workers of 6 for evacuation
[576.859s][info][gc,phases      ] GC(182)   Pre Evacuate Collection Set: 0.3ms
[576.859s][info][gc,phases      ] GC(182)   Merge Heap Roots: 0.2ms
[576.859s][info][gc,phases      ] GC(182)   Evacuate Collection Set: 8.7ms
[576.859s][info][gc,phases      ] GC(182)   Post Evacuate Collection Set: 1.8ms
[576.859s][info][gc,phases      ] GC(182)   Other: 0.2ms
[576.859s][info][gc,heap        ] GC(182) Eden regions: 1125->0(1196)
[576.859s][info][gc,heap        ] GC(182) Survivor regions: 0->32(42)
[576.859s][info][gc,heap        ] GC(182) Old regions: 39->39
[576.859s][info][gc,heap        ] GC(182) Archive regions: 0->0
[576.859s][info][gc,heap        ] GC(182) Humongous regions: 842->3
[576.859s][info][gc,metaspace   ] GC(182) Metaspace: 131287K(133056K)->131287K(133056K) NonClass: 114842K(115392K)->114842K(115392K) Class: 16444K(17664K)->16444K(17664K)
[576.859s][info][gc             ] GC(182) Pause Young (Normal) (G1 Preventive Collection) 4002M->138M(4096M) 11.309ms
[576.859s][info][gc,cpu         ] GC(182) User=0.08s Sys=0.00s Real=0.01s
[579.794s][info][gc,start       ] GC(183) Pause Full (System.gc())
[579.794s][info][gc,task        ] GC(183) Using 6 workers of 6 for full compaction
[579.794s][info][gc,phases,start] GC(183) Phase 1: Mark live objects
[579.812s][info][gc,phases      ] GC(183) Phase 1: Mark live objects 17.928ms
[579.812s][info][gc,phases,start] GC(183) Phase 2: Prepare for compaction
[579.817s][info][gc,phases      ] GC(183) Phase 2: Prepare for compaction 4.860ms
[579.817s][info][gc,phases,start] GC(183) Phase 3: Adjust pointers
[579.833s][info][gc,phases      ] GC(183) Phase 3: Adjust pointers 15.596ms
[579.833s][info][gc,phases,start] GC(183) Phase 4: Compact heap
[579.836s][info][gc,phases      ] GC(183) Phase 4: Compact heap 2.561ms
[579.857s][info][gc,heap        ] GC(183) Eden regions: 377->0(1228)
[579.857s][info][gc,heap        ] GC(183) Survivor regions: 32->0(42)
[579.857s][info][gc,heap        ] GC(183) Old regions: 39->38
[579.857s][info][gc,heap        ] GC(183) Archive regions: 0->0
[579.857s][info][gc,heap        ] GC(183) Humongous regions: 167->3
[579.857s][info][gc,metaspace   ] GC(183) Metaspace: 131292K(133120K)->131292K(133120K) NonClass: 114848K(115456K)->114848K(115456K) Class: 16444K(17664K)->16444K(17664K)
[579.857s][info][gc             ] GC(183) Pause Full (System.gc()) 1219M->75M(4096M) 63.011ms
[579.857s][info][gc,cpu         ] GC(183) User=0.28s Sys=0.02s Real=0.05s
[583.350s][info][gc,start       ] GC(184) Pause Young (Normal) (G1 Preventive Collection)
[583.350s][info][gc,task        ] GC(184) Using 6 workers of 6 for evacuation
[583.361s][info][gc,phases      ] GC(184)   Pre Evacuate Collection Set: 0.2ms
[583.361s][info][gc,phases      ] GC(184)   Merge Heap Roots: 0.2ms
[583.361s][info][gc,phases      ] GC(184)   Evacuate Collection Set: 8.7ms
[583.361s][info][gc,phases      ] GC(184)   Post Evacuate Collection Set: 1.9ms
[583.361s][info][gc,phases      ] GC(184)   Other: 0.3ms
[583.361s][info][gc,heap        ] GC(184) Eden regions: 1127->0(1196)
[583.361s][info][gc,heap        ] GC(184) Survivor regions: 0->32(42)
[583.361s][info][gc,heap        ] GC(184) Old regions: 38->38
[583.361s][info][gc,heap        ] GC(184) Archive regions: 0->0
[583.361s][info][gc,heap        ] GC(184) Humongous regions: 841->3
[583.361s][info][gc,metaspace   ] GC(184) Metaspace: 131362K(133184K)->131362K(133184K) NonClass: 114917K(115520K)->114917K(115520K) Class: 16444K(17664K)->16444K(17664K)
[583.361s][info][gc             ] GC(184) Pause Young (Normal) (G1 Preventive Collection) 4005M->137M(4096M) 11.309ms
[583.361s][info][gc,cpu         ] GC(184) User=0.00s Sys=0.00s Real=0.01s
[586.303s][info][gc,start       ] GC(185) Pause Full (System.gc())
[586.303s][info][gc,task        ] GC(185) Using 6 workers of 6 for full compaction
[586.303s][info][gc,phases,start] GC(185) Phase 1: Mark live objects
[586.324s][info][gc,phases      ] GC(185) Phase 1: Mark live objects 20.347ms
[586.324s][info][gc,phases,start] GC(185) Phase 2: Prepare for compaction
[586.329s][info][gc,phases      ] GC(185) Phase 2: Prepare for compaction 5.327ms
[586.329s][info][gc,phases,start] GC(185) Phase 3: Adjust pointers
[586.345s][info][gc,phases      ] GC(185) Phase 3: Adjust pointers 16.315ms
[586.345s][info][gc,phases,start] GC(185) Phase 4: Compact heap
[586.349s][info][gc,phases      ] GC(185) Phase 4: Compact heap 3.162ms
[586.370s][info][gc,heap        ] GC(185) Eden regions: 376->0(1228)
[586.370s][info][gc,heap        ] GC(185) Survivor regions: 32->0(42)
[586.370s][info][gc,heap        ] GC(185) Old regions: 38->38
[586.370s][info][gc,heap        ] GC(185) Archive regions: 0->0
[586.370s][info][gc,heap        ] GC(185) Humongous regions: 168->3
[586.370s][info][gc,metaspace   ] GC(185) Metaspace: 131385K(133184K)->131385K(133184K) NonClass: 114940K(115520K)->114940K(115520K) Class: 16444K(17664K)->16444K(17664K)
[586.370s][info][gc             ] GC(185) Pause Full (System.gc()) 1219M->75M(4096M) 67.177ms
[586.370s][info][gc,cpu         ] GC(185) User=0.31s Sys=0.00s Real=0.07s
[589.863s][info][gc,start       ] GC(186) Pause Young (Normal) (G1 Preventive Collection)
[589.864s][info][gc,task        ] GC(186) Using 6 workers of 6 for evacuation
[589.875s][info][gc,phases      ] GC(186)   Pre Evacuate Collection Set: 0.2ms
[589.875s][info][gc,phases      ] GC(186)   Merge Heap Roots: 0.2ms
[589.875s][info][gc,phases      ] GC(186)   Evacuate Collection Set: 8.7ms
[589.875s][info][gc,phases      ] GC(186)   Post Evacuate Collection Set: 1.8ms
[589.875s][info][gc,phases      ] GC(186)   Other: 0.2ms
[589.875s][info][gc,heap        ] GC(186) Eden regions: 1127->0(1196)
[589.875s][info][gc,heap        ] GC(186) Survivor regions: 0->32(42)
[589.875s][info][gc,heap        ] GC(186) Old regions: 38->38
[589.875s][info][gc,heap        ] GC(186) Archive regions: 0->0
[589.875s][info][gc,heap        ] GC(186) Humongous regions: 841->3
[589.875s][info][gc,metaspace   ] GC(186) Metaspace: 131385K(133184K)->131385K(133184K) NonClass: 114940K(115520K)->114940K(115520K) Class: 16444K(17664K)->16444K(17664K)
[589.875s][info][gc             ] GC(186) Pause Young (Normal) (G1 Preventive Collection) 4005M->138M(4096M) 11.189ms
[589.875s][info][gc,cpu         ] GC(186) User=0.09s Sys=0.00s Real=0.01s
[592.827s][info][gc,start       ] GC(187) Pause Full (System.gc())
[592.827s][info][gc,task        ] GC(187) Using 6 workers of 6 for full compaction
[592.827s][info][gc,phases,start] GC(187) Phase 1: Mark live objects
[592.847s][info][gc,phases      ] GC(187) Phase 1: Mark live objects 19.739ms
[592.847s][info][gc,phases,start] GC(187) Phase 2: Prepare for compaction
[592.851s][info][gc,phases      ] GC(187) Phase 2: Prepare for compaction 3.929ms
[592.851s][info][gc,phases,start] GC(187) Phase 3: Adjust pointers
[592.867s][info][gc,phases      ] GC(187) Phase 3: Adjust pointers 16.026ms
[592.867s][info][gc,phases,start] GC(187) Phase 4: Compact heap
[592.870s][info][gc,phases      ] GC(187) Phase 4: Compact heap 2.216ms
[592.892s][info][gc,heap        ] GC(187) Eden regions: 376->0(1228)
[592.892s][info][gc,heap        ] GC(187) Survivor regions: 32->0(42)
[592.892s][info][gc,heap        ] GC(187) Old regions: 38->38
[592.892s][info][gc,heap        ] GC(187) Archive regions: 0->0
[592.892s][info][gc,heap        ] GC(187) Humongous regions: 168->3
[592.892s][info][gc,metaspace   ] GC(187) Metaspace: 131387K(133184K)->131387K(133184K) NonClass: 114942K(115520K)->114942K(115520K) Class: 16444K(17664K)->16444K(17664K)
[592.892s][info][gc             ] GC(187) Pause Full (System.gc()) 1219M->75M(4096M) 64.695ms
[592.892s][info][gc,cpu         ] GC(187) User=0.22s Sys=0.00s Real=0.07s
[596.446s][info][gc,start       ] GC(188) Pause Young (Normal) (G1 Preventive Collection)
[596.446s][info][gc,task        ] GC(188) Using 6 workers of 6 for evacuation
[596.457s][info][gc,phases      ] GC(188)   Pre Evacuate Collection Set: 0.2ms
[596.457s][info][gc,phases      ] GC(188)   Merge Heap Roots: 0.2ms
[596.457s][info][gc,phases      ] GC(188)   Evacuate Collection Set: 8.6ms
[596.457s][info][gc,phases      ] GC(188)   Post Evacuate Collection Set: 1.8ms
[596.457s][info][gc,phases      ] GC(188)   Other: 0.3ms
[596.457s][info][gc,heap        ] GC(188) Eden regions: 1126->0(1197)
[596.457s][info][gc,heap        ] GC(188) Survivor regions: 0->31(42)
[596.457s][info][gc,heap        ] GC(188) Old regions: 38->38
[596.457s][info][gc,heap        ] GC(188) Archive regions: 0->0
[596.457s][info][gc,heap        ] GC(188) Humongous regions: 842->3
[596.457s][info][gc,metaspace   ] GC(188) Metaspace: 131392K(133248K)->131392K(133248K) NonClass: 114947K(115584K)->114947K(115584K) Class: 16444K(17664K)->16444K(17664K)
[596.457s][info][gc             ] GC(188) Pause Young (Normal) (G1 Preventive Collection) 4005M->137M(4096M) 11.105ms
[596.457s][info][gc,cpu         ] GC(188) User=0.00s Sys=0.00s Real=0.01s
[599.401s][info][gc,start       ] GC(189) Pause Full (System.gc())
[599.401s][info][gc,task        ] GC(189) Using 6 workers of 6 for full compaction
[599.401s][info][gc,phases,start] GC(189) Phase 1: Mark live objects
[599.419s][info][gc,phases      ] GC(189) Phase 1: Mark live objects 18.141ms
[599.419s][info][gc,phases,start] GC(189) Phase 2: Prepare for compaction
[599.424s][info][gc,phases      ] GC(189) Phase 2: Prepare for compaction 4.574ms
[599.424s][info][gc,phases,start] GC(189) Phase 3: Adjust pointers
[599.440s][info][gc,phases      ] GC(189) Phase 3: Adjust pointers 15.889ms
[599.440s][info][gc,phases,start] GC(189) Phase 4: Compact heap
[599.443s][info][gc,phases      ] GC(189) Phase 4: Compact heap 2.897ms
[599.465s][info][gc,heap        ] GC(189) Eden regions: 376->0(1228)
[599.465s][info][gc,heap        ] GC(189) Survivor regions: 31->0(42)
[599.465s][info][gc,heap        ] GC(189) Old regions: 38->38
[599.465s][info][gc,heap        ] GC(189) Archive regions: 0->0
[599.465s][info][gc,heap        ] GC(189) Humongous regions: 167->3
[599.465s][info][gc,metaspace   ] GC(189) Metaspace: 131392K(133248K)->131392K(133248K) NonClass: 114947K(115584K)->114947K(115584K) Class: 16444K(17664K)->16444K(17664K)
[599.465s][info][gc             ] GC(189) Pause Full (System.gc()) 1216M->75M(4096M) 64.182ms
[599.465s][info][gc,cpu         ] GC(189) User=0.22s Sys=0.00s Real=0.05s
[603.002s][info][gc,start       ] GC(190) Pause Young (Normal) (G1 Preventive Collection)
[603.002s][info][gc,task        ] GC(190) Using 6 workers of 6 for evacuation
[603.013s][info][gc,phases      ] GC(190)   Pre Evacuate Collection Set: 0.2ms
[603.013s][info][gc,phases      ] GC(190)   Merge Heap Roots: 0.2ms
[603.013s][info][gc,phases      ] GC(190)   Evacuate Collection Set: 8.7ms
[603.013s][info][gc,phases      ] GC(190)   Post Evacuate Collection Set: 1.9ms
[603.013s][info][gc,phases      ] GC(190)   Other: 0.3ms
[603.013s][info][gc,heap        ] GC(190) Eden regions: 1126->0(1196)
[603.013s][info][gc,heap        ] GC(190) Survivor regions: 0->32(43)
[603.013s][info][gc,heap        ] GC(190) Old regions: 38->38
[603.013s][info][gc,heap        ] GC(190) Archive regions: 0->0
[603.013s][info][gc,heap        ] GC(190) Humongous regions: 841->3
[603.013s][info][gc,metaspace   ] GC(190) Metaspace: 131393K(133248K)->131393K(133248K) NonClass: 114948K(115584K)->114948K(115584K) Class: 16444K(17664K)->16444K(17664K)
[603.013s][info][gc             ] GC(190) Pause Young (Normal) (G1 Preventive Collection) 4003M->138M(4096M) 11.359ms
[603.013s][info][gc,cpu         ] GC(190) User=0.09s Sys=0.00s Real=0.01s
[605.961s][info][gc,start       ] GC(191) Pause Full (System.gc())
[605.961s][info][gc,task        ] GC(191) Using 6 workers of 6 for full compaction
[605.961s][info][gc,phases,start] GC(191) Phase 1: Mark live objects
[605.980s][info][gc,phases      ] GC(191) Phase 1: Mark live objects 19.279ms
[605.980s][info][gc,phases,start] GC(191) Phase 2: Prepare for compaction
[605.985s][info][gc,phases      ] GC(191) Phase 2: Prepare for compaction 4.434ms
[605.985s][info][gc,phases,start] GC(191) Phase 3: Adjust pointers
[606.001s][info][gc,phases      ] GC(191) Phase 3: Adjust pointers 16.148ms
[606.001s][info][gc,phases,start] GC(191) Phase 4: Compact heap
[606.004s][info][gc,phases      ] GC(191) Phase 4: Compact heap 2.802ms
[606.026s][info][gc,heap        ] GC(191) Eden regions: 376->0(1228)
[606.026s][info][gc,heap        ] GC(191) Survivor regions: 32->0(43)
[606.026s][info][gc,heap        ] GC(191) Old regions: 38->38
[606.026s][info][gc,heap        ] GC(191) Archive regions: 0->0
[606.026s][info][gc,heap        ] GC(191) Humongous regions: 168->3
[606.026s][info][gc,metaspace   ] GC(191) Metaspace: 131394K(133248K)->131394K(133248K) NonClass: 114949K(115584K)->114949K(115584K) Class: 16444K(17664K)->16444K(17664K)
[606.026s][info][gc             ] GC(191) Pause Full (System.gc()) 1220M->74M(4096M) 65.116ms
[606.026s][info][gc,cpu         ] GC(191) User=0.23s Sys=0.03s Real=0.08s
[609.536s][info][gc,start       ] GC(192) Pause Young (Normal) (G1 Preventive Collection)
[609.536s][info][gc,task        ] GC(192) Using 6 workers of 6 for evacuation
[609.546s][info][gc,phases      ] GC(192)   Pre Evacuate Collection Set: 0.2ms
[609.546s][info][gc,phases      ] GC(192)   Merge Heap Roots: 0.2ms
[609.546s][info][gc,phases      ] GC(192)   Evacuate Collection Set: 8.6ms
[609.546s][info][gc,phases      ] GC(192)   Post Evacuate Collection Set: 1.6ms
[609.546s][info][gc,phases      ] GC(192)   Other: 0.2ms
[609.546s][info][gc,heap        ] GC(192) Eden regions: 1125->0(1196)
[609.546s][info][gc,heap        ] GC(192) Survivor regions: 0->32(43)
[609.546s][info][gc,heap        ] GC(192) Old regions: 38->38
[609.546s][info][gc,heap        ] GC(192) Archive regions: 0->0
[609.547s][info][gc,heap        ] GC(192) Humongous regions: 842->3
[609.547s][info][gc,metaspace   ] GC(192) Metaspace: 131394K(133248K)->131394K(133248K) NonClass: 114949K(115584K)->114949K(115584K) Class: 16444K(17664K)->16444K(17664K)
[609.547s][info][gc             ] GC(192) Pause Young (Normal) (G1 Preventive Collection) 4002M->138M(4096M) 10.919ms
[609.547s][info][gc,cpu         ] GC(192) User=0.09s Sys=0.00s Real=0.01s
[612.503s][info][gc,start       ] GC(193) Pause Full (System.gc())
[612.503s][info][gc,task        ] GC(193) Using 6 workers of 6 for full compaction
[612.504s][info][gc,phases,start] GC(193) Phase 1: Mark live objects
[612.523s][info][gc,phases      ] GC(193) Phase 1: Mark live objects 19.619ms
[612.523s][info][gc,phases,start] GC(193) Phase 2: Prepare for compaction
[612.527s][info][gc,phases      ] GC(193) Phase 2: Prepare for compaction 4.064ms
[612.528s][info][gc,phases,start] GC(193) Phase 3: Adjust pointers
[612.543s][info][gc,phases      ] GC(193) Phase 3: Adjust pointers 15.603ms
[612.543s][info][gc,phases,start] GC(193) Phase 4: Compact heap
[612.545s][info][gc,phases      ] GC(193) Phase 4: Compact heap 2.203ms
[612.567s][info][gc,heap        ] GC(193) Eden regions: 377->0(1228)
[612.567s][info][gc,heap        ] GC(193) Survivor regions: 32->0(43)
[612.567s][info][gc,heap        ] GC(193) Old regions: 38->38
[612.567s][info][gc,heap        ] GC(193) Archive regions: 0->0
[612.567s][info][gc,heap        ] GC(193) Humongous regions: 167->3
[612.567s][info][gc,metaspace   ] GC(193) Metaspace: 131394K(133248K)->131394K(133248K) NonClass: 114949K(115584K)->114949K(115584K) Class: 16444K(17664K)->16444K(17664K)
[612.567s][info][gc             ] GC(193) Pause Full (System.gc()) 1219M->75M(4096M) 63.801ms
[612.567s][info][gc,cpu         ] GC(193) User=0.20s Sys=0.02s Real=0.07s
[616.070s][info][gc,start       ] GC(194) Pause Young (Normal) (G1 Preventive Collection)
[616.070s][info][gc,task        ] GC(194) Using 6 workers of 6 for evacuation
[616.080s][info][gc,phases      ] GC(194)   Pre Evacuate Collection Set: 0.2ms
[616.080s][info][gc,phases      ] GC(194)   Merge Heap Roots: 0.2ms
[616.080s][info][gc,phases      ] GC(194)   Evacuate Collection Set: 8.6ms
[616.080s][info][gc,phases      ] GC(194)   Post Evacuate Collection Set: 1.6ms
[616.080s][info][gc,phases      ] GC(194)   Other: 0.2ms
[616.080s][info][gc,heap        ] GC(194) Eden regions: 1126->0(1196)
[616.080s][info][gc,heap        ] GC(194) Survivor regions: 0->32(43)
[616.080s][info][gc,heap        ] GC(194) Old regions: 38->38
[616.080s][info][gc,heap        ] GC(194) Archive regions: 0->0
[616.080s][info][gc,heap        ] GC(194) Humongous regions: 841->3
[616.080s][info][gc,metaspace   ] GC(194) Metaspace: 131394K(133248K)->131394K(133248K) NonClass: 114949K(115584K)->114949K(115584K) Class: 16444K(17664K)->16444K(17664K)
[616.080s][info][gc             ] GC(194) Pause Young (Normal) (G1 Preventive Collection) 4003M->138M(4096M) 10.835ms
[616.081s][info][gc,cpu         ] GC(194) User=0.00s Sys=0.00s Real=0.01s
[619.153s][info][gc,start       ] GC(195) Pause Full (System.gc())
[619.153s][info][gc,task        ] GC(195) Using 6 workers of 6 for full compaction
[619.153s][info][gc,phases,start] GC(195) Phase 1: Mark live objects
[619.172s][info][gc,phases      ] GC(195) Phase 1: Mark live objects 18.826ms
[619.172s][info][gc,phases,start] GC(195) Phase 2: Prepare for compaction
[619.176s][info][gc,phases      ] GC(195) Phase 2: Prepare for compaction 4.474ms
[619.176s][info][gc,phases,start] GC(195) Phase 3: Adjust pointers
[619.192s][info][gc,phases      ] GC(195) Phase 3: Adjust pointers 15.809ms
[619.192s][info][gc,phases,start] GC(195) Phase 4: Compact heap
[619.195s][info][gc,phases      ] GC(195) Phase 4: Compact heap 2.817ms
[619.218s][info][gc,heap        ] GC(195) Eden regions: 377->0(1228)
[619.218s][info][gc,heap        ] GC(195) Survivor regions: 32->0(43)
[619.218s][info][gc,heap        ] GC(195) Old regions: 38->38
[619.218s][info][gc,heap        ] GC(195) Archive regions: 0->0
[619.218s][info][gc,heap        ] GC(195) Humongous regions: 168->3
[619.218s][info][gc,metaspace   ] GC(195) Metaspace: 131397K(133248K)->131397K(133248K) NonClass: 114952K(115584K)->114952K(115584K) Class: 16444K(17664K)->16444K(17664K)
[619.218s][info][gc             ] GC(195) Pause Full (System.gc()) 1221M->74M(4096M) 65.067ms
[619.218s][info][gc,cpu         ] GC(195) User=0.30s Sys=0.00s Real=0.08s
[622.719s][info][gc,start       ] GC(196) Pause Young (Normal) (G1 Preventive Collection)
[622.719s][info][gc,task        ] GC(196) Using 6 workers of 6 for evacuation
[622.730s][info][gc,phases      ] GC(196)   Pre Evacuate Collection Set: 0.2ms
[622.730s][info][gc,phases      ] GC(196)   Merge Heap Roots: 0.2ms
[622.730s][info][gc,phases      ] GC(196)   Evacuate Collection Set: 8.6ms
[622.730s][info][gc,phases      ] GC(196)   Post Evacuate Collection Set: 1.8ms
[622.730s][info][gc,phases      ] GC(196)   Other: 0.3ms
[622.730s][info][gc,heap        ] GC(196) Eden regions: 1127->0(1196)
[622.730s][info][gc,heap        ] GC(196) Survivor regions: 0->32(43)
[622.730s][info][gc,heap        ] GC(196) Old regions: 38->38
[622.730s][info][gc,heap        ] GC(196) Archive regions: 0->0
[622.730s][info][gc,heap        ] GC(196) Humongous regions: 840->3
[622.730s][info][gc,metaspace   ] GC(196) Metaspace: 131397K(133248K)->131397K(133248K) NonClass: 114952K(115584K)->114952K(115584K) Class: 16444K(17664K)->16444K(17664K)
[622.730s][info][gc             ] GC(196) Pause Young (Normal) (G1 Preventive Collection) 4001M->137M(4096M) 11.195ms
[622.730s][info][gc,cpu         ] GC(196) User=0.09s Sys=0.00s Real=0.01s
[625.685s][info][gc,start       ] GC(197) Pause Full (System.gc())
[625.685s][info][gc,task        ] GC(197) Using 6 workers of 6 for full compaction
[625.686s][info][gc,phases,start] GC(197) Phase 1: Mark live objects
[625.704s][info][gc,phases      ] GC(197) Phase 1: Mark live objects 18.898ms
[625.704s][info][gc,phases,start] GC(197) Phase 2: Prepare for compaction
[625.709s][info][gc,phases      ] GC(197) Phase 2: Prepare for compaction 4.380ms
[625.709s][info][gc,phases,start] GC(197) Phase 3: Adjust pointers
[625.725s][info][gc,phases      ] GC(197) Phase 3: Adjust pointers 15.930ms
[625.725s][info][gc,phases,start] GC(197) Phase 4: Compact heap
[625.727s][info][gc,phases      ] GC(197) Phase 4: Compact heap 2.595ms
[625.750s][info][gc,heap        ] GC(197) Eden regions: 377->0(1228)
[625.750s][info][gc,heap        ] GC(197) Survivor regions: 32->0(43)
[625.750s][info][gc,heap        ] GC(197) Old regions: 38->38
[625.750s][info][gc,heap        ] GC(197) Archive regions: 0->0
[625.750s][info][gc,heap        ] GC(197) Humongous regions: 169->3
[625.750s][info][gc,metaspace   ] GC(197) Metaspace: 131397K(133248K)->131397K(133248K) NonClass: 114952K(115584K)->114952K(115584K) Class: 16444K(17664K)->16444K(17664K)
[625.750s][info][gc             ] GC(197) Pause Full (System.gc()) 1223M->75M(4096M) 64.879ms
[625.750s][info][gc,cpu         ] GC(197) User=0.19s Sys=0.00s Real=0.08s
[629.235s][info][gc,start       ] GC(198) Pause Young (Normal) (G1 Preventive Collection)
[629.236s][info][gc,task        ] GC(198) Using 6 workers of 6 for evacuation
[629.247s][info][gc,phases      ] GC(198)   Pre Evacuate Collection Set: 0.2ms
[629.247s][info][gc,phases      ] GC(198)   Merge Heap Roots: 0.2ms
[629.247s][info][gc,phases      ] GC(198)   Evacuate Collection Set: 8.6ms
[629.247s][info][gc,phases      ] GC(198)   Post Evacuate Collection Set: 1.9ms
[629.247s][info][gc,phases      ] GC(198)   Other: 0.3ms
[629.247s][info][gc,heap        ] GC(198) Eden regions: 1125->0(1196)
[629.247s][info][gc,heap        ] GC(198) Survivor regions: 0->32(43)
[629.247s][info][gc,heap        ] GC(198) Old regions: 38->38
[629.247s][info][gc,heap        ] GC(198) Archive regions: 0->0
[629.247s][info][gc,heap        ] GC(198) Humongous regions: 842->3
[629.247s][info][gc,metaspace   ] GC(198) Metaspace: 131401K(133248K)->131401K(133248K) NonClass: 114956K(115584K)->114956K(115584K) Class: 16444K(17664K)->16444K(17664K)
[629.247s][info][gc             ] GC(198) Pause Young (Normal) (G1 Preventive Collection) 4003M->139M(4096M) 11.420ms
[629.247s][info][gc,cpu         ] GC(198) User=0.09s Sys=0.00s Real=0.01s
[632.207s][info][gc,start       ] GC(199) Pause Full (System.gc())
[632.208s][info][gc,task        ] GC(199) Using 6 workers of 6 for full compaction
[632.208s][info][gc,phases,start] GC(199) Phase 1: Mark live objects
[632.228s][info][gc,phases      ] GC(199) Phase 1: Mark live objects 19.658ms
[632.228s][info][gc,phases,start] GC(199) Phase 2: Prepare for compaction
[632.232s][info][gc,phases      ] GC(199) Phase 2: Prepare for compaction 4.292ms
[632.232s][info][gc,phases,start] GC(199) Phase 3: Adjust pointers
[632.248s][info][gc,phases      ] GC(199) Phase 3: Adjust pointers 15.790ms
[632.248s][info][gc,phases,start] GC(199) Phase 4: Compact heap
[632.251s][info][gc,phases      ] GC(199) Phase 4: Compact heap 2.715ms
[632.273s][info][gc,heap        ] GC(199) Eden regions: 377->0(1228)
[632.273s][info][gc,heap        ] GC(199) Survivor regions: 32->0(43)
[632.273s][info][gc,heap        ] GC(199) Old regions: 38->39
[632.273s][info][gc,heap        ] GC(199) Archive regions: 0->0
[632.273s][info][gc,heap        ] GC(199) Humongous regions: 167->3
[632.273s][info][gc,metaspace   ] GC(199) Metaspace: 131401K(133248K)->131401K(133248K) NonClass: 114956K(115584K)->114956K(115584K) Class: 16444K(17664K)->16444K(17664K)
[632.273s][info][gc             ] GC(199) Pause Full (System.gc()) 1220M->74M(4096M) 66.024ms
[632.274s][info][gc,cpu         ] GC(199) User=0.27s Sys=0.00s Real=0.08s
[635.840s][info][gc,start       ] GC(200) Pause Young (Normal) (G1 Preventive Collection)
[635.840s][info][gc,task        ] GC(200) Using 6 workers of 6 for evacuation
[635.851s][info][gc,phases      ] GC(200)   Pre Evacuate Collection Set: 0.2ms
[635.851s][info][gc,phases      ] GC(200)   Merge Heap Roots: 0.2ms
[635.851s][info][gc,phases      ] GC(200)   Evacuate Collection Set: 8.9ms
[635.851s][info][gc,phases      ] GC(200)   Post Evacuate Collection Set: 1.8ms
[635.851s][info][gc,phases      ] GC(200)   Other: 0.2ms
[635.851s][info][gc,heap        ] GC(200) Eden regions: 1126->0(1195)
[635.851s][info][gc,heap        ] GC(200) Survivor regions: 0->33(42)
[635.851s][info][gc,heap        ] GC(200) Old regions: 39->39
[635.851s][info][gc,heap        ] GC(200) Archive regions: 0->0
[635.851s][info][gc,heap        ] GC(200) Humongous regions: 841->3
[635.851s][info][gc,metaspace   ] GC(200) Metaspace: 131401K(133248K)->131401K(133248K) NonClass: 114956K(115584K)->114956K(115584K) Class: 16444K(17664K)->16444K(17664K)
[635.851s][info][gc             ] GC(200) Pause Young (Normal) (G1 Preventive Collection) 4002M->139M(4096M) 11.438ms
[635.851s][info][gc,cpu         ] GC(200) User=0.05s Sys=0.00s Real=0.01s
[638.804s][info][gc,start       ] GC(201) Pause Full (System.gc())
[638.804s][info][gc,task        ] GC(201) Using 6 workers of 6 for full compaction
[638.804s][info][gc,phases,start] GC(201) Phase 1: Mark live objects
[638.823s][info][gc,phases      ] GC(201) Phase 1: Mark live objects 19.150ms
[638.823s][info][gc,phases,start] GC(201) Phase 2: Prepare for compaction
[638.827s][info][gc,phases      ] GC(201) Phase 2: Prepare for compaction 4.049ms
[638.827s][info][gc,phases,start] GC(201) Phase 3: Adjust pointers
[638.843s][info][gc,phases      ] GC(201) Phase 3: Adjust pointers 15.703ms
[638.843s][info][gc,phases,start] GC(201) Phase 4: Compact heap
[638.845s][info][gc,phases      ] GC(201) Phase 4: Compact heap 2.500ms
[638.868s][info][gc,heap        ] GC(201) Eden regions: 376->0(1228)
[638.868s][info][gc,heap        ] GC(201) Survivor regions: 33->0(42)
[638.868s][info][gc,heap        ] GC(201) Old regions: 39->38
[638.868s][info][gc,heap        ] GC(201) Archive regions: 0->0
[638.868s][info][gc,heap        ] GC(201) Humongous regions: 168->3
[638.868s][info][gc,metaspace   ] GC(201) Metaspace: 131401K(133248K)->131401K(133248K) NonClass: 114956K(115584K)->114956K(115584K) Class: 16444K(17664K)->16444K(17664K)
[638.868s][info][gc             ] GC(201) Pause Full (System.gc()) 1221M->75M(4096M) 64.379ms
[638.868s][info][gc,cpu         ] GC(201) User=0.19s Sys=0.02s Real=0.08s
[642.370s][info][gc,start       ] GC(202) Pause Young (Normal) (G1 Preventive Collection)
[642.370s][info][gc,task        ] GC(202) Using 6 workers of 6 for evacuation
[642.381s][info][gc,phases      ] GC(202)   Pre Evacuate Collection Set: 0.2ms
[642.381s][info][gc,phases      ] GC(202)   Merge Heap Roots: 0.2ms
[642.381s][info][gc,phases      ] GC(202)   Evacuate Collection Set: 8.8ms
[642.381s][info][gc,phases      ] GC(202)   Post Evacuate Collection Set: 1.9ms
[642.381s][info][gc,phases      ] GC(202)   Other: 0.2ms
[642.381s][info][gc,heap        ] GC(202) Eden regions: 1126->0(1196)
[642.381s][info][gc,heap        ] GC(202) Survivor regions: 0->32(43)
[642.381s][info][gc,heap        ] GC(202) Old regions: 38->38
[642.381s][info][gc,heap        ] GC(202) Archive regions: 0->0
[642.381s][info][gc,heap        ] GC(202) Humongous regions: 841->3
[642.381s][info][gc,metaspace   ] GC(202) Metaspace: 131423K(133248K)->131423K(133248K) NonClass: 114978K(115584K)->114978K(115584K) Class: 16444K(17664K)->16444K(17664K)
[642.381s][info][gc             ] GC(202) Pause Young (Normal) (G1 Preventive Collection) 4002M->138M(4096M) 11.405ms
[642.381s][info][gc,cpu         ] GC(202) User=0.02s Sys=0.00s Real=0.01s
[645.327s][info][gc,start       ] GC(203) Pause Full (System.gc())
[645.328s][info][gc,task        ] GC(203) Using 6 workers of 6 for full compaction
[645.328s][info][gc,phases,start] GC(203) Phase 1: Mark live objects
[645.348s][info][gc,phases      ] GC(203) Phase 1: Mark live objects 20.393ms
[645.348s][info][gc,phases,start] GC(203) Phase 2: Prepare for compaction
[645.353s][info][gc,phases      ] GC(203) Phase 2: Prepare for compaction 4.460ms
[645.353s][info][gc,phases,start] GC(203) Phase 3: Adjust pointers
[645.369s][info][gc,phases      ] GC(203) Phase 3: Adjust pointers 16.372ms
[645.369s][info][gc,phases,start] GC(203) Phase 4: Compact heap
[645.372s][info][gc,phases      ] GC(203) Phase 4: Compact heap 2.803ms
[645.394s][info][gc,heap        ] GC(203) Eden regions: 377->0(1228)
[645.394s][info][gc,heap        ] GC(203) Survivor regions: 32->0(43)
[645.394s][info][gc,heap        ] GC(203) Old regions: 38->37
[645.394s][info][gc,heap        ] GC(203) Archive regions: 0->0
[645.394s][info][gc,heap        ] GC(203) Humongous regions: 168->3
[645.394s][info][gc,metaspace   ] GC(203) Metaspace: 131423K(133248K)->131423K(133248K) NonClass: 114979K(115584K)->114979K(115584K) Class: 16444K(17664K)->16444K(17664K)
[645.394s][info][gc             ] GC(203) Pause Full (System.gc()) 1221M->74M(4096M) 66.947ms
[645.394s][info][gc,cpu         ] GC(203) User=0.22s Sys=0.00s Real=0.08s
[648.907s][info][gc,start       ] GC(204) Pause Young (Normal) (G1 Preventive Collection)
[648.907s][info][gc,task        ] GC(204) Using 6 workers of 6 for evacuation
[648.918s][info][gc,phases      ] GC(204)   Pre Evacuate Collection Set: 0.2ms
[648.918s][info][gc,phases      ] GC(204)   Merge Heap Roots: 0.2ms
[648.918s][info][gc,phases      ] GC(204)   Evacuate Collection Set: 8.8ms
[648.918s][info][gc,phases      ] GC(204)   Post Evacuate Collection Set: 1.7ms
[648.918s][info][gc,phases      ] GC(204)   Other: 0.2ms
[648.918s][info][gc,heap        ] GC(204) Eden regions: 1126->0(1197)
[648.918s][info][gc,heap        ] GC(204) Survivor regions: 0->31(43)
[648.918s][info][gc,heap        ] GC(204) Old regions: 37->37
[648.918s][info][gc,heap        ] GC(204) Archive regions: 0->0
[648.918s][info][gc,heap        ] GC(204) Humongous regions: 842->3
[648.918s][info][gc,metaspace   ] GC(204) Metaspace: 131452K(133312K)->131452K(133312K) NonClass: 115007K(115648K)->115007K(115648K) Class: 16444K(17664K)->16444K(17664K)
[648.918s][info][gc             ] GC(204) Pause Young (Normal) (G1 Preventive Collection) 4003M->136M(4096M) 11.280ms
[648.918s][info][gc,cpu         ] GC(204) User=0.09s Sys=0.00s Real=0.01s
[651.864s][info][gc,start       ] GC(205) Pause Full (System.gc())
[651.864s][info][gc,task        ] GC(205) Using 6 workers of 6 for full compaction
[651.865s][info][gc,phases,start] GC(205) Phase 1: Mark live objects
[651.883s][info][gc,phases      ] GC(205) Phase 1: Mark live objects 18.514ms
[651.883s][info][gc,phases,start] GC(205) Phase 2: Prepare for compaction
[651.887s][info][gc,phases      ] GC(205) Phase 2: Prepare for compaction 4.191ms
[651.887s][info][gc,phases,start] GC(205) Phase 3: Adjust pointers
[651.903s][info][gc,phases      ] GC(205) Phase 3: Adjust pointers 16.055ms
[651.904s][info][gc,phases,start] GC(205) Phase 4: Compact heap
[651.906s][info][gc,phases      ] GC(205) Phase 4: Compact heap 2.857ms
[651.929s][info][gc,heap        ] GC(205) Eden regions: 376->0(1228)
[651.929s][info][gc,heap        ] GC(205) Survivor regions: 31->0(43)
[651.929s][info][gc,heap        ] GC(205) Old regions: 37->39
[651.929s][info][gc,heap        ] GC(205) Archive regions: 0->0
[651.929s][info][gc,heap        ] GC(205) Humongous regions: 167->3
[651.929s][info][gc,metaspace   ] GC(205) Metaspace: 131461K(133312K)->131461K(133312K) NonClass: 115016K(115648K)->115016K(115648K) Class: 16444K(17664K)->16444K(17664K)
[651.929s][info][gc             ] GC(205) Pause Full (System.gc()) 1215M->75M(4096M) 64.356ms
[651.929s][info][gc,cpu         ] GC(205) User=0.28s Sys=0.00s Real=0.06s
[655.456s][info][gc,start       ] GC(206) Pause Young (Normal) (G1 Preventive Collection)
[655.456s][info][gc,task        ] GC(206) Using 6 workers of 6 for evacuation
[655.467s][info][gc,phases      ] GC(206)   Pre Evacuate Collection Set: 0.2ms
[655.468s][info][gc,phases      ] GC(206)   Merge Heap Roots: 0.2ms
[655.468s][info][gc,phases      ] GC(206)   Evacuate Collection Set: 9.2ms
[655.468s][info][gc,phases      ] GC(206)   Post Evacuate Collection Set: 1.5ms
[655.468s][info][gc,phases      ] GC(206)   Other: 0.2ms
[655.468s][info][gc,heap        ] GC(206) Eden regions: 1125->0(1196)
[655.468s][info][gc,heap        ] GC(206) Survivor regions: 0->32(43)
[655.468s][info][gc,heap        ] GC(206) Old regions: 39->39
[655.468s][info][gc,heap        ] GC(206) Archive regions: 0->0
[655.468s][info][gc,heap        ] GC(206) Humongous regions: 841->3
[655.468s][info][gc,metaspace   ] GC(206) Metaspace: 131485K(133312K)->131485K(133312K) NonClass: 115040K(115648K)->115040K(115648K) Class: 16444K(17664K)->16444K(17664K)
[655.468s][info][gc             ] GC(206) Pause Young (Normal) (G1 Preventive Collection) 4000M->139M(4096M) 11.408ms
[655.468s][info][gc,cpu         ] GC(206) User=0.08s Sys=0.00s Real=0.01s
[658.403s][info][gc,start       ] GC(207) Pause Full (System.gc())
[658.403s][info][gc,task        ] GC(207) Using 6 workers of 6 for full compaction
[658.403s][info][gc,phases,start] GC(207) Phase 1: Mark live objects
[658.423s][info][gc,phases      ] GC(207) Phase 1: Mark live objects 19.832ms
[658.423s][info][gc,phases,start] GC(207) Phase 2: Prepare for compaction
[658.427s][info][gc,phases      ] GC(207) Phase 2: Prepare for compaction 4.374ms
[658.428s][info][gc,phases,start] GC(207) Phase 3: Adjust pointers
[658.444s][info][gc,phases      ] GC(207) Phase 3: Adjust pointers 16.166ms
[658.444s][info][gc,phases,start] GC(207) Phase 4: Compact heap
[658.447s][info][gc,phases      ] GC(207) Phase 4: Compact heap 2.750ms
[658.469s][info][gc,heap        ] GC(207) Eden regions: 376->0(1228)
[658.469s][info][gc,heap        ] GC(207) Survivor regions: 32->0(43)
[658.469s][info][gc,heap        ] GC(207) Old regions: 39->38
[658.469s][info][gc,heap        ] GC(207) Archive regions: 0->0
[658.469s][info][gc,heap        ] GC(207) Humongous regions: 168->3
[658.469s][info][gc,metaspace   ] GC(207) Metaspace: 131485K(133312K)->131485K(133312K) NonClass: 115040K(115648K)->115040K(115648K) Class: 16444K(17664K)->16444K(17664K)
[658.469s][info][gc             ] GC(207) Pause Full (System.gc()) 1220M->75M(4096M) 65.983ms
[658.469s][info][gc,cpu         ] GC(207) User=0.22s Sys=0.00s Real=0.06s
[661.946s][info][gc,start       ] GC(208) Pause Young (Normal) (G1 Preventive Collection)
[661.946s][info][gc,task        ] GC(208) Using 6 workers of 6 for evacuation
[661.957s][info][gc,phases      ] GC(208)   Pre Evacuate Collection Set: 0.2ms
[661.958s][info][gc,phases      ] GC(208)   Merge Heap Roots: 0.2ms
[661.958s][info][gc,phases      ] GC(208)   Evacuate Collection Set: 8.7ms
[661.958s][info][gc,phases      ] GC(208)   Post Evacuate Collection Set: 1.8ms
[661.958s][info][gc,phases      ] GC(208)   Other: 0.2ms
[661.958s][info][gc,heap        ] GC(208) Eden regions: 1126->0(1196)
[661.958s][info][gc,heap        ] GC(208) Survivor regions: 0->32(43)
[661.958s][info][gc,heap        ] GC(208) Old regions: 38->38
[661.958s][info][gc,heap        ] GC(208) Archive regions: 0->0
[661.958s][info][gc,heap        ] GC(208) Humongous regions: 841->3
[661.958s][info][gc,metaspace   ] GC(208) Metaspace: 131485K(133312K)->131485K(133312K) NonClass: 115041K(115648K)->115041K(115648K) Class: 16444K(17664K)->16444K(17664K)
[661.958s][info][gc             ] GC(208) Pause Young (Normal) (G1 Preventive Collection) 4003M->137M(4096M) 11.240ms
[661.958s][info][gc,cpu         ] GC(208) User=0.00s Sys=0.00s Real=0.01s
[664.929s][info][gc,start       ] GC(209) Pause Full (System.gc())
[664.929s][info][gc,task        ] GC(209) Using 6 workers of 6 for full compaction
[664.929s][info][gc,phases,start] GC(209) Phase 1: Mark live objects
[664.952s][info][gc,phases      ] GC(209) Phase 1: Mark live objects 22.194ms
[664.952s][info][gc,phases,start] GC(209) Phase 2: Prepare for compaction
[664.956s][info][gc,phases      ] GC(209) Phase 2: Prepare for compaction 4.157ms
[664.956s][info][gc,phases,start] GC(209) Phase 3: Adjust pointers
[664.972s][info][gc,phases      ] GC(209) Phase 3: Adjust pointers 16.171ms
[664.972s][info][gc,phases,start] GC(209) Phase 4: Compact heap
[664.975s][info][gc,phases      ] GC(209) Phase 4: Compact heap 2.472ms
[664.997s][info][gc,heap        ] GC(209) Eden regions: 377->0(1228)
[664.997s][info][gc,heap        ] GC(209) Survivor regions: 32->0(43)
[664.997s][info][gc,heap        ] GC(209) Old regions: 38->39
[664.997s][info][gc,heap        ] GC(209) Archive regions: 0->0
[664.997s][info][gc,heap        ] GC(209) Humongous regions: 168->3
[664.997s][info][gc,metaspace   ] GC(209) Metaspace: 131492K(133312K)->131492K(133312K) NonClass: 115047K(115648K)->115047K(115648K) Class: 16444K(17664K)->16444K(17664K)
[664.997s][info][gc             ] GC(209) Pause Full (System.gc()) 1220M->75M(4096M) 68.326ms
[664.997s][info][gc,cpu         ] GC(209) User=0.20s Sys=0.02s Real=0.08s
[668.483s][info][gc,start       ] GC(210) Pause Young (Normal) (G1 Preventive Collection)
[668.483s][info][gc,task        ] GC(210) Using 6 workers of 6 for evacuation
[668.494s][info][gc,phases      ] GC(210)   Pre Evacuate Collection Set: 0.2ms
[668.494s][info][gc,phases      ] GC(210)   Merge Heap Roots: 0.2ms
[668.494s][info][gc,phases      ] GC(210)   Evacuate Collection Set: 8.6ms
[668.494s][info][gc,phases      ] GC(210)   Post Evacuate Collection Set: 1.9ms
[668.494s][info][gc,phases      ] GC(210)   Other: 0.3ms
[668.494s][info][gc,heap        ] GC(210) Eden regions: 1125->0(1196)
[668.494s][info][gc,heap        ] GC(210) Survivor regions: 0->32(43)
[668.494s][info][gc,heap        ] GC(210) Old regions: 39->39
[668.494s][info][gc,heap        ] GC(210) Archive regions: 0->0
[668.494s][info][gc,heap        ] GC(210) Humongous regions: 841->3
[668.494s][info][gc,metaspace   ] GC(210) Metaspace: 131492K(133312K)->131492K(133312K) NonClass: 115047K(115648K)->115047K(115648K) Class: 16444K(17664K)->16444K(17664K)
[668.494s][info][gc             ] GC(210) Pause Young (Normal) (G1 Preventive Collection) 4001M->138M(4096M) 11.211ms
[668.494s][info][gc,cpu         ] GC(210) User=0.09s Sys=0.00s Real=0.01s
[671.449s][info][gc,start       ] GC(211) Pause Full (System.gc())
[671.449s][info][gc,task        ] GC(211) Using 6 workers of 6 for full compaction
[671.450s][info][gc,phases,start] GC(211) Phase 1: Mark live objects
[671.469s][info][gc,phases      ] GC(211) Phase 1: Mark live objects 19.460ms
[671.469s][info][gc,phases,start] GC(211) Phase 2: Prepare for compaction
[671.474s][info][gc,phases      ] GC(211) Phase 2: Prepare for compaction 4.911ms
[671.474s][info][gc,phases,start] GC(211) Phase 3: Adjust pointers
[671.490s][info][gc,phases      ] GC(211) Phase 3: Adjust pointers 16.191ms
[671.490s][info][gc,phases,start] GC(211) Phase 4: Compact heap
[671.494s][info][gc,phases      ] GC(211) Phase 4: Compact heap 3.623ms
[671.516s][info][gc,heap        ] GC(211) Eden regions: 376->0(1228)
[671.516s][info][gc,heap        ] GC(211) Survivor regions: 32->0(43)
[671.516s][info][gc,heap        ] GC(211) Old regions: 39->38
[671.516s][info][gc,heap        ] GC(211) Archive regions: 0->0
[671.516s][info][gc,heap        ] GC(211) Humongous regions: 168->3
[671.516s][info][gc,metaspace   ] GC(211) Metaspace: 131492K(133312K)->131492K(133312K) NonClass: 115047K(115648K)->115047K(115648K) Class: 16444K(17664K)->16444K(17664K)
[671.516s][info][gc             ] GC(211) Pause Full (System.gc()) 1220M->75M(4096M) 66.811ms
[671.516s][info][gc,cpu         ] GC(211) User=0.20s Sys=0.00s Real=0.07s
[675.029s][info][gc,start       ] GC(212) Pause Young (Normal) (G1 Preventive Collection)
[675.029s][info][gc,task        ] GC(212) Using 6 workers of 6 for evacuation
[675.040s][info][gc,phases      ] GC(212)   Pre Evacuate Collection Set: 0.2ms
[675.040s][info][gc,phases      ] GC(212)   Merge Heap Roots: 0.2ms
[675.040s][info][gc,phases      ] GC(212)   Evacuate Collection Set: 8.6ms
[675.040s][info][gc,phases      ] GC(212)   Post Evacuate Collection Set: 1.9ms
[675.040s][info][gc,phases      ] GC(212)   Other: 0.3ms
[675.040s][info][gc,heap        ] GC(212) Eden regions: 1127->0(1195)
[675.040s][info][gc,heap        ] GC(212) Survivor regions: 0->33(43)
[675.040s][info][gc,heap        ] GC(212) Old regions: 38->38
[675.040s][info][gc,heap        ] GC(212) Archive regions: 0->0
[675.040s][info][gc,heap        ] GC(212) Humongous regions: 840->3
[675.040s][info][gc,metaspace   ] GC(212) Metaspace: 131495K(133312K)->131495K(133312K) NonClass: 115050K(115648K)->115050K(115648K) Class: 16444K(17664K)->16444K(17664K)
[675.040s][info][gc             ] GC(212) Pause Young (Normal) (G1 Preventive Collection) 4002M->139M(4096M) 11.167ms
[675.040s][info][gc,cpu         ] GC(212) User=0.09s Sys=0.00s Real=0.01s
[678.257s][info][gc,heap,exit   ] Heap
[678.257s][info][gc,heap,exit   ]  garbage-first heap   total 4194304K, used 1279499K [0x0000000700000000, 0x0000000800000000)
[678.257s][info][gc,heap,exit   ]   region size 2048K, 423 young (866304K), 33 survivors (67584K)
[678.257s][info][gc,heap,exit   ]  Metaspace       used 131929K, committed 133632K, reserved 1179648K
[678.257s][info][gc,heap,exit   ]   class space    used 16537K, committed 17664K, reserved 1048576K
