[0.008s][info][gc] Using G1
[0.018s][info][gc,init] Version: 17.0.12+7-adhoc..jdk17u (release)
[0.018s][info][gc,init] CPUs: 6 total, 6 available
[0.018s][info][gc,init] Memory: 15591M
[0.018s][info][gc,init] Large Page Support: Disabled
[0.018s][info][gc,init] NUMA Support: Disabled
[0.018s][info][gc,init] Compressed Oops: Enabled (32-bit)
[0.018s][info][gc,init] Heap Region Size: 1M
[0.018s][info][gc,init] Heap Min Capacity: 2G
[0.018s][info][gc,init] Heap Initial Capacity: 2G
[0.018s][info][gc,init] Heap Max Capacity: 2G
[0.018s][info][gc,init] Pre-touch: Disabled
[0.018s][info][gc,init] Parallel Workers: 6
[0.018s][info][gc,init] Concurrent Workers: 2
[0.021s][info][gc,init] Concurrent Refinement Workers: 6
[0.021s][info][gc,init] Periodic GC: Disabled
[0.028s][info][gc,metaspace] CDS archive(s) mapped at: [0x00000221d6000000-0x00000221d6bc0000-0x00000221d6bc0000), size 12320768, SharedBaseAddress: 0x00000221d6000000, ArchiveRelocationMode: 1.
[0.028s][info][gc,metaspace] Compressed class space mapped at: 0x00000221d7000000-0x0000022217000000, reserved size: 1073741824
[0.028s][info][gc,metaspace] Narrow klass base: 0x00000221d6000000, Narrow klass shift: 0, Narrow klass range: 0x100000000
[7.192s][info][gc,start    ] GC(0) Pause Young (Concurrent Start) (Metadata GC Threshold)
[7.193s][info][gc,task     ] GC(0) Using 6 workers of 6 for evacuation
[7.201s][info][gc,phases   ] GC(0)   Pre Evacuate Collection Set: 0.2ms
[7.201s][info][gc,phases   ] GC(0)   Merge Heap Roots: 0.1ms
[7.201s][info][gc,phases   ] GC(0)   Evacuate Collection Set: 7.0ms
[7.201s][info][gc,phases   ] GC(0)   Post Evacuate Collection Set: 0.7ms
[7.201s][info][gc,phases   ] GC(0)   Other: 0.6ms
[7.201s][info][gc,heap     ] GC(0) Eden regions: 76->0(89)
[7.201s][info][gc,heap     ] GC(0) Survivor regions: 0->13(13)
[7.201s][info][gc,heap     ] GC(0) Old regions: 0->2
[7.201s][info][gc,heap     ] GC(0) Archive regions: 0->0
[7.201s][info][gc,heap     ] GC(0) Humongous regions: 7->7
[7.201s][info][gc,metaspace] GC(0) Metaspace: 21257K(21504K)->21257K(21504K) NonClass: 18549K(18688K)->18549K(18688K) Class: 2708K(2816K)->2708K(2816K)
[7.201s][info][gc          ] GC(0) Pause Young (Concurrent Start) (Metadata GC Threshold) 83M->21M(2048M) 8.735ms
[7.201s][info][gc,cpu      ] GC(0) User=0.00s Sys=0.00s Real=0.00s
[7.201s][info][gc          ] GC(1) Concurrent Mark Cycle
[7.201s][info][gc,marking  ] GC(1) Concurrent Clear Claimed Marks
[7.201s][info][gc,marking  ] GC(1) Concurrent Clear Claimed Marks 0.023ms
[7.201s][info][gc,marking  ] GC(1) Concurrent Scan Root Regions
[7.204s][info][gc,marking  ] GC(1) Concurrent Scan Root Regions 2.375ms
[7.204s][info][gc,marking  ] GC(1) Concurrent Mark
[7.204s][info][gc,marking  ] GC(1) Concurrent Mark From Roots
[7.204s][info][gc,task     ] GC(1) Using 2 workers of 2 for marking
[7.204s][info][gc,marking  ] GC(1) Concurrent Mark From Roots 0.442ms
[7.204s][info][gc,marking  ] GC(1) Concurrent Preclean
[7.204s][info][gc,marking  ] GC(1) Concurrent Preclean 0.030ms
[7.204s][info][gc,start    ] GC(1) Pause Remark
[7.206s][info][gc          ] GC(1) Pause Remark 22M->22M(2048M) 1.657ms
[7.206s][info][gc,cpu      ] GC(1) User=0.03s Sys=0.00s Real=0.00s
[7.206s][info][gc,marking  ] GC(1) Concurrent Mark 2.437ms
[7.206s][info][gc,marking  ] GC(1) Concurrent Rebuild Remembered Sets
[7.206s][info][gc,marking  ] GC(1) Concurrent Rebuild Remembered Sets 0.009ms
[7.206s][info][gc,start    ] GC(1) Pause Cleanup
[7.206s][info][gc          ] GC(1) Pause Cleanup 22M->22M(2048M) 0.023ms
[7.206s][info][gc,cpu      ] GC(1) User=0.00s Sys=0.00s Real=0.00s
[7.206s][info][gc,marking  ] GC(1) Concurrent Cleanup for Next Mark
[7.214s][info][gc,marking  ] GC(1) Concurrent Cleanup for Next Mark 7.336ms
[7.214s][info][gc          ] GC(1) Concurrent Mark Cycle 12.544ms
[8.074s][info][gc,start    ] GC(2) Pause Young (Concurrent Start) (Metadata GC Threshold)
[8.074s][info][gc,task     ] GC(2) Using 6 workers of 6 for evacuation
[8.083s][info][gc,phases   ] GC(2)   Pre Evacuate Collection Set: 0.3ms
[8.083s][info][gc,phases   ] GC(2)   Merge Heap Roots: 0.1ms
[8.083s][info][gc,phases   ] GC(2)   Evacuate Collection Set: 7.1ms
[8.083s][info][gc,phases   ] GC(2)   Post Evacuate Collection Set: 0.8ms
[8.083s][info][gc,phases   ] GC(2)   Other: 0.2ms
[8.083s][info][gc,heap     ] GC(2) Eden regions: 53->0(97)
[8.083s][info][gc,heap     ] GC(2) Survivor regions: 13->5(13)
[8.083s][info][gc,heap     ] GC(2) Old regions: 2->15
[8.083s][info][gc,heap     ] GC(2) Archive regions: 0->0
[8.083s][info][gc,heap     ] GC(2) Humongous regions: 7->7
[8.083s][info][gc,metaspace] GC(2) Metaspace: 35611K(35968K)->35611K(35968K) NonClass: 31108K(31296K)->31108K(31296K) Class: 4502K(4672K)->4502K(4672K)
[8.083s][info][gc          ] GC(2) Pause Young (Concurrent Start) (Metadata GC Threshold) 74M->26M(2048M) 8.692ms
[8.083s][info][gc,cpu      ] GC(2) User=0.03s Sys=0.06s Real=0.01s
[8.083s][info][gc          ] GC(3) Concurrent Mark Cycle
[8.083s][info][gc,marking  ] GC(3) Concurrent Clear Claimed Marks
[8.083s][info][gc,marking  ] GC(3) Concurrent Clear Claimed Marks 0.030ms
[8.083s][info][gc,marking  ] GC(3) Concurrent Scan Root Regions
[8.085s][info][gc,marking  ] GC(3) Concurrent Scan Root Regions 2.184ms
[8.085s][info][gc,marking  ] GC(3) Concurrent Mark
[8.085s][info][gc,marking  ] GC(3) Concurrent Mark From Roots
[8.085s][info][gc,task     ] GC(3) Using 2 workers of 2 for marking
[8.087s][info][gc,marking  ] GC(3) Concurrent Mark From Roots 1.651ms
[8.087s][info][gc,marking  ] GC(3) Concurrent Preclean
[8.087s][info][gc,marking  ] GC(3) Concurrent Preclean 0.037ms
[8.087s][info][gc,start    ] GC(3) Pause Remark
[8.089s][info][gc          ] GC(3) Pause Remark 26M->26M(2048M) 2.290ms
[8.090s][info][gc,cpu      ] GC(3) User=0.00s Sys=0.00s Real=0.00s
[8.090s][info][gc,marking  ] GC(3) Concurrent Mark 4.291ms
[8.090s][info][gc,marking  ] GC(3) Concurrent Rebuild Remembered Sets
[8.091s][info][gc,marking  ] GC(3) Concurrent Rebuild Remembered Sets 1.802ms
[8.092s][info][gc,start    ] GC(3) Pause Cleanup
[8.092s][info][gc          ] GC(3) Pause Cleanup 26M->26M(2048M) 0.207ms
[8.092s][info][gc,cpu      ] GC(3) User=0.00s Sys=0.00s Real=0.00s
[8.092s][info][gc,marking  ] GC(3) Concurrent Cleanup for Next Mark
[8.096s][info][gc,marking  ] GC(3) Concurrent Cleanup for Next Mark 4.668ms
[8.097s][info][gc          ] GC(3) Concurrent Mark Cycle 13.569ms
[8.759s][info][gc,start    ] GC(4) Pause Young (Normal) (G1 Evacuation Pause)
[8.759s][info][gc,task     ] GC(4) Using 6 workers of 6 for evacuation
[8.774s][info][gc,phases   ] GC(4)   Pre Evacuate Collection Set: 0.2ms
[8.774s][info][gc,phases   ] GC(4)   Merge Heap Roots: 0.1ms
[8.774s][info][gc,phases   ] GC(4)   Evacuate Collection Set: 13.6ms
[8.774s][info][gc,phases   ] GC(4)   Post Evacuate Collection Set: 0.9ms
[8.774s][info][gc,phases   ] GC(4)   Other: 0.3ms
[8.774s][info][gc,heap     ] GC(4) Eden regions: 97->0(89)
[8.774s][info][gc,heap     ] GC(4) Survivor regions: 5->13(13)
[8.774s][info][gc,heap     ] GC(4) Old regions: 15->43
[8.774s][info][gc,heap     ] GC(4) Archive regions: 0->0
[8.774s][info][gc,heap     ] GC(4) Humongous regions: 7->7
[8.774s][info][gc,metaspace] GC(4) Metaspace: 47540K(48000K)->47540K(48000K) NonClass: 41551K(41792K)->41551K(41792K) Class: 5989K(6208K)->5989K(6208K)
[8.774s][info][gc          ] GC(4) Pause Young (Normal) (G1 Evacuation Pause) 123M->62M(2048M) 15.092ms
[8.774s][info][gc,cpu      ] GC(4) User=0.05s Sys=0.05s Real=0.01s
[8.855s][info][gc,start    ] GC(5) Pause Young (Normal) (G1 Evacuation Pause)
[8.855s][info][gc,task     ] GC(5) Using 6 workers of 6 for evacuation
[8.872s][info][gc,phases   ] GC(5)   Pre Evacuate Collection Set: 0.2ms
[8.872s][info][gc,phases   ] GC(5)   Merge Heap Roots: 0.1ms
[8.872s][info][gc,phases   ] GC(5)   Evacuate Collection Set: 16.7ms
[8.872s][info][gc,phases   ] GC(5)   Post Evacuate Collection Set: 0.6ms
[8.873s][info][gc,phases   ] GC(5)   Other: 0.2ms
[8.873s][info][gc,heap     ] GC(5) Eden regions: 89->0(89)
[8.873s][info][gc,heap     ] GC(5) Survivor regions: 13->13(13)
[8.873s][info][gc,heap     ] GC(5) Old regions: 43->88
[8.873s][info][gc,heap     ] GC(5) Archive regions: 0->0
[8.873s][info][gc,heap     ] GC(5) Humongous regions: 7->7
[8.873s][info][gc,metaspace] GC(5) Metaspace: 47589K(48064K)->47589K(48064K) NonClass: 41598K(41856K)->41598K(41856K) Class: 5991K(6208K)->5991K(6208K)
[8.873s][info][gc          ] GC(5) Pause Young (Normal) (G1 Evacuation Pause) 151M->107M(2048M) 17.983ms
[8.873s][info][gc,cpu      ] GC(5) User=0.09s Sys=0.00s Real=0.02s
[8.920s][info][gc,start    ] GC(6) Pause Young (Normal) (G1 Evacuation Pause)
[8.920s][info][gc,task     ] GC(6) Using 6 workers of 6 for evacuation
[8.933s][info][gc,phases   ] GC(6)   Pre Evacuate Collection Set: 0.2ms
[8.933s][info][gc,phases   ] GC(6)   Merge Heap Roots: 0.1ms
[8.933s][info][gc,phases   ] GC(6)   Evacuate Collection Set: 11.7ms
[8.933s][info][gc,phases   ] GC(6)   Post Evacuate Collection Set: 0.5ms
[8.933s][info][gc,phases   ] GC(6)   Other: 0.2ms
[8.933s][info][gc,heap     ] GC(6) Eden regions: 89->0(89)
[8.933s][info][gc,heap     ] GC(6) Survivor regions: 13->13(13)
[8.933s][info][gc,heap     ] GC(6) Old regions: 88->105
[8.933s][info][gc,heap     ] GC(6) Archive regions: 0->0
[8.933s][info][gc,heap     ] GC(6) Humongous regions: 7->7
[8.933s][info][gc,metaspace] GC(6) Metaspace: 47589K(48064K)->47589K(48064K) NonClass: 41598K(41856K)->41598K(41856K) Class: 5991K(6208K)->5991K(6208K)
[8.933s][info][gc          ] GC(6) Pause Young (Normal) (G1 Evacuation Pause) 196M->124M(2048M) 12.775ms
[8.933s][info][gc,cpu      ] GC(6) User=0.05s Sys=0.05s Real=0.02s
[8.980s][info][gc,start    ] GC(7) Pause Young (Normal) (G1 Evacuation Pause)
[8.980s][info][gc,task     ] GC(7) Using 6 workers of 6 for evacuation
[8.992s][info][gc,phases   ] GC(7)   Pre Evacuate Collection Set: 0.2ms
[8.992s][info][gc,phases   ] GC(7)   Merge Heap Roots: 0.1ms
[8.992s][info][gc,phases   ] GC(7)   Evacuate Collection Set: 11.6ms
[8.992s][info][gc,phases   ] GC(7)   Post Evacuate Collection Set: 0.4ms
[8.992s][info][gc,phases   ] GC(7)   Other: 0.2ms
[8.992s][info][gc,heap     ] GC(7) Eden regions: 89->0(133)
[8.992s][info][gc,heap     ] GC(7) Survivor regions: 13->13(13)
[8.992s][info][gc,heap     ] GC(7) Old regions: 105->121
[8.992s][info][gc,heap     ] GC(7) Archive regions: 0->0
[8.992s][info][gc,heap     ] GC(7) Humongous regions: 7->7
[8.992s][info][gc,metaspace] GC(7) Metaspace: 47589K(48064K)->47589K(48064K) NonClass: 41598K(41856K)->41598K(41856K) Class: 5991K(6208K)->5991K(6208K)
[8.992s][info][gc          ] GC(7) Pause Young (Normal) (G1 Evacuation Pause) 213M->141M(2048M) 12.673ms
[8.992s][info][gc,cpu      ] GC(7) User=0.08s Sys=0.02s Real=0.02s
[9.066s][info][gc,start    ] GC(8) Pause Young (Normal) (G1 Evacuation Pause)
[9.066s][info][gc,task     ] GC(8) Using 6 workers of 6 for evacuation
[9.083s][info][gc,phases   ] GC(8)   Pre Evacuate Collection Set: 0.2ms
[9.083s][info][gc,phases   ] GC(8)   Merge Heap Roots: 0.1ms
[9.083s][info][gc,phases   ] GC(8)   Evacuate Collection Set: 16.0ms
[9.083s][info][gc,phases   ] GC(8)   Post Evacuate Collection Set: 0.4ms
[9.083s][info][gc,phases   ] GC(8)   Other: 0.2ms
[9.083s][info][gc,heap     ] GC(8) Eden regions: 133->0(183)
[9.083s][info][gc,heap     ] GC(8) Survivor regions: 13->19(19)
[9.083s][info][gc,heap     ] GC(8) Old regions: 121->139
[9.083s][info][gc,heap     ] GC(8) Archive regions: 0->0
[9.083s][info][gc,heap     ] GC(8) Humongous regions: 7->7
[9.083s][info][gc,metaspace] GC(8) Metaspace: 47589K(48064K)->47589K(48064K) NonClass: 41598K(41856K)->41598K(41856K) Class: 5991K(6208K)->5991K(6208K)
[9.083s][info][gc          ] GC(8) Pause Young (Normal) (G1 Evacuation Pause) 274M->165M(2048M) 17.182ms
[9.083s][info][gc,cpu      ] GC(8) User=0.08s Sys=0.00s Real=0.03s
[9.163s][info][gc,start    ] GC(9) Pause Young (Normal) (G1 Evacuation Pause)
[9.164s][info][gc,task     ] GC(9) Using 6 workers of 6 for evacuation
[9.186s][info][gc,phases   ] GC(9)   Pre Evacuate Collection Set: 0.1ms
[9.186s][info][gc,phases   ] GC(9)   Merge Heap Roots: 0.1ms
[9.186s][info][gc,phases   ] GC(9)   Evacuate Collection Set: 21.7ms
[9.186s][info][gc,phases   ] GC(9)   Post Evacuate Collection Set: 0.5ms
[9.186s][info][gc,phases   ] GC(9)   Other: 0.2ms
[9.186s][info][gc,heap     ] GC(9) Eden regions: 183->0(224)
[9.186s][info][gc,heap     ] GC(9) Survivor regions: 19->26(26)
[9.186s][info][gc,heap     ] GC(9) Old regions: 139->164
[9.186s][info][gc,heap     ] GC(9) Archive regions: 0->0
[9.186s][info][gc,heap     ] GC(9) Humongous regions: 7->7
[9.186s][info][gc,metaspace] GC(9) Metaspace: 47598K(48064K)->47598K(48064K) NonClass: 41604K(41856K)->41604K(41856K) Class: 5993K(6208K)->5993K(6208K)
[9.186s][info][gc          ] GC(9) Pause Young (Normal) (G1 Evacuation Pause) 348M->197M(2048M) 22.734ms
[9.186s][info][gc,cpu      ] GC(9) User=0.09s Sys=0.00s Real=0.02s
[9.829s][info][gc,start    ] GC(10) Pause Young (Normal) (G1 Evacuation Pause)
[9.829s][info][gc,task     ] GC(10) Using 6 workers of 6 for evacuation
[9.832s][info][gc,phases   ] GC(10)   Pre Evacuate Collection Set: 0.2ms
[9.833s][info][gc,phases   ] GC(10)   Merge Heap Roots: 0.1ms
[9.833s][info][gc,phases   ] GC(10)   Evacuate Collection Set: 2.2ms
[9.833s][info][gc,phases   ] GC(10)   Post Evacuate Collection Set: 0.5ms
[9.833s][info][gc,phases   ] GC(10)   Other: 0.1ms
[9.833s][info][gc,heap     ] GC(10) Eden regions: 224->0(1223)
[9.833s][info][gc,heap     ] GC(10) Survivor regions: 26->5(32)
[9.833s][info][gc,heap     ] GC(10) Old regions: 164->168
[9.833s][info][gc,heap     ] GC(10) Archive regions: 0->0
[9.833s][info][gc,heap     ] GC(10) Humongous regions: 7->7
[9.833s][info][gc,metaspace] GC(10) Metaspace: 54987K(55424K)->54987K(55424K) NonClass: 48182K(48384K)->48182K(48384K) Class: 6804K(7040K)->6804K(7040K)
[9.833s][info][gc          ] GC(10) Pause Young (Normal) (G1 Evacuation Pause) 421M->179M(2048M) 3.239ms
[9.833s][info][gc,cpu      ] GC(10) User=0.03s Sys=0.00s Real=0.01s
[10.069s][info][gc,start    ] GC(11) Pause Young (Concurrent Start) (Metadata GC Threshold)
[10.069s][info][gc,task     ] GC(11) Using 6 workers of 6 for evacuation
[10.071s][info][gc,phases   ] GC(11)   Pre Evacuate Collection Set: 0.2ms
[10.071s][info][gc,phases   ] GC(11)   Merge Heap Roots: 0.1ms
[10.071s][info][gc,phases   ] GC(11)   Evacuate Collection Set: 1.6ms
[10.071s][info][gc,phases   ] GC(11)   Post Evacuate Collection Set: 0.4ms
[10.071s][info][gc,phases   ] GC(11)   Other: 0.2ms
[10.071s][info][gc,heap     ] GC(11) Eden regions: 17->0(1224)
[10.071s][info][gc,heap     ] GC(11) Survivor regions: 5->4(154)
[10.071s][info][gc,heap     ] GC(11) Old regions: 168->168
[10.071s][info][gc,heap     ] GC(11) Archive regions: 0->0
[10.071s][info][gc,heap     ] GC(11) Humongous regions: 8->7
[10.071s][info][gc,metaspace] GC(11) Metaspace: 59633K(60096K)->59633K(60096K) NonClass: 52379K(52608K)->52379K(52608K) Class: 7254K(7488K)->7254K(7488K)
[10.071s][info][gc          ] GC(11) Pause Young (Concurrent Start) (Metadata GC Threshold) 197M->178M(2048M) 2.594ms
[10.071s][info][gc,cpu      ] GC(11) User=0.00s Sys=0.00s Real=0.00s
[10.071s][info][gc          ] GC(12) Concurrent Mark Cycle
[10.071s][info][gc,marking  ] GC(12) Concurrent Clear Claimed Marks
[10.072s][info][gc,marking  ] GC(12) Concurrent Clear Claimed Marks 0.041ms
[10.072s][info][gc,marking  ] GC(12) Concurrent Scan Root Regions
[10.073s][info][gc,marking  ] GC(12) Concurrent Scan Root Regions 0.999ms
[10.073s][info][gc,marking  ] GC(12) Concurrent Mark
[10.073s][info][gc,marking  ] GC(12) Concurrent Mark From Roots
[10.073s][info][gc,task     ] GC(12) Using 2 workers of 2 for marking
[10.082s][info][gc,marking  ] GC(12) Concurrent Mark From Roots 9.691ms
[10.082s][info][gc,marking  ] GC(12) Concurrent Preclean
[10.083s][info][gc,marking  ] GC(12) Concurrent Preclean 0.197ms
[10.083s][info][gc,start    ] GC(12) Pause Remark
[10.085s][info][gc          ] GC(12) Pause Remark 179M->46M(2048M) 2.402ms
[10.085s][info][gc,cpu      ] GC(12) User=0.00s Sys=0.00s Real=0.00s
[10.085s][info][gc,marking  ] GC(12) Concurrent Mark 12.685ms
[10.085s][info][gc,marking  ] GC(12) Concurrent Rebuild Remembered Sets
[10.089s][info][gc,marking  ] GC(12) Concurrent Rebuild Remembered Sets 4.143ms
[10.090s][info][gc,start    ] GC(12) Pause Cleanup
[10.090s][info][gc          ] GC(12) Pause Cleanup 46M->46M(2048M) 0.183ms
[10.090s][info][gc,cpu      ] GC(12) User=0.00s Sys=0.00s Real=0.00s
[10.090s][info][gc,marking  ] GC(12) Concurrent Cleanup for Next Mark
[10.093s][info][gc,marking  ] GC(12) Concurrent Cleanup for Next Mark 3.069ms
[10.093s][info][gc          ] GC(12) Concurrent Mark Cycle 21.560ms
[11.276s][info][gc,start    ] GC(13) Pause Full (System.gc())
[11.276s][info][gc,task     ] GC(13) Using 6 workers of 6 for full compaction
[11.277s][info][gc,phases,start] GC(13) Phase 1: Mark live objects
[11.285s][info][gc,phases      ] GC(13) Phase 1: Mark live objects 8.090ms
[11.285s][info][gc,phases,start] GC(13) Phase 2: Prepare for compaction
[11.288s][info][gc,phases      ] GC(13) Phase 2: Prepare for compaction 3.055ms
[11.288s][info][gc,phases,start] GC(13) Phase 3: Adjust pointers
[11.292s][info][gc,phases      ] GC(13) Phase 3: Adjust pointers 4.169ms
[11.292s][info][gc,phases,start] GC(13) Phase 4: Compact heap
[11.295s][info][gc,phases      ] GC(13) Phase 4: Compact heap 2.711ms
[11.302s][info][gc,heap        ] GC(13) Eden regions: 83->0(1228)
[11.302s][info][gc,heap        ] GC(13) Survivor regions: 4->0(154)
[11.302s][info][gc,heap        ] GC(13) Old regions: 34->32
[11.302s][info][gc,heap        ] GC(13) Archive regions: 0->0
[11.302s][info][gc,heap        ] GC(13) Humongous regions: 7->7
[11.302s][info][gc,metaspace   ] GC(13) Metaspace: 80997K(81472K)->80997K(81472K) NonClass: 70771K(71040K)->70771K(71040K) Class: 10225K(10432K)->10225K(10432K)
[11.302s][info][gc             ] GC(13) Pause Full (System.gc()) 128M->35M(2048M) 26.211ms
[11.302s][info][gc,cpu         ] GC(13) User=0.11s Sys=0.00s Real=0.04s
[13.445s][info][gc,start       ] GC(14) Pause Young (Normal) (G1 Evacuation Pause)
[13.445s][info][gc,task        ] GC(14) Using 6 workers of 6 for evacuation
[13.454s][info][gc,phases      ] GC(14)   Pre Evacuate Collection Set: 0.2ms
[13.454s][info][gc,phases      ] GC(14)   Merge Heap Roots: 0.2ms
[13.454s][info][gc,phases      ] GC(14)   Evacuate Collection Set: 6.6ms
[13.454s][info][gc,phases      ] GC(14)   Post Evacuate Collection Set: 1.5ms
[13.454s][info][gc,phases      ] GC(14)   Other: 0.4ms
[13.454s][info][gc,heap        ] GC(14) Eden regions: 1228->0(1212)
[13.454s][info][gc,heap        ] GC(14) Survivor regions: 0->16(154)
[13.454s][info][gc,heap        ] GC(14) Old regions: 32->32
[13.454s][info][gc,heap        ] GC(14) Archive regions: 0->0
[13.454s][info][gc,heap        ] GC(14) Humongous regions: 47->7
[13.454s][info][gc,metaspace   ] GC(14) Metaspace: 102020K(103296K)->102020K(103296K) NonClass: 88320K(89024K)->88320K(89024K) Class: 13699K(14272K)->13699K(14272K)
[13.454s][info][gc             ] GC(14) Pause Young (Normal) (G1 Evacuation Pause) 1303M->51M(2048M) 8.967ms
[13.454s][info][gc,cpu         ] GC(14) User=0.02s Sys=0.00s Real=0.01s
[15.549s][info][gc,start       ] GC(15) Pause Young (Normal) (G1 Preventive Collection)
[15.549s][info][gc,task        ] GC(15) Using 6 workers of 6 for evacuation
[15.561s][info][gc,phases      ] GC(15)   Pre Evacuate Collection Set: 0.3ms
[15.561s][info][gc,phases      ] GC(15)   Merge Heap Roots: 0.2ms
[15.561s][info][gc,phases      ] GC(15)   Evacuate Collection Set: 9.1ms
[15.561s][info][gc,phases      ] GC(15)   Post Evacuate Collection Set: 1.6ms
[15.561s][info][gc,phases      ] GC(15)   Other: 0.3ms
[15.561s][info][gc,heap        ] GC(15) Eden regions: 1166->0(1181)
[15.561s][info][gc,heap        ] GC(15) Survivor regions: 16->47(51)
[15.561s][info][gc,heap        ] GC(15) Old regions: 32->32
[15.561s][info][gc,heap        ] GC(15) Archive regions: 0->0
[15.561s][info][gc,heap        ] GC(15) Humongous regions: 783->37
[15.561s][info][gc,metaspace   ] GC(15) Metaspace: 108335K(110144K)->108335K(110144K) NonClass: 93676K(94656K)->93676K(94656K) Class: 14658K(15488K)->14658K(15488K)
[15.561s][info][gc             ] GC(15) Pause Young (Normal) (G1 Preventive Collection) 1993M->112M(2048M) 11.606ms
[15.561s][info][gc,cpu         ] GC(15) User=0.00s Sys=0.00s Real=0.01s
[19.829s][info][gc,start       ] GC(16) Pause Young (Normal) (G1 Preventive Collection)
[19.829s][info][gc,task        ] GC(16) Using 6 workers of 6 for evacuation
[19.840s][info][gc,phases      ] GC(16)   Pre Evacuate Collection Set: 0.2ms
[19.840s][info][gc,phases      ] GC(16)   Merge Heap Roots: 0.2ms
[19.840s][info][gc,phases      ] GC(16)   Evacuate Collection Set: 9.4ms
[19.840s][info][gc,phases      ] GC(16)   Post Evacuate Collection Set: 1.6ms
[19.840s][info][gc,phases      ] GC(16)   Other: 0.2ms
[19.840s][info][gc,heap        ] GC(16) Eden regions: 1065->0(1178)
[19.840s][info][gc,heap        ] GC(16) Survivor regions: 47->50(65)
[19.840s][info][gc,heap        ] GC(16) Old regions: 32->32
[19.840s][info][gc,heap        ] GC(16) Archive regions: 0->0
[19.840s][info][gc,heap        ] GC(16) Humongous regions: 839->47
[19.840s][info][gc,metaspace   ] GC(16) Metaspace: 112348K(114304K)->112348K(114304K) NonClass: 97339K(98432K)->97339K(98432K) Class: 15008K(15872K)->15008K(15872K)
[19.840s][info][gc             ] GC(16) Pause Young (Normal) (G1 Preventive Collection) 1979M->125M(2048M) 11.620ms
[19.840s][info][gc,cpu         ] GC(16) User=0.00s Sys=0.00s Real=0.02s
[24.162s][info][gc,start       ] GC(17) Pause Full (System.gc())
[24.162s][info][gc,task        ] GC(17) Using 6 workers of 6 for full compaction
[24.162s][info][gc,phases,start] GC(17) Phase 1: Mark live objects
[24.190s][info][gc,phases      ] GC(17) Phase 1: Mark live objects 27.692ms
[24.190s][info][gc,phases,start] GC(17) Phase 2: Prepare for compaction
[24.194s][info][gc,phases      ] GC(17) Phase 2: Prepare for compaction 4.451ms
[24.194s][info][gc,phases,start] GC(17) Phase 3: Adjust pointers
[24.204s][info][gc,phases      ] GC(17) Phase 3: Adjust pointers 9.823ms
[24.204s][info][gc,phases,start] GC(17) Phase 4: Compact heap
[24.209s][info][gc,phases      ] GC(17) Phase 4: Compact heap 4.357ms
[24.221s][info][gc,heap        ] GC(17) Eden regions: 871->0(1228)
[24.221s][info][gc,heap        ] GC(17) Survivor regions: 50->0(65)
[24.221s][info][gc,heap        ] GC(17) Old regions: 32->59
[24.221s][info][gc,heap        ] GC(17) Archive regions: 0->0
[24.221s][info][gc,heap        ] GC(17) Humongous regions: 367->7
[24.221s][info][gc,metaspace   ] GC(17) Metaspace: 126405K(128384K)->125094K(128384K) NonClass: 109723K(110784K)->108760K(110784K) Class: 16682K(17600K)->16334K(17600K)
[24.221s][info][gc             ] GC(17) Pause Full (System.gc()) 1316M->62M(2048M) 59.193ms
[24.221s][info][gc,cpu         ] GC(17) User=0.17s Sys=0.00s Real=0.05s
[24.858s][info][gc,start       ] GC(18) Pause Young (Normal) (G1 Preventive Collection)
[24.858s][info][gc,task        ] GC(18) Using 6 workers of 6 for evacuation
[24.864s][info][gc,phases      ] GC(18)   Pre Evacuate Collection Set: 0.2ms
[24.864s][info][gc,phases      ] GC(18)   Merge Heap Roots: 0.2ms
[24.864s][info][gc,phases      ] GC(18)   Evacuate Collection Set: 4.5ms
[24.864s][info][gc,phases      ] GC(18)   Post Evacuate Collection Set: 1.1ms
[24.864s][info][gc,phases      ] GC(18)   Other: 0.2ms
[24.864s][info][gc,heap        ] GC(18) Eden regions: 1149->0(1198)
[24.864s][info][gc,heap        ] GC(18) Survivor regions: 0->30(42)
[24.864s][info][gc,heap        ] GC(18) Old regions: 59->59
[24.864s][info][gc,heap        ] GC(18) Archive regions: 0->0
[24.864s][info][gc,heap        ] GC(18) Humongous regions: 798->42
[24.864s][info][gc,metaspace   ] GC(18) Metaspace: 125149K(128448K)->125149K(128448K) NonClass: 108815K(110848K)->108815K(110848K) Class: 16334K(17600K)->16334K(17600K)
[24.864s][info][gc             ] GC(18) Pause Young (Normal) (G1 Preventive Collection) 2002M->127M(2048M) 6.221ms
[24.864s][info][gc,cpu         ] GC(18) User=0.09s Sys=0.00s Real=0.01s
[28.235s][info][gc,start       ] GC(19) Pause Young (Normal) (G1 Preventive Collection)
[28.236s][info][gc,task        ] GC(19) Using 6 workers of 6 for evacuation
[28.243s][info][gc,phases      ] GC(19)   Pre Evacuate Collection Set: 0.1ms
[28.243s][info][gc,phases      ] GC(19)   Merge Heap Roots: 0.1ms
[28.243s][info][gc,phases      ] GC(19)   Evacuate Collection Set: 5.5ms
[28.243s][info][gc,phases      ] GC(19)   Post Evacuate Collection Set: 1.2ms
[28.243s][info][gc,phases      ] GC(19)   Other: 0.3ms
[28.243s][info][gc,heap        ] GC(19) Eden regions: 1075->0(1196)
[28.243s][info][gc,heap        ] GC(19) Survivor regions: 30->32(43)
[28.243s][info][gc,heap        ] GC(19) Old regions: 59->59
[28.243s][info][gc,heap        ] GC(19) Archive regions: 0->0
[28.243s][info][gc,heap        ] GC(19) Humongous regions: 841->47
[28.243s][info][gc,metaspace   ] GC(19) Metaspace: 125449K(128512K)->125449K(128512K) NonClass: 109114K(110912K)->109114K(110912K) Class: 16334K(17600K)->16334K(17600K)
[28.243s][info][gc             ] GC(19) Pause Young (Normal) (G1 Preventive Collection) 2001M->134M(2048M) 7.282ms
[28.243s][info][gc,cpu         ] GC(19) User=0.00s Sys=0.00s Real=0.01s
[31.349s][info][gc,start       ] GC(20) Pause Full (System.gc())
[31.349s][info][gc,task        ] GC(20) Using 6 workers of 6 for full compaction
[31.350s][info][gc,phases,start] GC(20) Phase 1: Mark live objects
[31.366s][info][gc,phases      ] GC(20) Phase 1: Mark live objects 16.129ms
[31.366s][info][gc,phases,start] GC(20) Phase 2: Prepare for compaction
[31.369s][info][gc,phases      ] GC(20) Phase 2: Prepare for compaction 3.368ms
[31.369s][info][gc,phases,start] GC(20) Phase 3: Adjust pointers
[31.380s][info][gc,phases      ] GC(20) Phase 3: Adjust pointers 10.467ms
[31.380s][info][gc,phases,start] GC(20) Phase 4: Compact heap
[31.383s][info][gc,phases      ] GC(20) Phase 4: Compact heap 2.860ms
[31.395s][info][gc,heap        ] GC(20) Eden regions: 754->0(1228)
[31.395s][info][gc,heap        ] GC(20) Survivor regions: 32->0(43)
[31.395s][info][gc,heap        ] GC(20) Old regions: 59->62
[31.395s][info][gc,heap        ] GC(20) Archive regions: 0->0
[31.395s][info][gc,heap        ] GC(20) Humongous regions: 355->7
[31.395s][info][gc,metaspace   ] GC(20) Metaspace: 125803K(128576K)->125803K(128576K) NonClass: 109468K(110976K)->109468K(110976K) Class: 16334K(17600K)->16334K(17600K)
[31.395s][info][gc             ] GC(20) Pause Full (System.gc()) 1196M->65M(2048M) 45.669ms
[31.395s][info][gc,cpu         ] GC(20) User=0.09s Sys=0.03s Real=0.04s
[32.040s][info][gc,start       ] GC(21) Pause Young (Normal) (G1 Preventive Collection)
[32.040s][info][gc,task        ] GC(21) Using 6 workers of 6 for evacuation
[32.046s][info][gc,phases      ] GC(21)   Pre Evacuate Collection Set: 0.2ms
[32.046s][info][gc,phases      ] GC(21)   Merge Heap Roots: 0.1ms
[32.046s][info][gc,phases      ] GC(21)   Evacuate Collection Set: 4.3ms
[32.046s][info][gc,phases      ] GC(21)   Post Evacuate Collection Set: 1.1ms
[32.046s][info][gc,phases      ] GC(21)   Other: 0.2ms
[32.046s][info][gc,heap        ] GC(21) Eden regions: 1152->0(1199)
[32.046s][info][gc,heap        ] GC(21) Survivor regions: 0->29(41)
[32.046s][info][gc,heap        ] GC(21) Old regions: 62->62
[32.046s][info][gc,heap        ] GC(21) Archive regions: 0->0
[32.046s][info][gc,heap        ] GC(21) Humongous regions: 793->27
[32.046s][info][gc,metaspace   ] GC(21) Metaspace: 126140K(128768K)->126140K(128768K) NonClass: 109785K(111168K)->109785K(111168K) Class: 16355K(17600K)->16355K(17600K)
[32.046s][info][gc             ] GC(21) Pause Young (Normal) (G1 Preventive Collection) 2003M->114M(2048M) 6.096ms
[32.046s][info][gc,cpu         ] GC(21) User=0.00s Sys=0.00s Real=0.01s
[35.321s][info][gc,start       ] GC(22) Pause Young (Normal) (G1 Preventive Collection)
[35.321s][info][gc,task        ] GC(22) Using 6 workers of 6 for evacuation
[35.327s][info][gc,phases      ] GC(22)   Pre Evacuate Collection Set: 0.2ms
[35.327s][info][gc,phases      ] GC(22)   Merge Heap Roots: 0.1ms
[35.327s][info][gc,phases      ] GC(22)   Evacuate Collection Set: 4.4ms
[35.327s][info][gc,phases      ] GC(22)   Post Evacuate Collection Set: 1.2ms
[35.327s][info][gc,phases      ] GC(22)   Other: 0.2ms
[35.327s][info][gc,heap        ] GC(22) Eden regions: 1083->0(1200)
[35.327s][info][gc,heap        ] GC(22) Survivor regions: 29->28(41)
[35.327s][info][gc,heap        ] GC(22) Old regions: 62->62
[35.327s][info][gc,heap        ] GC(22) Archive regions: 0->0
[35.327s][info][gc,heap        ] GC(22) Humongous regions: 833->47
[35.327s][info][gc,metaspace   ] GC(22) Metaspace: 126208K(128832K)->126208K(128832K) NonClass: 109852K(111232K)->109852K(111232K) Class: 16355K(17600K)->16355K(17600K)
[35.327s][info][gc             ] GC(22) Pause Young (Normal) (G1 Preventive Collection) 2002M->133M(2048M) 6.258ms
[35.328s][info][gc,cpu         ] GC(22) User=0.00s Sys=0.00s Real=0.01s
[38.303s][info][gc,start       ] GC(23) Pause Full (System.gc())
[38.303s][info][gc,task        ] GC(23) Using 6 workers of 6 for full compaction
[38.303s][info][gc,phases,start] GC(23) Phase 1: Mark live objects
[38.325s][info][gc,phases      ] GC(23) Phase 1: Mark live objects 21.933ms
[38.325s][info][gc,phases,start] GC(23) Phase 2: Prepare for compaction
[38.329s][info][gc,phases      ] GC(23) Phase 2: Prepare for compaction 4.056ms
[38.329s][info][gc,phases,start] GC(23) Phase 3: Adjust pointers
[38.340s][info][gc,phases      ] GC(23) Phase 3: Adjust pointers 11.232ms
[38.340s][info][gc,phases,start] GC(23) Phase 4: Compact heap
[38.343s][info][gc,phases      ] GC(23) Phase 4: Compact heap 2.664ms
[38.356s][info][gc,heap        ] GC(23) Eden regions: 735->0(1228)
[38.357s][info][gc,heap        ] GC(23) Survivor regions: 28->0(41)
[38.357s][info][gc,heap        ] GC(23) Old regions: 62->62
[38.357s][info][gc,heap        ] GC(23) Archive regions: 0->0
[38.357s][info][gc,heap        ] GC(23) Humongous regions: 353->7
[38.357s][info][gc,metaspace   ] GC(23) Metaspace: 126318K(128832K)->126314K(128832K) NonClass: 109962K(111232K)->109960K(111232K) Class: 16355K(17600K)->16354K(17600K)
[38.357s][info][gc             ] GC(23) Pause Full (System.gc()) 1173M->66M(2048M) 53.866ms
[38.357s][info][gc,cpu         ] GC(23) User=0.23s Sys=0.02s Real=0.06s
[39.003s][info][gc,start       ] GC(24) Pause Young (Normal) (G1 Preventive Collection)
[39.003s][info][gc,task        ] GC(24) Using 6 workers of 6 for evacuation
[39.009s][info][gc,phases      ] GC(24)   Pre Evacuate Collection Set: 0.2ms
[39.009s][info][gc,phases      ] GC(24)   Merge Heap Roots: 0.2ms
[39.009s][info][gc,phases      ] GC(24)   Evacuate Collection Set: 4.4ms
[39.009s][info][gc,phases      ] GC(24)   Post Evacuate Collection Set: 1.0ms
[39.009s][info][gc,phases      ] GC(24)   Other: 0.2ms
[39.009s][info][gc,heap        ] GC(24) Eden regions: 1145->0(1198)
[39.009s][info][gc,heap        ] GC(24) Survivor regions: 0->30(33)
[39.009s][info][gc,heap        ] GC(24) Old regions: 62->62
[39.009s][info][gc,heap        ] GC(24) Archive regions: 0->0
[39.009s][info][gc,heap        ] GC(24) Humongous regions: 808->42
[39.009s][info][gc,metaspace   ] GC(24) Metaspace: 126433K(128896K)->126433K(128896K) NonClass: 110077K(111296K)->110077K(111296K) Class: 16355K(17600K)->16355K(17600K)
[39.009s][info][gc             ] GC(24) Pause Young (Normal) (G1 Preventive Collection) 2012M->130M(2048M) 6.074ms
[39.009s][info][gc,cpu         ] GC(24) User=0.00s Sys=0.00s Real=0.00s
[42.153s][info][gc,start       ] GC(25) Pause Young (Normal) (G1 Preventive Collection)
[42.154s][info][gc,task        ] GC(25) Using 6 workers of 6 for evacuation
[42.159s][info][gc,phases      ] GC(25)   Pre Evacuate Collection Set: 0.2ms
[42.159s][info][gc,phases      ] GC(25)   Merge Heap Roots: 0.2ms
[42.159s][info][gc,phases      ] GC(25)   Evacuate Collection Set: 4.3ms
[42.159s][info][gc,phases      ] GC(25)   Post Evacuate Collection Set: 1.0ms
[42.160s][info][gc,phases      ] GC(25)   Other: 0.3ms
[42.160s][info][gc,heap        ] GC(25) Eden regions: 1078->0(1200)
[42.160s][info][gc,heap        ] GC(25) Survivor regions: 30->28(39)
[42.160s][info][gc,heap        ] GC(25) Old regions: 62->62
[42.160s][info][gc,heap        ] GC(25) Archive regions: 0->0
[42.160s][info][gc,heap        ] GC(25) Humongous regions: 839->47
[42.160s][info][gc,metaspace   ] GC(25) Metaspace: 126481K(128896K)->126481K(128896K) NonClass: 110125K(111296K)->110125K(111296K) Class: 16355K(17600K)->16355K(17600K)
[42.160s][info][gc             ] GC(25) Pause Young (Normal) (G1 Preventive Collection) 2005M->133M(2048M) 6.165ms
[42.160s][info][gc,cpu         ] GC(25) User=0.08s Sys=0.02s Real=0.01s
[45.132s][info][gc,start       ] GC(26) Pause Full (System.gc())
[45.132s][info][gc,task        ] GC(26) Using 6 workers of 6 for full compaction
[45.132s][info][gc,phases,start] GC(26) Phase 1: Mark live objects
[45.150s][info][gc,phases      ] GC(26) Phase 1: Mark live objects 17.401ms
[45.150s][info][gc,phases,start] GC(26) Phase 2: Prepare for compaction
[45.153s][info][gc,phases      ] GC(26) Phase 2: Prepare for compaction 3.401ms
[45.153s][info][gc,phases,start] GC(26) Phase 3: Adjust pointers
[45.166s][info][gc,phases      ] GC(26) Phase 3: Adjust pointers 12.717ms
[45.166s][info][gc,phases,start] GC(26) Phase 4: Compact heap
[45.169s][info][gc,phases      ] GC(26) Phase 4: Compact heap 2.556ms
[45.183s][info][gc,heap        ] GC(26) Eden regions: 728->0(1228)
[45.183s][info][gc,heap        ] GC(26) Survivor regions: 28->0(39)
[45.183s][info][gc,heap        ] GC(26) Old regions: 62->63
[45.183s][info][gc,heap        ] GC(26) Archive regions: 0->0
[45.183s][info][gc,heap        ] GC(26) Humongous regions: 347->7
[45.183s][info][gc,metaspace   ] GC(26) Metaspace: 126574K(128960K)->126574K(128960K) NonClass: 110218K(111360K)->110218K(111360K) Class: 16355K(17600K)->16355K(17600K)
[45.183s][info][gc             ] GC(26) Pause Full (System.gc()) 1161M->66M(2048M) 50.800ms
[45.183s][info][gc,cpu         ] GC(26) User=0.23s Sys=0.00s Real=0.06s
[45.785s][info][gc,start       ] GC(27) Pause Young (Normal) (G1 Preventive Collection)
[45.785s][info][gc,task        ] GC(27) Using 6 workers of 6 for evacuation
[45.791s][info][gc             ] GC(27) To-space exhausted
[45.791s][info][gc,phases      ] GC(27)   Pre Evacuate Collection Set: 0.2ms
[45.791s][info][gc,phases      ] GC(27)   Merge Heap Roots: 0.2ms
[45.791s][info][gc,phases      ] GC(27)   Evacuate Collection Set: 4.6ms
[45.791s][info][gc,phases      ] GC(27)   Post Evacuate Collection Set: 1.1ms
[45.791s][info][gc,phases      ] GC(27)   Other: 0.3ms
[45.791s][info][gc,heap        ] GC(27) Eden regions: 1142->0(1198)
[45.791s][info][gc,heap        ] GC(27) Survivor regions: 0->30(30)
[45.791s][info][gc,heap        ] GC(27) Old regions: 63->65
[45.791s][info][gc,heap        ] GC(27) Archive regions: 0->0
[45.791s][info][gc,heap        ] GC(27) Humongous regions: 813->42
[45.791s][info][gc,metaspace   ] GC(27) Metaspace: 126714K(129088K)->126714K(129088K) NonClass: 110358K(111488K)->110358K(111488K) Class: 16355K(17600K)->16355K(17600K)
[45.791s][info][gc             ] GC(27) Pause Young (Normal) (G1 Preventive Collection) 2013M->133M(2048M) 6.441ms
[45.791s][info][gc,cpu         ] GC(27) User=0.00s Sys=0.00s Real=0.00s
[49.053s][info][gc,start       ] GC(28) Pause Young (Normal) (G1 Preventive Collection)
[49.053s][info][gc,task        ] GC(28) Using 6 workers of 6 for evacuation
[49.059s][info][gc,phases      ] GC(28)   Pre Evacuate Collection Set: 0.1ms
[49.059s][info][gc,phases      ] GC(28)   Merge Heap Roots: 0.1ms
[49.059s][info][gc,phases      ] GC(28)   Evacuate Collection Set: 4.5ms
[49.059s][info][gc,phases      ] GC(28)   Post Evacuate Collection Set: 1.1ms
[49.059s][info][gc,phases      ] GC(28)   Other: 0.2ms
[49.059s][info][gc,heap        ] GC(28) Eden regions: 1079->0(1199)
[49.059s][info][gc,heap        ] GC(28) Survivor regions: 30->29(35)
[49.059s][info][gc,heap        ] GC(28) Old regions: 65->65
[49.059s][info][gc,heap        ] GC(28) Archive regions: 0->0
[49.059s][info][gc,heap        ] GC(28) Humongous regions: 839->47
[49.059s][info][gc,metaspace   ] GC(28) Metaspace: 126740K(129152K)->126740K(129152K) NonClass: 110384K(111552K)->110384K(111552K) Class: 16355K(17600K)->16355K(17600K)
[49.059s][info][gc             ] GC(28) Pause Young (Normal) (G1 Preventive Collection) 2009M->137M(2048M) 6.261ms
[49.059s][info][gc,cpu         ] GC(28) User=0.00s Sys=0.00s Real=0.01s
[51.904s][info][gc,start       ] GC(29) Pause Full (System.gc())
[51.904s][info][gc,task        ] GC(29) Using 6 workers of 6 for full compaction
[51.904s][info][gc,phases,start] GC(29) Phase 1: Mark live objects
[51.920s][info][gc,phases      ] GC(29) Phase 1: Mark live objects 16.131ms
[51.920s][info][gc,phases,start] GC(29) Phase 2: Prepare for compaction
[51.924s][info][gc,phases      ] GC(29) Phase 2: Prepare for compaction 3.044ms
[51.924s][info][gc,phases,start] GC(29) Phase 3: Adjust pointers
[51.936s][info][gc,phases      ] GC(29) Phase 3: Adjust pointers 12.390ms
[51.936s][info][gc,phases,start] GC(29) Phase 4: Compact heap
[51.938s][info][gc,phases      ] GC(29) Phase 4: Compact heap 2.392ms
[51.952s][info][gc,heap        ] GC(29) Eden regions: 718->0(1228)
[51.952s][info][gc,heap        ] GC(29) Survivor regions: 29->0(35)
[51.952s][info][gc,heap        ] GC(29) Old regions: 65->63
[51.952s][info][gc,heap        ] GC(29) Archive regions: 0->0
[51.952s][info][gc,heap        ] GC(29) Humongous regions: 342->7
[51.952s][info][gc,metaspace   ] GC(29) Metaspace: 126839K(129216K)->126839K(129216K) NonClass: 110484K(111616K)->110484K(111616K) Class: 16355K(17600K)->16355K(17600K)
[51.952s][info][gc             ] GC(29) Pause Full (System.gc()) 1149M->66M(2048M) 48.165ms
[51.952s][info][gc,cpu         ] GC(29) User=0.28s Sys=0.00s Real=0.05s
[52.515s][info][gc,start       ] GC(30) Pause Young (Normal) (G1 Preventive Collection)
[52.515s][info][gc,task        ] GC(30) Using 6 workers of 6 for evacuation
[52.521s][info][gc             ] GC(30) To-space exhausted
[52.521s][info][gc,phases      ] GC(30)   Pre Evacuate Collection Set: 0.2ms
[52.521s][info][gc,phases      ] GC(30)   Merge Heap Roots: 0.2ms
[52.521s][info][gc,phases      ] GC(30)   Evacuate Collection Set: 4.4ms
[52.521s][info][gc,phases      ] GC(30)   Post Evacuate Collection Set: 1.0ms
[52.521s][info][gc,phases      ] GC(30)   Other: 0.3ms
[52.521s][info][gc,heap        ] GC(30) Eden regions: 1143->0(1199)
[52.521s][info][gc,heap        ] GC(30) Survivor regions: 0->29(29)
[52.521s][info][gc,heap        ] GC(30) Old regions: 63->71
[52.521s][info][gc,heap        ] GC(30) Archive regions: 0->0
[52.521s][info][gc,heap        ] GC(30) Humongous regions: 813->32
[52.521s][info][gc,metaspace   ] GC(30) Metaspace: 126943K(129280K)->126943K(129280K) NonClass: 110586K(111680K)->110586K(111680K) Class: 16357K(17600K)->16357K(17600K)
[52.521s][info][gc             ] GC(30) Pause Young (Normal) (G1 Preventive Collection) 2015M->128M(2048M) 6.216ms
[52.521s][info][gc,cpu         ] GC(30) User=0.09s Sys=0.00s Real=0.01s
[55.731s][info][gc,start       ] GC(31) Pause Young (Normal) (G1 Preventive Collection)
[55.731s][info][gc,task        ] GC(31) Using 6 workers of 6 for evacuation
[55.738s][info][gc             ] GC(31) To-space exhausted
[55.738s][info][gc,phases      ] GC(31)   Pre Evacuate Collection Set: 0.2ms
[55.738s][info][gc,phases      ] GC(31)   Merge Heap Roots: 0.2ms
[55.738s][info][gc,phases      ] GC(31)   Evacuate Collection Set: 5.9ms
[55.738s][info][gc,phases      ] GC(31)   Post Evacuate Collection Set: 1.0ms
[55.738s][info][gc,phases      ] GC(31)   Other: 0.3ms
[55.738s][info][gc,heap        ] GC(31) Eden regions: 1085->0(1194)
[55.738s][info][gc,heap        ] GC(31) Survivor regions: 29->34(34)
[55.738s][info][gc,heap        ] GC(31) Old regions: 71->72
[55.738s][info][gc,heap        ] GC(31) Archive regions: 0->0
[55.738s][info][gc,heap        ] GC(31) Humongous regions: 829->47
[55.739s][info][gc,metaspace   ] GC(31) Metaspace: 126964K(129280K)->126964K(129280K) NonClass: 110607K(111680K)->110607K(111680K) Class: 16357K(17600K)->16357K(17600K)
[55.739s][info][gc             ] GC(31) Pause Young (Normal) (G1 Preventive Collection) 2010M->149M(2048M) 7.624ms
[55.739s][info][gc,cpu         ] GC(31) User=0.08s Sys=0.00s Real=0.01s
[58.565s][info][gc,start       ] GC(32) Pause Full (System.gc())
[58.565s][info][gc,task        ] GC(32) Using 6 workers of 6 for full compaction
[58.565s][info][gc,phases,start] GC(32) Phase 1: Mark live objects
[58.582s][info][gc,phases      ] GC(32) Phase 1: Mark live objects 16.808ms
[58.582s][info][gc,phases,start] GC(32) Phase 2: Prepare for compaction
[58.585s][info][gc,phases      ] GC(32) Phase 2: Prepare for compaction 2.768ms
[58.585s][info][gc,phases,start] GC(32) Phase 3: Adjust pointers
[58.596s][info][gc,phases      ] GC(32) Phase 3: Adjust pointers 11.606ms
[58.596s][info][gc,phases,start] GC(32) Phase 4: Compact heap
[58.598s][info][gc,phases      ] GC(32) Phase 4: Compact heap 1.839ms
[58.612s][info][gc,heap        ] GC(32) Eden regions: 706->0(1228)
[58.612s][info][gc,heap        ] GC(32) Survivor regions: 34->0(34)
[58.612s][info][gc,heap        ] GC(32) Old regions: 72->63
[58.612s][info][gc,heap        ] GC(32) Archive regions: 0->0
[58.612s][info][gc,heap        ] GC(32) Humongous regions: 342->7
[58.612s][info][gc,metaspace   ] GC(32) Metaspace: 127046K(129344K)->127046K(129344K) NonClass: 110689K(111744K)->110689K(111744K) Class: 16357K(17600K)->16357K(17600K)
[58.612s][info][gc             ] GC(32) Pause Full (System.gc()) 1150M->67M(2048M) 47.146ms
[58.612s][info][gc,cpu         ] GC(32) User=0.03s Sys=0.02s Real=0.05s
[59.210s][info][gc,start       ] GC(33) Pause Young (Normal) (G1 Preventive Collection)
[59.210s][info][gc,task        ] GC(33) Using 6 workers of 6 for evacuation
[59.216s][info][gc,phases      ] GC(33)   Pre Evacuate Collection Set: 0.2ms
[59.216s][info][gc,phases      ] GC(33)   Merge Heap Roots: 0.2ms
[59.216s][info][gc,phases      ] GC(33)   Evacuate Collection Set: 4.6ms
[59.216s][info][gc,phases      ] GC(33)   Post Evacuate Collection Set: 1.2ms
[59.216s][info][gc,phases      ] GC(33)   Other: 0.3ms
[59.216s][info][gc,heap        ] GC(33) Eden regions: 1136->0(1198)
[59.216s][info][gc,heap        ] GC(33) Survivor regions: 0->30(31)
[59.216s][info][gc,heap        ] GC(33) Old regions: 63->63
[59.216s][info][gc,heap        ] GC(33) Archive regions: 0->0
[59.216s][info][gc,heap        ] GC(33) Humongous regions: 818->32
[59.216s][info][gc,metaspace   ] GC(33) Metaspace: 127114K(129408K)->127114K(129408K) NonClass: 110757K(111808K)->110757K(111808K) Class: 16357K(17600K)->16357K(17600K)
[59.216s][info][gc             ] GC(33) Pause Young (Normal) (G1 Preventive Collection) 2014M->122M(2048M) 6.532ms
[59.217s][info][gc,cpu         ] GC(33) User=0.00s Sys=0.00s Real=0.01s
[62.493s][info][gc,start       ] GC(34) Pause Young (Normal) (G1 Preventive Collection)
[62.493s][info][gc,task        ] GC(34) Using 6 workers of 6 for evacuation
[62.499s][info][gc,phases      ] GC(34)   Pre Evacuate Collection Set: 0.1ms
[62.499s][info][gc,phases      ] GC(34)   Merge Heap Roots: 0.1ms
[62.499s][info][gc,phases      ] GC(34)   Evacuate Collection Set: 4.3ms
[62.499s][info][gc,phases      ] GC(34)   Post Evacuate Collection Set: 1.2ms
[62.499s][info][gc,phases      ] GC(34)   Other: 0.3ms
[62.499s][info][gc,heap        ] GC(34) Eden regions: 1095->0(1200)
[62.499s][info][gc,heap        ] GC(34) Survivor regions: 30->28(36)
[62.499s][info][gc,heap        ] GC(34) Old regions: 63->63
[62.499s][info][gc,heap        ] GC(34) Archive regions: 0->0
[62.499s][info][gc,heap        ] GC(34) Humongous regions: 824->47
[62.499s][info][gc,metaspace   ] GC(34) Metaspace: 127130K(129408K)->127130K(129408K) NonClass: 110772K(111808K)->110772K(111808K) Class: 16357K(17600K)->16357K(17600K)
[62.499s][info][gc             ] GC(34) Pause Young (Normal) (G1 Preventive Collection) 2009M->135M(2048M) 6.211ms
[62.499s][info][gc,cpu         ] GC(34) User=0.00s Sys=0.00s Real=0.01s
[65.223s][info][gc,start       ] GC(35) Pause Full (System.gc())
[65.223s][info][gc,task        ] GC(35) Using 6 workers of 6 for full compaction
[65.223s][info][gc,phases,start] GC(35) Phase 1: Mark live objects
[65.241s][info][gc,phases      ] GC(35) Phase 1: Mark live objects 17.875ms
[65.241s][info][gc,phases,start] GC(35) Phase 2: Prepare for compaction
[65.244s][info][gc,phases      ] GC(35) Phase 2: Prepare for compaction 3.007ms
[65.244s][info][gc,phases,start] GC(35) Phase 3: Adjust pointers
[65.256s][info][gc,phases      ] GC(35) Phase 3: Adjust pointers 11.604ms
[65.256s][info][gc,phases,start] GC(35) Phase 4: Compact heap
[65.258s][info][gc,phases      ] GC(35) Phase 4: Compact heap 2.460ms
[65.271s][info][gc,heap        ] GC(35) Eden regions: 701->0(1228)
[65.272s][info][gc,heap        ] GC(35) Survivor regions: 28->0(36)
[65.272s][info][gc,heap        ] GC(35) Old regions: 63->63
[65.272s][info][gc,heap        ] GC(35) Archive regions: 0->0
[65.272s][info][gc,heap        ] GC(35) Humongous regions: 342->7
[65.272s][info][gc,metaspace   ] GC(35) Metaspace: 127190K(129408K)->127190K(129408K) NonClass: 110833K(111808K)->110833K(111808K) Class: 16357K(17600K)->16357K(17600K)
[65.272s][info][gc             ] GC(35) Pause Full (System.gc()) 1131M->67M(2048M) 48.989ms
[65.272s][info][gc,cpu         ] GC(35) User=0.12s Sys=0.00s Real=0.04s
[65.915s][info][gc,start       ] GC(36) Pause Young (Normal) (G1 Preventive Collection)
[65.915s][info][gc,task        ] GC(36) Using 6 workers of 6 for evacuation
[65.922s][info][gc             ] GC(36) To-space exhausted
[65.922s][info][gc,phases      ] GC(36)   Pre Evacuate Collection Set: 0.2ms
[65.922s][info][gc,phases      ] GC(36)   Merge Heap Roots: 0.2ms
[65.922s][info][gc,phases      ] GC(36)   Evacuate Collection Set: 4.4ms
[65.922s][info][gc,phases      ] GC(36)   Post Evacuate Collection Set: 1.5ms
[65.922s][info][gc,phases      ] GC(36)   Other: 0.3ms
[65.922s][info][gc,heap        ] GC(36) Eden regions: 1138->0(1199)
[65.922s][info][gc,heap        ] GC(36) Survivor regions: 0->29(29)
[65.922s][info][gc,heap        ] GC(36) Old regions: 63->81
[65.922s][info][gc,heap        ] GC(36) Archive regions: 0->0
[65.922s][info][gc,heap        ] GC(36) Humongous regions: 818->37
[65.922s][info][gc,metaspace   ] GC(36) Metaspace: 127260K(129472K)->127260K(129472K) NonClass: 110903K(111872K)->110903K(111872K) Class: 16357K(17600K)->16357K(17600K)
[65.922s][info][gc             ] GC(36) Pause Young (Normal) (G1 Preventive Collection) 2016M->144M(2048M) 6.590ms
[65.922s][info][gc,cpu         ] GC(36) User=0.00s Sys=0.00s Real=0.01s
[69.080s][info][gc,start       ] GC(37) Pause Young (Normal) (G1 Preventive Collection)
[69.080s][info][gc,task        ] GC(37) Using 6 workers of 6 for evacuation
[69.086s][info][gc,phases      ] GC(37)   Pre Evacuate Collection Set: 0.1ms
[69.086s][info][gc,phases      ] GC(37)   Merge Heap Roots: 0.1ms
[69.086s][info][gc,phases      ] GC(37)   Evacuate Collection Set: 4.4ms
[69.086s][info][gc,phases      ] GC(37)   Post Evacuate Collection Set: 1.1ms
[69.086s][info][gc,phases      ] GC(37)   Other: 0.2ms
[69.086s][info][gc,heap        ] GC(37) Eden regions: 1075->0(1200)
[69.086s][info][gc,heap        ] GC(37) Survivor regions: 29->28(34)
[69.086s][info][gc,heap        ] GC(37) Old regions: 81->81
[69.086s][info][gc,heap        ] GC(37) Archive regions: 0->0
[69.086s][info][gc,heap        ] GC(37) Humongous regions: 829->47
[69.086s][info][gc,metaspace   ] GC(37) Metaspace: 127298K(129472K)->127298K(129472K) NonClass: 110940K(111872K)->110940K(111872K) Class: 16357K(17600K)->16357K(17600K)
[69.086s][info][gc             ] GC(37) Pause Young (Normal) (G1 Preventive Collection) 2011M->153M(2048M) 6.020ms
[69.086s][info][gc,cpu         ] GC(37) User=0.00s Sys=0.00s Real=0.00s
[71.972s][info][gc,start       ] GC(38) Pause Full (System.gc())
[71.972s][info][gc,task        ] GC(38) Using 6 workers of 6 for full compaction
[71.972s][info][gc,phases,start] GC(38) Phase 1: Mark live objects
[71.991s][info][gc,phases      ] GC(38) Phase 1: Mark live objects 19.192ms
[71.991s][info][gc,phases,start] GC(38) Phase 2: Prepare for compaction
[71.994s][info][gc,phases      ] GC(38) Phase 2: Prepare for compaction 2.794ms
[71.994s][info][gc,phases,start] GC(38) Phase 3: Adjust pointers
[72.006s][info][gc,phases      ] GC(38) Phase 3: Adjust pointers 12.115ms
[72.007s][info][gc,phases,start] GC(38) Phase 4: Compact heap
[72.009s][info][gc,phases      ] GC(38) Phase 4: Compact heap 2.144ms
[72.023s][info][gc,heap        ] GC(38) Eden regions: 718->0(1228)
[72.023s][info][gc,heap        ] GC(38) Survivor regions: 28->0(34)
[72.023s][info][gc,heap        ] GC(38) Old regions: 81->64
[72.023s][info][gc,heap        ] GC(38) Archive regions: 0->0
[72.023s][info][gc,heap        ] GC(38) Humongous regions: 342->7
[72.023s][info][gc,metaspace   ] GC(38) Metaspace: 127384K(129536K)->127384K(129536K) NonClass: 111026K(111936K)->111026K(111936K) Class: 16357K(17600K)->16357K(17600K)
[72.023s][info][gc             ] GC(38) Pause Full (System.gc()) 1165M->68M(2048M) 50.761ms
[72.023s][info][gc,cpu         ] GC(38) User=0.11s Sys=0.02s Real=0.04s
[72.675s][info][gc,start       ] GC(39) Pause Young (Normal) (G1 Preventive Collection)
[72.675s][info][gc,task        ] GC(39) Using 6 workers of 6 for evacuation
[72.682s][info][gc             ] GC(39) To-space exhausted
[72.682s][info][gc,phases      ] GC(39)   Pre Evacuate Collection Set: 0.2ms
[72.682s][info][gc,phases      ] GC(39)   Merge Heap Roots: 0.2ms
[72.682s][info][gc,phases      ] GC(39)   Evacuate Collection Set: 4.3ms
[72.682s][info][gc,phases      ] GC(39)   Post Evacuate Collection Set: 2.3ms
[72.682s][info][gc,phases      ] GC(39)   Other: 0.3ms
[72.682s][info][gc,heap        ] GC(39) Eden regions: 1138->0(1200)
[72.682s][info][gc,heap        ] GC(39) Survivor regions: 0->28(28)
[72.682s][info][gc,heap        ] GC(39) Old regions: 64->89
[72.682s][info][gc,heap        ] GC(39) Archive regions: 0->0
[72.682s][info][gc,heap        ] GC(39) Humongous regions: 818->27
[72.682s][info][gc,metaspace   ] GC(39) Metaspace: 127445K(129536K)->127445K(129536K) NonClass: 111088K(111936K)->111088K(111936K) Class: 16357K(17600K)->16357K(17600K)
[72.682s][info][gc             ] GC(39) Pause Young (Normal) (G1 Preventive Collection) 2017M->141M(2048M) 7.320ms
[72.682s][info][gc,cpu         ] GC(39) User=0.00s Sys=0.00s Real=0.00s
[75.916s][info][gc,start       ] GC(40) Pause Young (Normal) (G1 Preventive Collection)
[75.916s][info][gc,task        ] GC(40) Using 6 workers of 6 for evacuation
[75.922s][info][gc,phases      ] GC(40)   Pre Evacuate Collection Set: 0.1ms
[75.922s][info][gc,phases      ] GC(40)   Merge Heap Roots: 0.1ms
[75.922s][info][gc,phases      ] GC(40)   Evacuate Collection Set: 5.1ms
[75.922s][info][gc,phases      ] GC(40)   Post Evacuate Collection Set: 1.0ms
[75.922s][info][gc,phases      ] GC(40)   Other: 0.3ms
[75.922s][info][gc,heap        ] GC(40) Eden regions: 1079->0(1197)
[75.922s][info][gc,heap        ] GC(40) Survivor regions: 28->31(33)
[75.922s][info][gc,heap        ] GC(40) Old regions: 89->89
[75.922s][info][gc,heap        ] GC(40) Archive regions: 0->0
[75.922s][info][gc,heap        ] GC(40) Humongous regions: 819->47
[75.922s][info][gc,metaspace   ] GC(40) Metaspace: 127450K(129536K)->127450K(129536K) NonClass: 111092K(111936K)->111092K(111936K) Class: 16358K(17600K)->16358K(17600K)
[75.922s][info][gc             ] GC(40) Pause Young (Normal) (G1 Preventive Collection) 2012M->163M(2048M) 6.727ms
[75.922s][info][gc,cpu         ] GC(40) User=0.02s Sys=0.00s Real=0.01s
[78.729s][info][gc,start       ] GC(41) Pause Full (System.gc())
[78.729s][info][gc,task        ] GC(41) Using 6 workers of 6 for full compaction
[78.730s][info][gc,phases,start] GC(41) Phase 1: Mark live objects
[78.746s][info][gc,phases      ] GC(41) Phase 1: Mark live objects 16.352ms
[78.746s][info][gc,phases,start] GC(41) Phase 2: Prepare for compaction
[78.749s][info][gc,phases      ] GC(41) Phase 2: Prepare for compaction 3.089ms
[78.749s][info][gc,phases,start] GC(41) Phase 3: Adjust pointers
[78.761s][info][gc,phases      ] GC(41) Phase 3: Adjust pointers 12.226ms
[78.761s][info][gc,phases,start] GC(41) Phase 4: Compact heap
[78.764s][info][gc,phases      ] GC(41) Phase 4: Compact heap 2.682ms
[78.778s][info][gc,heap        ] GC(41) Eden regions: 711->0(1228)
[78.778s][info][gc,heap        ] GC(41) Survivor regions: 31->0(33)
[78.778s][info][gc,heap        ] GC(41) Old regions: 89->65
[78.778s][info][gc,heap        ] GC(41) Archive regions: 0->0
[78.778s][info][gc,heap        ] GC(41) Humongous regions: 342->7
[78.778s][info][gc,metaspace   ] GC(41) Metaspace: 127514K(129600K)->127514K(129600K) NonClass: 111156K(112000K)->111156K(112000K) Class: 16358K(17600K)->16358K(17600K)
[78.778s][info][gc             ] GC(41) Pause Full (System.gc()) 1169M->68M(2048M) 48.977ms
[78.778s][info][gc,cpu         ] GC(41) User=0.28s Sys=0.00s Real=0.04s
[79.344s][info][gc,start       ] GC(42) Pause Young (Normal) (G1 Preventive Collection)
[79.344s][info][gc,task        ] GC(42) Using 6 workers of 6 for evacuation
[79.350s][info][gc             ] GC(42) To-space exhausted
[79.350s][info][gc,phases      ] GC(42)   Pre Evacuate Collection Set: 0.2ms
[79.350s][info][gc,phases      ] GC(42)   Merge Heap Roots: 0.2ms
[79.350s][info][gc,phases      ] GC(42)   Evacuate Collection Set: 4.3ms
[79.350s][info][gc,phases      ] GC(42)   Post Evacuate Collection Set: 1.4ms
[79.350s][info][gc,phases      ] GC(42)   Other: 0.3ms
[79.350s][info][gc,heap        ] GC(42) Eden regions: 1137->0(1200)
[79.350s][info][gc,heap        ] GC(42) Survivor regions: 0->28(28)
[79.350s][info][gc,heap        ] GC(42) Old regions: 65->82
[79.351s][info][gc,heap        ] GC(42) Archive regions: 0->0
[79.351s][info][gc,heap        ] GC(42) Humongous regions: 818->27
[79.351s][info][gc,metaspace   ] GC(42) Metaspace: 127593K(129664K)->127593K(129664K) NonClass: 111235K(112064K)->111235K(112064K) Class: 16358K(17600K)->16358K(17600K)
[79.351s][info][gc             ] GC(42) Pause Young (Normal) (G1 Preventive Collection) 2016M->133M(2048M) 6.404ms
[79.351s][info][gc,cpu         ] GC(42) User=0.00s Sys=0.00s Real=0.00s
[82.595s][info][gc,start       ] GC(43) Pause Young (Normal) (G1 Preventive Collection)
[82.595s][info][gc,task        ] GC(43) Using 6 workers of 6 for evacuation
[82.602s][info][gc             ] GC(43) To-space exhausted
[82.602s][info][gc,phases      ] GC(43)   Pre Evacuate Collection Set: 0.1ms
[82.602s][info][gc,phases      ] GC(43)   Merge Heap Roots: 0.1ms
[82.602s][info][gc,phases      ] GC(43)   Evacuate Collection Set: 5.1ms
[82.602s][info][gc,phases      ] GC(43)   Post Evacuate Collection Set: 1.1ms
[82.602s][info][gc,phases      ] GC(43)   Other: 0.3ms
[82.602s][info][gc,heap        ] GC(43) Eden regions: 1086->0(1195)
[82.602s][info][gc,heap        ] GC(43) Survivor regions: 28->33(33)
[82.602s][info][gc,heap        ] GC(43) Old regions: 82->85
[82.602s][info][gc,heap        ] GC(43) Archive regions: 0->0
[82.602s][info][gc,heap        ] GC(43) Humongous regions: 819->47
[82.602s][info][gc,metaspace   ] GC(43) Metaspace: 127631K(129664K)->127631K(129664K) NonClass: 111273K(112064K)->111273K(112064K) Class: 16358K(17600K)->16358K(17600K)
[82.602s][info][gc             ] GC(43) Pause Young (Normal) (G1 Preventive Collection) 2011M->161M(2048M) 6.833ms
[82.602s][info][gc,cpu         ] GC(43) User=0.00s Sys=0.00s Real=0.01s
[85.446s][info][gc,start       ] GC(44) Pause Full (System.gc())
[85.446s][info][gc,task        ] GC(44) Using 6 workers of 6 for full compaction
[85.446s][info][gc,phases,start] GC(44) Phase 1: Mark live objects
[85.463s][info][gc,phases      ] GC(44) Phase 1: Mark live objects 16.907ms
[85.463s][info][gc,phases,start] GC(44) Phase 2: Prepare for compaction
[85.467s][info][gc,phases      ] GC(44) Phase 2: Prepare for compaction 3.363ms
[85.467s][info][gc,phases,start] GC(44) Phase 3: Adjust pointers
[85.479s][info][gc,phases      ] GC(44) Phase 3: Adjust pointers 12.893ms
[85.480s][info][gc,phases,start] GC(44) Phase 4: Compact heap
[85.482s][info][gc,phases      ] GC(44) Phase 4: Compact heap 2.499ms
[85.499s][info][gc,heap        ] GC(44) Eden regions: 702->0(1228)
[85.499s][info][gc,heap        ] GC(44) Survivor regions: 33->0(33)
[85.499s][info][gc,heap        ] GC(44) Old regions: 85->64
[85.499s][info][gc,heap        ] GC(44) Archive regions: 0->0
[85.499s][info][gc,heap        ] GC(44) Humongous regions: 342->7
[85.499s][info][gc,metaspace   ] GC(44) Metaspace: 127672K(129728K)->127672K(129728K) NonClass: 111314K(112128K)->111314K(112128K) Class: 16358K(17600K)->16358K(17600K)
[85.499s][info][gc             ] GC(44) Pause Full (System.gc()) 1158M->68M(2048M) 53.525ms
[85.499s][info][gc,cpu         ] GC(44) User=0.28s Sys=0.00s Real=0.06s
[86.069s][info][gc,start       ] GC(45) Pause Young (Normal) (G1 Preventive Collection)
[86.069s][info][gc,task        ] GC(45) Using 6 workers of 6 for evacuation
[86.075s][info][gc,phases      ] GC(45)   Pre Evacuate Collection Set: 0.2ms
[86.076s][info][gc,phases      ] GC(45)   Merge Heap Roots: 0.2ms
[86.076s][info][gc,phases      ] GC(45)   Evacuate Collection Set: 4.5ms
[86.076s][info][gc,phases      ] GC(45)   Post Evacuate Collection Set: 1.0ms
[86.076s][info][gc,phases      ] GC(45)   Other: 0.3ms
[86.076s][info][gc,heap        ] GC(45) Eden regions: 1136->0(1198)
[86.076s][info][gc,heap        ] GC(45) Survivor regions: 0->30(30)
[86.076s][info][gc,heap        ] GC(45) Old regions: 64->64
[86.076s][info][gc,heap        ] GC(45) Archive regions: 0->0
[86.076s][info][gc,heap        ] GC(45) Humongous regions: 818->32
[86.076s][info][gc,metaspace   ] GC(45) Metaspace: 127705K(129728K)->127705K(129728K) NonClass: 111347K(112128K)->111347K(112128K) Class: 16358K(17600K)->16358K(17600K)
[86.076s][info][gc             ] GC(45) Pause Young (Normal) (G1 Preventive Collection) 2015M->123M(2048M) 6.297ms
[86.076s][info][gc,cpu         ] GC(45) User=0.00s Sys=0.00s Real=0.01s
[89.343s][info][gc,start       ] GC(46) Pause Young (Normal) (G1 Preventive Collection)
[89.343s][info][gc,task        ] GC(46) Using 6 workers of 6 for evacuation
[89.349s][info][gc,phases      ] GC(46)   Pre Evacuate Collection Set: 0.2ms
[89.349s][info][gc,phases      ] GC(46)   Merge Heap Roots: 0.1ms
[89.349s][info][gc,phases      ] GC(46)   Evacuate Collection Set: 4.4ms
[89.349s][info][gc,phases      ] GC(46)   Post Evacuate Collection Set: 1.3ms
[89.349s][info][gc,phases      ] GC(46)   Other: 0.3ms
[89.349s][info][gc,heap        ] GC(46) Eden regions: 1090->0(1200)
[89.349s][info][gc,heap        ] GC(46) Survivor regions: 30->28(36)
[89.349s][info][gc,heap        ] GC(46) Old regions: 64->64
[89.349s][info][gc,heap        ] GC(46) Archive regions: 0->0
[89.349s][info][gc,heap        ] GC(46) Humongous regions: 828->47
[89.349s][info][gc,metaspace   ] GC(46) Metaspace: 127720K(129728K)->127720K(129728K) NonClass: 111362K(112128K)->111362K(112128K) Class: 16358K(17600K)->16358K(17600K)
[89.349s][info][gc             ] GC(46) Pause Young (Normal) (G1 Preventive Collection) 2009M->136M(2048M) 6.393ms
[89.349s][info][gc,cpu         ] GC(46) User=0.09s Sys=0.00s Real=0.01s
[92.092s][info][gc,start       ] GC(47) Pause Full (System.gc())
[92.092s][info][gc,task        ] GC(47) Using 6 workers of 6 for full compaction
[92.093s][info][gc,phases,start] GC(47) Phase 1: Mark live objects
[92.111s][info][gc,phases      ] GC(47) Phase 1: Mark live objects 18.276ms
[92.111s][info][gc,phases,start] GC(47) Phase 2: Prepare for compaction
[92.114s][info][gc,phases      ] GC(47) Phase 2: Prepare for compaction 2.861ms
[92.114s][info][gc,phases,start] GC(47) Phase 3: Adjust pointers
[92.127s][info][gc,phases      ] GC(47) Phase 3: Adjust pointers 13.418ms
[92.127s][info][gc,phases,start] GC(47) Phase 4: Compact heap
[92.130s][info][gc,phases      ] GC(47) Phase 4: Compact heap 2.192ms
[92.145s][info][gc,heap        ] GC(47) Eden regions: 700->0(1228)
[92.145s][info][gc,heap        ] GC(47) Survivor regions: 28->0(36)
[92.145s][info][gc,heap        ] GC(47) Old regions: 64->64
[92.145s][info][gc,heap        ] GC(47) Archive regions: 0->0
[92.145s][info][gc,heap        ] GC(47) Humongous regions: 338->7
[92.145s][info][gc,metaspace   ] GC(47) Metaspace: 127751K(129792K)->127751K(129792K) NonClass: 111393K(112192K)->111393K(112192K) Class: 16358K(17600K)->16358K(17600K)
[92.145s][info][gc             ] GC(47) Pause Full (System.gc()) 1127M->69M(2048M) 52.591ms
[92.145s][info][gc,cpu         ] GC(47) User=0.22s Sys=0.00s Real=0.05s
[92.727s][info][gc,start       ] GC(48) Pause Young (Normal) (G1 Preventive Collection)
[92.727s][info][gc,task        ] GC(48) Using 6 workers of 6 for evacuation
[92.733s][info][gc             ] GC(48) To-space exhausted
[92.733s][info][gc,phases      ] GC(48)   Pre Evacuate Collection Set: 0.2ms
[92.733s][info][gc,phases      ] GC(48)   Merge Heap Roots: 0.2ms
[92.733s][info][gc,phases      ] GC(48)   Evacuate Collection Set: 4.1ms
[92.733s][info][gc,phases      ] GC(48)   Post Evacuate Collection Set: 1.0ms
[92.733s][info][gc,phases      ] GC(48)   Other: 0.4ms
[92.733s][info][gc,heap        ] GC(48) Eden regions: 1138->0(1200)
[92.733s][info][gc,heap        ] GC(48) Survivor regions: 0->28(28)
[92.733s][info][gc,heap        ] GC(48) Old regions: 64->81
[92.733s][info][gc,heap        ] GC(48) Archive regions: 0->0
[92.733s][info][gc,heap        ] GC(48) Humongous regions: 818->32
[92.733s][info][gc,metaspace   ] GC(48) Metaspace: 127810K(129792K)->127810K(129792K) NonClass: 111451K(112192K)->111451K(112192K) Class: 16358K(17600K)->16358K(17600K)
[92.733s][info][gc             ] GC(48) Pause Young (Normal) (G1 Preventive Collection) 2018M->139M(2048M) 5.912ms
[92.733s][info][gc,cpu         ] GC(48) User=0.00s Sys=0.00s Real=0.01s
[95.972s][info][gc,start       ] GC(49) Pause Young (Normal) (G1 Preventive Collection)
[95.972s][info][gc,task        ] GC(49) Using 6 workers of 6 for evacuation
[95.979s][info][gc,phases      ] GC(49)   Pre Evacuate Collection Set: 0.2ms
[95.979s][info][gc,phases      ] GC(49)   Merge Heap Roots: 0.1ms
[95.979s][info][gc,phases      ] GC(49)   Evacuate Collection Set: 5.0ms
[95.979s][info][gc,phases      ] GC(49)   Post Evacuate Collection Set: 1.2ms
[95.979s][info][gc,phases      ] GC(49)   Other: 0.2ms
[95.979s][info][gc,heap        ] GC(49) Eden regions: 1082->0(1196)
[95.979s][info][gc,heap        ] GC(49) Survivor regions: 28->32(33)
[95.979s][info][gc,heap        ] GC(49) Old regions: 81->81
[95.979s][info][gc,heap        ] GC(49) Archive regions: 0->0
[95.979s][info][gc,heap        ] GC(49) Humongous regions: 824->47
[95.979s][info][gc,metaspace   ] GC(49) Metaspace: 127826K(129856K)->127826K(129856K) NonClass: 111467K(112256K)->111467K(112256K) Class: 16359K(17600K)->16359K(17600K)
[95.979s][info][gc             ] GC(49) Pause Young (Normal) (G1 Preventive Collection) 2013M->157M(2048M) 6.824ms
[95.979s][info][gc,cpu         ] GC(49) User=0.00s Sys=0.00s Real=0.01s
[98.786s][info][gc,start       ] GC(50) Pause Full (System.gc())
[98.786s][info][gc,task        ] GC(50) Using 6 workers of 6 for full compaction
[98.787s][info][gc,phases,start] GC(50) Phase 1: Mark live objects
[98.806s][info][gc,phases      ] GC(50) Phase 1: Mark live objects 18.820ms
[98.806s][info][gc,phases,start] GC(50) Phase 2: Prepare for compaction
[98.809s][info][gc,phases      ] GC(50) Phase 2: Prepare for compaction 3.319ms
[98.809s][info][gc,phases,start] GC(50) Phase 3: Adjust pointers
[98.823s][info][gc,phases      ] GC(50) Phase 3: Adjust pointers 14.413ms
[98.823s][info][gc,phases,start] GC(50) Phase 4: Compact heap
[98.826s][info][gc,phases      ] GC(50) Phase 4: Compact heap 2.183ms
[98.841s][info][gc,heap        ] GC(50) Eden regions: 707->0(1228)
[98.841s][info][gc,heap        ] GC(50) Survivor regions: 32->0(33)
[98.841s][info][gc,heap        ] GC(50) Old regions: 81->66
[98.841s][info][gc,heap        ] GC(50) Archive regions: 0->0
[98.841s][info][gc,heap        ] GC(50) Humongous regions: 342->7
[98.841s][info][gc,metaspace   ] GC(50) Metaspace: 127873K(129856K)->127873K(129856K) NonClass: 111514K(112256K)->111514K(112256K) Class: 16359K(17600K)->16359K(17600K)
[98.841s][info][gc             ] GC(50) Pause Full (System.gc()) 1158M->69M(2048M) 54.952ms
[98.841s][info][gc,cpu         ] GC(50) User=0.27s Sys=0.00s Real=0.06s
[99.416s][info][gc,start       ] GC(51) Pause Young (Normal) (G1 Preventive Collection)
[99.416s][info][gc,task        ] GC(51) Using 6 workers of 6 for evacuation
[99.422s][info][gc             ] GC(51) To-space exhausted
[99.422s][info][gc,phases      ] GC(51)   Pre Evacuate Collection Set: 0.2ms
[99.422s][info][gc,phases      ] GC(51)   Merge Heap Roots: 0.2ms
[99.422s][info][gc,phases      ] GC(51)   Evacuate Collection Set: 4.5ms
[99.422s][info][gc,phases      ] GC(51)   Post Evacuate Collection Set: 1.0ms
[99.422s][info][gc,phases      ] GC(51)   Other: 0.3ms
[99.422s][info][gc,heap        ] GC(51) Eden regions: 1135->0(1199)
[99.422s][info][gc,heap        ] GC(51) Survivor regions: 0->29(29)
[99.422s][info][gc,heap        ] GC(51) Old regions: 66->72
[99.422s][info][gc,heap        ] GC(51) Archive regions: 0->0
[99.422s][info][gc,heap        ] GC(51) Humongous regions: 818->27
[99.422s][info][gc,metaspace   ] GC(51) Metaspace: 127923K(129920K)->127923K(129920K) NonClass: 111564K(112320K)->111564K(112320K) Class: 16359K(17600K)->16359K(17600K)
[99.422s][info][gc             ] GC(51) Pause Young (Normal) (G1 Preventive Collection) 2015M->124M(2048M) 6.280ms
[99.422s][info][gc,cpu         ] GC(51) User=0.00s Sys=0.00s Real=0.01s
[102.707s][info][gc,start       ] GC(52) Pause Young (Normal) (G1 Preventive Collection)
[102.707s][info][gc,task        ] GC(52) Using 6 workers of 6 for evacuation
[102.713s][info][gc,phases      ] GC(52)   Pre Evacuate Collection Set: 0.1ms
[102.713s][info][gc,phases      ] GC(52)   Merge Heap Roots: 0.1ms
[102.713s][info][gc,phases      ] GC(52)   Evacuate Collection Set: 4.3ms
[102.713s][info][gc,phases      ] GC(52)   Post Evacuate Collection Set: 1.3ms
[102.713s][info][gc,phases      ] GC(52)   Other: 0.3ms
[102.713s][info][gc,heap        ] GC(52) Eden regions: 1092->0(1201)
[102.713s][info][gc,heap        ] GC(52) Survivor regions: 29->27(34)
[102.713s][info][gc,heap        ] GC(52) Old regions: 72->72
[102.713s][info][gc,heap        ] GC(52) Archive regions: 0->0
[102.713s][info][gc,heap        ] GC(52) Humongous regions: 821->47
[102.713s][info][gc,metaspace   ] GC(52) Metaspace: 127945K(129920K)->127945K(129920K) NonClass: 111585K(112320K)->111585K(112320K) Class: 16359K(17600K)->16359K(17600K)
[102.713s][info][gc             ] GC(52) Pause Young (Normal) (G1 Preventive Collection) 2010M->142M(2048M) 6.272ms
[102.713s][info][gc,cpu         ] GC(52) User=0.00s Sys=0.00s Real=0.01s
[105.451s][info][gc,start       ] GC(53) Pause Full (System.gc())
[105.451s][info][gc,task        ] GC(53) Using 6 workers of 6 for full compaction
[105.451s][info][gc,phases,start] GC(53) Phase 1: Mark live objects
[105.468s][info][gc,phases      ] GC(53) Phase 1: Mark live objects 16.838ms
[105.468s][info][gc,phases,start] GC(53) Phase 2: Prepare for compaction
[105.471s][info][gc,phases      ] GC(53) Phase 2: Prepare for compaction 2.942ms
[105.471s][info][gc,phases,start] GC(53) Phase 3: Adjust pointers
[105.485s][info][gc,phases      ] GC(53) Phase 3: Adjust pointers 13.822ms
[105.485s][info][gc,phases,start] GC(53) Phase 4: Compact heap
[105.487s][info][gc,phases      ] GC(53) Phase 4: Compact heap 2.017ms
[105.503s][info][gc,heap        ] GC(53) Eden regions: 700->0(1228)
[105.503s][info][gc,heap        ] GC(53) Survivor regions: 27->0(34)
[105.503s][info][gc,heap        ] GC(53) Old regions: 72->66
[105.503s][info][gc,heap        ] GC(53) Archive regions: 0->0
[105.503s][info][gc,heap        ] GC(53) Humongous regions: 340->7
[105.503s][info][gc,metaspace   ] GC(53) Metaspace: 127983K(129984K)->127983K(129984K) NonClass: 111622K(112384K)->111622K(112384K) Class: 16361K(17600K)->16361K(17600K)
[105.503s][info][gc             ] GC(53) Pause Full (System.gc()) 1134M->69M(2048M) 52.226ms
[105.503s][info][gc,cpu         ] GC(53) User=0.20s Sys=0.02s Real=0.06s
[106.063s][info][gc,start       ] GC(54) Pause Young (Normal) (G1 Preventive Collection)
[106.063s][info][gc,task        ] GC(54) Using 6 workers of 6 for evacuation
[106.069s][info][gc             ] GC(54) To-space exhausted
[106.069s][info][gc,phases      ] GC(54)   Pre Evacuate Collection Set: 0.2ms
[106.069s][info][gc,phases      ] GC(54)   Merge Heap Roots: 0.2ms
[106.069s][info][gc,phases      ] GC(54)   Evacuate Collection Set: 4.2ms
[106.069s][info][gc,phases      ] GC(54)   Post Evacuate Collection Set: 1.0ms
[106.069s][info][gc,phases      ] GC(54)   Other: 0.4ms
[106.069s][info][gc,heap        ] GC(54) Eden regions: 1136->0(1200)
[106.069s][info][gc,heap        ] GC(54) Survivor regions: 0->28(28)
[106.069s][info][gc,heap        ] GC(54) Old regions: 66->81
[106.069s][info][gc,heap        ] GC(54) Archive regions: 0->0
[106.069s][info][gc,heap        ] GC(54) Humongous regions: 818->27
[106.069s][info][gc,metaspace   ] GC(54) Metaspace: 128017K(129984K)->128017K(129984K) NonClass: 111656K(112384K)->111656K(112384K) Class: 16361K(17600K)->16361K(17600K)
[106.069s][info][gc             ] GC(54) Pause Young (Normal) (G1 Preventive Collection) 2016M->132M(2048M) 5.990ms
[106.069s][info][gc,cpu         ] GC(54) User=0.00s Sys=0.00s Real=0.01s
[109.285s][info][gc,start       ] GC(55) Pause Young (Normal) (G1 Preventive Collection)
[109.285s][info][gc,task        ] GC(55) Using 6 workers of 6 for evacuation
[109.292s][info][gc,phases      ] GC(55)   Pre Evacuate Collection Set: 0.1ms
[109.292s][info][gc,phases      ] GC(55)   Merge Heap Roots: 0.1ms
[109.292s][info][gc,phases      ] GC(55)   Evacuate Collection Set: 5.0ms
[109.292s][info][gc,phases      ] GC(55)   Post Evacuate Collection Set: 1.3ms
[109.292s][info][gc,phases      ] GC(55)   Other: 0.3ms
[109.292s][info][gc,heap        ] GC(55) Eden regions: 1088->0(1196)
[109.292s][info][gc,heap        ] GC(55) Survivor regions: 28->32(32)
[109.292s][info][gc,heap        ] GC(55) Old regions: 81->81
[109.292s][info][gc,heap        ] GC(55) Archive regions: 0->0
[109.292s][info][gc,heap        ] GC(55) Humongous regions: 819->47
[109.292s][info][gc,metaspace   ] GC(55) Metaspace: 128023K(129984K)->128023K(129984K) NonClass: 111662K(112384K)->111662K(112384K) Class: 16361K(17600K)->16361K(17600K)
[109.292s][info][gc             ] GC(55) Pause Young (Normal) (G1 Preventive Collection) 2012M->156M(2048M) 6.888ms
[109.292s][info][gc,cpu         ] GC(55) User=0.00s Sys=0.00s Real=0.01s
[112.093s][info][gc,start       ] GC(56) Pause Full (System.gc())
[112.093s][info][gc,task        ] GC(56) Using 6 workers of 6 for full compaction
[112.094s][info][gc,phases,start] GC(56) Phase 1: Mark live objects
[112.114s][info][gc,phases      ] GC(56) Phase 1: Mark live objects 20.150ms
[112.114s][info][gc,phases,start] GC(56) Phase 2: Prepare for compaction
[112.117s][info][gc,phases      ] GC(56) Phase 2: Prepare for compaction 3.149ms
[112.117s][info][gc,phases,start] GC(56) Phase 3: Adjust pointers
[112.131s][info][gc,phases      ] GC(56) Phase 3: Adjust pointers 13.877ms
[112.131s][info][gc,phases,start] GC(56) Phase 4: Compact heap
[112.133s][info][gc,phases      ] GC(56) Phase 4: Compact heap 2.274ms
[112.149s][info][gc,heap        ] GC(56) Eden regions: 702->0(1228)
[112.149s][info][gc,heap        ] GC(56) Survivor regions: 32->0(32)
[112.149s][info][gc,heap        ] GC(56) Old regions: 81->66
[112.149s][info][gc,heap        ] GC(56) Archive regions: 0->0
[112.149s][info][gc,heap        ] GC(56) Humongous regions: 342->7
[112.149s][info][gc,metaspace   ] GC(56) Metaspace: 128128K(130112K)->128128K(130112K) NonClass: 111767K(112512K)->111767K(112512K) Class: 16361K(17600K)->16361K(17600K)
[112.149s][info][gc             ] GC(56) Pause Full (System.gc()) 1153M->70M(2048M) 56.162ms
[112.149s][info][gc,cpu         ] GC(56) User=0.16s Sys=0.00s Real=0.05s
[112.712s][info][gc,start       ] GC(57) Pause Young (Normal) (G1 Preventive Collection)
[112.712s][info][gc,task        ] GC(57) Using 6 workers of 6 for evacuation
[112.718s][info][gc             ] GC(57) To-space exhausted
[112.719s][info][gc,phases      ] GC(57)   Pre Evacuate Collection Set: 0.2ms
[112.719s][info][gc,phases      ] GC(57)   Merge Heap Roots: 0.2ms
[112.719s][info][gc,phases      ] GC(57)   Evacuate Collection Set: 4.3ms
[112.719s][info][gc,phases      ] GC(57)   Post Evacuate Collection Set: 1.3ms
[112.719s][info][gc,phases      ] GC(57)   Other: 0.3ms
[112.719s][info][gc,heap        ] GC(57) Eden regions: 1140->0(1199)
[112.719s][info][gc,heap        ] GC(57) Survivor regions: 0->29(29)
[112.719s][info][gc,heap        ] GC(57) Old regions: 66->80
[112.719s][info][gc,heap        ] GC(57) Archive regions: 0->0
[112.719s][info][gc,heap        ] GC(57) Humongous regions: 813->27
[112.719s][info][gc,metaspace   ] GC(57) Metaspace: 128181K(130176K)->128181K(130176K) NonClass: 111819K(112576K)->111819K(112576K) Class: 16362K(17600K)->16362K(17600K)
[112.719s][info][gc             ] GC(57) Pause Young (Normal) (G1 Preventive Collection) 2016M->133M(2048M) 6.299ms
[112.719s][info][gc,cpu         ] GC(57) User=0.00s Sys=0.00s Real=0.00s
[115.876s][info][gc,start       ] GC(58) Pause Young (Normal) (G1 Preventive Collection)
[115.876s][info][gc,task        ] GC(58) Using 6 workers of 6 for evacuation
[115.883s][info][gc,phases      ] GC(58)   Pre Evacuate Collection Set: 0.2ms
[115.883s][info][gc,phases      ] GC(58)   Merge Heap Roots: 0.1ms
[115.883s][info][gc,phases      ] GC(58)   Evacuate Collection Set: 5.3ms
[115.883s][info][gc,phases      ] GC(58)   Post Evacuate Collection Set: 1.0ms
[115.883s][info][gc,phases      ] GC(58)   Other: 0.3ms
[115.883s][info][gc,heap        ] GC(58) Eden regions: 1081->0(1195)
[115.883s][info][gc,heap        ] GC(58) Survivor regions: 29->33(34)
[115.883s][info][gc,heap        ] GC(58) Old regions: 80->80
[115.883s][info][gc,heap        ] GC(58) Archive regions: 0->0
[115.883s][info][gc,heap        ] GC(58) Humongous regions: 824->47
[115.883s][info][gc,metaspace   ] GC(58) Metaspace: 128192K(130176K)->128192K(130176K) NonClass: 111829K(112576K)->111829K(112576K) Class: 16362K(17600K)->16362K(17600K)
[115.883s][info][gc             ] GC(58) Pause Young (Normal) (G1 Preventive Collection) 2011M->156M(2048M) 6.967ms
[115.883s][info][gc,cpu         ] GC(58) User=0.00s Sys=0.00s Real=0.01s
[118.691s][info][gc,start       ] GC(59) Pause Full (System.gc())
[118.691s][info][gc,task        ] GC(59) Using 6 workers of 6 for full compaction
[118.691s][info][gc,phases,start] GC(59) Phase 1: Mark live objects
[118.710s][info][gc,phases      ] GC(59) Phase 1: Mark live objects 19.292ms
[118.710s][info][gc,phases,start] GC(59) Phase 2: Prepare for compaction
[118.713s][info][gc,phases      ] GC(59) Phase 2: Prepare for compaction 3.303ms
[118.714s][info][gc,phases,start] GC(59) Phase 3: Adjust pointers
[118.727s][info][gc,phases      ] GC(59) Phase 3: Adjust pointers 13.891ms
[118.728s][info][gc,phases,start] GC(59) Phase 4: Compact heap
[118.730s][info][gc,phases      ] GC(59) Phase 4: Compact heap 2.192ms
[118.745s][info][gc,heap        ] GC(59) Eden regions: 707->0(1228)
[118.746s][info][gc,heap        ] GC(59) Survivor regions: 33->0(34)
[118.746s][info][gc,heap        ] GC(59) Old regions: 80->66
[118.746s][info][gc,heap        ] GC(59) Archive regions: 0->0
[118.746s][info][gc,heap        ] GC(59) Humongous regions: 342->7
[118.746s][info][gc,metaspace   ] GC(59) Metaspace: 128249K(130240K)->128249K(130240K) NonClass: 111887K(112640K)->111887K(112640K) Class: 16362K(17600K)->16362K(17600K)
[118.746s][info][gc             ] GC(59) Pause Full (System.gc()) 1158M->70M(2048M) 55.060ms
[118.746s][info][gc,cpu         ] GC(59) User=0.14s Sys=0.00s Real=0.05s
[119.295s][info][gc,start       ] GC(60) Pause Young (Normal) (G1 Preventive Collection)
[119.295s][info][gc,task        ] GC(60) Using 6 workers of 6 for evacuation
[119.301s][info][gc,phases      ] GC(60)   Pre Evacuate Collection Set: 0.2ms
[119.301s][info][gc,phases      ] GC(60)   Merge Heap Roots: 0.2ms
[119.301s][info][gc,phases      ] GC(60)   Evacuate Collection Set: 4.5ms
[119.301s][info][gc,phases      ] GC(60)   Post Evacuate Collection Set: 1.0ms
[119.301s][info][gc,phases      ] GC(60)   Other: 0.2ms
[119.301s][info][gc,heap        ] GC(60) Eden regions: 1134->0(1198)
[119.301s][info][gc,heap        ] GC(60) Survivor regions: 0->30(30)
[119.301s][info][gc,heap        ] GC(60) Old regions: 66->66
[119.301s][info][gc,heap        ] GC(60) Archive regions: 0->0
[119.301s][info][gc,heap        ] GC(60) Humongous regions: 818->37
[119.301s][info][gc,metaspace   ] GC(60) Metaspace: 128315K(130240K)->128315K(130240K) NonClass: 111942K(112640K)->111942K(112640K) Class: 16372K(17600K)->16372K(17600K)
[119.301s][info][gc             ] GC(60) Pause Young (Normal) (G1 Preventive Collection) 2015M->130M(2048M) 6.247ms
[119.301s][info][gc,cpu         ] GC(60) User=0.09s Sys=0.00s Real=0.01s
[122.460s][info][gc,start       ] GC(61) Pause Young (Normal) (G1 Preventive Collection)
[122.460s][info][gc,task        ] GC(61) Using 6 workers of 6 for evacuation
[122.468s][info][gc             ] GC(61) To-space exhausted
[122.468s][info][gc,phases      ] GC(61)   Pre Evacuate Collection Set: 0.3ms
[122.468s][info][gc,phases      ] GC(61)   Merge Heap Roots: 0.1ms
[122.468s][info][gc,phases      ] GC(61)   Evacuate Collection Set: 5.6ms
[122.468s][info][gc,phases      ] GC(61)   Post Evacuate Collection Set: 1.1ms
[122.468s][info][gc,phases      ] GC(61)   Other: 0.3ms
[122.468s][info][gc,heap        ] GC(61) Eden regions: 1088->0(1193)
[122.468s][info][gc,heap        ] GC(61) Survivor regions: 30->35(35)
[122.468s][info][gc,heap        ] GC(61) Old regions: 66->74
[122.468s][info][gc,heap        ] GC(61) Archive regions: 0->0
[122.468s][info][gc,heap        ] GC(61) Humongous regions: 829->47
[122.468s][info][gc,metaspace   ] GC(61) Metaspace: 128330K(130240K)->128330K(130240K) NonClass: 111958K(112640K)->111958K(112640K) Class: 16372K(17600K)->16372K(17600K)
[122.468s][info][gc             ] GC(61) Pause Young (Normal) (G1 Preventive Collection) 2010M->153M(2048M) 7.494ms
[122.468s][info][gc,cpu         ] GC(61) User=0.00s Sys=0.00s Real=0.00s
[125.250s][info][gc,start       ] GC(62) Pause Full (System.gc())
[125.250s][info][gc,task        ] GC(62) Using 6 workers of 6 for full compaction
[125.250s][info][gc,phases,start] GC(62) Phase 1: Mark live objects
[125.273s][info][gc,phases      ] GC(62) Phase 1: Mark live objects 22.503ms
[125.273s][info][gc,phases,start] GC(62) Phase 2: Prepare for compaction
[125.277s][info][gc,phases      ] GC(62) Phase 2: Prepare for compaction 3.806ms
[125.277s][info][gc,phases,start] GC(62) Phase 3: Adjust pointers
[125.290s][info][gc,phases      ] GC(62) Phase 3: Adjust pointers 13.659ms
[125.290s][info][gc,phases,start] GC(62) Phase 4: Compact heap
[125.293s][info][gc,phases      ] GC(62) Phase 4: Compact heap 2.678ms
[125.308s][info][gc,heap        ] GC(62) Eden regions: 701->0(1228)
[125.308s][info][gc,heap        ] GC(62) Survivor regions: 35->0(35)
[125.308s][info][gc,heap        ] GC(62) Old regions: 74->66
[125.308s][info][gc,heap        ] GC(62) Archive regions: 0->0
[125.308s][info][gc,heap        ] GC(62) Humongous regions: 342->7
[125.308s][info][gc,metaspace   ] GC(62) Metaspace: 128371K(130240K)->128371K(130240K) NonClass: 111997K(112640K)->111997K(112640K) Class: 16374K(17600K)->16374K(17600K)
[125.308s][info][gc             ] GC(62) Pause Full (System.gc()) 1149M->71M(2048M) 58.511ms
[125.308s][info][gc,cpu         ] GC(62) User=0.20s Sys=0.00s Real=0.06s
[125.887s][info][gc,start       ] GC(63) Pause Young (Normal) (G1 Preventive Collection)
[125.887s][info][gc,task        ] GC(63) Using 6 workers of 6 for evacuation
[125.894s][info][gc,phases      ] GC(63)   Pre Evacuate Collection Set: 0.2ms
[125.894s][info][gc,phases      ] GC(63)   Merge Heap Roots: 0.3ms
[125.894s][info][gc,phases      ] GC(63)   Evacuate Collection Set: 4.7ms
[125.894s][info][gc,phases      ] GC(63)   Post Evacuate Collection Set: 1.0ms
[125.894s][info][gc,phases      ] GC(63)   Other: 0.3ms
[125.894s][info][gc,heap        ] GC(63) Eden regions: 1133->0(1197)
[125.894s][info][gc,heap        ] GC(63) Survivor regions: 0->31(31)
[125.894s][info][gc,heap        ] GC(63) Old regions: 66->66
[125.894s][info][gc,heap        ] GC(63) Archive regions: 0->0
[125.894s][info][gc,heap        ] GC(63) Humongous regions: 818->47
[125.894s][info][gc,metaspace   ] GC(63) Metaspace: 128390K(130304K)->128390K(130304K) NonClass: 112015K(112704K)->112015K(112704K) Class: 16375K(17600K)->16375K(17600K)
[125.894s][info][gc             ] GC(63) Pause Young (Normal) (G1 Preventive Collection) 2015M->141M(2048M) 6.504ms
[125.894s][info][gc,cpu         ] GC(63) User=0.09s Sys=0.00s Real=0.00s
[128.961s][info][gc,start       ] GC(64) Pause Young (Normal) (G1 Preventive Collection)
[128.961s][info][gc,task        ] GC(64) Using 6 workers of 6 for evacuation
[128.966s][info][gc,phases      ] GC(64)   Pre Evacuate Collection Set: 0.1ms
[128.966s][info][gc,phases      ] GC(64)   Merge Heap Roots: 0.1ms
[128.966s][info][gc,phases      ] GC(64)   Evacuate Collection Set: 4.4ms
[128.966s][info][gc,phases      ] GC(64)   Post Evacuate Collection Set: 1.0ms
[128.967s][info][gc,phases      ] GC(64)   Other: 0.2ms
[128.967s][info][gc,heap        ] GC(64) Eden regions: 1076->0(1200)
[128.967s][info][gc,heap        ] GC(64) Survivor regions: 31->28(36)
[128.967s][info][gc,heap        ] GC(64) Old regions: 66->66
[128.967s][info][gc,heap        ] GC(64) Archive regions: 0->0
[128.967s][info][gc,heap        ] GC(64) Humongous regions: 839->47
[128.967s][info][gc,metaspace   ] GC(64) Metaspace: 128404K(130304K)->128404K(130304K) NonClass: 112029K(112704K)->112029K(112704K) Class: 16375K(17600K)->16375K(17600K)
[128.967s][info][gc             ] GC(64) Pause Young (Normal) (G1 Preventive Collection) 2009M->139M(2048M) 5.931ms
[128.967s][info][gc,cpu         ] GC(64) User=0.00s Sys=0.00s Real=0.01s
[131.825s][info][gc,start       ] GC(65) Pause Full (System.gc())
[131.825s][info][gc,task        ] GC(65) Using 6 workers of 6 for full compaction
[131.826s][info][gc,phases,start] GC(65) Phase 1: Mark live objects
[131.842s][info][gc,phases      ] GC(65) Phase 1: Mark live objects 16.589ms
[131.842s][info][gc,phases,start] GC(65) Phase 2: Prepare for compaction
[131.845s][info][gc,phases      ] GC(65) Phase 2: Prepare for compaction 2.971ms
[131.845s][info][gc,phases,start] GC(65) Phase 3: Adjust pointers
[131.858s][info][gc,phases      ] GC(65) Phase 3: Adjust pointers 12.967ms
[131.858s][info][gc,phases,start] GC(65) Phase 4: Compact heap
[131.860s][info][gc,phases      ] GC(65) Phase 4: Compact heap 2.089ms
[131.875s][info][gc,heap        ] GC(65) Eden regions: 717->0(1228)
[131.875s][info][gc,heap        ] GC(65) Survivor regions: 28->0(36)
[131.875s][info][gc,heap        ] GC(65) Old regions: 66->68
[131.875s][info][gc,heap        ] GC(65) Archive regions: 0->0
[131.875s][info][gc,heap        ] GC(65) Humongous regions: 342->7
[131.875s][info][gc,metaspace   ] GC(65) Metaspace: 128463K(130368K)->128463K(130368K) NonClass: 112087K(112768K)->112087K(112768K) Class: 16375K(17600K)->16375K(17600K)
[131.875s][info][gc             ] GC(65) Pause Full (System.gc()) 1151M->71M(2048M) 50.214ms
[131.875s][info][gc,cpu         ] GC(65) User=0.27s Sys=0.00s Real=0.05s
[132.419s][info][gc,start       ] GC(66) Pause Young (Normal) (G1 Preventive Collection)
[132.419s][info][gc,task        ] GC(66) Using 6 workers of 6 for evacuation
[132.426s][info][gc,phases      ] GC(66)   Pre Evacuate Collection Set: 0.2ms
[132.426s][info][gc,phases      ] GC(66)   Merge Heap Roots: 0.2ms
[132.426s][info][gc,phases      ] GC(66)   Evacuate Collection Set: 4.6ms
[132.426s][info][gc,phases      ] GC(66)   Post Evacuate Collection Set: 1.2ms
[132.426s][info][gc,phases      ] GC(66)   Other: 0.2ms
[132.426s][info][gc,heap        ] GC(66) Eden regions: 1136->0(1197)
[132.426s][info][gc,heap        ] GC(66) Survivor regions: 0->31(31)
[132.426s][info][gc,heap        ] GC(66) Old regions: 68->68
[132.426s][info][gc,heap        ] GC(66) Archive regions: 0->0
[132.426s][info][gc,heap        ] GC(66) Humongous regions: 813->37
[132.426s][info][gc,metaspace   ] GC(66) Metaspace: 128516K(130368K)->128516K(130368K) NonClass: 112140K(112768K)->112140K(112768K) Class: 16376K(17600K)->16376K(17600K)
[132.426s][info][gc             ] GC(66) Pause Young (Normal) (G1 Preventive Collection) 2012M->131M(2048M) 6.548ms
[132.426s][info][gc,cpu         ] GC(66) User=0.08s Sys=0.00s Real=0.01s
[135.653s][info][gc,start       ] GC(67) Pause Young (Normal) (G1 Preventive Collection)
[135.653s][info][gc,task        ] GC(67) Using 6 workers of 6 for evacuation
[135.659s][info][gc,phases      ] GC(67)   Pre Evacuate Collection Set: 0.1ms
[135.660s][info][gc,phases      ] GC(67)   Merge Heap Roots: 0.2ms
[135.660s][info][gc,phases      ] GC(67)   Evacuate Collection Set: 5.2ms
[135.660s][info][gc,phases      ] GC(67)   Post Evacuate Collection Set: 1.1ms
[135.660s][info][gc,phases      ] GC(67)   Other: 0.2ms
[135.660s][info][gc,heap        ] GC(67) Eden regions: 1081->0(1195)
[135.660s][info][gc,heap        ] GC(67) Survivor regions: 31->33(34)
[135.660s][info][gc,heap        ] GC(67) Old regions: 68->68
[135.660s][info][gc,heap        ] GC(67) Archive regions: 0->0
[135.660s][info][gc,heap        ] GC(67) Humongous regions: 834->47
[135.660s][info][gc,metaspace   ] GC(67) Metaspace: 128517K(130368K)->128517K(130368K) NonClass: 112141K(112768K)->112141K(112768K) Class: 16376K(17600K)->16376K(17600K)
[135.660s][info][gc             ] GC(67) Pause Young (Normal) (G1 Preventive Collection) 2009M->143M(2048M) 6.825ms
[135.660s][info][gc,cpu         ] GC(67) User=0.09s Sys=0.00s Real=0.00s
[138.454s][info][gc,start       ] GC(68) Pause Full (System.gc())
[138.454s][info][gc,task        ] GC(68) Using 6 workers of 6 for full compaction
[138.455s][info][gc,phases,start] GC(68) Phase 1: Mark live objects
[138.472s][info][gc,phases      ] GC(68) Phase 1: Mark live objects 17.597ms
[138.472s][info][gc,phases,start] GC(68) Phase 2: Prepare for compaction
[138.475s][info][gc,phases      ] GC(68) Phase 2: Prepare for compaction 2.968ms
[138.475s][info][gc,phases,start] GC(68) Phase 3: Adjust pointers
[138.489s][info][gc,phases      ] GC(68) Phase 3: Adjust pointers 13.392ms
[138.489s][info][gc,phases,start] GC(68) Phase 4: Compact heap
[138.491s][info][gc,phases      ] GC(68) Phase 4: Compact heap 2.180ms
[138.506s][info][gc,heap        ] GC(68) Eden regions: 709->0(1228)
[138.506s][info][gc,heap        ] GC(68) Survivor regions: 33->0(34)
[138.506s][info][gc,heap        ] GC(68) Old regions: 68->67
[138.506s][info][gc,heap        ] GC(68) Archive regions: 0->0
[138.506s][info][gc,heap        ] GC(68) Humongous regions: 342->7
[138.506s][info][gc,metaspace   ] GC(68) Metaspace: 128527K(130368K)->128527K(130368K) NonClass: 112151K(112768K)->112151K(112768K) Class: 16376K(17600K)->16376K(17600K)
[138.506s][info][gc             ] GC(68) Pause Full (System.gc()) 1147M->71M(2048M) 52.180ms
[138.506s][info][gc,cpu         ] GC(68) User=0.12s Sys=0.00s Real=0.04s
[139.066s][info][gc,start       ] GC(69) Pause Young (Normal) (G1 Preventive Collection)
[139.066s][info][gc,task        ] GC(69) Using 6 workers of 6 for evacuation
[139.072s][info][gc,phases      ] GC(69)   Pre Evacuate Collection Set: 0.2ms
[139.072s][info][gc,phases      ] GC(69)   Merge Heap Roots: 0.2ms
[139.072s][info][gc,phases      ] GC(69)   Evacuate Collection Set: 4.5ms
[139.072s][info][gc,phases      ] GC(69)   Post Evacuate Collection Set: 1.0ms
[139.072s][info][gc,phases      ] GC(69)   Other: 0.3ms
[139.072s][info][gc,heap        ] GC(69) Eden regions: 1133->0(1198)
[139.073s][info][gc,heap        ] GC(69) Survivor regions: 0->30(30)
[139.073s][info][gc,heap        ] GC(69) Old regions: 67->67
[139.073s][info][gc,heap        ] GC(69) Archive regions: 0->0
[139.073s][info][gc,heap        ] GC(69) Humongous regions: 818->27
[139.073s][info][gc,metaspace   ] GC(69) Metaspace: 128570K(130432K)->128570K(130432K) NonClass: 112194K(112832K)->112194K(112832K) Class: 16376K(17600K)->16376K(17600K)
[139.073s][info][gc             ] GC(69) Pause Young (Normal) (G1 Preventive Collection) 2015M->121M(2048M) 6.280ms
[139.073s][info][gc,cpu         ] GC(69) User=0.00s Sys=0.00s Real=0.01s
[142.341s][info][gc,start       ] GC(70) Pause Young (Normal) (G1 Preventive Collection)
[142.341s][info][gc,task        ] GC(70) Using 6 workers of 6 for evacuation
[142.347s][info][gc,phases      ] GC(70)   Pre Evacuate Collection Set: 0.2ms
[142.347s][info][gc,phases      ] GC(70)   Merge Heap Roots: 0.1ms
[142.347s][info][gc,phases      ] GC(70)   Evacuate Collection Set: 4.3ms
[142.347s][info][gc,phases      ] GC(70)   Post Evacuate Collection Set: 1.3ms
[142.347s][info][gc,phases      ] GC(70)   Other: 0.3ms
[142.347s][info][gc,heap        ] GC(70) Eden regions: 1096->0(1200)
[142.347s][info][gc,heap        ] GC(70) Survivor regions: 30->28(34)
[142.348s][info][gc,heap        ] GC(70) Old regions: 67->67
[142.348s][info][gc,heap        ] GC(70) Archive regions: 0->0
[142.348s][info][gc,heap        ] GC(70) Humongous regions: 821->47
[142.348s][info][gc,metaspace   ] GC(70) Metaspace: 128687K(130496K)->128687K(130496K) NonClass: 112295K(112896K)->112295K(112896K) Class: 16391K(17600K)->16391K(17600K)
[142.348s][info][gc             ] GC(70) Pause Young (Normal) (G1 Preventive Collection) 2010M->139M(2048M) 6.259ms
[142.348s][info][gc,cpu         ] GC(70) User=0.09s Sys=0.00s Real=0.00s
[145.055s][info][gc,start       ] GC(71) Pause Full (System.gc())
[145.055s][info][gc,task        ] GC(71) Using 6 workers of 6 for full compaction
[145.056s][info][gc,phases,start] GC(71) Phase 1: Mark live objects
[145.073s][info][gc,phases      ] GC(71) Phase 1: Mark live objects 17.055ms
[145.073s][info][gc,phases,start] GC(71) Phase 2: Prepare for compaction
[145.077s][info][gc,phases      ] GC(71) Phase 2: Prepare for compaction 3.812ms
[145.077s][info][gc,phases,start] GC(71) Phase 3: Adjust pointers
[145.090s][info][gc,phases      ] GC(71) Phase 3: Adjust pointers 13.567ms
[145.090s][info][gc,phases,start] GC(71) Phase 4: Compact heap
[145.093s][info][gc,phases      ] GC(71) Phase 4: Compact heap 3.066ms
[145.109s][info][gc,heap        ] GC(71) Eden regions: 700->0(1228)
[145.109s][info][gc,heap        ] GC(71) Survivor regions: 28->0(34)
[145.109s][info][gc,heap        ] GC(71) Old regions: 67->69
[145.109s][info][gc,heap        ] GC(71) Archive regions: 0->0
[145.109s][info][gc,heap        ] GC(71) Humongous regions: 340->7
[145.109s][info][gc,metaspace   ] GC(71) Metaspace: 128713K(130560K)->128713K(130560K) NonClass: 112322K(112960K)->112322K(112960K) Class: 16391K(17600K)->16391K(17600K)
[145.109s][info][gc             ] GC(71) Pause Full (System.gc()) 1132M->71M(2048M) 53.791ms
[145.109s][info][gc,cpu         ] GC(71) User=0.19s Sys=0.00s Real=0.05s
[145.693s][info][gc,start       ] GC(72) Pause Young (Normal) (G1 Preventive Collection)
[145.693s][info][gc,task        ] GC(72) Using 6 workers of 6 for evacuation
[145.700s][info][gc             ] GC(72) To-space exhausted
[145.700s][info][gc,phases      ] GC(72)   Pre Evacuate Collection Set: 0.2ms
[145.700s][info][gc,phases      ] GC(72)   Merge Heap Roots: 0.2ms
[145.700s][info][gc,phases      ] GC(72)   Evacuate Collection Set: 4.3ms
[145.700s][info][gc,phases      ] GC(72)   Post Evacuate Collection Set: 1.8ms
[145.700s][info][gc,phases      ] GC(72)   Other: 0.3ms
[145.700s][info][gc,heap        ] GC(72) Eden regions: 1133->0(1200)
[145.700s][info][gc,heap        ] GC(72) Survivor regions: 0->28(28)
[145.700s][info][gc,heap        ] GC(72) Old regions: 69->94
[145.700s][info][gc,heap        ] GC(72) Archive regions: 0->0
[145.700s][info][gc,heap        ] GC(72) Humongous regions: 818->37
[145.700s][info][gc,metaspace   ] GC(72) Metaspace: 128727K(130560K)->128727K(130560K) NonClass: 112335K(112960K)->112335K(112960K) Class: 16391K(17600K)->16391K(17600K)
[145.700s][info][gc             ] GC(72) Pause Young (Normal) (G1 Preventive Collection) 2015M->154M(2048M) 6.816ms
[145.700s][info][gc,cpu         ] GC(72) User=0.00s Sys=0.00s Real=0.01s
[148.773s][info][gc,start       ] GC(73) Pause Young (Normal) (G1 Preventive Collection)
[148.773s][info][gc,task        ] GC(73) Using 6 workers of 6 for evacuation
[148.778s][info][gc,phases      ] GC(73)   Pre Evacuate Collection Set: 0.1ms
[148.778s][info][gc,phases      ] GC(73)   Merge Heap Roots: 0.1ms
[148.778s][info][gc,phases      ] GC(73)   Evacuate Collection Set: 4.0ms
[148.778s][info][gc,phases      ] GC(73)   Post Evacuate Collection Set: 1.0ms
[148.778s][info][gc,phases      ] GC(73)   Other: 0.2ms
[148.778s][info][gc,heap        ] GC(73) Eden regions: 1069->0(1202)
[148.778s][info][gc,heap        ] GC(73) Survivor regions: 28->26(33)
[148.778s][info][gc,heap        ] GC(73) Old regions: 94->94
[148.778s][info][gc,heap        ] GC(73) Archive regions: 0->0
[148.778s][info][gc,heap        ] GC(73) Humongous regions: 824->47
[148.778s][info][gc,metaspace   ] GC(73) Metaspace: 128739K(130560K)->128739K(130560K) NonClass: 112347K(112960K)->112347K(112960K) Class: 16391K(17600K)->16391K(17600K)
[148.778s][info][gc             ] GC(73) Pause Young (Normal) (G1 Preventive Collection) 2010M->162M(2048M) 5.623ms
[148.778s][info][gc,cpu         ] GC(73) User=0.00s Sys=0.00s Real=0.01s
[151.675s][info][gc,start       ] GC(74) Pause Full (System.gc())
[151.675s][info][gc,task        ] GC(74) Using 6 workers of 6 for full compaction
[151.675s][info][gc,phases,start] GC(74) Phase 1: Mark live objects
[151.692s][info][gc,phases      ] GC(74) Phase 1: Mark live objects 16.272ms
[151.692s][info][gc,phases,start] GC(74) Phase 2: Prepare for compaction
[151.695s][info][gc,phases      ] GC(74) Phase 2: Prepare for compaction 3.014ms
[151.695s][info][gc,phases,start] GC(74) Phase 3: Adjust pointers
[151.709s][info][gc,phases      ] GC(74) Phase 3: Adjust pointers 14.184ms
[151.709s][info][gc,phases,start] GC(74) Phase 4: Compact heap
[151.711s][info][gc,phases      ] GC(74) Phase 4: Compact heap 2.283ms
[151.727s][info][gc,heap        ] GC(74) Eden regions: 723->0(1228)
[151.727s][info][gc,heap        ] GC(74) Survivor regions: 26->0(33)
[151.727s][info][gc,heap        ] GC(74) Old regions: 94->68
[151.727s][info][gc,heap        ] GC(74) Archive regions: 0->0
[151.727s][info][gc,heap        ] GC(74) Humongous regions: 347->7
[151.727s][info][gc,metaspace   ] GC(74) Metaspace: 128801K(130624K)->128801K(130624K) NonClass: 112409K(113024K)->112409K(113024K) Class: 16391K(17600K)->16391K(17600K)
[151.727s][info][gc             ] GC(74) Pause Full (System.gc()) 1185M->72M(2048M) 51.734ms
[151.727s][info][gc,cpu         ] GC(74) User=0.08s Sys=0.02s Real=0.05s
[152.294s][info][gc,start       ] GC(75) Pause Young (Normal) (G1 Preventive Collection)
[152.294s][info][gc,task        ] GC(75) Using 6 workers of 6 for evacuation
[152.300s][info][gc             ] GC(75) To-space exhausted
[152.300s][info][gc,phases      ] GC(75)   Pre Evacuate Collection Set: 0.2ms
[152.300s][info][gc,phases      ] GC(75)   Merge Heap Roots: 0.2ms
[152.300s][info][gc,phases      ] GC(75)   Evacuate Collection Set: 4.6ms
[152.300s][info][gc,phases      ] GC(75)   Post Evacuate Collection Set: 1.1ms
[152.300s][info][gc,phases      ] GC(75)   Other: 0.3ms
[152.300s][info][gc,heap        ] GC(75) Eden regions: 1137->0(1198)
[152.300s][info][gc,heap        ] GC(75) Survivor regions: 0->30(30)
[152.300s][info][gc,heap        ] GC(75) Old regions: 68->71
[152.300s][info][gc,heap        ] GC(75) Archive regions: 0->0
[152.300s][info][gc,heap        ] GC(75) Humongous regions: 813->37
[152.300s][info][gc,metaspace   ] GC(75) Metaspace: 128874K(130688K)->128874K(130688K) NonClass: 112482K(113088K)->112482K(113088K) Class: 16391K(17600K)->16391K(17600K)
[152.300s][info][gc             ] GC(75) Pause Young (Normal) (G1 Preventive Collection) 2015M->135M(2048M) 6.371ms
[152.301s][info][gc,cpu         ] GC(75) User=0.09s Sys=0.00s Real=0.01s
[155.457s][info][gc,start       ] GC(76) Pause Young (Normal) (G1 Preventive Collection)
[155.457s][info][gc,task        ] GC(76) Using 6 workers of 6 for evacuation
[155.463s][info][gc,phases      ] GC(76)   Pre Evacuate Collection Set: 0.1ms
[155.463s][info][gc,phases      ] GC(76)   Merge Heap Roots: 0.1ms
[155.463s][info][gc,phases      ] GC(76)   Evacuate Collection Set: 5.1ms
[155.463s][info][gc,phases      ] GC(76)   Post Evacuate Collection Set: 1.1ms
[155.463s][info][gc,phases      ] GC(76)   Other: 0.2ms
[155.463s][info][gc,heap        ] GC(76) Eden regions: 1080->0(1196)
[155.463s][info][gc,heap        ] GC(76) Survivor regions: 30->32(33)
[155.463s][info][gc,heap        ] GC(76) Old regions: 71->71
[155.463s][info][gc,heap        ] GC(76) Archive regions: 0->0
[155.463s][info][gc,heap        ] GC(76) Humongous regions: 834->47
[155.463s][info][gc,metaspace   ] GC(76) Metaspace: 128881K(130688K)->128881K(130688K) NonClass: 112490K(113088K)->112490K(113088K) Class: 16391K(17600K)->16391K(17600K)
[155.463s][info][gc             ] GC(76) Pause Young (Normal) (G1 Preventive Collection) 2012M->146M(2048M) 6.839ms
[155.464s][info][gc,cpu         ] GC(76) User=0.00s Sys=0.00s Real=0.01s
[158.262s][info][gc,start       ] GC(77) Pause Full (System.gc())
[158.262s][info][gc,task        ] GC(77) Using 6 workers of 6 for full compaction
[158.262s][info][gc,phases,start] GC(77) Phase 1: Mark live objects
[158.281s][info][gc,phases      ] GC(77) Phase 1: Mark live objects 18.921ms
[158.281s][info][gc,phases,start] GC(77) Phase 2: Prepare for compaction
[158.285s][info][gc,phases      ] GC(77) Phase 2: Prepare for compaction 3.668ms
[158.285s][info][gc,phases,start] GC(77) Phase 3: Adjust pointers
[158.299s][info][gc,phases      ] GC(77) Phase 3: Adjust pointers 13.640ms
[158.299s][info][gc,phases,start] GC(77) Phase 4: Compact heap
[158.301s][info][gc,phases      ] GC(77) Phase 4: Compact heap 2.188ms
[158.316s][info][gc,heap        ] GC(77) Eden regions: 710->0(1228)
[158.316s][info][gc,heap        ] GC(77) Survivor regions: 32->0(33)
[158.316s][info][gc,heap        ] GC(77) Old regions: 71->68
[158.316s][info][gc,heap        ] GC(77) Archive regions: 0->0
[158.316s][info][gc,heap        ] GC(77) Humongous regions: 342->7
[158.316s][info][gc,metaspace   ] GC(77) Metaspace: 128905K(130752K)->128905K(130752K) NonClass: 112513K(113152K)->112513K(113152K) Class: 16391K(17600K)->16391K(17600K)
[158.316s][info][gc             ] GC(77) Pause Full (System.gc()) 1151M->72M(2048M) 54.465ms
[158.316s][info][gc,cpu         ] GC(77) User=0.22s Sys=0.00s Real=0.05s
[158.869s][info][gc,start       ] GC(78) Pause Young (Normal) (G1 Preventive Collection)
[158.869s][info][gc,task        ] GC(78) Using 6 workers of 6 for evacuation
[158.875s][info][gc             ] GC(78) To-space exhausted
[158.875s][info][gc,phases      ] GC(78)   Pre Evacuate Collection Set: 0.2ms
[158.875s][info][gc,phases      ] GC(78)   Merge Heap Roots: 0.2ms
[158.875s][info][gc,phases      ] GC(78)   Evacuate Collection Set: 4.2ms
[158.875s][info][gc,phases      ] GC(78)   Post Evacuate Collection Set: 1.1ms
[158.875s][info][gc,phases      ] GC(78)   Other: 0.4ms
[158.875s][info][gc,heap        ] GC(78) Eden regions: 1134->0(1200)
[158.875s][info][gc,heap        ] GC(78) Survivor regions: 0->28(28)
[158.875s][info][gc,heap        ] GC(78) Old regions: 68->80
[158.875s][info][gc,heap        ] GC(78) Archive regions: 0->0
[158.875s][info][gc,heap        ] GC(78) Humongous regions: 818->27
[158.875s][info][gc,metaspace   ] GC(78) Metaspace: 128942K(130752K)->128942K(130752K) NonClass: 112550K(113152K)->112550K(113152K) Class: 16391K(17600K)->16391K(17600K)
[158.875s][info][gc             ] GC(78) Pause Young (Normal) (G1 Preventive Collection) 2017M->132M(2048M) 6.017ms
[158.875s][info][gc,cpu         ] GC(78) User=0.00s Sys=0.00s Real=0.01s
[162.089s][info][gc,start       ] GC(79) Pause Young (Normal) (G1 Preventive Collection)
[162.089s][info][gc,task        ] GC(79) Using 6 workers of 6 for evacuation
[162.096s][info][gc             ] GC(79) To-space exhausted
[162.096s][info][gc,phases      ] GC(79)   Pre Evacuate Collection Set: 0.1ms
[162.096s][info][gc,phases      ] GC(79)   Merge Heap Roots: 0.1ms
[162.096s][info][gc,phases      ] GC(79)   Evacuate Collection Set: 5.5ms
[162.096s][info][gc,phases      ] GC(79)   Post Evacuate Collection Set: 1.2ms
[162.096s][info][gc,phases      ] GC(79)   Other: 0.3ms
[162.096s][info][gc,heap        ] GC(79) Eden regions: 1088->0(1195)
[162.096s][info][gc,heap        ] GC(79) Survivor regions: 28->33(33)
[162.096s][info][gc,heap        ] GC(79) Old regions: 80->84
[162.096s][info][gc,heap        ] GC(79) Archive regions: 0->0
[162.096s][info][gc,heap        ] GC(79) Humongous regions: 819->47
[162.096s][info][gc,metaspace   ] GC(79) Metaspace: 128942K(130752K)->128942K(130752K) NonClass: 112550K(113152K)->112550K(113152K) Class: 16391K(17600K)->16391K(17600K)
[162.096s][info][gc             ] GC(79) Pause Young (Normal) (G1 Preventive Collection) 2012M->161M(2048M) 7.323ms
[162.096s][info][gc,cpu         ] GC(79) User=0.09s Sys=0.00s Real=0.00s
[164.936s][info][gc,start       ] GC(80) Pause Full (System.gc())
[164.936s][info][gc,task        ] GC(80) Using 6 workers of 6 for full compaction
[164.936s][info][gc,phases,start] GC(80) Phase 1: Mark live objects
[164.954s][info][gc,phases      ] GC(80) Phase 1: Mark live objects 18.284ms
[164.954s][info][gc,phases,start] GC(80) Phase 2: Prepare for compaction
[164.957s][info][gc,phases      ] GC(80) Phase 2: Prepare for compaction 3.026ms
[164.957s][info][gc,phases,start] GC(80) Phase 3: Adjust pointers
[164.971s][info][gc,phases      ] GC(80) Phase 3: Adjust pointers 13.733ms
[164.971s][info][gc,phases,start] GC(80) Phase 4: Compact heap
[164.973s][info][gc,phases      ] GC(80) Phase 4: Compact heap 2.136ms
[164.989s][info][gc,heap        ] GC(80) Eden regions: 704->0(1228)
[164.990s][info][gc,heap        ] GC(80) Survivor regions: 33->0(33)
[164.990s][info][gc,heap        ] GC(80) Old regions: 84->69
[164.990s][info][gc,heap        ] GC(80) Archive regions: 0->0
[164.990s][info][gc,heap        ] GC(80) Humongous regions: 342->7
[164.990s][info][gc,metaspace   ] GC(80) Metaspace: 128962K(130752K)->128962K(130752K) NonClass: 112567K(113152K)->112567K(113152K) Class: 16395K(17600K)->16395K(17600K)
[164.990s][info][gc             ] GC(80) Pause Full (System.gc()) 1160M->72M(2048M) 53.864ms
[164.990s][info][gc,cpu         ] GC(80) User=0.19s Sys=0.02s Real=0.05s
[165.555s][info][gc,start       ] GC(81) Pause Young (Normal) (G1 Preventive Collection)
[165.556s][info][gc,task        ] GC(81) Using 6 workers of 6 for evacuation
[165.562s][info][gc,phases      ] GC(81)   Pre Evacuate Collection Set: 0.2ms
[165.562s][info][gc,phases      ] GC(81)   Merge Heap Roots: 0.2ms
[165.562s][info][gc,phases      ] GC(81)   Evacuate Collection Set: 4.7ms
[165.562s][info][gc,phases      ] GC(81)   Post Evacuate Collection Set: 1.2ms
[165.562s][info][gc,phases      ] GC(81)   Other: 0.2ms
[165.562s][info][gc,heap        ] GC(81) Eden regions: 1133->0(1197)
[165.562s][info][gc,heap        ] GC(81) Survivor regions: 0->31(33)
[165.562s][info][gc,heap        ] GC(81) Old regions: 69->69
[165.562s][info][gc,heap        ] GC(81) Archive regions: 0->0
[165.562s][info][gc,heap        ] GC(81) Humongous regions: 813->42
[165.562s][info][gc,metaspace   ] GC(81) Metaspace: 128991K(130816K)->128991K(130816K) NonClass: 112595K(113216K)->112595K(113216K) Class: 16396K(17600K)->16396K(17600K)
[165.562s][info][gc             ] GC(81) Pause Young (Normal) (G1 Preventive Collection) 2011M->137M(2048M) 6.596ms
[165.562s][info][gc,cpu         ] GC(81) User=0.00s Sys=0.00s Real=0.01s
[168.663s][info][gc,start       ] GC(82) Pause Young (Normal) (G1 Preventive Collection)
[168.663s][info][gc,task        ] GC(82) Using 6 workers of 6 for evacuation
[168.669s][info][gc,phases      ] GC(82)   Pre Evacuate Collection Set: 0.1ms
[168.669s][info][gc,phases      ] GC(82)   Merge Heap Roots: 0.1ms
[168.669s][info][gc,phases      ] GC(82)   Evacuate Collection Set: 4.5ms
[168.669s][info][gc,phases      ] GC(82)   Post Evacuate Collection Set: 1.0ms
[168.669s][info][gc,phases      ] GC(82)   Other: 0.2ms
[168.669s][info][gc,heap        ] GC(82) Eden regions: 1075->0(1199)
[168.669s][info][gc,heap        ] GC(82) Survivor regions: 31->29(34)
[168.669s][info][gc,heap        ] GC(82) Old regions: 69->69
[168.669s][info][gc,heap        ] GC(82) Archive regions: 0->0
[168.669s][info][gc,heap        ] GC(82) Humongous regions: 839->47
[168.669s][info][gc,metaspace   ] GC(82) Metaspace: 129005K(130880K)->129005K(130880K) NonClass: 112609K(113280K)->112609K(113280K) Class: 16396K(17600K)->16396K(17600K)
[168.669s][info][gc             ] GC(82) Pause Young (Normal) (G1 Preventive Collection) 2009M->140M(2048M) 6.067ms
[168.669s][info][gc,cpu         ] GC(82) User=0.00s Sys=0.00s Real=0.00s
[171.576s][info][gc,start       ] GC(83) Pause Full (System.gc())
[171.576s][info][gc,task        ] GC(83) Using 6 workers of 6 for full compaction
[171.576s][info][gc,phases,start] GC(83) Phase 1: Mark live objects
[171.594s][info][gc,phases      ] GC(83) Phase 1: Mark live objects 17.344ms
[171.594s][info][gc,phases,start] GC(83) Phase 2: Prepare for compaction
[171.597s][info][gc,phases      ] GC(83) Phase 2: Prepare for compaction 3.175ms
[171.597s][info][gc,phases,start] GC(83) Phase 3: Adjust pointers
[171.611s][info][gc,phases      ] GC(83) Phase 3: Adjust pointers 13.934ms
[171.611s][info][gc,phases,start] GC(83) Phase 4: Compact heap
[171.613s][info][gc,phases      ] GC(83) Phase 4: Compact heap 2.383ms
[171.630s][info][gc,heap        ] GC(83) Eden regions: 720->0(1228)
[171.630s][info][gc,heap        ] GC(83) Survivor regions: 29->0(34)
[171.630s][info][gc,heap        ] GC(83) Old regions: 69->69
[171.630s][info][gc,heap        ] GC(83) Archive regions: 0->0
[171.630s][info][gc,heap        ] GC(83) Humongous regions: 342->7
[171.630s][info][gc,metaspace   ] GC(83) Metaspace: 129031K(130880K)->129031K(130880K) NonClass: 112635K(113280K)->112635K(113280K) Class: 16396K(17600K)->16396K(17600K)
[171.630s][info][gc             ] GC(83) Pause Full (System.gc()) 1155M->72M(2048M) 53.668ms
[171.630s][info][gc,cpu         ] GC(83) User=0.12s Sys=0.02s Real=0.05s
[172.174s][info][gc,start       ] GC(84) Pause Young (Normal) (G1 Preventive Collection)
[172.174s][info][gc,task        ] GC(84) Using 6 workers of 6 for evacuation
[172.180s][info][gc,phases      ] GC(84)   Pre Evacuate Collection Set: 0.2ms
[172.180s][info][gc,phases      ] GC(84)   Merge Heap Roots: 0.2ms
[172.180s][info][gc,phases      ] GC(84)   Evacuate Collection Set: 4.6ms
[172.180s][info][gc,phases      ] GC(84)   Post Evacuate Collection Set: 1.0ms
[172.180s][info][gc,phases      ] GC(84)   Other: 0.2ms
[172.180s][info][gc,heap        ] GC(84) Eden regions: 1134->0(1198)
[172.180s][info][gc,heap        ] GC(84) Survivor regions: 0->30(32)
[172.180s][info][gc,heap        ] GC(84) Old regions: 69->69
[172.180s][info][gc,heap        ] GC(84) Archive regions: 0->0
[172.180s][info][gc,heap        ] GC(84) Humongous regions: 813->42
[172.180s][info][gc,metaspace   ] GC(84) Metaspace: 129042K(130880K)->129042K(130880K) NonClass: 112645K(113280K)->112645K(113280K) Class: 16396K(17600K)->16396K(17600K)
[172.180s][info][gc             ] GC(84) Pause Young (Normal) (G1 Preventive Collection) 2012M->137M(2048M) 6.193ms
[172.181s][info][gc,cpu         ] GC(84) User=0.00s Sys=0.00s Real=0.01s
[175.317s][info][gc,start       ] GC(85) Pause Young (Normal) (G1 Preventive Collection)
[175.317s][info][gc,task        ] GC(85) Using 6 workers of 6 for evacuation
[175.324s][info][gc,phases      ] GC(85)   Pre Evacuate Collection Set: 0.2ms
[175.324s][info][gc,phases      ] GC(85)   Merge Heap Roots: 0.2ms
[175.324s][info][gc,phases      ] GC(85)   Evacuate Collection Set: 4.6ms
[175.324s][info][gc,phases      ] GC(85)   Post Evacuate Collection Set: 1.1ms
[175.324s][info][gc,phases      ] GC(85)   Other: 0.2ms
[175.324s][info][gc,heap        ] GC(85) Eden regions: 1076->0(1199)
[175.324s][info][gc,heap        ] GC(85) Survivor regions: 30->29(34)
[175.324s][info][gc,heap        ] GC(85) Old regions: 69->69
[175.324s][info][gc,heap        ] GC(85) Archive regions: 0->0
[175.324s][info][gc,heap        ] GC(85) Humongous regions: 839->47
[175.324s][info][gc,metaspace   ] GC(85) Metaspace: 129043K(130880K)->129043K(130880K) NonClass: 112646K(113280K)->112646K(113280K) Class: 16396K(17600K)->16396K(17600K)
[175.324s][info][gc             ] GC(85) Pause Young (Normal) (G1 Preventive Collection) 2010M->141M(2048M) 6.436ms
[175.324s][info][gc,cpu         ] GC(85) User=0.00s Sys=0.00s Real=0.02s
[178.177s][info][gc,start       ] GC(86) Pause Full (System.gc())
[178.177s][info][gc,task        ] GC(86) Using 6 workers of 6 for full compaction
[178.178s][info][gc,phases,start] GC(86) Phase 1: Mark live objects
[178.197s][info][gc,phases      ] GC(86) Phase 1: Mark live objects 19.079ms
[178.197s][info][gc,phases,start] GC(86) Phase 2: Prepare for compaction
[178.201s][info][gc,phases      ] GC(86) Phase 2: Prepare for compaction 3.558ms
[178.201s][info][gc,phases,start] GC(86) Phase 3: Adjust pointers
[178.214s][info][gc,phases      ] GC(86) Phase 3: Adjust pointers 13.865ms
[178.215s][info][gc,phases,start] GC(86) Phase 4: Compact heap
[178.217s][info][gc,phases      ] GC(86) Phase 4: Compact heap 2.559ms
[178.233s][info][gc,heap        ] GC(86) Eden regions: 716->0(1228)
[178.233s][info][gc,heap        ] GC(86) Survivor regions: 29->0(34)
[178.233s][info][gc,heap        ] GC(86) Old regions: 69->69
[178.233s][info][gc,heap        ] GC(86) Archive regions: 0->0
[178.233s][info][gc,heap        ] GC(86) Humongous regions: 342->7
[178.233s][info][gc,metaspace   ] GC(86) Metaspace: 129058K(130880K)->129058K(130880K) NonClass: 112662K(113280K)->112662K(113280K) Class: 16396K(17600K)->16396K(17600K)
[178.233s][info][gc             ] GC(86) Pause Full (System.gc()) 1152M->73M(2048M) 55.941ms
[178.233s][info][gc,cpu         ] GC(86) User=0.25s Sys=0.03s Real=0.05s
[178.806s][info][gc,start       ] GC(87) Pause Young (Normal) (G1 Preventive Collection)
[178.806s][info][gc,task        ] GC(87) Using 6 workers of 6 for evacuation
[178.811s][info][gc             ] GC(87) To-space exhausted
[178.812s][info][gc,phases      ] GC(87)   Pre Evacuate Collection Set: 0.2ms
[178.812s][info][gc,phases      ] GC(87)   Merge Heap Roots: 0.2ms
[178.812s][info][gc,phases      ] GC(87)   Evacuate Collection Set: 4.2ms
[178.812s][info][gc,phases      ] GC(87)   Post Evacuate Collection Set: 1.3ms
[178.812s][info][gc,phases      ] GC(87)   Other: 0.3ms
[178.812s][info][gc,heap        ] GC(87) Eden regions: 1134->0(1201)
[178.812s][info][gc,heap        ] GC(87) Survivor regions: 0->27(27)
[178.812s][info][gc,heap        ] GC(87) Old regions: 69->92
[178.812s][info][gc,heap        ] GC(87) Archive regions: 0->0
[178.812s][info][gc,heap        ] GC(87) Humongous regions: 818->32
[178.812s][info][gc,metaspace   ] GC(87) Metaspace: 129082K(130944K)->129082K(130944K) NonClass: 112686K(113344K)->112686K(113344K) Class: 16396K(17600K)->16396K(17600K)
[178.812s][info][gc             ] GC(87) Pause Young (Normal) (G1 Preventive Collection) 2018M->148M(2048M) 6.131ms
[178.812s][info][gc,cpu         ] GC(87) User=0.00s Sys=0.00s Real=0.00s
[181.892s][info][gc,start       ] GC(88) Pause Young (Normal) (G1 Preventive Collection)
[181.892s][info][gc,task        ] GC(88) Using 6 workers of 6 for evacuation
[181.897s][info][gc,phases      ] GC(88)   Pre Evacuate Collection Set: 0.1ms
[181.897s][info][gc,phases      ] GC(88)   Merge Heap Roots: 0.1ms
[181.897s][info][gc,phases      ] GC(88)   Evacuate Collection Set: 4.3ms
[181.897s][info][gc,phases      ] GC(88)   Post Evacuate Collection Set: 1.0ms
[181.897s][info][gc,phases      ] GC(88)   Other: 0.2ms
[181.897s][info][gc,heap        ] GC(88) Eden regions: 1073->0(1202)
[181.897s][info][gc,heap        ] GC(88) Survivor regions: 27->26(32)
[181.897s][info][gc,heap        ] GC(88) Old regions: 92->92
[181.897s][info][gc,heap        ] GC(88) Archive regions: 0->0
[181.897s][info][gc,heap        ] GC(88) Humongous regions: 824->47
[181.897s][info][gc,metaspace   ] GC(88) Metaspace: 129084K(130944K)->129084K(130944K) NonClass: 112687K(113344K)->112687K(113344K) Class: 16396K(17600K)->16396K(17600K)
[181.898s][info][gc             ] GC(88) Pause Young (Normal) (G1 Preventive Collection) 2013M->161M(2048M) 5.931ms
[181.898s][info][gc,cpu         ] GC(88) User=0.00s Sys=0.00s Real=0.01s
[184.746s][info][gc,start       ] GC(89) Pause Full (System.gc())
[184.746s][info][gc,task        ] GC(89) Using 6 workers of 6 for full compaction
[184.746s][info][gc,phases,start] GC(89) Phase 1: Mark live objects
[184.765s][info][gc,phases      ] GC(89) Phase 1: Mark live objects 18.373ms
[184.765s][info][gc,phases,start] GC(89) Phase 2: Prepare for compaction
[184.768s][info][gc,phases      ] GC(89) Phase 2: Prepare for compaction 3.209ms
[184.768s][info][gc,phases,start] GC(89) Phase 3: Adjust pointers
[184.783s][info][gc,phases      ] GC(89) Phase 3: Adjust pointers 14.515ms
[184.783s][info][gc,phases,start] GC(89) Phase 4: Compact heap
[184.785s][info][gc,phases      ] GC(89) Phase 4: Compact heap 2.508ms
[184.801s][info][gc,heap        ] GC(89) Eden regions: 718->0(1228)
[184.801s][info][gc,heap        ] GC(89) Survivor regions: 26->0(32)
[184.801s][info][gc,heap        ] GC(89) Old regions: 92->68
[184.802s][info][gc,heap        ] GC(89) Archive regions: 0->0
[184.802s][info][gc,heap        ] GC(89) Humongous regions: 342->7
[184.802s][info][gc,metaspace   ] GC(89) Metaspace: 129088K(130944K)->129088K(130944K) NonClass: 112692K(113344K)->112692K(113344K) Class: 16396K(17600K)->16396K(17600K)
[184.802s][info][gc             ] GC(89) Pause Full (System.gc()) 1173M->73M(2048M) 55.717ms
[184.802s][info][gc,cpu         ] GC(89) User=0.22s Sys=0.00s Real=0.05s
[185.346s][info][gc,start       ] GC(90) Pause Young (Normal) (G1 Preventive Collection)
[185.346s][info][gc,task        ] GC(90) Using 6 workers of 6 for evacuation
[185.352s][info][gc             ] GC(90) To-space exhausted
[185.352s][info][gc,phases      ] GC(90)   Pre Evacuate Collection Set: 0.2ms
[185.352s][info][gc,phases      ] GC(90)   Merge Heap Roots: 0.2ms
[185.352s][info][gc,phases      ] GC(90)   Evacuate Collection Set: 4.3ms
[185.352s][info][gc,phases      ] GC(90)   Post Evacuate Collection Set: 1.4ms
[185.352s][info][gc,phases      ] GC(90)   Other: 0.4ms
[185.352s][info][gc,heap        ] GC(90) Eden regions: 1138->0(1199)
[185.352s][info][gc,heap        ] GC(90) Survivor regions: 0->29(29)
[185.352s][info][gc,heap        ] GC(90) Old regions: 68->78
[185.352s][info][gc,heap        ] GC(90) Archive regions: 0->0
[185.352s][info][gc,heap        ] GC(90) Humongous regions: 813->32
[185.352s][info][gc,metaspace   ] GC(90) Metaspace: 129123K(130944K)->129123K(130944K) NonClass: 112727K(113344K)->112727K(113344K) Class: 16396K(17600K)->16396K(17600K)
[185.352s][info][gc             ] GC(90) Pause Young (Normal) (G1 Preventive Collection) 2017M->137M(2048M) 6.358ms
[185.352s][info][gc,cpu         ] GC(90) User=0.00s Sys=0.00s Real=0.01s
[188.508s][info][gc,start       ] GC(91) Pause Young (Normal) (G1 Preventive Collection)
[188.508s][info][gc,task        ] GC(91) Using 6 workers of 6 for evacuation
[188.516s][info][gc             ] GC(91) To-space exhausted
[188.516s][info][gc,phases      ] GC(91)   Pre Evacuate Collection Set: 0.2ms
[188.516s][info][gc,phases      ] GC(91)   Merge Heap Roots: 0.2ms
[188.516s][info][gc,phases      ] GC(91)   Evacuate Collection Set: 5.1ms
[188.516s][info][gc,phases      ] GC(91)   Post Evacuate Collection Set: 2.2ms
[188.516s][info][gc,phases      ] GC(91)   Other: 0.3ms
[188.516s][info][gc,heap        ] GC(91) Eden regions: 1080->0(1196)
[188.516s][info][gc,heap        ] GC(91) Survivor regions: 29->32(32)
[188.516s][info][gc,heap        ] GC(91) Old regions: 78->86
[188.516s][info][gc,heap        ] GC(91) Archive regions: 0->0
[188.516s][info][gc,heap        ] GC(91) Humongous regions: 829->47
[188.516s][info][gc,metaspace   ] GC(91) Metaspace: 129136K(130944K)->129136K(130944K) NonClass: 112740K(113344K)->112740K(113344K) Class: 16396K(17600K)->16396K(17600K)
[188.516s][info][gc             ] GC(91) Pause Young (Normal) (G1 Preventive Collection) 2014M->163M(2048M) 8.012ms
[188.516s][info][gc,cpu         ] GC(91) User=0.00s Sys=0.00s Real=0.01s
[191.296s][info][gc,start       ] GC(92) Pause Full (System.gc())
[191.296s][info][gc,task        ] GC(92) Using 6 workers of 6 for full compaction
[191.297s][info][gc,phases,start] GC(92) Phase 1: Mark live objects
[191.315s][info][gc,phases      ] GC(92) Phase 1: Mark live objects 17.911ms
[191.315s][info][gc,phases,start] GC(92) Phase 2: Prepare for compaction
[191.318s][info][gc,phases      ] GC(92) Phase 2: Prepare for compaction 2.997ms
[191.318s][info][gc,phases,start] GC(92) Phase 3: Adjust pointers
[191.332s][info][gc,phases      ] GC(92) Phase 3: Adjust pointers 13.971ms
[191.332s][info][gc,phases,start] GC(92) Phase 4: Compact heap
[191.334s][info][gc,phases      ] GC(92) Phase 4: Compact heap 2.223ms
[191.351s][info][gc,heap        ] GC(92) Eden regions: 706->0(1228)
[191.351s][info][gc,heap        ] GC(92) Survivor regions: 32->0(32)
[191.351s][info][gc,heap        ] GC(92) Old regions: 86->70
[191.351s][info][gc,heap        ] GC(92) Archive regions: 0->0
[191.351s][info][gc,heap        ] GC(92) Humongous regions: 342->7
[191.351s][info][gc,metaspace   ] GC(92) Metaspace: 129163K(131008K)->129163K(131008K) NonClass: 112767K(113408K)->112767K(113408K) Class: 16396K(17600K)->16396K(17600K)
[191.351s][info][gc             ] GC(92) Pause Full (System.gc()) 1163M->73M(2048M) 54.785ms
[191.351s][info][gc,cpu         ] GC(92) User=0.22s Sys=0.00s Real=0.05s
[191.894s][info][gc,start       ] GC(93) Pause Young (Normal) (G1 Preventive Collection)
[191.894s][info][gc,task        ] GC(93) Using 6 workers of 6 for evacuation
[191.900s][info][gc             ] GC(93) To-space exhausted
[191.900s][info][gc,phases      ] GC(93)   Pre Evacuate Collection Set: 0.2ms
[191.900s][info][gc,phases      ] GC(93)   Merge Heap Roots: 0.2ms
[191.900s][info][gc,phases      ] GC(93)   Evacuate Collection Set: 4.3ms
[191.900s][info][gc,phases      ] GC(93)   Post Evacuate Collection Set: 1.0ms
[191.900s][info][gc,phases      ] GC(93)   Other: 0.3ms
[191.900s][info][gc,heap        ] GC(93) Eden regions: 1136->0(1199)
[191.900s][info][gc,heap        ] GC(93) Survivor regions: 0->29(29)
[191.900s][info][gc,heap        ] GC(93) Old regions: 70->80
[191.900s][info][gc,heap        ] GC(93) Archive regions: 0->0
[191.900s][info][gc,heap        ] GC(93) Humongous regions: 813->32
[191.900s][info][gc,metaspace   ] GC(93) Metaspace: 129166K(131008K)->129166K(131008K) NonClass: 112770K(113408K)->112770K(113408K) Class: 16396K(17600K)->16396K(17600K)
[191.900s][info][gc             ] GC(93) Pause Young (Normal) (G1 Preventive Collection) 2015M->137M(2048M) 6.029ms
[191.900s][info][gc,cpu         ] GC(93) User=0.00s Sys=0.00s Real=0.01s
[194.994s][info][gc,start       ] GC(94) Pause Young (Normal) (G1 Preventive Collection)
[194.994s][info][gc,task        ] GC(94) Using 6 workers of 6 for evacuation
[194.999s][info][gc,phases      ] GC(94)   Pre Evacuate Collection Set: 0.1ms
[194.999s][info][gc,phases      ] GC(94)   Merge Heap Roots: 0.1ms
[194.999s][info][gc,phases      ] GC(94)   Evacuate Collection Set: 4.2ms
[194.999s][info][gc,phases      ] GC(94)   Post Evacuate Collection Set: 1.1ms
[194.999s][info][gc,phases      ] GC(94)   Other: 0.2ms
[195.000s][info][gc,heap        ] GC(94) Eden regions: 1076->0(1200)
[195.000s][info][gc,heap        ] GC(94) Survivor regions: 29->28(34)
[195.000s][info][gc,heap        ] GC(94) Old regions: 80->80
[195.000s][info][gc,heap        ] GC(94) Archive regions: 0->0
[195.000s][info][gc,heap        ] GC(94) Humongous regions: 829->47
[195.000s][info][gc,metaspace   ] GC(94) Metaspace: 129166K(131008K)->129166K(131008K) NonClass: 112770K(113408K)->112770K(113408K) Class: 16396K(17600K)->16396K(17600K)
[195.000s][info][gc             ] GC(94) Pause Young (Normal) (G1 Preventive Collection) 2010M->150M(2048M) 5.924ms
[195.000s][info][gc,cpu         ] GC(94) User=0.00s Sys=0.00s Real=0.01s
[197.779s][info][gc,start       ] GC(95) Pause Full (System.gc())
[197.779s][info][gc,task        ] GC(95) Using 6 workers of 6 for full compaction
[197.779s][info][gc,phases,start] GC(95) Phase 1: Mark live objects
[197.798s][info][gc,phases      ] GC(95) Phase 1: Mark live objects 19.175ms
[197.798s][info][gc,phases,start] GC(95) Phase 2: Prepare for compaction
[197.802s][info][gc,phases      ] GC(95) Phase 2: Prepare for compaction 3.407ms
[197.802s][info][gc,phases,start] GC(95) Phase 3: Adjust pointers
[197.816s][info][gc,phases      ] GC(95) Phase 3: Adjust pointers 13.930ms
[197.816s][info][gc,phases,start] GC(95) Phase 4: Compact heap
[197.818s][info][gc,phases      ] GC(95) Phase 4: Compact heap 2.438ms
[197.834s][info][gc,heap        ] GC(95) Eden regions: 716->0(1228)
[197.834s][info][gc,heap        ] GC(95) Survivor regions: 28->0(34)
[197.834s][info][gc,heap        ] GC(95) Old regions: 80->69
[197.834s][info][gc,heap        ] GC(95) Archive regions: 0->0
[197.834s][info][gc,heap        ] GC(95) Humongous regions: 342->7
[197.834s][info][gc,metaspace   ] GC(95) Metaspace: 129362K(131200K)->129362K(131200K) NonClass: 112965K(113600K)->112965K(113600K) Class: 16396K(17600K)->16396K(17600K)
[197.834s][info][gc             ] GC(95) Pause Full (System.gc()) 1160M->73M(2048M) 55.591ms
[197.834s][info][gc,cpu         ] GC(95) User=0.20s Sys=0.00s Real=0.05s
[198.372s][info][gc,start       ] GC(96) Pause Young (Normal) (G1 Preventive Collection)
[198.372s][info][gc,task        ] GC(96) Using 6 workers of 6 for evacuation
[198.379s][info][gc             ] GC(96) To-space exhausted
[198.379s][info][gc,phases      ] GC(96)   Pre Evacuate Collection Set: 0.2ms
[198.379s][info][gc,phases      ] GC(96)   Merge Heap Roots: 0.2ms
[198.379s][info][gc,phases      ] GC(96)   Evacuate Collection Set: 4.3ms
[198.379s][info][gc,phases      ] GC(96)   Post Evacuate Collection Set: 1.5ms
[198.379s][info][gc,phases      ] GC(96)   Other: 0.3ms
[198.379s][info][gc,heap        ] GC(96) Eden regions: 1133->0(1200)
[198.379s][info][gc,heap        ] GC(96) Survivor regions: 0->28(28)
[198.379s][info][gc,heap        ] GC(96) Old regions: 69->92
[198.379s][info][gc,heap        ] GC(96) Archive regions: 0->0
[198.379s][info][gc,heap        ] GC(96) Humongous regions: 818->37
[198.379s][info][gc,metaspace   ] GC(96) Metaspace: 129397K(131200K)->129397K(131200K) NonClass: 113001K(113600K)->113001K(113600K) Class: 16396K(17600K)->16396K(17600K)
[198.379s][info][gc             ] GC(96) Pause Young (Normal) (G1 Preventive Collection) 2017M->154M(2048M) 6.562ms
[198.379s][info][gc,cpu         ] GC(96) User=0.09s Sys=0.00s Real=0.01s
[201.422s][info][gc,start       ] GC(97) Pause Young (Normal) (G1 Preventive Collection)
[201.422s][info][gc,task        ] GC(97) Using 6 workers of 6 for evacuation
[201.428s][info][gc,phases      ] GC(97)   Pre Evacuate Collection Set: 0.1ms
[201.428s][info][gc,phases      ] GC(97)   Merge Heap Roots: 0.1ms
[201.428s][info][gc,phases      ] GC(97)   Evacuate Collection Set: 4.1ms
[201.428s][info][gc,phases      ] GC(97)   Post Evacuate Collection Set: 1.0ms
[201.428s][info][gc,phases      ] GC(97)   Other: 0.2ms
[201.428s][info][gc,heap        ] GC(97) Eden regions: 1068->0(1202)
[201.428s][info][gc,heap        ] GC(97) Survivor regions: 28->26(36)
[201.428s][info][gc,heap        ] GC(97) Old regions: 92->92
[201.428s][info][gc,heap        ] GC(97) Archive regions: 0->0
[201.428s][info][gc,heap        ] GC(97) Humongous regions: 824->47
[201.428s][info][gc,metaspace   ] GC(97) Metaspace: 129399K(131200K)->129399K(131200K) NonClass: 113003K(113600K)->113003K(113600K) Class: 16396K(17600K)->16396K(17600K)
[201.428s][info][gc             ] GC(97) Pause Young (Normal) (G1 Preventive Collection) 2009M->162M(2048M) 5.697ms
[201.428s][info][gc,cpu         ] GC(97) User=0.00s Sys=0.00s Real=0.01s
[204.297s][info][gc,start       ] GC(98) Pause Full (System.gc())
[204.297s][info][gc,task        ] GC(98) Using 6 workers of 6 for full compaction
[204.297s][info][gc,phases,start] GC(98) Phase 1: Mark live objects
[204.315s][info][gc,phases      ] GC(98) Phase 1: Mark live objects 17.830ms
[204.315s][info][gc,phases,start] GC(98) Phase 2: Prepare for compaction
[204.318s][info][gc,phases      ] GC(98) Phase 2: Prepare for compaction 3.099ms
[204.318s][info][gc,phases,start] GC(98) Phase 3: Adjust pointers
[204.332s][info][gc,phases      ] GC(98) Phase 3: Adjust pointers 14.104ms
[204.332s][info][gc,phases,start] GC(98) Phase 4: Compact heap
[204.335s][info][gc,phases      ] GC(98) Phase 4: Compact heap 2.378ms
[204.351s][info][gc,heap        ] GC(98) Eden regions: 724->0(1228)
[204.351s][info][gc,heap        ] GC(98) Survivor regions: 26->0(36)
[204.351s][info][gc,heap        ] GC(98) Old regions: 92->70
[204.351s][info][gc,heap        ] GC(98) Archive regions: 0->0
[204.351s][info][gc,heap        ] GC(98) Humongous regions: 347->7
[204.351s][info][gc,metaspace   ] GC(98) Metaspace: 129432K(131264K)->129432K(131264K) NonClass: 113036K(113664K)->113036K(113664K) Class: 16396K(17600K)->16396K(17600K)
[204.351s][info][gc             ] GC(98) Pause Full (System.gc()) 1186M->73M(2048M) 54.056ms
[204.351s][info][gc,cpu         ] GC(98) User=0.16s Sys=0.00s Real=0.05s
[204.918s][info][gc,start       ] GC(99) Pause Young (Normal) (G1 Preventive Collection)
[204.918s][info][gc,task        ] GC(99) Using 6 workers of 6 for evacuation
[204.924s][info][gc             ] GC(99) To-space exhausted
[204.924s][info][gc,phases      ] GC(99)   Pre Evacuate Collection Set: 0.2ms
[204.924s][info][gc,phases      ] GC(99)   Merge Heap Roots: 0.2ms
[204.924s][info][gc,phases      ] GC(99)   Evacuate Collection Set: 4.4ms
[204.924s][info][gc,phases      ] GC(99)   Post Evacuate Collection Set: 1.3ms
[204.924s][info][gc,phases      ] GC(99)   Other: 0.4ms
[204.924s][info][gc,heap        ] GC(99) Eden regions: 1135->0(1198)
[204.924s][info][gc,heap        ] GC(99) Survivor regions: 0->30(30)
[204.924s][info][gc,heap        ] GC(99) Old regions: 70->73
[204.924s][info][gc,heap        ] GC(99) Archive regions: 0->0
[204.924s][info][gc,heap        ] GC(99) Humongous regions: 813->37
[204.924s][info][gc,metaspace   ] GC(99) Metaspace: 129476K(131328K)->129476K(131328K) NonClass: 113080K(113728K)->113080K(113728K) Class: 16396K(17600K)->16396K(17600K)
[204.924s][info][gc             ] GC(99) Pause Young (Normal) (G1 Preventive Collection) 2014M->136M(2048M) 6.438ms
[204.925s][info][gc,cpu         ] GC(99) User=0.09s Sys=0.00s Real=0.01s
[208.218s][info][gc,start       ] GC(100) Pause Young (Normal) (G1 Preventive Collection)
[208.218s][info][gc,task        ] GC(100) Using 6 workers of 6 for evacuation
[208.224s][info][gc,phases      ] GC(100)   Pre Evacuate Collection Set: 0.2ms
[208.224s][info][gc,phases      ] GC(100)   Merge Heap Roots: 0.1ms
[208.224s][info][gc,phases      ] GC(100)   Evacuate Collection Set: 4.8ms
[208.224s][info][gc,phases      ] GC(100)   Post Evacuate Collection Set: 1.0ms
[208.224s][info][gc,phases      ] GC(100)   Other: 0.3ms
[208.224s][info][gc,heap        ] GC(100) Eden regions: 1078->0(1198)
[208.224s][info][gc,heap        ] GC(100) Survivor regions: 30->30(33)
[208.224s][info][gc,heap        ] GC(100) Old regions: 73->73
[208.224s][info][gc,heap        ] GC(100) Archive regions: 0->0
[208.224s][info][gc,heap        ] GC(100) Humongous regions: 834->47
[208.224s][info][gc,metaspace   ] GC(100) Metaspace: 129479K(131328K)->129479K(131328K) NonClass: 113083K(113728K)->113083K(113728K) Class: 16396K(17600K)->16396K(17600K)
[208.224s][info][gc             ] GC(100) Pause Young (Normal) (G1 Preventive Collection) 2011M->146M(2048M) 6.530ms
[208.224s][info][gc,cpu         ] GC(100) User=0.09s Sys=0.00s Real=0.01s
[211.022s][info][gc,start       ] GC(101) Pause Full (System.gc())
[211.022s][info][gc,task        ] GC(101) Using 6 workers of 6 for full compaction
[211.022s][info][gc,phases,start] GC(101) Phase 1: Mark live objects
[211.040s][info][gc,phases      ] GC(101) Phase 1: Mark live objects 18.156ms
[211.040s][info][gc,phases,start] GC(101) Phase 2: Prepare for compaction
[211.044s][info][gc,phases      ] GC(101) Phase 2: Prepare for compaction 3.433ms
[211.044s][info][gc,phases,start] GC(101) Phase 3: Adjust pointers
[211.058s][info][gc,phases      ] GC(101) Phase 3: Adjust pointers 13.697ms
[211.058s][info][gc,phases,start] GC(101) Phase 4: Compact heap
[211.060s][info][gc,phases      ] GC(101) Phase 4: Compact heap 2.151ms
[211.076s][info][gc,heap        ] GC(101) Eden regions: 712->0(1228)
[211.076s][info][gc,heap        ] GC(101) Survivor regions: 30->0(33)
[211.076s][info][gc,heap        ] GC(101) Old regions: 73->70
[211.076s][info][gc,heap        ] GC(101) Archive regions: 0->0
[211.076s][info][gc,heap        ] GC(101) Humongous regions: 342->7
[211.076s][info][gc,metaspace   ] GC(101) Metaspace: 129489K(131328K)->129489K(131328K) NonClass: 113093K(113728K)->113093K(113728K) Class: 16396K(17600K)->16396K(17600K)
[211.076s][info][gc             ] GC(101) Pause Full (System.gc()) 1153M->74M(2048M) 54.237ms
[211.076s][info][gc,cpu         ] GC(101) User=0.28s Sys=0.00s Real=0.06s
[211.637s][info][gc,start       ] GC(102) Pause Young (Normal) (G1 Preventive Collection)
[211.637s][info][gc,task        ] GC(102) Using 6 workers of 6 for evacuation
[211.643s][info][gc             ] GC(102) To-space exhausted
[211.643s][info][gc,phases      ] GC(102)   Pre Evacuate Collection Set: 0.2ms
[211.643s][info][gc,phases      ] GC(102)   Merge Heap Roots: 0.2ms
[211.643s][info][gc,phases      ] GC(102)   Evacuate Collection Set: 4.3ms
[211.643s][info][gc,phases      ] GC(102)   Post Evacuate Collection Set: 1.4ms
[211.643s][info][gc,phases      ] GC(102)   Other: 0.3ms
[211.643s][info][gc,heap        ] GC(102) Eden regions: 1133->0(1201)
[211.643s][info][gc,heap        ] GC(102) Survivor regions: 0->27(27)
[211.643s][info][gc,heap        ] GC(102) Old regions: 70->102
[211.643s][info][gc,heap        ] GC(102) Archive regions: 0->0
[211.643s][info][gc,heap        ] GC(102) Humongous regions: 818->42
[211.643s][info][gc,metaspace   ] GC(102) Metaspace: 129498K(131328K)->129498K(131328K) NonClass: 113102K(113728K)->113102K(113728K) Class: 16396K(17600K)->16396K(17600K)
[211.643s][info][gc             ] GC(102) Pause Young (Normal) (G1 Preventive Collection) 2018M->168M(2048M) 6.498ms
[211.643s][info][gc,cpu         ] GC(102) User=0.09s Sys=0.00s Real=0.00s
[214.640s][info][gc,start       ] GC(103) Pause Young (Concurrent Start) (G1 Humongous Allocation)
[214.640s][info][gc,task        ] GC(103) Using 6 workers of 6 for evacuation
[214.647s][info][gc,phases      ] GC(103)   Pre Evacuate Collection Set: 0.2ms
[214.647s][info][gc,phases      ] GC(103)   Merge Heap Roots: 0.1ms
[214.647s][info][gc,phases      ] GC(103)   Evacuate Collection Set: 5.1ms
[214.647s][info][gc,phases      ] GC(103)   Post Evacuate Collection Set: 1.2ms
[214.647s][info][gc,phases      ] GC(103)   Other: 0.3ms
[214.647s][info][gc,heap        ] GC(103) Eden regions: 1063->0(1198)
[214.647s][info][gc,heap        ] GC(103) Survivor regions: 27->30(37)
[214.647s][info][gc,heap        ] GC(103) Old regions: 102->102
[214.647s][info][gc,heap        ] GC(103) Archive regions: 0->0
[214.647s][info][gc,heap        ] GC(103) Humongous regions: 819->47
[214.647s][info][gc,metaspace   ] GC(103) Metaspace: 129499K(131328K)->129499K(131328K) NonClass: 113103K(113728K)->113103K(113728K) Class: 16396K(17600K)->16396K(17600K)
[214.647s][info][gc             ] GC(103) Pause Young (Concurrent Start) (G1 Humongous Allocation) 2007M->175M(2048M) 7.042ms
[214.647s][info][gc,cpu         ] GC(103) User=0.02s Sys=0.00s Real=0.01s
[214.648s][info][gc             ] GC(104) Concurrent Undo Cycle
[214.648s][info][gc,marking     ] GC(104) Concurrent Cleanup for Next Mark
[214.651s][info][gc,marking     ] GC(104) Concurrent Cleanup for Next Mark 3.765ms
[214.651s][info][gc             ] GC(104) Concurrent Undo Cycle 3.926ms
[217.578s][info][gc,start       ] GC(105) Pause Full (System.gc())
[217.578s][info][gc,task        ] GC(105) Using 6 workers of 6 for full compaction
[217.579s][info][gc,phases,start] GC(105) Phase 1: Mark live objects
[217.597s][info][gc,phases      ] GC(105) Phase 1: Mark live objects 18.192ms
[217.597s][info][gc,phases,start] GC(105) Phase 2: Prepare for compaction
[217.600s][info][gc,phases      ] GC(105) Phase 2: Prepare for compaction 3.295ms
[217.600s][info][gc,phases,start] GC(105) Phase 3: Adjust pointers
[217.614s][info][gc,phases      ] GC(105) Phase 3: Adjust pointers 14.015ms
[217.614s][info][gc,phases,start] GC(105) Phase 4: Compact heap
[217.617s][info][gc,phases      ] GC(105) Phase 4: Compact heap 2.454ms
[217.633s][info][gc,heap        ] GC(105) Eden regions: 729->0(1228)
[217.633s][info][gc,heap        ] GC(105) Survivor regions: 30->0(37)
[217.633s][info][gc,heap        ] GC(105) Old regions: 102->71
[217.633s][info][gc,heap        ] GC(105) Archive regions: 0->0
[217.633s][info][gc,heap        ] GC(105) Humongous regions: 357->7
[217.633s][info][gc,metaspace   ] GC(105) Metaspace: 129523K(131328K)->129523K(131328K) NonClass: 113127K(113728K)->113127K(113728K) Class: 16396K(17600K)->16396K(17600K)
[217.633s][info][gc             ] GC(105) Pause Full (System.gc()) 1214M->74M(2048M) 54.915ms
[217.633s][info][gc,cpu         ] GC(105) User=0.12s Sys=0.02s Real=0.05s
[218.149s][info][gc,start       ] GC(106) Pause Young (Normal) (G1 Preventive Collection)
[218.149s][info][gc,task        ] GC(106) Using 6 workers of 6 for evacuation
[218.155s][info][gc             ] GC(106) To-space exhausted
[218.155s][info][gc,phases      ] GC(106)   Pre Evacuate Collection Set: 0.2ms
[218.155s][info][gc,phases      ] GC(106)   Merge Heap Roots: 0.2ms
[218.155s][info][gc,phases      ] GC(106)   Evacuate Collection Set: 4.3ms
[218.155s][info][gc,phases      ] GC(106)   Post Evacuate Collection Set: 1.1ms
[218.155s][info][gc,phases      ] GC(106)   Other: 0.5ms
[218.155s][info][gc,heap        ] GC(106) Eden regions: 1131->0(1200)
[218.155s][info][gc,heap        ] GC(106) Survivor regions: 0->28(28)
[218.155s][info][gc,heap        ] GC(106) Old regions: 71->86
[218.155s][info][gc,heap        ] GC(106) Archive regions: 0->0
[218.155s][info][gc,heap        ] GC(106) Humongous regions: 818->42
[218.155s][info][gc,metaspace   ] GC(106) Metaspace: 129540K(131328K)->129540K(131328K) NonClass: 113144K(113728K)->113144K(113728K) Class: 16396K(17600K)->16396K(17600K)
[218.155s][info][gc             ] GC(106) Pause Young (Normal) (G1 Preventive Collection) 2016M->152M(2048M) 6.253ms
[218.155s][info][gc,cpu         ] GC(106) User=0.00s Sys=0.00s Real=0.01s
[221.191s][info][gc,start       ] GC(107) Pause Young (Normal) (G1 Preventive Collection)
[221.191s][info][gc,task        ] GC(107) Using 6 workers of 6 for evacuation
[221.197s][info][gc,phases      ] GC(107)   Pre Evacuate Collection Set: 0.1ms
[221.197s][info][gc,phases      ] GC(107)   Merge Heap Roots: 0.1ms
[221.197s][info][gc,phases      ] GC(107)   Evacuate Collection Set: 4.0ms
[221.197s][info][gc,phases      ] GC(107)   Post Evacuate Collection Set: 1.0ms
[221.197s][info][gc,phases      ] GC(107)   Other: 0.2ms
[221.197s][info][gc,heap        ] GC(107) Eden regions: 1072->0(1202)
[221.197s][info][gc,heap        ] GC(107) Survivor regions: 28->26(33)
[221.197s][info][gc,heap        ] GC(107) Old regions: 86->86
[221.197s][info][gc,heap        ] GC(107) Archive regions: 0->0
[221.197s][info][gc,heap        ] GC(107) Humongous regions: 829->47
[221.197s][info][gc,metaspace   ] GC(107) Metaspace: 129540K(131328K)->129540K(131328K) NonClass: 113144K(113728K)->113144K(113728K) Class: 16396K(17600K)->16396K(17600K)
[221.197s][info][gc             ] GC(107) Pause Young (Normal) (G1 Preventive Collection) 2011M->154M(2048M) 5.562ms
[221.197s][info][gc,cpu         ] GC(107) User=0.00s Sys=0.00s Real=0.00s
[224.053s][info][gc,start       ] GC(108) Pause Full (System.gc())
[224.053s][info][gc,task        ] GC(108) Using 6 workers of 6 for full compaction
[224.054s][info][gc,phases,start] GC(108) Phase 1: Mark live objects
[224.072s][info][gc,phases      ] GC(108) Phase 1: Mark live objects 17.994ms
[224.072s][info][gc,phases,start] GC(108) Phase 2: Prepare for compaction
[224.075s][info][gc,phases      ] GC(108) Phase 2: Prepare for compaction 3.044ms
[224.075s][info][gc,phases,start] GC(108) Phase 3: Adjust pointers
[224.089s][info][gc,phases      ] GC(108) Phase 3: Adjust pointers 14.394ms
[224.089s][info][gc,phases,start] GC(108) Phase 4: Compact heap
[224.092s][info][gc,phases      ] GC(108) Phase 4: Compact heap 2.127ms
[224.108s][info][gc,heap        ] GC(108) Eden regions: 723->0(1228)
[224.108s][info][gc,heap        ] GC(108) Survivor regions: 26->0(33)
[224.108s][info][gc,heap        ] GC(108) Old regions: 86->71
[224.108s][info][gc,heap        ] GC(108) Archive regions: 0->0
[224.108s][info][gc,heap        ] GC(108) Humongous regions: 347->7
[224.108s][info][gc,metaspace   ] GC(108) Metaspace: 129549K(131392K)->129549K(131392K) NonClass: 113152K(113792K)->113152K(113792K) Class: 16396K(17600K)->16396K(17600K)
[224.108s][info][gc             ] GC(108) Pause Full (System.gc()) 1177M->74M(2048M) 54.840ms
[224.108s][info][gc,cpu         ] GC(108) User=0.23s Sys=0.00s Real=0.06s
[224.651s][info][gc,start       ] GC(109) Pause Young (Normal) (G1 Preventive Collection)
[224.651s][info][gc,task        ] GC(109) Using 6 workers of 6 for evacuation
[224.657s][info][gc             ] GC(109) To-space exhausted
[224.657s][info][gc,phases      ] GC(109)   Pre Evacuate Collection Set: 0.2ms
[224.657s][info][gc,phases      ] GC(109)   Merge Heap Roots: 0.2ms
[224.657s][info][gc,phases      ] GC(109)   Evacuate Collection Set: 4.1ms
[224.658s][info][gc,phases      ] GC(109)   Post Evacuate Collection Set: 1.7ms
[224.658s][info][gc,phases      ] GC(109)   Other: 0.3ms
[224.658s][info][gc,heap        ] GC(109) Eden regions: 1133->0(1202)
[224.658s][info][gc,heap        ] GC(109) Survivor regions: 0->26(26)
[224.658s][info][gc,heap        ] GC(109) Old regions: 71->103
[224.658s][info][gc,heap        ] GC(109) Archive regions: 0->0
[224.658s][info][gc,heap        ] GC(109) Humongous regions: 818->37
[224.658s][info][gc,metaspace   ] GC(109) Metaspace: 129621K(131456K)->129621K(131456K) NonClass: 113224K(113856K)->113224K(113856K) Class: 16396K(17600K)->16396K(17600K)
[224.658s][info][gc             ] GC(109) Pause Young (Normal) (G1 Preventive Collection) 2018M->162M(2048M) 6.442ms
[224.658s][info][gc,cpu         ] GC(109) User=0.09s Sys=0.00s Real=0.00s
[227.669s][info][gc,start       ] GC(110) Pause Young (Concurrent Start) (G1 Humongous Allocation)
[227.669s][info][gc,task        ] GC(110) Using 6 workers of 6 for evacuation
[227.675s][info][gc,phases      ] GC(110)   Pre Evacuate Collection Set: 0.2ms
[227.675s][info][gc,phases      ] GC(110)   Merge Heap Roots: 0.1ms
[227.675s][info][gc,phases      ] GC(110)   Evacuate Collection Set: 3.9ms
[227.675s][info][gc,phases      ] GC(110)   Post Evacuate Collection Set: 1.3ms
[227.675s][info][gc,phases      ] GC(110)   Other: 0.3ms
[227.675s][info][gc,heap        ] GC(110) Eden regions: 1069->0(1203)
[227.675s][info][gc,heap        ] GC(110) Survivor regions: 26->25(32)
[227.675s][info][gc,heap        ] GC(110) Old regions: 103->103
[227.675s][info][gc,heap        ] GC(110) Archive regions: 0->0
[227.675s][info][gc,heap        ] GC(110) Humongous regions: 818->47
[227.675s][info][gc,metaspace   ] GC(110) Metaspace: 129621K(131456K)->129621K(131456K) NonClass: 113224K(113856K)->113224K(113856K) Class: 16396K(17600K)->16396K(17600K)
[227.675s][info][gc             ] GC(110) Pause Young (Concurrent Start) (G1 Humongous Allocation) 2012M->171M(2048M) 5.949ms
[227.675s][info][gc,cpu         ] GC(110) User=0.09s Sys=0.00s Real=0.01s
[227.675s][info][gc             ] GC(111) Concurrent Undo Cycle
[227.675s][info][gc,marking     ] GC(111) Concurrent Cleanup for Next Mark
[227.680s][info][gc,marking     ] GC(111) Concurrent Cleanup for Next Mark 4.079ms
[227.680s][info][gc             ] GC(111) Concurrent Undo Cycle 4.152ms
[230.515s][info][gc,start       ] GC(112) Pause Full (System.gc())
[230.515s][info][gc,task        ] GC(112) Using 6 workers of 6 for full compaction
[230.515s][info][gc,phases,start] GC(112) Phase 1: Mark live objects
[230.535s][info][gc,phases      ] GC(112) Phase 1: Mark live objects 19.335ms
[230.535s][info][gc,phases,start] GC(112) Phase 2: Prepare for compaction
[230.538s][info][gc,phases      ] GC(112) Phase 2: Prepare for compaction 3.170ms
[230.538s][info][gc,phases,start] GC(112) Phase 3: Adjust pointers
[230.552s][info][gc,phases      ] GC(112) Phase 3: Adjust pointers 14.243ms
[230.552s][info][gc,phases,start] GC(112) Phase 4: Compact heap
[230.555s][info][gc,phases      ] GC(112) Phase 4: Compact heap 2.365ms
[230.572s][info][gc,heap        ] GC(112) Eden regions: 725->0(1228)
[230.572s][info][gc,heap        ] GC(112) Survivor regions: 25->0(32)
[230.572s][info][gc,heap        ] GC(112) Old regions: 103->71
[230.572s][info][gc,heap        ] GC(112) Archive regions: 0->0
[230.572s][info][gc,heap        ] GC(112) Humongous regions: 353->7
[230.572s][info][gc,metaspace   ] GC(112) Metaspace: 129669K(131456K)->129669K(131456K) NonClass: 113272K(113856K)->113272K(113856K) Class: 16396K(17600K)->16396K(17600K)
[230.572s][info][gc             ] GC(112) Pause Full (System.gc()) 1201M->74M(2048M) 57.043ms
[230.572s][info][gc,cpu         ] GC(112) User=0.16s Sys=0.00s Real=0.06s
[231.126s][info][gc,start       ] GC(113) Pause Young (Normal) (G1 Preventive Collection)
[231.126s][info][gc,task        ] GC(113) Using 6 workers of 6 for evacuation
[231.133s][info][gc             ] GC(113) To-space exhausted
[231.133s][info][gc,phases      ] GC(113)   Pre Evacuate Collection Set: 0.2ms
[231.133s][info][gc,phases      ] GC(113)   Merge Heap Roots: 0.2ms
[231.133s][info][gc,phases      ] GC(113)   Evacuate Collection Set: 4.0ms
[231.133s][info][gc,phases      ] GC(113)   Post Evacuate Collection Set: 2.6ms
[231.133s][info][gc,phases      ] GC(113)   Other: 0.3ms
[231.133s][info][gc,heap        ] GC(113) Eden regions: 1134->0(1203)
[231.133s][info][gc,heap        ] GC(113) Survivor regions: 0->25(25)
[231.133s][info][gc,heap        ] GC(113) Old regions: 71->127
[231.133s][info][gc,heap        ] GC(113) Archive regions: 0->0
[231.133s][info][gc,heap        ] GC(113) Humongous regions: 818->42
[231.133s][info][gc,metaspace   ] GC(113) Metaspace: 129683K(131520K)->129683K(131520K) NonClass: 113287K(113920K)->113287K(113920K) Class: 16396K(17600K)->16396K(17600K)
[231.133s][info][gc             ] GC(113) Pause Young (Normal) (G1 Preventive Collection) 2019M->190M(2048M) 7.236ms
[231.133s][info][gc,cpu         ] GC(113) User=0.00s Sys=0.00s Real=0.01s
[233.764s][info][gc,start       ] GC(114) Pause Young (Concurrent Start) (G1 Humongous Allocation)
[233.764s][info][gc,task        ] GC(114) Using 6 workers of 6 for evacuation
[233.769s][info][gc,phases      ] GC(114)   Pre Evacuate Collection Set: 0.2ms
[233.770s][info][gc,phases      ] GC(114)   Merge Heap Roots: 0.1ms
[233.770s][info][gc,phases      ] GC(114)   Evacuate Collection Set: 3.9ms
[233.770s][info][gc,phases      ] GC(114)   Post Evacuate Collection Set: 1.0ms
[233.770s][info][gc,phases      ] GC(114)   Other: 0.3ms
[233.770s][info][gc,heap        ] GC(114) Eden regions: 987->0(1203)
[233.770s][info][gc,heap        ] GC(114) Survivor regions: 25->25(115)
[233.770s][info][gc,heap        ] GC(114) Old regions: 127->127
[233.770s][info][gc,heap        ] GC(114) Archive regions: 0->0
[233.770s][info][gc,heap        ] GC(114) Humongous regions: 794->47
[233.770s][info][gc,metaspace   ] GC(114) Metaspace: 129684K(131520K)->129684K(131520K) NonClass: 113288K(113920K)->113288K(113920K) Class: 16396K(17600K)->16396K(17600K)
[233.770s][info][gc             ] GC(114) Pause Young (Concurrent Start) (G1 Humongous Allocation) 1929M->194M(2048M) 5.632ms
[233.770s][info][gc,cpu         ] GC(114) User=0.09s Sys=0.00s Real=0.01s
[233.770s][info][gc             ] GC(115) Concurrent Undo Cycle
[233.770s][info][gc,marking     ] GC(115) Concurrent Cleanup for Next Mark
[233.773s][info][gc,marking     ] GC(115) Concurrent Cleanup for Next Mark 3.218ms
[233.773s][info][gc             ] GC(115) Concurrent Undo Cycle 3.356ms
[237.005s][info][gc,start       ] GC(116) Pause Full (System.gc())
[237.006s][info][gc,task        ] GC(116) Using 6 workers of 6 for full compaction
[237.006s][info][gc,phases,start] GC(116) Phase 1: Mark live objects
[237.023s][info][gc,phases      ] GC(116) Phase 1: Mark live objects 17.587ms
[237.023s][info][gc,phases,start] GC(116) Phase 2: Prepare for compaction
[237.027s][info][gc,phases      ] GC(116) Phase 2: Prepare for compaction 3.100ms
[237.027s][info][gc,phases,start] GC(116) Phase 3: Adjust pointers
[237.041s][info][gc,phases      ] GC(116) Phase 3: Adjust pointers 14.037ms
[237.041s][info][gc,phases,start] GC(116) Phase 4: Compact heap
[237.043s][info][gc,phases      ] GC(116) Phase 4: Compact heap 2.192ms
[237.059s][info][gc,heap        ] GC(116) Eden regions: 805->0(1228)
[237.059s][info][gc,heap        ] GC(116) Survivor regions: 25->0(115)
[237.059s][info][gc,heap        ] GC(116) Old regions: 127->72
[237.059s][info][gc,heap        ] GC(116) Archive regions: 0->0
[237.059s][info][gc,heap        ] GC(116) Humongous regions: 382->7
[237.059s][info][gc,metaspace   ] GC(116) Metaspace: 129686K(131520K)->129686K(131520K) NonClass: 113290K(113920K)->113290K(113920K) Class: 16396K(17600K)->16396K(17600K)
[237.059s][info][gc             ] GC(116) Pause Full (System.gc()) 1334M->75M(2048M) 53.617ms
[237.059s][info][gc,cpu         ] GC(116) User=0.20s Sys=0.00s Real=0.05s
[237.618s][info][gc,start       ] GC(117) Pause Young (Normal) (G1 Preventive Collection)
[237.618s][info][gc,task        ] GC(117) Using 6 workers of 6 for evacuation
[237.624s][info][gc             ] GC(117) To-space exhausted
[237.624s][info][gc,phases      ] GC(117)   Pre Evacuate Collection Set: 0.2ms
[237.624s][info][gc,phases      ] GC(117)   Merge Heap Roots: 0.4ms
[237.624s][info][gc,phases      ] GC(117)   Evacuate Collection Set: 3.8ms
[237.624s][info][gc,phases      ] GC(117)   Post Evacuate Collection Set: 1.5ms
[237.624s][info][gc,phases      ] GC(117)   Other: 0.4ms
[237.624s][info][gc,heap        ] GC(117) Eden regions: 1133->0(1203)
[237.624s][info][gc,heap        ] GC(117) Survivor regions: 0->25(25)
[237.624s][info][gc,heap        ] GC(117) Old regions: 72->117
[237.624s][info][gc,heap        ] GC(117) Archive regions: 0->0
[237.624s][info][gc,heap        ] GC(117) Humongous regions: 818->42
[237.624s][info][gc,metaspace   ] GC(117) Metaspace: 129691K(131520K)->129691K(131520K) NonClass: 113294K(113920K)->113294K(113920K) Class: 16396K(17600K)->16396K(17600K)
[237.624s][info][gc             ] GC(117) Pause Young (Normal) (G1 Preventive Collection) 2019M->180M(2048M) 6.308ms
[237.624s][info][gc,cpu         ] GC(117) User=0.00s Sys=0.00s Real=0.01s
[240.489s][info][gc,start       ] GC(118) Pause Young (Concurrent Start) (G1 Humongous Allocation)
[240.489s][info][gc,task        ] GC(118) Using 6 workers of 6 for evacuation
[240.495s][info][gc,phases      ] GC(118)   Pre Evacuate Collection Set: 0.2ms
[240.495s][info][gc,phases      ] GC(118)   Merge Heap Roots: 0.2ms
[240.495s][info][gc,phases      ] GC(118)   Evacuate Collection Set: 3.8ms
[240.495s][info][gc,phases      ] GC(118)   Post Evacuate Collection Set: 1.1ms
[240.495s][info][gc,phases      ] GC(118)   Other: 0.3ms
[240.495s][info][gc,heap        ] GC(118) Eden regions: 1001->0(1205)
[240.495s][info][gc,heap        ] GC(118) Survivor regions: 25->23(101)
[240.495s][info][gc,heap        ] GC(118) Old regions: 117->117
[240.495s][info][gc,heap        ] GC(118) Archive regions: 0->0
[240.495s][info][gc,heap        ] GC(118) Humongous regions: 804->47
[240.495s][info][gc,metaspace   ] GC(118) Metaspace: 129693K(131520K)->129693K(131520K) NonClass: 113296K(113920K)->113296K(113920K) Class: 16396K(17600K)->16396K(17600K)
[240.495s][info][gc             ] GC(118) Pause Young (Concurrent Start) (G1 Humongous Allocation) 1942M->182M(2048M) 5.661ms
[240.495s][info][gc,cpu         ] GC(118) User=0.00s Sys=0.00s Real=0.01s
[240.495s][info][gc             ] GC(119) Concurrent Undo Cycle
[240.495s][info][gc,marking     ] GC(119) Concurrent Cleanup for Next Mark
[240.499s][info][gc,marking     ] GC(119) Concurrent Cleanup for Next Mark 4.370ms
[240.500s][info][gc             ] GC(119) Concurrent Undo Cycle 4.578ms
[243.640s][info][gc,start       ] GC(120) Pause Full (System.gc())
[243.640s][info][gc,task        ] GC(120) Using 6 workers of 6 for full compaction
[243.640s][info][gc,phases,start] GC(120) Phase 1: Mark live objects
[243.657s][info][gc,phases      ] GC(120) Phase 1: Mark live objects 17.278ms
[243.657s][info][gc,phases,start] GC(120) Phase 2: Prepare for compaction
[243.661s][info][gc,phases      ] GC(120) Phase 2: Prepare for compaction 3.560ms
[243.661s][info][gc,phases,start] GC(120) Phase 3: Adjust pointers
[243.676s][info][gc,phases      ] GC(120) Phase 3: Adjust pointers 14.746ms
[243.676s][info][gc,phases,start] GC(120) Phase 4: Compact heap
[243.679s][info][gc,phases      ] GC(120) Phase 4: Compact heap 3.068ms
[243.696s][info][gc,heap        ] GC(120) Eden regions: 793->0(1228)
[243.696s][info][gc,heap        ] GC(120) Survivor regions: 23->0(101)
[243.696s][info][gc,heap        ] GC(120) Old regions: 117->72
[243.696s][info][gc,heap        ] GC(120) Archive regions: 0->0
[243.696s][info][gc,heap        ] GC(120) Humongous regions: 372->7
[243.696s][info][gc,metaspace   ] GC(120) Metaspace: 129725K(131520K)->129725K(131520K) NonClass: 113329K(113920K)->113329K(113920K) Class: 16396K(17600K)->16396K(17600K)
[243.696s][info][gc             ] GC(120) Pause Full (System.gc()) 1299M->74M(2048M) 55.962ms
[243.696s][info][gc,cpu         ] GC(120) User=0.20s Sys=0.00s Real=0.05s
[244.230s][info][gc,start       ] GC(121) Pause Young (Normal) (G1 Preventive Collection)
[244.230s][info][gc,task        ] GC(121) Using 6 workers of 6 for evacuation
[244.238s][info][gc             ] GC(121) To-space exhausted
[244.238s][info][gc,phases      ] GC(121)   Pre Evacuate Collection Set: 0.2ms
[244.238s][info][gc,phases      ] GC(121)   Merge Heap Roots: 0.2ms
[244.238s][info][gc,phases      ] GC(121)   Evacuate Collection Set: 3.8ms
[244.238s][info][gc,phases      ] GC(121)   Post Evacuate Collection Set: 3.1ms
[244.238s][info][gc,phases      ] GC(121)   Other: 0.3ms
[244.238s][info][gc,heap        ] GC(121) Eden regions: 1135->0(1205)
[244.238s][info][gc,heap        ] GC(121) Survivor regions: 0->23(23)
[244.238s][info][gc,heap        ] GC(121) Old regions: 72->143
[244.238s][info][gc,heap        ] GC(121) Archive regions: 0->0
[244.238s][info][gc,heap        ] GC(121) Humongous regions: 818->32
[244.238s][info][gc,metaspace   ] GC(121) Metaspace: 129744K(131584K)->129744K(131584K) NonClass: 113347K(113984K)->113347K(113984K) Class: 16396K(17600K)->16396K(17600K)
[244.238s][info][gc             ] GC(121) Pause Young (Normal) (G1 Preventive Collection) 2020M->193M(2048M) 7.566ms
[244.238s][info][gc,cpu         ] GC(121) User=0.09s Sys=0.00s Real=0.01s
[246.851s][info][gc,start       ] GC(122) Pause Young (Concurrent Start) (G1 Humongous Allocation)
[246.851s][info][gc,task        ] GC(122) Using 6 workers of 6 for evacuation
[246.857s][info][gc,phases      ] GC(122)   Pre Evacuate Collection Set: 0.3ms
[246.857s][info][gc,phases      ] GC(122)   Merge Heap Roots: 0.1ms
[246.857s][info][gc,phases      ] GC(122)   Evacuate Collection Set: 3.9ms
[246.857s][info][gc,phases      ] GC(122)   Post Evacuate Collection Set: 1.2ms
[246.857s][info][gc,phases      ] GC(122)   Other: 0.3ms
[246.857s][info][gc,heap        ] GC(122) Eden regions: 982->0(1204)
[246.857s][info][gc,heap        ] GC(122) Survivor regions: 23->24(122)
[246.857s][info][gc,heap        ] GC(122) Old regions: 143->143
[246.857s][info][gc,heap        ] GC(122) Archive regions: 0->0
[246.857s][info][gc,heap        ] GC(122) Humongous regions: 778->47
[246.857s][info][gc,metaspace   ] GC(122) Metaspace: 129744K(131584K)->129744K(131584K) NonClass: 113347K(113984K)->113347K(113984K) Class: 16396K(17600K)->16396K(17600K)
[246.857s][info][gc             ] GC(122) Pause Young (Concurrent Start) (G1 Humongous Allocation) 1921M->209M(2048M) 5.927ms
[246.857s][info][gc,cpu         ] GC(122) User=0.00s Sys=0.00s Real=0.01s
[246.857s][info][gc             ] GC(123) Concurrent Undo Cycle
[246.857s][info][gc,marking     ] GC(123) Concurrent Cleanup for Next Mark
[246.861s][info][gc,marking     ] GC(123) Concurrent Cleanup for Next Mark 4.038ms
[246.861s][info][gc             ] GC(123) Concurrent Undo Cycle 4.178ms
[250.109s][info][gc,start       ] GC(124) Pause Full (System.gc())
[250.109s][info][gc,task        ] GC(124) Using 6 workers of 6 for full compaction
[250.110s][info][gc,phases,start] GC(124) Phase 1: Mark live objects
[250.128s][info][gc,phases      ] GC(124) Phase 1: Mark live objects 18.221ms
[250.128s][info][gc,phases,start] GC(124) Phase 2: Prepare for compaction
[250.131s][info][gc,phases      ] GC(124) Phase 2: Prepare for compaction 3.129ms
[250.131s][info][gc,phases,start] GC(124) Phase 3: Adjust pointers
[250.145s][info][gc,phases      ] GC(124) Phase 3: Adjust pointers 13.818ms
[250.145s][info][gc,phases,start] GC(124) Phase 4: Compact heap
[250.147s][info][gc,phases      ] GC(124) Phase 4: Compact heap 2.211ms
[250.164s][info][gc,heap        ] GC(124) Eden regions: 810->0(1228)
[250.164s][info][gc,heap        ] GC(124) Survivor regions: 24->0(122)
[250.164s][info][gc,heap        ] GC(124) Old regions: 143->72
[250.164s][info][gc,heap        ] GC(124) Archive regions: 0->0
[250.164s][info][gc,heap        ] GC(124) Humongous regions: 388->7
[250.164s][info][gc,metaspace   ] GC(124) Metaspace: 129750K(131584K)->129750K(131584K) NonClass: 113354K(113984K)->113354K(113984K) Class: 16396K(17600K)->16396K(17600K)
[250.164s][info][gc             ] GC(124) Pause Full (System.gc()) 1359M->75M(2048M) 54.481ms
[250.164s][info][gc,cpu         ] GC(124) User=0.16s Sys=0.00s Real=0.06s
[250.709s][info][gc,start       ] GC(125) Pause Young (Normal) (G1 Preventive Collection)
[250.709s][info][gc,task        ] GC(125) Using 6 workers of 6 for evacuation
[250.716s][info][gc             ] GC(125) To-space exhausted
[250.717s][info][gc,phases      ] GC(125)   Pre Evacuate Collection Set: 0.2ms
[250.717s][info][gc,phases      ] GC(125)   Merge Heap Roots: 0.2ms
[250.717s][info][gc,phases      ] GC(125)   Evacuate Collection Set: 3.6ms
[250.717s][info][gc,phases      ] GC(125)   Post Evacuate Collection Set: 3.2ms
[250.717s][info][gc,phases      ] GC(125)   Other: 0.4ms
[250.717s][info][gc,heap        ] GC(125) Eden regions: 1136->0(1206)
[250.717s][info][gc,heap        ] GC(125) Survivor regions: 0->22(22)
[250.717s][info][gc,heap        ] GC(125) Old regions: 72->156
[250.717s][info][gc,heap        ] GC(125) Archive regions: 0->0
[250.717s][info][gc,heap        ] GC(125) Humongous regions: 818->27
[250.717s][info][gc,metaspace   ] GC(125) Metaspace: 129768K(131584K)->129768K(131584K) NonClass: 113371K(113984K)->113371K(113984K) Class: 16396K(17600K)->16396K(17600K)
[250.717s][info][gc             ] GC(125) Pause Young (Normal) (G1 Preventive Collection) 2022M->201M(2048M) 7.526ms
[250.717s][info][gc,cpu         ] GC(125) User=0.00s Sys=0.00s Real=0.01s
[253.177s][info][gc,start       ] GC(126) Pause Young (Concurrent Start) (G1 Humongous Allocation)
[253.177s][info][gc,task        ] GC(126) Using 6 workers of 6 for evacuation
[253.182s][info][gc,phases      ] GC(126)   Pre Evacuate Collection Set: 0.2ms
[253.182s][info][gc,phases      ] GC(126)   Merge Heap Roots: 0.1ms
[253.182s][info][gc,phases      ] GC(126)   Evacuate Collection Set: 3.3ms
[253.182s][info][gc,phases      ] GC(126)   Post Evacuate Collection Set: 1.0ms
[253.182s][info][gc,phases      ] GC(126)   Other: 0.3ms
[253.182s][info][gc,heap        ] GC(126) Eden regions: 954->0(1207)
[253.182s][info][gc,heap        ] GC(126) Survivor regions: 22->21(152)
[253.182s][info][gc,heap        ] GC(126) Old regions: 156->156
[253.182s][info][gc,heap        ] GC(126) Archive regions: 0->0
[253.182s][info][gc,heap        ] GC(126) Humongous regions: 764->47
[253.182s][info][gc,metaspace   ] GC(126) Metaspace: 129768K(131584K)->129768K(131584K) NonClass: 113372K(113984K)->113372K(113984K) Class: 16396K(17600K)->16396K(17600K)
[253.182s][info][gc             ] GC(126) Pause Young (Concurrent Start) (G1 Humongous Allocation) 1891M->219M(2048M) 5.055ms
[253.182s][info][gc,cpu         ] GC(126) User=0.00s Sys=0.00s Real=0.00s
[253.182s][info][gc             ] GC(127) Concurrent Undo Cycle
[253.182s][info][gc,marking     ] GC(127) Concurrent Cleanup for Next Mark
[253.187s][info][gc,marking     ] GC(127) Concurrent Cleanup for Next Mark 4.412ms
[253.187s][info][gc             ] GC(127) Concurrent Undo Cycle 4.571ms
[256.617s][info][gc,start       ] GC(128) Pause Full (System.gc())
[256.617s][info][gc,task        ] GC(128) Using 6 workers of 6 for full compaction
[256.617s][info][gc,phases,start] GC(128) Phase 1: Mark live objects
[256.638s][info][gc,phases      ] GC(128) Phase 1: Mark live objects 20.984ms
[256.638s][info][gc,phases,start] GC(128) Phase 2: Prepare for compaction
[256.642s][info][gc,phases      ] GC(128) Phase 2: Prepare for compaction 3.677ms
[256.642s][info][gc,phases,start] GC(128) Phase 3: Adjust pointers
[256.656s][info][gc,phases      ] GC(128) Phase 3: Adjust pointers 14.537ms
[256.656s][info][gc,phases,start] GC(128) Phase 4: Compact heap
[256.659s][info][gc,phases      ] GC(128) Phase 4: Compact heap 2.992ms
[256.676s][info][gc,heap        ] GC(128) Eden regions: 833->0(1228)
[256.676s][info][gc,heap        ] GC(128) Survivor regions: 21->0(152)
[256.676s][info][gc,heap        ] GC(128) Old regions: 156->72
[256.676s][info][gc,heap        ] GC(128) Archive regions: 0->0
[256.676s][info][gc,heap        ] GC(128) Humongous regions: 397->7
[256.676s][info][gc,metaspace   ] GC(128) Metaspace: 129777K(131584K)->129777K(131584K) NonClass: 113381K(113984K)->113381K(113984K) Class: 16396K(17600K)->16396K(17600K)
[256.676s][info][gc             ] GC(128) Pause Full (System.gc()) 1402M->75M(2048M) 59.652ms
[256.676s][info][gc,cpu         ] GC(128) User=0.19s Sys=0.03s Real=0.07s
[257.207s][info][gc,start       ] GC(129) Pause Young (Normal) (G1 Preventive Collection)
[257.208s][info][gc,task        ] GC(129) Using 6 workers of 6 for evacuation
[257.216s][info][gc             ] GC(129) To-space exhausted
[257.216s][info][gc,phases      ] GC(129)   Pre Evacuate Collection Set: 0.2ms
[257.216s][info][gc,phases      ] GC(129)   Merge Heap Roots: 0.2ms
[257.216s][info][gc,phases      ] GC(129)   Evacuate Collection Set: 3.6ms
[257.216s][info][gc,phases      ] GC(129)   Post Evacuate Collection Set: 4.5ms
[257.216s][info][gc,phases      ] GC(129)   Other: 0.3ms
[257.216s][info][gc,heap        ] GC(129) Eden regions: 1137->0(1207)
[257.216s][info][gc,heap        ] GC(129) Survivor regions: 0->21(21)
[257.216s][info][gc,heap        ] GC(129) Old regions: 72->174
[257.216s][info][gc,heap        ] GC(129) Archive regions: 0->0
[257.216s][info][gc,heap        ] GC(129) Humongous regions: 818->32
[257.216s][info][gc,metaspace   ] GC(129) Metaspace: 129886K(131712K)->129886K(131712K) NonClass: 113489K(114112K)->113489K(114112K) Class: 16396K(17600K)->16396K(17600K)
[257.216s][info][gc             ] GC(129) Pause Young (Normal) (G1 Preventive Collection) 2023M->223M(2048M) 8.785ms
[257.216s][info][gc,cpu         ] GC(129) User=0.00s Sys=0.00s Real=0.01s
[259.428s][info][gc,start       ] GC(130) Pause Young (Concurrent Start) (G1 Humongous Allocation)
[259.428s][info][gc,task        ] GC(130) Using 6 workers of 6 for evacuation
[259.433s][info][gc,phases      ] GC(130)   Pre Evacuate Collection Set: 0.2ms
[259.433s][info][gc,phases      ] GC(130)   Merge Heap Roots: 0.1ms
[259.433s][info][gc,phases      ] GC(130)   Evacuate Collection Set: 3.7ms
[259.433s][info][gc,phases      ] GC(130)   Post Evacuate Collection Set: 0.9ms
[259.433s][info][gc,phases      ] GC(130)   Other: 0.2ms
[259.433s][info][gc,heap        ] GC(130) Eden regions: 885->0(1205)
[259.433s][info][gc,heap        ] GC(130) Survivor regions: 21->23(154)
[259.433s][info][gc,heap        ] GC(130) Old regions: 174->174
[259.433s][info][gc,heap        ] GC(130) Archive regions: 0->0
[259.433s][info][gc,heap        ] GC(130) Humongous regions: 744->47
[259.433s][info][gc,metaspace   ] GC(130) Metaspace: 129886K(131712K)->129886K(131712K) NonClass: 113490K(114112K)->113490K(114112K) Class: 16396K(17600K)->16396K(17600K)
[259.433s][info][gc             ] GC(130) Pause Young (Concurrent Start) (G1 Humongous Allocation) 1819M->239M(2048M) 5.287ms
[259.433s][info][gc,cpu         ] GC(130) User=0.00s Sys=0.00s Real=0.01s
[259.433s][info][gc             ] GC(131) Concurrent Undo Cycle
[259.433s][info][gc,marking     ] GC(131) Concurrent Cleanup for Next Mark
[259.438s][info][gc,marking     ] GC(131) Concurrent Cleanup for Next Mark 4.446ms
[259.438s][info][gc             ] GC(131) Concurrent Undo Cycle 4.606ms
[263.098s][info][gc,start       ] GC(132) Pause Full (System.gc())
[263.098s][info][gc,task        ] GC(132) Using 6 workers of 6 for full compaction
[263.098s][info][gc,phases,start] GC(132) Phase 1: Mark live objects
[263.115s][info][gc,phases      ] GC(132) Phase 1: Mark live objects 17.321ms
[263.116s][info][gc,phases,start] GC(132) Phase 2: Prepare for compaction
[263.119s][info][gc,phases      ] GC(132) Phase 2: Prepare for compaction 3.218ms
[263.119s][info][gc,phases,start] GC(132) Phase 3: Adjust pointers
[263.134s][info][gc,phases      ] GC(132) Phase 3: Adjust pointers 15.197ms
[263.134s][info][gc,phases,start] GC(132) Phase 4: Compact heap
[263.137s][info][gc,phases      ] GC(132) Phase 4: Compact heap 2.497ms
[263.153s][info][gc,heap        ] GC(132) Eden regions: 905->0(1228)
[263.153s][info][gc,heap        ] GC(132) Survivor regions: 23->0(154)
[263.153s][info][gc,heap        ] GC(132) Old regions: 174->71
[263.153s][info][gc,heap        ] GC(132) Archive regions: 0->0
[263.153s][info][gc,heap        ] GC(132) Humongous regions: 422->7
[263.153s][info][gc,metaspace   ] GC(132) Metaspace: 129917K(131712K)->129917K(131712K) NonClass: 113520K(114112K)->113520K(114112K) Class: 16396K(17600K)->16396K(17600K)
[263.153s][info][gc             ] GC(132) Pause Full (System.gc()) 1519M->75M(2048M) 55.614ms
[263.154s][info][gc,cpu         ] GC(132) User=0.12s Sys=0.00s Real=0.05s
[263.697s][info][gc,start       ] GC(133) Pause Young (Normal) (G1 Preventive Collection)
[263.697s][info][gc,task        ] GC(133) Using 6 workers of 6 for evacuation
[263.704s][info][gc             ] GC(133) To-space exhausted
[263.704s][info][gc,phases      ] GC(133)   Pre Evacuate Collection Set: 0.2ms
[263.704s][info][gc,phases      ] GC(133)   Merge Heap Roots: 0.2ms
[263.704s][info][gc,phases      ] GC(133)   Evacuate Collection Set: 3.3ms
[263.704s][info][gc,phases      ] GC(133)   Post Evacuate Collection Set: 2.3ms
[263.704s][info][gc,phases      ] GC(133)   Other: 0.3ms
[263.704s][info][gc,heap        ] GC(133) Eden regions: 1138->0(1207)
[263.704s][info][gc,heap        ] GC(133) Survivor regions: 0->21(21)
[263.704s][info][gc,heap        ] GC(133) Old regions: 71->144
[263.704s][info][gc,heap        ] GC(133) Archive regions: 0->0
[263.704s][info][gc,heap        ] GC(133) Humongous regions: 818->32
[263.704s][info][gc,metaspace   ] GC(133) Metaspace: 129936K(131776K)->129936K(131776K) NonClass: 113539K(114176K)->113539K(114176K) Class: 16396K(17600K)->16396K(17600K)
[263.704s][info][gc             ] GC(133) Pause Young (Normal) (G1 Preventive Collection) 2024M->194M(2048M) 6.449ms
[263.704s][info][gc,cpu         ] GC(133) User=0.09s Sys=0.00s Real=0.00s
[266.321s][info][gc,start       ] GC(134) Pause Young (Concurrent Start) (G1 Humongous Allocation)
[266.321s][info][gc,task        ] GC(134) Using 6 workers of 6 for evacuation
[266.326s][info][gc,phases      ] GC(134)   Pre Evacuate Collection Set: 0.2ms
[266.327s][info][gc,phases      ] GC(134)   Merge Heap Roots: 0.1ms
[266.327s][info][gc,phases      ] GC(134)   Evacuate Collection Set: 3.5ms
[266.327s][info][gc,phases      ] GC(134)   Post Evacuate Collection Set: 1.2ms
[266.327s][info][gc,phases      ] GC(134)   Other: 0.3ms
[266.327s][info][gc,heap        ] GC(134) Eden regions: 980->0(1207)
[266.327s][info][gc,heap        ] GC(134) Survivor regions: 21->21(125)
[266.327s][info][gc,heap        ] GC(134) Old regions: 144->144
[266.327s][info][gc,heap        ] GC(134) Archive regions: 0->0
[266.327s][info][gc,heap        ] GC(134) Humongous regions: 778->47
[266.327s][info][gc,metaspace   ] GC(134) Metaspace: 129936K(131776K)->129936K(131776K) NonClass: 113539K(114176K)->113539K(114176K) Class: 16396K(17600K)->16396K(17600K)
[266.327s][info][gc             ] GC(134) Pause Young (Concurrent Start) (G1 Humongous Allocation) 1920M->208M(2048M) 5.396ms
[266.327s][info][gc,cpu         ] GC(134) User=0.00s Sys=0.00s Real=0.00s
[266.327s][info][gc             ] GC(135) Concurrent Undo Cycle
[266.327s][info][gc,marking     ] GC(135) Concurrent Cleanup for Next Mark
[266.331s][info][gc,marking     ] GC(135) Concurrent Cleanup for Next Mark 3.927ms
[266.331s][info][gc             ] GC(135) Concurrent Undo Cycle 4.022ms
[269.601s][info][gc,start       ] GC(136) Pause Full (System.gc())
[269.601s][info][gc,task        ] GC(136) Using 6 workers of 6 for full compaction
[269.601s][info][gc,phases,start] GC(136) Phase 1: Mark live objects
[269.622s][info][gc,phases      ] GC(136) Phase 1: Mark live objects 20.923ms
[269.622s][info][gc,phases,start] GC(136) Phase 2: Prepare for compaction
[269.626s][info][gc,phases      ] GC(136) Phase 2: Prepare for compaction 3.973ms
[269.626s][info][gc,phases,start] GC(136) Phase 3: Adjust pointers
[269.641s][info][gc,phases      ] GC(136) Phase 3: Adjust pointers 14.667ms
[269.641s][info][gc,phases,start] GC(136) Phase 4: Compact heap
[269.644s][info][gc,phases      ] GC(136) Phase 4: Compact heap 3.614ms
[269.661s][info][gc,heap        ] GC(136) Eden regions: 808->0(1228)
[269.662s][info][gc,heap        ] GC(136) Survivor regions: 21->0(125)
[269.662s][info][gc,heap        ] GC(136) Old regions: 144->71
[269.662s][info][gc,heap        ] GC(136) Archive regions: 0->0
[269.662s][info][gc,heap        ] GC(136) Humongous regions: 388->7
[269.662s][info][gc,metaspace   ] GC(136) Metaspace: 129941K(131776K)->129941K(131776K) NonClass: 113544K(114176K)->113544K(114176K) Class: 16396K(17600K)->16396K(17600K)
[269.662s][info][gc             ] GC(136) Pause Full (System.gc()) 1357M->75M(2048M) 61.005ms
[269.662s][info][gc,cpu         ] GC(136) User=0.17s Sys=0.00s Real=0.06s
[270.203s][info][gc,start       ] GC(137) Pause Young (Normal) (G1 Preventive Collection)
[270.204s][info][gc,task        ] GC(137) Using 6 workers of 6 for evacuation
[270.212s][info][gc             ] GC(137) To-space exhausted
[270.212s][info][gc,phases      ] GC(137)   Pre Evacuate Collection Set: 0.2ms
[270.212s][info][gc,phases      ] GC(137)   Merge Heap Roots: 0.2ms
[270.212s][info][gc,phases      ] GC(137)   Evacuate Collection Set: 3.4ms
[270.212s][info][gc,phases      ] GC(137)   Post Evacuate Collection Set: 4.3ms
[270.212s][info][gc,phases      ] GC(137)   Other: 0.5ms
[270.212s][info][gc,heap        ] GC(137) Eden regions: 1139->0(1208)
[270.212s][info][gc,heap        ] GC(137) Survivor regions: 0->20(20)
[270.212s][info][gc,heap        ] GC(137) Old regions: 71->191
[270.212s][info][gc,heap        ] GC(137) Archive regions: 0->0
[270.212s][info][gc,heap        ] GC(137) Humongous regions: 818->27
[270.212s][info][gc,metaspace   ] GC(137) Metaspace: 129988K(131776K)->129988K(131776K) NonClass: 113591K(114176K)->113591K(114176K) Class: 16396K(17600K)->16396K(17600K)
[270.212s][info][gc             ] GC(137) Pause Young (Normal) (G1 Preventive Collection) 2025M->235M(2048M) 8.499ms
[270.212s][info][gc,cpu         ] GC(137) User=0.02s Sys=0.00s Real=0.01s
[272.429s][info][gc,start       ] GC(138) Pause Young (Concurrent Start) (G1 Humongous Allocation)
[272.429s][info][gc,task        ] GC(138) Using 6 workers of 6 for evacuation
[272.434s][info][gc,phases      ] GC(138)   Pre Evacuate Collection Set: 0.3ms
[272.434s][info][gc,phases      ] GC(138)   Merge Heap Roots: 0.1ms
[272.434s][info][gc,phases      ] GC(138)   Evacuate Collection Set: 3.6ms
[272.434s][info][gc,phases      ] GC(138)   Post Evacuate Collection Set: 1.1ms
[272.434s][info][gc,phases      ] GC(138)   Other: 0.3ms
[272.434s][info][gc,heap        ] GC(138) Eden regions: 881->0(1206)
[272.434s][info][gc,heap        ] GC(138) Survivor regions: 20->22(154)
[272.435s][info][gc,heap        ] GC(138) Old regions: 191->191
[272.435s][info][gc,heap        ] GC(138) Archive regions: 0->0
[272.435s][info][gc,heap        ] GC(138) Humongous regions: 731->47
[272.435s][info][gc,metaspace   ] GC(138) Metaspace: 129988K(131776K)->129988K(131776K) NonClass: 113591K(114176K)->113591K(114176K) Class: 16396K(17600K)->16396K(17600K)
[272.435s][info][gc             ] GC(138) Pause Young (Concurrent Start) (G1 Humongous Allocation) 1819M->256M(2048M) 5.566ms
[272.435s][info][gc,cpu         ] GC(138) User=0.00s Sys=0.00s Real=0.00s
[272.435s][info][gc             ] GC(139) Concurrent Undo Cycle
[272.435s][info][gc,marking     ] GC(139) Concurrent Cleanup for Next Mark
[272.439s][info][gc,marking     ] GC(139) Concurrent Cleanup for Next Mark 4.144ms
[272.439s][info][gc             ] GC(139) Concurrent Undo Cycle 4.290ms
[276.113s][info][gc,start       ] GC(140) Pause Full (System.gc())
[276.113s][info][gc,task        ] GC(140) Using 6 workers of 6 for full compaction
[276.114s][info][gc,phases,start] GC(140) Phase 1: Mark live objects
[276.133s][info][gc,phases      ] GC(140) Phase 1: Mark live objects 18.955ms
[276.133s][info][gc,phases,start] GC(140) Phase 2: Prepare for compaction
[276.136s][info][gc,phases      ] GC(140) Phase 2: Prepare for compaction 3.624ms
[276.136s][info][gc,phases,start] GC(140) Phase 3: Adjust pointers
[276.151s][info][gc,phases      ] GC(140) Phase 3: Adjust pointers 14.781ms
[276.151s][info][gc,phases,start] GC(140) Phase 4: Compact heap
[276.154s][info][gc,phases      ] GC(140) Phase 4: Compact heap 3.059ms
[276.171s][info][gc,heap        ] GC(140) Eden regions: 907->0(1228)
[276.171s][info][gc,heap        ] GC(140) Survivor regions: 22->0(154)
[276.171s][info][gc,heap        ] GC(140) Old regions: 191->71
[276.171s][info][gc,heap        ] GC(140) Archive regions: 0->0
[276.171s][info][gc,heap        ] GC(140) Humongous regions: 430->7
[276.171s][info][gc,metaspace   ] GC(140) Metaspace: 130000K(131840K)->130000K(131840K) NonClass: 113604K(114240K)->113604K(114240K) Class: 16396K(17600K)->16396K(17600K)
[276.171s][info][gc             ] GC(140) Pause Full (System.gc()) 1545M->74M(2048M) 58.103ms
[276.171s][info][gc,cpu         ] GC(140) User=0.28s Sys=0.00s Real=0.06s
[276.747s][info][gc,start       ] GC(141) Pause Young (Normal) (G1 Preventive Collection)
[276.747s][info][gc,task        ] GC(141) Using 6 workers of 6 for evacuation
[276.754s][info][gc             ] GC(141) To-space exhausted
[276.754s][info][gc,phases      ] GC(141)   Pre Evacuate Collection Set: 0.2ms
[276.754s][info][gc,phases      ] GC(141)   Merge Heap Roots: 0.2ms
[276.755s][info][gc,phases      ] GC(141)   Evacuate Collection Set: 3.6ms
[276.755s][info][gc,phases      ] GC(141)   Post Evacuate Collection Set: 3.3ms
[276.755s][info][gc,phases      ] GC(141)   Other: 0.2ms
[276.755s][info][gc,heap        ] GC(141) Eden regions: 1141->0(1205)
[276.755s][info][gc,heap        ] GC(141) Survivor regions: 0->23(23)
[276.755s][info][gc,heap        ] GC(141) Old regions: 71->165
[276.755s][info][gc,heap        ] GC(141) Archive regions: 0->0
[276.755s][info][gc,heap        ] GC(141) Humongous regions: 813->27
[276.755s][info][gc,metaspace   ] GC(141) Metaspace: 130135K(131968K)->130135K(131968K) NonClass: 113739K(114368K)->113739K(114368K) Class: 16396K(17600K)->16396K(17600K)
[276.755s][info][gc             ] GC(141) Pause Young (Normal) (G1 Preventive Collection) 2021M->211M(2048M) 7.557ms
[276.755s][info][gc,cpu         ] GC(141) User=0.06s Sys=0.03s Real=0.01s
[279.117s][info][gc,start       ] GC(142) Pause Young (Concurrent Start) (G1 Humongous Allocation)
[279.117s][info][gc,task        ] GC(142) Using 6 workers of 6 for evacuation
[279.123s][info][gc,phases      ] GC(142)   Pre Evacuate Collection Set: 0.3ms
[279.123s][info][gc,phases      ] GC(142)   Merge Heap Roots: 0.1ms
[279.123s][info][gc,phases      ] GC(142)   Evacuate Collection Set: 4.4ms
[279.123s][info][gc,phases      ] GC(142)   Post Evacuate Collection Set: 1.1ms
[279.123s][info][gc,phases      ] GC(142)   Other: 0.3ms
[279.123s][info][gc,heap        ] GC(142) Eden regions: 941->0(1202)
[279.123s][info][gc,heap        ] GC(142) Survivor regions: 23->26(154)
[279.123s][info][gc,heap        ] GC(142) Old regions: 165->165
[279.123s][info][gc,heap        ] GC(142) Archive regions: 0->0
[279.123s][info][gc,heap        ] GC(142) Humongous regions: 757->47
[279.123s][info][gc,metaspace   ] GC(142) Metaspace: 130135K(131968K)->130135K(131968K) NonClass: 113739K(114368K)->113739K(114368K) Class: 16396K(17600K)->16396K(17600K)
[279.123s][info][gc             ] GC(142) Pause Young (Concurrent Start) (G1 Humongous Allocation) 1882M->234M(2048M) 6.311ms
[279.123s][info][gc,cpu         ] GC(142) User=0.00s Sys=0.00s Real=0.00s
[279.123s][info][gc             ] GC(143) Concurrent Undo Cycle
[279.123s][info][gc,marking     ] GC(143) Concurrent Cleanup for Next Mark
[279.127s][info][gc,marking     ] GC(143) Concurrent Cleanup for Next Mark 3.666ms
[279.127s][info][gc             ] GC(143) Concurrent Undo Cycle 3.863ms
[282.611s][info][gc,start       ] GC(144) Pause Full (System.gc())
[282.611s][info][gc,task        ] GC(144) Using 6 workers of 6 for full compaction
[282.612s][info][gc,phases,start] GC(144) Phase 1: Mark live objects
[282.630s][info][gc,phases      ] GC(144) Phase 1: Mark live objects 18.144ms
[282.630s][info][gc,phases,start] GC(144) Phase 2: Prepare for compaction
[282.634s][info][gc,phases      ] GC(144) Phase 2: Prepare for compaction 3.934ms
[282.634s][info][gc,phases,start] GC(144) Phase 3: Adjust pointers
[282.648s][info][gc,phases      ] GC(144) Phase 3: Adjust pointers 14.353ms
[282.648s][info][gc,phases,start] GC(144) Phase 4: Compact heap
[282.651s][info][gc,phases      ] GC(144) Phase 4: Compact heap 2.326ms
[282.668s][info][gc,heap        ] GC(144) Eden regions: 844->0(1228)
[282.668s][info][gc,heap        ] GC(144) Survivor regions: 26->0(154)
[282.668s][info][gc,heap        ] GC(144) Old regions: 165->71
[282.668s][info][gc,heap        ] GC(144) Archive regions: 0->0
[282.668s][info][gc,heap        ] GC(144) Humongous regions: 409->7
[282.668s][info][gc,metaspace   ] GC(144) Metaspace: 130143K(131968K)->130143K(131968K) NonClass: 113746K(114368K)->113746K(114368K) Class: 16396K(17600K)->16396K(17600K)
[282.668s][info][gc             ] GC(144) Pause Full (System.gc()) 1439M->75M(2048M) 57.134ms
[282.668s][info][gc,cpu         ] GC(144) User=0.09s Sys=0.00s Real=0.06s
[283.218s][info][gc,start       ] GC(145) Pause Young (Normal) (G1 Preventive Collection)
[283.218s][info][gc,task        ] GC(145) Using 6 workers of 6 for evacuation
[283.225s][info][gc             ] GC(145) To-space exhausted
[283.225s][info][gc,phases      ] GC(145)   Pre Evacuate Collection Set: 0.2ms
[283.225s][info][gc,phases      ] GC(145)   Merge Heap Roots: 0.2ms
[283.225s][info][gc,phases      ] GC(145)   Evacuate Collection Set: 3.7ms
[283.225s][info][gc,phases      ] GC(145)   Post Evacuate Collection Set: 3.1ms
[283.225s][info][gc,phases      ] GC(145)   Other: 0.4ms
[283.225s][info][gc,heap        ] GC(145) Eden regions: 1136->0(1205)
[283.225s][info][gc,heap        ] GC(145) Survivor regions: 0->23(23)
[283.225s][info][gc,heap        ] GC(145) Old regions: 71->163
[283.225s][info][gc,heap        ] GC(145) Archive regions: 0->0
[283.225s][info][gc,heap        ] GC(145) Humongous regions: 818->27
[283.225s][info][gc,metaspace   ] GC(145) Metaspace: 130164K(131968K)->130164K(131968K) NonClass: 113768K(114368K)->113768K(114368K) Class: 16396K(17600K)->16396K(17600K)
[283.225s][info][gc             ] GC(145) Pause Young (Normal) (G1 Preventive Collection) 2022M->210M(2048M) 7.644ms
[283.226s][info][gc,cpu         ] GC(145) User=0.09s Sys=0.00s Real=0.01s
[285.670s][info][gc,start       ] GC(146) Pause Young (Concurrent Start) (G1 Humongous Allocation)
[285.670s][info][gc,task        ] GC(146) Using 6 workers of 6 for evacuation
[285.675s][info][gc,phases      ] GC(146)   Pre Evacuate Collection Set: 0.3ms
[285.676s][info][gc,phases      ] GC(146)   Merge Heap Roots: 0.1ms
[285.676s][info][gc,phases      ] GC(146)   Evacuate Collection Set: 3.6ms
[285.676s][info][gc,phases      ] GC(146)   Post Evacuate Collection Set: 1.1ms
[285.676s][info][gc,phases      ] GC(146)   Other: 0.3ms
[285.676s][info][gc,heap        ] GC(146) Eden regions: 956->0(1206)
[285.676s][info][gc,heap        ] GC(146) Survivor regions: 23->22(148)
[285.676s][info][gc,heap        ] GC(146) Old regions: 163->163
[285.676s][info][gc,heap        ] GC(146) Archive regions: 0->0
[285.676s][info][gc,heap        ] GC(146) Humongous regions: 758->47
[285.676s][info][gc,metaspace   ] GC(146) Metaspace: 130164K(131968K)->130164K(131968K) NonClass: 113768K(114368K)->113768K(114368K) Class: 16396K(17600K)->16396K(17600K)
[285.676s][info][gc             ] GC(146) Pause Young (Concurrent Start) (G1 Humongous Allocation) 1896M->228M(2048M) 5.491ms
[285.676s][info][gc,cpu         ] GC(146) User=0.09s Sys=0.00s Real=0.01s
[285.676s][info][gc             ] GC(147) Concurrent Undo Cycle
[285.676s][info][gc,marking     ] GC(147) Concurrent Cleanup for Next Mark
[285.680s][info][gc,marking     ] GC(147) Concurrent Cleanup for Next Mark 3.923ms
[285.680s][info][gc             ] GC(147) Concurrent Undo Cycle 4.074ms
[289.100s][info][gc,start       ] GC(148) Pause Full (System.gc())
[289.100s][info][gc,task        ] GC(148) Using 6 workers of 6 for full compaction
[289.101s][info][gc,phases,start] GC(148) Phase 1: Mark live objects
[289.119s][info][gc,phases      ] GC(148) Phase 1: Mark live objects 18.277ms
[289.119s][info][gc,phases,start] GC(148) Phase 2: Prepare for compaction
[289.122s][info][gc,phases      ] GC(148) Phase 2: Prepare for compaction 3.458ms
[289.123s][info][gc,phases,start] GC(148) Phase 3: Adjust pointers
[289.138s][info][gc,phases      ] GC(148) Phase 3: Adjust pointers 15.396ms
[289.138s][info][gc,phases,start] GC(148) Phase 4: Compact heap
[289.141s][info][gc,phases      ] GC(148) Phase 4: Compact heap 2.724ms
[289.158s][info][gc,heap        ] GC(148) Eden regions: 834->0(1228)
[289.158s][info][gc,heap        ] GC(148) Survivor regions: 22->0(148)
[289.158s][info][gc,heap        ] GC(148) Old regions: 163->70
[289.158s][info][gc,heap        ] GC(148) Archive regions: 0->0
[289.158s][info][gc,heap        ] GC(148) Humongous regions: 403->7
[289.158s][info][gc,metaspace   ] GC(148) Metaspace: 130166K(131968K)->130166K(131968K) NonClass: 113769K(114368K)->113769K(114368K) Class: 16396K(17600K)->16396K(17600K)
[289.158s][info][gc             ] GC(148) Pause Full (System.gc()) 1418M->74M(2048M) 57.807ms
[289.158s][info][gc,cpu         ] GC(148) User=0.16s Sys=0.00s Real=0.06s
[289.683s][info][gc,start       ] GC(149) Pause Young (Normal) (G1 Preventive Collection)
[289.683s][info][gc,task        ] GC(149) Using 6 workers of 6 for evacuation
[289.690s][info][gc             ] GC(149) To-space exhausted
[289.690s][info][gc,phases      ] GC(149)   Pre Evacuate Collection Set: 0.2ms
[289.690s][info][gc,phases      ] GC(149)   Merge Heap Roots: 0.2ms
[289.690s][info][gc,phases      ] GC(149)   Evacuate Collection Set: 3.7ms
[289.690s][info][gc,phases      ] GC(149)   Post Evacuate Collection Set: 2.9ms
[289.690s][info][gc,phases      ] GC(149)   Other: 0.3ms
[289.690s][info][gc,heap        ] GC(149) Eden regions: 1138->0(1206)
[289.690s][info][gc,heap        ] GC(149) Survivor regions: 0->22(22)
[289.690s][info][gc,heap        ] GC(149) Old regions: 70->147
[289.690s][info][gc,heap        ] GC(149) Archive regions: 0->0
[289.690s][info][gc,heap        ] GC(149) Humongous regions: 818->32
[289.690s][info][gc,metaspace   ] GC(149) Metaspace: 130212K(132032K)->130212K(132032K) NonClass: 113816K(114432K)->113816K(114432K) Class: 16396K(17600K)->16396K(17600K)
[289.690s][info][gc             ] GC(149) Pause Young (Normal) (G1 Preventive Collection) 2023M->198M(2048M) 7.219ms
[289.690s][info][gc,cpu         ] GC(149) User=0.09s Sys=0.00s Real=0.01s
[292.306s][info][gc,start       ] GC(150) Pause Young (Concurrent Start) (G1 Humongous Allocation)
[292.306s][info][gc,task        ] GC(150) Using 6 workers of 6 for evacuation
[292.312s][info][gc,phases      ] GC(150)   Pre Evacuate Collection Set: 0.2ms
[292.312s][info][gc,phases      ] GC(150)   Merge Heap Roots: 0.1ms
[292.312s][info][gc,phases      ] GC(150)   Evacuate Collection Set: 3.7ms
[292.312s][info][gc,phases      ] GC(150)   Post Evacuate Collection Set: 1.2ms
[292.312s][info][gc,phases      ] GC(150)   Other: 0.3ms
[292.312s][info][gc,heap        ] GC(150) Eden regions: 977->0(1206)
[292.312s][info][gc,heap        ] GC(150) Survivor regions: 22->22(128)
[292.312s][info][gc,heap        ] GC(150) Old regions: 147->147
[292.312s][info][gc,heap        ] GC(150) Archive regions: 0->0
[292.312s][info][gc,heap        ] GC(150) Humongous regions: 774->47
[292.312s][info][gc,metaspace   ] GC(150) Metaspace: 130212K(132032K)->130212K(132032K) NonClass: 113816K(114432K)->113816K(114432K) Class: 16396K(17600K)->16396K(17600K)
[292.312s][info][gc             ] GC(150) Pause Young (Concurrent Start) (G1 Humongous Allocation) 1917M->213M(2048M) 5.696ms
[292.312s][info][gc,cpu         ] GC(150) User=0.00s Sys=0.00s Real=0.01s
[292.312s][info][gc             ] GC(151) Concurrent Undo Cycle
[292.312s][info][gc,marking     ] GC(151) Concurrent Cleanup for Next Mark
[292.316s][info][gc,marking     ] GC(151) Concurrent Cleanup for Next Mark 4.099ms
[292.316s][info][gc             ] GC(151) Concurrent Undo Cycle 4.240ms
[295.574s][info][gc,start       ] GC(152) Pause Full (System.gc())
[295.574s][info][gc,task        ] GC(152) Using 6 workers of 6 for full compaction
[295.574s][info][gc,phases,start] GC(152) Phase 1: Mark live objects
[295.595s][info][gc,phases      ] GC(152) Phase 1: Mark live objects 20.754ms
[295.595s][info][gc,phases,start] GC(152) Phase 2: Prepare for compaction
[295.598s][info][gc,phases      ] GC(152) Phase 2: Prepare for compaction 3.112ms
[295.598s][info][gc,phases,start] GC(152) Phase 3: Adjust pointers
[295.613s][info][gc,phases      ] GC(152) Phase 3: Adjust pointers 14.385ms
[295.613s][info][gc,phases,start] GC(152) Phase 4: Compact heap
[295.615s][info][gc,phases      ] GC(152) Phase 4: Compact heap 2.203ms
[295.632s][info][gc,heap        ] GC(152) Eden regions: 810->0(1228)
[295.632s][info][gc,heap        ] GC(152) Survivor regions: 22->0(128)
[295.632s][info][gc,heap        ] GC(152) Old regions: 147->72
[295.632s][info][gc,heap        ] GC(152) Archive regions: 0->0
[295.632s][info][gc,heap        ] GC(152) Humongous regions: 392->7
[295.632s][info][gc,metaspace   ] GC(152) Metaspace: 130227K(132032K)->130227K(132032K) NonClass: 113830K(114432K)->113830K(114432K) Class: 16396K(17600K)->16396K(17600K)
[295.632s][info][gc             ] GC(152) Pause Full (System.gc()) 1368M->75M(2048M) 58.249ms
[295.632s][info][gc,cpu         ] GC(152) User=0.20s Sys=0.00s Real=0.06s
[296.186s][info][gc,start       ] GC(153) Pause Young (Normal) (G1 Preventive Collection)
[296.186s][info][gc,task        ] GC(153) Using 6 workers of 6 for evacuation
[296.194s][info][gc             ] GC(153) To-space exhausted
[296.194s][info][gc,phases      ] GC(153)   Pre Evacuate Collection Set: 0.2ms
[296.194s][info][gc,phases      ] GC(153)   Merge Heap Roots: 0.2ms
[296.194s][info][gc,phases      ] GC(153)   Evacuate Collection Set: 3.4ms
[296.194s][info][gc,phases      ] GC(153)   Post Evacuate Collection Set: 4.2ms
[296.194s][info][gc,phases      ] GC(153)   Other: 0.3ms
[296.194s][info][gc,heap        ] GC(153) Eden regions: 1137->0(1207)
[296.194s][info][gc,heap        ] GC(153) Survivor regions: 0->21(21)
[296.194s][info][gc,heap        ] GC(153) Old regions: 72->176
[296.194s][info][gc,heap        ] GC(153) Archive regions: 0->0
[296.194s][info][gc,heap        ] GC(153) Humongous regions: 818->27
[296.194s][info][gc,metaspace   ] GC(153) Metaspace: 130326K(132160K)->130326K(132160K) NonClass: 113930K(114560K)->113930K(114560K) Class: 16396K(17600K)->16396K(17600K)
[296.194s][info][gc             ] GC(153) Pause Young (Normal) (G1 Preventive Collection) 2023M->220M(2048M) 8.360ms
[296.194s][info][gc,cpu         ] GC(153) User=0.09s Sys=0.00s Real=0.01s
[298.535s][info][gc,start       ] GC(154) Pause Young (Concurrent Start) (G1 Humongous Allocation)
[298.535s][info][gc,task        ] GC(154) Using 6 workers of 6 for evacuation
[298.541s][info][gc,phases      ] GC(154)   Pre Evacuate Collection Set: 0.3ms
[298.541s][info][gc,phases      ] GC(154)   Merge Heap Roots: 0.2ms
[298.541s][info][gc,phases      ] GC(154)   Evacuate Collection Set: 4.2ms
[298.541s][info][gc,phases      ] GC(154)   Post Evacuate Collection Set: 1.2ms
[298.541s][info][gc,phases      ] GC(154)   Other: 0.3ms
[298.541s][info][gc,heap        ] GC(154) Eden regions: 928->0(1204)
[298.541s][info][gc,heap        ] GC(154) Survivor regions: 21->24(154)
[298.541s][info][gc,heap        ] GC(154) Old regions: 176->176
[298.541s][info][gc,heap        ] GC(154) Archive regions: 0->0
[298.541s][info][gc,heap        ] GC(154) Humongous regions: 746->47
[298.541s][info][gc,metaspace   ] GC(154) Metaspace: 130328K(132160K)->130328K(132160K) NonClass: 113931K(114560K)->113931K(114560K) Class: 16396K(17600K)->16396K(17600K)
[298.541s][info][gc             ] GC(154) Pause Young (Concurrent Start) (G1 Humongous Allocation) 1867M->242M(2048M) 6.224ms
[298.541s][info][gc,cpu         ] GC(154) User=0.00s Sys=0.00s Real=0.01s
[298.541s][info][gc             ] GC(155) Concurrent Undo Cycle
[298.541s][info][gc,marking     ] GC(155) Concurrent Cleanup for Next Mark
[298.546s][info][gc,marking     ] GC(155) Concurrent Cleanup for Next Mark 4.241ms
[298.546s][info][gc             ] GC(155) Concurrent Undo Cycle 4.402ms
[302.115s][info][gc,start       ] GC(156) Pause Full (System.gc())
[302.115s][info][gc,task        ] GC(156) Using 6 workers of 6 for full compaction
[302.115s][info][gc,phases,start] GC(156) Phase 1: Mark live objects
[302.134s][info][gc,phases      ] GC(156) Phase 1: Mark live objects 19.183ms
[302.134s][info][gc,phases,start] GC(156) Phase 2: Prepare for compaction
[302.138s][info][gc,phases      ] GC(156) Phase 2: Prepare for compaction 3.647ms
[302.138s][info][gc,phases,start] GC(156) Phase 3: Adjust pointers
[302.153s][info][gc,phases      ] GC(156) Phase 3: Adjust pointers 14.971ms
[302.153s][info][gc,phases,start] GC(156) Phase 4: Compact heap
[302.156s][info][gc,phases      ] GC(156) Phase 4: Compact heap 2.625ms
[302.174s][info][gc,heap        ] GC(156) Eden regions: 859->0(1228)
[302.174s][info][gc,heap        ] GC(156) Survivor regions: 24->0(154)
[302.174s][info][gc,heap        ] GC(156) Old regions: 176->72
[302.174s][info][gc,heap        ] GC(156) Archive regions: 0->0
[302.174s][info][gc,heap        ] GC(156) Humongous regions: 415->7
[302.174s][info][gc,metaspace   ] GC(156) Metaspace: 130369K(132160K)->130369K(132160K) NonClass: 113973K(114560K)->113973K(114560K) Class: 16396K(17600K)->16396K(17600K)
[302.174s][info][gc             ] GC(156) Pause Full (System.gc()) 1469M->75M(2048M) 59.321ms
[302.174s][info][gc,cpu         ] GC(156) User=0.28s Sys=0.02s Real=0.06s
[302.707s][info][gc,start       ] GC(157) Pause Young (Normal) (G1 Preventive Collection)
[302.707s][info][gc,task        ] GC(157) Using 6 workers of 6 for evacuation
[302.715s][info][gc             ] GC(157) To-space exhausted
[302.715s][info][gc,phases      ] GC(157)   Pre Evacuate Collection Set: 0.2ms
[302.715s][info][gc,phases      ] GC(157)   Merge Heap Roots: 0.2ms
[302.715s][info][gc,phases      ] GC(157)   Evacuate Collection Set: 3.6ms
[302.715s][info][gc,phases      ] GC(157)   Post Evacuate Collection Set: 3.8ms
[302.715s][info][gc,phases      ] GC(157)   Other: 0.3ms
[302.715s][info][gc,heap        ] GC(157) Eden regions: 1137->0(1207)
[302.715s][info][gc,heap        ] GC(157) Survivor regions: 0->21(21)
[302.715s][info][gc,heap        ] GC(157) Old regions: 72->172
[302.715s][info][gc,heap        ] GC(157) Archive regions: 0->0
[302.715s][info][gc,heap        ] GC(157) Humongous regions: 818->32
[302.715s][info][gc,metaspace   ] GC(157) Metaspace: 130372K(132160K)->130372K(132160K) NonClass: 113976K(114560K)->113976K(114560K) Class: 16396K(17600K)->16396K(17600K)
[302.715s][info][gc             ] GC(157) Pause Young (Normal) (G1 Preventive Collection) 2023M->221M(2048M) 8.052ms
[302.715s][info][gc,cpu         ] GC(157) User=0.00s Sys=0.00s Real=0.01s
[305.076s][info][gc,start       ] GC(158) Pause Young (Concurrent Start) (G1 Humongous Allocation)
[305.076s][info][gc,task        ] GC(158) Using 6 workers of 6 for evacuation
[305.081s][info][gc,phases      ] GC(158)   Pre Evacuate Collection Set: 0.2ms
[305.081s][info][gc,phases      ] GC(158)   Merge Heap Roots: 0.1ms
[305.081s][info][gc,phases      ] GC(158)   Evacuate Collection Set: 3.7ms
[305.081s][info][gc,phases      ] GC(158)   Post Evacuate Collection Set: 1.1ms
[305.081s][info][gc,phases      ] GC(158)   Other: 0.3ms
[305.081s][info][gc,heap        ] GC(158) Eden regions: 925->0(1206)
[305.081s][info][gc,heap        ] GC(158) Survivor regions: 21->22(154)
[305.081s][info][gc,heap        ] GC(158) Old regions: 172->172
[305.081s][info][gc,heap        ] GC(158) Archive regions: 0->0
[305.081s][info][gc,heap        ] GC(158) Humongous regions: 749->47
[305.081s][info][gc,metaspace   ] GC(158) Metaspace: 130372K(132160K)->130372K(132160K) NonClass: 113976K(114560K)->113976K(114560K) Class: 16396K(17600K)->16396K(17600K)
[305.082s][info][gc             ] GC(158) Pause Young (Concurrent Start) (G1 Humongous Allocation) 1862M->236M(2048M) 5.567ms
[305.082s][info][gc,cpu         ] GC(158) User=0.09s Sys=0.00s Real=0.00s
[305.082s][info][gc             ] GC(159) Concurrent Undo Cycle
[305.082s][info][gc,marking     ] GC(159) Concurrent Cleanup for Next Mark
[305.086s][info][gc,marking     ] GC(159) Concurrent Cleanup for Next Mark 3.954ms
[305.086s][info][gc             ] GC(159) Concurrent Undo Cycle 4.129ms
[308.609s][info][gc,start       ] GC(160) Pause Full (System.gc())
[308.609s][info][gc,task        ] GC(160) Using 6 workers of 6 for full compaction
[308.609s][info][gc,phases,start] GC(160) Phase 1: Mark live objects
[308.628s][info][gc,phases      ] GC(160) Phase 1: Mark live objects 18.808ms
[308.628s][info][gc,phases,start] GC(160) Phase 2: Prepare for compaction
[308.631s][info][gc,phases      ] GC(160) Phase 2: Prepare for compaction 3.141ms
[308.631s][info][gc,phases,start] GC(160) Phase 3: Adjust pointers
[308.647s][info][gc,phases      ] GC(160) Phase 3: Adjust pointers 15.365ms
[308.647s][info][gc,phases,start] GC(160) Phase 4: Compact heap
[308.649s][info][gc,phases      ] GC(160) Phase 4: Compact heap 2.817ms
[308.668s][info][gc,heap        ] GC(160) Eden regions: 863->0(1228)
[308.668s][info][gc,heap        ] GC(160) Survivor regions: 22->0(154)
[308.668s][info][gc,heap        ] GC(160) Old regions: 172->70
[308.668s][info][gc,heap        ] GC(160) Archive regions: 0->0
[308.668s][info][gc,heap        ] GC(160) Humongous regions: 417->7
[308.668s][info][gc,metaspace   ] GC(160) Metaspace: 130375K(132160K)->130375K(132160K) NonClass: 113979K(114560K)->113979K(114560K) Class: 16396K(17600K)->16396K(17600K)
[308.668s][info][gc             ] GC(160) Pause Full (System.gc()) 1469M->75M(2048M) 59.568ms
[308.668s][info][gc,cpu         ] GC(160) User=0.22s Sys=0.00s Real=0.07s
[309.240s][info][gc,start       ] GC(161) Pause Young (Normal) (G1 Preventive Collection)
[309.240s][info][gc,task        ] GC(161) Using 6 workers of 6 for evacuation
[309.247s][info][gc             ] GC(161) To-space exhausted
[309.247s][info][gc,phases      ] GC(161)   Pre Evacuate Collection Set: 0.2ms
[309.247s][info][gc,phases      ] GC(161)   Merge Heap Roots: 0.2ms
[309.247s][info][gc,phases      ] GC(161)   Evacuate Collection Set: 3.4ms
[309.247s][info][gc,phases      ] GC(161)   Post Evacuate Collection Set: 3.7ms
[309.247s][info][gc,phases      ] GC(161)   Other: 0.3ms
[309.248s][info][gc,heap        ] GC(161) Eden regions: 1139->0(1207)
[309.248s][info][gc,heap        ] GC(161) Survivor regions: 0->21(21)
[309.248s][info][gc,heap        ] GC(161) Old regions: 70->161
[309.248s][info][gc,heap        ] GC(161) Archive regions: 0->0
[309.248s][info][gc,heap        ] GC(161) Humongous regions: 818->27
[309.248s][info][gc,metaspace   ] GC(161) Metaspace: 130375K(132160K)->130375K(132160K) NonClass: 113979K(114560K)->113979K(114560K) Class: 16396K(17600K)->16396K(17600K)
[309.248s][info][gc             ] GC(161) Pause Young (Normal) (G1 Preventive Collection) 2025M->207M(2048M) 7.973ms
[309.248s][info][gc,cpu         ] GC(161) User=0.00s Sys=0.00s Real=0.01s
[311.696s][info][gc,start       ] GC(162) Pause Young (Concurrent Start) (G1 Humongous Allocation)
[311.696s][info][gc,task        ] GC(162) Using 6 workers of 6 for evacuation
[311.701s][info][gc,phases      ] GC(162)   Pre Evacuate Collection Set: 0.2ms
[311.701s][info][gc,phases      ] GC(162)   Merge Heap Roots: 0.1ms
[311.701s][info][gc,phases      ] GC(162)   Evacuate Collection Set: 3.6ms
[311.701s][info][gc,phases      ] GC(162)   Post Evacuate Collection Set: 1.0ms
[311.701s][info][gc,phases      ] GC(162)   Other: 0.3ms
[311.701s][info][gc,heap        ] GC(162) Eden regions: 952->0(1208)
[311.701s][info][gc,heap        ] GC(162) Survivor regions: 21->20(154)
[311.701s][info][gc,heap        ] GC(162) Old regions: 161->161
[311.701s][info][gc,heap        ] GC(162) Archive regions: 0->0
[311.701s][info][gc,heap        ] GC(162) Humongous regions: 760->47
[311.701s][info][gc,metaspace   ] GC(162) Metaspace: 130376K(132160K)->130376K(132160K) NonClass: 113979K(114560K)->113979K(114560K) Class: 16396K(17600K)->16396K(17600K)
[311.701s][info][gc             ] GC(162) Pause Young (Concurrent Start) (G1 Humongous Allocation) 1892M->226M(2048M) 5.257ms
[311.701s][info][gc,cpu         ] GC(162) User=0.00s Sys=0.00s Real=0.01s
[311.701s][info][gc             ] GC(163) Concurrent Undo Cycle
[311.701s][info][gc,marking     ] GC(163) Concurrent Cleanup for Next Mark
[311.705s][info][gc,marking     ] GC(163) Concurrent Cleanup for Next Mark 4.040ms
[311.705s][info][gc             ] GC(163) Concurrent Undo Cycle 4.154ms
[315.117s][info][gc,start       ] GC(164) Pause Full (System.gc())
[315.117s][info][gc,task        ] GC(164) Using 6 workers of 6 for full compaction
[315.117s][info][gc,phases,start] GC(164) Phase 1: Mark live objects
[315.135s][info][gc,phases      ] GC(164) Phase 1: Mark live objects 17.449ms
[315.135s][info][gc,phases,start] GC(164) Phase 2: Prepare for compaction
[315.138s][info][gc,phases      ] GC(164) Phase 2: Prepare for compaction 3.477ms
[315.138s][info][gc,phases,start] GC(164) Phase 3: Adjust pointers
[315.154s][info][gc,phases      ] GC(164) Phase 3: Adjust pointers 15.395ms
[315.154s][info][gc,phases,start] GC(164) Phase 4: Compact heap
[315.157s][info][gc,phases      ] GC(164) Phase 4: Compact heap 3.057ms
[315.174s][info][gc,heap        ] GC(164) Eden regions: 834->0(1228)
[315.174s][info][gc,heap        ] GC(164) Survivor regions: 20->0(154)
[315.174s][info][gc,heap        ] GC(164) Old regions: 161->70
[315.174s][info][gc,heap        ] GC(164) Archive regions: 0->0
[315.174s][info][gc,heap        ] GC(164) Humongous regions: 401->7
[315.175s][info][gc,metaspace   ] GC(164) Metaspace: 130376K(132160K)->130376K(132160K) NonClass: 113979K(114560K)->113979K(114560K) Class: 16396K(17600K)->16396K(17600K)
[315.175s][info][gc             ] GC(164) Pause Full (System.gc()) 1413M->75M(2048M) 57.772ms
[315.175s][info][gc,cpu         ] GC(164) User=0.20s Sys=0.02s Real=0.06s
[315.745s][info][gc,start       ] GC(165) Pause Young (Normal) (G1 Preventive Collection)
[315.745s][info][gc,task        ] GC(165) Using 6 workers of 6 for evacuation
[315.751s][info][gc             ] GC(165) To-space exhausted
[315.751s][info][gc,phases      ] GC(165)   Pre Evacuate Collection Set: 0.2ms
[315.751s][info][gc,phases      ] GC(165)   Merge Heap Roots: 0.2ms
[315.751s][info][gc,phases      ] GC(165)   Evacuate Collection Set: 3.6ms
[315.751s][info][gc,phases      ] GC(165)   Post Evacuate Collection Set: 1.8ms
[315.751s][info][gc,phases      ] GC(165)   Other: 0.3ms
[315.751s][info][gc,heap        ] GC(165) Eden regions: 1137->0(1205)
[315.751s][info][gc,heap        ] GC(165) Survivor regions: 0->23(23)
[315.751s][info][gc,heap        ] GC(165) Old regions: 70->128
[315.751s][info][gc,heap        ] GC(165) Archive regions: 0->0
[315.751s][info][gc,heap        ] GC(165) Humongous regions: 818->37
[315.751s][info][gc,metaspace   ] GC(165) Metaspace: 130377K(132160K)->130377K(132160K) NonClass: 113981K(114560K)->113981K(114560K) Class: 16396K(17600K)->16396K(17600K)
[315.751s][info][gc             ] GC(165) Pause Young (Normal) (G1 Preventive Collection) 2023M->186M(2048M) 6.159ms
[315.751s][info][gc,cpu         ] GC(165) User=0.08s Sys=0.02s Real=0.00s
[318.474s][info][gc,start       ] GC(166) Pause Young (Concurrent Start) (G1 Humongous Allocation)
[318.474s][info][gc,task        ] GC(166) Using 6 workers of 6 for evacuation
[318.479s][info][gc,phases      ] GC(166)   Pre Evacuate Collection Set: 0.2ms
[318.479s][info][gc,phases      ] GC(166)   Merge Heap Roots: 0.1ms
[318.479s][info][gc,phases      ] GC(166)   Evacuate Collection Set: 3.5ms
[318.479s][info][gc,phases      ] GC(166)   Post Evacuate Collection Set: 1.1ms
[318.479s][info][gc,phases      ] GC(166)   Other: 0.3ms
[318.479s][info][gc,heap        ] GC(166) Eden regions: 993->0(1207)
[318.479s][info][gc,heap        ] GC(166) Survivor regions: 23->21(111)
[318.479s][info][gc,heap        ] GC(166) Old regions: 128->128
[318.479s][info][gc,heap        ] GC(166) Archive regions: 0->0
[318.479s][info][gc,heap        ] GC(166) Humongous regions: 793->47
[318.479s][info][gc,metaspace   ] GC(166) Metaspace: 130377K(132160K)->130377K(132160K) NonClass: 113981K(114560K)->113981K(114560K) Class: 16396K(17600K)->16396K(17600K)
[318.479s][info][gc             ] GC(166) Pause Young (Concurrent Start) (G1 Humongous Allocation) 1934M->194M(2048M) 5.303ms
[318.479s][info][gc,cpu         ] GC(166) User=0.00s Sys=0.00s Real=0.00s
[318.479s][info][gc             ] GC(167) Concurrent Undo Cycle
[318.480s][info][gc,marking     ] GC(167) Concurrent Cleanup for Next Mark
[318.483s][info][gc,marking     ] GC(167) Concurrent Cleanup for Next Mark 3.798ms
[318.483s][info][gc             ] GC(167) Concurrent Undo Cycle 3.945ms
[321.615s][info][gc,start       ] GC(168) Pause Full (System.gc())
[321.615s][info][gc,task        ] GC(168) Using 6 workers of 6 for full compaction
[321.615s][info][gc,phases,start] GC(168) Phase 1: Mark live objects
[321.635s][info][gc,phases      ] GC(168) Phase 1: Mark live objects 20.205ms
[321.636s][info][gc,phases,start] GC(168) Phase 2: Prepare for compaction
[321.639s][info][gc,phases      ] GC(168) Phase 2: Prepare for compaction 3.252ms
[321.639s][info][gc,phases,start] GC(168) Phase 3: Adjust pointers
[321.654s][info][gc,phases      ] GC(168) Phase 3: Adjust pointers 15.580ms
[321.655s][info][gc,phases,start] GC(168) Phase 4: Compact heap
[321.657s][info][gc,phases      ] GC(168) Phase 4: Compact heap 2.324ms
[321.675s][info][gc,heap        ] GC(168) Eden regions: 794->0(1228)
[321.676s][info][gc,heap        ] GC(168) Survivor regions: 21->0(111)
[321.676s][info][gc,heap        ] GC(168) Old regions: 128->72
[321.676s][info][gc,heap        ] GC(168) Archive regions: 0->0
[321.676s][info][gc,heap        ] GC(168) Humongous regions: 378->7
[321.676s][info][gc,metaspace   ] GC(168) Metaspace: 130377K(132160K)->130377K(132160K) NonClass: 113981K(114560K)->113981K(114560K) Class: 16396K(17600K)->16396K(17600K)
[321.676s][info][gc             ] GC(168) Pause Full (System.gc()) 1318M->75M(2048M) 60.639ms
[321.676s][info][gc,cpu         ] GC(168) User=0.25s Sys=0.00s Real=0.07s
[322.222s][info][gc,start       ] GC(169) Pause Young (Normal) (G1 Preventive Collection)
[322.222s][info][gc,task        ] GC(169) Using 6 workers of 6 for evacuation
[322.229s][info][gc             ] GC(169) To-space exhausted
[322.229s][info][gc,phases      ] GC(169)   Pre Evacuate Collection Set: 0.2ms
[322.229s][info][gc,phases      ] GC(169)   Merge Heap Roots: 0.2ms
[322.230s][info][gc,phases      ] GC(169)   Evacuate Collection Set: 3.4ms
[322.230s][info][gc,phases      ] GC(169)   Post Evacuate Collection Set: 3.8ms
[322.230s][info][gc,phases      ] GC(169)   Other: 0.3ms
[322.230s][info][gc,heap        ] GC(169) Eden regions: 1137->0(1207)
[322.230s][info][gc,heap        ] GC(169) Survivor regions: 0->21(21)
[322.230s][info][gc,heap        ] GC(169) Old regions: 72->186
[322.230s][info][gc,heap        ] GC(169) Archive regions: 0->0
[322.230s][info][gc,heap        ] GC(169) Humongous regions: 818->32
[322.230s][info][gc,metaspace   ] GC(169) Metaspace: 130385K(132160K)->130385K(132160K) NonClass: 113989K(114560K)->113989K(114560K) Class: 16396K(17600K)->16396K(17600K)
[322.230s][info][gc             ] GC(169) Pause Young (Normal) (G1 Preventive Collection) 2023M->235M(2048M) 7.973ms
[322.230s][info][gc,cpu         ] GC(169) User=0.00s Sys=0.00s Real=0.01s
[324.425s][info][gc,start       ] GC(170) Pause Young (Concurrent Start) (G1 Humongous Allocation)
[324.425s][info][gc,task        ] GC(170) Using 6 workers of 6 for evacuation
[324.431s][info][gc,phases      ] GC(170)   Pre Evacuate Collection Set: 0.2ms
[324.431s][info][gc,phases      ] GC(170)   Merge Heap Roots: 0.2ms
[324.431s][info][gc,phases      ] GC(170)   Evacuate Collection Set: 3.4ms
[324.431s][info][gc,phases      ] GC(170)   Post Evacuate Collection Set: 1.1ms
[324.431s][info][gc,phases      ] GC(170)   Other: 0.3ms
[324.431s][info][gc,heap        ] GC(170) Eden regions: 882->0(1208)
[324.431s][info][gc,heap        ] GC(170) Survivor regions: 21->20(154)
[324.431s][info][gc,heap        ] GC(170) Old regions: 186->186
[324.431s][info][gc,heap        ] GC(170) Archive regions: 0->0
[324.431s][info][gc,heap        ] GC(170) Humongous regions: 736->47
[324.431s][info][gc,metaspace   ] GC(170) Metaspace: 130385K(132160K)->130385K(132160K) NonClass: 113989K(114560K)->113989K(114560K) Class: 16396K(17600K)->16396K(17600K)
[324.431s][info][gc             ] GC(170) Pause Young (Concurrent Start) (G1 Humongous Allocation) 1820M->249M(2048M) 5.250ms
[324.431s][info][gc,cpu         ] GC(170) User=0.00s Sys=0.00s Real=0.00s
[324.431s][info][gc             ] GC(171) Concurrent Undo Cycle
[324.431s][info][gc,marking     ] GC(171) Concurrent Cleanup for Next Mark
[324.435s][info][gc,marking     ] GC(171) Concurrent Cleanup for Next Mark 4.560ms
[324.435s][info][gc             ] GC(171) Concurrent Undo Cycle 4.686ms
[328.116s][info][gc,start       ] GC(172) Pause Full (System.gc())
[328.116s][info][gc,task        ] GC(172) Using 6 workers of 6 for full compaction
[328.116s][info][gc,phases,start] GC(172) Phase 1: Mark live objects
[328.133s][info][gc,phases      ] GC(172) Phase 1: Mark live objects 17.365ms
[328.133s][info][gc,phases,start] GC(172) Phase 2: Prepare for compaction
[328.137s][info][gc,phases      ] GC(172) Phase 2: Prepare for compaction 3.601ms
[328.137s][info][gc,phases,start] GC(172) Phase 3: Adjust pointers
[328.152s][info][gc,phases      ] GC(172) Phase 3: Adjust pointers 15.226ms
[328.152s][info][gc,phases,start] GC(172) Phase 4: Compact heap
[328.155s][info][gc,phases      ] GC(172) Phase 4: Compact heap 2.810ms
[328.173s][info][gc,heap        ] GC(172) Eden regions: 906->0(1228)
[328.173s][info][gc,heap        ] GC(172) Survivor regions: 20->0(154)
[328.173s][info][gc,heap        ] GC(172) Old regions: 186->72
[328.173s][info][gc,heap        ] GC(172) Archive regions: 0->0
[328.173s][info][gc,heap        ] GC(172) Humongous regions: 430->7
[328.173s][info][gc,metaspace   ] GC(172) Metaspace: 130386K(132160K)->130386K(132160K) NonClass: 113990K(114560K)->113990K(114560K) Class: 16396K(17600K)->16396K(17600K)
[328.173s][info][gc             ] GC(172) Pause Full (System.gc()) 1537M->75M(2048M) 57.115ms
[328.173s][info][gc,cpu         ] GC(172) User=0.30s Sys=0.00s Real=0.05s
[328.731s][info][gc,start       ] GC(173) Pause Young (Normal) (G1 Preventive Collection)
[328.731s][info][gc,task        ] GC(173) Using 6 workers of 6 for evacuation
[328.737s][info][gc             ] GC(173) To-space exhausted
[328.737s][info][gc,phases      ] GC(173)   Pre Evacuate Collection Set: 0.2ms
[328.737s][info][gc,phases      ] GC(173)   Merge Heap Roots: 0.1ms
[328.737s][info][gc,phases      ] GC(173)   Evacuate Collection Set: 3.8ms
[328.737s][info][gc,phases      ] GC(173)   Post Evacuate Collection Set: 2.0ms
[328.737s][info][gc,phases      ] GC(173)   Other: 0.4ms
[328.737s][info][gc,heap        ] GC(173) Eden regions: 1139->0(1204)
[328.737s][info][gc,heap        ] GC(173) Survivor regions: 0->24(24)
[328.737s][info][gc,heap        ] GC(173) Old regions: 72->133
[328.737s][info][gc,heap        ] GC(173) Archive regions: 0->0
[328.737s][info][gc,heap        ] GC(173) Humongous regions: 813->32
[328.737s][info][gc,metaspace   ] GC(173) Metaspace: 130415K(132224K)->130415K(132224K) NonClass: 114019K(114624K)->114019K(114624K) Class: 16396K(17600K)->16396K(17600K)
[328.737s][info][gc             ] GC(173) Pause Young (Normal) (G1 Preventive Collection) 2019M->185M(2048M) 6.493ms
[328.737s][info][gc,cpu         ] GC(173) User=0.09s Sys=0.00s Real=0.00s
[331.364s][info][gc,start       ] GC(174) Pause Young (Concurrent Start) (G1 Humongous Allocation)
[331.364s][info][gc,task        ] GC(174) Using 6 workers of 6 for evacuation
[331.369s][info][gc,phases      ] GC(174)   Pre Evacuate Collection Set: 0.2ms
[331.369s][info][gc,phases      ] GC(174)   Merge Heap Roots: 0.1ms
[331.369s][info][gc,phases      ] GC(174)   Evacuate Collection Set: 4.1ms
[331.369s][info][gc,phases      ] GC(174)   Post Evacuate Collection Set: 0.9ms
[331.369s][info][gc,phases      ] GC(174)   Other: 0.2ms
[331.369s][info][gc,heap        ] GC(174) Eden regions: 982->0(1205)
[331.369s][info][gc,heap        ] GC(174) Survivor regions: 24->23(120)
[331.369s][info][gc,heap        ] GC(174) Old regions: 133->133
[331.369s][info][gc,heap        ] GC(174) Archive regions: 0->0
[331.369s][info][gc,heap        ] GC(174) Humongous regions: 789->47
[331.369s][info][gc,metaspace   ] GC(174) Metaspace: 130415K(132224K)->130415K(132224K) NonClass: 114019K(114624K)->114019K(114624K) Class: 16396K(17600K)->16396K(17600K)
[331.369s][info][gc             ] GC(174) Pause Young (Concurrent Start) (G1 Humongous Allocation) 1923M->198M(2048M) 5.752ms
[331.369s][info][gc,cpu         ] GC(174) User=0.00s Sys=0.00s Real=0.01s
[331.369s][info][gc             ] GC(175) Concurrent Undo Cycle
[331.369s][info][gc,marking     ] GC(175) Concurrent Cleanup for Next Mark
[331.373s][info][gc,marking     ] GC(175) Concurrent Cleanup for Next Mark 3.869ms
[331.373s][info][gc             ] GC(175) Concurrent Undo Cycle 3.997ms
[334.633s][info][gc,start       ] GC(176) Pause Full (System.gc())
[334.633s][info][gc,task        ] GC(176) Using 6 workers of 6 for full compaction
[334.633s][info][gc,phases,start] GC(176) Phase 1: Mark live objects
[334.651s][info][gc,phases      ] GC(176) Phase 1: Mark live objects 17.347ms
[334.651s][info][gc,phases,start] GC(176) Phase 2: Prepare for compaction
[334.654s][info][gc,phases      ] GC(176) Phase 2: Prepare for compaction 3.388ms
[334.654s][info][gc,phases,start] GC(176) Phase 3: Adjust pointers
[334.669s][info][gc,phases      ] GC(176) Phase 3: Adjust pointers 15.314ms
[334.670s][info][gc,phases,start] GC(176) Phase 4: Compact heap
[334.673s][info][gc,phases      ] GC(176) Phase 4: Compact heap 3.311ms
[334.691s][info][gc,heap        ] GC(176) Eden regions: 806->0(1228)
[334.691s][info][gc,heap        ] GC(176) Survivor regions: 23->0(120)
[334.691s][info][gc,heap        ] GC(176) Old regions: 133->70
[334.691s][info][gc,heap        ] GC(176) Archive regions: 0->0
[334.691s][info][gc,heap        ] GC(176) Humongous regions: 382->7
[334.691s][info][gc,metaspace   ] GC(176) Metaspace: 130437K(132224K)->130437K(132224K) NonClass: 114040K(114624K)->114040K(114624K) Class: 16396K(17600K)->16396K(17600K)
[334.691s][info][gc             ] GC(176) Pause Full (System.gc()) 1339M->75M(2048M) 58.598ms
[334.692s][info][gc,cpu         ] GC(176) User=0.20s Sys=0.00s Real=0.05s
[335.241s][info][gc,start       ] GC(177) Pause Young (Normal) (G1 Preventive Collection)
[335.241s][info][gc,task        ] GC(177) Using 6 workers of 6 for evacuation
[335.248s][info][gc             ] GC(177) To-space exhausted
[335.248s][info][gc,phases      ] GC(177)   Pre Evacuate Collection Set: 0.2ms
[335.248s][info][gc,phases      ] GC(177)   Merge Heap Roots: 0.2ms
[335.248s][info][gc,phases      ] GC(177)   Evacuate Collection Set: 3.3ms
[335.248s][info][gc,phases      ] GC(177)   Post Evacuate Collection Set: 3.3ms
[335.248s][info][gc,phases      ] GC(177)   Other: 0.4ms
[335.248s][info][gc,heap        ] GC(177) Eden regions: 1139->0(1207)
[335.248s][info][gc,heap        ] GC(177) Survivor regions: 0->21(21)
[335.248s][info][gc,heap        ] GC(177) Old regions: 70->159
[335.248s][info][gc,heap        ] GC(177) Archive regions: 0->0
[335.248s][info][gc,heap        ] GC(177) Humongous regions: 818->27
[335.248s][info][gc,metaspace   ] GC(177) Metaspace: 130437K(132224K)->130437K(132224K) NonClass: 114040K(114624K)->114040K(114624K) Class: 16396K(17600K)->16396K(17600K)
[335.248s][info][gc             ] GC(177) Pause Young (Normal) (G1 Preventive Collection) 2025M->205M(2048M) 7.339ms
[335.248s][info][gc,cpu         ] GC(177) User=0.00s Sys=0.00s Real=0.01s
[337.731s][info][gc,start       ] GC(178) Pause Young (Concurrent Start) (G1 Humongous Allocation)
[337.731s][info][gc,task        ] GC(178) Using 6 workers of 6 for evacuation
[337.736s][info][gc,phases      ] GC(178)   Pre Evacuate Collection Set: 0.3ms
[337.736s][info][gc,phases      ] GC(178)   Merge Heap Roots: 0.1ms
[337.736s][info][gc,phases      ] GC(178)   Evacuate Collection Set: 3.4ms
[337.736s][info][gc,phases      ] GC(178)   Post Evacuate Collection Set: 1.1ms
[337.736s][info][gc,phases      ] GC(178)   Other: 0.3ms
[337.736s][info][gc,heap        ] GC(178) Eden regions: 952->0(1207)
[337.737s][info][gc,heap        ] GC(178) Survivor regions: 21->21(154)
[337.737s][info][gc,heap        ] GC(178) Old regions: 159->159
[337.737s][info][gc,heap        ] GC(178) Archive regions: 0->0
[337.737s][info][gc,heap        ] GC(178) Humongous regions: 762->47
[337.737s][info][gc,metaspace   ] GC(178) Metaspace: 130437K(132224K)->130437K(132224K) NonClass: 114040K(114624K)->114040K(114624K) Class: 16396K(17600K)->16396K(17600K)
[337.737s][info][gc             ] GC(178) Pause Young (Concurrent Start) (G1 Humongous Allocation) 1892M->224M(2048M) 5.322ms
[337.737s][info][gc,cpu         ] GC(178) User=0.08s Sys=0.02s Real=0.01s
[337.737s][info][gc             ] GC(179) Concurrent Undo Cycle
[337.737s][info][gc,marking     ] GC(179) Concurrent Cleanup for Next Mark
[337.741s][info][gc,marking     ] GC(179) Concurrent Cleanup for Next Mark 4.182ms
[337.741s][info][gc             ] GC(179) Concurrent Undo Cycle 4.322ms
[341.140s][info][gc,start       ] GC(180) Pause Full (System.gc())
[341.140s][info][gc,task        ] GC(180) Using 6 workers of 6 for full compaction
[341.140s][info][gc,phases,start] GC(180) Phase 1: Mark live objects
[341.158s][info][gc,phases      ] GC(180) Phase 1: Mark live objects 18.363ms
[341.158s][info][gc,phases,start] GC(180) Phase 2: Prepare for compaction
[341.162s][info][gc,phases      ] GC(180) Phase 2: Prepare for compaction 3.732ms
[341.162s][info][gc,phases,start] GC(180) Phase 3: Adjust pointers
[341.177s][info][gc,phases      ] GC(180) Phase 3: Adjust pointers 15.272ms
[341.178s][info][gc,phases,start] GC(180) Phase 4: Compact heap
[341.180s][info][gc,phases      ] GC(180) Phase 4: Compact heap 2.815ms
[341.199s][info][gc,heap        ] GC(180) Eden regions: 834->0(1228)
[341.199s][info][gc,heap        ] GC(180) Survivor regions: 21->0(154)
[341.199s][info][gc,heap        ] GC(180) Old regions: 159->72
[341.199s][info][gc,heap        ] GC(180) Archive regions: 0->0
[341.199s][info][gc,heap        ] GC(180) Humongous regions: 399->7
[341.199s][info][gc,metaspace   ] GC(180) Metaspace: 130437K(132224K)->130437K(132224K) NonClass: 114040K(114624K)->114040K(114624K) Class: 16396K(17600K)->16396K(17600K)
[341.199s][info][gc             ] GC(180) Pause Full (System.gc()) 1410M->75M(2048M) 59.561ms
[341.199s][info][gc,cpu         ] GC(180) User=0.22s Sys=0.00s Real=0.06s
[341.742s][info][gc,start       ] GC(181) Pause Young (Normal) (G1 Preventive Collection)
[341.742s][info][gc,task        ] GC(181) Using 6 workers of 6 for evacuation
[341.750s][info][gc             ] GC(181) To-space exhausted
[341.750s][info][gc,phases      ] GC(181)   Pre Evacuate Collection Set: 0.2ms
[341.750s][info][gc,phases      ] GC(181)   Merge Heap Roots: 0.2ms
[341.750s][info][gc,phases      ] GC(181)   Evacuate Collection Set: 3.6ms
[341.750s][info][gc,phases      ] GC(181)   Post Evacuate Collection Set: 3.4ms
[341.750s][info][gc,phases      ] GC(181)   Other: 0.3ms
[341.750s][info][gc,heap        ] GC(181) Eden regions: 1137->0(1207)
[341.750s][info][gc,heap        ] GC(181) Survivor regions: 0->21(21)
[341.750s][info][gc,heap        ] GC(181) Old regions: 72->166
[341.750s][info][gc,heap        ] GC(181) Archive regions: 0->0
[341.750s][info][gc,heap        ] GC(181) Humongous regions: 818->42
[341.750s][info][gc,metaspace   ] GC(181) Metaspace: 130486K(132288K)->130486K(132288K) NonClass: 114090K(114688K)->114090K(114688K) Class: 16396K(17600K)->16396K(17600K)
[341.750s][info][gc             ] GC(181) Pause Young (Normal) (G1 Preventive Collection) 2022M->225M(2048M) 7.760ms
[341.750s][info][gc,cpu         ] GC(181) User=0.00s Sys=0.00s Real=0.01s
[343.950s][info][gc,start       ] GC(182) Pause Young (Concurrent Start) (G1 Humongous Allocation)
[343.950s][info][gc,task        ] GC(182) Using 6 workers of 6 for evacuation
[343.955s][info][gc,phases      ] GC(182)   Pre Evacuate Collection Set: 0.2ms
[343.955s][info][gc,phases      ] GC(182)   Merge Heap Roots: 0.1ms
[343.955s][info][gc,phases      ] GC(182)   Evacuate Collection Set: 3.4ms
[343.955s][info][gc,phases      ] GC(182)   Post Evacuate Collection Set: 0.9ms
[343.955s][info][gc,phases      ] GC(182)   Other: 0.3ms
[343.955s][info][gc,heap        ] GC(182) Eden regions: 884->0(1207)
[343.955s][info][gc,heap        ] GC(182) Survivor regions: 21->21(154)
[343.955s][info][gc,heap        ] GC(182) Old regions: 166->166
[343.955s][info][gc,heap        ] GC(182) Archive regions: 0->0
[343.955s][info][gc,heap        ] GC(182) Humongous regions: 754->47
[343.955s][info][gc,metaspace   ] GC(182) Metaspace: 130487K(132288K)->130487K(132288K) NonClass: 114091K(114688K)->114091K(114688K) Class: 16396K(17600K)->16396K(17600K)
[343.955s][info][gc             ] GC(182) Pause Young (Concurrent Start) (G1 Humongous Allocation) 1820M->229M(2048M) 5.090ms
[343.956s][info][gc,cpu         ] GC(182) User=0.09s Sys=0.00s Real=0.01s
[343.956s][info][gc             ] GC(183) Concurrent Undo Cycle
[343.956s][info][gc,marking     ] GC(183) Concurrent Cleanup for Next Mark
[343.960s][info][gc,marking     ] GC(183) Concurrent Cleanup for Next Mark 4.426ms
[343.960s][info][gc             ] GC(183) Concurrent Undo Cycle 4.578ms
[347.602s][info][gc,start       ] GC(184) Pause Full (System.gc())
[347.602s][info][gc,task        ] GC(184) Using 6 workers of 6 for full compaction
[347.603s][info][gc,phases,start] GC(184) Phase 1: Mark live objects
[347.622s][info][gc,phases      ] GC(184) Phase 1: Mark live objects 19.303ms
[347.622s][info][gc,phases,start] GC(184) Phase 2: Prepare for compaction
[347.626s][info][gc,phases      ] GC(184) Phase 2: Prepare for compaction 3.537ms
[347.626s][info][gc,phases,start] GC(184) Phase 3: Adjust pointers
[347.642s][info][gc,phases      ] GC(184) Phase 3: Adjust pointers 16.823ms
[347.643s][info][gc,phases,start] GC(184) Phase 4: Compact heap
[347.645s][info][gc,phases      ] GC(184) Phase 4: Compact heap 2.853ms
[347.663s][info][gc,heap        ] GC(184) Eden regions: 907->0(1228)
[347.663s][info][gc,heap        ] GC(184) Survivor regions: 21->0(154)
[347.663s][info][gc,heap        ] GC(184) Old regions: 166->72
[347.663s][info][gc,heap        ] GC(184) Archive regions: 0->0
[347.663s][info][gc,heap        ] GC(184) Humongous regions: 422->7
[347.663s][info][gc,metaspace   ] GC(184) Metaspace: 130487K(132288K)->130487K(132288K) NonClass: 114091K(114688K)->114091K(114688K) Class: 16396K(17600K)->16396K(17600K)
[347.663s][info][gc             ] GC(184) Pause Full (System.gc()) 1510M->74M(2048M) 61.132ms
[347.663s][info][gc,cpu         ] GC(184) User=0.19s Sys=0.02s Real=0.07s
[348.202s][info][gc,start       ] GC(185) Pause Young (Normal) (G1 Preventive Collection)
[348.202s][info][gc,task        ] GC(185) Using 6 workers of 6 for evacuation
[348.210s][info][gc             ] GC(185) To-space exhausted
[348.210s][info][gc,phases      ] GC(185)   Pre Evacuate Collection Set: 0.2ms
[348.210s][info][gc,phases      ] GC(185)   Merge Heap Roots: 0.2ms
[348.210s][info][gc,phases      ] GC(185)   Evacuate Collection Set: 3.4ms
[348.210s][info][gc,phases      ] GC(185)   Post Evacuate Collection Set: 3.6ms
[348.210s][info][gc,phases      ] GC(185)   Other: 0.3ms
[348.210s][info][gc,heap        ] GC(185) Eden regions: 1138->0(1208)
[348.210s][info][gc,heap        ] GC(185) Survivor regions: 0->20(20)
[348.210s][info][gc,heap        ] GC(185) Old regions: 72->184
[348.210s][info][gc,heap        ] GC(185) Archive regions: 0->0
[348.210s][info][gc,heap        ] GC(185) Humongous regions: 818->32
[348.210s][info][gc,metaspace   ] GC(185) Metaspace: 130520K(132352K)->130520K(132352K) NonClass: 114123K(114752K)->114123K(114752K) Class: 16396K(17600K)->16396K(17600K)
[348.210s][info][gc             ] GC(185) Pause Young (Normal) (G1 Preventive Collection) 2023M->231M(2048M) 7.775ms
[348.210s][info][gc,cpu         ] GC(185) User=0.09s Sys=0.00s Real=0.01s
[350.397s][info][gc,start       ] GC(186) Pause Young (Concurrent Start) (G1 Humongous Allocation)
[350.397s][info][gc,task        ] GC(186) Using 6 workers of 6 for evacuation
[350.402s][info][gc,phases      ] GC(186)   Pre Evacuate Collection Set: 0.2ms
[350.402s][info][gc,phases      ] GC(186)   Merge Heap Roots: 0.1ms
[350.402s][info][gc,phases      ] GC(186)   Evacuate Collection Set: 3.3ms
[350.402s][info][gc,phases      ] GC(186)   Post Evacuate Collection Set: 0.9ms
[350.402s][info][gc,phases      ] GC(186)   Other: 0.2ms
[350.402s][info][gc,heap        ] GC(186) Eden regions: 881->0(1208)
[350.402s][info][gc,heap        ] GC(186) Survivor regions: 20->20(154)
[350.402s][info][gc,heap        ] GC(186) Old regions: 184->184
[350.402s][info][gc,heap        ] GC(186) Archive regions: 0->0
[350.402s][info][gc,heap        ] GC(186) Humongous regions: 738->47
[350.402s][info][gc,metaspace   ] GC(186) Metaspace: 130520K(132352K)->130520K(132352K) NonClass: 114124K(114752K)->114124K(114752K) Class: 16396K(17600K)->16396K(17600K)
[350.402s][info][gc             ] GC(186) Pause Young (Concurrent Start) (G1 Humongous Allocation) 1818M->246M(2048M) 4.939ms
[350.402s][info][gc,cpu         ] GC(186) User=0.00s Sys=0.00s Real=0.00s
[350.402s][info][gc             ] GC(187) Concurrent Undo Cycle
[350.402s][info][gc,marking     ] GC(187) Concurrent Cleanup for Next Mark
[350.406s][info][gc,marking     ] GC(187) Concurrent Cleanup for Next Mark 4.466ms
[350.407s][info][gc             ] GC(187) Concurrent Undo Cycle 4.628ms
[354.076s][info][gc,start       ] GC(188) Pause Full (System.gc())
[354.076s][info][gc,task        ] GC(188) Using 6 workers of 6 for full compaction
[354.076s][info][gc,phases,start] GC(188) Phase 1: Mark live objects
[354.094s][info][gc,phases      ] GC(188) Phase 1: Mark live objects 17.852ms
[354.094s][info][gc,phases,start] GC(188) Phase 2: Prepare for compaction
[354.098s][info][gc,phases      ] GC(188) Phase 2: Prepare for compaction 3.259ms
[354.098s][info][gc,phases,start] GC(188) Phase 3: Adjust pointers
[354.113s][info][gc,phases      ] GC(188) Phase 3: Adjust pointers 14.927ms
[354.113s][info][gc,phases,start] GC(188) Phase 4: Compact heap
[354.115s][info][gc,phases      ] GC(188) Phase 4: Compact heap 2.234ms
[354.132s][info][gc,heap        ] GC(188) Eden regions: 906->0(1228)
[354.132s][info][gc,heap        ] GC(188) Survivor regions: 20->0(154)
[354.132s][info][gc,heap        ] GC(188) Old regions: 184->71
[354.132s][info][gc,heap        ] GC(188) Archive regions: 0->0
[354.132s][info][gc,heap        ] GC(188) Humongous regions: 428->7
[354.132s][info][gc,metaspace   ] GC(188) Metaspace: 130536K(132352K)->130536K(132352K) NonClass: 114140K(114752K)->114140K(114752K) Class: 16396K(17600K)->16396K(17600K)
[354.132s][info][gc             ] GC(188) Pause Full (System.gc()) 1533M->75M(2048M) 56.334ms
[354.133s][info][gc,cpu         ] GC(188) User=0.17s Sys=0.00s Real=0.06s
[354.675s][info][gc,start       ] GC(189) Pause Young (Normal) (G1 Preventive Collection)
[354.675s][info][gc,task        ] GC(189) Using 6 workers of 6 for evacuation
[354.680s][info][gc             ] GC(189) To-space exhausted
[354.680s][info][gc,phases      ] GC(189)   Pre Evacuate Collection Set: 0.2ms
[354.680s][info][gc,phases      ] GC(189)   Merge Heap Roots: 0.2ms
[354.680s][info][gc,phases      ] GC(189)   Evacuate Collection Set: 3.1ms
[354.680s][info][gc,phases      ] GC(189)   Post Evacuate Collection Set: 1.9ms
[354.680s][info][gc,phases      ] GC(189)   Other: 0.3ms
[354.680s][info][gc,heap        ] GC(189) Eden regions: 1140->0(1209)
[354.680s][info][gc,heap        ] GC(189) Survivor regions: 0->19(19)
[354.680s][info][gc,heap        ] GC(189) Old regions: 71->158
[354.680s][info][gc,heap        ] GC(189) Archive regions: 0->0
[354.680s][info][gc,heap        ] GC(189) Humongous regions: 818->27
[354.680s][info][gc,metaspace   ] GC(189) Metaspace: 130563K(132352K)->130563K(132352K) NonClass: 114167K(114752K)->114167K(114752K) Class: 16396K(17600K)->16396K(17600K)
[354.680s][info][gc             ] GC(189) Pause Young (Normal) (G1 Preventive Collection) 2026M->201M(2048M) 5.707ms
[354.680s][info][gc,cpu         ] GC(189) User=0.00s Sys=0.00s Real=0.00s
[357.141s][info][gc,start       ] GC(190) Pause Young (Concurrent Start) (G1 Humongous Allocation)
[357.141s][info][gc,task        ] GC(190) Using 6 workers of 6 for evacuation
[357.146s][info][gc,phases      ] GC(190)   Pre Evacuate Collection Set: 0.2ms
[357.146s][info][gc,phases      ] GC(190)   Merge Heap Roots: 0.1ms
[357.146s][info][gc,phases      ] GC(190)   Evacuate Collection Set: 2.9ms
[357.146s][info][gc,phases      ] GC(190)   Post Evacuate Collection Set: 0.9ms
[357.146s][info][gc,phases      ] GC(190)   Other: 0.2ms
[357.146s][info][gc,heap        ] GC(190) Eden regions: 952->0(1211)
[357.146s][info][gc,heap        ] GC(190) Survivor regions: 19->17(154)
[357.146s][info][gc,heap        ] GC(190) Old regions: 158->158
[357.146s][info][gc,heap        ] GC(190) Archive regions: 0->0
[357.146s][info][gc,heap        ] GC(190) Humongous regions: 764->47
[357.146s][info][gc,metaspace   ] GC(190) Metaspace: 130563K(132352K)->130563K(132352K) NonClass: 114167K(114752K)->114167K(114752K) Class: 16396K(17600K)->16396K(17600K)
[357.146s][info][gc             ] GC(190) Pause Young (Concurrent Start) (G1 Humongous Allocation) 1889M->218M(2048M) 4.478ms
[357.146s][info][gc,cpu         ] GC(190) User=0.00s Sys=0.00s Real=0.00s
[357.146s][info][gc             ] GC(191) Concurrent Undo Cycle
[357.146s][info][gc,marking     ] GC(191) Concurrent Cleanup for Next Mark
[357.150s][info][gc,marking     ] GC(191) Concurrent Cleanup for Next Mark 4.396ms
[357.150s][info][gc             ] GC(191) Concurrent Undo Cycle 4.550ms
[360.562s][info][gc,start       ] GC(192) Pause Full (System.gc())
[360.562s][info][gc,task        ] GC(192) Using 6 workers of 6 for full compaction
[360.562s][info][gc,phases,start] GC(192) Phase 1: Mark live objects
[360.582s][info][gc,phases      ] GC(192) Phase 1: Mark live objects 19.899ms
[360.582s][info][gc,phases,start] GC(192) Phase 2: Prepare for compaction
[360.586s][info][gc,phases      ] GC(192) Phase 2: Prepare for compaction 3.539ms
[360.586s][info][gc,phases,start] GC(192) Phase 3: Adjust pointers
[360.601s][info][gc,phases      ] GC(192) Phase 3: Adjust pointers 15.251ms
[360.601s][info][gc,phases,start] GC(192) Phase 4: Compact heap
[360.604s][info][gc,phases      ] GC(192) Phase 4: Compact heap 3.057ms
[360.622s][info][gc,heap        ] GC(192) Eden regions: 834->0(1228)
[360.622s][info][gc,heap        ] GC(192) Survivor regions: 17->0(154)
[360.622s][info][gc,heap        ] GC(192) Old regions: 158->72
[360.622s][info][gc,heap        ] GC(192) Archive regions: 0->0
[360.622s][info][gc,heap        ] GC(192) Humongous regions: 397->7
[360.622s][info][gc,metaspace   ] GC(192) Metaspace: 130577K(132352K)->130577K(132352K) NonClass: 114181K(114752K)->114181K(114752K) Class: 16396K(17600K)->16396K(17600K)
[360.622s][info][gc             ] GC(192) Pause Full (System.gc()) 1402M->74M(2048M) 59.745ms
[360.622s][info][gc,cpu         ] GC(192) User=0.22s Sys=0.00s Real=0.05s
[361.176s][info][gc,start       ] GC(193) Pause Young (Normal) (G1 Preventive Collection)
[361.176s][info][gc,task        ] GC(193) Using 6 workers of 6 for evacuation
[361.183s][info][gc             ] GC(193) To-space exhausted
[361.183s][info][gc,phases      ] GC(193)   Pre Evacuate Collection Set: 0.2ms
[361.183s][info][gc,phases      ] GC(193)   Merge Heap Roots: 0.1ms
[361.183s][info][gc,phases      ] GC(193)   Evacuate Collection Set: 3.2ms
[361.183s][info][gc,phases      ] GC(193)   Post Evacuate Collection Set: 3.4ms
[361.183s][info][gc,phases      ] GC(193)   Other: 0.3ms
[361.183s][info][gc,heap        ] GC(193) Eden regions: 1139->0(1209)
[361.183s][info][gc,heap        ] GC(193) Survivor regions: 0->19(19)
[361.183s][info][gc,heap        ] GC(193) Old regions: 72->167
[361.183s][info][gc,heap        ] GC(193) Archive regions: 0->0
[361.183s][info][gc,heap        ] GC(193) Humongous regions: 818->32
[361.183s][info][gc,metaspace   ] GC(193) Metaspace: 130577K(132352K)->130577K(132352K) NonClass: 114181K(114752K)->114181K(114752K) Class: 16396K(17600K)->16396K(17600K)
[361.183s][info][gc             ] GC(193) Pause Young (Normal) (G1 Preventive Collection) 2024M->213M(2048M) 7.175ms
[361.183s][info][gc,cpu         ] GC(193) User=0.00s Sys=0.00s Real=0.01s
[363.586s][info][gc,start       ] GC(194) Pause Young (Concurrent Start) (G1 Humongous Allocation)
[363.586s][info][gc,task        ] GC(194) Using 6 workers of 6 for evacuation
[363.591s][info][gc,phases      ] GC(194)   Pre Evacuate Collection Set: 0.3ms
[363.591s][info][gc,phases      ] GC(194)   Merge Heap Roots: 0.1ms
[363.591s][info][gc,phases      ] GC(194)   Evacuate Collection Set: 3.8ms
[363.591s][info][gc,phases      ] GC(194)   Post Evacuate Collection Set: 1.2ms
[363.591s][info][gc,phases      ] GC(194)   Other: 0.3ms
[363.591s][info][gc,heap        ] GC(194) Eden regions: 936->0(1206)
[363.591s][info][gc,heap        ] GC(194) Survivor regions: 19->22(154)
[363.591s][info][gc,heap        ] GC(194) Old regions: 167->167
[363.591s][info][gc,heap        ] GC(194) Archive regions: 0->0
[363.591s][info][gc,heap        ] GC(194) Humongous regions: 755->47
[363.591s][info][gc,metaspace   ] GC(194) Metaspace: 130577K(132352K)->130577K(132352K) NonClass: 114181K(114752K)->114181K(114752K) Class: 16396K(17600K)->16396K(17600K)
[363.591s][info][gc             ] GC(194) Pause Young (Concurrent Start) (G1 Humongous Allocation) 1872M->231M(2048M) 5.747ms
[363.591s][info][gc,cpu         ] GC(194) User=0.00s Sys=0.00s Real=0.00s
[363.591s][info][gc             ] GC(195) Concurrent Undo Cycle
[363.591s][info][gc,marking     ] GC(195) Concurrent Cleanup for Next Mark
[363.596s][info][gc,marking     ] GC(195) Concurrent Cleanup for Next Mark 4.080ms
[363.596s][info][gc             ] GC(195) Concurrent Undo Cycle 4.255ms
[367.102s][info][gc,start       ] GC(196) Pause Full (System.gc())
[367.102s][info][gc,task        ] GC(196) Using 6 workers of 6 for full compaction
[367.103s][info][gc,phases,start] GC(196) Phase 1: Mark live objects
[367.121s][info][gc,phases      ] GC(196) Phase 1: Mark live objects 18.436ms
[367.121s][info][gc,phases,start] GC(196) Phase 2: Prepare for compaction
[367.124s][info][gc,phases      ] GC(196) Phase 2: Prepare for compaction 3.263ms
[367.124s][info][gc,phases,start] GC(196) Phase 3: Adjust pointers
[367.139s][info][gc,phases      ] GC(196) Phase 3: Adjust pointers 14.933ms
[367.139s][info][gc,phases,start] GC(196) Phase 4: Compact heap
[367.142s][info][gc,phases      ] GC(196) Phase 4: Compact heap 2.338ms
[367.159s][info][gc,heap        ] GC(196) Eden regions: 852->0(1228)
[367.159s][info][gc,heap        ] GC(196) Survivor regions: 22->0(154)
[367.159s][info][gc,heap        ] GC(196) Old regions: 167->71
[367.159s][info][gc,heap        ] GC(196) Archive regions: 0->0
[367.159s][info][gc,heap        ] GC(196) Humongous regions: 411->7
[367.159s][info][gc,metaspace   ] GC(196) Metaspace: 130578K(132352K)->130578K(132352K) NonClass: 114182K(114752K)->114182K(114752K) Class: 16396K(17600K)->16396K(17600K)
[367.160s][info][gc             ] GC(196) Pause Full (System.gc()) 1446M->75M(2048M) 57.289ms
[367.160s][info][gc,cpu         ] GC(196) User=0.30s Sys=0.00s Real=0.06s
[367.699s][info][gc,start       ] GC(197) Pause Young (Normal) (G1 Preventive Collection)
[367.699s][info][gc,task        ] GC(197) Using 6 workers of 6 for evacuation
[367.707s][info][gc             ] GC(197) To-space exhausted
[367.707s][info][gc,phases      ] GC(197)   Pre Evacuate Collection Set: 0.6ms
[367.707s][info][gc,phases      ] GC(197)   Merge Heap Roots: 0.2ms
[367.707s][info][gc,phases      ] GC(197)   Evacuate Collection Set: 3.4ms
[367.707s][info][gc,phases      ] GC(197)   Post Evacuate Collection Set: 4.4ms
[367.708s][info][gc,phases      ] GC(197)   Other: 0.4ms
[367.708s][info][gc,heap        ] GC(197) Eden regions: 1138->0(1207)
[367.708s][info][gc,heap        ] GC(197) Survivor regions: 0->21(21)
[367.708s][info][gc,heap        ] GC(197) Old regions: 71->173
[367.708s][info][gc,heap        ] GC(197) Archive regions: 0->0
[367.708s][info][gc,heap        ] GC(197) Humongous regions: 818->37
[367.708s][info][gc,metaspace   ] GC(197) Metaspace: 130590K(132416K)->130590K(132416K) NonClass: 114194K(114816K)->114194K(114816K) Class: 16396K(17600K)->16396K(17600K)
[367.708s][info][gc             ] GC(197) Pause Young (Normal) (G1 Preventive Collection) 2024M->228M(2048M) 8.959ms
[367.708s][info][gc,cpu         ] GC(197) User=0.08s Sys=0.00s Real=0.01s
[369.930s][info][gc,start       ] GC(198) Pause Young (Concurrent Start) (G1 Humongous Allocation)
[369.930s][info][gc,task        ] GC(198) Using 6 workers of 6 for evacuation
[369.935s][info][gc,phases      ] GC(198)   Pre Evacuate Collection Set: 0.2ms
[369.935s][info][gc,phases      ] GC(198)   Merge Heap Roots: 0.1ms
[369.935s][info][gc,phases      ] GC(198)   Evacuate Collection Set: 3.5ms
[369.935s][info][gc,phases      ] GC(198)   Post Evacuate Collection Set: 1.1ms
[369.935s][info][gc,phases      ] GC(198)   Other: 0.2ms
[369.935s][info][gc,heap        ] GC(198) Eden regions: 884->0(1207)
[369.935s][info][gc,heap        ] GC(198) Survivor regions: 21->21(154)
[369.935s][info][gc,heap        ] GC(198) Old regions: 173->173
[369.935s][info][gc,heap        ] GC(198) Archive regions: 0->0
[369.935s][info][gc,heap        ] GC(198) Humongous regions: 749->47
[369.935s][info][gc,metaspace   ] GC(198) Metaspace: 130590K(132416K)->130590K(132416K) NonClass: 114194K(114816K)->114194K(114816K) Class: 16396K(17600K)->16396K(17600K)
[369.935s][info][gc             ] GC(198) Pause Young (Concurrent Start) (G1 Humongous Allocation) 1823M->237M(2048M) 5.235ms
[369.935s][info][gc,cpu         ] GC(198) User=0.00s Sys=0.00s Real=0.00s
[369.935s][info][gc             ] GC(199) Concurrent Undo Cycle
[369.935s][info][gc,marking     ] GC(199) Concurrent Cleanup for Next Mark
[369.939s][info][gc,marking     ] GC(199) Concurrent Cleanup for Next Mark 4.128ms
[369.940s][info][gc             ] GC(199) Concurrent Undo Cycle 4.275ms
[373.583s][info][gc,start       ] GC(200) Pause Full (System.gc())
[373.583s][info][gc,task        ] GC(200) Using 6 workers of 6 for full compaction
[373.583s][info][gc,phases,start] GC(200) Phase 1: Mark live objects
[373.603s][info][gc,phases      ] GC(200) Phase 1: Mark live objects 19.794ms
[373.603s][info][gc,phases,start] GC(200) Phase 2: Prepare for compaction
[373.606s][info][gc,phases      ] GC(200) Phase 2: Prepare for compaction 3.657ms
[373.607s][info][gc,phases,start] GC(200) Phase 3: Adjust pointers
[373.623s][info][gc,phases      ] GC(200) Phase 3: Adjust pointers 16.289ms
[373.623s][info][gc,phases,start] GC(200) Phase 4: Compact heap
[373.626s][info][gc,phases      ] GC(200) Phase 4: Compact heap 3.319ms
[373.644s][info][gc,heap        ] GC(200) Eden regions: 905->0(1228)
[373.644s][info][gc,heap        ] GC(200) Survivor regions: 21->0(154)
[373.644s][info][gc,heap        ] GC(200) Old regions: 173->71
[373.644s][info][gc,heap        ] GC(200) Archive regions: 0->0
[373.644s][info][gc,heap        ] GC(200) Humongous regions: 422->7
[373.644s][info][gc,metaspace   ] GC(200) Metaspace: 130590K(132416K)->130590K(132416K) NonClass: 114194K(114816K)->114194K(114816K) Class: 16396K(17600K)->16396K(17600K)
[373.644s][info][gc             ] GC(200) Pause Full (System.gc()) 1517M->75M(2048M) 61.594ms
[373.644s][info][gc,cpu         ] GC(200) User=0.27s Sys=0.02s Real=0.05s
[374.185s][info][gc,start       ] GC(201) Pause Young (Normal) (G1 Preventive Collection)
[374.185s][info][gc,task        ] GC(201) Using 6 workers of 6 for evacuation
[374.193s][info][gc             ] GC(201) To-space exhausted
[374.193s][info][gc,phases      ] GC(201)   Pre Evacuate Collection Set: 0.2ms
[374.193s][info][gc,phases      ] GC(201)   Merge Heap Roots: 0.2ms
[374.193s][info][gc,phases      ] GC(201)   Evacuate Collection Set: 3.4ms
[374.193s][info][gc,phases      ] GC(201)   Post Evacuate Collection Set: 3.7ms
[374.193s][info][gc,phases      ] GC(201)   Other: 0.3ms
[374.193s][info][gc,heap        ] GC(201) Eden regions: 1139->0(1208)
[374.193s][info][gc,heap        ] GC(201) Survivor regions: 0->20(20)
[374.193s][info][gc,heap        ] GC(201) Old regions: 71->175
[374.193s][info][gc,heap        ] GC(201) Archive regions: 0->0
[374.193s][info][gc,heap        ] GC(201) Humongous regions: 818->27
[374.193s][info][gc,metaspace   ] GC(201) Metaspace: 130602K(132416K)->130602K(132416K) NonClass: 114206K(114816K)->114206K(114816K) Class: 16396K(17600K)->16396K(17600K)
[374.193s][info][gc             ] GC(201) Pause Young (Normal) (G1 Preventive Collection) 2025M->219M(2048M) 7.820ms
[374.193s][info][gc,cpu         ] GC(201) User=0.09s Sys=0.00s Real=0.01s
[376.552s][info][gc,start       ] GC(202) Pause Young (Concurrent Start) (G1 Humongous Allocation)
[376.552s][info][gc,task        ] GC(202) Using 6 workers of 6 for evacuation
[376.557s][info][gc,phases      ] GC(202)   Pre Evacuate Collection Set: 0.2ms
[376.557s][info][gc,phases      ] GC(202)   Merge Heap Roots: 0.1ms
[376.557s][info][gc,phases      ] GC(202)   Evacuate Collection Set: 3.9ms
[376.557s][info][gc,phases      ] GC(202)   Post Evacuate Collection Set: 1.1ms
[376.557s][info][gc,phases      ] GC(202)   Other: 0.3ms
[376.557s][info][gc,heap        ] GC(202) Eden regions: 923->0(1206)
[376.557s][info][gc,heap        ] GC(202) Survivor regions: 20->22(154)
[376.557s][info][gc,heap        ] GC(202) Old regions: 175->175
[376.557s][info][gc,heap        ] GC(202) Archive regions: 0->0
[376.557s][info][gc,heap        ] GC(202) Humongous regions: 746->47
[376.557s][info][gc,metaspace   ] GC(202) Metaspace: 130602K(132416K)->130602K(132416K) NonClass: 114206K(114816K)->114206K(114816K) Class: 16396K(17600K)->16396K(17600K)
[376.557s][info][gc             ] GC(202) Pause Young (Concurrent Start) (G1 Humongous Allocation) 1861M->240M(2048M) 5.780ms
[376.558s][info][gc,cpu         ] GC(202) User=0.00s Sys=0.00s Real=0.01s
[376.558s][info][gc             ] GC(203) Concurrent Undo Cycle
[376.558s][info][gc,marking     ] GC(203) Concurrent Cleanup for Next Mark
[376.562s][info][gc,marking     ] GC(203) Concurrent Cleanup for Next Mark 3.890ms
[376.562s][info][gc             ] GC(203) Concurrent Undo Cycle 4.031ms
[380.078s][info][gc,start       ] GC(204) Pause Full (System.gc())
[380.078s][info][gc,task        ] GC(204) Using 6 workers of 6 for full compaction
[380.078s][info][gc,phases,start] GC(204) Phase 1: Mark live objects
[380.097s][info][gc,phases      ] GC(204) Phase 1: Mark live objects 19.301ms
[380.097s][info][gc,phases,start] GC(204) Phase 2: Prepare for compaction
[380.101s][info][gc,phases      ] GC(204) Phase 2: Prepare for compaction 3.321ms
[380.101s][info][gc,phases,start] GC(204) Phase 3: Adjust pointers
[380.116s][info][gc,phases      ] GC(204) Phase 3: Adjust pointers 15.503ms
[380.116s][info][gc,phases,start] GC(204) Phase 4: Compact heap
[380.119s][info][gc,phases      ] GC(204) Phase 4: Compact heap 2.469ms
[380.137s][info][gc,heap        ] GC(204) Eden regions: 861->0(1228)
[380.137s][info][gc,heap        ] GC(204) Survivor regions: 22->0(154)
[380.137s][info][gc,heap        ] GC(204) Old regions: 175->72
[380.137s][info][gc,heap        ] GC(204) Archive regions: 0->0
[380.137s][info][gc,heap        ] GC(204) Humongous regions: 415->7
[380.137s][info][gc,metaspace   ] GC(204) Metaspace: 130625K(132416K)->130625K(132416K) NonClass: 114229K(114816K)->114229K(114816K) Class: 16396K(17600K)->16396K(17600K)
[380.137s][info][gc             ] GC(204) Pause Full (System.gc()) 1469M->75M(2048M) 59.262ms
[380.137s][info][gc,cpu         ] GC(204) User=0.20s Sys=0.00s Real=0.06s
[380.678s][info][gc,start       ] GC(205) Pause Young (Normal) (G1 Preventive Collection)
[380.678s][info][gc,task        ] GC(205) Using 6 workers of 6 for evacuation
[380.686s][info][gc             ] GC(205) To-space exhausted
[380.686s][info][gc,phases      ] GC(205)   Pre Evacuate Collection Set: 0.2ms
[380.686s][info][gc,phases      ] GC(205)   Merge Heap Roots: 0.2ms
[380.686s][info][gc,phases      ] GC(205)   Evacuate Collection Set: 3.3ms
[380.686s][info][gc,phases      ] GC(205)   Post Evacuate Collection Set: 3.4ms
[380.686s][info][gc,phases      ] GC(205)   Other: 0.4ms
[380.686s][info][gc,heap        ] GC(205) Eden regions: 1138->0(1208)
[380.686s][info][gc,heap        ] GC(205) Survivor regions: 0->20(20)
[380.686s][info][gc,heap        ] GC(205) Old regions: 72->176
[380.686s][info][gc,heap        ] GC(205) Archive regions: 0->0
[380.686s][info][gc,heap        ] GC(205) Humongous regions: 818->27
[380.686s][info][gc,metaspace   ] GC(205) Metaspace: 130640K(132480K)->130640K(132480K) NonClass: 114244K(114880K)->114244K(114880K) Class: 16396K(17600K)->16396K(17600K)
[380.686s][info][gc             ] GC(205) Pause Young (Normal) (G1 Preventive Collection) 2024M->219M(2048M) 7.446ms
[380.686s][info][gc,cpu         ] GC(205) User=0.00s Sys=0.00s Real=0.01s
[383.066s][info][gc,start       ] GC(206) Pause Young (Concurrent Start) (G1 Humongous Allocation)
[383.066s][info][gc,task        ] GC(206) Using 6 workers of 6 for evacuation
[383.072s][info][gc,phases      ] GC(206)   Pre Evacuate Collection Set: 0.2ms
[383.072s][info][gc,phases      ] GC(206)   Merge Heap Roots: 0.1ms
[383.072s][info][gc,phases      ] GC(206)   Evacuate Collection Set: 3.4ms
[383.072s][info][gc,phases      ] GC(206)   Post Evacuate Collection Set: 1.2ms
[383.072s][info][gc,phases      ] GC(206)   Other: 0.3ms
[383.072s][info][gc,heap        ] GC(206) Eden regions: 925->0(1208)
[383.072s][info][gc,heap        ] GC(206) Survivor regions: 20->20(154)
[383.072s][info][gc,heap        ] GC(206) Old regions: 176->176
[383.072s][info][gc,heap        ] GC(206) Archive regions: 0->0
[383.072s][info][gc,heap        ] GC(206) Humongous regions: 746->47
[383.072s][info][gc,metaspace   ] GC(206) Metaspace: 130644K(132480K)->130644K(132480K) NonClass: 114247K(114880K)->114247K(114880K) Class: 16396K(17600K)->16396K(17600K)
[383.072s][info][gc             ] GC(206) Pause Young (Concurrent Start) (G1 Humongous Allocation) 1862M->239M(2048M) 5.351ms
[383.072s][info][gc,cpu         ] GC(206) User=0.00s Sys=0.00s Real=0.01s
[383.072s][info][gc             ] GC(207) Concurrent Undo Cycle
[383.072s][info][gc,marking     ] GC(207) Concurrent Cleanup for Next Mark
[383.076s][info][gc,marking     ] GC(207) Concurrent Cleanup for Next Mark 3.771ms
[383.076s][info][gc             ] GC(207) Concurrent Undo Cycle 3.933ms
[386.677s][info][gc,start       ] GC(208) Pause Full (System.gc())
[386.677s][info][gc,task        ] GC(208) Using 6 workers of 6 for full compaction
[386.677s][info][gc,phases,start] GC(208) Phase 1: Mark live objects
[386.699s][info][gc,phases      ] GC(208) Phase 1: Mark live objects 21.151ms
[386.699s][info][gc,phases,start] GC(208) Phase 2: Prepare for compaction
[386.702s][info][gc,phases      ] GC(208) Phase 2: Prepare for compaction 3.642ms
[386.702s][info][gc,phases,start] GC(208) Phase 3: Adjust pointers
[386.718s][info][gc,phases      ] GC(208) Phase 3: Adjust pointers 15.499ms
[386.718s][info][gc,phases,start] GC(208) Phase 4: Compact heap
[386.721s][info][gc,phases      ] GC(208) Phase 4: Compact heap 2.744ms
[386.739s][info][gc,heap        ] GC(208) Eden regions: 862->0(1228)
[386.739s][info][gc,heap        ] GC(208) Survivor regions: 20->0(154)
[386.739s][info][gc,heap        ] GC(208) Old regions: 176->72
[386.739s][info][gc,heap        ] GC(208) Archive regions: 0->0
[386.739s][info][gc,heap        ] GC(208) Humongous regions: 415->7
[386.739s][info][gc,metaspace   ] GC(208) Metaspace: 130653K(132480K)->130653K(132480K) NonClass: 114257K(114880K)->114257K(114880K) Class: 16396K(17600K)->16396K(17600K)
[386.739s][info][gc             ] GC(208) Pause Full (System.gc()) 1468M->75M(2048M) 62.264ms
[386.739s][info][gc,cpu         ] GC(208) User=0.30s Sys=0.00s Real=0.07s
[387.308s][info][gc,start       ] GC(209) Pause Young (Normal) (G1 Preventive Collection)
[387.308s][info][gc,task        ] GC(209) Using 6 workers of 6 for evacuation
[387.314s][info][gc             ] GC(209) To-space exhausted
[387.314s][info][gc,phases      ] GC(209)   Pre Evacuate Collection Set: 0.2ms
[387.314s][info][gc,phases      ] GC(209)   Merge Heap Roots: 0.2ms
[387.314s][info][gc,phases      ] GC(209)   Evacuate Collection Set: 3.1ms
[387.314s][info][gc,phases      ] GC(209)   Post Evacuate Collection Set: 2.9ms
[387.314s][info][gc,phases      ] GC(209)   Other: 0.3ms
[387.314s][info][gc,heap        ] GC(209) Eden regions: 1139->0(1209)
[387.314s][info][gc,heap        ] GC(209) Survivor regions: 0->19(19)
[387.314s][info][gc,heap        ] GC(209) Old regions: 72->164
[387.314s][info][gc,heap        ] GC(209) Archive regions: 0->0
[387.314s][info][gc,heap        ] GC(209) Humongous regions: 818->27
[387.314s][info][gc,metaspace   ] GC(209) Metaspace: 130660K(132480K)->130660K(132480K) NonClass: 114264K(114880K)->114264K(114880K) Class: 16396K(17600K)->16396K(17600K)
[387.314s][info][gc             ] GC(209) Pause Young (Normal) (G1 Preventive Collection) 2025M->206M(2048M) 6.807ms
[387.314s][info][gc,cpu         ] GC(209) User=0.08s Sys=0.00s Real=0.01s
[389.739s][info][gc,start       ] GC(210) Pause Young (Concurrent Start) (G1 Humongous Allocation)
[389.739s][info][gc,task        ] GC(210) Using 6 workers of 6 for evacuation
[389.744s][info][gc,phases      ] GC(210)   Pre Evacuate Collection Set: 0.3ms
[389.744s][info][gc,phases      ] GC(210)   Merge Heap Roots: 0.1ms
[389.744s][info][gc,phases      ] GC(210)   Evacuate Collection Set: 3.3ms
[389.744s][info][gc,phases      ] GC(210)   Post Evacuate Collection Set: 1.2ms
[389.744s][info][gc,phases      ] GC(210)   Other: 0.3ms
[389.744s][info][gc,heap        ] GC(210) Eden regions: 950->0(1209)
[389.744s][info][gc,heap        ] GC(210) Survivor regions: 19->19(154)
[389.744s][info][gc,heap        ] GC(210) Old regions: 164->164
[389.744s][info][gc,heap        ] GC(210) Archive regions: 0->0
[389.744s][info][gc,heap        ] GC(210) Humongous regions: 758->47
[389.744s][info][gc,metaspace   ] GC(210) Metaspace: 130660K(132480K)->130660K(132480K) NonClass: 114264K(114880K)->114264K(114880K) Class: 16396K(17600K)->16396K(17600K)
[389.744s][info][gc             ] GC(210) Pause Young (Concurrent Start) (G1 Humongous Allocation) 1886M->225M(2048M) 5.416ms
[389.744s][info][gc,cpu         ] GC(210) User=0.00s Sys=0.00s Real=0.00s
[389.744s][info][gc             ] GC(211) Concurrent Undo Cycle
[389.745s][info][gc,marking     ] GC(211) Concurrent Cleanup for Next Mark
[389.749s][info][gc,marking     ] GC(211) Concurrent Cleanup for Next Mark 4.061ms
[389.749s][info][gc             ] GC(211) Concurrent Undo Cycle 4.185ms
[393.184s][info][gc,start       ] GC(212) Pause Full (System.gc())
[393.184s][info][gc,task        ] GC(212) Using 6 workers of 6 for full compaction
[393.184s][info][gc,phases,start] GC(212) Phase 1: Mark live objects
[393.204s][info][gc,phases      ] GC(212) Phase 1: Mark live objects 19.549ms
[393.204s][info][gc,phases,start] GC(212) Phase 2: Prepare for compaction
[393.207s][info][gc,phases      ] GC(212) Phase 2: Prepare for compaction 3.125ms
[393.207s][info][gc,phases,start] GC(212) Phase 3: Adjust pointers
[393.223s][info][gc,phases      ] GC(212) Phase 3: Adjust pointers 15.854ms
[393.223s][info][gc,phases,start] GC(212) Phase 4: Compact heap
[393.225s][info][gc,phases      ] GC(212) Phase 4: Compact heap 2.247ms
[393.244s][info][gc,heap        ] GC(212) Eden regions: 834->0(1228)
[393.244s][info][gc,heap        ] GC(212) Survivor regions: 19->0(154)
[393.244s][info][gc,heap        ] GC(212) Old regions: 164->71
[393.244s][info][gc,heap        ] GC(212) Archive regions: 0->0
[393.244s][info][gc,heap        ] GC(212) Humongous regions: 403->7
[393.244s][info][gc,metaspace   ] GC(212) Metaspace: 130661K(132480K)->130661K(132480K) NonClass: 114265K(114880K)->114265K(114880K) Class: 16396K(17600K)->16396K(17600K)
[393.244s][info][gc             ] GC(212) Pause Full (System.gc()) 1415M->75M(2048M) 59.901ms
[393.244s][info][gc,cpu         ] GC(212) User=0.19s Sys=0.00s Real=0.06s
[393.789s][info][gc,start       ] GC(213) Pause Young (Normal) (G1 Preventive Collection)
[393.789s][info][gc,task        ] GC(213) Using 6 workers of 6 for evacuation
[393.797s][info][gc             ] GC(213) To-space exhausted
[393.797s][info][gc,phases      ] GC(213)   Pre Evacuate Collection Set: 0.2ms
[393.797s][info][gc,phases      ] GC(213)   Merge Heap Roots: 0.2ms
[393.797s][info][gc,phases      ] GC(213)   Evacuate Collection Set: 3.7ms
[393.797s][info][gc,phases      ] GC(213)   Post Evacuate Collection Set: 3.3ms
[393.797s][info][gc,phases      ] GC(213)   Other: 0.3ms
[393.797s][info][gc,heap        ] GC(213) Eden regions: 1136->0(1205)
[393.797s][info][gc,heap        ] GC(213) Survivor regions: 0->23(23)
[393.797s][info][gc,heap        ] GC(213) Old regions: 71->147
[393.797s][info][gc,heap        ] GC(213) Archive regions: 0->0
[393.797s][info][gc,heap        ] GC(213) Humongous regions: 818->32
[393.797s][info][gc,metaspace   ] GC(213) Metaspace: 130672K(132480K)->130672K(132480K) NonClass: 114276K(114880K)->114276K(114880K) Class: 16396K(17600K)->16396K(17600K)
[393.797s][info][gc             ] GC(213) Pause Young (Normal) (G1 Preventive Collection) 2022M->199M(2048M) 7.681ms
[393.797s][info][gc,cpu         ] GC(213) User=0.00s Sys=0.00s Real=0.01s
[396.403s][info][gc,start       ] GC(214) Pause Young (Concurrent Start) (G1 Humongous Allocation)
[396.403s][info][gc,task        ] GC(214) Using 6 workers of 6 for evacuation
[396.409s][info][gc,phases      ] GC(214)   Pre Evacuate Collection Set: 0.3ms
[396.409s][info][gc,phases      ] GC(214)   Merge Heap Roots: 0.1ms
[396.409s][info][gc,phases      ] GC(214)   Evacuate Collection Set: 3.9ms
[396.409s][info][gc,phases      ] GC(214)   Post Evacuate Collection Set: 1.1ms
[396.409s][info][gc,phases      ] GC(214)   Other: 0.4ms
[396.409s][info][gc,heap        ] GC(214) Eden regions: 979->0(1205)
[396.409s][info][gc,heap        ] GC(214) Survivor regions: 23->23(125)
[396.409s][info][gc,heap        ] GC(214) Old regions: 147->147
[396.409s][info][gc,heap        ] GC(214) Archive regions: 0->0
[396.409s][info][gc,heap        ] GC(214) Humongous regions: 774->47
[396.409s][info][gc,metaspace   ] GC(214) Metaspace: 130672K(132480K)->130672K(132480K) NonClass: 114276K(114880K)->114276K(114880K) Class: 16396K(17600K)->16396K(17600K)
[396.409s][info][gc             ] GC(214) Pause Young (Concurrent Start) (G1 Humongous Allocation) 1920M->214M(2048M) 5.803ms
[396.409s][info][gc,cpu         ] GC(214) User=0.09s Sys=0.00s Real=0.00s
[396.409s][info][gc             ] GC(215) Concurrent Undo Cycle
[396.409s][info][gc,marking     ] GC(215) Concurrent Cleanup for Next Mark
[396.414s][info][gc,marking     ] GC(215) Concurrent Cleanup for Next Mark 4.352ms
[396.414s][info][gc             ] GC(215) Concurrent Undo Cycle 4.478ms
[399.672s][info][gc,start       ] GC(216) Pause Full (System.gc())
[399.672s][info][gc,task        ] GC(216) Using 6 workers of 6 for full compaction
[399.672s][info][gc,phases,start] GC(216) Phase 1: Mark live objects
[399.691s][info][gc,phases      ] GC(216) Phase 1: Mark live objects 19.067ms
[399.691s][info][gc,phases,start] GC(216) Phase 2: Prepare for compaction
[399.695s][info][gc,phases      ] GC(216) Phase 2: Prepare for compaction 3.405ms
[399.695s][info][gc,phases,start] GC(216) Phase 3: Adjust pointers
[399.710s][info][gc,phases      ] GC(216) Phase 3: Adjust pointers 15.354ms
[399.710s][info][gc,phases,start] GC(216) Phase 4: Compact heap
[399.713s][info][gc,phases      ] GC(216) Phase 4: Compact heap 2.694ms
[399.732s][info][gc,heap        ] GC(216) Eden regions: 810->0(1228)
[399.732s][info][gc,heap        ] GC(216) Survivor regions: 23->0(125)
[399.732s][info][gc,heap        ] GC(216) Old regions: 147->72
[399.732s][info][gc,heap        ] GC(216) Archive regions: 0->0
[399.732s][info][gc,heap        ] GC(216) Humongous regions: 392->7
[399.732s][info][gc,metaspace   ] GC(216) Metaspace: 130672K(132480K)->130672K(132480K) NonClass: 114276K(114880K)->114276K(114880K) Class: 16396K(17600K)->16396K(17600K)
[399.732s][info][gc             ] GC(216) Pause Full (System.gc()) 1369M->75M(2048M) 60.138ms
[399.732s][info][gc,cpu         ] GC(216) User=0.12s Sys=0.00s Real=0.05s
[400.271s][info][gc,start       ] GC(217) Pause Young (Normal) (G1 Preventive Collection)
[400.271s][info][gc,task        ] GC(217) Using 6 workers of 6 for evacuation
[400.277s][info][gc             ] GC(217) To-space exhausted
[400.277s][info][gc,phases      ] GC(217)   Pre Evacuate Collection Set: 0.2ms
[400.277s][info][gc,phases      ] GC(217)   Merge Heap Roots: 0.2ms
[400.277s][info][gc,phases      ] GC(217)   Evacuate Collection Set: 3.7ms
[400.277s][info][gc,phases      ] GC(217)   Post Evacuate Collection Set: 2.2ms
[400.277s][info][gc,phases      ] GC(217)   Other: 0.3ms
[400.277s][info][gc,heap        ] GC(217) Eden regions: 1139->0(1204)
[400.277s][info][gc,heap        ] GC(217) Survivor regions: 0->24(24)
[400.277s][info][gc,heap        ] GC(217) Old regions: 72->122
[400.277s][info][gc,heap        ] GC(217) Archive regions: 0->0
[400.277s][info][gc,heap        ] GC(217) Humongous regions: 813->27
[400.277s][info][gc,metaspace   ] GC(217) Metaspace: 130674K(132480K)->130674K(132480K) NonClass: 114277K(114880K)->114277K(114880K) Class: 16396K(17600K)->16396K(17600K)
[400.277s][info][gc             ] GC(217) Pause Young (Normal) (G1 Preventive Collection) 2019M->168M(2048M) 6.567ms
[400.277s][info][gc,cpu         ] GC(217) User=0.00s Sys=0.00s Real=0.00s
[403.203s][info][gc,start       ] GC(218) Pause Young (Concurrent Start) (G1 Humongous Allocation)
[403.203s][info][gc,task        ] GC(218) Using 6 workers of 6 for evacuation
[403.209s][info][gc,phases      ] GC(218)   Pre Evacuate Collection Set: 0.3ms
[403.209s][info][gc,phases      ] GC(218)   Merge Heap Roots: 0.1ms
[403.209s][info][gc,phases      ] GC(218)   Evacuate Collection Set: 3.8ms
[403.209s][info][gc,phases      ] GC(218)   Post Evacuate Collection Set: 1.3ms
[403.209s][info][gc,phases      ] GC(218)   Other: 0.3ms
[403.209s][info][gc,heap        ] GC(218) Eden regions: 1035->0(1204)
[403.209s][info][gc,heap        ] GC(218) Survivor regions: 24->24(68)
[403.209s][info][gc,heap        ] GC(218) Old regions: 122->122
[403.209s][info][gc,heap        ] GC(218) Archive regions: 0->0
[403.209s][info][gc,heap        ] GC(218) Humongous regions: 799->47
[403.209s][info][gc,metaspace   ] GC(218) Metaspace: 130674K(132480K)->130674K(132480K) NonClass: 114277K(114880K)->114277K(114880K) Class: 16396K(17600K)->16396K(17600K)
[403.209s][info][gc             ] GC(218) Pause Young (Concurrent Start) (G1 Humongous Allocation) 1975M->187M(2048M) 5.921ms
[403.209s][info][gc,cpu         ] GC(218) User=0.02s Sys=0.00s Real=0.01s
[403.209s][info][gc             ] GC(219) Concurrent Undo Cycle
[403.209s][info][gc,marking     ] GC(219) Concurrent Cleanup for Next Mark
[403.213s][info][gc,marking     ] GC(219) Concurrent Cleanup for Next Mark 3.939ms
[403.213s][info][gc             ] GC(219) Concurrent Undo Cycle 4.078ms
[406.162s][info][gc,start       ] GC(220) Pause Full (System.gc())
[406.162s][info][gc,task        ] GC(220) Using 6 workers of 6 for full compaction
[406.162s][info][gc,phases,start] GC(220) Phase 1: Mark live objects
[406.183s][info][gc,phases      ] GC(220) Phase 1: Mark live objects 21.150ms
[406.183s][info][gc,phases,start] GC(220) Phase 2: Prepare for compaction
[406.187s][info][gc,phases      ] GC(220) Phase 2: Prepare for compaction 3.400ms
[406.187s][info][gc,phases,start] GC(220) Phase 3: Adjust pointers
[406.202s][info][gc,phases      ] GC(220) Phase 3: Adjust pointers 15.034ms
[406.202s][info][gc,phases,start] GC(220) Phase 4: Compact heap
[406.204s][info][gc,phases      ] GC(220) Phase 4: Compact heap 2.174ms
[406.221s][info][gc,heap        ] GC(220) Eden regions: 752->0(1228)
[406.221s][info][gc,heap        ] GC(220) Survivor regions: 24->0(68)
[406.221s][info][gc,heap        ] GC(220) Old regions: 122->71
[406.221s][info][gc,heap        ] GC(220) Archive regions: 0->0
[406.221s][info][gc,heap        ] GC(220) Humongous regions: 367->7
[406.221s][info][gc,metaspace   ] GC(220) Metaspace: 130676K(132480K)->130676K(132480K) NonClass: 114279K(114880K)->114279K(114880K) Class: 16396K(17600K)->16396K(17600K)
[406.221s][info][gc             ] GC(220) Pause Full (System.gc()) 1259M->75M(2048M) 59.838ms
[406.221s][info][gc,cpu         ] GC(220) User=0.28s Sys=0.00s Real=0.06s
[406.756s][info][gc,start       ] GC(221) Pause Young (Normal) (G1 Preventive Collection)
[406.756s][info][gc,task        ] GC(221) Using 6 workers of 6 for evacuation
[406.762s][info][gc             ] GC(221) To-space exhausted
[406.763s][info][gc,phases      ] GC(221)   Pre Evacuate Collection Set: 0.2ms
[406.763s][info][gc,phases      ] GC(221)   Merge Heap Roots: 0.2ms
[406.763s][info][gc,phases      ] GC(221)   Evacuate Collection Set: 3.9ms
[406.763s][info][gc,phases      ] GC(221)   Post Evacuate Collection Set: 2.5ms
[406.763s][info][gc,phases      ] GC(221)   Other: 0.3ms
[406.763s][info][gc,heap        ] GC(221) Eden regions: 1139->0(1203)
[406.763s][info][gc,heap        ] GC(221) Survivor regions: 0->25(25)
[406.763s][info][gc,heap        ] GC(221) Old regions: 71->125
[406.763s][info][gc,heap        ] GC(221) Archive regions: 0->0
[406.763s][info][gc,heap        ] GC(221) Humongous regions: 813->32
[406.763s][info][gc,metaspace   ] GC(221) Metaspace: 130676K(132480K)->130676K(132480K) NonClass: 114279K(114880K)->114279K(114880K) Class: 16396K(17600K)->16396K(17600K)
[406.763s][info][gc             ] GC(221) Pause Young (Normal) (G1 Preventive Collection) 2020M->179M(2048M) 7.055ms
[406.763s][info][gc,cpu         ] GC(221) User=0.00s Sys=0.00s Real=0.01s
[409.542s][info][gc,start       ] GC(222) Pause Young (Concurrent Start) (G1 Humongous Allocation)
[409.542s][info][gc,task        ] GC(222) Using 6 workers of 6 for evacuation
[409.548s][info][gc,phases      ] GC(222)   Pre Evacuate Collection Set: 0.2ms
[409.548s][info][gc,phases      ] GC(222)   Merge Heap Roots: 0.2ms
[409.548s][info][gc,phases      ] GC(222)   Evacuate Collection Set: 4.1ms
[409.548s][info][gc,phases      ] GC(222)   Post Evacuate Collection Set: 1.0ms
[409.548s][info][gc,phases      ] GC(222)   Other: 0.3ms
[409.548s][info][gc,heap        ] GC(222) Eden regions: 995->0(1203)
[409.548s][info][gc,heap        ] GC(222) Survivor regions: 25->25(106)
[409.548s][info][gc,heap        ] GC(222) Old regions: 125->125
[409.548s][info][gc,heap        ] GC(222) Archive regions: 0->0
[409.548s][info][gc,heap        ] GC(222) Humongous regions: 797->47
[409.548s][info][gc,metaspace   ] GC(222) Metaspace: 130676K(132480K)->130676K(132480K) NonClass: 114279K(114880K)->114279K(114880K) Class: 16396K(17600K)->16396K(17600K)
[409.548s][info][gc             ] GC(222) Pause Young (Concurrent Start) (G1 Humongous Allocation) 1938M->194M(2048M) 6.011ms
[409.548s][info][gc,cpu         ] GC(222) User=0.00s Sys=0.00s Real=0.01s
[409.548s][info][gc             ] GC(223) Concurrent Undo Cycle
[409.548s][info][gc,marking     ] GC(223) Concurrent Cleanup for Next Mark
[409.553s][info][gc,marking     ] GC(223) Concurrent Cleanup for Next Mark 3.998ms
[409.553s][info][gc             ] GC(223) Concurrent Undo Cycle 4.138ms
[412.619s][info][gc,start       ] GC(224) Pause Full (System.gc())
[412.619s][info][gc,task        ] GC(224) Using 6 workers of 6 for full compaction
[412.619s][info][gc,phases,start] GC(224) Phase 1: Mark live objects
[412.638s][info][gc,phases      ] GC(224) Phase 1: Mark live objects 18.942ms
[412.638s][info][gc,phases,start] GC(224) Phase 2: Prepare for compaction
[412.642s][info][gc,phases      ] GC(224) Phase 2: Prepare for compaction 3.462ms
[412.642s][info][gc,phases,start] GC(224) Phase 3: Adjust pointers
[412.658s][info][gc,phases      ] GC(224) Phase 3: Adjust pointers 16.169ms
[412.658s][info][gc,phases,start] GC(224) Phase 4: Compact heap
[412.661s][info][gc,phases      ] GC(224) Phase 4: Compact heap 2.892ms
[412.679s][info][gc,heap        ] GC(224) Eden regions: 794->0(1228)
[412.679s][info][gc,heap        ] GC(224) Survivor regions: 25->0(106)
[412.679s][info][gc,heap        ] GC(224) Old regions: 125->72
[412.679s][info][gc,heap        ] GC(224) Archive regions: 0->0
[412.679s][info][gc,heap        ] GC(224) Humongous regions: 374->7
[412.679s][info][gc,metaspace   ] GC(224) Metaspace: 130677K(132480K)->130677K(132480K) NonClass: 114281K(114880K)->114281K(114880K) Class: 16396K(17600K)->16396K(17600K)
[412.679s][info][gc             ] GC(224) Pause Full (System.gc()) 1315M->75M(2048M) 60.257ms
[412.679s][info][gc,cpu         ] GC(224) User=0.22s Sys=0.00s Real=0.06s
[413.223s][info][gc,start       ] GC(225) Pause Young (Normal) (G1 Preventive Collection)
[413.223s][info][gc,task        ] GC(225) Using 6 workers of 6 for evacuation
[413.229s][info][gc             ] GC(225) To-space exhausted
[413.229s][info][gc,phases      ] GC(225)   Pre Evacuate Collection Set: 0.2ms
[413.229s][info][gc,phases      ] GC(225)   Merge Heap Roots: 0.2ms
[413.229s][info][gc,phases      ] GC(225)   Evacuate Collection Set: 3.5ms
[413.229s][info][gc,phases      ] GC(225)   Post Evacuate Collection Set: 1.6ms
[413.229s][info][gc,phases      ] GC(225)   Other: 0.4ms
[413.229s][info][gc,heap        ] GC(225) Eden regions: 1136->0(1206)
[413.229s][info][gc,heap        ] GC(225) Survivor regions: 0->22(22)
[413.229s][info][gc,heap        ] GC(225) Old regions: 72->123
[413.229s][info][gc,heap        ] GC(225) Archive regions: 0->0
[413.229s][info][gc,heap        ] GC(225) Humongous regions: 818->27
[413.229s][info][gc,metaspace   ] GC(225) Metaspace: 130681K(132480K)->130681K(132480K) NonClass: 114284K(114880K)->114284K(114880K) Class: 16396K(17600K)->16396K(17600K)
[413.229s][info][gc             ] GC(225) Pause Young (Normal) (G1 Preventive Collection) 2022M->168M(2048M) 5.880ms
[413.229s][info][gc,cpu         ] GC(225) User=0.00s Sys=0.00s Real=0.00s
[416.188s][info][gc,start       ] GC(226) Pause Young (Concurrent Start) (G1 Humongous Allocation)
[416.188s][info][gc,task        ] GC(226) Using 6 workers of 6 for evacuation
[416.193s][info][gc,phases      ] GC(226)   Pre Evacuate Collection Set: 0.3ms
[416.193s][info][gc,phases      ] GC(226)   Merge Heap Roots: 0.1ms
[416.193s][info][gc,phases      ] GC(226)   Evacuate Collection Set: 3.5ms
[416.193s][info][gc,phases      ] GC(226)   Post Evacuate Collection Set: 1.3ms
[416.193s][info][gc,phases      ] GC(226)   Other: 0.3ms
[416.193s][info][gc,heap        ] GC(226) Eden regions: 1038->0(1207)
[416.193s][info][gc,heap        ] GC(226) Survivor regions: 22->21(67)
[416.193s][info][gc,heap        ] GC(226) Old regions: 123->123
[416.193s][info][gc,heap        ] GC(226) Archive regions: 0->0
[416.193s][info][gc,heap        ] GC(226) Humongous regions: 798->47
[416.193s][info][gc,metaspace   ] GC(226) Metaspace: 130681K(132480K)->130681K(132480K) NonClass: 114284K(114880K)->114284K(114880K) Class: 16396K(17600K)->16396K(17600K)
[416.194s][info][gc             ] GC(226) Pause Young (Concurrent Start) (G1 Humongous Allocation) 1977M->186M(2048M) 5.580ms
[416.194s][info][gc,cpu         ] GC(226) User=0.00s Sys=0.00s Real=0.00s
[416.194s][info][gc             ] GC(227) Concurrent Undo Cycle
[416.194s][info][gc,marking     ] GC(227) Concurrent Cleanup for Next Mark
[416.197s][info][gc,marking     ] GC(227) Concurrent Cleanup for Next Mark 3.821ms
[416.198s][info][gc             ] GC(227) Concurrent Undo Cycle 3.975ms
[419.131s][info][gc,start       ] GC(228) Pause Full (System.gc())
[419.131s][info][gc,task        ] GC(228) Using 6 workers of 6 for full compaction
[419.131s][info][gc,phases,start] GC(228) Phase 1: Mark live objects
[419.151s][info][gc,phases      ] GC(228) Phase 1: Mark live objects 19.546ms
[419.151s][info][gc,phases,start] GC(228) Phase 2: Prepare for compaction
[419.154s][info][gc,phases      ] GC(228) Phase 2: Prepare for compaction 3.247ms
[419.154s][info][gc,phases,start] GC(228) Phase 3: Adjust pointers
[419.170s][info][gc,phases      ] GC(228) Phase 3: Adjust pointers 15.921ms
[419.170s][info][gc,phases,start] GC(228) Phase 4: Compact heap
[419.173s][info][gc,phases      ] GC(228) Phase 4: Compact heap 2.611ms
[419.192s][info][gc,heap        ] GC(228) Eden regions: 749->0(1228)
[419.192s][info][gc,heap        ] GC(228) Survivor regions: 21->0(67)
[419.192s][info][gc,heap        ] GC(228) Old regions: 123->71
[419.192s][info][gc,heap        ] GC(228) Archive regions: 0->0
[419.192s][info][gc,heap        ] GC(228) Humongous regions: 363->7
[419.192s][info][gc,metaspace   ] GC(228) Metaspace: 130681K(132480K)->130681K(132480K) NonClass: 114284K(114880K)->114284K(114880K) Class: 16396K(17600K)->16396K(17600K)
[419.192s][info][gc             ] GC(228) Pause Full (System.gc()) 1250M->75M(2048M) 60.980ms
[419.192s][info][gc,cpu         ] GC(228) User=0.27s Sys=0.02s Real=0.06s
[419.751s][info][gc,start       ] GC(229) Pause Young (Normal) (G1 Preventive Collection)
[419.751s][info][gc,task        ] GC(229) Using 6 workers of 6 for evacuation
[419.758s][info][gc             ] GC(229) To-space exhausted
[419.758s][info][gc,phases      ] GC(229)   Pre Evacuate Collection Set: 0.2ms
[419.758s][info][gc,phases      ] GC(229)   Merge Heap Roots: 0.2ms
[419.758s][info][gc,phases      ] GC(229)   Evacuate Collection Set: 3.9ms
[419.758s][info][gc,phases      ] GC(229)   Post Evacuate Collection Set: 2.2ms
[419.758s][info][gc,phases      ] GC(229)   Other: 0.3ms
[419.758s][info][gc,heap        ] GC(229) Eden regions: 1135->0(1204)
[419.758s][info][gc,heap        ] GC(229) Survivor regions: 0->24(24)
[419.758s][info][gc,heap        ] GC(229) Old regions: 71->123
[419.758s][info][gc,heap        ] GC(229) Archive regions: 0->0
[419.758s][info][gc,heap        ] GC(229) Humongous regions: 818->42
[419.758s][info][gc,metaspace   ] GC(229) Metaspace: 130681K(132480K)->130681K(132480K) NonClass: 114284K(114880K)->114284K(114880K) Class: 16396K(17600K)->16396K(17600K)
[419.758s][info][gc             ] GC(229) Pause Young (Normal) (G1 Preventive Collection) 2020M->186M(2048M) 6.889ms
[419.758s][info][gc,cpu         ] GC(229) User=0.00s Sys=0.00s Real=0.01s
[422.485s][info][gc,start       ] GC(230) Pause Young (Concurrent Start) (G1 Humongous Allocation)
[422.485s][info][gc,task        ] GC(230) Using 6 workers of 6 for evacuation
[422.490s][info][gc,phases      ] GC(230)   Pre Evacuate Collection Set: 0.2ms
[422.490s][info][gc,phases      ] GC(230)   Merge Heap Roots: 0.1ms
[422.490s][info][gc,phases      ] GC(230)   Evacuate Collection Set: 3.6ms
[422.490s][info][gc,phases      ] GC(230)   Post Evacuate Collection Set: 1.1ms
[422.490s][info][gc,phases      ] GC(230)   Other: 0.3ms
[422.490s][info][gc,heap        ] GC(230) Eden regions: 998->0(1205)
[422.490s][info][gc,heap        ] GC(230) Survivor regions: 24->23(105)
[422.490s][info][gc,heap        ] GC(230) Old regions: 123->123
[422.490s][info][gc,heap        ] GC(230) Archive regions: 0->0
[422.490s][info][gc,heap        ] GC(230) Humongous regions: 798->47
[422.490s][info][gc,metaspace   ] GC(230) Metaspace: 130681K(132480K)->130681K(132480K) NonClass: 114284K(114880K)->114284K(114880K) Class: 16396K(17600K)->16396K(17600K)
[422.490s][info][gc             ] GC(230) Pause Young (Concurrent Start) (G1 Humongous Allocation) 1940M->189M(2048M) 5.404ms
[422.490s][info][gc,cpu         ] GC(230) User=0.02s Sys=0.00s Real=0.01s
[422.490s][info][gc             ] GC(231) Concurrent Undo Cycle
[422.490s][info][gc,marking     ] GC(231) Concurrent Cleanup for Next Mark
[422.494s][info][gc,marking     ] GC(231) Concurrent Cleanup for Next Mark 4.053ms
[422.494s][info][gc             ] GC(231) Concurrent Undo Cycle 4.203ms
[425.646s][info][gc,start       ] GC(232) Pause Full (System.gc())
[425.646s][info][gc,task        ] GC(232) Using 6 workers of 6 for full compaction
[425.647s][info][gc,phases,start] GC(232) Phase 1: Mark live objects
[425.666s][info][gc,phases      ] GC(232) Phase 1: Mark live objects 19.678ms
[425.667s][info][gc,phases,start] GC(232) Phase 2: Prepare for compaction
[425.670s][info][gc,phases      ] GC(232) Phase 2: Prepare for compaction 3.739ms
[425.670s][info][gc,phases,start] GC(232) Phase 3: Adjust pointers
[425.686s][info][gc,phases      ] GC(232) Phase 3: Adjust pointers 15.732ms
[425.686s][info][gc,phases,start] GC(232) Phase 4: Compact heap
[425.688s][info][gc,phases      ] GC(232) Phase 4: Compact heap 2.346ms
[425.708s][info][gc,heap        ] GC(232) Eden regions: 794->0(1228)
[425.708s][info][gc,heap        ] GC(232) Survivor regions: 23->0(105)
[425.708s][info][gc,heap        ] GC(232) Old regions: 123->72
[425.708s][info][gc,heap        ] GC(232) Archive regions: 0->0
[425.708s][info][gc,heap        ] GC(232) Humongous regions: 378->7
[425.708s][info][gc,metaspace   ] GC(232) Metaspace: 130683K(132480K)->130683K(132480K) NonClass: 114287K(114880K)->114287K(114880K) Class: 16396K(17600K)->16396K(17600K)
[425.708s][info][gc             ] GC(232) Pause Full (System.gc()) 1314M->75M(2048M) 61.926ms
[425.708s][info][gc,cpu         ] GC(232) User=0.30s Sys=0.00s Real=0.06s
[426.244s][info][gc,start       ] GC(233) Pause Young (Normal) (G1 Preventive Collection)
[426.244s][info][gc,task        ] GC(233) Using 6 workers of 6 for evacuation
[426.251s][info][gc             ] GC(233) To-space exhausted
[426.251s][info][gc,phases      ] GC(233)   Pre Evacuate Collection Set: 0.2ms
[426.251s][info][gc,phases      ] GC(233)   Merge Heap Roots: 0.2ms
[426.251s][info][gc,phases      ] GC(233)   Evacuate Collection Set: 3.6ms
[426.251s][info][gc,phases      ] GC(233)   Post Evacuate Collection Set: 3.1ms
[426.251s][info][gc,phases      ] GC(233)   Other: 0.4ms
[426.251s][info][gc,heap        ] GC(233) Eden regions: 1136->0(1206)
[426.251s][info][gc,heap        ] GC(233) Survivor regions: 0->22(22)
[426.251s][info][gc,heap        ] GC(233) Old regions: 72->151
[426.251s][info][gc,heap        ] GC(233) Archive regions: 0->0
[426.251s][info][gc,heap        ] GC(233) Humongous regions: 818->37
[426.251s][info][gc,metaspace   ] GC(233) Metaspace: 130714K(132544K)->130714K(132544K) NonClass: 114317K(114944K)->114317K(114944K) Class: 16396K(17600K)->16396K(17600K)
[426.251s][info][gc             ] GC(233) Pause Young (Normal) (G1 Preventive Collection) 2022M->206M(2048M) 7.475ms
[426.251s][info][gc,cpu         ] GC(233) User=0.09s Sys=0.00s Real=0.01s
[428.694s][info][gc,start       ] GC(234) Pause Young (Concurrent Start) (G1 Humongous Allocation)
[428.694s][info][gc,task        ] GC(234) Using 6 workers of 6 for evacuation
[428.699s][info][gc,phases      ] GC(234)   Pre Evacuate Collection Set: 0.3ms
[428.699s][info][gc,phases      ] GC(234)   Merge Heap Roots: 0.1ms
[428.699s][info][gc,phases      ] GC(234)   Evacuate Collection Set: 3.5ms
[428.700s][info][gc,phases      ] GC(234)   Post Evacuate Collection Set: 1.0ms
[428.700s][info][gc,phases      ] GC(234)   Other: 0.3ms
[428.700s][info][gc,heap        ] GC(234) Eden regions: 955->0(1206)
[428.700s][info][gc,heap        ] GC(234) Survivor regions: 22->22(150)
[428.700s][info][gc,heap        ] GC(234) Old regions: 151->151
[428.700s][info][gc,heap        ] GC(234) Archive regions: 0->0
[428.700s][info][gc,heap        ] GC(234) Humongous regions: 770->47
[428.700s][info][gc,metaspace   ] GC(234) Metaspace: 130714K(132544K)->130714K(132544K) NonClass: 114317K(114944K)->114317K(114944K) Class: 16396K(17600K)->16396K(17600K)
[428.700s][info][gc             ] GC(234) Pause Young (Concurrent Start) (G1 Humongous Allocation) 1893M->215M(2048M) 5.400ms
[428.700s][info][gc,cpu         ] GC(234) User=0.00s Sys=0.00s Real=0.00s
[428.700s][info][gc             ] GC(235) Concurrent Undo Cycle
[428.700s][info][gc,marking     ] GC(235) Concurrent Cleanup for Next Mark
[428.704s][info][gc,marking     ] GC(235) Concurrent Cleanup for Next Mark 4.387ms
[428.704s][info][gc             ] GC(235) Concurrent Undo Cycle 4.530ms
[432.116s][info][gc,start       ] GC(236) Pause Full (System.gc())
[432.116s][info][gc,task        ] GC(236) Using 6 workers of 6 for full compaction
[432.117s][info][gc,phases,start] GC(236) Phase 1: Mark live objects
[432.136s][info][gc,phases      ] GC(236) Phase 1: Mark live objects 19.294ms
[432.136s][info][gc,phases,start] GC(236) Phase 2: Prepare for compaction
[432.140s][info][gc,phases      ] GC(236) Phase 2: Prepare for compaction 3.652ms
[432.140s][info][gc,phases,start] GC(236) Phase 3: Adjust pointers
[432.156s][info][gc,phases      ] GC(236) Phase 3: Adjust pointers 15.810ms
[432.156s][info][gc,phases,start] GC(236) Phase 4: Compact heap
[432.159s][info][gc,phases      ] GC(236) Phase 4: Compact heap 2.877ms
[432.177s][info][gc,heap        ] GC(236) Eden regions: 834->0(1228)
[432.177s][info][gc,heap        ] GC(236) Survivor regions: 22->0(150)
[432.177s][info][gc,heap        ] GC(236) Old regions: 151->71
[432.177s][info][gc,heap        ] GC(236) Archive regions: 0->0
[432.177s][info][gc,heap        ] GC(236) Humongous regions: 401->7
[432.177s][info][gc,metaspace   ] GC(236) Metaspace: 130714K(132544K)->130714K(132544K) NonClass: 114317K(114944K)->114317K(114944K) Class: 16396K(17600K)->16396K(17600K)
[432.177s][info][gc             ] GC(236) Pause Full (System.gc()) 1403M->74M(2048M) 60.831ms
[432.177s][info][gc,cpu         ] GC(236) User=0.27s Sys=0.03s Real=0.06s
[432.711s][info][gc,start       ] GC(237) Pause Young (Normal) (G1 Preventive Collection)
[432.711s][info][gc,task        ] GC(237) Using 6 workers of 6 for evacuation
[432.719s][info][gc             ] GC(237) To-space exhausted
[432.719s][info][gc,phases      ] GC(237)   Pre Evacuate Collection Set: 0.4ms
[432.719s][info][gc,phases      ] GC(237)   Merge Heap Roots: 0.2ms
[432.719s][info][gc,phases      ] GC(237)   Evacuate Collection Set: 3.4ms
[432.719s][info][gc,phases      ] GC(237)   Post Evacuate Collection Set: 3.5ms
[432.719s][info][gc,phases      ] GC(237)   Other: 0.3ms
[432.719s][info][gc,heap        ] GC(237) Eden regions: 1138->0(1207)
[432.719s][info][gc,heap        ] GC(237) Survivor regions: 0->21(21)
[432.719s][info][gc,heap        ] GC(237) Old regions: 71->162
[432.719s][info][gc,heap        ] GC(237) Archive regions: 0->0
[432.719s][info][gc,heap        ] GC(237) Humongous regions: 818->37
[432.719s][info][gc,metaspace   ] GC(237) Metaspace: 130788K(132608K)->130788K(132608K) NonClass: 114392K(115008K)->114392K(115008K) Class: 16396K(17600K)->16396K(17600K)
[432.719s][info][gc             ] GC(237) Pause Young (Normal) (G1 Preventive Collection) 2023M->216M(2048M) 7.768ms
[432.719s][info][gc,cpu         ] GC(237) User=0.00s Sys=0.00s Real=0.01s
[435.086s][info][gc,start       ] GC(238) Pause Young (Concurrent Start) (G1 Humongous Allocation)
[435.086s][info][gc,task        ] GC(238) Using 6 workers of 6 for evacuation
[435.092s][info][gc,phases      ] GC(238)   Pre Evacuate Collection Set: 0.2ms
[435.092s][info][gc,phases      ] GC(238)   Merge Heap Roots: 0.1ms
[435.092s][info][gc,phases      ] GC(238)   Evacuate Collection Set: 3.7ms
[435.092s][info][gc,phases      ] GC(238)   Post Evacuate Collection Set: 1.2ms
[435.092s][info][gc,phases      ] GC(238)   Other: 0.3ms
[435.092s][info][gc,heap        ] GC(238) Eden regions: 931->0(1206)
[435.092s][info][gc,heap        ] GC(238) Survivor regions: 21->22(154)
[435.092s][info][gc,heap        ] GC(238) Old regions: 162->162
[435.092s][info][gc,heap        ] GC(238) Archive regions: 0->0
[435.092s][info][gc,heap        ] GC(238) Humongous regions: 760->47
[435.092s][info][gc,metaspace   ] GC(238) Metaspace: 130788K(132608K)->130788K(132608K) NonClass: 114392K(115008K)->114392K(115008K) Class: 16396K(17600K)->16396K(17600K)
[435.092s][info][gc             ] GC(238) Pause Young (Concurrent Start) (G1 Humongous Allocation) 1870M->226M(2048M) 5.642ms
[435.092s][info][gc,cpu         ] GC(238) User=0.00s Sys=0.00s Real=0.01s
[435.092s][info][gc             ] GC(239) Concurrent Undo Cycle
[435.092s][info][gc,marking     ] GC(239) Concurrent Cleanup for Next Mark
[435.096s][info][gc,marking     ] GC(239) Concurrent Cleanup for Next Mark 3.893ms
[435.096s][info][gc             ] GC(239) Concurrent Undo Cycle 4.010ms
[438.593s][info][gc,start       ] GC(240) Pause Full (System.gc())
[438.593s][info][gc,task        ] GC(240) Using 6 workers of 6 for full compaction
[438.593s][info][gc,phases,start] GC(240) Phase 1: Mark live objects
[438.614s][info][gc,phases      ] GC(240) Phase 1: Mark live objects 20.873ms
[438.614s][info][gc,phases,start] GC(240) Phase 2: Prepare for compaction
[438.618s][info][gc,phases      ] GC(240) Phase 2: Prepare for compaction 3.407ms
[438.618s][info][gc,phases,start] GC(240) Phase 3: Adjust pointers
[438.633s][info][gc,phases      ] GC(240) Phase 3: Adjust pointers 15.285ms
[438.633s][info][gc,phases,start] GC(240) Phase 4: Compact heap
[438.636s][info][gc,phases      ] GC(240) Phase 4: Compact heap 2.403ms
[438.654s][info][gc,heap        ] GC(240) Eden regions: 856->0(1228)
[438.654s][info][gc,heap        ] GC(240) Survivor regions: 22->0(154)
[438.654s][info][gc,heap        ] GC(240) Old regions: 162->72
[438.654s][info][gc,heap        ] GC(240) Archive regions: 0->0
[438.654s][info][gc,heap        ] GC(240) Humongous regions: 411->7
[438.654s][info][gc,metaspace   ] GC(240) Metaspace: 130934K(132736K)->130934K(132736K) NonClass: 114538K(115136K)->114538K(115136K) Class: 16396K(17600K)->16396K(17600K)
[438.654s][info][gc             ] GC(240) Pause Full (System.gc()) 1446M->75M(2048M) 61.073ms
[438.654s][info][gc,cpu         ] GC(240) User=0.12s Sys=0.00s Real=0.05s
[439.191s][info][gc,start       ] GC(241) Pause Young (Normal) (G1 Preventive Collection)
[439.191s][info][gc,task        ] GC(241) Using 6 workers of 6 for evacuation
[439.198s][info][gc             ] GC(241) To-space exhausted
[439.198s][info][gc,phases      ] GC(241)   Pre Evacuate Collection Set: 0.2ms
[439.198s][info][gc,phases      ] GC(241)   Merge Heap Roots: 0.2ms
[439.198s][info][gc,phases      ] GC(241)   Evacuate Collection Set: 3.5ms
[439.198s][info][gc,phases      ] GC(241)   Post Evacuate Collection Set: 3.0ms
[439.198s][info][gc,phases      ] GC(241)   Other: 0.3ms
[439.198s][info][gc,heap        ] GC(241) Eden regions: 1137->0(1207)
[439.198s][info][gc,heap        ] GC(241) Survivor regions: 0->21(21)
[439.198s][info][gc,heap        ] GC(241) Old regions: 72->150
[439.198s][info][gc,heap        ] GC(241) Archive regions: 0->0
[439.198s][info][gc,heap        ] GC(241) Humongous regions: 818->32
[439.198s][info][gc,metaspace   ] GC(241) Metaspace: 130948K(132736K)->130948K(132736K) NonClass: 114552K(115136K)->114552K(115136K) Class: 16396K(17600K)->16396K(17600K)
[439.198s][info][gc             ] GC(241) Pause Young (Normal) (G1 Preventive Collection) 2023M->199M(2048M) 7.215ms
[439.198s][info][gc,cpu         ] GC(241) User=0.00s Sys=0.00s Real=0.01s
[441.641s][info][gc,start       ] GC(242) Pause Young (Concurrent Start) (G1 Humongous Allocation)
[441.641s][info][gc,task        ] GC(242) Using 6 workers of 6 for evacuation
[441.646s][info][gc,phases      ] GC(242)   Pre Evacuate Collection Set: 0.2ms
[441.646s][info][gc,phases      ] GC(242)   Merge Heap Roots: 0.1ms
[441.646s][info][gc,phases      ] GC(242)   Evacuate Collection Set: 3.5ms
[441.646s][info][gc,phases      ] GC(242)   Post Evacuate Collection Set: 1.0ms
[441.646s][info][gc,phases      ] GC(242)   Other: 0.2ms
[441.646s][info][gc,heap        ] GC(242) Eden regions: 955->0(1207)
[441.646s][info][gc,heap        ] GC(242) Survivor regions: 21->21(153)
[441.646s][info][gc,heap        ] GC(242) Old regions: 150->150
[441.646s][info][gc,heap        ] GC(242) Archive regions: 0->0
[441.646s][info][gc,heap        ] GC(242) Humongous regions: 769->47
[441.646s][info][gc,metaspace   ] GC(242) Metaspace: 130949K(132736K)->130949K(132736K) NonClass: 114553K(115136K)->114553K(115136K) Class: 16396K(17600K)->16396K(17600K)
[441.646s][info][gc             ] GC(242) Pause Young (Concurrent Start) (G1 Humongous Allocation) 1890M->214M(2048M) 5.290ms
[441.646s][info][gc,cpu         ] GC(242) User=0.00s Sys=0.00s Real=0.02s
[441.646s][info][gc             ] GC(243) Concurrent Undo Cycle
[441.646s][info][gc,marking     ] GC(243) Concurrent Cleanup for Next Mark
[441.651s][info][gc,marking     ] GC(243) Concurrent Cleanup for Next Mark 4.339ms
[441.651s][info][gc             ] GC(243) Concurrent Undo Cycle 4.501ms
[445.085s][info][gc,start       ] GC(244) Pause Full (System.gc())
[445.086s][info][gc,task        ] GC(244) Using 6 workers of 6 for full compaction
[445.086s][info][gc,phases,start] GC(244) Phase 1: Mark live objects
[445.105s][info][gc,phases      ] GC(244) Phase 1: Mark live objects 19.163ms
[445.105s][info][gc,phases,start] GC(244) Phase 2: Prepare for compaction
[445.109s][info][gc,phases      ] GC(244) Phase 2: Prepare for compaction 3.386ms
[445.109s][info][gc,phases,start] GC(244) Phase 3: Adjust pointers
[445.124s][info][gc,phases      ] GC(244) Phase 3: Adjust pointers 15.545ms
[445.124s][info][gc,phases,start] GC(244) Phase 4: Compact heap
[445.127s][info][gc,phases      ] GC(244) Phase 4: Compact heap 2.637ms
[445.145s][info][gc,heap        ] GC(244) Eden regions: 834->0(1228)
[445.145s][info][gc,heap        ] GC(244) Survivor regions: 21->0(153)
[445.145s][info][gc,heap        ] GC(244) Old regions: 150->71
[445.145s][info][gc,heap        ] GC(244) Archive regions: 0->0
[445.145s][info][gc,heap        ] GC(244) Humongous regions: 397->7
[445.145s][info][gc,metaspace   ] GC(244) Metaspace: 130957K(132736K)->130957K(132736K) NonClass: 114560K(115136K)->114560K(115136K) Class: 16396K(17600K)->16396K(17600K)
[445.145s][info][gc             ] GC(244) Pause Full (System.gc()) 1397M->75M(2048M) 59.602ms
[445.145s][info][gc,cpu         ] GC(244) User=0.30s Sys=0.00s Real=0.06s
[445.666s][info][gc,start       ] GC(245) Pause Young (Normal) (G1 Preventive Collection)
[445.666s][info][gc,task        ] GC(245) Using 6 workers of 6 for evacuation
[445.673s][info][gc             ] GC(245) To-space exhausted
[445.673s][info][gc,phases      ] GC(245)   Pre Evacuate Collection Set: 0.4ms
[445.673s][info][gc,phases      ] GC(245)   Merge Heap Roots: 0.2ms
[445.673s][info][gc,phases      ] GC(245)   Evacuate Collection Set: 3.3ms
[445.673s][info][gc,phases      ] GC(245)   Post Evacuate Collection Set: 2.8ms
[445.673s][info][gc,phases      ] GC(245)   Other: 0.3ms
[445.673s][info][gc,heap        ] GC(245) Eden regions: 1139->0(1208)
[445.673s][info][gc,heap        ] GC(245) Survivor regions: 0->20(20)
[445.673s][info][gc,heap        ] GC(245) Old regions: 71->158
[445.673s][info][gc,heap        ] GC(245) Archive regions: 0->0
[445.673s][info][gc,heap        ] GC(245) Humongous regions: 818->27
[445.673s][info][gc,metaspace   ] GC(245) Metaspace: 130957K(132736K)->130957K(132736K) NonClass: 114561K(115136K)->114561K(115136K) Class: 16396K(17600K)->16396K(17600K)
[445.673s][info][gc             ] GC(245) Pause Young (Normal) (G1 Preventive Collection) 2025M->202M(2048M) 7.063ms
[445.673s][info][gc,cpu         ] GC(245) User=0.03s Sys=0.00s Real=0.01s
[448.136s][info][gc,start       ] GC(246) Pause Young (Concurrent Start) (G1 Humongous Allocation)
[448.136s][info][gc,task        ] GC(246) Using 6 workers of 6 for evacuation
[448.141s][info][gc,phases      ] GC(246)   Pre Evacuate Collection Set: 0.2ms
[448.141s][info][gc,phases      ] GC(246)   Merge Heap Roots: 0.1ms
[448.141s][info][gc,phases      ] GC(246)   Evacuate Collection Set: 3.4ms
[448.141s][info][gc,phases      ] GC(246)   Post Evacuate Collection Set: 0.9ms
[448.141s][info][gc,phases      ] GC(246)   Other: 0.2ms
[448.141s][info][gc,heap        ] GC(246) Eden regions: 952->0(1207)
[448.141s][info][gc,heap        ] GC(246) Survivor regions: 20->21(154)
[448.141s][info][gc,heap        ] GC(246) Old regions: 158->158
[448.141s][info][gc,heap        ] GC(246) Archive regions: 0->0
[448.141s][info][gc,heap        ] GC(246) Humongous regions: 764->47
[448.141s][info][gc,metaspace   ] GC(246) Metaspace: 130957K(132736K)->130957K(132736K) NonClass: 114561K(115136K)->114561K(115136K) Class: 16396K(17600K)->16396K(17600K)
[448.141s][info][gc             ] GC(246) Pause Young (Concurrent Start) (G1 Humongous Allocation) 1890M->222M(2048M) 4.963ms
[448.141s][info][gc,cpu         ] GC(246) User=0.02s Sys=0.00s Real=0.00s
[448.141s][info][gc             ] GC(247) Concurrent Undo Cycle
[448.141s][info][gc,marking     ] GC(247) Concurrent Cleanup for Next Mark
[448.146s][info][gc,marking     ] GC(247) Concurrent Cleanup for Next Mark 4.598ms
[448.146s][info][gc             ] GC(247) Concurrent Undo Cycle 4.758ms
[451.551s][info][gc,start       ] GC(248) Pause Full (System.gc())
[451.551s][info][gc,task        ] GC(248) Using 6 workers of 6 for full compaction
[451.552s][info][gc,phases,start] GC(248) Phase 1: Mark live objects
[451.570s][info][gc,phases      ] GC(248) Phase 1: Mark live objects 18.688ms
[451.570s][info][gc,phases,start] GC(248) Phase 2: Prepare for compaction
[451.574s][info][gc,phases      ] GC(248) Phase 2: Prepare for compaction 3.174ms
[451.574s][info][gc,phases,start] GC(248) Phase 3: Adjust pointers
[451.589s][info][gc,phases      ] GC(248) Phase 3: Adjust pointers 14.875ms
[451.589s][info][gc,phases,start] GC(248) Phase 4: Compact heap
[451.591s][info][gc,phases      ] GC(248) Phase 4: Compact heap 2.001ms
[451.610s][info][gc,heap        ] GC(248) Eden regions: 833->0(1228)
[451.610s][info][gc,heap        ] GC(248) Survivor regions: 21->0(154)
[451.610s][info][gc,heap        ] GC(248) Old regions: 158->71
[451.610s][info][gc,heap        ] GC(248) Archive regions: 0->0
[451.610s][info][gc,heap        ] GC(248) Humongous regions: 397->7
[451.610s][info][gc,metaspace   ] GC(248) Metaspace: 130961K(132736K)->130961K(132736K) NonClass: 114565K(115136K)->114565K(115136K) Class: 16396K(17600K)->16396K(17600K)
[451.610s][info][gc             ] GC(248) Pause Full (System.gc()) 1405M->75M(2048M) 59.006ms
[451.610s][info][gc,cpu         ] GC(248) User=0.25s Sys=0.02s Real=0.07s
[452.160s][info][gc,start       ] GC(249) Pause Young (Normal) (G1 Preventive Collection)
[452.160s][info][gc,task        ] GC(249) Using 6 workers of 6 for evacuation
[452.168s][info][gc             ] GC(249) To-space exhausted
[452.168s][info][gc,phases      ] GC(249)   Pre Evacuate Collection Set: 0.3ms
[452.168s][info][gc,phases      ] GC(249)   Merge Heap Roots: 0.2ms
[452.168s][info][gc,phases      ] GC(249)   Evacuate Collection Set: 3.3ms
[452.168s][info][gc,phases      ] GC(249)   Post Evacuate Collection Set: 4.2ms
[452.168s][info][gc,phases      ] GC(249)   Other: 0.4ms
[452.168s][info][gc,heap        ] GC(249) Eden regions: 1139->0(1208)
[452.168s][info][gc,heap        ] GC(249) Survivor regions: 0->20(20)
[452.168s][info][gc,heap        ] GC(249) Old regions: 71->192
[452.168s][info][gc,heap        ] GC(249) Archive regions: 0->0
[452.168s][info][gc,heap        ] GC(249) Humongous regions: 818->27
[452.168s][info][gc,metaspace   ] GC(249) Metaspace: 130962K(132736K)->130962K(132736K) NonClass: 114566K(115136K)->114566K(115136K) Class: 16396K(17600K)->16396K(17600K)
[452.168s][info][gc             ] GC(249) Pause Young (Normal) (G1 Preventive Collection) 2025M->236M(2048M) 8.375ms
[452.168s][info][gc,cpu         ] GC(249) User=0.00s Sys=0.00s Real=0.01s
[454.285s][info][gc,start       ] GC(250) Pause Young (Concurrent Start) (G1 Humongous Allocation)
[454.285s][info][gc,task        ] GC(250) Using 6 workers of 6 for evacuation
[454.291s][info][gc,phases      ] GC(250)   Pre Evacuate Collection Set: 0.2ms
[454.291s][info][gc,phases      ] GC(250)   Merge Heap Roots: 0.1ms
[454.291s][info][gc,phases      ] GC(250)   Evacuate Collection Set: 4.5ms
[454.291s][info][gc,phases      ] GC(250)   Post Evacuate Collection Set: 1.0ms
[454.291s][info][gc,phases      ] GC(250)   Other: 0.3ms
[454.291s][info][gc,heap        ] GC(250) Eden regions: 878->0(1204)
[454.291s][info][gc,heap        ] GC(250) Survivor regions: 20->24(154)
[454.291s][info][gc,heap        ] GC(250) Old regions: 192->192
[454.291s][info][gc,heap        ] GC(250) Archive regions: 0->0
[454.291s][info][gc,heap        ] GC(250) Humongous regions: 729->47
[454.291s][info][gc,metaspace   ] GC(250) Metaspace: 130962K(132736K)->130962K(132736K) NonClass: 114566K(115136K)->114566K(115136K) Class: 16396K(17600K)->16396K(17600K)
[454.291s][info][gc             ] GC(250) Pause Young (Concurrent Start) (G1 Humongous Allocation) 1816M->260M(2048M) 6.222ms
[454.291s][info][gc,cpu         ] GC(250) User=0.00s Sys=0.00s Real=0.00s
[454.291s][info][gc             ] GC(251) Concurrent Undo Cycle
[454.291s][info][gc,marking     ] GC(251) Concurrent Cleanup for Next Mark
[454.295s][info][gc,marking     ] GC(251) Concurrent Cleanup for Next Mark 4.279ms
[454.295s][info][gc             ] GC(251) Concurrent Undo Cycle 4.401ms
[458.065s][info][gc,start       ] GC(252) Pause Full (System.gc())
[458.065s][info][gc,task        ] GC(252) Using 6 workers of 6 for full compaction
[458.065s][info][gc,phases,start] GC(252) Phase 1: Mark live objects
[458.084s][info][gc,phases      ] GC(252) Phase 1: Mark live objects 18.280ms
[458.084s][info][gc,phases,start] GC(252) Phase 2: Prepare for compaction
[458.087s][info][gc,phases      ] GC(252) Phase 2: Prepare for compaction 3.683ms
[458.088s][info][gc,phases,start] GC(252) Phase 3: Adjust pointers
[458.103s][info][gc,phases      ] GC(252) Phase 3: Adjust pointers 15.703ms
[458.103s][info][gc,phases,start] GC(252) Phase 4: Compact heap
[458.106s][info][gc,phases      ] GC(252) Phase 4: Compact heap 2.920ms
[458.125s][info][gc,heap        ] GC(252) Eden regions: 908->0(1228)
[458.125s][info][gc,heap        ] GC(252) Survivor regions: 24->0(154)
[458.125s][info][gc,heap        ] GC(252) Old regions: 192->71
[458.125s][info][gc,heap        ] GC(252) Archive regions: 0->0
[458.125s][info][gc,heap        ] GC(252) Humongous regions: 432->7
[458.125s][info][gc,metaspace   ] GC(252) Metaspace: 130963K(132736K)->130963K(132736K) NonClass: 114567K(115136K)->114567K(115136K) Class: 16396K(17600K)->16396K(17600K)
[458.125s][info][gc             ] GC(252) Pause Full (System.gc()) 1553M->75M(2048M) 59.598ms
[458.125s][info][gc,cpu         ] GC(252) User=0.22s Sys=0.00s Real=0.06s
[458.662s][info][gc,start       ] GC(253) Pause Young (Normal) (G1 Preventive Collection)
[458.663s][info][gc,task        ] GC(253) Using 6 workers of 6 for evacuation
[458.670s][info][gc             ] GC(253) To-space exhausted
[458.670s][info][gc,phases      ] GC(253)   Pre Evacuate Collection Set: 0.2ms
[458.670s][info][gc,phases      ] GC(253)   Merge Heap Roots: 0.2ms
[458.670s][info][gc,phases      ] GC(253)   Evacuate Collection Set: 3.9ms
[458.670s][info][gc,phases      ] GC(253)   Post Evacuate Collection Set: 3.1ms
[458.670s][info][gc,phases      ] GC(253)   Other: 0.3ms
[458.670s][info][gc,heap        ] GC(253) Eden regions: 1135->0(1204)
[458.670s][info][gc,heap        ] GC(253) Survivor regions: 0->24(24)
[458.670s][info][gc,heap        ] GC(253) Old regions: 71->140
[458.670s][info][gc,heap        ] GC(253) Archive regions: 0->0
[458.670s][info][gc,heap        ] GC(253) Humongous regions: 818->37
[458.670s][info][gc,metaspace   ] GC(253) Metaspace: 130963K(132736K)->130963K(132736K) NonClass: 114567K(115136K)->114567K(115136K) Class: 16396K(17600K)->16396K(17600K)
[458.670s][info][gc             ] GC(253) Pause Young (Normal) (G1 Preventive Collection) 2020M->197M(2048M) 7.741ms
[458.670s][info][gc,cpu         ] GC(253) User=0.00s Sys=0.00s Real=0.01s
[461.341s][info][gc,start       ] GC(254) Pause Young (Concurrent Start) (G1 Humongous Allocation)
[461.341s][info][gc,task        ] GC(254) Using 6 workers of 6 for evacuation
[461.347s][info][gc,phases      ] GC(254)   Pre Evacuate Collection Set: 0.3ms
[461.347s][info][gc,phases      ] GC(254)   Merge Heap Roots: 0.1ms
[461.347s][info][gc,phases      ] GC(254)   Evacuate Collection Set: 4.1ms
[461.347s][info][gc,phases      ] GC(254)   Post Evacuate Collection Set: 1.0ms
[461.347s][info][gc,phases      ] GC(254)   Other: 0.3ms
[461.347s][info][gc,heap        ] GC(254) Eden regions: 980->0(1203)
[461.347s][info][gc,heap        ] GC(254) Survivor regions: 24->25(123)
[461.347s][info][gc,heap        ] GC(254) Old regions: 140->140
[461.347s][info][gc,heap        ] GC(254) Archive regions: 0->0
[461.347s][info][gc,heap        ] GC(254) Humongous regions: 781->47
[461.347s][info][gc,metaspace   ] GC(254) Metaspace: 130963K(132736K)->130963K(132736K) NonClass: 114567K(115136K)->114567K(115136K) Class: 16396K(17600K)->16396K(17600K)
[461.347s][info][gc             ] GC(254) Pause Young (Concurrent Start) (G1 Humongous Allocation) 1921M->208M(2048M) 5.940ms
[461.347s][info][gc,cpu         ] GC(254) User=0.09s Sys=0.00s Real=0.01s
[461.347s][info][gc             ] GC(255) Concurrent Undo Cycle
[461.347s][info][gc,marking     ] GC(255) Concurrent Cleanup for Next Mark
[461.352s][info][gc,marking     ] GC(255) Concurrent Cleanup for Next Mark 4.461ms
[461.352s][info][gc             ] GC(255) Concurrent Undo Cycle 4.601ms
[464.632s][info][gc,start       ] GC(256) Pause Full (System.gc())
[464.632s][info][gc,task        ] GC(256) Using 6 workers of 6 for full compaction
[464.633s][info][gc,phases,start] GC(256) Phase 1: Mark live objects
[464.650s][info][gc,phases      ] GC(256) Phase 1: Mark live objects 17.698ms
[464.650s][info][gc,phases,start] GC(256) Phase 2: Prepare for compaction
[464.654s][info][gc,phases      ] GC(256) Phase 2: Prepare for compaction 3.843ms
[464.654s][info][gc,phases,start] GC(256) Phase 3: Adjust pointers
[464.670s][info][gc,phases      ] GC(256) Phase 3: Adjust pointers 15.747ms
[464.670s][info][gc,phases,start] GC(256) Phase 4: Compact heap
[464.673s][info][gc,phases      ] GC(256) Phase 4: Compact heap 2.619ms
[464.691s][info][gc,heap        ] GC(256) Eden regions: 811->0(1228)
[464.691s][info][gc,heap        ] GC(256) Survivor regions: 25->0(123)
[464.691s][info][gc,heap        ] GC(256) Old regions: 140->72
[464.691s][info][gc,heap        ] GC(256) Archive regions: 0->0
[464.691s][info][gc,heap        ] GC(256) Humongous regions: 390->7
[464.691s][info][gc,metaspace   ] GC(256) Metaspace: 130963K(132736K)->130963K(132736K) NonClass: 114567K(115136K)->114567K(115136K) Class: 16396K(17600K)->16396K(17600K)
[464.691s][info][gc             ] GC(256) Pause Full (System.gc()) 1361M->75M(2048M) 58.960ms
[464.691s][info][gc,cpu         ] GC(256) User=0.22s Sys=0.02s Real=0.06s
[465.236s][info][gc,start       ] GC(257) Pause Young (Normal) (G1 Preventive Collection)
[465.236s][info][gc,task        ] GC(257) Using 6 workers of 6 for evacuation
[465.243s][info][gc             ] GC(257) To-space exhausted
[465.243s][info][gc,phases      ] GC(257)   Pre Evacuate Collection Set: 0.3ms
[465.243s][info][gc,phases      ] GC(257)   Merge Heap Roots: 0.2ms
[465.243s][info][gc,phases      ] GC(257)   Evacuate Collection Set: 4.6ms
[465.243s][info][gc,phases      ] GC(257)   Post Evacuate Collection Set: 2.2ms
[465.243s][info][gc,phases      ] GC(257)   Other: 0.3ms
[465.243s][info][gc,heap        ] GC(257) Eden regions: 1140->0(1205)
[465.243s][info][gc,heap        ] GC(257) Survivor regions: 0->23(23)
[465.243s][info][gc,heap        ] GC(257) Old regions: 72->130
[465.243s][info][gc,heap        ] GC(257) Archive regions: 0->0
[465.243s][info][gc,heap        ] GC(257) Humongous regions: 813->27
[465.243s][info][gc,metaspace   ] GC(257) Metaspace: 130965K(132736K)->130965K(132736K) NonClass: 114569K(115136K)->114569K(115136K) Class: 16396K(17600K)->16396K(17600K)
[465.244s][info][gc             ] GC(257) Pause Young (Normal) (G1 Preventive Collection) 2021M->176M(2048M) 7.575ms
[465.244s][info][gc,cpu         ] GC(257) User=0.00s Sys=0.00s Real=0.01s
[468.041s][info][gc,start       ] GC(258) Pause Young (Concurrent Start) (G1 Humongous Allocation)
[468.041s][info][gc,task        ] GC(258) Using 6 workers of 6 for evacuation
[468.046s][info][gc,phases      ] GC(258)   Pre Evacuate Collection Set: 0.2ms
[468.046s][info][gc,phases      ] GC(258)   Merge Heap Roots: 0.1ms
[468.046s][info][gc,phases      ] GC(258)   Evacuate Collection Set: 3.7ms
[468.046s][info][gc,phases      ] GC(258)   Post Evacuate Collection Set: 1.2ms
[468.046s][info][gc,phases      ] GC(258)   Other: 0.3ms
[468.046s][info][gc,heap        ] GC(258) Eden regions: 994->0(1206)
[468.046s][info][gc,heap        ] GC(258) Survivor regions: 23->22(109)
[468.046s][info][gc,heap        ] GC(258) Old regions: 130->130
[468.046s][info][gc,heap        ] GC(258) Archive regions: 0->0
[468.046s][info][gc,heap        ] GC(258) Humongous regions: 792->47
[468.046s][info][gc,metaspace   ] GC(258) Metaspace: 130965K(132736K)->130965K(132736K) NonClass: 114569K(115136K)->114569K(115136K) Class: 16396K(17600K)->16396K(17600K)
[468.047s][info][gc             ] GC(258) Pause Young (Concurrent Start) (G1 Humongous Allocation) 1935M->194M(2048M) 5.637ms
[468.047s][info][gc,cpu         ] GC(258) User=0.00s Sys=0.00s Real=0.01s
[468.047s][info][gc             ] GC(259) Concurrent Undo Cycle
[468.047s][info][gc,marking     ] GC(259) Concurrent Cleanup for Next Mark
[468.050s][info][gc,marking     ] GC(259) Concurrent Cleanup for Next Mark 3.770ms
[468.050s][info][gc             ] GC(259) Concurrent Undo Cycle 3.900ms
[471.116s][info][gc,start       ] GC(260) Pause Full (System.gc())
[471.116s][info][gc,task        ] GC(260) Using 6 workers of 6 for full compaction
[471.116s][info][gc,phases,start] GC(260) Phase 1: Mark live objects
[471.135s][info][gc,phases      ] GC(260) Phase 1: Mark live objects 18.435ms
[471.135s][info][gc,phases,start] GC(260) Phase 2: Prepare for compaction
[471.138s][info][gc,phases      ] GC(260) Phase 2: Prepare for compaction 3.393ms
[471.138s][info][gc,phases,start] GC(260) Phase 3: Adjust pointers
[471.153s][info][gc,phases      ] GC(260) Phase 3: Adjust pointers 14.867ms
[471.153s][info][gc,phases,start] GC(260) Phase 4: Compact heap
[471.156s][info][gc,phases      ] GC(260) Phase 4: Compact heap 2.640ms
[471.174s][info][gc,heap        ] GC(260) Eden regions: 794->0(1228)
[471.174s][info][gc,heap        ] GC(260) Survivor regions: 22->0(109)
[471.174s][info][gc,heap        ] GC(260) Old regions: 130->72
[471.174s][info][gc,heap        ] GC(260) Archive regions: 0->0
[471.174s][info][gc,heap        ] GC(260) Humongous regions: 374->7
[471.174s][info][gc,metaspace   ] GC(260) Metaspace: 130965K(132736K)->130965K(132736K) NonClass: 114569K(115136K)->114569K(115136K) Class: 16396K(17600K)->16396K(17600K)
[471.174s][info][gc             ] GC(260) Pause Full (System.gc()) 1315M->75M(2048M) 58.089ms
[471.174s][info][gc,cpu         ] GC(260) User=0.22s Sys=0.00s Real=0.06s
[471.700s][info][gc,start       ] GC(261) Pause Young (Normal) (G1 Preventive Collection)
[471.700s][info][gc,task        ] GC(261) Using 6 workers of 6 for evacuation
[471.707s][info][gc             ] GC(261) To-space exhausted
[471.708s][info][gc,phases      ] GC(261)   Pre Evacuate Collection Set: 0.2ms
[471.708s][info][gc,phases      ] GC(261)   Merge Heap Roots: 0.2ms
[471.708s][info][gc,phases      ] GC(261)   Evacuate Collection Set: 3.7ms
[471.708s][info][gc,phases      ] GC(261)   Post Evacuate Collection Set: 3.3ms
[471.708s][info][gc,phases      ] GC(261)   Other: 0.4ms
[471.708s][info][gc,heap        ] GC(261) Eden regions: 1135->0(1205)
[471.708s][info][gc,heap        ] GC(261) Survivor regions: 0->23(23)
[471.708s][info][gc,heap        ] GC(261) Old regions: 72->155
[471.708s][info][gc,heap        ] GC(261) Archive regions: 0->0
[471.708s][info][gc,heap        ] GC(261) Humongous regions: 818->32
[471.708s][info][gc,metaspace   ] GC(261) Metaspace: 130966K(132736K)->130966K(132736K) NonClass: 114570K(115136K)->114570K(115136K) Class: 16396K(17600K)->16396K(17600K)
[471.708s][info][gc             ] GC(261) Pause Young (Normal) (G1 Preventive Collection) 2021M->206M(2048M) 7.736ms
[471.708s][info][gc,cpu         ] GC(261) User=0.09s Sys=0.00s Real=0.01s
[474.157s][info][gc,start       ] GC(262) Pause Young (Concurrent Start) (G1 Humongous Allocation)
[474.157s][info][gc,task        ] GC(262) Using 6 workers of 6 for evacuation
[474.162s][info][gc,phases      ] GC(262)   Pre Evacuate Collection Set: 0.2ms
[474.162s][info][gc,phases      ] GC(262)   Merge Heap Roots: 0.2ms
[474.162s][info][gc,phases      ] GC(262)   Evacuate Collection Set: 3.6ms
[474.162s][info][gc,phases      ] GC(262)   Post Evacuate Collection Set: 1.0ms
[474.162s][info][gc,phases      ] GC(262)   Other: 0.2ms
[474.162s][info][gc,heap        ] GC(262) Eden regions: 957->0(1205)
[474.162s][info][gc,heap        ] GC(262) Survivor regions: 23->23(146)
[474.162s][info][gc,heap        ] GC(262) Old regions: 155->155
[474.162s][info][gc,heap        ] GC(262) Archive regions: 0->0
[474.162s][info][gc,heap        ] GC(262) Humongous regions: 767->47
[474.162s][info][gc,metaspace   ] GC(262) Metaspace: 130967K(132736K)->130967K(132736K) NonClass: 114571K(115136K)->114571K(115136K) Class: 16396K(17600K)->16396K(17600K)
[474.162s][info][gc             ] GC(262) Pause Young (Concurrent Start) (G1 Humongous Allocation) 1897M->220M(2048M) 5.326ms
[474.162s][info][gc,cpu         ] GC(262) User=0.00s Sys=0.00s Real=0.00s
[474.162s][info][gc             ] GC(263) Concurrent Undo Cycle
[474.162s][info][gc,marking     ] GC(263) Concurrent Cleanup for Next Mark
[474.166s][info][gc,marking     ] GC(263) Concurrent Cleanup for Next Mark 3.794ms
[474.166s][info][gc             ] GC(263) Concurrent Undo Cycle 3.917ms
[477.567s][info][gc,start       ] GC(264) Pause Full (System.gc())
[477.567s][info][gc,task        ] GC(264) Using 6 workers of 6 for full compaction
[477.567s][info][gc,phases,start] GC(264) Phase 1: Mark live objects
[477.588s][info][gc,phases      ] GC(264) Phase 1: Mark live objects 20.460ms
[477.588s][info][gc,phases,start] GC(264) Phase 2: Prepare for compaction
[477.591s][info][gc,phases      ] GC(264) Phase 2: Prepare for compaction 3.253ms
[477.591s][info][gc,phases,start] GC(264) Phase 3: Adjust pointers
[477.606s][info][gc,phases      ] GC(264) Phase 3: Adjust pointers 15.180ms
[477.606s][info][gc,phases,start] GC(264) Phase 4: Compact heap
[477.609s][info][gc,phases      ] GC(264) Phase 4: Compact heap 2.604ms
[477.627s][info][gc,heap        ] GC(264) Eden regions: 834->0(1228)
[477.627s][info][gc,heap        ] GC(264) Survivor regions: 23->0(146)
[477.627s][info][gc,heap        ] GC(264) Old regions: 155->73
[477.627s][info][gc,heap        ] GC(264) Archive regions: 0->0
[477.627s][info][gc,heap        ] GC(264) Humongous regions: 399->7
[477.627s][info][gc,metaspace   ] GC(264) Metaspace: 130967K(132736K)->130967K(132736K) NonClass: 114571K(115136K)->114571K(115136K) Class: 16396K(17600K)->16396K(17600K)
[477.627s][info][gc             ] GC(264) Pause Full (System.gc()) 1406M->75M(2048M) 60.618ms
[477.627s][info][gc,cpu         ] GC(264) User=0.22s Sys=0.00s Real=0.06s
[478.171s][info][gc,start       ] GC(265) Pause Young (Normal) (G1 Preventive Collection)
[478.171s][info][gc,task        ] GC(265) Using 6 workers of 6 for evacuation
[478.179s][info][gc             ] GC(265) To-space exhausted
[478.179s][info][gc,phases      ] GC(265)   Pre Evacuate Collection Set: 0.2ms
[478.179s][info][gc,phases      ] GC(265)   Merge Heap Roots: 0.2ms
[478.179s][info][gc,phases      ] GC(265)   Evacuate Collection Set: 3.6ms
[478.179s][info][gc,phases      ] GC(265)   Post Evacuate Collection Set: 3.2ms
[478.179s][info][gc,phases      ] GC(265)   Other: 0.3ms
[478.179s][info][gc,heap        ] GC(265) Eden regions: 1135->0(1206)
[478.179s][info][gc,heap        ] GC(265) Survivor regions: 0->22(22)
[478.179s][info][gc,heap        ] GC(265) Old regions: 73->162
[478.179s][info][gc,heap        ] GC(265) Archive regions: 0->0
[478.179s][info][gc,heap        ] GC(265) Humongous regions: 818->32
[478.179s][info][gc,metaspace   ] GC(265) Metaspace: 130967K(132736K)->130967K(132736K) NonClass: 114571K(115136K)->114571K(115136K) Class: 16396K(17600K)->16396K(17600K)
[478.179s][info][gc             ] GC(265) Pause Young (Normal) (G1 Preventive Collection) 2021M->211M(2048M) 7.495ms
[478.179s][info][gc,cpu         ] GC(265) User=0.09s Sys=0.00s Real=0.01s
[480.590s][info][gc,start       ] GC(266) Pause Young (Concurrent Start) (G1 Humongous Allocation)
[480.591s][info][gc,task        ] GC(266) Using 6 workers of 6 for evacuation
[480.597s][info][gc,phases      ] GC(266)   Pre Evacuate Collection Set: 0.2ms
[480.597s][info][gc,phases      ] GC(266)   Merge Heap Roots: 0.1ms
[480.597s][info][gc,phases      ] GC(266)   Evacuate Collection Set: 4.3ms
[480.597s][info][gc,phases      ] GC(266)   Post Evacuate Collection Set: 1.2ms
[480.597s][info][gc,phases      ] GC(266)   Other: 0.3ms
[480.597s][info][gc,heap        ] GC(266) Eden regions: 952->0(1203)
[480.597s][info][gc,heap        ] GC(266) Survivor regions: 22->25(153)
[480.597s][info][gc,heap        ] GC(266) Old regions: 162->162
[480.597s][info][gc,heap        ] GC(266) Archive regions: 0->0
[480.597s][info][gc,heap        ] GC(266) Humongous regions: 759->47
[480.597s][info][gc,metaspace   ] GC(266) Metaspace: 130967K(132736K)->130967K(132736K) NonClass: 114571K(115136K)->114571K(115136K) Class: 16396K(17600K)->16396K(17600K)
[480.597s][info][gc             ] GC(266) Pause Young (Concurrent Start) (G1 Humongous Allocation) 1890M->229M(2048M) 6.228ms
[480.597s][info][gc,cpu         ] GC(266) User=0.09s Sys=0.00s Real=0.00s
[480.597s][info][gc             ] GC(267) Concurrent Undo Cycle
[480.597s][info][gc,marking     ] GC(267) Concurrent Cleanup for Next Mark
[480.601s][info][gc,marking     ] GC(267) Concurrent Cleanup for Next Mark 3.912ms
[480.601s][info][gc             ] GC(267) Concurrent Undo Cycle 4.051ms
[484.083s][info][gc,start       ] GC(268) Pause Full (System.gc())
[484.084s][info][gc,task        ] GC(268) Using 6 workers of 6 for full compaction
[484.084s][info][gc,phases,start] GC(268) Phase 1: Mark live objects
[484.103s][info][gc,phases      ] GC(268) Phase 1: Mark live objects 18.959ms
[484.103s][info][gc,phases,start] GC(268) Phase 2: Prepare for compaction
[484.106s][info][gc,phases      ] GC(268) Phase 2: Prepare for compaction 3.541ms
[484.106s][info][gc,phases,start] GC(268) Phase 3: Adjust pointers
[484.122s][info][gc,phases      ] GC(268) Phase 3: Adjust pointers 15.026ms
[484.122s][info][gc,phases,start] GC(268) Phase 4: Compact heap
[484.124s][info][gc,phases      ] GC(268) Phase 4: Compact heap 2.826ms
[484.142s][info][gc,heap        ] GC(268) Eden regions: 839->0(1228)
[484.142s][info][gc,heap        ] GC(268) Survivor regions: 25->0(153)
[484.142s][info][gc,heap        ] GC(268) Old regions: 162->71
[484.142s][info][gc,heap        ] GC(268) Archive regions: 0->0
[484.142s][info][gc,heap        ] GC(268) Humongous regions: 407->7
[484.142s][info][gc,metaspace   ] GC(268) Metaspace: 130967K(132736K)->130967K(132736K) NonClass: 114571K(115136K)->114571K(115136K) Class: 16396K(17600K)->16396K(17600K)
[484.142s][info][gc             ] GC(268) Pause Full (System.gc()) 1427M->75M(2048M) 58.662ms
[484.142s][info][gc,cpu         ] GC(268) User=0.28s Sys=0.02s Real=0.06s
[484.677s][info][gc,start       ] GC(269) Pause Young (Normal) (G1 Preventive Collection)
[484.677s][info][gc,task        ] GC(269) Using 6 workers of 6 for evacuation
[484.684s][info][gc             ] GC(269) To-space exhausted
[484.684s][info][gc,phases      ] GC(269)   Pre Evacuate Collection Set: 0.2ms
[484.684s][info][gc,phases      ] GC(269)   Merge Heap Roots: 0.2ms
[484.684s][info][gc,phases      ] GC(269)   Evacuate Collection Set: 3.6ms
[484.684s][info][gc,phases      ] GC(269)   Post Evacuate Collection Set: 2.7ms
[484.684s][info][gc,phases      ] GC(269)   Other: 0.3ms
[484.684s][info][gc,heap        ] GC(269) Eden regions: 1136->0(1205)
[484.684s][info][gc,heap        ] GC(269) Survivor regions: 0->23(23)
[484.684s][info][gc,heap        ] GC(269) Old regions: 71->143
[484.684s][info][gc,heap        ] GC(269) Archive regions: 0->0
[484.684s][info][gc,heap        ] GC(269) Humongous regions: 818->32
[484.684s][info][gc,metaspace   ] GC(269) Metaspace: 130969K(132736K)->130969K(132736K) NonClass: 114572K(115136K)->114572K(115136K) Class: 16396K(17600K)->16396K(17600K)
[484.684s][info][gc             ] GC(269) Pause Young (Normal) (G1 Preventive Collection) 2022M->195M(2048M) 6.996ms
[484.684s][info][gc,cpu         ] GC(269) User=0.00s Sys=0.00s Real=0.01s
[487.312s][info][gc,start       ] GC(270) Pause Young (Concurrent Start) (G1 Humongous Allocation)
[487.312s][info][gc,task        ] GC(270) Using 6 workers of 6 for evacuation
[487.317s][info][gc,phases      ] GC(270)   Pre Evacuate Collection Set: 0.3ms
[487.317s][info][gc,phases      ] GC(270)   Merge Heap Roots: 0.1ms
[487.317s][info][gc,phases      ] GC(270)   Evacuate Collection Set: 3.7ms
[487.317s][info][gc,phases      ] GC(270)   Post Evacuate Collection Set: 1.1ms
[487.317s][info][gc,phases      ] GC(270)   Other: 0.3ms
[487.317s][info][gc,heap        ] GC(270) Eden regions: 982->0(1205)
[487.318s][info][gc,heap        ] GC(270) Survivor regions: 23->23(122)
[487.318s][info][gc,heap        ] GC(270) Old regions: 143->143
[487.318s][info][gc,heap        ] GC(270) Archive regions: 0->0
[487.318s][info][gc,heap        ] GC(270) Humongous regions: 778->47
[487.318s][info][gc,metaspace   ] GC(270) Metaspace: 130969K(132736K)->130969K(132736K) NonClass: 114572K(115136K)->114572K(115136K) Class: 16396K(17600K)->16396K(17600K)
[487.318s][info][gc             ] GC(270) Pause Young (Concurrent Start) (G1 Humongous Allocation) 1923M->209M(2048M) 5.600ms
[487.318s][info][gc,cpu         ] GC(270) User=0.08s Sys=0.00s Real=0.00s
[487.318s][info][gc             ] GC(271) Concurrent Undo Cycle
[487.318s][info][gc,marking     ] GC(271) Concurrent Cleanup for Next Mark
[487.322s][info][gc,marking     ] GC(271) Concurrent Cleanup for Next Mark 4.170ms
[487.322s][info][gc             ] GC(271) Concurrent Undo Cycle 4.348ms
[490.568s][info][gc,start       ] GC(272) Pause Full (System.gc())
[490.568s][info][gc,task        ] GC(272) Using 6 workers of 6 for full compaction
[490.568s][info][gc,phases,start] GC(272) Phase 1: Mark live objects
[490.588s][info][gc,phases      ] GC(272) Phase 1: Mark live objects 19.862ms
[490.588s][info][gc,phases,start] GC(272) Phase 2: Prepare for compaction
[490.592s][info][gc,phases      ] GC(272) Phase 2: Prepare for compaction 3.173ms
[490.592s][info][gc,phases,start] GC(272) Phase 3: Adjust pointers
[490.606s][info][gc,phases      ] GC(272) Phase 3: Adjust pointers 14.860ms
[490.606s][info][gc,phases,start] GC(272) Phase 4: Compact heap
[490.609s][info][gc,phases      ] GC(272) Phase 4: Compact heap 2.055ms
[490.626s][info][gc,heap        ] GC(272) Eden regions: 808->0(1228)
[490.626s][info][gc,heap        ] GC(272) Survivor regions: 23->0(122)
[490.626s][info][gc,heap        ] GC(272) Old regions: 143->71
[490.626s][info][gc,heap        ] GC(272) Archive regions: 0->0
[490.626s][info][gc,heap        ] GC(272) Humongous regions: 388->7
[490.626s][info][gc,metaspace   ] GC(272) Metaspace: 130969K(132736K)->130969K(132736K) NonClass: 114572K(115136K)->114572K(115136K) Class: 16396K(17600K)->16396K(17600K)
[490.626s][info][gc             ] GC(272) Pause Full (System.gc()) 1358M->75M(2048M) 58.308ms
[490.626s][info][gc,cpu         ] GC(272) User=0.27s Sys=0.02s Real=0.07s
[491.164s][info][gc,start       ] GC(273) Pause Young (Normal) (G1 Preventive Collection)
[491.164s][info][gc,task        ] GC(273) Using 6 workers of 6 for evacuation
[491.170s][info][gc             ] GC(273) To-space exhausted
[491.170s][info][gc,phases      ] GC(273)   Pre Evacuate Collection Set: 0.2ms
[491.170s][info][gc,phases      ] GC(273)   Merge Heap Roots: 0.2ms
[491.170s][info][gc,phases      ] GC(273)   Evacuate Collection Set: 3.5ms
[491.170s][info][gc,phases      ] GC(273)   Post Evacuate Collection Set: 2.5ms
[491.170s][info][gc,phases      ] GC(273)   Other: 0.3ms
[491.170s][info][gc,heap        ] GC(273) Eden regions: 1137->0(1206)
[491.170s][info][gc,heap        ] GC(273) Survivor regions: 0->22(22)
[491.170s][info][gc,heap        ] GC(273) Old regions: 71->141
[491.170s][info][gc,heap        ] GC(273) Archive regions: 0->0
[491.170s][info][gc,heap        ] GC(273) Humongous regions: 818->32
[491.170s][info][gc,metaspace   ] GC(273) Metaspace: 130972K(132800K)->130972K(132800K) NonClass: 114576K(115200K)->114576K(115200K) Class: 16396K(17600K)->16396K(17600K)
[491.170s][info][gc             ] GC(273) Pause Young (Normal) (G1 Preventive Collection) 2023M->192M(2048M) 6.686ms
[491.170s][info][gc,cpu         ] GC(273) User=0.00s Sys=0.00s Real=0.01s
[493.805s][info][gc,start       ] GC(274) Pause Young (Concurrent Start) (G1 Humongous Allocation)
[493.805s][info][gc,task        ] GC(274) Using 6 workers of 6 for evacuation
[493.811s][info][gc,phases      ] GC(274)   Pre Evacuate Collection Set: 0.3ms
[493.811s][info][gc,phases      ] GC(274)   Merge Heap Roots: 0.1ms
[493.811s][info][gc,phases      ] GC(274)   Evacuate Collection Set: 4.1ms
[493.811s][info][gc,phases      ] GC(274)   Post Evacuate Collection Set: 1.1ms
[493.811s][info][gc,phases      ] GC(274)   Other: 0.3ms
[493.811s][info][gc,heap        ] GC(274) Eden regions: 980->0(1206)
[493.811s][info][gc,heap        ] GC(274) Survivor regions: 22->22(125)
[493.811s][info][gc,heap        ] GC(274) Old regions: 141->141
[493.811s][info][gc,heap        ] GC(274) Archive regions: 0->0
[493.811s][info][gc,heap        ] GC(274) Humongous regions: 780->47
[493.811s][info][gc,metaspace   ] GC(274) Metaspace: 130972K(132800K)->130972K(132800K) NonClass: 114576K(115200K)->114576K(115200K) Class: 16396K(17600K)->16396K(17600K)
[493.811s][info][gc             ] GC(274) Pause Young (Concurrent Start) (G1 Humongous Allocation) 1920M->207M(2048M) 6.028ms
[493.811s][info][gc,cpu         ] GC(274) User=0.00s Sys=0.00s Real=0.01s
[493.811s][info][gc             ] GC(275) Concurrent Undo Cycle
[493.811s][info][gc,marking     ] GC(275) Concurrent Cleanup for Next Mark
[493.816s][info][gc,marking     ] GC(275) Concurrent Cleanup for Next Mark 4.332ms
[493.816s][info][gc             ] GC(275) Concurrent Undo Cycle 4.490ms
[497.060s][info][gc,start       ] GC(276) Pause Full (System.gc())
[497.060s][info][gc,task        ] GC(276) Using 6 workers of 6 for full compaction
[497.060s][info][gc,phases,start] GC(276) Phase 1: Mark live objects
[497.078s][info][gc,phases      ] GC(276) Phase 1: Mark live objects 18.359ms
[497.078s][info][gc,phases,start] GC(276) Phase 2: Prepare for compaction
[497.082s][info][gc,phases      ] GC(276) Phase 2: Prepare for compaction 3.543ms
[497.082s][info][gc,phases,start] GC(276) Phase 3: Adjust pointers
[497.097s][info][gc,phases      ] GC(276) Phase 3: Adjust pointers 15.464ms
[497.097s][info][gc,phases,start] GC(276) Phase 4: Compact heap
[497.100s][info][gc,phases      ] GC(276) Phase 4: Compact heap 2.612ms
[497.118s][info][gc,heap        ] GC(276) Eden regions: 808->0(1228)
[497.118s][info][gc,heap        ] GC(276) Survivor regions: 22->0(125)
[497.118s][info][gc,heap        ] GC(276) Old regions: 141->71
[497.118s][info][gc,heap        ] GC(276) Archive regions: 0->0
[497.118s][info][gc,heap        ] GC(276) Humongous regions: 386->7
[497.118s][info][gc,metaspace   ] GC(276) Metaspace: 130980K(132800K)->130980K(132800K) NonClass: 114583K(115200K)->114583K(115200K) Class: 16396K(17600K)->16396K(17600K)
[497.118s][info][gc             ] GC(276) Pause Full (System.gc()) 1354M->75M(2048M) 58.135ms
[497.118s][info][gc,cpu         ] GC(276) User=0.14s Sys=0.00s Real=0.06s
[497.647s][info][gc,start       ] GC(277) Pause Young (Normal) (G1 Preventive Collection)
[497.647s][info][gc,task        ] GC(277) Using 6 workers of 6 for evacuation
[497.654s][info][gc             ] GC(277) To-space exhausted
[497.654s][info][gc,phases      ] GC(277)   Pre Evacuate Collection Set: 0.2ms
[497.654s][info][gc,phases      ] GC(277)   Merge Heap Roots: 0.2ms
[497.654s][info][gc,phases      ] GC(277)   Evacuate Collection Set: 3.6ms
[497.654s][info][gc,phases      ] GC(277)   Post Evacuate Collection Set: 3.3ms
[497.654s][info][gc,phases      ] GC(277)   Other: 0.4ms
[497.654s][info][gc,heap        ] GC(277) Eden regions: 1137->0(1206)
[497.654s][info][gc,heap        ] GC(277) Survivor regions: 0->22(22)
[497.654s][info][gc,heap        ] GC(277) Old regions: 71->152
[497.654s][info][gc,heap        ] GC(277) Archive regions: 0->0
[497.654s][info][gc,heap        ] GC(277) Humongous regions: 818->27
[497.654s][info][gc,metaspace   ] GC(277) Metaspace: 130981K(132800K)->130981K(132800K) NonClass: 114585K(115200K)->114585K(115200K) Class: 16396K(17600K)->16396K(17600K)
[497.655s][info][gc             ] GC(277) Pause Young (Normal) (G1 Preventive Collection) 2023M->198M(2048M) 7.617ms
[497.655s][info][gc,cpu         ] GC(277) User=0.00s Sys=0.00s Real=0.01s
[500.295s][info][gc,start       ] GC(278) Pause Young (Concurrent Start) (G1 Humongous Allocation)
[500.295s][info][gc,task        ] GC(278) Using 6 workers of 6 for evacuation
[500.300s][info][gc,phases      ] GC(278)   Pre Evacuate Collection Set: 0.3ms
[500.300s][info][gc,phases      ] GC(278)   Merge Heap Roots: 0.1ms
[500.300s][info][gc,phases      ] GC(278)   Evacuate Collection Set: 3.8ms
[500.300s][info][gc,phases      ] GC(278)   Post Evacuate Collection Set: 1.2ms
[500.300s][info][gc,phases      ] GC(278)   Other: 0.3ms
[500.300s][info][gc,heap        ] GC(278) Eden regions: 978->0(1205)
[500.300s][info][gc,heap        ] GC(278) Survivor regions: 22->23(127)
[500.300s][info][gc,heap        ] GC(278) Old regions: 152->152
[500.300s][info][gc,heap        ] GC(278) Archive regions: 0->0
[500.300s][info][gc,heap        ] GC(278) Humongous regions: 769->47
[500.300s][info][gc,metaspace   ] GC(278) Metaspace: 130981K(132800K)->130981K(132800K) NonClass: 114585K(115200K)->114585K(115200K) Class: 16396K(17600K)->16396K(17600K)
[500.300s][info][gc             ] GC(278) Pause Young (Concurrent Start) (G1 Humongous Allocation) 1917M->218M(2048M) 5.877ms
[500.301s][info][gc,cpu         ] GC(278) User=0.09s Sys=0.00s Real=0.01s
[500.301s][info][gc             ] GC(279) Concurrent Undo Cycle
[500.301s][info][gc,marking     ] GC(279) Concurrent Cleanup for Next Mark
[500.304s][info][gc,marking     ] GC(279) Concurrent Cleanup for Next Mark 3.755ms
[500.305s][info][gc             ] GC(279) Concurrent Undo Cycle 3.936ms
[503.550s][info][gc,start       ] GC(280) Pause Full (System.gc())
[503.550s][info][gc,task        ] GC(280) Using 6 workers of 6 for full compaction
[503.550s][info][gc,phases,start] GC(280) Phase 1: Mark live objects
[503.570s][info][gc,phases      ] GC(280) Phase 1: Mark live objects 19.353ms
[503.570s][info][gc,phases,start] GC(280) Phase 2: Prepare for compaction
[503.573s][info][gc,phases      ] GC(280) Phase 2: Prepare for compaction 3.725ms
[503.573s][info][gc,phases,start] GC(280) Phase 3: Adjust pointers
[503.588s][info][gc,phases      ] GC(280) Phase 3: Adjust pointers 14.712ms
[503.588s][info][gc,phases,start] GC(280) Phase 4: Compact heap
[503.591s][info][gc,phases      ] GC(280) Phase 4: Compact heap 2.564ms
[503.608s][info][gc,heap        ] GC(280) Eden regions: 809->0(1228)
[503.608s][info][gc,heap        ] GC(280) Survivor regions: 23->0(127)
[503.608s][info][gc,heap        ] GC(280) Old regions: 152->72
[503.608s][info][gc,heap        ] GC(280) Archive regions: 0->0
[503.608s][info][gc,heap        ] GC(280) Humongous regions: 392->7
[503.608s][info][gc,metaspace   ] GC(280) Metaspace: 131007K(132800K)->131007K(132800K) NonClass: 114611K(115200K)->114611K(115200K) Class: 16396K(17600K)->16396K(17600K)
[503.608s][info][gc             ] GC(280) Pause Full (System.gc()) 1372M->75M(2048M) 58.495ms
[503.608s][info][gc,cpu         ] GC(280) User=0.28s Sys=0.00s Real=0.07s
[504.155s][info][gc,start       ] GC(281) Pause Young (Normal) (G1 Preventive Collection)
[504.155s][info][gc,task        ] GC(281) Using 6 workers of 6 for evacuation
[504.163s][info][gc             ] GC(281) To-space exhausted
[504.163s][info][gc,phases      ] GC(281)   Pre Evacuate Collection Set: 0.2ms
[504.163s][info][gc,phases      ] GC(281)   Merge Heap Roots: 0.2ms
[504.163s][info][gc,phases      ] GC(281)   Evacuate Collection Set: 4.2ms
[504.163s][info][gc,phases      ] GC(281)   Post Evacuate Collection Set: 3.7ms
[504.163s][info][gc,phases      ] GC(281)   Other: 0.4ms
[504.163s][info][gc,heap        ] GC(281) Eden regions: 1137->0(1207)
[504.163s][info][gc,heap        ] GC(281) Survivor regions: 0->21(21)
[504.163s][info][gc,heap        ] GC(281) Old regions: 72->191
[504.163s][info][gc,heap        ] GC(281) Archive regions: 0->0
[504.163s][info][gc,heap        ] GC(281) Humongous regions: 818->32
[504.163s][info][gc,metaspace   ] GC(281) Metaspace: 131026K(132800K)->131026K(132800K) NonClass: 114630K(115200K)->114630K(115200K) Class: 16396K(17600K)->16396K(17600K)
[504.163s][info][gc             ] GC(281) Pause Young (Normal) (G1 Preventive Collection) 2023M->240M(2048M) 8.659ms
[504.163s][info][gc,cpu         ] GC(281) User=0.08s Sys=0.00s Real=0.01s
[506.258s][info][gc,start       ] GC(282) Pause Young (Concurrent Start) (G1 Humongous Allocation)
[506.258s][info][gc,task        ] GC(282) Using 6 workers of 6 for evacuation
[506.263s][info][gc,phases      ] GC(282)   Pre Evacuate Collection Set: 0.3ms
[506.263s][info][gc,phases      ] GC(282)   Merge Heap Roots: 0.1ms
[506.263s][info][gc,phases      ] GC(282)   Evacuate Collection Set: 3.4ms
[506.263s][info][gc,phases      ] GC(282)   Post Evacuate Collection Set: 1.0ms
[506.263s][info][gc,phases      ] GC(282)   Other: 0.3ms
[506.263s][info][gc,heap        ] GC(282) Eden regions: 870->0(1207)
[506.263s][info][gc,heap        ] GC(282) Survivor regions: 21->21(154)
[506.263s][info][gc,heap        ] GC(282) Old regions: 191->191
[506.263s][info][gc,heap        ] GC(282) Archive regions: 0->0
[506.263s][info][gc,heap        ] GC(282) Humongous regions: 730->47
[506.263s][info][gc,metaspace   ] GC(282) Metaspace: 131026K(132800K)->131026K(132800K) NonClass: 114630K(115200K)->114630K(115200K) Class: 16396K(17600K)->16396K(17600K)
[506.263s][info][gc             ] GC(282) Pause Young (Concurrent Start) (G1 Humongous Allocation) 1808M->255M(2048M) 5.153ms
[506.263s][info][gc,cpu         ] GC(282) User=0.00s Sys=0.00s Real=0.00s
[506.263s][info][gc             ] GC(283) Concurrent Undo Cycle
[506.263s][info][gc,marking     ] GC(283) Concurrent Cleanup for Next Mark
[506.266s][info][gc,marking     ] GC(283) Concurrent Cleanup for Next Mark 3.137ms
[506.266s][info][gc             ] GC(283) Concurrent Undo Cycle 3.260ms
[510.055s][info][gc,start       ] GC(284) Pause Full (System.gc())
[510.055s][info][gc,task        ] GC(284) Using 6 workers of 6 for full compaction
[510.055s][info][gc,phases,start] GC(284) Phase 1: Mark live objects
[510.074s][info][gc,phases      ] GC(284) Phase 1: Mark live objects 18.938ms
[510.074s][info][gc,phases,start] GC(284) Phase 2: Prepare for compaction
[510.078s][info][gc,phases      ] GC(284) Phase 2: Prepare for compaction 3.713ms
[510.078s][info][gc,phases,start] GC(284) Phase 3: Adjust pointers
[510.093s][info][gc,phases      ] GC(284) Phase 3: Adjust pointers 15.355ms
[510.094s][info][gc,phases,start] GC(284) Phase 4: Compact heap
[510.097s][info][gc,phases      ] GC(284) Phase 4: Compact heap 3.268ms
[510.115s][info][gc,heap        ] GC(284) Eden regions: 918->0(1228)
[510.115s][info][gc,heap        ] GC(284) Survivor regions: 21->0(154)
[510.115s][info][gc,heap        ] GC(284) Old regions: 191->72
[510.115s][info][gc,heap        ] GC(284) Archive regions: 0->0
[510.115s][info][gc,heap        ] GC(284) Humongous regions: 436->7
[510.115s][info][gc,metaspace   ] GC(284) Metaspace: 131026K(132800K)->131026K(132800K) NonClass: 114630K(115200K)->114630K(115200K) Class: 16396K(17600K)->16396K(17600K)
[510.115s][info][gc             ] GC(284) Pause Full (System.gc()) 1562M->75M(2048M) 60.193ms
[510.115s][info][gc,cpu         ] GC(284) User=0.20s Sys=0.00s Real=0.06s
[510.654s][info][gc,start       ] GC(285) Pause Young (Normal) (G1 Preventive Collection)
[510.654s][info][gc,task        ] GC(285) Using 6 workers of 6 for evacuation
[510.662s][info][gc             ] GC(285) To-space exhausted
[510.662s][info][gc,phases      ] GC(285)   Pre Evacuate Collection Set: 0.2ms
[510.662s][info][gc,phases      ] GC(285)   Merge Heap Roots: 0.2ms
[510.662s][info][gc,phases      ] GC(285)   Evacuate Collection Set: 3.4ms
[510.662s][info][gc,phases      ] GC(285)   Post Evacuate Collection Set: 4.3ms
[510.662s][info][gc,phases      ] GC(285)   Other: 0.3ms
[510.662s][info][gc,heap        ] GC(285) Eden regions: 1137->0(1207)
[510.662s][info][gc,heap        ] GC(285) Survivor regions: 0->21(21)
[510.662s][info][gc,heap        ] GC(285) Old regions: 72->177
[510.662s][info][gc,heap        ] GC(285) Archive regions: 0->0
[510.662s][info][gc,heap        ] GC(285) Humongous regions: 818->32
[510.662s][info][gc,metaspace   ] GC(285) Metaspace: 131048K(132864K)->131048K(132864K) NonClass: 114652K(115264K)->114652K(115264K) Class: 16396K(17600K)->16396K(17600K)
[510.662s][info][gc             ] GC(285) Pause Young (Normal) (G1 Preventive Collection) 2023M->226M(2048M) 8.410ms
[510.662s][info][gc,cpu         ] GC(285) User=0.09s Sys=0.00s Real=0.01s
[512.863s][info][gc,start       ] GC(286) Pause Young (Concurrent Start) (G1 Humongous Allocation)
[512.863s][info][gc,task        ] GC(286) Using 6 workers of 6 for evacuation
[512.868s][info][gc,phases      ] GC(286)   Pre Evacuate Collection Set: 0.2ms
[512.868s][info][gc,phases      ] GC(286)   Merge Heap Roots: 0.1ms
[512.868s][info][gc,phases      ] GC(286)   Evacuate Collection Set: 3.5ms
[512.868s][info][gc,phases      ] GC(286)   Post Evacuate Collection Set: 0.9ms
[512.868s][info][gc,phases      ] GC(286)   Other: 0.2ms
[512.868s][info][gc,heap        ] GC(286) Eden regions: 883->0(1206)
[512.868s][info][gc,heap        ] GC(286) Survivor regions: 21->22(154)
[512.868s][info][gc,heap        ] GC(286) Old regions: 177->177
[512.868s][info][gc,heap        ] GC(286) Archive regions: 0->0
[512.868s][info][gc,heap        ] GC(286) Humongous regions: 744->47
[512.868s][info][gc,metaspace   ] GC(286) Metaspace: 131048K(132864K)->131048K(132864K) NonClass: 114652K(115264K)->114652K(115264K) Class: 16396K(17600K)->16396K(17600K)
[512.868s][info][gc             ] GC(286) Pause Young (Concurrent Start) (G1 Humongous Allocation) 1821M->242M(2048M) 5.115ms
[512.868s][info][gc,cpu         ] GC(286) User=0.00s Sys=0.00s Real=0.01s
[512.868s][info][gc             ] GC(287) Concurrent Undo Cycle
[512.868s][info][gc,marking     ] GC(287) Concurrent Cleanup for Next Mark
[512.873s][info][gc,marking     ] GC(287) Concurrent Cleanup for Next Mark 4.529ms
[512.873s][info][gc             ] GC(287) Concurrent Undo Cycle 4.685ms
[516.538s][info][gc,start       ] GC(288) Pause Full (System.gc())
[516.538s][info][gc,task        ] GC(288) Using 6 workers of 6 for full compaction
[516.539s][info][gc,phases,start] GC(288) Phase 1: Mark live objects
[516.558s][info][gc,phases      ] GC(288) Phase 1: Mark live objects 19.693ms
[516.558s][info][gc,phases,start] GC(288) Phase 2: Prepare for compaction
[516.562s][info][gc,phases      ] GC(288) Phase 2: Prepare for compaction 3.817ms
[516.562s][info][gc,phases,start] GC(288) Phase 3: Adjust pointers
[516.578s][info][gc,phases      ] GC(288) Phase 3: Adjust pointers 16.111ms
[516.579s][info][gc,phases,start] GC(288) Phase 4: Compact heap
[516.582s][info][gc,phases      ] GC(288) Phase 4: Compact heap 3.056ms
[516.599s][info][gc,heap        ] GC(288) Eden regions: 906->0(1228)
[516.599s][info][gc,heap        ] GC(288) Survivor regions: 22->0(154)
[516.599s][info][gc,heap        ] GC(288) Old regions: 177->70
[516.599s][info][gc,heap        ] GC(288) Archive regions: 0->0
[516.599s][info][gc,heap        ] GC(288) Humongous regions: 422->7
[516.599s][info][gc,metaspace   ] GC(288) Metaspace: 131048K(132864K)->131048K(132864K) NonClass: 114652K(115264K)->114652K(115264K) Class: 16396K(17600K)->16396K(17600K)
[516.599s][info][gc             ] GC(288) Pause Full (System.gc()) 1522M->75M(2048M) 60.605ms
[516.599s][info][gc,cpu         ] GC(288) User=0.19s Sys=0.00s Real=0.06s
[517.144s][info][gc,start       ] GC(289) Pause Young (Normal) (G1 Preventive Collection)
[517.144s][info][gc,task        ] GC(289) Using 6 workers of 6 for evacuation
[517.150s][info][gc             ] GC(289) To-space exhausted
[517.150s][info][gc,phases      ] GC(289)   Pre Evacuate Collection Set: 0.2ms
[517.150s][info][gc,phases      ] GC(289)   Merge Heap Roots: 0.2ms
[517.150s][info][gc,phases      ] GC(289)   Evacuate Collection Set: 3.4ms
[517.150s][info][gc,phases      ] GC(289)   Post Evacuate Collection Set: 2.4ms
[517.150s][info][gc,phases      ] GC(289)   Other: 0.4ms
[517.150s][info][gc,heap        ] GC(289) Eden regions: 1140->0(1208)
[517.150s][info][gc,heap        ] GC(289) Survivor regions: 0->20(20)
[517.150s][info][gc,heap        ] GC(289) Old regions: 70->145
[517.150s][info][gc,heap        ] GC(289) Archive regions: 0->0
[517.150s][info][gc,heap        ] GC(289) Humongous regions: 818->27
[517.150s][info][gc,metaspace   ] GC(289) Metaspace: 131079K(132864K)->131079K(132864K) NonClass: 114682K(115264K)->114682K(115264K) Class: 16397K(17600K)->16397K(17600K)
[517.150s][info][gc             ] GC(289) Pause Young (Normal) (G1 Preventive Collection) 2026M->190M(2048M) 6.633ms
[517.150s][info][gc,cpu         ] GC(289) User=0.00s Sys=0.00s Real=0.01s
[519.899s][info][gc,start       ] GC(290) Pause Young (Concurrent Start) (G1 Humongous Allocation)
[519.899s][info][gc,task        ] GC(290) Using 6 workers of 6 for evacuation
[519.904s][info][gc,phases      ] GC(290)   Pre Evacuate Collection Set: 0.2ms
[519.904s][info][gc,phases      ] GC(290)   Merge Heap Roots: 0.1ms
[519.904s][info][gc,phases      ] GC(290)   Evacuate Collection Set: 3.4ms
[519.904s][info][gc,phases      ] GC(290)   Post Evacuate Collection Set: 1.1ms
[519.904s][info][gc,phases      ] GC(290)   Other: 0.3ms
[519.904s][info][gc,heap        ] GC(290) Eden regions: 978->0(1208)
[519.904s][info][gc,heap        ] GC(290) Survivor regions: 20->20(128)
[519.904s][info][gc,heap        ] GC(290) Old regions: 145->145
[519.904s][info][gc,heap        ] GC(290) Archive regions: 0->0
[519.904s][info][gc,heap        ] GC(290) Humongous regions: 777->47
[519.904s][info][gc,metaspace   ] GC(290) Metaspace: 131084K(132864K)->131084K(132864K) NonClass: 114686K(115264K)->114686K(115264K) Class: 16397K(17600K)->16397K(17600K)
[519.904s][info][gc             ] GC(290) Pause Young (Concurrent Start) (G1 Humongous Allocation) 1917M->209M(2048M) 5.294ms
[519.905s][info][gc,cpu         ] GC(290) User=0.00s Sys=0.00s Real=0.00s
[519.905s][info][gc             ] GC(291) Concurrent Undo Cycle
[519.905s][info][gc,marking     ] GC(291) Concurrent Cleanup for Next Mark
[519.908s][info][gc,marking     ] GC(291) Concurrent Cleanup for Next Mark 3.581ms
[519.908s][info][gc             ] GC(291) Concurrent Undo Cycle 3.758ms
[523.160s][info][gc,start       ] GC(292) Pause Full (System.gc())
[523.160s][info][gc,task        ] GC(292) Using 6 workers of 6 for full compaction
[523.160s][info][gc,phases,start] GC(292) Phase 1: Mark live objects
[523.179s][info][gc,phases      ] GC(292) Phase 1: Mark live objects 18.790ms
[523.179s][info][gc,phases,start] GC(292) Phase 2: Prepare for compaction
[523.183s][info][gc,phases      ] GC(292) Phase 2: Prepare for compaction 3.686ms
[523.183s][info][gc,phases,start] GC(292) Phase 3: Adjust pointers
[523.198s][info][gc,phases      ] GC(292) Phase 3: Adjust pointers 15.387ms
[523.198s][info][gc,phases,start] GC(292) Phase 4: Compact heap
[523.201s][info][gc,phases      ] GC(292) Phase 4: Compact heap 2.478ms
[523.219s][info][gc,heap        ] GC(292) Eden regions: 806->0(1228)
[523.219s][info][gc,heap        ] GC(292) Survivor regions: 20->0(128)
[523.219s][info][gc,heap        ] GC(292) Old regions: 145->70
[523.219s][info][gc,heap        ] GC(292) Archive regions: 0->0
[523.219s][info][gc,heap        ] GC(292) Humongous regions: 384->7
[523.219s][info][gc,metaspace   ] GC(292) Metaspace: 131087K(132864K)->131087K(132864K) NonClass: 114689K(115264K)->114689K(115264K) Class: 16397K(17600K)->16397K(17600K)
[523.219s][info][gc             ] GC(292) Pause Full (System.gc()) 1352M->75M(2048M) 59.188ms
[523.219s][info][gc,cpu         ] GC(292) User=0.25s Sys=0.00s Real=0.06s
[523.750s][info][gc,start       ] GC(293) Pause Young (Normal) (G1 Preventive Collection)
[523.750s][info][gc,task        ] GC(293) Using 6 workers of 6 for evacuation
[523.758s][info][gc             ] GC(293) To-space exhausted
[523.758s][info][gc,phases      ] GC(293)   Pre Evacuate Collection Set: 0.2ms
[523.758s][info][gc,phases      ] GC(293)   Merge Heap Roots: 0.2ms
[523.758s][info][gc,phases      ] GC(293)   Evacuate Collection Set: 3.5ms
[523.758s][info][gc,phases      ] GC(293)   Post Evacuate Collection Set: 3.7ms
[523.758s][info][gc,phases      ] GC(293)   Other: 0.3ms
[523.758s][info][gc,heap        ] GC(293) Eden regions: 1135->0(1208)
[523.758s][info][gc,heap        ] GC(293) Survivor regions: 0->20(20)
[523.758s][info][gc,heap        ] GC(293) Old regions: 70->178
[523.758s][info][gc,heap        ] GC(293) Archive regions: 0->0
[523.758s][info][gc,heap        ] GC(293) Humongous regions: 823->42
[523.758s][info][gc,metaspace   ] GC(293) Metaspace: 131089K(132864K)->131089K(132864K) NonClass: 114691K(115264K)->114691K(115264K) Class: 16397K(17600K)->16397K(17600K)
[523.758s][info][gc             ] GC(293) Pause Young (Normal) (G1 Preventive Collection) 2026M->238M(2048M) 7.952ms
[523.758s][info][gc,cpu         ] GC(293) User=0.02s Sys=0.00s Real=0.01s
[525.981s][info][gc,start       ] GC(294) Pause Young (Concurrent Start) (G1 Humongous Allocation)
[525.981s][info][gc,task        ] GC(294) Using 6 workers of 6 for evacuation
[525.987s][info][gc,phases      ] GC(294)   Pre Evacuate Collection Set: 0.3ms
[525.987s][info][gc,phases      ] GC(294)   Merge Heap Roots: 0.1ms
[525.987s][info][gc,phases      ] GC(294)   Evacuate Collection Set: 3.9ms
[525.987s][info][gc,phases      ] GC(294)   Post Evacuate Collection Set: 0.9ms
[525.987s][info][gc,phases      ] GC(294)   Other: 0.3ms
[525.987s][info][gc,heap        ] GC(294) Eden regions: 882->0(1208)
[525.987s][info][gc,heap        ] GC(294) Survivor regions: 20->20(154)
[525.987s][info][gc,heap        ] GC(294) Old regions: 178->178
[525.987s][info][gc,heap        ] GC(294) Archive regions: 0->0
[525.987s][info][gc,heap        ] GC(294) Humongous regions: 743->47
[525.987s][info][gc,metaspace   ] GC(294) Metaspace: 131089K(132864K)->131089K(132864K) NonClass: 114691K(115264K)->114691K(115264K) Class: 16397K(17600K)->16397K(17600K)
[525.987s][info][gc             ] GC(294) Pause Young (Concurrent Start) (G1 Humongous Allocation) 1820M->242M(2048M) 5.641ms
[525.987s][info][gc,cpu         ] GC(294) User=0.06s Sys=0.00s Real=0.01s
[525.987s][info][gc             ] GC(295) Concurrent Undo Cycle
[525.987s][info][gc,marking     ] GC(295) Concurrent Cleanup for Next Mark
[525.991s][info][gc,marking     ] GC(295) Concurrent Cleanup for Next Mark 4.193ms
[525.991s][info][gc             ] GC(295) Concurrent Undo Cycle 4.335ms
[529.640s][info][gc,start       ] GC(296) Pause Full (System.gc())
[529.640s][info][gc,task        ] GC(296) Using 6 workers of 6 for full compaction
[529.641s][info][gc,phases,start] GC(296) Phase 1: Mark live objects
[529.659s][info][gc,phases      ] GC(296) Phase 1: Mark live objects 18.401ms
[529.659s][info][gc,phases,start] GC(296) Phase 2: Prepare for compaction
[529.663s][info][gc,phases      ] GC(296) Phase 2: Prepare for compaction 3.481ms
[529.663s][info][gc,phases,start] GC(296) Phase 3: Adjust pointers
[529.680s][info][gc,phases      ] GC(296) Phase 3: Adjust pointers 16.884ms
[529.680s][info][gc,phases,start] GC(296) Phase 4: Compact heap
[529.682s][info][gc,phases      ] GC(296) Phase 4: Compact heap 2.397ms
[529.700s][info][gc,heap        ] GC(296) Eden regions: 907->0(1228)
[529.700s][info][gc,heap        ] GC(296) Survivor regions: 20->0(154)
[529.700s][info][gc,heap        ] GC(296) Old regions: 178->72
[529.700s][info][gc,heap        ] GC(296) Archive regions: 0->0
[529.700s][info][gc,heap        ] GC(296) Humongous regions: 428->7
[529.700s][info][gc,metaspace   ] GC(296) Metaspace: 131089K(132864K)->131089K(132864K) NonClass: 114691K(115264K)->114691K(115264K) Class: 16397K(17600K)->16397K(17600K)
[529.700s][info][gc             ] GC(296) Pause Full (System.gc()) 1530M->75M(2048M) 59.876ms
[529.700s][info][gc,cpu         ] GC(296) User=0.14s Sys=0.00s Real=0.06s
[530.234s][info][gc,start       ] GC(297) Pause Young (Normal) (G1 Preventive Collection)
[530.234s][info][gc,task        ] GC(297) Using 6 workers of 6 for evacuation
[530.241s][info][gc             ] GC(297) To-space exhausted
[530.241s][info][gc,phases      ] GC(297)   Pre Evacuate Collection Set: 0.2ms
[530.241s][info][gc,phases      ] GC(297)   Merge Heap Roots: 0.2ms
[530.241s][info][gc,phases      ] GC(297)   Evacuate Collection Set: 3.3ms
[530.241s][info][gc,phases      ] GC(297)   Post Evacuate Collection Set: 3.9ms
[530.241s][info][gc,phases      ] GC(297)   Other: 0.4ms
[530.241s][info][gc,heap        ] GC(297) Eden regions: 1138->0(1208)
[530.241s][info][gc,heap        ] GC(297) Survivor regions: 0->20(20)
[530.241s][info][gc,heap        ] GC(297) Old regions: 72->172
[530.241s][info][gc,heap        ] GC(297) Archive regions: 0->0
[530.242s][info][gc,heap        ] GC(297) Humongous regions: 818->27
[530.242s][info][gc,metaspace   ] GC(297) Metaspace: 131089K(132864K)->131089K(132864K) NonClass: 114691K(115264K)->114691K(115264K) Class: 16397K(17600K)->16397K(17600K)
[530.242s][info][gc             ] GC(297) Pause Young (Normal) (G1 Preventive Collection) 2024M->215M(2048M) 7.980ms
[530.242s][info][gc,cpu         ] GC(297) User=0.09s Sys=0.00s Real=0.01s
[532.601s][info][gc,start       ] GC(298) Pause Young (Concurrent Start) (G1 Humongous Allocation)
[532.601s][info][gc,task        ] GC(298) Using 6 workers of 6 for evacuation
[532.607s][info][gc,phases      ] GC(298)   Pre Evacuate Collection Set: 0.2ms
[532.607s][info][gc,phases      ] GC(298)   Merge Heap Roots: 0.2ms
[532.607s][info][gc,phases      ] GC(298)   Evacuate Collection Set: 4.1ms
[532.607s][info][gc,phases      ] GC(298)   Post Evacuate Collection Set: 1.2ms
[532.607s][info][gc,phases      ] GC(298)   Other: 0.3ms
[532.607s][info][gc,heap        ] GC(298) Eden regions: 937->0(1204)
[532.607s][info][gc,heap        ] GC(298) Survivor regions: 20->24(154)
[532.607s][info][gc,heap        ] GC(298) Old regions: 172->172
[532.607s][info][gc,heap        ] GC(298) Archive regions: 0->0
[532.607s][info][gc,heap        ] GC(298) Humongous regions: 750->47
[532.607s][info][gc,metaspace   ] GC(298) Metaspace: 131090K(132864K)->131090K(132864K) NonClass: 114692K(115264K)->114692K(115264K) Class: 16397K(17600K)->16397K(17600K)
[532.607s][info][gc             ] GC(298) Pause Young (Concurrent Start) (G1 Humongous Allocation) 1875M->238M(2048M) 6.115ms
[532.607s][info][gc,cpu         ] GC(298) User=0.00s Sys=0.00s Real=0.00s
[532.607s][info][gc             ] GC(299) Concurrent Undo Cycle
[532.607s][info][gc,marking     ] GC(299) Concurrent Cleanup for Next Mark
[532.611s][info][gc,marking     ] GC(299) Concurrent Cleanup for Next Mark 3.709ms
[532.611s][info][gc             ] GC(299) Concurrent Undo Cycle 3.847ms
[536.127s][info][gc,start       ] GC(300) Pause Full (System.gc())
[536.127s][info][gc,task        ] GC(300) Using 6 workers of 6 for full compaction
[536.127s][info][gc,phases,start] GC(300) Phase 1: Mark live objects
[536.145s][info][gc,phases      ] GC(300) Phase 1: Mark live objects 17.815ms
[536.145s][info][gc,phases,start] GC(300) Phase 2: Prepare for compaction
[536.149s][info][gc,phases      ] GC(300) Phase 2: Prepare for compaction 3.552ms
[536.149s][info][gc,phases,start] GC(300) Phase 3: Adjust pointers
[536.165s][info][gc,phases      ] GC(300) Phase 3: Adjust pointers 15.680ms
[536.165s][info][gc,phases,start] GC(300) Phase 4: Compact heap
[536.167s][info][gc,phases      ] GC(300) Phase 4: Compact heap 2.605ms
[536.185s][info][gc,heap        ] GC(300) Eden regions: 849->0(1228)
[536.185s][info][gc,heap        ] GC(300) Survivor regions: 24->0(154)
[536.185s][info][gc,heap        ] GC(300) Old regions: 172->71
[536.185s][info][gc,heap        ] GC(300) Archive regions: 0->0
[536.185s][info][gc,heap        ] GC(300) Humongous regions: 411->7
[536.185s][info][gc,metaspace   ] GC(300) Metaspace: 131091K(132864K)->131091K(132864K) NonClass: 114693K(115264K)->114693K(115264K) Class: 16397K(17600K)->16397K(17600K)
[536.185s][info][gc             ] GC(300) Pause Full (System.gc()) 1451M->75M(2048M) 58.379ms
[536.185s][info][gc,cpu         ] GC(300) User=0.12s Sys=0.00s Real=0.06s
[536.717s][info][gc,start       ] GC(301) Pause Young (Normal) (G1 Preventive Collection)
[536.717s][info][gc,task        ] GC(301) Using 6 workers of 6 for evacuation
[536.724s][info][gc             ] GC(301) To-space exhausted
[536.724s][info][gc,phases      ] GC(301)   Pre Evacuate Collection Set: 0.2ms
[536.724s][info][gc,phases      ] GC(301)   Merge Heap Roots: 0.2ms
[536.724s][info][gc,phases      ] GC(301)   Evacuate Collection Set: 4.0ms
[536.724s][info][gc,phases      ] GC(301)   Post Evacuate Collection Set: 2.8ms
[536.724s][info][gc,phases      ] GC(301)   Other: 0.3ms
[536.724s][info][gc,heap        ] GC(301) Eden regions: 1135->0(1204)
[536.724s][info][gc,heap        ] GC(301) Survivor regions: 0->24(24)
[536.724s][info][gc,heap        ] GC(301) Old regions: 71->134
[536.724s][info][gc,heap        ] GC(301) Archive regions: 0->0
[536.724s][info][gc,heap        ] GC(301) Humongous regions: 818->37
[536.724s][info][gc,metaspace   ] GC(301) Metaspace: 131118K(132928K)->131118K(132928K) NonClass: 114720K(115328K)->114720K(115328K) Class: 16397K(17600K)->16397K(17600K)
[536.724s][info][gc             ] GC(301) Pause Young (Normal) (G1 Preventive Collection) 2021M->192M(2048M) 7.452ms
[536.724s][info][gc,cpu         ] GC(301) User=0.09s Sys=0.00s Real=0.01s
[539.353s][info][gc,start       ] GC(302) Pause Young (Concurrent Start) (G1 Humongous Allocation)
[539.353s][info][gc,task        ] GC(302) Using 6 workers of 6 for evacuation
[539.359s][info][gc,phases      ] GC(302)   Pre Evacuate Collection Set: 0.2ms
[539.359s][info][gc,phases      ] GC(302)   Merge Heap Roots: 0.1ms
[539.359s][info][gc,phases      ] GC(302)   Evacuate Collection Set: 3.9ms
[539.359s][info][gc,phases      ] GC(302)   Post Evacuate Collection Set: 1.1ms
[539.359s][info][gc,phases      ] GC(302)   Other: 0.3ms
[539.359s][info][gc,heap        ] GC(302) Eden regions: 985->0(1204)
[539.359s][info][gc,heap        ] GC(302) Survivor regions: 24->24(118)
[539.359s][info][gc,heap        ] GC(302) Old regions: 134->134
[539.359s][info][gc,heap        ] GC(302) Archive regions: 0->0
[539.359s][info][gc,heap        ] GC(302) Humongous regions: 787->47
[539.359s][info][gc,metaspace   ] GC(302) Metaspace: 131118K(132928K)->131118K(132928K) NonClass: 114720K(115328K)->114720K(115328K) Class: 16397K(17600K)->16397K(17600K)
[539.359s][info][gc             ] GC(302) Pause Young (Concurrent Start) (G1 Humongous Allocation) 1926M->201M(2048M) 5.714ms
[539.359s][info][gc,cpu         ] GC(302) User=0.00s Sys=0.00s Real=0.00s
[539.359s][info][gc             ] GC(303) Concurrent Undo Cycle
[539.359s][info][gc,marking     ] GC(303) Concurrent Cleanup for Next Mark
[539.363s][info][gc,marking     ] GC(303) Concurrent Cleanup for Next Mark 3.673ms
[539.363s][info][gc             ] GC(303) Concurrent Undo Cycle 3.828ms
[542.643s][info][gc,start       ] GC(304) Pause Full (System.gc())
[542.643s][info][gc,task        ] GC(304) Using 6 workers of 6 for full compaction
[542.643s][info][gc,phases,start] GC(304) Phase 1: Mark live objects
[542.662s][info][gc,phases      ] GC(304) Phase 1: Mark live objects 19.509ms
[542.662s][info][gc,phases,start] GC(304) Phase 2: Prepare for compaction
[542.666s][info][gc,phases      ] GC(304) Phase 2: Prepare for compaction 3.278ms
[542.666s][info][gc,phases,start] GC(304) Phase 3: Adjust pointers
[542.681s][info][gc,phases      ] GC(304) Phase 3: Adjust pointers 15.185ms
[542.681s][info][gc,phases,start] GC(304) Phase 4: Compact heap
[542.683s][info][gc,phases      ] GC(304) Phase 4: Compact heap 2.292ms
[542.701s][info][gc,heap        ] GC(304) Eden regions: 807->0(1228)
[542.701s][info][gc,heap        ] GC(304) Survivor regions: 24->0(118)
[542.701s][info][gc,heap        ] GC(304) Old regions: 134->71
[542.701s][info][gc,heap        ] GC(304) Archive regions: 0->0
[542.701s][info][gc,heap        ] GC(304) Humongous regions: 384->7
[542.701s][info][gc,metaspace   ] GC(304) Metaspace: 131129K(132928K)->131129K(132928K) NonClass: 114732K(115328K)->114732K(115328K) Class: 16397K(17600K)->16397K(17600K)
[542.701s][info][gc             ] GC(304) Pause Full (System.gc()) 1345M->75M(2048M) 58.375ms
[542.701s][info][gc,cpu         ] GC(304) User=0.08s Sys=0.00s Real=0.06s
[543.245s][info][gc,start       ] GC(305) Pause Young (Normal) (G1 Preventive Collection)
[543.245s][info][gc,task        ] GC(305) Using 6 workers of 6 for evacuation
[543.252s][info][gc             ] GC(305) To-space exhausted
[543.252s][info][gc,phases      ] GC(305)   Pre Evacuate Collection Set: 0.3ms
[543.252s][info][gc,phases      ] GC(305)   Merge Heap Roots: 0.2ms
[543.252s][info][gc,phases      ] GC(305)   Evacuate Collection Set: 3.5ms
[543.252s][info][gc,phases      ] GC(305)   Post Evacuate Collection Set: 2.1ms
[543.252s][info][gc,phases      ] GC(305)   Other: 0.3ms
[543.252s][info][gc,heap        ] GC(305) Eden regions: 1137->0(1206)
[543.252s][info][gc,heap        ] GC(305) Survivor regions: 0->22(22)
[543.252s][info][gc,heap        ] GC(305) Old regions: 71->133
[543.252s][info][gc,heap        ] GC(305) Archive regions: 0->0
[543.252s][info][gc,heap        ] GC(305) Humongous regions: 818->32
[543.252s][info][gc,metaspace   ] GC(305) Metaspace: 131129K(132928K)->131129K(132928K) NonClass: 114732K(115328K)->114732K(115328K) Class: 16397K(17600K)->16397K(17600K)
[543.252s][info][gc             ] GC(305) Pause Young (Normal) (G1 Preventive Collection) 2023M->184M(2048M) 6.390ms
[543.252s][info][gc,cpu         ] GC(305) User=0.09s Sys=0.00s Real=0.00s
[545.985s][info][gc,start       ] GC(306) Pause Young (Concurrent Start) (G1 Humongous Allocation)
[545.985s][info][gc,task        ] GC(306) Using 6 workers of 6 for evacuation
[545.990s][info][gc,phases      ] GC(306)   Pre Evacuate Collection Set: 0.2ms
[545.990s][info][gc,phases      ] GC(306)   Merge Heap Roots: 0.1ms
[545.990s][info][gc,phases      ] GC(306)   Evacuate Collection Set: 3.4ms
[545.990s][info][gc,phases      ] GC(306)   Post Evacuate Collection Set: 1.0ms
[545.990s][info][gc,phases      ] GC(306)   Other: 0.2ms
[545.990s][info][gc,heap        ] GC(306) Eden regions: 995->0(1207)
[545.990s][info][gc,heap        ] GC(306) Survivor regions: 22->21(110)
[545.990s][info][gc,heap        ] GC(306) Old regions: 133->133
[545.990s][info][gc,heap        ] GC(306) Archive regions: 0->0
[545.990s][info][gc,heap        ] GC(306) Humongous regions: 788->47
[545.990s][info][gc,metaspace   ] GC(306) Metaspace: 131129K(132928K)->131129K(132928K) NonClass: 114732K(115328K)->114732K(115328K) Class: 16397K(17600K)->16397K(17600K)
[545.990s][info][gc             ] GC(306) Pause Young (Concurrent Start) (G1 Humongous Allocation) 1934M->197M(2048M) 5.122ms
[545.990s][info][gc,cpu         ] GC(306) User=0.00s Sys=0.00s Real=0.00s
[545.990s][info][gc             ] GC(307) Concurrent Undo Cycle
[545.990s][info][gc,marking     ] GC(307) Concurrent Cleanup for Next Mark
[545.995s][info][gc,marking     ] GC(307) Concurrent Cleanup for Next Mark 4.200ms
[545.995s][info][gc             ] GC(307) Concurrent Undo Cycle 4.295ms
[549.159s][info][gc,start       ] GC(308) Pause Full (System.gc())
[549.159s][info][gc,task        ] GC(308) Using 6 workers of 6 for full compaction
[549.160s][info][gc,phases,start] GC(308) Phase 1: Mark live objects
[549.181s][info][gc,phases      ] GC(308) Phase 1: Mark live objects 21.722ms
[549.181s][info][gc,phases,start] GC(308) Phase 2: Prepare for compaction
[549.185s][info][gc,phases      ] GC(308) Phase 2: Prepare for compaction 3.309ms
[549.185s][info][gc,phases,start] GC(308) Phase 3: Adjust pointers
[549.200s][info][gc,phases      ] GC(308) Phase 3: Adjust pointers 15.388ms
[549.200s][info][gc,phases,start] GC(308) Phase 4: Compact heap
[549.203s][info][gc,phases      ] GC(308) Phase 4: Compact heap 2.701ms
[549.221s][info][gc,heap        ] GC(308) Eden regions: 794->0(1228)
[549.221s][info][gc,heap        ] GC(308) Survivor regions: 21->0(110)
[549.221s][info][gc,heap        ] GC(308) Old regions: 133->71
[549.221s][info][gc,heap        ] GC(308) Archive regions: 0->0
[549.221s][info][gc,heap        ] GC(308) Humongous regions: 378->7
[549.221s][info][gc,metaspace   ] GC(308) Metaspace: 131139K(132928K)->131139K(132928K) NonClass: 114741K(115328K)->114741K(115328K) Class: 16397K(17600K)->16397K(17600K)
[549.221s][info][gc             ] GC(308) Pause Full (System.gc()) 1322M->75M(2048M) 61.748ms
[549.221s][info][gc,cpu         ] GC(308) User=0.23s Sys=0.00s Real=0.06s
[549.750s][info][gc,start       ] GC(309) Pause Young (Normal) (G1 Preventive Collection)
[549.750s][info][gc,task        ] GC(309) Using 6 workers of 6 for evacuation
[549.756s][info][gc             ] GC(309) To-space exhausted
[549.756s][info][gc,phases      ] GC(309)   Pre Evacuate Collection Set: 0.2ms
[549.756s][info][gc,phases      ] GC(309)   Merge Heap Roots: 0.2ms
[549.756s][info][gc,phases      ] GC(309)   Evacuate Collection Set: 3.5ms
[549.756s][info][gc,phases      ] GC(309)   Post Evacuate Collection Set: 1.7ms
[549.756s][info][gc,phases      ] GC(309)   Other: 0.3ms
[549.756s][info][gc,heap        ] GC(309) Eden regions: 1137->0(1206)
[549.756s][info][gc,heap        ] GC(309) Survivor regions: 0->22(22)
[549.756s][info][gc,heap        ] GC(309) Old regions: 71->123
[549.756s][info][gc,heap        ] GC(309) Archive regions: 0->0
[549.756s][info][gc,heap        ] GC(309) Humongous regions: 818->32
[549.756s][info][gc,metaspace   ] GC(309) Metaspace: 131149K(132928K)->131149K(132928K) NonClass: 114751K(115328K)->114751K(115328K) Class: 16397K(17600K)->16397K(17600K)
[549.756s][info][gc             ] GC(309) Pause Young (Normal) (G1 Preventive Collection) 2023M->174M(2048M) 5.868ms
[549.756s][info][gc,cpu         ] GC(309) User=0.02s Sys=0.00s Real=0.01s
[552.693s][info][gc,start       ] GC(310) Pause Young (Concurrent Start) (G1 Humongous Allocation)
[552.694s][info][gc,task        ] GC(310) Using 6 workers of 6 for evacuation
[552.699s][info][gc,phases      ] GC(310)   Pre Evacuate Collection Set: 0.3ms
[552.699s][info][gc,phases      ] GC(310)   Merge Heap Roots: 0.1ms
[552.699s][info][gc,phases      ] GC(310)   Evacuate Collection Set: 3.5ms
[552.699s][info][gc,phases      ] GC(310)   Post Evacuate Collection Set: 1.3ms
[552.699s][info][gc,phases      ] GC(310)   Other: 0.3ms
[552.699s][info][gc,heap        ] GC(310) Eden regions: 1036->0(1207)
[552.699s][info][gc,heap        ] GC(310) Survivor regions: 22->21(68)
[552.699s][info][gc,heap        ] GC(310) Old regions: 123->123
[552.699s][info][gc,heap        ] GC(310) Archive regions: 0->0
[552.699s][info][gc,heap        ] GC(310) Humongous regions: 799->47
[552.699s][info][gc,metaspace   ] GC(310) Metaspace: 131149K(132928K)->131149K(132928K) NonClass: 114751K(115328K)->114751K(115328K) Class: 16397K(17600K)->16397K(17600K)
[552.699s][info][gc             ] GC(310) Pause Young (Concurrent Start) (G1 Humongous Allocation) 1977M->188M(2048M) 5.685ms
[552.699s][info][gc,cpu         ] GC(310) User=0.00s Sys=0.00s Real=0.01s
[552.699s][info][gc             ] GC(311) Concurrent Undo Cycle
[552.699s][info][gc,marking     ] GC(311) Concurrent Cleanup for Next Mark
[552.703s][info][gc,marking     ] GC(311) Concurrent Cleanup for Next Mark 4.130ms
[552.704s][info][gc             ] GC(311) Concurrent Undo Cycle 4.274ms
[555.613s][info][gc,start       ] GC(312) Pause Full (System.gc())
[555.613s][info][gc,task        ] GC(312) Using 6 workers of 6 for full compaction
[555.614s][info][gc,phases,start] GC(312) Phase 1: Mark live objects
[555.632s][info][gc,phases      ] GC(312) Phase 1: Mark live objects 18.743ms
[555.632s][info][gc,phases,start] GC(312) Phase 2: Prepare for compaction
[555.636s][info][gc,phases      ] GC(312) Phase 2: Prepare for compaction 3.468ms
[555.636s][info][gc,phases,start] GC(312) Phase 3: Adjust pointers
[555.651s][info][gc,phases      ] GC(312) Phase 3: Adjust pointers 15.505ms
[555.651s][info][gc,phases,start] GC(312) Phase 4: Compact heap
[555.654s][info][gc,phases      ] GC(312) Phase 4: Compact heap 2.589ms
[555.672s][info][gc,heap        ] GC(312) Eden regions: 752->0(1228)
[555.672s][info][gc,heap        ] GC(312) Survivor regions: 21->0(68)
[555.672s][info][gc,heap        ] GC(312) Old regions: 123->71
[555.672s][info][gc,heap        ] GC(312) Archive regions: 0->0
[555.672s][info][gc,heap        ] GC(312) Humongous regions: 367->7
[555.672s][info][gc,metaspace   ] GC(312) Metaspace: 131149K(132928K)->131149K(132928K) NonClass: 114751K(115328K)->114751K(115328K) Class: 16397K(17600K)->16397K(17600K)
[555.672s][info][gc             ] GC(312) Pause Full (System.gc()) 1259M->75M(2048M) 58.864ms
[555.672s][info][gc,cpu         ] GC(312) User=0.30s Sys=0.00s Real=0.06s
[556.230s][info][gc,start       ] GC(313) Pause Young (Normal) (G1 Preventive Collection)
[556.231s][info][gc,task        ] GC(313) Using 6 workers of 6 for evacuation
[556.237s][info][gc             ] GC(313) To-space exhausted
[556.237s][info][gc,phases      ] GC(313)   Pre Evacuate Collection Set: 0.2ms
[556.237s][info][gc,phases      ] GC(313)   Merge Heap Roots: 0.2ms
[556.237s][info][gc,phases      ] GC(313)   Evacuate Collection Set: 3.5ms
[556.237s][info][gc,phases      ] GC(313)   Post Evacuate Collection Set: 2.8ms
[556.237s][info][gc,phases      ] GC(313)   Other: 0.4ms
[556.237s][info][gc,heap        ] GC(313) Eden regions: 1137->0(1206)
[556.237s][info][gc,heap        ] GC(313) Survivor regions: 0->22(22)
[556.237s][info][gc,heap        ] GC(313) Old regions: 71->136
[556.237s][info][gc,heap        ] GC(313) Archive regions: 0->0
[556.237s][info][gc,heap        ] GC(313) Humongous regions: 818->32
[556.238s][info][gc,metaspace   ] GC(313) Metaspace: 131151K(132928K)->131151K(132928K) NonClass: 114753K(115328K)->114753K(115328K) Class: 16397K(17600K)->16397K(17600K)
[556.238s][info][gc             ] GC(313) Pause Young (Normal) (G1 Preventive Collection) 2023M->187M(2048M) 7.055ms
[556.238s][info][gc,cpu         ] GC(313) User=0.02s Sys=0.00s Real=0.01s
[558.944s][info][gc,start       ] GC(314) Pause Young (Concurrent Start) (G1 Humongous Allocation)
[558.944s][info][gc,task        ] GC(314) Using 6 workers of 6 for evacuation
[558.949s][info][gc,phases      ] GC(314)   Pre Evacuate Collection Set: 0.2ms
[558.949s][info][gc,phases      ] GC(314)   Merge Heap Roots: 0.1ms
[558.949s][info][gc,phases      ] GC(314)   Evacuate Collection Set: 3.4ms
[558.949s][info][gc,phases      ] GC(314)   Post Evacuate Collection Set: 1.0ms
[558.949s][info][gc,phases      ] GC(314)   Other: 0.3ms
[558.949s][info][gc,heap        ] GC(314) Eden regions: 992->0(1207)
[558.949s][info][gc,heap        ] GC(314) Survivor regions: 22->21(112)
[558.949s][info][gc,heap        ] GC(314) Old regions: 136->136
[558.949s][info][gc,heap        ] GC(314) Archive regions: 0->0
[558.949s][info][gc,heap        ] GC(314) Humongous regions: 786->47
[558.949s][info][gc,metaspace   ] GC(314) Metaspace: 131151K(132928K)->131151K(132928K) NonClass: 114753K(115328K)->114753K(115328K) Class: 16397K(17600K)->16397K(17600K)
[558.949s][info][gc             ] GC(314) Pause Young (Concurrent Start) (G1 Humongous Allocation) 1933M->200M(2048M) 5.244ms
[558.949s][info][gc,cpu         ] GC(314) User=0.00s Sys=0.00s Real=0.00s
[558.949s][info][gc             ] GC(315) Concurrent Undo Cycle
[558.949s][info][gc,marking     ] GC(315) Concurrent Cleanup for Next Mark
[558.953s][info][gc,marking     ] GC(315) Concurrent Cleanup for Next Mark 3.870ms
[558.953s][info][gc             ] GC(315) Concurrent Undo Cycle 4.013ms
[562.112s][info][gc,start       ] GC(316) Pause Full (System.gc())
[562.112s][info][gc,task        ] GC(316) Using 6 workers of 6 for full compaction
[562.113s][info][gc,phases,start] GC(316) Phase 1: Mark live objects
[562.132s][info][gc,phases      ] GC(316) Phase 1: Mark live objects 19.252ms
[562.132s][info][gc,phases,start] GC(316) Phase 2: Prepare for compaction
[562.136s][info][gc,phases      ] GC(316) Phase 2: Prepare for compaction 3.407ms
[562.136s][info][gc,phases,start] GC(316) Phase 3: Adjust pointers
[562.151s][info][gc,phases      ] GC(316) Phase 3: Adjust pointers 15.710ms
[562.151s][info][gc,phases,start] GC(316) Phase 4: Compact heap
[562.154s][info][gc,phases      ] GC(316) Phase 4: Compact heap 2.349ms
[562.172s][info][gc,heap        ] GC(316) Eden regions: 794->0(1228)
[562.172s][info][gc,heap        ] GC(316) Survivor regions: 21->0(112)
[562.172s][info][gc,heap        ] GC(316) Old regions: 136->71
[562.172s][info][gc,heap        ] GC(316) Archive regions: 0->0
[562.172s][info][gc,heap        ] GC(316) Humongous regions: 380->7
[562.172s][info][gc,metaspace   ] GC(316) Metaspace: 131151K(132928K)->131151K(132928K) NonClass: 114753K(115328K)->114753K(115328K) Class: 16397K(17600K)->16397K(17600K)
[562.172s][info][gc             ] GC(316) Pause Full (System.gc()) 1327M->75M(2048M) 59.616ms
[562.172s][info][gc,cpu         ] GC(316) User=0.25s Sys=0.00s Real=0.07s
[562.721s][info][gc,start       ] GC(317) Pause Young (Normal) (G1 Preventive Collection)
[562.722s][info][gc,task        ] GC(317) Using 6 workers of 6 for evacuation
[562.730s][info][gc             ] GC(317) To-space exhausted
[562.730s][info][gc,phases      ] GC(317)   Pre Evacuate Collection Set: 0.2ms
[562.730s][info][gc,phases      ] GC(317)   Merge Heap Roots: 0.2ms
[562.730s][info][gc,phases      ] GC(317)   Evacuate Collection Set: 3.5ms
[562.730s][info][gc,phases      ] GC(317)   Post Evacuate Collection Set: 4.1ms
[562.730s][info][gc,phases      ] GC(317)   Other: 0.3ms
[562.730s][info][gc,heap        ] GC(317) Eden regions: 1138->0(1207)
[562.730s][info][gc,heap        ] GC(317) Survivor regions: 0->21(21)
[562.730s][info][gc,heap        ] GC(317) Old regions: 71->179
[562.730s][info][gc,heap        ] GC(317) Archive regions: 0->0
[562.730s][info][gc,heap        ] GC(317) Humongous regions: 818->32
[562.730s][info][gc,metaspace   ] GC(317) Metaspace: 131180K(132928K)->131180K(132928K) NonClass: 114779K(115328K)->114779K(115328K) Class: 16401K(17600K)->16401K(17600K)
[562.730s][info][gc             ] GC(317) Pause Young (Normal) (G1 Preventive Collection) 2024M->229M(2048M) 8.362ms
[562.730s][info][gc,cpu         ] GC(317) User=0.00s Sys=0.00s Real=0.01s
[564.938s][info][gc,start       ] GC(318) Pause Young (Concurrent Start) (G1 Humongous Allocation)
[564.938s][info][gc,task        ] GC(318) Using 6 workers of 6 for evacuation
[564.943s][info][gc,phases      ] GC(318)   Pre Evacuate Collection Set: 0.2ms
[564.943s][info][gc,phases      ] GC(318)   Merge Heap Roots: 0.1ms
[564.943s][info][gc,phases      ] GC(318)   Evacuate Collection Set: 3.4ms
[564.943s][info][gc,phases      ] GC(318)   Post Evacuate Collection Set: 1.0ms
[564.943s][info][gc,phases      ] GC(318)   Other: 0.2ms
[564.943s][info][gc,heap        ] GC(318) Eden regions: 883->0(1206)
[564.943s][info][gc,heap        ] GC(318) Survivor regions: 21->22(154)
[564.943s][info][gc,heap        ] GC(318) Old regions: 179->179
[564.943s][info][gc,heap        ] GC(318) Archive regions: 0->0
[564.943s][info][gc,heap        ] GC(318) Humongous regions: 742->47
[564.943s][info][gc,metaspace   ] GC(318) Metaspace: 131180K(132928K)->131180K(132928K) NonClass: 114779K(115328K)->114779K(115328K) Class: 16401K(17600K)->16401K(17600K)
[564.943s][info][gc             ] GC(318) Pause Young (Concurrent Start) (G1 Humongous Allocation) 1822M->245M(2048M) 5.119ms
[564.943s][info][gc,cpu         ] GC(318) User=0.00s Sys=0.00s Real=0.00s
[564.943s][info][gc             ] GC(319) Concurrent Undo Cycle
[564.943s][info][gc,marking     ] GC(319) Concurrent Cleanup for Next Mark
[564.947s][info][gc,marking     ] GC(319) Concurrent Cleanup for Next Mark 4.021ms
[564.948s][info][gc             ] GC(319) Concurrent Undo Cycle 4.111ms
[568.617s][info][gc,start       ] GC(320) Pause Full (System.gc())
[568.617s][info][gc,task        ] GC(320) Using 6 workers of 6 for full compaction
[568.617s][info][gc,phases,start] GC(320) Phase 1: Mark live objects
[568.636s][info][gc,phases      ] GC(320) Phase 1: Mark live objects 19.456ms
[568.636s][info][gc,phases,start] GC(320) Phase 2: Prepare for compaction
[568.640s][info][gc,phases      ] GC(320) Phase 2: Prepare for compaction 3.661ms
[568.640s][info][gc,phases,start] GC(320) Phase 3: Adjust pointers
[568.655s][info][gc,phases      ] GC(320) Phase 3: Adjust pointers 15.330ms
[568.655s][info][gc,phases,start] GC(320) Phase 4: Compact heap
[568.658s][info][gc,phases      ] GC(320) Phase 4: Compact heap 2.599ms
[568.676s][info][gc,heap        ] GC(320) Eden regions: 905->0(1228)
[568.677s][info][gc,heap        ] GC(320) Survivor regions: 22->0(154)
[568.677s][info][gc,heap        ] GC(320) Old regions: 179->71
[568.677s][info][gc,heap        ] GC(320) Archive regions: 0->0
[568.677s][info][gc,heap        ] GC(320) Humongous regions: 424->7
[568.677s][info][gc,metaspace   ] GC(320) Metaspace: 131180K(132928K)->131180K(132928K) NonClass: 114779K(115328K)->114779K(115328K) Class: 16401K(17600K)->16401K(17600K)
[568.677s][info][gc             ] GC(320) Pause Full (System.gc()) 1527M->75M(2048M) 60.016ms
[568.677s][info][gc,cpu         ] GC(320) User=0.30s Sys=0.00s Real=0.07s
[569.206s][info][gc,start       ] GC(321) Pause Young (Normal) (G1 Preventive Collection)
[569.206s][info][gc,task        ] GC(321) Using 6 workers of 6 for evacuation
[569.214s][info][gc             ] GC(321) To-space exhausted
[569.214s][info][gc,phases      ] GC(321)   Pre Evacuate Collection Set: 0.2ms
[569.214s][info][gc,phases      ] GC(321)   Merge Heap Roots: 0.2ms
[569.214s][info][gc,phases      ] GC(321)   Evacuate Collection Set: 3.3ms
[569.214s][info][gc,phases      ] GC(321)   Post Evacuate Collection Set: 4.8ms
[569.214s][info][gc,phases      ] GC(321)   Other: 0.4ms
[569.214s][info][gc,heap        ] GC(321) Eden regions: 1139->0(1208)
[569.214s][info][gc,heap        ] GC(321) Survivor regions: 0->20(20)
[569.214s][info][gc,heap        ] GC(321) Old regions: 71->192
[569.214s][info][gc,heap        ] GC(321) Archive regions: 0->0
[569.214s][info][gc,heap        ] GC(321) Humongous regions: 818->32
[569.214s][info][gc,metaspace   ] GC(321) Metaspace: 131276K(133056K)->131276K(133056K) NonClass: 114874K(115456K)->114874K(115456K) Class: 16401K(17600K)->16401K(17600K)
[569.214s][info][gc             ] GC(321) Pause Young (Normal) (G1 Preventive Collection) 2025M->241M(2048M) 8.764ms
[569.214s][info][gc,cpu         ] GC(321) User=0.00s Sys=0.00s Real=0.01s
[571.298s][info][gc,start       ] GC(322) Pause Young (Concurrent Start) (G1 Humongous Allocation)
[571.298s][info][gc,task        ] GC(322) Using 6 workers of 6 for evacuation
[571.303s][info][gc,phases      ] GC(322)   Pre Evacuate Collection Set: 0.2ms
[571.303s][info][gc,phases      ] GC(322)   Merge Heap Roots: 0.1ms
[571.303s][info][gc,phases      ] GC(322)   Evacuate Collection Set: 3.7ms
[571.303s][info][gc,phases      ] GC(322)   Post Evacuate Collection Set: 1.0ms
[571.303s][info][gc,phases      ] GC(322)   Other: 0.3ms
[571.303s][info][gc,heap        ] GC(322) Eden regions: 866->0(1206)
[571.303s][info][gc,heap        ] GC(322) Survivor regions: 20->22(154)
[571.303s][info][gc,heap        ] GC(322) Old regions: 192->192
[571.303s][info][gc,heap        ] GC(322) Archive regions: 0->0
[571.303s][info][gc,heap        ] GC(322) Humongous regions: 730->47
[571.303s][info][gc,metaspace   ] GC(322) Metaspace: 131276K(133056K)->131276K(133056K) NonClass: 114874K(115456K)->114874K(115456K) Class: 16401K(17600K)->16401K(17600K)
[571.303s][info][gc             ] GC(322) Pause Young (Concurrent Start) (G1 Humongous Allocation) 1804M->257M(2048M) 5.511ms
[571.303s][info][gc,cpu         ] GC(322) User=0.00s Sys=0.00s Real=0.01s
[571.303s][info][gc             ] GC(323) Concurrent Undo Cycle
[571.303s][info][gc,marking     ] GC(323) Concurrent Cleanup for Next Mark
[571.307s][info][gc,marking     ] GC(323) Concurrent Cleanup for Next Mark 3.854ms
[571.307s][info][gc             ] GC(323) Concurrent Undo Cycle 3.995ms
[575.082s][info][gc,start       ] GC(324) Pause Full (System.gc())
[575.082s][info][gc,task        ] GC(324) Using 6 workers of 6 for full compaction
[575.082s][info][gc,phases,start] GC(324) Phase 1: Mark live objects
[575.101s][info][gc,phases      ] GC(324) Phase 1: Mark live objects 19.092ms
[575.101s][info][gc,phases,start] GC(324) Phase 2: Prepare for compaction
[575.104s][info][gc,phases      ] GC(324) Phase 2: Prepare for compaction 3.227ms
[575.104s][info][gc,phases,start] GC(324) Phase 3: Adjust pointers
[575.120s][info][gc,phases      ] GC(324) Phase 3: Adjust pointers 15.677ms
[575.120s][info][gc,phases,start] GC(324) Phase 4: Compact heap
[575.123s][info][gc,phases      ] GC(324) Phase 4: Compact heap 2.408ms
[575.140s][info][gc,heap        ] GC(324) Eden regions: 918->0(1228)
[575.140s][info][gc,heap        ] GC(324) Survivor regions: 22->0(154)
[575.140s][info][gc,heap        ] GC(324) Old regions: 192->72
[575.140s][info][gc,heap        ] GC(324) Archive regions: 0->0
[575.140s][info][gc,heap        ] GC(324) Humongous regions: 436->7
[575.140s][info][gc,metaspace   ] GC(324) Metaspace: 131281K(133056K)->131281K(133056K) NonClass: 114879K(115456K)->114879K(115456K) Class: 16401K(17600K)->16401K(17600K)
[575.141s][info][gc             ] GC(324) Pause Full (System.gc()) 1564M->75M(2048M) 58.812ms
[575.141s][info][gc,cpu         ] GC(324) User=0.28s Sys=0.00s Real=0.05s
[575.694s][info][gc,start       ] GC(325) Pause Young (Normal) (G1 Preventive Collection)
[575.694s][info][gc,task        ] GC(325) Using 6 workers of 6 for evacuation
[575.701s][info][gc             ] GC(325) To-space exhausted
[575.701s][info][gc,phases      ] GC(325)   Pre Evacuate Collection Set: 0.2ms
[575.701s][info][gc,phases      ] GC(325)   Merge Heap Roots: 0.2ms
[575.701s][info][gc,phases      ] GC(325)   Evacuate Collection Set: 3.4ms
[575.701s][info][gc,phases      ] GC(325)   Post Evacuate Collection Set: 2.9ms
[575.701s][info][gc,phases      ] GC(325)   Other: 0.4ms
[575.701s][info][gc,heap        ] GC(325) Eden regions: 1138->0(1208)
[575.701s][info][gc,heap        ] GC(325) Survivor regions: 0->20(20)
[575.701s][info][gc,heap        ] GC(325) Old regions: 72->161
[575.701s][info][gc,heap        ] GC(325) Archive regions: 0->0
[575.701s][info][gc,heap        ] GC(325) Humongous regions: 818->27
[575.701s][info][gc,metaspace   ] GC(325) Metaspace: 131353K(133120K)->131353K(133120K) NonClass: 114951K(115520K)->114951K(115520K) Class: 16401K(17600K)->16401K(17600K)
[575.701s][info][gc             ] GC(325) Pause Young (Normal) (G1 Preventive Collection) 2024M->204M(2048M) 6.981ms
[575.701s][info][gc,cpu         ] GC(325) User=0.00s Sys=0.00s Real=0.01s
[578.151s][info][gc,start       ] GC(326) Pause Young (Concurrent Start) (G1 Humongous Allocation)
[578.151s][info][gc,task        ] GC(326) Using 6 workers of 6 for evacuation
[578.156s][info][gc,phases      ] GC(326)   Pre Evacuate Collection Set: 0.2ms
[578.156s][info][gc,phases      ] GC(326)   Merge Heap Roots: 0.1ms
[578.156s][info][gc,phases      ] GC(326)   Evacuate Collection Set: 3.4ms
[578.156s][info][gc,phases      ] GC(326)   Post Evacuate Collection Set: 1.1ms
[578.156s][info][gc,phases      ] GC(326)   Other: 0.3ms
[578.156s][info][gc,heap        ] GC(326) Eden regions: 953->0(1207)
[578.156s][info][gc,heap        ] GC(326) Survivor regions: 20->21(154)
[578.156s][info][gc,heap        ] GC(326) Old regions: 161->161
[578.156s][info][gc,heap        ] GC(326) Archive regions: 0->0
[578.156s][info][gc,heap        ] GC(326) Humongous regions: 760->47
[578.156s][info][gc,metaspace   ] GC(326) Metaspace: 131355K(133120K)->131355K(133120K) NonClass: 114953K(115520K)->114953K(115520K) Class: 16401K(17600K)->16401K(17600K)
[578.156s][info][gc             ] GC(326) Pause Young (Concurrent Start) (G1 Humongous Allocation) 1890M->225M(2048M) 5.233ms
[578.156s][info][gc,cpu         ] GC(326) User=0.00s Sys=0.00s Real=0.02s
[578.156s][info][gc             ] GC(327) Concurrent Undo Cycle
[578.156s][info][gc,marking     ] GC(327) Concurrent Cleanup for Next Mark
[578.160s][info][gc,marking     ] GC(327) Concurrent Cleanup for Next Mark 4.011ms
[578.160s][info][gc             ] GC(327) Concurrent Undo Cycle 4.155ms
[581.580s][info][gc,start       ] GC(328) Pause Full (System.gc())
[581.580s][info][gc,task        ] GC(328) Using 6 workers of 6 for full compaction
[581.580s][info][gc,phases,start] GC(328) Phase 1: Mark live objects
[581.600s][info][gc,phases      ] GC(328) Phase 1: Mark live objects 20.041ms
[581.600s][info][gc,phases,start] GC(328) Phase 2: Prepare for compaction
[581.604s][info][gc,phases      ] GC(328) Phase 2: Prepare for compaction 3.434ms
[581.604s][info][gc,phases,start] GC(328) Phase 3: Adjust pointers
[581.619s][info][gc,phases      ] GC(328) Phase 3: Adjust pointers 15.648ms
[581.619s][info][gc,phases,start] GC(328) Phase 4: Compact heap
[581.622s][info][gc,phases      ] GC(328) Phase 4: Compact heap 2.715ms
[581.641s][info][gc,heap        ] GC(328) Eden regions: 834->0(1228)
[581.641s][info][gc,heap        ] GC(328) Survivor regions: 21->0(154)
[581.641s][info][gc,heap        ] GC(328) Old regions: 161->72
[581.641s][info][gc,heap        ] GC(328) Archive regions: 0->0
[581.641s][info][gc,heap        ] GC(328) Humongous regions: 401->7
[581.641s][info][gc,metaspace   ] GC(328) Metaspace: 131376K(133120K)->131376K(133120K) NonClass: 114974K(115520K)->114974K(115520K) Class: 16401K(17600K)->16401K(17600K)
[581.641s][info][gc             ] GC(328) Pause Full (System.gc()) 1413M->75M(2048M) 61.042ms
[581.641s][info][gc,cpu         ] GC(328) User=0.17s Sys=0.00s Real=0.05s
[582.171s][info][gc,start       ] GC(329) Pause Young (Normal) (G1 Preventive Collection)
[582.171s][info][gc,task        ] GC(329) Using 6 workers of 6 for evacuation
[582.178s][info][gc             ] GC(329) To-space exhausted
[582.178s][info][gc,phases      ] GC(329)   Pre Evacuate Collection Set: 0.2ms
[582.178s][info][gc,phases      ] GC(329)   Merge Heap Roots: 0.2ms
[582.178s][info][gc,phases      ] GC(329)   Evacuate Collection Set: 3.3ms
[582.178s][info][gc,phases      ] GC(329)   Post Evacuate Collection Set: 3.1ms
[582.178s][info][gc,phases      ] GC(329)   Other: 0.3ms
[582.178s][info][gc,heap        ] GC(329) Eden regions: 1138->0(1208)
[582.178s][info][gc,heap        ] GC(329) Survivor regions: 0->20(20)
[582.178s][info][gc,heap        ] GC(329) Old regions: 72->158
[582.178s][info][gc,heap        ] GC(329) Archive regions: 0->0
[582.178s][info][gc,heap        ] GC(329) Humongous regions: 818->27
[582.178s][info][gc,metaspace   ] GC(329) Metaspace: 131384K(133184K)->131384K(133184K) NonClass: 114982K(115584K)->114982K(115584K) Class: 16401K(17600K)->16401K(17600K)
[582.178s][info][gc             ] GC(329) Pause Young (Normal) (G1 Preventive Collection) 2024M->201M(2048M) 7.149ms
[582.178s][info][gc,cpu         ] GC(329) User=0.09s Sys=0.00s Real=0.01s
[584.634s][info][gc,start       ] GC(330) Pause Young (Concurrent Start) (G1 Humongous Allocation)
[584.634s][info][gc,task        ] GC(330) Using 6 workers of 6 for evacuation
[584.638s][info][gc,phases      ] GC(330)   Pre Evacuate Collection Set: 0.2ms
[584.638s][info][gc,phases      ] GC(330)   Merge Heap Roots: 0.1ms
[584.638s][info][gc,phases      ] GC(330)   Evacuate Collection Set: 3.3ms
[584.639s][info][gc,phases      ] GC(330)   Post Evacuate Collection Set: 0.9ms
[584.639s][info][gc,phases      ] GC(330)   Other: 0.3ms
[584.639s][info][gc,heap        ] GC(330) Eden regions: 952->0(1208)
[584.639s][info][gc,heap        ] GC(330) Survivor regions: 20->20(154)
[584.639s][info][gc,heap        ] GC(330) Old regions: 158->158
[584.639s][info][gc,heap        ] GC(330) Archive regions: 0->0
[584.639s][info][gc,heap        ] GC(330) Humongous regions: 764->47
[584.639s][info][gc,metaspace   ] GC(330) Metaspace: 131384K(133184K)->131384K(133184K) NonClass: 114982K(115584K)->114982K(115584K) Class: 16401K(17600K)->16401K(17600K)
[584.639s][info][gc             ] GC(330) Pause Young (Concurrent Start) (G1 Humongous Allocation) 1890M->221M(2048M) 4.900ms
[584.639s][info][gc,cpu         ] GC(330) User=0.00s Sys=0.00s Real=0.00s
[584.639s][info][gc             ] GC(331) Concurrent Undo Cycle
[584.639s][info][gc,marking     ] GC(331) Concurrent Cleanup for Next Mark
[584.643s][info][gc,marking     ] GC(331) Concurrent Cleanup for Next Mark 4.351ms
[584.643s][info][gc             ] GC(331) Concurrent Undo Cycle 4.513ms
[588.052s][info][gc,start       ] GC(332) Pause Full (System.gc())
[588.052s][info][gc,task        ] GC(332) Using 6 workers of 6 for full compaction
[588.052s][info][gc,phases,start] GC(332) Phase 1: Mark live objects
[588.071s][info][gc,phases      ] GC(332) Phase 1: Mark live objects 18.951ms
[588.071s][info][gc,phases,start] GC(332) Phase 2: Prepare for compaction
[588.074s][info][gc,phases      ] GC(332) Phase 2: Prepare for compaction 3.166ms
[588.074s][info][gc,phases,start] GC(332) Phase 3: Adjust pointers
[588.090s][info][gc,phases      ] GC(332) Phase 3: Adjust pointers 15.673ms
[588.090s][info][gc,phases,start] GC(332) Phase 4: Compact heap
[588.092s][info][gc,phases      ] GC(332) Phase 4: Compact heap 2.171ms
[588.111s][info][gc,heap        ] GC(332) Eden regions: 834->0(1228)
[588.111s][info][gc,heap        ] GC(332) Survivor regions: 20->0(154)
[588.111s][info][gc,heap        ] GC(332) Old regions: 158->72
[588.111s][info][gc,heap        ] GC(332) Archive regions: 0->0
[588.111s][info][gc,heap        ] GC(332) Humongous regions: 397->7
[588.111s][info][gc,metaspace   ] GC(332) Metaspace: 131388K(133184K)->131388K(133184K) NonClass: 114987K(115584K)->114987K(115584K) Class: 16401K(17600K)->16401K(17600K)
[588.111s][info][gc             ] GC(332) Pause Full (System.gc()) 1404M->75M(2048M) 59.042ms
[588.111s][info][gc,cpu         ] GC(332) User=0.30s Sys=0.00s Real=0.05s
[588.651s][info][gc,start       ] GC(333) Pause Young (Normal) (G1 Preventive Collection)
[588.651s][info][gc,task        ] GC(333) Using 6 workers of 6 for evacuation
[588.659s][info][gc             ] GC(333) To-space exhausted
[588.659s][info][gc,phases      ] GC(333)   Pre Evacuate Collection Set: 0.2ms
[588.659s][info][gc,phases      ] GC(333)   Merge Heap Roots: 0.3ms
[588.659s][info][gc,phases      ] GC(333)   Evacuate Collection Set: 3.5ms
[588.659s][info][gc,phases      ] GC(333)   Post Evacuate Collection Set: 3.3ms
[588.659s][info][gc,phases      ] GC(333)   Other: 0.3ms
[588.659s][info][gc,heap        ] GC(333) Eden regions: 1141->0(1206)
[588.659s][info][gc,heap        ] GC(333) Survivor regions: 0->22(22)
[588.659s][info][gc,heap        ] GC(333) Old regions: 72->161
[588.659s][info][gc,heap        ] GC(333) Archive regions: 0->0
[588.659s][info][gc,heap        ] GC(333) Humongous regions: 813->27
[588.659s][info][gc,metaspace   ] GC(333) Metaspace: 131389K(133184K)->131389K(133184K) NonClass: 114987K(115584K)->114987K(115584K) Class: 16401K(17600K)->16401K(17600K)
[588.659s][info][gc             ] GC(333) Pause Young (Normal) (G1 Preventive Collection) 2022M->206M(2048M) 7.590ms
[588.659s][info][gc,cpu         ] GC(333) User=0.09s Sys=0.00s Real=0.01s
[591.072s][info][gc,start       ] GC(334) Pause Young (Concurrent Start) (G1 Humongous Allocation)
[591.072s][info][gc,task        ] GC(334) Using 6 workers of 6 for evacuation
[591.077s][info][gc,phases      ] GC(334)   Pre Evacuate Collection Set: 0.3ms
[591.077s][info][gc,phases      ] GC(334)   Merge Heap Roots: 0.1ms
[591.077s][info][gc,phases      ] GC(334)   Evacuate Collection Set: 3.5ms
[591.077s][info][gc,phases      ] GC(334)   Post Evacuate Collection Set: 1.2ms
[591.077s][info][gc,phases      ] GC(334)   Other: 0.3ms
[591.077s][info][gc,heap        ] GC(334) Eden regions: 952->0(1207)
[591.077s][info][gc,heap        ] GC(334) Survivor regions: 22->21(152)
[591.077s][info][gc,heap        ] GC(334) Old regions: 161->161
[591.077s][info][gc,heap        ] GC(334) Archive regions: 0->0
[591.077s][info][gc,heap        ] GC(334) Humongous regions: 761->47
[591.077s][info][gc,metaspace   ] GC(334) Metaspace: 131389K(133184K)->131389K(133184K) NonClass: 114987K(115584K)->114987K(115584K) Class: 16401K(17600K)->16401K(17600K)
[591.077s][info][gc             ] GC(334) Pause Young (Concurrent Start) (G1 Humongous Allocation) 1892M->225M(2048M) 5.478ms
[591.077s][info][gc,cpu         ] GC(334) User=0.00s Sys=0.00s Real=0.01s
[591.077s][info][gc             ] GC(335) Concurrent Undo Cycle
[591.077s][info][gc,marking     ] GC(335) Concurrent Cleanup for Next Mark
[591.082s][info][gc,marking     ] GC(335) Concurrent Cleanup for Next Mark 4.164ms
[591.082s][info][gc             ] GC(335) Concurrent Undo Cycle 4.306ms
[594.515s][info][gc,start       ] GC(336) Pause Full (System.gc())
[594.515s][info][gc,task        ] GC(336) Using 6 workers of 6 for full compaction
[594.516s][info][gc,phases,start] GC(336) Phase 1: Mark live objects
[594.534s][info][gc,phases      ] GC(336) Phase 1: Mark live objects 18.042ms
[594.534s][info][gc,phases,start] GC(336) Phase 2: Prepare for compaction
[594.537s][info][gc,phases      ] GC(336) Phase 2: Prepare for compaction 3.600ms
[594.537s][info][gc,phases,start] GC(336) Phase 3: Adjust pointers
[594.553s][info][gc,phases      ] GC(336) Phase 3: Adjust pointers 15.745ms
[594.553s][info][gc,phases,start] GC(336) Phase 4: Compact heap
[594.556s][info][gc,phases      ] GC(336) Phase 4: Compact heap 2.655ms
[594.574s][info][gc,heap        ] GC(336) Eden regions: 835->0(1228)
[594.574s][info][gc,heap        ] GC(336) Survivor regions: 21->0(152)
[594.574s][info][gc,heap        ] GC(336) Old regions: 161->72
[594.574s][info][gc,heap        ] GC(336) Archive regions: 0->0
[594.574s][info][gc,heap        ] GC(336) Humongous regions: 405->7
[594.574s][info][gc,metaspace   ] GC(336) Metaspace: 131393K(133184K)->131393K(133184K) NonClass: 114991K(115584K)->114991K(115584K) Class: 16401K(17600K)->16401K(17600K)
[594.574s][info][gc             ] GC(336) Pause Full (System.gc()) 1417M->75M(2048M) 58.909ms
[594.574s][info][gc,cpu         ] GC(336) User=0.12s Sys=0.00s Real=0.06s
[595.104s][info][gc,start       ] GC(337) Pause Young (Normal) (G1 Preventive Collection)
[595.104s][info][gc,task        ] GC(337) Using 6 workers of 6 for evacuation
[595.111s][info][gc             ] GC(337) To-space exhausted
[595.111s][info][gc,phases      ] GC(337)   Pre Evacuate Collection Set: 0.2ms
[595.111s][info][gc,phases      ] GC(337)   Merge Heap Roots: 0.2ms
[595.111s][info][gc,phases      ] GC(337)   Evacuate Collection Set: 3.3ms
[595.111s][info][gc,phases      ] GC(337)   Post Evacuate Collection Set: 2.7ms
[595.111s][info][gc,phases      ] GC(337)   Other: 0.3ms
[595.111s][info][gc,heap        ] GC(337) Eden regions: 1138->0(1208)
[595.111s][info][gc,heap        ] GC(337) Survivor regions: 0->20(20)
[595.111s][info][gc,heap        ] GC(337) Old regions: 72->164
[595.111s][info][gc,heap        ] GC(337) Archive regions: 0->0
[595.111s][info][gc,heap        ] GC(337) Humongous regions: 818->27
[595.111s][info][gc,metaspace   ] GC(337) Metaspace: 131393K(133184K)->131393K(133184K) NonClass: 114991K(115584K)->114991K(115584K) Class: 16401K(17600K)->16401K(17600K)
[595.111s][info][gc             ] GC(337) Pause Young (Normal) (G1 Preventive Collection) 2024M->207M(2048M) 6.699ms
[595.111s][info][gc,cpu         ] GC(337) User=0.09s Sys=0.00s Real=0.01s
[597.544s][info][gc,start       ] GC(338) Pause Young (Concurrent Start) (G1 Humongous Allocation)
[597.544s][info][gc,task        ] GC(338) Using 6 workers of 6 for evacuation
[597.549s][info][gc,phases      ] GC(338)   Pre Evacuate Collection Set: 0.3ms
[597.549s][info][gc,phases      ] GC(338)   Merge Heap Roots: 0.2ms
[597.549s][info][gc,phases      ] GC(338)   Evacuate Collection Set: 3.2ms
[597.549s][info][gc,phases      ] GC(338)   Post Evacuate Collection Set: 1.1ms
[597.549s][info][gc,phases      ] GC(338)   Other: 0.4ms
[597.549s][info][gc,heap        ] GC(338) Eden regions: 953->0(1209)
[597.549s][info][gc,heap        ] GC(338) Survivor regions: 20->19(153)
[597.549s][info][gc,heap        ] GC(338) Old regions: 164->164
[597.549s][info][gc,heap        ] GC(338) Archive regions: 0->0
[597.549s][info][gc,heap        ] GC(338) Humongous regions: 758->47
[597.549s][info][gc,metaspace   ] GC(338) Metaspace: 131393K(133184K)->131393K(133184K) NonClass: 114991K(115584K)->114991K(115584K) Class: 16401K(17600K)->16401K(17600K)
[597.549s][info][gc             ] GC(338) Pause Young (Concurrent Start) (G1 Humongous Allocation) 1891M->226M(2048M) 5.223ms
[597.549s][info][gc,cpu         ] GC(338) User=0.09s Sys=0.00s Real=0.01s
[597.549s][info][gc             ] GC(339) Concurrent Undo Cycle
[597.549s][info][gc,marking     ] GC(339) Concurrent Cleanup for Next Mark
[597.553s][info][gc,marking     ] GC(339) Concurrent Cleanup for Next Mark 3.971ms
[597.553s][info][gc             ] GC(339) Concurrent Undo Cycle 4.106ms
[600.993s][info][gc,start       ] GC(340) Pause Full (System.gc())
[600.993s][info][gc,task        ] GC(340) Using 6 workers of 6 for full compaction
[600.993s][info][gc,phases,start] GC(340) Phase 1: Mark live objects
[601.013s][info][gc,phases      ] GC(340) Phase 1: Mark live objects 19.728ms
[601.013s][info][gc,phases,start] GC(340) Phase 2: Prepare for compaction
[601.017s][info][gc,phases      ] GC(340) Phase 2: Prepare for compaction 3.835ms
[601.017s][info][gc,phases,start] GC(340) Phase 3: Adjust pointers
[601.032s][info][gc,phases      ] GC(340) Phase 3: Adjust pointers 15.551ms
[601.032s][info][gc,phases,start] GC(340) Phase 4: Compact heap
[601.035s][info][gc,phases      ] GC(340) Phase 4: Compact heap 2.672ms
[601.053s][info][gc,heap        ] GC(340) Eden regions: 835->0(1228)
[601.053s][info][gc,heap        ] GC(340) Survivor regions: 19->0(153)
[601.053s][info][gc,heap        ] GC(340) Old regions: 164->71
[601.053s][info][gc,heap        ] GC(340) Archive regions: 0->0
[601.053s][info][gc,heap        ] GC(340) Humongous regions: 403->7
[601.053s][info][gc,metaspace   ] GC(340) Metaspace: 131393K(133184K)->131393K(133184K) NonClass: 114991K(115584K)->114991K(115584K) Class: 16401K(17600K)->16401K(17600K)
[601.053s][info][gc             ] GC(340) Pause Full (System.gc()) 1416M->75M(2048M) 60.477ms
[601.053s][info][gc,cpu         ] GC(340) User=0.22s Sys=0.00s Real=0.05s
[601.601s][info][gc,start       ] GC(341) Pause Young (Normal) (G1 Preventive Collection)
[601.601s][info][gc,task        ] GC(341) Using 6 workers of 6 for evacuation
[601.609s][info][gc             ] GC(341) To-space exhausted
[601.609s][info][gc,phases      ] GC(341)   Pre Evacuate Collection Set: 0.2ms
[601.609s][info][gc,phases      ] GC(341)   Merge Heap Roots: 0.2ms
[601.609s][info][gc,phases      ] GC(341)   Evacuate Collection Set: 3.3ms
[601.609s][info][gc,phases      ] GC(341)   Post Evacuate Collection Set: 3.7ms
[601.609s][info][gc,phases      ] GC(341)   Other: 0.4ms
[601.609s][info][gc,heap        ] GC(341) Eden regions: 1140->0(1209)
[601.609s][info][gc,heap        ] GC(341) Survivor regions: 0->19(19)
[601.609s][info][gc,heap        ] GC(341) Old regions: 71->176
[601.609s][info][gc,heap        ] GC(341) Archive regions: 0->0
[601.609s][info][gc,heap        ] GC(341) Humongous regions: 818->27
[601.609s][info][gc,metaspace   ] GC(341) Metaspace: 131393K(133184K)->131393K(133184K) NonClass: 114991K(115584K)->114991K(115584K) Class: 16401K(17600K)->16401K(17600K)
[601.609s][info][gc             ] GC(341) Pause Young (Normal) (G1 Preventive Collection) 2026M->219M(2048M) 7.762ms
[601.609s][info][gc,cpu         ] GC(341) User=0.00s Sys=0.00s Real=0.01s
[603.966s][info][gc,start       ] GC(342) Pause Young (Concurrent Start) (G1 Humongous Allocation)
[603.966s][info][gc,task        ] GC(342) Using 6 workers of 6 for evacuation
[603.971s][info][gc,phases      ] GC(342)   Pre Evacuate Collection Set: 0.3ms
[603.971s][info][gc,phases      ] GC(342)   Merge Heap Roots: 0.1ms
[603.971s][info][gc,phases      ] GC(342)   Evacuate Collection Set: 3.6ms
[603.971s][info][gc,phases      ] GC(342)   Post Evacuate Collection Set: 1.2ms
[603.971s][info][gc,phases      ] GC(342)   Other: 0.3ms
[603.972s][info][gc,heap        ] GC(342) Eden regions: 925->0(1207)
[603.972s][info][gc,heap        ] GC(342) Survivor regions: 19->21(154)
[603.972s][info][gc,heap        ] GC(342) Old regions: 176->176
[603.972s][info][gc,heap        ] GC(342) Archive regions: 0->0
[603.972s][info][gc,heap        ] GC(342) Humongous regions: 746->47
[603.972s][info][gc,metaspace   ] GC(342) Metaspace: 131393K(133184K)->131393K(133184K) NonClass: 114991K(115584K)->114991K(115584K) Class: 16401K(17600K)->16401K(17600K)
[603.972s][info][gc             ] GC(342) Pause Young (Concurrent Start) (G1 Humongous Allocation) 1863M->240M(2048M) 5.614ms
[603.972s][info][gc,cpu         ] GC(342) User=0.09s Sys=0.00s Real=0.00s
[603.972s][info][gc             ] GC(343) Concurrent Undo Cycle
[603.972s][info][gc,marking     ] GC(343) Concurrent Cleanup for Next Mark
[603.976s][info][gc,marking     ] GC(343) Concurrent Cleanup for Next Mark 3.952ms
[603.976s][info][gc             ] GC(343) Concurrent Undo Cycle 4.116ms
[607.469s][info][gc,start       ] GC(344) Pause Full (System.gc())
[607.469s][info][gc,task        ] GC(344) Using 6 workers of 6 for full compaction
[607.469s][info][gc,phases,start] GC(344) Phase 1: Mark live objects
[607.490s][info][gc,phases      ] GC(344) Phase 1: Mark live objects 20.495ms
[607.490s][info][gc,phases,start] GC(344) Phase 2: Prepare for compaction
[607.493s][info][gc,phases      ] GC(344) Phase 2: Prepare for compaction 3.123ms
[607.493s][info][gc,phases,start] GC(344) Phase 3: Adjust pointers
[607.508s][info][gc,phases      ] GC(344) Phase 3: Adjust pointers 15.537ms
[607.509s][info][gc,phases,start] GC(344) Phase 4: Compact heap
[607.511s][info][gc,phases      ] GC(344) Phase 4: Compact heap 2.114ms
[607.529s][info][gc,heap        ] GC(344) Eden regions: 857->0(1228)
[607.529s][info][gc,heap        ] GC(344) Survivor regions: 21->0(154)
[607.529s][info][gc,heap        ] GC(344) Old regions: 176->72
[607.529s][info][gc,heap        ] GC(344) Archive regions: 0->0
[607.529s][info][gc,heap        ] GC(344) Humongous regions: 415->7
[607.529s][info][gc,metaspace   ] GC(344) Metaspace: 131393K(133184K)->131393K(133184K) NonClass: 114991K(115584K)->114991K(115584K) Class: 16401K(17600K)->16401K(17600K)
[607.529s][info][gc             ] GC(344) Pause Full (System.gc()) 1465M->75M(2048M) 60.323ms
[607.529s][info][gc,cpu         ] GC(344) User=0.14s Sys=0.00s Real=0.06s
[608.066s][info][gc,start       ] GC(345) Pause Young (Normal) (G1 Preventive Collection)
[608.066s][info][gc,task        ] GC(345) Using 6 workers of 6 for evacuation
[608.072s][info][gc             ] GC(345) To-space exhausted
[608.073s][info][gc,phases      ] GC(345)   Pre Evacuate Collection Set: 0.2ms
[608.073s][info][gc,phases      ] GC(345)   Merge Heap Roots: 0.2ms
[608.073s][info][gc,phases      ] GC(345)   Evacuate Collection Set: 3.4ms
[608.073s][info][gc,phases      ] GC(345)   Post Evacuate Collection Set: 2.8ms
[608.073s][info][gc,phases      ] GC(345)   Other: 0.4ms
[608.073s][info][gc,heap        ] GC(345) Eden regions: 1138->0(1208)
[608.073s][info][gc,heap        ] GC(345) Survivor regions: 0->20(20)
[608.073s][info][gc,heap        ] GC(345) Old regions: 72->159
[608.073s][info][gc,heap        ] GC(345) Archive regions: 0->0
[608.073s][info][gc,heap        ] GC(345) Humongous regions: 818->27
[608.073s][info][gc,metaspace   ] GC(345) Metaspace: 131393K(133184K)->131393K(133184K) NonClass: 114991K(115584K)->114991K(115584K) Class: 16401K(17600K)->16401K(17600K)
[608.073s][info][gc             ] GC(345) Pause Young (Normal) (G1 Preventive Collection) 2024M->202M(2048M) 7.036ms
[608.073s][info][gc,cpu         ] GC(345) User=0.00s Sys=0.00s Real=0.01s
[610.515s][info][gc,start       ] GC(346) Pause Young (Concurrent Start) (G1 Humongous Allocation)
[610.515s][info][gc,task        ] GC(346) Using 6 workers of 6 for evacuation
[610.520s][info][gc,phases      ] GC(346)   Pre Evacuate Collection Set: 0.2ms
[610.520s][info][gc,phases      ] GC(346)   Merge Heap Roots: 0.1ms
[610.520s][info][gc,phases      ] GC(346)   Evacuate Collection Set: 3.1ms
[610.520s][info][gc,phases      ] GC(346)   Post Evacuate Collection Set: 0.9ms
[610.520s][info][gc,phases      ] GC(346)   Other: 0.2ms
[610.520s][info][gc,heap        ] GC(346) Eden regions: 955->0(1208)
[610.520s][info][gc,heap        ] GC(346) Survivor regions: 20->20(152)
[610.520s][info][gc,heap        ] GC(346) Old regions: 159->159
[610.520s][info][gc,heap        ] GC(346) Archive regions: 0->0
[610.520s][info][gc,heap        ] GC(346) Humongous regions: 762->47
[610.520s][info][gc,metaspace   ] GC(346) Metaspace: 131396K(133184K)->131396K(133184K) NonClass: 114994K(115584K)->114994K(115584K) Class: 16401K(17600K)->16401K(17600K)
[610.520s][info][gc             ] GC(346) Pause Young (Concurrent Start) (G1 Humongous Allocation) 1891M->221M(2048M) 4.742ms
[610.520s][info][gc,cpu         ] GC(346) User=0.09s Sys=0.00s Real=0.00s
[610.520s][info][gc             ] GC(347) Concurrent Undo Cycle
[610.520s][info][gc,marking     ] GC(347) Concurrent Cleanup for Next Mark
[610.524s][info][gc,marking     ] GC(347) Concurrent Cleanup for Next Mark 4.033ms
[610.524s][info][gc             ] GC(347) Concurrent Undo Cycle 4.184ms
[613.929s][info][gc,start       ] GC(348) Pause Full (System.gc())
[613.929s][info][gc,task        ] GC(348) Using 6 workers of 6 for full compaction
[613.929s][info][gc,phases,start] GC(348) Phase 1: Mark live objects
[613.949s][info][gc,phases      ] GC(348) Phase 1: Mark live objects 19.560ms
[613.949s][info][gc,phases,start] GC(348) Phase 2: Prepare for compaction
[613.953s][info][gc,phases      ] GC(348) Phase 2: Prepare for compaction 3.905ms
[613.953s][info][gc,phases,start] GC(348) Phase 3: Adjust pointers
[613.969s][info][gc,phases      ] GC(348) Phase 3: Adjust pointers 15.697ms
[613.969s][info][gc,phases,start] GC(348) Phase 4: Compact heap
[613.971s][info][gc,phases      ] GC(348) Phase 4: Compact heap 2.455ms
[613.989s][info][gc,heap        ] GC(348) Eden regions: 837->0(1228)
[613.989s][info][gc,heap        ] GC(348) Survivor regions: 20->0(152)
[613.989s][info][gc,heap        ] GC(348) Old regions: 159->70
[613.989s][info][gc,heap        ] GC(348) Archive regions: 0->0
[613.989s][info][gc,heap        ] GC(348) Humongous regions: 399->7
[613.989s][info][gc,metaspace   ] GC(348) Metaspace: 131400K(133184K)->131400K(133184K) NonClass: 114998K(115584K)->114998K(115584K) Class: 16401K(17600K)->16401K(17600K)
[613.989s][info][gc             ] GC(348) Pause Full (System.gc()) 1410M->75M(2048M) 60.023ms
[613.989s][info][gc,cpu         ] GC(348) User=0.28s Sys=0.00s Real=0.06s
[614.522s][info][gc,start       ] GC(349) Pause Young (Normal) (G1 Preventive Collection)
[614.522s][info][gc,task        ] GC(349) Using 6 workers of 6 for evacuation
[614.531s][info][gc             ] GC(349) To-space exhausted
[614.531s][info][gc,phases      ] GC(349)   Pre Evacuate Collection Set: 0.2ms
[614.531s][info][gc,phases      ] GC(349)   Merge Heap Roots: 0.2ms
[614.531s][info][gc,phases      ] GC(349)   Evacuate Collection Set: 3.2ms
[614.531s][info][gc,phases      ] GC(349)   Post Evacuate Collection Set: 5.0ms
[614.531s][info][gc,phases      ] GC(349)   Other: 0.3ms
[614.531s][info][gc,heap        ] GC(349) Eden regions: 1141->0(1209)
[614.531s][info][gc,heap        ] GC(349) Survivor regions: 0->19(19)
[614.531s][info][gc,heap        ] GC(349) Old regions: 70->203
[614.531s][info][gc,heap        ] GC(349) Archive regions: 0->0
[614.531s][info][gc,heap        ] GC(349) Humongous regions: 818->27
[614.531s][info][gc,metaspace   ] GC(349) Metaspace: 131400K(133184K)->131400K(133184K) NonClass: 114998K(115584K)->114998K(115584K) Class: 16401K(17600K)->16401K(17600K)
[614.531s][info][gc             ] GC(349) Pause Young (Normal) (G1 Preventive Collection) 2027M->247M(2048M) 8.931ms
[614.531s][info][gc,cpu         ] GC(349) User=0.00s Sys=0.00s Real=0.01s
[616.612s][info][gc,start       ] GC(350) Pause Young (Concurrent Start) (G1 Humongous Allocation)
[616.612s][info][gc,task        ] GC(350) Using 6 workers of 6 for evacuation
[616.617s][info][gc,phases      ] GC(350)   Pre Evacuate Collection Set: 0.2ms
[616.617s][info][gc,phases      ] GC(350)   Merge Heap Roots: 0.1ms
[616.618s][info][gc,phases      ] GC(350)   Evacuate Collection Set: 3.5ms
[616.618s][info][gc,phases      ] GC(350)   Post Evacuate Collection Set: 1.2ms
[616.618s][info][gc,phases      ] GC(350)   Other: 0.3ms
[616.618s][info][gc,heap        ] GC(350) Eden regions: 862->0(1207)
[616.618s][info][gc,heap        ] GC(350) Survivor regions: 19->21(154)
[616.618s][info][gc,heap        ] GC(350) Old regions: 203->203
[616.618s][info][gc,heap        ] GC(350) Archive regions: 0->0
[616.618s][info][gc,heap        ] GC(350) Humongous regions: 719->47
[616.618s][info][gc,metaspace   ] GC(350) Metaspace: 131400K(133184K)->131400K(133184K) NonClass: 114998K(115584K)->114998K(115584K) Class: 16401K(17600K)->16401K(17600K)
[616.618s][info][gc             ] GC(350) Pause Young (Concurrent Start) (G1 Humongous Allocation) 1801M->268M(2048M) 5.471ms
[616.618s][info][gc,cpu         ] GC(350) User=0.00s Sys=0.00s Real=0.01s
[616.618s][info][gc             ] GC(351) Concurrent Undo Cycle
[616.618s][info][gc,marking     ] GC(351) Concurrent Cleanup for Next Mark
[616.622s][info][gc,marking     ] GC(351) Concurrent Cleanup for Next Mark 4.312ms
[616.622s][info][gc             ] GC(351) Concurrent Undo Cycle 4.448ms
[620.398s][info][gc,start       ] GC(352) Pause Full (System.gc())
[620.398s][info][gc,task        ] GC(352) Using 6 workers of 6 for full compaction
[620.398s][info][gc,phases,start] GC(352) Phase 1: Mark live objects
[620.417s][info][gc,phases      ] GC(352) Phase 1: Mark live objects 18.751ms
[620.417s][info][gc,phases,start] GC(352) Phase 2: Prepare for compaction
[620.421s][info][gc,phases      ] GC(352) Phase 2: Prepare for compaction 3.279ms
[620.421s][info][gc,phases,start] GC(352) Phase 3: Adjust pointers
[620.436s][info][gc,phases      ] GC(352) Phase 3: Adjust pointers 15.442ms
[620.436s][info][gc,phases,start] GC(352) Phase 4: Compact heap
[620.438s][info][gc,phases      ] GC(352) Phase 4: Compact heap 2.231ms
[620.457s][info][gc,heap        ] GC(352) Eden regions: 922->0(1228)
[620.457s][info][gc,heap        ] GC(352) Survivor regions: 21->0(154)
[620.457s][info][gc,heap        ] GC(352) Old regions: 203->71
[620.457s][info][gc,heap        ] GC(352) Archive regions: 0->0
[620.457s][info][gc,heap        ] GC(352) Humongous regions: 442->7
[620.457s][info][gc,metaspace   ] GC(352) Metaspace: 131400K(133184K)->131400K(133184K) NonClass: 114998K(115584K)->114998K(115584K) Class: 16401K(17600K)->16401K(17600K)
[620.457s][info][gc             ] GC(352) Pause Full (System.gc()) 1585M->75M(2048M) 58.744ms
[620.457s][info][gc,cpu         ] GC(352) User=0.28s Sys=0.00s Real=0.06s
[621.042s][info][gc,start       ] GC(353) Pause Young (Normal) (G1 Preventive Collection)
[621.042s][info][gc,task        ] GC(353) Using 6 workers of 6 for evacuation
[621.049s][info][gc             ] GC(353) To-space exhausted
[621.049s][info][gc,phases      ] GC(353)   Pre Evacuate Collection Set: 0.3ms
[621.049s][info][gc,phases      ] GC(353)   Merge Heap Roots: 0.2ms
[621.049s][info][gc,phases      ] GC(353)   Evacuate Collection Set: 3.1ms
[621.049s][info][gc,phases      ] GC(353)   Post Evacuate Collection Set: 3.0ms
[621.049s][info][gc,phases      ] GC(353)   Other: 0.4ms
[621.049s][info][gc,heap        ] GC(353) Eden regions: 1140->0(1209)
[621.049s][info][gc,heap        ] GC(353) Survivor regions: 0->19(19)
[621.049s][info][gc,heap        ] GC(353) Old regions: 71->156
[621.049s][info][gc,heap        ] GC(353) Archive regions: 0->0
[621.049s][info][gc,heap        ] GC(353) Humongous regions: 818->27
[621.049s][info][gc,metaspace   ] GC(353) Metaspace: 131401K(133184K)->131401K(133184K) NonClass: 114999K(115584K)->114999K(115584K) Class: 16401K(17600K)->16401K(17600K)
[621.049s][info][gc             ] GC(353) Pause Young (Normal) (G1 Preventive Collection) 2026M->199M(2048M) 6.986ms
[621.049s][info][gc,cpu         ] GC(353) User=0.09s Sys=0.00s Real=0.01s
[623.503s][info][gc,start       ] GC(354) Pause Young (Concurrent Start) (G1 Humongous Allocation)
[623.503s][info][gc,task        ] GC(354) Using 6 workers of 6 for evacuation
[623.508s][info][gc,phases      ] GC(354)   Pre Evacuate Collection Set: 0.2ms
[623.508s][info][gc,phases      ] GC(354)   Merge Heap Roots: 0.1ms
[623.508s][info][gc,phases      ] GC(354)   Evacuate Collection Set: 3.2ms
[623.508s][info][gc,phases      ] GC(354)   Post Evacuate Collection Set: 1.2ms
[623.508s][info][gc,phases      ] GC(354)   Other: 0.3ms
[623.508s][info][gc,heap        ] GC(354) Eden regions: 953->0(1209)
[623.508s][info][gc,heap        ] GC(354) Survivor regions: 19->19(154)
[623.508s][info][gc,heap        ] GC(354) Old regions: 156->156
[623.508s][info][gc,heap        ] GC(354) Archive regions: 0->0
[623.508s][info][gc,heap        ] GC(354) Humongous regions: 764->47
[623.508s][info][gc,metaspace   ] GC(354) Metaspace: 131403K(133248K)->131403K(133248K) NonClass: 115001K(115648K)->115001K(115648K) Class: 16401K(17600K)->16401K(17600K)
[623.508s][info][gc             ] GC(354) Pause Young (Concurrent Start) (G1 Humongous Allocation) 1889M->219M(2048M) 5.176ms
[623.508s][info][gc,cpu         ] GC(354) User=0.00s Sys=0.00s Real=0.01s
[623.508s][info][gc             ] GC(355) Concurrent Undo Cycle
[623.508s][info][gc,marking     ] GC(355) Concurrent Cleanup for Next Mark
[623.512s][info][gc,marking     ] GC(355) Concurrent Cleanup for Next Mark 4.230ms
[623.512s][info][gc             ] GC(355) Concurrent Undo Cycle 4.403ms
[626.926s][info][gc,start       ] GC(356) Pause Full (System.gc())
[626.926s][info][gc,task        ] GC(356) Using 6 workers of 6 for full compaction
[626.926s][info][gc,phases,start] GC(356) Phase 1: Mark live objects
[626.944s][info][gc,phases      ] GC(356) Phase 1: Mark live objects 17.678ms
[626.944s][info][gc,phases,start] GC(356) Phase 2: Prepare for compaction
[626.948s][info][gc,phases      ] GC(356) Phase 2: Prepare for compaction 3.462ms
[626.948s][info][gc,phases,start] GC(356) Phase 3: Adjust pointers
[626.963s][info][gc,phases      ] GC(356) Phase 3: Adjust pointers 15.559ms
[626.963s][info][gc,phases,start] GC(356) Phase 4: Compact heap
[626.966s][info][gc,phases      ] GC(356) Phase 4: Compact heap 2.514ms
[626.984s][info][gc,heap        ] GC(356) Eden regions: 833->0(1228)
[626.984s][info][gc,heap        ] GC(356) Survivor regions: 19->0(154)
[626.984s][info][gc,heap        ] GC(356) Old regions: 156->72
[626.984s][info][gc,heap        ] GC(356) Archive regions: 0->0
[626.984s][info][gc,heap        ] GC(356) Humongous regions: 397->7
[626.984s][info][gc,metaspace   ] GC(356) Metaspace: 131403K(133248K)->131403K(133248K) NonClass: 115001K(115648K)->115001K(115648K) Class: 16401K(17600K)->16401K(17600K)
[626.984s][info][gc             ] GC(356) Pause Full (System.gc()) 1402M->75M(2048M) 58.060ms
[626.984s][info][gc,cpu         ] GC(356) User=0.20s Sys=0.00s Real=0.06s
[627.526s][info][gc,start       ] GC(357) Pause Young (Normal) (G1 Preventive Collection)
[627.526s][info][gc,task        ] GC(357) Using 6 workers of 6 for evacuation
[627.533s][info][gc             ] GC(357) To-space exhausted
[627.533s][info][gc,phases      ] GC(357)   Pre Evacuate Collection Set: 0.3ms
[627.533s][info][gc,phases      ] GC(357)   Merge Heap Roots: 0.2ms
[627.533s][info][gc,phases      ] GC(357)   Evacuate Collection Set: 3.2ms
[627.533s][info][gc,phases      ] GC(357)   Post Evacuate Collection Set: 2.9ms
[627.533s][info][gc,phases      ] GC(357)   Other: 0.3ms
[627.533s][info][gc,heap        ] GC(357) Eden regions: 1139->0(1209)
[627.533s][info][gc,heap        ] GC(357) Survivor regions: 0->19(19)
[627.533s][info][gc,heap        ] GC(357) Old regions: 72->160
[627.533s][info][gc,heap        ] GC(357) Archive regions: 0->0
[627.533s][info][gc,heap        ] GC(357) Humongous regions: 818->27
[627.533s][info][gc,metaspace   ] GC(357) Metaspace: 131403K(133248K)->131403K(133248K) NonClass: 115001K(115648K)->115001K(115648K) Class: 16401K(17600K)->16401K(17600K)
[627.533s][info][gc             ] GC(357) Pause Young (Normal) (G1 Preventive Collection) 2025M->202M(2048M) 6.940ms
[627.533s][info][gc,cpu         ] GC(357) User=0.09s Sys=0.00s Real=0.01s
[629.981s][info][gc,start       ] GC(358) Pause Young (Concurrent Start) (G1 Humongous Allocation)
[629.981s][info][gc,task        ] GC(358) Using 6 workers of 6 for evacuation
[629.986s][info][gc,phases      ] GC(358)   Pre Evacuate Collection Set: 0.2ms
[629.986s][info][gc,phases      ] GC(358)   Merge Heap Roots: 0.2ms
[629.986s][info][gc,phases      ] GC(358)   Evacuate Collection Set: 3.1ms
[629.986s][info][gc,phases      ] GC(358)   Post Evacuate Collection Set: 0.9ms
[629.986s][info][gc,phases      ] GC(358)   Other: 0.2ms
[629.986s][info][gc,heap        ] GC(358) Eden regions: 951->0(1209)
[629.986s][info][gc,heap        ] GC(358) Survivor regions: 19->19(154)
[629.986s][info][gc,heap        ] GC(358) Old regions: 160->160
[629.986s][info][gc,heap        ] GC(358) Archive regions: 0->0
[629.986s][info][gc,heap        ] GC(358) Humongous regions: 762->47
[629.986s][info][gc,metaspace   ] GC(358) Metaspace: 131406K(133248K)->131406K(133248K) NonClass: 115004K(115648K)->115004K(115648K) Class: 16401K(17600K)->16401K(17600K)
[629.986s][info][gc             ] GC(358) Pause Young (Concurrent Start) (G1 Humongous Allocation) 1887M->222M(2048M) 4.820ms
[629.986s][info][gc,cpu         ] GC(358) User=0.09s Sys=0.00s Real=0.00s
[629.986s][info][gc             ] GC(359) Concurrent Undo Cycle
[629.986s][info][gc,marking     ] GC(359) Concurrent Cleanup for Next Mark
[629.990s][info][gc,marking     ] GC(359) Concurrent Cleanup for Next Mark 3.791ms
[629.990s][info][gc             ] GC(359) Concurrent Undo Cycle 3.896ms
[633.409s][info][gc,start       ] GC(360) Pause Full (System.gc())
[633.409s][info][gc,task        ] GC(360) Using 6 workers of 6 for full compaction
[633.409s][info][gc,phases,start] GC(360) Phase 1: Mark live objects
[633.428s][info][gc,phases      ] GC(360) Phase 1: Mark live objects 18.426ms
[633.428s][info][gc,phases,start] GC(360) Phase 2: Prepare for compaction
[633.431s][info][gc,phases      ] GC(360) Phase 2: Prepare for compaction 3.261ms
[633.431s][info][gc,phases,start] GC(360) Phase 3: Adjust pointers
[633.447s][info][gc,phases      ] GC(360) Phase 3: Adjust pointers 15.836ms
[633.447s][info][gc,phases,start] GC(360) Phase 4: Compact heap
[633.449s][info][gc,phases      ] GC(360) Phase 4: Compact heap 2.098ms
[633.468s][info][gc,heap        ] GC(360) Eden regions: 834->0(1228)
[633.468s][info][gc,heap        ] GC(360) Survivor regions: 19->0(154)
[633.468s][info][gc,heap        ] GC(360) Old regions: 160->72
[633.468s][info][gc,heap        ] GC(360) Archive regions: 0->0
[633.468s][info][gc,heap        ] GC(360) Humongous regions: 399->7
[633.468s][info][gc,metaspace   ] GC(360) Metaspace: 131406K(133248K)->131406K(133248K) NonClass: 115004K(115648K)->115004K(115648K) Class: 16401K(17600K)->16401K(17600K)
[633.468s][info][gc             ] GC(360) Pause Full (System.gc()) 1407M->75M(2048M) 58.731ms
[633.468s][info][gc,cpu         ] GC(360) User=0.05s Sys=0.00s Real=0.06s
[634.018s][info][gc,start       ] GC(361) Pause Young (Normal) (G1 Preventive Collection)
[634.018s][info][gc,task        ] GC(361) Using 6 workers of 6 for evacuation
[634.026s][info][gc             ] GC(361) To-space exhausted
[634.026s][info][gc,phases      ] GC(361)   Pre Evacuate Collection Set: 0.2ms
[634.026s][info][gc,phases      ] GC(361)   Merge Heap Roots: 0.2ms
[634.026s][info][gc,phases      ] GC(361)   Evacuate Collection Set: 3.0ms
[634.026s][info][gc,phases      ] GC(361)   Post Evacuate Collection Set: 4.2ms
[634.026s][info][gc,phases      ] GC(361)   Other: 0.4ms
[634.026s][info][gc,heap        ] GC(361) Eden regions: 1140->0(1210)
[634.026s][info][gc,heap        ] GC(361) Survivor regions: 0->18(18)
[634.026s][info][gc,heap        ] GC(361) Old regions: 72->196
[634.026s][info][gc,heap        ] GC(361) Archive regions: 0->0
[634.026s][info][gc,heap        ] GC(361) Humongous regions: 818->32
[634.026s][info][gc,metaspace   ] GC(361) Metaspace: 131419K(133248K)->131419K(133248K) NonClass: 115017K(115648K)->115017K(115648K) Class: 16401K(17600K)->16401K(17600K)
[634.026s][info][gc             ] GC(361) Pause Young (Normal) (G1 Preventive Collection) 2026M->242M(2048M) 7.926ms
[634.026s][info][gc,cpu         ] GC(361) User=0.00s Sys=0.00s Real=0.01s
[636.132s][info][gc,start       ] GC(362) Pause Young (Concurrent Start) (G1 Humongous Allocation)
[636.132s][info][gc,task        ] GC(362) Using 6 workers of 6 for evacuation
[636.137s][info][gc,phases      ] GC(362)   Pre Evacuate Collection Set: 0.2ms
[636.137s][info][gc,phases      ] GC(362)   Merge Heap Roots: 0.1ms
[636.137s][info][gc,phases      ] GC(362)   Evacuate Collection Set: 3.5ms
[636.137s][info][gc,phases      ] GC(362)   Post Evacuate Collection Set: 1.1ms
[636.137s][info][gc,phases      ] GC(362)   Other: 0.3ms
[636.137s][info][gc,heap        ] GC(362) Eden regions: 865->0(1208)
[636.137s][info][gc,heap        ] GC(362) Survivor regions: 18->20(154)
[636.137s][info][gc,heap        ] GC(362) Old regions: 196->196
[636.137s][info][gc,heap        ] GC(362) Archive regions: 0->0
[636.137s][info][gc,heap        ] GC(362) Humongous regions: 726->47
[636.137s][info][gc,metaspace   ] GC(362) Metaspace: 131419K(133248K)->131419K(133248K) NonClass: 115017K(115648K)->115017K(115648K) Class: 16401K(17600K)->16401K(17600K)
[636.137s][info][gc             ] GC(362) Pause Young (Concurrent Start) (G1 Humongous Allocation) 1801M->259M(2048M) 5.282ms
[636.137s][info][gc,cpu         ] GC(362) User=0.00s Sys=0.00s Real=0.01s
[636.138s][info][gc             ] GC(363) Concurrent Undo Cycle
[636.138s][info][gc,marking     ] GC(363) Concurrent Cleanup for Next Mark
[636.141s][info][gc,marking     ] GC(363) Concurrent Cleanup for Next Mark 3.618ms
[636.141s][info][gc             ] GC(363) Concurrent Undo Cycle 3.750ms
[639.906s][info][gc,start       ] GC(364) Pause Full (System.gc())
[639.906s][info][gc,task        ] GC(364) Using 6 workers of 6 for full compaction
[639.906s][info][gc,phases,start] GC(364) Phase 1: Mark live objects
[639.924s][info][gc,phases      ] GC(364) Phase 1: Mark live objects 18.137ms
[639.924s][info][gc,phases,start] GC(364) Phase 2: Prepare for compaction
[639.928s][info][gc,phases      ] GC(364) Phase 2: Prepare for compaction 3.586ms
[639.928s][info][gc,phases,start] GC(364) Phase 3: Adjust pointers
[639.945s][info][gc,phases      ] GC(364) Phase 3: Adjust pointers 16.674ms
[639.945s][info][gc,phases,start] GC(364) Phase 4: Compact heap
[639.948s][info][gc,phases      ] GC(364) Phase 4: Compact heap 3.479ms
[639.967s][info][gc,heap        ] GC(364) Eden regions: 919->0(1228)
[639.967s][info][gc,heap        ] GC(364) Survivor regions: 20->0(154)
[639.967s][info][gc,heap        ] GC(364) Old regions: 196->71
[639.967s][info][gc,heap        ] GC(364) Archive regions: 0->0
[639.967s][info][gc,heap        ] GC(364) Humongous regions: 440->7
[639.967s][info][gc,metaspace   ] GC(364) Metaspace: 131419K(133248K)->131419K(133248K) NonClass: 115017K(115648K)->115017K(115648K) Class: 16401K(17600K)->16401K(17600K)
[639.967s][info][gc             ] GC(364) Pause Full (System.gc()) 1571M->75M(2048M) 61.150ms
[639.967s][info][gc,cpu         ] GC(364) User=0.22s Sys=0.00s Real=0.06s
[640.526s][info][gc,start       ] GC(365) Pause Young (Normal) (G1 Preventive Collection)
[640.526s][info][gc,task        ] GC(365) Using 6 workers of 6 for evacuation
[640.533s][info][gc             ] GC(365) To-space exhausted
[640.533s][info][gc,phases      ] GC(365)   Pre Evacuate Collection Set: 0.2ms
[640.533s][info][gc,phases      ] GC(365)   Merge Heap Roots: 0.2ms
[640.533s][info][gc,phases      ] GC(365)   Evacuate Collection Set: 3.2ms
[640.533s][info][gc,phases      ] GC(365)   Post Evacuate Collection Set: 3.2ms
[640.533s][info][gc,phases      ] GC(365)   Other: 0.3ms
[640.533s][info][gc,heap        ] GC(365) Eden regions: 1140->0(1209)
[640.533s][info][gc,heap        ] GC(365) Survivor regions: 0->19(19)
[640.533s][info][gc,heap        ] GC(365) Old regions: 71->187
[640.533s][info][gc,heap        ] GC(365) Archive regions: 0->0
[640.533s][info][gc,heap        ] GC(365) Humongous regions: 818->27
[640.533s][info][gc,metaspace   ] GC(365) Metaspace: 131446K(133248K)->131446K(133248K) NonClass: 115044K(115648K)->115044K(115648K) Class: 16401K(17600K)->16401K(17600K)
[640.533s][info][gc             ] GC(365) Pause Young (Normal) (G1 Preventive Collection) 2026M->230M(2048M) 7.140ms
[640.533s][info][gc,cpu         ] GC(365) User=0.09s Sys=0.00s Real=0.01s
[642.744s][info][gc,start       ] GC(366) Pause Young (Concurrent Start) (G1 Humongous Allocation)
[642.744s][info][gc,task        ] GC(366) Using 6 workers of 6 for evacuation
[642.749s][info][gc,phases      ] GC(366)   Pre Evacuate Collection Set: 0.2ms
[642.749s][info][gc,phases      ] GC(366)   Merge Heap Roots: 0.1ms
[642.749s][info][gc,phases      ] GC(366)   Evacuate Collection Set: 3.2ms
[642.749s][info][gc,phases      ] GC(366)   Post Evacuate Collection Set: 1.0ms
[642.749s][info][gc,phases      ] GC(366)   Other: 0.3ms
[642.749s][info][gc,heap        ] GC(366) Eden regions: 880->0(1209)
[642.749s][info][gc,heap        ] GC(366) Survivor regions: 19->19(154)
[642.749s][info][gc,heap        ] GC(366) Old regions: 187->187
[642.749s][info][gc,heap        ] GC(366) Archive regions: 0->0
[642.749s][info][gc,heap        ] GC(366) Humongous regions: 735->47
[642.749s][info][gc,metaspace   ] GC(366) Metaspace: 131450K(133248K)->131450K(133248K) NonClass: 115048K(115648K)->115048K(115648K) Class: 16401K(17600K)->16401K(17600K)
[642.749s][info][gc             ] GC(366) Pause Young (Concurrent Start) (G1 Humongous Allocation) 1817M->249M(2048M) 4.924ms
[642.749s][info][gc,cpu         ] GC(366) User=0.00s Sys=0.00s Real=0.01s
[642.749s][info][gc             ] GC(367) Concurrent Undo Cycle
[642.749s][info][gc,marking     ] GC(367) Concurrent Cleanup for Next Mark
[642.754s][info][gc,marking     ] GC(367) Concurrent Cleanup for Next Mark 4.082ms
[642.754s][info][gc             ] GC(367) Concurrent Undo Cycle 4.218ms
[646.422s][info][gc,start       ] GC(368) Pause Full (System.gc())
[646.422s][info][gc,task        ] GC(368) Using 6 workers of 6 for full compaction
[646.422s][info][gc,phases,start] GC(368) Phase 1: Mark live objects
[646.441s][info][gc,phases      ] GC(368) Phase 1: Mark live objects 18.932ms
[646.441s][info][gc,phases,start] GC(368) Phase 2: Prepare for compaction
[646.445s][info][gc,phases      ] GC(368) Phase 2: Prepare for compaction 3.661ms
[646.445s][info][gc,phases,start] GC(368) Phase 3: Adjust pointers
[646.460s][info][gc,phases      ] GC(368) Phase 3: Adjust pointers 15.672ms
[646.461s][info][gc,phases,start] GC(368) Phase 4: Compact heap
[646.463s][info][gc,phases      ] GC(368) Phase 4: Compact heap 2.293ms
[646.481s][info][gc,heap        ] GC(368) Eden regions: 906->0(1228)
[646.481s][info][gc,heap        ] GC(368) Survivor regions: 19->0(154)
[646.481s][info][gc,heap        ] GC(368) Old regions: 187->73
[646.481s][info][gc,heap        ] GC(368) Archive regions: 0->0
[646.481s][info][gc,heap        ] GC(368) Humongous regions: 426->7
[646.481s][info][gc,metaspace   ] GC(368) Metaspace: 131470K(133312K)->131470K(133312K) NonClass: 115069K(115712K)->115069K(115712K) Class: 16401K(17600K)->16401K(17600K)
[646.481s][info][gc             ] GC(368) Pause Full (System.gc()) 1534M->75M(2048M) 59.437ms
[646.481s][info][gc,cpu         ] GC(368) User=0.14s Sys=0.00s Real=0.06s
[647.018s][info][gc,start       ] GC(369) Pause Young (Normal) (G1 Preventive Collection)
[647.018s][info][gc,task        ] GC(369) Using 6 workers of 6 for evacuation
[647.026s][info][gc             ] GC(369) To-space exhausted
[647.026s][info][gc,phases      ] GC(369)   Pre Evacuate Collection Set: 0.2ms
[647.026s][info][gc,phases      ] GC(369)   Merge Heap Roots: 0.2ms
[647.026s][info][gc,phases      ] GC(369)   Evacuate Collection Set: 3.2ms
[647.026s][info][gc,phases      ] GC(369)   Post Evacuate Collection Set: 4.2ms
[647.026s][info][gc,phases      ] GC(369)   Other: 0.3ms
[647.026s][info][gc,heap        ] GC(369) Eden regions: 1138->0(1209)
[647.026s][info][gc,heap        ] GC(369) Survivor regions: 0->19(19)
[647.026s][info][gc,heap        ] GC(369) Old regions: 73->191
[647.026s][info][gc,heap        ] GC(369) Archive regions: 0->0
[647.026s][info][gc,heap        ] GC(369) Humongous regions: 818->27
[647.026s][info][gc,metaspace   ] GC(369) Metaspace: 131474K(133312K)->131474K(133312K) NonClass: 115072K(115712K)->115072K(115712K) Class: 16401K(17600K)->16401K(17600K)
[647.026s][info][gc             ] GC(369) Pause Young (Normal) (G1 Preventive Collection) 2024M->232M(2048M) 8.127ms
[647.026s][info][gc,cpu         ] GC(369) User=0.00s Sys=0.00s Real=0.01s
[649.197s][info][gc,start       ] GC(370) Pause Young (Concurrent Start) (G1 Humongous Allocation)
[649.197s][info][gc,task        ] GC(370) Using 6 workers of 6 for evacuation
[649.203s][info][gc,phases      ] GC(370)   Pre Evacuate Collection Set: 0.3ms
[649.203s][info][gc,phases      ] GC(370)   Merge Heap Roots: 0.2ms
[649.203s][info][gc,phases      ] GC(370)   Evacuate Collection Set: 3.4ms
[649.203s][info][gc,phases      ] GC(370)   Post Evacuate Collection Set: 1.1ms
[649.203s][info][gc,phases      ] GC(370)   Other: 0.3ms
[649.203s][info][gc,heap        ] GC(370) Eden regions: 881->0(1208)
[649.203s][info][gc,heap        ] GC(370) Survivor regions: 19->20(154)
[649.203s][info][gc,heap        ] GC(370) Old regions: 191->191
[649.203s][info][gc,heap        ] GC(370) Archive regions: 0->0
[649.203s][info][gc,heap        ] GC(370) Humongous regions: 731->47
[649.203s][info][gc,metaspace   ] GC(370) Metaspace: 131474K(133312K)->131474K(133312K) NonClass: 115072K(115712K)->115072K(115712K) Class: 16401K(17600K)->16401K(17600K)
[649.203s][info][gc             ] GC(370) Pause Young (Concurrent Start) (G1 Humongous Allocation) 1817M->253M(2048M) 5.271ms
[649.203s][info][gc,cpu         ] GC(370) User=0.00s Sys=0.00s Real=0.01s
[649.203s][info][gc             ] GC(371) Concurrent Undo Cycle
[649.203s][info][gc,marking     ] GC(371) Concurrent Cleanup for Next Mark
[649.207s][info][gc,marking     ] GC(371) Concurrent Cleanup for Next Mark 4.169ms
[649.207s][info][gc             ] GC(371) Concurrent Undo Cycle 4.331ms
[652.861s][info][gc,start       ] GC(372) Pause Full (System.gc())
[652.861s][info][gc,task        ] GC(372) Using 6 workers of 6 for full compaction
[652.861s][info][gc,phases,start] GC(372) Phase 1: Mark live objects
[652.881s][info][gc,phases      ] GC(372) Phase 1: Mark live objects 19.622ms
[652.881s][info][gc,phases,start] GC(372) Phase 2: Prepare for compaction
[652.884s][info][gc,phases      ] GC(372) Phase 2: Prepare for compaction 3.585ms
[652.884s][info][gc,phases,start] GC(372) Phase 3: Adjust pointers
[652.901s][info][gc,phases      ] GC(372) Phase 3: Adjust pointers 16.525ms
[652.901s][info][gc,phases,start] GC(372) Phase 4: Compact heap
[652.904s][info][gc,phases      ] GC(372) Phase 4: Compact heap 3.467ms
[652.923s][info][gc,heap        ] GC(372) Eden regions: 906->0(1228)
[652.923s][info][gc,heap        ] GC(372) Survivor regions: 20->0(154)
[652.923s][info][gc,heap        ] GC(372) Old regions: 191->71
[652.923s][info][gc,heap        ] GC(372) Archive regions: 0->0
[652.923s][info][gc,heap        ] GC(372) Humongous regions: 430->7
[652.923s][info][gc,metaspace   ] GC(372) Metaspace: 131476K(133312K)->131476K(133312K) NonClass: 115074K(115712K)->115074K(115712K) Class: 16401K(17600K)->16401K(17600K)
[652.923s][info][gc             ] GC(372) Pause Full (System.gc()) 1542M->75M(2048M) 62.347ms
[652.923s][info][gc,cpu         ] GC(372) User=0.17s Sys=0.02s Real=0.07s
[653.465s][info][gc,start       ] GC(373) Pause Young (Normal) (G1 Preventive Collection)
[653.465s][info][gc,task        ] GC(373) Using 6 workers of 6 for evacuation
[653.473s][info][gc             ] GC(373) To-space exhausted
[653.473s][info][gc,phases      ] GC(373)   Pre Evacuate Collection Set: 0.2ms
[653.473s][info][gc,phases      ] GC(373)   Merge Heap Roots: 0.2ms
[653.473s][info][gc,phases      ] GC(373)   Evacuate Collection Set: 3.3ms
[653.473s][info][gc,phases      ] GC(373)   Post Evacuate Collection Set: 4.1ms
[653.473s][info][gc,phases      ] GC(373)   Other: 0.4ms
[653.473s][info][gc,heap        ] GC(373) Eden regions: 1140->0(1209)
[653.473s][info][gc,heap        ] GC(373) Survivor regions: 0->19(19)
[653.473s][info][gc,heap        ] GC(373) Old regions: 71->181
[653.473s][info][gc,heap        ] GC(373) Archive regions: 0->0
[653.473s][info][gc,heap        ] GC(373) Humongous regions: 818->27
[653.473s][info][gc,metaspace   ] GC(373) Metaspace: 131476K(133312K)->131476K(133312K) NonClass: 115074K(115712K)->115074K(115712K) Class: 16401K(17600K)->16401K(17600K)
[653.473s][info][gc             ] GC(373) Pause Young (Normal) (G1 Preventive Collection) 2026M->224M(2048M) 8.164ms
[653.473s][info][gc,cpu         ] GC(373) User=0.02s Sys=0.00s Real=0.01s
[655.668s][info][gc,start       ] GC(374) Pause Young (Concurrent Start) (G1 Humongous Allocation)
[655.668s][info][gc,task        ] GC(374) Using 6 workers of 6 for evacuation
[655.673s][info][gc,phases      ] GC(374)   Pre Evacuate Collection Set: 0.2ms
[655.673s][info][gc,phases      ] GC(374)   Merge Heap Roots: 0.1ms
[655.673s][info][gc,phases      ] GC(374)   Evacuate Collection Set: 3.3ms
[655.673s][info][gc,phases      ] GC(374)   Post Evacuate Collection Set: 0.9ms
[655.673s][info][gc,phases      ] GC(374)   Other: 0.2ms
[655.673s][info][gc,heap        ] GC(374) Eden regions: 880->0(1208)
[655.673s][info][gc,heap        ] GC(374) Survivor regions: 19->20(154)
[655.673s][info][gc,heap        ] GC(374) Old regions: 181->181
[655.673s][info][gc,heap        ] GC(374) Archive regions: 0->0
[655.673s][info][gc,heap        ] GC(374) Humongous regions: 739->47
[655.673s][info][gc,metaspace   ] GC(374) Metaspace: 131476K(133312K)->131476K(133312K) NonClass: 115074K(115712K)->115074K(115712K) Class: 16401K(17600K)->16401K(17600K)
[655.673s][info][gc             ] GC(374) Pause Young (Concurrent Start) (G1 Humongous Allocation) 1816M->245M(2048M) 4.860ms
[655.673s][info][gc,cpu         ] GC(374) User=0.02s Sys=0.00s Real=0.00s
[655.673s][info][gc             ] GC(375) Concurrent Undo Cycle
[655.673s][info][gc,marking     ] GC(375) Concurrent Cleanup for Next Mark
[655.677s][info][gc,marking     ] GC(375) Concurrent Cleanup for Next Mark 4.425ms
[655.677s][info][gc             ] GC(375) Concurrent Undo Cycle 4.569ms
[659.334s][info][gc,start       ] GC(376) Pause Full (System.gc())
[659.334s][info][gc,task        ] GC(376) Using 6 workers of 6 for full compaction
[659.334s][info][gc,phases,start] GC(376) Phase 1: Mark live objects
[659.353s][info][gc,phases      ] GC(376) Phase 1: Mark live objects 18.816ms
[659.353s][info][gc,phases,start] GC(376) Phase 2: Prepare for compaction
[659.357s][info][gc,phases      ] GC(376) Phase 2: Prepare for compaction 3.423ms
[659.357s][info][gc,phases,start] GC(376) Phase 3: Adjust pointers
[659.372s][info][gc,phases      ] GC(376) Phase 3: Adjust pointers 15.512ms
[659.372s][info][gc,phases,start] GC(376) Phase 4: Compact heap
[659.375s][info][gc,phases      ] GC(376) Phase 4: Compact heap 2.442ms
[659.393s][info][gc,heap        ] GC(376) Eden regions: 905->0(1228)
[659.393s][info][gc,heap        ] GC(376) Survivor regions: 20->0(154)
[659.393s][info][gc,heap        ] GC(376) Old regions: 181->73
[659.393s][info][gc,heap        ] GC(376) Archive regions: 0->0
[659.393s][info][gc,heap        ] GC(376) Humongous regions: 422->7
[659.393s][info][gc,metaspace   ] GC(376) Metaspace: 131476K(133312K)->131476K(133312K) NonClass: 115074K(115712K)->115074K(115712K) Class: 16401K(17600K)->16401K(17600K)
[659.393s][info][gc             ] GC(376) Pause Full (System.gc()) 1524M->75M(2048M) 59.395ms
[659.393s][info][gc,cpu         ] GC(376) User=0.22s Sys=0.00s Real=0.06s
[659.931s][info][gc,start       ] GC(377) Pause Young (Normal) (G1 Preventive Collection)
[659.931s][info][gc,task        ] GC(377) Using 6 workers of 6 for evacuation
[659.938s][info][gc             ] GC(377) To-space exhausted
[659.939s][info][gc,phases      ] GC(377)   Pre Evacuate Collection Set: 0.2ms
[659.939s][info][gc,phases      ] GC(377)   Merge Heap Roots: 0.2ms
[659.939s][info][gc,phases      ] GC(377)   Evacuate Collection Set: 3.3ms
[659.939s][info][gc,phases      ] GC(377)   Post Evacuate Collection Set: 3.9ms
[659.939s][info][gc,phases      ] GC(377)   Other: 0.3ms
[659.939s][info][gc,heap        ] GC(377) Eden regions: 1138->0(1209)
[659.939s][info][gc,heap        ] GC(377) Survivor regions: 0->19(19)
[659.939s][info][gc,heap        ] GC(377) Old regions: 73->197
[659.939s][info][gc,heap        ] GC(377) Archive regions: 0->0
[659.939s][info][gc,heap        ] GC(377) Humongous regions: 818->32
[659.939s][info][gc,metaspace   ] GC(377) Metaspace: 131476K(133312K)->131476K(133312K) NonClass: 115074K(115712K)->115074K(115712K) Class: 16401K(17600K)->16401K(17600K)
[659.939s][info][gc             ] GC(377) Pause Young (Normal) (G1 Preventive Collection) 2024M->243M(2048M) 7.949ms
[659.939s][info][gc,cpu         ] GC(377) User=0.09s Sys=0.00s Real=0.01s
[662.040s][info][gc,start       ] GC(378) Pause Young (Concurrent Start) (G1 Humongous Allocation)
[662.040s][info][gc,task        ] GC(378) Using 6 workers of 6 for evacuation
[662.045s][info][gc,phases      ] GC(378)   Pre Evacuate Collection Set: 0.3ms
[662.046s][info][gc,phases      ] GC(378)   Merge Heap Roots: 0.1ms
[662.046s][info][gc,phases      ] GC(378)   Evacuate Collection Set: 3.2ms
[662.046s][info][gc,phases      ] GC(378)   Post Evacuate Collection Set: 1.1ms
[662.046s][info][gc,phases      ] GC(378)   Other: 0.3ms
[662.046s][info][gc,heap        ] GC(378) Eden regions: 865->0(1209)
[662.046s][info][gc,heap        ] GC(378) Survivor regions: 19->19(154)
[662.046s][info][gc,heap        ] GC(378) Old regions: 197->197
[662.046s][info][gc,heap        ] GC(378) Archive regions: 0->0
[662.046s][info][gc,heap        ] GC(378) Humongous regions: 724->47
[662.046s][info][gc,metaspace   ] GC(378) Metaspace: 131479K(133312K)->131479K(133312K) NonClass: 115077K(115712K)->115077K(115712K) Class: 16401K(17600K)->16401K(17600K)
[662.046s][info][gc             ] GC(378) Pause Young (Concurrent Start) (G1 Humongous Allocation) 1800M->258M(2048M) 5.149ms
[662.046s][info][gc,cpu         ] GC(378) User=0.00s Sys=0.00s Real=0.00s
[662.046s][info][gc             ] GC(379) Concurrent Undo Cycle
[662.046s][info][gc,marking     ] GC(379) Concurrent Cleanup for Next Mark
[662.050s][info][gc,marking     ] GC(379) Concurrent Cleanup for Next Mark 4.223ms
[662.050s][info][gc             ] GC(379) Concurrent Undo Cycle 4.396ms
[665.819s][info][gc,start       ] GC(380) Pause Full (System.gc())
[665.819s][info][gc,task        ] GC(380) Using 6 workers of 6 for full compaction
[665.820s][info][gc,phases,start] GC(380) Phase 1: Mark live objects
[665.842s][info][gc,phases      ] GC(380) Phase 1: Mark live objects 22.008ms
[665.842s][info][gc,phases,start] GC(380) Phase 2: Prepare for compaction
[665.846s][info][gc,phases      ] GC(380) Phase 2: Prepare for compaction 4.288ms
[665.846s][info][gc,phases,start] GC(380) Phase 3: Adjust pointers
[665.862s][info][gc,phases      ] GC(380) Phase 3: Adjust pointers 16.200ms
[665.862s][info][gc,phases,start] GC(380) Phase 4: Compact heap
[665.865s][info][gc,phases      ] GC(380) Phase 4: Compact heap 3.072ms
[665.884s][info][gc,heap        ] GC(380) Eden regions: 922->0(1228)
[665.884s][info][gc,heap        ] GC(380) Survivor regions: 19->0(154)
[665.884s][info][gc,heap        ] GC(380) Old regions: 197->72
[665.884s][info][gc,heap        ] GC(380) Archive regions: 0->0
[665.884s][info][gc,heap        ] GC(380) Humongous regions: 442->7
[665.884s][info][gc,metaspace   ] GC(380) Metaspace: 131479K(133312K)->131479K(133312K) NonClass: 115077K(115712K)->115077K(115712K) Class: 16401K(17600K)->16401K(17600K)
[665.884s][info][gc             ] GC(380) Pause Full (System.gc()) 1574M->75M(2048M) 65.395ms
[665.884s][info][gc,cpu         ] GC(380) User=0.20s Sys=0.00s Real=0.06s
[666.416s][info][gc,start       ] GC(381) Pause Young (Normal) (G1 Preventive Collection)
[666.416s][info][gc,task        ] GC(381) Using 6 workers of 6 for evacuation
[666.423s][info][gc             ] GC(381) To-space exhausted
[666.423s][info][gc,phases      ] GC(381)   Pre Evacuate Collection Set: 0.2ms
[666.423s][info][gc,phases      ] GC(381)   Merge Heap Roots: 0.2ms
[666.423s][info][gc,phases      ] GC(381)   Evacuate Collection Set: 3.2ms
[666.423s][info][gc,phases      ] GC(381)   Post Evacuate Collection Set: 2.9ms
[666.423s][info][gc,phases      ] GC(381)   Other: 0.3ms
[666.423s][info][gc,heap        ] GC(381) Eden regions: 1139->0(1209)
[666.423s][info][gc,heap        ] GC(381) Survivor regions: 0->19(19)
[666.423s][info][gc,heap        ] GC(381) Old regions: 72->155
[666.423s][info][gc,heap        ] GC(381) Archive regions: 0->0
[666.423s][info][gc,heap        ] GC(381) Humongous regions: 818->27
[666.423s][info][gc,metaspace   ] GC(381) Metaspace: 131479K(133312K)->131479K(133312K) NonClass: 115077K(115712K)->115077K(115712K) Class: 16401K(17600K)->16401K(17600K)
[666.423s][info][gc             ] GC(381) Pause Young (Normal) (G1 Preventive Collection) 2025M->197M(2048M) 6.866ms
[666.423s][info][gc,cpu         ] GC(381) User=0.03s Sys=0.00s Real=0.01s
[668.896s][info][gc,start       ] GC(382) Pause Young (Concurrent Start) (G1 Humongous Allocation)
[668.896s][info][gc,task        ] GC(382) Using 6 workers of 6 for evacuation
[668.901s][info][gc,phases      ] GC(382)   Pre Evacuate Collection Set: 0.2ms
[668.901s][info][gc,phases      ] GC(382)   Merge Heap Roots: 0.1ms
[668.901s][info][gc,phases      ] GC(382)   Evacuate Collection Set: 3.2ms
[668.901s][info][gc,phases      ] GC(382)   Post Evacuate Collection Set: 1.0ms
[668.901s][info][gc,phases      ] GC(382)   Other: 0.2ms
[668.901s][info][gc,heap        ] GC(382) Eden regions: 952->0(1208)
[668.901s][info][gc,heap        ] GC(382) Survivor regions: 19->20(154)
[668.901s][info][gc,heap        ] GC(382) Old regions: 155->155
[668.901s][info][gc,heap        ] GC(382) Archive regions: 0->0
[668.901s][info][gc,heap        ] GC(382) Humongous regions: 764->47
[668.901s][info][gc,metaspace   ] GC(382) Metaspace: 131479K(133312K)->131479K(133312K) NonClass: 115077K(115712K)->115077K(115712K) Class: 16401K(17600K)->16401K(17600K)
[668.901s][info][gc             ] GC(382) Pause Young (Concurrent Start) (G1 Humongous Allocation) 1886M->217M(2048M) 4.817ms
[668.901s][info][gc,cpu         ] GC(382) User=0.00s Sys=0.00s Real=0.00s
[668.901s][info][gc             ] GC(383) Concurrent Undo Cycle
[668.901s][info][gc,marking     ] GC(383) Concurrent Cleanup for Next Mark
[668.906s][info][gc,marking     ] GC(383) Concurrent Cleanup for Next Mark 4.340ms
[668.906s][info][gc             ] GC(383) Concurrent Undo Cycle 4.501ms
[672.592s][info][gc,heap,exit   ] Heap
[672.592s][info][gc,heap,exit   ]  garbage-first heap   total 2097152K, used 1452221K [0x0000000080000000, 0x0000000100000000)
[672.593s][info][gc,heap,exit   ]   region size 1024K, 871 young (891904K), 20 survivors (20480K)
[672.593s][info][gc,heap,exit   ]  Metaspace       used 131907K, committed 133568K, reserved 1179648K
[672.593s][info][gc,heap,exit   ]   class space    used 16494K, committed 17600K, reserved 1048576K
