[0.005s][info][gc] Min heap equals to max heap, disabling ShenandoahUncommit
[0.009s][info][gc] Heuristics ergonomically sets -XX:+ExplicitGCInvokesConcurrent
[0.009s][info][gc] Heuristics ergonomically sets -XX:+ShenandoahImplicitGCInvokesConcurrent
[0.009s][info][gc] Using Shenandoah
[0.017s][info][gc,ergo] Pacer for Idle. Initial: 83886K, Alloc Tax Rate: 1.0x
[0.017s][info][gc,init] Version: 17.0.12+7-adhoc..jdk17u (release)
[0.017s][info][gc,init] CPUs: 6 total, 6 available
[0.017s][info][gc,init] Memory: 15591M
[0.017s][info][gc,init] Large Page Support: Disabled
[0.017s][info][gc,init] NUMA Support: Disabled
[0.017s][info][gc,init] Compressed Oops: Enabled (Zero based)
[0.020s][info][gc,init] Heap Min Capacity: 4G
[0.020s][info][gc,init] Heap Initial Capacity: 4G
[0.020s][info][gc,init] Heap Max Capacity: 4G
[0.020s][info][gc,init] Pre-touch: Disabled
[0.020s][info][gc,init] Mode: Snapshot-At-The-Beginning (SATB)
[0.020s][info][gc,init] Heuristics: Adaptive
[0.020s][info][gc,init] Heap Region Count: 2048
[0.020s][info][gc,init] Heap Region Size: 2M
[0.020s][info][gc,init] TLAB Size Max: 2M
[0.020s][info][gc,init] Humongous Object Threshold: 2M
[0.020s][info][gc,init] Parallel Workers: 3
[0.020s][info][gc,init] Concurrent Workers: 1
[0.026s][info][gc,metaspace] CDS archive(s) mapped at: [0x0000019c9f000000-0x0000019c9fbc0000-0x0000019c9fbc0000), size 12320768, SharedBaseAddress: 0x0000019c9f000000, ArchiveRelocationMode: 1.
[0.026s][info][gc,metaspace] Compressed class space mapped at: 0x0000019ca0000000-0x0000019ce0000000, reserved size: 1073741824
[0.026s][info][gc,metaspace] Narrow klass base: 0x0000019c9f000000, Narrow klass shift: 0, Narrow klass range: 0x100000000
[2.284s][info][gc          ] Trigger: Explicit GC request (System.gc())
[2.284s][info][gc,ergo     ] Free: 3148M, Max: 2048K regular, 3148M humongous, Frag: 0% external, 0% internal; Reserve: 206M, Max: 2048K
[2.284s][info][gc,start    ] GC(0) Concurrent reset
[2.284s][info][gc,task     ] GC(0) Using 1 of 3 workers for concurrent reset
[2.284s][info][gc,ergo     ] GC(0) Pacer for Reset. Non-Taxable: 4096M
[2.284s][info][gc          ] GC(0) Concurrent reset 0.353ms
[2.285s][info][gc,start    ] GC(0) Pause Init Mark (unload classes)
[2.285s][info][gc,task     ] GC(0) Using 3 of 3 workers for init marking
[2.285s][info][gc,ref      ] GC(0) Clearing All SoftReferences
[2.285s][info][gc,ergo     ] GC(0) Pacer for Mark. Expected Live: 409M, Free: 3148M, Non-Taxable: 314M, Alloc Tax Rate: 0.2x
[2.285s][info][gc          ] GC(0) Pause Init Mark (unload classes) 0.259ms
[2.285s][info][gc,start    ] GC(0) Concurrent marking roots
[2.285s][info][gc,task     ] GC(0) Using 1 of 3 workers for concurrent marking roots
[2.286s][info][gc          ] GC(0) Concurrent marking roots 0.823ms
[2.286s][info][gc,start    ] GC(0) Concurrent marking (unload classes)
[2.286s][info][gc,task     ] GC(0) Using 1 of 3 workers for concurrent marking
[2.324s][info][gc          ] GC(0) Concurrent marking (unload classes) 38.090ms
[2.324s][info][gc,start    ] GC(0) Pause Final Mark (unload classes)
[2.324s][info][gc,task     ] GC(0) Using 3 of 3 workers for final marking
[2.324s][info][gc,ergo     ] GC(0) Adaptive CSet Selection. Target Free: 580M, Actual Free: 3458M, Max CSet: 170M, Min Garbage: 0B
[2.324s][info][gc,ergo     ] GC(0) Collectable Garbage: 720M (100%), Immediate: 104M (14%), CSet: 616M (85%)
[2.324s][info][gc,ergo     ] GC(0) Pacer for Evacuation. Used CSet: 638M, Free: 3252M, Non-Taxable: 325M, Alloc Tax Rate: 1.1x
[2.324s][info][gc          ] GC(0) Pause Final Mark (unload classes) 0.428ms
[2.324s][info][gc,start    ] GC(0) Concurrent thread roots
[2.324s][info][gc,task     ] GC(0) Using 1 of 3 workers for Concurrent thread roots
[2.325s][info][gc          ] GC(0) Concurrent thread roots 0.368ms
[2.325s][info][gc,start    ] GC(0) Concurrent weak references
[2.325s][info][gc,task     ] GC(0) Using 1 of 3 workers for concurrent weak references
[2.325s][info][gc,ref      ] GC(0) Encountered references: Soft: 3383, Weak: 4472, Final: 26, Phantom: 200
[2.325s][info][gc,ref      ] GC(0) Discovered  references: Soft: 353, Weak: 521, Final: 21, Phantom: 176
[2.325s][info][gc,ref      ] GC(0) Enqueued    references: Soft: 293, Weak: 147, Final: 20, Phantom: 111
[2.325s][info][gc          ] GC(0) Concurrent weak references 0.392ms
[2.325s][info][gc,start    ] GC(0) Concurrent weak roots
[2.325s][info][gc,task     ] GC(0) Using 1 of 3 workers for concurrent weak root
[2.328s][info][gc          ] GC(0) Concurrent weak roots 2.964ms
[2.328s][info][gc,start    ] GC(0) Concurrent cleanup
[2.328s][info][gc          ] GC(0) Concurrent cleanup 745M->641M(4096M) 0.030ms
[2.328s][info][gc,ergo     ] GC(0) Free: 3250M, Max: 2048K regular, 3146M humongous, Frag: 4% external, 0% internal; Reserve: 204M, Max: 2048K
[2.328s][info][gc,start    ] GC(0) Concurrent class unloading
[2.328s][info][gc,task     ] GC(0) Using 1 of 3 workers for concurrent class unloading
[2.335s][info][gc          ] GC(0) Concurrent class unloading 6.333ms
[2.335s][info][gc,start    ] GC(0) Concurrent strong roots
[2.335s][info][gc,task     ] GC(0) Using 1 of 3 workers for concurrent strong root
[2.336s][info][gc          ] GC(0) Concurrent strong roots 0.859ms
[2.336s][info][gc,start    ] GC(0) Concurrent evacuation
[2.336s][info][gc,task     ] GC(0) Using 1 of 3 workers for concurrent evacuation
[2.359s][info][gc          ] GC(0) Concurrent evacuation 23.200ms
[2.359s][info][gc,start    ] GC(0) Pause Init Update Refs
[2.359s][info][gc,ergo     ] GC(0) Pacer for Update Refs. Used: 663M, Free: 3250M, Non-Taxable: 325M, Alloc Tax Rate: 1.1x
[2.359s][info][gc          ] GC(0) Pause Init Update Refs 0.061ms
[2.359s][info][gc,start    ] GC(0) Concurrent update references
[2.359s][info][gc,task     ] GC(0) Using 1 of 3 workers for concurrent reference update
[2.378s][info][gc          ] GC(0) Concurrent update references 19.027ms
[2.378s][info][gc,start    ] GC(0) Concurrent update thread roots
[2.379s][info][gc          ] GC(0) Concurrent update thread roots 0.659ms
[2.379s][info][gc,start    ] GC(0) Pause Final Update Refs
[2.379s][info][gc,task     ] GC(0) Using 3 of 3 workers for final reference update
[2.379s][info][gc          ] GC(0) Pause Final Update Refs 0.178ms
[2.379s][info][gc,start    ] GC(0) Concurrent cleanup
[2.379s][info][gc          ] GC(0) Concurrent cleanup 663M->25M(4096M) 0.049ms
[2.379s][info][gc,ergo     ] Free: 3864M, Max: 2048K regular, 3122M humongous, Frag: 20% external, 0% internal; Reserve: 206M, Max: 2048K
[2.379s][info][gc,stats    ] 
[2.379s][info][gc,stats    ] All times are wall-clock times, except per-root-class counters, that are sum over
[2.379s][info][gc,stats    ] all workers. Dividing the <total> over the root stage time estimates parallelism.
[2.379s][info][gc,stats    ] 
[2.379s][info][gc,stats    ] Concurrent Reset                    387 us
[2.379s][info][gc,stats    ] Pause Init Mark (G)                 368 us
[2.379s][info][gc,stats    ] Pause Init Mark (N)                 267 us
[2.379s][info][gc,stats    ]   Update Region States               42 us
[2.379s][info][gc,stats    ] Concurrent Mark Roots               842 us, parallelism: 0.84x
[2.379s][info][gc,stats    ]   CMR: <total>                      706 us
[2.379s][info][gc,stats    ]   CMR: Thread Roots                 391 us, workers (us): 391, ---, ---, 
[2.379s][info][gc,stats    ]   CMR: VM Strong Roots               60 us, workers (us):  60, ---, ---, 
[2.379s][info][gc,stats    ]   CMR: CLDG Roots                   255 us, workers (us): 255, ---, ---, 
[2.379s][info][gc,stats    ] Concurrent Marking                38162 us
[2.379s][info][gc,stats    ] Pause Final Mark (G)                520 us
[2.379s][info][gc,stats    ] Pause Final Mark (N)                446 us
[2.379s][info][gc,stats    ]   Finish Mark                        97 us
[2.379s][info][gc,stats    ]   Update Region States               84 us
[2.379s][info][gc,stats    ]   Choose Collection Set             152 us
[2.379s][info][gc,stats    ]   Rebuild Free Set                   16 us
[2.379s][info][gc,stats    ] Concurrent Thread Roots             387 us, parallelism: 0.70x
[2.379s][info][gc,stats    ]   CTR: <total>                      269 us
[2.379s][info][gc,stats    ]   CTR: Thread Roots                 269 us, workers (us): 269, ---, ---, 
[2.379s][info][gc,stats    ] Concurrent Weak References          400 us, parallelism: 0.52x
[2.379s][info][gc,stats    ]   CWRF: <total>                     209 us
[2.379s][info][gc,stats    ]   CWRF: Weak References             209 us, workers (us): 209, ---, ---, 
[2.379s][info][gc,stats    ] Concurrent Weak Roots              3010 us
[2.379s][info][gc,stats    ]   Roots                            2657 us, parallelism: 0.97x
[2.379s][info][gc,stats    ]     CWR: <total>                   2569 us
[2.379s][info][gc,stats    ]     CWR: Code Cache Roots           778 us, workers (us): 778, ---, ---, 
[2.379s][info][gc,stats    ]     CWR: VM Weak Roots             1783 us, workers (us): 1783, ---, ---, 
[2.379s][info][gc,stats    ]     CWR: CLDG Roots                   9 us, workers (us):   9, ---, ---, 
[2.379s][info][gc,stats    ]   Rendezvous                        289 us
[2.379s][info][gc,stats    ] Concurrent Cleanup                   39 us
[2.379s][info][gc,stats    ] Concurrent Class Unloading         6403 us
[2.379s][info][gc,stats    ]   Unlink Stale                     5866 us
[2.380s][info][gc,stats    ]     System Dictionary               146 us
[2.380s][info][gc,stats    ]     Weak Class Links               2060 us
[2.380s][info][gc,stats    ]     Code Roots                     3658 us
[2.380s][info][gc,stats    ]   Rendezvous                        146 us
[2.380s][info][gc,stats    ]   Purge Unlinked                    300 us
[2.380s][info][gc,stats    ]     Code Roots                      192 us
[2.380s][info][gc,stats    ]     CLDG                            108 us
[2.380s][info][gc,stats    ]     Exception Caches                  0 us
[2.380s][info][gc,stats    ] Concurrent Strong Roots             908 us, parallelism: 0.80x
[2.380s][info][gc,stats    ]   CSR: <total>                      726 us
[2.380s][info][gc,stats    ]   CSR: VM Strong Roots               36 us, workers (us):  36, ---, ---, 
[2.380s][info][gc,stats    ]   CSR: CLDG Roots                   690 us, workers (us): 690, ---, ---, 
[2.380s][info][gc,stats    ] Concurrent Evacuation             23272 us
[2.380s][info][gc,stats    ] Pause Init Update Refs (G)          186 us
[2.380s][info][gc,stats    ] Pause Init Update Refs (N)           69 us
[2.380s][info][gc,stats    ]   Manage GCLABs                       4 us
[2.380s][info][gc,stats    ] Concurrent Update Refs            19105 us
[2.380s][info][gc,stats    ] Concurrent Update Thread Roots      678 us
[2.380s][info][gc,stats    ] Pause Final Update Refs (G)         268 us
[2.380s][info][gc,stats    ] Pause Final Update Refs (N)         201 us
[2.380s][info][gc,stats    ]   Update Region States               62 us
[2.380s][info][gc,stats    ]   Trash Collection Set                9 us
[2.380s][info][gc,stats    ]   Rebuild Free Set                   18 us
[2.380s][info][gc,stats    ] Concurrent Cleanup                   60 us
[2.380s][info][gc,stats    ] 
[2.380s][info][gc,stats    ] Allocation pacing accrued:
[2.380s][info][gc,stats    ]       0 of  2363 ms (  0.0%): <total>
[2.380s][info][gc,stats    ]       0 of  2363 ms (  0.0%): <average total>
[2.380s][info][gc,stats    ] 
[2.380s][info][gc,metaspace] Metaspace: 17990K(18304K)->17986K(18432K) NonClass: 14108K(14272K)->14109K(14400K) Class: 3882K(4032K)->3876K(4032K)
[2.380s][info][gc,ergo     ] Pacer for Idle. Initial: 83886K, Alloc Tax Rate: 1.0x
[3.892s][info][gc          ] Trigger: Metadata GC Threshold
[3.892s][info][gc,ergo     ] Free: 3582M, Max: 2048K regular, 3122M humongous, Frag: 13% external, 0% internal; Reserve: 206M, Max: 2048K
[3.892s][info][gc,start    ] GC(1) Concurrent reset
[3.892s][info][gc,task     ] GC(1) Using 1 of 3 workers for concurrent reset
[3.892s][info][gc,ergo     ] GC(1) Pacer for Reset. Non-Taxable: 4096M
[3.895s][info][gc          ] GC(1) Concurrent reset 2.775ms
[3.895s][info][gc,start    ] GC(1) Pause Init Mark (unload classes)
[3.895s][info][gc,task     ] GC(1) Using 3 of 3 workers for init marking
[3.895s][info][gc,ergo     ] GC(1) Pacer for Mark. Expected Live: 21689K, Free: 3582M, Non-Taxable: 358M, Alloc Tax Rate: 0.0x
[3.895s][info][gc          ] GC(1) Pause Init Mark (unload classes) 0.113ms
[3.895s][info][gc,start    ] GC(1) Concurrent marking roots
[3.895s][info][gc,task     ] GC(1) Using 1 of 3 workers for concurrent marking roots
[3.898s][info][gc          ] GC(1) Concurrent marking roots 2.353ms
[3.898s][info][gc,start    ] GC(1) Concurrent marking (unload classes)
[3.898s][info][gc,task     ] GC(1) Using 1 of 3 workers for concurrent marking
[3.930s][info][gc          ] GC(1) Concurrent marking (unload classes) 32.212ms
[3.930s][info][gc,start    ] GC(1) Pause Final Mark (unload classes)
[3.930s][info][gc,task     ] GC(1) Using 3 of 3 workers for final marking
[3.930s][info][gc,ergo     ] GC(1) Adaptive CSet Selection. Target Free: 580M, Actual Free: 3934M, Max CSet: 170M, Min Garbage: 0B
[3.930s][info][gc,ergo     ] GC(1) Collectable Garbage: 281M (99%), Immediate: 150M (53%), CSet: 131M (46%)
[3.930s][info][gc,ergo     ] GC(1) Pacer for Evacuation. Used CSet: 137M, Free: 3728M, Non-Taxable: 372M, Alloc Tax Rate: 1.1x
[3.930s][info][gc          ] GC(1) Pause Final Mark (unload classes) 0.205ms
[3.930s][info][gc,start    ] GC(1) Concurrent thread roots
[3.930s][info][gc,task     ] GC(1) Using 1 of 3 workers for Concurrent thread roots
[3.933s][info][gc          ] GC(1) Concurrent thread roots 2.498ms
[3.933s][info][gc,start    ] GC(1) Concurrent weak references
[3.933s][info][gc,task     ] GC(1) Using 1 of 3 workers for concurrent weak references
[3.933s][info][gc,ref      ] GC(1) Encountered references: Soft: 3399, Weak: 7128, Final: 19, Phantom: 92
[3.934s][info][gc,ref      ] GC(1) Discovered  references: Soft: 0, Weak: 5392, Final: 13, Phantom: 40
[3.934s][info][gc,ref      ] GC(1) Enqueued    references: Soft: 0, Weak: 17, Final: 13, Phantom: 5
[3.934s][info][gc          ] GC(1) Concurrent weak references 0.627ms
[3.934s][info][gc,start    ] GC(1) Concurrent weak roots
[3.934s][info][gc,task     ] GC(1) Using 1 of 3 workers for concurrent weak root
[3.936s][info][gc          ] GC(1) Concurrent weak roots 2.095ms
[3.936s][info][gc,start    ] GC(1) Concurrent cleanup
[3.936s][info][gc          ] GC(1) Concurrent cleanup 314M->164M(4096M) 0.047ms
[3.936s][info][gc,ergo     ] GC(1) Free: 3726M, Max: 2048K regular, 3122M humongous, Frag: 17% external, 0% internal; Reserve: 205M, Max: 2048K
[3.936s][info][gc,start    ] GC(1) Concurrent class unloading
[3.936s][info][gc,task     ] GC(1) Using 1 of 3 workers for concurrent class unloading
[3.947s][info][gc          ] GC(1) Concurrent class unloading 11.422ms
[3.947s][info][gc,start    ] GC(1) Concurrent strong roots
[3.947s][info][gc,task     ] GC(1) Using 1 of 3 workers for concurrent strong root
[3.948s][info][gc          ] GC(1) Concurrent strong roots 0.582ms
[3.948s][info][gc,start    ] GC(1) Concurrent evacuation
[3.948s][info][gc,task     ] GC(1) Using 1 of 3 workers for concurrent evacuation
[3.953s][info][gc          ] GC(1) Concurrent evacuation 4.744ms
[3.953s][info][gc,start    ] GC(1) Pause Init Update Refs
[3.953s][info][gc,ergo     ] GC(1) Pacer for Update Refs. Used: 171M, Free: 3726M, Non-Taxable: 372M, Alloc Tax Rate: 1.1x
[3.953s][info][gc          ] GC(1) Pause Init Update Refs 0.047ms
[3.953s][info][gc,start    ] GC(1) Concurrent update references
[3.953s][info][gc,task     ] GC(1) Using 1 of 3 workers for concurrent reference update
[3.968s][info][gc          ] GC(1) Concurrent update references 14.984ms
[3.968s][info][gc,start    ] GC(1) Concurrent update thread roots
[3.971s][info][gc          ] GC(1) Concurrent update thread roots 2.555ms
[3.971s][info][gc,start    ] GC(1) Pause Final Update Refs
[3.971s][info][gc,task     ] GC(1) Using 3 of 3 workers for final reference update
[3.971s][info][gc          ] GC(1) Pause Final Update Refs 0.211ms
[3.971s][info][gc,start    ] GC(1) Concurrent cleanup
[3.971s][info][gc          ] GC(1) Concurrent cleanup 173M->35M(4096M) 0.061ms
[3.971s][info][gc,ergo     ] Free: 3854M, Max: 2048K regular, 3574M humongous, Frag: 8% external, 0% internal; Reserve: 206M, Max: 2048K
[3.971s][info][gc,stats    ] 
[3.971s][info][gc,stats    ] All times are wall-clock times, except per-root-class counters, that are sum over
[3.971s][info][gc,stats    ] all workers. Dividing the <total> over the root stage time estimates parallelism.
[3.971s][info][gc,stats    ] 
[3.971s][info][gc,stats    ] Concurrent Reset                   2838 us
[3.971s][info][gc,stats    ] Pause Init Mark (G)                 581 us
[3.971s][info][gc,stats    ] Pause Init Mark (N)                 122 us
[3.971s][info][gc,stats    ]   Update Region States               50 us
[3.971s][info][gc,stats    ] Concurrent Mark Roots              2381 us, parallelism: 0.96x
[3.971s][info][gc,stats    ]   CMR: <total>                     2276 us
[3.971s][info][gc,stats    ]   CMR: Thread Roots                2198 us, workers (us): 2198, ---, ---, 
[3.971s][info][gc,stats    ]   CMR: VM Strong Roots               15 us, workers (us):  15, ---, ---, 
[3.971s][info][gc,stats    ]   CMR: CLDG Roots                    62 us, workers (us):  62, ---, ---, 
[3.972s][info][gc,stats    ] Concurrent Marking                32313 us
[3.972s][info][gc,stats    ] Pause Final Mark (G)                366 us
[3.972s][info][gc,stats    ] Pause Final Mark (N)                213 us
[3.972s][info][gc,stats    ]   Finish Mark                        43 us
[3.972s][info][gc,stats    ]   Update Region States               33 us
[3.972s][info][gc,stats    ]   Choose Collection Set              78 us
[3.972s][info][gc,stats    ]   Rebuild Free Set                    8 us
[3.972s][info][gc,stats    ] Concurrent Thread Roots            2540 us, parallelism: 0.95x
[3.972s][info][gc,stats    ]   CTR: <total>                     2420 us
[3.972s][info][gc,stats    ]   CTR: Thread Roots                2420 us, workers (us): 2420, ---, ---, 
[3.972s][info][gc,stats    ] Concurrent Weak References          644 us, parallelism: 0.71x
[3.972s][info][gc,stats    ]   CWRF: <total>                     458 us
[3.972s][info][gc,stats    ]   CWRF: Weak References             458 us, workers (us): 458, ---, ---, 
[3.972s][info][gc,stats    ] Concurrent Weak Roots              2160 us
[3.972s][info][gc,stats    ]   Roots                            1971 us, parallelism: 0.97x
[3.972s][info][gc,stats    ]     CWR: <total>                   1903 us
[3.972s][info][gc,stats    ]     CWR: Code Cache Roots          1044 us, workers (us): 1044, ---, ---, 
[3.972s][info][gc,stats    ]     CWR: VM Weak Roots              846 us, workers (us): 846, ---, ---, 
[3.972s][info][gc,stats    ]     CWR: CLDG Roots                  13 us, workers (us):  13, ---, ---, 
[3.972s][info][gc,stats    ]   Rendezvous                         87 us
[3.972s][info][gc,stats    ] Concurrent Cleanup                   66 us
[3.972s][info][gc,stats    ] Concurrent Class Unloading        11475 us
[3.972s][info][gc,stats    ]   Unlink Stale                    11038 us
[3.972s][info][gc,stats    ]     System Dictionary               161 us
[3.972s][info][gc,stats    ]     Weak Class Links               4363 us
[3.972s][info][gc,stats    ]     Code Roots                     6511 us
[3.972s][info][gc,stats    ]   Rendezvous                         72 us
[3.972s][info][gc,stats    ]   Purge Unlinked                    275 us
[3.972s][info][gc,stats    ]     Code Roots                      232 us
[3.972s][info][gc,stats    ]     CLDG                             43 us
[3.972s][info][gc,stats    ]     Exception Caches                  0 us
[3.972s][info][gc,stats    ] Concurrent Strong Roots             625 us, parallelism: 0.81x
[3.972s][info][gc,stats    ]   CSR: <total>                      509 us
[3.972s][info][gc,stats    ]   CSR: VM Strong Roots                4 us, workers (us):   4, ---, ---, 
[3.972s][info][gc,stats    ]   CSR: CLDG Roots                   505 us, workers (us): 505, ---, ---, 
[3.972s][info][gc,stats    ] Concurrent Evacuation              4816 us
[3.972s][info][gc,stats    ] Pause Init Update Refs (G)          402 us
[3.972s][info][gc,stats    ] Pause Init Update Refs (N)           56 us
[3.972s][info][gc,stats    ]   Manage GCLABs                       3 us
[3.972s][info][gc,stats    ] Concurrent Update Refs            15035 us
[3.972s][info][gc,stats    ] Concurrent Update Thread Roots     2617 us
[3.972s][info][gc,stats    ] Pause Final Update Refs (G)         316 us
[3.972s][info][gc,stats    ] Pause Final Update Refs (N)         236 us
[3.972s][info][gc,stats    ]   Update Region States               53 us
[3.972s][info][gc,stats    ]   Trash Collection Set                5 us
[3.972s][info][gc,stats    ]   Rebuild Free Set                   20 us
[3.972s][info][gc,stats    ] Concurrent Cleanup                   82 us
[3.972s][info][gc,stats    ] 
[3.972s][info][gc,stats    ] Allocation pacing accrued:
[3.972s][info][gc,stats    ]       0 of  1592 ms (  0.0%): <total>
[3.972s][info][gc,stats    ]       0 of  1592 ms (  0.0%): <average total>
[3.972s][info][gc,stats    ] 
[3.972s][info][gc,metaspace] Metaspace: 30488K(31040K)->31575K(32064K) NonClass: 24395K(24768K)->25311K(25664K) Class: 6092K(6272K)->6264K(6400K)
[3.972s][info][gc,ergo     ] Pacer for Idle. Initial: 83886K, Alloc Tax Rate: 1.0x
[6.171s][info][gc          ] Trigger: Learning 3 of 5. Free (2858M) is below initial threshold (2867M)
[6.171s][info][gc,ergo     ] Free: 2858M, Max: 2048K regular, 2858M humongous, Frag: 0% external, 0% internal; Reserve: 206M, Max: 2048K
[6.171s][info][gc,start    ] GC(2) Concurrent reset
[6.171s][info][gc,task     ] GC(2) Using 1 of 3 workers for concurrent reset
[6.171s][info][gc,ergo     ] GC(2) Pacer for Reset. Non-Taxable: 4096M
[6.172s][info][gc          ] GC(2) Concurrent reset 0.855ms
[6.172s][info][gc,start    ] GC(2) Pause Init Mark (unload classes)
[6.172s][info][gc,task     ] GC(2) Using 3 of 3 workers for init marking
[6.172s][info][gc,ergo     ] GC(2) Pacer for Mark. Expected Live: 23734K, Free: 2858M, Non-Taxable: 285M, Alloc Tax Rate: 0.0x
[6.172s][info][gc          ] GC(2) Pause Init Mark (unload classes) 0.122ms
[6.172s][info][gc,start    ] GC(2) Concurrent marking roots
[6.172s][info][gc,task     ] GC(2) Using 1 of 3 workers for concurrent marking roots
[6.174s][info][gc          ] GC(2) Concurrent marking roots 2.161ms
[6.174s][info][gc,start    ] GC(2) Concurrent marking (unload classes)
[6.174s][info][gc,task     ] GC(2) Using 1 of 3 workers for concurrent marking
[6.206s][info][gc          ] GC(2) Concurrent marking (unload classes) 31.365ms
[6.206s][info][gc,start    ] GC(2) Pause Final Mark (unload classes)
[6.206s][info][gc,task     ] GC(2) Using 3 of 3 workers for final marking
[6.206s][info][gc,ergo     ] GC(2) Collectable Garbage: 916M (91%), Immediate: 916M (91%), CSet: 0B (0%)
[6.206s][info][gc          ] GC(2) Pause Final Mark (unload classes) 0.241ms
[6.206s][info][gc,start    ] GC(2) Concurrent weak references
[6.206s][info][gc,task     ] GC(2) Using 1 of 3 workers for concurrent weak references
[6.206s][info][gc,ref      ] GC(2) Encountered references: Soft: 3532, Weak: 7496, Final: 38, Phantom: 108
[6.206s][info][gc,ref      ] GC(2) Discovered  references: Soft: 0, Weak: 846, Final: 8, Phantom: 80
[6.206s][info][gc,ref      ] GC(2) Enqueued    references: Soft: 0, Weak: 29, Final: 7, Phantom: 20
[6.206s][info][gc          ] GC(2) Concurrent weak references 0.162ms
[6.206s][info][gc,start    ] GC(2) Concurrent weak roots
[6.206s][info][gc,task     ] GC(2) Using 1 of 3 workers for concurrent weak root
[6.208s][info][gc          ] GC(2) Concurrent weak roots 1.674ms
[6.208s][info][gc,start    ] GC(2) Concurrent cleanup
[6.208s][info][gc          ] GC(2) Concurrent cleanup 1050M->134M(4096M) 0.048ms
[6.208s][info][gc,ergo     ] GC(2) Free: 3756M, Max: 2048K regular, 2840M humongous, Frag: 25% external, 0% internal; Reserve: 206M, Max: 2048K
[6.208s][info][gc,start    ] GC(2) Concurrent class unloading
[6.208s][info][gc,task     ] GC(2) Using 1 of 3 workers for concurrent class unloading
[6.227s][info][gc          ] GC(2) Concurrent class unloading 19.188ms
[6.228s][info][gc,start    ] GC(2) Pause Final Roots
[6.228s][info][gc          ] GC(2) Pause Final Roots 0.040ms
[6.228s][info][gc,ergo     ] Free: 3746M, Max: 2048K regular, 2840M humongous, Frag: 25% external, 0% internal; Reserve: 206M, Max: 2048K
[6.228s][info][gc,stats    ] 
[6.228s][info][gc,stats    ] All times are wall-clock times, except per-root-class counters, that are sum over
[6.228s][info][gc,stats    ] all workers. Dividing the <total> over the root stage time estimates parallelism.
[6.228s][info][gc,stats    ] 
[6.228s][info][gc,stats    ] Concurrent Reset                    928 us
[6.228s][info][gc,stats    ] Pause Init Mark (G)                 299 us
[6.228s][info][gc,stats    ] Pause Init Mark (N)                 131 us
[6.228s][info][gc,stats    ]   Update Region States               49 us
[6.228s][info][gc,stats    ] Concurrent Mark Roots              2202 us, parallelism: 0.93x
[6.228s][info][gc,stats    ]   CMR: <total>                     2050 us
[6.228s][info][gc,stats    ]   CMR: Thread Roots                1966 us, workers (us): 1966, ---, ---, 
[6.228s][info][gc,stats    ]   CMR: VM Strong Roots               23 us, workers (us):  23, ---, ---, 
[6.228s][info][gc,stats    ]   CMR: CLDG Roots                    61 us, workers (us):  61, ---, ---, 
[6.228s][info][gc,stats    ] Concurrent Marking                31415 us
[6.228s][info][gc,stats    ] Pause Final Mark (G)                389 us
[6.228s][info][gc,stats    ] Pause Final Mark (N)                252 us
[6.228s][info][gc,stats    ]   Finish Mark                        58 us
[6.228s][info][gc,stats    ]   Update Region States               51 us
[6.228s][info][gc,stats    ]   Choose Collection Set              58 us
[6.228s][info][gc,stats    ]   Rebuild Free Set                    8 us
[6.228s][info][gc,stats    ] Concurrent Weak References          170 us, parallelism: 0.29x
[6.228s][info][gc,stats    ]   CWRF: <total>                      49 us
[6.228s][info][gc,stats    ]   CWRF: Weak References              49 us, workers (us):  49, ---, ---, 
[6.228s][info][gc,stats    ] Concurrent Weak Roots              1724 us
[6.228s][info][gc,stats    ]   Roots                            1587 us, parallelism: 0.95x
[6.228s][info][gc,stats    ]     CWR: <total>                   1503 us
[6.228s][info][gc,stats    ]     CWR: Code Cache Roots          1157 us, workers (us): 1157, ---, ---, 
[6.228s][info][gc,stats    ]     CWR: VM Weak Roots              334 us, workers (us): 334, ---, ---, 
[6.228s][info][gc,stats    ]     CWR: CLDG Roots                  12 us, workers (us):  12, ---, ---, 
[6.228s][info][gc,stats    ]   Rendezvous                         68 us
[6.228s][info][gc,stats    ] Concurrent Cleanup                   66 us
[6.228s][info][gc,stats    ] Concurrent Class Unloading        19248 us
[6.228s][info][gc,stats    ]   Unlink Stale                    18776 us
[6.228s][info][gc,stats    ]     System Dictionary               149 us
[6.228s][info][gc,stats    ]     Weak Class Links               4833 us
[6.228s][info][gc,stats    ]     Code Roots                    13792 us
[6.228s][info][gc,stats    ]   Rendezvous                         64 us
[6.228s][info][gc,stats    ]   Purge Unlinked                    308 us
[6.228s][info][gc,stats    ]     Code Roots                      271 us
[6.228s][info][gc,stats    ]     CLDG                             37 us
[6.228s][info][gc,stats    ]     Exception Caches                  0 us
[6.228s][info][gc,stats    ] Pause Final Roots (G)               254 us
[6.228s][info][gc,stats    ] Pause Final Roots (N)                49 us
[6.228s][info][gc,stats    ] 
[6.228s][info][gc,stats    ] Allocation pacing accrued:
[6.228s][info][gc,stats    ]       0 of  2256 ms (  0.0%): <total>
[6.228s][info][gc,stats    ]       0 of  2256 ms (  0.0%): <average total>
[6.228s][info][gc,stats    ] 
[6.228s][info][gc,metaspace] Metaspace: 33161K(33728K)->33150K(33728K) NonClass: 26710K(27136K)->26701K(27136K) Class: 6450K(6592K)->6449K(6592K)
[6.228s][info][gc,ergo     ] Pacer for Idle. Initial: 83886K, Alloc Tax Rate: 1.0x
[8.824s][info][gc          ] Trigger: Learning 4 of 5. Free (2866M) is below initial threshold (2867M)
[8.824s][info][gc,ergo     ] Free: 2866M, Max: 2048K regular, 2840M humongous, Frag: 1% external, 0% internal; Reserve: 206M, Max: 2048K
[8.824s][info][gc,start    ] GC(3) Concurrent reset
[8.824s][info][gc,task     ] GC(3) Using 1 of 3 workers for concurrent reset
[8.824s][info][gc,ergo     ] GC(3) Pacer for Reset. Non-Taxable: 4096M
[8.825s][info][gc          ] GC(3) Concurrent reset 1.217ms
[8.825s][info][gc,start    ] GC(3) Pause Init Mark (unload classes)
[8.825s][info][gc,task     ] GC(3) Using 3 of 3 workers for init marking
[8.825s][info][gc,ergo     ] GC(3) Pacer for Mark. Expected Live: 24883K, Free: 2864M, Non-Taxable: 286M, Alloc Tax Rate: 0.0x
[8.825s][info][gc          ] GC(3) Pause Init Mark (unload classes) 0.210ms
[8.825s][info][gc,start    ] GC(3) Concurrent marking roots
[8.826s][info][gc,task     ] GC(3) Using 1 of 3 workers for concurrent marking roots
[8.827s][info][gc          ] GC(3) Concurrent marking roots 1.351ms
[8.827s][info][gc,start    ] GC(3) Concurrent marking (unload classes)
[8.827s][info][gc,task     ] GC(3) Using 1 of 3 workers for concurrent marking
[8.894s][info][gc          ] GC(3) Concurrent marking (unload classes) 67.312ms
[8.894s][info][gc,start    ] GC(3) Pause Final Mark (unload classes)
[8.894s][info][gc,task     ] GC(3) Using 3 of 3 workers for final marking
[8.895s][info][gc,ergo     ] GC(3) Adaptive CSet Selection. Target Free: 580M, Actual Free: 3726M, Max CSet: 170M, Min Garbage: 0B
[8.895s][info][gc,ergo     ] GC(3) Collectable Garbage: 980M (99%), Immediate: 678M (69%), CSet: 302M (30%)
[8.895s][info][gc,ergo     ] GC(3) Pacer for Evacuation. Used CSet: 322M, Free: 3520M, Non-Taxable: 352M, Alloc Tax Rate: 1.1x
[8.895s][info][gc          ] GC(3) Pause Final Mark (unload classes) 0.289ms
[8.895s][info][gc,start    ] GC(3) Concurrent thread roots
[8.895s][info][gc,task     ] GC(3) Using 1 of 3 workers for Concurrent thread roots
[8.897s][info][gc          ] GC(3) Concurrent thread roots 1.883ms
[8.897s][info][gc,start    ] GC(3) Concurrent weak references
[8.897s][info][gc,task     ] GC(3) Using 1 of 3 workers for concurrent weak references
[8.900s][info][gc,ref      ] GC(3) Encountered references: Soft: 3553, Weak: 7558, Final: 25031, Phantom: 91
[8.900s][info][gc,ref      ] GC(3) Discovered  references: Soft: 0, Weak: 868, Final: 25001, Phantom: 56
[8.900s][info][gc,ref      ] GC(3) Enqueued    references: Soft: 0, Weak: 1, Final: 25000, Phantom: 1
[8.900s][info][gc          ] GC(3) Concurrent weak references 3.176ms
[8.900s][info][gc,start    ] GC(3) Concurrent weak roots
[8.900s][info][gc,task     ] GC(3) Using 1 of 3 workers for concurrent weak root
[8.903s][info][gc          ] GC(3) Concurrent weak roots 2.827ms
[8.903s][info][gc,start    ] GC(3) Concurrent cleanup
[8.903s][info][gc          ] GC(3) Concurrent cleanup 1051M->373M(4096M) 0.041ms
[8.903s][info][gc,ergo     ] GC(3) Free: 3518M, Max: 2048K regular, 2848M humongous, Frag: 20% external, 0% internal; Reserve: 204M, Max: 2048K
[8.903s][info][gc,start    ] GC(3) Concurrent class unloading
[8.903s][info][gc,task     ] GC(3) Using 1 of 3 workers for concurrent class unloading
[8.910s][info][gc          ] GC(3) Concurrent class unloading 7.306ms
[8.910s][info][gc,start    ] GC(3) Concurrent strong roots
[8.910s][info][gc,task     ] GC(3) Using 1 of 3 workers for concurrent strong root
[8.910s][info][gc          ] GC(3) Concurrent strong roots 0.232ms
[8.910s][info][gc,start    ] GC(3) Concurrent evacuation
[8.910s][info][gc,task     ] GC(3) Using 1 of 3 workers for concurrent evacuation
[8.932s][info][gc          ] GC(3) Concurrent evacuation 22.152ms
[8.933s][info][gc,start    ] GC(3) Pause Init Update Refs
[8.933s][info][gc,ergo     ] GC(3) Pacer for Update Refs. Used: 395M, Free: 3516M, Non-Taxable: 351M, Alloc Tax Rate: 1.1x
[8.933s][info][gc          ] GC(3) Pause Init Update Refs 0.066ms
[8.933s][info][gc,start    ] GC(3) Concurrent update references
[8.933s][info][gc,task     ] GC(3) Using 1 of 3 workers for concurrent reference update
[8.975s][info][gc          ] GC(3) Concurrent update references 41.938ms
[8.975s][info][gc,start    ] GC(3) Concurrent update thread roots
[8.976s][info][gc          ] GC(3) Concurrent update thread roots 1.027ms
[8.976s][info][gc,start    ] GC(3) Pause Final Update Refs
[8.976s][info][gc,task     ] GC(3) Using 3 of 3 workers for final reference update
[8.976s][info][gc          ] GC(3) Pause Final Update Refs 0.188ms
[8.976s][info][gc,start    ] GC(3) Concurrent cleanup
[8.976s][info][gc          ] GC(3) Concurrent cleanup 395M->73M(4096M) 0.037ms
[8.976s][info][gc,ergo     ] Free: 3816M, Max: 2048K regular, 2840M humongous, Frag: 26% external, 0% internal; Reserve: 206M, Max: 2048K
[8.976s][info][gc,stats    ] 
[8.976s][info][gc,stats    ] All times are wall-clock times, except per-root-class counters, that are sum over
[8.976s][info][gc,stats    ] all workers. Dividing the <total> over the root stage time estimates parallelism.
[8.976s][info][gc,stats    ] 
[8.976s][info][gc,stats    ] Concurrent Reset                   1265 us
[8.976s][info][gc,stats    ] Pause Init Mark (G)                 456 us
[8.976s][info][gc,stats    ] Pause Init Mark (N)                 219 us
[8.976s][info][gc,stats    ]   Update Region States              106 us
[8.976s][info][gc,stats    ] Concurrent Mark Roots              1371 us, parallelism: 0.85x
[8.976s][info][gc,stats    ]   CMR: <total>                     1163 us
[8.976s][info][gc,stats    ]   CMR: Thread Roots                1042 us, workers (us): 1042, ---, ---, 
[8.976s][info][gc,stats    ]   CMR: VM Strong Roots                9 us, workers (us):   9, ---, ---, 
[8.976s][info][gc,stats    ]   CMR: CLDG Roots                   113 us, workers (us): 113, ---, ---, 
[8.976s][info][gc,stats    ] Concurrent Marking                67394 us
[8.976s][info][gc,stats    ] Pause Final Mark (G)                378 us
[8.976s][info][gc,stats    ] Pause Final Mark (N)                298 us
[8.976s][info][gc,stats    ]   Finish Mark                        88 us
[8.976s][info][gc,stats    ]   Update Region States               54 us
[8.976s][info][gc,stats    ]   Choose Collection Set              63 us
[8.976s][info][gc,stats    ]   Rebuild Free Set                    8 us
[8.976s][info][gc,stats    ] Concurrent Thread Roots            1922 us, parallelism: 0.91x
[8.976s][info][gc,stats    ]   CTR: <total>                     1746 us
[8.976s][info][gc,stats    ]   CTR: Thread Roots                1746 us, workers (us): 1746, ---, ---, 
[8.976s][info][gc,stats    ] Concurrent Weak References         3194 us, parallelism: 0.89x
[8.976s][info][gc,stats    ]   CWRF: <total>                    2858 us
[8.976s][info][gc,stats    ]   CWRF: Weak References            2858 us, workers (us): 2858, ---, ---, 
[8.976s][info][gc,stats    ] Concurrent Weak Roots              2879 us
[8.976s][info][gc,stats    ]   Roots                            2746 us, parallelism: 0.83x
[8.976s][info][gc,stats    ]     CWR: <total>                   2289 us
[8.977s][info][gc,stats    ]     CWR: Code Cache Roots          1454 us, workers (us): 1454, ---, ---, 
[8.977s][info][gc,stats    ]     CWR: VM Weak Roots              819 us, workers (us): 819, ---, ---, 
[8.977s][info][gc,stats    ]     CWR: CLDG Roots                  15 us, workers (us):  15, ---, ---, 
[8.977s][info][gc,stats    ]   Rendezvous                         44 us
[8.977s][info][gc,stats    ] Concurrent Cleanup                   50 us
[8.977s][info][gc,stats    ] Concurrent Class Unloading         7355 us
[8.977s][info][gc,stats    ]   Unlink Stale                     6924 us
[8.977s][info][gc,stats    ]     System Dictionary                13 us
[8.977s][info][gc,stats    ]     Weak Class Links                  0 us
[8.977s][info][gc,stats    ]     Code Roots                     6910 us
[8.977s][info][gc,stats    ]   Rendezvous                         76 us
[8.977s][info][gc,stats    ]   Purge Unlinked                    284 us
[8.977s][info][gc,stats    ]     Code Roots                      277 us
[8.977s][info][gc,stats    ]     CLDG                              7 us
[8.977s][info][gc,stats    ]     Exception Caches                  0 us
[8.977s][info][gc,stats    ] Concurrent Strong Roots             251 us, parallelism: 0.62x
[8.977s][info][gc,stats    ]   CSR: <total>                      156 us
[8.977s][info][gc,stats    ]   CSR: VM Strong Roots                4 us, workers (us):   4, ---, ---, 
[8.977s][info][gc,stats    ]   CSR: CLDG Roots                   151 us, workers (us): 151, ---, ---, 
[8.977s][info][gc,stats    ] Concurrent Evacuation             22242 us
[8.977s][info][gc,stats    ] Pause Init Update Refs (G)          299 us
[8.977s][info][gc,stats    ] Pause Init Update Refs (N)           75 us
[8.977s][info][gc,stats    ]   Manage GCLABs                       3 us
[8.977s][info][gc,stats    ] Concurrent Update Refs            42002 us
[8.977s][info][gc,stats    ] Concurrent Update Thread Roots     1046 us
[8.977s][info][gc,stats    ] Pause Final Update Refs (G)         308 us
[8.977s][info][gc,stats    ] Pause Final Update Refs (N)         227 us
[8.977s][info][gc,stats    ]   Update Region States               93 us
[8.977s][info][gc,stats    ]   Trash Collection Set                9 us
[8.977s][info][gc,stats    ]   Rebuild Free Set                   22 us
[8.977s][info][gc,stats    ] Concurrent Cleanup                   46 us
[8.977s][info][gc,stats    ] 
[8.977s][info][gc,stats    ] Allocation pacing accrued:
[8.977s][info][gc,stats    ]       0 of  2749 ms (  0.0%): <total>
[8.977s][info][gc,stats    ]       0 of  2749 ms (  0.0%): <average total>
[8.977s][info][gc,stats    ] 
[8.977s][info][gc,metaspace] Metaspace: 34197K(34816K)->34225K(34816K) NonClass: 27678K(28096K)->27705K(28096K) Class: 6519K(6720K)->6519K(6720K)
[8.977s][info][gc,ergo     ] Pacer for Idle. Initial: 83886K, Alloc Tax Rate: 1.0x
[10.427s][info][gc          ] Trigger: Learning 5 of 5. Free (2862M) is below initial threshold (2867M)
[10.427s][info][gc,ergo     ] Free: 2862M, Max: 2048K regular, 2840M humongous, Frag: 1% external, 0% internal; Reserve: 206M, Max: 2048K
[10.427s][info][gc,start    ] GC(4) Concurrent reset
[10.427s][info][gc,task     ] GC(4) Using 1 of 3 workers for concurrent reset
[10.427s][info][gc,ergo     ] GC(4) Pacer for Reset. Non-Taxable: 4096M
[10.429s][info][gc          ] GC(4) Concurrent reset 1.782ms
[10.429s][info][gc,start    ] GC(4) Pause Init Mark (unload classes)
[10.429s][info][gc,task     ] GC(4) Using 3 of 3 workers for init marking
[10.429s][info][gc,ergo     ] GC(4) Pacer for Mark. Expected Live: 29851K, Free: 2860M, Non-Taxable: 286M, Alloc Tax Rate: 0.0x
[10.429s][info][gc          ] GC(4) Pause Init Mark (unload classes) 0.176ms
[10.430s][info][gc,start    ] GC(4) Concurrent marking roots
[10.430s][info][gc,task     ] GC(4) Using 1 of 3 workers for concurrent marking roots
[10.430s][info][gc          ] GC(4) Concurrent marking roots 0.944ms
[10.431s][info][gc,start    ] GC(4) Concurrent marking (unload classes)
[10.431s][info][gc,task     ] GC(4) Using 1 of 3 workers for concurrent marking
[10.461s][info][gc          ] GC(4) Concurrent marking (unload classes) 30.477ms
[10.461s][info][gc,start    ] GC(4) Pause Final Mark (unload classes)
[10.461s][info][gc,task     ] GC(4) Using 3 of 3 workers for final marking
[10.461s][info][gc,ergo     ] GC(4) Collectable Garbage: 946M (94%), Immediate: 946M (94%), CSet: 0B (0%)
[10.461s][info][gc          ] GC(4) Pause Final Mark (unload classes) 0.199ms
[10.461s][info][gc,start    ] GC(4) Concurrent weak references
[10.461s][info][gc,task     ] GC(4) Using 1 of 3 workers for concurrent weak references
[10.462s][info][gc,ref      ] GC(4) Encountered references: Soft: 3553, Weak: 7572, Final: 31, Phantom: 90
[10.462s][info][gc,ref      ] GC(4) Discovered  references: Soft: 0, Weak: 1735, Final: 1, Phantom: 58
[10.462s][info][gc,ref      ] GC(4) Enqueued    references: Soft: 0, Weak: 7, Final: 0, Phantom: 0
[10.462s][info][gc          ] GC(4) Concurrent weak references 0.210ms
[10.462s][info][gc,start    ] GC(4) Concurrent weak roots
[10.462s][info][gc,task     ] GC(4) Using 1 of 3 workers for concurrent weak root
[10.464s][info][gc          ] GC(4) Concurrent weak roots 2.295ms
[10.464s][info][gc,start    ] GC(4) Concurrent cleanup
[10.464s][info][gc          ] GC(4) Concurrent cleanup 1047M->101M(4096M) 0.079ms
[10.464s][info][gc,ergo     ] GC(4) Free: 3788M, Max: 2048K regular, 2846M humongous, Frag: 25% external, 0% internal; Reserve: 206M, Max: 2048K
[10.464s][info][gc,start    ] GC(4) Concurrent class unloading
[10.464s][info][gc,task     ] GC(4) Using 1 of 3 workers for concurrent class unloading
[10.471s][info][gc          ] GC(4) Concurrent class unloading 6.586ms
[10.471s][info][gc,start    ] GC(4) Pause Final Roots
[10.471s][info][gc          ] GC(4) Pause Final Roots 0.025ms
[10.471s][info][gc,ergo     ] Free: 3786M, Max: 2048K regular, 2846M humongous, Frag: 25% external, 0% internal; Reserve: 206M, Max: 2048K
[10.471s][info][gc,stats    ] 
[10.471s][info][gc,stats    ] All times are wall-clock times, except per-root-class counters, that are sum over
[10.471s][info][gc,stats    ] all workers. Dividing the <total> over the root stage time estimates parallelism.
[10.471s][info][gc,stats    ] 
[10.471s][info][gc,stats    ] Concurrent Reset                   1854 us
[10.471s][info][gc,stats    ] Pause Init Mark (G)                 356 us
[10.471s][info][gc,stats    ] Pause Init Mark (N)                 185 us
[10.471s][info][gc,stats    ]   Update Region States               70 us
[10.471s][info][gc,stats    ] Concurrent Mark Roots               966 us, parallelism: 0.84x
[10.471s][info][gc,stats    ]   CMR: <total>                      811 us
[10.471s][info][gc,stats    ]   CMR: Thread Roots                 757 us, workers (us): 757, ---, ---, 
[10.471s][info][gc,stats    ]   CMR: VM Strong Roots                4 us, workers (us):   4, ---, ---, 
[10.471s][info][gc,stats    ]   CMR: CLDG Roots                    50 us, workers (us):  50, ---, ---, 
[10.471s][info][gc,stats    ] Concurrent Marking                30542 us
[10.471s][info][gc,stats    ] Pause Final Mark (G)                312 us
[10.471s][info][gc,stats    ] Pause Final Mark (N)                208 us
[10.471s][info][gc,stats    ]   Finish Mark                        77 us
[10.471s][info][gc,stats    ]   Update Region States               31 us
[10.471s][info][gc,stats    ]   Choose Collection Set              35 us
[10.471s][info][gc,stats    ]   Rebuild Free Set                    7 us
[10.471s][info][gc,stats    ] Concurrent Weak References          218 us, parallelism: 0.35x
[10.471s][info][gc,stats    ]   CWRF: <total>                      77 us
[10.471s][info][gc,stats    ]   CWRF: Weak References              77 us, workers (us):  77, ---, ---, 
[10.471s][info][gc,stats    ] Concurrent Weak Roots              2358 us
[10.471s][info][gc,stats    ]   Roots                            2225 us, parallelism: 0.95x
[10.471s][info][gc,stats    ]     CWR: <total>                   2112 us
[10.471s][info][gc,stats    ]     CWR: Code Cache Roots          1503 us, workers (us): 1503, ---, ---, 
[10.471s][info][gc,stats    ]     CWR: VM Weak Roots              596 us, workers (us): 596, ---, ---, 
[10.471s][info][gc,stats    ]     CWR: CLDG Roots                  14 us, workers (us):  14, ---, ---, 
[10.471s][info][gc,stats    ]   Rendezvous                         49 us
[10.471s][info][gc,stats    ] Concurrent Cleanup                   98 us
[10.471s][info][gc,stats    ] Concurrent Class Unloading         6653 us
[10.471s][info][gc,stats    ]   Unlink Stale                     6165 us
[10.471s][info][gc,stats    ]     System Dictionary                16 us
[10.471s][info][gc,stats    ]     Weak Class Links                  0 us
[10.471s][info][gc,stats    ]     Code Roots                     6146 us
[10.471s][info][gc,stats    ]   Rendezvous                         52 us
[10.471s][info][gc,stats    ]   Purge Unlinked                    329 us
[10.471s][info][gc,stats    ]     Code Roots                      316 us
[10.471s][info][gc,stats    ]     CLDG                             13 us
[10.471s][info][gc,stats    ]     Exception Caches                  0 us
[10.471s][info][gc,stats    ] Pause Final Roots (G)               144 us
[10.471s][info][gc,stats    ] Pause Final Roots (N)                41 us
[10.471s][info][gc,stats    ] 
[10.471s][info][gc,stats    ] Allocation pacing accrued:
[10.472s][info][gc,stats    ]       0 of  1494 ms (  0.0%): <total>
[10.472s][info][gc,stats    ]       0 of  1494 ms (  0.0%): <average total>
[10.472s][info][gc,stats    ] 
[10.472s][info][gc,metaspace] Metaspace: 34225K(34816K)->34225K(34816K) NonClass: 27705K(28096K)->27705K(28096K) Class: 6519K(6720K)->6519K(6720K)
[10.472s][info][gc,ergo     ] Pacer for Idle. Initial: 83886K, Alloc Tax Rate: 1.0x
[12.328s][info][gc          ] Trigger: Explicit GC request (System.gc())
[12.328s][info][gc,ergo     ] Free: 3036M, Max: 2048K regular, 2846M humongous, Frag: 7% external, 0% internal; Reserve: 206M, Max: 2048K
[12.328s][info][gc,start    ] GC(5) Concurrent reset
[12.328s][info][gc,task     ] GC(5) Using 1 of 3 workers for concurrent reset
[12.328s][info][gc,ergo     ] GC(5) Pacer for Reset. Non-Taxable: 4096M
[12.329s][info][gc          ] GC(5) Concurrent reset 1.263ms
[12.329s][info][gc,start    ] GC(5) Pause Init Mark (unload classes)
[12.329s][info][gc,task     ] GC(5) Using 3 of 3 workers for init marking
[12.330s][info][gc,ref      ] GC(5) Clearing All SoftReferences
[12.330s][info][gc,ergo     ] GC(5) Pacer for Mark. Expected Live: 29396K, Free: 3036M, Non-Taxable: 303M, Alloc Tax Rate: 0.0x
[12.330s][info][gc          ] GC(5) Pause Init Mark (unload classes) 0.206ms
[12.330s][info][gc,start    ] GC(5) Concurrent marking roots
[12.330s][info][gc,task     ] GC(5) Using 1 of 3 workers for concurrent marking roots
[12.330s][info][gc          ] GC(5) Concurrent marking roots 0.534ms
[12.330s][info][gc,start    ] GC(5) Concurrent marking (unload classes)
[12.330s][info][gc,task     ] GC(5) Using 1 of 3 workers for concurrent marking
[12.396s][info][gc          ] GC(5) Concurrent marking (unload classes) 65.315ms
[12.396s][info][gc,start    ] GC(5) Pause Final Mark (unload classes)
[12.396s][info][gc,task     ] GC(5) Using 3 of 3 workers for final marking
[12.396s][info][gc,ergo     ] GC(5) Adaptive CSet Selection. Target Free: 580M, Actual Free: 3804M, Max CSet: 170M, Min Garbage: 0B
[12.396s][info][gc,ergo     ] GC(5) Collectable Garbage: 808M (99%), Immediate: 562M (69%), CSet: 246M (30%)
[12.396s][info][gc,ergo     ] GC(5) Pacer for Evacuation. Used CSet: 265M, Free: 3598M, Non-Taxable: 359M, Alloc Tax Rate: 1.1x
[12.396s][info][gc          ] GC(5) Pause Final Mark (unload classes) 0.481ms
[12.396s][info][gc,start    ] GC(5) Concurrent thread roots
[12.396s][info][gc,task     ] GC(5) Using 1 of 3 workers for Concurrent thread roots
[12.397s][info][gc          ] GC(5) Concurrent thread roots 0.286ms
[12.397s][info][gc,start    ] GC(5) Concurrent weak references
[12.397s][info][gc,task     ] GC(5) Using 1 of 3 workers for concurrent weak references
[12.400s][info][gc,ref      ] GC(5) Encountered references: Soft: 3553, Weak: 7561, Final: 25031, Phantom: 88
[12.400s][info][gc,ref      ] GC(5) Discovered  references: Soft: 526, Weak: 633, Final: 25001, Phantom: 53
[12.400s][info][gc,ref      ] GC(5) Enqueued    references: Soft: 462, Weak: 0, Final: 25000, Phantom: 0
[12.400s][info][gc          ] GC(5) Concurrent weak references 3.152ms
[12.400s][info][gc,start    ] GC(5) Concurrent weak roots
[12.400s][info][gc,task     ] GC(5) Using 1 of 3 workers for concurrent weak root
[12.402s][info][gc          ] GC(5) Concurrent weak roots 2.541ms
[12.402s][info][gc,start    ] GC(5) Concurrent cleanup
[12.402s][info][gc          ] GC(5) Concurrent cleanup 857M->295M(4096M) 0.064ms
[12.402s][info][gc,ergo     ] GC(5) Free: 3596M, Max: 2048K regular, 2846M humongous, Frag: 21% external, 0% internal; Reserve: 204M, Max: 2048K
[12.402s][info][gc,start    ] GC(5) Concurrent class unloading
[12.402s][info][gc,task     ] GC(5) Using 1 of 3 workers for concurrent class unloading
[12.415s][info][gc          ] GC(5) Concurrent class unloading 12.826ms
[12.415s][info][gc,start    ] GC(5) Concurrent strong roots
[12.415s][info][gc,task     ] GC(5) Using 1 of 3 workers for concurrent strong root
[12.416s][info][gc          ] GC(5) Concurrent strong roots 0.202ms
[12.416s][info][gc,start    ] GC(5) Concurrent evacuation
[12.416s][info][gc,task     ] GC(5) Using 1 of 3 workers for concurrent evacuation
[12.435s][info][gc          ] GC(5) Concurrent evacuation 19.808ms
[12.436s][info][gc,start    ] GC(5) Pause Init Update Refs
[12.436s][info][gc,ergo     ] GC(5) Pacer for Update Refs. Used: 315M, Free: 3596M, Non-Taxable: 359M, Alloc Tax Rate: 1.1x
[12.436s][info][gc          ] GC(5) Pause Init Update Refs 0.107ms
[12.436s][info][gc,start    ] GC(5) Concurrent update references
[12.436s][info][gc,task     ] GC(5) Using 1 of 3 workers for concurrent reference update
[12.471s][info][gc          ] GC(5) Concurrent update references 35.271ms
[12.471s][info][gc,start    ] GC(5) Concurrent update thread roots
[12.472s][info][gc          ] GC(5) Concurrent update thread roots 0.652ms
[12.472s][info][gc,start    ] GC(5) Pause Final Update Refs
[12.472s][info][gc,task     ] GC(5) Using 3 of 3 workers for final reference update
[12.472s][info][gc          ] GC(5) Pause Final Update Refs 0.212ms
[12.472s][info][gc,start    ] GC(5) Concurrent cleanup
[12.472s][info][gc          ] GC(5) Concurrent cleanup 315M->49M(4096M) 0.062ms
[12.472s][info][gc,ergo     ] Free: 3840M, Max: 2048K regular, 3068M humongous, Frag: 21% external, 0% internal; Reserve: 206M, Max: 2048K
[12.472s][info][gc,stats    ] 
[12.472s][info][gc,stats    ] All times are wall-clock times, except per-root-class counters, that are sum over
[12.472s][info][gc,stats    ] all workers. Dividing the <total> over the root stage time estimates parallelism.
[12.472s][info][gc,stats    ] 
[12.472s][info][gc,stats    ] Concurrent Reset                   1337 us
[12.472s][info][gc,stats    ] Pause Init Mark (G)                 381 us
[12.472s][info][gc,stats    ] Pause Init Mark (N)                 224 us
[12.472s][info][gc,stats    ]   Update Region States               80 us
[12.472s][info][gc,stats    ] Concurrent Mark Roots               554 us, parallelism: 0.70x
[12.472s][info][gc,stats    ]   CMR: <total>                      389 us
[12.472s][info][gc,stats    ]   CMR: Thread Roots                 297 us, workers (us): 297, ---, ---, 
[12.472s][info][gc,stats    ]   CMR: VM Strong Roots                7 us, workers (us):   7, ---, ---, 
[12.472s][info][gc,stats    ]   CMR: CLDG Roots                    85 us, workers (us):  85, ---, ---, 
[12.472s][info][gc,stats    ] Concurrent Marking                65386 us
[12.472s][info][gc,stats    ] Pause Final Mark (G)                609 us
[12.472s][info][gc,stats    ] Pause Final Mark (N)                503 us
[12.472s][info][gc,stats    ]   Finish Mark                       141 us
[12.472s][info][gc,stats    ]   Update Region States               78 us
[12.472s][info][gc,stats    ]   Choose Collection Set             130 us
[12.472s][info][gc,stats    ]   Rebuild Free Set                   23 us
[12.472s][info][gc,stats    ] Concurrent Thread Roots             304 us, parallelism: 0.72x
[12.472s][info][gc,stats    ]   CTR: <total>                      218 us
[12.473s][info][gc,stats    ]   CTR: Thread Roots                 218 us, workers (us): 218, ---, ---, 
[12.473s][info][gc,stats    ] Concurrent Weak References         3170 us, parallelism: 0.93x
[12.473s][info][gc,stats    ]   CWRF: <total>                    2944 us
[12.473s][info][gc,stats    ]   CWRF: Weak References            2944 us, workers (us): 2944, ---, ---, 
[12.473s][info][gc,stats    ] Concurrent Weak Roots              2617 us
[12.473s][info][gc,stats    ]   Roots                            2392 us, parallelism: 0.95x
[12.473s][info][gc,stats    ]     CWR: <total>                   2264 us
[12.473s][info][gc,stats    ]     CWR: Code Cache Roots          1517 us, workers (us): 1517, ---, ---, 
[12.473s][info][gc,stats    ]     CWR: VM Weak Roots              732 us, workers (us): 732, ---, ---, 
[12.473s][info][gc,stats    ]     CWR: CLDG Roots                  15 us, workers (us):  15, ---, ---, 
[12.473s][info][gc,stats    ]   Rendezvous                         99 us
[12.473s][info][gc,stats    ] Concurrent Cleanup                   82 us
[12.473s][info][gc,stats    ] Concurrent Class Unloading        12892 us
[12.473s][info][gc,stats    ]   Unlink Stale                    12339 us
[12.473s][info][gc,stats    ]     System Dictionary               167 us
[12.473s][info][gc,stats    ]     Weak Class Links               4584 us
[12.473s][info][gc,stats    ]     Code Roots                     7586 us
[12.473s][info][gc,stats    ]   Rendezvous                        123 us
[12.473s][info][gc,stats    ]   Purge Unlinked                    327 us
[12.473s][info][gc,stats    ]     Code Roots                      299 us
[12.473s][info][gc,stats    ]     CLDG                             28 us
[12.473s][info][gc,stats    ]     Exception Caches                  0 us
[12.473s][info][gc,stats    ] Concurrent Strong Roots             241 us, parallelism: 0.36x
[12.473s][info][gc,stats    ]   CSR: <total>                       86 us
[12.473s][info][gc,stats    ]   CSR: VM Strong Roots                4 us, workers (us):   4, ---, ---, 
[12.473s][info][gc,stats    ]   CSR: CLDG Roots                    83 us, workers (us):  83, ---, ---, 
[12.473s][info][gc,stats    ] Concurrent Evacuation             19879 us
[12.473s][info][gc,stats    ] Pause Init Update Refs (G)          345 us
[12.473s][info][gc,stats    ] Pause Init Update Refs (N)          128 us
[12.473s][info][gc,stats    ]   Manage GCLABs                       5 us
[12.473s][info][gc,stats    ] Concurrent Update Refs            35341 us
[12.473s][info][gc,stats    ] Concurrent Update Thread Roots      691 us
[12.473s][info][gc,stats    ] Pause Final Update Refs (G)         368 us
[12.473s][info][gc,stats    ] Pause Final Update Refs (N)         239 us
[12.473s][info][gc,stats    ]   Update Region States               76 us
[12.473s][info][gc,stats    ]   Trash Collection Set               11 us
[12.473s][info][gc,stats    ]   Rebuild Free Set                   27 us
[12.473s][info][gc,stats    ] Concurrent Cleanup                   73 us
[12.473s][info][gc,stats    ] 
[12.473s][info][gc,stats    ] Allocation pacing accrued:
[12.473s][info][gc,stats    ]       0 of  2001 ms (  0.0%): <total>
[12.473s][info][gc,stats    ]       0 of  2001 ms (  0.0%): <average total>
[12.473s][info][gc,stats    ] 
[12.473s][info][gc,metaspace] Metaspace: 34320K(34880K)->34316K(34880K) NonClass: 27794K(28160K)->27791K(28160K) Class: 6526K(6720K)->6525K(6720K)
[12.473s][info][gc,ergo     ] Pacer for Idle. Initial: 83886K, Alloc Tax Rate: 1.0x
[14.188s][info][gc          ] Trigger: Learning 2 of 5. Free (2856M) is below initial threshold (2867M)
[14.188s][info][gc,ergo     ] Free: 2856M, Max: 2048K regular, 2856M humongous, Frag: 0% external, 0% internal; Reserve: 206M, Max: 2048K
[14.188s][info][gc,start    ] GC(6) Concurrent reset
[14.188s][info][gc,task     ] GC(6) Using 1 of 3 workers for concurrent reset
[14.188s][info][gc,ergo     ] GC(6) Pacer for Reset. Non-Taxable: 4096M
[14.190s][info][gc          ] GC(6) Concurrent reset 1.364ms
[14.190s][info][gc,start    ] GC(6) Pause Init Mark (unload classes)
[14.190s][info][gc,task     ] GC(6) Using 3 of 3 workers for init marking
[14.190s][info][gc,ergo     ] GC(6) Pacer for Mark. Expected Live: 33913K, Free: 2854M, Non-Taxable: 285M, Alloc Tax Rate: 0.0x
[14.190s][info][gc          ] GC(6) Pause Init Mark (unload classes) 0.166ms
[14.190s][info][gc,start    ] GC(6) Concurrent marking roots
[14.190s][info][gc,task     ] GC(6) Using 1 of 3 workers for concurrent marking roots
[14.191s][info][gc          ] GC(6) Concurrent marking roots 1.539ms
[14.191s][info][gc,start    ] GC(6) Concurrent marking (unload classes)
[14.192s][info][gc,task     ] GC(6) Using 1 of 3 workers for concurrent marking
[14.221s][info][gc          ] GC(6) Concurrent marking (unload classes) 29.465ms
[14.221s][info][gc,start    ] GC(6) Pause Final Mark (unload classes)
[14.221s][info][gc,task     ] GC(6) Using 3 of 3 workers for final marking
[14.221s][info][gc,ergo     ] GC(6) Collectable Garbage: 948M (93%), Immediate: 948M (93%), CSet: 0B (0%)
[14.221s][info][gc          ] GC(6) Pause Final Mark (unload classes) 0.192ms
[14.221s][info][gc,start    ] GC(6) Concurrent weak references
[14.221s][info][gc,task     ] GC(6) Using 1 of 3 workers for concurrent weak references
[14.221s][info][gc,ref      ] GC(6) Encountered references: Soft: 3092, Weak: 7579, Final: 34, Phantom: 90
[14.221s][info][gc,ref      ] GC(6) Discovered  references: Soft: 0, Weak: 847, Final: 4, Phantom: 55
[14.221s][info][gc,ref      ] GC(6) Enqueued    references: Soft: 0, Weak: 7, Final: 3, Phantom: 0
[14.221s][info][gc          ] GC(6) Concurrent weak references 0.161ms
[14.221s][info][gc,start    ] GC(6) Concurrent weak roots
[14.221s][info][gc,task     ] GC(6) Using 1 of 3 workers for concurrent weak root
[14.223s][info][gc          ] GC(6) Concurrent weak roots 1.852ms
[14.223s][info][gc,start    ] GC(6) Concurrent cleanup
[14.223s][info][gc          ] GC(6) Concurrent cleanup 1058M->110M(4096M) 0.043ms
[14.223s][info][gc,ergo     ] GC(6) Free: 3780M, Max: 2048K regular, 2842M humongous, Frag: 25% external, 0% internal; Reserve: 206M, Max: 2048K
[14.223s][info][gc,start    ] GC(6) Concurrent class unloading
[14.223s][info][gc,task     ] GC(6) Using 1 of 3 workers for concurrent class unloading
[14.231s][info][gc          ] GC(6) Concurrent class unloading 7.701ms
[14.231s][info][gc,start    ] GC(6) Pause Final Roots
[14.231s][info][gc          ] GC(6) Pause Final Roots 0.042ms
[14.231s][info][gc,ergo     ] Free: 3776M, Max: 2048K regular, 2842M humongous, Frag: 25% external, 0% internal; Reserve: 206M, Max: 2048K
[14.231s][info][gc,stats    ] 
[14.231s][info][gc,stats    ] All times are wall-clock times, except per-root-class counters, that are sum over
[14.231s][info][gc,stats    ] all workers. Dividing the <total> over the root stage time estimates parallelism.
[14.231s][info][gc,stats    ] 
[14.231s][info][gc,stats    ] Concurrent Reset                   1424 us
[14.231s][info][gc,stats    ] Pause Init Mark (G)                 299 us
[14.232s][info][gc,stats    ] Pause Init Mark (N)                 176 us
[14.232s][info][gc,stats    ]   Update Region States               62 us
[14.232s][info][gc,stats    ] Concurrent Mark Roots              1565 us, parallelism: 0.91x
[14.232s][info][gc,stats    ]   CMR: <total>                     1430 us
[14.232s][info][gc,stats    ]   CMR: Thread Roots                1317 us, workers (us): 1317, ---, ---, 
[14.232s][info][gc,stats    ]   CMR: VM Strong Roots                7 us, workers (us):   7, ---, ---, 
[14.232s][info][gc,stats    ]   CMR: CLDG Roots                   106 us, workers (us): 106, ---, ---, 
[14.232s][info][gc,stats    ] Concurrent Marking                29518 us
[14.232s][info][gc,stats    ] Pause Final Mark (G)                289 us
[14.232s][info][gc,stats    ] Pause Final Mark (N)                202 us
[14.232s][info][gc,stats    ]   Finish Mark                        73 us
[14.232s][info][gc,stats    ]   Update Region States               37 us
[14.232s][info][gc,stats    ]   Choose Collection Set              40 us
[14.232s][info][gc,stats    ]   Rebuild Free Set                    8 us
[14.232s][info][gc,stats    ] Concurrent Weak References          170 us, parallelism: 0.28x
[14.232s][info][gc,stats    ]   CWRF: <total>                      48 us
[14.232s][info][gc,stats    ]   CWRF: Weak References              48 us, workers (us):  48, ---, ---, 
[14.232s][info][gc,stats    ] Concurrent Weak Roots              1906 us
[14.232s][info][gc,stats    ]   Roots                            1746 us, parallelism: 0.97x
[14.232s][info][gc,stats    ]     CWR: <total>                   1689 us
[14.232s][info][gc,stats    ]     CWR: Code Cache Roots          1345 us, workers (us): 1345, ---, ---, 
[14.232s][info][gc,stats    ]     CWR: VM Weak Roots              332 us, workers (us): 332, ---, ---, 
[14.232s][info][gc,stats    ]     CWR: CLDG Roots                  13 us, workers (us):  13, ---, ---, 
[14.232s][info][gc,stats    ]   Rendezvous                         88 us
[14.232s][info][gc,stats    ] Concurrent Cleanup                   52 us
[14.232s][info][gc,stats    ] Concurrent Class Unloading         7753 us
[14.232s][info][gc,stats    ]   Unlink Stale                     7319 us
[14.232s][info][gc,stats    ]     System Dictionary                14 us
[14.232s][info][gc,stats    ]     Weak Class Links                  0 us
[14.232s][info][gc,stats    ]     Code Roots                     7302 us
[14.232s][info][gc,stats    ]   Rendezvous                        103 us
[14.232s][info][gc,stats    ]   Purge Unlinked                    262 us
[14.232s][info][gc,stats    ]     Code Roots                      254 us
[14.232s][info][gc,stats    ]     CLDG                              8 us
[14.232s][info][gc,stats    ]     Exception Caches                  0 us
[14.232s][info][gc,stats    ] Pause Final Roots (G)               198 us
[14.232s][info][gc,stats    ] Pause Final Roots (N)                61 us
[14.232s][info][gc,stats    ] 
[14.232s][info][gc,stats    ] Allocation pacing accrued:
[14.232s][info][gc,stats    ]       0 of  1759 ms (  0.0%): <total>
[14.232s][info][gc,stats    ]       0 of  1759 ms (  0.0%): <average total>
[14.232s][info][gc,stats    ] 
[14.232s][info][gc,metaspace] Metaspace: 34395K(35072K)->34395K(35072K) NonClass: 27869K(28352K)->27869K(28352K) Class: 6525K(6720K)->6525K(6720K)
[14.232s][info][gc,ergo     ] Pacer for Idle. Initial: 83886K, Alloc Tax Rate: 1.0x
[16.502s][info][gc          ] Trigger: Learning 3 of 5. Free (2860M) is below initial threshold (2867M)
[16.502s][info][gc,ergo     ] Free: 2860M, Max: 2048K regular, 2842M humongous, Frag: 1% external, 0% internal; Reserve: 206M, Max: 2048K
[16.502s][info][gc,start    ] GC(7) Concurrent reset
[16.502s][info][gc,task     ] GC(7) Using 1 of 3 workers for concurrent reset
[16.502s][info][gc,ergo     ] GC(7) Pacer for Reset. Non-Taxable: 4096M
[16.503s][info][gc          ] GC(7) Concurrent reset 0.643ms
[16.503s][info][gc,start    ] GC(7) Pause Init Mark (unload classes)
[16.503s][info][gc,task     ] GC(7) Using 3 of 3 workers for init marking
[16.503s][info][gc,ergo     ] GC(7) Pacer for Mark. Expected Live: 34180K, Free: 2858M, Non-Taxable: 285M, Alloc Tax Rate: 0.0x
[16.503s][info][gc          ] GC(7) Pause Init Mark (unload classes) 0.140ms
[16.503s][info][gc,start    ] GC(7) Concurrent marking roots
[16.503s][info][gc,task     ] GC(7) Using 1 of 3 workers for concurrent marking roots
[16.505s][info][gc          ] GC(7) Concurrent marking roots 1.610ms
[16.505s][info][gc,start    ] GC(7) Concurrent marking (unload classes)
[16.505s][info][gc,task     ] GC(7) Using 1 of 3 workers for concurrent marking
[16.570s][info][gc          ] GC(7) Concurrent marking (unload classes) 65.027ms
[16.570s][info][gc,start    ] GC(7) Pause Final Mark (unload classes)
[16.570s][info][gc,task     ] GC(7) Using 3 of 3 workers for final marking
[16.570s][info][gc,ergo     ] GC(7) Adaptive CSet Selection. Target Free: 580M, Actual Free: 3708M, Max CSet: 170M, Min Garbage: 0B
[16.570s][info][gc,ergo     ] GC(7) Collectable Garbage: 986M (99%), Immediate: 724M (73%), CSet: 262M (26%)
[16.570s][info][gc,ergo     ] GC(7) Pacer for Evacuation. Used CSet: 280M, Free: 3502M, Non-Taxable: 350M, Alloc Tax Rate: 1.1x
[16.570s][info][gc          ] GC(7) Pause Final Mark (unload classes) 0.305ms
[16.570s][info][gc,start    ] GC(7) Concurrent thread roots
[16.570s][info][gc,task     ] GC(7) Using 1 of 3 workers for Concurrent thread roots
[16.571s][info][gc          ] GC(7) Concurrent thread roots 1.079ms
[16.571s][info][gc,start    ] GC(7) Concurrent weak references
[16.571s][info][gc,task     ] GC(7) Using 1 of 3 workers for concurrent weak references
[16.574s][info][gc,ref      ] GC(7) Encountered references: Soft: 3098, Weak: 7567, Final: 25031, Phantom: 90
[16.575s][info][gc,ref      ] GC(7) Discovered  references: Soft: 0, Weak: 876, Final: 25001, Phantom: 55
[16.575s][info][gc,ref      ] GC(7) Enqueued    references: Soft: 0, Weak: 0, Final: 25000, Phantom: 0
[16.575s][info][gc          ] GC(7) Concurrent weak references 3.243ms
[16.575s][info][gc,start    ] GC(7) Concurrent weak roots
[16.575s][info][gc,task     ] GC(7) Using 1 of 3 workers for concurrent weak root
[16.577s][info][gc          ] GC(7) Concurrent weak roots 2.332ms
[16.577s][info][gc,start    ] GC(7) Concurrent cleanup
[16.577s][info][gc          ] GC(7) Concurrent cleanup 1119M->395M(4096M) 0.048ms
[16.577s][info][gc,ergo     ] GC(7) Free: 3496M, Max: 2048K regular, 2772M humongous, Frag: 21% external, 0% internal; Reserve: 204M, Max: 2048K
[16.577s][info][gc,start    ] GC(7) Concurrent class unloading
[16.577s][info][gc,task     ] GC(7) Using 1 of 3 workers for concurrent class unloading
[16.584s][info][gc          ] GC(7) Concurrent class unloading 6.631ms
[16.584s][info][gc,start    ] GC(7) Concurrent strong roots
[16.584s][info][gc,task     ] GC(7) Using 1 of 3 workers for concurrent strong root
[16.584s][info][gc          ] GC(7) Concurrent strong roots 0.203ms
[16.584s][info][gc,start    ] GC(7) Concurrent evacuation
[16.584s][info][gc,task     ] GC(7) Using 1 of 3 workers for concurrent evacuation
[16.604s][info][gc          ] GC(7) Concurrent evacuation 20.207ms
[16.604s][info][gc,start    ] GC(7) Pause Init Update Refs
[16.604s][info][gc,ergo     ] GC(7) Pacer for Update Refs. Used: 443M, Free: 3466M, Non-Taxable: 346M, Alloc Tax Rate: 1.1x
[16.604s][info][gc          ] GC(7) Pause Init Update Refs 0.084ms
[16.605s][info][gc,start    ] GC(7) Concurrent update references
[16.605s][info][gc,task     ] GC(7) Using 1 of 3 workers for concurrent reference update
[16.660s][info][gc          ] GC(7) Concurrent update references 55.081ms
[16.660s][info][gc,start    ] GC(7) Concurrent update thread roots
[16.661s][info][gc          ] GC(7) Concurrent update thread roots 0.853ms
[16.661s][info][gc,start    ] GC(7) Pause Final Update Refs
[16.661s][info][gc,task     ] GC(7) Using 3 of 3 workers for final reference update
[16.661s][info][gc          ] GC(7) Pause Final Update Refs 0.202ms
[16.661s][info][gc,start    ] GC(7) Concurrent cleanup
[16.661s][info][gc          ] GC(7) Concurrent cleanup 497M->217M(4096M) 0.036ms
[16.661s][info][gc,ergo     ] Free: 3672M, Max: 2048K regular, 2762M humongous, Frag: 25% external, 0% internal; Reserve: 206M, Max: 2048K
[16.661s][info][gc,stats    ] 
[16.661s][info][gc,stats    ] All times are wall-clock times, except per-root-class counters, that are sum over
[16.661s][info][gc,stats    ] all workers. Dividing the <total> over the root stage time estimates parallelism.
[16.661s][info][gc,stats    ] 
[16.661s][info][gc,stats    ] Concurrent Reset                    709 us
[16.661s][info][gc,stats    ] Pause Init Mark (G)                 281 us
[16.661s][info][gc,stats    ] Pause Init Mark (N)                 149 us
[16.661s][info][gc,stats    ]   Update Region States               65 us
[16.661s][info][gc,stats    ] Concurrent Mark Roots              1619 us, parallelism: 0.94x
[16.661s][info][gc,stats    ]   CMR: <total>                     1520 us
[16.661s][info][gc,stats    ]   CMR: Thread Roots                1429 us, workers (us): 1429, ---, ---, 
[16.661s][info][gc,stats    ]   CMR: VM Strong Roots                6 us, workers (us):   6, ---, ---, 
[16.661s][info][gc,stats    ]   CMR: CLDG Roots                    85 us, workers (us):  85, ---, ---, 
[16.661s][info][gc,stats    ] Concurrent Marking                65100 us
[16.661s][info][gc,stats    ] Pause Final Mark (G)                431 us
[16.661s][info][gc,stats    ] Pause Final Mark (N)                318 us
[16.661s][info][gc,stats    ]   Finish Mark                        92 us
[16.661s][info][gc,stats    ]   Update Region States               69 us
[16.661s][info][gc,stats    ]   Choose Collection Set              66 us
[16.661s][info][gc,stats    ]   Rebuild Free Set                    8 us
[16.661s][info][gc,stats    ] Concurrent Thread Roots            1098 us, parallelism: 0.91x
[16.661s][info][gc,stats    ]   CTR: <total>                     1003 us
[16.661s][info][gc,stats    ]   CTR: Thread Roots                1003 us, workers (us): 1003, ---, ---, 
[16.661s][info][gc,stats    ] Concurrent Weak References         3260 us, parallelism: 0.88x
[16.661s][info][gc,stats    ]   CWRF: <total>                    2880 us
[16.661s][info][gc,stats    ]   CWRF: Weak References            2880 us, workers (us): 2880, ---, ---, 
[16.661s][info][gc,stats    ] Concurrent Weak Roots              2408 us
[16.661s][info][gc,stats    ]   Roots                            2233 us, parallelism: 0.96x
[16.661s][info][gc,stats    ]     CWR: <total>                   2150 us
[16.661s][info][gc,stats    ]     CWR: Code Cache Roots          1522 us, workers (us): 1522, ---, ---, 
[16.661s][info][gc,stats    ]     CWR: VM Weak Roots              613 us, workers (us): 613, ---, ---, 
[16.661s][info][gc,stats    ]     CWR: CLDG Roots                  15 us, workers (us):  15, ---, ---, 
[16.661s][info][gc,stats    ]   Rendezvous                         64 us
[16.661s][info][gc,stats    ] Concurrent Cleanup                   57 us
[16.661s][info][gc,stats    ] Concurrent Class Unloading         6700 us
[16.661s][info][gc,stats    ]   Unlink Stale                     6171 us
[16.661s][info][gc,stats    ]     System Dictionary                17 us
[16.661s][info][gc,stats    ]     Weak Class Links                  0 us
[16.661s][info][gc,stats    ]     Code Roots                     6153 us
[16.661s][info][gc,stats    ]   Rendezvous                        114 us
[16.661s][info][gc,stats    ]   Purge Unlinked                    325 us
[16.661s][info][gc,stats    ]     Code Roots                      313 us
[16.661s][info][gc,stats    ]     CLDG                             11 us
[16.661s][info][gc,stats    ]     Exception Caches                  0 us
[16.661s][info][gc,stats    ] Concurrent Strong Roots             222 us, parallelism: 0.45x
[16.661s][info][gc,stats    ]   CSR: <total>                      100 us
[16.661s][info][gc,stats    ]   CSR: VM Strong Roots                5 us, workers (us):   5, ---, ---, 
[16.661s][info][gc,stats    ]   CSR: CLDG Roots                    94 us, workers (us):  94, ---, ---, 
[16.661s][info][gc,stats    ] Concurrent Evacuation             20280 us
[16.661s][info][gc,stats    ] Pause Init Update Refs (G)          282 us
[16.661s][info][gc,stats    ] Pause Init Update Refs (N)          101 us
[16.661s][info][gc,stats    ]   Manage GCLABs                       3 us
[16.661s][info][gc,stats    ] Concurrent Update Refs            55148 us
[16.661s][info][gc,stats    ] Concurrent Update Thread Roots      872 us
[16.661s][info][gc,stats    ] Pause Final Update Refs (G)         328 us
[16.661s][info][gc,stats    ] Pause Final Update Refs (N)         241 us
[16.661s][info][gc,stats    ]   Update Region States               94 us
[16.661s][info][gc,stats    ]   Trash Collection Set                8 us
[16.661s][info][gc,stats    ]   Rebuild Free Set                   21 us
[16.661s][info][gc,stats    ] Concurrent Cleanup                   46 us
[16.661s][info][gc,stats    ] 
[16.661s][info][gc,stats    ] Allocation pacing accrued:
[16.661s][info][gc,stats    ]       0 of  2430 ms (  0.0%): <total>
[16.661s][info][gc,stats    ]       0 of  2430 ms (  0.0%): <average total>
[16.661s][info][gc,stats    ] 
[16.661s][info][gc,metaspace] Metaspace: 34395K(35072K)->34397K(35072K) NonClass: 27869K(28352K)->27871K(28352K) Class: 6525K(6720K)->6525K(6720K)
[16.661s][info][gc,ergo     ] Pacer for Idle. Initial: 83886K, Alloc Tax Rate: 1.0x
[17.910s][info][gc          ] Trigger: Learning 4 of 5. Free (2862M) is below initial threshold (2867M)
[17.910s][info][gc,ergo     ] Free: 2862M, Max: 2048K regular, 2762M humongous, Frag: 4% external, 0% internal; Reserve: 206M, Max: 2048K
[17.910s][info][gc,start    ] GC(8) Concurrent reset
[17.910s][info][gc,task     ] GC(8) Using 1 of 3 workers for concurrent reset
[17.910s][info][gc,ergo     ] GC(8) Pacer for Reset. Non-Taxable: 4096M
[17.912s][info][gc          ] GC(8) Concurrent reset 1.342ms
[17.912s][info][gc,start    ] GC(8) Pause Init Mark (unload classes)
[17.912s][info][gc,task     ] GC(8) Using 3 of 3 workers for init marking
[17.912s][info][gc,ergo     ] GC(8) Pacer for Mark. Expected Live: 37605K, Free: 2862M, Non-Taxable: 286M, Alloc Tax Rate: 0.0x
[17.912s][info][gc          ] GC(8) Pause Init Mark (unload classes) 0.177ms
[17.912s][info][gc,start    ] GC(8) Concurrent marking roots
[17.912s][info][gc,task     ] GC(8) Using 1 of 3 workers for concurrent marking roots
[17.913s][info][gc          ] GC(8) Concurrent marking roots 1.211ms
[17.913s][info][gc,start    ] GC(8) Concurrent marking (unload classes)
[17.913s][info][gc,task     ] GC(8) Using 1 of 3 workers for concurrent marking
[17.943s][info][gc          ] GC(8) Concurrent marking (unload classes) 29.505ms
[17.943s][info][gc,start    ] GC(8) Pause Final Mark (unload classes)
[17.943s][info][gc,task     ] GC(8) Using 3 of 3 workers for final marking
[17.943s][info][gc,ergo     ] GC(8) Collectable Garbage: 944M (94%), Immediate: 944M (94%), CSet: 0B (0%)
[17.943s][info][gc          ] GC(8) Pause Final Mark (unload classes) 0.307ms
[17.943s][info][gc,start    ] GC(8) Concurrent weak references
[17.943s][info][gc,task     ] GC(8) Using 1 of 3 workers for concurrent weak references
[17.943s][info][gc,ref      ] GC(8) Encountered references: Soft: 3098, Weak: 7578, Final: 31, Phantom: 90
[17.943s][info][gc,ref      ] GC(8) Discovered  references: Soft: 0, Weak: 881, Final: 1, Phantom: 55
[17.943s][info][gc,ref      ] GC(8) Enqueued    references: Soft: 0, Weak: 7, Final: 0, Phantom: 0
[17.943s][info][gc          ] GC(8) Concurrent weak references 0.157ms
[17.943s][info][gc,start    ] GC(8) Concurrent weak roots
[17.943s][info][gc,task     ] GC(8) Using 1 of 3 workers for concurrent weak root
[17.945s][info][gc          ] GC(8) Concurrent weak roots 1.888ms
[17.945s][info][gc,start    ] GC(8) Concurrent cleanup
[17.945s][info][gc          ] GC(8) Concurrent cleanup 1037M->93M(4096M) 0.078ms
[17.945s][info][gc,ergo     ] GC(8) Free: 3796M, Max: 2048K regular, 2944M humongous, Frag: 23% external, 0% internal; Reserve: 206M, Max: 2048K
[17.946s][info][gc,start    ] GC(8) Concurrent class unloading
[17.946s][info][gc,task     ] GC(8) Using 1 of 3 workers for concurrent class unloading
[17.952s][info][gc          ] GC(8) Concurrent class unloading 6.550ms
[17.952s][info][gc,start    ] GC(8) Pause Final Roots
[17.952s][info][gc          ] GC(8) Pause Final Roots 0.041ms
[17.952s][info][gc,ergo     ] Free: 3796M, Max: 2048K regular, 2944M humongous, Frag: 23% external, 0% internal; Reserve: 206M, Max: 2048K
[17.952s][info][gc,stats    ] 
[17.952s][info][gc,stats    ] All times are wall-clock times, except per-root-class counters, that are sum over
[17.952s][info][gc,stats    ] all workers. Dividing the <total> over the root stage time estimates parallelism.
[17.952s][info][gc,stats    ] 
[17.952s][info][gc,stats    ] Concurrent Reset                   1409 us
[17.952s][info][gc,stats    ] Pause Init Mark (G)                 343 us
[17.952s][info][gc,stats    ] Pause Init Mark (N)                 194 us
[17.953s][info][gc,stats    ]   Update Region States               66 us
[17.953s][info][gc,stats    ] Concurrent Mark Roots              1223 us, parallelism: 0.91x
[17.953s][info][gc,stats    ]   CMR: <total>                     1113 us
[17.953s][info][gc,stats    ]   CMR: Thread Roots                1025 us, workers (us): 1025, ---, ---, 
[17.953s][info][gc,stats    ]   CMR: VM Strong Roots                6 us, workers (us):   6, ---, ---, 
[17.953s][info][gc,stats    ]   CMR: CLDG Roots                    82 us, workers (us):  82, ---, ---, 
[17.953s][info][gc,stats    ] Concurrent Marking                29566 us
[17.953s][info][gc,stats    ] Pause Final Mark (G)                430 us
[17.953s][info][gc,stats    ] Pause Final Mark (N)                326 us
[17.953s][info][gc,stats    ]   Finish Mark                       104 us
[17.953s][info][gc,stats    ]   Update Region States               57 us
[17.953s][info][gc,stats    ]   Choose Collection Set              61 us
[17.953s][info][gc,stats    ]   Rebuild Free Set                   17 us
[17.953s][info][gc,stats    ] Concurrent Weak References          165 us, parallelism: 0.24x
[17.953s][info][gc,stats    ]   CWRF: <total>                      40 us
[17.953s][info][gc,stats    ]   CWRF: Weak References              40 us, workers (us):  40, ---, ---, 
[17.953s][info][gc,stats    ] Concurrent Weak Roots              1954 us
[17.953s][info][gc,stats    ]   Roots                            1734 us, parallelism: 0.92x
[17.953s][info][gc,stats    ]     CWR: <total>                   1588 us
[17.953s][info][gc,stats    ]     CWR: Code Cache Roots          1189 us, workers (us): 1189, ---, ---, 
[17.953s][info][gc,stats    ]     CWR: VM Weak Roots              388 us, workers (us): 388, ---, ---, 
[17.953s][info][gc,stats    ]     CWR: CLDG Roots                  11 us, workers (us):  11, ---, ---, 
[17.953s][info][gc,stats    ]   Rendezvous                        133 us
[17.953s][info][gc,stats    ] Concurrent Cleanup                   97 us
[17.953s][info][gc,stats    ] Concurrent Class Unloading         6618 us
[17.953s][info][gc,stats    ]   Unlink Stale                     6048 us
[17.953s][info][gc,stats    ]     System Dictionary                15 us
[17.953s][info][gc,stats    ]     Weak Class Links                  0 us
[17.953s][info][gc,stats    ]     Code Roots                     6030 us
[17.953s][info][gc,stats    ]   Rendezvous                        161 us
[17.953s][info][gc,stats    ]   Purge Unlinked                    303 us
[17.953s][info][gc,stats    ]     Code Roots                      290 us
[17.953s][info][gc,stats    ]     CLDG                             11 us
[17.953s][info][gc,stats    ]     Exception Caches                  0 us
[17.953s][info][gc,stats    ] Pause Final Roots (G)               178 us
[17.953s][info][gc,stats    ] Pause Final Roots (N)                60 us
[17.953s][info][gc,stats    ] 
[17.953s][info][gc,stats    ] Allocation pacing accrued:
[17.953s][info][gc,stats    ]       0 of  1292 ms (  0.0%): <total>
[17.953s][info][gc,stats    ]       0 of  1292 ms (  0.0%): <average total>
[17.953s][info][gc,stats    ] 
[17.953s][info][gc,metaspace] Metaspace: 34397K(35072K)->34397K(35072K) NonClass: 27871K(28352K)->27871K(28352K) Class: 6525K(6720K)->6525K(6720K)
[17.953s][info][gc,ergo     ] Pacer for Idle. Initial: 83886K, Alloc Tax Rate: 1.0x
[19.621s][info][gc          ] Trigger: Explicit GC request (System.gc())
[19.621s][info][gc,ergo     ] Free: 3106M, Max: 2048K regular, 2944M humongous, Frag: 6% external, 0% internal; Reserve: 206M, Max: 2048K
[19.621s][info][gc,start    ] GC(9) Concurrent reset
[19.621s][info][gc,task     ] GC(9) Using 1 of 3 workers for concurrent reset
[19.621s][info][gc,ergo     ] GC(9) Pacer for Reset. Non-Taxable: 4096M
[19.622s][info][gc          ] GC(9) Concurrent reset 0.698ms
[19.622s][info][gc,start    ] GC(9) Pause Init Mark (unload classes)
[19.622s][info][gc,task     ] GC(9) Using 3 of 3 workers for init marking
[19.622s][info][gc,ref      ] GC(9) Clearing All SoftReferences
[19.622s][info][gc,ergo     ] GC(9) Pacer for Mark. Expected Live: 34078K, Free: 3106M, Non-Taxable: 310M, Alloc Tax Rate: 0.0x
[19.622s][info][gc          ] GC(9) Pause Init Mark (unload classes) 0.191ms
[19.622s][info][gc,start    ] GC(9) Concurrent marking roots
[19.622s][info][gc,task     ] GC(9) Using 1 of 3 workers for concurrent marking roots
[19.622s][info][gc          ] GC(9) Concurrent marking roots 0.376ms
[19.622s][info][gc,start    ] GC(9) Concurrent marking (unload classes)
[19.622s][info][gc,task     ] GC(9) Using 1 of 3 workers for concurrent marking
[19.689s][info][gc          ] GC(9) Concurrent marking (unload classes) 66.572ms
[19.689s][info][gc,start    ] GC(9) Pause Final Mark (unload classes)
[19.689s][info][gc,task     ] GC(9) Using 3 of 3 workers for final marking
[19.689s][info][gc,ergo     ] GC(9) Adaptive CSet Selection. Target Free: 580M, Actual Free: 3815M, Max CSet: 170M, Min Garbage: 0B
[19.690s][info][gc,ergo     ] GC(9) Collectable Garbage: 738M (99%), Immediate: 503M (68%), CSet: 234M (31%)
[19.690s][info][gc,ergo     ] GC(9) Pacer for Evacuation. Used CSet: 251M, Free: 3610M, Non-Taxable: 361M, Alloc Tax Rate: 1.1x
[19.690s][info][gc          ] GC(9) Pause Final Mark (unload classes) 0.485ms
[19.690s][info][gc,start    ] GC(9) Concurrent thread roots
[19.690s][info][gc,task     ] GC(9) Using 1 of 3 workers for Concurrent thread roots
[19.690s][info][gc          ] GC(9) Concurrent thread roots 0.451ms
[19.690s][info][gc,start    ] GC(9) Concurrent weak references
[19.690s][info][gc,task     ] GC(9) Using 1 of 3 workers for concurrent weak references
[19.693s][info][gc,ref      ] GC(9) Encountered references: Soft: 3098, Weak: 7569, Final: 25031, Phantom: 88
[19.693s][info][gc,ref      ] GC(9) Discovered  references: Soft: 70, Weak: 633, Final: 25001, Phantom: 53
[19.693s][info][gc,ref      ] GC(9) Enqueued    references: Soft: 7, Weak: 0, Final: 25000, Phantom: 0
[19.693s][info][gc          ] GC(9) Concurrent weak references 3.268ms
[19.693s][info][gc,start    ] GC(9) Concurrent weak roots
[19.693s][info][gc,task     ] GC(9) Using 1 of 3 workers for concurrent weak root
[19.695s][info][gc          ] GC(9) Concurrent weak roots 1.788ms
[19.695s][info][gc,start    ] GC(9) Concurrent cleanup
[19.695s][info][gc          ] GC(9) Concurrent cleanup 787M->283M(4096M) 0.045ms
[19.695s][info][gc,ergo     ] GC(9) Free: 3608M, Max: 2048K regular, 2946M humongous, Frag: 19% external, 0% internal; Reserve: 204M, Max: 2048K
[19.695s][info][gc,start    ] GC(9) Concurrent class unloading
[19.695s][info][gc,task     ] GC(9) Using 1 of 3 workers for concurrent class unloading
[19.702s][info][gc          ] GC(9) Concurrent class unloading 6.800ms
[19.702s][info][gc,start    ] GC(9) Concurrent strong roots
[19.702s][info][gc,task     ] GC(9) Using 1 of 3 workers for concurrent strong root
[19.702s][info][gc          ] GC(9) Concurrent strong roots 0.196ms
[19.702s][info][gc,start    ] GC(9) Concurrent evacuation
[19.702s][info][gc,task     ] GC(9) Using 1 of 3 workers for concurrent evacuation
[19.720s][info][gc          ] GC(9) Concurrent evacuation 17.959ms
[19.721s][info][gc,start    ] GC(9) Pause Init Update Refs
[19.721s][info][gc,ergo     ] GC(9) Pacer for Update Refs. Used: 301M, Free: 3608M, Non-Taxable: 360M, Alloc Tax Rate: 1.1x
[19.721s][info][gc          ] GC(9) Pause Init Update Refs 0.111ms
[19.721s][info][gc,start    ] GC(9) Concurrent update references
[19.721s][info][gc,task     ] GC(9) Using 1 of 3 workers for concurrent reference update
[19.756s][info][gc          ] GC(9) Concurrent update references 35.445ms
[19.756s][info][gc,start    ] GC(9) Concurrent update thread roots
[19.757s][info][gc          ] GC(9) Concurrent update thread roots 0.577ms
[19.757s][info][gc,start    ] GC(9) Pause Final Update Refs
[19.757s][info][gc,task     ] GC(9) Using 3 of 3 workers for final reference update
[19.757s][info][gc          ] GC(9) Pause Final Update Refs 0.203ms
[19.757s][info][gc,start    ] GC(9) Concurrent cleanup
[19.757s][info][gc          ] GC(9) Concurrent cleanup 301M->49M(4096M) 0.069ms
[19.757s][info][gc,ergo     ] Free: 3840M, Max: 2048K regular, 3126M humongous, Frag: 19% external, 0% internal; Reserve: 206M, Max: 2048K
[19.757s][info][gc,stats    ] 
[19.757s][info][gc,stats    ] All times are wall-clock times, except per-root-class counters, that are sum over
[19.757s][info][gc,stats    ] all workers. Dividing the <total> over the root stage time estimates parallelism.
[19.757s][info][gc,stats    ] 
[19.757s][info][gc,stats    ] Concurrent Reset                    758 us
[19.757s][info][gc,stats    ] Pause Init Mark (G)                 363 us
[19.757s][info][gc,stats    ] Pause Init Mark (N)                 208 us
[19.757s][info][gc,stats    ]   Update Region States               70 us
[19.757s][info][gc,stats    ] Concurrent Mark Roots               396 us, parallelism: 0.61x
[19.757s][info][gc,stats    ]   CMR: <total>                      241 us
[19.757s][info][gc,stats    ]   CMR: Thread Roots                 191 us, workers (us): 191, ---, ---, 
[19.757s][info][gc,stats    ]   CMR: VM Strong Roots                4 us, workers (us):   4, ---, ---, 
[19.757s][info][gc,stats    ]   CMR: CLDG Roots                    46 us, workers (us):  46, ---, ---, 
[19.757s][info][gc,stats    ] Concurrent Marking                66624 us
[19.757s][info][gc,stats    ] Pause Final Mark (G)                603 us
[19.757s][info][gc,stats    ] Pause Final Mark (N)                507 us
[19.757s][info][gc,stats    ]   Finish Mark                       149 us
[19.757s][info][gc,stats    ]   Update Region States               77 us
[19.757s][info][gc,stats    ]   Choose Collection Set             127 us
[19.757s][info][gc,stats    ]   Rebuild Free Set                   22 us
[19.757s][info][gc,stats    ] Concurrent Thread Roots             460 us, parallelism: 0.82x
[19.758s][info][gc,stats    ]   CTR: <total>                      377 us
[19.758s][info][gc,stats    ]   CTR: Thread Roots                 377 us, workers (us): 377, ---, ---, 
[19.758s][info][gc,stats    ] Concurrent Weak References         3284 us, parallelism: 0.96x
[19.758s][info][gc,stats    ]   CWRF: <total>                    3146 us
[19.758s][info][gc,stats    ]   CWRF: Weak References            3146 us, workers (us): 3146, ---, ---, 
[19.758s][info][gc,stats    ] Concurrent Weak Roots              1806 us
[19.758s][info][gc,stats    ]   Roots                            1671 us, parallelism: 0.97x
[19.758s][info][gc,stats    ]     CWR: <total>                   1627 us
[19.758s][info][gc,stats    ]     CWR: Code Cache Roots          1263 us, workers (us): 1263, ---, ---, 
[19.758s][info][gc,stats    ]     CWR: VM Weak Roots              350 us, workers (us): 350, ---, ---, 
[19.758s][info][gc,stats    ]     CWR: CLDG Roots                  14 us, workers (us):  14, ---, ---, 
[19.758s][info][gc,stats    ]   Rendezvous                         84 us
[19.758s][info][gc,stats    ] Concurrent Cleanup                   63 us
[19.758s][info][gc,stats    ] Concurrent Class Unloading         6859 us
[19.758s][info][gc,stats    ]   Unlink Stale                     6432 us
[19.758s][info][gc,stats    ]     System Dictionary                17 us
[19.758s][info][gc,stats    ]     Weak Class Links                  0 us
[19.758s][info][gc,stats    ]     Code Roots                     6414 us
[19.758s][info][gc,stats    ]   Rendezvous                        120 us
[19.758s][info][gc,stats    ]   Purge Unlinked                    212 us
[19.758s][info][gc,stats    ]     Code Roots                      206 us
[19.758s][info][gc,stats    ]     CLDG                              6 us
[19.758s][info][gc,stats    ]     Exception Caches                  0 us
[19.758s][info][gc,stats    ] Concurrent Strong Roots             205 us, parallelism: 0.63x
[19.758s][info][gc,stats    ]   CSR: <total>                      130 us
[19.758s][info][gc,stats    ]   CSR: VM Strong Roots                3 us, workers (us):   3, ---, ---, 
[19.758s][info][gc,stats    ]   CSR: CLDG Roots                   126 us, workers (us): 126, ---, ---, 
[19.758s][info][gc,stats    ] Concurrent Evacuation             18026 us
[19.758s][info][gc,stats    ] Pause Init Update Refs (G)          245 us
[19.758s][info][gc,stats    ] Pause Init Update Refs (N)          133 us
[19.758s][info][gc,stats    ]   Manage GCLABs                       5 us
[19.758s][info][gc,stats    ] Concurrent Update Refs            35516 us
[19.758s][info][gc,stats    ] Concurrent Update Thread Roots      616 us
[19.758s][info][gc,stats    ] Pause Final Update Refs (G)         321 us
[19.758s][info][gc,stats    ] Pause Final Update Refs (N)         232 us
[19.758s][info][gc,stats    ]   Update Region States               86 us
[19.758s][info][gc,stats    ]   Trash Collection Set               10 us
[19.758s][info][gc,stats    ]   Rebuild Free Set                   26 us
[19.758s][info][gc,stats    ] Concurrent Cleanup                  103 us
[19.758s][info][gc,stats    ] 
[19.758s][info][gc,stats    ] Allocation pacing accrued:
[19.758s][info][gc,stats    ]       0 of  1805 ms (  0.0%): <total>
[19.758s][info][gc,stats    ]       0 of  1805 ms (  0.0%): <average total>
[19.758s][info][gc,stats    ] 
[19.758s][info][gc,metaspace] Metaspace: 34400K(35072K)->34400K(35072K) NonClass: 27874K(28352K)->27874K(28352K) Class: 6525K(6720K)->6525K(6720K)
[19.758s][info][gc,ergo     ] Pacer for Idle. Initial: 83886K, Alloc Tax Rate: 1.0x
[21.345s][info][gc          ] Trigger: Learning 2 of 5. Free (2854M) is below initial threshold (2867M)
[21.345s][info][gc,ergo     ] Free: 2854M, Max: 2048K regular, 2854M humongous, Frag: 0% external, 0% internal; Reserve: 206M, Max: 2048K
[21.345s][info][gc,start    ] GC(10) Concurrent reset
[21.345s][info][gc,task     ] GC(10) Using 1 of 3 workers for concurrent reset
[21.345s][info][gc,ergo     ] GC(10) Pacer for Reset. Non-Taxable: 4096M
[21.346s][info][gc          ] GC(10) Concurrent reset 1.405ms
[21.346s][info][gc,start    ] GC(10) Pause Init Mark (unload classes)
[21.347s][info][gc,task     ] GC(10) Using 3 of 3 workers for init marking
[21.347s][info][gc,ergo     ] GC(10) Pacer for Mark. Expected Live: 37421K, Free: 2852M, Non-Taxable: 285M, Alloc Tax Rate: 0.0x
[21.347s][info][gc          ] GC(10) Pause Init Mark (unload classes) 0.180ms
[21.347s][info][gc,start    ] GC(10) Concurrent marking roots
[21.347s][info][gc,task     ] GC(10) Using 1 of 3 workers for concurrent marking roots
[21.348s][info][gc          ] GC(10) Concurrent marking roots 1.250ms
[21.348s][info][gc,start    ] GC(10) Concurrent marking (unload classes)
[21.348s][info][gc,task     ] GC(10) Using 1 of 3 workers for concurrent marking
[21.378s][info][gc          ] GC(10) Concurrent marking (unload classes) 29.515ms
[21.378s][info][gc,start    ] GC(10) Pause Final Mark (unload classes)
[21.378s][info][gc,task     ] GC(10) Using 3 of 3 workers for final marking
[21.378s][info][gc,ergo     ] GC(10) Collectable Garbage: 954M (94%), Immediate: 954M (94%), CSet: 0B (0%)
[21.378s][info][gc          ] GC(10) Pause Final Mark (unload classes) 0.369ms
[21.378s][info][gc,start    ] GC(10) Concurrent weak references
[21.378s][info][gc,task     ] GC(10) Using 1 of 3 workers for concurrent weak references
[21.378s][info][gc,ref      ] GC(10) Encountered references: Soft: 3092, Weak: 7591, Final: 34, Phantom: 90
[21.378s][info][gc,ref      ] GC(10) Discovered  references: Soft: 0, Weak: 847, Final: 4, Phantom: 58
[21.378s][info][gc,ref      ] GC(10) Enqueued    references: Soft: 0, Weak: 7, Final: 3, Phantom: 0
[21.378s][info][gc          ] GC(10) Concurrent weak references 0.288ms
[21.378s][info][gc,start    ] GC(10) Concurrent weak roots
[21.378s][info][gc,task     ] GC(10) Using 1 of 3 workers for concurrent weak root
[21.380s][info][gc          ] GC(10) Concurrent weak roots 1.763ms
[21.380s][info][gc,start    ] GC(10) Concurrent cleanup
[21.380s][info][gc          ] GC(10) Concurrent cleanup 1060M->106M(4096M) 0.046ms
[21.380s][info][gc,ergo     ] GC(10) Free: 3784M, Max: 2048K regular, 2838M humongous, Frag: 25% external, 0% internal; Reserve: 206M, Max: 2048K
[21.380s][info][gc,start    ] GC(10) Concurrent class unloading
[21.380s][info][gc,task     ] GC(10) Using 1 of 3 workers for concurrent class unloading
[21.391s][info][gc          ] GC(10) Concurrent class unloading 11.126ms
[21.392s][info][gc,start    ] GC(10) Pause Final Roots
[21.392s][info][gc          ] GC(10) Pause Final Roots 0.042ms
[21.392s][info][gc,ergo     ] Free: 3778M, Max: 2048K regular, 2838M humongous, Frag: 25% external, 0% internal; Reserve: 206M, Max: 2048K
[21.392s][info][gc,stats    ] 
[21.392s][info][gc,stats    ] All times are wall-clock times, except per-root-class counters, that are sum over
[21.392s][info][gc,stats    ] all workers. Dividing the <total> over the root stage time estimates parallelism.
[21.392s][info][gc,stats    ] 
[21.392s][info][gc,stats    ] Concurrent Reset                   1474 us
[21.392s][info][gc,stats    ] Pause Init Mark (G)                 363 us
[21.392s][info][gc,stats    ] Pause Init Mark (N)                 197 us
[21.392s][info][gc,stats    ]   Update Region States               73 us
[21.392s][info][gc,stats    ] Concurrent Mark Roots              1271 us, parallelism: 0.89x
[21.392s][info][gc,stats    ]   CMR: <total>                     1135 us
[21.392s][info][gc,stats    ]   CMR: Thread Roots                1041 us, workers (us): 1041, ---, ---, 
[21.392s][info][gc,stats    ]   CMR: VM Strong Roots                7 us, workers (us):   7, ---, ---, 
[21.392s][info][gc,stats    ]   CMR: CLDG Roots                    88 us, workers (us):  88, ---, ---, 
[21.392s][info][gc,stats    ] Concurrent Marking                29577 us
[21.392s][info][gc,stats    ] Pause Final Mark (G)                512 us
[21.392s][info][gc,stats    ] Pause Final Mark (N)                389 us
[21.392s][info][gc,stats    ]   Finish Mark                       133 us
[21.392s][info][gc,stats    ]   Update Region States               89 us
[21.392s][info][gc,stats    ]   Choose Collection Set              63 us
[21.392s][info][gc,stats    ]   Rebuild Free Set                   17 us
[21.392s][info][gc,stats    ] Concurrent Weak References          305 us, parallelism: 0.18x
[21.392s][info][gc,stats    ]   CWRF: <total>                      55 us
[21.392s][info][gc,stats    ]   CWRF: Weak References              55 us, workers (us):  55, ---, ---, 
[21.392s][info][gc,stats    ] Concurrent Weak Roots              1810 us
[21.392s][info][gc,stats    ]   Roots                            1665 us, parallelism: 0.95x
[21.392s][info][gc,stats    ]     CWR: <total>                   1574 us
[21.392s][info][gc,stats    ]     CWR: Code Cache Roots          1247 us, workers (us): 1247, ---, ---, 
[21.392s][info][gc,stats    ]     CWR: VM Weak Roots              315 us, workers (us): 315, ---, ---, 
[21.392s][info][gc,stats    ]     CWR: CLDG Roots                  12 us, workers (us):  12, ---, ---, 
[21.392s][info][gc,stats    ]   Rendezvous                         61 us
[21.392s][info][gc,stats    ] Concurrent Cleanup                   55 us
[21.392s][info][gc,stats    ] Concurrent Class Unloading        11193 us
[21.392s][info][gc,stats    ]   Unlink Stale                    10666 us
[21.392s][info][gc,stats    ]     System Dictionary               111 us
[21.392s][info][gc,stats    ]     Weak Class Links               3909 us
[21.392s][info][gc,stats    ]     Code Roots                     6644 us
[21.392s][info][gc,stats    ]   Rendezvous                        106 us
[21.392s][info][gc,stats    ]   Purge Unlinked                    325 us
[21.392s][info][gc,stats    ]     Code Roots                      268 us
[21.392s][info][gc,stats    ]     CLDG                             56 us
[21.392s][info][gc,stats    ]     Exception Caches                  0 us
[21.392s][info][gc,stats    ] Pause Final Roots (G)               194 us
[21.392s][info][gc,stats    ] Pause Final Roots (N)                59 us
[21.392s][info][gc,stats    ] 
[21.392s][info][gc,stats    ] Allocation pacing accrued:
[21.392s][info][gc,stats    ]       0 of  1634 ms (  0.0%): <total>
[21.392s][info][gc,stats    ]       0 of  1634 ms (  0.0%): <average total>
[21.392s][info][gc,stats    ] 
[21.392s][info][gc,metaspace] Metaspace: 34511K(35136K)->34468K(35136K) NonClass: 27985K(28416K)->27943K(28416K) Class: 6526K(6720K)->6525K(6720K)
[21.392s][info][gc,ergo     ] Pacer for Idle. Initial: 83886K, Alloc Tax Rate: 1.0x
[23.575s][info][gc          ] Trigger: Learning 3 of 5. Free (2852M) is below initial threshold (2867M)
[23.575s][info][gc,ergo     ] Free: 2852M, Max: 2048K regular, 2838M humongous, Frag: 1% external, 0% internal; Reserve: 206M, Max: 2048K
[23.575s][info][gc,start    ] GC(11) Concurrent reset
[23.575s][info][gc,task     ] GC(11) Using 1 of 3 workers for concurrent reset
[23.575s][info][gc,ergo     ] GC(11) Pacer for Reset. Non-Taxable: 4096M
[23.576s][info][gc          ] GC(11) Concurrent reset 0.863ms
[23.576s][info][gc,start    ] GC(11) Pause Init Mark (unload classes)
[23.576s][info][gc,task     ] GC(11) Using 3 of 3 workers for init marking
[23.576s][info][gc,ergo     ] GC(11) Pacer for Mark. Expected Live: 33988K, Free: 2850M, Non-Taxable: 285M, Alloc Tax Rate: 0.0x
[23.576s][info][gc          ] GC(11) Pause Init Mark (unload classes) 0.211ms
[23.576s][info][gc,start    ] GC(11) Concurrent marking roots
[23.576s][info][gc,task     ] GC(11) Using 1 of 3 workers for concurrent marking roots
[23.577s][info][gc          ] GC(11) Concurrent marking roots 1.028ms
[23.577s][info][gc,start    ] GC(11) Concurrent marking (unload classes)
[23.577s][info][gc,task     ] GC(11) Using 1 of 3 workers for concurrent marking
[23.642s][info][gc          ] GC(11) Concurrent marking (unload classes) 64.831ms
[23.642s][info][gc,start    ] GC(11) Pause Final Mark (unload classes)
[23.642s][info][gc,task     ] GC(11) Using 3 of 3 workers for final marking
[23.642s][info][gc,ergo     ] GC(11) Adaptive CSet Selection. Target Free: 580M, Actual Free: 3712M, Max CSet: 170M, Min Garbage: 0B
[23.642s][info][gc,ergo     ] GC(11) Collectable Garbage: 994M (99%), Immediate: 740M (74%), CSet: 254M (25%)
[23.642s][info][gc,ergo     ] GC(11) Pacer for Evacuation. Used CSet: 272M, Free: 3506M, Non-Taxable: 350M, Alloc Tax Rate: 1.1x
[23.642s][info][gc          ] GC(11) Pause Final Mark (unload classes) 0.375ms
[23.643s][info][gc,start    ] GC(11) Concurrent thread roots
[23.643s][info][gc,task     ] GC(11) Using 1 of 3 workers for Concurrent thread roots
[23.644s][info][gc          ] GC(11) Concurrent thread roots 1.035ms
[23.644s][info][gc,start    ] GC(11) Concurrent weak references
[23.644s][info][gc,task     ] GC(11) Using 1 of 3 workers for concurrent weak references
[23.647s][info][gc,ref      ] GC(11) Encountered references: Soft: 3098, Weak: 7579, Final: 25031, Phantom: 90
[23.647s][info][gc,ref      ] GC(11) Discovered  references: Soft: 0, Weak: 874, Final: 25001, Phantom: 55
[23.647s][info][gc,ref      ] GC(11) Enqueued    references: Soft: 0, Weak: 0, Final: 25000, Phantom: 0
[23.647s][info][gc          ] GC(11) Concurrent weak references 3.481ms
[23.647s][info][gc,start    ] GC(11) Concurrent weak roots
[23.647s][info][gc,task     ] GC(11) Using 1 of 3 workers for concurrent weak root
[23.650s][info][gc          ] GC(11) Concurrent weak roots 2.584ms
[23.650s][info][gc,start    ] GC(11) Concurrent cleanup
[23.650s][info][gc          ] GC(11) Concurrent cleanup 1133M->393M(4096M) 0.059ms
[23.650s][info][gc,ergo     ] GC(11) Free: 3498M, Max: 2048K regular, 2758M humongous, Frag: 22% external, 0% internal; Reserve: 204M, Max: 2048K
[23.650s][info][gc,start    ] GC(11) Concurrent class unloading
[23.650s][info][gc,task     ] GC(11) Using 1 of 3 workers for concurrent class unloading
[23.658s][info][gc          ] GC(11) Concurrent class unloading 8.270ms
[23.658s][info][gc,start    ] GC(11) Concurrent strong roots
[23.658s][info][gc,task     ] GC(11) Using 1 of 3 workers for concurrent strong root
[23.658s][info][gc          ] GC(11) Concurrent strong roots 0.186ms
[23.658s][info][gc,start    ] GC(11) Concurrent evacuation
[23.658s][info][gc,task     ] GC(11) Using 1 of 3 workers for concurrent evacuation
[23.678s][info][gc          ] GC(11) Concurrent evacuation 19.639ms
[23.678s][info][gc,start    ] GC(11) Pause Init Update Refs
[23.678s][info][gc,ergo     ] GC(11) Pacer for Update Refs. Used: 441M, Free: 3468M, Non-Taxable: 346M, Alloc Tax Rate: 1.1x
[23.678s][info][gc          ] GC(11) Pause Init Update Refs 0.084ms
[23.678s][info][gc,start    ] GC(11) Concurrent update references
[23.678s][info][gc,task     ] GC(11) Using 1 of 3 workers for concurrent reference update
[23.734s][info][gc          ] GC(11) Concurrent update references 55.168ms
[23.734s][info][gc,start    ] GC(11) Concurrent update thread roots
[23.734s][info][gc          ] GC(11) Concurrent update thread roots 0.845ms
[23.735s][info][gc,start    ] GC(11) Pause Final Update Refs
[23.735s][info][gc,task     ] GC(11) Using 3 of 3 workers for final reference update
[23.735s][info][gc          ] GC(11) Pause Final Update Refs 0.166ms
[23.735s][info][gc,start    ] GC(11) Concurrent cleanup
[23.735s][info][gc          ] GC(11) Concurrent cleanup 475M->203M(4096M) 0.036ms
[23.735s][info][gc,ergo     ] Free: 3686M, Max: 2048K regular, 2750M humongous, Frag: 26% external, 0% internal; Reserve: 206M, Max: 2048K
[23.735s][info][gc,stats    ] 
[23.735s][info][gc,stats    ] All times are wall-clock times, except per-root-class counters, that are sum over
[23.735s][info][gc,stats    ] all workers. Dividing the <total> over the root stage time estimates parallelism.
[23.735s][info][gc,stats    ] 
[23.735s][info][gc,stats    ] Concurrent Reset                    939 us
[23.735s][info][gc,stats    ] Pause Init Mark (G)                 365 us
[23.735s][info][gc,stats    ] Pause Init Mark (N)                 230 us
[23.735s][info][gc,stats    ]   Update Region States              102 us
[23.735s][info][gc,stats    ] Concurrent Mark Roots              1047 us, parallelism: 0.89x
[23.735s][info][gc,stats    ]   CMR: <total>                      935 us
[23.735s][info][gc,stats    ]   CMR: Thread Roots                 885 us, workers (us): 885, ---, ---, 
[23.735s][info][gc,stats    ]   CMR: VM Strong Roots                4 us, workers (us):   4, ---, ---, 
[23.735s][info][gc,stats    ]   CMR: CLDG Roots                    47 us, workers (us):  47, ---, ---, 
[23.735s][info][gc,stats    ] Concurrent Marking                64897 us
[23.735s][info][gc,stats    ] Pause Final Mark (G)                517 us
[23.735s][info][gc,stats    ] Pause Final Mark (N)                393 us
[23.735s][info][gc,stats    ]   Finish Mark                        70 us
[23.735s][info][gc,stats    ]   Update Region States               94 us
[23.735s][info][gc,stats    ]   Choose Collection Set             109 us
[23.735s][info][gc,stats    ]   Rebuild Free Set                   17 us
[23.735s][info][gc,stats    ] Concurrent Thread Roots            1053 us, parallelism: 0.89x
[23.735s][info][gc,stats    ]   CTR: <total>                      937 us
[23.735s][info][gc,stats    ]   CTR: Thread Roots                 937 us, workers (us): 937, ---, ---, 
[23.735s][info][gc,stats    ] Concurrent Weak References         3499 us, parallelism: 0.93x
[23.735s][info][gc,stats    ]   CWRF: <total>                    3245 us
[23.735s][info][gc,stats    ]   CWRF: Weak References            3245 us, workers (us): 3245, ---, ---, 
[23.735s][info][gc,stats    ] Concurrent Weak Roots              2667 us
[23.735s][info][gc,stats    ]   Roots                            2463 us, parallelism: 0.96x
[23.735s][info][gc,stats    ]     CWR: <total>                   2371 us
[23.735s][info][gc,stats    ]     CWR: Code Cache Roots          1663 us, workers (us): 1663, ---, ---, 
[23.735s][info][gc,stats    ]     CWR: VM Weak Roots              693 us, workers (us): 693, ---, ---, 
[23.735s][info][gc,stats    ]     CWR: CLDG Roots                  15 us, workers (us):  15, ---, ---, 
[23.735s][info][gc,stats    ]   Rendezvous                         82 us
[23.735s][info][gc,stats    ] Concurrent Cleanup                   69 us
[23.735s][info][gc,stats    ] Concurrent Class Unloading         8337 us
[23.735s][info][gc,stats    ]   Unlink Stale                     7848 us
[23.735s][info][gc,stats    ]     System Dictionary                18 us
[23.735s][info][gc,stats    ]     Weak Class Links                 34 us
[23.735s][info][gc,stats    ]     Code Roots                     7794 us
[23.735s][info][gc,stats    ]   Rendezvous                        105 us
[23.735s][info][gc,stats    ]   Purge Unlinked                    295 us
[23.735s][info][gc,stats    ]     Code Roots                      283 us
[23.735s][info][gc,stats    ]     CLDG                             11 us
[23.735s][info][gc,stats    ]     Exception Caches                  0 us
[23.735s][info][gc,stats    ] Concurrent Strong Roots             225 us, parallelism: 0.38x
[23.735s][info][gc,stats    ]   CSR: <total>                       86 us
[23.735s][info][gc,stats    ]   CSR: VM Strong Roots                3 us, workers (us):   3, ---, ---, 
[23.735s][info][gc,stats    ]   CSR: CLDG Roots                    83 us, workers (us):  83, ---, ---, 
[23.735s][info][gc,stats    ] Concurrent Evacuation             19707 us
[23.735s][info][gc,stats    ] Pause Init Update Refs (G)          243 us
[23.735s][info][gc,stats    ] Pause Init Update Refs (N)          101 us
[23.735s][info][gc,stats    ]   Manage GCLABs                       3 us
[23.735s][info][gc,stats    ] Concurrent Update Refs            55235 us
[23.735s][info][gc,stats    ] Concurrent Update Thread Roots      864 us
[23.735s][info][gc,stats    ] Pause Final Update Refs (G)         263 us
[23.735s][info][gc,stats    ] Pause Final Update Refs (N)         187 us
[23.735s][info][gc,stats    ]   Update Region States               62 us
[23.735s][info][gc,stats    ]   Trash Collection Set                8 us
[23.735s][info][gc,stats    ]   Rebuild Free Set                   22 us
[23.735s][info][gc,stats    ] Concurrent Cleanup                   46 us
[23.735s][info][gc,stats    ] 
[23.735s][info][gc,stats    ] Allocation pacing accrued:
[23.735s][info][gc,stats    ]       0 of  2343 ms (  0.0%): <total>
[23.735s][info][gc,stats    ]       0 of  2343 ms (  0.0%): <average total>
[23.735s][info][gc,stats    ] 
[23.735s][info][gc,metaspace] Metaspace: 34469K(35136K)->34469K(35136K) NonClass: 27943K(28416K)->27943K(28416K) Class: 6525K(6720K)->6525K(6720K)
[23.735s][info][gc,ergo     ] Pacer for Idle. Initial: 83886K, Alloc Tax Rate: 1.0x
[25.026s][info][gc          ] Trigger: Learning 4 of 5. Free (2866M) is below initial threshold (2867M)
[25.026s][info][gc,ergo     ] Free: 2866M, Max: 2048K regular, 2750M humongous, Frag: 5% external, 0% internal; Reserve: 206M, Max: 2048K
[25.027s][info][gc,start    ] GC(12) Concurrent reset
[25.027s][info][gc,task     ] GC(12) Using 1 of 3 workers for concurrent reset
[25.027s][info][gc,ergo     ] GC(12) Pacer for Reset. Non-Taxable: 4096M
[25.028s][info][gc          ] GC(12) Concurrent reset 1.484ms
[25.028s][info][gc,start    ] GC(12) Pause Init Mark (unload classes)
[25.028s][info][gc,task     ] GC(12) Using 3 of 3 workers for init marking
[25.028s][info][gc,ergo     ] GC(12) Pacer for Mark. Expected Live: 37428K, Free: 2866M, Non-Taxable: 286M, Alloc Tax Rate: 0.0x
[25.028s][info][gc          ] GC(12) Pause Init Mark (unload classes) 0.123ms
[25.028s][info][gc,start    ] GC(12) Concurrent marking roots
[25.028s][info][gc,task     ] GC(12) Using 1 of 3 workers for concurrent marking roots
[25.030s][info][gc          ] GC(12) Concurrent marking roots 1.256ms
[25.030s][info][gc,start    ] GC(12) Concurrent marking (unload classes)
[25.030s][info][gc,task     ] GC(12) Using 1 of 3 workers for concurrent marking
[25.060s][info][gc          ] GC(12) Concurrent marking (unload classes) 29.922ms
[25.060s][info][gc,start    ] GC(12) Pause Final Mark (unload classes)
[25.060s][info][gc,task     ] GC(12) Using 3 of 3 workers for final marking
[25.060s][info][gc,ergo     ] GC(12) Collectable Garbage: 933M (93%), Immediate: 933M (93%), CSet: 0B (0%)
[25.060s][info][gc          ] GC(12) Pause Final Mark (unload classes) 0.355ms
[25.060s][info][gc,start    ] GC(12) Concurrent weak references
[25.060s][info][gc,task     ] GC(12) Using 1 of 3 workers for concurrent weak references
[25.060s][info][gc,ref      ] GC(12) Encountered references: Soft: 3098, Weak: 7590, Final: 31, Phantom: 90
[25.060s][info][gc,ref      ] GC(12) Discovered  references: Soft: 0, Weak: 848, Final: 1, Phantom: 58
[25.060s][info][gc,ref      ] GC(12) Enqueued    references: Soft: 0, Weak: 7, Final: 0, Phantom: 0
[25.060s][info][gc          ] GC(12) Concurrent weak references 0.251ms
[25.060s][info][gc,start    ] GC(12) Concurrent weak roots
[25.060s][info][gc,task     ] GC(12) Using 1 of 3 workers for concurrent weak root
[25.063s][info][gc          ] GC(12) Concurrent weak roots 2.263ms
[25.063s][info][gc,start    ] GC(12) Concurrent cleanup
[25.063s][info][gc          ] GC(12) Concurrent cleanup 1027M->93M(4096M) 0.088ms
[25.063s][info][gc,ergo     ] GC(12) Free: 3796M, Max: 2048K regular, 2958M humongous, Frag: 23% external, 0% internal; Reserve: 206M, Max: 2048K
[25.063s][info][gc,start    ] GC(12) Concurrent class unloading
[25.063s][info][gc,task     ] GC(12) Using 1 of 3 workers for concurrent class unloading
[25.069s][info][gc          ] GC(12) Concurrent class unloading 6.224ms
[25.069s][info][gc,start    ] GC(12) Pause Final Roots
[25.069s][info][gc          ] GC(12) Pause Final Roots 0.043ms
[25.069s][info][gc,ergo     ] Free: 3794M, Max: 2048K regular, 2958M humongous, Frag: 23% external, 0% internal; Reserve: 206M, Max: 2048K
[25.069s][info][gc,stats    ] 
[25.069s][info][gc,stats    ] All times are wall-clock times, except per-root-class counters, that are sum over
[25.069s][info][gc,stats    ] all workers. Dividing the <total> over the root stage time estimates parallelism.
[25.069s][info][gc,stats    ] 
[25.069s][info][gc,stats    ] Concurrent Reset                   1537 us
[25.069s][info][gc,stats    ] Pause Init Mark (G)                 256 us
[25.069s][info][gc,stats    ] Pause Init Mark (N)                 132 us
[25.070s][info][gc,stats    ]   Update Region States               56 us
[25.070s][info][gc,stats    ] Concurrent Mark Roots              1276 us, parallelism: 0.90x
[25.070s][info][gc,stats    ]   CMR: <total>                     1151 us
[25.070s][info][gc,stats    ]   CMR: Thread Roots                1063 us, workers (us): 1063, ---, ---, 
[25.070s][info][gc,stats    ]   CMR: VM Strong Roots                5 us, workers (us):   5, ---, ---, 
[25.070s][info][gc,stats    ]   CMR: CLDG Roots                    82 us, workers (us):  82, ---, ---, 
[25.070s][info][gc,stats    ] Concurrent Marking                29964 us
[25.070s][info][gc,stats    ] Pause Final Mark (G)                497 us
[25.070s][info][gc,stats    ] Pause Final Mark (N)                379 us
[25.070s][info][gc,stats    ]   Finish Mark                       110 us
[25.070s][info][gc,stats    ]   Update Region States               88 us
[25.070s][info][gc,stats    ]   Choose Collection Set              72 us
[25.070s][info][gc,stats    ]   Rebuild Free Set                   17 us
[25.070s][info][gc,stats    ] Concurrent Weak References          269 us, parallelism: 0.16x
[25.070s][info][gc,stats    ]   CWRF: <total>                      43 us
[25.070s][info][gc,stats    ]   CWRF: Weak References              43 us, workers (us):  43, ---, ---, 
[25.070s][info][gc,stats    ] Concurrent Weak Roots              2347 us
[25.070s][info][gc,stats    ]   Roots                            2156 us, parallelism: 0.94x
[25.070s][info][gc,stats    ]     CWR: <total>                   2035 us
[25.070s][info][gc,stats    ]     CWR: Code Cache Roots          1668 us, workers (us): 1668, ---, ---, 
[25.070s][info][gc,stats    ]     CWR: VM Weak Roots              354 us, workers (us): 354, ---, ---, 
[25.070s][info][gc,stats    ]     CWR: CLDG Roots                  14 us, workers (us):  14, ---, ---, 
[25.070s][info][gc,stats    ]   Rendezvous                         66 us
[25.070s][info][gc,stats    ] Concurrent Cleanup                  108 us
[25.070s][info][gc,stats    ] Concurrent Class Unloading         6292 us
[25.070s][info][gc,stats    ]   Unlink Stale                     5768 us
[25.070s][info][gc,stats    ]     System Dictionary                16 us
[25.070s][info][gc,stats    ]     Weak Class Links                  0 us
[25.070s][info][gc,stats    ]     Code Roots                     5749 us
[25.070s][info][gc,stats    ]   Rendezvous                        106 us
[25.070s][info][gc,stats    ]   Purge Unlinked                    311 us
[25.070s][info][gc,stats    ]     Code Roots                      298 us
[25.070s][info][gc,stats    ]     CLDG                             13 us
[25.070s][info][gc,stats    ]     Exception Caches                  0 us
[25.070s][info][gc,stats    ] Pause Final Roots (G)               187 us
[25.070s][info][gc,stats    ] Pause Final Roots (N)                61 us
[25.070s][info][gc,stats    ] 
[25.070s][info][gc,stats    ] Allocation pacing accrued:
[25.070s][info][gc,stats    ]       0 of  1335 ms (  0.0%): <total>
[25.070s][info][gc,stats    ]       0 of  1335 ms (  0.0%): <average total>
[25.070s][info][gc,stats    ] 
[25.070s][info][gc,metaspace] Metaspace: 34469K(35136K)->34469K(35136K) NonClass: 27943K(28416K)->27943K(28416K) Class: 6525K(6720K)->6525K(6720K)
[25.070s][info][gc,ergo     ] Pacer for Idle. Initial: 83886K, Alloc Tax Rate: 1.0x
[26.685s][info][gc          ] Trigger: Explicit GC request (System.gc())
[26.685s][info][gc,ergo     ] Free: 3110M, Max: 2048K regular, 2958M humongous, Frag: 5% external, 0% internal; Reserve: 206M, Max: 2048K
[26.686s][info][gc,start    ] GC(13) Concurrent reset
[26.686s][info][gc,task     ] GC(13) Using 1 of 3 workers for concurrent reset
[26.686s][info][gc,ergo     ] GC(13) Pacer for Reset. Non-Taxable: 4096M
[26.686s][info][gc          ] GC(13) Concurrent reset 0.809ms
[26.686s][info][gc,start    ] GC(13) Pause Init Mark (unload classes)
[26.687s][info][gc,task     ] GC(13) Using 3 of 3 workers for init marking
[26.687s][info][gc,ref      ] GC(13) Clearing All SoftReferences
[26.687s][info][gc,ergo     ] GC(13) Pacer for Mark. Expected Live: 33991K, Free: 3110M, Non-Taxable: 311M, Alloc Tax Rate: 0.0x
[26.687s][info][gc          ] GC(13) Pause Init Mark (unload classes) 0.361ms
[26.687s][info][gc,start    ] GC(13) Concurrent marking roots
[26.687s][info][gc,task     ] GC(13) Using 1 of 3 workers for concurrent marking roots
[26.687s][info][gc          ] GC(13) Concurrent marking roots 0.350ms
[26.687s][info][gc,start    ] GC(13) Concurrent marking (unload classes)
[26.687s][info][gc,task     ] GC(13) Using 1 of 3 workers for concurrent marking
[26.753s][info][gc          ] GC(13) Concurrent marking (unload classes) 65.510ms
[26.753s][info][gc,start    ] GC(13) Pause Final Mark (unload classes)
[26.753s][info][gc,task     ] GC(13) Using 3 of 3 workers for final marking
[26.753s][info][gc,ergo     ] GC(13) Adaptive CSet Selection. Target Free: 580M, Actual Free: 3813M, Max CSet: 170M, Min Garbage: 0B
[26.753s][info][gc,ergo     ] GC(13) Collectable Garbage: 734M (99%), Immediate: 497M (67%), CSet: 236M (32%)
[26.754s][info][gc,ergo     ] GC(13) Pacer for Evacuation. Used CSet: 253M, Free: 3608M, Non-Taxable: 360M, Alloc Tax Rate: 1.1x
[26.754s][info][gc          ] GC(13) Pause Final Mark (unload classes) 0.584ms
[26.754s][info][gc,start    ] GC(13) Concurrent thread roots
[26.754s][info][gc,task     ] GC(13) Using 1 of 3 workers for Concurrent thread roots
[26.754s][info][gc          ] GC(13) Concurrent thread roots 0.510ms
[26.754s][info][gc,start    ] GC(13) Concurrent weak references
[26.754s][info][gc,task     ] GC(13) Using 1 of 3 workers for concurrent weak references
[26.757s][info][gc,ref      ] GC(13) Encountered references: Soft: 3098, Weak: 7581, Final: 25031, Phantom: 88
[26.757s][info][gc,ref      ] GC(13) Discovered  references: Soft: 71, Weak: 637, Final: 25001, Phantom: 53
[26.757s][info][gc,ref      ] GC(13) Enqueued    references: Soft: 7, Weak: 0, Final: 25000, Phantom: 0
[26.757s][info][gc          ] GC(13) Concurrent weak references 3.269ms
[26.757s][info][gc,start    ] GC(13) Concurrent weak roots
[26.757s][info][gc,task     ] GC(13) Using 1 of 3 workers for concurrent weak root
[26.760s][info][gc          ] GC(13) Concurrent weak roots 2.463ms
[26.760s][info][gc,start    ] GC(13) Concurrent cleanup
[26.760s][info][gc          ] GC(13) Concurrent cleanup 783M->285M(4096M) 0.064ms
[26.760s][info][gc,ergo     ] GC(13) Free: 3606M, Max: 2048K regular, 2960M humongous, Frag: 18% external, 0% internal; Reserve: 202M, Max: 2048K
[26.760s][info][gc,start    ] GC(13) Concurrent class unloading
[26.760s][info][gc,task     ] GC(13) Using 1 of 3 workers for concurrent class unloading
[26.767s][info][gc          ] GC(13) Concurrent class unloading 7.083ms
[26.767s][info][gc,start    ] GC(13) Concurrent strong roots
[26.767s][info][gc,task     ] GC(13) Using 1 of 3 workers for concurrent strong root
[26.767s][info][gc          ] GC(13) Concurrent strong roots 0.208ms
[26.768s][info][gc,start    ] GC(13) Concurrent evacuation
[26.768s][info][gc,task     ] GC(13) Using 1 of 3 workers for concurrent evacuation
[26.786s][info][gc          ] GC(13) Concurrent evacuation 18.176ms
[26.786s][info][gc,start    ] GC(13) Pause Init Update Refs
[26.786s][info][gc,ergo     ] GC(13) Pacer for Update Refs. Used: 303M, Free: 3606M, Non-Taxable: 360M, Alloc Tax Rate: 1.1x
[26.786s][info][gc          ] GC(13) Pause Init Update Refs 0.108ms
[26.786s][info][gc,start    ] GC(13) Concurrent update references
[26.786s][info][gc,task     ] GC(13) Using 1 of 3 workers for concurrent reference update
[26.821s][info][gc          ] GC(13) Concurrent update references 35.347ms
[26.821s][info][gc,start    ] GC(13) Concurrent update thread roots
[26.822s][info][gc          ] GC(13) Concurrent update thread roots 0.578ms
[26.822s][info][gc,start    ] GC(13) Pause Final Update Refs
[26.822s][info][gc,task     ] GC(13) Using 3 of 3 workers for final reference update
[26.822s][info][gc          ] GC(13) Pause Final Update Refs 0.144ms
[26.822s][info][gc,start    ] GC(13) Concurrent cleanup
[26.822s][info][gc          ] GC(13) Concurrent cleanup 303M->49M(4096M) 0.034ms
[26.822s][info][gc,ergo     ] Free: 3840M, Max: 2048K regular, 3128M humongous, Frag: 19% external, 0% internal; Reserve: 206M, Max: 2048K
[26.822s][info][gc,stats    ] 
[26.822s][info][gc,stats    ] All times are wall-clock times, except per-root-class counters, that are sum over
[26.822s][info][gc,stats    ] all workers. Dividing the <total> over the root stage time estimates parallelism.
[26.822s][info][gc,stats    ] 
[26.822s][info][gc,stats    ] Concurrent Reset                    850 us
[26.822s][info][gc,stats    ] Pause Init Mark (G)                 547 us
[26.822s][info][gc,stats    ] Pause Init Mark (N)                 379 us
[26.822s][info][gc,stats    ]   Update Region States              217 us
[26.822s][info][gc,stats    ] Concurrent Mark Roots               371 us, parallelism: 0.68x
[26.822s][info][gc,stats    ]   CMR: <total>                      252 us
[26.822s][info][gc,stats    ]   CMR: Thread Roots                 202 us, workers (us): 202, ---, ---, 
[26.822s][info][gc,stats    ]   CMR: VM Strong Roots                6 us, workers (us):   6, ---, ---, 
[26.822s][info][gc,stats    ]   CMR: CLDG Roots                    44 us, workers (us):  44, ---, ---, 
[26.822s][info][gc,stats    ] Concurrent Marking                65579 us
[26.822s][info][gc,stats    ] Pause Final Mark (G)                741 us
[26.823s][info][gc,stats    ] Pause Final Mark (N)                606 us
[26.823s][info][gc,stats    ]   Finish Mark                        95 us
[26.823s][info][gc,stats    ]   Update Region States              207 us
[26.823s][info][gc,stats    ]   Choose Collection Set             131 us
[26.823s][info][gc,stats    ]   Rebuild Free Set                   22 us
[26.823s][info][gc,stats    ] Concurrent Thread Roots             529 us, parallelism: 0.72x
[26.823s][info][gc,stats    ]   CTR: <total>                      380 us
[26.823s][info][gc,stats    ]   CTR: Thread Roots                 380 us, workers (us): 380, ---, ---, 
[26.823s][info][gc,stats    ] Concurrent Weak References         3287 us, parallelism: 0.83x
[26.823s][info][gc,stats    ]   CWRF: <total>                    2739 us
[26.823s][info][gc,stats    ]   CWRF: Weak References            2739 us, workers (us): 2739, ---, ---, 
[26.823s][info][gc,stats    ] Concurrent Weak Roots              2534 us
[26.823s][info][gc,stats    ]   Roots                            2317 us, parallelism: 0.95x
[26.823s][info][gc,stats    ]     CWR: <total>                   2197 us
[26.823s][info][gc,stats    ]     CWR: Code Cache Roots          1504 us, workers (us): 1504, ---, ---, 
[26.823s][info][gc,stats    ]     CWR: VM Weak Roots              678 us, workers (us): 678, ---, ---, 
[26.823s][info][gc,stats    ]     CWR: CLDG Roots                  14 us, workers (us):  14, ---, ---, 
[26.823s][info][gc,stats    ]   Rendezvous                        107 us
[26.823s][info][gc,stats    ] Concurrent Cleanup                   82 us
[26.823s][info][gc,stats    ] Concurrent Class Unloading         7149 us
[26.823s][info][gc,stats    ]   Unlink Stale                     6639 us
[26.823s][info][gc,stats    ]     System Dictionary                18 us
[26.823s][info][gc,stats    ]     Weak Class Links                  0 us
[26.823s][info][gc,stats    ]     Code Roots                     6619 us
[26.823s][info][gc,stats    ]   Rendezvous                        106 us
[26.823s][info][gc,stats    ]   Purge Unlinked                    300 us
[26.823s][info][gc,stats    ]     Code Roots                      288 us
[26.823s][info][gc,stats    ]     CLDG                             11 us
[26.823s][info][gc,stats    ]     Exception Caches                  0 us
[26.823s][info][gc,stats    ] Concurrent Strong Roots             247 us, parallelism: 0.36x
[26.823s][info][gc,stats    ]   CSR: <total>                       88 us
[26.823s][info][gc,stats    ]   CSR: VM Strong Roots                4 us, workers (us):   4, ---, ---, 
[26.823s][info][gc,stats    ]   CSR: CLDG Roots                    84 us, workers (us):  84, ---, ---, 
[26.823s][info][gc,stats    ] Concurrent Evacuation             18244 us
[26.823s][info][gc,stats    ] Pause Init Update Refs (G)          263 us
[26.823s][info][gc,stats    ] Pause Init Update Refs (N)          130 us
[26.823s][info][gc,stats    ]   Manage GCLABs                       5 us
[26.823s][info][gc,stats    ] Concurrent Update Refs            35418 us
[26.823s][info][gc,stats    ] Concurrent Update Thread Roots      617 us
[26.823s][info][gc,stats    ] Pause Final Update Refs (G)         256 us
[26.823s][info][gc,stats    ] Pause Final Update Refs (N)         154 us
[26.823s][info][gc,stats    ]   Update Region States               46 us
[26.823s][info][gc,stats    ]   Trash Collection Set                6 us
[26.823s][info][gc,stats    ]   Rebuild Free Set                   15 us
[26.823s][info][gc,stats    ] Concurrent Cleanup                   45 us
[26.823s][info][gc,stats    ] 
[26.823s][info][gc,stats    ] Allocation pacing accrued:
[26.823s][info][gc,stats    ]       0 of  1753 ms (  0.0%): <total>
[26.823s][info][gc,stats    ]       0 of  1753 ms (  0.0%): <average total>
[26.823s][info][gc,stats    ] 
[26.823s][info][gc,metaspace] Metaspace: 34473K(35136K)->34473K(35136K) NonClass: 27947K(28416K)->27947K(28416K) Class: 6525K(6720K)->6525K(6720K)
[26.823s][info][gc,ergo     ] Pacer for Idle. Initial: 83886K, Alloc Tax Rate: 1.0x
[28.251s][info][gc          ] Trigger: Learning 2 of 5. Free (2858M) is below initial threshold (2867M)
[28.251s][info][gc,ergo     ] Free: 2858M, Max: 2048K regular, 2858M humongous, Frag: 0% external, 0% internal; Reserve: 206M, Max: 2048K
[28.251s][info][gc,start    ] GC(14) Concurrent reset
[28.251s][info][gc,task     ] GC(14) Using 1 of 3 workers for concurrent reset
[28.251s][info][gc,ergo     ] GC(14) Pacer for Reset. Non-Taxable: 4096M
[28.252s][info][gc          ] GC(14) Concurrent reset 1.337ms
[28.252s][info][gc,start    ] GC(14) Pause Init Mark (unload classes)
[28.252s][info][gc,task     ] GC(14) Using 3 of 3 workers for init marking
[28.253s][info][gc,ergo     ] GC(14) Pacer for Mark. Expected Live: 37424K, Free: 2858M, Non-Taxable: 285M, Alloc Tax Rate: 0.0x
[28.253s][info][gc          ] GC(14) Pause Init Mark (unload classes) 0.189ms
[28.253s][info][gc,start    ] GC(14) Concurrent marking roots
[28.253s][info][gc,task     ] GC(14) Using 1 of 3 workers for concurrent marking roots
[28.254s][info][gc          ] GC(14) Concurrent marking roots 1.398ms
[28.254s][info][gc,start    ] GC(14) Concurrent marking (unload classes)
[28.254s][info][gc,task     ] GC(14) Using 1 of 3 workers for concurrent marking
[28.284s][info][gc          ] GC(14) Concurrent marking (unload classes) 29.388ms
[28.284s][info][gc,start    ] GC(14) Pause Final Mark (unload classes)
[28.284s][info][gc,task     ] GC(14) Using 3 of 3 workers for final marking
[28.284s][info][gc,ergo     ] GC(14) Collectable Garbage: 952M (94%), Immediate: 952M (94%), CSet: 0B (0%)
[28.284s][info][gc          ] GC(14) Pause Final Mark (unload classes) 0.255ms
[28.284s][info][gc,start    ] GC(14) Concurrent weak references
[28.284s][info][gc,task     ] GC(14) Using 1 of 3 workers for concurrent weak references
[28.284s][info][gc,ref      ] GC(14) Encountered references: Soft: 3092, Weak: 7601, Final: 34, Phantom: 90
[28.284s][info][gc,ref      ] GC(14) Discovered  references: Soft: 0, Weak: 845, Final: 4, Phantom: 58
[28.284s][info][gc,ref      ] GC(14) Enqueued    references: Soft: 0, Weak: 7, Final: 3, Phantom: 0
[28.284s][info][gc          ] GC(14) Concurrent weak references 0.200ms
[28.284s][info][gc,start    ] GC(14) Concurrent weak roots
[28.284s][info][gc,task     ] GC(14) Using 1 of 3 workers for concurrent weak root
[28.286s][info][gc          ] GC(14) Concurrent weak roots 1.806ms
[28.286s][info][gc,start    ] GC(14) Concurrent cleanup
[28.286s][info][gc          ] GC(14) Concurrent cleanup 1055M->103M(4096M) 0.080ms
[28.286s][info][gc,ergo     ] GC(14) Free: 3786M, Max: 2048K regular, 2844M humongous, Frag: 25% external, 0% internal; Reserve: 206M, Max: 2048K
[28.286s][info][gc,start    ] GC(14) Concurrent class unloading
[28.286s][info][gc,task     ] GC(14) Using 1 of 3 workers for concurrent class unloading
[28.298s][info][gc          ] GC(14) Concurrent class unloading 11.706ms
[28.298s][info][gc,start    ] GC(14) Pause Final Roots
[28.298s][info][gc          ] GC(14) Pause Final Roots 0.042ms
[28.298s][info][gc,ergo     ] Free: 3780M, Max: 2048K regular, 2844M humongous, Frag: 25% external, 0% internal; Reserve: 206M, Max: 2048K
[28.298s][info][gc,stats    ] 
[28.298s][info][gc,stats    ] All times are wall-clock times, except per-root-class counters, that are sum over
[28.298s][info][gc,stats    ] all workers. Dividing the <total> over the root stage time estimates parallelism.
[28.298s][info][gc,stats    ] 
[28.298s][info][gc,stats    ] Concurrent Reset                   1402 us
[28.298s][info][gc,stats    ] Pause Init Mark (G)                 404 us
[28.298s][info][gc,stats    ] Pause Init Mark (N)                 207 us
[28.298s][info][gc,stats    ]   Update Region States               75 us
[28.298s][info][gc,stats    ] Concurrent Mark Roots              1438 us, parallelism: 0.87x
[28.298s][info][gc,stats    ]   CMR: <total>                     1250 us
[28.298s][info][gc,stats    ]   CMR: Thread Roots                1196 us, workers (us): 1196, ---, ---, 
[28.298s][info][gc,stats    ]   CMR: VM Strong Roots                5 us, workers (us):   5, ---, ---, 
[28.298s][info][gc,stats    ]   CMR: CLDG Roots                    49 us, workers (us):  49, ---, ---, 
[28.298s][info][gc,stats    ] Concurrent Marking                29449 us
[28.298s][info][gc,stats    ] Pause Final Mark (G)                391 us
[28.298s][info][gc,stats    ] Pause Final Mark (N)                264 us
[28.298s][info][gc,stats    ]   Finish Mark                        71 us
[28.298s][info][gc,stats    ]   Update Region States               65 us
[28.298s][info][gc,stats    ]   Choose Collection Set              46 us
[28.298s][info][gc,stats    ]   Rebuild Free Set                    8 us
[28.298s][info][gc,stats    ] Concurrent Weak References          208 us, parallelism: 0.27x
[28.298s][info][gc,stats    ]   CWRF: <total>                      56 us
[28.298s][info][gc,stats    ]   CWRF: Weak References              56 us, workers (us):  56, ---, ---, 
[28.298s][info][gc,stats    ] Concurrent Weak Roots              1873 us
[28.298s][info][gc,stats    ]   Roots                            1706 us, parallelism: 0.95x
[28.298s][info][gc,stats    ]     CWR: <total>                   1614 us
[28.298s][info][gc,stats    ]     CWR: Code Cache Roots          1288 us, workers (us): 1288, ---, ---, 
[28.298s][info][gc,stats    ]     CWR: VM Weak Roots              315 us, workers (us): 315, ---, ---, 
[28.298s][info][gc,stats    ]     CWR: CLDG Roots                  11 us, workers (us):  11, ---, ---, 
[28.298s][info][gc,stats    ]   Rendezvous                         79 us
[28.298s][info][gc,stats    ] Concurrent Cleanup                  100 us
[28.298s][info][gc,stats    ] Concurrent Class Unloading        11774 us
[28.298s][info][gc,stats    ]   Unlink Stale                    11195 us
[28.298s][info][gc,stats    ]     System Dictionary               152 us
[28.299s][info][gc,stats    ]     Weak Class Links               4038 us
[28.299s][info][gc,stats    ]     Code Roots                     7002 us
[28.299s][info][gc,stats    ]   Rendezvous                        103 us
[28.299s][info][gc,stats    ]   Purge Unlinked                    370 us
[28.299s][info][gc,stats    ]     Code Roots                      316 us
[28.299s][info][gc,stats    ]     CLDG                             53 us
[28.299s][info][gc,stats    ]     Exception Caches                  0 us
[28.299s][info][gc,stats    ] Pause Final Roots (G)               191 us
[28.299s][info][gc,stats    ] Pause Final Roots (N)                60 us
[28.299s][info][gc,stats    ] 
[28.299s][info][gc,stats    ] Allocation pacing accrued:
[28.299s][info][gc,stats    ]       0 of  1476 ms (  0.0%): <total>
[28.299s][info][gc,stats    ]       0 of  1476 ms (  0.0%): <average total>
[28.299s][info][gc,stats    ] 
[28.299s][info][gc,metaspace] Metaspace: 34715K(35392K)->34672K(35392K) NonClass: 28188K(28672K)->28146K(28672K) Class: 6526K(6720K)->6525K(6720K)
[28.299s][info][gc,ergo     ] Pacer for Idle. Initial: 83886K, Alloc Tax Rate: 1.0x
[30.480s][info][gc          ] Trigger: Learning 3 of 5. Free (2858M) is below initial threshold (2867M)
[30.480s][info][gc,ergo     ] Free: 2858M, Max: 2048K regular, 2844M humongous, Frag: 1% external, 0% internal; Reserve: 206M, Max: 2048K
[30.480s][info][gc,start    ] GC(15) Concurrent reset
[30.480s][info][gc,task     ] GC(15) Using 1 of 3 workers for concurrent reset
[30.480s][info][gc,ergo     ] GC(15) Pacer for Reset. Non-Taxable: 4096M
[30.480s][info][gc          ] GC(15) Concurrent reset 0.493ms
[30.480s][info][gc,start    ] GC(15) Pause Init Mark (unload classes)
[30.480s][info][gc,task     ] GC(15) Using 3 of 3 workers for init marking
[30.481s][info][gc,ergo     ] GC(15) Pacer for Mark. Expected Live: 33990K, Free: 2858M, Non-Taxable: 285M, Alloc Tax Rate: 0.0x
[30.481s][info][gc          ] GC(15) Pause Init Mark (unload classes) 0.165ms
[30.481s][info][gc,start    ] GC(15) Concurrent marking roots
[30.481s][info][gc,task     ] GC(15) Using 1 of 3 workers for concurrent marking roots
[30.482s][info][gc          ] GC(15) Concurrent marking roots 1.379ms
[30.482s][info][gc,start    ] GC(15) Concurrent marking (unload classes)
[30.482s][info][gc,task     ] GC(15) Using 1 of 3 workers for concurrent marking
[30.551s][info][gc          ] GC(15) Concurrent marking (unload classes) 68.984ms
[30.551s][info][gc,start    ] GC(15) Pause Final Mark (unload classes)
[30.551s][info][gc,task     ] GC(15) Using 3 of 3 workers for final marking
[30.551s][info][gc,ergo     ] GC(15) Adaptive CSet Selection. Target Free: 580M, Actual Free: 3706M, Max CSet: 170M, Min Garbage: 0B
[30.552s][info][gc,ergo     ] GC(15) Collectable Garbage: 986M (99%), Immediate: 730M (73%), CSet: 256M (25%)
[30.552s][info][gc,ergo     ] GC(15) Pacer for Evacuation. Used CSet: 274M, Free: 3500M, Non-Taxable: 350M, Alloc Tax Rate: 1.1x
[30.552s][info][gc          ] GC(15) Pause Final Mark (unload classes) 0.364ms
[30.552s][info][gc,start    ] GC(15) Concurrent thread roots
[30.552s][info][gc,task     ] GC(15) Using 1 of 3 workers for Concurrent thread roots
[30.553s][info][gc          ] GC(15) Concurrent thread roots 1.238ms
[30.553s][info][gc,start    ] GC(15) Concurrent weak references
[30.553s][info][gc,task     ] GC(15) Using 1 of 3 workers for concurrent weak references
[30.556s][info][gc,ref      ] GC(15) Encountered references: Soft: 3098, Weak: 7589, Final: 25031, Phantom: 90
[30.556s][info][gc,ref      ] GC(15) Discovered  references: Soft: 0, Weak: 840, Final: 25001, Phantom: 55
[30.556s][info][gc,ref      ] GC(15) Enqueued    references: Soft: 0, Weak: 0, Final: 25000, Phantom: 0
[30.556s][info][gc          ] GC(15) Concurrent weak references 3.092ms
[30.556s][info][gc,start    ] GC(15) Concurrent weak roots
[30.556s][info][gc,task     ] GC(15) Using 1 of 3 workers for concurrent weak root
[30.559s][info][gc          ] GC(15) Concurrent weak roots 2.754ms
[30.559s][info][gc,start    ] GC(15) Concurrent cleanup
[30.559s][info][gc          ] GC(15) Concurrent cleanup 1129M->399M(4096M) 0.042ms
[30.559s][info][gc,ergo     ] GC(15) Free: 3492M, Max: 2048K regular, 2762M humongous, Frag: 21% external, 0% internal; Reserve: 204M, Max: 2048K
[30.559s][info][gc,start    ] GC(15) Concurrent class unloading
[30.559s][info][gc,task     ] GC(15) Using 1 of 3 workers for concurrent class unloading
[30.568s][info][gc          ] GC(15) Concurrent class unloading 8.710ms
[30.568s][info][gc,start    ] GC(15) Concurrent strong roots
[30.568s][info][gc,task     ] GC(15) Using 1 of 3 workers for concurrent strong root
[30.568s][info][gc          ] GC(15) Concurrent strong roots 0.211ms
[30.568s][info][gc,start    ] GC(15) Concurrent evacuation
[30.568s][info][gc,task     ] GC(15) Using 1 of 3 workers for concurrent evacuation
[30.590s][info][gc          ] GC(15) Concurrent evacuation 21.679ms
[30.590s][info][gc,start    ] GC(15) Pause Init Update Refs
[30.590s][info][gc,ergo     ] GC(15) Pacer for Update Refs. Used: 449M, Free: 3460M, Non-Taxable: 346M, Alloc Tax Rate: 1.1x
[30.590s][info][gc          ] GC(15) Pause Init Update Refs 0.087ms
[30.590s][info][gc,start    ] GC(15) Concurrent update references
[30.590s][info][gc,task     ] GC(15) Using 1 of 3 workers for concurrent reference update
[30.647s][info][gc          ] GC(15) Concurrent update references 56.966ms
[30.647s][info][gc,start    ] GC(15) Concurrent update thread roots
[30.648s][info][gc          ] GC(15) Concurrent update thread roots 0.723ms
[30.648s][info][gc,start    ] GC(15) Pause Final Update Refs
[30.648s][info][gc,task     ] GC(15) Using 3 of 3 workers for final reference update
[30.648s][info][gc          ] GC(15) Pause Final Update Refs 0.184ms
[30.648s][info][gc,start    ] GC(15) Concurrent cleanup
[30.648s][info][gc          ] GC(15) Concurrent cleanup 485M->211M(4096M) 0.026ms
[30.648s][info][gc,ergo     ] Free: 3678M, Max: 2048K regular, 2752M humongous, Frag: 26% external, 0% internal; Reserve: 206M, Max: 2048K
[30.648s][info][gc,stats    ] 
[30.648s][info][gc,stats    ] All times are wall-clock times, except per-root-class counters, that are sum over
[30.648s][info][gc,stats    ] all workers. Dividing the <total> over the root stage time estimates parallelism.
[30.648s][info][gc,stats    ] 
[30.648s][info][gc,stats    ] Concurrent Reset                    536 us
[30.648s][info][gc,stats    ] Pause Init Mark (G)                 358 us
[30.648s][info][gc,stats    ] Pause Init Mark (N)                 182 us
[30.648s][info][gc,stats    ]   Update Region States               72 us
[30.648s][info][gc,stats    ] Concurrent Mark Roots              1398 us, parallelism: 0.91x
[30.648s][info][gc,stats    ]   CMR: <total>                     1272 us
[30.648s][info][gc,stats    ]   CMR: Thread Roots                1182 us, workers (us): 1182, ---, ---, 
[30.648s][info][gc,stats    ]   CMR: VM Strong Roots                6 us, workers (us):   6, ---, ---, 
[30.648s][info][gc,stats    ]   CMR: CLDG Roots                    84 us, workers (us):  84, ---, ---, 
[30.648s][info][gc,stats    ] Concurrent Marking                69047 us
[30.648s][info][gc,stats    ] Pause Final Mark (G)                460 us
[30.648s][info][gc,stats    ] Pause Final Mark (N)                372 us
[30.648s][info][gc,stats    ]   Finish Mark                        91 us
[30.648s][info][gc,stats    ]   Update Region States               66 us
[30.648s][info][gc,stats    ]   Choose Collection Set              66 us
[30.648s][info][gc,stats    ]   Rebuild Free Set                    8 us
[30.648s][info][gc,stats    ] Concurrent Thread Roots            1257 us, parallelism: 0.91x
[30.648s][info][gc,stats    ]   CTR: <total>                     1147 us
[30.648s][info][gc,stats    ]   CTR: Thread Roots                1147 us, workers (us): 1147, ---, ---, 
[30.648s][info][gc,stats    ] Concurrent Weak References         3109 us, parallelism: 0.93x
[30.648s][info][gc,stats    ]   CWRF: <total>                    2894 us
[30.648s][info][gc,stats    ]   CWRF: Weak References            2894 us, workers (us): 2894, ---, ---, 
[30.648s][info][gc,stats    ] Concurrent Weak Roots              2811 us
[30.648s][info][gc,stats    ]   Roots                            2644 us, parallelism: 0.97x
[30.648s][info][gc,stats    ]     CWR: <total>                   2560 us
[30.648s][info][gc,stats    ]     CWR: Code Cache Roots          1848 us, workers (us): 1848, ---, ---, 
[30.648s][info][gc,stats    ]     CWR: VM Weak Roots              696 us, workers (us): 696, ---, ---, 
[30.648s][info][gc,stats    ]     CWR: CLDG Roots                  16 us, workers (us):  16, ---, ---, 
[30.648s][info][gc,stats    ]   Rendezvous                         74 us
[30.648s][info][gc,stats    ] Concurrent Cleanup                   51 us
[30.648s][info][gc,stats    ] Concurrent Class Unloading         8766 us
[30.648s][info][gc,stats    ]   Unlink Stale                     7977 us
[30.648s][info][gc,stats    ]     System Dictionary                14 us
[30.648s][info][gc,stats    ]     Weak Class Links                  0 us
[30.648s][info][gc,stats    ]     Code Roots                     7961 us
[30.648s][info][gc,stats    ]   Rendezvous                        200 us
[30.648s][info][gc,stats    ]   Purge Unlinked                    511 us
[30.648s][info][gc,stats    ]     Code Roots                      504 us
[30.648s][info][gc,stats    ]     CLDG                              7 us
[30.648s][info][gc,stats    ]     Exception Caches                  0 us
[30.648s][info][gc,stats    ] Concurrent Strong Roots             219 us, parallelism: 0.71x
[30.648s][info][gc,stats    ]   CSR: <total>                      155 us
[30.648s][info][gc,stats    ]   CSR: VM Strong Roots                7 us, workers (us):   7, ---, ---, 
[30.648s][info][gc,stats    ]   CSR: CLDG Roots                   149 us, workers (us): 149, ---, ---, 
[30.648s][info][gc,stats    ] Concurrent Evacuation             21756 us
[30.648s][info][gc,stats    ] Pause Init Update Refs (G)          294 us
[30.648s][info][gc,stats    ] Pause Init Update Refs (N)          105 us
[30.648s][info][gc,stats    ]   Manage GCLABs                       4 us
[30.648s][info][gc,stats    ] Concurrent Update Refs            57033 us
[30.648s][info][gc,stats    ] Concurrent Update Thread Roots      733 us
[30.648s][info][gc,stats    ] Pause Final Update Refs (G)         272 us
[30.648s][info][gc,stats    ] Pause Final Update Refs (N)         206 us
[30.648s][info][gc,stats    ]   Update Region States               77 us
[30.648s][info][gc,stats    ]   Trash Collection Set                8 us
[30.648s][info][gc,stats    ]   Rebuild Free Set                   22 us
[30.648s][info][gc,stats    ] Concurrent Cleanup                   35 us
[30.648s][info][gc,stats    ] 
[30.648s][info][gc,stats    ] Allocation pacing accrued:
[30.648s][info][gc,stats    ]       0 of  2350 ms (  0.0%): <total>
[30.648s][info][gc,stats    ]       0 of  2350 ms (  0.0%): <average total>
[30.648s][info][gc,stats    ] 
[30.649s][info][gc,metaspace] Metaspace: 34682K(35392K)->34682K(35392K) NonClass: 28156K(28672K)->28156K(28672K) Class: 6525K(6720K)->6525K(6720K)
[30.649s][info][gc,ergo     ] Pacer for Idle. Initial: 83886K, Alloc Tax Rate: 1.0x
[31.712s][info][gc          ] Trigger: Learning 4 of 5. Free (2864M) is below initial threshold (2867M)
[31.712s][info][gc,ergo     ] Free: 2864M, Max: 2048K regular, 2752M humongous, Frag: 4% external, 0% internal; Reserve: 206M, Max: 2048K
[31.712s][info][gc,start    ] GC(16) Concurrent reset
[31.712s][info][gc,task     ] GC(16) Using 1 of 3 workers for concurrent reset
[31.712s][info][gc,ergo     ] GC(16) Pacer for Reset. Non-Taxable: 4096M
[31.714s][info][gc          ] GC(16) Concurrent reset 1.426ms
[31.714s][info][gc,start    ] GC(16) Pause Init Mark (unload classes)
[31.714s][info][gc,task     ] GC(16) Using 3 of 3 workers for init marking
[31.714s][info][gc,ergo     ] GC(16) Pacer for Mark. Expected Live: 37430K, Free: 2862M, Non-Taxable: 286M, Alloc Tax Rate: 0.0x
[31.714s][info][gc          ] GC(16) Pause Init Mark (unload classes) 0.126ms
[31.714s][info][gc,start    ] GC(16) Concurrent marking roots
[31.714s][info][gc,task     ] GC(16) Using 1 of 3 workers for concurrent marking roots
[31.716s][info][gc          ] GC(16) Concurrent marking roots 1.972ms
[31.716s][info][gc,start    ] GC(16) Concurrent marking (unload classes)
[31.716s][info][gc,task     ] GC(16) Using 1 of 3 workers for concurrent marking
[31.745s][info][gc          ] GC(16) Concurrent marking (unload classes) 29.009ms
[31.745s][info][gc,start    ] GC(16) Pause Final Mark (unload classes)
[31.745s][info][gc,task     ] GC(16) Using 3 of 3 workers for final marking
[31.745s][info][gc,ergo     ] GC(16) Collectable Garbage: 943M (94%), Immediate: 943M (94%), CSet: 0B (0%)
[31.745s][info][gc          ] GC(16) Pause Final Mark (unload classes) 0.341ms
[31.745s][info][gc,start    ] GC(16) Concurrent weak references
[31.746s][info][gc,task     ] GC(16) Using 1 of 3 workers for concurrent weak references
[31.746s][info][gc,ref      ] GC(16) Encountered references: Soft: 3098, Weak: 7598, Final: 31, Phantom: 90
[31.746s][info][gc,ref      ] GC(16) Discovered  references: Soft: 0, Weak: 867, Final: 1, Phantom: 55
[31.746s][info][gc,ref      ] GC(16) Enqueued    references: Soft: 0, Weak: 7, Final: 0, Phantom: 0
[31.746s][info][gc          ] GC(16) Concurrent weak references 0.159ms
[31.746s][info][gc,start    ] GC(16) Concurrent weak roots
[31.746s][info][gc,task     ] GC(16) Using 1 of 3 workers for concurrent weak root
[31.747s][info][gc          ] GC(16) Concurrent weak roots 1.755ms
[31.747s][info][gc,start    ] GC(16) Concurrent cleanup
[31.748s][info][gc          ] GC(16) Concurrent cleanup 1033M->89M(4096M) 0.047ms
[31.748s][info][gc,ergo     ] GC(16) Free: 3800M, Max: 2048K regular, 2958M humongous, Frag: 23% external, 0% internal; Reserve: 206M, Max: 2048K
[31.748s][info][gc,start    ] GC(16) Concurrent class unloading
[31.748s][info][gc,task     ] GC(16) Using 1 of 3 workers for concurrent class unloading
[31.755s][info][gc          ] GC(16) Concurrent class unloading 7.149ms
[31.755s][info][gc,start    ] GC(16) Pause Final Roots
[31.755s][info][gc          ] GC(16) Pause Final Roots 0.042ms
[31.755s][info][gc,ergo     ] Free: 3800M, Max: 2048K regular, 2958M humongous, Frag: 23% external, 0% internal; Reserve: 206M, Max: 2048K
[31.755s][info][gc,stats    ] 
[31.755s][info][gc,stats    ] All times are wall-clock times, except per-root-class counters, that are sum over
[31.755s][info][gc,stats    ] all workers. Dividing the <total> over the root stage time estimates parallelism.
[31.755s][info][gc,stats    ] 
[31.755s][info][gc,stats    ] Concurrent Reset                   1475 us
[31.755s][info][gc,stats    ] Pause Init Mark (G)                 232 us
[31.755s][info][gc,stats    ] Pause Init Mark (N)                 135 us
[31.755s][info][gc,stats    ]   Update Region States               68 us
[31.755s][info][gc,stats    ] Concurrent Mark Roots              2010 us, parallelism: 0.91x
[31.755s][info][gc,stats    ]   CMR: <total>                     1826 us
[31.755s][info][gc,stats    ]   CMR: Thread Roots                1776 us, workers (us): 1776, ---, ---, 
[31.755s][info][gc,stats    ]   CMR: VM Strong Roots                5 us, workers (us):   5, ---, ---, 
[31.755s][info][gc,stats    ]   CMR: CLDG Roots                    45 us, workers (us):  45, ---, ---, 
[31.755s][info][gc,stats    ] Concurrent Marking                29058 us
[31.755s][info][gc,stats    ] Pause Final Mark (G)                477 us
[31.755s][info][gc,stats    ] Pause Final Mark (N)                361 us
[31.755s][info][gc,stats    ]   Finish Mark                       108 us
[31.755s][info][gc,stats    ]   Update Region States               88 us
[31.755s][info][gc,stats    ]   Choose Collection Set              62 us
[31.755s][info][gc,stats    ]   Rebuild Free Set                   16 us
[31.755s][info][gc,stats    ] Concurrent Weak References          166 us, parallelism: 0.25x
[31.755s][info][gc,stats    ]   CWRF: <total>                      41 us
[31.755s][info][gc,stats    ]   CWRF: Weak References              41 us, workers (us):  41, ---, ---, 
[31.755s][info][gc,stats    ] Concurrent Weak Roots              1803 us
[31.755s][info][gc,stats    ]   Roots                            1675 us, parallelism: 0.94x
[31.755s][info][gc,stats    ]     CWR: <total>                   1583 us
[31.755s][info][gc,stats    ]     CWR: Code Cache Roots          1258 us, workers (us): 1258, ---, ---, 
[31.755s][info][gc,stats    ]     CWR: VM Weak Roots              313 us, workers (us): 313, ---, ---, 
[31.755s][info][gc,stats    ]     CWR: CLDG Roots                  12 us, workers (us):  12, ---, ---, 
[31.755s][info][gc,stats    ]   Rendezvous                         60 us
[31.755s][info][gc,stats    ] Concurrent Cleanup                   56 us
[31.755s][info][gc,stats    ] Concurrent Class Unloading         7207 us
[31.755s][info][gc,stats    ]   Unlink Stale                     6639 us
[31.755s][info][gc,stats    ]     System Dictionary                13 us
[31.755s][info][gc,stats    ]     Weak Class Links                  0 us
[31.755s][info][gc,stats    ]     Code Roots                     6623 us
[31.755s][info][gc,stats    ]   Rendezvous                        161 us
[31.755s][info][gc,stats    ]   Purge Unlinked                    326 us
[31.755s][info][gc,stats    ]     Code Roots                      314 us
[31.755s][info][gc,stats    ]     CLDG                             12 us
[31.755s][info][gc,stats    ]     Exception Caches                  0 us
[31.755s][info][gc,stats    ] Pause Final Roots (G)               169 us
[31.755s][info][gc,stats    ] Pause Final Roots (N)                60 us
[31.755s][info][gc,stats    ] 
[31.755s][info][gc,stats    ] Allocation pacing accrued:
[31.755s][info][gc,stats    ]       0 of  1107 ms (  0.0%): <total>
[31.755s][info][gc,stats    ]       0 of  1107 ms (  0.0%): <average total>
[31.755s][info][gc,stats    ] 
[31.755s][info][gc,metaspace] Metaspace: 34682K(35392K)->34682K(35392K) NonClass: 28156K(28672K)->28156K(28672K) Class: 6525K(6720K)->6525K(6720K)
[31.755s][info][gc,ergo     ] Pacer for Idle. Initial: 83886K, Alloc Tax Rate: 1.0x
[33.406s][info][gc          ] Trigger: Explicit GC request (System.gc())
[33.406s][info][gc,ergo     ] Free: 3112M, Max: 2048K regular, 2958M humongous, Frag: 5% external, 0% internal; Reserve: 206M, Max: 2048K
[33.406s][info][gc,start    ] GC(17) Concurrent reset
[33.406s][info][gc,task     ] GC(17) Using 1 of 3 workers for concurrent reset
[33.406s][info][gc,ergo     ] GC(17) Pacer for Reset. Non-Taxable: 4096M
[33.407s][info][gc          ] GC(17) Concurrent reset 0.612ms
[33.407s][info][gc,start    ] GC(17) Pause Init Mark (unload classes)
[33.407s][info][gc,task     ] GC(17) Using 3 of 3 workers for init marking
[33.407s][info][gc,ref      ] GC(17) Clearing All SoftReferences
[33.407s][info][gc,ergo     ] GC(17) Pacer for Mark. Expected Live: 33993K, Free: 3112M, Non-Taxable: 311M, Alloc Tax Rate: 0.0x
[33.407s][info][gc          ] GC(17) Pause Init Mark (unload classes) 0.155ms
[33.407s][info][gc,start    ] GC(17) Concurrent marking roots
[33.407s][info][gc,task     ] GC(17) Using 1 of 3 workers for concurrent marking roots
[33.407s][info][gc          ] GC(17) Concurrent marking roots 0.396ms
[33.407s][info][gc,start    ] GC(17) Concurrent marking (unload classes)
[33.407s][info][gc,task     ] GC(17) Using 1 of 3 workers for concurrent marking
[33.473s][info][gc          ] GC(17) Concurrent marking (unload classes) 65.399ms
[33.473s][info][gc,start    ] GC(17) Pause Final Mark (unload classes)
[33.473s][info][gc,task     ] GC(17) Using 3 of 3 workers for final marking
[33.473s][info][gc,ergo     ] GC(17) Adaptive CSet Selection. Target Free: 580M, Actual Free: 3813M, Max CSet: 170M, Min Garbage: 0B
[33.473s][info][gc,ergo     ] GC(17) Collectable Garbage: 732M (99%), Immediate: 495M (67%), CSet: 236M (32%)
[33.473s][info][gc,ergo     ] GC(17) Pacer for Evacuation. Used CSet: 253M, Free: 3608M, Non-Taxable: 360M, Alloc Tax Rate: 1.1x
[33.473s][info][gc          ] GC(17) Pause Final Mark (unload classes) 0.389ms
[33.473s][info][gc,start    ] GC(17) Concurrent thread roots
[33.473s][info][gc,task     ] GC(17) Using 1 of 3 workers for Concurrent thread roots
[33.474s][info][gc          ] GC(17) Concurrent thread roots 0.265ms
[33.474s][info][gc,start    ] GC(17) Concurrent weak references
[33.474s][info][gc,task     ] GC(17) Using 1 of 3 workers for concurrent weak references
[33.477s][info][gc,ref      ] GC(17) Encountered references: Soft: 3098, Weak: 7591, Final: 25031, Phantom: 88
[33.477s][info][gc,ref      ] GC(17) Discovered  references: Soft: 71, Weak: 637, Final: 25001, Phantom: 53
[33.477s][info][gc,ref      ] GC(17) Enqueued    references: Soft: 7, Weak: 0, Final: 25000, Phantom: 0
[33.477s][info][gc          ] GC(17) Concurrent weak references 3.098ms
[33.477s][info][gc,start    ] GC(17) Concurrent weak roots
[33.477s][info][gc,task     ] GC(17) Using 1 of 3 workers for concurrent weak root
[33.479s][info][gc          ] GC(17) Concurrent weak roots 2.405ms
[33.479s][info][gc,start    ] GC(17) Concurrent cleanup
[33.479s][info][gc          ] GC(17) Concurrent cleanup 781M->285M(4096M) 0.061ms
[33.479s][info][gc,ergo     ] GC(17) Free: 3606M, Max: 2048K regular, 2960M humongous, Frag: 18% external, 0% internal; Reserve: 204M, Max: 2048K
[33.479s][info][gc,start    ] GC(17) Concurrent class unloading
[33.479s][info][gc,task     ] GC(17) Using 1 of 3 workers for concurrent class unloading
[33.487s][info][gc          ] GC(17) Concurrent class unloading 7.570ms
[33.487s][info][gc,start    ] GC(17) Concurrent strong roots
[33.487s][info][gc,task     ] GC(17) Using 1 of 3 workers for concurrent strong root
[33.487s][info][gc          ] GC(17) Concurrent strong roots 0.196ms
[33.487s][info][gc,start    ] GC(17) Concurrent evacuation
[33.487s][info][gc,task     ] GC(17) Using 1 of 3 workers for concurrent evacuation
[33.505s][info][gc          ] GC(17) Concurrent evacuation 18.317ms
[33.506s][info][gc,start    ] GC(17) Pause Init Update Refs
[33.506s][info][gc,ergo     ] GC(17) Pacer for Update Refs. Used: 303M, Free: 3606M, Non-Taxable: 360M, Alloc Tax Rate: 1.1x
[33.506s][info][gc          ] GC(17) Pause Init Update Refs 0.109ms
[33.506s][info][gc,start    ] GC(17) Concurrent update references
[33.506s][info][gc,task     ] GC(17) Using 1 of 3 workers for concurrent reference update
[33.541s][info][gc          ] GC(17) Concurrent update references 35.189ms
[33.541s][info][gc,start    ] GC(17) Concurrent update thread roots
[33.542s][info][gc          ] GC(17) Concurrent update thread roots 0.508ms
[33.542s][info][gc,start    ] GC(17) Pause Final Update Refs
[33.542s][info][gc,task     ] GC(17) Using 3 of 3 workers for final reference update
[33.542s][info][gc          ] GC(17) Pause Final Update Refs 0.131ms
[33.542s][info][gc,start    ] GC(17) Concurrent cleanup
[33.542s][info][gc          ] GC(17) Concurrent cleanup 303M->49M(4096M) 0.036ms
[33.542s][info][gc,ergo     ] Free: 3840M, Max: 2048K regular, 3128M humongous, Frag: 19% external, 0% internal; Reserve: 206M, Max: 2048K
[33.542s][info][gc,stats    ] 
[33.542s][info][gc,stats    ] All times are wall-clock times, except per-root-class counters, that are sum over
[33.542s][info][gc,stats    ] all workers. Dividing the <total> over the root stage time estimates parallelism.
[33.542s][info][gc,stats    ] 
[33.542s][info][gc,stats    ] Concurrent Reset                    653 us
[33.542s][info][gc,stats    ] Pause Init Mark (G)                 288 us
[33.542s][info][gc,stats    ] Pause Init Mark (N)                 163 us
[33.542s][info][gc,stats    ]   Update Region States               70 us
[33.542s][info][gc,stats    ] Concurrent Mark Roots               415 us, parallelism: 0.68x
[33.542s][info][gc,stats    ]   CMR: <total>                      281 us
[33.542s][info][gc,stats    ]   CMR: Thread Roots                 197 us, workers (us): 197, ---, ---, 
[33.542s][info][gc,stats    ]   CMR: VM Strong Roots                6 us, workers (us):   6, ---, ---, 
[33.542s][info][gc,stats    ]   CMR: CLDG Roots                    79 us, workers (us):  79, ---, ---, 
[33.542s][info][gc,stats    ] Concurrent Marking                65469 us
[33.542s][info][gc,stats    ] Pause Final Mark (G)                515 us
[33.542s][info][gc,stats    ] Pause Final Mark (N)                410 us
[33.542s][info][gc,stats    ]   Finish Mark                        96 us
[33.542s][info][gc,stats    ]   Update Region States               54 us
[33.542s][info][gc,stats    ]   Choose Collection Set             104 us
[33.542s][info][gc,stats    ]   Rebuild Free Set                   22 us
[33.542s][info][gc,stats    ] Concurrent Thread Roots             283 us, parallelism: 0.71x
[33.542s][info][gc,stats    ]   CTR: <total>                      201 us
[33.542s][info][gc,stats    ]   CTR: Thread Roots                 201 us, workers (us): 201, ---, ---, 
[33.542s][info][gc,stats    ] Concurrent Weak References         3116 us, parallelism: 0.91x
[33.542s][info][gc,stats    ]   CWRF: <total>                    2849 us
[33.542s][info][gc,stats    ]   CWRF: Weak References            2849 us, workers (us): 2849, ---, ---, 
[33.542s][info][gc,stats    ] Concurrent Weak Roots              2476 us
[33.542s][info][gc,stats    ]   Roots                            2238 us, parallelism: 0.96x
[33.542s][info][gc,stats    ]     CWR: <total>                   2149 us
[33.542s][info][gc,stats    ]     CWR: Code Cache Roots          1449 us, workers (us): 1449, ---, ---, 
[33.542s][info][gc,stats    ]     CWR: VM Weak Roots              686 us, workers (us): 686, ---, ---, 
[33.542s][info][gc,stats    ]     CWR: CLDG Roots                  15 us, workers (us):  15, ---, ---, 
[33.542s][info][gc,stats    ]   Rendezvous                        125 us
[33.542s][info][gc,stats    ] Concurrent Cleanup                   80 us
[33.542s][info][gc,stats    ] Concurrent Class Unloading         7638 us
[33.542s][info][gc,stats    ]   Unlink Stale                     7045 us
[33.542s][info][gc,stats    ]     System Dictionary                17 us
[33.542s][info][gc,stats    ]     Weak Class Links                  0 us
[33.542s][info][gc,stats    ]     Code Roots                     7026 us
[33.542s][info][gc,stats    ]   Rendezvous                        152 us
[33.542s][info][gc,stats    ]   Purge Unlinked                    335 us
[33.542s][info][gc,stats    ]     Code Roots                      323 us
[33.542s][info][gc,stats    ]     CLDG                             11 us
[33.542s][info][gc,stats    ]     Exception Caches                  0 us
[33.542s][info][gc,stats    ] Concurrent Strong Roots             215 us, parallelism: 0.46x
[33.542s][info][gc,stats    ]   CSR: <total>                       98 us
[33.542s][info][gc,stats    ]   CSR: VM Strong Roots                4 us, workers (us):   4, ---, ---, 
[33.542s][info][gc,stats    ]   CSR: CLDG Roots                    94 us, workers (us):  94, ---, ---, 
[33.542s][info][gc,stats    ] Concurrent Evacuation             18387 us
[33.542s][info][gc,stats    ] Pause Init Update Refs (G)          297 us
[33.542s][info][gc,stats    ] Pause Init Update Refs (N)          130 us
[33.542s][info][gc,stats    ]   Manage GCLABs                       5 us
[33.542s][info][gc,stats    ] Concurrent Update Refs            35274 us
[33.542s][info][gc,stats    ] Concurrent Update Thread Roots      526 us
[33.542s][info][gc,stats    ] Pause Final Update Refs (G)         209 us
[33.542s][info][gc,stats    ] Pause Final Update Refs (N)         150 us
[33.542s][info][gc,stats    ]   Update Region States               58 us
[33.542s][info][gc,stats    ]   Trash Collection Set                6 us
[33.542s][info][gc,stats    ]   Rebuild Free Set                   15 us
[33.542s][info][gc,stats    ] Concurrent Cleanup                   46 us
[33.542s][info][gc,stats    ] 
[33.542s][info][gc,stats    ] Allocation pacing accrued:
[33.542s][info][gc,stats    ]       0 of  1787 ms (  0.0%): <total>
[33.542s][info][gc,stats    ]       0 of  1787 ms (  0.0%): <average total>
[33.542s][info][gc,stats    ] 
[33.542s][info][gc,metaspace] Metaspace: 34698K(35392K)->34698K(35392K) NonClass: 28172K(28672K)->28172K(28672K) Class: 6525K(6720K)->6525K(6720K)
[33.542s][info][gc,ergo     ] Pacer for Idle. Initial: 83886K, Alloc Tax Rate: 1.0x
[34.885s][info][gc          ] Trigger: Learning 2 of 5. Free (2860M) is below initial threshold (2867M)
[34.885s][info][gc,ergo     ] Free: 2860M, Max: 2048K regular, 2860M humongous, Frag: 0% external, 0% internal; Reserve: 206M, Max: 2048K
[34.885s][info][gc,start    ] GC(18) Concurrent reset
[34.885s][info][gc,task     ] GC(18) Using 1 of 3 workers for concurrent reset
[34.885s][info][gc,ergo     ] GC(18) Pacer for Reset. Non-Taxable: 4096M
[34.887s][info][gc          ] GC(18) Concurrent reset 1.432ms
[34.887s][info][gc,start    ] GC(18) Pause Init Mark (unload classes)
[34.887s][info][gc,task     ] GC(18) Using 3 of 3 workers for init marking
[34.887s][info][gc,ergo     ] GC(18) Pacer for Mark. Expected Live: 37427K, Free: 2860M, Non-Taxable: 286M, Alloc Tax Rate: 0.0x
[34.887s][info][gc          ] GC(18) Pause Init Mark (unload classes) 0.144ms
[34.887s][info][gc,start    ] GC(18) Concurrent marking roots
[34.887s][info][gc,task     ] GC(18) Using 1 of 3 workers for concurrent marking roots
[34.888s][info][gc          ] GC(18) Concurrent marking roots 0.921ms
[34.888s][info][gc,start    ] GC(18) Concurrent marking (unload classes)
[34.888s][info][gc,task     ] GC(18) Using 1 of 3 workers for concurrent marking
[34.917s][info][gc          ] GC(18) Concurrent marking (unload classes) 29.283ms
[34.917s][info][gc,start    ] GC(18) Pause Final Mark (unload classes)
[34.918s][info][gc,task     ] GC(18) Using 3 of 3 workers for final marking
[34.918s][info][gc,ergo     ] GC(18) Collectable Garbage: 952M (94%), Immediate: 952M (94%), CSet: 0B (0%)
[34.918s][info][gc          ] GC(18) Pause Final Mark (unload classes) 0.237ms
[34.918s][info][gc,start    ] GC(18) Concurrent weak references
[34.918s][info][gc,task     ] GC(18) Using 1 of 3 workers for concurrent weak references
[34.918s][info][gc,ref      ] GC(18) Encountered references: Soft: 3092, Weak: 7613, Final: 34, Phantom: 90
[34.918s][info][gc,ref      ] GC(18) Discovered  references: Soft: 0, Weak: 845, Final: 4, Phantom: 58
[34.918s][info][gc,ref      ] GC(18) Enqueued    references: Soft: 0, Weak: 7, Final: 3, Phantom: 0
[34.918s][info][gc          ] GC(18) Concurrent weak references 0.176ms
[34.918s][info][gc,start    ] GC(18) Concurrent weak roots
[34.918s][info][gc,task     ] GC(18) Using 1 of 3 workers for concurrent weak root
[34.920s][info][gc          ] GC(18) Concurrent weak roots 1.920ms
[34.920s][info][gc,start    ] GC(18) Concurrent cleanup
[34.920s][info][gc          ] GC(18) Concurrent cleanup 1053M->101M(4096M) 0.047ms
[34.920s][info][gc,ergo     ] GC(18) Free: 3788M, Max: 2048K regular, 2846M humongous, Frag: 25% external, 0% internal; Reserve: 206M, Max: 2048K
[34.920s][info][gc,start    ] GC(18) Concurrent class unloading
[34.920s][info][gc,task     ] GC(18) Using 1 of 3 workers for concurrent class unloading
[34.932s][info][gc          ] GC(18) Concurrent class unloading 12.417ms
[34.933s][info][gc,start    ] GC(18) Pause Final Roots
[34.933s][info][gc          ] GC(18) Pause Final Roots 0.042ms
[34.933s][info][gc,ergo     ] Free: 3780M, Max: 2048K regular, 2846M humongous, Frag: 25% external, 0% internal; Reserve: 206M, Max: 2048K
[34.933s][info][gc,stats    ] 
[34.933s][info][gc,stats    ] All times are wall-clock times, except per-root-class counters, that are sum over
[34.933s][info][gc,stats    ] all workers. Dividing the <total> over the root stage time estimates parallelism.
[34.933s][info][gc,stats    ] 
[34.933s][info][gc,stats    ] Concurrent Reset                   1493 us
[34.933s][info][gc,stats    ] Pause Init Mark (G)                 263 us
[34.933s][info][gc,stats    ] Pause Init Mark (N)                 154 us
[34.933s][info][gc,stats    ]   Update Region States               68 us
[34.933s][info][gc,stats    ] Concurrent Mark Roots               942 us, parallelism: 0.87x
[34.933s][info][gc,stats    ]   CMR: <total>                      824 us
[34.933s][info][gc,stats    ]   CMR: Thread Roots                 775 us, workers (us): 775, ---, ---, 
[34.933s][info][gc,stats    ]   CMR: VM Strong Roots                4 us, workers (us):   4, ---, ---, 
[34.933s][info][gc,stats    ]   CMR: CLDG Roots                    45 us, workers (us):  45, ---, ---, 
[34.933s][info][gc,stats    ] Concurrent Marking                29329 us
[34.933s][info][gc,stats    ] Pause Final Mark (G)                383 us
[34.933s][info][gc,stats    ] Pause Final Mark (N)                254 us
[34.933s][info][gc,stats    ]   Finish Mark                        57 us
[34.933s][info][gc,stats    ]   Update Region States               46 us
[34.933s][info][gc,stats    ]   Choose Collection Set              48 us
[34.933s][info][gc,stats    ]   Rebuild Free Set                   17 us
[34.933s][info][gc,stats    ] Concurrent Weak References          193 us, parallelism: 0.23x
[34.933s][info][gc,stats    ]   CWRF: <total>                      43 us
[34.933s][info][gc,stats    ]   CWRF: Weak References              43 us, workers (us):  43, ---, ---, 
[34.933s][info][gc,stats    ] Concurrent Weak Roots              1969 us
[34.933s][info][gc,stats    ]   Roots                            1775 us, parallelism: 0.92x
[34.933s][info][gc,stats    ]     CWR: <total>                   1640 us
[34.933s][info][gc,stats    ]     CWR: Code Cache Roots          1320 us, workers (us): 1320, ---, ---, 
[34.933s][info][gc,stats    ]     CWR: VM Weak Roots              309 us, workers (us): 309, ---, ---, 
[34.933s][info][gc,stats    ]     CWR: CLDG Roots                  12 us, workers (us):  12, ---, ---, 
[34.933s][info][gc,stats    ]   Rendezvous                        122 us
[34.933s][info][gc,stats    ] Concurrent Cleanup                   56 us
[34.933s][info][gc,stats    ] Concurrent Class Unloading        12485 us
[34.933s][info][gc,stats    ]   Unlink Stale                    11874 us
[34.933s][info][gc,stats    ]     System Dictionary               151 us
[34.933s][info][gc,stats    ]     Weak Class Links               4153 us
[34.933s][info][gc,stats    ]     Code Roots                     7568 us
[34.933s][info][gc,stats    ]   Rendezvous                        194 us
[34.933s][info][gc,stats    ]   Purge Unlinked                    327 us
[34.933s][info][gc,stats    ]     Code Roots                      273 us
[34.933s][info][gc,stats    ]     CLDG                             53 us
[34.933s][info][gc,stats    ]     Exception Caches                  0 us
[34.933s][info][gc,stats    ] Pause Final Roots (G)               174 us
[34.933s][info][gc,stats    ] Pause Final Roots (N)                60 us
[34.933s][info][gc,stats    ] 
[34.933s][info][gc,stats    ] Allocation pacing accrued:
[34.933s][info][gc,stats    ]       0 of  1391 ms (  0.0%): <total>
[34.933s][info][gc,stats    ]       0 of  1391 ms (  0.0%): <average total>
[34.933s][info][gc,stats    ] 
[34.933s][info][gc,metaspace] Metaspace: 34798K(35456K)->34755K(35456K) NonClass: 28271K(28736K)->28229K(28736K) Class: 6526K(6720K)->6525K(6720K)
[34.933s][info][gc,ergo     ] Pacer for Idle. Initial: 83886K, Alloc Tax Rate: 1.0x
[37.097s][info][gc          ] Trigger: Learning 3 of 5. Free (2860M) is below initial threshold (2867M)
[37.097s][info][gc,ergo     ] Free: 2860M, Max: 2048K regular, 2846M humongous, Frag: 1% external, 0% internal; Reserve: 206M, Max: 2048K
[37.097s][info][gc,start    ] GC(19) Concurrent reset
[37.097s][info][gc,task     ] GC(19) Using 1 of 3 workers for concurrent reset
[37.097s][info][gc,ergo     ] GC(19) Pacer for Reset. Non-Taxable: 4096M
[37.098s][info][gc          ] GC(19) Concurrent reset 0.634ms
[37.098s][info][gc,start    ] GC(19) Pause Init Mark (unload classes)
[37.098s][info][gc,task     ] GC(19) Using 3 of 3 workers for init marking
[37.098s][info][gc,ergo     ] GC(19) Pacer for Mark. Expected Live: 33992K, Free: 2858M, Non-Taxable: 285M, Alloc Tax Rate: 0.0x
[37.098s][info][gc          ] GC(19) Pause Init Mark (unload classes) 0.243ms
[37.098s][info][gc,start    ] GC(19) Concurrent marking roots
[37.098s][info][gc,task     ] GC(19) Using 1 of 3 workers for concurrent marking roots
[37.100s][info][gc          ] GC(19) Concurrent marking roots 1.276ms
[37.100s][info][gc,start    ] GC(19) Concurrent marking (unload classes)
[37.100s][info][gc,task     ] GC(19) Using 1 of 3 workers for concurrent marking
[37.165s][info][gc          ] GC(19) Concurrent marking (unload classes) 65.269ms
[37.165s][info][gc,start    ] GC(19) Pause Final Mark (unload classes)
[37.165s][info][gc,task     ] GC(19) Using 3 of 3 workers for final marking
[37.165s][info][gc,ergo     ] GC(19) Adaptive CSet Selection. Target Free: 580M, Actual Free: 3712M, Max CSet: 170M, Min Garbage: 0B
[37.165s][info][gc,ergo     ] GC(19) Collectable Garbage: 986M (99%), Immediate: 732M (74%), CSet: 254M (25%)
[37.165s][info][gc,ergo     ] GC(19) Pacer for Evacuation. Used CSet: 272M, Free: 3506M, Non-Taxable: 350M, Alloc Tax Rate: 1.1x
[37.165s][info][gc          ] GC(19) Pause Final Mark (unload classes) 0.284ms
[37.165s][info][gc,start    ] GC(19) Concurrent thread roots
[37.165s][info][gc,task     ] GC(19) Using 1 of 3 workers for Concurrent thread roots
[37.167s][info][gc          ] GC(19) Concurrent thread roots 1.382ms
[37.167s][info][gc,start    ] GC(19) Concurrent weak references
[37.167s][info][gc,task     ] GC(19) Using 1 of 3 workers for concurrent weak references
[37.170s][info][gc,ref      ] GC(19) Encountered references: Soft: 3098, Weak: 7601, Final: 25031, Phantom: 90
[37.170s][info][gc,ref      ] GC(19) Discovered  references: Soft: 0, Weak: 872, Final: 25001, Phantom: 55
[37.170s][info][gc,ref      ] GC(19) Enqueued    references: Soft: 0, Weak: 0, Final: 25000, Phantom: 0
[37.170s][info][gc          ] GC(19) Concurrent weak references 3.478ms
[37.170s][info][gc,start    ] GC(19) Concurrent weak roots
[37.170s][info][gc,task     ] GC(19) Using 1 of 3 workers for concurrent weak root
[37.172s][info][gc          ] GC(19) Concurrent weak roots 2.143ms
[37.172s][info][gc,start    ] GC(19) Concurrent cleanup
[37.172s][info][gc          ] GC(19) Concurrent cleanup 1125M->393M(4096M) 0.045ms
[37.172s][info][gc,ergo     ] GC(19) Free: 3498M, Max: 2048K regular, 2766M humongous, Frag: 21% external, 0% internal; Reserve: 204M, Max: 2048K
[37.172s][info][gc,start    ] GC(19) Concurrent class unloading
[37.172s][info][gc,task     ] GC(19) Using 1 of 3 workers for concurrent class unloading
[37.180s][info][gc          ] GC(19) Concurrent class unloading 7.745ms
[37.180s][info][gc,start    ] GC(19) Concurrent strong roots
[37.180s][info][gc,task     ] GC(19) Using 1 of 3 workers for concurrent strong root
[37.180s][info][gc          ] GC(19) Concurrent strong roots 0.167ms
[37.180s][info][gc,start    ] GC(19) Concurrent evacuation
[37.180s][info][gc,task     ] GC(19) Using 1 of 3 workers for concurrent evacuation
[37.201s][info][gc          ] GC(19) Concurrent evacuation 20.209ms
[37.201s][info][gc,start    ] GC(19) Pause Init Update Refs
[37.201s][info][gc,ergo     ] GC(19) Pacer for Update Refs. Used: 443M, Free: 3466M, Non-Taxable: 346M, Alloc Tax Rate: 1.1x
[37.201s][info][gc          ] GC(19) Pause Init Update Refs 0.085ms
[37.201s][info][gc,start    ] GC(19) Concurrent update references
[37.201s][info][gc,task     ] GC(19) Using 1 of 3 workers for concurrent reference update
[37.256s][info][gc          ] GC(19) Concurrent update references 54.756ms
[37.256s][info][gc,start    ] GC(19) Concurrent update thread roots
[37.257s][info][gc          ] GC(19) Concurrent update thread roots 0.723ms
[37.257s][info][gc,start    ] GC(19) Pause Final Update Refs
[37.257s][info][gc,task     ] GC(19) Using 3 of 3 workers for final reference update
[37.257s][info][gc          ] GC(19) Pause Final Update Refs 0.198ms
[37.257s][info][gc,start    ] GC(19) Concurrent cleanup
[37.257s][info][gc          ] GC(19) Concurrent cleanup 485M->213M(4096M) 0.035ms
[37.257s][info][gc,ergo     ] Free: 3676M, Max: 2048K regular, 2756M humongous, Frag: 26% external, 0% internal; Reserve: 206M, Max: 2048K
[37.257s][info][gc,stats    ] 
[37.257s][info][gc,stats    ] All times are wall-clock times, except per-root-class counters, that are sum over
[37.257s][info][gc,stats    ] all workers. Dividing the <total> over the root stage time estimates parallelism.
[37.257s][info][gc,stats    ] 
[37.257s][info][gc,stats    ] Concurrent Reset                    714 us
[37.257s][info][gc,stats    ] Pause Init Mark (G)                 424 us
[37.257s][info][gc,stats    ] Pause Init Mark (N)                 262 us
[37.257s][info][gc,stats    ]   Update Region States              106 us
[37.257s][info][gc,stats    ] Concurrent Mark Roots              1297 us, parallelism: 0.90x
[37.257s][info][gc,stats    ]   CMR: <total>                     1166 us
[37.257s][info][gc,stats    ]   CMR: Thread Roots                1077 us, workers (us): 1077, ---, ---, 
[37.257s][info][gc,stats    ]   CMR: VM Strong Roots                5 us, workers (us):   5, ---, ---, 
[37.257s][info][gc,stats    ]   CMR: CLDG Roots                    84 us, workers (us):  84, ---, ---, 
[37.257s][info][gc,stats    ] Concurrent Marking                65333 us
[37.257s][info][gc,stats    ] Pause Final Mark (G)                418 us
[37.257s][info][gc,stats    ] Pause Final Mark (N)                292 us
[37.257s][info][gc,stats    ]   Finish Mark                        67 us
[37.257s][info][gc,stats    ]   Update Region States               67 us
[37.257s][info][gc,stats    ]   Choose Collection Set              68 us
[37.257s][info][gc,stats    ]   Rebuild Free Set                    8 us
[37.257s][info][gc,stats    ] Concurrent Thread Roots            1400 us, parallelism: 0.94x
[37.257s][info][gc,stats    ]   CTR: <total>                     1320 us
[37.257s][info][gc,stats    ]   CTR: Thread Roots                1320 us, workers (us): 1320, ---, ---, 
[37.257s][info][gc,stats    ] Concurrent Weak References         3497 us, parallelism: 0.93x
[37.257s][info][gc,stats    ]   CWRF: <total>                    3243 us
[37.257s][info][gc,stats    ]   CWRF: Weak References            3243 us, workers (us): 3243, ---, ---, 
[37.257s][info][gc,stats    ] Concurrent Weak Roots              2197 us
[37.257s][info][gc,stats    ]   Roots                            2021 us, parallelism: 0.97x
[37.257s][info][gc,stats    ]     CWR: <total>                   1951 us
[37.257s][info][gc,stats    ]     CWR: Code Cache Roots          1574 us, workers (us): 1574, ---, ---, 
[37.257s][info][gc,stats    ]     CWR: VM Weak Roots              363 us, workers (us): 363, ---, ---, 
[37.257s][info][gc,stats    ]     CWR: CLDG Roots                  14 us, workers (us):  14, ---, ---, 
[37.257s][info][gc,stats    ]   Rendezvous                         79 us
[37.257s][info][gc,stats    ] Concurrent Cleanup                   54 us
[37.257s][info][gc,stats    ] Concurrent Class Unloading         7802 us
[37.257s][info][gc,stats    ]   Unlink Stale                     7258 us
[37.257s][info][gc,stats    ]     System Dictionary                15 us
[37.257s][info][gc,stats    ]     Weak Class Links                  0 us
[37.257s][info][gc,stats    ]     Code Roots                     7240 us
[37.257s][info][gc,stats    ]   Rendezvous                        113 us
[37.257s][info][gc,stats    ]   Purge Unlinked                    335 us
[37.257s][info][gc,stats    ]     Code Roots                      328 us
[37.257s][info][gc,stats    ]     CLDG                              7 us
[37.257s][info][gc,stats    ]     Exception Caches                  0 us
[37.257s][info][gc,stats    ] Concurrent Strong Roots             186 us, parallelism: 0.48x
[37.257s][info][gc,stats    ]   CSR: <total>                       90 us
[37.257s][info][gc,stats    ]   CSR: VM Strong Roots                4 us, workers (us):   4, ---, ---, 
[37.257s][info][gc,stats    ]   CSR: CLDG Roots                    85 us, workers (us):  85, ---, ---, 
[37.257s][info][gc,stats    ] Concurrent Evacuation             20279 us
[37.257s][info][gc,stats    ] Pause Init Update Refs (G)          247 us
[37.257s][info][gc,stats    ] Pause Init Update Refs (N)          102 us
[37.257s][info][gc,stats    ]   Manage GCLABs                       3 us
[37.257s][info][gc,stats    ] Concurrent Update Refs            54822 us
[37.257s][info][gc,stats    ] Concurrent Update Thread Roots      742 us
[37.257s][info][gc,stats    ] Pause Final Update Refs (G)         322 us
[37.257s][info][gc,stats    ] Pause Final Update Refs (N)         237 us
[37.257s][info][gc,stats    ]   Update Region States               96 us
[37.257s][info][gc,stats    ]   Trash Collection Set                8 us
[37.257s][info][gc,stats    ]   Rebuild Free Set                   21 us
[37.257s][info][gc,stats    ] Concurrent Cleanup                   46 us
[37.257s][info][gc,stats    ] 
[37.257s][info][gc,stats    ] Allocation pacing accrued:
[37.257s][info][gc,stats    ]       0 of  2324 ms (  0.0%): <total>
[37.257s][info][gc,stats    ]       0 of  2324 ms (  0.0%): <average total>
[37.257s][info][gc,stats    ] 
[37.257s][info][gc,metaspace] Metaspace: 34794K(35456K)->34794K(35456K) NonClass: 28268K(28736K)->28268K(28736K) Class: 6525K(6720K)->6525K(6720K)
[37.257s][info][gc,ergo     ] Pacer for Idle. Initial: 83886K, Alloc Tax Rate: 1.0x
[38.218s][info][gc          ] Trigger: Learning 4 of 5. Free (2866M) is below initial threshold (2867M)
[38.218s][info][gc,ergo     ] Free: 2866M, Max: 2048K regular, 2756M humongous, Frag: 4% external, 0% internal; Reserve: 206M, Max: 2048K
[38.218s][info][gc,start    ] GC(20) Concurrent reset
[38.218s][info][gc,task     ] GC(20) Using 1 of 3 workers for concurrent reset
[38.218s][info][gc,ergo     ] GC(20) Pacer for Reset. Non-Taxable: 4096M
[38.220s][info][gc          ] GC(20) Concurrent reset 1.444ms
[38.220s][info][gc,start    ] GC(20) Pause Init Mark (unload classes)
[38.220s][info][gc,task     ] GC(20) Using 3 of 3 workers for init marking
[38.220s][info][gc,ergo     ] GC(20) Pacer for Mark. Expected Live: 37432K, Free: 2866M, Non-Taxable: 286M, Alloc Tax Rate: 0.0x
[38.220s][info][gc          ] GC(20) Pause Init Mark (unload classes) 0.180ms
[38.220s][info][gc,start    ] GC(20) Concurrent marking roots
[38.220s][info][gc,task     ] GC(20) Using 1 of 3 workers for concurrent marking roots
[38.221s][info][gc          ] GC(20) Concurrent marking roots 1.524ms
[38.221s][info][gc,start    ] GC(20) Concurrent marking (unload classes)
[38.222s][info][gc,task     ] GC(20) Using 1 of 3 workers for concurrent marking
[38.251s][info][gc          ] GC(20) Concurrent marking (unload classes) 29.563ms
[38.251s][info][gc,start    ] GC(20) Pause Final Mark (unload classes)
[38.251s][info][gc,task     ] GC(20) Using 3 of 3 workers for final marking
[38.251s][info][gc,ergo     ] GC(20) Collectable Garbage: 940M (94%), Immediate: 940M (94%), CSet: 0B (0%)
[38.251s][info][gc          ] GC(20) Pause Final Mark (unload classes) 0.306ms
[38.252s][info][gc,start    ] GC(20) Concurrent weak references
[38.252s][info][gc,task     ] GC(20) Using 1 of 3 workers for concurrent weak references
[38.252s][info][gc,ref      ] GC(20) Encountered references: Soft: 3098, Weak: 7614, Final: 31, Phantom: 90
[38.252s][info][gc,ref      ] GC(20) Discovered  references: Soft: 0, Weak: 879, Final: 1, Phantom: 55
[38.252s][info][gc,ref      ] GC(20) Enqueued    references: Soft: 0, Weak: 7, Final: 0, Phantom: 0
[38.252s][info][gc          ] GC(20) Concurrent weak references 0.158ms
[38.252s][info][gc,start    ] GC(20) Concurrent weak roots
[38.252s][info][gc,task     ] GC(20) Using 1 of 3 workers for concurrent weak root
[38.254s][info][gc          ] GC(20) Concurrent weak roots 1.916ms
[38.254s][info][gc,start    ] GC(20) Concurrent cleanup
[38.254s][info][gc          ] GC(20) Concurrent cleanup 1032M->92M(4096M) 0.078ms
[38.254s][info][gc,ergo     ] GC(20) Free: 3798M, Max: 2048K regular, 2956M humongous, Frag: 23% external, 0% internal; Reserve: 206M, Max: 2048K
[38.254s][info][gc,start    ] GC(20) Concurrent class unloading
[38.254s][info][gc,task     ] GC(20) Using 1 of 3 workers for concurrent class unloading
[38.262s][info][gc          ] GC(20) Concurrent class unloading 8.072ms
[38.262s][info][gc,start    ] GC(20) Pause Final Roots
[38.262s][info][gc          ] GC(20) Pause Final Roots 0.041ms
[38.262s][info][gc,ergo     ] Free: 3796M, Max: 2048K regular, 2956M humongous, Frag: 23% external, 0% internal; Reserve: 206M, Max: 2048K
[38.262s][info][gc,stats    ] 
[38.262s][info][gc,stats    ] All times are wall-clock times, except per-root-class counters, that are sum over
[38.262s][info][gc,stats    ] all workers. Dividing the <total> over the root stage time estimates parallelism.
[38.262s][info][gc,stats    ] 
[38.262s][info][gc,stats    ] Concurrent Reset                   1496 us
[38.262s][info][gc,stats    ] Pause Init Mark (G)                 360 us
[38.262s][info][gc,stats    ] Pause Init Mark (N)                 197 us
[38.262s][info][gc,stats    ]   Update Region States               72 us
[38.262s][info][gc,stats    ] Concurrent Mark Roots              1574 us, parallelism: 0.86x
[38.262s][info][gc,stats    ]   CMR: <total>                     1347 us
[38.262s][info][gc,stats    ]   CMR: Thread Roots                1295 us, workers (us): 1295, ---, ---, 
[38.262s][info][gc,stats    ]   CMR: VM Strong Roots                4 us, workers (us):   4, ---, ---, 
[38.262s][info][gc,stats    ]   CMR: CLDG Roots                    49 us, workers (us):  49, ---, ---, 
[38.262s][info][gc,stats    ] Concurrent Marking                29624 us
[38.262s][info][gc,stats    ] Pause Final Mark (G)                429 us
[38.262s][info][gc,stats    ] Pause Final Mark (N)                325 us
[38.262s][info][gc,stats    ]   Finish Mark                       101 us
[38.262s][info][gc,stats    ]   Update Region States               59 us
[38.262s][info][gc,stats    ]   Choose Collection Set              62 us
[38.262s][info][gc,stats    ]   Rebuild Free Set                   17 us
[38.262s][info][gc,stats    ] Concurrent Weak References          166 us, parallelism: 0.25x
[38.262s][info][gc,stats    ]   CWRF: <total>                      41 us
[38.262s][info][gc,stats    ]   CWRF: Weak References              41 us, workers (us):  41, ---, ---, 
[38.262s][info][gc,stats    ] Concurrent Weak Roots              1981 us
[38.262s][info][gc,stats    ]   Roots                            1783 us, parallelism: 0.92x
[38.262s][info][gc,stats    ]     CWR: <total>                   1633 us
[38.262s][info][gc,stats    ]     CWR: Code Cache Roots          1309 us, workers (us): 1309, ---, ---, 
[38.262s][info][gc,stats    ]     CWR: VM Weak Roots              313 us, workers (us): 313, ---, ---, 
[38.263s][info][gc,stats    ]     CWR: CLDG Roots                  12 us, workers (us):  12, ---, ---, 
[38.263s][info][gc,stats    ]   Rendezvous                        111 us
[38.263s][info][gc,stats    ] Concurrent Cleanup                   96 us
[38.263s][info][gc,stats    ] Concurrent Class Unloading         8139 us
[38.263s][info][gc,stats    ]   Unlink Stale                     7610 us
[38.263s][info][gc,stats    ]     System Dictionary                16 us
[38.263s][info][gc,stats    ]     Weak Class Links                  0 us
[38.263s][info][gc,stats    ]     Code Roots                     7592 us
[38.263s][info][gc,stats    ]   Rendezvous                        148 us
[38.263s][info][gc,stats    ]   Purge Unlinked                    275 us
[38.263s][info][gc,stats    ]     Code Roots                      264 us
[38.263s][info][gc,stats    ]     CLDG                             11 us
[38.263s][info][gc,stats    ]     Exception Caches                  0 us
[38.263s][info][gc,stats    ] Pause Final Roots (G)               174 us
[38.263s][info][gc,stats    ] Pause Final Roots (N)                59 us
[38.263s][info][gc,stats    ] 
[38.263s][info][gc,stats    ] Allocation pacing accrued:
[38.263s][info][gc,stats    ]       0 of  1005 ms (  0.0%): <total>
[38.263s][info][gc,stats    ]       0 of  1005 ms (  0.0%): <average total>
[38.263s][info][gc,stats    ] 
[38.263s][info][gc,metaspace] Metaspace: 34794K(35456K)->34794K(35456K) NonClass: 28268K(28736K)->28268K(28736K) Class: 6525K(6720K)->6525K(6720K)
[38.263s][info][gc,ergo     ] Pacer for Idle. Initial: 83886K, Alloc Tax Rate: 1.0x
[39.848s][info][gc          ] Trigger: Explicit GC request (System.gc())
[39.848s][info][gc,ergo     ] Free: 3108M, Max: 2048K regular, 2956M humongous, Frag: 5% external, 0% internal; Reserve: 206M, Max: 2048K
[39.848s][info][gc,start    ] GC(21) Concurrent reset
[39.848s][info][gc,task     ] GC(21) Using 1 of 3 workers for concurrent reset
[39.848s][info][gc,ergo     ] GC(21) Pacer for Reset. Non-Taxable: 4096M
[39.849s][info][gc          ] GC(21) Concurrent reset 0.510ms
[39.849s][info][gc,start    ] GC(21) Pause Init Mark (unload classes)
[39.849s][info][gc,task     ] GC(21) Using 3 of 3 workers for init marking
[39.849s][info][gc,ref      ] GC(21) Clearing All SoftReferences
[39.849s][info][gc,ergo     ] GC(21) Pacer for Mark. Expected Live: 33995K, Free: 3108M, Non-Taxable: 310M, Alloc Tax Rate: 0.0x
[39.849s][info][gc          ] GC(21) Pause Init Mark (unload classes) 0.135ms
[39.849s][info][gc,start    ] GC(21) Concurrent marking roots
[39.849s][info][gc,task     ] GC(21) Using 1 of 3 workers for concurrent marking roots
[39.849s][info][gc          ] GC(21) Concurrent marking roots 0.375ms
[39.849s][info][gc,start    ] GC(21) Concurrent marking (unload classes)
[39.849s][info][gc,task     ] GC(21) Using 1 of 3 workers for concurrent marking
[39.915s][info][gc          ] GC(21) Concurrent marking (unload classes) 65.444ms
[39.915s][info][gc,start    ] GC(21) Pause Final Mark (unload classes)
[39.915s][info][gc,task     ] GC(21) Using 3 of 3 workers for final marking
[39.915s][info][gc,ergo     ] GC(21) Adaptive CSet Selection. Target Free: 580M, Actual Free: 3818M, Max CSet: 170M, Min Garbage: 0B
[39.915s][info][gc,ergo     ] GC(21) Collectable Garbage: 736M (99%), Immediate: 504M (68%), CSet: 232M (31%)
[39.915s][info][gc,ergo     ] GC(21) Pacer for Evacuation. Used CSet: 249M, Free: 3612M, Non-Taxable: 361M, Alloc Tax Rate: 1.1x
[39.915s][info][gc          ] GC(21) Pause Final Mark (unload classes) 0.402ms
[39.915s][info][gc,start    ] GC(21) Concurrent thread roots
[39.915s][info][gc,task     ] GC(21) Using 1 of 3 workers for Concurrent thread roots
[39.916s][info][gc          ] GC(21) Concurrent thread roots 0.324ms
[39.916s][info][gc,start    ] GC(21) Concurrent weak references
[39.916s][info][gc,task     ] GC(21) Using 1 of 3 workers for concurrent weak references
[39.919s][info][gc,ref      ] GC(21) Encountered references: Soft: 3098, Weak: 7605, Final: 25031, Phantom: 88
[39.919s][info][gc,ref      ] GC(21) Discovered  references: Soft: 70, Weak: 4816, Final: 25001, Phantom: 53
[39.919s][info][gc,ref      ] GC(21) Enqueued    references: Soft: 7, Weak: 0, Final: 25000, Phantom: 0
[39.919s][info][gc          ] GC(21) Concurrent weak references 3.703ms
[39.919s][info][gc,start    ] GC(21) Concurrent weak roots
[39.919s][info][gc,task     ] GC(21) Using 1 of 3 workers for concurrent weak root
[39.921s][info][gc          ] GC(21) Concurrent weak roots 1.996ms
[39.921s][info][gc,start    ] GC(21) Concurrent cleanup
[39.921s][info][gc          ] GC(21) Concurrent cleanup 785M->281M(4096M) 0.038ms
[39.921s][info][gc,ergo     ] GC(21) Free: 3610M, Max: 2048K regular, 2956M humongous, Frag: 19% external, 0% internal; Reserve: 204M, Max: 2048K
[39.921s][info][gc,start    ] GC(21) Concurrent class unloading
[39.921s][info][gc,task     ] GC(21) Using 1 of 3 workers for concurrent class unloading
[39.930s][info][gc          ] GC(21) Concurrent class unloading 8.603ms
[39.930s][info][gc,start    ] GC(21) Concurrent strong roots
[39.930s][info][gc,task     ] GC(21) Using 1 of 3 workers for concurrent strong root
[39.930s][info][gc          ] GC(21) Concurrent strong roots 0.255ms
[39.930s][info][gc,start    ] GC(21) Concurrent evacuation
[39.930s][info][gc,task     ] GC(21) Using 1 of 3 workers for concurrent evacuation
[39.949s][info][gc          ] GC(21) Concurrent evacuation 18.574ms
[39.949s][info][gc,start    ] GC(21) Pause Init Update Refs
[39.949s][info][gc,ergo     ] GC(21) Pacer for Update Refs. Used: 299M, Free: 3610M, Non-Taxable: 361M, Alloc Tax Rate: 1.1x
[39.949s][info][gc          ] GC(21) Pause Init Update Refs 0.110ms
[39.949s][info][gc,start    ] GC(21) Concurrent update references
[39.949s][info][gc,task     ] GC(21) Using 1 of 3 workers for concurrent reference update
[39.985s][info][gc          ] GC(21) Concurrent update references 35.594ms
[39.985s][info][gc,start    ] GC(21) Concurrent update thread roots
[39.985s][info][gc          ] GC(21) Concurrent update thread roots 0.298ms
[39.985s][info][gc,start    ] GC(21) Pause Final Update Refs
[39.985s][info][gc,task     ] GC(21) Using 3 of 3 workers for final reference update
[39.986s][info][gc          ] GC(21) Pause Final Update Refs 0.144ms
[39.986s][info][gc,start    ] GC(21) Concurrent cleanup
[39.986s][info][gc          ] GC(21) Concurrent cleanup 299M->49M(4096M) 0.056ms
[39.986s][info][gc,ergo     ] Free: 3840M, Max: 2048K regular, 3126M humongous, Frag: 19% external, 0% internal; Reserve: 206M, Max: 2048K
[39.986s][info][gc,stats    ] 
[39.986s][info][gc,stats    ] All times are wall-clock times, except per-root-class counters, that are sum over
[39.986s][info][gc,stats    ] all workers. Dividing the <total> over the root stage time estimates parallelism.
[39.986s][info][gc,stats    ] 
[39.986s][info][gc,stats    ] Concurrent Reset                    553 us
[39.986s][info][gc,stats    ] Pause Init Mark (G)                 275 us
[39.986s][info][gc,stats    ] Pause Init Mark (N)                 143 us
[39.986s][info][gc,stats    ]   Update Region States               59 us
[39.986s][info][gc,stats    ] Concurrent Mark Roots               395 us, parallelism: 0.62x
[39.986s][info][gc,stats    ]   CMR: <total>                      245 us
[39.986s][info][gc,stats    ]   CMR: Thread Roots                 194 us, workers (us): 194, ---, ---, 
[39.986s][info][gc,stats    ]   CMR: VM Strong Roots                4 us, workers (us):   4, ---, ---, 
[39.986s][info][gc,stats    ]   CMR: CLDG Roots                    48 us, workers (us):  48, ---, ---, 
[39.986s][info][gc,stats    ] Concurrent Marking                65513 us
[39.986s][info][gc,stats    ] Pause Final Mark (G)                514 us
[39.986s][info][gc,stats    ] Pause Final Mark (N)                424 us
[39.986s][info][gc,stats    ]   Finish Mark                        90 us
[39.986s][info][gc,stats    ]   Update Region States               54 us
[39.986s][info][gc,stats    ]   Choose Collection Set             107 us
[39.986s][info][gc,stats    ]   Rebuild Free Set                   22 us
[39.986s][info][gc,stats    ] Concurrent Thread Roots             347 us, parallelism: 0.61x
[39.986s][info][gc,stats    ]   CTR: <total>                      213 us
[39.986s][info][gc,stats    ]   CTR: Thread Roots                 213 us, workers (us): 213, ---, ---, 
[39.986s][info][gc,stats    ] Concurrent Weak References         3721 us, parallelism: 0.93x
[39.986s][info][gc,stats    ]   CWRF: <total>                    3465 us
[39.986s][info][gc,stats    ]   CWRF: Weak References            3465 us, workers (us): 3465, ---, ---, 
[39.986s][info][gc,stats    ] Concurrent Weak Roots              2051 us
[39.986s][info][gc,stats    ]   Roots                            1894 us, parallelism: 0.96x
[39.986s][info][gc,stats    ]     CWR: <total>                   1813 us
[39.986s][info][gc,stats    ]     CWR: Code Cache Roots          1437 us, workers (us): 1437, ---, ---, 
[39.986s][info][gc,stats    ]     CWR: VM Weak Roots              363 us, workers (us): 363, ---, ---, 
[39.986s][info][gc,stats    ]     CWR: CLDG Roots                  13 us, workers (us):  13, ---, ---, 
[39.986s][info][gc,stats    ]   Rendezvous                         63 us
[39.986s][info][gc,stats    ] Concurrent Cleanup                   47 us
[39.986s][info][gc,stats    ] Concurrent Class Unloading         8672 us
[39.986s][info][gc,stats    ]   Unlink Stale                     8128 us
[39.986s][info][gc,stats    ]     System Dictionary                14 us
[39.986s][info][gc,stats    ]     Weak Class Links                  0 us
[39.986s][info][gc,stats    ]     Code Roots                     8112 us
[39.986s][info][gc,stats    ]   Rendezvous                         70 us
[39.986s][info][gc,stats    ]   Purge Unlinked                    383 us
[39.986s][info][gc,stats    ]     Code Roots                      371 us
[39.986s][info][gc,stats    ]     CLDG                             11 us
[39.986s][info][gc,stats    ]     Exception Caches                  0 us
[39.986s][info][gc,stats    ] Concurrent Strong Roots             294 us, parallelism: 0.50x
[39.986s][info][gc,stats    ]   CSR: <total>                      146 us
[39.986s][info][gc,stats    ]   CSR: VM Strong Roots                6 us, workers (us):   6, ---, ---, 
[39.986s][info][gc,stats    ]   CSR: CLDG Roots                   139 us, workers (us): 139, ---, ---, 
[39.986s][info][gc,stats    ] Concurrent Evacuation             18644 us
[39.986s][info][gc,stats    ] Pause Init Update Refs (G)          308 us
[39.986s][info][gc,stats    ] Pause Init Update Refs (N)          132 us
[39.986s][info][gc,stats    ]   Manage GCLABs                       5 us
[39.986s][info][gc,stats    ] Concurrent Update Refs            35659 us
[39.986s][info][gc,stats    ] Concurrent Update Thread Roots      337 us
[39.986s][info][gc,stats    ] Pause Final Update Refs (G)         240 us
[39.986s][info][gc,stats    ] Pause Final Update Refs (N)         163 us
[39.986s][info][gc,stats    ]   Update Region States               69 us
[39.986s][info][gc,stats    ]   Trash Collection Set                6 us
[39.986s][info][gc,stats    ]   Rebuild Free Set                   15 us
[39.986s][info][gc,stats    ] Concurrent Cleanup                   66 us
[39.986s][info][gc,stats    ] 
[39.986s][info][gc,stats    ] Allocation pacing accrued:
[39.986s][info][gc,stats    ]       0 of  1724 ms (  0.0%): <total>
[39.986s][info][gc,stats    ]       0 of  1724 ms (  0.0%): <average total>
[39.986s][info][gc,stats    ] 
[39.986s][info][gc,metaspace] Metaspace: 34823K(35456K)->34823K(35456K) NonClass: 28298K(28736K)->28298K(28736K) Class: 6525K(6720K)->6525K(6720K)
[39.986s][info][gc,ergo     ] Pacer for Idle. Initial: 83886K, Alloc Tax Rate: 1.0x
[41.240s][info][gc          ] Trigger: Learning 2 of 5. Free (2860M) is below initial threshold (2867M)
[41.240s][info][gc,ergo     ] Free: 2860M, Max: 2048K regular, 2860M humongous, Frag: 0% external, 0% internal; Reserve: 206M, Max: 2048K
[41.240s][info][gc,start    ] GC(22) Concurrent reset
[41.240s][info][gc,task     ] GC(22) Using 1 of 3 workers for concurrent reset
[41.240s][info][gc,ergo     ] GC(22) Pacer for Reset. Non-Taxable: 4096M
[41.242s][info][gc          ] GC(22) Concurrent reset 1.552ms
[41.242s][info][gc,start    ] GC(22) Pause Init Mark (unload classes)
[41.242s][info][gc,task     ] GC(22) Using 3 of 3 workers for init marking
[41.242s][info][gc,ergo     ] GC(22) Pacer for Mark. Expected Live: 37428K, Free: 2860M, Non-Taxable: 286M, Alloc Tax Rate: 0.0x
[41.242s][info][gc          ] GC(22) Pause Init Mark (unload classes) 0.160ms
[41.242s][info][gc,start    ] GC(22) Concurrent marking roots
[41.242s][info][gc,task     ] GC(22) Using 1 of 3 workers for concurrent marking roots
[41.243s][info][gc          ] GC(22) Concurrent marking roots 0.877ms
[41.243s][info][gc,start    ] GC(22) Concurrent marking (unload classes)
[41.243s][info][gc,task     ] GC(22) Using 1 of 3 workers for concurrent marking
[41.274s][info][gc          ] GC(22) Concurrent marking (unload classes) 30.669ms
[41.274s][info][gc,start    ] GC(22) Pause Final Mark (unload classes)
[41.274s][info][gc,task     ] GC(22) Using 3 of 3 workers for final marking
[41.274s][info][gc,ergo     ] GC(22) Collectable Garbage: 950M (94%), Immediate: 950M (94%), CSet: 0B (0%)
[41.274s][info][gc          ] GC(22) Pause Final Mark (unload classes) 0.272ms
[41.274s][info][gc,start    ] GC(22) Concurrent weak references
[41.274s][info][gc,task     ] GC(22) Using 1 of 3 workers for concurrent weak references
[41.275s][info][gc,ref      ] GC(22) Encountered references: Soft: 3092, Weak: 7625, Final: 34, Phantom: 90
[41.275s][info][gc,ref      ] GC(22) Discovered  references: Soft: 0, Weak: 846, Final: 4, Phantom: 55
[41.275s][info][gc,ref      ] GC(22) Enqueued    references: Soft: 0, Weak: 7, Final: 3, Phantom: 0
[41.275s][info][gc          ] GC(22) Concurrent weak references 0.250ms
[41.275s][info][gc,start    ] GC(22) Concurrent weak roots
[41.275s][info][gc,task     ] GC(22) Using 1 of 3 workers for concurrent weak root
[41.277s][info][gc          ] GC(22) Concurrent weak roots 2.287ms
[41.277s][info][gc,start    ] GC(22) Concurrent cleanup
[41.277s][info][gc          ] GC(22) Concurrent cleanup 1054M->104M(4096M) 0.081ms
[41.277s][info][gc,ergo     ] GC(22) Free: 3786M, Max: 2048K regular, 2844M humongous, Frag: 25% external, 0% internal; Reserve: 206M, Max: 2048K
[41.277s][info][gc,start    ] GC(22) Concurrent class unloading
[41.277s][info][gc,task     ] GC(22) Using 1 of 3 workers for concurrent class unloading
[41.291s][info][gc          ] GC(22) Concurrent class unloading 13.621ms
[41.291s][info][gc,start    ] GC(22) Pause Final Roots
[41.291s][info][gc          ] GC(22) Pause Final Roots 0.063ms
[41.291s][info][gc,ergo     ] Free: 3778M, Max: 2048K regular, 2844M humongous, Frag: 25% external, 0% internal; Reserve: 206M, Max: 2048K
[41.291s][info][gc,stats    ] 
[41.291s][info][gc,stats    ] All times are wall-clock times, except per-root-class counters, that are sum over
[41.291s][info][gc,stats    ] all workers. Dividing the <total> over the root stage time estimates parallelism.
[41.291s][info][gc,stats    ] 
[41.291s][info][gc,stats    ] Concurrent Reset                   1595 us
[41.291s][info][gc,stats    ] Pause Init Mark (G)                 373 us
[41.291s][info][gc,stats    ] Pause Init Mark (N)                 169 us
[41.291s][info][gc,stats    ]   Update Region States               73 us
[41.291s][info][gc,stats    ] Concurrent Mark Roots               899 us, parallelism: 0.88x
[41.291s][info][gc,stats    ]   CMR: <total>                      792 us
[41.291s][info][gc,stats    ]   CMR: Thread Roots                 735 us, workers (us): 735, ---, ---, 
[41.291s][info][gc,stats    ]   CMR: VM Strong Roots                5 us, workers (us):   5, ---, ---, 
[41.291s][info][gc,stats    ]   CMR: CLDG Roots                    52 us, workers (us):  52, ---, ---, 
[41.291s][info][gc,stats    ] Concurrent Marking                30721 us
[41.291s][info][gc,stats    ] Pause Final Mark (G)                400 us
[41.291s][info][gc,stats    ] Pause Final Mark (N)                281 us
[41.291s][info][gc,stats    ]   Finish Mark                        87 us
[41.291s][info][gc,stats    ]   Update Region States               53 us
[41.291s][info][gc,stats    ]   Choose Collection Set              41 us
[41.291s][info][gc,stats    ]   Rebuild Free Set                    8 us
[41.291s][info][gc,stats    ] Concurrent Weak References          267 us, parallelism: 0.15x
[41.291s][info][gc,stats    ]   CWRF: <total>                      41 us
[41.291s][info][gc,stats    ]   CWRF: Weak References              41 us, workers (us):  41, ---, ---, 
[41.291s][info][gc,stats    ] Concurrent Weak Roots              2358 us
[41.291s][info][gc,stats    ]   Roots                            2113 us, parallelism: 0.96x
[41.291s][info][gc,stats    ]     CWR: <total>                   2029 us
[41.291s][info][gc,stats    ]     CWR: Code Cache Roots          1697 us, workers (us): 1697, ---, ---, 
[41.291s][info][gc,stats    ]     CWR: VM Weak Roots              320 us, workers (us): 320, ---, ---, 
[41.291s][info][gc,stats    ]     CWR: CLDG Roots                  11 us, workers (us):  11, ---, ---, 
[41.291s][info][gc,stats    ]   Rendezvous                        134 us
[41.291s][info][gc,stats    ] Concurrent Cleanup                  100 us
[41.291s][info][gc,stats    ] Concurrent Class Unloading        13673 us
[41.291s][info][gc,stats    ]   Unlink Stale                    13069 us
[41.291s][info][gc,stats    ]     System Dictionary               155 us
[41.291s][info][gc,stats    ]     Weak Class Links               4873 us
[41.291s][info][gc,stats    ]     Code Roots                     8038 us
[41.291s][info][gc,stats    ]   Rendezvous                        147 us
[41.291s][info][gc,stats    ]   Purge Unlinked                    368 us
[41.291s][info][gc,stats    ]     Code Roots                      327 us
[41.291s][info][gc,stats    ]     CLDG                             41 us
[41.291s][info][gc,stats    ]     Exception Caches                  0 us
[41.291s][info][gc,stats    ] Pause Final Roots (G)               186 us
[41.291s][info][gc,stats    ] Pause Final Roots (N)                82 us
[41.291s][info][gc,stats    ] 
[41.291s][info][gc,stats    ] Allocation pacing accrued:
[41.291s][info][gc,stats    ]       0 of  1305 ms (  0.0%): <total>
[41.291s][info][gc,stats    ]       0 of  1305 ms (  0.0%): <average total>
[41.291s][info][gc,stats    ] 
[41.291s][info][gc,metaspace] Metaspace: 35003K(35648K)->34961K(35648K) NonClass: 28477K(28928K)->28435K(28928K) Class: 6526K(6720K)->6525K(6720K)
[41.291s][info][gc,ergo     ] Pacer for Idle. Initial: 83886K, Alloc Tax Rate: 1.0x
[43.256s][info][gc          ] Trigger: Learning 3 of 5. Free (2862M) is below initial threshold (2867M)
[43.256s][info][gc,ergo     ] Free: 2862M, Max: 2048K regular, 2844M humongous, Frag: 1% external, 0% internal; Reserve: 206M, Max: 2048K
[43.256s][info][gc,start    ] GC(23) Concurrent reset
[43.257s][info][gc,task     ] GC(23) Using 1 of 3 workers for concurrent reset
[43.257s][info][gc,ergo     ] GC(23) Pacer for Reset. Non-Taxable: 4096M
[43.257s][info][gc          ] GC(23) Concurrent reset 0.649ms
[43.257s][info][gc,start    ] GC(23) Pause Init Mark (unload classes)
[43.257s][info][gc,task     ] GC(23) Using 3 of 3 workers for init marking
[43.257s][info][gc,ergo     ] GC(23) Pacer for Mark. Expected Live: 33994K, Free: 2860M, Non-Taxable: 286M, Alloc Tax Rate: 0.0x
[43.258s][info][gc          ] GC(23) Pause Init Mark (unload classes) 0.218ms
[43.258s][info][gc,start    ] GC(23) Concurrent marking roots
[43.258s][info][gc,task     ] GC(23) Using 1 of 3 workers for concurrent marking roots
[43.259s][info][gc          ] GC(23) Concurrent marking roots 0.957ms
[43.259s][info][gc,start    ] GC(23) Concurrent marking (unload classes)
[43.259s][info][gc,task     ] GC(23) Using 1 of 3 workers for concurrent marking
[43.323s][info][gc          ] GC(23) Concurrent marking (unload classes) 64.741ms
[43.323s][info][gc,start    ] GC(23) Pause Final Mark (unload classes)
[43.323s][info][gc,task     ] GC(23) Using 3 of 3 workers for final marking
[43.324s][info][gc,ergo     ] GC(23) Adaptive CSet Selection. Target Free: 580M, Actual Free: 3712M, Max CSet: 170M, Min Garbage: 0B
[43.324s][info][gc,ergo     ] GC(23) Collectable Garbage: 984M (99%), Immediate: 730M (73%), CSet: 254M (25%)
[43.324s][info][gc,ergo     ] GC(23) Pacer for Evacuation. Used CSet: 272M, Free: 3506M, Non-Taxable: 350M, Alloc Tax Rate: 1.1x
[43.324s][info][gc          ] GC(23) Pause Final Mark (unload classes) 0.421ms
[43.324s][info][gc,start    ] GC(23) Concurrent thread roots
[43.324s][info][gc,task     ] GC(23) Using 1 of 3 workers for Concurrent thread roots
[43.325s][info][gc          ] GC(23) Concurrent thread roots 0.960ms
[43.325s][info][gc,start    ] GC(23) Concurrent weak references
[43.325s][info][gc,task     ] GC(23) Using 1 of 3 workers for concurrent weak references
[43.328s][info][gc,ref      ] GC(23) Encountered references: Soft: 3098, Weak: 7613, Final: 25031, Phantom: 90
[43.328s][info][gc,ref      ] GC(23) Discovered  references: Soft: 0, Weak: 871, Final: 25001, Phantom: 55
[43.328s][info][gc,ref      ] GC(23) Enqueued    references: Soft: 0, Weak: 0, Final: 25000, Phantom: 0
[43.328s][info][gc          ] GC(23) Concurrent weak references 3.420ms
[43.328s][info][gc,start    ] GC(23) Concurrent weak roots
[43.328s][info][gc,task     ] GC(23) Using 1 of 3 workers for concurrent weak root
[43.331s][info][gc          ] GC(23) Concurrent weak roots 2.670ms
[43.331s][info][gc,start    ] GC(23) Concurrent cleanup
[43.331s][info][gc          ] GC(23) Concurrent cleanup 1123M->393M(4096M) 0.073ms
[43.331s][info][gc,ergo     ] GC(23) Free: 3498M, Max: 2048K regular, 2768M humongous, Frag: 21% external, 0% internal; Reserve: 204M, Max: 2048K
[43.331s][info][gc,start    ] GC(23) Concurrent class unloading
[43.331s][info][gc,task     ] GC(23) Using 1 of 3 workers for concurrent class unloading
[43.340s][info][gc          ] GC(23) Concurrent class unloading 8.806ms
[43.340s][info][gc,start    ] GC(23) Concurrent strong roots
[43.340s][info][gc,task     ] GC(23) Using 1 of 3 workers for concurrent strong root
[43.340s][info][gc          ] GC(23) Concurrent strong roots 0.229ms
[43.340s][info][gc,start    ] GC(23) Concurrent evacuation
[43.340s][info][gc,task     ] GC(23) Using 1 of 3 workers for concurrent evacuation
[43.360s][info][gc          ] GC(23) Concurrent evacuation 19.513ms
[43.360s][info][gc,start    ] GC(23) Pause Init Update Refs
[43.360s][info][gc,ergo     ] GC(23) Pacer for Update Refs. Used: 443M, Free: 3466M, Non-Taxable: 346M, Alloc Tax Rate: 1.1x
[43.360s][info][gc          ] GC(23) Pause Init Update Refs 0.086ms
[43.360s][info][gc,start    ] GC(23) Concurrent update references
[43.360s][info][gc,task     ] GC(23) Using 1 of 3 workers for concurrent reference update
[43.415s][info][gc          ] GC(23) Concurrent update references 55.202ms
[43.415s][info][gc,start    ] GC(23) Concurrent update thread roots
[43.416s][info][gc          ] GC(23) Concurrent update thread roots 0.743ms
[43.416s][info][gc,start    ] GC(23) Pause Final Update Refs
[43.416s][info][gc,task     ] GC(23) Using 3 of 3 workers for final reference update
[43.416s][info][gc          ] GC(23) Pause Final Update Refs 0.163ms
[43.417s][info][gc,start    ] GC(23) Concurrent cleanup
[43.417s][info][gc          ] GC(23) Concurrent cleanup 487M->215M(4096M) 0.036ms
[43.417s][info][gc,ergo     ] Free: 3674M, Max: 2048K regular, 2760M humongous, Frag: 25% external, 0% internal; Reserve: 206M, Max: 2048K
[43.417s][info][gc,stats    ] 
[43.417s][info][gc,stats    ] All times are wall-clock times, except per-root-class counters, that are sum over
[43.417s][info][gc,stats    ] all workers. Dividing the <total> over the root stage time estimates parallelism.
[43.417s][info][gc,stats    ] 
[43.417s][info][gc,stats    ] Concurrent Reset                    693 us
[43.417s][info][gc,stats    ] Pause Init Mark (G)                 418 us
[43.417s][info][gc,stats    ] Pause Init Mark (N)                 237 us
[43.417s][info][gc,stats    ]   Update Region States               92 us
[43.417s][info][gc,stats    ] Concurrent Mark Roots               980 us, parallelism: 0.84x
[43.417s][info][gc,stats    ]   CMR: <total>                      820 us
[43.417s][info][gc,stats    ]   CMR: Thread Roots                 768 us, workers (us): 768, ---, ---, 
[43.417s][info][gc,stats    ]   CMR: VM Strong Roots                4 us, workers (us):   4, ---, ---, 
[43.417s][info][gc,stats    ]   CMR: CLDG Roots                    48 us, workers (us):  48, ---, ---, 
[43.417s][info][gc,stats    ] Concurrent Marking                64802 us
[43.417s][info][gc,stats    ] Pause Final Mark (G)                557 us
[43.417s][info][gc,stats    ] Pause Final Mark (N)                438 us
[43.417s][info][gc,stats    ]   Finish Mark                       122 us
[43.417s][info][gc,stats    ]   Update Region States               88 us
[43.417s][info][gc,stats    ]   Choose Collection Set             108 us
[43.417s][info][gc,stats    ]   Rebuild Free Set                   17 us
[43.417s][info][gc,stats    ] Concurrent Thread Roots             978 us, parallelism: 0.88x
[43.417s][info][gc,stats    ]   CTR: <total>                      863 us
[43.417s][info][gc,stats    ]   CTR: Thread Roots                 863 us, workers (us): 863, ---, ---, 
[43.417s][info][gc,stats    ] Concurrent Weak References         3437 us, parallelism: 0.93x
[43.417s][info][gc,stats    ]   CWRF: <total>                    3183 us
[43.417s][info][gc,stats    ]   CWRF: Weak References            3183 us, workers (us): 3183, ---, ---, 
[43.417s][info][gc,stats    ] Concurrent Weak Roots              2743 us
[43.417s][info][gc,stats    ]   Roots                            2529 us, parallelism: 0.96x
[43.417s][info][gc,stats    ]     CWR: <total>                   2432 us
[43.417s][info][gc,stats    ]     CWR: Code Cache Roots          1730 us, workers (us): 1730, ---, ---, 
[43.417s][info][gc,stats    ]     CWR: VM Weak Roots              687 us, workers (us): 687, ---, ---, 
[43.417s][info][gc,stats    ]     CWR: CLDG Roots                  15 us, workers (us):  15, ---, ---, 
[43.417s][info][gc,stats    ]   Rendezvous                        102 us
[43.417s][info][gc,stats    ] Concurrent Cleanup                   92 us
[43.417s][info][gc,stats    ] Concurrent Class Unloading         8873 us
[43.417s][info][gc,stats    ]   Unlink Stale                     8349 us
[43.417s][info][gc,stats    ]     System Dictionary                19 us
[43.417s][info][gc,stats    ]     Weak Class Links                  0 us
[43.417s][info][gc,stats    ]     Code Roots                     8327 us
[43.417s][info][gc,stats    ]   Rendezvous                        114 us
[43.417s][info][gc,stats    ]   Purge Unlinked                    305 us
[43.417s][info][gc,stats    ]     Code Roots                      293 us
[43.417s][info][gc,stats    ]     CLDG                             11 us
[43.417s][info][gc,stats    ]     Exception Caches                  0 us
[43.417s][info][gc,stats    ] Concurrent Strong Roots             248 us, parallelism: 0.56x
[43.417s][info][gc,stats    ]   CSR: <total>                      138 us
[43.417s][info][gc,stats    ]   CSR: VM Strong Roots                6 us, workers (us):   6, ---, ---, 
[43.417s][info][gc,stats    ]   CSR: CLDG Roots                   132 us, workers (us): 132, ---, ---, 
[43.417s][info][gc,stats    ] Concurrent Evacuation             19582 us
[43.417s][info][gc,stats    ] Pause Init Update Refs (G)          256 us
[43.417s][info][gc,stats    ] Pause Init Update Refs (N)          103 us
[43.417s][info][gc,stats    ]   Manage GCLABs                       3 us
[43.417s][info][gc,stats    ] Concurrent Update Refs            55266 us
[43.417s][info][gc,stats    ] Concurrent Update Thread Roots      782 us
[43.417s][info][gc,stats    ] Pause Final Update Refs (G)         290 us
[43.417s][info][gc,stats    ] Pause Final Update Refs (N)         184 us
[43.417s][info][gc,stats    ]   Update Region States               64 us
[43.417s][info][gc,stats    ]   Trash Collection Set                8 us
[43.417s][info][gc,stats    ]   Rebuild Free Set                   21 us
[43.417s][info][gc,stats    ] Concurrent Cleanup                   46 us
[43.417s][info][gc,stats    ] 
[43.417s][info][gc,stats    ] Allocation pacing accrued:
[43.417s][info][gc,stats    ]       0 of  2126 ms (  0.0%): <total>
[43.417s][info][gc,stats    ]       0 of  2126 ms (  0.0%): <average total>
[43.417s][info][gc,stats    ] 
[43.417s][info][gc,metaspace] Metaspace: 35075K(35712K)->35075K(35712K) NonClass: 28549K(28992K)->28549K(28992K) Class: 6525K(6720K)->6525K(6720K)
[43.417s][info][gc,ergo     ] Pacer for Idle. Initial: 83886K, Alloc Tax Rate: 1.0x
[44.397s][info][gc          ] Trigger: Learning 4 of 5. Free (2862M) is below initial threshold (2867M)
[44.397s][info][gc,ergo     ] Free: 2862M, Max: 2048K regular, 2760M humongous, Frag: 4% external, 0% internal; Reserve: 206M, Max: 2048K
[44.397s][info][gc,start    ] GC(24) Concurrent reset
[44.397s][info][gc,task     ] GC(24) Using 1 of 3 workers for concurrent reset
[44.397s][info][gc,ergo     ] GC(24) Pacer for Reset. Non-Taxable: 4096M
[44.399s][info][gc          ] GC(24) Concurrent reset 1.516ms
[44.399s][info][gc,start    ] GC(24) Pause Init Mark (unload classes)
[44.399s][info][gc,task     ] GC(24) Using 3 of 3 workers for init marking
[44.399s][info][gc,ergo     ] GC(24) Pacer for Mark. Expected Live: 37434K, Free: 2862M, Non-Taxable: 286M, Alloc Tax Rate: 0.0x
[44.399s][info][gc          ] GC(24) Pause Init Mark (unload classes) 0.171ms
[44.399s][info][gc,start    ] GC(24) Concurrent marking roots
[44.399s][info][gc,task     ] GC(24) Using 1 of 3 workers for concurrent marking roots
[44.400s][info][gc          ] GC(24) Concurrent marking roots 1.297ms
[44.400s][info][gc,start    ] GC(24) Concurrent marking (unload classes)
[44.400s][info][gc,task     ] GC(24) Using 1 of 3 workers for concurrent marking
[44.430s][info][gc          ] GC(24) Concurrent marking (unload classes) 29.875ms
[44.430s][info][gc,start    ] GC(24) Pause Final Mark (unload classes)
[44.430s][info][gc,task     ] GC(24) Using 3 of 3 workers for final marking
[44.430s][info][gc,ergo     ] GC(24) Collectable Garbage: 943M (94%), Immediate: 943M (94%), CSet: 0B (0%)
[44.431s][info][gc          ] GC(24) Pause Final Mark (unload classes) 0.241ms
[44.431s][info][gc,start    ] GC(24) Concurrent weak references
[44.431s][info][gc,task     ] GC(24) Using 1 of 3 workers for concurrent weak references
[44.431s][info][gc,ref      ] GC(24) Encountered references: Soft: 3098, Weak: 7624, Final: 31, Phantom: 90
[44.431s][info][gc,ref      ] GC(24) Discovered  references: Soft: 0, Weak: 878, Final: 1, Phantom: 55
[44.431s][info][gc,ref      ] GC(24) Enqueued    references: Soft: 0, Weak: 7, Final: 0, Phantom: 0
[44.431s][info][gc          ] GC(24) Concurrent weak references 0.253ms
[44.431s][info][gc,start    ] GC(24) Concurrent weak roots
[44.431s][info][gc,task     ] GC(24) Using 1 of 3 workers for concurrent weak root
[44.433s][info][gc          ] GC(24) Concurrent weak roots 2.082ms
[44.433s][info][gc,start    ] GC(24) Concurrent cleanup
[44.433s][info][gc          ] GC(24) Concurrent cleanup 1035M->91M(4096M) 0.079ms
[44.433s][info][gc,ergo     ] GC(24) Free: 3798M, Max: 2048K regular, 2950M humongous, Frag: 23% external, 0% internal; Reserve: 206M, Max: 2048K
[44.433s][info][gc,start    ] GC(24) Concurrent class unloading
[44.433s][info][gc,task     ] GC(24) Using 1 of 3 workers for concurrent class unloading
[44.441s][info][gc          ] GC(24) Concurrent class unloading 8.278ms
[44.442s][info][gc,start    ] GC(24) Pause Final Roots
[44.442s][info][gc          ] GC(24) Pause Final Roots 0.033ms
[44.442s][info][gc,ergo     ] Free: 3798M, Max: 2048K regular, 2950M humongous, Frag: 23% external, 0% internal; Reserve: 206M, Max: 2048K
[44.442s][info][gc,stats    ] 
[44.442s][info][gc,stats    ] All times are wall-clock times, except per-root-class counters, that are sum over
[44.442s][info][gc,stats    ] all workers. Dividing the <total> over the root stage time estimates parallelism.
[44.442s][info][gc,stats    ] 
[44.442s][info][gc,stats    ] Concurrent Reset                   1569 us
[44.442s][info][gc,stats    ] Pause Init Mark (G)                 329 us
[44.442s][info][gc,stats    ] Pause Init Mark (N)                 180 us
[44.442s][info][gc,stats    ]   Update Region States               64 us
[44.442s][info][gc,stats    ] Concurrent Mark Roots              1336 us, parallelism: 0.88x
[44.442s][info][gc,stats    ]   CMR: <total>                     1173 us
[44.442s][info][gc,stats    ]   CMR: Thread Roots                1086 us, workers (us): 1086, ---, ---, 
[44.442s][info][gc,stats    ]   CMR: VM Strong Roots                5 us, workers (us):   5, ---, ---, 
[44.442s][info][gc,stats    ]   CMR: CLDG Roots                    82 us, workers (us):  82, ---, ---, 
[44.442s][info][gc,stats    ] Concurrent Marking                29918 us
[44.442s][info][gc,stats    ] Pause Final Mark (G)                351 us
[44.442s][info][gc,stats    ] Pause Final Mark (N)                258 us
[44.442s][info][gc,stats    ]   Finish Mark                        83 us
[44.442s][info][gc,stats    ]   Update Region States               43 us
[44.442s][info][gc,stats    ]   Choose Collection Set              47 us
[44.442s][info][gc,stats    ]   Rebuild Free Set                   17 us
[44.442s][info][gc,stats    ] Concurrent Weak References          270 us, parallelism: 0.16x
[44.442s][info][gc,stats    ]   CWRF: <total>                      43 us
[44.442s][info][gc,stats    ]   CWRF: Weak References              43 us, workers (us):  43, ---, ---, 
[44.442s][info][gc,stats    ] Concurrent Weak Roots              2148 us
[44.442s][info][gc,stats    ]   Roots                            1994 us, parallelism: 0.95x
[44.442s][info][gc,stats    ]     CWR: <total>                   1895 us
[44.442s][info][gc,stats    ]     CWR: Code Cache Roots          1567 us, workers (us): 1567, ---, ---, 
[44.442s][info][gc,stats    ]     CWR: VM Weak Roots              316 us, workers (us): 316, ---, ---, 
[44.442s][info][gc,stats    ]     CWR: CLDG Roots                  12 us, workers (us):  12, ---, ---, 
[44.442s][info][gc,stats    ]   Rendezvous                         49 us
[44.442s][info][gc,stats    ] Concurrent Cleanup                   98 us
[44.442s][info][gc,stats    ] Concurrent Class Unloading         8363 us
[44.442s][info][gc,stats    ]   Unlink Stale                     7841 us
[44.442s][info][gc,stats    ]     System Dictionary                16 us
[44.442s][info][gc,stats    ]     Weak Class Links                  0 us
[44.442s][info][gc,stats    ]     Code Roots                     7822 us
[44.442s][info][gc,stats    ]   Rendezvous                         51 us
[44.442s][info][gc,stats    ]   Purge Unlinked                    347 us
[44.442s][info][gc,stats    ]     Code Roots                      334 us
[44.442s][info][gc,stats    ]     CLDG                             12 us
[44.442s][info][gc,stats    ]     Exception Caches                  0 us
[44.442s][info][gc,stats    ] Pause Final Roots (G)               140 us
[44.442s][info][gc,stats    ] Pause Final Roots (N)                48 us
[44.442s][info][gc,stats    ] 
[44.442s][info][gc,stats    ] Allocation pacing accrued:
[44.442s][info][gc,stats    ]       0 of  1025 ms (  0.0%): <total>
[44.442s][info][gc,stats    ]       0 of  1025 ms (  0.0%): <average total>
[44.442s][info][gc,stats    ] 
[44.442s][info][gc,metaspace] Metaspace: 35076K(35712K)->35076K(35712K) NonClass: 28550K(28992K)->28550K(28992K) Class: 6525K(6720K)->6525K(6720K)
[44.442s][info][gc,ergo     ] Pacer for Idle. Initial: 83886K, Alloc Tax Rate: 1.0x
[45.929s][info][gc          ] Trigger: Explicit GC request (System.gc())
[45.929s][info][gc,ergo     ] Free: 3110M, Max: 2048K regular, 2950M humongous, Frag: 6% external, 0% internal; Reserve: 206M, Max: 2048K
[45.929s][info][gc,start    ] GC(25) Concurrent reset
[45.929s][info][gc,task     ] GC(25) Using 1 of 3 workers for concurrent reset
[45.929s][info][gc,ergo     ] GC(25) Pacer for Reset. Non-Taxable: 4096M
[45.930s][info][gc          ] GC(25) Concurrent reset 0.833ms
[45.930s][info][gc,start    ] GC(25) Pause Init Mark (unload classes)
[45.930s][info][gc,task     ] GC(25) Using 3 of 3 workers for init marking
[45.930s][info][gc,ref      ] GC(25) Clearing All SoftReferences
[45.931s][info][gc,ergo     ] GC(25) Pacer for Mark. Expected Live: 33998K, Free: 3110M, Non-Taxable: 311M, Alloc Tax Rate: 0.0x
[45.931s][info][gc          ] GC(25) Pause Init Mark (unload classes) 0.237ms
[45.931s][info][gc,start    ] GC(25) Concurrent marking roots
[45.931s][info][gc,task     ] GC(25) Using 1 of 3 workers for concurrent marking roots
[45.931s][info][gc          ] GC(25) Concurrent marking roots 0.374ms
[45.931s][info][gc,start    ] GC(25) Concurrent marking (unload classes)
[45.931s][info][gc,task     ] GC(25) Using 1 of 3 workers for concurrent marking
[45.997s][info][gc          ] GC(25) Concurrent marking (unload classes) 65.885ms
[45.997s][info][gc,start    ] GC(25) Pause Final Mark (unload classes)
[45.997s][info][gc,task     ] GC(25) Using 3 of 3 workers for final marking
[45.997s][info][gc,ergo     ] GC(25) Adaptive CSet Selection. Target Free: 580M, Actual Free: 3817M, Max CSet: 170M, Min Garbage: 0B
[45.998s][info][gc,ergo     ] GC(25) Collectable Garbage: 734M (99%), Immediate: 501M (68%), CSet: 232M (31%)
[45.998s][info][gc,ergo     ] GC(25) Pacer for Evacuation. Used CSet: 249M, Free: 3612M, Non-Taxable: 361M, Alloc Tax Rate: 1.1x
[45.998s][info][gc          ] GC(25) Pause Final Mark (unload classes) 0.584ms
[45.998s][info][gc,start    ] GC(25) Concurrent thread roots
[45.998s][info][gc,task     ] GC(25) Using 1 of 3 workers for Concurrent thread roots
[45.998s][info][gc          ] GC(25) Concurrent thread roots 0.289ms
[45.998s][info][gc,start    ] GC(25) Concurrent weak references
[45.998s][info][gc,task     ] GC(25) Using 1 of 3 workers for concurrent weak references
[46.001s][info][gc,ref      ] GC(25) Encountered references: Soft: 3098, Weak: 7615, Final: 25031, Phantom: 88
[46.001s][info][gc,ref      ] GC(25) Discovered  references: Soft: 71, Weak: 637, Final: 25001, Phantom: 53
[46.001s][info][gc,ref      ] GC(25) Enqueued    references: Soft: 7, Weak: 0, Final: 25000, Phantom: 0
[46.001s][info][gc          ] GC(25) Concurrent weak references 2.978ms
[46.001s][info][gc,start    ] GC(25) Concurrent weak roots
[46.001s][info][gc,task     ] GC(25) Using 1 of 3 workers for concurrent weak root
[46.003s][info][gc          ] GC(25) Concurrent weak roots 2.142ms
[46.003s][info][gc,start    ] GC(25) Concurrent cleanup
[46.003s][info][gc          ] GC(25) Concurrent cleanup 783M->281M(4096M) 0.062ms
[46.003s][info][gc,ergo     ] GC(25) Free: 3610M, Max: 2048K regular, 2952M humongous, Frag: 19% external, 0% internal; Reserve: 204M, Max: 2048K
[46.003s][info][gc,start    ] GC(25) Concurrent class unloading
[46.003s][info][gc,task     ] GC(25) Using 1 of 3 workers for concurrent class unloading
[46.012s][info][gc          ] GC(25) Concurrent class unloading 9.060ms
[46.012s][info][gc,start    ] GC(25) Concurrent strong roots
[46.012s][info][gc,task     ] GC(25) Using 1 of 3 workers for concurrent strong root
[46.013s][info][gc          ] GC(25) Concurrent strong roots 0.208ms
[46.013s][info][gc,start    ] GC(25) Concurrent evacuation
[46.013s][info][gc,task     ] GC(25) Using 1 of 3 workers for concurrent evacuation
[46.031s][info][gc          ] GC(25) Concurrent evacuation 18.306ms
[46.031s][info][gc,start    ] GC(25) Pause Init Update Refs
[46.031s][info][gc,ergo     ] GC(25) Pacer for Update Refs. Used: 299M, Free: 3610M, Non-Taxable: 361M, Alloc Tax Rate: 1.1x
[46.031s][info][gc          ] GC(25) Pause Init Update Refs 0.133ms
[46.031s][info][gc,start    ] GC(25) Concurrent update references
[46.031s][info][gc,task     ] GC(25) Using 1 of 3 workers for concurrent reference update
[46.067s][info][gc          ] GC(25) Concurrent update references 36.030ms
[46.067s][info][gc,start    ] GC(25) Concurrent update thread roots
[46.068s][info][gc          ] GC(25) Concurrent update thread roots 0.672ms
[46.068s][info][gc,start    ] GC(25) Pause Final Update Refs
[46.068s][info][gc,task     ] GC(25) Using 3 of 3 workers for final reference update
[46.068s][info][gc          ] GC(25) Pause Final Update Refs 0.216ms
[46.069s][info][gc,start    ] GC(25) Concurrent cleanup
[46.069s][info][gc          ] GC(25) Concurrent cleanup 299M->49M(4096M) 0.039ms
[46.069s][info][gc,ergo     ] Free: 3840M, Max: 2048K regular, 3130M humongous, Frag: 19% external, 0% internal; Reserve: 206M, Max: 2048K
[46.069s][info][gc,stats    ] 
[46.069s][info][gc,stats    ] All times are wall-clock times, except per-root-class counters, that are sum over
[46.069s][info][gc,stats    ] all workers. Dividing the <total> over the root stage time estimates parallelism.
[46.069s][info][gc,stats    ] 
[46.069s][info][gc,stats    ] Concurrent Reset                    950 us
[46.069s][info][gc,stats    ] Pause Init Mark (G)                 452 us
[46.069s][info][gc,stats    ] Pause Init Mark (N)                 255 us
[46.069s][info][gc,stats    ]   Update Region States               90 us
[46.069s][info][gc,stats    ] Concurrent Mark Roots               395 us, parallelism: 0.62x
[46.069s][info][gc,stats    ]   CMR: <total>                      246 us
[46.069s][info][gc,stats    ]   CMR: Thread Roots                 195 us, workers (us): 195, ---, ---, 
[46.069s][info][gc,stats    ]   CMR: VM Strong Roots                3 us, workers (us):   3, ---, ---, 
[46.069s][info][gc,stats    ]   CMR: CLDG Roots                    48 us, workers (us):  48, ---, ---, 
[46.069s][info][gc,stats    ] Concurrent Marking                65953 us
[46.069s][info][gc,stats    ] Pause Final Mark (G)                722 us
[46.069s][info][gc,stats    ] Pause Final Mark (N)                606 us
[46.069s][info][gc,stats    ]   Finish Mark                       171 us
[46.069s][info][gc,stats    ]   Update Region States              129 us
[46.069s][info][gc,stats    ]   Choose Collection Set             131 us
[46.069s][info][gc,stats    ]   Rebuild Free Set                   22 us
[46.069s][info][gc,stats    ] Concurrent Thread Roots             316 us, parallelism: 0.65x
[46.069s][info][gc,stats    ]   CTR: <total>                      205 us
[46.069s][info][gc,stats    ]   CTR: Thread Roots                 205 us, workers (us): 205, ---, ---, 
[46.069s][info][gc,stats    ] Concurrent Weak References         2997 us, parallelism: 0.92x
[46.069s][info][gc,stats    ]   CWRF: <total>                    2764 us
[46.069s][info][gc,stats    ]   CWRF: Weak References            2764 us, workers (us): 2764, ---, ---, 
[46.069s][info][gc,stats    ] Concurrent Weak Roots              2214 us
[46.069s][info][gc,stats    ]   Roots                            1962 us, parallelism: 0.95x
[46.069s][info][gc,stats    ]     CWR: <total>                   1874 us
[46.069s][info][gc,stats    ]     CWR: Code Cache Roots          1507 us, workers (us): 1507, ---, ---, 
[46.069s][info][gc,stats    ]     CWR: VM Weak Roots              355 us, workers (us): 355, ---, ---, 
[46.069s][info][gc,stats    ]     CWR: CLDG Roots                  12 us, workers (us):  12, ---, ---, 
[46.069s][info][gc,stats    ]   Rendezvous                        138 us
[46.069s][info][gc,stats    ] Concurrent Cleanup                   81 us
[46.069s][info][gc,stats    ] Concurrent Class Unloading         9122 us
[46.069s][info][gc,stats    ]   Unlink Stale                     8580 us
[46.069s][info][gc,stats    ]     System Dictionary                17 us
[46.069s][info][gc,stats    ]     Weak Class Links                  0 us
[46.069s][info][gc,stats    ]     Code Roots                     8561 us
[46.069s][info][gc,stats    ]   Rendezvous                        109 us
[46.069s][info][gc,stats    ]   Purge Unlinked                    332 us
[46.069s][info][gc,stats    ]     Code Roots                      321 us
[46.069s][info][gc,stats    ]     CLDG                             11 us
[46.069s][info][gc,stats    ]     Exception Caches                  0 us
[46.069s][info][gc,stats    ] Concurrent Strong Roots             226 us, parallelism: 0.61x
[46.069s][info][gc,stats    ]   CSR: <total>                      138 us
[46.069s][info][gc,stats    ]   CSR: VM Strong Roots                5 us, workers (us):   5, ---, ---, 
[46.069s][info][gc,stats    ]   CSR: CLDG Roots                   133 us, workers (us): 133, ---, ---, 
[46.069s][info][gc,stats    ] Concurrent Evacuation             18374 us
[46.069s][info][gc,stats    ] Pause Init Update Refs (G)          310 us
[46.069s][info][gc,stats    ] Pause Init Update Refs (N)          155 us
[46.069s][info][gc,stats    ]   Manage GCLABs                       5 us
[46.069s][info][gc,stats    ] Concurrent Update Refs            36105 us
[46.069s][info][gc,stats    ] Concurrent Update Thread Roots      711 us
[46.069s][info][gc,stats    ] Pause Final Update Refs (G)         360 us
[46.069s][info][gc,stats    ] Pause Final Update Refs (N)         244 us
[46.069s][info][gc,stats    ]   Update Region States               84 us
[46.069s][info][gc,stats    ]   Trash Collection Set               11 us
[46.069s][info][gc,stats    ]   Rebuild Free Set                   27 us
[46.069s][info][gc,stats    ] Concurrent Cleanup                   48 us
[46.069s][info][gc,stats    ] 
[46.069s][info][gc,stats    ] Allocation pacing accrued:
[46.069s][info][gc,stats    ]       0 of  1627 ms (  0.0%): <total>
[46.069s][info][gc,stats    ]       0 of  1627 ms (  0.0%): <average total>
[46.069s][info][gc,stats    ] 
[46.069s][info][gc,metaspace] Metaspace: 35077K(35712K)->35077K(35712K) NonClass: 28552K(28992K)->28552K(28992K) Class: 6525K(6720K)->6525K(6720K)
[46.069s][info][gc,ergo     ] Pacer for Idle. Initial: 83886K, Alloc Tax Rate: 1.0x
[47.266s][info][gc          ] Trigger: Learning 2 of 5. Free (2856M) is below initial threshold (2867M)
[47.267s][info][gc,ergo     ] Free: 2856M, Max: 2048K regular, 2856M humongous, Frag: 0% external, 0% internal; Reserve: 206M, Max: 2048K
[47.267s][info][gc,start    ] GC(26) Concurrent reset
[47.267s][info][gc,task     ] GC(26) Using 1 of 3 workers for concurrent reset
[47.267s][info][gc,ergo     ] GC(26) Pacer for Reset. Non-Taxable: 4096M
[47.268s][info][gc          ] GC(26) Concurrent reset 1.149ms
[47.268s][info][gc,start    ] GC(26) Pause Init Mark (unload classes)
[47.268s][info][gc,task     ] GC(26) Using 3 of 3 workers for init marking
[47.268s][info][gc,ergo     ] GC(26) Pacer for Mark. Expected Live: 37431K, Free: 2856M, Non-Taxable: 285M, Alloc Tax Rate: 0.0x
[47.268s][info][gc          ] GC(26) Pause Init Mark (unload classes) 0.088ms
[47.268s][info][gc,start    ] GC(26) Concurrent marking roots
[47.268s][info][gc,task     ] GC(26) Using 1 of 3 workers for concurrent marking roots
[47.269s][info][gc          ] GC(26) Concurrent marking roots 0.959ms
[47.269s][info][gc,start    ] GC(26) Concurrent marking (unload classes)
[47.269s][info][gc,task     ] GC(26) Using 1 of 3 workers for concurrent marking
[47.299s][info][gc          ] GC(26) Concurrent marking (unload classes) 29.760ms
[47.299s][info][gc,start    ] GC(26) Pause Final Mark (unload classes)
[47.299s][info][gc,task     ] GC(26) Using 3 of 3 workers for final marking
[47.299s][info][gc,ergo     ] GC(26) Collectable Garbage: 956M (94%), Immediate: 956M (94%), CSet: 0B (0%)
[47.299s][info][gc          ] GC(26) Pause Final Mark (unload classes) 0.168ms
[47.299s][info][gc,start    ] GC(26) Concurrent weak references
[47.299s][info][gc,task     ] GC(26) Using 1 of 3 workers for concurrent weak references
[47.299s][info][gc,ref      ] GC(26) Encountered references: Soft: 3092, Weak: 7637, Final: 34, Phantom: 90
[47.299s][info][gc,ref      ] GC(26) Discovered  references: Soft: 0, Weak: 878, Final: 4, Phantom: 55
[47.299s][info][gc,ref      ] GC(26) Enqueued    references: Soft: 0, Weak: 7, Final: 3, Phantom: 0
[47.299s][info][gc          ] GC(26) Concurrent weak references 0.136ms
[47.299s][info][gc,start    ] GC(26) Concurrent weak roots
[47.299s][info][gc,task     ] GC(26) Using 1 of 3 workers for concurrent weak root
[47.301s][info][gc          ] GC(26) Concurrent weak roots 1.904ms
[47.301s][info][gc,start    ] GC(26) Concurrent cleanup
[47.301s][info][gc          ] GC(26) Concurrent cleanup 1056M->100M(4096M) 0.076ms
[47.301s][info][gc,ergo     ] GC(26) Free: 3790M, Max: 2048K regular, 2844M humongous, Frag: 25% external, 0% internal; Reserve: 206M, Max: 2048K
[47.301s][info][gc,start    ] GC(26) Concurrent class unloading
[47.301s][info][gc,task     ] GC(26) Using 1 of 3 workers for concurrent class unloading
[47.315s][info][gc          ] GC(26) Concurrent class unloading 13.751ms
[47.315s][info][gc,start    ] GC(26) Pause Final Roots
[47.315s][info][gc          ] GC(26) Pause Final Roots 0.043ms
[47.315s][info][gc,ergo     ] Free: 3782M, Max: 2048K regular, 2844M humongous, Frag: 25% external, 0% internal; Reserve: 206M, Max: 2048K
[47.315s][info][gc,stats    ] 
[47.315s][info][gc,stats    ] All times are wall-clock times, except per-root-class counters, that are sum over
[47.315s][info][gc,stats    ] all workers. Dividing the <total> over the root stage time estimates parallelism.
[47.315s][info][gc,stats    ] 
[47.315s][info][gc,stats    ] Concurrent Reset                   1211 us
[47.315s][info][gc,stats    ] Pause Init Mark (G)                 236 us
[47.315s][info][gc,stats    ] Pause Init Mark (N)                  96 us
[47.315s][info][gc,stats    ]   Update Region States               38 us
[47.315s][info][gc,stats    ] Concurrent Mark Roots               979 us, parallelism: 0.90x
[47.315s][info][gc,stats    ]   CMR: <total>                      881 us
[47.315s][info][gc,stats    ]   CMR: Thread Roots                 829 us, workers (us): 829, ---, ---, 
[47.315s][info][gc,stats    ]   CMR: VM Strong Roots                6 us, workers (us):   6, ---, ---, 
[47.315s][info][gc,stats    ]   CMR: CLDG Roots                    47 us, workers (us):  47, ---, ---, 
[47.315s][info][gc,stats    ] Concurrent Marking                29819 us
[47.315s][info][gc,stats    ] Pause Final Mark (G)                224 us
[47.315s][info][gc,stats    ] Pause Final Mark (N)                176 us
[47.315s][info][gc,stats    ]   Finish Mark                        43 us
[47.315s][info][gc,stats    ]   Update Region States               29 us
[47.315s][info][gc,stats    ]   Choose Collection Set              33 us
[47.315s][info][gc,stats    ]   Rebuild Free Set                    8 us
[47.315s][info][gc,stats    ] Concurrent Weak References          143 us, parallelism: 0.30x
[47.315s][info][gc,stats    ]   CWRF: <total>                      42 us
[47.315s][info][gc,stats    ]   CWRF: Weak References              42 us, workers (us):  42, ---, ---, 
[47.315s][info][gc,stats    ] Concurrent Weak Roots              1929 us
[47.315s][info][gc,stats    ]   Roots                            1852 us, parallelism: 0.97x
[47.315s][info][gc,stats    ]     CWR: <total>                   1800 us
[47.315s][info][gc,stats    ]     CWR: Code Cache Roots          1475 us, workers (us): 1475, ---, ---, 
[47.315s][info][gc,stats    ]     CWR: VM Weak Roots              313 us, workers (us): 313, ---, ---, 
[47.315s][info][gc,stats    ]     CWR: CLDG Roots                  12 us, workers (us):  12, ---, ---, 
[47.315s][info][gc,stats    ]   Rendezvous                         36 us
[47.315s][info][gc,stats    ] Concurrent Cleanup                   93 us
[47.315s][info][gc,stats    ] Concurrent Class Unloading        13796 us
[47.315s][info][gc,stats    ]   Unlink Stale                    13219 us
[47.315s][info][gc,stats    ]     System Dictionary               150 us
[47.315s][info][gc,stats    ]     Weak Class Links               4308 us
[47.315s][info][gc,stats    ]     Code Roots                     8759 us
[47.315s][info][gc,stats    ]   Rendezvous                        106 us
[47.315s][info][gc,stats    ]   Purge Unlinked                    389 us
[47.315s][info][gc,stats    ]     Code Roots                      346 us
[47.315s][info][gc,stats    ]     CLDG                             43 us
[47.315s][info][gc,stats    ]     Exception Caches                  0 us
[47.315s][info][gc,stats    ] Pause Final Roots (G)               134 us
[47.316s][info][gc,stats    ] Pause Final Roots (N)                60 us
[47.316s][info][gc,stats    ] 
[47.316s][info][gc,stats    ] Allocation pacing accrued:
[47.316s][info][gc,stats    ]       0 of  1246 ms (  0.0%): <total>
[47.316s][info][gc,stats    ]       0 of  1246 ms (  0.0%): <average total>
[47.316s][info][gc,stats    ] 
[47.316s][info][gc,metaspace] Metaspace: 35213K(35904K)->35170K(35904K) NonClass: 28686K(29184K)->28644K(29184K) Class: 6526K(6720K)->6525K(6720K)
[47.316s][info][gc,ergo     ] Pacer for Idle. Initial: 83886K, Alloc Tax Rate: 1.0x
[49.231s][info][gc          ] Trigger: Learning 3 of 5. Free (2852M) is below initial threshold (2867M)
[49.232s][info][gc,ergo     ] Free: 2852M, Max: 2048K regular, 2844M humongous, Frag: 1% external, 0% internal; Reserve: 206M, Max: 2048K
[49.232s][info][gc,start    ] GC(27) Concurrent reset
[49.232s][info][gc,task     ] GC(27) Using 1 of 3 workers for concurrent reset
[49.232s][info][gc,ergo     ] GC(27) Pacer for Reset. Non-Taxable: 4096M
[49.232s][info][gc          ] GC(27) Concurrent reset 0.629ms
[49.232s][info][gc,start    ] GC(27) Pause Init Mark (unload classes)
[49.232s][info][gc,task     ] GC(27) Using 3 of 3 workers for init marking
[49.233s][info][gc,ergo     ] GC(27) Pacer for Mark. Expected Live: 33997K, Free: 2850M, Non-Taxable: 285M, Alloc Tax Rate: 0.0x
[49.233s][info][gc          ] GC(27) Pause Init Mark (unload classes) 0.204ms
[49.233s][info][gc,start    ] GC(27) Concurrent marking roots
[49.233s][info][gc,task     ] GC(27) Using 1 of 3 workers for concurrent marking roots
[49.234s][info][gc          ] GC(27) Concurrent marking roots 1.447ms
[49.234s][info][gc,start    ] GC(27) Concurrent marking (unload classes)
[49.234s][info][gc,task     ] GC(27) Using 1 of 3 workers for concurrent marking
[49.300s][info][gc          ] GC(27) Concurrent marking (unload classes) 65.379ms
[49.300s][info][gc,start    ] GC(27) Pause Final Mark (unload classes)
[49.300s][info][gc,task     ] GC(27) Using 3 of 3 workers for final marking
[49.300s][info][gc,ergo     ] GC(27) Adaptive CSet Selection. Target Free: 580M, Actual Free: 3720M, Max CSet: 170M, Min Garbage: 0B
[49.300s][info][gc,ergo     ] GC(27) Collectable Garbage: 994M (99%), Immediate: 748M (75%), CSet: 246M (24%)
[49.300s][info][gc,ergo     ] GC(27) Pacer for Evacuation. Used CSet: 264M, Free: 3514M, Non-Taxable: 351M, Alloc Tax Rate: 1.1x
[49.300s][info][gc          ] GC(27) Pause Final Mark (unload classes) 0.401ms
[49.300s][info][gc,start    ] GC(27) Concurrent thread roots
[49.300s][info][gc,task     ] GC(27) Using 1 of 3 workers for Concurrent thread roots
[49.301s][info][gc          ] GC(27) Concurrent thread roots 1.037ms
[49.301s][info][gc,start    ] GC(27) Concurrent weak references
[49.301s][info][gc,task     ] GC(27) Using 1 of 3 workers for concurrent weak references
[49.304s][info][gc,ref      ] GC(27) Encountered references: Soft: 3098, Weak: 7625, Final: 25031, Phantom: 90
[49.304s][info][gc,ref      ] GC(27) Discovered  references: Soft: 0, Weak: 871, Final: 25001, Phantom: 55
[49.304s][info][gc,ref      ] GC(27) Enqueued    references: Soft: 0, Weak: 0, Final: 25000, Phantom: 0
[49.304s][info][gc          ] GC(27) Concurrent weak references 3.216ms
[49.304s][info][gc,start    ] GC(27) Concurrent weak roots
[49.304s][info][gc,task     ] GC(27) Using 1 of 3 workers for concurrent weak root
[49.307s][info][gc          ] GC(27) Concurrent weak roots 2.351ms
[49.307s][info][gc,start    ] GC(27) Concurrent cleanup
[49.307s][info][gc          ] GC(27) Concurrent cleanup 1133M->385M(4096M) 0.045ms
[49.307s][info][gc,ergo     ] GC(27) Free: 3506M, Max: 2048K regular, 2758M humongous, Frag: 22% external, 0% internal; Reserve: 204M, Max: 2048K
[49.307s][info][gc,start    ] GC(27) Concurrent class unloading
[49.307s][info][gc,task     ] GC(27) Using 1 of 3 workers for concurrent class unloading
[49.317s][info][gc          ] GC(27) Concurrent class unloading 9.703ms
[49.317s][info][gc,start    ] GC(27) Concurrent strong roots
[49.317s][info][gc,task     ] GC(27) Using 1 of 3 workers for concurrent strong root
[49.317s][info][gc          ] GC(27) Concurrent strong roots 0.252ms
[49.317s][info][gc,start    ] GC(27) Concurrent evacuation
[49.317s][info][gc,task     ] GC(27) Using 1 of 3 workers for concurrent evacuation
[49.336s][info][gc          ] GC(27) Concurrent evacuation 19.294ms
[49.336s][info][gc,start    ] GC(27) Pause Init Update Refs
[49.336s][info][gc,ergo     ] GC(27) Pacer for Update Refs. Used: 433M, Free: 3476M, Non-Taxable: 347M, Alloc Tax Rate: 1.1x
[49.337s][info][gc          ] GC(27) Pause Init Update Refs 0.087ms
[49.337s][info][gc,start    ] GC(27) Concurrent update references
[49.337s][info][gc,task     ] GC(27) Using 1 of 3 workers for concurrent reference update
[49.393s][info][gc          ] GC(27) Concurrent update references 56.452ms
[49.393s][info][gc,start    ] GC(27) Concurrent update thread roots
[49.394s][info][gc          ] GC(27) Concurrent update thread roots 0.746ms
[49.394s][info][gc,start    ] GC(27) Pause Final Update Refs
[49.394s][info][gc,task     ] GC(27) Using 3 of 3 workers for final reference update
[49.394s][info][gc          ] GC(27) Pause Final Update Refs 0.216ms
[49.394s][info][gc,start    ] GC(27) Concurrent cleanup
[49.394s][info][gc          ] GC(27) Concurrent cleanup 461M->197M(4096M) 0.036ms
[49.394s][info][gc,ergo     ] Free: 3692M, Max: 2048K regular, 2748M humongous, Frag: 26% external, 0% internal; Reserve: 206M, Max: 2048K
[49.394s][info][gc,stats    ] 
[49.394s][info][gc,stats    ] All times are wall-clock times, except per-root-class counters, that are sum over
[49.394s][info][gc,stats    ] all workers. Dividing the <total> over the root stage time estimates parallelism.
[49.394s][info][gc,stats    ] 
[49.394s][info][gc,stats    ] Concurrent Reset                    705 us
[49.394s][info][gc,stats    ] Pause Init Mark (G)                 431 us
[49.394s][info][gc,stats    ] Pause Init Mark (N)                 228 us
[49.394s][info][gc,stats    ]   Update Region States               69 us
[49.394s][info][gc,stats    ] Concurrent Mark Roots              1466 us, parallelism: 0.90x
[49.394s][info][gc,stats    ]   CMR: <total>                     1321 us
[49.394s][info][gc,stats    ]   CMR: Thread Roots                1269 us, workers (us): 1269, ---, ---, 
[49.394s][info][gc,stats    ]   CMR: VM Strong Roots                4 us, workers (us):   4, ---, ---, 
[49.394s][info][gc,stats    ]   CMR: CLDG Roots                    48 us, workers (us):  48, ---, ---, 
[49.394s][info][gc,stats    ] Concurrent Marking                65448 us
[49.394s][info][gc,stats    ] Pause Final Mark (G)                529 us
[49.394s][info][gc,stats    ] Pause Final Mark (N)                419 us
[49.394s][info][gc,stats    ]   Finish Mark                       107 us
[49.394s][info][gc,stats    ]   Update Region States               67 us
[49.394s][info][gc,stats    ]   Choose Collection Set             110 us
[49.394s][info][gc,stats    ]   Rebuild Free Set                   17 us
[49.394s][info][gc,stats    ] Concurrent Thread Roots            1055 us, parallelism: 0.92x
[49.394s][info][gc,stats    ]   CTR: <total>                      975 us
[49.394s][info][gc,stats    ]   CTR: Thread Roots                 975 us, workers (us): 975, ---, ---, 
[49.395s][info][gc,stats    ] Concurrent Weak References         3234 us, parallelism: 0.92x
[49.395s][info][gc,stats    ]   CWRF: <total>                    2988 us
[49.395s][info][gc,stats    ]   CWRF: Weak References            2988 us, workers (us): 2988, ---, ---, 
[49.395s][info][gc,stats    ] Concurrent Weak Roots              2402 us
[49.395s][info][gc,stats    ]   Roots                            2207 us, parallelism: 0.96x
[49.395s][info][gc,stats    ]     CWR: <total>                   2115 us
[49.395s][info][gc,stats    ]     CWR: Code Cache Roots          1737 us, workers (us): 1737, ---, ---, 
[49.395s][info][gc,stats    ]     CWR: VM Weak Roots              365 us, workers (us): 365, ---, ---, 
[49.395s][info][gc,stats    ]     CWR: CLDG Roots                  13 us, workers (us):  13, ---, ---, 
[49.395s][info][gc,stats    ]   Rendezvous                         87 us
[49.395s][info][gc,stats    ] Concurrent Cleanup                   54 us
[49.395s][info][gc,stats    ] Concurrent Class Unloading         9777 us
[49.395s][info][gc,stats    ]   Unlink Stale                     9166 us
[49.395s][info][gc,stats    ]     System Dictionary                15 us
[49.395s][info][gc,stats    ]     Weak Class Links                  0 us
[49.395s][info][gc,stats    ]     Code Roots                     9149 us
[49.395s][info][gc,stats    ]   Rendezvous                        145 us
[49.395s][info][gc,stats    ]   Purge Unlinked                    371 us
[49.395s][info][gc,stats    ]     Code Roots                      357 us
[49.395s][info][gc,stats    ]     CLDG                             13 us
[49.395s][info][gc,stats    ]     Exception Caches                  0 us
[49.395s][info][gc,stats    ] Concurrent Strong Roots             276 us, parallelism: 0.49x
[49.395s][info][gc,stats    ]   CSR: <total>                      136 us
[49.395s][info][gc,stats    ]   CSR: VM Strong Roots                7 us, workers (us):   7, ---, ---, 
[49.395s][info][gc,stats    ]   CSR: CLDG Roots                   129 us, workers (us): 129, ---, ---, 
[49.395s][info][gc,stats    ] Concurrent Evacuation             19364 us
[49.395s][info][gc,stats    ] Pause Init Update Refs (G)          236 us
[49.395s][info][gc,stats    ] Pause Init Update Refs (N)          105 us
[49.395s][info][gc,stats    ]   Manage GCLABs                       3 us
[49.395s][info][gc,stats    ] Concurrent Update Refs            56520 us
[49.395s][info][gc,stats    ] Concurrent Update Thread Roots      785 us
[49.395s][info][gc,stats    ] Pause Final Update Refs (G)         367 us
[49.395s][info][gc,stats    ] Pause Final Update Refs (N)         256 us
[49.395s][info][gc,stats    ]   Update Region States              104 us
[49.395s][info][gc,stats    ]   Trash Collection Set                9 us
[49.395s][info][gc,stats    ]   Rebuild Free Set                   22 us
[49.395s][info][gc,stats    ] Concurrent Cleanup                   45 us
[49.395s][info][gc,stats    ] 
[49.395s][info][gc,stats    ] Allocation pacing accrued:
[49.395s][info][gc,stats    ]       0 of  2079 ms (  0.0%): <total>
[49.395s][info][gc,stats    ]       0 of  2079 ms (  0.0%): <average total>
[49.395s][info][gc,stats    ] 
[49.395s][info][gc,metaspace] Metaspace: 35387K(36032K)->35387K(36032K) NonClass: 28861K(29312K)->28861K(29312K) Class: 6525K(6720K)->6525K(6720K)
[49.395s][info][gc,ergo     ] Pacer for Idle. Initial: 83886K, Alloc Tax Rate: 1.0x
[50.323s][info][gc          ] Trigger: Learning 4 of 5. Free (2864M) is below initial threshold (2867M)
[50.323s][info][gc,ergo     ] Free: 2864M, Max: 2048K regular, 2748M humongous, Frag: 5% external, 0% internal; Reserve: 206M, Max: 2048K
[50.323s][info][gc,start    ] GC(28) Concurrent reset
[50.323s][info][gc,task     ] GC(28) Using 1 of 3 workers for concurrent reset
[50.323s][info][gc,ergo     ] GC(28) Pacer for Reset. Non-Taxable: 4096M
[50.325s][info][gc          ] GC(28) Concurrent reset 1.436ms
[50.325s][info][gc,start    ] GC(28) Pause Init Mark (unload classes)
[50.325s][info][gc,task     ] GC(28) Using 3 of 3 workers for init marking
[50.325s][info][gc,ergo     ] GC(28) Pacer for Mark. Expected Live: 37437K, Free: 2862M, Non-Taxable: 286M, Alloc Tax Rate: 0.0x
[50.325s][info][gc          ] GC(28) Pause Init Mark (unload classes) 0.164ms
[50.325s][info][gc,start    ] GC(28) Concurrent marking roots
[50.325s][info][gc,task     ] GC(28) Using 1 of 3 workers for concurrent marking roots
[50.326s][info][gc          ] GC(28) Concurrent marking roots 1.232ms
[50.326s][info][gc,start    ] GC(28) Concurrent marking (unload classes)
[50.326s][info][gc,task     ] GC(28) Using 1 of 3 workers for concurrent marking
[50.356s][info][gc          ] GC(28) Concurrent marking (unload classes) 29.856ms
[50.356s][info][gc,start    ] GC(28) Pause Final Mark (unload classes)
[50.356s][info][gc,task     ] GC(28) Using 3 of 3 workers for final marking
[50.356s][info][gc,ergo     ] GC(28) Collectable Garbage: 939M (93%), Immediate: 939M (93%), CSet: 0B (0%)
[50.357s][info][gc          ] GC(28) Pause Final Mark (unload classes) 0.252ms
[50.357s][info][gc,start    ] GC(28) Concurrent weak references
[50.357s][info][gc,task     ] GC(28) Using 1 of 3 workers for concurrent weak references
[50.357s][info][gc,ref      ] GC(28) Encountered references: Soft: 3098, Weak: 7636, Final: 31, Phantom: 90
[50.357s][info][gc,ref      ] GC(28) Discovered  references: Soft: 0, Weak: 846, Final: 1, Phantom: 55
[50.357s][info][gc,ref      ] GC(28) Enqueued    references: Soft: 0, Weak: 7, Final: 0, Phantom: 0
[50.357s][info][gc          ] GC(28) Concurrent weak references 0.168ms
[50.357s][info][gc,start    ] GC(28) Concurrent weak roots
[50.357s][info][gc,task     ] GC(28) Using 1 of 3 workers for concurrent weak root
[50.359s][info][gc          ] GC(28) Concurrent weak roots 2.013ms
[50.359s][info][gc,start    ] GC(28) Concurrent cleanup
[50.359s][info][gc          ] GC(28) Concurrent cleanup 1037M->97M(4096M) 0.081ms
[50.359s][info][gc,ergo     ] GC(28) Free: 3792M, Max: 2048K regular, 2948M humongous, Frag: 23% external, 0% internal; Reserve: 206M, Max: 2048K
[50.359s][info][gc,start    ] GC(28) Concurrent class unloading
[50.359s][info][gc,task     ] GC(28) Using 1 of 3 workers for concurrent class unloading
[50.368s][info][gc          ] GC(28) Concurrent class unloading 9.052ms
[50.368s][info][gc,start    ] GC(28) Pause Final Roots
[50.368s][info][gc          ] GC(28) Pause Final Roots 0.026ms
[50.368s][info][gc,ergo     ] Free: 3790M, Max: 2048K regular, 2948M humongous, Frag: 23% external, 0% internal; Reserve: 206M, Max: 2048K
[50.368s][info][gc,stats    ] 
[50.368s][info][gc,stats    ] All times are wall-clock times, except per-root-class counters, that are sum over
[50.368s][info][gc,stats    ] all workers. Dividing the <total> over the root stage time estimates parallelism.
[50.368s][info][gc,stats    ] 
[50.368s][info][gc,stats    ] Concurrent Reset                   1483 us
[50.368s][info][gc,stats    ] Pause Init Mark (G)                 333 us
[50.368s][info][gc,stats    ] Pause Init Mark (N)                 173 us
[50.368s][info][gc,stats    ]   Update Region States               60 us
[50.368s][info][gc,stats    ] Concurrent Mark Roots              1270 us, parallelism: 0.86x
[50.368s][info][gc,stats    ]   CMR: <total>                     1088 us
[50.368s][info][gc,stats    ]   CMR: Thread Roots                1033 us, workers (us): 1033, ---, ---, 
[50.368s][info][gc,stats    ]   CMR: VM Strong Roots                4 us, workers (us):   4, ---, ---, 
[50.368s][info][gc,stats    ]   CMR: CLDG Roots                    51 us, workers (us):  51, ---, ---, 
[50.369s][info][gc,stats    ] Concurrent Marking                29906 us
[50.369s][info][gc,stats    ] Pause Final Mark (G)                350 us
[50.369s][info][gc,stats    ] Pause Final Mark (N)                269 us
[50.369s][info][gc,stats    ]   Finish Mark                        81 us
[50.369s][info][gc,stats    ]   Update Region States               48 us
[50.369s][info][gc,stats    ]   Choose Collection Set              43 us
[50.369s][info][gc,stats    ]   Rebuild Free Set                   17 us
[50.369s][info][gc,stats    ] Concurrent Weak References          176 us, parallelism: 0.25x
[50.369s][info][gc,stats    ]   CWRF: <total>                      44 us
[50.369s][info][gc,stats    ]   CWRF: Weak References              44 us, workers (us):  44, ---, ---, 
[50.369s][info][gc,stats    ] Concurrent Weak Roots              2083 us
[50.369s][info][gc,stats    ]   Roots                            1959 us, parallelism: 0.95x
[50.369s][info][gc,stats    ]     CWR: <total>                   1870 us
[50.369s][info][gc,stats    ]     CWR: Code Cache Roots          1546 us, workers (us): 1546, ---, ---, 
[50.369s][info][gc,stats    ]     CWR: VM Weak Roots              312 us, workers (us): 312, ---, ---, 
[50.369s][info][gc,stats    ]     CWR: CLDG Roots                  12 us, workers (us):  12, ---, ---, 
[50.369s][info][gc,stats    ]   Rendezvous                         32 us
[50.369s][info][gc,stats    ] Concurrent Cleanup                   99 us
[50.369s][info][gc,stats    ] Concurrent Class Unloading         9123 us
[50.369s][info][gc,stats    ]   Unlink Stale                     8635 us
[50.369s][info][gc,stats    ]     System Dictionary                16 us
[50.369s][info][gc,stats    ]     Weak Class Links                  0 us
[50.369s][info][gc,stats    ]     Code Roots                     8616 us
[50.369s][info][gc,stats    ]   Rendezvous                         51 us
[50.369s][info][gc,stats    ]   Purge Unlinked                    326 us
[50.369s][info][gc,stats    ]     Code Roots                      314 us
[50.369s][info][gc,stats    ]     CLDG                             11 us
[50.369s][info][gc,stats    ]     Exception Caches                  0 us
[50.369s][info][gc,stats    ] Pause Final Roots (G)               131 us
[50.369s][info][gc,stats    ] Pause Final Roots (N)                42 us
[50.369s][info][gc,stats    ] 
[50.369s][info][gc,stats    ] Allocation pacing accrued:
[50.369s][info][gc,stats    ]       0 of   974 ms (  0.0%): <total>
[50.369s][info][gc,stats    ]       0 of   974 ms (  0.0%): <average total>
[50.369s][info][gc,stats    ] 
[50.369s][info][gc,metaspace] Metaspace: 35389K(36032K)->35389K(36032K) NonClass: 28863K(29312K)->28863K(29312K) Class: 6525K(6720K)->6525K(6720K)
[50.369s][info][gc,ergo     ] Pacer for Idle. Initial: 83886K, Alloc Tax Rate: 1.0x
[51.623s][info][gc          ] Trigger: Explicit GC request (System.gc())
[51.623s][info][gc,ergo     ] Free: 3124M, Max: 2048K regular, 2948M humongous, Frag: 6% external, 0% internal; Reserve: 206M, Max: 2048K
[51.623s][info][gc,start    ] GC(29) Concurrent reset
[51.623s][info][gc,task     ] GC(29) Using 1 of 3 workers for concurrent reset
[51.623s][info][gc,ergo     ] GC(29) Pacer for Reset. Non-Taxable: 4096M
[51.624s][info][gc          ] GC(29) Concurrent reset 0.412ms
[51.624s][info][gc,start    ] GC(29) Pause Init Mark (unload classes)
[51.624s][info][gc,task     ] GC(29) Using 3 of 3 workers for init marking
[51.624s][info][gc,ref      ] GC(29) Clearing All SoftReferences
[51.624s][info][gc,ergo     ] GC(29) Pacer for Mark. Expected Live: 34000K, Free: 3124M, Non-Taxable: 312M, Alloc Tax Rate: 0.0x
[51.624s][info][gc          ] GC(29) Pause Init Mark (unload classes) 0.088ms
[51.624s][info][gc,start    ] GC(29) Concurrent marking roots
[51.624s][info][gc,task     ] GC(29) Using 1 of 3 workers for concurrent marking roots
[51.624s][info][gc          ] GC(29) Concurrent marking roots 0.343ms
[51.624s][info][gc,start    ] GC(29) Concurrent marking (unload classes)
[51.624s][info][gc,task     ] GC(29) Using 1 of 3 workers for concurrent marking
[51.690s][info][gc          ] GC(29) Concurrent marking (unload classes) 65.446ms
[51.690s][info][gc,start    ] GC(29) Pause Final Mark (unload classes)
[51.690s][info][gc,task     ] GC(29) Using 3 of 3 workers for final marking
[51.690s][info][gc,ergo     ] GC(29) Adaptive CSet Selection. Target Free: 580M, Actual Free: 3815M, Max CSet: 170M, Min Garbage: 0B
[51.690s][info][gc,ergo     ] GC(29) Collectable Garbage: 720M (99%), Immediate: 485M (67%), CSet: 234M (32%)
[51.690s][info][gc,ergo     ] GC(29) Pacer for Evacuation. Used CSet: 251M, Free: 3610M, Non-Taxable: 361M, Alloc Tax Rate: 1.1x
[51.690s][info][gc          ] GC(29) Pause Final Mark (unload classes) 0.502ms
[51.690s][info][gc,start    ] GC(29) Concurrent thread roots
[51.690s][info][gc,task     ] GC(29) Using 1 of 3 workers for Concurrent thread roots
[51.691s][info][gc          ] GC(29) Concurrent thread roots 0.476ms
[51.691s][info][gc,start    ] GC(29) Concurrent weak references
[51.691s][info][gc,task     ] GC(29) Using 1 of 3 workers for concurrent weak references
[51.694s][info][gc,ref      ] GC(29) Encountered references: Soft: 3098, Weak: 7627, Final: 25031, Phantom: 88
[51.694s][info][gc,ref      ] GC(29) Discovered  references: Soft: 71, Weak: 637, Final: 25001, Phantom: 53
[51.694s][info][gc,ref      ] GC(29) Enqueued    references: Soft: 7, Weak: 0, Final: 25000, Phantom: 0
[51.694s][info][gc          ] GC(29) Concurrent weak references 2.959ms
[51.694s][info][gc,start    ] GC(29) Concurrent weak roots
[51.694s][info][gc,task     ] GC(29) Using 1 of 3 workers for concurrent weak root
[51.697s][info][gc          ] GC(29) Concurrent weak roots 2.765ms
[51.697s][info][gc,start    ] GC(29) Concurrent cleanup
[51.697s][info][gc          ] GC(29) Concurrent cleanup 769M->283M(4096M) 0.034ms
[51.697s][info][gc,ergo     ] GC(29) Free: 3608M, Max: 2048K regular, 2966M humongous, Frag: 18% external, 0% internal; Reserve: 204M, Max: 2048K
[51.697s][info][gc,start    ] GC(29) Concurrent class unloading
[51.697s][info][gc,task     ] GC(29) Using 1 of 3 workers for concurrent class unloading
[51.706s][info][gc          ] GC(29) Concurrent class unloading 9.309ms
[51.706s][info][gc,start    ] GC(29) Concurrent strong roots
[51.706s][info][gc,task     ] GC(29) Using 1 of 3 workers for concurrent strong root
[51.706s][info][gc          ] GC(29) Concurrent strong roots 0.271ms
[51.706s][info][gc,start    ] GC(29) Concurrent evacuation
[51.706s][info][gc,task     ] GC(29) Using 1 of 3 workers for concurrent evacuation
[51.725s][info][gc          ] GC(29) Concurrent evacuation 18.827ms
[51.725s][info][gc,start    ] GC(29) Pause Init Update Refs
[51.726s][info][gc,ergo     ] GC(29) Pacer for Update Refs. Used: 301M, Free: 3608M, Non-Taxable: 360M, Alloc Tax Rate: 1.1x
[51.726s][info][gc          ] GC(29) Pause Init Update Refs 0.110ms
[51.726s][info][gc,start    ] GC(29) Concurrent update references
[51.726s][info][gc,task     ] GC(29) Using 1 of 3 workers for concurrent reference update
[51.761s][info][gc          ] GC(29) Concurrent update references 35.407ms
[51.761s][info][gc,start    ] GC(29) Concurrent update thread roots
[51.762s][info][gc          ] GC(29) Concurrent update thread roots 0.593ms
[51.762s][info][gc,start    ] GC(29) Pause Final Update Refs
[51.762s][info][gc,task     ] GC(29) Using 3 of 3 workers for final reference update
[51.762s][info][gc          ] GC(29) Pause Final Update Refs 0.217ms
[51.762s][info][gc,start    ] GC(29) Concurrent cleanup
[51.762s][info][gc          ] GC(29) Concurrent cleanup 301M->49M(4096M) 0.039ms
[51.762s][info][gc,ergo     ] Free: 3840M, Max: 2048K regular, 3150M humongous, Frag: 18% external, 0% internal; Reserve: 206M, Max: 2048K
[51.762s][info][gc,stats    ] 
[51.762s][info][gc,stats    ] All times are wall-clock times, except per-root-class counters, that are sum over
[51.762s][info][gc,stats    ] all workers. Dividing the <total> over the root stage time estimates parallelism.
[51.762s][info][gc,stats    ] 
[51.762s][info][gc,stats    ] Concurrent Reset                    456 us
[51.762s][info][gc,stats    ] Pause Init Mark (G)                 162 us
[51.762s][info][gc,stats    ] Pause Init Mark (N)                  96 us
[51.762s][info][gc,stats    ]   Update Region States               37 us
[51.762s][info][gc,stats    ] Concurrent Mark Roots               361 us, parallelism: 0.68x
[51.762s][info][gc,stats    ]   CMR: <total>                      245 us
[51.762s][info][gc,stats    ]   CMR: Thread Roots                 197 us, workers (us): 197, ---, ---, 
[51.762s][info][gc,stats    ]   CMR: VM Strong Roots                4 us, workers (us):   4, ---, ---, 
[51.762s][info][gc,stats    ]   CMR: CLDG Roots                    45 us, workers (us):  45, ---, ---, 
[51.762s][info][gc,stats    ] Concurrent Marking                65514 us
[51.762s][info][gc,stats    ] Pause Final Mark (G)                644 us
[51.762s][info][gc,stats    ] Pause Final Mark (N)                524 us
[51.762s][info][gc,stats    ]   Finish Mark                        97 us
[51.762s][info][gc,stats    ]   Update Region States              107 us
[51.762s][info][gc,stats    ]   Choose Collection Set             152 us
[51.762s][info][gc,stats    ]   Rebuild Free Set                   22 us
[51.762s][info][gc,stats    ] Concurrent Thread Roots             499 us, parallelism: 0.76x
[51.762s][info][gc,stats    ]   CTR: <total>                      381 us
[51.762s][info][gc,stats    ]   CTR: Thread Roots                 381 us, workers (us): 381, ---, ---, 
[51.762s][info][gc,stats    ] Concurrent Weak References         2978 us, parallelism: 0.92x
[51.762s][info][gc,stats    ]   CWRF: <total>                    2749 us
[51.762s][info][gc,stats    ]   CWRF: Weak References            2749 us, workers (us): 2749, ---, ---, 
[51.762s][info][gc,stats    ] Concurrent Weak Roots              2827 us
[51.762s][info][gc,stats    ]   Roots                            2595 us, parallelism: 0.95x
[51.762s][info][gc,stats    ]     CWR: <total>                   2478 us
[51.762s][info][gc,stats    ]     CWR: Code Cache Roots          1761 us, workers (us): 1761, ---, ---, 
[51.762s][info][gc,stats    ]     CWR: VM Weak Roots              702 us, workers (us): 702, ---, ---, 
[51.762s][info][gc,stats    ]     CWR: CLDG Roots                  15 us, workers (us):  15, ---, ---, 
[51.762s][info][gc,stats    ]   Rendezvous                        128 us
[51.763s][info][gc,stats    ] Concurrent Cleanup                   43 us
[51.763s][info][gc,stats    ] Concurrent Class Unloading         9378 us
[51.763s][info][gc,stats    ]   Unlink Stale                     8793 us
[51.763s][info][gc,stats    ]     System Dictionary                14 us
[51.763s][info][gc,stats    ]     Weak Class Links                  0 us
[51.763s][info][gc,stats    ]     Code Roots                     8777 us
[51.763s][info][gc,stats    ]   Rendezvous                        226 us
[51.763s][info][gc,stats    ]   Purge Unlinked                    268 us
[51.763s][info][gc,stats    ]     Code Roots                      256 us
[51.763s][info][gc,stats    ]     CLDG                             11 us
[51.763s][info][gc,stats    ]     Exception Caches                  0 us
[51.763s][info][gc,stats    ] Concurrent Strong Roots             305 us, parallelism: 0.44x
[51.763s][info][gc,stats    ]   CSR: <total>                      136 us
[51.763s][info][gc,stats    ]   CSR: VM Strong Roots                6 us, workers (us):   6, ---, ---, 
[51.763s][info][gc,stats    ]   CSR: CLDG Roots                   129 us, workers (us): 129, ---, ---, 
[51.763s][info][gc,stats    ] Concurrent Evacuation             18895 us
[51.763s][info][gc,stats    ] Pause Init Update Refs (G)          268 us
[51.763s][info][gc,stats    ] Pause Init Update Refs (N)          132 us
[51.763s][info][gc,stats    ]   Manage GCLABs                       4 us
[51.763s][info][gc,stats    ] Concurrent Update Refs            35473 us
[51.763s][info][gc,stats    ] Concurrent Update Thread Roots      612 us
[51.763s][info][gc,stats    ] Pause Final Update Refs (G)         319 us
[51.763s][info][gc,stats    ] Pause Final Update Refs (N)         245 us
[51.763s][info][gc,stats    ]   Update Region States               78 us
[51.763s][info][gc,stats    ]   Trash Collection Set               11 us
[51.763s][info][gc,stats    ]   Rebuild Free Set                   26 us
[51.763s][info][gc,stats    ] Concurrent Cleanup                   49 us
[51.763s][info][gc,stats    ] 
[51.763s][info][gc,stats    ] Allocation pacing accrued:
[51.763s][info][gc,stats    ]       0 of  1394 ms (  0.0%): <total>
[51.763s][info][gc,stats    ]       0 of  1394 ms (  0.0%): <average total>
[51.763s][info][gc,stats    ] 
[51.763s][info][gc,metaspace] Metaspace: 35420K(36096K)->35420K(36096K) NonClass: 28894K(29376K)->28894K(29376K) Class: 6525K(6720K)->6525K(6720K)
[51.763s][info][gc,ergo     ] Pacer for Idle. Initial: 83886K, Alloc Tax Rate: 1.0x
[52.866s][info][gc          ] Trigger: Learning 2 of 5. Free (2862M) is below initial threshold (2867M)
[52.866s][info][gc,ergo     ] Free: 2862M, Max: 2048K regular, 2862M humongous, Frag: 0% external, 0% internal; Reserve: 206M, Max: 2048K
[52.866s][info][gc,start    ] GC(30) Concurrent reset
[52.867s][info][gc,task     ] GC(30) Using 1 of 3 workers for concurrent reset
[52.867s][info][gc,ergo     ] GC(30) Pacer for Reset. Non-Taxable: 4096M
[52.868s][info][gc          ] GC(30) Concurrent reset 1.249ms
[52.868s][info][gc,start    ] GC(30) Pause Init Mark (unload classes)
[52.868s][info][gc,task     ] GC(30) Using 3 of 3 workers for init marking
[52.868s][info][gc,ergo     ] GC(30) Pacer for Mark. Expected Live: 37434K, Free: 2862M, Non-Taxable: 286M, Alloc Tax Rate: 0.0x
[52.868s][info][gc          ] GC(30) Pause Init Mark (unload classes) 0.125ms
[52.868s][info][gc,start    ] GC(30) Concurrent marking roots
[52.868s][info][gc,task     ] GC(30) Using 1 of 3 workers for concurrent marking roots
[52.869s][info][gc          ] GC(30) Concurrent marking roots 0.892ms
[52.869s][info][gc,start    ] GC(30) Concurrent marking (unload classes)
[52.869s][info][gc,task     ] GC(30) Using 1 of 3 workers for concurrent marking
[52.899s][info][gc          ] GC(30) Concurrent marking (unload classes) 29.808ms
[52.899s][info][gc,start    ] GC(30) Pause Final Mark (unload classes)
[52.899s][info][gc,task     ] GC(30) Using 3 of 3 workers for final marking
[52.899s][info][gc,ergo     ] GC(30) Collectable Garbage: 948M (94%), Immediate: 948M (94%), CSet: 0B (0%)
[52.899s][info][gc          ] GC(30) Pause Final Mark (unload classes) 0.289ms
[52.899s][info][gc,start    ] GC(30) Concurrent weak references
[52.899s][info][gc,task     ] GC(30) Using 1 of 3 workers for concurrent weak references
[52.899s][info][gc,ref      ] GC(30) Encountered references: Soft: 3092, Weak: 7645, Final: 34, Phantom: 90
[52.899s][info][gc,ref      ] GC(30) Discovered  references: Soft: 0, Weak: 840, Final: 4, Phantom: 58
[52.899s][info][gc,ref      ] GC(30) Enqueued    references: Soft: 0, Weak: 7, Final: 3, Phantom: 0
[52.899s][info][gc          ] GC(30) Concurrent weak references 0.160ms
[52.899s][info][gc,start    ] GC(30) Concurrent weak roots
[52.899s][info][gc,task     ] GC(30) Using 1 of 3 workers for concurrent weak root
[52.901s][info][gc          ] GC(30) Concurrent weak roots 2.106ms
[52.902s][info][gc,start    ] GC(30) Concurrent cleanup
[52.902s][info][gc          ] GC(30) Concurrent cleanup 1059M->111M(4096M) 0.081ms
[52.902s][info][gc,ergo     ] GC(30) Free: 3778M, Max: 2048K regular, 2840M humongous, Frag: 25% external, 0% internal; Reserve: 206M, Max: 2048K
[52.902s][info][gc,start    ] GC(30) Concurrent class unloading
[52.902s][info][gc,task     ] GC(30) Using 1 of 3 workers for concurrent class unloading
[52.917s][info][gc          ] GC(30) Concurrent class unloading 15.491ms
[52.917s][info][gc,start    ] GC(30) Pause Final Roots
[52.917s][info][gc          ] GC(30) Pause Final Roots 0.043ms
[52.917s][info][gc,ergo     ] Free: 3768M, Max: 2048K regular, 2840M humongous, Frag: 25% external, 0% internal; Reserve: 206M, Max: 2048K
[52.918s][info][gc,stats    ] 
[52.918s][info][gc,stats    ] All times are wall-clock times, except per-root-class counters, that are sum over
[52.918s][info][gc,stats    ] all workers. Dividing the <total> over the root stage time estimates parallelism.
[52.918s][info][gc,stats    ] 
[52.918s][info][gc,stats    ] Concurrent Reset                   1305 us
[52.918s][info][gc,stats    ] Pause Init Mark (G)                 256 us
[52.918s][info][gc,stats    ] Pause Init Mark (N)                 135 us
[52.918s][info][gc,stats    ]   Update Region States               54 us
[52.918s][info][gc,stats    ] Concurrent Mark Roots               912 us, parallelism: 0.87x
[52.918s][info][gc,stats    ]   CMR: <total>                      794 us
[52.918s][info][gc,stats    ]   CMR: Thread Roots                 744 us, workers (us): 744, ---, ---, 
[52.918s][info][gc,stats    ]   CMR: VM Strong Roots                5 us, workers (us):   5, ---, ---, 
[52.918s][info][gc,stats    ]   CMR: CLDG Roots                    45 us, workers (us):  45, ---, ---, 
[52.918s][info][gc,stats    ] Concurrent Marking                29860 us
[52.918s][info][gc,stats    ] Pause Final Mark (G)                364 us
[52.918s][info][gc,stats    ] Pause Final Mark (N)                299 us
[52.918s][info][gc,stats    ]   Finish Mark                        64 us
[52.918s][info][gc,stats    ]   Update Region States              113 us
[52.918s][info][gc,stats    ]   Choose Collection Set              44 us
[52.918s][info][gc,stats    ]   Rebuild Free Set                    8 us
[52.918s][info][gc,stats    ] Concurrent Weak References          168 us, parallelism: 0.25x
[52.918s][info][gc,stats    ]   CWRF: <total>                      42 us
[52.918s][info][gc,stats    ]   CWRF: Weak References              42 us, workers (us):  42, ---, ---, 
[52.918s][info][gc,stats    ] Concurrent Weak Roots              2175 us
[52.918s][info][gc,stats    ]   Roots                            1966 us, parallelism: 0.95x
[52.918s][info][gc,stats    ]     CWR: <total>                   1874 us
[52.918s][info][gc,stats    ]     CWR: Code Cache Roots          1543 us, workers (us): 1543, ---, ---, 
[52.918s][info][gc,stats    ]     CWR: VM Weak Roots              319 us, workers (us): 319, ---, ---, 
[52.918s][info][gc,stats    ]     CWR: CLDG Roots                  12 us, workers (us):  12, ---, ---, 
[52.918s][info][gc,stats    ]   Rendezvous                        119 us
[52.918s][info][gc,stats    ] Concurrent Cleanup                   99 us
[52.918s][info][gc,stats    ] Concurrent Class Unloading        15563 us
[52.918s][info][gc,stats    ]   Unlink Stale                    14961 us
[52.918s][info][gc,stats    ]     System Dictionary               154 us
[52.918s][info][gc,stats    ]     Weak Class Links               5259 us
[52.918s][info][gc,stats    ]     Code Roots                     9546 us
[52.918s][info][gc,stats    ]   Rendezvous                        111 us
[52.918s][info][gc,stats    ]   Purge Unlinked                    380 us
[52.918s][info][gc,stats    ]     Code Roots                      322 us
[52.918s][info][gc,stats    ]     CLDG                             57 us
[52.918s][info][gc,stats    ]     Exception Caches                  0 us
[52.918s][info][gc,stats    ] Pause Final Roots (G)               171 us
[52.918s][info][gc,stats    ] Pause Final Roots (N)                53 us
[52.918s][info][gc,stats    ] Pacing                              917 us
[52.918s][info][gc,stats    ] 
[52.918s][info][gc,stats    ] Allocation pacing accrued:
[52.918s][info][gc,stats    ]       1 of  1155 ms (  0.1%): MainThread
[52.918s][info][gc,stats    ]       1 of  1155 ms (  0.1%): <total>
[52.918s][info][gc,stats    ]       0 of  1155 ms (  0.0%): <average total>
[52.918s][info][gc,stats    ]       1 of  1155 ms (  0.1%): <average non-zero>
[52.918s][info][gc,stats    ] 
[52.918s][info][gc,metaspace] Metaspace: 35488K(36160K)->35445K(36160K) NonClass: 28961K(29440K)->28919K(29440K) Class: 6526K(6720K)->6525K(6720K)
[52.918s][info][gc,ergo     ] Pacer for Idle. Initial: 83886K, Alloc Tax Rate: 1.0x
[54.645s][info][gc          ] Trigger: Learning 3 of 5. Free (2864M) is below initial threshold (2867M)
[54.646s][info][gc,ergo     ] Free: 2864M, Max: 2048K regular, 2840M humongous, Frag: 1% external, 0% internal; Reserve: 206M, Max: 2048K
[54.646s][info][gc,start    ] GC(31) Concurrent reset
[54.646s][info][gc,task     ] GC(31) Using 1 of 3 workers for concurrent reset
[54.646s][info][gc,ergo     ] GC(31) Pacer for Reset. Non-Taxable: 4096M
[54.646s][info][gc          ] GC(31) Concurrent reset 0.567ms
[54.646s][info][gc,start    ] GC(31) Pause Init Mark (unload classes)
[54.646s][info][gc,task     ] GC(31) Using 3 of 3 workers for init marking
[54.646s][info][gc,ergo     ] GC(31) Pacer for Mark. Expected Live: 33999K, Free: 2862M, Non-Taxable: 286M, Alloc Tax Rate: 0.0x
[54.646s][info][gc          ] GC(31) Pause Init Mark (unload classes) 0.138ms
[54.647s][info][gc,start    ] GC(31) Concurrent marking roots
[54.647s][info][gc,task     ] GC(31) Using 1 of 3 workers for concurrent marking roots
[54.648s][info][gc          ] GC(31) Concurrent marking roots 1.427ms
[54.648s][info][gc,start    ] GC(31) Concurrent marking (unload classes)
[54.648s][info][gc,task     ] GC(31) Using 1 of 3 workers for concurrent marking
[54.716s][info][gc          ] GC(31) Concurrent marking (unload classes) 67.743ms
[54.716s][info][gc,start    ] GC(31) Pause Final Mark (unload classes)
[54.716s][info][gc,task     ] GC(31) Using 3 of 3 workers for final marking
[54.716s][info][gc,ergo     ] GC(31) Adaptive CSet Selection. Target Free: 580M, Actual Free: 3708M, Max CSet: 170M, Min Garbage: 0B
[54.716s][info][gc,ergo     ] GC(31) Collectable Garbage: 982M (99%), Immediate: 726M (73%), CSet: 256M (26%)
[54.716s][info][gc,ergo     ] GC(31) Pacer for Evacuation. Used CSet: 274M, Free: 3502M, Non-Taxable: 350M, Alloc Tax Rate: 1.1x
[54.716s][info][gc          ] GC(31) Pause Final Mark (unload classes) 0.361ms
[54.716s][info][gc,start    ] GC(31) Concurrent thread roots
[54.716s][info][gc,task     ] GC(31) Using 1 of 3 workers for Concurrent thread roots
[54.718s][info][gc          ] GC(31) Concurrent thread roots 1.399ms
[54.718s][info][gc,start    ] GC(31) Concurrent weak references
[54.718s][info][gc,task     ] GC(31) Using 1 of 3 workers for concurrent weak references
[54.721s][info][gc,ref      ] GC(31) Encountered references: Soft: 3098, Weak: 7635, Final: 25031, Phantom: 90
[54.721s][info][gc,ref      ] GC(31) Discovered  references: Soft: 0, Weak: 833, Final: 25001, Phantom: 55
[54.721s][info][gc,ref      ] GC(31) Enqueued    references: Soft: 0, Weak: 0, Final: 25000, Phantom: 0
[54.721s][info][gc          ] GC(31) Concurrent weak references 3.049ms
[54.721s][info][gc,start    ] GC(31) Concurrent weak roots
[54.721s][info][gc,task     ] GC(31) Using 1 of 3 workers for concurrent weak root
[54.724s][info][gc          ] GC(31) Concurrent weak roots 2.768ms
[54.724s][info][gc,start    ] GC(31) Concurrent cleanup
[54.724s][info][gc          ] GC(31) Concurrent cleanup 1123M->398M(4096M) 0.081ms
[54.724s][info][gc,ergo     ] GC(31) Free: 3494M, Max: 2048K regular, 2768M humongous, Frag: 21% external, 0% internal; Reserve: 202M, Max: 2048K
[54.724s][info][gc,start    ] GC(31) Concurrent class unloading
[54.724s][info][gc,task     ] GC(31) Using 1 of 3 workers for concurrent class unloading
[54.733s][info][gc          ] GC(31) Concurrent class unloading 9.590ms
[54.733s][info][gc,start    ] GC(31) Concurrent strong roots
[54.733s][info][gc,task     ] GC(31) Using 1 of 3 workers for concurrent strong root
[54.734s][info][gc          ] GC(31) Concurrent strong roots 0.246ms
[54.734s][info][gc,start    ] GC(31) Concurrent evacuation
[54.734s][info][gc,task     ] GC(31) Using 1 of 3 workers for concurrent evacuation
[54.753s][info][gc          ] GC(31) Concurrent evacuation 19.140ms
[54.753s][info][gc,start    ] GC(31) Pause Init Update Refs
[54.753s][info][gc,ergo     ] GC(31) Pacer for Update Refs. Used: 445M, Free: 3464M, Non-Taxable: 346M, Alloc Tax Rate: 1.1x
[54.753s][info][gc          ] GC(31) Pause Init Update Refs 0.084ms
[54.753s][info][gc,start    ] GC(31) Concurrent update references
[54.753s][info][gc,task     ] GC(31) Using 1 of 3 workers for concurrent reference update
[54.809s][info][gc          ] GC(31) Concurrent update references 55.768ms
[54.809s][info][gc,start    ] GC(31) Concurrent update thread roots
[54.810s][info][gc          ] GC(31) Concurrent update thread roots 0.730ms
[54.810s][info][gc,start    ] GC(31) Pause Final Update Refs
[54.810s][info][gc,task     ] GC(31) Using 3 of 3 workers for final reference update
[54.810s][info][gc          ] GC(31) Pause Final Update Refs 0.211ms
[54.810s][info][gc,start    ] GC(31) Concurrent cleanup
[54.810s][info][gc          ] GC(31) Concurrent cleanup 491M->217M(4096M) 0.036ms
[54.810s][info][gc,ergo     ] Free: 3672M, Max: 2048K regular, 2758M humongous, Frag: 25% external, 0% internal; Reserve: 206M, Max: 2048K
[54.810s][info][gc,stats    ] 
[54.810s][info][gc,stats    ] All times are wall-clock times, except per-root-class counters, that are sum over
[54.810s][info][gc,stats    ] all workers. Dividing the <total> over the root stage time estimates parallelism.
[54.810s][info][gc,stats    ] 
[54.810s][info][gc,stats    ] Concurrent Reset                    610 us
[54.810s][info][gc,stats    ] Pause Init Mark (G)                 299 us
[54.810s][info][gc,stats    ] Pause Init Mark (N)                 155 us
[54.810s][info][gc,stats    ]   Update Region States               48 us
[54.810s][info][gc,stats    ] Concurrent Mark Roots              1446 us, parallelism: 0.93x
[54.810s][info][gc,stats    ]   CMR: <total>                     1349 us
[54.810s][info][gc,stats    ]   CMR: Thread Roots                1294 us, workers (us): 1294, ---, ---, 
[54.810s][info][gc,stats    ]   CMR: VM Strong Roots                4 us, workers (us):   4, ---, ---, 
[54.810s][info][gc,stats    ]   CMR: CLDG Roots                    51 us, workers (us):  51, ---, ---, 
[54.810s][info][gc,stats    ] Concurrent Marking                67809 us
[54.810s][info][gc,stats    ] Pause Final Mark (G)                472 us
[54.810s][info][gc,stats    ] Pause Final Mark (N)                379 us
[54.810s][info][gc,stats    ]   Finish Mark                       107 us
[54.810s][info][gc,stats    ]   Update Region States               57 us
[54.810s][info][gc,stats    ]   Choose Collection Set             126 us
[54.810s][info][gc,stats    ]   Rebuild Free Set                   17 us
[54.810s][info][gc,stats    ] Concurrent Thread Roots            1438 us, parallelism: 0.92x
[54.810s][info][gc,stats    ]   CTR: <total>                     1316 us
[54.810s][info][gc,stats    ]   CTR: Thread Roots                1316 us, workers (us): 1316, ---, ---, 
[54.810s][info][gc,stats    ] Concurrent Weak References         3067 us, parallelism: 0.93x
[54.810s][info][gc,stats    ]   CWRF: <total>                    2837 us
[54.810s][info][gc,stats    ]   CWRF: Weak References            2837 us, workers (us): 2837, ---, ---, 
[54.810s][info][gc,stats    ] Concurrent Weak Roots              2841 us
[54.810s][info][gc,stats    ]   Roots                            2616 us, parallelism: 0.97x
[54.810s][info][gc,stats    ]     CWR: <total>                   2527 us
[54.810s][info][gc,stats    ]     CWR: Code Cache Roots          1807 us, workers (us): 1807, ---, ---, 
[54.810s][info][gc,stats    ]     CWR: VM Weak Roots              705 us, workers (us): 705, ---, ---, 
[54.810s][info][gc,stats    ]     CWR: CLDG Roots                  15 us, workers (us):  15, ---, ---, 
[54.810s][info][gc,stats    ]   Rendezvous                        113 us
[54.810s][info][gc,stats    ] Concurrent Cleanup                  101 us
[54.810s][info][gc,stats    ] Concurrent Class Unloading         9659 us
[54.810s][info][gc,stats    ]   Unlink Stale                     9121 us
[54.810s][info][gc,stats    ]     System Dictionary                18 us
[54.810s][info][gc,stats    ]     Weak Class Links                  0 us
[54.810s][info][gc,stats    ]     Code Roots                     9101 us
[54.810s][info][gc,stats    ]   Rendezvous                        139 us
[54.810s][info][gc,stats    ]   Purge Unlinked                    293 us
[54.810s][info][gc,stats    ]     Code Roots                      281 us
[54.810s][info][gc,stats    ]     CLDG                             11 us
[54.810s][info][gc,stats    ]     Exception Caches                  0 us
[54.810s][info][gc,stats    ] Concurrent Strong Roots             285 us, parallelism: 0.48x
[54.810s][info][gc,stats    ]   CSR: <total>                      138 us
[54.810s][info][gc,stats    ]   CSR: VM Strong Roots                5 us, workers (us):   5, ---, ---, 
[54.810s][info][gc,stats    ]   CSR: CLDG Roots                   134 us, workers (us): 134, ---, ---, 
[54.810s][info][gc,stats    ] Concurrent Evacuation             19209 us
[54.811s][info][gc,stats    ] Pause Init Update Refs (G)          256 us
[54.811s][info][gc,stats    ] Pause Init Update Refs (N)          101 us
[54.811s][info][gc,stats    ]   Manage GCLABs                       4 us
[54.811s][info][gc,stats    ] Concurrent Update Refs            55847 us
[54.811s][info][gc,stats    ] Concurrent Update Thread Roots      752 us
[54.811s][info][gc,stats    ] Pause Final Update Refs (G)         336 us
[54.811s][info][gc,stats    ] Pause Final Update Refs (N)         251 us
[54.811s][info][gc,stats    ]   Update Region States              101 us
[54.811s][info][gc,stats    ]   Trash Collection Set                7 us
[54.811s][info][gc,stats    ]   Rebuild Free Set                   22 us
[54.811s][info][gc,stats    ] Concurrent Cleanup                   46 us
[54.811s][info][gc,stats    ] 
[54.811s][info][gc,stats    ] Allocation pacing accrued:
[54.811s][info][gc,stats    ]       0 of  1893 ms (  0.0%): <total>
[54.811s][info][gc,stats    ]       0 of  1893 ms (  0.0%): <average total>
[54.811s][info][gc,stats    ] 
[54.811s][info][gc,metaspace] Metaspace: 35478K(36160K)->35478K(36160K) NonClass: 28952K(29440K)->28952K(29440K) Class: 6525K(6720K)->6525K(6720K)
[54.811s][info][gc,ergo     ] Pacer for Idle. Initial: 83886K, Alloc Tax Rate: 1.0x
[55.630s][info][gc          ] Trigger: Learning 4 of 5. Free (2862M) is below initial threshold (2867M)
[55.630s][info][gc,ergo     ] Free: 2862M, Max: 2048K regular, 2758M humongous, Frag: 4% external, 0% internal; Reserve: 206M, Max: 2048K
[55.630s][info][gc,start    ] GC(32) Concurrent reset
[55.631s][info][gc,task     ] GC(32) Using 1 of 3 workers for concurrent reset
[55.631s][info][gc,ergo     ] GC(32) Pacer for Reset. Non-Taxable: 4096M
[55.632s][info][gc          ] GC(32) Concurrent reset 1.318ms
[55.632s][info][gc,start    ] GC(32) Pause Init Mark (unload classes)
[55.632s][info][gc,task     ] GC(32) Using 3 of 3 workers for init marking
[55.632s][info][gc,ergo     ] GC(32) Pacer for Mark. Expected Live: 37439K, Free: 2862M, Non-Taxable: 286M, Alloc Tax Rate: 0.0x
[55.632s][info][gc          ] GC(32) Pause Init Mark (unload classes) 0.103ms
[55.632s][info][gc,start    ] GC(32) Concurrent marking roots
[55.632s][info][gc,task     ] GC(32) Using 1 of 3 workers for concurrent marking roots
[55.633s][info][gc          ] GC(32) Concurrent marking roots 1.273ms
[55.633s][info][gc,start    ] GC(32) Concurrent marking (unload classes)
[55.633s][info][gc,task     ] GC(32) Using 1 of 3 workers for concurrent marking
[55.663s][info][gc          ] GC(32) Concurrent marking (unload classes) 29.610ms
[55.663s][info][gc,start    ] GC(32) Pause Final Mark (unload classes)
[55.663s][info][gc,task     ] GC(32) Using 3 of 3 workers for final marking
[55.663s][info][gc,ergo     ] GC(32) Collectable Garbage: 941M (94%), Immediate: 941M (94%), CSet: 0B (0%)
[55.663s][info][gc          ] GC(32) Pause Final Mark (unload classes) 0.322ms
[55.664s][info][gc,start    ] GC(32) Concurrent weak references
[55.664s][info][gc,task     ] GC(32) Using 1 of 3 workers for concurrent weak references
[55.664s][info][gc,ref      ] GC(32) Encountered references: Soft: 3098, Weak: 7642, Final: 31, Phantom: 90
[55.664s][info][gc,ref      ] GC(32) Discovered  references: Soft: 0, Weak: 841, Final: 1, Phantom: 55
[55.664s][info][gc,ref      ] GC(32) Enqueued    references: Soft: 0, Weak: 7, Final: 0, Phantom: 0
[55.664s][info][gc          ] GC(32) Concurrent weak references 0.155ms
[55.664s][info][gc,start    ] GC(32) Concurrent weak roots
[55.664s][info][gc,task     ] GC(32) Using 1 of 3 workers for concurrent weak root
[55.666s][info][gc          ] GC(32) Concurrent weak roots 1.986ms
[55.666s][info][gc,start    ] GC(32) Concurrent cleanup
[55.666s][info][gc          ] GC(32) Concurrent cleanup 1039M->97M(4096M) 0.077ms
[55.666s][info][gc,ergo     ] GC(32) Free: 3792M, Max: 2048K regular, 2948M humongous, Frag: 23% external, 0% internal; Reserve: 206M, Max: 2048K
[55.666s][info][gc,start    ] GC(32) Concurrent class unloading
[55.666s][info][gc,task     ] GC(32) Using 1 of 3 workers for concurrent class unloading
[55.675s][info][gc          ] GC(32) Concurrent class unloading 9.219ms
[55.675s][info][gc,start    ] GC(32) Pause Final Roots
[55.675s][info][gc          ] GC(32) Pause Final Roots 0.042ms
[55.675s][info][gc,ergo     ] Free: 3790M, Max: 2048K regular, 2948M humongous, Frag: 23% external, 0% internal; Reserve: 206M, Max: 2048K
[55.675s][info][gc,stats    ] 
[55.675s][info][gc,stats    ] All times are wall-clock times, except per-root-class counters, that are sum over
[55.675s][info][gc,stats    ] all workers. Dividing the <total> over the root stage time estimates parallelism.
[55.675s][info][gc,stats    ] 
[55.675s][info][gc,stats    ] Concurrent Reset                   1381 us
[55.675s][info][gc,stats    ] Pause Init Mark (G)                 250 us
[55.675s][info][gc,stats    ] Pause Init Mark (N)                 112 us
[55.675s][info][gc,stats    ]   Update Region States               40 us
[55.675s][info][gc,stats    ] Concurrent Mark Roots              1292 us, parallelism: 0.93x
[55.675s][info][gc,stats    ]   CMR: <total>                     1195 us
[55.675s][info][gc,stats    ]   CMR: Thread Roots                1142 us, workers (us): 1142, ---, ---, 
[55.675s][info][gc,stats    ]   CMR: VM Strong Roots                4 us, workers (us):   4, ---, ---, 
[55.675s][info][gc,stats    ]   CMR: CLDG Roots                    49 us, workers (us):  49, ---, ---, 
[55.675s][info][gc,stats    ] Concurrent Marking                29666 us
[55.675s][info][gc,stats    ] Pause Final Mark (G)                453 us
[55.676s][info][gc,stats    ] Pause Final Mark (N)                343 us
[55.676s][info][gc,stats    ]   Finish Mark                        68 us
[55.676s][info][gc,stats    ]   Update Region States               85 us
[55.676s][info][gc,stats    ]   Choose Collection Set              67 us
[55.676s][info][gc,stats    ]   Rebuild Free Set                   17 us
[55.676s][info][gc,stats    ] Concurrent Weak References          171 us, parallelism: 0.23x
[55.676s][info][gc,stats    ]   CWRF: <total>                      39 us
[55.676s][info][gc,stats    ]   CWRF: Weak References              39 us, workers (us):  39, ---, ---, 
[55.676s][info][gc,stats    ] Concurrent Weak Roots              2046 us
[55.676s][info][gc,stats    ]   Roots                            1908 us, parallelism: 0.95x
[55.676s][info][gc,stats    ]     CWR: <total>                   1822 us
[55.676s][info][gc,stats    ]     CWR: Code Cache Roots          1496 us, workers (us): 1496, ---, ---, 
[55.676s][info][gc,stats    ]     CWR: VM Weak Roots              313 us, workers (us): 313, ---, ---, 
[55.676s][info][gc,stats    ]     CWR: CLDG Roots                  12 us, workers (us):  12, ---, ---, 
[55.676s][info][gc,stats    ]   Rendezvous                         56 us
[55.676s][info][gc,stats    ] Concurrent Cleanup                   97 us
[55.676s][info][gc,stats    ] Concurrent Class Unloading         9279 us
[55.676s][info][gc,stats    ]   Unlink Stale                     8734 us
[55.676s][info][gc,stats    ]     System Dictionary                16 us
[55.676s][info][gc,stats    ]     Weak Class Links                  0 us
[55.676s][info][gc,stats    ]     Code Roots                     8716 us
[55.676s][info][gc,stats    ]   Rendezvous                        107 us
[55.676s][info][gc,stats    ]   Purge Unlinked                    338 us
[55.676s][info][gc,stats    ]     Code Roots                      326 us
[55.676s][info][gc,stats    ]     CLDG                             12 us
[55.676s][info][gc,stats    ]     Exception Caches                  0 us
[55.676s][info][gc,stats    ] Pause Final Roots (G)               159 us
[55.676s][info][gc,stats    ] Pause Final Roots (N)                60 us
[55.676s][info][gc,stats    ] 
[55.676s][info][gc,stats    ] Allocation pacing accrued:
[55.676s][info][gc,stats    ]       0 of   865 ms (  0.0%): <total>
[55.676s][info][gc,stats    ]       0 of   865 ms (  0.0%): <average total>
[55.676s][info][gc,stats    ] 
[55.676s][info][gc,metaspace] Metaspace: 35551K(36224K)->35551K(36224K) NonClass: 29026K(29504K)->29026K(29504K) Class: 6525K(6720K)->6525K(6720K)
[55.676s][info][gc,ergo     ] Pacer for Idle. Initial: 83886K, Alloc Tax Rate: 1.0x
[56.961s][info][gc          ] Trigger: Explicit GC request (System.gc())
[56.961s][info][gc,ergo     ] Free: 3108M, Max: 2048K regular, 2948M humongous, Frag: 6% external, 0% internal; Reserve: 206M, Max: 2048K
[56.961s][info][gc,start    ] GC(33) Concurrent reset
[56.961s][info][gc,task     ] GC(33) Using 1 of 3 workers for concurrent reset
[56.961s][info][gc,ergo     ] GC(33) Pacer for Reset. Non-Taxable: 4096M
[56.961s][info][gc          ] GC(33) Concurrent reset 0.406ms
[56.961s][info][gc,start    ] GC(33) Pause Init Mark (unload classes)
[56.962s][info][gc,task     ] GC(33) Using 3 of 3 workers for init marking
[56.962s][info][gc,ref      ] GC(33) Clearing All SoftReferences
[56.962s][info][gc,ergo     ] GC(33) Pacer for Mark. Expected Live: 34002K, Free: 3108M, Non-Taxable: 310M, Alloc Tax Rate: 0.0x
[56.962s][info][gc          ] GC(33) Pause Init Mark (unload classes) 0.091ms
[56.962s][info][gc,start    ] GC(33) Concurrent marking roots
[56.962s][info][gc,task     ] GC(33) Using 1 of 3 workers for concurrent marking roots
[56.962s][info][gc          ] GC(33) Concurrent marking roots 0.349ms
[56.962s][info][gc,start    ] GC(33) Concurrent marking (unload classes)
[56.962s][info][gc,task     ] GC(33) Using 1 of 3 workers for concurrent marking
[57.027s][info][gc          ] GC(33) Concurrent marking (unload classes) 65.355ms
[57.027s][info][gc,start    ] GC(33) Pause Final Mark (unload classes)
[57.027s][info][gc,task     ] GC(33) Using 3 of 3 workers for final marking
[57.028s][info][gc,ergo     ] GC(33) Adaptive CSet Selection. Target Free: 580M, Actual Free: 3814M, Max CSet: 170M, Min Garbage: 0B
[57.028s][info][gc,ergo     ] GC(33) Collectable Garbage: 736M (99%), Immediate: 500M (67%), CSet: 236M (31%)
[57.028s][info][gc,ergo     ] GC(33) Pacer for Evacuation. Used CSet: 253M, Free: 3608M, Non-Taxable: 360M, Alloc Tax Rate: 1.1x
[57.028s][info][gc          ] GC(33) Pause Final Mark (unload classes) 0.254ms
[57.028s][info][gc,start    ] GC(33) Concurrent thread roots
[57.028s][info][gc,task     ] GC(33) Using 1 of 3 workers for Concurrent thread roots
[57.028s][info][gc          ] GC(33) Concurrent thread roots 0.453ms
[57.028s][info][gc,start    ] GC(33) Concurrent weak references
[57.028s][info][gc,task     ] GC(33) Using 1 of 3 workers for concurrent weak references
[57.032s][info][gc,ref      ] GC(33) Encountered references: Soft: 3099, Weak: 7634, Final: 25031, Phantom: 88
[57.032s][info][gc,ref      ] GC(33) Discovered  references: Soft: 72, Weak: 637, Final: 25001, Phantom: 53
[57.032s][info][gc,ref      ] GC(33) Enqueued    references: Soft: 8, Weak: 0, Final: 25000, Phantom: 0
[57.032s][info][gc          ] GC(33) Concurrent weak references 3.414ms
[57.032s][info][gc,start    ] GC(33) Concurrent weak roots
[57.032s][info][gc,task     ] GC(33) Using 1 of 3 workers for concurrent weak root
[57.034s][info][gc          ] GC(33) Concurrent weak roots 2.628ms
[57.034s][info][gc,start    ] GC(33) Concurrent cleanup
[57.034s][info][gc          ] GC(33) Concurrent cleanup 785M->285M(4096M) 0.059ms
[57.034s][info][gc,ergo     ] GC(33) Free: 3606M, Max: 2048K regular, 2948M humongous, Frag: 19% external, 0% internal; Reserve: 204M, Max: 2048K
[57.034s][info][gc,start    ] GC(33) Concurrent class unloading
[57.034s][info][gc,task     ] GC(33) Using 1 of 3 workers for concurrent class unloading
[57.044s][info][gc          ] GC(33) Concurrent class unloading 9.964ms
[57.044s][info][gc,start    ] GC(33) Concurrent strong roots
[57.044s][info][gc,task     ] GC(33) Using 1 of 3 workers for concurrent strong root
[57.045s][info][gc          ] GC(33) Concurrent strong roots 0.249ms
[57.045s][info][gc,start    ] GC(33) Concurrent evacuation
[57.045s][info][gc,task     ] GC(33) Using 1 of 3 workers for concurrent evacuation
[57.063s][info][gc          ] GC(33) Concurrent evacuation 17.908ms
[57.063s][info][gc,start    ] GC(33) Pause Init Update Refs
[57.063s][info][gc,ergo     ] GC(33) Pacer for Update Refs. Used: 303M, Free: 3606M, Non-Taxable: 360M, Alloc Tax Rate: 1.1x
[57.063s][info][gc          ] GC(33) Pause Init Update Refs 0.113ms
[57.063s][info][gc,start    ] GC(33) Concurrent update references
[57.063s][info][gc,task     ] GC(33) Using 1 of 3 workers for concurrent reference update
[57.098s][info][gc          ] GC(33) Concurrent update references 35.384ms
[57.098s][info][gc,start    ] GC(33) Concurrent update thread roots
[57.099s][info][gc          ] GC(33) Concurrent update thread roots 0.567ms
[57.099s][info][gc,start    ] GC(33) Pause Final Update Refs
[57.099s][info][gc,task     ] GC(33) Using 3 of 3 workers for final reference update
[57.099s][info][gc          ] GC(33) Pause Final Update Refs 0.208ms
[57.099s][info][gc,start    ] GC(33) Concurrent cleanup
[57.099s][info][gc          ] GC(33) Concurrent cleanup 303M->49M(4096M) 0.038ms
[57.099s][info][gc,ergo     ] Free: 3840M, Max: 2048K regular, 3132M humongous, Frag: 19% external, 0% internal; Reserve: 206M, Max: 2048K
[57.099s][info][gc,stats    ] 
[57.099s][info][gc,stats    ] All times are wall-clock times, except per-root-class counters, that are sum over
[57.099s][info][gc,stats    ] all workers. Dividing the <total> over the root stage time estimates parallelism.
[57.099s][info][gc,stats    ] 
[57.099s][info][gc,stats    ] Concurrent Reset                    452 us
[57.099s][info][gc,stats    ] Pause Init Mark (G)                 197 us
[57.099s][info][gc,stats    ] Pause Init Mark (N)                  99 us
[57.099s][info][gc,stats    ]   Update Region States               37 us
[57.099s][info][gc,stats    ] Concurrent Mark Roots               369 us, parallelism: 0.68x
[57.099s][info][gc,stats    ]   CMR: <total>                      251 us
[57.099s][info][gc,stats    ]   CMR: Thread Roots                 200 us, workers (us): 200, ---, ---, 
[57.099s][info][gc,stats    ]   CMR: VM Strong Roots                5 us, workers (us):   5, ---, ---, 
[57.099s][info][gc,stats    ]   CMR: CLDG Roots                    45 us, workers (us):  45, ---, ---, 
[57.099s][info][gc,stats    ] Concurrent Marking                65404 us
[57.099s][info][gc,stats    ] Pause Final Mark (G)                311 us
[57.099s][info][gc,stats    ] Pause Final Mark (N)                262 us
[57.100s][info][gc,stats    ]   Finish Mark                        90 us
[57.100s][info][gc,stats    ]   Update Region States               33 us
[57.100s][info][gc,stats    ]   Choose Collection Set              58 us
[57.100s][info][gc,stats    ]   Rebuild Free Set                    8 us
[57.100s][info][gc,stats    ] Concurrent Thread Roots             462 us, parallelism: 0.83x
[57.100s][info][gc,stats    ]   CTR: <total>                      382 us
[57.100s][info][gc,stats    ]   CTR: Thread Roots                 382 us, workers (us): 382, ---, ---, 
[57.100s][info][gc,stats    ] Concurrent Weak References         3430 us, parallelism: 0.96x
[57.100s][info][gc,stats    ]   CWRF: <total>                    3292 us
[57.100s][info][gc,stats    ]   CWRF: Weak References            3292 us, workers (us): 3292, ---, ---, 
[57.100s][info][gc,stats    ] Concurrent Weak Roots              2657 us
[57.100s][info][gc,stats    ]   Roots                            2485 us, parallelism: 0.78x
[57.100s][info][gc,stats    ]     CWR: <total>                   1941 us
[57.100s][info][gc,stats    ]     CWR: Code Cache Roots          1578 us, workers (us): 1578, ---, ---, 
[57.100s][info][gc,stats    ]     CWR: VM Weak Roots              350 us, workers (us): 350, ---, ---, 
[57.100s][info][gc,stats    ]     CWR: CLDG Roots                  13 us, workers (us):  13, ---, ---, 
[57.100s][info][gc,stats    ]   Rendezvous                        109 us
[57.100s][info][gc,stats    ] Concurrent Cleanup                   76 us
[57.100s][info][gc,stats    ] Concurrent Class Unloading        10029 us
[57.100s][info][gc,stats    ]   Unlink Stale                     9390 us
[57.100s][info][gc,stats    ]     System Dictionary                17 us
[57.100s][info][gc,stats    ]     Weak Class Links                  0 us
[57.100s][info][gc,stats    ]     Code Roots                     9370 us
[57.100s][info][gc,stats    ]   Rendezvous                        149 us
[57.100s][info][gc,stats    ]   Purge Unlinked                    387 us
[57.100s][info][gc,stats    ]     Code Roots                      380 us
[57.100s][info][gc,stats    ]     CLDG                              6 us
[57.100s][info][gc,stats    ]     Exception Caches                  0 us
[57.100s][info][gc,stats    ] Concurrent Strong Roots             270 us, parallelism: 0.50x
[57.100s][info][gc,stats    ]   CSR: <total>                      135 us
[57.100s][info][gc,stats    ]   CSR: VM Strong Roots                6 us, workers (us):   6, ---, ---, 
[57.100s][info][gc,stats    ]   CSR: CLDG Roots                   129 us, workers (us): 129, ---, ---, 
[57.100s][info][gc,stats    ] Concurrent Evacuation             17979 us
[57.100s][info][gc,stats    ] Pause Init Update Refs (G)          246 us
[57.100s][info][gc,stats    ] Pause Init Update Refs (N)          135 us
[57.100s][info][gc,stats    ]   Manage GCLABs                       4 us
[57.100s][info][gc,stats    ] Concurrent Update Refs            35457 us
[57.100s][info][gc,stats    ] Concurrent Update Thread Roots      590 us
[57.100s][info][gc,stats    ] Pause Final Update Refs (G)         334 us
[57.100s][info][gc,stats    ] Pause Final Update Refs (N)         235 us
[57.100s][info][gc,stats    ]   Update Region States               87 us
[57.100s][info][gc,stats    ]   Trash Collection Set               10 us
[57.100s][info][gc,stats    ]   Rebuild Free Set                   26 us
[57.100s][info][gc,stats    ] Concurrent Cleanup                   48 us
[57.100s][info][gc,stats    ] 
[57.100s][info][gc,stats    ] Allocation pacing accrued:
[57.100s][info][gc,stats    ]       0 of  1424 ms (  0.0%): <total>
[57.100s][info][gc,stats    ]       0 of  1424 ms (  0.0%): <average total>
[57.100s][info][gc,stats    ] 
[57.100s][info][gc,metaspace] Metaspace: 35598K(36288K)->35598K(36288K) NonClass: 29071K(29568K)->29071K(29568K) Class: 6526K(6720K)->6526K(6720K)
[57.100s][info][gc,ergo     ] Pacer for Idle. Initial: 83886K, Alloc Tax Rate: 1.0x
[58.090s][info][gc          ] Trigger: Learning 2 of 5. Free (2838M) is below initial threshold (2867M)
[58.090s][info][gc,ergo     ] Free: 2838M, Max: 2048K regular, 2838M humongous, Frag: 0% external, 0% internal; Reserve: 206M, Max: 2048K
[58.090s][info][gc,start    ] GC(34) Concurrent reset
[58.090s][info][gc,task     ] GC(34) Using 1 of 3 workers for concurrent reset
[58.090s][info][gc,ergo     ] GC(34) Pacer for Reset. Non-Taxable: 4096M
[58.091s][info][gc          ] GC(34) Concurrent reset 1.271ms
[58.092s][info][gc,start    ] GC(34) Pause Init Mark (unload classes)
[58.092s][info][gc,task     ] GC(34) Using 3 of 3 workers for init marking
[58.092s][info][gc,ergo     ] GC(34) Pacer for Mark. Expected Live: 37435K, Free: 2838M, Non-Taxable: 283M, Alloc Tax Rate: 0.0x
[58.092s][info][gc          ] GC(34) Pause Init Mark (unload classes) 0.206ms
[58.092s][info][gc,start    ] GC(34) Concurrent marking roots
[58.092s][info][gc,task     ] GC(34) Using 1 of 3 workers for concurrent marking roots
[58.093s][info][gc          ] GC(34) Concurrent marking roots 0.912ms
[58.093s][info][gc,start    ] GC(34) Concurrent marking (unload classes)
[58.093s][info][gc,task     ] GC(34) Using 1 of 3 workers for concurrent marking
[58.123s][info][gc          ] GC(34) Concurrent marking (unload classes) 30.040ms
[58.123s][info][gc,start    ] GC(34) Pause Final Mark (unload classes)
[58.123s][info][gc,task     ] GC(34) Using 3 of 3 workers for final marking
[58.123s][info][gc,ergo     ] GC(34) Collectable Garbage: 972M (94%), Immediate: 972M (94%), CSet: 0B (0%)
[58.123s][info][gc          ] GC(34) Pause Final Mark (unload classes) 0.278ms
[58.123s][info][gc,start    ] GC(34) Concurrent weak references
[58.123s][info][gc,task     ] GC(34) Using 1 of 3 workers for concurrent weak references
[58.124s][info][gc,ref      ] GC(34) Encountered references: Soft: 3092, Weak: 7656, Final: 34, Phantom: 90
[58.124s][info][gc,ref      ] GC(34) Discovered  references: Soft: 0, Weak: 803, Final: 4, Phantom: 58
[58.124s][info][gc,ref      ] GC(34) Enqueued    references: Soft: 0, Weak: 7, Final: 3, Phantom: 0
[58.124s][info][gc          ] GC(34) Concurrent weak references 0.194ms
[58.124s][info][gc,start    ] GC(34) Concurrent weak roots
[58.124s][info][gc,task     ] GC(34) Using 1 of 3 workers for concurrent weak root
[58.126s][info][gc          ] GC(34) Concurrent weak roots 2.260ms
[58.126s][info][gc,start    ] GC(34) Concurrent cleanup
[58.126s][info][gc          ] GC(34) Concurrent cleanup 1073M->101M(4096M) 0.084ms
[58.126s][info][gc,ergo     ] GC(34) Free: 3788M, Max: 2048K regular, 2826M humongous, Frag: 26% external, 0% internal; Reserve: 206M, Max: 2048K
[58.126s][info][gc,start    ] GC(34) Concurrent class unloading
[58.126s][info][gc,task     ] GC(34) Using 1 of 3 workers for concurrent class unloading
[58.141s][info][gc          ] GC(34) Concurrent class unloading 15.169ms
[58.141s][info][gc,start    ] GC(34) Pause Final Roots
[58.141s][info][gc          ] GC(34) Pause Final Roots 0.043ms
[58.141s][info][gc,ergo     ] Free: 3766M, Max: 2048K regular, 2826M humongous, Frag: 25% external, 0% internal; Reserve: 206M, Max: 2048K
[58.141s][info][gc,stats    ] 
[58.141s][info][gc,stats    ] All times are wall-clock times, except per-root-class counters, that are sum over
[58.141s][info][gc,stats    ] all workers. Dividing the <total> over the root stage time estimates parallelism.
[58.141s][info][gc,stats    ] 
[58.141s][info][gc,stats    ] Concurrent Reset                   1314 us
[58.141s][info][gc,stats    ] Pause Init Mark (G)                 356 us
[58.142s][info][gc,stats    ] Pause Init Mark (N)                 224 us
[58.142s][info][gc,stats    ]   Update Region States               97 us
[58.142s][info][gc,stats    ] Concurrent Mark Roots               948 us, parallelism: 0.86x
[58.142s][info][gc,stats    ]   CMR: <total>                      818 us
[58.142s][info][gc,stats    ]   CMR: Thread Roots                 767 us, workers (us): 767, ---, ---, 
[58.142s][info][gc,stats    ]   CMR: VM Strong Roots                5 us, workers (us):   5, ---, ---, 
[58.142s][info][gc,stats    ]   CMR: CLDG Roots                    46 us, workers (us):  46, ---, ---, 
[58.142s][info][gc,stats    ] Concurrent Marking                30093 us
[58.142s][info][gc,stats    ] Pause Final Mark (G)                420 us
[58.142s][info][gc,stats    ] Pause Final Mark (N)                288 us
[58.142s][info][gc,stats    ]   Finish Mark                        78 us
[58.142s][info][gc,stats    ]   Update Region States               73 us
[58.142s][info][gc,stats    ]   Choose Collection Set              44 us
[58.142s][info][gc,stats    ]   Rebuild Free Set                    8 us
[58.142s][info][gc,stats    ] Concurrent Weak References          202 us, parallelism: 0.21x
[58.142s][info][gc,stats    ]   CWRF: <total>                      43 us
[58.142s][info][gc,stats    ]   CWRF: Weak References              43 us, workers (us):  43, ---, ---, 
[58.142s][info][gc,stats    ] Concurrent Weak Roots              2326 us
[58.142s][info][gc,stats    ]   Roots                            2181 us, parallelism: 0.95x
[58.142s][info][gc,stats    ]     CWR: <total>                   2065 us
[58.142s][info][gc,stats    ]     CWR: Code Cache Roots          1620 us, workers (us): 1620, ---, ---, 
[58.142s][info][gc,stats    ]     CWR: VM Weak Roots              433 us, workers (us): 433, ---, ---, 
[58.142s][info][gc,stats    ]     CWR: CLDG Roots                  12 us, workers (us):  12, ---, ---, 
[58.142s][info][gc,stats    ]   Rendezvous                         59 us
[58.142s][info][gc,stats    ] Concurrent Cleanup                  103 us
[58.142s][info][gc,stats    ] Concurrent Class Unloading        15219 us
[58.142s][info][gc,stats    ]   Unlink Stale                    14726 us
[58.142s][info][gc,stats    ]     System Dictionary               152 us
[58.142s][info][gc,stats    ]     Weak Class Links               4653 us
[58.142s][info][gc,stats    ]     Code Roots                     9919 us
[58.142s][info][gc,stats    ]   Rendezvous                         60 us
[58.142s][info][gc,stats    ]   Purge Unlinked                    344 us
[58.142s][info][gc,stats    ]     Code Roots                      303 us
[58.142s][info][gc,stats    ]     CLDG                             41 us
[58.142s][info][gc,stats    ]     Exception Caches                  0 us
[58.142s][info][gc,stats    ] Pause Final Roots (G)               151 us
[58.142s][info][gc,stats    ] Pause Final Roots (N)                61 us
[58.142s][info][gc,stats    ] Pacing                             1327 us
[58.142s][info][gc,stats    ] 
[58.142s][info][gc,stats    ] Allocation pacing accrued:
[58.142s][info][gc,stats    ]       1 of  1042 ms (  0.1%): MainThread
[58.142s][info][gc,stats    ]       1 of  1042 ms (  0.1%): <total>
[58.142s][info][gc,stats    ]       0 of  1042 ms (  0.0%): <average total>
[58.142s][info][gc,stats    ]       1 of  1042 ms (  0.1%): <average non-zero>
[58.142s][info][gc,stats    ] 
[58.142s][info][gc,metaspace] Metaspace: 35728K(36480K)->35685K(36480K) NonClass: 29201K(29760K)->29159K(29760K) Class: 6527K(6720K)->6526K(6720K)
[58.142s][info][gc,ergo     ] Pacer for Idle. Initial: 83886K, Alloc Tax Rate: 1.0x
[59.774s][info][gc          ] Trigger: Learning 3 of 5. Free (2858M) is below initial threshold (2867M)
[59.774s][info][gc,ergo     ] Free: 2858M, Max: 2048K regular, 2826M humongous, Frag: 2% external, 0% internal; Reserve: 206M, Max: 2048K
[59.774s][info][gc,start    ] GC(35) Concurrent reset
[59.774s][info][gc,task     ] GC(35) Using 1 of 3 workers for concurrent reset
[59.774s][info][gc,ergo     ] GC(35) Pacer for Reset. Non-Taxable: 4096M
[59.774s][info][gc          ] GC(35) Concurrent reset 0.466ms
[59.775s][info][gc,start    ] GC(35) Pause Init Mark (unload classes)
[59.775s][info][gc,task     ] GC(35) Using 3 of 3 workers for init marking
[59.775s][info][gc,ergo     ] GC(35) Pacer for Mark. Expected Live: 34001K, Free: 2856M, Non-Taxable: 285M, Alloc Tax Rate: 0.0x
[59.775s][info][gc          ] GC(35) Pause Init Mark (unload classes) 0.183ms
[59.775s][info][gc,start    ] GC(35) Concurrent marking roots
[59.775s][info][gc,task     ] GC(35) Using 1 of 3 workers for concurrent marking roots
[59.776s][info][gc          ] GC(35) Concurrent marking roots 1.393ms
[59.776s][info][gc,start    ] GC(35) Concurrent marking (unload classes)
[59.776s][info][gc,task     ] GC(35) Using 1 of 3 workers for concurrent marking
[59.847s][info][gc          ] GC(35) Concurrent marking (unload classes) 70.657ms
[59.847s][info][gc,start    ] GC(35) Pause Final Mark (unload classes)
[59.847s][info][gc,task     ] GC(35) Using 3 of 3 workers for final marking
[59.847s][info][gc,ergo     ] GC(35) Adaptive CSet Selection. Target Free: 580M, Actual Free: 3702M, Max CSet: 170M, Min Garbage: 0B
[59.847s][info][gc,ergo     ] GC(35) Collectable Garbage: 988M (99%), Immediate: 734M (74%), CSet: 254M (25%)
[59.847s][info][gc,ergo     ] GC(35) Pacer for Evacuation. Used CSet: 272M, Free: 3496M, Non-Taxable: 349M, Alloc Tax Rate: 1.1x
[59.847s][info][gc          ] GC(35) Pause Final Mark (unload classes) 0.339ms
[59.847s][info][gc,start    ] GC(35) Concurrent thread roots
[59.847s][info][gc,task     ] GC(35) Using 1 of 3 workers for Concurrent thread roots
[59.848s][info][gc          ] GC(35) Concurrent thread roots 0.766ms
[59.848s][info][gc,start    ] GC(35) Concurrent weak references
[59.848s][info][gc,task     ] GC(35) Using 1 of 3 workers for concurrent weak references
[59.852s][info][gc,ref      ] GC(35) Encountered references: Soft: 3098, Weak: 7644, Final: 25031, Phantom: 90
[59.852s][info][gc,ref      ] GC(35) Discovered  references: Soft: 0, Weak: 833, Final: 25001, Phantom: 55
[59.852s][info][gc,ref      ] GC(35) Enqueued    references: Soft: 0, Weak: 0, Final: 25000, Phantom: 0
[59.852s][info][gc          ] GC(35) Concurrent weak references 3.450ms
[59.852s][info][gc,start    ] GC(35) Concurrent weak roots
[59.852s][info][gc,task     ] GC(35) Using 1 of 3 workers for concurrent weak root
[59.855s][info][gc          ] GC(35) Concurrent weak roots 3.083ms
[59.855s][info][gc,start    ] GC(35) Concurrent cleanup
[59.855s][info][gc          ] GC(35) Concurrent cleanup 1140M->406M(4096M) 0.044ms
[59.855s][info][gc,ergo     ] GC(35) Free: 3486M, Max: 2048K regular, 2752M humongous, Frag: 22% external, 0% internal; Reserve: 202M, Max: 2048K
[59.855s][info][gc,start    ] GC(35) Concurrent class unloading
[59.855s][info][gc,task     ] GC(35) Using 1 of 3 workers for concurrent class unloading
[59.866s][info][gc          ] GC(35) Concurrent class unloading 10.677ms
[59.866s][info][gc,start    ] GC(35) Concurrent strong roots
[59.866s][info][gc,task     ] GC(35) Using 1 of 3 workers for concurrent strong root
[59.866s][info][gc          ] GC(35) Concurrent strong roots 0.209ms
[59.866s][info][gc,start    ] GC(35) Concurrent evacuation
[59.866s][info][gc,task     ] GC(35) Using 1 of 3 workers for concurrent evacuation
[59.887s][info][gc          ] GC(35) Concurrent evacuation 20.733ms
[59.887s][info][gc,start    ] GC(35) Pause Init Update Refs
[59.887s][info][gc,ergo     ] GC(35) Pacer for Update Refs. Used: 459M, Free: 3450M, Non-Taxable: 345M, Alloc Tax Rate: 1.1x
[59.887s][info][gc          ] GC(35) Pause Init Update Refs 0.073ms
[59.887s][info][gc,start    ] GC(35) Concurrent update references
[59.887s][info][gc,task     ] GC(35) Using 1 of 3 workers for concurrent reference update
[59.946s][info][gc          ] GC(35) Concurrent update references 59.562ms
[59.946s][info][gc,start    ] GC(35) Concurrent update thread roots
[59.947s][info][gc          ] GC(35) Concurrent update thread roots 0.737ms
[59.947s][info][gc,start    ] GC(35) Pause Final Update Refs
[59.947s][info][gc,task     ] GC(35) Using 3 of 3 workers for final reference update
[59.947s][info][gc          ] GC(35) Pause Final Update Refs 0.170ms
[59.948s][info][gc,start    ] GC(35) Concurrent cleanup
[59.948s][info][gc          ] GC(35) Concurrent cleanup 477M->205M(4096M) 0.035ms
[59.948s][info][gc,ergo     ] Free: 3684M, Max: 2048K regular, 2742M humongous, Frag: 26% external, 0% internal; Reserve: 206M, Max: 2048K
[59.948s][info][gc,stats    ] 
[59.948s][info][gc,stats    ] All times are wall-clock times, except per-root-class counters, that are sum over
[59.948s][info][gc,stats    ] all workers. Dividing the <total> over the root stage time estimates parallelism.
[59.948s][info][gc,stats    ] 
[59.948s][info][gc,stats    ] Concurrent Reset                    523 us
[59.948s][info][gc,stats    ] Pause Init Mark (G)                 364 us
[59.948s][info][gc,stats    ] Pause Init Mark (N)                 201 us
[59.948s][info][gc,stats    ]   Update Region States               69 us
[59.948s][info][gc,stats    ] Concurrent Mark Roots              1402 us, parallelism: 0.92x
[59.948s][info][gc,stats    ]   CMR: <total>                     1291 us
[59.948s][info][gc,stats    ]   CMR: Thread Roots                1240 us, workers (us): 1240, ---, ---, 
[59.948s][info][gc,stats    ]   CMR: VM Strong Roots                4 us, workers (us):   4, ---, ---, 
[59.948s][info][gc,stats    ]   CMR: CLDG Roots                    47 us, workers (us):  47, ---, ---, 
[59.948s][info][gc,stats    ] Concurrent Marking                70730 us
[59.948s][info][gc,stats    ] Pause Final Mark (G)                482 us
[59.948s][info][gc,stats    ] Pause Final Mark (N)                349 us
[59.948s][info][gc,stats    ]   Finish Mark                        99 us
[59.948s][info][gc,stats    ]   Update Region States               57 us
[59.948s][info][gc,stats    ]   Choose Collection Set              90 us
[59.948s][info][gc,stats    ]   Rebuild Free Set                    8 us
[59.948s][info][gc,stats    ] Concurrent Thread Roots             786 us, parallelism: 0.90x
[59.948s][info][gc,stats    ]   CTR: <total>                      706 us
[59.948s][info][gc,stats    ]   CTR: Thread Roots                 706 us, workers (us): 706, ---, ---, 
[59.948s][info][gc,stats    ] Concurrent Weak References         3469 us, parallelism: 0.92x
[59.948s][info][gc,stats    ]   CWRF: <total>                    3200 us
[59.948s][info][gc,stats    ]   CWRF: Weak References            3200 us, workers (us): 3200, ---, ---, 
[59.948s][info][gc,stats    ] Concurrent Weak Roots              3142 us
[59.948s][info][gc,stats    ]   Roots                            2939 us, parallelism: 0.98x
[59.948s][info][gc,stats    ]     CWR: <total>                   2871 us
[59.948s][info][gc,stats    ]     CWR: Code Cache Roots          2155 us, workers (us): 2155, ---, ---, 
[59.948s][info][gc,stats    ]     CWR: VM Weak Roots              699 us, workers (us): 699, ---, ---, 
[59.948s][info][gc,stats    ]     CWR: CLDG Roots                  17 us, workers (us):  17, ---, ---, 
[59.948s][info][gc,stats    ]   Rendezvous                        104 us
[59.948s][info][gc,stats    ] Concurrent Cleanup                   53 us
[59.948s][info][gc,stats    ] Concurrent Class Unloading        10731 us
[59.948s][info][gc,stats    ]   Unlink Stale                    10234 us
[59.948s][info][gc,stats    ]     System Dictionary                17 us
[59.948s][info][gc,stats    ]     Weak Class Links                  0 us
[59.948s][info][gc,stats    ]     Code Roots                    10215 us
[59.948s][info][gc,stats    ]   Rendezvous                         92 us
[59.948s][info][gc,stats    ]   Purge Unlinked                    332 us
[59.948s][info][gc,stats    ]     Code Roots                      325 us
[59.948s][info][gc,stats    ]     CLDG                              6 us
[59.948s][info][gc,stats    ]     Exception Caches                  0 us
[59.948s][info][gc,stats    ] Concurrent Strong Roots             228 us, parallelism: 0.59x
[59.948s][info][gc,stats    ]   CSR: <total>                      134 us
[59.948s][info][gc,stats    ]   CSR: VM Strong Roots                6 us, workers (us):   6, ---, ---, 
[59.948s][info][gc,stats    ]   CSR: CLDG Roots                   128 us, workers (us): 128, ---, ---, 
[59.948s][info][gc,stats    ] Concurrent Evacuation             20794 us
[59.948s][info][gc,stats    ] Pause Init Update Refs (G)          187 us
[59.948s][info][gc,stats    ] Pause Init Update Refs (N)           89 us
[59.948s][info][gc,stats    ]   Manage GCLABs                       5 us
[59.948s][info][gc,stats    ] Concurrent Update Refs            59642 us
[59.948s][info][gc,stats    ] Concurrent Update Thread Roots      789 us
[59.948s][info][gc,stats    ] Pause Final Update Refs (G)         269 us
[59.948s][info][gc,stats    ] Pause Final Update Refs (N)         192 us
[59.948s][info][gc,stats    ]   Update Region States               77 us
[59.948s][info][gc,stats    ]   Trash Collection Set                6 us
[59.948s][info][gc,stats    ]   Rebuild Free Set                   15 us
[59.948s][info][gc,stats    ] Concurrent Cleanup                   45 us
[59.948s][info][gc,stats    ] 
[59.948s][info][gc,stats    ] Allocation pacing accrued:
[59.948s][info][gc,stats    ]       0 of  1806 ms (  0.0%): <total>
[59.948s][info][gc,stats    ]       0 of  1806 ms (  0.0%): <average total>
[59.948s][info][gc,stats    ] 
[59.948s][info][gc,metaspace] Metaspace: 35750K(36544K)->35750K(36544K) NonClass: 29223K(29824K)->29223K(29824K) Class: 6526K(6720K)->6526K(6720K)
[59.948s][info][gc,ergo     ] Pacer for Idle. Initial: 83886K, Alloc Tax Rate: 1.0x
[60.731s][info][gc          ] Trigger: Learning 4 of 5. Free (2862M) is below initial threshold (2867M)
[60.731s][info][gc,ergo     ] Free: 2862M, Max: 2048K regular, 2742M humongous, Frag: 5% external, 0% internal; Reserve: 206M, Max: 2048K
[60.731s][info][gc,start    ] GC(36) Concurrent reset
[60.731s][info][gc,task     ] GC(36) Using 1 of 3 workers for concurrent reset
[60.731s][info][gc,ergo     ] GC(36) Pacer for Reset. Non-Taxable: 4096M
[60.733s][info][gc          ] GC(36) Concurrent reset 1.573ms
[60.733s][info][gc,start    ] GC(36) Pause Init Mark (unload classes)
[60.733s][info][gc,task     ] GC(36) Using 3 of 3 workers for init marking
[60.733s][info][gc,ergo     ] GC(36) Pacer for Mark. Expected Live: 37441K, Free: 2860M, Non-Taxable: 286M, Alloc Tax Rate: 0.0x
[60.733s][info][gc          ] GC(36) Pause Init Mark (unload classes) 0.194ms
[60.733s][info][gc,start    ] GC(36) Concurrent marking roots
[60.733s][info][gc,task     ] GC(36) Using 1 of 3 workers for concurrent marking roots
[60.735s][info][gc          ] GC(36) Concurrent marking roots 1.223ms
[60.735s][info][gc,start    ] GC(36) Concurrent marking (unload classes)
[60.735s][info][gc,task     ] GC(36) Using 1 of 3 workers for concurrent marking
[60.764s][info][gc          ] GC(36) Concurrent marking (unload classes) 29.739ms
[60.765s][info][gc,start    ] GC(36) Pause Final Mark (unload classes)
[60.765s][info][gc,task     ] GC(36) Using 3 of 3 workers for final marking
[60.765s][info][gc,ergo     ] GC(36) Collectable Garbage: 943M (94%), Immediate: 943M (94%), CSet: 0B (0%)
[60.765s][info][gc          ] GC(36) Pause Final Mark (unload classes) 0.363ms
[60.765s][info][gc,start    ] GC(36) Concurrent weak references
[60.765s][info][gc,task     ] GC(36) Using 1 of 3 workers for concurrent weak references
[60.765s][info][gc,ref      ] GC(36) Encountered references: Soft: 3098, Weak: 7651, Final: 31, Phantom: 90
[60.765s][info][gc,ref      ] GC(36) Discovered  references: Soft: 0, Weak: 841, Final: 1, Phantom: 58
[60.765s][info][gc,ref      ] GC(36) Enqueued    references: Soft: 0, Weak: 7, Final: 0, Phantom: 0
[60.765s][info][gc          ] GC(36) Concurrent weak references 0.158ms
[60.765s][info][gc,start    ] GC(36) Concurrent weak roots
[60.765s][info][gc,task     ] GC(36) Using 1 of 3 workers for concurrent weak root
[60.767s][info][gc          ] GC(36) Concurrent weak roots 2.238ms
[60.767s][info][gc,start    ] GC(36) Concurrent cleanup
[60.768s][info][gc          ] GC(36) Concurrent cleanup 1031M->87M(4096M) 0.079ms
[60.768s][info][gc,ergo     ] GC(36) Free: 3802M, Max: 2048K regular, 2968M humongous, Frag: 22% external, 0% internal; Reserve: 206M, Max: 2048K
[60.768s][info][gc,start    ] GC(36) Concurrent class unloading
[60.768s][info][gc,task     ] GC(36) Using 1 of 3 workers for concurrent class unloading
[60.777s][info][gc          ] GC(36) Concurrent class unloading 9.551ms
[60.777s][info][gc,start    ] GC(36) Pause Final Roots
[60.777s][info][gc          ] GC(36) Pause Final Roots 0.062ms
[60.777s][info][gc,ergo     ] Free: 3802M, Max: 2048K regular, 2968M humongous, Frag: 22% external, 0% internal; Reserve: 206M, Max: 2048K
[60.778s][info][gc,stats    ] 
[60.778s][info][gc,stats    ] All times are wall-clock times, except per-root-class counters, that are sum over
[60.778s][info][gc,stats    ] all workers. Dividing the <total> over the root stage time estimates parallelism.
[60.778s][info][gc,stats    ] 
[60.778s][info][gc,stats    ] Concurrent Reset                   1648 us
[60.778s][info][gc,stats    ] Pause Init Mark (G)                 376 us
[60.778s][info][gc,stats    ] Pause Init Mark (N)                 203 us
[60.778s][info][gc,stats    ]   Update Region States               70 us
[60.778s][info][gc,stats    ] Concurrent Mark Roots              1244 us, parallelism: 0.89x
[60.778s][info][gc,stats    ]   CMR: <total>                     1109 us
[60.778s][info][gc,stats    ]   CMR: Thread Roots                1019 us, workers (us): 1019, ---, ---, 
[60.778s][info][gc,stats    ]   CMR: VM Strong Roots                6 us, workers (us):   6, ---, ---, 
[60.778s][info][gc,stats    ]   CMR: CLDG Roots                    84 us, workers (us):  84, ---, ---, 
[60.778s][info][gc,stats    ] Concurrent Marking                29788 us
[60.778s][info][gc,stats    ] Pause Final Mark (G)                491 us
[60.778s][info][gc,stats    ] Pause Final Mark (N)                383 us
[60.778s][info][gc,stats    ]   Finish Mark                       128 us
[60.778s][info][gc,stats    ]   Update Region States               69 us
[60.778s][info][gc,stats    ]   Choose Collection Set              64 us
[60.778s][info][gc,stats    ]   Rebuild Free Set                   17 us
[60.778s][info][gc,stats    ] Concurrent Weak References          166 us, parallelism: 0.23x
[60.778s][info][gc,stats    ]   CWRF: <total>                      39 us
[60.778s][info][gc,stats    ]   CWRF: Weak References              39 us, workers (us):  39, ---, ---, 
[60.778s][info][gc,stats    ] Concurrent Weak Roots              2298 us
[60.778s][info][gc,stats    ]   Roots                            2157 us, parallelism: 0.96x
[60.778s][info][gc,stats    ]     CWR: <total>                   2062 us
[60.778s][info][gc,stats    ]     CWR: Code Cache Roots          1736 us, workers (us): 1736, ---, ---, 
[60.778s][info][gc,stats    ]     CWR: VM Weak Roots              315 us, workers (us): 315, ---, ---, 
[60.778s][info][gc,stats    ]     CWR: CLDG Roots                  11 us, workers (us):  11, ---, ---, 
[60.778s][info][gc,stats    ]   Rendezvous                         60 us
[60.778s][info][gc,stats    ] Concurrent Cleanup                   98 us
[60.778s][info][gc,stats    ] Concurrent Class Unloading         9618 us
[60.778s][info][gc,stats    ]   Unlink Stale                     9007 us
[60.778s][info][gc,stats    ]     System Dictionary                16 us
[60.778s][info][gc,stats    ]     Weak Class Links                  0 us
[60.778s][info][gc,stats    ]     Code Roots                     8989 us
[60.778s][info][gc,stats    ]   Rendezvous                        137 us
[60.778s][info][gc,stats    ]   Purge Unlinked                    370 us
[60.778s][info][gc,stats    ]     Code Roots                      357 us
[60.778s][info][gc,stats    ]     CLDG                             12 us
[60.778s][info][gc,stats    ]     Exception Caches                  0 us
[60.778s][info][gc,stats    ] Pause Final Roots (G)               221 us
[60.778s][info][gc,stats    ] Pause Final Roots (N)                82 us
[60.778s][info][gc,stats    ] 
[60.778s][info][gc,stats    ] Allocation pacing accrued:
[60.778s][info][gc,stats    ]       0 of   830 ms (  0.0%): <total>
[60.778s][info][gc,stats    ]       0 of   830 ms (  0.0%): <average total>
[60.778s][info][gc,stats    ] 
[60.778s][info][gc,metaspace] Metaspace: 35754K(36544K)->35754K(36544K) NonClass: 29228K(29824K)->29228K(29824K) Class: 6526K(6720K)->6526K(6720K)
[60.778s][info][gc,ergo     ] Pacer for Idle. Initial: 83886K, Alloc Tax Rate: 1.0x
[61.855s][info][gc          ] Trigger: Explicit GC request (System.gc())
[61.855s][info][gc,ergo     ] Free: 3138M, Max: 2048K regular, 2968M humongous, Frag: 6% external, 0% internal; Reserve: 206M, Max: 2048K
[61.855s][info][gc,start    ] GC(37) Concurrent reset
[61.855s][info][gc,task     ] GC(37) Using 1 of 3 workers for concurrent reset
[61.855s][info][gc,ergo     ] GC(37) Pacer for Reset. Non-Taxable: 4096M
[61.856s][info][gc          ] GC(37) Concurrent reset 0.432ms
[61.856s][info][gc,start    ] GC(37) Pause Init Mark (unload classes)
[61.856s][info][gc,task     ] GC(37) Using 3 of 3 workers for init marking
[61.856s][info][gc,ref      ] GC(37) Clearing All SoftReferences
[61.856s][info][gc,ergo     ] GC(37) Pacer for Mark. Expected Live: 34004K, Free: 3138M, Non-Taxable: 313M, Alloc Tax Rate: 0.0x
[61.856s][info][gc          ] GC(37) Pause Init Mark (unload classes) 0.165ms
[61.856s][info][gc,start    ] GC(37) Concurrent marking roots
[61.856s][info][gc,task     ] GC(37) Using 1 of 3 workers for concurrent marking roots
[61.856s][info][gc          ] GC(37) Concurrent marking roots 0.404ms
[61.856s][info][gc,start    ] GC(37) Concurrent marking (unload classes)
[61.856s][info][gc,task     ] GC(37) Using 1 of 3 workers for concurrent marking
[61.921s][info][gc          ] GC(37) Concurrent marking (unload classes) 65.018ms
[61.921s][info][gc,start    ] GC(37) Pause Final Mark (unload classes)
[61.922s][info][gc,task     ] GC(37) Using 3 of 3 workers for final marking
[61.922s][info][gc,ergo     ] GC(37) Adaptive CSet Selection. Target Free: 580M, Actual Free: 3818M, Max CSet: 170M, Min Garbage: 0B
[61.922s][info][gc,ergo     ] GC(37) Collectable Garbage: 706M (99%), Immediate: 474M (66%), CSet: 232M (32%)
[61.922s][info][gc,ergo     ] GC(37) Pacer for Evacuation. Used CSet: 249M, Free: 3612M, Non-Taxable: 361M, Alloc Tax Rate: 1.1x
[61.922s][info][gc          ] GC(37) Pause Final Mark (unload classes) 0.394ms
[61.922s][info][gc,start    ] GC(37) Concurrent thread roots
[61.922s][info][gc,task     ] GC(37) Using 1 of 3 workers for Concurrent thread roots
[61.922s][info][gc          ] GC(37) Concurrent thread roots 0.389ms
[61.922s][info][gc,start    ] GC(37) Concurrent weak references
[61.922s][info][gc,task     ] GC(37) Using 1 of 3 workers for concurrent weak references
[61.925s][info][gc,ref      ] GC(37) Encountered references: Soft: 3098, Weak: 7642, Final: 25031, Phantom: 88
[61.925s][info][gc,ref      ] GC(37) Discovered  references: Soft: 71, Weak: 637, Final: 25001, Phantom: 53
[61.926s][info][gc,ref      ] GC(37) Enqueued    references: Soft: 7, Weak: 0, Final: 25000, Phantom: 0
[61.926s][info][gc          ] GC(37) Concurrent weak references 3.236ms
[61.926s][info][gc,start    ] GC(37) Concurrent weak roots
[61.926s][info][gc,task     ] GC(37) Using 1 of 3 workers for concurrent weak root
[61.928s][info][gc          ] GC(37) Concurrent weak roots 2.220ms
[61.928s][info][gc,start    ] GC(37) Concurrent cleanup
[61.928s][info][gc          ] GC(37) Concurrent cleanup 755M->281M(4096M) 0.066ms
[61.928s][info][gc,ergo     ] GC(37) Free: 3610M, Max: 2048K regular, 2968M humongous, Frag: 18% external, 0% internal; Reserve: 204M, Max: 2048K
[61.928s][info][gc,start    ] GC(37) Concurrent class unloading
[61.928s][info][gc,task     ] GC(37) Using 1 of 3 workers for concurrent class unloading
[61.939s][info][gc          ] GC(37) Concurrent class unloading 11.036ms
[61.939s][info][gc,start    ] GC(37) Concurrent strong roots
[61.939s][info][gc,task     ] GC(37) Using 1 of 3 workers for concurrent strong root
[61.939s][info][gc          ] GC(37) Concurrent strong roots 0.172ms
[61.939s][info][gc,start    ] GC(37) Concurrent evacuation
[61.939s][info][gc,task     ] GC(37) Using 1 of 3 workers for concurrent evacuation
[61.957s][info][gc          ] GC(37) Concurrent evacuation 17.854ms
[61.957s][info][gc,start    ] GC(37) Pause Init Update Refs
[61.957s][info][gc,ergo     ] GC(37) Pacer for Update Refs. Used: 299M, Free: 3610M, Non-Taxable: 361M, Alloc Tax Rate: 1.1x
[61.957s][info][gc          ] GC(37) Pause Init Update Refs 0.104ms
[61.957s][info][gc,start    ] GC(37) Concurrent update references
[61.957s][info][gc,task     ] GC(37) Using 1 of 3 workers for concurrent reference update
[61.993s][info][gc          ] GC(37) Concurrent update references 35.246ms
[61.993s][info][gc,start    ] GC(37) Concurrent update thread roots
[61.993s][info][gc          ] GC(37) Concurrent update thread roots 0.592ms
[61.993s][info][gc,start    ] GC(37) Pause Final Update Refs
[61.993s][info][gc,task     ] GC(37) Using 3 of 3 workers for final reference update
[61.994s][info][gc          ] GC(37) Pause Final Update Refs 0.116ms
[61.994s][info][gc,start    ] GC(37) Concurrent cleanup
[61.994s][info][gc          ] GC(37) Concurrent cleanup 299M->49M(4096M) 0.039ms
[61.994s][info][gc,ergo     ] Free: 3840M, Max: 2048K regular, 3154M humongous, Frag: 18% external, 0% internal; Reserve: 206M, Max: 2048K
[61.994s][info][gc,stats    ] 
[61.994s][info][gc,stats    ] All times are wall-clock times, except per-root-class counters, that are sum over
[61.994s][info][gc,stats    ] all workers. Dividing the <total> over the root stage time estimates parallelism.
[61.994s][info][gc,stats    ] 
[61.994s][info][gc,stats    ] Concurrent Reset                    481 us
[61.994s][info][gc,stats    ] Pause Init Mark (G)                 253 us
[61.994s][info][gc,stats    ] Pause Init Mark (N)                 178 us
[61.994s][info][gc,stats    ]   Update Region States               36 us
[61.994s][info][gc,stats    ] Concurrent Mark Roots               426 us, parallelism: 0.76x
[61.994s][info][gc,stats    ]   CMR: <total>                      322 us
[61.994s][info][gc,stats    ]   CMR: Thread Roots                 215 us, workers (us): 215, ---, ---, 
[61.994s][info][gc,stats    ]   CMR: VM Strong Roots                8 us, workers (us):   8, ---, ---, 
[61.994s][info][gc,stats    ]   CMR: CLDG Roots                   100 us, workers (us): 100, ---, ---, 
[61.994s][info][gc,stats    ] Concurrent Marking                65066 us
[61.994s][info][gc,stats    ] Pause Final Mark (G)                455 us
[61.994s][info][gc,stats    ] Pause Final Mark (N)                411 us
[61.994s][info][gc,stats    ]   Finish Mark                        94 us
[61.994s][info][gc,stats    ]   Update Region States               82 us
[61.994s][info][gc,stats    ]   Choose Collection Set             102 us
[61.994s][info][gc,stats    ]   Rebuild Free Set                   17 us
[61.994s][info][gc,stats    ] Concurrent Thread Roots             398 us, parallelism: 0.81x
[61.994s][info][gc,stats    ]   CTR: <total>                      322 us
[61.994s][info][gc,stats    ]   CTR: Thread Roots                 322 us, workers (us): 322, ---, ---, 
[61.994s][info][gc,stats    ] Concurrent Weak References         3254 us, parallelism: 0.94x
[61.994s][info][gc,stats    ]   CWRF: <total>                    3045 us
[61.994s][info][gc,stats    ]   CWRF: Weak References            3045 us, workers (us): 3045, ---, ---, 
[61.994s][info][gc,stats    ] Concurrent Weak Roots              2276 us
[61.994s][info][gc,stats    ]   Roots                            2078 us, parallelism: 0.96x
[61.994s][info][gc,stats    ]     CWR: <total>                   2004 us
[61.994s][info][gc,stats    ]     CWR: Code Cache Roots          1638 us, workers (us): 1638, ---, ---, 
[61.994s][info][gc,stats    ]     CWR: VM Weak Roots              353 us, workers (us): 353, ---, ---, 
[61.994s][info][gc,stats    ]     CWR: CLDG Roots                  13 us, workers (us):  13, ---, ---, 
[61.994s][info][gc,stats    ]   Rendezvous                        102 us
[61.994s][info][gc,stats    ] Concurrent Cleanup                   84 us
[61.994s][info][gc,stats    ] Concurrent Class Unloading        11100 us
[61.994s][info][gc,stats    ]   Unlink Stale                    10439 us
[61.994s][info][gc,stats    ]     System Dictionary                17 us
[61.994s][info][gc,stats    ]     Weak Class Links                  0 us
[61.994s][info][gc,stats    ]     Code Roots                    10419 us
[61.994s][info][gc,stats    ]   Rendezvous                        137 us
[61.994s][info][gc,stats    ]   Purge Unlinked                    423 us
[61.994s][info][gc,stats    ]     Code Roots                      416 us
[61.994s][info][gc,stats    ]     CLDG                              7 us
[61.994s][info][gc,stats    ]     Exception Caches                  0 us
[61.994s][info][gc,stats    ] Concurrent Strong Roots             192 us, parallelism: 0.45x
[61.994s][info][gc,stats    ]   CSR: <total>                       86 us
[61.994s][info][gc,stats    ]   CSR: VM Strong Roots                4 us, workers (us):   4, ---, ---, 
[61.994s][info][gc,stats    ]   CSR: CLDG Roots                    82 us, workers (us):  82, ---, ---, 
[61.994s][info][gc,stats    ] Concurrent Evacuation             17921 us
[61.994s][info][gc,stats    ] Pause Init Update Refs (G)          239 us
[61.994s][info][gc,stats    ] Pause Init Update Refs (N)          126 us
[61.994s][info][gc,stats    ]   Manage GCLABs                       5 us
[61.994s][info][gc,stats    ] Concurrent Update Refs            35329 us
[61.994s][info][gc,stats    ] Concurrent Update Thread Roots      652 us
[61.994s][info][gc,stats    ] Pause Final Update Refs (G)         239 us
[61.994s][info][gc,stats    ] Pause Final Update Refs (N)         155 us
[61.994s][info][gc,stats    ]   Update Region States               57 us
[61.994s][info][gc,stats    ]   Trash Collection Set                7 us
[61.994s][info][gc,stats    ]   Rebuild Free Set                   15 us
[61.994s][info][gc,stats    ] Concurrent Cleanup                   61 us
[61.994s][info][gc,stats    ] 
[61.994s][info][gc,stats    ] Allocation pacing accrued:
[61.994s][info][gc,stats    ]       0 of  1216 ms (  0.0%): <total>
[61.994s][info][gc,stats    ]       0 of  1216 ms (  0.0%): <average total>
[61.994s][info][gc,stats    ] 
[61.994s][info][gc,metaspace] Metaspace: 35776K(36544K)->35776K(36544K) NonClass: 29250K(29824K)->29250K(29824K) Class: 6526K(6720K)->6526K(6720K)
[61.994s][info][gc,ergo     ] Pacer for Idle. Initial: 83886K, Alloc Tax Rate: 1.0x
[62.929s][info][gc          ] Trigger: Learning 2 of 5. Free (2844M) is below initial threshold (2867M)
[62.929s][info][gc,ergo     ] Free: 2844M, Max: 2048K regular, 2844M humongous, Frag: 0% external, 0% internal; Reserve: 206M, Max: 2048K
[62.929s][info][gc,start    ] GC(38) Concurrent reset
[62.929s][info][gc,task     ] GC(38) Using 1 of 3 workers for concurrent reset
[62.929s][info][gc,ergo     ] GC(38) Pacer for Reset. Non-Taxable: 4096M
[62.931s][info][gc          ] GC(38) Concurrent reset 1.477ms
[62.931s][info][gc,start    ] GC(38) Pause Init Mark (unload classes)
[62.931s][info][gc,task     ] GC(38) Using 3 of 3 workers for init marking
[62.931s][info][gc,ergo     ] GC(38) Pacer for Mark. Expected Live: 37437K, Free: 2840M, Non-Taxable: 284M, Alloc Tax Rate: 0.0x
[62.931s][info][gc          ] GC(38) Pause Init Mark (unload classes) 0.175ms
[62.931s][info][gc,start    ] GC(38) Concurrent marking roots
[62.931s][info][gc,task     ] GC(38) Using 1 of 3 workers for concurrent marking roots
[62.933s][info][gc          ] GC(38) Concurrent marking roots 1.453ms
[62.933s][info][gc,start    ] GC(38) Concurrent marking (unload classes)
[62.933s][info][gc,task     ] GC(38) Using 1 of 3 workers for concurrent marking
[62.962s][info][gc          ] GC(38) Concurrent marking (unload classes) 29.686ms
[62.962s][info][gc,start    ] GC(38) Pause Final Mark (unload classes)
[62.962s][info][gc,task     ] GC(38) Using 3 of 3 workers for final marking
[62.963s][info][gc,ergo     ] GC(38) Collectable Garbage: 972M (94%), Immediate: 972M (94%), CSet: 0B (0%)
[62.963s][info][gc          ] GC(38) Pause Final Mark (unload classes) 0.340ms
[62.963s][info][gc,start    ] GC(38) Concurrent weak references
[62.963s][info][gc,task     ] GC(38) Using 1 of 3 workers for concurrent weak references
[62.963s][info][gc,ref      ] GC(38) Encountered references: Soft: 3092, Weak: 7656, Final: 34, Phantom: 90
[62.963s][info][gc,ref      ] GC(38) Discovered  references: Soft: 0, Weak: 2696, Final: 4, Phantom: 58
[62.963s][info][gc,ref      ] GC(38) Enqueued    references: Soft: 0, Weak: 7, Final: 3, Phantom: 0
[62.963s][info][gc          ] GC(38) Concurrent weak references 0.357ms
[62.963s][info][gc,start    ] GC(38) Concurrent weak roots
[62.963s][info][gc,task     ] GC(38) Using 1 of 3 workers for concurrent weak root
[62.965s][info][gc          ] GC(38) Concurrent weak roots 2.177ms
[62.965s][info][gc,start    ] GC(38) Concurrent cleanup
[62.966s][info][gc          ] GC(38) Concurrent cleanup 1069M->97M(4096M) 0.081ms
[62.966s][info][gc,ergo     ] GC(38) Free: 3792M, Max: 2048K regular, 2830M humongous, Frag: 26% external, 0% internal; Reserve: 206M, Max: 2048K
[62.966s][info][gc,start    ] GC(38) Concurrent class unloading
[62.966s][info][gc,task     ] GC(38) Using 1 of 3 workers for concurrent class unloading
[62.982s][info][gc          ] GC(38) Concurrent class unloading 16.099ms
[62.982s][info][gc,start    ] GC(38) Pause Final Roots
[62.982s][info][gc          ] GC(38) Pause Final Roots 0.040ms
[62.982s][info][gc,ergo     ] Free: 3770M, Max: 2048K regular, 2830M humongous, Frag: 25% external, 0% internal; Reserve: 206M, Max: 2048K
[62.982s][info][gc,stats    ] 
[62.982s][info][gc,stats    ] All times are wall-clock times, except per-root-class counters, that are sum over
[62.982s][info][gc,stats    ] all workers. Dividing the <total> over the root stage time estimates parallelism.
[62.982s][info][gc,stats    ] 
[62.982s][info][gc,stats    ] Concurrent Reset                   1533 us
[62.982s][info][gc,stats    ] Pause Init Mark (G)                 376 us
[62.982s][info][gc,stats    ] Pause Init Mark (N)                 192 us
[62.982s][info][gc,stats    ]   Update Region States               67 us
[62.982s][info][gc,stats    ] Concurrent Mark Roots              1492 us, parallelism: 0.87x
[62.982s][info][gc,stats    ]   CMR: <total>                     1293 us
[62.982s][info][gc,stats    ]   CMR: Thread Roots                1202 us, workers (us): 1202, ---, ---, 
[62.982s][info][gc,stats    ]   CMR: VM Strong Roots                6 us, workers (us):   6, ---, ---, 
[62.982s][info][gc,stats    ]   CMR: CLDG Roots                    86 us, workers (us):  86, ---, ---, 
[62.982s][info][gc,stats    ] Concurrent Marking                29747 us
[62.982s][info][gc,stats    ] Pause Final Mark (G)                471 us
[62.982s][info][gc,stats    ] Pause Final Mark (N)                359 us
[62.982s][info][gc,stats    ]   Finish Mark                       103 us
[62.982s][info][gc,stats    ]   Update Region States               90 us
[62.982s][info][gc,stats    ]   Choose Collection Set              65 us
[62.982s][info][gc,stats    ]   Rebuild Free Set                   17 us
[62.982s][info][gc,stats    ] Concurrent Weak References          374 us, parallelism: 0.39x
[62.982s][info][gc,stats    ]   CWRF: <total>                     147 us
[62.982s][info][gc,stats    ]   CWRF: Weak References             147 us, workers (us): 147, ---, ---, 
[62.982s][info][gc,stats    ] Concurrent Weak Roots              2247 us
[62.982s][info][gc,stats    ]   Roots                            2080 us, parallelism: 0.95x
[62.982s][info][gc,stats    ]     CWR: <total>                   1986 us
[62.982s][info][gc,stats    ]     CWR: Code Cache Roots          1660 us, workers (us): 1660, ---, ---, 
[62.982s][info][gc,stats    ]     CWR: VM Weak Roots              314 us, workers (us): 314, ---, ---, 
[62.982s][info][gc,stats    ]     CWR: CLDG Roots                  12 us, workers (us):  12, ---, ---, 
[62.982s][info][gc,stats    ]   Rendezvous                         58 us
[62.982s][info][gc,stats    ] Concurrent Cleanup                  100 us
[62.982s][info][gc,stats    ] Concurrent Class Unloading        16152 us
[62.982s][info][gc,stats    ]   Unlink Stale                    15594 us
[62.982s][info][gc,stats    ]     System Dictionary               157 us
[62.982s][info][gc,stats    ]     Weak Class Links               4691 us
[62.982s][info][gc,stats    ]     Code Roots                    10743 us
[62.982s][info][gc,stats    ]   Rendezvous                         87 us
[62.982s][info][gc,stats    ]   Purge Unlinked                    377 us
[62.982s][info][gc,stats    ]     Code Roots                      337 us
[62.982s][info][gc,stats    ]     CLDG                             40 us
[62.982s][info][gc,stats    ]     Exception Caches                  0 us
[62.982s][info][gc,stats    ] Pause Final Roots (G)               130 us
[62.982s][info][gc,stats    ] Pause Final Roots (N)                50 us
[62.982s][info][gc,stats    ] Pacing                            34183 us
[62.982s][info][gc,stats    ] 
[62.982s][info][gc,stats    ] Allocation pacing accrued:
[62.982s][info][gc,stats    ]      34 of   988 ms (  3.5%): MainThread
[62.982s][info][gc,stats    ]      34 of   988 ms (  3.5%): <total>
[62.982s][info][gc,stats    ]       3 of   988 ms (  0.3%): <average total>
[62.982s][info][gc,stats    ]      34 of   988 ms (  3.5%): <average non-zero>
[62.982s][info][gc,stats    ] 
[62.982s][info][gc,metaspace] Metaspace: 35843K(36608K)->35800K(36608K) NonClass: 29316K(29888K)->29274K(29888K) Class: 6527K(6720K)->6526K(6720K)
[62.982s][info][gc,ergo     ] Pacer for Idle. Initial: 83886K, Alloc Tax Rate: 1.0x
[64.405s][info][gc          ] Trigger: Learning 3 of 5. Free (2840M) is below initial threshold (2867M)
[64.405s][info][gc,ergo     ] Free: 2840M, Max: 2048K regular, 2830M humongous, Frag: 1% external, 0% internal; Reserve: 206M, Max: 2048K
[64.405s][info][gc,start    ] GC(39) Concurrent reset
[64.405s][info][gc,task     ] GC(39) Using 1 of 3 workers for concurrent reset
[64.405s][info][gc,ergo     ] GC(39) Pacer for Reset. Non-Taxable: 4096M
[64.405s][info][gc          ] GC(39) Concurrent reset 0.394ms
[64.405s][info][gc,start    ] GC(39) Pause Init Mark (unload classes)
[64.405s][info][gc,task     ] GC(39) Using 3 of 3 workers for init marking
[64.405s][info][gc,ergo     ] GC(39) Pacer for Mark. Expected Live: 34003K, Free: 2840M, Non-Taxable: 284M, Alloc Tax Rate: 0.0x
[64.405s][info][gc          ] GC(39) Pause Init Mark (unload classes) 0.098ms
[64.405s][info][gc,start    ] GC(39) Concurrent marking roots
[64.405s][info][gc,task     ] GC(39) Using 1 of 3 workers for concurrent marking roots
[64.406s][info][gc          ] GC(39) Concurrent marking roots 0.852ms
[64.406s][info][gc,start    ] GC(39) Concurrent marking (unload classes)
[64.406s][info][gc,task     ] GC(39) Using 1 of 3 workers for concurrent marking
[64.474s][info][gc          ] GC(39) Concurrent marking (unload classes) 67.402ms
[64.474s][info][gc,start    ] GC(39) Pause Final Mark (unload classes)
[64.474s][info][gc,task     ] GC(39) Using 3 of 3 workers for final marking
[64.474s][info][gc,ergo     ] GC(39) Adaptive CSet Selection. Target Free: 580M, Actual Free: 3686M, Max CSet: 170M, Min Garbage: 0B
[64.474s][info][gc,ergo     ] GC(39) Collectable Garbage: 1004M (99%), Immediate: 754M (74%), CSet: 250M (24%)
[64.474s][info][gc,ergo     ] GC(39) Pacer for Evacuation. Used CSet: 268M, Free: 3480M, Non-Taxable: 348M, Alloc Tax Rate: 1.1x
[64.474s][info][gc          ] GC(39) Pause Final Mark (unload classes) 0.243ms
[64.474s][info][gc,start    ] GC(39) Concurrent thread roots
[64.474s][info][gc,task     ] GC(39) Using 1 of 3 workers for Concurrent thread roots
[64.475s][info][gc          ] GC(39) Concurrent thread roots 0.744ms
[64.475s][info][gc,start    ] GC(39) Concurrent weak references
[64.475s][info][gc,task     ] GC(39) Using 1 of 3 workers for concurrent weak references
[64.478s][info][gc,ref      ] GC(39) Encountered references: Soft: 3098, Weak: 7644, Final: 25031, Phantom: 90
[64.478s][info][gc,ref      ] GC(39) Discovered  references: Soft: 0, Weak: 863, Final: 25001, Phantom: 55
[64.478s][info][gc,ref      ] GC(39) Enqueued    references: Soft: 0, Weak: 0, Final: 25000, Phantom: 0
[64.478s][info][gc          ] GC(39) Concurrent weak references 3.315ms
[64.478s][info][gc,start    ] GC(39) Concurrent weak roots
[64.478s][info][gc,task     ] GC(39) Using 1 of 3 workers for concurrent weak root
[64.481s][info][gc          ] GC(39) Concurrent weak roots 2.662ms
[64.481s][info][gc,start    ] GC(39) Concurrent cleanup
[64.481s][info][gc          ] GC(39) Concurrent cleanup 1175M->421M(4096M) 0.045ms
[64.481s][info][gc,ergo     ] GC(39) Free: 3470M, Max: 2048K regular, 2716M humongous, Frag: 22% external, 0% internal; Reserve: 204M, Max: 2048K
[64.481s][info][gc,start    ] GC(39) Concurrent class unloading
[64.481s][info][gc,task     ] GC(39) Using 1 of 3 workers for concurrent class unloading
[64.492s][info][gc          ] GC(39) Concurrent class unloading 11.101ms
[64.492s][info][gc,start    ] GC(39) Concurrent strong roots
[64.492s][info][gc,task     ] GC(39) Using 1 of 3 workers for concurrent strong root
[64.492s][info][gc          ] GC(39) Concurrent strong roots 0.166ms
[64.492s][info][gc,start    ] GC(39) Concurrent evacuation
[64.492s][info][gc,task     ] GC(39) Using 1 of 3 workers for concurrent evacuation
[64.512s][info][gc          ] GC(39) Concurrent evacuation 19.837ms
[64.512s][info][gc,start    ] GC(39) Pause Init Update Refs
[64.512s][info][gc,ergo     ] GC(39) Pacer for Update Refs. Used: 441M, Free: 3468M, Non-Taxable: 346M, Alloc Tax Rate: 1.1x
[64.512s][info][gc          ] GC(39) Pause Init Update Refs 0.034ms
[64.512s][info][gc,start    ] GC(39) Concurrent update references
[64.512s][info][gc,task     ] GC(39) Using 1 of 3 workers for concurrent reference update
[64.576s][info][gc          ] GC(39) Concurrent update references 63.497ms
[64.576s][info][gc,start    ] GC(39) Concurrent update thread roots
[64.577s][info][gc          ] GC(39) Concurrent update thread roots 0.870ms
[64.577s][info][gc,start    ] GC(39) Pause Final Update Refs
[64.577s][info][gc,task     ] GC(39) Using 3 of 3 workers for final reference update
[64.577s][info][gc          ] GC(39) Pause Final Update Refs 0.092ms
[64.577s][info][gc,start    ] GC(39) Concurrent cleanup
[64.577s][info][gc          ] GC(39) Concurrent cleanup 481M->215M(4096M) 0.060ms
[64.577s][info][gc,ergo     ] Free: 3674M, Max: 2048K regular, 2706M humongous, Frag: 27% external, 0% internal; Reserve: 206M, Max: 2048K
[64.577s][info][gc,stats    ] 
[64.577s][info][gc,stats    ] All times are wall-clock times, except per-root-class counters, that are sum over
[64.577s][info][gc,stats    ] all workers. Dividing the <total> over the root stage time estimates parallelism.
[64.577s][info][gc,stats    ] 
[64.577s][info][gc,stats    ] Concurrent Reset                    444 us
[64.577s][info][gc,stats    ] Pause Init Mark (G)                 228 us
[64.577s][info][gc,stats    ] Pause Init Mark (N)                 108 us
[64.577s][info][gc,stats    ]   Update Region States               35 us
[64.577s][info][gc,stats    ] Concurrent Mark Roots               875 us, parallelism: 0.85x
[64.577s][info][gc,stats    ]   CMR: <total>                      745 us
[64.577s][info][gc,stats    ]   CMR: Thread Roots                 677 us, workers (us): 677, ---, ---, 
[64.577s][info][gc,stats    ]   CMR: VM Strong Roots                5 us, workers (us):   5, ---, ---, 
[64.577s][info][gc,stats    ]   CMR: CLDG Roots                    63 us, workers (us):  63, ---, ---, 
[64.577s][info][gc,stats    ] Concurrent Marking                67444 us
[64.577s][info][gc,stats    ] Pause Final Mark (G)                311 us
[64.577s][info][gc,stats    ] Pause Final Mark (N)                251 us
[64.577s][info][gc,stats    ]   Finish Mark                        81 us
[64.577s][info][gc,stats    ]   Update Region States               42 us
[64.577s][info][gc,stats    ]   Choose Collection Set              55 us
[64.577s][info][gc,stats    ]   Rebuild Free Set                    8 us
[64.577s][info][gc,stats    ] Concurrent Thread Roots             766 us, parallelism: 0.88x
[64.577s][info][gc,stats    ]   CTR: <total>                      676 us
[64.577s][info][gc,stats    ]   CTR: Thread Roots                 676 us, workers (us): 676, ---, ---, 
[64.577s][info][gc,stats    ] Concurrent Weak References         3325 us, parallelism: 0.95x
[64.577s][info][gc,stats    ]   CWRF: <total>                    3159 us
[64.577s][info][gc,stats    ]   CWRF: Weak References            3159 us, workers (us): 3159, ---, ---, 
[64.577s][info][gc,stats    ] Concurrent Weak Roots              2729 us
[64.577s][info][gc,stats    ]   Roots                            2553 us, parallelism: 0.97x
[64.577s][info][gc,stats    ]     CWR: <total>                   2486 us
[64.577s][info][gc,stats    ]     CWR: Code Cache Roots          2091 us, workers (us): 2091, ---, ---, 
[64.577s][info][gc,stats    ]     CWR: VM Weak Roots              380 us, workers (us): 380, ---, ---, 
[64.577s][info][gc,stats    ]     CWR: CLDG Roots                  15 us, workers (us):  15, ---, ---, 
[64.577s][info][gc,stats    ]   Rendezvous                         88 us
[64.577s][info][gc,stats    ] Concurrent Cleanup                   54 us
[64.577s][info][gc,stats    ] Concurrent Class Unloading        11143 us
[64.577s][info][gc,stats    ]   Unlink Stale                    10714 us
[64.577s][info][gc,stats    ]     System Dictionary                17 us
[64.577s][info][gc,stats    ]     Weak Class Links                  1 us
[64.577s][info][gc,stats    ]     Code Roots                    10696 us
[64.577s][info][gc,stats    ]   Rendezvous                         82 us
[64.577s][info][gc,stats    ]   Purge Unlinked                    285 us
[64.577s][info][gc,stats    ]     Code Roots                      280 us
[64.577s][info][gc,stats    ]     CLDG                              4 us
[64.577s][info][gc,stats    ]     Exception Caches                  0 us
[64.577s][info][gc,stats    ] Concurrent Strong Roots             184 us, parallelism: 0.47x
[64.577s][info][gc,stats    ]   CSR: <total>                       87 us
[64.577s][info][gc,stats    ]   CSR: VM Strong Roots                4 us, workers (us):   4, ---, ---, 
[64.577s][info][gc,stats    ]   CSR: CLDG Roots                    82 us, workers (us):  82, ---, ---, 
[64.577s][info][gc,stats    ] Concurrent Evacuation             19880 us
[64.577s][info][gc,stats    ] Pause Init Update Refs (G)          121 us
[64.577s][info][gc,stats    ] Pause Init Update Refs (N)           42 us
[64.577s][info][gc,stats    ]   Manage GCLABs                       3 us
[64.577s][info][gc,stats    ] Concurrent Update Refs            63556 us
[64.577s][info][gc,stats    ] Concurrent Update Thread Roots      915 us
[64.577s][info][gc,stats    ] Pause Final Update Refs (G)         184 us
[64.577s][info][gc,stats    ] Pause Final Update Refs (N)         104 us
[64.577s][info][gc,stats    ]   Update Region States               46 us
[64.577s][info][gc,stats    ]   Trash Collection Set                3 us
[64.577s][info][gc,stats    ]   Rebuild Free Set                    8 us
[64.577s][info][gc,stats    ] Concurrent Cleanup                   71 us
[64.577s][info][gc,stats    ] 
[64.577s][info][gc,stats    ] Allocation pacing accrued:
[64.577s][info][gc,stats    ]       0 of  1595 ms (  0.0%): <total>
[64.577s][info][gc,stats    ]       0 of  1595 ms (  0.0%): <average total>
[64.577s][info][gc,stats    ] 
[64.578s][info][gc,metaspace] Metaspace: 35801K(36608K)->35801K(36608K) NonClass: 29275K(29888K)->29275K(29888K) Class: 6526K(6720K)->6526K(6720K)
[64.578s][info][gc,ergo     ] Pacer for Idle. Initial: 83886K, Alloc Tax Rate: 1.0x
[65.509s][info][gc          ] Trigger: Learning 4 of 5. Free (2866M) is below initial threshold (2867M)
[65.509s][info][gc,ergo     ] Free: 2866M, Max: 2048K regular, 2706M humongous, Frag: 6% external, 0% internal; Reserve: 206M, Max: 2048K
[65.509s][info][gc,start    ] GC(40) Concurrent reset
[65.509s][info][gc,task     ] GC(40) Using 1 of 3 workers for concurrent reset
[65.509s][info][gc,ergo     ] GC(40) Pacer for Reset. Non-Taxable: 4096M
[65.511s][info][gc          ] GC(40) Concurrent reset 1.524ms
[65.511s][info][gc,start    ] GC(40) Pause Init Mark (unload classes)
[65.511s][info][gc,task     ] GC(40) Using 3 of 3 workers for init marking
[65.511s][info][gc,ergo     ] GC(40) Pacer for Mark. Expected Live: 37442K, Free: 2866M, Non-Taxable: 286M, Alloc Tax Rate: 0.0x
[65.511s][info][gc          ] GC(40) Pause Init Mark (unload classes) 0.175ms
[65.511s][info][gc,start    ] GC(40) Concurrent marking roots
[65.511s][info][gc,task     ] GC(40) Using 1 of 3 workers for concurrent marking roots
[65.513s][info][gc          ] GC(40) Concurrent marking roots 1.256ms
[65.513s][info][gc,start    ] GC(40) Concurrent marking (unload classes)
[65.513s][info][gc,task     ] GC(40) Using 1 of 3 workers for concurrent marking
[65.543s][info][gc          ] GC(40) Concurrent marking (unload classes) 30.301ms
[65.543s][info][gc,start    ] GC(40) Pause Final Mark (unload classes)
[65.543s][info][gc,task     ] GC(40) Using 3 of 3 workers for final marking
[65.543s][info][gc,ergo     ] GC(40) Collectable Garbage: 933M (93%), Immediate: 933M (93%), CSet: 0B (0%)
[65.543s][info][gc          ] GC(40) Pause Final Mark (unload classes) 0.207ms
[65.543s][info][gc,start    ] GC(40) Concurrent weak references
[65.543s][info][gc,task     ] GC(40) Using 1 of 3 workers for concurrent weak references
[65.543s][info][gc,ref      ] GC(40) Encountered references: Soft: 3098, Weak: 7657, Final: 31, Phantom: 90
[65.543s][info][gc,ref      ] GC(40) Discovered  references: Soft: 0, Weak: 663, Final: 1, Phantom: 55
[65.543s][info][gc,ref      ] GC(40) Enqueued    references: Soft: 0, Weak: 7, Final: 0, Phantom: 0
[65.543s][info][gc          ] GC(40) Concurrent weak references 0.190ms
[65.543s][info][gc,start    ] GC(40) Concurrent weak roots
[65.543s][info][gc,task     ] GC(40) Using 1 of 3 workers for concurrent weak root
[65.546s][info][gc          ] GC(40) Concurrent weak roots 2.137ms
[65.546s][info][gc,start    ] GC(40) Concurrent cleanup
[65.546s][info][gc          ] GC(40) Concurrent cleanup 1041M->107M(4096M) 0.080ms
[65.546s][info][gc,ergo     ] GC(40) Free: 3782M, Max: 2048K regular, 2978M humongous, Frag: 22% external, 0% internal; Reserve: 206M, Max: 2048K
[65.546s][info][gc,start    ] GC(40) Concurrent class unloading
[65.546s][info][gc,task     ] GC(40) Using 1 of 3 workers for concurrent class unloading
[65.557s][info][gc          ] GC(40) Concurrent class unloading 10.733ms
[65.557s][info][gc,start    ] GC(40) Pause Final Roots
[65.557s][info][gc          ] GC(40) Pause Final Roots 0.036ms
[65.557s][info][gc,ergo     ] Free: 3774M, Max: 2048K regular, 2978M humongous, Frag: 22% external, 0% internal; Reserve: 206M, Max: 2048K
[65.557s][info][gc,stats    ] 
[65.557s][info][gc,stats    ] All times are wall-clock times, except per-root-class counters, that are sum over
[65.557s][info][gc,stats    ] all workers. Dividing the <total> over the root stage time estimates parallelism.
[65.557s][info][gc,stats    ] 
[65.557s][info][gc,stats    ] Concurrent Reset                   1577 us
[65.557s][info][gc,stats    ] Pause Init Mark (G)                 363 us
[65.557s][info][gc,stats    ] Pause Init Mark (N)                 185 us
[65.557s][info][gc,stats    ]   Update Region States               66 us
[65.557s][info][gc,stats    ] Concurrent Mark Roots              1277 us, parallelism: 0.90x
[65.557s][info][gc,stats    ]   CMR: <total>                     1147 us
[65.557s][info][gc,stats    ]   CMR: Thread Roots                1057 us, workers (us): 1057, ---, ---, 
[65.557s][info][gc,stats    ]   CMR: VM Strong Roots                5 us, workers (us):   5, ---, ---, 
[65.557s][info][gc,stats    ]   CMR: CLDG Roots                    85 us, workers (us):  85, ---, ---, 
[65.557s][info][gc,stats    ] Concurrent Marking                30379 us
[65.557s][info][gc,stats    ] Pause Final Mark (G)                310 us
[65.557s][info][gc,stats    ] Pause Final Mark (N)                216 us
[65.557s][info][gc,stats    ]   Finish Mark                        73 us
[65.557s][info][gc,stats    ]   Update Region States               29 us
[65.557s][info][gc,stats    ]   Choose Collection Set              34 us
[65.557s][info][gc,stats    ]   Rebuild Free Set                    8 us
[65.557s][info][gc,stats    ] Concurrent Weak References          198 us, parallelism: 0.21x
[65.557s][info][gc,stats    ]   CWRF: <total>                      42 us
[65.557s][info][gc,stats    ]   CWRF: Weak References              42 us, workers (us):  42, ---, ---, 
[65.557s][info][gc,stats    ] Concurrent Weak Roots              2199 us
[65.557s][info][gc,stats    ]   Roots                            2063 us, parallelism: 0.95x
[65.557s][info][gc,stats    ]     CWR: <total>                   1967 us
[65.557s][info][gc,stats    ]     CWR: Code Cache Roots          1644 us, workers (us): 1644, ---, ---, 
[65.557s][info][gc,stats    ]     CWR: VM Weak Roots              311 us, workers (us): 311, ---, ---, 
[65.557s][info][gc,stats    ]     CWR: CLDG Roots                  12 us, workers (us):  12, ---, ---, 
[65.557s][info][gc,stats    ]   Rendezvous                         53 us
[65.557s][info][gc,stats    ] Concurrent Cleanup                   99 us
[65.557s][info][gc,stats    ] Concurrent Class Unloading        10800 us
[65.557s][info][gc,stats    ]   Unlink Stale                    10337 us
[65.557s][info][gc,stats    ]     System Dictionary                16 us
[65.557s][info][gc,stats    ]     Weak Class Links                  0 us
[65.557s][info][gc,stats    ]     Code Roots                    10319 us
[65.557s][info][gc,stats    ]   Rendezvous                         49 us
[65.557s][info][gc,stats    ]   Purge Unlinked                    307 us
[65.557s][info][gc,stats    ]     Code Roots                      296 us
[65.557s][info][gc,stats    ]     CLDG                             11 us
[65.557s][info][gc,stats    ]     Exception Caches                  0 us
[65.557s][info][gc,stats    ] Pause Final Roots (G)               208 us
[65.557s][info][gc,stats    ] Pause Final Roots (N)                52 us
[65.557s][info][gc,stats    ] 
[65.557s][info][gc,stats    ] Allocation pacing accrued:
[65.557s][info][gc,stats    ]       0 of   980 ms (  0.0%): <total>
[65.557s][info][gc,stats    ]       0 of   980 ms (  0.0%): <average total>
[65.557s][info][gc,stats    ] 
[65.557s][info][gc,metaspace] Metaspace: 35802K(36608K)->35802K(36608K) NonClass: 29276K(29888K)->29276K(29888K) Class: 6526K(6720K)->6526K(6720K)
[65.557s][info][gc,ergo     ] Pacer for Idle. Initial: 83886K, Alloc Tax Rate: 1.0x
[66.383s][info][gc          ] Cancelling GC: Stopping VM
[66.397s][info][gc,heap,exit] Heap
[66.397s][info][gc,heap,exit] Shenandoah Heap
[66.397s][info][gc,heap,exit]  4096M max, 4096M soft max, 4096M committed, 773M used
[66.397s][info][gc,heap,exit]  2048 x 2048K regions
[66.397s][info][gc,heap,exit] Status: cancelled
[66.397s][info][gc,heap,exit] Reserved region:
[66.397s][info][gc,heap,exit]  - [0x0000000700000000, 0x0000000800000000) 
[66.397s][info][gc,heap,exit] Collection set:
[66.397s][info][gc,heap,exit]  - map (vanilla): 0x0000000000013800
[66.397s][info][gc,heap,exit]  - map (biased):  0x0000000000010000
[66.397s][info][gc,heap,exit] 
[66.397s][info][gc,heap,exit]  Metaspace       used 35845K, committed 36608K, reserved 1114112K
[66.397s][info][gc,heap,exit]   class space    used 6532K, committed 6720K, reserved 1048576K
[66.397s][info][gc,stats    ] 
[66.398s][info][gc,stats    ] GC STATISTICS:
[66.398s][info][gc,stats    ]   "(G)" (gross) pauses include VM time: time to notify and block threads, do the pre-
[66.398s][info][gc,stats    ]         and post-safepoint housekeeping. Use -Xlog:safepoint+stats to dissect.
[66.398s][info][gc,stats    ]   "(N)" (net) pauses are the times spent in the actual GC code.
[66.398s][info][gc,stats    ]   "a" is average time for each phase, look at levels to see if average makes sense.
[66.398s][info][gc,stats    ]   "lvls" are quantiles: 0% (minimum), 25%, 50% (median), 75%, 100% (maximum).
[66.398s][info][gc,stats    ] 
[66.398s][info][gc,stats    ]   All times are wall-clock times, except per-root-class counters, that are sum over
[66.398s][info][gc,stats    ]   all workers. Dividing the <total> over the root stage time estimates parallelism.
[66.398s][info][gc,stats    ] 
[66.398s][info][gc,stats    ]   Pacing delays are measured from entering the pacing code till exiting it. Therefore,
[66.398s][info][gc,stats    ]   observed pacing delays may be higher than the threshold when paced thread spent more
[66.398s][info][gc,stats    ]   time in the pacing code. It usually happens when thread is de-scheduled while paced,
[66.398s][info][gc,stats    ]   OS takes longer to unblock the thread, or JVM experiences an STW pause.
[66.398s][info][gc,stats    ] 
[66.398s][info][gc,stats    ]   Higher delay would prevent application outpacing the GC, but it will hide the GC latencies
[66.398s][info][gc,stats    ]   from the STW pause times. Pacing affects the individual threads, and so it would also be
[66.398s][info][gc,stats    ]   invisible to the usual profiling tools, but would add up to end-to-end application latency.
[66.398s][info][gc,stats    ]   Raise max pacing delay with care.
[66.398s][info][gc,stats    ] 
[66.398s][info][gc,stats    ] Concurrent Reset               =    0.046 s (a =     1121 us) (n =    41) (lvls, us =      387,      652,     1191,     1465,     2838)
[66.398s][info][gc,stats    ] Pause Init Mark (G)            =    0.014 s (a =      339 us) (n =    41) (lvls, us =      160,      262,      355,      373,      581)
[66.398s][info][gc,stats    ] Pause Init Mark (N)            =    0.007 s (a =      182 us) (n =    41) (lvls, us =       96,      135,      180,      205,      379)
[66.398s][info][gc,stats    ]   Update Region States         =    0.003 s (a =       69 us) (n =    41) (lvls, us =       35,       50,       66,       72,      217)
[66.398s][info][gc,stats    ] Concurrent Mark Roots          =    0.046 s (a =     1120 us) (n =    41) (lvls, us =      361,      842,     1211,     1387,     2381)
[66.398s][info][gc,stats    ]   CMR: <total>                 =    0.040 s (a =      982 us) (n =    41) (lvls, us =      240,      705,     1074,     1230,     2276)
[66.398s][info][gc,stats    ]   CMR: Thread Roots            =    0.037 s (a =      906 us) (n =    41) (lvls, us =      189,      391,     1016,     1172,     2198)
[66.398s][info][gc,stats    ]   CMR: VM Strong Roots         =    0.000 s (a =        7 us) (n =    41) (lvls, us =        3,        4,        5,        6,       60)
[66.398s][info][gc,stats    ]   CMR: CLDG Roots              =    0.003 s (a =       68 us) (n =    41) (lvls, us =       44,       47,       51,       84,      255)
[66.398s][info][gc,stats    ] Concurrent Marking             =    1.927 s (a =    46998 us) (n =    41) (lvls, us =    28906,    29688,    31250,    65430,    70730)
[66.398s][info][gc,stats    ] Pause Final Mark (G)           =    0.018 s (a =      451 us) (n =    41) (lvls, us =      223,      365,      430,      512,      741)
[66.398s][info][gc,stats    ] Pause Final Mark (N)           =    0.014 s (a =      348 us) (n =    41) (lvls, us =      176,      262,      326,      391,      606)
[66.398s][info][gc,stats    ]   Finish Mark                  =    0.004 s (a =       92 us) (n =    41) (lvls, us =       43,       73,       90,      102,      171)
[66.398s][info][gc,stats    ]   Update Region States         =    0.003 s (a =       69 us) (n =    41) (lvls, us =       29,       48,       65,       84,      207)
[66.398s][info][gc,stats    ]   Choose Collection Set        =    0.003 s (a =       77 us) (n =    41) (lvls, us =       33,       47,       64,      104,      152)
[66.398s][info][gc,stats    ]   Rebuild Free Set             =    0.001 s (a =       14 us) (n =    41) (lvls, us =        7,        8,       16,       17,       23)
[66.398s][info][gc,stats    ] Concurrent Thread Roots        =    0.018 s (a =      870 us) (n =    21) (lvls, us =      283,      385,      527,     1055,     2540)
[66.398s][info][gc,stats    ]   CTR: <total>                 =    0.016 s (a =      765 us) (n =    21) (lvls, us =      199,      268,      381,      975,     2420)
[66.398s][info][gc,stats    ]   CTR: Thread Roots            =    0.016 s (a =      765 us) (n =    21) (lvls, us =      199,      268,      381,      975,     2420)
[66.398s][info][gc,stats    ] Concurrent Weak References     =    0.068 s (a =     1647 us) (n =    41) (lvls, us =      143,      176,      373,     3223,     3721)
[66.398s][info][gc,stats    ]   CWRF: <total>                =    0.059 s (a =     1443 us) (n =    41) (lvls, us =       39,       43,      146,     2891,     3465)
[66.398s][info][gc,stats    ]   CWRF: Weak References        =    0.059 s (a =     1443 us) (n =    41) (lvls, us =       39,       43,      146,     2891,     3465)
[66.398s][info][gc,stats    ] Concurrent Weak Roots          =    0.095 s (a =     2317 us) (n =    41) (lvls, us =     1719,     1973,     2246,     2520,     3142)
[66.398s][info][gc,stats    ]   Roots                        =    0.088 s (a =     2135 us) (n =    41) (lvls, us =     1582,     1836,     2070,     2305,     2939)
[66.398s][info][gc,stats    ]     CWR: <total>               =    0.083 s (a =     2022 us) (n =    41) (lvls, us =     1484,     1797,     1953,     2148,     2871)
[66.398s][info][gc,stats    ]     CWR: Code Cache Roots      =    0.062 s (a =     1520 us) (n =    41) (lvls, us =      777,     1309,     1504,     1660,     2155)
[66.398s][info][gc,stats    ]     CWR: VM Weak Roots         =    0.020 s (a =      489 us) (n =    41) (lvls, us =      309,      314,      354,      678,     1783)
[66.398s][info][gc,stats    ]     CWR: CLDG Roots            =    0.001 s (a =       13 us) (n =    41) (lvls, us =        9,       12,       13,       14,       17)
[66.398s][info][gc,stats    ]   Rendezvous                   =    0.004 s (a =       89 us) (n =    41) (lvls, us =       32,       60,       82,      105,      289)
[66.398s][info][gc,stats    ] Concurrent Cleanup             =    0.003 s (a =       77 us) (n =    41) (lvls, us =       39,       54,       80,       98,      108)
[66.398s][info][gc,stats    ] Concurrent Class Unloading     =    0.409 s (a =     9971 us) (n =    41) (lvls, us =     6289,     7637,     9121,    11133,    19248)
[66.398s][info][gc,stats    ]   Unlink Stale                 =    0.387 s (a =     9430 us) (n =    41) (lvls, us =     5762,     7031,     8633,    10547,    18776)
[66.398s][info][gc,stats    ]     System Dictionary          =    0.002 s (a =       55 us) (n =    41) (lvls, us =       13,       15,       17,      109,      167)
[66.398s][info][gc,stats    ]     Weak Class Links           =    0.052 s (a =     1263 us) (n =    41) (lvls, us =        0,        0,        0,     2051,     5259)
[66.398s][info][gc,stats    ]     Code Roots                 =    0.333 s (a =     8110 us) (n =    41) (lvls, us =     3652,     6641,     7812,     8984,    13792)
[66.398s][info][gc,stats    ]   Rendezvous                   =    0.005 s (a =      114 us) (n =    41) (lvls, us =       49,       82,      105,      139,      226)
[66.398s][info][gc,stats    ]   Purge Unlinked               =    0.014 s (a =      331 us) (n =    41) (lvls, us =      211,      299,      326,      346,      511)
[66.398s][info][gc,stats    ]     Code Roots                 =    0.013 s (a =      309 us) (n =    41) (lvls, us =      191,      275,      303,      324,      504)
[66.398s][info][gc,stats    ]     CLDG                       =    0.001 s (a =       22 us) (n =    41) (lvls, us =        4,       11,       11,       28,      108)
[66.398s][info][gc,stats    ]     Exception Caches           =    0.000 s (a =        0 us) (n =    41) (lvls, us =        0,        0,        0,        0,        0)
[66.398s][info][gc,stats    ] Concurrent Strong Roots        =    0.006 s (a =      288 us) (n =    21) (lvls, us =      184,      213,      227,      270,      908)
[66.398s][info][gc,stats    ]   CSR: <total>                 =    0.003 s (a =      166 us) (n =    21) (lvls, us =       86,       88,      133,      137,      726)
[66.398s][info][gc,stats    ]   CSR: VM Strong Roots         =    0.000 s (a =        6 us) (n =    21) (lvls, us =        3,        4,        4,        6,       36)
[66.399s][info][gc,stats    ]   CSR: CLDG Roots              =    0.003 s (a =      160 us) (n =    21) (lvls, us =       81,       84,      127,      133,      690)
[66.399s][info][gc,stats    ] Concurrent Evacuation          =    0.398 s (a =    18930 us) (n =    21) (lvls, us =     4805,    18164,    19141,    19727,    23272)
[66.399s][info][gc,stats    ] Pause Final Roots (G)          =    0.003 s (a =      175 us) (n =    20) (lvls, us =      129,      143,      172,      189,      254)
[66.399s][info][gc,stats    ] Pause Final Roots (N)          =    0.001 s (a =       58 us) (n =    20) (lvls, us =       41,       49,       60,       60,       82)
[66.399s][info][gc,stats    ] Pause Init Update Refs (G)     =    0.006 s (a =      263 us) (n =    21) (lvls, us =      119,      238,      254,      293,      402)
[66.399s][info][gc,stats    ] Pause Init Update Refs (N)     =    0.002 s (a =      107 us) (n =    21) (lvls, us =       42,       89,      102,      129,      155)
[66.399s][info][gc,stats    ]   Manage GCLABs                =    0.000 s (a =        4 us) (n =    21) (lvls, us =        3,        3,        4,        5,        5)
[66.399s][info][gc,stats    ] Concurrent Update Refs         =    0.909 s (a =    43275 us) (n =    21) (lvls, us =    14844,    35156,    35547,    55078,    63556)
[66.399s][info][gc,stats    ] Concurrent Update Thread Roots =    0.017 s (a =      806 us) (n =    21) (lvls, us =      336,      615,      709,      783,     2617)
[66.399s][info][gc,stats    ] Pause Final Update Refs (G)    =    0.006 s (a =      294 us) (n =    21) (lvls, us =      184,      254,      289,      320,      368)
[66.399s][info][gc,stats    ] Pause Final Update Refs (N)    =    0.004 s (a =      207 us) (n =    21) (lvls, us =      104,      162,      205,      236,      256)
[66.399s][info][gc,stats    ]   Update Region States         =    0.002 s (a =       75 us) (n =    21) (lvls, us =       46,       57,       76,       86,      104)
[66.399s][info][gc,stats    ]   Trash Collection Set         =    0.000 s (a =        8 us) (n =    21) (lvls, us =        3,        6,        8,        9,       11)
[66.399s][info][gc,stats    ]   Rebuild Free Set             =    0.000 s (a =       20 us) (n =    21) (lvls, us =        8,       15,       21,       22,       27)
[66.399s][info][gc,stats    ] Concurrent Cleanup             =    0.001 s (a =       55 us) (n =    21) (lvls, us =       35,       46,       46,       60,      103)
[66.399s][info][gc,stats    ] Pacing                         =    0.036 s (a =      888 us) (n =    41) (lvls, us =        0,        0,        0,        0,    34183)
[66.399s][info][gc,stats    ] 
[66.399s][info][gc,stats    ] 
[66.399s][info][gc,stats    ] Under allocation pressure, concurrent cycles may cancel, and either continue cycle
[66.399s][info][gc,stats    ] under stop-the-world pause or result in stop-the-world Full GC. Increase heap size,
[66.399s][info][gc,stats    ] tune GC heuristics, set more aggressive pacing delay, or lower allocation rate
[66.399s][info][gc,stats    ] to avoid Degenerated and Full GC cycles.
[66.399s][info][gc,stats    ] 
[66.399s][info][gc,stats    ]    41 successful concurrent GCs
[66.399s][info][gc,stats    ]      10 invoked explicitly
[66.399s][info][gc,stats    ]       0 invoked implicitly
[66.399s][info][gc,stats    ] 
[66.399s][info][gc,stats    ]     0 Degenerated GCs
[66.399s][info][gc,stats    ]       0 caused by allocation failure
[66.399s][info][gc,stats    ]       0 upgraded to Full GC
[66.399s][info][gc,stats    ] 
[66.399s][info][gc,stats    ]     0 Full GCs
[66.399s][info][gc,stats    ]       0 invoked explicitly
[66.399s][info][gc,stats    ]       0 invoked implicitly
[66.399s][info][gc,stats    ]       0 caused by allocation failure
[66.399s][info][gc,stats    ]       0 upgraded from Degenerated GC
[66.399s][info][gc,stats    ] 
[66.399s][info][gc,stats    ] 
